[0.004s][info][gc] Using Parallel
[0.006s][info][gc,init] Version: 17.0.6+10-LTS (release)
[0.006s][info][gc,init] CPUs: 4 total, 4 available
[0.006s][info][gc,init] Memory: 16009M
[0.006s][info][gc,init] Large Page Support: Disabled
[0.006s][info][gc,init] NUMA Support: Disabled
[0.006s][info][gc,init] Compressed Oops: Enabled (Zero based)
[0.006s][info][gc,init] Alignments: Space 512K, Generation 512K, Heap 2M
[0.006s][info][gc,init] Heap Min Capacity: 2054M
[0.006s][info][gc,init] Heap Initial Capacity: 2054M
[0.006s][info][gc,init] Heap Max Capacity: 3G
[0.006s][info][gc,init] Pre-touch: Disabled
[0.006s][info][gc,init] Parallel Workers: 4
[0.006s][info][gc,metaspace] CDS archive(s) mapped at: [0x0000000800000000-0x0000000800be1000-0x0000000800be1000), size 12455936, SharedBaseAddress: 0x0000000800000000, ArchiveRelocationMode: 0.
[0.006s][info][gc,metaspace] Compressed class space mapped at: 0x0000000800c00000-0x0000000840c00000, reserved size: 1073741824
[0.006s][info][gc,metaspace] Narrow klass base: 0x0000000800000000, Narrow klass shift: 0, Narrow klass range: 0x100000000
[0.832s][info][safepoint   ] Safepoint "ICBufferFull", Time since last: 819312992 ns, Reaching safepoint: 172105 ns, At safepoint: 2700 ns, Total: 174805 ns
[1.184s][info][safepoint   ] Safepoint "ICBufferFull", Time since last: 352092288 ns, Reaching safepoint: 320710 ns, At safepoint: 20100 ns, Total: 340810 ns
[1.787s][info][safepoint   ] Safepoint "ICBufferFull", Time since last: 603193297 ns, Reaching safepoint: 188806 ns, At safepoint: 14700 ns, Total: 203506 ns
[1.826s][info][gc,start    ] GC(0) Pause Young (Metadata GC Threshold)
[1.841s][debug][gc,phases   ] GC(0) Scavenge 15.055ms
[1.841s][debug][gc,ref      ] GC(0) Skipped phase 1 of Reference Processing: no references
[1.841s][debug][gc,ref      ] GC(0) ReferenceProcessor::execute queues: 3, RefProcThreadModel::Multi, marks_oops_alive: false
[1.842s][debug][gc,ref      ] GC(0) Skipped phase 3 of Reference Processing: no references
[1.842s][debug][gc,ref      ] GC(0) ReferenceProcessor::execute queues: 1, RefProcThreadModel::Single, marks_oops_alive: false
[1.842s][debug][gc,phases   ] GC(0) Reference Processing 0.386ms
[1.842s][debug][gc,phases   ] GC(0)   VM Weak                        Min:  0.0, Avg:  0.0, Max:  0.0, Diff:  0.0, Sum:  0.0, Workers: 4
[1.842s][debug][gc,phases   ] GC(0)     Dead                           Min: 0, Avg:  0.0, Max: 0, Diff: 0, Sum: 0, Workers: 4
[1.842s][debug][gc,phases   ] GC(0)     Total                          Min: 0, Avg: 55.8, Max: 128, Diff: 128, Sum: 223, Workers: 4
[1.842s][debug][gc,phases   ] GC(0)   ObjectSynchronizer Weak        Min:  0.0, Avg:  0.0, Max:  0.0, Diff:  0.0, Sum:  0.0, Workers: 4
[1.842s][debug][gc,phases   ] GC(0)     Dead                           Min: 0, Avg:  1.2, Max: 5, Diff: 5, Sum: 5, Workers: 4
[1.842s][debug][gc,phases   ] GC(0)     Total                          Min: 0, Avg:  2.5, Max: 10, Diff: 10, Sum: 10, Workers: 4
[1.842s][debug][gc,phases   ] GC(0)   JVMTI Tag Weak OopStorage      Min:  0.0, Avg:  0.0, Max:  0.0, Diff:  0.0, Sum:  0.0, Workers: 4
[1.842s][debug][gc,phases   ] GC(0)     Dead                           Min: 0, Avg:  0.0, Max: 0, Diff: 0, Sum: 0, Workers: 4
[1.842s][debug][gc,phases   ] GC(0)     Total                          Min: 0, Avg:  0.0, Max: 0, Diff: 0, Sum: 0, Workers: 4
[1.842s][debug][gc,phases   ] GC(0)   StringTable Weak               Min:  0.0, Avg:  0.1, Max:  0.2, Diff:  0.2, Sum:  0.6, Workers: 4
[1.842s][debug][gc,phases   ] GC(0)     Dead                           Min: 0, Avg:  6.5, Max: 17, Diff: 17, Sum: 26, Workers: 4
[1.842s][debug][gc,phases   ] GC(0)     Total                          Min: 0, Avg: 3271.2, Max: 5568, Diff: 5568, Sum: 13085, Workers: 4
[1.842s][debug][gc,phases   ] GC(0)   ResolvedMethodTable Weak       Min:  0.0, Avg:  0.0, Max:  0.0, Diff:  0.0, Sum:  0.1, Workers: 4
[1.842s][debug][gc,phases   ] GC(0)     Dead                           Min: 0, Avg: 20.2, Max: 48, Diff: 48, Sum: 81, Workers: 4
[1.842s][debug][gc,phases   ] GC(0)     Total                          Min: 0, Avg: 311.5, Max: 576, Diff: 576, Sum: 1246, Workers: 4
[1.842s][debug][gc,phases   ] GC(0)   JNI Weak                       Min:  0.0, Avg:  0.0, Max:  0.0, Diff:  0.0, Sum:  0.0, Workers: 4
[1.842s][debug][gc,phases   ] GC(0)     Dead                           Min: 0, Avg:  0.0, Max: 0, Diff: 0, Sum: 0, Workers: 4
[1.842s][debug][gc,phases   ] GC(0)     Total                          Min: 0, Avg: 12.0, Max: 48, Diff: 48, Sum: 48, Workers: 4
[1.842s][debug][gc,phases   ] GC(0)   StringDedup Table Weak         Min:  0.0, Avg:  0.0, Max:  0.0, Diff:  0.0, Sum:  0.0, Workers: 4
[1.842s][debug][gc,phases   ] GC(0)     Dead                           Min: 0, Avg:  0.0, Max: 0, Diff: 0, Sum: 0, Workers: 4
[1.842s][debug][gc,phases   ] GC(0)     Total                          Min: 0, Avg:  0.0, Max: 0, Diff: 0, Sum: 0, Workers: 4
[1.842s][debug][gc,phases   ] GC(0)   StringDedup Requests0 Weak     Min:  0.0, Avg:  0.0, Max:  0.0, Diff:  0.0, Sum:  0.0, Workers: 4
[1.842s][debug][gc,phases   ] GC(0)     Dead                           Min: 0, Avg:  0.0, Max: 0, Diff: 0, Sum: 0, Workers: 4
[1.842s][debug][gc,phases   ] GC(0)     Total                          Min: 0, Avg:  0.0, Max: 0, Diff: 0, Sum: 0, Workers: 4
[1.842s][debug][gc,phases   ] GC(0)   StringDedup Requests1 Weak     Min:  0.0, Avg:  0.0, Max:  0.0, Diff:  0.0, Sum:  0.0, Workers: 4
[1.842s][debug][gc,phases   ] GC(0)     Dead                           Min: 0, Avg:  0.0, Max: 0, Diff: 0, Sum: 0, Workers: 4
[1.842s][debug][gc,phases   ] GC(0)     Total                          Min: 0, Avg:  0.0, Max: 0, Diff: 0, Sum: 0, Workers: 4
[1.842s][debug][gc,phases   ] GC(0)   Weak JFR Old Object Samples    Min:  0.0, Avg:  0.0, Max:  0.0, Diff:  0.0, Sum:  0.0, Workers: 4
[1.842s][debug][gc,phases   ] GC(0)     Dead                           Min: 0, Avg:  0.0, Max: 0, Diff: 0, Sum: 0, Workers: 4
[1.842s][debug][gc,phases   ] GC(0)     Total                          Min: 0, Avg:  0.0, Max: 0, Diff: 0, Sum: 0, Workers: 4
[1.842s][debug][gc,phases   ] GC(0) Weak Processing 0.439ms
[1.842s][debug][gc,age      ] GC(0) Desired survivor size 536870912 bytes, new threshold 7 (max threshold 15)
[1.842s][info ][gc,heap     ] GC(0) PSYoungGen: 230695K(1572864K)->30748K(1572864K) Eden: 230695K(1048576K)->0K(1048576K) From: 0K(524288K)->30748K(524288K)
[1.842s][info ][gc,heap     ] GC(0) ParOldGen: 0K(6144K)->96K(6144K)
[1.842s][info ][gc,metaspace] GC(0) Metaspace: 21193K(21504K)->21193K(21504K) NonClass: 18695K(18880K)->18695K(18880K) Class: 2498K(2624K)->2498K(2624K)
[1.842s][info ][gc          ] GC(0) Pause Young (Metadata GC Threshold) 225M->30M(1542M) 16.268ms
[1.842s][info ][gc,cpu      ] GC(0) User=0.06s Sys=0.01s Real=0.02s
[1.842s][debug][gc,phases   ] GC(1) Pre Compact 0.011ms
[1.842s][info ][gc,start    ] GC(1) Pause Full (Metadata GC Threshold)
[1.842s][info ][gc,phases,start] GC(1) Marking Phase
[1.852s][debug][gc,phases      ] GC(1) Par Mark 9.546ms
[1.852s][debug][gc,ref         ] GC(1) Skipped phase 1 of Reference Processing: no references
[1.852s][debug][gc,ref         ] GC(1) ReferenceProcessor::execute queues: 3, RefProcThreadModel::Multi, marks_oops_alive: false
[1.852s][debug][gc,ref         ] GC(1) Skipped phase 3 of Reference Processing: no references
[1.852s][debug][gc,ref         ] GC(1) ReferenceProcessor::execute queues: 1, RefProcThreadModel::Single, marks_oops_alive: false
[1.852s][debug][gc,phases      ] GC(1) Reference Processing 0.123ms
[1.852s][debug][gc,phases      ] GC(1)   VM Weak                        Min:  0.0, Avg:  0.0, Max:  0.0, Diff:  0.0, Sum:  0.0, Workers: 4
[1.852s][debug][gc,phases      ] GC(1)     Dead                           Min: 0, Avg:  0.0, Max: 0, Diff: 0, Sum: 0, Workers: 4
[1.852s][debug][gc,phases      ] GC(1)     Total                          Min: 0, Avg: 55.8, Max: 128, Diff: 128, Sum: 223, Workers: 4
[1.852s][debug][gc,phases      ] GC(1)   ObjectSynchronizer Weak        Min:  0.0, Avg:  0.0, Max:  0.0, Diff:  0.0, Sum:  0.0, Workers: 4
[1.852s][debug][gc,phases      ] GC(1)     Dead                           Min: 0, Avg:  0.0, Max: 0, Diff: 0, Sum: 0, Workers: 4
[1.852s][debug][gc,phases      ] GC(1)     Total                          Min: 0, Avg:  2.5, Max: 10, Diff: 10, Sum: 10, Workers: 4
[1.852s][debug][gc,phases      ] GC(1)   JVMTI Tag Weak OopStorage      Min:  0.0, Avg:  0.0, Max:  0.0, Diff:  0.0, Sum:  0.0, Workers: 4
[1.852s][debug][gc,phases      ] GC(1)     Dead                           Min: 0, Avg:  0.0, Max: 0, Diff: 0, Sum: 0, Workers: 4
[1.852s][debug][gc,phases      ] GC(1)     Total                          Min: 0, Avg:  0.0, Max: 0, Diff: 0, Sum: 0, Workers: 4
[1.852s][debug][gc,phases      ] GC(1)   StringTable Weak               Min:  0.0, Avg:  0.0, Max:  0.1, Diff:  0.1, Sum:  0.2, Workers: 4
[1.852s][debug][gc,phases      ] GC(1)     Dead                           Min: 0, Avg:  0.0, Max: 0, Diff: 0, Sum: 0, Workers: 4
[1.852s][debug][gc,phases      ] GC(1)     Total                          Min: 0, Avg: 3271.2, Max: 6912, Diff: 6912, Sum: 13085, Workers: 4
[1.852s][debug][gc,phases      ] GC(1)   ResolvedMethodTable Weak       Min:  0.0, Avg:  0.0, Max:  0.0, Diff:  0.0, Sum:  0.0, Workers: 4
[1.852s][debug][gc,phases      ] GC(1)     Dead                           Min: 0, Avg:  0.0, Max: 0, Diff: 0, Sum: 0, Workers: 4
[1.852s][debug][gc,phases      ] GC(1)     Total                          Min: 0, Avg: 311.5, Max: 640, Diff: 640, Sum: 1246, Workers: 4
[1.852s][debug][gc,phases      ] GC(1)   JNI Weak                       Min:  0.0, Avg:  0.0, Max:  0.0, Diff:  0.0, Sum:  0.0, Workers: 4
[1.852s][debug][gc,phases      ] GC(1)     Dead                           Min: 0, Avg:  0.0, Max: 0, Diff: 0, Sum: 0, Workers: 4
[1.852s][debug][gc,phases      ] GC(1)     Total                          Min: 0, Avg: 12.0, Max: 48, Diff: 48, Sum: 48, Workers: 4
[1.852s][debug][gc,phases      ] GC(1)   StringDedup Table Weak         Min:  0.0, Avg:  0.0, Max:  0.0, Diff:  0.0, Sum:  0.0, Workers: 4
[1.852s][debug][gc,phases      ] GC(1)     Dead                           Min: 0, Avg:  0.0, Max: 0, Diff: 0, Sum: 0, Workers: 4
[1.852s][debug][gc,phases      ] GC(1)     Total                          Min: 0, Avg:  0.0, Max: 0, Diff: 0, Sum: 0, Workers: 4
[1.852s][debug][gc,phases      ] GC(1)   StringDedup Requests0 Weak     Min:  0.0, Avg:  0.0, Max:  0.0, Diff:  0.0, Sum:  0.0, Workers: 4
[1.852s][debug][gc,phases      ] GC(1)     Dead                           Min: 0, Avg:  0.0, Max: 0, Diff: 0, Sum: 0, Workers: 4
[1.852s][debug][gc,phases      ] GC(1)     Total                          Min: 0, Avg:  0.0, Max: 0, Diff: 0, Sum: 0, Workers: 4
[1.852s][debug][gc,phases      ] GC(1)   StringDedup Requests1 Weak     Min:  0.0, Avg:  0.0, Max:  0.0, Diff:  0.0, Sum:  0.0, Workers: 4
[1.852s][debug][gc,phases      ] GC(1)     Dead                           Min: 0, Avg:  0.0, Max: 0, Diff: 0, Sum: 0, Workers: 4
[1.852s][debug][gc,phases      ] GC(1)     Total                          Min: 0, Avg:  0.0, Max: 0, Diff: 0, Sum: 0, Workers: 4
[1.852s][debug][gc,phases      ] GC(1)   Weak JFR Old Object Samples    Min:  0.0, Avg:  0.0, Max:  0.0, Diff:  0.0, Sum:  0.0, Workers: 4
[1.852s][debug][gc,phases      ] GC(1)     Dead                           Min: 0, Avg:  0.0, Max: 0, Diff: 0, Sum: 0, Workers: 4
[1.852s][debug][gc,phases      ] GC(1)     Total                          Min: 0, Avg:  0.0, Max: 0, Diff: 0, Sum: 0, Workers: 4
[1.852s][debug][gc,phases      ] GC(1) Weak Processing 0.284ms
[1.852s][debug][gc,phases      ] GC(1) ClassLoaderData 0.031ms
[1.852s][debug][gc,phases      ] GC(1) Trigger cleanups 0.000ms
[1.856s][debug][gc,phases      ] GC(1) Class Unloading 3.288ms
[1.856s][info ][gc,phases      ] GC(1) Marking Phase 13.347ms
[1.856s][info ][gc,phases,start] GC(1) Summary Phase
[1.856s][info ][gc,phases      ] GC(1) Summary Phase 0.009ms
[1.856s][info ][gc,phases,start] GC(1) Adjust Roots
[1.859s][info ][gc,phases      ] GC(1) Adjust Roots 3.568ms
[1.859s][info ][gc,phases,start] GC(1) Compaction Phase
[1.877s][info ][gc,phases      ] GC(1) Compaction Phase 18.197ms
[1.877s][info ][gc,phases,start] GC(1) Post Compact
[1.878s][info ][gc,phases      ] GC(1) Post Compact 0.864ms
[1.878s][info ][gc,heap        ] GC(1) PSYoungGen: 30748K(1572864K)->25007K(1572864K) Eden: 0K(1048576K)->0K(1048576K) From: 30748K(524288K)->25007K(524288K)
[1.878s][info ][gc,heap        ] GC(1) ParOldGen: 96K(6144K)->5693K(6144K)
[1.878s][info ][gc,metaspace   ] GC(1) Metaspace: 21193K(21504K)->21193K(21504K) NonClass: 18695K(18880K)->18695K(18880K) Class: 2498K(2624K)->2498K(2624K)
[1.878s][info ][gc             ] GC(1) Pause Full (Metadata GC Threshold) 30M->29M(1542M) 36.109ms
[1.878s][info ][gc,cpu         ] GC(1) User=0.09s Sys=0.00s Real=0.03s
[1.878s][info ][safepoint      ] Safepoint "CollectForMetadataAllocation", Time since last: 38484113 ns, Reaching safepoint: 50001 ns, At safepoint: 52501254 ns, Total: 52551255 ns
[2.011s][info ][safepoint      ] Safepoint "ICBufferFull", Time since last: 131970558 ns, Reaching safepoint: 236107 ns, At safepoint: 7900 ns, Total: 244007 ns
[2.123s][info ][safepoint      ] Safepoint "ICBufferFull", Time since last: 112349740 ns, Reaching safepoint: 140304 ns, At safepoint: 6900 ns, Total: 147204 ns
[2.304s][info ][safepoint      ] Safepoint "ICBufferFull", Time since last: 180418184 ns, Reaching safepoint: 158905 ns, At safepoint: 2500 ns, Total: 161405 ns
[2.676s][info ][safepoint      ] Safepoint "ICBufferFull", Time since last: 372488335 ns, Reaching safepoint: 175706 ns, At safepoint: 5600 ns, Total: 181306 ns
[2.867s][info ][safepoint      ] Safepoint "ICBufferFull", Time since last: 190228395 ns, Reaching safepoint: 162305 ns, At safepoint: 6301 ns, Total: 168606 ns
[2.972s][info ][safepoint      ] Safepoint "ICBufferFull", Time since last: 104836104 ns, Reaching safepoint: 146804 ns, At safepoint: 6301 ns, Total: 153105 ns
[3.184s][info ][safepoint      ] Safepoint "ICBufferFull", Time since last: 212043282 ns, Reaching safepoint: 188306 ns, At safepoint: 11301 ns, Total: 199607 ns
[3.305s][info ][safepoint      ] Safepoint "ICBufferFull", Time since last: 120873109 ns, Reaching safepoint: 241908 ns, At safepoint: 5800 ns, Total: 247708 ns
[3.531s][info ][safepoint      ] Safepoint "ICBufferFull", Time since last: 225528308 ns, Reaching safepoint: 178505 ns, At safepoint: 11301 ns, Total: 189806 ns
[3.779s][info ][safepoint      ] Safepoint "ICBufferFull", Time since last: 248332828 ns, Reaching safepoint: 167406 ns, At safepoint: 6200 ns, Total: 173606 ns
[3.882s][info ][gc,start       ] GC(2) Pause Young (Metadata GC Threshold)
[3.947s][debug][gc,phases      ] GC(2) Scavenge 64.134ms
[3.947s][debug][gc,ref         ] GC(2) Skipped phase 1 of Reference Processing: no references
[3.947s][debug][gc,ref         ] GC(2) ReferenceProcessor::execute queues: 4, RefProcThreadModel::Multi, marks_oops_alive: false
[3.947s][debug][gc,ref         ] GC(2) Skipped phase 3 of Reference Processing: no references
[3.947s][debug][gc,ref         ] GC(2) ReferenceProcessor::execute queues: 1, RefProcThreadModel::Single, marks_oops_alive: false
[3.947s][debug][gc,phases      ] GC(2) Reference Processing 0.699ms
[3.948s][debug][gc,phases      ] GC(2)   VM Weak                        Min:  0.0, Avg:  0.0, Max:  0.0, Diff:  0.0, Sum:  0.0, Workers: 4
[3.948s][debug][gc,phases      ] GC(2)     Dead                           Min: 0, Avg:  0.0, Max: 0, Diff: 0, Sum: 0, Workers: 4
[3.948s][debug][gc,phases      ] GC(2)     Total                          Min: 0, Avg: 80.0, Max: 256, Diff: 256, Sum: 320, Workers: 4
[3.948s][debug][gc,phases      ] GC(2)   ObjectSynchronizer Weak        Min:  0.0, Avg:  0.0, Max:  0.0, Diff:  0.0, Sum:  0.0, Workers: 4
[3.948s][debug][gc,phases      ] GC(2)     Dead                           Min: 0, Avg:  0.0, Max: 0, Diff: 0, Sum: 0, Workers: 4
[3.948s][debug][gc,phases      ] GC(2)     Total                          Min: 0, Avg:  2.5, Max: 10, Diff: 10, Sum: 10, Workers: 4
[3.948s][debug][gc,phases      ] GC(2)   JVMTI Tag Weak OopStorage      Min:  0.0, Avg:  0.0, Max:  0.0, Diff:  0.0, Sum:  0.0, Workers: 4
[3.948s][debug][gc,phases      ] GC(2)     Dead                           Min: 0, Avg:  0.0, Max: 0, Diff: 0, Sum: 0, Workers: 4
[3.948s][debug][gc,phases      ] GC(2)     Total                          Min: 0, Avg:  0.0, Max: 0, Diff: 0, Sum: 0, Workers: 4
[3.948s][debug][gc,phases      ] GC(2)   StringTable Weak               Min:  0.0, Avg:  0.3, Max:  0.5, Diff:  0.5, Sum:  1.0, Workers: 4
[3.948s][debug][gc,phases      ] GC(2)     Dead                           Min: 0, Avg:  1.8, Max: 4, Diff: 4, Sum: 7, Workers: 4
[3.948s][debug][gc,phases      ] GC(2)     Total                          Min: 0, Avg: 6518.8, Max: 13147, Diff: 13147, Sum: 26075, Workers: 4
[3.948s][debug][gc,phases      ] GC(2)   ResolvedMethodTable Weak       Min:  0.0, Avg:  0.0, Max:  0.1, Diff:  0.1, Sum:  0.1, Workers: 4
[3.948s][debug][gc,phases      ] GC(2)     Dead                           Min: 0, Avg: 14.2, Max: 29, Diff: 29, Sum: 57, Workers: 4
[3.948s][debug][gc,phases      ] GC(2)     Total                          Min: 0, Avg: 601.2, Max: 1254, Diff: 1254, Sum: 2405, Workers: 4
[3.948s][debug][gc,phases      ] GC(2)   JNI Weak                       Min:  0.0, Avg:  0.0, Max:  0.0, Diff:  0.0, Sum:  0.0, Workers: 4
[3.948s][debug][gc,phases      ] GC(2)     Dead                           Min: 0, Avg:  0.0, Max: 0, Diff: 0, Sum: 0, Workers: 4
[3.948s][debug][gc,phases      ] GC(2)     Total                          Min: 0, Avg: 11.2, Max: 45, Diff: 45, Sum: 45, Workers: 4
[3.948s][debug][gc,phases      ] GC(2)   StringDedup Table Weak         Min:  0.0, Avg:  0.0, Max:  0.0, Diff:  0.0, Sum:  0.0, Workers: 4
[3.948s][debug][gc,phases      ] GC(2)     Dead                           Min: 0, Avg:  0.0, Max: 0, Diff: 0, Sum: 0, Workers: 4
[3.948s][debug][gc,phases      ] GC(2)     Total                          Min: 0, Avg:  0.0, Max: 0, Diff: 0, Sum: 0, Workers: 4
[3.948s][debug][gc,phases      ] GC(2)   StringDedup Requests0 Weak     Min:  0.0, Avg:  0.0, Max:  0.0, Diff:  0.0, Sum:  0.0, Workers: 4
[3.948s][debug][gc,phases      ] GC(2)     Dead                           Min: 0, Avg:  0.0, Max: 0, Diff: 0, Sum: 0, Workers: 4
[3.948s][debug][gc,phases      ] GC(2)     Total                          Min: 0, Avg:  0.0, Max: 0, Diff: 0, Sum: 0, Workers: 4
[3.948s][debug][gc,phases      ] GC(2)   StringDedup Requests1 Weak     Min:  0.0, Avg:  0.0, Max:  0.0, Diff:  0.0, Sum:  0.0, Workers: 4
[3.948s][debug][gc,phases      ] GC(2)     Dead                           Min: 0, Avg:  0.0, Max: 0, Diff: 0, Sum: 0, Workers: 4
[3.948s][debug][gc,phases      ] GC(2)     Total                          Min: 0, Avg:  0.0, Max: 0, Diff: 0, Sum: 0, Workers: 4
[3.948s][debug][gc,phases      ] GC(2)   Weak JFR Old Object Samples    Min:  0.0, Avg:  0.0, Max:  0.0, Diff:  0.0, Sum:  0.0, Workers: 4
[3.948s][debug][gc,phases      ] GC(2)     Dead                           Min: 0, Avg:  0.0, Max: 0, Diff: 0, Sum: 0, Workers: 4
[3.948s][debug][gc,phases      ] GC(2)     Total                          Min: 0, Avg:  0.0, Max: 0, Diff: 0, Sum: 0, Workers: 4
[3.948s][debug][gc,phases      ] GC(2) Weak Processing 0.822ms
[3.948s][debug][gc,age         ] GC(2) Desired survivor size 536870912 bytes, new threshold 7 (max threshold 15)
[3.948s][info ][gc,heap        ] GC(2) PSYoungGen: 570275K(1572864K)->85042K(1572864K) Eden: 545267K(1048576K)->0K(1048576K) From: 25007K(524288K)->85042K(524288K)
[3.948s][info ][gc,heap        ] GC(2) ParOldGen: 5693K(6144K)->5701K(6144K)
[3.948s][info ][gc,metaspace   ] GC(2) Metaspace: 35393K(35840K)->35393K(35840K) NonClass: 30699K(30912K)->30699K(30912K) Class: 4693K(4928K)->4693K(4928K)
[3.948s][info ][gc             ] GC(2) Pause Young (Metadata GC Threshold) 562M->88M(1542M) 65.806ms
[3.948s][info ][gc,cpu         ] GC(2) User=0.19s Sys=0.02s Real=0.06s
[3.948s][debug][gc,phases      ] GC(3) Pre Compact 0.012ms
[3.948s][info ][gc,start       ] GC(3) Pause Full (Metadata GC Threshold)
[3.948s][info ][gc,phases,start] GC(3) Marking Phase
[3.991s][debug][gc,phases      ] GC(3) Par Mark 42.313ms
[3.991s][debug][gc,ref         ] GC(3) Skipped phase 1 of Reference Processing: no references
[3.991s][debug][gc,ref         ] GC(3) ReferenceProcessor::execute queues: 4, RefProcThreadModel::Multi, marks_oops_alive: false
[3.991s][debug][gc,ref         ] GC(3) Skipped phase 3 of Reference Processing: no references
[3.991s][debug][gc,ref         ] GC(3) ReferenceProcessor::execute queues: 1, RefProcThreadModel::Single, marks_oops_alive: false
[3.991s][debug][gc,phases      ] GC(3) Reference Processing 0.391ms
[3.991s][debug][gc,phases      ] GC(3)   VM Weak                        Min:  0.0, Avg:  0.0, Max:  0.0, Diff:  0.0, Sum:  0.0, Workers: 4
[3.991s][debug][gc,phases      ] GC(3)     Dead                           Min: 0, Avg:  0.0, Max: 0, Diff: 0, Sum: 0, Workers: 4
[3.991s][debug][gc,phases      ] GC(3)     Total                          Min: 0, Avg: 80.0, Max: 320, Diff: 320, Sum: 320, Workers: 4
[3.991s][debug][gc,phases      ] GC(3)   ObjectSynchronizer Weak        Min:  0.0, Avg:  0.0, Max:  0.0, Diff:  0.0, Sum:  0.0, Workers: 4
[3.991s][debug][gc,phases      ] GC(3)     Dead                           Min: 0, Avg:  0.0, Max: 0, Diff: 0, Sum: 0, Workers: 4
[3.991s][debug][gc,phases      ] GC(3)     Total                          Min: 0, Avg:  2.5, Max: 10, Diff: 10, Sum: 10, Workers: 4
[3.991s][debug][gc,phases      ] GC(3)   JVMTI Tag Weak OopStorage      Min:  0.0, Avg:  0.0, Max:  0.0, Diff:  0.0, Sum:  0.0, Workers: 4
[3.991s][debug][gc,phases      ] GC(3)     Dead                           Min: 0, Avg:  0.0, Max: 0, Diff: 0, Sum: 0, Workers: 4
[3.991s][debug][gc,phases      ] GC(3)     Total                          Min: 0, Avg:  0.0, Max: 0, Diff: 0, Sum: 0, Workers: 4
[3.991s][debug][gc,phases      ] GC(3)   StringTable Weak               Min:  0.0, Avg:  0.1, Max:  0.1, Diff:  0.1, Sum:  0.4, Workers: 4
[3.991s][debug][gc,phases      ] GC(3)     Dead                           Min: 0, Avg:  0.0, Max: 0, Diff: 0, Sum: 0, Workers: 4
[3.991s][debug][gc,phases      ] GC(3)     Total                          Min: 0, Avg: 6518.8, Max: 9627, Diff: 9627, Sum: 26075, Workers: 4
[3.991s][debug][gc,phases      ] GC(3)   ResolvedMethodTable Weak       Min:  0.0, Avg:  0.0, Max:  0.0, Diff:  0.0, Sum:  0.0, Workers: 4
[3.991s][debug][gc,phases      ] GC(3)     Dead                           Min: 0, Avg:  0.0, Max: 0, Diff: 0, Sum: 0, Workers: 4
[3.991s][debug][gc,phases      ] GC(3)     Total                          Min: 0, Avg: 601.2, Max: 895, Diff: 895, Sum: 2405, Workers: 4
[3.991s][debug][gc,phases      ] GC(3)   JNI Weak                       Min:  0.0, Avg:  0.0, Max:  0.0, Diff:  0.0, Sum:  0.0, Workers: 4
[3.991s][debug][gc,phases      ] GC(3)     Dead                           Min: 0, Avg:  0.0, Max: 0, Diff: 0, Sum: 0, Workers: 4
[3.991s][debug][gc,phases      ] GC(3)     Total                          Min: 0, Avg: 11.2, Max: 45, Diff: 45, Sum: 45, Workers: 4
[3.991s][debug][gc,phases      ] GC(3)   StringDedup Table Weak         Min:  0.0, Avg:  0.0, Max:  0.0, Diff:  0.0, Sum:  0.0, Workers: 4
[3.991s][debug][gc,phases      ] GC(3)     Dead                           Min: 0, Avg:  0.0, Max: 0, Diff: 0, Sum: 0, Workers: 4
[3.991s][debug][gc,phases      ] GC(3)     Total                          Min: 0, Avg:  0.0, Max: 0, Diff: 0, Sum: 0, Workers: 4
[3.991s][debug][gc,phases      ] GC(3)   StringDedup Requests0 Weak     Min:  0.0, Avg:  0.0, Max:  0.0, Diff:  0.0, Sum:  0.0, Workers: 4
[3.991s][debug][gc,phases      ] GC(3)     Dead                           Min: 0, Avg:  0.0, Max: 0, Diff: 0, Sum: 0, Workers: 4
[3.991s][debug][gc,phases      ] GC(3)     Total                          Min: 0, Avg:  0.0, Max: 0, Diff: 0, Sum: 0, Workers: 4
[3.991s][debug][gc,phases      ] GC(3)   StringDedup Requests1 Weak     Min:  0.0, Avg:  0.0, Max:  0.0, Diff:  0.0, Sum:  0.0, Workers: 4
[3.991s][debug][gc,phases      ] GC(3)     Dead                           Min: 0, Avg:  0.0, Max: 0, Diff: 0, Sum: 0, Workers: 4
[3.991s][debug][gc,phases      ] GC(3)     Total                          Min: 0, Avg:  0.0, Max: 0, Diff: 0, Sum: 0, Workers: 4
[3.991s][debug][gc,phases      ] GC(3)   Weak JFR Old Object Samples    Min:  0.0, Avg:  0.0, Max:  0.0, Diff:  0.0, Sum:  0.0, Workers: 4
[3.991s][debug][gc,phases      ] GC(3)     Dead                           Min: 0, Avg:  0.0, Max: 0, Diff: 0, Sum: 0, Workers: 4
[3.991s][debug][gc,phases      ] GC(3)     Total                          Min: 0, Avg:  0.0, Max: 0, Diff: 0, Sum: 0, Workers: 4
[3.991s][debug][gc,phases      ] GC(3) Weak Processing 0.313ms
[3.991s][debug][gc,phases      ] GC(3) ClassLoaderData 0.047ms
[3.991s][debug][gc,phases      ] GC(3) Trigger cleanups 0.000ms
[3.998s][debug][gc,phases      ] GC(3) Class Unloading 6.203ms
[3.998s][info ][gc,phases      ] GC(3) Marking Phase 49.370ms
[3.998s][info ][gc,phases,start] GC(3) Summary Phase
[3.998s][info ][gc,phases      ] GC(3) Summary Phase 0.007ms
[3.998s][info ][gc,phases,start] GC(3) Adjust Roots
[4.006s][info ][gc,phases      ] GC(3) Adjust Roots 8.127ms
[4.006s][info ][gc,phases,start] GC(3) Compaction Phase
[4.388s][info ][gc,phases      ] GC(3) Compaction Phase 382.060ms
[4.388s][info ][gc,phases,start] GC(3) Post Compact
[4.389s][info ][gc,phases      ] GC(3) Post Compact 0.905ms
[4.389s][info ][gc,heap        ] GC(3) PSYoungGen: 85042K(1572864K)->84334K(1572864K) Eden: 0K(1048576K)->0K(1048576K) From: 85042K(524288K)->84334K(524288K)
[4.389s][info ][gc,heap        ] GC(3) ParOldGen: 5701K(6144K)->6089K(6144K)
[4.389s][info ][gc,metaspace   ] GC(3) Metaspace: 35393K(35840K)->35393K(35840K) NonClass: 30699K(30912K)->30699K(30912K) Class: 4693K(4928K)->4693K(4928K)
[4.389s][info ][gc             ] GC(3) Pause Full (Metadata GC Threshold) 88M->88M(1542M) 440.629ms
[4.389s][info ][gc,cpu         ] GC(3) User=0.94s Sys=0.01s Real=0.44s
[4.389s][info ][safepoint      ] Safepoint "CollectForMetadataAllocation", Time since last: 102865543 ns, Reaching safepoint: 78603 ns, At safepoint: 506607573 ns, Total: 506686176 ns
[4.574s][info ][safepoint      ] Safepoint "ICBufferFull", Time since last: 185019233 ns, Reaching safepoint: 255109 ns, At safepoint: 6400 ns, Total: 261509 ns
[4.909s][info ][safepoint      ] Safepoint "ICBufferFull", Time since last: 334168540 ns, Reaching safepoint: 189206 ns, At safepoint: 2800 ns, Total: 192006 ns
[5.428s][info ][safepoint      ] Safepoint "ICBufferFull", Time since last: 519612590 ns, Reaching safepoint: 168305 ns, At safepoint: 2700 ns, Total: 171005 ns
[5.574s][info ][safepoint      ] Safepoint "ICBufferFull", Time since last: 145603893 ns, Reaching safepoint: 180906 ns, At safepoint: 10800 ns, Total: 191706 ns
[5.716s][info ][safepoint      ] Safepoint "ICBufferFull", Time since last: 141765373 ns, Reaching safepoint: 155805 ns, At safepoint: 9701 ns, Total: 165506 ns
[5.794s][info ][safepoint      ] Safepoint "ICBufferFull", Time since last: 78203267 ns, Reaching safepoint: 150705 ns, At safepoint: 10201 ns, Total: 160906 ns
[6.113s][info ][safepoint      ] Safepoint "ICBufferFull", Time since last: 318228142 ns, Reaching safepoint: 245407 ns, At safepoint: 6101 ns, Total: 251508 ns
[6.499s][info ][safepoint      ] Safepoint "ICBufferFull", Time since last: 386291289 ns, Reaching safepoint: 176206 ns, At safepoint: 1900 ns, Total: 178106 ns
[6.728s][info ][safepoint      ] Safepoint "ICBufferFull", Time since last: 228081499 ns, Reaching safepoint: 191506 ns, At safepoint: 11900 ns, Total: 203406 ns
[6.949s][info ][safepoint      ] Safepoint "ICBufferFull", Time since last: 221358889 ns, Reaching safepoint: 244607 ns, At safepoint: 8401 ns, Total: 253008 ns
[7.232s][info ][safepoint      ] Safepoint "ICBufferFull", Time since last: 282092305 ns, Reaching safepoint: 167805 ns, At safepoint: 10801 ns, Total: 178606 ns
[7.761s][info ][safepoint      ] Safepoint "ICBufferFull", Time since last: 529295911 ns, Reaching safepoint: 198107 ns, At safepoint: 11900 ns, Total: 210007 ns
[7.942s][info ][safepoint      ] Safepoint "ICBufferFull", Time since last: 180221292 ns, Reaching safepoint: 217407 ns, At safepoint: 7300 ns, Total: 224707 ns
[8.235s][debug][gc,phases      ] GC(4) Pre Compact 0.023ms
[8.235s][info ][gc,start       ] GC(4) Pause Full (Metadata GC Threshold)
[8.235s][info ][gc,phases,start] GC(4) Marking Phase
[8.315s][debug][gc,phases      ] GC(4) Par Mark 80.146ms
[8.315s][debug][gc,ref         ] GC(4) Skipped phase 1 of Reference Processing: no references
[8.315s][debug][gc,ref         ] GC(4) ReferenceProcessor::execute queues: 4, RefProcThreadModel::Multi, marks_oops_alive: false
[8.316s][debug][gc,ref         ] GC(4) Skipped phase 3 of Reference Processing: no references
[8.316s][debug][gc,ref         ] GC(4) ReferenceProcessor::execute queues: 4, RefProcThreadModel::Multi, marks_oops_alive: false
[8.317s][debug][gc,phases      ] GC(4) Reference Processing 1.827ms
[8.317s][debug][gc,phases      ] GC(4)   VM Weak                        Min:  0.0, Avg:  0.0, Max:  0.0, Diff:  0.0, Sum:  0.0, Workers: 4
[8.317s][debug][gc,phases      ] GC(4)     Dead                           Min: 0, Avg:  0.0, Max: 0, Diff: 0, Sum: 0, Workers: 4
[8.317s][debug][gc,phases      ] GC(4)     Total                          Min: 0, Avg: 124.5, Max: 448, Diff: 448, Sum: 498, Workers: 4
[8.317s][debug][gc,phases      ] GC(4)   ObjectSynchronizer Weak        Min:  0.0, Avg:  0.0, Max:  0.0, Diff:  0.0, Sum:  0.0, Workers: 4
[8.317s][debug][gc,phases      ] GC(4)     Dead                           Min: 0, Avg:  4.8, Max: 19, Diff: 19, Sum: 19, Workers: 4
[8.317s][debug][gc,phases      ] GC(4)     Total                          Min: 0, Avg: 10.0, Max: 40, Diff: 40, Sum: 40, Workers: 4
[8.317s][debug][gc,phases      ] GC(4)   JVMTI Tag Weak OopStorage      Min:  0.0, Avg:  0.0, Max:  0.0, Diff:  0.0, Sum:  0.0, Workers: 4
[8.317s][debug][gc,phases      ] GC(4)     Dead                           Min: 0, Avg:  0.0, Max: 0, Diff: 0, Sum: 0, Workers: 4
[8.317s][debug][gc,phases      ] GC(4)     Total                          Min: 0, Avg:  0.0, Max: 0, Diff: 0, Sum: 0, Workers: 4
[8.317s][debug][gc,phases      ] GC(4)   StringTable Weak               Min:  0.0, Avg:  0.1, Max:  0.2, Diff:  0.2, Sum:  0.6, Workers: 4
[8.317s][debug][gc,phases      ] GC(4)     Dead                           Min: 0, Avg:  6.0, Max: 11, Diff: 11, Sum: 24, Workers: 4
[8.317s][debug][gc,phases      ] GC(4)     Total                          Min: 0, Avg: 9008.0, Max: 13056, Diff: 13056, Sum: 36032, Workers: 4
[8.317s][debug][gc,phases      ] GC(4)   ResolvedMethodTable Weak       Min:  0.0, Avg:  0.0, Max:  0.0, Diff:  0.0, Sum:  0.1, Workers: 4
[8.317s][debug][gc,phases      ] GC(4)     Dead                           Min: 0, Avg: 95.5, Max: 167, Diff: 167, Sum: 382, Workers: 4
[8.317s][debug][gc,phases      ] GC(4)     Total                          Min: 0, Avg: 1671.5, Max: 2688, Diff: 2688, Sum: 6686, Workers: 4
[8.317s][debug][gc,phases      ] GC(4)   JNI Weak                       Min:  0.0, Avg:  0.0, Max:  0.0, Diff:  0.0, Sum:  0.0, Workers: 4
[8.317s][debug][gc,phases      ] GC(4)     Dead                           Min: 0, Avg:  0.0, Max: 0, Diff: 0, Sum: 0, Workers: 4
[8.317s][debug][gc,phases      ] GC(4)     Total                          Min: 0, Avg: 12.5, Max: 50, Diff: 50, Sum: 50, Workers: 4
[8.317s][debug][gc,phases      ] GC(4)   StringDedup Table Weak         Min:  0.0, Avg:  0.0, Max:  0.0, Diff:  0.0, Sum:  0.0, Workers: 4
[8.317s][debug][gc,phases      ] GC(4)     Dead                           Min: 0, Avg:  0.0, Max: 0, Diff: 0, Sum: 0, Workers: 4
[8.317s][debug][gc,phases      ] GC(4)     Total                          Min: 0, Avg:  0.0, Max: 0, Diff: 0, Sum: 0, Workers: 4
[8.317s][debug][gc,phases      ] GC(4)   StringDedup Requests0 Weak     Min:  0.0, Avg:  0.0, Max:  0.0, Diff:  0.0, Sum:  0.0, Workers: 4
[8.317s][debug][gc,phases      ] GC(4)     Dead                           Min: 0, Avg:  0.0, Max: 0, Diff: 0, Sum: 0, Workers: 4
[8.317s][debug][gc,phases      ] GC(4)     Total                          Min: 0, Avg:  0.0, Max: 0, Diff: 0, Sum: 0, Workers: 4
[8.317s][debug][gc,phases      ] GC(4)   StringDedup Requests1 Weak     Min:  0.0, Avg:  0.0, Max:  0.0, Diff:  0.0, Sum:  0.0, Workers: 4
[8.317s][debug][gc,phases      ] GC(4)     Dead                           Min: 0, Avg:  0.0, Max: 0, Diff: 0, Sum: 0, Workers: 4
[8.317s][debug][gc,phases      ] GC(4)     Total                          Min: 0, Avg:  0.0, Max: 0, Diff: 0, Sum: 0, Workers: 4
[8.317s][debug][gc,phases      ] GC(4)   Weak JFR Old Object Samples    Min:  0.0, Avg:  0.0, Max:  0.0, Diff:  0.0, Sum:  0.0, Workers: 4
[8.317s][debug][gc,phases      ] GC(4)     Dead                           Min: 0, Avg:  0.0, Max: 0, Diff: 0, Sum: 0, Workers: 4
[8.317s][debug][gc,phases      ] GC(4)     Total                          Min: 0, Avg:  0.0, Max: 0, Diff: 0, Sum: 0, Workers: 4
[8.317s][debug][gc,phases      ] GC(4) Weak Processing 0.457ms
[8.317s][debug][gc,phases      ] GC(4) ClassLoaderData 0.069ms
[8.317s][debug][gc,phases      ] GC(4) Trigger cleanups 0.000ms
[8.324s][debug][gc,phases      ] GC(4) Class Unloading 7.014ms
[8.324s][info ][gc,phases      ] GC(4) Marking Phase 89.615ms
[8.324s][info ][gc,phases,start] GC(4) Summary Phase
[8.324s][info ][gc,phases      ] GC(4) Summary Phase 0.024ms
[8.324s][info ][gc,phases,start] GC(4) Adjust Roots
[8.334s][info ][gc,phases      ] GC(4) Adjust Roots 10.108ms
[8.334s][info ][gc,phases,start] GC(4) Compaction Phase
[8.524s][info ][gc,phases      ] GC(4) Compaction Phase 189.741ms
[8.524s][info ][gc,phases,start] GC(4) Post Compact
[8.529s][info ][gc,phases      ] GC(4) Post Compact 4.350ms
[8.529s][info ][gc,heap        ] GC(4) PSYoungGen: 1078548K(1572864K)->133764K(1572864K) Eden: 994214K(1048576K)->133764K(1048576K) From: 84334K(524288K)->0K(524288K)
[8.529s][info ][gc,heap        ] GC(4) ParOldGen: 6089K(6144K)->6139K(6144K)
[8.529s][info ][gc,metaspace   ] GC(4) Metaspace: 59083K(59776K)->59083K(59776K) NonClass: 50274K(50624K)->50274K(50624K) Class: 8808K(9152K)->8808K(9152K)
[8.529s][info ][gc             ] GC(4) Pause Full (Metadata GC Threshold) 1059M->136M(1542M) 294.024ms
[8.529s][info ][gc,cpu         ] GC(4) User=1.01s Sys=0.01s Real=0.29s
[8.529s][info ][safepoint      ] Safepoint "CollectForMetadataAllocation", Time since last: 292840249 ns, Reaching safepoint: 131604 ns, At safepoint: 294187391 ns, Total: 294318995 ns
[8.821s][info ][safepoint      ] Safepoint "ICBufferFull", Time since last: 291771418 ns, Reaching safepoint: 175705 ns, At safepoint: 8401 ns, Total: 184106 ns
[9.475s][info ][safepoint      ] Safepoint "ICBufferFull", Time since last: 654069366 ns, Reaching safepoint: 146604 ns, At safepoint: 10701 ns, Total: 157305 ns
[9.724s][info ][safepoint      ] Safepoint "ICBufferFull", Time since last: 248448051 ns, Reaching safepoint: 185406 ns, At safepoint: 10400 ns, Total: 195806 ns
[10.066s][info ][safepoint      ] Safepoint "ICBufferFull", Time since last: 342288920 ns, Reaching safepoint: 234007 ns, At safepoint: 11001 ns, Total: 245008 ns
[10.224s][debug][gc,phases      ] GC(5) Pre Compact 0.025ms
[10.224s][info ][gc,start       ] GC(5) Pause Full (Ergonomics)
[10.224s][info ][gc,phases,start] GC(5) Marking Phase
[10.543s][debug][gc,phases      ] GC(5) Par Mark 319.233ms
[10.543s][debug][gc,ref         ] GC(5) Skipped phase 1 of Reference Processing: no references
[10.544s][debug][gc,ref         ] GC(5) ReferenceProcessor::execute queues: 4, RefProcThreadModel::Multi, marks_oops_alive: false
[10.544s][debug][gc,ref         ] GC(5) Skipped phase 3 of Reference Processing: no references
[10.544s][debug][gc,ref         ] GC(5) ReferenceProcessor::execute queues: 1, RefProcThreadModel::Single, marks_oops_alive: false
[10.544s][debug][gc,phases      ] GC(5) Reference Processing 1.460ms
[10.545s][debug][gc,phases      ] GC(5)   VM Weak                        Min:  0.0, Avg:  0.0, Max:  0.0, Diff:  0.0, Sum:  0.0, Workers: 4
[10.545s][debug][gc,phases      ] GC(5)     Dead                           Min: 0, Avg:  0.0, Max: 0, Diff: 0, Sum: 0, Workers: 4
[10.545s][debug][gc,phases      ] GC(5)     Total                          Min: 0, Avg: 143.5, Max: 384, Diff: 384, Sum: 574, Workers: 4
[10.545s][debug][gc,phases      ] GC(5)   ObjectSynchronizer Weak        Min:  0.0, Avg:  0.0, Max:  0.0, Diff:  0.0, Sum:  0.0, Workers: 4
[10.545s][debug][gc,phases      ] GC(5)     Dead                           Min: 0, Avg:  0.0, Max: 0, Diff: 0, Sum: 0, Workers: 4
[10.545s][debug][gc,phases      ] GC(5)     Total                          Min: 0, Avg: 10.0, Max: 40, Diff: 40, Sum: 40, Workers: 4
[10.545s][debug][gc,phases      ] GC(5)   JVMTI Tag Weak OopStorage      Min:  0.0, Avg:  0.0, Max:  0.0, Diff:  0.0, Sum:  0.0, Workers: 4
[10.545s][debug][gc,phases      ] GC(5)     Dead                           Min: 0, Avg:  0.0, Max: 0, Diff: 0, Sum: 0, Workers: 4
[10.545s][debug][gc,phases      ] GC(5)     Total                          Min: 0, Avg:  0.0, Max: 0, Diff: 0, Sum: 0, Workers: 4
[10.545s][debug][gc,phases      ] GC(5)   StringTable Weak               Min:  0.0, Avg:  0.1, Max:  0.3, Diff:  0.3, Sum:  0.5, Workers: 4
[10.545s][debug][gc,phases      ] GC(5)     Dead                           Min: 0, Avg:  2.2, Max: 5, Diff: 5, Sum: 9, Workers: 4
[10.545s][debug][gc,phases      ] GC(5)     Total                          Min: 0, Avg: 9182.5, Max: 20602, Diff: 20602, Sum: 36730, Workers: 4
[10.545s][debug][gc,phases      ] GC(5)   ResolvedMethodTable Weak       Min:  0.0, Avg:  0.0, Max:  0.0, Diff:  0.0, Sum:  0.1, Workers: 4
[10.545s][debug][gc,phases      ] GC(5)     Dead                           Min: 0, Avg: 15.5, Max: 44, Diff: 44, Sum: 62, Workers: 4
[10.545s][debug][gc,phases      ] GC(5)     Total                          Min: 0, Avg: 1693.0, Max: 3712, Diff: 3712, Sum: 6772, Workers: 4
[10.545s][debug][gc,phases      ] GC(5)   JNI Weak                       Min:  0.0, Avg:  0.0, Max:  0.0, Diff:  0.0, Sum:  0.0, Workers: 4
[10.545s][debug][gc,phases      ] GC(5)     Dead                           Min: 0, Avg:  0.0, Max: 0, Diff: 0, Sum: 0, Workers: 4
[10.545s][debug][gc,phases      ] GC(5)     Total                          Min: 0, Avg: 15.5, Max: 58, Diff: 58, Sum: 62, Workers: 4
[10.545s][debug][gc,phases      ] GC(5)   StringDedup Table Weak         Min:  0.0, Avg:  0.0, Max:  0.0, Diff:  0.0, Sum:  0.0, Workers: 4
[10.545s][debug][gc,phases      ] GC(5)     Dead                           Min: 0, Avg:  0.0, Max: 0, Diff: 0, Sum: 0, Workers: 4
[10.545s][debug][gc,phases      ] GC(5)     Total                          Min: 0, Avg:  0.0, Max: 0, Diff: 0, Sum: 0, Workers: 4
[10.545s][debug][gc,phases      ] GC(5)   StringDedup Requests0 Weak     Min:  0.0, Avg:  0.0, Max:  0.0, Diff:  0.0, Sum:  0.0, Workers: 4
[10.545s][debug][gc,phases      ] GC(5)     Dead                           Min: 0, Avg:  0.0, Max: 0, Diff: 0, Sum: 0, Workers: 4
[10.545s][debug][gc,phases      ] GC(5)     Total                          Min: 0, Avg:  0.0, Max: 0, Diff: 0, Sum: 0, Workers: 4
[10.545s][debug][gc,phases      ] GC(5)   StringDedup Requests1 Weak     Min:  0.0, Avg:  0.0, Max:  0.0, Diff:  0.0, Sum:  0.0, Workers: 4
[10.545s][debug][gc,phases      ] GC(5)     Dead                           Min: 0, Avg:  0.0, Max: 0, Diff: 0, Sum: 0, Workers: 4
[10.545s][debug][gc,phases      ] GC(5)     Total                          Min: 0, Avg:  0.0, Max: 0, Diff: 0, Sum: 0, Workers: 4
[10.545s][debug][gc,phases      ] GC(5)   Weak JFR Old Object Samples    Min:  0.0, Avg:  0.0, Max:  0.0, Diff:  0.0, Sum:  0.0, Workers: 4
[10.545s][debug][gc,phases      ] GC(5)     Dead                           Min: 0, Avg:  0.0, Max: 0, Diff: 0, Sum: 0, Workers: 4
[10.545s][debug][gc,phases      ] GC(5)     Total                          Min: 0, Avg:  0.0, Max: 0, Diff: 0, Sum: 0, Workers: 4
[10.545s][debug][gc,phases      ] GC(5) Weak Processing 0.499ms
[10.545s][debug][gc,phases      ] GC(5) ClassLoaderData 0.101ms
[10.545s][debug][gc,phases      ] GC(5) Trigger cleanups 0.000ms
[10.555s][debug][gc,phases      ] GC(5) Class Unloading 9.808ms
[10.555s][info ][gc,phases      ] GC(5) Marking Phase 331.196ms
[10.555s][info ][gc,phases,start] GC(5) Summary Phase
[10.555s][info ][gc,phases      ] GC(5) Summary Phase 0.025ms
[10.555s][info ][gc,phases,start] GC(5) Adjust Roots
[10.565s][info ][gc,phases      ] GC(5) Adjust Roots 10.219ms
[10.565s][info ][gc,phases,start] GC(5) Compaction Phase
[11.329s][info ][gc,phases      ] GC(5) Compaction Phase 763.601ms
[11.329s][info ][gc,phases,start] GC(5) Post Compact
[11.334s][info ][gc,phases      ] GC(5) Post Compact 4.876ms
[11.334s][info ][gc,heap        ] GC(5) PSYoungGen: 1048576K(1572864K)->535724K(1572864K) Eden: 1048576K(1048576K)->535724K(1048576K) From: 0K(524288K)->0K(524288K)
[11.334s][info ][gc,heap        ] GC(5) ParOldGen: 6139K(6144K)->6133K(18944K)
[11.334s][info ][gc,metaspace   ] GC(5) Metaspace: 61914K(62656K)->61914K(62656K) NonClass: 52769K(53184K)->52769K(53184K) Class: 9145K(9472K)->9145K(9472K)
[11.334s][info ][gc             ] GC(5) Pause Full (Ergonomics) 1029M->529M(1554M) 1110.179ms
[11.334s][info ][gc,cpu         ] GC(5) User=3.98s Sys=0.01s Real=1.11s
[11.334s][info ][safepoint      ] Safepoint "ParallelGCFailedAllocation", Time since last: 157220369 ns, Reaching safepoint: 234308 ns, At safepoint: 1110323706 ns, Total: 1110558014 ns
[12.105s][info ][safepoint      ] Safepoint "ICBufferFull", Time since last: 770904684 ns, Reaching safepoint: 140305 ns, At safepoint: 20100 ns, Total: 160405 ns
[12.697s][info ][gc,start       ] GC(6) Pause Young (Allocation Failure)
[12.890s][debug][gc,phases      ] GC(6) Scavenge 193.250ms
[12.890s][debug][gc,ref         ] GC(6) Skipped phase 1 of Reference Processing: no references
[12.891s][debug][gc,ref         ] GC(6) ReferenceProcessor::execute queues: 4, RefProcThreadModel::Multi, marks_oops_alive: false
[12.891s][debug][gc,ref         ] GC(6) Skipped phase 3 of Reference Processing: no references
[12.891s][debug][gc,ref         ] GC(6) ReferenceProcessor::execute queues: 1, RefProcThreadModel::Single, marks_oops_alive: false
[12.891s][debug][gc,phases      ] GC(6) Reference Processing 0.838ms
[12.892s][debug][gc,phases      ] GC(6)   VM Weak                        Min:  0.0, Avg:  0.0, Max:  0.0, Diff:  0.0, Sum:  0.0, Workers: 4
[12.892s][debug][gc,phases      ] GC(6)     Dead                           Min: 0, Avg:  0.0, Max: 0, Diff: 0, Sum: 0, Workers: 4
[12.892s][debug][gc,phases      ] GC(6)     Total                          Min: 0, Avg: 144.5, Max: 322, Diff: 322, Sum: 578, Workers: 4
[12.892s][debug][gc,phases      ] GC(6)   ObjectSynchronizer Weak        Min:  0.0, Avg:  0.0, Max:  0.0, Diff:  0.0, Sum:  0.0, Workers: 4
[12.892s][debug][gc,phases      ] GC(6)     Dead                           Min: 0, Avg:  0.0, Max: 0, Diff: 0, Sum: 0, Workers: 4
[12.892s][debug][gc,phases      ] GC(6)     Total                          Min: 0, Avg: 10.0, Max: 40, Diff: 40, Sum: 40, Workers: 4
[12.892s][debug][gc,phases      ] GC(6)   JVMTI Tag Weak OopStorage      Min:  0.0, Avg:  0.0, Max:  0.0, Diff:  0.0, Sum:  0.0, Workers: 4
[12.892s][debug][gc,phases      ] GC(6)     Dead                           Min: 0, Avg:  0.0, Max: 0, Diff: 0, Sum: 0, Workers: 4
[12.892s][debug][gc,phases      ] GC(6)     Total                          Min: 0, Avg:  0.0, Max: 0, Diff: 0, Sum: 0, Workers: 4
[12.892s][debug][gc,phases      ] GC(6)   StringTable Weak               Min:  0.4, Avg:  0.5, Max:  0.5, Diff:  0.1, Sum:  1.9, Workers: 4
[12.892s][debug][gc,phases      ] GC(6)     Dead                           Min: 0, Avg:  0.5, Max: 2, Diff: 2, Sum: 2, Workers: 4
[12.892s][debug][gc,phases      ] GC(6)     Total                          Min: 7488, Avg: 9259.2, Max: 11584, Diff: 4096, Sum: 37037, Workers: 4
[12.892s][debug][gc,phases      ] GC(6)   ResolvedMethodTable Weak       Min:  0.1, Avg:  0.1, Max:  0.1, Diff:  0.0, Sum:  0.4, Workers: 4
[12.892s][debug][gc,phases      ] GC(6)     Dead                           Min: 0, Avg:  4.5, Max: 18, Diff: 18, Sum: 18, Workers: 4
[12.892s][debug][gc,phases      ] GC(6)     Total                          Min: 1663, Avg: 1725.2, Max: 1792, Diff: 129, Sum: 6901, Workers: 4
[12.892s][debug][gc,phases      ] GC(6)   JNI Weak                       Min:  0.0, Avg:  0.0, Max:  0.0, Diff:  0.0, Sum:  0.0, Workers: 4
[12.892s][debug][gc,phases      ] GC(6)     Dead                           Min: 0, Avg:  0.0, Max: 0, Diff: 0, Sum: 0, Workers: 4
[12.892s][debug][gc,phases      ] GC(6)     Total                          Min: 0, Avg: 18.0, Max: 45, Diff: 45, Sum: 72, Workers: 4
[12.892s][debug][gc,phases      ] GC(6)   StringDedup Table Weak         Min:  0.0, Avg:  0.0, Max:  0.0, Diff:  0.0, Sum:  0.0, Workers: 4
[12.892s][debug][gc,phases      ] GC(6)     Dead                           Min: 0, Avg:  0.0, Max: 0, Diff: 0, Sum: 0, Workers: 4
[12.892s][debug][gc,phases      ] GC(6)     Total                          Min: 0, Avg:  0.0, Max: 0, Diff: 0, Sum: 0, Workers: 4
[12.892s][debug][gc,phases      ] GC(6)   StringDedup Requests0 Weak     Min:  0.0, Avg:  0.0, Max:  0.0, Diff:  0.0, Sum:  0.0, Workers: 4
[12.892s][debug][gc,phases      ] GC(6)     Dead                           Min: 0, Avg:  0.0, Max: 0, Diff: 0, Sum: 0, Workers: 4
[12.892s][debug][gc,phases      ] GC(6)     Total                          Min: 0, Avg:  0.0, Max: 0, Diff: 0, Sum: 0, Workers: 4
[12.892s][debug][gc,phases      ] GC(6)   StringDedup Requests1 Weak     Min:  0.0, Avg:  0.0, Max:  0.0, Diff:  0.0, Sum:  0.0, Workers: 4
[12.892s][debug][gc,phases      ] GC(6)     Dead                           Min: 0, Avg:  0.0, Max: 0, Diff: 0, Sum: 0, Workers: 4
[12.892s][debug][gc,phases      ] GC(6)     Total                          Min: 0, Avg:  0.0, Max: 0, Diff: 0, Sum: 0, Workers: 4
[12.892s][debug][gc,phases      ] GC(6)   Weak JFR Old Object Samples    Min:  0.0, Avg:  0.0, Max:  0.0, Diff:  0.0, Sum:  0.0, Workers: 4
[12.892s][debug][gc,phases      ] GC(6)     Dead                           Min: 0, Avg:  0.0, Max: 0, Diff: 0, Sum: 0, Workers: 4
[12.892s][debug][gc,phases      ] GC(6)     Total                          Min: 0, Avg:  0.0, Max: 0, Diff: 0, Sum: 0, Workers: 4
[12.892s][debug][gc,phases      ] GC(6) Weak Processing 0.853ms
[12.892s][debug][gc,age         ] GC(6) Desired survivor size 536870912 bytes, new threshold 7 (max threshold 15)
[12.892s][info ][gc,heap        ] GC(6) PSYoungGen: 1048576K(1572864K)->299638K(1572864K) Eden: 1048576K(1048576K)->0K(1048576K) From: 0K(524288K)->299638K(524288K)
[12.892s][info ][gc,heap        ] GC(6) ParOldGen: 6133K(18944K)->6186K(18944K)
[12.892s][info ][gc,metaspace   ] GC(6) Metaspace: 62428K(63168K)->62428K(63168K) NonClass: 53203K(53632K)->53203K(53632K) Class: 9225K(9536K)->9225K(9536K)
[12.892s][info ][gc             ] GC(6) Pause Young (Allocation Failure) 1029M->298M(1554M) 195.097ms
[12.892s][info ][gc,cpu         ] GC(6) User=0.54s Sys=0.15s Real=0.20s
[12.892s][info ][safepoint      ] Safepoint "ParallelGCFailedAllocation", Time since last: 591884426 ns, Reaching safepoint: 214207 ns, At safepoint: 195205178 ns, Total: 195419385 ns
[13.176s][info ][safepoint      ] Safepoint "ICBufferFull", Time since last: 283677378 ns, Reaching safepoint: 181005 ns, At safepoint: 10901 ns, Total: 191906 ns
[13.307s][info ][safepoint      ] Safepoint "ICBufferFull", Time since last: 130471529 ns, Reaching safepoint: 234907 ns, At safepoint: 12101 ns, Total: 247008 ns
[13.398s][info ][safepoint      ] Safepoint "ICBufferFull", Time since last: 90830675 ns, Reaching safepoint: 341510 ns, At safepoint: 4400 ns, Total: 345910 ns
[13.885s][info ][safepoint      ] Safepoint "ICBufferFull", Time since last: 486464700 ns, Reaching safepoint: 266808 ns, At safepoint: 6101 ns, Total: 272909 ns
[14.487s][info ][safepoint      ] Safepoint "ICBufferFull", Time since last: 601738352 ns, Reaching safepoint: 232007 ns, At safepoint: 12401 ns, Total: 244408 ns
[15.044s][info ][safepoint      ] Safepoint "ICBufferFull", Time since last: 557481756 ns, Reaching safepoint: 189206 ns, At safepoint: 13001 ns, Total: 202207 ns
[15.189s][info ][safepoint      ] Safepoint "ICBufferFull", Time since last: 144325271 ns, Reaching safepoint: 228707 ns, At safepoint: 14101 ns, Total: 242808 ns
[15.312s][info ][safepoint      ] Safepoint "ICBufferFull", Time since last: 122827090 ns, Reaching safepoint: 269309 ns, At safepoint: 10700 ns, Total: 280009 ns
[15.368s][info ][safepoint      ] Safepoint "ICBufferFull", Time since last: 53529396 ns, Reaching safepoint: 2286472 ns, At safepoint: 14601 ns, Total: 2301073 ns
[15.503s][info ][safepoint      ] Safepoint "ICBufferFull", Time since last: 135231783 ns, Reaching safepoint: 218807 ns, At safepoint: 8700 ns, Total: 227507 ns
[15.770s][info ][safepoint      ] Safepoint "ICBufferFull", Time since last: 266982059 ns, Reaching safepoint: 177106 ns, At safepoint: 10900 ns, Total: 188006 ns
[16.268s][info ][safepoint      ] Safepoint "ICBufferFull", Time since last: 497553566 ns, Reaching safepoint: 218007 ns, At safepoint: 6600 ns, Total: 224607 ns
[17.268s][info ][safepoint      ] Safepoint "Cleanup", Time since last: 1000100900 ns, Reaching safepoint: 115204 ns, At safepoint: 11800 ns, Total: 127004 ns
[18.269s][info ][safepoint      ] Safepoint "Cleanup", Time since last: 1000127114 ns, Reaching safepoint: 95803 ns, At safepoint: 4500 ns, Total: 100303 ns
[18.865s][info ][safepoint      ] Safepoint "ICBufferFull", Time since last: 596548522 ns, Reaching safepoint: 183006 ns, At safepoint: 6100 ns, Total: 189106 ns
[19.405s][info ][safepoint      ] Safepoint "ICBufferFull", Time since last: 539410314 ns, Reaching safepoint: 231107 ns, At safepoint: 9001 ns, Total: 240108 ns
[19.586s][info ][safepoint      ] Safepoint "ICBufferFull", Time since last: 180208917 ns, Reaching safepoint: 232808 ns, At safepoint: 9500 ns, Total: 242308 ns
[19.590s][info ][gc,start       ] GC(7) Pause Young (Allocation Failure)
[19.740s][debug][gc,phases      ] GC(7) Scavenge 149.362ms
[19.740s][debug][gc,ref         ] GC(7) Skipped phase 1 of Reference Processing: no references
[19.740s][debug][gc,ref         ] GC(7) ReferenceProcessor::execute queues: 4, RefProcThreadModel::Multi, marks_oops_alive: false
[19.741s][debug][gc,ref         ] GC(7) ReferenceProcessor::execute queues: 4, RefProcThreadModel::Multi, marks_oops_alive: true
[19.741s][debug][gc,ref         ] GC(7) ReferenceProcessor::execute queues: 1, RefProcThreadModel::Single, marks_oops_alive: false
[19.741s][debug][gc,phases      ] GC(7) Reference Processing 0.944ms
[19.742s][debug][gc,phases      ] GC(7)   VM Weak                        Min:  0.0, Avg:  0.0, Max:  0.0, Diff:  0.0, Sum:  0.0, Workers: 4
[19.742s][debug][gc,phases      ] GC(7)     Dead                           Min: 0, Avg:  0.0, Max: 0, Diff: 0, Sum: 0, Workers: 4
[19.742s][debug][gc,phases      ] GC(7)     Total                          Min: 64, Avg: 156.2, Max: 369, Diff: 305, Sum: 625, Workers: 4
[19.742s][debug][gc,phases      ] GC(7)   ObjectSynchronizer Weak        Min:  0.0, Avg:  0.0, Max:  0.0, Diff:  0.0, Sum:  0.0, Workers: 4
[19.742s][debug][gc,phases      ] GC(7)     Dead                           Min: 0, Avg:  0.5, Max: 2, Diff: 2, Sum: 2, Workers: 4
[19.742s][debug][gc,phases      ] GC(7)     Total                          Min: 0, Avg: 11.0, Max: 44, Diff: 44, Sum: 44, Workers: 4
[19.742s][debug][gc,phases      ] GC(7)   JVMTI Tag Weak OopStorage      Min:  0.0, Avg:  0.0, Max:  0.0, Diff:  0.0, Sum:  0.0, Workers: 4
[19.742s][debug][gc,phases      ] GC(7)     Dead                           Min: 0, Avg:  0.0, Max: 0, Diff: 0, Sum: 0, Workers: 4
[19.742s][debug][gc,phases      ] GC(7)     Total                          Min: 0, Avg:  0.0, Max: 0, Diff: 0, Sum: 0, Workers: 4
[19.742s][debug][gc,phases      ] GC(7)   StringTable Weak               Min:  0.5, Avg:  0.5, Max:  0.5, Diff:  0.0, Sum:  2.1, Workers: 4
[19.742s][debug][gc,phases      ] GC(7)     Dead                           Min: 1, Avg:  2.5, Max: 3, Diff: 2, Sum: 10, Workers: 4
[19.742s][debug][gc,phases      ] GC(7)     Total                          Min: 9792, Avg: 10144.0, Max: 10880, Diff: 1088, Sum: 40576, Workers: 4
[19.742s][debug][gc,phases      ] GC(7)   ResolvedMethodTable Weak       Min:  0.1, Avg:  0.1, Max:  0.1, Diff:  0.0, Sum:  0.4, Workers: 4
[19.742s][debug][gc,phases      ] GC(7)     Dead                           Min: 0, Avg: 41.8, Max: 79, Diff: 79, Sum: 167, Workers: 4
[19.742s][debug][gc,phases      ] GC(7)     Total                          Min: 1856, Avg: 1942.5, Max: 2202, Diff: 346, Sum: 7770, Workers: 4
[19.742s][debug][gc,phases      ] GC(7)   JNI Weak                       Min:  0.0, Avg:  0.0, Max:  0.0, Diff:  0.0, Sum:  0.0, Workers: 4
[19.742s][debug][gc,phases      ] GC(7)     Dead                           Min: 0, Avg:  0.0, Max: 0, Diff: 0, Sum: 0, Workers: 4
[19.742s][debug][gc,phases      ] GC(7)     Total                          Min: 0, Avg: 19.0, Max: 76, Diff: 76, Sum: 76, Workers: 4
[19.742s][debug][gc,phases      ] GC(7)   StringDedup Table Weak         Min:  0.0, Avg:  0.0, Max:  0.0, Diff:  0.0, Sum:  0.0, Workers: 4
[19.742s][debug][gc,phases      ] GC(7)     Dead                           Min: 0, Avg:  0.0, Max: 0, Diff: 0, Sum: 0, Workers: 4
[19.742s][debug][gc,phases      ] GC(7)     Total                          Min: 0, Avg:  0.0, Max: 0, Diff: 0, Sum: 0, Workers: 4
[19.742s][debug][gc,phases      ] GC(7)   StringDedup Requests0 Weak     Min:  0.0, Avg:  0.0, Max:  0.0, Diff:  0.0, Sum:  0.0, Workers: 4
[19.742s][debug][gc,phases      ] GC(7)     Dead                           Min: 0, Avg:  0.0, Max: 0, Diff: 0, Sum: 0, Workers: 4
[19.742s][debug][gc,phases      ] GC(7)     Total                          Min: 0, Avg:  0.0, Max: 0, Diff: 0, Sum: 0, Workers: 4
[19.742s][debug][gc,phases      ] GC(7)   StringDedup Requests1 Weak     Min:  0.0, Avg:  0.0, Max:  0.0, Diff:  0.0, Sum:  0.0, Workers: 4
[19.742s][debug][gc,phases      ] GC(7)     Dead                           Min: 0, Avg:  0.0, Max: 0, Diff: 0, Sum: 0, Workers: 4
[19.742s][debug][gc,phases      ] GC(7)     Total                          Min: 0, Avg:  0.0, Max: 0, Diff: 0, Sum: 0, Workers: 4
[19.742s][debug][gc,phases      ] GC(7)   Weak JFR Old Object Samples    Min:  0.0, Avg:  0.0, Max:  0.0, Diff:  0.0, Sum:  0.0, Workers: 4
[19.742s][debug][gc,phases      ] GC(7)     Dead                           Min: 0, Avg:  0.0, Max: 0, Diff: 0, Sum: 0, Workers: 4
[19.742s][debug][gc,phases      ] GC(7)     Total                          Min: 0, Avg:  0.0, Max: 0, Diff: 0, Sum: 0, Workers: 4
[19.742s][debug][gc,phases      ] GC(7) Weak Processing 0.835ms
[19.742s][debug][gc,age         ] GC(7) Desired survivor size 536870912 bytes, new threshold 7 (max threshold 15)
[19.742s][info ][gc,heap        ] GC(7) PSYoungGen: 1348214K(1572864K)->282720K(1572864K) Eden: 1048576K(1048576K)->0K(1048576K) From: 299638K(524288K)->282720K(524288K)
[19.742s][info ][gc,heap        ] GC(7) ParOldGen: 6186K(18944K)->6210K(18944K)
[19.742s][info ][gc,metaspace   ] GC(7) Metaspace: 72970K(73728K)->72970K(73728K) NonClass: 62426K(62848K)->62426K(62848K) Class: 10544K(10880K)->10544K(10880K)
[19.742s][info ][gc             ] GC(7) Pause Young (Allocation Failure) 1322M->282M(1554M) 151.300ms
[19.742s][info ][gc,cpu         ] GC(7) User=0.46s Sys=0.05s Real=0.15s
[19.742s][info ][safepoint      ] Safepoint "ParallelGCFailedAllocation", Time since last: 4751051 ns, Reaching safepoint: 69602 ns, At safepoint: 151389805 ns, Total: 151459407 ns
[20.274s][info ][safepoint      ] Safepoint "ICBufferFull", Time since last: 532131789 ns, Reaching safepoint: 184006 ns, At safepoint: 23901 ns, Total: 207907 ns
[21.583s][info ][safepoint      ] Safepoint "ICBufferFull", Time since last: 1308432342 ns, Reaching safepoint: 189906 ns, At safepoint: 6000 ns, Total: 195906 ns
[22.935s][info ][safepoint      ] Safepoint "ICBufferFull", Time since last: 1352411765 ns, Reaching safepoint: 212106 ns, At safepoint: 3100 ns, Total: 215206 ns
[23.936s][info ][safepoint      ] Safepoint "Cleanup", Time since last: 1000129987 ns, Reaching safepoint: 147305 ns, At safepoint: 11000 ns, Total: 158305 ns
[24.936s][info ][safepoint      ] Safepoint "Cleanup", Time since last: 1000130200 ns, Reaching safepoint: 85803 ns, At safepoint: 2600 ns, Total: 88403 ns
[25.936s][info ][safepoint      ] Safepoint "Cleanup", Time since last: 1000118712 ns, Reaching safepoint: 85003 ns, At safepoint: 6100 ns, Total: 91103 ns
[26.936s][info ][safepoint      ] Safepoint "Cleanup", Time since last: 1000111825 ns, Reaching safepoint: 97403 ns, At safepoint: 6300 ns, Total: 103703 ns
[27.936s][info ][safepoint      ] Safepoint "Cleanup", Time since last: 1000104538 ns, Reaching safepoint: 60102 ns, At safepoint: 2100 ns, Total: 62202 ns
[28.277s][info ][safepoint      ] Safepoint "ICBufferFull", Time since last: 340416339 ns, Reaching safepoint: 221107 ns, At safepoint: 3100 ns, Total: 224207 ns
[28.372s][info ][safepoint      ] Safepoint "ICBufferFull", Time since last: 95006426 ns, Reaching safepoint: 305609 ns, At safepoint: 9801 ns, Total: 315410 ns
[28.643s][info ][safepoint      ] Safepoint "ICBufferFull", Time since last: 270223505 ns, Reaching safepoint: 196606 ns, At safepoint: 6900 ns, Total: 203506 ns
[28.861s][info ][gc,start       ] GC(8) Pause Young (Allocation Failure)
[28.964s][debug][gc,phases      ] GC(8) Scavenge 103.199ms
[28.964s][debug][gc,ref         ] GC(8) Skipped phase 1 of Reference Processing: no references
[28.964s][debug][gc,ref         ] GC(8) ReferenceProcessor::execute queues: 4, RefProcThreadModel::Multi, marks_oops_alive: false
[28.965s][debug][gc,ref         ] GC(8) ReferenceProcessor::execute queues: 4, RefProcThreadModel::Multi, marks_oops_alive: true
[28.965s][debug][gc,ref         ] GC(8) ReferenceProcessor::execute queues: 1, RefProcThreadModel::Single, marks_oops_alive: false
[28.965s][debug][gc,phases      ] GC(8) Reference Processing 1.015ms
[28.966s][debug][gc,phases      ] GC(8)   VM Weak                        Min:  0.0, Avg:  0.0, Max:  0.0, Diff:  0.0, Sum:  0.0, Workers: 4
[28.966s][debug][gc,phases      ] GC(8)     Dead                           Min: 0, Avg:  0.0, Max: 0, Diff: 0, Sum: 0, Workers: 4
[28.966s][debug][gc,phases      ] GC(8)     Total                          Min: 0, Avg: 158.0, Max: 376, Diff: 376, Sum: 632, Workers: 4
[28.966s][debug][gc,phases      ] GC(8)   ObjectSynchronizer Weak        Min:  0.0, Avg:  0.0, Max:  0.0, Diff:  0.0, Sum:  0.0, Workers: 4
[28.966s][debug][gc,phases      ] GC(8)     Dead                           Min: 0, Avg:  0.2, Max: 1, Diff: 1, Sum: 1, Workers: 4
[28.966s][debug][gc,phases      ] GC(8)     Total                          Min: 0, Avg: 11.8, Max: 47, Diff: 47, Sum: 47, Workers: 4
[28.966s][debug][gc,phases      ] GC(8)   JVMTI Tag Weak OopStorage      Min:  0.0, Avg:  0.0, Max:  0.0, Diff:  0.0, Sum:  0.0, Workers: 4
[28.966s][debug][gc,phases      ] GC(8)     Dead                           Min: 0, Avg:  0.0, Max: 0, Diff: 0, Sum: 0, Workers: 4
[28.966s][debug][gc,phases      ] GC(8)     Total                          Min: 0, Avg:  0.0, Max: 0, Diff: 0, Sum: 0, Workers: 4
[28.966s][debug][gc,phases      ] GC(8)   StringTable Weak               Min:  0.0, Avg:  0.4, Max:  0.5, Diff:  0.5, Sum:  1.6, Workers: 4
[28.966s][debug][gc,phases      ] GC(8)     Dead                           Min: 0, Avg:  1.2, Max: 2, Diff: 2, Sum: 5, Workers: 4
[28.966s][debug][gc,phases      ] GC(8)     Total                          Min: 0, Avg: 10280.5, Max: 16832, Diff: 16832, Sum: 41122, Workers: 4
[28.966s][debug][gc,phases      ] GC(8)   ResolvedMethodTable Weak       Min:  0.0, Avg:  0.1, Max:  0.1, Diff:  0.1, Sum:  0.3, Workers: 4
[28.966s][debug][gc,phases      ] GC(8)     Dead                           Min: 0, Avg:  7.2, Max: 18, Diff: 18, Sum: 29, Workers: 4
[28.966s][debug][gc,phases      ] GC(8)     Total                          Min: 0, Avg: 1971.0, Max: 2828, Diff: 2828, Sum: 7884, Workers: 4
[28.966s][debug][gc,phases      ] GC(8)   JNI Weak                       Min:  0.0, Avg:  0.0, Max:  0.0, Diff:  0.0, Sum:  0.0, Workers: 4
[28.966s][debug][gc,phases      ] GC(8)     Dead                           Min: 0, Avg:  0.0, Max: 0, Diff: 0, Sum: 0, Workers: 4
[28.966s][debug][gc,phases      ] GC(8)     Total                          Min: 0, Avg: 16.0, Max: 46, Diff: 46, Sum: 64, Workers: 4
[28.966s][debug][gc,phases      ] GC(8)   StringDedup Table Weak         Min:  0.0, Avg:  0.0, Max:  0.0, Diff:  0.0, Sum:  0.0, Workers: 4
[28.966s][debug][gc,phases      ] GC(8)     Dead                           Min: 0, Avg:  0.0, Max: 0, Diff: 0, Sum: 0, Workers: 4
[28.966s][debug][gc,phases      ] GC(8)     Total                          Min: 0, Avg:  0.0, Max: 0, Diff: 0, Sum: 0, Workers: 4
[28.966s][debug][gc,phases      ] GC(8)   StringDedup Requests0 Weak     Min:  0.0, Avg:  0.0, Max:  0.0, Diff:  0.0, Sum:  0.0, Workers: 4
[28.966s][debug][gc,phases      ] GC(8)     Dead                           Min: 0, Avg:  0.0, Max: 0, Diff: 0, Sum: 0, Workers: 4
[28.966s][debug][gc,phases      ] GC(8)     Total                          Min: 0, Avg:  0.0, Max: 0, Diff: 0, Sum: 0, Workers: 4
[28.966s][debug][gc,phases      ] GC(8)   StringDedup Requests1 Weak     Min:  0.0, Avg:  0.0, Max:  0.0, Diff:  0.0, Sum:  0.0, Workers: 4
[28.966s][debug][gc,phases      ] GC(8)     Dead                           Min: 0, Avg:  0.0, Max: 0, Diff: 0, Sum: 0, Workers: 4
[28.966s][debug][gc,phases      ] GC(8)     Total                          Min: 0, Avg:  0.0, Max: 0, Diff: 0, Sum: 0, Workers: 4
[28.966s][debug][gc,phases      ] GC(8)   Weak JFR Old Object Samples    Min:  0.0, Avg:  0.0, Max:  0.0, Diff:  0.0, Sum:  0.0, Workers: 4
[28.966s][debug][gc,phases      ] GC(8)     Dead                           Min: 0, Avg:  0.0, Max: 0, Diff: 0, Sum: 0, Workers: 4
[28.966s][debug][gc,phases      ] GC(8)     Total                          Min: 0, Avg:  0.0, Max: 0, Diff: 0, Sum: 0, Workers: 4
[28.966s][debug][gc,phases      ] GC(8) Weak Processing 0.869ms
[28.966s][debug][gc,age         ] GC(8) Desired survivor size 417333248 bytes, new threshold 8 (max threshold 15)
[28.966s][info ][gc,heap        ] GC(8) PSYoungGen: 1331296K(1572864K)->255297K(1689600K) Eden: 1048576K(1048576K)->0K(1165312K) From: 282720K(524288K)->255297K(524288K)
[28.966s][info ][gc,heap        ] GC(8) ParOldGen: 6210K(18944K)->6226K(18944K)
[28.966s][info ][gc,metaspace   ] GC(8) Metaspace: 74136K(74944K)->74136K(74944K) NonClass: 63497K(63936K)->63497K(63936K) Class: 10638K(11008K)->10638K(11008K)
[28.966s][info ][gc             ] GC(8) Pause Young (Allocation Failure) 1306M->255M(1668M) 105.225ms
[28.966s][info ][gc,cpu         ] GC(8) User=0.36s Sys=0.00s Real=0.11s
[28.966s][info ][safepoint      ] Safepoint "ParallelGCFailedAllocation", Time since last: 217719636 ns, Reaching safepoint: 291009 ns, At safepoint: 105318455 ns, Total: 105609464 ns
[29.856s][info ][safepoint      ] Safepoint "ICBufferFull", Time since last: 890042156 ns, Reaching safepoint: 259908 ns, At safepoint: 7100 ns, Total: 267008 ns
[30.669s][info ][gc,start       ] GC(9) Pause Young (Allocation Failure)
[30.833s][debug][gc,phases      ] GC(9) Scavenge 163.896ms
[30.833s][debug][gc,ref         ] GC(9) Skipped phase 1 of Reference Processing: no references
[30.834s][debug][gc,ref         ] GC(9) ReferenceProcessor::execute queues: 4, RefProcThreadModel::Multi, marks_oops_alive: false
[30.835s][debug][gc,ref         ] GC(9) Skipped phase 3 of Reference Processing: no references
[30.835s][debug][gc,ref         ] GC(9) ReferenceProcessor::execute queues: 1, RefProcThreadModel::Single, marks_oops_alive: false
[30.835s][debug][gc,phases      ] GC(9) Reference Processing 1.483ms
[30.836s][debug][gc,phases      ] GC(9)   VM Weak                        Min:  0.0, Avg:  0.0, Max:  0.0, Diff:  0.0, Sum:  0.0, Workers: 4
[30.836s][debug][gc,phases      ] GC(9)     Dead                           Min: 0, Avg:  0.0, Max: 0, Diff: 0, Sum: 0, Workers: 4
[30.836s][debug][gc,phases      ] GC(9)     Total                          Min: 0, Avg: 158.8, Max: 384, Diff: 384, Sum: 635, Workers: 4
[30.836s][debug][gc,phases      ] GC(9)   ObjectSynchronizer Weak        Min:  0.0, Avg:  0.0, Max:  0.0, Diff:  0.0, Sum:  0.0, Workers: 4
[30.836s][debug][gc,phases      ] GC(9)     Dead                           Min: 0, Avg:  0.0, Max: 0, Diff: 0, Sum: 0, Workers: 4
[30.836s][debug][gc,phases      ] GC(9)     Total                          Min: 0, Avg: 11.8, Max: 47, Diff: 47, Sum: 47, Workers: 4
[30.836s][debug][gc,phases      ] GC(9)   JVMTI Tag Weak OopStorage      Min:  0.0, Avg:  0.0, Max:  0.0, Diff:  0.0, Sum:  0.0, Workers: 4
[30.836s][debug][gc,phases      ] GC(9)     Dead                           Min: 0, Avg:  0.0, Max: 0, Diff: 0, Sum: 0, Workers: 4
[30.836s][debug][gc,phases      ] GC(9)     Total                          Min: 0, Avg:  0.0, Max: 0, Diff: 0, Sum: 0, Workers: 4
[30.836s][debug][gc,phases      ] GC(9)   StringTable Weak               Min:  0.0, Avg:  0.5, Max:  0.7, Diff:  0.7, Sum:  2.0, Workers: 4
[30.836s][debug][gc,phases      ] GC(9)     Dead                           Min: 0, Avg:  0.8, Max: 3, Diff: 3, Sum: 3, Workers: 4
[30.836s][debug][gc,phases      ] GC(9)     Total                          Min: 0, Avg: 10302.2, Max: 14080, Diff: 14080, Sum: 41209, Workers: 4
[30.836s][debug][gc,phases      ] GC(9)   ResolvedMethodTable Weak       Min:  0.0, Avg:  0.1, Max:  0.1, Diff:  0.1, Sum:  0.4, Workers: 4
[30.836s][debug][gc,phases      ] GC(9)     Dead                           Min: 0, Avg:  0.0, Max: 0, Diff: 0, Sum: 0, Workers: 4
[30.836s][debug][gc,phases      ] GC(9)     Total                          Min: 0, Avg: 1982.0, Max: 2938, Diff: 2938, Sum: 7928, Workers: 4
[30.836s][debug][gc,phases      ] GC(9)   JNI Weak                       Min:  0.0, Avg:  0.0, Max:  0.0, Diff:  0.0, Sum:  0.0, Workers: 4
[30.836s][debug][gc,phases      ] GC(9)     Dead                           Min: 0, Avg:  0.0, Max: 0, Diff: 0, Sum: 0, Workers: 4
[30.836s][debug][gc,phases      ] GC(9)     Total                          Min: 0, Avg: 15.8, Max: 63, Diff: 63, Sum: 63, Workers: 4
[30.836s][debug][gc,phases      ] GC(9)   StringDedup Table Weak         Min:  0.0, Avg:  0.0, Max:  0.0, Diff:  0.0, Sum:  0.0, Workers: 4
[30.836s][debug][gc,phases      ] GC(9)     Dead                           Min: 0, Avg:  0.0, Max: 0, Diff: 0, Sum: 0, Workers: 4
[30.836s][debug][gc,phases      ] GC(9)     Total                          Min: 0, Avg:  0.0, Max: 0, Diff: 0, Sum: 0, Workers: 4
[30.836s][debug][gc,phases      ] GC(9)   StringDedup Requests0 Weak     Min:  0.0, Avg:  0.0, Max:  0.0, Diff:  0.0, Sum:  0.0, Workers: 4
[30.836s][debug][gc,phases      ] GC(9)     Dead                           Min: 0, Avg:  0.0, Max: 0, Diff: 0, Sum: 0, Workers: 4
[30.836s][debug][gc,phases      ] GC(9)     Total                          Min: 0, Avg:  0.0, Max: 0, Diff: 0, Sum: 0, Workers: 4
[30.836s][debug][gc,phases      ] GC(9)   StringDedup Requests1 Weak     Min:  0.0, Avg:  0.0, Max:  0.0, Diff:  0.0, Sum:  0.0, Workers: 4
[30.836s][debug][gc,phases      ] GC(9)     Dead                           Min: 0, Avg:  0.0, Max: 0, Diff: 0, Sum: 0, Workers: 4
[30.836s][debug][gc,phases      ] GC(9)     Total                          Min: 0, Avg:  0.0, Max: 0, Diff: 0, Sum: 0, Workers: 4
[30.836s][debug][gc,phases      ] GC(9)   Weak JFR Old Object Samples    Min:  0.0, Avg:  0.0, Max:  0.0, Diff:  0.0, Sum:  0.0, Workers: 4
[30.836s][debug][gc,phases      ] GC(9)     Dead                           Min: 0, Avg:  0.0, Max: 0, Diff: 0, Sum: 0, Workers: 4
[30.836s][debug][gc,phases      ] GC(9)     Total                          Min: 0, Avg:  0.0, Max: 0, Diff: 0, Sum: 0, Workers: 4
[30.836s][debug][gc,phases      ] GC(9) Weak Processing 1.025ms
[30.836s][debug][gc,age         ] GC(9) Desired survivor size 445120512 bytes, new threshold 9 (max threshold 15)
[30.836s][info ][gc,heap        ] GC(9) PSYoungGen: 1420609K(1689600K)->300315K(1572864K) Eden: 1165312K(1165312K)->0K(1165312K) From: 255297K(524288K)->300315K(407552K)
[30.836s][info ][gc,heap        ] GC(9) ParOldGen: 6226K(18944K)->6234K(18944K)
[30.836s][info ][gc,metaspace   ] GC(9) Metaspace: 74454K(75264K)->74454K(75264K) NonClass: 63781K(64256K)->63781K(64256K) Class: 10673K(11008K)->10673K(11008K)
[30.836s][info ][gc             ] GC(9) Pause Young (Allocation Failure) 1393M->299M(1554M) 166.544ms
[30.836s][info ][gc,cpu         ] GC(9) User=0.59s Sys=0.00s Real=0.16s
[30.836s][info ][safepoint      ] Safepoint "ParallelGCFailedAllocation", Time since last: 812721901 ns, Reaching safepoint: 183906 ns, At safepoint: 166637812 ns, Total: 166821718 ns
[31.837s][info ][safepoint      ] Safepoint "Cleanup", Time since last: 1000359195 ns, Reaching safepoint: 307810 ns, At safepoint: 7300 ns, Total: 315110 ns
[32.837s][info ][safepoint      ] Safepoint "Cleanup", Time since last: 1000160202 ns, Reaching safepoint: 202806 ns, At safepoint: 9701 ns, Total: 212507 ns
[33.263s][info ][safepoint      ] Safepoint "ICBufferFull", Time since last: 425396572 ns, Reaching safepoint: 189106 ns, At safepoint: 6100 ns, Total: 195206 ns
[34.263s][info ][safepoint      ] Safepoint "Cleanup", Time since last: 1000124819 ns, Reaching safepoint: 140804 ns, At safepoint: 6500 ns, Total: 147304 ns
[34.889s][info ][gc,start       ] GC(10) Pause Young (Allocation Failure)
[35.017s][debug][gc,phases      ] GC(10) Scavenge 127.625ms
[35.017s][debug][gc,ref         ] GC(10) Skipped phase 1 of Reference Processing: no references
[35.017s][debug][gc,ref         ] GC(10) ReferenceProcessor::execute queues: 4, RefProcThreadModel::Multi, marks_oops_alive: false
[35.017s][debug][gc,ref         ] GC(10) Skipped phase 3 of Reference Processing: no references
[35.017s][debug][gc,ref         ] GC(10) ReferenceProcessor::execute queues: 1, RefProcThreadModel::Single, marks_oops_alive: false
[35.018s][debug][gc,phases      ] GC(10) Reference Processing 0.952ms
[35.018s][debug][gc,phases      ] GC(10)   VM Weak                        Min:  0.0, Avg:  0.0, Max:  0.0, Diff:  0.0, Sum:  0.0, Workers: 4
[35.018s][debug][gc,phases      ] GC(10)     Dead                           Min: 0, Avg:  0.0, Max: 0, Diff: 0, Sum: 0, Workers: 4
[35.018s][debug][gc,phases      ] GC(10)     Total                          Min: 0, Avg: 158.8, Max: 320, Diff: 320, Sum: 635, Workers: 4
[35.018s][debug][gc,phases      ] GC(10)   ObjectSynchronizer Weak        Min:  0.0, Avg:  0.0, Max:  0.0, Diff:  0.0, Sum:  0.0, Workers: 4
[35.018s][debug][gc,phases      ] GC(10)     Dead                           Min: 0, Avg:  0.0, Max: 0, Diff: 0, Sum: 0, Workers: 4
[35.018s][debug][gc,phases      ] GC(10)     Total                          Min: 0, Avg: 11.8, Max: 47, Diff: 47, Sum: 47, Workers: 4
[35.018s][debug][gc,phases      ] GC(10)   JVMTI Tag Weak OopStorage      Min:  0.0, Avg:  0.0, Max:  0.0, Diff:  0.0, Sum:  0.0, Workers: 4
[35.018s][debug][gc,phases      ] GC(10)     Dead                           Min: 0, Avg:  0.0, Max: 0, Diff: 0, Sum: 0, Workers: 4
[35.018s][debug][gc,phases      ] GC(10)     Total                          Min: 0, Avg:  0.0, Max: 0, Diff: 0, Sum: 0, Workers: 4
[35.018s][debug][gc,phases      ] GC(10)   StringTable Weak               Min:  0.5, Avg:  0.5, Max:  0.5, Diff:  0.0, Sum:  2.0, Workers: 4
[35.018s][debug][gc,phases      ] GC(10)     Dead                           Min: 0, Avg:  0.0, Max: 0, Diff: 0, Sum: 0, Workers: 4
[35.018s][debug][gc,phases      ] GC(10)     Total                          Min: 9739, Avg: 10338.8, Max: 10816, Diff: 1077, Sum: 41355, Workers: 4
[35.018s][debug][gc,phases      ] GC(10)   ResolvedMethodTable Weak       Min:  0.1, Avg:  0.1, Max:  0.1, Diff:  0.0, Sum:  0.4, Workers: 4
[35.018s][debug][gc,phases      ] GC(10)     Dead                           Min: 0, Avg:  0.0, Max: 0, Diff: 0, Sum: 0, Workers: 4
[35.018s][debug][gc,phases      ] GC(10)     Total                          Min: 1915, Avg: 1982.2, Max: 2112, Diff: 197, Sum: 7929, Workers: 4
[35.018s][debug][gc,phases      ] GC(10)   JNI Weak                       Min:  0.0, Avg:  0.0, Max:  0.0, Diff:  0.0, Sum:  0.0, Workers: 4
[35.018s][debug][gc,phases      ] GC(10)     Dead                           Min: 0, Avg:  0.0, Max: 0, Diff: 0, Sum: 0, Workers: 4
[35.018s][debug][gc,phases      ] GC(10)     Total                          Min: 0, Avg: 11.2, Max: 45, Diff: 45, Sum: 45, Workers: 4
[35.018s][debug][gc,phases      ] GC(10)   StringDedup Table Weak         Min:  0.0, Avg:  0.0, Max:  0.0, Diff:  0.0, Sum:  0.0, Workers: 4
[35.018s][debug][gc,phases      ] GC(10)     Dead                           Min: 0, Avg:  0.0, Max: 0, Diff: 0, Sum: 0, Workers: 4
[35.018s][debug][gc,phases      ] GC(10)     Total                          Min: 0, Avg:  0.0, Max: 0, Diff: 0, Sum: 0, Workers: 4
[35.018s][debug][gc,phases      ] GC(10)   StringDedup Requests0 Weak     Min:  0.0, Avg:  0.0, Max:  0.0, Diff:  0.0, Sum:  0.0, Workers: 4
[35.018s][debug][gc,phases      ] GC(10)     Dead                           Min: 0, Avg:  0.0, Max: 0, Diff: 0, Sum: 0, Workers: 4
[35.018s][debug][gc,phases      ] GC(10)     Total                          Min: 0, Avg:  0.0, Max: 0, Diff: 0, Sum: 0, Workers: 4
[35.018s][debug][gc,phases      ] GC(10)   StringDedup Requests1 Weak     Min:  0.0, Avg:  0.0, Max:  0.0, Diff:  0.0, Sum:  0.0, Workers: 4
[35.018s][debug][gc,phases      ] GC(10)     Dead                           Min: 0, Avg:  0.0, Max: 0, Diff: 0, Sum: 0, Workers: 4
[35.018s][debug][gc,phases      ] GC(10)     Total                          Min: 0, Avg:  0.0, Max: 0, Diff: 0, Sum: 0, Workers: 4
[35.018s][debug][gc,phases      ] GC(10)   Weak JFR Old Object Samples    Min:  0.0, Avg:  0.0, Max:  0.0, Diff:  0.0, Sum:  0.0, Workers: 4
[35.018s][debug][gc,phases      ] GC(10)     Dead                           Min: 0, Avg:  0.0, Max: 0, Diff: 0, Sum: 0, Workers: 4
[35.018s][debug][gc,phases      ] GC(10)     Total                          Min: 0, Avg:  0.0, Max: 0, Diff: 0, Sum: 0, Workers: 4
[35.018s][debug][gc,phases      ] GC(10) Weak Processing 0.810ms
[35.018s][debug][gc,age         ] GC(10) Desired survivor size 460324864 bytes, new threshold 10 (max threshold 15)
[35.018s][info ][gc,heap        ] GC(10) PSYoungGen: 1465627K(1572864K)->300577K(1632768K) Eden: 1165312K(1165312K)->0K(1198080K) From: 300315K(407552K)->300577K(434688K)
[35.018s][info ][gc,heap        ] GC(10) ParOldGen: 6234K(18944K)->6242K(18944K)
[35.018s][info ][gc,metaspace   ] GC(10) Metaspace: 74709K(75456K)->74709K(75456K) NonClass: 64035K(64448K)->64035K(64448K) Class: 10673K(11008K)->10673K(11008K)
[35.018s][info ][gc             ] GC(10) Pause Young (Allocation Failure) 1437M->299M(1613M) 129.530ms
[35.018s][info ][gc,cpu         ] GC(10) User=0.43s Sys=0.03s Real=0.13s
[35.018s][info ][safepoint      ] Safepoint "ParallelGCFailedAllocation", Time since last: 625771578 ns, Reaching safepoint: 90103 ns, At safepoint: 129610538 ns, Total: 129700641 ns
[36.019s][info ][safepoint      ] Safepoint "Cleanup", Time since last: 1000086839 ns, Reaching safepoint: 149605 ns, At safepoint: 3200 ns, Total: 152805 ns
[37.019s][info ][safepoint      ] Safepoint "Cleanup", Time since last: 1000090152 ns, Reaching safepoint: 82503 ns, At safepoint: 5700 ns, Total: 88203 ns
[38.019s][info ][safepoint      ] Safepoint "Cleanup", Time since last: 1000110565 ns, Reaching safepoint: 83602 ns, At safepoint: 5700 ns, Total: 89302 ns
[39.019s][info ][safepoint      ] Safepoint "Cleanup", Time since last: 1000104978 ns, Reaching safepoint: 94703 ns, At safepoint: 2600 ns, Total: 97303 ns
[40.019s][info ][safepoint      ] Safepoint "Cleanup", Time since last: 1000081589 ns, Reaching safepoint: 79602 ns, At safepoint: 3400 ns, Total: 83002 ns
[40.544s][info ][gc,start       ] GC(11) Pause Young (Allocation Failure)
[40.671s][debug][gc,phases      ] GC(11) Scavenge 126.988ms
[40.671s][debug][gc,ref         ] GC(11) Skipped phase 1 of Reference Processing: no references
[40.671s][debug][gc,ref         ] GC(11) ReferenceProcessor::execute queues: 4, RefProcThreadModel::Multi, marks_oops_alive: false
[40.672s][debug][gc,ref         ] GC(11) Skipped phase 3 of Reference Processing: no references
[40.672s][debug][gc,ref         ] GC(11) ReferenceProcessor::execute queues: 1, RefProcThreadModel::Single, marks_oops_alive: false
[40.672s][debug][gc,phases      ] GC(11) Reference Processing 0.939ms
[40.672s][debug][gc,phases      ] GC(11)   VM Weak                        Min:  0.0, Avg:  0.0, Max:  0.0, Diff:  0.0, Sum:  0.0, Workers: 4
[40.672s][debug][gc,phases      ] GC(11)     Dead                           Min: 0, Avg:  0.0, Max: 0, Diff: 0, Sum: 0, Workers: 4
[40.672s][debug][gc,phases      ] GC(11)     Total                          Min: 0, Avg: 158.8, Max: 379, Diff: 379, Sum: 635, Workers: 4
[40.672s][debug][gc,phases      ] GC(11)   ObjectSynchronizer Weak        Min:  0.0, Avg:  0.0, Max:  0.0, Diff:  0.0, Sum:  0.0, Workers: 4
[40.672s][debug][gc,phases      ] GC(11)     Dead                           Min: 0, Avg:  0.0, Max: 0, Diff: 0, Sum: 0, Workers: 4
[40.672s][debug][gc,phases      ] GC(11)     Total                          Min: 0, Avg: 11.8, Max: 47, Diff: 47, Sum: 47, Workers: 4
[40.672s][debug][gc,phases      ] GC(11)   JVMTI Tag Weak OopStorage      Min:  0.0, Avg:  0.0, Max:  0.0, Diff:  0.0, Sum:  0.0, Workers: 4
[40.672s][debug][gc,phases      ] GC(11)     Dead                           Min: 0, Avg:  0.0, Max: 0, Diff: 0, Sum: 0, Workers: 4
[40.672s][debug][gc,phases      ] GC(11)     Total                          Min: 0, Avg:  0.0, Max: 0, Diff: 0, Sum: 0, Workers: 4
[40.672s][debug][gc,phases      ] GC(11)   StringTable Weak               Min:  0.0, Avg:  0.4, Max:  0.5, Diff:  0.5, Sum:  1.5, Workers: 4
[40.672s][debug][gc,phases      ] GC(11)     Dead                           Min: 0, Avg:  0.0, Max: 0, Diff: 0, Sum: 0, Workers: 4
[40.672s][debug][gc,phases      ] GC(11)     Total                          Min: 0, Avg: 10362.2, Max: 18560, Diff: 18560, Sum: 41449, Workers: 4
[40.672s][debug][gc,phases      ] GC(11)   ResolvedMethodTable Weak       Min:  0.0, Avg:  0.1, Max:  0.1, Diff:  0.1, Sum:  0.3, Workers: 4
[40.672s][debug][gc,phases      ] GC(11)     Dead                           Min: 0, Avg:  0.0, Max: 0, Diff: 0, Sum: 0, Workers: 4
[40.672s][debug][gc,phases      ] GC(11)     Total                          Min: 0, Avg: 1982.2, Max: 3577, Diff: 3577, Sum: 7929, Workers: 4
[40.672s][debug][gc,phases      ] GC(11)   JNI Weak                       Min:  0.0, Avg:  0.0, Max:  0.0, Diff:  0.0, Sum:  0.0, Workers: 4
[40.672s][debug][gc,phases      ] GC(11)     Dead                           Min: 0, Avg:  0.0, Max: 0, Diff: 0, Sum: 0, Workers: 4
[40.672s][debug][gc,phases      ] GC(11)     Total                          Min: 0, Avg: 11.5, Max: 46, Diff: 46, Sum: 46, Workers: 4
[40.672s][debug][gc,phases      ] GC(11)   StringDedup Table Weak         Min:  0.0, Avg:  0.0, Max:  0.0, Diff:  0.0, Sum:  0.0, Workers: 4
[40.672s][debug][gc,phases      ] GC(11)     Dead                           Min: 0, Avg:  0.0, Max: 0, Diff: 0, Sum: 0, Workers: 4
[40.672s][debug][gc,phases      ] GC(11)     Total                          Min: 0, Avg:  0.0, Max: 0, Diff: 0, Sum: 0, Workers: 4
[40.672s][debug][gc,phases      ] GC(11)   StringDedup Requests0 Weak     Min:  0.0, Avg:  0.0, Max:  0.0, Diff:  0.0, Sum:  0.0, Workers: 4
[40.672s][debug][gc,phases      ] GC(11)     Dead                           Min: 0, Avg:  0.0, Max: 0, Diff: 0, Sum: 0, Workers: 4
[40.672s][debug][gc,phases      ] GC(11)     Total                          Min: 0, Avg:  0.0, Max: 0, Diff: 0, Sum: 0, Workers: 4
[40.672s][debug][gc,phases      ] GC(11)   StringDedup Requests1 Weak     Min:  0.0, Avg:  0.0, Max:  0.0, Diff:  0.0, Sum:  0.0, Workers: 4
[40.672s][debug][gc,phases      ] GC(11)     Dead                           Min: 0, Avg:  0.0, Max: 0, Diff: 0, Sum: 0, Workers: 4
[40.672s][debug][gc,phases      ] GC(11)     Total                          Min: 0, Avg:  0.0, Max: 0, Diff: 0, Sum: 0, Workers: 4
[40.672s][debug][gc,phases      ] GC(11)   Weak JFR Old Object Samples    Min:  0.0, Avg:  0.0, Max:  0.0, Diff:  0.0, Sum:  0.0, Workers: 4
[40.672s][debug][gc,phases      ] GC(11)     Dead                           Min: 0, Avg:  0.0, Max: 0, Diff: 0, Sum: 0, Workers: 4
[40.672s][debug][gc,phases      ] GC(11)     Total                          Min: 0, Avg:  0.0, Max: 0, Diff: 0, Sum: 0, Workers: 4
[40.672s][debug][gc,phases      ] GC(11) Weak Processing 0.826ms
[40.672s][debug][gc,age         ] GC(11) Desired survivor size 467664896 bytes, new threshold 11 (max threshold 15)
[40.672s][info ][gc,heap        ] GC(11) PSYoungGen: 1498657K(1632768K)->300720K(1499136K) Eden: 1198080K(1198080K)->0K(1198080K) From: 300577K(434688K)->300720K(301056K)
[40.672s][info ][gc,heap        ] GC(11) ParOldGen: 6242K(18944K)->6250K(18944K)
[40.672s][info ][gc,metaspace   ] GC(11) Metaspace: 74849K(75648K)->74849K(75648K) NonClass: 64175K(64640K)->64175K(64640K) Class: 10673K(11008K)->10673K(11008K)
[40.672s][info ][gc             ] GC(11) Pause Young (Allocation Failure) 1469M->299M(1482M) 128.921ms
[40.672s][info ][gc,cpu         ] GC(11) User=0.45s Sys=0.00s Real=0.13s
[40.673s][info ][safepoint      ] Safepoint "ParallelGCFailedAllocation", Time since last: 524022166 ns, Reaching safepoint: 63502 ns, At safepoint: 129019328 ns, Total: 129082830 ns
[41.673s][info ][safepoint      ] Safepoint "Cleanup", Time since last: 1000121211 ns, Reaching safepoint: 108804 ns, At safepoint: 3200 ns, Total: 112004 ns
[42.997s][info ][safepoint      ] Safepoint "Cleanup", Time since last: 1324030198 ns, Reaching safepoint: 264909 ns, At safepoint: 13900 ns, Total: 278809 ns
[44.300s][info ][safepoint      ] Safepoint "Cleanup", Time since last: 1302840540 ns, Reaching safepoint: 124104 ns, At safepoint: 12100 ns, Total: 136204 ns
[45.300s][info ][safepoint      ] Safepoint "Cleanup", Time since last: 1000141957 ns, Reaching safepoint: 125404 ns, At safepoint: 6400 ns, Total: 131804 ns
[46.083s][info ][gc,start       ] GC(12) Pause Young (Allocation Failure)
[46.203s][debug][gc,phases      ] GC(12) Scavenge 120.146ms
[46.203s][debug][gc,ref         ] GC(12) Skipped phase 1 of Reference Processing: no references
[46.203s][debug][gc,ref         ] GC(12) ReferenceProcessor::execute queues: 4, RefProcThreadModel::Multi, marks_oops_alive: false
[46.204s][debug][gc,ref         ] GC(12) Skipped phase 3 of Reference Processing: no references
[46.204s][debug][gc,ref         ] GC(12) ReferenceProcessor::execute queues: 1, RefProcThreadModel::Single, marks_oops_alive: false
[46.204s][debug][gc,phases      ] GC(12) Reference Processing 1.201ms
[46.205s][debug][gc,phases      ] GC(12)   VM Weak                        Min:  0.0, Avg:  0.0, Max:  0.0, Diff:  0.0, Sum:  0.0, Workers: 4
[46.205s][debug][gc,phases      ] GC(12)     Dead                           Min: 0, Avg:  0.0, Max: 0, Diff: 0, Sum: 0, Workers: 4
[46.205s][debug][gc,phases      ] GC(12)     Total                          Min: 0, Avg: 158.8, Max: 448, Diff: 448, Sum: 635, Workers: 4
[46.205s][debug][gc,phases      ] GC(12)   ObjectSynchronizer Weak        Min:  0.0, Avg:  0.0, Max:  0.0, Diff:  0.0, Sum:  0.0, Workers: 4
[46.205s][debug][gc,phases      ] GC(12)     Dead                           Min: 0, Avg:  0.0, Max: 0, Diff: 0, Sum: 0, Workers: 4
[46.205s][debug][gc,phases      ] GC(12)     Total                          Min: 0, Avg: 11.8, Max: 47, Diff: 47, Sum: 47, Workers: 4
[46.205s][debug][gc,phases      ] GC(12)   JVMTI Tag Weak OopStorage      Min:  0.0, Avg:  0.0, Max:  0.0, Diff:  0.0, Sum:  0.0, Workers: 4
[46.205s][debug][gc,phases      ] GC(12)     Dead                           Min: 0, Avg:  0.0, Max: 0, Diff: 0, Sum: 0, Workers: 4
[46.205s][debug][gc,phases      ] GC(12)     Total                          Min: 0, Avg:  0.0, Max: 0, Diff: 0, Sum: 0, Workers: 4
[46.205s][debug][gc,phases      ] GC(12)   StringTable Weak               Min:  0.0, Avg:  0.4, Max:  0.6, Diff:  0.6, Sum:  1.7, Workers: 4
[46.205s][debug][gc,phases      ] GC(12)     Dead                           Min: 0, Avg:  0.0, Max: 0, Diff: 0, Sum: 0, Workers: 4
[46.205s][debug][gc,phases      ] GC(12)     Total                          Min: 0, Avg: 10371.0, Max: 14528, Diff: 14528, Sum: 41484, Workers: 4
[46.205s][debug][gc,phases      ] GC(12)   ResolvedMethodTable Weak       Min:  0.0, Avg:  0.1, Max:  0.1, Diff:  0.1, Sum:  0.4, Workers: 4
[46.205s][debug][gc,phases      ] GC(12)     Dead                           Min: 0, Avg:  0.0, Max: 0, Diff: 0, Sum: 0, Workers: 4
[46.205s][debug][gc,phases      ] GC(12)     Total                          Min: 0, Avg: 1982.2, Max: 2751, Diff: 2751, Sum: 7929, Workers: 4
[46.205s][debug][gc,phases      ] GC(12)   JNI Weak                       Min:  0.0, Avg:  0.0, Max:  0.0, Diff:  0.0, Sum:  0.0, Workers: 4
[46.205s][debug][gc,phases      ] GC(12)     Dead                           Min: 0, Avg:  0.0, Max: 0, Diff: 0, Sum: 0, Workers: 4
[46.205s][debug][gc,phases      ] GC(12)     Total                          Min: 0, Avg: 11.2, Max: 45, Diff: 45, Sum: 45, Workers: 4
[46.205s][debug][gc,phases      ] GC(12)   StringDedup Table Weak         Min:  0.0, Avg:  0.0, Max:  0.0, Diff:  0.0, Sum:  0.0, Workers: 4
[46.205s][debug][gc,phases      ] GC(12)     Dead                           Min: 0, Avg:  0.0, Max: 0, Diff: 0, Sum: 0, Workers: 4
[46.205s][debug][gc,phases      ] GC(12)     Total                          Min: 0, Avg:  0.0, Max: 0, Diff: 0, Sum: 0, Workers: 4
[46.205s][debug][gc,phases      ] GC(12)   StringDedup Requests0 Weak     Min:  0.0, Avg:  0.0, Max:  0.0, Diff:  0.0, Sum:  0.0, Workers: 4
[46.205s][debug][gc,phases      ] GC(12)     Dead                           Min: 0, Avg:  0.0, Max: 0, Diff: 0, Sum: 0, Workers: 4
[46.205s][debug][gc,phases      ] GC(12)     Total                          Min: 0, Avg:  0.0, Max: 0, Diff: 0, Sum: 0, Workers: 4
[46.205s][debug][gc,phases      ] GC(12)   StringDedup Requests1 Weak     Min:  0.0, Avg:  0.0, Max:  0.0, Diff:  0.0, Sum:  0.0, Workers: 4
[46.205s][debug][gc,phases      ] GC(12)     Dead                           Min: 0, Avg:  0.0, Max: 0, Diff: 0, Sum: 0, Workers: 4
[46.205s][debug][gc,phases      ] GC(12)     Total                          Min: 0, Avg:  0.0, Max: 0, Diff: 0, Sum: 0, Workers: 4
[46.205s][debug][gc,phases      ] GC(12)   Weak JFR Old Object Samples    Min:  0.0, Avg:  0.0, Max:  0.0, Diff:  0.0, Sum:  0.0, Workers: 4
[46.205s][debug][gc,phases      ] GC(12)     Dead                           Min: 0, Avg:  0.0, Max: 0, Diff: 0, Sum: 0, Workers: 4
[46.205s][debug][gc,phases      ] GC(12)     Total                          Min: 0, Avg:  0.0, Max: 0, Diff: 0, Sum: 0, Workers: 4
[46.205s][debug][gc,phases      ] GC(12) Weak Processing 0.919ms
[46.205s][debug][gc,age         ] GC(12) Desired survivor size 471334912 bytes, new threshold 12 (max threshold 15)
[46.205s][info ][gc,heap        ] GC(12) PSYoungGen: 1498800K(1499136K)->300757K(1633280K) Eden: 1198080K(1198080K)->0K(1176576K) From: 300720K(301056K)->300757K(456704K)
[46.205s][info ][gc,heap        ] GC(12) ParOldGen: 6250K(18944K)->6258K(18944K)
[46.205s][info ][gc,metaspace   ] GC(12) Metaspace: 74947K(75712K)->74947K(75712K) NonClass: 64273K(64704K)->64273K(64704K) Class: 10674K(11008K)->10674K(11008K)
[46.205s][info ][gc             ] GC(12) Pause Young (Allocation Failure) 1469M->299M(1613M) 122.415ms
[46.205s][info ][gc,cpu         ] GC(12) User=0.42s Sys=0.00s Real=0.12s
[46.205s][info ][safepoint      ] Safepoint "ParallelGCFailedAllocation", Time since last: 782146778 ns, Reaching safepoint: 66902 ns, At safepoint: 122525229 ns, Total: 122592131 ns
[47.205s][info ][safepoint      ] Safepoint "Cleanup", Time since last: 1000085478 ns, Reaching safepoint: 89803 ns, At safepoint: 2900 ns, Total: 92703 ns
[48.205s][info ][safepoint      ] Safepoint "Cleanup", Time since last: 1000110291 ns, Reaching safepoint: 72503 ns, At safepoint: 7900 ns, Total: 80403 ns
[49.206s][info ][safepoint      ] Safepoint "Cleanup", Time since last: 1000111203 ns, Reaching safepoint: 101404 ns, At safepoint: 3400 ns, Total: 104804 ns
[50.206s][info ][safepoint      ] Safepoint "Cleanup", Time since last: 1000109715 ns, Reaching safepoint: 59702 ns, At safepoint: 2700 ns, Total: 62402 ns
[51.206s][info ][safepoint      ] Safepoint "Cleanup", Time since last: 1000114528 ns, Reaching safepoint: 64002 ns, At safepoint: 3000 ns, Total: 67002 ns
[51.586s][info ][gc,start       ] GC(13) Pause Young (Allocation Failure)
[51.712s][debug][gc,phases      ] GC(13) Scavenge 125.818ms
[51.712s][debug][gc,ref         ] GC(13) Skipped phase 1 of Reference Processing: no references
[51.712s][debug][gc,ref         ] GC(13) ReferenceProcessor::execute queues: 4, RefProcThreadModel::Multi, marks_oops_alive: false
[51.713s][debug][gc,ref         ] GC(13) Skipped phase 3 of Reference Processing: no references
[51.713s][debug][gc,ref         ] GC(13) ReferenceProcessor::execute queues: 1, RefProcThreadModel::Single, marks_oops_alive: false
[51.713s][debug][gc,phases      ] GC(13) Reference Processing 0.813ms
[51.713s][debug][gc,phases      ] GC(13)   VM Weak                        Min:  0.0, Avg:  0.0, Max:  0.0, Diff:  0.0, Sum:  0.0, Workers: 4
[51.713s][debug][gc,phases      ] GC(13)     Dead                           Min: 0, Avg:  0.0, Max: 0, Diff: 0, Sum: 0, Workers: 4
[51.713s][debug][gc,phases      ] GC(13)     Total                          Min: 59, Avg: 158.8, Max: 384, Diff: 325, Sum: 635, Workers: 4
[51.713s][debug][gc,phases      ] GC(13)   ObjectSynchronizer Weak        Min:  0.0, Avg:  0.0, Max:  0.0, Diff:  0.0, Sum:  0.0, Workers: 4
[51.713s][debug][gc,phases      ] GC(13)     Dead                           Min: 0, Avg:  0.0, Max: 0, Diff: 0, Sum: 0, Workers: 4
[51.713s][debug][gc,phases      ] GC(13)     Total                          Min: 0, Avg: 11.8, Max: 47, Diff: 47, Sum: 47, Workers: 4
[51.713s][debug][gc,phases      ] GC(13)   JVMTI Tag Weak OopStorage      Min:  0.0, Avg:  0.0, Max:  0.0, Diff:  0.0, Sum:  0.0, Workers: 4
[51.713s][debug][gc,phases      ] GC(13)     Dead                           Min: 0, Avg:  0.0, Max: 0, Diff: 0, Sum: 0, Workers: 4
[51.713s][debug][gc,phases      ] GC(13)     Total                          Min: 0, Avg:  0.0, Max: 0, Diff: 0, Sum: 0, Workers: 4
[51.713s][debug][gc,phases      ] GC(13)   StringTable Weak               Min:  0.5, Avg:  0.5, Max:  0.5, Diff:  0.0, Sum:  1.8, Workers: 4
[51.713s][debug][gc,phases      ] GC(13)     Dead                           Min: 0, Avg:  0.0, Max: 0, Diff: 0, Sum: 0, Workers: 4
[51.713s][debug][gc,phases      ] GC(13)     Total                          Min: 8832, Avg: 10389.2, Max: 11285, Diff: 2453, Sum: 41557, Workers: 4
[51.714s][debug][gc,phases      ] GC(13)   ResolvedMethodTable Weak       Min:  0.1, Avg:  0.1, Max:  0.1, Diff:  0.0, Sum:  0.4, Workers: 4
[51.714s][debug][gc,phases      ] GC(13)     Dead                           Min: 0, Avg:  0.0, Max: 0, Diff: 0, Sum: 0, Workers: 4
[51.714s][debug][gc,phases      ] GC(13)     Total                          Min: 1855, Avg: 1982.2, Max: 2171, Diff: 316, Sum: 7929, Workers: 4
[51.714s][debug][gc,phases      ] GC(13)   JNI Weak                       Min:  0.0, Avg:  0.0, Max:  0.0, Diff:  0.0, Sum:  0.0, Workers: 4
[51.714s][debug][gc,phases      ] GC(13)     Dead                           Min: 0, Avg:  0.0, Max: 0, Diff: 0, Sum: 0, Workers: 4
[51.714s][debug][gc,phases      ] GC(13)     Total                          Min: 0, Avg: 11.2, Max: 45, Diff: 45, Sum: 45, Workers: 4
[51.714s][debug][gc,phases      ] GC(13)   StringDedup Table Weak         Min:  0.0, Avg:  0.0, Max:  0.0, Diff:  0.0, Sum:  0.0, Workers: 4
[51.714s][debug][gc,phases      ] GC(13)     Dead                           Min: 0, Avg:  0.0, Max: 0, Diff: 0, Sum: 0, Workers: 4
[51.714s][debug][gc,phases      ] GC(13)     Total                          Min: 0, Avg:  0.0, Max: 0, Diff: 0, Sum: 0, Workers: 4
[51.714s][debug][gc,phases      ] GC(13)   StringDedup Requests0 Weak     Min:  0.0, Avg:  0.0, Max:  0.0, Diff:  0.0, Sum:  0.0, Workers: 4
[51.714s][debug][gc,phases      ] GC(13)     Dead                           Min: 0, Avg:  0.0, Max: 0, Diff: 0, Sum: 0, Workers: 4
[51.714s][debug][gc,phases      ] GC(13)     Total                          Min: 0, Avg:  0.0, Max: 0, Diff: 0, Sum: 0, Workers: 4
[51.714s][debug][gc,phases      ] GC(13)   StringDedup Requests1 Weak     Min:  0.0, Avg:  0.0, Max:  0.0, Diff:  0.0, Sum:  0.0, Workers: 4
[51.714s][debug][gc,phases      ] GC(13)     Dead                           Min: 0, Avg:  0.0, Max: 0, Diff: 0, Sum: 0, Workers: 4
[51.714s][debug][gc,phases      ] GC(13)     Total                          Min: 0, Avg:  0.0, Max: 0, Diff: 0, Sum: 0, Workers: 4
[51.714s][debug][gc,phases      ] GC(13)   Weak JFR Old Object Samples    Min:  0.0, Avg:  0.0, Max:  0.0, Diff:  0.0, Sum:  0.0, Workers: 4
[51.714s][debug][gc,phases      ] GC(13)     Dead                           Min: 0, Avg:  0.0, Max: 0, Diff: 0, Sum: 0, Workers: 4
[51.714s][debug][gc,phases      ] GC(13)     Total                          Min: 0, Avg:  0.0, Max: 0, Diff: 0, Sum: 0, Workers: 4
[51.714s][debug][gc,phases      ] GC(13) Weak Processing 0.751ms
[51.714s][debug][gc,age         ] GC(13) Desired survivor size 472383488 bytes, new threshold 13 (max threshold 15)
[51.714s][info ][gc,heap        ] GC(13) PSYoungGen: 1477333K(1633280K)->300700K(1477632K) Eden: 1176576K(1176576K)->0K(1176576K) From: 300757K(456704K)->300700K(301056K)
[51.714s][info ][gc,heap        ] GC(13) ParOldGen: 6258K(18944K)->6266K(18944K)
[51.714s][info ][gc,metaspace   ] GC(13) Metaspace: 75008K(75776K)->75008K(75776K) NonClass: 64333K(64768K)->64333K(64768K) Class: 10674K(11008K)->10674K(11008K)
[51.714s][info ][gc             ] GC(13) Pause Young (Allocation Failure) 1448M->299M(1461M) 127.534ms
[51.714s][info ][gc,cpu         ] GC(13) User=0.38s Sys=0.00s Real=0.13s
[51.714s][info ][safepoint      ] Safepoint "ParallelGCFailedAllocation", Time since last: 379999809 ns, Reaching safepoint: 62502 ns, At safepoint: 127629102 ns, Total: 127691604 ns
[52.714s][info ][safepoint      ] Safepoint "Cleanup", Time since last: 1000093046 ns, Reaching safepoint: 60702 ns, At safepoint: 2400 ns, Total: 63102 ns
[53.714s][info ][safepoint      ] Safepoint "Cleanup", Time since last: 1000122759 ns, Reaching safepoint: 59102 ns, At safepoint: 2300 ns, Total: 61402 ns
[54.714s][info ][safepoint      ] Safepoint "Cleanup", Time since last: 1000102370 ns, Reaching safepoint: 51501 ns, At safepoint: 5601 ns, Total: 57102 ns
[55.714s][info ][safepoint      ] Safepoint "Cleanup", Time since last: 1000116882 ns, Reaching safepoint: 47702 ns, At safepoint: 2900 ns, Total: 50602 ns
[56.715s][info ][safepoint      ] Safepoint "Cleanup", Time since last: 1000128495 ns, Reaching safepoint: 47802 ns, At safepoint: 4000 ns, Total: 51802 ns
[57.193s][info ][gc,start       ] GC(14) Pause Young (Allocation Failure)
[57.318s][debug][gc,phases      ] GC(14) Scavenge 125.178ms
[57.318s][debug][gc,ref         ] GC(14) Skipped phase 1 of Reference Processing: no references
[57.318s][debug][gc,ref         ] GC(14) ReferenceProcessor::execute queues: 4, RefProcThreadModel::Multi, marks_oops_alive: false
[57.319s][debug][gc,ref         ] GC(14) Skipped phase 3 of Reference Processing: no references
[57.319s][debug][gc,ref         ] GC(14) ReferenceProcessor::execute queues: 1, RefProcThreadModel::Single, marks_oops_alive: false
[57.319s][debug][gc,phases      ] GC(14) Reference Processing 0.850ms
[57.320s][debug][gc,phases      ] GC(14)   VM Weak                        Min:  0.0, Avg:  0.0, Max:  0.0, Diff:  0.0, Sum:  0.0, Workers: 4
[57.320s][debug][gc,phases      ] GC(14)     Dead                           Min: 0, Avg:  0.0, Max: 0, Diff: 0, Sum: 0, Workers: 4
[57.320s][debug][gc,phases      ] GC(14)     Total                          Min: 0, Avg: 158.8, Max: 320, Diff: 320, Sum: 635, Workers: 4
[57.320s][debug][gc,phases      ] GC(14)   ObjectSynchronizer Weak        Min:  0.0, Avg:  0.0, Max:  0.0, Diff:  0.0, Sum:  0.0, Workers: 4
[57.320s][debug][gc,phases      ] GC(14)     Dead                           Min: 0, Avg:  0.0, Max: 0, Diff: 0, Sum: 0, Workers: 4
[57.320s][debug][gc,phases      ] GC(14)     Total                          Min: 0, Avg: 11.8, Max: 47, Diff: 47, Sum: 47, Workers: 4
[57.320s][debug][gc,phases      ] GC(14)   JVMTI Tag Weak OopStorage      Min:  0.0, Avg:  0.0, Max:  0.0, Diff:  0.0, Sum:  0.0, Workers: 4
[57.320s][debug][gc,phases      ] GC(14)     Dead                           Min: 0, Avg:  0.0, Max: 0, Diff: 0, Sum: 0, Workers: 4
[57.320s][debug][gc,phases      ] GC(14)     Total                          Min: 0, Avg:  0.0, Max: 0, Diff: 0, Sum: 0, Workers: 4
[57.320s][debug][gc,phases      ] GC(14)   StringTable Weak               Min:  0.0, Avg:  0.4, Max:  0.5, Diff:  0.5, Sum:  1.5, Workers: 4
[57.320s][debug][gc,phases      ] GC(14)     Dead                           Min: 0, Avg:  0.0, Max: 0, Diff: 0, Sum: 0, Workers: 4
[57.320s][debug][gc,phases      ] GC(14)     Total                          Min: 0, Avg: 10391.2, Max: 17408, Diff: 17408, Sum: 41565, Workers: 4
[57.320s][debug][gc,phases      ] GC(14)   ResolvedMethodTable Weak       Min:  0.0, Avg:  0.1, Max:  0.1, Diff:  0.1, Sum:  0.3, Workers: 4
[57.320s][debug][gc,phases      ] GC(14)     Dead                           Min: 0, Avg:  0.0, Max: 0, Diff: 0, Sum: 0, Workers: 4
[57.320s][debug][gc,phases      ] GC(14)     Total                          Min: 0, Avg: 1982.2, Max: 3387, Diff: 3387, Sum: 7929, Workers: 4
[57.320s][debug][gc,phases      ] GC(14)   JNI Weak                       Min:  0.0, Avg:  0.0, Max:  0.0, Diff:  0.0, Sum:  0.0, Workers: 4
[57.320s][debug][gc,phases      ] GC(14)     Dead                           Min: 0, Avg:  0.0, Max: 0, Diff: 0, Sum: 0, Workers: 4
[57.320s][debug][gc,phases      ] GC(14)     Total                          Min: 0, Avg: 11.2, Max: 45, Diff: 45, Sum: 45, Workers: 4
[57.320s][debug][gc,phases      ] GC(14)   StringDedup Table Weak         Min:  0.0, Avg:  0.0, Max:  0.0, Diff:  0.0, Sum:  0.0, Workers: 4
[57.320s][debug][gc,phases      ] GC(14)     Dead                           Min: 0, Avg:  0.0, Max: 0, Diff: 0, Sum: 0, Workers: 4
[57.320s][debug][gc,phases      ] GC(14)     Total                          Min: 0, Avg:  0.0, Max: 0, Diff: 0, Sum: 0, Workers: 4
[57.320s][debug][gc,phases      ] GC(14)   StringDedup Requests0 Weak     Min:  0.0, Avg:  0.0, Max:  0.0, Diff:  0.0, Sum:  0.0, Workers: 4
[57.320s][debug][gc,phases      ] GC(14)     Dead                           Min: 0, Avg:  0.0, Max: 0, Diff: 0, Sum: 0, Workers: 4
[57.320s][debug][gc,phases      ] GC(14)     Total                          Min: 0, Avg:  0.0, Max: 0, Diff: 0, Sum: 0, Workers: 4
[57.320s][debug][gc,phases      ] GC(14)   StringDedup Requests1 Weak     Min:  0.0, Avg:  0.0, Max:  0.0, Diff:  0.0, Sum:  0.0, Workers: 4
[57.320s][debug][gc,phases      ] GC(14)     Dead                           Min: 0, Avg:  0.0, Max: 0, Diff: 0, Sum: 0, Workers: 4
[57.320s][debug][gc,phases      ] GC(14)     Total                          Min: 0, Avg:  0.0, Max: 0, Diff: 0, Sum: 0, Workers: 4
[57.320s][debug][gc,phases      ] GC(14)   Weak JFR Old Object Samples    Min:  0.0, Avg:  0.0, Max:  0.0, Diff:  0.0, Sum:  0.0, Workers: 4
[57.320s][debug][gc,phases      ] GC(14)     Dead                           Min: 0, Avg:  0.0, Max: 0, Diff: 0, Sum: 0, Workers: 4
[57.320s][debug][gc,phases      ] GC(14)     Total                          Min: 0, Avg:  0.0, Max: 0, Diff: 0, Sum: 0, Workers: 4
[57.320s][debug][gc,phases      ] GC(14) Weak Processing 0.810ms
[57.320s][debug][gc,age         ] GC(14) Desired survivor size 471859200 bytes, new threshold 14 (max threshold 15)
[57.320s][info ][gc,heap        ] GC(14) PSYoungGen: 1477276K(1477632K)->300791K(1636352K) Eden: 1176576K(1176576K)->0K(1175040K) From: 300700K(301056K)->300791K(461312K)
[57.320s][info ][gc,heap        ] GC(14) ParOldGen: 6266K(18944K)->6274K(18944K)
[57.320s][info ][gc,metaspace   ] GC(14) Metaspace: 75037K(75840K)->75037K(75840K) NonClass: 64362K(64832K)->64362K(64832K) Class: 10674K(11008K)->10674K(11008K)
[57.320s][info ][gc             ] GC(14) Pause Young (Allocation Failure) 1448M->299M(1616M) 126.978ms
[57.320s][info ][gc,cpu         ] GC(14) User=0.39s Sys=0.01s Real=0.12s
[57.320s][info ][safepoint      ] Safepoint "ParallelGCFailedAllocation", Time since last: 478145197 ns, Reaching safepoint: 54602 ns, At safepoint: 127166095 ns, Total: 127220697 ns
[58.320s][info ][safepoint      ] Safepoint "Cleanup", Time since last: 1000097013 ns, Reaching safepoint: 72802 ns, At safepoint: 3101 ns, Total: 75903 ns
[59.320s][info ][safepoint      ] Safepoint "Cleanup", Time since last: 1000115226 ns, Reaching safepoint: 43601 ns, At safepoint: 2500 ns, Total: 46101 ns
[60.320s][info ][safepoint      ] Safepoint "Cleanup", Time since last: 1000108538 ns, Reaching safepoint: 84703 ns, At safepoint: 6700 ns, Total: 91403 ns
[61.321s][info ][safepoint      ] Safepoint "Cleanup", Time since last: 1000117450 ns, Reaching safepoint: 53002 ns, At safepoint: 4200 ns, Total: 57202 ns
[62.321s][info ][safepoint      ] Safepoint "Cleanup", Time since last: 1000114162 ns, Reaching safepoint: 44801 ns, At safepoint: 3000 ns, Total: 47801 ns
[62.833s][info ][gc,start       ] GC(15) Pause Young (Allocation Failure)
[62.960s][debug][gc,phases      ] GC(15) Scavenge 127.359ms
[62.960s][debug][gc,ref         ] GC(15) Skipped phase 1 of Reference Processing: no references
[62.960s][debug][gc,ref         ] GC(15) ReferenceProcessor::execute queues: 4, RefProcThreadModel::Multi, marks_oops_alive: false
[62.961s][debug][gc,ref         ] GC(15) Skipped phase 3 of Reference Processing: no references
[62.961s][debug][gc,ref         ] GC(15) ReferenceProcessor::execute queues: 1, RefProcThreadModel::Single, marks_oops_alive: false
[62.961s][debug][gc,phases      ] GC(15) Reference Processing 0.803ms
[62.962s][debug][gc,phases      ] GC(15)   VM Weak                        Min:  0.0, Avg:  0.0, Max:  0.0, Diff:  0.0, Sum:  0.0, Workers: 4
[62.962s][debug][gc,phases      ] GC(15)     Dead                           Min: 0, Avg:  0.0, Max: 0, Diff: 0, Sum: 0, Workers: 4
[62.962s][debug][gc,phases      ] GC(15)     Total                          Min: 0, Avg: 158.8, Max: 384, Diff: 384, Sum: 635, Workers: 4
[62.962s][debug][gc,phases      ] GC(15)   ObjectSynchronizer Weak        Min:  0.0, Avg:  0.0, Max:  0.0, Diff:  0.0, Sum:  0.0, Workers: 4
[62.962s][debug][gc,phases      ] GC(15)     Dead                           Min: 0, Avg:  0.0, Max: 0, Diff: 0, Sum: 0, Workers: 4
[62.962s][debug][gc,phases      ] GC(15)     Total                          Min: 0, Avg: 11.8, Max: 47, Diff: 47, Sum: 47, Workers: 4
[62.962s][debug][gc,phases      ] GC(15)   JVMTI Tag Weak OopStorage      Min:  0.0, Avg:  0.0, Max:  0.0, Diff:  0.0, Sum:  0.0, Workers: 4
[62.962s][debug][gc,phases      ] GC(15)     Dead                           Min: 0, Avg:  0.0, Max: 0, Diff: 0, Sum: 0, Workers: 4
[62.962s][debug][gc,phases      ] GC(15)     Total                          Min: 0, Avg:  0.0, Max: 0, Diff: 0, Sum: 0, Workers: 4
[62.962s][debug][gc,phases      ] GC(15)   StringTable Weak               Min:  0.0, Avg:  0.4, Max:  0.5, Diff:  0.5, Sum:  1.5, Workers: 4
[62.962s][debug][gc,phases      ] GC(15)     Dead                           Min: 0, Avg:  0.0, Max: 0, Diff: 0, Sum: 0, Workers: 4
[62.962s][debug][gc,phases      ] GC(15)     Total                          Min: 0, Avg: 10398.8, Max: 16251, Diff: 16251, Sum: 41595, Workers: 4
[62.962s][debug][gc,phases      ] GC(15)   ResolvedMethodTable Weak       Min:  0.0, Avg:  0.1, Max:  0.1, Diff:  0.1, Sum:  0.3, Workers: 4
[62.962s][debug][gc,phases      ] GC(15)     Dead                           Min: 0, Avg:  0.0, Max: 0, Diff: 0, Sum: 0, Workers: 4
[62.962s][debug][gc,phases      ] GC(15)     Total                          Min: 0, Avg: 1982.2, Max: 3323, Diff: 3323, Sum: 7929, Workers: 4
[62.962s][debug][gc,phases      ] GC(15)   JNI Weak                       Min:  0.0, Avg:  0.0, Max:  0.0, Diff:  0.0, Sum:  0.0, Workers: 4
[62.962s][debug][gc,phases      ] GC(15)     Dead                           Min: 0, Avg:  0.0, Max: 0, Diff: 0, Sum: 0, Workers: 4
[62.962s][debug][gc,phases      ] GC(15)     Total                          Min: 0, Avg: 11.2, Max: 45, Diff: 45, Sum: 45, Workers: 4
[62.962s][debug][gc,phases      ] GC(15)   StringDedup Table Weak         Min:  0.0, Avg:  0.0, Max:  0.0, Diff:  0.0, Sum:  0.0, Workers: 4
[62.962s][debug][gc,phases      ] GC(15)     Dead                           Min: 0, Avg:  0.0, Max: 0, Diff: 0, Sum: 0, Workers: 4
[62.962s][debug][gc,phases      ] GC(15)     Total                          Min: 0, Avg:  0.0, Max: 0, Diff: 0, Sum: 0, Workers: 4
[62.962s][debug][gc,phases      ] GC(15)   StringDedup Requests0 Weak     Min:  0.0, Avg:  0.0, Max:  0.0, Diff:  0.0, Sum:  0.0, Workers: 4
[62.962s][debug][gc,phases      ] GC(15)     Dead                           Min: 0, Avg:  0.0, Max: 0, Diff: 0, Sum: 0, Workers: 4
[62.962s][debug][gc,phases      ] GC(15)     Total                          Min: 0, Avg:  0.0, Max: 0, Diff: 0, Sum: 0, Workers: 4
[62.962s][debug][gc,phases      ] GC(15)   StringDedup Requests1 Weak     Min:  0.0, Avg:  0.0, Max:  0.0, Diff:  0.0, Sum:  0.0, Workers: 4
[62.962s][debug][gc,phases      ] GC(15)     Dead                           Min: 0, Avg:  0.0, Max: 0, Diff: 0, Sum: 0, Workers: 4
[62.962s][debug][gc,phases      ] GC(15)     Total                          Min: 0, Avg:  0.0, Max: 0, Diff: 0, Sum: 0, Workers: 4
[62.962s][debug][gc,phases      ] GC(15)   Weak JFR Old Object Samples    Min:  0.0, Avg:  0.0, Max:  0.0, Diff:  0.0, Sum:  0.0, Workers: 4
[62.962s][debug][gc,phases      ] GC(15)     Dead                           Min: 0, Avg:  0.0, Max: 0, Diff: 0, Sum: 0, Workers: 4
[62.962s][debug][gc,phases      ] GC(15)     Total                          Min: 0, Avg:  0.0, Max: 0, Diff: 0, Sum: 0, Workers: 4
[62.962s][debug][gc,phases      ] GC(15) Weak Processing 0.820ms
[62.962s][debug][gc,age         ] GC(15) Desired survivor size 469237760 bytes, new threshold 15 (max threshold 15)
[62.962s][info ][gc,heap        ] GC(15) PSYoungGen: 1475831K(1636352K)->300854K(1635840K) Eden: 1175040K(1175040K)->0K(1175040K) From: 300791K(461312K)->300854K(460800K)
[62.962s][info ][gc,heap        ] GC(15) ParOldGen: 6274K(18944K)->6282K(18944K)
[62.962s][info ][gc,metaspace   ] GC(15) Metaspace: 75047K(75840K)->75047K(75840K) NonClass: 64372K(64832K)->64372K(64832K) Class: 10674K(11008K)->10674K(11008K)
[62.962s][info ][gc             ] GC(15) Pause Young (Allocation Failure) 1447M->299M(1616M) 129.130ms
[62.962s][info ][gc,cpu         ] GC(15) User=0.38s Sys=0.00s Real=0.13s
[62.962s][info ][safepoint      ] Safepoint "ParallelGCFailedAllocation", Time since last: 511822515 ns, Reaching safepoint: 60902 ns, At safepoint: 129212970 ns, Total: 129273872 ns
[63.962s][info ][safepoint      ] Safepoint "Cleanup", Time since last: 1000085181 ns, Reaching safepoint: 71902 ns, At safepoint: 2800 ns, Total: 74702 ns
[64.962s][info ][safepoint      ] Safepoint "Cleanup", Time since last: 1000109093 ns, Reaching safepoint: 88903 ns, At safepoint: 33001 ns, Total: 121904 ns
[65.962s][info ][safepoint      ] Safepoint "Cleanup", Time since last: 1000101305 ns, Reaching safepoint: 29301 ns, At safepoint: 2700 ns, Total: 32001 ns
[67.963s][info ][safepoint      ] Safepoint "Cleanup", Time since last: 2000189245 ns, Reaching safepoint: 53002 ns, At safepoint: 3800 ns, Total: 56802 ns
[68.541s][info ][gc,start       ] GC(16) Pause Young (Allocation Failure)
[68.660s][debug][gc,phases      ] GC(16) Scavenge 119.061ms
[68.660s][debug][gc,ref         ] GC(16) Skipped phase 1 of Reference Processing: no references
[68.661s][debug][gc,ref         ] GC(16) ReferenceProcessor::execute queues: 4, RefProcThreadModel::Multi, marks_oops_alive: false
[68.661s][debug][gc,ref         ] GC(16) Skipped phase 3 of Reference Processing: no references
[68.661s][debug][gc,ref         ] GC(16) ReferenceProcessor::execute queues: 1, RefProcThreadModel::Single, marks_oops_alive: false
[68.661s][debug][gc,phases      ] GC(16) Reference Processing 0.898ms
[68.662s][debug][gc,phases      ] GC(16)   VM Weak                        Min:  0.0, Avg:  0.0, Max:  0.0, Diff:  0.0, Sum:  0.0, Workers: 4
[68.662s][debug][gc,phases      ] GC(16)     Dead                           Min: 0, Avg:  0.0, Max: 0, Diff: 0, Sum: 0, Workers: 4
[68.662s][debug][gc,phases      ] GC(16)     Total                          Min: 0, Avg: 158.8, Max: 379, Diff: 379, Sum: 635, Workers: 4
[68.662s][debug][gc,phases      ] GC(16)   ObjectSynchronizer Weak        Min:  0.0, Avg:  0.0, Max:  0.0, Diff:  0.0, Sum:  0.0, Workers: 4
[68.662s][debug][gc,phases      ] GC(16)     Dead                           Min: 0, Avg:  0.0, Max: 0, Diff: 0, Sum: 0, Workers: 4
[68.662s][debug][gc,phases      ] GC(16)     Total                          Min: 0, Avg: 11.8, Max: 47, Diff: 47, Sum: 47, Workers: 4
[68.662s][debug][gc,phases      ] GC(16)   JVMTI Tag Weak OopStorage      Min:  0.0, Avg:  0.0, Max:  0.0, Diff:  0.0, Sum:  0.0, Workers: 4
[68.662s][debug][gc,phases      ] GC(16)     Dead                           Min: 0, Avg:  0.0, Max: 0, Diff: 0, Sum: 0, Workers: 4
[68.662s][debug][gc,phases      ] GC(16)     Total                          Min: 0, Avg:  0.0, Max: 0, Diff: 0, Sum: 0, Workers: 4
[68.662s][debug][gc,phases      ] GC(16)   StringTable Weak               Min:  0.5, Avg:  0.5, Max:  0.5, Diff:  0.0, Sum:  1.9, Workers: 4
[68.662s][debug][gc,phases      ] GC(16)     Dead                           Min: 0, Avg:  0.0, Max: 0, Diff: 0, Sum: 0, Workers: 4
[68.662s][debug][gc,phases      ] GC(16)     Total                          Min: 9869, Avg: 10403.2, Max: 10816, Diff: 947, Sum: 41613, Workers: 4
[68.662s][debug][gc,phases      ] GC(16)   ResolvedMethodTable Weak       Min:  0.1, Avg:  0.1, Max:  0.1, Diff:  0.0, Sum:  0.4, Workers: 4
[68.662s][debug][gc,phases      ] GC(16)     Dead                           Min: 0, Avg:  0.0, Max: 0, Diff: 0, Sum: 0, Workers: 4
[68.662s][debug][gc,phases      ] GC(16)     Total                          Min: 1728, Avg: 1982.2, Max: 2176, Diff: 448, Sum: 7929, Workers: 4
[68.662s][debug][gc,phases      ] GC(16)   JNI Weak                       Min:  0.0, Avg:  0.0, Max:  0.0, Diff:  0.0, Sum:  0.0, Workers: 4
[68.662s][debug][gc,phases      ] GC(16)     Dead                           Min: 0, Avg:  0.0, Max: 0, Diff: 0, Sum: 0, Workers: 4
[68.662s][debug][gc,phases      ] GC(16)     Total                          Min: 0, Avg: 11.2, Max: 45, Diff: 45, Sum: 45, Workers: 4
[68.662s][debug][gc,phases      ] GC(16)   StringDedup Table Weak         Min:  0.0, Avg:  0.0, Max:  0.0, Diff:  0.0, Sum:  0.0, Workers: 4
[68.662s][debug][gc,phases      ] GC(16)     Dead                           Min: 0, Avg:  0.0, Max: 0, Diff: 0, Sum: 0, Workers: 4
[68.662s][debug][gc,phases      ] GC(16)     Total                          Min: 0, Avg:  0.0, Max: 0, Diff: 0, Sum: 0, Workers: 4
[68.662s][debug][gc,phases      ] GC(16)   StringDedup Requests0 Weak     Min:  0.0, Avg:  0.0, Max:  0.0, Diff:  0.0, Sum:  0.0, Workers: 4
[68.662s][debug][gc,phases      ] GC(16)     Dead                           Min: 0, Avg:  0.0, Max: 0, Diff: 0, Sum: 0, Workers: 4
[68.662s][debug][gc,phases      ] GC(16)     Total                          Min: 0, Avg:  0.0, Max: 0, Diff: 0, Sum: 0, Workers: 4
[68.662s][debug][gc,phases      ] GC(16)   StringDedup Requests1 Weak     Min:  0.0, Avg:  0.0, Max:  0.0, Diff:  0.0, Sum:  0.0, Workers: 4
[68.662s][debug][gc,phases      ] GC(16)     Dead                           Min: 0, Avg:  0.0, Max: 0, Diff: 0, Sum: 0, Workers: 4
[68.662s][debug][gc,phases      ] GC(16)     Total                          Min: 0, Avg:  0.0, Max: 0, Diff: 0, Sum: 0, Workers: 4
[68.662s][debug][gc,phases      ] GC(16)   Weak JFR Old Object Samples    Min:  0.0, Avg:  0.0, Max:  0.0, Diff:  0.0, Sum:  0.0, Workers: 4
[68.662s][debug][gc,phases      ] GC(16)     Dead                           Min: 0, Avg:  0.0, Max: 0, Diff: 0, Sum: 0, Workers: 4
[68.662s][debug][gc,phases      ] GC(16)     Total                          Min: 0, Avg:  0.0, Max: 0, Diff: 0, Sum: 0, Workers: 4
[68.662s][debug][gc,phases      ] GC(16) Weak Processing 0.810ms
[68.662s][debug][gc,age         ] GC(16) Desired survivor size 466092032 bytes, new threshold 15 (max threshold 15)
[68.662s][info ][gc,heap        ] GC(16) PSYoungGen: 1475894K(1635840K)->300775K(1641984K) Eden: 1175040K(1175040K)->0K(1183744K) From: 300854K(460800K)->300775K(458240K)
[68.662s][info ][gc,heap        ] GC(16) ParOldGen: 6282K(18944K)->6290K(18944K)
[68.662s][info ][gc,metaspace   ] GC(16) Metaspace: 75057K(75840K)->75057K(75840K) NonClass: 64382K(64832K)->64382K(64832K) Class: 10675K(11008K)->10675K(11008K)
[68.662s][info ][gc             ] GC(16) Pause Young (Allocation Failure) 1447M->299M(1622M) 120.912ms
[68.662s][info ][gc,cpu         ] GC(16) User=0.43s Sys=0.00s Real=0.12s
[68.662s][info ][safepoint      ] Safepoint "ParallelGCFailedAllocation", Time since last: 578491904 ns, Reaching safepoint: 96803 ns, At safepoint: 120995213 ns, Total: 121092016 ns
[69.662s][info ][safepoint      ] Safepoint "Cleanup", Time since last: 1000085248 ns, Reaching safepoint: 53502 ns, At safepoint: 4100 ns, Total: 57602 ns
[70.663s][info ][safepoint      ] Safepoint "Cleanup", Time since last: 1000117860 ns, Reaching safepoint: 55702 ns, At safepoint: 7500 ns, Total: 63202 ns
[71.663s][info ][safepoint      ] Safepoint "Cleanup", Time since last: 1000117273 ns, Reaching safepoint: 56702 ns, At safepoint: 3000 ns, Total: 59702 ns
[72.663s][info ][safepoint      ] Safepoint "Cleanup", Time since last: 1000108084 ns, Reaching safepoint: 59402 ns, At safepoint: 12500 ns, Total: 71902 ns
[73.663s][info ][safepoint      ] Safepoint "Cleanup", Time since last: 1000083295 ns, Reaching safepoint: 74102 ns, At safepoint: 3200 ns, Total: 77302 ns
[74.288s][info ][gc,start       ] GC(17) Pause Young (Allocation Failure)
[74.402s][debug][gc,phases      ] GC(17) Scavenge 113.824ms
[74.402s][debug][gc,ref         ] GC(17) Skipped phase 1 of Reference Processing: no references
[74.402s][debug][gc,ref         ] GC(17) ReferenceProcessor::execute queues: 4, RefProcThreadModel::Multi, marks_oops_alive: false
[74.403s][debug][gc,ref         ] GC(17) Skipped phase 3 of Reference Processing: no references
[74.403s][debug][gc,ref         ] GC(17) ReferenceProcessor::execute queues: 1, RefProcThreadModel::Single, marks_oops_alive: false
[74.403s][debug][gc,phases      ] GC(17) Reference Processing 1.110ms
[74.404s][debug][gc,phases      ] GC(17)   VM Weak                        Min:  0.0, Avg:  0.0, Max:  0.0, Diff:  0.0, Sum:  0.0, Workers: 4
[74.404s][debug][gc,phases      ] GC(17)     Dead                           Min: 0, Avg:  0.0, Max: 0, Diff: 0, Sum: 0, Workers: 4
[74.404s][debug][gc,phases      ] GC(17)     Total                          Min: 0, Avg: 158.8, Max: 379, Diff: 379, Sum: 635, Workers: 4
[74.404s][debug][gc,phases      ] GC(17)   ObjectSynchronizer Weak        Min:  0.0, Avg:  0.0, Max:  0.0, Diff:  0.0, Sum:  0.0, Workers: 4
[74.404s][debug][gc,phases      ] GC(17)     Dead                           Min: 0, Avg:  0.0, Max: 0, Diff: 0, Sum: 0, Workers: 4
[74.404s][debug][gc,phases      ] GC(17)     Total                          Min: 0, Avg: 11.8, Max: 47, Diff: 47, Sum: 47, Workers: 4
[74.404s][debug][gc,phases      ] GC(17)   JVMTI Tag Weak OopStorage      Min:  0.0, Avg:  0.0, Max:  0.0, Diff:  0.0, Sum:  0.0, Workers: 4
[74.404s][debug][gc,phases      ] GC(17)     Dead                           Min: 0, Avg:  0.0, Max: 0, Diff: 0, Sum: 0, Workers: 4
[74.404s][debug][gc,phases      ] GC(17)     Total                          Min: 0, Avg:  0.0, Max: 0, Diff: 0, Sum: 0, Workers: 4
[74.404s][debug][gc,phases      ] GC(17)   StringTable Weak               Min:  0.0, Avg:  0.4, Max:  0.6, Diff:  0.6, Sum:  1.7, Workers: 4
[74.404s][debug][gc,phases      ] GC(17)     Dead                           Min: 0, Avg:  0.0, Max: 0, Diff: 0, Sum: 0, Workers: 4
[74.404s][debug][gc,phases      ] GC(17)     Total                          Min: 0, Avg: 10412.8, Max: 14963, Diff: 14963, Sum: 41651, Workers: 4
[74.404s][debug][gc,phases      ] GC(17)   ResolvedMethodTable Weak       Min:  0.0, Avg:  0.1, Max:  0.1, Diff:  0.1, Sum:  0.4, Workers: 4
[74.404s][debug][gc,phases      ] GC(17)     Dead                           Min: 0, Avg:  0.0, Max: 0, Diff: 0, Sum: 0, Workers: 4
[74.404s][debug][gc,phases      ] GC(17)     Total                          Min: 0, Avg: 1982.2, Max: 2879, Diff: 2879, Sum: 7929, Workers: 4
[74.404s][debug][gc,phases      ] GC(17)   JNI Weak                       Min:  0.0, Avg:  0.0, Max:  0.0, Diff:  0.0, Sum:  0.0, Workers: 4
[74.404s][debug][gc,phases      ] GC(17)     Dead                           Min: 0, Avg:  0.0, Max: 0, Diff: 0, Sum: 0, Workers: 4
[74.404s][debug][gc,phases      ] GC(17)     Total                          Min: 0, Avg: 11.2, Max: 45, Diff: 45, Sum: 45, Workers: 4
[74.404s][debug][gc,phases      ] GC(17)   StringDedup Table Weak         Min:  0.0, Avg:  0.0, Max:  0.0, Diff:  0.0, Sum:  0.0, Workers: 4
[74.404s][debug][gc,phases      ] GC(17)     Dead                           Min: 0, Avg:  0.0, Max: 0, Diff: 0, Sum: 0, Workers: 4
[74.404s][debug][gc,phases      ] GC(17)     Total                          Min: 0, Avg:  0.0, Max: 0, Diff: 0, Sum: 0, Workers: 4
[74.404s][debug][gc,phases      ] GC(17)   StringDedup Requests0 Weak     Min:  0.0, Avg:  0.0, Max:  0.0, Diff:  0.0, Sum:  0.0, Workers: 4
[74.404s][debug][gc,phases      ] GC(17)     Dead                           Min: 0, Avg:  0.0, Max: 0, Diff: 0, Sum: 0, Workers: 4
[74.404s][debug][gc,phases      ] GC(17)     Total                          Min: 0, Avg:  0.0, Max: 0, Diff: 0, Sum: 0, Workers: 4
[74.404s][debug][gc,phases      ] GC(17)   StringDedup Requests1 Weak     Min:  0.0, Avg:  0.0, Max:  0.0, Diff:  0.0, Sum:  0.0, Workers: 4
[74.404s][debug][gc,phases      ] GC(17)     Dead                           Min: 0, Avg:  0.0, Max: 0, Diff: 0, Sum: 0, Workers: 4
[74.404s][debug][gc,phases      ] GC(17)     Total                          Min: 0, Avg:  0.0, Max: 0, Diff: 0, Sum: 0, Workers: 4
[74.404s][debug][gc,phases      ] GC(17)   Weak JFR Old Object Samples    Min:  0.0, Avg:  0.0, Max:  0.0, Diff:  0.0, Sum:  0.0, Workers: 4
[74.404s][debug][gc,phases      ] GC(17)     Dead                           Min: 0, Avg:  0.0, Max: 0, Diff: 0, Sum: 0, Workers: 4
[74.404s][debug][gc,phases      ] GC(17)     Total                          Min: 0, Avg:  0.0, Max: 0, Diff: 0, Sum: 0, Workers: 4
[74.404s][debug][gc,phases      ] GC(17) Weak Processing 0.910ms
[74.404s][debug][gc,age         ] GC(17) Desired survivor size 461373440 bytes, new threshold 15 (max threshold 15)
[74.404s][info ][gc,heap        ] GC(17) PSYoungGen: 1484519K(1641984K)->300821K(1638912K) Eden: 1183744K(1183744K)->0K(1183744K) From: 300775K(458240K)->300821K(455168K)
[74.404s][info ][gc,heap        ] GC(17) ParOldGen: 6290K(18944K)->6298K(18944K)
[74.404s][info ][gc,metaspace   ] GC(17) Metaspace: 75067K(75840K)->75067K(75840K) NonClass: 64392K(64832K)->64392K(64832K) Class: 10675K(11008K)->10675K(11008K)
[74.404s][info ][gc             ] GC(17) Pause Young (Allocation Failure) 1455M->299M(1619M) 115.980ms
[74.404s][info ][gc,cpu         ] GC(17) User=0.42s Sys=0.01s Real=0.12s
[74.404s][info ][safepoint      ] Safepoint "ParallelGCFailedAllocation", Time since last: 624920250 ns, Reaching safepoint: 59802 ns, At safepoint: 116056960 ns, Total: 116116762 ns
[75.404s][info ][safepoint      ] Safepoint "Cleanup", Time since last: 1000085515 ns, Reaching safepoint: 59202 ns, At safepoint: 4400 ns, Total: 63602 ns
[76.404s][info ][safepoint      ] Safepoint "Cleanup", Time since last: 1000123628 ns, Reaching safepoint: 64802 ns, At safepoint: 7201 ns, Total: 72003 ns
[77.405s][info ][safepoint      ] Safepoint "Cleanup", Time since last: 1000089038 ns, Reaching safepoint: 78802 ns, At safepoint: 7701 ns, Total: 86503 ns
[78.405s][info ][safepoint      ] Safepoint "Cleanup", Time since last: 1000118051 ns, Reaching safepoint: 52601 ns, At safepoint: 2500 ns, Total: 55101 ns
[79.405s][info ][safepoint      ] Safepoint "Cleanup", Time since last: 1000111463 ns, Reaching safepoint: 64102 ns, At safepoint: 6400 ns, Total: 70502 ns
[79.837s][info ][gc,start       ] GC(18) Pause Young (Allocation Failure)
[79.955s][debug][gc,phases      ] GC(18) Scavenge 117.642ms
[79.955s][debug][gc,ref         ] GC(18) Skipped phase 1 of Reference Processing: no references
[79.956s][debug][gc,ref         ] GC(18) ReferenceProcessor::execute queues: 4, RefProcThreadModel::Multi, marks_oops_alive: false
[79.956s][debug][gc,ref         ] GC(18) Skipped phase 3 of Reference Processing: no references
[79.956s][debug][gc,ref         ] GC(18) ReferenceProcessor::execute queues: 1, RefProcThreadModel::Single, marks_oops_alive: false
[79.956s][debug][gc,phases      ] GC(18) Reference Processing 1.033ms
[79.957s][debug][gc,phases      ] GC(18)   VM Weak                        Min:  0.0, Avg:  0.0, Max:  0.0, Diff:  0.0, Sum:  0.0, Workers: 4
[79.957s][debug][gc,phases      ] GC(18)     Dead                           Min: 0, Avg:  0.0, Max: 0, Diff: 0, Sum: 0, Workers: 4
[79.957s][debug][gc,phases      ] GC(18)     Total                          Min: 0, Avg: 158.8, Max: 384, Diff: 384, Sum: 635, Workers: 4
[79.957s][debug][gc,phases      ] GC(18)   ObjectSynchronizer Weak        Min:  0.0, Avg:  0.0, Max:  0.0, Diff:  0.0, Sum:  0.0, Workers: 4
[79.957s][debug][gc,phases      ] GC(18)     Dead                           Min: 0, Avg:  0.0, Max: 0, Diff: 0, Sum: 0, Workers: 4
[79.957s][debug][gc,phases      ] GC(18)     Total                          Min: 0, Avg: 11.8, Max: 47, Diff: 47, Sum: 47, Workers: 4
[79.957s][debug][gc,phases      ] GC(18)   JVMTI Tag Weak OopStorage      Min:  0.0, Avg:  0.0, Max:  0.0, Diff:  0.0, Sum:  0.0, Workers: 4
[79.957s][debug][gc,phases      ] GC(18)     Dead                           Min: 0, Avg:  0.0, Max: 0, Diff: 0, Sum: 0, Workers: 4
[79.957s][debug][gc,phases      ] GC(18)     Total                          Min: 0, Avg:  0.0, Max: 0, Diff: 0, Sum: 0, Workers: 4
[79.957s][debug][gc,phases      ] GC(18)   StringTable Weak               Min:  0.0, Avg:  0.4, Max:  0.5, Diff:  0.5, Sum:  1.4, Workers: 4
[79.957s][debug][gc,phases      ] GC(18)     Dead                           Min: 0, Avg:  0.2, Max: 1, Diff: 1, Sum: 1, Workers: 4
[79.957s][debug][gc,phases      ] GC(18)     Total                          Min: 0, Avg: 10413.8, Max: 17536, Diff: 17536, Sum: 41655, Workers: 4
[79.957s][debug][gc,phases      ] GC(18)   ResolvedMethodTable Weak       Min:  0.0, Avg:  0.1, Max:  0.1, Diff:  0.1, Sum:  0.3, Workers: 4
[79.957s][debug][gc,phases      ] GC(18)     Dead                           Min: 0, Avg:  0.0, Max: 0, Diff: 0, Sum: 0, Workers: 4
[79.957s][debug][gc,phases      ] GC(18)     Total                          Min: 0, Avg: 1982.8, Max: 3520, Diff: 3520, Sum: 7931, Workers: 4
[79.957s][debug][gc,phases      ] GC(18)   JNI Weak                       Min:  0.0, Avg:  0.0, Max:  0.0, Diff:  0.0, Sum:  0.0, Workers: 4
[79.957s][debug][gc,phases      ] GC(18)     Dead                           Min: 0, Avg:  0.0, Max: 0, Diff: 0, Sum: 0, Workers: 4
[79.957s][debug][gc,phases      ] GC(18)     Total                          Min: 0, Avg: 11.2, Max: 45, Diff: 45, Sum: 45, Workers: 4
[79.957s][debug][gc,phases      ] GC(18)   StringDedup Table Weak         Min:  0.0, Avg:  0.0, Max:  0.0, Diff:  0.0, Sum:  0.0, Workers: 4
[79.957s][debug][gc,phases      ] GC(18)     Dead                           Min: 0, Avg:  0.0, Max: 0, Diff: 0, Sum: 0, Workers: 4
[79.957s][debug][gc,phases      ] GC(18)     Total                          Min: 0, Avg:  0.0, Max: 0, Diff: 0, Sum: 0, Workers: 4
[79.957s][debug][gc,phases      ] GC(18)   StringDedup Requests0 Weak     Min:  0.0, Avg:  0.0, Max:  0.0, Diff:  0.0, Sum:  0.0, Workers: 4
[79.957s][debug][gc,phases      ] GC(18)     Dead                           Min: 0, Avg:  0.0, Max: 0, Diff: 0, Sum: 0, Workers: 4
[79.957s][debug][gc,phases      ] GC(18)     Total                          Min: 0, Avg:  0.0, Max: 0, Diff: 0, Sum: 0, Workers: 4
[79.957s][debug][gc,phases      ] GC(18)   StringDedup Requests1 Weak     Min:  0.0, Avg:  0.0, Max:  0.0, Diff:  0.0, Sum:  0.0, Workers: 4
[79.957s][debug][gc,phases      ] GC(18)     Dead                           Min: 0, Avg:  0.0, Max: 0, Diff: 0, Sum: 0, Workers: 4
[79.957s][debug][gc,phases      ] GC(18)     Total                          Min: 0, Avg:  0.0, Max: 0, Diff: 0, Sum: 0, Workers: 4
[79.957s][debug][gc,phases      ] GC(18)   Weak JFR Old Object Samples    Min:  0.0, Avg:  0.0, Max:  0.0, Diff:  0.0, Sum:  0.0, Workers: 4
[79.957s][debug][gc,phases      ] GC(18)     Dead                           Min: 0, Avg:  0.0, Max: 0, Diff: 0, Sum: 0, Workers: 4
[79.957s][debug][gc,phases      ] GC(18)     Total                          Min: 0, Avg:  0.0, Max: 0, Diff: 0, Sum: 0, Workers: 4
[79.957s][debug][gc,phases      ] GC(18) Weak Processing 0.799ms
[79.957s][debug][gc,age         ] GC(18) Desired survivor size 456654848 bytes, new threshold 15 (max threshold 15)
[79.957s][info ][gc,heap        ] GC(18) PSYoungGen: 1484565K(1638912K)->300812K(1651200K) Eden: 1183744K(1183744K)->0K(1200640K) From: 300821K(455168K)->300812K(450560K)
[79.957s][info ][gc,heap        ] GC(18) ParOldGen: 6298K(18944K)->6306K(18944K)
[79.957s][info ][gc,metaspace   ] GC(18) Metaspace: 75094K(75840K)->75094K(75840K) NonClass: 64417K(64832K)->64417K(64832K) Class: 10677K(11008K)->10677K(11008K)
[79.957s][info ][gc             ] GC(18) Pause Young (Allocation Failure) 1455M->299M(1631M) 119.629ms
[79.957s][info ][gc,cpu         ] GC(18) User=0.43s Sys=0.00s Real=0.12s
[79.957s][info ][safepoint      ] Safepoint "ParallelGCFailedAllocation", Time since last: 432428540 ns, Reaching safepoint: 45201 ns, At safepoint: 119714888 ns, Total: 119760089 ns
[80.957s][info ][safepoint      ] Safepoint "Cleanup", Time since last: 1000092279 ns, Reaching safepoint: 59902 ns, At safepoint: 3600 ns, Total: 63502 ns
[81.957s][info ][safepoint      ] Safepoint "Cleanup", Time since last: 1000110592 ns, Reaching safepoint: 46701 ns, At safepoint: 4000 ns, Total: 50701 ns
[82.958s][info ][safepoint      ] Safepoint "Cleanup", Time since last: 1000120104 ns, Reaching safepoint: 40001 ns, At safepoint: 8400 ns, Total: 48401 ns
[83.958s][info ][safepoint      ] Safepoint "Cleanup", Time since last: 1000082914 ns, Reaching safepoint: 49002 ns, At safepoint: 4400 ns, Total: 53402 ns
[85.539s][info ][gc,start       ] GC(19) Pause Young (Allocation Failure)
[85.657s][debug][gc,phases      ] GC(19) Scavenge 117.575ms
[85.657s][debug][gc,ref         ] GC(19) Skipped phase 1 of Reference Processing: no references
[85.657s][debug][gc,ref         ] GC(19) ReferenceProcessor::execute queues: 4, RefProcThreadModel::Multi, marks_oops_alive: false
[85.658s][debug][gc,ref         ] GC(19) Skipped phase 3 of Reference Processing: no references
[85.658s][debug][gc,ref         ] GC(19) ReferenceProcessor::execute queues: 1, RefProcThreadModel::Single, marks_oops_alive: false
[85.658s][debug][gc,phases      ] GC(19) Reference Processing 0.859ms
[85.658s][debug][gc,phases      ] GC(19)   VM Weak                        Min:  0.0, Avg:  0.0, Max:  0.0, Diff:  0.0, Sum:  0.0, Workers: 4
[85.658s][debug][gc,phases      ] GC(19)     Dead                           Min: 0, Avg:  0.0, Max: 0, Diff: 0, Sum: 0, Workers: 4
[85.658s][debug][gc,phases      ] GC(19)     Total                          Min: 0, Avg: 158.8, Max: 443, Diff: 443, Sum: 635, Workers: 4
[85.658s][debug][gc,phases      ] GC(19)   ObjectSynchronizer Weak        Min:  0.0, Avg:  0.0, Max:  0.0, Diff:  0.0, Sum:  0.0, Workers: 4
[85.659s][debug][gc,phases      ] GC(19)     Dead                           Min: 0, Avg:  0.0, Max: 0, Diff: 0, Sum: 0, Workers: 4
[85.659s][debug][gc,phases      ] GC(19)     Total                          Min: 0, Avg: 11.8, Max: 47, Diff: 47, Sum: 47, Workers: 4
[85.659s][debug][gc,phases      ] GC(19)   JVMTI Tag Weak OopStorage      Min:  0.0, Avg:  0.0, Max:  0.0, Diff:  0.0, Sum:  0.0, Workers: 4
[85.659s][debug][gc,phases      ] GC(19)     Dead                           Min: 0, Avg:  0.0, Max: 0, Diff: 0, Sum: 0, Workers: 4
[85.659s][debug][gc,phases      ] GC(19)     Total                          Min: 0, Avg:  0.0, Max: 0, Diff: 0, Sum: 0, Workers: 4
[85.659s][debug][gc,phases      ] GC(19)   StringTable Weak               Min:  0.0, Avg:  0.4, Max:  0.5, Diff:  0.5, Sum:  1.6, Workers: 4
[85.659s][debug][gc,phases      ] GC(19)     Dead                           Min: 0, Avg:  0.0, Max: 0, Diff: 0, Sum: 0, Workers: 4
[85.659s][debug][gc,phases      ] GC(19)     Total                          Min: 0, Avg: 10423.8, Max: 17984, Diff: 17984, Sum: 41695, Workers: 4
[85.659s][debug][gc,phases      ] GC(19)   ResolvedMethodTable Weak       Min:  0.0, Avg:  0.1, Max:  0.1, Diff:  0.1, Sum:  0.3, Workers: 4
[85.659s][debug][gc,phases      ] GC(19)     Dead                           Min: 0, Avg:  0.0, Max: 0, Diff: 0, Sum: 0, Workers: 4
[85.659s][debug][gc,phases      ] GC(19)     Total                          Min: 0, Avg: 1982.8, Max: 3323, Diff: 3323, Sum: 7931, Workers: 4
[85.659s][debug][gc,phases      ] GC(19)   JNI Weak                       Min:  0.0, Avg:  0.0, Max:  0.0, Diff:  0.0, Sum:  0.0, Workers: 4
[85.659s][debug][gc,phases      ] GC(19)     Dead                           Min: 0, Avg:  0.0, Max: 0, Diff: 0, Sum: 0, Workers: 4
[85.659s][debug][gc,phases      ] GC(19)     Total                          Min: 0, Avg: 11.2, Max: 45, Diff: 45, Sum: 45, Workers: 4
[85.659s][debug][gc,phases      ] GC(19)   StringDedup Table Weak         Min:  0.0, Avg:  0.0, Max:  0.0, Diff:  0.0, Sum:  0.0, Workers: 4
[85.659s][debug][gc,phases      ] GC(19)     Dead                           Min: 0, Avg:  0.0, Max: 0, Diff: 0, Sum: 0, Workers: 4
[85.659s][debug][gc,phases      ] GC(19)     Total                          Min: 0, Avg:  0.0, Max: 0, Diff: 0, Sum: 0, Workers: 4
[85.659s][debug][gc,phases      ] GC(19)   StringDedup Requests0 Weak     Min:  0.0, Avg:  0.0, Max:  0.0, Diff:  0.0, Sum:  0.0, Workers: 4
[85.659s][debug][gc,phases      ] GC(19)     Dead                           Min: 0, Avg:  0.0, Max: 0, Diff: 0, Sum: 0, Workers: 4
[85.659s][debug][gc,phases      ] GC(19)     Total                          Min: 0, Avg:  0.0, Max: 0, Diff: 0, Sum: 0, Workers: 4
[85.659s][debug][gc,phases      ] GC(19)   StringDedup Requests1 Weak     Min:  0.0, Avg:  0.0, Max:  0.0, Diff:  0.0, Sum:  0.0, Workers: 4
[85.659s][debug][gc,phases      ] GC(19)     Dead                           Min: 0, Avg:  0.0, Max: 0, Diff: 0, Sum: 0, Workers: 4
[85.659s][debug][gc,phases      ] GC(19)     Total                          Min: 0, Avg:  0.0, Max: 0, Diff: 0, Sum: 0, Workers: 4
[85.659s][debug][gc,phases      ] GC(19)   Weak JFR Old Object Samples    Min:  0.0, Avg:  0.0, Max:  0.0, Diff:  0.0, Sum:  0.0, Workers: 4
[85.659s][debug][gc,phases      ] GC(19)     Dead                           Min: 0, Avg:  0.0, Max: 0, Diff: 0, Sum: 0, Workers: 4
[85.659s][debug][gc,phases      ] GC(19)     Total                          Min: 0, Avg:  0.0, Max: 0, Diff: 0, Sum: 0, Workers: 4
[85.659s][debug][gc,phases      ] GC(19) Weak Processing 0.850ms
[85.659s][debug][gc,age         ] GC(19) Desired survivor size 441450496 bytes, new threshold 15 (max threshold 15)
[85.659s][info ][gc,heap        ] GC(19) PSYoungGen: 1501452K(1651200K)->276570K(1646592K) Eden: 1200640K(1200640K)->0K(1200640K) From: 300812K(450560K)->276570K(445952K)
[85.659s][info ][gc,heap        ] GC(19) ParOldGen: 6306K(18944K)->30666K(30720K)
[85.659s][info ][gc,metaspace   ] GC(19) Metaspace: 75104K(75840K)->75104K(75840K) NonClass: 64426K(64832K)->64426K(64832K) Class: 10677K(11008K)->10677K(11008K)
[85.659s][info ][gc             ] GC(19) Pause Young (Allocation Failure) 1472M->300M(1638M) 119.433ms
[85.659s][info ][gc,cpu         ] GC(19) User=0.42s Sys=0.01s Real=0.12s
[85.659s][debug][gc,phases      ] GC(20) Pre Compact 0.010ms
[85.659s][info ][gc,start       ] GC(20) Pause Full (Ergonomics)
[85.659s][info ][gc,phases,start] GC(20) Marking Phase
[85.775s][debug][gc,phases      ] GC(20) Par Mark 116.489ms
[85.775s][debug][gc,ref         ] GC(20) Skipped phase 1 of Reference Processing: no references
[85.776s][debug][gc,ref         ] GC(20) ReferenceProcessor::execute queues: 4, RefProcThreadModel::Multi, marks_oops_alive: false
[85.776s][debug][gc,ref         ] GC(20) Skipped phase 3 of Reference Processing: no references
[85.776s][debug][gc,ref         ] GC(20) ReferenceProcessor::execute queues: 1, RefProcThreadModel::Single, marks_oops_alive: false
[85.776s][debug][gc,phases      ] GC(20) Reference Processing 0.831ms
[85.776s][debug][gc,phases      ] GC(20)   VM Weak                        Min:  0.0, Avg:  0.0, Max:  0.0, Diff:  0.0, Sum:  0.0, Workers: 4
[85.776s][debug][gc,phases      ] GC(20)     Dead                           Min: 0, Avg:  0.0, Max: 0, Diff: 0, Sum: 0, Workers: 4
[85.776s][debug][gc,phases      ] GC(20)     Total                          Min: 0, Avg: 158.8, Max: 576, Diff: 576, Sum: 635, Workers: 4
[85.776s][debug][gc,phases      ] GC(20)   ObjectSynchronizer Weak        Min:  0.0, Avg:  0.0, Max:  0.0, Diff:  0.0, Sum:  0.0, Workers: 4
[85.776s][debug][gc,phases      ] GC(20)     Dead                           Min: 0, Avg:  0.0, Max: 0, Diff: 0, Sum: 0, Workers: 4
[85.776s][debug][gc,phases      ] GC(20)     Total                          Min: 0, Avg: 11.8, Max: 47, Diff: 47, Sum: 47, Workers: 4
[85.776s][debug][gc,phases      ] GC(20)   JVMTI Tag Weak OopStorage      Min:  0.0, Avg:  0.0, Max:  0.0, Diff:  0.0, Sum:  0.0, Workers: 4
[85.776s][debug][gc,phases      ] GC(20)     Dead                           Min: 0, Avg:  0.0, Max: 0, Diff: 0, Sum: 0, Workers: 4
[85.776s][debug][gc,phases      ] GC(20)     Total                          Min: 0, Avg:  0.0, Max: 0, Diff: 0, Sum: 0, Workers: 4
[85.776s][debug][gc,phases      ] GC(20)   StringTable Weak               Min:  0.1, Avg:  0.2, Max:  0.2, Diff:  0.0, Sum:  0.6, Workers: 4
[85.776s][debug][gc,phases      ] GC(20)     Dead                           Min: 0, Avg:  0.0, Max: 0, Diff: 0, Sum: 0, Workers: 4
[85.777s][debug][gc,phases      ] GC(20)     Total                          Min: 10079, Avg: 10423.8, Max: 10688, Diff: 609, Sum: 41695, Workers: 4
[85.777s][debug][gc,phases      ] GC(20)   ResolvedMethodTable Weak       Min:  0.0, Avg:  0.0, Max:  0.0, Diff:  0.0, Sum:  0.1, Workers: 4
[85.777s][debug][gc,phases      ] GC(20)     Dead                           Min: 0, Avg:  0.0, Max: 0, Diff: 0, Sum: 0, Workers: 4
[85.777s][debug][gc,phases      ] GC(20)     Total                          Min: 1216, Avg: 1982.8, Max: 2240, Diff: 1024, Sum: 7931, Workers: 4
[85.777s][debug][gc,phases      ] GC(20)   JNI Weak                       Min:  0.0, Avg:  0.0, Max:  0.0, Diff:  0.0, Sum:  0.0, Workers: 4
[85.777s][debug][gc,phases      ] GC(20)     Dead                           Min: 0, Avg:  0.0, Max: 0, Diff: 0, Sum: 0, Workers: 4
[85.777s][debug][gc,phases      ] GC(20)     Total                          Min: 0, Avg: 11.2, Max: 45, Diff: 45, Sum: 45, Workers: 4
[85.777s][debug][gc,phases      ] GC(20)   StringDedup Table Weak         Min:  0.0, Avg:  0.0, Max:  0.0, Diff:  0.0, Sum:  0.0, Workers: 4
[85.777s][debug][gc,phases      ] GC(20)     Dead                           Min: 0, Avg:  0.0, Max: 0, Diff: 0, Sum: 0, Workers: 4
[85.777s][debug][gc,phases      ] GC(20)     Total                          Min: 0, Avg:  0.0, Max: 0, Diff: 0, Sum: 0, Workers: 4
[85.777s][debug][gc,phases      ] GC(20)   StringDedup Requests0 Weak     Min:  0.0, Avg:  0.0, Max:  0.0, Diff:  0.0, Sum:  0.0, Workers: 4
[85.777s][debug][gc,phases      ] GC(20)     Dead                           Min: 0, Avg:  0.0, Max: 0, Diff: 0, Sum: 0, Workers: 4
[85.777s][debug][gc,phases      ] GC(20)     Total                          Min: 0, Avg:  0.0, Max: 0, Diff: 0, Sum: 0, Workers: 4
[85.777s][debug][gc,phases      ] GC(20)   StringDedup Requests1 Weak     Min:  0.0, Avg:  0.0, Max:  0.0, Diff:  0.0, Sum:  0.0, Workers: 4
[85.777s][debug][gc,phases      ] GC(20)     Dead                           Min: 0, Avg:  0.0, Max: 0, Diff: 0, Sum: 0, Workers: 4
[85.777s][debug][gc,phases      ] GC(20)     Total                          Min: 0, Avg:  0.0, Max: 0, Diff: 0, Sum: 0, Workers: 4
[85.777s][debug][gc,phases      ] GC(20)   Weak JFR Old Object Samples    Min:  0.0, Avg:  0.0, Max:  0.0, Diff:  0.0, Sum:  0.0, Workers: 4
[85.777s][debug][gc,phases      ] GC(20)     Dead                           Min: 0, Avg:  0.0, Max: 0, Diff: 0, Sum: 0, Workers: 4
[85.777s][debug][gc,phases      ] GC(20)     Total                          Min: 0, Avg:  0.0, Max: 0, Diff: 0, Sum: 0, Workers: 4
[85.777s][debug][gc,phases      ] GC(20) Weak Processing 0.396ms
[85.777s][debug][gc,phases      ] GC(20) ClassLoaderData 0.083ms
[85.777s][debug][gc,phases      ] GC(20) Trigger cleanups 0.000ms
[85.794s][debug][gc,phases      ] GC(20) Class Unloading 17.700ms
[85.794s][info ][gc,phases      ] GC(20) Marking Phase 135.606ms
[85.794s][info ][gc,phases,start] GC(20) Summary Phase
[85.794s][info ][gc,phases      ] GC(20) Summary Phase 0.013ms
[85.794s][info ][gc,phases,start] GC(20) Adjust Roots
[85.815s][info ][gc,phases      ] GC(20) Adjust Roots 20.349ms
[85.815s][info ][gc,phases,start] GC(20) Compaction Phase
[86.832s][info ][gc,phases      ] GC(20) Compaction Phase 1017.270ms
[86.832s][info ][gc,phases,start] GC(20) Post Compact
[86.835s][info ][gc,phases      ] GC(20) Post Compact 2.969ms
[86.835s][info ][gc,heap        ] GC(20) PSYoungGen: 276570K(1646592K)->274973K(1646592K) Eden: 0K(1200640K)->0K(1200640K) From: 276570K(445952K)->274973K(445952K)
[86.835s][info ][gc,heap        ] GC(20) ParOldGen: 30666K(30720K)->30504K(63488K)
[86.835s][info ][gc,metaspace   ] GC(20) Metaspace: 75104K(75840K)->75104K(75840K) NonClass: 64426K(64832K)->64426K(64832K) Class: 10677K(11008K)->10677K(11008K)
[86.835s][info ][gc             ] GC(20) Pause Full (Ergonomics) 300M->298M(1670M) 1176.504ms
[86.835s][info ][gc,cpu         ] GC(20) User=2.92s Sys=0.00s Real=1.18s
[86.835s][info ][safepoint      ] Safepoint "ParallelGCFailedAllocation", Time since last: 1581409335 ns, Reaching safepoint: 31301 ns, At safepoint: 1296097178 ns, Total: 1296128479 ns
[87.836s][info ][safepoint      ] Safepoint "Cleanup", Time since last: 1000099159 ns, Reaching safepoint: 114303 ns, At safepoint: 9101 ns, Total: 123404 ns
[88.836s][info ][safepoint      ] Safepoint "Cleanup", Time since last: 1000140171 ns, Reaching safepoint: 147105 ns, At safepoint: 8500 ns, Total: 155605 ns
[89.836s][info ][safepoint      ] Safepoint "Cleanup", Time since last: 1000123982 ns, Reaching safepoint: 137504 ns, At safepoint: 7600 ns, Total: 145104 ns
[91.482s][info ][gc,start       ] GC(21) Pause Young (Allocation Failure)
[91.611s][debug][gc,phases      ] GC(21) Scavenge 127.977ms
[91.611s][debug][gc,ref         ] GC(21) Skipped phase 1 of Reference Processing: no references
[91.611s][debug][gc,ref         ] GC(21) ReferenceProcessor::execute queues: 2, RefProcThreadModel::Multi, marks_oops_alive: false
[91.611s][debug][gc,ref         ] GC(21) Skipped phase 3 of Reference Processing: no references
[91.611s][debug][gc,ref         ] GC(21) ReferenceProcessor::execute queues: 1, RefProcThreadModel::Single, marks_oops_alive: false
[91.611s][debug][gc,phases      ] GC(21) Reference Processing 0.278ms
[91.611s][debug][gc,phases      ] GC(21)   VM Weak                        Min:  0.0, Avg:  0.0, Max:  0.0, Diff:  0.0, Sum:  0.0, Workers: 4
[91.611s][debug][gc,phases      ] GC(21)     Dead                           Min: 0, Avg:  0.0, Max: 0, Diff: 0, Sum: 0, Workers: 4
[91.611s][debug][gc,phases      ] GC(21)     Total                          Min: 64, Avg: 158.8, Max: 320, Diff: 256, Sum: 635, Workers: 4
[91.611s][debug][gc,phases      ] GC(21)   ObjectSynchronizer Weak        Min:  0.0, Avg:  0.0, Max:  0.0, Diff:  0.0, Sum:  0.0, Workers: 4
[91.611s][debug][gc,phases      ] GC(21)     Dead                           Min: 0, Avg:  0.0, Max: 0, Diff: 0, Sum: 0, Workers: 4
[91.611s][debug][gc,phases      ] GC(21)     Total                          Min: 0, Avg: 11.8, Max: 47, Diff: 47, Sum: 47, Workers: 4
[91.611s][debug][gc,phases      ] GC(21)   JVMTI Tag Weak OopStorage      Min:  0.0, Avg:  0.0, Max:  0.0, Diff:  0.0, Sum:  0.0, Workers: 4
[91.611s][debug][gc,phases      ] GC(21)     Dead                           Min: 0, Avg:  0.0, Max: 0, Diff: 0, Sum: 0, Workers: 4
[91.611s][debug][gc,phases      ] GC(21)     Total                          Min: 0, Avg:  0.0, Max: 0, Diff: 0, Sum: 0, Workers: 4
[91.611s][debug][gc,phases      ] GC(21)   StringTable Weak               Min:  0.4, Avg:  0.4, Max:  0.4, Diff:  0.0, Sum:  1.4, Workers: 4
[91.611s][debug][gc,phases      ] GC(21)     Dead                           Min: 0, Avg:  0.0, Max: 0, Diff: 0, Sum: 0, Workers: 4
[91.611s][debug][gc,phases      ] GC(21)     Total                          Min: 9856, Avg: 10423.8, Max: 11136, Diff: 1280, Sum: 41695, Workers: 4
[91.611s][debug][gc,phases      ] GC(21)   ResolvedMethodTable Weak       Min:  0.1, Avg:  0.1, Max:  0.1, Diff:  0.0, Sum:  0.3, Workers: 4
[91.611s][debug][gc,phases      ] GC(21)     Dead                           Min: 0, Avg:  0.2, Max: 1, Diff: 1, Sum: 1, Workers: 4
[91.611s][debug][gc,phases      ] GC(21)     Total                          Min: 1728, Avg: 1982.8, Max: 2363, Diff: 635, Sum: 7931, Workers: 4
[91.611s][debug][gc,phases      ] GC(21)   JNI Weak                       Min:  0.0, Avg:  0.0, Max:  0.0, Diff:  0.0, Sum:  0.0, Workers: 4
[91.611s][debug][gc,phases      ] GC(21)     Dead                           Min: 0, Avg:  0.0, Max: 0, Diff: 0, Sum: 0, Workers: 4
[91.611s][debug][gc,phases      ] GC(21)     Total                          Min: 0, Avg: 11.2, Max: 45, Diff: 45, Sum: 45, Workers: 4
[91.611s][debug][gc,phases      ] GC(21)   StringDedup Table Weak         Min:  0.0, Avg:  0.0, Max:  0.0, Diff:  0.0, Sum:  0.0, Workers: 4
[91.611s][debug][gc,phases      ] GC(21)     Dead                           Min: 0, Avg:  0.0, Max: 0, Diff: 0, Sum: 0, Workers: 4
[91.611s][debug][gc,phases      ] GC(21)     Total                          Min: 0, Avg:  0.0, Max: 0, Diff: 0, Sum: 0, Workers: 4
[91.611s][debug][gc,phases      ] GC(21)   StringDedup Requests0 Weak     Min:  0.0, Avg:  0.0, Max:  0.0, Diff:  0.0, Sum:  0.0, Workers: 4
[91.611s][debug][gc,phases      ] GC(21)     Dead                           Min: 0, Avg:  0.0, Max: 0, Diff: 0, Sum: 0, Workers: 4
[91.611s][debug][gc,phases      ] GC(21)     Total                          Min: 0, Avg:  0.0, Max: 0, Diff: 0, Sum: 0, Workers: 4
[91.611s][debug][gc,phases      ] GC(21)   StringDedup Requests1 Weak     Min:  0.0, Avg:  0.0, Max:  0.0, Diff:  0.0, Sum:  0.0, Workers: 4
[91.611s][debug][gc,phases      ] GC(21)     Dead                           Min: 0, Avg:  0.0, Max: 0, Diff: 0, Sum: 0, Workers: 4
[91.611s][debug][gc,phases      ] GC(21)     Total                          Min: 0, Avg:  0.0, Max: 0, Diff: 0, Sum: 0, Workers: 4
[91.611s][debug][gc,phases      ] GC(21)   Weak JFR Old Object Samples    Min:  0.0, Avg:  0.0, Max:  0.0, Diff:  0.0, Sum:  0.0, Workers: 4
[91.611s][debug][gc,phases      ] GC(21)     Dead                           Min: 0, Avg:  0.0, Max: 0, Diff: 0, Sum: 0, Workers: 4
[91.611s][debug][gc,phases      ] GC(21)     Total                          Min: 0, Avg:  0.0, Max: 0, Diff: 0, Sum: 0, Workers: 4
[91.611s][debug][gc,phases      ] GC(21) Weak Processing 0.643ms
[91.611s][debug][gc,age         ] GC(21) Desired survivor size 433586176 bytes, new threshold 15 (max threshold 15)
[91.612s][info ][gc,heap        ] GC(21) PSYoungGen: 1475613K(1646592K)->219125K(1673728K) Eden: 1200640K(1200640K)->0K(1242624K) From: 274973K(445952K)->219125K(431104K)
[91.612s][info ][gc,heap        ] GC(21) ParOldGen: 30504K(63488K)->88153K(88576K)
[91.612s][info ][gc,metaspace   ] GC(21) Metaspace: 75104K(75840K)->75104K(75840K) NonClass: 64426K(64832K)->64426K(64832K) Class: 10677K(11008K)->10677K(11008K)
[91.612s][info ][gc             ] GC(21) Pause Young (Allocation Failure) 1470M->300M(1721M) 129.047ms
[91.612s][info ][gc,cpu         ] GC(21) User=0.44s Sys=0.01s Real=0.13s
[91.612s][debug][gc,phases      ] GC(22) Pre Compact 0.010ms
[91.612s][info ][gc,start       ] GC(22) Pause Full (Ergonomics)
[91.612s][info ][gc,phases,start] GC(22) Marking Phase
[91.730s][debug][gc,phases      ] GC(22) Par Mark 118.258ms
[91.730s][debug][gc,ref         ] GC(22) Skipped phase 1 of Reference Processing: no references
[91.730s][debug][gc,ref         ] GC(22) ReferenceProcessor::execute queues: 4, RefProcThreadModel::Multi, marks_oops_alive: false
[91.731s][debug][gc,ref         ] GC(22) Skipped phase 3 of Reference Processing: no references
[91.731s][debug][gc,ref         ] GC(22) ReferenceProcessor::execute queues: 1, RefProcThreadModel::Single, marks_oops_alive: false
[91.731s][debug][gc,phases      ] GC(22) Reference Processing 0.768ms
[91.731s][debug][gc,phases      ] GC(22)   VM Weak                        Min:  0.0, Avg:  0.0, Max:  0.0, Diff:  0.0, Sum:  0.0, Workers: 4
[91.731s][debug][gc,phases      ] GC(22)     Dead                           Min: 0, Avg:  0.0, Max: 0, Diff: 0, Sum: 0, Workers: 4
[91.731s][debug][gc,phases      ] GC(22)     Total                          Min: 64, Avg: 158.8, Max: 320, Diff: 256, Sum: 635, Workers: 4
[91.731s][debug][gc,phases      ] GC(22)   ObjectSynchronizer Weak        Min:  0.0, Avg:  0.0, Max:  0.0, Diff:  0.0, Sum:  0.0, Workers: 4
[91.731s][debug][gc,phases      ] GC(22)     Dead                           Min: 0, Avg:  0.0, Max: 0, Diff: 0, Sum: 0, Workers: 4
[91.731s][debug][gc,phases      ] GC(22)     Total                          Min: 0, Avg: 11.8, Max: 47, Diff: 47, Sum: 47, Workers: 4
[91.731s][debug][gc,phases      ] GC(22)   JVMTI Tag Weak OopStorage      Min:  0.0, Avg:  0.0, Max:  0.0, Diff:  0.0, Sum:  0.0, Workers: 4
[91.731s][debug][gc,phases      ] GC(22)     Dead                           Min: 0, Avg:  0.0, Max: 0, Diff: 0, Sum: 0, Workers: 4
[91.731s][debug][gc,phases      ] GC(22)     Total                          Min: 0, Avg:  0.0, Max: 0, Diff: 0, Sum: 0, Workers: 4
[91.731s][debug][gc,phases      ] GC(22)   StringTable Weak               Min:  0.2, Avg:  0.2, Max:  0.2, Diff:  0.0, Sum:  0.7, Workers: 4
[91.731s][debug][gc,phases      ] GC(22)     Dead                           Min: 0, Avg:  0.0, Max: 0, Diff: 0, Sum: 0, Workers: 4
[91.731s][debug][gc,phases      ] GC(22)     Total                          Min: 9408, Avg: 10423.8, Max: 11520, Diff: 2112, Sum: 41695, Workers: 4
[91.731s][debug][gc,phases      ] GC(22)   ResolvedMethodTable Weak       Min:  0.0, Avg:  0.0, Max:  0.0, Diff:  0.0, Sum:  0.1, Workers: 4
[91.731s][debug][gc,phases      ] GC(22)     Dead                           Min: 0, Avg:  0.0, Max: 0, Diff: 0, Sum: 0, Workers: 4
[91.731s][debug][gc,phases      ] GC(22)     Total                          Min: 1856, Avg: 1982.8, Max: 2235, Diff: 379, Sum: 7931, Workers: 4
[91.731s][debug][gc,phases      ] GC(22)   JNI Weak                       Min:  0.0, Avg:  0.0, Max:  0.0, Diff:  0.0, Sum:  0.0, Workers: 4
[91.731s][debug][gc,phases      ] GC(22)     Dead                           Min: 0, Avg:  0.0, Max: 0, Diff: 0, Sum: 0, Workers: 4
[91.731s][debug][gc,phases      ] GC(22)     Total                          Min: 0, Avg: 11.2, Max: 45, Diff: 45, Sum: 45, Workers: 4
[91.731s][debug][gc,phases      ] GC(22)   StringDedup Table Weak         Min:  0.0, Avg:  0.0, Max:  0.0, Diff:  0.0, Sum:  0.0, Workers: 4
[91.731s][debug][gc,phases      ] GC(22)     Dead                           Min: 0, Avg:  0.0, Max: 0, Diff: 0, Sum: 0, Workers: 4
[91.731s][debug][gc,phases      ] GC(22)     Total                          Min: 0, Avg:  0.0, Max: 0, Diff: 0, Sum: 0, Workers: 4
[91.731s][debug][gc,phases      ] GC(22)   StringDedup Requests0 Weak     Min:  0.0, Avg:  0.0, Max:  0.0, Diff:  0.0, Sum:  0.0, Workers: 4
[91.731s][debug][gc,phases      ] GC(22)     Dead                           Min: 0, Avg:  0.0, Max: 0, Diff: 0, Sum: 0, Workers: 4
[91.731s][debug][gc,phases      ] GC(22)     Total                          Min: 0, Avg:  0.0, Max: 0, Diff: 0, Sum: 0, Workers: 4
[91.731s][debug][gc,phases      ] GC(22)   StringDedup Requests1 Weak     Min:  0.0, Avg:  0.0, Max:  0.0, Diff:  0.0, Sum:  0.0, Workers: 4
[91.731s][debug][gc,phases      ] GC(22)     Dead                           Min: 0, Avg:  0.0, Max: 0, Diff: 0, Sum: 0, Workers: 4
[91.731s][debug][gc,phases      ] GC(22)     Total                          Min: 0, Avg:  0.0, Max: 0, Diff: 0, Sum: 0, Workers: 4
[91.731s][debug][gc,phases      ] GC(22)   Weak JFR Old Object Samples    Min:  0.0, Avg:  0.0, Max:  0.0, Diff:  0.0, Sum:  0.0, Workers: 4
[91.731s][debug][gc,phases      ] GC(22)     Dead                           Min: 0, Avg:  0.0, Max: 0, Diff: 0, Sum: 0, Workers: 4
[91.731s][debug][gc,phases      ] GC(22)     Total                          Min: 0, Avg:  0.0, Max: 0, Diff: 0, Sum: 0, Workers: 4
[91.731s][debug][gc,phases      ] GC(22) Weak Processing 0.387ms
[91.731s][debug][gc,phases      ] GC(22) ClassLoaderData 0.093ms
[91.731s][debug][gc,phases      ] GC(22) Trigger cleanups 0.000ms
[91.748s][debug][gc,phases      ] GC(22) Class Unloading 16.744ms
[91.748s][info ][gc,phases      ] GC(22) Marking Phase 136.370ms
[91.748s][info ][gc,phases,start] GC(22) Summary Phase
[91.748s][info ][gc,phases      ] GC(22) Summary Phase 0.012ms
[91.748s][info ][gc,phases,start] GC(22) Adjust Roots
[91.766s][info ][gc,phases      ] GC(22) Adjust Roots 18.234ms
[91.766s][info ][gc,phases,start] GC(22) Compaction Phase
[92.243s][info ][gc,phases      ] GC(22) Compaction Phase 477.047ms
[92.243s][info ][gc,phases,start] GC(22) Post Compact
[92.246s][info ][gc,phases      ] GC(22) Post Compact 2.318ms
[92.246s][info ][gc,heap        ] GC(22) PSYoungGen: 219125K(1673728K)->217113K(1673728K) Eden: 0K(1242624K)->0K(1242624K) From: 219125K(431104K)->217113K(431104K)
[92.246s][info ][gc,heap        ] GC(22) ParOldGen: 88153K(88576K)->88365K(153600K)
[92.246s][info ][gc,metaspace   ] GC(22) Metaspace: 75104K(75840K)->75104K(75840K) NonClass: 64426K(64832K)->64426K(64832K) Class: 10677K(11008K)->10677K(11008K)
[92.246s][info ][gc             ] GC(22) Pause Full (Ergonomics) 300M->298M(1784M) 634.338ms
[92.246s][info ][gc,cpu         ] GC(22) User=1.79s Sys=0.02s Real=0.63s
[92.246s][info ][safepoint      ] Safepoint "ParallelGCFailedAllocation", Time since last: 1646325158 ns, Reaching safepoint: 31601 ns, At safepoint: 763550697 ns, Total: 763582298 ns
[93.246s][info ][safepoint      ] Safepoint "Cleanup", Time since last: 1000096320 ns, Reaching safepoint: 44501 ns, At safepoint: 2300 ns, Total: 46801 ns
[94.246s][info ][safepoint      ] Safepoint "Cleanup", Time since last: 1000110631 ns, Reaching safepoint: 44701 ns, At safepoint: 2701 ns, Total: 47402 ns
[96.247s][info ][safepoint      ] Safepoint "Cleanup", Time since last: 2000185894 ns, Reaching safepoint: 58002 ns, At safepoint: 2800 ns, Total: 60802 ns
[97.247s][info ][safepoint      ] Safepoint "Cleanup", Time since last: 1000118065 ns, Reaching safepoint: 49001 ns, At safepoint: 3400 ns, Total: 52401 ns
[97.588s][info ][gc,start       ] GC(23) Pause Young (Allocation Failure)
[97.708s][debug][gc,phases      ] GC(23) Scavenge 120.055ms
[97.708s][debug][gc,ref         ] GC(23) Skipped phase 1 of Reference Processing: no references
[97.708s][debug][gc,ref         ] GC(23) ReferenceProcessor::execute queues: 1, RefProcThreadModel::Single, marks_oops_alive: false
[97.708s][debug][gc,ref         ] GC(23) Skipped phase 3 of Reference Processing: no references
[97.708s][debug][gc,ref         ] GC(23) ReferenceProcessor::execute queues: 1, RefProcThreadModel::Single, marks_oops_alive: false
[97.708s][debug][gc,phases      ] GC(23) Reference Processing 0.111ms
[97.709s][debug][gc,phases      ] GC(23)   VM Weak                        Min:  0.0, Avg:  0.0, Max:  0.0, Diff:  0.0, Sum:  0.0, Workers: 4
[97.709s][debug][gc,phases      ] GC(23)     Dead                           Min: 0, Avg:  0.0, Max: 0, Diff: 0, Sum: 0, Workers: 4
[97.709s][debug][gc,phases      ] GC(23)     Total                          Min: 0, Avg: 158.8, Max: 379, Diff: 379, Sum: 635, Workers: 4
[97.709s][debug][gc,phases      ] GC(23)   ObjectSynchronizer Weak        Min:  0.0, Avg:  0.0, Max:  0.0, Diff:  0.0, Sum:  0.0, Workers: 4
[97.709s][debug][gc,phases      ] GC(23)     Dead                           Min: 0, Avg:  0.0, Max: 0, Diff: 0, Sum: 0, Workers: 4
[97.709s][debug][gc,phases      ] GC(23)     Total                          Min: 0, Avg: 11.8, Max: 47, Diff: 47, Sum: 47, Workers: 4
[97.709s][debug][gc,phases      ] GC(23)   JVMTI Tag Weak OopStorage      Min:  0.0, Avg:  0.0, Max:  0.0, Diff:  0.0, Sum:  0.0, Workers: 4
[97.709s][debug][gc,phases      ] GC(23)     Dead                           Min: 0, Avg:  0.0, Max: 0, Diff: 0, Sum: 0, Workers: 4
[97.709s][debug][gc,phases      ] GC(23)     Total                          Min: 0, Avg:  0.0, Max: 0, Diff: 0, Sum: 0, Workers: 4
[97.709s][debug][gc,phases      ] GC(23)   StringTable Weak               Min:  0.0, Avg:  0.2, Max:  0.3, Diff:  0.3, Sum:  0.8, Workers: 4
[97.709s][debug][gc,phases      ] GC(23)     Dead                           Min: 0, Avg:  0.0, Max: 0, Diff: 0, Sum: 0, Workers: 4
[97.709s][debug][gc,phases      ] GC(23)     Total                          Min: 0, Avg: 10423.8, Max: 15744, Diff: 15744, Sum: 41695, Workers: 4
[97.709s][debug][gc,phases      ] GC(23)   ResolvedMethodTable Weak       Min:  0.0, Avg:  0.1, Max:  0.1, Diff:  0.1, Sum:  0.2, Workers: 4
[97.709s][debug][gc,phases      ] GC(23)     Dead                           Min: 0, Avg:  0.0, Max: 0, Diff: 0, Sum: 0, Workers: 4
[97.709s][debug][gc,phases      ] GC(23)     Total                          Min: 0, Avg: 1982.8, Max: 3519, Diff: 3519, Sum: 7931, Workers: 4
[97.709s][debug][gc,phases      ] GC(23)   JNI Weak                       Min:  0.0, Avg:  0.0, Max:  0.0, Diff:  0.0, Sum:  0.0, Workers: 4
[97.709s][debug][gc,phases      ] GC(23)     Dead                           Min: 0, Avg:  0.0, Max: 0, Diff: 0, Sum: 0, Workers: 4
[97.709s][debug][gc,phases      ] GC(23)     Total                          Min: 0, Avg: 11.2, Max: 45, Diff: 45, Sum: 45, Workers: 4
[97.709s][debug][gc,phases      ] GC(23)   StringDedup Table Weak         Min:  0.0, Avg:  0.0, Max:  0.0, Diff:  0.0, Sum:  0.0, Workers: 4
[97.709s][debug][gc,phases      ] GC(23)     Dead                           Min: 0, Avg:  0.0, Max: 0, Diff: 0, Sum: 0, Workers: 4
[97.709s][debug][gc,phases      ] GC(23)     Total                          Min: 0, Avg:  0.0, Max: 0, Diff: 0, Sum: 0, Workers: 4
[97.709s][debug][gc,phases      ] GC(23)   StringDedup Requests0 Weak     Min:  0.0, Avg:  0.0, Max:  0.0, Diff:  0.0, Sum:  0.0, Workers: 4
[97.709s][debug][gc,phases      ] GC(23)     Dead                           Min: 0, Avg:  0.0, Max: 0, Diff: 0, Sum: 0, Workers: 4
[97.709s][debug][gc,phases      ] GC(23)     Total                          Min: 0, Avg:  0.0, Max: 0, Diff: 0, Sum: 0, Workers: 4
[97.709s][debug][gc,phases      ] GC(23)   StringDedup Requests1 Weak     Min:  0.0, Avg:  0.0, Max:  0.0, Diff:  0.0, Sum:  0.0, Workers: 4
[97.709s][debug][gc,phases      ] GC(23)     Dead                           Min: 0, Avg:  0.0, Max: 0, Diff: 0, Sum: 0, Workers: 4
[97.709s][debug][gc,phases      ] GC(23)     Total                          Min: 0, Avg:  0.0, Max: 0, Diff: 0, Sum: 0, Workers: 4
[97.709s][debug][gc,phases      ] GC(23)   Weak JFR Old Object Samples    Min:  0.0, Avg:  0.0, Max:  0.0, Diff:  0.0, Sum:  0.0, Workers: 4
[97.709s][debug][gc,phases      ] GC(23)     Dead                           Min: 0, Avg:  0.0, Max: 0, Diff: 0, Sum: 0, Workers: 4
[97.709s][debug][gc,phases      ] GC(23)     Total                          Min: 0, Avg:  0.0, Max: 0, Diff: 0, Sum: 0, Workers: 4
[97.709s][debug][gc,phases      ] GC(23) Weak Processing 0.582ms
[97.709s][debug][gc,age         ] GC(23) Desired survivor size 447741952 bytes, new threshold 15 (max threshold 15)
[97.709s][info ][gc,heap        ] GC(23) PSYoungGen: 1459737K(1673728K)->87485K(1330176K) Eden: 1242624K(1242624K)->0K(1242624K) From: 217113K(431104K)->87485K(87552K)
[97.709s][info ][gc,heap        ] GC(23) ParOldGen: 88365K(153600K)->222499K(222720K)
[97.709s][info ][gc,metaspace   ] GC(23) Metaspace: 75115K(75904K)->75115K(75904K) NonClass: 64437K(64896K)->64437K(64896K) Class: 10677K(11008K)->10677K(11008K)
[97.709s][info ][gc             ] GC(23) Pause Young (Allocation Failure) 1511M->302M(1516M) 120.885ms
[97.709s][info ][gc,cpu         ] GC(23) User=0.39s Sys=0.04s Real=0.12s
[97.709s][debug][gc,phases      ] GC(24) Pre Compact 0.009ms
[97.709s][info ][gc,start       ] GC(24) Pause Full (Ergonomics)
[97.709s][info ][gc,phases,start] GC(24) Marking Phase
[97.829s][debug][gc,phases      ] GC(24) Par Mark 120.340ms
[97.829s][debug][gc,ref         ] GC(24) Skipped phase 1 of Reference Processing: no references
[97.829s][debug][gc,ref         ] GC(24) ReferenceProcessor::execute queues: 4, RefProcThreadModel::Multi, marks_oops_alive: false
[97.830s][debug][gc,ref         ] GC(24) Skipped phase 3 of Reference Processing: no references
[97.830s][debug][gc,ref         ] GC(24) ReferenceProcessor::execute queues: 1, RefProcThreadModel::Single, marks_oops_alive: false
[97.830s][debug][gc,phases      ] GC(24) Reference Processing 0.525ms
[97.830s][debug][gc,phases      ] GC(24)   VM Weak                        Min:  0.0, Avg:  0.0, Max:  0.0, Diff:  0.0, Sum:  0.0, Workers: 4
[97.830s][debug][gc,phases      ] GC(24)     Dead                           Min: 0, Avg:  0.0, Max: 0, Diff: 0, Sum: 0, Workers: 4
[97.830s][debug][gc,phases      ] GC(24)     Total                          Min: 0, Avg: 158.8, Max: 512, Diff: 512, Sum: 635, Workers: 4
[97.830s][debug][gc,phases      ] GC(24)   ObjectSynchronizer Weak        Min:  0.0, Avg:  0.0, Max:  0.0, Diff:  0.0, Sum:  0.0, Workers: 4
[97.830s][debug][gc,phases      ] GC(24)     Dead                           Min: 0, Avg:  0.0, Max: 0, Diff: 0, Sum: 0, Workers: 4
[97.830s][debug][gc,phases      ] GC(24)     Total                          Min: 0, Avg: 11.8, Max: 47, Diff: 47, Sum: 47, Workers: 4
[97.830s][debug][gc,phases      ] GC(24)   JVMTI Tag Weak OopStorage      Min:  0.0, Avg:  0.0, Max:  0.0, Diff:  0.0, Sum:  0.0, Workers: 4
[97.830s][debug][gc,phases      ] GC(24)     Dead                           Min: 0, Avg:  0.0, Max: 0, Diff: 0, Sum: 0, Workers: 4
[97.830s][debug][gc,phases      ] GC(24)     Total                          Min: 0, Avg:  0.0, Max: 0, Diff: 0, Sum: 0, Workers: 4
[97.830s][debug][gc,phases      ] GC(24)   StringTable Weak               Min:  0.0, Avg:  0.2, Max:  0.2, Diff:  0.2, Sum:  0.6, Workers: 4
[97.830s][debug][gc,phases      ] GC(24)     Dead                           Min: 0, Avg:  0.0, Max: 0, Diff: 0, Sum: 0, Workers: 4
[97.830s][debug][gc,phases      ] GC(24)     Total                          Min: 0, Avg: 10423.8, Max: 15232, Diff: 15232, Sum: 41695, Workers: 4
[97.830s][debug][gc,phases      ] GC(24)   ResolvedMethodTable Weak       Min:  0.0, Avg:  0.0, Max:  0.0, Diff:  0.0, Sum:  0.1, Workers: 4
[97.830s][debug][gc,phases      ] GC(24)     Dead                           Min: 0, Avg:  0.0, Max: 0, Diff: 0, Sum: 0, Workers: 4
[97.830s][debug][gc,phases      ] GC(24)     Total                          Min: 0, Avg: 1982.8, Max: 2688, Diff: 2688, Sum: 7931, Workers: 4
[97.830s][debug][gc,phases      ] GC(24)   JNI Weak                       Min:  0.0, Avg:  0.0, Max:  0.0, Diff:  0.0, Sum:  0.0, Workers: 4
[97.830s][debug][gc,phases      ] GC(24)     Dead                           Min: 0, Avg:  0.0, Max: 0, Diff: 0, Sum: 0, Workers: 4
[97.830s][debug][gc,phases      ] GC(24)     Total                          Min: 0, Avg: 11.2, Max: 45, Diff: 45, Sum: 45, Workers: 4
[97.830s][debug][gc,phases      ] GC(24)   StringDedup Table Weak         Min:  0.0, Avg:  0.0, Max:  0.0, Diff:  0.0, Sum:  0.0, Workers: 4
[97.830s][debug][gc,phases      ] GC(24)     Dead                           Min: 0, Avg:  0.0, Max: 0, Diff: 0, Sum: 0, Workers: 4
[97.830s][debug][gc,phases      ] GC(24)     Total                          Min: 0, Avg:  0.0, Max: 0, Diff: 0, Sum: 0, Workers: 4
[97.830s][debug][gc,phases      ] GC(24)   StringDedup Requests0 Weak     Min:  0.0, Avg:  0.0, Max:  0.0, Diff:  0.0, Sum:  0.0, Workers: 4
[97.830s][debug][gc,phases      ] GC(24)     Dead                           Min: 0, Avg:  0.0, Max: 0, Diff: 0, Sum: 0, Workers: 4
[97.830s][debug][gc,phases      ] GC(24)     Total                          Min: 0, Avg:  0.0, Max: 0, Diff: 0, Sum: 0, Workers: 4
[97.830s][debug][gc,phases      ] GC(24)   StringDedup Requests1 Weak     Min:  0.0, Avg:  0.0, Max:  0.0, Diff:  0.0, Sum:  0.0, Workers: 4
[97.830s][debug][gc,phases      ] GC(24)     Dead                           Min: 0, Avg:  0.0, Max: 0, Diff: 0, Sum: 0, Workers: 4
[97.830s][debug][gc,phases      ] GC(24)     Total                          Min: 0, Avg:  0.0, Max: 0, Diff: 0, Sum: 0, Workers: 4
[97.830s][debug][gc,phases      ] GC(24)   Weak JFR Old Object Samples    Min:  0.0, Avg:  0.0, Max:  0.0, Diff:  0.0, Sum:  0.0, Workers: 4
[97.830s][debug][gc,phases      ] GC(24)     Dead                           Min: 0, Avg:  0.0, Max: 0, Diff: 0, Sum: 0, Workers: 4
[97.830s][debug][gc,phases      ] GC(24)     Total                          Min: 0, Avg:  0.0, Max: 0, Diff: 0, Sum: 0, Workers: 4
[97.830s][debug][gc,phases      ] GC(24) Weak Processing 0.452ms
[97.830s][debug][gc,phases      ] GC(24) ClassLoaderData 0.086ms
[97.830s][debug][gc,phases      ] GC(24) Trigger cleanups 0.000ms
[97.848s][debug][gc,phases      ] GC(24) Class Unloading 18.233ms
[97.849s][info ][gc,phases      ] GC(24) Marking Phase 139.748ms
[97.849s][info ][gc,phases,start] GC(24) Summary Phase
[97.849s][info ][gc,phases      ] GC(24) Summary Phase 0.012ms
[97.849s][info ][gc,phases,start] GC(24) Adjust Roots
[97.863s][info ][gc,phases      ] GC(24) Adjust Roots 14.424ms
[97.863s][info ][gc,phases,start] GC(24) Compaction Phase
[98.125s][info ][gc,phases      ] GC(24) Compaction Phase 262.141ms
[98.125s][info ][gc,phases,start] GC(24) Post Compact
[98.127s][info ][gc,phases      ] GC(24) Post Compact 1.280ms
[98.127s][info ][gc,heap        ] GC(24) PSYoungGen: 87485K(1330176K)->86816K(1330176K) Eden: 0K(1242624K)->0K(1242624K) From: 87485K(87552K)->86816K(87552K)
[98.127s][info ][gc,heap        ] GC(24) ParOldGen: 222499K(222720K)->218655K(348160K)
[98.127s][info ][gc,metaspace   ] GC(24) Metaspace: 75115K(75904K)->75115K(75904K) NonClass: 64437K(64896K)->64437K(64896K) Class: 10677K(11008K)->10677K(11008K)
[98.127s][info ][gc             ] GC(24) Pause Full (Ergonomics) 302M->298M(1639M) 417.969ms
[98.127s][info ][gc,cpu         ] GC(24) User=1.32s Sys=0.02s Real=0.42s
[98.127s][info ][safepoint      ] Safepoint "ParallelGCFailedAllocation", Time since last: 341044741 ns, Reaching safepoint: 46601 ns, At safepoint: 538984012 ns, Total: 539030613 ns
[99.127s][info ][safepoint      ] Safepoint "Cleanup", Time since last: 1000090884 ns, Reaching safepoint: 49902 ns, At safepoint: 4600 ns, Total: 54502 ns
[100.127s][info ][safepoint      ] Safepoint "Cleanup", Time since last: 1000121197 ns, Reaching safepoint: 54602 ns, At safepoint: 4300 ns, Total: 58902 ns
[101.127s][info ][safepoint      ] Safepoint "Cleanup", Time since last: 1000115008 ns, Reaching safepoint: 51001 ns, At safepoint: 4300 ns, Total: 55301 ns
[103.128s][info ][safepoint      ] Safepoint "Cleanup", Time since last: 2000184947 ns, Reaching safepoint: 57802 ns, At safepoint: 3500 ns, Total: 61302 ns
[103.733s][info ][gc,start       ] GC(25) Pause Young (Allocation Failure)
[103.794s][debug][gc,phases      ] GC(25) Scavenge 61.487ms
[103.794s][debug][gc,ref         ] GC(25) Skipped phase 1 of Reference Processing: no references
[103.795s][debug][gc,ref         ] GC(25) ReferenceProcessor::execute queues: 1, RefProcThreadModel::Single, marks_oops_alive: false
[103.795s][debug][gc,ref         ] GC(25) Skipped phase 3 of Reference Processing: no references
[103.795s][debug][gc,ref         ] GC(25) ReferenceProcessor::execute queues: 1, RefProcThreadModel::Single, marks_oops_alive: false
[103.795s][debug][gc,phases      ] GC(25) Reference Processing 0.144ms
[103.795s][debug][gc,phases      ] GC(25)   VM Weak                        Min:  0.0, Avg:  0.0, Max:  0.0, Diff:  0.0, Sum:  0.0, Workers: 4
[103.795s][debug][gc,phases      ] GC(25)     Dead                           Min: 0, Avg:  0.0, Max: 0, Diff: 0, Sum: 0, Workers: 4
[103.795s][debug][gc,phases      ] GC(25)     Total                          Min: 0, Avg: 158.8, Max: 320, Diff: 320, Sum: 635, Workers: 4
[103.795s][debug][gc,phases      ] GC(25)   ObjectSynchronizer Weak        Min:  0.0, Avg:  0.0, Max:  0.0, Diff:  0.0, Sum:  0.0, Workers: 4
[103.795s][debug][gc,phases      ] GC(25)     Dead                           Min: 0, Avg:  0.0, Max: 0, Diff: 0, Sum: 0, Workers: 4
[103.795s][debug][gc,phases      ] GC(25)     Total                          Min: 0, Avg: 11.8, Max: 47, Diff: 47, Sum: 47, Workers: 4
[103.795s][debug][gc,phases      ] GC(25)   JVMTI Tag Weak OopStorage      Min:  0.0, Avg:  0.0, Max:  0.0, Diff:  0.0, Sum:  0.0, Workers: 4
[103.795s][debug][gc,phases      ] GC(25)     Dead                           Min: 0, Avg:  0.0, Max: 0, Diff: 0, Sum: 0, Workers: 4
[103.795s][debug][gc,phases      ] GC(25)     Total                          Min: 0, Avg:  0.0, Max: 0, Diff: 0, Sum: 0, Workers: 4
[103.795s][debug][gc,phases      ] GC(25)   StringTable Weak               Min:  0.0, Avg:  0.1, Max:  0.2, Diff:  0.2, Sum:  0.6, Workers: 4
[103.795s][debug][gc,phases      ] GC(25)     Dead                           Min: 0, Avg:  0.0, Max: 0, Diff: 0, Sum: 0, Workers: 4
[103.795s][debug][gc,phases      ] GC(25)     Total                          Min: 0, Avg: 10427.5, Max: 14062, Diff: 14062, Sum: 41710, Workers: 4
[103.795s][debug][gc,phases      ] GC(25)   ResolvedMethodTable Weak       Min:  0.0, Avg:  0.0, Max:  0.0, Diff:  0.0, Sum:  0.1, Workers: 4
[103.795s][debug][gc,phases      ] GC(25)     Dead                           Min: 0, Avg:  0.0, Max: 0, Diff: 0, Sum: 0, Workers: 4
[103.795s][debug][gc,phases      ] GC(25)     Total                          Min: 0, Avg: 1982.8, Max: 2940, Diff: 2940, Sum: 7931, Workers: 4
[103.795s][debug][gc,phases      ] GC(25)   JNI Weak                       Min:  0.0, Avg:  0.0, Max:  0.0, Diff:  0.0, Sum:  0.0, Workers: 4
[103.795s][debug][gc,phases      ] GC(25)     Dead                           Min: 0, Avg:  0.0, Max: 0, Diff: 0, Sum: 0, Workers: 4
[103.795s][debug][gc,phases      ] GC(25)     Total                          Min: 0, Avg: 11.2, Max: 45, Diff: 45, Sum: 45, Workers: 4
[103.795s][debug][gc,phases      ] GC(25)   StringDedup Table Weak         Min:  0.0, Avg:  0.0, Max:  0.0, Diff:  0.0, Sum:  0.0, Workers: 4
[103.795s][debug][gc,phases      ] GC(25)     Dead                           Min: 0, Avg:  0.0, Max: 0, Diff: 0, Sum: 0, Workers: 4
[103.795s][debug][gc,phases      ] GC(25)     Total                          Min: 0, Avg:  0.0, Max: 0, Diff: 0, Sum: 0, Workers: 4
[103.795s][debug][gc,phases      ] GC(25)   StringDedup Requests0 Weak     Min:  0.0, Avg:  0.0, Max:  0.0, Diff:  0.0, Sum:  0.0, Workers: 4
[103.795s][debug][gc,phases      ] GC(25)     Dead                           Min: 0, Avg:  0.0, Max: 0, Diff: 0, Sum: 0, Workers: 4
[103.795s][debug][gc,phases      ] GC(25)     Total                          Min: 0, Avg:  0.0, Max: 0, Diff: 0, Sum: 0, Workers: 4
[103.795s][debug][gc,phases      ] GC(25)   StringDedup Requests1 Weak     Min:  0.0, Avg:  0.0, Max:  0.0, Diff:  0.0, Sum:  0.0, Workers: 4
[103.795s][debug][gc,phases      ] GC(25)     Dead                           Min: 0, Avg:  0.0, Max: 0, Diff: 0, Sum: 0, Workers: 4
[103.795s][debug][gc,phases      ] GC(25)     Total                          Min: 0, Avg:  0.0, Max: 0, Diff: 0, Sum: 0, Workers: 4
[103.795s][debug][gc,phases      ] GC(25)   Weak JFR Old Object Samples    Min:  0.0, Avg:  0.0, Max:  0.0, Diff:  0.0, Sum:  0.0, Workers: 4
[103.795s][debug][gc,phases      ] GC(25)     Dead                           Min: 0, Avg:  0.0, Max: 0, Diff: 0, Sum: 0, Workers: 4
[103.795s][debug][gc,phases      ] GC(25)     Total                          Min: 0, Avg:  0.0, Max: 0, Diff: 0, Sum: 0, Workers: 4
[103.795s][debug][gc,phases      ] GC(25) Weak Processing 0.472ms
[103.795s][debug][gc,age         ] GC(25) Desired survivor size 459800576 bytes, new threshold 15 (max threshold 15)
[103.795s][info ][gc,heap        ] GC(25) PSYoungGen: 1329440K(1330176K)->66144K(1636352K) Eden: 1242624K(1242624K)->0K(1199104K) From: 86816K(87552K)->66144K(437248K)
[103.795s][info ][gc,heap        ] GC(25) ParOldGen: 218655K(348160K)->240983K(348160K)
[103.795s][info ][gc,metaspace   ] GC(25) Metaspace: 75122K(75904K)->75122K(75904K) NonClass: 64444K(64896K)->64444K(64896K) Class: 10677K(11008K)->10677K(11008K)
[103.795s][info ][gc             ] GC(25) Pause Young (Allocation Failure) 1511M->299M(1938M) 62.431ms
[103.795s][info ][gc,cpu         ] GC(25) User=0.23s Sys=0.00s Real=0.06s
[103.795s][info ][safepoint      ] Safepoint "ParallelGCFailedAllocation", Time since last: 605060006 ns, Reaching safepoint: 43902 ns, At safepoint: 62531747 ns, Total: 62575649 ns
[104.795s][info ][safepoint      ] Safepoint "Cleanup", Time since last: 1000090647 ns, Reaching safepoint: 55102 ns, At safepoint: 8200 ns, Total: 63302 ns
[105.795s][info ][safepoint      ] Safepoint "Cleanup", Time since last: 1000116459 ns, Reaching safepoint: 40702 ns, At safepoint: 2800 ns, Total: 43502 ns
[106.796s][info ][safepoint      ] Safepoint "Cleanup", Time since last: 1000125270 ns, Reaching safepoint: 46802 ns, At safepoint: 2700 ns, Total: 49502 ns
[107.796s][info ][safepoint      ] Safepoint "Cleanup", Time since last: 1000117981 ns, Reaching safepoint: 61802 ns, At safepoint: 7400 ns, Total: 69202 ns
[108.796s][info ][safepoint      ] Safepoint "Cleanup", Time since last: 1000129692 ns, Reaching safepoint: 45602 ns, At safepoint: 7500 ns, Total: 53102 ns
[109.635s][info ][gc,start       ] GC(26) Pause Young (Allocation Failure)
[109.666s][debug][gc,phases      ] GC(26) Scavenge 31.270ms
[109.666s][debug][gc,ref         ] GC(26) Skipped phase 1 of Reference Processing: no references
[109.666s][debug][gc,ref         ] GC(26) ReferenceProcessor::execute queues: 1, RefProcThreadModel::Single, marks_oops_alive: false
[109.666s][debug][gc,ref         ] GC(26) Skipped phase 3 of Reference Processing: no references
[109.666s][debug][gc,ref         ] GC(26) Skipped phase 4 of Reference Processing: no references
[109.666s][debug][gc,phases      ] GC(26) Reference Processing 0.126ms
[109.667s][debug][gc,phases      ] GC(26)   VM Weak                        Min:  0.0, Avg:  0.0, Max:  0.0, Diff:  0.0, Sum:  0.0, Workers: 4
[109.667s][debug][gc,phases      ] GC(26)     Dead                           Min: 0, Avg:  0.0, Max: 0, Diff: 0, Sum: 0, Workers: 4
[109.667s][debug][gc,phases      ] GC(26)     Total                          Min: 0, Avg: 158.8, Max: 571, Diff: 571, Sum: 635, Workers: 4
[109.667s][debug][gc,phases      ] GC(26)   ObjectSynchronizer Weak        Min:  0.0, Avg:  0.0, Max:  0.0, Diff:  0.0, Sum:  0.0, Workers: 4
[109.667s][debug][gc,phases      ] GC(26)     Dead                           Min: 0, Avg:  0.0, Max: 0, Diff: 0, Sum: 0, Workers: 4
[109.667s][debug][gc,phases      ] GC(26)     Total                          Min: 0, Avg: 11.8, Max: 47, Diff: 47, Sum: 47, Workers: 4
[109.667s][debug][gc,phases      ] GC(26)   JVMTI Tag Weak OopStorage      Min:  0.0, Avg:  0.0, Max:  0.0, Diff:  0.0, Sum:  0.0, Workers: 4
[109.667s][debug][gc,phases      ] GC(26)     Dead                           Min: 0, Avg:  0.0, Max: 0, Diff: 0, Sum: 0, Workers: 4
[109.667s][debug][gc,phases      ] GC(26)     Total                          Min: 0, Avg:  0.0, Max: 0, Diff: 0, Sum: 0, Workers: 4
[109.667s][debug][gc,phases      ] GC(26)   StringTable Weak               Min:  0.1, Avg:  0.1, Max:  0.1, Diff:  0.0, Sum:  0.5, Workers: 4
[109.667s][debug][gc,phases      ] GC(26)     Dead                           Min: 0, Avg:  0.0, Max: 0, Diff: 0, Sum: 0, Workers: 4
[109.667s][debug][gc,phases      ] GC(26)     Total                          Min: 9856, Avg: 10430.0, Max: 11072, Diff: 1216, Sum: 41720, Workers: 4
[109.667s][debug][gc,phases      ] GC(26)   ResolvedMethodTable Weak       Min:  0.0, Avg:  0.0, Max:  0.0, Diff:  0.0, Sum:  0.1, Workers: 4
[109.667s][debug][gc,phases      ] GC(26)     Dead                           Min: 0, Avg:  0.0, Max: 0, Diff: 0, Sum: 0, Workers: 4
[109.667s][debug][gc,phases      ] GC(26)     Total                          Min: 1728, Avg: 1982.8, Max: 2175, Diff: 447, Sum: 7931, Workers: 4
[109.667s][debug][gc,phases      ] GC(26)   JNI Weak                       Min:  0.0, Avg:  0.0, Max:  0.0, Diff:  0.0, Sum:  0.0, Workers: 4
[109.667s][debug][gc,phases      ] GC(26)     Dead                           Min: 0, Avg:  0.0, Max: 0, Diff: 0, Sum: 0, Workers: 4
[109.667s][debug][gc,phases      ] GC(26)     Total                          Min: 0, Avg: 11.2, Max: 45, Diff: 45, Sum: 45, Workers: 4
[109.667s][debug][gc,phases      ] GC(26)   StringDedup Table Weak         Min:  0.0, Avg:  0.0, Max:  0.0, Diff:  0.0, Sum:  0.0, Workers: 4
[109.667s][debug][gc,phases      ] GC(26)     Dead                           Min: 0, Avg:  0.0, Max: 0, Diff: 0, Sum: 0, Workers: 4
[109.667s][debug][gc,phases      ] GC(26)     Total                          Min: 0, Avg:  0.0, Max: 0, Diff: 0, Sum: 0, Workers: 4
[109.667s][debug][gc,phases      ] GC(26)   StringDedup Requests0 Weak     Min:  0.0, Avg:  0.0, Max:  0.0, Diff:  0.0, Sum:  0.0, Workers: 4
[109.667s][debug][gc,phases      ] GC(26)     Dead                           Min: 0, Avg:  0.0, Max: 0, Diff: 0, Sum: 0, Workers: 4
[109.667s][debug][gc,phases      ] GC(26)     Total                          Min: 0, Avg:  0.0, Max: 0, Diff: 0, Sum: 0, Workers: 4
[109.667s][debug][gc,phases      ] GC(26)   StringDedup Requests1 Weak     Min:  0.0, Avg:  0.0, Max:  0.0, Diff:  0.0, Sum:  0.0, Workers: 4
[109.667s][debug][gc,phases      ] GC(26)     Dead                           Min: 0, Avg:  0.0, Max: 0, Diff: 0, Sum: 0, Workers: 4
[109.667s][debug][gc,phases      ] GC(26)     Total                          Min: 0, Avg:  0.0, Max: 0, Diff: 0, Sum: 0, Workers: 4
[109.667s][debug][gc,phases      ] GC(26)   Weak JFR Old Object Samples    Min:  0.0, Avg:  0.0, Max:  0.0, Diff:  0.0, Sum:  0.0, Workers: 4
[109.667s][debug][gc,phases      ] GC(26)     Dead                           Min: 0, Avg:  0.0, Max: 0, Diff: 0, Sum: 0, Workers: 4
[109.667s][debug][gc,phases      ] GC(26)     Total                          Min: 0, Avg:  0.0, Max: 0, Diff: 0, Sum: 0, Workers: 4
[109.667s][debug][gc,phases      ] GC(26) Weak Processing 0.367ms
[109.667s][debug][gc,age         ] GC(26) Desired survivor size 468713472 bytes, new threshold 15 (max threshold 15)
[109.667s][info ][gc,heap        ] GC(26) PSYoungGen: 1265248K(1636352K)->46864K(1246208K) Eden: 1199104K(1199104K)->0K(1199104K) From: 66144K(437248K)->46864K(47104K)
[109.667s][info ][gc,heap        ] GC(26) ParOldGen: 240983K(348160K)->260515K(348160K)
[109.667s][info ][gc,metaspace   ] GC(26) Metaspace: 75124K(75904K)->75124K(75904K) NonClass: 64446K(64896K)->64446K(64896K) Class: 10678K(11008K)->10678K(11008K)
[109.667s][info ][gc             ] GC(26) Pause Young (Allocation Failure) 1470M->300M(1557M) 31.915ms
[109.667s][info ][gc,cpu         ] GC(26) User=0.10s Sys=0.00s Real=0.03s
[109.667s][info ][safepoint      ] Safepoint "ParallelGCFailedAllocation", Time since last: 838769509 ns, Reaching safepoint: 40602 ns, At safepoint: 31995950 ns, Total: 32036552 ns
[110.667s][info ][safepoint      ] Safepoint "Cleanup", Time since last: 1000098711 ns, Reaching safepoint: 61202 ns, At safepoint: 2800 ns, Total: 64002 ns
[112.667s][info ][safepoint      ] Safepoint "Cleanup", Time since last: 2000139954 ns, Reaching safepoint: 45402 ns, At safepoint: 4000 ns, Total: 49402 ns
[114.667s][info ][safepoint      ] Safepoint "Cleanup", Time since last: 2000194199 ns, Reaching safepoint: 56201 ns, At safepoint: 4301 ns, Total: 60502 ns
[115.535s][info ][gc,start       ] GC(27) Pause Young (Allocation Failure)
[115.570s][debug][gc,phases      ] GC(27) Scavenge 34.631ms
[115.570s][debug][gc,ref         ] GC(27) Skipped phase 1 of Reference Processing: no references
[115.570s][debug][gc,ref         ] GC(27) ReferenceProcessor::execute queues: 1, RefProcThreadModel::Single, marks_oops_alive: false
[115.570s][debug][gc,ref         ] GC(27) Skipped phase 3 of Reference Processing: no references
[115.570s][debug][gc,ref         ] GC(27) ReferenceProcessor::execute queues: 1, RefProcThreadModel::Single, marks_oops_alive: false
[115.570s][debug][gc,phases      ] GC(27) Reference Processing 0.104ms
[115.570s][debug][gc,phases      ] GC(27)   VM Weak                        Min:  0.0, Avg:  0.0, Max:  0.0, Diff:  0.0, Sum:  0.0, Workers: 4
[115.570s][debug][gc,phases      ] GC(27)     Dead                           Min: 0, Avg:  0.0, Max: 0, Diff: 0, Sum: 0, Workers: 4
[115.571s][debug][gc,phases      ] GC(27)     Total                          Min: 0, Avg: 159.0, Max: 636, Diff: 636, Sum: 636, Workers: 4
[115.571s][debug][gc,phases      ] GC(27)   ObjectSynchronizer Weak        Min:  0.0, Avg:  0.0, Max:  0.0, Diff:  0.0, Sum:  0.0, Workers: 4
[115.571s][debug][gc,phases      ] GC(27)     Dead                           Min: 0, Avg:  0.0, Max: 0, Diff: 0, Sum: 0, Workers: 4
[115.571s][debug][gc,phases      ] GC(27)     Total                          Min: 0, Avg: 11.8, Max: 47, Diff: 47, Sum: 47, Workers: 4
[115.571s][debug][gc,phases      ] GC(27)   JVMTI Tag Weak OopStorage      Min:  0.0, Avg:  0.0, Max:  0.0, Diff:  0.0, Sum:  0.0, Workers: 4
[115.571s][debug][gc,phases      ] GC(27)     Dead                           Min: 0, Avg:  0.0, Max: 0, Diff: 0, Sum: 0, Workers: 4
[115.571s][debug][gc,phases      ] GC(27)     Total                          Min: 0, Avg:  0.0, Max: 0, Diff: 0, Sum: 0, Workers: 4
[115.571s][debug][gc,phases      ] GC(27)   StringTable Weak               Min:  0.2, Avg:  0.2, Max:  0.4, Diff:  0.2, Sum:  0.9, Workers: 4
[115.571s][debug][gc,phases      ] GC(27)     Dead                           Min: 0, Avg:  0.0, Max: 0, Diff: 0, Sum: 0, Workers: 4
[115.571s][debug][gc,phases      ] GC(27)     Total                          Min: 5760, Avg: 10430.2, Max: 15545, Diff: 9785, Sum: 41721, Workers: 4
[115.571s][debug][gc,phases      ] GC(27)   ResolvedMethodTable Weak       Min:  0.0, Avg:  0.0, Max:  0.0, Diff:  0.0, Sum:  0.1, Workers: 4
[115.571s][debug][gc,phases      ] GC(27)     Dead                           Min: 0, Avg:  0.0, Max: 0, Diff: 0, Sum: 0, Workers: 4
[115.571s][debug][gc,phases      ] GC(27)     Total                          Min: 0, Avg: 1983.8, Max: 2688, Diff: 2688, Sum: 7935, Workers: 4
[115.571s][debug][gc,phases      ] GC(27)   JNI Weak                       Min:  0.0, Avg:  0.0, Max:  0.0, Diff:  0.0, Sum:  0.0, Workers: 4
[115.571s][debug][gc,phases      ] GC(27)     Dead                           Min: 0, Avg:  0.0, Max: 0, Diff: 0, Sum: 0, Workers: 4
[115.571s][debug][gc,phases      ] GC(27)     Total                          Min: 0, Avg: 11.2, Max: 45, Diff: 45, Sum: 45, Workers: 4
[115.571s][debug][gc,phases      ] GC(27)   StringDedup Table Weak         Min:  0.0, Avg:  0.0, Max:  0.0, Diff:  0.0, Sum:  0.0, Workers: 4
[115.571s][debug][gc,phases      ] GC(27)     Dead                           Min: 0, Avg:  0.0, Max: 0, Diff: 0, Sum: 0, Workers: 4
[115.571s][debug][gc,phases      ] GC(27)     Total                          Min: 0, Avg:  0.0, Max: 0, Diff: 0, Sum: 0, Workers: 4
[115.571s][debug][gc,phases      ] GC(27)   StringDedup Requests0 Weak     Min:  0.0, Avg:  0.0, Max:  0.0, Diff:  0.0, Sum:  0.0, Workers: 4
[115.571s][debug][gc,phases      ] GC(27)     Dead                           Min: 0, Avg:  0.0, Max: 0, Diff: 0, Sum: 0, Workers: 4
[115.571s][debug][gc,phases      ] GC(27)     Total                          Min: 0, Avg:  0.0, Max: 0, Diff: 0, Sum: 0, Workers: 4
[115.571s][debug][gc,phases      ] GC(27)   StringDedup Requests1 Weak     Min:  0.0, Avg:  0.0, Max:  0.0, Diff:  0.0, Sum:  0.0, Workers: 4
[115.571s][debug][gc,phases      ] GC(27)     Dead                           Min: 0, Avg:  0.0, Max: 0, Diff: 0, Sum: 0, Workers: 4
[115.571s][debug][gc,phases      ] GC(27)     Total                          Min: 0, Avg:  0.0, Max: 0, Diff: 0, Sum: 0, Workers: 4
[115.571s][debug][gc,phases      ] GC(27)   Weak JFR Old Object Samples    Min:  0.0, Avg:  0.0, Max:  0.0, Diff:  0.0, Sum:  0.0, Workers: 4
[115.571s][debug][gc,phases      ] GC(27)     Dead                           Min: 0, Avg:  0.0, Max: 0, Diff: 0, Sum: 0, Workers: 4
[115.571s][debug][gc,phases      ] GC(27)     Total                          Min: 0, Avg:  0.0, Max: 0, Diff: 0, Sum: 0, Workers: 4
[115.571s][debug][gc,phases      ] GC(27) Weak Processing 0.628ms
[115.571s][debug][gc,age         ] GC(27) Desired survivor size 479199232 bytes, new threshold 15 (max threshold 15)
[115.571s][info ][gc,heap        ] GC(27) PSYoungGen: 1245968K(1246208K)->1648K(1618944K) Eden: 1199104K(1199104K)->0K(1161216K) From: 46864K(47104K)->1648K(457728K)
[115.571s][info ][gc,heap        ] GC(27) ParOldGen: 260515K(348160K)->307463K(348160K)
[115.571s][info ][gc,metaspace   ] GC(27) Metaspace: 75129K(75904K)->75129K(75904K) NonClass: 64449K(64896K)->64449K(64896K) Class: 10679K(11008K)->10679K(11008K)
[115.571s][info ][gc             ] GC(27) Pause Young (Allocation Failure) 1471M->301M(1921M) 35.509ms
[115.571s][info ][gc,cpu         ] GC(27) User=0.10s Sys=0.03s Real=0.04s
[115.571s][debug][gc,phases      ] GC(28) Pre Compact 0.009ms
[115.571s][info ][gc,start       ] GC(28) Pause Full (Ergonomics)
[115.571s][info ][gc,phases,start] GC(28) Marking Phase
[115.692s][debug][gc,phases      ] GC(28) Par Mark 121.194ms
[115.692s][debug][gc,ref         ] GC(28) Skipped phase 1 of Reference Processing: no references
[115.692s][debug][gc,ref         ] GC(28) ReferenceProcessor::execute queues: 4, RefProcThreadModel::Multi, marks_oops_alive: false
[115.693s][debug][gc,ref         ] GC(28) Skipped phase 3 of Reference Processing: no references
[115.693s][debug][gc,ref         ] GC(28) ReferenceProcessor::execute queues: 1, RefProcThreadModel::Single, marks_oops_alive: false
[115.693s][debug][gc,phases      ] GC(28) Reference Processing 0.540ms
[115.693s][debug][gc,phases      ] GC(28)   VM Weak                        Min:  0.0, Avg:  0.0, Max:  0.0, Diff:  0.0, Sum:  0.0, Workers: 4
[115.693s][debug][gc,phases      ] GC(28)     Dead                           Min: 0, Avg:  0.0, Max: 0, Diff: 0, Sum: 0, Workers: 4
[115.693s][debug][gc,phases      ] GC(28)     Total                          Min: 0, Avg: 159.0, Max: 320, Diff: 320, Sum: 636, Workers: 4
[115.693s][debug][gc,phases      ] GC(28)   ObjectSynchronizer Weak        Min:  0.0, Avg:  0.0, Max:  0.0, Diff:  0.0, Sum:  0.0, Workers: 4
[115.693s][debug][gc,phases      ] GC(28)     Dead                           Min: 0, Avg:  0.0, Max: 0, Diff: 0, Sum: 0, Workers: 4
[115.693s][debug][gc,phases      ] GC(28)     Total                          Min: 0, Avg: 11.8, Max: 47, Diff: 47, Sum: 47, Workers: 4
[115.693s][debug][gc,phases      ] GC(28)   JVMTI Tag Weak OopStorage      Min:  0.0, Avg:  0.0, Max:  0.0, Diff:  0.0, Sum:  0.0, Workers: 4
[115.693s][debug][gc,phases      ] GC(28)     Dead                           Min: 0, Avg:  0.0, Max: 0, Diff: 0, Sum: 0, Workers: 4
[115.693s][debug][gc,phases      ] GC(28)     Total                          Min: 0, Avg:  0.0, Max: 0, Diff: 0, Sum: 0, Workers: 4
[115.693s][debug][gc,phases      ] GC(28)   StringTable Weak               Min:  0.0, Avg:  0.2, Max:  0.2, Diff:  0.2, Sum:  0.6, Workers: 4
[115.693s][debug][gc,phases      ] GC(28)     Dead                           Min: 0, Avg:  0.0, Max: 0, Diff: 0, Sum: 0, Workers: 4
[115.693s][debug][gc,phases      ] GC(28)     Total                          Min: 0, Avg: 10430.2, Max: 15993, Diff: 15993, Sum: 41721, Workers: 4
[115.693s][debug][gc,phases      ] GC(28)   ResolvedMethodTable Weak       Min:  0.0, Avg:  0.0, Max:  0.0, Diff:  0.0, Sum:  0.1, Workers: 4
[115.693s][debug][gc,phases      ] GC(28)     Dead                           Min: 0, Avg:  0.0, Max: 0, Diff: 0, Sum: 0, Workers: 4
[115.693s][debug][gc,phases      ] GC(28)     Total                          Min: 0, Avg: 1983.8, Max: 2943, Diff: 2943, Sum: 7935, Workers: 4
[115.693s][debug][gc,phases      ] GC(28)   JNI Weak                       Min:  0.0, Avg:  0.0, Max:  0.0, Diff:  0.0, Sum:  0.0, Workers: 4
[115.693s][debug][gc,phases      ] GC(28)     Dead                           Min: 0, Avg:  0.0, Max: 0, Diff: 0, Sum: 0, Workers: 4
[115.693s][debug][gc,phases      ] GC(28)     Total                          Min: 0, Avg: 11.2, Max: 45, Diff: 45, Sum: 45, Workers: 4
[115.693s][debug][gc,phases      ] GC(28)   StringDedup Table Weak         Min:  0.0, Avg:  0.0, Max:  0.0, Diff:  0.0, Sum:  0.0, Workers: 4
[115.693s][debug][gc,phases      ] GC(28)     Dead                           Min: 0, Avg:  0.0, Max: 0, Diff: 0, Sum: 0, Workers: 4
[115.693s][debug][gc,phases      ] GC(28)     Total                          Min: 0, Avg:  0.0, Max: 0, Diff: 0, Sum: 0, Workers: 4
[115.693s][debug][gc,phases      ] GC(28)   StringDedup Requests0 Weak     Min:  0.0, Avg:  0.0, Max:  0.0, Diff:  0.0, Sum:  0.0, Workers: 4
[115.693s][debug][gc,phases      ] GC(28)     Dead                           Min: 0, Avg:  0.0, Max: 0, Diff: 0, Sum: 0, Workers: 4
[115.693s][debug][gc,phases      ] GC(28)     Total                          Min: 0, Avg:  0.0, Max: 0, Diff: 0, Sum: 0, Workers: 4
[115.693s][debug][gc,phases      ] GC(28)   StringDedup Requests1 Weak     Min:  0.0, Avg:  0.0, Max:  0.0, Diff:  0.0, Sum:  0.0, Workers: 4
[115.693s][debug][gc,phases      ] GC(28)     Dead                           Min: 0, Avg:  0.0, Max: 0, Diff: 0, Sum: 0, Workers: 4
[115.693s][debug][gc,phases      ] GC(28)     Total                          Min: 0, Avg:  0.0, Max: 0, Diff: 0, Sum: 0, Workers: 4
[115.693s][debug][gc,phases      ] GC(28)   Weak JFR Old Object Samples    Min:  0.0, Avg:  0.0, Max:  0.0, Diff:  0.0, Sum:  0.0, Workers: 4
[115.693s][debug][gc,phases      ] GC(28)     Dead                           Min: 0, Avg:  0.0, Max: 0, Diff: 0, Sum: 0, Workers: 4
[115.693s][debug][gc,phases      ] GC(28)     Total                          Min: 0, Avg:  0.0, Max: 0, Diff: 0, Sum: 0, Workers: 4
[115.693s][debug][gc,phases      ] GC(28) Weak Processing 0.470ms
[115.693s][debug][gc,phases      ] GC(28) ClassLoaderData 0.088ms
[115.693s][debug][gc,phases      ] GC(28) Trigger cleanups 0.000ms
[115.710s][debug][gc,phases      ] GC(28) Class Unloading 17.253ms
[115.710s][info ][gc,phases      ] GC(28) Marking Phase 139.658ms
[115.710s][info ][gc,phases,start] GC(28) Summary Phase
[115.710s][info ][gc,phases      ] GC(28) Summary Phase 0.012ms
[115.710s][info ][gc,phases,start] GC(28) Adjust Roots
[115.723s][info ][gc,phases      ] GC(28) Adjust Roots 12.309ms
[115.723s][info ][gc,phases,start] GC(28) Compaction Phase
[115.850s][info ][gc,phases      ] GC(28) Compaction Phase 127.563ms
[115.850s][info ][gc,phases,start] GC(28) Post Compact
[115.851s][info ][gc,phases      ] GC(28) Post Compact 0.801ms
[115.851s][info ][gc,heap        ] GC(28) PSYoungGen: 1648K(1618944K)->0K(1629184K) Eden: 0K(1161216K)->0K(1161216K) From: 1648K(457728K)->0K(467968K)
[115.851s][info ][gc,heap        ] GC(28) ParOldGen: 307463K(348160K)->305481K(451584K)
[115.851s][info ][gc,metaspace   ] GC(28) Metaspace: 75129K(75904K)->75129K(75904K) NonClass: 64449K(64896K)->64449K(64896K) Class: 10679K(11008K)->10679K(11008K)
[115.851s][info ][gc             ] GC(28) Pause Full (Ergonomics) 301M->298M(2032M) 280.676ms
[115.851s][info ][gc,cpu         ] GC(28) User=0.93s Sys=0.01s Real=0.28s
[115.851s][info ][safepoint      ] Safepoint "ParallelGCFailedAllocation", Time since last: 867634512 ns, Reaching safepoint: 39601 ns, At safepoint: 316333198 ns, Total: 316372799 ns
[116.852s][info ][safepoint      ] Safepoint "Cleanup", Time since last: 1000098678 ns, Reaching safepoint: 45902 ns, At safepoint: 3200 ns, Total: 49102 ns
[117.852s][info ][safepoint      ] Safepoint "Cleanup", Time since last: 1000127490 ns, Reaching safepoint: 47601 ns, At safepoint: 7500 ns, Total: 55101 ns
[118.852s][info ][safepoint      ] Safepoint "Cleanup", Time since last: 1000123301 ns, Reaching safepoint: 50402 ns, At safepoint: 5300 ns, Total: 55702 ns
[119.852s][info ][safepoint      ] Safepoint "Cleanup", Time since last: 1000118211 ns, Reaching safepoint: 41001 ns, At safepoint: 3000 ns, Total: 44001 ns
[120.852s][info ][safepoint      ] Safepoint "Cleanup", Time since last: 1000110722 ns, Reaching safepoint: 50901 ns, At safepoint: 4701 ns, Total: 55602 ns
[121.231s][info ][gc,start       ] GC(29) Pause Young (Allocation Failure)
[121.233s][debug][gc,phases      ] GC(29) Scavenge 1.423ms
[121.233s][debug][gc,ref         ] GC(29) Skipped phase 1 of Reference Processing: no references
[121.233s][debug][gc,ref         ] GC(29) Skipped phase 2 of Reference Processing: no references
[121.233s][debug][gc,ref         ] GC(29) Skipped phase 3 of Reference Processing: no references
[121.233s][debug][gc,ref         ] GC(29) Skipped phase 4 of Reference Processing: no references
[121.233s][debug][gc,phases      ] GC(29) Reference Processing 0.024ms
[121.233s][debug][gc,phases      ] GC(29)   VM Weak                        Min:  0.0, Avg:  0.0, Max:  0.0, Diff:  0.0, Sum:  0.0, Workers: 4
[121.233s][debug][gc,phases      ] GC(29)     Dead                           Min: 0, Avg:  0.0, Max: 0, Diff: 0, Sum: 0, Workers: 4
[121.233s][debug][gc,phases      ] GC(29)     Total                          Min: 0, Avg: 159.0, Max: 636, Diff: 636, Sum: 636, Workers: 4
[121.233s][debug][gc,phases      ] GC(29)   ObjectSynchronizer Weak        Min:  0.0, Avg:  0.0, Max:  0.0, Diff:  0.0, Sum:  0.0, Workers: 4
[121.233s][debug][gc,phases      ] GC(29)     Dead                           Min: 0, Avg:  0.0, Max: 0, Diff: 0, Sum: 0, Workers: 4
[121.233s][debug][gc,phases      ] GC(29)     Total                          Min: 0, Avg: 11.8, Max: 47, Diff: 47, Sum: 47, Workers: 4
[121.233s][debug][gc,phases      ] GC(29)   JVMTI Tag Weak OopStorage      Min:  0.0, Avg:  0.0, Max:  0.0, Diff:  0.0, Sum:  0.0, Workers: 4
[121.233s][debug][gc,phases      ] GC(29)     Dead                           Min: 0, Avg:  0.0, Max: 0, Diff: 0, Sum: 0, Workers: 4
[121.233s][debug][gc,phases      ] GC(29)     Total                          Min: 0, Avg:  0.0, Max: 0, Diff: 0, Sum: 0, Workers: 4
[121.233s][debug][gc,phases      ] GC(29)   StringTable Weak               Min:  0.0, Avg:  0.1, Max:  0.1, Diff:  0.1, Sum:  0.4, Workers: 4
[121.233s][debug][gc,phases      ] GC(29)     Dead                           Min: 0, Avg:  0.0, Max: 0, Diff: 0, Sum: 0, Workers: 4
[121.233s][debug][gc,phases      ] GC(29)     Total                          Min: 0, Avg: 10432.0, Max: 14272, Diff: 14272, Sum: 41728, Workers: 4
[121.233s][debug][gc,phases      ] GC(29)   ResolvedMethodTable Weak       Min:  0.0, Avg:  0.0, Max:  0.0, Diff:  0.0, Sum:  0.1, Workers: 4
[121.233s][debug][gc,phases      ] GC(29)     Dead                           Min: 0, Avg:  0.0, Max: 0, Diff: 0, Sum: 0, Workers: 4
[121.233s][debug][gc,phases      ] GC(29)     Total                          Min: 0, Avg: 1983.8, Max: 2752, Diff: 2752, Sum: 7935, Workers: 4
[121.233s][debug][gc,phases      ] GC(29)   JNI Weak                       Min:  0.0, Avg:  0.0, Max:  0.0, Diff:  0.0, Sum:  0.0, Workers: 4
[121.233s][debug][gc,phases      ] GC(29)     Dead                           Min: 0, Avg:  0.0, Max: 0, Diff: 0, Sum: 0, Workers: 4
[121.233s][debug][gc,phases      ] GC(29)     Total                          Min: 0, Avg: 11.2, Max: 45, Diff: 45, Sum: 45, Workers: 4
[121.233s][debug][gc,phases      ] GC(29)   StringDedup Table Weak         Min:  0.0, Avg:  0.0, Max:  0.0, Diff:  0.0, Sum:  0.0, Workers: 4
[121.233s][debug][gc,phases      ] GC(29)     Dead                           Min: 0, Avg:  0.0, Max: 0, Diff: 0, Sum: 0, Workers: 4
[121.233s][debug][gc,phases      ] GC(29)     Total                          Min: 0, Avg:  0.0, Max: 0, Diff: 0, Sum: 0, Workers: 4
[121.233s][debug][gc,phases      ] GC(29)   StringDedup Requests0 Weak     Min:  0.0, Avg:  0.0, Max:  0.0, Diff:  0.0, Sum:  0.0, Workers: 4
[121.233s][debug][gc,phases      ] GC(29)     Dead                           Min: 0, Avg:  0.0, Max: 0, Diff: 0, Sum: 0, Workers: 4
[121.233s][debug][gc,phases      ] GC(29)     Total                          Min: 0, Avg:  0.0, Max: 0, Diff: 0, Sum: 0, Workers: 4
[121.233s][debug][gc,phases      ] GC(29)   StringDedup Requests1 Weak     Min:  0.0, Avg:  0.0, Max:  0.0, Diff:  0.0, Sum:  0.0, Workers: 4
[121.233s][debug][gc,phases      ] GC(29)     Dead                           Min: 0, Avg:  0.0, Max: 0, Diff: 0, Sum: 0, Workers: 4
[121.233s][debug][gc,phases      ] GC(29)     Total                          Min: 0, Avg:  0.0, Max: 0, Diff: 0, Sum: 0, Workers: 4
[121.233s][debug][gc,phases      ] GC(29)   Weak JFR Old Object Samples    Min:  0.0, Avg:  0.0, Max:  0.0, Diff:  0.0, Sum:  0.0, Workers: 4
[121.233s][debug][gc,phases      ] GC(29)     Dead                           Min: 0, Avg:  0.0, Max: 0, Diff: 0, Sum: 0, Workers: 4
[121.233s][debug][gc,phases      ] GC(29)     Total                          Min: 0, Avg:  0.0, Max: 0, Diff: 0, Sum: 0, Workers: 4
[121.233s][debug][gc,phases      ] GC(29) Weak Processing 0.396ms
[121.233s][debug][gc,age         ] GC(29) Desired survivor size 483393536 bytes, new threshold 15 (max threshold 15)
[121.233s][info ][gc,heap        ] GC(29) PSYoungGen: 1161216K(1629184K)->320K(1620992K) Eden: 1161216K(1161216K)->0K(1153024K) From: 0K(467968K)->320K(467968K)
[121.233s][info ][gc,heap        ] GC(29) ParOldGen: 305481K(451584K)->305481K(451584K)
[121.233s][info ][gc,metaspace   ] GC(29) Metaspace: 75131K(75904K)->75131K(75904K) NonClass: 64452K(64896K)->64452K(64896K) Class: 10679K(11008K)->10679K(11008K)
[121.233s][info ][gc             ] GC(29) Pause Young (Allocation Failure) 1432M->298M(2024M) 1.951ms
[121.233s][info ][gc,cpu         ] GC(29) User=0.01s Sys=0.00s Real=0.00s
[121.233s][info ][safepoint      ] Safepoint "ParallelGCFailedAllocation", Time since last: 378845573 ns, Reaching safepoint: 46002 ns, At safepoint: 2022566 ns, Total: 2068568 ns
[124.234s][info ][safepoint      ] Safepoint "Cleanup", Time since last: 3000274139 ns, Reaching safepoint: 172305 ns, At safepoint: 5601 ns, Total: 177906 ns
[125.234s][info ][safepoint      ] Safepoint "Cleanup", Time since last: 1000135668 ns, Reaching safepoint: 134605 ns, At safepoint: 7900 ns, Total: 142505 ns
[126.234s][info ][safepoint      ] Safepoint "Cleanup", Time since last: 1000134379 ns, Reaching safepoint: 56902 ns, At safepoint: 33001 ns, Total: 89903 ns
[126.889s][info ][gc,start       ] GC(30) Pause Young (Allocation Failure)
[126.890s][debug][gc,phases      ] GC(30) Scavenge 1.056ms
[126.890s][debug][gc,ref         ] GC(30) Skipped phase 1 of Reference Processing: no references
[126.890s][debug][gc,ref         ] GC(30) Skipped phase 2 of Reference Processing: no references
[126.890s][debug][gc,ref         ] GC(30) Skipped phase 3 of Reference Processing: no references
[126.890s][debug][gc,ref         ] GC(30) Skipped phase 4 of Reference Processing: no references
[126.890s][debug][gc,phases      ] GC(30) Reference Processing 0.023ms
[126.891s][debug][gc,phases      ] GC(30)   VM Weak                        Min:  0.0, Avg:  0.0, Max:  0.0, Diff:  0.0, Sum:  0.0, Workers: 4
[126.891s][debug][gc,phases      ] GC(30)     Dead                           Min: 0, Avg:  0.0, Max: 0, Diff: 0, Sum: 0, Workers: 4
[126.891s][debug][gc,phases      ] GC(30)     Total                          Min: 0, Avg: 159.0, Max: 380, Diff: 380, Sum: 636, Workers: 4
[126.891s][debug][gc,phases      ] GC(30)   ObjectSynchronizer Weak        Min:  0.0, Avg:  0.0, Max:  0.0, Diff:  0.0, Sum:  0.0, Workers: 4
[126.891s][debug][gc,phases      ] GC(30)     Dead                           Min: 0, Avg:  0.0, Max: 0, Diff: 0, Sum: 0, Workers: 4
[126.891s][debug][gc,phases      ] GC(30)     Total                          Min: 0, Avg: 11.8, Max: 47, Diff: 47, Sum: 47, Workers: 4
[126.891s][debug][gc,phases      ] GC(30)   JVMTI Tag Weak OopStorage      Min:  0.0, Avg:  0.0, Max:  0.0, Diff:  0.0, Sum:  0.0, Workers: 4
[126.891s][debug][gc,phases      ] GC(30)     Dead                           Min: 0, Avg:  0.0, Max: 0, Diff: 0, Sum: 0, Workers: 4
[126.891s][debug][gc,phases      ] GC(30)     Total                          Min: 0, Avg:  0.0, Max: 0, Diff: 0, Sum: 0, Workers: 4
[126.891s][debug][gc,phases      ] GC(30)   StringTable Weak               Min:  0.1, Avg:  0.1, Max:  0.1, Diff:  0.0, Sum:  0.4, Workers: 4
[126.891s][debug][gc,phases      ] GC(30)     Dead                           Min: 0, Avg:  0.0, Max: 0, Diff: 0, Sum: 0, Workers: 4
[126.891s][debug][gc,phases      ] GC(30)     Total                          Min: 9408, Avg: 10432.0, Max: 11200, Diff: 1792, Sum: 41728, Workers: 4
[126.891s][debug][gc,phases      ] GC(30)   ResolvedMethodTable Weak       Min:  0.0, Avg:  0.0, Max:  0.0, Diff:  0.0, Sum:  0.1, Workers: 4
[126.891s][debug][gc,phases      ] GC(30)     Dead                           Min: 0, Avg:  0.0, Max: 0, Diff: 0, Sum: 0, Workers: 4
[126.891s][debug][gc,phases      ] GC(30)     Total                          Min: 1792, Avg: 1983.8, Max: 2239, Diff: 447, Sum: 7935, Workers: 4
[126.891s][debug][gc,phases      ] GC(30)   JNI Weak                       Min:  0.0, Avg:  0.0, Max:  0.0, Diff:  0.0, Sum:  0.0, Workers: 4
[126.891s][debug][gc,phases      ] GC(30)     Dead                           Min: 0, Avg:  0.0, Max: 0, Diff: 0, Sum: 0, Workers: 4
[126.891s][debug][gc,phases      ] GC(30)     Total                          Min: 0, Avg: 11.2, Max: 45, Diff: 45, Sum: 45, Workers: 4
[126.891s][debug][gc,phases      ] GC(30)   StringDedup Table Weak         Min:  0.0, Avg:  0.0, Max:  0.0, Diff:  0.0, Sum:  0.0, Workers: 4
[126.891s][debug][gc,phases      ] GC(30)     Dead                           Min: 0, Avg:  0.0, Max: 0, Diff: 0, Sum: 0, Workers: 4
[126.891s][debug][gc,phases      ] GC(30)     Total                          Min: 0, Avg:  0.0, Max: 0, Diff: 0, Sum: 0, Workers: 4
[126.891s][debug][gc,phases      ] GC(30)   StringDedup Requests0 Weak     Min:  0.0, Avg:  0.0, Max:  0.0, Diff:  0.0, Sum:  0.0, Workers: 4
[126.891s][debug][gc,phases      ] GC(30)     Dead                           Min: 0, Avg:  0.0, Max: 0, Diff: 0, Sum: 0, Workers: 4
[126.891s][debug][gc,phases      ] GC(30)     Total                          Min: 0, Avg:  0.0, Max: 0, Diff: 0, Sum: 0, Workers: 4
[126.891s][debug][gc,phases      ] GC(30)   StringDedup Requests1 Weak     Min:  0.0, Avg:  0.0, Max:  0.0, Diff:  0.0, Sum:  0.0, Workers: 4
[126.891s][debug][gc,phases      ] GC(30)     Dead                           Min: 0, Avg:  0.0, Max: 0, Diff: 0, Sum: 0, Workers: 4
[126.891s][debug][gc,phases      ] GC(30)     Total                          Min: 0, Avg:  0.0, Max: 0, Diff: 0, Sum: 0, Workers: 4
[126.891s][debug][gc,phases      ] GC(30)   Weak JFR Old Object Samples    Min:  0.0, Avg:  0.0, Max:  0.0, Diff:  0.0, Sum:  0.0, Workers: 4
[126.891s][debug][gc,phases      ] GC(30)     Dead                           Min: 0, Avg:  0.0, Max: 0, Diff: 0, Sum: 0, Workers: 4
[126.891s][debug][gc,phases      ] GC(30)     Total                          Min: 0, Avg:  0.0, Max: 0, Diff: 0, Sum: 0, Workers: 4
[126.891s][debug][gc,phases      ] GC(30) Weak Processing 0.305ms
[126.891s][debug][gc,age         ] GC(30) Desired survivor size 482344960 bytes, new threshold 15 (max threshold 15)
[126.891s][info ][gc,heap        ] GC(30) PSYoungGen: 1153344K(1620992K)->320K(1625088K) Eden: 1153024K(1153024K)->0K(1153024K) From: 320K(467968K)->320K(472064K)
[126.891s][info ][gc,heap        ] GC(30) ParOldGen: 305481K(451584K)->305481K(451584K)
[126.891s][info ][gc,metaspace   ] GC(30) Metaspace: 75133K(75904K)->75133K(75904K) NonClass: 64453K(64896K)->64453K(64896K) Class: 10679K(11008K)->10679K(11008K)
[126.891s][info ][gc             ] GC(30) Pause Young (Allocation Failure) 1424M->298M(2028M) 1.486ms
[126.891s][info ][gc,cpu         ] GC(30) User=0.01s Sys=0.00s Real=0.00s
[126.891s][info ][safepoint      ] Safepoint "ParallelGCFailedAllocation", Time since last: 654983603 ns, Reaching safepoint: 34602 ns, At safepoint: 1551451 ns, Total: 1586053 ns
[128.891s][info ][safepoint      ] Safepoint "Cleanup", Time since last: 2000165800 ns, Reaching safepoint: 121804 ns, At safepoint: 9700 ns, Total: 131504 ns
[129.891s][info ][safepoint      ] Safepoint "Cleanup", Time since last: 1000140818 ns, Reaching safepoint: 131704 ns, At safepoint: 13001 ns, Total: 144705 ns
[131.892s][info ][safepoint      ] Safepoint "Cleanup", Time since last: 2000166863 ns, Reaching safepoint: 127804 ns, At safepoint: 5700 ns, Total: 133504 ns
[132.585s][info ][gc,start       ] GC(31) Pause Young (Allocation Failure)
[132.587s][debug][gc,phases      ] GC(31) Scavenge 2.331ms
[132.587s][debug][gc,ref         ] GC(31) Skipped phase 1 of Reference Processing: no references
[132.587s][debug][gc,ref         ] GC(31) Skipped phase 2 of Reference Processing: no references
[132.587s][debug][gc,ref         ] GC(31) Skipped phase 3 of Reference Processing: no references
[132.587s][debug][gc,ref         ] GC(31) Skipped phase 4 of Reference Processing: no references
[132.587s][debug][gc,phases      ] GC(31) Reference Processing 0.034ms
[132.587s][debug][gc,phases      ] GC(31)   VM Weak                        Min:  0.0, Avg:  0.0, Max:  0.0, Diff:  0.0, Sum:  0.0, Workers: 4
[132.587s][debug][gc,phases      ] GC(31)     Dead                           Min: 0, Avg:  0.0, Max: 0, Diff: 0, Sum: 0, Workers: 4
[132.587s][debug][gc,phases      ] GC(31)     Total                          Min: 0, Avg: 159.0, Max: 380, Diff: 380, Sum: 636, Workers: 4
[132.587s][debug][gc,phases      ] GC(31)   ObjectSynchronizer Weak        Min:  0.0, Avg:  0.0, Max:  0.0, Diff:  0.0, Sum:  0.0, Workers: 4
[132.587s][debug][gc,phases      ] GC(31)     Dead                           Min: 0, Avg:  0.0, Max: 0, Diff: 0, Sum: 0, Workers: 4
[132.587s][debug][gc,phases      ] GC(31)     Total                          Min: 0, Avg: 11.8, Max: 47, Diff: 47, Sum: 47, Workers: 4
[132.587s][debug][gc,phases      ] GC(31)   JVMTI Tag Weak OopStorage      Min:  0.0, Avg:  0.0, Max:  0.0, Diff:  0.0, Sum:  0.0, Workers: 4
[132.587s][debug][gc,phases      ] GC(31)     Dead                           Min: 0, Avg:  0.0, Max: 0, Diff: 0, Sum: 0, Workers: 4
[132.587s][debug][gc,phases      ] GC(31)     Total                          Min: 0, Avg:  0.0, Max: 0, Diff: 0, Sum: 0, Workers: 4
[132.587s][debug][gc,phases      ] GC(31)   StringTable Weak               Min:  0.0, Avg:  0.1, Max:  0.1, Diff:  0.1, Sum:  0.4, Workers: 4
[132.587s][debug][gc,phases      ] GC(31)     Dead                           Min: 0, Avg:  0.0, Max: 0, Diff: 0, Sum: 0, Workers: 4
[132.587s][debug][gc,phases      ] GC(31)     Total                          Min: 0, Avg: 10432.0, Max: 14272, Diff: 14272, Sum: 41728, Workers: 4
[132.588s][debug][gc,phases      ] GC(31)   ResolvedMethodTable Weak       Min:  0.0, Avg:  0.0, Max:  0.0, Diff:  0.0, Sum:  0.1, Workers: 4
[132.588s][debug][gc,phases      ] GC(31)     Dead                           Min: 0, Avg:  0.0, Max: 0, Diff: 0, Sum: 0, Workers: 4
[132.588s][debug][gc,phases      ] GC(31)     Total                          Min: 0, Avg: 1983.8, Max: 2816, Diff: 2816, Sum: 7935, Workers: 4
[132.588s][debug][gc,phases      ] GC(31)   JNI Weak                       Min:  0.0, Avg:  0.0, Max:  0.0, Diff:  0.0, Sum:  0.0, Workers: 4
[132.588s][debug][gc,phases      ] GC(31)     Dead                           Min: 0, Avg:  0.0, Max: 0, Diff: 0, Sum: 0, Workers: 4
[132.588s][debug][gc,phases      ] GC(31)     Total                          Min: 0, Avg: 11.2, Max: 45, Diff: 45, Sum: 45, Workers: 4
[132.588s][debug][gc,phases      ] GC(31)   StringDedup Table Weak         Min:  0.0, Avg:  0.0, Max:  0.0, Diff:  0.0, Sum:  0.0, Workers: 4
[132.588s][debug][gc,phases      ] GC(31)     Dead                           Min: 0, Avg:  0.0, Max: 0, Diff: 0, Sum: 0, Workers: 4
[132.588s][debug][gc,phases      ] GC(31)     Total                          Min: 0, Avg:  0.0, Max: 0, Diff: 0, Sum: 0, Workers: 4
[132.588s][debug][gc,phases      ] GC(31)   StringDedup Requests0 Weak     Min:  0.0, Avg:  0.0, Max:  0.0, Diff:  0.0, Sum:  0.0, Workers: 4
[132.588s][debug][gc,phases      ] GC(31)     Dead                           Min: 0, Avg:  0.0, Max: 0, Diff: 0, Sum: 0, Workers: 4
[132.588s][debug][gc,phases      ] GC(31)     Total                          Min: 0, Avg:  0.0, Max: 0, Diff: 0, Sum: 0, Workers: 4
[132.588s][debug][gc,phases      ] GC(31)   StringDedup Requests1 Weak     Min:  0.0, Avg:  0.0, Max:  0.0, Diff:  0.0, Sum:  0.0, Workers: 4
[132.588s][debug][gc,phases      ] GC(31)     Dead                           Min: 0, Avg:  0.0, Max: 0, Diff: 0, Sum: 0, Workers: 4
[132.588s][debug][gc,phases      ] GC(31)     Total                          Min: 0, Avg:  0.0, Max: 0, Diff: 0, Sum: 0, Workers: 4
[132.588s][debug][gc,phases      ] GC(31)   Weak JFR Old Object Samples    Min:  0.0, Avg:  0.0, Max:  0.0, Diff:  0.0, Sum:  0.0, Workers: 4
[132.588s][debug][gc,phases      ] GC(31)     Dead                           Min: 0, Avg:  0.0, Max: 0, Diff: 0, Sum: 0, Workers: 4
[132.588s][debug][gc,phases      ] GC(31)     Total                          Min: 0, Avg:  0.0, Max: 0, Diff: 0, Sum: 0, Workers: 4
[132.588s][debug][gc,phases      ] GC(31) Weak Processing 0.372ms
[132.588s][debug][gc,age         ] GC(31) Desired survivor size 476577792 bytes, new threshold 15 (max threshold 15)
[132.588s][info ][gc,heap        ] GC(31) PSYoungGen: 1153344K(1625088K)->320K(1631744K) Eden: 1153024K(1153024K)->0K(1160704K) From: 320K(472064K)->320K(471040K)
[132.588s][info ][gc,heap        ] GC(31) ParOldGen: 305481K(451584K)->305481K(451584K)
[132.588s][info ][gc,metaspace   ] GC(31) Metaspace: 75135K(75904K)->75135K(75904K) NonClass: 64456K(64896K)->64456K(64896K) Class: 10679K(11008K)->10679K(11008K)
[132.588s][info ][gc             ] GC(31) Pause Young (Allocation Failure) 1424M->298M(2034M) 2.895ms
[132.588s][info ][gc,cpu         ] GC(31) User=0.01s Sys=0.00s Real=0.00s
[132.588s][info ][safepoint      ] Safepoint "ParallelGCFailedAllocation", Time since last: 693029399 ns, Reaching safepoint: 51902 ns, At safepoint: 2974398 ns, Total: 3026300 ns
[135.588s][info ][safepoint      ] Safepoint "Cleanup", Time since last: 3000186292 ns, Reaching safepoint: 132304 ns, At safepoint: 8101 ns, Total: 140405 ns
[137.588s][info ][safepoint      ] Safepoint "Cleanup", Time since last: 2000214482 ns, Reaching safepoint: 134605 ns, At safepoint: 8600 ns, Total: 143205 ns
[138.289s][info ][gc,start       ] GC(32) Pause Young (Allocation Failure)
[138.291s][debug][gc,phases      ] GC(32) Scavenge 2.169ms
[138.291s][debug][gc,ref         ] GC(32) Skipped phase 1 of Reference Processing: no references
[138.291s][debug][gc,ref         ] GC(32) Skipped phase 2 of Reference Processing: no references
[138.291s][debug][gc,ref         ] GC(32) Skipped phase 3 of Reference Processing: no references
[138.291s][debug][gc,ref         ] GC(32) Skipped phase 4 of Reference Processing: no references
[138.291s][debug][gc,phases      ] GC(32) Reference Processing 0.037ms
[138.291s][debug][gc,phases      ] GC(32)   VM Weak                        Min:  0.0, Avg:  0.0, Max:  0.0, Diff:  0.0, Sum:  0.0, Workers: 4
[138.291s][debug][gc,phases      ] GC(32)     Dead                           Min: 0, Avg:  0.0, Max: 0, Diff: 0, Sum: 0, Workers: 4
[138.291s][debug][gc,phases      ] GC(32)     Total                          Min: 0, Avg: 159.0, Max: 636, Diff: 636, Sum: 636, Workers: 4
[138.291s][debug][gc,phases      ] GC(32)   ObjectSynchronizer Weak        Min:  0.0, Avg:  0.0, Max:  0.0, Diff:  0.0, Sum:  0.0, Workers: 4
[138.291s][debug][gc,phases      ] GC(32)     Dead                           Min: 0, Avg:  0.0, Max: 0, Diff: 0, Sum: 0, Workers: 4
[138.291s][debug][gc,phases      ] GC(32)     Total                          Min: 0, Avg: 11.8, Max: 47, Diff: 47, Sum: 47, Workers: 4
[138.291s][debug][gc,phases      ] GC(32)   JVMTI Tag Weak OopStorage      Min:  0.0, Avg:  0.0, Max:  0.0, Diff:  0.0, Sum:  0.0, Workers: 4
[138.291s][debug][gc,phases      ] GC(32)     Dead                           Min: 0, Avg:  0.0, Max: 0, Diff: 0, Sum: 0, Workers: 4
[138.291s][debug][gc,phases      ] GC(32)     Total                          Min: 0, Avg:  0.0, Max: 0, Diff: 0, Sum: 0, Workers: 4
[138.291s][debug][gc,phases      ] GC(32)   StringTable Weak               Min:  0.1, Avg:  0.1, Max:  0.1, Diff:  0.0, Sum:  0.4, Workers: 4
[138.291s][debug][gc,phases      ] GC(32)     Dead                           Min: 0, Avg:  0.0, Max: 0, Diff: 0, Sum: 0, Workers: 4
[138.291s][debug][gc,phases      ] GC(32)     Total                          Min: 8768, Avg: 10434.0, Max: 11656, Diff: 2888, Sum: 41736, Workers: 4
[138.291s][debug][gc,phases      ] GC(32)   ResolvedMethodTable Weak       Min:  0.0, Avg:  0.0, Max:  0.0, Diff:  0.0, Sum:  0.1, Workers: 4
[138.291s][debug][gc,phases      ] GC(32)     Dead                           Min: 0, Avg:  0.0, Max: 0, Diff: 0, Sum: 0, Workers: 4
[138.291s][debug][gc,phases      ] GC(32)     Total                          Min: 1856, Avg: 1983.8, Max: 2239, Diff: 383, Sum: 7935, Workers: 4
[138.291s][debug][gc,phases      ] GC(32)   JNI Weak                       Min:  0.0, Avg:  0.0, Max:  0.0, Diff:  0.0, Sum:  0.0, Workers: 4
[138.291s][debug][gc,phases      ] GC(32)     Dead                           Min: 0, Avg:  0.0, Max: 0, Diff: 0, Sum: 0, Workers: 4
[138.291s][debug][gc,phases      ] GC(32)     Total                          Min: 0, Avg: 11.2, Max: 45, Diff: 45, Sum: 45, Workers: 4
[138.291s][debug][gc,phases      ] GC(32)   StringDedup Table Weak         Min:  0.0, Avg:  0.0, Max:  0.0, Diff:  0.0, Sum:  0.0, Workers: 4
[138.291s][debug][gc,phases      ] GC(32)     Dead                           Min: 0, Avg:  0.0, Max: 0, Diff: 0, Sum: 0, Workers: 4
[138.291s][debug][gc,phases      ] GC(32)     Total                          Min: 0, Avg:  0.0, Max: 0, Diff: 0, Sum: 0, Workers: 4
[138.291s][debug][gc,phases      ] GC(32)   StringDedup Requests0 Weak     Min:  0.0, Avg:  0.0, Max:  0.0, Diff:  0.0, Sum:  0.0, Workers: 4
[138.291s][debug][gc,phases      ] GC(32)     Dead                           Min: 0, Avg:  0.0, Max: 0, Diff: 0, Sum: 0, Workers: 4
[138.291s][debug][gc,phases      ] GC(32)     Total                          Min: 0, Avg:  0.0, Max: 0, Diff: 0, Sum: 0, Workers: 4
[138.291s][debug][gc,phases      ] GC(32)   StringDedup Requests1 Weak     Min:  0.0, Avg:  0.0, Max:  0.0, Diff:  0.0, Sum:  0.0, Workers: 4
[138.291s][debug][gc,phases      ] GC(32)     Dead                           Min: 0, Avg:  0.0, Max: 0, Diff: 0, Sum: 0, Workers: 4
[138.291s][debug][gc,phases      ] GC(32)     Total                          Min: 0, Avg:  0.0, Max: 0, Diff: 0, Sum: 0, Workers: 4
[138.291s][debug][gc,phases      ] GC(32)   Weak JFR Old Object Samples    Min:  0.0, Avg:  0.0, Max:  0.0, Diff:  0.0, Sum:  0.0, Workers: 4
[138.291s][debug][gc,phases      ] GC(32)     Dead                           Min: 0, Avg:  0.0, Max: 0, Diff: 0, Sum: 0, Workers: 4
[138.291s][debug][gc,phases      ] GC(32)     Total                          Min: 0, Avg:  0.0, Max: 0, Diff: 0, Sum: 0, Workers: 4
[138.291s][debug][gc,phases      ] GC(32) Weak Processing 0.299ms
[138.291s][debug][gc,age         ] GC(32) Desired survivor size 466616320 bytes, new threshold 15 (max threshold 15)
[138.292s][info ][gc,heap        ] GC(32) PSYoungGen: 1161024K(1631744K)->352K(1626112K) Eden: 1160704K(1160704K)->0K(1160704K) From: 320K(471040K)->352K(465408K)
[138.292s][info ][gc,heap        ] GC(32) ParOldGen: 305481K(451584K)->305481K(451584K)
[138.292s][info ][gc,metaspace   ] GC(32) Metaspace: 75137K(75904K)->75137K(75904K) NonClass: 64457K(64896K)->64457K(64896K) Class: 10679K(11008K)->10679K(11008K)
[138.292s][info ][gc             ] GC(32) Pause Young (Allocation Failure) 1432M->298M(2029M) 2.640ms
[138.292s][info ][gc,cpu         ] GC(32) User=0.01s Sys=0.00s Real=0.01s
[138.292s][info ][safepoint      ] Safepoint "ParallelGCFailedAllocation", Time since last: 700457487 ns, Reaching safepoint: 45602 ns, At safepoint: 2708390 ns, Total: 2753992 ns
[139.292s][info ][safepoint      ] Safepoint "Cleanup", Time since last: 1000585629 ns, Reaching safepoint: 169906 ns, At safepoint: 46702 ns, Total: 216608 ns
[141.293s][info ][safepoint      ] Safepoint "Cleanup", Time since last: 2000193358 ns, Reaching safepoint: 130904 ns, At safepoint: 7400 ns, Total: 138304 ns
[142.293s][info ][safepoint      ] Safepoint "Cleanup", Time since last: 1000110145 ns, Reaching safepoint: 111504 ns, At safepoint: 5800 ns, Total: 117304 ns
[143.986s][info ][gc,start       ] GC(33) Pause Young (Allocation Failure)
[143.987s][debug][gc,phases      ] GC(33) Scavenge 1.171ms
[143.987s][debug][gc,ref         ] GC(33) Skipped phase 1 of Reference Processing: no references
[143.987s][debug][gc,ref         ] GC(33) Skipped phase 2 of Reference Processing: no references
[143.987s][debug][gc,ref         ] GC(33) Skipped phase 3 of Reference Processing: no references
[143.987s][debug][gc,ref         ] GC(33) Skipped phase 4 of Reference Processing: no references
[143.987s][debug][gc,phases      ] GC(33) Reference Processing 0.023ms
[143.987s][debug][gc,phases      ] GC(33)   VM Weak                        Min:  0.0, Avg:  0.0, Max:  0.0, Diff:  0.0, Sum:  0.0, Workers: 4
[143.987s][debug][gc,phases      ] GC(33)     Dead                           Min: 0, Avg:  0.0, Max: 0, Diff: 0, Sum: 0, Workers: 4
[143.987s][debug][gc,phases      ] GC(33)     Total                          Min: 0, Avg: 159.0, Max: 636, Diff: 636, Sum: 636, Workers: 4
[143.987s][debug][gc,phases      ] GC(33)   ObjectSynchronizer Weak        Min:  0.0, Avg:  0.0, Max:  0.0, Diff:  0.0, Sum:  0.0, Workers: 4
[143.987s][debug][gc,phases      ] GC(33)     Dead                           Min: 0, Avg:  0.0, Max: 0, Diff: 0, Sum: 0, Workers: 4
[143.987s][debug][gc,phases      ] GC(33)     Total                          Min: 0, Avg: 11.8, Max: 47, Diff: 47, Sum: 47, Workers: 4
[143.987s][debug][gc,phases      ] GC(33)   JVMTI Tag Weak OopStorage      Min:  0.0, Avg:  0.0, Max:  0.0, Diff:  0.0, Sum:  0.0, Workers: 4
[143.987s][debug][gc,phases      ] GC(33)     Dead                           Min: 0, Avg:  0.0, Max: 0, Diff: 0, Sum: 0, Workers: 4
[143.987s][debug][gc,phases      ] GC(33)     Total                          Min: 0, Avg:  0.0, Max: 0, Diff: 0, Sum: 0, Workers: 4
[143.987s][debug][gc,phases      ] GC(33)   StringTable Weak               Min:  0.0, Avg:  0.1, Max:  0.1, Diff:  0.1, Sum:  0.4, Workers: 4
[143.987s][debug][gc,phases      ] GC(33)     Dead                           Min: 0, Avg:  0.0, Max: 0, Diff: 0, Sum: 0, Workers: 4
[143.987s][debug][gc,phases      ] GC(33)     Total                          Min: 0, Avg: 10434.0, Max: 14144, Diff: 14144, Sum: 41736, Workers: 4
[143.987s][debug][gc,phases      ] GC(33)   ResolvedMethodTable Weak       Min:  0.0, Avg:  0.0, Max:  0.0, Diff:  0.0, Sum:  0.1, Workers: 4
[143.987s][debug][gc,phases      ] GC(33)     Dead                           Min: 0, Avg:  0.0, Max: 0, Diff: 0, Sum: 0, Workers: 4
[143.987s][debug][gc,phases      ] GC(33)     Total                          Min: 0, Avg: 1983.8, Max: 2752, Diff: 2752, Sum: 7935, Workers: 4
[143.987s][debug][gc,phases      ] GC(33)   JNI Weak                       Min:  0.0, Avg:  0.0, Max:  0.0, Diff:  0.0, Sum:  0.0, Workers: 4
[143.987s][debug][gc,phases      ] GC(33)     Dead                           Min: 0, Avg:  0.0, Max: 0, Diff: 0, Sum: 0, Workers: 4
[143.987s][debug][gc,phases      ] GC(33)     Total                          Min: 0, Avg: 11.2, Max: 45, Diff: 45, Sum: 45, Workers: 4
[143.987s][debug][gc,phases      ] GC(33)   StringDedup Table Weak         Min:  0.0, Avg:  0.0, Max:  0.0, Diff:  0.0, Sum:  0.0, Workers: 4
[143.987s][debug][gc,phases      ] GC(33)     Dead                           Min: 0, Avg:  0.0, Max: 0, Diff: 0, Sum: 0, Workers: 4
[143.987s][debug][gc,phases      ] GC(33)     Total                          Min: 0, Avg:  0.0, Max: 0, Diff: 0, Sum: 0, Workers: 4
[143.987s][debug][gc,phases      ] GC(33)   StringDedup Requests0 Weak     Min:  0.0, Avg:  0.0, Max:  0.0, Diff:  0.0, Sum:  0.0, Workers: 4
[143.987s][debug][gc,phases      ] GC(33)     Dead                           Min: 0, Avg:  0.0, Max: 0, Diff: 0, Sum: 0, Workers: 4
[143.987s][debug][gc,phases      ] GC(33)     Total                          Min: 0, Avg:  0.0, Max: 0, Diff: 0, Sum: 0, Workers: 4
[143.987s][debug][gc,phases      ] GC(33)   StringDedup Requests1 Weak     Min:  0.0, Avg:  0.0, Max:  0.0, Diff:  0.0, Sum:  0.0, Workers: 4
[143.987s][debug][gc,phases      ] GC(33)     Dead                           Min: 0, Avg:  0.0, Max: 0, Diff: 0, Sum: 0, Workers: 4
[143.987s][debug][gc,phases      ] GC(33)     Total                          Min: 0, Avg:  0.0, Max: 0, Diff: 0, Sum: 0, Workers: 4
[143.987s][debug][gc,phases      ] GC(33)   Weak JFR Old Object Samples    Min:  0.0, Avg:  0.0, Max:  0.0, Diff:  0.0, Sum:  0.0, Workers: 4
[143.987s][debug][gc,phases      ] GC(33)     Dead                           Min: 0, Avg:  0.0, Max: 0, Diff: 0, Sum: 0, Workers: 4
[143.987s][debug][gc,phases      ] GC(33)     Total                          Min: 0, Avg:  0.0, Max: 0, Diff: 0, Sum: 0, Workers: 4
[143.987s][debug][gc,phases      ] GC(33) Weak Processing 0.381ms
[143.987s][debug][gc,age         ] GC(33) Desired survivor size 454557696 bytes, new threshold 15 (max threshold 15)
[143.987s][info ][gc,heap        ] GC(33) PSYoungGen: 1161056K(1626112K)->384K(1653248K) Eden: 1160704K(1160704K)->0K(1197568K) From: 352K(465408K)->384K(455680K)
[143.987s][info ][gc,heap        ] GC(33) ParOldGen: 305481K(451584K)->305481K(451584K)
[143.987s][info ][gc,metaspace   ] GC(33) Metaspace: 75137K(75904K)->75137K(75904K) NonClass: 64458K(64896K)->64458K(64896K) Class: 10679K(11008K)->10679K(11008K)
[143.987s][info ][gc             ] GC(33) Pause Young (Allocation Failure) 1432M->298M(2055M) 1.691ms
[143.987s][info ][gc,cpu         ] GC(33) User=0.00s Sys=0.00s Real=0.00s
[143.987s][info ][safepoint      ] Safepoint "ParallelGCFailedAllocation", Time since last: 1692690921 ns, Reaching safepoint: 54002 ns, At safepoint: 1755158 ns, Total: 1809160 ns
[144.988s][info ][safepoint      ] Safepoint "Cleanup", Time since last: 1000094072 ns, Reaching safepoint: 130204 ns, At safepoint: 7600 ns, Total: 137804 ns
[145.988s][info ][safepoint      ] Safepoint "Cleanup", Time since last: 1000131683 ns, Reaching safepoint: 127604 ns, At safepoint: 14801 ns, Total: 142405 ns
[146.988s][info ][safepoint      ] Safepoint "Cleanup", Time since last: 1000138793 ns, Reaching safepoint: 121504 ns, At safepoint: 11401 ns, Total: 132905 ns
[149.888s][info ][gc,start       ] GC(34) Pause Young (Allocation Failure)
[149.889s][debug][gc,phases      ] GC(34) Scavenge 1.090ms
[149.889s][debug][gc,ref         ] GC(34) Skipped phase 1 of Reference Processing: no references
[149.889s][debug][gc,ref         ] GC(34) Skipped phase 2 of Reference Processing: no references
[149.889s][debug][gc,ref         ] GC(34) Skipped phase 3 of Reference Processing: no references
[149.889s][debug][gc,ref         ] GC(34) Skipped phase 4 of Reference Processing: no references
[149.889s][debug][gc,phases      ] GC(34) Reference Processing 0.041ms
[149.889s][debug][gc,phases      ] GC(34)   VM Weak                        Min:  0.0, Avg:  0.0, Max:  0.0, Diff:  0.0, Sum:  0.0, Workers: 4
[149.889s][debug][gc,phases      ] GC(34)     Dead                           Min: 0, Avg:  0.0, Max: 0, Diff: 0, Sum: 0, Workers: 4
[149.889s][debug][gc,phases      ] GC(34)     Total                          Min: 0, Avg: 159.0, Max: 636, Diff: 636, Sum: 636, Workers: 4
[149.889s][debug][gc,phases      ] GC(34)   ObjectSynchronizer Weak        Min:  0.0, Avg:  0.0, Max:  0.0, Diff:  0.0, Sum:  0.0, Workers: 4
[149.889s][debug][gc,phases      ] GC(34)     Dead                           Min: 0, Avg:  0.0, Max: 0, Diff: 0, Sum: 0, Workers: 4
[149.889s][debug][gc,phases      ] GC(34)     Total                          Min: 0, Avg: 11.8, Max: 47, Diff: 47, Sum: 47, Workers: 4
[149.889s][debug][gc,phases      ] GC(34)   JVMTI Tag Weak OopStorage      Min:  0.0, Avg:  0.0, Max:  0.0, Diff:  0.0, Sum:  0.0, Workers: 4
[149.889s][debug][gc,phases      ] GC(34)     Dead                           Min: 0, Avg:  0.0, Max: 0, Diff: 0, Sum: 0, Workers: 4
[149.889s][debug][gc,phases      ] GC(34)     Total                          Min: 0, Avg:  0.0, Max: 0, Diff: 0, Sum: 0, Workers: 4
[149.889s][debug][gc,phases      ] GC(34)   StringTable Weak               Min:  0.1, Avg:  0.1, Max:  0.1, Diff:  0.0, Sum:  0.4, Workers: 4
[149.889s][debug][gc,phases      ] GC(34)     Dead                           Min: 0, Avg:  0.0, Max: 0, Diff: 0, Sum: 0, Workers: 4
[149.889s][debug][gc,phases      ] GC(34)     Total                          Min: 8960, Avg: 10434.0, Max: 11264, Diff: 2304, Sum: 41736, Workers: 4
[149.889s][debug][gc,phases      ] GC(34)   ResolvedMethodTable Weak       Min:  0.0, Avg:  0.0, Max:  0.0, Diff:  0.0, Sum:  0.1, Workers: 4
[149.889s][debug][gc,phases      ] GC(34)     Dead                           Min: 0, Avg:  0.0, Max: 0, Diff: 0, Sum: 0, Workers: 4
[149.889s][debug][gc,phases      ] GC(34)     Total                          Min: 1728, Avg: 1983.8, Max: 2367, Diff: 639, Sum: 7935, Workers: 4
[149.889s][debug][gc,phases      ] GC(34)   JNI Weak                       Min:  0.0, Avg:  0.0, Max:  0.0, Diff:  0.0, Sum:  0.0, Workers: 4
[149.889s][debug][gc,phases      ] GC(34)     Dead                           Min: 0, Avg:  0.0, Max: 0, Diff: 0, Sum: 0, Workers: 4
[149.889s][debug][gc,phases      ] GC(34)     Total                          Min: 0, Avg: 11.2, Max: 45, Diff: 45, Sum: 45, Workers: 4
[149.889s][debug][gc,phases      ] GC(34)   StringDedup Table Weak         Min:  0.0, Avg:  0.0, Max:  0.0, Diff:  0.0, Sum:  0.0, Workers: 4
[149.889s][debug][gc,phases      ] GC(34)     Dead                           Min: 0, Avg:  0.0, Max: 0, Diff: 0, Sum: 0, Workers: 4
[149.889s][debug][gc,phases      ] GC(34)     Total                          Min: 0, Avg:  0.0, Max: 0, Diff: 0, Sum: 0, Workers: 4
[149.889s][debug][gc,phases      ] GC(34)   StringDedup Requests0 Weak     Min:  0.0, Avg:  0.0, Max:  0.0, Diff:  0.0, Sum:  0.0, Workers: 4
[149.889s][debug][gc,phases      ] GC(34)     Dead                           Min: 0, Avg:  0.0, Max: 0, Diff: 0, Sum: 0, Workers: 4
[149.889s][debug][gc,phases      ] GC(34)     Total                          Min: 0, Avg:  0.0, Max: 0, Diff: 0, Sum: 0, Workers: 4
[149.889s][debug][gc,phases      ] GC(34)   StringDedup Requests1 Weak     Min:  0.0, Avg:  0.0, Max:  0.0, Diff:  0.0, Sum:  0.0, Workers: 4
[149.889s][debug][gc,phases      ] GC(34)     Dead                           Min: 0, Avg:  0.0, Max: 0, Diff: 0, Sum: 0, Workers: 4
[149.889s][debug][gc,phases      ] GC(34)     Total                          Min: 0, Avg:  0.0, Max: 0, Diff: 0, Sum: 0, Workers: 4
[149.889s][debug][gc,phases      ] GC(34)   Weak JFR Old Object Samples    Min:  0.0, Avg:  0.0, Max:  0.0, Diff:  0.0, Sum:  0.0, Workers: 4
[149.889s][debug][gc,phases      ] GC(34)     Dead                           Min: 0, Avg:  0.0, Max: 0, Diff: 0, Sum: 0, Workers: 4
[149.889s][debug][gc,phases      ] GC(34)     Total                          Min: 0, Avg:  0.0, Max: 0, Diff: 0, Sum: 0, Workers: 4
[149.889s][debug][gc,phases      ] GC(34) Weak Processing 0.336ms
[149.889s][debug][gc,age         ] GC(34) Desired survivor size 439877632 bytes, new threshold 15 (max threshold 15)
[149.889s][info ][gc,heap        ] GC(34) PSYoungGen: 1197952K(1653248K)->352K(1641472K) Eden: 1197568K(1197568K)->0K(1197568K) From: 384K(455680K)->352K(443904K)
[149.889s][info ][gc,heap        ] GC(34) ParOldGen: 305481K(451584K)->305481K(451584K)
[149.889s][info ][gc,metaspace   ] GC(34) Metaspace: 75139K(75904K)->75139K(75904K) NonClass: 64459K(64896K)->64459K(64896K) Class: 10679K(11008K)->10679K(11008K)
[149.889s][info ][gc             ] GC(34) Pause Young (Allocation Failure) 1468M->298M(2044M) 1.571ms
[149.889s][info ][gc,cpu         ] GC(34) User=0.00s Sys=0.00s Real=0.01s
[149.889s][info ][safepoint      ] Safepoint "ParallelGCFailedAllocation", Time since last: 2899313781 ns, Reaching safepoint: 57702 ns, At safepoint: 1635555 ns, Total: 1693257 ns
[155.345s][info ][safepoint      ] Safepoint "Cleanup", Time since last: 5455254089 ns, Reaching safepoint: 65902 ns, At safepoint: 2800 ns, Total: 68702 ns
[155.790s][info ][gc,start       ] GC(35) Pause Young (Allocation Failure)
[155.792s][debug][gc,phases      ] GC(35) Scavenge 1.407ms
[155.792s][debug][gc,ref         ] GC(35) Skipped phase 1 of Reference Processing: no references
[155.792s][debug][gc,ref         ] GC(35) Skipped phase 2 of Reference Processing: no references
[155.792s][debug][gc,ref         ] GC(35) Skipped phase 3 of Reference Processing: no references
[155.792s][debug][gc,ref         ] GC(35) Skipped phase 4 of Reference Processing: no references
[155.792s][debug][gc,phases      ] GC(35) Reference Processing 0.023ms
[155.792s][debug][gc,phases      ] GC(35)   VM Weak                        Min:  0.0, Avg:  0.0, Max:  0.0, Diff:  0.0, Sum:  0.0, Workers: 4
[155.792s][debug][gc,phases      ] GC(35)     Dead                           Min: 0, Avg:  0.0, Max: 0, Diff: 0, Sum: 0, Workers: 4
[155.792s][debug][gc,phases      ] GC(35)     Total                          Min: 0, Avg: 159.0, Max: 444, Diff: 444, Sum: 636, Workers: 4
[155.792s][debug][gc,phases      ] GC(35)   ObjectSynchronizer Weak        Min:  0.0, Avg:  0.0, Max:  0.0, Diff:  0.0, Sum:  0.0, Workers: 4
[155.792s][debug][gc,phases      ] GC(35)     Dead                           Min: 0, Avg:  0.0, Max: 0, Diff: 0, Sum: 0, Workers: 4
[155.792s][debug][gc,phases      ] GC(35)     Total                          Min: 0, Avg: 11.8, Max: 47, Diff: 47, Sum: 47, Workers: 4
[155.792s][debug][gc,phases      ] GC(35)   JVMTI Tag Weak OopStorage      Min:  0.0, Avg:  0.0, Max:  0.0, Diff:  0.0, Sum:  0.0, Workers: 4
[155.792s][debug][gc,phases      ] GC(35)     Dead                           Min: 0, Avg:  0.0, Max: 0, Diff: 0, Sum: 0, Workers: 4
[155.792s][debug][gc,phases      ] GC(35)     Total                          Min: 0, Avg:  0.0, Max: 0, Diff: 0, Sum: 0, Workers: 4
[155.792s][debug][gc,phases      ] GC(35)   StringTable Weak               Min:  0.0, Avg:  0.1, Max:  0.1, Diff:  0.1, Sum:  0.4, Workers: 4
[155.792s][debug][gc,phases      ] GC(35)     Dead                           Min: 0, Avg:  0.0, Max: 0, Diff: 0, Sum: 0, Workers: 4
[155.792s][debug][gc,phases      ] GC(35)     Total                          Min: 0, Avg: 10434.8, Max: 15307, Diff: 15307, Sum: 41739, Workers: 4
[155.792s][debug][gc,phases      ] GC(35)   ResolvedMethodTable Weak       Min:  0.0, Avg:  0.0, Max:  0.0, Diff:  0.0, Sum:  0.1, Workers: 4
[155.792s][debug][gc,phases      ] GC(35)     Dead                           Min: 0, Avg:  0.0, Max: 0, Diff: 0, Sum: 0, Workers: 4
[155.792s][debug][gc,phases      ] GC(35)     Total                          Min: 0, Avg: 1983.8, Max: 3519, Diff: 3519, Sum: 7935, Workers: 4
[155.792s][debug][gc,phases      ] GC(35)   JNI Weak                       Min:  0.0, Avg:  0.0, Max:  0.0, Diff:  0.0, Sum:  0.0, Workers: 4
[155.792s][debug][gc,phases      ] GC(35)     Dead                           Min: 0, Avg:  0.0, Max: 0, Diff: 0, Sum: 0, Workers: 4
[155.792s][debug][gc,phases      ] GC(35)     Total                          Min: 0, Avg: 11.2, Max: 45, Diff: 45, Sum: 45, Workers: 4
[155.792s][debug][gc,phases      ] GC(35)   StringDedup Table Weak         Min:  0.0, Avg:  0.0, Max:  0.0, Diff:  0.0, Sum:  0.0, Workers: 4
[155.792s][debug][gc,phases      ] GC(35)     Dead                           Min: 0, Avg:  0.0, Max: 0, Diff: 0, Sum: 0, Workers: 4
[155.792s][debug][gc,phases      ] GC(35)     Total                          Min: 0, Avg:  0.0, Max: 0, Diff: 0, Sum: 0, Workers: 4
[155.792s][debug][gc,phases      ] GC(35)   StringDedup Requests0 Weak     Min:  0.0, Avg:  0.0, Max:  0.0, Diff:  0.0, Sum:  0.0, Workers: 4
[155.792s][debug][gc,phases      ] GC(35)     Dead                           Min: 0, Avg:  0.0, Max: 0, Diff: 0, Sum: 0, Workers: 4
[155.792s][debug][gc,phases      ] GC(35)     Total                          Min: 0, Avg:  0.0, Max: 0, Diff: 0, Sum: 0, Workers: 4
[155.792s][debug][gc,phases      ] GC(35)   StringDedup Requests1 Weak     Min:  0.0, Avg:  0.0, Max:  0.0, Diff:  0.0, Sum:  0.0, Workers: 4
[155.792s][debug][gc,phases      ] GC(35)     Dead                           Min: 0, Avg:  0.0, Max: 0, Diff: 0, Sum: 0, Workers: 4
[155.792s][debug][gc,phases      ] GC(35)     Total                          Min: 0, Avg:  0.0, Max: 0, Diff: 0, Sum: 0, Workers: 4
[155.792s][debug][gc,phases      ] GC(35)   Weak JFR Old Object Samples    Min:  0.0, Avg:  0.0, Max:  0.0, Diff:  0.0, Sum:  0.0, Workers: 4
[155.792s][debug][gc,phases      ] GC(35)     Dead                           Min: 0, Avg:  0.0, Max: 0, Diff: 0, Sum: 0, Workers: 4
[155.792s][debug][gc,phases      ] GC(35)     Total                          Min: 0, Avg:  0.0, Max: 0, Diff: 0, Sum: 0, Workers: 4
[155.792s][debug][gc,phases      ] GC(35) Weak Processing 0.504ms
[155.792s][debug][gc,age         ] GC(35) Desired survivor size 423624704 bytes, new threshold 15 (max threshold 15)
[155.792s][info ][gc,heap        ] GC(35) PSYoungGen: 1197920K(1641472K)->384K(1683456K) Eden: 1197568K(1197568K)->0K(1253888K) From: 352K(443904K)->384K(429568K)
[155.792s][info ][gc,heap        ] GC(35) ParOldGen: 305481K(451584K)->305481K(451584K)
[155.792s][info ][gc,metaspace   ] GC(35) Metaspace: 75139K(75904K)->75139K(75904K) NonClass: 64460K(64896K)->64460K(64896K) Class: 10679K(11008K)->10679K(11008K)
[155.792s][info ][gc             ] GC(35) Pause Young (Allocation Failure) 1468M->298M(2085M) 2.054ms
[155.792s][info ][gc,cpu         ] GC(35) User=0.01s Sys=0.00s Real=0.00s
[155.792s][info ][safepoint      ] Safepoint "ParallelGCFailedAllocation", Time since last: 445764135 ns, Reaching safepoint: 31101 ns, At safepoint: 2123670 ns, Total: 2154771 ns
[158.793s][info ][safepoint      ] Safepoint "Cleanup", Time since last: 3000188297 ns, Reaching safepoint: 139005 ns, At safepoint: 34501 ns, Total: 173506 ns
[161.793s][info ][safepoint      ] Safepoint "Cleanup", Time since last: 3000265188 ns, Reaching safepoint: 115204 ns, At safepoint: 10000 ns, Total: 125204 ns
[161.985s][info ][gc,start       ] GC(36) Pause Young (Allocation Failure)
[161.987s][debug][gc,phases      ] GC(36) Scavenge 1.982ms
[161.987s][debug][gc,ref         ] GC(36) Skipped phase 1 of Reference Processing: no references
[161.987s][debug][gc,ref         ] GC(36) Skipped phase 2 of Reference Processing: no references
[161.987s][debug][gc,ref         ] GC(36) Skipped phase 3 of Reference Processing: no references
[161.987s][debug][gc,ref         ] GC(36) Skipped phase 4 of Reference Processing: no references
[161.987s][debug][gc,phases      ] GC(36) Reference Processing 0.033ms
[161.988s][debug][gc,phases      ] GC(36)   VM Weak                        Min:  0.0, Avg:  0.0, Max:  0.0, Diff:  0.0, Sum:  0.0, Workers: 4
[161.988s][debug][gc,phases      ] GC(36)     Dead                           Min: 0, Avg:  0.0, Max: 0, Diff: 0, Sum: 0, Workers: 4
[161.988s][debug][gc,phases      ] GC(36)     Total                          Min: 0, Avg: 159.0, Max: 320, Diff: 320, Sum: 636, Workers: 4
[161.988s][debug][gc,phases      ] GC(36)   ObjectSynchronizer Weak        Min:  0.0, Avg:  0.0, Max:  0.0, Diff:  0.0, Sum:  0.0, Workers: 4
[161.988s][debug][gc,phases      ] GC(36)     Dead                           Min: 0, Avg:  0.0, Max: 0, Diff: 0, Sum: 0, Workers: 4
[161.988s][debug][gc,phases      ] GC(36)     Total                          Min: 0, Avg: 11.8, Max: 47, Diff: 47, Sum: 47, Workers: 4
[161.988s][debug][gc,phases      ] GC(36)   JVMTI Tag Weak OopStorage      Min:  0.0, Avg:  0.0, Max:  0.0, Diff:  0.0, Sum:  0.0, Workers: 4
[161.988s][debug][gc,phases      ] GC(36)     Dead                           Min: 0, Avg:  0.0, Max: 0, Diff: 0, Sum: 0, Workers: 4
[161.988s][debug][gc,phases      ] GC(36)     Total                          Min: 0, Avg:  0.0, Max: 0, Diff: 0, Sum: 0, Workers: 4
[161.988s][debug][gc,phases      ] GC(36)   StringTable Weak               Min:  0.0, Avg:  0.1, Max:  0.1, Diff:  0.1, Sum:  0.4, Workers: 4
[161.988s][debug][gc,phases      ] GC(36)     Dead                           Min: 0, Avg:  0.0, Max: 0, Diff: 0, Sum: 0, Workers: 4
[161.988s][debug][gc,phases      ] GC(36)     Total                          Min: 0, Avg: 10435.0, Max: 14656, Diff: 14656, Sum: 41740, Workers: 4
[161.988s][debug][gc,phases      ] GC(36)   ResolvedMethodTable Weak       Min:  0.0, Avg:  0.0, Max:  0.0, Diff:  0.0, Sum:  0.1, Workers: 4
[161.988s][debug][gc,phases      ] GC(36)     Dead                           Min: 0, Avg:  0.0, Max: 0, Diff: 0, Sum: 0, Workers: 4
[161.988s][debug][gc,phases      ] GC(36)     Total                          Min: 0, Avg: 1983.8, Max: 2943, Diff: 2943, Sum: 7935, Workers: 4
[161.988s][debug][gc,phases      ] GC(36)   JNI Weak                       Min:  0.0, Avg:  0.0, Max:  0.0, Diff:  0.0, Sum:  0.0, Workers: 4
[161.988s][debug][gc,phases      ] GC(36)     Dead                           Min: 0, Avg:  0.0, Max: 0, Diff: 0, Sum: 0, Workers: 4
[161.988s][debug][gc,phases      ] GC(36)     Total                          Min: 0, Avg: 11.2, Max: 45, Diff: 45, Sum: 45, Workers: 4
[161.988s][debug][gc,phases      ] GC(36)   StringDedup Table Weak         Min:  0.0, Avg:  0.0, Max:  0.0, Diff:  0.0, Sum:  0.0, Workers: 4
[161.988s][debug][gc,phases      ] GC(36)     Dead                           Min: 0, Avg:  0.0, Max: 0, Diff: 0, Sum: 0, Workers: 4
[161.988s][debug][gc,phases      ] GC(36)     Total                          Min: 0, Avg:  0.0, Max: 0, Diff: 0, Sum: 0, Workers: 4
[161.988s][debug][gc,phases      ] GC(36)   StringDedup Requests0 Weak     Min:  0.0, Avg:  0.0, Max:  0.0, Diff:  0.0, Sum:  0.0, Workers: 4
[161.988s][debug][gc,phases      ] GC(36)     Dead                           Min: 0, Avg:  0.0, Max: 0, Diff: 0, Sum: 0, Workers: 4
[161.988s][debug][gc,phases      ] GC(36)     Total                          Min: 0, Avg:  0.0, Max: 0, Diff: 0, Sum: 0, Workers: 4
[161.988s][debug][gc,phases      ] GC(36)   StringDedup Requests1 Weak     Min:  0.0, Avg:  0.0, Max:  0.0, Diff:  0.0, Sum:  0.0, Workers: 4
[161.988s][debug][gc,phases      ] GC(36)     Dead                           Min: 0, Avg:  0.0, Max: 0, Diff: 0, Sum: 0, Workers: 4
[161.988s][debug][gc,phases      ] GC(36)     Total                          Min: 0, Avg:  0.0, Max: 0, Diff: 0, Sum: 0, Workers: 4
[161.988s][debug][gc,phases      ] GC(36)   Weak JFR Old Object Samples    Min:  0.0, Avg:  0.0, Max:  0.0, Diff:  0.0, Sum:  0.0, Workers: 4
[161.988s][debug][gc,phases      ] GC(36)     Dead                           Min: 0, Avg:  0.0, Max: 0, Diff: 0, Sum: 0, Workers: 4
[161.988s][debug][gc,phases      ] GC(36)     Total                          Min: 0, Avg:  0.0, Max: 0, Diff: 0, Sum: 0, Workers: 4
[161.988s][debug][gc,phases      ] GC(36) Weak Processing 0.377ms
[161.988s][debug][gc,age         ] GC(36) Desired survivor size 406323200 bytes, new threshold 15 (max threshold 15)
[161.988s][info ][gc,heap        ] GC(36) PSYoungGen: 1254272K(1683456K)->384K(1667584K) Eden: 1253888K(1253888K)->0K(1253888K) From: 384K(429568K)->384K(413696K)
[161.988s][info ][gc,heap        ] GC(36) ParOldGen: 305481K(451584K)->305481K(451584K)
[161.988s][info ][gc,metaspace   ] GC(36) Metaspace: 75140K(75904K)->75140K(75904K) NonClass: 64460K(64896K)->64460K(64896K) Class: 10680K(11008K)->10680K(11008K)
[161.988s][info ][gc             ] GC(36) Pause Young (Allocation Failure) 1523M->298M(2069M) 2.527ms
[161.988s][info ][gc,cpu         ] GC(36) User=0.01s Sys=0.00s Real=0.00s
[161.988s][info ][safepoint      ] Safepoint "ParallelGCFailedAllocation", Time since last: 191977902 ns, Reaching safepoint: 64202 ns, At safepoint: 2601487 ns, Total: 2665689 ns
[165.096s][info ][safepoint      ] Safepoint "Cleanup", Time since last: 3108023778 ns, Reaching safepoint: 62802 ns, At safepoint: 3500 ns, Total: 66302 ns
[168.096s][info ][safepoint      ] Safepoint "Cleanup", Time since last: 3000272674 ns, Reaching safepoint: 51902 ns, At safepoint: 3000 ns, Total: 54902 ns
[168.182s][info ][gc,start       ] GC(37) Pause Young (Allocation Failure)
[168.184s][debug][gc,phases      ] GC(37) Scavenge 1.959ms
[168.184s][debug][gc,ref         ] GC(37) Skipped phase 1 of Reference Processing: no references
[168.184s][debug][gc,ref         ] GC(37) Skipped phase 2 of Reference Processing: no references
[168.184s][debug][gc,ref         ] GC(37) Skipped phase 3 of Reference Processing: no references
[168.184s][debug][gc,ref         ] GC(37) Skipped phase 4 of Reference Processing: no references
[168.184s][debug][gc,phases      ] GC(37) Reference Processing 0.024ms
[168.184s][debug][gc,phases      ] GC(37)   VM Weak                        Min:  0.0, Avg:  0.0, Max:  0.0, Diff:  0.0, Sum:  0.0, Workers: 4
[168.184s][debug][gc,phases      ] GC(37)     Dead                           Min: 0, Avg:  0.0, Max: 0, Diff: 0, Sum: 0, Workers: 4
[168.184s][debug][gc,phases      ] GC(37)     Total                          Min: 0, Avg: 159.0, Max: 572, Diff: 572, Sum: 636, Workers: 4
[168.185s][debug][gc,phases      ] GC(37)   ObjectSynchronizer Weak        Min:  0.0, Avg:  0.0, Max:  0.0, Diff:  0.0, Sum:  0.0, Workers: 4
[168.185s][debug][gc,phases      ] GC(37)     Dead                           Min: 0, Avg:  0.0, Max: 0, Diff: 0, Sum: 0, Workers: 4
[168.185s][debug][gc,phases      ] GC(37)     Total                          Min: 0, Avg: 11.8, Max: 47, Diff: 47, Sum: 47, Workers: 4
[168.185s][debug][gc,phases      ] GC(37)   JVMTI Tag Weak OopStorage      Min:  0.0, Avg:  0.0, Max:  0.0, Diff:  0.0, Sum:  0.0, Workers: 4
[168.185s][debug][gc,phases      ] GC(37)     Dead                           Min: 0, Avg:  0.0, Max: 0, Diff: 0, Sum: 0, Workers: 4
[168.185s][debug][gc,phases      ] GC(37)     Total                          Min: 0, Avg:  0.0, Max: 0, Diff: 0, Sum: 0, Workers: 4
[168.185s][debug][gc,phases      ] GC(37)   StringTable Weak               Min:  0.1, Avg:  0.1, Max:  0.1, Diff:  0.0, Sum:  0.4, Workers: 4
[168.185s][debug][gc,phases      ] GC(37)     Dead                           Min: 0, Avg:  0.0, Max: 0, Diff: 0, Sum: 0, Workers: 4
[168.185s][debug][gc,phases      ] GC(37)     Total                          Min: 9536, Avg: 10436.0, Max: 11584, Diff: 2048, Sum: 41744, Workers: 4
[168.185s][debug][gc,phases      ] GC(37)   ResolvedMethodTable Weak       Min:  0.0, Avg:  0.0, Max:  0.0, Diff:  0.0, Sum:  0.1, Workers: 4
[168.185s][debug][gc,phases      ] GC(37)     Dead                           Min: 0, Avg:  0.0, Max: 0, Diff: 0, Sum: 0, Workers: 4
[168.185s][debug][gc,phases      ] GC(37)     Total                          Min: 1728, Avg: 1983.8, Max: 2239, Diff: 511, Sum: 7935, Workers: 4
[168.185s][debug][gc,phases      ] GC(37)   JNI Weak                       Min:  0.0, Avg:  0.0, Max:  0.0, Diff:  0.0, Sum:  0.0, Workers: 4
[168.185s][debug][gc,phases      ] GC(37)     Dead                           Min: 0, Avg:  0.0, Max: 0, Diff: 0, Sum: 0, Workers: 4
[168.185s][debug][gc,phases      ] GC(37)     Total                          Min: 0, Avg: 11.2, Max: 45, Diff: 45, Sum: 45, Workers: 4
[168.185s][debug][gc,phases      ] GC(37)   StringDedup Table Weak         Min:  0.0, Avg:  0.0, Max:  0.0, Diff:  0.0, Sum:  0.0, Workers: 4
[168.185s][debug][gc,phases      ] GC(37)     Dead                           Min: 0, Avg:  0.0, Max: 0, Diff: 0, Sum: 0, Workers: 4
[168.185s][debug][gc,phases      ] GC(37)     Total                          Min: 0, Avg:  0.0, Max: 0, Diff: 0, Sum: 0, Workers: 4
[168.185s][debug][gc,phases      ] GC(37)   StringDedup Requests0 Weak     Min:  0.0, Avg:  0.0, Max:  0.0, Diff:  0.0, Sum:  0.0, Workers: 4
[168.185s][debug][gc,phases      ] GC(37)     Dead                           Min: 0, Avg:  0.0, Max: 0, Diff: 0, Sum: 0, Workers: 4
[168.185s][debug][gc,phases      ] GC(37)     Total                          Min: 0, Avg:  0.0, Max: 0, Diff: 0, Sum: 0, Workers: 4
[168.185s][debug][gc,phases      ] GC(37)   StringDedup Requests1 Weak     Min:  0.0, Avg:  0.0, Max:  0.0, Diff:  0.0, Sum:  0.0, Workers: 4
[168.185s][debug][gc,phases      ] GC(37)     Dead                           Min: 0, Avg:  0.0, Max: 0, Diff: 0, Sum: 0, Workers: 4
[168.185s][debug][gc,phases      ] GC(37)     Total                          Min: 0, Avg:  0.0, Max: 0, Diff: 0, Sum: 0, Workers: 4
[168.185s][debug][gc,phases      ] GC(37)   Weak JFR Old Object Samples    Min:  0.0, Avg:  0.0, Max:  0.0, Diff:  0.0, Sum:  0.0, Workers: 4
[168.185s][debug][gc,phases      ] GC(37)     Dead                           Min: 0, Avg:  0.0, Max: 0, Diff: 0, Sum: 0, Workers: 4
[168.185s][debug][gc,phases      ] GC(37)     Total                          Min: 0, Avg:  0.0, Max: 0, Diff: 0, Sum: 0, Workers: 4
[168.185s][debug][gc,phases      ] GC(37) Weak Processing 0.323ms
[168.185s][debug][gc,age         ] GC(37) Desired survivor size 387973120 bytes, new threshold 15 (max threshold 15)
[168.185s][info ][gc,heap        ] GC(37) PSYoungGen: 1254272K(1667584K)->352K(1718272K) Eden: 1253888K(1253888K)->0K(1321472K) From: 384K(413696K)->352K(396800K)
[168.185s][info ][gc,heap        ] GC(37) ParOldGen: 305481K(451584K)->305481K(451584K)
[168.185s][info ][gc,metaspace   ] GC(37) Metaspace: 75142K(75904K)->75142K(75904K) NonClass: 64461K(64896K)->64461K(64896K) Class: 10680K(11008K)->10680K(11008K)
[168.185s][info ][gc             ] GC(37) Pause Young (Allocation Failure) 1523M->298M(2119M) 2.436ms
[168.185s][info ][gc,cpu         ] GC(37) User=0.01s Sys=0.00s Real=0.00s
[168.185s][info ][safepoint      ] Safepoint "ParallelGCFailedAllocation", Time since last: 85896369 ns, Reaching safepoint: 47001 ns, At safepoint: 2520285 ns, Total: 2567286 ns
[169.185s][info ][safepoint      ] Safepoint "Cleanup", Time since last: 1000092011 ns, Reaching safepoint: 123204 ns, At safepoint: 7701 ns, Total: 130905 ns
[170.185s][info ][safepoint      ] Safepoint "Cleanup", Time since last: 1000143422 ns, Reaching safepoint: 105104 ns, At safepoint: 4300 ns, Total: 109404 ns
[171.186s][info ][safepoint      ] Safepoint "Cleanup", Time since last: 1000166633 ns, Reaching safepoint: 130305 ns, At safepoint: 9200 ns, Total: 139505 ns
[172.186s][info ][safepoint      ] Safepoint "Cleanup", Time since last: 1000144242 ns, Reaching safepoint: 122004 ns, At safepoint: 7000 ns, Total: 129004 ns
[173.186s][info ][safepoint      ] Safepoint "Cleanup", Time since last: 1000138352 ns, Reaching safepoint: 156505 ns, At safepoint: 9201 ns, Total: 165706 ns
[174.186s][info ][safepoint      ] Safepoint "Cleanup", Time since last: 1000123860 ns, Reaching safepoint: 129305 ns, At safepoint: 9600 ns, Total: 138905 ns
[174.537s][info ][gc,start       ] GC(38) Pause Young (Allocation Failure)
[174.539s][debug][gc,phases      ] GC(38) Scavenge 2.202ms
[174.539s][debug][gc,ref         ] GC(38) Skipped phase 1 of Reference Processing: no references
[174.539s][debug][gc,ref         ] GC(38) Skipped phase 2 of Reference Processing: no references
[174.539s][debug][gc,ref         ] GC(38) Skipped phase 3 of Reference Processing: no references
[174.539s][debug][gc,ref         ] GC(38) Skipped phase 4 of Reference Processing: no references
[174.539s][debug][gc,phases      ] GC(38) Reference Processing 0.039ms
[174.539s][debug][gc,phases      ] GC(38)   VM Weak                        Min:  0.0, Avg:  0.0, Max:  0.0, Diff:  0.0, Sum:  0.0, Workers: 4
[174.539s][debug][gc,phases      ] GC(38)     Dead                           Min: 0, Avg:  0.0, Max: 0, Diff: 0, Sum: 0, Workers: 4
[174.539s][debug][gc,phases      ] GC(38)     Total                          Min: 0, Avg: 159.0, Max: 572, Diff: 572, Sum: 636, Workers: 4
[174.539s][debug][gc,phases      ] GC(38)   ObjectSynchronizer Weak        Min:  0.0, Avg:  0.0, Max:  0.0, Diff:  0.0, Sum:  0.0, Workers: 4
[174.539s][debug][gc,phases      ] GC(38)     Dead                           Min: 0, Avg:  0.0, Max: 0, Diff: 0, Sum: 0, Workers: 4
[174.539s][debug][gc,phases      ] GC(38)     Total                          Min: 0, Avg: 11.8, Max: 47, Diff: 47, Sum: 47, Workers: 4
[174.539s][debug][gc,phases      ] GC(38)   JVMTI Tag Weak OopStorage      Min:  0.0, Avg:  0.0, Max:  0.0, Diff:  0.0, Sum:  0.0, Workers: 4
[174.539s][debug][gc,phases      ] GC(38)     Dead                           Min: 0, Avg:  0.0, Max: 0, Diff: 0, Sum: 0, Workers: 4
[174.539s][debug][gc,phases      ] GC(38)     Total                          Min: 0, Avg:  0.0, Max: 0, Diff: 0, Sum: 0, Workers: 4
[174.539s][debug][gc,phases      ] GC(38)   StringTable Weak               Min:  0.1, Avg:  0.1, Max:  0.1, Diff:  0.0, Sum:  0.4, Workers: 4
[174.539s][debug][gc,phases      ] GC(38)     Dead                           Min: 0, Avg:  0.0, Max: 0, Diff: 0, Sum: 0, Workers: 4
[174.539s][debug][gc,phases      ] GC(38)     Total                          Min: 8896, Avg: 10437.2, Max: 12096, Diff: 3200, Sum: 41749, Workers: 4
[174.539s][debug][gc,phases      ] GC(38)   ResolvedMethodTable Weak       Min:  0.0, Avg:  0.0, Max:  0.0, Diff:  0.0, Sum:  0.1, Workers: 4
[174.539s][debug][gc,phases      ] GC(38)     Dead                           Min: 0, Avg:  0.0, Max: 0, Diff: 0, Sum: 0, Workers: 4
[174.539s][debug][gc,phases      ] GC(38)     Total                          Min: 1664, Avg: 1983.8, Max: 2303, Diff: 639, Sum: 7935, Workers: 4
[174.539s][debug][gc,phases      ] GC(38)   JNI Weak                       Min:  0.0, Avg:  0.0, Max:  0.0, Diff:  0.0, Sum:  0.0, Workers: 4
[174.539s][debug][gc,phases      ] GC(38)     Dead                           Min: 0, Avg:  0.0, Max: 0, Diff: 0, Sum: 0, Workers: 4
[174.539s][debug][gc,phases      ] GC(38)     Total                          Min: 0, Avg: 11.2, Max: 45, Diff: 45, Sum: 45, Workers: 4
[174.539s][debug][gc,phases      ] GC(38)   StringDedup Table Weak         Min:  0.0, Avg:  0.0, Max:  0.0, Diff:  0.0, Sum:  0.0, Workers: 4
[174.539s][debug][gc,phases      ] GC(38)     Dead                           Min: 0, Avg:  0.0, Max: 0, Diff: 0, Sum: 0, Workers: 4
[174.539s][debug][gc,phases      ] GC(38)     Total                          Min: 0, Avg:  0.0, Max: 0, Diff: 0, Sum: 0, Workers: 4
[174.539s][debug][gc,phases      ] GC(38)   StringDedup Requests0 Weak     Min:  0.0, Avg:  0.0, Max:  0.0, Diff:  0.0, Sum:  0.0, Workers: 4
[174.539s][debug][gc,phases      ] GC(38)     Dead                           Min: 0, Avg:  0.0, Max: 0, Diff: 0, Sum: 0, Workers: 4
[174.539s][debug][gc,phases      ] GC(38)     Total                          Min: 0, Avg:  0.0, Max: 0, Diff: 0, Sum: 0, Workers: 4
[174.539s][debug][gc,phases      ] GC(38)   StringDedup Requests1 Weak     Min:  0.0, Avg:  0.0, Max:  0.0, Diff:  0.0, Sum:  0.0, Workers: 4
[174.539s][debug][gc,phases      ] GC(38)     Dead                           Min: 0, Avg:  0.0, Max: 0, Diff: 0, Sum: 0, Workers: 4
[174.539s][debug][gc,phases      ] GC(38)     Total                          Min: 0, Avg:  0.0, Max: 0, Diff: 0, Sum: 0, Workers: 4
[174.539s][debug][gc,phases      ] GC(38)   Weak JFR Old Object Samples    Min:  0.0, Avg:  0.0, Max:  0.0, Diff:  0.0, Sum:  0.0, Workers: 4
[174.539s][debug][gc,phases      ] GC(38)     Dead                           Min: 0, Avg:  0.0, Max: 0, Diff: 0, Sum: 0, Workers: 4
[174.539s][debug][gc,phases      ] GC(38)     Total                          Min: 0, Avg:  0.0, Max: 0, Diff: 0, Sum: 0, Workers: 4
[174.539s][debug][gc,phases      ] GC(38) Weak Processing 0.318ms
[174.539s][debug][gc,age         ] GC(38) Desired survivor size 369623040 bytes, new threshold 15 (max threshold 15)
[174.539s][info ][gc,heap        ] GC(38) PSYoungGen: 1321824K(1718272K)->448K(1700352K) Eden: 1321472K(1321472K)->0K(1321472K) From: 352K(396800K)->448K(378880K)
[174.539s][info ][gc,heap        ] GC(38) ParOldGen: 305481K(451584K)->305481K(451584K)
[174.539s][info ][gc,metaspace   ] GC(38) Metaspace: 75149K(75904K)->75149K(75904K) NonClass: 64468K(64896K)->64468K(64896K) Class: 10680K(11008K)->10680K(11008K)
[174.539s][info ][gc             ] GC(38) Pause Young (Allocation Failure) 1589M->298M(2101M) 2.688ms
[174.539s][info ][gc,cpu         ] GC(38) User=0.00s Sys=0.00s Real=0.00s
[174.539s][info ][safepoint      ] Safepoint "ParallelGCFailedAllocation", Time since last: 350183317 ns, Reaching safepoint: 114104 ns, At safepoint: 2767293 ns, Total: 2881397 ns
[178.540s][info ][safepoint      ] Safepoint "Cleanup", Time since last: 4000308245 ns, Reaching safepoint: 150005 ns, At safepoint: 7200 ns, Total: 157205 ns
[178.835s][info ][safepoint      ] Safepoint "ICBufferFull", Time since last: 294565970 ns, Reaching safepoint: 263309 ns, At safepoint: 11800 ns, Total: 275109 ns
[178.962s][info ][safepoint      ] Safepoint "ICBufferFull", Time since last: 126831350 ns, Reaching safepoint: 259109 ns, At safepoint: 13900 ns, Total: 273009 ns
[179.385s][info ][safepoint      ] Safepoint "ICBufferFull", Time since last: 422728465 ns, Reaching safepoint: 267609 ns, At safepoint: 8101 ns, Total: 275710 ns
[179.675s][info ][safepoint      ] Safepoint "ICBufferFull", Time since last: 290322028 ns, Reaching safepoint: 259509 ns, At safepoint: 16701 ns, Total: 276210 ns
[179.689s][info ][gc,start       ] GC(39) Pause Young (Allocation Failure)
[179.708s][debug][gc,phases      ] GC(39) Scavenge 18.495ms
[179.708s][debug][gc,ref         ] GC(39) Skipped phase 1 of Reference Processing: no references
[179.708s][debug][gc,ref         ] GC(39) ReferenceProcessor::execute queues: 1, RefProcThreadModel::Single, marks_oops_alive: false
[179.708s][debug][gc,ref         ] GC(39) Skipped phase 3 of Reference Processing: no references
[179.708s][debug][gc,ref         ] GC(39) ReferenceProcessor::execute queues: 1, RefProcThreadModel::Single, marks_oops_alive: false
[179.708s][debug][gc,phases      ] GC(39) Reference Processing 0.179ms
[179.708s][debug][gc,phases      ] GC(39)   VM Weak                        Min:  0.0, Avg:  0.0, Max:  0.0, Diff:  0.0, Sum:  0.0, Workers: 4
[179.708s][debug][gc,phases      ] GC(39)     Dead                           Min: 0, Avg:  0.0, Max: 0, Diff: 0, Sum: 0, Workers: 4
[179.708s][debug][gc,phases      ] GC(39)     Total                          Min: 0, Avg: 167.2, Max: 349, Diff: 349, Sum: 669, Workers: 4
[179.708s][debug][gc,phases      ] GC(39)   ObjectSynchronizer Weak        Min:  0.0, Avg:  0.0, Max:  0.0, Diff:  0.0, Sum:  0.0, Workers: 4
[179.708s][debug][gc,phases      ] GC(39)     Dead                           Min: 0, Avg:  8.2, Max: 26, Diff: 26, Sum: 33, Workers: 4
[179.708s][debug][gc,phases      ] GC(39)     Total                          Min: 0, Avg: 35.5, Max: 64, Diff: 64, Sum: 142, Workers: 4
[179.708s][debug][gc,phases      ] GC(39)   JVMTI Tag Weak OopStorage      Min:  0.0, Avg:  0.0, Max:  0.0, Diff:  0.0, Sum:  0.0, Workers: 4
[179.708s][debug][gc,phases      ] GC(39)     Dead                           Min: 0, Avg:  0.0, Max: 0, Diff: 0, Sum: 0, Workers: 4
[179.708s][debug][gc,phases      ] GC(39)     Total                          Min: 0, Avg:  0.0, Max: 0, Diff: 0, Sum: 0, Workers: 4
[179.708s][debug][gc,phases      ] GC(39)   StringTable Weak               Min:  0.0, Avg:  0.1, Max:  0.2, Diff:  0.2, Sum:  0.5, Workers: 4
[179.708s][debug][gc,phases      ] GC(39)     Dead                           Min: 0, Avg:  0.8, Max: 3, Diff: 3, Sum: 3, Workers: 4
[179.708s][debug][gc,phases      ] GC(39)     Total                          Min: 0, Avg: 10569.2, Max: 14272, Diff: 14272, Sum: 42277, Workers: 4
[179.708s][debug][gc,phases      ] GC(39)   ResolvedMethodTable Weak       Min:  0.0, Avg:  0.0, Max:  0.0, Diff:  0.0, Sum:  0.1, Workers: 4
[179.708s][debug][gc,phases      ] GC(39)     Dead                           Min: 0, Avg: 22.5, Max: 34, Diff: 34, Sum: 90, Workers: 4
[179.708s][debug][gc,phases      ] GC(39)     Total                          Min: 0, Avg: 2116.5, Max: 3072, Diff: 3072, Sum: 8466, Workers: 4
[179.708s][debug][gc,phases      ] GC(39)   JNI Weak                       Min:  0.0, Avg:  0.0, Max:  0.0, Diff:  0.0, Sum:  0.0, Workers: 4
[179.708s][debug][gc,phases      ] GC(39)     Dead                           Min: 0, Avg:  0.0, Max: 0, Diff: 0, Sum: 0, Workers: 4
[179.708s][debug][gc,phases      ] GC(39)     Total                          Min: 0, Avg: 23.2, Max: 93, Diff: 93, Sum: 93, Workers: 4
[179.708s][debug][gc,phases      ] GC(39)   StringDedup Table Weak         Min:  0.0, Avg:  0.0, Max:  0.0, Diff:  0.0, Sum:  0.0, Workers: 4
[179.708s][debug][gc,phases      ] GC(39)     Dead                           Min: 0, Avg:  0.0, Max: 0, Diff: 0, Sum: 0, Workers: 4
[179.708s][debug][gc,phases      ] GC(39)     Total                          Min: 0, Avg:  0.0, Max: 0, Diff: 0, Sum: 0, Workers: 4
[179.708s][debug][gc,phases      ] GC(39)   StringDedup Requests0 Weak     Min:  0.0, Avg:  0.0, Max:  0.0, Diff:  0.0, Sum:  0.0, Workers: 4
[179.708s][debug][gc,phases      ] GC(39)     Dead                           Min: 0, Avg:  0.0, Max: 0, Diff: 0, Sum: 0, Workers: 4
[179.708s][debug][gc,phases      ] GC(39)     Total                          Min: 0, Avg:  0.0, Max: 0, Diff: 0, Sum: 0, Workers: 4
[179.708s][debug][gc,phases      ] GC(39)   StringDedup Requests1 Weak     Min:  0.0, Avg:  0.0, Max:  0.0, Diff:  0.0, Sum:  0.0, Workers: 4
[179.708s][debug][gc,phases      ] GC(39)     Dead                           Min: 0, Avg:  0.0, Max: 0, Diff: 0, Sum: 0, Workers: 4
[179.708s][debug][gc,phases      ] GC(39)     Total                          Min: 0, Avg:  0.0, Max: 0, Diff: 0, Sum: 0, Workers: 4
[179.708s][debug][gc,phases      ] GC(39)   Weak JFR Old Object Samples    Min:  0.0, Avg:  0.0, Max:  0.0, Diff:  0.0, Sum:  0.0, Workers: 4
[179.708s][debug][gc,phases      ] GC(39)     Dead                           Min: 0, Avg:  0.0, Max: 0, Diff: 0, Sum: 0, Workers: 4
[179.708s][debug][gc,phases      ] GC(39)     Total                          Min: 0, Avg:  0.0, Max: 0, Diff: 0, Sum: 0, Workers: 4
[179.708s][debug][gc,phases      ] GC(39) Weak Processing 0.415ms
[179.708s][debug][gc,age         ] GC(39) Desired survivor size 347078656 bytes, new threshold 15 (max threshold 15)
[179.708s][info ][gc,heap        ] GC(39) PSYoungGen: 1321920K(1700352K)->21104K(1758208K) Eden: 1321472K(1321472K)->0K(1397248K) From: 448K(378880K)->21104K(360960K)
[179.708s][info ][gc,heap        ] GC(39) ParOldGen: 305481K(451584K)->305489K(451584K)
[179.708s][info ][gc,metaspace   ] GC(39) Metaspace: 76716K(77568K)->76716K(77568K) NonClass: 65692K(66176K)->65692K(66176K) Class: 11023K(11392K)->11023K(11392K)
[179.708s][info ][gc             ] GC(39) Pause Young (Allocation Failure) 1589M->318M(2158M) 19.239ms
[179.708s][info ][gc,cpu         ] GC(39) User=0.06s Sys=0.00s Real=0.01s
[179.708s][info ][safepoint      ] Safepoint "ParallelGCFailedAllocation", Time since last: 13507752 ns, Reaching safepoint: 143005 ns, At safepoint: 19328448 ns, Total: 19471453 ns
[180.763s][info ][safepoint      ] Safepoint "Cleanup", Time since last: 1054147534 ns, Reaching safepoint: 155105 ns, At safepoint: 9401 ns, Total: 164506 ns
[183.763s][info ][safepoint      ] Safepoint "Cleanup", Time since last: 3000286323 ns, Reaching safepoint: 53702 ns, At safepoint: 3000 ns, Total: 56702 ns
[184.763s][info ][safepoint      ] Safepoint "Cleanup", Time since last: 1000111861 ns, Reaching safepoint: 47502 ns, At safepoint: 2600 ns, Total: 50102 ns
[185.937s][info ][gc,start       ] GC(40) Pause Young (Allocation Failure)
[185.958s][debug][gc,phases      ] GC(40) Scavenge 20.358ms
[185.958s][debug][gc,ref         ] GC(40) Skipped phase 1 of Reference Processing: no references
[185.958s][debug][gc,ref         ] GC(40) ReferenceProcessor::execute queues: 1, RefProcThreadModel::Single, marks_oops_alive: false
[185.958s][debug][gc,ref         ] GC(40) Skipped phase 3 of Reference Processing: no references
[185.958s][debug][gc,ref         ] GC(40) ReferenceProcessor::execute queues: 1, RefProcThreadModel::Single, marks_oops_alive: false
[185.958s][debug][gc,phases      ] GC(40) Reference Processing 0.132ms
[185.958s][debug][gc,phases      ] GC(40)   VM Weak                        Min:  0.0, Avg:  0.0, Max:  0.0, Diff:  0.0, Sum:  0.0, Workers: 4
[185.958s][debug][gc,phases      ] GC(40)     Dead                           Min: 0, Avg:  0.0, Max: 0, Diff: 0, Sum: 0, Workers: 4
[185.958s][debug][gc,phases      ] GC(40)     Total                          Min: 0, Avg: 167.2, Max: 320, Diff: 320, Sum: 669, Workers: 4
[185.958s][debug][gc,phases      ] GC(40)   ObjectSynchronizer Weak        Min:  0.0, Avg:  0.0, Max:  0.0, Diff:  0.0, Sum:  0.0, Workers: 4
[185.958s][debug][gc,phases      ] GC(40)     Dead                           Min: 0, Avg:  0.0, Max: 0, Diff: 0, Sum: 0, Workers: 4
[185.958s][debug][gc,phases      ] GC(40)     Total                          Min: 0, Avg: 35.5, Max: 78, Diff: 78, Sum: 142, Workers: 4
[185.958s][debug][gc,phases      ] GC(40)   JVMTI Tag Weak OopStorage      Min:  0.0, Avg:  0.0, Max:  0.0, Diff:  0.0, Sum:  0.0, Workers: 4
[185.958s][debug][gc,phases      ] GC(40)     Dead                           Min: 0, Avg:  0.0, Max: 0, Diff: 0, Sum: 0, Workers: 4
[185.958s][debug][gc,phases      ] GC(40)     Total                          Min: 0, Avg:  0.0, Max: 0, Diff: 0, Sum: 0, Workers: 4
[185.958s][debug][gc,phases      ] GC(40)   StringTable Weak               Min:  0.0, Avg:  0.1, Max:  0.2, Diff:  0.2, Sum:  0.5, Workers: 4
[185.958s][debug][gc,phases      ] GC(40)     Dead                           Min: 0, Avg:  0.0, Max: 0, Diff: 0, Sum: 0, Workers: 4
[185.958s][debug][gc,phases      ] GC(40)     Total                          Min: 0, Avg: 10569.5, Max: 15232, Diff: 15232, Sum: 42278, Workers: 4
[185.958s][debug][gc,phases      ] GC(40)   ResolvedMethodTable Weak       Min:  0.0, Avg:  0.0, Max:  0.1, Diff:  0.1, Sum:  0.1, Workers: 4
[185.958s][debug][gc,phases      ] GC(40)     Dead                           Min: 0, Avg:  0.0, Max: 0, Diff: 0, Sum: 0, Workers: 4
[185.958s][debug][gc,phases      ] GC(40)     Total                          Min: 0, Avg: 2048.8, Max: 2954, Diff: 2954, Sum: 8195, Workers: 4
[185.958s][debug][gc,phases      ] GC(40)   JNI Weak                       Min:  0.0, Avg:  0.0, Max:  0.0, Diff:  0.0, Sum:  0.0, Workers: 4
[185.958s][debug][gc,phases      ] GC(40)     Dead                           Min: 0, Avg:  0.0, Max: 0, Diff: 0, Sum: 0, Workers: 4
[185.958s][debug][gc,phases      ] GC(40)     Total                          Min: 0, Avg: 11.2, Max: 45, Diff: 45, Sum: 45, Workers: 4
[185.958s][debug][gc,phases      ] GC(40)   StringDedup Table Weak         Min:  0.0, Avg:  0.0, Max:  0.0, Diff:  0.0, Sum:  0.0, Workers: 4
[185.958s][debug][gc,phases      ] GC(40)     Dead                           Min: 0, Avg:  0.0, Max: 0, Diff: 0, Sum: 0, Workers: 4
[185.958s][debug][gc,phases      ] GC(40)     Total                          Min: 0, Avg:  0.0, Max: 0, Diff: 0, Sum: 0, Workers: 4
[185.958s][debug][gc,phases      ] GC(40)   StringDedup Requests0 Weak     Min:  0.0, Avg:  0.0, Max:  0.0, Diff:  0.0, Sum:  0.0, Workers: 4
[185.958s][debug][gc,phases      ] GC(40)     Dead                           Min: 0, Avg:  0.0, Max: 0, Diff: 0, Sum: 0, Workers: 4
[185.958s][debug][gc,phases      ] GC(40)     Total                          Min: 0, Avg:  0.0, Max: 0, Diff: 0, Sum: 0, Workers: 4
[185.958s][debug][gc,phases      ] GC(40)   StringDedup Requests1 Weak     Min:  0.0, Avg:  0.0, Max:  0.0, Diff:  0.0, Sum:  0.0, Workers: 4
[185.958s][debug][gc,phases      ] GC(40)     Dead                           Min: 0, Avg:  0.0, Max: 0, Diff: 0, Sum: 0, Workers: 4
[185.958s][debug][gc,phases      ] GC(40)     Total                          Min: 0, Avg:  0.0, Max: 0, Diff: 0, Sum: 0, Workers: 4
[185.958s][debug][gc,phases      ] GC(40)   Weak JFR Old Object Samples    Min:  0.0, Avg:  0.0, Max:  0.0, Diff:  0.0, Sum:  0.0, Workers: 4
[185.958s][debug][gc,phases      ] GC(40)     Dead                           Min: 0, Avg:  0.0, Max: 0, Diff: 0, Sum: 0, Workers: 4
[185.958s][debug][gc,phases      ] GC(40)     Total                          Min: 0, Avg:  0.0, Max: 0, Diff: 0, Sum: 0, Workers: 4
[185.958s][debug][gc,phases      ] GC(40) Weak Processing 0.408ms
[185.958s][debug][gc,age         ] GC(40) Desired survivor size 326631424 bytes, new threshold 15 (max threshold 15)
[185.958s][info ][gc,heap        ] GC(40) PSYoungGen: 1418352K(1758208K)->17248K(1736192K) Eden: 1397248K(1397248K)->0K(1397248K) From: 21104K(360960K)->17248K(338944K)
[185.958s][info ][gc,heap        ] GC(40) ParOldGen: 305489K(451584K)->305489K(451584K)
[185.958s][info ][gc,metaspace   ] GC(40) Metaspace: 76731K(77568K)->76731K(77568K) NonClass: 65708K(66176K)->65708K(66176K) Class: 11023K(11392K)->11023K(11392K)
[185.958s][info ][gc             ] GC(40) Pause Young (Allocation Failure) 1683M->315M(2136M) 21.061ms
[185.958s][info ][gc,cpu         ] GC(40) User=0.07s Sys=0.00s Real=0.02s
[185.958s][info ][safepoint      ] Safepoint "ParallelGCFailedAllocation", Time since last: 1173888404 ns, Reaching safepoint: 108804 ns, At safepoint: 21144410 ns, Total: 21253214 ns
[186.958s][info ][safepoint      ] Safepoint "Cleanup", Time since last: 1000085580 ns, Reaching safepoint: 31301 ns, At safepoint: 2200 ns, Total: 33501 ns
[187.959s][info ][safepoint      ] Safepoint "Cleanup", Time since last: 1000117391 ns, Reaching safepoint: 44901 ns, At safepoint: 3500 ns, Total: 48401 ns
[188.959s][info ][safepoint      ] Safepoint "Cleanup", Time since last: 1000089399 ns, Reaching safepoint: 63503 ns, At safepoint: 6100 ns, Total: 69603 ns
[189.959s][info ][safepoint      ] Safepoint "Cleanup", Time since last: 1000124309 ns, Reaching safepoint: 99404 ns, At safepoint: 2600 ns, Total: 102004 ns
[190.959s][info ][safepoint      ] Safepoint "Cleanup", Time since last: 1000118018 ns, Reaching safepoint: 50702 ns, At safepoint: 3900 ns, Total: 54602 ns
[191.959s][info ][safepoint      ] Safepoint "Cleanup", Time since last: 1000084327 ns, Reaching safepoint: 58602 ns, At safepoint: 6100 ns, Total: 64702 ns
[192.795s][info ][gc,start       ] GC(41) Pause Young (Allocation Failure)
[192.806s][debug][gc,phases      ] GC(41) Scavenge 11.011ms
[192.806s][debug][gc,ref         ] GC(41) Skipped phase 1 of Reference Processing: no references
[192.806s][debug][gc,ref         ] GC(41) ReferenceProcessor::execute queues: 1, RefProcThreadModel::Single, marks_oops_alive: false
[192.806s][debug][gc,ref         ] GC(41) Skipped phase 3 of Reference Processing: no references
[192.806s][debug][gc,ref         ] GC(41) ReferenceProcessor::execute queues: 1, RefProcThreadModel::Single, marks_oops_alive: false
[192.806s][debug][gc,phases      ] GC(41) Reference Processing 0.131ms
[192.806s][debug][gc,phases      ] GC(41)   VM Weak                        Min:  0.0, Avg:  0.0, Max:  0.0, Diff:  0.0, Sum:  0.0, Workers: 4
[192.806s][debug][gc,phases      ] GC(41)     Dead                           Min: 0, Avg:  0.0, Max: 0, Diff: 0, Sum: 0, Workers: 4
[192.806s][debug][gc,phases      ] GC(41)     Total                          Min: 0, Avg: 167.2, Max: 349, Diff: 349, Sum: 669, Workers: 4
[192.806s][debug][gc,phases      ] GC(41)   ObjectSynchronizer Weak        Min:  0.0, Avg:  0.0, Max:  0.0, Diff:  0.0, Sum:  0.0, Workers: 4
[192.806s][debug][gc,phases      ] GC(41)     Dead                           Min: 0, Avg:  0.0, Max: 0, Diff: 0, Sum: 0, Workers: 4
[192.806s][debug][gc,phases      ] GC(41)     Total                          Min: 0, Avg: 35.5, Max: 64, Diff: 64, Sum: 142, Workers: 4
[192.806s][debug][gc,phases      ] GC(41)   JVMTI Tag Weak OopStorage      Min:  0.0, Avg:  0.0, Max:  0.0, Diff:  0.0, Sum:  0.0, Workers: 4
[192.806s][debug][gc,phases      ] GC(41)     Dead                           Min: 0, Avg:  0.0, Max: 0, Diff: 0, Sum: 0, Workers: 4
[192.806s][debug][gc,phases      ] GC(41)     Total                          Min: 0, Avg:  0.0, Max: 0, Diff: 0, Sum: 0, Workers: 4
[192.806s][debug][gc,phases      ] GC(41)   StringTable Weak               Min:  0.1, Avg:  0.1, Max:  0.1, Diff:  0.0, Sum:  0.4, Workers: 4
[192.806s][debug][gc,phases      ] GC(41)     Dead                           Min: 0, Avg:  0.0, Max: 0, Diff: 0, Sum: 0, Workers: 4
[192.806s][debug][gc,phases      ] GC(41)     Total                          Min: 9728, Avg: 10571.0, Max: 10944, Diff: 1216, Sum: 42284, Workers: 4
[192.806s][debug][gc,phases      ] GC(41)   ResolvedMethodTable Weak       Min:  0.0, Avg:  0.0, Max:  0.0, Diff:  0.0, Sum:  0.1, Workers: 4
[192.806s][debug][gc,phases      ] GC(41)     Dead                           Min: 0, Avg:  0.0, Max: 0, Diff: 0, Sum: 0, Workers: 4
[192.806s][debug][gc,phases      ] GC(41)     Total                          Min: 1750, Avg: 2048.8, Max: 2298, Diff: 548, Sum: 8195, Workers: 4
[192.806s][debug][gc,phases      ] GC(41)   JNI Weak                       Min:  0.0, Avg:  0.0, Max:  0.0, Diff:  0.0, Sum:  0.0, Workers: 4
[192.806s][debug][gc,phases      ] GC(41)     Dead                           Min: 0, Avg:  0.0, Max: 0, Diff: 0, Sum: 0, Workers: 4
[192.806s][debug][gc,phases      ] GC(41)     Total                          Min: 0, Avg: 11.2, Max: 45, Diff: 45, Sum: 45, Workers: 4
[192.806s][debug][gc,phases      ] GC(41)   StringDedup Table Weak         Min:  0.0, Avg:  0.0, Max:  0.0, Diff:  0.0, Sum:  0.0, Workers: 4
[192.806s][debug][gc,phases      ] GC(41)     Dead                           Min: 0, Avg:  0.0, Max: 0, Diff: 0, Sum: 0, Workers: 4
[192.806s][debug][gc,phases      ] GC(41)     Total                          Min: 0, Avg:  0.0, Max: 0, Diff: 0, Sum: 0, Workers: 4
[192.806s][debug][gc,phases      ] GC(41)   StringDedup Requests0 Weak     Min:  0.0, Avg:  0.0, Max:  0.0, Diff:  0.0, Sum:  0.0, Workers: 4
[192.806s][debug][gc,phases      ] GC(41)     Dead                           Min: 0, Avg:  0.0, Max: 0, Diff: 0, Sum: 0, Workers: 4
[192.806s][debug][gc,phases      ] GC(41)     Total                          Min: 0, Avg:  0.0, Max: 0, Diff: 0, Sum: 0, Workers: 4
[192.806s][debug][gc,phases      ] GC(41)   StringDedup Requests1 Weak     Min:  0.0, Avg:  0.0, Max:  0.0, Diff:  0.0, Sum:  0.0, Workers: 4
[192.806s][debug][gc,phases      ] GC(41)     Dead                           Min: 0, Avg:  0.0, Max: 0, Diff: 0, Sum: 0, Workers: 4
[192.806s][debug][gc,phases      ] GC(41)     Total                          Min: 0, Avg:  0.0, Max: 0, Diff: 0, Sum: 0, Workers: 4
[192.806s][debug][gc,phases      ] GC(41)   Weak JFR Old Object Samples    Min:  0.0, Avg:  0.0, Max:  0.0, Diff:  0.0, Sum:  0.0, Workers: 4
[192.806s][debug][gc,phases      ] GC(41)     Dead                           Min: 0, Avg:  0.0, Max: 0, Diff: 0, Sum: 0, Workers: 4
[192.806s][debug][gc,phases      ] GC(41)     Total                          Min: 0, Avg:  0.0, Max: 0, Diff: 0, Sum: 0, Workers: 4
[192.806s][debug][gc,phases      ] GC(41) Weak Processing 0.333ms
[192.806s][debug][gc,age         ] GC(41) Desired survivor size 306708480 bytes, new threshold 15 (max threshold 15)
[192.806s][info ][gc,heap        ] GC(41) PSYoungGen: 1414496K(1736192K)->17248K(1797632K) Eden: 1397248K(1397248K)->0K(1478656K) From: 17248K(338944K)->17248K(318976K)
[192.806s][info ][gc,heap        ] GC(41) ParOldGen: 305489K(451584K)->305489K(451584K)
[192.806s][info ][gc,metaspace   ] GC(41) Metaspace: 76735K(77568K)->76735K(77568K) NonClass: 65711K(66176K)->65711K(66176K) Class: 11023K(11392K)->11023K(11392K)
[192.806s][info ][gc             ] GC(41) Pause Young (Allocation Failure) 1679M->315M(2196M) 11.620ms
[192.806s][info ][gc,cpu         ] GC(41) User=0.04s Sys=0.00s Real=0.01s
[192.806s][info ][safepoint      ] Safepoint "ParallelGCFailedAllocation", Time since last: 835151388 ns, Reaching safepoint: 39601 ns, At safepoint: 11697694 ns, Total: 11737295 ns
[195.807s][info ][safepoint      ] Safepoint "Cleanup", Time since last: 3000229558 ns, Reaching safepoint: 44702 ns, At safepoint: 4100 ns, Total: 48802 ns
[198.807s][info ][safepoint      ] Safepoint "Cleanup", Time since last: 3000242941 ns, Reaching safepoint: 49102 ns, At safepoint: 16401 ns, Total: 65503 ns
[200.037s][info ][gc,start       ] GC(42) Pause Young (Allocation Failure)
[200.048s][debug][gc,phases      ] GC(42) Scavenge 10.759ms
[200.048s][debug][gc,ref         ] GC(42) Skipped phase 1 of Reference Processing: no references
[200.048s][debug][gc,ref         ] GC(42) ReferenceProcessor::execute queues: 1, RefProcThreadModel::Single, marks_oops_alive: false
[200.048s][debug][gc,ref         ] GC(42) Skipped phase 3 of Reference Processing: no references
[200.048s][debug][gc,ref         ] GC(42) ReferenceProcessor::execute queues: 1, RefProcThreadModel::Single, marks_oops_alive: false
[200.048s][debug][gc,phases      ] GC(42) Reference Processing 0.123ms
[200.049s][debug][gc,phases      ] GC(42)   VM Weak                        Min:  0.0, Avg:  0.0, Max:  0.0, Diff:  0.0, Sum:  0.0, Workers: 4
[200.049s][debug][gc,phases      ] GC(42)     Dead                           Min: 0, Avg:  0.0, Max: 0, Diff: 0, Sum: 0, Workers: 4
[200.049s][debug][gc,phases      ] GC(42)     Total                          Min: 0, Avg: 167.2, Max: 413, Diff: 413, Sum: 669, Workers: 4
[200.049s][debug][gc,phases      ] GC(42)   ObjectSynchronizer Weak        Min:  0.0, Avg:  0.0, Max:  0.0, Diff:  0.0, Sum:  0.0, Workers: 4
[200.049s][debug][gc,phases      ] GC(42)     Dead                           Min: 0, Avg:  0.0, Max: 0, Diff: 0, Sum: 0, Workers: 4
[200.049s][debug][gc,phases      ] GC(42)     Total                          Min: 0, Avg: 35.5, Max: 78, Diff: 78, Sum: 142, Workers: 4
[200.049s][debug][gc,phases      ] GC(42)   JVMTI Tag Weak OopStorage      Min:  0.0, Avg:  0.0, Max:  0.0, Diff:  0.0, Sum:  0.0, Workers: 4
[200.049s][debug][gc,phases      ] GC(42)     Dead                           Min: 0, Avg:  0.0, Max: 0, Diff: 0, Sum: 0, Workers: 4
[200.049s][debug][gc,phases      ] GC(42)     Total                          Min: 0, Avg:  0.0, Max: 0, Diff: 0, Sum: 0, Workers: 4
[200.049s][debug][gc,phases      ] GC(42)   StringTable Weak               Min:  0.0, Avg:  0.1, Max:  0.2, Diff:  0.2, Sum:  0.5, Workers: 4
[200.049s][debug][gc,phases      ] GC(42)     Dead                           Min: 0, Avg:  0.0, Max: 0, Diff: 0, Sum: 0, Workers: 4
[200.049s][debug][gc,phases      ] GC(42)     Total                          Min: 0, Avg: 10573.0, Max: 15104, Diff: 15104, Sum: 42292, Workers: 4
[200.049s][debug][gc,phases      ] GC(42)   ResolvedMethodTable Weak       Min:  0.0, Avg:  0.0, Max:  0.0, Diff:  0.0, Sum:  0.1, Workers: 4
[200.049s][debug][gc,phases      ] GC(42)     Dead                           Min: 0, Avg:  0.0, Max: 0, Diff: 0, Sum: 0, Workers: 4
[200.049s][debug][gc,phases      ] GC(42)     Total                          Min: 0, Avg: 2048.8, Max: 2955, Diff: 2955, Sum: 8195, Workers: 4
[200.049s][debug][gc,phases      ] GC(42)   JNI Weak                       Min:  0.0, Avg:  0.0, Max:  0.0, Diff:  0.0, Sum:  0.0, Workers: 4
[200.049s][debug][gc,phases      ] GC(42)     Dead                           Min: 0, Avg:  0.0, Max: 0, Diff: 0, Sum: 0, Workers: 4
[200.049s][debug][gc,phases      ] GC(42)     Total                          Min: 0, Avg: 11.2, Max: 45, Diff: 45, Sum: 45, Workers: 4
[200.049s][debug][gc,phases      ] GC(42)   StringDedup Table Weak         Min:  0.0, Avg:  0.0, Max:  0.0, Diff:  0.0, Sum:  0.0, Workers: 4
[200.049s][debug][gc,phases      ] GC(42)     Dead                           Min: 0, Avg:  0.0, Max: 0, Diff: 0, Sum: 0, Workers: 4
[200.049s][debug][gc,phases      ] GC(42)     Total                          Min: 0, Avg:  0.0, Max: 0, Diff: 0, Sum: 0, Workers: 4
[200.049s][debug][gc,phases      ] GC(42)   StringDedup Requests0 Weak     Min:  0.0, Avg:  0.0, Max:  0.0, Diff:  0.0, Sum:  0.0, Workers: 4
[200.049s][debug][gc,phases      ] GC(42)     Dead                           Min: 0, Avg:  0.0, Max: 0, Diff: 0, Sum: 0, Workers: 4
[200.049s][debug][gc,phases      ] GC(42)     Total                          Min: 0, Avg:  0.0, Max: 0, Diff: 0, Sum: 0, Workers: 4
[200.049s][debug][gc,phases      ] GC(42)   StringDedup Requests1 Weak     Min:  0.0, Avg:  0.0, Max:  0.0, Diff:  0.0, Sum:  0.0, Workers: 4
[200.049s][debug][gc,phases      ] GC(42)     Dead                           Min: 0, Avg:  0.0, Max: 0, Diff: 0, Sum: 0, Workers: 4
[200.049s][debug][gc,phases      ] GC(42)     Total                          Min: 0, Avg:  0.0, Max: 0, Diff: 0, Sum: 0, Workers: 4
[200.049s][debug][gc,phases      ] GC(42)   Weak JFR Old Object Samples    Min:  0.0, Avg:  0.0, Max:  0.0, Diff:  0.0, Sum:  0.0, Workers: 4
[200.049s][debug][gc,phases      ] GC(42)     Dead                           Min: 0, Avg:  0.0, Max: 0, Diff: 0, Sum: 0, Workers: 4
[200.049s][debug][gc,phases      ] GC(42)     Total                          Min: 0, Avg:  0.0, Max: 0, Diff: 0, Sum: 0, Workers: 4
[200.049s][debug][gc,phases      ] GC(42) Weak Processing 0.432ms
[200.049s][debug][gc,age         ] GC(42) Desired survivor size 287834112 bytes, new threshold 15 (max threshold 15)
[200.049s][info ][gc,heap        ] GC(42) PSYoungGen: 1495904K(1797632K)->17264K(1778176K) Eden: 1478656K(1478656K)->0K(1478656K) From: 17248K(318976K)->17264K(299520K)
[200.049s][info ][gc,heap        ] GC(42) ParOldGen: 305489K(451584K)->305497K(451584K)
[200.049s][info ][gc,metaspace   ] GC(42) Metaspace: 76737K(77568K)->76737K(77568K) NonClass: 65713K(66176K)->65713K(66176K) Class: 11023K(11392K)->11023K(11392K)
[200.049s][info ][gc             ] GC(42) Pause Young (Allocation Failure) 1759M->315M(2177M) 11.454ms
[200.049s][info ][gc,cpu         ] GC(42) User=0.03s Sys=0.00s Real=0.01s
[200.049s][info ][safepoint      ] Safepoint "ParallelGCFailedAllocation", Time since last: 1230269857 ns, Reaching safepoint: 117804 ns, At safepoint: 11535888 ns, Total: 11653692 ns
[207.285s][info ][gc,start       ] GC(43) Pause Young (Allocation Failure)
[207.295s][debug][gc,phases      ] GC(43) Scavenge 10.665ms
[207.295s][debug][gc,ref         ] GC(43) Skipped phase 1 of Reference Processing: no references
[207.296s][debug][gc,ref         ] GC(43) ReferenceProcessor::execute queues: 1, RefProcThreadModel::Single, marks_oops_alive: false
[207.296s][debug][gc,ref         ] GC(43) Skipped phase 3 of Reference Processing: no references
[207.296s][debug][gc,ref         ] GC(43) ReferenceProcessor::execute queues: 1, RefProcThreadModel::Single, marks_oops_alive: false
[207.296s][debug][gc,phases      ] GC(43) Reference Processing 0.122ms
[207.296s][debug][gc,phases      ] GC(43)   VM Weak                        Min:  0.0, Avg:  0.0, Max:  0.0, Diff:  0.0, Sum:  0.0, Workers: 4
[207.296s][debug][gc,phases      ] GC(43)     Dead                           Min: 0, Avg:  0.0, Max: 0, Diff: 0, Sum: 0, Workers: 4
[207.296s][debug][gc,phases      ] GC(43)     Total                          Min: 0, Avg: 167.2, Max: 349, Diff: 349, Sum: 669, Workers: 4
[207.296s][debug][gc,phases      ] GC(43)   ObjectSynchronizer Weak        Min:  0.0, Avg:  0.0, Max:  0.0, Diff:  0.0, Sum:  0.0, Workers: 4
[207.296s][debug][gc,phases      ] GC(43)     Dead                           Min: 0, Avg:  0.0, Max: 0, Diff: 0, Sum: 0, Workers: 4
[207.296s][debug][gc,phases      ] GC(43)     Total                          Min: 0, Avg: 35.5, Max: 64, Diff: 64, Sum: 142, Workers: 4
[207.296s][debug][gc,phases      ] GC(43)   JVMTI Tag Weak OopStorage      Min:  0.0, Avg:  0.0, Max:  0.0, Diff:  0.0, Sum:  0.0, Workers: 4
[207.296s][debug][gc,phases      ] GC(43)     Dead                           Min: 0, Avg:  0.0, Max: 0, Diff: 0, Sum: 0, Workers: 4
[207.296s][debug][gc,phases      ] GC(43)     Total                          Min: 0, Avg:  0.0, Max: 0, Diff: 0, Sum: 0, Workers: 4
[207.296s][debug][gc,phases      ] GC(43)   StringTable Weak               Min:  0.0, Avg:  0.1, Max:  0.1, Diff:  0.1, Sum:  0.4, Workers: 4
[207.296s][debug][gc,phases      ] GC(43)     Dead                           Min: 0, Avg:  0.0, Max: 0, Diff: 0, Sum: 0, Workers: 4
[207.296s][debug][gc,phases      ] GC(43)     Total                          Min: 0, Avg: 10573.0, Max: 14644, Diff: 14644, Sum: 42292, Workers: 4
[207.296s][debug][gc,phases      ] GC(43)   ResolvedMethodTable Weak       Min:  0.0, Avg:  0.0, Max:  0.0, Diff:  0.0, Sum:  0.1, Workers: 4
[207.296s][debug][gc,phases      ] GC(43)     Dead                           Min: 0, Avg:  0.0, Max: 0, Diff: 0, Sum: 0, Workers: 4
[207.296s][debug][gc,phases      ] GC(43)     Total                          Min: 0, Avg: 2048.8, Max: 3009, Diff: 3009, Sum: 8195, Workers: 4
[207.296s][debug][gc,phases      ] GC(43)   JNI Weak                       Min:  0.0, Avg:  0.0, Max:  0.0, Diff:  0.0, Sum:  0.0, Workers: 4
[207.296s][debug][gc,phases      ] GC(43)     Dead                           Min: 0, Avg:  0.0, Max: 0, Diff: 0, Sum: 0, Workers: 4
[207.296s][debug][gc,phases      ] GC(43)     Total                          Min: 0, Avg: 11.2, Max: 45, Diff: 45, Sum: 45, Workers: 4
[207.296s][debug][gc,phases      ] GC(43)   StringDedup Table Weak         Min:  0.0, Avg:  0.0, Max:  0.0, Diff:  0.0, Sum:  0.0, Workers: 4
[207.296s][debug][gc,phases      ] GC(43)     Dead                           Min: 0, Avg:  0.0, Max: 0, Diff: 0, Sum: 0, Workers: 4
[207.296s][debug][gc,phases      ] GC(43)     Total                          Min: 0, Avg:  0.0, Max: 0, Diff: 0, Sum: 0, Workers: 4
[207.296s][debug][gc,phases      ] GC(43)   StringDedup Requests0 Weak     Min:  0.0, Avg:  0.0, Max:  0.0, Diff:  0.0, Sum:  0.0, Workers: 4
[207.296s][debug][gc,phases      ] GC(43)     Dead                           Min: 0, Avg:  0.0, Max: 0, Diff: 0, Sum: 0, Workers: 4
[207.296s][debug][gc,phases      ] GC(43)     Total                          Min: 0, Avg:  0.0, Max: 0, Diff: 0, Sum: 0, Workers: 4
[207.296s][debug][gc,phases      ] GC(43)   StringDedup Requests1 Weak     Min:  0.0, Avg:  0.0, Max:  0.0, Diff:  0.0, Sum:  0.0, Workers: 4
[207.296s][debug][gc,phases      ] GC(43)     Dead                           Min: 0, Avg:  0.0, Max: 0, Diff: 0, Sum: 0, Workers: 4
[207.296s][debug][gc,phases      ] GC(43)     Total                          Min: 0, Avg:  0.0, Max: 0, Diff: 0, Sum: 0, Workers: 4
[207.296s][debug][gc,phases      ] GC(43)   Weak JFR Old Object Samples    Min:  0.0, Avg:  0.0, Max:  0.0, Diff:  0.0, Sum:  0.0, Workers: 4
[207.296s][debug][gc,phases      ] GC(43)     Dead                           Min: 0, Avg:  0.0, Max: 0, Diff: 0, Sum: 0, Workers: 4
[207.296s][debug][gc,phases      ] GC(43)     Total                          Min: 0, Avg:  0.0, Max: 0, Diff: 0, Sum: 0, Workers: 4
[207.296s][debug][gc,phases      ] GC(43) Weak Processing 0.391ms
[207.296s][debug][gc,age         ] GC(43) Desired survivor size 270008320 bytes, new threshold 15 (max threshold 15)
[207.296s][info ][gc,heap        ] GC(43) PSYoungGen: 1495920K(1778176K)->17312K(1833472K) Eden: 1478656K(1478656K)->0K(1552384K) From: 17264K(299520K)->17312K(281088K)
[207.296s][info ][gc,heap        ] GC(43) ParOldGen: 305497K(451584K)->305505K(451584K)
[207.296s][info ][gc,metaspace   ] GC(43) Metaspace: 76738K(77568K)->76738K(77568K) NonClass: 65715K(66176K)->65715K(66176K) Class: 11023K(11392K)->11023K(11392K)
[207.296s][info ][gc             ] GC(43) Pause Young (Allocation Failure) 1759M->315M(2231M) 11.319ms
[207.296s][info ][gc,cpu         ] GC(43) User=0.04s Sys=0.00s Real=0.01s
[207.296s][info ][safepoint      ] Safepoint "ParallelGCFailedAllocation", Time since last: 7235889607 ns, Reaching safepoint: 35001 ns, At safepoint: 11400385 ns, Total: 11435386 ns
[208.296s][info ][safepoint      ] Safepoint "Cleanup", Time since last: 1000095376 ns, Reaching safepoint: 62402 ns, At safepoint: 7501 ns, Total: 69903 ns
[211.297s][info ][safepoint      ] Safepoint "Cleanup", Time since last: 3000307682 ns, Reaching safepoint: 47602 ns, At safepoint: 4000 ns, Total: 51602 ns
[213.297s][info ][safepoint      ] Safepoint "Cleanup", Time since last: 2000201132 ns, Reaching safepoint: 46402 ns, At safepoint: 2500 ns, Total: 48902 ns
[214.936s][info ][gc,start       ] GC(44) Pause Young (Allocation Failure)
[214.947s][debug][gc,phases      ] GC(44) Scavenge 11.880ms
[214.948s][debug][gc,ref         ] GC(44) Skipped phase 1 of Reference Processing: no references
[214.948s][debug][gc,ref         ] GC(44) ReferenceProcessor::execute queues: 1, RefProcThreadModel::Single, marks_oops_alive: false
[214.948s][debug][gc,ref         ] GC(44) Skipped phase 3 of Reference Processing: no references
[214.948s][debug][gc,ref         ] GC(44) ReferenceProcessor::execute queues: 1, RefProcThreadModel::Single, marks_oops_alive: false
[214.948s][debug][gc,phases      ] GC(44) Reference Processing 0.183ms
[214.948s][debug][gc,phases      ] GC(44)   VM Weak                        Min:  0.0, Avg:  0.0, Max:  0.0, Diff:  0.0, Sum:  0.0, Workers: 4
[214.948s][debug][gc,phases      ] GC(44)     Dead                           Min: 0, Avg:  0.0, Max: 0, Diff: 0, Sum: 0, Workers: 4
[214.948s][debug][gc,phases      ] GC(44)     Total                          Min: 0, Avg: 167.2, Max: 320, Diff: 320, Sum: 669, Workers: 4
[214.948s][debug][gc,phases      ] GC(44)   ObjectSynchronizer Weak        Min:  0.0, Avg:  0.0, Max:  0.0, Diff:  0.0, Sum:  0.0, Workers: 4
[214.948s][debug][gc,phases      ] GC(44)     Dead                           Min: 0, Avg:  0.0, Max: 0, Diff: 0, Sum: 0, Workers: 4
[214.948s][debug][gc,phases      ] GC(44)     Total                          Min: 0, Avg: 35.5, Max: 64, Diff: 64, Sum: 142, Workers: 4
[214.948s][debug][gc,phases      ] GC(44)   JVMTI Tag Weak OopStorage      Min:  0.0, Avg:  0.0, Max:  0.0, Diff:  0.0, Sum:  0.0, Workers: 4
[214.948s][debug][gc,phases      ] GC(44)     Dead                           Min: 0, Avg:  0.0, Max: 0, Diff: 0, Sum: 0, Workers: 4
[214.948s][debug][gc,phases      ] GC(44)     Total                          Min: 0, Avg:  0.0, Max: 0, Diff: 0, Sum: 0, Workers: 4
[214.948s][debug][gc,phases      ] GC(44)   StringTable Weak               Min:  0.0, Avg:  0.1, Max:  0.2, Diff:  0.2, Sum:  0.5, Workers: 4
[214.948s][debug][gc,phases      ] GC(44)     Dead                           Min: 0, Avg:  0.0, Max: 0, Diff: 0, Sum: 0, Workers: 4
[214.948s][debug][gc,phases      ] GC(44)     Total                          Min: 0, Avg: 10573.5, Max: 15616, Diff: 15616, Sum: 42294, Workers: 4
[214.948s][debug][gc,phases      ] GC(44)   ResolvedMethodTable Weak       Min:  0.0, Avg:  0.0, Max:  0.0, Diff:  0.0, Sum:  0.1, Workers: 4
[214.948s][debug][gc,phases      ] GC(44)     Dead                           Min: 0, Avg:  0.0, Max: 0, Diff: 0, Sum: 0, Workers: 4
[214.948s][debug][gc,phases      ] GC(44)     Total                          Min: 0, Avg: 2048.8, Max: 3003, Diff: 3003, Sum: 8195, Workers: 4
[214.948s][debug][gc,phases      ] GC(44)   JNI Weak                       Min:  0.0, Avg:  0.0, Max:  0.0, Diff:  0.0, Sum:  0.0, Workers: 4
[214.948s][debug][gc,phases      ] GC(44)     Dead                           Min: 0, Avg:  0.0, Max: 0, Diff: 0, Sum: 0, Workers: 4
[214.948s][debug][gc,phases      ] GC(44)     Total                          Min: 0, Avg: 11.2, Max: 45, Diff: 45, Sum: 45, Workers: 4
[214.948s][debug][gc,phases      ] GC(44)   StringDedup Table Weak         Min:  0.0, Avg:  0.0, Max:  0.0, Diff:  0.0, Sum:  0.0, Workers: 4
[214.948s][debug][gc,phases      ] GC(44)     Dead                           Min: 0, Avg:  0.0, Max: 0, Diff: 0, Sum: 0, Workers: 4
[214.948s][debug][gc,phases      ] GC(44)     Total                          Min: 0, Avg:  0.0, Max: 0, Diff: 0, Sum: 0, Workers: 4
[214.948s][debug][gc,phases      ] GC(44)   StringDedup Requests0 Weak     Min:  0.0, Avg:  0.0, Max:  0.0, Diff:  0.0, Sum:  0.0, Workers: 4
[214.948s][debug][gc,phases      ] GC(44)     Dead                           Min: 0, Avg:  0.0, Max: 0, Diff: 0, Sum: 0, Workers: 4
[214.948s][debug][gc,phases      ] GC(44)     Total                          Min: 0, Avg:  0.0, Max: 0, Diff: 0, Sum: 0, Workers: 4
[214.948s][debug][gc,phases      ] GC(44)   StringDedup Requests1 Weak     Min:  0.0, Avg:  0.0, Max:  0.0, Diff:  0.0, Sum:  0.0, Workers: 4
[214.948s][debug][gc,phases      ] GC(44)     Dead                           Min: 0, Avg:  0.0, Max: 0, Diff: 0, Sum: 0, Workers: 4
[214.948s][debug][gc,phases      ] GC(44)     Total                          Min: 0, Avg:  0.0, Max: 0, Diff: 0, Sum: 0, Workers: 4
[214.948s][debug][gc,phases      ] GC(44)   Weak JFR Old Object Samples    Min:  0.0, Avg:  0.0, Max:  0.0, Diff:  0.0, Sum:  0.0, Workers: 4
[214.948s][debug][gc,phases      ] GC(44)     Dead                           Min: 0, Avg:  0.0, Max: 0, Diff: 0, Sum: 0, Workers: 4
[214.948s][debug][gc,phases      ] GC(44)     Total                          Min: 0, Avg:  0.0, Max: 0, Diff: 0, Sum: 0, Workers: 4
[214.948s][debug][gc,phases      ] GC(44) Weak Processing 0.501ms
[214.948s][debug][gc,age         ] GC(44) Desired survivor size 252706816 bytes, new threshold 15 (max threshold 15)
[214.948s][info ][gc,heap        ] GC(44) PSYoungGen: 1569696K(1833472K)->17280K(1816064K) Eden: 1552384K(1552384K)->0K(1552384K) From: 17312K(281088K)->17280K(263680K)
[214.948s][info ][gc,heap        ] GC(44) ParOldGen: 305505K(451584K)->305569K(451584K)
[214.948s][info ][gc,metaspace   ] GC(44) Metaspace: 76739K(77568K)->76739K(77568K) NonClass: 65716K(66176K)->65716K(66176K) Class: 11023K(11392K)->11023K(11392K)
[214.948s][info ][gc             ] GC(44) Pause Young (Allocation Failure) 1831M->315M(2214M) 12.779ms
[214.948s][info ][gc,cpu         ] GC(44) User=0.03s Sys=0.01s Real=0.01s
[214.948s][info ][safepoint      ] Safepoint "ParallelGCFailedAllocation", Time since last: 1638570531 ns, Reaching safepoint: 54202 ns, At safepoint: 12862435 ns, Total: 12916637 ns
[222.587s][info ][gc,start       ] GC(45) Pause Young (Allocation Failure)
[222.596s][debug][gc,phases      ] GC(45) Scavenge 8.845ms
[222.596s][debug][gc,ref         ] GC(45) Skipped phase 1 of Reference Processing: no references
[222.596s][debug][gc,ref         ] GC(45) ReferenceProcessor::execute queues: 1, RefProcThreadModel::Single, marks_oops_alive: false
[222.597s][debug][gc,ref         ] GC(45) Skipped phase 3 of Reference Processing: no references
[222.597s][debug][gc,ref         ] GC(45) ReferenceProcessor::execute queues: 1, RefProcThreadModel::Single, marks_oops_alive: false
[222.597s][debug][gc,phases      ] GC(45) Reference Processing 0.137ms
[222.597s][debug][gc,phases      ] GC(45)   VM Weak                        Min:  0.0, Avg:  0.0, Max:  0.0, Diff:  0.0, Sum:  0.0, Workers: 4
[222.597s][debug][gc,phases      ] GC(45)     Dead                           Min: 0, Avg:  0.0, Max: 0, Diff: 0, Sum: 0, Workers: 4
[222.597s][debug][gc,phases      ] GC(45)     Total                          Min: 0, Avg: 167.2, Max: 512, Diff: 512, Sum: 669, Workers: 4
[222.597s][debug][gc,phases      ] GC(45)   ObjectSynchronizer Weak        Min:  0.0, Avg:  0.0, Max:  0.0, Diff:  0.0, Sum:  0.0, Workers: 4
[222.597s][debug][gc,phases      ] GC(45)     Dead                           Min: 0, Avg:  0.0, Max: 0, Diff: 0, Sum: 0, Workers: 4
[222.597s][debug][gc,phases      ] GC(45)     Total                          Min: 0, Avg: 35.5, Max: 128, Diff: 128, Sum: 142, Workers: 4
[222.597s][debug][gc,phases      ] GC(45)   JVMTI Tag Weak OopStorage      Min:  0.0, Avg:  0.0, Max:  0.0, Diff:  0.0, Sum:  0.0, Workers: 4
[222.597s][debug][gc,phases      ] GC(45)     Dead                           Min: 0, Avg:  0.0, Max: 0, Diff: 0, Sum: 0, Workers: 4
[222.597s][debug][gc,phases      ] GC(45)     Total                          Min: 0, Avg:  0.0, Max: 0, Diff: 0, Sum: 0, Workers: 4
[222.597s][debug][gc,phases      ] GC(45)   StringTable Weak               Min:  0.0, Avg:  0.1, Max:  0.2, Diff:  0.2, Sum:  0.4, Workers: 4
[222.597s][debug][gc,phases      ] GC(45)     Dead                           Min: 0, Avg:  0.0, Max: 0, Diff: 0, Sum: 0, Workers: 4
[222.597s][debug][gc,phases      ] GC(45)     Total                          Min: 0, Avg: 10573.5, Max: 22006, Diff: 22006, Sum: 42294, Workers: 4
[222.597s][debug][gc,phases      ] GC(45)   ResolvedMethodTable Weak       Min:  0.0, Avg:  0.0, Max:  0.0, Diff:  0.0, Sum:  0.1, Workers: 4
[222.597s][debug][gc,phases      ] GC(45)     Dead                           Min: 0, Avg:  0.0, Max: 0, Diff: 0, Sum: 0, Workers: 4
[222.597s][debug][gc,phases      ] GC(45)     Total                          Min: 0, Avg: 2048.8, Max: 4379, Diff: 4379, Sum: 8195, Workers: 4
[222.597s][debug][gc,phases      ] GC(45)   JNI Weak                       Min:  0.0, Avg:  0.0, Max:  0.0, Diff:  0.0, Sum:  0.0, Workers: 4
[222.597s][debug][gc,phases      ] GC(45)     Dead                           Min: 0, Avg:  0.0, Max: 0, Diff: 0, Sum: 0, Workers: 4
[222.597s][debug][gc,phases      ] GC(45)     Total                          Min: 0, Avg: 11.2, Max: 45, Diff: 45, Sum: 45, Workers: 4
[222.597s][debug][gc,phases      ] GC(45)   StringDedup Table Weak         Min:  0.0, Avg:  0.0, Max:  0.0, Diff:  0.0, Sum:  0.0, Workers: 4
[222.597s][debug][gc,phases      ] GC(45)     Dead                           Min: 0, Avg:  0.0, Max: 0, Diff: 0, Sum: 0, Workers: 4
[222.597s][debug][gc,phases      ] GC(45)     Total                          Min: 0, Avg:  0.0, Max: 0, Diff: 0, Sum: 0, Workers: 4
[222.597s][debug][gc,phases      ] GC(45)   StringDedup Requests0 Weak     Min:  0.0, Avg:  0.0, Max:  0.0, Diff:  0.0, Sum:  0.0, Workers: 4
[222.597s][debug][gc,phases      ] GC(45)     Dead                           Min: 0, Avg:  0.0, Max: 0, Diff: 0, Sum: 0, Workers: 4
[222.597s][debug][gc,phases      ] GC(45)     Total                          Min: 0, Avg:  0.0, Max: 0, Diff: 0, Sum: 0, Workers: 4
[222.597s][debug][gc,phases      ] GC(45)   StringDedup Requests1 Weak     Min:  0.0, Avg:  0.0, Max:  0.0, Diff:  0.0, Sum:  0.0, Workers: 4
[222.597s][debug][gc,phases      ] GC(45)     Dead                           Min: 0, Avg:  0.0, Max: 0, Diff: 0, Sum: 0, Workers: 4
[222.597s][debug][gc,phases      ] GC(45)     Total                          Min: 0, Avg:  0.0, Max: 0, Diff: 0, Sum: 0, Workers: 4
[222.597s][debug][gc,phases      ] GC(45)   Weak JFR Old Object Samples    Min:  0.0, Avg:  0.0, Max:  0.0, Diff:  0.0, Sum:  0.0, Workers: 4
[222.597s][debug][gc,phases      ] GC(45)     Dead                           Min: 0, Avg:  0.0, Max: 0, Diff: 0, Sum: 0, Workers: 4
[222.597s][debug][gc,phases      ] GC(45)     Total                          Min: 0, Avg:  0.0, Max: 0, Diff: 0, Sum: 0, Workers: 4
[222.597s][debug][gc,phases      ] GC(45) Weak Processing 0.494ms
[222.597s][debug][gc,age         ] GC(45) Desired survivor size 236453888 bytes, new threshold 15 (max threshold 15)
[222.597s][info ][gc,heap        ] GC(45) PSYoungGen: 1569664K(1816064K)->17248K(1866240K) Eden: 1552384K(1552384K)->0K(1619456K) From: 17280K(263680K)->17248K(246784K)
[222.597s][info ][gc,heap        ] GC(45) ParOldGen: 305569K(451584K)->305577K(451584K)
[222.597s][info ][gc,metaspace   ] GC(45) Metaspace: 76739K(77568K)->76739K(77568K) NonClass: 65716K(66176K)->65716K(66176K) Class: 11023K(11392K)->11023K(11392K)
[222.597s][info ][gc             ] GC(45) Pause Young (Allocation Failure) 1831M->315M(2263M) 9.625ms
[222.597s][info ][gc,cpu         ] GC(45) User=0.04s Sys=0.00s Real=0.01s
[222.597s][info ][safepoint      ] Safepoint "ParallelGCFailedAllocation", Time since last: 7639021334 ns, Reaching safepoint: 35701 ns, At safepoint: 9703329 ns, Total: 9739030 ns
[223.597s][info ][safepoint      ] Safepoint "Cleanup", Time since last: 1000090911 ns, Reaching safepoint: 65702 ns, At safepoint: 4800 ns, Total: 70502 ns
[224.597s][info ][safepoint      ] Safepoint "Cleanup", Time since last: 1000151222 ns, Reaching safepoint: 62502 ns, At safepoint: 2800 ns, Total: 65302 ns
[228.598s][info ][safepoint      ] Safepoint "Cleanup", Time since last: 4000343165 ns, Reaching safepoint: 50401 ns, At safepoint: 10401 ns, Total: 60802 ns
[230.531s][info ][gc,start       ] GC(46) Pause Young (Allocation Failure)
[230.540s][debug][gc,phases      ] GC(46) Scavenge 8.661ms
[230.540s][debug][gc,ref         ] GC(46) Skipped phase 1 of Reference Processing: no references
[230.540s][debug][gc,ref         ] GC(46) ReferenceProcessor::execute queues: 1, RefProcThreadModel::Single, marks_oops_alive: false
[230.540s][debug][gc,ref         ] GC(46) Skipped phase 3 of Reference Processing: no references
[230.540s][debug][gc,ref         ] GC(46) ReferenceProcessor::execute queues: 1, RefProcThreadModel::Single, marks_oops_alive: false
[230.540s][debug][gc,phases      ] GC(46) Reference Processing 0.147ms
[230.541s][debug][gc,phases      ] GC(46)   VM Weak                        Min:  0.0, Avg:  0.0, Max:  0.0, Diff:  0.0, Sum:  0.0, Workers: 4
[230.541s][debug][gc,phases      ] GC(46)     Dead                           Min: 0, Avg:  0.0, Max: 0, Diff: 0, Sum: 0, Workers: 4
[230.541s][debug][gc,phases      ] GC(46)     Total                          Min: 0, Avg: 167.2, Max: 669, Diff: 669, Sum: 669, Workers: 4
[230.541s][debug][gc,phases      ] GC(46)   ObjectSynchronizer Weak        Min:  0.0, Avg:  0.0, Max:  0.0, Diff:  0.0, Sum:  0.0, Workers: 4
[230.541s][debug][gc,phases      ] GC(46)     Dead                           Min: 0, Avg:  0.0, Max: 0, Diff: 0, Sum: 0, Workers: 4
[230.541s][debug][gc,phases      ] GC(46)     Total                          Min: 0, Avg: 35.5, Max: 128, Diff: 128, Sum: 142, Workers: 4
[230.541s][debug][gc,phases      ] GC(46)   JVMTI Tag Weak OopStorage      Min:  0.0, Avg:  0.0, Max:  0.0, Diff:  0.0, Sum:  0.0, Workers: 4
[230.541s][debug][gc,phases      ] GC(46)     Dead                           Min: 0, Avg:  0.0, Max: 0, Diff: 0, Sum: 0, Workers: 4
[230.541s][debug][gc,phases      ] GC(46)     Total                          Min: 0, Avg:  0.0, Max: 0, Diff: 0, Sum: 0, Workers: 4
[230.541s][debug][gc,phases      ] GC(46)   StringTable Weak               Min:  0.1, Avg:  0.1, Max:  0.1, Diff:  0.0, Sum:  0.4, Workers: 4
[230.541s][debug][gc,phases      ] GC(46)     Dead                           Min: 0, Avg:  0.0, Max: 0, Diff: 0, Sum: 0, Workers: 4
[230.541s][debug][gc,phases      ] GC(46)     Total                          Min: 9536, Avg: 10573.5, Max: 11318, Diff: 1782, Sum: 42294, Workers: 4
[230.541s][debug][gc,phases      ] GC(46)   ResolvedMethodTable Weak       Min:  0.0, Avg:  0.0, Max:  0.0, Diff:  0.0, Sum:  0.1, Workers: 4
[230.541s][debug][gc,phases      ] GC(46)     Dead                           Min: 0, Avg:  0.0, Max: 0, Diff: 0, Sum: 0, Workers: 4
[230.541s][debug][gc,phases      ] GC(46)     Total                          Min: 1673, Avg: 2048.8, Max: 2348, Diff: 675, Sum: 8195, Workers: 4
[230.541s][debug][gc,phases      ] GC(46)   JNI Weak                       Min:  0.0, Avg:  0.0, Max:  0.0, Diff:  0.0, Sum:  0.0, Workers: 4
[230.541s][debug][gc,phases      ] GC(46)     Dead                           Min: 0, Avg:  0.0, Max: 0, Diff: 0, Sum: 0, Workers: 4
[230.541s][debug][gc,phases      ] GC(46)     Total                          Min: 0, Avg: 11.2, Max: 45, Diff: 45, Sum: 45, Workers: 4
[230.541s][debug][gc,phases      ] GC(46)   StringDedup Table Weak         Min:  0.0, Avg:  0.0, Max:  0.0, Diff:  0.0, Sum:  0.0, Workers: 4
[230.541s][debug][gc,phases      ] GC(46)     Dead                           Min: 0, Avg:  0.0, Max: 0, Diff: 0, Sum: 0, Workers: 4
[230.541s][debug][gc,phases      ] GC(46)     Total                          Min: 0, Avg:  0.0, Max: 0, Diff: 0, Sum: 0, Workers: 4
[230.541s][debug][gc,phases      ] GC(46)   StringDedup Requests0 Weak     Min:  0.0, Avg:  0.0, Max:  0.0, Diff:  0.0, Sum:  0.0, Workers: 4
[230.541s][debug][gc,phases      ] GC(46)     Dead                           Min: 0, Avg:  0.0, Max: 0, Diff: 0, Sum: 0, Workers: 4
[230.541s][debug][gc,phases      ] GC(46)     Total                          Min: 0, Avg:  0.0, Max: 0, Diff: 0, Sum: 0, Workers: 4
[230.541s][debug][gc,phases      ] GC(46)   StringDedup Requests1 Weak     Min:  0.0, Avg:  0.0, Max:  0.0, Diff:  0.0, Sum:  0.0, Workers: 4
[230.541s][debug][gc,phases      ] GC(46)     Dead                           Min: 0, Avg:  0.0, Max: 0, Diff: 0, Sum: 0, Workers: 4
[230.541s][debug][gc,phases      ] GC(46)     Total                          Min: 0, Avg:  0.0, Max: 0, Diff: 0, Sum: 0, Workers: 4
[230.541s][debug][gc,phases      ] GC(46)   Weak JFR Old Object Samples    Min:  0.0, Avg:  0.0, Max:  0.0, Diff:  0.0, Sum:  0.0, Workers: 4
[230.541s][debug][gc,phases      ] GC(46)     Dead                           Min: 0, Avg:  0.0, Max: 0, Diff: 0, Sum: 0, Workers: 4
[230.541s][debug][gc,phases      ] GC(46)     Total                          Min: 0, Avg:  0.0, Max: 0, Diff: 0, Sum: 0, Workers: 4
[230.541s][debug][gc,phases      ] GC(46) Weak Processing 0.324ms
[230.541s][debug][gc,age         ] GC(46) Desired survivor size 221249536 bytes, new threshold 15 (max threshold 15)
[230.541s][info ][gc,heap        ] GC(46) PSYoungGen: 1636704K(1866240K)->17232K(1850368K) Eden: 1619456K(1619456K)->0K(1619456K) From: 17248K(246784K)->17232K(230912K)
[230.541s][info ][gc,heap        ] GC(46) ParOldGen: 305577K(451584K)->305577K(451584K)
[230.541s][info ][gc,metaspace   ] GC(46) Metaspace: 76740K(77568K)->76740K(77568K) NonClass: 65716K(66176K)->65716K(66176K) Class: 11023K(11392K)->11023K(11392K)
[230.541s][info ][gc             ] GC(46) Pause Young (Allocation Failure) 1896M->315M(2248M) 9.269ms
[230.541s][info ][gc,cpu         ] GC(46) User=0.04s Sys=0.00s Real=0.00s
[230.541s][info ][safepoint      ] Safepoint "ParallelGCFailedAllocation", Time since last: 1933518069 ns, Reaching safepoint: 33202 ns, At safepoint: 9346617 ns, Total: 9379819 ns
[234.541s][info ][safepoint      ] Safepoint "Cleanup", Time since last: 4000330168 ns, Reaching safepoint: 172506 ns, At safepoint: 7501 ns, Total: 180007 ns
[237.542s][info ][safepoint      ] Safepoint "Cleanup", Time since last: 3000254666 ns, Reaching safepoint: 132804 ns, At safepoint: 5800 ns, Total: 138604 ns
[238.490s][info ][gc,start       ] GC(47) Pause Young (Allocation Failure)
[238.499s][debug][gc,phases      ] GC(47) Scavenge 8.682ms
[238.499s][debug][gc,ref         ] GC(47) Skipped phase 1 of Reference Processing: no references
[238.499s][debug][gc,ref         ] GC(47) ReferenceProcessor::execute queues: 1, RefProcThreadModel::Single, marks_oops_alive: false
[238.499s][debug][gc,ref         ] GC(47) Skipped phase 3 of Reference Processing: no references
[238.499s][debug][gc,ref         ] GC(47) ReferenceProcessor::execute queues: 1, RefProcThreadModel::Single, marks_oops_alive: false
[238.499s][debug][gc,phases      ] GC(47) Reference Processing 0.125ms
[238.499s][debug][gc,phases      ] GC(47)   VM Weak                        Min:  0.0, Avg:  0.0, Max:  0.0, Diff:  0.0, Sum:  0.0, Workers: 4
[238.499s][debug][gc,phases      ] GC(47)     Dead                           Min: 0, Avg:  0.0, Max: 0, Diff: 0, Sum: 0, Workers: 4
[238.499s][debug][gc,phases      ] GC(47)     Total                          Min: 0, Avg: 167.2, Max: 384, Diff: 384, Sum: 669, Workers: 4
[238.499s][debug][gc,phases      ] GC(47)   ObjectSynchronizer Weak        Min:  0.0, Avg:  0.0, Max:  0.0, Diff:  0.0, Sum:  0.0, Workers: 4
[238.499s][debug][gc,phases      ] GC(47)     Dead                           Min: 0, Avg:  0.0, Max: 0, Diff: 0, Sum: 0, Workers: 4
[238.499s][debug][gc,phases      ] GC(47)     Total                          Min: 0, Avg: 35.5, Max: 64, Diff: 64, Sum: 142, Workers: 4
[238.499s][debug][gc,phases      ] GC(47)   JVMTI Tag Weak OopStorage      Min:  0.0, Avg:  0.0, Max:  0.0, Diff:  0.0, Sum:  0.0, Workers: 4
[238.499s][debug][gc,phases      ] GC(47)     Dead                           Min: 0, Avg:  0.0, Max: 0, Diff: 0, Sum: 0, Workers: 4
[238.499s][debug][gc,phases      ] GC(47)     Total                          Min: 0, Avg:  0.0, Max: 0, Diff: 0, Sum: 0, Workers: 4
[238.499s][debug][gc,phases      ] GC(47)   StringTable Weak               Min:  0.0, Avg:  0.1, Max:  0.2, Diff:  0.2, Sum:  0.5, Workers: 4
[238.499s][debug][gc,phases      ] GC(47)     Dead                           Min: 0, Avg:  0.0, Max: 0, Diff: 0, Sum: 0, Workers: 4
[238.499s][debug][gc,phases      ] GC(47)     Total                          Min: 0, Avg: 10573.5, Max: 14518, Diff: 14518, Sum: 42294, Workers: 4
[238.499s][debug][gc,phases      ] GC(47)   ResolvedMethodTable Weak       Min:  0.0, Avg:  0.0, Max:  0.0, Diff:  0.0, Sum:  0.1, Workers: 4
[238.499s][debug][gc,phases      ] GC(47)     Dead                           Min: 0, Avg:  0.0, Max: 0, Diff: 0, Sum: 0, Workers: 4
[238.499s][debug][gc,phases      ] GC(47)     Total                          Min: 0, Avg: 2048.8, Max: 2968, Diff: 2968, Sum: 8195, Workers: 4
[238.499s][debug][gc,phases      ] GC(47)   JNI Weak                       Min:  0.0, Avg:  0.0, Max:  0.0, Diff:  0.0, Sum:  0.0, Workers: 4
[238.499s][debug][gc,phases      ] GC(47)     Dead                           Min: 0, Avg:  0.0, Max: 0, Diff: 0, Sum: 0, Workers: 4
[238.499s][debug][gc,phases      ] GC(47)     Total                          Min: 0, Avg: 11.2, Max: 45, Diff: 45, Sum: 45, Workers: 4
[238.499s][debug][gc,phases      ] GC(47)   StringDedup Table Weak         Min:  0.0, Avg:  0.0, Max:  0.0, Diff:  0.0, Sum:  0.0, Workers: 4
[238.499s][debug][gc,phases      ] GC(47)     Dead                           Min: 0, Avg:  0.0, Max: 0, Diff: 0, Sum: 0, Workers: 4
[238.499s][debug][gc,phases      ] GC(47)     Total                          Min: 0, Avg:  0.0, Max: 0, Diff: 0, Sum: 0, Workers: 4
[238.499s][debug][gc,phases      ] GC(47)   StringDedup Requests0 Weak     Min:  0.0, Avg:  0.0, Max:  0.0, Diff:  0.0, Sum:  0.0, Workers: 4
[238.499s][debug][gc,phases      ] GC(47)     Dead                           Min: 0, Avg:  0.0, Max: 0, Diff: 0, Sum: 0, Workers: 4
[238.499s][debug][gc,phases      ] GC(47)     Total                          Min: 0, Avg:  0.0, Max: 0, Diff: 0, Sum: 0, Workers: 4
[238.499s][debug][gc,phases      ] GC(47)   StringDedup Requests1 Weak     Min:  0.0, Avg:  0.0, Max:  0.0, Diff:  0.0, Sum:  0.0, Workers: 4
[238.499s][debug][gc,phases      ] GC(47)     Dead                           Min: 0, Avg:  0.0, Max: 0, Diff: 0, Sum: 0, Workers: 4
[238.499s][debug][gc,phases      ] GC(47)     Total                          Min: 0, Avg:  0.0, Max: 0, Diff: 0, Sum: 0, Workers: 4
[238.499s][debug][gc,phases      ] GC(47)   Weak JFR Old Object Samples    Min:  0.0, Avg:  0.0, Max:  0.0, Diff:  0.0, Sum:  0.0, Workers: 4
[238.499s][debug][gc,phases      ] GC(47)     Dead                           Min: 0, Avg:  0.0, Max: 0, Diff: 0, Sum: 0, Workers: 4
[238.499s][debug][gc,phases      ] GC(47)     Total                          Min: 0, Avg:  0.0, Max: 0, Diff: 0, Sum: 0, Workers: 4
[238.499s][debug][gc,phases      ] GC(47) Weak Processing 0.381ms
[238.499s][debug][gc,age         ] GC(47) Desired survivor size 206569472 bytes, new threshold 15 (max threshold 15)
[238.499s][info ][gc,heap        ] GC(47) PSYoungGen: 1636688K(1850368K)->17232K(1895424K) Eden: 1619456K(1619456K)->0K(1679360K) From: 17232K(230912K)->17232K(216064K)
[238.499s][info ][gc,heap        ] GC(47) ParOldGen: 305577K(451584K)->305593K(451584K)
[238.499s][info ][gc,metaspace   ] GC(47) Metaspace: 76750K(77568K)->76750K(77568K) NonClass: 65726K(66176K)->65726K(66176K) Class: 11023K(11392K)->11023K(11392K)
[238.499s][info ][gc             ] GC(47) Pause Young (Allocation Failure) 1896M->315M(2292M) 9.328ms
[238.499s][info ][gc,cpu         ] GC(47) User=0.03s Sys=0.00s Real=0.00s
[238.500s][info ][safepoint      ] Safepoint "ParallelGCFailedAllocation", Time since last: 948400280 ns, Reaching safepoint: 32201 ns, At safepoint: 9403720 ns, Total: 9435921 ns
[245.500s][info ][safepoint      ] Safepoint "Cleanup", Time since last: 7000535604 ns, Reaching safepoint: 58302 ns, At safepoint: 13400 ns, Total: 71702 ns
[246.741s][info ][gc,start       ] GC(48) Pause Young (Allocation Failure)
[246.751s][debug][gc,phases      ] GC(48) Scavenge 10.002ms
[246.751s][debug][gc,ref         ] GC(48) Skipped phase 1 of Reference Processing: no references
[246.751s][debug][gc,ref         ] GC(48) ReferenceProcessor::execute queues: 1, RefProcThreadModel::Single, marks_oops_alive: false
[246.751s][debug][gc,ref         ] GC(48) Skipped phase 3 of Reference Processing: no references
[246.751s][debug][gc,ref         ] GC(48) ReferenceProcessor::execute queues: 1, RefProcThreadModel::Single, marks_oops_alive: false
[246.751s][debug][gc,phases      ] GC(48) Reference Processing 0.158ms
[246.752s][debug][gc,phases      ] GC(48)   VM Weak                        Min:  0.0, Avg:  0.0, Max:  0.0, Diff:  0.0, Sum:  0.0, Workers: 4
[246.752s][debug][gc,phases      ] GC(48)     Dead                           Min: 0, Avg:  0.0, Max: 0, Diff: 0, Sum: 0, Workers: 4
[246.752s][debug][gc,phases      ] GC(48)     Total                          Min: 0, Avg: 167.2, Max: 448, Diff: 448, Sum: 669, Workers: 4
[246.752s][debug][gc,phases      ] GC(48)   ObjectSynchronizer Weak        Min:  0.0, Avg:  0.0, Max:  0.0, Diff:  0.0, Sum:  0.0, Workers: 4
[246.752s][debug][gc,phases      ] GC(48)     Dead                           Min: 0, Avg:  0.0, Max: 0, Diff: 0, Sum: 0, Workers: 4
[246.752s][debug][gc,phases      ] GC(48)     Total                          Min: 0, Avg: 35.5, Max: 64, Diff: 64, Sum: 142, Workers: 4
[246.752s][debug][gc,phases      ] GC(48)   JVMTI Tag Weak OopStorage      Min:  0.0, Avg:  0.0, Max:  0.0, Diff:  0.0, Sum:  0.0, Workers: 4
[246.752s][debug][gc,phases      ] GC(48)     Dead                           Min: 0, Avg:  0.0, Max: 0, Diff: 0, Sum: 0, Workers: 4
[246.752s][debug][gc,phases      ] GC(48)     Total                          Min: 0, Avg:  0.0, Max: 0, Diff: 0, Sum: 0, Workers: 4
[246.752s][debug][gc,phases      ] GC(48)   StringTable Weak               Min:  0.0, Avg:  0.1, Max:  0.2, Diff:  0.2, Sum:  0.5, Workers: 4
[246.752s][debug][gc,phases      ] GC(48)     Dead                           Min: 0, Avg:  0.0, Max: 0, Diff: 0, Sum: 0, Workers: 4
[246.752s][debug][gc,phases      ] GC(48)     Total                          Min: 0, Avg: 10575.2, Max: 14653, Diff: 14653, Sum: 42301, Workers: 4
[246.752s][debug][gc,phases      ] GC(48)   ResolvedMethodTable Weak       Min:  0.0, Avg:  0.0, Max:  0.0, Diff:  0.0, Sum:  0.1, Workers: 4
[246.752s][debug][gc,phases      ] GC(48)     Dead                           Min: 0, Avg:  0.0, Max: 0, Diff: 0, Sum: 0, Workers: 4
[246.752s][debug][gc,phases      ] GC(48)     Total                          Min: 0, Avg: 2048.8, Max: 2972, Diff: 2972, Sum: 8195, Workers: 4
[246.752s][debug][gc,phases      ] GC(48)   JNI Weak                       Min:  0.0, Avg:  0.0, Max:  0.0, Diff:  0.0, Sum:  0.0, Workers: 4
[246.752s][debug][gc,phases      ] GC(48)     Dead                           Min: 0, Avg:  0.0, Max: 0, Diff: 0, Sum: 0, Workers: 4
[246.752s][debug][gc,phases      ] GC(48)     Total                          Min: 0, Avg: 11.2, Max: 45, Diff: 45, Sum: 45, Workers: 4
[246.752s][debug][gc,phases      ] GC(48)   StringDedup Table Weak         Min:  0.0, Avg:  0.0, Max:  0.0, Diff:  0.0, Sum:  0.0, Workers: 4
[246.752s][debug][gc,phases      ] GC(48)     Dead                           Min: 0, Avg:  0.0, Max: 0, Diff: 0, Sum: 0, Workers: 4
[246.752s][debug][gc,phases      ] GC(48)     Total                          Min: 0, Avg:  0.0, Max: 0, Diff: 0, Sum: 0, Workers: 4
[246.752s][debug][gc,phases      ] GC(48)   StringDedup Requests0 Weak     Min:  0.0, Avg:  0.0, Max:  0.0, Diff:  0.0, Sum:  0.0, Workers: 4
[246.752s][debug][gc,phases      ] GC(48)     Dead                           Min: 0, Avg:  0.0, Max: 0, Diff: 0, Sum: 0, Workers: 4
[246.752s][debug][gc,phases      ] GC(48)     Total                          Min: 0, Avg:  0.0, Max: 0, Diff: 0, Sum: 0, Workers: 4
[246.752s][debug][gc,phases      ] GC(48)   StringDedup Requests1 Weak     Min:  0.0, Avg:  0.0, Max:  0.0, Diff:  0.0, Sum:  0.0, Workers: 4
[246.752s][debug][gc,phases      ] GC(48)     Dead                           Min: 0, Avg:  0.0, Max: 0, Diff: 0, Sum: 0, Workers: 4
[246.752s][debug][gc,phases      ] GC(48)     Total                          Min: 0, Avg:  0.0, Max: 0, Diff: 0, Sum: 0, Workers: 4
[246.752s][debug][gc,phases      ] GC(48)   Weak JFR Old Object Samples    Min:  0.0, Avg:  0.0, Max:  0.0, Diff:  0.0, Sum:  0.0, Workers: 4
[246.752s][debug][gc,phases      ] GC(48)     Dead                           Min: 0, Avg:  0.0, Max: 0, Diff: 0, Sum: 0, Workers: 4
[246.752s][debug][gc,phases      ] GC(48)     Total                          Min: 0, Avg:  0.0, Max: 0, Diff: 0, Sum: 0, Workers: 4
[246.752s][debug][gc,phases      ] GC(48) Weak Processing 0.456ms
[246.752s][debug][gc,age         ] GC(48) Desired survivor size 192937984 bytes, new threshold 15 (max threshold 15)
[246.752s][info ][gc,heap        ] GC(48) PSYoungGen: 1696592K(1895424K)->17232K(1881088K) Eden: 1679360K(1679360K)->0K(1679360K) From: 17232K(216064K)->17232K(201728K)
[246.752s][info ][gc,heap        ] GC(48) ParOldGen: 305593K(451584K)->305625K(451584K)
[246.752s][info ][gc,metaspace   ] GC(48) Metaspace: 76754K(77568K)->76754K(77568K) NonClass: 65730K(66176K)->65730K(66176K) Class: 11023K(11392K)->11023K(11392K)
[246.752s][info ][gc             ] GC(48) Pause Young (Allocation Failure) 1955M->315M(2278M) 10.789ms
[246.752s][info ][gc,cpu         ] GC(48) User=0.04s Sys=0.00s Real=0.01s
[246.752s][info ][safepoint      ] Safepoint "ParallelGCFailedAllocation", Time since last: 1240949021 ns, Reaching safepoint: 36501 ns, At safepoint: 10881572 ns, Total: 10918073 ns
[250.752s][info ][safepoint      ] Safepoint "Cleanup", Time since last: 4000325113 ns, Reaching safepoint: 41902 ns, At safepoint: 27400 ns, Total: 69302 ns
[254.989s][info ][gc,start       ] GC(49) Pause Young (Allocation Failure)
[254.999s][debug][gc,phases      ] GC(49) Scavenge 9.637ms
[254.999s][debug][gc,ref         ] GC(49) Skipped phase 1 of Reference Processing: no references
[254.999s][debug][gc,ref         ] GC(49) ReferenceProcessor::execute queues: 1, RefProcThreadModel::Single, marks_oops_alive: false
[254.999s][debug][gc,ref         ] GC(49) Skipped phase 3 of Reference Processing: no references
[254.999s][debug][gc,ref         ] GC(49) ReferenceProcessor::execute queues: 1, RefProcThreadModel::Single, marks_oops_alive: false
[254.999s][debug][gc,phases      ] GC(49) Reference Processing 0.126ms
[254.999s][debug][gc,phases      ] GC(49)   VM Weak                        Min:  0.0, Avg:  0.0, Max:  0.0, Diff:  0.0, Sum:  0.0, Workers: 4
[254.999s][debug][gc,phases      ] GC(49)     Dead                           Min: 0, Avg:  0.0, Max: 0, Diff: 0, Sum: 0, Workers: 4
[254.999s][debug][gc,phases      ] GC(49)     Total                          Min: 0, Avg: 167.2, Max: 448, Diff: 448, Sum: 669, Workers: 4
[254.999s][debug][gc,phases      ] GC(49)   ObjectSynchronizer Weak        Min:  0.0, Avg:  0.0, Max:  0.0, Diff:  0.0, Sum:  0.0, Workers: 4
[254.999s][debug][gc,phases      ] GC(49)     Dead                           Min: 0, Avg:  0.0, Max: 0, Diff: 0, Sum: 0, Workers: 4
[254.999s][debug][gc,phases      ] GC(49)     Total                          Min: 0, Avg: 35.5, Max: 78, Diff: 78, Sum: 142, Workers: 4
[254.999s][debug][gc,phases      ] GC(49)   JVMTI Tag Weak OopStorage      Min:  0.0, Avg:  0.0, Max:  0.0, Diff:  0.0, Sum:  0.0, Workers: 4
[254.999s][debug][gc,phases      ] GC(49)     Dead                           Min: 0, Avg:  0.0, Max: 0, Diff: 0, Sum: 0, Workers: 4
[254.999s][debug][gc,phases      ] GC(49)     Total                          Min: 0, Avg:  0.0, Max: 0, Diff: 0, Sum: 0, Workers: 4
[254.999s][debug][gc,phases      ] GC(49)   StringTable Weak               Min:  0.0, Avg:  0.1, Max:  0.2, Diff:  0.2, Sum:  0.4, Workers: 4
[254.999s][debug][gc,phases      ] GC(49)     Dead                           Min: 0, Avg:  0.0, Max: 0, Diff: 0, Sum: 0, Workers: 4
[254.999s][debug][gc,phases      ] GC(49)     Total                          Min: 0, Avg: 10575.2, Max: 14464, Diff: 14464, Sum: 42301, Workers: 4
[254.999s][debug][gc,phases      ] GC(49)   ResolvedMethodTable Weak       Min:  0.0, Avg:  0.0, Max:  0.0, Diff:  0.0, Sum:  0.1, Workers: 4
[254.999s][debug][gc,phases      ] GC(49)     Dead                           Min: 0, Avg:  0.0, Max: 0, Diff: 0, Sum: 0, Workers: 4
[254.999s][debug][gc,phases      ] GC(49)     Total                          Min: 0, Avg: 2048.8, Max: 3009, Diff: 3009, Sum: 8195, Workers: 4
[254.999s][debug][gc,phases      ] GC(49)   JNI Weak                       Min:  0.0, Avg:  0.0, Max:  0.0, Diff:  0.0, Sum:  0.0, Workers: 4
[254.999s][debug][gc,phases      ] GC(49)     Dead                           Min: 0, Avg:  0.0, Max: 0, Diff: 0, Sum: 0, Workers: 4
[254.999s][debug][gc,phases      ] GC(49)     Total                          Min: 0, Avg: 11.2, Max: 45, Diff: 45, Sum: 45, Workers: 4
[254.999s][debug][gc,phases      ] GC(49)   StringDedup Table Weak         Min:  0.0, Avg:  0.0, Max:  0.0, Diff:  0.0, Sum:  0.0, Workers: 4
[254.999s][debug][gc,phases      ] GC(49)     Dead                           Min: 0, Avg:  0.0, Max: 0, Diff: 0, Sum: 0, Workers: 4
[254.999s][debug][gc,phases      ] GC(49)     Total                          Min: 0, Avg:  0.0, Max: 0, Diff: 0, Sum: 0, Workers: 4
[254.999s][debug][gc,phases      ] GC(49)   StringDedup Requests0 Weak     Min:  0.0, Avg:  0.0, Max:  0.0, Diff:  0.0, Sum:  0.0, Workers: 4
[254.999s][debug][gc,phases      ] GC(49)     Dead                           Min: 0, Avg:  0.0, Max: 0, Diff: 0, Sum: 0, Workers: 4
[254.999s][debug][gc,phases      ] GC(49)     Total                          Min: 0, Avg:  0.0, Max: 0, Diff: 0, Sum: 0, Workers: 4
[254.999s][debug][gc,phases      ] GC(49)   StringDedup Requests1 Weak     Min:  0.0, Avg:  0.0, Max:  0.0, Diff:  0.0, Sum:  0.0, Workers: 4
[254.999s][debug][gc,phases      ] GC(49)     Dead                           Min: 0, Avg:  0.0, Max: 0, Diff: 0, Sum: 0, Workers: 4
[254.999s][debug][gc,phases      ] GC(49)     Total                          Min: 0, Avg:  0.0, Max: 0, Diff: 0, Sum: 0, Workers: 4
[254.999s][debug][gc,phases      ] GC(49)   Weak JFR Old Object Samples    Min:  0.0, Avg:  0.0, Max:  0.0, Diff:  0.0, Sum:  0.0, Workers: 4
[254.999s][debug][gc,phases      ] GC(49)     Dead                           Min: 0, Avg:  0.0, Max: 0, Diff: 0, Sum: 0, Workers: 4
[254.999s][debug][gc,phases      ] GC(49)     Total                          Min: 0, Avg:  0.0, Max: 0, Diff: 0, Sum: 0, Workers: 4
[254.999s][debug][gc,phases      ] GC(49) Weak Processing 0.419ms
[254.999s][debug][gc,age         ] GC(49) Desired survivor size 180355072 bytes, new threshold 15 (max threshold 15)
[254.999s][info ][gc,heap        ] GC(49) PSYoungGen: 1696592K(1881088K)->17280K(1921024K) Eden: 1679360K(1679360K)->0K(1732608K) From: 17232K(201728K)->17280K(188416K)
[254.999s][info ][gc,heap        ] GC(49) ParOldGen: 305625K(451584K)->305633K(451584K)
[254.999s][info ][gc,metaspace   ] GC(49) Metaspace: 76755K(77568K)->76755K(77568K) NonClass: 65731K(66176K)->65731K(66176K) Class: 11023K(11392K)->11023K(11392K)
[254.999s][info ][gc             ] GC(49) Pause Young (Allocation Failure) 1955M->315M(2317M) 10.325ms
[254.999s][info ][gc,cpu         ] GC(49) User=0.03s Sys=0.00s Real=0.01s
[254.999s][info ][safepoint      ] Safepoint "ParallelGCFailedAllocation", Time since last: 4236335912 ns, Reaching safepoint: 51902 ns, At safepoint: 10401255 ns, Total: 10453157 ns
[255.999s][info ][safepoint      ] Safepoint "Cleanup", Time since last: 1000098885 ns, Reaching safepoint: 41601 ns, At safepoint: 3000 ns, Total: 44601 ns
[263.539s][info ][gc,start       ] GC(50) Pause Young (Allocation Failure)
[263.547s][debug][gc,phases      ] GC(50) Scavenge 8.415ms
[263.547s][debug][gc,ref         ] GC(50) Skipped phase 1 of Reference Processing: no references
[263.547s][debug][gc,ref         ] GC(50) ReferenceProcessor::execute queues: 1, RefProcThreadModel::Single, marks_oops_alive: false
[263.547s][debug][gc,ref         ] GC(50) Skipped phase 3 of Reference Processing: no references
[263.547s][debug][gc,ref         ] GC(50) ReferenceProcessor::execute queues: 1, RefProcThreadModel::Single, marks_oops_alive: false
[263.547s][debug][gc,phases      ] GC(50) Reference Processing 0.133ms
[263.548s][debug][gc,phases      ] GC(50)   VM Weak                        Min:  0.0, Avg:  0.0, Max:  0.0, Diff:  0.0, Sum:  0.0, Workers: 4
[263.548s][debug][gc,phases      ] GC(50)     Dead                           Min: 0, Avg:  0.0, Max: 0, Diff: 0, Sum: 0, Workers: 4
[263.548s][debug][gc,phases      ] GC(50)     Total                          Min: 0, Avg: 167.2, Max: 349, Diff: 349, Sum: 669, Workers: 4
[263.548s][debug][gc,phases      ] GC(50)   ObjectSynchronizer Weak        Min:  0.0, Avg:  0.0, Max:  0.0, Diff:  0.0, Sum:  0.0, Workers: 4
[263.548s][debug][gc,phases      ] GC(50)     Dead                           Min: 0, Avg:  0.0, Max: 0, Diff: 0, Sum: 0, Workers: 4
[263.548s][debug][gc,phases      ] GC(50)     Total                          Min: 0, Avg: 35.5, Max: 64, Diff: 64, Sum: 142, Workers: 4
[263.548s][debug][gc,phases      ] GC(50)   JVMTI Tag Weak OopStorage      Min:  0.0, Avg:  0.0, Max:  0.0, Diff:  0.0, Sum:  0.0, Workers: 4
[263.548s][debug][gc,phases      ] GC(50)     Dead                           Min: 0, Avg:  0.0, Max: 0, Diff: 0, Sum: 0, Workers: 4
[263.548s][debug][gc,phases      ] GC(50)     Total                          Min: 0, Avg:  0.0, Max: 0, Diff: 0, Sum: 0, Workers: 4
[263.548s][debug][gc,phases      ] GC(50)   StringTable Weak               Min:  0.0, Avg:  0.1, Max:  0.2, Diff:  0.2, Sum:  0.5, Workers: 4
[263.548s][debug][gc,phases      ] GC(50)     Dead                           Min: 0, Avg:  0.0, Max: 0, Diff: 0, Sum: 0, Workers: 4
[263.548s][debug][gc,phases      ] GC(50)     Total                          Min: 0, Avg: 10575.2, Max: 14848, Diff: 14848, Sum: 42301, Workers: 4
[263.548s][debug][gc,phases      ] GC(50)   ResolvedMethodTable Weak       Min:  0.0, Avg:  0.0, Max:  0.0, Diff:  0.0, Sum:  0.1, Workers: 4
[263.548s][debug][gc,phases      ] GC(50)     Dead                           Min: 0, Avg:  0.0, Max: 0, Diff: 0, Sum: 0, Workers: 4
[263.548s][debug][gc,phases      ] GC(50)     Total                          Min: 0, Avg: 2048.8, Max: 2972, Diff: 2972, Sum: 8195, Workers: 4
[263.548s][debug][gc,phases      ] GC(50)   JNI Weak                       Min:  0.0, Avg:  0.0, Max:  0.0, Diff:  0.0, Sum:  0.0, Workers: 4
[263.548s][debug][gc,phases      ] GC(50)     Dead                           Min: 0, Avg:  0.0, Max: 0, Diff: 0, Sum: 0, Workers: 4
[263.548s][debug][gc,phases      ] GC(50)     Total                          Min: 0, Avg: 11.2, Max: 45, Diff: 45, Sum: 45, Workers: 4
[263.548s][debug][gc,phases      ] GC(50)   StringDedup Table Weak         Min:  0.0, Avg:  0.0, Max:  0.0, Diff:  0.0, Sum:  0.0, Workers: 4
[263.548s][debug][gc,phases      ] GC(50)     Dead                           Min: 0, Avg:  0.0, Max: 0, Diff: 0, Sum: 0, Workers: 4
[263.548s][debug][gc,phases      ] GC(50)     Total                          Min: 0, Avg:  0.0, Max: 0, Diff: 0, Sum: 0, Workers: 4
[263.548s][debug][gc,phases      ] GC(50)   StringDedup Requests0 Weak     Min:  0.0, Avg:  0.0, Max:  0.0, Diff:  0.0, Sum:  0.0, Workers: 4
[263.548s][debug][gc,phases      ] GC(50)     Dead                           Min: 0, Avg:  0.0, Max: 0, Diff: 0, Sum: 0, Workers: 4
[263.548s][debug][gc,phases      ] GC(50)     Total                          Min: 0, Avg:  0.0, Max: 0, Diff: 0, Sum: 0, Workers: 4
[263.548s][debug][gc,phases      ] GC(50)   StringDedup Requests1 Weak     Min:  0.0, Avg:  0.0, Max:  0.0, Diff:  0.0, Sum:  0.0, Workers: 4
[263.548s][debug][gc,phases      ] GC(50)     Dead                           Min: 0, Avg:  0.0, Max: 0, Diff: 0, Sum: 0, Workers: 4
[263.548s][debug][gc,phases      ] GC(50)     Total                          Min: 0, Avg:  0.0, Max: 0, Diff: 0, Sum: 0, Workers: 4
[263.548s][debug][gc,phases      ] GC(50)   Weak JFR Old Object Samples    Min:  0.0, Avg:  0.0, Max:  0.0, Diff:  0.0, Sum:  0.0, Workers: 4
[263.548s][debug][gc,phases      ] GC(50)     Dead                           Min: 0, Avg:  0.0, Max: 0, Diff: 0, Sum: 0, Workers: 4
[263.548s][debug][gc,phases      ] GC(50)     Total                          Min: 0, Avg:  0.0, Max: 0, Diff: 0, Sum: 0, Workers: 4
[263.548s][debug][gc,phases      ] GC(50) Weak Processing 0.401ms
[263.548s][debug][gc,age         ] GC(50) Desired survivor size 168296448 bytes, new threshold 15 (max threshold 15)
[263.548s][info ][gc,heap        ] GC(50) PSYoungGen: 1749888K(1921024K)->17232K(1908736K) Eden: 1732608K(1732608K)->0K(1732608K) From: 17280K(188416K)->17232K(176128K)
[263.548s][info ][gc,heap        ] GC(50) ParOldGen: 305633K(451584K)->305641K(451584K)
[263.548s][info ][gc,metaspace   ] GC(50) Metaspace: 76756K(77568K)->76756K(77568K) NonClass: 65732K(66176K)->65732K(66176K) Class: 11023K(11392K)->11023K(11392K)
[263.548s][info ][gc             ] GC(50) Pause Young (Allocation Failure) 2007M->315M(2305M) 9.095ms
[263.548s][info ][gc,cpu         ] GC(50) User=0.04s Sys=0.00s Real=0.01s
[263.548s][info ][safepoint      ] Safepoint "ParallelGCFailedAllocation", Time since last: 7539221060 ns, Reaching safepoint: 38101 ns, At safepoint: 9172014 ns, Total: 9210115 ns
[269.548s][info ][safepoint      ] Safepoint "Cleanup", Time since last: 6000600843 ns, Reaching safepoint: 50201 ns, At safepoint: 2800 ns, Total: 53001 ns
[272.088s][info ][gc,start       ] GC(51) Pause Young (Allocation Failure)
[272.096s][debug][gc,phases      ] GC(51) Scavenge 8.703ms
[272.096s][debug][gc,ref         ] GC(51) Skipped phase 1 of Reference Processing: no references
[272.097s][debug][gc,ref         ] GC(51) ReferenceProcessor::execute queues: 1, RefProcThreadModel::Single, marks_oops_alive: false
[272.097s][debug][gc,ref         ] GC(51) Skipped phase 3 of Reference Processing: no references
[272.097s][debug][gc,ref         ] GC(51) ReferenceProcessor::execute queues: 1, RefProcThreadModel::Single, marks_oops_alive: false
[272.097s][debug][gc,phases      ] GC(51) Reference Processing 0.138ms
[272.097s][debug][gc,phases      ] GC(51)   VM Weak                        Min:  0.0, Avg:  0.0, Max:  0.0, Diff:  0.0, Sum:  0.0, Workers: 4
[272.097s][debug][gc,phases      ] GC(51)     Dead                           Min: 0, Avg:  0.0, Max: 0, Diff: 0, Sum: 0, Workers: 4
[272.097s][debug][gc,phases      ] GC(51)     Total                          Min: 0, Avg: 167.2, Max: 349, Diff: 349, Sum: 669, Workers: 4
[272.097s][debug][gc,phases      ] GC(51)   ObjectSynchronizer Weak        Min:  0.0, Avg:  0.0, Max:  0.0, Diff:  0.0, Sum:  0.0, Workers: 4
[272.097s][debug][gc,phases      ] GC(51)     Dead                           Min: 0, Avg:  0.0, Max: 0, Diff: 0, Sum: 0, Workers: 4
[272.097s][debug][gc,phases      ] GC(51)     Total                          Min: 0, Avg: 35.5, Max: 64, Diff: 64, Sum: 142, Workers: 4
[272.097s][debug][gc,phases      ] GC(51)   JVMTI Tag Weak OopStorage      Min:  0.0, Avg:  0.0, Max:  0.0, Diff:  0.0, Sum:  0.0, Workers: 4
[272.097s][debug][gc,phases      ] GC(51)     Dead                           Min: 0, Avg:  0.0, Max: 0, Diff: 0, Sum: 0, Workers: 4
[272.097s][debug][gc,phases      ] GC(51)     Total                          Min: 0, Avg:  0.0, Max: 0, Diff: 0, Sum: 0, Workers: 4
[272.097s][debug][gc,phases      ] GC(51)   StringTable Weak               Min:  0.0, Avg:  0.1, Max:  0.2, Diff:  0.2, Sum:  0.6, Workers: 4
[272.097s][debug][gc,phases      ] GC(51)     Dead                           Min: 0, Avg:  0.0, Max: 0, Diff: 0, Sum: 0, Workers: 4
[272.097s][debug][gc,phases      ] GC(51)     Total                          Min: 0, Avg: 10575.2, Max: 14589, Diff: 14589, Sum: 42301, Workers: 4
[272.097s][debug][gc,phases      ] GC(51)   ResolvedMethodTable Weak       Min:  0.0, Avg:  0.0, Max:  0.0, Diff:  0.0, Sum:  0.1, Workers: 4
[272.097s][debug][gc,phases      ] GC(51)     Dead                           Min: 0, Avg:  0.0, Max: 0, Diff: 0, Sum: 0, Workers: 4
[272.097s][debug][gc,phases      ] GC(51)     Total                          Min: 0, Avg: 2048.8, Max: 3009, Diff: 3009, Sum: 8195, Workers: 4
[272.097s][debug][gc,phases      ] GC(51)   JNI Weak                       Min:  0.0, Avg:  0.0, Max:  0.0, Diff:  0.0, Sum:  0.0, Workers: 4
[272.097s][debug][gc,phases      ] GC(51)     Dead                           Min: 0, Avg:  0.0, Max: 0, Diff: 0, Sum: 0, Workers: 4
[272.097s][debug][gc,phases      ] GC(51)     Total                          Min: 0, Avg: 11.2, Max: 45, Diff: 45, Sum: 45, Workers: 4
[272.097s][debug][gc,phases      ] GC(51)   StringDedup Table Weak         Min:  0.0, Avg:  0.0, Max:  0.0, Diff:  0.0, Sum:  0.0, Workers: 4
[272.097s][debug][gc,phases      ] GC(51)     Dead                           Min: 0, Avg:  0.0, Max: 0, Diff: 0, Sum: 0, Workers: 4
[272.097s][debug][gc,phases      ] GC(51)     Total                          Min: 0, Avg:  0.0, Max: 0, Diff: 0, Sum: 0, Workers: 4
[272.097s][debug][gc,phases      ] GC(51)   StringDedup Requests0 Weak     Min:  0.0, Avg:  0.0, Max:  0.0, Diff:  0.0, Sum:  0.0, Workers: 4
[272.097s][debug][gc,phases      ] GC(51)     Dead                           Min: 0, Avg:  0.0, Max: 0, Diff: 0, Sum: 0, Workers: 4
[272.097s][debug][gc,phases      ] GC(51)     Total                          Min: 0, Avg:  0.0, Max: 0, Diff: 0, Sum: 0, Workers: 4
[272.097s][debug][gc,phases      ] GC(51)   StringDedup Requests1 Weak     Min:  0.0, Avg:  0.0, Max:  0.0, Diff:  0.0, Sum:  0.0, Workers: 4
[272.097s][debug][gc,phases      ] GC(51)     Dead                           Min: 0, Avg:  0.0, Max: 0, Diff: 0, Sum: 0, Workers: 4
[272.097s][debug][gc,phases      ] GC(51)     Total                          Min: 0, Avg:  0.0, Max: 0, Diff: 0, Sum: 0, Workers: 4
[272.097s][debug][gc,phases      ] GC(51)   Weak JFR Old Object Samples    Min:  0.0, Avg:  0.0, Max:  0.0, Diff:  0.0, Sum:  0.0, Workers: 4
[272.097s][debug][gc,phases      ] GC(51)     Dead                           Min: 0, Avg:  0.0, Max: 0, Diff: 0, Sum: 0, Workers: 4
[272.097s][debug][gc,phases      ] GC(51)     Total                          Min: 0, Avg:  0.0, Max: 0, Diff: 0, Sum: 0, Workers: 4
[272.097s][debug][gc,phases      ] GC(51) Weak Processing 0.496ms
[272.097s][debug][gc,age         ] GC(51) Desired survivor size 157286400 bytes, new threshold 15 (max threshold 15)
[272.097s][info ][gc,heap        ] GC(51) PSYoungGen: 1749840K(1908736K)->17312K(1943552K) Eden: 1732608K(1732608K)->0K(1779200K) From: 17232K(176128K)->17312K(164352K)
[272.097s][info ][gc,heap        ] GC(51) ParOldGen: 305641K(451584K)->305657K(451584K)
[272.097s][info ][gc,metaspace   ] GC(51) Metaspace: 76758K(77568K)->76758K(77568K) NonClass: 65735K(66176K)->65735K(66176K) Class: 11023K(11392K)->11023K(11392K)
[272.097s][info ][gc             ] GC(51) Pause Young (Allocation Failure) 2007M->315M(2339M) 9.477ms
[272.097s][info ][gc,cpu         ] GC(51) User=0.03s Sys=0.01s Real=0.01s
[272.097s][info ][safepoint      ] Safepoint "ParallelGCFailedAllocation", Time since last: 2539200607 ns, Reaching safepoint: 33601 ns, At safepoint: 9560428 ns, Total: 9594029 ns
[273.097s][info ][safepoint      ] Safepoint "Cleanup", Time since last: 1000096222 ns, Reaching safepoint: 49201 ns, At safepoint: 4201 ns, Total: 53402 ns
[274.098s][info ][safepoint      ] Safepoint "Cleanup", Time since last: 1000124830 ns, Reaching safepoint: 51102 ns, At safepoint: 2800 ns, Total: 53902 ns
[278.098s][info ][safepoint      ] Safepoint "Cleanup", Time since last: 4000333695 ns, Reaching safepoint: 47602 ns, At safepoint: 3100 ns, Total: 50702 ns
[280.098s][info ][safepoint      ] Safepoint "Cleanup", Time since last: 2000131943 ns, Reaching safepoint: 66203 ns, At safepoint: 6300 ns, Total: 72503 ns
[280.835s][info ][gc,start       ] GC(52) Pause Young (Allocation Failure)
[280.845s][debug][gc,phases      ] GC(52) Scavenge 9.780ms
[280.845s][debug][gc,ref         ] GC(52) Skipped phase 1 of Reference Processing: no references
[280.845s][debug][gc,ref         ] GC(52) ReferenceProcessor::execute queues: 1, RefProcThreadModel::Single, marks_oops_alive: false
[280.845s][debug][gc,ref         ] GC(52) Skipped phase 3 of Reference Processing: no references
[280.845s][debug][gc,ref         ] GC(52) ReferenceProcessor::execute queues: 1, RefProcThreadModel::Single, marks_oops_alive: false
[280.845s][debug][gc,phases      ] GC(52) Reference Processing 0.168ms
[280.846s][debug][gc,phases      ] GC(52)   VM Weak                        Min:  0.0, Avg:  0.0, Max:  0.0, Diff:  0.0, Sum:  0.0, Workers: 4
[280.846s][debug][gc,phases      ] GC(52)     Dead                           Min: 0, Avg:  0.0, Max: 0, Diff: 0, Sum: 0, Workers: 4
[280.846s][debug][gc,phases      ] GC(52)     Total                          Min: 0, Avg: 167.2, Max: 349, Diff: 349, Sum: 669, Workers: 4
[280.846s][debug][gc,phases      ] GC(52)   ObjectSynchronizer Weak        Min:  0.0, Avg:  0.0, Max:  0.0, Diff:  0.0, Sum:  0.0, Workers: 4
[280.846s][debug][gc,phases      ] GC(52)     Dead                           Min: 0, Avg:  0.0, Max: 0, Diff: 0, Sum: 0, Workers: 4
[280.846s][debug][gc,phases      ] GC(52)     Total                          Min: 0, Avg: 35.5, Max: 78, Diff: 78, Sum: 142, Workers: 4
[280.846s][debug][gc,phases      ] GC(52)   JVMTI Tag Weak OopStorage      Min:  0.0, Avg:  0.0, Max:  0.0, Diff:  0.0, Sum:  0.0, Workers: 4
[280.846s][debug][gc,phases      ] GC(52)     Dead                           Min: 0, Avg:  0.0, Max: 0, Diff: 0, Sum: 0, Workers: 4
[280.846s][debug][gc,phases      ] GC(52)     Total                          Min: 0, Avg:  0.0, Max: 0, Diff: 0, Sum: 0, Workers: 4
[280.846s][debug][gc,phases      ] GC(52)   StringTable Weak               Min:  0.0, Avg:  0.1, Max:  0.2, Diff:  0.2, Sum:  0.5, Workers: 4
[280.846s][debug][gc,phases      ] GC(52)     Dead                           Min: 0, Avg:  0.0, Max: 0, Diff: 0, Sum: 0, Workers: 4
[280.846s][debug][gc,phases      ] GC(52)     Total                          Min: 0, Avg: 10575.8, Max: 21248, Diff: 21248, Sum: 42303, Workers: 4
[280.846s][debug][gc,phases      ] GC(52)   ResolvedMethodTable Weak       Min:  0.0, Avg:  0.0, Max:  0.1, Diff:  0.1, Sum:  0.1, Workers: 4
[280.846s][debug][gc,phases      ] GC(52)     Dead                           Min: 0, Avg:  0.0, Max: 0, Diff: 0, Sum: 0, Workers: 4
[280.846s][debug][gc,phases      ] GC(52)     Total                          Min: 0, Avg: 2048.8, Max: 4253, Diff: 4253, Sum: 8195, Workers: 4
[280.846s][debug][gc,phases      ] GC(52)   JNI Weak                       Min:  0.0, Avg:  0.0, Max:  0.0, Diff:  0.0, Sum:  0.0, Workers: 4
[280.846s][debug][gc,phases      ] GC(52)     Dead                           Min: 0, Avg:  0.0, Max: 0, Diff: 0, Sum: 0, Workers: 4
[280.846s][debug][gc,phases      ] GC(52)     Total                          Min: 0, Avg: 11.2, Max: 45, Diff: 45, Sum: 45, Workers: 4
[280.846s][debug][gc,phases      ] GC(52)   StringDedup Table Weak         Min:  0.0, Avg:  0.0, Max:  0.0, Diff:  0.0, Sum:  0.0, Workers: 4
[280.846s][debug][gc,phases      ] GC(52)     Dead                           Min: 0, Avg:  0.0, Max: 0, Diff: 0, Sum: 0, Workers: 4
[280.846s][debug][gc,phases      ] GC(52)     Total                          Min: 0, Avg:  0.0, Max: 0, Diff: 0, Sum: 0, Workers: 4
[280.846s][debug][gc,phases      ] GC(52)   StringDedup Requests0 Weak     Min:  0.0, Avg:  0.0, Max:  0.0, Diff:  0.0, Sum:  0.0, Workers: 4
[280.846s][debug][gc,phases      ] GC(52)     Dead                           Min: 0, Avg:  0.0, Max: 0, Diff: 0, Sum: 0, Workers: 4
[280.846s][debug][gc,phases      ] GC(52)     Total                          Min: 0, Avg:  0.0, Max: 0, Diff: 0, Sum: 0, Workers: 4
[280.846s][debug][gc,phases      ] GC(52)   StringDedup Requests1 Weak     Min:  0.0, Avg:  0.0, Max:  0.0, Diff:  0.0, Sum:  0.0, Workers: 4
[280.846s][debug][gc,phases      ] GC(52)     Dead                           Min: 0, Avg:  0.0, Max: 0, Diff: 0, Sum: 0, Workers: 4
[280.846s][debug][gc,phases      ] GC(52)     Total                          Min: 0, Avg:  0.0, Max: 0, Diff: 0, Sum: 0, Workers: 4
[280.846s][debug][gc,phases      ] GC(52)   Weak JFR Old Object Samples    Min:  0.0, Avg:  0.0, Max:  0.0, Diff:  0.0, Sum:  0.0, Workers: 4
[280.846s][debug][gc,phases      ] GC(52)     Dead                           Min: 0, Avg:  0.0, Max: 0, Diff: 0, Sum: 0, Workers: 4
[280.846s][debug][gc,phases      ] GC(52)     Total                          Min: 0, Avg:  0.0, Max: 0, Diff: 0, Sum: 0, Workers: 4
[280.846s][debug][gc,phases      ] GC(52) Weak Processing 0.542ms
[280.846s][debug][gc,age         ] GC(52) Desired survivor size 146800640 bytes, new threshold 15 (max threshold 15)
[280.846s][info ][gc,heap        ] GC(52) PSYoungGen: 1796512K(1943552K)->17296K(1932800K) Eden: 1779200K(1779200K)->0K(1779200K) From: 17312K(164352K)->17296K(153600K)
[280.846s][info ][gc,heap        ] GC(52) ParOldGen: 305657K(451584K)->305665K(451584K)
[280.846s][info ][gc,metaspace   ] GC(52) Metaspace: 76760K(77568K)->76760K(77568K) NonClass: 65736K(66176K)->65736K(66176K) Class: 11023K(11392K)->11023K(11392K)
[280.846s][info ][gc             ] GC(52) Pause Young (Allocation Failure) 2052M->315M(2328M) 10.656ms
[280.846s][info ][gc,cpu         ] GC(52) User=0.03s Sys=0.00s Real=0.01s
[280.846s][info ][safepoint      ] Safepoint "ParallelGCFailedAllocation", Time since last: 737036439 ns, Reaching safepoint: 49402 ns, At safepoint: 10743069 ns, Total: 10792471 ns
[281.846s][info ][safepoint      ] Safepoint "Cleanup", Time since last: 1000090390 ns, Reaching safepoint: 37401 ns, At safepoint: 3800 ns, Total: 41201 ns
[283.846s][info ][safepoint      ] Safepoint "Cleanup", Time since last: 2000189704 ns, Reaching safepoint: 44502 ns, At safepoint: 4300 ns, Total: 48802 ns
[289.635s][info ][gc,start       ] GC(53) Pause Young (Allocation Failure)
[289.647s][debug][gc,phases      ] GC(53) Scavenge 12.518ms
[289.647s][debug][gc,ref         ] GC(53) Skipped phase 1 of Reference Processing: no references
[289.647s][debug][gc,ref         ] GC(53) ReferenceProcessor::execute queues: 1, RefProcThreadModel::Single, marks_oops_alive: false
[289.647s][debug][gc,ref         ] GC(53) Skipped phase 3 of Reference Processing: no references
[289.647s][debug][gc,ref         ] GC(53) ReferenceProcessor::execute queues: 1, RefProcThreadModel::Single, marks_oops_alive: false
[289.647s][debug][gc,phases      ] GC(53) Reference Processing 0.122ms
[289.648s][debug][gc,phases      ] GC(53)   VM Weak                        Min:  0.0, Avg:  0.0, Max:  0.0, Diff:  0.0, Sum:  0.0, Workers: 4
[289.648s][debug][gc,phases      ] GC(53)     Dead                           Min: 0, Avg:  0.0, Max: 0, Diff: 0, Sum: 0, Workers: 4
[289.648s][debug][gc,phases      ] GC(53)     Total                          Min: 0, Avg: 167.2, Max: 512, Diff: 512, Sum: 669, Workers: 4
[289.648s][debug][gc,phases      ] GC(53)   ObjectSynchronizer Weak        Min:  0.0, Avg:  0.0, Max:  0.0, Diff:  0.0, Sum:  0.0, Workers: 4
[289.648s][debug][gc,phases      ] GC(53)     Dead                           Min: 0, Avg:  0.0, Max: 0, Diff: 0, Sum: 0, Workers: 4
[289.648s][debug][gc,phases      ] GC(53)     Total                          Min: 0, Avg: 35.5, Max: 64, Diff: 64, Sum: 142, Workers: 4
[289.648s][debug][gc,phases      ] GC(53)   JVMTI Tag Weak OopStorage      Min:  0.0, Avg:  0.0, Max:  0.0, Diff:  0.0, Sum:  0.0, Workers: 4
[289.648s][debug][gc,phases      ] GC(53)     Dead                           Min: 0, Avg:  0.0, Max: 0, Diff: 0, Sum: 0, Workers: 4
[289.648s][debug][gc,phases      ] GC(53)     Total                          Min: 0, Avg:  0.0, Max: 0, Diff: 0, Sum: 0, Workers: 4
[289.648s][debug][gc,phases      ] GC(53)   StringTable Weak               Min:  0.0, Avg:  0.1, Max:  0.2, Diff:  0.2, Sum:  0.5, Workers: 4
[289.648s][debug][gc,phases      ] GC(53)     Dead                           Min: 0, Avg:  0.0, Max: 0, Diff: 0, Sum: 0, Workers: 4
[289.648s][debug][gc,phases      ] GC(53)     Total                          Min: 0, Avg: 10583.0, Max: 15168, Diff: 15168, Sum: 42332, Workers: 4
[289.648s][debug][gc,phases      ] GC(53)   ResolvedMethodTable Weak       Min:  0.0, Avg:  0.0, Max:  0.0, Diff:  0.0, Sum:  0.1, Workers: 4
[289.648s][debug][gc,phases      ] GC(53)     Dead                           Min: 0, Avg:  0.0, Max: 0, Diff: 0, Sum: 0, Workers: 4
[289.648s][debug][gc,phases      ] GC(53)     Total                          Min: 0, Avg: 2048.8, Max: 2972, Diff: 2972, Sum: 8195, Workers: 4
[289.648s][debug][gc,phases      ] GC(53)   JNI Weak                       Min:  0.0, Avg:  0.0, Max:  0.0, Diff:  0.0, Sum:  0.0, Workers: 4
[289.648s][debug][gc,phases      ] GC(53)     Dead                           Min: 0, Avg:  0.0, Max: 0, Diff: 0, Sum: 0, Workers: 4
[289.648s][debug][gc,phases      ] GC(53)     Total                          Min: 0, Avg: 11.2, Max: 45, Diff: 45, Sum: 45, Workers: 4
[289.648s][debug][gc,phases      ] GC(53)   StringDedup Table Weak         Min:  0.0, Avg:  0.0, Max:  0.0, Diff:  0.0, Sum:  0.0, Workers: 4
[289.648s][debug][gc,phases      ] GC(53)     Dead                           Min: 0, Avg:  0.0, Max: 0, Diff: 0, Sum: 0, Workers: 4
[289.648s][debug][gc,phases      ] GC(53)     Total                          Min: 0, Avg:  0.0, Max: 0, Diff: 0, Sum: 0, Workers: 4
[289.648s][debug][gc,phases      ] GC(53)   StringDedup Requests0 Weak     Min:  0.0, Avg:  0.0, Max:  0.0, Diff:  0.0, Sum:  0.0, Workers: 4
[289.648s][debug][gc,phases      ] GC(53)     Dead                           Min: 0, Avg:  0.0, Max: 0, Diff: 0, Sum: 0, Workers: 4
[289.648s][debug][gc,phases      ] GC(53)     Total                          Min: 0, Avg:  0.0, Max: 0, Diff: 0, Sum: 0, Workers: 4
[289.648s][debug][gc,phases      ] GC(53)   StringDedup Requests1 Weak     Min:  0.0, Avg:  0.0, Max:  0.0, Diff:  0.0, Sum:  0.0, Workers: 4
[289.648s][debug][gc,phases      ] GC(53)     Dead                           Min: 0, Avg:  0.0, Max: 0, Diff: 0, Sum: 0, Workers: 4
[289.648s][debug][gc,phases      ] GC(53)     Total                          Min: 0, Avg:  0.0, Max: 0, Diff: 0, Sum: 0, Workers: 4
[289.648s][debug][gc,phases      ] GC(53)   Weak JFR Old Object Samples    Min:  0.0, Avg:  0.0, Max:  0.0, Diff:  0.0, Sum:  0.0, Workers: 4
[289.648s][debug][gc,phases      ] GC(53)     Dead                           Min: 0, Avg:  0.0, Max: 0, Diff: 0, Sum: 0, Workers: 4
[289.648s][debug][gc,phases      ] GC(53)     Total                          Min: 0, Avg:  0.0, Max: 0, Diff: 0, Sum: 0, Workers: 4
[289.648s][debug][gc,phases      ] GC(53) Weak Processing 0.402ms
[289.648s][debug][gc,age         ] GC(53) Desired survivor size 136839168 bytes, new threshold 15 (max threshold 15)
[289.648s][info ][gc,heap        ] GC(53) PSYoungGen: 1796496K(1932800K)->17248K(1963520K) Eden: 1779200K(1779200K)->0K(1820160K) From: 17296K(153600K)->17248K(143360K)
[289.648s][info ][gc,heap        ] GC(53) ParOldGen: 305665K(451584K)->305705K(451584K)
[289.648s][info ][gc,metaspace   ] GC(53) Metaspace: 76761K(77568K)->76761K(77568K) NonClass: 65737K(66176K)->65737K(66176K) Class: 11023K(11392K)->11023K(11392K)
[289.648s][info ][gc             ] GC(53) Pause Young (Allocation Failure) 2052M->315M(2358M) 13.192ms
[289.648s][info ][gc,cpu         ] GC(53) User=0.03s Sys=0.01s Real=0.01s
[289.648s][info ][safepoint      ] Safepoint "ParallelGCFailedAllocation", Time since last: 5788242980 ns, Reaching safepoint: 56702 ns, At safepoint: 13274057 ns, Total: 13330759 ns
[291.648s][info ][safepoint      ] Safepoint "Cleanup", Time since last: 2000169823 ns, Reaching safepoint: 43202 ns, At safepoint: 3500 ns, Total: 46702 ns
[298.590s][info ][gc,start       ] GC(54) Pause Young (Allocation Failure)
[298.604s][debug][gc,phases      ] GC(54) Scavenge 14.557ms
[298.604s][debug][gc,ref         ] GC(54) Skipped phase 1 of Reference Processing: no references
[298.604s][debug][gc,ref         ] GC(54) ReferenceProcessor::execute queues: 1, RefProcThreadModel::Single, marks_oops_alive: false
[298.604s][debug][gc,ref         ] GC(54) Skipped phase 3 of Reference Processing: no references
[298.604s][debug][gc,ref         ] GC(54) ReferenceProcessor::execute queues: 1, RefProcThreadModel::Single, marks_oops_alive: false
[298.604s][debug][gc,phases      ] GC(54) Reference Processing 0.102ms
[298.605s][debug][gc,phases      ] GC(54)   VM Weak                        Min:  0.0, Avg:  0.0, Max:  0.0, Diff:  0.0, Sum:  0.0, Workers: 4
[298.605s][debug][gc,phases      ] GC(54)     Dead                           Min: 0, Avg:  0.0, Max: 0, Diff: 0, Sum: 0, Workers: 4
[298.605s][debug][gc,phases      ] GC(54)     Total                          Min: 0, Avg: 167.2, Max: 413, Diff: 413, Sum: 669, Workers: 4
[298.605s][debug][gc,phases      ] GC(54)   ObjectSynchronizer Weak        Min:  0.0, Avg:  0.0, Max:  0.0, Diff:  0.0, Sum:  0.0, Workers: 4
[298.605s][debug][gc,phases      ] GC(54)     Dead                           Min: 0, Avg:  0.0, Max: 0, Diff: 0, Sum: 0, Workers: 4
[298.605s][debug][gc,phases      ] GC(54)     Total                          Min: 0, Avg: 35.5, Max: 78, Diff: 78, Sum: 142, Workers: 4
[298.605s][debug][gc,phases      ] GC(54)   JVMTI Tag Weak OopStorage      Min:  0.0, Avg:  0.0, Max:  0.0, Diff:  0.0, Sum:  0.0, Workers: 4
[298.605s][debug][gc,phases      ] GC(54)     Dead                           Min: 0, Avg:  0.0, Max: 0, Diff: 0, Sum: 0, Workers: 4
[298.605s][debug][gc,phases      ] GC(54)     Total                          Min: 0, Avg:  0.0, Max: 0, Diff: 0, Sum: 0, Workers: 4
[298.605s][debug][gc,phases      ] GC(54)   StringTable Weak               Min:  0.0, Avg:  0.1, Max:  0.1, Diff:  0.1, Sum:  0.4, Workers: 4
[298.605s][debug][gc,phases      ] GC(54)     Dead                           Min: 0, Avg:  0.0, Max: 0, Diff: 0, Sum: 0, Workers: 4
[298.605s][debug][gc,phases      ] GC(54)     Total                          Min: 0, Avg: 10583.0, Max: 14464, Diff: 14464, Sum: 42332, Workers: 4
[298.605s][debug][gc,phases      ] GC(54)   ResolvedMethodTable Weak       Min:  0.0, Avg:  0.0, Max:  0.0, Diff:  0.0, Sum:  0.1, Workers: 4
[298.605s][debug][gc,phases      ] GC(54)     Dead                           Min: 0, Avg:  0.0, Max: 0, Diff: 0, Sum: 0, Workers: 4
[298.605s][debug][gc,phases      ] GC(54)     Total                          Min: 0, Avg: 2048.8, Max: 3003, Diff: 3003, Sum: 8195, Workers: 4
[298.605s][debug][gc,phases      ] GC(54)   JNI Weak                       Min:  0.0, Avg:  0.0, Max:  0.0, Diff:  0.0, Sum:  0.0, Workers: 4
[298.605s][debug][gc,phases      ] GC(54)     Dead                           Min: 0, Avg:  0.0, Max: 0, Diff: 0, Sum: 0, Workers: 4
[298.605s][debug][gc,phases      ] GC(54)     Total                          Min: 0, Avg: 11.2, Max: 45, Diff: 45, Sum: 45, Workers: 4
[298.605s][debug][gc,phases      ] GC(54)   StringDedup Table Weak         Min:  0.0, Avg:  0.0, Max:  0.0, Diff:  0.0, Sum:  0.0, Workers: 4
[298.605s][debug][gc,phases      ] GC(54)     Dead                           Min: 0, Avg:  0.0, Max: 0, Diff: 0, Sum: 0, Workers: 4
[298.605s][debug][gc,phases      ] GC(54)     Total                          Min: 0, Avg:  0.0, Max: 0, Diff: 0, Sum: 0, Workers: 4
[298.605s][debug][gc,phases      ] GC(54)   StringDedup Requests0 Weak     Min:  0.0, Avg:  0.0, Max:  0.0, Diff:  0.0, Sum:  0.0, Workers: 4
[298.605s][debug][gc,phases      ] GC(54)     Dead                           Min: 0, Avg:  0.0, Max: 0, Diff: 0, Sum: 0, Workers: 4
[298.605s][debug][gc,phases      ] GC(54)     Total                          Min: 0, Avg:  0.0, Max: 0, Diff: 0, Sum: 0, Workers: 4
[298.605s][debug][gc,phases      ] GC(54)   StringDedup Requests1 Weak     Min:  0.0, Avg:  0.0, Max:  0.0, Diff:  0.0, Sum:  0.0, Workers: 4
[298.605s][debug][gc,phases      ] GC(54)     Dead                           Min: 0, Avg:  0.0, Max: 0, Diff: 0, Sum: 0, Workers: 4
[298.605s][debug][gc,phases      ] GC(54)     Total                          Min: 0, Avg:  0.0, Max: 0, Diff: 0, Sum: 0, Workers: 4
[298.605s][debug][gc,phases      ] GC(54)   Weak JFR Old Object Samples    Min:  0.0, Avg:  0.0, Max:  0.0, Diff:  0.0, Sum:  0.0, Workers: 4
[298.605s][debug][gc,phases      ] GC(54)     Dead                           Min: 0, Avg:  0.0, Max: 0, Diff: 0, Sum: 0, Workers: 4
[298.605s][debug][gc,phases      ] GC(54)     Total                          Min: 0, Avg:  0.0, Max: 0, Diff: 0, Sum: 0, Workers: 4
[298.605s][debug][gc,phases      ] GC(54) Weak Processing 0.372ms
[298.605s][debug][gc,age         ] GC(54) Desired survivor size 130547712 bytes, new threshold 15 (max threshold 15)
[298.605s][info ][gc,heap        ] GC(54) PSYoungGen: 1837408K(1963520K)->2480K(1953792K) Eden: 1820160K(1820160K)->0K(1820160K) From: 17248K(143360K)->2480K(133632K)
[298.605s][info ][gc,heap        ] GC(54) ParOldGen: 305705K(451584K)->320793K(451584K)
[298.605s][info ][gc,metaspace   ] GC(54) Metaspace: 76761K(77568K)->76761K(77568K) NonClass: 65737K(66176K)->65737K(66176K) Class: 11023K(11392K)->11023K(11392K)
[298.605s][info ][gc             ] GC(54) Pause Young (Allocation Failure) 2092M->315M(2349M) 15.168ms
[298.605s][info ][gc,cpu         ] GC(54) User=0.05s Sys=0.00s Real=0.01s
[298.605s][info ][safepoint      ] Safepoint "ParallelGCFailedAllocation", Time since last: 6941499029 ns, Reaching safepoint: 34801 ns, At safepoint: 15239926 ns, Total: 15274727 ns
[300.605s][info ][safepoint      ] Safepoint "Cleanup", Time since last: 2000139457 ns, Reaching safepoint: 45002 ns, At safepoint: 4100 ns, Total: 49102 ns
[304.605s][info ][safepoint      ] Safepoint "Cleanup", Time since last: 4000344606 ns, Reaching safepoint: 50402 ns, At safepoint: 3100 ns, Total: 53502 ns
[306.606s][info ][safepoint      ] Safepoint "Cleanup", Time since last: 2000183248 ns, Reaching safepoint: 49202 ns, At safepoint: 3400 ns, Total: 52602 ns
[307.588s][info ][gc,start       ] GC(55) Pause Young (Allocation Failure)
[307.591s][debug][gc,phases      ] GC(55) Scavenge 2.925ms
[307.591s][debug][gc,ref         ] GC(55) Skipped phase 1 of Reference Processing: no references
[307.591s][debug][gc,ref         ] GC(55) Skipped phase 2 of Reference Processing: no references
[307.591s][debug][gc,ref         ] GC(55) Skipped phase 3 of Reference Processing: no references
[307.591s][debug][gc,ref         ] GC(55) ReferenceProcessor::execute queues: 1, RefProcThreadModel::Single, marks_oops_alive: false
[307.591s][debug][gc,phases      ] GC(55) Reference Processing 0.112ms
[307.591s][debug][gc,phases      ] GC(55)   VM Weak                        Min:  0.0, Avg:  0.0, Max:  0.0, Diff:  0.0, Sum:  0.0, Workers: 4
[307.592s][debug][gc,phases      ] GC(55)     Dead                           Min: 0, Avg:  0.0, Max: 0, Diff: 0, Sum: 0, Workers: 4
[307.592s][debug][gc,phases      ] GC(55)     Total                          Min: 0, Avg: 167.2, Max: 512, Diff: 512, Sum: 669, Workers: 4
[307.592s][debug][gc,phases      ] GC(55)   ObjectSynchronizer Weak        Min:  0.0, Avg:  0.0, Max:  0.0, Diff:  0.0, Sum:  0.0, Workers: 4
[307.592s][debug][gc,phases      ] GC(55)     Dead                           Min: 0, Avg:  0.0, Max: 0, Diff: 0, Sum: 0, Workers: 4
[307.592s][debug][gc,phases      ] GC(55)     Total                          Min: 0, Avg: 35.5, Max: 78, Diff: 78, Sum: 142, Workers: 4
[307.592s][debug][gc,phases      ] GC(55)   JVMTI Tag Weak OopStorage      Min:  0.0, Avg:  0.0, Max:  0.0, Diff:  0.0, Sum:  0.0, Workers: 4
[307.592s][debug][gc,phases      ] GC(55)     Dead                           Min: 0, Avg:  0.0, Max: 0, Diff: 0, Sum: 0, Workers: 4
[307.592s][debug][gc,phases      ] GC(55)     Total                          Min: 0, Avg:  0.0, Max: 0, Diff: 0, Sum: 0, Workers: 4
[307.592s][debug][gc,phases      ] GC(55)   StringTable Weak               Min:  0.0, Avg:  0.1, Max:  0.1, Diff:  0.1, Sum:  0.4, Workers: 4
[307.592s][debug][gc,phases      ] GC(55)     Dead                           Min: 0, Avg:  0.0, Max: 0, Diff: 0, Sum: 0, Workers: 4
[307.592s][debug][gc,phases      ] GC(55)     Total                          Min: 0, Avg: 10583.0, Max: 14528, Diff: 14528, Sum: 42332, Workers: 4
[307.592s][debug][gc,phases      ] GC(55)   ResolvedMethodTable Weak       Min:  0.0, Avg:  0.0, Max:  0.0, Diff:  0.0, Sum:  0.1, Workers: 4
[307.592s][debug][gc,phases      ] GC(55)     Dead                           Min: 0, Avg:  0.0, Max: 0, Diff: 0, Sum: 0, Workers: 4
[307.592s][debug][gc,phases      ] GC(55)     Total                          Min: 0, Avg: 2048.8, Max: 2954, Diff: 2954, Sum: 8195, Workers: 4
[307.592s][debug][gc,phases      ] GC(55)   JNI Weak                       Min:  0.0, Avg:  0.0, Max:  0.0, Diff:  0.0, Sum:  0.0, Workers: 4
[307.592s][debug][gc,phases      ] GC(55)     Dead                           Min: 0, Avg:  0.0, Max: 0, Diff: 0, Sum: 0, Workers: 4
[307.592s][debug][gc,phases      ] GC(55)     Total                          Min: 0, Avg: 11.2, Max: 45, Diff: 45, Sum: 45, Workers: 4
[307.592s][debug][gc,phases      ] GC(55)   StringDedup Table Weak         Min:  0.0, Avg:  0.0, Max:  0.0, Diff:  0.0, Sum:  0.0, Workers: 4
[307.592s][debug][gc,phases      ] GC(55)     Dead                           Min: 0, Avg:  0.0, Max: 0, Diff: 0, Sum: 0, Workers: 4
[307.592s][debug][gc,phases      ] GC(55)     Total                          Min: 0, Avg:  0.0, Max: 0, Diff: 0, Sum: 0, Workers: 4
[307.592s][debug][gc,phases      ] GC(55)   StringDedup Requests0 Weak     Min:  0.0, Avg:  0.0, Max:  0.0, Diff:  0.0, Sum:  0.0, Workers: 4
[307.592s][debug][gc,phases      ] GC(55)     Dead                           Min: 0, Avg:  0.0, Max: 0, Diff: 0, Sum: 0, Workers: 4
[307.592s][debug][gc,phases      ] GC(55)     Total                          Min: 0, Avg:  0.0, Max: 0, Diff: 0, Sum: 0, Workers: 4
[307.592s][debug][gc,phases      ] GC(55)   StringDedup Requests1 Weak     Min:  0.0, Avg:  0.0, Max:  0.0, Diff:  0.0, Sum:  0.0, Workers: 4
[307.592s][debug][gc,phases      ] GC(55)     Dead                           Min: 0, Avg:  0.0, Max: 0, Diff: 0, Sum: 0, Workers: 4
[307.592s][debug][gc,phases      ] GC(55)     Total                          Min: 0, Avg:  0.0, Max: 0, Diff: 0, Sum: 0, Workers: 4
[307.592s][debug][gc,phases      ] GC(55)   Weak JFR Old Object Samples    Min:  0.0, Avg:  0.0, Max:  0.0, Diff:  0.0, Sum:  0.0, Workers: 4
[307.592s][debug][gc,phases      ] GC(55)     Dead                           Min: 0, Avg:  0.0, Max: 0, Diff: 0, Sum: 0, Workers: 4
[307.592s][debug][gc,phases      ] GC(55)     Total                          Min: 0, Avg:  0.0, Max: 0, Diff: 0, Sum: 0, Workers: 4
[307.592s][debug][gc,phases      ] GC(55) Weak Processing 0.373ms
[307.592s][debug][gc,age         ] GC(55) Desired survivor size 124256256 bytes, new threshold 15 (max threshold 15)
[307.592s][info ][gc,heap        ] GC(55) PSYoungGen: 1822640K(1953792K)->640K(1975808K) Eden: 1820160K(1820160K)->0K(1848320K) From: 2480K(133632K)->640K(127488K)
[307.592s][info ][gc,heap        ] GC(55) ParOldGen: 320793K(451584K)->322689K(451584K)
[307.592s][info ][gc,metaspace   ] GC(55) Metaspace: 76766K(77632K)->76766K(77632K) NonClass: 65743K(66240K)->65743K(66240K) Class: 11023K(11392K)->11023K(11392K)
[307.592s][info ][gc             ] GC(55) Pause Young (Allocation Failure) 2093M->315M(2370M) 3.550ms
[307.592s][info ][gc,cpu         ] GC(55) User=0.01s Sys=0.00s Real=0.01s
[307.592s][info ][safepoint      ] Safepoint "ParallelGCFailedAllocation", Time since last: 982348872 ns, Reaching safepoint: 40701 ns, At safepoint: 3629426 ns, Total: 3670127 ns
[308.592s][info ][safepoint      ] Safepoint "Cleanup", Time since last: 1000090392 ns, Reaching safepoint: 120904 ns, At safepoint: 7601 ns, Total: 128505 ns
[311.592s][info ][safepoint      ] Safepoint "Cleanup", Time since last: 3000258820 ns, Reaching safepoint: 130905 ns, At safepoint: 8300 ns, Total: 139205 ns
[313.593s][info ][safepoint      ] Safepoint "Cleanup", Time since last: 2000199452 ns, Reaching safepoint: 201907 ns, At safepoint: 6100 ns, Total: 208007 ns
[314.593s][info ][safepoint      ] Safepoint "Cleanup", Time since last: 1000123737 ns, Reaching safepoint: 142605 ns, At safepoint: 6801 ns, Total: 149406 ns
[316.436s][info ][gc,start       ] GC(56) Pause Young (Allocation Failure)
[316.438s][debug][gc,phases      ] GC(56) Scavenge 2.024ms
[316.438s][debug][gc,ref         ] GC(56) Skipped phase 1 of Reference Processing: no references
[316.438s][debug][gc,ref         ] GC(56) ReferenceProcessor::execute queues: 1, RefProcThreadModel::Single, marks_oops_alive: false
[316.438s][debug][gc,ref         ] GC(56) Skipped phase 3 of Reference Processing: no references
[316.438s][debug][gc,ref         ] GC(56) ReferenceProcessor::execute queues: 1, RefProcThreadModel::Single, marks_oops_alive: false
[316.438s][debug][gc,phases      ] GC(56) Reference Processing 0.101ms
[316.438s][debug][gc,phases      ] GC(56)   VM Weak                        Min:  0.0, Avg:  0.0, Max:  0.0, Diff:  0.0, Sum:  0.0, Workers: 4
[316.438s][debug][gc,phases      ] GC(56)     Dead                           Min: 0, Avg:  0.0, Max: 0, Diff: 0, Sum: 0, Workers: 4
[316.438s][debug][gc,phases      ] GC(56)     Total                          Min: 0, Avg: 167.5, Max: 606, Diff: 606, Sum: 670, Workers: 4
[316.438s][debug][gc,phases      ] GC(56)   ObjectSynchronizer Weak        Min:  0.0, Avg:  0.0, Max:  0.0, Diff:  0.0, Sum:  0.0, Workers: 4
[316.438s][debug][gc,phases      ] GC(56)     Dead                           Min: 0, Avg:  0.0, Max: 0, Diff: 0, Sum: 0, Workers: 4
[316.438s][debug][gc,phases      ] GC(56)     Total                          Min: 0, Avg: 35.5, Max: 78, Diff: 78, Sum: 142, Workers: 4
[316.438s][debug][gc,phases      ] GC(56)   JVMTI Tag Weak OopStorage      Min:  0.0, Avg:  0.0, Max:  0.0, Diff:  0.0, Sum:  0.0, Workers: 4
[316.438s][debug][gc,phases      ] GC(56)     Dead                           Min: 0, Avg:  0.0, Max: 0, Diff: 0, Sum: 0, Workers: 4
[316.438s][debug][gc,phases      ] GC(56)     Total                          Min: 0, Avg:  0.0, Max: 0, Diff: 0, Sum: 0, Workers: 4
[316.438s][debug][gc,phases      ] GC(56)   StringTable Weak               Min:  0.1, Avg:  0.1, Max:  0.1, Diff:  0.0, Sum:  0.4, Workers: 4
[316.438s][debug][gc,phases      ] GC(56)     Dead                           Min: 0, Avg:  0.5, Max: 2, Diff: 2, Sum: 2, Workers: 4
[316.438s][debug][gc,phases      ] GC(56)     Total                          Min: 8640, Avg: 10586.2, Max: 12096, Diff: 3456, Sum: 42345, Workers: 4
[316.438s][debug][gc,phases      ] GC(56)   ResolvedMethodTable Weak       Min:  0.0, Avg:  0.0, Max:  0.0, Diff:  0.0, Sum:  0.1, Workers: 4
[316.438s][debug][gc,phases      ] GC(56)     Dead                           Min: 0, Avg:  0.0, Max: 0, Diff: 0, Sum: 0, Workers: 4
[316.438s][debug][gc,phases      ] GC(56)     Total                          Min: 1914, Avg: 2054.5, Max: 2113, Diff: 199, Sum: 8218, Workers: 4
[316.438s][debug][gc,phases      ] GC(56)   JNI Weak                       Min:  0.0, Avg:  0.0, Max:  0.0, Diff:  0.0, Sum:  0.0, Workers: 4
[316.438s][debug][gc,phases      ] GC(56)     Dead                           Min: 0, Avg:  0.0, Max: 0, Diff: 0, Sum: 0, Workers: 4
[316.438s][debug][gc,phases      ] GC(56)     Total                          Min: 0, Avg: 11.2, Max: 45, Diff: 45, Sum: 45, Workers: 4
[316.438s][debug][gc,phases      ] GC(56)   StringDedup Table Weak         Min:  0.0, Avg:  0.0, Max:  0.0, Diff:  0.0, Sum:  0.0, Workers: 4
[316.438s][debug][gc,phases      ] GC(56)     Dead                           Min: 0, Avg:  0.0, Max: 0, Diff: 0, Sum: 0, Workers: 4
[316.438s][debug][gc,phases      ] GC(56)     Total                          Min: 0, Avg:  0.0, Max: 0, Diff: 0, Sum: 0, Workers: 4
[316.438s][debug][gc,phases      ] GC(56)   StringDedup Requests0 Weak     Min:  0.0, Avg:  0.0, Max:  0.0, Diff:  0.0, Sum:  0.0, Workers: 4
[316.438s][debug][gc,phases      ] GC(56)     Dead                           Min: 0, Avg:  0.0, Max: 0, Diff: 0, Sum: 0, Workers: 4
[316.438s][debug][gc,phases      ] GC(56)     Total                          Min: 0, Avg:  0.0, Max: 0, Diff: 0, Sum: 0, Workers: 4
[316.438s][debug][gc,phases      ] GC(56)   StringDedup Requests1 Weak     Min:  0.0, Avg:  0.0, Max:  0.0, Diff:  0.0, Sum:  0.0, Workers: 4
[316.438s][debug][gc,phases      ] GC(56)     Dead                           Min: 0, Avg:  0.0, Max: 0, Diff: 0, Sum: 0, Workers: 4
[316.438s][debug][gc,phases      ] GC(56)     Total                          Min: 0, Avg:  0.0, Max: 0, Diff: 0, Sum: 0, Workers: 4
[316.438s][debug][gc,phases      ] GC(56)   Weak JFR Old Object Samples    Min:  0.0, Avg:  0.0, Max:  0.0, Diff:  0.0, Sum:  0.0, Workers: 4
[316.438s][debug][gc,phases      ] GC(56)     Dead                           Min: 0, Avg:  0.0, Max: 0, Diff: 0, Sum: 0, Workers: 4
[316.438s][debug][gc,phases      ] GC(56)     Total                          Min: 0, Avg:  0.0, Max: 0, Diff: 0, Sum: 0, Workers: 4
[316.438s][debug][gc,phases      ] GC(56) Weak Processing 0.301ms
[316.438s][debug][gc,age         ] GC(56) Desired survivor size 117964800 bytes, new threshold 15 (max threshold 15)
[316.438s][info ][gc,heap        ] GC(56) PSYoungGen: 1848960K(1975808K)->832K(1969664K) Eden: 1848320K(1848320K)->0K(1848320K) From: 640K(127488K)->832K(121344K)
[316.438s][info ][gc,heap        ] GC(56) ParOldGen: 322689K(451584K)->322713K(451584K)
[316.438s][info ][gc,metaspace   ] GC(56) Metaspace: 76833K(77632K)->76833K(77632K) NonClass: 65799K(66240K)->65799K(66240K) Class: 11033K(11392K)->11033K(11392K)
[316.438s][info ][gc             ] GC(56) Pause Young (Allocation Failure) 2120M->315M(2364M) 2.555ms
[316.438s][info ][gc,cpu         ] GC(56) User=0.00s Sys=0.00s Real=0.00s
[316.438s][info ][safepoint      ] Safepoint "ParallelGCFailedAllocation", Time since last: 1842500531 ns, Reaching safepoint: 41801 ns, At safepoint: 2627791 ns, Total: 2669592 ns
[319.439s][info ][safepoint      ] Safepoint "Cleanup", Time since last: 3000240592 ns, Reaching safepoint: 144105 ns, At safepoint: 7200 ns, Total: 151305 ns
[320.439s][info ][safepoint      ] Safepoint "Cleanup", Time since last: 1000125480 ns, Reaching safepoint: 106104 ns, At safepoint: 9900 ns, Total: 116004 ns
[321.439s][info ][safepoint      ] Safepoint "Cleanup", Time since last: 1000126587 ns, Reaching safepoint: 122405 ns, At safepoint: 7800 ns, Total: 130205 ns
[325.484s][info ][gc,start       ] GC(57) Pause Young (Allocation Failure)
[325.487s][debug][gc,phases      ] GC(57) Scavenge 2.440ms
[325.487s][debug][gc,ref         ] GC(57) Skipped phase 1 of Reference Processing: no references
[325.487s][debug][gc,ref         ] GC(57) ReferenceProcessor::execute queues: 1, RefProcThreadModel::Single, marks_oops_alive: false
[325.487s][debug][gc,ref         ] GC(57) Skipped phase 3 of Reference Processing: no references
[325.487s][debug][gc,ref         ] GC(57) ReferenceProcessor::execute queues: 1, RefProcThreadModel::Single, marks_oops_alive: false
[325.487s][debug][gc,phases      ] GC(57) Reference Processing 0.109ms
[325.487s][debug][gc,phases      ] GC(57)   VM Weak                        Min:  0.0, Avg:  0.0, Max:  0.0, Diff:  0.0, Sum:  0.0, Workers: 4
[325.487s][debug][gc,phases      ] GC(57)     Dead                           Min: 0, Avg:  0.0, Max: 0, Diff: 0, Sum: 0, Workers: 4
[325.487s][debug][gc,phases      ] GC(57)     Total                          Min: 0, Avg: 167.5, Max: 542, Diff: 542, Sum: 670, Workers: 4
[325.487s][debug][gc,phases      ] GC(57)   ObjectSynchronizer Weak        Min:  0.0, Avg:  0.0, Max:  0.0, Diff:  0.0, Sum:  0.0, Workers: 4
[325.487s][debug][gc,phases      ] GC(57)     Dead                           Min: 0, Avg:  0.0, Max: 0, Diff: 0, Sum: 0, Workers: 4
[325.487s][debug][gc,phases      ] GC(57)     Total                          Min: 0, Avg: 35.5, Max: 64, Diff: 64, Sum: 142, Workers: 4
[325.487s][debug][gc,phases      ] GC(57)   JVMTI Tag Weak OopStorage      Min:  0.0, Avg:  0.0, Max:  0.0, Diff:  0.0, Sum:  0.0, Workers: 4
[325.487s][debug][gc,phases      ] GC(57)     Dead                           Min: 0, Avg:  0.0, Max: 0, Diff: 0, Sum: 0, Workers: 4
[325.487s][debug][gc,phases      ] GC(57)     Total                          Min: 0, Avg:  0.0, Max: 0, Diff: 0, Sum: 0, Workers: 4
[325.487s][debug][gc,phases      ] GC(57)   StringTable Weak               Min:  0.0, Avg:  0.1, Max:  0.1, Diff:  0.1, Sum:  0.4, Workers: 4
[325.487s][debug][gc,phases      ] GC(57)     Dead                           Min: 0, Avg:  0.0, Max: 0, Diff: 0, Sum: 0, Workers: 4
[325.487s][debug][gc,phases      ] GC(57)     Total                          Min: 0, Avg: 10586.2, Max: 14379, Diff: 14379, Sum: 42345, Workers: 4
[325.487s][debug][gc,phases      ] GC(57)   ResolvedMethodTable Weak       Min:  0.0, Avg:  0.0, Max:  0.0, Diff:  0.0, Sum:  0.1, Workers: 4
[325.487s][debug][gc,phases      ] GC(57)     Dead                           Min: 0, Avg:  0.0, Max: 0, Diff: 0, Sum: 0, Workers: 4
[325.487s][debug][gc,phases      ] GC(57)     Total                          Min: 0, Avg: 2054.5, Max: 2814, Diff: 2814, Sum: 8218, Workers: 4
[325.487s][debug][gc,phases      ] GC(57)   JNI Weak                       Min:  0.0, Avg:  0.0, Max:  0.0, Diff:  0.0, Sum:  0.0, Workers: 4
[325.487s][debug][gc,phases      ] GC(57)     Dead                           Min: 0, Avg:  0.0, Max: 0, Diff: 0, Sum: 0, Workers: 4
[325.487s][debug][gc,phases      ] GC(57)     Total                          Min: 0, Avg: 11.2, Max: 45, Diff: 45, Sum: 45, Workers: 4
[325.487s][debug][gc,phases      ] GC(57)   StringDedup Table Weak         Min:  0.0, Avg:  0.0, Max:  0.0, Diff:  0.0, Sum:  0.0, Workers: 4
[325.487s][debug][gc,phases      ] GC(57)     Dead                           Min: 0, Avg:  0.0, Max: 0, Diff: 0, Sum: 0, Workers: 4
[325.487s][debug][gc,phases      ] GC(57)     Total                          Min: 0, Avg:  0.0, Max: 0, Diff: 0, Sum: 0, Workers: 4
[325.487s][debug][gc,phases      ] GC(57)   StringDedup Requests0 Weak     Min:  0.0, Avg:  0.0, Max:  0.0, Diff:  0.0, Sum:  0.0, Workers: 4
[325.487s][debug][gc,phases      ] GC(57)     Dead                           Min: 0, Avg:  0.0, Max: 0, Diff: 0, Sum: 0, Workers: 4
[325.487s][debug][gc,phases      ] GC(57)     Total                          Min: 0, Avg:  0.0, Max: 0, Diff: 0, Sum: 0, Workers: 4
[325.487s][debug][gc,phases      ] GC(57)   StringDedup Requests1 Weak     Min:  0.0, Avg:  0.0, Max:  0.0, Diff:  0.0, Sum:  0.0, Workers: 4
[325.487s][debug][gc,phases      ] GC(57)     Dead                           Min: 0, Avg:  0.0, Max: 0, Diff: 0, Sum: 0, Workers: 4
[325.487s][debug][gc,phases      ] GC(57)     Total                          Min: 0, Avg:  0.0, Max: 0, Diff: 0, Sum: 0, Workers: 4
[325.487s][debug][gc,phases      ] GC(57)   Weak JFR Old Object Samples    Min:  0.0, Avg:  0.0, Max:  0.0, Diff:  0.0, Sum:  0.0, Workers: 4
[325.487s][debug][gc,phases      ] GC(57)     Dead                           Min: 0, Avg:  0.0, Max: 0, Diff: 0, Sum: 0, Workers: 4
[325.487s][debug][gc,phases      ] GC(57)     Total                          Min: 0, Avg:  0.0, Max: 0, Diff: 0, Sum: 0, Workers: 4
[325.487s][debug][gc,phases      ] GC(57) Weak Processing 0.378ms
[325.487s][debug][gc,age         ] GC(57) Desired survivor size 111673344 bytes, new threshold 15 (max threshold 15)
[325.487s][info ][gc,heap        ] GC(57) PSYoungGen: 1849152K(1969664K)->880K(1988096K) Eden: 1848320K(1848320K)->0K(1872896K) From: 832K(121344K)->880K(115200K)
[325.487s][info ][gc,heap        ] GC(57) ParOldGen: 322713K(451584K)->322729K(451584K)
[325.487s][info ][gc,metaspace   ] GC(57) Metaspace: 76833K(77632K)->76833K(77632K) NonClass: 65799K(66240K)->65799K(66240K) Class: 11033K(11392K)->11033K(11392K)
[325.487s][info ][gc             ] GC(57) Pause Young (Allocation Failure) 2120M->316M(2382M) 3.071ms
[325.487s][info ][gc,cpu         ] GC(57) User=0.01s Sys=0.00s Real=0.00s
[325.487s][info ][safepoint      ] Safepoint "ParallelGCFailedAllocation", Time since last: 4044992264 ns, Reaching safepoint: 41502 ns, At safepoint: 3151709 ns, Total: 3193211 ns
[331.488s][info ][safepoint      ] Safepoint "Cleanup", Time since last: 6000485837 ns, Reaching safepoint: 116804 ns, At safepoint: 21100 ns, Total: 137904 ns
[332.488s][info ][safepoint      ] Safepoint "Cleanup", Time since last: 1000137966 ns, Reaching safepoint: 142805 ns, At safepoint: 8701 ns, Total: 151506 ns
[334.640s][info ][gc,start       ] GC(58) Pause Young (Allocation Failure)
[334.643s][debug][gc,phases      ] GC(58) Scavenge 2.931ms
[334.643s][debug][gc,ref         ] GC(58) Skipped phase 1 of Reference Processing: no references
[334.643s][debug][gc,ref         ] GC(58) ReferenceProcessor::execute queues: 1, RefProcThreadModel::Single, marks_oops_alive: false
[334.643s][debug][gc,ref         ] GC(58) Skipped phase 3 of Reference Processing: no references
[334.643s][debug][gc,ref         ] GC(58) Skipped phase 4 of Reference Processing: no references
[334.643s][debug][gc,phases      ] GC(58) Reference Processing 0.102ms
[334.643s][debug][gc,phases      ] GC(58)   VM Weak                        Min:  0.0, Avg:  0.0, Max:  0.0, Diff:  0.0, Sum:  0.0, Workers: 4
[334.643s][debug][gc,phases      ] GC(58)     Dead                           Min: 0, Avg:  0.0, Max: 0, Diff: 0, Sum: 0, Workers: 4
[334.643s][debug][gc,phases      ] GC(58)     Total                          Min: 0, Avg: 167.5, Max: 478, Diff: 478, Sum: 670, Workers: 4
[334.643s][debug][gc,phases      ] GC(58)   ObjectSynchronizer Weak        Min:  0.0, Avg:  0.0, Max:  0.0, Diff:  0.0, Sum:  0.0, Workers: 4
[334.643s][debug][gc,phases      ] GC(58)     Dead                           Min: 0, Avg:  0.0, Max: 0, Diff: 0, Sum: 0, Workers: 4
[334.643s][debug][gc,phases      ] GC(58)     Total                          Min: 0, Avg: 35.5, Max: 64, Diff: 64, Sum: 142, Workers: 4
[334.643s][debug][gc,phases      ] GC(58)   JVMTI Tag Weak OopStorage      Min:  0.0, Avg:  0.0, Max:  0.0, Diff:  0.0, Sum:  0.0, Workers: 4
[334.643s][debug][gc,phases      ] GC(58)     Dead                           Min: 0, Avg:  0.0, Max: 0, Diff: 0, Sum: 0, Workers: 4
[334.643s][debug][gc,phases      ] GC(58)     Total                          Min: 0, Avg:  0.0, Max: 0, Diff: 0, Sum: 0, Workers: 4
[334.643s][debug][gc,phases      ] GC(58)   StringTable Weak               Min:  0.1, Avg:  0.1, Max:  0.1, Diff:  0.1, Sum:  0.4, Workers: 4
[334.643s][debug][gc,phases      ] GC(58)     Dead                           Min: 0, Avg:  0.0, Max: 0, Diff: 0, Sum: 0, Workers: 4
[334.643s][debug][gc,phases      ] GC(58)     Total                          Min: 6144, Avg: 10586.5, Max: 13440, Diff: 7296, Sum: 42346, Workers: 4
[334.643s][debug][gc,phases      ] GC(58)   ResolvedMethodTable Weak       Min:  0.0, Avg:  0.0, Max:  0.0, Diff:  0.0, Sum:  0.1, Workers: 4
[334.643s][debug][gc,phases      ] GC(58)     Dead                           Min: 0, Avg:  0.0, Max: 0, Diff: 0, Sum: 0, Workers: 4
[334.643s][debug][gc,phases      ] GC(58)     Total                          Min: 1875, Avg: 2054.5, Max: 2226, Diff: 351, Sum: 8218, Workers: 4
[334.643s][debug][gc,phases      ] GC(58)   JNI Weak                       Min:  0.0, Avg:  0.0, Max:  0.0, Diff:  0.0, Sum:  0.0, Workers: 4
[334.643s][debug][gc,phases      ] GC(58)     Dead                           Min: 0, Avg:  0.0, Max: 0, Diff: 0, Sum: 0, Workers: 4
[334.643s][debug][gc,phases      ] GC(58)     Total                          Min: 0, Avg: 11.2, Max: 45, Diff: 45, Sum: 45, Workers: 4
[334.643s][debug][gc,phases      ] GC(58)   StringDedup Table Weak         Min:  0.0, Avg:  0.0, Max:  0.0, Diff:  0.0, Sum:  0.0, Workers: 4
[334.643s][debug][gc,phases      ] GC(58)     Dead                           Min: 0, Avg:  0.0, Max: 0, Diff: 0, Sum: 0, Workers: 4
[334.643s][debug][gc,phases      ] GC(58)     Total                          Min: 0, Avg:  0.0, Max: 0, Diff: 0, Sum: 0, Workers: 4
[334.643s][debug][gc,phases      ] GC(58)   StringDedup Requests0 Weak     Min:  0.0, Avg:  0.0, Max:  0.0, Diff:  0.0, Sum:  0.0, Workers: 4
[334.643s][debug][gc,phases      ] GC(58)     Dead                           Min: 0, Avg:  0.0, Max: 0, Diff: 0, Sum: 0, Workers: 4
[334.643s][debug][gc,phases      ] GC(58)     Total                          Min: 0, Avg:  0.0, Max: 0, Diff: 0, Sum: 0, Workers: 4
[334.643s][debug][gc,phases      ] GC(58)   StringDedup Requests1 Weak     Min:  0.0, Avg:  0.0, Max:  0.0, Diff:  0.0, Sum:  0.0, Workers: 4
[334.643s][debug][gc,phases      ] GC(58)     Dead                           Min: 0, Avg:  0.0, Max: 0, Diff: 0, Sum: 0, Workers: 4
[334.643s][debug][gc,phases      ] GC(58)     Total                          Min: 0, Avg:  0.0, Max: 0, Diff: 0, Sum: 0, Workers: 4
[334.643s][debug][gc,phases      ] GC(58)   Weak JFR Old Object Samples    Min:  0.0, Avg:  0.0, Max:  0.0, Diff:  0.0, Sum:  0.0, Workers: 4
[334.643s][debug][gc,phases      ] GC(58)     Dead                           Min: 0, Avg:  0.0, Max: 0, Diff: 0, Sum: 0, Workers: 4
[334.643s][debug][gc,phases      ] GC(58)     Total                          Min: 0, Avg:  0.0, Max: 0, Diff: 0, Sum: 0, Workers: 4
[334.643s][debug][gc,phases      ] GC(58) Weak Processing 0.354ms
[334.643s][debug][gc,age         ] GC(58) Desired survivor size 105381888 bytes, new threshold 15 (max threshold 15)
[334.643s][info ][gc,heap        ] GC(58) PSYoungGen: 1873776K(1988096K)->848K(1981952K) Eden: 1872896K(1872896K)->0K(1872896K) From: 880K(115200K)->848K(109056K)
[334.643s][info ][gc,heap        ] GC(58) ParOldGen: 322729K(451584K)->322753K(451584K)
[334.643s][info ][gc,metaspace   ] GC(58) Metaspace: 76842K(77632K)->76842K(77632K) NonClass: 65808K(66240K)->65808K(66240K) Class: 11033K(11392K)->11033K(11392K)
[334.643s][info ][gc             ] GC(58) Pause Young (Allocation Failure) 2145M->316M(2376M) 3.512ms
[334.643s][info ][gc,cpu         ] GC(58) User=0.01s Sys=0.00s Real=0.01s
[334.643s][info ][safepoint      ] Safepoint "ParallelGCFailedAllocation", Time since last: 2151293805 ns, Reaching safepoint: 47702 ns, At safepoint: 3584824 ns, Total: 3632526 ns
[336.643s][info ][safepoint      ] Safepoint "Cleanup", Time since last: 2000172680 ns, Reaching safepoint: 120104 ns, At safepoint: 10701 ns, Total: 130805 ns
[338.644s][info ][safepoint      ] Safepoint "Cleanup", Time since last: 2000192508 ns, Reaching safepoint: 122404 ns, At safepoint: 6301 ns, Total: 128705 ns
[339.644s][info ][safepoint      ] Safepoint "Cleanup", Time since last: 1000113315 ns, Reaching safepoint: 109504 ns, At safepoint: 7000 ns, Total: 116504 ns
[343.840s][info ][gc,start       ] GC(59) Pause Young (Allocation Failure)
[343.844s][debug][gc,phases      ] GC(59) Scavenge 4.385ms
[343.844s][debug][gc,ref         ] GC(59) Skipped phase 1 of Reference Processing: no references
[343.844s][debug][gc,ref         ] GC(59) ReferenceProcessor::execute queues: 1, RefProcThreadModel::Single, marks_oops_alive: false
[343.844s][debug][gc,ref         ] GC(59) Skipped phase 3 of Reference Processing: no references
[343.844s][debug][gc,ref         ] GC(59) Skipped phase 4 of Reference Processing: no references
[343.844s][debug][gc,phases      ] GC(59) Reference Processing 0.097ms
[343.845s][debug][gc,phases      ] GC(59)   VM Weak                        Min:  0.0, Avg:  0.0, Max:  0.0, Diff:  0.0, Sum:  0.0, Workers: 4
[343.845s][debug][gc,phases      ] GC(59)     Dead                           Min: 0, Avg:  0.0, Max: 0, Diff: 0, Sum: 0, Workers: 4
[343.845s][debug][gc,phases      ] GC(59)     Total                          Min: 0, Avg: 167.5, Max: 670, Diff: 670, Sum: 670, Workers: 4
[343.845s][debug][gc,phases      ] GC(59)   ObjectSynchronizer Weak        Min:  0.0, Avg:  0.0, Max:  0.0, Diff:  0.0, Sum:  0.0, Workers: 4
[343.845s][debug][gc,phases      ] GC(59)     Dead                           Min: 0, Avg:  0.0, Max: 0, Diff: 0, Sum: 0, Workers: 4
[343.845s][debug][gc,phases      ] GC(59)     Total                          Min: 0, Avg: 35.5, Max: 128, Diff: 128, Sum: 142, Workers: 4
[343.845s][debug][gc,phases      ] GC(59)   JVMTI Tag Weak OopStorage      Min:  0.0, Avg:  0.0, Max:  0.0, Diff:  0.0, Sum:  0.0, Workers: 4
[343.845s][debug][gc,phases      ] GC(59)     Dead                           Min: 0, Avg:  0.0, Max: 0, Diff: 0, Sum: 0, Workers: 4
[343.845s][debug][gc,phases      ] GC(59)     Total                          Min: 0, Avg:  0.0, Max: 0, Diff: 0, Sum: 0, Workers: 4
[343.845s][debug][gc,phases      ] GC(59)   StringTable Weak               Min:  0.0, Avg:  0.1, Max:  0.2, Diff:  0.2, Sum:  0.3, Workers: 4
[343.845s][debug][gc,phases      ] GC(59)     Dead                           Min: 0, Avg:  0.0, Max: 0, Diff: 0, Sum: 0, Workers: 4
[343.845s][debug][gc,phases      ] GC(59)     Total                          Min: 0, Avg: 10586.5, Max: 22380, Diff: 22380, Sum: 42346, Workers: 4
[343.845s][debug][gc,phases      ] GC(59)   ResolvedMethodTable Weak       Min:  0.0, Avg:  0.0, Max:  0.0, Diff:  0.0, Sum:  0.1, Workers: 4
[343.845s][debug][gc,phases      ] GC(59)     Dead                           Min: 0, Avg:  0.0, Max: 0, Diff: 0, Sum: 0, Workers: 4
[343.845s][debug][gc,phases      ] GC(59)     Total                          Min: 0, Avg: 2054.5, Max: 4373, Diff: 4373, Sum: 8218, Workers: 4
[343.845s][debug][gc,phases      ] GC(59)   JNI Weak                       Min:  0.0, Avg:  0.0, Max:  0.0, Diff:  0.0, Sum:  0.0, Workers: 4
[343.845s][debug][gc,phases      ] GC(59)     Dead                           Min: 0, Avg:  0.0, Max: 0, Diff: 0, Sum: 0, Workers: 4
[343.845s][debug][gc,phases      ] GC(59)     Total                          Min: 0, Avg: 11.2, Max: 45, Diff: 45, Sum: 45, Workers: 4
[343.845s][debug][gc,phases      ] GC(59)   StringDedup Table Weak         Min:  0.0, Avg:  0.0, Max:  0.0, Diff:  0.0, Sum:  0.0, Workers: 4
[343.845s][debug][gc,phases      ] GC(59)     Dead                           Min: 0, Avg:  0.0, Max: 0, Diff: 0, Sum: 0, Workers: 4
[343.845s][debug][gc,phases      ] GC(59)     Total                          Min: 0, Avg:  0.0, Max: 0, Diff: 0, Sum: 0, Workers: 4
[343.845s][debug][gc,phases      ] GC(59)   StringDedup Requests0 Weak     Min:  0.0, Avg:  0.0, Max:  0.0, Diff:  0.0, Sum:  0.0, Workers: 4
[343.845s][debug][gc,phases      ] GC(59)     Dead                           Min: 0, Avg:  0.0, Max: 0, Diff: 0, Sum: 0, Workers: 4
[343.845s][debug][gc,phases      ] GC(59)     Total                          Min: 0, Avg:  0.0, Max: 0, Diff: 0, Sum: 0, Workers: 4
[343.845s][debug][gc,phases      ] GC(59)   StringDedup Requests1 Weak     Min:  0.0, Avg:  0.0, Max:  0.0, Diff:  0.0, Sum:  0.0, Workers: 4
[343.845s][debug][gc,phases      ] GC(59)     Dead                           Min: 0, Avg:  0.0, Max: 0, Diff: 0, Sum: 0, Workers: 4
[343.845s][debug][gc,phases      ] GC(59)     Total                          Min: 0, Avg:  0.0, Max: 0, Diff: 0, Sum: 0, Workers: 4
[343.845s][debug][gc,phases      ] GC(59)   Weak JFR Old Object Samples    Min:  0.0, Avg:  0.0, Max:  0.0, Diff:  0.0, Sum:  0.0, Workers: 4
[343.845s][debug][gc,phases      ] GC(59)     Dead                           Min: 0, Avg:  0.0, Max: 0, Diff: 0, Sum: 0, Workers: 4
[343.845s][debug][gc,phases      ] GC(59)     Total                          Min: 0, Avg:  0.0, Max: 0, Diff: 0, Sum: 0, Workers: 4
[343.845s][debug][gc,phases      ] GC(59) Weak Processing 0.403ms
[343.845s][debug][gc,age         ] GC(59) Desired survivor size 99090432 bytes, new threshold 15 (max threshold 15)
[343.845s][info ][gc,heap        ] GC(59) PSYoungGen: 1873744K(1981952K)->864K(2000384K) Eden: 1872896K(1872896K)->0K(1897472K) From: 848K(109056K)->864K(102912K)
[343.845s][info ][gc,heap        ] GC(59) ParOldGen: 322753K(451584K)->322761K(451584K)
[343.845s][info ][gc,metaspace   ] GC(59) Metaspace: 76849K(77696K)->76849K(77696K) NonClass: 65816K(66304K)->65816K(66304K) Class: 11033K(11392K)->11033K(11392K)
[343.845s][info ][gc             ] GC(59) Pause Young (Allocation Failure) 2145M->316M(2394M) 5.014ms
[343.845s][info ][gc,cpu         ] GC(59) User=0.01s Sys=0.00s Real=0.01s
[343.845s][info ][safepoint      ] Safepoint "ParallelGCFailedAllocation", Time since last: 4195814637 ns, Reaching safepoint: 43102 ns, At safepoint: 5119478 ns, Total: 5162580 ns
[346.845s][info ][safepoint      ] Safepoint "Cleanup", Time since last: 3000213870 ns, Reaching safepoint: 50201 ns, At safepoint: 2800 ns, Total: 53001 ns
[352.846s][info ][safepoint      ] Safepoint "Cleanup", Time since last: 6000483825 ns, Reaching safepoint: 46402 ns, At safepoint: 5200 ns, Total: 51602 ns
[353.187s][info ][gc,start       ] GC(60) Pause Young (Allocation Failure)
[353.189s][debug][gc,phases      ] GC(60) Scavenge 1.634ms
[353.189s][debug][gc,ref         ] GC(60) Skipped phase 1 of Reference Processing: no references
[353.189s][debug][gc,ref         ] GC(60) ReferenceProcessor::execute queues: 1, RefProcThreadModel::Single, marks_oops_alive: false
[353.189s][debug][gc,ref         ] GC(60) Skipped phase 3 of Reference Processing: no references
[353.189s][debug][gc,ref         ] GC(60) Skipped phase 4 of Reference Processing: no references
[353.189s][debug][gc,phases      ] GC(60) Reference Processing 0.097ms
[353.189s][debug][gc,phases      ] GC(60)   VM Weak                        Min:  0.0, Avg:  0.0, Max:  0.0, Diff:  0.0, Sum:  0.0, Workers: 4
[353.189s][debug][gc,phases      ] GC(60)     Dead                           Min: 0, Avg:  0.0, Max: 0, Diff: 0, Sum: 0, Workers: 4
[353.189s][debug][gc,phases      ] GC(60)     Total                          Min: 64, Avg: 167.5, Max: 414, Diff: 350, Sum: 670, Workers: 4
[353.189s][debug][gc,phases      ] GC(60)   ObjectSynchronizer Weak        Min:  0.0, Avg:  0.0, Max:  0.0, Diff:  0.0, Sum:  0.0, Workers: 4
[353.189s][debug][gc,phases      ] GC(60)     Dead                           Min: 0, Avg:  0.0, Max: 0, Diff: 0, Sum: 0, Workers: 4
[353.189s][debug][gc,phases      ] GC(60)     Total                          Min: 0, Avg: 35.5, Max: 64, Diff: 64, Sum: 142, Workers: 4
[353.189s][debug][gc,phases      ] GC(60)   JVMTI Tag Weak OopStorage      Min:  0.0, Avg:  0.0, Max:  0.0, Diff:  0.0, Sum:  0.0, Workers: 4
[353.189s][debug][gc,phases      ] GC(60)     Dead                           Min: 0, Avg:  0.0, Max: 0, Diff: 0, Sum: 0, Workers: 4
[353.189s][debug][gc,phases      ] GC(60)     Total                          Min: 0, Avg:  0.0, Max: 0, Diff: 0, Sum: 0, Workers: 4
[353.189s][debug][gc,phases      ] GC(60)   StringTable Weak               Min:  0.1, Avg:  0.1, Max:  0.1, Diff:  0.0, Sum:  0.4, Workers: 4
[353.189s][debug][gc,phases      ] GC(60)     Dead                           Min: 0, Avg:  0.0, Max: 0, Diff: 0, Sum: 0, Workers: 4
[353.189s][debug][gc,phases      ] GC(60)     Total                          Min: 9790, Avg: 10587.8, Max: 11648, Diff: 1858, Sum: 42351, Workers: 4
[353.189s][debug][gc,phases      ] GC(60)   ResolvedMethodTable Weak       Min:  0.0, Avg:  0.0, Max:  0.0, Diff:  0.0, Sum:  0.1, Workers: 4
[353.189s][debug][gc,phases      ] GC(60)     Dead                           Min: 0, Avg:  0.0, Max: 0, Diff: 0, Sum: 0, Workers: 4
[353.189s][debug][gc,phases      ] GC(60)     Total                          Min: 1246, Avg: 2054.5, Max: 2452, Diff: 1206, Sum: 8218, Workers: 4
[353.189s][debug][gc,phases      ] GC(60)   JNI Weak                       Min:  0.0, Avg:  0.0, Max:  0.0, Diff:  0.0, Sum:  0.0, Workers: 4
[353.189s][debug][gc,phases      ] GC(60)     Dead                           Min: 0, Avg:  0.0, Max: 0, Diff: 0, Sum: 0, Workers: 4
[353.189s][debug][gc,phases      ] GC(60)     Total                          Min: 0, Avg: 11.2, Max: 45, Diff: 45, Sum: 45, Workers: 4
[353.189s][debug][gc,phases      ] GC(60)   StringDedup Table Weak         Min:  0.0, Avg:  0.0, Max:  0.0, Diff:  0.0, Sum:  0.0, Workers: 4
[353.189s][debug][gc,phases      ] GC(60)     Dead                           Min: 0, Avg:  0.0, Max: 0, Diff: 0, Sum: 0, Workers: 4
[353.189s][debug][gc,phases      ] GC(60)     Total                          Min: 0, Avg:  0.0, Max: 0, Diff: 0, Sum: 0, Workers: 4
[353.189s][debug][gc,phases      ] GC(60)   StringDedup Requests0 Weak     Min:  0.0, Avg:  0.0, Max:  0.0, Diff:  0.0, Sum:  0.0, Workers: 4
[353.189s][debug][gc,phases      ] GC(60)     Dead                           Min: 0, Avg:  0.0, Max: 0, Diff: 0, Sum: 0, Workers: 4
[353.189s][debug][gc,phases      ] GC(60)     Total                          Min: 0, Avg:  0.0, Max: 0, Diff: 0, Sum: 0, Workers: 4
[353.189s][debug][gc,phases      ] GC(60)   StringDedup Requests1 Weak     Min:  0.0, Avg:  0.0, Max:  0.0, Diff:  0.0, Sum:  0.0, Workers: 4
[353.189s][debug][gc,phases      ] GC(60)     Dead                           Min: 0, Avg:  0.0, Max: 0, Diff: 0, Sum: 0, Workers: 4
[353.189s][debug][gc,phases      ] GC(60)     Total                          Min: 0, Avg:  0.0, Max: 0, Diff: 0, Sum: 0, Workers: 4
[353.189s][debug][gc,phases      ] GC(60)   Weak JFR Old Object Samples    Min:  0.0, Avg:  0.0, Max:  0.0, Diff:  0.0, Sum:  0.0, Workers: 4
[353.189s][debug][gc,phases      ] GC(60)     Dead                           Min: 0, Avg:  0.0, Max: 0, Diff: 0, Sum: 0, Workers: 4
[353.189s][debug][gc,phases      ] GC(60)     Total                          Min: 0, Avg:  0.0, Max: 0, Diff: 0, Sum: 0, Workers: 4
[353.189s][debug][gc,phases      ] GC(60) Weak Processing 0.334ms
[353.189s][debug][gc,age         ] GC(60) Desired survivor size 93323264 bytes, new threshold 15 (max threshold 15)
[353.189s][info ][gc,heap        ] GC(60) PSYoungGen: 1898336K(2000384K)->848K(1994240K) Eden: 1897472K(1897472K)->0K(1897472K) From: 864K(102912K)->848K(96768K)
[353.189s][info ][gc,heap        ] GC(60) ParOldGen: 322761K(451584K)->322769K(451584K)
[353.189s][info ][gc,metaspace   ] GC(60) Metaspace: 76850K(77696K)->76850K(77696K) NonClass: 65816K(66304K)->65816K(66304K) Class: 11033K(11392K)->11033K(11392K)
[353.189s][info ][gc             ] GC(60) Pause Young (Allocation Failure) 2169M->316M(2388M) 2.185ms
[353.189s][info ][gc,cpu         ] GC(60) User=0.01s Sys=0.00s Real=0.01s
[353.189s][info ][safepoint      ] Safepoint "ParallelGCFailedAllocation", Time since last: 341219811 ns, Reaching safepoint: 33401 ns, At safepoint: 2253879 ns, Total: 2287280 ns
[357.190s][info ][safepoint      ] Safepoint "Cleanup", Time since last: 4000303594 ns, Reaching safepoint: 128704 ns, At safepoint: 5900 ns, Total: 134604 ns
[359.190s][info ][safepoint      ] Safepoint "Cleanup", Time since last: 2000221990 ns, Reaching safepoint: 126604 ns, At safepoint: 9301 ns, Total: 135905 ns
[360.190s][info ][safepoint      ] Safepoint "Cleanup", Time since last: 1000126255 ns, Reaching safepoint: 123504 ns, At safepoint: 8001 ns, Total: 131505 ns
[362.260s][info ][gc,start       ] GC(61) Pause Young (Allocation Failure)
[362.264s][debug][gc,phases      ] GC(61) Scavenge 4.145ms
[362.264s][debug][gc,ref         ] GC(61) Skipped phase 1 of Reference Processing: no references
[362.264s][debug][gc,ref         ] GC(61) ReferenceProcessor::execute queues: 1, RefProcThreadModel::Single, marks_oops_alive: false
[362.264s][debug][gc,ref         ] GC(61) Skipped phase 3 of Reference Processing: no references
[362.264s][debug][gc,ref         ] GC(61) Skipped phase 4 of Reference Processing: no references
[362.264s][debug][gc,phases      ] GC(61) Reference Processing 0.097ms
[362.265s][debug][gc,phases      ] GC(61)   VM Weak                        Min:  0.0, Avg:  0.0, Max:  0.0, Diff:  0.0, Sum:  0.0, Workers: 4
[362.265s][debug][gc,phases      ] GC(61)     Dead                           Min: 0, Avg:  0.0, Max: 0, Diff: 0, Sum: 0, Workers: 4
[362.265s][debug][gc,phases      ] GC(61)     Total                          Min: 0, Avg: 167.5, Max: 350, Diff: 350, Sum: 670, Workers: 4
[362.265s][debug][gc,phases      ] GC(61)   ObjectSynchronizer Weak        Min:  0.0, Avg:  0.0, Max:  0.0, Diff:  0.0, Sum:  0.0, Workers: 4
[362.265s][debug][gc,phases      ] GC(61)     Dead                           Min: 0, Avg:  0.0, Max: 0, Diff: 0, Sum: 0, Workers: 4
[362.265s][debug][gc,phases      ] GC(61)     Total                          Min: 0, Avg: 35.5, Max: 64, Diff: 64, Sum: 142, Workers: 4
[362.265s][debug][gc,phases      ] GC(61)   JVMTI Tag Weak OopStorage      Min:  0.0, Avg:  0.0, Max:  0.0, Diff:  0.0, Sum:  0.0, Workers: 4
[362.265s][debug][gc,phases      ] GC(61)     Dead                           Min: 0, Avg:  0.0, Max: 0, Diff: 0, Sum: 0, Workers: 4
[362.265s][debug][gc,phases      ] GC(61)     Total                          Min: 0, Avg:  0.0, Max: 0, Diff: 0, Sum: 0, Workers: 4
[362.265s][debug][gc,phases      ] GC(61)   StringTable Weak               Min:  0.2, Avg:  0.2, Max:  0.2, Diff:  0.0, Sum:  0.6, Workers: 4
[362.265s][debug][gc,phases      ] GC(61)     Dead                           Min: 0, Avg:  0.0, Max: 0, Diff: 0, Sum: 0, Workers: 4
[362.265s][debug][gc,phases      ] GC(61)     Total                          Min: 3200, Avg: 10587.8, Max: 18560, Diff: 15360, Sum: 42351, Workers: 4
[362.265s][debug][gc,phases      ] GC(61)   ResolvedMethodTable Weak       Min:  0.0, Avg:  0.0, Max:  0.0, Diff:  0.0, Sum:  0.1, Workers: 4
[362.265s][debug][gc,phases      ] GC(61)     Dead                           Min: 0, Avg:  0.0, Max: 0, Diff: 0, Sum: 0, Workers: 4
[362.265s][debug][gc,phases      ] GC(61)     Total                          Min: 1751, Avg: 2054.5, Max: 2550, Diff: 799, Sum: 8218, Workers: 4
[362.265s][debug][gc,phases      ] GC(61)   JNI Weak                       Min:  0.0, Avg:  0.0, Max:  0.0, Diff:  0.0, Sum:  0.0, Workers: 4
[362.265s][debug][gc,phases      ] GC(61)     Dead                           Min: 0, Avg:  0.0, Max: 0, Diff: 0, Sum: 0, Workers: 4
[362.265s][debug][gc,phases      ] GC(61)     Total                          Min: 0, Avg: 11.2, Max: 45, Diff: 45, Sum: 45, Workers: 4
[362.265s][debug][gc,phases      ] GC(61)   StringDedup Table Weak         Min:  0.0, Avg:  0.0, Max:  0.0, Diff:  0.0, Sum:  0.0, Workers: 4
[362.265s][debug][gc,phases      ] GC(61)     Dead                           Min: 0, Avg:  0.0, Max: 0, Diff: 0, Sum: 0, Workers: 4
[362.265s][debug][gc,phases      ] GC(61)     Total                          Min: 0, Avg:  0.0, Max: 0, Diff: 0, Sum: 0, Workers: 4
[362.265s][debug][gc,phases      ] GC(61)   StringDedup Requests0 Weak     Min:  0.0, Avg:  0.0, Max:  0.0, Diff:  0.0, Sum:  0.0, Workers: 4
[362.265s][debug][gc,phases      ] GC(61)     Dead                           Min: 0, Avg:  0.0, Max: 0, Diff: 0, Sum: 0, Workers: 4
[362.265s][debug][gc,phases      ] GC(61)     Total                          Min: 0, Avg:  0.0, Max: 0, Diff: 0, Sum: 0, Workers: 4
[362.265s][debug][gc,phases      ] GC(61)   StringDedup Requests1 Weak     Min:  0.0, Avg:  0.0, Max:  0.0, Diff:  0.0, Sum:  0.0, Workers: 4
[362.265s][debug][gc,phases      ] GC(61)     Dead                           Min: 0, Avg:  0.0, Max: 0, Diff: 0, Sum: 0, Workers: 4
[362.265s][debug][gc,phases      ] GC(61)     Total                          Min: 0, Avg:  0.0, Max: 0, Diff: 0, Sum: 0, Workers: 4
[362.265s][debug][gc,phases      ] GC(61)   Weak JFR Old Object Samples    Min:  0.0, Avg:  0.0, Max:  0.0, Diff:  0.0, Sum:  0.0, Workers: 4
[362.265s][debug][gc,phases      ] GC(61)     Dead                           Min: 0, Avg:  0.0, Max: 0, Diff: 0, Sum: 0, Workers: 4
[362.265s][debug][gc,phases      ] GC(61)     Total                          Min: 0, Avg:  0.0, Max: 0, Diff: 0, Sum: 0, Workers: 4
[362.265s][debug][gc,phases      ] GC(61) Weak Processing 0.384ms
[362.265s][debug][gc,age         ] GC(61) Desired survivor size 87556096 bytes, new threshold 15 (max threshold 15)
[362.265s][info ][gc,heap        ] GC(61) PSYoungGen: 1898320K(1994240K)->976K(2011648K) Eden: 1897472K(1897472K)->0K(1920512K) From: 848K(96768K)->976K(91136K)
[362.265s][info ][gc,heap        ] GC(61) ParOldGen: 322769K(451584K)->322793K(451584K)
[362.265s][info ][gc,metaspace   ] GC(61) Metaspace: 76851K(77696K)->76851K(77696K) NonClass: 65817K(66304K)->65817K(66304K) Class: 11033K(11392K)->11033K(11392K)
[362.265s][info ][gc             ] GC(61) Pause Young (Allocation Failure) 2169M->316M(2405M) 4.765ms
[362.265s][info ][gc,cpu         ] GC(61) User=0.01s Sys=0.00s Real=0.01s
[362.265s][info ][safepoint      ] Safepoint "ParallelGCFailedAllocation", Time since last: 2069487351 ns, Reaching safepoint: 167106 ns, At safepoint: 4836369 ns, Total: 5003475 ns
[363.265s][info ][safepoint      ] Safepoint "Cleanup", Time since last: 1000093275 ns, Reaching safepoint: 61002 ns, At safepoint: 3200 ns, Total: 64202 ns
[364.265s][info ][safepoint      ] Safepoint "Cleanup", Time since last: 1000139883 ns, Reaching safepoint: 46401 ns, At safepoint: 2400 ns, Total: 48801 ns
[366.265s][info ][safepoint      ] Safepoint "Cleanup", Time since last: 2000181482 ns, Reaching safepoint: 47202 ns, At safepoint: 4000 ns, Total: 51202 ns
[369.266s][info ][safepoint      ] Safepoint "Cleanup", Time since last: 3000243822 ns, Reaching safepoint: 52501 ns, At safepoint: 3201 ns, Total: 55702 ns
[371.639s][info ][gc,start       ] GC(62) Pause Young (Allocation Failure)
[371.641s][debug][gc,phases      ] GC(62) Scavenge 1.744ms
[371.641s][debug][gc,ref         ] GC(62) Skipped phase 1 of Reference Processing: no references
[371.641s][debug][gc,ref         ] GC(62) ReferenceProcessor::execute queues: 1, RefProcThreadModel::Single, marks_oops_alive: false
[371.641s][debug][gc,ref         ] GC(62) Skipped phase 3 of Reference Processing: no references
[371.641s][debug][gc,ref         ] GC(62) Skipped phase 4 of Reference Processing: no references
[371.641s][debug][gc,phases      ] GC(62) Reference Processing 0.107ms
[371.641s][debug][gc,phases      ] GC(62)   VM Weak                        Min:  0.0, Avg:  0.0, Max:  0.0, Diff:  0.0, Sum:  0.0, Workers: 4
[371.641s][debug][gc,phases      ] GC(62)     Dead                           Min: 0, Avg:  0.0, Max: 0, Diff: 0, Sum: 0, Workers: 4
[371.641s][debug][gc,phases      ] GC(62)     Total                          Min: 0, Avg: 167.5, Max: 414, Diff: 414, Sum: 670, Workers: 4
[371.641s][debug][gc,phases      ] GC(62)   ObjectSynchronizer Weak        Min:  0.0, Avg:  0.0, Max:  0.0, Diff:  0.0, Sum:  0.0, Workers: 4
[371.641s][debug][gc,phases      ] GC(62)     Dead                           Min: 0, Avg:  0.0, Max: 0, Diff: 0, Sum: 0, Workers: 4
[371.641s][debug][gc,phases      ] GC(62)     Total                          Min: 0, Avg: 35.5, Max: 78, Diff: 78, Sum: 142, Workers: 4
[371.641s][debug][gc,phases      ] GC(62)   JVMTI Tag Weak OopStorage      Min:  0.0, Avg:  0.0, Max:  0.0, Diff:  0.0, Sum:  0.0, Workers: 4
[371.641s][debug][gc,phases      ] GC(62)     Dead                           Min: 0, Avg:  0.0, Max: 0, Diff: 0, Sum: 0, Workers: 4
[371.641s][debug][gc,phases      ] GC(62)     Total                          Min: 0, Avg:  0.0, Max: 0, Diff: 0, Sum: 0, Workers: 4
[371.641s][debug][gc,phases      ] GC(62)   StringTable Weak               Min:  0.0, Avg:  0.1, Max:  0.1, Diff:  0.1, Sum:  0.4, Workers: 4
[371.641s][debug][gc,phases      ] GC(62)     Dead                           Min: 0, Avg:  0.0, Max: 0, Diff: 0, Sum: 0, Workers: 4
[371.641s][debug][gc,phases      ] GC(62)     Total                          Min: 0, Avg: 10587.8, Max: 15407, Diff: 15407, Sum: 42351, Workers: 4
[371.641s][debug][gc,phases      ] GC(62)   ResolvedMethodTable Weak       Min:  0.0, Avg:  0.0, Max:  0.0, Diff:  0.0, Sum:  0.1, Workers: 4
[371.641s][debug][gc,phases      ] GC(62)     Dead                           Min: 0, Avg:  0.0, Max: 0, Diff: 0, Sum: 0, Workers: 4
[371.641s][debug][gc,phases      ] GC(62)     Total                          Min: 0, Avg: 2054.5, Max: 3119, Diff: 3119, Sum: 8218, Workers: 4
[371.641s][debug][gc,phases      ] GC(62)   JNI Weak                       Min:  0.0, Avg:  0.0, Max:  0.0, Diff:  0.0, Sum:  0.0, Workers: 4
[371.641s][debug][gc,phases      ] GC(62)     Dead                           Min: 0, Avg:  0.0, Max: 0, Diff: 0, Sum: 0, Workers: 4
[371.641s][debug][gc,phases      ] GC(62)     Total                          Min: 0, Avg: 11.2, Max: 45, Diff: 45, Sum: 45, Workers: 4
[371.641s][debug][gc,phases      ] GC(62)   StringDedup Table Weak         Min:  0.0, Avg:  0.0, Max:  0.0, Diff:  0.0, Sum:  0.0, Workers: 4
[371.641s][debug][gc,phases      ] GC(62)     Dead                           Min: 0, Avg:  0.0, Max: 0, Diff: 0, Sum: 0, Workers: 4
[371.641s][debug][gc,phases      ] GC(62)     Total                          Min: 0, Avg:  0.0, Max: 0, Diff: 0, Sum: 0, Workers: 4
[371.641s][debug][gc,phases      ] GC(62)   StringDedup Requests0 Weak     Min:  0.0, Avg:  0.0, Max:  0.0, Diff:  0.0, Sum:  0.0, Workers: 4
[371.641s][debug][gc,phases      ] GC(62)     Dead                           Min: 0, Avg:  0.0, Max: 0, Diff: 0, Sum: 0, Workers: 4
[371.641s][debug][gc,phases      ] GC(62)     Total                          Min: 0, Avg:  0.0, Max: 0, Diff: 0, Sum: 0, Workers: 4
[371.641s][debug][gc,phases      ] GC(62)   StringDedup Requests1 Weak     Min:  0.0, Avg:  0.0, Max:  0.0, Diff:  0.0, Sum:  0.0, Workers: 4
[371.641s][debug][gc,phases      ] GC(62)     Dead                           Min: 0, Avg:  0.0, Max: 0, Diff: 0, Sum: 0, Workers: 4
[371.641s][debug][gc,phases      ] GC(62)     Total                          Min: 0, Avg:  0.0, Max: 0, Diff: 0, Sum: 0, Workers: 4
[371.641s][debug][gc,phases      ] GC(62)   Weak JFR Old Object Samples    Min:  0.0, Avg:  0.0, Max:  0.0, Diff:  0.0, Sum:  0.0, Workers: 4
[371.641s][debug][gc,phases      ] GC(62)     Dead                           Min: 0, Avg:  0.0, Max: 0, Diff: 0, Sum: 0, Workers: 4
[371.641s][debug][gc,phases      ] GC(62)     Total                          Min: 0, Avg:  0.0, Max: 0, Diff: 0, Sum: 0, Workers: 4
[371.641s][debug][gc,phases      ] GC(62) Weak Processing 0.383ms
[371.641s][debug][gc,age         ] GC(62) Desired survivor size 82313216 bytes, new threshold 15 (max threshold 15)
[371.641s][info ][gc,heap        ] GC(62) PSYoungGen: 1921488K(2011648K)->1008K(2006016K) Eden: 1920512K(1920512K)->0K(1920512K) From: 976K(91136K)->1008K(85504K)
[371.641s][info ][gc,heap        ] GC(62) ParOldGen: 322793K(451584K)->322793K(451584K)
[371.641s][info ][gc,metaspace   ] GC(62) Metaspace: 76851K(77696K)->76851K(77696K) NonClass: 65817K(66304K)->65817K(66304K) Class: 11033K(11392K)->11033K(11392K)
[371.641s][info ][gc             ] GC(62) Pause Young (Allocation Failure) 2191M->316M(2400M) 2.351ms
[371.641s][info ][gc,cpu         ] GC(62) User=0.01s Sys=0.00s Real=0.01s
[371.641s][info ][safepoint      ] Safepoint "ParallelGCFailedAllocation", Time since last: 2373033507 ns, Reaching safepoint: 29001 ns, At safepoint: 2420285 ns, Total: 2449286 ns
[373.641s][info ][safepoint      ] Safepoint "Cleanup", Time since last: 2000169578 ns, Reaching safepoint: 125004 ns, At safepoint: 7800 ns, Total: 132804 ns
[376.710s][info ][safepoint      ] Safepoint "Cleanup", Time since last: 3068024443 ns, Reaching safepoint: 40101 ns, At safepoint: 6700 ns, Total: 46801 ns
[377.710s][info ][safepoint      ] Safepoint "Cleanup", Time since last: 1000115870 ns, Reaching safepoint: 79903 ns, At safepoint: 6900 ns, Total: 86803 ns
[381.045s][info ][gc,start       ] GC(63) Pause Young (Allocation Failure)
[381.049s][debug][gc,phases      ] GC(63) Scavenge 3.906ms
[381.049s][debug][gc,ref         ] GC(63) Skipped phase 1 of Reference Processing: no references
[381.049s][debug][gc,ref         ] GC(63) ReferenceProcessor::execute queues: 1, RefProcThreadModel::Single, marks_oops_alive: false
[381.049s][debug][gc,ref         ] GC(63) Skipped phase 3 of Reference Processing: no references
[381.049s][debug][gc,ref         ] GC(63) Skipped phase 4 of Reference Processing: no references
[381.049s][debug][gc,phases      ] GC(63) Reference Processing 0.108ms
[381.050s][debug][gc,phases      ] GC(63)   VM Weak                        Min:  0.0, Avg:  0.0, Max:  0.0, Diff:  0.0, Sum:  0.0, Workers: 4
[381.050s][debug][gc,phases      ] GC(63)     Dead                           Min: 0, Avg:  0.0, Max: 0, Diff: 0, Sum: 0, Workers: 4
[381.050s][debug][gc,phases      ] GC(63)     Total                          Min: 0, Avg: 167.5, Max: 320, Diff: 320, Sum: 670, Workers: 4
[381.050s][debug][gc,phases      ] GC(63)   ObjectSynchronizer Weak        Min:  0.0, Avg:  0.0, Max:  0.0, Diff:  0.0, Sum:  0.0, Workers: 4
[381.050s][debug][gc,phases      ] GC(63)     Dead                           Min: 0, Avg:  0.0, Max: 0, Diff: 0, Sum: 0, Workers: 4
[381.050s][debug][gc,phases      ] GC(63)     Total                          Min: 0, Avg: 35.5, Max: 64, Diff: 64, Sum: 142, Workers: 4
[381.050s][debug][gc,phases      ] GC(63)   JVMTI Tag Weak OopStorage      Min:  0.0, Avg:  0.0, Max:  0.0, Diff:  0.0, Sum:  0.0, Workers: 4
[381.050s][debug][gc,phases      ] GC(63)     Dead                           Min: 0, Avg:  0.0, Max: 0, Diff: 0, Sum: 0, Workers: 4
[381.050s][debug][gc,phases      ] GC(63)     Total                          Min: 0, Avg:  0.0, Max: 0, Diff: 0, Sum: 0, Workers: 4
[381.050s][debug][gc,phases      ] GC(63)   StringTable Weak               Min:  0.0, Avg:  0.1, Max:  0.2, Diff:  0.2, Sum:  0.5, Workers: 4
[381.050s][debug][gc,phases      ] GC(63)     Dead                           Min: 0, Avg:  0.0, Max: 0, Diff: 0, Sum: 0, Workers: 4
[381.050s][debug][gc,phases      ] GC(63)     Total                          Min: 0, Avg: 10587.8, Max: 15087, Diff: 15087, Sum: 42351, Workers: 4
[381.050s][debug][gc,phases      ] GC(63)   ResolvedMethodTable Weak       Min:  0.0, Avg:  0.0, Max:  0.0, Diff:  0.0, Sum:  0.1, Workers: 4
[381.050s][debug][gc,phases      ] GC(63)     Dead                           Min: 0, Avg:  0.0, Max: 0, Diff: 0, Sum: 0, Workers: 4
[381.050s][debug][gc,phases      ] GC(63)     Total                          Min: 0, Avg: 2054.5, Max: 2889, Diff: 2889, Sum: 8218, Workers: 4
[381.050s][debug][gc,phases      ] GC(63)   JNI Weak                       Min:  0.0, Avg:  0.0, Max:  0.0, Diff:  0.0, Sum:  0.0, Workers: 4
[381.050s][debug][gc,phases      ] GC(63)     Dead                           Min: 0, Avg:  0.0, Max: 0, Diff: 0, Sum: 0, Workers: 4
[381.050s][debug][gc,phases      ] GC(63)     Total                          Min: 0, Avg: 11.2, Max: 45, Diff: 45, Sum: 45, Workers: 4
[381.050s][debug][gc,phases      ] GC(63)   StringDedup Table Weak         Min:  0.0, Avg:  0.0, Max:  0.0, Diff:  0.0, Sum:  0.0, Workers: 4
[381.050s][debug][gc,phases      ] GC(63)     Dead                           Min: 0, Avg:  0.0, Max: 0, Diff: 0, Sum: 0, Workers: 4
[381.050s][debug][gc,phases      ] GC(63)     Total                          Min: 0, Avg:  0.0, Max: 0, Diff: 0, Sum: 0, Workers: 4
[381.050s][debug][gc,phases      ] GC(63)   StringDedup Requests0 Weak     Min:  0.0, Avg:  0.0, Max:  0.0, Diff:  0.0, Sum:  0.0, Workers: 4
[381.050s][debug][gc,phases      ] GC(63)     Dead                           Min: 0, Avg:  0.0, Max: 0, Diff: 0, Sum: 0, Workers: 4
[381.050s][debug][gc,phases      ] GC(63)     Total                          Min: 0, Avg:  0.0, Max: 0, Diff: 0, Sum: 0, Workers: 4
[381.050s][debug][gc,phases      ] GC(63)   StringDedup Requests1 Weak     Min:  0.0, Avg:  0.0, Max:  0.0, Diff:  0.0, Sum:  0.0, Workers: 4
[381.050s][debug][gc,phases      ] GC(63)     Dead                           Min: 0, Avg:  0.0, Max: 0, Diff: 0, Sum: 0, Workers: 4
[381.050s][debug][gc,phases      ] GC(63)     Total                          Min: 0, Avg:  0.0, Max: 0, Diff: 0, Sum: 0, Workers: 4
[381.050s][debug][gc,phases      ] GC(63)   Weak JFR Old Object Samples    Min:  0.0, Avg:  0.0, Max:  0.0, Diff:  0.0, Sum:  0.0, Workers: 4
[381.050s][debug][gc,phases      ] GC(63)     Dead                           Min: 0, Avg:  0.0, Max: 0, Diff: 0, Sum: 0, Workers: 4
[381.050s][debug][gc,phases      ] GC(63)     Total                          Min: 0, Avg:  0.0, Max: 0, Diff: 0, Sum: 0, Workers: 4
[381.050s][debug][gc,phases      ] GC(63) Weak Processing 0.387ms
[381.050s][debug][gc,age         ] GC(63) Desired survivor size 77070336 bytes, new threshold 15 (max threshold 15)
[381.050s][info ][gc,heap        ] GC(63) PSYoungGen: 1921520K(2006016K)->1072K(2021888K) Eden: 1920512K(1920512K)->0K(1941504K) From: 1008K(85504K)->1072K(80384K)
[381.050s][info ][gc,heap        ] GC(63) ParOldGen: 322793K(451584K)->322825K(451584K)
[381.050s][info ][gc,metaspace   ] GC(63) Metaspace: 76851K(77696K)->76851K(77696K) NonClass: 65817K(66304K)->65817K(66304K) Class: 11033K(11392K)->11033K(11392K)
[381.050s][info ][gc             ] GC(63) Pause Young (Allocation Failure) 2191M->316M(2415M) 4.550ms
[381.050s][info ][gc,cpu         ] GC(63) User=0.01s Sys=0.00s Real=0.01s
[381.050s][info ][safepoint      ] Safepoint "ParallelGCFailedAllocation", Time since last: 3335283201 ns, Reaching safepoint: 105403 ns, At safepoint: 4634763 ns, Total: 4740166 ns
[383.050s][info ][safepoint      ] Safepoint "Cleanup", Time since last: 2000175300 ns, Reaching safepoint: 64902 ns, At safepoint: 4600 ns, Total: 69502 ns
[384.050s][info ][safepoint      ] Safepoint "Cleanup", Time since last: 1000139111 ns, Reaching safepoint: 58202 ns, At safepoint: 4100 ns, Total: 62302 ns
[385.050s][info ][safepoint      ] Safepoint "Cleanup", Time since last: 1000159418 ns, Reaching safepoint: 61903 ns, At safepoint: 3000 ns, Total: 64903 ns
[386.051s][info ][safepoint      ] Safepoint "Cleanup", Time since last: 1000142924 ns, Reaching safepoint: 47701 ns, At safepoint: 2500 ns, Total: 50201 ns
[389.051s][info ][safepoint      ] Safepoint "Cleanup", Time since last: 3000333207 ns, Reaching safepoint: 60702 ns, At safepoint: 3600 ns, Total: 64302 ns
[390.241s][info ][gc,start       ] GC(64) Pause Young (Allocation Failure)
[390.247s][debug][gc,phases      ] GC(64) Scavenge 5.394ms
[390.247s][debug][gc,ref         ] GC(64) Skipped phase 1 of Reference Processing: no references
[390.247s][debug][gc,ref         ] GC(64) ReferenceProcessor::execute queues: 1, RefProcThreadModel::Single, marks_oops_alive: false
[390.247s][debug][gc,ref         ] GC(64) Skipped phase 3 of Reference Processing: no references
[390.247s][debug][gc,ref         ] GC(64) ReferenceProcessor::execute queues: 1, RefProcThreadModel::Single, marks_oops_alive: false
[390.247s][debug][gc,phases      ] GC(64) Reference Processing 0.131ms
[390.247s][debug][gc,phases      ] GC(64)   VM Weak                        Min:  0.0, Avg:  0.0, Max:  0.0, Diff:  0.0, Sum:  0.0, Workers: 4
[390.247s][debug][gc,phases      ] GC(64)     Dead                           Min: 0, Avg:  0.0, Max: 0, Diff: 0, Sum: 0, Workers: 4
[390.247s][debug][gc,phases      ] GC(64)     Total                          Min: 0, Avg: 167.5, Max: 350, Diff: 350, Sum: 670, Workers: 4
[390.247s][debug][gc,phases      ] GC(64)   ObjectSynchronizer Weak        Min:  0.0, Avg:  0.0, Max:  0.0, Diff:  0.0, Sum:  0.0, Workers: 4
[390.247s][debug][gc,phases      ] GC(64)     Dead                           Min: 0, Avg:  0.0, Max: 0, Diff: 0, Sum: 0, Workers: 4
[390.247s][debug][gc,phases      ] GC(64)     Total                          Min: 0, Avg: 35.5, Max: 78, Diff: 78, Sum: 142, Workers: 4
[390.247s][debug][gc,phases      ] GC(64)   JVMTI Tag Weak OopStorage      Min:  0.0, Avg:  0.0, Max:  0.0, Diff:  0.0, Sum:  0.0, Workers: 4
[390.247s][debug][gc,phases      ] GC(64)     Dead                           Min: 0, Avg:  0.0, Max: 0, Diff: 0, Sum: 0, Workers: 4
[390.247s][debug][gc,phases      ] GC(64)     Total                          Min: 0, Avg:  0.0, Max: 0, Diff: 0, Sum: 0, Workers: 4
[390.247s][debug][gc,phases      ] GC(64)   StringTable Weak               Min:  0.0, Avg:  0.1, Max:  0.3, Diff:  0.3, Sum:  0.5, Workers: 4
[390.247s][debug][gc,phases      ] GC(64)     Dead                           Min: 0, Avg:  0.0, Max: 0, Diff: 0, Sum: 0, Workers: 4
[390.247s][debug][gc,phases      ] GC(64)     Total                          Min: 0, Avg: 10588.0, Max: 22640, Diff: 22640, Sum: 42352, Workers: 4
[390.247s][debug][gc,phases      ] GC(64)   ResolvedMethodTable Weak       Min:  0.0, Avg:  0.0, Max:  0.0, Diff:  0.0, Sum:  0.1, Workers: 4
[390.247s][debug][gc,phases      ] GC(64)     Dead                           Min: 0, Avg:  0.0, Max: 0, Diff: 0, Sum: 0, Workers: 4
[390.247s][debug][gc,phases      ] GC(64)     Total                          Min: 0, Avg: 2054.5, Max: 4305, Diff: 4305, Sum: 8218, Workers: 4
[390.247s][debug][gc,phases      ] GC(64)   JNI Weak                       Min:  0.0, Avg:  0.0, Max:  0.0, Diff:  0.0, Sum:  0.0, Workers: 4
[390.247s][debug][gc,phases      ] GC(64)     Dead                           Min: 0, Avg:  0.0, Max: 0, Diff: 0, Sum: 0, Workers: 4
[390.247s][debug][gc,phases      ] GC(64)     Total                          Min: 0, Avg: 11.2, Max: 45, Diff: 45, Sum: 45, Workers: 4
[390.247s][debug][gc,phases      ] GC(64)   StringDedup Table Weak         Min:  0.0, Avg:  0.0, Max:  0.0, Diff:  0.0, Sum:  0.0, Workers: 4
[390.247s][debug][gc,phases      ] GC(64)     Dead                           Min: 0, Avg:  0.0, Max: 0, Diff: 0, Sum: 0, Workers: 4
[390.247s][debug][gc,phases      ] GC(64)     Total                          Min: 0, Avg:  0.0, Max: 0, Diff: 0, Sum: 0, Workers: 4
[390.247s][debug][gc,phases      ] GC(64)   StringDedup Requests0 Weak     Min:  0.0, Avg:  0.0, Max:  0.0, Diff:  0.0, Sum:  0.0, Workers: 4
[390.247s][debug][gc,phases      ] GC(64)     Dead                           Min: 0, Avg:  0.0, Max: 0, Diff: 0, Sum: 0, Workers: 4
[390.247s][debug][gc,phases      ] GC(64)     Total                          Min: 0, Avg:  0.0, Max: 0, Diff: 0, Sum: 0, Workers: 4
[390.247s][debug][gc,phases      ] GC(64)   StringDedup Requests1 Weak     Min:  0.0, Avg:  0.0, Max:  0.0, Diff:  0.0, Sum:  0.0, Workers: 4
[390.247s][debug][gc,phases      ] GC(64)     Dead                           Min: 0, Avg:  0.0, Max: 0, Diff: 0, Sum: 0, Workers: 4
[390.248s][debug][gc,phases      ] GC(64)     Total                          Min: 0, Avg:  0.0, Max: 0, Diff: 0, Sum: 0, Workers: 4
[390.248s][debug][gc,phases      ] GC(64)   Weak JFR Old Object Samples    Min:  0.0, Avg:  0.0, Max:  0.0, Diff:  0.0, Sum:  0.0, Workers: 4
[390.248s][debug][gc,phases      ] GC(64)     Dead                           Min: 0, Avg:  0.0, Max: 0, Diff: 0, Sum: 0, Workers: 4
[390.248s][debug][gc,phases      ] GC(64)     Total                          Min: 0, Avg:  0.0, Max: 0, Diff: 0, Sum: 0, Workers: 4
[390.248s][debug][gc,phases      ] GC(64) Weak Processing 0.581ms
[390.248s][debug][gc,age         ] GC(64) Desired survivor size 71827456 bytes, new threshold 15 (max threshold 15)
[390.248s][info ][gc,heap        ] GC(64) PSYoungGen: 1942576K(2021888K)->1120K(2016768K) Eden: 1941504K(1941504K)->0K(1941504K) From: 1072K(80384K)->1120K(75264K)
[390.248s][info ][gc,heap        ] GC(64) ParOldGen: 322825K(451584K)->322857K(451584K)
[390.248s][info ][gc,metaspace   ] GC(64) Metaspace: 76864K(77696K)->76864K(77696K) NonClass: 65830K(66304K)->65830K(66304K) Class: 11033K(11392K)->11033K(11392K)
[390.248s][info ][gc             ] GC(64) Pause Young (Allocation Failure) 2212M->316M(2410M) 6.285ms
[390.248s][info ][gc,cpu         ] GC(64) User=0.01s Sys=0.00s Real=0.00s
[390.248s][info ][safepoint      ] Safepoint "ParallelGCFailedAllocation", Time since last: 1190215230 ns, Reaching safepoint: 37201 ns, At safepoint: 6373424 ns, Total: 6410625 ns
[396.248s][info ][safepoint      ] Safepoint "Cleanup", Time since last: 6000647726 ns, Reaching safepoint: 54702 ns, At safepoint: 3200 ns, Total: 57902 ns
[399.249s][info ][safepoint      ] Safepoint "Cleanup", Time since last: 3000910718 ns, Reaching safepoint: 45202 ns, At safepoint: 3400 ns, Total: 48602 ns
[399.785s][info ][gc,start       ] GC(65) Pause Young (Allocation Failure)
[399.789s][debug][gc,phases      ] GC(65) Scavenge 3.802ms
[399.789s][debug][gc,ref         ] GC(65) Skipped phase 1 of Reference Processing: no references
[399.789s][debug][gc,ref         ] GC(65) ReferenceProcessor::execute queues: 1, RefProcThreadModel::Single, marks_oops_alive: false
[399.789s][debug][gc,ref         ] GC(65) Skipped phase 3 of Reference Processing: no references
[399.789s][debug][gc,ref         ] GC(65) ReferenceProcessor::execute queues: 1, RefProcThreadModel::Single, marks_oops_alive: false
[399.789s][debug][gc,phases      ] GC(65) Reference Processing 0.107ms
[399.790s][debug][gc,phases      ] GC(65)   VM Weak                        Min:  0.0, Avg:  0.0, Max:  0.0, Diff:  0.0, Sum:  0.0, Workers: 4
[399.790s][debug][gc,phases      ] GC(65)     Dead                           Min: 0, Avg:  0.0, Max: 0, Diff: 0, Sum: 0, Workers: 4
[399.790s][debug][gc,phases      ] GC(65)     Total                          Min: 0, Avg: 167.5, Max: 350, Diff: 350, Sum: 670, Workers: 4
[399.790s][debug][gc,phases      ] GC(65)   ObjectSynchronizer Weak        Min:  0.0, Avg:  0.0, Max:  0.0, Diff:  0.0, Sum:  0.0, Workers: 4
[399.790s][debug][gc,phases      ] GC(65)     Dead                           Min: 0, Avg:  0.0, Max: 0, Diff: 0, Sum: 0, Workers: 4
[399.790s][debug][gc,phases      ] GC(65)     Total                          Min: 0, Avg: 35.5, Max: 78, Diff: 78, Sum: 142, Workers: 4
[399.790s][debug][gc,phases      ] GC(65)   JVMTI Tag Weak OopStorage      Min:  0.0, Avg:  0.0, Max:  0.0, Diff:  0.0, Sum:  0.0, Workers: 4
[399.790s][debug][gc,phases      ] GC(65)     Dead                           Min: 0, Avg:  0.0, Max: 0, Diff: 0, Sum: 0, Workers: 4
[399.790s][debug][gc,phases      ] GC(65)     Total                          Min: 0, Avg:  0.0, Max: 0, Diff: 0, Sum: 0, Workers: 4
[399.790s][debug][gc,phases      ] GC(65)   StringTable Weak               Min:  0.1, Avg:  0.1, Max:  0.1, Diff:  0.0, Sum:  0.5, Workers: 4
[399.790s][debug][gc,phases      ] GC(65)     Dead                           Min: 0, Avg:  0.0, Max: 0, Diff: 0, Sum: 0, Workers: 4
[399.790s][debug][gc,phases      ] GC(65)     Total                          Min: 9664, Avg: 10588.0, Max: 11760, Diff: 2096, Sum: 42352, Workers: 4
[399.790s][debug][gc,phases      ] GC(65)   ResolvedMethodTable Weak       Min:  0.0, Avg:  0.0, Max:  0.0, Diff:  0.0, Sum:  0.1, Workers: 4
[399.790s][debug][gc,phases      ] GC(65)     Dead                           Min: 0, Avg:  0.0, Max: 0, Diff: 0, Sum: 0, Workers: 4
[399.790s][debug][gc,phases      ] GC(65)     Total                          Min: 1816, Avg: 2054.5, Max: 2207, Diff: 391, Sum: 8218, Workers: 4
[399.790s][debug][gc,phases      ] GC(65)   JNI Weak                       Min:  0.0, Avg:  0.0, Max:  0.0, Diff:  0.0, Sum:  0.0, Workers: 4
[399.790s][debug][gc,phases      ] GC(65)     Dead                           Min: 0, Avg:  0.0, Max: 0, Diff: 0, Sum: 0, Workers: 4
[399.790s][debug][gc,phases      ] GC(65)     Total                          Min: 0, Avg: 11.2, Max: 45, Diff: 45, Sum: 45, Workers: 4
[399.790s][debug][gc,phases      ] GC(65)   StringDedup Table Weak         Min:  0.0, Avg:  0.0, Max:  0.0, Diff:  0.0, Sum:  0.0, Workers: 4
[399.790s][debug][gc,phases      ] GC(65)     Dead                           Min: 0, Avg:  0.0, Max: 0, Diff: 0, Sum: 0, Workers: 4
[399.790s][debug][gc,phases      ] GC(65)     Total                          Min: 0, Avg:  0.0, Max: 0, Diff: 0, Sum: 0, Workers: 4
[399.790s][debug][gc,phases      ] GC(65)   StringDedup Requests0 Weak     Min:  0.0, Avg:  0.0, Max:  0.0, Diff:  0.0, Sum:  0.0, Workers: 4
[399.790s][debug][gc,phases      ] GC(65)     Dead                           Min: 0, Avg:  0.0, Max: 0, Diff: 0, Sum: 0, Workers: 4
[399.790s][debug][gc,phases      ] GC(65)     Total                          Min: 0, Avg:  0.0, Max: 0, Diff: 0, Sum: 0, Workers: 4
[399.790s][debug][gc,phases      ] GC(65)   StringDedup Requests1 Weak     Min:  0.0, Avg:  0.0, Max:  0.0, Diff:  0.0, Sum:  0.0, Workers: 4
[399.790s][debug][gc,phases      ] GC(65)     Dead                           Min: 0, Avg:  0.0, Max: 0, Diff: 0, Sum: 0, Workers: 4
[399.790s][debug][gc,phases      ] GC(65)     Total                          Min: 0, Avg:  0.0, Max: 0, Diff: 0, Sum: 0, Workers: 4
[399.790s][debug][gc,phases      ] GC(65)   Weak JFR Old Object Samples    Min:  0.0, Avg:  0.0, Max:  0.0, Diff:  0.0, Sum:  0.0, Workers: 4
[399.790s][debug][gc,phases      ] GC(65)     Dead                           Min: 0, Avg:  0.0, Max: 0, Diff: 0, Sum: 0, Workers: 4
[399.790s][debug][gc,phases      ] GC(65)     Total                          Min: 0, Avg:  0.0, Max: 0, Diff: 0, Sum: 0, Workers: 4
[399.790s][debug][gc,phases      ] GC(65) Weak Processing 0.346ms
[399.790s][debug][gc,age         ] GC(65) Desired survivor size 67108864 bytes, new threshold 15 (max threshold 15)
[399.790s][info ][gc,heap        ] GC(65) PSYoungGen: 1942624K(2016768K)->1120K(2031616K) Eden: 1941504K(1941504K)->0K(1961472K) From: 1120K(75264K)->1120K(70144K)
[399.790s][info ][gc,heap        ] GC(65) ParOldGen: 322857K(451584K)->322857K(451584K)
[399.790s][info ][gc,metaspace   ] GC(65) Metaspace: 76865K(77696K)->76865K(77696K) NonClass: 65831K(66304K)->65831K(66304K) Class: 11033K(11392K)->11033K(11392K)
[399.790s][info ][gc             ] GC(65) Pause Young (Allocation Failure) 2212M->316M(2425M) 4.405ms
[399.790s][info ][gc,cpu         ] GC(65) User=0.01s Sys=0.00s Real=0.01s
[399.790s][info ][safepoint      ] Safepoint "ParallelGCFailedAllocation", Time since last: 536079773 ns, Reaching safepoint: 51202 ns, At safepoint: 4486058 ns, Total: 4537260 ns
[401.790s][info ][safepoint      ] Safepoint "Cleanup", Time since last: 2000162134 ns, Reaching safepoint: 122504 ns, At safepoint: 6900 ns, Total: 129404 ns
[403.791s][info ][safepoint      ] Safepoint "Cleanup", Time since last: 2000198760 ns, Reaching safepoint: 135104 ns, At safepoint: 7501 ns, Total: 142605 ns
[407.791s][info ][safepoint      ] Safepoint "Cleanup", Time since last: 4000366191 ns, Reaching safepoint: 129305 ns, At safepoint: 8600 ns, Total: 137905 ns
[408.791s][info ][safepoint      ] Safepoint "Cleanup", Time since last: 1000128364 ns, Reaching safepoint: 84903 ns, At safepoint: 11301 ns, Total: 96204 ns
[409.387s][info ][gc,start       ] GC(66) Pause Young (Allocation Failure)
[409.390s][debug][gc,phases      ] GC(66) Scavenge 3.360ms
[409.390s][debug][gc,ref         ] GC(66) Skipped phase 1 of Reference Processing: no references
[409.391s][debug][gc,ref         ] GC(66) ReferenceProcessor::execute queues: 1, RefProcThreadModel::Single, marks_oops_alive: false
[409.391s][debug][gc,ref         ] GC(66) Skipped phase 3 of Reference Processing: no references
[409.391s][debug][gc,ref         ] GC(66) ReferenceProcessor::execute queues: 1, RefProcThreadModel::Single, marks_oops_alive: false
[409.391s][debug][gc,phases      ] GC(66) Reference Processing 0.104ms
[409.391s][debug][gc,phases      ] GC(66)   VM Weak                        Min:  0.0, Avg:  0.0, Max:  0.0, Diff:  0.0, Sum:  0.0, Workers: 4
[409.391s][debug][gc,phases      ] GC(66)     Dead                           Min: 0, Avg:  0.0, Max: 0, Diff: 0, Sum: 0, Workers: 4
[409.391s][debug][gc,phases      ] GC(66)     Total                          Min: 0, Avg: 169.8, Max: 487, Diff: 487, Sum: 679, Workers: 4
[409.391s][debug][gc,phases      ] GC(66)   ObjectSynchronizer Weak        Min:  0.0, Avg:  0.0, Max:  0.0, Diff:  0.0, Sum:  0.0, Workers: 4
[409.391s][debug][gc,phases      ] GC(66)     Dead                           Min: 0, Avg:  0.0, Max: 0, Diff: 0, Sum: 0, Workers: 4
[409.391s][debug][gc,phases      ] GC(66)     Total                          Min: 0, Avg: 35.5, Max: 78, Diff: 78, Sum: 142, Workers: 4
[409.391s][debug][gc,phases      ] GC(66)   JVMTI Tag Weak OopStorage      Min:  0.0, Avg:  0.0, Max:  0.0, Diff:  0.0, Sum:  0.0, Workers: 4
[409.391s][debug][gc,phases      ] GC(66)     Dead                           Min: 0, Avg:  0.0, Max: 0, Diff: 0, Sum: 0, Workers: 4
[409.391s][debug][gc,phases      ] GC(66)     Total                          Min: 0, Avg:  0.0, Max: 0, Diff: 0, Sum: 0, Workers: 4
[409.391s][debug][gc,phases      ] GC(66)   StringTable Weak               Min:  0.1, Avg:  0.1, Max:  0.1, Diff:  0.0, Sum:  0.4, Workers: 4
[409.391s][debug][gc,phases      ] GC(66)     Dead                           Min: 0, Avg:  1.2, Max: 4, Diff: 4, Sum: 5, Workers: 4
[409.391s][debug][gc,phases      ] GC(66)     Total                          Min: 9600, Avg: 10601.0, Max: 12095, Diff: 2495, Sum: 42404, Workers: 4
[409.391s][debug][gc,phases      ] GC(66)   ResolvedMethodTable Weak       Min:  0.0, Avg:  0.0, Max:  0.0, Diff:  0.0, Sum:  0.1, Workers: 4
[409.391s][debug][gc,phases      ] GC(66)     Dead                           Min: 0, Avg:  0.0, Max: 0, Diff: 0, Sum: 0, Workers: 4
[409.391s][debug][gc,phases      ] GC(66)     Total                          Min: 1805, Avg: 2072.0, Max: 2221, Diff: 416, Sum: 8288, Workers: 4
[409.391s][debug][gc,phases      ] GC(66)   JNI Weak                       Min:  0.0, Avg:  0.0, Max:  0.0, Diff:  0.0, Sum:  0.0, Workers: 4
[409.391s][debug][gc,phases      ] GC(66)     Dead                           Min: 0, Avg:  0.0, Max: 0, Diff: 0, Sum: 0, Workers: 4
[409.391s][debug][gc,phases      ] GC(66)     Total                          Min: 0, Avg: 11.2, Max: 45, Diff: 45, Sum: 45, Workers: 4
[409.391s][debug][gc,phases      ] GC(66)   StringDedup Table Weak         Min:  0.0, Avg:  0.0, Max:  0.0, Diff:  0.0, Sum:  0.0, Workers: 4
[409.391s][debug][gc,phases      ] GC(66)     Dead                           Min: 0, Avg:  0.0, Max: 0, Diff: 0, Sum: 0, Workers: 4
[409.391s][debug][gc,phases      ] GC(66)     Total                          Min: 0, Avg:  0.0, Max: 0, Diff: 0, Sum: 0, Workers: 4
[409.391s][debug][gc,phases      ] GC(66)   StringDedup Requests0 Weak     Min:  0.0, Avg:  0.0, Max:  0.0, Diff:  0.0, Sum:  0.0, Workers: 4
[409.391s][debug][gc,phases      ] GC(66)     Dead                           Min: 0, Avg:  0.0, Max: 0, Diff: 0, Sum: 0, Workers: 4
[409.391s][debug][gc,phases      ] GC(66)     Total                          Min: 0, Avg:  0.0, Max: 0, Diff: 0, Sum: 0, Workers: 4
[409.391s][debug][gc,phases      ] GC(66)   StringDedup Requests1 Weak     Min:  0.0, Avg:  0.0, Max:  0.0, Diff:  0.0, Sum:  0.0, Workers: 4
[409.391s][debug][gc,phases      ] GC(66)     Dead                           Min: 0, Avg:  0.0, Max: 0, Diff: 0, Sum: 0, Workers: 4
[409.391s][debug][gc,phases      ] GC(66)     Total                          Min: 0, Avg:  0.0, Max: 0, Diff: 0, Sum: 0, Workers: 4
[409.391s][debug][gc,phases      ] GC(66)   Weak JFR Old Object Samples    Min:  0.0, Avg:  0.0, Max:  0.0, Diff:  0.0, Sum:  0.0, Workers: 4
[409.391s][debug][gc,phases      ] GC(66)     Dead                           Min: 0, Avg:  0.0, Max: 0, Diff: 0, Sum: 0, Workers: 4
[409.391s][debug][gc,phases      ] GC(66)     Total                          Min: 0, Avg:  0.0, Max: 0, Diff: 0, Sum: 0, Workers: 4
[409.391s][debug][gc,phases      ] GC(66) Weak Processing 0.304ms
[409.391s][debug][gc,age         ] GC(66) Desired survivor size 62390272 bytes, new threshold 15 (max threshold 15)
[409.391s][info ][gc,heap        ] GC(66) PSYoungGen: 1962592K(2031616K)->1216K(2027008K) Eden: 1961472K(1961472K)->0K(1961472K) From: 1120K(70144K)->1216K(65536K)
[409.391s][info ][gc,heap        ] GC(66) ParOldGen: 322857K(451584K)->322865K(451584K)
[409.391s][info ][gc,metaspace   ] GC(66) Metaspace: 77049K(77888K)->77049K(77888K) NonClass: 65968K(66432K)->65968K(66432K) Class: 11081K(11456K)->11081K(11456K)
[409.391s][info ][gc             ] GC(66) Pause Young (Allocation Failure) 2231M->316M(2420M) 3.896ms
[409.391s][info ][gc,cpu         ] GC(66) User=0.01s Sys=0.00s Real=0.01s
[409.391s][info ][safepoint      ] Safepoint "ParallelGCFailedAllocation", Time since last: 595665906 ns, Reaching safepoint: 55001 ns, At safepoint: 3973941 ns, Total: 4028942 ns
[411.391s][info ][safepoint      ] Safepoint "Cleanup", Time since last: 2000157650 ns, Reaching safepoint: 126805 ns, At safepoint: 9200 ns, Total: 136005 ns
[412.392s][info ][safepoint      ] Safepoint "Cleanup", Time since last: 1000117486 ns, Reaching safepoint: 128204 ns, At safepoint: 11901 ns, Total: 140105 ns
[413.392s][info ][safepoint      ] Safepoint "Cleanup", Time since last: 1000117991 ns, Reaching safepoint: 136105 ns, At safepoint: 5900 ns, Total: 142005 ns
[414.392s][info ][safepoint      ] Safepoint "Cleanup", Time since last: 1000109198 ns, Reaching safepoint: 123004 ns, At safepoint: 15201 ns, Total: 138205 ns
[415.392s][info ][safepoint      ] Safepoint "Cleanup", Time since last: 1000117603 ns, Reaching safepoint: 127305 ns, At safepoint: 7900 ns, Total: 135205 ns
[416.393s][info ][safepoint      ] Safepoint "Cleanup", Time since last: 1000123110 ns, Reaching safepoint: 128004 ns, At safepoint: 8101 ns, Total: 136105 ns
[417.393s][info ][safepoint      ] Safepoint "Cleanup", Time since last: 1000113315 ns, Reaching safepoint: 113404 ns, At safepoint: 6000 ns, Total: 119404 ns
[418.393s][info ][safepoint      ] Safepoint "Cleanup", Time since last: 1000119022 ns, Reaching safepoint: 138905 ns, At safepoint: 7300 ns, Total: 146205 ns
[418.789s][info ][gc,start       ] GC(67) Pause Young (Allocation Failure)
[418.793s][debug][gc,phases      ] GC(67) Scavenge 3.985ms
[418.793s][debug][gc,ref         ] GC(67) Skipped phase 1 of Reference Processing: no references
[418.793s][debug][gc,ref         ] GC(67) ReferenceProcessor::execute queues: 1, RefProcThreadModel::Single, marks_oops_alive: false
[418.793s][debug][gc,ref         ] GC(67) Skipped phase 3 of Reference Processing: no references
[418.793s][debug][gc,ref         ] GC(67) ReferenceProcessor::execute queues: 1, RefProcThreadModel::Single, marks_oops_alive: false
[418.793s][debug][gc,phases      ] GC(67) Reference Processing 0.106ms
[418.793s][debug][gc,phases      ] GC(67)   VM Weak                        Min:  0.0, Avg:  0.0, Max:  0.0, Diff:  0.0, Sum:  0.0, Workers: 4
[418.793s][debug][gc,phases      ] GC(67)     Dead                           Min: 0, Avg:  0.0, Max: 0, Diff: 0, Sum: 0, Workers: 4
[418.793s][debug][gc,phases      ] GC(67)     Total                          Min: 0, Avg: 169.8, Max: 640, Diff: 640, Sum: 679, Workers: 4
[418.793s][debug][gc,phases      ] GC(67)   ObjectSynchronizer Weak        Min:  0.0, Avg:  0.0, Max:  0.0, Diff:  0.0, Sum:  0.0, Workers: 4
[418.793s][debug][gc,phases      ] GC(67)     Dead                           Min: 0, Avg:  0.0, Max: 0, Diff: 0, Sum: 0, Workers: 4
[418.793s][debug][gc,phases      ] GC(67)     Total                          Min: 0, Avg: 35.5, Max: 64, Diff: 64, Sum: 142, Workers: 4
[418.793s][debug][gc,phases      ] GC(67)   JVMTI Tag Weak OopStorage      Min:  0.0, Avg:  0.0, Max:  0.0, Diff:  0.0, Sum:  0.0, Workers: 4
[418.793s][debug][gc,phases      ] GC(67)     Dead                           Min: 0, Avg:  0.0, Max: 0, Diff: 0, Sum: 0, Workers: 4
[418.793s][debug][gc,phases      ] GC(67)     Total                          Min: 0, Avg:  0.0, Max: 0, Diff: 0, Sum: 0, Workers: 4
[418.793s][debug][gc,phases      ] GC(67)   StringTable Weak               Min:  0.1, Avg:  0.1, Max:  0.1, Diff:  0.0, Sum:  0.4, Workers: 4
[418.793s][debug][gc,phases      ] GC(67)     Dead                           Min: 0, Avg:  0.0, Max: 0, Diff: 0, Sum: 0, Workers: 4
[418.793s][debug][gc,phases      ] GC(67)     Total                          Min: 10175, Avg: 10602.2, Max: 11070, Diff: 895, Sum: 42409, Workers: 4
[418.793s][debug][gc,phases      ] GC(67)   ResolvedMethodTable Weak       Min:  0.0, Avg:  0.0, Max:  0.0, Diff:  0.0, Sum:  0.1, Workers: 4
[418.793s][debug][gc,phases      ] GC(67)     Dead                           Min: 0, Avg:  0.0, Max: 0, Diff: 0, Sum: 0, Workers: 4
[418.793s][debug][gc,phases      ] GC(67)     Total                          Min: 1909, Avg: 2072.0, Max: 2268, Diff: 359, Sum: 8288, Workers: 4
[418.793s][debug][gc,phases      ] GC(67)   JNI Weak                       Min:  0.0, Avg:  0.0, Max:  0.0, Diff:  0.0, Sum:  0.0, Workers: 4
[418.793s][debug][gc,phases      ] GC(67)     Dead                           Min: 0, Avg:  0.0, Max: 0, Diff: 0, Sum: 0, Workers: 4
[418.793s][debug][gc,phases      ] GC(67)     Total                          Min: 0, Avg: 11.2, Max: 45, Diff: 45, Sum: 45, Workers: 4
[418.793s][debug][gc,phases      ] GC(67)   StringDedup Table Weak         Min:  0.0, Avg:  0.0, Max:  0.0, Diff:  0.0, Sum:  0.0, Workers: 4
[418.793s][debug][gc,phases      ] GC(67)     Dead                           Min: 0, Avg:  0.0, Max: 0, Diff: 0, Sum: 0, Workers: 4
[418.793s][debug][gc,phases      ] GC(67)     Total                          Min: 0, Avg:  0.0, Max: 0, Diff: 0, Sum: 0, Workers: 4
[418.793s][debug][gc,phases      ] GC(67)   StringDedup Requests0 Weak     Min:  0.0, Avg:  0.0, Max:  0.0, Diff:  0.0, Sum:  0.0, Workers: 4
[418.793s][debug][gc,phases      ] GC(67)     Dead                           Min: 0, Avg:  0.0, Max: 0, Diff: 0, Sum: 0, Workers: 4
[418.793s][debug][gc,phases      ] GC(67)     Total                          Min: 0, Avg:  0.0, Max: 0, Diff: 0, Sum: 0, Workers: 4
[418.793s][debug][gc,phases      ] GC(67)   StringDedup Requests1 Weak     Min:  0.0, Avg:  0.0, Max:  0.0, Diff:  0.0, Sum:  0.0, Workers: 4
[418.793s][debug][gc,phases      ] GC(67)     Dead                           Min: 0, Avg:  0.0, Max: 0, Diff: 0, Sum: 0, Workers: 4
[418.793s][debug][gc,phases      ] GC(67)     Total                          Min: 0, Avg:  0.0, Max: 0, Diff: 0, Sum: 0, Workers: 4
[418.793s][debug][gc,phases      ] GC(67)   Weak JFR Old Object Samples    Min:  0.0, Avg:  0.0, Max:  0.0, Diff:  0.0, Sum:  0.0, Workers: 4
[418.793s][debug][gc,phases      ] GC(67)     Dead                           Min: 0, Avg:  0.0, Max: 0, Diff: 0, Sum: 0, Workers: 4
[418.793s][debug][gc,phases      ] GC(67)     Total                          Min: 0, Avg:  0.0, Max: 0, Diff: 0, Sum: 0, Workers: 4
[418.793s][debug][gc,phases      ] GC(67) Weak Processing 0.369ms
[418.793s][debug][gc,age         ] GC(67) Desired survivor size 58195968 bytes, new threshold 15 (max threshold 15)
[418.793s][info ][gc,heap        ] GC(67) PSYoungGen: 1962688K(2027008K)->1328K(2040320K) Eden: 1961472K(1961472K)->0K(1979392K) From: 1216K(65536K)->1328K(60928K)
[418.793s][info ][gc,heap        ] GC(67) ParOldGen: 322865K(451584K)->322889K(451584K)
[418.793s][info ][gc,metaspace   ] GC(67) Metaspace: 77127K(77952K)->77127K(77952K) NonClass: 66037K(66496K)->66037K(66496K) Class: 11089K(11456K)->11089K(11456K)
[418.793s][info ][gc             ] GC(67) Pause Young (Allocation Failure) 2231M->316M(2433M) 4.599ms
[418.793s][info ][gc,cpu         ] GC(67) User=0.01s Sys=0.01s Real=0.01s
[418.793s][info ][safepoint      ] Safepoint "ParallelGCFailedAllocation", Time since last: 395429167 ns, Reaching safepoint: 32901 ns, At safepoint: 4671065 ns, Total: 4703966 ns
[419.793s][info ][safepoint      ] Safepoint "Cleanup", Time since last: 1000087929 ns, Reaching safepoint: 115304 ns, At safepoint: 6301 ns, Total: 121605 ns
[421.794s][info ][safepoint      ] Safepoint "Cleanup", Time since last: 2000188775 ns, Reaching safepoint: 124005 ns, At safepoint: 10900 ns, Total: 134905 ns
[422.794s][info ][safepoint      ] Safepoint "Cleanup", Time since last: 1000129948 ns, Reaching safepoint: 119004 ns, At safepoint: 3701 ns, Total: 122705 ns
[423.794s][info ][safepoint      ] Safepoint "Cleanup", Time since last: 1000121953 ns, Reaching safepoint: 125605 ns, At safepoint: 9900 ns, Total: 135505 ns
[424.795s][info ][safepoint      ] Safepoint "Cleanup", Time since last: 1000130760 ns, Reaching safepoint: 108104 ns, At safepoint: 6600 ns, Total: 114704 ns
[425.795s][info ][safepoint      ] Safepoint "Cleanup", Time since last: 1000153366 ns, Reaching safepoint: 122305 ns, At safepoint: 6300 ns, Total: 128605 ns
[426.795s][info ][safepoint      ] Safepoint "Cleanup", Time since last: 1000124571 ns, Reaching safepoint: 59502 ns, At safepoint: 2701 ns, Total: 62203 ns
[427.795s][info ][safepoint      ] Safepoint "Cleanup", Time since last: 1000136177 ns, Reaching safepoint: 130605 ns, At safepoint: 9500 ns, Total: 140105 ns
[428.034s][info ][gc,start       ] GC(68) Pause Young (Allocation Failure)
[428.038s][debug][gc,phases      ] GC(68) Scavenge 3.952ms
[428.038s][debug][gc,ref         ] GC(68) Skipped phase 1 of Reference Processing: no references
[428.038s][debug][gc,ref         ] GC(68) ReferenceProcessor::execute queues: 1, RefProcThreadModel::Single, marks_oops_alive: false
[428.038s][debug][gc,ref         ] GC(68) Skipped phase 3 of Reference Processing: no references
[428.038s][debug][gc,ref         ] GC(68) ReferenceProcessor::execute queues: 1, RefProcThreadModel::Single, marks_oops_alive: false
[428.038s][debug][gc,phases      ] GC(68) Reference Processing 0.118ms
[428.038s][debug][gc,phases      ] GC(68)   VM Weak                        Min:  0.0, Avg:  0.0, Max:  0.0, Diff:  0.0, Sum:  0.0, Workers: 4
[428.038s][debug][gc,phases      ] GC(68)     Dead                           Min: 0, Avg:  0.0, Max: 0, Diff: 0, Sum: 0, Workers: 4
[428.038s][debug][gc,phases      ] GC(68)     Total                          Min: 0, Avg: 169.8, Max: 359, Diff: 359, Sum: 679, Workers: 4
[428.038s][debug][gc,phases      ] GC(68)   ObjectSynchronizer Weak        Min:  0.0, Avg:  0.0, Max:  0.0, Diff:  0.0, Sum:  0.0, Workers: 4
[428.038s][debug][gc,phases      ] GC(68)     Dead                           Min: 0, Avg:  0.0, Max: 0, Diff: 0, Sum: 0, Workers: 4
[428.038s][debug][gc,phases      ] GC(68)     Total                          Min: 0, Avg: 35.5, Max: 64, Diff: 64, Sum: 142, Workers: 4
[428.038s][debug][gc,phases      ] GC(68)   JVMTI Tag Weak OopStorage      Min:  0.0, Avg:  0.0, Max:  0.0, Diff:  0.0, Sum:  0.0, Workers: 4
[428.038s][debug][gc,phases      ] GC(68)     Dead                           Min: 0, Avg:  0.0, Max: 0, Diff: 0, Sum: 0, Workers: 4
[428.038s][debug][gc,phases      ] GC(68)     Total                          Min: 0, Avg:  0.0, Max: 0, Diff: 0, Sum: 0, Workers: 4
[428.038s][debug][gc,phases      ] GC(68)   StringTable Weak               Min:  0.1, Avg:  0.1, Max:  0.1, Diff:  0.0, Sum:  0.4, Workers: 4
[428.038s][debug][gc,phases      ] GC(68)     Dead                           Min: 0, Avg:  0.0, Max: 0, Diff: 0, Sum: 0, Workers: 4
[428.038s][debug][gc,phases      ] GC(68)     Total                          Min: 8960, Avg: 10602.2, Max: 11262, Diff: 2302, Sum: 42409, Workers: 4
[428.038s][debug][gc,phases      ] GC(68)   ResolvedMethodTable Weak       Min:  0.0, Avg:  0.0, Max:  0.0, Diff:  0.0, Sum:  0.1, Workers: 4
[428.038s][debug][gc,phases      ] GC(68)     Dead                           Min: 0, Avg:  0.0, Max: 0, Diff: 0, Sum: 0, Workers: 4
[428.038s][debug][gc,phases      ] GC(68)     Total                          Min: 1693, Avg: 2072.0, Max: 2386, Diff: 693, Sum: 8288, Workers: 4
[428.038s][debug][gc,phases      ] GC(68)   JNI Weak                       Min:  0.0, Avg:  0.0, Max:  0.0, Diff:  0.0, Sum:  0.0, Workers: 4
[428.038s][debug][gc,phases      ] GC(68)     Dead                           Min: 0, Avg:  0.0, Max: 0, Diff: 0, Sum: 0, Workers: 4
[428.038s][debug][gc,phases      ] GC(68)     Total                          Min: 0, Avg: 11.2, Max: 45, Diff: 45, Sum: 45, Workers: 4
[428.038s][debug][gc,phases      ] GC(68)   StringDedup Table Weak         Min:  0.0, Avg:  0.0, Max:  0.0, Diff:  0.0, Sum:  0.0, Workers: 4
[428.038s][debug][gc,phases      ] GC(68)     Dead                           Min: 0, Avg:  0.0, Max: 0, Diff: 0, Sum: 0, Workers: 4
[428.038s][debug][gc,phases      ] GC(68)     Total                          Min: 0, Avg:  0.0, Max: 0, Diff: 0, Sum: 0, Workers: 4
[428.038s][debug][gc,phases      ] GC(68)   StringDedup Requests0 Weak     Min:  0.0, Avg:  0.0, Max:  0.0, Diff:  0.0, Sum:  0.0, Workers: 4
[428.038s][debug][gc,phases      ] GC(68)     Dead                           Min: 0, Avg:  0.0, Max: 0, Diff: 0, Sum: 0, Workers: 4
[428.038s][debug][gc,phases      ] GC(68)     Total                          Min: 0, Avg:  0.0, Max: 0, Diff: 0, Sum: 0, Workers: 4
[428.038s][debug][gc,phases      ] GC(68)   StringDedup Requests1 Weak     Min:  0.0, Avg:  0.0, Max:  0.0, Diff:  0.0, Sum:  0.0, Workers: 4
[428.038s][debug][gc,phases      ] GC(68)     Dead                           Min: 0, Avg:  0.0, Max: 0, Diff: 0, Sum: 0, Workers: 4
[428.038s][debug][gc,phases      ] GC(68)     Total                          Min: 0, Avg:  0.0, Max: 0, Diff: 0, Sum: 0, Workers: 4
[428.038s][debug][gc,phases      ] GC(68)   Weak JFR Old Object Samples    Min:  0.0, Avg:  0.0, Max:  0.0, Diff:  0.0, Sum:  0.0, Workers: 4
[428.038s][debug][gc,phases      ] GC(68)     Dead                           Min: 0, Avg:  0.0, Max: 0, Diff: 0, Sum: 0, Workers: 4
[428.038s][debug][gc,phases      ] GC(68)     Total                          Min: 0, Avg:  0.0, Max: 0, Diff: 0, Sum: 0, Workers: 4
[428.038s][debug][gc,phases      ] GC(68) Weak Processing 0.343ms
[428.038s][debug][gc,age         ] GC(68) Desired survivor size 54001664 bytes, new threshold 15 (max threshold 15)
[428.038s][info ][gc,heap        ] GC(68) PSYoungGen: 1980720K(2040320K)->1552K(2036224K) Eden: 1979392K(1979392K)->0K(1979392K) From: 1328K(60928K)->1552K(56832K)
[428.038s][info ][gc,heap        ] GC(68) ParOldGen: 322889K(451584K)->322913K(451584K)
[428.038s][info ][gc,metaspace   ] GC(68) Metaspace: 77132K(77952K)->77132K(77952K) NonClass: 66042K(66496K)->66042K(66496K) Class: 11089K(11456K)->11089K(11456K)
[428.038s][info ][gc             ] GC(68) Pause Young (Allocation Failure) 2249M->316M(2429M) 4.566ms
[428.038s][info ][gc,cpu         ] GC(68) User=0.01s Sys=0.00s Real=0.00s
[428.038s][info ][safepoint      ] Safepoint "ParallelGCFailedAllocation", Time since last: 238213528 ns, Reaching safepoint: 58102 ns, At safepoint: 4638964 ns, Total: 4697066 ns
[429.038s][info ][safepoint      ] Safepoint "Cleanup", Time since last: 1000104783 ns, Reaching safepoint: 125905 ns, At safepoint: 9900 ns, Total: 135805 ns
[430.883s][info ][safepoint      ] Safepoint "Cleanup", Time since last: 1844410471 ns, Reaching safepoint: 218007 ns, At safepoint: 15201 ns, Total: 233208 ns
[431.883s][info ][safepoint      ] Safepoint "Cleanup", Time since last: 1000134301 ns, Reaching safepoint: 109404 ns, At safepoint: 6200 ns, Total: 115604 ns
[432.546s][info ][safepoint      ] Safepoint "ICBufferFull", Time since last: 662353948 ns, Reaching safepoint: 294611 ns, At safepoint: 415514 ns, Total: 710125 ns
[432.935s][info ][safepoint      ] Safepoint "ICBufferFull", Time since last: 388706363 ns, Reaching safepoint: 254809 ns, At safepoint: 6000 ns, Total: 260809 ns
[433.936s][info ][safepoint      ] Safepoint "Cleanup", Time since last: 1000127213 ns, Reaching safepoint: 205007 ns, At safepoint: 7600 ns, Total: 212607 ns
[434.935s][info ][gc,start       ] GC(69) Pause Young (Allocation Failure)
[434.968s][debug][gc,phases      ] GC(69) Scavenge 33.404ms
[434.968s][debug][gc,ref         ] GC(69) Skipped phase 1 of Reference Processing: no references
[434.968s][debug][gc,ref         ] GC(69) ReferenceProcessor::execute queues: 1, RefProcThreadModel::Single, marks_oops_alive: false
[434.969s][debug][gc,ref         ] GC(69) ReferenceProcessor::execute queues: 4, RefProcThreadModel::Multi, marks_oops_alive: true
[434.969s][debug][gc,ref         ] GC(69) ReferenceProcessor::execute queues: 1, RefProcThreadModel::Single, marks_oops_alive: false
[434.969s][debug][gc,phases      ] GC(69) Reference Processing 0.199ms
[434.969s][debug][gc,phases      ] GC(69)   VM Weak                        Min:  0.0, Avg:  0.0, Max:  0.0, Diff:  0.0, Sum:  0.0, Workers: 4
[434.969s][debug][gc,phases      ] GC(69)     Dead                           Min: 0, Avg:  0.0, Max: 0, Diff: 0, Sum: 0, Workers: 4
[434.969s][debug][gc,phases      ] GC(69)     Total                          Min: 0, Avg: 170.5, Max: 554, Diff: 554, Sum: 682, Workers: 4
[434.969s][debug][gc,phases      ] GC(69)   ObjectSynchronizer Weak        Min:  0.0, Avg:  0.0, Max:  0.0, Diff:  0.0, Sum:  0.0, Workers: 4
[434.969s][debug][gc,phases      ] GC(69)     Dead                           Min: 0, Avg:  0.0, Max: 0, Diff: 0, Sum: 0, Workers: 4
[434.969s][debug][gc,phases      ] GC(69)     Total                          Min: 0, Avg: 35.8, Max: 79, Diff: 79, Sum: 143, Workers: 4
[434.969s][debug][gc,phases      ] GC(69)   JVMTI Tag Weak OopStorage      Min:  0.0, Avg:  0.0, Max:  0.0, Diff:  0.0, Sum:  0.0, Workers: 4
[434.969s][debug][gc,phases      ] GC(69)     Dead                           Min: 0, Avg:  0.0, Max: 0, Diff: 0, Sum: 0, Workers: 4
[434.969s][debug][gc,phases      ] GC(69)     Total                          Min: 0, Avg:  0.0, Max: 0, Diff: 0, Sum: 0, Workers: 4
[434.969s][debug][gc,phases      ] GC(69)   StringTable Weak               Min:  0.1, Avg:  0.1, Max:  0.1, Diff:  0.0, Sum:  0.5, Workers: 4
[434.969s][debug][gc,phases      ] GC(69)     Dead                           Min: 0, Avg:  0.2, Max: 1, Diff: 1, Sum: 1, Workers: 4
[434.969s][debug][gc,phases      ] GC(69)     Total                          Min: 8768, Avg: 10612.0, Max: 11584, Diff: 2816, Sum: 42448, Workers: 4
[434.969s][debug][gc,phases      ] GC(69)   ResolvedMethodTable Weak       Min:  0.0, Avg:  0.0, Max:  0.0, Diff:  0.0, Sum:  0.1, Workers: 4
[434.969s][debug][gc,phases      ] GC(69)     Dead                           Min: 0, Avg:  0.5, Max: 1, Diff: 1, Sum: 2, Workers: 4
[434.969s][debug][gc,phases      ] GC(69)     Total                          Min: 1794, Avg: 2078.0, Max: 2382, Diff: 588, Sum: 8312, Workers: 4
[434.969s][debug][gc,phases      ] GC(69)   JNI Weak                       Min:  0.0, Avg:  0.0, Max:  0.0, Diff:  0.0, Sum:  0.0, Workers: 4
[434.969s][debug][gc,phases      ] GC(69)     Dead                           Min: 0, Avg:  0.0, Max: 0, Diff: 0, Sum: 0, Workers: 4
[434.969s][debug][gc,phases      ] GC(69)     Total                          Min: 0, Avg: 11.2, Max: 45, Diff: 45, Sum: 45, Workers: 4
[434.969s][debug][gc,phases      ] GC(69)   StringDedup Table Weak         Min:  0.0, Avg:  0.0, Max:  0.0, Diff:  0.0, Sum:  0.0, Workers: 4
[434.969s][debug][gc,phases      ] GC(69)     Dead                           Min: 0, Avg:  0.0, Max: 0, Diff: 0, Sum: 0, Workers: 4
[434.969s][debug][gc,phases      ] GC(69)     Total                          Min: 0, Avg:  0.0, Max: 0, Diff: 0, Sum: 0, Workers: 4
[434.969s][debug][gc,phases      ] GC(69)   StringDedup Requests0 Weak     Min:  0.0, Avg:  0.0, Max:  0.0, Diff:  0.0, Sum:  0.0, Workers: 4
[434.969s][debug][gc,phases      ] GC(69)     Dead                           Min: 0, Avg:  0.0, Max: 0, Diff: 0, Sum: 0, Workers: 4
[434.969s][debug][gc,phases      ] GC(69)     Total                          Min: 0, Avg:  0.0, Max: 0, Diff: 0, Sum: 0, Workers: 4
[434.969s][debug][gc,phases      ] GC(69)   StringDedup Requests1 Weak     Min:  0.0, Avg:  0.0, Max:  0.0, Diff:  0.0, Sum:  0.0, Workers: 4
[434.969s][debug][gc,phases      ] GC(69)     Dead                           Min: 0, Avg:  0.0, Max: 0, Diff: 0, Sum: 0, Workers: 4
[434.969s][debug][gc,phases      ] GC(69)     Total                          Min: 0, Avg:  0.0, Max: 0, Diff: 0, Sum: 0, Workers: 4
[434.969s][debug][gc,phases      ] GC(69)   Weak JFR Old Object Samples    Min:  0.0, Avg:  0.0, Max:  0.0, Diff:  0.0, Sum:  0.0, Workers: 4
[434.969s][debug][gc,phases      ] GC(69)     Dead                           Min: 0, Avg:  0.0, Max: 0, Diff: 0, Sum: 0, Workers: 4
[434.969s][debug][gc,phases      ] GC(69)     Total                          Min: 0, Avg:  0.0, Max: 0, Diff: 0, Sum: 0, Workers: 4
[434.969s][debug][gc,phases      ] GC(69) Weak Processing 0.343ms
[434.969s][debug][gc,age         ] GC(69) Desired survivor size 68157440 bytes, new threshold 14 (max threshold 15)
[434.969s][info ][gc,heap        ] GC(69) PSYoungGen: 1980944K(2036224K)->52711K(2016768K) Eden: 1979392K(1979392K)->0K(1964032K) From: 1552K(56832K)->52711K(52736K)
[434.969s][info ][gc,heap        ] GC(69) ParOldGen: 322913K(451584K)->326105K(451584K)
[434.969s][info ][gc,metaspace   ] GC(69) Metaspace: 77264K(78080K)->77264K(78080K) NonClass: 66165K(66624K)->66165K(66624K) Class: 11099K(11456K)->11099K(11456K)
[434.969s][info ][gc             ] GC(69) Pause Young (Allocation Failure) 2249M->369M(2410M) 34.128ms
[434.969s][info ][gc,cpu         ] GC(69) User=0.10s Sys=0.01s Real=0.04s
[434.969s][info ][safepoint      ] Safepoint "ParallelGCFailedAllocation", Time since last: 999154585 ns, Reaching safepoint: 58602 ns, At safepoint: 34213912 ns, Total: 34272514 ns
[435.969s][info ][safepoint      ] Safepoint "Cleanup", Time since last: 1000091323 ns, Reaching safepoint: 55902 ns, At safepoint: 5900 ns, Total: 61802 ns
[437.969s][info ][safepoint      ] Safepoint "Cleanup", Time since last: 2000156963 ns, Reaching safepoint: 58402 ns, At safepoint: 5800 ns, Total: 64202 ns
[438.970s][info ][safepoint      ] Safepoint "Cleanup", Time since last: 1000112442 ns, Reaching safepoint: 55002 ns, At safepoint: 5900 ns, Total: 60902 ns
[440.970s][info ][safepoint      ] Safepoint "Cleanup", Time since last: 2000178998 ns, Reaching safepoint: 51102 ns, At safepoint: 9200 ns, Total: 60302 ns
[441.970s][info ][safepoint      ] Safepoint "Cleanup", Time since last: 1000132859 ns, Reaching safepoint: 53902 ns, At safepoint: 3000 ns, Total: 56902 ns
[442.970s][info ][safepoint      ] Safepoint "Cleanup", Time since last: 1000108464 ns, Reaching safepoint: 69103 ns, At safepoint: 4900 ns, Total: 74003 ns
[444.384s][info ][gc,start       ] GC(70) Pause Young (Allocation Failure)
[444.407s][debug][gc,phases      ] GC(70) Scavenge 22.809ms
[444.407s][debug][gc,ref         ] GC(70) Skipped phase 1 of Reference Processing: no references
[444.407s][debug][gc,ref         ] GC(70) ReferenceProcessor::execute queues: 1, RefProcThreadModel::Single, marks_oops_alive: false
[444.407s][debug][gc,ref         ] GC(70) ReferenceProcessor::execute queues: 4, RefProcThreadModel::Multi, marks_oops_alive: true
[444.407s][debug][gc,ref         ] GC(70) ReferenceProcessor::execute queues: 1, RefProcThreadModel::Single, marks_oops_alive: false
[444.407s][debug][gc,phases      ] GC(70) Reference Processing 0.198ms
[444.407s][debug][gc,phases      ] GC(70)   VM Weak                        Min:  0.0, Avg:  0.0, Max:  0.0, Diff:  0.0, Sum:  0.0, Workers: 4
[444.407s][debug][gc,phases      ] GC(70)     Dead                           Min: 0, Avg:  0.0, Max: 0, Diff: 0, Sum: 0, Workers: 4
[444.407s][debug][gc,phases      ] GC(70)     Total                          Min: 0, Avg: 170.5, Max: 682, Diff: 682, Sum: 682, Workers: 4
[444.407s][debug][gc,phases      ] GC(70)   ObjectSynchronizer Weak        Min:  0.0, Avg:  0.0, Max:  0.0, Diff:  0.0, Sum:  0.0, Workers: 4
[444.407s][debug][gc,phases      ] GC(70)     Dead                           Min: 0, Avg:  0.0, Max: 0, Diff: 0, Sum: 0, Workers: 4
[444.407s][debug][gc,phases      ] GC(70)     Total                          Min: 0, Avg: 35.8, Max: 128, Diff: 128, Sum: 143, Workers: 4
[444.407s][debug][gc,phases      ] GC(70)   JVMTI Tag Weak OopStorage      Min:  0.0, Avg:  0.0, Max:  0.0, Diff:  0.0, Sum:  0.0, Workers: 4
[444.407s][debug][gc,phases      ] GC(70)     Dead                           Min: 0, Avg:  0.0, Max: 0, Diff: 0, Sum: 0, Workers: 4
[444.407s][debug][gc,phases      ] GC(70)     Total                          Min: 0, Avg:  0.0, Max: 0, Diff: 0, Sum: 0, Workers: 4
[444.407s][debug][gc,phases      ] GC(70)   StringTable Weak               Min:  0.0, Avg:  0.1, Max:  0.2, Diff:  0.2, Sum:  0.5, Workers: 4
[444.407s][debug][gc,phases      ] GC(70)     Dead                           Min: 0, Avg:  0.0, Max: 0, Diff: 0, Sum: 0, Workers: 4
[444.407s][debug][gc,phases      ] GC(70)     Total                          Min: 0, Avg: 10621.2, Max: 15029, Diff: 15029, Sum: 42485, Workers: 4
[444.407s][debug][gc,phases      ] GC(70)   ResolvedMethodTable Weak       Min:  0.0, Avg:  0.0, Max:  0.0, Diff:  0.0, Sum:  0.1, Workers: 4
[444.407s][debug][gc,phases      ] GC(70)     Dead                           Min: 0, Avg:  0.0, Max: 0, Diff: 0, Sum: 0, Workers: 4
[444.407s][debug][gc,phases      ] GC(70)     Total                          Min: 0, Avg: 2078.0, Max: 2911, Diff: 2911, Sum: 8312, Workers: 4
[444.407s][debug][gc,phases      ] GC(70)   JNI Weak                       Min:  0.0, Avg:  0.0, Max:  0.0, Diff:  0.0, Sum:  0.0, Workers: 4
[444.407s][debug][gc,phases      ] GC(70)     Dead                           Min: 0, Avg:  0.0, Max: 0, Diff: 0, Sum: 0, Workers: 4
[444.407s][debug][gc,phases      ] GC(70)     Total                          Min: 0, Avg: 11.2, Max: 45, Diff: 45, Sum: 45, Workers: 4
[444.407s][debug][gc,phases      ] GC(70)   StringDedup Table Weak         Min:  0.0, Avg:  0.0, Max:  0.0, Diff:  0.0, Sum:  0.0, Workers: 4
[444.407s][debug][gc,phases      ] GC(70)     Dead                           Min: 0, Avg:  0.0, Max: 0, Diff: 0, Sum: 0, Workers: 4
[444.407s][debug][gc,phases      ] GC(70)     Total                          Min: 0, Avg:  0.0, Max: 0, Diff: 0, Sum: 0, Workers: 4
[444.407s][debug][gc,phases      ] GC(70)   StringDedup Requests0 Weak     Min:  0.0, Avg:  0.0, Max:  0.0, Diff:  0.0, Sum:  0.0, Workers: 4
[444.407s][debug][gc,phases      ] GC(70)     Dead                           Min: 0, Avg:  0.0, Max: 0, Diff: 0, Sum: 0, Workers: 4
[444.407s][debug][gc,phases      ] GC(70)     Total                          Min: 0, Avg:  0.0, Max: 0, Diff: 0, Sum: 0, Workers: 4
[444.407s][debug][gc,phases      ] GC(70)   StringDedup Requests1 Weak     Min:  0.0, Avg:  0.0, Max:  0.0, Diff:  0.0, Sum:  0.0, Workers: 4
[444.407s][debug][gc,phases      ] GC(70)     Dead                           Min: 0, Avg:  0.0, Max: 0, Diff: 0, Sum: 0, Workers: 4
[444.407s][debug][gc,phases      ] GC(70)     Total                          Min: 0, Avg:  0.0, Max: 0, Diff: 0, Sum: 0, Workers: 4
[444.407s][debug][gc,phases      ] GC(70)   Weak JFR Old Object Samples    Min:  0.0, Avg:  0.0, Max:  0.0, Diff:  0.0, Sum:  0.0, Workers: 4
[444.407s][debug][gc,phases      ] GC(70)     Dead                           Min: 0, Avg:  0.0, Max: 0, Diff: 0, Sum: 0, Workers: 4
[444.407s][debug][gc,phases      ] GC(70)     Total                          Min: 0, Avg:  0.0, Max: 0, Diff: 0, Sum: 0, Workers: 4
[444.407s][debug][gc,phases      ] GC(70) Weak Processing 0.394ms
[444.407s][debug][gc,age         ] GC(70) Desired survivor size 78118912 bytes, new threshold 15 (max threshold 15)
[444.407s][info ][gc,heap        ] GC(70) PSYoungGen: 2016743K(2016768K)->52708K(2016768K) Eden: 1964032K(1964032K)->0K(1964032K) From: 52711K(52736K)->52708K(52736K)
[444.407s][info ][gc,heap        ] GC(70) ParOldGen: 326105K(451584K)->326217K(451584K)
[444.407s][info ][gc,metaspace   ] GC(70) Metaspace: 77271K(78144K)->77271K(78144K) NonClass: 66172K(66688K)->66172K(66688K) Class: 11099K(11456K)->11099K(11456K)
[444.407s][info ][gc             ] GC(70) Pause Young (Allocation Failure) 2287M->370M(2410M) 23.561ms
[444.407s][info ][gc,cpu         ] GC(70) User=0.06s Sys=0.01s Real=0.02s
[444.407s][info ][safepoint      ] Safepoint "ParallelGCFailedAllocation", Time since last: 1413434730 ns, Reaching safepoint: 68902 ns, At safepoint: 23642239 ns, Total: 23711141 ns
[446.408s][info ][safepoint      ] Safepoint "Cleanup", Time since last: 2000167059 ns, Reaching safepoint: 45302 ns, At safepoint: 6700 ns, Total: 52002 ns
[447.408s][info ][safepoint      ] Safepoint "Cleanup", Time since last: 1000134590 ns, Reaching safepoint: 66402 ns, At safepoint: 4500 ns, Total: 70902 ns
[449.408s][info ][safepoint      ] Safepoint "Cleanup", Time since last: 2000196494 ns, Reaching safepoint: 78003 ns, At safepoint: 11501 ns, Total: 89504 ns
[451.408s][info ][safepoint      ] Safepoint "Cleanup", Time since last: 2000187416 ns, Reaching safepoint: 48401 ns, At safepoint: 3200 ns, Total: 51601 ns
[452.409s][info ][safepoint      ] Safepoint "Cleanup", Time since last: 1000142819 ns, Reaching safepoint: 61302 ns, At safepoint: 2700 ns, Total: 64002 ns
[454.036s][info ][gc,start       ] GC(71) Pause Young (Allocation Failure)
[454.058s][debug][gc,phases      ] GC(71) Scavenge 21.056ms
[454.058s][debug][gc,ref         ] GC(71) Skipped phase 1 of Reference Processing: no references
[454.058s][debug][gc,ref         ] GC(71) ReferenceProcessor::execute queues: 1, RefProcThreadModel::Single, marks_oops_alive: false
[454.058s][debug][gc,ref         ] GC(71) Skipped phase 3 of Reference Processing: no references
[454.058s][debug][gc,ref         ] GC(71) ReferenceProcessor::execute queues: 1, RefProcThreadModel::Single, marks_oops_alive: false
[454.058s][debug][gc,phases      ] GC(71) Reference Processing 0.116ms
[454.058s][debug][gc,phases      ] GC(71)   VM Weak                        Min:  0.0, Avg:  0.0, Max:  0.0, Diff:  0.0, Sum:  0.0, Workers: 4
[454.058s][debug][gc,phases      ] GC(71)     Dead                           Min: 0, Avg:  0.0, Max: 0, Diff: 0, Sum: 0, Workers: 4
[454.058s][debug][gc,phases      ] GC(71)     Total                          Min: 0, Avg: 170.5, Max: 384, Diff: 384, Sum: 682, Workers: 4
[454.058s][debug][gc,phases      ] GC(71)   ObjectSynchronizer Weak        Min:  0.0, Avg:  0.0, Max:  0.0, Diff:  0.0, Sum:  0.0, Workers: 4
[454.058s][debug][gc,phases      ] GC(71)     Dead                           Min: 0, Avg:  0.0, Max: 0, Diff: 0, Sum: 0, Workers: 4
[454.058s][debug][gc,phases      ] GC(71)     Total                          Min: 0, Avg: 35.8, Max: 64, Diff: 64, Sum: 143, Workers: 4
[454.058s][debug][gc,phases      ] GC(71)   JVMTI Tag Weak OopStorage      Min:  0.0, Avg:  0.0, Max:  0.0, Diff:  0.0, Sum:  0.0, Workers: 4
[454.058s][debug][gc,phases      ] GC(71)     Dead                           Min: 0, Avg:  0.0, Max: 0, Diff: 0, Sum: 0, Workers: 4
[454.058s][debug][gc,phases      ] GC(71)     Total                          Min: 0, Avg:  0.0, Max: 0, Diff: 0, Sum: 0, Workers: 4
[454.058s][debug][gc,phases      ] GC(71)   StringTable Weak               Min:  0.0, Avg:  0.1, Max:  0.2, Diff:  0.2, Sum:  0.5, Workers: 4
[454.058s][debug][gc,phases      ] GC(71)     Dead                           Min: 0, Avg:  0.0, Max: 0, Diff: 0, Sum: 0, Workers: 4
[454.058s][debug][gc,phases      ] GC(71)     Total                          Min: 0, Avg: 10623.2, Max: 14784, Diff: 14784, Sum: 42493, Workers: 4
[454.058s][debug][gc,phases      ] GC(71)   ResolvedMethodTable Weak       Min:  0.0, Avg:  0.0, Max:  0.0, Diff:  0.0, Sum:  0.1, Workers: 4
[454.058s][debug][gc,phases      ] GC(71)     Dead                           Min: 0, Avg:  0.0, Max: 0, Diff: 0, Sum: 0, Workers: 4
[454.058s][debug][gc,phases      ] GC(71)     Total                          Min: 0, Avg: 2078.0, Max: 3103, Diff: 3103, Sum: 8312, Workers: 4
[454.058s][debug][gc,phases      ] GC(71)   JNI Weak                       Min:  0.0, Avg:  0.0, Max:  0.0, Diff:  0.0, Sum:  0.0, Workers: 4
[454.058s][debug][gc,phases      ] GC(71)     Dead                           Min: 0, Avg:  0.0, Max: 0, Diff: 0, Sum: 0, Workers: 4
[454.058s][debug][gc,phases      ] GC(71)     Total                          Min: 0, Avg: 11.2, Max: 45, Diff: 45, Sum: 45, Workers: 4
[454.058s][debug][gc,phases      ] GC(71)   StringDedup Table Weak         Min:  0.0, Avg:  0.0, Max:  0.0, Diff:  0.0, Sum:  0.0, Workers: 4
[454.058s][debug][gc,phases      ] GC(71)     Dead                           Min: 0, Avg:  0.0, Max: 0, Diff: 0, Sum: 0, Workers: 4
[454.058s][debug][gc,phases      ] GC(71)     Total                          Min: 0, Avg:  0.0, Max: 0, Diff: 0, Sum: 0, Workers: 4
[454.058s][debug][gc,phases      ] GC(71)   StringDedup Requests0 Weak     Min:  0.0, Avg:  0.0, Max:  0.0, Diff:  0.0, Sum:  0.0, Workers: 4
[454.058s][debug][gc,phases      ] GC(71)     Dead                           Min: 0, Avg:  0.0, Max: 0, Diff: 0, Sum: 0, Workers: 4
[454.058s][debug][gc,phases      ] GC(71)     Total                          Min: 0, Avg:  0.0, Max: 0, Diff: 0, Sum: 0, Workers: 4
[454.058s][debug][gc,phases      ] GC(71)   StringDedup Requests1 Weak     Min:  0.0, Avg:  0.0, Max:  0.0, Diff:  0.0, Sum:  0.0, Workers: 4
[454.058s][debug][gc,phases      ] GC(71)     Dead                           Min: 0, Avg:  0.0, Max: 0, Diff: 0, Sum: 0, Workers: 4
[454.058s][debug][gc,phases      ] GC(71)     Total                          Min: 0, Avg:  0.0, Max: 0, Diff: 0, Sum: 0, Workers: 4
[454.058s][debug][gc,phases      ] GC(71)   Weak JFR Old Object Samples    Min:  0.0, Avg:  0.0, Max:  0.0, Diff:  0.0, Sum:  0.0, Workers: 4
[454.058s][debug][gc,phases      ] GC(71)     Dead                           Min: 0, Avg:  0.0, Max: 0, Diff: 0, Sum: 0, Workers: 4
[454.058s][debug][gc,phases      ] GC(71)     Total                          Min: 0, Avg:  0.0, Max: 0, Diff: 0, Sum: 0, Workers: 4
[454.058s][debug][gc,phases      ] GC(71) Weak Processing 0.382ms
[454.058s][debug][gc,age         ] GC(71) Desired survivor size 85983232 bytes, new threshold 15 (max threshold 15)
[454.058s][info ][gc,heap        ] GC(71) PSYoungGen: 2016740K(2016768K)->52580K(2005504K) Eden: 1964032K(1964032K)->0K(1929216K) From: 52708K(52736K)->52580K(76288K)
[454.058s][info ][gc,heap        ] GC(71) ParOldGen: 326217K(451584K)->326217K(451584K)
[454.058s][info ][gc,metaspace   ] GC(71) Metaspace: 77273K(78144K)->77273K(78144K) NonClass: 66174K(66688K)->66174K(66688K) Class: 11099K(11456K)->11099K(11456K)
[454.058s][info ][gc             ] GC(71) Pause Young (Allocation Failure) 2288M->369M(2399M) 21.702ms
[454.058s][info ][gc,cpu         ] GC(71) User=0.06s Sys=0.01s Real=0.02s
[454.058s][info ][safepoint      ] Safepoint "ParallelGCFailedAllocation", Time since last: 1627748518 ns, Reaching safepoint: 86803 ns, At safepoint: 21788874 ns, Total: 21875677 ns
[455.058s][info ][safepoint      ] Safepoint "Cleanup", Time since last: 1000090031 ns, Reaching safepoint: 53902 ns, At safepoint: 7000 ns, Total: 60902 ns
[456.058s][info ][safepoint      ] Safepoint "Cleanup", Time since last: 1000119038 ns, Reaching safepoint: 65402 ns, At safepoint: 8901 ns, Total: 74303 ns
[458.059s][info ][safepoint      ] Safepoint "Cleanup", Time since last: 2000186489 ns, Reaching safepoint: 139705 ns, At safepoint: 11101 ns, Total: 150806 ns
[462.059s][info ][safepoint      ] Safepoint "Cleanup", Time since last: 4000351544 ns, Reaching safepoint: 103104 ns, At safepoint: 3900 ns, Total: 107004 ns
[463.059s][info ][safepoint      ] Safepoint "Cleanup", Time since last: 1000122476 ns, Reaching safepoint: 61002 ns, At safepoint: 8801 ns, Total: 69803 ns
[463.240s][info ][gc,start       ] GC(72) Pause Young (Allocation Failure)
[463.259s][debug][gc,phases      ] GC(72) Scavenge 19.293ms
[463.259s][debug][gc,ref         ] GC(72) Skipped phase 1 of Reference Processing: no references
[463.259s][debug][gc,ref         ] GC(72) ReferenceProcessor::execute queues: 1, RefProcThreadModel::Single, marks_oops_alive: false
[463.259s][debug][gc,ref         ] GC(72) Skipped phase 3 of Reference Processing: no references
[463.259s][debug][gc,ref         ] GC(72) ReferenceProcessor::execute queues: 1, RefProcThreadModel::Single, marks_oops_alive: false
[463.259s][debug][gc,phases      ] GC(72) Reference Processing 0.116ms
[463.260s][debug][gc,phases      ] GC(72)   VM Weak                        Min:  0.0, Avg:  0.0, Max:  0.0, Diff:  0.0, Sum:  0.0, Workers: 4
[463.260s][debug][gc,phases      ] GC(72)     Dead                           Min: 0, Avg:  0.0, Max: 0, Diff: 0, Sum: 0, Workers: 4
[463.260s][debug][gc,phases      ] GC(72)     Total                          Min: 0, Avg: 170.5, Max: 448, Diff: 448, Sum: 682, Workers: 4
[463.260s][debug][gc,phases      ] GC(72)   ObjectSynchronizer Weak        Min:  0.0, Avg:  0.0, Max:  0.0, Diff:  0.0, Sum:  0.0, Workers: 4
[463.260s][debug][gc,phases      ] GC(72)     Dead                           Min: 0, Avg:  0.0, Max: 0, Diff: 0, Sum: 0, Workers: 4
[463.260s][debug][gc,phases      ] GC(72)     Total                          Min: 0, Avg: 35.8, Max: 79, Diff: 79, Sum: 143, Workers: 4
[463.260s][debug][gc,phases      ] GC(72)   JVMTI Tag Weak OopStorage      Min:  0.0, Avg:  0.0, Max:  0.0, Diff:  0.0, Sum:  0.0, Workers: 4
[463.260s][debug][gc,phases      ] GC(72)     Dead                           Min: 0, Avg:  0.0, Max: 0, Diff: 0, Sum: 0, Workers: 4
[463.260s][debug][gc,phases      ] GC(72)     Total                          Min: 0, Avg:  0.0, Max: 0, Diff: 0, Sum: 0, Workers: 4
[463.260s][debug][gc,phases      ] GC(72)   StringTable Weak               Min:  0.0, Avg:  0.1, Max:  0.2, Diff:  0.2, Sum:  0.4, Workers: 4
[463.260s][debug][gc,phases      ] GC(72)     Dead                           Min: 0, Avg:  0.2, Max: 1, Diff: 1, Sum: 1, Workers: 4
[463.260s][debug][gc,phases      ] GC(72)     Total                          Min: 0, Avg: 10629.2, Max: 21696, Diff: 21696, Sum: 42517, Workers: 4
[463.260s][debug][gc,phases      ] GC(72)   ResolvedMethodTable Weak       Min:  0.0, Avg:  0.0, Max:  0.1, Diff:  0.1, Sum:  0.1, Workers: 4
[463.260s][debug][gc,phases      ] GC(72)     Dead                           Min: 0, Avg:  0.0, Max: 0, Diff: 0, Sum: 0, Workers: 4
[463.260s][debug][gc,phases      ] GC(72)     Total                          Min: 0, Avg: 2078.5, Max: 4470, Diff: 4470, Sum: 8314, Workers: 4
[463.260s][debug][gc,phases      ] GC(72)   JNI Weak                       Min:  0.0, Avg:  0.0, Max:  0.0, Diff:  0.0, Sum:  0.0, Workers: 4
[463.260s][debug][gc,phases      ] GC(72)     Dead                           Min: 0, Avg:  0.0, Max: 0, Diff: 0, Sum: 0, Workers: 4
[463.260s][debug][gc,phases      ] GC(72)     Total                          Min: 0, Avg: 11.2, Max: 45, Diff: 45, Sum: 45, Workers: 4
[463.260s][debug][gc,phases      ] GC(72)   StringDedup Table Weak         Min:  0.0, Avg:  0.0, Max:  0.0, Diff:  0.0, Sum:  0.0, Workers: 4
[463.260s][debug][gc,phases      ] GC(72)     Dead                           Min: 0, Avg:  0.0, Max: 0, Diff: 0, Sum: 0, Workers: 4
[463.260s][debug][gc,phases      ] GC(72)     Total                          Min: 0, Avg:  0.0, Max: 0, Diff: 0, Sum: 0, Workers: 4
[463.260s][debug][gc,phases      ] GC(72)   StringDedup Requests0 Weak     Min:  0.0, Avg:  0.0, Max:  0.0, Diff:  0.0, Sum:  0.0, Workers: 4
[463.260s][debug][gc,phases      ] GC(72)     Dead                           Min: 0, Avg:  0.0, Max: 0, Diff: 0, Sum: 0, Workers: 4
[463.260s][debug][gc,phases      ] GC(72)     Total                          Min: 0, Avg:  0.0, Max: 0, Diff: 0, Sum: 0, Workers: 4
[463.260s][debug][gc,phases      ] GC(72)   StringDedup Requests1 Weak     Min:  0.0, Avg:  0.0, Max:  0.0, Diff:  0.0, Sum:  0.0, Workers: 4
[463.260s][debug][gc,phases      ] GC(72)     Dead                           Min: 0, Avg:  0.0, Max: 0, Diff: 0, Sum: 0, Workers: 4
[463.260s][debug][gc,phases      ] GC(72)     Total                          Min: 0, Avg:  0.0, Max: 0, Diff: 0, Sum: 0, Workers: 4
[463.260s][debug][gc,phases      ] GC(72)   Weak JFR Old Object Samples    Min:  0.0, Avg:  0.0, Max:  0.0, Diff:  0.0, Sum:  0.0, Workers: 4
[463.260s][debug][gc,phases      ] GC(72)     Dead                           Min: 0, Avg:  0.0, Max: 0, Diff: 0, Sum: 0, Workers: 4
[463.260s][debug][gc,phases      ] GC(72)     Total                          Min: 0, Avg:  0.0, Max: 0, Diff: 0, Sum: 0, Workers: 4
[463.260s][debug][gc,phases      ] GC(72) Weak Processing 0.467ms
[463.260s][debug][gc,age         ] GC(72) Desired survivor size 91750400 bytes, new threshold 15 (max threshold 15)
[463.260s][info ][gc,heap        ] GC(72) PSYoungGen: 1981796K(2005504K)->52612K(1981952K) Eden: 1929216K(1929216K)->0K(1929216K) From: 52580K(76288K)->52612K(52736K)
[463.260s][info ][gc,heap        ] GC(72) ParOldGen: 326217K(451584K)->326249K(451584K)
[463.260s][info ][gc,metaspace   ] GC(72) Metaspace: 77277K(78144K)->77277K(78144K) NonClass: 66177K(66688K)->66177K(66688K) Class: 11099K(11456K)->11099K(11456K)
[463.260s][info ][gc             ] GC(72) Pause Young (Allocation Failure) 2253M->369M(2376M) 20.019ms
[463.260s][info ][gc,cpu         ] GC(72) User=0.06s Sys=0.01s Real=0.02s
[463.260s][info ][safepoint      ] Safepoint "ParallelGCFailedAllocation", Time since last: 180288513 ns, Reaching safepoint: 35102 ns, At safepoint: 20096314 ns, Total: 20131416 ns
[465.260s][info ][safepoint      ] Safepoint "Cleanup", Time since last: 2000117566 ns, Reaching safepoint: 60903 ns, At safepoint: 8500 ns, Total: 69403 ns
[466.550s][info ][safepoint      ] Safepoint "Cleanup", Time since last: 1289702800 ns, Reaching safepoint: 107404 ns, At safepoint: 9600 ns, Total: 117004 ns
[467.079s][info ][safepoint      ] Safepoint "ICBufferFull", Time since last: 528844825 ns, Reaching safepoint: 308311 ns, At safepoint: 15500 ns, Total: 323811 ns
[467.795s][info ][safepoint      ] Safepoint "ICBufferFull", Time since last: 715646176 ns, Reaching safepoint: 213507 ns, At safepoint: 7600 ns, Total: 221107 ns
[468.416s][info ][safepoint      ] Safepoint "ICBufferFull", Time since last: 620405288 ns, Reaching safepoint: 253309 ns, At safepoint: 12600 ns, Total: 265909 ns
[468.977s][info ][gc,start       ] GC(73) Pause Young (Allocation Failure)
[469.017s][debug][gc,phases      ] GC(73) Scavenge 39.701ms
[469.017s][debug][gc,ref         ] GC(73) Skipped phase 1 of Reference Processing: no references
[469.017s][debug][gc,ref         ] GC(73) ReferenceProcessor::execute queues: 1, RefProcThreadModel::Single, marks_oops_alive: false
[469.017s][debug][gc,ref         ] GC(73) Skipped phase 3 of Reference Processing: no references
[469.017s][debug][gc,ref         ] GC(73) ReferenceProcessor::execute queues: 1, RefProcThreadModel::Single, marks_oops_alive: false
[469.017s][debug][gc,phases      ] GC(73) Reference Processing 0.156ms
[469.017s][debug][gc,phases      ] GC(73)   VM Weak                        Min:  0.0, Avg:  0.0, Max:  0.0, Diff:  0.0, Sum:  0.0, Workers: 4
[469.017s][debug][gc,phases      ] GC(73)     Dead                           Min: 0, Avg:  0.0, Max: 0, Diff: 0, Sum: 0, Workers: 4
[469.017s][debug][gc,phases      ] GC(73)     Total                          Min: 0, Avg: 173.0, Max: 692, Diff: 692, Sum: 692, Workers: 4
[469.017s][debug][gc,phases      ] GC(73)   ObjectSynchronizer Weak        Min:  0.0, Avg:  0.0, Max:  0.0, Diff:  0.0, Sum:  0.0, Workers: 4
[469.017s][debug][gc,phases      ] GC(73)     Dead                           Min: 0, Avg:  0.0, Max: 0, Diff: 0, Sum: 0, Workers: 4
[469.017s][debug][gc,phases      ] GC(73)     Total                          Min: 0, Avg: 35.8, Max: 79, Diff: 79, Sum: 143, Workers: 4
[469.017s][debug][gc,phases      ] GC(73)   JVMTI Tag Weak OopStorage      Min:  0.0, Avg:  0.0, Max:  0.0, Diff:  0.0, Sum:  0.0, Workers: 4
[469.017s][debug][gc,phases      ] GC(73)     Dead                           Min: 0, Avg:  0.0, Max: 0, Diff: 0, Sum: 0, Workers: 4
[469.017s][debug][gc,phases      ] GC(73)     Total                          Min: 0, Avg:  0.0, Max: 0, Diff: 0, Sum: 0, Workers: 4
[469.017s][debug][gc,phases      ] GC(73)   StringTable Weak               Min:  0.0, Avg:  0.1, Max:  0.2, Diff:  0.2, Sum:  0.5, Workers: 4
[469.017s][debug][gc,phases      ] GC(73)     Dead                           Min: 0, Avg:  1.2, Max: 5, Diff: 5, Sum: 5, Workers: 4
[469.017s][debug][gc,phases      ] GC(73)     Total                          Min: 0, Avg: 10661.2, Max: 16319, Diff: 16319, Sum: 42645, Workers: 4
[469.017s][debug][gc,phases      ] GC(73)   ResolvedMethodTable Weak       Min:  0.0, Avg:  0.0, Max:  0.0, Diff:  0.0, Sum:  0.1, Workers: 4
[469.017s][debug][gc,phases      ] GC(73)     Dead                           Min: 0, Avg:  0.0, Max: 0, Diff: 0, Sum: 0, Workers: 4
[469.017s][debug][gc,phases      ] GC(73)     Total                          Min: 0, Avg: 2111.2, Max: 4652, Diff: 4652, Sum: 8445, Workers: 4
[469.017s][debug][gc,phases      ] GC(73)   JNI Weak                       Min:  0.0, Avg:  0.0, Max:  0.0, Diff:  0.0, Sum:  0.0, Workers: 4
[469.017s][debug][gc,phases      ] GC(73)     Dead                           Min: 0, Avg:  0.0, Max: 0, Diff: 0, Sum: 0, Workers: 4
[469.017s][debug][gc,phases      ] GC(73)     Total                          Min: 0, Avg: 15.8, Max: 45, Diff: 45, Sum: 63, Workers: 4
[469.017s][debug][gc,phases      ] GC(73)   StringDedup Table Weak         Min:  0.0, Avg:  0.0, Max:  0.0, Diff:  0.0, Sum:  0.0, Workers: 4
[469.017s][debug][gc,phases      ] GC(73)     Dead                           Min: 0, Avg:  0.0, Max: 0, Diff: 0, Sum: 0, Workers: 4
[469.017s][debug][gc,phases      ] GC(73)     Total                          Min: 0, Avg:  0.0, Max: 0, Diff: 0, Sum: 0, Workers: 4
[469.017s][debug][gc,phases      ] GC(73)   StringDedup Requests0 Weak     Min:  0.0, Avg:  0.0, Max:  0.0, Diff:  0.0, Sum:  0.0, Workers: 4
[469.017s][debug][gc,phases      ] GC(73)     Dead                           Min: 0, Avg:  0.0, Max: 0, Diff: 0, Sum: 0, Workers: 4
[469.017s][debug][gc,phases      ] GC(73)     Total                          Min: 0, Avg:  0.0, Max: 0, Diff: 0, Sum: 0, Workers: 4
[469.017s][debug][gc,phases      ] GC(73)   StringDedup Requests1 Weak     Min:  0.0, Avg:  0.0, Max:  0.0, Diff:  0.0, Sum:  0.0, Workers: 4
[469.017s][debug][gc,phases      ] GC(73)     Dead                           Min: 0, Avg:  0.0, Max: 0, Diff: 0, Sum: 0, Workers: 4
[469.017s][debug][gc,phases      ] GC(73)     Total                          Min: 0, Avg:  0.0, Max: 0, Diff: 0, Sum: 0, Workers: 4
[469.017s][debug][gc,phases      ] GC(73)   Weak JFR Old Object Samples    Min:  0.0, Avg:  0.0, Max:  0.0, Diff:  0.0, Sum:  0.0, Workers: 4
[469.017s][debug][gc,phases      ] GC(73)     Dead                           Min: 0, Avg:  0.0, Max: 0, Diff: 0, Sum: 0, Workers: 4
[469.017s][debug][gc,phases      ] GC(73)     Total                          Min: 0, Avg:  0.0, Max: 0, Diff: 0, Sum: 0, Workers: 4
[469.017s][debug][gc,phases      ] GC(73) Weak Processing 0.420ms
[469.017s][debug][gc,age         ] GC(73) Desired survivor size 104333312 bytes, new threshold 15 (max threshold 15)
[469.018s][info ][gc,heap        ] GC(73) PSYoungGen: 1981828K(1981952K)->72689K(1982976K) Eden: 1929216K(1929216K)->0K(1893376K) From: 52612K(52736K)->72689K(89600K)
[469.018s][info ][gc,heap        ] GC(73) ParOldGen: 326249K(451584K)->326281K(451584K)
[469.018s][info ][gc,metaspace   ] GC(73) Metaspace: 77602K(78464K)->77602K(78464K) NonClass: 66446K(66944K)->66446K(66944K) Class: 11156K(11520K)->11156K(11520K)
[469.018s][info ][gc             ] GC(73) Pause Young (Allocation Failure) 2253M->389M(2377M) 40.415ms
[469.018s][info ][gc,cpu         ] GC(73) User=0.14s Sys=0.00s Real=0.04s
[469.018s][info ][safepoint      ] Safepoint "ParallelGCFailedAllocation", Time since last: 561257184 ns, Reaching safepoint: 208608 ns, At safepoint: 40492341 ns, Total: 40700949 ns
[470.018s][info ][safepoint      ] Safepoint "Cleanup", Time since last: 1000085613 ns, Reaching safepoint: 76402 ns, At safepoint: 12701 ns, Total: 89103 ns
[471.018s][info ][safepoint      ] Safepoint "Cleanup", Time since last: 1000105418 ns, Reaching safepoint: 157106 ns, At safepoint: 12000 ns, Total: 169106 ns
[472.018s][info ][safepoint      ] Safepoint "Cleanup", Time since last: 1000107724 ns, Reaching safepoint: 102504 ns, At safepoint: 2900 ns, Total: 105404 ns
[473.018s][info ][safepoint      ] Safepoint "Cleanup", Time since last: 1000113029 ns, Reaching safepoint: 51602 ns, At safepoint: 3100 ns, Total: 54702 ns
[473.893s][info ][gc,start       ] GC(74) Pause Young (Allocation Failure)
[473.927s][debug][gc,phases      ] GC(74) Scavenge 34.643ms
[473.927s][debug][gc,ref         ] GC(74) Skipped phase 1 of Reference Processing: no references
[473.927s][debug][gc,ref         ] GC(74) ReferenceProcessor::execute queues: 1, RefProcThreadModel::Single, marks_oops_alive: false
[473.928s][debug][gc,ref         ] GC(74) Skipped phase 3 of Reference Processing: no references
[473.928s][debug][gc,ref         ] GC(74) ReferenceProcessor::execute queues: 1, RefProcThreadModel::Single, marks_oops_alive: false
[473.928s][debug][gc,phases      ] GC(74) Reference Processing 0.164ms
[473.928s][debug][gc,phases      ] GC(74)   VM Weak                        Min:  0.0, Avg:  0.0, Max:  0.0, Diff:  0.0, Sum:  0.0, Workers: 4
[473.928s][debug][gc,phases      ] GC(74)     Dead                           Min: 0, Avg:  0.0, Max: 0, Diff: 0, Sum: 0, Workers: 4
[473.928s][debug][gc,phases      ] GC(74)     Total                          Min: 0, Avg: 192.0, Max: 640, Diff: 640, Sum: 768, Workers: 4
[473.928s][debug][gc,phases      ] GC(74)   ObjectSynchronizer Weak        Min:  0.0, Avg:  0.0, Max:  0.0, Diff:  0.0, Sum:  0.0, Workers: 4
[473.928s][debug][gc,phases      ] GC(74)     Dead                           Min: 0, Avg:  0.0, Max: 0, Diff: 0, Sum: 0, Workers: 4
[473.928s][debug][gc,phases      ] GC(74)     Total                          Min: 0, Avg: 35.8, Max: 79, Diff: 79, Sum: 143, Workers: 4
[473.928s][debug][gc,phases      ] GC(74)   JVMTI Tag Weak OopStorage      Min:  0.0, Avg:  0.0, Max:  0.0, Diff:  0.0, Sum:  0.0, Workers: 4
[473.928s][debug][gc,phases      ] GC(74)     Dead                           Min: 0, Avg:  0.0, Max: 0, Diff: 0, Sum: 0, Workers: 4
[473.928s][debug][gc,phases      ] GC(74)     Total                          Min: 0, Avg:  0.0, Max: 0, Diff: 0, Sum: 0, Workers: 4
[473.928s][debug][gc,phases      ] GC(74)   StringTable Weak               Min:  0.1, Avg:  0.1, Max:  0.1, Diff:  0.0, Sum:  0.5, Workers: 4
[473.928s][debug][gc,phases      ] GC(74)     Dead                           Min: 0, Avg:  0.8, Max: 2, Diff: 2, Sum: 3, Workers: 4
[473.928s][debug][gc,phases      ] GC(74)     Total                          Min: 8960, Avg: 10719.0, Max: 12224, Diff: 3264, Sum: 42876, Workers: 4
[473.928s][debug][gc,phases      ] GC(74)   ResolvedMethodTable Weak       Min:  0.0, Avg:  0.0, Max:  0.0, Diff:  0.0, Sum:  0.1, Workers: 4
[473.928s][debug][gc,phases      ] GC(74)     Dead                           Min: 0, Avg:  3.8, Max: 15, Diff: 15, Sum: 15, Workers: 4
[473.928s][debug][gc,phases      ] GC(74)     Total                          Min: 1920, Avg: 2200.2, Max: 2496, Diff: 576, Sum: 8801, Workers: 4
[473.928s][debug][gc,phases      ] GC(74)   JNI Weak                       Min:  0.0, Avg:  0.0, Max:  0.0, Diff:  0.0, Sum:  0.0, Workers: 4
[473.928s][debug][gc,phases      ] GC(74)     Dead                           Min: 0, Avg:  0.0, Max: 0, Diff: 0, Sum: 0, Workers: 4
[473.928s][debug][gc,phases      ] GC(74)     Total                          Min: 0, Avg: 11.2, Max: 45, Diff: 45, Sum: 45, Workers: 4
[473.928s][debug][gc,phases      ] GC(74)   StringDedup Table Weak         Min:  0.0, Avg:  0.0, Max:  0.0, Diff:  0.0, Sum:  0.0, Workers: 4
[473.928s][debug][gc,phases      ] GC(74)     Dead                           Min: 0, Avg:  0.0, Max: 0, Diff: 0, Sum: 0, Workers: 4
[473.928s][debug][gc,phases      ] GC(74)     Total                          Min: 0, Avg:  0.0, Max: 0, Diff: 0, Sum: 0, Workers: 4
[473.928s][debug][gc,phases      ] GC(74)   StringDedup Requests0 Weak     Min:  0.0, Avg:  0.0, Max:  0.0, Diff:  0.0, Sum:  0.0, Workers: 4
[473.928s][debug][gc,phases      ] GC(74)     Dead                           Min: 0, Avg:  0.0, Max: 0, Diff: 0, Sum: 0, Workers: 4
[473.928s][debug][gc,phases      ] GC(74)     Total                          Min: 0, Avg:  0.0, Max: 0, Diff: 0, Sum: 0, Workers: 4
[473.928s][debug][gc,phases      ] GC(74)   StringDedup Requests1 Weak     Min:  0.0, Avg:  0.0, Max:  0.0, Diff:  0.0, Sum:  0.0, Workers: 4
[473.928s][debug][gc,phases      ] GC(74)     Dead                           Min: 0, Avg:  0.0, Max: 0, Diff: 0, Sum: 0, Workers: 4
[473.928s][debug][gc,phases      ] GC(74)     Total                          Min: 0, Avg:  0.0, Max: 0, Diff: 0, Sum: 0, Workers: 4
[473.928s][debug][gc,phases      ] GC(74)   Weak JFR Old Object Samples    Min:  0.0, Avg:  0.0, Max:  0.0, Diff:  0.0, Sum:  0.0, Workers: 4
[473.928s][debug][gc,phases      ] GC(74)     Dead                           Min: 0, Avg:  0.0, Max: 0, Diff: 0, Sum: 0, Workers: 4
[473.928s][debug][gc,phases      ] GC(74)     Total                          Min: 0, Avg:  0.0, Max: 0, Diff: 0, Sum: 0, Workers: 4
[473.928s][debug][gc,phases      ] GC(74) Weak Processing 0.380ms
[473.928s][debug][gc,age         ] GC(74) Desired survivor size 113246208 bytes, new threshold 15 (max threshold 15)
[473.928s][info ][gc,heap        ] GC(74) PSYoungGen: 1966065K(1982976K)->72029K(1965568K) Eden: 1893376K(1893376K)->0K(1893376K) From: 72689K(89600K)->72029K(72192K)
[473.928s][info ][gc,heap        ] GC(74) ParOldGen: 326281K(451584K)->326297K(451584K)
[473.928s][info ][gc,metaspace   ] GC(74) Metaspace: 78552K(79424K)->78552K(79424K) NonClass: 67226K(67712K)->67226K(67712K) Class: 11325K(11712K)->11325K(11712K)
[473.928s][info ][gc             ] GC(74) Pause Young (Allocation Failure) 2238M->388M(2360M) 35.354ms
[473.928s][info ][gc,cpu         ] GC(74) User=0.12s Sys=0.00s Real=0.03s
[473.928s][info ][safepoint      ] Safepoint "ParallelGCFailedAllocation", Time since last: 874090445 ns, Reaching safepoint: 116204 ns, At safepoint: 35434762 ns, Total: 35550966 ns
[474.928s][info ][safepoint      ] Safepoint "Cleanup", Time since last: 1000198043 ns, Reaching safepoint: 105604 ns, At safepoint: 3000 ns, Total: 108604 ns
[475.928s][info ][safepoint      ] Safepoint "Cleanup", Time since last: 1000071743 ns, Reaching safepoint: 55002 ns, At safepoint: 4500 ns, Total: 59502 ns
[476.929s][info ][safepoint      ] Safepoint "Cleanup", Time since last: 1000113251 ns, Reaching safepoint: 73402 ns, At safepoint: 6801 ns, Total: 80203 ns
[478.634s][info ][safepoint      ] Safepoint "Cleanup", Time since last: 1704824382 ns, Reaching safepoint: 197407 ns, At safepoint: 7300 ns, Total: 204707 ns
[480.022s][info ][safepoint      ] Safepoint "Cleanup", Time since last: 1388353412 ns, Reaching safepoint: 56302 ns, At safepoint: 6500 ns, Total: 62802 ns
[481.022s][info ][safepoint      ] Safepoint "Cleanup", Time since last: 1000128172 ns, Reaching safepoint: 128105 ns, At safepoint: 4100 ns, Total: 132205 ns
[482.023s][info ][safepoint      ] Safepoint "Cleanup", Time since last: 1000110577 ns, Reaching safepoint: 83203 ns, At safepoint: 2800 ns, Total: 86003 ns
[482.133s][info ][gc,start       ] GC(75) Pause Young (Allocation Failure)
[482.165s][debug][gc,phases      ] GC(75) Scavenge 31.301ms
[482.165s][debug][gc,ref         ] GC(75) Skipped phase 1 of Reference Processing: no references
[482.165s][debug][gc,ref         ] GC(75) ReferenceProcessor::execute queues: 1, RefProcThreadModel::Single, marks_oops_alive: false
[482.165s][debug][gc,ref         ] GC(75) Skipped phase 3 of Reference Processing: no references
[482.165s][debug][gc,ref         ] GC(75) ReferenceProcessor::execute queues: 1, RefProcThreadModel::Single, marks_oops_alive: false
[482.165s][debug][gc,phases      ] GC(75) Reference Processing 0.205ms
[482.165s][debug][gc,phases      ] GC(75)   VM Weak                        Min:  0.0, Avg:  0.0, Max:  0.0, Diff:  0.0, Sum:  0.0, Workers: 4
[482.165s][debug][gc,phases      ] GC(75)     Dead                           Min: 0, Avg:  0.0, Max: 0, Diff: 0, Sum: 0, Workers: 4
[482.165s][debug][gc,phases      ] GC(75)     Total                          Min: 0, Avg: 193.2, Max: 389, Diff: 389, Sum: 773, Workers: 4
[482.165s][debug][gc,phases      ] GC(75)   ObjectSynchronizer Weak        Min:  0.0, Avg:  0.0, Max:  0.0, Diff:  0.0, Sum:  0.0, Workers: 4
[482.165s][debug][gc,phases      ] GC(75)     Dead                           Min: 0, Avg:  0.0, Max: 0, Diff: 0, Sum: 0, Workers: 4
[482.165s][debug][gc,phases      ] GC(75)     Total                          Min: 0, Avg: 36.0, Max: 80, Diff: 80, Sum: 144, Workers: 4
[482.165s][debug][gc,phases      ] GC(75)   JVMTI Tag Weak OopStorage      Min:  0.0, Avg:  0.0, Max:  0.0, Diff:  0.0, Sum:  0.0, Workers: 4
[482.165s][debug][gc,phases      ] GC(75)     Dead                           Min: 0, Avg:  0.0, Max: 0, Diff: 0, Sum: 0, Workers: 4
[482.165s][debug][gc,phases      ] GC(75)     Total                          Min: 0, Avg:  0.0, Max: 0, Diff: 0, Sum: 0, Workers: 4
[482.165s][debug][gc,phases      ] GC(75)   StringTable Weak               Min:  0.0, Avg:  0.1, Max:  0.2, Diff:  0.2, Sum:  0.5, Workers: 4
[482.165s][debug][gc,phases      ] GC(75)     Dead                           Min: 0, Avg:  0.8, Max: 3, Diff: 3, Sum: 3, Workers: 4
[482.165s][debug][gc,phases      ] GC(75)     Total                          Min: 0, Avg: 10738.5, Max: 14592, Diff: 14592, Sum: 42954, Workers: 4
[482.165s][debug][gc,phases      ] GC(75)   ResolvedMethodTable Weak       Min:  0.0, Avg:  0.0, Max:  0.0, Diff:  0.0, Sum:  0.1, Workers: 4
[482.165s][debug][gc,phases      ] GC(75)     Dead                           Min: 0, Avg:  0.0, Max: 0, Diff: 0, Sum: 0, Workers: 4
[482.165s][debug][gc,phases      ] GC(75)     Total                          Min: 0, Avg: 2212.5, Max: 3136, Diff: 3136, Sum: 8850, Workers: 4
[482.165s][debug][gc,phases      ] GC(75)   JNI Weak                       Min:  0.0, Avg:  0.0, Max:  0.0, Diff:  0.0, Sum:  0.0, Workers: 4
[482.165s][debug][gc,phases      ] GC(75)     Dead                           Min: 0, Avg:  0.0, Max: 0, Diff: 0, Sum: 0, Workers: 4
[482.165s][debug][gc,phases      ] GC(75)     Total                          Min: 0, Avg: 11.2, Max: 45, Diff: 45, Sum: 45, Workers: 4
[482.165s][debug][gc,phases      ] GC(75)   StringDedup Table Weak         Min:  0.0, Avg:  0.0, Max:  0.0, Diff:  0.0, Sum:  0.0, Workers: 4
[482.165s][debug][gc,phases      ] GC(75)     Dead                           Min: 0, Avg:  0.0, Max: 0, Diff: 0, Sum: 0, Workers: 4
[482.165s][debug][gc,phases      ] GC(75)     Total                          Min: 0, Avg:  0.0, Max: 0, Diff: 0, Sum: 0, Workers: 4
[482.165s][debug][gc,phases      ] GC(75)   StringDedup Requests0 Weak     Min:  0.0, Avg:  0.0, Max:  0.0, Diff:  0.0, Sum:  0.0, Workers: 4
[482.165s][debug][gc,phases      ] GC(75)     Dead                           Min: 0, Avg:  0.0, Max: 0, Diff: 0, Sum: 0, Workers: 4
[482.165s][debug][gc,phases      ] GC(75)     Total                          Min: 0, Avg:  0.0, Max: 0, Diff: 0, Sum: 0, Workers: 4
[482.165s][debug][gc,phases      ] GC(75)   StringDedup Requests1 Weak     Min:  0.0, Avg:  0.0, Max:  0.0, Diff:  0.0, Sum:  0.0, Workers: 4
[482.165s][debug][gc,phases      ] GC(75)     Dead                           Min: 0, Avg:  0.0, Max: 0, Diff: 0, Sum: 0, Workers: 4
[482.165s][debug][gc,phases      ] GC(75)     Total                          Min: 0, Avg:  0.0, Max: 0, Diff: 0, Sum: 0, Workers: 4
[482.165s][debug][gc,phases      ] GC(75)   Weak JFR Old Object Samples    Min:  0.0, Avg:  0.0, Max:  0.0, Diff:  0.0, Sum:  0.0, Workers: 4
[482.165s][debug][gc,phases      ] GC(75)     Dead                           Min: 0, Avg:  0.0, Max: 0, Diff: 0, Sum: 0, Workers: 4
[482.165s][debug][gc,phases      ] GC(75)     Total                          Min: 0, Avg:  0.0, Max: 0, Diff: 0, Sum: 0, Workers: 4
[482.165s][debug][gc,phases      ] GC(75) Weak Processing 0.440ms
[482.165s][debug][gc,age         ] GC(75) Desired survivor size 120061952 bytes, new threshold 15 (max threshold 15)
[482.165s][info ][gc,heap        ] GC(75) PSYoungGen: 1965405K(1965568K)->71361K(1973248K) Eden: 1893376K(1893376K)->0K(1862656K) From: 72029K(72192K)->71361K(110592K)
[482.165s][info ][gc,heap        ] GC(75) ParOldGen: 326297K(451584K)->326329K(451584K)
[482.165s][info ][gc,metaspace   ] GC(75) Metaspace: 78801K(79744K)->78801K(79744K) NonClass: 67445K(67968K)->67445K(67968K) Class: 11355K(11776K)->11355K(11776K)
[482.165s][info ][gc             ] GC(75) Pause Young (Allocation Failure) 2237M->388M(2368M) 32.095ms
[482.165s][info ][gc,cpu         ] GC(75) User=0.11s Sys=0.00s Real=0.03s
[482.165s][info ][safepoint      ] Safepoint "ParallelGCFailedAllocation", Time since last: 110672148 ns, Reaching safepoint: 53002 ns, At safepoint: 32184348 ns, Total: 32237350 ns
[483.166s][info ][safepoint      ] Safepoint "Cleanup", Time since last: 1000090783 ns, Reaching safepoint: 83703 ns, At safepoint: 3300 ns, Total: 87003 ns
[484.166s][info ][safepoint      ] Safepoint "Cleanup", Time since last: 1000124989 ns, Reaching safepoint: 63702 ns, At safepoint: 2800 ns, Total: 66502 ns
[485.166s][info ][safepoint      ] Safepoint "Cleanup", Time since last: 1000122994 ns, Reaching safepoint: 72103 ns, At safepoint: 7800 ns, Total: 79903 ns
[486.166s][info ][safepoint      ] Safepoint "Cleanup", Time since last: 1000126699 ns, Reaching safepoint: 53402 ns, At safepoint: 7200 ns, Total: 60602 ns
[487.166s][info ][safepoint      ] Safepoint "Cleanup", Time since last: 1000127705 ns, Reaching safepoint: 73602 ns, At safepoint: 6801 ns, Total: 80403 ns
[488.167s][info ][safepoint      ] Safepoint "Cleanup", Time since last: 1000430620 ns, Reaching safepoint: 54202 ns, At safepoint: 4900 ns, Total: 59102 ns
[489.167s][info ][safepoint      ] Safepoint "Cleanup", Time since last: 1000121015 ns, Reaching safepoint: 49502 ns, At safepoint: 2800 ns, Total: 52302 ns
[490.153s][info ][gc,start       ] GC(76) Pause Young (Allocation Failure)
[490.183s][debug][gc,phases      ] GC(76) Scavenge 30.155ms
[490.183s][debug][gc,ref         ] GC(76) Skipped phase 1 of Reference Processing: no references
[490.184s][debug][gc,ref         ] GC(76) ReferenceProcessor::execute queues: 1, RefProcThreadModel::Single, marks_oops_alive: false
[490.184s][debug][gc,ref         ] GC(76) Skipped phase 3 of Reference Processing: no references
[490.184s][debug][gc,ref         ] GC(76) ReferenceProcessor::execute queues: 1, RefProcThreadModel::Single, marks_oops_alive: false
[490.184s][debug][gc,phases      ] GC(76) Reference Processing 0.174ms
[490.184s][debug][gc,phases      ] GC(76)   VM Weak                        Min:  0.0, Avg:  0.0, Max:  0.0, Diff:  0.0, Sum:  0.0, Workers: 4
[490.184s][debug][gc,phases      ] GC(76)     Dead                           Min: 0, Avg:  0.0, Max: 0, Diff: 0, Sum: 0, Workers: 4
[490.184s][debug][gc,phases      ] GC(76)     Total                          Min: 0, Avg: 193.5, Max: 582, Diff: 582, Sum: 774, Workers: 4
[490.184s][debug][gc,phases      ] GC(76)   ObjectSynchronizer Weak        Min:  0.0, Avg:  0.0, Max:  0.0, Diff:  0.0, Sum:  0.0, Workers: 4
[490.184s][debug][gc,phases      ] GC(76)     Dead                           Min: 0, Avg:  0.0, Max: 0, Diff: 0, Sum: 0, Workers: 4
[490.184s][debug][gc,phases      ] GC(76)     Total                          Min: 0, Avg: 36.0, Max: 64, Diff: 64, Sum: 144, Workers: 4
[490.184s][debug][gc,phases      ] GC(76)   JVMTI Tag Weak OopStorage      Min:  0.0, Avg:  0.0, Max:  0.0, Diff:  0.0, Sum:  0.0, Workers: 4
[490.184s][debug][gc,phases      ] GC(76)     Dead                           Min: 0, Avg:  0.0, Max: 0, Diff: 0, Sum: 0, Workers: 4
[490.184s][debug][gc,phases      ] GC(76)     Total                          Min: 0, Avg:  0.0, Max: 0, Diff: 0, Sum: 0, Workers: 4
[490.184s][debug][gc,phases      ] GC(76)   StringTable Weak               Min:  0.1, Avg:  0.1, Max:  0.1, Diff:  0.0, Sum:  0.6, Workers: 4
[490.184s][debug][gc,phases      ] GC(76)     Dead                           Min: 0, Avg:  0.0, Max: 0, Diff: 0, Sum: 0, Workers: 4
[490.184s][debug][gc,phases      ] GC(76)     Total                          Min: 9087, Avg: 10746.0, Max: 12009, Diff: 2922, Sum: 42984, Workers: 4
[490.184s][debug][gc,phases      ] GC(76)   ResolvedMethodTable Weak       Min:  0.0, Avg:  0.0, Max:  0.0, Diff:  0.0, Sum:  0.2, Workers: 4
[490.184s][debug][gc,phases      ] GC(76)     Dead                           Min: 0, Avg:  4.5, Max: 18, Diff: 18, Sum: 18, Workers: 4
[490.184s][debug][gc,phases      ] GC(76)     Total                          Min: 1393, Avg: 2218.8, Max: 2624, Diff: 1231, Sum: 8875, Workers: 4
[490.184s][debug][gc,phases      ] GC(76)   JNI Weak                       Min:  0.0, Avg:  0.0, Max:  0.0, Diff:  0.0, Sum:  0.0, Workers: 4
[490.184s][debug][gc,phases      ] GC(76)     Dead                           Min: 0, Avg:  0.0, Max: 0, Diff: 0, Sum: 0, Workers: 4
[490.184s][debug][gc,phases      ] GC(76)     Total                          Min: 0, Avg: 11.5, Max: 46, Diff: 46, Sum: 46, Workers: 4
[490.184s][debug][gc,phases      ] GC(76)   StringDedup Table Weak         Min:  0.0, Avg:  0.0, Max:  0.0, Diff:  0.0, Sum:  0.0, Workers: 4
[490.184s][debug][gc,phases      ] GC(76)     Dead                           Min: 0, Avg:  0.0, Max: 0, Diff: 0, Sum: 0, Workers: 4
[490.184s][debug][gc,phases      ] GC(76)     Total                          Min: 0, Avg:  0.0, Max: 0, Diff: 0, Sum: 0, Workers: 4
[490.184s][debug][gc,phases      ] GC(76)   StringDedup Requests0 Weak     Min:  0.0, Avg:  0.0, Max:  0.0, Diff:  0.0, Sum:  0.0, Workers: 4
[490.184s][debug][gc,phases      ] GC(76)     Dead                           Min: 0, Avg:  0.0, Max: 0, Diff: 0, Sum: 0, Workers: 4
[490.184s][debug][gc,phases      ] GC(76)     Total                          Min: 0, Avg:  0.0, Max: 0, Diff: 0, Sum: 0, Workers: 4
[490.184s][debug][gc,phases      ] GC(76)   StringDedup Requests1 Weak     Min:  0.0, Avg:  0.0, Max:  0.0, Diff:  0.0, Sum:  0.0, Workers: 4
[490.184s][debug][gc,phases      ] GC(76)     Dead                           Min: 0, Avg:  0.0, Max: 0, Diff: 0, Sum: 0, Workers: 4
[490.184s][debug][gc,phases      ] GC(76)     Total                          Min: 0, Avg:  0.0, Max: 0, Diff: 0, Sum: 0, Workers: 4
[490.184s][debug][gc,phases      ] GC(76)   Weak JFR Old Object Samples    Min:  0.0, Avg:  0.0, Max:  0.0, Diff:  0.0, Sum:  0.0, Workers: 4
[490.184s][debug][gc,phases      ] GC(76)     Dead                           Min: 0, Avg:  0.0, Max: 0, Diff: 0, Sum: 0, Workers: 4
[490.184s][debug][gc,phases      ] GC(76)     Total                          Min: 0, Avg:  0.0, Max: 0, Diff: 0, Sum: 0, Workers: 4
[490.184s][debug][gc,phases      ] GC(76) Weak Processing 0.405ms
[490.184s][debug][gc,age         ] GC(76) Desired survivor size 125304832 bytes, new threshold 15 (max threshold 15)
[490.184s][info ][gc,heap        ] GC(76) PSYoungGen: 1934017K(1973248K)->70893K(1933824K) Eden: 1862656K(1862656K)->0K(1862656K) From: 71361K(110592K)->70893K(71168K)
[490.184s][info ][gc,heap        ] GC(76) ParOldGen: 326329K(451584K)->326369K(451584K)
[490.184s][info ][gc,metaspace   ] GC(76) Metaspace: 78898K(79872K)->78898K(79872K) NonClass: 67533K(68096K)->67533K(68096K) Class: 11365K(11776K)->11365K(11776K)
[490.184s][info ][gc             ] GC(76) Pause Young (Allocation Failure) 2207M->387M(2329M) 30.896ms
[490.184s][info ][gc,cpu         ] GC(76) User=0.10s Sys=0.00s Real=0.03s
[490.184s][info ][safepoint      ] Safepoint "ParallelGCFailedAllocation", Time since last: 985926813 ns, Reaching safepoint: 146605 ns, At safepoint: 30983307 ns, Total: 31129912 ns
[491.184s][info ][safepoint      ] Safepoint "Cleanup", Time since last: 1000100924 ns, Reaching safepoint: 195507 ns, At safepoint: 7200 ns, Total: 202707 ns
[492.185s][info ][safepoint      ] Safepoint "Cleanup", Time since last: 1000143431 ns, Reaching safepoint: 147206 ns, At safepoint: 8700 ns, Total: 155906 ns
[493.185s][info ][safepoint      ] Safepoint "Cleanup", Time since last: 1000169337 ns, Reaching safepoint: 134805 ns, At safepoint: 9900 ns, Total: 144705 ns
[494.185s][info ][safepoint      ] Safepoint "Cleanup", Time since last: 1000151442 ns, Reaching safepoint: 198307 ns, At safepoint: 7400 ns, Total: 205707 ns
[495.186s][info ][safepoint      ] Safepoint "Cleanup", Time since last: 1000139946 ns, Reaching safepoint: 145106 ns, At safepoint: 6100 ns, Total: 151206 ns
[496.186s][info ][safepoint      ] Safepoint "Cleanup", Time since last: 1000143251 ns, Reaching safepoint: 151406 ns, At safepoint: 7600 ns, Total: 159006 ns
[497.186s][info ][safepoint      ] Safepoint "Cleanup", Time since last: 1000134556 ns, Reaching safepoint: 153706 ns, At safepoint: 8700 ns, Total: 162406 ns
[497.787s][info ][gc,start       ] GC(77) Pause Young (Allocation Failure)
[497.821s][debug][gc,phases      ] GC(77) Scavenge 34.016ms
[497.821s][debug][gc,ref         ] GC(77) Skipped phase 1 of Reference Processing: no references
[497.821s][debug][gc,ref         ] GC(77) ReferenceProcessor::execute queues: 1, RefProcThreadModel::Single, marks_oops_alive: false
[497.821s][debug][gc,ref         ] GC(77) Skipped phase 3 of Reference Processing: no references
[497.821s][debug][gc,ref         ] GC(77) ReferenceProcessor::execute queues: 1, RefProcThreadModel::Single, marks_oops_alive: false
[497.821s][debug][gc,phases      ] GC(77) Reference Processing 0.166ms
[497.821s][debug][gc,phases      ] GC(77)   VM Weak                        Min:  0.0, Avg:  0.0, Max:  0.0, Diff:  0.0, Sum:  0.0, Workers: 4
[497.821s][debug][gc,phases      ] GC(77)     Dead                           Min: 0, Avg:  0.0, Max: 0, Diff: 0, Sum: 0, Workers: 4
[497.821s][debug][gc,phases      ] GC(77)     Total                          Min: 64, Avg: 193.5, Max: 390, Diff: 326, Sum: 774, Workers: 4
[497.821s][debug][gc,phases      ] GC(77)   ObjectSynchronizer Weak        Min:  0.0, Avg:  0.0, Max:  0.0, Diff:  0.0, Sum:  0.0, Workers: 4
[497.821s][debug][gc,phases      ] GC(77)     Dead                           Min: 0, Avg:  0.0, Max: 0, Diff: 0, Sum: 0, Workers: 4
[497.821s][debug][gc,phases      ] GC(77)     Total                          Min: 0, Avg: 36.0, Max: 80, Diff: 80, Sum: 144, Workers: 4
[497.821s][debug][gc,phases      ] GC(77)   JVMTI Tag Weak OopStorage      Min:  0.0, Avg:  0.0, Max:  0.0, Diff:  0.0, Sum:  0.0, Workers: 4
[497.821s][debug][gc,phases      ] GC(77)     Dead                           Min: 0, Avg:  0.0, Max: 0, Diff: 0, Sum: 0, Workers: 4
[497.821s][debug][gc,phases      ] GC(77)     Total                          Min: 0, Avg:  0.0, Max: 0, Diff: 0, Sum: 0, Workers: 4
[497.821s][debug][gc,phases      ] GC(77)   StringTable Weak               Min:  0.1, Avg:  0.1, Max:  0.1, Diff:  0.0, Sum:  0.5, Workers: 4
[497.821s][debug][gc,phases      ] GC(77)     Dead                           Min: 0, Avg:  0.2, Max: 1, Diff: 1, Sum: 1, Workers: 4
[497.821s][debug][gc,phases      ] GC(77)     Total                          Min: 9599, Avg: 10751.8, Max: 11392, Diff: 1793, Sum: 43007, Workers: 4
[497.821s][debug][gc,phases      ] GC(77)   ResolvedMethodTable Weak       Min:  0.0, Avg:  0.0, Max:  0.0, Diff:  0.0, Sum:  0.1, Workers: 4
[497.821s][debug][gc,phases      ] GC(77)     Dead                           Min: 0, Avg:  0.0, Max: 0, Diff: 0, Sum: 0, Workers: 4
[497.821s][debug][gc,phases      ] GC(77)     Total                          Min: 1920, Avg: 2218.8, Max: 2417, Diff: 497, Sum: 8875, Workers: 4
[497.821s][debug][gc,phases      ] GC(77)   JNI Weak                       Min:  0.0, Avg:  0.0, Max:  0.0, Diff:  0.0, Sum:  0.0, Workers: 4
[497.821s][debug][gc,phases      ] GC(77)     Dead                           Min: 0, Avg:  0.0, Max: 0, Diff: 0, Sum: 0, Workers: 4
[497.821s][debug][gc,phases      ] GC(77)     Total                          Min: 0, Avg: 11.2, Max: 45, Diff: 45, Sum: 45, Workers: 4
[497.821s][debug][gc,phases      ] GC(77)   StringDedup Table Weak         Min:  0.0, Avg:  0.0, Max:  0.0, Diff:  0.0, Sum:  0.0, Workers: 4
[497.821s][debug][gc,phases      ] GC(77)     Dead                           Min: 0, Avg:  0.0, Max: 0, Diff: 0, Sum: 0, Workers: 4
[497.821s][debug][gc,phases      ] GC(77)     Total                          Min: 0, Avg:  0.0, Max: 0, Diff: 0, Sum: 0, Workers: 4
[497.821s][debug][gc,phases      ] GC(77)   StringDedup Requests0 Weak     Min:  0.0, Avg:  0.0, Max:  0.0, Diff:  0.0, Sum:  0.0, Workers: 4
[497.821s][debug][gc,phases      ] GC(77)     Dead                           Min: 0, Avg:  0.0, Max: 0, Diff: 0, Sum: 0, Workers: 4
[497.821s][debug][gc,phases      ] GC(77)     Total                          Min: 0, Avg:  0.0, Max: 0, Diff: 0, Sum: 0, Workers: 4
[497.821s][debug][gc,phases      ] GC(77)   StringDedup Requests1 Weak     Min:  0.0, Avg:  0.0, Max:  0.0, Diff:  0.0, Sum:  0.0, Workers: 4
[497.821s][debug][gc,phases      ] GC(77)     Dead                           Min: 0, Avg:  0.0, Max: 0, Diff: 0, Sum: 0, Workers: 4
[497.821s][debug][gc,phases      ] GC(77)     Total                          Min: 0, Avg:  0.0, Max: 0, Diff: 0, Sum: 0, Workers: 4
[497.821s][debug][gc,phases      ] GC(77)   Weak JFR Old Object Samples    Min:  0.0, Avg:  0.0, Max:  0.0, Diff:  0.0, Sum:  0.0, Workers: 4
[497.821s][debug][gc,phases      ] GC(77)     Dead                           Min: 0, Avg:  0.0, Max: 0, Diff: 0, Sum: 0, Workers: 4
[497.821s][debug][gc,phases      ] GC(77)     Total                          Min: 0, Avg:  0.0, Max: 0, Diff: 0, Sum: 0, Workers: 4
[497.821s][debug][gc,phases      ] GC(77) Weak Processing 0.378ms
[497.821s][debug][gc,age         ] GC(77) Desired survivor size 130023424 bytes, new threshold 15 (max threshold 15)
[497.821s][info ][gc,heap        ] GC(77) PSYoungGen: 1933549K(1933824K)->75085K(1965568K) Eden: 1862656K(1862656K)->0K(1843200K) From: 70893K(71168K)->75085K(122368K)
[497.821s][info ][gc,heap        ] GC(77) ParOldGen: 326369K(451584K)->326401K(451584K)
[497.821s][info ][gc,metaspace   ] GC(77) Metaspace: 78939K(79872K)->78939K(79872K) NonClass: 67574K(68096K)->67574K(68096K) Class: 11365K(11776K)->11365K(11776K)
[497.821s][info ][gc             ] GC(77) Pause Young (Allocation Failure) 2206M->392M(2360M) 34.716ms
[497.821s][info ][gc,cpu         ] GC(77) User=0.11s Sys=0.00s Real=0.04s
[497.821s][info ][safepoint      ] Safepoint "ParallelGCFailedAllocation", Time since last: 600118558 ns, Reaching safepoint: 43701 ns, At safepoint: 34820245 ns, Total: 34863946 ns
[498.821s][info ][safepoint      ] Safepoint "Cleanup", Time since last: 1000088463 ns, Reaching safepoint: 42702 ns, At safepoint: 2700 ns, Total: 45402 ns
[499.822s][info ][safepoint      ] Safepoint "Cleanup", Time since last: 1000112669 ns, Reaching safepoint: 55402 ns, At safepoint: 5500 ns, Total: 60902 ns
[500.822s][info ][safepoint      ] Safepoint "Cleanup", Time since last: 1000129275 ns, Reaching safepoint: 86503 ns, At safepoint: 4100 ns, Total: 90603 ns
[501.822s][info ][safepoint      ] Safepoint "Cleanup", Time since last: 1000133280 ns, Reaching safepoint: 56602 ns, At safepoint: 8000 ns, Total: 64602 ns
[502.822s][info ][safepoint      ] Safepoint "Cleanup", Time since last: 1000141085 ns, Reaching safepoint: 73603 ns, At safepoint: 11100 ns, Total: 84703 ns
[503.822s][info ][safepoint      ] Safepoint "Cleanup", Time since last: 1000120990 ns, Reaching safepoint: 51102 ns, At safepoint: 4900 ns, Total: 56002 ns
[504.823s][info ][safepoint      ] Safepoint "Cleanup", Time since last: 1000110494 ns, Reaching safepoint: 55002 ns, At safepoint: 4600 ns, Total: 59602 ns
[506.135s][info ][gc,start       ] GC(78) Pause Young (Allocation Failure)
[506.171s][debug][gc,phases      ] GC(78) Scavenge 35.932ms
[506.171s][debug][gc,ref         ] GC(78) Skipped phase 1 of Reference Processing: no references
[506.171s][debug][gc,ref         ] GC(78) ReferenceProcessor::execute queues: 1, RefProcThreadModel::Single, marks_oops_alive: false
[506.171s][debug][gc,ref         ] GC(78) Skipped phase 3 of Reference Processing: no references
[506.171s][debug][gc,ref         ] GC(78) ReferenceProcessor::execute queues: 1, RefProcThreadModel::Single, marks_oops_alive: false
[506.171s][debug][gc,phases      ] GC(78) Reference Processing 0.203ms
[506.172s][debug][gc,phases      ] GC(78)   VM Weak                        Min:  0.0, Avg:  0.0, Max:  0.0, Diff:  0.0, Sum:  0.0, Workers: 4
[506.172s][debug][gc,phases      ] GC(78)     Dead                           Min: 0, Avg:  0.0, Max: 0, Diff: 0, Sum: 0, Workers: 4
[506.172s][debug][gc,phases      ] GC(78)     Total                          Min: 0, Avg: 193.8, Max: 519, Diff: 519, Sum: 775, Workers: 4
[506.172s][debug][gc,phases      ] GC(78)   ObjectSynchronizer Weak        Min:  0.0, Avg:  0.0, Max:  0.0, Diff:  0.0, Sum:  0.0, Workers: 4
[506.172s][debug][gc,phases      ] GC(78)     Dead                           Min: 0, Avg:  0.0, Max: 0, Diff: 0, Sum: 0, Workers: 4
[506.172s][debug][gc,phases      ] GC(78)     Total                          Min: 0, Avg: 36.0, Max: 80, Diff: 80, Sum: 144, Workers: 4
[506.172s][debug][gc,phases      ] GC(78)   JVMTI Tag Weak OopStorage      Min:  0.0, Avg:  0.0, Max:  0.0, Diff:  0.0, Sum:  0.0, Workers: 4
[506.172s][debug][gc,phases      ] GC(78)     Dead                           Min: 0, Avg:  0.0, Max: 0, Diff: 0, Sum: 0, Workers: 4
[506.172s][debug][gc,phases      ] GC(78)     Total                          Min: 0, Avg:  0.0, Max: 0, Diff: 0, Sum: 0, Workers: 4
[506.172s][debug][gc,phases      ] GC(78)   StringTable Weak               Min:  0.0, Avg:  0.1, Max:  0.2, Diff:  0.2, Sum:  0.5, Workers: 4
[506.172s][debug][gc,phases      ] GC(78)     Dead                           Min: 0, Avg:  0.0, Max: 0, Diff: 0, Sum: 0, Workers: 4
[506.172s][debug][gc,phases      ] GC(78)     Total                          Min: 0, Avg: 10752.0, Max: 21504, Diff: 21504, Sum: 43008, Workers: 4
[506.172s][debug][gc,phases      ] GC(78)   ResolvedMethodTable Weak       Min:  0.0, Avg:  0.0, Max:  0.1, Diff:  0.1, Sum:  0.1, Workers: 4
[506.172s][debug][gc,phases      ] GC(78)     Dead                           Min: 0, Avg:  0.0, Max: 0, Diff: 0, Sum: 0, Workers: 4
[506.172s][debug][gc,phases      ] GC(78)     Total                          Min: 0, Avg: 2219.8, Max: 4602, Diff: 4602, Sum: 8879, Workers: 4
[506.172s][debug][gc,phases      ] GC(78)   JNI Weak                       Min:  0.0, Avg:  0.0, Max:  0.0, Diff:  0.0, Sum:  0.0, Workers: 4
[506.172s][debug][gc,phases      ] GC(78)     Dead                           Min: 0, Avg:  0.0, Max: 0, Diff: 0, Sum: 0, Workers: 4
[506.172s][debug][gc,phases      ] GC(78)     Total                          Min: 0, Avg: 11.2, Max: 45, Diff: 45, Sum: 45, Workers: 4
[506.172s][debug][gc,phases      ] GC(78)   StringDedup Table Weak         Min:  0.0, Avg:  0.0, Max:  0.0, Diff:  0.0, Sum:  0.0, Workers: 4
[506.172s][debug][gc,phases      ] GC(78)     Dead                           Min: 0, Avg:  0.0, Max: 0, Diff: 0, Sum: 0, Workers: 4
[506.172s][debug][gc,phases      ] GC(78)     Total                          Min: 0, Avg:  0.0, Max: 0, Diff: 0, Sum: 0, Workers: 4
[506.172s][debug][gc,phases      ] GC(78)   StringDedup Requests0 Weak     Min:  0.0, Avg:  0.0, Max:  0.0, Diff:  0.0, Sum:  0.0, Workers: 4
[506.172s][debug][gc,phases      ] GC(78)     Dead                           Min: 0, Avg:  0.0, Max: 0, Diff: 0, Sum: 0, Workers: 4
[506.172s][debug][gc,phases      ] GC(78)     Total                          Min: 0, Avg:  0.0, Max: 0, Diff: 0, Sum: 0, Workers: 4
[506.172s][debug][gc,phases      ] GC(78)   StringDedup Requests1 Weak     Min:  0.0, Avg:  0.0, Max:  0.0, Diff:  0.0, Sum:  0.0, Workers: 4
[506.172s][debug][gc,phases      ] GC(78)     Dead                           Min: 0, Avg:  0.0, Max: 0, Diff: 0, Sum: 0, Workers: 4
[506.172s][debug][gc,phases      ] GC(78)     Total                          Min: 0, Avg:  0.0, Max: 0, Diff: 0, Sum: 0, Workers: 4
[506.172s][debug][gc,phases      ] GC(78)   Weak JFR Old Object Samples    Min:  0.0, Avg:  0.0, Max:  0.0, Diff:  0.0, Sum:  0.0, Workers: 4
[506.172s][debug][gc,phases      ] GC(78)     Dead                           Min: 0, Avg:  0.0, Max: 0, Diff: 0, Sum: 0, Workers: 4
[506.172s][debug][gc,phases      ] GC(78)     Total                          Min: 0, Avg:  0.0, Max: 0, Diff: 0, Sum: 0, Workers: 4
[506.172s][debug][gc,phases      ] GC(78) Weak Processing 0.545ms
[506.172s][debug][gc,age         ] GC(78) Desired survivor size 133693440 bytes, new threshold 15 (max threshold 15)
[506.172s][info ][gc,heap        ] GC(78) PSYoungGen: 1918285K(1965568K)->75085K(1918464K) Eden: 1843200K(1843200K)->0K(1843200K) From: 75085K(122368K)->75085K(75264K)
[506.172s][info ][gc,heap        ] GC(78) ParOldGen: 326401K(451584K)->326433K(451584K)
[506.172s][info ][gc,metaspace   ] GC(78) Metaspace: 78943K(79872K)->78943K(79872K) NonClass: 67576K(68096K)->67576K(68096K) Class: 11366K(11776K)->11366K(11776K)
[506.172s][info ][gc             ] GC(78) Pause Young (Allocation Failure) 2192M->392M(2314M) 36.867ms
[506.172s][info ][gc,cpu         ] GC(78) User=0.11s Sys=0.00s Real=0.04s
[506.172s][info ][safepoint      ] Safepoint "ParallelGCFailedAllocation", Time since last: 1312243673 ns, Reaching safepoint: 52902 ns, At safepoint: 36960523 ns, Total: 37013425 ns
[507.172s][info ][safepoint      ] Safepoint "Cleanup", Time since last: 1000089305 ns, Reaching safepoint: 68103 ns, At safepoint: 3900 ns, Total: 72003 ns
[508.172s][info ][safepoint      ] Safepoint "Cleanup", Time since last: 1000112411 ns, Reaching safepoint: 43501 ns, At safepoint: 3101 ns, Total: 46602 ns
[509.172s][info ][safepoint      ] Safepoint "Cleanup", Time since last: 1000121716 ns, Reaching safepoint: 60902 ns, At safepoint: 3100 ns, Total: 64002 ns
[510.174s][info ][safepoint      ] Safepoint "Cleanup", Time since last: 1001222161 ns, Reaching safepoint: 50802 ns, At safepoint: 3000 ns, Total: 53802 ns
[511.952s][info ][safepoint      ] Safepoint "Cleanup", Time since last: 1778250603 ns, Reaching safepoint: 106004 ns, At safepoint: 6400 ns, Total: 112404 ns
[512.952s][info ][safepoint      ] Safepoint "Cleanup", Time since last: 1000163337 ns, Reaching safepoint: 96003 ns, At safepoint: 4101 ns, Total: 100104 ns
[513.952s][info ][safepoint      ] Safepoint "Cleanup", Time since last: 1000134240 ns, Reaching safepoint: 77703 ns, At safepoint: 4800 ns, Total: 82503 ns
[514.334s][info ][gc,start       ] GC(79) Pause Young (Allocation Failure)
[514.370s][debug][gc,phases      ] GC(79) Scavenge 35.406ms
[514.370s][debug][gc,ref         ] GC(79) Skipped phase 1 of Reference Processing: no references
[514.370s][debug][gc,ref         ] GC(79) ReferenceProcessor::execute queues: 1, RefProcThreadModel::Single, marks_oops_alive: false
[514.370s][debug][gc,ref         ] GC(79) Skipped phase 3 of Reference Processing: no references
[514.370s][debug][gc,ref         ] GC(79) ReferenceProcessor::execute queues: 1, RefProcThreadModel::Single, marks_oops_alive: false
[514.370s][debug][gc,phases      ] GC(79) Reference Processing 0.166ms
[514.370s][debug][gc,phases      ] GC(79)   VM Weak                        Min:  0.0, Avg:  0.0, Max:  0.0, Diff:  0.0, Sum:  0.0, Workers: 4
[514.370s][debug][gc,phases      ] GC(79)     Dead                           Min: 0, Avg:  0.0, Max: 0, Diff: 0, Sum: 0, Workers: 4
[514.370s][debug][gc,phases      ] GC(79)     Total                          Min: 0, Avg: 194.8, Max: 523, Diff: 523, Sum: 779, Workers: 4
[514.370s][debug][gc,phases      ] GC(79)   ObjectSynchronizer Weak        Min:  0.0, Avg:  0.0, Max:  0.0, Diff:  0.0, Sum:  0.0, Workers: 4
[514.370s][debug][gc,phases      ] GC(79)     Dead                           Min: 0, Avg:  0.0, Max: 0, Diff: 0, Sum: 0, Workers: 4
[514.370s][debug][gc,phases      ] GC(79)     Total                          Min: 0, Avg: 36.0, Max: 128, Diff: 128, Sum: 144, Workers: 4
[514.370s][debug][gc,phases      ] GC(79)   JVMTI Tag Weak OopStorage      Min:  0.0, Avg:  0.0, Max:  0.0, Diff:  0.0, Sum:  0.0, Workers: 4
[514.370s][debug][gc,phases      ] GC(79)     Dead                           Min: 0, Avg:  0.0, Max: 0, Diff: 0, Sum: 0, Workers: 4
[514.370s][debug][gc,phases      ] GC(79)     Total                          Min: 0, Avg:  0.0, Max: 0, Diff: 0, Sum: 0, Workers: 4
[514.370s][debug][gc,phases      ] GC(79)   StringTable Weak               Min:  0.0, Avg:  0.1, Max:  0.2, Diff:  0.2, Sum:  0.5, Workers: 4
[514.370s][debug][gc,phases      ] GC(79)     Dead                           Min: 0, Avg:  0.0, Max: 0, Diff: 0, Sum: 0, Workers: 4
[514.370s][debug][gc,phases      ] GC(79)     Total                          Min: 0, Avg: 10753.2, Max: 16197, Diff: 16197, Sum: 43013, Workers: 4
[514.370s][debug][gc,phases      ] GC(79)   ResolvedMethodTable Weak       Min:  0.0, Avg:  0.0, Max:  0.0, Diff:  0.0, Sum:  0.1, Workers: 4
[514.370s][debug][gc,phases      ] GC(79)     Dead                           Min: 0, Avg:  0.0, Max: 0, Diff: 0, Sum: 0, Workers: 4
[514.370s][debug][gc,phases      ] GC(79)     Total                          Min: 0, Avg: 2223.5, Max: 3264, Diff: 3264, Sum: 8894, Workers: 4
[514.370s][debug][gc,phases      ] GC(79)   JNI Weak                       Min:  0.0, Avg:  0.0, Max:  0.0, Diff:  0.0, Sum:  0.0, Workers: 4
[514.370s][debug][gc,phases      ] GC(79)     Dead                           Min: 0, Avg:  0.0, Max: 0, Diff: 0, Sum: 0, Workers: 4
[514.370s][debug][gc,phases      ] GC(79)     Total                          Min: 0, Avg: 11.2, Max: 45, Diff: 45, Sum: 45, Workers: 4
[514.370s][debug][gc,phases      ] GC(79)   StringDedup Table Weak         Min:  0.0, Avg:  0.0, Max:  0.0, Diff:  0.0, Sum:  0.0, Workers: 4
[514.370s][debug][gc,phases      ] GC(79)     Dead                           Min: 0, Avg:  0.0, Max: 0, Diff: 0, Sum: 0, Workers: 4
[514.370s][debug][gc,phases      ] GC(79)     Total                          Min: 0, Avg:  0.0, Max: 0, Diff: 0, Sum: 0, Workers: 4
[514.370s][debug][gc,phases      ] GC(79)   StringDedup Requests0 Weak     Min:  0.0, Avg:  0.0, Max:  0.0, Diff:  0.0, Sum:  0.0, Workers: 4
[514.370s][debug][gc,phases      ] GC(79)     Dead                           Min: 0, Avg:  0.0, Max: 0, Diff: 0, Sum: 0, Workers: 4
[514.370s][debug][gc,phases      ] GC(79)     Total                          Min: 0, Avg:  0.0, Max: 0, Diff: 0, Sum: 0, Workers: 4
[514.370s][debug][gc,phases      ] GC(79)   StringDedup Requests1 Weak     Min:  0.0, Avg:  0.0, Max:  0.0, Diff:  0.0, Sum:  0.0, Workers: 4
[514.370s][debug][gc,phases      ] GC(79)     Dead                           Min: 0, Avg:  0.0, Max: 0, Diff: 0, Sum: 0, Workers: 4
[514.370s][debug][gc,phases      ] GC(79)     Total                          Min: 0, Avg:  0.0, Max: 0, Diff: 0, Sum: 0, Workers: 4
[514.370s][debug][gc,phases      ] GC(79)   Weak JFR Old Object Samples    Min:  0.0, Avg:  0.0, Max:  0.0, Diff:  0.0, Sum:  0.0, Workers: 4
[514.370s][debug][gc,phases      ] GC(79)     Dead                           Min: 0, Avg:  0.0, Max: 0, Diff: 0, Sum: 0, Workers: 4
[514.370s][debug][gc,phases      ] GC(79)     Total                          Min: 0, Avg:  0.0, Max: 0, Diff: 0, Sum: 0, Workers: 4
[514.370s][debug][gc,phases      ] GC(79) Weak Processing 0.420ms
[514.370s][debug][gc,age         ] GC(79) Desired survivor size 135790592 bytes, new threshold 15 (max threshold 15)
[514.370s][info ][gc,heap        ] GC(79) PSYoungGen: 1918285K(1918464K)->75069K(1962496K) Eden: 1843200K(1843200K)->0K(1831936K) From: 75085K(75264K)->75069K(130560K)
[514.370s][info ][gc,heap        ] GC(79) ParOldGen: 326433K(451584K)->326477K(451584K)
[514.370s][info ][gc,metaspace   ] GC(79) Metaspace: 78976K(79936K)->78976K(79936K) NonClass: 67604K(68160K)->67604K(68160K) Class: 11371K(11776K)->11371K(11776K)
[514.370s][info ][gc             ] GC(79) Pause Young (Allocation Failure) 2192M->392M(2357M) 36.141ms
[514.370s][info ][gc,cpu         ] GC(79) User=0.10s Sys=0.00s Real=0.04s
[514.370s][info ][safepoint      ] Safepoint "ParallelGCFailedAllocation", Time since last: 381733081 ns, Reaching safepoint: 36101 ns, At safepoint: 36225998 ns, Total: 36262099 ns
[515.371s][info ][safepoint      ] Safepoint "Cleanup", Time since last: 1000087846 ns, Reaching safepoint: 59602 ns, At safepoint: 2800 ns, Total: 62402 ns
[516.371s][info ][safepoint      ] Safepoint "Cleanup", Time since last: 1000113152 ns, Reaching safepoint: 121604 ns, At safepoint: 3600 ns, Total: 125204 ns
[517.371s][info ][safepoint      ] Safepoint "Cleanup", Time since last: 1000108157 ns, Reaching safepoint: 70802 ns, At safepoint: 2900 ns, Total: 73702 ns
[518.371s][info ][safepoint      ] Safepoint "Cleanup", Time since last: 1000120762 ns, Reaching safepoint: 64202 ns, At safepoint: 4301 ns, Total: 68503 ns
[522.372s][info ][safepoint      ] Safepoint "Cleanup", Time since last: 4000282788 ns, Reaching safepoint: 60702 ns, At safepoint: 4000 ns, Total: 64702 ns
[522.437s][info ][gc,start       ] GC(80) Pause Young (Allocation Failure)
[522.469s][debug][gc,phases      ] GC(80) Scavenge 32.363ms
[522.469s][debug][gc,ref         ] GC(80) Skipped phase 1 of Reference Processing: no references
[522.469s][debug][gc,ref         ] GC(80) ReferenceProcessor::execute queues: 1, RefProcThreadModel::Single, marks_oops_alive: false
[522.469s][debug][gc,ref         ] GC(80) Skipped phase 3 of Reference Processing: no references
[522.469s][debug][gc,ref         ] GC(80) ReferenceProcessor::execute queues: 1, RefProcThreadModel::Single, marks_oops_alive: false
[522.469s][debug][gc,phases      ] GC(80) Reference Processing 0.163ms
[522.469s][debug][gc,phases      ] GC(80)   VM Weak                        Min:  0.0, Avg:  0.0, Max:  0.0, Diff:  0.0, Sum:  0.0, Workers: 4
[522.470s][debug][gc,phases      ] GC(80)     Dead                           Min: 0, Avg:  0.0, Max: 0, Diff: 0, Sum: 0, Workers: 4
[522.470s][debug][gc,phases      ] GC(80)     Total                          Min: 0, Avg: 195.8, Max: 512, Diff: 512, Sum: 783, Workers: 4
[522.470s][debug][gc,phases      ] GC(80)   ObjectSynchronizer Weak        Min:  0.0, Avg:  0.0, Max:  0.0, Diff:  0.0, Sum:  0.0, Workers: 4
[522.470s][debug][gc,phases      ] GC(80)     Dead                           Min: 0, Avg:  0.0, Max: 0, Diff: 0, Sum: 0, Workers: 4
[522.470s][debug][gc,phases      ] GC(80)     Total                          Min: 0, Avg: 36.0, Max: 64, Diff: 64, Sum: 144, Workers: 4
[522.470s][debug][gc,phases      ] GC(80)   JVMTI Tag Weak OopStorage      Min:  0.0, Avg:  0.0, Max:  0.0, Diff:  0.0, Sum:  0.0, Workers: 4
[522.470s][debug][gc,phases      ] GC(80)     Dead                           Min: 0, Avg:  0.0, Max: 0, Diff: 0, Sum: 0, Workers: 4
[522.470s][debug][gc,phases      ] GC(80)     Total                          Min: 0, Avg:  0.0, Max: 0, Diff: 0, Sum: 0, Workers: 4
[522.470s][debug][gc,phases      ] GC(80)   StringTable Weak               Min:  0.0, Avg:  0.1, Max:  0.2, Diff:  0.2, Sum:  0.5, Workers: 4
[522.470s][debug][gc,phases      ] GC(80)     Dead                           Min: 0, Avg:  0.2, Max: 1, Diff: 1, Sum: 1, Workers: 4
[522.470s][debug][gc,phases      ] GC(80)     Total                          Min: 0, Avg: 10758.2, Max: 14656, Diff: 14656, Sum: 43033, Workers: 4
[522.470s][debug][gc,phases      ] GC(80)   ResolvedMethodTable Weak       Min:  0.0, Avg:  0.0, Max:  0.0, Diff:  0.0, Sum:  0.1, Workers: 4
[522.470s][debug][gc,phases      ] GC(80)     Dead                           Min: 0, Avg:  4.0, Max: 15, Diff: 15, Sum: 16, Workers: 4
[522.470s][debug][gc,phases      ] GC(80)     Total                          Min: 0, Avg: 2229.0, Max: 3136, Diff: 3136, Sum: 8916, Workers: 4
[522.470s][debug][gc,phases      ] GC(80)   JNI Weak                       Min:  0.0, Avg:  0.0, Max:  0.0, Diff:  0.0, Sum:  0.0, Workers: 4
[522.470s][debug][gc,phases      ] GC(80)     Dead                           Min: 0, Avg:  0.0, Max: 0, Diff: 0, Sum: 0, Workers: 4
[522.470s][debug][gc,phases      ] GC(80)     Total                          Min: 0, Avg: 11.2, Max: 45, Diff: 45, Sum: 45, Workers: 4
[522.470s][debug][gc,phases      ] GC(80)   StringDedup Table Weak         Min:  0.0, Avg:  0.0, Max:  0.0, Diff:  0.0, Sum:  0.0, Workers: 4
[522.470s][debug][gc,phases      ] GC(80)     Dead                           Min: 0, Avg:  0.0, Max: 0, Diff: 0, Sum: 0, Workers: 4
[522.470s][debug][gc,phases      ] GC(80)     Total                          Min: 0, Avg:  0.0, Max: 0, Diff: 0, Sum: 0, Workers: 4
[522.470s][debug][gc,phases      ] GC(80)   StringDedup Requests0 Weak     Min:  0.0, Avg:  0.0, Max:  0.0, Diff:  0.0, Sum:  0.0, Workers: 4
[522.470s][debug][gc,phases      ] GC(80)     Dead                           Min: 0, Avg:  0.0, Max: 0, Diff: 0, Sum: 0, Workers: 4
[522.470s][debug][gc,phases      ] GC(80)     Total                          Min: 0, Avg:  0.0, Max: 0, Diff: 0, Sum: 0, Workers: 4
[522.470s][debug][gc,phases      ] GC(80)   StringDedup Requests1 Weak     Min:  0.0, Avg:  0.0, Max:  0.0, Diff:  0.0, Sum:  0.0, Workers: 4
[522.470s][debug][gc,phases      ] GC(80)     Dead                           Min: 0, Avg:  0.0, Max: 0, Diff: 0, Sum: 0, Workers: 4
[522.470s][debug][gc,phases      ] GC(80)     Total                          Min: 0, Avg:  0.0, Max: 0, Diff: 0, Sum: 0, Workers: 4
[522.470s][debug][gc,phases      ] GC(80)   Weak JFR Old Object Samples    Min:  0.0, Avg:  0.0, Max:  0.0, Diff:  0.0, Sum:  0.0, Workers: 4
[522.470s][debug][gc,phases      ] GC(80)     Dead                           Min: 0, Avg:  0.0, Max: 0, Diff: 0, Sum: 0, Workers: 4
[522.470s][debug][gc,phases      ] GC(80)     Total                          Min: 0, Avg:  0.0, Max: 0, Diff: 0, Sum: 0, Workers: 4
[522.470s][debug][gc,phases      ] GC(80) Weak Processing 0.402ms
[522.470s][debug][gc,age         ] GC(80) Desired survivor size 136839168 bytes, new threshold 15 (max threshold 15)
[522.470s][info ][gc,heap        ] GC(80) PSYoungGen: 1907005K(1962496K)->74413K(1906688K) Eden: 1831936K(1831936K)->0K(1831936K) From: 75069K(130560K)->74413K(74752K)
[522.470s][info ][gc,heap        ] GC(80) ParOldGen: 326477K(451584K)->326493K(451584K)
[522.470s][info ][gc,metaspace   ] GC(80) Metaspace: 79020K(79936K)->79020K(79936K) NonClass: 67642K(68160K)->67642K(68160K) Class: 11378K(11776K)->11378K(11776K)
[522.470s][info ][gc             ] GC(80) Pause Young (Allocation Failure) 2181M->391M(2303M) 33.083ms
[522.470s][info ][gc,cpu         ] GC(80) User=0.11s Sys=0.00s Real=0.04s
[522.470s][info ][safepoint      ] Safepoint "ParallelGCFailedAllocation", Time since last: 64930930 ns, Reaching safepoint: 35301 ns, At safepoint: 33169090 ns, Total: 33204391 ns
[523.470s][info ][safepoint      ] Safepoint "Cleanup", Time since last: 1000083985 ns, Reaching safepoint: 76303 ns, At safepoint: 9600 ns, Total: 85903 ns
[524.470s][info ][safepoint      ] Safepoint "Cleanup", Time since last: 1000128892 ns, Reaching safepoint: 51002 ns, At safepoint: 4700 ns, Total: 55702 ns
[525.470s][info ][safepoint      ] Safepoint "Cleanup", Time since last: 1000119696 ns, Reaching safepoint: 57402 ns, At safepoint: 3000 ns, Total: 60402 ns
[526.470s][info ][safepoint      ] Safepoint "Cleanup", Time since last: 1000123301 ns, Reaching safepoint: 43302 ns, At safepoint: 3300 ns, Total: 46602 ns
[527.471s][info ][safepoint      ] Safepoint "Cleanup", Time since last: 1000127806 ns, Reaching safepoint: 54002 ns, At safepoint: 3400 ns, Total: 57402 ns
[528.471s][info ][safepoint      ] Safepoint "Cleanup", Time since last: 1000127911 ns, Reaching safepoint: 126104 ns, At safepoint: 6100 ns, Total: 132204 ns
[530.397s][info ][safepoint      ] Safepoint "Cleanup", Time since last: 1925908266 ns, Reaching safepoint: 152405 ns, At safepoint: 7801 ns, Total: 160206 ns
[530.443s][info ][gc,start       ] GC(81) Pause Young (Allocation Failure)
[530.477s][debug][gc,phases      ] GC(81) Scavenge 34.159ms
[530.477s][debug][gc,ref         ] GC(81) Skipped phase 1 of Reference Processing: no references
[530.477s][debug][gc,ref         ] GC(81) ReferenceProcessor::execute queues: 1, RefProcThreadModel::Single, marks_oops_alive: false
[530.477s][debug][gc,ref         ] GC(81) Skipped phase 3 of Reference Processing: no references
[530.477s][debug][gc,ref         ] GC(81) ReferenceProcessor::execute queues: 1, RefProcThreadModel::Single, marks_oops_alive: false
[530.477s][debug][gc,phases      ] GC(81) Reference Processing 0.158ms
[530.477s][debug][gc,phases      ] GC(81)   VM Weak                        Min:  0.0, Avg:  0.0, Max:  0.0, Diff:  0.0, Sum:  0.0, Workers: 4
[530.477s][debug][gc,phases      ] GC(81)     Dead                           Min: 0, Avg:  0.0, Max: 0, Diff: 0, Sum: 0, Workers: 4
[530.477s][debug][gc,phases      ] GC(81)     Total                          Min: 0, Avg: 195.8, Max: 399, Diff: 399, Sum: 783, Workers: 4
[530.477s][debug][gc,phases      ] GC(81)   ObjectSynchronizer Weak        Min:  0.0, Avg:  0.0, Max:  0.0, Diff:  0.0, Sum:  0.0, Workers: 4
[530.477s][debug][gc,phases      ] GC(81)     Dead                           Min: 0, Avg:  0.0, Max: 0, Diff: 0, Sum: 0, Workers: 4
[530.477s][debug][gc,phases      ] GC(81)     Total                          Min: 0, Avg: 36.0, Max: 80, Diff: 80, Sum: 144, Workers: 4
[530.477s][debug][gc,phases      ] GC(81)   JVMTI Tag Weak OopStorage      Min:  0.0, Avg:  0.0, Max:  0.0, Diff:  0.0, Sum:  0.0, Workers: 4
[530.477s][debug][gc,phases      ] GC(81)     Dead                           Min: 0, Avg:  0.0, Max: 0, Diff: 0, Sum: 0, Workers: 4
[530.478s][debug][gc,phases      ] GC(81)     Total                          Min: 0, Avg:  0.0, Max: 0, Diff: 0, Sum: 0, Workers: 4
[530.478s][debug][gc,phases      ] GC(81)   StringTable Weak               Min:  0.0, Avg:  0.1, Max:  0.2, Diff:  0.2, Sum:  0.5, Workers: 4
[530.478s][debug][gc,phases      ] GC(81)     Dead                           Min: 0, Avg:  0.0, Max: 0, Diff: 0, Sum: 0, Workers: 4
[530.478s][debug][gc,phases      ] GC(81)     Total                          Min: 0, Avg: 10758.2, Max: 16025, Diff: 16025, Sum: 43033, Workers: 4
[530.478s][debug][gc,phases      ] GC(81)   ResolvedMethodTable Weak       Min:  0.0, Avg:  0.0, Max:  0.1, Diff:  0.1, Sum:  0.2, Workers: 4
[530.478s][debug][gc,phases      ] GC(81)     Dead                           Min: 0, Avg:  0.0, Max: 0, Diff: 0, Sum: 0, Workers: 4
[530.478s][debug][gc,phases      ] GC(81)     Total                          Min: 0, Avg: 2229.0, Max: 3412, Diff: 3412, Sum: 8916, Workers: 4
[530.478s][debug][gc,phases      ] GC(81)   JNI Weak                       Min:  0.0, Avg:  0.0, Max:  0.0, Diff:  0.0, Sum:  0.0, Workers: 4
[530.478s][debug][gc,phases      ] GC(81)     Dead                           Min: 0, Avg:  0.0, Max: 0, Diff: 0, Sum: 0, Workers: 4
[530.478s][debug][gc,phases      ] GC(81)     Total                          Min: 0, Avg: 11.2, Max: 45, Diff: 45, Sum: 45, Workers: 4
[530.478s][debug][gc,phases      ] GC(81)   StringDedup Table Weak         Min:  0.0, Avg:  0.0, Max:  0.0, Diff:  0.0, Sum:  0.0, Workers: 4
[530.478s][debug][gc,phases      ] GC(81)     Dead                           Min: 0, Avg:  0.0, Max: 0, Diff: 0, Sum: 0, Workers: 4
[530.478s][debug][gc,phases      ] GC(81)     Total                          Min: 0, Avg:  0.0, Max: 0, Diff: 0, Sum: 0, Workers: 4
[530.478s][debug][gc,phases      ] GC(81)   StringDedup Requests0 Weak     Min:  0.0, Avg:  0.0, Max:  0.0, Diff:  0.0, Sum:  0.0, Workers: 4
[530.478s][debug][gc,phases      ] GC(81)     Dead                           Min: 0, Avg:  0.0, Max: 0, Diff: 0, Sum: 0, Workers: 4
[530.478s][debug][gc,phases      ] GC(81)     Total                          Min: 0, Avg:  0.0, Max: 0, Diff: 0, Sum: 0, Workers: 4
[530.478s][debug][gc,phases      ] GC(81)   StringDedup Requests1 Weak     Min:  0.0, Avg:  0.0, Max:  0.0, Diff:  0.0, Sum:  0.0, Workers: 4
[530.478s][debug][gc,phases      ] GC(81)     Dead                           Min: 0, Avg:  0.0, Max: 0, Diff: 0, Sum: 0, Workers: 4
[530.478s][debug][gc,phases      ] GC(81)     Total                          Min: 0, Avg:  0.0, Max: 0, Diff: 0, Sum: 0, Workers: 4
[530.478s][debug][gc,phases      ] GC(81)   Weak JFR Old Object Samples    Min:  0.0, Avg:  0.0, Max:  0.0, Diff:  0.0, Sum:  0.0, Workers: 4
[530.478s][debug][gc,phases      ] GC(81)     Dead                           Min: 0, Avg:  0.0, Max: 0, Diff: 0, Sum: 0, Workers: 4
[530.478s][debug][gc,phases      ] GC(81)     Total                          Min: 0, Avg:  0.0, Max: 0, Diff: 0, Sum: 0, Workers: 4
[530.478s][debug][gc,phases      ] GC(81) Weak Processing 0.445ms
[530.478s][debug][gc,age         ] GC(81) Desired survivor size 137363456 bytes, new threshold 15 (max threshold 15)
[530.478s][info ][gc,heap        ] GC(81) PSYoungGen: 1906349K(1906688K)->74333K(1962496K) Eden: 1831936K(1831936K)->0K(1828864K) From: 74413K(74752K)->74333K(133632K)
[530.478s][info ][gc,heap        ] GC(81) ParOldGen: 326493K(451584K)->326573K(451584K)
[530.478s][info ][gc,metaspace   ] GC(81) Metaspace: 79030K(79936K)->79030K(79936K) NonClass: 67651K(68160K)->67651K(68160K) Class: 11378K(11776K)->11378K(11776K)
[530.478s][info ][gc             ] GC(81) Pause Young (Allocation Failure) 2180M->391M(2357M) 34.928ms
[530.478s][info ][gc,cpu         ] GC(81) User=0.11s Sys=0.00s Real=0.03s
[530.478s][info ][safepoint      ] Safepoint "ParallelGCFailedAllocation", Time since last: 45685141 ns, Reaching safepoint: 64102 ns, At safepoint: 35019558 ns, Total: 35083660 ns
[531.478s][info ][safepoint      ] Safepoint "Cleanup", Time since last: 1000093024 ns, Reaching safepoint: 58302 ns, At safepoint: 3700 ns, Total: 62002 ns
[535.478s][info ][safepoint      ] Safepoint "Cleanup", Time since last: 4000319041 ns, Reaching safepoint: 52602 ns, At safepoint: 3200 ns, Total: 55802 ns
[536.478s][info ][safepoint      ] Safepoint "Cleanup", Time since last: 1000115749 ns, Reaching safepoint: 66302 ns, At safepoint: 6300 ns, Total: 72602 ns
[537.479s][info ][safepoint      ] Safepoint "Cleanup", Time since last: 1000121654 ns, Reaching safepoint: 47401 ns, At safepoint: 5801 ns, Total: 53202 ns
[538.479s][info ][safepoint      ] Safepoint "Cleanup", Time since last: 1000123358 ns, Reaching safepoint: 76403 ns, At safepoint: 3600 ns, Total: 80003 ns
[538.489s][info ][gc,start       ] GC(82) Pause Young (Allocation Failure)
[538.521s][debug][gc,phases      ] GC(82) Scavenge 32.502ms
[538.521s][debug][gc,ref         ] GC(82) Skipped phase 1 of Reference Processing: no references
[538.521s][debug][gc,ref         ] GC(82) ReferenceProcessor::execute queues: 1, RefProcThreadModel::Single, marks_oops_alive: false
[538.521s][debug][gc,ref         ] GC(82) Skipped phase 3 of Reference Processing: no references
[538.521s][debug][gc,ref         ] GC(82) ReferenceProcessor::execute queues: 1, RefProcThreadModel::Single, marks_oops_alive: false
[538.521s][debug][gc,phases      ] GC(82) Reference Processing 0.179ms
[538.522s][debug][gc,phases      ] GC(82)   VM Weak                        Min:  0.0, Avg:  0.0, Max:  0.0, Diff:  0.0, Sum:  0.0, Workers: 4
[538.522s][debug][gc,phases      ] GC(82)     Dead                           Min: 0, Avg:  0.0, Max: 0, Diff: 0, Sum: 0, Workers: 4
[538.522s][debug][gc,phases      ] GC(82)     Total                          Min: 0, Avg: 195.8, Max: 576, Diff: 576, Sum: 783, Workers: 4
[538.522s][debug][gc,phases      ] GC(82)   ObjectSynchronizer Weak        Min:  0.0, Avg:  0.0, Max:  0.0, Diff:  0.0, Sum:  0.0, Workers: 4
[538.522s][debug][gc,phases      ] GC(82)     Dead                           Min: 0, Avg:  0.0, Max: 0, Diff: 0, Sum: 0, Workers: 4
[538.522s][debug][gc,phases      ] GC(82)     Total                          Min: 0, Avg: 36.0, Max: 64, Diff: 64, Sum: 144, Workers: 4
[538.522s][debug][gc,phases      ] GC(82)   JVMTI Tag Weak OopStorage      Min:  0.0, Avg:  0.0, Max:  0.0, Diff:  0.0, Sum:  0.0, Workers: 4
[538.522s][debug][gc,phases      ] GC(82)     Dead                           Min: 0, Avg:  0.0, Max: 0, Diff: 0, Sum: 0, Workers: 4
[538.522s][debug][gc,phases      ] GC(82)     Total                          Min: 0, Avg:  0.0, Max: 0, Diff: 0, Sum: 0, Workers: 4
[538.522s][debug][gc,phases      ] GC(82)   StringTable Weak               Min:  0.2, Avg:  0.2, Max:  0.2, Diff:  0.0, Sum:  0.7, Workers: 4
[538.522s][debug][gc,phases      ] GC(82)     Dead                           Min: 0, Avg:  0.0, Max: 0, Diff: 0, Sum: 0, Workers: 4
[538.522s][debug][gc,phases      ] GC(82)     Total                          Min: 9882, Avg: 10758.2, Max: 11327, Diff: 1445, Sum: 43033, Workers: 4
[538.522s][debug][gc,phases      ] GC(82)   ResolvedMethodTable Weak       Min:  0.0, Avg:  0.0, Max:  0.0, Diff:  0.0, Sum:  0.2, Workers: 4
[538.522s][debug][gc,phases      ] GC(82)     Dead                           Min: 0, Avg:  0.0, Max: 0, Diff: 0, Sum: 0, Workers: 4
[538.522s][debug][gc,phases      ] GC(82)     Total                          Min: 1984, Avg: 2229.0, Max: 2388, Diff: 404, Sum: 8916, Workers: 4
[538.522s][debug][gc,phases      ] GC(82)   JNI Weak                       Min:  0.0, Avg:  0.0, Max:  0.0, Diff:  0.0, Sum:  0.0, Workers: 4
[538.522s][debug][gc,phases      ] GC(82)     Dead                           Min: 0, Avg:  0.0, Max: 0, Diff: 0, Sum: 0, Workers: 4
[538.522s][debug][gc,phases      ] GC(82)     Total                          Min: 0, Avg: 11.2, Max: 45, Diff: 45, Sum: 45, Workers: 4
[538.522s][debug][gc,phases      ] GC(82)   StringDedup Table Weak         Min:  0.0, Avg:  0.0, Max:  0.0, Diff:  0.0, Sum:  0.0, Workers: 4
[538.522s][debug][gc,phases      ] GC(82)     Dead                           Min: 0, Avg:  0.0, Max: 0, Diff: 0, Sum: 0, Workers: 4
[538.522s][debug][gc,phases      ] GC(82)     Total                          Min: 0, Avg:  0.0, Max: 0, Diff: 0, Sum: 0, Workers: 4
[538.522s][debug][gc,phases      ] GC(82)   StringDedup Requests0 Weak     Min:  0.0, Avg:  0.0, Max:  0.0, Diff:  0.0, Sum:  0.0, Workers: 4
[538.522s][debug][gc,phases      ] GC(82)     Dead                           Min: 0, Avg:  0.0, Max: 0, Diff: 0, Sum: 0, Workers: 4
[538.522s][debug][gc,phases      ] GC(82)     Total                          Min: 0, Avg:  0.0, Max: 0, Diff: 0, Sum: 0, Workers: 4
[538.522s][debug][gc,phases      ] GC(82)   StringDedup Requests1 Weak     Min:  0.0, Avg:  0.0, Max:  0.0, Diff:  0.0, Sum:  0.0, Workers: 4
[538.522s][debug][gc,phases      ] GC(82)     Dead                           Min: 0, Avg:  0.0, Max: 0, Diff: 0, Sum: 0, Workers: 4
[538.522s][debug][gc,phases      ] GC(82)     Total                          Min: 0, Avg:  0.0, Max: 0, Diff: 0, Sum: 0, Workers: 4
[538.522s][debug][gc,phases      ] GC(82)   Weak JFR Old Object Samples    Min:  0.0, Avg:  0.0, Max:  0.0, Diff:  0.0, Sum:  0.0, Workers: 4
[538.522s][debug][gc,phases      ] GC(82)     Dead                           Min: 0, Avg:  0.0, Max: 0, Diff: 0, Sum: 0, Workers: 4
[538.522s][debug][gc,phases      ] GC(82)     Total                          Min: 0, Avg:  0.0, Max: 0, Diff: 0, Sum: 0, Workers: 4
[538.522s][debug][gc,phases      ] GC(82) Weak Processing 0.425ms
[538.522s][debug][gc,age         ] GC(82) Desired survivor size 136839168 bytes, new threshold 15 (max threshold 15)
[538.522s][info ][gc,heap        ] GC(82) PSYoungGen: 1903197K(1962496K)->74365K(1963008K) Eden: 1828864K(1828864K)->0K(1828864K) From: 74333K(133632K)->74365K(134144K)
[538.522s][info ][gc,heap        ] GC(82) ParOldGen: 326573K(451584K)->326613K(451584K)
[538.522s][info ][gc,metaspace   ] GC(82) Metaspace: 79043K(80000K)->79043K(80000K) NonClass: 67665K(68224K)->67665K(68224K) Class: 11378K(11776K)->11378K(11776K)
[538.522s][info ][gc             ] GC(82) Pause Young (Allocation Failure) 2177M->391M(2358M) 33.304ms
[538.522s][info ][gc,cpu         ] GC(82) User=0.11s Sys=0.01s Real=0.04s
[538.522s][info ][safepoint      ] Safepoint "ParallelGCFailedAllocation", Time since last: 9633546 ns, Reaching safepoint: 56902 ns, At safepoint: 33440502 ns, Total: 33497404 ns
[539.522s][info ][safepoint      ] Safepoint "Cleanup", Time since last: 1000106463 ns, Reaching safepoint: 87703 ns, At safepoint: 3500 ns, Total: 91203 ns
[540.522s][info ][safepoint      ] Safepoint "Cleanup", Time since last: 1000093967 ns, Reaching safepoint: 50902 ns, At safepoint: 3200 ns, Total: 54102 ns
[541.522s][info ][safepoint      ] Safepoint "Cleanup", Time since last: 1000117072 ns, Reaching safepoint: 63402 ns, At safepoint: 3000 ns, Total: 66402 ns
[542.523s][info ][safepoint      ] Safepoint "Cleanup", Time since last: 1000135278 ns, Reaching safepoint: 70402 ns, At safepoint: 3001 ns, Total: 73403 ns
[543.523s][info ][safepoint      ] Safepoint "Cleanup", Time since last: 1000117181 ns, Reaching safepoint: 44002 ns, At safepoint: 9000 ns, Total: 53002 ns
[544.523s][info ][safepoint      ] Safepoint "Cleanup", Time since last: 1000175588 ns, Reaching safepoint: 63603 ns, At safepoint: 3200 ns, Total: 66803 ns
[545.523s][info ][safepoint      ] Safepoint "Cleanup", Time since last: 1000131791 ns, Reaching safepoint: 72703 ns, At safepoint: 3400 ns, Total: 76103 ns
[546.385s][info ][gc,start       ] GC(83) Pause Young (Allocation Failure)
[546.420s][debug][gc,phases      ] GC(83) Scavenge 34.950ms
[546.420s][debug][gc,ref         ] GC(83) Skipped phase 1 of Reference Processing: no references
[546.420s][debug][gc,ref         ] GC(83) ReferenceProcessor::execute queues: 1, RefProcThreadModel::Single, marks_oops_alive: false
[546.420s][debug][gc,ref         ] GC(83) Skipped phase 3 of Reference Processing: no references
[546.420s][debug][gc,ref         ] GC(83) ReferenceProcessor::execute queues: 1, RefProcThreadModel::Single, marks_oops_alive: false
[546.420s][debug][gc,phases      ] GC(83) Reference Processing 0.150ms
[546.420s][debug][gc,phases      ] GC(83)   VM Weak                        Min:  0.0, Avg:  0.0, Max:  0.0, Diff:  0.0, Sum:  0.0, Workers: 4
[546.420s][debug][gc,phases      ] GC(83)     Dead                           Min: 0, Avg:  0.0, Max: 0, Diff: 0, Sum: 0, Workers: 4
[546.420s][debug][gc,phases      ] GC(83)     Total                          Min: 0, Avg: 195.8, Max: 704, Diff: 704, Sum: 783, Workers: 4
[546.420s][debug][gc,phases      ] GC(83)   ObjectSynchronizer Weak        Min:  0.0, Avg:  0.0, Max:  0.0, Diff:  0.0, Sum:  0.0, Workers: 4
[546.420s][debug][gc,phases      ] GC(83)     Dead                           Min: 0, Avg:  0.0, Max: 0, Diff: 0, Sum: 0, Workers: 4
[546.420s][debug][gc,phases      ] GC(83)     Total                          Min: 0, Avg: 36.0, Max: 80, Diff: 80, Sum: 144, Workers: 4
[546.420s][debug][gc,phases      ] GC(83)   JVMTI Tag Weak OopStorage      Min:  0.0, Avg:  0.0, Max:  0.0, Diff:  0.0, Sum:  0.0, Workers: 4
[546.420s][debug][gc,phases      ] GC(83)     Dead                           Min: 0, Avg:  0.0, Max: 0, Diff: 0, Sum: 0, Workers: 4
[546.420s][debug][gc,phases      ] GC(83)     Total                          Min: 0, Avg:  0.0, Max: 0, Diff: 0, Sum: 0, Workers: 4
[546.420s][debug][gc,phases      ] GC(83)   StringTable Weak               Min:  0.0, Avg:  0.1, Max:  0.1, Diff:  0.1, Sum:  0.4, Workers: 4
[546.420s][debug][gc,phases      ] GC(83)     Dead                           Min: 0, Avg:  0.2, Max: 1, Diff: 1, Sum: 1, Workers: 4
[546.420s][debug][gc,phases      ] GC(83)     Total                          Min: 0, Avg: 10759.8, Max: 15647, Diff: 15647, Sum: 43039, Workers: 4
[546.420s][debug][gc,phases      ] GC(83)   ResolvedMethodTable Weak       Min:  0.0, Avg:  0.0, Max:  0.0, Diff:  0.0, Sum:  0.1, Workers: 4
[546.420s][debug][gc,phases      ] GC(83)     Dead                           Min: 0, Avg:  0.0, Max: 0, Diff: 0, Sum: 0, Workers: 4
[546.420s][debug][gc,phases      ] GC(83)     Total                          Min: 0, Avg: 2229.5, Max: 3328, Diff: 3328, Sum: 8918, Workers: 4
[546.420s][debug][gc,phases      ] GC(83)   JNI Weak                       Min:  0.0, Avg:  0.0, Max:  0.0, Diff:  0.0, Sum:  0.0, Workers: 4
[546.420s][debug][gc,phases      ] GC(83)     Dead                           Min: 0, Avg:  0.0, Max: 0, Diff: 0, Sum: 0, Workers: 4
[546.420s][debug][gc,phases      ] GC(83)     Total                          Min: 0, Avg: 11.2, Max: 45, Diff: 45, Sum: 45, Workers: 4
[546.420s][debug][gc,phases      ] GC(83)   StringDedup Table Weak         Min:  0.0, Avg:  0.0, Max:  0.0, Diff:  0.0, Sum:  0.0, Workers: 4
[546.420s][debug][gc,phases      ] GC(83)     Dead                           Min: 0, Avg:  0.0, Max: 0, Diff: 0, Sum: 0, Workers: 4
[546.420s][debug][gc,phases      ] GC(83)     Total                          Min: 0, Avg:  0.0, Max: 0, Diff: 0, Sum: 0, Workers: 4
[546.420s][debug][gc,phases      ] GC(83)   StringDedup Requests0 Weak     Min:  0.0, Avg:  0.0, Max:  0.0, Diff:  0.0, Sum:  0.0, Workers: 4
[546.420s][debug][gc,phases      ] GC(83)     Dead                           Min: 0, Avg:  0.0, Max: 0, Diff: 0, Sum: 0, Workers: 4
[546.420s][debug][gc,phases      ] GC(83)     Total                          Min: 0, Avg:  0.0, Max: 0, Diff: 0, Sum: 0, Workers: 4
[546.421s][debug][gc,phases      ] GC(83)   StringDedup Requests1 Weak     Min:  0.0, Avg:  0.0, Max:  0.0, Diff:  0.0, Sum:  0.0, Workers: 4
[546.421s][debug][gc,phases      ] GC(83)     Dead                           Min: 0, Avg:  0.0, Max: 0, Diff: 0, Sum: 0, Workers: 4
[546.421s][debug][gc,phases      ] GC(83)     Total                          Min: 0, Avg:  0.0, Max: 0, Diff: 0, Sum: 0, Workers: 4
[546.421s][debug][gc,phases      ] GC(83)   Weak JFR Old Object Samples    Min:  0.0, Avg:  0.0, Max:  0.0, Diff:  0.0, Sum:  0.0, Workers: 4
[546.421s][debug][gc,phases      ] GC(83)     Dead                           Min: 0, Avg:  0.0, Max: 0, Diff: 0, Sum: 0, Workers: 4
[546.421s][debug][gc,phases      ] GC(83)     Total                          Min: 0, Avg:  0.0, Max: 0, Diff: 0, Sum: 0, Workers: 4
[546.421s][debug][gc,phases      ] GC(83) Weak Processing 0.391ms
[546.421s][debug][gc,age         ] GC(83) Desired survivor size 135790592 bytes, new threshold 15 (max threshold 15)
[546.421s][info ][gc,heap        ] GC(83) PSYoungGen: 1903229K(1963008K)->74381K(1964544K) Eden: 1828864K(1828864K)->0K(1830912K) From: 74365K(134144K)->74381K(133632K)
[546.421s][info ][gc,heap        ] GC(83) ParOldGen: 326613K(451584K)->326677K(451584K)
[546.421s][info ][gc,metaspace   ] GC(83) Metaspace: 79093K(80000K)->79093K(80000K) NonClass: 67713K(68224K)->67713K(68224K) Class: 11379K(11776K)->11379K(11776K)
[546.421s][info ][gc             ] GC(83) Pause Young (Allocation Failure) 2177M->391M(2359M) 35.650ms
[546.421s][info ][gc,cpu         ] GC(83) User=0.10s Sys=0.00s Real=0.03s
[546.421s][info ][safepoint      ] Safepoint "ParallelGCFailedAllocation", Time since last: 861525307 ns, Reaching safepoint: 47402 ns, At safepoint: 35736986 ns, Total: 35784388 ns
[548.421s][info ][safepoint      ] Safepoint "Cleanup", Time since last: 2000354608 ns, Reaching safepoint: 54302 ns, At safepoint: 2600 ns, Total: 56902 ns
[549.421s][info ][safepoint      ] Safepoint "Cleanup", Time since last: 1000109809 ns, Reaching safepoint: 47502 ns, At safepoint: 2700 ns, Total: 50202 ns
[550.421s][info ][safepoint      ] Safepoint "Cleanup", Time since last: 1000112913 ns, Reaching safepoint: 47502 ns, At safepoint: 3000 ns, Total: 50502 ns
[551.422s][info ][safepoint      ] Safepoint "Cleanup", Time since last: 1000111318 ns, Reaching safepoint: 79202 ns, At safepoint: 8101 ns, Total: 87303 ns
[553.422s][info ][safepoint      ] Safepoint "Cleanup", Time since last: 2000215749 ns, Reaching safepoint: 63002 ns, At safepoint: 4600 ns, Total: 67602 ns
[554.422s][info ][safepoint      ] Safepoint "Cleanup", Time since last: 1000095031 ns, Reaching safepoint: 52502 ns, At safepoint: 8400 ns, Total: 60902 ns
[554.485s][info ][gc,start       ] GC(84) Pause Young (Allocation Failure)
[554.525s][debug][gc,phases      ] GC(84) Scavenge 39.755ms
[554.525s][debug][gc,ref         ] GC(84) Skipped phase 1 of Reference Processing: no references
[554.525s][debug][gc,ref         ] GC(84) ReferenceProcessor::execute queues: 1, RefProcThreadModel::Single, marks_oops_alive: false
[554.525s][debug][gc,ref         ] GC(84) Skipped phase 3 of Reference Processing: no references
[554.525s][debug][gc,ref         ] GC(84) ReferenceProcessor::execute queues: 1, RefProcThreadModel::Single, marks_oops_alive: false
[554.525s][debug][gc,phases      ] GC(84) Reference Processing 0.154ms
[554.525s][debug][gc,phases      ] GC(84)   VM Weak                        Min:  0.0, Avg:  0.0, Max:  0.0, Diff:  0.0, Sum:  0.0, Workers: 4
[554.525s][debug][gc,phases      ] GC(84)     Dead                           Min: 0, Avg:  0.0, Max: 0, Diff: 0, Sum: 0, Workers: 4
[554.525s][debug][gc,phases      ] GC(84)     Total                          Min: 0, Avg: 195.8, Max: 719, Diff: 719, Sum: 783, Workers: 4
[554.525s][debug][gc,phases      ] GC(84)   ObjectSynchronizer Weak        Min:  0.0, Avg:  0.0, Max:  0.0, Diff:  0.0, Sum:  0.0, Workers: 4
[554.525s][debug][gc,phases      ] GC(84)     Dead                           Min: 0, Avg:  0.0, Max: 0, Diff: 0, Sum: 0, Workers: 4
[554.525s][debug][gc,phases      ] GC(84)     Total                          Min: 0, Avg: 36.0, Max: 80, Diff: 80, Sum: 144, Workers: 4
[554.525s][debug][gc,phases      ] GC(84)   JVMTI Tag Weak OopStorage      Min:  0.0, Avg:  0.0, Max:  0.0, Diff:  0.0, Sum:  0.0, Workers: 4
[554.525s][debug][gc,phases      ] GC(84)     Dead                           Min: 0, Avg:  0.0, Max: 0, Diff: 0, Sum: 0, Workers: 4
[554.525s][debug][gc,phases      ] GC(84)     Total                          Min: 0, Avg:  0.0, Max: 0, Diff: 0, Sum: 0, Workers: 4
[554.525s][debug][gc,phases      ] GC(84)   StringTable Weak               Min:  0.1, Avg:  0.1, Max:  0.1, Diff:  0.0, Sum:  0.5, Workers: 4
[554.525s][debug][gc,phases      ] GC(84)     Dead                           Min: 0, Avg:  0.0, Max: 0, Diff: 0, Sum: 0, Workers: 4
[554.525s][debug][gc,phases      ] GC(84)     Total                          Min: 9856, Avg: 10763.5, Max: 11327, Diff: 1471, Sum: 43054, Workers: 4
[554.525s][debug][gc,phases      ] GC(84)   ResolvedMethodTable Weak       Min:  0.0, Avg:  0.0, Max:  0.1, Diff:  0.0, Sum:  0.2, Workers: 4
[554.525s][debug][gc,phases      ] GC(84)     Dead                           Min: 0, Avg:  0.0, Max: 0, Diff: 0, Sum: 0, Workers: 4
[554.525s][debug][gc,phases      ] GC(84)     Total                          Min: 1664, Avg: 2229.5, Max: 2582, Diff: 918, Sum: 8918, Workers: 4
[554.525s][debug][gc,phases      ] GC(84)   JNI Weak                       Min:  0.0, Avg:  0.0, Max:  0.0, Diff:  0.0, Sum:  0.0, Workers: 4
[554.525s][debug][gc,phases      ] GC(84)     Dead                           Min: 0, Avg:  0.0, Max: 0, Diff: 0, Sum: 0, Workers: 4
[554.525s][debug][gc,phases      ] GC(84)     Total                          Min: 0, Avg: 11.2, Max: 45, Diff: 45, Sum: 45, Workers: 4
[554.525s][debug][gc,phases      ] GC(84)   StringDedup Table Weak         Min:  0.0, Avg:  0.0, Max:  0.0, Diff:  0.0, Sum:  0.0, Workers: 4
[554.525s][debug][gc,phases      ] GC(84)     Dead                           Min: 0, Avg:  0.0, Max: 0, Diff: 0, Sum: 0, Workers: 4
[554.525s][debug][gc,phases      ] GC(84)     Total                          Min: 0, Avg:  0.0, Max: 0, Diff: 0, Sum: 0, Workers: 4
[554.525s][debug][gc,phases      ] GC(84)   StringDedup Requests0 Weak     Min:  0.0, Avg:  0.0, Max:  0.0, Diff:  0.0, Sum:  0.0, Workers: 4
[554.525s][debug][gc,phases      ] GC(84)     Dead                           Min: 0, Avg:  0.0, Max: 0, Diff: 0, Sum: 0, Workers: 4
[554.525s][debug][gc,phases      ] GC(84)     Total                          Min: 0, Avg:  0.0, Max: 0, Diff: 0, Sum: 0, Workers: 4
[554.525s][debug][gc,phases      ] GC(84)   StringDedup Requests1 Weak     Min:  0.0, Avg:  0.0, Max:  0.0, Diff:  0.0, Sum:  0.0, Workers: 4
[554.525s][debug][gc,phases      ] GC(84)     Dead                           Min: 0, Avg:  0.0, Max: 0, Diff: 0, Sum: 0, Workers: 4
[554.525s][debug][gc,phases      ] GC(84)     Total                          Min: 0, Avg:  0.0, Max: 0, Diff: 0, Sum: 0, Workers: 4
[554.525s][debug][gc,phases      ] GC(84)   Weak JFR Old Object Samples    Min:  0.0, Avg:  0.0, Max:  0.0, Diff:  0.0, Sum:  0.0, Workers: 4
[554.525s][debug][gc,phases      ] GC(84)     Dead                           Min: 0, Avg:  0.0, Max: 0, Diff: 0, Sum: 0, Workers: 4
[554.525s][debug][gc,phases      ] GC(84)     Total                          Min: 0, Avg:  0.0, Max: 0, Diff: 0, Sum: 0, Workers: 4
[554.525s][debug][gc,phases      ] GC(84) Weak Processing 0.386ms
[554.525s][debug][gc,age         ] GC(84) Desired survivor size 132644864 bytes, new threshold 15 (max threshold 15)
[554.525s][info ][gc,heap        ] GC(84) PSYoungGen: 1905293K(1964544K)->33434K(1963520K) Eden: 1830912K(1830912K)->0K(1830912K) From: 74381K(133632K)->33434K(132608K)
[554.525s][info ][gc,heap        ] GC(84) ParOldGen: 326677K(451584K)->368909K(451584K)
[554.525s][info ][gc,metaspace   ] GC(84) Metaspace: 79099K(80000K)->79099K(80000K) NonClass: 67720K(68224K)->67720K(68224K) Class: 11379K(11776K)->11379K(11776K)
[554.525s][info ][gc             ] GC(84) Pause Young (Allocation Failure) 2179M->392M(2358M) 40.444ms
[554.525s][info ][gc,cpu         ] GC(84) User=0.13s Sys=0.02s Real=0.04s
[554.525s][info ][safepoint      ] Safepoint "ParallelGCFailedAllocation", Time since last: 62719260 ns, Reaching safepoint: 41502 ns, At safepoint: 40542160 ns, Total: 40583662 ns
[555.525s][info ][safepoint      ] Safepoint "Cleanup", Time since last: 1000091236 ns, Reaching safepoint: 55302 ns, At safepoint: 8100 ns, Total: 63402 ns
[556.526s][info ][safepoint      ] Safepoint "Cleanup", Time since last: 1000132142 ns, Reaching safepoint: 79203 ns, At safepoint: 3500 ns, Total: 82703 ns
[557.526s][info ][safepoint      ] Safepoint "Cleanup", Time since last: 1000128647 ns, Reaching safepoint: 60302 ns, At safepoint: 2600 ns, Total: 62902 ns
[558.526s][info ][safepoint      ] Safepoint "Cleanup", Time since last: 1000115850 ns, Reaching safepoint: 64402 ns, At safepoint: 3301 ns, Total: 67703 ns
[559.526s][info ][safepoint      ] Safepoint "Cleanup", Time since last: 1000089753 ns, Reaching safepoint: 77603 ns, At safepoint: 8501 ns, Total: 86104 ns
[560.526s][info ][safepoint      ] Safepoint "Cleanup", Time since last: 1000124759 ns, Reaching safepoint: 86503 ns, At safepoint: 8701 ns, Total: 95204 ns
[562.241s][info ][gc,start       ] GC(85) Pause Young (Allocation Failure)
[562.265s][debug][gc,phases      ] GC(85) Scavenge 24.535ms
[562.266s][debug][gc,ref         ] GC(85) Skipped phase 1 of Reference Processing: no references
[562.266s][debug][gc,ref         ] GC(85) ReferenceProcessor::execute queues: 1, RefProcThreadModel::Single, marks_oops_alive: false
[562.266s][debug][gc,ref         ] GC(85) Skipped phase 3 of Reference Processing: no references
[562.266s][debug][gc,ref         ] GC(85) ReferenceProcessor::execute queues: 1, RefProcThreadModel::Single, marks_oops_alive: false
[562.266s][debug][gc,phases      ] GC(85) Reference Processing 0.185ms
[562.266s][debug][gc,phases      ] GC(85)   VM Weak                        Min:  0.0, Avg:  0.0, Max:  0.0, Diff:  0.0, Sum:  0.0, Workers: 4
[562.266s][debug][gc,phases      ] GC(85)     Dead                           Min: 0, Avg:  0.0, Max: 0, Diff: 0, Sum: 0, Workers: 4
[562.266s][debug][gc,phases      ] GC(85)     Total                          Min: 0, Avg: 195.8, Max: 512, Diff: 512, Sum: 783, Workers: 4
[562.266s][debug][gc,phases      ] GC(85)   ObjectSynchronizer Weak        Min:  0.0, Avg:  0.0, Max:  0.0, Diff:  0.0, Sum:  0.0, Workers: 4
[562.266s][debug][gc,phases      ] GC(85)     Dead                           Min: 0, Avg:  0.0, Max: 0, Diff: 0, Sum: 0, Workers: 4
[562.266s][debug][gc,phases      ] GC(85)     Total                          Min: 0, Avg: 36.0, Max: 64, Diff: 64, Sum: 144, Workers: 4
[562.266s][debug][gc,phases      ] GC(85)   JVMTI Tag Weak OopStorage      Min:  0.0, Avg:  0.0, Max:  0.0, Diff:  0.0, Sum:  0.0, Workers: 4
[562.266s][debug][gc,phases      ] GC(85)     Dead                           Min: 0, Avg:  0.0, Max: 0, Diff: 0, Sum: 0, Workers: 4
[562.266s][debug][gc,phases      ] GC(85)     Total                          Min: 0, Avg:  0.0, Max: 0, Diff: 0, Sum: 0, Workers: 4
[562.266s][debug][gc,phases      ] GC(85)   StringTable Weak               Min:  0.1, Avg:  0.1, Max:  0.1, Diff:  0.0, Sum:  0.5, Workers: 4
[562.266s][debug][gc,phases      ] GC(85)     Dead                           Min: 0, Avg:  0.0, Max: 0, Diff: 0, Sum: 0, Workers: 4
[562.266s][debug][gc,phases      ] GC(85)     Total                          Min: 9407, Avg: 10766.2, Max: 12096, Diff: 2689, Sum: 43065, Workers: 4
[562.266s][debug][gc,phases      ] GC(85)   ResolvedMethodTable Weak       Min:  0.0, Avg:  0.0, Max:  0.0, Diff:  0.0, Sum:  0.1, Workers: 4
[562.266s][debug][gc,phases      ] GC(85)     Dead                           Min: 0, Avg:  0.0, Max: 0, Diff: 0, Sum: 0, Workers: 4
[562.266s][debug][gc,phases      ] GC(85)     Total                          Min: 2048, Avg: 2230.5, Max: 2496, Diff: 448, Sum: 8922, Workers: 4
[562.266s][debug][gc,phases      ] GC(85)   JNI Weak                       Min:  0.0, Avg:  0.0, Max:  0.0, Diff:  0.0, Sum:  0.0, Workers: 4
[562.266s][debug][gc,phases      ] GC(85)     Dead                           Min: 0, Avg:  0.0, Max: 0, Diff: 0, Sum: 0, Workers: 4
[562.266s][debug][gc,phases      ] GC(85)     Total                          Min: 0, Avg: 11.2, Max: 45, Diff: 45, Sum: 45, Workers: 4
[562.266s][debug][gc,phases      ] GC(85)   StringDedup Table Weak         Min:  0.0, Avg:  0.0, Max:  0.0, Diff:  0.0, Sum:  0.0, Workers: 4
[562.266s][debug][gc,phases      ] GC(85)     Dead                           Min: 0, Avg:  0.0, Max: 0, Diff: 0, Sum: 0, Workers: 4
[562.266s][debug][gc,phases      ] GC(85)     Total                          Min: 0, Avg:  0.0, Max: 0, Diff: 0, Sum: 0, Workers: 4
[562.266s][debug][gc,phases      ] GC(85)   StringDedup Requests0 Weak     Min:  0.0, Avg:  0.0, Max:  0.0, Diff:  0.0, Sum:  0.0, Workers: 4
[562.266s][debug][gc,phases      ] GC(85)     Dead                           Min: 0, Avg:  0.0, Max: 0, Diff: 0, Sum: 0, Workers: 4
[562.266s][debug][gc,phases      ] GC(85)     Total                          Min: 0, Avg:  0.0, Max: 0, Diff: 0, Sum: 0, Workers: 4
[562.266s][debug][gc,phases      ] GC(85)   StringDedup Requests1 Weak     Min:  0.0, Avg:  0.0, Max:  0.0, Diff:  0.0, Sum:  0.0, Workers: 4
[562.266s][debug][gc,phases      ] GC(85)     Dead                           Min: 0, Avg:  0.0, Max: 0, Diff: 0, Sum: 0, Workers: 4
[562.266s][debug][gc,phases      ] GC(85)     Total                          Min: 0, Avg:  0.0, Max: 0, Diff: 0, Sum: 0, Workers: 4
[562.266s][debug][gc,phases      ] GC(85)   Weak JFR Old Object Samples    Min:  0.0, Avg:  0.0, Max:  0.0, Diff:  0.0, Sum:  0.0, Workers: 4
[562.266s][debug][gc,phases      ] GC(85)     Dead                           Min: 0, Avg:  0.0, Max: 0, Diff: 0, Sum: 0, Workers: 4
[562.266s][debug][gc,phases      ] GC(85)     Total                          Min: 0, Avg:  0.0, Max: 0, Diff: 0, Sum: 0, Workers: 4
[562.266s][debug][gc,phases      ] GC(85) Weak Processing 0.371ms
[562.266s][debug][gc,age         ] GC(85) Desired survivor size 128974848 bytes, new threshold 15 (max threshold 15)
[562.266s][info ][gc,heap        ] GC(85) PSYoungGen: 1864346K(1963520K)->33354K(1971200K) Eden: 1830912K(1830912K)->0K(1841664K) From: 33434K(132608K)->33354K(129536K)
[562.266s][info ][gc,heap        ] GC(85) ParOldGen: 368909K(451584K)->368957K(451584K)
[562.266s][info ][gc,metaspace   ] GC(85) Metaspace: 79141K(80064K)->79141K(80064K) NonClass: 67759K(68288K)->67759K(68288K) Class: 11381K(11776K)->11381K(11776K)
[562.266s][info ][gc             ] GC(85) Pause Young (Allocation Failure) 2180M->392M(2366M) 25.265ms
[562.266s][info ][gc,cpu         ] GC(85) User=0.07s Sys=0.00s Real=0.03s
[562.266s][info ][safepoint      ] Safepoint "ParallelGCFailedAllocation", Time since last: 1714351722 ns, Reaching safepoint: 35001 ns, At safepoint: 25377715 ns, Total: 25412716 ns
[564.266s][info ][safepoint      ] Safepoint "Cleanup", Time since last: 2000096943 ns, Reaching safepoint: 67603 ns, At safepoint: 2700 ns, Total: 70303 ns
[565.267s][info ][safepoint      ] Safepoint "Cleanup", Time since last: 1000122981 ns, Reaching safepoint: 80202 ns, At safepoint: 5501 ns, Total: 85703 ns
[567.267s][info ][safepoint      ] Safepoint "Cleanup", Time since last: 2000208973 ns, Reaching safepoint: 49802 ns, At safepoint: 4700 ns, Total: 54502 ns
[569.267s][info ][safepoint      ] Safepoint "Cleanup", Time since last: 2000184991 ns, Reaching safepoint: 55902 ns, At safepoint: 4200 ns, Total: 60102 ns
[569.586s][info ][gc,start       ] GC(86) Pause Young (Allocation Failure)
[569.607s][debug][gc,phases      ] GC(86) Scavenge 20.758ms
[569.607s][debug][gc,ref         ] GC(86) Skipped phase 1 of Reference Processing: no references
[569.607s][debug][gc,ref         ] GC(86) ReferenceProcessor::execute queues: 1, RefProcThreadModel::Single, marks_oops_alive: false
[569.607s][debug][gc,ref         ] GC(86) Skipped phase 3 of Reference Processing: no references
[569.607s][debug][gc,ref         ] GC(86) ReferenceProcessor::execute queues: 1, RefProcThreadModel::Single, marks_oops_alive: false
[569.607s][debug][gc,phases      ] GC(86) Reference Processing 0.198ms
[569.607s][debug][gc,phases      ] GC(86)   VM Weak                        Min:  0.0, Avg:  0.0, Max:  0.0, Diff:  0.0, Sum:  0.0, Workers: 4
[569.607s][debug][gc,phases      ] GC(86)     Dead                           Min: 0, Avg:  0.0, Max: 0, Diff: 0, Sum: 0, Workers: 4
[569.607s][debug][gc,phases      ] GC(86)     Total                          Min: 0, Avg: 195.8, Max: 448, Diff: 448, Sum: 783, Workers: 4
[569.607s][debug][gc,phases      ] GC(86)   ObjectSynchronizer Weak        Min:  0.0, Avg:  0.0, Max:  0.0, Diff:  0.0, Sum:  0.0, Workers: 4
[569.607s][debug][gc,phases      ] GC(86)     Dead                           Min: 0, Avg:  0.0, Max: 0, Diff: 0, Sum: 0, Workers: 4
[569.607s][debug][gc,phases      ] GC(86)     Total                          Min: 0, Avg: 36.0, Max: 80, Diff: 80, Sum: 144, Workers: 4
[569.607s][debug][gc,phases      ] GC(86)   JVMTI Tag Weak OopStorage      Min:  0.0, Avg:  0.0, Max:  0.0, Diff:  0.0, Sum:  0.0, Workers: 4
[569.607s][debug][gc,phases      ] GC(86)     Dead                           Min: 0, Avg:  0.0, Max: 0, Diff: 0, Sum: 0, Workers: 4
[569.607s][debug][gc,phases      ] GC(86)     Total                          Min: 0, Avg:  0.0, Max: 0, Diff: 0, Sum: 0, Workers: 4
[569.607s][debug][gc,phases      ] GC(86)   StringTable Weak               Min:  0.0, Avg:  0.1, Max:  0.2, Diff:  0.2, Sum:  0.5, Workers: 4
[569.607s][debug][gc,phases      ] GC(86)     Dead                           Min: 0, Avg:  0.0, Max: 0, Diff: 0, Sum: 0, Workers: 4
[569.607s][debug][gc,phases      ] GC(86)     Total                          Min: 0, Avg: 10769.2, Max: 16005, Diff: 16005, Sum: 43077, Workers: 4
[569.607s][debug][gc,phases      ] GC(86)   ResolvedMethodTable Weak       Min:  0.0, Avg:  0.0, Max:  0.0, Diff:  0.0, Sum:  0.1, Workers: 4
[569.607s][debug][gc,phases      ] GC(86)     Dead                           Min: 0, Avg:  4.2, Max: 17, Diff: 17, Sum: 17, Workers: 4
[569.607s][debug][gc,phases      ] GC(86)     Total                          Min: 0, Avg: 2233.8, Max: 3183, Diff: 3183, Sum: 8935, Workers: 4
[569.607s][debug][gc,phases      ] GC(86)   JNI Weak                       Min:  0.0, Avg:  0.0, Max:  0.0, Diff:  0.0, Sum:  0.0, Workers: 4
[569.607s][debug][gc,phases      ] GC(86)     Dead                           Min: 0, Avg:  0.0, Max: 0, Diff: 0, Sum: 0, Workers: 4
[569.607s][debug][gc,phases      ] GC(86)     Total                          Min: 0, Avg: 11.2, Max: 45, Diff: 45, Sum: 45, Workers: 4
[569.607s][debug][gc,phases      ] GC(86)   StringDedup Table Weak         Min:  0.0, Avg:  0.0, Max:  0.0, Diff:  0.0, Sum:  0.0, Workers: 4
[569.607s][debug][gc,phases      ] GC(86)     Dead                           Min: 0, Avg:  0.0, Max: 0, Diff: 0, Sum: 0, Workers: 4
[569.607s][debug][gc,phases      ] GC(86)     Total                          Min: 0, Avg:  0.0, Max: 0, Diff: 0, Sum: 0, Workers: 4
[569.607s][debug][gc,phases      ] GC(86)   StringDedup Requests0 Weak     Min:  0.0, Avg:  0.0, Max:  0.0, Diff:  0.0, Sum:  0.0, Workers: 4
[569.607s][debug][gc,phases      ] GC(86)     Dead                           Min: 0, Avg:  0.0, Max: 0, Diff: 0, Sum: 0, Workers: 4
[569.607s][debug][gc,phases      ] GC(86)     Total                          Min: 0, Avg:  0.0, Max: 0, Diff: 0, Sum: 0, Workers: 4
[569.607s][debug][gc,phases      ] GC(86)   StringDedup Requests1 Weak     Min:  0.0, Avg:  0.0, Max:  0.0, Diff:  0.0, Sum:  0.0, Workers: 4
[569.607s][debug][gc,phases      ] GC(86)     Dead                           Min: 0, Avg:  0.0, Max: 0, Diff: 0, Sum: 0, Workers: 4
[569.607s][debug][gc,phases      ] GC(86)     Total                          Min: 0, Avg:  0.0, Max: 0, Diff: 0, Sum: 0, Workers: 4
[569.607s][debug][gc,phases      ] GC(86)   Weak JFR Old Object Samples    Min:  0.0, Avg:  0.0, Max:  0.0, Diff:  0.0, Sum:  0.0, Workers: 4
[569.607s][debug][gc,phases      ] GC(86)     Dead                           Min: 0, Avg:  0.0, Max: 0, Diff: 0, Sum: 0, Workers: 4
[569.607s][debug][gc,phases      ] GC(86)     Total                          Min: 0, Avg:  0.0, Max: 0, Diff: 0, Sum: 0, Workers: 4
[569.607s][debug][gc,phases      ] GC(86) Weak Processing 0.464ms
[569.607s][debug][gc,age         ] GC(86) Desired survivor size 124780544 bytes, new threshold 15 (max threshold 15)
[569.607s][info ][gc,heap        ] GC(86) PSYoungGen: 1875018K(1971200K)->33402K(1967616K) Eden: 1841664K(1841664K)->0K(1841664K) From: 33354K(129536K)->33402K(125952K)
[569.607s][info ][gc,heap        ] GC(86) ParOldGen: 368957K(451584K)->368989K(451584K)
[569.607s][info ][gc,metaspace   ] GC(86) Metaspace: 79154K(80064K)->79154K(80064K) NonClass: 67770K(68288K)->67770K(68288K) Class: 11383K(11776K)->11383K(11776K)
[569.607s][info ][gc             ] GC(86) Pause Young (Allocation Failure) 2191M->392M(2362M) 21.592ms
[569.607s][info ][gc,cpu         ] GC(86) User=0.07s Sys=0.01s Real=0.02s
[569.607s][info ][safepoint      ] Safepoint "ParallelGCFailedAllocation", Time since last: 318535798 ns, Reaching safepoint: 78003 ns, At safepoint: 21685782 ns, Total: 21763785 ns
[570.608s][info ][safepoint      ] Safepoint "Cleanup", Time since last: 1000094804 ns, Reaching safepoint: 69503 ns, At safepoint: 7800 ns, Total: 77303 ns
[571.608s][info ][safepoint      ] Safepoint "Cleanup", Time since last: 1000121909 ns, Reaching safepoint: 60902 ns, At safepoint: 6000 ns, Total: 66902 ns
[573.608s][info ][safepoint      ] Safepoint "Cleanup", Time since last: 2000185129 ns, Reaching safepoint: 63502 ns, At safepoint: 5301 ns, Total: 68803 ns
[574.608s][info ][safepoint      ] Safepoint "Cleanup", Time since last: 1000115621 ns, Reaching safepoint: 65803 ns, At safepoint: 3400 ns, Total: 69203 ns
[575.608s][info ][safepoint      ] Safepoint "Cleanup", Time since last: 1000155228 ns, Reaching safepoint: 51401 ns, At safepoint: 2801 ns, Total: 54202 ns
[577.602s][info ][gc,start       ] GC(87) Pause Young (Allocation Failure)
[577.625s][debug][gc,phases      ] GC(87) Scavenge 23.116ms
[577.625s][debug][gc,ref         ] GC(87) Skipped phase 1 of Reference Processing: no references
[577.625s][debug][gc,ref         ] GC(87) ReferenceProcessor::execute queues: 1, RefProcThreadModel::Single, marks_oops_alive: false
[577.625s][debug][gc,ref         ] GC(87) Skipped phase 3 of Reference Processing: no references
[577.625s][debug][gc,ref         ] GC(87) ReferenceProcessor::execute queues: 1, RefProcThreadModel::Single, marks_oops_alive: false
[577.625s][debug][gc,phases      ] GC(87) Reference Processing 0.144ms
[577.626s][debug][gc,phases      ] GC(87)   VM Weak                        Min:  0.0, Avg:  0.0, Max:  0.0, Diff:  0.0, Sum:  0.0, Workers: 4
[577.626s][debug][gc,phases      ] GC(87)     Dead                           Min: 0, Avg:  0.0, Max: 0, Diff: 0, Sum: 0, Workers: 4
[577.626s][debug][gc,phases      ] GC(87)     Total                          Min: 0, Avg: 195.8, Max: 512, Diff: 512, Sum: 783, Workers: 4
[577.626s][debug][gc,phases      ] GC(87)   ObjectSynchronizer Weak        Min:  0.0, Avg:  0.0, Max:  0.0, Diff:  0.0, Sum:  0.0, Workers: 4
[577.626s][debug][gc,phases      ] GC(87)     Dead                           Min: 0, Avg:  0.0, Max: 0, Diff: 0, Sum: 0, Workers: 4
[577.626s][debug][gc,phases      ] GC(87)     Total                          Min: 0, Avg: 36.0, Max: 80, Diff: 80, Sum: 144, Workers: 4
[577.626s][debug][gc,phases      ] GC(87)   JVMTI Tag Weak OopStorage      Min:  0.0, Avg:  0.0, Max:  0.0, Diff:  0.0, Sum:  0.0, Workers: 4
[577.626s][debug][gc,phases      ] GC(87)     Dead                           Min: 0, Avg:  0.0, Max: 0, Diff: 0, Sum: 0, Workers: 4
[577.626s][debug][gc,phases      ] GC(87)     Total                          Min: 0, Avg:  0.0, Max: 0, Diff: 0, Sum: 0, Workers: 4
[577.626s][debug][gc,phases      ] GC(87)   StringTable Weak               Min:  0.1, Avg:  0.1, Max:  0.1, Diff:  0.0, Sum:  0.5, Workers: 4
[577.626s][debug][gc,phases      ] GC(87)     Dead                           Min: 0, Avg:  0.0, Max: 0, Diff: 0, Sum: 0, Workers: 4
[577.626s][debug][gc,phases      ] GC(87)     Total                          Min: 9920, Avg: 10770.8, Max: 11328, Diff: 1408, Sum: 43083, Workers: 4
[577.626s][debug][gc,phases      ] GC(87)   ResolvedMethodTable Weak       Min:  0.0, Avg:  0.0, Max:  0.0, Diff:  0.0, Sum:  0.1, Workers: 4
[577.626s][debug][gc,phases      ] GC(87)     Dead                           Min: 0, Avg:  0.0, Max: 0, Diff: 0, Sum: 0, Workers: 4
[577.626s][debug][gc,phases      ] GC(87)     Total                          Min: 1984, Avg: 2233.8, Max: 2432, Diff: 448, Sum: 8935, Workers: 4
[577.626s][debug][gc,phases      ] GC(87)   JNI Weak                       Min:  0.0, Avg:  0.0, Max:  0.0, Diff:  0.0, Sum:  0.0, Workers: 4
[577.626s][debug][gc,phases      ] GC(87)     Dead                           Min: 0, Avg:  0.0, Max: 0, Diff: 0, Sum: 0, Workers: 4
[577.626s][debug][gc,phases      ] GC(87)     Total                          Min: 0, Avg: 11.2, Max: 45, Diff: 45, Sum: 45, Workers: 4
[577.626s][debug][gc,phases      ] GC(87)   StringDedup Table Weak         Min:  0.0, Avg:  0.0, Max:  0.0, Diff:  0.0, Sum:  0.0, Workers: 4
[577.626s][debug][gc,phases      ] GC(87)     Dead                           Min: 0, Avg:  0.0, Max: 0, Diff: 0, Sum: 0, Workers: 4
[577.626s][debug][gc,phases      ] GC(87)     Total                          Min: 0, Avg:  0.0, Max: 0, Diff: 0, Sum: 0, Workers: 4
[577.626s][debug][gc,phases      ] GC(87)   StringDedup Requests0 Weak     Min:  0.0, Avg:  0.0, Max:  0.0, Diff:  0.0, Sum:  0.0, Workers: 4
[577.626s][debug][gc,phases      ] GC(87)     Dead                           Min: 0, Avg:  0.0, Max: 0, Diff: 0, Sum: 0, Workers: 4
[577.626s][debug][gc,phases      ] GC(87)     Total                          Min: 0, Avg:  0.0, Max: 0, Diff: 0, Sum: 0, Workers: 4
[577.626s][debug][gc,phases      ] GC(87)   StringDedup Requests1 Weak     Min:  0.0, Avg:  0.0, Max:  0.0, Diff:  0.0, Sum:  0.0, Workers: 4
[577.626s][debug][gc,phases      ] GC(87)     Dead                           Min: 0, Avg:  0.0, Max: 0, Diff: 0, Sum: 0, Workers: 4
[577.626s][debug][gc,phases      ] GC(87)     Total                          Min: 0, Avg:  0.0, Max: 0, Diff: 0, Sum: 0, Workers: 4
[577.626s][debug][gc,phases      ] GC(87)   Weak JFR Old Object Samples    Min:  0.0, Avg:  0.0, Max:  0.0, Diff:  0.0, Sum:  0.0, Workers: 4
[577.626s][debug][gc,phases      ] GC(87)     Dead                           Min: 0, Avg:  0.0, Max: 0, Diff: 0, Sum: 0, Workers: 4
[577.626s][debug][gc,phases      ] GC(87)     Total                          Min: 0, Avg:  0.0, Max: 0, Diff: 0, Sum: 0, Workers: 4
[577.626s][debug][gc,phases      ] GC(87) Weak Processing 0.351ms
[577.626s][debug][gc,age         ] GC(87) Desired survivor size 120586240 bytes, new threshold 15 (max threshold 15)
[577.626s][info ][gc,heap        ] GC(87) PSYoungGen: 1875066K(1967616K)->33946K(1979392K) Eden: 1841664K(1841664K)->0K(1857536K) From: 33402K(125952K)->33946K(121856K)
[577.626s][info ][gc,heap        ] GC(87) ParOldGen: 368989K(451584K)->369037K(451584K)
[577.626s][info ][gc,metaspace   ] GC(87) Metaspace: 79160K(80064K)->79160K(80064K) NonClass: 67776K(68288K)->67776K(68288K) Class: 11383K(11776K)->11383K(11776K)
[577.626s][info ][gc             ] GC(87) Pause Young (Allocation Failure) 2191M->393M(2374M) 23.750ms
[577.626s][info ][gc,cpu         ] GC(87) User=0.07s Sys=0.00s Real=0.02s
[577.626s][info ][safepoint      ] Safepoint "ParallelGCFailedAllocation", Time since last: 1993500122 ns, Reaching safepoint: 144305 ns, At safepoint: 23827761 ns, Total: 23972066 ns
[580.626s][info ][safepoint      ] Safepoint "Cleanup", Time since last: 3000214427 ns, Reaching safepoint: 49701 ns, At safepoint: 3101 ns, Total: 52802 ns
[581.626s][info ][safepoint      ] Safepoint "Cleanup", Time since last: 1000100451 ns, Reaching safepoint: 54802 ns, At safepoint: 4201 ns, Total: 59003 ns
[583.627s][info ][safepoint      ] Safepoint "Cleanup", Time since last: 2000186316 ns, Reaching safepoint: 64602 ns, At safepoint: 3900 ns, Total: 68502 ns
[584.627s][info ][safepoint      ] Safepoint "Cleanup", Time since last: 1000121866 ns, Reaching safepoint: 66902 ns, At safepoint: 3300 ns, Total: 70202 ns
[585.627s][info ][safepoint      ] Safepoint "Cleanup", Time since last: 1000129870 ns, Reaching safepoint: 59603 ns, At safepoint: 6800 ns, Total: 66403 ns
[585.684s][info ][gc,start       ] GC(88) Pause Young (Allocation Failure)
[585.713s][debug][gc,phases      ] GC(88) Scavenge 29.174ms
[585.713s][debug][gc,ref         ] GC(88) Skipped phase 1 of Reference Processing: no references
[585.714s][debug][gc,ref         ] GC(88) ReferenceProcessor::execute queues: 1, RefProcThreadModel::Single, marks_oops_alive: false
[585.714s][debug][gc,ref         ] GC(88) Skipped phase 3 of Reference Processing: no references
[585.714s][debug][gc,ref         ] GC(88) ReferenceProcessor::execute queues: 1, RefProcThreadModel::Single, marks_oops_alive: false
[585.714s][debug][gc,phases      ] GC(88) Reference Processing 0.136ms
[585.714s][debug][gc,phases      ] GC(88)   VM Weak                        Min:  0.0, Avg:  0.0, Max:  0.0, Diff:  0.0, Sum:  0.0, Workers: 4
[585.714s][debug][gc,phases      ] GC(88)     Dead                           Min: 0, Avg:  0.0, Max: 0, Diff: 0, Sum: 0, Workers: 4
[585.714s][debug][gc,phases      ] GC(88)     Total                          Min: 0, Avg: 195.8, Max: 527, Diff: 527, Sum: 783, Workers: 4
[585.714s][debug][gc,phases      ] GC(88)   ObjectSynchronizer Weak        Min:  0.0, Avg:  0.0, Max:  0.0, Diff:  0.0, Sum:  0.0, Workers: 4
[585.714s][debug][gc,phases      ] GC(88)     Dead                           Min: 0, Avg:  0.0, Max: 0, Diff: 0, Sum: 0, Workers: 4
[585.714s][debug][gc,phases      ] GC(88)     Total                          Min: 0, Avg: 36.0, Max: 80, Diff: 80, Sum: 144, Workers: 4
[585.714s][debug][gc,phases      ] GC(88)   JVMTI Tag Weak OopStorage      Min:  0.0, Avg:  0.0, Max:  0.0, Diff:  0.0, Sum:  0.0, Workers: 4
[585.714s][debug][gc,phases      ] GC(88)     Dead                           Min: 0, Avg:  0.0, Max: 0, Diff: 0, Sum: 0, Workers: 4
[585.714s][debug][gc,phases      ] GC(88)     Total                          Min: 0, Avg:  0.0, Max: 0, Diff: 0, Sum: 0, Workers: 4
[585.714s][debug][gc,phases      ] GC(88)   StringTable Weak               Min:  0.0, Avg:  0.1, Max:  0.2, Diff:  0.2, Sum:  0.5, Workers: 4
[585.714s][debug][gc,phases      ] GC(88)     Dead                           Min: 0, Avg:  0.0, Max: 0, Diff: 0, Sum: 0, Workers: 4
[585.714s][debug][gc,phases      ] GC(88)     Total                          Min: 0, Avg: 10771.8, Max: 15823, Diff: 15823, Sum: 43087, Workers: 4
[585.714s][debug][gc,phases      ] GC(88)   ResolvedMethodTable Weak       Min:  0.0, Avg:  0.0, Max:  0.0, Diff:  0.0, Sum:  0.1, Workers: 4
[585.714s][debug][gc,phases      ] GC(88)     Dead                           Min: 0, Avg:  0.0, Max: 0, Diff: 0, Sum: 0, Workers: 4
[585.714s][debug][gc,phases      ] GC(88)     Total                          Min: 0, Avg: 2233.8, Max: 4335, Diff: 4335, Sum: 8935, Workers: 4
[585.714s][debug][gc,phases      ] GC(88)   JNI Weak                       Min:  0.0, Avg:  0.0, Max:  0.0, Diff:  0.0, Sum:  0.0, Workers: 4
[585.714s][debug][gc,phases      ] GC(88)     Dead                           Min: 0, Avg:  0.0, Max: 0, Diff: 0, Sum: 0, Workers: 4
[585.714s][debug][gc,phases      ] GC(88)     Total                          Min: 0, Avg: 11.2, Max: 45, Diff: 45, Sum: 45, Workers: 4
[585.714s][debug][gc,phases      ] GC(88)   StringDedup Table Weak         Min:  0.0, Avg:  0.0, Max:  0.0, Diff:  0.0, Sum:  0.0, Workers: 4
[585.714s][debug][gc,phases      ] GC(88)     Dead                           Min: 0, Avg:  0.0, Max: 0, Diff: 0, Sum: 0, Workers: 4
[585.714s][debug][gc,phases      ] GC(88)     Total                          Min: 0, Avg:  0.0, Max: 0, Diff: 0, Sum: 0, Workers: 4
[585.714s][debug][gc,phases      ] GC(88)   StringDedup Requests0 Weak     Min:  0.0, Avg:  0.0, Max:  0.0, Diff:  0.0, Sum:  0.0, Workers: 4
[585.714s][debug][gc,phases      ] GC(88)     Dead                           Min: 0, Avg:  0.0, Max: 0, Diff: 0, Sum: 0, Workers: 4
[585.714s][debug][gc,phases      ] GC(88)     Total                          Min: 0, Avg:  0.0, Max: 0, Diff: 0, Sum: 0, Workers: 4
[585.714s][debug][gc,phases      ] GC(88)   StringDedup Requests1 Weak     Min:  0.0, Avg:  0.0, Max:  0.0, Diff:  0.0, Sum:  0.0, Workers: 4
[585.714s][debug][gc,phases      ] GC(88)     Dead                           Min: 0, Avg:  0.0, Max: 0, Diff: 0, Sum: 0, Workers: 4
[585.714s][debug][gc,phases      ] GC(88)     Total                          Min: 0, Avg:  0.0, Max: 0, Diff: 0, Sum: 0, Workers: 4
[585.714s][debug][gc,phases      ] GC(88)   Weak JFR Old Object Samples    Min:  0.0, Avg:  0.0, Max:  0.0, Diff:  0.0, Sum:  0.0, Workers: 4
[585.714s][debug][gc,phases      ] GC(88)     Dead                           Min: 0, Avg:  0.0, Max: 0, Diff: 0, Sum: 0, Workers: 4
[585.714s][debug][gc,phases      ] GC(88)     Total                          Min: 0, Avg:  0.0, Max: 0, Diff: 0, Sum: 0, Workers: 4
[585.714s][debug][gc,phases      ] GC(88) Weak Processing 0.384ms
[585.714s][debug][gc,age         ] GC(88) Desired survivor size 121110528 bytes, new threshold 15 (max threshold 15)
[585.714s][info ][gc,heap        ] GC(88) PSYoungGen: 1891482K(1979392K)->7040K(1975296K) Eden: 1857536K(1857536K)->0K(1857536K) From: 33946K(121856K)->7040K(117760K)
[585.714s][info ][gc,heap        ] GC(88) ParOldGen: 369037K(451584K)->395795K(451584K)
[585.714s][info ][gc,metaspace   ] GC(88) Metaspace: 79178K(80128K)->79178K(80128K) NonClass: 67794K(68352K)->67794K(68352K) Class: 11383K(11776K)->11383K(11776K)
[585.714s][info ][gc             ] GC(88) Pause Young (Allocation Failure) 2207M->393M(2370M) 29.841ms
[585.714s][info ][gc,cpu         ] GC(88) User=0.09s Sys=0.01s Real=0.03s
[585.714s][info ][safepoint      ] Safepoint "ParallelGCFailedAllocation", Time since last: 57189468 ns, Reaching safepoint: 48202 ns, At safepoint: 29922282 ns, Total: 29970484 ns
[591.715s][info ][safepoint      ] Safepoint "Cleanup", Time since last: 6000447301 ns, Reaching safepoint: 58502 ns, At safepoint: 3000 ns, Total: 61502 ns
[593.950s][info ][gc,start       ] GC(89) Pause Young (Allocation Failure)
[593.957s][debug][gc,phases      ] GC(89) Scavenge 6.846ms
[593.957s][debug][gc,ref         ] GC(89) Skipped phase 1 of Reference Processing: no references
[593.957s][debug][gc,ref         ] GC(89) ReferenceProcessor::execute queues: 1, RefProcThreadModel::Single, marks_oops_alive: false
[593.957s][debug][gc,ref         ] GC(89) Skipped phase 3 of Reference Processing: no references
[593.957s][debug][gc,ref         ] GC(89) ReferenceProcessor::execute queues: 1, RefProcThreadModel::Single, marks_oops_alive: false
[593.957s][debug][gc,phases      ] GC(89) Reference Processing 0.100ms
[593.957s][debug][gc,phases      ] GC(89)   VM Weak                        Min:  0.0, Avg:  0.0, Max:  0.0, Diff:  0.0, Sum:  0.0, Workers: 4
[593.957s][debug][gc,phases      ] GC(89)     Dead                           Min: 0, Avg:  0.0, Max: 0, Diff: 0, Sum: 0, Workers: 4
[593.957s][debug][gc,phases      ] GC(89)     Total                          Min: 0, Avg: 195.8, Max: 783, Diff: 783, Sum: 783, Workers: 4
[593.957s][debug][gc,phases      ] GC(89)   ObjectSynchronizer Weak        Min:  0.0, Avg:  0.0, Max:  0.0, Diff:  0.0, Sum:  0.0, Workers: 4
[593.957s][debug][gc,phases      ] GC(89)     Dead                           Min: 0, Avg:  0.0, Max: 0, Diff: 0, Sum: 0, Workers: 4
[593.957s][debug][gc,phases      ] GC(89)     Total                          Min: 0, Avg: 36.0, Max: 128, Diff: 128, Sum: 144, Workers: 4
[593.957s][debug][gc,phases      ] GC(89)   JVMTI Tag Weak OopStorage      Min:  0.0, Avg:  0.0, Max:  0.0, Diff:  0.0, Sum:  0.0, Workers: 4
[593.957s][debug][gc,phases      ] GC(89)     Dead                           Min: 0, Avg:  0.0, Max: 0, Diff: 0, Sum: 0, Workers: 4
[593.957s][debug][gc,phases      ] GC(89)     Total                          Min: 0, Avg:  0.0, Max: 0, Diff: 0, Sum: 0, Workers: 4
[593.957s][debug][gc,phases      ] GC(89)   StringTable Weak               Min:  0.1, Avg:  0.1, Max:  0.1, Diff:  0.0, Sum:  0.5, Workers: 4
[593.957s][debug][gc,phases      ] GC(89)     Dead                           Min: 0, Avg:  0.0, Max: 0, Diff: 0, Sum: 0, Workers: 4
[593.957s][debug][gc,phases      ] GC(89)     Total                          Min: 9920, Avg: 10773.0, Max: 11328, Diff: 1408, Sum: 43092, Workers: 4
[593.957s][debug][gc,phases      ] GC(89)   ResolvedMethodTable Weak       Min:  0.0, Avg:  0.0, Max:  0.0, Diff:  0.0, Sum:  0.1, Workers: 4
[593.957s][debug][gc,phases      ] GC(89)     Dead                           Min: 0, Avg:  0.0, Max: 0, Diff: 0, Sum: 0, Workers: 4
[593.957s][debug][gc,phases      ] GC(89)     Total                          Min: 1984, Avg: 2233.8, Max: 2413, Diff: 429, Sum: 8935, Workers: 4
[593.957s][debug][gc,phases      ] GC(89)   JNI Weak                       Min:  0.0, Avg:  0.0, Max:  0.0, Diff:  0.0, Sum:  0.0, Workers: 4
[593.957s][debug][gc,phases      ] GC(89)     Dead                           Min: 0, Avg:  0.0, Max: 0, Diff: 0, Sum: 0, Workers: 4
[593.957s][debug][gc,phases      ] GC(89)     Total                          Min: 0, Avg: 11.2, Max: 45, Diff: 45, Sum: 45, Workers: 4
[593.957s][debug][gc,phases      ] GC(89)   StringDedup Table Weak         Min:  0.0, Avg:  0.0, Max:  0.0, Diff:  0.0, Sum:  0.0, Workers: 4
[593.957s][debug][gc,phases      ] GC(89)     Dead                           Min: 0, Avg:  0.0, Max: 0, Diff: 0, Sum: 0, Workers: 4
[593.957s][debug][gc,phases      ] GC(89)     Total                          Min: 0, Avg:  0.0, Max: 0, Diff: 0, Sum: 0, Workers: 4
[593.957s][debug][gc,phases      ] GC(89)   StringDedup Requests0 Weak     Min:  0.0, Avg:  0.0, Max:  0.0, Diff:  0.0, Sum:  0.0, Workers: 4
[593.957s][debug][gc,phases      ] GC(89)     Dead                           Min: 0, Avg:  0.0, Max: 0, Diff: 0, Sum: 0, Workers: 4
[593.957s][debug][gc,phases      ] GC(89)     Total                          Min: 0, Avg:  0.0, Max: 0, Diff: 0, Sum: 0, Workers: 4
[593.957s][debug][gc,phases      ] GC(89)   StringDedup Requests1 Weak     Min:  0.0, Avg:  0.0, Max:  0.0, Diff:  0.0, Sum:  0.0, Workers: 4
[593.957s][debug][gc,phases      ] GC(89)     Dead                           Min: 0, Avg:  0.0, Max: 0, Diff: 0, Sum: 0, Workers: 4
[593.957s][debug][gc,phases      ] GC(89)     Total                          Min: 0, Avg:  0.0, Max: 0, Diff: 0, Sum: 0, Workers: 4
[593.957s][debug][gc,phases      ] GC(89)   Weak JFR Old Object Samples    Min:  0.0, Avg:  0.0, Max:  0.0, Diff:  0.0, Sum:  0.0, Workers: 4
[593.957s][debug][gc,phases      ] GC(89)     Dead                           Min: 0, Avg:  0.0, Max: 0, Diff: 0, Sum: 0, Workers: 4
[593.957s][debug][gc,phases      ] GC(89)     Total                          Min: 0, Avg:  0.0, Max: 0, Diff: 0, Sum: 0, Workers: 4
[593.957s][debug][gc,phases      ] GC(89) Weak Processing 0.360ms
[593.957s][debug][gc,age         ] GC(89) Desired survivor size 120586240 bytes, new threshold 15 (max threshold 15)
[593.957s][info ][gc,heap        ] GC(89) PSYoungGen: 1864576K(1975296K)->6224K(1979392K) Eden: 1857536K(1857536K)->0K(1861120K) From: 7040K(117760K)->6224K(118272K)
[593.957s][info ][gc,heap        ] GC(89) ParOldGen: 395795K(451584K)->396811K(451584K)
[593.957s][info ][gc,metaspace   ] GC(89) Metaspace: 79184K(80128K)->79184K(80128K) NonClass: 67799K(68352K)->67799K(68352K) Class: 11384K(11776K)->11384K(11776K)
[593.957s][info ][gc             ] GC(89) Pause Young (Allocation Failure) 2207M->393M(2374M) 7.451ms
[593.957s][info ][gc,cpu         ] GC(89) User=0.02s Sys=0.01s Real=0.00s
[593.957s][info ][safepoint      ] Safepoint "ParallelGCFailedAllocation", Time since last: 2235160710 ns, Reaching safepoint: 117004 ns, At safepoint: 7535773 ns, Total: 7652777 ns
[594.958s][info ][safepoint      ] Safepoint "Cleanup", Time since last: 1000077608 ns, Reaching safepoint: 59502 ns, At safepoint: 3100 ns, Total: 62602 ns
[595.958s][info ][safepoint      ] Safepoint "Cleanup", Time since last: 1000106613 ns, Reaching safepoint: 51202 ns, At safepoint: 3000 ns, Total: 54202 ns
[598.958s][info ][safepoint      ] Safepoint "Cleanup", Time since last: 3000207561 ns, Reaching safepoint: 63802 ns, At safepoint: 3600 ns, Total: 67402 ns
[600.773s][info ][safepoint      ] Safepoint "Cleanup", Time since last: 1815233962 ns, Reaching safepoint: 84803 ns, At safepoint: 4500 ns, Total: 89303 ns
[601.774s][info ][safepoint      ] Safepoint "Cleanup", Time since last: 1000129538 ns, Reaching safepoint: 60902 ns, At safepoint: 2800 ns, Total: 63702 ns
[602.040s][info ][gc,start       ] GC(90) Pause Young (Allocation Failure)
[602.045s][debug][gc,phases      ] GC(90) Scavenge 4.936ms
[602.045s][debug][gc,ref         ] GC(90) Skipped phase 1 of Reference Processing: no references
[602.046s][debug][gc,ref         ] GC(90) ReferenceProcessor::execute queues: 1, RefProcThreadModel::Single, marks_oops_alive: false
[602.046s][debug][gc,ref         ] GC(90) Skipped phase 3 of Reference Processing: no references
[602.046s][debug][gc,ref         ] GC(90) ReferenceProcessor::execute queues: 1, RefProcThreadModel::Single, marks_oops_alive: false
[602.046s][debug][gc,phases      ] GC(90) Reference Processing 0.124ms
[602.046s][debug][gc,phases      ] GC(90)   VM Weak                        Min:  0.0, Avg:  0.0, Max:  0.0, Diff:  0.0, Sum:  0.0, Workers: 4
[602.046s][debug][gc,phases      ] GC(90)     Dead                           Min: 0, Avg:  0.0, Max: 0, Diff: 0, Sum: 0, Workers: 4
[602.046s][debug][gc,phases      ] GC(90)     Total                          Min: 0, Avg: 195.8, Max: 591, Diff: 591, Sum: 783, Workers: 4
[602.046s][debug][gc,phases      ] GC(90)   ObjectSynchronizer Weak        Min:  0.0, Avg:  0.0, Max:  0.0, Diff:  0.0, Sum:  0.0, Workers: 4
[602.046s][debug][gc,phases      ] GC(90)     Dead                           Min: 0, Avg:  0.0, Max: 0, Diff: 0, Sum: 0, Workers: 4
[602.046s][debug][gc,phases      ] GC(90)     Total                          Min: 0, Avg: 36.0, Max: 80, Diff: 80, Sum: 144, Workers: 4
[602.046s][debug][gc,phases      ] GC(90)   JVMTI Tag Weak OopStorage      Min:  0.0, Avg:  0.0, Max:  0.0, Diff:  0.0, Sum:  0.0, Workers: 4
[602.046s][debug][gc,phases      ] GC(90)     Dead                           Min: 0, Avg:  0.0, Max: 0, Diff: 0, Sum: 0, Workers: 4
[602.046s][debug][gc,phases      ] GC(90)     Total                          Min: 0, Avg:  0.0, Max: 0, Diff: 0, Sum: 0, Workers: 4
[602.046s][debug][gc,phases      ] GC(90)   StringTable Weak               Min:  0.0, Avg:  0.1, Max:  0.2, Diff:  0.2, Sum:  0.4, Workers: 4
[602.046s][debug][gc,phases      ] GC(90)     Dead                           Min: 0, Avg:  0.2, Max: 1, Diff: 1, Sum: 1, Workers: 4
[602.046s][debug][gc,phases      ] GC(90)     Total                          Min: 0, Avg: 10773.2, Max: 21631, Diff: 21631, Sum: 43093, Workers: 4
[602.046s][debug][gc,phases      ] GC(90)   ResolvedMethodTable Weak       Min:  0.0, Avg:  0.0, Max:  0.0, Diff:  0.0, Sum:  0.1, Workers: 4
[602.046s][debug][gc,phases      ] GC(90)     Dead                           Min: 0, Avg:  0.0, Max: 0, Diff: 0, Sum: 0, Workers: 4
[602.046s][debug][gc,phases      ] GC(90)     Total                          Min: 0, Avg: 2233.8, Max: 4474, Diff: 4474, Sum: 8935, Workers: 4
[602.046s][debug][gc,phases      ] GC(90)   JNI Weak                       Min:  0.0, Avg:  0.0, Max:  0.0, Diff:  0.0, Sum:  0.0, Workers: 4
[602.046s][debug][gc,phases      ] GC(90)     Dead                           Min: 0, Avg:  0.0, Max: 0, Diff: 0, Sum: 0, Workers: 4
[602.046s][debug][gc,phases      ] GC(90)     Total                          Min: 0, Avg: 11.2, Max: 45, Diff: 45, Sum: 45, Workers: 4
[602.046s][debug][gc,phases      ] GC(90)   StringDedup Table Weak         Min:  0.0, Avg:  0.0, Max:  0.0, Diff:  0.0, Sum:  0.0, Workers: 4
[602.046s][debug][gc,phases      ] GC(90)     Dead                           Min: 0, Avg:  0.0, Max: 0, Diff: 0, Sum: 0, Workers: 4
[602.046s][debug][gc,phases      ] GC(90)     Total                          Min: 0, Avg:  0.0, Max: 0, Diff: 0, Sum: 0, Workers: 4
[602.046s][debug][gc,phases      ] GC(90)   StringDedup Requests0 Weak     Min:  0.0, Avg:  0.0, Max:  0.0, Diff:  0.0, Sum:  0.0, Workers: 4
[602.046s][debug][gc,phases      ] GC(90)     Dead                           Min: 0, Avg:  0.0, Max: 0, Diff: 0, Sum: 0, Workers: 4
[602.046s][debug][gc,phases      ] GC(90)     Total                          Min: 0, Avg:  0.0, Max: 0, Diff: 0, Sum: 0, Workers: 4
[602.046s][debug][gc,phases      ] GC(90)   StringDedup Requests1 Weak     Min:  0.0, Avg:  0.0, Max:  0.0, Diff:  0.0, Sum:  0.0, Workers: 4
[602.046s][debug][gc,phases      ] GC(90)     Dead                           Min: 0, Avg:  0.0, Max: 0, Diff: 0, Sum: 0, Workers: 4
[602.046s][debug][gc,phases      ] GC(90)     Total                          Min: 0, Avg:  0.0, Max: 0, Diff: 0, Sum: 0, Workers: 4
[602.046s][debug][gc,phases      ] GC(90)   Weak JFR Old Object Samples    Min:  0.0, Avg:  0.0, Max:  0.0, Diff:  0.0, Sum:  0.0, Workers: 4
[602.046s][debug][gc,phases      ] GC(90)     Dead                           Min: 0, Avg:  0.0, Max: 0, Diff: 0, Sum: 0, Workers: 4
[602.046s][debug][gc,phases      ] GC(90)     Total                          Min: 0, Avg:  0.0, Max: 0, Diff: 0, Sum: 0, Workers: 4
[602.046s][debug][gc,phases      ] GC(90) Weak Processing 0.483ms
[602.046s][debug][gc,age         ] GC(90) Desired survivor size 118489088 bytes, new threshold 15 (max threshold 15)
[602.046s][info ][gc,heap        ] GC(90) PSYoungGen: 1867344K(1979392K)->5968K(1978880K) Eden: 1861120K(1861120K)->0K(1861120K) From: 6224K(118272K)->5968K(117760K)
[602.046s][info ][gc,heap        ] GC(90) ParOldGen: 396811K(451584K)->397011K(451584K)
[602.046s][info ][gc,metaspace   ] GC(90) Metaspace: 79202K(80128K)->79202K(80128K) NonClass: 67817K(68352K)->67817K(68352K) Class: 11384K(11776K)->11384K(11776K)
[602.046s][info ][gc             ] GC(90) Pause Young (Allocation Failure) 2211M->393M(2373M) 5.693ms
[602.046s][info ][gc,cpu         ] GC(90) User=0.02s Sys=0.00s Real=0.01s
[602.046s][info ][safepoint      ] Safepoint "ParallelGCFailedAllocation", Time since last: 266854871 ns, Reaching safepoint: 34501 ns, At safepoint: 5780909 ns, Total: 5815410 ns
[609.047s][info ][safepoint      ] Safepoint "Cleanup", Time since last: 7000543479 ns, Reaching safepoint: 110904 ns, At safepoint: 7800 ns, Total: 118704 ns
[610.134s][info ][gc,start       ] GC(91) Pause Young (Allocation Failure)
[610.138s][debug][gc,phases      ] GC(91) Scavenge 4.013ms
[610.138s][debug][gc,ref         ] GC(91) Skipped phase 1 of Reference Processing: no references
[610.139s][debug][gc,ref         ] GC(91) ReferenceProcessor::execute queues: 1, RefProcThreadModel::Single, marks_oops_alive: false
[610.139s][debug][gc,ref         ] GC(91) Skipped phase 3 of Reference Processing: no references
[610.139s][debug][gc,ref         ] GC(91) ReferenceProcessor::execute queues: 1, RefProcThreadModel::Single, marks_oops_alive: false
[610.139s][debug][gc,phases      ] GC(91) Reference Processing 0.102ms
[610.139s][debug][gc,phases      ] GC(91)   VM Weak                        Min:  0.0, Avg:  0.0, Max:  0.0, Diff:  0.0, Sum:  0.0, Workers: 4
[610.139s][debug][gc,phases      ] GC(91)     Dead                           Min: 0, Avg:  0.0, Max: 0, Diff: 0, Sum: 0, Workers: 4
[610.139s][debug][gc,phases      ] GC(91)     Total                          Min: 0, Avg: 195.8, Max: 399, Diff: 399, Sum: 783, Workers: 4
[610.139s][debug][gc,phases      ] GC(91)   ObjectSynchronizer Weak        Min:  0.0, Avg:  0.0, Max:  0.0, Diff:  0.0, Sum:  0.0, Workers: 4
[610.139s][debug][gc,phases      ] GC(91)     Dead                           Min: 0, Avg:  0.0, Max: 0, Diff: 0, Sum: 0, Workers: 4
[610.139s][debug][gc,phases      ] GC(91)     Total                          Min: 0, Avg: 36.0, Max: 64, Diff: 64, Sum: 144, Workers: 4
[610.139s][debug][gc,phases      ] GC(91)   JVMTI Tag Weak OopStorage      Min:  0.0, Avg:  0.0, Max:  0.0, Diff:  0.0, Sum:  0.0, Workers: 4
[610.139s][debug][gc,phases      ] GC(91)     Dead                           Min: 0, Avg:  0.0, Max: 0, Diff: 0, Sum: 0, Workers: 4
[610.139s][debug][gc,phases      ] GC(91)     Total                          Min: 0, Avg:  0.0, Max: 0, Diff: 0, Sum: 0, Workers: 4
[610.139s][debug][gc,phases      ] GC(91)   StringTable Weak               Min:  0.1, Avg:  0.1, Max:  0.1, Diff:  0.0, Sum:  0.4, Workers: 4
[610.139s][debug][gc,phases      ] GC(91)     Dead                           Min: 0, Avg:  0.0, Max: 0, Diff: 0, Sum: 0, Workers: 4
[610.139s][debug][gc,phases      ] GC(91)     Total                          Min: 10112, Avg: 10773.2, Max: 11520, Diff: 1408, Sum: 43093, Workers: 4
[610.139s][debug][gc,phases      ] GC(91)   ResolvedMethodTable Weak       Min:  0.0, Avg:  0.0, Max:  0.0, Diff:  0.0, Sum:  0.1, Workers: 4
[610.139s][debug][gc,phases      ] GC(91)     Dead                           Min: 0, Avg:  0.0, Max: 0, Diff: 0, Sum: 0, Workers: 4
[610.139s][debug][gc,phases      ] GC(91)     Total                          Min: 2112, Avg: 2233.8, Max: 2424, Diff: 312, Sum: 8935, Workers: 4
[610.139s][debug][gc,phases      ] GC(91)   JNI Weak                       Min:  0.0, Avg:  0.0, Max:  0.0, Diff:  0.0, Sum:  0.0, Workers: 4
[610.139s][debug][gc,phases      ] GC(91)     Dead                           Min: 0, Avg:  0.0, Max: 0, Diff: 0, Sum: 0, Workers: 4
[610.139s][debug][gc,phases      ] GC(91)     Total                          Min: 0, Avg: 11.2, Max: 45, Diff: 45, Sum: 45, Workers: 4
[610.139s][debug][gc,phases      ] GC(91)   StringDedup Table Weak         Min:  0.0, Avg:  0.0, Max:  0.0, Diff:  0.0, Sum:  0.0, Workers: 4
[610.139s][debug][gc,phases      ] GC(91)     Dead                           Min: 0, Avg:  0.0, Max: 0, Diff: 0, Sum: 0, Workers: 4
[610.139s][debug][gc,phases      ] GC(91)     Total                          Min: 0, Avg:  0.0, Max: 0, Diff: 0, Sum: 0, Workers: 4
[610.139s][debug][gc,phases      ] GC(91)   StringDedup Requests0 Weak     Min:  0.0, Avg:  0.0, Max:  0.0, Diff:  0.0, Sum:  0.0, Workers: 4
[610.139s][debug][gc,phases      ] GC(91)     Dead                           Min: 0, Avg:  0.0, Max: 0, Diff: 0, Sum: 0, Workers: 4
[610.139s][debug][gc,phases      ] GC(91)     Total                          Min: 0, Avg:  0.0, Max: 0, Diff: 0, Sum: 0, Workers: 4
[610.139s][debug][gc,phases      ] GC(91)   StringDedup Requests1 Weak     Min:  0.0, Avg:  0.0, Max:  0.0, Diff:  0.0, Sum:  0.0, Workers: 4
[610.139s][debug][gc,phases      ] GC(91)     Dead                           Min: 0, Avg:  0.0, Max: 0, Diff: 0, Sum: 0, Workers: 4
[610.139s][debug][gc,phases      ] GC(91)     Total                          Min: 0, Avg:  0.0, Max: 0, Diff: 0, Sum: 0, Workers: 4
[610.139s][debug][gc,phases      ] GC(91)   Weak JFR Old Object Samples    Min:  0.0, Avg:  0.0, Max:  0.0, Diff:  0.0, Sum:  0.0, Workers: 4
[610.139s][debug][gc,phases      ] GC(91)     Dead                           Min: 0, Avg:  0.0, Max: 0, Diff: 0, Sum: 0, Workers: 4
[610.139s][debug][gc,phases      ] GC(91)     Total                          Min: 0, Avg:  0.0, Max: 0, Diff: 0, Sum: 0, Workers: 4
[610.139s][debug][gc,phases      ] GC(91) Weak Processing 0.333ms
[610.139s][debug][gc,age         ] GC(91) Desired survivor size 116391936 bytes, new threshold 15 (max threshold 15)
[610.139s][info ][gc,heap        ] GC(91) PSYoungGen: 1867088K(1978880K)->5920K(1983488K) Eden: 1861120K(1861120K)->0K(1867776K) From: 5968K(117760K)->5920K(115712K)
[610.139s][info ][gc,heap        ] GC(91) ParOldGen: 397011K(451584K)->397147K(451584K)
[610.139s][info ][gc,metaspace   ] GC(91) Metaspace: 79206K(80128K)->79206K(80128K) NonClass: 67822K(68352K)->67822K(68352K) Class: 11384K(11776K)->11384K(11776K)
[610.139s][info ][gc             ] GC(91) Pause Young (Allocation Failure) 2211M->393M(2378M) 4.578ms
[610.139s][info ][gc,cpu         ] GC(91) User=0.02s Sys=0.00s Real=0.00s
[610.139s][info ][safepoint      ] Safepoint "ParallelGCFailedAllocation", Time since last: 1087452440 ns, Reaching safepoint: 55502 ns, At safepoint: 4653468 ns, Total: 4708970 ns
[612.139s][info ][safepoint      ] Safepoint "Cleanup", Time since last: 2000134354 ns, Reaching safepoint: 112904 ns, At safepoint: 10500 ns, Total: 123404 ns
[613.140s][info ][safepoint      ] Safepoint "Cleanup", Time since last: 1000133785 ns, Reaching safepoint: 174507 ns, At safepoint: 6700 ns, Total: 181207 ns
[615.140s][info ][safepoint      ] Safepoint "Cleanup", Time since last: 2000198780 ns, Reaching safepoint: 113204 ns, At safepoint: 9100 ns, Total: 122304 ns
[616.140s][info ][safepoint      ] Safepoint "Cleanup", Time since last: 1000124597 ns, Reaching safepoint: 121405 ns, At safepoint: 7700 ns, Total: 129105 ns
[618.192s][info ][gc,start       ] GC(92) Pause Young (Allocation Failure)
[618.200s][debug][gc,phases      ] GC(92) Scavenge 8.381ms
[618.200s][debug][gc,ref         ] GC(92) Skipped phase 1 of Reference Processing: no references
[618.200s][debug][gc,ref         ] GC(92) ReferenceProcessor::execute queues: 1, RefProcThreadModel::Single, marks_oops_alive: false
[618.200s][debug][gc,ref         ] GC(92) Skipped phase 3 of Reference Processing: no references
[618.200s][debug][gc,ref         ] GC(92) ReferenceProcessor::execute queues: 1, RefProcThreadModel::Single, marks_oops_alive: false
[618.200s][debug][gc,phases      ] GC(92) Reference Processing 0.109ms
[618.201s][debug][gc,phases      ] GC(92)   VM Weak                        Min:  0.0, Avg:  0.0, Max:  0.0, Diff:  0.0, Sum:  0.0, Workers: 4
[618.201s][debug][gc,phases      ] GC(92)     Dead                           Min: 0, Avg:  0.0, Max: 0, Diff: 0, Sum: 0, Workers: 4
[618.201s][debug][gc,phases      ] GC(92)     Total                          Min: 0, Avg: 195.8, Max: 463, Diff: 463, Sum: 783, Workers: 4
[618.201s][debug][gc,phases      ] GC(92)   ObjectSynchronizer Weak        Min:  0.0, Avg:  0.0, Max:  0.0, Diff:  0.0, Sum:  0.0, Workers: 4
[618.201s][debug][gc,phases      ] GC(92)     Dead                           Min: 0, Avg:  0.0, Max: 0, Diff: 0, Sum: 0, Workers: 4
[618.201s][debug][gc,phases      ] GC(92)     Total                          Min: 0, Avg: 36.0, Max: 80, Diff: 80, Sum: 144, Workers: 4
[618.201s][debug][gc,phases      ] GC(92)   JVMTI Tag Weak OopStorage      Min:  0.0, Avg:  0.0, Max:  0.0, Diff:  0.0, Sum:  0.0, Workers: 4
[618.201s][debug][gc,phases      ] GC(92)     Dead                           Min: 0, Avg:  0.0, Max: 0, Diff: 0, Sum: 0, Workers: 4
[618.201s][debug][gc,phases      ] GC(92)     Total                          Min: 0, Avg:  0.0, Max: 0, Diff: 0, Sum: 0, Workers: 4
[618.201s][debug][gc,phases      ] GC(92)   StringTable Weak               Min:  0.0, Avg:  0.1, Max:  0.2, Diff:  0.2, Sum:  0.4, Workers: 4
[618.201s][debug][gc,phases      ] GC(92)     Dead                           Min: 0, Avg:  0.0, Max: 0, Diff: 0, Sum: 0, Workers: 4
[618.201s][debug][gc,phases      ] GC(92)     Total                          Min: 0, Avg: 10774.2, Max: 22297, Diff: 22297, Sum: 43097, Workers: 4
[618.201s][debug][gc,phases      ] GC(92)   ResolvedMethodTable Weak       Min:  0.0, Avg:  0.0, Max:  0.0, Diff:  0.0, Sum:  0.1, Workers: 4
[618.201s][debug][gc,phases      ] GC(92)     Dead                           Min: 0, Avg:  0.0, Max: 0, Diff: 0, Sum: 0, Workers: 4
[618.201s][debug][gc,phases      ] GC(92)     Total                          Min: 0, Avg: 2233.8, Max: 4794, Diff: 4794, Sum: 8935, Workers: 4
[618.201s][debug][gc,phases      ] GC(92)   JNI Weak                       Min:  0.0, Avg:  0.0, Max:  0.0, Diff:  0.0, Sum:  0.0, Workers: 4
[618.201s][debug][gc,phases      ] GC(92)     Dead                           Min: 0, Avg:  0.0, Max: 0, Diff: 0, Sum: 0, Workers: 4
[618.201s][debug][gc,phases      ] GC(92)     Total                          Min: 0, Avg: 11.2, Max: 45, Diff: 45, Sum: 45, Workers: 4
[618.201s][debug][gc,phases      ] GC(92)   StringDedup Table Weak         Min:  0.0, Avg:  0.0, Max:  0.0, Diff:  0.0, Sum:  0.0, Workers: 4
[618.201s][debug][gc,phases      ] GC(92)     Dead                           Min: 0, Avg:  0.0, Max: 0, Diff: 0, Sum: 0, Workers: 4
[618.201s][debug][gc,phases      ] GC(92)     Total                          Min: 0, Avg:  0.0, Max: 0, Diff: 0, Sum: 0, Workers: 4
[618.201s][debug][gc,phases      ] GC(92)   StringDedup Requests0 Weak     Min:  0.0, Avg:  0.0, Max:  0.0, Diff:  0.0, Sum:  0.0, Workers: 4
[618.201s][debug][gc,phases      ] GC(92)     Dead                           Min: 0, Avg:  0.0, Max: 0, Diff: 0, Sum: 0, Workers: 4
[618.201s][debug][gc,phases      ] GC(92)     Total                          Min: 0, Avg:  0.0, Max: 0, Diff: 0, Sum: 0, Workers: 4
[618.201s][debug][gc,phases      ] GC(92)   StringDedup Requests1 Weak     Min:  0.0, Avg:  0.0, Max:  0.0, Diff:  0.0, Sum:  0.0, Workers: 4
[618.201s][debug][gc,phases      ] GC(92)     Dead                           Min: 0, Avg:  0.0, Max: 0, Diff: 0, Sum: 0, Workers: 4
[618.201s][debug][gc,phases      ] GC(92)     Total                          Min: 0, Avg:  0.0, Max: 0, Diff: 0, Sum: 0, Workers: 4
[618.201s][debug][gc,phases      ] GC(92)   Weak JFR Old Object Samples    Min:  0.0, Avg:  0.0, Max:  0.0, Diff:  0.0, Sum:  0.0, Workers: 4
[618.201s][debug][gc,phases      ] GC(92)     Dead                           Min: 0, Avg:  0.0, Max: 0, Diff: 0, Sum: 0, Workers: 4
[618.201s][debug][gc,phases      ] GC(92)     Total                          Min: 0, Avg:  0.0, Max: 0, Diff: 0, Sum: 0, Workers: 4
[618.201s][debug][gc,phases      ] GC(92) Weak Processing 0.454ms
[618.201s][debug][gc,age         ] GC(92) Desired survivor size 114294784 bytes, new threshold 15 (max threshold 15)
[618.201s][info ][gc,heap        ] GC(92) PSYoungGen: 1873696K(1983488K)->1184K(1981440K) Eden: 1867776K(1867776K)->0K(1867776K) From: 5920K(115712K)->1184K(113664K)
[618.201s][info ][gc,heap        ] GC(92) ParOldGen: 397147K(451584K)->402091K(451584K)
[618.201s][info ][gc,metaspace   ] GC(92) Metaspace: 79224K(80128K)->79224K(80128K) NonClass: 67839K(68352K)->67839K(68352K) Class: 11384K(11776K)->11384K(11776K)
[618.201s][info ][gc             ] GC(92) Pause Young (Allocation Failure) 2217M->393M(2376M) 9.087ms
[618.201s][info ][gc,cpu         ] GC(92) User=0.03s Sys=0.00s Real=0.00s
[618.201s][info ][safepoint      ] Safepoint "ParallelGCFailedAllocation", Time since last: 2051585870 ns, Reaching safepoint: 79003 ns, At safepoint: 9196333 ns, Total: 9275336 ns
[620.201s][info ][safepoint      ] Safepoint "Cleanup", Time since last: 2000162820 ns, Reaching safepoint: 64902 ns, At safepoint: 3100 ns, Total: 68002 ns
[621.201s][info ][safepoint      ] Safepoint "Cleanup", Time since last: 1000124718 ns, Reaching safepoint: 55202 ns, At safepoint: 3900 ns, Total: 59102 ns
[622.202s][info ][safepoint      ] Safepoint "Cleanup", Time since last: 1000127321 ns, Reaching safepoint: 45002 ns, At safepoint: 3000 ns, Total: 48002 ns
[624.202s][info ][safepoint      ] Safepoint "Cleanup", Time since last: 2000187452 ns, Reaching safepoint: 66903 ns, At safepoint: 9400 ns, Total: 76303 ns
[625.202s][info ][safepoint      ] Safepoint "Cleanup", Time since last: 1000115033 ns, Reaching safepoint: 60102 ns, At safepoint: 3500 ns, Total: 63602 ns
[626.287s][info ][gc,start       ] GC(93) Pause Young (Allocation Failure)
[626.290s][debug][gc,phases      ] GC(93) Scavenge 2.363ms
[626.290s][debug][gc,ref         ] GC(93) Skipped phase 1 of Reference Processing: no references
[626.290s][debug][gc,ref         ] GC(93) ReferenceProcessor::execute queues: 1, RefProcThreadModel::Single, marks_oops_alive: false
[626.290s][debug][gc,ref         ] GC(93) Skipped phase 3 of Reference Processing: no references
[626.290s][debug][gc,ref         ] GC(93) Skipped phase 4 of Reference Processing: no references
[626.290s][debug][gc,phases      ] GC(93) Reference Processing 0.098ms
[626.290s][debug][gc,phases      ] GC(93)   VM Weak                        Min:  0.0, Avg:  0.0, Max:  0.0, Diff:  0.0, Sum:  0.0, Workers: 4
[626.290s][debug][gc,phases      ] GC(93)     Dead                           Min: 0, Avg:  0.0, Max: 0, Diff: 0, Sum: 0, Workers: 4
[626.290s][debug][gc,phases      ] GC(93)     Total                          Min: 0, Avg: 195.8, Max: 719, Diff: 719, Sum: 783, Workers: 4
[626.290s][debug][gc,phases      ] GC(93)   ObjectSynchronizer Weak        Min:  0.0, Avg:  0.0, Max:  0.0, Diff:  0.0, Sum:  0.0, Workers: 4
[626.290s][debug][gc,phases      ] GC(93)     Dead                           Min: 0, Avg:  0.0, Max: 0, Diff: 0, Sum: 0, Workers: 4
[626.290s][debug][gc,phases      ] GC(93)     Total                          Min: 0, Avg: 36.0, Max: 80, Diff: 80, Sum: 144, Workers: 4
[626.290s][debug][gc,phases      ] GC(93)   JVMTI Tag Weak OopStorage      Min:  0.0, Avg:  0.0, Max:  0.0, Diff:  0.0, Sum:  0.0, Workers: 4
[626.290s][debug][gc,phases      ] GC(93)     Dead                           Min: 0, Avg:  0.0, Max: 0, Diff: 0, Sum: 0, Workers: 4
[626.290s][debug][gc,phases      ] GC(93)     Total                          Min: 0, Avg:  0.0, Max: 0, Diff: 0, Sum: 0, Workers: 4
[626.290s][debug][gc,phases      ] GC(93)   StringTable Weak               Min:  0.1, Avg:  0.1, Max:  0.1, Diff:  0.0, Sum:  0.4, Workers: 4
[626.290s][debug][gc,phases      ] GC(93)     Dead                           Min: 0, Avg:  0.0, Max: 0, Diff: 0, Sum: 0, Workers: 4
[626.290s][debug][gc,phases      ] GC(93)     Total                          Min: 9792, Avg: 10774.2, Max: 11583, Diff: 1791, Sum: 43097, Workers: 4
[626.290s][debug][gc,phases      ] GC(93)   ResolvedMethodTable Weak       Min:  0.0, Avg:  0.0, Max:  0.0, Diff:  0.0, Sum:  0.1, Workers: 4
[626.290s][debug][gc,phases      ] GC(93)     Dead                           Min: 0, Avg:  0.0, Max: 0, Diff: 0, Sum: 0, Workers: 4
[626.290s][debug][gc,phases      ] GC(93)     Total                          Min: 1984, Avg: 2233.8, Max: 2479, Diff: 495, Sum: 8935, Workers: 4
[626.290s][debug][gc,phases      ] GC(93)   JNI Weak                       Min:  0.0, Avg:  0.0, Max:  0.0, Diff:  0.0, Sum:  0.0, Workers: 4
[626.290s][debug][gc,phases      ] GC(93)     Dead                           Min: 0, Avg:  0.0, Max: 0, Diff: 0, Sum: 0, Workers: 4
[626.290s][debug][gc,phases      ] GC(93)     Total                          Min: 0, Avg: 11.2, Max: 45, Diff: 45, Sum: 45, Workers: 4
[626.290s][debug][gc,phases      ] GC(93)   StringDedup Table Weak         Min:  0.0, Avg:  0.0, Max:  0.0, Diff:  0.0, Sum:  0.0, Workers: 4
[626.290s][debug][gc,phases      ] GC(93)     Dead                           Min: 0, Avg:  0.0, Max: 0, Diff: 0, Sum: 0, Workers: 4
[626.290s][debug][gc,phases      ] GC(93)     Total                          Min: 0, Avg:  0.0, Max: 0, Diff: 0, Sum: 0, Workers: 4
[626.290s][debug][gc,phases      ] GC(93)   StringDedup Requests0 Weak     Min:  0.0, Avg:  0.0, Max:  0.0, Diff:  0.0, Sum:  0.0, Workers: 4
[626.290s][debug][gc,phases      ] GC(93)     Dead                           Min: 0, Avg:  0.0, Max: 0, Diff: 0, Sum: 0, Workers: 4
[626.290s][debug][gc,phases      ] GC(93)     Total                          Min: 0, Avg:  0.0, Max: 0, Diff: 0, Sum: 0, Workers: 4
[626.290s][debug][gc,phases      ] GC(93)   StringDedup Requests1 Weak     Min:  0.0, Avg:  0.0, Max:  0.0, Diff:  0.0, Sum:  0.0, Workers: 4
[626.290s][debug][gc,phases      ] GC(93)     Dead                           Min: 0, Avg:  0.0, Max: 0, Diff: 0, Sum: 0, Workers: 4
[626.290s][debug][gc,phases      ] GC(93)     Total                          Min: 0, Avg:  0.0, Max: 0, Diff: 0, Sum: 0, Workers: 4
[626.290s][debug][gc,phases      ] GC(93)   Weak JFR Old Object Samples    Min:  0.0, Avg:  0.0, Max:  0.0, Diff:  0.0, Sum:  0.0, Workers: 4
[626.290s][debug][gc,phases      ] GC(93)     Dead                           Min: 0, Avg:  0.0, Max: 0, Diff: 0, Sum: 0, Workers: 4
[626.290s][debug][gc,phases      ] GC(93)     Total                          Min: 0, Avg:  0.0, Max: 0, Diff: 0, Sum: 0, Workers: 4
[626.290s][debug][gc,phases      ] GC(93) Weak Processing 0.321ms
[626.290s][debug][gc,age         ] GC(93) Desired survivor size 111149056 bytes, new threshold 15 (max threshold 15)
[626.290s][info ][gc,heap        ] GC(93) PSYoungGen: 1868960K(1981440K)->1232K(1988608K) Eden: 1867776K(1867776K)->0K(1876992K) From: 1184K(113664K)->1232K(111616K)
[626.290s][info ][gc,heap        ] GC(93) ParOldGen: 402091K(451584K)->402123K(451584K)
[626.290s][info ][gc,metaspace   ] GC(93) Metaspace: 79232K(80128K)->79232K(80128K) NonClass: 67847K(68352K)->67847K(68352K) Class: 11384K(11776K)->11384K(11776K)
[626.290s][info ][gc             ] GC(93) Pause Young (Allocation Failure) 2217M->393M(2383M) 2.921ms
[626.290s][info ][gc,cpu         ] GC(93) User=0.01s Sys=0.00s Real=0.01s
[626.290s][info ][safepoint      ] Safepoint "ParallelGCFailedAllocation", Time since last: 1085017022 ns, Reaching safepoint: 32701 ns, At safepoint: 2995409 ns, Total: 3028110 ns
[630.290s][info ][safepoint      ] Safepoint "Cleanup", Time since last: 4000265781 ns, Reaching safepoint: 125805 ns, At safepoint: 5900 ns, Total: 131705 ns
[634.339s][info ][gc,start       ] GC(94) Pause Young (Allocation Failure)
[634.342s][debug][gc,phases      ] GC(94) Scavenge 3.668ms
[634.342s][debug][gc,ref         ] GC(94) Skipped phase 1 of Reference Processing: no references
[634.343s][debug][gc,ref         ] GC(94) ReferenceProcessor::execute queues: 1, RefProcThreadModel::Single, marks_oops_alive: false
[634.343s][debug][gc,ref         ] GC(94) Skipped phase 3 of Reference Processing: no references
[634.343s][debug][gc,ref         ] GC(94) ReferenceProcessor::execute queues: 1, RefProcThreadModel::Single, marks_oops_alive: false
[634.343s][debug][gc,phases      ] GC(94) Reference Processing 0.102ms
[634.343s][debug][gc,phases      ] GC(94)   VM Weak                        Min:  0.0, Avg:  0.0, Max:  0.0, Diff:  0.0, Sum:  0.0, Workers: 4
[634.343s][debug][gc,phases      ] GC(94)     Dead                           Min: 0, Avg:  0.0, Max: 0, Diff: 0, Sum: 0, Workers: 4
[634.343s][debug][gc,phases      ] GC(94)     Total                          Min: 0, Avg: 195.8, Max: 655, Diff: 655, Sum: 783, Workers: 4
[634.343s][debug][gc,phases      ] GC(94)   ObjectSynchronizer Weak        Min:  0.0, Avg:  0.0, Max:  0.0, Diff:  0.0, Sum:  0.0, Workers: 4
[634.343s][debug][gc,phases      ] GC(94)     Dead                           Min: 0, Avg:  0.0, Max: 0, Diff: 0, Sum: 0, Workers: 4
[634.343s][debug][gc,phases      ] GC(94)     Total                          Min: 0, Avg: 36.0, Max: 64, Diff: 64, Sum: 144, Workers: 4
[634.343s][debug][gc,phases      ] GC(94)   JVMTI Tag Weak OopStorage      Min:  0.0, Avg:  0.0, Max:  0.0, Diff:  0.0, Sum:  0.0, Workers: 4
[634.343s][debug][gc,phases      ] GC(94)     Dead                           Min: 0, Avg:  0.0, Max: 0, Diff: 0, Sum: 0, Workers: 4
[634.343s][debug][gc,phases      ] GC(94)     Total                          Min: 0, Avg:  0.0, Max: 0, Diff: 0, Sum: 0, Workers: 4
[634.343s][debug][gc,phases      ] GC(94)   StringTable Weak               Min:  0.1, Avg:  0.1, Max:  0.1, Diff:  0.0, Sum:  0.4, Workers: 4
[634.343s][debug][gc,phases      ] GC(94)     Dead                           Min: 0, Avg:  0.0, Max: 0, Diff: 0, Sum: 0, Workers: 4
[634.343s][debug][gc,phases      ] GC(94)     Total                          Min: 10176, Avg: 10774.2, Max: 11583, Diff: 1407, Sum: 43097, Workers: 4
[634.343s][debug][gc,phases      ] GC(94)   ResolvedMethodTable Weak       Min:  0.0, Avg:  0.0, Max:  0.0, Diff:  0.0, Sum:  0.1, Workers: 4
[634.343s][debug][gc,phases      ] GC(94)     Dead                           Min: 0, Avg:  0.0, Max: 0, Diff: 0, Sum: 0, Workers: 4
[634.343s][debug][gc,phases      ] GC(94)     Total                          Min: 2112, Avg: 2233.8, Max: 2362, Diff: 250, Sum: 8935, Workers: 4
[634.343s][debug][gc,phases      ] GC(94)   JNI Weak                       Min:  0.0, Avg:  0.0, Max:  0.0, Diff:  0.0, Sum:  0.0, Workers: 4
[634.343s][debug][gc,phases      ] GC(94)     Dead                           Min: 0, Avg:  0.0, Max: 0, Diff: 0, Sum: 0, Workers: 4
[634.343s][debug][gc,phases      ] GC(94)     Total                          Min: 0, Avg: 11.2, Max: 45, Diff: 45, Sum: 45, Workers: 4
[634.343s][debug][gc,phases      ] GC(94)   StringDedup Table Weak         Min:  0.0, Avg:  0.0, Max:  0.0, Diff:  0.0, Sum:  0.0, Workers: 4
[634.343s][debug][gc,phases      ] GC(94)     Dead                           Min: 0, Avg:  0.0, Max: 0, Diff: 0, Sum: 0, Workers: 4
[634.343s][debug][gc,phases      ] GC(94)     Total                          Min: 0, Avg:  0.0, Max: 0, Diff: 0, Sum: 0, Workers: 4
[634.343s][debug][gc,phases      ] GC(94)   StringDedup Requests0 Weak     Min:  0.0, Avg:  0.0, Max:  0.0, Diff:  0.0, Sum:  0.0, Workers: 4
[634.343s][debug][gc,phases      ] GC(94)     Dead                           Min: 0, Avg:  0.0, Max: 0, Diff: 0, Sum: 0, Workers: 4
[634.343s][debug][gc,phases      ] GC(94)     Total                          Min: 0, Avg:  0.0, Max: 0, Diff: 0, Sum: 0, Workers: 4
[634.343s][debug][gc,phases      ] GC(94)   StringDedup Requests1 Weak     Min:  0.0, Avg:  0.0, Max:  0.0, Diff:  0.0, Sum:  0.0, Workers: 4
[634.343s][debug][gc,phases      ] GC(94)     Dead                           Min: 0, Avg:  0.0, Max: 0, Diff: 0, Sum: 0, Workers: 4
[634.343s][debug][gc,phases      ] GC(94)     Total                          Min: 0, Avg:  0.0, Max: 0, Diff: 0, Sum: 0, Workers: 4
[634.343s][debug][gc,phases      ] GC(94)   Weak JFR Old Object Samples    Min:  0.0, Avg:  0.0, Max:  0.0, Diff:  0.0, Sum:  0.0, Workers: 4
[634.343s][debug][gc,phases      ] GC(94)     Dead                           Min: 0, Avg:  0.0, Max: 0, Diff: 0, Sum: 0, Workers: 4
[634.343s][debug][gc,phases      ] GC(94)     Total                          Min: 0, Avg:  0.0, Max: 0, Diff: 0, Sum: 0, Workers: 4
[634.343s][debug][gc,phases      ] GC(94) Weak Processing 0.319ms
[634.343s][debug][gc,age         ] GC(94) Desired survivor size 107479040 bytes, new threshold 15 (max threshold 15)
[634.343s][info ][gc,heap        ] GC(94) PSYoungGen: 1878224K(1988608K)->1232K(1985536K) Eden: 1876992K(1876992K)->0K(1876992K) From: 1232K(111616K)->1232K(108544K)
[634.343s][info ][gc,heap        ] GC(94) ParOldGen: 402123K(451584K)->402155K(451584K)
[634.343s][info ][gc,metaspace   ] GC(94) Metaspace: 79235K(80128K)->79235K(80128K) NonClass: 67850K(68352K)->67850K(68352K) Class: 11384K(11776K)->11384K(11776K)
[634.343s][info ][gc             ] GC(94) Pause Young (Allocation Failure) 2226M->393M(2380M) 4.227ms
[634.343s][info ][gc,cpu         ] GC(94) User=0.02s Sys=0.00s Real=0.01s
[634.343s][info ][safepoint      ] Safepoint "ParallelGCFailedAllocation", Time since last: 4048080983 ns, Reaching safepoint: 51202 ns, At safepoint: 4310057 ns, Total: 4361259 ns
[638.343s][info ][safepoint      ] Safepoint "Cleanup", Time since last: 4000294308 ns, Reaching safepoint: 125005 ns, At safepoint: 7700 ns, Total: 132705 ns
[639.344s][info ][safepoint      ] Safepoint "Cleanup", Time since last: 1000126689 ns, Reaching safepoint: 127804 ns, At safepoint: 8501 ns, Total: 136305 ns
[640.344s][info ][safepoint      ] Safepoint "Cleanup", Time since last: 1000132192 ns, Reaching safepoint: 125205 ns, At safepoint: 6300 ns, Total: 131505 ns
[641.344s][info ][safepoint      ] Safepoint "Cleanup", Time since last: 1000130697 ns, Reaching safepoint: 132505 ns, At safepoint: 9200 ns, Total: 141705 ns
[642.344s][info ][safepoint      ] Safepoint "Cleanup", Time since last: 1000131100 ns, Reaching safepoint: 127105 ns, At safepoint: 7700 ns, Total: 134805 ns
[642.743s][info ][gc,start       ] GC(95) Pause Young (Allocation Failure)
[642.750s][debug][gc,phases      ] GC(95) Scavenge 6.830ms
[642.750s][debug][gc,ref         ] GC(95) Skipped phase 1 of Reference Processing: no references
[642.750s][debug][gc,ref         ] GC(95) ReferenceProcessor::execute queues: 1, RefProcThreadModel::Single, marks_oops_alive: false
[642.750s][debug][gc,ref         ] GC(95) Skipped phase 3 of Reference Processing: no references
[642.750s][debug][gc,ref         ] GC(95) ReferenceProcessor::execute queues: 1, RefProcThreadModel::Single, marks_oops_alive: false
[642.750s][debug][gc,phases      ] GC(95) Reference Processing 0.117ms
[642.751s][debug][gc,phases      ] GC(95)   VM Weak                        Min:  0.0, Avg:  0.0, Max:  0.0, Diff:  0.0, Sum:  0.0, Workers: 4
[642.751s][debug][gc,phases      ] GC(95)     Dead                           Min: 0, Avg:  0.0, Max: 0, Diff: 0, Sum: 0, Workers: 4
[642.751s][debug][gc,phases      ] GC(95)     Total                          Min: 0, Avg: 195.8, Max: 640, Diff: 640, Sum: 783, Workers: 4
[642.751s][debug][gc,phases      ] GC(95)   ObjectSynchronizer Weak        Min:  0.0, Avg:  0.0, Max:  0.0, Diff:  0.0, Sum:  0.0, Workers: 4
[642.751s][debug][gc,phases      ] GC(95)     Dead                           Min: 0, Avg:  0.0, Max: 0, Diff: 0, Sum: 0, Workers: 4
[642.751s][debug][gc,phases      ] GC(95)     Total                          Min: 0, Avg: 36.0, Max: 80, Diff: 80, Sum: 144, Workers: 4
[642.751s][debug][gc,phases      ] GC(95)   JVMTI Tag Weak OopStorage      Min:  0.0, Avg:  0.0, Max:  0.0, Diff:  0.0, Sum:  0.0, Workers: 4
[642.751s][debug][gc,phases      ] GC(95)     Dead                           Min: 0, Avg:  0.0, Max: 0, Diff: 0, Sum: 0, Workers: 4
[642.751s][debug][gc,phases      ] GC(95)     Total                          Min: 0, Avg:  0.0, Max: 0, Diff: 0, Sum: 0, Workers: 4
[642.751s][debug][gc,phases      ] GC(95)   StringTable Weak               Min:  0.0, Avg:  0.1, Max:  0.2, Diff:  0.2, Sum:  0.4, Workers: 4
[642.751s][debug][gc,phases      ] GC(95)     Dead                           Min: 0, Avg:  0.0, Max: 0, Diff: 0, Sum: 0, Workers: 4
[642.751s][debug][gc,phases      ] GC(95)     Total                          Min: 0, Avg: 10774.2, Max: 21632, Diff: 21632, Sum: 43097, Workers: 4
[642.751s][debug][gc,phases      ] GC(95)   ResolvedMethodTable Weak       Min:  0.0, Avg:  0.0, Max:  0.0, Diff:  0.0, Sum:  0.1, Workers: 4
[642.751s][debug][gc,phases      ] GC(95)     Dead                           Min: 0, Avg:  0.0, Max: 0, Diff: 0, Sum: 0, Workers: 4
[642.751s][debug][gc,phases      ] GC(95)     Total                          Min: 0, Avg: 2233.8, Max: 4536, Diff: 4536, Sum: 8935, Workers: 4
[642.751s][debug][gc,phases      ] GC(95)   JNI Weak                       Min:  0.0, Avg:  0.0, Max:  0.0, Diff:  0.0, Sum:  0.0, Workers: 4
[642.751s][debug][gc,phases      ] GC(95)     Dead                           Min: 0, Avg:  0.0, Max: 0, Diff: 0, Sum: 0, Workers: 4
[642.751s][debug][gc,phases      ] GC(95)     Total                          Min: 0, Avg: 11.2, Max: 45, Diff: 45, Sum: 45, Workers: 4
[642.751s][debug][gc,phases      ] GC(95)   StringDedup Table Weak         Min:  0.0, Avg:  0.0, Max:  0.0, Diff:  0.0, Sum:  0.0, Workers: 4
[642.751s][debug][gc,phases      ] GC(95)     Dead                           Min: 0, Avg:  0.0, Max: 0, Diff: 0, Sum: 0, Workers: 4
[642.751s][debug][gc,phases      ] GC(95)     Total                          Min: 0, Avg:  0.0, Max: 0, Diff: 0, Sum: 0, Workers: 4
[642.751s][debug][gc,phases      ] GC(95)   StringDedup Requests0 Weak     Min:  0.0, Avg:  0.0, Max:  0.0, Diff:  0.0, Sum:  0.0, Workers: 4
[642.751s][debug][gc,phases      ] GC(95)     Dead                           Min: 0, Avg:  0.0, Max: 0, Diff: 0, Sum: 0, Workers: 4
[642.751s][debug][gc,phases      ] GC(95)     Total                          Min: 0, Avg:  0.0, Max: 0, Diff: 0, Sum: 0, Workers: 4
[642.751s][debug][gc,phases      ] GC(95)   StringDedup Requests1 Weak     Min:  0.0, Avg:  0.0, Max:  0.0, Diff:  0.0, Sum:  0.0, Workers: 4
[642.751s][debug][gc,phases      ] GC(95)     Dead                           Min: 0, Avg:  0.0, Max: 0, Diff: 0, Sum: 0, Workers: 4
[642.751s][debug][gc,phases      ] GC(95)     Total                          Min: 0, Avg:  0.0, Max: 0, Diff: 0, Sum: 0, Workers: 4
[642.751s][debug][gc,phases      ] GC(95)   Weak JFR Old Object Samples    Min:  0.0, Avg:  0.0, Max:  0.0, Diff:  0.0, Sum:  0.0, Workers: 4
[642.751s][debug][gc,phases      ] GC(95)     Dead                           Min: 0, Avg:  0.0, Max: 0, Diff: 0, Sum: 0, Workers: 4
[642.751s][debug][gc,phases      ] GC(95)     Total                          Min: 0, Avg:  0.0, Max: 0, Diff: 0, Sum: 0, Workers: 4
[642.751s][debug][gc,phases      ] GC(95) Weak Processing 0.498ms
[642.751s][debug][gc,age         ] GC(95) Desired survivor size 103809024 bytes, new threshold 15 (max threshold 15)
[642.751s][info ][gc,heap        ] GC(95) PSYoungGen: 1878224K(1985536K)->1136K(1995776K) Eden: 1876992K(1876992K)->0K(1890816K) From: 1232K(108544K)->1136K(104960K)
[642.751s][info ][gc,heap        ] GC(95) ParOldGen: 402155K(451584K)->402203K(451584K)
[642.751s][info ][gc,metaspace   ] GC(95) Metaspace: 79242K(80128K)->79242K(80128K) NonClass: 67857K(68352K)->67857K(68352K) Class: 11384K(11776K)->11384K(11776K)
[642.751s][info ][gc             ] GC(95) Pause Young (Allocation Failure) 2226M->393M(2390M) 7.601ms
[642.751s][info ][gc,cpu         ] GC(95) User=0.02s Sys=0.00s Real=0.01s
[642.751s][info ][safepoint      ] Safepoint "ParallelGCFailedAllocation", Time since last: 398839417 ns, Reaching safepoint: 46502 ns, At safepoint: 7687280 ns, Total: 7733782 ns
[643.751s][info ][safepoint      ] Safepoint "Cleanup", Time since last: 1000118805 ns, Reaching safepoint: 84203 ns, At safepoint: 3200 ns, Total: 87403 ns
[644.751s][info ][safepoint      ] Safepoint "Cleanup", Time since last: 1000119909 ns, Reaching safepoint: 65903 ns, At safepoint: 3000 ns, Total: 68903 ns
[647.752s][info ][safepoint      ] Safepoint "Cleanup", Time since last: 3000218345 ns, Reaching safepoint: 45602 ns, At safepoint: 3000 ns, Total: 48602 ns
[649.752s][info ][safepoint      ] Safepoint "Cleanup", Time since last: 2000206551 ns, Reaching safepoint: 47702 ns, At safepoint: 3200 ns, Total: 50902 ns
[651.133s][info ][gc,start       ] GC(96) Pause Young (Allocation Failure)
[651.136s][debug][gc,phases      ] GC(96) Scavenge 2.566ms
[651.136s][debug][gc,ref         ] GC(96) Skipped phase 1 of Reference Processing: no references
[651.136s][debug][gc,ref         ] GC(96) ReferenceProcessor::execute queues: 1, RefProcThreadModel::Single, marks_oops_alive: false
[651.136s][debug][gc,ref         ] GC(96) Skipped phase 3 of Reference Processing: no references
[651.136s][debug][gc,ref         ] GC(96) Skipped phase 4 of Reference Processing: no references
[651.136s][debug][gc,phases      ] GC(96) Reference Processing 0.146ms
[651.136s][debug][gc,phases      ] GC(96)   VM Weak                        Min:  0.0, Avg:  0.0, Max:  0.0, Diff:  0.0, Sum:  0.0, Workers: 4
[651.136s][debug][gc,phases      ] GC(96)     Dead                           Min: 0, Avg:  0.0, Max: 0, Diff: 0, Sum: 0, Workers: 4
[651.136s][debug][gc,phases      ] GC(96)     Total                          Min: 0, Avg: 195.8, Max: 704, Diff: 704, Sum: 783, Workers: 4
[651.136s][debug][gc,phases      ] GC(96)   ObjectSynchronizer Weak        Min:  0.0, Avg:  0.0, Max:  0.0, Diff:  0.0, Sum:  0.0, Workers: 4
[651.136s][debug][gc,phases      ] GC(96)     Dead                           Min: 0, Avg:  0.0, Max: 0, Diff: 0, Sum: 0, Workers: 4
[651.136s][debug][gc,phases      ] GC(96)     Total                          Min: 0, Avg: 36.0, Max: 64, Diff: 64, Sum: 144, Workers: 4
[651.136s][debug][gc,phases      ] GC(96)   JVMTI Tag Weak OopStorage      Min:  0.0, Avg:  0.0, Max:  0.0, Diff:  0.0, Sum:  0.0, Workers: 4
[651.136s][debug][gc,phases      ] GC(96)     Dead                           Min: 0, Avg:  0.0, Max: 0, Diff: 0, Sum: 0, Workers: 4
[651.136s][debug][gc,phases      ] GC(96)     Total                          Min: 0, Avg:  0.0, Max: 0, Diff: 0, Sum: 0, Workers: 4
[651.136s][debug][gc,phases      ] GC(96)   StringTable Weak               Min:  0.0, Avg:  0.1, Max:  0.2, Diff:  0.2, Sum:  0.5, Workers: 4
[651.136s][debug][gc,phases      ] GC(96)     Dead                           Min: 0, Avg:  0.0, Max: 0, Diff: 0, Sum: 0, Workers: 4
[651.136s][debug][gc,phases      ] GC(96)     Total                          Min: 0, Avg: 10774.5, Max: 14912, Diff: 14912, Sum: 43098, Workers: 4
[651.136s][debug][gc,phases      ] GC(96)   ResolvedMethodTable Weak       Min:  0.0, Avg:  0.0, Max:  0.0, Diff:  0.0, Sum:  0.1, Workers: 4
[651.136s][debug][gc,phases      ] GC(96)     Dead                           Min: 0, Avg:  0.0, Max: 0, Diff: 0, Sum: 0, Workers: 4
[651.136s][debug][gc,phases      ] GC(96)     Total                          Min: 0, Avg: 2233.8, Max: 3055, Diff: 3055, Sum: 8935, Workers: 4
[651.136s][debug][gc,phases      ] GC(96)   JNI Weak                       Min:  0.0, Avg:  0.0, Max:  0.0, Diff:  0.0, Sum:  0.0, Workers: 4
[651.136s][debug][gc,phases      ] GC(96)     Dead                           Min: 0, Avg:  0.0, Max: 0, Diff: 0, Sum: 0, Workers: 4
[651.136s][debug][gc,phases      ] GC(96)     Total                          Min: 0, Avg: 11.2, Max: 45, Diff: 45, Sum: 45, Workers: 4
[651.136s][debug][gc,phases      ] GC(96)   StringDedup Table Weak         Min:  0.0, Avg:  0.0, Max:  0.0, Diff:  0.0, Sum:  0.0, Workers: 4
[651.136s][debug][gc,phases      ] GC(96)     Dead                           Min: 0, Avg:  0.0, Max: 0, Diff: 0, Sum: 0, Workers: 4
[651.136s][debug][gc,phases      ] GC(96)     Total                          Min: 0, Avg:  0.0, Max: 0, Diff: 0, Sum: 0, Workers: 4
[651.136s][debug][gc,phases      ] GC(96)   StringDedup Requests0 Weak     Min:  0.0, Avg:  0.0, Max:  0.0, Diff:  0.0, Sum:  0.0, Workers: 4
[651.136s][debug][gc,phases      ] GC(96)     Dead                           Min: 0, Avg:  0.0, Max: 0, Diff: 0, Sum: 0, Workers: 4
[651.136s][debug][gc,phases      ] GC(96)     Total                          Min: 0, Avg:  0.0, Max: 0, Diff: 0, Sum: 0, Workers: 4
[651.136s][debug][gc,phases      ] GC(96)   StringDedup Requests1 Weak     Min:  0.0, Avg:  0.0, Max:  0.0, Diff:  0.0, Sum:  0.0, Workers: 4
[651.136s][debug][gc,phases      ] GC(96)     Dead                           Min: 0, Avg:  0.0, Max: 0, Diff: 0, Sum: 0, Workers: 4
[651.136s][debug][gc,phases      ] GC(96)     Total                          Min: 0, Avg:  0.0, Max: 0, Diff: 0, Sum: 0, Workers: 4
[651.136s][debug][gc,phases      ] GC(96)   Weak JFR Old Object Samples    Min:  0.0, Avg:  0.0, Max:  0.0, Diff:  0.0, Sum:  0.0, Workers: 4
[651.136s][debug][gc,phases      ] GC(96)     Dead                           Min: 0, Avg:  0.0, Max: 0, Diff: 0, Sum: 0, Workers: 4
[651.136s][debug][gc,phases      ] GC(96)     Total                          Min: 0, Avg:  0.0, Max: 0, Diff: 0, Sum: 0, Workers: 4
[651.136s][debug][gc,phases      ] GC(96) Weak Processing 0.452ms
[651.136s][debug][gc,age         ] GC(96) Desired survivor size 99614720 bytes, new threshold 15 (max threshold 15)
[651.136s][info ][gc,heap        ] GC(96) PSYoungGen: 1891952K(1995776K)->1152K(1992192K) Eden: 1890816K(1890816K)->0K(1890816K) From: 1136K(104960K)->1152K(101376K)
[651.136s][info ][gc,heap        ] GC(96) ParOldGen: 402203K(451584K)->402235K(451584K)
[651.136s][info ][gc,metaspace   ] GC(96) Metaspace: 79266K(80192K)->79266K(80192K) NonClass: 67881K(68416K)->67881K(68416K) Class: 11384K(11776K)->11384K(11776K)
[651.136s][info ][gc             ] GC(96) Pause Young (Allocation Failure) 2240M->393M(2386M) 3.320ms
[651.136s][info ][gc,cpu         ] GC(96) User=0.01s Sys=0.00s Real=0.00s
[651.136s][info ][safepoint      ] Safepoint "ParallelGCFailedAllocation", Time since last: 1381116612 ns, Reaching safepoint: 58903 ns, At safepoint: 3397023 ns, Total: 3455926 ns
[652.137s][info ][safepoint      ] Safepoint "Cleanup", Time since last: 1000107437 ns, Reaching safepoint: 115104 ns, At safepoint: 7401 ns, Total: 122505 ns
[655.137s][info ][safepoint      ] Safepoint "Cleanup", Time since last: 3000303032 ns, Reaching safepoint: 56702 ns, At safepoint: 7900 ns, Total: 64602 ns
[656.137s][info ][safepoint      ] Safepoint "Cleanup", Time since last: 1000126252 ns, Reaching safepoint: 118605 ns, At safepoint: 7500 ns, Total: 126105 ns
[659.138s][info ][safepoint      ] Safepoint "Cleanup", Time since last: 3000262976 ns, Reaching safepoint: 148205 ns, At safepoint: 9900 ns, Total: 158105 ns
[659.534s][info ][gc,start       ] GC(97) Pause Young (Allocation Failure)
[659.537s][debug][gc,phases      ] GC(97) Scavenge 2.535ms
[659.537s][debug][gc,ref         ] GC(97) Skipped phase 1 of Reference Processing: no references
[659.537s][debug][gc,ref         ] GC(97) ReferenceProcessor::execute queues: 1, RefProcThreadModel::Single, marks_oops_alive: false
[659.537s][debug][gc,ref         ] GC(97) Skipped phase 3 of Reference Processing: no references
[659.537s][debug][gc,ref         ] GC(97) Skipped phase 4 of Reference Processing: no references
[659.537s][debug][gc,phases      ] GC(97) Reference Processing 0.118ms
[659.537s][debug][gc,phases      ] GC(97)   VM Weak                        Min:  0.0, Avg:  0.0, Max:  0.0, Diff:  0.0, Sum:  0.0, Workers: 4
[659.537s][debug][gc,phases      ] GC(97)     Dead                           Min: 0, Avg:  0.0, Max: 0, Diff: 0, Sum: 0, Workers: 4
[659.537s][debug][gc,phases      ] GC(97)     Total                          Min: 0, Avg: 195.8, Max: 463, Diff: 463, Sum: 783, Workers: 4
[659.537s][debug][gc,phases      ] GC(97)   ObjectSynchronizer Weak        Min:  0.0, Avg:  0.0, Max:  0.0, Diff:  0.0, Sum:  0.0, Workers: 4
[659.537s][debug][gc,phases      ] GC(97)     Dead                           Min: 0, Avg:  0.0, Max: 0, Diff: 0, Sum: 0, Workers: 4
[659.537s][debug][gc,phases      ] GC(97)     Total                          Min: 0, Avg: 36.0, Max: 80, Diff: 80, Sum: 144, Workers: 4
[659.537s][debug][gc,phases      ] GC(97)   JVMTI Tag Weak OopStorage      Min:  0.0, Avg:  0.0, Max:  0.0, Diff:  0.0, Sum:  0.0, Workers: 4
[659.537s][debug][gc,phases      ] GC(97)     Dead                           Min: 0, Avg:  0.0, Max: 0, Diff: 0, Sum: 0, Workers: 4
[659.537s][debug][gc,phases      ] GC(97)     Total                          Min: 0, Avg:  0.0, Max: 0, Diff: 0, Sum: 0, Workers: 4
[659.537s][debug][gc,phases      ] GC(97)   StringTable Weak               Min:  0.1, Avg:  0.1, Max:  0.1, Diff:  0.0, Sum:  0.5, Workers: 4
[659.537s][debug][gc,phases      ] GC(97)     Dead                           Min: 0, Avg:  0.0, Max: 0, Diff: 0, Sum: 0, Workers: 4
[659.537s][debug][gc,phases      ] GC(97)     Total                          Min: 9856, Avg: 10774.5, Max: 11520, Diff: 1664, Sum: 43098, Workers: 4
[659.537s][debug][gc,phases      ] GC(97)   ResolvedMethodTable Weak       Min:  0.0, Avg:  0.0, Max:  0.0, Diff:  0.0, Sum:  0.1, Workers: 4
[659.537s][debug][gc,phases      ] GC(97)     Dead                           Min: 0, Avg:  0.0, Max: 0, Diff: 0, Sum: 0, Workers: 4
[659.537s][debug][gc,phases      ] GC(97)     Total                          Min: 1581, Avg: 2233.8, Max: 2880, Diff: 1299, Sum: 8935, Workers: 4
[659.537s][debug][gc,phases      ] GC(97)   JNI Weak                       Min:  0.0, Avg:  0.0, Max:  0.0, Diff:  0.0, Sum:  0.0, Workers: 4
[659.537s][debug][gc,phases      ] GC(97)     Dead                           Min: 0, Avg:  0.0, Max: 0, Diff: 0, Sum: 0, Workers: 4
[659.537s][debug][gc,phases      ] GC(97)     Total                          Min: 0, Avg: 11.2, Max: 45, Diff: 45, Sum: 45, Workers: 4
[659.537s][debug][gc,phases      ] GC(97)   StringDedup Table Weak         Min:  0.0, Avg:  0.0, Max:  0.0, Diff:  0.0, Sum:  0.0, Workers: 4
[659.537s][debug][gc,phases      ] GC(97)     Dead                           Min: 0, Avg:  0.0, Max: 0, Diff: 0, Sum: 0, Workers: 4
[659.537s][debug][gc,phases      ] GC(97)     Total                          Min: 0, Avg:  0.0, Max: 0, Diff: 0, Sum: 0, Workers: 4
[659.537s][debug][gc,phases      ] GC(97)   StringDedup Requests0 Weak     Min:  0.0, Avg:  0.0, Max:  0.0, Diff:  0.0, Sum:  0.0, Workers: 4
[659.537s][debug][gc,phases      ] GC(97)     Dead                           Min: 0, Avg:  0.0, Max: 0, Diff: 0, Sum: 0, Workers: 4
[659.537s][debug][gc,phases      ] GC(97)     Total                          Min: 0, Avg:  0.0, Max: 0, Diff: 0, Sum: 0, Workers: 4
[659.537s][debug][gc,phases      ] GC(97)   StringDedup Requests1 Weak     Min:  0.0, Avg:  0.0, Max:  0.0, Diff:  0.0, Sum:  0.0, Workers: 4
[659.537s][debug][gc,phases      ] GC(97)     Dead                           Min: 0, Avg:  0.0, Max: 0, Diff: 0, Sum: 0, Workers: 4
[659.537s][debug][gc,phases      ] GC(97)     Total                          Min: 0, Avg:  0.0, Max: 0, Diff: 0, Sum: 0, Workers: 4
[659.537s][debug][gc,phases      ] GC(97)   Weak JFR Old Object Samples    Min:  0.0, Avg:  0.0, Max:  0.0, Diff:  0.0, Sum:  0.0, Workers: 4
[659.537s][debug][gc,phases      ] GC(97)     Dead                           Min: 0, Avg:  0.0, Max: 0, Diff: 0, Sum: 0, Workers: 4
[659.537s][debug][gc,phases      ] GC(97)     Total                          Min: 0, Avg:  0.0, Max: 0, Diff: 0, Sum: 0, Workers: 4
[659.537s][debug][gc,phases      ] GC(97) Weak Processing 0.368ms
[659.537s][debug][gc,age         ] GC(97) Desired survivor size 95420416 bytes, new threshold 15 (max threshold 15)
[659.537s][info ][gc,heap        ] GC(97) PSYoungGen: 1891968K(1992192K)->1152K(2003968K) Eden: 1890816K(1890816K)->0K(1906688K) From: 1152K(101376K)->1152K(97280K)
[659.537s][info ][gc,heap        ] GC(97) ParOldGen: 402235K(451584K)->402267K(451584K)
[659.537s][info ][gc,metaspace   ] GC(97) Metaspace: 79278K(80192K)->79278K(80192K) NonClass: 67893K(68416K)->67893K(68416K) Class: 11384K(11776K)->11384K(11776K)
[659.537s][info ][gc             ] GC(97) Pause Young (Allocation Failure) 2240M->393M(2398M) 3.177ms
[659.537s][info ][gc,cpu         ] GC(97) User=0.02s Sys=0.00s Real=0.00s
[659.537s][info ][safepoint      ] Safepoint "ParallelGCFailedAllocation", Time since last: 396291649 ns, Reaching safepoint: 54902 ns, At safepoint: 3269220 ns, Total: 3324122 ns
[665.538s][info ][safepoint      ] Safepoint "Cleanup", Time since last: 6000424156 ns, Reaching safepoint: 158306 ns, At safepoint: 8900 ns, Total: 167206 ns
[667.986s][info ][gc,start       ] GC(98) Pause Young (Allocation Failure)
[667.988s][debug][gc,phases      ] GC(98) Scavenge 2.182ms
[667.988s][debug][gc,ref         ] GC(98) Skipped phase 1 of Reference Processing: no references
[667.988s][debug][gc,ref         ] GC(98) ReferenceProcessor::execute queues: 1, RefProcThreadModel::Single, marks_oops_alive: false
[667.988s][debug][gc,ref         ] GC(98) Skipped phase 3 of Reference Processing: no references
[667.988s][debug][gc,ref         ] GC(98) Skipped phase 4 of Reference Processing: no references
[667.988s][debug][gc,phases      ] GC(98) Reference Processing 0.101ms
[667.988s][debug][gc,phases      ] GC(98)   VM Weak                        Min:  0.0, Avg:  0.0, Max:  0.0, Diff:  0.0, Sum:  0.0, Workers: 4
[667.988s][debug][gc,phases      ] GC(98)     Dead                           Min: 0, Avg:  0.0, Max: 0, Diff: 0, Sum: 0, Workers: 4
[667.988s][debug][gc,phases      ] GC(98)     Total                          Min: 0, Avg: 195.8, Max: 783, Diff: 783, Sum: 783, Workers: 4
[667.988s][debug][gc,phases      ] GC(98)   ObjectSynchronizer Weak        Min:  0.0, Avg:  0.0, Max:  0.0, Diff:  0.0, Sum:  0.0, Workers: 4
[667.988s][debug][gc,phases      ] GC(98)     Dead                           Min: 0, Avg:  0.0, Max: 0, Diff: 0, Sum: 0, Workers: 4
[667.988s][debug][gc,phases      ] GC(98)     Total                          Min: 0, Avg: 36.0, Max: 80, Diff: 80, Sum: 144, Workers: 4
[667.988s][debug][gc,phases      ] GC(98)   JVMTI Tag Weak OopStorage      Min:  0.0, Avg:  0.0, Max:  0.0, Diff:  0.0, Sum:  0.0, Workers: 4
[667.988s][debug][gc,phases      ] GC(98)     Dead                           Min: 0, Avg:  0.0, Max: 0, Diff: 0, Sum: 0, Workers: 4
[667.988s][debug][gc,phases      ] GC(98)     Total                          Min: 0, Avg:  0.0, Max: 0, Diff: 0, Sum: 0, Workers: 4
[667.988s][debug][gc,phases      ] GC(98)   StringTable Weak               Min:  0.1, Avg:  0.1, Max:  0.1, Diff:  0.0, Sum:  0.4, Workers: 4
[667.988s][debug][gc,phases      ] GC(98)     Dead                           Min: 0, Avg:  0.0, Max: 0, Diff: 0, Sum: 0, Workers: 4
[667.988s][debug][gc,phases      ] GC(98)     Total                          Min: 10112, Avg: 10774.5, Max: 11803, Diff: 1691, Sum: 43098, Workers: 4
[667.988s][debug][gc,phases      ] GC(98)   ResolvedMethodTable Weak       Min:  0.0, Avg:  0.0, Max:  0.0, Diff:  0.0, Sum:  0.1, Workers: 4
[667.988s][debug][gc,phases      ] GC(98)     Dead                           Min: 0, Avg:  0.0, Max: 0, Diff: 0, Sum: 0, Workers: 4
[667.988s][debug][gc,phases      ] GC(98)     Total                          Min: 1978, Avg: 2233.8, Max: 2558, Diff: 580, Sum: 8935, Workers: 4
[667.988s][debug][gc,phases      ] GC(98)   JNI Weak                       Min:  0.0, Avg:  0.0, Max:  0.0, Diff:  0.0, Sum:  0.0, Workers: 4
[667.988s][debug][gc,phases      ] GC(98)     Dead                           Min: 0, Avg:  0.0, Max: 0, Diff: 0, Sum: 0, Workers: 4
[667.988s][debug][gc,phases      ] GC(98)     Total                          Min: 0, Avg: 11.2, Max: 45, Diff: 45, Sum: 45, Workers: 4
[667.988s][debug][gc,phases      ] GC(98)   StringDedup Table Weak         Min:  0.0, Avg:  0.0, Max:  0.0, Diff:  0.0, Sum:  0.0, Workers: 4
[667.988s][debug][gc,phases      ] GC(98)     Dead                           Min: 0, Avg:  0.0, Max: 0, Diff: 0, Sum: 0, Workers: 4
[667.988s][debug][gc,phases      ] GC(98)     Total                          Min: 0, Avg:  0.0, Max: 0, Diff: 0, Sum: 0, Workers: 4
[667.988s][debug][gc,phases      ] GC(98)   StringDedup Requests0 Weak     Min:  0.0, Avg:  0.0, Max:  0.0, Diff:  0.0, Sum:  0.0, Workers: 4
[667.988s][debug][gc,phases      ] GC(98)     Dead                           Min: 0, Avg:  0.0, Max: 0, Diff: 0, Sum: 0, Workers: 4
[667.988s][debug][gc,phases      ] GC(98)     Total                          Min: 0, Avg:  0.0, Max: 0, Diff: 0, Sum: 0, Workers: 4
[667.988s][debug][gc,phases      ] GC(98)   StringDedup Requests1 Weak     Min:  0.0, Avg:  0.0, Max:  0.0, Diff:  0.0, Sum:  0.0, Workers: 4
[667.988s][debug][gc,phases      ] GC(98)     Dead                           Min: 0, Avg:  0.0, Max: 0, Diff: 0, Sum: 0, Workers: 4
[667.988s][debug][gc,phases      ] GC(98)     Total                          Min: 0, Avg:  0.0, Max: 0, Diff: 0, Sum: 0, Workers: 4
[667.988s][debug][gc,phases      ] GC(98)   Weak JFR Old Object Samples    Min:  0.0, Avg:  0.0, Max:  0.0, Diff:  0.0, Sum:  0.0, Workers: 4
[667.988s][debug][gc,phases      ] GC(98)     Dead                           Min: 0, Avg:  0.0, Max: 0, Diff: 0, Sum: 0, Workers: 4
[667.988s][debug][gc,phases      ] GC(98)     Total                          Min: 0, Avg:  0.0, Max: 0, Diff: 0, Sum: 0, Workers: 4
[667.988s][debug][gc,phases      ] GC(98) Weak Processing 0.323ms
[667.988s][debug][gc,age         ] GC(98) Desired survivor size 90701824 bytes, new threshold 15 (max threshold 15)
[667.988s][info ][gc,heap        ] GC(98) PSYoungGen: 1907840K(2003968K)->1072K(1999872K) Eden: 1906688K(1906688K)->0K(1906688K) From: 1152K(97280K)->1072K(93184K)
[667.988s][info ][gc,heap        ] GC(98) ParOldGen: 402267K(451584K)->402339K(451584K)
[667.988s][info ][gc,metaspace   ] GC(98) Metaspace: 79280K(80192K)->79280K(80192K) NonClass: 67895K(68416K)->67895K(68416K) Class: 11384K(11776K)->11384K(11776K)
[667.988s][info ][gc             ] GC(98) Pause Young (Allocation Failure) 2255M->393M(2394M) 2.726ms
[667.988s][info ][gc,cpu         ] GC(98) User=0.01s Sys=0.00s Real=0.00s
[667.988s][info ][safepoint      ] Safepoint "ParallelGCFailedAllocation", Time since last: 2447703914 ns, Reaching safepoint: 31602 ns, At safepoint: 2797502 ns, Total: 2829104 ns
[670.989s][info ][safepoint      ] Safepoint "Cleanup", Time since last: 3000250505 ns, Reaching safepoint: 117105 ns, At safepoint: 7800 ns, Total: 124905 ns
[671.989s][info ][safepoint      ] Safepoint "Cleanup", Time since last: 1000141311 ns, Reaching safepoint: 85103 ns, At safepoint: 5801 ns, Total: 90904 ns
[674.989s][info ][safepoint      ] Safepoint "Cleanup", Time since last: 3000223248 ns, Reaching safepoint: 122004 ns, At safepoint: 10201 ns, Total: 132205 ns
[676.543s][info ][gc,start       ] GC(99) Pause Young (Allocation Failure)
[676.547s][debug][gc,phases      ] GC(99) Scavenge 4.306ms
[676.547s][debug][gc,ref         ] GC(99) Skipped phase 1 of Reference Processing: no references
[676.547s][debug][gc,ref         ] GC(99) ReferenceProcessor::execute queues: 1, RefProcThreadModel::Single, marks_oops_alive: false
[676.547s][debug][gc,ref         ] GC(99) Skipped phase 3 of Reference Processing: no references
[676.547s][debug][gc,ref         ] GC(99) ReferenceProcessor::execute queues: 1, RefProcThreadModel::Single, marks_oops_alive: false
[676.547s][debug][gc,phases      ] GC(99) Reference Processing 0.095ms
[676.547s][debug][gc,phases      ] GC(99)   VM Weak                        Min:  0.0, Avg:  0.0, Max:  0.0, Diff:  0.0, Sum:  0.0, Workers: 4
[676.547s][debug][gc,phases      ] GC(99)     Dead                           Min: 0, Avg:  0.0, Max: 0, Diff: 0, Sum: 0, Workers: 4
[676.547s][debug][gc,phases      ] GC(99)     Total                          Min: 0, Avg: 195.8, Max: 591, Diff: 591, Sum: 783, Workers: 4
[676.547s][debug][gc,phases      ] GC(99)   ObjectSynchronizer Weak        Min:  0.0, Avg:  0.0, Max:  0.0, Diff:  0.0, Sum:  0.0, Workers: 4
[676.547s][debug][gc,phases      ] GC(99)     Dead                           Min: 0, Avg:  0.0, Max: 0, Diff: 0, Sum: 0, Workers: 4
[676.547s][debug][gc,phases      ] GC(99)     Total                          Min: 0, Avg: 36.0, Max: 64, Diff: 64, Sum: 144, Workers: 4
[676.547s][debug][gc,phases      ] GC(99)   JVMTI Tag Weak OopStorage      Min:  0.0, Avg:  0.0, Max:  0.0, Diff:  0.0, Sum:  0.0, Workers: 4
[676.547s][debug][gc,phases      ] GC(99)     Dead                           Min: 0, Avg:  0.0, Max: 0, Diff: 0, Sum: 0, Workers: 4
[676.547s][debug][gc,phases      ] GC(99)     Total                          Min: 0, Avg:  0.0, Max: 0, Diff: 0, Sum: 0, Workers: 4
[676.547s][debug][gc,phases      ] GC(99)   StringTable Weak               Min:  0.0, Avg:  0.1, Max:  0.1, Diff:  0.1, Sum:  0.4, Workers: 4
[676.547s][debug][gc,phases      ] GC(99)     Dead                           Min: 0, Avg:  0.0, Max: 0, Diff: 0, Sum: 0, Workers: 4
[676.547s][debug][gc,phases      ] GC(99)     Total                          Min: 0, Avg: 10774.5, Max: 16219, Diff: 16219, Sum: 43098, Workers: 4
[676.547s][debug][gc,phases      ] GC(99)   ResolvedMethodTable Weak       Min:  0.0, Avg:  0.0, Max:  0.0, Diff:  0.0, Sum:  0.1, Workers: 4
[676.547s][debug][gc,phases      ] GC(99)     Dead                           Min: 0, Avg:  0.0, Max: 0, Diff: 0, Sum: 0, Workers: 4
[676.547s][debug][gc,phases      ] GC(99)     Total                          Min: 0, Avg: 2233.8, Max: 3823, Diff: 3823, Sum: 8935, Workers: 4
[676.547s][debug][gc,phases      ] GC(99)   JNI Weak                       Min:  0.0, Avg:  0.0, Max:  0.0, Diff:  0.0, Sum:  0.0, Workers: 4
[676.547s][debug][gc,phases      ] GC(99)     Dead                           Min: 0, Avg:  0.0, Max: 0, Diff: 0, Sum: 0, Workers: 4
[676.547s][debug][gc,phases      ] GC(99)     Total                          Min: 0, Avg: 11.2, Max: 45, Diff: 45, Sum: 45, Workers: 4
[676.547s][debug][gc,phases      ] GC(99)   StringDedup Table Weak         Min:  0.0, Avg:  0.0, Max:  0.0, Diff:  0.0, Sum:  0.0, Workers: 4
[676.547s][debug][gc,phases      ] GC(99)     Dead                           Min: 0, Avg:  0.0, Max: 0, Diff: 0, Sum: 0, Workers: 4
[676.547s][debug][gc,phases      ] GC(99)     Total                          Min: 0, Avg:  0.0, Max: 0, Diff: 0, Sum: 0, Workers: 4
[676.547s][debug][gc,phases      ] GC(99)   StringDedup Requests0 Weak     Min:  0.0, Avg:  0.0, Max:  0.0, Diff:  0.0, Sum:  0.0, Workers: 4
[676.547s][debug][gc,phases      ] GC(99)     Dead                           Min: 0, Avg:  0.0, Max: 0, Diff: 0, Sum: 0, Workers: 4
[676.547s][debug][gc,phases      ] GC(99)     Total                          Min: 0, Avg:  0.0, Max: 0, Diff: 0, Sum: 0, Workers: 4
[676.547s][debug][gc,phases      ] GC(99)   StringDedup Requests1 Weak     Min:  0.0, Avg:  0.0, Max:  0.0, Diff:  0.0, Sum:  0.0, Workers: 4
[676.548s][debug][gc,phases      ] GC(99)     Dead                           Min: 0, Avg:  0.0, Max: 0, Diff: 0, Sum: 0, Workers: 4
[676.548s][debug][gc,phases      ] GC(99)     Total                          Min: 0, Avg:  0.0, Max: 0, Diff: 0, Sum: 0, Workers: 4
[676.548s][debug][gc,phases      ] GC(99)   Weak JFR Old Object Samples    Min:  0.0, Avg:  0.0, Max:  0.0, Diff:  0.0, Sum:  0.0, Workers: 4
[676.548s][debug][gc,phases      ] GC(99)     Dead                           Min: 0, Avg:  0.0, Max: 0, Diff: 0, Sum: 0, Workers: 4
[676.548s][debug][gc,phases      ] GC(99)     Total                          Min: 0, Avg:  0.0, Max: 0, Diff: 0, Sum: 0, Workers: 4
[676.548s][debug][gc,phases      ] GC(99) Weak Processing 0.352ms
[676.548s][debug][gc,age         ] GC(99) Desired survivor size 86507520 bytes, new threshold 15 (max threshold 15)
[676.548s][info ][gc,heap        ] GC(99) PSYoungGen: 1907760K(1999872K)->1104K(2012672K) Eden: 1906688K(1906688K)->0K(1924096K) From: 1072K(93184K)->1104K(88576K)
[676.548s][info ][gc,heap        ] GC(99) ParOldGen: 402339K(451584K)->402371K(451584K)
[676.548s][info ][gc,metaspace   ] GC(99) Metaspace: 79290K(80192K)->79290K(80192K) NonClass: 67905K(68416K)->67905K(68416K) Class: 11384K(11776K)->11384K(11776K)
[676.548s][info ][gc             ] GC(99) Pause Young (Allocation Failure) 2255M->394M(2406M) 4.920ms
[676.548s][info ][gc,cpu         ] GC(99) User=0.02s Sys=0.00s Real=0.00s
[676.548s][info ][safepoint      ] Safepoint "ParallelGCFailedAllocation", Time since last: 1553095921 ns, Reaching safepoint: 44202 ns, At safepoint: 5005982 ns, Total: 5050184 ns
[681.548s][info ][safepoint      ] Safepoint "Cleanup", Time since last: 5000414482 ns, Reaching safepoint: 146005 ns, At safepoint: 18801 ns, Total: 164806 ns
[685.088s][info ][gc,start       ] GC(100) Pause Young (Allocation Failure)
[685.091s][debug][gc,phases      ] GC(100) Scavenge 2.838ms
[685.091s][debug][gc,ref         ] GC(100) Skipped phase 1 of Reference Processing: no references
[685.091s][debug][gc,ref         ] GC(100) Skipped phase 2 of Reference Processing: no references
[685.091s][debug][gc,ref         ] GC(100) Skipped phase 3 of Reference Processing: no references
[685.091s][debug][gc,ref         ] GC(100) ReferenceProcessor::execute queues: 1, RefProcThreadModel::Single, marks_oops_alive: false
[685.091s][debug][gc,phases      ] GC(100) Reference Processing 0.095ms
[685.091s][debug][gc,phases      ] GC(100)   VM Weak                        Min:  0.0, Avg:  0.0, Max:  0.0, Diff:  0.0, Sum:  0.0, Workers: 4
[685.091s][debug][gc,phases      ] GC(100)     Dead                           Min: 0, Avg:  0.0, Max: 0, Diff: 0, Sum: 0, Workers: 4
[685.091s][debug][gc,phases      ] GC(100)     Total                          Min: 0, Avg: 195.8, Max: 512, Diff: 512, Sum: 783, Workers: 4
[685.091s][debug][gc,phases      ] GC(100)   ObjectSynchronizer Weak        Min:  0.0, Avg:  0.0, Max:  0.0, Diff:  0.0, Sum:  0.0, Workers: 4
[685.091s][debug][gc,phases      ] GC(100)     Dead                           Min: 0, Avg:  0.0, Max: 0, Diff: 0, Sum: 0, Workers: 4
[685.091s][debug][gc,phases      ] GC(100)     Total                          Min: 0, Avg: 36.0, Max: 80, Diff: 80, Sum: 144, Workers: 4
[685.091s][debug][gc,phases      ] GC(100)   JVMTI Tag Weak OopStorage      Min:  0.0, Avg:  0.0, Max:  0.0, Diff:  0.0, Sum:  0.0, Workers: 4
[685.091s][debug][gc,phases      ] GC(100)     Dead                           Min: 0, Avg:  0.0, Max: 0, Diff: 0, Sum: 0, Workers: 4
[685.091s][debug][gc,phases      ] GC(100)     Total                          Min: 0, Avg:  0.0, Max: 0, Diff: 0, Sum: 0, Workers: 4
[685.091s][debug][gc,phases      ] GC(100)   StringTable Weak               Min:  0.1, Avg:  0.1, Max:  0.1, Diff:  0.0, Sum:  0.4, Workers: 4
[685.091s][debug][gc,phases      ] GC(100)     Dead                           Min: 0, Avg:  0.0, Max: 0, Diff: 0, Sum: 0, Workers: 4
[685.091s][debug][gc,phases      ] GC(100)     Total                          Min: 10240, Avg: 10774.5, Max: 11584, Diff: 1344, Sum: 43098, Workers: 4
[685.091s][debug][gc,phases      ] GC(100)   ResolvedMethodTable Weak       Min:  0.0, Avg:  0.0, Max:  0.0, Diff:  0.0, Sum:  0.1, Workers: 4
[685.091s][debug][gc,phases      ] GC(100)     Dead                           Min: 0, Avg:  0.0, Max: 0, Diff: 0, Sum: 0, Workers: 4
[685.091s][debug][gc,phases      ] GC(100)     Total                          Min: 1274, Avg: 2233.8, Max: 2688, Diff: 1414, Sum: 8935, Workers: 4
[685.091s][debug][gc,phases      ] GC(100)   JNI Weak                       Min:  0.0, Avg:  0.0, Max:  0.0, Diff:  0.0, Sum:  0.0, Workers: 4
[685.091s][debug][gc,phases      ] GC(100)     Dead                           Min: 0, Avg:  0.0, Max: 0, Diff: 0, Sum: 0, Workers: 4
[685.091s][debug][gc,phases      ] GC(100)     Total                          Min: 0, Avg: 11.2, Max: 45, Diff: 45, Sum: 45, Workers: 4
[685.091s][debug][gc,phases      ] GC(100)   StringDedup Table Weak         Min:  0.0, Avg:  0.0, Max:  0.0, Diff:  0.0, Sum:  0.0, Workers: 4
[685.091s][debug][gc,phases      ] GC(100)     Dead                           Min: 0, Avg:  0.0, Max: 0, Diff: 0, Sum: 0, Workers: 4
[685.091s][debug][gc,phases      ] GC(100)     Total                          Min: 0, Avg:  0.0, Max: 0, Diff: 0, Sum: 0, Workers: 4
[685.091s][debug][gc,phases      ] GC(100)   StringDedup Requests0 Weak     Min:  0.0, Avg:  0.0, Max:  0.0, Diff:  0.0, Sum:  0.0, Workers: 4
[685.091s][debug][gc,phases      ] GC(100)     Dead                           Min: 0, Avg:  0.0, Max: 0, Diff: 0, Sum: 0, Workers: 4
[685.091s][debug][gc,phases      ] GC(100)     Total                          Min: 0, Avg:  0.0, Max: 0, Diff: 0, Sum: 0, Workers: 4
[685.091s][debug][gc,phases      ] GC(100)   StringDedup Requests1 Weak     Min:  0.0, Avg:  0.0, Max:  0.0, Diff:  0.0, Sum:  0.0, Workers: 4
[685.091s][debug][gc,phases      ] GC(100)     Dead                           Min: 0, Avg:  0.0, Max: 0, Diff: 0, Sum: 0, Workers: 4
[685.091s][debug][gc,phases      ] GC(100)     Total                          Min: 0, Avg:  0.0, Max: 0, Diff: 0, Sum: 0, Workers: 4
[685.091s][debug][gc,phases      ] GC(100)   Weak JFR Old Object Samples    Min:  0.0, Avg:  0.0, Max:  0.0, Diff:  0.0, Sum:  0.0, Workers: 4
[685.091s][debug][gc,phases      ] GC(100)     Dead                           Min: 0, Avg:  0.0, Max: 0, Diff: 0, Sum: 0, Workers: 4
[685.091s][debug][gc,phases      ] GC(100)     Total                          Min: 0, Avg:  0.0, Max: 0, Diff: 0, Sum: 0, Workers: 4
[685.091s][debug][gc,phases      ] GC(100) Weak Processing 0.316ms
[685.091s][debug][gc,age         ] GC(100) Desired survivor size 81788928 bytes, new threshold 15 (max threshold 15)
[685.091s][info ][gc,heap        ] GC(100) PSYoungGen: 1925200K(2012672K)->1024K(2008576K) Eden: 1924096K(1924096K)->0K(1924096K) From: 1104K(88576K)->1024K(84480K)
[685.091s][info ][gc,heap        ] GC(100) ParOldGen: 402371K(451584K)->402439K(451584K)
[685.091s][info ][gc,metaspace   ] GC(100) Metaspace: 79296K(80192K)->79296K(80192K) NonClass: 67911K(68416K)->67911K(68416K) Class: 11384K(11776K)->11384K(11776K)
[685.091s][info ][gc             ] GC(100) Pause Young (Allocation Failure) 2273M->394M(2402M) 3.384ms
[685.092s][info ][gc,cpu         ] GC(100) User=0.01s Sys=0.00s Real=0.01s
[685.092s][info ][safepoint      ] Safepoint "ParallelGCFailedAllocation", Time since last: 3539835076 ns, Reaching safepoint: 37201 ns, At safepoint: 3471927 ns, Total: 3509128 ns
[693.691s][info ][gc,start       ] GC(101) Pause Young (Allocation Failure)
[693.693s][debug][gc,phases      ] GC(101) Scavenge 2.119ms
[693.693s][debug][gc,ref         ] GC(101) Skipped phase 1 of Reference Processing: no references
[693.693s][debug][gc,ref         ] GC(101) Skipped phase 2 of Reference Processing: no references
[693.693s][debug][gc,ref         ] GC(101) Skipped phase 3 of Reference Processing: no references
[693.693s][debug][gc,ref         ] GC(101) Skipped phase 4 of Reference Processing: no references
[693.693s][debug][gc,phases      ] GC(101) Reference Processing 0.023ms
[693.693s][debug][gc,phases      ] GC(101)   VM Weak                        Min:  0.0, Avg:  0.0, Max:  0.0, Diff:  0.0, Sum:  0.0, Workers: 4
[693.693s][debug][gc,phases      ] GC(101)     Dead                           Min: 0, Avg:  0.0, Max: 0, Diff: 0, Sum: 0, Workers: 4
[693.693s][debug][gc,phases      ] GC(101)     Total                          Min: 0, Avg: 195.8, Max: 512, Diff: 512, Sum: 783, Workers: 4
[693.693s][debug][gc,phases      ] GC(101)   ObjectSynchronizer Weak        Min:  0.0, Avg:  0.0, Max:  0.0, Diff:  0.0, Sum:  0.0, Workers: 4
[693.693s][debug][gc,phases      ] GC(101)     Dead                           Min: 0, Avg:  0.0, Max: 0, Diff: 0, Sum: 0, Workers: 4
[693.693s][debug][gc,phases      ] GC(101)     Total                          Min: 0, Avg: 36.0, Max: 80, Diff: 80, Sum: 144, Workers: 4
[693.693s][debug][gc,phases      ] GC(101)   JVMTI Tag Weak OopStorage      Min:  0.0, Avg:  0.0, Max:  0.0, Diff:  0.0, Sum:  0.0, Workers: 4
[693.693s][debug][gc,phases      ] GC(101)     Dead                           Min: 0, Avg:  0.0, Max: 0, Diff: 0, Sum: 0, Workers: 4
[693.693s][debug][gc,phases      ] GC(101)     Total                          Min: 0, Avg:  0.0, Max: 0, Diff: 0, Sum: 0, Workers: 4
[693.693s][debug][gc,phases      ] GC(101)   StringTable Weak               Min:  0.1, Avg:  0.1, Max:  0.1, Diff:  0.0, Sum:  0.4, Workers: 4
[693.693s][debug][gc,phases      ] GC(101)     Dead                           Min: 0, Avg:  0.0, Max: 0, Diff: 0, Sum: 0, Workers: 4
[693.693s][debug][gc,phases      ] GC(101)     Total                          Min: 10523, Avg: 10774.5, Max: 11008, Diff: 485, Sum: 43098, Workers: 4
[693.693s][debug][gc,phases      ] GC(101)   ResolvedMethodTable Weak       Min:  0.0, Avg:  0.0, Max:  0.0, Diff:  0.0, Sum:  0.1, Workers: 4
[693.693s][debug][gc,phases      ] GC(101)     Dead                           Min: 0, Avg:  0.0, Max: 0, Diff: 0, Sum: 0, Workers: 4
[693.693s][debug][gc,phases      ] GC(101)     Total                          Min: 2159, Avg: 2233.8, Max: 2298, Diff: 139, Sum: 8935, Workers: 4
[693.693s][debug][gc,phases      ] GC(101)   JNI Weak                       Min:  0.0, Avg:  0.0, Max:  0.0, Diff:  0.0, Sum:  0.0, Workers: 4
[693.693s][debug][gc,phases      ] GC(101)     Dead                           Min: 0, Avg:  0.0, Max: 0, Diff: 0, Sum: 0, Workers: 4
[693.693s][debug][gc,phases      ] GC(101)     Total                          Min: 0, Avg: 11.2, Max: 45, Diff: 45, Sum: 45, Workers: 4
[693.693s][debug][gc,phases      ] GC(101)   StringDedup Table Weak         Min:  0.0, Avg:  0.0, Max:  0.0, Diff:  0.0, Sum:  0.0, Workers: 4
[693.693s][debug][gc,phases      ] GC(101)     Dead                           Min: 0, Avg:  0.0, Max: 0, Diff: 0, Sum: 0, Workers: 4
[693.693s][debug][gc,phases      ] GC(101)     Total                          Min: 0, Avg:  0.0, Max: 0, Diff: 0, Sum: 0, Workers: 4
[693.693s][debug][gc,phases      ] GC(101)   StringDedup Requests0 Weak     Min:  0.0, Avg:  0.0, Max:  0.0, Diff:  0.0, Sum:  0.0, Workers: 4
[693.693s][debug][gc,phases      ] GC(101)     Dead                           Min: 0, Avg:  0.0, Max: 0, Diff: 0, Sum: 0, Workers: 4
[693.693s][debug][gc,phases      ] GC(101)     Total                          Min: 0, Avg:  0.0, Max: 0, Diff: 0, Sum: 0, Workers: 4
[693.693s][debug][gc,phases      ] GC(101)   StringDedup Requests1 Weak     Min:  0.0, Avg:  0.0, Max:  0.0, Diff:  0.0, Sum:  0.0, Workers: 4
[693.693s][debug][gc,phases      ] GC(101)     Dead                           Min: 0, Avg:  0.0, Max: 0, Diff: 0, Sum: 0, Workers: 4
[693.693s][debug][gc,phases      ] GC(101)     Total                          Min: 0, Avg:  0.0, Max: 0, Diff: 0, Sum: 0, Workers: 4
[693.693s][debug][gc,phases      ] GC(101)   Weak JFR Old Object Samples    Min:  0.0, Avg:  0.0, Max:  0.0, Diff:  0.0, Sum:  0.0, Workers: 4
[693.693s][debug][gc,phases      ] GC(101)     Dead                           Min: 0, Avg:  0.0, Max: 0, Diff: 0, Sum: 0, Workers: 4
[693.693s][debug][gc,phases      ] GC(101)     Total                          Min: 0, Avg:  0.0, Max: 0, Diff: 0, Sum: 0, Workers: 4
[693.693s][debug][gc,phases      ] GC(101) Weak Processing 0.328ms
[693.693s][debug][gc,age         ] GC(101) Desired survivor size 77594624 bytes, new threshold 15 (max threshold 15)
[693.693s][info ][gc,heap        ] GC(101) PSYoungGen: 1925120K(2008576K)->976K(2021376K) Eden: 1924096K(1924096K)->0K(1941504K) From: 1024K(84480K)->976K(79872K)
[693.693s][info ][gc,heap        ] GC(101) ParOldGen: 402439K(451584K)->402503K(451584K)
[693.693s][info ][gc,metaspace   ] GC(101) Metaspace: 79301K(80192K)->79301K(80192K) NonClass: 67917K(68416K)->67917K(68416K) Class: 11384K(11776K)->11384K(11776K)
[693.693s][info ][gc             ] GC(101) Pause Young (Allocation Failure) 2273M->394M(2415M) 2.586ms
[693.693s][info ][gc,cpu         ] GC(101) User=0.00s Sys=0.00s Real=0.00s
[693.693s][info ][safepoint      ] Safepoint "ParallelGCFailedAllocation", Time since last: 8599152069 ns, Reaching safepoint: 33202 ns, At safepoint: 2658897 ns, Total: 2692099 ns
[695.694s][info ][safepoint      ] Safepoint "Cleanup", Time since last: 2000169483 ns, Reaching safepoint: 122704 ns, At safepoint: 12101 ns, Total: 134805 ns
[696.694s][info ][safepoint      ] Safepoint "Cleanup", Time since last: 1000127598 ns, Reaching safepoint: 126404 ns, At safepoint: 5401 ns, Total: 131805 ns
[699.694s][info ][safepoint      ] Safepoint "Cleanup", Time since last: 3000262810 ns, Reaching safepoint: 136105 ns, At safepoint: 10301 ns, Total: 146406 ns
[700.384s][info ][gc,start       ] GC(102) Pause Young (Allocation Failure)
[700.386s][debug][gc,phases      ] GC(102) Scavenge 2.712ms
[700.386s][debug][gc,ref         ] GC(102) Skipped phase 1 of Reference Processing: no references
[700.386s][debug][gc,ref         ] GC(102) ReferenceProcessor::execute queues: 1, RefProcThreadModel::Single, marks_oops_alive: false
[700.386s][debug][gc,ref         ] GC(102) Skipped phase 3 of Reference Processing: no references
[700.386s][debug][gc,ref         ] GC(102) ReferenceProcessor::execute queues: 1, RefProcThreadModel::Single, marks_oops_alive: false
[700.386s][debug][gc,phases      ] GC(102) Reference Processing 0.098ms
[700.387s][debug][gc,phases      ] GC(102)   VM Weak                        Min:  0.0, Avg:  0.0, Max:  0.0, Diff:  0.0, Sum:  0.0, Workers: 4
[700.387s][debug][gc,phases      ] GC(102)     Dead                           Min: 0, Avg:  0.0, Max: 0, Diff: 0, Sum: 0, Workers: 4
[700.387s][debug][gc,phases      ] GC(102)     Total                          Min: 0, Avg: 195.8, Max: 527, Diff: 527, Sum: 783, Workers: 4
[700.387s][debug][gc,phases      ] GC(102)   ObjectSynchronizer Weak        Min:  0.0, Avg:  0.0, Max:  0.0, Diff:  0.0, Sum:  0.0, Workers: 4
[700.387s][debug][gc,phases      ] GC(102)     Dead                           Min: 0, Avg:  0.0, Max: 0, Diff: 0, Sum: 0, Workers: 4
[700.387s][debug][gc,phases      ] GC(102)     Total                          Min: 0, Avg: 36.0, Max: 80, Diff: 80, Sum: 144, Workers: 4
[700.387s][debug][gc,phases      ] GC(102)   JVMTI Tag Weak OopStorage      Min:  0.0, Avg:  0.0, Max:  0.0, Diff:  0.0, Sum:  0.0, Workers: 4
[700.387s][debug][gc,phases      ] GC(102)     Dead                           Min: 0, Avg:  0.0, Max: 0, Diff: 0, Sum: 0, Workers: 4
[700.387s][debug][gc,phases      ] GC(102)     Total                          Min: 0, Avg:  0.0, Max: 0, Diff: 0, Sum: 0, Workers: 4
[700.387s][debug][gc,phases      ] GC(102)   StringTable Weak               Min:  0.0, Avg:  0.1, Max:  0.1, Diff:  0.1, Sum:  0.4, Workers: 4
[700.387s][debug][gc,phases      ] GC(102)     Dead                           Min: 0, Avg:  0.0, Max: 0, Diff: 0, Sum: 0, Workers: 4
[700.387s][debug][gc,phases      ] GC(102)     Total                          Min: 0, Avg: 10774.5, Max: 15323, Diff: 15323, Sum: 43098, Workers: 4
[700.387s][debug][gc,phases      ] GC(102)   ResolvedMethodTable Weak       Min:  0.0, Avg:  0.0, Max:  0.0, Diff:  0.0, Sum:  0.1, Workers: 4
[700.387s][debug][gc,phases      ] GC(102)     Dead                           Min: 0, Avg:  0.0, Max: 0, Diff: 0, Sum: 0, Workers: 4
[700.387s][debug][gc,phases      ] GC(102)     Total                          Min: 0, Avg: 2233.8, Max: 3008, Diff: 3008, Sum: 8935, Workers: 4
[700.387s][debug][gc,phases      ] GC(102)   JNI Weak                       Min:  0.0, Avg:  0.0, Max:  0.0, Diff:  0.0, Sum:  0.0, Workers: 4
[700.387s][debug][gc,phases      ] GC(102)     Dead                           Min: 0, Avg:  0.0, Max: 0, Diff: 0, Sum: 0, Workers: 4
[700.387s][debug][gc,phases      ] GC(102)     Total                          Min: 0, Avg: 11.2, Max: 45, Diff: 45, Sum: 45, Workers: 4
[700.387s][debug][gc,phases      ] GC(102)   StringDedup Table Weak         Min:  0.0, Avg:  0.0, Max:  0.0, Diff:  0.0, Sum:  0.0, Workers: 4
[700.387s][debug][gc,phases      ] GC(102)     Dead                           Min: 0, Avg:  0.0, Max: 0, Diff: 0, Sum: 0, Workers: 4
[700.387s][debug][gc,phases      ] GC(102)     Total                          Min: 0, Avg:  0.0, Max: 0, Diff: 0, Sum: 0, Workers: 4
[700.387s][debug][gc,phases      ] GC(102)   StringDedup Requests0 Weak     Min:  0.0, Avg:  0.0, Max:  0.0, Diff:  0.0, Sum:  0.0, Workers: 4
[700.387s][debug][gc,phases      ] GC(102)     Dead                           Min: 0, Avg:  0.0, Max: 0, Diff: 0, Sum: 0, Workers: 4
[700.387s][debug][gc,phases      ] GC(102)     Total                          Min: 0, Avg:  0.0, Max: 0, Diff: 0, Sum: 0, Workers: 4
[700.387s][debug][gc,phases      ] GC(102)   StringDedup Requests1 Weak     Min:  0.0, Avg:  0.0, Max:  0.0, Diff:  0.0, Sum:  0.0, Workers: 4
[700.387s][debug][gc,phases      ] GC(102)     Dead                           Min: 0, Avg:  0.0, Max: 0, Diff: 0, Sum: 0, Workers: 4
[700.387s][debug][gc,phases      ] GC(102)     Total                          Min: 0, Avg:  0.0, Max: 0, Diff: 0, Sum: 0, Workers: 4
[700.387s][debug][gc,phases      ] GC(102)   Weak JFR Old Object Samples    Min:  0.0, Avg:  0.0, Max:  0.0, Diff:  0.0, Sum:  0.0, Workers: 4
[700.387s][debug][gc,phases      ] GC(102)     Dead                           Min: 0, Avg:  0.0, Max: 0, Diff: 0, Sum: 0, Workers: 4
[700.387s][debug][gc,phases      ] GC(102)     Total                          Min: 0, Avg:  0.0, Max: 0, Diff: 0, Sum: 0, Workers: 4
[700.387s][debug][gc,phases      ] GC(102) Weak Processing 0.361ms
[700.387s][debug][gc,age         ] GC(102) Desired survivor size 72876032 bytes, new threshold 15 (max threshold 15)
[700.387s][info ][gc,heap        ] GC(102) PSYoungGen: 1942480K(2021376K)->1184K(2017280K) Eden: 1941504K(1941504K)->0K(1941504K) From: 976K(79872K)->1184K(75776K)
[700.387s][info ][gc,heap        ] GC(102) ParOldGen: 402503K(451584K)->402535K(451584K)
[700.387s][info ][gc,metaspace   ] GC(102) Metaspace: 79305K(80192K)->79305K(80192K) NonClass: 67921K(68416K)->67921K(68416K) Class: 11384K(11776K)->11384K(11776K)
[700.387s][info ][gc             ] GC(102) Pause Young (Allocation Failure) 2290M->394M(2411M) 3.312ms
[700.387s][info ][gc,cpu         ] GC(102) User=0.01s Sys=0.00s Real=0.00s
[700.387s][info ][safepoint      ] Safepoint "ParallelGCFailedAllocation", Time since last: 689136927 ns, Reaching safepoint: 37501 ns, At safepoint: 3386724 ns, Total: 3424225 ns
[702.387s][info ][safepoint      ] Safepoint "Cleanup", Time since last: 2000190830 ns, Reaching safepoint: 135405 ns, At safepoint: 10200 ns, Total: 145605 ns
[703.387s][info ][safepoint      ] Safepoint "Cleanup", Time since last: 1000135322 ns, Reaching safepoint: 58702 ns, At safepoint: 6400 ns, Total: 65102 ns
[704.388s][info ][safepoint      ] Safepoint "Cleanup", Time since last: 1000119924 ns, Reaching safepoint: 141405 ns, At safepoint: 6901 ns, Total: 148306 ns
[706.985s][info ][gc,start       ] GC(103) Pause Young (Allocation Failure)
[706.988s][debug][gc,phases      ] GC(103) Scavenge 2.560ms
[706.988s][debug][gc,ref         ] GC(103) Skipped phase 1 of Reference Processing: no references
[706.988s][debug][gc,ref         ] GC(103) ReferenceProcessor::execute queues: 1, RefProcThreadModel::Single, marks_oops_alive: false
[706.988s][debug][gc,ref         ] GC(103) Skipped phase 3 of Reference Processing: no references
[706.988s][debug][gc,ref         ] GC(103) ReferenceProcessor::execute queues: 1, RefProcThreadModel::Single, marks_oops_alive: false
[706.988s][debug][gc,phases      ] GC(103) Reference Processing 0.238ms
[706.988s][debug][gc,phases      ] GC(103)   VM Weak                        Min:  0.0, Avg:  0.0, Max:  0.0, Diff:  0.0, Sum:  0.0, Workers: 4
[706.988s][debug][gc,phases      ] GC(103)     Dead                           Min: 0, Avg:  0.0, Max: 0, Diff: 0, Sum: 0, Workers: 4
[706.988s][debug][gc,phases      ] GC(103)     Total                          Min: 0, Avg: 197.0, Max: 788, Diff: 788, Sum: 788, Workers: 4
[706.988s][debug][gc,phases      ] GC(103)   ObjectSynchronizer Weak        Min:  0.0, Avg:  0.0, Max:  0.0, Diff:  0.0, Sum:  0.0, Workers: 4
[706.988s][debug][gc,phases      ] GC(103)     Dead                           Min: 0, Avg:  0.0, Max: 0, Diff: 0, Sum: 0, Workers: 4
[706.988s][debug][gc,phases      ] GC(103)     Total                          Min: 0, Avg: 36.0, Max: 128, Diff: 128, Sum: 144, Workers: 4
[706.988s][debug][gc,phases      ] GC(103)   JVMTI Tag Weak OopStorage      Min:  0.0, Avg:  0.0, Max:  0.0, Diff:  0.0, Sum:  0.0, Workers: 4
[706.988s][debug][gc,phases      ] GC(103)     Dead                           Min: 0, Avg:  0.0, Max: 0, Diff: 0, Sum: 0, Workers: 4
[706.988s][debug][gc,phases      ] GC(103)     Total                          Min: 0, Avg:  0.0, Max: 0, Diff: 0, Sum: 0, Workers: 4
[706.988s][debug][gc,phases      ] GC(103)   StringTable Weak               Min:  0.0, Avg:  0.1, Max:  0.1, Diff:  0.1, Sum:  0.4, Workers: 4
[706.988s][debug][gc,phases      ] GC(103)     Dead                           Min: 0, Avg:  0.5, Max: 2, Diff: 2, Sum: 2, Workers: 4
[706.988s][debug][gc,phases      ] GC(103)     Total                          Min: 0, Avg: 10775.8, Max: 14911, Diff: 14911, Sum: 43103, Workers: 4
[706.988s][debug][gc,phases      ] GC(103)   ResolvedMethodTable Weak       Min:  0.0, Avg:  0.0, Max:  0.0, Diff:  0.0, Sum:  0.1, Workers: 4
[706.988s][debug][gc,phases      ] GC(103)     Dead                           Min: 0, Avg:  0.0, Max: 0, Diff: 0, Sum: 0, Workers: 4
[706.988s][debug][gc,phases      ] GC(103)     Total                          Min: 0, Avg: 2239.2, Max: 3135, Diff: 3135, Sum: 8957, Workers: 4
[706.988s][debug][gc,phases      ] GC(103)   JNI Weak                       Min:  0.0, Avg:  0.0, Max:  0.0, Diff:  0.0, Sum:  0.0, Workers: 4
[706.988s][debug][gc,phases      ] GC(103)     Dead                           Min: 0, Avg:  0.0, Max: 0, Diff: 0, Sum: 0, Workers: 4
[706.988s][debug][gc,phases      ] GC(103)     Total                          Min: 0, Avg: 11.2, Max: 45, Diff: 45, Sum: 45, Workers: 4
[706.988s][debug][gc,phases      ] GC(103)   StringDedup Table Weak         Min:  0.0, Avg:  0.0, Max:  0.0, Diff:  0.0, Sum:  0.0, Workers: 4
[706.988s][debug][gc,phases      ] GC(103)     Dead                           Min: 0, Avg:  0.0, Max: 0, Diff: 0, Sum: 0, Workers: 4
[706.988s][debug][gc,phases      ] GC(103)     Total                          Min: 0, Avg:  0.0, Max: 0, Diff: 0, Sum: 0, Workers: 4
[706.988s][debug][gc,phases      ] GC(103)   StringDedup Requests0 Weak     Min:  0.0, Avg:  0.0, Max:  0.0, Diff:  0.0, Sum:  0.0, Workers: 4
[706.988s][debug][gc,phases      ] GC(103)     Dead                           Min: 0, Avg:  0.0, Max: 0, Diff: 0, Sum: 0, Workers: 4
[706.988s][debug][gc,phases      ] GC(103)     Total                          Min: 0, Avg:  0.0, Max: 0, Diff: 0, Sum: 0, Workers: 4
[706.988s][debug][gc,phases      ] GC(103)   StringDedup Requests1 Weak     Min:  0.0, Avg:  0.0, Max:  0.0, Diff:  0.0, Sum:  0.0, Workers: 4
[706.988s][debug][gc,phases      ] GC(103)     Dead                           Min: 0, Avg:  0.0, Max: 0, Diff: 0, Sum: 0, Workers: 4
[706.988s][debug][gc,phases      ] GC(103)     Total                          Min: 0, Avg:  0.0, Max: 0, Diff: 0, Sum: 0, Workers: 4
[706.988s][debug][gc,phases      ] GC(103)   Weak JFR Old Object Samples    Min:  0.0, Avg:  0.0, Max:  0.0, Diff:  0.0, Sum:  0.0, Workers: 4
[706.988s][debug][gc,phases      ] GC(103)     Dead                           Min: 0, Avg:  0.0, Max: 0, Diff: 0, Sum: 0, Workers: 4
[706.988s][debug][gc,phases      ] GC(103)     Total                          Min: 0, Avg:  0.0, Max: 0, Diff: 0, Sum: 0, Workers: 4
[706.988s][debug][gc,phases      ] GC(103) Weak Processing 0.428ms
[706.988s][debug][gc,age         ] GC(103) Desired survivor size 68681728 bytes, new threshold 15 (max threshold 15)
[706.988s][info ][gc,heap        ] GC(103) PSYoungGen: 1942688K(2017280K)->1152K(2030080K) Eden: 1941504K(1941504K)->0K(1958912K) From: 1184K(75776K)->1152K(71168K)
[706.988s][info ][gc,heap        ] GC(103) ParOldGen: 402535K(451584K)->402591K(451584K)
[706.988s][info ][gc,metaspace   ] GC(103) Metaspace: 79330K(80320K)->79330K(80320K) NonClass: 67939K(68480K)->67939K(68480K) Class: 11391K(11840K)->11391K(11840K)
[706.988s][info ][gc             ] GC(103) Pause Young (Allocation Failure) 2290M->394M(2423M) 3.397ms
[706.988s][info ][gc,cpu         ] GC(103) User=0.01s Sys=0.00s Real=0.00s
[706.988s][info ][safepoint      ] Safepoint "ParallelGCFailedAllocation", Time since last: 2597100321 ns, Reaching safepoint: 84303 ns, At safepoint: 3474827 ns, Total: 3559130 ns
[707.989s][info ][safepoint      ] Safepoint "Cleanup", Time since last: 1000091736 ns, Reaching safepoint: 142505 ns, At safepoint: 7300 ns, Total: 149805 ns
[708.989s][info ][safepoint      ] Safepoint "Cleanup", Time since last: 1000096339 ns, Reaching safepoint: 115704 ns, At safepoint: 6400 ns, Total: 122104 ns
[709.989s][info ][safepoint      ] Safepoint "Cleanup", Time since last: 1000092743 ns, Reaching safepoint: 158005 ns, At safepoint: 7601 ns, Total: 165606 ns
[710.989s][info ][safepoint      ] Safepoint "Cleanup", Time since last: 1000118646 ns, Reaching safepoint: 146206 ns, At safepoint: 6300 ns, Total: 152506 ns
[711.990s][info ][safepoint      ] Safepoint "Cleanup", Time since last: 1000112849 ns, Reaching safepoint: 146006 ns, At safepoint: 7900 ns, Total: 153906 ns
[712.990s][info ][safepoint      ] Safepoint "Cleanup", Time since last: 1000110053 ns, Reaching safepoint: 120404 ns, At safepoint: 6501 ns, Total: 126905 ns
[713.990s][info ][safepoint      ] Safepoint "Cleanup", Time since last: 1000117356 ns, Reaching safepoint: 137305 ns, At safepoint: 8600 ns, Total: 145905 ns
[714.990s][info ][safepoint      ] Safepoint "Cleanup", Time since last: 1000118660 ns, Reaching safepoint: 135405 ns, At safepoint: 9500 ns, Total: 144905 ns
[715.172s][info ][gc,start       ] GC(104) Pause Young (Allocation Failure)
[715.175s][debug][gc,phases      ] GC(104) Scavenge 2.741ms
[715.175s][debug][gc,ref         ] GC(104) Skipped phase 1 of Reference Processing: no references
[715.175s][debug][gc,ref         ] GC(104) ReferenceProcessor::execute queues: 1, RefProcThreadModel::Single, marks_oops_alive: false
[715.175s][debug][gc,ref         ] GC(104) Skipped phase 3 of Reference Processing: no references
[715.175s][debug][gc,ref         ] GC(104) ReferenceProcessor::execute queues: 1, RefProcThreadModel::Single, marks_oops_alive: false
[715.175s][debug][gc,phases      ] GC(104) Reference Processing 0.115ms
[715.176s][debug][gc,phases      ] GC(104)   VM Weak                        Min:  0.0, Avg:  0.0, Max:  0.0, Diff:  0.0, Sum:  0.0, Workers: 4
[715.176s][debug][gc,phases      ] GC(104)     Dead                           Min: 0, Avg:  0.0, Max: 0, Diff: 0, Sum: 0, Workers: 4
[715.176s][debug][gc,phases      ] GC(104)     Total                          Min: 0, Avg: 197.0, Max: 596, Diff: 596, Sum: 788, Workers: 4
[715.176s][debug][gc,phases      ] GC(104)   ObjectSynchronizer Weak        Min:  0.0, Avg:  0.0, Max:  0.0, Diff:  0.0, Sum:  0.0, Workers: 4
[715.176s][debug][gc,phases      ] GC(104)     Dead                           Min: 0, Avg:  0.0, Max: 0, Diff: 0, Sum: 0, Workers: 4
[715.176s][debug][gc,phases      ] GC(104)     Total                          Min: 0, Avg: 36.0, Max: 64, Diff: 64, Sum: 144, Workers: 4
[715.176s][debug][gc,phases      ] GC(104)   JVMTI Tag Weak OopStorage      Min:  0.0, Avg:  0.0, Max:  0.0, Diff:  0.0, Sum:  0.0, Workers: 4
[715.176s][debug][gc,phases      ] GC(104)     Dead                           Min: 0, Avg:  0.0, Max: 0, Diff: 0, Sum: 0, Workers: 4
[715.176s][debug][gc,phases      ] GC(104)     Total                          Min: 0, Avg:  0.0, Max: 0, Diff: 0, Sum: 0, Workers: 4
[715.176s][debug][gc,phases      ] GC(104)   StringTable Weak               Min:  0.1, Avg:  0.1, Max:  0.1, Diff:  0.0, Sum:  0.4, Workers: 4
[715.176s][debug][gc,phases      ] GC(104)     Dead                           Min: 0, Avg:  0.2, Max: 1, Diff: 1, Sum: 1, Workers: 4
[715.176s][debug][gc,phases      ] GC(104)     Total                          Min: 8447, Avg: 10778.8, Max: 12479, Diff: 4032, Sum: 43115, Workers: 4
[715.176s][debug][gc,phases      ] GC(104)   ResolvedMethodTable Weak       Min:  0.0, Avg:  0.0, Max:  0.0, Diff:  0.0, Sum:  0.1, Workers: 4
[715.176s][debug][gc,phases      ] GC(104)     Dead                           Min: 0, Avg:  0.0, Max: 0, Diff: 0, Sum: 0, Workers: 4
[715.176s][debug][gc,phases      ] GC(104)     Total                          Min: 1920, Avg: 2241.2, Max: 2496, Diff: 576, Sum: 8965, Workers: 4
[715.176s][debug][gc,phases      ] GC(104)   JNI Weak                       Min:  0.0, Avg:  0.0, Max:  0.0, Diff:  0.0, Sum:  0.0, Workers: 4
[715.176s][debug][gc,phases      ] GC(104)     Dead                           Min: 0, Avg:  0.0, Max: 0, Diff: 0, Sum: 0, Workers: 4
[715.176s][debug][gc,phases      ] GC(104)     Total                          Min: 0, Avg: 11.2, Max: 45, Diff: 45, Sum: 45, Workers: 4
[715.176s][debug][gc,phases      ] GC(104)   StringDedup Table Weak         Min:  0.0, Avg:  0.0, Max:  0.0, Diff:  0.0, Sum:  0.0, Workers: 4
[715.176s][debug][gc,phases      ] GC(104)     Dead                           Min: 0, Avg:  0.0, Max: 0, Diff: 0, Sum: 0, Workers: 4
[715.176s][debug][gc,phases      ] GC(104)     Total                          Min: 0, Avg:  0.0, Max: 0, Diff: 0, Sum: 0, Workers: 4
[715.176s][debug][gc,phases      ] GC(104)   StringDedup Requests0 Weak     Min:  0.0, Avg:  0.0, Max:  0.0, Diff:  0.0, Sum:  0.0, Workers: 4
[715.176s][debug][gc,phases      ] GC(104)     Dead                           Min: 0, Avg:  0.0, Max: 0, Diff: 0, Sum: 0, Workers: 4
[715.176s][debug][gc,phases      ] GC(104)     Total                          Min: 0, Avg:  0.0, Max: 0, Diff: 0, Sum: 0, Workers: 4
[715.176s][debug][gc,phases      ] GC(104)   StringDedup Requests1 Weak     Min:  0.0, Avg:  0.0, Max:  0.0, Diff:  0.0, Sum:  0.0, Workers: 4
[715.176s][debug][gc,phases      ] GC(104)     Dead                           Min: 0, Avg:  0.0, Max: 0, Diff: 0, Sum: 0, Workers: 4
[715.176s][debug][gc,phases      ] GC(104)     Total                          Min: 0, Avg:  0.0, Max: 0, Diff: 0, Sum: 0, Workers: 4
[715.176s][debug][gc,phases      ] GC(104)   Weak JFR Old Object Samples    Min:  0.0, Avg:  0.0, Max:  0.0, Diff:  0.0, Sum:  0.0, Workers: 4
[715.176s][debug][gc,phases      ] GC(104)     Dead                           Min: 0, Avg:  0.0, Max: 0, Diff: 0, Sum: 0, Workers: 4
[715.176s][debug][gc,phases      ] GC(104)     Total                          Min: 0, Avg:  0.0, Max: 0, Diff: 0, Sum: 0, Workers: 4
[715.176s][debug][gc,phases      ] GC(104) Weak Processing 0.303ms
[715.176s][debug][gc,age         ] GC(104) Desired survivor size 64487424 bytes, new threshold 15 (max threshold 15)
[715.176s][info ][gc,heap        ] GC(104) PSYoungGen: 1960064K(2030080K)->1776K(2025984K) Eden: 1958912K(1958912K)->0K(1958912K) From: 1152K(71168K)->1776K(67072K)
[715.176s][info ][gc,heap        ] GC(104) ParOldGen: 402591K(451584K)->402623K(451584K)
[715.176s][info ][gc,metaspace   ] GC(104) Metaspace: 79433K(80448K)->79433K(80448K) NonClass: 68031K(68608K)->68031K(68608K) Class: 11401K(11840K)->11401K(11840K)
[715.176s][info ][gc             ] GC(104) Pause Young (Allocation Failure) 2307M->394M(2419M) 3.284ms
[715.176s][info ][gc,cpu         ] GC(104) User=0.01s Sys=0.00s Real=0.00s
[715.176s][info ][safepoint      ] Safepoint "ParallelGCFailedAllocation", Time since last: 182004572 ns, Reaching safepoint: 32502 ns, At safepoint: 3360923 ns, Total: 3393425 ns
[716.176s][info ][safepoint      ] Safepoint "Cleanup", Time since last: 1000087562 ns, Reaching safepoint: 68003 ns, At safepoint: 3100 ns, Total: 71103 ns
[717.195s][info ][safepoint      ] Safepoint "Cleanup", Time since last: 1018645946 ns, Reaching safepoint: 174307 ns, At safepoint: 6500 ns, Total: 180807 ns
[718.195s][info ][safepoint      ] Safepoint "Cleanup", Time since last: 1000132471 ns, Reaching safepoint: 115904 ns, At safepoint: 5300 ns, Total: 121204 ns
[721.687s][info ][gc,start       ] GC(105) Pause Young (Allocation Failure)
[721.691s][debug][gc,phases      ] GC(105) Scavenge 4.131ms
[721.691s][debug][gc,ref         ] GC(105) Skipped phase 1 of Reference Processing: no references
[721.691s][debug][gc,ref         ] GC(105) ReferenceProcessor::execute queues: 1, RefProcThreadModel::Single, marks_oops_alive: false
[721.691s][debug][gc,ref         ] GC(105) Skipped phase 3 of Reference Processing: no references
[721.691s][debug][gc,ref         ] GC(105) ReferenceProcessor::execute queues: 1, RefProcThreadModel::Single, marks_oops_alive: false
[721.691s][debug][gc,phases      ] GC(105) Reference Processing 0.099ms
[721.691s][debug][gc,phases      ] GC(105)   VM Weak                        Min:  0.0, Avg:  0.0, Max:  0.0, Diff:  0.0, Sum:  0.0, Workers: 4
[721.691s][debug][gc,phases      ] GC(105)     Dead                           Min: 0, Avg:  0.0, Max: 0, Diff: 0, Sum: 0, Workers: 4
[721.691s][debug][gc,phases      ] GC(105)     Total                          Min: 0, Avg: 197.0, Max: 724, Diff: 724, Sum: 788, Workers: 4
[721.691s][debug][gc,phases      ] GC(105)   ObjectSynchronizer Weak        Min:  0.0, Avg:  0.0, Max:  0.0, Diff:  0.0, Sum:  0.0, Workers: 4
[721.691s][debug][gc,phases      ] GC(105)     Dead                           Min: 0, Avg:  0.0, Max: 0, Diff: 0, Sum: 0, Workers: 4
[721.691s][debug][gc,phases      ] GC(105)     Total                          Min: 0, Avg: 36.0, Max: 80, Diff: 80, Sum: 144, Workers: 4
[721.691s][debug][gc,phases      ] GC(105)   JVMTI Tag Weak OopStorage      Min:  0.0, Avg:  0.0, Max:  0.0, Diff:  0.0, Sum:  0.0, Workers: 4
[721.691s][debug][gc,phases      ] GC(105)     Dead                           Min: 0, Avg:  0.0, Max: 0, Diff: 0, Sum: 0, Workers: 4
[721.691s][debug][gc,phases      ] GC(105)     Total                          Min: 0, Avg:  0.0, Max: 0, Diff: 0, Sum: 0, Workers: 4
[721.691s][debug][gc,phases      ] GC(105)   StringTable Weak               Min:  0.0, Avg:  0.1, Max:  0.1, Diff:  0.1, Sum:  0.4, Workers: 4
[721.691s][debug][gc,phases      ] GC(105)     Dead                           Min: 0, Avg:  0.0, Max: 0, Diff: 0, Sum: 0, Workers: 4
[721.691s][debug][gc,phases      ] GC(105)     Total                          Min: 0, Avg: 10779.0, Max: 18112, Diff: 18112, Sum: 43116, Workers: 4
[721.691s][debug][gc,phases      ] GC(105)   ResolvedMethodTable Weak       Min:  0.0, Avg:  0.0, Max:  0.0, Diff:  0.0, Sum:  0.1, Workers: 4
[721.691s][debug][gc,phases      ] GC(105)     Dead                           Min: 0, Avg:  0.0, Max: 0, Diff: 0, Sum: 0, Workers: 4
[721.691s][debug][gc,phases      ] GC(105)     Total                          Min: 0, Avg: 2241.2, Max: 3653, Diff: 3653, Sum: 8965, Workers: 4
[721.691s][debug][gc,phases      ] GC(105)   JNI Weak                       Min:  0.0, Avg:  0.0, Max:  0.0, Diff:  0.0, Sum:  0.0, Workers: 4
[721.691s][debug][gc,phases      ] GC(105)     Dead                           Min: 0, Avg:  0.0, Max: 0, Diff: 0, Sum: 0, Workers: 4
[721.691s][debug][gc,phases      ] GC(105)     Total                          Min: 0, Avg: 11.2, Max: 45, Diff: 45, Sum: 45, Workers: 4
[721.691s][debug][gc,phases      ] GC(105)   StringDedup Table Weak         Min:  0.0, Avg:  0.0, Max:  0.0, Diff:  0.0, Sum:  0.0, Workers: 4
[721.691s][debug][gc,phases      ] GC(105)     Dead                           Min: 0, Avg:  0.0, Max: 0, Diff: 0, Sum: 0, Workers: 4
[721.691s][debug][gc,phases      ] GC(105)     Total                          Min: 0, Avg:  0.0, Max: 0, Diff: 0, Sum: 0, Workers: 4
[721.691s][debug][gc,phases      ] GC(105)   StringDedup Requests0 Weak     Min:  0.0, Avg:  0.0, Max:  0.0, Diff:  0.0, Sum:  0.0, Workers: 4
[721.691s][debug][gc,phases      ] GC(105)     Dead                           Min: 0, Avg:  0.0, Max: 0, Diff: 0, Sum: 0, Workers: 4
[721.691s][debug][gc,phases      ] GC(105)     Total                          Min: 0, Avg:  0.0, Max: 0, Diff: 0, Sum: 0, Workers: 4
[721.691s][debug][gc,phases      ] GC(105)   StringDedup Requests1 Weak     Min:  0.0, Avg:  0.0, Max:  0.0, Diff:  0.0, Sum:  0.0, Workers: 4
[721.691s][debug][gc,phases      ] GC(105)     Dead                           Min: 0, Avg:  0.0, Max: 0, Diff: 0, Sum: 0, Workers: 4
[721.691s][debug][gc,phases      ] GC(105)     Total                          Min: 0, Avg:  0.0, Max: 0, Diff: 0, Sum: 0, Workers: 4
[721.691s][debug][gc,phases      ] GC(105)   Weak JFR Old Object Samples    Min:  0.0, Avg:  0.0, Max:  0.0, Diff:  0.0, Sum:  0.0, Workers: 4
[721.691s][debug][gc,phases      ] GC(105)     Dead                           Min: 0, Avg:  0.0, Max: 0, Diff: 0, Sum: 0, Workers: 4
[721.691s][debug][gc,phases      ] GC(105)     Total                          Min: 0, Avg:  0.0, Max: 0, Diff: 0, Sum: 0, Workers: 4
[721.691s][debug][gc,phases      ] GC(105) Weak Processing 0.391ms
[721.691s][debug][gc,age         ] GC(105) Desired survivor size 60293120 bytes, new threshold 15 (max threshold 15)
[721.691s][info ][gc,heap        ] GC(105) PSYoungGen: 1960688K(2025984K)->2064K(2038272K) Eden: 1958912K(1958912K)->0K(1975296K) From: 1776K(67072K)->2064K(62976K)
[721.692s][info ][gc,heap        ] GC(105) ParOldGen: 402623K(451584K)->402647K(451584K)
[721.692s][info ][gc,metaspace   ] GC(105) Metaspace: 79465K(80448K)->79465K(80448K) NonClass: 68063K(68608K)->68063K(68608K) Class: 11401K(11840K)->11401K(11840K)
[721.692s][info ][gc             ] GC(105) Pause Young (Allocation Failure) 2307M->395M(2431M) 4.761ms
[721.692s][info ][gc,cpu         ] GC(105) User=0.01s Sys=0.00s Real=0.01s
[721.692s][info ][safepoint      ] Safepoint "ParallelGCFailedAllocation", Time since last: 3491642051 ns, Reaching safepoint: 48002 ns, At safepoint: 4835877 ns, Total: 4883879 ns
[724.692s][info ][safepoint      ] Safepoint "Cleanup", Time since last: 3000227061 ns, Reaching safepoint: 135305 ns, At safepoint: 6600 ns, Total: 141905 ns
[725.692s][info ][safepoint      ] Safepoint "Cleanup", Time since last: 1000131696 ns, Reaching safepoint: 136805 ns, At safepoint: 6200 ns, Total: 143005 ns
[727.693s][info ][safepoint      ] Safepoint "Cleanup", Time since last: 2000199199 ns, Reaching safepoint: 130104 ns, At safepoint: 9701 ns, Total: 139805 ns
[728.693s][info ][safepoint      ] Safepoint "Cleanup", Time since last: 1000133805 ns, Reaching safepoint: 131205 ns, At safepoint: 6100 ns, Total: 137305 ns
[729.693s][info ][safepoint      ] Safepoint "Cleanup", Time since last: 1000089507 ns, Reaching safepoint: 138105 ns, At safepoint: 6301 ns, Total: 144406 ns
[730.073s][info ][gc,start       ] GC(106) Pause Young (Allocation Failure)
[730.076s][debug][gc,phases      ] GC(106) Scavenge 2.588ms
[730.076s][debug][gc,ref         ] GC(106) Skipped phase 1 of Reference Processing: no references
[730.076s][debug][gc,ref         ] GC(106) ReferenceProcessor::execute queues: 1, RefProcThreadModel::Single, marks_oops_alive: false
[730.076s][debug][gc,ref         ] GC(106) Skipped phase 3 of Reference Processing: no references
[730.076s][debug][gc,ref         ] GC(106) ReferenceProcessor::execute queues: 1, RefProcThreadModel::Single, marks_oops_alive: false
[730.076s][debug][gc,phases      ] GC(106) Reference Processing 0.102ms
[730.076s][debug][gc,phases      ] GC(106)   VM Weak                        Min:  0.0, Avg:  0.0, Max:  0.0, Diff:  0.0, Sum:  0.0, Workers: 4
[730.076s][debug][gc,phases      ] GC(106)     Dead                           Min: 0, Avg:  0.0, Max: 0, Diff: 0, Sum: 0, Workers: 4
[730.076s][debug][gc,phases      ] GC(106)     Total                          Min: 0, Avg: 197.0, Max: 576, Diff: 576, Sum: 788, Workers: 4
[730.076s][debug][gc,phases      ] GC(106)   ObjectSynchronizer Weak        Min:  0.0, Avg:  0.0, Max:  0.0, Diff:  0.0, Sum:  0.0, Workers: 4
[730.076s][debug][gc,phases      ] GC(106)     Dead                           Min: 0, Avg:  0.0, Max: 0, Diff: 0, Sum: 0, Workers: 4
[730.076s][debug][gc,phases      ] GC(106)     Total                          Min: 0, Avg: 36.0, Max: 64, Diff: 64, Sum: 144, Workers: 4
[730.076s][debug][gc,phases      ] GC(106)   JVMTI Tag Weak OopStorage      Min:  0.0, Avg:  0.0, Max:  0.0, Diff:  0.0, Sum:  0.0, Workers: 4
[730.076s][debug][gc,phases      ] GC(106)     Dead                           Min: 0, Avg:  0.0, Max: 0, Diff: 0, Sum: 0, Workers: 4
[730.076s][debug][gc,phases      ] GC(106)     Total                          Min: 0, Avg:  0.0, Max: 0, Diff: 0, Sum: 0, Workers: 4
[730.076s][debug][gc,phases      ] GC(106)   StringTable Weak               Min:  0.0, Avg:  0.1, Max:  0.1, Diff:  0.1, Sum:  0.4, Workers: 4
[730.076s][debug][gc,phases      ] GC(106)     Dead                           Min: 0, Avg:  0.0, Max: 0, Diff: 0, Sum: 0, Workers: 4
[730.076s][debug][gc,phases      ] GC(106)     Total                          Min: 0, Avg: 10779.8, Max: 15744, Diff: 15744, Sum: 43119, Workers: 4
[730.076s][debug][gc,phases      ] GC(106)   ResolvedMethodTable Weak       Min:  0.0, Avg:  0.0, Max:  0.0, Diff:  0.0, Sum:  0.1, Workers: 4
[730.076s][debug][gc,phases      ] GC(106)     Dead                           Min: 0, Avg:  0.0, Max: 0, Diff: 0, Sum: 0, Workers: 4
[730.076s][debug][gc,phases      ] GC(106)     Total                          Min: 0, Avg: 2242.5, Max: 3146, Diff: 3146, Sum: 8970, Workers: 4
[730.076s][debug][gc,phases      ] GC(106)   JNI Weak                       Min:  0.0, Avg:  0.0, Max:  0.0, Diff:  0.0, Sum:  0.0, Workers: 4
[730.076s][debug][gc,phases      ] GC(106)     Dead                           Min: 0, Avg:  0.0, Max: 0, Diff: 0, Sum: 0, Workers: 4
[730.076s][debug][gc,phases      ] GC(106)     Total                          Min: 0, Avg: 11.2, Max: 45, Diff: 45, Sum: 45, Workers: 4
[730.076s][debug][gc,phases      ] GC(106)   StringDedup Table Weak         Min:  0.0, Avg:  0.0, Max:  0.0, Diff:  0.0, Sum:  0.0, Workers: 4
[730.076s][debug][gc,phases      ] GC(106)     Dead                           Min: 0, Avg:  0.0, Max: 0, Diff: 0, Sum: 0, Workers: 4
[730.076s][debug][gc,phases      ] GC(106)     Total                          Min: 0, Avg:  0.0, Max: 0, Diff: 0, Sum: 0, Workers: 4
[730.076s][debug][gc,phases      ] GC(106)   StringDedup Requests0 Weak     Min:  0.0, Avg:  0.0, Max:  0.0, Diff:  0.0, Sum:  0.0, Workers: 4
[730.076s][debug][gc,phases      ] GC(106)     Dead                           Min: 0, Avg:  0.0, Max: 0, Diff: 0, Sum: 0, Workers: 4
[730.076s][debug][gc,phases      ] GC(106)     Total                          Min: 0, Avg:  0.0, Max: 0, Diff: 0, Sum: 0, Workers: 4
[730.076s][debug][gc,phases      ] GC(106)   StringDedup Requests1 Weak     Min:  0.0, Avg:  0.0, Max:  0.0, Diff:  0.0, Sum:  0.0, Workers: 4
[730.076s][debug][gc,phases      ] GC(106)     Dead                           Min: 0, Avg:  0.0, Max: 0, Diff: 0, Sum: 0, Workers: 4
[730.076s][debug][gc,phases      ] GC(106)     Total                          Min: 0, Avg:  0.0, Max: 0, Diff: 0, Sum: 0, Workers: 4
[730.076s][debug][gc,phases      ] GC(106)   Weak JFR Old Object Samples    Min:  0.0, Avg:  0.0, Max:  0.0, Diff:  0.0, Sum:  0.0, Workers: 4
[730.076s][debug][gc,phases      ] GC(106)     Dead                           Min: 0, Avg:  0.0, Max: 0, Diff: 0, Sum: 0, Workers: 4
[730.076s][debug][gc,phases      ] GC(106)     Total                          Min: 0, Avg:  0.0, Max: 0, Diff: 0, Sum: 0, Workers: 4
[730.076s][debug][gc,phases      ] GC(106) Weak Processing 0.349ms
[730.076s][debug][gc,age         ] GC(106) Desired survivor size 56623104 bytes, new threshold 15 (max threshold 15)
[730.076s][info ][gc,heap        ] GC(106) PSYoungGen: 1977360K(2038272K)->1760K(2034176K) Eden: 1975296K(1975296K)->0K(1975296K) From: 2064K(62976K)->1760K(58880K)
[730.076s][info ][gc,heap        ] GC(106) ParOldGen: 402647K(451584K)->402695K(451584K)
[730.076s][info ][gc,metaspace   ] GC(106) Metaspace: 79496K(80512K)->79496K(80512K) NonClass: 68092K(68672K)->68092K(68672K) Class: 11404K(11840K)->11404K(11840K)
[730.077s][info ][gc             ] GC(106) Pause Young (Allocation Failure) 2324M->394M(2427M) 3.184ms
[730.077s][info ][gc,cpu         ] GC(106) User=0.01s Sys=0.00s Real=0.00s
[730.077s][info ][safepoint      ] Safepoint "ParallelGCFailedAllocation", Time since last: 380140453 ns, Reaching safepoint: 96604 ns, At safepoint: 3266120 ns, Total: 3362724 ns
[731.077s][info ][safepoint      ] Safepoint "Cleanup", Time since last: 1000126213 ns, Reaching safepoint: 53002 ns, At safepoint: 2300 ns, Total: 55302 ns
[732.077s][info ][safepoint      ] Safepoint "Cleanup", Time since last: 1000091714 ns, Reaching safepoint: 65103 ns, At safepoint: 3100 ns, Total: 68203 ns
[734.077s][info ][safepoint      ] Safepoint "Cleanup", Time since last: 2000189639 ns, Reaching safepoint: 48802 ns, At safepoint: 3600 ns, Total: 52402 ns
[735.077s][info ][safepoint      ] Safepoint "Cleanup", Time since last: 1000144227 ns, Reaching safepoint: 53702 ns, At safepoint: 3900 ns, Total: 57602 ns
[735.495s][info ][gc,start       ] GC(107) Pause Young (Allocation Failure)
[735.500s][debug][gc,phases      ] GC(107) Scavenge 4.671ms
[735.500s][debug][gc,ref         ] GC(107) Skipped phase 1 of Reference Processing: no references
[735.500s][debug][gc,ref         ] GC(107) ReferenceProcessor::execute queues: 1, RefProcThreadModel::Single, marks_oops_alive: false
[735.500s][debug][gc,ref         ] GC(107) Skipped phase 3 of Reference Processing: no references
[735.500s][debug][gc,ref         ] GC(107) Skipped phase 4 of Reference Processing: no references
[735.500s][debug][gc,phases      ] GC(107) Reference Processing 0.116ms
[735.500s][debug][gc,phases      ] GC(107)   VM Weak                        Min:  0.0, Avg:  0.0, Max:  0.0, Diff:  0.0, Sum:  0.0, Workers: 4
[735.500s][debug][gc,phases      ] GC(107)     Dead                           Min: 0, Avg:  0.0, Max: 0, Diff: 0, Sum: 0, Workers: 4
[735.500s][debug][gc,phases      ] GC(107)     Total                          Min: 0, Avg: 197.0, Max: 468, Diff: 468, Sum: 788, Workers: 4
[735.500s][debug][gc,phases      ] GC(107)   ObjectSynchronizer Weak        Min:  0.0, Avg:  0.0, Max:  0.0, Diff:  0.0, Sum:  0.0, Workers: 4
[735.500s][debug][gc,phases      ] GC(107)     Dead                           Min: 0, Avg:  0.0, Max: 0, Diff: 0, Sum: 0, Workers: 4
[735.500s][debug][gc,phases      ] GC(107)     Total                          Min: 0, Avg: 36.0, Max: 64, Diff: 64, Sum: 144, Workers: 4
[735.500s][debug][gc,phases      ] GC(107)   JVMTI Tag Weak OopStorage      Min:  0.0, Avg:  0.0, Max:  0.0, Diff:  0.0, Sum:  0.0, Workers: 4
[735.500s][debug][gc,phases      ] GC(107)     Dead                           Min: 0, Avg:  0.0, Max: 0, Diff: 0, Sum: 0, Workers: 4
[735.500s][debug][gc,phases      ] GC(107)     Total                          Min: 0, Avg:  0.0, Max: 0, Diff: 0, Sum: 0, Workers: 4
[735.500s][debug][gc,phases      ] GC(107)   StringTable Weak               Min:  0.0, Avg:  0.1, Max:  0.1, Diff:  0.1, Sum:  0.4, Workers: 4
[735.500s][debug][gc,phases      ] GC(107)     Dead                           Min: 0, Avg:  0.0, Max: 0, Diff: 0, Sum: 0, Workers: 4
[735.500s][debug][gc,phases      ] GC(107)     Total                          Min: 0, Avg: 10780.0, Max: 14720, Diff: 14720, Sum: 43120, Workers: 4
[735.500s][debug][gc,phases      ] GC(107)   ResolvedMethodTable Weak       Min:  0.0, Avg:  0.0, Max:  0.0, Diff:  0.0, Sum:  0.1, Workers: 4
[735.500s][debug][gc,phases      ] GC(107)     Dead                           Min: 0, Avg:  0.0, Max: 0, Diff: 0, Sum: 0, Workers: 4
[735.500s][debug][gc,phases      ] GC(107)     Total                          Min: 0, Avg: 2242.5, Max: 3082, Diff: 3082, Sum: 8970, Workers: 4
[735.500s][debug][gc,phases      ] GC(107)   JNI Weak                       Min:  0.0, Avg:  0.0, Max:  0.0, Diff:  0.0, Sum:  0.0, Workers: 4
[735.500s][debug][gc,phases      ] GC(107)     Dead                           Min: 0, Avg:  0.0, Max: 0, Diff: 0, Sum: 0, Workers: 4
[735.500s][debug][gc,phases      ] GC(107)     Total                          Min: 0, Avg: 11.2, Max: 45, Diff: 45, Sum: 45, Workers: 4
[735.500s][debug][gc,phases      ] GC(107)   StringDedup Table Weak         Min:  0.0, Avg:  0.0, Max:  0.0, Diff:  0.0, Sum:  0.0, Workers: 4
[735.500s][debug][gc,phases      ] GC(107)     Dead                           Min: 0, Avg:  0.0, Max: 0, Diff: 0, Sum: 0, Workers: 4
[735.500s][debug][gc,phases      ] GC(107)     Total                          Min: 0, Avg:  0.0, Max: 0, Diff: 0, Sum: 0, Workers: 4
[735.500s][debug][gc,phases      ] GC(107)   StringDedup Requests0 Weak     Min:  0.0, Avg:  0.0, Max:  0.0, Diff:  0.0, Sum:  0.0, Workers: 4
[735.500s][debug][gc,phases      ] GC(107)     Dead                           Min: 0, Avg:  0.0, Max: 0, Diff: 0, Sum: 0, Workers: 4
[735.501s][debug][gc,phases      ] GC(107)     Total                          Min: 0, Avg:  0.0, Max: 0, Diff: 0, Sum: 0, Workers: 4
[735.501s][debug][gc,phases      ] GC(107)   StringDedup Requests1 Weak     Min:  0.0, Avg:  0.0, Max:  0.0, Diff:  0.0, Sum:  0.0, Workers: 4
[735.501s][debug][gc,phases      ] GC(107)     Dead                           Min: 0, Avg:  0.0, Max: 0, Diff: 0, Sum: 0, Workers: 4
[735.501s][debug][gc,phases      ] GC(107)     Total                          Min: 0, Avg:  0.0, Max: 0, Diff: 0, Sum: 0, Workers: 4
[735.501s][debug][gc,phases      ] GC(107)   Weak JFR Old Object Samples    Min:  0.0, Avg:  0.0, Max:  0.0, Diff:  0.0, Sum:  0.0, Workers: 4
[735.501s][debug][gc,phases      ] GC(107)     Dead                           Min: 0, Avg:  0.0, Max: 0, Diff: 0, Sum: 0, Workers: 4
[735.501s][debug][gc,phases      ] GC(107)     Total                          Min: 0, Avg:  0.0, Max: 0, Diff: 0, Sum: 0, Workers: 4
[735.501s][debug][gc,phases      ] GC(107) Weak Processing 0.368ms
[735.501s][debug][gc,age         ] GC(107) Desired survivor size 52953088 bytes, new threshold 15 (max threshold 15)
[735.501s][info ][gc,heap        ] GC(107) PSYoungGen: 1977056K(2034176K)->2160K(2045440K) Eden: 1975296K(1975296K)->0K(1990144K) From: 1760K(58880K)->2160K(55296K)
[735.501s][info ][gc,heap        ] GC(107) ParOldGen: 402695K(451584K)->402743K(451584K)
[735.501s][info ][gc,metaspace   ] GC(107) Metaspace: 79523K(80512K)->79523K(80512K) NonClass: 68119K(68672K)->68119K(68672K) Class: 11404K(11840K)->11404K(11840K)
[735.501s][info ][gc             ] GC(107) Pause Young (Allocation Failure) 2323M->395M(2438M) 5.289ms
[735.501s][info ][gc,cpu         ] GC(107) User=0.01s Sys=0.00s Real=0.00s
[735.501s][info ][safepoint      ] Safepoint "ParallelGCFailedAllocation", Time since last: 417815843 ns, Reaching safepoint: 98304 ns, At safepoint: 5375297 ns, Total: 5473601 ns
[737.501s][info ][safepoint      ] Safepoint "Cleanup", Time since last: 2000197362 ns, Reaching safepoint: 59002 ns, At safepoint: 5700 ns, Total: 64702 ns
[738.501s][info ][safepoint      ] Safepoint "Cleanup", Time since last: 1000132637 ns, Reaching safepoint: 120705 ns, At safepoint: 6700 ns, Total: 127405 ns
[739.501s][info ][safepoint      ] Safepoint "Cleanup", Time since last: 1000139640 ns, Reaching safepoint: 57302 ns, At safepoint: 3100 ns, Total: 60402 ns
[741.502s][info ][safepoint      ] Safepoint "Cleanup", Time since last: 2000194187 ns, Reaching safepoint: 51702 ns, At safepoint: 3300 ns, Total: 55002 ns
[742.502s][info ][safepoint      ] Safepoint "Cleanup", Time since last: 1000126050 ns, Reaching safepoint: 51802 ns, At safepoint: 3500 ns, Total: 55302 ns
[743.502s][info ][safepoint      ] Safepoint "Cleanup", Time since last: 1000128552 ns, Reaching safepoint: 42802 ns, At safepoint: 6200 ns, Total: 49002 ns
[743.885s][info ][gc,start       ] GC(108) Pause Young (Allocation Failure)
[743.889s][debug][gc,phases      ] GC(108) Scavenge 3.980ms
[743.889s][debug][gc,ref         ] GC(108) Skipped phase 1 of Reference Processing: no references
[743.889s][debug][gc,ref         ] GC(108) ReferenceProcessor::execute queues: 1, RefProcThreadModel::Single, marks_oops_alive: false
[743.889s][debug][gc,ref         ] GC(108) Skipped phase 3 of Reference Processing: no references
[743.889s][debug][gc,ref         ] GC(108) Skipped phase 4 of Reference Processing: no references
[743.889s][debug][gc,phases      ] GC(108) Reference Processing 0.099ms
[743.890s][debug][gc,phases      ] GC(108)   VM Weak                        Min:  0.0, Avg:  0.0, Max:  0.0, Diff:  0.0, Sum:  0.0, Workers: 4
[743.890s][debug][gc,phases      ] GC(108)     Dead                           Min: 0, Avg:  0.0, Max: 0, Diff: 0, Sum: 0, Workers: 4
[743.890s][debug][gc,phases      ] GC(108)     Total                          Min: 0, Avg: 197.0, Max: 704, Diff: 704, Sum: 788, Workers: 4
[743.890s][debug][gc,phases      ] GC(108)   ObjectSynchronizer Weak        Min:  0.0, Avg:  0.0, Max:  0.0, Diff:  0.0, Sum:  0.0, Workers: 4
[743.890s][debug][gc,phases      ] GC(108)     Dead                           Min: 0, Avg:  0.0, Max: 0, Diff: 0, Sum: 0, Workers: 4
[743.890s][debug][gc,phases      ] GC(108)     Total                          Min: 0, Avg: 36.0, Max: 64, Diff: 64, Sum: 144, Workers: 4
[743.890s][debug][gc,phases      ] GC(108)   JVMTI Tag Weak OopStorage      Min:  0.0, Avg:  0.0, Max:  0.0, Diff:  0.0, Sum:  0.0, Workers: 4
[743.890s][debug][gc,phases      ] GC(108)     Dead                           Min: 0, Avg:  0.0, Max: 0, Diff: 0, Sum: 0, Workers: 4
[743.890s][debug][gc,phases      ] GC(108)     Total                          Min: 0, Avg:  0.0, Max: 0, Diff: 0, Sum: 0, Workers: 4
[743.890s][debug][gc,phases      ] GC(108)   StringTable Weak               Min:  0.1, Avg:  0.1, Max:  0.1, Diff:  0.0, Sum:  0.4, Workers: 4
[743.890s][debug][gc,phases      ] GC(108)     Dead                           Min: 0, Avg:  0.0, Max: 0, Diff: 0, Sum: 0, Workers: 4
[743.890s][debug][gc,phases      ] GC(108)     Total                          Min: 10304, Avg: 10780.5, Max: 11264, Diff: 960, Sum: 43122, Workers: 4
[743.890s][debug][gc,phases      ] GC(108)   ResolvedMethodTable Weak       Min:  0.0, Avg:  0.0, Max:  0.0, Diff:  0.0, Sum:  0.1, Workers: 4
[743.890s][debug][gc,phases      ] GC(108)     Dead                           Min: 0, Avg:  0.0, Max: 0, Diff: 0, Sum: 0, Workers: 4
[743.890s][debug][gc,phases      ] GC(108)     Total                          Min: 2122, Avg: 2242.5, Max: 2368, Diff: 246, Sum: 8970, Workers: 4
[743.890s][debug][gc,phases      ] GC(108)   JNI Weak                       Min:  0.0, Avg:  0.0, Max:  0.0, Diff:  0.0, Sum:  0.0, Workers: 4
[743.890s][debug][gc,phases      ] GC(108)     Dead                           Min: 0, Avg:  0.0, Max: 0, Diff: 0, Sum: 0, Workers: 4
[743.890s][debug][gc,phases      ] GC(108)     Total                          Min: 0, Avg: 11.2, Max: 45, Diff: 45, Sum: 45, Workers: 4
[743.890s][debug][gc,phases      ] GC(108)   StringDedup Table Weak         Min:  0.0, Avg:  0.0, Max:  0.0, Diff:  0.0, Sum:  0.0, Workers: 4
[743.890s][debug][gc,phases      ] GC(108)     Dead                           Min: 0, Avg:  0.0, Max: 0, Diff: 0, Sum: 0, Workers: 4
[743.890s][debug][gc,phases      ] GC(108)     Total                          Min: 0, Avg:  0.0, Max: 0, Diff: 0, Sum: 0, Workers: 4
[743.890s][debug][gc,phases      ] GC(108)   StringDedup Requests0 Weak     Min:  0.0, Avg:  0.0, Max:  0.0, Diff:  0.0, Sum:  0.0, Workers: 4
[743.890s][debug][gc,phases      ] GC(108)     Dead                           Min: 0, Avg:  0.0, Max: 0, Diff: 0, Sum: 0, Workers: 4
[743.890s][debug][gc,phases      ] GC(108)     Total                          Min: 0, Avg:  0.0, Max: 0, Diff: 0, Sum: 0, Workers: 4
[743.890s][debug][gc,phases      ] GC(108)   StringDedup Requests1 Weak     Min:  0.0, Avg:  0.0, Max:  0.0, Diff:  0.0, Sum:  0.0, Workers: 4
[743.890s][debug][gc,phases      ] GC(108)     Dead                           Min: 0, Avg:  0.0, Max: 0, Diff: 0, Sum: 0, Workers: 4
[743.890s][debug][gc,phases      ] GC(108)     Total                          Min: 0, Avg:  0.0, Max: 0, Diff: 0, Sum: 0, Workers: 4
[743.890s][debug][gc,phases      ] GC(108)   Weak JFR Old Object Samples    Min:  0.0, Avg:  0.0, Max:  0.0, Diff:  0.0, Sum:  0.0, Workers: 4
[743.890s][debug][gc,phases      ] GC(108)     Dead                           Min: 0, Avg:  0.0, Max: 0, Diff: 0, Sum: 0, Workers: 4
[743.890s][debug][gc,phases      ] GC(108)     Total                          Min: 0, Avg:  0.0, Max: 0, Diff: 0, Sum: 0, Workers: 4
[743.890s][debug][gc,phases      ] GC(108) Weak Processing 0.321ms
[743.890s][debug][gc,age         ] GC(108) Desired survivor size 49283072 bytes, new threshold 15 (max threshold 15)
[743.890s][info ][gc,heap        ] GC(108) PSYoungGen: 1992304K(2045440K)->1712K(2041856K) Eden: 1990144K(1990144K)->0K(1990144K) From: 2160K(55296K)->1712K(51712K)
[743.890s][info ][gc,heap        ] GC(108) ParOldGen: 402743K(451584K)->402799K(451584K)
[743.890s][info ][gc,metaspace   ] GC(108) Metaspace: 79541K(80512K)->79541K(80512K) NonClass: 68137K(68672K)->68137K(68672K) Class: 11404K(11840K)->11404K(11840K)
[743.890s][info ][gc             ] GC(108) Pause Young (Allocation Failure) 2338M->395M(2435M) 4.559ms
[743.890s][info ][gc,cpu         ] GC(108) User=0.00s Sys=0.01s Real=0.01s
[743.890s][info ][safepoint      ] Safepoint "ParallelGCFailedAllocation", Time since last: 383257885 ns, Reaching safepoint: 49002 ns, At safepoint: 4638570 ns, Total: 4687572 ns
[745.890s][info ][safepoint      ] Safepoint "Cleanup", Time since last: 2000146013 ns, Reaching safepoint: 118104 ns, At safepoint: 7301 ns, Total: 125405 ns
[746.890s][info ][safepoint      ] Safepoint "Cleanup", Time since last: 1000126163 ns, Reaching safepoint: 142205 ns, At safepoint: 6800 ns, Total: 149005 ns
[747.891s][info ][safepoint      ] Safepoint "Cleanup", Time since last: 1000111966 ns, Reaching safepoint: 121605 ns, At safepoint: 17900 ns, Total: 139505 ns
[749.891s][info ][safepoint      ] Safepoint "Cleanup", Time since last: 2000190340 ns, Reaching safepoint: 121204 ns, At safepoint: 8000 ns, Total: 129204 ns
[752.193s][info ][gc,start       ] GC(109) Pause Young (Allocation Failure)
[752.197s][debug][gc,phases      ] GC(109) Scavenge 3.944ms
[752.198s][debug][gc,ref         ] GC(109) Skipped phase 1 of Reference Processing: no references
[752.198s][debug][gc,ref         ] GC(109) ReferenceProcessor::execute queues: 1, RefProcThreadModel::Single, marks_oops_alive: false
[752.198s][debug][gc,ref         ] GC(109) Skipped phase 3 of Reference Processing: no references
[752.198s][debug][gc,ref         ] GC(109) ReferenceProcessor::execute queues: 1, RefProcThreadModel::Single, marks_oops_alive: false
[752.198s][debug][gc,phases      ] GC(109) Reference Processing 0.123ms
[752.198s][debug][gc,phases      ] GC(109)   VM Weak                        Min:  0.0, Avg:  0.0, Max:  0.0, Diff:  0.0, Sum:  0.0, Workers: 4
[752.198s][debug][gc,phases      ] GC(109)     Dead                           Min: 0, Avg:  0.0, Max: 0, Diff: 0, Sum: 0, Workers: 4
[752.198s][debug][gc,phases      ] GC(109)     Total                          Min: 0, Avg: 197.0, Max: 576, Diff: 576, Sum: 788, Workers: 4
[752.198s][debug][gc,phases      ] GC(109)   ObjectSynchronizer Weak        Min:  0.0, Avg:  0.0, Max:  0.0, Diff:  0.0, Sum:  0.0, Workers: 4
[752.198s][debug][gc,phases      ] GC(109)     Dead                           Min: 0, Avg:  0.0, Max: 0, Diff: 0, Sum: 0, Workers: 4
[752.198s][debug][gc,phases      ] GC(109)     Total                          Min: 0, Avg: 36.0, Max: 80, Diff: 80, Sum: 144, Workers: 4
[752.198s][debug][gc,phases      ] GC(109)   JVMTI Tag Weak OopStorage      Min:  0.0, Avg:  0.0, Max:  0.0, Diff:  0.0, Sum:  0.0, Workers: 4
[752.198s][debug][gc,phases      ] GC(109)     Dead                           Min: 0, Avg:  0.0, Max: 0, Diff: 0, Sum: 0, Workers: 4
[752.198s][debug][gc,phases      ] GC(109)     Total                          Min: 0, Avg:  0.0, Max: 0, Diff: 0, Sum: 0, Workers: 4
[752.198s][debug][gc,phases      ] GC(109)   StringTable Weak               Min:  0.0, Avg:  0.2, Max:  0.3, Diff:  0.3, Sum:  0.7, Workers: 4
[752.198s][debug][gc,phases      ] GC(109)     Dead                           Min: 0, Avg:  0.0, Max: 0, Diff: 0, Sum: 0, Workers: 4
[752.198s][debug][gc,phases      ] GC(109)     Total                          Min: 0, Avg: 10780.8, Max: 22131, Diff: 22131, Sum: 43123, Workers: 4
[752.198s][debug][gc,phases      ] GC(109)   ResolvedMethodTable Weak       Min:  0.0, Avg:  0.0, Max:  0.0, Diff:  0.0, Sum:  0.1, Workers: 4
[752.198s][debug][gc,phases      ] GC(109)     Dead                           Min: 0, Avg:  0.0, Max: 0, Diff: 0, Sum: 0, Workers: 4
[752.198s][debug][gc,phases      ] GC(109)     Total                          Min: 0, Avg: 2243.0, Max: 4672, Diff: 4672, Sum: 8972, Workers: 4
[752.198s][debug][gc,phases      ] GC(109)   JNI Weak                       Min:  0.0, Avg:  0.0, Max:  0.0, Diff:  0.0, Sum:  0.0, Workers: 4
[752.198s][debug][gc,phases      ] GC(109)     Dead                           Min: 0, Avg:  0.0, Max: 0, Diff: 0, Sum: 0, Workers: 4
[752.198s][debug][gc,phases      ] GC(109)     Total                          Min: 0, Avg: 11.2, Max: 45, Diff: 45, Sum: 45, Workers: 4
[752.198s][debug][gc,phases      ] GC(109)   StringDedup Table Weak         Min:  0.0, Avg:  0.0, Max:  0.0, Diff:  0.0, Sum:  0.0, Workers: 4
[752.198s][debug][gc,phases      ] GC(109)     Dead                           Min: 0, Avg:  0.0, Max: 0, Diff: 0, Sum: 0, Workers: 4
[752.198s][debug][gc,phases      ] GC(109)     Total                          Min: 0, Avg:  0.0, Max: 0, Diff: 0, Sum: 0, Workers: 4
[752.198s][debug][gc,phases      ] GC(109)   StringDedup Requests0 Weak     Min:  0.0, Avg:  0.0, Max:  0.0, Diff:  0.0, Sum:  0.0, Workers: 4
[752.198s][debug][gc,phases      ] GC(109)     Dead                           Min: 0, Avg:  0.0, Max: 0, Diff: 0, Sum: 0, Workers: 4
[752.198s][debug][gc,phases      ] GC(109)     Total                          Min: 0, Avg:  0.0, Max: 0, Diff: 0, Sum: 0, Workers: 4
[752.198s][debug][gc,phases      ] GC(109)   StringDedup Requests1 Weak     Min:  0.0, Avg:  0.0, Max:  0.0, Diff:  0.0, Sum:  0.0, Workers: 4
[752.198s][debug][gc,phases      ] GC(109)     Dead                           Min: 0, Avg:  0.0, Max: 0, Diff: 0, Sum: 0, Workers: 4
[752.198s][debug][gc,phases      ] GC(109)     Total                          Min: 0, Avg:  0.0, Max: 0, Diff: 0, Sum: 0, Workers: 4
[752.198s][debug][gc,phases      ] GC(109)   Weak JFR Old Object Samples    Min:  0.0, Avg:  0.0, Max:  0.0, Diff:  0.0, Sum:  0.0, Workers: 4
[752.198s][debug][gc,phases      ] GC(109)     Dead                           Min: 0, Avg:  0.0, Max: 0, Diff: 0, Sum: 0, Workers: 4
[752.198s][debug][gc,phases      ] GC(109)     Total                          Min: 0, Avg:  0.0, Max: 0, Diff: 0, Sum: 0, Workers: 4
[752.198s][debug][gc,phases      ] GC(109) Weak Processing 0.631ms
[752.198s][debug][gc,age         ] GC(109) Desired survivor size 46137344 bytes, new threshold 15 (max threshold 15)
[752.198s][info ][gc,heap        ] GC(109) PSYoungGen: 1991856K(2041856K)->1696K(2052096K) Eden: 1990144K(1990144K)->0K(2003968K) From: 1712K(51712K)->1696K(48128K)
[752.198s][info ][gc,heap        ] GC(109) ParOldGen: 402799K(451584K)->402815K(451584K)
[752.198s][info ][gc,metaspace   ] GC(109) Metaspace: 79552K(80512K)->79552K(80512K) NonClass: 68147K(68672K)->68147K(68672K) Class: 11404K(11840K)->11404K(11840K)
[752.198s][info ][gc             ] GC(109) Pause Young (Allocation Failure) 2338M->395M(2445M) 4.850ms
[752.198s][info ][gc,cpu         ] GC(109) User=0.01s Sys=0.00s Real=0.00s
[752.198s][info ][safepoint      ] Safepoint "ParallelGCFailedAllocation", Time since last: 2302387966 ns, Reaching safepoint: 30901 ns, At safepoint: 4947682 ns, Total: 4978583 ns
[754.199s][info ][safepoint      ] Safepoint "Cleanup", Time since last: 2000160865 ns, Reaching safepoint: 40602 ns, At safepoint: 2800 ns, Total: 43402 ns
[758.199s][info ][safepoint      ] Safepoint "Cleanup", Time since last: 4000305567 ns, Reaching safepoint: 69902 ns, At safepoint: 4200 ns, Total: 74102 ns
[760.740s][info ][gc,start       ] GC(110) Pause Young (Allocation Failure)
[760.744s][debug][gc,phases      ] GC(110) Scavenge 3.556ms
[760.744s][debug][gc,ref         ] GC(110) Skipped phase 1 of Reference Processing: no references
[760.744s][debug][gc,ref         ] GC(110) ReferenceProcessor::execute queues: 1, RefProcThreadModel::Single, marks_oops_alive: false
[760.744s][debug][gc,ref         ] GC(110) Skipped phase 3 of Reference Processing: no references
[760.744s][debug][gc,ref         ] GC(110) Skipped phase 4 of Reference Processing: no references
[760.744s][debug][gc,phases      ] GC(110) Reference Processing 0.120ms
[760.744s][debug][gc,phases      ] GC(110)   VM Weak                        Min:  0.0, Avg:  0.0, Max:  0.0, Diff:  0.0, Sum:  0.0, Workers: 4
[760.744s][debug][gc,phases      ] GC(110)     Dead                           Min: 0, Avg:  0.0, Max: 0, Diff: 0, Sum: 0, Workers: 4
[760.744s][debug][gc,phases      ] GC(110)     Total                          Min: 0, Avg: 197.0, Max: 512, Diff: 512, Sum: 788, Workers: 4
[760.744s][debug][gc,phases      ] GC(110)   ObjectSynchronizer Weak        Min:  0.0, Avg:  0.0, Max:  0.0, Diff:  0.0, Sum:  0.0, Workers: 4
[760.744s][debug][gc,phases      ] GC(110)     Dead                           Min: 0, Avg:  0.0, Max: 0, Diff: 0, Sum: 0, Workers: 4
[760.744s][debug][gc,phases      ] GC(110)     Total                          Min: 0, Avg: 36.0, Max: 64, Diff: 64, Sum: 144, Workers: 4
[760.744s][debug][gc,phases      ] GC(110)   JVMTI Tag Weak OopStorage      Min:  0.0, Avg:  0.0, Max:  0.0, Diff:  0.0, Sum:  0.0, Workers: 4
[760.744s][debug][gc,phases      ] GC(110)     Dead                           Min: 0, Avg:  0.0, Max: 0, Diff: 0, Sum: 0, Workers: 4
[760.744s][debug][gc,phases      ] GC(110)     Total                          Min: 0, Avg:  0.0, Max: 0, Diff: 0, Sum: 0, Workers: 4
[760.744s][debug][gc,phases      ] GC(110)   StringTable Weak               Min:  0.0, Avg:  0.1, Max:  0.2, Diff:  0.2, Sum:  0.5, Workers: 4
[760.744s][debug][gc,phases      ] GC(110)     Dead                           Min: 0, Avg:  0.0, Max: 0, Diff: 0, Sum: 0, Workers: 4
[760.744s][debug][gc,phases      ] GC(110)     Total                          Min: 0, Avg: 10780.8, Max: 15936, Diff: 15936, Sum: 43123, Workers: 4
[760.745s][debug][gc,phases      ] GC(110)   ResolvedMethodTable Weak       Min:  0.0, Avg:  0.0, Max:  0.0, Diff:  0.0, Sum:  0.1, Workers: 4
[760.745s][debug][gc,phases      ] GC(110)     Dead                           Min: 0, Avg:  0.0, Max: 0, Diff: 0, Sum: 0, Workers: 4
[760.745s][debug][gc,phases      ] GC(110)     Total                          Min: 0, Avg: 2243.0, Max: 3072, Diff: 3072, Sum: 8972, Workers: 4
[760.745s][debug][gc,phases      ] GC(110)   JNI Weak                       Min:  0.0, Avg:  0.0, Max:  0.0, Diff:  0.0, Sum:  0.0, Workers: 4
[760.745s][debug][gc,phases      ] GC(110)     Dead                           Min: 0, Avg:  0.0, Max: 0, Diff: 0, Sum: 0, Workers: 4
[760.745s][debug][gc,phases      ] GC(110)     Total                          Min: 0, Avg: 11.2, Max: 45, Diff: 45, Sum: 45, Workers: 4
[760.745s][debug][gc,phases      ] GC(110)   StringDedup Table Weak         Min:  0.0, Avg:  0.0, Max:  0.0, Diff:  0.0, Sum:  0.0, Workers: 4
[760.745s][debug][gc,phases      ] GC(110)     Dead                           Min: 0, Avg:  0.0, Max: 0, Diff: 0, Sum: 0, Workers: 4
[760.745s][debug][gc,phases      ] GC(110)     Total                          Min: 0, Avg:  0.0, Max: 0, Diff: 0, Sum: 0, Workers: 4
[760.745s][debug][gc,phases      ] GC(110)   StringDedup Requests0 Weak     Min:  0.0, Avg:  0.0, Max:  0.0, Diff:  0.0, Sum:  0.0, Workers: 4
[760.745s][debug][gc,phases      ] GC(110)     Dead                           Min: 0, Avg:  0.0, Max: 0, Diff: 0, Sum: 0, Workers: 4
[760.745s][debug][gc,phases      ] GC(110)     Total                          Min: 0, Avg:  0.0, Max: 0, Diff: 0, Sum: 0, Workers: 4
[760.745s][debug][gc,phases      ] GC(110)   StringDedup Requests1 Weak     Min:  0.0, Avg:  0.0, Max:  0.0, Diff:  0.0, Sum:  0.0, Workers: 4
[760.745s][debug][gc,phases      ] GC(110)     Dead                           Min: 0, Avg:  0.0, Max: 0, Diff: 0, Sum: 0, Workers: 4
[760.745s][debug][gc,phases      ] GC(110)     Total                          Min: 0, Avg:  0.0, Max: 0, Diff: 0, Sum: 0, Workers: 4
[760.745s][debug][gc,phases      ] GC(110)   Weak JFR Old Object Samples    Min:  0.0, Avg:  0.0, Max:  0.0, Diff:  0.0, Sum:  0.0, Workers: 4
[760.745s][debug][gc,phases      ] GC(110)     Dead                           Min: 0, Avg:  0.0, Max: 0, Diff: 0, Sum: 0, Workers: 4
[760.745s][debug][gc,phases      ] GC(110)     Total                          Min: 0, Avg:  0.0, Max: 0, Diff: 0, Sum: 0, Workers: 4
[760.745s][debug][gc,phases      ] GC(110) Weak Processing 0.412ms
[760.745s][debug][gc,age         ] GC(110) Desired survivor size 42991616 bytes, new threshold 15 (max threshold 15)
[760.745s][info ][gc,heap        ] GC(110) PSYoungGen: 2005664K(2052096K)->1712K(2049024K) Eden: 2003968K(2003968K)->0K(2003968K) From: 1696K(48128K)->1712K(45056K)
[760.745s][info ][gc,heap        ] GC(110) ParOldGen: 402815K(451584K)->402839K(451584K)
[760.745s][info ][gc,metaspace   ] GC(110) Metaspace: 79552K(80512K)->79552K(80512K) NonClass: 68147K(68672K)->68147K(68672K) Class: 11404K(11840K)->11404K(11840K)
[760.745s][info ][gc             ] GC(110) Pause Young (Allocation Failure) 2352M->395M(2442M) 4.232ms
[760.745s][info ][gc,cpu         ] GC(110) User=0.01s Sys=0.00s Real=0.01s
[760.745s][info ][safepoint      ] Safepoint "ParallelGCFailedAllocation", Time since last: 2541389120 ns, Reaching safepoint: 46002 ns, At safepoint: 4313759 ns, Total: 4359761 ns
[766.745s][info ][safepoint      ] Safepoint "Cleanup", Time since last: 6000505389 ns, Reaching safepoint: 46902 ns, At safepoint: 2900 ns, Total: 49802 ns
[768.746s][info ][safepoint      ] Safepoint "Cleanup", Time since last: 2000217256 ns, Reaching safepoint: 120104 ns, At safepoint: 9001 ns, Total: 129105 ns
[769.340s][info ][gc,start       ] GC(111) Pause Young (Allocation Failure)
[769.345s][debug][gc,phases      ] GC(111) Scavenge 5.018ms
[769.346s][debug][gc,ref         ] GC(111) Skipped phase 1 of Reference Processing: no references
[769.346s][debug][gc,ref         ] GC(111) ReferenceProcessor::execute queues: 1, RefProcThreadModel::Single, marks_oops_alive: false
[769.346s][debug][gc,ref         ] GC(111) Skipped phase 3 of Reference Processing: no references
[769.346s][debug][gc,ref         ] GC(111) Skipped phase 4 of Reference Processing: no references
[769.346s][debug][gc,phases      ] GC(111) Reference Processing 0.110ms
[769.346s][debug][gc,phases      ] GC(111)   VM Weak                        Min:  0.0, Avg:  0.0, Max:  0.0, Diff:  0.0, Sum:  0.0, Workers: 4
[769.346s][debug][gc,phases      ] GC(111)     Dead                           Min: 0, Avg:  0.0, Max: 0, Diff: 0, Sum: 0, Workers: 4
[769.346s][debug][gc,phases      ] GC(111)     Total                          Min: 0, Avg: 197.0, Max: 640, Diff: 640, Sum: 788, Workers: 4
[769.346s][debug][gc,phases      ] GC(111)   ObjectSynchronizer Weak        Min:  0.0, Avg:  0.0, Max:  0.0, Diff:  0.0, Sum:  0.0, Workers: 4
[769.346s][debug][gc,phases      ] GC(111)     Dead                           Min: 0, Avg:  0.0, Max: 0, Diff: 0, Sum: 0, Workers: 4
[769.346s][debug][gc,phases      ] GC(111)     Total                          Min: 0, Avg: 36.0, Max: 64, Diff: 64, Sum: 144, Workers: 4
[769.346s][debug][gc,phases      ] GC(111)   JVMTI Tag Weak OopStorage      Min:  0.0, Avg:  0.0, Max:  0.0, Diff:  0.0, Sum:  0.0, Workers: 4
[769.346s][debug][gc,phases      ] GC(111)     Dead                           Min: 0, Avg:  0.0, Max: 0, Diff: 0, Sum: 0, Workers: 4
[769.346s][debug][gc,phases      ] GC(111)     Total                          Min: 0, Avg:  0.0, Max: 0, Diff: 0, Sum: 0, Workers: 4
[769.346s][debug][gc,phases      ] GC(111)   StringTable Weak               Min:  0.0, Avg:  0.1, Max:  0.1, Diff:  0.1, Sum:  0.4, Workers: 4
[769.346s][debug][gc,phases      ] GC(111)     Dead                           Min: 0, Avg:  0.0, Max: 0, Diff: 0, Sum: 0, Workers: 4
[769.346s][debug][gc,phases      ] GC(111)     Total                          Min: 0, Avg: 10780.8, Max: 15347, Diff: 15347, Sum: 43123, Workers: 4
[769.346s][debug][gc,phases      ] GC(111)   ResolvedMethodTable Weak       Min:  0.0, Avg:  0.0, Max:  0.0, Diff:  0.0, Sum:  0.1, Workers: 4
[769.346s][debug][gc,phases      ] GC(111)     Dead                           Min: 0, Avg:  0.0, Max: 0, Diff: 0, Sum: 0, Workers: 4
[769.346s][debug][gc,phases      ] GC(111)     Total                          Min: 0, Avg: 2243.0, Max: 3200, Diff: 3200, Sum: 8972, Workers: 4
[769.346s][debug][gc,phases      ] GC(111)   JNI Weak                       Min:  0.0, Avg:  0.0, Max:  0.0, Diff:  0.0, Sum:  0.0, Workers: 4
[769.346s][debug][gc,phases      ] GC(111)     Dead                           Min: 0, Avg:  0.0, Max: 0, Diff: 0, Sum: 0, Workers: 4
[769.346s][debug][gc,phases      ] GC(111)     Total                          Min: 0, Avg: 11.2, Max: 45, Diff: 45, Sum: 45, Workers: 4
[769.346s][debug][gc,phases      ] GC(111)   StringDedup Table Weak         Min:  0.0, Avg:  0.0, Max:  0.0, Diff:  0.0, Sum:  0.0, Workers: 4
[769.346s][debug][gc,phases      ] GC(111)     Dead                           Min: 0, Avg:  0.0, Max: 0, Diff: 0, Sum: 0, Workers: 4
[769.346s][debug][gc,phases      ] GC(111)     Total                          Min: 0, Avg:  0.0, Max: 0, Diff: 0, Sum: 0, Workers: 4
[769.346s][debug][gc,phases      ] GC(111)   StringDedup Requests0 Weak     Min:  0.0, Avg:  0.0, Max:  0.0, Diff:  0.0, Sum:  0.0, Workers: 4
[769.346s][debug][gc,phases      ] GC(111)     Dead                           Min: 0, Avg:  0.0, Max: 0, Diff: 0, Sum: 0, Workers: 4
[769.346s][debug][gc,phases      ] GC(111)     Total                          Min: 0, Avg:  0.0, Max: 0, Diff: 0, Sum: 0, Workers: 4
[769.346s][debug][gc,phases      ] GC(111)   StringDedup Requests1 Weak     Min:  0.0, Avg:  0.0, Max:  0.0, Diff:  0.0, Sum:  0.0, Workers: 4
[769.346s][debug][gc,phases      ] GC(111)     Dead                           Min: 0, Avg:  0.0, Max: 0, Diff: 0, Sum: 0, Workers: 4
[769.346s][debug][gc,phases      ] GC(111)     Total                          Min: 0, Avg:  0.0, Max: 0, Diff: 0, Sum: 0, Workers: 4
[769.346s][debug][gc,phases      ] GC(111)   Weak JFR Old Object Samples    Min:  0.0, Avg:  0.0, Max:  0.0, Diff:  0.0, Sum:  0.0, Workers: 4
[769.346s][debug][gc,phases      ] GC(111)     Dead                           Min: 0, Avg:  0.0, Max: 0, Diff: 0, Sum: 0, Workers: 4
[769.346s][debug][gc,phases      ] GC(111)     Total                          Min: 0, Avg:  0.0, Max: 0, Diff: 0, Sum: 0, Workers: 4
[769.346s][debug][gc,phases      ] GC(111) Weak Processing 0.383ms
[769.346s][debug][gc,age         ] GC(111) Desired survivor size 40370176 bytes, new threshold 15 (max threshold 15)
[769.346s][info ][gc,heap        ] GC(111) PSYoungGen: 2005680K(2049024K)->1680K(2057728K) Eden: 2003968K(2003968K)->0K(2015744K) From: 1712K(45056K)->1680K(41984K)
[769.346s][info ][gc,heap        ] GC(111) ParOldGen: 402839K(451584K)->402863K(451584K)
[769.346s][info ][gc,metaspace   ] GC(111) Metaspace: 79558K(80512K)->79558K(80512K) NonClass: 68153K(68672K)->68153K(68672K) Class: 11404K(11840K)->11404K(11840K)
[769.346s][info ][gc             ] GC(111) Pause Young (Allocation Failure) 2352M->395M(2450M) 5.682ms
[769.346s][info ][gc,cpu         ] GC(111) User=0.02s Sys=0.00s Real=0.01s
[769.346s][info ][safepoint      ] Safepoint "ParallelGCFailedAllocation", Time since last: 594674900 ns, Reaching safepoint: 59702 ns, At safepoint: 5771313 ns, Total: 5831015 ns
[770.346s][info ][safepoint      ] Safepoint "Cleanup", Time since last: 1000099234 ns, Reaching safepoint: 121204 ns, At safepoint: 9501 ns, Total: 130705 ns
[773.347s][info ][safepoint      ] Safepoint "Cleanup", Time since last: 3000274718 ns, Reaching safepoint: 150206 ns, At safepoint: 9600 ns, Total: 159806 ns
[777.939s][info ][gc,start       ] GC(112) Pause Young (Allocation Failure)
[777.941s][debug][gc,phases      ] GC(112) Scavenge 2.497ms
[777.941s][debug][gc,ref         ] GC(112) Skipped phase 1 of Reference Processing: no references
[777.941s][debug][gc,ref         ] GC(112) ReferenceProcessor::execute queues: 1, RefProcThreadModel::Single, marks_oops_alive: false
[777.941s][debug][gc,ref         ] GC(112) Skipped phase 3 of Reference Processing: no references
[777.941s][debug][gc,ref         ] GC(112) Skipped phase 4 of Reference Processing: no references
[777.941s][debug][gc,phases      ] GC(112) Reference Processing 0.105ms
[777.942s][debug][gc,phases      ] GC(112)   VM Weak                        Min:  0.0, Avg:  0.0, Max:  0.0, Diff:  0.0, Sum:  0.0, Workers: 4
[777.942s][debug][gc,phases      ] GC(112)     Dead                           Min: 0, Avg:  0.0, Max: 0, Diff: 0, Sum: 0, Workers: 4
[777.942s][debug][gc,phases      ] GC(112)     Total                          Min: 0, Avg: 197.0, Max: 576, Diff: 576, Sum: 788, Workers: 4
[777.942s][debug][gc,phases      ] GC(112)   ObjectSynchronizer Weak        Min:  0.0, Avg:  0.0, Max:  0.0, Diff:  0.0, Sum:  0.0, Workers: 4
[777.942s][debug][gc,phases      ] GC(112)     Dead                           Min: 0, Avg:  0.0, Max: 0, Diff: 0, Sum: 0, Workers: 4
[777.942s][debug][gc,phases      ] GC(112)     Total                          Min: 0, Avg: 36.0, Max: 64, Diff: 64, Sum: 144, Workers: 4
[777.942s][debug][gc,phases      ] GC(112)   JVMTI Tag Weak OopStorage      Min:  0.0, Avg:  0.0, Max:  0.0, Diff:  0.0, Sum:  0.0, Workers: 4
[777.942s][debug][gc,phases      ] GC(112)     Dead                           Min: 0, Avg:  0.0, Max: 0, Diff: 0, Sum: 0, Workers: 4
[777.942s][debug][gc,phases      ] GC(112)     Total                          Min: 0, Avg:  0.0, Max: 0, Diff: 0, Sum: 0, Workers: 4
[777.942s][debug][gc,phases      ] GC(112)   StringTable Weak               Min:  0.1, Avg:  0.1, Max:  0.1, Diff:  0.0, Sum:  0.4, Workers: 4
[777.942s][debug][gc,phases      ] GC(112)     Dead                           Min: 0, Avg:  0.0, Max: 0, Diff: 0, Sum: 0, Workers: 4
[777.942s][debug][gc,phases      ] GC(112)     Total                          Min: 10112, Avg: 10783.2, Max: 11648, Diff: 1536, Sum: 43133, Workers: 4
[777.942s][debug][gc,phases      ] GC(112)   ResolvedMethodTable Weak       Min:  0.0, Avg:  0.0, Max:  0.0, Diff:  0.0, Sum:  0.1, Workers: 4
[777.942s][debug][gc,phases      ] GC(112)     Dead                           Min: 0, Avg:  0.0, Max: 0, Diff: 0, Sum: 0, Workers: 4
[777.942s][debug][gc,phases      ] GC(112)     Total                          Min: 2176, Avg: 2243.0, Max: 2368, Diff: 192, Sum: 8972, Workers: 4
[777.942s][debug][gc,phases      ] GC(112)   JNI Weak                       Min:  0.0, Avg:  0.0, Max:  0.0, Diff:  0.0, Sum:  0.0, Workers: 4
[777.942s][debug][gc,phases      ] GC(112)     Dead                           Min: 0, Avg:  0.0, Max: 0, Diff: 0, Sum: 0, Workers: 4
[777.942s][debug][gc,phases      ] GC(112)     Total                          Min: 0, Avg: 11.2, Max: 45, Diff: 45, Sum: 45, Workers: 4
[777.942s][debug][gc,phases      ] GC(112)   StringDedup Table Weak         Min:  0.0, Avg:  0.0, Max:  0.0, Diff:  0.0, Sum:  0.0, Workers: 4
[777.942s][debug][gc,phases      ] GC(112)     Dead                           Min: 0, Avg:  0.0, Max: 0, Diff: 0, Sum: 0, Workers: 4
[777.942s][debug][gc,phases      ] GC(112)     Total                          Min: 0, Avg:  0.0, Max: 0, Diff: 0, Sum: 0, Workers: 4
[777.942s][debug][gc,phases      ] GC(112)   StringDedup Requests0 Weak     Min:  0.0, Avg:  0.0, Max:  0.0, Diff:  0.0, Sum:  0.0, Workers: 4
[777.942s][debug][gc,phases      ] GC(112)     Dead                           Min: 0, Avg:  0.0, Max: 0, Diff: 0, Sum: 0, Workers: 4
[777.942s][debug][gc,phases      ] GC(112)     Total                          Min: 0, Avg:  0.0, Max: 0, Diff: 0, Sum: 0, Workers: 4
[777.942s][debug][gc,phases      ] GC(112)   StringDedup Requests1 Weak     Min:  0.0, Avg:  0.0, Max:  0.0, Diff:  0.0, Sum:  0.0, Workers: 4
[777.942s][debug][gc,phases      ] GC(112)     Dead                           Min: 0, Avg:  0.0, Max: 0, Diff: 0, Sum: 0, Workers: 4
[777.942s][debug][gc,phases      ] GC(112)     Total                          Min: 0, Avg:  0.0, Max: 0, Diff: 0, Sum: 0, Workers: 4
[777.942s][debug][gc,phases      ] GC(112)   Weak JFR Old Object Samples    Min:  0.0, Avg:  0.0, Max:  0.0, Diff:  0.0, Sum:  0.0, Workers: 4
[777.942s][debug][gc,phases      ] GC(112)     Dead                           Min: 0, Avg:  0.0, Max: 0, Diff: 0, Sum: 0, Workers: 4
[777.942s][debug][gc,phases      ] GC(112)     Total                          Min: 0, Avg:  0.0, Max: 0, Diff: 0, Sum: 0, Workers: 4
[777.942s][debug][gc,phases      ] GC(112) Weak Processing 0.332ms
[777.942s][debug][gc,age         ] GC(112) Desired survivor size 37224448 bytes, new threshold 15 (max threshold 15)
[777.942s][info ][gc,heap        ] GC(112) PSYoungGen: 2017424K(2057728K)->1648K(2055168K) Eden: 2015744K(2015744K)->0K(2015744K) From: 1680K(41984K)->1648K(39424K)
[777.942s][info ][gc,heap        ] GC(112) ParOldGen: 402863K(451584K)->402887K(451584K)
[777.942s][info ][gc,metaspace   ] GC(112) Metaspace: 79559K(80512K)->79559K(80512K) NonClass: 68154K(68672K)->68154K(68672K) Class: 11405K(11840K)->11405K(11840K)
[777.942s][info ][gc             ] GC(112) Pause Young (Allocation Failure) 2363M->395M(2448M) 3.078ms
[777.942s][info ][gc,cpu         ] GC(112) User=0.01s Sys=0.00s Real=0.01s
[777.942s][info ][safepoint      ] Safepoint "ParallelGCFailedAllocation", Time since last: 4591751694 ns, Reaching safepoint: 53502 ns, At safepoint: 3168717 ns, Total: 3222219 ns
[778.942s][info ][safepoint      ] Safepoint "Cleanup", Time since last: 1000100459 ns, Reaching safepoint: 119005 ns, At safepoint: 10600 ns, Total: 129605 ns
[780.942s][info ][safepoint      ] Safepoint "Cleanup", Time since last: 2000195827 ns, Reaching safepoint: 119505 ns, At safepoint: 9600 ns, Total: 129105 ns
[782.640s][info ][gc,start       ] GC(113) Pause Young (Allocation Failure)
[782.643s][debug][gc,phases      ] GC(113) Scavenge 2.662ms
[782.643s][debug][gc,ref         ] GC(113) Skipped phase 1 of Reference Processing: no references
[782.643s][debug][gc,ref         ] GC(113) ReferenceProcessor::execute queues: 1, RefProcThreadModel::Single, marks_oops_alive: false
[782.643s][debug][gc,ref         ] GC(113) Skipped phase 3 of Reference Processing: no references
[782.643s][debug][gc,ref         ] GC(113) Skipped phase 4 of Reference Processing: no references
[782.643s][debug][gc,phases      ] GC(113) Reference Processing 0.106ms
[782.643s][debug][gc,phases      ] GC(113)   VM Weak                        Min:  0.0, Avg:  0.0, Max:  0.0, Diff:  0.0, Sum:  0.0, Workers: 4
[782.643s][debug][gc,phases      ] GC(113)     Dead                           Min: 0, Avg:  0.0, Max: 0, Diff: 0, Sum: 0, Workers: 4
[782.643s][debug][gc,phases      ] GC(113)     Total                          Min: 0, Avg: 197.0, Max: 448, Diff: 448, Sum: 788, Workers: 4
[782.643s][debug][gc,phases      ] GC(113)   ObjectSynchronizer Weak        Min:  0.0, Avg:  0.0, Max:  0.0, Diff:  0.0, Sum:  0.0, Workers: 4
[782.643s][debug][gc,phases      ] GC(113)     Dead                           Min: 0, Avg:  0.0, Max: 0, Diff: 0, Sum: 0, Workers: 4
[782.643s][debug][gc,phases      ] GC(113)     Total                          Min: 0, Avg: 36.0, Max: 64, Diff: 64, Sum: 144, Workers: 4
[782.643s][debug][gc,phases      ] GC(113)   JVMTI Tag Weak OopStorage      Min:  0.0, Avg:  0.0, Max:  0.0, Diff:  0.0, Sum:  0.0, Workers: 4
[782.643s][debug][gc,phases      ] GC(113)     Dead                           Min: 0, Avg:  0.0, Max: 0, Diff: 0, Sum: 0, Workers: 4
[782.643s][debug][gc,phases      ] GC(113)     Total                          Min: 0, Avg:  0.0, Max: 0, Diff: 0, Sum: 0, Workers: 4
[782.643s][debug][gc,phases      ] GC(113)   StringTable Weak               Min:  0.0, Avg:  0.1, Max:  0.2, Diff:  0.2, Sum:  0.5, Workers: 4
[782.643s][debug][gc,phases      ] GC(113)     Dead                           Min: 0, Avg:  0.0, Max: 0, Diff: 0, Sum: 0, Workers: 4
[782.643s][debug][gc,phases      ] GC(113)     Total                          Min: 0, Avg: 10784.0, Max: 14912, Diff: 14912, Sum: 43136, Workers: 4
[782.643s][debug][gc,phases      ] GC(113)   ResolvedMethodTable Weak       Min:  0.0, Avg:  0.0, Max:  0.0, Diff:  0.0, Sum:  0.1, Workers: 4
[782.643s][debug][gc,phases      ] GC(113)     Dead                           Min: 0, Avg:  0.0, Max: 0, Diff: 0, Sum: 0, Workers: 4
[782.643s][debug][gc,phases      ] GC(113)     Total                          Min: 0, Avg: 2243.0, Max: 3264, Diff: 3264, Sum: 8972, Workers: 4
[782.643s][debug][gc,phases      ] GC(113)   JNI Weak                       Min:  0.0, Avg:  0.0, Max:  0.0, Diff:  0.0, Sum:  0.0, Workers: 4
[782.643s][debug][gc,phases      ] GC(113)     Dead                           Min: 0, Avg:  0.0, Max: 0, Diff: 0, Sum: 0, Workers: 4
[782.643s][debug][gc,phases      ] GC(113)     Total                          Min: 0, Avg: 11.2, Max: 45, Diff: 45, Sum: 45, Workers: 4
[782.643s][debug][gc,phases      ] GC(113)   StringDedup Table Weak         Min:  0.0, Avg:  0.0, Max:  0.0, Diff:  0.0, Sum:  0.0, Workers: 4
[782.643s][debug][gc,phases      ] GC(113)     Dead                           Min: 0, Avg:  0.0, Max: 0, Diff: 0, Sum: 0, Workers: 4
[782.643s][debug][gc,phases      ] GC(113)     Total                          Min: 0, Avg:  0.0, Max: 0, Diff: 0, Sum: 0, Workers: 4
[782.643s][debug][gc,phases      ] GC(113)   StringDedup Requests0 Weak     Min:  0.0, Avg:  0.0, Max:  0.0, Diff:  0.0, Sum:  0.0, Workers: 4
[782.643s][debug][gc,phases      ] GC(113)     Dead                           Min: 0, Avg:  0.0, Max: 0, Diff: 0, Sum: 0, Workers: 4
[782.643s][debug][gc,phases      ] GC(113)     Total                          Min: 0, Avg:  0.0, Max: 0, Diff: 0, Sum: 0, Workers: 4
[782.643s][debug][gc,phases      ] GC(113)   StringDedup Requests1 Weak     Min:  0.0, Avg:  0.0, Max:  0.0, Diff:  0.0, Sum:  0.0, Workers: 4
[782.643s][debug][gc,phases      ] GC(113)     Dead                           Min: 0, Avg:  0.0, Max: 0, Diff: 0, Sum: 0, Workers: 4
[782.643s][debug][gc,phases      ] GC(113)     Total                          Min: 0, Avg:  0.0, Max: 0, Diff: 0, Sum: 0, Workers: 4
[782.643s][debug][gc,phases      ] GC(113)   Weak JFR Old Object Samples    Min:  0.0, Avg:  0.0, Max:  0.0, Diff:  0.0, Sum:  0.0, Workers: 4
[782.643s][debug][gc,phases      ] GC(113)     Dead                           Min: 0, Avg:  0.0, Max: 0, Diff: 0, Sum: 0, Workers: 4
[782.643s][debug][gc,phases      ] GC(113)     Total                          Min: 0, Avg:  0.0, Max: 0, Diff: 0, Sum: 0, Workers: 4
[782.644s][debug][gc,phases      ] GC(113) Weak Processing 0.385ms
[782.644s][debug][gc,age         ] GC(113) Desired survivor size 34603008 bytes, new threshold 15 (max threshold 15)
[782.644s][info ][gc,heap        ] GC(113) PSYoungGen: 2017392K(2055168K)->1824K(2063360K) Eden: 2015744K(2015744K)->0K(2027008K) From: 1648K(39424K)->1824K(36352K)
[782.644s][info ][gc,heap        ] GC(113) ParOldGen: 402887K(451584K)->402911K(451584K)
[782.644s][info ][gc,metaspace   ] GC(113) Metaspace: 79564K(80512K)->79564K(80512K) NonClass: 68159K(68672K)->68159K(68672K) Class: 11405K(11840K)->11405K(11840K)
[782.644s][info ][gc             ] GC(113) Pause Young (Allocation Failure) 2363M->395M(2456M) 3.296ms
[782.644s][info ][gc,cpu         ] GC(113) User=0.01s Sys=0.00s Real=0.01s
[782.644s][info ][safepoint      ] Safepoint "ParallelGCFailedAllocation", Time since last: 1697831091 ns, Reaching safepoint: 61302 ns, At safepoint: 3377225 ns, Total: 3438527 ns
[783.644s][info ][safepoint      ] Safepoint "Cleanup", Time since last: 1000096273 ns, Reaching safepoint: 129605 ns, At safepoint: 7600 ns, Total: 137205 ns
[784.644s][info ][safepoint      ] Safepoint "Cleanup", Time since last: 1000118477 ns, Reaching safepoint: 120004 ns, At safepoint: 7200 ns, Total: 127204 ns
[786.644s][info ][safepoint      ] Safepoint "Cleanup", Time since last: 2000194661 ns, Reaching safepoint: 125004 ns, At safepoint: 7501 ns, Total: 132505 ns
[789.645s][info ][safepoint      ] Safepoint "Cleanup", Time since last: 3000259661 ns, Reaching safepoint: 111904 ns, At safepoint: 8400 ns, Total: 120304 ns
[790.639s][info ][gc,start       ] GC(114) Pause Young (Allocation Failure)
[790.643s][debug][gc,phases      ] GC(114) Scavenge 3.900ms
[790.643s][debug][gc,ref         ] GC(114) Skipped phase 1 of Reference Processing: no references
[790.644s][debug][gc,ref         ] GC(114) ReferenceProcessor::execute queues: 1, RefProcThreadModel::Single, marks_oops_alive: false
[790.644s][debug][gc,ref         ] GC(114) Skipped phase 3 of Reference Processing: no references
[790.644s][debug][gc,ref         ] GC(114) Skipped phase 4 of Reference Processing: no references
[790.644s][debug][gc,phases      ] GC(114) Reference Processing 0.106ms
[790.644s][debug][gc,phases      ] GC(114)   VM Weak                        Min:  0.0, Avg:  0.0, Max:  0.0, Diff:  0.0, Sum:  0.0, Workers: 4
[790.644s][debug][gc,phases      ] GC(114)     Dead                           Min: 0, Avg:  0.0, Max: 0, Diff: 0, Sum: 0, Workers: 4
[790.644s][debug][gc,phases      ] GC(114)     Total                          Min: 0, Avg: 197.0, Max: 596, Diff: 596, Sum: 788, Workers: 4
[790.644s][debug][gc,phases      ] GC(114)   ObjectSynchronizer Weak        Min:  0.0, Avg:  0.0, Max:  0.0, Diff:  0.0, Sum:  0.0, Workers: 4
[790.644s][debug][gc,phases      ] GC(114)     Dead                           Min: 0, Avg:  0.0, Max: 0, Diff: 0, Sum: 0, Workers: 4
[790.644s][debug][gc,phases      ] GC(114)     Total                          Min: 0, Avg: 36.0, Max: 64, Diff: 64, Sum: 144, Workers: 4
[790.644s][debug][gc,phases      ] GC(114)   JVMTI Tag Weak OopStorage      Min:  0.0, Avg:  0.0, Max:  0.0, Diff:  0.0, Sum:  0.0, Workers: 4
[790.644s][debug][gc,phases      ] GC(114)     Dead                           Min: 0, Avg:  0.0, Max: 0, Diff: 0, Sum: 0, Workers: 4
[790.644s][debug][gc,phases      ] GC(114)     Total                          Min: 0, Avg:  0.0, Max: 0, Diff: 0, Sum: 0, Workers: 4
[790.644s][debug][gc,phases      ] GC(114)   StringTable Weak               Min:  0.0, Avg:  0.1, Max:  0.2, Diff:  0.2, Sum:  0.5, Workers: 4
[790.644s][debug][gc,phases      ] GC(114)     Dead                           Min: 0, Avg:  0.0, Max: 0, Diff: 0, Sum: 0, Workers: 4
[790.644s][debug][gc,phases      ] GC(114)     Total                          Min: 0, Avg: 10784.5, Max: 17344, Diff: 17344, Sum: 43138, Workers: 4
[790.644s][debug][gc,phases      ] GC(114)   ResolvedMethodTable Weak       Min:  0.0, Avg:  0.0, Max:  0.0, Diff:  0.0, Sum:  0.1, Workers: 4
[790.644s][debug][gc,phases      ] GC(114)     Dead                           Min: 0, Avg:  0.0, Max: 0, Diff: 0, Sum: 0, Workers: 4
[790.644s][debug][gc,phases      ] GC(114)     Total                          Min: 0, Avg: 2243.0, Max: 3136, Diff: 3136, Sum: 8972, Workers: 4
[790.644s][debug][gc,phases      ] GC(114)   JNI Weak                       Min:  0.0, Avg:  0.0, Max:  0.0, Diff:  0.0, Sum:  0.0, Workers: 4
[790.644s][debug][gc,phases      ] GC(114)     Dead                           Min: 0, Avg:  0.0, Max: 0, Diff: 0, Sum: 0, Workers: 4
[790.644s][debug][gc,phases      ] GC(114)     Total                          Min: 0, Avg: 11.2, Max: 45, Diff: 45, Sum: 45, Workers: 4
[790.644s][debug][gc,phases      ] GC(114)   StringDedup Table Weak         Min:  0.0, Avg:  0.0, Max:  0.0, Diff:  0.0, Sum:  0.0, Workers: 4
[790.644s][debug][gc,phases      ] GC(114)     Dead                           Min: 0, Avg:  0.0, Max: 0, Diff: 0, Sum: 0, Workers: 4
[790.644s][debug][gc,phases      ] GC(114)     Total                          Min: 0, Avg:  0.0, Max: 0, Diff: 0, Sum: 0, Workers: 4
[790.644s][debug][gc,phases      ] GC(114)   StringDedup Requests0 Weak     Min:  0.0, Avg:  0.0, Max:  0.0, Diff:  0.0, Sum:  0.0, Workers: 4
[790.644s][debug][gc,phases      ] GC(114)     Dead                           Min: 0, Avg:  0.0, Max: 0, Diff: 0, Sum: 0, Workers: 4
[790.644s][debug][gc,phases      ] GC(114)     Total                          Min: 0, Avg:  0.0, Max: 0, Diff: 0, Sum: 0, Workers: 4
[790.644s][debug][gc,phases      ] GC(114)   StringDedup Requests1 Weak     Min:  0.0, Avg:  0.0, Max:  0.0, Diff:  0.0, Sum:  0.0, Workers: 4
[790.644s][debug][gc,phases      ] GC(114)     Dead                           Min: 0, Avg:  0.0, Max: 0, Diff: 0, Sum: 0, Workers: 4
[790.644s][debug][gc,phases      ] GC(114)     Total                          Min: 0, Avg:  0.0, Max: 0, Diff: 0, Sum: 0, Workers: 4
[790.644s][debug][gc,phases      ] GC(114)   Weak JFR Old Object Samples    Min:  0.0, Avg:  0.0, Max:  0.0, Diff:  0.0, Sum:  0.0, Workers: 4
[790.644s][debug][gc,phases      ] GC(114)     Dead                           Min: 0, Avg:  0.0, Max: 0, Diff: 0, Sum: 0, Workers: 4
[790.644s][debug][gc,phases      ] GC(114)     Total                          Min: 0, Avg:  0.0, Max: 0, Diff: 0, Sum: 0, Workers: 4
[790.644s][debug][gc,phases      ] GC(114) Weak Processing 0.378ms
[790.644s][debug][gc,age         ] GC(114) Desired survivor size 32505856 bytes, new threshold 15 (max threshold 15)
[790.644s][info ][gc,heap        ] GC(114) PSYoungGen: 2028832K(2063360K)->1712K(2060800K) Eden: 2027008K(2027008K)->0K(2027008K) From: 1824K(36352K)->1712K(33792K)
[790.644s][info ][gc,heap        ] GC(114) ParOldGen: 402911K(451584K)->402927K(451584K)
[790.644s][info ][gc,metaspace   ] GC(114) Metaspace: 79579K(80576K)->79579K(80576K) NonClass: 68174K(68736K)->68174K(68736K) Class: 11405K(11840K)->11405K(11840K)
[790.644s][info ][gc             ] GC(114) Pause Young (Allocation Failure) 2374M->395M(2453M) 4.529ms
[790.644s][info ][gc,cpu         ] GC(114) User=0.02s Sys=0.00s Real=0.01s
[790.644s][info ][safepoint      ] Safepoint "ParallelGCFailedAllocation", Time since last: 994624891 ns, Reaching safepoint: 54503 ns, At safepoint: 4605169 ns, Total: 4659672 ns
[791.912s][info ][safepoint      ] Safepoint "Cleanup", Time since last: 1267562965 ns, Reaching safepoint: 80403 ns, At safepoint: 6600 ns, Total: 87003 ns
[795.869s][info ][safepoint      ] Safepoint "Cleanup", Time since last: 3956717004 ns, Reaching safepoint: 115704 ns, At safepoint: 9501 ns, Total: 125205 ns
[796.693s][info ][gc,start       ] GC(115) Pause Young (Allocation Failure)
[796.695s][debug][gc,phases      ] GC(115) Scavenge 2.364ms
[796.695s][debug][gc,ref         ] GC(115) Skipped phase 1 of Reference Processing: no references
[796.695s][debug][gc,ref         ] GC(115) ReferenceProcessor::execute queues: 1, RefProcThreadModel::Single, marks_oops_alive: false
[796.695s][debug][gc,ref         ] GC(115) Skipped phase 3 of Reference Processing: no references
[796.695s][debug][gc,ref         ] GC(115) Skipped phase 4 of Reference Processing: no references
[796.695s][debug][gc,phases      ] GC(115) Reference Processing 0.116ms
[796.695s][debug][gc,phases      ] GC(115)   VM Weak                        Min:  0.0, Avg:  0.0, Max:  0.0, Diff:  0.0, Sum:  0.0, Workers: 4
[796.695s][debug][gc,phases      ] GC(115)     Dead                           Min: 0, Avg:  0.0, Max: 0, Diff: 0, Sum: 0, Workers: 4
[796.695s][debug][gc,phases      ] GC(115)     Total                          Min: 0, Avg: 197.0, Max: 384, Diff: 384, Sum: 788, Workers: 4
[796.695s][debug][gc,phases      ] GC(115)   ObjectSynchronizer Weak        Min:  0.0, Avg:  0.0, Max:  0.0, Diff:  0.0, Sum:  0.0, Workers: 4
[796.695s][debug][gc,phases      ] GC(115)     Dead                           Min: 0, Avg:  0.0, Max: 0, Diff: 0, Sum: 0, Workers: 4
[796.695s][debug][gc,phases      ] GC(115)     Total                          Min: 0, Avg: 36.0, Max: 64, Diff: 64, Sum: 144, Workers: 4
[796.696s][debug][gc,phases      ] GC(115)   JVMTI Tag Weak OopStorage      Min:  0.0, Avg:  0.0, Max:  0.0, Diff:  0.0, Sum:  0.0, Workers: 4
[796.696s][debug][gc,phases      ] GC(115)     Dead                           Min: 0, Avg:  0.0, Max: 0, Diff: 0, Sum: 0, Workers: 4
[796.696s][debug][gc,phases      ] GC(115)     Total                          Min: 0, Avg:  0.0, Max: 0, Diff: 0, Sum: 0, Workers: 4
[796.696s][debug][gc,phases      ] GC(115)   StringTable Weak               Min:  0.0, Avg:  0.1, Max:  0.1, Diff:  0.1, Sum:  0.4, Workers: 4
[796.696s][debug][gc,phases      ] GC(115)     Dead                           Min: 0, Avg:  0.0, Max: 0, Diff: 0, Sum: 0, Workers: 4
[796.696s][debug][gc,phases      ] GC(115)     Total                          Min: 0, Avg: 10786.5, Max: 15488, Diff: 15488, Sum: 43146, Workers: 4
[796.696s][debug][gc,phases      ] GC(115)   ResolvedMethodTable Weak       Min:  0.0, Avg:  0.0, Max:  0.0, Diff:  0.0, Sum:  0.1, Workers: 4
[796.696s][debug][gc,phases      ] GC(115)     Dead                           Min: 0, Avg:  0.0, Max: 0, Diff: 0, Sum: 0, Workers: 4
[796.696s][debug][gc,phases      ] GC(115)     Total                          Min: 0, Avg: 2243.0, Max: 3200, Diff: 3200, Sum: 8972, Workers: 4
[796.696s][debug][gc,phases      ] GC(115)   JNI Weak                       Min:  0.0, Avg:  0.0, Max:  0.0, Diff:  0.0, Sum:  0.0, Workers: 4
[796.696s][debug][gc,phases      ] GC(115)     Dead                           Min: 0, Avg:  0.0, Max: 0, Diff: 0, Sum: 0, Workers: 4
[796.696s][debug][gc,phases      ] GC(115)     Total                          Min: 0, Avg: 11.2, Max: 45, Diff: 45, Sum: 45, Workers: 4
[796.696s][debug][gc,phases      ] GC(115)   StringDedup Table Weak         Min:  0.0, Avg:  0.0, Max:  0.0, Diff:  0.0, Sum:  0.0, Workers: 4
[796.696s][debug][gc,phases      ] GC(115)     Dead                           Min: 0, Avg:  0.0, Max: 0, Diff: 0, Sum: 0, Workers: 4
[796.696s][debug][gc,phases      ] GC(115)     Total                          Min: 0, Avg:  0.0, Max: 0, Diff: 0, Sum: 0, Workers: 4
[796.696s][debug][gc,phases      ] GC(115)   StringDedup Requests0 Weak     Min:  0.0, Avg:  0.0, Max:  0.0, Diff:  0.0, Sum:  0.0, Workers: 4
[796.696s][debug][gc,phases      ] GC(115)     Dead                           Min: 0, Avg:  0.0, Max: 0, Diff: 0, Sum: 0, Workers: 4
[796.696s][debug][gc,phases      ] GC(115)     Total                          Min: 0, Avg:  0.0, Max: 0, Diff: 0, Sum: 0, Workers: 4
[796.696s][debug][gc,phases      ] GC(115)   StringDedup Requests1 Weak     Min:  0.0, Avg:  0.0, Max:  0.0, Diff:  0.0, Sum:  0.0, Workers: 4
[796.696s][debug][gc,phases      ] GC(115)     Dead                           Min: 0, Avg:  0.0, Max: 0, Diff: 0, Sum: 0, Workers: 4
[796.696s][debug][gc,phases      ] GC(115)     Total                          Min: 0, Avg:  0.0, Max: 0, Diff: 0, Sum: 0, Workers: 4
[796.696s][debug][gc,phases      ] GC(115)   Weak JFR Old Object Samples    Min:  0.0, Avg:  0.0, Max:  0.0, Diff:  0.0, Sum:  0.0, Workers: 4
[796.696s][debug][gc,phases      ] GC(115)     Dead                           Min: 0, Avg:  0.0, Max: 0, Diff: 0, Sum: 0, Workers: 4
[796.696s][debug][gc,phases      ] GC(115)     Total                          Min: 0, Avg:  0.0, Max: 0, Diff: 0, Sum: 0, Workers: 4
[796.696s][debug][gc,phases      ] GC(115) Weak Processing 0.408ms
[796.696s][debug][gc,age         ] GC(115) Desired survivor size 29884416 bytes, new threshold 15 (max threshold 15)
[796.696s][info ][gc,heap        ] GC(115) PSYoungGen: 2028720K(2060800K)->1744K(2067968K) Eden: 2027008K(2027008K)->0K(2036224K) From: 1712K(33792K)->1744K(31744K)
[796.696s][info ][gc,heap        ] GC(115) ParOldGen: 402927K(451584K)->402935K(451584K)
[796.696s][info ][gc,metaspace   ] GC(115) Metaspace: 79590K(80576K)->79590K(80576K) NonClass: 68185K(68736K)->68185K(68736K) Class: 11405K(11840K)->11405K(11840K)
[796.696s][info ][gc             ] GC(115) Pause Young (Allocation Failure) 2374M->395M(2460M) 3.036ms
[796.696s][info ][gc,cpu         ] GC(115) User=0.01s Sys=0.00s Real=0.00s
[796.696s][info ][safepoint      ] Safepoint "ParallelGCFailedAllocation", Time since last: 824015512 ns, Reaching safepoint: 46801 ns, At safepoint: 3115215 ns, Total: 3162016 ns
[797.696s][info ][safepoint      ] Safepoint "Cleanup", Time since last: 1000102714 ns, Reaching safepoint: 125404 ns, At safepoint: 6701 ns, Total: 132105 ns
[799.696s][info ][safepoint      ] Safepoint "Cleanup", Time since last: 2000213135 ns, Reaching safepoint: 131505 ns, At safepoint: 13301 ns, Total: 144806 ns
[800.697s][info ][safepoint      ] Safepoint "Cleanup", Time since last: 1000138323 ns, Reaching safepoint: 136805 ns, At safepoint: 7000 ns, Total: 143805 ns
[801.697s][info ][safepoint      ] Safepoint "Cleanup", Time since last: 1000137426 ns, Reaching safepoint: 129105 ns, At safepoint: 10301 ns, Total: 139406 ns
[804.594s][info ][gc,start       ] GC(116) Pause Young (Allocation Failure)
[804.598s][debug][gc,phases      ] GC(116) Scavenge 3.763ms
[804.598s][debug][gc,ref         ] GC(116) Skipped phase 1 of Reference Processing: no references
[804.598s][debug][gc,ref         ] GC(116) ReferenceProcessor::execute queues: 1, RefProcThreadModel::Single, marks_oops_alive: false
[804.598s][debug][gc,ref         ] GC(116) Skipped phase 3 of Reference Processing: no references
[804.598s][debug][gc,ref         ] GC(116) Skipped phase 4 of Reference Processing: no references
[804.598s][debug][gc,phases      ] GC(116) Reference Processing 0.115ms
[804.598s][debug][gc,phases      ] GC(116)   VM Weak                        Min:  0.0, Avg:  0.0, Max:  0.0, Diff:  0.0, Sum:  0.0, Workers: 4
[804.598s][debug][gc,phases      ] GC(116)     Dead                           Min: 0, Avg:  0.0, Max: 0, Diff: 0, Sum: 0, Workers: 4
[804.598s][debug][gc,phases      ] GC(116)     Total                          Min: 0, Avg: 197.0, Max: 384, Diff: 384, Sum: 788, Workers: 4
[804.598s][debug][gc,phases      ] GC(116)   ObjectSynchronizer Weak        Min:  0.0, Avg:  0.0, Max:  0.0, Diff:  0.0, Sum:  0.0, Workers: 4
[804.598s][debug][gc,phases      ] GC(116)     Dead                           Min: 0, Avg:  0.0, Max: 0, Diff: 0, Sum: 0, Workers: 4
[804.598s][debug][gc,phases      ] GC(116)     Total                          Min: 0, Avg: 36.0, Max: 64, Diff: 64, Sum: 144, Workers: 4
[804.598s][debug][gc,phases      ] GC(116)   JVMTI Tag Weak OopStorage      Min:  0.0, Avg:  0.0, Max:  0.0, Diff:  0.0, Sum:  0.0, Workers: 4
[804.598s][debug][gc,phases      ] GC(116)     Dead                           Min: 0, Avg:  0.0, Max: 0, Diff: 0, Sum: 0, Workers: 4
[804.598s][debug][gc,phases      ] GC(116)     Total                          Min: 0, Avg:  0.0, Max: 0, Diff: 0, Sum: 0, Workers: 4
[804.598s][debug][gc,phases      ] GC(116)   StringTable Weak               Min:  0.0, Avg:  0.1, Max:  0.2, Diff:  0.2, Sum:  0.5, Workers: 4
[804.598s][debug][gc,phases      ] GC(116)     Dead                           Min: 0, Avg:  0.0, Max: 0, Diff: 0, Sum: 0, Workers: 4
[804.598s][debug][gc,phases      ] GC(116)     Total                          Min: 0, Avg: 10787.2, Max: 14528, Diff: 14528, Sum: 43149, Workers: 4
[804.598s][debug][gc,phases      ] GC(116)   ResolvedMethodTable Weak       Min:  0.0, Avg:  0.0, Max:  0.0, Diff:  0.0, Sum:  0.1, Workers: 4
[804.598s][debug][gc,phases      ] GC(116)     Dead                           Min: 0, Avg:  0.0, Max: 0, Diff: 0, Sum: 0, Workers: 4
[804.598s][debug][gc,phases      ] GC(116)     Total                          Min: 0, Avg: 2243.0, Max: 3072, Diff: 3072, Sum: 8972, Workers: 4
[804.598s][debug][gc,phases      ] GC(116)   JNI Weak                       Min:  0.0, Avg:  0.0, Max:  0.0, Diff:  0.0, Sum:  0.0, Workers: 4
[804.598s][debug][gc,phases      ] GC(116)     Dead                           Min: 0, Avg:  0.0, Max: 0, Diff: 0, Sum: 0, Workers: 4
[804.598s][debug][gc,phases      ] GC(116)     Total                          Min: 0, Avg: 11.2, Max: 45, Diff: 45, Sum: 45, Workers: 4
[804.598s][debug][gc,phases      ] GC(116)   StringDedup Table Weak         Min:  0.0, Avg:  0.0, Max:  0.0, Diff:  0.0, Sum:  0.0, Workers: 4
[804.598s][debug][gc,phases      ] GC(116)     Dead                           Min: 0, Avg:  0.0, Max: 0, Diff: 0, Sum: 0, Workers: 4
[804.598s][debug][gc,phases      ] GC(116)     Total                          Min: 0, Avg:  0.0, Max: 0, Diff: 0, Sum: 0, Workers: 4
[804.598s][debug][gc,phases      ] GC(116)   StringDedup Requests0 Weak     Min:  0.0, Avg:  0.0, Max:  0.0, Diff:  0.0, Sum:  0.0, Workers: 4
[804.598s][debug][gc,phases      ] GC(116)     Dead                           Min: 0, Avg:  0.0, Max: 0, Diff: 0, Sum: 0, Workers: 4
[804.598s][debug][gc,phases      ] GC(116)     Total                          Min: 0, Avg:  0.0, Max: 0, Diff: 0, Sum: 0, Workers: 4
[804.598s][debug][gc,phases      ] GC(116)   StringDedup Requests1 Weak     Min:  0.0, Avg:  0.0, Max:  0.0, Diff:  0.0, Sum:  0.0, Workers: 4
[804.598s][debug][gc,phases      ] GC(116)     Dead                           Min: 0, Avg:  0.0, Max: 0, Diff: 0, Sum: 0, Workers: 4
[804.598s][debug][gc,phases      ] GC(116)     Total                          Min: 0, Avg:  0.0, Max: 0, Diff: 0, Sum: 0, Workers: 4
[804.598s][debug][gc,phases      ] GC(116)   Weak JFR Old Object Samples    Min:  0.0, Avg:  0.0, Max:  0.0, Diff:  0.0, Sum:  0.0, Workers: 4
[804.598s][debug][gc,phases      ] GC(116)     Dead                           Min: 0, Avg:  0.0, Max: 0, Diff: 0, Sum: 0, Workers: 4
[804.598s][debug][gc,phases      ] GC(116)     Total                          Min: 0, Avg:  0.0, Max: 0, Diff: 0, Sum: 0, Workers: 4
[804.598s][debug][gc,phases      ] GC(116) Weak Processing 0.399ms
[804.598s][debug][gc,age         ] GC(116) Desired survivor size 27787264 bytes, new threshold 15 (max threshold 15)
[804.598s][info ][gc,heap        ] GC(116) PSYoungGen: 2037968K(2067968K)->1568K(2065408K) Eden: 2036224K(2036224K)->0K(2036224K) From: 1744K(31744K)->1568K(29184K)
[804.598s][info ][gc,heap        ] GC(116) ParOldGen: 402935K(451584K)->402967K(451584K)
[804.598s][info ][gc,metaspace   ] GC(116) Metaspace: 79632K(80576K)->79632K(80576K) NonClass: 68227K(68736K)->68227K(68736K) Class: 11405K(11840K)->11405K(11840K)
[804.598s][info ][gc             ] GC(116) Pause Young (Allocation Failure) 2383M->395M(2458M) 4.413ms
[804.599s][info ][gc,cpu         ] GC(116) User=0.01s Sys=0.00s Real=0.00s
[804.599s][info ][safepoint      ] Safepoint "ParallelGCFailedAllocation", Time since last: 2897128680 ns, Reaching safepoint: 32601 ns, At safepoint: 4490266 ns, Total: 4522867 ns
[807.599s][info ][safepoint      ] Safepoint "Cleanup", Time since last: 3000219413 ns, Reaching safepoint: 46401 ns, At safepoint: 3000 ns, Total: 49401 ns
[808.599s][info ][safepoint      ] Safepoint "Cleanup", Time since last: 1000139746 ns, Reaching safepoint: 51502 ns, At safepoint: 6700 ns, Total: 58202 ns
[809.599s][info ][safepoint      ] Safepoint "Cleanup", Time since last: 1000169749 ns, Reaching safepoint: 121405 ns, At safepoint: 6600 ns, Total: 128005 ns
[810.337s][info ][gc,start       ] GC(117) Pause Young (Allocation Failure)
[810.340s][debug][gc,phases      ] GC(117) Scavenge 2.173ms
[810.340s][debug][gc,ref         ] GC(117) Skipped phase 1 of Reference Processing: no references
[810.340s][debug][gc,ref         ] GC(117) ReferenceProcessor::execute queues: 1, RefProcThreadModel::Single, marks_oops_alive: false
[810.340s][debug][gc,ref         ] GC(117) Skipped phase 3 of Reference Processing: no references
[810.340s][debug][gc,ref         ] GC(117) Skipped phase 4 of Reference Processing: no references
[810.340s][debug][gc,phases      ] GC(117) Reference Processing 0.099ms
[810.340s][debug][gc,phases      ] GC(117)   VM Weak                        Min:  0.0, Avg:  0.0, Max:  0.0, Diff:  0.0, Sum:  0.0, Workers: 4
[810.340s][debug][gc,phases      ] GC(117)     Dead                           Min: 0, Avg:  0.0, Max: 0, Diff: 0, Sum: 0, Workers: 4
[810.340s][debug][gc,phases      ] GC(117)     Total                          Min: 0, Avg: 197.0, Max: 512, Diff: 512, Sum: 788, Workers: 4
[810.340s][debug][gc,phases      ] GC(117)   ObjectSynchronizer Weak        Min:  0.0, Avg:  0.0, Max:  0.0, Diff:  0.0, Sum:  0.0, Workers: 4
[810.340s][debug][gc,phases      ] GC(117)     Dead                           Min: 0, Avg:  0.0, Max: 0, Diff: 0, Sum: 0, Workers: 4
[810.340s][debug][gc,phases      ] GC(117)     Total                          Min: 0, Avg: 36.0, Max: 80, Diff: 80, Sum: 144, Workers: 4
[810.340s][debug][gc,phases      ] GC(117)   JVMTI Tag Weak OopStorage      Min:  0.0, Avg:  0.0, Max:  0.0, Diff:  0.0, Sum:  0.0, Workers: 4
[810.340s][debug][gc,phases      ] GC(117)     Dead                           Min: 0, Avg:  0.0, Max: 0, Diff: 0, Sum: 0, Workers: 4
[810.340s][debug][gc,phases      ] GC(117)     Total                          Min: 0, Avg:  0.0, Max: 0, Diff: 0, Sum: 0, Workers: 4
[810.340s][debug][gc,phases      ] GC(117)   StringTable Weak               Min:  0.0, Avg:  0.1, Max:  0.1, Diff:  0.1, Sum:  0.4, Workers: 4
[810.340s][debug][gc,phases      ] GC(117)     Dead                           Min: 0, Avg:  0.0, Max: 0, Diff: 0, Sum: 0, Workers: 4
[810.340s][debug][gc,phases      ] GC(117)     Total                          Min: 0, Avg: 10787.2, Max: 15552, Diff: 15552, Sum: 43149, Workers: 4
[810.340s][debug][gc,phases      ] GC(117)   ResolvedMethodTable Weak       Min:  0.0, Avg:  0.0, Max:  0.0, Diff:  0.0, Sum:  0.1, Workers: 4
[810.340s][debug][gc,phases      ] GC(117)     Dead                           Min: 0, Avg:  0.0, Max: 0, Diff: 0, Sum: 0, Workers: 4
[810.340s][debug][gc,phases      ] GC(117)     Total                          Min: 0, Avg: 2243.0, Max: 3264, Diff: 3264, Sum: 8972, Workers: 4
[810.340s][debug][gc,phases      ] GC(117)   JNI Weak                       Min:  0.0, Avg:  0.0, Max:  0.0, Diff:  0.0, Sum:  0.0, Workers: 4
[810.340s][debug][gc,phases      ] GC(117)     Dead                           Min: 0, Avg:  0.0, Max: 0, Diff: 0, Sum: 0, Workers: 4
[810.340s][debug][gc,phases      ] GC(117)     Total                          Min: 0, Avg: 11.2, Max: 45, Diff: 45, Sum: 45, Workers: 4
[810.340s][debug][gc,phases      ] GC(117)   StringDedup Table Weak         Min:  0.0, Avg:  0.0, Max:  0.0, Diff:  0.0, Sum:  0.0, Workers: 4
[810.340s][debug][gc,phases      ] GC(117)     Dead                           Min: 0, Avg:  0.0, Max: 0, Diff: 0, Sum: 0, Workers: 4
[810.340s][debug][gc,phases      ] GC(117)     Total                          Min: 0, Avg:  0.0, Max: 0, Diff: 0, Sum: 0, Workers: 4
[810.340s][debug][gc,phases      ] GC(117)   StringDedup Requests0 Weak     Min:  0.0, Avg:  0.0, Max:  0.0, Diff:  0.0, Sum:  0.0, Workers: 4
[810.340s][debug][gc,phases      ] GC(117)     Dead                           Min: 0, Avg:  0.0, Max: 0, Diff: 0, Sum: 0, Workers: 4
[810.340s][debug][gc,phases      ] GC(117)     Total                          Min: 0, Avg:  0.0, Max: 0, Diff: 0, Sum: 0, Workers: 4
[810.340s][debug][gc,phases      ] GC(117)   StringDedup Requests1 Weak     Min:  0.0, Avg:  0.0, Max:  0.0, Diff:  0.0, Sum:  0.0, Workers: 4
[810.340s][debug][gc,phases      ] GC(117)     Dead                           Min: 0, Avg:  0.0, Max: 0, Diff: 0, Sum: 0, Workers: 4
[810.340s][debug][gc,phases      ] GC(117)     Total                          Min: 0, Avg:  0.0, Max: 0, Diff: 0, Sum: 0, Workers: 4
[810.340s][debug][gc,phases      ] GC(117)   Weak JFR Old Object Samples    Min:  0.0, Avg:  0.0, Max:  0.0, Diff:  0.0, Sum:  0.0, Workers: 4
[810.340s][debug][gc,phases      ] GC(117)     Dead                           Min: 0, Avg:  0.0, Max: 0, Diff: 0, Sum: 0, Workers: 4
[810.340s][debug][gc,phases      ] GC(117)     Total                          Min: 0, Avg:  0.0, Max: 0, Diff: 0, Sum: 0, Workers: 4
[810.340s][debug][gc,phases      ] GC(117) Weak Processing 0.360ms
[810.340s][debug][gc,age         ] GC(117) Desired survivor size 26214400 bytes, new threshold 15 (max threshold 15)
[810.340s][info ][gc,heap        ] GC(117) PSYoungGen: 2037792K(2065408K)->1312K(2071552K) Eden: 2036224K(2036224K)->0K(2044416K) From: 1568K(29184K)->1312K(27136K)
[810.340s][info ][gc,heap        ] GC(117) ParOldGen: 402967K(451584K)->403287K(451584K)
[810.340s][info ][gc,metaspace   ] GC(117) Metaspace: 79634K(80576K)->79634K(80576K) NonClass: 68228K(68736K)->68228K(68736K) Class: 11405K(11840K)->11405K(11840K)
[810.340s][info ][gc             ] GC(117) Pause Young (Allocation Failure) 2383M->395M(2464M) 2.751ms
[810.340s][info ][gc,cpu         ] GC(117) User=0.00s Sys=0.00s Real=0.00s
[810.340s][info ][safepoint      ] Safepoint "ParallelGCFailedAllocation", Time since last: 738084669 ns, Reaching safepoint: 51802 ns, At safepoint: 2840705 ns, Total: 2892507 ns
[814.341s][info ][safepoint      ] Safepoint "Cleanup", Time since last: 4000307419 ns, Reaching safepoint: 128505 ns, At safepoint: 6400 ns, Total: 134905 ns
[815.341s][info ][safepoint      ] Safepoint "Cleanup", Time since last: 1000130064 ns, Reaching safepoint: 118504 ns, At safepoint: 4401 ns, Total: 122905 ns
[817.341s][info ][safepoint      ] Safepoint "Cleanup", Time since last: 2000208733 ns, Reaching safepoint: 131905 ns, At safepoint: 6900 ns, Total: 138805 ns
[818.342s][info ][safepoint      ] Safepoint "Cleanup", Time since last: 1000116872 ns, Reaching safepoint: 156305 ns, At safepoint: 7801 ns, Total: 164106 ns
[819.135s][info ][gc,start       ] GC(118) Pause Young (Allocation Failure)
[819.137s][debug][gc,phases      ] GC(118) Scavenge 2.237ms
[819.137s][debug][gc,ref         ] GC(118) Skipped phase 1 of Reference Processing: no references
[819.137s][debug][gc,ref         ] GC(118) ReferenceProcessor::execute queues: 1, RefProcThreadModel::Single, marks_oops_alive: false
[819.137s][debug][gc,ref         ] GC(118) Skipped phase 3 of Reference Processing: no references
[819.137s][debug][gc,ref         ] GC(118) Skipped phase 4 of Reference Processing: no references
[819.137s][debug][gc,phases      ] GC(118) Reference Processing 0.130ms
[819.137s][debug][gc,phases      ] GC(118)   VM Weak                        Min:  0.0, Avg:  0.0, Max:  0.0, Diff:  0.0, Sum:  0.0, Workers: 4
[819.137s][debug][gc,phases      ] GC(118)     Dead                           Min: 0, Avg:  0.0, Max: 0, Diff: 0, Sum: 0, Workers: 4
[819.137s][debug][gc,phases      ] GC(118)     Total                          Min: 0, Avg: 197.0, Max: 596, Diff: 596, Sum: 788, Workers: 4
[819.137s][debug][gc,phases      ] GC(118)   ObjectSynchronizer Weak        Min:  0.0, Avg:  0.0, Max:  0.0, Diff:  0.0, Sum:  0.0, Workers: 4
[819.137s][debug][gc,phases      ] GC(118)     Dead                           Min: 0, Avg:  0.0, Max: 0, Diff: 0, Sum: 0, Workers: 4
[819.137s][debug][gc,phases      ] GC(118)     Total                          Min: 0, Avg: 36.0, Max: 64, Diff: 64, Sum: 144, Workers: 4
[819.137s][debug][gc,phases      ] GC(118)   JVMTI Tag Weak OopStorage      Min:  0.0, Avg:  0.0, Max:  0.0, Diff:  0.0, Sum:  0.0, Workers: 4
[819.137s][debug][gc,phases      ] GC(118)     Dead                           Min: 0, Avg:  0.0, Max: 0, Diff: 0, Sum: 0, Workers: 4
[819.137s][debug][gc,phases      ] GC(118)     Total                          Min: 0, Avg:  0.0, Max: 0, Diff: 0, Sum: 0, Workers: 4
[819.137s][debug][gc,phases      ] GC(118)   StringTable Weak               Min:  0.0, Avg:  0.1, Max:  0.1, Diff:  0.1, Sum:  0.4, Workers: 4
[819.137s][debug][gc,phases      ] GC(118)     Dead                           Min: 0, Avg:  0.0, Max: 0, Diff: 0, Sum: 0, Workers: 4
[819.137s][debug][gc,phases      ] GC(118)     Total                          Min: 0, Avg: 10787.5, Max: 14926, Diff: 14926, Sum: 43150, Workers: 4
[819.137s][debug][gc,phases      ] GC(118)   ResolvedMethodTable Weak       Min:  0.0, Avg:  0.0, Max:  0.0, Diff:  0.0, Sum:  0.1, Workers: 4
[819.137s][debug][gc,phases      ] GC(118)     Dead                           Min: 0, Avg:  0.0, Max: 0, Diff: 0, Sum: 0, Workers: 4
[819.137s][debug][gc,phases      ] GC(118)     Total                          Min: 0, Avg: 2243.0, Max: 3212, Diff: 3212, Sum: 8972, Workers: 4
[819.137s][debug][gc,phases      ] GC(118)   JNI Weak                       Min:  0.0, Avg:  0.0, Max:  0.0, Diff:  0.0, Sum:  0.0, Workers: 4
[819.137s][debug][gc,phases      ] GC(118)     Dead                           Min: 0, Avg:  0.0, Max: 0, Diff: 0, Sum: 0, Workers: 4
[819.137s][debug][gc,phases      ] GC(118)     Total                          Min: 0, Avg: 11.2, Max: 45, Diff: 45, Sum: 45, Workers: 4
[819.137s][debug][gc,phases      ] GC(118)   StringDedup Table Weak         Min:  0.0, Avg:  0.0, Max:  0.0, Diff:  0.0, Sum:  0.0, Workers: 4
[819.137s][debug][gc,phases      ] GC(118)     Dead                           Min: 0, Avg:  0.0, Max: 0, Diff: 0, Sum: 0, Workers: 4
[819.137s][debug][gc,phases      ] GC(118)     Total                          Min: 0, Avg:  0.0, Max: 0, Diff: 0, Sum: 0, Workers: 4
[819.137s][debug][gc,phases      ] GC(118)   StringDedup Requests0 Weak     Min:  0.0, Avg:  0.0, Max:  0.0, Diff:  0.0, Sum:  0.0, Workers: 4
[819.137s][debug][gc,phases      ] GC(118)     Dead                           Min: 0, Avg:  0.0, Max: 0, Diff: 0, Sum: 0, Workers: 4
[819.137s][debug][gc,phases      ] GC(118)     Total                          Min: 0, Avg:  0.0, Max: 0, Diff: 0, Sum: 0, Workers: 4
[819.137s][debug][gc,phases      ] GC(118)   StringDedup Requests1 Weak     Min:  0.0, Avg:  0.0, Max:  0.0, Diff:  0.0, Sum:  0.0, Workers: 4
[819.137s][debug][gc,phases      ] GC(118)     Dead                           Min: 0, Avg:  0.0, Max: 0, Diff: 0, Sum: 0, Workers: 4
[819.137s][debug][gc,phases      ] GC(118)     Total                          Min: 0, Avg:  0.0, Max: 0, Diff: 0, Sum: 0, Workers: 4
[819.137s][debug][gc,phases      ] GC(118)   Weak JFR Old Object Samples    Min:  0.0, Avg:  0.0, Max:  0.0, Diff:  0.0, Sum:  0.0, Workers: 4
[819.137s][debug][gc,phases      ] GC(118)     Dead                           Min: 0, Avg:  0.0, Max: 0, Diff: 0, Sum: 0, Workers: 4
[819.137s][debug][gc,phases      ] GC(118)     Total                          Min: 0, Avg:  0.0, Max: 0, Diff: 0, Sum: 0, Workers: 4
[819.137s][debug][gc,phases      ] GC(118) Weak Processing 0.378ms
[819.137s][debug][gc,age         ] GC(118) Desired survivor size 24117248 bytes, new threshold 15 (max threshold 15)
[819.137s][info ][gc,heap        ] GC(118) PSYoungGen: 2045728K(2071552K)->1408K(2070016K) Eden: 2044416K(2044416K)->0K(2044416K) From: 1312K(27136K)->1408K(25600K)
[819.137s][info ][gc,heap        ] GC(118) ParOldGen: 403287K(451584K)->403319K(451584K)
[819.137s][info ][gc,metaspace   ] GC(118) Metaspace: 79646K(80640K)->79646K(80640K) NonClass: 68241K(68800K)->68241K(68800K) Class: 11405K(11840K)->11405K(11840K)
[819.138s][info ][gc             ] GC(118) Pause Young (Allocation Failure) 2391M->395M(2462M) 2.880ms
[819.138s][info ][gc,cpu         ] GC(118) User=0.00s Sys=0.00s Real=0.00s
[819.138s][info ][safepoint      ] Safepoint "ParallelGCFailedAllocation", Time since last: 792941114 ns, Reaching safepoint: 52802 ns, At safepoint: 2953910 ns, Total: 3006712 ns
[822.138s][info ][safepoint      ] Safepoint "Cleanup", Time since last: 3000229432 ns, Reaching safepoint: 124204 ns, At safepoint: 7001 ns, Total: 131205 ns
[823.138s][info ][safepoint      ] Safepoint "Cleanup", Time since last: 1000116784 ns, Reaching safepoint: 178907 ns, At safepoint: 18000 ns, Total: 196907 ns
[825.139s][info ][safepoint      ] Safepoint "Cleanup", Time since last: 2000177575 ns, Reaching safepoint: 115904 ns, At safepoint: 6801 ns, Total: 122705 ns
[825.875s][info ][gc,start       ] GC(119) Pause Young (Allocation Failure)
[825.882s][debug][gc,phases      ] GC(119) Scavenge 6.379ms
[825.882s][debug][gc,ref         ] GC(119) Skipped phase 1 of Reference Processing: no references
[825.882s][debug][gc,ref         ] GC(119) ReferenceProcessor::execute queues: 1, RefProcThreadModel::Single, marks_oops_alive: false
[825.882s][debug][gc,ref         ] GC(119) Skipped phase 3 of Reference Processing: no references
[825.882s][debug][gc,ref         ] GC(119) Skipped phase 4 of Reference Processing: no references
[825.882s][debug][gc,phases      ] GC(119) Reference Processing 0.126ms
[825.882s][debug][gc,phases      ] GC(119)   VM Weak                        Min:  0.0, Avg:  0.0, Max:  0.0, Diff:  0.0, Sum:  0.0, Workers: 4
[825.882s][debug][gc,phases      ] GC(119)     Dead                           Min: 0, Avg:  0.0, Max: 0, Diff: 0, Sum: 0, Workers: 4
[825.882s][debug][gc,phases      ] GC(119)     Total                          Min: 0, Avg: 197.0, Max: 384, Diff: 384, Sum: 788, Workers: 4
[825.882s][debug][gc,phases      ] GC(119)   ObjectSynchronizer Weak        Min:  0.0, Avg:  0.0, Max:  0.0, Diff:  0.0, Sum:  0.0, Workers: 4
[825.882s][debug][gc,phases      ] GC(119)     Dead                           Min: 0, Avg:  0.0, Max: 0, Diff: 0, Sum: 0, Workers: 4
[825.882s][debug][gc,phases      ] GC(119)     Total                          Min: 0, Avg: 36.0, Max: 64, Diff: 64, Sum: 144, Workers: 4
[825.882s][debug][gc,phases      ] GC(119)   JVMTI Tag Weak OopStorage      Min:  0.0, Avg:  0.0, Max:  0.0, Diff:  0.0, Sum:  0.0, Workers: 4
[825.882s][debug][gc,phases      ] GC(119)     Dead                           Min: 0, Avg:  0.0, Max: 0, Diff: 0, Sum: 0, Workers: 4
[825.882s][debug][gc,phases      ] GC(119)     Total                          Min: 0, Avg:  0.0, Max: 0, Diff: 0, Sum: 0, Workers: 4
[825.882s][debug][gc,phases      ] GC(119)   StringTable Weak               Min:  0.0, Avg:  0.1, Max:  0.2, Diff:  0.2, Sum:  0.5, Workers: 4
[825.882s][debug][gc,phases      ] GC(119)     Dead                           Min: 0, Avg:  0.0, Max: 0, Diff: 0, Sum: 0, Workers: 4
[825.882s][debug][gc,phases      ] GC(119)     Total                          Min: 0, Avg: 10789.2, Max: 15296, Diff: 15296, Sum: 43157, Workers: 4
[825.882s][debug][gc,phases      ] GC(119)   ResolvedMethodTable Weak       Min:  0.0, Avg:  0.0, Max:  0.0, Diff:  0.0, Sum:  0.1, Workers: 4
[825.882s][debug][gc,phases      ] GC(119)     Dead                           Min: 0, Avg:  0.0, Max: 0, Diff: 0, Sum: 0, Workers: 4
[825.882s][debug][gc,phases      ] GC(119)     Total                          Min: 0, Avg: 2243.0, Max: 3136, Diff: 3136, Sum: 8972, Workers: 4
[825.882s][debug][gc,phases      ] GC(119)   JNI Weak                       Min:  0.0, Avg:  0.0, Max:  0.0, Diff:  0.0, Sum:  0.0, Workers: 4
[825.882s][debug][gc,phases      ] GC(119)     Dead                           Min: 0, Avg:  0.0, Max: 0, Diff: 0, Sum: 0, Workers: 4
[825.882s][debug][gc,phases      ] GC(119)     Total                          Min: 0, Avg: 11.2, Max: 45, Diff: 45, Sum: 45, Workers: 4
[825.882s][debug][gc,phases      ] GC(119)   StringDedup Table Weak         Min:  0.0, Avg:  0.0, Max:  0.0, Diff:  0.0, Sum:  0.0, Workers: 4
[825.882s][debug][gc,phases      ] GC(119)     Dead                           Min: 0, Avg:  0.0, Max: 0, Diff: 0, Sum: 0, Workers: 4
[825.882s][debug][gc,phases      ] GC(119)     Total                          Min: 0, Avg:  0.0, Max: 0, Diff: 0, Sum: 0, Workers: 4
[825.882s][debug][gc,phases      ] GC(119)   StringDedup Requests0 Weak     Min:  0.0, Avg:  0.0, Max:  0.0, Diff:  0.0, Sum:  0.0, Workers: 4
[825.882s][debug][gc,phases      ] GC(119)     Dead                           Min: 0, Avg:  0.0, Max: 0, Diff: 0, Sum: 0, Workers: 4
[825.882s][debug][gc,phases      ] GC(119)     Total                          Min: 0, Avg:  0.0, Max: 0, Diff: 0, Sum: 0, Workers: 4
[825.882s][debug][gc,phases      ] GC(119)   StringDedup Requests1 Weak     Min:  0.0, Avg:  0.0, Max:  0.0, Diff:  0.0, Sum:  0.0, Workers: 4
[825.882s][debug][gc,phases      ] GC(119)     Dead                           Min: 0, Avg:  0.0, Max: 0, Diff: 0, Sum: 0, Workers: 4
[825.882s][debug][gc,phases      ] GC(119)     Total                          Min: 0, Avg:  0.0, Max: 0, Diff: 0, Sum: 0, Workers: 4
[825.882s][debug][gc,phases      ] GC(119)   Weak JFR Old Object Samples    Min:  0.0, Avg:  0.0, Max:  0.0, Diff:  0.0, Sum:  0.0, Workers: 4
[825.882s][debug][gc,phases      ] GC(119)     Dead                           Min: 0, Avg:  0.0, Max: 0, Diff: 0, Sum: 0, Workers: 4
[825.882s][debug][gc,phases      ] GC(119)     Total                          Min: 0, Avg:  0.0, Max: 0, Diff: 0, Sum: 0, Workers: 4
[825.882s][debug][gc,phases      ] GC(119) Weak Processing 0.431ms
[825.882s][debug][gc,age         ] GC(119) Desired survivor size 22544384 bytes, new threshold 15 (max threshold 15)
[825.882s][info ][gc,heap        ] GC(119) PSYoungGen: 2045824K(2070016K)->4326K(2075136K) Eden: 2044416K(2044416K)->0K(2051584K) From: 1408K(25600K)->4326K(23552K)
[825.882s][info ][gc,heap        ] GC(119) ParOldGen: 403319K(451584K)->403903K(451584K)
[825.882s][info ][gc,metaspace   ] GC(119) Metaspace: 79700K(80640K)->79700K(80640K) NonClass: 68292K(68800K)->68292K(68800K) Class: 11407K(11840K)->11407K(11840K)
[825.882s][info ][gc             ] GC(119) Pause Young (Allocation Failure) 2391M->398M(2467M) 7.098ms
[825.882s][info ][gc,cpu         ] GC(119) User=0.03s Sys=0.00s Real=0.01s
[825.882s][info ][safepoint      ] Safepoint "ParallelGCFailedAllocation", Time since last: 736564243 ns, Reaching safepoint: 49102 ns, At safepoint: 7185366 ns, Total: 7234468 ns
[826.883s][info ][safepoint      ] Safepoint "Cleanup", Time since last: 1000104994 ns, Reaching safepoint: 145705 ns, At safepoint: 6300 ns, Total: 152005 ns
[827.883s][info ][safepoint      ] Safepoint "Cleanup", Time since last: 1000139298 ns, Reaching safepoint: 120105 ns, At safepoint: 8100 ns, Total: 128205 ns
[829.883s][info ][safepoint      ] Safepoint "Cleanup", Time since last: 2000230202 ns, Reaching safepoint: 51102 ns, At safepoint: 6100 ns, Total: 57202 ns
[831.884s][info ][safepoint      ] Safepoint "Cleanup", Time since last: 2000229613 ns, Reaching safepoint: 143505 ns, At safepoint: 11001 ns, Total: 154506 ns
[833.444s][info ][gc,start       ] GC(120) Pause Young (Allocation Failure)
[833.450s][debug][gc,phases      ] GC(120) Scavenge 5.586ms
[833.450s][debug][gc,ref         ] GC(120) Skipped phase 1 of Reference Processing: no references
[833.450s][debug][gc,ref         ] GC(120) ReferenceProcessor::execute queues: 1, RefProcThreadModel::Single, marks_oops_alive: false
[833.450s][debug][gc,ref         ] GC(120) Skipped phase 3 of Reference Processing: no references
[833.450s][debug][gc,ref         ] GC(120) Skipped phase 4 of Reference Processing: no references
[833.450s][debug][gc,phases      ] GC(120) Reference Processing 0.101ms
[833.450s][debug][gc,phases      ] GC(120)   VM Weak                        Min:  0.0, Avg:  0.0, Max:  0.0, Diff:  0.0, Sum:  0.0, Workers: 4
[833.450s][debug][gc,phases      ] GC(120)     Dead                           Min: 0, Avg:  0.0, Max: 0, Diff: 0, Sum: 0, Workers: 4
[833.450s][debug][gc,phases      ] GC(120)     Total                          Min: 0, Avg: 197.0, Max: 384, Diff: 384, Sum: 788, Workers: 4
[833.450s][debug][gc,phases      ] GC(120)   ObjectSynchronizer Weak        Min:  0.0, Avg:  0.0, Max:  0.0, Diff:  0.0, Sum:  0.0, Workers: 4
[833.450s][debug][gc,phases      ] GC(120)     Dead                           Min: 0, Avg:  0.0, Max: 0, Diff: 0, Sum: 0, Workers: 4
[833.450s][debug][gc,phases      ] GC(120)     Total                          Min: 0, Avg: 36.0, Max: 64, Diff: 64, Sum: 144, Workers: 4
[833.450s][debug][gc,phases      ] GC(120)   JVMTI Tag Weak OopStorage      Min:  0.0, Avg:  0.0, Max:  0.0, Diff:  0.0, Sum:  0.0, Workers: 4
[833.450s][debug][gc,phases      ] GC(120)     Dead                           Min: 0, Avg:  0.0, Max: 0, Diff: 0, Sum: 0, Workers: 4
[833.450s][debug][gc,phases      ] GC(120)     Total                          Min: 0, Avg:  0.0, Max: 0, Diff: 0, Sum: 0, Workers: 4
[833.450s][debug][gc,phases      ] GC(120)   StringTable Weak               Min:  0.0, Avg:  0.1, Max:  0.1, Diff:  0.1, Sum:  0.4, Workers: 4
[833.450s][debug][gc,phases      ] GC(120)     Dead                           Min: 0, Avg:  0.0, Max: 0, Diff: 0, Sum: 0, Workers: 4
[833.450s][debug][gc,phases      ] GC(120)     Total                          Min: 0, Avg: 10791.0, Max: 15040, Diff: 15040, Sum: 43164, Workers: 4
[833.450s][debug][gc,phases      ] GC(120)   ResolvedMethodTable Weak       Min:  0.0, Avg:  0.0, Max:  0.0, Diff:  0.0, Sum:  0.1, Workers: 4
[833.450s][debug][gc,phases      ] GC(120)     Dead                           Min: 0, Avg:  0.0, Max: 0, Diff: 0, Sum: 0, Workers: 4
[833.450s][debug][gc,phases      ] GC(120)     Total                          Min: 0, Avg: 2243.0, Max: 3392, Diff: 3392, Sum: 8972, Workers: 4
[833.450s][debug][gc,phases      ] GC(120)   JNI Weak                       Min:  0.0, Avg:  0.0, Max:  0.0, Diff:  0.0, Sum:  0.0, Workers: 4
[833.450s][debug][gc,phases      ] GC(120)     Dead                           Min: 0, Avg:  0.0, Max: 0, Diff: 0, Sum: 0, Workers: 4
[833.450s][debug][gc,phases      ] GC(120)     Total                          Min: 0, Avg: 11.2, Max: 45, Diff: 45, Sum: 45, Workers: 4
[833.450s][debug][gc,phases      ] GC(120)   StringDedup Table Weak         Min:  0.0, Avg:  0.0, Max:  0.0, Diff:  0.0, Sum:  0.0, Workers: 4
[833.450s][debug][gc,phases      ] GC(120)     Dead                           Min: 0, Avg:  0.0, Max: 0, Diff: 0, Sum: 0, Workers: 4
[833.450s][debug][gc,phases      ] GC(120)     Total                          Min: 0, Avg:  0.0, Max: 0, Diff: 0, Sum: 0, Workers: 4
[833.450s][debug][gc,phases      ] GC(120)   StringDedup Requests0 Weak     Min:  0.0, Avg:  0.0, Max:  0.0, Diff:  0.0, Sum:  0.0, Workers: 4
[833.450s][debug][gc,phases      ] GC(120)     Dead                           Min: 0, Avg:  0.0, Max: 0, Diff: 0, Sum: 0, Workers: 4
[833.450s][debug][gc,phases      ] GC(120)     Total                          Min: 0, Avg:  0.0, Max: 0, Diff: 0, Sum: 0, Workers: 4
[833.450s][debug][gc,phases      ] GC(120)   StringDedup Requests1 Weak     Min:  0.0, Avg:  0.0, Max:  0.0, Diff:  0.0, Sum:  0.0, Workers: 4
[833.450s][debug][gc,phases      ] GC(120)     Dead                           Min: 0, Avg:  0.0, Max: 0, Diff: 0, Sum: 0, Workers: 4
[833.450s][debug][gc,phases      ] GC(120)     Total                          Min: 0, Avg:  0.0, Max: 0, Diff: 0, Sum: 0, Workers: 4
[833.450s][debug][gc,phases      ] GC(120)   Weak JFR Old Object Samples    Min:  0.0, Avg:  0.0, Max:  0.0, Diff:  0.0, Sum:  0.0, Workers: 4
[833.450s][debug][gc,phases      ] GC(120)     Dead                           Min: 0, Avg:  0.0, Max: 0, Diff: 0, Sum: 0, Workers: 4
[833.450s][debug][gc,phases      ] GC(120)     Total                          Min: 0, Avg:  0.0, Max: 0, Diff: 0, Sum: 0, Workers: 4
[833.450s][debug][gc,phases      ] GC(120) Weak Processing 0.417ms
[833.450s][debug][gc,age         ] GC(120) Desired survivor size 20971520 bytes, new threshold 15 (max threshold 15)
[833.450s][info ][gc,heap        ] GC(120) PSYoungGen: 2055910K(2075136K)->3044K(2073600K) Eden: 2051584K(2051584K)->0K(2051584K) From: 4326K(23552K)->3044K(22016K)
[833.450s][info ][gc,heap        ] GC(120) ParOldGen: 403903K(451584K)->403935K(451584K)
[833.450s][info ][gc,metaspace   ] GC(120) Metaspace: 79740K(80704K)->79740K(80704K) NonClass: 68333K(68864K)->68333K(68864K) Class: 11407K(11840K)->11407K(11840K)
[833.450s][info ][gc             ] GC(120) Pause Young (Allocation Failure) 2402M->397M(2466M) 6.223ms
[833.450s][info ][gc,cpu         ] GC(120) User=0.02s Sys=0.00s Real=0.01s
[833.450s][info ][safepoint      ] Safepoint "ParallelGCFailedAllocation", Time since last: 1560404445 ns, Reaching safepoint: 101604 ns, At safepoint: 6329034 ns, Total: 6430638 ns
[834.450s][info ][safepoint      ] Safepoint "Cleanup", Time since last: 1000064913 ns, Reaching safepoint: 46601 ns, At safepoint: 5400 ns, Total: 52001 ns
[841.451s][info ][safepoint      ] Safepoint "Cleanup", Time since last: 7000524765 ns, Reaching safepoint: 108004 ns, At safepoint: 5700 ns, Total: 113704 ns
[842.337s][info ][gc,start       ] GC(121) Pause Young (Allocation Failure)
[842.341s][debug][gc,phases      ] GC(121) Scavenge 3.119ms
[842.341s][debug][gc,ref         ] GC(121) Skipped phase 1 of Reference Processing: no references
[842.341s][debug][gc,ref         ] GC(121) ReferenceProcessor::execute queues: 1, RefProcThreadModel::Single, marks_oops_alive: false
[842.341s][debug][gc,ref         ] GC(121) Skipped phase 3 of Reference Processing: no references
[842.341s][debug][gc,ref         ] GC(121) Skipped phase 4 of Reference Processing: no references
[842.341s][debug][gc,phases      ] GC(121) Reference Processing 0.097ms
[842.341s][debug][gc,phases      ] GC(121)   VM Weak                        Min:  0.0, Avg:  0.0, Max:  0.0, Diff:  0.0, Sum:  0.0, Workers: 4
[842.341s][debug][gc,phases      ] GC(121)     Dead                           Min: 0, Avg:  0.0, Max: 0, Diff: 0, Sum: 0, Workers: 4
[842.341s][debug][gc,phases      ] GC(121)     Total                          Min: 0, Avg: 197.0, Max: 704, Diff: 704, Sum: 788, Workers: 4
[842.341s][debug][gc,phases      ] GC(121)   ObjectSynchronizer Weak        Min:  0.0, Avg:  0.0, Max:  0.0, Diff:  0.0, Sum:  0.0, Workers: 4
[842.341s][debug][gc,phases      ] GC(121)     Dead                           Min: 0, Avg:  0.0, Max: 0, Diff: 0, Sum: 0, Workers: 4
[842.341s][debug][gc,phases      ] GC(121)     Total                          Min: 0, Avg: 36.0, Max: 80, Diff: 80, Sum: 144, Workers: 4
[842.341s][debug][gc,phases      ] GC(121)   JVMTI Tag Weak OopStorage      Min:  0.0, Avg:  0.0, Max:  0.0, Diff:  0.0, Sum:  0.0, Workers: 4
[842.341s][debug][gc,phases      ] GC(121)     Dead                           Min: 0, Avg:  0.0, Max: 0, Diff: 0, Sum: 0, Workers: 4
[842.341s][debug][gc,phases      ] GC(121)     Total                          Min: 0, Avg:  0.0, Max: 0, Diff: 0, Sum: 0, Workers: 4
[842.341s][debug][gc,phases      ] GC(121)   StringTable Weak               Min:  0.1, Avg:  0.1, Max:  0.1, Diff:  0.0, Sum:  0.4, Workers: 4
[842.341s][debug][gc,phases      ] GC(121)     Dead                           Min: 0, Avg:  0.0, Max: 0, Diff: 0, Sum: 0, Workers: 4
[842.341s][debug][gc,phases      ] GC(121)     Total                          Min: 9856, Avg: 10791.0, Max: 12608, Diff: 2752, Sum: 43164, Workers: 4
[842.341s][debug][gc,phases      ] GC(121)   ResolvedMethodTable Weak       Min:  0.0, Avg:  0.0, Max:  0.0, Diff:  0.0, Sum:  0.1, Workers: 4
[842.341s][debug][gc,phases      ] GC(121)     Dead                           Min: 0, Avg:  0.0, Max: 0, Diff: 0, Sum: 0, Workers: 4
[842.341s][debug][gc,phases      ] GC(121)     Total                          Min: 2060, Avg: 2243.0, Max: 2496, Diff: 436, Sum: 8972, Workers: 4
[842.341s][debug][gc,phases      ] GC(121)   JNI Weak                       Min:  0.0, Avg:  0.0, Max:  0.0, Diff:  0.0, Sum:  0.0, Workers: 4
[842.341s][debug][gc,phases      ] GC(121)     Dead                           Min: 0, Avg:  0.0, Max: 0, Diff: 0, Sum: 0, Workers: 4
[842.341s][debug][gc,phases      ] GC(121)     Total                          Min: 0, Avg: 11.2, Max: 45, Diff: 45, Sum: 45, Workers: 4
[842.341s][debug][gc,phases      ] GC(121)   StringDedup Table Weak         Min:  0.0, Avg:  0.0, Max:  0.0, Diff:  0.0, Sum:  0.0, Workers: 4
[842.341s][debug][gc,phases      ] GC(121)     Dead                           Min: 0, Avg:  0.0, Max: 0, Diff: 0, Sum: 0, Workers: 4
[842.341s][debug][gc,phases      ] GC(121)     Total                          Min: 0, Avg:  0.0, Max: 0, Diff: 0, Sum: 0, Workers: 4
[842.341s][debug][gc,phases      ] GC(121)   StringDedup Requests0 Weak     Min:  0.0, Avg:  0.0, Max:  0.0, Diff:  0.0, Sum:  0.0, Workers: 4
[842.341s][debug][gc,phases      ] GC(121)     Dead                           Min: 0, Avg:  0.0, Max: 0, Diff: 0, Sum: 0, Workers: 4
[842.341s][debug][gc,phases      ] GC(121)     Total                          Min: 0, Avg:  0.0, Max: 0, Diff: 0, Sum: 0, Workers: 4
[842.341s][debug][gc,phases      ] GC(121)   StringDedup Requests1 Weak     Min:  0.0, Avg:  0.0, Max:  0.0, Diff:  0.0, Sum:  0.0, Workers: 4
[842.341s][debug][gc,phases      ] GC(121)     Dead                           Min: 0, Avg:  0.0, Max: 0, Diff: 0, Sum: 0, Workers: 4
[842.341s][debug][gc,phases      ] GC(121)     Total                          Min: 0, Avg:  0.0, Max: 0, Diff: 0, Sum: 0, Workers: 4
[842.341s][debug][gc,phases      ] GC(121)   Weak JFR Old Object Samples    Min:  0.0, Avg:  0.0, Max:  0.0, Diff:  0.0, Sum:  0.0, Workers: 4
[842.341s][debug][gc,phases      ] GC(121)     Dead                           Min: 0, Avg:  0.0, Max: 0, Diff: 0, Sum: 0, Workers: 4
[842.341s][debug][gc,phases      ] GC(121)     Total                          Min: 0, Avg:  0.0, Max: 0, Diff: 0, Sum: 0, Workers: 4
[842.341s][debug][gc,phases      ] GC(121) Weak Processing 0.316ms
[842.341s][debug][gc,age         ] GC(121) Desired survivor size 19398656 bytes, new threshold 15 (max threshold 15)
[842.341s][info ][gc,heap        ] GC(121) PSYoungGen: 2054628K(2073600K)->2948K(2078208K) Eden: 2051584K(2051584K)->0K(2057728K) From: 3044K(22016K)->2948K(20480K)
[842.341s][info ][gc,heap        ] GC(121) ParOldGen: 403935K(451584K)->403967K(451584K)
[842.341s][info ][gc,metaspace   ] GC(121) Metaspace: 79745K(80704K)->79745K(80704K) NonClass: 68338K(68864K)->68338K(68864K) Class: 11407K(11840K)->11407K(11840K)
[842.341s][info ][gc             ] GC(121) Pause Young (Allocation Failure) 2400M->397M(2470M) 3.682ms
[842.341s][info ][gc,cpu         ] GC(121) User=0.01s Sys=0.00s Real=0.01s
[842.341s][info ][safepoint      ] Safepoint "ParallelGCFailedAllocation", Time since last: 886084212 ns, Reaching safepoint: 101804 ns, At safepoint: 3762039 ns, Total: 3863843 ns
[851.538s][info ][gc,start       ] GC(122) Pause Young (Allocation Failure)
[851.540s][debug][gc,phases      ] GC(122) Scavenge 2.788ms
[851.540s][debug][gc,ref         ] GC(122) Skipped phase 1 of Reference Processing: no references
[851.541s][debug][gc,ref         ] GC(122) ReferenceProcessor::execute queues: 1, RefProcThreadModel::Single, marks_oops_alive: false
[851.541s][debug][gc,ref         ] GC(122) Skipped phase 3 of Reference Processing: no references
[851.541s][debug][gc,ref         ] GC(122) Skipped phase 4 of Reference Processing: no references
[851.541s][debug][gc,phases      ] GC(122) Reference Processing 0.100ms
[851.541s][debug][gc,phases      ] GC(122)   VM Weak                        Min:  0.0, Avg:  0.0, Max:  0.0, Diff:  0.0, Sum:  0.0, Workers: 4
[851.541s][debug][gc,phases      ] GC(122)     Dead                           Min: 0, Avg:  0.0, Max: 0, Diff: 0, Sum: 0, Workers: 4
[851.541s][debug][gc,phases      ] GC(122)     Total                          Min: 0, Avg: 197.0, Max: 404, Diff: 404, Sum: 788, Workers: 4
[851.541s][debug][gc,phases      ] GC(122)   ObjectSynchronizer Weak        Min:  0.0, Avg:  0.0, Max:  0.0, Diff:  0.0, Sum:  0.0, Workers: 4
[851.541s][debug][gc,phases      ] GC(122)     Dead                           Min: 0, Avg:  0.0, Max: 0, Diff: 0, Sum: 0, Workers: 4
[851.541s][debug][gc,phases      ] GC(122)     Total                          Min: 0, Avg: 36.0, Max: 80, Diff: 80, Sum: 144, Workers: 4
[851.541s][debug][gc,phases      ] GC(122)   JVMTI Tag Weak OopStorage      Min:  0.0, Avg:  0.0, Max:  0.0, Diff:  0.0, Sum:  0.0, Workers: 4
[851.541s][debug][gc,phases      ] GC(122)     Dead                           Min: 0, Avg:  0.0, Max: 0, Diff: 0, Sum: 0, Workers: 4
[851.541s][debug][gc,phases      ] GC(122)     Total                          Min: 0, Avg:  0.0, Max: 0, Diff: 0, Sum: 0, Workers: 4
[851.541s][debug][gc,phases      ] GC(122)   StringTable Weak               Min:  0.1, Avg:  0.1, Max:  0.1, Diff:  0.0, Sum:  0.4, Workers: 4
[851.541s][debug][gc,phases      ] GC(122)     Dead                           Min: 0, Avg:  0.0, Max: 0, Diff: 0, Sum: 0, Workers: 4
[851.541s][debug][gc,phases      ] GC(122)     Total                          Min: 10332, Avg: 10791.0, Max: 11584, Diff: 1252, Sum: 43164, Workers: 4
[851.541s][debug][gc,phases      ] GC(122)   ResolvedMethodTable Weak       Min:  0.0, Avg:  0.0, Max:  0.0, Diff:  0.0, Sum:  0.1, Workers: 4
[851.541s][debug][gc,phases      ] GC(122)     Dead                           Min: 0, Avg:  0.0, Max: 0, Diff: 0, Sum: 0, Workers: 4
[851.541s][debug][gc,phases      ] GC(122)     Total                          Min: 1996, Avg: 2243.0, Max: 2624, Diff: 628, Sum: 8972, Workers: 4
[851.541s][debug][gc,phases      ] GC(122)   JNI Weak                       Min:  0.0, Avg:  0.0, Max:  0.0, Diff:  0.0, Sum:  0.0, Workers: 4
[851.541s][debug][gc,phases      ] GC(122)     Dead                           Min: 0, Avg:  0.0, Max: 0, Diff: 0, Sum: 0, Workers: 4
[851.541s][debug][gc,phases      ] GC(122)     Total                          Min: 0, Avg: 11.2, Max: 45, Diff: 45, Sum: 45, Workers: 4
[851.541s][debug][gc,phases      ] GC(122)   StringDedup Table Weak         Min:  0.0, Avg:  0.0, Max:  0.0, Diff:  0.0, Sum:  0.0, Workers: 4
[851.541s][debug][gc,phases      ] GC(122)     Dead                           Min: 0, Avg:  0.0, Max: 0, Diff: 0, Sum: 0, Workers: 4
[851.541s][debug][gc,phases      ] GC(122)     Total                          Min: 0, Avg:  0.0, Max: 0, Diff: 0, Sum: 0, Workers: 4
[851.541s][debug][gc,phases      ] GC(122)   StringDedup Requests0 Weak     Min:  0.0, Avg:  0.0, Max:  0.0, Diff:  0.0, Sum:  0.0, Workers: 4
[851.541s][debug][gc,phases      ] GC(122)     Dead                           Min: 0, Avg:  0.0, Max: 0, Diff: 0, Sum: 0, Workers: 4
[851.541s][debug][gc,phases      ] GC(122)     Total                          Min: 0, Avg:  0.0, Max: 0, Diff: 0, Sum: 0, Workers: 4
[851.541s][debug][gc,phases      ] GC(122)   StringDedup Requests1 Weak     Min:  0.0, Avg:  0.0, Max:  0.0, Diff:  0.0, Sum:  0.0, Workers: 4
[851.541s][debug][gc,phases      ] GC(122)     Dead                           Min: 0, Avg:  0.0, Max: 0, Diff: 0, Sum: 0, Workers: 4
[851.541s][debug][gc,phases      ] GC(122)     Total                          Min: 0, Avg:  0.0, Max: 0, Diff: 0, Sum: 0, Workers: 4
[851.541s][debug][gc,phases      ] GC(122)   Weak JFR Old Object Samples    Min:  0.0, Avg:  0.0, Max:  0.0, Diff:  0.0, Sum:  0.0, Workers: 4
[851.541s][debug][gc,phases      ] GC(122)     Dead                           Min: 0, Avg:  0.0, Max: 0, Diff: 0, Sum: 0, Workers: 4
[851.541s][debug][gc,phases      ] GC(122)     Total                          Min: 0, Avg:  0.0, Max: 0, Diff: 0, Sum: 0, Workers: 4
[851.541s][debug][gc,phases      ] GC(122) Weak Processing 0.313ms
[851.541s][debug][gc,age         ] GC(122) Desired survivor size 17825792 bytes, new threshold 15 (max threshold 15)
[851.541s][info ][gc,heap        ] GC(122) PSYoungGen: 2060676K(2078208K)->2948K(2076672K) Eden: 2057728K(2057728K)->0K(2057728K) From: 2948K(20480K)->2948K(18944K)
[851.541s][info ][gc,heap        ] GC(122) ParOldGen: 403967K(451584K)->403999K(451584K)
[851.541s][info ][gc,metaspace   ] GC(122) Metaspace: 79746K(80704K)->79746K(80704K) NonClass: 68339K(68864K)->68339K(68864K) Class: 11407K(11840K)->11407K(11840K)
[851.541s][info ][gc             ] GC(122) Pause Young (Allocation Failure) 2406M->397M(2469M) 3.328ms
[851.541s][info ][gc,cpu         ] GC(122) User=0.01s Sys=0.00s Real=0.00s
[851.541s][info ][safepoint      ] Safepoint "ParallelGCFailedAllocation", Time since last: 9196505275 ns, Reaching safepoint: 32302 ns, At safepoint: 3422326 ns, Total: 3454628 ns
[854.541s][info ][safepoint      ] Safepoint "Cleanup", Time since last: 3000252688 ns, Reaching safepoint: 119505 ns, At safepoint: 12200 ns, Total: 131705 ns
[855.542s][info ][safepoint      ] Safepoint "Cleanup", Time since last: 1000120169 ns, Reaching safepoint: 117805 ns, At safepoint: 8500 ns, Total: 126305 ns
[856.542s][info ][safepoint      ] Safepoint "Cleanup", Time since last: 1000120072 ns, Reaching safepoint: 123404 ns, At safepoint: 9301 ns, Total: 132705 ns
[859.593s][info ][gc,start       ] GC(123) Pause Young (Allocation Failure)
[859.598s][debug][gc,phases      ] GC(123) Scavenge 4.798ms
[859.598s][debug][gc,ref         ] GC(123) Skipped phase 1 of Reference Processing: no references
[859.598s][debug][gc,ref         ] GC(123) ReferenceProcessor::execute queues: 1, RefProcThreadModel::Single, marks_oops_alive: false
[859.598s][debug][gc,ref         ] GC(123) Skipped phase 3 of Reference Processing: no references
[859.598s][debug][gc,ref         ] GC(123) ReferenceProcessor::execute queues: 1, RefProcThreadModel::Single, marks_oops_alive: false
[859.598s][debug][gc,phases      ] GC(123) Reference Processing 0.100ms
[859.599s][debug][gc,phases      ] GC(123)   VM Weak                        Min:  0.0, Avg:  0.0, Max:  0.0, Diff:  0.0, Sum:  0.0, Workers: 4
[859.599s][debug][gc,phases      ] GC(123)     Dead                           Min: 0, Avg:  0.0, Max: 0, Diff: 0, Sum: 0, Workers: 4
[859.599s][debug][gc,phases      ] GC(123)     Total                          Min: 0, Avg: 197.0, Max: 704, Diff: 704, Sum: 788, Workers: 4
[859.599s][debug][gc,phases      ] GC(123)   ObjectSynchronizer Weak        Min:  0.0, Avg:  0.0, Max:  0.0, Diff:  0.0, Sum:  0.0, Workers: 4
[859.599s][debug][gc,phases      ] GC(123)     Dead                           Min: 0, Avg:  0.0, Max: 0, Diff: 0, Sum: 0, Workers: 4
[859.599s][debug][gc,phases      ] GC(123)     Total                          Min: 0, Avg: 36.0, Max: 80, Diff: 80, Sum: 144, Workers: 4
[859.599s][debug][gc,phases      ] GC(123)   JVMTI Tag Weak OopStorage      Min:  0.0, Avg:  0.0, Max:  0.0, Diff:  0.0, Sum:  0.0, Workers: 4
[859.599s][debug][gc,phases      ] GC(123)     Dead                           Min: 0, Avg:  0.0, Max: 0, Diff: 0, Sum: 0, Workers: 4
[859.599s][debug][gc,phases      ] GC(123)     Total                          Min: 0, Avg:  0.0, Max: 0, Diff: 0, Sum: 0, Workers: 4
[859.599s][debug][gc,phases      ] GC(123)   StringTable Weak               Min:  0.0, Avg:  0.1, Max:  0.1, Diff:  0.1, Sum:  0.4, Workers: 4
[859.599s][debug][gc,phases      ] GC(123)     Dead                           Min: 0, Avg:  0.2, Max: 1, Diff: 1, Sum: 1, Workers: 4
[859.599s][debug][gc,phases      ] GC(123)     Total                          Min: 0, Avg: 10791.8, Max: 15392, Diff: 15392, Sum: 43167, Workers: 4
[859.599s][debug][gc,phases      ] GC(123)   ResolvedMethodTable Weak       Min:  0.0, Avg:  0.0, Max:  0.0, Diff:  0.0, Sum:  0.1, Workers: 4
[859.599s][debug][gc,phases      ] GC(123)     Dead                           Min: 0, Avg:  0.0, Max: 0, Diff: 0, Sum: 0, Workers: 4
[859.599s][debug][gc,phases      ] GC(123)     Total                          Min: 0, Avg: 2243.0, Max: 3136, Diff: 3136, Sum: 8972, Workers: 4
[859.599s][debug][gc,phases      ] GC(123)   JNI Weak                       Min:  0.0, Avg:  0.0, Max:  0.0, Diff:  0.0, Sum:  0.0, Workers: 4
[859.599s][debug][gc,phases      ] GC(123)     Dead                           Min: 0, Avg:  0.0, Max: 0, Diff: 0, Sum: 0, Workers: 4
[859.599s][debug][gc,phases      ] GC(123)     Total                          Min: 0, Avg: 11.2, Max: 45, Diff: 45, Sum: 45, Workers: 4
[859.599s][debug][gc,phases      ] GC(123)   StringDedup Table Weak         Min:  0.0, Avg:  0.0, Max:  0.0, Diff:  0.0, Sum:  0.0, Workers: 4
[859.599s][debug][gc,phases      ] GC(123)     Dead                           Min: 0, Avg:  0.0, Max: 0, Diff: 0, Sum: 0, Workers: 4
[859.599s][debug][gc,phases      ] GC(123)     Total                          Min: 0, Avg:  0.0, Max: 0, Diff: 0, Sum: 0, Workers: 4
[859.599s][debug][gc,phases      ] GC(123)   StringDedup Requests0 Weak     Min:  0.0, Avg:  0.0, Max:  0.0, Diff:  0.0, Sum:  0.0, Workers: 4
[859.599s][debug][gc,phases      ] GC(123)     Dead                           Min: 0, Avg:  0.0, Max: 0, Diff: 0, Sum: 0, Workers: 4
[859.599s][debug][gc,phases      ] GC(123)     Total                          Min: 0, Avg:  0.0, Max: 0, Diff: 0, Sum: 0, Workers: 4
[859.599s][debug][gc,phases      ] GC(123)   StringDedup Requests1 Weak     Min:  0.0, Avg:  0.0, Max:  0.0, Diff:  0.0, Sum:  0.0, Workers: 4
[859.599s][debug][gc,phases      ] GC(123)     Dead                           Min: 0, Avg:  0.0, Max: 0, Diff: 0, Sum: 0, Workers: 4
[859.599s][debug][gc,phases      ] GC(123)     Total                          Min: 0, Avg:  0.0, Max: 0, Diff: 0, Sum: 0, Workers: 4
[859.599s][debug][gc,phases      ] GC(123)   Weak JFR Old Object Samples    Min:  0.0, Avg:  0.0, Max:  0.0, Diff:  0.0, Sum:  0.0, Workers: 4
[859.599s][debug][gc,phases      ] GC(123)     Dead                           Min: 0, Avg:  0.0, Max: 0, Diff: 0, Sum: 0, Workers: 4
[859.599s][debug][gc,phases      ] GC(123)     Total                          Min: 0, Avg:  0.0, Max: 0, Diff: 0, Sum: 0, Workers: 4
[859.599s][debug][gc,phases      ] GC(123) Weak Processing 0.353ms
[859.599s][debug][gc,age         ] GC(123) Desired survivor size 16252928 bytes, new threshold 15 (max threshold 15)
[859.599s][info ][gc,heap        ] GC(123) PSYoungGen: 2060676K(2076672K)->2884K(2081280K) Eden: 2057728K(2057728K)->0K(2063872K) From: 2948K(18944K)->2884K(17408K)
[859.599s][info ][gc,heap        ] GC(123) ParOldGen: 403999K(451584K)->404023K(451584K)
[859.599s][info ][gc,metaspace   ] GC(123) Metaspace: 79758K(80704K)->79758K(80704K) NonClass: 68349K(68864K)->68349K(68864K) Class: 11408K(11840K)->11408K(11840K)
[859.599s][info ][gc             ] GC(123) Pause Young (Allocation Failure) 2406M->397M(2473M) 5.389ms
[859.599s][info ][gc,cpu         ] GC(123) User=0.01s Sys=0.00s Real=0.00s
[859.599s][info ][safepoint      ] Safepoint "ParallelGCFailedAllocation", Time since last: 3051353320 ns, Reaching safepoint: 54502 ns, At safepoint: 5464503 ns, Total: 5519005 ns
[860.905s][info ][safepoint      ] Safepoint "Cleanup", Time since last: 1305933921 ns, Reaching safepoint: 66103 ns, At safepoint: 6000 ns, Total: 72103 ns
[863.905s][info ][safepoint      ] Safepoint "Cleanup", Time since last: 3000235858 ns, Reaching safepoint: 59902 ns, At safepoint: 28801 ns, Total: 88703 ns
[864.905s][info ][safepoint      ] Safepoint "Cleanup", Time since last: 1000110392 ns, Reaching safepoint: 50902 ns, At safepoint: 2900 ns, Total: 53802 ns
[865.905s][info ][safepoint      ] Safepoint "Cleanup", Time since last: 1000096495 ns, Reaching safepoint: 54502 ns, At safepoint: 4200 ns, Total: 58702 ns
[868.410s][info ][gc,start       ] GC(124) Pause Young (Allocation Failure)
[868.415s][debug][gc,phases      ] GC(124) Scavenge 4.420ms
[868.415s][debug][gc,ref         ] GC(124) Skipped phase 1 of Reference Processing: no references
[868.415s][debug][gc,ref         ] GC(124) ReferenceProcessor::execute queues: 1, RefProcThreadModel::Single, marks_oops_alive: false
[868.415s][debug][gc,ref         ] GC(124) Skipped phase 3 of Reference Processing: no references
[868.415s][debug][gc,ref         ] GC(124) Skipped phase 4 of Reference Processing: no references
[868.415s][debug][gc,phases      ] GC(124) Reference Processing 0.108ms
[868.415s][debug][gc,phases      ] GC(124)   VM Weak                        Min:  0.0, Avg:  0.0, Max:  0.0, Diff:  0.0, Sum:  0.0, Workers: 4
[868.415s][debug][gc,phases      ] GC(124)     Dead                           Min: 0, Avg:  0.0, Max: 0, Diff: 0, Sum: 0, Workers: 4
[868.415s][debug][gc,phases      ] GC(124)     Total                          Min: 0, Avg: 197.0, Max: 660, Diff: 660, Sum: 788, Workers: 4
[868.415s][debug][gc,phases      ] GC(124)   ObjectSynchronizer Weak        Min:  0.0, Avg:  0.0, Max:  0.0, Diff:  0.0, Sum:  0.0, Workers: 4
[868.415s][debug][gc,phases      ] GC(124)     Dead                           Min: 0, Avg:  0.0, Max: 0, Diff: 0, Sum: 0, Workers: 4
[868.415s][debug][gc,phases      ] GC(124)     Total                          Min: 0, Avg: 36.0, Max: 80, Diff: 80, Sum: 144, Workers: 4
[868.415s][debug][gc,phases      ] GC(124)   JVMTI Tag Weak OopStorage      Min:  0.0, Avg:  0.0, Max:  0.0, Diff:  0.0, Sum:  0.0, Workers: 4
[868.415s][debug][gc,phases      ] GC(124)     Dead                           Min: 0, Avg:  0.0, Max: 0, Diff: 0, Sum: 0, Workers: 4
[868.415s][debug][gc,phases      ] GC(124)     Total                          Min: 0, Avg:  0.0, Max: 0, Diff: 0, Sum: 0, Workers: 4
[868.415s][debug][gc,phases      ] GC(124)   StringTable Weak               Min:  0.0, Avg:  0.1, Max:  0.1, Diff:  0.1, Sum:  0.4, Workers: 4
[868.415s][debug][gc,phases      ] GC(124)     Dead                           Min: 0, Avg:  0.0, Max: 0, Diff: 0, Sum: 0, Workers: 4
[868.415s][debug][gc,phases      ] GC(124)     Total                          Min: 0, Avg: 10791.8, Max: 16895, Diff: 16895, Sum: 43167, Workers: 4
[868.415s][debug][gc,phases      ] GC(124)   ResolvedMethodTable Weak       Min:  0.0, Avg:  0.0, Max:  0.0, Diff:  0.0, Sum:  0.1, Workers: 4
[868.415s][debug][gc,phases      ] GC(124)     Dead                           Min: 0, Avg:  0.0, Max: 0, Diff: 0, Sum: 0, Workers: 4
[868.415s][debug][gc,phases      ] GC(124)     Total                          Min: 0, Avg: 2243.0, Max: 3200, Diff: 3200, Sum: 8972, Workers: 4
[868.415s][debug][gc,phases      ] GC(124)   JNI Weak                       Min:  0.0, Avg:  0.0, Max:  0.0, Diff:  0.0, Sum:  0.0, Workers: 4
[868.415s][debug][gc,phases      ] GC(124)     Dead                           Min: 0, Avg:  0.0, Max: 0, Diff: 0, Sum: 0, Workers: 4
[868.415s][debug][gc,phases      ] GC(124)     Total                          Min: 0, Avg: 11.2, Max: 45, Diff: 45, Sum: 45, Workers: 4
[868.415s][debug][gc,phases      ] GC(124)   StringDedup Table Weak         Min:  0.0, Avg:  0.0, Max:  0.0, Diff:  0.0, Sum:  0.0, Workers: 4
[868.415s][debug][gc,phases      ] GC(124)     Dead                           Min: 0, Avg:  0.0, Max: 0, Diff: 0, Sum: 0, Workers: 4
[868.415s][debug][gc,phases      ] GC(124)     Total                          Min: 0, Avg:  0.0, Max: 0, Diff: 0, Sum: 0, Workers: 4
[868.415s][debug][gc,phases      ] GC(124)   StringDedup Requests0 Weak     Min:  0.0, Avg:  0.0, Max:  0.0, Diff:  0.0, Sum:  0.0, Workers: 4
[868.415s][debug][gc,phases      ] GC(124)     Dead                           Min: 0, Avg:  0.0, Max: 0, Diff: 0, Sum: 0, Workers: 4
[868.415s][debug][gc,phases      ] GC(124)     Total                          Min: 0, Avg:  0.0, Max: 0, Diff: 0, Sum: 0, Workers: 4
[868.415s][debug][gc,phases      ] GC(124)   StringDedup Requests1 Weak     Min:  0.0, Avg:  0.0, Max:  0.0, Diff:  0.0, Sum:  0.0, Workers: 4
[868.415s][debug][gc,phases      ] GC(124)     Dead                           Min: 0, Avg:  0.0, Max: 0, Diff: 0, Sum: 0, Workers: 4
[868.415s][debug][gc,phases      ] GC(124)     Total                          Min: 0, Avg:  0.0, Max: 0, Diff: 0, Sum: 0, Workers: 4
[868.415s][debug][gc,phases      ] GC(124)   Weak JFR Old Object Samples    Min:  0.0, Avg:  0.0, Max:  0.0, Diff:  0.0, Sum:  0.0, Workers: 4
[868.415s][debug][gc,phases      ] GC(124)     Dead                           Min: 0, Avg:  0.0, Max: 0, Diff: 0, Sum: 0, Workers: 4
[868.415s][debug][gc,phases      ] GC(124)     Total                          Min: 0, Avg:  0.0, Max: 0, Diff: 0, Sum: 0, Workers: 4
[868.415s][debug][gc,phases      ] GC(124) Weak Processing 0.381ms
[868.415s][debug][gc,age         ] GC(124) Desired survivor size 15204352 bytes, new threshold 15 (max threshold 15)
[868.415s][info ][gc,heap        ] GC(124) PSYoungGen: 2066756K(2081280K)->2884K(2079744K) Eden: 2063872K(2063872K)->0K(2063872K) From: 2884K(17408K)->2884K(15872K)
[868.415s][info ][gc,heap        ] GC(124) ParOldGen: 404023K(451584K)->404055K(451584K)
[868.415s][info ][gc,metaspace   ] GC(124) Metaspace: 79767K(80704K)->79767K(80704K) NonClass: 68359K(68864K)->68359K(68864K) Class: 11408K(11840K)->11408K(11840K)
[868.415s][info ][gc             ] GC(124) Pause Young (Allocation Failure) 2412M->397M(2472M) 5.034ms
[868.415s][info ][gc,cpu         ] GC(124) User=0.02s Sys=0.00s Real=0.00s
[868.415s][info ][safepoint      ] Safepoint "ParallelGCFailedAllocation", Time since last: 2504677510 ns, Reaching safepoint: 108905 ns, At safepoint: 5114089 ns, Total: 5222994 ns
[870.416s][info ][safepoint      ] Safepoint "Cleanup", Time since last: 2000158507 ns, Reaching safepoint: 44702 ns, At safepoint: 12100 ns, Total: 56802 ns
[877.082s][info ][gc,start       ] GC(125) Pause Young (Allocation Failure)
[877.086s][debug][gc,phases      ] GC(125) Scavenge 3.016ms
[877.086s][debug][gc,ref         ] GC(125) Skipped phase 1 of Reference Processing: no references
[877.086s][debug][gc,ref         ] GC(125) ReferenceProcessor::execute queues: 1, RefProcThreadModel::Single, marks_oops_alive: false
[877.086s][debug][gc,ref         ] GC(125) Skipped phase 3 of Reference Processing: no references
[877.086s][debug][gc,ref         ] GC(125) Skipped phase 4 of Reference Processing: no references
[877.086s][debug][gc,phases      ] GC(125) Reference Processing 0.115ms
[877.086s][debug][gc,phases      ] GC(125)   VM Weak                        Min:  0.0, Avg:  0.0, Max:  0.0, Diff:  0.0, Sum:  0.0, Workers: 4
[877.086s][debug][gc,phases      ] GC(125)     Dead                           Min: 0, Avg:  0.0, Max: 0, Diff: 0, Sum: 0, Workers: 4
[877.086s][debug][gc,phases      ] GC(125)     Total                          Min: 0, Avg: 197.0, Max: 448, Diff: 448, Sum: 788, Workers: 4
[877.086s][debug][gc,phases      ] GC(125)   ObjectSynchronizer Weak        Min:  0.0, Avg:  0.0, Max:  0.0, Diff:  0.0, Sum:  0.0, Workers: 4
[877.086s][debug][gc,phases      ] GC(125)     Dead                           Min: 0, Avg:  0.0, Max: 0, Diff: 0, Sum: 0, Workers: 4
[877.086s][debug][gc,phases      ] GC(125)     Total                          Min: 0, Avg: 36.0, Max: 64, Diff: 64, Sum: 144, Workers: 4
[877.086s][debug][gc,phases      ] GC(125)   JVMTI Tag Weak OopStorage      Min:  0.0, Avg:  0.0, Max:  0.0, Diff:  0.0, Sum:  0.0, Workers: 4
[877.086s][debug][gc,phases      ] GC(125)     Dead                           Min: 0, Avg:  0.0, Max: 0, Diff: 0, Sum: 0, Workers: 4
[877.086s][debug][gc,phases      ] GC(125)     Total                          Min: 0, Avg:  0.0, Max: 0, Diff: 0, Sum: 0, Workers: 4
[877.086s][debug][gc,phases      ] GC(125)   StringTable Weak               Min:  0.1, Avg:  0.1, Max:  0.1, Diff:  0.0, Sum:  0.5, Workers: 4
[877.086s][debug][gc,phases      ] GC(125)     Dead                           Min: 0, Avg:  0.0, Max: 0, Diff: 0, Sum: 0, Workers: 4
[877.086s][debug][gc,phases      ] GC(125)     Total                          Min: 9023, Avg: 10791.8, Max: 12640, Diff: 3617, Sum: 43167, Workers: 4
[877.086s][debug][gc,phases      ] GC(125)   ResolvedMethodTable Weak       Min:  0.0, Avg:  0.0, Max:  0.0, Diff:  0.0, Sum:  0.1, Workers: 4
[877.086s][debug][gc,phases      ] GC(125)     Dead                           Min: 0, Avg:  0.0, Max: 0, Diff: 0, Sum: 0, Workers: 4
[877.086s][debug][gc,phases      ] GC(125)     Total                          Min: 2060, Avg: 2243.0, Max: 2432, Diff: 372, Sum: 8972, Workers: 4
[877.086s][debug][gc,phases      ] GC(125)   JNI Weak                       Min:  0.0, Avg:  0.0, Max:  0.0, Diff:  0.0, Sum:  0.0, Workers: 4
[877.086s][debug][gc,phases      ] GC(125)     Dead                           Min: 0, Avg:  0.0, Max: 0, Diff: 0, Sum: 0, Workers: 4
[877.086s][debug][gc,phases      ] GC(125)     Total                          Min: 0, Avg: 11.2, Max: 45, Diff: 45, Sum: 45, Workers: 4
[877.086s][debug][gc,phases      ] GC(125)   StringDedup Table Weak         Min:  0.0, Avg:  0.0, Max:  0.0, Diff:  0.0, Sum:  0.0, Workers: 4
[877.086s][debug][gc,phases      ] GC(125)     Dead                           Min: 0, Avg:  0.0, Max: 0, Diff: 0, Sum: 0, Workers: 4
[877.086s][debug][gc,phases      ] GC(125)     Total                          Min: 0, Avg:  0.0, Max: 0, Diff: 0, Sum: 0, Workers: 4
[877.086s][debug][gc,phases      ] GC(125)   StringDedup Requests0 Weak     Min:  0.0, Avg:  0.0, Max:  0.0, Diff:  0.0, Sum:  0.0, Workers: 4
[877.086s][debug][gc,phases      ] GC(125)     Dead                           Min: 0, Avg:  0.0, Max: 0, Diff: 0, Sum: 0, Workers: 4
[877.086s][debug][gc,phases      ] GC(125)     Total                          Min: 0, Avg:  0.0, Max: 0, Diff: 0, Sum: 0, Workers: 4
[877.086s][debug][gc,phases      ] GC(125)   StringDedup Requests1 Weak     Min:  0.0, Avg:  0.0, Max:  0.0, Diff:  0.0, Sum:  0.0, Workers: 4
[877.086s][debug][gc,phases      ] GC(125)     Dead                           Min: 0, Avg:  0.0, Max: 0, Diff: 0, Sum: 0, Workers: 4
[877.086s][debug][gc,phases      ] GC(125)     Total                          Min: 0, Avg:  0.0, Max: 0, Diff: 0, Sum: 0, Workers: 4
[877.086s][debug][gc,phases      ] GC(125)   Weak JFR Old Object Samples    Min:  0.0, Avg:  0.0, Max:  0.0, Diff:  0.0, Sum:  0.0, Workers: 4
[877.086s][debug][gc,phases      ] GC(125)     Dead                           Min: 0, Avg:  0.0, Max: 0, Diff: 0, Sum: 0, Workers: 4
[877.086s][debug][gc,phases      ] GC(125)     Total                          Min: 0, Avg:  0.0, Max: 0, Diff: 0, Sum: 0, Workers: 4
[877.086s][debug][gc,phases      ] GC(125) Weak Processing 0.334ms
[877.086s][debug][gc,age         ] GC(125) Desired survivor size 14155776 bytes, new threshold 15 (max threshold 15)
[877.086s][info ][gc,heap        ] GC(125) PSYoungGen: 2066756K(2079744K)->2964K(2083328K) Eden: 2063872K(2063872K)->0K(2068480K) From: 2884K(15872K)->2964K(14848K)
[877.086s][info ][gc,heap        ] GC(125) ParOldGen: 404055K(451584K)->404071K(451584K)
[877.086s][info ][gc,metaspace   ] GC(125) Metaspace: 79770K(80704K)->79770K(80704K) NonClass: 68362K(68864K)->68362K(68864K) Class: 11408K(11840K)->11408K(11840K)
[877.086s][info ][gc             ] GC(125) Pause Young (Allocation Failure) 2412M->397M(2475M) 3.613ms
[877.086s][info ][gc,cpu         ] GC(125) User=0.02s Sys=0.00s Real=0.00s
[877.086s][info ][safepoint      ] Safepoint "ParallelGCFailedAllocation", Time since last: 6666772812 ns, Reaching safepoint: 123904 ns, At safepoint: 3692637 ns, Total: 3816541 ns
[881.087s][info ][safepoint      ] Safepoint "Cleanup", Time since last: 4000335709 ns, Reaching safepoint: 129405 ns, At safepoint: 7700 ns, Total: 137105 ns
[883.087s][info ][safepoint      ] Safepoint "Cleanup", Time since last: 2000202870 ns, Reaching safepoint: 107404 ns, At safepoint: 3900 ns, Total: 111304 ns
[885.087s][info ][safepoint      ] Safepoint "Cleanup", Time since last: 2000196780 ns, Reaching safepoint: 121804 ns, At safepoint: 9800 ns, Total: 131604 ns
[885.789s][info ][gc,start       ] GC(126) Pause Young (Allocation Failure)
[885.792s][debug][gc,phases      ] GC(126) Scavenge 2.931ms
[885.792s][debug][gc,ref         ] GC(126) Skipped phase 1 of Reference Processing: no references
[885.792s][debug][gc,ref         ] GC(126) ReferenceProcessor::execute queues: 1, RefProcThreadModel::Single, marks_oops_alive: false
[885.792s][debug][gc,ref         ] GC(126) Skipped phase 3 of Reference Processing: no references
[885.792s][debug][gc,ref         ] GC(126) Skipped phase 4 of Reference Processing: no references
[885.792s][debug][gc,phases      ] GC(126) Reference Processing 0.104ms
[885.792s][debug][gc,phases      ] GC(126)   VM Weak                        Min:  0.0, Avg:  0.0, Max:  0.0, Diff:  0.0, Sum:  0.0, Workers: 4
[885.792s][debug][gc,phases      ] GC(126)     Dead                           Min: 0, Avg:  0.0, Max: 0, Diff: 0, Sum: 0, Workers: 4
[885.792s][debug][gc,phases      ] GC(126)     Total                          Min: 0, Avg: 197.0, Max: 768, Diff: 768, Sum: 788, Workers: 4
[885.792s][debug][gc,phases      ] GC(126)   ObjectSynchronizer Weak        Min:  0.0, Avg:  0.0, Max:  0.0, Diff:  0.0, Sum:  0.0, Workers: 4
[885.792s][debug][gc,phases      ] GC(126)     Dead                           Min: 0, Avg:  0.0, Max: 0, Diff: 0, Sum: 0, Workers: 4
[885.792s][debug][gc,phases      ] GC(126)     Total                          Min: 0, Avg: 36.0, Max: 80, Diff: 80, Sum: 144, Workers: 4
[885.792s][debug][gc,phases      ] GC(126)   JVMTI Tag Weak OopStorage      Min:  0.0, Avg:  0.0, Max:  0.0, Diff:  0.0, Sum:  0.0, Workers: 4
[885.792s][debug][gc,phases      ] GC(126)     Dead                           Min: 0, Avg:  0.0, Max: 0, Diff: 0, Sum: 0, Workers: 4
[885.792s][debug][gc,phases      ] GC(126)     Total                          Min: 0, Avg:  0.0, Max: 0, Diff: 0, Sum: 0, Workers: 4
[885.792s][debug][gc,phases      ] GC(126)   StringTable Weak               Min:  0.1, Avg:  0.1, Max:  0.1, Diff:  0.0, Sum:  0.4, Workers: 4
[885.792s][debug][gc,phases      ] GC(126)     Dead                           Min: 0, Avg:  0.0, Max: 0, Diff: 0, Sum: 0, Workers: 4
[885.792s][debug][gc,phases      ] GC(126)     Total                          Min: 10304, Avg: 10792.0, Max: 11489, Diff: 1185, Sum: 43168, Workers: 4
[885.792s][debug][gc,phases      ] GC(126)   ResolvedMethodTable Weak       Min:  0.0, Avg:  0.0, Max:  0.0, Diff:  0.0, Sum:  0.1, Workers: 4
[885.792s][debug][gc,phases      ] GC(126)     Dead                           Min: 0, Avg:  0.0, Max: 0, Diff: 0, Sum: 0, Workers: 4
[885.792s][debug][gc,phases      ] GC(126)     Total                          Min: 2060, Avg: 2243.0, Max: 2432, Diff: 372, Sum: 8972, Workers: 4
[885.792s][debug][gc,phases      ] GC(126)   JNI Weak                       Min:  0.0, Avg:  0.0, Max:  0.0, Diff:  0.0, Sum:  0.0, Workers: 4
[885.792s][debug][gc,phases      ] GC(126)     Dead                           Min: 0, Avg:  0.0, Max: 0, Diff: 0, Sum: 0, Workers: 4
[885.792s][debug][gc,phases      ] GC(126)     Total                          Min: 0, Avg: 11.2, Max: 45, Diff: 45, Sum: 45, Workers: 4
[885.792s][debug][gc,phases      ] GC(126)   StringDedup Table Weak         Min:  0.0, Avg:  0.0, Max:  0.0, Diff:  0.0, Sum:  0.0, Workers: 4
[885.792s][debug][gc,phases      ] GC(126)     Dead                           Min: 0, Avg:  0.0, Max: 0, Diff: 0, Sum: 0, Workers: 4
[885.792s][debug][gc,phases      ] GC(126)     Total                          Min: 0, Avg:  0.0, Max: 0, Diff: 0, Sum: 0, Workers: 4
[885.792s][debug][gc,phases      ] GC(126)   StringDedup Requests0 Weak     Min:  0.0, Avg:  0.0, Max:  0.0, Diff:  0.0, Sum:  0.0, Workers: 4
[885.792s][debug][gc,phases      ] GC(126)     Dead                           Min: 0, Avg:  0.0, Max: 0, Diff: 0, Sum: 0, Workers: 4
[885.792s][debug][gc,phases      ] GC(126)     Total                          Min: 0, Avg:  0.0, Max: 0, Diff: 0, Sum: 0, Workers: 4
[885.792s][debug][gc,phases      ] GC(126)   StringDedup Requests1 Weak     Min:  0.0, Avg:  0.0, Max:  0.0, Diff:  0.0, Sum:  0.0, Workers: 4
[885.792s][debug][gc,phases      ] GC(126)     Dead                           Min: 0, Avg:  0.0, Max: 0, Diff: 0, Sum: 0, Workers: 4
[885.792s][debug][gc,phases      ] GC(126)     Total                          Min: 0, Avg:  0.0, Max: 0, Diff: 0, Sum: 0, Workers: 4
[885.792s][debug][gc,phases      ] GC(126)   Weak JFR Old Object Samples    Min:  0.0, Avg:  0.0, Max:  0.0, Diff:  0.0, Sum:  0.0, Workers: 4
[885.792s][debug][gc,phases      ] GC(126)     Dead                           Min: 0, Avg:  0.0, Max: 0, Diff: 0, Sum: 0, Workers: 4
[885.792s][debug][gc,phases      ] GC(126)     Total                          Min: 0, Avg:  0.0, Max: 0, Diff: 0, Sum: 0, Workers: 4
[885.792s][debug][gc,phases      ] GC(126) Weak Processing 0.318ms
[885.792s][debug][gc,age         ] GC(126) Desired survivor size 13107200 bytes, new threshold 15 (max threshold 15)
[885.792s][info ][gc,heap        ] GC(126) PSYoungGen: 2071444K(2083328K)->2900K(2082304K) Eden: 2068480K(2068480K)->0K(2068480K) From: 2964K(14848K)->2900K(13824K)
[885.792s][info ][gc,heap        ] GC(126) ParOldGen: 404071K(451584K)->404103K(451584K)
[885.792s][info ][gc,metaspace   ] GC(126) Metaspace: 79778K(80704K)->79778K(80704K) NonClass: 68370K(68864K)->68370K(68864K) Class: 11408K(11840K)->11408K(11840K)
[885.792s][info ][gc             ] GC(126) Pause Young (Allocation Failure) 2417M->397M(2474M) 3.496ms
[885.792s][info ][gc,cpu         ] GC(126) User=0.01s Sys=0.00s Real=0.01s
[885.792s][info ][safepoint      ] Safepoint "ParallelGCFailedAllocation", Time since last: 701318647 ns, Reaching safepoint: 100403 ns, At safepoint: 3573333 ns, Total: 3673736 ns
[886.792s][info ][safepoint      ] Safepoint "Cleanup", Time since last: 1000085845 ns, Reaching safepoint: 107804 ns, At safepoint: 8300 ns, Total: 116104 ns
[889.793s][info ][safepoint      ] Safepoint "Cleanup", Time since last: 3000252048 ns, Reaching safepoint: 96103 ns, At safepoint: 8700 ns, Total: 104803 ns
[890.793s][info ][safepoint      ] Safepoint "Cleanup", Time since last: 1000124656 ns, Reaching safepoint: 120604 ns, At safepoint: 5701 ns, Total: 126305 ns
[892.793s][info ][safepoint      ] Safepoint "Cleanup", Time since last: 2000175815 ns, Reaching safepoint: 135505 ns, At safepoint: 7500 ns, Total: 143005 ns
[894.582s][info ][gc,start       ] GC(127) Pause Young (Allocation Failure)
[894.587s][debug][gc,phases      ] GC(127) Scavenge 4.916ms
[894.587s][debug][gc,ref         ] GC(127) Skipped phase 1 of Reference Processing: no references
[894.587s][debug][gc,ref         ] GC(127) ReferenceProcessor::execute queues: 1, RefProcThreadModel::Single, marks_oops_alive: false
[894.587s][debug][gc,ref         ] GC(127) Skipped phase 3 of Reference Processing: no references
[894.587s][debug][gc,ref         ] GC(127) Skipped phase 4 of Reference Processing: no references
[894.587s][debug][gc,phases      ] GC(127) Reference Processing 0.104ms
[894.587s][debug][gc,phases      ] GC(127)   VM Weak                        Min:  0.0, Avg:  0.0, Max:  0.0, Diff:  0.0, Sum:  0.0, Workers: 4
[894.587s][debug][gc,phases      ] GC(127)     Dead                           Min: 0, Avg:  0.0, Max: 0, Diff: 0, Sum: 0, Workers: 4
[894.587s][debug][gc,phases      ] GC(127)     Total                          Min: 0, Avg: 197.0, Max: 468, Diff: 468, Sum: 788, Workers: 4
[894.587s][debug][gc,phases      ] GC(127)   ObjectSynchronizer Weak        Min:  0.0, Avg:  0.0, Max:  0.0, Diff:  0.0, Sum:  0.0, Workers: 4
[894.587s][debug][gc,phases      ] GC(127)     Dead                           Min: 0, Avg:  0.0, Max: 0, Diff: 0, Sum: 0, Workers: 4
[894.587s][debug][gc,phases      ] GC(127)     Total                          Min: 0, Avg: 36.0, Max: 80, Diff: 80, Sum: 144, Workers: 4
[894.587s][debug][gc,phases      ] GC(127)   JVMTI Tag Weak OopStorage      Min:  0.0, Avg:  0.0, Max:  0.0, Diff:  0.0, Sum:  0.0, Workers: 4
[894.587s][debug][gc,phases      ] GC(127)     Dead                           Min: 0, Avg:  0.0, Max: 0, Diff: 0, Sum: 0, Workers: 4
[894.587s][debug][gc,phases      ] GC(127)     Total                          Min: 0, Avg:  0.0, Max: 0, Diff: 0, Sum: 0, Workers: 4
[894.587s][debug][gc,phases      ] GC(127)   StringTable Weak               Min:  0.1, Avg:  0.1, Max:  0.1, Diff:  0.0, Sum:  0.4, Workers: 4
[894.587s][debug][gc,phases      ] GC(127)     Dead                           Min: 0, Avg:  0.0, Max: 0, Diff: 0, Sum: 0, Workers: 4
[894.587s][debug][gc,phases      ] GC(127)     Total                          Min: 9185, Avg: 10792.0, Max: 11968, Diff: 2783, Sum: 43168, Workers: 4
[894.587s][debug][gc,phases      ] GC(127)   ResolvedMethodTable Weak       Min:  0.0, Avg:  0.0, Max:  0.0, Diff:  0.0, Sum:  0.1, Workers: 4
[894.587s][debug][gc,phases      ] GC(127)     Dead                           Min: 0, Avg:  0.0, Max: 0, Diff: 0, Sum: 0, Workers: 4
[894.587s][debug][gc,phases      ] GC(127)     Total                          Min: 1984, Avg: 2243.0, Max: 2496, Diff: 512, Sum: 8972, Workers: 4
[894.587s][debug][gc,phases      ] GC(127)   JNI Weak                       Min:  0.0, Avg:  0.0, Max:  0.0, Diff:  0.0, Sum:  0.0, Workers: 4
[894.587s][debug][gc,phases      ] GC(127)     Dead                           Min: 0, Avg:  0.0, Max: 0, Diff: 0, Sum: 0, Workers: 4
[894.587s][debug][gc,phases      ] GC(127)     Total                          Min: 0, Avg: 11.2, Max: 45, Diff: 45, Sum: 45, Workers: 4
[894.587s][debug][gc,phases      ] GC(127)   StringDedup Table Weak         Min:  0.0, Avg:  0.0, Max:  0.0, Diff:  0.0, Sum:  0.0, Workers: 4
[894.587s][debug][gc,phases      ] GC(127)     Dead                           Min: 0, Avg:  0.0, Max: 0, Diff: 0, Sum: 0, Workers: 4
[894.587s][debug][gc,phases      ] GC(127)     Total                          Min: 0, Avg:  0.0, Max: 0, Diff: 0, Sum: 0, Workers: 4
[894.587s][debug][gc,phases      ] GC(127)   StringDedup Requests0 Weak     Min:  0.0, Avg:  0.0, Max:  0.0, Diff:  0.0, Sum:  0.0, Workers: 4
[894.587s][debug][gc,phases      ] GC(127)     Dead                           Min: 0, Avg:  0.0, Max: 0, Diff: 0, Sum: 0, Workers: 4
[894.587s][debug][gc,phases      ] GC(127)     Total                          Min: 0, Avg:  0.0, Max: 0, Diff: 0, Sum: 0, Workers: 4
[894.587s][debug][gc,phases      ] GC(127)   StringDedup Requests1 Weak     Min:  0.0, Avg:  0.0, Max:  0.0, Diff:  0.0, Sum:  0.0, Workers: 4
[894.587s][debug][gc,phases      ] GC(127)     Dead                           Min: 0, Avg:  0.0, Max: 0, Diff: 0, Sum: 0, Workers: 4
[894.587s][debug][gc,phases      ] GC(127)     Total                          Min: 0, Avg:  0.0, Max: 0, Diff: 0, Sum: 0, Workers: 4
[894.587s][debug][gc,phases      ] GC(127)   Weak JFR Old Object Samples    Min:  0.0, Avg:  0.0, Max:  0.0, Diff:  0.0, Sum:  0.0, Workers: 4
[894.587s][debug][gc,phases      ] GC(127)     Dead                           Min: 0, Avg:  0.0, Max: 0, Diff: 0, Sum: 0, Workers: 4
[894.587s][debug][gc,phases      ] GC(127)     Total                          Min: 0, Avg:  0.0, Max: 0, Diff: 0, Sum: 0, Workers: 4
[894.587s][debug][gc,phases      ] GC(127) Weak Processing 0.319ms
[894.587s][debug][gc,age         ] GC(127) Desired survivor size 12058624 bytes, new threshold 15 (max threshold 15)
[894.587s][info ][gc,heap        ] GC(127) PSYoungGen: 2071380K(2082304K)->2932K(2085376K) Eden: 2068480K(2068480K)->0K(2072576K) From: 2900K(13824K)->2932K(12800K)
[894.587s][info ][gc,heap        ] GC(127) ParOldGen: 404103K(451584K)->404135K(451584K)
[894.587s][info ][gc,metaspace   ] GC(127) Metaspace: 79783K(80704K)->79783K(80704K) NonClass: 68374K(68864K)->68374K(68864K) Class: 11408K(11840K)->11408K(11840K)
[894.587s][info ][gc             ] GC(127) Pause Young (Allocation Failure) 2417M->397M(2477M) 5.485ms
[894.587s][info ][gc,cpu         ] GC(127) User=0.01s Sys=0.00s Real=0.00s
[894.587s][info ][safepoint      ] Safepoint "ParallelGCFailedAllocation", Time since last: 1788404355 ns, Reaching safepoint: 31601 ns, At safepoint: 5595408 ns, Total: 5627009 ns
[900.588s][info ][safepoint      ] Safepoint "Cleanup", Time since last: 6000444224 ns, Reaching safepoint: 120104 ns, At safepoint: 10401 ns, Total: 130505 ns
[903.552s][info ][gc,start       ] GC(128) Pause Young (Allocation Failure)
[903.556s][debug][gc,phases      ] GC(128) Scavenge 4.302ms
[903.556s][debug][gc,ref         ] GC(128) Skipped phase 1 of Reference Processing: no references
[903.556s][debug][gc,ref         ] GC(128) ReferenceProcessor::execute queues: 1, RefProcThreadModel::Single, marks_oops_alive: false
[903.556s][debug][gc,ref         ] GC(128) Skipped phase 3 of Reference Processing: no references
[903.556s][debug][gc,ref         ] GC(128) Skipped phase 4 of Reference Processing: no references
[903.556s][debug][gc,phases      ] GC(128) Reference Processing 0.108ms
[903.557s][debug][gc,phases      ] GC(128)   VM Weak                        Min:  0.0, Avg:  0.0, Max:  0.0, Diff:  0.0, Sum:  0.0, Workers: 4
[903.557s][debug][gc,phases      ] GC(128)     Dead                           Min: 0, Avg:  0.0, Max: 0, Diff: 0, Sum: 0, Workers: 4
[903.557s][debug][gc,phases      ] GC(128)     Total                          Min: 0, Avg: 197.0, Max: 468, Diff: 468, Sum: 788, Workers: 4
[903.557s][debug][gc,phases      ] GC(128)   ObjectSynchronizer Weak        Min:  0.0, Avg:  0.0, Max:  0.0, Diff:  0.0, Sum:  0.0, Workers: 4
[903.557s][debug][gc,phases      ] GC(128)     Dead                           Min: 0, Avg:  0.0, Max: 0, Diff: 0, Sum: 0, Workers: 4
[903.557s][debug][gc,phases      ] GC(128)     Total                          Min: 0, Avg: 36.0, Max: 64, Diff: 64, Sum: 144, Workers: 4
[903.557s][debug][gc,phases      ] GC(128)   JVMTI Tag Weak OopStorage      Min:  0.0, Avg:  0.0, Max:  0.0, Diff:  0.0, Sum:  0.0, Workers: 4
[903.557s][debug][gc,phases      ] GC(128)     Dead                           Min: 0, Avg:  0.0, Max: 0, Diff: 0, Sum: 0, Workers: 4
[903.557s][debug][gc,phases      ] GC(128)     Total                          Min: 0, Avg:  0.0, Max: 0, Diff: 0, Sum: 0, Workers: 4
[903.557s][debug][gc,phases      ] GC(128)   StringTable Weak               Min:  0.1, Avg:  0.1, Max:  0.1, Diff:  0.0, Sum:  0.4, Workers: 4
[903.557s][debug][gc,phases      ] GC(128)     Dead                           Min: 0, Avg:  0.0, Max: 0, Diff: 0, Sum: 0, Workers: 4
[903.557s][debug][gc,phases      ] GC(128)     Total                          Min: 10240, Avg: 10792.0, Max: 11776, Diff: 1536, Sum: 43168, Workers: 4
[903.557s][debug][gc,phases      ] GC(128)   ResolvedMethodTable Weak       Min:  0.0, Avg:  0.0, Max:  0.0, Diff:  0.0, Sum:  0.1, Workers: 4
[903.557s][debug][gc,phases      ] GC(128)     Dead                           Min: 0, Avg:  0.0, Max: 0, Diff: 0, Sum: 0, Workers: 4
[903.557s][debug][gc,phases      ] GC(128)     Total                          Min: 1088, Avg: 2243.0, Max: 2880, Diff: 1792, Sum: 8972, Workers: 4
[903.557s][debug][gc,phases      ] GC(128)   JNI Weak                       Min:  0.0, Avg:  0.0, Max:  0.0, Diff:  0.0, Sum:  0.0, Workers: 4
[903.557s][debug][gc,phases      ] GC(128)     Dead                           Min: 0, Avg:  0.0, Max: 0, Diff: 0, Sum: 0, Workers: 4
[903.557s][debug][gc,phases      ] GC(128)     Total                          Min: 0, Avg: 11.2, Max: 45, Diff: 45, Sum: 45, Workers: 4
[903.557s][debug][gc,phases      ] GC(128)   StringDedup Table Weak         Min:  0.0, Avg:  0.0, Max:  0.0, Diff:  0.0, Sum:  0.0, Workers: 4
[903.557s][debug][gc,phases      ] GC(128)     Dead                           Min: 0, Avg:  0.0, Max: 0, Diff: 0, Sum: 0, Workers: 4
[903.557s][debug][gc,phases      ] GC(128)     Total                          Min: 0, Avg:  0.0, Max: 0, Diff: 0, Sum: 0, Workers: 4
[903.557s][debug][gc,phases      ] GC(128)   StringDedup Requests0 Weak     Min:  0.0, Avg:  0.0, Max:  0.0, Diff:  0.0, Sum:  0.0, Workers: 4
[903.557s][debug][gc,phases      ] GC(128)     Dead                           Min: 0, Avg:  0.0, Max: 0, Diff: 0, Sum: 0, Workers: 4
[903.557s][debug][gc,phases      ] GC(128)     Total                          Min: 0, Avg:  0.0, Max: 0, Diff: 0, Sum: 0, Workers: 4
[903.557s][debug][gc,phases      ] GC(128)   StringDedup Requests1 Weak     Min:  0.0, Avg:  0.0, Max:  0.0, Diff:  0.0, Sum:  0.0, Workers: 4
[903.557s][debug][gc,phases      ] GC(128)     Dead                           Min: 0, Avg:  0.0, Max: 0, Diff: 0, Sum: 0, Workers: 4
[903.557s][debug][gc,phases      ] GC(128)     Total                          Min: 0, Avg:  0.0, Max: 0, Diff: 0, Sum: 0, Workers: 4
[903.557s][debug][gc,phases      ] GC(128)   Weak JFR Old Object Samples    Min:  0.0, Avg:  0.0, Max:  0.0, Diff:  0.0, Sum:  0.0, Workers: 4
[903.557s][debug][gc,phases      ] GC(128)     Dead                           Min: 0, Avg:  0.0, Max: 0, Diff: 0, Sum: 0, Workers: 4
[903.557s][debug][gc,phases      ] GC(128)     Total                          Min: 0, Avg:  0.0, Max: 0, Diff: 0, Sum: 0, Workers: 4
[903.557s][debug][gc,phases      ] GC(128) Weak Processing 0.322ms
[903.557s][debug][gc,age         ] GC(128) Desired survivor size 11534336 bytes, new threshold 15 (max threshold 15)
[903.557s][info ][gc,heap        ] GC(128) PSYoungGen: 2075508K(2085376K)->2916K(2084352K) Eden: 2072576K(2072576K)->0K(2072576K) From: 2932K(12800K)->2916K(11776K)
[903.557s][info ][gc,heap        ] GC(128) ParOldGen: 404135K(451584K)->404151K(451584K)
[903.557s][info ][gc,metaspace   ] GC(128) Metaspace: 79786K(80704K)->79786K(80704K) NonClass: 68378K(68864K)->68378K(68864K) Class: 11408K(11840K)->11408K(11840K)
[903.557s][info ][gc             ] GC(128) Pause Young (Allocation Failure) 2421M->397M(2476M) 4.869ms
[903.557s][info ][gc,cpu         ] GC(128) User=0.01s Sys=0.00s Real=0.00s
[903.557s][info ][safepoint      ] Safepoint "ParallelGCFailedAllocation", Time since last: 2963797689 ns, Reaching safepoint: 103903 ns, At safepoint: 4947484 ns, Total: 5051387 ns
[912.413s][info ][gc,start       ] GC(129) Pause Young (Allocation Failure)
[912.416s][debug][gc,phases      ] GC(129) Scavenge 2.695ms
[912.416s][debug][gc,ref         ] GC(129) Skipped phase 1 of Reference Processing: no references
[912.416s][debug][gc,ref         ] GC(129) ReferenceProcessor::execute queues: 1, RefProcThreadModel::Single, marks_oops_alive: false
[912.416s][debug][gc,ref         ] GC(129) Skipped phase 3 of Reference Processing: no references
[912.416s][debug][gc,ref         ] GC(129) Skipped phase 4 of Reference Processing: no references
[912.416s][debug][gc,phases      ] GC(129) Reference Processing 0.105ms
[912.416s][debug][gc,phases      ] GC(129)   VM Weak                        Min:  0.0, Avg:  0.0, Max:  0.0, Diff:  0.0, Sum:  0.0, Workers: 4
[912.416s][debug][gc,phases      ] GC(129)     Dead                           Min: 0, Avg:  0.0, Max: 0, Diff: 0, Sum: 0, Workers: 4
[912.416s][debug][gc,phases      ] GC(129)     Total                          Min: 0, Avg: 197.0, Max: 576, Diff: 576, Sum: 788, Workers: 4
[912.416s][debug][gc,phases      ] GC(129)   ObjectSynchronizer Weak        Min:  0.0, Avg:  0.0, Max:  0.0, Diff:  0.0, Sum:  0.0, Workers: 4
[912.416s][debug][gc,phases      ] GC(129)     Dead                           Min: 0, Avg:  0.0, Max: 0, Diff: 0, Sum: 0, Workers: 4
[912.416s][debug][gc,phases      ] GC(129)     Total                          Min: 0, Avg: 36.0, Max: 80, Diff: 80, Sum: 144, Workers: 4
[912.416s][debug][gc,phases      ] GC(129)   JVMTI Tag Weak OopStorage      Min:  0.0, Avg:  0.0, Max:  0.0, Diff:  0.0, Sum:  0.0, Workers: 4
[912.416s][debug][gc,phases      ] GC(129)     Dead                           Min: 0, Avg:  0.0, Max: 0, Diff: 0, Sum: 0, Workers: 4
[912.416s][debug][gc,phases      ] GC(129)     Total                          Min: 0, Avg:  0.0, Max: 0, Diff: 0, Sum: 0, Workers: 4
[912.416s][debug][gc,phases      ] GC(129)   StringTable Weak               Min:  0.1, Avg:  0.1, Max:  0.1, Diff:  0.0, Sum:  0.5, Workers: 4
[912.416s][debug][gc,phases      ] GC(129)     Dead                           Min: 0, Avg:  0.0, Max: 0, Diff: 0, Sum: 0, Workers: 4
[912.416s][debug][gc,phases      ] GC(129)     Total                          Min: 5089, Avg: 10792.0, Max: 13119, Diff: 8030, Sum: 43168, Workers: 4
[912.416s][debug][gc,phases      ] GC(129)   ResolvedMethodTable Weak       Min:  0.0, Avg:  0.0, Max:  0.0, Diff:  0.0, Sum:  0.1, Workers: 4
[912.416s][debug][gc,phases      ] GC(129)     Dead                           Min: 0, Avg:  0.0, Max: 0, Diff: 0, Sum: 0, Workers: 4
[912.417s][debug][gc,phases      ] GC(129)     Total                          Min: 1996, Avg: 2243.0, Max: 2432, Diff: 436, Sum: 8972, Workers: 4
[912.417s][debug][gc,phases      ] GC(129)   JNI Weak                       Min:  0.0, Avg:  0.0, Max:  0.0, Diff:  0.0, Sum:  0.0, Workers: 4
[912.417s][debug][gc,phases      ] GC(129)     Dead                           Min: 0, Avg:  0.0, Max: 0, Diff: 0, Sum: 0, Workers: 4
[912.417s][debug][gc,phases      ] GC(129)     Total                          Min: 0, Avg: 11.2, Max: 45, Diff: 45, Sum: 45, Workers: 4
[912.417s][debug][gc,phases      ] GC(129)   StringDedup Table Weak         Min:  0.0, Avg:  0.0, Max:  0.0, Diff:  0.0, Sum:  0.0, Workers: 4
[912.417s][debug][gc,phases      ] GC(129)     Dead                           Min: 0, Avg:  0.0, Max: 0, Diff: 0, Sum: 0, Workers: 4
[912.417s][debug][gc,phases      ] GC(129)     Total                          Min: 0, Avg:  0.0, Max: 0, Diff: 0, Sum: 0, Workers: 4
[912.417s][debug][gc,phases      ] GC(129)   StringDedup Requests0 Weak     Min:  0.0, Avg:  0.0, Max:  0.0, Diff:  0.0, Sum:  0.0, Workers: 4
[912.417s][debug][gc,phases      ] GC(129)     Dead                           Min: 0, Avg:  0.0, Max: 0, Diff: 0, Sum: 0, Workers: 4
[912.417s][debug][gc,phases      ] GC(129)     Total                          Min: 0, Avg:  0.0, Max: 0, Diff: 0, Sum: 0, Workers: 4
[912.417s][debug][gc,phases      ] GC(129)   StringDedup Requests1 Weak     Min:  0.0, Avg:  0.0, Max:  0.0, Diff:  0.0, Sum:  0.0, Workers: 4
[912.417s][debug][gc,phases      ] GC(129)     Dead                           Min: 0, Avg:  0.0, Max: 0, Diff: 0, Sum: 0, Workers: 4
[912.417s][debug][gc,phases      ] GC(129)     Total                          Min: 0, Avg:  0.0, Max: 0, Diff: 0, Sum: 0, Workers: 4
[912.417s][debug][gc,phases      ] GC(129)   Weak JFR Old Object Samples    Min:  0.0, Avg:  0.0, Max:  0.0, Diff:  0.0, Sum:  0.0, Workers: 4
[912.417s][debug][gc,phases      ] GC(129)     Dead                           Min: 0, Avg:  0.0, Max: 0, Diff: 0, Sum: 0, Workers: 4
[912.417s][debug][gc,phases      ] GC(129)     Total                          Min: 0, Avg:  0.0, Max: 0, Diff: 0, Sum: 0, Workers: 4
[912.417s][debug][gc,phases      ] GC(129) Weak Processing 0.359ms
[912.417s][debug][gc,age         ] GC(129) Desired survivor size 10485760 bytes, new threshold 15 (max threshold 15)
[912.417s][info ][gc,heap        ] GC(129) PSYoungGen: 2075492K(2084352K)->2932K(2086912K) Eden: 2072576K(2072576K)->0K(2075648K) From: 2916K(11776K)->2932K(11264K)
[912.417s][info ][gc,heap        ] GC(129) ParOldGen: 404151K(451584K)->404183K(451584K)
[912.417s][info ][gc,metaspace   ] GC(129) Metaspace: 79788K(80768K)->79788K(80768K) NonClass: 68380K(68928K)->68380K(68928K) Class: 11408K(11840K)->11408K(11840K)
[912.417s][info ][gc             ] GC(129) Pause Young (Allocation Failure) 2421M->397M(2479M) 3.292ms
[912.417s][info ][gc,cpu         ] GC(129) User=0.01s Sys=0.00s Real=0.00s
[912.417s][info ][safepoint      ] Safepoint "ParallelGCFailedAllocation", Time since last: 8856371085 ns, Reaching safepoint: 106104 ns, At safepoint: 3374126 ns, Total: 3480230 ns
[913.417s][info ][safepoint      ] Safepoint "Cleanup", Time since last: 1000088806 ns, Reaching safepoint: 75503 ns, At safepoint: 3500 ns, Total: 79003 ns
[917.417s][info ][safepoint      ] Safepoint "Cleanup", Time since last: 4000311746 ns, Reaching safepoint: 47702 ns, At safepoint: 3300 ns, Total: 51002 ns
[920.417s][info ][safepoint      ] Safepoint "Cleanup", Time since last: 3000181756 ns, Reaching safepoint: 36802 ns, At safepoint: 2900 ns, Total: 39702 ns
[921.390s][info ][gc,start       ] GC(130) Pause Young (Allocation Failure)
[921.395s][debug][gc,phases      ] GC(130) Scavenge 4.203ms
[921.395s][debug][gc,ref         ] GC(130) Skipped phase 1 of Reference Processing: no references
[921.395s][debug][gc,ref         ] GC(130) ReferenceProcessor::execute queues: 1, RefProcThreadModel::Single, marks_oops_alive: false
[921.395s][debug][gc,ref         ] GC(130) Skipped phase 3 of Reference Processing: no references
[921.395s][debug][gc,ref         ] GC(130) ReferenceProcessor::execute queues: 1, RefProcThreadModel::Single, marks_oops_alive: false
[921.395s][debug][gc,phases      ] GC(130) Reference Processing 0.101ms
[921.395s][debug][gc,phases      ] GC(130)   VM Weak                        Min:  0.0, Avg:  0.0, Max:  0.0, Diff:  0.0, Sum:  0.0, Workers: 4
[921.395s][debug][gc,phases      ] GC(130)     Dead                           Min: 0, Avg:  0.0, Max: 0, Diff: 0, Sum: 0, Workers: 4
[921.395s][debug][gc,phases      ] GC(130)     Total                          Min: 0, Avg: 197.0, Max: 512, Diff: 512, Sum: 788, Workers: 4
[921.395s][debug][gc,phases      ] GC(130)   ObjectSynchronizer Weak        Min:  0.0, Avg:  0.0, Max:  0.0, Diff:  0.0, Sum:  0.0, Workers: 4
[921.395s][debug][gc,phases      ] GC(130)     Dead                           Min: 0, Avg:  0.0, Max: 0, Diff: 0, Sum: 0, Workers: 4
[921.395s][debug][gc,phases      ] GC(130)     Total                          Min: 0, Avg: 36.0, Max: 64, Diff: 64, Sum: 144, Workers: 4
[921.395s][debug][gc,phases      ] GC(130)   JVMTI Tag Weak OopStorage      Min:  0.0, Avg:  0.0, Max:  0.0, Diff:  0.0, Sum:  0.0, Workers: 4
[921.395s][debug][gc,phases      ] GC(130)     Dead                           Min: 0, Avg:  0.0, Max: 0, Diff: 0, Sum: 0, Workers: 4
[921.395s][debug][gc,phases      ] GC(130)     Total                          Min: 0, Avg:  0.0, Max: 0, Diff: 0, Sum: 0, Workers: 4
[921.395s][debug][gc,phases      ] GC(130)   StringTable Weak               Min:  0.0, Avg:  0.1, Max:  0.1, Diff:  0.1, Sum:  0.4, Workers: 4
[921.395s][debug][gc,phases      ] GC(130)     Dead                           Min: 0, Avg:  0.0, Max: 0, Diff: 0, Sum: 0, Workers: 4
[921.395s][debug][gc,phases      ] GC(130)     Total                          Min: 0, Avg: 10792.0, Max: 15905, Diff: 15905, Sum: 43168, Workers: 4
[921.395s][debug][gc,phases      ] GC(130)   ResolvedMethodTable Weak       Min:  0.0, Avg:  0.0, Max:  0.0, Diff:  0.0, Sum:  0.1, Workers: 4
[921.395s][debug][gc,phases      ] GC(130)     Dead                           Min: 0, Avg:  0.0, Max: 0, Diff: 0, Sum: 0, Workers: 4
[921.395s][debug][gc,phases      ] GC(130)     Total                          Min: 0, Avg: 2243.0, Max: 3404, Diff: 3404, Sum: 8972, Workers: 4
[921.395s][debug][gc,phases      ] GC(130)   JNI Weak                       Min:  0.0, Avg:  0.0, Max:  0.0, Diff:  0.0, Sum:  0.0, Workers: 4
[921.395s][debug][gc,phases      ] GC(130)     Dead                           Min: 0, Avg:  0.0, Max: 0, Diff: 0, Sum: 0, Workers: 4
[921.395s][debug][gc,phases      ] GC(130)     Total                          Min: 0, Avg: 11.2, Max: 45, Diff: 45, Sum: 45, Workers: 4
[921.395s][debug][gc,phases      ] GC(130)   StringDedup Table Weak         Min:  0.0, Avg:  0.0, Max:  0.0, Diff:  0.0, Sum:  0.0, Workers: 4
[921.395s][debug][gc,phases      ] GC(130)     Dead                           Min: 0, Avg:  0.0, Max: 0, Diff: 0, Sum: 0, Workers: 4
[921.395s][debug][gc,phases      ] GC(130)     Total                          Min: 0, Avg:  0.0, Max: 0, Diff: 0, Sum: 0, Workers: 4
[921.395s][debug][gc,phases      ] GC(130)   StringDedup Requests0 Weak     Min:  0.0, Avg:  0.0, Max:  0.0, Diff:  0.0, Sum:  0.0, Workers: 4
[921.395s][debug][gc,phases      ] GC(130)     Dead                           Min: 0, Avg:  0.0, Max: 0, Diff: 0, Sum: 0, Workers: 4
[921.395s][debug][gc,phases      ] GC(130)     Total                          Min: 0, Avg:  0.0, Max: 0, Diff: 0, Sum: 0, Workers: 4
[921.395s][debug][gc,phases      ] GC(130)   StringDedup Requests1 Weak     Min:  0.0, Avg:  0.0, Max:  0.0, Diff:  0.0, Sum:  0.0, Workers: 4
[921.395s][debug][gc,phases      ] GC(130)     Dead                           Min: 0, Avg:  0.0, Max: 0, Diff: 0, Sum: 0, Workers: 4
[921.395s][debug][gc,phases      ] GC(130)     Total                          Min: 0, Avg:  0.0, Max: 0, Diff: 0, Sum: 0, Workers: 4
[921.395s][debug][gc,phases      ] GC(130)   Weak JFR Old Object Samples    Min:  0.0, Avg:  0.0, Max:  0.0, Diff:  0.0, Sum:  0.0, Workers: 4
[921.395s][debug][gc,phases      ] GC(130)     Dead                           Min: 0, Avg:  0.0, Max: 0, Diff: 0, Sum: 0, Workers: 4
[921.395s][debug][gc,phases      ] GC(130)     Total                          Min: 0, Avg:  0.0, Max: 0, Diff: 0, Sum: 0, Workers: 4
[921.395s][debug][gc,phases      ] GC(130) Weak Processing 0.350ms
[921.395s][debug][gc,age         ] GC(130) Desired survivor size 9961472 bytes, new threshold 15 (max threshold 15)
[921.395s][info ][gc,heap        ] GC(130) PSYoungGen: 2078580K(2086912K)->2964K(2085888K) Eden: 2075648K(2075648K)->0K(2075648K) From: 2932K(11264K)->2964K(10240K)
[921.395s][info ][gc,heap        ] GC(130) ParOldGen: 404183K(451584K)->404215K(451584K)
[921.395s][info ][gc,metaspace   ] GC(130) Metaspace: 79790K(80768K)->79790K(80768K) NonClass: 68382K(68928K)->68382K(68928K) Class: 11408K(11840K)->11408K(11840K)
[921.395s][info ][gc             ] GC(130) Pause Young (Allocation Failure) 2424M->397M(2478M) 4.776ms
[921.395s][info ][gc,cpu         ] GC(130) User=0.01s Sys=0.00s Real=0.00s
[921.395s][info ][safepoint      ] Safepoint "ParallelGCFailedAllocation", Time since last: 972911112 ns, Reaching safepoint: 106004 ns, At safepoint: 4857481 ns, Total: 4963485 ns
[922.397s][info ][safepoint      ] Safepoint "Cleanup", Time since last: 1001736188 ns, Reaching safepoint: 189007 ns, At safepoint: 11100 ns, Total: 200107 ns
[923.397s][info ][safepoint      ] Safepoint "Cleanup", Time since last: 1000112730 ns, Reaching safepoint: 43802 ns, At safepoint: 4300 ns, Total: 48102 ns
[925.398s][info ][safepoint      ] Safepoint "Cleanup", Time since last: 2000185464 ns, Reaching safepoint: 54102 ns, At safepoint: 8900 ns, Total: 63002 ns
[925.862s][info ][gc,start       ] GC(131) Pause Young (Allocation Failure)
[925.872s][debug][gc,phases      ] GC(131) Scavenge 10.314ms
[925.872s][debug][gc,ref         ] GC(131) Skipped phase 1 of Reference Processing: no references
[925.872s][debug][gc,ref         ] GC(131) ReferenceProcessor::execute queues: 1, RefProcThreadModel::Single, marks_oops_alive: false
[925.872s][debug][gc,ref         ] GC(131) Skipped phase 3 of Reference Processing: no references
[925.872s][debug][gc,ref         ] GC(131) ReferenceProcessor::execute queues: 1, RefProcThreadModel::Single, marks_oops_alive: false
[925.872s][debug][gc,phases      ] GC(131) Reference Processing 0.105ms
[925.873s][debug][gc,phases      ] GC(131)   VM Weak                        Min:  0.0, Avg:  0.0, Max:  0.0, Diff:  0.0, Sum:  0.0, Workers: 4
[925.873s][debug][gc,phases      ] GC(131)     Dead                           Min: 0, Avg:  0.0, Max: 0, Diff: 0, Sum: 0, Workers: 4
[925.873s][debug][gc,phases      ] GC(131)     Total                          Min: 0, Avg: 197.0, Max: 512, Diff: 512, Sum: 788, Workers: 4
[925.873s][debug][gc,phases      ] GC(131)   ObjectSynchronizer Weak        Min:  0.0, Avg:  0.0, Max:  0.0, Diff:  0.0, Sum:  0.0, Workers: 4
[925.873s][debug][gc,phases      ] GC(131)     Dead                           Min: 0, Avg:  0.0, Max: 0, Diff: 0, Sum: 0, Workers: 4
[925.873s][debug][gc,phases      ] GC(131)     Total                          Min: 0, Avg: 36.0, Max: 80, Diff: 80, Sum: 144, Workers: 4
[925.873s][debug][gc,phases      ] GC(131)   JVMTI Tag Weak OopStorage      Min:  0.0, Avg:  0.0, Max:  0.0, Diff:  0.0, Sum:  0.0, Workers: 4
[925.873s][debug][gc,phases      ] GC(131)     Dead                           Min: 0, Avg:  0.0, Max: 0, Diff: 0, Sum: 0, Workers: 4
[925.873s][debug][gc,phases      ] GC(131)     Total                          Min: 0, Avg:  0.0, Max: 0, Diff: 0, Sum: 0, Workers: 4
[925.873s][debug][gc,phases      ] GC(131)   StringTable Weak               Min:  0.0, Avg:  0.1, Max:  0.2, Diff:  0.2, Sum:  0.4, Workers: 4
[925.873s][debug][gc,phases      ] GC(131)     Dead                           Min: 0, Avg:  0.2, Max: 1, Diff: 1, Sum: 1, Workers: 4
[925.873s][debug][gc,phases      ] GC(131)     Total                          Min: 0, Avg: 10798.8, Max: 15741, Diff: 15741, Sum: 43195, Workers: 4
[925.873s][debug][gc,phases      ] GC(131)   ResolvedMethodTable Weak       Min:  0.0, Avg:  0.0, Max:  0.0, Diff:  0.0, Sum:  0.1, Workers: 4
[925.873s][debug][gc,phases      ] GC(131)     Dead                           Min: 0, Avg:  0.0, Max: 0, Diff: 0, Sum: 0, Workers: 4
[925.873s][debug][gc,phases      ] GC(131)     Total                          Min: 0, Avg: 2250.5, Max: 3072, Diff: 3072, Sum: 9002, Workers: 4
[925.873s][debug][gc,phases      ] GC(131)   JNI Weak                       Min:  0.0, Avg:  0.0, Max:  0.0, Diff:  0.0, Sum:  0.0, Workers: 4
[925.873s][debug][gc,phases      ] GC(131)     Dead                           Min: 0, Avg:  0.0, Max: 0, Diff: 0, Sum: 0, Workers: 4
[925.873s][debug][gc,phases      ] GC(131)     Total                          Min: 0, Avg: 11.2, Max: 45, Diff: 45, Sum: 45, Workers: 4
[925.873s][debug][gc,phases      ] GC(131)   StringDedup Table Weak         Min:  0.0, Avg:  0.0, Max:  0.0, Diff:  0.0, Sum:  0.0, Workers: 4
[925.873s][debug][gc,phases      ] GC(131)     Dead                           Min: 0, Avg:  0.0, Max: 0, Diff: 0, Sum: 0, Workers: 4
[925.873s][debug][gc,phases      ] GC(131)     Total                          Min: 0, Avg:  0.0, Max: 0, Diff: 0, Sum: 0, Workers: 4
[925.873s][debug][gc,phases      ] GC(131)   StringDedup Requests0 Weak     Min:  0.0, Avg:  0.0, Max:  0.0, Diff:  0.0, Sum:  0.0, Workers: 4
[925.873s][debug][gc,phases      ] GC(131)     Dead                           Min: 0, Avg:  0.0, Max: 0, Diff: 0, Sum: 0, Workers: 4
[925.873s][debug][gc,phases      ] GC(131)     Total                          Min: 0, Avg:  0.0, Max: 0, Diff: 0, Sum: 0, Workers: 4
[925.873s][debug][gc,phases      ] GC(131)   StringDedup Requests1 Weak     Min:  0.0, Avg:  0.0, Max:  0.0, Diff:  0.0, Sum:  0.0, Workers: 4
[925.873s][debug][gc,phases      ] GC(131)     Dead                           Min: 0, Avg:  0.0, Max: 0, Diff: 0, Sum: 0, Workers: 4
[925.873s][debug][gc,phases      ] GC(131)     Total                          Min: 0, Avg:  0.0, Max: 0, Diff: 0, Sum: 0, Workers: 4
[925.873s][debug][gc,phases      ] GC(131)   Weak JFR Old Object Samples    Min:  0.0, Avg:  0.0, Max:  0.0, Diff:  0.0, Sum:  0.0, Workers: 4
[925.873s][debug][gc,phases      ] GC(131)     Dead                           Min: 0, Avg:  0.0, Max: 0, Diff: 0, Sum: 0, Workers: 4
[925.873s][debug][gc,phases      ] GC(131)     Total                          Min: 0, Avg:  0.0, Max: 0, Diff: 0, Sum: 0, Workers: 4
[925.873s][debug][gc,phases      ] GC(131) Weak Processing 0.376ms
[925.873s][debug][gc,age         ] GC(131) Desired survivor size 12058624 bytes, new threshold 14 (max threshold 15)
[925.873s][info ][gc,heap        ] GC(131) PSYoungGen: 2078612K(2085888K)->9699K(2083328K) Eden: 2075648K(2075648K)->0K(2073600K) From: 2964K(10240K)->9699K(9728K)
[925.873s][info ][gc,heap        ] GC(131) ParOldGen: 404215K(451584K)->405047K(451584K)
[925.873s][info ][gc,metaspace   ] GC(131) Metaspace: 79840K(80768K)->79840K(80768K) NonClass: 68420K(68928K)->68420K(68928K) Class: 11420K(11840K)->11420K(11840K)
[925.873s][info ][gc             ] GC(131) Pause Young (Allocation Failure) 2424M->405M(2475M) 10.936ms
[925.873s][info ][gc,cpu         ] GC(131) User=0.05s Sys=0.00s Real=0.01s
[925.873s][info ][safepoint      ] Safepoint "ParallelGCFailedAllocation", Time since last: 464024377 ns, Reaching safepoint: 114604 ns, At safepoint: 11019310 ns, Total: 11133914 ns
[928.873s][info ][safepoint      ] Safepoint "Cleanup", Time since last: 3000212714 ns, Reaching safepoint: 43001 ns, At safepoint: 2900 ns, Total: 45901 ns
[935.038s][info ][gc,start       ] GC(132) Pause Young (Allocation Failure)
[935.048s][debug][gc,phases      ] GC(132) Scavenge 9.717ms
[935.048s][debug][gc,ref         ] GC(132) Skipped phase 1 of Reference Processing: no references
[935.048s][debug][gc,ref         ] GC(132) ReferenceProcessor::execute queues: 1, RefProcThreadModel::Single, marks_oops_alive: false
[935.048s][debug][gc,ref         ] GC(132) Skipped phase 3 of Reference Processing: no references
[935.048s][debug][gc,ref         ] GC(132) ReferenceProcessor::execute queues: 1, RefProcThreadModel::Single, marks_oops_alive: false
[935.048s][debug][gc,phases      ] GC(132) Reference Processing 0.121ms
[935.048s][debug][gc,phases      ] GC(132)   VM Weak                        Min:  0.0, Avg:  0.0, Max:  0.0, Diff:  0.0, Sum:  0.0, Workers: 4
[935.048s][debug][gc,phases      ] GC(132)     Dead                           Min: 0, Avg:  0.0, Max: 0, Diff: 0, Sum: 0, Workers: 4
[935.048s][debug][gc,phases      ] GC(132)     Total                          Min: 0, Avg: 197.0, Max: 704, Diff: 704, Sum: 788, Workers: 4
[935.048s][debug][gc,phases      ] GC(132)   ObjectSynchronizer Weak        Min:  0.0, Avg:  0.0, Max:  0.0, Diff:  0.0, Sum:  0.0, Workers: 4
[935.048s][debug][gc,phases      ] GC(132)     Dead                           Min: 0, Avg:  0.0, Max: 0, Diff: 0, Sum: 0, Workers: 4
[935.048s][debug][gc,phases      ] GC(132)     Total                          Min: 0, Avg: 36.0, Max: 64, Diff: 64, Sum: 144, Workers: 4
[935.048s][debug][gc,phases      ] GC(132)   JVMTI Tag Weak OopStorage      Min:  0.0, Avg:  0.0, Max:  0.0, Diff:  0.0, Sum:  0.0, Workers: 4
[935.048s][debug][gc,phases      ] GC(132)     Dead                           Min: 0, Avg:  0.0, Max: 0, Diff: 0, Sum: 0, Workers: 4
[935.048s][debug][gc,phases      ] GC(132)     Total                          Min: 0, Avg:  0.0, Max: 0, Diff: 0, Sum: 0, Workers: 4
[935.048s][debug][gc,phases      ] GC(132)   StringTable Weak               Min:  0.0, Avg:  0.1, Max:  0.1, Diff:  0.1, Sum:  0.4, Workers: 4
[935.048s][debug][gc,phases      ] GC(132)     Dead                           Min: 0, Avg:  0.0, Max: 0, Diff: 0, Sum: 0, Workers: 4
[935.048s][debug][gc,phases      ] GC(132)     Total                          Min: 0, Avg: 10798.8, Max: 15102, Diff: 15102, Sum: 43195, Workers: 4
[935.048s][debug][gc,phases      ] GC(132)   ResolvedMethodTable Weak       Min:  0.0, Avg:  0.0, Max:  0.0, Diff:  0.0, Sum:  0.1, Workers: 4
[935.048s][debug][gc,phases      ] GC(132)     Dead                           Min: 0, Avg:  0.0, Max: 0, Diff: 0, Sum: 0, Workers: 4
[935.048s][debug][gc,phases      ] GC(132)     Total                          Min: 0, Avg: 2250.5, Max: 3264, Diff: 3264, Sum: 9002, Workers: 4
[935.048s][debug][gc,phases      ] GC(132)   JNI Weak                       Min:  0.0, Avg:  0.0, Max:  0.0, Diff:  0.0, Sum:  0.0, Workers: 4
[935.048s][debug][gc,phases      ] GC(132)     Dead                           Min: 0, Avg:  0.0, Max: 0, Diff: 0, Sum: 0, Workers: 4
[935.048s][debug][gc,phases      ] GC(132)     Total                          Min: 0, Avg: 11.2, Max: 45, Diff: 45, Sum: 45, Workers: 4
[935.048s][debug][gc,phases      ] GC(132)   StringDedup Table Weak         Min:  0.0, Avg:  0.0, Max:  0.0, Diff:  0.0, Sum:  0.0, Workers: 4
[935.048s][debug][gc,phases      ] GC(132)     Dead                           Min: 0, Avg:  0.0, Max: 0, Diff: 0, Sum: 0, Workers: 4
[935.048s][debug][gc,phases      ] GC(132)     Total                          Min: 0, Avg:  0.0, Max: 0, Diff: 0, Sum: 0, Workers: 4
[935.048s][debug][gc,phases      ] GC(132)   StringDedup Requests0 Weak     Min:  0.0, Avg:  0.0, Max:  0.0, Diff:  0.0, Sum:  0.0, Workers: 4
[935.048s][debug][gc,phases      ] GC(132)     Dead                           Min: 0, Avg:  0.0, Max: 0, Diff: 0, Sum: 0, Workers: 4
[935.048s][debug][gc,phases      ] GC(132)     Total                          Min: 0, Avg:  0.0, Max: 0, Diff: 0, Sum: 0, Workers: 4
[935.048s][debug][gc,phases      ] GC(132)   StringDedup Requests1 Weak     Min:  0.0, Avg:  0.0, Max:  0.0, Diff:  0.0, Sum:  0.0, Workers: 4
[935.048s][debug][gc,phases      ] GC(132)     Dead                           Min: 0, Avg:  0.0, Max: 0, Diff: 0, Sum: 0, Workers: 4
[935.048s][debug][gc,phases      ] GC(132)     Total                          Min: 0, Avg:  0.0, Max: 0, Diff: 0, Sum: 0, Workers: 4
[935.048s][debug][gc,phases      ] GC(132)   Weak JFR Old Object Samples    Min:  0.0, Avg:  0.0, Max:  0.0, Diff:  0.0, Sum:  0.0, Workers: 4
[935.048s][debug][gc,phases      ] GC(132)     Dead                           Min: 0, Avg:  0.0, Max: 0, Diff: 0, Sum: 0, Workers: 4
[935.048s][debug][gc,phases      ] GC(132)     Total                          Min: 0, Avg:  0.0, Max: 0, Diff: 0, Sum: 0, Workers: 4
[935.048s][debug][gc,phases      ] GC(132) Weak Processing 0.372ms
[935.048s][debug][gc,age         ] GC(132) Desired survivor size 13631488 bytes, new threshold 15 (max threshold 15)
[935.048s][info ][gc,heap        ] GC(132) PSYoungGen: 2083299K(2083328K)->9667K(2083328K) Eden: 2073600K(2073600K)->0K(2073600K) From: 9699K(9728K)->9667K(9728K)
[935.048s][info ][gc,heap        ] GC(132) ParOldGen: 405047K(451584K)->405095K(451584K)
[935.048s][info ][gc,metaspace   ] GC(132) Metaspace: 79840K(80768K)->79840K(80768K) NonClass: 68420K(68928K)->68420K(68928K) Class: 11420K(11840K)->11420K(11840K)
[935.048s][info ][gc             ] GC(132) Pause Young (Allocation Failure) 2430M->405M(2475M) 10.362ms
[935.048s][info ][gc,cpu         ] GC(132) User=0.03s Sys=0.00s Real=0.01s
[935.048s][info ][safepoint      ] Safepoint "ParallelGCFailedAllocation", Time since last: 6164844212 ns, Reaching safepoint: 36301 ns, At safepoint: 10438489 ns, Total: 10474790 ns
[939.049s][info ][safepoint      ] Safepoint "Cleanup", Time since last: 4000279635 ns, Reaching safepoint: 41102 ns, At safepoint: 3400 ns, Total: 44502 ns
[943.049s][info ][safepoint      ] Safepoint "Cleanup", Time since last: 4000320071 ns, Reaching safepoint: 136605 ns, At safepoint: 11701 ns, Total: 148306 ns
[944.049s][info ][safepoint      ] Safepoint "Cleanup", Time since last: 1000129075 ns, Reaching safepoint: 59802 ns, At safepoint: 10201 ns, Total: 70003 ns
[947.882s][info ][gc,start       ] GC(133) Pause Young (Allocation Failure)
[947.893s][debug][gc,phases      ] GC(133) Scavenge 10.868ms
[947.893s][debug][gc,ref         ] GC(133) Skipped phase 1 of Reference Processing: no references
[947.893s][debug][gc,ref         ] GC(133) ReferenceProcessor::execute queues: 1, RefProcThreadModel::Single, marks_oops_alive: false
[947.893s][debug][gc,ref         ] GC(133) Skipped phase 3 of Reference Processing: no references
[947.893s][debug][gc,ref         ] GC(133) ReferenceProcessor::execute queues: 1, RefProcThreadModel::Single, marks_oops_alive: false
[947.893s][debug][gc,phases      ] GC(133) Reference Processing 0.120ms
[947.893s][debug][gc,phases      ] GC(133)   VM Weak                        Min:  0.0, Avg:  0.0, Max:  0.0, Diff:  0.0, Sum:  0.0, Workers: 4
[947.893s][debug][gc,phases      ] GC(133)     Dead                           Min: 0, Avg:  0.0, Max: 0, Diff: 0, Sum: 0, Workers: 4
[947.893s][debug][gc,phases      ] GC(133)     Total                          Min: 0, Avg: 198.0, Max: 576, Diff: 576, Sum: 792, Workers: 4
[947.893s][debug][gc,phases      ] GC(133)   ObjectSynchronizer Weak        Min:  0.0, Avg:  0.0, Max:  0.0, Diff:  0.0, Sum:  0.0, Workers: 4
[947.893s][debug][gc,phases      ] GC(133)     Dead                           Min: 0, Avg:  0.0, Max: 0, Diff: 0, Sum: 0, Workers: 4
[947.893s][debug][gc,phases      ] GC(133)     Total                          Min: 0, Avg: 36.0, Max: 64, Diff: 64, Sum: 144, Workers: 4
[947.893s][debug][gc,phases      ] GC(133)   JVMTI Tag Weak OopStorage      Min:  0.0, Avg:  0.0, Max:  0.0, Diff:  0.0, Sum:  0.0, Workers: 4
[947.893s][debug][gc,phases      ] GC(133)     Dead                           Min: 0, Avg:  0.0, Max: 0, Diff: 0, Sum: 0, Workers: 4
[947.893s][debug][gc,phases      ] GC(133)     Total                          Min: 0, Avg:  0.0, Max: 0, Diff: 0, Sum: 0, Workers: 4
[947.893s][debug][gc,phases      ] GC(133)   StringTable Weak               Min:  0.0, Avg:  0.1, Max:  0.2, Diff:  0.2, Sum:  0.5, Workers: 4
[947.893s][debug][gc,phases      ] GC(133)     Dead                           Min: 0, Avg:  0.0, Max: 0, Diff: 0, Sum: 0, Workers: 4
[947.893s][debug][gc,phases      ] GC(133)     Total                          Min: 0, Avg: 10800.5, Max: 14784, Diff: 14784, Sum: 43202, Workers: 4
[947.893s][debug][gc,phases      ] GC(133)   ResolvedMethodTable Weak       Min:  0.0, Avg:  0.0, Max:  0.1, Diff:  0.1, Sum:  0.2, Workers: 4
[947.893s][debug][gc,phases      ] GC(133)     Dead                           Min: 0, Avg:  0.0, Max: 0, Diff: 0, Sum: 0, Workers: 4
[947.893s][debug][gc,phases      ] GC(133)     Total                          Min: 0, Avg: 2254.5, Max: 3322, Diff: 3322, Sum: 9018, Workers: 4
[947.893s][debug][gc,phases      ] GC(133)   JNI Weak                       Min:  0.0, Avg:  0.0, Max:  0.0, Diff:  0.0, Sum:  0.0, Workers: 4
[947.893s][debug][gc,phases      ] GC(133)     Dead                           Min: 0, Avg:  0.0, Max: 0, Diff: 0, Sum: 0, Workers: 4
[947.893s][debug][gc,phases      ] GC(133)     Total                          Min: 0, Avg: 11.2, Max: 45, Diff: 45, Sum: 45, Workers: 4
[947.893s][debug][gc,phases      ] GC(133)   StringDedup Table Weak         Min:  0.0, Avg:  0.0, Max:  0.0, Diff:  0.0, Sum:  0.0, Workers: 4
[947.893s][debug][gc,phases      ] GC(133)     Dead                           Min: 0, Avg:  0.0, Max: 0, Diff: 0, Sum: 0, Workers: 4
[947.893s][debug][gc,phases      ] GC(133)     Total                          Min: 0, Avg:  0.0, Max: 0, Diff: 0, Sum: 0, Workers: 4
[947.893s][debug][gc,phases      ] GC(133)   StringDedup Requests0 Weak     Min:  0.0, Avg:  0.0, Max:  0.0, Diff:  0.0, Sum:  0.0, Workers: 4
[947.893s][debug][gc,phases      ] GC(133)     Dead                           Min: 0, Avg:  0.0, Max: 0, Diff: 0, Sum: 0, Workers: 4
[947.893s][debug][gc,phases      ] GC(133)     Total                          Min: 0, Avg:  0.0, Max: 0, Diff: 0, Sum: 0, Workers: 4
[947.893s][debug][gc,phases      ] GC(133)   StringDedup Requests1 Weak     Min:  0.0, Avg:  0.0, Max:  0.0, Diff:  0.0, Sum:  0.0, Workers: 4
[947.893s][debug][gc,phases      ] GC(133)     Dead                           Min: 0, Avg:  0.0, Max: 0, Diff: 0, Sum: 0, Workers: 4
[947.893s][debug][gc,phases      ] GC(133)     Total                          Min: 0, Avg:  0.0, Max: 0, Diff: 0, Sum: 0, Workers: 4
[947.893s][debug][gc,phases      ] GC(133)   Weak JFR Old Object Samples    Min:  0.0, Avg:  0.0, Max:  0.0, Diff:  0.0, Sum:  0.0, Workers: 4
[947.893s][debug][gc,phases      ] GC(133)     Dead                           Min: 0, Avg:  0.0, Max: 0, Diff: 0, Sum: 0, Workers: 4
[947.893s][debug][gc,phases      ] GC(133)     Total                          Min: 0, Avg:  0.0, Max: 0, Diff: 0, Sum: 0, Workers: 4
[947.893s][debug][gc,phases      ] GC(133) Weak Processing 0.433ms
[947.893s][debug][gc,age         ] GC(133) Desired survivor size 14680064 bytes, new threshold 15 (max threshold 15)
[947.893s][info ][gc,heap        ] GC(133) PSYoungGen: 2083267K(2083328K)->9619K(2081792K) Eden: 2073600K(2073600K)->0K(2068480K) From: 9667K(9728K)->9619K(13312K)
[947.893s][info ][gc,heap        ] GC(133) ParOldGen: 405095K(451584K)->405095K(451584K)
[947.893s][info ][gc,metaspace   ] GC(133) Metaspace: 79868K(80768K)->79868K(80768K) NonClass: 68442K(68928K)->68442K(68928K) Class: 11426K(11840K)->11426K(11840K)
[947.893s][info ][gc             ] GC(133) Pause Young (Allocation Failure) 2430M->404M(2474M) 11.585ms
[947.893s][info ][gc,cpu         ] GC(133) User=0.04s Sys=0.00s Real=0.01s
[947.893s][info ][safepoint      ] Safepoint "ParallelGCFailedAllocation", Time since last: 3832198246 ns, Reaching safepoint: 49802 ns, At safepoint: 11670535 ns, Total: 11720337 ns
[953.894s][info ][safepoint      ] Safepoint "Cleanup", Time since last: 6000627237 ns, Reaching safepoint: 63603 ns, At safepoint: 3000 ns, Total: 66603 ns
[1002.181s][info ][gc,start       ] GC(134) Pause Young (Allocation Failure)
[1002.189s][debug][gc,phases      ] GC(134) Scavenge 7.480ms
[1002.189s][debug][gc,ref         ] GC(134) Skipped phase 1 of Reference Processing: no references
[1002.189s][debug][gc,ref         ] GC(134) ReferenceProcessor::execute queues: 1, RefProcThreadModel::Single, marks_oops_alive: false
[1002.189s][debug][gc,ref         ] GC(134) ReferenceProcessor::execute queues: 4, RefProcThreadModel::Multi, marks_oops_alive: true
[1002.189s][debug][gc,ref         ] GC(134) ReferenceProcessor::execute queues: 1, RefProcThreadModel::Single, marks_oops_alive: false
[1002.189s][debug][gc,phases      ] GC(134) Reference Processing 0.243ms
[1002.189s][debug][gc,phases      ] GC(134)   VM Weak                        Min:  0.0, Avg:  0.0, Max:  0.0, Diff:  0.0, Sum:  0.0, Workers: 4
[1002.189s][debug][gc,phases      ] GC(134)     Dead                           Min: 0, Avg:  0.0, Max: 0, Diff: 0, Sum: 0, Workers: 4
[1002.189s][debug][gc,phases      ] GC(134)     Total                          Min: 0, Avg: 198.0, Max: 536, Diff: 536, Sum: 792, Workers: 4
[1002.189s][debug][gc,phases      ] GC(134)   ObjectSynchronizer Weak        Min:  0.0, Avg:  0.0, Max:  0.0, Diff:  0.0, Sum:  0.0, Workers: 4
[1002.189s][debug][gc,phases      ] GC(134)     Dead                           Min: 0, Avg:  0.0, Max: 0, Diff: 0, Sum: 0, Workers: 4
[1002.189s][debug][gc,phases      ] GC(134)     Total                          Min: 0, Avg: 36.0, Max: 64, Diff: 64, Sum: 144, Workers: 4
[1002.189s][debug][gc,phases      ] GC(134)   JVMTI Tag Weak OopStorage      Min:  0.0, Avg:  0.0, Max:  0.0, Diff:  0.0, Sum:  0.0, Workers: 4
[1002.189s][debug][gc,phases      ] GC(134)     Dead                           Min: 0, Avg:  0.0, Max: 0, Diff: 0, Sum: 0, Workers: 4
[1002.189s][debug][gc,phases      ] GC(134)     Total                          Min: 0, Avg:  0.0, Max: 0, Diff: 0, Sum: 0, Workers: 4
[1002.189s][debug][gc,phases      ] GC(134)   StringTable Weak               Min:  0.1, Avg:  0.1, Max:  0.1, Diff:  0.0, Sum:  0.5, Workers: 4
[1002.189s][debug][gc,phases      ] GC(134)     Dead                           Min: 0, Avg:  0.0, Max: 0, Diff: 0, Sum: 0, Workers: 4
[1002.189s][debug][gc,phases      ] GC(134)     Total                          Min: 10304, Avg: 10800.5, Max: 11776, Diff: 1472, Sum: 43202, Workers: 4
[1002.189s][debug][gc,phases      ] GC(134)   ResolvedMethodTable Weak       Min:  0.0, Avg:  0.0, Max:  0.0, Diff:  0.0, Sum:  0.1, Workers: 4
[1002.189s][debug][gc,phases      ] GC(134)     Dead                           Min: 0, Avg:  0.0, Max: 0, Diff: 0, Sum: 0, Workers: 4
[1002.189s][debug][gc,phases      ] GC(134)     Total                          Min: 1600, Avg: 2254.5, Max: 2554, Diff: 954, Sum: 9018, Workers: 4
[1002.189s][debug][gc,phases      ] GC(134)   JNI Weak                       Min:  0.0, Avg:  0.0, Max:  0.0, Diff:  0.0, Sum:  0.0, Workers: 4
[1002.189s][debug][gc,phases      ] GC(134)     Dead                           Min: 0, Avg:  0.0, Max: 0, Diff: 0, Sum: 0, Workers: 4
[1002.189s][debug][gc,phases      ] GC(134)     Total                          Min: 0, Avg: 11.2, Max: 45, Diff: 45, Sum: 45, Workers: 4
[1002.189s][debug][gc,phases      ] GC(134)   StringDedup Table Weak         Min:  0.0, Avg:  0.0, Max:  0.0, Diff:  0.0, Sum:  0.0, Workers: 4
[1002.189s][debug][gc,phases      ] GC(134)     Dead                           Min: 0, Avg:  0.0, Max: 0, Diff: 0, Sum: 0, Workers: 4
[1002.189s][debug][gc,phases      ] GC(134)     Total                          Min: 0, Avg:  0.0, Max: 0, Diff: 0, Sum: 0, Workers: 4
[1002.189s][debug][gc,phases      ] GC(134)   StringDedup Requests0 Weak     Min:  0.0, Avg:  0.0, Max:  0.0, Diff:  0.0, Sum:  0.0, Workers: 4
[1002.189s][debug][gc,phases      ] GC(134)     Dead                           Min: 0, Avg:  0.0, Max: 0, Diff: 0, Sum: 0, Workers: 4
[1002.189s][debug][gc,phases      ] GC(134)     Total                          Min: 0, Avg:  0.0, Max: 0, Diff: 0, Sum: 0, Workers: 4
[1002.189s][debug][gc,phases      ] GC(134)   StringDedup Requests1 Weak     Min:  0.0, Avg:  0.0, Max:  0.0, Diff:  0.0, Sum:  0.0, Workers: 4
[1002.189s][debug][gc,phases      ] GC(134)     Dead                           Min: 0, Avg:  0.0, Max: 0, Diff: 0, Sum: 0, Workers: 4
[1002.189s][debug][gc,phases      ] GC(134)     Total                          Min: 0, Avg:  0.0, Max: 0, Diff: 0, Sum: 0, Workers: 4
[1002.189s][debug][gc,phases      ] GC(134)   Weak JFR Old Object Samples    Min:  0.0, Avg:  0.0, Max:  0.0, Diff:  0.0, Sum:  0.0, Workers: 4
[1002.189s][debug][gc,phases      ] GC(134)     Dead                           Min: 0, Avg:  0.0, Max: 0, Diff: 0, Sum: 0, Workers: 4
[1002.189s][debug][gc,phases      ] GC(134)     Total                          Min: 0, Avg:  0.0, Max: 0, Diff: 0, Sum: 0, Workers: 4
[1002.189s][debug][gc,phases      ] GC(134) Weak Processing 0.353ms
[1002.189s][debug][gc,age         ] GC(134) Desired survivor size 15204352 bytes, new threshold 15 (max threshold 15)
[1002.189s][info ][gc,heap        ] GC(134) PSYoungGen: 2078099K(2081792K)->8735K(2077696K) Eden: 2068480K(2068480K)->0K(2068480K) From: 9619K(13312K)->8735K(9216K)
[1002.189s][info ][gc,heap        ] GC(134) ParOldGen: 405095K(451584K)->405996K(451584K)
[1002.189s][info ][gc,metaspace   ] GC(134) Metaspace: 79868K(80768K)->79868K(80768K) NonClass: 68442K(68928K)->68442K(68928K) Class: 11426K(11840K)->11426K(11840K)
[1002.189s][info ][gc             ] GC(134) Pause Young (Allocation Failure) 2424M->405M(2470M) 8.224ms
[1002.189s][info ][gc,cpu         ] GC(134) User=0.03s Sys=0.00s Real=0.01s
[1002.190s][info ][safepoint      ] Safepoint "ParallelGCFailedAllocation", Time since last: 48287181181 ns, Reaching safepoint: 33201 ns, At safepoint: 8333512 ns, Total: 8366713 ns
[1004.190s][info ][safepoint      ] Safepoint "Cleanup", Time since last: 2000159585 ns, Reaching safepoint: 59403 ns, At safepoint: 8700 ns, Total: 68103 ns
[1056.880s][info ][gc,start       ] GC(135) Pause Young (Allocation Failure)
[1056.888s][debug][gc,phases      ] GC(135) Scavenge 7.354ms
[1056.888s][debug][gc,ref         ] GC(135) Skipped phase 1 of Reference Processing: no references
[1056.888s][debug][gc,ref         ] GC(135) ReferenceProcessor::execute queues: 1, RefProcThreadModel::Single, marks_oops_alive: false
[1056.888s][debug][gc,ref         ] GC(135) Skipped phase 3 of Reference Processing: no references
[1056.888s][debug][gc,ref         ] GC(135) ReferenceProcessor::execute queues: 1, RefProcThreadModel::Single, marks_oops_alive: false
[1056.888s][debug][gc,phases      ] GC(135) Reference Processing 0.107ms
[1056.888s][debug][gc,phases      ] GC(135)   VM Weak                        Min:  0.0, Avg:  0.0, Max:  0.0, Diff:  0.0, Sum:  0.0, Workers: 4
[1056.888s][debug][gc,phases      ] GC(135)     Dead                           Min: 0, Avg:  0.0, Max: 0, Diff: 0, Sum: 0, Workers: 4
[1056.888s][debug][gc,phases      ] GC(135)     Total                          Min: 0, Avg: 198.0, Max: 768, Diff: 768, Sum: 792, Workers: 4
[1056.888s][debug][gc,phases      ] GC(135)   ObjectSynchronizer Weak        Min:  0.0, Avg:  0.0, Max:  0.0, Diff:  0.0, Sum:  0.0, Workers: 4
[1056.888s][debug][gc,phases      ] GC(135)     Dead                           Min: 0, Avg:  0.0, Max: 0, Diff: 0, Sum: 0, Workers: 4
[1056.888s][debug][gc,phases      ] GC(135)     Total                          Min: 0, Avg: 36.0, Max: 64, Diff: 64, Sum: 144, Workers: 4
[1056.888s][debug][gc,phases      ] GC(135)   JVMTI Tag Weak OopStorage      Min:  0.0, Avg:  0.0, Max:  0.0, Diff:  0.0, Sum:  0.0, Workers: 4
[1056.888s][debug][gc,phases      ] GC(135)     Dead                           Min: 0, Avg:  0.0, Max: 0, Diff: 0, Sum: 0, Workers: 4
[1056.888s][debug][gc,phases      ] GC(135)     Total                          Min: 0, Avg:  0.0, Max: 0, Diff: 0, Sum: 0, Workers: 4
[1056.888s][debug][gc,phases      ] GC(135)   StringTable Weak               Min:  0.1, Avg:  0.1, Max:  0.1, Diff:  0.0, Sum:  0.5, Workers: 4
[1056.888s][debug][gc,phases      ] GC(135)     Dead                           Min: 0, Avg:  0.0, Max: 0, Diff: 0, Sum: 0, Workers: 4
[1056.888s][debug][gc,phases      ] GC(135)     Total                          Min: 9280, Avg: 10800.8, Max: 12288, Diff: 3008, Sum: 43203, Workers: 4
[1056.888s][debug][gc,phases      ] GC(135)   ResolvedMethodTable Weak       Min:  0.0, Avg:  0.0, Max:  0.0, Diff:  0.0, Sum:  0.1, Workers: 4
[1056.888s][debug][gc,phases      ] GC(135)     Dead                           Min: 0, Avg:  0.0, Max: 0, Diff: 0, Sum: 0, Workers: 4
[1056.888s][debug][gc,phases      ] GC(135)     Total                          Min: 1984, Avg: 2254.5, Max: 2432, Diff: 448, Sum: 9018, Workers: 4
[1056.888s][debug][gc,phases      ] GC(135)   JNI Weak                       Min:  0.0, Avg:  0.0, Max:  0.0, Diff:  0.0, Sum:  0.0, Workers: 4
[1056.888s][debug][gc,phases      ] GC(135)     Dead                           Min: 0, Avg:  0.0, Max: 0, Diff: 0, Sum: 0, Workers: 4
[1056.888s][debug][gc,phases      ] GC(135)     Total                          Min: 0, Avg: 11.2, Max: 45, Diff: 45, Sum: 45, Workers: 4
[1056.888s][debug][gc,phases      ] GC(135)   StringDedup Table Weak         Min:  0.0, Avg:  0.0, Max:  0.0, Diff:  0.0, Sum:  0.0, Workers: 4
[1056.888s][debug][gc,phases      ] GC(135)     Dead                           Min: 0, Avg:  0.0, Max: 0, Diff: 0, Sum: 0, Workers: 4
[1056.888s][debug][gc,phases      ] GC(135)     Total                          Min: 0, Avg:  0.0, Max: 0, Diff: 0, Sum: 0, Workers: 4
[1056.888s][debug][gc,phases      ] GC(135)   StringDedup Requests0 Weak     Min:  0.0, Avg:  0.0, Max:  0.0, Diff:  0.0, Sum:  0.0, Workers: 4
[1056.888s][debug][gc,phases      ] GC(135)     Dead                           Min: 0, Avg:  0.0, Max: 0, Diff: 0, Sum: 0, Workers: 4
[1056.888s][debug][gc,phases      ] GC(135)     Total                          Min: 0, Avg:  0.0, Max: 0, Diff: 0, Sum: 0, Workers: 4
[1056.888s][debug][gc,phases      ] GC(135)   StringDedup Requests1 Weak     Min:  0.0, Avg:  0.0, Max:  0.0, Diff:  0.0, Sum:  0.0, Workers: 4
[1056.888s][debug][gc,phases      ] GC(135)     Dead                           Min: 0, Avg:  0.0, Max: 0, Diff: 0, Sum: 0, Workers: 4
[1056.888s][debug][gc,phases      ] GC(135)     Total                          Min: 0, Avg:  0.0, Max: 0, Diff: 0, Sum: 0, Workers: 4
[1056.888s][debug][gc,phases      ] GC(135)   Weak JFR Old Object Samples    Min:  0.0, Avg:  0.0, Max:  0.0, Diff:  0.0, Sum:  0.0, Workers: 4
[1056.888s][debug][gc,phases      ] GC(135)     Dead                           Min: 0, Avg:  0.0, Max: 0, Diff: 0, Sum: 0, Workers: 4
[1056.888s][debug][gc,phases      ] GC(135)     Total                          Min: 0, Avg:  0.0, Max: 0, Diff: 0, Sum: 0, Workers: 4
[1056.888s][debug][gc,phases      ] GC(135) Weak Processing 0.339ms
[1056.888s][debug][gc,age         ] GC(135) Desired survivor size 15204352 bytes, new threshold 15 (max threshold 15)
[1056.888s][info ][gc,heap        ] GC(135) PSYoungGen: 2077215K(2077696K)->8639K(2082304K) Eden: 2068480K(2068480K)->0K(2067456K) From: 8735K(9216K)->8639K(14848K)
[1056.888s][info ][gc,heap        ] GC(135) ParOldGen: 405996K(451584K)->406080K(451584K)
[1056.888s][info ][gc,metaspace   ] GC(135) Metaspace: 79868K(80768K)->79868K(80768K) NonClass: 68442K(68928K)->68442K(68928K) Class: 11426K(11840K)->11426K(11840K)
[1056.888s][info ][gc             ] GC(135) Pause Young (Allocation Failure) 2425M->404M(2474M) 7.940ms
[1056.888s][info ][gc,cpu         ] GC(135) User=0.03s Sys=0.00s Real=0.01s
[1056.888s][info ][safepoint      ] Safepoint "ParallelGCFailedAllocation", Time since last: 52690306523 ns, Reaching safepoint: 35301 ns, At safepoint: 8047002 ns, Total: 8082303 ns
[1064.292s][info ][safepoint      ] Safepoint "Cleanup", Time since last: 7403884792 ns, Reaching safepoint: 82403 ns, At safepoint: 5000 ns, Total: 87403 ns
[1064.314s][info ][gc,heap,exit   ] Heap
[1064.314s][info ][gc,heap,exit   ]  PSYoungGen      total 2082304K, used 482197K [0x0000000780000000, 0x0000000800000000, 0x0000000800000000)
[1064.314s][info ][gc,heap,exit   ]   eden space 2067456K, 22% used [0x0000000780000000,0x000000079ce757d0,0x00000007fe300000)
[1064.314s][info ][gc,heap,exit   ]   from space 14848K, 58% used [0x00000007ff180000,0x00000007ff9efc38,0x0000000800000000)
[1064.314s][info ][gc,heap,exit   ]   to   space 14848K, 0% used [0x00000007fe300000,0x00000007fe300000,0x00000007ff180000)
[1064.314s][info ][gc,heap,exit   ]  ParOldGen       total 451584K, used 406080K [0x0000000740000000, 0x000000075b900000, 0x0000000780000000)
[1064.314s][info ][gc,heap,exit   ]   object space 451584K, 89% used [0x0000000740000000,0x0000000758c90288,0x000000075b900000)
[1064.314s][info ][gc,heap,exit   ]  Metaspace       used 79980K, committed 80960K, reserved 1122304K
[1064.314s][info ][gc,heap,exit   ]   class space    used 11445K, committed 11840K, reserved 1048576K
