[0.002s][info][gc] Using Parallel
[0.003s][info][gc,init] Version: 17.0.8.1+1-LTS (release)
[0.003s][info][gc,init] CPUs: 4 total, 4 available
[0.003s][info][gc,init] Memory: 15991M
[0.003s][info][gc,init] Large Page Support: Disabled
[0.003s][info][gc,init] NUMA Support: Disabled
[0.003s][info][gc,init] Compressed Oops: Enabled (Zero based)
[0.003s][info][gc,init] Alignments: Space 512K, Generation 512K, Heap 2M
[0.003s][info][gc,init] Heap Min Capacity: 2054M
[0.003s][info][gc,init] Heap Initial Capacity: 2054M
[0.003s][info][gc,init] Heap Max Capacity: 5G
[0.003s][info][gc,init] Pre-touch: Disabled
[0.003s][info][gc,init] Parallel Workers: 4
[0.008s][info][gc,metaspace] CDS archive(s) mapped at: [0x00007f9691000000-0x00007f9691beb000-0x00007f9691beb000), size 12496896, SharedBaseAddress: 0x00007f9691000000, ArchiveRelocationMode: 1.
[0.008s][info][gc,metaspace] Compressed class space mapped at: 0x00007f9692000000-0x00007f96d2000000, reserved size: 1073741824
[0.008s][info][gc,metaspace] Narrow klass base: 0x00007f9691000000, Narrow klass shift: 0, Narrow klass range: 0x100000000
[0.740s][info][safepoint   ] Safepoint "ICBufferFull", Time since last: 726414393 ns, Reaching safepoint: 69901 ns, Cleanup: 122800 ns, At safepoint: 6900 ns, Total: 199601 ns
[1.140s][info][safepoint   ] Safepoint "ICBufferFull", Time since last: 400288435 ns, Reaching safepoint: 73200 ns, Cleanup: 232800 ns, At safepoint: 8100 ns, Total: 314100 ns
[1.740s][info][safepoint   ] Safepoint "ICBufferFull", Time since last: 599140600 ns, Reaching safepoint: 3400 ns, Cleanup: 183600 ns, At safepoint: 7900 ns, Total: 194900 ns
[1.794s][info][gc,start    ] GC(0) Pause Young (Metadata GC Threshold)
[1.822s][debug][gc,phases   ] GC(0) Scavenge 26.999ms
[1.822s][debug][gc,ref      ] GC(0) Skipped phase 1 of Reference Processing: no references
[1.822s][debug][gc,ref      ] GC(0) ReferenceProcessor::execute queues: 4, RefProcThreadModel::Multi, marks_oops_alive: false
[1.822s][debug][gc,ref      ] GC(0) Skipped phase 3 of Reference Processing: no references
[1.822s][debug][gc,ref      ] GC(0) ReferenceProcessor::execute queues: 1, RefProcThreadModel::Single, marks_oops_alive: false
[1.822s][debug][gc,phases   ] GC(0) Reference Processing 0.462ms
[1.822s][debug][gc,phases   ] GC(0)   VM Weak                        Min:  0.0, Avg:  0.0, Max:  0.0, Diff:  0.0, Sum:  0.0, Workers: 4
[1.822s][debug][gc,phases   ] GC(0)     Dead                           Min: 0, Avg:  0.0, Max: 0, Diff: 0, Sum: 0, Workers: 4
[1.822s][debug][gc,phases   ] GC(0)     Total                          Min: 0, Avg: 57.8, Max: 231, Diff: 231, Sum: 231, Workers: 4
[1.822s][debug][gc,phases   ] GC(0)   ObjectSynchronizer Weak        Min:  0.0, Avg:  0.0, Max:  0.0, Diff:  0.0, Sum:  0.0, Workers: 4
[1.822s][debug][gc,phases   ] GC(0)     Dead                           Min: 0, Avg:  1.5, Max: 6, Diff: 6, Sum: 6, Workers: 4
[1.822s][debug][gc,phases   ] GC(0)     Total                          Min: 0, Avg:  2.8, Max: 11, Diff: 11, Sum: 11, Workers: 4
[1.822s][debug][gc,phases   ] GC(0)   JVMTI Tag Weak OopStorage      Min:  0.0, Avg:  0.0, Max:  0.0, Diff:  0.0, Sum:  0.0, Workers: 4
[1.822s][debug][gc,phases   ] GC(0)     Dead                           Min: 0, Avg:  0.0, Max: 0, Diff: 0, Sum: 0, Workers: 4
[1.822s][debug][gc,phases   ] GC(0)     Total                          Min: 0, Avg:  0.0, Max: 0, Diff: 0, Sum: 0, Workers: 4
[1.822s][debug][gc,phases   ] GC(0)   StringTable Weak               Min:  0.0, Avg:  0.1, Max:  0.2, Diff:  0.2, Sum:  0.4, Workers: 4
[1.822s][debug][gc,phases   ] GC(0)     Dead                           Min: 0, Avg:  6.5, Max: 14, Diff: 14, Sum: 26, Workers: 4
[1.822s][debug][gc,phases   ] GC(0)     Total                          Min: 0, Avg: 3301.0, Max: 6720, Diff: 6720, Sum: 13204, Workers: 4
[1.822s][debug][gc,phases   ] GC(0)   ResolvedMethodTable Weak       Min:  0.0, Avg:  0.0, Max:  0.0, Diff:  0.0, Sum:  0.1, Workers: 4
[1.822s][debug][gc,phases   ] GC(0)     Dead                           Min: 0, Avg: 18.5, Max: 49, Diff: 49, Sum: 74, Workers: 4
[1.822s][debug][gc,phases   ] GC(0)     Total                          Min: 0, Avg: 320.8, Max: 643, Diff: 643, Sum: 1283, Workers: 4
[1.822s][debug][gc,phases   ] GC(0)   JNI Weak                       Min:  0.0, Avg:  0.0, Max:  0.0, Diff:  0.0, Sum:  0.0, Workers: 4
[1.822s][debug][gc,phases   ] GC(0)     Dead                           Min: 0, Avg:  0.0, Max: 0, Diff: 0, Sum: 0, Workers: 4
[1.822s][debug][gc,phases   ] GC(0)     Total                          Min: 0, Avg: 12.5, Max: 50, Diff: 50, Sum: 50, Workers: 4
[1.822s][debug][gc,phases   ] GC(0)   StringDedup Table Weak         Min:  0.0, Avg:  0.0, Max:  0.0, Diff:  0.0, Sum:  0.0, Workers: 4
[1.822s][debug][gc,phases   ] GC(0)     Dead                           Min: 0, Avg:  0.0, Max: 0, Diff: 0, Sum: 0, Workers: 4
[1.822s][debug][gc,phases   ] GC(0)     Total                          Min: 0, Avg:  0.0, Max: 0, Diff: 0, Sum: 0, Workers: 4
[1.822s][debug][gc,phases   ] GC(0)   StringDedup Requests0 Weak     Min:  0.0, Avg:  0.0, Max:  0.0, Diff:  0.0, Sum:  0.0, Workers: 4
[1.822s][debug][gc,phases   ] GC(0)     Dead                           Min: 0, Avg:  0.0, Max: 0, Diff: 0, Sum: 0, Workers: 4
[1.822s][debug][gc,phases   ] GC(0)     Total                          Min: 0, Avg:  0.0, Max: 0, Diff: 0, Sum: 0, Workers: 4
[1.822s][debug][gc,phases   ] GC(0)   StringDedup Requests1 Weak     Min:  0.0, Avg:  0.0, Max:  0.0, Diff:  0.0, Sum:  0.0, Workers: 4
[1.822s][debug][gc,phases   ] GC(0)     Dead                           Min: 0, Avg:  0.0, Max: 0, Diff: 0, Sum: 0, Workers: 4
[1.822s][debug][gc,phases   ] GC(0)     Total                          Min: 0, Avg:  0.0, Max: 0, Diff: 0, Sum: 0, Workers: 4
[1.822s][debug][gc,phases   ] GC(0)   Weak JFR Old Object Samples    Min:  0.0, Avg:  0.0, Max:  0.0, Diff:  0.0, Sum:  0.0, Workers: 4
[1.823s][debug][gc,phases   ] GC(0)     Dead                           Min: 0, Avg:  0.0, Max: 0, Diff: 0, Sum: 0, Workers: 4
[1.823s][debug][gc,phases   ] GC(0)     Total                          Min: 0, Avg:  0.0, Max: 0, Diff: 0, Sum: 0, Workers: 4
[1.823s][debug][gc,phases   ] GC(0) Weak Processing 0.483ms
[1.823s][debug][gc,age      ] GC(0) Desired survivor size 536870912 bytes, new threshold 7 (max threshold 15)
[1.823s][info ][gc,heap     ] GC(0) PSYoungGen: 240997K(1572864K)->31704K(1572864K) Eden: 240997K(1048576K)->0K(1048576K) From: 0K(524288K)->31704K(524288K)
[1.823s][info ][gc,heap     ] GC(0) ParOldGen: 0K(6144K)->96K(6144K)
[1.823s][info ][gc,metaspace] GC(0) Metaspace: 21137K(21504K)->21137K(21504K) NonClass: 18696K(18944K)->18696K(18944K) Class: 2441K(2560K)->2441K(2560K)
[1.823s][info ][gc          ] GC(0) Pause Young (Metadata GC Threshold) 235M->31M(1542M) 28.380ms
[1.823s][info ][gc,cpu      ] GC(0) User=0.06s Sys=0.00s Real=0.03s
[1.823s][debug][gc,phases   ] GC(1) Pre Compact 0.035ms
[1.823s][info ][gc,start    ] GC(1) Pause Full (Metadata GC Threshold)
[1.823s][info ][gc,phases,start] GC(1) Marking Phase
[1.836s][debug][gc,phases      ] GC(1) Par Mark 13.037ms
[1.836s][debug][gc,ref         ] GC(1) Skipped phase 1 of Reference Processing: no references
[1.836s][debug][gc,ref         ] GC(1) ReferenceProcessor::execute queues: 3, RefProcThreadModel::Multi, marks_oops_alive: false
[1.836s][debug][gc,ref         ] GC(1) Skipped phase 3 of Reference Processing: no references
[1.836s][debug][gc,ref         ] GC(1) ReferenceProcessor::execute queues: 1, RefProcThreadModel::Single, marks_oops_alive: false
[1.836s][debug][gc,phases      ] GC(1) Reference Processing 0.233ms
[1.836s][debug][gc,phases      ] GC(1)   VM Weak                        Min:  0.0, Avg:  0.0, Max:  0.0, Diff:  0.0, Sum:  0.0, Workers: 4
[1.836s][debug][gc,phases      ] GC(1)     Dead                           Min: 0, Avg:  0.0, Max: 0, Diff: 0, Sum: 0, Workers: 4
[1.836s][debug][gc,phases      ] GC(1)     Total                          Min: 0, Avg: 57.8, Max: 231, Diff: 231, Sum: 231, Workers: 4
[1.836s][debug][gc,phases      ] GC(1)   ObjectSynchronizer Weak        Min:  0.0, Avg:  0.0, Max:  0.0, Diff:  0.0, Sum:  0.0, Workers: 4
[1.836s][debug][gc,phases      ] GC(1)     Dead                           Min: 0, Avg:  0.0, Max: 0, Diff: 0, Sum: 0, Workers: 4
[1.836s][debug][gc,phases      ] GC(1)     Total                          Min: 0, Avg:  2.8, Max: 11, Diff: 11, Sum: 11, Workers: 4
[1.836s][debug][gc,phases      ] GC(1)   JVMTI Tag Weak OopStorage      Min:  0.0, Avg:  0.0, Max:  0.0, Diff:  0.0, Sum:  0.0, Workers: 4
[1.836s][debug][gc,phases      ] GC(1)     Dead                           Min: 0, Avg:  0.0, Max: 0, Diff: 0, Sum: 0, Workers: 4
[1.836s][debug][gc,phases      ] GC(1)     Total                          Min: 0, Avg:  0.0, Max: 0, Diff: 0, Sum: 0, Workers: 4
[1.836s][debug][gc,phases      ] GC(1)   StringTable Weak               Min:  0.0, Avg:  0.0, Max:  0.1, Diff:  0.1, Sum:  0.2, Workers: 4
[1.836s][debug][gc,phases      ] GC(1)     Dead                           Min: 0, Avg:  0.0, Max: 0, Diff: 0, Sum: 0, Workers: 4
[1.836s][debug][gc,phases      ] GC(1)     Total                          Min: 0, Avg: 3301.0, Max: 7060, Diff: 7060, Sum: 13204, Workers: 4
[1.836s][debug][gc,phases      ] GC(1)   ResolvedMethodTable Weak       Min:  0.0, Avg:  0.0, Max:  0.0, Diff:  0.0, Sum:  0.0, Workers: 4
[1.836s][debug][gc,phases      ] GC(1)     Dead                           Min: 0, Avg:  0.0, Max: 0, Diff: 0, Sum: 0, Workers: 4
[1.836s][debug][gc,phases      ] GC(1)     Total                          Min: 0, Avg: 320.8, Max: 704, Diff: 704, Sum: 1283, Workers: 4
[1.836s][debug][gc,phases      ] GC(1)   JNI Weak                       Min:  0.0, Avg:  0.0, Max:  0.0, Diff:  0.0, Sum:  0.0, Workers: 4
[1.836s][debug][gc,phases      ] GC(1)     Dead                           Min: 0, Avg:  0.0, Max: 0, Diff: 0, Sum: 0, Workers: 4
[1.836s][debug][gc,phases      ] GC(1)     Total                          Min: 0, Avg: 12.5, Max: 49, Diff: 49, Sum: 50, Workers: 4
[1.836s][debug][gc,phases      ] GC(1)   StringDedup Table Weak         Min:  0.0, Avg:  0.0, Max:  0.0, Diff:  0.0, Sum:  0.0, Workers: 4
[1.836s][debug][gc,phases      ] GC(1)     Dead                           Min: 0, Avg:  0.0, Max: 0, Diff: 0, Sum: 0, Workers: 4
[1.836s][debug][gc,phases      ] GC(1)     Total                          Min: 0, Avg:  0.0, Max: 0, Diff: 0, Sum: 0, Workers: 4
[1.836s][debug][gc,phases      ] GC(1)   StringDedup Requests0 Weak     Min:  0.0, Avg:  0.0, Max:  0.0, Diff:  0.0, Sum:  0.0, Workers: 4
[1.836s][debug][gc,phases      ] GC(1)     Dead                           Min: 0, Avg:  0.0, Max: 0, Diff: 0, Sum: 0, Workers: 4
[1.836s][debug][gc,phases      ] GC(1)     Total                          Min: 0, Avg:  0.0, Max: 0, Diff: 0, Sum: 0, Workers: 4
[1.836s][debug][gc,phases      ] GC(1)   StringDedup Requests1 Weak     Min:  0.0, Avg:  0.0, Max:  0.0, Diff:  0.0, Sum:  0.0, Workers: 4
[1.836s][debug][gc,phases      ] GC(1)     Dead                           Min: 0, Avg:  0.0, Max: 0, Diff: 0, Sum: 0, Workers: 4
[1.836s][debug][gc,phases      ] GC(1)     Total                          Min: 0, Avg:  0.0, Max: 0, Diff: 0, Sum: 0, Workers: 4
[1.836s][debug][gc,phases      ] GC(1)   Weak JFR Old Object Samples    Min:  0.0, Avg:  0.0, Max:  0.0, Diff:  0.0, Sum:  0.0, Workers: 4
[1.836s][debug][gc,phases      ] GC(1)     Dead                           Min: 0, Avg:  0.0, Max: 0, Diff: 0, Sum: 0, Workers: 4
[1.836s][debug][gc,phases      ] GC(1)     Total                          Min: 0, Avg:  0.0, Max: 0, Diff: 0, Sum: 0, Workers: 4
[1.836s][debug][gc,phases      ] GC(1) Weak Processing 0.433ms
[1.836s][debug][gc,phases      ] GC(1) ClassLoaderData 0.027ms
[1.836s][debug][gc,phases      ] GC(1) Trigger cleanups 0.000ms
[1.840s][debug][gc,phases      ] GC(1) Class Unloading 3.233ms
[1.840s][debug][gc,phases      ] GC(1) Report Object Count 0.002ms
[1.840s][info ][gc,phases      ] GC(1) Marking Phase 17.057ms
[1.840s][info ][gc,phases,start] GC(1) Summary Phase
[1.840s][info ][gc,phases      ] GC(1) Summary Phase 0.005ms
[1.840s][info ][gc,phases,start] GC(1) Adjust Roots
[1.844s][info ][gc,phases      ] GC(1) Adjust Roots 3.849ms
[1.844s][info ][gc,phases,start] GC(1) Compaction Phase
[1.869s][info ][gc,phases      ] GC(1) Compaction Phase 25.254ms
[1.869s][info ][gc,phases,start] GC(1) Post Compact
[1.870s][info ][gc,phases      ] GC(1) Post Compact 1.073ms
[1.870s][info ][gc,heap        ] GC(1) PSYoungGen: 31704K(1572864K)->25929K(1572864K) Eden: 0K(1048576K)->0K(1048576K) From: 31704K(524288K)->25929K(524288K)
[1.870s][info ][gc,heap        ] GC(1) ParOldGen: 96K(6144K)->5682K(6144K)
[1.870s][info ][gc,metaspace   ] GC(1) Metaspace: 21137K(21504K)->21137K(21504K) NonClass: 18696K(18944K)->18696K(18944K) Class: 2441K(2560K)->2441K(2560K)
[1.870s][info ][gc             ] GC(1) Pause Full (Metadata GC Threshold) 31M->30M(1542M) 47.351ms
[1.870s][info ][gc,cpu         ] GC(1) User=0.10s Sys=0.01s Real=0.04s
[1.870s][info ][safepoint      ] Safepoint "CollectForMetadataAllocation", Time since last: 54520400 ns, Reaching safepoint: 3100 ns, Cleanup: 37200 ns, At safepoint: 75895739 ns, Total: 75936039 ns
[2.011s][info ][safepoint      ] Safepoint "ICBufferFull", Time since last: 140262458 ns, Reaching safepoint: 83800 ns, Cleanup: 143800 ns, At safepoint: 4600 ns, Total: 232200 ns
[2.148s][info ][safepoint      ] Safepoint "ICBufferFull", Time since last: 137343852 ns, Reaching safepoint: 79001 ns, Cleanup: 147500 ns, At safepoint: 10800 ns, Total: 237301 ns
[2.317s][info ][safepoint      ] Safepoint "ICBufferFull", Time since last: 168837810 ns, Reaching safepoint: 3600 ns, Cleanup: 166200 ns, At safepoint: 6400 ns, Total: 176200 ns
[2.487s][info ][safepoint      ] Safepoint "ICBufferFull", Time since last: 170001412 ns, Reaching safepoint: 2500 ns, Cleanup: 168300 ns, At safepoint: 1800 ns, Total: 172600 ns
[2.807s][info ][safepoint      ] Safepoint "ICBufferFull", Time since last: 319594587 ns, Reaching safepoint: 4400 ns, Cleanup: 184700 ns, At safepoint: 2900 ns, Total: 192000 ns
[2.920s][info ][safepoint      ] Safepoint "ICBufferFull", Time since last: 112305506 ns, Reaching safepoint: 3500 ns, Cleanup: 152501 ns, At safepoint: 1900 ns, Total: 157901 ns
[3.051s][info ][safepoint      ] Safepoint "ICBufferFull", Time since last: 130943340 ns, Reaching safepoint: 3100 ns, Cleanup: 163000 ns, At safepoint: 6100 ns, Total: 172200 ns
[3.197s][info ][safepoint      ] Safepoint "ICBufferFull", Time since last: 145995168 ns, Reaching safepoint: 2500 ns, Cleanup: 163401 ns, At safepoint: 2800 ns, Total: 168701 ns
[3.410s][info ][safepoint      ] Safepoint "ICBufferFull", Time since last: 212786890 ns, Reaching safepoint: 2400 ns, Cleanup: 140500 ns, At safepoint: 7400 ns, Total: 150300 ns
[3.557s][info ][safepoint      ] Safepoint "ICBufferFull", Time since last: 147334771 ns, Reaching safepoint: 3700 ns, Cleanup: 150100 ns, At safepoint: 2000 ns, Total: 155800 ns
[3.741s][info ][safepoint      ] Safepoint "ICBufferFull", Time since last: 183824137 ns, Reaching safepoint: 3200 ns, Cleanup: 172901 ns, At safepoint: 8200 ns, Total: 184301 ns
[3.833s][info ][gc,start       ] GC(2) Pause Young (Metadata GC Threshold)
[3.888s][debug][gc,phases      ] GC(2) Scavenge 54.584ms
[3.888s][debug][gc,ref         ] GC(2) Skipped phase 1 of Reference Processing: no references
[3.888s][debug][gc,ref         ] GC(2) ReferenceProcessor::execute queues: 4, RefProcThreadModel::Multi, marks_oops_alive: false
[3.888s][debug][gc,ref         ] GC(2) Skipped phase 3 of Reference Processing: no references
[3.888s][debug][gc,ref         ] GC(2) ReferenceProcessor::execute queues: 2, RefProcThreadModel::Multi, marks_oops_alive: false
[3.888s][debug][gc,phases      ] GC(2) Reference Processing 0.425ms
[3.889s][debug][gc,phases      ] GC(2)   VM Weak                        Min:  0.0, Avg:  0.0, Max:  0.0, Diff:  0.0, Sum:  0.0, Workers: 4
[3.889s][debug][gc,phases      ] GC(2)     Dead                           Min: 0, Avg:  0.0, Max: 0, Diff: 0, Sum: 0, Workers: 4
[3.889s][debug][gc,phases      ] GC(2)     Total                          Min: 0, Avg: 91.5, Max: 192, Diff: 192, Sum: 366, Workers: 4
[3.889s][debug][gc,phases      ] GC(2)   ObjectSynchronizer Weak        Min:  0.0, Avg:  0.0, Max:  0.0, Diff:  0.0, Sum:  0.0, Workers: 4
[3.889s][debug][gc,phases      ] GC(2)     Dead                           Min: 0, Avg:  0.0, Max: 0, Diff: 0, Sum: 0, Workers: 4
[3.889s][debug][gc,phases      ] GC(2)     Total                          Min: 0, Avg:  2.8, Max: 11, Diff: 11, Sum: 11, Workers: 4
[3.889s][debug][gc,phases      ] GC(2)   JVMTI Tag Weak OopStorage      Min:  0.0, Avg:  0.0, Max:  0.0, Diff:  0.0, Sum:  0.0, Workers: 4
[3.889s][debug][gc,phases      ] GC(2)     Dead                           Min: 0, Avg:  0.0, Max: 0, Diff: 0, Sum: 0, Workers: 4
[3.889s][debug][gc,phases      ] GC(2)     Total                          Min: 0, Avg:  0.0, Max: 0, Diff: 0, Sum: 0, Workers: 4
[3.889s][debug][gc,phases      ] GC(2)   StringTable Weak               Min:  0.2, Avg:  0.2, Max:  0.2, Diff:  0.0, Sum:  0.8, Workers: 4
[3.889s][debug][gc,phases      ] GC(2)     Dead                           Min: 0, Avg:  2.2, Max: 7, Diff: 7, Sum: 9, Workers: 4
[3.889s][debug][gc,phases      ] GC(2)     Total                          Min: 6144, Avg: 6625.8, Max: 7872, Diff: 1728, Sum: 26503, Workers: 4
[3.889s][debug][gc,phases      ] GC(2)   ResolvedMethodTable Weak       Min:  0.0, Avg:  0.0, Max:  0.0, Diff:  0.0, Sum:  0.1, Workers: 4
[3.889s][debug][gc,phases      ] GC(2)     Dead                           Min: 1, Avg: 14.0, Max: 32, Diff: 31, Sum: 56, Workers: 4
[3.889s][debug][gc,phases      ] GC(2)     Total                          Min: 512, Avg: 619.2, Max: 751, Diff: 239, Sum: 2477, Workers: 4
[3.889s][debug][gc,phases      ] GC(2)   JNI Weak                       Min:  0.0, Avg:  0.0, Max:  0.0, Diff:  0.0, Sum:  0.0, Workers: 4
[3.889s][debug][gc,phases      ] GC(2)     Dead                           Min: 0, Avg:  0.0, Max: 0, Diff: 0, Sum: 0, Workers: 4
[3.889s][debug][gc,phases      ] GC(2)     Total                          Min: 0, Avg: 11.2, Max: 45, Diff: 45, Sum: 45, Workers: 4
[3.889s][debug][gc,phases      ] GC(2)   StringDedup Table Weak         Min:  0.0, Avg:  0.0, Max:  0.0, Diff:  0.0, Sum:  0.0, Workers: 4
[3.889s][debug][gc,phases      ] GC(2)     Dead                           Min: 0, Avg:  0.0, Max: 0, Diff: 0, Sum: 0, Workers: 4
[3.889s][debug][gc,phases      ] GC(2)     Total                          Min: 0, Avg:  0.0, Max: 0, Diff: 0, Sum: 0, Workers: 4
[3.889s][debug][gc,phases      ] GC(2)   StringDedup Requests0 Weak     Min:  0.0, Avg:  0.0, Max:  0.0, Diff:  0.0, Sum:  0.0, Workers: 4
[3.889s][debug][gc,phases      ] GC(2)     Dead                           Min: 0, Avg:  0.0, Max: 0, Diff: 0, Sum: 0, Workers: 4
[3.889s][debug][gc,phases      ] GC(2)     Total                          Min: 0, Avg:  0.0, Max: 0, Diff: 0, Sum: 0, Workers: 4
[3.889s][debug][gc,phases      ] GC(2)   StringDedup Requests1 Weak     Min:  0.0, Avg:  0.0, Max:  0.0, Diff:  0.0, Sum:  0.0, Workers: 4
[3.889s][debug][gc,phases      ] GC(2)     Dead                           Min: 0, Avg:  0.0, Max: 0, Diff: 0, Sum: 0, Workers: 4
[3.889s][debug][gc,phases      ] GC(2)     Total                          Min: 0, Avg:  0.0, Max: 0, Diff: 0, Sum: 0, Workers: 4
[3.889s][debug][gc,phases      ] GC(2)   Weak JFR Old Object Samples    Min:  0.0, Avg:  0.0, Max:  0.0, Diff:  0.0, Sum:  0.0, Workers: 4
[3.889s][debug][gc,phases      ] GC(2)     Dead                           Min: 0, Avg:  0.0, Max: 0, Diff: 0, Sum: 0, Workers: 4
[3.889s][debug][gc,phases      ] GC(2)     Total                          Min: 0, Avg:  0.0, Max: 0, Diff: 0, Sum: 0, Workers: 4
[3.889s][debug][gc,phases      ] GC(2) Weak Processing 0.395ms
[3.889s][debug][gc,age         ] GC(2) Desired survivor size 536870912 bytes, new threshold 7 (max threshold 15)
[3.889s][info ][gc,heap        ] GC(2) PSYoungGen: 592178K(1572864K)->84458K(1572864K) Eden: 566249K(1048576K)->0K(1048576K) From: 25929K(524288K)->84458K(524288K)
[3.889s][info ][gc,heap        ] GC(2) ParOldGen: 5682K(6144K)->5698K(6144K)
[3.889s][info ][gc,metaspace   ] GC(2) Metaspace: 35331K(35840K)->35331K(35840K) NonClass: 30823K(31104K)->30823K(31104K) Class: 4507K(4736K)->4507K(4736K)
[3.889s][info ][gc             ] GC(2) Pause Young (Metadata GC Threshold) 583M->88M(1542M) 55.527ms
[3.889s][info ][gc,cpu         ] GC(2) User=0.16s Sys=0.03s Real=0.05s
[3.889s][debug][gc,phases      ] GC(3) Pre Compact 0.008ms
[3.889s][info ][gc,start       ] GC(3) Pause Full (Metadata GC Threshold)
[3.889s][info ][gc,phases,start] GC(3) Marking Phase
[3.923s][debug][gc,phases      ] GC(3) Par Mark 33.684ms
[3.923s][debug][gc,ref         ] GC(3) Skipped phase 1 of Reference Processing: no references
[3.923s][debug][gc,ref         ] GC(3) ReferenceProcessor::execute queues: 4, RefProcThreadModel::Multi, marks_oops_alive: false
[3.923s][debug][gc,ref         ] GC(3) Skipped phase 3 of Reference Processing: no references
[3.923s][debug][gc,ref         ] GC(3) ReferenceProcessor::execute queues: 1, RefProcThreadModel::Single, marks_oops_alive: false
[3.923s][debug][gc,phases      ] GC(3) Reference Processing 0.457ms
[3.923s][debug][gc,phases      ] GC(3)   VM Weak                        Min:  0.0, Avg:  0.0, Max:  0.0, Diff:  0.0, Sum:  0.0, Workers: 4
[3.923s][debug][gc,phases      ] GC(3)     Dead                           Min: 0, Avg:  0.0, Max: 0, Diff: 0, Sum: 0, Workers: 4
[3.923s][debug][gc,phases      ] GC(3)     Total                          Min: 0, Avg: 91.5, Max: 256, Diff: 256, Sum: 366, Workers: 4
[3.923s][debug][gc,phases      ] GC(3)   ObjectSynchronizer Weak        Min:  0.0, Avg:  0.0, Max:  0.0, Diff:  0.0, Sum:  0.0, Workers: 4
[3.923s][debug][gc,phases      ] GC(3)     Dead                           Min: 0, Avg:  0.0, Max: 0, Diff: 0, Sum: 0, Workers: 4
[3.923s][debug][gc,phases      ] GC(3)     Total                          Min: 0, Avg:  2.8, Max: 11, Diff: 11, Sum: 11, Workers: 4
[3.923s][debug][gc,phases      ] GC(3)   JVMTI Tag Weak OopStorage      Min:  0.0, Avg:  0.0, Max:  0.0, Diff:  0.0, Sum:  0.0, Workers: 4
[3.923s][debug][gc,phases      ] GC(3)     Dead                           Min: 0, Avg:  0.0, Max: 0, Diff: 0, Sum: 0, Workers: 4
[3.923s][debug][gc,phases      ] GC(3)     Total                          Min: 0, Avg:  0.0, Max: 0, Diff: 0, Sum: 0, Workers: 4
[3.923s][debug][gc,phases      ] GC(3)   StringTable Weak               Min:  0.1, Avg:  0.1, Max:  0.1, Diff:  0.0, Sum:  0.4, Workers: 4
[3.923s][debug][gc,phases      ] GC(3)     Dead                           Min: 0, Avg:  0.0, Max: 0, Diff: 0, Sum: 0, Workers: 4
[3.923s][debug][gc,phases      ] GC(3)     Total                          Min: 6272, Avg: 6625.8, Max: 7303, Diff: 1031, Sum: 26503, Workers: 4
[3.923s][debug][gc,phases      ] GC(3)   ResolvedMethodTable Weak       Min:  0.0, Avg:  0.0, Max:  0.0, Diff:  0.0, Sum:  0.0, Workers: 4
[3.923s][debug][gc,phases      ] GC(3)     Dead                           Min: 0, Avg:  0.0, Max: 0, Diff: 0, Sum: 0, Workers: 4
[3.923s][debug][gc,phases      ] GC(3)     Total                          Min: 0, Avg: 619.2, Max: 896, Diff: 896, Sum: 2477, Workers: 4
[3.923s][debug][gc,phases      ] GC(3)   JNI Weak                       Min:  0.0, Avg:  0.0, Max:  0.0, Diff:  0.0, Sum:  0.0, Workers: 4
[3.923s][debug][gc,phases      ] GC(3)     Dead                           Min: 0, Avg:  0.0, Max: 0, Diff: 0, Sum: 0, Workers: 4
[3.923s][debug][gc,phases      ] GC(3)     Total                          Min: 0, Avg: 11.2, Max: 45, Diff: 45, Sum: 45, Workers: 4
[3.923s][debug][gc,phases      ] GC(3)   StringDedup Table Weak         Min:  0.0, Avg:  0.0, Max:  0.0, Diff:  0.0, Sum:  0.0, Workers: 4
[3.923s][debug][gc,phases      ] GC(3)     Dead                           Min: 0, Avg:  0.0, Max: 0, Diff: 0, Sum: 0, Workers: 4
[3.923s][debug][gc,phases      ] GC(3)     Total                          Min: 0, Avg:  0.0, Max: 0, Diff: 0, Sum: 0, Workers: 4
[3.923s][debug][gc,phases      ] GC(3)   StringDedup Requests0 Weak     Min:  0.0, Avg:  0.0, Max:  0.0, Diff:  0.0, Sum:  0.0, Workers: 4
[3.923s][debug][gc,phases      ] GC(3)     Dead                           Min: 0, Avg:  0.0, Max: 0, Diff: 0, Sum: 0, Workers: 4
[3.923s][debug][gc,phases      ] GC(3)     Total                          Min: 0, Avg:  0.0, Max: 0, Diff: 0, Sum: 0, Workers: 4
[3.923s][debug][gc,phases      ] GC(3)   StringDedup Requests1 Weak     Min:  0.0, Avg:  0.0, Max:  0.0, Diff:  0.0, Sum:  0.0, Workers: 4
[3.923s][debug][gc,phases      ] GC(3)     Dead                           Min: 0, Avg:  0.0, Max: 0, Diff: 0, Sum: 0, Workers: 4
[3.923s][debug][gc,phases      ] GC(3)     Total                          Min: 0, Avg:  0.0, Max: 0, Diff: 0, Sum: 0, Workers: 4
[3.923s][debug][gc,phases      ] GC(3)   Weak JFR Old Object Samples    Min:  0.0, Avg:  0.0, Max:  0.0, Diff:  0.0, Sum:  0.0, Workers: 4
[3.923s][debug][gc,phases      ] GC(3)     Dead                           Min: 0, Avg:  0.0, Max: 0, Diff: 0, Sum: 0, Workers: 4
[3.923s][debug][gc,phases      ] GC(3)     Total                          Min: 0, Avg:  0.0, Max: 0, Diff: 0, Sum: 0, Workers: 4
[3.923s][debug][gc,phases      ] GC(3) Weak Processing 0.259ms
[3.923s][debug][gc,phases      ] GC(3) ClassLoaderData 0.040ms
[3.923s][debug][gc,phases      ] GC(3) Trigger cleanups 0.000ms
[3.929s][debug][gc,phases      ] GC(3) Class Unloading 5.311ms
[3.929s][debug][gc,phases      ] GC(3) Report Object Count 0.001ms
[3.929s][info ][gc,phases      ] GC(3) Marking Phase 39.813ms
[3.929s][info ][gc,phases,start] GC(3) Summary Phase
[3.929s][info ][gc,phases      ] GC(3) Summary Phase 0.005ms
[3.929s][info ][gc,phases,start] GC(3) Adjust Roots
[3.937s][info ][gc,phases      ] GC(3) Adjust Roots 8.222ms
[3.937s][info ][gc,phases,start] GC(3) Compaction Phase
[4.288s][info ][gc,phases      ] GC(3) Compaction Phase 350.535ms
[4.288s][info ][gc,phases,start] GC(3) Post Compact
[4.289s][info ][gc,phases      ] GC(3) Post Compact 1.123ms
[4.289s][info ][gc,heap        ] GC(3) PSYoungGen: 84458K(1572864K)->83774K(1572864K) Eden: 0K(1048576K)->0K(1048576K) From: 84458K(524288K)->83774K(524288K)
[4.289s][info ][gc,heap        ] GC(3) ParOldGen: 5698K(6144K)->6104K(6144K)
[4.289s][info ][gc,metaspace   ] GC(3) Metaspace: 35331K(35840K)->35331K(35840K) NonClass: 30823K(31104K)->30823K(31104K) Class: 4507K(4736K)->4507K(4736K)
[4.289s][info ][gc             ] GC(3) Pause Full (Metadata GC Threshold) 88M->87M(1542M) 399.811ms
[4.289s][info ][gc,cpu         ] GC(3) User=0.83s Sys=0.02s Real=0.40s
[4.289s][info ][safepoint      ] Safepoint "CollectForMetadataAllocation", Time since last: 91962269 ns, Reaching safepoint: 3000 ns, Cleanup: 108100 ns, At safepoint: 455470636 ns, Total: 455581736 ns
[4.512s][info ][safepoint      ] Safepoint "ICBufferFull", Time since last: 222549308 ns, Reaching safepoint: 3500 ns, Cleanup: 235101 ns, At safepoint: 2600 ns, Total: 241201 ns
[4.961s][info ][safepoint      ] Safepoint "ICBufferFull", Time since last: 448697523 ns, Reaching safepoint: 2900 ns, Cleanup: 188400 ns, At safepoint: 2300 ns, Total: 193600 ns
[5.370s][info ][safepoint      ] Safepoint "ICBufferFull", Time since last: 409596552 ns, Reaching safepoint: 138200 ns, Cleanup: 143901 ns, At safepoint: 6400 ns, Total: 288501 ns
[5.573s][info ][safepoint      ] Safepoint "ICBufferFull", Time since last: 202175271 ns, Reaching safepoint: 77400 ns, Cleanup: 167500 ns, At safepoint: 6300 ns, Total: 251200 ns
[5.651s][info ][safepoint      ] Safepoint "ICBufferFull", Time since last: 77933643 ns, Reaching safepoint: 77700 ns, Cleanup: 136201 ns, At safepoint: 7100 ns, Total: 221001 ns
[5.734s][info ][safepoint      ] Safepoint "ICBufferFull", Time since last: 83096252 ns, Reaching safepoint: 70600 ns, Cleanup: 134601 ns, At safepoint: 6100 ns, Total: 211301 ns
[5.846s][info ][safepoint      ] Safepoint "ICBufferFull", Time since last: 111720505 ns, Reaching safepoint: 72900 ns, Cleanup: 166600 ns, At safepoint: 6600 ns, Total: 246100 ns
[5.991s][info ][safepoint      ] Safepoint "ICBufferFull", Time since last: 144115065 ns, Reaching safepoint: 3100 ns, Cleanup: 154700 ns, At safepoint: 5700 ns, Total: 163500 ns
[6.194s][debug][gc,phases      ] GC(4) Pre Compact 0.021ms
[6.194s][info ][gc,start       ] GC(4) Pause Full (Metadata GC Threshold)
[6.194s][info ][gc,phases,start] GC(4) Marking Phase
[6.255s][debug][gc,phases      ] GC(4) Par Mark 60.473ms
[6.255s][debug][gc,ref         ] GC(4) Skipped phase 1 of Reference Processing: no references
[6.255s][debug][gc,ref         ] GC(4) ReferenceProcessor::execute queues: 4, RefProcThreadModel::Multi, marks_oops_alive: false
[6.256s][debug][gc,ref         ] GC(4) Skipped phase 3 of Reference Processing: no references
[6.256s][debug][gc,ref         ] GC(4) ReferenceProcessor::execute queues: 4, RefProcThreadModel::Multi, marks_oops_alive: false
[6.256s][debug][gc,phases      ] GC(4) Reference Processing 1.571ms
[6.257s][debug][gc,phases      ] GC(4)   VM Weak                        Min:  0.0, Avg:  0.0, Max:  0.0, Diff:  0.0, Sum:  0.0, Workers: 4
[6.257s][debug][gc,phases      ] GC(4)     Dead                           Min: 0, Avg:  0.0, Max: 0, Diff: 0, Sum: 0, Workers: 4
[6.257s][debug][gc,phases      ] GC(4)     Total                          Min: 0, Avg: 138.2, Max: 256, Diff: 256, Sum: 553, Workers: 4
[6.257s][debug][gc,phases      ] GC(4)   ObjectSynchronizer Weak        Min:  0.0, Avg:  0.0, Max:  0.0, Diff:  0.0, Sum:  0.0, Workers: 4
[6.257s][debug][gc,phases      ] GC(4)     Dead                           Min: 0, Avg:  0.0, Max: 0, Diff: 0, Sum: 0, Workers: 4
[6.257s][debug][gc,phases      ] GC(4)     Total                          Min: 0, Avg:  2.8, Max: 11, Diff: 11, Sum: 11, Workers: 4
[6.257s][debug][gc,phases      ] GC(4)   JVMTI Tag Weak OopStorage      Min:  0.0, Avg:  0.0, Max:  0.0, Diff:  0.0, Sum:  0.0, Workers: 4
[6.257s][debug][gc,phases      ] GC(4)     Dead                           Min: 0, Avg:  0.0, Max: 0, Diff: 0, Sum: 0, Workers: 4
[6.257s][debug][gc,phases      ] GC(4)     Total                          Min: 0, Avg:  0.0, Max: 0, Diff: 0, Sum: 0, Workers: 4
[6.257s][debug][gc,phases      ] GC(4)   StringTable Weak               Min:  0.0, Avg:  0.1, Max:  0.2, Diff:  0.2, Sum:  0.5, Workers: 4
[6.257s][debug][gc,phases      ] GC(4)     Dead                           Min: 0, Avg:  4.8, Max: 8, Diff: 8, Sum: 19, Workers: 4
[6.257s][debug][gc,phases      ] GC(4)     Total                          Min: 0, Avg: 9039.2, Max: 12288, Diff: 12288, Sum: 36157, Workers: 4
[6.257s][debug][gc,phases      ] GC(4)   ResolvedMethodTable Weak       Min:  0.0, Avg:  0.0, Max:  0.0, Diff:  0.0, Sum:  0.1, Workers: 4
[6.257s][debug][gc,phases      ] GC(4)     Dead                           Min: 0, Avg: 46.0, Max: 106, Diff: 106, Sum: 184, Workers: 4
[6.257s][debug][gc,phases      ] GC(4)     Total                          Min: 0, Avg: 1640.2, Max: 2368, Diff: 2368, Sum: 6561, Workers: 4
[6.257s][debug][gc,phases      ] GC(4)   JNI Weak                       Min:  0.0, Avg:  0.0, Max:  0.0, Diff:  0.0, Sum:  0.0, Workers: 4
[6.257s][debug][gc,phases      ] GC(4)     Dead                           Min: 0, Avg:  0.0, Max: 0, Diff: 0, Sum: 0, Workers: 4
[6.257s][debug][gc,phases      ] GC(4)     Total                          Min: 0, Avg: 11.5, Max: 45, Diff: 45, Sum: 46, Workers: 4
[6.257s][debug][gc,phases      ] GC(4)   StringDedup Table Weak         Min:  0.0, Avg:  0.0, Max:  0.0, Diff:  0.0, Sum:  0.0, Workers: 4
[6.257s][debug][gc,phases      ] GC(4)     Dead                           Min: 0, Avg:  0.0, Max: 0, Diff: 0, Sum: 0, Workers: 4
[6.257s][debug][gc,phases      ] GC(4)     Total                          Min: 0, Avg:  0.0, Max: 0, Diff: 0, Sum: 0, Workers: 4
[6.257s][debug][gc,phases      ] GC(4)   StringDedup Requests0 Weak     Min:  0.0, Avg:  0.0, Max:  0.0, Diff:  0.0, Sum:  0.0, Workers: 4
[6.257s][debug][gc,phases      ] GC(4)     Dead                           Min: 0, Avg:  0.0, Max: 0, Diff: 0, Sum: 0, Workers: 4
[6.257s][debug][gc,phases      ] GC(4)     Total                          Min: 0, Avg:  0.0, Max: 0, Diff: 0, Sum: 0, Workers: 4
[6.257s][debug][gc,phases      ] GC(4)   StringDedup Requests1 Weak     Min:  0.0, Avg:  0.0, Max:  0.0, Diff:  0.0, Sum:  0.0, Workers: 4
[6.257s][debug][gc,phases      ] GC(4)     Dead                           Min: 0, Avg:  0.0, Max: 0, Diff: 0, Sum: 0, Workers: 4
[6.257s][debug][gc,phases      ] GC(4)     Total                          Min: 0, Avg:  0.0, Max: 0, Diff: 0, Sum: 0, Workers: 4
[6.257s][debug][gc,phases      ] GC(4)   Weak JFR Old Object Samples    Min:  0.0, Avg:  0.0, Max:  0.0, Diff:  0.0, Sum:  0.0, Workers: 4
[6.257s][debug][gc,phases      ] GC(4)     Dead                           Min: 0, Avg:  0.0, Max: 0, Diff: 0, Sum: 0, Workers: 4
[6.257s][debug][gc,phases      ] GC(4)     Total                          Min: 0, Avg:  0.0, Max: 0, Diff: 0, Sum: 0, Workers: 4
[6.257s][debug][gc,phases      ] GC(4) Weak Processing 0.362ms
[6.257s][debug][gc,phases      ] GC(4) ClassLoaderData 0.066ms
[6.257s][debug][gc,phases      ] GC(4) Trigger cleanups 0.000ms
[6.264s][debug][gc,phases      ] GC(4) Class Unloading 6.992ms
[6.264s][debug][gc,phases      ] GC(4) Report Object Count 0.001ms
[6.264s][info ][gc,phases      ] GC(4) Marking Phase 69.554ms
[6.264s][info ][gc,phases,start] GC(4) Summary Phase
[6.264s][info ][gc,phases      ] GC(4) Summary Phase 0.012ms
[6.264s][info ][gc,phases,start] GC(4) Adjust Roots
[6.274s][info ][gc,phases      ] GC(4) Adjust Roots 9.725ms
[6.274s][info ][gc,phases,start] GC(4) Compaction Phase
[6.403s][info ][gc,phases      ] GC(4) Compaction Phase 129.712ms
[6.403s][info ][gc,phases,start] GC(4) Post Compact
[6.406s][info ][gc,phases      ] GC(4) Post Compact 2.927ms
[6.406s][info ][gc,heap        ] GC(4) PSYoungGen: 464896K(1572864K)->107977K(1572864K) Eden: 381122K(1048576K)->107977K(1048576K) From: 83774K(524288K)->0K(524288K)
[6.406s][info ][gc,heap        ] GC(4) ParOldGen: 6104K(6144K)->6139K(6144K)
[6.406s][info ][gc,metaspace   ] GC(4) Metaspace: 59037K(59776K)->59037K(59776K) NonClass: 50134K(50496K)->50134K(50496K) Class: 8902K(9280K)->8902K(9280K)
[6.406s][info ][gc             ] GC(4) Pause Full (Metadata GC Threshold) 459M->111M(1542M) 212.069ms
[6.406s][info ][gc,cpu         ] GC(4) User=0.61s Sys=0.03s Real=0.21s
[6.406s][info ][safepoint      ] Safepoint "CollectForMetadataAllocation", Time since last: 203481573 ns, Reaching safepoint: 3200 ns, Cleanup: 135401 ns, At safepoint: 212166589 ns, Total: 212305190 ns
[6.596s][info ][safepoint      ] Safepoint "ICBufferFull", Time since last: 189234647 ns, Reaching safepoint: 72900 ns, Cleanup: 158901 ns, At safepoint: 6200 ns, Total: 238001 ns
[6.864s][info ][safepoint      ] Safepoint "ICBufferFull", Time since last: 267854191 ns, Reaching safepoint: 214901 ns, Cleanup: 149300 ns, At safepoint: 10400 ns, Total: 374601 ns
[7.597s][info ][safepoint      ] Safepoint "ICBufferFull", Time since last: 733257946 ns, Reaching safepoint: 2400 ns, Cleanup: 168300 ns, At safepoint: 5800 ns, Total: 176500 ns
[7.868s][info ][safepoint      ] Safepoint "ICBufferFull", Time since last: 269918696 ns, Reaching safepoint: 4100 ns, Cleanup: 168600 ns, At safepoint: 5600 ns, Total: 178300 ns
[8.113s][info ][safepoint      ] Safepoint "ICBufferFull", Time since last: 245241450 ns, Reaching safepoint: 365901 ns, Cleanup: 189900 ns, At safepoint: 11400 ns, Total: 567201 ns
[8.338s][info ][safepoint      ] Safepoint "ICBufferFull", Time since last: 224306541 ns, Reaching safepoint: 76700 ns, Cleanup: 131800 ns, At safepoint: 12500 ns, Total: 221000 ns
[8.514s][debug][gc,phases      ] GC(5) Pre Compact 0.025ms
[8.514s][info ][gc,start       ] GC(5) Pause Full (Ergonomics)
[8.514s][info ][gc,phases,start] GC(5) Marking Phase
[8.676s][debug][gc,phases      ] GC(5) Par Mark 162.374ms
[8.676s][debug][gc,ref         ] GC(5) Skipped phase 1 of Reference Processing: no references
[8.677s][debug][gc,ref         ] GC(5) ReferenceProcessor::execute queues: 4, RefProcThreadModel::Multi, marks_oops_alive: false
[8.677s][debug][gc,ref         ] GC(5) Skipped phase 3 of Reference Processing: no references
[8.677s][debug][gc,ref         ] GC(5) ReferenceProcessor::execute queues: 2, RefProcThreadModel::Multi, marks_oops_alive: false
[8.677s][debug][gc,phases      ] GC(5) Reference Processing 1.229ms
[8.678s][debug][gc,phases      ] GC(5)   VM Weak                        Min:  0.0, Avg:  0.0, Max:  0.0, Diff:  0.0, Sum:  0.0, Workers: 4
[8.678s][debug][gc,phases      ] GC(5)     Dead                           Min: 0, Avg:  0.2, Max: 1, Diff: 1, Sum: 1, Workers: 4
[8.678s][debug][gc,phases      ] GC(5)     Total                          Min: 0, Avg: 156.0, Max: 240, Diff: 240, Sum: 624, Workers: 4
[8.678s][debug][gc,phases      ] GC(5)   ObjectSynchronizer Weak        Min:  0.0, Avg:  0.0, Max:  0.0, Diff:  0.0, Sum:  0.0, Workers: 4
[8.678s][debug][gc,phases      ] GC(5)     Dead                           Min: 0, Avg:  3.0, Max: 12, Diff: 12, Sum: 12, Workers: 4
[8.678s][debug][gc,phases      ] GC(5)     Total                          Min: 0, Avg: 14.5, Max: 58, Diff: 58, Sum: 58, Workers: 4
[8.678s][debug][gc,phases      ] GC(5)   JVMTI Tag Weak OopStorage      Min:  0.0, Avg:  0.0, Max:  0.0, Diff:  0.0, Sum:  0.0, Workers: 4
[8.678s][debug][gc,phases      ] GC(5)     Dead                           Min: 0, Avg:  0.0, Max: 0, Diff: 0, Sum: 0, Workers: 4
[8.678s][debug][gc,phases      ] GC(5)     Total                          Min: 0, Avg:  0.0, Max: 0, Diff: 0, Sum: 0, Workers: 4
[8.678s][debug][gc,phases      ] GC(5)   StringTable Weak               Min:  0.1, Avg:  0.1, Max:  0.1, Diff:  0.0, Sum:  0.5, Workers: 4
[8.678s][debug][gc,phases      ] GC(5)     Dead                           Min: 1, Avg:  3.8, Max: 5, Diff: 4, Sum: 15, Workers: 4
[8.678s][debug][gc,phases      ] GC(5)     Total                          Min: 8448, Avg: 9834.2, Max: 10537, Diff: 2089, Sum: 39337, Workers: 4
[8.678s][debug][gc,phases      ] GC(5)   ResolvedMethodTable Weak       Min:  0.0, Avg:  0.0, Max:  0.0, Diff:  0.0, Sum:  0.1, Workers: 4
[8.678s][debug][gc,phases      ] GC(5)     Dead                           Min: 0, Avg: 62.8, Max: 155, Diff: 155, Sum: 251, Workers: 4
[8.678s][debug][gc,phases      ] GC(5)     Total                          Min: 1819, Avg: 2006.8, Max: 2240, Diff: 421, Sum: 8027, Workers: 4
[8.678s][debug][gc,phases      ] GC(5)   JNI Weak                       Min:  0.0, Avg:  0.0, Max:  0.0, Diff:  0.0, Sum:  0.0, Workers: 4
[8.678s][debug][gc,phases      ] GC(5)     Dead                           Min: 0, Avg:  0.0, Max: 0, Diff: 0, Sum: 0, Workers: 4
[8.678s][debug][gc,phases      ] GC(5)     Total                          Min: 0, Avg: 23.2, Max: 49, Diff: 49, Sum: 93, Workers: 4
[8.678s][debug][gc,phases      ] GC(5)   StringDedup Table Weak         Min:  0.0, Avg:  0.0, Max:  0.0, Diff:  0.0, Sum:  0.0, Workers: 4
[8.678s][debug][gc,phases      ] GC(5)     Dead                           Min: 0, Avg:  0.0, Max: 0, Diff: 0, Sum: 0, Workers: 4
[8.678s][debug][gc,phases      ] GC(5)     Total                          Min: 0, Avg:  0.0, Max: 0, Diff: 0, Sum: 0, Workers: 4
[8.678s][debug][gc,phases      ] GC(5)   StringDedup Requests0 Weak     Min:  0.0, Avg:  0.0, Max:  0.0, Diff:  0.0, Sum:  0.0, Workers: 4
[8.678s][debug][gc,phases      ] GC(5)     Dead                           Min: 0, Avg:  0.0, Max: 0, Diff: 0, Sum: 0, Workers: 4
[8.678s][debug][gc,phases      ] GC(5)     Total                          Min: 0, Avg:  0.0, Max: 0, Diff: 0, Sum: 0, Workers: 4
[8.678s][debug][gc,phases      ] GC(5)   StringDedup Requests1 Weak     Min:  0.0, Avg:  0.0, Max:  0.0, Diff:  0.0, Sum:  0.0, Workers: 4
[8.678s][debug][gc,phases      ] GC(5)     Dead                           Min: 0, Avg:  0.0, Max: 0, Diff: 0, Sum: 0, Workers: 4
[8.678s][debug][gc,phases      ] GC(5)     Total                          Min: 0, Avg:  0.0, Max: 0, Diff: 0, Sum: 0, Workers: 4
[8.678s][debug][gc,phases      ] GC(5)   Weak JFR Old Object Samples    Min:  0.0, Avg:  0.0, Max:  0.0, Diff:  0.0, Sum:  0.0, Workers: 4
[8.678s][debug][gc,phases      ] GC(5)     Dead                           Min: 0, Avg:  0.0, Max: 0, Diff: 0, Sum: 0, Workers: 4
[8.678s][debug][gc,phases      ] GC(5)     Total                          Min: 0, Avg:  0.0, Max: 0, Diff: 0, Sum: 0, Workers: 4
[8.678s][debug][gc,phases      ] GC(5) Weak Processing 0.331ms
[8.678s][debug][gc,phases      ] GC(5) ClassLoaderData 0.141ms
[8.678s][debug][gc,phases      ] GC(5) Trigger cleanups 0.008ms
[8.692s][debug][gc,phases      ] GC(5) Class Unloading 14.562ms
[8.692s][debug][gc,phases      ] GC(5) Report Object Count 0.001ms
[8.692s][info ][gc,phases      ] GC(5) Marking Phase 178.684ms
[8.692s][info ][gc,phases,start] GC(5) Summary Phase
[8.692s][info ][gc,phases      ] GC(5) Summary Phase 0.024ms
[8.692s][info ][gc,phases,start] GC(5) Adjust Roots
[8.707s][info ][gc,phases      ] GC(5) Adjust Roots 15.153ms
[8.708s][info ][gc,phases,start] GC(5) Compaction Phase
[9.094s][info ][gc,phases      ] GC(5) Compaction Phase 386.619ms
[9.094s][info ][gc,phases,start] GC(5) Post Compact
[9.098s][info ][gc,phases      ] GC(5) Post Compact 4.190ms
[9.099s][info ][gc,heap        ] GC(5) PSYoungGen: 1048576K(1572864K)->293879K(1572864K) Eden: 1048576K(1048576K)->293879K(1048576K) From: 0K(524288K)->0K(524288K)
[9.099s][info ][gc,heap        ] GC(5) ParOldGen: 6139K(6144K)->6056K(18432K)
[9.099s][info ][gc,metaspace   ] GC(5) Metaspace: 69914K(70656K)->69912K(70656K) NonClass: 59446K(59840K)->59445K(59840K) Class: 10467K(10816K)->10467K(10816K)
[9.099s][info ][gc             ] GC(5) Pause Full (Ergonomics) 1029M->292M(1554M) 585.150ms
[9.099s][info ][gc,cpu         ] GC(5) User=1.96s Sys=0.04s Real=0.58s
[9.099s][info ][safepoint      ] Safepoint "ParallelGCFailedAllocation", Time since last: 171251841 ns, Reaching safepoint: 4257606 ns, Cleanup: 137501 ns, At safepoint: 585271235 ns, Total: 589666342 ns
[9.807s][info ][safepoint      ] Safepoint "ICBufferFull", Time since last: 707927921 ns, Reaching safepoint: 4000 ns, Cleanup: 166701 ns, At safepoint: 3700 ns, Total: 174401 ns
[10.168s][info ][safepoint      ] Safepoint "ICBufferFull", Time since last: 361271946 ns, Reaching safepoint: 3700 ns, Cleanup: 146001 ns, At safepoint: 3000 ns, Total: 152701 ns
[10.213s][info ][gc,start       ] GC(6) Pause Young (Allocation Failure)
[10.527s][debug][gc,phases      ] GC(6) Scavenge 314.735ms
[10.527s][debug][gc,ref         ] GC(6) Skipped phase 1 of Reference Processing: no references
[10.527s][debug][gc,ref         ] GC(6) ReferenceProcessor::execute queues: 4, RefProcThreadModel::Multi, marks_oops_alive: false
[10.528s][debug][gc,ref         ] GC(6) Skipped phase 3 of Reference Processing: no references
[10.528s][debug][gc,ref         ] GC(6) ReferenceProcessor::execute queues: 1, RefProcThreadModel::Single, marks_oops_alive: false
[10.528s][debug][gc,phases      ] GC(6) Reference Processing 0.402ms
[10.528s][debug][gc,phases      ] GC(6)   VM Weak                        Min:  0.0, Avg:  0.0, Max:  0.0, Diff:  0.0, Sum:  0.0, Workers: 4
[10.528s][debug][gc,phases      ] GC(6)     Dead                           Min: 0, Avg:  0.0, Max: 0, Diff: 0, Sum: 0, Workers: 4
[10.528s][debug][gc,phases      ] GC(6)     Total                          Min: 60, Avg: 159.0, Max: 320, Diff: 260, Sum: 636, Workers: 4
[10.528s][debug][gc,phases      ] GC(6)   ObjectSynchronizer Weak        Min:  0.0, Avg:  0.0, Max:  0.0, Diff:  0.0, Sum:  0.0, Workers: 4
[10.528s][debug][gc,phases      ] GC(6)     Dead                           Min: 0, Avg:  0.0, Max: 0, Diff: 0, Sum: 0, Workers: 4
[10.528s][debug][gc,phases      ] GC(6)     Total                          Min: 0, Avg: 14.5, Max: 58, Diff: 58, Sum: 58, Workers: 4
[10.528s][debug][gc,phases      ] GC(6)   JVMTI Tag Weak OopStorage      Min:  0.0, Avg:  0.0, Max:  0.0, Diff:  0.0, Sum:  0.0, Workers: 4
[10.528s][debug][gc,phases      ] GC(6)     Dead                           Min: 0, Avg:  0.0, Max: 0, Diff: 0, Sum: 0, Workers: 4
[10.528s][debug][gc,phases      ] GC(6)     Total                          Min: 0, Avg:  0.0, Max: 0, Diff: 0, Sum: 0, Workers: 4
[10.528s][debug][gc,phases      ] GC(6)   StringTable Weak               Min:  0.3, Avg:  0.3, Max:  0.3, Diff:  0.0, Sum:  1.1, Workers: 4
[10.528s][debug][gc,phases      ] GC(6)     Dead                           Min: 0, Avg:  1.2, Max: 4, Diff: 4, Sum: 5, Workers: 4
[10.528s][debug][gc,phases      ] GC(6)     Total                          Min: 8960, Avg: 9883.5, Max: 10798, Diff: 1838, Sum: 39534, Workers: 4
[10.528s][debug][gc,phases      ] GC(6)   ResolvedMethodTable Weak       Min:  0.1, Avg:  0.1, Max:  0.1, Diff:  0.0, Sum:  0.3, Workers: 4
[10.528s][debug][gc,phases      ] GC(6)     Dead                           Min: 0, Avg:  7.0, Max: 22, Diff: 22, Sum: 28, Workers: 4
[10.528s][debug][gc,phases      ] GC(6)     Total                          Min: 1792, Avg: 2039.2, Max: 2304, Diff: 512, Sum: 8157, Workers: 4
[10.528s][debug][gc,phases      ] GC(6)   JNI Weak                       Min:  0.0, Avg:  0.0, Max:  0.0, Diff:  0.0, Sum:  0.0, Workers: 4
[10.528s][debug][gc,phases      ] GC(6)     Dead                           Min: 0, Avg:  0.0, Max: 0, Diff: 0, Sum: 0, Workers: 4
[10.528s][debug][gc,phases      ] GC(6)     Total                          Min: 0, Avg: 17.5, Max: 45, Diff: 45, Sum: 70, Workers: 4
[10.528s][debug][gc,phases      ] GC(6)   StringDedup Table Weak         Min:  0.0, Avg:  0.0, Max:  0.0, Diff:  0.0, Sum:  0.0, Workers: 4
[10.528s][debug][gc,phases      ] GC(6)     Dead                           Min: 0, Avg:  0.0, Max: 0, Diff: 0, Sum: 0, Workers: 4
[10.528s][debug][gc,phases      ] GC(6)     Total                          Min: 0, Avg:  0.0, Max: 0, Diff: 0, Sum: 0, Workers: 4
[10.528s][debug][gc,phases      ] GC(6)   StringDedup Requests0 Weak     Min:  0.0, Avg:  0.0, Max:  0.0, Diff:  0.0, Sum:  0.0, Workers: 4
[10.528s][debug][gc,phases      ] GC(6)     Dead                           Min: 0, Avg:  0.0, Max: 0, Diff: 0, Sum: 0, Workers: 4
[10.528s][debug][gc,phases      ] GC(6)     Total                          Min: 0, Avg:  0.0, Max: 0, Diff: 0, Sum: 0, Workers: 4
[10.528s][debug][gc,phases      ] GC(6)   StringDedup Requests1 Weak     Min:  0.0, Avg:  0.0, Max:  0.0, Diff:  0.0, Sum:  0.0, Workers: 4
[10.528s][debug][gc,phases      ] GC(6)     Dead                           Min: 0, Avg:  0.0, Max: 0, Diff: 0, Sum: 0, Workers: 4
[10.528s][debug][gc,phases      ] GC(6)     Total                          Min: 0, Avg:  0.0, Max: 0, Diff: 0, Sum: 0, Workers: 4
[10.528s][debug][gc,phases      ] GC(6)   Weak JFR Old Object Samples    Min:  0.0, Avg:  0.0, Max:  0.0, Diff:  0.0, Sum:  0.0, Workers: 4
[10.528s][debug][gc,phases      ] GC(6)     Dead                           Min: 0, Avg:  0.0, Max: 0, Diff: 0, Sum: 0, Workers: 4
[10.528s][debug][gc,phases      ] GC(6)     Total                          Min: 0, Avg:  0.0, Max: 0, Diff: 0, Sum: 0, Workers: 4
[10.528s][debug][gc,phases      ] GC(6) Weak Processing 0.542ms
[10.528s][debug][gc,age         ] GC(6) Desired survivor size 536870912 bytes, new threshold 7 (max threshold 15)
[10.528s][info ][gc,heap        ] GC(6) PSYoungGen: 1048576K(1572864K)->499502K(1572864K) Eden: 1048576K(1048576K)->0K(1048576K) From: 0K(524288K)->499502K(524288K)
[10.528s][info ][gc,heap        ] GC(6) ParOldGen: 6056K(18432K)->6140K(18432K)
[10.528s][info ][gc,metaspace   ] GC(6) Metaspace: 70754K(71552K)->70754K(71552K) NonClass: 60195K(60608K)->60195K(60608K) Class: 10558K(10944K)->10558K(10944K)
[10.528s][info ][gc             ] GC(6) Pause Young (Allocation Failure) 1029M->493M(1554M) 315.807ms
[10.528s][info ][gc,cpu         ] GC(6) User=1.01s Sys=0.13s Real=0.32s
[10.528s][info ][safepoint      ] Safepoint "ParallelGCFailedAllocation", Time since last: 44035913 ns, Reaching safepoint: 3800 ns, Cleanup: 116600 ns, At safepoint: 315884027 ns, Total: 316004427 ns
[11.287s][info ][safepoint      ] Safepoint "ICBufferFull", Time since last: 758822367 ns, Reaching safepoint: 70101 ns, Cleanup: 128300 ns, At safepoint: 5800 ns, Total: 204201 ns
[11.517s][info ][safepoint      ] Safepoint "ICBufferFull", Time since last: 229059708 ns, Reaching safepoint: 83300 ns, Cleanup: 174101 ns, At safepoint: 7000 ns, Total: 264401 ns
[11.952s][info ][safepoint      ] Safepoint "ICBufferFull", Time since last: 434932802 ns, Reaching safepoint: 3700 ns, Cleanup: 142401 ns, At safepoint: 1900 ns, Total: 148001 ns
[12.062s][info ][safepoint      ] Safepoint "ICBufferFull", Time since last: 110497834 ns, Reaching safepoint: 3600 ns, Cleanup: 142100 ns, At safepoint: 6900 ns, Total: 152600 ns
[12.102s][info ][safepoint      ] Safepoint "ICBufferFull", Time since last: 39170990 ns, Reaching safepoint: 76800 ns, Cleanup: 185701 ns, At safepoint: 5200 ns, Total: 267701 ns
[12.283s][info ][safepoint      ] Safepoint "ICBufferFull", Time since last: 180537739 ns, Reaching safepoint: 4400 ns, Cleanup: 140500 ns, At safepoint: 5000 ns, Total: 149900 ns
[12.746s][info ][safepoint      ] Safepoint "ICBufferFull", Time since last: 463173657 ns, Reaching safepoint: 80300 ns, Cleanup: 178900 ns, At safepoint: 8000 ns, Total: 267200 ns
[13.155s][info ][safepoint      ] Safepoint "ICBufferFull", Time since last: 408542579 ns, Reaching safepoint: 3600 ns, Cleanup: 184401 ns, At safepoint: 5300 ns, Total: 193301 ns
[13.687s][info ][safepoint      ] Safepoint "ICBufferFull", Time since last: 531622053 ns, Reaching safepoint: 5000 ns, Cleanup: 177600 ns, At safepoint: 5200 ns, Total: 187800 ns
[14.030s][info ][safepoint      ] Safepoint "ICBufferFull", Time since last: 343303187 ns, Reaching safepoint: 2900 ns, Cleanup: 173100 ns, At safepoint: 8300 ns, Total: 184300 ns
[14.206s][info ][safepoint      ] Safepoint "ICBufferFull", Time since last: 172601645 ns, Reaching safepoint: 3132204 ns, Cleanup: 188901 ns, At safepoint: 8200 ns, Total: 3329305 ns
[14.331s][info ][safepoint      ] Safepoint "ICBufferFull", Time since last: 125155477 ns, Reaching safepoint: 74900 ns, Cleanup: 154500 ns, At safepoint: 10600 ns, Total: 240000 ns
[14.510s][info ][gc,start       ] GC(7) Pause Young (Allocation Failure)
[14.649s][debug][gc,phases      ] GC(7) Scavenge 138.116ms
[14.649s][debug][gc,ref         ] GC(7) Skipped phase 1 of Reference Processing: no references
[14.649s][debug][gc,ref         ] GC(7) ReferenceProcessor::execute queues: 4, RefProcThreadModel::Multi, marks_oops_alive: false
[14.649s][debug][gc,ref         ] GC(7) Skipped phase 3 of Reference Processing: no references
[14.649s][debug][gc,ref         ] GC(7) ReferenceProcessor::execute queues: 1, RefProcThreadModel::Single, marks_oops_alive: false
[14.649s][debug][gc,phases      ] GC(7) Reference Processing 0.577ms
[14.650s][debug][gc,phases      ] GC(7)   VM Weak                        Min:  0.0, Avg:  0.0, Max:  0.0, Diff:  0.0, Sum:  0.0, Workers: 4
[14.650s][debug][gc,phases      ] GC(7)     Dead                           Min: 0, Avg:  0.0, Max: 0, Diff: 0, Sum: 0, Workers: 4
[14.650s][debug][gc,phases      ] GC(7)     Total                          Min: 0, Avg: 170.2, Max: 361, Diff: 361, Sum: 681, Workers: 4
[14.650s][debug][gc,phases      ] GC(7)   ObjectSynchronizer Weak        Min:  0.0, Avg:  0.0, Max:  0.0, Diff:  0.0, Sum:  0.0, Workers: 4
[14.650s][debug][gc,phases      ] GC(7)     Dead                           Min: 0, Avg:  0.2, Max: 1, Diff: 1, Sum: 1, Workers: 4
[14.650s][debug][gc,phases      ] GC(7)     Total                          Min: 0, Avg: 15.0, Max: 60, Diff: 60, Sum: 60, Workers: 4
[14.650s][debug][gc,phases      ] GC(7)   JVMTI Tag Weak OopStorage      Min:  0.0, Avg:  0.0, Max:  0.0, Diff:  0.0, Sum:  0.0, Workers: 4
[14.650s][debug][gc,phases      ] GC(7)     Dead                           Min: 0, Avg:  0.0, Max: 0, Diff: 0, Sum: 0, Workers: 4
[14.650s][debug][gc,phases      ] GC(7)     Total                          Min: 0, Avg:  0.0, Max: 0, Diff: 0, Sum: 0, Workers: 4
[14.650s][debug][gc,phases      ] GC(7)   StringTable Weak               Min:  0.3, Avg:  0.3, Max:  0.3, Diff:  0.0, Sum:  1.2, Workers: 4
[14.650s][debug][gc,phases      ] GC(7)     Dead                           Min: 1, Avg:  2.5, Max: 5, Diff: 4, Sum: 10, Workers: 4
[14.650s][debug][gc,phases      ] GC(7)     Total                          Min: 9472, Avg: 10348.8, Max: 11891, Diff: 2419, Sum: 41395, Workers: 4
[14.650s][debug][gc,phases      ] GC(7)   ResolvedMethodTable Weak       Min:  0.1, Avg:  0.1, Max:  0.1, Diff:  0.0, Sum:  0.3, Workers: 4
[14.650s][debug][gc,phases      ] GC(7)     Dead                           Min: 19, Avg: 41.2, Max: 62, Diff: 43, Sum: 165, Workers: 4
[14.650s][debug][gc,phases      ] GC(7)     Total                          Min: 2111, Avg: 2299.0, Max: 2493, Diff: 382, Sum: 9196, Workers: 4
[14.650s][debug][gc,phases      ] GC(7)   JNI Weak                       Min:  0.0, Avg:  0.0, Max:  0.0, Diff:  0.0, Sum:  0.0, Workers: 4
[14.650s][debug][gc,phases      ] GC(7)     Dead                           Min: 0, Avg:  0.0, Max: 0, Diff: 0, Sum: 0, Workers: 4
[14.650s][debug][gc,phases      ] GC(7)     Total                          Min: 0, Avg: 21.8, Max: 47, Diff: 47, Sum: 87, Workers: 4
[14.650s][debug][gc,phases      ] GC(7)   StringDedup Table Weak         Min:  0.0, Avg:  0.0, Max:  0.0, Diff:  0.0, Sum:  0.0, Workers: 4
[14.650s][debug][gc,phases      ] GC(7)     Dead                           Min: 0, Avg:  0.0, Max: 0, Diff: 0, Sum: 0, Workers: 4
[14.650s][debug][gc,phases      ] GC(7)     Total                          Min: 0, Avg:  0.0, Max: 0, Diff: 0, Sum: 0, Workers: 4
[14.650s][debug][gc,phases      ] GC(7)   StringDedup Requests0 Weak     Min:  0.0, Avg:  0.0, Max:  0.0, Diff:  0.0, Sum:  0.0, Workers: 4
[14.650s][debug][gc,phases      ] GC(7)     Dead                           Min: 0, Avg:  0.0, Max: 0, Diff: 0, Sum: 0, Workers: 4
[14.650s][debug][gc,phases      ] GC(7)     Total                          Min: 0, Avg:  0.0, Max: 0, Diff: 0, Sum: 0, Workers: 4
[14.650s][debug][gc,phases      ] GC(7)   StringDedup Requests1 Weak     Min:  0.0, Avg:  0.0, Max:  0.0, Diff:  0.0, Sum:  0.0, Workers: 4
[14.650s][debug][gc,phases      ] GC(7)     Dead                           Min: 0, Avg:  0.0, Max: 0, Diff: 0, Sum: 0, Workers: 4
[14.650s][debug][gc,phases      ] GC(7)     Total                          Min: 0, Avg:  0.0, Max: 0, Diff: 0, Sum: 0, Workers: 4
[14.650s][debug][gc,phases      ] GC(7)   Weak JFR Old Object Samples    Min:  0.0, Avg:  0.0, Max:  0.0, Diff:  0.0, Sum:  0.0, Workers: 4
[14.650s][debug][gc,phases      ] GC(7)     Dead                           Min: 0, Avg:  0.0, Max: 0, Diff: 0, Sum: 0, Workers: 4
[14.650s][debug][gc,phases      ] GC(7)     Total                          Min: 0, Avg:  0.0, Max: 0, Diff: 0, Sum: 0, Workers: 4
[14.650s][debug][gc,phases      ] GC(7) Weak Processing 0.559ms
[14.650s][debug][gc,age         ] GC(7) Desired survivor size 536870912 bytes, new threshold 7 (max threshold 15)
[14.650s][info ][gc,heap        ] GC(7) PSYoungGen: 1548078K(1572864K)->278906K(1572864K) Eden: 1048576K(1048576K)->0K(1048576K) From: 499502K(524288K)->278906K(524288K)
[14.650s][info ][gc,heap        ] GC(7) ParOldGen: 6140K(18432K)->6412K(18432K)
[14.650s][info ][gc,metaspace   ] GC(7) Metaspace: 77058K(77888K)->77058K(77888K) NonClass: 65546K(65984K)->65546K(65984K) Class: 11512K(11904K)->11512K(11904K)
[14.650s][info ][gc             ] GC(7) Pause Young (Allocation Failure) 1517M->278M(1554M) 139.371ms
[14.650s][info ][gc,cpu         ] GC(7) User=0.37s Sys=0.14s Real=0.14s
[14.650s][info ][safepoint      ] Safepoint "ParallelGCFailedAllocation", Time since last: 178825654 ns, Reaching safepoint: 4000 ns, Cleanup: 193800 ns, At safepoint: 139439598 ns, Total: 139637398 ns
[15.102s][info ][safepoint      ] Safepoint "ICBufferFull", Time since last: 451747040 ns, Reaching safepoint: 5700 ns, Cleanup: 200001 ns, At safepoint: 2400 ns, Total: 208101 ns
[15.289s][info ][safepoint      ] Safepoint "ICBufferFull", Time since last: 186850264 ns, Reaching safepoint: 5000 ns, Cleanup: 222101 ns, At safepoint: 4500 ns, Total: 231601 ns
[15.553s][info ][safepoint      ] Safepoint "ICBufferFull", Time since last: 264294074 ns, Reaching safepoint: 79000 ns, Cleanup: 196801 ns, At safepoint: 8600 ns, Total: 284401 ns
[15.766s][info ][safepoint      ] Safepoint "ICBufferFull", Time since last: 212338701 ns, Reaching safepoint: 78000 ns, Cleanup: 192800 ns, At safepoint: 10700 ns, Total: 281500 ns
[16.013s][info ][safepoint      ] Safepoint "ICBufferFull", Time since last: 247148550 ns, Reaching safepoint: 23200 ns, Cleanup: 193701 ns, At safepoint: 3500 ns, Total: 220401 ns
[16.355s][info ][safepoint      ] Safepoint "ICBufferFull", Time since last: 341348684 ns, Reaching safepoint: 5500 ns, Cleanup: 203600 ns, At safepoint: 6200 ns, Total: 215300 ns
[16.659s][info ][safepoint      ] Safepoint "ICBufferFull", Time since last: 303956246 ns, Reaching safepoint: 4700 ns, Cleanup: 180700 ns, At safepoint: 2300 ns, Total: 187700 ns
[17.096s][info ][gc,start       ] GC(8) Pause Young (Allocation Failure)
[17.206s][debug][gc,phases      ] GC(8) Scavenge 109.830ms
[17.206s][debug][gc,ref         ] GC(8) Skipped phase 1 of Reference Processing: no references
[17.206s][debug][gc,ref         ] GC(8) ReferenceProcessor::execute queues: 4, RefProcThreadModel::Multi, marks_oops_alive: false
[17.207s][debug][gc,ref         ] GC(8) ReferenceProcessor::execute queues: 4, RefProcThreadModel::Multi, marks_oops_alive: true
[17.207s][debug][gc,ref         ] GC(8) ReferenceProcessor::execute queues: 1, RefProcThreadModel::Single, marks_oops_alive: false
[17.207s][debug][gc,phases      ] GC(8) Reference Processing 0.780ms
[17.208s][debug][gc,phases      ] GC(8)   VM Weak                        Min:  0.0, Avg:  0.0, Max:  0.0, Diff:  0.0, Sum:  0.0, Workers: 4
[17.208s][debug][gc,phases      ] GC(8)     Dead                           Min: 0, Avg:  0.0, Max: 0, Diff: 0, Sum: 0, Workers: 4
[17.208s][debug][gc,phases      ] GC(8)     Total                          Min: 0, Avg: 188.0, Max: 384, Diff: 384, Sum: 752, Workers: 4
[17.208s][debug][gc,phases      ] GC(8)   ObjectSynchronizer Weak        Min:  0.0, Avg:  0.0, Max:  0.0, Diff:  0.0, Sum:  0.0, Workers: 4
[17.208s][debug][gc,phases      ] GC(8)     Dead                           Min: 0, Avg:  0.0, Max: 0, Diff: 0, Sum: 0, Workers: 4
[17.208s][debug][gc,phases      ] GC(8)     Total                          Min: 0, Avg: 15.2, Max: 61, Diff: 61, Sum: 61, Workers: 4
[17.208s][debug][gc,phases      ] GC(8)   JVMTI Tag Weak OopStorage      Min:  0.0, Avg:  0.0, Max:  0.0, Diff:  0.0, Sum:  0.0, Workers: 4
[17.208s][debug][gc,phases      ] GC(8)     Dead                           Min: 0, Avg:  0.0, Max: 0, Diff: 0, Sum: 0, Workers: 4
[17.208s][debug][gc,phases      ] GC(8)     Total                          Min: 0, Avg:  0.0, Max: 0, Diff: 0, Sum: 0, Workers: 4
[17.208s][debug][gc,phases      ] GC(8)   StringTable Weak               Min:  0.0, Avg:  0.4, Max:  0.5, Diff:  0.5, Sum:  1.5, Workers: 4
[17.208s][debug][gc,phases      ] GC(8)     Dead                           Min: 0, Avg:  2.8, Max: 11, Diff: 11, Sum: 11, Workers: 4
[17.208s][debug][gc,phases      ] GC(8)     Total                          Min: 0, Avg: 10504.8, Max: 14464, Diff: 14464, Sum: 42019, Workers: 4
[17.208s][debug][gc,phases      ] GC(8)   ResolvedMethodTable Weak       Min:  0.0, Avg:  0.1, Max:  0.1, Diff:  0.1, Sum:  0.3, Workers: 4
[17.208s][debug][gc,phases      ] GC(8)     Dead                           Min: 0, Avg: 11.5, Max: 32, Diff: 32, Sum: 46, Workers: 4
[17.208s][debug][gc,phases      ] GC(8)     Total                          Min: 0, Avg: 2360.2, Max: 4160, Diff: 4160, Sum: 9441, Workers: 4
[17.208s][debug][gc,phases      ] GC(8)   JNI Weak                       Min:  0.0, Avg:  0.0, Max:  0.0, Diff:  0.0, Sum:  0.0, Workers: 4
[17.208s][debug][gc,phases      ] GC(8)     Dead                           Min: 0, Avg:  0.0, Max: 0, Diff: 0, Sum: 0, Workers: 4
[17.208s][debug][gc,phases      ] GC(8)     Total                          Min: 0, Avg: 34.0, Max: 80, Diff: 80, Sum: 136, Workers: 4
[17.208s][debug][gc,phases      ] GC(8)   StringDedup Table Weak         Min:  0.0, Avg:  0.0, Max:  0.0, Diff:  0.0, Sum:  0.0, Workers: 4
[17.208s][debug][gc,phases      ] GC(8)     Dead                           Min: 0, Avg:  0.0, Max: 0, Diff: 0, Sum: 0, Workers: 4
[17.208s][debug][gc,phases      ] GC(8)     Total                          Min: 0, Avg:  0.0, Max: 0, Diff: 0, Sum: 0, Workers: 4
[17.208s][debug][gc,phases      ] GC(8)   StringDedup Requests0 Weak     Min:  0.0, Avg:  0.0, Max:  0.0, Diff:  0.0, Sum:  0.0, Workers: 4
[17.208s][debug][gc,phases      ] GC(8)     Dead                           Min: 0, Avg:  0.0, Max: 0, Diff: 0, Sum: 0, Workers: 4
[17.208s][debug][gc,phases      ] GC(8)     Total                          Min: 0, Avg:  0.0, Max: 0, Diff: 0, Sum: 0, Workers: 4
[17.208s][debug][gc,phases      ] GC(8)   StringDedup Requests1 Weak     Min:  0.0, Avg:  0.0, Max:  0.0, Diff:  0.0, Sum:  0.0, Workers: 4
[17.208s][debug][gc,phases      ] GC(8)     Dead                           Min: 0, Avg:  0.0, Max: 0, Diff: 0, Sum: 0, Workers: 4
[17.208s][debug][gc,phases      ] GC(8)     Total                          Min: 0, Avg:  0.0, Max: 0, Diff: 0, Sum: 0, Workers: 4
[17.208s][debug][gc,phases      ] GC(8)   Weak JFR Old Object Samples    Min:  0.0, Avg:  0.0, Max:  0.0, Diff:  0.0, Sum:  0.0, Workers: 4
[17.208s][debug][gc,phases      ] GC(8)     Dead                           Min: 0, Avg:  0.0, Max: 0, Diff: 0, Sum: 0, Workers: 4
[17.208s][debug][gc,phases      ] GC(8)     Total                          Min: 0, Avg:  0.0, Max: 0, Diff: 0, Sum: 0, Workers: 4
[17.208s][debug][gc,phases      ] GC(8) Weak Processing 0.870ms
[17.208s][debug][gc,age         ] GC(8) Desired survivor size 507510784 bytes, new threshold 8 (max threshold 15)
[17.208s][info ][gc,heap        ] GC(8) PSYoungGen: 1327482K(1572864K)->292631K(1601536K) Eden: 1048576K(1048576K)->0K(1077248K) From: 278906K(524288K)->292631K(524288K)
[17.208s][info ][gc,heap        ] GC(8) ParOldGen: 6412K(18432K)->6428K(18432K)
[17.208s][info ][gc,metaspace   ] GC(8) Metaspace: 79495K(80448K)->79495K(80448K) NonClass: 67676K(68160K)->67676K(68160K) Class: 11818K(12288K)->11818K(12288K)
[17.208s][info ][gc             ] GC(8) Pause Young (Allocation Failure) 1302M->292M(1582M) 111.616ms
[17.208s][info ][gc,cpu         ] GC(8) User=0.39s Sys=0.00s Real=0.11s
[17.208s][info ][safepoint      ] Safepoint "ParallelGCFailedAllocation", Time since last: 436821709 ns, Reaching safepoint: 77001 ns, Cleanup: 165700 ns, At safepoint: 111712732 ns, Total: 111955433 ns
[17.882s][info ][safepoint      ] Safepoint "ICBufferFull", Time since last: 673641302 ns, Reaching safepoint: 5000 ns, Cleanup: 177101 ns, At safepoint: 9200 ns, Total: 191301 ns
[18.444s][info ][safepoint      ] Safepoint "ICBufferFull", Time since last: 561900269 ns, Reaching safepoint: 3900 ns, Cleanup: 152401 ns, At safepoint: 3200 ns, Total: 159501 ns
[19.209s][info ][safepoint      ] Safepoint "ICBufferFull", Time since last: 765283992 ns, Reaching safepoint: 3800 ns, Cleanup: 171401 ns, At safepoint: 8600 ns, Total: 183801 ns
[19.757s][info ][gc,start       ] GC(9) Pause Young (Allocation Failure)
[19.886s][debug][gc,phases      ] GC(9) Scavenge 129.367ms
[19.886s][debug][gc,ref         ] GC(9) Skipped phase 1 of Reference Processing: no references
[19.886s][debug][gc,ref         ] GC(9) ReferenceProcessor::execute queues: 4, RefProcThreadModel::Multi, marks_oops_alive: false
[19.887s][debug][gc,ref         ] GC(9) Skipped phase 3 of Reference Processing: no references
[19.887s][debug][gc,ref         ] GC(9) ReferenceProcessor::execute queues: 1, RefProcThreadModel::Single, marks_oops_alive: false
[19.887s][debug][gc,phases      ] GC(9) Reference Processing 0.533ms
[19.887s][debug][gc,phases      ] GC(9)   VM Weak                        Min:  0.0, Avg:  0.0, Max:  0.0, Diff:  0.0, Sum:  0.0, Workers: 4
[19.887s][debug][gc,phases      ] GC(9)     Dead                           Min: 0, Avg:  0.0, Max: 0, Diff: 0, Sum: 0, Workers: 4
[19.887s][debug][gc,phases      ] GC(9)     Total                          Min: 112, Avg: 188.0, Max: 320, Diff: 208, Sum: 752, Workers: 4
[19.887s][debug][gc,phases      ] GC(9)   ObjectSynchronizer Weak        Min:  0.0, Avg:  0.0, Max:  0.0, Diff:  0.0, Sum:  0.0, Workers: 4
[19.887s][debug][gc,phases      ] GC(9)     Dead                           Min: 0, Avg:  0.0, Max: 0, Diff: 0, Sum: 0, Workers: 4
[19.887s][debug][gc,phases      ] GC(9)     Total                          Min: 0, Avg: 15.2, Max: 61, Diff: 61, Sum: 61, Workers: 4
[19.887s][debug][gc,phases      ] GC(9)   JVMTI Tag Weak OopStorage      Min:  0.0, Avg:  0.0, Max:  0.0, Diff:  0.0, Sum:  0.0, Workers: 4
[19.887s][debug][gc,phases      ] GC(9)     Dead                           Min: 0, Avg:  0.0, Max: 0, Diff: 0, Sum: 0, Workers: 4
[19.887s][debug][gc,phases      ] GC(9)     Total                          Min: 0, Avg:  0.0, Max: 0, Diff: 0, Sum: 0, Workers: 4
[19.887s][debug][gc,phases      ] GC(9)   StringTable Weak               Min:  0.3, Avg:  0.3, Max:  0.3, Diff:  0.0, Sum:  1.2, Workers: 4
[19.887s][debug][gc,phases      ] GC(9)     Dead                           Min: 0, Avg:  0.5, Max: 2, Diff: 2, Sum: 2, Workers: 4
[19.887s][debug][gc,phases      ] GC(9)     Total                          Min: 10067, Avg: 10532.8, Max: 11264, Diff: 1197, Sum: 42131, Workers: 4
[19.887s][debug][gc,phases      ] GC(9)   ResolvedMethodTable Weak       Min:  0.1, Avg:  0.1, Max:  0.1, Diff:  0.0, Sum:  0.3, Workers: 4
[19.887s][debug][gc,phases      ] GC(9)     Dead                           Min: 0, Avg:  0.0, Max: 0, Diff: 0, Sum: 0, Workers: 4
[19.887s][debug][gc,phases      ] GC(9)     Total                          Min: 2240, Avg: 2362.0, Max: 2496, Diff: 256, Sum: 9448, Workers: 4
[19.887s][debug][gc,phases      ] GC(9)   JNI Weak                       Min:  0.0, Avg:  0.0, Max:  0.0, Diff:  0.0, Sum:  0.0, Workers: 4
[19.887s][debug][gc,phases      ] GC(9)     Dead                           Min: 0, Avg:  0.0, Max: 0, Diff: 0, Sum: 0, Workers: 4
[19.887s][debug][gc,phases      ] GC(9)     Total                          Min: 0, Avg: 20.2, Max: 46, Diff: 46, Sum: 81, Workers: 4
[19.887s][debug][gc,phases      ] GC(9)   StringDedup Table Weak         Min:  0.0, Avg:  0.0, Max:  0.0, Diff:  0.0, Sum:  0.0, Workers: 4
[19.887s][debug][gc,phases      ] GC(9)     Dead                           Min: 0, Avg:  0.0, Max: 0, Diff: 0, Sum: 0, Workers: 4
[19.887s][debug][gc,phases      ] GC(9)     Total                          Min: 0, Avg:  0.0, Max: 0, Diff: 0, Sum: 0, Workers: 4
[19.887s][debug][gc,phases      ] GC(9)   StringDedup Requests0 Weak     Min:  0.0, Avg:  0.0, Max:  0.0, Diff:  0.0, Sum:  0.0, Workers: 4
[19.887s][debug][gc,phases      ] GC(9)     Dead                           Min: 0, Avg:  0.0, Max: 0, Diff: 0, Sum: 0, Workers: 4
[19.887s][debug][gc,phases      ] GC(9)     Total                          Min: 0, Avg:  0.0, Max: 0, Diff: 0, Sum: 0, Workers: 4
[19.887s][debug][gc,phases      ] GC(9)   StringDedup Requests1 Weak     Min:  0.0, Avg:  0.0, Max:  0.0, Diff:  0.0, Sum:  0.0, Workers: 4
[19.887s][debug][gc,phases      ] GC(9)     Dead                           Min: 0, Avg:  0.0, Max: 0, Diff: 0, Sum: 0, Workers: 4
[19.887s][debug][gc,phases      ] GC(9)     Total                          Min: 0, Avg:  0.0, Max: 0, Diff: 0, Sum: 0, Workers: 4
[19.887s][debug][gc,phases      ] GC(9)   Weak JFR Old Object Samples    Min:  0.0, Avg:  0.0, Max:  0.0, Diff:  0.0, Sum:  0.0, Workers: 4
[19.887s][debug][gc,phases      ] GC(9)     Dead                           Min: 0, Avg:  0.0, Max: 0, Diff: 0, Sum: 0, Workers: 4
[19.887s][debug][gc,phases      ] GC(9)     Total                          Min: 0, Avg:  0.0, Max: 0, Diff: 0, Sum: 0, Workers: 4
[19.887s][debug][gc,phases      ] GC(9) Weak Processing 0.533ms
[19.887s][debug][gc,age         ] GC(9) Desired survivor size 506462208 bytes, new threshold 9 (max threshold 15)
[19.887s][info ][gc,heap        ] GC(9) PSYoungGen: 1369879K(1601536K)->308225K(1572864K) Eden: 1077248K(1077248K)->0K(1077248K) From: 292631K(524288K)->308225K(495616K)
[19.887s][info ][gc,heap        ] GC(9) ParOldGen: 6428K(18432K)->6444K(18432K)
[19.887s][info ][gc,metaspace   ] GC(9) Metaspace: 79898K(80896K)->79898K(80896K) NonClass: 68075K(68608K)->68075K(68608K) Class: 11823K(12288K)->11823K(12288K)
[19.887s][info ][gc             ] GC(9) Pause Young (Allocation Failure) 1344M->307M(1554M) 130.552ms
[19.887s][info ][gc,cpu         ] GC(9) User=0.41s Sys=0.07s Real=0.13s
[19.887s][info ][safepoint      ] Safepoint "ParallelGCFailedAllocation", Time since last: 547277039 ns, Reaching safepoint: 88000 ns, Cleanup: 103000 ns, At safepoint: 130629872 ns, Total: 130820872 ns
[20.516s][info ][safepoint      ] Safepoint "ICBufferFull", Time since last: 628337507 ns, Reaching safepoint: 5100 ns, Cleanup: 181601 ns, At safepoint: 12900 ns, Total: 199601 ns
[20.806s][info ][safepoint      ] Safepoint "ICBufferFull", Time since last: 290296104 ns, Reaching safepoint: 3500 ns, Cleanup: 171300 ns, At safepoint: 2300 ns, Total: 177100 ns
[21.749s][info ][safepoint      ] Safepoint "ICBufferFull", Time since last: 942207361 ns, Reaching safepoint: 5100 ns, Cleanup: 214501 ns, At safepoint: 3500 ns, Total: 223101 ns
[22.630s][info ][safepoint      ] Safepoint "ICBufferFull", Time since last: 880602032 ns, Reaching safepoint: 4000 ns, Cleanup: 159501 ns, At safepoint: 12100 ns, Total: 175601 ns
[23.596s][info ][safepoint      ] Safepoint "ICBufferFull", Time since last: 965784910 ns, Reaching safepoint: 77200 ns, Cleanup: 157900 ns, At safepoint: 12500 ns, Total: 247600 ns
[24.048s][info ][safepoint      ] Safepoint "ICBufferFull", Time since last: 452135541 ns, Reaching safepoint: 3400 ns, Cleanup: 202501 ns, At safepoint: 5100 ns, Total: 211001 ns
[25.048s][info ][safepoint      ] Safepoint "Cleanup", Time since last: 1000108651 ns, Reaching safepoint: 5000 ns, Cleanup: 156301 ns, At safepoint: 5700 ns, Total: 167001 ns
[26.049s][info ][safepoint      ] Safepoint "Cleanup", Time since last: 1000116381 ns, Reaching safepoint: 5400 ns, Cleanup: 170900 ns, At safepoint: 9700 ns, Total: 186000 ns
[27.049s][info ][safepoint      ] Safepoint "Cleanup", Time since last: 1000106481 ns, Reaching safepoint: 3000 ns, Cleanup: 139401 ns, At safepoint: 5400 ns, Total: 147801 ns
[28.149s][info ][safepoint      ] Safepoint "Cleanup", Time since last: 1100051869 ns, Reaching safepoint: 4800 ns, Cleanup: 187200 ns, At safepoint: 21600 ns, Total: 213600 ns
[29.149s][info ][safepoint      ] Safepoint "Cleanup", Time since last: 1000109681 ns, Reaching safepoint: 4700 ns, Cleanup: 167801 ns, At safepoint: 5200 ns, Total: 177701 ns
[29.374s][info ][gc,start       ] GC(10) Pause Young (Allocation Failure)
[29.487s][debug][gc,phases      ] GC(10) Scavenge 112.969ms
[29.487s][debug][gc,ref         ] GC(10) Skipped phase 1 of Reference Processing: no references
[29.487s][debug][gc,ref         ] GC(10) ReferenceProcessor::execute queues: 4, RefProcThreadModel::Multi, marks_oops_alive: false
[29.487s][debug][gc,ref         ] GC(10) ReferenceProcessor::execute queues: 4, RefProcThreadModel::Multi, marks_oops_alive: true
[29.488s][debug][gc,ref         ] GC(10) ReferenceProcessor::execute queues: 1, RefProcThreadModel::Single, marks_oops_alive: false
[29.488s][debug][gc,phases      ] GC(10) Reference Processing 0.584ms
[29.488s][debug][gc,phases      ] GC(10)   VM Weak                        Min:  0.0, Avg:  0.0, Max:  0.0, Diff:  0.0, Sum:  0.0, Workers: 4
[29.488s][debug][gc,phases      ] GC(10)     Dead                           Min: 0, Avg:  0.0, Max: 0, Diff: 0, Sum: 0, Workers: 4
[29.488s][debug][gc,phases      ] GC(10)     Total                          Min: 0, Avg: 190.2, Max: 320, Diff: 320, Sum: 761, Workers: 4
[29.488s][debug][gc,phases      ] GC(10)   ObjectSynchronizer Weak        Min:  0.0, Avg:  0.0, Max:  0.0, Diff:  0.0, Sum:  0.0, Workers: 4
[29.488s][debug][gc,phases      ] GC(10)     Dead                           Min: 0, Avg:  0.0, Max: 0, Diff: 0, Sum: 0, Workers: 4
[29.488s][debug][gc,phases      ] GC(10)     Total                          Min: 0, Avg: 15.5, Max: 62, Diff: 62, Sum: 62, Workers: 4
[29.488s][debug][gc,phases      ] GC(10)   JVMTI Tag Weak OopStorage      Min:  0.0, Avg:  0.0, Max:  0.0, Diff:  0.0, Sum:  0.0, Workers: 4
[29.488s][debug][gc,phases      ] GC(10)     Dead                           Min: 0, Avg:  0.0, Max: 0, Diff: 0, Sum: 0, Workers: 4
[29.488s][debug][gc,phases      ] GC(10)     Total                          Min: 0, Avg:  0.0, Max: 0, Diff: 0, Sum: 0, Workers: 4
[29.488s][debug][gc,phases      ] GC(10)   StringTable Weak               Min:  0.0, Avg:  0.3, Max:  0.3, Diff:  0.3, Sum:  1.0, Workers: 4
[29.488s][debug][gc,phases      ] GC(10)     Dead                           Min: 0, Avg:  0.8, Max: 2, Diff: 2, Sum: 3, Workers: 4
[29.488s][debug][gc,phases      ] GC(10)     Total                          Min: 0, Avg: 10669.0, Max: 18676, Diff: 18676, Sum: 42676, Workers: 4
[29.488s][debug][gc,phases      ] GC(10)   ResolvedMethodTable Weak       Min:  0.0, Avg:  0.1, Max:  0.1, Diff:  0.1, Sum:  0.3, Workers: 4
[29.488s][debug][gc,phases      ] GC(10)     Dead                           Min: 0, Avg:  0.0, Max: 0, Diff: 0, Sum: 0, Workers: 4
[29.488s][debug][gc,phases      ] GC(10)     Total                          Min: 0, Avg: 2382.5, Max: 4544, Diff: 4544, Sum: 9530, Workers: 4
[29.488s][debug][gc,phases      ] GC(10)   JNI Weak                       Min:  0.0, Avg:  0.0, Max:  0.0, Diff:  0.0, Sum:  0.0, Workers: 4
[29.488s][debug][gc,phases      ] GC(10)     Dead                           Min: 0, Avg:  0.0, Max: 0, Diff: 0, Sum: 0, Workers: 4
[29.488s][debug][gc,phases      ] GC(10)     Total                          Min: 0, Avg: 18.2, Max: 64, Diff: 64, Sum: 73, Workers: 4
[29.488s][debug][gc,phases      ] GC(10)   StringDedup Table Weak         Min:  0.0, Avg:  0.0, Max:  0.0, Diff:  0.0, Sum:  0.0, Workers: 4
[29.488s][debug][gc,phases      ] GC(10)     Dead                           Min: 0, Avg:  0.0, Max: 0, Diff: 0, Sum: 0, Workers: 4
[29.488s][debug][gc,phases      ] GC(10)     Total                          Min: 0, Avg:  0.0, Max: 0, Diff: 0, Sum: 0, Workers: 4
[29.488s][debug][gc,phases      ] GC(10)   StringDedup Requests0 Weak     Min:  0.0, Avg:  0.0, Max:  0.0, Diff:  0.0, Sum:  0.0, Workers: 4
[29.488s][debug][gc,phases      ] GC(10)     Dead                           Min: 0, Avg:  0.0, Max: 0, Diff: 0, Sum: 0, Workers: 4
[29.488s][debug][gc,phases      ] GC(10)     Total                          Min: 0, Avg:  0.0, Max: 0, Diff: 0, Sum: 0, Workers: 4
[29.488s][debug][gc,phases      ] GC(10)   StringDedup Requests1 Weak     Min:  0.0, Avg:  0.0, Max:  0.0, Diff:  0.0, Sum:  0.0, Workers: 4
[29.488s][debug][gc,phases      ] GC(10)     Dead                           Min: 0, Avg:  0.0, Max: 0, Diff: 0, Sum: 0, Workers: 4
[29.488s][debug][gc,phases      ] GC(10)     Total                          Min: 0, Avg:  0.0, Max: 0, Diff: 0, Sum: 0, Workers: 4
[29.488s][debug][gc,phases      ] GC(10)   Weak JFR Old Object Samples    Min:  0.0, Avg:  0.0, Max:  0.0, Diff:  0.0, Sum:  0.0, Workers: 4
[29.488s][debug][gc,phases      ] GC(10)     Dead                           Min: 0, Avg:  0.0, Max: 0, Diff: 0, Sum: 0, Workers: 4
[29.488s][debug][gc,phases      ] GC(10)     Total                          Min: 0, Avg:  0.0, Max: 0, Diff: 0, Sum: 0, Workers: 4
[29.488s][debug][gc,phases      ] GC(10) Weak Processing 0.589ms
[29.488s][debug][gc,age         ] GC(10) Desired survivor size 506462208 bytes, new threshold 10 (max threshold 15)
[29.488s][info ][gc,heap        ] GC(10) PSYoungGen: 1385473K(1572864K)->316611K(1602560K) Eden: 1077248K(1077248K)->0K(1107968K) From: 308225K(495616K)->316611K(494592K)
[29.488s][info ][gc,heap        ] GC(10) ParOldGen: 6444K(18432K)->6460K(18432K)
[29.488s][info ][gc,metaspace   ] GC(10) Metaspace: 80693K(81600K)->80693K(81600K) NonClass: 68823K(69312K)->68823K(69312K) Class: 11869K(12288K)->11869K(12288K)
[29.488s][info ][gc             ] GC(10) Pause Young (Allocation Failure) 1359M->315M(1583M) 114.270ms
[29.488s][info ][gc,cpu         ] GC(10) User=0.38s Sys=0.00s Real=0.11s
[29.488s][info ][safepoint      ] Safepoint "ParallelGCFailedAllocation", Time since last: 224361222 ns, Reaching safepoint: 82800 ns, Cleanup: 66600 ns, At safepoint: 114364515 ns, Total: 114513915 ns
[30.488s][info ][safepoint      ] Safepoint "Cleanup", Time since last: 1000086181 ns, Reaching safepoint: 6900 ns, Cleanup: 104800 ns, At safepoint: 8100 ns, Total: 119800 ns
[31.489s][info ][safepoint      ] Safepoint "Cleanup", Time since last: 1000123982 ns, Reaching safepoint: 71500 ns, Cleanup: 93900 ns, At safepoint: 6100 ns, Total: 171500 ns
[32.540s][info ][safepoint      ] Safepoint "Cleanup", Time since last: 1051017777 ns, Reaching safepoint: 72100 ns, Cleanup: 148100 ns, At safepoint: 8700 ns, Total: 228900 ns
[33.540s][info ][safepoint      ] Safepoint "Cleanup", Time since last: 1000125388 ns, Reaching safepoint: 7400 ns, Cleanup: 112400 ns, At safepoint: 5400 ns, Total: 125200 ns
[34.540s][info ][safepoint      ] Safepoint "Cleanup", Time since last: 1000114701 ns, Reaching safepoint: 64500 ns, Cleanup: 70400 ns, At safepoint: 6100 ns, Total: 141000 ns
[34.862s][info ][safepoint      ] Safepoint "ICBufferFull", Time since last: 321506344 ns, Reaching safepoint: 4300 ns, Cleanup: 177100 ns, At safepoint: 9200 ns, Total: 190600 ns
[35.374s][info ][safepoint      ] Safepoint "ICBufferFull", Time since last: 511580824 ns, Reaching safepoint: 5200 ns, Cleanup: 191000 ns, At safepoint: 3300 ns, Total: 199500 ns
[35.541s][info ][safepoint      ] Safepoint "ICBufferFull", Time since last: 166556233 ns, Reaching safepoint: 78000 ns, Cleanup: 193501 ns, At safepoint: 4900 ns, Total: 276401 ns
[35.845s][info ][safepoint      ] Safepoint "ICBufferFull", Time since last: 303975108 ns, Reaching safepoint: 3700 ns, Cleanup: 184900 ns, At safepoint: 2200 ns, Total: 190800 ns
[36.348s][info ][safepoint      ] Safepoint "ParallelGCFailedAllocation", Time since last: 502694306 ns, Reaching safepoint: 3900 ns, Cleanup: 117000 ns, At safepoint: 9100 ns, Total: 130000 ns
[36.348s][info ][gc,start       ] GC(11) Pause Young (GCLocker Initiated GC)
[36.521s][debug][gc,phases      ] GC(11) Scavenge 172.988ms
[36.521s][debug][gc,ref         ] GC(11) Skipped phase 1 of Reference Processing: no references
[36.521s][debug][gc,ref         ] GC(11) ReferenceProcessor::execute queues: 4, RefProcThreadModel::Multi, marks_oops_alive: false
[36.521s][debug][gc,ref         ] GC(11) Skipped phase 3 of Reference Processing: no references
[36.521s][debug][gc,ref         ] GC(11) ReferenceProcessor::execute queues: 1, RefProcThreadModel::Single, marks_oops_alive: false
[36.521s][debug][gc,phases      ] GC(11) Reference Processing 0.531ms
[36.522s][debug][gc,phases      ] GC(11)   VM Weak                        Min:  0.0, Avg:  0.0, Max:  0.0, Diff:  0.0, Sum:  0.0, Workers: 4
[36.522s][debug][gc,phases      ] GC(11)     Dead                           Min: 0, Avg:  0.0, Max: 0, Diff: 0, Sum: 0, Workers: 4
[36.522s][debug][gc,phases      ] GC(11)     Total                          Min: 128, Avg: 192.2, Max: 320, Diff: 192, Sum: 769, Workers: 4
[36.522s][debug][gc,phases      ] GC(11)   ObjectSynchronizer Weak        Min:  0.0, Avg:  0.0, Max:  0.0, Diff:  0.0, Sum:  0.0, Workers: 4
[36.522s][debug][gc,phases      ] GC(11)     Dead                           Min: 0, Avg:  1.0, Max: 2, Diff: 2, Sum: 4, Workers: 4
[36.522s][debug][gc,phases      ] GC(11)     Total                          Min: 0, Avg: 16.8, Max: 64, Diff: 64, Sum: 67, Workers: 4
[36.522s][debug][gc,phases      ] GC(11)   JVMTI Tag Weak OopStorage      Min:  0.0, Avg:  0.0, Max:  0.0, Diff:  0.0, Sum:  0.0, Workers: 4
[36.522s][debug][gc,phases      ] GC(11)     Dead                           Min: 0, Avg:  0.0, Max: 0, Diff: 0, Sum: 0, Workers: 4
[36.522s][debug][gc,phases      ] GC(11)     Total                          Min: 0, Avg:  0.0, Max: 0, Diff: 0, Sum: 0, Workers: 4
[36.522s][debug][gc,phases      ] GC(11)   StringTable Weak               Min:  0.3, Avg:  0.3, Max:  0.3, Diff:  0.0, Sum:  1.1, Workers: 4
[36.522s][debug][gc,phases      ] GC(11)     Dead                           Min: 0, Avg:  1.2, Max: 3, Diff: 3, Sum: 5, Workers: 4
[36.522s][debug][gc,phases      ] GC(11)     Total                          Min: 10111, Avg: 10744.2, Max: 11583, Diff: 1472, Sum: 42977, Workers: 4
[36.522s][debug][gc,phases      ] GC(11)   ResolvedMethodTable Weak       Min:  0.1, Avg:  0.1, Max:  0.1, Diff:  0.0, Sum:  0.3, Workers: 4
[36.522s][debug][gc,phases      ] GC(11)     Dead                           Min: 0, Avg:  0.0, Max: 0, Diff: 0, Sum: 0, Workers: 4
[36.522s][debug][gc,phases      ] GC(11)     Total                          Min: 2011, Avg: 2438.8, Max: 2688, Diff: 677, Sum: 9755, Workers: 4
[36.522s][debug][gc,phases      ] GC(11)   JNI Weak                       Min:  0.0, Avg:  0.0, Max:  0.0, Diff:  0.0, Sum:  0.0, Workers: 4
[36.522s][debug][gc,phases      ] GC(11)     Dead                           Min: 0, Avg:  0.0, Max: 0, Diff: 0, Sum: 0, Workers: 4
[36.522s][debug][gc,phases      ] GC(11)     Total                          Min: 0, Avg: 26.5, Max: 57, Diff: 57, Sum: 106, Workers: 4
[36.522s][debug][gc,phases      ] GC(11)   StringDedup Table Weak         Min:  0.0, Avg:  0.0, Max:  0.0, Diff:  0.0, Sum:  0.0, Workers: 4
[36.522s][debug][gc,phases      ] GC(11)     Dead                           Min: 0, Avg:  0.0, Max: 0, Diff: 0, Sum: 0, Workers: 4
[36.522s][debug][gc,phases      ] GC(11)     Total                          Min: 0, Avg:  0.0, Max: 0, Diff: 0, Sum: 0, Workers: 4
[36.522s][debug][gc,phases      ] GC(11)   StringDedup Requests0 Weak     Min:  0.0, Avg:  0.0, Max:  0.0, Diff:  0.0, Sum:  0.0, Workers: 4
[36.522s][debug][gc,phases      ] GC(11)     Dead                           Min: 0, Avg:  0.0, Max: 0, Diff: 0, Sum: 0, Workers: 4
[36.522s][debug][gc,phases      ] GC(11)     Total                          Min: 0, Avg:  0.0, Max: 0, Diff: 0, Sum: 0, Workers: 4
[36.522s][debug][gc,phases      ] GC(11)   StringDedup Requests1 Weak     Min:  0.0, Avg:  0.0, Max:  0.0, Diff:  0.0, Sum:  0.0, Workers: 4
[36.522s][debug][gc,phases      ] GC(11)     Dead                           Min: 0, Avg:  0.0, Max: 0, Diff: 0, Sum: 0, Workers: 4
[36.522s][debug][gc,phases      ] GC(11)     Total                          Min: 0, Avg:  0.0, Max: 0, Diff: 0, Sum: 0, Workers: 4
[36.522s][debug][gc,phases      ] GC(11)   Weak JFR Old Object Samples    Min:  0.0, Avg:  0.0, Max:  0.0, Diff:  0.0, Sum:  0.0, Workers: 4
[36.522s][debug][gc,phases      ] GC(11)     Dead                           Min: 0, Avg:  0.0, Max: 0, Diff: 0, Sum: 0, Workers: 4
[36.522s][debug][gc,phases      ] GC(11)     Total                          Min: 0, Avg:  0.0, Max: 0, Diff: 0, Sum: 0, Workers: 4
[36.522s][debug][gc,phases      ] GC(11) Weak Processing 0.542ms
[36.522s][debug][gc,age         ] GC(11) Desired survivor size 511180800 bytes, new threshold 11 (max threshold 15)
[36.522s][info ][gc,heap        ] GC(11) PSYoungGen: 1424579K(1602560K)->333524K(1440768K) Eden: 1107968K(1107968K)->0K(1106944K) From: 316611K(494592K)->333524K(333824K)
[36.522s][info ][gc,heap        ] GC(11) ParOldGen: 6463K(18432K)->6471K(18432K)
[36.522s][info ][gc,metaspace   ] GC(11) Metaspace: 81431K(82432K)->81431K(82432K) NonClass: 69464K(70016K)->69464K(70016K) Class: 11966K(12416K)->11966K(12416K)
[36.522s][info ][gc             ] GC(11) Pause Young (GCLocker Initiated GC) 1397M->332M(1425M) 174.163ms
[36.522s][info ][gc,cpu         ] GC(11) User=0.60s Sys=0.04s Real=0.18s
[36.522s][info ][safepoint      ] Safepoint "ParallelGCSystemGC", Time since last: 57700 ns, Reaching safepoint: 1400 ns, Cleanup: 12200 ns, At safepoint: 174241349 ns, Total: 174254949 ns
[37.522s][info ][safepoint      ] Safepoint "Cleanup", Time since last: 1000054001 ns, Reaching safepoint: 5400 ns, Cleanup: 97900 ns, At safepoint: 5300 ns, Total: 108600 ns
[38.522s][info ][safepoint      ] Safepoint "Cleanup", Time since last: 1000099001 ns, Reaching safepoint: 4200 ns, Cleanup: 89400 ns, At safepoint: 2400 ns, Total: 96000 ns
[39.523s][info ][safepoint      ] Safepoint "Cleanup", Time since last: 1000105201 ns, Reaching safepoint: 26800 ns, Cleanup: 98600 ns, At safepoint: 11900 ns, Total: 137300 ns
[40.171s][info ][safepoint      ] Safepoint "ICBufferFull", Time since last: 648084697 ns, Reaching safepoint: 75500 ns, Cleanup: 173900 ns, At safepoint: 7500 ns, Total: 256900 ns
[41.171s][info ][safepoint      ] Safepoint "Cleanup", Time since last: 1000102151 ns, Reaching safepoint: 5700 ns, Cleanup: 156900 ns, At safepoint: 8900 ns, Total: 171500 ns
[41.547s][info ][safepoint      ] Safepoint "ICBufferFull", Time since last: 375717141 ns, Reaching safepoint: 5000 ns, Cleanup: 176301 ns, At safepoint: 3600 ns, Total: 184901 ns
[42.189s][info ][gc,start       ] GC(12) Pause Young (Allocation Failure)
[42.311s][debug][gc,phases      ] GC(12) Scavenge 121.852ms
[42.311s][debug][gc,ref         ] GC(12) Skipped phase 1 of Reference Processing: no references
[42.311s][debug][gc,ref         ] GC(12) ReferenceProcessor::execute queues: 4, RefProcThreadModel::Multi, marks_oops_alive: false
[42.312s][debug][gc,ref         ] GC(12) Skipped phase 3 of Reference Processing: no references
[42.312s][debug][gc,ref         ] GC(12) ReferenceProcessor::execute queues: 1, RefProcThreadModel::Single, marks_oops_alive: false
[42.312s][debug][gc,phases      ] GC(12) Reference Processing 0.545ms
[42.312s][debug][gc,phases      ] GC(12)   VM Weak                        Min:  0.0, Avg:  0.0, Max:  0.0, Diff:  0.0, Sum:  0.0, Workers: 4
[42.312s][debug][gc,phases      ] GC(12)     Dead                           Min: 0, Avg:  0.0, Max: 0, Diff: 0, Sum: 0, Workers: 4
[42.312s][debug][gc,phases      ] GC(12)     Total                          Min: 0, Avg: 212.2, Max: 576, Diff: 576, Sum: 849, Workers: 4
[42.312s][debug][gc,phases      ] GC(12)   ObjectSynchronizer Weak        Min:  0.0, Avg:  0.0, Max:  0.0, Diff:  0.0, Sum:  0.0, Workers: 4
[42.312s][debug][gc,phases      ] GC(12)     Dead                           Min: 0, Avg:  0.0, Max: 0, Diff: 0, Sum: 0, Workers: 4
[42.312s][debug][gc,phases      ] GC(12)     Total                          Min: 0, Avg: 17.0, Max: 64, Diff: 64, Sum: 68, Workers: 4
[42.312s][debug][gc,phases      ] GC(12)   JVMTI Tag Weak OopStorage      Min:  0.0, Avg:  0.0, Max:  0.0, Diff:  0.0, Sum:  0.0, Workers: 4
[42.312s][debug][gc,phases      ] GC(12)     Dead                           Min: 0, Avg:  0.0, Max: 0, Diff: 0, Sum: 0, Workers: 4
[42.312s][debug][gc,phases      ] GC(12)     Total                          Min: 0, Avg:  0.0, Max: 0, Diff: 0, Sum: 0, Workers: 4
[42.312s][debug][gc,phases      ] GC(12)   StringTable Weak               Min:  0.0, Avg:  0.2, Max:  0.3, Diff:  0.3, Sum:  0.9, Workers: 4
[42.312s][debug][gc,phases      ] GC(12)     Dead                           Min: 0, Avg:  1.0, Max: 3, Diff: 3, Sum: 4, Workers: 4
[42.312s][debug][gc,phases      ] GC(12)     Total                          Min: 0, Avg: 10945.5, Max: 18822, Diff: 18822, Sum: 43782, Workers: 4
[42.312s][debug][gc,phases      ] GC(12)   ResolvedMethodTable Weak       Min:  0.0, Avg:  0.1, Max:  0.1, Diff:  0.1, Sum:  0.3, Workers: 4
[42.312s][debug][gc,phases      ] GC(12)     Dead                           Min: 0, Avg:  4.0, Max: 15, Diff: 15, Sum: 16, Workers: 4
[42.312s][debug][gc,phases      ] GC(12)     Total                          Min: 0, Avg: 2538.2, Max: 4608, Diff: 4608, Sum: 10153, Workers: 4
[42.312s][debug][gc,phases      ] GC(12)   JNI Weak                       Min:  0.0, Avg:  0.0, Max:  0.0, Diff:  0.0, Sum:  0.0, Workers: 4
[42.312s][debug][gc,phases      ] GC(12)     Dead                           Min: 0, Avg:  0.0, Max: 0, Diff: 0, Sum: 0, Workers: 4
[42.312s][debug][gc,phases      ] GC(12)     Total                          Min: 0, Avg: 11.2, Max: 45, Diff: 45, Sum: 45, Workers: 4
[42.312s][debug][gc,phases      ] GC(12)   StringDedup Table Weak         Min:  0.0, Avg:  0.0, Max:  0.0, Diff:  0.0, Sum:  0.0, Workers: 4
[42.312s][debug][gc,phases      ] GC(12)     Dead                           Min: 0, Avg:  0.0, Max: 0, Diff: 0, Sum: 0, Workers: 4
[42.312s][debug][gc,phases      ] GC(12)     Total                          Min: 0, Avg:  0.0, Max: 0, Diff: 0, Sum: 0, Workers: 4
[42.312s][debug][gc,phases      ] GC(12)   StringDedup Requests0 Weak     Min:  0.0, Avg:  0.0, Max:  0.0, Diff:  0.0, Sum:  0.0, Workers: 4
[42.312s][debug][gc,phases      ] GC(12)     Dead                           Min: 0, Avg:  0.0, Max: 0, Diff: 0, Sum: 0, Workers: 4
[42.312s][debug][gc,phases      ] GC(12)     Total                          Min: 0, Avg:  0.0, Max: 0, Diff: 0, Sum: 0, Workers: 4
[42.312s][debug][gc,phases      ] GC(12)   StringDedup Requests1 Weak     Min:  0.0, Avg:  0.0, Max:  0.0, Diff:  0.0, Sum:  0.0, Workers: 4
[42.312s][debug][gc,phases      ] GC(12)     Dead                           Min: 0, Avg:  0.0, Max: 0, Diff: 0, Sum: 0, Workers: 4
[42.312s][debug][gc,phases      ] GC(12)     Total                          Min: 0, Avg:  0.0, Max: 0, Diff: 0, Sum: 0, Workers: 4
[42.312s][debug][gc,phases      ] GC(12)   Weak JFR Old Object Samples    Min:  0.0, Avg:  0.0, Max:  0.0, Diff:  0.0, Sum:  0.0, Workers: 4
[42.312s][debug][gc,phases      ] GC(12)     Dead                           Min: 0, Avg:  0.0, Max: 0, Diff: 0, Sum: 0, Workers: 4
[42.312s][debug][gc,phases      ] GC(12)     Total                          Min: 0, Avg:  0.0, Max: 0, Diff: 0, Sum: 0, Workers: 4
[42.312s][debug][gc,phases      ] GC(12) Weak Processing 0.565ms
[42.312s][debug][gc,age         ] GC(12) Desired survivor size 515375104 bytes, new threshold 12 (max threshold 15)
[42.312s][info ][gc,heap        ] GC(12) PSYoungGen: 1440468K(1440768K)->340163K(1589760K) Eden: 1106944K(1106944K)->0K(1090560K) From: 333524K(333824K)->340163K(499200K)
[42.312s][info ][gc,heap        ] GC(12) ParOldGen: 6473K(18432K)->6481K(18432K)
[42.312s][info ][gc,metaspace   ] GC(12) Metaspace: 82537K(83520K)->82537K(83520K) NonClass: 70390K(70912K)->70390K(70912K) Class: 12146K(12608K)->12146K(12608K)
[42.312s][info ][gc             ] GC(12) Pause Young (Allocation Failure) 1413M->338M(1570M) 123.080ms
[42.312s][info ][gc,cpu         ] GC(12) User=0.44s Sys=0.00s Real=0.12s
[42.312s][info ][safepoint      ] Safepoint "ParallelGCFailedAllocation", Time since last: 641832195 ns, Reaching safepoint: 3600 ns, Cleanup: 157700 ns, At safepoint: 123161011 ns, Total: 123322311 ns
[42.972s][info ][safepoint      ] Safepoint "ICBufferFull", Time since last: 659493925 ns, Reaching safepoint: 5300 ns, Cleanup: 237101 ns, At safepoint: 7400 ns, Total: 249801 ns
[43.972s][info ][safepoint      ] Safepoint "Cleanup", Time since last: 1000110307 ns, Reaching safepoint: 4000 ns, Cleanup: 142000 ns, At safepoint: 3200 ns, Total: 149200 ns
[44.973s][info ][safepoint      ] Safepoint "Cleanup", Time since last: 1000102607 ns, Reaching safepoint: 4200 ns, Cleanup: 83600 ns, At safepoint: 4800 ns, Total: 92600 ns
[45.973s][info ][safepoint      ] Safepoint "Cleanup", Time since last: 1000104607 ns, Reaching safepoint: 3900 ns, Cleanup: 111500 ns, At safepoint: 2300 ns, Total: 117700 ns
[46.973s][info ][safepoint      ] Safepoint "Cleanup", Time since last: 1000112907 ns, Reaching safepoint: 5200 ns, Cleanup: 69100 ns, At safepoint: 2600 ns, Total: 76900 ns
[47.973s][info ][safepoint      ] Safepoint "Cleanup", Time since last: 1000101507 ns, Reaching safepoint: 5100 ns, Cleanup: 65200 ns, At safepoint: 6000 ns, Total: 76300 ns
[49.042s][info ][gc,start       ] GC(13) Pause Young (Allocation Failure)
[49.158s][debug][gc,phases      ] GC(13) Scavenge 115.414ms
[49.158s][debug][gc,ref         ] GC(13) Skipped phase 1 of Reference Processing: no references
[49.158s][debug][gc,ref         ] GC(13) ReferenceProcessor::execute queues: 4, RefProcThreadModel::Multi, marks_oops_alive: false
[49.158s][debug][gc,ref         ] GC(13) Skipped phase 3 of Reference Processing: no references
[49.158s][debug][gc,ref         ] GC(13) ReferenceProcessor::execute queues: 1, RefProcThreadModel::Single, marks_oops_alive: false
[49.158s][debug][gc,phases      ] GC(13) Reference Processing 0.722ms
[49.159s][debug][gc,phases      ] GC(13)   VM Weak                        Min:  0.0, Avg:  0.0, Max:  0.0, Diff:  0.0, Sum:  0.0, Workers: 4
[49.159s][debug][gc,phases      ] GC(13)     Dead                           Min: 0, Avg:  0.0, Max: 0, Diff: 0, Sum: 0, Workers: 4
[49.159s][debug][gc,phases      ] GC(13)     Total                          Min: 0, Avg: 213.8, Max: 448, Diff: 448, Sum: 855, Workers: 4
[49.159s][debug][gc,phases      ] GC(13)   ObjectSynchronizer Weak        Min:  0.0, Avg:  0.0, Max:  0.0, Diff:  0.0, Sum:  0.0, Workers: 4
[49.159s][debug][gc,phases      ] GC(13)     Dead                           Min: 0, Avg:  0.0, Max: 0, Diff: 0, Sum: 0, Workers: 4
[49.159s][debug][gc,phases      ] GC(13)     Total                          Min: 0, Avg: 17.0, Max: 64, Diff: 64, Sum: 68, Workers: 4
[49.159s][debug][gc,phases      ] GC(13)   JVMTI Tag Weak OopStorage      Min:  0.0, Avg:  0.0, Max:  0.0, Diff:  0.0, Sum:  0.0, Workers: 4
[49.159s][debug][gc,phases      ] GC(13)     Dead                           Min: 0, Avg:  0.0, Max: 0, Diff: 0, Sum: 0, Workers: 4
[49.159s][debug][gc,phases      ] GC(13)     Total                          Min: 0, Avg:  0.0, Max: 0, Diff: 0, Sum: 0, Workers: 4
[49.159s][debug][gc,phases      ] GC(13)   StringTable Weak               Min:  0.0, Avg:  0.3, Max:  0.4, Diff:  0.4, Sum:  1.1, Workers: 4
[49.159s][debug][gc,phases      ] GC(13)     Dead                           Min: 0, Avg:  0.2, Max: 1, Diff: 1, Sum: 1, Workers: 4
[49.159s][debug][gc,phases      ] GC(13)     Total                          Min: 0, Avg: 10963.0, Max: 14784, Diff: 14784, Sum: 43852, Workers: 4
[49.159s][debug][gc,phases      ] GC(13)   ResolvedMethodTable Weak       Min:  0.0, Avg:  0.1, Max:  0.1, Diff:  0.1, Sum:  0.3, Workers: 4
[49.159s][debug][gc,phases      ] GC(13)     Dead                           Min: 0, Avg:  0.0, Max: 0, Diff: 0, Sum: 0, Workers: 4
[49.159s][debug][gc,phases      ] GC(13)     Total                          Min: 0, Avg: 2547.2, Max: 3520, Diff: 3520, Sum: 10189, Workers: 4
[49.159s][debug][gc,phases      ] GC(13)   JNI Weak                       Min:  0.0, Avg:  0.0, Max:  0.0, Diff:  0.0, Sum:  0.0, Workers: 4
[49.159s][debug][gc,phases      ] GC(13)     Dead                           Min: 0, Avg:  0.0, Max: 0, Diff: 0, Sum: 0, Workers: 4
[49.159s][debug][gc,phases      ] GC(13)     Total                          Min: 0, Avg: 11.2, Max: 45, Diff: 45, Sum: 45, Workers: 4
[49.159s][debug][gc,phases      ] GC(13)   StringDedup Table Weak         Min:  0.0, Avg:  0.0, Max:  0.0, Diff:  0.0, Sum:  0.0, Workers: 4
[49.159s][debug][gc,phases      ] GC(13)     Dead                           Min: 0, Avg:  0.0, Max: 0, Diff: 0, Sum: 0, Workers: 4
[49.159s][debug][gc,phases      ] GC(13)     Total                          Min: 0, Avg:  0.0, Max: 0, Diff: 0, Sum: 0, Workers: 4
[49.159s][debug][gc,phases      ] GC(13)   StringDedup Requests0 Weak     Min:  0.0, Avg:  0.0, Max:  0.0, Diff:  0.0, Sum:  0.0, Workers: 4
[49.159s][debug][gc,phases      ] GC(13)     Dead                           Min: 0, Avg:  0.0, Max: 0, Diff: 0, Sum: 0, Workers: 4
[49.159s][debug][gc,phases      ] GC(13)     Total                          Min: 0, Avg:  0.0, Max: 0, Diff: 0, Sum: 0, Workers: 4
[49.159s][debug][gc,phases      ] GC(13)   StringDedup Requests1 Weak     Min:  0.0, Avg:  0.0, Max:  0.0, Diff:  0.0, Sum:  0.0, Workers: 4
[49.159s][debug][gc,phases      ] GC(13)     Dead                           Min: 0, Avg:  0.0, Max: 0, Diff: 0, Sum: 0, Workers: 4
[49.159s][debug][gc,phases      ] GC(13)     Total                          Min: 0, Avg:  0.0, Max: 0, Diff: 0, Sum: 0, Workers: 4
[49.159s][debug][gc,phases      ] GC(13)   Weak JFR Old Object Samples    Min:  0.0, Avg:  0.0, Max:  0.0, Diff:  0.0, Sum:  0.0, Workers: 4
[49.159s][debug][gc,phases      ] GC(13)     Dead                           Min: 0, Avg:  0.0, Max: 0, Diff: 0, Sum: 0, Workers: 4
[49.159s][debug][gc,phases      ] GC(13)     Total                          Min: 0, Avg:  0.0, Max: 0, Diff: 0, Sum: 0, Workers: 4
[49.159s][debug][gc,phases      ] GC(13) Weak Processing 0.670ms
[49.159s][debug][gc,age         ] GC(13) Desired survivor size 516947968 bytes, new threshold 13 (max threshold 15)
[49.159s][info ][gc,heap        ] GC(13) PSYoungGen: 1430723K(1589760K)->340317K(1431040K) Eden: 1090560K(1090560K)->0K(1090560K) From: 340163K(499200K)->340317K(340480K)
[49.159s][info ][gc,heap        ] GC(13) ParOldGen: 6481K(18432K)->6489K(18432K)
[49.159s][info ][gc,metaspace   ] GC(13) Metaspace: 82710K(83840K)->82710K(83840K) NonClass: 70543K(71168K)->70543K(71168K) Class: 12166K(12672K)->12166K(12672K)
[49.159s][info ][gc             ] GC(13) Pause Young (Allocation Failure) 1403M->338M(1415M) 116.949ms
[49.159s][info ][gc,cpu         ] GC(13) User=0.42s Sys=0.00s Real=0.11s
[49.159s][info ][safepoint      ] Safepoint "ParallelGCFailedAllocation", Time since last: 1068783779 ns, Reaching safepoint: 73800 ns, Cleanup: 125000 ns, At safepoint: 117028086 ns, Total: 117226886 ns
[50.250s][info ][safepoint      ] Safepoint "Cleanup", Time since last: 1090839329 ns, Reaching safepoint: 3700 ns, Cleanup: 182101 ns, At safepoint: 4800 ns, Total: 190601 ns
[51.250s][info ][safepoint      ] Safepoint "Cleanup", Time since last: 1000100885 ns, Reaching safepoint: 4600 ns, Cleanup: 60200 ns, At safepoint: 7700 ns, Total: 72500 ns
[52.251s][info ][safepoint      ] Safepoint "Cleanup", Time since last: 1000122086 ns, Reaching safepoint: 3500 ns, Cleanup: 60000 ns, At safepoint: 3900 ns, Total: 67400 ns
[53.251s][info ][safepoint      ] Safepoint "Cleanup", Time since last: 1000096086 ns, Reaching safepoint: 3600 ns, Cleanup: 63400 ns, At safepoint: 5700 ns, Total: 72700 ns
[54.251s][info ][safepoint      ] Safepoint "Cleanup", Time since last: 1000102186 ns, Reaching safepoint: 118900 ns, Cleanup: 49900 ns, At safepoint: 8600 ns, Total: 177400 ns
[55.251s][info ][safepoint      ] Safepoint "Cleanup", Time since last: 1000104885 ns, Reaching safepoint: 3600 ns, Cleanup: 46701 ns, At safepoint: 2200 ns, Total: 52501 ns
[55.891s][info ][gc,start       ] GC(14) Pause Young (Allocation Failure)
[56.006s][debug][gc,phases      ] GC(14) Scavenge 114.646ms
[56.006s][debug][gc,ref         ] GC(14) Skipped phase 1 of Reference Processing: no references
[56.006s][debug][gc,ref         ] GC(14) ReferenceProcessor::execute queues: 4, RefProcThreadModel::Multi, marks_oops_alive: false
[56.007s][debug][gc,ref         ] GC(14) Skipped phase 3 of Reference Processing: no references
[56.007s][debug][gc,ref         ] GC(14) ReferenceProcessor::execute queues: 1, RefProcThreadModel::Single, marks_oops_alive: false
[56.007s][debug][gc,phases      ] GC(14) Reference Processing 0.719ms
[56.007s][debug][gc,phases      ] GC(14)   VM Weak                        Min:  0.0, Avg:  0.0, Max:  0.0, Diff:  0.0, Sum:  0.0, Workers: 4
[56.007s][debug][gc,phases      ] GC(14)     Dead                           Min: 0, Avg:  0.0, Max: 0, Diff: 0, Sum: 0, Workers: 4
[56.007s][debug][gc,phases      ] GC(14)     Total                          Min: 0, Avg: 214.0, Max: 640, Diff: 640, Sum: 856, Workers: 4
[56.007s][debug][gc,phases      ] GC(14)   ObjectSynchronizer Weak        Min:  0.0, Avg:  0.0, Max:  0.0, Diff:  0.0, Sum:  0.0, Workers: 4
[56.007s][debug][gc,phases      ] GC(14)     Dead                           Min: 0, Avg:  0.0, Max: 0, Diff: 0, Sum: 0, Workers: 4
[56.007s][debug][gc,phases      ] GC(14)     Total                          Min: 0, Avg: 17.0, Max: 64, Diff: 64, Sum: 68, Workers: 4
[56.007s][debug][gc,phases      ] GC(14)   JVMTI Tag Weak OopStorage      Min:  0.0, Avg:  0.0, Max:  0.0, Diff:  0.0, Sum:  0.0, Workers: 4
[56.007s][debug][gc,phases      ] GC(14)     Dead                           Min: 0, Avg:  0.0, Max: 0, Diff: 0, Sum: 0, Workers: 4
[56.007s][debug][gc,phases      ] GC(14)     Total                          Min: 0, Avg:  0.0, Max: 0, Diff: 0, Sum: 0, Workers: 4
[56.007s][debug][gc,phases      ] GC(14)   StringTable Weak               Min:  0.0, Avg:  0.2, Max:  0.4, Diff:  0.4, Sum:  0.9, Workers: 4
[56.007s][debug][gc,phases      ] GC(14)     Dead                           Min: 0, Avg:  0.5, Max: 2, Diff: 2, Sum: 2, Workers: 4
[56.007s][debug][gc,phases      ] GC(14)     Total                          Min: 0, Avg: 10973.8, Max: 26743, Diff: 26743, Sum: 43895, Workers: 4
[56.007s][debug][gc,phases      ] GC(14)   ResolvedMethodTable Weak       Min:  0.0, Avg:  0.1, Max:  0.1, Diff:  0.1, Sum:  0.2, Workers: 4
[56.007s][debug][gc,phases      ] GC(14)     Dead                           Min: 0, Avg:  4.0, Max: 16, Diff: 16, Sum: 16, Workers: 4
[56.007s][debug][gc,phases      ] GC(14)     Total                          Min: 0, Avg: 2554.0, Max: 6376, Diff: 6376, Sum: 10216, Workers: 4
[56.008s][debug][gc,phases      ] GC(14)   JNI Weak                       Min:  0.0, Avg:  0.0, Max:  0.0, Diff:  0.0, Sum:  0.0, Workers: 4
[56.008s][debug][gc,phases      ] GC(14)     Dead                           Min: 0, Avg:  0.0, Max: 0, Diff: 0, Sum: 0, Workers: 4
[56.008s][debug][gc,phases      ] GC(14)     Total                          Min: 0, Avg: 11.2, Max: 45, Diff: 45, Sum: 45, Workers: 4
[56.008s][debug][gc,phases      ] GC(14)   StringDedup Table Weak         Min:  0.0, Avg:  0.0, Max:  0.0, Diff:  0.0, Sum:  0.0, Workers: 4
[56.008s][debug][gc,phases      ] GC(14)     Dead                           Min: 0, Avg:  0.0, Max: 0, Diff: 0, Sum: 0, Workers: 4
[56.008s][debug][gc,phases      ] GC(14)     Total                          Min: 0, Avg:  0.0, Max: 0, Diff: 0, Sum: 0, Workers: 4
[56.008s][debug][gc,phases      ] GC(14)   StringDedup Requests0 Weak     Min:  0.0, Avg:  0.0, Max:  0.0, Diff:  0.0, Sum:  0.0, Workers: 4
[56.008s][debug][gc,phases      ] GC(14)     Dead                           Min: 0, Avg:  0.0, Max: 0, Diff: 0, Sum: 0, Workers: 4
[56.008s][debug][gc,phases      ] GC(14)     Total                          Min: 0, Avg:  0.0, Max: 0, Diff: 0, Sum: 0, Workers: 4
[56.008s][debug][gc,phases      ] GC(14)   StringDedup Requests1 Weak     Min:  0.0, Avg:  0.0, Max:  0.0, Diff:  0.0, Sum:  0.0, Workers: 4
[56.008s][debug][gc,phases      ] GC(14)     Dead                           Min: 0, Avg:  0.0, Max: 0, Diff: 0, Sum: 0, Workers: 4
[56.008s][debug][gc,phases      ] GC(14)     Total                          Min: 0, Avg:  0.0, Max: 0, Diff: 0, Sum: 0, Workers: 4
[56.008s][debug][gc,phases      ] GC(14)   Weak JFR Old Object Samples    Min:  0.0, Avg:  0.0, Max:  0.0, Diff:  0.0, Sum:  0.0, Workers: 4
[56.008s][debug][gc,phases      ] GC(14)     Dead                           Min: 0, Avg:  0.0, Max: 0, Diff: 0, Sum: 0, Workers: 4
[56.008s][debug][gc,phases      ] GC(14)     Total                          Min: 0, Avg:  0.0, Max: 0, Diff: 0, Sum: 0, Workers: 4
[56.008s][debug][gc,phases      ] GC(14) Weak Processing 0.721ms
[56.008s][debug][gc,age         ] GC(14) Desired survivor size 516423680 bytes, new threshold 14 (max threshold 15)
[56.008s][info ][gc,heap        ] GC(14) PSYoungGen: 1430877K(1431040K)->340462K(1592832K) Eden: 1090560K(1090560K)->0K(1088000K) From: 340317K(340480K)->340462K(504832K)
[56.008s][info ][gc,heap        ] GC(14) ParOldGen: 6489K(18432K)->6497K(18432K)
[56.008s][info ][gc,metaspace   ] GC(14) Metaspace: 82793K(83904K)->82793K(83904K) NonClass: 70616K(71232K)->70616K(71232K) Class: 12177K(12672K)->12177K(12672K)
[56.008s][info ][gc             ] GC(14) Pause Young (Allocation Failure) 1403M->338M(1573M) 116.205ms
[56.008s][info ][gc,cpu         ] GC(14) User=0.43s Sys=0.00s Real=0.12s
[56.008s][info ][safepoint      ] Safepoint "ParallelGCFailedAllocation", Time since last: 640112014 ns, Reaching safepoint: 33500 ns, Cleanup: 46001 ns, At safepoint: 116280884 ns, Total: 116360385 ns
[57.008s][info ][safepoint      ] Safepoint "Cleanup", Time since last: 1000080957 ns, Reaching safepoint: 4100 ns, Cleanup: 75300 ns, At safepoint: 5800 ns, Total: 85200 ns
[58.008s][info ][safepoint      ] Safepoint "Cleanup", Time since last: 1000097003 ns, Reaching safepoint: 4000 ns, Cleanup: 64400 ns, At safepoint: 2500 ns, Total: 70900 ns
[59.008s][info ][safepoint      ] Safepoint "Cleanup", Time since last: 1000098102 ns, Reaching safepoint: 4400 ns, Cleanup: 48600 ns, At safepoint: 2200 ns, Total: 55200 ns
[60.008s][info ][safepoint      ] Safepoint "Cleanup", Time since last: 1000070802 ns, Reaching safepoint: 3300 ns, Cleanup: 58700 ns, At safepoint: 2000 ns, Total: 64000 ns
[61.037s][info ][safepoint      ] Safepoint "Cleanup", Time since last: 1028142936 ns, Reaching safepoint: 75800 ns, Cleanup: 61900 ns, At safepoint: 6600 ns, Total: 144300 ns
[62.037s][info ][safepoint      ] Safepoint "Cleanup", Time since last: 1000107102 ns, Reaching safepoint: 76900 ns, Cleanup: 42100 ns, At safepoint: 5700 ns, Total: 124700 ns
[62.595s][info ][gc,start       ] GC(15) Pause Young (Allocation Failure)
[62.710s][debug][gc,phases      ] GC(15) Scavenge 115.608ms
[62.710s][debug][gc,ref         ] GC(15) Skipped phase 1 of Reference Processing: no references
[62.710s][debug][gc,ref         ] GC(15) ReferenceProcessor::execute queues: 4, RefProcThreadModel::Multi, marks_oops_alive: false
[62.711s][debug][gc,ref         ] GC(15) Skipped phase 3 of Reference Processing: no references
[62.711s][debug][gc,ref         ] GC(15) ReferenceProcessor::execute queues: 1, RefProcThreadModel::Single, marks_oops_alive: false
[62.711s][debug][gc,phases      ] GC(15) Reference Processing 0.661ms
[62.711s][debug][gc,phases      ] GC(15)   VM Weak                        Min:  0.0, Avg:  0.0, Max:  0.0, Diff:  0.0, Sum:  0.0, Workers: 4
[62.712s][debug][gc,phases      ] GC(15)     Dead                           Min: 0, Avg:  0.0, Max: 0, Diff: 0, Sum: 0, Workers: 4
[62.712s][debug][gc,phases      ] GC(15)     Total                          Min: 0, Avg: 214.0, Max: 448, Diff: 448, Sum: 856, Workers: 4
[62.712s][debug][gc,phases      ] GC(15)   ObjectSynchronizer Weak        Min:  0.0, Avg:  0.0, Max:  0.0, Diff:  0.0, Sum:  0.0, Workers: 4
[62.712s][debug][gc,phases      ] GC(15)     Dead                           Min: 0, Avg:  0.0, Max: 0, Diff: 0, Sum: 0, Workers: 4
[62.712s][debug][gc,phases      ] GC(15)     Total                          Min: 0, Avg:  1.0, Max: 4, Diff: 4, Sum: 4, Workers: 4
[62.712s][debug][gc,phases      ] GC(15)   JVMTI Tag Weak OopStorage      Min:  0.0, Avg:  0.0, Max:  0.0, Diff:  0.0, Sum:  0.0, Workers: 4
[62.712s][debug][gc,phases      ] GC(15)     Dead                           Min: 0, Avg:  0.0, Max: 0, Diff: 0, Sum: 0, Workers: 4
[62.712s][debug][gc,phases      ] GC(15)     Total                          Min: 0, Avg:  0.0, Max: 0, Diff: 0, Sum: 0, Workers: 4
[62.712s][debug][gc,phases      ] GC(15)   StringTable Weak               Min:  0.0, Avg:  0.3, Max:  0.4, Diff:  0.4, Sum:  1.2, Workers: 4
[62.712s][debug][gc,phases      ] GC(15)     Dead                           Min: 0, Avg:  0.0, Max: 0, Diff: 0, Sum: 0, Workers: 4
[62.712s][debug][gc,phases      ] GC(15)     Total                          Min: 0, Avg: 10990.8, Max: 15163, Diff: 15163, Sum: 43963, Workers: 4
[62.712s][debug][gc,phases      ] GC(15)   ResolvedMethodTable Weak       Min:  0.0, Avg:  0.1, Max:  0.1, Diff:  0.1, Sum:  0.3, Workers: 4
[62.712s][debug][gc,phases      ] GC(15)     Dead                           Min: 0, Avg:  4.5, Max: 12, Diff: 12, Sum: 18, Workers: 4
[62.712s][debug][gc,phases      ] GC(15)     Total                          Min: 0, Avg: 2559.2, Max: 3456, Diff: 3456, Sum: 10237, Workers: 4
[62.712s][debug][gc,phases      ] GC(15)   JNI Weak                       Min:  0.0, Avg:  0.0, Max:  0.0, Diff:  0.0, Sum:  0.0, Workers: 4
[62.712s][debug][gc,phases      ] GC(15)     Dead                           Min: 0, Avg:  0.0, Max: 0, Diff: 0, Sum: 0, Workers: 4
[62.712s][debug][gc,phases      ] GC(15)     Total                          Min: 0, Avg: 11.2, Max: 45, Diff: 45, Sum: 45, Workers: 4
[62.712s][debug][gc,phases      ] GC(15)   StringDedup Table Weak         Min:  0.0, Avg:  0.0, Max:  0.0, Diff:  0.0, Sum:  0.0, Workers: 4
[62.712s][debug][gc,phases      ] GC(15)     Dead                           Min: 0, Avg:  0.0, Max: 0, Diff: 0, Sum: 0, Workers: 4
[62.712s][debug][gc,phases      ] GC(15)     Total                          Min: 0, Avg:  0.0, Max: 0, Diff: 0, Sum: 0, Workers: 4
[62.712s][debug][gc,phases      ] GC(15)   StringDedup Requests0 Weak     Min:  0.0, Avg:  0.0, Max:  0.0, Diff:  0.0, Sum:  0.0, Workers: 4
[62.712s][debug][gc,phases      ] GC(15)     Dead                           Min: 0, Avg:  0.0, Max: 0, Diff: 0, Sum: 0, Workers: 4
[62.712s][debug][gc,phases      ] GC(15)     Total                          Min: 0, Avg:  0.0, Max: 0, Diff: 0, Sum: 0, Workers: 4
[62.712s][debug][gc,phases      ] GC(15)   StringDedup Requests1 Weak     Min:  0.0, Avg:  0.0, Max:  0.0, Diff:  0.0, Sum:  0.0, Workers: 4
[62.712s][debug][gc,phases      ] GC(15)     Dead                           Min: 0, Avg:  0.0, Max: 0, Diff: 0, Sum: 0, Workers: 4
[62.712s][debug][gc,phases      ] GC(15)     Total                          Min: 0, Avg:  0.0, Max: 0, Diff: 0, Sum: 0, Workers: 4
[62.712s][debug][gc,phases      ] GC(15)   Weak JFR Old Object Samples    Min:  0.0, Avg:  0.0, Max:  0.0, Diff:  0.0, Sum:  0.0, Workers: 4
[62.712s][debug][gc,phases      ] GC(15)     Dead                           Min: 0, Avg:  0.0, Max: 0, Diff: 0, Sum: 0, Workers: 4
[62.712s][debug][gc,phases      ] GC(15)     Total                          Min: 0, Avg:  0.0, Max: 0, Diff: 0, Sum: 0, Workers: 4
[62.712s][debug][gc,phases      ] GC(15) Weak Processing 0.679ms
[62.712s][debug][gc,age         ] GC(15) Desired survivor size 514326528 bytes, new threshold 15 (max threshold 15)
[62.712s][info ][gc,heap        ] GC(15) PSYoungGen: 1428462K(1592832K)->340627K(1592320K) Eden: 1088000K(1088000K)->0K(1088000K) From: 340462K(504832K)->340627K(504320K)
[62.712s][info ][gc,heap        ] GC(15) ParOldGen: 6497K(18432K)->6505K(18432K)
[62.712s][info ][gc,metaspace   ] GC(15) Metaspace: 82894K(83968K)->82894K(83968K) NonClass: 70709K(71296K)->70709K(71296K) Class: 12185K(12672K)->12185K(12672K)
[62.712s][info ][gc             ] GC(15) Pause Young (Allocation Failure) 1401M->338M(1573M) 117.079ms
[62.712s][info ][gc,cpu         ] GC(15) User=0.42s Sys=0.01s Real=0.11s
[62.712s][info ][safepoint      ] Safepoint "ParallelGCFailedAllocation", Time since last: 557538571 ns, Reaching safepoint: 71500 ns, Cleanup: 137200 ns, At safepoint: 117152641 ns, Total: 117361341 ns
[63.346s][info ][safepoint      ] Safepoint "ICBufferFull", Time since last: 634020462 ns, Reaching safepoint: 78300 ns, Cleanup: 183700 ns, At safepoint: 12000 ns, Total: 274000 ns
[64.346s][info ][safepoint      ] Safepoint "Cleanup", Time since last: 1000115684 ns, Reaching safepoint: 74900 ns, Cleanup: 132801 ns, At safepoint: 5300 ns, Total: 213001 ns
[65.349s][info ][safepoint      ] Safepoint "Cleanup", Time since last: 1002785398 ns, Reaching safepoint: 5000 ns, Cleanup: 93000 ns, At safepoint: 9900 ns, Total: 107900 ns
[66.349s][info ][safepoint      ] Safepoint "Cleanup", Time since last: 1000099736 ns, Reaching safepoint: 4600 ns, Cleanup: 72700 ns, At safepoint: 3700 ns, Total: 81000 ns
[67.350s][info ][safepoint      ] Safepoint "Cleanup", Time since last: 1000105836 ns, Reaching safepoint: 4100 ns, Cleanup: 62800 ns, At safepoint: 2000 ns, Total: 68900 ns
[68.350s][info ][safepoint      ] Safepoint "Cleanup", Time since last: 1000102236 ns, Reaching safepoint: 3600 ns, Cleanup: 76000 ns, At safepoint: 5200 ns, Total: 84800 ns
[68.543s][info ][gc,start       ] GC(16) Pause Young (Allocation Failure)
[68.664s][debug][gc,phases      ] GC(16) Scavenge 121.549ms
[68.664s][debug][gc,ref         ] GC(16) Skipped phase 1 of Reference Processing: no references
[68.664s][debug][gc,ref         ] GC(16) ReferenceProcessor::execute queues: 4, RefProcThreadModel::Multi, marks_oops_alive: false
[68.665s][debug][gc,ref         ] GC(16) Skipped phase 3 of Reference Processing: no references
[68.665s][debug][gc,ref         ] GC(16) ReferenceProcessor::execute queues: 1, RefProcThreadModel::Single, marks_oops_alive: false
[68.665s][debug][gc,phases      ] GC(16) Reference Processing 0.587ms
[68.665s][debug][gc,phases      ] GC(16)   VM Weak                        Min:  0.0, Avg:  0.0, Max:  0.0, Diff:  0.0, Sum:  0.0, Workers: 4
[68.665s][debug][gc,phases      ] GC(16)     Dead                           Min: 0, Avg:  0.0, Max: 0, Diff: 0, Sum: 0, Workers: 4
[68.665s][debug][gc,phases      ] GC(16)     Total                          Min: 0, Avg: 214.2, Max: 384, Diff: 384, Sum: 857, Workers: 4
[68.665s][debug][gc,phases      ] GC(16)   ObjectSynchronizer Weak        Min:  0.0, Avg:  0.0, Max:  0.0, Diff:  0.0, Sum:  0.0, Workers: 4
[68.665s][debug][gc,phases      ] GC(16)     Dead                           Min: 0, Avg:  0.0, Max: 0, Diff: 0, Sum: 0, Workers: 4
[68.665s][debug][gc,phases      ] GC(16)     Total                          Min: 0, Avg:  1.0, Max: 3, Diff: 3, Sum: 4, Workers: 4
[68.665s][debug][gc,phases      ] GC(16)   JVMTI Tag Weak OopStorage      Min:  0.0, Avg:  0.0, Max:  0.0, Diff:  0.0, Sum:  0.0, Workers: 4
[68.665s][debug][gc,phases      ] GC(16)     Dead                           Min: 0, Avg:  0.0, Max: 0, Diff: 0, Sum: 0, Workers: 4
[68.665s][debug][gc,phases      ] GC(16)     Total                          Min: 0, Avg:  0.0, Max: 0, Diff: 0, Sum: 0, Workers: 4
[68.665s][debug][gc,phases      ] GC(16)   StringTable Weak               Min:  0.0, Avg:  0.3, Max:  0.3, Diff:  0.3, Sum:  1.0, Workers: 4
[68.665s][debug][gc,phases      ] GC(16)     Dead                           Min: 0, Avg:  0.2, Max: 1, Diff: 1, Sum: 1, Workers: 4
[68.665s][debug][gc,phases      ] GC(16)     Total                          Min: 0, Avg: 11012.5, Max: 18834, Diff: 18834, Sum: 44050, Workers: 4
[68.665s][debug][gc,phases      ] GC(16)   ResolvedMethodTable Weak       Min:  0.0, Avg:  0.1, Max:  0.1, Diff:  0.1, Sum:  0.3, Workers: 4
[68.665s][debug][gc,phases      ] GC(16)     Dead                           Min: 0, Avg:  4.5, Max: 13, Diff: 13, Sum: 18, Workers: 4
[68.665s][debug][gc,phases      ] GC(16)     Total                          Min: 0, Avg: 2563.2, Max: 4493, Diff: 4493, Sum: 10253, Workers: 4
[68.665s][debug][gc,phases      ] GC(16)   JNI Weak                       Min:  0.0, Avg:  0.0, Max:  0.0, Diff:  0.0, Sum:  0.0, Workers: 4
[68.665s][debug][gc,phases      ] GC(16)     Dead                           Min: 0, Avg:  0.0, Max: 0, Diff: 0, Sum: 0, Workers: 4
[68.665s][debug][gc,phases      ] GC(16)     Total                          Min: 0, Avg: 11.2, Max: 45, Diff: 45, Sum: 45, Workers: 4
[68.665s][debug][gc,phases      ] GC(16)   StringDedup Table Weak         Min:  0.0, Avg:  0.0, Max:  0.0, Diff:  0.0, Sum:  0.0, Workers: 4
[68.665s][debug][gc,phases      ] GC(16)     Dead                           Min: 0, Avg:  0.0, Max: 0, Diff: 0, Sum: 0, Workers: 4
[68.665s][debug][gc,phases      ] GC(16)     Total                          Min: 0, Avg:  0.0, Max: 0, Diff: 0, Sum: 0, Workers: 4
[68.665s][debug][gc,phases      ] GC(16)   StringDedup Requests0 Weak     Min:  0.0, Avg:  0.0, Max:  0.0, Diff:  0.0, Sum:  0.0, Workers: 4
[68.665s][debug][gc,phases      ] GC(16)     Dead                           Min: 0, Avg:  0.0, Max: 0, Diff: 0, Sum: 0, Workers: 4
[68.665s][debug][gc,phases      ] GC(16)     Total                          Min: 0, Avg:  0.0, Max: 0, Diff: 0, Sum: 0, Workers: 4
[68.665s][debug][gc,phases      ] GC(16)   StringDedup Requests1 Weak     Min:  0.0, Avg:  0.0, Max:  0.0, Diff:  0.0, Sum:  0.0, Workers: 4
[68.665s][debug][gc,phases      ] GC(16)     Dead                           Min: 0, Avg:  0.0, Max: 0, Diff: 0, Sum: 0, Workers: 4
[68.665s][debug][gc,phases      ] GC(16)     Total                          Min: 0, Avg:  0.0, Max: 0, Diff: 0, Sum: 0, Workers: 4
[68.665s][debug][gc,phases      ] GC(16)   Weak JFR Old Object Samples    Min:  0.0, Avg:  0.0, Max:  0.0, Diff:  0.0, Sum:  0.0, Workers: 4
[68.665s][debug][gc,phases      ] GC(16)     Dead                           Min: 0, Avg:  0.0, Max: 0, Diff: 0, Sum: 0, Workers: 4
[68.665s][debug][gc,phases      ] GC(16)     Total                          Min: 0, Avg:  0.0, Max: 0, Diff: 0, Sum: 0, Workers: 4
[68.665s][debug][gc,phases      ] GC(16) Weak Processing 0.630ms
[68.665s][debug][gc,age         ] GC(16) Desired survivor size 513277952 bytes, new threshold 15 (max threshold 15)
[68.666s][info ][gc,heap        ] GC(16) PSYoungGen: 1428627K(1592320K)->345469K(1595904K) Eden: 1088000K(1088000K)->0K(1093632K) From: 340627K(504320K)->345469K(502272K)
[68.666s][info ][gc,heap        ] GC(16) ParOldGen: 6505K(18432K)->6513K(18432K)
[68.666s][info ][gc,metaspace   ] GC(16) Metaspace: 83096K(84160K)->83096K(84160K) NonClass: 70902K(71488K)->70902K(71488K) Class: 12194K(12672K)->12194K(12672K)
[68.666s][info ][gc             ] GC(16) Pause Young (Allocation Failure) 1401M->343M(1576M) 122.882ms
[68.666s][info ][gc,cpu         ] GC(16) User=0.43s Sys=0.00s Real=0.12s
[68.666s][info ][safepoint      ] Safepoint "ParallelGCFailedAllocation", Time since last: 192794554 ns, Reaching safepoint: 5600 ns, Cleanup: 72100 ns, At safepoint: 122953926 ns, Total: 123031626 ns
[70.359s][info ][safepoint      ] Safepoint "Cleanup", Time since last: 1693729709 ns, Reaching safepoint: 6000 ns, Cleanup: 113501 ns, At safepoint: 2600 ns, Total: 122101 ns
[71.360s][info ][safepoint      ] Safepoint "Cleanup", Time since last: 1000153536 ns, Reaching safepoint: 4300 ns, Cleanup: 57500 ns, At safepoint: 6900 ns, Total: 68700 ns
[72.400s][info ][safepoint      ] Safepoint "Cleanup", Time since last: 1040339610 ns, Reaching safepoint: 4100 ns, Cleanup: 102300 ns, At safepoint: 5500 ns, Total: 111900 ns
[73.400s][info ][safepoint      ] Safepoint "Cleanup", Time since last: 1000127030 ns, Reaching safepoint: 4500 ns, Cleanup: 95300 ns, At safepoint: 2200 ns, Total: 102000 ns
[74.400s][info ][safepoint      ] Safepoint "Cleanup", Time since last: 1000101687 ns, Reaching safepoint: 4000 ns, Cleanup: 49300 ns, At safepoint: 2400 ns, Total: 55700 ns
[74.992s][info ][gc,start       ] GC(17) Pause Young (Allocation Failure)
[75.109s][debug][gc,phases      ] GC(17) Scavenge 117.046ms
[75.110s][debug][gc,ref         ] GC(17) Skipped phase 1 of Reference Processing: no references
[75.110s][debug][gc,ref         ] GC(17) ReferenceProcessor::execute queues: 4, RefProcThreadModel::Multi, marks_oops_alive: false
[75.110s][debug][gc,ref         ] GC(17) ReferenceProcessor::execute queues: 4, RefProcThreadModel::Multi, marks_oops_alive: true
[75.110s][debug][gc,ref         ] GC(17) ReferenceProcessor::execute queues: 1, RefProcThreadModel::Single, marks_oops_alive: false
[75.110s][debug][gc,phases      ] GC(17) Reference Processing 0.770ms
[75.111s][debug][gc,phases      ] GC(17)   VM Weak                        Min:  0.0, Avg:  0.0, Max:  0.0, Diff:  0.0, Sum:  0.0, Workers: 4
[75.111s][debug][gc,phases      ] GC(17)     Dead                           Min: 0, Avg:  0.0, Max: 0, Diff: 0, Sum: 0, Workers: 4
[75.111s][debug][gc,phases      ] GC(17)     Total                          Min: 0, Avg: 214.2, Max: 409, Diff: 409, Sum: 857, Workers: 4
[75.111s][debug][gc,phases      ] GC(17)   ObjectSynchronizer Weak        Min:  0.0, Avg:  0.0, Max:  0.0, Diff:  0.0, Sum:  0.0, Workers: 4
[75.111s][debug][gc,phases      ] GC(17)     Dead                           Min: 0, Avg:  0.0, Max: 0, Diff: 0, Sum: 0, Workers: 4
[75.111s][debug][gc,phases      ] GC(17)     Total                          Min: 0, Avg:  1.0, Max: 3, Diff: 3, Sum: 4, Workers: 4
[75.111s][debug][gc,phases      ] GC(17)   JVMTI Tag Weak OopStorage      Min:  0.0, Avg:  0.0, Max:  0.0, Diff:  0.0, Sum:  0.0, Workers: 4
[75.111s][debug][gc,phases      ] GC(17)     Dead                           Min: 0, Avg:  0.0, Max: 0, Diff: 0, Sum: 0, Workers: 4
[75.111s][debug][gc,phases      ] GC(17)     Total                          Min: 0, Avg:  0.0, Max: 0, Diff: 0, Sum: 0, Workers: 4
[75.111s][debug][gc,phases      ] GC(17)   StringTable Weak               Min:  0.0, Avg:  0.3, Max:  0.5, Diff:  0.5, Sum:  1.2, Workers: 4
[75.111s][debug][gc,phases      ] GC(17)     Dead                           Min: 0, Avg:  0.0, Max: 0, Diff: 0, Sum: 0, Workers: 4
[75.111s][debug][gc,phases      ] GC(17)     Total                          Min: 0, Avg: 11016.2, Max: 16289, Diff: 16289, Sum: 44065, Workers: 4
[75.111s][debug][gc,phases      ] GC(17)   ResolvedMethodTable Weak       Min:  0.0, Avg:  0.1, Max:  0.1, Diff:  0.1, Sum:  0.3, Workers: 4
[75.111s][debug][gc,phases      ] GC(17)     Dead                           Min: 0, Avg:  0.0, Max: 0, Diff: 0, Sum: 0, Workers: 4
[75.111s][debug][gc,phases      ] GC(17)     Total                          Min: 0, Avg: 2563.2, Max: 5888, Diff: 5888, Sum: 10253, Workers: 4
[75.111s][debug][gc,phases      ] GC(17)   JNI Weak                       Min:  0.0, Avg:  0.0, Max:  0.0, Diff:  0.0, Sum:  0.0, Workers: 4
[75.111s][debug][gc,phases      ] GC(17)     Dead                           Min: 0, Avg:  0.0, Max: 0, Diff: 0, Sum: 0, Workers: 4
[75.111s][debug][gc,phases      ] GC(17)     Total                          Min: 0, Avg: 11.2, Max: 45, Diff: 45, Sum: 45, Workers: 4
[75.111s][debug][gc,phases      ] GC(17)   StringDedup Table Weak         Min:  0.0, Avg:  0.0, Max:  0.0, Diff:  0.0, Sum:  0.0, Workers: 4
[75.111s][debug][gc,phases      ] GC(17)     Dead                           Min: 0, Avg:  0.0, Max: 0, Diff: 0, Sum: 0, Workers: 4
[75.111s][debug][gc,phases      ] GC(17)     Total                          Min: 0, Avg:  0.0, Max: 0, Diff: 0, Sum: 0, Workers: 4
[75.111s][debug][gc,phases      ] GC(17)   StringDedup Requests0 Weak     Min:  0.0, Avg:  0.0, Max:  0.0, Diff:  0.0, Sum:  0.0, Workers: 4
[75.111s][debug][gc,phases      ] GC(17)     Dead                           Min: 0, Avg:  0.0, Max: 0, Diff: 0, Sum: 0, Workers: 4
[75.111s][debug][gc,phases      ] GC(17)     Total                          Min: 0, Avg:  0.0, Max: 0, Diff: 0, Sum: 0, Workers: 4
[75.111s][debug][gc,phases      ] GC(17)   StringDedup Requests1 Weak     Min:  0.0, Avg:  0.0, Max:  0.0, Diff:  0.0, Sum:  0.0, Workers: 4
[75.111s][debug][gc,phases      ] GC(17)     Dead                           Min: 0, Avg:  0.0, Max: 0, Diff: 0, Sum: 0, Workers: 4
[75.111s][debug][gc,phases      ] GC(17)     Total                          Min: 0, Avg:  0.0, Max: 0, Diff: 0, Sum: 0, Workers: 4
[75.111s][debug][gc,phases      ] GC(17)   Weak JFR Old Object Samples    Min:  0.0, Avg:  0.0, Max:  0.0, Diff:  0.0, Sum:  0.0, Workers: 4
[75.111s][debug][gc,phases      ] GC(17)     Dead                           Min: 0, Avg:  0.0, Max: 0, Diff: 0, Sum: 0, Workers: 4
[75.111s][debug][gc,phases      ] GC(17)     Total                          Min: 0, Avg:  0.0, Max: 0, Diff: 0, Sum: 0, Workers: 4
[75.111s][debug][gc,phases      ] GC(17) Weak Processing 0.658ms
[75.111s][debug][gc,age         ] GC(17) Desired survivor size 510132224 bytes, new threshold 15 (max threshold 15)
[75.111s][info ][gc,heap        ] GC(17) PSYoungGen: 1439101K(1595904K)->345166K(1594880K) Eden: 1093632K(1093632K)->0K(1093632K) From: 345469K(502272K)->345166K(501248K)
[75.111s][info ][gc,heap        ] GC(17) ParOldGen: 6513K(18432K)->6521K(18432K)
[75.111s][info ][gc,metaspace   ] GC(17) Metaspace: 83141K(84160K)->83141K(84160K) NonClass: 70945K(71488K)->70945K(71488K) Class: 12195K(12672K)->12195K(12672K)
[75.111s][info ][gc             ] GC(17) Pause Young (Allocation Failure) 1411M->343M(1575M) 118.607ms
[75.111s][info ][gc,cpu         ] GC(17) User=0.42s Sys=0.00s Real=0.12s
[75.111s][info ][safepoint      ] Safepoint "ParallelGCFailedAllocation", Time since last: 591725498 ns, Reaching safepoint: 73700 ns, Cleanup: 51800 ns, At safepoint: 118686401 ns, Total: 118811901 ns
[76.111s][info ][safepoint      ] Safepoint "Cleanup", Time since last: 1000090387 ns, Reaching safepoint: 5500 ns, Cleanup: 55500 ns, At safepoint: 3700 ns, Total: 64700 ns
[77.111s][info ][safepoint      ] Safepoint "Cleanup", Time since last: 1000106287 ns, Reaching safepoint: 5000 ns, Cleanup: 38000 ns, At safepoint: 2300 ns, Total: 45300 ns
[78.111s][info ][safepoint      ] Safepoint "Cleanup", Time since last: 1000098987 ns, Reaching safepoint: 3900 ns, Cleanup: 40400 ns, At safepoint: 2900 ns, Total: 47200 ns
[79.112s][info ][safepoint      ] Safepoint "Cleanup", Time since last: 1000109487 ns, Reaching safepoint: 4700 ns, Cleanup: 48600 ns, At safepoint: 3900 ns, Total: 57200 ns
[80.112s][info ][safepoint      ] Safepoint "Cleanup", Time since last: 1000104787 ns, Reaching safepoint: 6100 ns, Cleanup: 67201 ns, At safepoint: 4900 ns, Total: 78201 ns
[80.775s][info ][safepoint      ] Safepoint "ICBufferFull", Time since last: 662712313 ns, Reaching safepoint: 4200 ns, Cleanup: 209900 ns, At safepoint: 4900 ns, Total: 219000 ns
[81.775s][info ][safepoint      ] Safepoint "Cleanup", Time since last: 1000103530 ns, Reaching safepoint: 4100 ns, Cleanup: 68400 ns, At safepoint: 4800 ns, Total: 77300 ns
[82.039s][info ][gc,start       ] GC(18) Pause Young (Allocation Failure)
[82.171s][debug][gc,phases      ] GC(18) Scavenge 131.185ms
[82.171s][debug][gc,ref         ] GC(18) Skipped phase 1 of Reference Processing: no references
[82.171s][debug][gc,ref         ] GC(18) ReferenceProcessor::execute queues: 4, RefProcThreadModel::Multi, marks_oops_alive: false
[82.171s][debug][gc,ref         ] GC(18) Skipped phase 3 of Reference Processing: no references
[82.171s][debug][gc,ref         ] GC(18) ReferenceProcessor::execute queues: 1, RefProcThreadModel::Single, marks_oops_alive: false
[82.171s][debug][gc,phases      ] GC(18) Reference Processing 0.556ms
[82.172s][debug][gc,phases      ] GC(18)   VM Weak                        Min:  0.0, Avg:  0.0, Max:  0.0, Diff:  0.0, Sum:  0.0, Workers: 4
[82.172s][debug][gc,phases      ] GC(18)     Dead                           Min: 0, Avg:  0.0, Max: 0, Diff: 0, Sum: 0, Workers: 4
[82.172s][debug][gc,phases      ] GC(18)     Total                          Min: 0, Avg: 214.5, Max: 410, Diff: 410, Sum: 858, Workers: 4
[82.172s][debug][gc,phases      ] GC(18)   ObjectSynchronizer Weak        Min:  0.0, Avg:  0.0, Max:  0.0, Diff:  0.0, Sum:  0.0, Workers: 4
[82.172s][debug][gc,phases      ] GC(18)     Dead                           Min: 0, Avg:  0.0, Max: 0, Diff: 0, Sum: 0, Workers: 4
[82.172s][debug][gc,phases      ] GC(18)     Total                          Min: 0, Avg:  1.0, Max: 4, Diff: 4, Sum: 4, Workers: 4
[82.172s][debug][gc,phases      ] GC(18)   JVMTI Tag Weak OopStorage      Min:  0.0, Avg:  0.0, Max:  0.0, Diff:  0.0, Sum:  0.0, Workers: 4
[82.172s][debug][gc,phases      ] GC(18)     Dead                           Min: 0, Avg:  0.0, Max: 0, Diff: 0, Sum: 0, Workers: 4
[82.172s][debug][gc,phases      ] GC(18)     Total                          Min: 0, Avg:  0.0, Max: 0, Diff: 0, Sum: 0, Workers: 4
[82.172s][debug][gc,phases      ] GC(18)   StringTable Weak               Min:  0.0, Avg:  0.3, Max:  0.3, Diff:  0.3, Sum:  1.0, Workers: 4
[82.172s][debug][gc,phases      ] GC(18)     Dead                           Min: 0, Avg:  1.0, Max: 4, Diff: 4, Sum: 4, Workers: 4
[82.172s][debug][gc,phases      ] GC(18)     Total                          Min: 0, Avg: 11047.8, Max: 20383, Diff: 20383, Sum: 44191, Workers: 4
[82.172s][debug][gc,phases      ] GC(18)   ResolvedMethodTable Weak       Min:  0.0, Avg:  0.1, Max:  0.1, Diff:  0.1, Sum:  0.3, Workers: 4
[82.172s][debug][gc,phases      ] GC(18)     Dead                           Min: 0, Avg:  0.0, Max: 0, Diff: 0, Sum: 0, Workers: 4
[82.172s][debug][gc,phases      ] GC(18)     Total                          Min: 0, Avg: 2585.0, Max: 5568, Diff: 5568, Sum: 10340, Workers: 4
[82.172s][debug][gc,phases      ] GC(18)   JNI Weak                       Min:  0.0, Avg:  0.0, Max:  0.0, Diff:  0.0, Sum:  0.0, Workers: 4
[82.172s][debug][gc,phases      ] GC(18)     Dead                           Min: 0, Avg:  0.0, Max: 0, Diff: 0, Sum: 0, Workers: 4
[82.172s][debug][gc,phases      ] GC(18)     Total                          Min: 0, Avg: 11.2, Max: 45, Diff: 45, Sum: 45, Workers: 4
[82.172s][debug][gc,phases      ] GC(18)   StringDedup Table Weak         Min:  0.0, Avg:  0.0, Max:  0.0, Diff:  0.0, Sum:  0.0, Workers: 4
[82.172s][debug][gc,phases      ] GC(18)     Dead                           Min: 0, Avg:  0.0, Max: 0, Diff: 0, Sum: 0, Workers: 4
[82.172s][debug][gc,phases      ] GC(18)     Total                          Min: 0, Avg:  0.0, Max: 0, Diff: 0, Sum: 0, Workers: 4
[82.172s][debug][gc,phases      ] GC(18)   StringDedup Requests0 Weak     Min:  0.0, Avg:  0.0, Max:  0.0, Diff:  0.0, Sum:  0.0, Workers: 4
[82.172s][debug][gc,phases      ] GC(18)     Dead                           Min: 0, Avg:  0.0, Max: 0, Diff: 0, Sum: 0, Workers: 4
[82.172s][debug][gc,phases      ] GC(18)     Total                          Min: 0, Avg:  0.0, Max: 0, Diff: 0, Sum: 0, Workers: 4
[82.172s][debug][gc,phases      ] GC(18)   StringDedup Requests1 Weak     Min:  0.0, Avg:  0.0, Max:  0.0, Diff:  0.0, Sum:  0.0, Workers: 4
[82.172s][debug][gc,phases      ] GC(18)     Dead                           Min: 0, Avg:  0.0, Max: 0, Diff: 0, Sum: 0, Workers: 4
[82.172s][debug][gc,phases      ] GC(18)     Total                          Min: 0, Avg:  0.0, Max: 0, Diff: 0, Sum: 0, Workers: 4
[82.172s][debug][gc,phases      ] GC(18)   Weak JFR Old Object Samples    Min:  0.0, Avg:  0.0, Max:  0.0, Diff:  0.0, Sum:  0.0, Workers: 4
[82.172s][debug][gc,phases      ] GC(18)     Dead                           Min: 0, Avg:  0.0, Max: 0, Diff: 0, Sum: 0, Workers: 4
[82.172s][debug][gc,phases      ] GC(18)     Total                          Min: 0, Avg:  0.0, Max: 0, Diff: 0, Sum: 0, Workers: 4
[82.172s][debug][gc,phases      ] GC(18) Weak Processing 0.629ms
[82.172s][debug][gc,age         ] GC(18) Desired survivor size 508559360 bytes, new threshold 15 (max threshold 15)
[82.172s][info ][gc,heap        ] GC(18) PSYoungGen: 1438798K(1594880K)->351419K(1600512K) Eden: 1093632K(1093632K)->0K(1102336K) From: 345166K(501248K)->351419K(498176K)
[82.172s][info ][gc,heap        ] GC(18) ParOldGen: 6521K(18432K)->6529K(18432K)
[82.172s][info ][gc,metaspace   ] GC(18) Metaspace: 83535K(84544K)->83535K(84544K) NonClass: 71278K(71808K)->71278K(71808K) Class: 12256K(12736K)->12256K(12736K)
[82.172s][info ][gc             ] GC(18) Pause Young (Allocation Failure) 1411M->349M(1581M) 132.491ms
[82.172s][info ][gc,cpu         ] GC(18) User=0.47s Sys=0.00s Real=0.13s
[82.172s][info ][safepoint      ] Safepoint "ParallelGCFailedAllocation", Time since last: 264459531 ns, Reaching safepoint: 4500 ns, Cleanup: 35200 ns, At safepoint: 132578816 ns, Total: 132618516 ns
[83.172s][info ][safepoint      ] Safepoint "Cleanup", Time since last: 1000083129 ns, Reaching safepoint: 3600 ns, Cleanup: 38401 ns, At safepoint: 1900 ns, Total: 43901 ns
[84.172s][info ][safepoint      ] Safepoint "Cleanup", Time since last: 1000096529 ns, Reaching safepoint: 4000 ns, Cleanup: 53500 ns, At safepoint: 2400 ns, Total: 59900 ns
[85.172s][info ][safepoint      ] Safepoint "Cleanup", Time since last: 1000096430 ns, Reaching safepoint: 4500 ns, Cleanup: 53800 ns, At safepoint: 14500 ns, Total: 72800 ns
[86.173s][info ][safepoint      ] Safepoint "Cleanup", Time since last: 1000100529 ns, Reaching safepoint: 4400 ns, Cleanup: 75001 ns, At safepoint: 2600 ns, Total: 82001 ns
[87.173s][info ][safepoint      ] Safepoint "Cleanup", Time since last: 1000102629 ns, Reaching safepoint: 5300 ns, Cleanup: 43000 ns, At safepoint: 2300 ns, Total: 50600 ns
[88.142s][info ][gc,start       ] GC(19) Pause Young (Allocation Failure)
[88.267s][debug][gc,phases      ] GC(19) Scavenge 124.522ms
[88.267s][debug][gc,ref         ] GC(19) Skipped phase 1 of Reference Processing: no references
[88.267s][debug][gc,ref         ] GC(19) ReferenceProcessor::execute queues: 4, RefProcThreadModel::Multi, marks_oops_alive: false
[88.268s][debug][gc,ref         ] GC(19) ReferenceProcessor::execute queues: 4, RefProcThreadModel::Multi, marks_oops_alive: true
[88.268s][debug][gc,ref         ] GC(19) ReferenceProcessor::execute queues: 1, RefProcThreadModel::Single, marks_oops_alive: false
[88.268s][debug][gc,phases      ] GC(19) Reference Processing 0.769ms
[88.268s][debug][gc,phases      ] GC(19)   VM Weak                        Min:  0.0, Avg:  0.0, Max:  0.0, Diff:  0.0, Sum:  0.0, Workers: 4
[88.268s][debug][gc,phases      ] GC(19)     Dead                           Min: 0, Avg:  0.0, Max: 0, Diff: 0, Sum: 0, Workers: 4
[88.268s][debug][gc,phases      ] GC(19)     Total                          Min: 0, Avg: 214.5, Max: 384, Diff: 384, Sum: 858, Workers: 4
[88.268s][debug][gc,phases      ] GC(19)   ObjectSynchronizer Weak        Min:  0.0, Avg:  0.0, Max:  0.0, Diff:  0.0, Sum:  0.0, Workers: 4
[88.268s][debug][gc,phases      ] GC(19)     Dead                           Min: 0, Avg:  0.0, Max: 0, Diff: 0, Sum: 0, Workers: 4
[88.268s][debug][gc,phases      ] GC(19)     Total                          Min: 0, Avg:  1.0, Max: 4, Diff: 4, Sum: 4, Workers: 4
[88.268s][debug][gc,phases      ] GC(19)   JVMTI Tag Weak OopStorage      Min:  0.0, Avg:  0.0, Max:  0.0, Diff:  0.0, Sum:  0.0, Workers: 4
[88.268s][debug][gc,phases      ] GC(19)     Dead                           Min: 0, Avg:  0.0, Max: 0, Diff: 0, Sum: 0, Workers: 4
[88.268s][debug][gc,phases      ] GC(19)     Total                          Min: 0, Avg:  0.0, Max: 0, Diff: 0, Sum: 0, Workers: 4
[88.268s][debug][gc,phases      ] GC(19)   StringTable Weak               Min:  0.0, Avg:  0.3, Max:  0.3, Diff:  0.3, Sum:  1.0, Workers: 4
[88.268s][debug][gc,phases      ] GC(19)     Dead                           Min: 0, Avg:  0.0, Max: 0, Diff: 0, Sum: 0, Workers: 4
[88.268s][debug][gc,phases      ] GC(19)     Total                          Min: 0, Avg: 11051.5, Max: 19630, Diff: 19630, Sum: 44206, Workers: 4
[88.268s][debug][gc,phases      ] GC(19)   ResolvedMethodTable Weak       Min:  0.0, Avg:  0.1, Max:  0.1, Diff:  0.1, Sum:  0.3, Workers: 4
[88.268s][debug][gc,phases      ] GC(19)     Dead                           Min: 0, Avg:  0.0, Max: 0, Diff: 0, Sum: 0, Workers: 4
[88.268s][debug][gc,phases      ] GC(19)     Total                          Min: 0, Avg: 2585.0, Max: 4864, Diff: 4864, Sum: 10340, Workers: 4
[88.268s][debug][gc,phases      ] GC(19)   JNI Weak                       Min:  0.0, Avg:  0.0, Max:  0.0, Diff:  0.0, Sum:  0.0, Workers: 4
[88.268s][debug][gc,phases      ] GC(19)     Dead                           Min: 0, Avg:  0.0, Max: 0, Diff: 0, Sum: 0, Workers: 4
[88.268s][debug][gc,phases      ] GC(19)     Total                          Min: 0, Avg: 11.2, Max: 45, Diff: 45, Sum: 45, Workers: 4
[88.268s][debug][gc,phases      ] GC(19)   StringDedup Table Weak         Min:  0.0, Avg:  0.0, Max:  0.0, Diff:  0.0, Sum:  0.0, Workers: 4
[88.268s][debug][gc,phases      ] GC(19)     Dead                           Min: 0, Avg:  0.0, Max: 0, Diff: 0, Sum: 0, Workers: 4
[88.268s][debug][gc,phases      ] GC(19)     Total                          Min: 0, Avg:  0.0, Max: 0, Diff: 0, Sum: 0, Workers: 4
[88.268s][debug][gc,phases      ] GC(19)   StringDedup Requests0 Weak     Min:  0.0, Avg:  0.0, Max:  0.0, Diff:  0.0, Sum:  0.0, Workers: 4
[88.268s][debug][gc,phases      ] GC(19)     Dead                           Min: 0, Avg:  0.0, Max: 0, Diff: 0, Sum: 0, Workers: 4
[88.268s][debug][gc,phases      ] GC(19)     Total                          Min: 0, Avg:  0.0, Max: 0, Diff: 0, Sum: 0, Workers: 4
[88.268s][debug][gc,phases      ] GC(19)   StringDedup Requests1 Weak     Min:  0.0, Avg:  0.0, Max:  0.0, Diff:  0.0, Sum:  0.0, Workers: 4
[88.268s][debug][gc,phases      ] GC(19)     Dead                           Min: 0, Avg:  0.0, Max: 0, Diff: 0, Sum: 0, Workers: 4
[88.268s][debug][gc,phases      ] GC(19)     Total                          Min: 0, Avg:  0.0, Max: 0, Diff: 0, Sum: 0, Workers: 4
[88.268s][debug][gc,phases      ] GC(19)   Weak JFR Old Object Samples    Min:  0.0, Avg:  0.0, Max:  0.0, Diff:  0.0, Sum:  0.0, Workers: 4
[88.268s][debug][gc,phases      ] GC(19)     Dead                           Min: 0, Avg:  0.0, Max: 0, Diff: 0, Sum: 0, Workers: 4
[88.268s][debug][gc,phases      ] GC(19)     Total                          Min: 0, Avg:  0.0, Max: 0, Diff: 0, Sum: 0, Workers: 4
[88.268s][debug][gc,phases      ] GC(19) Weak Processing 0.602ms
[88.268s][debug][gc,age         ] GC(19) Desired survivor size 496500736 bytes, new threshold 15 (max threshold 15)
[88.268s][info ][gc,heap        ] GC(19) PSYoungGen: 1453755K(1600512K)->326820K(1598976K) Eden: 1102336K(1102336K)->0K(1102336K) From: 351419K(498176K)->326820K(496640K)
[88.268s][info ][gc,heap        ] GC(19) ParOldGen: 6529K(18432K)->31568K(31744K)
[88.268s][info ][gc,metaspace   ] GC(19) Metaspace: 83567K(84608K)->83567K(84608K) NonClass: 71310K(71872K)->71310K(71872K) Class: 12257K(12736K)->12257K(12736K)
[88.268s][info ][gc             ] GC(19) Pause Young (Allocation Failure) 1426M->349M(1592M) 126.017ms
[88.268s][info ][gc,cpu         ] GC(19) User=0.44s Sys=0.00s Real=0.12s
[88.268s][debug][gc,phases      ] GC(20) Pre Compact 0.009ms
[88.268s][info ][gc,start       ] GC(20) Pause Full (Ergonomics)
[88.268s][info ][gc,phases,start] GC(20) Marking Phase
[88.392s][debug][gc,phases      ] GC(20) Par Mark 123.875ms
[88.393s][debug][gc,ref         ] GC(20) Skipped phase 1 of Reference Processing: no references
[88.393s][debug][gc,ref         ] GC(20) ReferenceProcessor::execute queues: 4, RefProcThreadModel::Multi, marks_oops_alive: false
[88.393s][debug][gc,ref         ] GC(20) Skipped phase 3 of Reference Processing: no references
[88.393s][debug][gc,ref         ] GC(20) ReferenceProcessor::execute queues: 1, RefProcThreadModel::Single, marks_oops_alive: false
[88.393s][debug][gc,phases      ] GC(20) Reference Processing 0.333ms
[88.393s][debug][gc,phases      ] GC(20)   VM Weak                        Min:  0.0, Avg:  0.0, Max:  0.0, Diff:  0.0, Sum:  0.0, Workers: 4
[88.393s][debug][gc,phases      ] GC(20)     Dead                           Min: 0, Avg:  0.2, Max: 1, Diff: 1, Sum: 1, Workers: 4
[88.393s][debug][gc,phases      ] GC(20)     Total                          Min: 0, Avg: 214.5, Max: 346, Diff: 346, Sum: 858, Workers: 4
[88.393s][debug][gc,phases      ] GC(20)   ObjectSynchronizer Weak        Min:  0.0, Avg:  0.0, Max:  0.0, Diff:  0.0, Sum:  0.0, Workers: 4
[88.393s][debug][gc,phases      ] GC(20)     Dead                           Min: 0, Avg:  0.0, Max: 0, Diff: 0, Sum: 0, Workers: 4
[88.393s][debug][gc,phases      ] GC(20)     Total                          Min: 0, Avg:  1.0, Max: 3, Diff: 3, Sum: 4, Workers: 4
[88.393s][debug][gc,phases      ] GC(20)   JVMTI Tag Weak OopStorage      Min:  0.0, Avg:  0.0, Max:  0.0, Diff:  0.0, Sum:  0.0, Workers: 4
[88.393s][debug][gc,phases      ] GC(20)     Dead                           Min: 0, Avg:  0.0, Max: 0, Diff: 0, Sum: 0, Workers: 4
[88.393s][debug][gc,phases      ] GC(20)     Total                          Min: 0, Avg:  0.0, Max: 0, Diff: 0, Sum: 0, Workers: 4
[88.393s][debug][gc,phases      ] GC(20)   StringTable Weak               Min:  0.0, Avg:  0.2, Max:  0.3, Diff:  0.3, Sum:  0.8, Workers: 4
[88.393s][debug][gc,phases      ] GC(20)     Dead                           Min: 0, Avg:  0.0, Max: 0, Diff: 0, Sum: 0, Workers: 4
[88.393s][debug][gc,phases      ] GC(20)     Total                          Min: 0, Avg: 11051.5, Max: 18560, Diff: 18560, Sum: 44206, Workers: 4
[88.393s][debug][gc,phases      ] GC(20)   ResolvedMethodTable Weak       Min:  0.0, Avg:  0.0, Max:  0.0, Diff:  0.0, Sum:  0.1, Workers: 4
[88.393s][debug][gc,phases      ] GC(20)     Dead                           Min: 0, Avg:  0.2, Max: 1, Diff: 1, Sum: 1, Workers: 4
[88.393s][debug][gc,phases      ] GC(20)     Total                          Min: 0, Avg: 2585.0, Max: 3904, Diff: 3904, Sum: 10340, Workers: 4
[88.393s][debug][gc,phases      ] GC(20)   JNI Weak                       Min:  0.0, Avg:  0.0, Max:  0.0, Diff:  0.0, Sum:  0.0, Workers: 4
[88.393s][debug][gc,phases      ] GC(20)     Dead                           Min: 0, Avg:  0.0, Max: 0, Diff: 0, Sum: 0, Workers: 4
[88.393s][debug][gc,phases      ] GC(20)     Total                          Min: 0, Avg: 11.2, Max: 45, Diff: 45, Sum: 45, Workers: 4
[88.393s][debug][gc,phases      ] GC(20)   StringDedup Table Weak         Min:  0.0, Avg:  0.0, Max:  0.0, Diff:  0.0, Sum:  0.0, Workers: 4
[88.393s][debug][gc,phases      ] GC(20)     Dead                           Min: 0, Avg:  0.0, Max: 0, Diff: 0, Sum: 0, Workers: 4
[88.393s][debug][gc,phases      ] GC(20)     Total                          Min: 0, Avg:  0.0, Max: 0, Diff: 0, Sum: 0, Workers: 4
[88.393s][debug][gc,phases      ] GC(20)   StringDedup Requests0 Weak     Min:  0.0, Avg:  0.0, Max:  0.0, Diff:  0.0, Sum:  0.0, Workers: 4
[88.393s][debug][gc,phases      ] GC(20)     Dead                           Min: 0, Avg:  0.0, Max: 0, Diff: 0, Sum: 0, Workers: 4
[88.393s][debug][gc,phases      ] GC(20)     Total                          Min: 0, Avg:  0.0, Max: 0, Diff: 0, Sum: 0, Workers: 4
[88.393s][debug][gc,phases      ] GC(20)   StringDedup Requests1 Weak     Min:  0.0, Avg:  0.0, Max:  0.0, Diff:  0.0, Sum:  0.0, Workers: 4
[88.393s][debug][gc,phases      ] GC(20)     Dead                           Min: 0, Avg:  0.0, Max: 0, Diff: 0, Sum: 0, Workers: 4
[88.393s][debug][gc,phases      ] GC(20)     Total                          Min: 0, Avg:  0.0, Max: 0, Diff: 0, Sum: 0, Workers: 4
[88.393s][debug][gc,phases      ] GC(20)   Weak JFR Old Object Samples    Min:  0.0, Avg:  0.0, Max:  0.0, Diff:  0.0, Sum:  0.0, Workers: 4
[88.393s][debug][gc,phases      ] GC(20)     Dead                           Min: 0, Avg:  0.0, Max: 0, Diff: 0, Sum: 0, Workers: 4
[88.393s][debug][gc,phases      ] GC(20)     Total                          Min: 0, Avg:  0.0, Max: 0, Diff: 0, Sum: 0, Workers: 4
[88.393s][debug][gc,phases      ] GC(20) Weak Processing 0.477ms
[88.394s][debug][gc,phases      ] GC(20) ClassLoaderData 0.185ms
[88.394s][debug][gc,phases      ] GC(20) Trigger cleanups 0.007ms
[88.426s][debug][gc,phases      ] GC(20) Class Unloading 32.193ms
[88.426s][debug][gc,phases      ] GC(20) Report Object Count 0.001ms
[88.426s][info ][gc,phases      ] GC(20) Marking Phase 157.090ms
[88.426s][info ][gc,phases,start] GC(20) Summary Phase
[88.426s][info ][gc,phases      ] GC(20) Summary Phase 0.010ms
[88.426s][info ][gc,phases,start] GC(20) Adjust Roots
[88.447s][info ][gc,phases      ] GC(20) Adjust Roots 21.893ms
[88.448s][info ][gc,phases,start] GC(20) Compaction Phase
[89.644s][info ][gc,phases      ] GC(20) Compaction Phase 1196.545ms
[89.644s][info ][gc,phases,start] GC(20) Post Compact
[89.647s][info ][gc,phases      ] GC(20) Post Compact 3.103ms
[89.647s][info ][gc,heap        ] GC(20) PSYoungGen: 326820K(1598976K)->325266K(1598976K) Eden: 0K(1102336K)->0K(1102336K) From: 326820K(496640K)->325266K(496640K)
[89.647s][info ][gc,heap        ] GC(20) ParOldGen: 31568K(31744K)->31398K(62976K)
[89.647s][info ][gc,metaspace   ] GC(20) Metaspace: 83567K(84608K)->83565K(84608K) NonClass: 71310K(71872K)->71308K(71872K) Class: 12257K(12736K)->12256K(12736K)
[89.647s][info ][gc             ] GC(20) Pause Full (Ergonomics) 349M->348M(1623M) 1378.871ms
[89.647s][info ][gc,cpu         ] GC(20) User=3.29s Sys=0.03s Real=1.38s
[89.647s][info ][safepoint      ] Safepoint "ParallelGCFailedAllocation", Time since last: 969440280 ns, Reaching safepoint: 78900 ns, Cleanup: 51800 ns, At safepoint: 1505022287 ns, Total: 1505152987 ns
[90.648s][info ][safepoint      ] Safepoint "Cleanup", Time since last: 1000052860 ns, Reaching safepoint: 3900 ns, Cleanup: 77700 ns, At safepoint: 2800 ns, Total: 84400 ns
[91.648s][info ][safepoint      ] Safepoint "Cleanup", Time since last: 1000108560 ns, Reaching safepoint: 73501 ns, Cleanup: 69700 ns, At safepoint: 9600 ns, Total: 152801 ns
[92.648s][info ][safepoint      ] Safepoint "Cleanup", Time since last: 1000108260 ns, Reaching safepoint: 3500 ns, Cleanup: 47800 ns, At safepoint: 3800 ns, Total: 55100 ns
[93.542s][info ][gc,start       ] GC(21) Pause Young (Allocation Failure)
[93.668s][debug][gc,phases      ] GC(21) Scavenge 126.608ms
[93.669s][debug][gc,ref         ] GC(21) Skipped phase 1 of Reference Processing: no references
[93.669s][debug][gc,ref         ] GC(21) ReferenceProcessor::execute queues: 4, RefProcThreadModel::Multi, marks_oops_alive: false
[93.669s][debug][gc,ref         ] GC(21) Skipped phase 3 of Reference Processing: no references
[93.669s][debug][gc,ref         ] GC(21) ReferenceProcessor::execute queues: 1, RefProcThreadModel::Single, marks_oops_alive: false
[93.669s][debug][gc,phases      ] GC(21) Reference Processing 0.560ms
[93.670s][debug][gc,phases      ] GC(21)   VM Weak                        Min:  0.0, Avg:  0.0, Max:  0.0, Diff:  0.0, Sum:  0.0, Workers: 4
[93.670s][debug][gc,phases      ] GC(21)     Dead                           Min: 0, Avg:  0.0, Max: 0, Diff: 0, Sum: 0, Workers: 4
[93.670s][debug][gc,phases      ] GC(21)     Total                          Min: 0, Avg: 214.2, Max: 384, Diff: 384, Sum: 857, Workers: 4
[93.670s][debug][gc,phases      ] GC(21)   ObjectSynchronizer Weak        Min:  0.0, Avg:  0.0, Max:  0.0, Diff:  0.0, Sum:  0.0, Workers: 4
[93.670s][debug][gc,phases      ] GC(21)     Dead                           Min: 0, Avg:  0.0, Max: 0, Diff: 0, Sum: 0, Workers: 4
[93.670s][debug][gc,phases      ] GC(21)     Total                          Min: 0, Avg:  1.0, Max: 4, Diff: 4, Sum: 4, Workers: 4
[93.670s][debug][gc,phases      ] GC(21)   JVMTI Tag Weak OopStorage      Min:  0.0, Avg:  0.0, Max:  0.0, Diff:  0.0, Sum:  0.0, Workers: 4
[93.670s][debug][gc,phases      ] GC(21)     Dead                           Min: 0, Avg:  0.0, Max: 0, Diff: 0, Sum: 0, Workers: 4
[93.670s][debug][gc,phases      ] GC(21)     Total                          Min: 0, Avg:  0.0, Max: 0, Diff: 0, Sum: 0, Workers: 4
[93.670s][debug][gc,phases      ] GC(21)   StringTable Weak               Min:  0.0, Avg:  0.2, Max:  0.3, Diff:  0.3, Sum:  0.9, Workers: 4
[93.670s][debug][gc,phases      ] GC(21)     Dead                           Min: 0, Avg:  0.0, Max: 0, Diff: 0, Sum: 0, Workers: 4
[93.670s][debug][gc,phases      ] GC(21)     Total                          Min: 0, Avg: 11052.0, Max: 18368, Diff: 18368, Sum: 44208, Workers: 4
[93.670s][debug][gc,phases      ] GC(21)   ResolvedMethodTable Weak       Min:  0.0, Avg:  0.1, Max:  0.1, Diff:  0.1, Sum:  0.3, Workers: 4
[93.670s][debug][gc,phases      ] GC(21)     Dead                           Min: 0, Avg:  0.2, Max: 1, Diff: 1, Sum: 1, Workers: 4
[93.670s][debug][gc,phases      ] GC(21)     Total                          Min: 0, Avg: 2585.0, Max: 4607, Diff: 4607, Sum: 10340, Workers: 4
[93.670s][debug][gc,phases      ] GC(21)   JNI Weak                       Min:  0.0, Avg:  0.0, Max:  0.0, Diff:  0.0, Sum:  0.0, Workers: 4
[93.670s][debug][gc,phases      ] GC(21)     Dead                           Min: 0, Avg:  0.0, Max: 0, Diff: 0, Sum: 0, Workers: 4
[93.670s][debug][gc,phases      ] GC(21)     Total                          Min: 0, Avg: 11.2, Max: 45, Diff: 45, Sum: 45, Workers: 4
[93.670s][debug][gc,phases      ] GC(21)   StringDedup Table Weak         Min:  0.0, Avg:  0.0, Max:  0.0, Diff:  0.0, Sum:  0.0, Workers: 4
[93.670s][debug][gc,phases      ] GC(21)     Dead                           Min: 0, Avg:  0.0, Max: 0, Diff: 0, Sum: 0, Workers: 4
[93.670s][debug][gc,phases      ] GC(21)     Total                          Min: 0, Avg:  0.0, Max: 0, Diff: 0, Sum: 0, Workers: 4
[93.670s][debug][gc,phases      ] GC(21)   StringDedup Requests0 Weak     Min:  0.0, Avg:  0.0, Max:  0.0, Diff:  0.0, Sum:  0.0, Workers: 4
[93.670s][debug][gc,phases      ] GC(21)     Dead                           Min: 0, Avg:  0.0, Max: 0, Diff: 0, Sum: 0, Workers: 4
[93.670s][debug][gc,phases      ] GC(21)     Total                          Min: 0, Avg:  0.0, Max: 0, Diff: 0, Sum: 0, Workers: 4
[93.670s][debug][gc,phases      ] GC(21)   StringDedup Requests1 Weak     Min:  0.0, Avg:  0.0, Max:  0.0, Diff:  0.0, Sum:  0.0, Workers: 4
[93.670s][debug][gc,phases      ] GC(21)     Dead                           Min: 0, Avg:  0.0, Max: 0, Diff: 0, Sum: 0, Workers: 4
[93.670s][debug][gc,phases      ] GC(21)     Total                          Min: 0, Avg:  0.0, Max: 0, Diff: 0, Sum: 0, Workers: 4
[93.670s][debug][gc,phases      ] GC(21)   Weak JFR Old Object Samples    Min:  0.0, Avg:  0.0, Max:  0.0, Diff:  0.0, Sum:  0.0, Workers: 4
[93.670s][debug][gc,phases      ] GC(21)     Dead                           Min: 0, Avg:  0.0, Max: 0, Diff: 0, Sum: 0, Workers: 4
[93.670s][debug][gc,phases      ] GC(21)     Total                          Min: 0, Avg:  0.0, Max: 0, Diff: 0, Sum: 0, Workers: 4
[93.670s][debug][gc,phases      ] GC(21) Weak Processing 0.573ms
[93.670s][debug][gc,age         ] GC(21) Desired survivor size 485490688 bytes, new threshold 15 (max threshold 15)
[93.670s][info ][gc,heap        ] GC(21) PSYoungGen: 1427602K(1598976K)->270879K(1623040K) Eden: 1102336K(1102336K)->0K(1138176K) From: 325266K(496640K)->270879K(484864K)
[93.670s][info ][gc,heap        ] GC(21) ParOldGen: 31398K(62976K)->87545K(87552K)
[93.670s][info ][gc,metaspace   ] GC(21) Metaspace: 83577K(84608K)->83577K(84608K) NonClass: 71320K(71872K)->71320K(71872K) Class: 12256K(12736K)->12256K(12736K)
[93.670s][info ][gc             ] GC(21) Pause Young (Allocation Failure) 1424M->350M(1670M) 127.897ms
[93.670s][info ][gc,cpu         ] GC(21) User=0.45s Sys=0.02s Real=0.12s
[93.670s][debug][gc,phases      ] GC(22) Pre Compact 0.009ms
[93.670s][info ][gc,start       ] GC(22) Pause Full (Ergonomics)
[93.670s][info ][gc,phases,start] GC(22) Marking Phase
[93.793s][debug][gc,phases      ] GC(22) Par Mark 123.585ms
[93.794s][debug][gc,ref         ] GC(22) Skipped phase 1 of Reference Processing: no references
[93.794s][debug][gc,ref         ] GC(22) ReferenceProcessor::execute queues: 4, RefProcThreadModel::Multi, marks_oops_alive: false
[93.794s][debug][gc,ref         ] GC(22) Skipped phase 3 of Reference Processing: no references
[93.794s][debug][gc,ref         ] GC(22) ReferenceProcessor::execute queues: 1, RefProcThreadModel::Single, marks_oops_alive: false
[93.794s][debug][gc,phases      ] GC(22) Reference Processing 0.605ms
[93.794s][debug][gc,phases      ] GC(22)   VM Weak                        Min:  0.0, Avg:  0.0, Max:  0.0, Diff:  0.0, Sum:  0.0, Workers: 4
[93.794s][debug][gc,phases      ] GC(22)     Dead                           Min: 0, Avg:  0.0, Max: 0, Diff: 0, Sum: 0, Workers: 4
[93.794s][debug][gc,phases      ] GC(22)     Total                          Min: 153, Avg: 214.2, Max: 256, Diff: 103, Sum: 857, Workers: 4
[93.794s][debug][gc,phases      ] GC(22)   ObjectSynchronizer Weak        Min:  0.0, Avg:  0.0, Max:  0.0, Diff:  0.0, Sum:  0.0, Workers: 4
[93.794s][debug][gc,phases      ] GC(22)     Dead                           Min: 0, Avg:  0.0, Max: 0, Diff: 0, Sum: 0, Workers: 4
[93.794s][debug][gc,phases      ] GC(22)     Total                          Min: 0, Avg:  1.0, Max: 3, Diff: 3, Sum: 4, Workers: 4
[93.794s][debug][gc,phases      ] GC(22)   JVMTI Tag Weak OopStorage      Min:  0.0, Avg:  0.0, Max:  0.0, Diff:  0.0, Sum:  0.0, Workers: 4
[93.794s][debug][gc,phases      ] GC(22)     Dead                           Min: 0, Avg:  0.0, Max: 0, Diff: 0, Sum: 0, Workers: 4
[93.794s][debug][gc,phases      ] GC(22)     Total                          Min: 0, Avg:  0.0, Max: 0, Diff: 0, Sum: 0, Workers: 4
[93.794s][debug][gc,phases      ] GC(22)   StringTable Weak               Min:  0.2, Avg:  0.2, Max:  0.2, Diff:  0.0, Sum:  0.6, Workers: 4
[93.794s][debug][gc,phases      ] GC(22)     Dead                           Min: 0, Avg:  0.0, Max: 0, Diff: 0, Sum: 0, Workers: 4
[93.794s][debug][gc,phases      ] GC(22)     Total                          Min: 9920, Avg: 11052.0, Max: 11696, Diff: 1776, Sum: 44208, Workers: 4
[93.794s][debug][gc,phases      ] GC(22)   ResolvedMethodTable Weak       Min:  0.0, Avg:  0.0, Max:  0.0, Diff:  0.0, Sum:  0.1, Workers: 4
[93.794s][debug][gc,phases      ] GC(22)     Dead                           Min: 0, Avg:  0.0, Max: 0, Diff: 0, Sum: 0, Workers: 4
[93.794s][debug][gc,phases      ] GC(22)     Total                          Min: 2303, Avg: 2585.0, Max: 2688, Diff: 385, Sum: 10340, Workers: 4
[93.794s][debug][gc,phases      ] GC(22)   JNI Weak                       Min:  0.0, Avg:  0.0, Max:  0.0, Diff:  0.0, Sum:  0.0, Workers: 4
[93.794s][debug][gc,phases      ] GC(22)     Dead                           Min: 0, Avg:  0.0, Max: 0, Diff: 0, Sum: 0, Workers: 4
[93.794s][debug][gc,phases      ] GC(22)     Total                          Min: 0, Avg: 11.2, Max: 45, Diff: 45, Sum: 45, Workers: 4
[93.794s][debug][gc,phases      ] GC(22)   StringDedup Table Weak         Min:  0.0, Avg:  0.0, Max:  0.0, Diff:  0.0, Sum:  0.0, Workers: 4
[93.794s][debug][gc,phases      ] GC(22)     Dead                           Min: 0, Avg:  0.0, Max: 0, Diff: 0, Sum: 0, Workers: 4
[93.794s][debug][gc,phases      ] GC(22)     Total                          Min: 0, Avg:  0.0, Max: 0, Diff: 0, Sum: 0, Workers: 4
[93.794s][debug][gc,phases      ] GC(22)   StringDedup Requests0 Weak     Min:  0.0, Avg:  0.0, Max:  0.0, Diff:  0.0, Sum:  0.0, Workers: 4
[93.794s][debug][gc,phases      ] GC(22)     Dead                           Min: 0, Avg:  0.0, Max: 0, Diff: 0, Sum: 0, Workers: 4
[93.794s][debug][gc,phases      ] GC(22)     Total                          Min: 0, Avg:  0.0, Max: 0, Diff: 0, Sum: 0, Workers: 4
[93.794s][debug][gc,phases      ] GC(22)   StringDedup Requests1 Weak     Min:  0.0, Avg:  0.0, Max:  0.0, Diff:  0.0, Sum:  0.0, Workers: 4
[93.794s][debug][gc,phases      ] GC(22)     Dead                           Min: 0, Avg:  0.0, Max: 0, Diff: 0, Sum: 0, Workers: 4
[93.794s][debug][gc,phases      ] GC(22)     Total                          Min: 0, Avg:  0.0, Max: 0, Diff: 0, Sum: 0, Workers: 4
[93.794s][debug][gc,phases      ] GC(22)   Weak JFR Old Object Samples    Min:  0.0, Avg:  0.0, Max:  0.0, Diff:  0.0, Sum:  0.0, Workers: 4
[93.794s][debug][gc,phases      ] GC(22)     Dead                           Min: 0, Avg:  0.0, Max: 0, Diff: 0, Sum: 0, Workers: 4
[93.794s][debug][gc,phases      ] GC(22)     Total                          Min: 0, Avg:  0.0, Max: 0, Diff: 0, Sum: 0, Workers: 4
[93.794s][debug][gc,phases      ] GC(22) Weak Processing 0.364ms
[93.795s][debug][gc,phases      ] GC(22) ClassLoaderData 0.111ms
[93.795s][debug][gc,phases      ] GC(22) Trigger cleanups 0.000ms
[93.814s][debug][gc,phases      ] GC(22) Class Unloading 19.177ms
[93.814s][debug][gc,phases      ] GC(22) Report Object Count 0.001ms
[93.814s][info ][gc,phases      ] GC(22) Marking Phase 143.931ms
[93.814s][info ][gc,phases,start] GC(22) Summary Phase
[93.814s][info ][gc,phases      ] GC(22) Summary Phase 0.009ms
[93.814s][info ][gc,phases,start] GC(22) Adjust Roots
[93.833s][info ][gc,phases      ] GC(22) Adjust Roots 19.192ms
[93.833s][info ][gc,phases,start] GC(22) Compaction Phase
[94.453s][info ][gc,phases      ] GC(22) Compaction Phase 619.577ms
[94.453s][info ][gc,phases,start] GC(22) Post Compact
[94.455s][info ][gc,phases      ] GC(22) Post Compact 2.454ms
[94.455s][info ][gc,heap        ] GC(22) PSYoungGen: 270879K(1623040K)->269449K(1623040K) Eden: 0K(1138176K)->0K(1138176K) From: 270879K(484864K)->269449K(484864K)
[94.455s][info ][gc,heap        ] GC(22) ParOldGen: 87545K(87552K)->87248K(150016K)
[94.455s][info ][gc,metaspace   ] GC(22) Metaspace: 83577K(84608K)->83577K(84608K) NonClass: 71320K(71872K)->71320K(71872K) Class: 12256K(12736K)->12256K(12736K)
[94.455s][info ][gc             ] GC(22) Pause Full (Ergonomics) 350M->348M(1731M) 785.408ms
[94.455s][info ][gc,cpu         ] GC(22) User=2.10s Sys=0.02s Real=0.79s
[94.456s][info ][safepoint      ] Safepoint "ParallelGCFailedAllocation", Time since last: 893742895 ns, Reaching safepoint: 3300 ns, Cleanup: 64300 ns, At safepoint: 913834225 ns, Total: 913901825 ns
[95.456s][info ][safepoint      ] Safepoint "Cleanup", Time since last: 1000100561 ns, Reaching safepoint: 5800 ns, Cleanup: 69000 ns, At safepoint: 2600 ns, Total: 77400 ns
[96.456s][info ][safepoint      ] Safepoint "Cleanup", Time since last: 1000125860 ns, Reaching safepoint: 4700 ns, Cleanup: 49000 ns, At safepoint: 3300 ns, Total: 57000 ns
[97.456s][info ][safepoint      ] Safepoint "Cleanup", Time since last: 1000127243 ns, Reaching safepoint: 5000 ns, Cleanup: 47900 ns, At safepoint: 6700 ns, Total: 59600 ns
[98.598s][info ][safepoint      ] Safepoint "Cleanup", Time since last: 1141245300 ns, Reaching safepoint: 72200 ns, Cleanup: 75500 ns, At safepoint: 4600 ns, Total: 152300 ns
[98.798s][info ][gc,start       ] GC(23) Pause Young (Allocation Failure)
[98.912s][debug][gc,phases      ] GC(23) Scavenge 114.626ms
[98.912s][debug][gc,ref         ] GC(23) Skipped phase 1 of Reference Processing: no references
[98.913s][debug][gc,ref         ] GC(23) ReferenceProcessor::execute queues: 3, RefProcThreadModel::Multi, marks_oops_alive: false
[98.913s][debug][gc,ref         ] GC(23) Skipped phase 3 of Reference Processing: no references
[98.913s][debug][gc,ref         ] GC(23) ReferenceProcessor::execute queues: 1, RefProcThreadModel::Single, marks_oops_alive: false
[98.913s][debug][gc,phases      ] GC(23) Reference Processing 0.247ms
[98.913s][debug][gc,phases      ] GC(23)   VM Weak                        Min:  0.0, Avg:  0.0, Max:  0.0, Diff:  0.0, Sum:  0.0, Workers: 4
[98.913s][debug][gc,phases      ] GC(23)     Dead                           Min: 0, Avg:  0.0, Max: 0, Diff: 0, Sum: 0, Workers: 4
[98.913s][debug][gc,phases      ] GC(23)     Total                          Min: 64, Avg: 214.2, Max: 409, Diff: 345, Sum: 857, Workers: 4
[98.913s][debug][gc,phases      ] GC(23)   ObjectSynchronizer Weak        Min:  0.0, Avg:  0.0, Max:  0.0, Diff:  0.0, Sum:  0.0, Workers: 4
[98.913s][debug][gc,phases      ] GC(23)     Dead                           Min: 0, Avg:  0.0, Max: 0, Diff: 0, Sum: 0, Workers: 4
[98.913s][debug][gc,phases      ] GC(23)     Total                          Min: 0, Avg:  1.0, Max: 3, Diff: 3, Sum: 4, Workers: 4
[98.913s][debug][gc,phases      ] GC(23)   JVMTI Tag Weak OopStorage      Min:  0.0, Avg:  0.0, Max:  0.0, Diff:  0.0, Sum:  0.0, Workers: 4
[98.913s][debug][gc,phases      ] GC(23)     Dead                           Min: 0, Avg:  0.0, Max: 0, Diff: 0, Sum: 0, Workers: 4
[98.913s][debug][gc,phases      ] GC(23)     Total                          Min: 0, Avg:  0.0, Max: 0, Diff: 0, Sum: 0, Workers: 4
[98.913s][debug][gc,phases      ] GC(23)   StringTable Weak               Min:  0.2, Avg:  0.2, Max:  0.2, Diff:  0.0, Sum:  0.8, Workers: 4
[98.913s][debug][gc,phases      ] GC(23)     Dead                           Min: 0, Avg:  0.5, Max: 2, Diff: 2, Sum: 2, Workers: 4
[98.913s][debug][gc,phases      ] GC(23)     Total                          Min: 10503, Avg: 11057.8, Max: 11392, Diff: 889, Sum: 44231, Workers: 4
[98.913s][debug][gc,phases      ] GC(23)   ResolvedMethodTable Weak       Min:  0.1, Avg:  0.1, Max:  0.1, Diff:  0.0, Sum:  0.3, Workers: 4
[98.913s][debug][gc,phases      ] GC(23)     Dead                           Min: 0, Avg:  4.0, Max: 16, Diff: 16, Sum: 16, Workers: 4
[98.913s][debug][gc,phases      ] GC(23)     Total                          Min: 2480, Avg: 2588.0, Max: 2752, Diff: 272, Sum: 10352, Workers: 4
[98.913s][debug][gc,phases      ] GC(23)   JNI Weak                       Min:  0.0, Avg:  0.0, Max:  0.0, Diff:  0.0, Sum:  0.0, Workers: 4
[98.913s][debug][gc,phases      ] GC(23)     Dead                           Min: 0, Avg:  0.0, Max: 0, Diff: 0, Sum: 0, Workers: 4
[98.913s][debug][gc,phases      ] GC(23)     Total                          Min: 0, Avg: 11.2, Max: 45, Diff: 45, Sum: 45, Workers: 4
[98.913s][debug][gc,phases      ] GC(23)   StringDedup Table Weak         Min:  0.0, Avg:  0.0, Max:  0.0, Diff:  0.0, Sum:  0.0, Workers: 4
[98.913s][debug][gc,phases      ] GC(23)     Dead                           Min: 0, Avg:  0.0, Max: 0, Diff: 0, Sum: 0, Workers: 4
[98.913s][debug][gc,phases      ] GC(23)     Total                          Min: 0, Avg:  0.0, Max: 0, Diff: 0, Sum: 0, Workers: 4
[98.913s][debug][gc,phases      ] GC(23)   StringDedup Requests0 Weak     Min:  0.0, Avg:  0.0, Max:  0.0, Diff:  0.0, Sum:  0.0, Workers: 4
[98.913s][debug][gc,phases      ] GC(23)     Dead                           Min: 0, Avg:  0.0, Max: 0, Diff: 0, Sum: 0, Workers: 4
[98.913s][debug][gc,phases      ] GC(23)     Total                          Min: 0, Avg:  0.0, Max: 0, Diff: 0, Sum: 0, Workers: 4
[98.913s][debug][gc,phases      ] GC(23)   StringDedup Requests1 Weak     Min:  0.0, Avg:  0.0, Max:  0.0, Diff:  0.0, Sum:  0.0, Workers: 4
[98.913s][debug][gc,phases      ] GC(23)     Dead                           Min: 0, Avg:  0.0, Max: 0, Diff: 0, Sum: 0, Workers: 4
[98.913s][debug][gc,phases      ] GC(23)     Total                          Min: 0, Avg:  0.0, Max: 0, Diff: 0, Sum: 0, Workers: 4
[98.913s][debug][gc,phases      ] GC(23)   Weak JFR Old Object Samples    Min:  0.0, Avg:  0.0, Max:  0.0, Diff:  0.0, Sum:  0.0, Workers: 4
[98.913s][debug][gc,phases      ] GC(23)     Dead                           Min: 0, Avg:  0.0, Max: 0, Diff: 0, Sum: 0, Workers: 4
[98.913s][debug][gc,phases      ] GC(23)     Total                          Min: 0, Avg:  0.0, Max: 0, Diff: 0, Sum: 0, Workers: 4
[98.913s][debug][gc,phases      ] GC(23) Weak Processing 0.499ms
[98.913s][debug][gc,age         ] GC(23) Desired survivor size 489684992 bytes, new threshold 15 (max threshold 15)
[98.913s][info ][gc,heap        ] GC(23) PSYoungGen: 1407625K(1623040K)->181277K(1612288K) Eden: 1138176K(1138176K)->0K(1138176K) From: 269449K(484864K)->181277K(474112K)
[98.913s][info ][gc,heap        ] GC(23) ParOldGen: 87248K(150016K)->179595K(179712K)
[98.913s][info ][gc,metaspace   ] GC(23) Metaspace: 83670K(84672K)->83670K(84672K) NonClass: 71397K(71936K)->71397K(71936K) Class: 12272K(12736K)->12272K(12736K)
[98.913s][info ][gc             ] GC(23) Pause Young (Allocation Failure) 1459M->352M(1750M) 115.503ms
[98.913s][info ][gc,cpu         ] GC(23) User=0.39s Sys=0.02s Real=0.12s
[98.913s][debug][gc,phases      ] GC(24) Pre Compact 0.009ms
[98.913s][info ][gc,start       ] GC(24) Pause Full (Ergonomics)
[98.913s][info ][gc,phases,start] GC(24) Marking Phase
[99.037s][debug][gc,phases      ] GC(24) Par Mark 123.246ms
[99.037s][debug][gc,ref         ] GC(24) Skipped phase 1 of Reference Processing: no references
[99.037s][debug][gc,ref         ] GC(24) ReferenceProcessor::execute queues: 4, RefProcThreadModel::Multi, marks_oops_alive: false
[99.037s][debug][gc,ref         ] GC(24) Skipped phase 3 of Reference Processing: no references
[99.037s][debug][gc,ref         ] GC(24) ReferenceProcessor::execute queues: 1, RefProcThreadModel::Single, marks_oops_alive: false
[99.037s][debug][gc,phases      ] GC(24) Reference Processing 0.803ms
[99.038s][debug][gc,phases      ] GC(24)   VM Weak                        Min:  0.0, Avg:  0.0, Max:  0.0, Diff:  0.0, Sum:  0.0, Workers: 4
[99.038s][debug][gc,phases      ] GC(24)     Dead                           Min: 0, Avg:  0.0, Max: 0, Diff: 0, Sum: 0, Workers: 4
[99.038s][debug][gc,phases      ] GC(24)     Total                          Min: 128, Avg: 214.2, Max: 256, Diff: 128, Sum: 857, Workers: 4
[99.038s][debug][gc,phases      ] GC(24)   ObjectSynchronizer Weak        Min:  0.0, Avg:  0.0, Max:  0.0, Diff:  0.0, Sum:  0.0, Workers: 4
[99.038s][debug][gc,phases      ] GC(24)     Dead                           Min: 0, Avg:  0.0, Max: 0, Diff: 0, Sum: 0, Workers: 4
[99.038s][debug][gc,phases      ] GC(24)     Total                          Min: 0, Avg:  1.0, Max: 3, Diff: 3, Sum: 4, Workers: 4
[99.038s][debug][gc,phases      ] GC(24)   JVMTI Tag Weak OopStorage      Min:  0.0, Avg:  0.0, Max:  0.0, Diff:  0.0, Sum:  0.0, Workers: 4
[99.038s][debug][gc,phases      ] GC(24)     Dead                           Min: 0, Avg:  0.0, Max: 0, Diff: 0, Sum: 0, Workers: 4
[99.038s][debug][gc,phases      ] GC(24)     Total                          Min: 0, Avg:  0.0, Max: 0, Diff: 0, Sum: 0, Workers: 4
[99.038s][debug][gc,phases      ] GC(24)   StringTable Weak               Min:  0.2, Avg:  0.2, Max:  0.2, Diff:  0.0, Sum:  0.6, Workers: 4
[99.038s][debug][gc,phases      ] GC(24)     Dead                           Min: 0, Avg:  0.0, Max: 0, Diff: 0, Sum: 0, Workers: 4
[99.038s][debug][gc,phases      ] GC(24)     Total                          Min: 9728, Avg: 11057.8, Max: 12032, Diff: 2304, Sum: 44231, Workers: 4
[99.038s][debug][gc,phases      ] GC(24)   ResolvedMethodTable Weak       Min:  0.0, Avg:  0.0, Max:  0.0, Diff:  0.0, Sum:  0.1, Workers: 4
[99.038s][debug][gc,phases      ] GC(24)     Dead                           Min: 0, Avg:  0.0, Max: 0, Diff: 0, Sum: 0, Workers: 4
[99.038s][debug][gc,phases      ] GC(24)     Total                          Min: 1600, Avg: 2588.0, Max: 3003, Diff: 1403, Sum: 10352, Workers: 4
[99.038s][debug][gc,phases      ] GC(24)   JNI Weak                       Min:  0.0, Avg:  0.0, Max:  0.0, Diff:  0.0, Sum:  0.0, Workers: 4
[99.038s][debug][gc,phases      ] GC(24)     Dead                           Min: 0, Avg:  0.0, Max: 0, Diff: 0, Sum: 0, Workers: 4
[99.038s][debug][gc,phases      ] GC(24)     Total                          Min: 0, Avg: 11.2, Max: 45, Diff: 45, Sum: 45, Workers: 4
[99.038s][debug][gc,phases      ] GC(24)   StringDedup Table Weak         Min:  0.0, Avg:  0.0, Max:  0.0, Diff:  0.0, Sum:  0.0, Workers: 4
[99.038s][debug][gc,phases      ] GC(24)     Dead                           Min: 0, Avg:  0.0, Max: 0, Diff: 0, Sum: 0, Workers: 4
[99.038s][debug][gc,phases      ] GC(24)     Total                          Min: 0, Avg:  0.0, Max: 0, Diff: 0, Sum: 0, Workers: 4
[99.038s][debug][gc,phases      ] GC(24)   StringDedup Requests0 Weak     Min:  0.0, Avg:  0.0, Max:  0.0, Diff:  0.0, Sum:  0.0, Workers: 4
[99.038s][debug][gc,phases      ] GC(24)     Dead                           Min: 0, Avg:  0.0, Max: 0, Diff: 0, Sum: 0, Workers: 4
[99.038s][debug][gc,phases      ] GC(24)     Total                          Min: 0, Avg:  0.0, Max: 0, Diff: 0, Sum: 0, Workers: 4
[99.038s][debug][gc,phases      ] GC(24)   StringDedup Requests1 Weak     Min:  0.0, Avg:  0.0, Max:  0.0, Diff:  0.0, Sum:  0.0, Workers: 4
[99.038s][debug][gc,phases      ] GC(24)     Dead                           Min: 0, Avg:  0.0, Max: 0, Diff: 0, Sum: 0, Workers: 4
[99.038s][debug][gc,phases      ] GC(24)     Total                          Min: 0, Avg:  0.0, Max: 0, Diff: 0, Sum: 0, Workers: 4
[99.038s][debug][gc,phases      ] GC(24)   Weak JFR Old Object Samples    Min:  0.0, Avg:  0.0, Max:  0.0, Diff:  0.0, Sum:  0.0, Workers: 4
[99.038s][debug][gc,phases      ] GC(24)     Dead                           Min: 0, Avg:  0.0, Max: 0, Diff: 0, Sum: 0, Workers: 4
[99.038s][debug][gc,phases      ] GC(24)     Total                          Min: 0, Avg:  0.0, Max: 0, Diff: 0, Sum: 0, Workers: 4
[99.038s][debug][gc,phases      ] GC(24) Weak Processing 0.361ms
[99.038s][debug][gc,phases      ] GC(24) ClassLoaderData 0.098ms
[99.038s][debug][gc,phases      ] GC(24) Trigger cleanups 0.000ms
[99.055s][debug][gc,phases      ] GC(24) Class Unloading 17.425ms
[99.055s][debug][gc,phases      ] GC(24) Report Object Count 0.002ms
[99.055s][info ][gc,phases      ] GC(24) Marking Phase 142.045ms
[99.055s][info ][gc,phases,start] GC(24) Summary Phase
[99.055s][info ][gc,phases      ] GC(24) Summary Phase 0.013ms
[99.055s][info ][gc,phases,start] GC(24) Adjust Roots
[99.072s][info ][gc,phases      ] GC(24) Adjust Roots 16.270ms
[99.072s][info ][gc,phases,start] GC(24) Compaction Phase
[99.352s][info ][gc,phases      ] GC(24) Compaction Phase 280.790ms
[99.353s][info ][gc,phases,start] GC(24) Post Compact
[99.354s][info ][gc,phases      ] GC(24) Post Compact 1.388ms
[99.354s][info ][gc,heap        ] GC(24) PSYoungGen: 181277K(1612288K)->177338K(1612288K) Eden: 0K(1138176K)->0K(1138176K) From: 181277K(474112K)->177338K(474112K)
[99.354s][info ][gc,heap        ] GC(24) ParOldGen: 179595K(179712K)->179337K(289280K)
[99.354s][info ][gc,metaspace   ] GC(24) Metaspace: 83670K(84672K)->83670K(84672K) NonClass: 71397K(71936K)->71397K(71936K) Class: 12272K(12736K)->12272K(12736K)
[99.354s][info ][gc             ] GC(24) Pause Full (Ergonomics) 352M->348M(1857M) 440.865ms
[99.354s][info ][gc,cpu         ] GC(24) User=1.50s Sys=0.00s Real=0.44s
[99.354s][info ][safepoint      ] Safepoint "ParallelGCFailedAllocation", Time since last: 200109281 ns, Reaching safepoint: 3800 ns, Cleanup: 48300 ns, At safepoint: 556514080 ns, Total: 556566180 ns
[100.354s][info ][safepoint      ] Safepoint "Cleanup", Time since last: 1000086003 ns, Reaching safepoint: 4200 ns, Cleanup: 51400 ns, At safepoint: 5400 ns, Total: 61000 ns
[101.355s][info ][safepoint      ] Safepoint "Cleanup", Time since last: 1000107702 ns, Reaching safepoint: 4500 ns, Cleanup: 59300 ns, At safepoint: 5900 ns, Total: 69700 ns
[103.345s][info ][safepoint      ] Safepoint "Cleanup", Time since last: 1990191591 ns, Reaching safepoint: 72700 ns, Cleanup: 48100 ns, At safepoint: 4400 ns, Total: 125200 ns
[104.344s][info ][gc,start       ] GC(25) Pause Young (Allocation Failure)
[104.433s][debug][gc,phases      ] GC(25) Scavenge 88.965ms
[104.433s][debug][gc,ref         ] GC(25) Skipped phase 1 of Reference Processing: no references
[104.433s][debug][gc,ref         ] GC(25) ReferenceProcessor::execute queues: 2, RefProcThreadModel::Multi, marks_oops_alive: false
[104.433s][debug][gc,ref         ] GC(25) Skipped phase 3 of Reference Processing: no references
[104.433s][debug][gc,ref         ] GC(25) Skipped phase 4 of Reference Processing: no references
[104.433s][debug][gc,phases      ] GC(25) Reference Processing 0.217ms
[104.433s][debug][gc,phases      ] GC(25)   VM Weak                        Min:  0.0, Avg:  0.0, Max:  0.0, Diff:  0.0, Sum:  0.0, Workers: 4
[104.433s][debug][gc,phases      ] GC(25)     Dead                           Min: 0, Avg:  0.0, Max: 0, Diff: 0, Sum: 0, Workers: 4
[104.433s][debug][gc,phases      ] GC(25)     Total                          Min: 25, Avg: 214.2, Max: 448, Diff: 423, Sum: 857, Workers: 4
[104.433s][debug][gc,phases      ] GC(25)   ObjectSynchronizer Weak        Min:  0.0, Avg:  0.0, Max:  0.0, Diff:  0.0, Sum:  0.0, Workers: 4
[104.433s][debug][gc,phases      ] GC(25)     Dead                           Min: 0, Avg:  0.0, Max: 0, Diff: 0, Sum: 0, Workers: 4
[104.433s][debug][gc,phases      ] GC(25)     Total                          Min: 0, Avg:  1.0, Max: 3, Diff: 3, Sum: 4, Workers: 4
[104.433s][debug][gc,phases      ] GC(25)   JVMTI Tag Weak OopStorage      Min:  0.0, Avg:  0.0, Max:  0.0, Diff:  0.0, Sum:  0.0, Workers: 4
[104.433s][debug][gc,phases      ] GC(25)     Dead                           Min: 0, Avg:  0.0, Max: 0, Diff: 0, Sum: 0, Workers: 4
[104.433s][debug][gc,phases      ] GC(25)     Total                          Min: 0, Avg:  0.0, Max: 0, Diff: 0, Sum: 0, Workers: 4
[104.433s][debug][gc,phases      ] GC(25)   StringTable Weak               Min:  0.1, Avg:  0.1, Max:  0.1, Diff:  0.0, Sum:  0.5, Workers: 4
[104.433s][debug][gc,phases      ] GC(25)     Dead                           Min: 0, Avg:  0.0, Max: 0, Diff: 0, Sum: 0, Workers: 4
[104.433s][debug][gc,phases      ] GC(25)     Total                          Min: 9472, Avg: 11060.2, Max: 11793, Diff: 2321, Sum: 44241, Workers: 4
[104.433s][debug][gc,phases      ] GC(25)   ResolvedMethodTable Weak       Min:  0.0, Avg:  0.0, Max:  0.0, Diff:  0.0, Sum:  0.1, Workers: 4
[104.433s][debug][gc,phases      ] GC(25)     Dead                           Min: 0, Avg:  0.0, Max: 0, Diff: 0, Sum: 0, Workers: 4
[104.434s][debug][gc,phases      ] GC(25)     Total                          Min: 2357, Avg: 2588.0, Max: 2816, Diff: 459, Sum: 10352, Workers: 4
[104.434s][debug][gc,phases      ] GC(25)   JNI Weak                       Min:  0.0, Avg:  0.0, Max:  0.0, Diff:  0.0, Sum:  0.0, Workers: 4
[104.434s][debug][gc,phases      ] GC(25)     Dead                           Min: 0, Avg:  0.0, Max: 0, Diff: 0, Sum: 0, Workers: 4
[104.434s][debug][gc,phases      ] GC(25)     Total                          Min: 0, Avg: 11.2, Max: 45, Diff: 45, Sum: 45, Workers: 4
[104.434s][debug][gc,phases      ] GC(25)   StringDedup Table Weak         Min:  0.0, Avg:  0.0, Max:  0.0, Diff:  0.0, Sum:  0.0, Workers: 4
[104.434s][debug][gc,phases      ] GC(25)     Dead                           Min: 0, Avg:  0.0, Max: 0, Diff: 0, Sum: 0, Workers: 4
[104.434s][debug][gc,phases      ] GC(25)     Total                          Min: 0, Avg:  0.0, Max: 0, Diff: 0, Sum: 0, Workers: 4
[104.434s][debug][gc,phases      ] GC(25)   StringDedup Requests0 Weak     Min:  0.0, Avg:  0.0, Max:  0.0, Diff:  0.0, Sum:  0.0, Workers: 4
[104.434s][debug][gc,phases      ] GC(25)     Dead                           Min: 0, Avg:  0.0, Max: 0, Diff: 0, Sum: 0, Workers: 4
[104.434s][debug][gc,phases      ] GC(25)     Total                          Min: 0, Avg:  0.0, Max: 0, Diff: 0, Sum: 0, Workers: 4
[104.434s][debug][gc,phases      ] GC(25)   StringDedup Requests1 Weak     Min:  0.0, Avg:  0.0, Max:  0.0, Diff:  0.0, Sum:  0.0, Workers: 4
[104.434s][debug][gc,phases      ] GC(25)     Dead                           Min: 0, Avg:  0.0, Max: 0, Diff: 0, Sum: 0, Workers: 4
[104.434s][debug][gc,phases      ] GC(25)     Total                          Min: 0, Avg:  0.0, Max: 0, Diff: 0, Sum: 0, Workers: 4
[104.434s][debug][gc,phases      ] GC(25)   Weak JFR Old Object Samples    Min:  0.0, Avg:  0.0, Max:  0.0, Diff:  0.0, Sum:  0.0, Workers: 4
[104.434s][debug][gc,phases      ] GC(25)     Dead                           Min: 0, Avg:  0.0, Max: 0, Diff: 0, Sum: 0, Workers: 4
[104.434s][debug][gc,phases      ] GC(25)     Total                          Min: 0, Avg:  0.0, Max: 0, Diff: 0, Sum: 0, Workers: 4
[104.434s][debug][gc,phases      ] GC(25) Weak Processing 0.355ms
[104.434s][debug][gc,age         ] GC(25) Desired survivor size 501743616 bytes, new threshold 15 (max threshold 15)
[104.434s][info ][gc,heap        ] GC(25) PSYoungGen: 1315514K(1612288K)->115686K(1595392K) Eden: 1138176K(1138176K)->0K(1117184K) From: 177338K(474112K)->115686K(478208K)
[104.434s][info ][gc,heap        ] GC(25) ParOldGen: 179337K(289280K)->243303K(289280K)
[104.434s][info ][gc,metaspace   ] GC(25) Metaspace: 83704K(84736K)->83704K(84736K) NonClass: 71431K(72000K)->71431K(72000K) Class: 12272K(12736K)->12272K(12736K)
[104.434s][info ][gc             ] GC(25) Pause Young (Allocation Failure) 1459M->350M(1840M) 89.662ms
[104.434s][info ][gc,cpu         ] GC(25) User=0.30s Sys=0.03s Real=0.09s
[104.434s][debug][gc,phases      ] GC(26) Pre Compact 0.013ms
[104.434s][info ][gc,start       ] GC(26) Pause Full (Ergonomics)
[104.434s][info ][gc,phases,start] GC(26) Marking Phase
[104.557s][debug][gc,phases      ] GC(26) Par Mark 123.369ms
[104.557s][debug][gc,ref         ] GC(26) Skipped phase 1 of Reference Processing: no references
[104.558s][debug][gc,ref         ] GC(26) ReferenceProcessor::execute queues: 4, RefProcThreadModel::Multi, marks_oops_alive: false
[104.558s][debug][gc,ref         ] GC(26) Skipped phase 3 of Reference Processing: no references
[104.558s][debug][gc,ref         ] GC(26) ReferenceProcessor::execute queues: 1, RefProcThreadModel::Single, marks_oops_alive: false
[104.558s][debug][gc,phases      ] GC(26) Reference Processing 0.880ms
[104.558s][debug][gc,phases      ] GC(26)   VM Weak                        Min:  0.0, Avg:  0.0, Max:  0.0, Diff:  0.0, Sum:  0.0, Workers: 4
[104.558s][debug][gc,phases      ] GC(26)     Dead                           Min: 0, Avg:  0.0, Max: 0, Diff: 0, Sum: 0, Workers: 4
[104.558s][debug][gc,phases      ] GC(26)     Total                          Min: 0, Avg: 214.2, Max: 409, Diff: 409, Sum: 857, Workers: 4
[104.558s][debug][gc,phases      ] GC(26)   ObjectSynchronizer Weak        Min:  0.0, Avg:  0.0, Max:  0.0, Diff:  0.0, Sum:  0.0, Workers: 4
[104.558s][debug][gc,phases      ] GC(26)     Dead                           Min: 0, Avg:  0.0, Max: 0, Diff: 0, Sum: 0, Workers: 4
[104.558s][debug][gc,phases      ] GC(26)     Total                          Min: 0, Avg:  1.0, Max: 3, Diff: 3, Sum: 4, Workers: 4
[104.558s][debug][gc,phases      ] GC(26)   JVMTI Tag Weak OopStorage      Min:  0.0, Avg:  0.0, Max:  0.0, Diff:  0.0, Sum:  0.0, Workers: 4
[104.558s][debug][gc,phases      ] GC(26)     Dead                           Min: 0, Avg:  0.0, Max: 0, Diff: 0, Sum: 0, Workers: 4
[104.558s][debug][gc,phases      ] GC(26)     Total                          Min: 0, Avg:  0.0, Max: 0, Diff: 0, Sum: 0, Workers: 4
[104.558s][debug][gc,phases      ] GC(26)   StringTable Weak               Min:  0.0, Avg:  0.2, Max:  0.2, Diff:  0.2, Sum:  0.6, Workers: 4
[104.558s][debug][gc,phases      ] GC(26)     Dead                           Min: 0, Avg:  0.0, Max: 0, Diff: 0, Sum: 0, Workers: 4
[104.558s][debug][gc,phases      ] GC(26)     Total                          Min: 0, Avg: 11060.2, Max: 15232, Diff: 15232, Sum: 44241, Workers: 4
[104.558s][debug][gc,phases      ] GC(26)   ResolvedMethodTable Weak       Min:  0.0, Avg:  0.0, Max:  0.0, Diff:  0.0, Sum:  0.1, Workers: 4
[104.558s][debug][gc,phases      ] GC(26)     Dead                           Min: 0, Avg:  0.0, Max: 0, Diff: 0, Sum: 0, Workers: 4
[104.558s][debug][gc,phases      ] GC(26)     Total                          Min: 0, Avg: 2588.0, Max: 3643, Diff: 3643, Sum: 10352, Workers: 4
[104.558s][debug][gc,phases      ] GC(26)   JNI Weak                       Min:  0.0, Avg:  0.0, Max:  0.0, Diff:  0.0, Sum:  0.0, Workers: 4
[104.558s][debug][gc,phases      ] GC(26)     Dead                           Min: 0, Avg:  0.0, Max: 0, Diff: 0, Sum: 0, Workers: 4
[104.558s][debug][gc,phases      ] GC(26)     Total                          Min: 0, Avg: 11.2, Max: 45, Diff: 45, Sum: 45, Workers: 4
[104.558s][debug][gc,phases      ] GC(26)   StringDedup Table Weak         Min:  0.0, Avg:  0.0, Max:  0.0, Diff:  0.0, Sum:  0.0, Workers: 4
[104.558s][debug][gc,phases      ] GC(26)     Dead                           Min: 0, Avg:  0.0, Max: 0, Diff: 0, Sum: 0, Workers: 4
[104.558s][debug][gc,phases      ] GC(26)     Total                          Min: 0, Avg:  0.0, Max: 0, Diff: 0, Sum: 0, Workers: 4
[104.558s][debug][gc,phases      ] GC(26)   StringDedup Requests0 Weak     Min:  0.0, Avg:  0.0, Max:  0.0, Diff:  0.0, Sum:  0.0, Workers: 4
[104.558s][debug][gc,phases      ] GC(26)     Dead                           Min: 0, Avg:  0.0, Max: 0, Diff: 0, Sum: 0, Workers: 4
[104.558s][debug][gc,phases      ] GC(26)     Total                          Min: 0, Avg:  0.0, Max: 0, Diff: 0, Sum: 0, Workers: 4
[104.558s][debug][gc,phases      ] GC(26)   StringDedup Requests1 Weak     Min:  0.0, Avg:  0.0, Max:  0.0, Diff:  0.0, Sum:  0.0, Workers: 4
[104.558s][debug][gc,phases      ] GC(26)     Dead                           Min: 0, Avg:  0.0, Max: 0, Diff: 0, Sum: 0, Workers: 4
[104.558s][debug][gc,phases      ] GC(26)     Total                          Min: 0, Avg:  0.0, Max: 0, Diff: 0, Sum: 0, Workers: 4
[104.558s][debug][gc,phases      ] GC(26)   Weak JFR Old Object Samples    Min:  0.0, Avg:  0.0, Max:  0.0, Diff:  0.0, Sum:  0.0, Workers: 4
[104.558s][debug][gc,phases      ] GC(26)     Dead                           Min: 0, Avg:  0.0, Max: 0, Diff: 0, Sum: 0, Workers: 4
[104.558s][debug][gc,phases      ] GC(26)     Total                          Min: 0, Avg:  0.0, Max: 0, Diff: 0, Sum: 0, Workers: 4
[104.558s][debug][gc,phases      ] GC(26) Weak Processing 0.409ms
[104.559s][debug][gc,phases      ] GC(26) ClassLoaderData 0.091ms
[104.559s][debug][gc,phases      ] GC(26) Trigger cleanups 0.000ms
[104.575s][debug][gc,phases      ] GC(26) Class Unloading 16.114ms
[104.575s][debug][gc,phases      ] GC(26) Report Object Count 0.001ms
[104.575s][info ][gc,phases      ] GC(26) Marking Phase 140.966ms
[104.575s][info ][gc,phases,start] GC(26) Summary Phase
[104.575s][info ][gc,phases      ] GC(26) Summary Phase 0.017ms
[104.575s][info ][gc,phases,start] GC(26) Adjust Roots
[104.586s][info ][gc,phases      ] GC(26) Adjust Roots 11.592ms
[104.586s][info ][gc,phases,start] GC(26) Compaction Phase
[104.779s][info ][gc,phases      ] GC(26) Compaction Phase 193.006ms
[104.779s][info ][gc,phases,start] GC(26) Post Compact
[104.780s][info ][gc,phases      ] GC(26) Post Compact 0.919ms
[104.780s][info ][gc,heap        ] GC(26) PSYoungGen: 115686K(1595392K)->67867K(1595392K) Eden: 0K(1117184K)->0K(1117184K) From: 115686K(478208K)->67867K(478208K)
[104.780s][info ][gc,heap        ] GC(26) ParOldGen: 243303K(289280K)->288846K(430080K)
[104.780s][info ][gc,metaspace   ] GC(26) Metaspace: 83704K(84736K)->83704K(84736K) NonClass: 71431K(72000K)->71431K(72000K) Class: 12272K(12736K)->12272K(12736K)
[104.780s][info ][gc             ] GC(26) Pause Full (Ergonomics) 350M->348M(1978M) 346.766ms
[104.780s][info ][gc,cpu         ] GC(26) User=1.15s Sys=0.01s Real=0.34s
[104.781s][info ][safepoint      ] Safepoint "ParallelGCFailedAllocation", Time since last: 998989801 ns, Reaching safepoint: 4600 ns, Cleanup: 40200 ns, At safepoint: 436752524 ns, Total: 436797324 ns
[105.781s][info ][safepoint      ] Safepoint "Cleanup", Time since last: 1000058181 ns, Reaching safepoint: 3900 ns, Cleanup: 54800 ns, At safepoint: 2200 ns, Total: 60900 ns
[106.781s][info ][safepoint      ] Safepoint "Cleanup", Time since last: 1000099782 ns, Reaching safepoint: 3500 ns, Cleanup: 38400 ns, At safepoint: 3800 ns, Total: 45700 ns
[107.781s][info ][safepoint      ] Safepoint "Cleanup", Time since last: 1000100981 ns, Reaching safepoint: 3300 ns, Cleanup: 79200 ns, At safepoint: 5300 ns, Total: 87800 ns
[108.781s][info ][safepoint      ] Safepoint "Cleanup", Time since last: 1000116881 ns, Reaching safepoint: 6400 ns, Cleanup: 50400 ns, At safepoint: 2800 ns, Total: 59600 ns
[109.781s][info ][safepoint      ] Safepoint "Cleanup", Time since last: 1000103182 ns, Reaching safepoint: 3700 ns, Cleanup: 40200 ns, At safepoint: 3600 ns, Total: 47500 ns
[109.799s][info ][gc,start       ] GC(27) Pause Young (Allocation Failure)
[109.867s][debug][gc,phases      ] GC(27) Scavenge 67.554ms
[109.867s][debug][gc,ref         ] GC(27) Skipped phase 1 of Reference Processing: no references
[109.867s][debug][gc,ref         ] GC(27) ReferenceProcessor::execute queues: 1, RefProcThreadModel::Single, marks_oops_alive: false
[109.867s][debug][gc,ref         ] GC(27) Skipped phase 3 of Reference Processing: no references
[109.867s][debug][gc,ref         ] GC(27) Skipped phase 4 of Reference Processing: no references
[109.867s][debug][gc,phases      ] GC(27) Reference Processing 0.091ms
[109.867s][debug][gc,phases      ] GC(27)   VM Weak                        Min:  0.0, Avg:  0.0, Max:  0.0, Diff:  0.0, Sum:  0.0, Workers: 4
[109.867s][debug][gc,phases      ] GC(27)     Dead                           Min: 0, Avg:  0.0, Max: 0, Diff: 0, Sum: 0, Workers: 4
[109.867s][debug][gc,phases      ] GC(27)     Total                          Min: 0, Avg: 214.2, Max: 448, Diff: 448, Sum: 857, Workers: 4
[109.867s][debug][gc,phases      ] GC(27)   ObjectSynchronizer Weak        Min:  0.0, Avg:  0.0, Max:  0.0, Diff:  0.0, Sum:  0.0, Workers: 4
[109.867s][debug][gc,phases      ] GC(27)     Dead                           Min: 0, Avg:  0.0, Max: 0, Diff: 0, Sum: 0, Workers: 4
[109.867s][debug][gc,phases      ] GC(27)     Total                          Min: 0, Avg:  1.0, Max: 4, Diff: 4, Sum: 4, Workers: 4
[109.867s][debug][gc,phases      ] GC(27)   JVMTI Tag Weak OopStorage      Min:  0.0, Avg:  0.0, Max:  0.0, Diff:  0.0, Sum:  0.0, Workers: 4
[109.867s][debug][gc,phases      ] GC(27)     Dead                           Min: 0, Avg:  0.0, Max: 0, Diff: 0, Sum: 0, Workers: 4
[109.867s][debug][gc,phases      ] GC(27)     Total                          Min: 0, Avg:  0.0, Max: 0, Diff: 0, Sum: 0, Workers: 4
[109.867s][debug][gc,phases      ] GC(27)   StringTable Weak               Min:  0.0, Avg:  0.1, Max:  0.1, Diff:  0.1, Sum:  0.4, Workers: 4
[109.867s][debug][gc,phases      ] GC(27)     Dead                           Min: 0, Avg:  0.0, Max: 0, Diff: 0, Sum: 0, Workers: 4
[109.867s][debug][gc,phases      ] GC(27)     Total                          Min: 0, Avg: 11061.5, Max: 20032, Diff: 20032, Sum: 44246, Workers: 4
[109.867s][debug][gc,phases      ] GC(27)   ResolvedMethodTable Weak       Min:  0.0, Avg:  0.0, Max:  0.0, Diff:  0.0, Sum:  0.1, Workers: 4
[109.867s][debug][gc,phases      ] GC(27)     Dead                           Min: 0, Avg:  0.0, Max: 0, Diff: 0, Sum: 0, Workers: 4
[109.867s][debug][gc,phases      ] GC(27)     Total                          Min: 0, Avg: 2588.0, Max: 4475, Diff: 4475, Sum: 10352, Workers: 4
[109.867s][debug][gc,phases      ] GC(27)   JNI Weak                       Min:  0.0, Avg:  0.0, Max:  0.0, Diff:  0.0, Sum:  0.0, Workers: 4
[109.867s][debug][gc,phases      ] GC(27)     Dead                           Min: 0, Avg:  0.0, Max: 0, Diff: 0, Sum: 0, Workers: 4
[109.867s][debug][gc,phases      ] GC(27)     Total                          Min: 0, Avg: 11.2, Max: 45, Diff: 45, Sum: 45, Workers: 4
[109.867s][debug][gc,phases      ] GC(27)   StringDedup Table Weak         Min:  0.0, Avg:  0.0, Max:  0.0, Diff:  0.0, Sum:  0.0, Workers: 4
[109.867s][debug][gc,phases      ] GC(27)     Dead                           Min: 0, Avg:  0.0, Max: 0, Diff: 0, Sum: 0, Workers: 4
[109.867s][debug][gc,phases      ] GC(27)     Total                          Min: 0, Avg:  0.0, Max: 0, Diff: 0, Sum: 0, Workers: 4
[109.867s][debug][gc,phases      ] GC(27)   StringDedup Requests0 Weak     Min:  0.0, Avg:  0.0, Max:  0.0, Diff:  0.0, Sum:  0.0, Workers: 4
[109.867s][debug][gc,phases      ] GC(27)     Dead                           Min: 0, Avg:  0.0, Max: 0, Diff: 0, Sum: 0, Workers: 4
[109.867s][debug][gc,phases      ] GC(27)     Total                          Min: 0, Avg:  0.0, Max: 0, Diff: 0, Sum: 0, Workers: 4
[109.867s][debug][gc,phases      ] GC(27)   StringDedup Requests1 Weak     Min:  0.0, Avg:  0.0, Max:  0.0, Diff:  0.0, Sum:  0.0, Workers: 4
[109.867s][debug][gc,phases      ] GC(27)     Dead                           Min: 0, Avg:  0.0, Max: 0, Diff: 0, Sum: 0, Workers: 4
[109.867s][debug][gc,phases      ] GC(27)     Total                          Min: 0, Avg:  0.0, Max: 0, Diff: 0, Sum: 0, Workers: 4
[109.867s][debug][gc,phases      ] GC(27)   Weak JFR Old Object Samples    Min:  0.0, Avg:  0.0, Max:  0.0, Diff:  0.0, Sum:  0.0, Workers: 4
[109.867s][debug][gc,phases      ] GC(27)     Dead                           Min: 0, Avg:  0.0, Max: 0, Diff: 0, Sum: 0, Workers: 4
[109.867s][debug][gc,phases      ] GC(27)     Total                          Min: 0, Avg:  0.0, Max: 0, Diff: 0, Sum: 0, Workers: 4
[109.867s][debug][gc,phases      ] GC(27) Weak Processing 0.373ms
[109.867s][debug][gc,age         ] GC(27) Desired survivor size 519045120 bytes, new threshold 15 (max threshold 15)
[109.868s][info ][gc,heap        ] GC(27) PSYoungGen: 1185051K(1595392K)->48774K(1166336K) Eden: 1117184K(1117184K)->0K(1117184K) From: 67867K(478208K)->48774K(49152K)
[109.868s][info ][gc,heap        ] GC(27) ParOldGen: 288846K(430080K)->309022K(430080K)
[109.868s][info ][gc,metaspace   ] GC(27) Metaspace: 83729K(84736K)->83729K(84736K) NonClass: 71457K(72000K)->71457K(72000K) Class: 12272K(12736K)->12272K(12736K)
[109.868s][info ][gc             ] GC(27) Pause Young (Allocation Failure) 1439M->349M(1559M) 68.137ms
[109.868s][info ][gc,cpu         ] GC(27) User=0.22s Sys=0.01s Real=0.07s
[109.868s][info ][safepoint      ] Safepoint "ParallelGCFailedAllocation", Time since last: 17824728 ns, Reaching safepoint: 74600 ns, Cleanup: 31300 ns, At safepoint: 68217908 ns, Total: 68323808 ns
[110.868s][info ][safepoint      ] Safepoint "Cleanup", Time since last: 1000079881 ns, Reaching safepoint: 3500 ns, Cleanup: 39000 ns, At safepoint: 3200 ns, Total: 45700 ns
[111.868s][info ][safepoint      ] Safepoint "Cleanup", Time since last: 1000090682 ns, Reaching safepoint: 4100 ns, Cleanup: 41200 ns, At safepoint: 4100 ns, Total: 49400 ns
[112.868s][info ][safepoint      ] Safepoint "Cleanup", Time since last: 1000105777 ns, Reaching safepoint: 3300 ns, Cleanup: 43500 ns, At safepoint: 4100 ns, Total: 50900 ns
[113.868s][info ][safepoint      ] Safepoint "Cleanup", Time since last: 1000116864 ns, Reaching safepoint: 3100 ns, Cleanup: 41700 ns, At safepoint: 2500 ns, Total: 47300 ns
[114.868s][info ][safepoint      ] Safepoint "Cleanup", Time since last: 1000094265 ns, Reaching safepoint: 3200 ns, Cleanup: 35700 ns, At safepoint: 3900 ns, Total: 42800 ns
[115.492s][info ][gc,start       ] GC(28) Pause Young (Allocation Failure)
[115.520s][debug][gc,phases      ] GC(28) Scavenge 27.933ms
[115.520s][debug][gc,ref         ] GC(28) Skipped phase 1 of Reference Processing: no references
[115.520s][debug][gc,ref         ] GC(28) ReferenceProcessor::execute queues: 1, RefProcThreadModel::Single, marks_oops_alive: false
[115.520s][debug][gc,ref         ] GC(28) Skipped phase 3 of Reference Processing: no references
[115.520s][debug][gc,ref         ] GC(28) Skipped phase 4 of Reference Processing: no references
[115.520s][debug][gc,phases      ] GC(28) Reference Processing 0.091ms
[115.520s][debug][gc,phases      ] GC(28)   VM Weak                        Min:  0.0, Avg:  0.0, Max:  0.0, Diff:  0.0, Sum:  0.0, Workers: 4
[115.520s][debug][gc,phases      ] GC(28)     Dead                           Min: 0, Avg:  0.0, Max: 0, Diff: 0, Sum: 0, Workers: 4
[115.520s][debug][gc,phases      ] GC(28)     Total                          Min: 0, Avg: 214.2, Max: 793, Diff: 793, Sum: 857, Workers: 4
[115.520s][debug][gc,phases      ] GC(28)   ObjectSynchronizer Weak        Min:  0.0, Avg:  0.0, Max:  0.0, Diff:  0.0, Sum:  0.0, Workers: 4
[115.520s][debug][gc,phases      ] GC(28)     Dead                           Min: 0, Avg:  0.0, Max: 0, Diff: 0, Sum: 0, Workers: 4
[115.520s][debug][gc,phases      ] GC(28)     Total                          Min: 0, Avg:  1.0, Max: 4, Diff: 4, Sum: 4, Workers: 4
[115.520s][debug][gc,phases      ] GC(28)   JVMTI Tag Weak OopStorage      Min:  0.0, Avg:  0.0, Max:  0.0, Diff:  0.0, Sum:  0.0, Workers: 4
[115.520s][debug][gc,phases      ] GC(28)     Dead                           Min: 0, Avg:  0.0, Max: 0, Diff: 0, Sum: 0, Workers: 4
[115.520s][debug][gc,phases      ] GC(28)     Total                          Min: 0, Avg:  0.0, Max: 0, Diff: 0, Sum: 0, Workers: 4
[115.520s][debug][gc,phases      ] GC(28)   StringTable Weak               Min:  0.0, Avg:  0.1, Max:  0.1, Diff:  0.1, Sum:  0.4, Workers: 4
[115.520s][debug][gc,phases      ] GC(28)     Dead                           Min: 0, Avg:  0.0, Max: 0, Diff: 0, Sum: 0, Workers: 4
[115.520s][debug][gc,phases      ] GC(28)     Total                          Min: 0, Avg: 11062.2, Max: 19545, Diff: 19545, Sum: 44249, Workers: 4
[115.520s][debug][gc,phases      ] GC(28)   ResolvedMethodTable Weak       Min:  0.0, Avg:  0.0, Max:  0.0, Diff:  0.0, Sum:  0.1, Workers: 4
[115.520s][debug][gc,phases      ] GC(28)     Dead                           Min: 0, Avg:  0.0, Max: 0, Diff: 0, Sum: 0, Workers: 4
[115.520s][debug][gc,phases      ] GC(28)     Total                          Min: 0, Avg: 2588.0, Max: 4470, Diff: 4470, Sum: 10352, Workers: 4
[115.521s][debug][gc,phases      ] GC(28)   JNI Weak                       Min:  0.0, Avg:  0.0, Max:  0.0, Diff:  0.0, Sum:  0.0, Workers: 4
[115.521s][debug][gc,phases      ] GC(28)     Dead                           Min: 0, Avg:  0.0, Max: 0, Diff: 0, Sum: 0, Workers: 4
[115.521s][debug][gc,phases      ] GC(28)     Total                          Min: 0, Avg: 11.2, Max: 45, Diff: 45, Sum: 45, Workers: 4
[115.521s][debug][gc,phases      ] GC(28)   StringDedup Table Weak         Min:  0.0, Avg:  0.0, Max:  0.0, Diff:  0.0, Sum:  0.0, Workers: 4
[115.521s][debug][gc,phases      ] GC(28)     Dead                           Min: 0, Avg:  0.0, Max: 0, Diff: 0, Sum: 0, Workers: 4
[115.521s][debug][gc,phases      ] GC(28)     Total                          Min: 0, Avg:  0.0, Max: 0, Diff: 0, Sum: 0, Workers: 4
[115.521s][debug][gc,phases      ] GC(28)   StringDedup Requests0 Weak     Min:  0.0, Avg:  0.0, Max:  0.0, Diff:  0.0, Sum:  0.0, Workers: 4
[115.521s][debug][gc,phases      ] GC(28)     Dead                           Min: 0, Avg:  0.0, Max: 0, Diff: 0, Sum: 0, Workers: 4
[115.521s][debug][gc,phases      ] GC(28)     Total                          Min: 0, Avg:  0.0, Max: 0, Diff: 0, Sum: 0, Workers: 4
[115.521s][debug][gc,phases      ] GC(28)   StringDedup Requests1 Weak     Min:  0.0, Avg:  0.0, Max:  0.0, Diff:  0.0, Sum:  0.0, Workers: 4
[115.521s][debug][gc,phases      ] GC(28)     Dead                           Min: 0, Avg:  0.0, Max: 0, Diff: 0, Sum: 0, Workers: 4
[115.521s][debug][gc,phases      ] GC(28)     Total                          Min: 0, Avg:  0.0, Max: 0, Diff: 0, Sum: 0, Workers: 4
[115.521s][debug][gc,phases      ] GC(28)   Weak JFR Old Object Samples    Min:  0.0, Avg:  0.0, Max:  0.0, Diff:  0.0, Sum:  0.0, Workers: 4
[115.521s][debug][gc,phases      ] GC(28)     Dead                           Min: 0, Avg:  0.0, Max: 0, Diff: 0, Sum: 0, Workers: 4
[115.521s][debug][gc,phases      ] GC(28)     Total                          Min: 0, Avg:  0.0, Max: 0, Diff: 0, Sum: 0, Workers: 4
[115.521s][debug][gc,phases      ] GC(28) Weak Processing 0.324ms
[115.521s][debug][gc,age         ] GC(28) Desired survivor size 531103744 bytes, new threshold 15 (max threshold 15)
[115.521s][info ][gc,heap        ] GC(28) PSYoungGen: 1165958K(1166336K)->36230K(1566720K) Eden: 1117184K(1117184K)->0K(1059840K) From: 48774K(49152K)->36230K(506880K)
[115.521s][info ][gc,heap        ] GC(28) ParOldGen: 309022K(430080K)->321695K(430080K)
[115.521s][info ][gc,metaspace   ] GC(28) Metaspace: 83733K(84736K)->83733K(84736K) NonClass: 71461K(72000K)->71461K(72000K) Class: 12272K(12736K)->12272K(12736K)
[115.521s][info ][gc             ] GC(28) Pause Young (Allocation Failure) 1440M->349M(1950M) 28.463ms
[115.521s][info ][gc,cpu         ] GC(28) User=0.09s Sys=0.00s Real=0.03s
[115.521s][info ][safepoint      ] Safepoint "ParallelGCFailedAllocation", Time since last: 623693939 ns, Reaching safepoint: 76200 ns, Cleanup: 16700 ns, At safepoint: 28538124 ns, Total: 28631024 ns
[116.521s][info ][safepoint      ] Safepoint "Cleanup", Time since last: 1000086065 ns, Reaching safepoint: 4600 ns, Cleanup: 28400 ns, At safepoint: 2800 ns, Total: 35800 ns
[117.521s][info ][safepoint      ] Safepoint "Cleanup", Time since last: 1000102864 ns, Reaching safepoint: 4100 ns, Cleanup: 37800 ns, At safepoint: 3200 ns, Total: 45100 ns
[118.521s][info ][safepoint      ] Safepoint "Cleanup", Time since last: 1000095564 ns, Reaching safepoint: 3900 ns, Cleanup: 44400 ns, At safepoint: 2200 ns, Total: 50500 ns
[119.521s][info ][safepoint      ] Safepoint "Cleanup", Time since last: 1000118478 ns, Reaching safepoint: 3600 ns, Cleanup: 39900 ns, At safepoint: 7000 ns, Total: 50500 ns
[121.057s][info ][safepoint      ] Safepoint "Cleanup", Time since last: 1535781489 ns, Reaching safepoint: 4500 ns, Cleanup: 36901 ns, At safepoint: 5300 ns, Total: 46701 ns
[121.692s][info ][gc,start       ] GC(29) Pause Young (Allocation Failure)
[121.711s][debug][gc,phases      ] GC(29) Scavenge 19.223ms
[121.711s][debug][gc,ref         ] GC(29) Skipped phase 1 of Reference Processing: no references
[121.711s][debug][gc,ref         ] GC(29) ReferenceProcessor::execute queues: 1, RefProcThreadModel::Single, marks_oops_alive: false
[121.711s][debug][gc,ref         ] GC(29) Skipped phase 3 of Reference Processing: no references
[121.711s][debug][gc,ref         ] GC(29) Skipped phase 4 of Reference Processing: no references
[121.712s][debug][gc,phases      ] GC(29) Reference Processing 0.098ms
[121.712s][debug][gc,phases      ] GC(29)   VM Weak                        Min:  0.0, Avg:  0.0, Max:  0.0, Diff:  0.0, Sum:  0.0, Workers: 4
[121.712s][debug][gc,phases      ] GC(29)     Dead                           Min: 0, Avg:  0.0, Max: 0, Diff: 0, Sum: 0, Workers: 4
[121.712s][debug][gc,phases      ] GC(29)     Total                          Min: 0, Avg: 214.2, Max: 409, Diff: 409, Sum: 857, Workers: 4
[121.712s][debug][gc,phases      ] GC(29)   ObjectSynchronizer Weak        Min:  0.0, Avg:  0.0, Max:  0.0, Diff:  0.0, Sum:  0.0, Workers: 4
[121.712s][debug][gc,phases      ] GC(29)     Dead                           Min: 0, Avg:  0.0, Max: 0, Diff: 0, Sum: 0, Workers: 4
[121.712s][debug][gc,phases      ] GC(29)     Total                          Min: 0, Avg:  0.8, Max: 3, Diff: 3, Sum: 3, Workers: 4
[121.712s][debug][gc,phases      ] GC(29)   JVMTI Tag Weak OopStorage      Min:  0.0, Avg:  0.0, Max:  0.0, Diff:  0.0, Sum:  0.0, Workers: 4
[121.712s][debug][gc,phases      ] GC(29)     Dead                           Min: 0, Avg:  0.0, Max: 0, Diff: 0, Sum: 0, Workers: 4
[121.712s][debug][gc,phases      ] GC(29)     Total                          Min: 0, Avg:  0.0, Max: 0, Diff: 0, Sum: 0, Workers: 4
[121.712s][debug][gc,phases      ] GC(29)   StringTable Weak               Min:  0.0, Avg:  0.1, Max:  0.1, Diff:  0.1, Sum:  0.4, Workers: 4
[121.712s][debug][gc,phases      ] GC(29)     Dead                           Min: 0, Avg:  0.0, Max: 0, Diff: 0, Sum: 0, Workers: 4
[121.712s][debug][gc,phases      ] GC(29)     Total                          Min: 0, Avg: 11063.8, Max: 15263, Diff: 15263, Sum: 44255, Workers: 4
[121.712s][debug][gc,phases      ] GC(29)   ResolvedMethodTable Weak       Min:  0.0, Avg:  0.0, Max:  0.0, Diff:  0.0, Sum:  0.1, Workers: 4
[121.712s][debug][gc,phases      ] GC(29)     Dead                           Min: 0, Avg:  0.0, Max: 0, Diff: 0, Sum: 0, Workers: 4
[121.712s][debug][gc,phases      ] GC(29)     Total                          Min: 0, Avg: 2588.0, Max: 3760, Diff: 3760, Sum: 10352, Workers: 4
[121.712s][debug][gc,phases      ] GC(29)   JNI Weak                       Min:  0.0, Avg:  0.0, Max:  0.0, Diff:  0.0, Sum:  0.0, Workers: 4
[121.712s][debug][gc,phases      ] GC(29)     Dead                           Min: 0, Avg:  0.0, Max: 0, Diff: 0, Sum: 0, Workers: 4
[121.712s][debug][gc,phases      ] GC(29)     Total                          Min: 0, Avg: 11.2, Max: 45, Diff: 45, Sum: 45, Workers: 4
[121.712s][debug][gc,phases      ] GC(29)   StringDedup Table Weak         Min:  0.0, Avg:  0.0, Max:  0.0, Diff:  0.0, Sum:  0.0, Workers: 4
[121.712s][debug][gc,phases      ] GC(29)     Dead                           Min: 0, Avg:  0.0, Max: 0, Diff: 0, Sum: 0, Workers: 4
[121.712s][debug][gc,phases      ] GC(29)     Total                          Min: 0, Avg:  0.0, Max: 0, Diff: 0, Sum: 0, Workers: 4
[121.712s][debug][gc,phases      ] GC(29)   StringDedup Requests0 Weak     Min:  0.0, Avg:  0.0, Max:  0.0, Diff:  0.0, Sum:  0.0, Workers: 4
[121.712s][debug][gc,phases      ] GC(29)     Dead                           Min: 0, Avg:  0.0, Max: 0, Diff: 0, Sum: 0, Workers: 4
[121.712s][debug][gc,phases      ] GC(29)     Total                          Min: 0, Avg:  0.0, Max: 0, Diff: 0, Sum: 0, Workers: 4
[121.712s][debug][gc,phases      ] GC(29)   StringDedup Requests1 Weak     Min:  0.0, Avg:  0.0, Max:  0.0, Diff:  0.0, Sum:  0.0, Workers: 4
[121.712s][debug][gc,phases      ] GC(29)     Dead                           Min: 0, Avg:  0.0, Max: 0, Diff: 0, Sum: 0, Workers: 4
[121.712s][debug][gc,phases      ] GC(29)     Total                          Min: 0, Avg:  0.0, Max: 0, Diff: 0, Sum: 0, Workers: 4
[121.712s][debug][gc,phases      ] GC(29)   Weak JFR Old Object Samples    Min:  0.0, Avg:  0.0, Max:  0.0, Diff:  0.0, Sum:  0.0, Workers: 4
[121.712s][debug][gc,phases      ] GC(29)     Dead                           Min: 0, Avg:  0.0, Max: 0, Diff: 0, Sum: 0, Workers: 4
[121.712s][debug][gc,phases      ] GC(29)     Total                          Min: 0, Avg:  0.0, Max: 0, Diff: 0, Sum: 0, Workers: 4
[121.712s][debug][gc,phases      ] GC(29) Weak Processing 0.346ms
[121.712s][debug][gc,age         ] GC(29) Desired survivor size 535822336 bytes, new threshold 15 (max threshold 15)
[121.712s][info ][gc,heap        ] GC(29) PSYoungGen: 1096070K(1566720K)->35286K(1095168K) Eden: 1059840K(1059840K)->0K(1059840K) From: 36230K(506880K)->35286K(35328K)
[121.712s][info ][gc,heap        ] GC(29) ParOldGen: 321695K(430080K)->322671K(430080K)
[121.712s][info ][gc,metaspace   ] GC(29) Metaspace: 83745K(84736K)->83745K(84736K) NonClass: 71473K(72000K)->71473K(72000K) Class: 12272K(12736K)->12272K(12736K)
[121.712s][info ][gc             ] GC(29) Pause Young (Allocation Failure) 1384M->349M(1489M) 19.798ms
[121.712s][info ][gc,cpu         ] GC(29) User=0.06s Sys=0.00s Real=0.02s
[121.712s][info ][safepoint      ] Safepoint "ParallelGCFailedAllocation", Time since last: 634900563 ns, Reaching safepoint: 77400 ns, Cleanup: 33300 ns, At safepoint: 19879227 ns, Total: 19989927 ns
[122.712s][info ][safepoint      ] Safepoint "Cleanup", Time since last: 1000080259 ns, Reaching safepoint: 3900 ns, Cleanup: 36000 ns, At safepoint: 4400 ns, Total: 44300 ns
[124.712s][info ][safepoint      ] Safepoint "Cleanup", Time since last: 2000141119 ns, Reaching safepoint: 4400 ns, Cleanup: 61800 ns, At safepoint: 4900 ns, Total: 71100 ns
[125.712s][info ][safepoint      ] Safepoint "Cleanup", Time since last: 1000128359 ns, Reaching safepoint: 5000 ns, Cleanup: 66500 ns, At safepoint: 2600 ns, Total: 74100 ns
[126.713s][info ][safepoint      ] Safepoint "Cleanup", Time since last: 1000107160 ns, Reaching safepoint: 74000 ns, Cleanup: 46100 ns, At safepoint: 8100 ns, Total: 128200 ns
[127.713s][info ][safepoint      ] Safepoint "Cleanup", Time since last: 1000102059 ns, Reaching safepoint: 5700 ns, Cleanup: 42000 ns, At safepoint: 6200 ns, Total: 53900 ns
[128.713s][info ][safepoint      ] Safepoint "Cleanup", Time since last: 1000120760 ns, Reaching safepoint: 4100 ns, Cleanup: 32300 ns, At safepoint: 2700 ns, Total: 39100 ns
[128.839s][info ][gc,start       ] GC(30) Pause Young (Allocation Failure)
[128.865s][debug][gc,phases      ] GC(30) Scavenge 25.977ms
[128.865s][debug][gc,ref         ] GC(30) Skipped phase 1 of Reference Processing: no references
[128.865s][debug][gc,ref         ] GC(30) ReferenceProcessor::execute queues: 1, RefProcThreadModel::Single, marks_oops_alive: false
[128.865s][debug][gc,ref         ] GC(30) Skipped phase 3 of Reference Processing: no references
[128.865s][debug][gc,ref         ] GC(30) ReferenceProcessor::execute queues: 1, RefProcThreadModel::Single, marks_oops_alive: false
[128.865s][debug][gc,phases      ] GC(30) Reference Processing 0.166ms
[128.865s][debug][gc,phases      ] GC(30)   VM Weak                        Min:  0.0, Avg:  0.0, Max:  0.0, Diff:  0.0, Sum:  0.0, Workers: 4
[128.865s][debug][gc,phases      ] GC(30)     Dead                           Min: 0, Avg:  0.0, Max: 0, Diff: 0, Sum: 0, Workers: 4
[128.865s][debug][gc,phases      ] GC(30)     Total                          Min: 0, Avg: 214.2, Max: 409, Diff: 409, Sum: 857, Workers: 4
[128.865s][debug][gc,phases      ] GC(30)   ObjectSynchronizer Weak        Min:  0.0, Avg:  0.0, Max:  0.0, Diff:  0.0, Sum:  0.0, Workers: 4
[128.865s][debug][gc,phases      ] GC(30)     Dead                           Min: 0, Avg:  0.0, Max: 0, Diff: 0, Sum: 0, Workers: 4
[128.865s][debug][gc,phases      ] GC(30)     Total                          Min: 0, Avg:  1.0, Max: 4, Diff: 4, Sum: 4, Workers: 4
[128.865s][debug][gc,phases      ] GC(30)   JVMTI Tag Weak OopStorage      Min:  0.0, Avg:  0.0, Max:  0.0, Diff:  0.0, Sum:  0.0, Workers: 4
[128.865s][debug][gc,phases      ] GC(30)     Dead                           Min: 0, Avg:  0.0, Max: 0, Diff: 0, Sum: 0, Workers: 4
[128.865s][debug][gc,phases      ] GC(30)     Total                          Min: 0, Avg:  0.0, Max: 0, Diff: 0, Sum: 0, Workers: 4
[128.865s][debug][gc,phases      ] GC(30)   StringTable Weak               Min:  0.0, Avg:  0.1, Max:  0.1, Diff:  0.1, Sum:  0.4, Workers: 4
[128.865s][debug][gc,phases      ] GC(30)     Dead                           Min: 0, Avg:  0.2, Max: 1, Diff: 1, Sum: 1, Workers: 4
[128.865s][debug][gc,phases      ] GC(30)     Total                          Min: 0, Avg: 11073.5, Max: 15680, Diff: 15680, Sum: 44294, Workers: 4
[128.865s][debug][gc,phases      ] GC(30)   ResolvedMethodTable Weak       Min:  0.0, Avg:  0.0, Max:  0.0, Diff:  0.0, Sum:  0.1, Workers: 4
[128.865s][debug][gc,phases      ] GC(30)     Dead                           Min: 0, Avg:  0.0, Max: 0, Diff: 0, Sum: 0, Workers: 4
[128.865s][debug][gc,phases      ] GC(30)     Total                          Min: 0, Avg: 2592.8, Max: 3520, Diff: 3520, Sum: 10371, Workers: 4
[128.865s][debug][gc,phases      ] GC(30)   JNI Weak                       Min:  0.0, Avg:  0.0, Max:  0.0, Diff:  0.0, Sum:  0.0, Workers: 4
[128.865s][debug][gc,phases      ] GC(30)     Dead                           Min: 0, Avg:  0.0, Max: 0, Diff: 0, Sum: 0, Workers: 4
[128.865s][debug][gc,phases      ] GC(30)     Total                          Min: 0, Avg: 11.2, Max: 45, Diff: 45, Sum: 45, Workers: 4
[128.865s][debug][gc,phases      ] GC(30)   StringDedup Table Weak         Min:  0.0, Avg:  0.0, Max:  0.0, Diff:  0.0, Sum:  0.0, Workers: 4
[128.865s][debug][gc,phases      ] GC(30)     Dead                           Min: 0, Avg:  0.0, Max: 0, Diff: 0, Sum: 0, Workers: 4
[128.865s][debug][gc,phases      ] GC(30)     Total                          Min: 0, Avg:  0.0, Max: 0, Diff: 0, Sum: 0, Workers: 4
[128.865s][debug][gc,phases      ] GC(30)   StringDedup Requests0 Weak     Min:  0.0, Avg:  0.0, Max:  0.0, Diff:  0.0, Sum:  0.0, Workers: 4
[128.866s][debug][gc,phases      ] GC(30)     Dead                           Min: 0, Avg:  0.0, Max: 0, Diff: 0, Sum: 0, Workers: 4
[128.866s][debug][gc,phases      ] GC(30)     Total                          Min: 0, Avg:  0.0, Max: 0, Diff: 0, Sum: 0, Workers: 4
[128.866s][debug][gc,phases      ] GC(30)   StringDedup Requests1 Weak     Min:  0.0, Avg:  0.0, Max:  0.0, Diff:  0.0, Sum:  0.0, Workers: 4
[128.866s][debug][gc,phases      ] GC(30)     Dead                           Min: 0, Avg:  0.0, Max: 0, Diff: 0, Sum: 0, Workers: 4
[128.866s][debug][gc,phases      ] GC(30)     Total                          Min: 0, Avg:  0.0, Max: 0, Diff: 0, Sum: 0, Workers: 4
[128.866s][debug][gc,phases      ] GC(30)   Weak JFR Old Object Samples    Min:  0.0, Avg:  0.0, Max:  0.0, Diff:  0.0, Sum:  0.0, Workers: 4
[128.866s][debug][gc,phases      ] GC(30)     Dead                           Min: 0, Avg:  0.0, Max: 0, Diff: 0, Sum: 0, Workers: 4
[128.866s][debug][gc,phases      ] GC(30)     Total                          Min: 0, Avg:  0.0, Max: 0, Diff: 0, Sum: 0, Workers: 4
[128.866s][debug][gc,phases      ] GC(30) Weak Processing 0.469ms
[128.866s][debug][gc,age         ] GC(30) Desired survivor size 536870912 bytes, new threshold 14 (max threshold 15)
[128.866s][info ][gc,heap        ] GC(30) PSYoungGen: 1095126K(1095168K)->11856K(1571840K) Eden: 1059840K(1059840K)->0K(1048576K) From: 35286K(35328K)->11856K(523264K)
[128.866s][info ][gc,heap        ] GC(30) ParOldGen: 322671K(430080K)->344284K(430080K)
[128.866s][info ][gc,metaspace   ] GC(30) Metaspace: 83796K(84800K)->83796K(84800K) NonClass: 71514K(72064K)->71514K(72064K) Class: 12282K(12736K)->12282K(12736K)
[128.866s][info ][gc             ] GC(30) Pause Young (Allocation Failure) 1384M->347M(1955M) 26.765ms
[128.866s][info ][gc,cpu         ] GC(30) User=0.08s Sys=0.01s Real=0.03s
[128.866s][info ][safepoint      ] Safepoint "ParallelGCFailedAllocation", Time since last: 125759883 ns, Reaching safepoint: 4000 ns, Cleanup: 45900 ns, At safepoint: 26853440 ns, Total: 26903340 ns
[129.866s][info ][safepoint      ] Safepoint "Cleanup", Time since last: 1000088380 ns, Reaching safepoint: 3900 ns, Cleanup: 43900 ns, At safepoint: 2200 ns, Total: 50000 ns
[130.866s][info ][safepoint      ] Safepoint "Cleanup", Time since last: 1000102981 ns, Reaching safepoint: 4400 ns, Cleanup: 44700 ns, At safepoint: 2100 ns, Total: 51200 ns
[131.866s][info ][safepoint      ] Safepoint "Cleanup", Time since last: 1000094280 ns, Reaching safepoint: 4100 ns, Cleanup: 37000 ns, At safepoint: 2200 ns, Total: 43300 ns
[132.866s][info ][safepoint      ] Safepoint "Cleanup", Time since last: 1000097780 ns, Reaching safepoint: 3800 ns, Cleanup: 44600 ns, At safepoint: 7100 ns, Total: 55500 ns
[133.866s][info ][safepoint      ] Safepoint "Cleanup", Time since last: 1000122080 ns, Reaching safepoint: 5700 ns, Cleanup: 50001 ns, At safepoint: 5400 ns, Total: 61101 ns
[134.867s][info ][safepoint      ] Safepoint "Cleanup", Time since last: 1000101280 ns, Reaching safepoint: 3500 ns, Cleanup: 47200 ns, At safepoint: 5500 ns, Total: 56200 ns
[135.867s][info ][safepoint      ] Safepoint "Cleanup", Time since last: 1000114180 ns, Reaching safepoint: 4700 ns, Cleanup: 43100 ns, At safepoint: 2700 ns, Total: 50500 ns
[136.867s][info ][safepoint      ] Safepoint "Cleanup", Time since last: 1000065447 ns, Reaching safepoint: 3500 ns, Cleanup: 43400 ns, At safepoint: 2500 ns, Total: 49400 ns
[137.867s][info ][safepoint      ] Safepoint "Cleanup", Time since last: 1000099615 ns, Reaching safepoint: 5300 ns, Cleanup: 39700 ns, At safepoint: 4800 ns, Total: 49800 ns
[138.289s][info ][gc,start       ] GC(31) Pause Young (Allocation Failure)
[138.296s][debug][gc,phases      ] GC(31) Scavenge 6.865ms
[138.296s][debug][gc,ref         ] GC(31) Skipped phase 1 of Reference Processing: no references
[138.296s][debug][gc,ref         ] GC(31) ReferenceProcessor::execute queues: 1, RefProcThreadModel::Single, marks_oops_alive: false
[138.296s][debug][gc,ref         ] GC(31) Skipped phase 3 of Reference Processing: no references
[138.296s][debug][gc,ref         ] GC(31) Skipped phase 4 of Reference Processing: no references
[138.296s][debug][gc,phases      ] GC(31) Reference Processing 0.091ms
[138.296s][debug][gc,phases      ] GC(31)   VM Weak                        Min:  0.0, Avg:  0.0, Max:  0.0, Diff:  0.0, Sum:  0.0, Workers: 4
[138.296s][debug][gc,phases      ] GC(31)     Dead                           Min: 0, Avg:  0.0, Max: 0, Diff: 0, Sum: 0, Workers: 4
[138.296s][debug][gc,phases      ] GC(31)     Total                          Min: 0, Avg: 214.2, Max: 857, Diff: 857, Sum: 857, Workers: 4
[138.296s][debug][gc,phases      ] GC(31)   ObjectSynchronizer Weak        Min:  0.0, Avg:  0.0, Max:  0.0, Diff:  0.0, Sum:  0.0, Workers: 4
[138.296s][debug][gc,phases      ] GC(31)     Dead                           Min: 0, Avg:  0.0, Max: 0, Diff: 0, Sum: 0, Workers: 4
[138.296s][debug][gc,phases      ] GC(31)     Total                          Min: 0, Avg:  1.0, Max: 4, Diff: 4, Sum: 4, Workers: 4
[138.296s][debug][gc,phases      ] GC(31)   JVMTI Tag Weak OopStorage      Min:  0.0, Avg:  0.0, Max:  0.0, Diff:  0.0, Sum:  0.0, Workers: 4
[138.296s][debug][gc,phases      ] GC(31)     Dead                           Min: 0, Avg:  0.0, Max: 0, Diff: 0, Sum: 0, Workers: 4
[138.296s][debug][gc,phases      ] GC(31)     Total                          Min: 0, Avg:  0.0, Max: 0, Diff: 0, Sum: 0, Workers: 4
[138.296s][debug][gc,phases      ] GC(31)   StringTable Weak               Min:  0.1, Avg:  0.1, Max:  0.1, Diff:  0.0, Sum:  0.4, Workers: 4
[138.296s][debug][gc,phases      ] GC(31)     Dead                           Min: 0, Avg:  0.0, Max: 0, Diff: 0, Sum: 0, Workers: 4
[138.296s][debug][gc,phases      ] GC(31)     Total                          Min: 10432, Avg: 11082.8, Max: 11712, Diff: 1280, Sum: 44331, Workers: 4
[138.296s][debug][gc,phases      ] GC(31)   ResolvedMethodTable Weak       Min:  0.0, Avg:  0.0, Max:  0.0, Diff:  0.0, Sum:  0.1, Workers: 4
[138.296s][debug][gc,phases      ] GC(31)     Dead                           Min: 0, Avg:  0.0, Max: 0, Diff: 0, Sum: 0, Workers: 4
[138.296s][debug][gc,phases      ] GC(31)     Total                          Min: 2371, Avg: 2592.8, Max: 2816, Diff: 445, Sum: 10371, Workers: 4
[138.296s][debug][gc,phases      ] GC(31)   JNI Weak                       Min:  0.0, Avg:  0.0, Max:  0.0, Diff:  0.0, Sum:  0.0, Workers: 4
[138.296s][debug][gc,phases      ] GC(31)     Dead                           Min: 0, Avg:  0.0, Max: 0, Diff: 0, Sum: 0, Workers: 4
[138.296s][debug][gc,phases      ] GC(31)     Total                          Min: 0, Avg: 11.2, Max: 45, Diff: 45, Sum: 45, Workers: 4
[138.296s][debug][gc,phases      ] GC(31)   StringDedup Table Weak         Min:  0.0, Avg:  0.0, Max:  0.0, Diff:  0.0, Sum:  0.0, Workers: 4
[138.296s][debug][gc,phases      ] GC(31)     Dead                           Min: 0, Avg:  0.0, Max: 0, Diff: 0, Sum: 0, Workers: 4
[138.296s][debug][gc,phases      ] GC(31)     Total                          Min: 0, Avg:  0.0, Max: 0, Diff: 0, Sum: 0, Workers: 4
[138.296s][debug][gc,phases      ] GC(31)   StringDedup Requests0 Weak     Min:  0.0, Avg:  0.0, Max:  0.0, Diff:  0.0, Sum:  0.0, Workers: 4
[138.296s][debug][gc,phases      ] GC(31)     Dead                           Min: 0, Avg:  0.0, Max: 0, Diff: 0, Sum: 0, Workers: 4
[138.296s][debug][gc,phases      ] GC(31)     Total                          Min: 0, Avg:  0.0, Max: 0, Diff: 0, Sum: 0, Workers: 4
[138.296s][debug][gc,phases      ] GC(31)   StringDedup Requests1 Weak     Min:  0.0, Avg:  0.0, Max:  0.0, Diff:  0.0, Sum:  0.0, Workers: 4
[138.296s][debug][gc,phases      ] GC(31)     Dead                           Min: 0, Avg:  0.0, Max: 0, Diff: 0, Sum: 0, Workers: 4
[138.296s][debug][gc,phases      ] GC(31)     Total                          Min: 0, Avg:  0.0, Max: 0, Diff: 0, Sum: 0, Workers: 4
[138.296s][debug][gc,phases      ] GC(31)   Weak JFR Old Object Samples    Min:  0.0, Avg:  0.0, Max:  0.0, Diff:  0.0, Sum:  0.0, Workers: 4
[138.296s][debug][gc,phases      ] GC(31)     Dead                           Min: 0, Avg:  0.0, Max: 0, Diff: 0, Sum: 0, Workers: 4
[138.296s][debug][gc,phases      ] GC(31)     Total                          Min: 0, Avg:  0.0, Max: 0, Diff: 0, Sum: 0, Workers: 4
[138.296s][debug][gc,phases      ] GC(31) Weak Processing 0.301ms
[138.296s][debug][gc,age         ] GC(31) Desired survivor size 535822336 bytes, new threshold 15 (max threshold 15)
[138.296s][info ][gc,heap        ] GC(31) PSYoungGen: 1060432K(1571840K)->10224K(1572864K) Eden: 1048576K(1048576K)->0K(1048576K) From: 11856K(523264K)->10224K(524288K)
[138.296s][info ][gc,heap        ] GC(31) ParOldGen: 344284K(430080K)->346124K(430080K)
[138.296s][info ][gc,metaspace   ] GC(31) Metaspace: 83825K(84864K)->83825K(84864K) NonClass: 71541K(72064K)->71541K(72064K) Class: 12283K(12800K)->12283K(12800K)
[138.296s][info ][gc             ] GC(31) Pause Young (Allocation Failure) 1371M->347M(1956M) 7.377ms
[138.296s][info ][gc,cpu         ] GC(31) User=0.03s Sys=0.00s Real=0.01s
[138.296s][info ][safepoint      ] Safepoint "ParallelGCFailedAllocation", Time since last: 421496812 ns, Reaching safepoint: 3600 ns, Cleanup: 19000 ns, At safepoint: 7439509 ns, Total: 7462109 ns
[139.296s][info ][safepoint      ] Safepoint "Cleanup", Time since last: 1000092414 ns, Reaching safepoint: 77100 ns, Cleanup: 39501 ns, At safepoint: 5200 ns, Total: 121801 ns
[140.296s][info ][safepoint      ] Safepoint "Cleanup", Time since last: 1000104314 ns, Reaching safepoint: 4100 ns, Cleanup: 37800 ns, At safepoint: 5000 ns, Total: 46900 ns
[141.296s][info ][safepoint      ] Safepoint "Cleanup", Time since last: 1000092415 ns, Reaching safepoint: 3400 ns, Cleanup: 30800 ns, At safepoint: 2100 ns, Total: 36300 ns
[142.297s][info ][safepoint      ] Safepoint "Cleanup", Time since last: 1000096514 ns, Reaching safepoint: 5800 ns, Cleanup: 33100 ns, At safepoint: 2500 ns, Total: 41400 ns
[143.297s][info ][safepoint      ] Safepoint "Cleanup", Time since last: 1000096515 ns, Reaching safepoint: 76800 ns, Cleanup: 66800 ns, At safepoint: 7000 ns, Total: 150600 ns
[144.957s][info ][safepoint      ] Safepoint "Cleanup", Time since last: 1659946331 ns, Reaching safepoint: 3701 ns, Cleanup: 94200 ns, At safepoint: 3000 ns, Total: 100901 ns
[146.957s][info ][safepoint      ] Safepoint "Cleanup", Time since last: 2000172377 ns, Reaching safepoint: 3500 ns, Cleanup: 42401 ns, At safepoint: 5000 ns, Total: 50901 ns
[147.718s][info ][gc,start       ] GC(32) Pause Young (Allocation Failure)
[147.725s][debug][gc,phases      ] GC(32) Scavenge 7.330ms
[147.725s][debug][gc,ref         ] GC(32) Skipped phase 1 of Reference Processing: no references
[147.725s][debug][gc,ref         ] GC(32) ReferenceProcessor::execute queues: 1, RefProcThreadModel::Single, marks_oops_alive: false
[147.725s][debug][gc,ref         ] GC(32) Skipped phase 3 of Reference Processing: no references
[147.725s][debug][gc,ref         ] GC(32) Skipped phase 4 of Reference Processing: no references
[147.725s][debug][gc,phases      ] GC(32) Reference Processing 0.092ms
[147.726s][debug][gc,phases      ] GC(32)   VM Weak                        Min:  0.0, Avg:  0.0, Max:  0.0, Diff:  0.0, Sum:  0.0, Workers: 4
[147.726s][debug][gc,phases      ] GC(32)     Dead                           Min: 0, Avg:  0.0, Max: 0, Diff: 0, Sum: 0, Workers: 4
[147.726s][debug][gc,phases      ] GC(32)     Total                          Min: 0, Avg: 214.2, Max: 793, Diff: 793, Sum: 857, Workers: 4
[147.726s][debug][gc,phases      ] GC(32)   ObjectSynchronizer Weak        Min:  0.0, Avg:  0.0, Max:  0.0, Diff:  0.0, Sum:  0.0, Workers: 4
[147.726s][debug][gc,phases      ] GC(32)     Dead                           Min: 0, Avg:  0.0, Max: 0, Diff: 0, Sum: 0, Workers: 4
[147.726s][debug][gc,phases      ] GC(32)     Total                          Min: 0, Avg:  1.0, Max: 4, Diff: 4, Sum: 4, Workers: 4
[147.726s][debug][gc,phases      ] GC(32)   JVMTI Tag Weak OopStorage      Min:  0.0, Avg:  0.0, Max:  0.0, Diff:  0.0, Sum:  0.0, Workers: 4
[147.726s][debug][gc,phases      ] GC(32)     Dead                           Min: 0, Avg:  0.0, Max: 0, Diff: 0, Sum: 0, Workers: 4
[147.726s][debug][gc,phases      ] GC(32)     Total                          Min: 0, Avg:  0.0, Max: 0, Diff: 0, Sum: 0, Workers: 4
[147.726s][debug][gc,phases      ] GC(32)   StringTable Weak               Min:  0.0, Avg:  0.1, Max:  0.1, Diff:  0.1, Sum:  0.4, Workers: 4
[147.726s][debug][gc,phases      ] GC(32)     Dead                           Min: 0, Avg:  0.0, Max: 0, Diff: 0, Sum: 0, Workers: 4
[147.726s][debug][gc,phases      ] GC(32)     Total                          Min: 0, Avg: 11085.8, Max: 18423, Diff: 18423, Sum: 44343, Workers: 4
[147.726s][debug][gc,phases      ] GC(32)   ResolvedMethodTable Weak       Min:  0.0, Avg:  0.0, Max:  0.0, Diff:  0.0, Sum:  0.1, Workers: 4
[147.726s][debug][gc,phases      ] GC(32)     Dead                           Min: 0, Avg:  0.0, Max: 0, Diff: 0, Sum: 0, Workers: 4
[147.726s][debug][gc,phases      ] GC(32)     Total                          Min: 0, Avg: 2592.8, Max: 4483, Diff: 4483, Sum: 10371, Workers: 4
[147.726s][debug][gc,phases      ] GC(32)   JNI Weak                       Min:  0.0, Avg:  0.0, Max:  0.0, Diff:  0.0, Sum:  0.0, Workers: 4
[147.726s][debug][gc,phases      ] GC(32)     Dead                           Min: 0, Avg:  0.0, Max: 0, Diff: 0, Sum: 0, Workers: 4
[147.726s][debug][gc,phases      ] GC(32)     Total                          Min: 0, Avg: 11.2, Max: 45, Diff: 45, Sum: 45, Workers: 4
[147.726s][debug][gc,phases      ] GC(32)   StringDedup Table Weak         Min:  0.0, Avg:  0.0, Max:  0.0, Diff:  0.0, Sum:  0.0, Workers: 4
[147.726s][debug][gc,phases      ] GC(32)     Dead                           Min: 0, Avg:  0.0, Max: 0, Diff: 0, Sum: 0, Workers: 4
[147.726s][debug][gc,phases      ] GC(32)     Total                          Min: 0, Avg:  0.0, Max: 0, Diff: 0, Sum: 0, Workers: 4
[147.726s][debug][gc,phases      ] GC(32)   StringDedup Requests0 Weak     Min:  0.0, Avg:  0.0, Max:  0.0, Diff:  0.0, Sum:  0.0, Workers: 4
[147.726s][debug][gc,phases      ] GC(32)     Dead                           Min: 0, Avg:  0.0, Max: 0, Diff: 0, Sum: 0, Workers: 4
[147.726s][debug][gc,phases      ] GC(32)     Total                          Min: 0, Avg:  0.0, Max: 0, Diff: 0, Sum: 0, Workers: 4
[147.726s][debug][gc,phases      ] GC(32)   StringDedup Requests1 Weak     Min:  0.0, Avg:  0.0, Max:  0.0, Diff:  0.0, Sum:  0.0, Workers: 4
[147.726s][debug][gc,phases      ] GC(32)     Dead                           Min: 0, Avg:  0.0, Max: 0, Diff: 0, Sum: 0, Workers: 4
[147.726s][debug][gc,phases      ] GC(32)     Total                          Min: 0, Avg:  0.0, Max: 0, Diff: 0, Sum: 0, Workers: 4
[147.726s][debug][gc,phases      ] GC(32)   Weak JFR Old Object Samples    Min:  0.0, Avg:  0.0, Max:  0.0, Diff:  0.0, Sum:  0.0, Workers: 4
[147.726s][debug][gc,phases      ] GC(32)     Dead                           Min: 0, Avg:  0.0, Max: 0, Diff: 0, Sum: 0, Workers: 4
[147.726s][debug][gc,phases      ] GC(32)     Total                          Min: 0, Avg:  0.0, Max: 0, Diff: 0, Sum: 0, Workers: 4
[147.726s][debug][gc,phases      ] GC(32) Weak Processing 0.329ms
[147.726s][debug][gc,age         ] GC(32) Desired survivor size 527958016 bytes, new threshold 15 (max threshold 15)
[147.726s][info ][gc,heap        ] GC(32) PSYoungGen: 1058800K(1572864K)->12481K(1581568K) Eden: 1048576K(1048576K)->0K(1058304K) From: 10224K(524288K)->12481K(523264K)
[147.726s][info ][gc,heap        ] GC(32) ParOldGen: 346124K(430080K)->346124K(430080K)
[147.726s][info ][gc,metaspace   ] GC(32) Metaspace: 83836K(84928K)->83836K(84928K) NonClass: 71552K(72128K)->71552K(72128K) Class: 12283K(12800K)->12283K(12800K)
[147.726s][info ][gc             ] GC(32) Pause Young (Allocation Failure) 1371M->350M(1964M) 7.867ms
[147.726s][info ][gc,cpu         ] GC(32) User=0.03s Sys=0.00s Real=0.01s
[147.726s][info ][safepoint      ] Safepoint "ParallelGCFailedAllocation", Time since last: 760621780 ns, Reaching safepoint: 35900 ns, Cleanup: 43400 ns, At safepoint: 7941510 ns, Total: 8020810 ns
[148.726s][info ][safepoint      ] Safepoint "Cleanup", Time since last: 1000088489 ns, Reaching safepoint: 4100 ns, Cleanup: 73300 ns, At safepoint: 3900 ns, Total: 81300 ns
[149.726s][info ][safepoint      ] Safepoint "Cleanup", Time since last: 1000103189 ns, Reaching safepoint: 5700 ns, Cleanup: 66800 ns, At safepoint: 6900 ns, Total: 79400 ns
[150.726s][info ][safepoint      ] Safepoint "Cleanup", Time since last: 1000100289 ns, Reaching safepoint: 5200 ns, Cleanup: 39300 ns, At safepoint: 2800 ns, Total: 47300 ns
[151.726s][info ][safepoint      ] Safepoint "Cleanup", Time since last: 1000101989 ns, Reaching safepoint: 5900 ns, Cleanup: 71600 ns, At safepoint: 4600 ns, Total: 82100 ns
[151.993s][info ][gc,start       ] GC(33) Pause Young (Allocation Failure)
[152.000s][debug][gc,phases      ] GC(33) Scavenge 7.247ms
[152.000s][debug][gc,ref         ] GC(33) Skipped phase 1 of Reference Processing: no references
[152.000s][debug][gc,ref         ] GC(33) ReferenceProcessor::execute queues: 1, RefProcThreadModel::Single, marks_oops_alive: false
[152.000s][debug][gc,ref         ] GC(33) Skipped phase 3 of Reference Processing: no references
[152.000s][debug][gc,ref         ] GC(33) ReferenceProcessor::execute queues: 1, RefProcThreadModel::Single, marks_oops_alive: false
[152.000s][debug][gc,phases      ] GC(33) Reference Processing 0.110ms
[152.000s][debug][gc,phases      ] GC(33)   VM Weak                        Min:  0.0, Avg:  0.0, Max:  0.0, Diff:  0.0, Sum:  0.0, Workers: 4
[152.000s][debug][gc,phases      ] GC(33)     Dead                           Min: 0, Avg:  0.0, Max: 0, Diff: 0, Sum: 0, Workers: 4
[152.000s][debug][gc,phases      ] GC(33)     Total                          Min: 0, Avg: 214.2, Max: 832, Diff: 832, Sum: 857, Workers: 4
[152.000s][debug][gc,phases      ] GC(33)   ObjectSynchronizer Weak        Min:  0.0, Avg:  0.0, Max:  0.0, Diff:  0.0, Sum:  0.0, Workers: 4
[152.000s][debug][gc,phases      ] GC(33)     Dead                           Min: 0, Avg:  0.0, Max: 0, Diff: 0, Sum: 0, Workers: 4
[152.000s][debug][gc,phases      ] GC(33)     Total                          Min: 0, Avg:  1.0, Max: 4, Diff: 4, Sum: 4, Workers: 4
[152.000s][debug][gc,phases      ] GC(33)   JVMTI Tag Weak OopStorage      Min:  0.0, Avg:  0.0, Max:  0.0, Diff:  0.0, Sum:  0.0, Workers: 4
[152.000s][debug][gc,phases      ] GC(33)     Dead                           Min: 0, Avg:  0.0, Max: 0, Diff: 0, Sum: 0, Workers: 4
[152.000s][debug][gc,phases      ] GC(33)     Total                          Min: 0, Avg:  0.0, Max: 0, Diff: 0, Sum: 0, Workers: 4
[152.000s][debug][gc,phases      ] GC(33)   StringTable Weak               Min:  0.0, Avg:  0.1, Max:  0.1, Diff:  0.1, Sum:  0.4, Workers: 4
[152.000s][debug][gc,phases      ] GC(33)     Dead                           Min: 0, Avg:  0.0, Max: 0, Diff: 0, Sum: 0, Workers: 4
[152.000s][debug][gc,phases      ] GC(33)     Total                          Min: 0, Avg: 11086.2, Max: 17984, Diff: 17984, Sum: 44345, Workers: 4
[152.000s][debug][gc,phases      ] GC(33)   ResolvedMethodTable Weak       Min:  0.0, Avg:  0.0, Max:  0.0, Diff:  0.0, Sum:  0.1, Workers: 4
[152.000s][debug][gc,phases      ] GC(33)     Dead                           Min: 0, Avg:  0.0, Max: 0, Diff: 0, Sum: 0, Workers: 4
[152.000s][debug][gc,phases      ] GC(33)     Total                          Min: 0, Avg: 2593.2, Max: 4480, Diff: 4480, Sum: 10373, Workers: 4
[152.000s][debug][gc,phases      ] GC(33)   JNI Weak                       Min:  0.0, Avg:  0.0, Max:  0.0, Diff:  0.0, Sum:  0.0, Workers: 4
[152.000s][debug][gc,phases      ] GC(33)     Dead                           Min: 0, Avg:  0.0, Max: 0, Diff: 0, Sum: 0, Workers: 4
[152.000s][debug][gc,phases      ] GC(33)     Total                          Min: 0, Avg: 11.2, Max: 45, Diff: 45, Sum: 45, Workers: 4
[152.000s][debug][gc,phases      ] GC(33)   StringDedup Table Weak         Min:  0.0, Avg:  0.0, Max:  0.0, Diff:  0.0, Sum:  0.0, Workers: 4
[152.000s][debug][gc,phases      ] GC(33)     Dead                           Min: 0, Avg:  0.0, Max: 0, Diff: 0, Sum: 0, Workers: 4
[152.000s][debug][gc,phases      ] GC(33)     Total                          Min: 0, Avg:  0.0, Max: 0, Diff: 0, Sum: 0, Workers: 4
[152.000s][debug][gc,phases      ] GC(33)   StringDedup Requests0 Weak     Min:  0.0, Avg:  0.0, Max:  0.0, Diff:  0.0, Sum:  0.0, Workers: 4
[152.000s][debug][gc,phases      ] GC(33)     Dead                           Min: 0, Avg:  0.0, Max: 0, Diff: 0, Sum: 0, Workers: 4
[152.001s][debug][gc,phases      ] GC(33)     Total                          Min: 0, Avg:  0.0, Max: 0, Diff: 0, Sum: 0, Workers: 4
[152.001s][debug][gc,phases      ] GC(33)   StringDedup Requests1 Weak     Min:  0.0, Avg:  0.0, Max:  0.0, Diff:  0.0, Sum:  0.0, Workers: 4
[152.001s][debug][gc,phases      ] GC(33)     Dead                           Min: 0, Avg:  0.0, Max: 0, Diff: 0, Sum: 0, Workers: 4
[152.001s][debug][gc,phases      ] GC(33)     Total                          Min: 0, Avg:  0.0, Max: 0, Diff: 0, Sum: 0, Workers: 4
[152.001s][debug][gc,phases      ] GC(33)   Weak JFR Old Object Samples    Min:  0.0, Avg:  0.0, Max:  0.0, Diff:  0.0, Sum:  0.0, Workers: 4
[152.001s][debug][gc,phases      ] GC(33)     Dead                           Min: 0, Avg:  0.0, Max: 0, Diff: 0, Sum: 0, Workers: 4
[152.001s][debug][gc,phases      ] GC(33)     Total                          Min: 0, Avg:  0.0, Max: 0, Diff: 0, Sum: 0, Workers: 4
[152.001s][debug][gc,phases      ] GC(33) Weak Processing 0.338ms
[152.001s][debug][gc,age         ] GC(33) Desired survivor size 516947968 bytes, new threshold 15 (max threshold 15)
[152.001s][info ][gc,heap        ] GC(33) PSYoungGen: 1070785K(1581568K)->10768K(1573888K) Eden: 1058304K(1058304K)->0K(1058304K) From: 12481K(523264K)->10768K(515584K)
[152.001s][info ][gc,heap        ] GC(33) ParOldGen: 346124K(430080K)->346172K(430080K)
[152.001s][info ][gc,metaspace   ] GC(33) Metaspace: 83857K(84928K)->83857K(84928K) NonClass: 71573K(72128K)->71573K(72128K) Class: 12284K(12800K)->12284K(12800K)
[152.001s][info ][gc             ] GC(33) Pause Young (Allocation Failure) 1383M->348M(1957M) 7.815ms
[152.001s][info ][gc,cpu         ] GC(33) User=0.03s Sys=0.00s Real=0.01s
[152.001s][info ][safepoint      ] Safepoint "ParallelGCFailedAllocation", Time since last: 266126543 ns, Reaching safepoint: 73400 ns, Cleanup: 38100 ns, At safepoint: 7888411 ns, Total: 7999911 ns
[153.001s][info ][safepoint      ] Safepoint "Cleanup", Time since last: 1000077022 ns, Reaching safepoint: 3500 ns, Cleanup: 62401 ns, At safepoint: 7200 ns, Total: 73101 ns
[154.001s][info ][safepoint      ] Safepoint "Cleanup", Time since last: 1000105607 ns, Reaching safepoint: 4600 ns, Cleanup: 47300 ns, At safepoint: 6600 ns, Total: 58500 ns
[155.001s][info ][safepoint      ] Safepoint "Cleanup", Time since last: 1000103208 ns, Reaching safepoint: 3300 ns, Cleanup: 54800 ns, At safepoint: 3000 ns, Total: 61100 ns
[156.001s][info ][safepoint      ] Safepoint "Cleanup", Time since last: 1000102008 ns, Reaching safepoint: 4900 ns, Cleanup: 45000 ns, At safepoint: 2600 ns, Total: 52500 ns
[156.893s][info ][gc,start       ] GC(34) Pause Young (Allocation Failure)
[156.905s][debug][gc,phases      ] GC(34) Scavenge 11.981ms
[156.905s][debug][gc,ref         ] GC(34) Skipped phase 1 of Reference Processing: no references
[156.905s][debug][gc,ref         ] GC(34) ReferenceProcessor::execute queues: 1, RefProcThreadModel::Single, marks_oops_alive: false
[156.905s][debug][gc,ref         ] GC(34) Skipped phase 3 of Reference Processing: no references
[156.905s][debug][gc,ref         ] GC(34) ReferenceProcessor::execute queues: 1, RefProcThreadModel::Single, marks_oops_alive: false
[156.905s][debug][gc,phases      ] GC(34) Reference Processing 0.099ms
[156.906s][debug][gc,phases      ] GC(34)   VM Weak                        Min:  0.0, Avg:  0.0, Max:  0.0, Diff:  0.0, Sum:  0.0, Workers: 4
[156.906s][debug][gc,phases      ] GC(34)     Dead                           Min: 0, Avg:  0.0, Max: 0, Diff: 0, Sum: 0, Workers: 4
[156.906s][debug][gc,phases      ] GC(34)     Total                          Min: 0, Avg: 214.2, Max: 640, Diff: 640, Sum: 857, Workers: 4
[156.906s][debug][gc,phases      ] GC(34)   ObjectSynchronizer Weak        Min:  0.0, Avg:  0.0, Max:  0.0, Diff:  0.0, Sum:  0.0, Workers: 4
[156.906s][debug][gc,phases      ] GC(34)     Dead                           Min: 0, Avg:  0.0, Max: 0, Diff: 0, Sum: 0, Workers: 4
[156.906s][debug][gc,phases      ] GC(34)     Total                          Min: 0, Avg:  1.0, Max: 4, Diff: 4, Sum: 4, Workers: 4
[156.906s][debug][gc,phases      ] GC(34)   JVMTI Tag Weak OopStorage      Min:  0.0, Avg:  0.0, Max:  0.0, Diff:  0.0, Sum:  0.0, Workers: 4
[156.906s][debug][gc,phases      ] GC(34)     Dead                           Min: 0, Avg:  0.0, Max: 0, Diff: 0, Sum: 0, Workers: 4
[156.906s][debug][gc,phases      ] GC(34)     Total                          Min: 0, Avg:  0.0, Max: 0, Diff: 0, Sum: 0, Workers: 4
[156.906s][debug][gc,phases      ] GC(34)   StringTable Weak               Min:  0.0, Avg:  0.1, Max:  0.2, Diff:  0.2, Sum:  0.3, Workers: 4
[156.906s][debug][gc,phases      ] GC(34)     Dead                           Min: 0, Avg:  0.0, Max: 0, Diff: 0, Sum: 0, Workers: 4
[156.906s][debug][gc,phases      ] GC(34)     Total                          Min: 0, Avg: 11088.2, Max: 27393, Diff: 27393, Sum: 44353, Workers: 4
[156.906s][debug][gc,phases      ] GC(34)   ResolvedMethodTable Weak       Min:  0.0, Avg:  0.0, Max:  0.0, Diff:  0.0, Sum:  0.1, Workers: 4
[156.906s][debug][gc,phases      ] GC(34)     Dead                           Min: 0, Avg:  0.0, Max: 0, Diff: 0, Sum: 0, Workers: 4
[156.906s][debug][gc,phases      ] GC(34)     Total                          Min: 0, Avg: 2593.2, Max: 6406, Diff: 6406, Sum: 10373, Workers: 4
[156.906s][debug][gc,phases      ] GC(34)   JNI Weak                       Min:  0.0, Avg:  0.0, Max:  0.0, Diff:  0.0, Sum:  0.0, Workers: 4
[156.906s][debug][gc,phases      ] GC(34)     Dead                           Min: 0, Avg:  0.0, Max: 0, Diff: 0, Sum: 0, Workers: 4
[156.906s][debug][gc,phases      ] GC(34)     Total                          Min: 0, Avg: 11.2, Max: 45, Diff: 45, Sum: 45, Workers: 4
[156.906s][debug][gc,phases      ] GC(34)   StringDedup Table Weak         Min:  0.0, Avg:  0.0, Max:  0.0, Diff:  0.0, Sum:  0.0, Workers: 4
[156.906s][debug][gc,phases      ] GC(34)     Dead                           Min: 0, Avg:  0.0, Max: 0, Diff: 0, Sum: 0, Workers: 4
[156.906s][debug][gc,phases      ] GC(34)     Total                          Min: 0, Avg:  0.0, Max: 0, Diff: 0, Sum: 0, Workers: 4
[156.906s][debug][gc,phases      ] GC(34)   StringDedup Requests0 Weak     Min:  0.0, Avg:  0.0, Max:  0.0, Diff:  0.0, Sum:  0.0, Workers: 4
[156.906s][debug][gc,phases      ] GC(34)     Dead                           Min: 0, Avg:  0.0, Max: 0, Diff: 0, Sum: 0, Workers: 4
[156.906s][debug][gc,phases      ] GC(34)     Total                          Min: 0, Avg:  0.0, Max: 0, Diff: 0, Sum: 0, Workers: 4
[156.906s][debug][gc,phases      ] GC(34)   StringDedup Requests1 Weak     Min:  0.0, Avg:  0.0, Max:  0.0, Diff:  0.0, Sum:  0.0, Workers: 4
[156.906s][debug][gc,phases      ] GC(34)     Dead                           Min: 0, Avg:  0.0, Max: 0, Diff: 0, Sum: 0, Workers: 4
[156.906s][debug][gc,phases      ] GC(34)     Total                          Min: 0, Avg:  0.0, Max: 0, Diff: 0, Sum: 0, Workers: 4
[156.906s][debug][gc,phases      ] GC(34)   Weak JFR Old Object Samples    Min:  0.0, Avg:  0.0, Max:  0.0, Diff:  0.0, Sum:  0.0, Workers: 4
[156.906s][debug][gc,phases      ] GC(34)     Dead                           Min: 0, Avg:  0.0, Max: 0, Diff: 0, Sum: 0, Workers: 4
[156.906s][debug][gc,phases      ] GC(34)     Total                          Min: 0, Avg:  0.0, Max: 0, Diff: 0, Sum: 0, Workers: 4
[156.906s][debug][gc,phases      ] GC(34) Weak Processing 0.379ms
[156.906s][debug][gc,age         ] GC(34) Desired survivor size 502792192 bytes, new threshold 15 (max threshold 15)
[156.906s][info ][gc,heap        ] GC(34) PSYoungGen: 1069072K(1573888K)->10864K(1606144K) Eden: 1058304K(1058304K)->0K(1101312K) From: 10768K(515584K)->10864K(504832K)
[156.906s][info ][gc,heap        ] GC(34) ParOldGen: 346172K(430080K)->346236K(430080K)
[156.906s][info ][gc,metaspace   ] GC(34) Metaspace: 83879K(84928K)->83879K(84928K) NonClass: 71595K(72128K)->71595K(72128K) Class: 12284K(12800K)->12284K(12800K)
[156.906s][info ][gc             ] GC(34) Pause Young (Allocation Failure) 1382M->348M(1988M) 12.576ms
[156.906s][info ][gc,cpu         ] GC(34) User=0.03s Sys=0.00s Real=0.01s
[156.906s][info ][safepoint      ] Safepoint "ParallelGCFailedAllocation", Time since last: 891748850 ns, Reaching safepoint: 72800 ns, Cleanup: 52800 ns, At safepoint: 12651318 ns, Total: 12776918 ns
[157.906s][info ][safepoint      ] Safepoint "Cleanup", Time since last: 1000080397 ns, Reaching safepoint: 4500 ns, Cleanup: 40600 ns, At safepoint: 3200 ns, Total: 48300 ns
[158.906s][info ][safepoint      ] Safepoint "Cleanup", Time since last: 1000117997 ns, Reaching safepoint: 4900 ns, Cleanup: 43200 ns, At safepoint: 7300 ns, Total: 55400 ns
[159.906s][info ][safepoint      ] Safepoint "Cleanup", Time since last: 1000114897 ns, Reaching safepoint: 4600 ns, Cleanup: 31700 ns, At safepoint: 2800 ns, Total: 39100 ns
[160.906s][info ][safepoint      ] Safepoint "Cleanup", Time since last: 1000107192 ns, Reaching safepoint: 3600 ns, Cleanup: 40700 ns, At safepoint: 5100 ns, Total: 49400 ns
[161.907s][info ][safepoint      ] Safepoint "Cleanup", Time since last: 1000096464 ns, Reaching safepoint: 3600 ns, Cleanup: 35400 ns, At safepoint: 2300 ns, Total: 41300 ns
[162.145s][info ][gc,start       ] GC(35) Pause Young (Allocation Failure)
[162.152s][debug][gc,phases      ] GC(35) Scavenge 6.757ms
[162.152s][debug][gc,ref         ] GC(35) Skipped phase 1 of Reference Processing: no references
[162.152s][debug][gc,ref         ] GC(35) ReferenceProcessor::execute queues: 1, RefProcThreadModel::Single, marks_oops_alive: false
[162.152s][debug][gc,ref         ] GC(35) Skipped phase 3 of Reference Processing: no references
[162.152s][debug][gc,ref         ] GC(35) ReferenceProcessor::execute queues: 1, RefProcThreadModel::Single, marks_oops_alive: false
[162.152s][debug][gc,phases      ] GC(35) Reference Processing 0.107ms
[162.152s][debug][gc,phases      ] GC(35)   VM Weak                        Min:  0.0, Avg:  0.0, Max:  0.0, Diff:  0.0, Sum:  0.0, Workers: 4
[162.152s][debug][gc,phases      ] GC(35)     Dead                           Min: 0, Avg:  0.0, Max: 0, Diff: 0, Sum: 0, Workers: 4
[162.152s][debug][gc,phases      ] GC(35)     Total                          Min: 0, Avg: 214.2, Max: 704, Diff: 704, Sum: 857, Workers: 4
[162.152s][debug][gc,phases      ] GC(35)   ObjectSynchronizer Weak        Min:  0.0, Avg:  0.0, Max:  0.0, Diff:  0.0, Sum:  0.0, Workers: 4
[162.152s][debug][gc,phases      ] GC(35)     Dead                           Min: 0, Avg:  0.0, Max: 0, Diff: 0, Sum: 0, Workers: 4
[162.152s][debug][gc,phases      ] GC(35)     Total                          Min: 0, Avg:  1.0, Max: 4, Diff: 4, Sum: 4, Workers: 4
[162.152s][debug][gc,phases      ] GC(35)   JVMTI Tag Weak OopStorage      Min:  0.0, Avg:  0.0, Max:  0.0, Diff:  0.0, Sum:  0.0, Workers: 4
[162.152s][debug][gc,phases      ] GC(35)     Dead                           Min: 0, Avg:  0.0, Max: 0, Diff: 0, Sum: 0, Workers: 4
[162.152s][debug][gc,phases      ] GC(35)     Total                          Min: 0, Avg:  0.0, Max: 0, Diff: 0, Sum: 0, Workers: 4
[162.152s][debug][gc,phases      ] GC(35)   StringTable Weak               Min:  0.0, Avg:  0.1, Max:  0.1, Diff:  0.1, Sum:  0.4, Workers: 4
[162.152s][debug][gc,phases      ] GC(35)     Dead                           Min: 0, Avg:  0.0, Max: 0, Diff: 0, Sum: 0, Workers: 4
[162.152s][debug][gc,phases      ] GC(35)     Total                          Min: 0, Avg: 11088.2, Max: 15040, Diff: 15040, Sum: 44353, Workers: 4
[162.152s][debug][gc,phases      ] GC(35)   ResolvedMethodTable Weak       Min:  0.0, Avg:  0.0, Max:  0.0, Diff:  0.0, Sum:  0.1, Workers: 4
[162.152s][debug][gc,phases      ] GC(35)     Dead                           Min: 0, Avg:  0.0, Max: 0, Diff: 0, Sum: 0, Workers: 4
[162.152s][debug][gc,phases      ] GC(35)     Total                          Min: 0, Avg: 2593.2, Max: 3711, Diff: 3711, Sum: 10373, Workers: 4
[162.152s][debug][gc,phases      ] GC(35)   JNI Weak                       Min:  0.0, Avg:  0.0, Max:  0.0, Diff:  0.0, Sum:  0.0, Workers: 4
[162.152s][debug][gc,phases      ] GC(35)     Dead                           Min: 0, Avg:  0.0, Max: 0, Diff: 0, Sum: 0, Workers: 4
[162.152s][debug][gc,phases      ] GC(35)     Total                          Min: 0, Avg: 11.2, Max: 45, Diff: 45, Sum: 45, Workers: 4
[162.152s][debug][gc,phases      ] GC(35)   StringDedup Table Weak         Min:  0.0, Avg:  0.0, Max:  0.0, Diff:  0.0, Sum:  0.0, Workers: 4
[162.152s][debug][gc,phases      ] GC(35)     Dead                           Min: 0, Avg:  0.0, Max: 0, Diff: 0, Sum: 0, Workers: 4
[162.152s][debug][gc,phases      ] GC(35)     Total                          Min: 0, Avg:  0.0, Max: 0, Diff: 0, Sum: 0, Workers: 4
[162.152s][debug][gc,phases      ] GC(35)   StringDedup Requests0 Weak     Min:  0.0, Avg:  0.0, Max:  0.0, Diff:  0.0, Sum:  0.0, Workers: 4
[162.152s][debug][gc,phases      ] GC(35)     Dead                           Min: 0, Avg:  0.0, Max: 0, Diff: 0, Sum: 0, Workers: 4
[162.152s][debug][gc,phases      ] GC(35)     Total                          Min: 0, Avg:  0.0, Max: 0, Diff: 0, Sum: 0, Workers: 4
[162.152s][debug][gc,phases      ] GC(35)   StringDedup Requests1 Weak     Min:  0.0, Avg:  0.0, Max:  0.0, Diff:  0.0, Sum:  0.0, Workers: 4
[162.152s][debug][gc,phases      ] GC(35)     Dead                           Min: 0, Avg:  0.0, Max: 0, Diff: 0, Sum: 0, Workers: 4
[162.152s][debug][gc,phases      ] GC(35)     Total                          Min: 0, Avg:  0.0, Max: 0, Diff: 0, Sum: 0, Workers: 4
[162.152s][debug][gc,phases      ] GC(35)   Weak JFR Old Object Samples    Min:  0.0, Avg:  0.0, Max:  0.0, Diff:  0.0, Sum:  0.0, Workers: 4
[162.152s][debug][gc,phases      ] GC(35)     Dead                           Min: 0, Avg:  0.0, Max: 0, Diff: 0, Sum: 0, Workers: 4
[162.152s][debug][gc,phases      ] GC(35)     Total                          Min: 0, Avg:  0.0, Max: 0, Diff: 0, Sum: 0, Workers: 4
[162.152s][debug][gc,phases      ] GC(35) Weak Processing 0.336ms
[162.152s][debug][gc,age         ] GC(35) Desired survivor size 487063552 bytes, new threshold 15 (max threshold 15)
[162.152s][info ][gc,heap        ] GC(35) PSYoungGen: 1112176K(1606144K)->6656K(1592320K) Eden: 1101312K(1101312K)->0K(1101312K) From: 10864K(504832K)->6656K(491008K)
[162.152s][info ][gc,heap        ] GC(35) ParOldGen: 346236K(430080K)->350412K(430080K)
[162.152s][info ][gc,metaspace   ] GC(35) Metaspace: 83899K(84992K)->83899K(84992K) NonClass: 71612K(72192K)->71612K(72192K) Class: 12287K(12800K)->12287K(12800K)
[162.152s][info ][gc             ] GC(35) Pause Young (Allocation Failure) 1424M->348M(1975M) 7.318ms
[162.152s][info ][gc,cpu         ] GC(35) User=0.03s Sys=0.00s Real=0.00s
[162.152s][info ][safepoint      ] Safepoint "ParallelGCFailedAllocation", Time since last: 238068025 ns, Reaching safepoint: 78000 ns, Cleanup: 39200 ns, At safepoint: 7391910 ns, Total: 7509110 ns
[163.152s][info ][safepoint      ] Safepoint "Cleanup", Time since last: 1000084064 ns, Reaching safepoint: 4000 ns, Cleanup: 35800 ns, At safepoint: 3200 ns, Total: 43000 ns
[166.153s][info ][safepoint      ] Safepoint "Cleanup", Time since last: 3000254693 ns, Reaching safepoint: 4300 ns, Cleanup: 39100 ns, At safepoint: 2800 ns, Total: 46200 ns
[167.393s][info ][gc,start       ] GC(36) Pause Young (Allocation Failure)
[167.400s][debug][gc,phases      ] GC(36) Scavenge 7.328ms
[167.400s][debug][gc,ref         ] GC(36) Skipped phase 1 of Reference Processing: no references
[167.400s][debug][gc,ref         ] GC(36) ReferenceProcessor::execute queues: 1, RefProcThreadModel::Single, marks_oops_alive: false
[167.400s][debug][gc,ref         ] GC(36) Skipped phase 3 of Reference Processing: no references
[167.400s][debug][gc,ref         ] GC(36) ReferenceProcessor::execute queues: 1, RefProcThreadModel::Single, marks_oops_alive: false
[167.400s][debug][gc,phases      ] GC(36) Reference Processing 0.097ms
[167.400s][debug][gc,phases      ] GC(36)   VM Weak                        Min:  0.0, Avg:  0.0, Max:  0.0, Diff:  0.0, Sum:  0.0, Workers: 4
[167.400s][debug][gc,phases      ] GC(36)     Dead                           Min: 0, Avg:  0.0, Max: 0, Diff: 0, Sum: 0, Workers: 4
[167.400s][debug][gc,phases      ] GC(36)     Total                          Min: 0, Avg: 214.2, Max: 473, Diff: 473, Sum: 857, Workers: 4
[167.400s][debug][gc,phases      ] GC(36)   ObjectSynchronizer Weak        Min:  0.0, Avg:  0.0, Max:  0.0, Diff:  0.0, Sum:  0.0, Workers: 4
[167.400s][debug][gc,phases      ] GC(36)     Dead                           Min: 0, Avg:  0.0, Max: 0, Diff: 0, Sum: 0, Workers: 4
[167.400s][debug][gc,phases      ] GC(36)     Total                          Min: 0, Avg:  1.0, Max: 4, Diff: 4, Sum: 4, Workers: 4
[167.400s][debug][gc,phases      ] GC(36)   JVMTI Tag Weak OopStorage      Min:  0.0, Avg:  0.0, Max:  0.0, Diff:  0.0, Sum:  0.0, Workers: 4
[167.400s][debug][gc,phases      ] GC(36)     Dead                           Min: 0, Avg:  0.0, Max: 0, Diff: 0, Sum: 0, Workers: 4
[167.400s][debug][gc,phases      ] GC(36)     Total                          Min: 0, Avg:  0.0, Max: 0, Diff: 0, Sum: 0, Workers: 4
[167.400s][debug][gc,phases      ] GC(36)   StringTable Weak               Min:  0.0, Avg:  0.1, Max:  0.1, Diff:  0.1, Sum:  0.4, Workers: 4
[167.400s][debug][gc,phases      ] GC(36)     Dead                           Min: 0, Avg:  0.0, Max: 0, Diff: 0, Sum: 0, Workers: 4
[167.400s][debug][gc,phases      ] GC(36)     Total                          Min: 0, Avg: 11090.5, Max: 19776, Diff: 19776, Sum: 44362, Workers: 4
[167.400s][debug][gc,phases      ] GC(36)   ResolvedMethodTable Weak       Min:  0.0, Avg:  0.0, Max:  0.0, Diff:  0.0, Sum:  0.1, Workers: 4
[167.400s][debug][gc,phases      ] GC(36)     Dead                           Min: 0, Avg:  0.0, Max: 0, Diff: 0, Sum: 0, Workers: 4
[167.400s][debug][gc,phases      ] GC(36)     Total                          Min: 0, Avg: 2593.2, Max: 3718, Diff: 3718, Sum: 10373, Workers: 4
[167.400s][debug][gc,phases      ] GC(36)   JNI Weak                       Min:  0.0, Avg:  0.0, Max:  0.0, Diff:  0.0, Sum:  0.0, Workers: 4
[167.400s][debug][gc,phases      ] GC(36)     Dead                           Min: 0, Avg:  0.0, Max: 0, Diff: 0, Sum: 0, Workers: 4
[167.400s][debug][gc,phases      ] GC(36)     Total                          Min: 0, Avg: 11.2, Max: 45, Diff: 45, Sum: 45, Workers: 4
[167.400s][debug][gc,phases      ] GC(36)   StringDedup Table Weak         Min:  0.0, Avg:  0.0, Max:  0.0, Diff:  0.0, Sum:  0.0, Workers: 4
[167.400s][debug][gc,phases      ] GC(36)     Dead                           Min: 0, Avg:  0.0, Max: 0, Diff: 0, Sum: 0, Workers: 4
[167.400s][debug][gc,phases      ] GC(36)     Total                          Min: 0, Avg:  0.0, Max: 0, Diff: 0, Sum: 0, Workers: 4
[167.400s][debug][gc,phases      ] GC(36)   StringDedup Requests0 Weak     Min:  0.0, Avg:  0.0, Max:  0.0, Diff:  0.0, Sum:  0.0, Workers: 4
[167.400s][debug][gc,phases      ] GC(36)     Dead                           Min: 0, Avg:  0.0, Max: 0, Diff: 0, Sum: 0, Workers: 4
[167.400s][debug][gc,phases      ] GC(36)     Total                          Min: 0, Avg:  0.0, Max: 0, Diff: 0, Sum: 0, Workers: 4
[167.400s][debug][gc,phases      ] GC(36)   StringDedup Requests1 Weak     Min:  0.0, Avg:  0.0, Max:  0.0, Diff:  0.0, Sum:  0.0, Workers: 4
[167.400s][debug][gc,phases      ] GC(36)     Dead                           Min: 0, Avg:  0.0, Max: 0, Diff: 0, Sum: 0, Workers: 4
[167.400s][debug][gc,phases      ] GC(36)     Total                          Min: 0, Avg:  0.0, Max: 0, Diff: 0, Sum: 0, Workers: 4
[167.400s][debug][gc,phases      ] GC(36)   Weak JFR Old Object Samples    Min:  0.0, Avg:  0.0, Max:  0.0, Diff:  0.0, Sum:  0.0, Workers: 4
[167.400s][debug][gc,phases      ] GC(36)     Dead                           Min: 0, Avg:  0.0, Max: 0, Diff: 0, Sum: 0, Workers: 4
[167.400s][debug][gc,phases      ] GC(36)     Total                          Min: 0, Avg:  0.0, Max: 0, Diff: 0, Sum: 0, Workers: 4
[167.400s][debug][gc,phases      ] GC(36) Weak Processing 0.318ms
[167.400s][debug][gc,age         ] GC(36) Desired survivor size 469762048 bytes, new threshold 15 (max threshold 15)
[167.400s][info ][gc,heap        ] GC(36) PSYoungGen: 1107968K(1592320K)->6640K(1638400K) Eden: 1101312K(1101312K)->0K(1162752K) From: 6656K(491008K)->6640K(475648K)
[167.400s][info ][gc,heap        ] GC(36) ParOldGen: 350412K(430080K)->350444K(430080K)
[167.400s][info ][gc,metaspace   ] GC(36) Metaspace: 83905K(84992K)->83905K(84992K) NonClass: 71617K(72192K)->71617K(72192K) Class: 12287K(12800K)->12287K(12800K)
[167.400s][info ][gc             ] GC(36) Pause Young (Allocation Failure) 1424M->348M(2020M) 7.872ms
[167.400s][info ][gc,cpu         ] GC(36) User=0.03s Sys=0.00s Real=0.01s
[167.400s][info ][safepoint      ] Safepoint "ParallelGCFailedAllocation", Time since last: 1239888391 ns, Reaching safepoint: 78100 ns, Cleanup: 31900 ns, At safepoint: 7944511 ns, Total: 8054511 ns
[168.401s][info ][safepoint      ] Safepoint "Cleanup", Time since last: 1000078564 ns, Reaching safepoint: 4400 ns, Cleanup: 29401 ns, At safepoint: 2500 ns, Total: 36301 ns
[170.401s][info ][safepoint      ] Safepoint "Cleanup", Time since last: 2000178484 ns, Reaching safepoint: 3000 ns, Cleanup: 39001 ns, At safepoint: 2100 ns, Total: 44101 ns
[171.401s][info ][safepoint      ] Safepoint "Cleanup", Time since last: 1000093637 ns, Reaching safepoint: 3400 ns, Cleanup: 43300 ns, At safepoint: 2600 ns, Total: 49300 ns
[172.401s][info ][safepoint      ] Safepoint "Cleanup", Time since last: 1000116638 ns, Reaching safepoint: 4500 ns, Cleanup: 47100 ns, At safepoint: 6800 ns, Total: 58400 ns
[172.941s][info ][gc,start       ] GC(37) Pause Young (Allocation Failure)
[172.949s][debug][gc,phases      ] GC(37) Scavenge 7.278ms
[172.949s][debug][gc,ref         ] GC(37) Skipped phase 1 of Reference Processing: no references
[172.949s][debug][gc,ref         ] GC(37) ReferenceProcessor::execute queues: 1, RefProcThreadModel::Single, marks_oops_alive: false
[172.949s][debug][gc,ref         ] GC(37) Skipped phase 3 of Reference Processing: no references
[172.949s][debug][gc,ref         ] GC(37) ReferenceProcessor::execute queues: 1, RefProcThreadModel::Single, marks_oops_alive: false
[172.949s][debug][gc,phases      ] GC(37) Reference Processing 0.099ms
[172.949s][debug][gc,phases      ] GC(37)   VM Weak                        Min:  0.0, Avg:  0.0, Max:  0.0, Diff:  0.0, Sum:  0.0, Workers: 4
[172.949s][debug][gc,phases      ] GC(37)     Dead                           Min: 0, Avg:  0.0, Max: 0, Diff: 0, Sum: 0, Workers: 4
[172.949s][debug][gc,phases      ] GC(37)     Total                          Min: 0, Avg: 214.2, Max: 537, Diff: 537, Sum: 857, Workers: 4
[172.949s][debug][gc,phases      ] GC(37)   ObjectSynchronizer Weak        Min:  0.0, Avg:  0.0, Max:  0.0, Diff:  0.0, Sum:  0.0, Workers: 4
[172.949s][debug][gc,phases      ] GC(37)     Dead                           Min: 0, Avg:  0.0, Max: 0, Diff: 0, Sum: 0, Workers: 4
[172.949s][debug][gc,phases      ] GC(37)     Total                          Min: 0, Avg:  1.0, Max: 4, Diff: 4, Sum: 4, Workers: 4
[172.949s][debug][gc,phases      ] GC(37)   JVMTI Tag Weak OopStorage      Min:  0.0, Avg:  0.0, Max:  0.0, Diff:  0.0, Sum:  0.0, Workers: 4
[172.949s][debug][gc,phases      ] GC(37)     Dead                           Min: 0, Avg:  0.0, Max: 0, Diff: 0, Sum: 0, Workers: 4
[172.949s][debug][gc,phases      ] GC(37)     Total                          Min: 0, Avg:  0.0, Max: 0, Diff: 0, Sum: 0, Workers: 4
[172.949s][debug][gc,phases      ] GC(37)   StringTable Weak               Min:  0.0, Avg:  0.1, Max:  0.1, Diff:  0.1, Sum:  0.4, Workers: 4
[172.949s][debug][gc,phases      ] GC(37)     Dead                           Min: 0, Avg:  0.0, Max: 0, Diff: 0, Sum: 0, Workers: 4
[172.949s][debug][gc,phases      ] GC(37)     Total                          Min: 0, Avg: 11090.5, Max: 19072, Diff: 19072, Sum: 44362, Workers: 4
[172.949s][debug][gc,phases      ] GC(37)   ResolvedMethodTable Weak       Min:  0.0, Avg:  0.0, Max:  0.0, Diff:  0.0, Sum:  0.1, Workers: 4
[172.949s][debug][gc,phases      ] GC(37)     Dead                           Min: 0, Avg:  0.0, Max: 0, Diff: 0, Sum: 0, Workers: 4
[172.949s][debug][gc,phases      ] GC(37)     Total                          Min: 0, Avg: 2593.2, Max: 4479, Diff: 4479, Sum: 10373, Workers: 4
[172.949s][debug][gc,phases      ] GC(37)   JNI Weak                       Min:  0.0, Avg:  0.0, Max:  0.0, Diff:  0.0, Sum:  0.0, Workers: 4
[172.949s][debug][gc,phases      ] GC(37)     Dead                           Min: 0, Avg:  0.0, Max: 0, Diff: 0, Sum: 0, Workers: 4
[172.949s][debug][gc,phases      ] GC(37)     Total                          Min: 0, Avg: 11.2, Max: 45, Diff: 45, Sum: 45, Workers: 4
[172.949s][debug][gc,phases      ] GC(37)   StringDedup Table Weak         Min:  0.0, Avg:  0.0, Max:  0.0, Diff:  0.0, Sum:  0.0, Workers: 4
[172.949s][debug][gc,phases      ] GC(37)     Dead                           Min: 0, Avg:  0.0, Max: 0, Diff: 0, Sum: 0, Workers: 4
[172.949s][debug][gc,phases      ] GC(37)     Total                          Min: 0, Avg:  0.0, Max: 0, Diff: 0, Sum: 0, Workers: 4
[172.949s][debug][gc,phases      ] GC(37)   StringDedup Requests0 Weak     Min:  0.0, Avg:  0.0, Max:  0.0, Diff:  0.0, Sum:  0.0, Workers: 4
[172.949s][debug][gc,phases      ] GC(37)     Dead                           Min: 0, Avg:  0.0, Max: 0, Diff: 0, Sum: 0, Workers: 4
[172.949s][debug][gc,phases      ] GC(37)     Total                          Min: 0, Avg:  0.0, Max: 0, Diff: 0, Sum: 0, Workers: 4
[172.949s][debug][gc,phases      ] GC(37)   StringDedup Requests1 Weak     Min:  0.0, Avg:  0.0, Max:  0.0, Diff:  0.0, Sum:  0.0, Workers: 4
[172.949s][debug][gc,phases      ] GC(37)     Dead                           Min: 0, Avg:  0.0, Max: 0, Diff: 0, Sum: 0, Workers: 4
[172.949s][debug][gc,phases      ] GC(37)     Total                          Min: 0, Avg:  0.0, Max: 0, Diff: 0, Sum: 0, Workers: 4
[172.949s][debug][gc,phases      ] GC(37)   Weak JFR Old Object Samples    Min:  0.0, Avg:  0.0, Max:  0.0, Diff:  0.0, Sum:  0.0, Workers: 4
[172.949s][debug][gc,phases      ] GC(37)     Dead                           Min: 0, Avg:  0.0, Max: 0, Diff: 0, Sum: 0, Workers: 4
[172.949s][debug][gc,phases      ] GC(37)     Total                          Min: 0, Avg:  0.0, Max: 0, Diff: 0, Sum: 0, Workers: 4
[172.949s][debug][gc,phases      ] GC(37) Weak Processing 0.339ms
[172.949s][debug][gc,age         ] GC(37) Desired survivor size 451936256 bytes, new threshold 15 (max threshold 15)
[172.949s][info ][gc,heap        ] GC(37) PSYoungGen: 1169392K(1638400K)->2336K(1621504K) Eden: 1162752K(1162752K)->0K(1162752K) From: 6640K(475648K)->2336K(458752K)
[172.949s][info ][gc,heap        ] GC(37) ParOldGen: 350444K(430080K)->354724K(430080K)
[172.949s][info ][gc,metaspace   ] GC(37) Metaspace: 83921K(84992K)->83921K(84992K) NonClass: 71633K(72192K)->71633K(72192K) Class: 12287K(12800K)->12287K(12800K)
[172.949s][info ][gc             ] GC(37) Pause Young (Allocation Failure) 1484M->348M(2003M) 7.825ms
[172.949s][info ][gc,cpu         ] GC(37) User=0.01s Sys=0.01s Real=0.00s
[172.949s][info ][safepoint      ] Safepoint "ParallelGCFailedAllocation", Time since last: 540155722 ns, Reaching safepoint: 3500 ns, Cleanup: 22000 ns, At safepoint: 7899211 ns, Total: 7924711 ns
[173.949s][info ][safepoint      ] Safepoint "Cleanup", Time since last: 1000065537 ns, Reaching safepoint: 3400 ns, Cleanup: 53101 ns, At safepoint: 2400 ns, Total: 58901 ns
[174.949s][info ][safepoint      ] Safepoint "Cleanup", Time since last: 1000060037 ns, Reaching safepoint: 4200 ns, Cleanup: 38200 ns, At safepoint: 3600 ns, Total: 46000 ns
[175.950s][info ][safepoint      ] Safepoint "Cleanup", Time since last: 1000105438 ns, Reaching safepoint: 4700 ns, Cleanup: 47600 ns, At safepoint: 7800 ns, Total: 60100 ns
[176.950s][info ][safepoint      ] Safepoint "Cleanup", Time since last: 1000110318 ns, Reaching safepoint: 3700 ns, Cleanup: 33700 ns, At safepoint: 4500 ns, Total: 41900 ns
[178.111s][info ][safepoint      ] Safepoint "Cleanup", Time since last: 1161044663 ns, Reaching safepoint: 2300 ns, Cleanup: 51500 ns, At safepoint: 6600 ns, Total: 60400 ns
[178.439s][info ][gc,start       ] GC(38) Pause Young (Allocation Failure)
[178.443s][debug][gc,phases      ] GC(38) Scavenge 4.822ms
[178.443s][debug][gc,ref         ] GC(38) Skipped phase 1 of Reference Processing: no references
[178.443s][debug][gc,ref         ] GC(38) ReferenceProcessor::execute queues: 1, RefProcThreadModel::Single, marks_oops_alive: false
[178.443s][debug][gc,ref         ] GC(38) Skipped phase 3 of Reference Processing: no references
[178.443s][debug][gc,ref         ] GC(38) ReferenceProcessor::execute queues: 1, RefProcThreadModel::Single, marks_oops_alive: false
[178.443s][debug][gc,phases      ] GC(38) Reference Processing 0.082ms
[178.444s][debug][gc,phases      ] GC(38)   VM Weak                        Min:  0.0, Avg:  0.0, Max:  0.0, Diff:  0.0, Sum:  0.0, Workers: 4
[178.444s][debug][gc,phases      ] GC(38)     Dead                           Min: 0, Avg:  0.0, Max: 0, Diff: 0, Sum: 0, Workers: 4
[178.444s][debug][gc,phases      ] GC(38)     Total                          Min: 0, Avg: 214.2, Max: 601, Diff: 601, Sum: 857, Workers: 4
[178.444s][debug][gc,phases      ] GC(38)   ObjectSynchronizer Weak        Min:  0.0, Avg:  0.0, Max:  0.0, Diff:  0.0, Sum:  0.0, Workers: 4
[178.444s][debug][gc,phases      ] GC(38)     Dead                           Min: 0, Avg:  0.0, Max: 0, Diff: 0, Sum: 0, Workers: 4
[178.444s][debug][gc,phases      ] GC(38)     Total                          Min: 0, Avg:  1.0, Max: 4, Diff: 4, Sum: 4, Workers: 4
[178.444s][debug][gc,phases      ] GC(38)   JVMTI Tag Weak OopStorage      Min:  0.0, Avg:  0.0, Max:  0.0, Diff:  0.0, Sum:  0.0, Workers: 4
[178.444s][debug][gc,phases      ] GC(38)     Dead                           Min: 0, Avg:  0.0, Max: 0, Diff: 0, Sum: 0, Workers: 4
[178.444s][debug][gc,phases      ] GC(38)     Total                          Min: 0, Avg:  0.0, Max: 0, Diff: 0, Sum: 0, Workers: 4
[178.444s][debug][gc,phases      ] GC(38)   StringTable Weak               Min:  0.0, Avg:  0.1, Max:  0.1, Diff:  0.1, Sum:  0.4, Workers: 4
[178.444s][debug][gc,phases      ] GC(38)     Dead                           Min: 0, Avg:  0.0, Max: 0, Diff: 0, Sum: 0, Workers: 4
[178.444s][debug][gc,phases      ] GC(38)     Total                          Min: 0, Avg: 11092.5, Max: 18048, Diff: 18048, Sum: 44370, Workers: 4
[178.444s][debug][gc,phases      ] GC(38)   ResolvedMethodTable Weak       Min:  0.0, Avg:  0.0, Max:  0.0, Diff:  0.0, Sum:  0.1, Workers: 4
[178.444s][debug][gc,phases      ] GC(38)     Dead                           Min: 0, Avg:  0.0, Max: 0, Diff: 0, Sum: 0, Workers: 4
[178.444s][debug][gc,phases      ] GC(38)     Total                          Min: 0, Avg: 2593.2, Max: 4607, Diff: 4607, Sum: 10373, Workers: 4
[178.444s][debug][gc,phases      ] GC(38)   JNI Weak                       Min:  0.0, Avg:  0.0, Max:  0.0, Diff:  0.0, Sum:  0.0, Workers: 4
[178.444s][debug][gc,phases      ] GC(38)     Dead                           Min: 0, Avg:  0.0, Max: 0, Diff: 0, Sum: 0, Workers: 4
[178.444s][debug][gc,phases      ] GC(38)     Total                          Min: 0, Avg: 11.2, Max: 45, Diff: 45, Sum: 45, Workers: 4
[178.444s][debug][gc,phases      ] GC(38)   StringDedup Table Weak         Min:  0.0, Avg:  0.0, Max:  0.0, Diff:  0.0, Sum:  0.0, Workers: 4
[178.444s][debug][gc,phases      ] GC(38)     Dead                           Min: 0, Avg:  0.0, Max: 0, Diff: 0, Sum: 0, Workers: 4
[178.444s][debug][gc,phases      ] GC(38)     Total                          Min: 0, Avg:  0.0, Max: 0, Diff: 0, Sum: 0, Workers: 4
[178.444s][debug][gc,phases      ] GC(38)   StringDedup Requests0 Weak     Min:  0.0, Avg:  0.0, Max:  0.0, Diff:  0.0, Sum:  0.0, Workers: 4
[178.444s][debug][gc,phases      ] GC(38)     Dead                           Min: 0, Avg:  0.0, Max: 0, Diff: 0, Sum: 0, Workers: 4
[178.444s][debug][gc,phases      ] GC(38)     Total                          Min: 0, Avg:  0.0, Max: 0, Diff: 0, Sum: 0, Workers: 4
[178.444s][debug][gc,phases      ] GC(38)   StringDedup Requests1 Weak     Min:  0.0, Avg:  0.0, Max:  0.0, Diff:  0.0, Sum:  0.0, Workers: 4
[178.444s][debug][gc,phases      ] GC(38)     Dead                           Min: 0, Avg:  0.0, Max: 0, Diff: 0, Sum: 0, Workers: 4
[178.444s][debug][gc,phases      ] GC(38)     Total                          Min: 0, Avg:  0.0, Max: 0, Diff: 0, Sum: 0, Workers: 4
[178.444s][debug][gc,phases      ] GC(38)   Weak JFR Old Object Samples    Min:  0.0, Avg:  0.0, Max:  0.0, Diff:  0.0, Sum:  0.0, Workers: 4
[178.444s][debug][gc,phases      ] GC(38)     Dead                           Min: 0, Avg:  0.0, Max: 0, Diff: 0, Sum: 0, Workers: 4
[178.444s][debug][gc,phases      ] GC(38)     Total                          Min: 0, Avg:  0.0, Max: 0, Diff: 0, Sum: 0, Workers: 4
[178.444s][debug][gc,phases      ] GC(38) Weak Processing 0.335ms
[178.444s][debug][gc,age         ] GC(38) Desired survivor size 432537600 bytes, new threshold 15 (max threshold 15)
[178.444s][info ][gc,heap        ] GC(38) PSYoungGen: 1165088K(1621504K)->2416K(1674752K) Eden: 1162752K(1162752K)->0K(1233408K) From: 2336K(458752K)->2416K(441344K)
[178.444s][info ][gc,heap        ] GC(38) ParOldGen: 354724K(430080K)->354748K(430080K)
[178.444s][info ][gc,metaspace   ] GC(38) Metaspace: 83940K(84992K)->83940K(84992K) NonClass: 71652K(72192K)->71652K(72192K) Class: 12287K(12800K)->12287K(12800K)
[178.444s][info ][gc             ] GC(38) Pause Young (Allocation Failure) 1484M->348M(2055M) 5.336ms
[178.444s][info ][gc,cpu         ] GC(38) User=0.01s Sys=0.00s Real=0.01s
[178.444s][info ][safepoint      ] Safepoint "ParallelGCFailedAllocation", Time since last: 327576815 ns, Reaching safepoint: 3800 ns, Cleanup: 45600 ns, At safepoint: 5403103 ns, Total: 5452503 ns
[179.444s][info ][safepoint      ] Safepoint "Cleanup", Time since last: 1000084957 ns, Reaching safepoint: 73600 ns, Cleanup: 51700 ns, At safepoint: 4800 ns, Total: 130100 ns
[181.072s][info ][safepoint      ] Safepoint "Cleanup", Time since last: 1627651069 ns, Reaching safepoint: 4000 ns, Cleanup: 47700 ns, At safepoint: 5000 ns, Total: 56700 ns
[182.072s][info ][safepoint      ] Safepoint "Cleanup", Time since last: 1000120253 ns, Reaching safepoint: 6000 ns, Cleanup: 50000 ns, At safepoint: 4800 ns, Total: 60800 ns
[184.072s][info ][safepoint      ] Safepoint "Cleanup", Time since last: 2000094500 ns, Reaching safepoint: 3700 ns, Cleanup: 37300 ns, At safepoint: 5400 ns, Total: 46400 ns
[184.242s][info ][gc,start       ] GC(39) Pause Young (Allocation Failure)
[184.245s][debug][gc,phases      ] GC(39) Scavenge 3.054ms
[184.245s][debug][gc,ref         ] GC(39) Skipped phase 1 of Reference Processing: no references
[184.245s][debug][gc,ref         ] GC(39) ReferenceProcessor::execute queues: 1, RefProcThreadModel::Single, marks_oops_alive: false
[184.245s][debug][gc,ref         ] GC(39) Skipped phase 3 of Reference Processing: no references
[184.245s][debug][gc,ref         ] GC(39) ReferenceProcessor::execute queues: 1, RefProcThreadModel::Single, marks_oops_alive: false
[184.245s][debug][gc,phases      ] GC(39) Reference Processing 0.106ms
[184.246s][debug][gc,phases      ] GC(39)   VM Weak                        Min:  0.0, Avg:  0.0, Max:  0.0, Diff:  0.0, Sum:  0.0, Workers: 4
[184.246s][debug][gc,phases      ] GC(39)     Dead                           Min: 0, Avg:  0.0, Max: 0, Diff: 0, Sum: 0, Workers: 4
[184.246s][debug][gc,phases      ] GC(39)     Total                          Min: 0, Avg: 214.2, Max: 345, Diff: 345, Sum: 857, Workers: 4
[184.246s][debug][gc,phases      ] GC(39)   ObjectSynchronizer Weak        Min:  0.0, Avg:  0.0, Max:  0.0, Diff:  0.0, Sum:  0.0, Workers: 4
[184.246s][debug][gc,phases      ] GC(39)     Dead                           Min: 0, Avg:  0.0, Max: 0, Diff: 0, Sum: 0, Workers: 4
[184.246s][debug][gc,phases      ] GC(39)     Total                          Min: 0, Avg:  1.0, Max: 4, Diff: 4, Sum: 4, Workers: 4
[184.246s][debug][gc,phases      ] GC(39)   JVMTI Tag Weak OopStorage      Min:  0.0, Avg:  0.0, Max:  0.0, Diff:  0.0, Sum:  0.0, Workers: 4
[184.246s][debug][gc,phases      ] GC(39)     Dead                           Min: 0, Avg:  0.0, Max: 0, Diff: 0, Sum: 0, Workers: 4
[184.246s][debug][gc,phases      ] GC(39)     Total                          Min: 0, Avg:  0.0, Max: 0, Diff: 0, Sum: 0, Workers: 4
[184.246s][debug][gc,phases      ] GC(39)   StringTable Weak               Min:  0.0, Avg:  0.1, Max:  0.1, Diff:  0.1, Sum:  0.4, Workers: 4
[184.246s][debug][gc,phases      ] GC(39)     Dead                           Min: 0, Avg:  0.0, Max: 0, Diff: 0, Sum: 0, Workers: 4
[184.246s][debug][gc,phases      ] GC(39)     Total                          Min: 0, Avg: 11093.8, Max: 18711, Diff: 18711, Sum: 44375, Workers: 4
[184.246s][debug][gc,phases      ] GC(39)   ResolvedMethodTable Weak       Min:  0.0, Avg:  0.0, Max:  0.0, Diff:  0.0, Sum:  0.1, Workers: 4
[184.246s][debug][gc,phases      ] GC(39)     Dead                           Min: 0, Avg:  0.0, Max: 0, Diff: 0, Sum: 0, Workers: 4
[184.246s][debug][gc,phases      ] GC(39)     Total                          Min: 0, Avg: 2593.2, Max: 4101, Diff: 4101, Sum: 10373, Workers: 4
[184.246s][debug][gc,phases      ] GC(39)   JNI Weak                       Min:  0.0, Avg:  0.0, Max:  0.0, Diff:  0.0, Sum:  0.0, Workers: 4
[184.246s][debug][gc,phases      ] GC(39)     Dead                           Min: 0, Avg:  0.0, Max: 0, Diff: 0, Sum: 0, Workers: 4
[184.246s][debug][gc,phases      ] GC(39)     Total                          Min: 0, Avg: 11.2, Max: 45, Diff: 45, Sum: 45, Workers: 4
[184.246s][debug][gc,phases      ] GC(39)   StringDedup Table Weak         Min:  0.0, Avg:  0.0, Max:  0.0, Diff:  0.0, Sum:  0.0, Workers: 4
[184.246s][debug][gc,phases      ] GC(39)     Dead                           Min: 0, Avg:  0.0, Max: 0, Diff: 0, Sum: 0, Workers: 4
[184.246s][debug][gc,phases      ] GC(39)     Total                          Min: 0, Avg:  0.0, Max: 0, Diff: 0, Sum: 0, Workers: 4
[184.246s][debug][gc,phases      ] GC(39)   StringDedup Requests0 Weak     Min:  0.0, Avg:  0.0, Max:  0.0, Diff:  0.0, Sum:  0.0, Workers: 4
[184.246s][debug][gc,phases      ] GC(39)     Dead                           Min: 0, Avg:  0.0, Max: 0, Diff: 0, Sum: 0, Workers: 4
[184.246s][debug][gc,phases      ] GC(39)     Total                          Min: 0, Avg:  0.0, Max: 0, Diff: 0, Sum: 0, Workers: 4
[184.246s][debug][gc,phases      ] GC(39)   StringDedup Requests1 Weak     Min:  0.0, Avg:  0.0, Max:  0.0, Diff:  0.0, Sum:  0.0, Workers: 4
[184.246s][debug][gc,phases      ] GC(39)     Dead                           Min: 0, Avg:  0.0, Max: 0, Diff: 0, Sum: 0, Workers: 4
[184.246s][debug][gc,phases      ] GC(39)     Total                          Min: 0, Avg:  0.0, Max: 0, Diff: 0, Sum: 0, Workers: 4
[184.246s][debug][gc,phases      ] GC(39)   Weak JFR Old Object Samples    Min:  0.0, Avg:  0.0, Max:  0.0, Diff:  0.0, Sum:  0.0, Workers: 4
[184.246s][debug][gc,phases      ] GC(39)     Dead                           Min: 0, Avg:  0.0, Max: 0, Diff: 0, Sum: 0, Workers: 4
[184.246s][debug][gc,phases      ] GC(39)     Total                          Min: 0, Avg:  0.0, Max: 0, Diff: 0, Sum: 0, Workers: 4
[184.246s][debug][gc,phases      ] GC(39) Weak Processing 0.338ms
[184.246s][debug][gc,age         ] GC(39) Desired survivor size 413138944 bytes, new threshold 15 (max threshold 15)
[184.246s][info ][gc,heap        ] GC(39) PSYoungGen: 1235824K(1674752K)->2352K(1655808K) Eden: 1233408K(1233408K)->0K(1233408K) From: 2416K(441344K)->2352K(422400K)
[184.246s][info ][gc,heap        ] GC(39) ParOldGen: 354748K(430080K)->354780K(430080K)
[184.246s][info ][gc,metaspace   ] GC(39) Metaspace: 83958K(84992K)->83958K(84992K) NonClass: 71670K(72192K)->71670K(72192K) Class: 12287K(12800K)->12287K(12800K)
[184.246s][info ][gc             ] GC(39) Pause Young (Allocation Failure) 1553M->348M(2037M) 3.591ms
[184.246s][info ][gc,cpu         ] GC(39) User=0.02s Sys=0.00s Real=0.00s
[184.246s][info ][safepoint      ] Safepoint "ParallelGCFailedAllocation", Time since last: 169908230 ns, Reaching safepoint: 4200 ns, Cleanup: 18800 ns, At safepoint: 3654205 ns, Total: 3677205 ns
[185.246s][info ][safepoint      ] Safepoint "Cleanup", Time since last: 1000084665 ns, Reaching safepoint: 73500 ns, Cleanup: 36800 ns, At safepoint: 4800 ns, Total: 115100 ns
[186.246s][info ][safepoint      ] Safepoint "Cleanup", Time since last: 1000111066 ns, Reaching safepoint: 73200 ns, Cleanup: 41200 ns, At safepoint: 5100 ns, Total: 119500 ns
[187.246s][info ][safepoint      ] Safepoint "Cleanup", Time since last: 1000099467 ns, Reaching safepoint: 75600 ns, Cleanup: 40800 ns, At safepoint: 5400 ns, Total: 121800 ns
[188.246s][info ][safepoint      ] Safepoint "Cleanup", Time since last: 1000070666 ns, Reaching safepoint: 3200 ns, Cleanup: 37600 ns, At safepoint: 2900 ns, Total: 43700 ns
[189.247s][info ][safepoint      ] Safepoint "Cleanup", Time since last: 1000088067 ns, Reaching safepoint: 3900 ns, Cleanup: 20500 ns, At safepoint: 3100 ns, Total: 27500 ns
[189.992s][info ][gc,start       ] GC(40) Pause Young (Allocation Failure)
[189.997s][debug][gc,phases      ] GC(40) Scavenge 4.929ms
[189.997s][debug][gc,ref         ] GC(40) Skipped phase 1 of Reference Processing: no references
[189.997s][debug][gc,ref         ] GC(40) ReferenceProcessor::execute queues: 1, RefProcThreadModel::Single, marks_oops_alive: false
[189.997s][debug][gc,ref         ] GC(40) Skipped phase 3 of Reference Processing: no references
[189.997s][debug][gc,ref         ] GC(40) ReferenceProcessor::execute queues: 1, RefProcThreadModel::Single, marks_oops_alive: false
[189.997s][debug][gc,phases      ] GC(40) Reference Processing 0.100ms
[189.998s][debug][gc,phases      ] GC(40)   VM Weak                        Min:  0.0, Avg:  0.0, Max:  0.0, Diff:  0.0, Sum:  0.0, Workers: 4
[189.998s][debug][gc,phases      ] GC(40)     Dead                           Min: 0, Avg:  0.0, Max: 0, Diff: 0, Sum: 0, Workers: 4
[189.998s][debug][gc,phases      ] GC(40)     Total                          Min: 0, Avg: 214.2, Max: 601, Diff: 601, Sum: 857, Workers: 4
[189.998s][debug][gc,phases      ] GC(40)   ObjectSynchronizer Weak        Min:  0.0, Avg:  0.0, Max:  0.0, Diff:  0.0, Sum:  0.0, Workers: 4
[189.998s][debug][gc,phases      ] GC(40)     Dead                           Min: 0, Avg:  0.0, Max: 0, Diff: 0, Sum: 0, Workers: 4
[189.998s][debug][gc,phases      ] GC(40)     Total                          Min: 0, Avg:  1.0, Max: 4, Diff: 4, Sum: 4, Workers: 4
[189.998s][debug][gc,phases      ] GC(40)   JVMTI Tag Weak OopStorage      Min:  0.0, Avg:  0.0, Max:  0.0, Diff:  0.0, Sum:  0.0, Workers: 4
[189.998s][debug][gc,phases      ] GC(40)     Dead                           Min: 0, Avg:  0.0, Max: 0, Diff: 0, Sum: 0, Workers: 4
[189.998s][debug][gc,phases      ] GC(40)     Total                          Min: 0, Avg:  0.0, Max: 0, Diff: 0, Sum: 0, Workers: 4
[189.998s][debug][gc,phases      ] GC(40)   StringTable Weak               Min:  0.0, Avg:  0.1, Max:  0.1, Diff:  0.1, Sum:  0.4, Workers: 4
[189.998s][debug][gc,phases      ] GC(40)     Dead                           Min: 0, Avg:  0.0, Max: 0, Diff: 0, Sum: 0, Workers: 4
[189.998s][debug][gc,phases      ] GC(40)     Total                          Min: 0, Avg: 11094.0, Max: 19200, Diff: 19200, Sum: 44376, Workers: 4
[189.998s][debug][gc,phases      ] GC(40)   ResolvedMethodTable Weak       Min:  0.0, Avg:  0.0, Max:  0.0, Diff:  0.0, Sum:  0.1, Workers: 4
[189.998s][debug][gc,phases      ] GC(40)     Dead                           Min: 0, Avg:  0.0, Max: 0, Diff: 0, Sum: 0, Workers: 4
[189.998s][debug][gc,phases      ] GC(40)     Total                          Min: 0, Avg: 2593.2, Max: 4608, Diff: 4608, Sum: 10373, Workers: 4
[189.998s][debug][gc,phases      ] GC(40)   JNI Weak                       Min:  0.0, Avg:  0.0, Max:  0.0, Diff:  0.0, Sum:  0.0, Workers: 4
[189.998s][debug][gc,phases      ] GC(40)     Dead                           Min: 0, Avg:  0.0, Max: 0, Diff: 0, Sum: 0, Workers: 4
[189.998s][debug][gc,phases      ] GC(40)     Total                          Min: 0, Avg: 11.2, Max: 45, Diff: 45, Sum: 45, Workers: 4
[189.998s][debug][gc,phases      ] GC(40)   StringDedup Table Weak         Min:  0.0, Avg:  0.0, Max:  0.0, Diff:  0.0, Sum:  0.0, Workers: 4
[189.998s][debug][gc,phases      ] GC(40)     Dead                           Min: 0, Avg:  0.0, Max: 0, Diff: 0, Sum: 0, Workers: 4
[189.998s][debug][gc,phases      ] GC(40)     Total                          Min: 0, Avg:  0.0, Max: 0, Diff: 0, Sum: 0, Workers: 4
[189.998s][debug][gc,phases      ] GC(40)   StringDedup Requests0 Weak     Min:  0.0, Avg:  0.0, Max:  0.0, Diff:  0.0, Sum:  0.0, Workers: 4
[189.998s][debug][gc,phases      ] GC(40)     Dead                           Min: 0, Avg:  0.0, Max: 0, Diff: 0, Sum: 0, Workers: 4
[189.998s][debug][gc,phases      ] GC(40)     Total                          Min: 0, Avg:  0.0, Max: 0, Diff: 0, Sum: 0, Workers: 4
[189.998s][debug][gc,phases      ] GC(40)   StringDedup Requests1 Weak     Min:  0.0, Avg:  0.0, Max:  0.0, Diff:  0.0, Sum:  0.0, Workers: 4
[189.998s][debug][gc,phases      ] GC(40)     Dead                           Min: 0, Avg:  0.0, Max: 0, Diff: 0, Sum: 0, Workers: 4
[189.998s][debug][gc,phases      ] GC(40)     Total                          Min: 0, Avg:  0.0, Max: 0, Diff: 0, Sum: 0, Workers: 4
[189.998s][debug][gc,phases      ] GC(40)   Weak JFR Old Object Samples    Min:  0.0, Avg:  0.0, Max:  0.0, Diff:  0.0, Sum:  0.0, Workers: 4
[189.998s][debug][gc,phases      ] GC(40)     Dead                           Min: 0, Avg:  0.0, Max: 0, Diff: 0, Sum: 0, Workers: 4
[189.998s][debug][gc,phases      ] GC(40)     Total                          Min: 0, Avg:  0.0, Max: 0, Diff: 0, Sum: 0, Workers: 4
[189.998s][debug][gc,phases      ] GC(40) Weak Processing 0.327ms
[189.998s][debug][gc,age         ] GC(40) Desired survivor size 392691712 bytes, new threshold 15 (max threshold 15)
[189.998s][info ][gc,heap        ] GC(40) PSYoungGen: 1235760K(1655808K)->2464K(1713664K) Eden: 1233408K(1233408K)->0K(1310208K) From: 2352K(422400K)->2464K(403456K)
[189.998s][info ][gc,heap        ] GC(40) ParOldGen: 354780K(430080K)->354804K(430080K)
[189.998s][info ][gc,metaspace   ] GC(40) Metaspace: 83962K(85056K)->83962K(85056K) NonClass: 71674K(72256K)->71674K(72256K) Class: 12288K(12800K)->12288K(12800K)
[189.998s][info ][gc             ] GC(40) Pause Young (Allocation Failure) 1553M->348M(2093M) 5.453ms
[189.998s][info ][gc,cpu         ] GC(40) User=0.02s Sys=0.00s Real=0.01s
[189.998s][info ][safepoint      ] Safepoint "ParallelGCFailedAllocation", Time since last: 745675069 ns, Reaching safepoint: 73100 ns, Cleanup: 29100 ns, At safepoint: 5522407 ns, Total: 5624607 ns
[190.998s][info ][safepoint      ] Safepoint "Cleanup", Time since last: 1000077666 ns, Reaching safepoint: 3900 ns, Cleanup: 29400 ns, At safepoint: 3000 ns, Total: 36300 ns
[192.998s][info ][safepoint      ] Safepoint "Cleanup", Time since last: 2000169735 ns, Reaching safepoint: 3600 ns, Cleanup: 27100 ns, At safepoint: 3000 ns, Total: 33700 ns
[193.998s][info ][safepoint      ] Safepoint "Cleanup", Time since last: 1000102974 ns, Reaching safepoint: 71900 ns, Cleanup: 37100 ns, At safepoint: 6100 ns, Total: 115100 ns
[194.999s][info ][safepoint      ] Safepoint "Cleanup", Time since last: 1000095775 ns, Reaching safepoint: 3600 ns, Cleanup: 32300 ns, At safepoint: 2500 ns, Total: 38400 ns
[195.999s][info ][safepoint      ] Safepoint "Cleanup", Time since last: 1000103374 ns, Reaching safepoint: 3500 ns, Cleanup: 35100 ns, At safepoint: 2500 ns, Total: 41100 ns
[196.292s][info ][gc,start       ] GC(41) Pause Young (Allocation Failure)
[196.296s][debug][gc,phases      ] GC(41) Scavenge 3.346ms
[196.296s][debug][gc,ref         ] GC(41) Skipped phase 1 of Reference Processing: no references
[196.296s][debug][gc,ref         ] GC(41) ReferenceProcessor::execute queues: 1, RefProcThreadModel::Single, marks_oops_alive: false
[196.296s][debug][gc,ref         ] GC(41) Skipped phase 3 of Reference Processing: no references
[196.296s][debug][gc,ref         ] GC(41) ReferenceProcessor::execute queues: 1, RefProcThreadModel::Single, marks_oops_alive: false
[196.296s][debug][gc,phases      ] GC(41) Reference Processing 0.102ms
[196.296s][debug][gc,phases      ] GC(41)   VM Weak                        Min:  0.0, Avg:  0.0, Max:  0.0, Diff:  0.0, Sum:  0.0, Workers: 4
[196.296s][debug][gc,phases      ] GC(41)     Dead                           Min: 0, Avg:  0.0, Max: 0, Diff: 0, Sum: 0, Workers: 4
[196.296s][debug][gc,phases      ] GC(41)     Total                          Min: 0, Avg: 214.2, Max: 857, Diff: 857, Sum: 857, Workers: 4
[196.296s][debug][gc,phases      ] GC(41)   ObjectSynchronizer Weak        Min:  0.0, Avg:  0.0, Max:  0.0, Diff:  0.0, Sum:  0.0, Workers: 4
[196.296s][debug][gc,phases      ] GC(41)     Dead                           Min: 0, Avg:  0.0, Max: 0, Diff: 0, Sum: 0, Workers: 4
[196.296s][debug][gc,phases      ] GC(41)     Total                          Min: 0, Avg:  1.0, Max: 4, Diff: 4, Sum: 4, Workers: 4
[196.296s][debug][gc,phases      ] GC(41)   JVMTI Tag Weak OopStorage      Min:  0.0, Avg:  0.0, Max:  0.0, Diff:  0.0, Sum:  0.0, Workers: 4
[196.296s][debug][gc,phases      ] GC(41)     Dead                           Min: 0, Avg:  0.0, Max: 0, Diff: 0, Sum: 0, Workers: 4
[196.296s][debug][gc,phases      ] GC(41)     Total                          Min: 0, Avg:  0.0, Max: 0, Diff: 0, Sum: 0, Workers: 4
[196.296s][debug][gc,phases      ] GC(41)   StringTable Weak               Min:  0.0, Avg:  0.1, Max:  0.1, Diff:  0.1, Sum:  0.4, Workers: 4
[196.296s][debug][gc,phases      ] GC(41)     Dead                           Min: 0, Avg:  0.0, Max: 0, Diff: 0, Sum: 0, Workers: 4
[196.296s][debug][gc,phases      ] GC(41)     Total                          Min: 0, Avg: 11095.0, Max: 17152, Diff: 17152, Sum: 44380, Workers: 4
[196.296s][debug][gc,phases      ] GC(41)   ResolvedMethodTable Weak       Min:  0.0, Avg:  0.0, Max:  0.0, Diff:  0.0, Sum:  0.1, Workers: 4
[196.296s][debug][gc,phases      ] GC(41)     Dead                           Min: 0, Avg:  0.0, Max: 0, Diff: 0, Sum: 0, Workers: 4
[196.296s][debug][gc,phases      ] GC(41)     Total                          Min: 0, Avg: 2593.2, Max: 4486, Diff: 4486, Sum: 10373, Workers: 4
[196.296s][debug][gc,phases      ] GC(41)   JNI Weak                       Min:  0.0, Avg:  0.0, Max:  0.0, Diff:  0.0, Sum:  0.0, Workers: 4
[196.296s][debug][gc,phases      ] GC(41)     Dead                           Min: 0, Avg:  0.0, Max: 0, Diff: 0, Sum: 0, Workers: 4
[196.296s][debug][gc,phases      ] GC(41)     Total                          Min: 0, Avg: 11.2, Max: 45, Diff: 45, Sum: 45, Workers: 4
[196.296s][debug][gc,phases      ] GC(41)   StringDedup Table Weak         Min:  0.0, Avg:  0.0, Max:  0.0, Diff:  0.0, Sum:  0.0, Workers: 4
[196.296s][debug][gc,phases      ] GC(41)     Dead                           Min: 0, Avg:  0.0, Max: 0, Diff: 0, Sum: 0, Workers: 4
[196.296s][debug][gc,phases      ] GC(41)     Total                          Min: 0, Avg:  0.0, Max: 0, Diff: 0, Sum: 0, Workers: 4
[196.296s][debug][gc,phases      ] GC(41)   StringDedup Requests0 Weak     Min:  0.0, Avg:  0.0, Max:  0.0, Diff:  0.0, Sum:  0.0, Workers: 4
[196.296s][debug][gc,phases      ] GC(41)     Dead                           Min: 0, Avg:  0.0, Max: 0, Diff: 0, Sum: 0, Workers: 4
[196.296s][debug][gc,phases      ] GC(41)     Total                          Min: 0, Avg:  0.0, Max: 0, Diff: 0, Sum: 0, Workers: 4
[196.296s][debug][gc,phases      ] GC(41)   StringDedup Requests1 Weak     Min:  0.0, Avg:  0.0, Max:  0.0, Diff:  0.0, Sum:  0.0, Workers: 4
[196.296s][debug][gc,phases      ] GC(41)     Dead                           Min: 0, Avg:  0.0, Max: 0, Diff: 0, Sum: 0, Workers: 4
[196.296s][debug][gc,phases      ] GC(41)     Total                          Min: 0, Avg:  0.0, Max: 0, Diff: 0, Sum: 0, Workers: 4
[196.296s][debug][gc,phases      ] GC(41)   Weak JFR Old Object Samples    Min:  0.0, Avg:  0.0, Max:  0.0, Diff:  0.0, Sum:  0.0, Workers: 4
[196.296s][debug][gc,phases      ] GC(41)     Dead                           Min: 0, Avg:  0.0, Max: 0, Diff: 0, Sum: 0, Workers: 4
[196.296s][debug][gc,phases      ] GC(41)     Total                          Min: 0, Avg:  0.0, Max: 0, Diff: 0, Sum: 0, Workers: 4
[196.296s][debug][gc,phases      ] GC(41) Weak Processing 0.340ms
[196.296s][debug][gc,age         ] GC(41) Desired survivor size 372768768 bytes, new threshold 15 (max threshold 15)
[196.296s][info ][gc,heap        ] GC(41) PSYoungGen: 1312672K(1713664K)->2464K(1693696K) Eden: 1310208K(1310208K)->0K(1310208K) From: 2464K(403456K)->2464K(383488K)
[196.296s][info ][gc,heap        ] GC(41) ParOldGen: 354804K(430080K)->354812K(430080K)
[196.296s][info ][gc,metaspace   ] GC(41) Metaspace: 83966K(85056K)->83966K(85056K) NonClass: 71678K(72256K)->71678K(72256K) Class: 12288K(12800K)->12288K(12800K)
[196.296s][info ][gc             ] GC(41) Pause Young (Allocation Failure) 1628M->348M(2074M) 3.884ms
[196.296s][info ][gc,cpu         ] GC(41) User=0.01s Sys=0.00s Real=0.01s
[196.296s][info ][safepoint      ] Safepoint "ParallelGCFailedAllocation", Time since last: 293397545 ns, Reaching safepoint: 3400 ns, Cleanup: 35100 ns, At safepoint: 3953505 ns, Total: 3992005 ns
[197.355s][info ][safepoint      ] Safepoint "Cleanup", Time since last: 1058422742 ns, Reaching safepoint: 4500 ns, Cleanup: 54000 ns, At safepoint: 3700 ns, Total: 62200 ns
[198.355s][info ][safepoint      ] Safepoint "Cleanup", Time since last: 1000109475 ns, Reaching safepoint: 5300 ns, Cleanup: 35100 ns, At safepoint: 3400 ns, Total: 43800 ns
[200.355s][info ][safepoint      ] Safepoint "Cleanup", Time since last: 2000184449 ns, Reaching safepoint: 5400 ns, Cleanup: 34200 ns, At safepoint: 2600 ns, Total: 42200 ns
[201.355s][info ][safepoint      ] Safepoint "Cleanup", Time since last: 1000099270 ns, Reaching safepoint: 3400 ns, Cleanup: 33200 ns, At safepoint: 2700 ns, Total: 39300 ns
[202.420s][info ][gc,start       ] GC(42) Pause Young (Allocation Failure)
[202.426s][debug][gc,phases      ] GC(42) Scavenge 6.209ms
[202.426s][debug][gc,ref         ] GC(42) Skipped phase 1 of Reference Processing: no references
[202.426s][debug][gc,ref         ] GC(42) ReferenceProcessor::execute queues: 1, RefProcThreadModel::Single, marks_oops_alive: false
[202.426s][debug][gc,ref         ] GC(42) Skipped phase 3 of Reference Processing: no references
[202.426s][debug][gc,ref         ] GC(42) ReferenceProcessor::execute queues: 1, RefProcThreadModel::Single, marks_oops_alive: false
[202.426s][debug][gc,phases      ] GC(42) Reference Processing 0.121ms
[202.427s][debug][gc,phases      ] GC(42)   VM Weak                        Min:  0.0, Avg:  0.0, Max:  0.0, Diff:  0.0, Sum:  0.0, Workers: 4
[202.427s][debug][gc,phases      ] GC(42)     Dead                           Min: 0, Avg:  0.0, Max: 0, Diff: 0, Sum: 0, Workers: 4
[202.427s][debug][gc,phases      ] GC(42)     Total                          Min: 0, Avg: 214.2, Max: 640, Diff: 640, Sum: 857, Workers: 4
[202.427s][debug][gc,phases      ] GC(42)   ObjectSynchronizer Weak        Min:  0.0, Avg:  0.0, Max:  0.0, Diff:  0.0, Sum:  0.0, Workers: 4
[202.427s][debug][gc,phases      ] GC(42)     Dead                           Min: 0, Avg:  0.0, Max: 0, Diff: 0, Sum: 0, Workers: 4
[202.427s][debug][gc,phases      ] GC(42)     Total                          Min: 0, Avg:  1.0, Max: 4, Diff: 4, Sum: 4, Workers: 4
[202.427s][debug][gc,phases      ] GC(42)   JVMTI Tag Weak OopStorage      Min:  0.0, Avg:  0.0, Max:  0.0, Diff:  0.0, Sum:  0.0, Workers: 4
[202.427s][debug][gc,phases      ] GC(42)     Dead                           Min: 0, Avg:  0.0, Max: 0, Diff: 0, Sum: 0, Workers: 4
[202.427s][debug][gc,phases      ] GC(42)     Total                          Min: 0, Avg:  0.0, Max: 0, Diff: 0, Sum: 0, Workers: 4
[202.427s][debug][gc,phases      ] GC(42)   StringTable Weak               Min:  0.0, Avg:  0.1, Max:  0.1, Diff:  0.1, Sum:  0.4, Workers: 4
[202.427s][debug][gc,phases      ] GC(42)     Dead                           Min: 0, Avg:  0.0, Max: 0, Diff: 0, Sum: 0, Workers: 4
[202.427s][debug][gc,phases      ] GC(42)     Total                          Min: 0, Avg: 11097.2, Max: 19712, Diff: 19712, Sum: 44389, Workers: 4
[202.427s][debug][gc,phases      ] GC(42)   ResolvedMethodTable Weak       Min:  0.0, Avg:  0.0, Max:  0.0, Diff:  0.0, Sum:  0.1, Workers: 4
[202.427s][debug][gc,phases      ] GC(42)     Dead                           Min: 0, Avg:  0.0, Max: 0, Diff: 0, Sum: 0, Workers: 4
[202.427s][debug][gc,phases      ] GC(42)     Total                          Min: 0, Avg: 2593.2, Max: 4678, Diff: 4678, Sum: 10373, Workers: 4
[202.427s][debug][gc,phases      ] GC(42)   JNI Weak                       Min:  0.0, Avg:  0.0, Max:  0.0, Diff:  0.0, Sum:  0.0, Workers: 4
[202.427s][debug][gc,phases      ] GC(42)     Dead                           Min: 0, Avg:  0.0, Max: 0, Diff: 0, Sum: 0, Workers: 4
[202.427s][debug][gc,phases      ] GC(42)     Total                          Min: 0, Avg: 11.2, Max: 45, Diff: 45, Sum: 45, Workers: 4
[202.427s][debug][gc,phases      ] GC(42)   StringDedup Table Weak         Min:  0.0, Avg:  0.0, Max:  0.0, Diff:  0.0, Sum:  0.0, Workers: 4
[202.427s][debug][gc,phases      ] GC(42)     Dead                           Min: 0, Avg:  0.0, Max: 0, Diff: 0, Sum: 0, Workers: 4
[202.427s][debug][gc,phases      ] GC(42)     Total                          Min: 0, Avg:  0.0, Max: 0, Diff: 0, Sum: 0, Workers: 4
[202.427s][debug][gc,phases      ] GC(42)   StringDedup Requests0 Weak     Min:  0.0, Avg:  0.0, Max:  0.0, Diff:  0.0, Sum:  0.0, Workers: 4
[202.427s][debug][gc,phases      ] GC(42)     Dead                           Min: 0, Avg:  0.0, Max: 0, Diff: 0, Sum: 0, Workers: 4
[202.427s][debug][gc,phases      ] GC(42)     Total                          Min: 0, Avg:  0.0, Max: 0, Diff: 0, Sum: 0, Workers: 4
[202.427s][debug][gc,phases      ] GC(42)   StringDedup Requests1 Weak     Min:  0.0, Avg:  0.0, Max:  0.0, Diff:  0.0, Sum:  0.0, Workers: 4
[202.427s][debug][gc,phases      ] GC(42)     Dead                           Min: 0, Avg:  0.0, Max: 0, Diff: 0, Sum: 0, Workers: 4
[202.427s][debug][gc,phases      ] GC(42)     Total                          Min: 0, Avg:  0.0, Max: 0, Diff: 0, Sum: 0, Workers: 4
[202.427s][debug][gc,phases      ] GC(42)   Weak JFR Old Object Samples    Min:  0.0, Avg:  0.0, Max:  0.0, Diff:  0.0, Sum:  0.0, Workers: 4
[202.427s][debug][gc,phases      ] GC(42)     Dead                           Min: 0, Avg:  0.0, Max: 0, Diff: 0, Sum: 0, Workers: 4
[202.427s][debug][gc,phases      ] GC(42)     Total                          Min: 0, Avg:  0.0, Max: 0, Diff: 0, Sum: 0, Workers: 4
[202.427s][debug][gc,phases      ] GC(42) Weak Processing 0.317ms
[202.427s][debug][gc,age         ] GC(42) Desired survivor size 352321536 bytes, new threshold 15 (max threshold 15)
[202.427s][info ][gc,heap        ] GC(42) PSYoungGen: 1312672K(1693696K)->2272K(1753088K) Eden: 1310208K(1310208K)->0K(1389056K) From: 2464K(383488K)->2272K(364032K)
[202.427s][info ][gc,heap        ] GC(42) ParOldGen: 354812K(430080K)->354884K(430080K)
[202.427s][info ][gc,metaspace   ] GC(42) Metaspace: 83976K(85056K)->83976K(85056K) NonClass: 71688K(72256K)->71688K(72256K) Class: 12288K(12800K)->12288K(12800K)
[202.427s][info ][gc             ] GC(42) Pause Young (Allocation Failure) 1628M->348M(2132M) 6.750ms
[202.427s][info ][gc,cpu         ] GC(42) User=0.01s Sys=0.00s Real=0.01s
[202.427s][info ][safepoint      ] Safepoint "ParallelGCFailedAllocation", Time since last: 1064823553 ns, Reaching safepoint: 5800 ns, Cleanup: 36100 ns, At safepoint: 6823306 ns, Total: 6865206 ns
[203.427s][info ][safepoint      ] Safepoint "Cleanup", Time since last: 1000082089 ns, Reaching safepoint: 4700 ns, Cleanup: 35600 ns, At safepoint: 3100 ns, Total: 43400 ns
[207.427s][info ][safepoint      ] Safepoint "Cleanup", Time since last: 4000316852 ns, Reaching safepoint: 3900 ns, Cleanup: 36101 ns, At safepoint: 2500 ns, Total: 42501 ns
[209.041s][info ][gc,start       ] GC(43) Pause Young (Allocation Failure)
[209.044s][debug][gc,phases      ] GC(43) Scavenge 2.895ms
[209.044s][debug][gc,ref         ] GC(43) Skipped phase 1 of Reference Processing: no references
[209.044s][debug][gc,ref         ] GC(43) ReferenceProcessor::execute queues: 1, RefProcThreadModel::Single, marks_oops_alive: false
[209.044s][debug][gc,ref         ] GC(43) Skipped phase 3 of Reference Processing: no references
[209.044s][debug][gc,ref         ] GC(43) ReferenceProcessor::execute queues: 1, RefProcThreadModel::Single, marks_oops_alive: false
[209.044s][debug][gc,phases      ] GC(43) Reference Processing 0.100ms
[209.044s][debug][gc,phases      ] GC(43)   VM Weak                        Min:  0.0, Avg:  0.0, Max:  0.0, Diff:  0.0, Sum:  0.0, Workers: 4
[209.044s][debug][gc,phases      ] GC(43)     Dead                           Min: 0, Avg:  0.0, Max: 0, Diff: 0, Sum: 0, Workers: 4
[209.044s][debug][gc,phases      ] GC(43)     Total                          Min: 0, Avg: 214.2, Max: 793, Diff: 793, Sum: 857, Workers: 4
[209.044s][debug][gc,phases      ] GC(43)   ObjectSynchronizer Weak        Min:  0.0, Avg:  0.0, Max:  0.0, Diff:  0.0, Sum:  0.0, Workers: 4
[209.044s][debug][gc,phases      ] GC(43)     Dead                           Min: 0, Avg:  0.0, Max: 0, Diff: 0, Sum: 0, Workers: 4
[209.044s][debug][gc,phases      ] GC(43)     Total                          Min: 0, Avg:  1.5, Max: 6, Diff: 6, Sum: 6, Workers: 4
[209.044s][debug][gc,phases      ] GC(43)   JVMTI Tag Weak OopStorage      Min:  0.0, Avg:  0.0, Max:  0.0, Diff:  0.0, Sum:  0.0, Workers: 4
[209.044s][debug][gc,phases      ] GC(43)     Dead                           Min: 0, Avg:  0.0, Max: 0, Diff: 0, Sum: 0, Workers: 4
[209.044s][debug][gc,phases      ] GC(43)     Total                          Min: 0, Avg:  0.0, Max: 0, Diff: 0, Sum: 0, Workers: 4
[209.044s][debug][gc,phases      ] GC(43)   StringTable Weak               Min:  0.0, Avg:  0.1, Max:  0.1, Diff:  0.1, Sum:  0.4, Workers: 4
[209.044s][debug][gc,phases      ] GC(43)     Dead                           Min: 0, Avg:  0.0, Max: 0, Diff: 0, Sum: 0, Workers: 4
[209.044s][debug][gc,phases      ] GC(43)     Total                          Min: 0, Avg: 11097.2, Max: 19072, Diff: 19072, Sum: 44389, Workers: 4
[209.044s][debug][gc,phases      ] GC(43)   ResolvedMethodTable Weak       Min:  0.0, Avg:  0.0, Max:  0.0, Diff:  0.0, Sum:  0.1, Workers: 4
[209.044s][debug][gc,phases      ] GC(43)     Dead                           Min: 0, Avg:  0.0, Max: 0, Diff: 0, Sum: 0, Workers: 4
[209.044s][debug][gc,phases      ] GC(43)     Total                          Min: 0, Avg: 2593.2, Max: 4031, Diff: 4031, Sum: 10373, Workers: 4
[209.044s][debug][gc,phases      ] GC(43)   JNI Weak                       Min:  0.0, Avg:  0.0, Max:  0.0, Diff:  0.0, Sum:  0.0, Workers: 4
[209.044s][debug][gc,phases      ] GC(43)     Dead                           Min: 0, Avg:  0.0, Max: 0, Diff: 0, Sum: 0, Workers: 4
[209.044s][debug][gc,phases      ] GC(43)     Total                          Min: 0, Avg: 11.2, Max: 45, Diff: 45, Sum: 45, Workers: 4
[209.044s][debug][gc,phases      ] GC(43)   StringDedup Table Weak         Min:  0.0, Avg:  0.0, Max:  0.0, Diff:  0.0, Sum:  0.0, Workers: 4
[209.044s][debug][gc,phases      ] GC(43)     Dead                           Min: 0, Avg:  0.0, Max: 0, Diff: 0, Sum: 0, Workers: 4
[209.044s][debug][gc,phases      ] GC(43)     Total                          Min: 0, Avg:  0.0, Max: 0, Diff: 0, Sum: 0, Workers: 4
[209.044s][debug][gc,phases      ] GC(43)   StringDedup Requests0 Weak     Min:  0.0, Avg:  0.0, Max:  0.0, Diff:  0.0, Sum:  0.0, Workers: 4
[209.045s][debug][gc,phases      ] GC(43)     Dead                           Min: 0, Avg:  0.0, Max: 0, Diff: 0, Sum: 0, Workers: 4
[209.045s][debug][gc,phases      ] GC(43)     Total                          Min: 0, Avg:  0.0, Max: 0, Diff: 0, Sum: 0, Workers: 4
[209.045s][debug][gc,phases      ] GC(43)   StringDedup Requests1 Weak     Min:  0.0, Avg:  0.0, Max:  0.0, Diff:  0.0, Sum:  0.0, Workers: 4
[209.045s][debug][gc,phases      ] GC(43)     Dead                           Min: 0, Avg:  0.0, Max: 0, Diff: 0, Sum: 0, Workers: 4
[209.045s][debug][gc,phases      ] GC(43)     Total                          Min: 0, Avg:  0.0, Max: 0, Diff: 0, Sum: 0, Workers: 4
[209.045s][debug][gc,phases      ] GC(43)   Weak JFR Old Object Samples    Min:  0.0, Avg:  0.0, Max:  0.0, Diff:  0.0, Sum:  0.0, Workers: 4
[209.045s][debug][gc,phases      ] GC(43)     Dead                           Min: 0, Avg:  0.0, Max: 0, Diff: 0, Sum: 0, Workers: 4
[209.045s][debug][gc,phases      ] GC(43)     Total                          Min: 0, Avg:  0.0, Max: 0, Diff: 0, Sum: 0, Workers: 4
[209.045s][debug][gc,phases      ] GC(43) Weak Processing 0.331ms
[209.045s][debug][gc,age         ] GC(43) Desired survivor size 332922880 bytes, new threshold 15 (max threshold 15)
[209.045s][info ][gc,heap        ] GC(43) PSYoungGen: 1391328K(1753088K)->2320K(1733120K) Eden: 1389056K(1389056K)->0K(1389056K) From: 2272K(364032K)->2320K(344064K)
[209.045s][info ][gc,heap        ] GC(43) ParOldGen: 354884K(430080K)->354924K(430080K)
[209.045s][info ][gc,metaspace   ] GC(43) Metaspace: 83979K(85056K)->83979K(85056K) NonClass: 71691K(72256K)->71691K(72256K) Class: 12288K(12800K)->12288K(12800K)
[209.045s][info ][gc             ] GC(43) Pause Young (Allocation Failure) 1705M->348M(2112M) 3.420ms
[209.045s][info ][gc,cpu         ] GC(43) User=0.01s Sys=0.00s Real=0.00s
[209.045s][info ][safepoint      ] Safepoint "ParallelGCFailedAllocation", Time since last: 1613742021 ns, Reaching safepoint: 75200 ns, Cleanup: 29900 ns, At safepoint: 3483604 ns, Total: 3588704 ns
[210.045s][info ][safepoint      ] Safepoint "Cleanup", Time since last: 1000090962 ns, Reaching safepoint: 74600 ns, Cleanup: 33200 ns, At safepoint: 7100 ns, Total: 114900 ns
[211.045s][info ][safepoint      ] Safepoint "Cleanup", Time since last: 1000106263 ns, Reaching safepoint: 72400 ns, Cleanup: 33300 ns, At safepoint: 7000 ns, Total: 112700 ns
[214.045s][info ][safepoint      ] Safepoint "Cleanup", Time since last: 3000260787 ns, Reaching safepoint: 75500 ns, Cleanup: 35600 ns, At safepoint: 7500 ns, Total: 118600 ns
[215.046s][info ][safepoint      ] Safepoint "Cleanup", Time since last: 1000108462 ns, Reaching safepoint: 75001 ns, Cleanup: 38300 ns, At safepoint: 7400 ns, Total: 120701 ns
[215.542s][info ][gc,start       ] GC(44) Pause Young (Allocation Failure)
[215.545s][debug][gc,phases      ] GC(44) Scavenge 2.942ms
[215.546s][debug][gc,ref         ] GC(44) Skipped phase 1 of Reference Processing: no references
[215.546s][debug][gc,ref         ] GC(44) ReferenceProcessor::execute queues: 1, RefProcThreadModel::Single, marks_oops_alive: false
[215.546s][debug][gc,ref         ] GC(44) Skipped phase 3 of Reference Processing: no references
[215.546s][debug][gc,ref         ] GC(44) ReferenceProcessor::execute queues: 1, RefProcThreadModel::Single, marks_oops_alive: false
[215.546s][debug][gc,phases      ] GC(44) Reference Processing 0.104ms
[215.546s][debug][gc,phases      ] GC(44)   VM Weak                        Min:  0.0, Avg:  0.0, Max:  0.0, Diff:  0.0, Sum:  0.0, Workers: 4
[215.546s][debug][gc,phases      ] GC(44)     Dead                           Min: 0, Avg:  0.0, Max: 0, Diff: 0, Sum: 0, Workers: 4
[215.546s][debug][gc,phases      ] GC(44)     Total                          Min: 0, Avg: 214.2, Max: 601, Diff: 601, Sum: 857, Workers: 4
[215.546s][debug][gc,phases      ] GC(44)   ObjectSynchronizer Weak        Min:  0.0, Avg:  0.0, Max:  0.0, Diff:  0.0, Sum:  0.0, Workers: 4
[215.546s][debug][gc,phases      ] GC(44)     Dead                           Min: 0, Avg:  0.0, Max: 0, Diff: 0, Sum: 0, Workers: 4
[215.546s][debug][gc,phases      ] GC(44)     Total                          Min: 0, Avg:  1.5, Max: 6, Diff: 6, Sum: 6, Workers: 4
[215.546s][debug][gc,phases      ] GC(44)   JVMTI Tag Weak OopStorage      Min:  0.0, Avg:  0.0, Max:  0.0, Diff:  0.0, Sum:  0.0, Workers: 4
[215.546s][debug][gc,phases      ] GC(44)     Dead                           Min: 0, Avg:  0.0, Max: 0, Diff: 0, Sum: 0, Workers: 4
[215.546s][debug][gc,phases      ] GC(44)     Total                          Min: 0, Avg:  0.0, Max: 0, Diff: 0, Sum: 0, Workers: 4
[215.546s][debug][gc,phases      ] GC(44)   StringTable Weak               Min:  0.0, Avg:  0.1, Max:  0.1, Diff:  0.1, Sum:  0.4, Workers: 4
[215.546s][debug][gc,phases      ] GC(44)     Dead                           Min: 0, Avg:  0.0, Max: 0, Diff: 0, Sum: 0, Workers: 4
[215.546s][debug][gc,phases      ] GC(44)     Total                          Min: 0, Avg: 11099.2, Max: 18093, Diff: 18093, Sum: 44397, Workers: 4
[215.546s][debug][gc,phases      ] GC(44)   ResolvedMethodTable Weak       Min:  0.0, Avg:  0.0, Max:  0.0, Diff:  0.0, Sum:  0.1, Workers: 4
[215.546s][debug][gc,phases      ] GC(44)     Dead                           Min: 0, Avg:  0.0, Max: 0, Diff: 0, Sum: 0, Workers: 4
[215.546s][debug][gc,phases      ] GC(44)     Total                          Min: 0, Avg: 2593.2, Max: 4608, Diff: 4608, Sum: 10373, Workers: 4
[215.546s][debug][gc,phases      ] GC(44)   JNI Weak                       Min:  0.0, Avg:  0.0, Max:  0.0, Diff:  0.0, Sum:  0.0, Workers: 4
[215.546s][debug][gc,phases      ] GC(44)     Dead                           Min: 0, Avg:  0.0, Max: 0, Diff: 0, Sum: 0, Workers: 4
[215.546s][debug][gc,phases      ] GC(44)     Total                          Min: 0, Avg: 11.2, Max: 45, Diff: 45, Sum: 45, Workers: 4
[215.546s][debug][gc,phases      ] GC(44)   StringDedup Table Weak         Min:  0.0, Avg:  0.0, Max:  0.0, Diff:  0.0, Sum:  0.0, Workers: 4
[215.546s][debug][gc,phases      ] GC(44)     Dead                           Min: 0, Avg:  0.0, Max: 0, Diff: 0, Sum: 0, Workers: 4
[215.546s][debug][gc,phases      ] GC(44)     Total                          Min: 0, Avg:  0.0, Max: 0, Diff: 0, Sum: 0, Workers: 4
[215.546s][debug][gc,phases      ] GC(44)   StringDedup Requests0 Weak     Min:  0.0, Avg:  0.0, Max:  0.0, Diff:  0.0, Sum:  0.0, Workers: 4
[215.546s][debug][gc,phases      ] GC(44)     Dead                           Min: 0, Avg:  0.0, Max: 0, Diff: 0, Sum: 0, Workers: 4
[215.546s][debug][gc,phases      ] GC(44)     Total                          Min: 0, Avg:  0.0, Max: 0, Diff: 0, Sum: 0, Workers: 4
[215.546s][debug][gc,phases      ] GC(44)   StringDedup Requests1 Weak     Min:  0.0, Avg:  0.0, Max:  0.0, Diff:  0.0, Sum:  0.0, Workers: 4
[215.546s][debug][gc,phases      ] GC(44)     Dead                           Min: 0, Avg:  0.0, Max: 0, Diff: 0, Sum: 0, Workers: 4
[215.546s][debug][gc,phases      ] GC(44)     Total                          Min: 0, Avg:  0.0, Max: 0, Diff: 0, Sum: 0, Workers: 4
[215.546s][debug][gc,phases      ] GC(44)   Weak JFR Old Object Samples    Min:  0.0, Avg:  0.0, Max:  0.0, Diff:  0.0, Sum:  0.0, Workers: 4
[215.546s][debug][gc,phases      ] GC(44)     Dead                           Min: 0, Avg:  0.0, Max: 0, Diff: 0, Sum: 0, Workers: 4
[215.546s][debug][gc,phases      ] GC(44)     Total                          Min: 0, Avg:  0.0, Max: 0, Diff: 0, Sum: 0, Workers: 4
[215.546s][debug][gc,phases      ] GC(44) Weak Processing 0.333ms
[215.546s][debug][gc,age         ] GC(44) Desired survivor size 313524224 bytes, new threshold 15 (max threshold 15)
[215.546s][info ][gc,heap        ] GC(44) PSYoungGen: 1391376K(1733120K)->2352K(1790976K) Eden: 1389056K(1389056K)->0K(1465856K) From: 2320K(344064K)->2352K(325120K)
[215.546s][info ][gc,heap        ] GC(44) ParOldGen: 354924K(430080K)->354956K(430080K)
[215.546s][info ][gc,metaspace   ] GC(44) Metaspace: 83993K(85056K)->83993K(85056K) NonClass: 71705K(72256K)->71705K(72256K) Class: 12288K(12800K)->12288K(12800K)
[215.546s][info ][gc             ] GC(44) Pause Young (Allocation Failure) 1705M->348M(2169M) 3.487ms
[215.546s][info ][gc,cpu         ] GC(44) User=0.02s Sys=0.00s Real=0.00s
[215.546s][info ][safepoint      ] Safepoint "ParallelGCFailedAllocation", Time since last: 496714627 ns, Reaching safepoint: 78000 ns, Cleanup: 27500 ns, At safepoint: 3556304 ns, Total: 3661804 ns
[216.546s][info ][safepoint      ] Safepoint "Cleanup", Time since last: 1000081362 ns, Reaching safepoint: 71901 ns, Cleanup: 36900 ns, At safepoint: 4800 ns, Total: 113601 ns
[217.546s][info ][safepoint      ] Safepoint "Cleanup", Time since last: 1000111059 ns, Reaching safepoint: 5600 ns, Cleanup: 37600 ns, At safepoint: 3000 ns, Total: 46200 ns
[218.547s][info ][safepoint      ] Safepoint "Cleanup", Time since last: 1000102895 ns, Reaching safepoint: 5300 ns, Cleanup: 37300 ns, At safepoint: 3700 ns, Total: 46300 ns
[219.547s][info ][safepoint      ] Safepoint "Cleanup", Time since last: 1000120995 ns, Reaching safepoint: 74000 ns, Cleanup: 35000 ns, At safepoint: 6200 ns, Total: 115200 ns
[221.547s][info ][safepoint      ] Safepoint "Cleanup", Time since last: 2000166590 ns, Reaching safepoint: 3400 ns, Cleanup: 37100 ns, At safepoint: 3300 ns, Total: 43800 ns
[222.544s][info ][gc,start       ] GC(45) Pause Young (Allocation Failure)
[222.548s][debug][gc,phases      ] GC(45) Scavenge 3.994ms
[222.548s][debug][gc,ref         ] GC(45) Skipped phase 1 of Reference Processing: no references
[222.548s][debug][gc,ref         ] GC(45) ReferenceProcessor::execute queues: 1, RefProcThreadModel::Single, marks_oops_alive: false
[222.548s][debug][gc,ref         ] GC(45) Skipped phase 3 of Reference Processing: no references
[222.548s][debug][gc,ref         ] GC(45) ReferenceProcessor::execute queues: 1, RefProcThreadModel::Single, marks_oops_alive: false
[222.548s][debug][gc,phases      ] GC(45) Reference Processing 0.117ms
[222.548s][debug][gc,phases      ] GC(45)   VM Weak                        Min:  0.0, Avg:  0.0, Max:  0.0, Diff:  0.0, Sum:  0.0, Workers: 4
[222.548s][debug][gc,phases      ] GC(45)     Dead                           Min: 0, Avg:  0.0, Max: 0, Diff: 0, Sum: 0, Workers: 4
[222.548s][debug][gc,phases      ] GC(45)     Total                          Min: 0, Avg: 214.2, Max: 729, Diff: 729, Sum: 857, Workers: 4
[222.548s][debug][gc,phases      ] GC(45)   ObjectSynchronizer Weak        Min:  0.0, Avg:  0.0, Max:  0.0, Diff:  0.0, Sum:  0.0, Workers: 4
[222.548s][debug][gc,phases      ] GC(45)     Dead                           Min: 0, Avg:  0.0, Max: 0, Diff: 0, Sum: 0, Workers: 4
[222.548s][debug][gc,phases      ] GC(45)     Total                          Min: 0, Avg:  1.5, Max: 6, Diff: 6, Sum: 6, Workers: 4
[222.548s][debug][gc,phases      ] GC(45)   JVMTI Tag Weak OopStorage      Min:  0.0, Avg:  0.0, Max:  0.0, Diff:  0.0, Sum:  0.0, Workers: 4
[222.548s][debug][gc,phases      ] GC(45)     Dead                           Min: 0, Avg:  0.0, Max: 0, Diff: 0, Sum: 0, Workers: 4
[222.548s][debug][gc,phases      ] GC(45)     Total                          Min: 0, Avg:  0.0, Max: 0, Diff: 0, Sum: 0, Workers: 4
[222.548s][debug][gc,phases      ] GC(45)   StringTable Weak               Min:  0.0, Avg:  0.1, Max:  0.1, Diff:  0.1, Sum:  0.4, Workers: 4
[222.548s][debug][gc,phases      ] GC(45)     Dead                           Min: 0, Avg:  0.0, Max: 0, Diff: 0, Sum: 0, Workers: 4
[222.548s][debug][gc,phases      ] GC(45)     Total                          Min: 0, Avg: 11099.2, Max: 18368, Diff: 18368, Sum: 44397, Workers: 4
[222.548s][debug][gc,phases      ] GC(45)   ResolvedMethodTable Weak       Min:  0.0, Avg:  0.0, Max:  0.0, Diff:  0.0, Sum:  0.1, Workers: 4
[222.548s][debug][gc,phases      ] GC(45)     Dead                           Min: 0, Avg:  0.0, Max: 0, Diff: 0, Sum: 0, Workers: 4
[222.548s][debug][gc,phases      ] GC(45)     Total                          Min: 0, Avg: 2593.2, Max: 4416, Diff: 4416, Sum: 10373, Workers: 4
[222.548s][debug][gc,phases      ] GC(45)   JNI Weak                       Min:  0.0, Avg:  0.0, Max:  0.0, Diff:  0.0, Sum:  0.0, Workers: 4
[222.548s][debug][gc,phases      ] GC(45)     Dead                           Min: 0, Avg:  0.0, Max: 0, Diff: 0, Sum: 0, Workers: 4
[222.548s][debug][gc,phases      ] GC(45)     Total                          Min: 0, Avg: 11.2, Max: 45, Diff: 45, Sum: 45, Workers: 4
[222.548s][debug][gc,phases      ] GC(45)   StringDedup Table Weak         Min:  0.0, Avg:  0.0, Max:  0.0, Diff:  0.0, Sum:  0.0, Workers: 4
[222.548s][debug][gc,phases      ] GC(45)     Dead                           Min: 0, Avg:  0.0, Max: 0, Diff: 0, Sum: 0, Workers: 4
[222.548s][debug][gc,phases      ] GC(45)     Total                          Min: 0, Avg:  0.0, Max: 0, Diff: 0, Sum: 0, Workers: 4
[222.548s][debug][gc,phases      ] GC(45)   StringDedup Requests0 Weak     Min:  0.0, Avg:  0.0, Max:  0.0, Diff:  0.0, Sum:  0.0, Workers: 4
[222.548s][debug][gc,phases      ] GC(45)     Dead                           Min: 0, Avg:  0.0, Max: 0, Diff: 0, Sum: 0, Workers: 4
[222.548s][debug][gc,phases      ] GC(45)     Total                          Min: 0, Avg:  0.0, Max: 0, Diff: 0, Sum: 0, Workers: 4
[222.548s][debug][gc,phases      ] GC(45)   StringDedup Requests1 Weak     Min:  0.0, Avg:  0.0, Max:  0.0, Diff:  0.0, Sum:  0.0, Workers: 4
[222.548s][debug][gc,phases      ] GC(45)     Dead                           Min: 0, Avg:  0.0, Max: 0, Diff: 0, Sum: 0, Workers: 4
[222.548s][debug][gc,phases      ] GC(45)     Total                          Min: 0, Avg:  0.0, Max: 0, Diff: 0, Sum: 0, Workers: 4
[222.548s][debug][gc,phases      ] GC(45)   Weak JFR Old Object Samples    Min:  0.0, Avg:  0.0, Max:  0.0, Diff:  0.0, Sum:  0.0, Workers: 4
[222.548s][debug][gc,phases      ] GC(45)     Dead                           Min: 0, Avg:  0.0, Max: 0, Diff: 0, Sum: 0, Workers: 4
[222.548s][debug][gc,phases      ] GC(45)     Total                          Min: 0, Avg:  0.0, Max: 0, Diff: 0, Sum: 0, Workers: 4
[222.548s][debug][gc,phases      ] GC(45) Weak Processing 0.345ms
[222.548s][debug][gc,age         ] GC(45) Desired survivor size 294649856 bytes, new threshold 15 (max threshold 15)
[222.548s][info ][gc,heap        ] GC(45) PSYoungGen: 1468208K(1790976K)->2176K(1772032K) Eden: 1465856K(1465856K)->0K(1465856K) From: 2352K(325120K)->2176K(306176K)
[222.548s][info ][gc,heap        ] GC(45) ParOldGen: 354956K(430080K)->355125K(430080K)
[222.548s][info ][gc,metaspace   ] GC(45) Metaspace: 84003K(85056K)->84003K(85056K) NonClass: 71715K(72256K)->71715K(72256K) Class: 12288K(12800K)->12288K(12800K)
[222.548s][info ][gc             ] GC(45) Pause Young (Allocation Failure) 1780M->348M(2150M) 4.572ms
[222.548s][info ][gc,cpu         ] GC(45) User=0.01s Sys=0.00s Real=0.00s
[222.548s][info ][safepoint      ] Safepoint "ParallelGCFailedAllocation", Time since last: 996483391 ns, Reaching safepoint: 206700 ns, Cleanup: 37400 ns, At safepoint: 4640606 ns, Total: 4884706 ns
[223.548s][info ][safepoint      ] Safepoint "Cleanup", Time since last: 1000080195 ns, Reaching safepoint: 4100 ns, Cleanup: 36000 ns, At safepoint: 2900 ns, Total: 43000 ns
[225.549s][info ][safepoint      ] Safepoint "Cleanup", Time since last: 2000183884 ns, Reaching safepoint: 4300 ns, Cleanup: 33500 ns, At safepoint: 3300 ns, Total: 41100 ns
[227.549s][info ][safepoint      ] Safepoint "Cleanup", Time since last: 2000147373 ns, Reaching safepoint: 3600 ns, Cleanup: 38100 ns, At safepoint: 2300 ns, Total: 44000 ns
[228.549s][info ][safepoint      ] Safepoint "Cleanup", Time since last: 1000105087 ns, Reaching safepoint: 4000 ns, Cleanup: 31100 ns, At safepoint: 3000 ns, Total: 38100 ns
[230.842s][info ][gc,start       ] GC(46) Pause Young (Allocation Failure)
[230.845s][debug][gc,phases      ] GC(46) Scavenge 2.728ms
[230.845s][debug][gc,ref         ] GC(46) Skipped phase 1 of Reference Processing: no references
[230.845s][debug][gc,ref         ] GC(46) ReferenceProcessor::execute queues: 1, RefProcThreadModel::Single, marks_oops_alive: false
[230.845s][debug][gc,ref         ] GC(46) Skipped phase 3 of Reference Processing: no references
[230.845s][debug][gc,ref         ] GC(46) ReferenceProcessor::execute queues: 1, RefProcThreadModel::Single, marks_oops_alive: false
[230.845s][debug][gc,phases      ] GC(46) Reference Processing 0.098ms
[230.845s][debug][gc,phases      ] GC(46)   VM Weak                        Min:  0.0, Avg:  0.0, Max:  0.0, Diff:  0.0, Sum:  0.0, Workers: 4
[230.845s][debug][gc,phases      ] GC(46)     Dead                           Min: 0, Avg:  0.0, Max: 0, Diff: 0, Sum: 0, Workers: 4
[230.845s][debug][gc,phases      ] GC(46)     Total                          Min: 0, Avg: 214.2, Max: 448, Diff: 448, Sum: 857, Workers: 4
[230.845s][debug][gc,phases      ] GC(46)   ObjectSynchronizer Weak        Min:  0.0, Avg:  0.0, Max:  0.0, Diff:  0.0, Sum:  0.0, Workers: 4
[230.845s][debug][gc,phases      ] GC(46)     Dead                           Min: 0, Avg:  0.0, Max: 0, Diff: 0, Sum: 0, Workers: 4
[230.845s][debug][gc,phases      ] GC(46)     Total                          Min: 0, Avg:  1.5, Max: 6, Diff: 6, Sum: 6, Workers: 4
[230.845s][debug][gc,phases      ] GC(46)   JVMTI Tag Weak OopStorage      Min:  0.0, Avg:  0.0, Max:  0.0, Diff:  0.0, Sum:  0.0, Workers: 4
[230.845s][debug][gc,phases      ] GC(46)     Dead                           Min: 0, Avg:  0.0, Max: 0, Diff: 0, Sum: 0, Workers: 4
[230.845s][debug][gc,phases      ] GC(46)     Total                          Min: 0, Avg:  0.0, Max: 0, Diff: 0, Sum: 0, Workers: 4
[230.845s][debug][gc,phases      ] GC(46)   StringTable Weak               Min:  0.0, Avg:  0.1, Max:  0.1, Diff:  0.1, Sum:  0.4, Workers: 4
[230.845s][debug][gc,phases      ] GC(46)     Dead                           Min: 0, Avg:  0.0, Max: 0, Diff: 0, Sum: 0, Workers: 4
[230.845s][debug][gc,phases      ] GC(46)     Total                          Min: 0, Avg: 11099.2, Max: 18944, Diff: 18944, Sum: 44397, Workers: 4
[230.845s][debug][gc,phases      ] GC(46)   ResolvedMethodTable Weak       Min:  0.0, Avg:  0.0, Max:  0.0, Diff:  0.0, Sum:  0.1, Workers: 4
[230.845s][debug][gc,phases      ] GC(46)     Dead                           Min: 0, Avg:  0.0, Max: 0, Diff: 0, Sum: 0, Workers: 4
[230.845s][debug][gc,phases      ] GC(46)     Total                          Min: 0, Avg: 2593.2, Max: 4486, Diff: 4486, Sum: 10373, Workers: 4
[230.845s][debug][gc,phases      ] GC(46)   JNI Weak                       Min:  0.0, Avg:  0.0, Max:  0.0, Diff:  0.0, Sum:  0.0, Workers: 4
[230.845s][debug][gc,phases      ] GC(46)     Dead                           Min: 0, Avg:  0.0, Max: 0, Diff: 0, Sum: 0, Workers: 4
[230.845s][debug][gc,phases      ] GC(46)     Total                          Min: 0, Avg: 11.2, Max: 45, Diff: 45, Sum: 45, Workers: 4
[230.845s][debug][gc,phases      ] GC(46)   StringDedup Table Weak         Min:  0.0, Avg:  0.0, Max:  0.0, Diff:  0.0, Sum:  0.0, Workers: 4
[230.845s][debug][gc,phases      ] GC(46)     Dead                           Min: 0, Avg:  0.0, Max: 0, Diff: 0, Sum: 0, Workers: 4
[230.845s][debug][gc,phases      ] GC(46)     Total                          Min: 0, Avg:  0.0, Max: 0, Diff: 0, Sum: 0, Workers: 4
[230.845s][debug][gc,phases      ] GC(46)   StringDedup Requests0 Weak     Min:  0.0, Avg:  0.0, Max:  0.0, Diff:  0.0, Sum:  0.0, Workers: 4
[230.845s][debug][gc,phases      ] GC(46)     Dead                           Min: 0, Avg:  0.0, Max: 0, Diff: 0, Sum: 0, Workers: 4
[230.845s][debug][gc,phases      ] GC(46)     Total                          Min: 0, Avg:  0.0, Max: 0, Diff: 0, Sum: 0, Workers: 4
[230.845s][debug][gc,phases      ] GC(46)   StringDedup Requests1 Weak     Min:  0.0, Avg:  0.0, Max:  0.0, Diff:  0.0, Sum:  0.0, Workers: 4
[230.845s][debug][gc,phases      ] GC(46)     Dead                           Min: 0, Avg:  0.0, Max: 0, Diff: 0, Sum: 0, Workers: 4
[230.845s][debug][gc,phases      ] GC(46)     Total                          Min: 0, Avg:  0.0, Max: 0, Diff: 0, Sum: 0, Workers: 4
[230.845s][debug][gc,phases      ] GC(46)   Weak JFR Old Object Samples    Min:  0.0, Avg:  0.0, Max:  0.0, Diff:  0.0, Sum:  0.0, Workers: 4
[230.845s][debug][gc,phases      ] GC(46)     Dead                           Min: 0, Avg:  0.0, Max: 0, Diff: 0, Sum: 0, Workers: 4
[230.845s][debug][gc,phases      ] GC(46)     Total                          Min: 0, Avg:  0.0, Max: 0, Diff: 0, Sum: 0, Workers: 4
[230.845s][debug][gc,phases      ] GC(46) Weak Processing 0.322ms
[230.845s][debug][gc,age         ] GC(46) Desired survivor size 276824064 bytes, new threshold 15 (max threshold 15)
[230.846s][info ][gc,heap        ] GC(46) PSYoungGen: 1468032K(1772032K)->2000K(1826816K) Eden: 1465856K(1465856K)->0K(1539072K) From: 2176K(306176K)->2000K(287744K)
[230.846s][info ][gc,heap        ] GC(46) ParOldGen: 355125K(430080K)->355253K(430080K)
[230.846s][info ][gc,metaspace   ] GC(46) Metaspace: 84016K(85056K)->84016K(85056K) NonClass: 71728K(72256K)->71728K(72256K) Class: 12288K(12800K)->12288K(12800K)
[230.846s][info ][gc             ] GC(46) Pause Young (Allocation Failure) 1780M->348M(2204M) 3.241ms
[230.846s][info ][gc,cpu         ] GC(46) User=0.01s Sys=0.00s Real=0.00s
[230.846s][info ][safepoint      ] Safepoint "ParallelGCFailedAllocation", Time since last: 2293125421 ns, Reaching safepoint: 75600 ns, Cleanup: 31600 ns, At safepoint: 3303604 ns, Total: 3410804 ns
[231.846s][info ][safepoint      ] Safepoint "Cleanup", Time since last: 1000073787 ns, Reaching safepoint: 3400 ns, Cleanup: 43200 ns, At safepoint: 2200 ns, Total: 48800 ns
[233.846s][info ][safepoint      ] Safepoint "Cleanup", Time since last: 2000134952 ns, Reaching safepoint: 3700 ns, Cleanup: 96500 ns, At safepoint: 4700 ns, Total: 104900 ns
[235.846s][info ][safepoint      ] Safepoint "Cleanup", Time since last: 2000163932 ns, Reaching safepoint: 3500 ns, Cleanup: 35500 ns, At safepoint: 2800 ns, Total: 41800 ns
[237.846s][info ][safepoint      ] Safepoint "Cleanup", Time since last: 2000158131 ns, Reaching safepoint: 4000 ns, Cleanup: 35900 ns, At safepoint: 2100 ns, Total: 42000 ns
[238.847s][info ][safepoint      ] Safepoint "Cleanup", Time since last: 1000119866 ns, Reaching safepoint: 76000 ns, Cleanup: 49600 ns, At safepoint: 13800 ns, Total: 139400 ns
[239.847s][info ][safepoint      ] Safepoint "Cleanup", Time since last: 1000104466 ns, Reaching safepoint: 3700 ns, Cleanup: 37700 ns, At safepoint: 2500 ns, Total: 43900 ns
[240.098s][info ][gc,start       ] GC(47) Pause Young (Allocation Failure)
[240.104s][debug][gc,phases      ] GC(47) Scavenge 6.316ms
[240.104s][debug][gc,ref         ] GC(47) Skipped phase 1 of Reference Processing: no references
[240.104s][debug][gc,ref         ] GC(47) ReferenceProcessor::execute queues: 1, RefProcThreadModel::Single, marks_oops_alive: false
[240.104s][debug][gc,ref         ] GC(47) Skipped phase 3 of Reference Processing: no references
[240.104s][debug][gc,ref         ] GC(47) ReferenceProcessor::execute queues: 1, RefProcThreadModel::Single, marks_oops_alive: false
[240.104s][debug][gc,phases      ] GC(47) Reference Processing 0.039ms
[240.104s][debug][gc,phases      ] GC(47)   VM Weak                        Min:  0.0, Avg:  0.0, Max:  0.0, Diff:  0.0, Sum:  0.0, Workers: 4
[240.104s][debug][gc,phases      ] GC(47)     Dead                           Min: 0, Avg:  0.0, Max: 0, Diff: 0, Sum: 0, Workers: 4
[240.104s][debug][gc,phases      ] GC(47)     Total                          Min: 0, Avg: 214.2, Max: 576, Diff: 576, Sum: 857, Workers: 4
[240.104s][debug][gc,phases      ] GC(47)   ObjectSynchronizer Weak        Min:  0.0, Avg:  0.0, Max:  0.0, Diff:  0.0, Sum:  0.0, Workers: 4
[240.104s][debug][gc,phases      ] GC(47)     Dead                           Min: 0, Avg:  0.0, Max: 0, Diff: 0, Sum: 0, Workers: 4
[240.104s][debug][gc,phases      ] GC(47)     Total                          Min: 0, Avg:  0.8, Max: 3, Diff: 3, Sum: 3, Workers: 4
[240.104s][debug][gc,phases      ] GC(47)   JVMTI Tag Weak OopStorage      Min:  0.0, Avg:  0.0, Max:  0.0, Diff:  0.0, Sum:  0.0, Workers: 4
[240.104s][debug][gc,phases      ] GC(47)     Dead                           Min: 0, Avg:  0.0, Max: 0, Diff: 0, Sum: 0, Workers: 4
[240.104s][debug][gc,phases      ] GC(47)     Total                          Min: 0, Avg:  0.0, Max: 0, Diff: 0, Sum: 0, Workers: 4
[240.104s][debug][gc,phases      ] GC(47)   StringTable Weak               Min:  0.0, Avg:  0.1, Max:  0.1, Diff:  0.1, Sum:  0.4, Workers: 4
[240.104s][debug][gc,phases      ] GC(47)     Dead                           Min: 0, Avg:  0.0, Max: 0, Diff: 0, Sum: 0, Workers: 4
[240.104s][debug][gc,phases      ] GC(47)     Total                          Min: 0, Avg: 11101.0, Max: 15028, Diff: 15028, Sum: 44404, Workers: 4
[240.104s][debug][gc,phases      ] GC(47)   ResolvedMethodTable Weak       Min:  0.0, Avg:  0.0, Max:  0.0, Diff:  0.0, Sum:  0.1, Workers: 4
[240.104s][debug][gc,phases      ] GC(47)     Dead                           Min: 0, Avg:  0.0, Max: 0, Diff: 0, Sum: 0, Workers: 4
[240.104s][debug][gc,phases      ] GC(47)     Total                          Min: 0, Avg: 2593.2, Max: 3461, Diff: 3461, Sum: 10373, Workers: 4
[240.104s][debug][gc,phases      ] GC(47)   JNI Weak                       Min:  0.0, Avg:  0.0, Max:  0.0, Diff:  0.0, Sum:  0.0, Workers: 4
[240.104s][debug][gc,phases      ] GC(47)     Dead                           Min: 0, Avg:  0.0, Max: 0, Diff: 0, Sum: 0, Workers: 4
[240.104s][debug][gc,phases      ] GC(47)     Total                          Min: 0, Avg: 11.2, Max: 45, Diff: 45, Sum: 45, Workers: 4
[240.104s][debug][gc,phases      ] GC(47)   StringDedup Table Weak         Min:  0.0, Avg:  0.0, Max:  0.0, Diff:  0.0, Sum:  0.0, Workers: 4
[240.104s][debug][gc,phases      ] GC(47)     Dead                           Min: 0, Avg:  0.0, Max: 0, Diff: 0, Sum: 0, Workers: 4
[240.104s][debug][gc,phases      ] GC(47)     Total                          Min: 0, Avg:  0.0, Max: 0, Diff: 0, Sum: 0, Workers: 4
[240.104s][debug][gc,phases      ] GC(47)   StringDedup Requests0 Weak     Min:  0.0, Avg:  0.0, Max:  0.0, Diff:  0.0, Sum:  0.0, Workers: 4
[240.104s][debug][gc,phases      ] GC(47)     Dead                           Min: 0, Avg:  0.0, Max: 0, Diff: 0, Sum: 0, Workers: 4
[240.104s][debug][gc,phases      ] GC(47)     Total                          Min: 0, Avg:  0.0, Max: 0, Diff: 0, Sum: 0, Workers: 4
[240.104s][debug][gc,phases      ] GC(47)   StringDedup Requests1 Weak     Min:  0.0, Avg:  0.0, Max:  0.0, Diff:  0.0, Sum:  0.0, Workers: 4
[240.104s][debug][gc,phases      ] GC(47)     Dead                           Min: 0, Avg:  0.0, Max: 0, Diff: 0, Sum: 0, Workers: 4
[240.104s][debug][gc,phases      ] GC(47)     Total                          Min: 0, Avg:  0.0, Max: 0, Diff: 0, Sum: 0, Workers: 4
[240.104s][debug][gc,phases      ] GC(47)   Weak JFR Old Object Samples    Min:  0.0, Avg:  0.0, Max:  0.0, Diff:  0.0, Sum:  0.0, Workers: 4
[240.104s][debug][gc,phases      ] GC(47)     Dead                           Min: 0, Avg:  0.0, Max: 0, Diff: 0, Sum: 0, Workers: 4
[240.104s][debug][gc,phases      ] GC(47)     Total                          Min: 0, Avg:  0.0, Max: 0, Diff: 0, Sum: 0, Workers: 4
[240.104s][debug][gc,phases      ] GC(47) Weak Processing 0.441ms
[240.104s][debug][gc,age         ] GC(47) Desired survivor size 258998272 bytes, new threshold 15 (max threshold 15)
[240.104s][info ][gc,heap        ] GC(47) PSYoungGen: 1541072K(1826816K)->3204K(1809408K) Eden: 1539072K(1539072K)->0K(1539072K) From: 2000K(287744K)->3204K(270336K)
[240.104s][info ][gc,heap        ] GC(47) ParOldGen: 355253K(430080K)->355741K(430080K)
[240.104s][info ][gc,metaspace   ] GC(47) Metaspace: 84043K(85120K)->84043K(85120K) NonClass: 71755K(72320K)->71755K(72320K) Class: 12288K(12800K)->12288K(12800K)
[240.104s][info ][gc             ] GC(47) Pause Young (Allocation Failure) 1851M->350M(2187M) 6.934ms
[240.104s][info ][gc,cpu         ] GC(47) User=0.01s Sys=0.00s Real=0.01s
[240.105s][info ][safepoint      ] Safepoint "ParallelGCFailedAllocation", Time since last: 250757492 ns, Reaching safepoint: 3300 ns, Cleanup: 17200 ns, At safepoint: 7016508 ns, Total: 7037008 ns
[241.105s][info ][safepoint      ] Safepoint "Cleanup", Time since last: 1000090771 ns, Reaching safepoint: 3600 ns, Cleanup: 31500 ns, At safepoint: 1900 ns, Total: 37000 ns
[242.105s][info ][safepoint      ] Safepoint "Cleanup", Time since last: 1000104083 ns, Reaching safepoint: 4000 ns, Cleanup: 48200 ns, At safepoint: 2800 ns, Total: 55000 ns
[243.105s][info ][safepoint      ] Safepoint "Cleanup", Time since last: 1000109484 ns, Reaching safepoint: 4600 ns, Cleanup: 37700 ns, At safepoint: 3800 ns, Total: 46100 ns
[244.105s][info ][safepoint      ] Safepoint "Cleanup", Time since last: 1000103583 ns, Reaching safepoint: 21000 ns, Cleanup: 38200 ns, At safepoint: 4900 ns, Total: 64100 ns
[245.105s][info ][safepoint      ] Safepoint "Cleanup", Time since last: 1000101283 ns, Reaching safepoint: 3900 ns, Cleanup: 42000 ns, At safepoint: 2300 ns, Total: 48200 ns
[246.105s][info ][safepoint      ] Safepoint "Cleanup", Time since last: 1000119884 ns, Reaching safepoint: 5300 ns, Cleanup: 38300 ns, At safepoint: 2500 ns, Total: 46100 ns
[247.387s][info ][gc,start       ] GC(48) Pause Young (Allocation Failure)
[247.391s][debug][gc,phases      ] GC(48) Scavenge 4.031ms
[247.391s][debug][gc,ref         ] GC(48) Skipped phase 1 of Reference Processing: no references
[247.392s][debug][gc,ref         ] GC(48) ReferenceProcessor::execute queues: 1, RefProcThreadModel::Single, marks_oops_alive: false
[247.392s][debug][gc,ref         ] GC(48) Skipped phase 3 of Reference Processing: no references
[247.392s][debug][gc,ref         ] GC(48) ReferenceProcessor::execute queues: 1, RefProcThreadModel::Single, marks_oops_alive: false
[247.392s][debug][gc,phases      ] GC(48) Reference Processing 0.100ms
[247.392s][debug][gc,phases      ] GC(48)   VM Weak                        Min:  0.0, Avg:  0.0, Max:  0.0, Diff:  0.0, Sum:  0.0, Workers: 4
[247.392s][debug][gc,phases      ] GC(48)     Dead                           Min: 0, Avg:  0.0, Max: 0, Diff: 0, Sum: 0, Workers: 4
[247.392s][debug][gc,phases      ] GC(48)     Total                          Min: 0, Avg: 214.2, Max: 640, Diff: 640, Sum: 857, Workers: 4
[247.392s][debug][gc,phases      ] GC(48)   ObjectSynchronizer Weak        Min:  0.0, Avg:  0.0, Max:  0.0, Diff:  0.0, Sum:  0.0, Workers: 4
[247.392s][debug][gc,phases      ] GC(48)     Dead                           Min: 0, Avg:  0.0, Max: 0, Diff: 0, Sum: 0, Workers: 4
[247.392s][debug][gc,phases      ] GC(48)     Total                          Min: 0, Avg:  1.0, Max: 4, Diff: 4, Sum: 4, Workers: 4
[247.392s][debug][gc,phases      ] GC(48)   JVMTI Tag Weak OopStorage      Min:  0.0, Avg:  0.0, Max:  0.0, Diff:  0.0, Sum:  0.0, Workers: 4
[247.392s][debug][gc,phases      ] GC(48)     Dead                           Min: 0, Avg:  0.0, Max: 0, Diff: 0, Sum: 0, Workers: 4
[247.392s][debug][gc,phases      ] GC(48)     Total                          Min: 0, Avg:  0.0, Max: 0, Diff: 0, Sum: 0, Workers: 4
[247.392s][debug][gc,phases      ] GC(48)   StringTable Weak               Min:  0.0, Avg:  0.1, Max:  0.1, Diff:  0.1, Sum:  0.4, Workers: 4
[247.392s][debug][gc,phases      ] GC(48)     Dead                           Min: 0, Avg:  0.0, Max: 0, Diff: 0, Sum: 0, Workers: 4
[247.392s][debug][gc,phases      ] GC(48)     Total                          Min: 0, Avg: 11101.0, Max: 18676, Diff: 18676, Sum: 44404, Workers: 4
[247.392s][debug][gc,phases      ] GC(48)   ResolvedMethodTable Weak       Min:  0.0, Avg:  0.0, Max:  0.0, Diff:  0.0, Sum:  0.1, Workers: 4
[247.392s][debug][gc,phases      ] GC(48)     Dead                           Min: 0, Avg:  0.0, Max: 0, Diff: 0, Sum: 0, Workers: 4
[247.392s][debug][gc,phases      ] GC(48)     Total                          Min: 0, Avg: 2593.2, Max: 3968, Diff: 3968, Sum: 10373, Workers: 4
[247.392s][debug][gc,phases      ] GC(48)   JNI Weak                       Min:  0.0, Avg:  0.0, Max:  0.0, Diff:  0.0, Sum:  0.0, Workers: 4
[247.392s][debug][gc,phases      ] GC(48)     Dead                           Min: 0, Avg:  0.0, Max: 0, Diff: 0, Sum: 0, Workers: 4
[247.392s][debug][gc,phases      ] GC(48)     Total                          Min: 0, Avg: 11.2, Max: 45, Diff: 45, Sum: 45, Workers: 4
[247.392s][debug][gc,phases      ] GC(48)   StringDedup Table Weak         Min:  0.0, Avg:  0.0, Max:  0.0, Diff:  0.0, Sum:  0.0, Workers: 4
[247.392s][debug][gc,phases      ] GC(48)     Dead                           Min: 0, Avg:  0.0, Max: 0, Diff: 0, Sum: 0, Workers: 4
[247.392s][debug][gc,phases      ] GC(48)     Total                          Min: 0, Avg:  0.0, Max: 0, Diff: 0, Sum: 0, Workers: 4
[247.392s][debug][gc,phases      ] GC(48)   StringDedup Requests0 Weak     Min:  0.0, Avg:  0.0, Max:  0.0, Diff:  0.0, Sum:  0.0, Workers: 4
[247.392s][debug][gc,phases      ] GC(48)     Dead                           Min: 0, Avg:  0.0, Max: 0, Diff: 0, Sum: 0, Workers: 4
[247.392s][debug][gc,phases      ] GC(48)     Total                          Min: 0, Avg:  0.0, Max: 0, Diff: 0, Sum: 0, Workers: 4
[247.392s][debug][gc,phases      ] GC(48)   StringDedup Requests1 Weak     Min:  0.0, Avg:  0.0, Max:  0.0, Diff:  0.0, Sum:  0.0, Workers: 4
[247.392s][debug][gc,phases      ] GC(48)     Dead                           Min: 0, Avg:  0.0, Max: 0, Diff: 0, Sum: 0, Workers: 4
[247.392s][debug][gc,phases      ] GC(48)     Total                          Min: 0, Avg:  0.0, Max: 0, Diff: 0, Sum: 0, Workers: 4
[247.392s][debug][gc,phases      ] GC(48)   Weak JFR Old Object Samples    Min:  0.0, Avg:  0.0, Max:  0.0, Diff:  0.0, Sum:  0.0, Workers: 4
[247.392s][debug][gc,phases      ] GC(48)     Dead                           Min: 0, Avg:  0.0, Max: 0, Diff: 0, Sum: 0, Workers: 4
[247.392s][debug][gc,phases      ] GC(48)     Total                          Min: 0, Avg:  0.0, Max: 0, Diff: 0, Sum: 0, Workers: 4
[247.392s][debug][gc,phases      ] GC(48) Weak Processing 0.342ms
[247.392s][debug][gc,age         ] GC(48) Desired survivor size 242221056 bytes, new threshold 15 (max threshold 15)
[247.392s][info ][gc,heap        ] GC(48) PSYoungGen: 1542276K(1809408K)->3140K(1860608K) Eden: 1539072K(1539072K)->0K(1607680K) From: 3204K(270336K)->3140K(252928K)
[247.392s][info ][gc,heap        ] GC(48) ParOldGen: 355741K(430080K)->355777K(430080K)
[247.392s][info ][gc,metaspace   ] GC(48) Metaspace: 84057K(85184K)->84057K(85184K) NonClass: 71769K(72384K)->71769K(72384K) Class: 12288K(12800K)->12288K(12800K)
[247.392s][info ][gc             ] GC(48) Pause Young (Allocation Failure) 1853M->350M(2237M) 4.589ms
[247.392s][info ][gc,cpu         ] GC(48) User=0.01s Sys=0.00s Real=0.00s
[247.392s][info ][safepoint      ] Safepoint "ParallelGCFailedAllocation", Time since last: 1281805316 ns, Reaching safepoint: 5500 ns, Cleanup: 32400 ns, At safepoint: 4662006 ns, Total: 4699906 ns
[248.392s][info ][safepoint      ] Safepoint "Cleanup", Time since last: 1000079283 ns, Reaching safepoint: 4400 ns, Cleanup: 30800 ns, At safepoint: 4600 ns, Total: 39800 ns
[249.392s][info ][safepoint      ] Safepoint "Cleanup", Time since last: 1000116281 ns, Reaching safepoint: 74500 ns, Cleanup: 59000 ns, At safepoint: 5100 ns, Total: 138600 ns
[252.393s][info ][safepoint      ] Safepoint "Cleanup", Time since last: 3000251136 ns, Reaching safepoint: 77601 ns, Cleanup: 35900 ns, At safepoint: 8400 ns, Total: 121901 ns
[253.393s][info ][safepoint      ] Safepoint "Cleanup", Time since last: 1000117478 ns, Reaching safepoint: 77101 ns, Cleanup: 42900 ns, At safepoint: 8900 ns, Total: 128901 ns
[254.696s][info ][gc,start       ] GC(49) Pause Young (Allocation Failure)
[254.701s][debug][gc,phases      ] GC(49) Scavenge 5.037ms
[254.701s][debug][gc,ref         ] GC(49) Skipped phase 1 of Reference Processing: no references
[254.701s][debug][gc,ref         ] GC(49) ReferenceProcessor::execute queues: 1, RefProcThreadModel::Single, marks_oops_alive: false
[254.701s][debug][gc,ref         ] GC(49) Skipped phase 3 of Reference Processing: no references
[254.701s][debug][gc,ref         ] GC(49) Skipped phase 4 of Reference Processing: no references
[254.701s][debug][gc,phases      ] GC(49) Reference Processing 0.102ms
[254.701s][debug][gc,phases      ] GC(49)   VM Weak                        Min:  0.0, Avg:  0.0, Max:  0.0, Diff:  0.0, Sum:  0.0, Workers: 4
[254.701s][debug][gc,phases      ] GC(49)     Dead                           Min: 0, Avg:  0.0, Max: 0, Diff: 0, Sum: 0, Workers: 4
[254.701s][debug][gc,phases      ] GC(49)     Total                          Min: 0, Avg: 214.2, Max: 512, Diff: 512, Sum: 857, Workers: 4
[254.701s][debug][gc,phases      ] GC(49)   ObjectSynchronizer Weak        Min:  0.0, Avg:  0.0, Max:  0.0, Diff:  0.0, Sum:  0.0, Workers: 4
[254.701s][debug][gc,phases      ] GC(49)     Dead                           Min: 0, Avg:  0.0, Max: 0, Diff: 0, Sum: 0, Workers: 4
[254.701s][debug][gc,phases      ] GC(49)     Total                          Min: 0, Avg:  1.0, Max: 4, Diff: 4, Sum: 4, Workers: 4
[254.701s][debug][gc,phases      ] GC(49)   JVMTI Tag Weak OopStorage      Min:  0.0, Avg:  0.0, Max:  0.0, Diff:  0.0, Sum:  0.0, Workers: 4
[254.701s][debug][gc,phases      ] GC(49)     Dead                           Min: 0, Avg:  0.0, Max: 0, Diff: 0, Sum: 0, Workers: 4
[254.701s][debug][gc,phases      ] GC(49)     Total                          Min: 0, Avg:  0.0, Max: 0, Diff: 0, Sum: 0, Workers: 4
[254.701s][debug][gc,phases      ] GC(49)   StringTable Weak               Min:  0.0, Avg:  0.1, Max:  0.1, Diff:  0.1, Sum:  0.4, Workers: 4
[254.701s][debug][gc,phases      ] GC(49)     Dead                           Min: 0, Avg:  0.0, Max: 0, Diff: 0, Sum: 0, Workers: 4
[254.701s][debug][gc,phases      ] GC(49)     Total                          Min: 0, Avg: 11110.5, Max: 14976, Diff: 14976, Sum: 44442, Workers: 4
[254.701s][debug][gc,phases      ] GC(49)   ResolvedMethodTable Weak       Min:  0.0, Avg:  0.0, Max:  0.0, Diff:  0.0, Sum:  0.1, Workers: 4
[254.701s][debug][gc,phases      ] GC(49)     Dead                           Min: 0, Avg:  0.0, Max: 0, Diff: 0, Sum: 0, Workers: 4
[254.701s][debug][gc,phases      ] GC(49)     Total                          Min: 0, Avg: 2593.2, Max: 3520, Diff: 3520, Sum: 10373, Workers: 4
[254.701s][debug][gc,phases      ] GC(49)   JNI Weak                       Min:  0.0, Avg:  0.0, Max:  0.0, Diff:  0.0, Sum:  0.0, Workers: 4
[254.701s][debug][gc,phases      ] GC(49)     Dead                           Min: 0, Avg:  0.0, Max: 0, Diff: 0, Sum: 0, Workers: 4
[254.701s][debug][gc,phases      ] GC(49)     Total                          Min: 0, Avg: 11.2, Max: 45, Diff: 45, Sum: 45, Workers: 4
[254.701s][debug][gc,phases      ] GC(49)   StringDedup Table Weak         Min:  0.0, Avg:  0.0, Max:  0.0, Diff:  0.0, Sum:  0.0, Workers: 4
[254.701s][debug][gc,phases      ] GC(49)     Dead                           Min: 0, Avg:  0.0, Max: 0, Diff: 0, Sum: 0, Workers: 4
[254.701s][debug][gc,phases      ] GC(49)     Total                          Min: 0, Avg:  0.0, Max: 0, Diff: 0, Sum: 0, Workers: 4
[254.701s][debug][gc,phases      ] GC(49)   StringDedup Requests0 Weak     Min:  0.0, Avg:  0.0, Max:  0.0, Diff:  0.0, Sum:  0.0, Workers: 4
[254.701s][debug][gc,phases      ] GC(49)     Dead                           Min: 0, Avg:  0.0, Max: 0, Diff: 0, Sum: 0, Workers: 4
[254.701s][debug][gc,phases      ] GC(49)     Total                          Min: 0, Avg:  0.0, Max: 0, Diff: 0, Sum: 0, Workers: 4
[254.701s][debug][gc,phases      ] GC(49)   StringDedup Requests1 Weak     Min:  0.0, Avg:  0.0, Max:  0.0, Diff:  0.0, Sum:  0.0, Workers: 4
[254.701s][debug][gc,phases      ] GC(49)     Dead                           Min: 0, Avg:  0.0, Max: 0, Diff: 0, Sum: 0, Workers: 4
[254.701s][debug][gc,phases      ] GC(49)     Total                          Min: 0, Avg:  0.0, Max: 0, Diff: 0, Sum: 0, Workers: 4
[254.701s][debug][gc,phases      ] GC(49)   Weak JFR Old Object Samples    Min:  0.0, Avg:  0.0, Max:  0.0, Diff:  0.0, Sum:  0.0, Workers: 4
[254.701s][debug][gc,phases      ] GC(49)     Dead                           Min: 0, Avg:  0.0, Max: 0, Diff: 0, Sum: 0, Workers: 4
[254.701s][debug][gc,phases      ] GC(49)     Total                          Min: 0, Avg:  0.0, Max: 0, Diff: 0, Sum: 0, Workers: 4
[254.701s][debug][gc,phases      ] GC(49) Weak Processing 0.344ms
[254.701s][debug][gc,age         ] GC(49) Desired survivor size 226492416 bytes, new threshold 15 (max threshold 15)
[254.702s][info ][gc,heap        ] GC(49) PSYoungGen: 1610820K(1860608K)->3220K(1844224K) Eden: 1607680K(1607680K)->0K(1607680K) From: 3140K(252928K)->3220K(236544K)
[254.702s][info ][gc,heap        ] GC(49) ParOldGen: 355777K(430080K)->355801K(430080K)
[254.702s][info ][gc,metaspace   ] GC(49) Metaspace: 84064K(85184K)->84064K(85184K) NonClass: 71776K(72384K)->71776K(72384K) Class: 12288K(12800K)->12288K(12800K)
[254.702s][info ][gc             ] GC(49) Pause Young (Allocation Failure) 1920M->350M(2221M) 5.589ms
[254.702s][info ][gc,cpu         ] GC(49) User=0.01s Sys=0.01s Real=0.01s
[254.702s][info ][safepoint      ] Safepoint "ParallelGCFailedAllocation", Time since last: 1302851035 ns, Reaching safepoint: 77500 ns, Cleanup: 19000 ns, At safepoint: 5661707 ns, Total: 5758207 ns
[256.702s][info ][safepoint      ] Safepoint "Cleanup", Time since last: 2000149758 ns, Reaching safepoint: 3800 ns, Cleanup: 34300 ns, At safepoint: 4200 ns, Total: 42300 ns
[257.702s][info ][safepoint      ] Safepoint "Cleanup", Time since last: 1000107766 ns, Reaching safepoint: 3500 ns, Cleanup: 38300 ns, At safepoint: 6400 ns, Total: 48200 ns
[262.340s][info ][gc,start       ] GC(50) Pause Young (Allocation Failure)
[262.345s][debug][gc,phases      ] GC(50) Scavenge 4.986ms
[262.345s][debug][gc,ref         ] GC(50) Skipped phase 1 of Reference Processing: no references
[262.345s][debug][gc,ref         ] GC(50) ReferenceProcessor::execute queues: 1, RefProcThreadModel::Single, marks_oops_alive: false
[262.345s][debug][gc,ref         ] GC(50) Skipped phase 3 of Reference Processing: no references
[262.345s][debug][gc,ref         ] GC(50) Skipped phase 4 of Reference Processing: no references
[262.345s][debug][gc,phases      ] GC(50) Reference Processing 0.094ms
[262.345s][debug][gc,phases      ] GC(50)   VM Weak                        Min:  0.0, Avg:  0.0, Max:  0.0, Diff:  0.0, Sum:  0.0, Workers: 4
[262.345s][debug][gc,phases      ] GC(50)     Dead                           Min: 0, Avg:  0.0, Max: 0, Diff: 0, Sum: 0, Workers: 4
[262.345s][debug][gc,phases      ] GC(50)     Total                          Min: 0, Avg: 214.2, Max: 576, Diff: 576, Sum: 857, Workers: 4
[262.345s][debug][gc,phases      ] GC(50)   ObjectSynchronizer Weak        Min:  0.0, Avg:  0.0, Max:  0.0, Diff:  0.0, Sum:  0.0, Workers: 4
[262.345s][debug][gc,phases      ] GC(50)     Dead                           Min: 0, Avg:  0.0, Max: 0, Diff: 0, Sum: 0, Workers: 4
[262.345s][debug][gc,phases      ] GC(50)     Total                          Min: 0, Avg:  1.0, Max: 4, Diff: 4, Sum: 4, Workers: 4
[262.345s][debug][gc,phases      ] GC(50)   JVMTI Tag Weak OopStorage      Min:  0.0, Avg:  0.0, Max:  0.0, Diff:  0.0, Sum:  0.0, Workers: 4
[262.345s][debug][gc,phases      ] GC(50)     Dead                           Min: 0, Avg:  0.0, Max: 0, Diff: 0, Sum: 0, Workers: 4
[262.345s][debug][gc,phases      ] GC(50)     Total                          Min: 0, Avg:  0.0, Max: 0, Diff: 0, Sum: 0, Workers: 4
[262.345s][debug][gc,phases      ] GC(50)   StringTable Weak               Min:  0.0, Avg:  0.1, Max:  0.1, Diff:  0.1, Sum:  0.4, Workers: 4
[262.345s][debug][gc,phases      ] GC(50)     Dead                           Min: 0, Avg:  0.0, Max: 0, Diff: 0, Sum: 0, Workers: 4
[262.345s][debug][gc,phases      ] GC(50)     Total                          Min: 4608, Avg: 11110.5, Max: 14746, Diff: 10138, Sum: 44442, Workers: 4
[262.345s][debug][gc,phases      ] GC(50)   ResolvedMethodTable Weak       Min:  0.0, Avg:  0.0, Max:  0.0, Diff:  0.0, Sum:  0.1, Workers: 4
[262.345s][debug][gc,phases      ] GC(50)     Dead                           Min: 0, Avg:  0.0, Max: 0, Diff: 0, Sum: 0, Workers: 4
[262.345s][debug][gc,phases      ] GC(50)     Total                          Min: 1280, Avg: 2593.2, Max: 3264, Diff: 1984, Sum: 10373, Workers: 4
[262.345s][debug][gc,phases      ] GC(50)   JNI Weak                       Min:  0.0, Avg:  0.0, Max:  0.0, Diff:  0.0, Sum:  0.0, Workers: 4
[262.345s][debug][gc,phases      ] GC(50)     Dead                           Min: 0, Avg:  0.0, Max: 0, Diff: 0, Sum: 0, Workers: 4
[262.345s][debug][gc,phases      ] GC(50)     Total                          Min: 0, Avg: 11.2, Max: 45, Diff: 45, Sum: 45, Workers: 4
[262.345s][debug][gc,phases      ] GC(50)   StringDedup Table Weak         Min:  0.0, Avg:  0.0, Max:  0.0, Diff:  0.0, Sum:  0.0, Workers: 4
[262.345s][debug][gc,phases      ] GC(50)     Dead                           Min: 0, Avg:  0.0, Max: 0, Diff: 0, Sum: 0, Workers: 4
[262.345s][debug][gc,phases      ] GC(50)     Total                          Min: 0, Avg:  0.0, Max: 0, Diff: 0, Sum: 0, Workers: 4
[262.345s][debug][gc,phases      ] GC(50)   StringDedup Requests0 Weak     Min:  0.0, Avg:  0.0, Max:  0.0, Diff:  0.0, Sum:  0.0, Workers: 4
[262.345s][debug][gc,phases      ] GC(50)     Dead                           Min: 0, Avg:  0.0, Max: 0, Diff: 0, Sum: 0, Workers: 4
[262.345s][debug][gc,phases      ] GC(50)     Total                          Min: 0, Avg:  0.0, Max: 0, Diff: 0, Sum: 0, Workers: 4
[262.345s][debug][gc,phases      ] GC(50)   StringDedup Requests1 Weak     Min:  0.0, Avg:  0.0, Max:  0.0, Diff:  0.0, Sum:  0.0, Workers: 4
[262.345s][debug][gc,phases      ] GC(50)     Dead                           Min: 0, Avg:  0.0, Max: 0, Diff: 0, Sum: 0, Workers: 4
[262.345s][debug][gc,phases      ] GC(50)     Total                          Min: 0, Avg:  0.0, Max: 0, Diff: 0, Sum: 0, Workers: 4
[262.345s][debug][gc,phases      ] GC(50)   Weak JFR Old Object Samples    Min:  0.0, Avg:  0.0, Max:  0.0, Diff:  0.0, Sum:  0.0, Workers: 4
[262.345s][debug][gc,phases      ] GC(50)     Dead                           Min: 0, Avg:  0.0, Max: 0, Diff: 0, Sum: 0, Workers: 4
[262.345s][debug][gc,phases      ] GC(50)     Total                          Min: 0, Avg:  0.0, Max: 0, Diff: 0, Sum: 0, Workers: 4
[262.345s][debug][gc,phases      ] GC(50) Weak Processing 0.355ms
[262.345s][debug][gc,age         ] GC(50) Desired survivor size 211288064 bytes, new threshold 15 (max threshold 15)
[262.345s][info ][gc,heap        ] GC(50) PSYoungGen: 1610900K(1844224K)->3268K(1890816K) Eden: 1607680K(1607680K)->0K(1669632K) From: 3220K(236544K)->3268K(221184K)
[262.345s][info ][gc,heap        ] GC(50) ParOldGen: 355801K(430080K)->355825K(430080K)
[262.345s][info ][gc,metaspace   ] GC(50) Metaspace: 84070K(85184K)->84070K(85184K) NonClass: 71782K(72384K)->71782K(72384K) Class: 12288K(12800K)->12288K(12800K)
[262.345s][info ][gc             ] GC(50) Pause Young (Allocation Failure) 1920M->350M(2266M) 5.550ms
[262.345s][info ][gc,cpu         ] GC(50) User=0.01s Sys=0.00s Real=0.01s
[262.345s][info ][safepoint      ] Safepoint "ParallelGCFailedAllocation", Time since last: 4637840855 ns, Reaching safepoint: 4300 ns, Cleanup: 48600 ns, At safepoint: 5617906 ns, Total: 5670806 ns
[263.346s][info ][safepoint      ] Safepoint "Cleanup", Time since last: 1000082047 ns, Reaching safepoint: 72000 ns, Cleanup: 39300 ns, At safepoint: 4600 ns, Total: 115900 ns
[266.346s][info ][safepoint      ] Safepoint "Cleanup", Time since last: 3000238822 ns, Reaching safepoint: 72100 ns, Cleanup: 48200 ns, At safepoint: 7900 ns, Total: 128200 ns
[267.346s][info ][safepoint      ] Safepoint "Cleanup", Time since last: 1000116332 ns, Reaching safepoint: 4900 ns, Cleanup: 32700 ns, At safepoint: 2600 ns, Total: 40200 ns
[269.346s][info ][safepoint      ] Safepoint "Cleanup", Time since last: 2000173564 ns, Reaching safepoint: 5000 ns, Cleanup: 31000 ns, At safepoint: 2600 ns, Total: 38600 ns
[269.993s][info ][gc,start       ] GC(51) Pause Young (Allocation Failure)
[269.998s][debug][gc,phases      ] GC(51) Scavenge 5.135ms
[269.998s][debug][gc,ref         ] GC(51) Skipped phase 1 of Reference Processing: no references
[269.999s][debug][gc,ref         ] GC(51) ReferenceProcessor::execute queues: 1, RefProcThreadModel::Single, marks_oops_alive: false
[269.999s][debug][gc,ref         ] GC(51) Skipped phase 3 of Reference Processing: no references
[269.999s][debug][gc,ref         ] GC(51) Skipped phase 4 of Reference Processing: no references
[269.999s][debug][gc,phases      ] GC(51) Reference Processing 0.142ms
[269.999s][debug][gc,phases      ] GC(51)   VM Weak                        Min:  0.0, Avg:  0.0, Max:  0.0, Diff:  0.0, Sum:  0.0, Workers: 4
[269.999s][debug][gc,phases      ] GC(51)     Dead                           Min: 0, Avg:  0.0, Max: 0, Diff: 0, Sum: 0, Workers: 4
[269.999s][debug][gc,phases      ] GC(51)     Total                          Min: 0, Avg: 214.2, Max: 512, Diff: 512, Sum: 857, Workers: 4
[269.999s][debug][gc,phases      ] GC(51)   ObjectSynchronizer Weak        Min:  0.0, Avg:  0.0, Max:  0.0, Diff:  0.0, Sum:  0.0, Workers: 4
[269.999s][debug][gc,phases      ] GC(51)     Dead                           Min: 0, Avg:  0.0, Max: 0, Diff: 0, Sum: 0, Workers: 4
[269.999s][debug][gc,phases      ] GC(51)     Total                          Min: 0, Avg:  1.0, Max: 4, Diff: 4, Sum: 4, Workers: 4
[269.999s][debug][gc,phases      ] GC(51)   JVMTI Tag Weak OopStorage      Min:  0.0, Avg:  0.0, Max:  0.0, Diff:  0.0, Sum:  0.0, Workers: 4
[269.999s][debug][gc,phases      ] GC(51)     Dead                           Min: 0, Avg:  0.0, Max: 0, Diff: 0, Sum: 0, Workers: 4
[269.999s][debug][gc,phases      ] GC(51)     Total                          Min: 0, Avg:  0.0, Max: 0, Diff: 0, Sum: 0, Workers: 4
[269.999s][debug][gc,phases      ] GC(51)   StringTable Weak               Min:  0.0, Avg:  0.1, Max:  0.1, Diff:  0.1, Sum:  0.4, Workers: 4
[269.999s][debug][gc,phases      ] GC(51)     Dead                           Min: 0, Avg:  0.0, Max: 0, Diff: 0, Sum: 0, Workers: 4
[269.999s][debug][gc,phases      ] GC(51)     Total                          Min: 0, Avg: 11110.5, Max: 19072, Diff: 19072, Sum: 44442, Workers: 4
[269.999s][debug][gc,phases      ] GC(51)   ResolvedMethodTable Weak       Min:  0.0, Avg:  0.0, Max:  0.0, Diff:  0.0, Sum:  0.1, Workers: 4
[269.999s][debug][gc,phases      ] GC(51)     Dead                           Min: 0, Avg:  0.0, Max: 0, Diff: 0, Sum: 0, Workers: 4
[269.999s][debug][gc,phases      ] GC(51)     Total                          Min: 0, Avg: 2593.2, Max: 4416, Diff: 4416, Sum: 10373, Workers: 4
[269.999s][debug][gc,phases      ] GC(51)   JNI Weak                       Min:  0.0, Avg:  0.0, Max:  0.0, Diff:  0.0, Sum:  0.0, Workers: 4
[269.999s][debug][gc,phases      ] GC(51)     Dead                           Min: 0, Avg:  0.0, Max: 0, Diff: 0, Sum: 0, Workers: 4
[269.999s][debug][gc,phases      ] GC(51)     Total                          Min: 0, Avg: 11.2, Max: 45, Diff: 45, Sum: 45, Workers: 4
[269.999s][debug][gc,phases      ] GC(51)   StringDedup Table Weak         Min:  0.0, Avg:  0.0, Max:  0.0, Diff:  0.0, Sum:  0.0, Workers: 4
[269.999s][debug][gc,phases      ] GC(51)     Dead                           Min: 0, Avg:  0.0, Max: 0, Diff: 0, Sum: 0, Workers: 4
[269.999s][debug][gc,phases      ] GC(51)     Total                          Min: 0, Avg:  0.0, Max: 0, Diff: 0, Sum: 0, Workers: 4
[269.999s][debug][gc,phases      ] GC(51)   StringDedup Requests0 Weak     Min:  0.0, Avg:  0.0, Max:  0.0, Diff:  0.0, Sum:  0.0, Workers: 4
[269.999s][debug][gc,phases      ] GC(51)     Dead                           Min: 0, Avg:  0.0, Max: 0, Diff: 0, Sum: 0, Workers: 4
[269.999s][debug][gc,phases      ] GC(51)     Total                          Min: 0, Avg:  0.0, Max: 0, Diff: 0, Sum: 0, Workers: 4
[269.999s][debug][gc,phases      ] GC(51)   StringDedup Requests1 Weak     Min:  0.0, Avg:  0.0, Max:  0.0, Diff:  0.0, Sum:  0.0, Workers: 4
[269.999s][debug][gc,phases      ] GC(51)     Dead                           Min: 0, Avg:  0.0, Max: 0, Diff: 0, Sum: 0, Workers: 4
[269.999s][debug][gc,phases      ] GC(51)     Total                          Min: 0, Avg:  0.0, Max: 0, Diff: 0, Sum: 0, Workers: 4
[269.999s][debug][gc,phases      ] GC(51)   Weak JFR Old Object Samples    Min:  0.0, Avg:  0.0, Max:  0.0, Diff:  0.0, Sum:  0.0, Workers: 4
[269.999s][debug][gc,phases      ] GC(51)     Dead                           Min: 0, Avg:  0.0, Max: 0, Diff: 0, Sum: 0, Workers: 4
[269.999s][debug][gc,phases      ] GC(51)     Total                          Min: 0, Avg:  0.0, Max: 0, Diff: 0, Sum: 0, Workers: 4
[269.999s][debug][gc,phases      ] GC(51) Weak Processing 0.335ms
[269.999s][debug][gc,age         ] GC(51) Desired survivor size 197132288 bytes, new threshold 15 (max threshold 15)
[269.999s][info ][gc,heap        ] GC(51) PSYoungGen: 1672900K(1890816K)->3188K(1875968K) Eden: 1669632K(1669632K)->0K(1669632K) From: 3268K(221184K)->3188K(206336K)
[269.999s][info ][gc,heap        ] GC(51) ParOldGen: 355825K(430080K)->355849K(430080K)
[269.999s][info ][gc,metaspace   ] GC(51) Metaspace: 84080K(85184K)->84080K(85184K) NonClass: 71791K(72384K)->71791K(72384K) Class: 12288K(12800K)->12288K(12800K)
[269.999s][info ][gc             ] GC(51) Pause Young (Allocation Failure) 1981M->350M(2252M) 5.722ms
[269.999s][info ][gc,cpu         ] GC(51) User=0.02s Sys=0.00s Real=0.00s
[269.999s][info ][safepoint      ] Safepoint "ParallelGCFailedAllocation", Time since last: 646778802 ns, Reaching safepoint: 74300 ns, Cleanup: 29500 ns, At safepoint: 5799007 ns, Total: 5902807 ns
[270.999s][info ][safepoint      ] Safepoint "Cleanup", Time since last: 1000084560 ns, Reaching safepoint: 6600 ns, Cleanup: 35000 ns, At safepoint: 5000 ns, Total: 46600 ns
[272.999s][info ][safepoint      ] Safepoint "Cleanup", Time since last: 2000125988 ns, Reaching safepoint: 4200 ns, Cleanup: 34100 ns, At safepoint: 4000 ns, Total: 42300 ns
[273.999s][info ][safepoint      ] Safepoint "Cleanup", Time since last: 1000097918 ns, Reaching safepoint: 4600 ns, Cleanup: 60700 ns, At safepoint: 6100 ns, Total: 71400 ns
[275.000s][info ][safepoint      ] Safepoint "Cleanup", Time since last: 1000078218 ns, Reaching safepoint: 3300 ns, Cleanup: 34900 ns, At safepoint: 7000 ns, Total: 45200 ns
[277.793s][info ][gc,start       ] GC(52) Pause Young (Allocation Failure)
[277.798s][debug][gc,phases      ] GC(52) Scavenge 4.713ms
[277.798s][debug][gc,ref         ] GC(52) Skipped phase 1 of Reference Processing: no references
[277.798s][debug][gc,ref         ] GC(52) ReferenceProcessor::execute queues: 1, RefProcThreadModel::Single, marks_oops_alive: false
[277.798s][debug][gc,ref         ] GC(52) Skipped phase 3 of Reference Processing: no references
[277.798s][debug][gc,ref         ] GC(52) Skipped phase 4 of Reference Processing: no references
[277.798s][debug][gc,phases      ] GC(52) Reference Processing 0.088ms
[277.798s][debug][gc,phases      ] GC(52)   VM Weak                        Min:  0.0, Avg:  0.0, Max:  0.0, Diff:  0.0, Sum:  0.0, Workers: 4
[277.798s][debug][gc,phases      ] GC(52)     Dead                           Min: 0, Avg:  0.0, Max: 0, Diff: 0, Sum: 0, Workers: 4
[277.798s][debug][gc,phases      ] GC(52)     Total                          Min: 0, Avg: 214.2, Max: 473, Diff: 473, Sum: 857, Workers: 4
[277.798s][debug][gc,phases      ] GC(52)   ObjectSynchronizer Weak        Min:  0.0, Avg:  0.0, Max:  0.0, Diff:  0.0, Sum:  0.0, Workers: 4
[277.798s][debug][gc,phases      ] GC(52)     Dead                           Min: 0, Avg:  0.0, Max: 0, Diff: 0, Sum: 0, Workers: 4
[277.798s][debug][gc,phases      ] GC(52)     Total                          Min: 0, Avg:  1.0, Max: 4, Diff: 4, Sum: 4, Workers: 4
[277.798s][debug][gc,phases      ] GC(52)   JVMTI Tag Weak OopStorage      Min:  0.0, Avg:  0.0, Max:  0.0, Diff:  0.0, Sum:  0.0, Workers: 4
[277.798s][debug][gc,phases      ] GC(52)     Dead                           Min: 0, Avg:  0.0, Max: 0, Diff: 0, Sum: 0, Workers: 4
[277.798s][debug][gc,phases      ] GC(52)     Total                          Min: 0, Avg:  0.0, Max: 0, Diff: 0, Sum: 0, Workers: 4
[277.798s][debug][gc,phases      ] GC(52)   StringTable Weak               Min:  0.0, Avg:  0.1, Max:  0.1, Diff:  0.1, Sum:  0.4, Workers: 4
[277.798s][debug][gc,phases      ] GC(52)     Dead                           Min: 0, Avg:  0.0, Max: 0, Diff: 0, Sum: 0, Workers: 4
[277.798s][debug][gc,phases      ] GC(52)     Total                          Min: 0, Avg: 11112.0, Max: 18816, Diff: 18816, Sum: 44448, Workers: 4
[277.798s][debug][gc,phases      ] GC(52)   ResolvedMethodTable Weak       Min:  0.0, Avg:  0.0, Max:  0.0, Diff:  0.0, Sum:  0.1, Workers: 4
[277.798s][debug][gc,phases      ] GC(52)     Dead                           Min: 0, Avg:  0.0, Max: 0, Diff: 0, Sum: 0, Workers: 4
[277.798s][debug][gc,phases      ] GC(52)     Total                          Min: 0, Avg: 2593.2, Max: 4671, Diff: 4671, Sum: 10373, Workers: 4
[277.798s][debug][gc,phases      ] GC(52)   JNI Weak                       Min:  0.0, Avg:  0.0, Max:  0.0, Diff:  0.0, Sum:  0.0, Workers: 4
[277.798s][debug][gc,phases      ] GC(52)     Dead                           Min: 0, Avg:  0.0, Max: 0, Diff: 0, Sum: 0, Workers: 4
[277.798s][debug][gc,phases      ] GC(52)     Total                          Min: 0, Avg: 11.2, Max: 45, Diff: 45, Sum: 45, Workers: 4
[277.798s][debug][gc,phases      ] GC(52)   StringDedup Table Weak         Min:  0.0, Avg:  0.0, Max:  0.0, Diff:  0.0, Sum:  0.0, Workers: 4
[277.798s][debug][gc,phases      ] GC(52)     Dead                           Min: 0, Avg:  0.0, Max: 0, Diff: 0, Sum: 0, Workers: 4
[277.798s][debug][gc,phases      ] GC(52)     Total                          Min: 0, Avg:  0.0, Max: 0, Diff: 0, Sum: 0, Workers: 4
[277.798s][debug][gc,phases      ] GC(52)   StringDedup Requests0 Weak     Min:  0.0, Avg:  0.0, Max:  0.0, Diff:  0.0, Sum:  0.0, Workers: 4
[277.798s][debug][gc,phases      ] GC(52)     Dead                           Min: 0, Avg:  0.0, Max: 0, Diff: 0, Sum: 0, Workers: 4
[277.798s][debug][gc,phases      ] GC(52)     Total                          Min: 0, Avg:  0.0, Max: 0, Diff: 0, Sum: 0, Workers: 4
[277.798s][debug][gc,phases      ] GC(52)   StringDedup Requests1 Weak     Min:  0.0, Avg:  0.0, Max:  0.0, Diff:  0.0, Sum:  0.0, Workers: 4
[277.798s][debug][gc,phases      ] GC(52)     Dead                           Min: 0, Avg:  0.0, Max: 0, Diff: 0, Sum: 0, Workers: 4
[277.798s][debug][gc,phases      ] GC(52)     Total                          Min: 0, Avg:  0.0, Max: 0, Diff: 0, Sum: 0, Workers: 4
[277.798s][debug][gc,phases      ] GC(52)   Weak JFR Old Object Samples    Min:  0.0, Avg:  0.0, Max:  0.0, Diff:  0.0, Sum:  0.0, Workers: 4
[277.798s][debug][gc,phases      ] GC(52)     Dead                           Min: 0, Avg:  0.0, Max: 0, Diff: 0, Sum: 0, Workers: 4
[277.798s][debug][gc,phases      ] GC(52)     Total                          Min: 0, Avg:  0.0, Max: 0, Diff: 0, Sum: 0, Workers: 4
[277.798s][debug][gc,phases      ] GC(52) Weak Processing 0.325ms
[277.798s][debug][gc,age         ] GC(52) Desired survivor size 183500800 bytes, new threshold 15 (max threshold 15)
[277.798s][info ][gc,heap        ] GC(52) PSYoungGen: 1672820K(1875968K)->3236K(1917952K) Eden: 1669632K(1669632K)->0K(1725440K) From: 3188K(206336K)->3236K(192512K)
[277.798s][info ][gc,heap        ] GC(52) ParOldGen: 355849K(430080K)->355873K(430080K)
[277.798s][info ][gc,metaspace   ] GC(52) Metaspace: 84096K(85248K)->84096K(85248K) NonClass: 71807K(72448K)->71807K(72448K) Class: 12288K(12800K)->12288K(12800K)
[277.798s][info ][gc             ] GC(52) Pause Young (Allocation Failure) 1981M->350M(2293M) 5.223ms
[277.798s][info ][gc,cpu         ] GC(52) User=0.01s Sys=0.00s Real=0.01s
[277.798s][info ][safepoint      ] Safepoint "ParallelGCFailedAllocation", Time since last: 2793193510 ns, Reaching safepoint: 71000 ns, Cleanup: 26800 ns, At safepoint: 5287202 ns, Total: 5385002 ns
[278.798s][info ][safepoint      ] Safepoint "Cleanup", Time since last: 1000060133 ns, Reaching safepoint: 3400 ns, Cleanup: 31500 ns, At safepoint: 2500 ns, Total: 37400 ns
[283.799s][info ][safepoint      ] Safepoint "Cleanup", Time since last: 5000356874 ns, Reaching safepoint: 3400 ns, Cleanup: 26300 ns, At safepoint: 5600 ns, Total: 35300 ns
[285.799s][info ][safepoint      ] Safepoint "Cleanup", Time since last: 2000121389 ns, Reaching safepoint: 85700 ns, Cleanup: 31900 ns, At safepoint: 5500 ns, Total: 123100 ns
[285.845s][info ][gc,start       ] GC(53) Pause Young (Allocation Failure)
[285.854s][debug][gc,phases      ] GC(53) Scavenge 9.026ms
[285.854s][debug][gc,ref         ] GC(53) Skipped phase 1 of Reference Processing: no references
[285.854s][debug][gc,ref         ] GC(53) ReferenceProcessor::execute queues: 1, RefProcThreadModel::Single, marks_oops_alive: false
[285.854s][debug][gc,ref         ] GC(53) Skipped phase 3 of Reference Processing: no references
[285.854s][debug][gc,ref         ] GC(53) Skipped phase 4 of Reference Processing: no references
[285.854s][debug][gc,phases      ] GC(53) Reference Processing 0.120ms
[285.854s][debug][gc,phases      ] GC(53)   VM Weak                        Min:  0.0, Avg:  0.0, Max:  0.0, Diff:  0.0, Sum:  0.0, Workers: 4
[285.854s][debug][gc,phases      ] GC(53)     Dead                           Min: 0, Avg:  0.0, Max: 0, Diff: 0, Sum: 0, Workers: 4
[285.854s][debug][gc,phases      ] GC(53)     Total                          Min: 0, Avg: 214.2, Max: 576, Diff: 576, Sum: 857, Workers: 4
[285.854s][debug][gc,phases      ] GC(53)   ObjectSynchronizer Weak        Min:  0.0, Avg:  0.0, Max:  0.0, Diff:  0.0, Sum:  0.0, Workers: 4
[285.854s][debug][gc,phases      ] GC(53)     Dead                           Min: 0, Avg:  0.0, Max: 0, Diff: 0, Sum: 0, Workers: 4
[285.854s][debug][gc,phases      ] GC(53)     Total                          Min: 0, Avg:  1.0, Max: 4, Diff: 4, Sum: 4, Workers: 4
[285.854s][debug][gc,phases      ] GC(53)   JVMTI Tag Weak OopStorage      Min:  0.0, Avg:  0.0, Max:  0.0, Diff:  0.0, Sum:  0.0, Workers: 4
[285.854s][debug][gc,phases      ] GC(53)     Dead                           Min: 0, Avg:  0.0, Max: 0, Diff: 0, Sum: 0, Workers: 4
[285.854s][debug][gc,phases      ] GC(53)     Total                          Min: 0, Avg:  0.0, Max: 0, Diff: 0, Sum: 0, Workers: 4
[285.854s][debug][gc,phases      ] GC(53)   StringTable Weak               Min:  0.0, Avg:  0.1, Max:  0.1, Diff:  0.1, Sum:  0.4, Workers: 4
[285.854s][debug][gc,phases      ] GC(53)     Dead                           Min: 0, Avg:  0.0, Max: 0, Diff: 0, Sum: 0, Workers: 4
[285.854s][debug][gc,phases      ] GC(53)     Total                          Min: 0, Avg: 11114.8, Max: 15467, Diff: 15467, Sum: 44459, Workers: 4
[285.854s][debug][gc,phases      ] GC(53)   ResolvedMethodTable Weak       Min:  0.0, Avg:  0.0, Max:  0.0, Diff:  0.0, Sum:  0.1, Workers: 4
[285.854s][debug][gc,phases      ] GC(53)     Dead                           Min: 0, Avg:  0.0, Max: 0, Diff: 0, Sum: 0, Workers: 4
[285.854s][debug][gc,phases      ] GC(53)     Total                          Min: 0, Avg: 2593.2, Max: 3648, Diff: 3648, Sum: 10373, Workers: 4
[285.854s][debug][gc,phases      ] GC(53)   JNI Weak                       Min:  0.0, Avg:  0.0, Max:  0.0, Diff:  0.0, Sum:  0.0, Workers: 4
[285.854s][debug][gc,phases      ] GC(53)     Dead                           Min: 0, Avg:  0.0, Max: 0, Diff: 0, Sum: 0, Workers: 4
[285.854s][debug][gc,phases      ] GC(53)     Total                          Min: 0, Avg: 11.2, Max: 45, Diff: 45, Sum: 45, Workers: 4
[285.854s][debug][gc,phases      ] GC(53)   StringDedup Table Weak         Min:  0.0, Avg:  0.0, Max:  0.0, Diff:  0.0, Sum:  0.0, Workers: 4
[285.854s][debug][gc,phases      ] GC(53)     Dead                           Min: 0, Avg:  0.0, Max: 0, Diff: 0, Sum: 0, Workers: 4
[285.854s][debug][gc,phases      ] GC(53)     Total                          Min: 0, Avg:  0.0, Max: 0, Diff: 0, Sum: 0, Workers: 4
[285.854s][debug][gc,phases      ] GC(53)   StringDedup Requests0 Weak     Min:  0.0, Avg:  0.0, Max:  0.0, Diff:  0.0, Sum:  0.0, Workers: 4
[285.854s][debug][gc,phases      ] GC(53)     Dead                           Min: 0, Avg:  0.0, Max: 0, Diff: 0, Sum: 0, Workers: 4
[285.854s][debug][gc,phases      ] GC(53)     Total                          Min: 0, Avg:  0.0, Max: 0, Diff: 0, Sum: 0, Workers: 4
[285.854s][debug][gc,phases      ] GC(53)   StringDedup Requests1 Weak     Min:  0.0, Avg:  0.0, Max:  0.0, Diff:  0.0, Sum:  0.0, Workers: 4
[285.854s][debug][gc,phases      ] GC(53)     Dead                           Min: 0, Avg:  0.0, Max: 0, Diff: 0, Sum: 0, Workers: 4
[285.854s][debug][gc,phases      ] GC(53)     Total                          Min: 0, Avg:  0.0, Max: 0, Diff: 0, Sum: 0, Workers: 4
[285.854s][debug][gc,phases      ] GC(53)   Weak JFR Old Object Samples    Min:  0.0, Avg:  0.0, Max:  0.0, Diff:  0.0, Sum:  0.0, Workers: 4
[285.854s][debug][gc,phases      ] GC(53)     Dead                           Min: 0, Avg:  0.0, Max: 0, Diff: 0, Sum: 0, Workers: 4
[285.854s][debug][gc,phases      ] GC(53)     Total                          Min: 0, Avg:  0.0, Max: 0, Diff: 0, Sum: 0, Workers: 4
[285.854s][debug][gc,phases      ] GC(53) Weak Processing 0.435ms
[285.854s][debug][gc,age         ] GC(53) Desired survivor size 170393600 bytes, new threshold 15 (max threshold 15)
[285.854s][info ][gc,heap        ] GC(53) PSYoungGen: 1728676K(1917952K)->3220K(1904640K) Eden: 1725440K(1725440K)->0K(1725440K) From: 3236K(192512K)->3220K(179200K)
[285.854s][info ][gc,heap        ] GC(53) ParOldGen: 355873K(430080K)->355897K(430080K)
[285.854s][info ][gc,metaspace   ] GC(53) Metaspace: 84110K(85248K)->84110K(85248K) NonClass: 71821K(72448K)->71821K(72448K) Class: 12288K(12800K)->12288K(12800K)
[285.854s][info ][gc             ] GC(53) Pause Young (Allocation Failure) 2035M->350M(2280M) 9.711ms
[285.855s][info ][gc,cpu         ] GC(53) User=0.02s Sys=0.00s Real=0.01s
[285.855s][info ][safepoint      ] Safepoint "ParallelGCFailedAllocation", Time since last: 45701444 ns, Reaching safepoint: 78200 ns, Cleanup: 32000 ns, At safepoint: 9798309 ns, Total: 9908509 ns
[287.855s][info ][safepoint      ] Safepoint "Cleanup", Time since last: 2000154214 ns, Reaching safepoint: 5300 ns, Cleanup: 41200 ns, At safepoint: 2400 ns, Total: 48900 ns
[288.855s][info ][safepoint      ] Safepoint "Cleanup", Time since last: 1000117557 ns, Reaching safepoint: 4600 ns, Cleanup: 37200 ns, At safepoint: 4000 ns, Total: 45800 ns
[289.855s][info ][safepoint      ] Safepoint "Cleanup", Time since last: 1000093964 ns, Reaching safepoint: 4200 ns, Cleanup: 33600 ns, At safepoint: 3200 ns, Total: 41000 ns
[293.943s][info ][gc,start       ] GC(54) Pause Young (Allocation Failure)
[293.948s][debug][gc,phases      ] GC(54) Scavenge 5.240ms
[293.948s][debug][gc,ref         ] GC(54) Skipped phase 1 of Reference Processing: no references
[293.948s][debug][gc,ref         ] GC(54) ReferenceProcessor::execute queues: 1, RefProcThreadModel::Single, marks_oops_alive: false
[293.948s][debug][gc,ref         ] GC(54) Skipped phase 3 of Reference Processing: no references
[293.948s][debug][gc,ref         ] GC(54) Skipped phase 4 of Reference Processing: no references
[293.948s][debug][gc,phases      ] GC(54) Reference Processing 0.091ms
[293.949s][debug][gc,phases      ] GC(54)   VM Weak                        Min:  0.0, Avg:  0.0, Max:  0.0, Diff:  0.0, Sum:  0.0, Workers: 4
[293.949s][debug][gc,phases      ] GC(54)     Dead                           Min: 0, Avg:  0.0, Max: 0, Diff: 0, Sum: 0, Workers: 4
[293.949s][debug][gc,phases      ] GC(54)     Total                          Min: 0, Avg: 214.2, Max: 857, Diff: 857, Sum: 857, Workers: 4
[293.949s][debug][gc,phases      ] GC(54)   ObjectSynchronizer Weak        Min:  0.0, Avg:  0.0, Max:  0.0, Diff:  0.0, Sum:  0.0, Workers: 4
[293.949s][debug][gc,phases      ] GC(54)     Dead                           Min: 0, Avg:  0.0, Max: 0, Diff: 0, Sum: 0, Workers: 4
[293.949s][debug][gc,phases      ] GC(54)     Total                          Min: 0, Avg:  1.0, Max: 4, Diff: 4, Sum: 4, Workers: 4
[293.949s][debug][gc,phases      ] GC(54)   JVMTI Tag Weak OopStorage      Min:  0.0, Avg:  0.0, Max:  0.0, Diff:  0.0, Sum:  0.0, Workers: 4
[293.949s][debug][gc,phases      ] GC(54)     Dead                           Min: 0, Avg:  0.0, Max: 0, Diff: 0, Sum: 0, Workers: 4
[293.949s][debug][gc,phases      ] GC(54)     Total                          Min: 0, Avg:  0.0, Max: 0, Diff: 0, Sum: 0, Workers: 4
[293.949s][debug][gc,phases      ] GC(54)   StringTable Weak               Min:  0.0, Avg:  0.1, Max:  0.2, Diff:  0.2, Sum:  0.3, Workers: 4
[293.949s][debug][gc,phases      ] GC(54)     Dead                           Min: 0, Avg:  0.0, Max: 0, Diff: 0, Sum: 0, Workers: 4
[293.949s][debug][gc,phases      ] GC(54)     Total                          Min: 0, Avg: 11114.8, Max: 26923, Diff: 26923, Sum: 44459, Workers: 4
[293.949s][debug][gc,phases      ] GC(54)   ResolvedMethodTable Weak       Min:  0.0, Avg:  0.0, Max:  0.0, Diff:  0.0, Sum:  0.1, Workers: 4
[293.949s][debug][gc,phases      ] GC(54)     Dead                           Min: 0, Avg:  0.0, Max: 0, Diff: 0, Sum: 0, Workers: 4
[293.949s][debug][gc,phases      ] GC(54)     Total                          Min: 0, Avg: 2593.2, Max: 5829, Diff: 5829, Sum: 10373, Workers: 4
[293.949s][debug][gc,phases      ] GC(54)   JNI Weak                       Min:  0.0, Avg:  0.0, Max:  0.0, Diff:  0.0, Sum:  0.0, Workers: 4
[293.949s][debug][gc,phases      ] GC(54)     Dead                           Min: 0, Avg:  0.0, Max: 0, Diff: 0, Sum: 0, Workers: 4
[293.949s][debug][gc,phases      ] GC(54)     Total                          Min: 0, Avg: 11.2, Max: 45, Diff: 45, Sum: 45, Workers: 4
[293.949s][debug][gc,phases      ] GC(54)   StringDedup Table Weak         Min:  0.0, Avg:  0.0, Max:  0.0, Diff:  0.0, Sum:  0.0, Workers: 4
[293.949s][debug][gc,phases      ] GC(54)     Dead                           Min: 0, Avg:  0.0, Max: 0, Diff: 0, Sum: 0, Workers: 4
[293.949s][debug][gc,phases      ] GC(54)     Total                          Min: 0, Avg:  0.0, Max: 0, Diff: 0, Sum: 0, Workers: 4
[293.949s][debug][gc,phases      ] GC(54)   StringDedup Requests0 Weak     Min:  0.0, Avg:  0.0, Max:  0.0, Diff:  0.0, Sum:  0.0, Workers: 4
[293.949s][debug][gc,phases      ] GC(54)     Dead                           Min: 0, Avg:  0.0, Max: 0, Diff: 0, Sum: 0, Workers: 4
[293.949s][debug][gc,phases      ] GC(54)     Total                          Min: 0, Avg:  0.0, Max: 0, Diff: 0, Sum: 0, Workers: 4
[293.949s][debug][gc,phases      ] GC(54)   StringDedup Requests1 Weak     Min:  0.0, Avg:  0.0, Max:  0.0, Diff:  0.0, Sum:  0.0, Workers: 4
[293.949s][debug][gc,phases      ] GC(54)     Dead                           Min: 0, Avg:  0.0, Max: 0, Diff: 0, Sum: 0, Workers: 4
[293.949s][debug][gc,phases      ] GC(54)     Total                          Min: 0, Avg:  0.0, Max: 0, Diff: 0, Sum: 0, Workers: 4
[293.949s][debug][gc,phases      ] GC(54)   Weak JFR Old Object Samples    Min:  0.0, Avg:  0.0, Max:  0.0, Diff:  0.0, Sum:  0.0, Workers: 4
[293.949s][debug][gc,phases      ] GC(54)     Dead                           Min: 0, Avg:  0.0, Max: 0, Diff: 0, Sum: 0, Workers: 4
[293.949s][debug][gc,phases      ] GC(54)     Total                          Min: 0, Avg:  0.0, Max: 0, Diff: 0, Sum: 0, Workers: 4
[293.949s][debug][gc,phases      ] GC(54) Weak Processing 0.392ms
[293.949s][debug][gc,age         ] GC(54) Desired survivor size 158334976 bytes, new threshold 15 (max threshold 15)
[293.949s][info ][gc,heap        ] GC(54) PSYoungGen: 1728660K(1904640K)->3204K(1942528K) Eden: 1725440K(1725440K)->0K(1776128K) From: 3220K(179200K)->3204K(166400K)
[293.949s][info ][gc,heap        ] GC(54) ParOldGen: 355897K(430080K)->355921K(430080K)
[293.949s][info ][gc,metaspace   ] GC(54) Metaspace: 84115K(85248K)->84115K(85248K) NonClass: 71827K(72448K)->71827K(72448K) Class: 12288K(12800K)->12288K(12800K)
[293.949s][info ][gc             ] GC(54) Pause Young (Allocation Failure) 2035M->350M(2317M) 5.828ms
[293.949s][info ][gc,cpu         ] GC(54) User=0.02s Sys=0.00s Real=0.00s
[293.949s][info ][safepoint      ] Safepoint "ParallelGCFailedAllocation", Time since last: 4087865234 ns, Reaching safepoint: 74601 ns, Cleanup: 25600 ns, At safepoint: 5899609 ns, Total: 5999810 ns
[296.949s][info ][safepoint      ] Safepoint "Cleanup", Time since last: 3000202452 ns, Reaching safepoint: 3900 ns, Cleanup: 36900 ns, At safepoint: 2200 ns, Total: 43000 ns
[297.949s][info ][safepoint      ] Safepoint "Cleanup", Time since last: 1000117564 ns, Reaching safepoint: 5100 ns, Cleanup: 34600 ns, At safepoint: 3700 ns, Total: 43400 ns
[299.950s][info ][safepoint      ] Safepoint "Cleanup", Time since last: 2000177228 ns, Reaching safepoint: 3400 ns, Cleanup: 37800 ns, At safepoint: 2400 ns, Total: 43600 ns
[302.109s][info ][safepoint      ] Safepoint "Cleanup", Time since last: 2159323298 ns, Reaching safepoint: 4600 ns, Cleanup: 30000 ns, At safepoint: 2200 ns, Total: 36800 ns
[302.243s][info ][gc,start       ] GC(55) Pause Young (Allocation Failure)
[302.248s][debug][gc,phases      ] GC(55) Scavenge 4.937ms
[302.248s][debug][gc,ref         ] GC(55) Skipped phase 1 of Reference Processing: no references
[302.248s][debug][gc,ref         ] GC(55) ReferenceProcessor::execute queues: 1, RefProcThreadModel::Single, marks_oops_alive: false
[302.248s][debug][gc,ref         ] GC(55) Skipped phase 3 of Reference Processing: no references
[302.248s][debug][gc,ref         ] GC(55) Skipped phase 4 of Reference Processing: no references
[302.248s][debug][gc,phases      ] GC(55) Reference Processing 0.083ms
[302.248s][debug][gc,phases      ] GC(55)   VM Weak                        Min:  0.0, Avg:  0.0, Max:  0.0, Diff:  0.0, Sum:  0.0, Workers: 4
[302.248s][debug][gc,phases      ] GC(55)     Dead                           Min: 0, Avg:  0.0, Max: 0, Diff: 0, Sum: 0, Workers: 4
[302.248s][debug][gc,phases      ] GC(55)     Total                          Min: 25, Avg: 214.2, Max: 512, Diff: 487, Sum: 857, Workers: 4
[302.248s][debug][gc,phases      ] GC(55)   ObjectSynchronizer Weak        Min:  0.0, Avg:  0.0, Max:  0.0, Diff:  0.0, Sum:  0.0, Workers: 4
[302.248s][debug][gc,phases      ] GC(55)     Dead                           Min: 0, Avg:  0.0, Max: 0, Diff: 0, Sum: 0, Workers: 4
[302.248s][debug][gc,phases      ] GC(55)     Total                          Min: 0, Avg:  0.8, Max: 3, Diff: 3, Sum: 3, Workers: 4
[302.248s][debug][gc,phases      ] GC(55)   JVMTI Tag Weak OopStorage      Min:  0.0, Avg:  0.0, Max:  0.0, Diff:  0.0, Sum:  0.0, Workers: 4
[302.248s][debug][gc,phases      ] GC(55)     Dead                           Min: 0, Avg:  0.0, Max: 0, Diff: 0, Sum: 0, Workers: 4
[302.248s][debug][gc,phases      ] GC(55)     Total                          Min: 0, Avg:  0.0, Max: 0, Diff: 0, Sum: 0, Workers: 4
[302.248s][debug][gc,phases      ] GC(55)   StringTable Weak               Min:  0.1, Avg:  0.1, Max:  0.1, Diff:  0.0, Sum:  0.4, Workers: 4
[302.248s][debug][gc,phases      ] GC(55)     Dead                           Min: 0, Avg:  0.0, Max: 0, Diff: 0, Sum: 0, Workers: 4
[302.248s][debug][gc,phases      ] GC(55)     Total                          Min: 10944, Avg: 11116.0, Max: 11392, Diff: 448, Sum: 44464, Workers: 4
[302.248s][debug][gc,phases      ] GC(55)   ResolvedMethodTable Weak       Min:  0.0, Avg:  0.0, Max:  0.0, Diff:  0.0, Sum:  0.1, Workers: 4
[302.248s][debug][gc,phases      ] GC(55)     Dead                           Min: 0, Avg:  0.0, Max: 0, Diff: 0, Sum: 0, Workers: 4
[302.248s][debug][gc,phases      ] GC(55)     Total                          Min: 2309, Avg: 2593.2, Max: 3008, Diff: 699, Sum: 10373, Workers: 4
[302.248s][debug][gc,phases      ] GC(55)   JNI Weak                       Min:  0.0, Avg:  0.0, Max:  0.0, Diff:  0.0, Sum:  0.0, Workers: 4
[302.248s][debug][gc,phases      ] GC(55)     Dead                           Min: 0, Avg:  0.0, Max: 0, Diff: 0, Sum: 0, Workers: 4
[302.248s][debug][gc,phases      ] GC(55)     Total                          Min: 0, Avg: 11.2, Max: 45, Diff: 45, Sum: 45, Workers: 4
[302.248s][debug][gc,phases      ] GC(55)   StringDedup Table Weak         Min:  0.0, Avg:  0.0, Max:  0.0, Diff:  0.0, Sum:  0.0, Workers: 4
[302.248s][debug][gc,phases      ] GC(55)     Dead                           Min: 0, Avg:  0.0, Max: 0, Diff: 0, Sum: 0, Workers: 4
[302.248s][debug][gc,phases      ] GC(55)     Total                          Min: 0, Avg:  0.0, Max: 0, Diff: 0, Sum: 0, Workers: 4
[302.248s][debug][gc,phases      ] GC(55)   StringDedup Requests0 Weak     Min:  0.0, Avg:  0.0, Max:  0.0, Diff:  0.0, Sum:  0.0, Workers: 4
[302.248s][debug][gc,phases      ] GC(55)     Dead                           Min: 0, Avg:  0.0, Max: 0, Diff: 0, Sum: 0, Workers: 4
[302.248s][debug][gc,phases      ] GC(55)     Total                          Min: 0, Avg:  0.0, Max: 0, Diff: 0, Sum: 0, Workers: 4
[302.248s][debug][gc,phases      ] GC(55)   StringDedup Requests1 Weak     Min:  0.0, Avg:  0.0, Max:  0.0, Diff:  0.0, Sum:  0.0, Workers: 4
[302.248s][debug][gc,phases      ] GC(55)     Dead                           Min: 0, Avg:  0.0, Max: 0, Diff: 0, Sum: 0, Workers: 4
[302.248s][debug][gc,phases      ] GC(55)     Total                          Min: 0, Avg:  0.0, Max: 0, Diff: 0, Sum: 0, Workers: 4
[302.248s][debug][gc,phases      ] GC(55)   Weak JFR Old Object Samples    Min:  0.0, Avg:  0.0, Max:  0.0, Diff:  0.0, Sum:  0.0, Workers: 4
[302.248s][debug][gc,phases      ] GC(55)     Dead                           Min: 0, Avg:  0.0, Max: 0, Diff: 0, Sum: 0, Workers: 4
[302.248s][debug][gc,phases      ] GC(55)     Total                          Min: 0, Avg:  0.0, Max: 0, Diff: 0, Sum: 0, Workers: 4
[302.248s][debug][gc,phases      ] GC(55) Weak Processing 0.312ms
[302.248s][debug][gc,age         ] GC(55) Desired survivor size 147324928 bytes, new threshold 15 (max threshold 15)
[302.248s][info ][gc,heap        ] GC(55) PSYoungGen: 1779332K(1942528K)->3252K(1930752K) Eden: 1776128K(1776128K)->0K(1776128K) From: 3204K(166400K)->3252K(154624K)
[302.248s][info ][gc,heap        ] GC(55) ParOldGen: 355921K(430080K)->355945K(430080K)
[302.248s][info ][gc,metaspace   ] GC(55) Metaspace: 84123K(85248K)->84123K(85248K) NonClass: 71834K(72448K)->71834K(72448K) Class: 12288K(12800K)->12288K(12800K)
[302.248s][info ][gc             ] GC(55) Pause Young (Allocation Failure) 2085M->350M(2305M) 5.433ms
[302.248s][info ][gc,cpu         ] GC(55) User=0.01s Sys=0.00s Real=0.00s
[302.248s][info ][safepoint      ] Safepoint "ParallelGCFailedAllocation", Time since last: 133724042 ns, Reaching safepoint: 71300 ns, Cleanup: 18700 ns, At safepoint: 5498006 ns, Total: 5588006 ns
[303.248s][info ][safepoint      ] Safepoint "Cleanup", Time since last: 1000082564 ns, Reaching safepoint: 3400 ns, Cleanup: 40100 ns, At safepoint: 3200 ns, Total: 46700 ns
[308.249s][info ][safepoint      ] Safepoint "Cleanup", Time since last: 5000335707 ns, Reaching safepoint: 3700 ns, Cleanup: 29100 ns, At safepoint: 2200 ns, Total: 35000 ns
[309.249s][info ][safepoint      ] Safepoint "Cleanup", Time since last: 1000121277 ns, Reaching safepoint: 74700 ns, Cleanup: 33400 ns, At safepoint: 9100 ns, Total: 117200 ns
[310.249s][info ][safepoint      ] Safepoint "Cleanup", Time since last: 1000111376 ns, Reaching safepoint: 4500 ns, Cleanup: 65100 ns, At safepoint: 5500 ns, Total: 75100 ns
[310.602s][info ][gc,start       ] GC(56) Pause Young (Allocation Failure)
[310.608s][debug][gc,phases      ] GC(56) Scavenge 5.896ms
[310.608s][debug][gc,ref         ] GC(56) Skipped phase 1 of Reference Processing: no references
[310.608s][debug][gc,ref         ] GC(56) ReferenceProcessor::execute queues: 1, RefProcThreadModel::Single, marks_oops_alive: false
[310.608s][debug][gc,ref         ] GC(56) Skipped phase 3 of Reference Processing: no references
[310.608s][debug][gc,ref         ] GC(56) Skipped phase 4 of Reference Processing: no references
[310.608s][debug][gc,phases      ] GC(56) Reference Processing 0.093ms
[310.608s][debug][gc,phases      ] GC(56)   VM Weak                        Min:  0.0, Avg:  0.0, Max:  0.0, Diff:  0.0, Sum:  0.0, Workers: 4
[310.608s][debug][gc,phases      ] GC(56)     Dead                           Min: 0, Avg:  0.0, Max: 0, Diff: 0, Sum: 0, Workers: 4
[310.608s][debug][gc,phases      ] GC(56)     Total                          Min: 0, Avg: 214.2, Max: 537, Diff: 537, Sum: 857, Workers: 4
[310.608s][debug][gc,phases      ] GC(56)   ObjectSynchronizer Weak        Min:  0.0, Avg:  0.0, Max:  0.0, Diff:  0.0, Sum:  0.0, Workers: 4
[310.608s][debug][gc,phases      ] GC(56)     Dead                           Min: 0, Avg:  0.0, Max: 0, Diff: 0, Sum: 0, Workers: 4
[310.608s][debug][gc,phases      ] GC(56)     Total                          Min: 0, Avg:  1.0, Max: 4, Diff: 4, Sum: 4, Workers: 4
[310.608s][debug][gc,phases      ] GC(56)   JVMTI Tag Weak OopStorage      Min:  0.0, Avg:  0.0, Max:  0.0, Diff:  0.0, Sum:  0.0, Workers: 4
[310.608s][debug][gc,phases      ] GC(56)     Dead                           Min: 0, Avg:  0.0, Max: 0, Diff: 0, Sum: 0, Workers: 4
[310.608s][debug][gc,phases      ] GC(56)     Total                          Min: 0, Avg:  0.0, Max: 0, Diff: 0, Sum: 0, Workers: 4
[310.608s][debug][gc,phases      ] GC(56)   StringTable Weak               Min:  0.0, Avg:  0.1, Max:  0.2, Diff:  0.2, Sum:  0.3, Workers: 4
[310.608s][debug][gc,phases      ] GC(56)     Dead                           Min: 0, Avg:  0.0, Max: 0, Diff: 0, Sum: 0, Workers: 4
[310.608s][debug][gc,phases      ] GC(56)     Total                          Min: 0, Avg: 11116.0, Max: 26224, Diff: 26224, Sum: 44464, Workers: 4
[310.608s][debug][gc,phases      ] GC(56)   ResolvedMethodTable Weak       Min:  0.0, Avg:  0.0, Max:  0.0, Diff:  0.0, Sum:  0.1, Workers: 4
[310.608s][debug][gc,phases      ] GC(56)     Dead                           Min: 0, Avg:  0.0, Max: 0, Diff: 0, Sum: 0, Workers: 4
[310.608s][debug][gc,phases      ] GC(56)     Total                          Min: 0, Avg: 2593.2, Max: 6143, Diff: 6143, Sum: 10373, Workers: 4
[310.608s][debug][gc,phases      ] GC(56)   JNI Weak                       Min:  0.0, Avg:  0.0, Max:  0.0, Diff:  0.0, Sum:  0.0, Workers: 4
[310.608s][debug][gc,phases      ] GC(56)     Dead                           Min: 0, Avg:  0.0, Max: 0, Diff: 0, Sum: 0, Workers: 4
[310.608s][debug][gc,phases      ] GC(56)     Total                          Min: 0, Avg: 11.2, Max: 45, Diff: 45, Sum: 45, Workers: 4
[310.608s][debug][gc,phases      ] GC(56)   StringDedup Table Weak         Min:  0.0, Avg:  0.0, Max:  0.0, Diff:  0.0, Sum:  0.0, Workers: 4
[310.608s][debug][gc,phases      ] GC(56)     Dead                           Min: 0, Avg:  0.0, Max: 0, Diff: 0, Sum: 0, Workers: 4
[310.608s][debug][gc,phases      ] GC(56)     Total                          Min: 0, Avg:  0.0, Max: 0, Diff: 0, Sum: 0, Workers: 4
[310.608s][debug][gc,phases      ] GC(56)   StringDedup Requests0 Weak     Min:  0.0, Avg:  0.0, Max:  0.0, Diff:  0.0, Sum:  0.0, Workers: 4
[310.608s][debug][gc,phases      ] GC(56)     Dead                           Min: 0, Avg:  0.0, Max: 0, Diff: 0, Sum: 0, Workers: 4
[310.608s][debug][gc,phases      ] GC(56)     Total                          Min: 0, Avg:  0.0, Max: 0, Diff: 0, Sum: 0, Workers: 4
[310.608s][debug][gc,phases      ] GC(56)   StringDedup Requests1 Weak     Min:  0.0, Avg:  0.0, Max:  0.0, Diff:  0.0, Sum:  0.0, Workers: 4
[310.608s][debug][gc,phases      ] GC(56)     Dead                           Min: 0, Avg:  0.0, Max: 0, Diff: 0, Sum: 0, Workers: 4
[310.608s][debug][gc,phases      ] GC(56)     Total                          Min: 0, Avg:  0.0, Max: 0, Diff: 0, Sum: 0, Workers: 4
[310.608s][debug][gc,phases      ] GC(56)   Weak JFR Old Object Samples    Min:  0.0, Avg:  0.0, Max:  0.0, Diff:  0.0, Sum:  0.0, Workers: 4
[310.608s][debug][gc,phases      ] GC(56)     Dead                           Min: 0, Avg:  0.0, Max: 0, Diff: 0, Sum: 0, Workers: 4
[310.608s][debug][gc,phases      ] GC(56)     Total                          Min: 0, Avg:  0.0, Max: 0, Diff: 0, Sum: 0, Workers: 4
[310.608s][debug][gc,phases      ] GC(56) Weak Processing 0.383ms
[310.608s][debug][gc,age         ] GC(56) Desired survivor size 136839168 bytes, new threshold 15 (max threshold 15)
[310.608s][info ][gc,heap        ] GC(56) PSYoungGen: 1779380K(1930752K)->3156K(1963520K) Eden: 1776128K(1776128K)->0K(1819648K) From: 3252K(154624K)->3156K(143872K)
[310.608s][info ][gc,heap        ] GC(56) ParOldGen: 355945K(430080K)->355961K(430080K)
[310.608s][info ][gc,metaspace   ] GC(56) Metaspace: 84127K(85248K)->84127K(85248K) NonClass: 71839K(72448K)->71839K(72448K) Class: 12288K(12800K)->12288K(12800K)
[310.608s][info ][gc             ] GC(56) Pause Young (Allocation Failure) 2085M->350M(2337M) 6.474ms
[310.608s][info ][gc,cpu         ] GC(56) User=0.01s Sys=0.00s Real=0.00s
[310.608s][info ][safepoint      ] Safepoint "ParallelGCFailedAllocation", Time since last: 352530521 ns, Reaching safepoint: 3800 ns, Cleanup: 42100 ns, At safepoint: 6539909 ns, Total: 6585809 ns
[311.910s][info ][safepoint      ] Safepoint "Cleanup", Time since last: 1301546222 ns, Reaching safepoint: 2900 ns, Cleanup: 38400 ns, At safepoint: 4500 ns, Total: 45800 ns
[312.911s][info ][safepoint      ] Safepoint "Cleanup", Time since last: 1000613419 ns, Reaching safepoint: 5600 ns, Cleanup: 97500 ns, At safepoint: 2900 ns, Total: 106000 ns
[315.911s][info ][safepoint      ] Safepoint "Cleanup", Time since last: 3000225024 ns, Reaching safepoint: 3900 ns, Cleanup: 40300 ns, At safepoint: 2300 ns, Total: 46500 ns
[316.911s][info ][safepoint      ] Safepoint "Cleanup", Time since last: 1000104974 ns, Reaching safepoint: 4200 ns, Cleanup: 34900 ns, At safepoint: 4100 ns, Total: 43200 ns
[317.911s][info ][safepoint      ] Safepoint "Cleanup", Time since last: 1000101975 ns, Reaching safepoint: 3900 ns, Cleanup: 36000 ns, At safepoint: 2200 ns, Total: 42100 ns
[318.911s][info ][safepoint      ] Safepoint "Cleanup", Time since last: 1000070274 ns, Reaching safepoint: 4100 ns, Cleanup: 40000 ns, At safepoint: 2800 ns, Total: 46900 ns
[320.742s][info ][gc,start       ] GC(57) Pause Young (Allocation Failure)
[320.747s][debug][gc,phases      ] GC(57) Scavenge 4.903ms
[320.747s][debug][gc,ref         ] GC(57) Skipped phase 1 of Reference Processing: no references
[320.748s][debug][gc,ref         ] GC(57) ReferenceProcessor::execute queues: 1, RefProcThreadModel::Single, marks_oops_alive: false
[320.748s][debug][gc,ref         ] GC(57) Skipped phase 3 of Reference Processing: no references
[320.748s][debug][gc,ref         ] GC(57) ReferenceProcessor::execute queues: 1, RefProcThreadModel::Single, marks_oops_alive: false
[320.748s][debug][gc,phases      ] GC(57) Reference Processing 0.104ms
[320.748s][debug][gc,phases      ] GC(57)   VM Weak                        Min:  0.0, Avg:  0.0, Max:  0.0, Diff:  0.0, Sum:  0.0, Workers: 4
[320.748s][debug][gc,phases      ] GC(57)     Dead                           Min: 0, Avg:  0.0, Max: 0, Diff: 0, Sum: 0, Workers: 4
[320.748s][debug][gc,phases      ] GC(57)     Total                          Min: 0, Avg: 214.5, Max: 794, Diff: 794, Sum: 858, Workers: 4
[320.748s][debug][gc,phases      ] GC(57)   ObjectSynchronizer Weak        Min:  0.0, Avg:  0.0, Max:  0.0, Diff:  0.0, Sum:  0.0, Workers: 4
[320.748s][debug][gc,phases      ] GC(57)     Dead                           Min: 0, Avg:  0.0, Max: 0, Diff: 0, Sum: 0, Workers: 4
[320.748s][debug][gc,phases      ] GC(57)     Total                          Min: 0, Avg:  1.0, Max: 4, Diff: 4, Sum: 4, Workers: 4
[320.748s][debug][gc,phases      ] GC(57)   JVMTI Tag Weak OopStorage      Min:  0.0, Avg:  0.0, Max:  0.0, Diff:  0.0, Sum:  0.0, Workers: 4
[320.748s][debug][gc,phases      ] GC(57)     Dead                           Min: 0, Avg:  0.0, Max: 0, Diff: 0, Sum: 0, Workers: 4
[320.748s][debug][gc,phases      ] GC(57)     Total                          Min: 0, Avg:  0.0, Max: 0, Diff: 0, Sum: 0, Workers: 4
[320.748s][debug][gc,phases      ] GC(57)   StringTable Weak               Min:  0.0, Avg:  0.1, Max:  0.1, Diff:  0.1, Sum:  0.4, Workers: 4
[320.748s][debug][gc,phases      ] GC(57)     Dead                           Min: 0, Avg:  0.5, Max: 2, Diff: 2, Sum: 2, Workers: 4
[320.748s][debug][gc,phases      ] GC(57)     Total                          Min: 0, Avg: 11123.5, Max: 18496, Diff: 18496, Sum: 44494, Workers: 4
[320.748s][debug][gc,phases      ] GC(57)   ResolvedMethodTable Weak       Min:  0.0, Avg:  0.0, Max:  0.0, Diff:  0.0, Sum:  0.1, Workers: 4
[320.748s][debug][gc,phases      ] GC(57)     Dead                           Min: 0, Avg:  0.0, Max: 0, Diff: 0, Sum: 0, Workers: 4
[320.748s][debug][gc,phases      ] GC(57)     Total                          Min: 0, Avg: 2601.8, Max: 4584, Diff: 4584, Sum: 10407, Workers: 4
[320.748s][debug][gc,phases      ] GC(57)   JNI Weak                       Min:  0.0, Avg:  0.0, Max:  0.0, Diff:  0.0, Sum:  0.0, Workers: 4
[320.748s][debug][gc,phases      ] GC(57)     Dead                           Min: 0, Avg:  0.0, Max: 0, Diff: 0, Sum: 0, Workers: 4
[320.748s][debug][gc,phases      ] GC(57)     Total                          Min: 0, Avg: 11.2, Max: 45, Diff: 45, Sum: 45, Workers: 4
[320.748s][debug][gc,phases      ] GC(57)   StringDedup Table Weak         Min:  0.0, Avg:  0.0, Max:  0.0, Diff:  0.0, Sum:  0.0, Workers: 4
[320.748s][debug][gc,phases      ] GC(57)     Dead                           Min: 0, Avg:  0.0, Max: 0, Diff: 0, Sum: 0, Workers: 4
[320.748s][debug][gc,phases      ] GC(57)     Total                          Min: 0, Avg:  0.0, Max: 0, Diff: 0, Sum: 0, Workers: 4
[320.748s][debug][gc,phases      ] GC(57)   StringDedup Requests0 Weak     Min:  0.0, Avg:  0.0, Max:  0.0, Diff:  0.0, Sum:  0.0, Workers: 4
[320.748s][debug][gc,phases      ] GC(57)     Dead                           Min: 0, Avg:  0.0, Max: 0, Diff: 0, Sum: 0, Workers: 4
[320.748s][debug][gc,phases      ] GC(57)     Total                          Min: 0, Avg:  0.0, Max: 0, Diff: 0, Sum: 0, Workers: 4
[320.748s][debug][gc,phases      ] GC(57)   StringDedup Requests1 Weak     Min:  0.0, Avg:  0.0, Max:  0.0, Diff:  0.0, Sum:  0.0, Workers: 4
[320.748s][debug][gc,phases      ] GC(57)     Dead                           Min: 0, Avg:  0.0, Max: 0, Diff: 0, Sum: 0, Workers: 4
[320.748s][debug][gc,phases      ] GC(57)     Total                          Min: 0, Avg:  0.0, Max: 0, Diff: 0, Sum: 0, Workers: 4
[320.748s][debug][gc,phases      ] GC(57)   Weak JFR Old Object Samples    Min:  0.0, Avg:  0.0, Max:  0.0, Diff:  0.0, Sum:  0.0, Workers: 4
[320.748s][debug][gc,phases      ] GC(57)     Dead                           Min: 0, Avg:  0.0, Max: 0, Diff: 0, Sum: 0, Workers: 4
[320.748s][debug][gc,phases      ] GC(57)     Total                          Min: 0, Avg:  0.0, Max: 0, Diff: 0, Sum: 0, Workers: 4
[320.748s][debug][gc,phases      ] GC(57) Weak Processing 0.323ms
[320.748s][debug][gc,age         ] GC(57) Desired survivor size 126877696 bytes, new threshold 15 (max threshold 15)
[320.748s][info ][gc,heap        ] GC(57) PSYoungGen: 1822804K(1963520K)->3284K(1953280K) Eden: 1819648K(1819648K)->0K(1819648K) From: 3156K(143872K)->3284K(133632K)
[320.748s][info ][gc,heap        ] GC(57) ParOldGen: 355961K(430080K)->355985K(430080K)
[320.748s][info ][gc,metaspace   ] GC(57) Metaspace: 84294K(85376K)->84294K(85376K) NonClass: 71981K(72576K)->71981K(72576K) Class: 12312K(12800K)->12312K(12800K)
[320.748s][info ][gc             ] GC(57) Pause Young (Allocation Failure) 2127M->350M(2327M) 5.428ms
[320.748s][info ][gc,cpu         ] GC(57) User=0.01s Sys=0.00s Real=0.00s
[320.748s][info ][safepoint      ] Safepoint "ParallelGCFailedAllocation", Time since last: 1831134668 ns, Reaching safepoint: 5400 ns, Cleanup: 39700 ns, At safepoint: 5498806 ns, Total: 5543906 ns
[321.748s][info ][safepoint      ] Safepoint "Cleanup", Time since last: 1000077493 ns, Reaching safepoint: 3200 ns, Cleanup: 29500 ns, At safepoint: 4900 ns, Total: 37600 ns
[324.748s][info ][safepoint      ] Safepoint "Cleanup", Time since last: 3000217896 ns, Reaching safepoint: 4400 ns, Cleanup: 46400 ns, At safepoint: 2900 ns, Total: 53700 ns
[325.748s][info ][safepoint      ] Safepoint "Cleanup", Time since last: 1000100532 ns, Reaching safepoint: 3500 ns, Cleanup: 35900 ns, At safepoint: 3800 ns, Total: 43200 ns
[326.749s][info ][safepoint      ] Safepoint "Cleanup", Time since last: 1000112632 ns, Reaching safepoint: 3800 ns, Cleanup: 41501 ns, At safepoint: 3900 ns, Total: 49201 ns
[329.749s][info ][safepoint      ] Safepoint "Cleanup", Time since last: 3000194392 ns, Reaching safepoint: 3300 ns, Cleanup: 35500 ns, At safepoint: 2000 ns, Total: 40800 ns
[331.242s][info ][gc,start       ] GC(58) Pause Young (Allocation Failure)
[331.245s][debug][gc,phases      ] GC(58) Scavenge 3.602ms
[331.245s][debug][gc,ref         ] GC(58) Skipped phase 1 of Reference Processing: no references
[331.245s][debug][gc,ref         ] GC(58) ReferenceProcessor::execute queues: 1, RefProcThreadModel::Single, marks_oops_alive: false
[331.245s][debug][gc,ref         ] GC(58) Skipped phase 3 of Reference Processing: no references
[331.246s][debug][gc,ref         ] GC(58) ReferenceProcessor::execute queues: 1, RefProcThreadModel::Single, marks_oops_alive: false
[331.246s][debug][gc,phases      ] GC(58) Reference Processing 0.107ms
[331.246s][debug][gc,phases      ] GC(58)   VM Weak                        Min:  0.0, Avg:  0.0, Max:  0.0, Diff:  0.0, Sum:  0.0, Workers: 4
[331.246s][debug][gc,phases      ] GC(58)     Dead                           Min: 0, Avg:  0.0, Max: 0, Diff: 0, Sum: 0, Workers: 4
[331.246s][debug][gc,phases      ] GC(58)     Total                          Min: 0, Avg: 215.5, Max: 606, Diff: 606, Sum: 862, Workers: 4
[331.246s][debug][gc,phases      ] GC(58)   ObjectSynchronizer Weak        Min:  0.0, Avg:  0.0, Max:  0.0, Diff:  0.0, Sum:  0.0, Workers: 4
[331.246s][debug][gc,phases      ] GC(58)     Dead                           Min: 0, Avg:  0.0, Max: 0, Diff: 0, Sum: 0, Workers: 4
[331.246s][debug][gc,phases      ] GC(58)     Total                          Min: 0, Avg:  1.0, Max: 4, Diff: 4, Sum: 4, Workers: 4
[331.246s][debug][gc,phases      ] GC(58)   JVMTI Tag Weak OopStorage      Min:  0.0, Avg:  0.0, Max:  0.0, Diff:  0.0, Sum:  0.0, Workers: 4
[331.246s][debug][gc,phases      ] GC(58)     Dead                           Min: 0, Avg:  0.0, Max: 0, Diff: 0, Sum: 0, Workers: 4
[331.246s][debug][gc,phases      ] GC(58)     Total                          Min: 0, Avg:  0.0, Max: 0, Diff: 0, Sum: 0, Workers: 4
[331.246s][debug][gc,phases      ] GC(58)   StringTable Weak               Min:  0.0, Avg:  0.1, Max:  0.1, Diff:  0.1, Sum:  0.4, Workers: 4
[331.246s][debug][gc,phases      ] GC(58)     Dead                           Min: 0, Avg:  0.0, Max: 0, Diff: 0, Sum: 0, Workers: 4
[331.246s][debug][gc,phases      ] GC(58)     Total                          Min: 0, Avg: 11125.0, Max: 15380, Diff: 15380, Sum: 44500, Workers: 4
[331.246s][debug][gc,phases      ] GC(58)   ResolvedMethodTable Weak       Min:  0.0, Avg:  0.0, Max:  0.0, Diff:  0.0, Sum:  0.1, Workers: 4
[331.246s][debug][gc,phases      ] GC(58)     Dead                           Min: 0, Avg:  0.0, Max: 0, Diff: 0, Sum: 0, Workers: 4
[331.246s][debug][gc,phases      ] GC(58)     Total                          Min: 0, Avg: 2604.2, Max: 4480, Diff: 4480, Sum: 10417, Workers: 4
[331.246s][debug][gc,phases      ] GC(58)   JNI Weak                       Min:  0.0, Avg:  0.0, Max:  0.0, Diff:  0.0, Sum:  0.0, Workers: 4
[331.246s][debug][gc,phases      ] GC(58)     Dead                           Min: 0, Avg:  0.0, Max: 0, Diff: 0, Sum: 0, Workers: 4
[331.246s][debug][gc,phases      ] GC(58)     Total                          Min: 0, Avg: 11.2, Max: 45, Diff: 45, Sum: 45, Workers: 4
[331.246s][debug][gc,phases      ] GC(58)   StringDedup Table Weak         Min:  0.0, Avg:  0.0, Max:  0.0, Diff:  0.0, Sum:  0.0, Workers: 4
[331.246s][debug][gc,phases      ] GC(58)     Dead                           Min: 0, Avg:  0.0, Max: 0, Diff: 0, Sum: 0, Workers: 4
[331.246s][debug][gc,phases      ] GC(58)     Total                          Min: 0, Avg:  0.0, Max: 0, Diff: 0, Sum: 0, Workers: 4
[331.246s][debug][gc,phases      ] GC(58)   StringDedup Requests0 Weak     Min:  0.0, Avg:  0.0, Max:  0.0, Diff:  0.0, Sum:  0.0, Workers: 4
[331.246s][debug][gc,phases      ] GC(58)     Dead                           Min: 0, Avg:  0.0, Max: 0, Diff: 0, Sum: 0, Workers: 4
[331.246s][debug][gc,phases      ] GC(58)     Total                          Min: 0, Avg:  0.0, Max: 0, Diff: 0, Sum: 0, Workers: 4
[331.246s][debug][gc,phases      ] GC(58)   StringDedup Requests1 Weak     Min:  0.0, Avg:  0.0, Max:  0.0, Diff:  0.0, Sum:  0.0, Workers: 4
[331.246s][debug][gc,phases      ] GC(58)     Dead                           Min: 0, Avg:  0.0, Max: 0, Diff: 0, Sum: 0, Workers: 4
[331.246s][debug][gc,phases      ] GC(58)     Total                          Min: 0, Avg:  0.0, Max: 0, Diff: 0, Sum: 0, Workers: 4
[331.246s][debug][gc,phases      ] GC(58)   Weak JFR Old Object Samples    Min:  0.0, Avg:  0.0, Max:  0.0, Diff:  0.0, Sum:  0.0, Workers: 4
[331.246s][debug][gc,phases      ] GC(58)     Dead                           Min: 0, Avg:  0.0, Max: 0, Diff: 0, Sum: 0, Workers: 4
[331.246s][debug][gc,phases      ] GC(58)     Total                          Min: 0, Avg:  0.0, Max: 0, Diff: 0, Sum: 0, Workers: 4
[331.246s][debug][gc,phases      ] GC(58) Weak Processing 0.353ms
[331.246s][debug][gc,age         ] GC(58) Desired survivor size 117440512 bytes, new threshold 15 (max threshold 15)
[331.246s][info ][gc,heap        ] GC(58) PSYoungGen: 1822932K(1953280K)->3364K(1982464K) Eden: 1819648K(1819648K)->0K(1858560K) From: 3284K(133632K)->3364K(123904K)
[331.246s][info ][gc,heap        ] GC(58) ParOldGen: 355985K(430080K)->355993K(430080K)
[331.246s][info ][gc,metaspace   ] GC(58) Metaspace: 84319K(85376K)->84319K(85376K) NonClass: 72003K(72576K)->72003K(72576K) Class: 12316K(12800K)->12316K(12800K)
[331.246s][info ][gc             ] GC(58) Pause Young (Allocation Failure) 2127M->350M(2356M) 4.169ms
[331.246s][info ][gc,cpu         ] GC(58) User=0.01s Sys=0.01s Real=0.00s
[331.246s][info ][safepoint      ] Safepoint "ParallelGCFailedAllocation", Time since last: 1492749629 ns, Reaching safepoint: 77200 ns, Cleanup: 20300 ns, At safepoint: 4241305 ns, Total: 4338805 ns
[335.246s][info ][safepoint      ] Safepoint "Cleanup", Time since last: 4000262564 ns, Reaching safepoint: 3500 ns, Cleanup: 26700 ns, At safepoint: 3300 ns, Total: 33500 ns
[336.688s][info ][safepoint      ] Safepoint "Cleanup", Time since last: 1441344572 ns, Reaching safepoint: 73700 ns, Cleanup: 107400 ns, At safepoint: 5600 ns, Total: 186700 ns
[338.688s][info ][safepoint      ] Safepoint "Cleanup", Time since last: 2000168518 ns, Reaching safepoint: 73400 ns, Cleanup: 38600 ns, At safepoint: 4800 ns, Total: 116800 ns
[339.688s][info ][safepoint      ] Safepoint "Cleanup", Time since last: 1000101354 ns, Reaching safepoint: 72000 ns, Cleanup: 36600 ns, At safepoint: 6900 ns, Total: 115500 ns
[341.689s][info ][safepoint      ] Safepoint "Cleanup", Time since last: 2000173509 ns, Reaching safepoint: 71101 ns, Cleanup: 37500 ns, At safepoint: 4800 ns, Total: 113401 ns
[341.793s][info ][gc,start       ] GC(59) Pause Young (Allocation Failure)
[341.796s][debug][gc,phases      ] GC(59) Scavenge 3.458ms
[341.796s][debug][gc,ref         ] GC(59) Skipped phase 1 of Reference Processing: no references
[341.796s][debug][gc,ref         ] GC(59) ReferenceProcessor::execute queues: 1, RefProcThreadModel::Single, marks_oops_alive: false
[341.796s][debug][gc,ref         ] GC(59) Skipped phase 3 of Reference Processing: no references
[341.796s][debug][gc,ref         ] GC(59) ReferenceProcessor::execute queues: 1, RefProcThreadModel::Single, marks_oops_alive: false
[341.796s][debug][gc,phases      ] GC(59) Reference Processing 0.091ms
[341.796s][debug][gc,phases      ] GC(59)   VM Weak                        Min:  0.0, Avg:  0.0, Max:  0.0, Diff:  0.0, Sum:  0.0, Workers: 4
[341.796s][debug][gc,phases      ] GC(59)     Dead                           Min: 0, Avg:  0.0, Max: 0, Diff: 0, Sum: 0, Workers: 4
[341.796s][debug][gc,phases      ] GC(59)     Total                          Min: 0, Avg: 215.5, Max: 414, Diff: 414, Sum: 862, Workers: 4
[341.796s][debug][gc,phases      ] GC(59)   ObjectSynchronizer Weak        Min:  0.0, Avg:  0.0, Max:  0.0, Diff:  0.0, Sum:  0.0, Workers: 4
[341.796s][debug][gc,phases      ] GC(59)     Dead                           Min: 0, Avg:  0.0, Max: 0, Diff: 0, Sum: 0, Workers: 4
[341.796s][debug][gc,phases      ] GC(59)     Total                          Min: 0, Avg:  1.0, Max: 4, Diff: 4, Sum: 4, Workers: 4
[341.796s][debug][gc,phases      ] GC(59)   JVMTI Tag Weak OopStorage      Min:  0.0, Avg:  0.0, Max:  0.0, Diff:  0.0, Sum:  0.0, Workers: 4
[341.796s][debug][gc,phases      ] GC(59)     Dead                           Min: 0, Avg:  0.0, Max: 0, Diff: 0, Sum: 0, Workers: 4
[341.796s][debug][gc,phases      ] GC(59)     Total                          Min: 0, Avg:  0.0, Max: 0, Diff: 0, Sum: 0, Workers: 4
[341.796s][debug][gc,phases      ] GC(59)   StringTable Weak               Min:  0.1, Avg:  0.1, Max:  0.1, Diff:  0.0, Sum:  0.4, Workers: 4
[341.796s][debug][gc,phases      ] GC(59)     Dead                           Min: 0, Avg:  0.0, Max: 0, Diff: 0, Sum: 0, Workers: 4
[341.796s][debug][gc,phases      ] GC(59)     Total                          Min: 10453, Avg: 11125.2, Max: 11456, Diff: 1003, Sum: 44501, Workers: 4
[341.796s][debug][gc,phases      ] GC(59)   ResolvedMethodTable Weak       Min:  0.0, Avg:  0.0, Max:  0.0, Diff:  0.0, Sum:  0.1, Workers: 4
[341.796s][debug][gc,phases      ] GC(59)     Dead                           Min: 0, Avg:  0.0, Max: 0, Diff: 0, Sum: 0, Workers: 4
[341.796s][debug][gc,phases      ] GC(59)     Total                          Min: 2418, Avg: 2604.2, Max: 2816, Diff: 398, Sum: 10417, Workers: 4
[341.796s][debug][gc,phases      ] GC(59)   JNI Weak                       Min:  0.0, Avg:  0.0, Max:  0.0, Diff:  0.0, Sum:  0.0, Workers: 4
[341.796s][debug][gc,phases      ] GC(59)     Dead                           Min: 0, Avg:  0.0, Max: 0, Diff: 0, Sum: 0, Workers: 4
[341.796s][debug][gc,phases      ] GC(59)     Total                          Min: 0, Avg: 11.2, Max: 45, Diff: 45, Sum: 45, Workers: 4
[341.796s][debug][gc,phases      ] GC(59)   StringDedup Table Weak         Min:  0.0, Avg:  0.0, Max:  0.0, Diff:  0.0, Sum:  0.0, Workers: 4
[341.796s][debug][gc,phases      ] GC(59)     Dead                           Min: 0, Avg:  0.0, Max: 0, Diff: 0, Sum: 0, Workers: 4
[341.796s][debug][gc,phases      ] GC(59)     Total                          Min: 0, Avg:  0.0, Max: 0, Diff: 0, Sum: 0, Workers: 4
[341.796s][debug][gc,phases      ] GC(59)   StringDedup Requests0 Weak     Min:  0.0, Avg:  0.0, Max:  0.0, Diff:  0.0, Sum:  0.0, Workers: 4
[341.796s][debug][gc,phases      ] GC(59)     Dead                           Min: 0, Avg:  0.0, Max: 0, Diff: 0, Sum: 0, Workers: 4
[341.796s][debug][gc,phases      ] GC(59)     Total                          Min: 0, Avg:  0.0, Max: 0, Diff: 0, Sum: 0, Workers: 4
[341.796s][debug][gc,phases      ] GC(59)   StringDedup Requests1 Weak     Min:  0.0, Avg:  0.0, Max:  0.0, Diff:  0.0, Sum:  0.0, Workers: 4
[341.796s][debug][gc,phases      ] GC(59)     Dead                           Min: 0, Avg:  0.0, Max: 0, Diff: 0, Sum: 0, Workers: 4
[341.796s][debug][gc,phases      ] GC(59)     Total                          Min: 0, Avg:  0.0, Max: 0, Diff: 0, Sum: 0, Workers: 4
[341.796s][debug][gc,phases      ] GC(59)   Weak JFR Old Object Samples    Min:  0.0, Avg:  0.0, Max:  0.0, Diff:  0.0, Sum:  0.0, Workers: 4
[341.796s][debug][gc,phases      ] GC(59)     Dead                           Min: 0, Avg:  0.0, Max: 0, Diff: 0, Sum: 0, Workers: 4
[341.796s][debug][gc,phases      ] GC(59)     Total                          Min: 0, Avg:  0.0, Max: 0, Diff: 0, Sum: 0, Workers: 4
[341.796s][debug][gc,phases      ] GC(59) Weak Processing 0.299ms
[341.796s][debug][gc,age         ] GC(59) Desired survivor size 108527616 bytes, new threshold 15 (max threshold 15)
[341.796s][info ][gc,heap        ] GC(59) PSYoungGen: 1861924K(1982464K)->3428K(1973248K) Eden: 1858560K(1858560K)->0K(1858560K) From: 3364K(123904K)->3428K(114688K)
[341.796s][info ][gc,heap        ] GC(59) ParOldGen: 355993K(430080K)->356025K(430080K)
[341.796s][info ][gc,metaspace   ] GC(59) Metaspace: 84324K(85376K)->84324K(85376K) NonClass: 72007K(72576K)->72007K(72576K) Class: 12316K(12800K)->12316K(12800K)
[341.796s][info ][gc             ] GC(59) Pause Young (Allocation Failure) 2165M->351M(2347M) 3.945ms
[341.796s][info ][gc,cpu         ] GC(59) User=0.01s Sys=0.00s Real=0.01s
[341.797s][info ][safepoint      ] Safepoint "ParallelGCFailedAllocation", Time since last: 103843209 ns, Reaching safepoint: 74200 ns, Cleanup: 34200 ns, At safepoint: 4011404 ns, Total: 4119804 ns
[343.797s][info ][safepoint      ] Safepoint "Cleanup", Time since last: 2000133210 ns, Reaching safepoint: 3000 ns, Cleanup: 35000 ns, At safepoint: 1900 ns, Total: 39900 ns
[344.797s][info ][safepoint      ] Safepoint "Cleanup", Time since last: 1000096354 ns, Reaching safepoint: 4200 ns, Cleanup: 33900 ns, At safepoint: 2400 ns, Total: 40500 ns
[348.797s][info ][safepoint      ] Safepoint "Cleanup", Time since last: 4000293708 ns, Reaching safepoint: 3600 ns, Cleanup: 38900 ns, At safepoint: 2200 ns, Total: 44700 ns
[351.797s][info ][safepoint      ] Safepoint "Cleanup", Time since last: 3000207034 ns, Reaching safepoint: 3700 ns, Cleanup: 40800 ns, At safepoint: 2100 ns, Total: 46600 ns
[352.798s][info ][safepoint      ] Safepoint "Cleanup", Time since last: 1000098377 ns, Reaching safepoint: 3600 ns, Cleanup: 67101 ns, At safepoint: 2000 ns, Total: 72701 ns
[353.239s][info ][gc,start       ] GC(60) Pause Young (Allocation Failure)
[353.245s][debug][gc,phases      ] GC(60) Scavenge 6.199ms
[353.245s][debug][gc,ref         ] GC(60) Skipped phase 1 of Reference Processing: no references
[353.245s][debug][gc,ref         ] GC(60) ReferenceProcessor::execute queues: 1, RefProcThreadModel::Single, marks_oops_alive: false
[353.245s][debug][gc,ref         ] GC(60) Skipped phase 3 of Reference Processing: no references
[353.245s][debug][gc,ref         ] GC(60) ReferenceProcessor::execute queues: 1, RefProcThreadModel::Single, marks_oops_alive: false
[353.245s][debug][gc,phases      ] GC(60) Reference Processing 0.113ms
[353.245s][debug][gc,phases      ] GC(60)   VM Weak                        Min:  0.0, Avg:  0.0, Max:  0.0, Diff:  0.0, Sum:  0.0, Workers: 4
[353.245s][debug][gc,phases      ] GC(60)     Dead                           Min: 0, Avg:  0.0, Max: 0, Diff: 0, Sum: 0, Workers: 4
[353.245s][debug][gc,phases      ] GC(60)     Total                          Min: 0, Avg: 215.5, Max: 576, Diff: 576, Sum: 862, Workers: 4
[353.245s][debug][gc,phases      ] GC(60)   ObjectSynchronizer Weak        Min:  0.0, Avg:  0.0, Max:  0.0, Diff:  0.0, Sum:  0.0, Workers: 4
[353.245s][debug][gc,phases      ] GC(60)     Dead                           Min: 0, Avg:  0.0, Max: 0, Diff: 0, Sum: 0, Workers: 4
[353.245s][debug][gc,phases      ] GC(60)     Total                          Min: 0, Avg:  1.0, Max: 4, Diff: 4, Sum: 4, Workers: 4
[353.245s][debug][gc,phases      ] GC(60)   JVMTI Tag Weak OopStorage      Min:  0.0, Avg:  0.0, Max:  0.0, Diff:  0.0, Sum:  0.0, Workers: 4
[353.245s][debug][gc,phases      ] GC(60)     Dead                           Min: 0, Avg:  0.0, Max: 0, Diff: 0, Sum: 0, Workers: 4
[353.245s][debug][gc,phases      ] GC(60)     Total                          Min: 0, Avg:  0.0, Max: 0, Diff: 0, Sum: 0, Workers: 4
[353.245s][debug][gc,phases      ] GC(60)   StringTable Weak               Min:  0.0, Avg:  0.1, Max:  0.1, Diff:  0.1, Sum:  0.4, Workers: 4
[353.245s][debug][gc,phases      ] GC(60)     Dead                           Min: 0, Avg:  0.0, Max: 0, Diff: 0, Sum: 0, Workers: 4
[353.245s][debug][gc,phases      ] GC(60)     Total                          Min: 0, Avg: 11125.2, Max: 19349, Diff: 19349, Sum: 44501, Workers: 4
[353.245s][debug][gc,phases      ] GC(60)   ResolvedMethodTable Weak       Min:  0.0, Avg:  0.0, Max:  0.0, Diff:  0.0, Sum:  0.1, Workers: 4
[353.245s][debug][gc,phases      ] GC(60)     Dead                           Min: 0, Avg:  0.0, Max: 0, Diff: 0, Sum: 0, Workers: 4
[353.245s][debug][gc,phases      ] GC(60)     Total                          Min: 0, Avg: 2604.2, Max: 4466, Diff: 4466, Sum: 10417, Workers: 4
[353.245s][debug][gc,phases      ] GC(60)   JNI Weak                       Min:  0.0, Avg:  0.0, Max:  0.0, Diff:  0.0, Sum:  0.0, Workers: 4
[353.245s][debug][gc,phases      ] GC(60)     Dead                           Min: 0, Avg:  0.0, Max: 0, Diff: 0, Sum: 0, Workers: 4
[353.245s][debug][gc,phases      ] GC(60)     Total                          Min: 0, Avg: 11.2, Max: 45, Diff: 45, Sum: 45, Workers: 4
[353.245s][debug][gc,phases      ] GC(60)   StringDedup Table Weak         Min:  0.0, Avg:  0.0, Max:  0.0, Diff:  0.0, Sum:  0.0, Workers: 4
[353.245s][debug][gc,phases      ] GC(60)     Dead                           Min: 0, Avg:  0.0, Max: 0, Diff: 0, Sum: 0, Workers: 4
[353.245s][debug][gc,phases      ] GC(60)     Total                          Min: 0, Avg:  0.0, Max: 0, Diff: 0, Sum: 0, Workers: 4
[353.245s][debug][gc,phases      ] GC(60)   StringDedup Requests0 Weak     Min:  0.0, Avg:  0.0, Max:  0.0, Diff:  0.0, Sum:  0.0, Workers: 4
[353.245s][debug][gc,phases      ] GC(60)     Dead                           Min: 0, Avg:  0.0, Max: 0, Diff: 0, Sum: 0, Workers: 4
[353.245s][debug][gc,phases      ] GC(60)     Total                          Min: 0, Avg:  0.0, Max: 0, Diff: 0, Sum: 0, Workers: 4
[353.245s][debug][gc,phases      ] GC(60)   StringDedup Requests1 Weak     Min:  0.0, Avg:  0.0, Max:  0.0, Diff:  0.0, Sum:  0.0, Workers: 4
[353.245s][debug][gc,phases      ] GC(60)     Dead                           Min: 0, Avg:  0.0, Max: 0, Diff: 0, Sum: 0, Workers: 4
[353.245s][debug][gc,phases      ] GC(60)     Total                          Min: 0, Avg:  0.0, Max: 0, Diff: 0, Sum: 0, Workers: 4
[353.245s][debug][gc,phases      ] GC(60)   Weak JFR Old Object Samples    Min:  0.0, Avg:  0.0, Max:  0.0, Diff:  0.0, Sum:  0.0, Workers: 4
[353.245s][debug][gc,phases      ] GC(60)     Dead                           Min: 0, Avg:  0.0, Max: 0, Diff: 0, Sum: 0, Workers: 4
[353.245s][debug][gc,phases      ] GC(60)     Total                          Min: 0, Avg:  0.0, Max: 0, Diff: 0, Sum: 0, Workers: 4
[353.245s][debug][gc,phases      ] GC(60) Weak Processing 0.322ms
[353.245s][debug][gc,age         ] GC(60) Desired survivor size 100663296 bytes, new threshold 15 (max threshold 15)
[353.245s][info ][gc,heap        ] GC(60) PSYoungGen: 1861988K(1973248K)->3636K(1998848K) Eden: 1858560K(1858560K)->0K(1892864K) From: 3428K(114688K)->3636K(105984K)
[353.245s][info ][gc,heap        ] GC(60) ParOldGen: 356025K(430080K)->356041K(430080K)
[353.245s][info ][gc,metaspace   ] GC(60) Metaspace: 84338K(85376K)->84338K(85376K) NonClass: 72022K(72576K)->72022K(72576K) Class: 12316K(12800K)->12316K(12800K)
[353.245s][info ][gc             ] GC(60) Pause Young (Allocation Failure) 2166M->351M(2372M) 6.736ms
[353.245s][info ][gc,cpu         ] GC(60) User=0.02s Sys=0.00s Real=0.01s
[353.245s][info ][safepoint      ] Safepoint "ParallelGCFailedAllocation", Time since last: 441059514 ns, Reaching safepoint: 4200 ns, Cleanup: 35300 ns, At safepoint: 6803206 ns, Total: 6842706 ns
[354.246s][info ][safepoint      ] Safepoint "Cleanup", Time since last: 1000075383 ns, Reaching safepoint: 4100 ns, Cleanup: 55200 ns, At safepoint: 5600 ns, Total: 64900 ns
[355.246s][info ][safepoint      ] Safepoint "Cleanup", Time since last: 1000100182 ns, Reaching safepoint: 3600 ns, Cleanup: 39501 ns, At safepoint: 3100 ns, Total: 46201 ns
[356.246s][info ][safepoint      ] Safepoint "Cleanup", Time since last: 1000084182 ns, Reaching safepoint: 4000 ns, Cleanup: 37300 ns, At safepoint: 2500 ns, Total: 43800 ns
[357.246s][info ][safepoint      ] Safepoint "Cleanup", Time since last: 1000102083 ns, Reaching safepoint: 4000 ns, Cleanup: 37100 ns, At safepoint: 3000 ns, Total: 44100 ns
[358.246s][info ][safepoint      ] Safepoint "Cleanup", Time since last: 1000098883 ns, Reaching safepoint: 3900 ns, Cleanup: 42300 ns, At safepoint: 2500 ns, Total: 48700 ns
[359.246s][info ][safepoint      ] Safepoint "Cleanup", Time since last: 1000101482 ns, Reaching safepoint: 3500 ns, Cleanup: 32900 ns, At safepoint: 2600 ns, Total: 39000 ns
[361.124s][info ][safepoint      ] Safepoint "Cleanup", Time since last: 1877115371 ns, Reaching safepoint: 5500 ns, Cleanup: 62000 ns, At safepoint: 2300 ns, Total: 69800 ns
[363.124s][info ][safepoint      ] Safepoint "Cleanup", Time since last: 2000153514 ns, Reaching safepoint: 24700 ns, Cleanup: 34500 ns, At safepoint: 4400 ns, Total: 63600 ns
[364.124s][info ][safepoint      ] Safepoint "Cleanup", Time since last: 1000105758 ns, Reaching safepoint: 82800 ns, Cleanup: 42400 ns, At safepoint: 7500 ns, Total: 132700 ns
[365.124s][info ][safepoint      ] Safepoint "Cleanup", Time since last: 1000119757 ns, Reaching safepoint: 3900 ns, Cleanup: 40300 ns, At safepoint: 3500 ns, Total: 47700 ns
[366.738s][info ][gc,start       ] GC(61) Pause Young (Allocation Failure)
[366.746s][debug][gc,phases      ] GC(61) Scavenge 7.706ms
[366.746s][debug][gc,ref         ] GC(61) Skipped phase 1 of Reference Processing: no references
[366.746s][debug][gc,ref         ] GC(61) ReferenceProcessor::execute queues: 1, RefProcThreadModel::Single, marks_oops_alive: false
[366.746s][debug][gc,ref         ] GC(61) Skipped phase 3 of Reference Processing: no references
[366.746s][debug][gc,ref         ] GC(61) ReferenceProcessor::execute queues: 1, RefProcThreadModel::Single, marks_oops_alive: false
[366.746s][debug][gc,phases      ] GC(61) Reference Processing 0.089ms
[366.747s][debug][gc,phases      ] GC(61)   VM Weak                        Min:  0.0, Avg:  0.0, Max:  0.0, Diff:  0.0, Sum:  0.0, Workers: 4
[366.747s][debug][gc,phases      ] GC(61)     Dead                           Min: 0, Avg:  0.0, Max: 0, Diff: 0, Sum: 0, Workers: 4
[366.747s][debug][gc,phases      ] GC(61)     Total                          Min: 0, Avg: 215.5, Max: 704, Diff: 704, Sum: 862, Workers: 4
[366.747s][debug][gc,phases      ] GC(61)   ObjectSynchronizer Weak        Min:  0.0, Avg:  0.0, Max:  0.0, Diff:  0.0, Sum:  0.0, Workers: 4
[366.747s][debug][gc,phases      ] GC(61)     Dead                           Min: 0, Avg:  0.0, Max: 0, Diff: 0, Sum: 0, Workers: 4
[366.747s][debug][gc,phases      ] GC(61)     Total                          Min: 0, Avg:  1.0, Max: 4, Diff: 4, Sum: 4, Workers: 4
[366.747s][debug][gc,phases      ] GC(61)   JVMTI Tag Weak OopStorage      Min:  0.0, Avg:  0.0, Max:  0.0, Diff:  0.0, Sum:  0.0, Workers: 4
[366.747s][debug][gc,phases      ] GC(61)     Dead                           Min: 0, Avg:  0.0, Max: 0, Diff: 0, Sum: 0, Workers: 4
[366.747s][debug][gc,phases      ] GC(61)     Total                          Min: 0, Avg:  0.0, Max: 0, Diff: 0, Sum: 0, Workers: 4
[366.747s][debug][gc,phases      ] GC(61)   StringTable Weak               Min:  0.0, Avg:  0.1, Max:  0.1, Diff:  0.1, Sum:  0.4, Workers: 4
[366.747s][debug][gc,phases      ] GC(61)     Dead                           Min: 0, Avg:  0.0, Max: 0, Diff: 0, Sum: 0, Workers: 4
[366.747s][debug][gc,phases      ] GC(61)     Total                          Min: 0, Avg: 11125.5, Max: 19200, Diff: 19200, Sum: 44502, Workers: 4
[366.747s][debug][gc,phases      ] GC(61)   ResolvedMethodTable Weak       Min:  0.0, Avg:  0.0, Max:  0.0, Diff:  0.0, Sum:  0.1, Workers: 4
[366.747s][debug][gc,phases      ] GC(61)     Dead                           Min: 0, Avg:  0.0, Max: 0, Diff: 0, Sum: 0, Workers: 4
[366.747s][debug][gc,phases      ] GC(61)     Total                          Min: 0, Avg: 2604.2, Max: 4658, Diff: 4658, Sum: 10417, Workers: 4
[366.747s][debug][gc,phases      ] GC(61)   JNI Weak                       Min:  0.0, Avg:  0.0, Max:  0.0, Diff:  0.0, Sum:  0.0, Workers: 4
[366.747s][debug][gc,phases      ] GC(61)     Dead                           Min: 0, Avg:  0.0, Max: 0, Diff: 0, Sum: 0, Workers: 4
[366.747s][debug][gc,phases      ] GC(61)     Total                          Min: 0, Avg: 11.2, Max: 45, Diff: 45, Sum: 45, Workers: 4
[366.747s][debug][gc,phases      ] GC(61)   StringDedup Table Weak         Min:  0.0, Avg:  0.0, Max:  0.0, Diff:  0.0, Sum:  0.0, Workers: 4
[366.747s][debug][gc,phases      ] GC(61)     Dead                           Min: 0, Avg:  0.0, Max: 0, Diff: 0, Sum: 0, Workers: 4
[366.747s][debug][gc,phases      ] GC(61)     Total                          Min: 0, Avg:  0.0, Max: 0, Diff: 0, Sum: 0, Workers: 4
[366.747s][debug][gc,phases      ] GC(61)   StringDedup Requests0 Weak     Min:  0.0, Avg:  0.0, Max:  0.0, Diff:  0.0, Sum:  0.0, Workers: 4
[366.747s][debug][gc,phases      ] GC(61)     Dead                           Min: 0, Avg:  0.0, Max: 0, Diff: 0, Sum: 0, Workers: 4
[366.747s][debug][gc,phases      ] GC(61)     Total                          Min: 0, Avg:  0.0, Max: 0, Diff: 0, Sum: 0, Workers: 4
[366.747s][debug][gc,phases      ] GC(61)   StringDedup Requests1 Weak     Min:  0.0, Avg:  0.0, Max:  0.0, Diff:  0.0, Sum:  0.0, Workers: 4
[366.747s][debug][gc,phases      ] GC(61)     Dead                           Min: 0, Avg:  0.0, Max: 0, Diff: 0, Sum: 0, Workers: 4
[366.747s][debug][gc,phases      ] GC(61)     Total                          Min: 0, Avg:  0.0, Max: 0, Diff: 0, Sum: 0, Workers: 4
[366.747s][debug][gc,phases      ] GC(61)   Weak JFR Old Object Samples    Min:  0.0, Avg:  0.0, Max:  0.0, Diff:  0.0, Sum:  0.0, Workers: 4
[366.747s][debug][gc,phases      ] GC(61)     Dead                           Min: 0, Avg:  0.0, Max: 0, Diff: 0, Sum: 0, Workers: 4
[366.747s][debug][gc,phases      ] GC(61)     Total                          Min: 0, Avg:  0.0, Max: 0, Diff: 0, Sum: 0, Workers: 4
[366.747s][debug][gc,phases      ] GC(61) Weak Processing 0.334ms
[366.747s][debug][gc,age         ] GC(61) Desired survivor size 93323264 bytes, new threshold 15 (max threshold 15)
[366.747s][info ][gc,heap        ] GC(61) PSYoungGen: 1896500K(1998848K)->3956K(1991168K) Eden: 1892864K(1892864K)->0K(1892864K) From: 3636K(105984K)->3956K(98304K)
[366.747s][info ][gc,heap        ] GC(61) ParOldGen: 356041K(430080K)->356057K(430080K)
[366.747s][info ][gc,metaspace   ] GC(61) Metaspace: 84356K(85376K)->84356K(85376K) NonClass: 72040K(72576K)->72040K(72576K) Class: 12316K(12800K)->12316K(12800K)
[366.747s][info ][gc             ] GC(61) Pause Young (Allocation Failure) 2199M->351M(2364M) 8.238ms
[366.747s][info ][gc,cpu         ] GC(61) User=0.02s Sys=0.00s Real=0.01s
[366.747s][info ][safepoint      ] Safepoint "ParallelGCFailedAllocation", Time since last: 1614201645 ns, Reaching safepoint: 3400 ns, Cleanup: 41100 ns, At safepoint: 8310008 ns, Total: 8354508 ns
[367.747s][info ][safepoint      ] Safepoint "Cleanup", Time since last: 1000080057 ns, Reaching safepoint: 4000 ns, Cleanup: 54700 ns, At safepoint: 2400 ns, Total: 61100 ns
[371.747s][info ][safepoint      ] Safepoint "Cleanup", Time since last: 4000298599 ns, Reaching safepoint: 73400 ns, Cleanup: 47900 ns, At safepoint: 5200 ns, Total: 126500 ns
[372.747s][info ][safepoint      ] Safepoint "Cleanup", Time since last: 1000104118 ns, Reaching safepoint: 3700 ns, Cleanup: 36400 ns, At safepoint: 4200 ns, Total: 44300 ns
[373.748s][info ][safepoint      ] Safepoint "Cleanup", Time since last: 1000116018 ns, Reaching safepoint: 4000 ns, Cleanup: 34000 ns, At safepoint: 4700 ns, Total: 42700 ns
[374.748s][info ][safepoint      ] Safepoint "Cleanup", Time since last: 1000100418 ns, Reaching safepoint: 3900 ns, Cleanup: 43800 ns, At safepoint: 2800 ns, Total: 50500 ns
[375.642s][info ][gc,start       ] GC(62) Pause Young (Allocation Failure)
[375.648s][debug][gc,phases      ] GC(62) Scavenge 5.904ms
[375.648s][debug][gc,ref         ] GC(62) Skipped phase 1 of Reference Processing: no references
[375.648s][debug][gc,ref         ] GC(62) ReferenceProcessor::execute queues: 1, RefProcThreadModel::Single, marks_oops_alive: false
[375.648s][debug][gc,ref         ] GC(62) Skipped phase 3 of Reference Processing: no references
[375.648s][debug][gc,ref         ] GC(62) ReferenceProcessor::execute queues: 1, RefProcThreadModel::Single, marks_oops_alive: false
[375.648s][debug][gc,phases      ] GC(62) Reference Processing 0.095ms
[375.649s][debug][gc,phases      ] GC(62)   VM Weak                        Min:  0.0, Avg:  0.0, Max:  0.0, Diff:  0.0, Sum:  0.0, Workers: 4
[375.649s][debug][gc,phases      ] GC(62)     Dead                           Min: 0, Avg:  0.0, Max: 0, Diff: 0, Sum: 0, Workers: 4
[375.649s][debug][gc,phases      ] GC(62)     Total                          Min: 0, Avg: 215.5, Max: 798, Diff: 798, Sum: 862, Workers: 4
[375.649s][debug][gc,phases      ] GC(62)   ObjectSynchronizer Weak        Min:  0.0, Avg:  0.0, Max:  0.0, Diff:  0.0, Sum:  0.0, Workers: 4
[375.649s][debug][gc,phases      ] GC(62)     Dead                           Min: 0, Avg:  0.0, Max: 0, Diff: 0, Sum: 0, Workers: 4
[375.649s][debug][gc,phases      ] GC(62)     Total                          Min: 0, Avg:  1.0, Max: 4, Diff: 4, Sum: 4, Workers: 4
[375.649s][debug][gc,phases      ] GC(62)   JVMTI Tag Weak OopStorage      Min:  0.0, Avg:  0.0, Max:  0.0, Diff:  0.0, Sum:  0.0, Workers: 4
[375.649s][debug][gc,phases      ] GC(62)     Dead                           Min: 0, Avg:  0.0, Max: 0, Diff: 0, Sum: 0, Workers: 4
[375.649s][debug][gc,phases      ] GC(62)     Total                          Min: 0, Avg:  0.0, Max: 0, Diff: 0, Sum: 0, Workers: 4
[375.649s][debug][gc,phases      ] GC(62)   StringTable Weak               Min:  0.0, Avg:  0.1, Max:  0.1, Diff:  0.1, Sum:  0.4, Workers: 4
[375.649s][debug][gc,phases      ] GC(62)     Dead                           Min: 0, Avg:  0.0, Max: 0, Diff: 0, Sum: 0, Workers: 4
[375.649s][debug][gc,phases      ] GC(62)     Total                          Min: 0, Avg: 11126.5, Max: 17728, Diff: 17728, Sum: 44506, Workers: 4
[375.649s][debug][gc,phases      ] GC(62)   ResolvedMethodTable Weak       Min:  0.0, Avg:  0.0, Max:  0.0, Diff:  0.0, Sum:  0.1, Workers: 4
[375.649s][debug][gc,phases      ] GC(62)     Dead                           Min: 0, Avg:  0.0, Max: 0, Diff: 0, Sum: 0, Workers: 4
[375.649s][debug][gc,phases      ] GC(62)     Total                          Min: 0, Avg: 2604.2, Max: 4530, Diff: 4530, Sum: 10417, Workers: 4
[375.649s][debug][gc,phases      ] GC(62)   JNI Weak                       Min:  0.0, Avg:  0.0, Max:  0.0, Diff:  0.0, Sum:  0.0, Workers: 4
[375.649s][debug][gc,phases      ] GC(62)     Dead                           Min: 0, Avg:  0.0, Max: 0, Diff: 0, Sum: 0, Workers: 4
[375.649s][debug][gc,phases      ] GC(62)     Total                          Min: 0, Avg: 11.2, Max: 45, Diff: 45, Sum: 45, Workers: 4
[375.649s][debug][gc,phases      ] GC(62)   StringDedup Table Weak         Min:  0.0, Avg:  0.0, Max:  0.0, Diff:  0.0, Sum:  0.0, Workers: 4
[375.649s][debug][gc,phases      ] GC(62)     Dead                           Min: 0, Avg:  0.0, Max: 0, Diff: 0, Sum: 0, Workers: 4
[375.649s][debug][gc,phases      ] GC(62)     Total                          Min: 0, Avg:  0.0, Max: 0, Diff: 0, Sum: 0, Workers: 4
[375.649s][debug][gc,phases      ] GC(62)   StringDedup Requests0 Weak     Min:  0.0, Avg:  0.0, Max:  0.0, Diff:  0.0, Sum:  0.0, Workers: 4
[375.649s][debug][gc,phases      ] GC(62)     Dead                           Min: 0, Avg:  0.0, Max: 0, Diff: 0, Sum: 0, Workers: 4
[375.649s][debug][gc,phases      ] GC(62)     Total                          Min: 0, Avg:  0.0, Max: 0, Diff: 0, Sum: 0, Workers: 4
[375.649s][debug][gc,phases      ] GC(62)   StringDedup Requests1 Weak     Min:  0.0, Avg:  0.0, Max:  0.0, Diff:  0.0, Sum:  0.0, Workers: 4
[375.649s][debug][gc,phases      ] GC(62)     Dead                           Min: 0, Avg:  0.0, Max: 0, Diff: 0, Sum: 0, Workers: 4
[375.649s][debug][gc,phases      ] GC(62)     Total                          Min: 0, Avg:  0.0, Max: 0, Diff: 0, Sum: 0, Workers: 4
[375.649s][debug][gc,phases      ] GC(62)   Weak JFR Old Object Samples    Min:  0.0, Avg:  0.0, Max:  0.0, Diff:  0.0, Sum:  0.0, Workers: 4
[375.649s][debug][gc,phases      ] GC(62)     Dead                           Min: 0, Avg:  0.0, Max: 0, Diff: 0, Sum: 0, Workers: 4
[375.649s][debug][gc,phases      ] GC(62)     Total                          Min: 0, Avg:  0.0, Max: 0, Diff: 0, Sum: 0, Workers: 4
[375.649s][debug][gc,phases      ] GC(62) Weak Processing 0.333ms
[375.649s][debug][gc,age         ] GC(62) Desired survivor size 86507520 bytes, new threshold 15 (max threshold 15)
[375.649s][info ][gc,heap        ] GC(62) PSYoungGen: 1896820K(1991168K)->2512K(2012672K) Eden: 1892864K(1892864K)->0K(1921536K) From: 3956K(98304K)->2512K(91136K)
[375.649s][info ][gc,heap        ] GC(62) ParOldGen: 356057K(430080K)->357661K(430080K)
[375.649s][info ][gc,metaspace   ] GC(62) Metaspace: 84382K(85440K)->84382K(85440K) NonClass: 72066K(72640K)->72066K(72640K) Class: 12316K(12800K)->12316K(12800K)
[375.649s][info ][gc             ] GC(62) Pause Young (Allocation Failure) 2200M->351M(2385M) 6.447ms
[375.649s][info ][gc,cpu         ] GC(62) User=0.02s Sys=0.00s Real=0.00s
[375.649s][info ][safepoint      ] Safepoint "ParallelGCFailedAllocation", Time since last: 894571210 ns, Reaching safepoint: 74000 ns, Cleanup: 21300 ns, At safepoint: 6521107 ns, Total: 6616407 ns
[377.649s][info ][safepoint      ] Safepoint "Cleanup", Time since last: 2000136896 ns, Reaching safepoint: 3800 ns, Cleanup: 27100 ns, At safepoint: 2300 ns, Total: 33200 ns
[379.649s][info ][safepoint      ] Safepoint "Cleanup", Time since last: 2000157252 ns, Reaching safepoint: 3700 ns, Cleanup: 33300 ns, At safepoint: 2200 ns, Total: 39200 ns
[381.649s][info ][safepoint      ] Safepoint "Cleanup", Time since last: 2000158952 ns, Reaching safepoint: 3400 ns, Cleanup: 41700 ns, At safepoint: 2600 ns, Total: 47700 ns
[382.650s][info ][safepoint      ] Safepoint "Cleanup", Time since last: 1000078787 ns, Reaching safepoint: 6400 ns, Cleanup: 36500 ns, At safepoint: 5700 ns, Total: 48600 ns
[383.650s][info ][safepoint      ] Safepoint "Cleanup", Time since last: 1000105787 ns, Reaching safepoint: 70100 ns, Cleanup: 33700 ns, At safepoint: 5600 ns, Total: 109400 ns
[384.846s][info ][gc,start       ] GC(63) Pause Young (Allocation Failure)
[384.852s][debug][gc,phases      ] GC(63) Scavenge 5.827ms
[384.852s][debug][gc,ref         ] GC(63) Skipped phase 1 of Reference Processing: no references
[384.852s][debug][gc,ref         ] GC(63) ReferenceProcessor::execute queues: 1, RefProcThreadModel::Single, marks_oops_alive: false
[384.852s][debug][gc,ref         ] GC(63) Skipped phase 3 of Reference Processing: no references
[384.852s][debug][gc,ref         ] GC(63) ReferenceProcessor::execute queues: 1, RefProcThreadModel::Single, marks_oops_alive: false
[384.852s][debug][gc,phases      ] GC(63) Reference Processing 0.102ms
[384.853s][debug][gc,phases      ] GC(63)   VM Weak                        Min:  0.0, Avg:  0.0, Max:  0.0, Diff:  0.0, Sum:  0.0, Workers: 4
[384.853s][debug][gc,phases      ] GC(63)     Dead                           Min: 0, Avg:  0.0, Max: 0, Diff: 0, Sum: 0, Workers: 4
[384.853s][debug][gc,phases      ] GC(63)     Total                          Min: 0, Avg: 215.5, Max: 862, Diff: 862, Sum: 862, Workers: 4
[384.853s][debug][gc,phases      ] GC(63)   ObjectSynchronizer Weak        Min:  0.0, Avg:  0.0, Max:  0.0, Diff:  0.0, Sum:  0.0, Workers: 4
[384.853s][debug][gc,phases      ] GC(63)     Dead                           Min: 0, Avg:  0.0, Max: 0, Diff: 0, Sum: 0, Workers: 4
[384.853s][debug][gc,phases      ] GC(63)     Total                          Min: 0, Avg:  1.0, Max: 4, Diff: 4, Sum: 4, Workers: 4
[384.853s][debug][gc,phases      ] GC(63)   JVMTI Tag Weak OopStorage      Min:  0.0, Avg:  0.0, Max:  0.0, Diff:  0.0, Sum:  0.0, Workers: 4
[384.853s][debug][gc,phases      ] GC(63)     Dead                           Min: 0, Avg:  0.0, Max: 0, Diff: 0, Sum: 0, Workers: 4
[384.853s][debug][gc,phases      ] GC(63)     Total                          Min: 0, Avg:  0.0, Max: 0, Diff: 0, Sum: 0, Workers: 4
[384.853s][debug][gc,phases      ] GC(63)   StringTable Weak               Min:  0.0, Avg:  0.1, Max:  0.2, Diff:  0.2, Sum:  0.3, Workers: 4
[384.853s][debug][gc,phases      ] GC(63)     Dead                           Min: 0, Avg:  0.0, Max: 0, Diff: 0, Sum: 0, Workers: 4
[384.853s][debug][gc,phases      ] GC(63)     Total                          Min: 0, Avg: 11126.5, Max: 27482, Diff: 27482, Sum: 44506, Workers: 4
[384.853s][debug][gc,phases      ] GC(63)   ResolvedMethodTable Weak       Min:  0.0, Avg:  0.0, Max:  0.0, Diff:  0.0, Sum:  0.1, Workers: 4
[384.853s][debug][gc,phases      ] GC(63)     Dead                           Min: 0, Avg:  0.0, Max: 0, Diff: 0, Sum: 0, Workers: 4
[384.853s][debug][gc,phases      ] GC(63)     Total                          Min: 0, Avg: 2604.2, Max: 6321, Diff: 6321, Sum: 10417, Workers: 4
[384.853s][debug][gc,phases      ] GC(63)   JNI Weak                       Min:  0.0, Avg:  0.0, Max:  0.0, Diff:  0.0, Sum:  0.0, Workers: 4
[384.853s][debug][gc,phases      ] GC(63)     Dead                           Min: 0, Avg:  0.0, Max: 0, Diff: 0, Sum: 0, Workers: 4
[384.853s][debug][gc,phases      ] GC(63)     Total                          Min: 0, Avg: 11.2, Max: 45, Diff: 45, Sum: 45, Workers: 4
[384.853s][debug][gc,phases      ] GC(63)   StringDedup Table Weak         Min:  0.0, Avg:  0.0, Max:  0.0, Diff:  0.0, Sum:  0.0, Workers: 4
[384.853s][debug][gc,phases      ] GC(63)     Dead                           Min: 0, Avg:  0.0, Max: 0, Diff: 0, Sum: 0, Workers: 4
[384.853s][debug][gc,phases      ] GC(63)     Total                          Min: 0, Avg:  0.0, Max: 0, Diff: 0, Sum: 0, Workers: 4
[384.853s][debug][gc,phases      ] GC(63)   StringDedup Requests0 Weak     Min:  0.0, Avg:  0.0, Max:  0.0, Diff:  0.0, Sum:  0.0, Workers: 4
[384.853s][debug][gc,phases      ] GC(63)     Dead                           Min: 0, Avg:  0.0, Max: 0, Diff: 0, Sum: 0, Workers: 4
[384.853s][debug][gc,phases      ] GC(63)     Total                          Min: 0, Avg:  0.0, Max: 0, Diff: 0, Sum: 0, Workers: 4
[384.853s][debug][gc,phases      ] GC(63)   StringDedup Requests1 Weak     Min:  0.0, Avg:  0.0, Max:  0.0, Diff:  0.0, Sum:  0.0, Workers: 4
[384.853s][debug][gc,phases      ] GC(63)     Dead                           Min: 0, Avg:  0.0, Max: 0, Diff: 0, Sum: 0, Workers: 4
[384.853s][debug][gc,phases      ] GC(63)     Total                          Min: 0, Avg:  0.0, Max: 0, Diff: 0, Sum: 0, Workers: 4
[384.853s][debug][gc,phases      ] GC(63)   Weak JFR Old Object Samples    Min:  0.0, Avg:  0.0, Max:  0.0, Diff:  0.0, Sum:  0.0, Workers: 4
[384.853s][debug][gc,phases      ] GC(63)     Dead                           Min: 0, Avg:  0.0, Max: 0, Diff: 0, Sum: 0, Workers: 4
[384.853s][debug][gc,phases      ] GC(63)     Total                          Min: 0, Avg:  0.0, Max: 0, Diff: 0, Sum: 0, Workers: 4
[384.853s][debug][gc,phases      ] GC(63) Weak Processing 0.390ms
[384.853s][debug][gc,age         ] GC(63) Desired survivor size 80216064 bytes, new threshold 15 (max threshold 15)
[384.853s][info ][gc,heap        ] GC(63) PSYoungGen: 1924048K(2012672K)->2544K(2006016K) Eden: 1921536K(1921536K)->0K(1921536K) From: 2512K(91136K)->2544K(84480K)
[384.853s][info ][gc,heap        ] GC(63) ParOldGen: 357661K(430080K)->357677K(430080K)
[384.853s][info ][gc,metaspace   ] GC(63) Metaspace: 84402K(85440K)->84402K(85440K) NonClass: 72086K(72640K)->72086K(72640K) Class: 12316K(12800K)->12316K(12800K)
[384.853s][info ][gc             ] GC(63) Pause Young (Allocation Failure) 2228M->351M(2379M) 6.417ms
[384.853s][info ][gc,cpu         ] GC(63) User=0.02s Sys=0.00s Real=0.00s
[384.853s][info ][safepoint      ] Safepoint "ParallelGCFailedAllocation", Time since last: 1196528881 ns, Reaching safepoint: 6000 ns, Cleanup: 27000 ns, At safepoint: 6487507 ns, Total: 6520507 ns
[386.853s][info ][safepoint      ] Safepoint "Cleanup", Time since last: 2000151892 ns, Reaching safepoint: 3500 ns, Cleanup: 35401 ns, At safepoint: 2900 ns, Total: 41801 ns
[391.853s][info ][safepoint      ] Safepoint "Cleanup", Time since last: 5000366120 ns, Reaching safepoint: 3300 ns, Cleanup: 37000 ns, At safepoint: 2500 ns, Total: 42800 ns
[392.854s][info ][safepoint      ] Safepoint "Cleanup", Time since last: 1000101344 ns, Reaching safepoint: 5700 ns, Cleanup: 31400 ns, At safepoint: 6000 ns, Total: 43100 ns
[393.793s][info ][gc,start       ] GC(64) Pause Young (Allocation Failure)
[393.799s][debug][gc,phases      ] GC(64) Scavenge 5.779ms
[393.799s][debug][gc,ref         ] GC(64) Skipped phase 1 of Reference Processing: no references
[393.799s][debug][gc,ref         ] GC(64) ReferenceProcessor::execute queues: 1, RefProcThreadModel::Single, marks_oops_alive: false
[393.799s][debug][gc,ref         ] GC(64) Skipped phase 3 of Reference Processing: no references
[393.799s][debug][gc,ref         ] GC(64) ReferenceProcessor::execute queues: 1, RefProcThreadModel::Single, marks_oops_alive: false
[393.799s][debug][gc,phases      ] GC(64) Reference Processing 0.128ms
[393.799s][debug][gc,phases      ] GC(64)   VM Weak                        Min:  0.0, Avg:  0.0, Max:  0.0, Diff:  0.0, Sum:  0.0, Workers: 4
[393.799s][debug][gc,phases      ] GC(64)     Dead                           Min: 0, Avg:  0.0, Max: 0, Diff: 0, Sum: 0, Workers: 4
[393.799s][debug][gc,phases      ] GC(64)     Total                          Min: 0, Avg: 215.5, Max: 606, Diff: 606, Sum: 862, Workers: 4
[393.799s][debug][gc,phases      ] GC(64)   ObjectSynchronizer Weak        Min:  0.0, Avg:  0.0, Max:  0.0, Diff:  0.0, Sum:  0.0, Workers: 4
[393.799s][debug][gc,phases      ] GC(64)     Dead                           Min: 0, Avg:  0.0, Max: 0, Diff: 0, Sum: 0, Workers: 4
[393.799s][debug][gc,phases      ] GC(64)     Total                          Min: 0, Avg:  1.0, Max: 4, Diff: 4, Sum: 4, Workers: 4
[393.799s][debug][gc,phases      ] GC(64)   JVMTI Tag Weak OopStorage      Min:  0.0, Avg:  0.0, Max:  0.0, Diff:  0.0, Sum:  0.0, Workers: 4
[393.799s][debug][gc,phases      ] GC(64)     Dead                           Min: 0, Avg:  0.0, Max: 0, Diff: 0, Sum: 0, Workers: 4
[393.799s][debug][gc,phases      ] GC(64)     Total                          Min: 0, Avg:  0.0, Max: 0, Diff: 0, Sum: 0, Workers: 4
[393.799s][debug][gc,phases      ] GC(64)   StringTable Weak               Min:  0.0, Avg:  0.1, Max:  0.1, Diff:  0.1, Sum:  0.4, Workers: 4
[393.799s][debug][gc,phases      ] GC(64)     Dead                           Min: 0, Avg:  0.0, Max: 0, Diff: 0, Sum: 0, Workers: 4
[393.799s][debug][gc,phases      ] GC(64)     Total                          Min: 0, Avg: 11126.5, Max: 18112, Diff: 18112, Sum: 44506, Workers: 4
[393.799s][debug][gc,phases      ] GC(64)   ResolvedMethodTable Weak       Min:  0.0, Avg:  0.0, Max:  0.0, Diff:  0.0, Sum:  0.1, Workers: 4
[393.799s][debug][gc,phases      ] GC(64)     Dead                           Min: 0, Avg:  0.0, Max: 0, Diff: 0, Sum: 0, Workers: 4
[393.799s][debug][gc,phases      ] GC(64)     Total                          Min: 0, Avg: 2604.2, Max: 4594, Diff: 4594, Sum: 10417, Workers: 4
[393.799s][debug][gc,phases      ] GC(64)   JNI Weak                       Min:  0.0, Avg:  0.0, Max:  0.0, Diff:  0.0, Sum:  0.0, Workers: 4
[393.799s][debug][gc,phases      ] GC(64)     Dead                           Min: 0, Avg:  0.0, Max: 0, Diff: 0, Sum: 0, Workers: 4
[393.799s][debug][gc,phases      ] GC(64)     Total                          Min: 0, Avg: 11.2, Max: 45, Diff: 45, Sum: 45, Workers: 4
[393.799s][debug][gc,phases      ] GC(64)   StringDedup Table Weak         Min:  0.0, Avg:  0.0, Max:  0.0, Diff:  0.0, Sum:  0.0, Workers: 4
[393.799s][debug][gc,phases      ] GC(64)     Dead                           Min: 0, Avg:  0.0, Max: 0, Diff: 0, Sum: 0, Workers: 4
[393.799s][debug][gc,phases      ] GC(64)     Total                          Min: 0, Avg:  0.0, Max: 0, Diff: 0, Sum: 0, Workers: 4
[393.799s][debug][gc,phases      ] GC(64)   StringDedup Requests0 Weak     Min:  0.0, Avg:  0.0, Max:  0.0, Diff:  0.0, Sum:  0.0, Workers: 4
[393.799s][debug][gc,phases      ] GC(64)     Dead                           Min: 0, Avg:  0.0, Max: 0, Diff: 0, Sum: 0, Workers: 4
[393.799s][debug][gc,phases      ] GC(64)     Total                          Min: 0, Avg:  0.0, Max: 0, Diff: 0, Sum: 0, Workers: 4
[393.799s][debug][gc,phases      ] GC(64)   StringDedup Requests1 Weak     Min:  0.0, Avg:  0.0, Max:  0.0, Diff:  0.0, Sum:  0.0, Workers: 4
[393.799s][debug][gc,phases      ] GC(64)     Dead                           Min: 0, Avg:  0.0, Max: 0, Diff: 0, Sum: 0, Workers: 4
[393.799s][debug][gc,phases      ] GC(64)     Total                          Min: 0, Avg:  0.0, Max: 0, Diff: 0, Sum: 0, Workers: 4
[393.799s][debug][gc,phases      ] GC(64)   Weak JFR Old Object Samples    Min:  0.0, Avg:  0.0, Max:  0.0, Diff:  0.0, Sum:  0.0, Workers: 4
[393.799s][debug][gc,phases      ] GC(64)     Dead                           Min: 0, Avg:  0.0, Max: 0, Diff: 0, Sum: 0, Workers: 4
[393.799s][debug][gc,phases      ] GC(64)     Total                          Min: 0, Avg:  0.0, Max: 0, Diff: 0, Sum: 0, Workers: 4
[393.799s][debug][gc,phases      ] GC(64) Weak Processing 0.345ms
[393.799s][debug][gc,age         ] GC(64) Desired survivor size 73924608 bytes, new threshold 15 (max threshold 15)
[393.799s][info ][gc,heap        ] GC(64) PSYoungGen: 1924080K(2006016K)->2528K(2024960K) Eden: 1921536K(1921536K)->0K(1946624K) From: 2544K(84480K)->2528K(78336K)
[393.799s][info ][gc,heap        ] GC(64) ParOldGen: 357677K(430080K)->357701K(430080K)
[393.799s][info ][gc,metaspace   ] GC(64) Metaspace: 84413K(85440K)->84413K(85440K) NonClass: 72096K(72640K)->72096K(72640K) Class: 12316K(12800K)->12316K(12800K)
[393.799s][info ][gc             ] GC(64) Pause Young (Allocation Failure) 2228M->351M(2397M) 6.371ms
[393.799s][info ][gc,cpu         ] GC(64) User=0.01s Sys=0.00s Real=0.01s
[393.799s][info ][safepoint      ] Safepoint "ParallelGCFailedAllocation", Time since last: 939013344 ns, Reaching safepoint: 5100 ns, Cleanup: 21100 ns, At safepoint: 6454406 ns, Total: 6480606 ns
[394.799s][info ][safepoint      ] Safepoint "Cleanup", Time since last: 1000087593 ns, Reaching safepoint: 76000 ns, Cleanup: 39900 ns, At safepoint: 32601 ns, Total: 148501 ns
[396.800s][info ][safepoint      ] Safepoint "Cleanup", Time since last: 2000156086 ns, Reaching safepoint: 3600 ns, Cleanup: 38300 ns, At safepoint: 2800 ns, Total: 44700 ns
[401.800s][info ][safepoint      ] Safepoint "Cleanup", Time since last: 5000303998 ns, Reaching safepoint: 5700 ns, Cleanup: 35100 ns, At safepoint: 3500 ns, Total: 44300 ns
[403.194s][info ][gc,start       ] GC(65) Pause Young (Allocation Failure)
[403.199s][debug][gc,phases      ] GC(65) Scavenge 4.922ms
[403.199s][debug][gc,ref         ] GC(65) Skipped phase 1 of Reference Processing: no references
[403.199s][debug][gc,ref         ] GC(65) ReferenceProcessor::execute queues: 1, RefProcThreadModel::Single, marks_oops_alive: false
[403.199s][debug][gc,ref         ] GC(65) Skipped phase 3 of Reference Processing: no references
[403.199s][debug][gc,ref         ] GC(65) ReferenceProcessor::execute queues: 1, RefProcThreadModel::Single, marks_oops_alive: false
[403.199s][debug][gc,phases      ] GC(65) Reference Processing 0.102ms
[403.199s][debug][gc,phases      ] GC(65)   VM Weak                        Min:  0.0, Avg:  0.0, Max:  0.0, Diff:  0.0, Sum:  0.0, Workers: 4
[403.199s][debug][gc,phases      ] GC(65)     Dead                           Min: 0, Avg:  0.0, Max: 0, Diff: 0, Sum: 0, Workers: 4
[403.199s][debug][gc,phases      ] GC(65)     Total                          Min: 0, Avg: 215.5, Max: 448, Diff: 448, Sum: 862, Workers: 4
[403.199s][debug][gc,phases      ] GC(65)   ObjectSynchronizer Weak        Min:  0.0, Avg:  0.0, Max:  0.0, Diff:  0.0, Sum:  0.0, Workers: 4
[403.199s][debug][gc,phases      ] GC(65)     Dead                           Min: 0, Avg:  0.0, Max: 0, Diff: 0, Sum: 0, Workers: 4
[403.199s][debug][gc,phases      ] GC(65)     Total                          Min: 0, Avg:  1.0, Max: 4, Diff: 4, Sum: 4, Workers: 4
[403.199s][debug][gc,phases      ] GC(65)   JVMTI Tag Weak OopStorage      Min:  0.0, Avg:  0.0, Max:  0.0, Diff:  0.0, Sum:  0.0, Workers: 4
[403.199s][debug][gc,phases      ] GC(65)     Dead                           Min: 0, Avg:  0.0, Max: 0, Diff: 0, Sum: 0, Workers: 4
[403.199s][debug][gc,phases      ] GC(65)     Total                          Min: 0, Avg:  0.0, Max: 0, Diff: 0, Sum: 0, Workers: 4
[403.199s][debug][gc,phases      ] GC(65)   StringTable Weak               Min:  0.0, Avg:  0.1, Max:  0.1, Diff:  0.1, Sum:  0.4, Workers: 4
[403.199s][debug][gc,phases      ] GC(65)     Dead                           Min: 0, Avg:  0.0, Max: 0, Diff: 0, Sum: 0, Workers: 4
[403.199s][debug][gc,phases      ] GC(65)     Total                          Min: 0, Avg: 11126.5, Max: 17178, Diff: 17178, Sum: 44506, Workers: 4
[403.199s][debug][gc,phases      ] GC(65)   ResolvedMethodTable Weak       Min:  0.0, Avg:  0.0, Max:  0.0, Diff:  0.0, Sum:  0.1, Workers: 4
[403.199s][debug][gc,phases      ] GC(65)     Dead                           Min: 0, Avg:  0.0, Max: 0, Diff: 0, Sum: 0, Workers: 4
[403.199s][debug][gc,phases      ] GC(65)     Total                          Min: 0, Avg: 2604.2, Max: 4479, Diff: 4479, Sum: 10417, Workers: 4
[403.199s][debug][gc,phases      ] GC(65)   JNI Weak                       Min:  0.0, Avg:  0.0, Max:  0.0, Diff:  0.0, Sum:  0.0, Workers: 4
[403.199s][debug][gc,phases      ] GC(65)     Dead                           Min: 0, Avg:  0.0, Max: 0, Diff: 0, Sum: 0, Workers: 4
[403.199s][debug][gc,phases      ] GC(65)     Total                          Min: 0, Avg: 11.2, Max: 45, Diff: 45, Sum: 45, Workers: 4
[403.199s][debug][gc,phases      ] GC(65)   StringDedup Table Weak         Min:  0.0, Avg:  0.0, Max:  0.0, Diff:  0.0, Sum:  0.0, Workers: 4
[403.199s][debug][gc,phases      ] GC(65)     Dead                           Min: 0, Avg:  0.0, Max: 0, Diff: 0, Sum: 0, Workers: 4
[403.199s][debug][gc,phases      ] GC(65)     Total                          Min: 0, Avg:  0.0, Max: 0, Diff: 0, Sum: 0, Workers: 4
[403.199s][debug][gc,phases      ] GC(65)   StringDedup Requests0 Weak     Min:  0.0, Avg:  0.0, Max:  0.0, Diff:  0.0, Sum:  0.0, Workers: 4
[403.199s][debug][gc,phases      ] GC(65)     Dead                           Min: 0, Avg:  0.0, Max: 0, Diff: 0, Sum: 0, Workers: 4
[403.199s][debug][gc,phases      ] GC(65)     Total                          Min: 0, Avg:  0.0, Max: 0, Diff: 0, Sum: 0, Workers: 4
[403.199s][debug][gc,phases      ] GC(65)   StringDedup Requests1 Weak     Min:  0.0, Avg:  0.0, Max:  0.0, Diff:  0.0, Sum:  0.0, Workers: 4
[403.199s][debug][gc,phases      ] GC(65)     Dead                           Min: 0, Avg:  0.0, Max: 0, Diff: 0, Sum: 0, Workers: 4
[403.199s][debug][gc,phases      ] GC(65)     Total                          Min: 0, Avg:  0.0, Max: 0, Diff: 0, Sum: 0, Workers: 4
[403.199s][debug][gc,phases      ] GC(65)   Weak JFR Old Object Samples    Min:  0.0, Avg:  0.0, Max:  0.0, Diff:  0.0, Sum:  0.0, Workers: 4
[403.199s][debug][gc,phases      ] GC(65)     Dead                           Min: 0, Avg:  0.0, Max: 0, Diff: 0, Sum: 0, Workers: 4
[403.199s][debug][gc,phases      ] GC(65)     Total                          Min: 0, Avg:  0.0, Max: 0, Diff: 0, Sum: 0, Workers: 4
[403.199s][debug][gc,phases      ] GC(65) Weak Processing 0.330ms
[403.199s][debug][gc,age         ] GC(65) Desired survivor size 68681728 bytes, new threshold 15 (max threshold 15)
[403.199s][info ][gc,heap        ] GC(65) PSYoungGen: 1949152K(2024960K)->2512K(2018816K) Eden: 1946624K(1946624K)->0K(1946624K) From: 2528K(78336K)->2512K(72192K)
[403.199s][info ][gc,heap        ] GC(65) ParOldGen: 357701K(430080K)->357733K(430080K)
[403.199s][info ][gc,metaspace   ] GC(65) Metaspace: 84427K(85440K)->84427K(85440K) NonClass: 72111K(72640K)->72111K(72640K) Class: 12316K(12800K)->12316K(12800K)
[403.199s][info ][gc             ] GC(65) Pause Young (Allocation Failure) 2252M->351M(2391M) 5.454ms
[403.200s][info ][gc,cpu         ] GC(65) User=0.02s Sys=0.00s Real=0.00s
[403.200s][info ][safepoint      ] Safepoint "ParallelGCFailedAllocation", Time since last: 1393995398 ns, Reaching safepoint: 75701 ns, Cleanup: 30300 ns, At safepoint: 5519205 ns, Total: 5625206 ns
[404.200s][info ][safepoint      ] Safepoint "Cleanup", Time since last: 1000052131 ns, Reaching safepoint: 4300 ns, Cleanup: 33700 ns, At safepoint: 20700 ns, Total: 58700 ns
[409.200s][info ][safepoint      ] Safepoint "Cleanup", Time since last: 5000287856 ns, Reaching safepoint: 3700 ns, Cleanup: 29100 ns, At safepoint: 12000 ns, Total: 44800 ns
[412.293s][info ][gc,start       ] GC(66) Pause Young (Allocation Failure)
[412.297s][debug][gc,phases      ] GC(66) Scavenge 4.791ms
[412.297s][debug][gc,ref         ] GC(66) Skipped phase 1 of Reference Processing: no references
[412.298s][debug][gc,ref         ] GC(66) ReferenceProcessor::execute queues: 1, RefProcThreadModel::Single, marks_oops_alive: false
[412.298s][debug][gc,ref         ] GC(66) Skipped phase 3 of Reference Processing: no references
[412.298s][debug][gc,ref         ] GC(66) ReferenceProcessor::execute queues: 1, RefProcThreadModel::Single, marks_oops_alive: false
[412.298s][debug][gc,phases      ] GC(66) Reference Processing 0.104ms
[412.298s][debug][gc,phases      ] GC(66)   VM Weak                        Min:  0.0, Avg:  0.0, Max:  0.0, Diff:  0.0, Sum:  0.0, Workers: 4
[412.298s][debug][gc,phases      ] GC(66)     Dead                           Min: 0, Avg:  0.0, Max: 0, Diff: 0, Sum: 0, Workers: 4
[412.298s][debug][gc,phases      ] GC(66)     Total                          Min: 64, Avg: 215.5, Max: 384, Diff: 320, Sum: 862, Workers: 4
[412.298s][debug][gc,phases      ] GC(66)   ObjectSynchronizer Weak        Min:  0.0, Avg:  0.0, Max:  0.0, Diff:  0.0, Sum:  0.0, Workers: 4
[412.298s][debug][gc,phases      ] GC(66)     Dead                           Min: 0, Avg:  0.0, Max: 0, Diff: 0, Sum: 0, Workers: 4
[412.298s][debug][gc,phases      ] GC(66)     Total                          Min: 0, Avg:  1.0, Max: 4, Diff: 4, Sum: 4, Workers: 4
[412.298s][debug][gc,phases      ] GC(66)   JVMTI Tag Weak OopStorage      Min:  0.0, Avg:  0.0, Max:  0.0, Diff:  0.0, Sum:  0.0, Workers: 4
[412.298s][debug][gc,phases      ] GC(66)     Dead                           Min: 0, Avg:  0.0, Max: 0, Diff: 0, Sum: 0, Workers: 4
[412.298s][debug][gc,phases      ] GC(66)     Total                          Min: 0, Avg:  0.0, Max: 0, Diff: 0, Sum: 0, Workers: 4
[412.298s][debug][gc,phases      ] GC(66)   StringTable Weak               Min:  0.1, Avg:  0.1, Max:  0.1, Diff:  0.0, Sum:  0.4, Workers: 4
[412.298s][debug][gc,phases      ] GC(66)     Dead                           Min: 0, Avg:  0.0, Max: 0, Diff: 0, Sum: 0, Workers: 4
[412.298s][debug][gc,phases      ] GC(66)     Total                          Min: 9754, Avg: 11126.5, Max: 11904, Diff: 2150, Sum: 44506, Workers: 4
[412.298s][debug][gc,phases      ] GC(66)   ResolvedMethodTable Weak       Min:  0.0, Avg:  0.0, Max:  0.0, Diff:  0.0, Sum:  0.1, Workers: 4
[412.298s][debug][gc,phases      ] GC(66)     Dead                           Min: 0, Avg:  0.0, Max: 0, Diff: 0, Sum: 0, Workers: 4
[412.298s][debug][gc,phases      ] GC(66)     Total                          Min: 2418, Avg: 2604.2, Max: 2816, Diff: 398, Sum: 10417, Workers: 4
[412.298s][debug][gc,phases      ] GC(66)   JNI Weak                       Min:  0.0, Avg:  0.0, Max:  0.0, Diff:  0.0, Sum:  0.0, Workers: 4
[412.298s][debug][gc,phases      ] GC(66)     Dead                           Min: 0, Avg:  0.0, Max: 0, Diff: 0, Sum: 0, Workers: 4
[412.298s][debug][gc,phases      ] GC(66)     Total                          Min: 0, Avg: 11.2, Max: 45, Diff: 45, Sum: 45, Workers: 4
[412.298s][debug][gc,phases      ] GC(66)   StringDedup Table Weak         Min:  0.0, Avg:  0.0, Max:  0.0, Diff:  0.0, Sum:  0.0, Workers: 4
[412.298s][debug][gc,phases      ] GC(66)     Dead                           Min: 0, Avg:  0.0, Max: 0, Diff: 0, Sum: 0, Workers: 4
[412.298s][debug][gc,phases      ] GC(66)     Total                          Min: 0, Avg:  0.0, Max: 0, Diff: 0, Sum: 0, Workers: 4
[412.298s][debug][gc,phases      ] GC(66)   StringDedup Requests0 Weak     Min:  0.0, Avg:  0.0, Max:  0.0, Diff:  0.0, Sum:  0.0, Workers: 4
[412.298s][debug][gc,phases      ] GC(66)     Dead                           Min: 0, Avg:  0.0, Max: 0, Diff: 0, Sum: 0, Workers: 4
[412.298s][debug][gc,phases      ] GC(66)     Total                          Min: 0, Avg:  0.0, Max: 0, Diff: 0, Sum: 0, Workers: 4
[412.298s][debug][gc,phases      ] GC(66)   StringDedup Requests1 Weak     Min:  0.0, Avg:  0.0, Max:  0.0, Diff:  0.0, Sum:  0.0, Workers: 4
[412.298s][debug][gc,phases      ] GC(66)     Dead                           Min: 0, Avg:  0.0, Max: 0, Diff: 0, Sum: 0, Workers: 4
[412.298s][debug][gc,phases      ] GC(66)     Total                          Min: 0, Avg:  0.0, Max: 0, Diff: 0, Sum: 0, Workers: 4
[412.298s][debug][gc,phases      ] GC(66)   Weak JFR Old Object Samples    Min:  0.0, Avg:  0.0, Max:  0.0, Diff:  0.0, Sum:  0.0, Workers: 4
[412.298s][debug][gc,phases      ] GC(66)     Dead                           Min: 0, Avg:  0.0, Max: 0, Diff: 0, Sum: 0, Workers: 4
[412.298s][debug][gc,phases      ] GC(66)     Total                          Min: 0, Avg:  0.0, Max: 0, Diff: 0, Sum: 0, Workers: 4
[412.298s][debug][gc,phases      ] GC(66) Weak Processing 0.330ms
[412.298s][debug][gc,age         ] GC(66) Desired survivor size 63438848 bytes, new threshold 15 (max threshold 15)
[412.298s][info ][gc,heap        ] GC(66) PSYoungGen: 1949136K(2018816K)->2512K(2035200K) Eden: 1946624K(1946624K)->0K(1968128K) From: 2512K(72192K)->2512K(67072K)
[412.298s][info ][gc,heap        ] GC(66) ParOldGen: 357733K(430080K)->357741K(430080K)
[412.298s][info ][gc,metaspace   ] GC(66) Metaspace: 84435K(85504K)->84435K(85504K) NonClass: 72119K(72704K)->72119K(72704K) Class: 12316K(12800K)->12316K(12800K)
[412.298s][info ][gc             ] GC(66) Pause Young (Allocation Failure) 2252M->351M(2407M) 5.341ms
[412.298s][info ][gc,cpu         ] GC(66) User=0.01s Sys=0.00s Real=0.01s
[412.298s][info ][safepoint      ] Safepoint "ParallelGCFailedAllocation", Time since last: 3092484956 ns, Reaching safepoint: 77000 ns, Cleanup: 20300 ns, At safepoint: 5416405 ns, Total: 5513705 ns
[413.298s][info ][safepoint      ] Safepoint "Cleanup", Time since last: 1000083224 ns, Reaching safepoint: 4900 ns, Cleanup: 37100 ns, At safepoint: 2700 ns, Total: 44700 ns
[414.298s][info ][safepoint      ] Safepoint "Cleanup", Time since last: 1000106723 ns, Reaching safepoint: 72600 ns, Cleanup: 31100 ns, At safepoint: 7200 ns, Total: 110900 ns
[417.299s][info ][safepoint      ] Safepoint "Cleanup", Time since last: 3000246181 ns, Reaching safepoint: 3600 ns, Cleanup: 45300 ns, At safepoint: 6300 ns, Total: 55200 ns
[419.299s][info ][safepoint      ] Safepoint "Cleanup", Time since last: 2000177782 ns, Reaching safepoint: 4300 ns, Cleanup: 26200 ns, At safepoint: 2200 ns, Total: 32700 ns
[423.092s][info ][gc,start       ] GC(67) Pause Young (Allocation Failure)
[423.096s][debug][gc,phases      ] GC(67) Scavenge 3.294ms
[423.096s][debug][gc,ref         ] GC(67) Skipped phase 1 of Reference Processing: no references
[423.096s][debug][gc,ref         ] GC(67) ReferenceProcessor::execute queues: 1, RefProcThreadModel::Single, marks_oops_alive: false
[423.096s][debug][gc,ref         ] GC(67) Skipped phase 3 of Reference Processing: no references
[423.096s][debug][gc,ref         ] GC(67) ReferenceProcessor::execute queues: 1, RefProcThreadModel::Single, marks_oops_alive: false
[423.096s][debug][gc,phases      ] GC(67) Reference Processing 0.092ms
[423.096s][debug][gc,phases      ] GC(67)   VM Weak                        Min:  0.0, Avg:  0.0, Max:  0.0, Diff:  0.0, Sum:  0.0, Workers: 4
[423.096s][debug][gc,phases      ] GC(67)     Dead                           Min: 0, Avg:  0.0, Max: 0, Diff: 0, Sum: 0, Workers: 4
[423.096s][debug][gc,phases      ] GC(67)     Total                          Min: 0, Avg: 215.5, Max: 704, Diff: 704, Sum: 862, Workers: 4
[423.096s][debug][gc,phases      ] GC(67)   ObjectSynchronizer Weak        Min:  0.0, Avg:  0.0, Max:  0.0, Diff:  0.0, Sum:  0.0, Workers: 4
[423.096s][debug][gc,phases      ] GC(67)     Dead                           Min: 0, Avg:  0.0, Max: 0, Diff: 0, Sum: 0, Workers: 4
[423.096s][debug][gc,phases      ] GC(67)     Total                          Min: 0, Avg:  0.8, Max: 3, Diff: 3, Sum: 3, Workers: 4
[423.096s][debug][gc,phases      ] GC(67)   JVMTI Tag Weak OopStorage      Min:  0.0, Avg:  0.0, Max:  0.0, Diff:  0.0, Sum:  0.0, Workers: 4
[423.096s][debug][gc,phases      ] GC(67)     Dead                           Min: 0, Avg:  0.0, Max: 0, Diff: 0, Sum: 0, Workers: 4
[423.096s][debug][gc,phases      ] GC(67)     Total                          Min: 0, Avg:  0.0, Max: 0, Diff: 0, Sum: 0, Workers: 4
[423.096s][debug][gc,phases      ] GC(67)   StringTable Weak               Min:  0.0, Avg:  0.1, Max:  0.1, Diff:  0.1, Sum:  0.3, Workers: 4
[423.096s][debug][gc,phases      ] GC(67)     Dead                           Min: 0, Avg:  0.0, Max: 0, Diff: 0, Sum: 0, Workers: 4
[423.096s][debug][gc,phases      ] GC(67)     Total                          Min: 0, Avg: 11126.5, Max: 19200, Diff: 19200, Sum: 44506, Workers: 4
[423.096s][debug][gc,phases      ] GC(67)   ResolvedMethodTable Weak       Min:  0.0, Avg:  0.0, Max:  0.0, Diff:  0.0, Sum:  0.1, Workers: 4
[423.096s][debug][gc,phases      ] GC(67)     Dead                           Min: 0, Avg:  0.0, Max: 0, Diff: 0, Sum: 0, Workers: 4
[423.096s][debug][gc,phases      ] GC(67)     Total                          Min: 0, Avg: 2604.2, Max: 4863, Diff: 4863, Sum: 10417, Workers: 4
[423.096s][debug][gc,phases      ] GC(67)   JNI Weak                       Min:  0.0, Avg:  0.0, Max:  0.0, Diff:  0.0, Sum:  0.0, Workers: 4
[423.096s][debug][gc,phases      ] GC(67)     Dead                           Min: 0, Avg:  0.0, Max: 0, Diff: 0, Sum: 0, Workers: 4
[423.096s][debug][gc,phases      ] GC(67)     Total                          Min: 0, Avg: 11.2, Max: 45, Diff: 45, Sum: 45, Workers: 4
[423.096s][debug][gc,phases      ] GC(67)   StringDedup Table Weak         Min:  0.0, Avg:  0.0, Max:  0.0, Diff:  0.0, Sum:  0.0, Workers: 4
[423.096s][debug][gc,phases      ] GC(67)     Dead                           Min: 0, Avg:  0.0, Max: 0, Diff: 0, Sum: 0, Workers: 4
[423.096s][debug][gc,phases      ] GC(67)     Total                          Min: 0, Avg:  0.0, Max: 0, Diff: 0, Sum: 0, Workers: 4
[423.096s][debug][gc,phases      ] GC(67)   StringDedup Requests0 Weak     Min:  0.0, Avg:  0.0, Max:  0.0, Diff:  0.0, Sum:  0.0, Workers: 4
[423.096s][debug][gc,phases      ] GC(67)     Dead                           Min: 0, Avg:  0.0, Max: 0, Diff: 0, Sum: 0, Workers: 4
[423.096s][debug][gc,phases      ] GC(67)     Total                          Min: 0, Avg:  0.0, Max: 0, Diff: 0, Sum: 0, Workers: 4
[423.096s][debug][gc,phases      ] GC(67)   StringDedup Requests1 Weak     Min:  0.0, Avg:  0.0, Max:  0.0, Diff:  0.0, Sum:  0.0, Workers: 4
[423.096s][debug][gc,phases      ] GC(67)     Dead                           Min: 0, Avg:  0.0, Max: 0, Diff: 0, Sum: 0, Workers: 4
[423.096s][debug][gc,phases      ] GC(67)     Total                          Min: 0, Avg:  0.0, Max: 0, Diff: 0, Sum: 0, Workers: 4
[423.096s][debug][gc,phases      ] GC(67)   Weak JFR Old Object Samples    Min:  0.0, Avg:  0.0, Max:  0.0, Diff:  0.0, Sum:  0.0, Workers: 4
[423.096s][debug][gc,phases      ] GC(67)     Dead                           Min: 0, Avg:  0.0, Max: 0, Diff: 0, Sum: 0, Workers: 4
[423.096s][debug][gc,phases      ] GC(67)     Total                          Min: 0, Avg:  0.0, Max: 0, Diff: 0, Sum: 0, Workers: 4
[423.096s][debug][gc,phases      ] GC(67) Weak Processing 0.330ms
[423.096s][debug][gc,age         ] GC(67) Desired survivor size 58720256 bytes, new threshold 15 (max threshold 15)
[423.096s][info ][gc,heap        ] GC(67) PSYoungGen: 1970640K(2035200K)->2448K(2030080K) Eden: 1968128K(1968128K)->0K(1968128K) From: 2512K(67072K)->2448K(61952K)
[423.096s][info ][gc,heap        ] GC(67) ParOldGen: 357741K(430080K)->357757K(430080K)
[423.096s][info ][gc,metaspace   ] GC(67) Metaspace: 84444K(85504K)->84444K(85504K) NonClass: 72128K(72704K)->72128K(72704K) Class: 12316K(12800K)->12316K(12800K)
[423.096s][info ][gc             ] GC(67) Pause Young (Allocation Failure) 2273M->351M(2402M) 3.819ms
[423.096s][info ][gc,cpu         ] GC(67) User=0.01s Sys=0.00s Real=0.01s
[423.096s][info ][safepoint      ] Safepoint "ParallelGCFailedAllocation", Time since last: 3793259829 ns, Reaching safepoint: 72401 ns, Cleanup: 24000 ns, At safepoint: 3881802 ns, Total: 3978203 ns
[426.096s][info ][safepoint      ] Safepoint "Cleanup", Time since last: 3000175800 ns, Reaching safepoint: 3400 ns, Cleanup: 30400 ns, At safepoint: 2600 ns, Total: 36400 ns
[428.096s][info ][safepoint      ] Safepoint "Cleanup", Time since last: 2000147876 ns, Reaching safepoint: 4100 ns, Cleanup: 31900 ns, At safepoint: 2600 ns, Total: 38600 ns
[429.097s][info ][safepoint      ] Safepoint "Cleanup", Time since last: 1000111188 ns, Reaching safepoint: 76000 ns, Cleanup: 31900 ns, At safepoint: 6600 ns, Total: 114500 ns
[430.097s][info ][safepoint      ] Safepoint "Cleanup", Time since last: 1000127488 ns, Reaching safepoint: 72700 ns, Cleanup: 36600 ns, At safepoint: 8200 ns, Total: 117500 ns
[434.042s][info ][gc,start       ] GC(68) Pause Young (Allocation Failure)
[434.047s][debug][gc,phases      ] GC(68) Scavenge 5.252ms
[434.047s][debug][gc,ref         ] GC(68) Skipped phase 1 of Reference Processing: no references
[434.047s][debug][gc,ref         ] GC(68) ReferenceProcessor::execute queues: 1, RefProcThreadModel::Single, marks_oops_alive: false
[434.047s][debug][gc,ref         ] GC(68) Skipped phase 3 of Reference Processing: no references
[434.047s][debug][gc,ref         ] GC(68) ReferenceProcessor::execute queues: 1, RefProcThreadModel::Single, marks_oops_alive: false
[434.047s][debug][gc,phases      ] GC(68) Reference Processing 0.098ms
[434.048s][debug][gc,phases      ] GC(68)   VM Weak                        Min:  0.0, Avg:  0.0, Max:  0.0, Diff:  0.0, Sum:  0.0, Workers: 4
[434.048s][debug][gc,phases      ] GC(68)     Dead                           Min: 0, Avg:  0.0, Max: 0, Diff: 0, Sum: 0, Workers: 4
[434.048s][debug][gc,phases      ] GC(68)     Total                          Min: 0, Avg: 215.5, Max: 448, Diff: 448, Sum: 862, Workers: 4
[434.048s][debug][gc,phases      ] GC(68)   ObjectSynchronizer Weak        Min:  0.0, Avg:  0.0, Max:  0.0, Diff:  0.0, Sum:  0.0, Workers: 4
[434.048s][debug][gc,phases      ] GC(68)     Dead                           Min: 0, Avg:  0.0, Max: 0, Diff: 0, Sum: 0, Workers: 4
[434.048s][debug][gc,phases      ] GC(68)     Total                          Min: 0, Avg:  1.0, Max: 4, Diff: 4, Sum: 4, Workers: 4
[434.048s][debug][gc,phases      ] GC(68)   JVMTI Tag Weak OopStorage      Min:  0.0, Avg:  0.0, Max:  0.0, Diff:  0.0, Sum:  0.0, Workers: 4
[434.048s][debug][gc,phases      ] GC(68)     Dead                           Min: 0, Avg:  0.0, Max: 0, Diff: 0, Sum: 0, Workers: 4
[434.048s][debug][gc,phases      ] GC(68)     Total                          Min: 0, Avg:  0.0, Max: 0, Diff: 0, Sum: 0, Workers: 4
[434.048s][debug][gc,phases      ] GC(68)   StringTable Weak               Min:  0.0, Avg:  0.1, Max:  0.1, Diff:  0.1, Sum:  0.4, Workers: 4
[434.048s][debug][gc,phases      ] GC(68)     Dead                           Min: 0, Avg:  0.0, Max: 0, Diff: 0, Sum: 0, Workers: 4
[434.048s][debug][gc,phases      ] GC(68)     Total                          Min: 0, Avg: 11126.5, Max: 18688, Diff: 18688, Sum: 44506, Workers: 4
[434.048s][debug][gc,phases      ] GC(68)   ResolvedMethodTable Weak       Min:  0.0, Avg:  0.0, Max:  0.0, Diff:  0.0, Sum:  0.1, Workers: 4
[434.048s][debug][gc,phases      ] GC(68)     Dead                           Min: 0, Avg:  0.0, Max: 0, Diff: 0, Sum: 0, Workers: 4
[434.048s][debug][gc,phases      ] GC(68)     Total                          Min: 0, Avg: 2604.2, Max: 4735, Diff: 4735, Sum: 10417, Workers: 4
[434.048s][debug][gc,phases      ] GC(68)   JNI Weak                       Min:  0.0, Avg:  0.0, Max:  0.0, Diff:  0.0, Sum:  0.0, Workers: 4
[434.048s][debug][gc,phases      ] GC(68)     Dead                           Min: 0, Avg:  0.0, Max: 0, Diff: 0, Sum: 0, Workers: 4
[434.048s][debug][gc,phases      ] GC(68)     Total                          Min: 0, Avg: 11.2, Max: 45, Diff: 45, Sum: 45, Workers: 4
[434.048s][debug][gc,phases      ] GC(68)   StringDedup Table Weak         Min:  0.0, Avg:  0.0, Max:  0.0, Diff:  0.0, Sum:  0.0, Workers: 4
[434.048s][debug][gc,phases      ] GC(68)     Dead                           Min: 0, Avg:  0.0, Max: 0, Diff: 0, Sum: 0, Workers: 4
[434.048s][debug][gc,phases      ] GC(68)     Total                          Min: 0, Avg:  0.0, Max: 0, Diff: 0, Sum: 0, Workers: 4
[434.048s][debug][gc,phases      ] GC(68)   StringDedup Requests0 Weak     Min:  0.0, Avg:  0.0, Max:  0.0, Diff:  0.0, Sum:  0.0, Workers: 4
[434.048s][debug][gc,phases      ] GC(68)     Dead                           Min: 0, Avg:  0.0, Max: 0, Diff: 0, Sum: 0, Workers: 4
[434.048s][debug][gc,phases      ] GC(68)     Total                          Min: 0, Avg:  0.0, Max: 0, Diff: 0, Sum: 0, Workers: 4
[434.048s][debug][gc,phases      ] GC(68)   StringDedup Requests1 Weak     Min:  0.0, Avg:  0.0, Max:  0.0, Diff:  0.0, Sum:  0.0, Workers: 4
[434.048s][debug][gc,phases      ] GC(68)     Dead                           Min: 0, Avg:  0.0, Max: 0, Diff: 0, Sum: 0, Workers: 4
[434.048s][debug][gc,phases      ] GC(68)     Total                          Min: 0, Avg:  0.0, Max: 0, Diff: 0, Sum: 0, Workers: 4
[434.048s][debug][gc,phases      ] GC(68)   Weak JFR Old Object Samples    Min:  0.0, Avg:  0.0, Max:  0.0, Diff:  0.0, Sum:  0.0, Workers: 4
[434.048s][debug][gc,phases      ] GC(68)     Dead                           Min: 0, Avg:  0.0, Max: 0, Diff: 0, Sum: 0, Workers: 4
[434.048s][debug][gc,phases      ] GC(68)     Total                          Min: 0, Avg:  0.0, Max: 0, Diff: 0, Sum: 0, Workers: 4
[434.048s][debug][gc,phases      ] GC(68) Weak Processing 0.331ms
[434.048s][debug][gc,age         ] GC(68) Desired survivor size 54525952 bytes, new threshold 15 (max threshold 15)
[434.048s][info ][gc,heap        ] GC(68) PSYoungGen: 1970576K(2030080K)->2512K(2043904K) Eden: 1968128K(1968128K)->0K(1986560K) From: 2448K(61952K)->2512K(57344K)
[434.048s][info ][gc,heap        ] GC(68) ParOldGen: 357757K(430080K)->357773K(430080K)
[434.048s][info ][gc,metaspace   ] GC(68) Metaspace: 84452K(85504K)->84452K(85504K) NonClass: 72136K(72704K)->72136K(72704K) Class: 12316K(12800K)->12316K(12800K)
[434.048s][info ][gc             ] GC(68) Pause Young (Allocation Failure) 2273M->351M(2416M) 5.802ms
[434.048s][info ][gc,cpu         ] GC(68) User=0.02s Sys=0.00s Real=0.00s
[434.048s][info ][safepoint      ] Safepoint "ParallelGCFailedAllocation", Time since last: 3944930774 ns, Reaching safepoint: 70600 ns, Cleanup: 20500 ns, At safepoint: 5882905 ns, Total: 5974005 ns
[442.048s][info ][safepoint      ] Safepoint "Cleanup", Time since last: 8000512479 ns, Reaching safepoint: 4400 ns, Cleanup: 35800 ns, At safepoint: 5700 ns, Total: 45900 ns
[444.049s][info ][safepoint      ] Safepoint "Cleanup", Time since last: 2000192166 ns, Reaching safepoint: 3200 ns, Cleanup: 36400 ns, At safepoint: 2300 ns, Total: 41900 ns
[445.041s][info ][gc,start       ] GC(69) Pause Young (Allocation Failure)
[445.044s][debug][gc,phases      ] GC(69) Scavenge 3.366ms
[445.044s][debug][gc,ref         ] GC(69) Skipped phase 1 of Reference Processing: no references
[445.045s][debug][gc,ref         ] GC(69) ReferenceProcessor::execute queues: 1, RefProcThreadModel::Single, marks_oops_alive: false
[445.045s][debug][gc,ref         ] GC(69) Skipped phase 3 of Reference Processing: no references
[445.045s][debug][gc,ref         ] GC(69) ReferenceProcessor::execute queues: 1, RefProcThreadModel::Single, marks_oops_alive: false
[445.045s][debug][gc,phases      ] GC(69) Reference Processing 0.090ms
[445.045s][debug][gc,phases      ] GC(69)   VM Weak                        Min:  0.0, Avg:  0.0, Max:  0.0, Diff:  0.0, Sum:  0.0, Workers: 4
[445.045s][debug][gc,phases      ] GC(69)     Dead                           Min: 0, Avg:  0.0, Max: 0, Diff: 0, Sum: 0, Workers: 4
[445.045s][debug][gc,phases      ] GC(69)     Total                          Min: 0, Avg: 215.5, Max: 478, Diff: 478, Sum: 862, Workers: 4
[445.045s][debug][gc,phases      ] GC(69)   ObjectSynchronizer Weak        Min:  0.0, Avg:  0.0, Max:  0.0, Diff:  0.0, Sum:  0.0, Workers: 4
[445.045s][debug][gc,phases      ] GC(69)     Dead                           Min: 0, Avg:  0.0, Max: 0, Diff: 0, Sum: 0, Workers: 4
[445.045s][debug][gc,phases      ] GC(69)     Total                          Min: 0, Avg:  1.0, Max: 4, Diff: 4, Sum: 4, Workers: 4
[445.045s][debug][gc,phases      ] GC(69)   JVMTI Tag Weak OopStorage      Min:  0.0, Avg:  0.0, Max:  0.0, Diff:  0.0, Sum:  0.0, Workers: 4
[445.045s][debug][gc,phases      ] GC(69)     Dead                           Min: 0, Avg:  0.0, Max: 0, Diff: 0, Sum: 0, Workers: 4
[445.045s][debug][gc,phases      ] GC(69)     Total                          Min: 0, Avg:  0.0, Max: 0, Diff: 0, Sum: 0, Workers: 4
[445.045s][debug][gc,phases      ] GC(69)   StringTable Weak               Min:  0.0, Avg:  0.1, Max:  0.1, Diff:  0.1, Sum:  0.4, Workers: 4
[445.045s][debug][gc,phases      ] GC(69)     Dead                           Min: 0, Avg:  0.0, Max: 0, Diff: 0, Sum: 0, Workers: 4
[445.045s][debug][gc,phases      ] GC(69)     Total                          Min: 0, Avg: 11126.5, Max: 18880, Diff: 18880, Sum: 44506, Workers: 4
[445.045s][debug][gc,phases      ] GC(69)   ResolvedMethodTable Weak       Min:  0.0, Avg:  0.0, Max:  0.0, Diff:  0.0, Sum:  0.1, Workers: 4
[445.045s][debug][gc,phases      ] GC(69)     Dead                           Min: 0, Avg:  0.0, Max: 0, Diff: 0, Sum: 0, Workers: 4
[445.045s][debug][gc,phases      ] GC(69)     Total                          Min: 0, Avg: 2604.2, Max: 4530, Diff: 4530, Sum: 10417, Workers: 4
[445.045s][debug][gc,phases      ] GC(69)   JNI Weak                       Min:  0.0, Avg:  0.0, Max:  0.0, Diff:  0.0, Sum:  0.0, Workers: 4
[445.045s][debug][gc,phases      ] GC(69)     Dead                           Min: 0, Avg:  0.0, Max: 0, Diff: 0, Sum: 0, Workers: 4
[445.045s][debug][gc,phases      ] GC(69)     Total                          Min: 0, Avg: 11.2, Max: 45, Diff: 45, Sum: 45, Workers: 4
[445.045s][debug][gc,phases      ] GC(69)   StringDedup Table Weak         Min:  0.0, Avg:  0.0, Max:  0.0, Diff:  0.0, Sum:  0.0, Workers: 4
[445.045s][debug][gc,phases      ] GC(69)     Dead                           Min: 0, Avg:  0.0, Max: 0, Diff: 0, Sum: 0, Workers: 4
[445.045s][debug][gc,phases      ] GC(69)     Total                          Min: 0, Avg:  0.0, Max: 0, Diff: 0, Sum: 0, Workers: 4
[445.045s][debug][gc,phases      ] GC(69)   StringDedup Requests0 Weak     Min:  0.0, Avg:  0.0, Max:  0.0, Diff:  0.0, Sum:  0.0, Workers: 4
[445.045s][debug][gc,phases      ] GC(69)     Dead                           Min: 0, Avg:  0.0, Max: 0, Diff: 0, Sum: 0, Workers: 4
[445.045s][debug][gc,phases      ] GC(69)     Total                          Min: 0, Avg:  0.0, Max: 0, Diff: 0, Sum: 0, Workers: 4
[445.045s][debug][gc,phases      ] GC(69)   StringDedup Requests1 Weak     Min:  0.0, Avg:  0.0, Max:  0.0, Diff:  0.0, Sum:  0.0, Workers: 4
[445.045s][debug][gc,phases      ] GC(69)     Dead                           Min: 0, Avg:  0.0, Max: 0, Diff: 0, Sum: 0, Workers: 4
[445.045s][debug][gc,phases      ] GC(69)     Total                          Min: 0, Avg:  0.0, Max: 0, Diff: 0, Sum: 0, Workers: 4
[445.045s][debug][gc,phases      ] GC(69)   Weak JFR Old Object Samples    Min:  0.0, Avg:  0.0, Max:  0.0, Diff:  0.0, Sum:  0.0, Workers: 4
[445.045s][debug][gc,phases      ] GC(69)     Dead                           Min: 0, Avg:  0.0, Max: 0, Diff: 0, Sum: 0, Workers: 4
[445.045s][debug][gc,phases      ] GC(69)     Total                          Min: 0, Avg:  0.0, Max: 0, Diff: 0, Sum: 0, Workers: 4
[445.045s][debug][gc,phases      ] GC(69) Weak Processing 0.323ms
[445.045s][debug][gc,age         ] GC(69) Desired survivor size 50331648 bytes, new threshold 15 (max threshold 15)
[445.045s][info ][gc,heap        ] GC(69) PSYoungGen: 1989072K(2043904K)->2400K(2039808K) Eden: 1986560K(1986560K)->0K(1986560K) From: 2512K(57344K)->2400K(53248K)
[445.045s][info ][gc,heap        ] GC(69) ParOldGen: 357773K(430080K)->357821K(430080K)
[445.045s][info ][gc,metaspace   ] GC(69) Metaspace: 84456K(85504K)->84456K(85504K) NonClass: 72140K(72704K)->72140K(72704K) Class: 12316K(12800K)->12316K(12800K)
[445.045s][info ][gc             ] GC(69) Pause Young (Allocation Failure) 2291M->351M(2412M) 3.878ms
[445.045s][info ][gc,cpu         ] GC(69) User=0.01s Sys=0.01s Real=0.01s
[445.045s][info ][safepoint      ] Safepoint "ParallelGCFailedAllocation", Time since last: 992298076 ns, Reaching safepoint: 4900 ns, Cleanup: 41100 ns, At safepoint: 3943804 ns, Total: 3989804 ns
[450.045s][info ][safepoint      ] Safepoint "Cleanup", Time since last: 5000352805 ns, Reaching safepoint: 73400 ns, Cleanup: 27700 ns, At safepoint: 6000 ns, Total: 107100 ns
[451.046s][info ][safepoint      ] Safepoint "Cleanup", Time since last: 1000102057 ns, Reaching safepoint: 4100 ns, Cleanup: 39100 ns, At safepoint: 6500 ns, Total: 49700 ns
[455.046s][info ][safepoint      ] Safepoint "Cleanup", Time since last: 4000289128 ns, Reaching safepoint: 3900 ns, Cleanup: 39900 ns, At safepoint: 4400 ns, Total: 48200 ns
[456.046s][info ][safepoint      ] Safepoint "Cleanup", Time since last: 1000103972 ns, Reaching safepoint: 4200 ns, Cleanup: 31800 ns, At safepoint: 2700 ns, Total: 38700 ns
[457.046s][info ][safepoint      ] Safepoint "Cleanup", Time since last: 1000107020 ns, Reaching safepoint: 74701 ns, Cleanup: 39100 ns, At safepoint: 5200 ns, Total: 119001 ns
[457.792s][info ][gc,start       ] GC(70) Pause Young (Allocation Failure)
[457.796s][debug][gc,phases      ] GC(70) Scavenge 3.477ms
[457.796s][debug][gc,ref         ] GC(70) Skipped phase 1 of Reference Processing: no references
[457.796s][debug][gc,ref         ] GC(70) ReferenceProcessor::execute queues: 1, RefProcThreadModel::Single, marks_oops_alive: false
[457.796s][debug][gc,ref         ] GC(70) Skipped phase 3 of Reference Processing: no references
[457.796s][debug][gc,ref         ] GC(70) ReferenceProcessor::execute queues: 1, RefProcThreadModel::Single, marks_oops_alive: false
[457.796s][debug][gc,phases      ] GC(70) Reference Processing 0.091ms
[457.796s][debug][gc,phases      ] GC(70)   VM Weak                        Min:  0.0, Avg:  0.0, Max:  0.0, Diff:  0.0, Sum:  0.0, Workers: 4
[457.796s][debug][gc,phases      ] GC(70)     Dead                           Min: 0, Avg:  0.0, Max: 0, Diff: 0, Sum: 0, Workers: 4
[457.796s][debug][gc,phases      ] GC(70)     Total                          Min: 0, Avg: 215.5, Max: 704, Diff: 704, Sum: 862, Workers: 4
[457.796s][debug][gc,phases      ] GC(70)   ObjectSynchronizer Weak        Min:  0.0, Avg:  0.0, Max:  0.0, Diff:  0.0, Sum:  0.0, Workers: 4
[457.796s][debug][gc,phases      ] GC(70)     Dead                           Min: 0, Avg:  0.0, Max: 0, Diff: 0, Sum: 0, Workers: 4
[457.796s][debug][gc,phases      ] GC(70)     Total                          Min: 0, Avg:  1.0, Max: 4, Diff: 4, Sum: 4, Workers: 4
[457.796s][debug][gc,phases      ] GC(70)   JVMTI Tag Weak OopStorage      Min:  0.0, Avg:  0.0, Max:  0.0, Diff:  0.0, Sum:  0.0, Workers: 4
[457.796s][debug][gc,phases      ] GC(70)     Dead                           Min: 0, Avg:  0.0, Max: 0, Diff: 0, Sum: 0, Workers: 4
[457.796s][debug][gc,phases      ] GC(70)     Total                          Min: 0, Avg:  0.0, Max: 0, Diff: 0, Sum: 0, Workers: 4
[457.796s][debug][gc,phases      ] GC(70)   StringTable Weak               Min:  0.0, Avg:  0.1, Max:  0.1, Diff:  0.1, Sum:  0.4, Workers: 4
[457.796s][debug][gc,phases      ] GC(70)     Dead                           Min: 0, Avg:  0.0, Max: 0, Diff: 0, Sum: 0, Workers: 4
[457.796s][debug][gc,phases      ] GC(70)     Total                          Min: 0, Avg: 11126.5, Max: 17434, Diff: 17434, Sum: 44506, Workers: 4
[457.796s][debug][gc,phases      ] GC(70)   ResolvedMethodTable Weak       Min:  0.0, Avg:  0.0, Max:  0.0, Diff:  0.0, Sum:  0.1, Workers: 4
[457.796s][debug][gc,phases      ] GC(70)     Dead                           Min: 0, Avg:  0.0, Max: 0, Diff: 0, Sum: 0, Workers: 4
[457.796s][debug][gc,phases      ] GC(70)     Total                          Min: 0, Avg: 2604.2, Max: 4658, Diff: 4658, Sum: 10417, Workers: 4
[457.796s][debug][gc,phases      ] GC(70)   JNI Weak                       Min:  0.0, Avg:  0.0, Max:  0.0, Diff:  0.0, Sum:  0.0, Workers: 4
[457.796s][debug][gc,phases      ] GC(70)     Dead                           Min: 0, Avg:  0.0, Max: 0, Diff: 0, Sum: 0, Workers: 4
[457.796s][debug][gc,phases      ] GC(70)     Total                          Min: 0, Avg: 11.2, Max: 45, Diff: 45, Sum: 45, Workers: 4
[457.796s][debug][gc,phases      ] GC(70)   StringDedup Table Weak         Min:  0.0, Avg:  0.0, Max:  0.0, Diff:  0.0, Sum:  0.0, Workers: 4
[457.796s][debug][gc,phases      ] GC(70)     Dead                           Min: 0, Avg:  0.0, Max: 0, Diff: 0, Sum: 0, Workers: 4
[457.796s][debug][gc,phases      ] GC(70)     Total                          Min: 0, Avg:  0.0, Max: 0, Diff: 0, Sum: 0, Workers: 4
[457.796s][debug][gc,phases      ] GC(70)   StringDedup Requests0 Weak     Min:  0.0, Avg:  0.0, Max:  0.0, Diff:  0.0, Sum:  0.0, Workers: 4
[457.796s][debug][gc,phases      ] GC(70)     Dead                           Min: 0, Avg:  0.0, Max: 0, Diff: 0, Sum: 0, Workers: 4
[457.796s][debug][gc,phases      ] GC(70)     Total                          Min: 0, Avg:  0.0, Max: 0, Diff: 0, Sum: 0, Workers: 4
[457.796s][debug][gc,phases      ] GC(70)   StringDedup Requests1 Weak     Min:  0.0, Avg:  0.0, Max:  0.0, Diff:  0.0, Sum:  0.0, Workers: 4
[457.796s][debug][gc,phases      ] GC(70)     Dead                           Min: 0, Avg:  0.0, Max: 0, Diff: 0, Sum: 0, Workers: 4
[457.796s][debug][gc,phases      ] GC(70)     Total                          Min: 0, Avg:  0.0, Max: 0, Diff: 0, Sum: 0, Workers: 4
[457.796s][debug][gc,phases      ] GC(70)   Weak JFR Old Object Samples    Min:  0.0, Avg:  0.0, Max:  0.0, Diff:  0.0, Sum:  0.0, Workers: 4
[457.796s][debug][gc,phases      ] GC(70)     Dead                           Min: 0, Avg:  0.0, Max: 0, Diff: 0, Sum: 0, Workers: 4
[457.796s][debug][gc,phases      ] GC(70)     Total                          Min: 0, Avg:  0.0, Max: 0, Diff: 0, Sum: 0, Workers: 4
[457.796s][debug][gc,phases      ] GC(70) Weak Processing 0.335ms
[457.796s][debug][gc,age         ] GC(70) Desired survivor size 46661632 bytes, new threshold 15 (max threshold 15)
[457.796s][info ][gc,heap        ] GC(70) PSYoungGen: 1988960K(2039808K)->2480K(2051584K) Eden: 1986560K(1986560K)->0K(2002432K) From: 2400K(53248K)->2480K(49152K)
[457.796s][info ][gc,heap        ] GC(70) ParOldGen: 357821K(430080K)->357853K(430080K)
[457.796s][info ][gc,metaspace   ] GC(70) Metaspace: 84458K(85504K)->84458K(85504K) NonClass: 72142K(72704K)->72142K(72704K) Class: 12316K(12800K)->12316K(12800K)
[457.796s][info ][gc             ] GC(70) Pause Young (Allocation Failure) 2291M->351M(2423M) 4.004ms
[457.796s][info ][gc,cpu         ] GC(70) User=0.02s Sys=0.00s Real=0.01s
[457.796s][info ][safepoint      ] Safepoint "ParallelGCFailedAllocation", Time since last: 745932297 ns, Reaching safepoint: 72100 ns, Cleanup: 28100 ns, At safepoint: 4085003 ns, Total: 4185203 ns
[458.796s][info ][safepoint      ] Safepoint "Cleanup", Time since last: 1000089435 ns, Reaching safepoint: 4300 ns, Cleanup: 28200 ns, At safepoint: 2300 ns, Total: 34800 ns
[459.797s][info ][safepoint      ] Safepoint "Cleanup", Time since last: 1000099835 ns, Reaching safepoint: 3900 ns, Cleanup: 31700 ns, At safepoint: 2600 ns, Total: 38200 ns
[460.797s][info ][safepoint      ] Safepoint "Cleanup", Time since last: 1000100134 ns, Reaching safepoint: 3400 ns, Cleanup: 59600 ns, At safepoint: 2800 ns, Total: 65800 ns
[465.797s][info ][safepoint      ] Safepoint "Cleanup", Time since last: 5000301439 ns, Reaching safepoint: 75700 ns, Cleanup: 34000 ns, At safepoint: 5200 ns, Total: 114900 ns
[466.797s][info ][safepoint      ] Safepoint "Cleanup", Time since last: 1000068261 ns, Reaching safepoint: 4200 ns, Cleanup: 34900 ns, At safepoint: 2500 ns, Total: 41600 ns
[466.923s][info ][gc,start       ] GC(71) Pause Young (Allocation Failure)
[466.929s][debug][gc,phases      ] GC(71) Scavenge 5.295ms
[466.929s][debug][gc,ref         ] GC(71) Skipped phase 1 of Reference Processing: no references
[466.929s][debug][gc,ref         ] GC(71) ReferenceProcessor::execute queues: 1, RefProcThreadModel::Single, marks_oops_alive: false
[466.929s][debug][gc,ref         ] GC(71) Skipped phase 3 of Reference Processing: no references
[466.929s][debug][gc,ref         ] GC(71) ReferenceProcessor::execute queues: 1, RefProcThreadModel::Single, marks_oops_alive: false
[466.929s][debug][gc,phases      ] GC(71) Reference Processing 0.093ms
[466.929s][debug][gc,phases      ] GC(71)   VM Weak                        Min:  0.0, Avg:  0.0, Max:  0.0, Diff:  0.0, Sum:  0.0, Workers: 4
[466.929s][debug][gc,phases      ] GC(71)     Dead                           Min: 0, Avg:  0.0, Max: 0, Diff: 0, Sum: 0, Workers: 4
[466.929s][debug][gc,phases      ] GC(71)     Total                          Min: 0, Avg: 215.5, Max: 542, Diff: 542, Sum: 862, Workers: 4
[466.929s][debug][gc,phases      ] GC(71)   ObjectSynchronizer Weak        Min:  0.0, Avg:  0.0, Max:  0.0, Diff:  0.0, Sum:  0.0, Workers: 4
[466.929s][debug][gc,phases      ] GC(71)     Dead                           Min: 0, Avg:  0.0, Max: 0, Diff: 0, Sum: 0, Workers: 4
[466.929s][debug][gc,phases      ] GC(71)     Total                          Min: 0, Avg:  1.0, Max: 4, Diff: 4, Sum: 4, Workers: 4
[466.929s][debug][gc,phases      ] GC(71)   JVMTI Tag Weak OopStorage      Min:  0.0, Avg:  0.0, Max:  0.0, Diff:  0.0, Sum:  0.0, Workers: 4
[466.929s][debug][gc,phases      ] GC(71)     Dead                           Min: 0, Avg:  0.0, Max: 0, Diff: 0, Sum: 0, Workers: 4
[466.929s][debug][gc,phases      ] GC(71)     Total                          Min: 0, Avg:  0.0, Max: 0, Diff: 0, Sum: 0, Workers: 4
[466.929s][debug][gc,phases      ] GC(71)   StringTable Weak               Min:  0.0, Avg:  0.1, Max:  0.1, Diff:  0.1, Sum:  0.4, Workers: 4
[466.929s][debug][gc,phases      ] GC(71)     Dead                           Min: 0, Avg:  0.0, Max: 0, Diff: 0, Sum: 0, Workers: 4
[466.929s][debug][gc,phases      ] GC(71)     Total                          Min: 0, Avg: 11127.0, Max: 18716, Diff: 18716, Sum: 44508, Workers: 4
[466.929s][debug][gc,phases      ] GC(71)   ResolvedMethodTable Weak       Min:  0.0, Avg:  0.0, Max:  0.0, Diff:  0.0, Sum:  0.1, Workers: 4
[466.929s][debug][gc,phases      ] GC(71)     Dead                           Min: 0, Avg:  0.0, Max: 0, Diff: 0, Sum: 0, Workers: 4
[466.929s][debug][gc,phases      ] GC(71)     Total                          Min: 0, Avg: 2604.2, Max: 4480, Diff: 4480, Sum: 10417, Workers: 4
[466.929s][debug][gc,phases      ] GC(71)   JNI Weak                       Min:  0.0, Avg:  0.0, Max:  0.0, Diff:  0.0, Sum:  0.0, Workers: 4
[466.929s][debug][gc,phases      ] GC(71)     Dead                           Min: 0, Avg:  0.0, Max: 0, Diff: 0, Sum: 0, Workers: 4
[466.929s][debug][gc,phases      ] GC(71)     Total                          Min: 0, Avg: 11.2, Max: 45, Diff: 45, Sum: 45, Workers: 4
[466.929s][debug][gc,phases      ] GC(71)   StringDedup Table Weak         Min:  0.0, Avg:  0.0, Max:  0.0, Diff:  0.0, Sum:  0.0, Workers: 4
[466.929s][debug][gc,phases      ] GC(71)     Dead                           Min: 0, Avg:  0.0, Max: 0, Diff: 0, Sum: 0, Workers: 4
[466.929s][debug][gc,phases      ] GC(71)     Total                          Min: 0, Avg:  0.0, Max: 0, Diff: 0, Sum: 0, Workers: 4
[466.929s][debug][gc,phases      ] GC(71)   StringDedup Requests0 Weak     Min:  0.0, Avg:  0.0, Max:  0.0, Diff:  0.0, Sum:  0.0, Workers: 4
[466.929s][debug][gc,phases      ] GC(71)     Dead                           Min: 0, Avg:  0.0, Max: 0, Diff: 0, Sum: 0, Workers: 4
[466.929s][debug][gc,phases      ] GC(71)     Total                          Min: 0, Avg:  0.0, Max: 0, Diff: 0, Sum: 0, Workers: 4
[466.929s][debug][gc,phases      ] GC(71)   StringDedup Requests1 Weak     Min:  0.0, Avg:  0.0, Max:  0.0, Diff:  0.0, Sum:  0.0, Workers: 4
[466.929s][debug][gc,phases      ] GC(71)     Dead                           Min: 0, Avg:  0.0, Max: 0, Diff: 0, Sum: 0, Workers: 4
[466.929s][debug][gc,phases      ] GC(71)     Total                          Min: 0, Avg:  0.0, Max: 0, Diff: 0, Sum: 0, Workers: 4
[466.929s][debug][gc,phases      ] GC(71)   Weak JFR Old Object Samples    Min:  0.0, Avg:  0.0, Max:  0.0, Diff:  0.0, Sum:  0.0, Workers: 4
[466.929s][debug][gc,phases      ] GC(71)     Dead                           Min: 0, Avg:  0.0, Max: 0, Diff: 0, Sum: 0, Workers: 4
[466.929s][debug][gc,phases      ] GC(71)     Total                          Min: 0, Avg:  0.0, Max: 0, Diff: 0, Sum: 0, Workers: 4
[466.929s][debug][gc,phases      ] GC(71) Weak Processing 0.328ms
[466.929s][debug][gc,age         ] GC(71) Desired survivor size 42991616 bytes, new threshold 15 (max threshold 15)
[466.929s][info ][gc,heap        ] GC(71) PSYoungGen: 2004912K(2051584K)->2608K(2048000K) Eden: 2002432K(2002432K)->0K(2002432K) From: 2480K(49152K)->2608K(45568K)
[466.929s][info ][gc,heap        ] GC(71) ParOldGen: 357853K(430080K)->357877K(430080K)
[466.929s][info ][gc,metaspace   ] GC(71) Metaspace: 84484K(85568K)->84484K(85568K) NonClass: 72168K(72768K)->72168K(72768K) Class: 12316K(12800K)->12316K(12800K)
[466.929s][info ][gc             ] GC(71) Pause Young (Allocation Failure) 2307M->352M(2420M) 5.824ms
[466.929s][info ][gc,cpu         ] GC(71) User=0.02s Sys=0.00s Real=0.00s
[466.929s][info ][safepoint      ] Safepoint "ParallelGCFailedAllocation", Time since last: 125826496 ns, Reaching safepoint: 3300 ns, Cleanup: 34500 ns, At safepoint: 5888304 ns, Total: 5926104 ns
[472.930s][info ][safepoint      ] Safepoint "Cleanup", Time since last: 6000395667 ns, Reaching safepoint: 4100 ns, Cleanup: 36400 ns, At safepoint: 2100 ns, Total: 42600 ns
[473.930s][info ][safepoint      ] Safepoint "Cleanup", Time since last: 1000101889 ns, Reaching safepoint: 3800 ns, Cleanup: 35300 ns, At safepoint: 3700 ns, Total: 42800 ns
[476.440s][info ][gc,start       ] GC(72) Pause Young (Allocation Failure)
[476.443s][debug][gc,phases      ] GC(72) Scavenge 3.100ms
[476.443s][debug][gc,ref         ] GC(72) Skipped phase 1 of Reference Processing: no references
[476.443s][debug][gc,ref         ] GC(72) ReferenceProcessor::execute queues: 1, RefProcThreadModel::Single, marks_oops_alive: false
[476.443s][debug][gc,ref         ] GC(72) ReferenceProcessor::execute queues: 4, RefProcThreadModel::Multi, marks_oops_alive: true
[476.443s][debug][gc,ref         ] GC(72) ReferenceProcessor::execute queues: 1, RefProcThreadModel::Single, marks_oops_alive: false
[476.443s][debug][gc,phases      ] GC(72) Reference Processing 0.176ms
[476.444s][debug][gc,phases      ] GC(72)   VM Weak                        Min:  0.0, Avg:  0.0, Max:  0.0, Diff:  0.0, Sum:  0.0, Workers: 4
[476.444s][debug][gc,phases      ] GC(72)     Dead                           Min: 0, Avg:  0.0, Max: 0, Diff: 0, Sum: 0, Workers: 4
[476.444s][debug][gc,phases      ] GC(72)     Total                          Min: 0, Avg: 215.5, Max: 448, Diff: 448, Sum: 862, Workers: 4
[476.444s][debug][gc,phases      ] GC(72)   ObjectSynchronizer Weak        Min:  0.0, Avg:  0.0, Max:  0.0, Diff:  0.0, Sum:  0.0, Workers: 4
[476.444s][debug][gc,phases      ] GC(72)     Dead                           Min: 0, Avg:  0.0, Max: 0, Diff: 0, Sum: 0, Workers: 4
[476.444s][debug][gc,phases      ] GC(72)     Total                          Min: 0, Avg:  1.0, Max: 4, Diff: 4, Sum: 4, Workers: 4
[476.444s][debug][gc,phases      ] GC(72)   JVMTI Tag Weak OopStorage      Min:  0.0, Avg:  0.0, Max:  0.0, Diff:  0.0, Sum:  0.0, Workers: 4
[476.444s][debug][gc,phases      ] GC(72)     Dead                           Min: 0, Avg:  0.0, Max: 0, Diff: 0, Sum: 0, Workers: 4
[476.444s][debug][gc,phases      ] GC(72)     Total                          Min: 0, Avg:  0.0, Max: 0, Diff: 0, Sum: 0, Workers: 4
[476.444s][debug][gc,phases      ] GC(72)   StringTable Weak               Min:  0.0, Avg:  0.1, Max:  0.1, Diff:  0.1, Sum:  0.4, Workers: 4
[476.444s][debug][gc,phases      ] GC(72)     Dead                           Min: 0, Avg:  0.0, Max: 0, Diff: 0, Sum: 0, Workers: 4
[476.444s][debug][gc,phases      ] GC(72)     Total                          Min: 0, Avg: 11127.0, Max: 19456, Diff: 19456, Sum: 44508, Workers: 4
[476.444s][debug][gc,phases      ] GC(72)   ResolvedMethodTable Weak       Min:  0.0, Avg:  0.0, Max:  0.0, Diff:  0.0, Sum:  0.1, Workers: 4
[476.444s][debug][gc,phases      ] GC(72)     Dead                           Min: 0, Avg:  0.0, Max: 0, Diff: 0, Sum: 0, Workers: 4
[476.444s][debug][gc,phases      ] GC(72)     Total                          Min: 0, Avg: 2604.2, Max: 4530, Diff: 4530, Sum: 10417, Workers: 4
[476.444s][debug][gc,phases      ] GC(72)   JNI Weak                       Min:  0.0, Avg:  0.0, Max:  0.0, Diff:  0.0, Sum:  0.0, Workers: 4
[476.444s][debug][gc,phases      ] GC(72)     Dead                           Min: 0, Avg:  0.0, Max: 0, Diff: 0, Sum: 0, Workers: 4
[476.444s][debug][gc,phases      ] GC(72)     Total                          Min: 0, Avg: 11.2, Max: 45, Diff: 45, Sum: 45, Workers: 4
[476.444s][debug][gc,phases      ] GC(72)   StringDedup Table Weak         Min:  0.0, Avg:  0.0, Max:  0.0, Diff:  0.0, Sum:  0.0, Workers: 4
[476.444s][debug][gc,phases      ] GC(72)     Dead                           Min: 0, Avg:  0.0, Max: 0, Diff: 0, Sum: 0, Workers: 4
[476.444s][debug][gc,phases      ] GC(72)     Total                          Min: 0, Avg:  0.0, Max: 0, Diff: 0, Sum: 0, Workers: 4
[476.444s][debug][gc,phases      ] GC(72)   StringDedup Requests0 Weak     Min:  0.0, Avg:  0.0, Max:  0.0, Diff:  0.0, Sum:  0.0, Workers: 4
[476.444s][debug][gc,phases      ] GC(72)     Dead                           Min: 0, Avg:  0.0, Max: 0, Diff: 0, Sum: 0, Workers: 4
[476.444s][debug][gc,phases      ] GC(72)     Total                          Min: 0, Avg:  0.0, Max: 0, Diff: 0, Sum: 0, Workers: 4
[476.444s][debug][gc,phases      ] GC(72)   StringDedup Requests1 Weak     Min:  0.0, Avg:  0.0, Max:  0.0, Diff:  0.0, Sum:  0.0, Workers: 4
[476.444s][debug][gc,phases      ] GC(72)     Dead                           Min: 0, Avg:  0.0, Max: 0, Diff: 0, Sum: 0, Workers: 4
[476.444s][debug][gc,phases      ] GC(72)     Total                          Min: 0, Avg:  0.0, Max: 0, Diff: 0, Sum: 0, Workers: 4
[476.444s][debug][gc,phases      ] GC(72)   Weak JFR Old Object Samples    Min:  0.0, Avg:  0.0, Max:  0.0, Diff:  0.0, Sum:  0.0, Workers: 4
[476.444s][debug][gc,phases      ] GC(72)     Dead                           Min: 0, Avg:  0.0, Max: 0, Diff: 0, Sum: 0, Workers: 4
[476.444s][debug][gc,phases      ] GC(72)     Total                          Min: 0, Avg:  0.0, Max: 0, Diff: 0, Sum: 0, Workers: 4
[476.444s][debug][gc,phases      ] GC(72) Weak Processing 0.316ms
[476.444s][debug][gc,age         ] GC(72) Desired survivor size 39845888 bytes, new threshold 15 (max threshold 15)
[476.444s][info ][gc,heap        ] GC(72) PSYoungGen: 2005040K(2048000K)->2368K(2058240K) Eden: 2002432K(2002432K)->0K(2016256K) From: 2608K(45568K)->2368K(41984K)
[476.444s][info ][gc,heap        ] GC(72) ParOldGen: 357877K(430080K)->357941K(430080K)
[476.444s][info ][gc,metaspace   ] GC(72) Metaspace: 84488K(85568K)->84488K(85568K) NonClass: 72172K(72768K)->72172K(72768K) Class: 12316K(12800K)->12316K(12800K)
[476.444s][info ][gc             ] GC(72) Pause Young (Allocation Failure) 2307M->351M(2430M) 3.674ms
[476.444s][info ][gc,cpu         ] GC(72) User=0.01s Sys=0.00s Real=0.01s
[476.444s][info ][safepoint      ] Safepoint "ParallelGCFailedAllocation", Time since last: 2510187669 ns, Reaching safepoint: 79200 ns, Cleanup: 31300 ns, At safepoint: 3751501 ns, Total: 3862001 ns
[481.154s][info ][safepoint      ] Safepoint "Cleanup", Time since last: 4710068791 ns, Reaching safepoint: 4900 ns, Cleanup: 32500 ns, At safepoint: 5900 ns, Total: 43300 ns
[482.154s][info ][safepoint      ] Safepoint "Cleanup", Time since last: 1000110609 ns, Reaching safepoint: 4000 ns, Cleanup: 33700 ns, At safepoint: 2300 ns, Total: 40000 ns
[483.154s][info ][safepoint      ] Safepoint "Cleanup", Time since last: 1000098210 ns, Reaching safepoint: 4600 ns, Cleanup: 35600 ns, At safepoint: 2400 ns, Total: 42600 ns
[485.945s][info ][gc,start       ] GC(73) Pause Young (Allocation Failure)
[485.950s][debug][gc,phases      ] GC(73) Scavenge 4.962ms
[485.950s][debug][gc,ref         ] GC(73) Skipped phase 1 of Reference Processing: no references
[485.950s][debug][gc,ref         ] GC(73) ReferenceProcessor::execute queues: 1, RefProcThreadModel::Single, marks_oops_alive: false
[485.950s][debug][gc,ref         ] GC(73) Skipped phase 3 of Reference Processing: no references
[485.950s][debug][gc,ref         ] GC(73) ReferenceProcessor::execute queues: 1, RefProcThreadModel::Single, marks_oops_alive: false
[485.950s][debug][gc,phases      ] GC(73) Reference Processing 0.087ms
[485.950s][debug][gc,phases      ] GC(73)   VM Weak                        Min:  0.0, Avg:  0.0, Max:  0.0, Diff:  0.0, Sum:  0.0, Workers: 4
[485.950s][debug][gc,phases      ] GC(73)     Dead                           Min: 0, Avg:  0.0, Max: 0, Diff: 0, Sum: 0, Workers: 4
[485.950s][debug][gc,phases      ] GC(73)     Total                          Min: 0, Avg: 215.5, Max: 606, Diff: 606, Sum: 862, Workers: 4
[485.950s][debug][gc,phases      ] GC(73)   ObjectSynchronizer Weak        Min:  0.0, Avg:  0.0, Max:  0.0, Diff:  0.0, Sum:  0.0, Workers: 4
[485.950s][debug][gc,phases      ] GC(73)     Dead                           Min: 0, Avg:  0.0, Max: 0, Diff: 0, Sum: 0, Workers: 4
[485.950s][debug][gc,phases      ] GC(73)     Total                          Min: 0, Avg:  1.0, Max: 4, Diff: 4, Sum: 4, Workers: 4
[485.950s][debug][gc,phases      ] GC(73)   JVMTI Tag Weak OopStorage      Min:  0.0, Avg:  0.0, Max:  0.0, Diff:  0.0, Sum:  0.0, Workers: 4
[485.950s][debug][gc,phases      ] GC(73)     Dead                           Min: 0, Avg:  0.0, Max: 0, Diff: 0, Sum: 0, Workers: 4
[485.950s][debug][gc,phases      ] GC(73)     Total                          Min: 0, Avg:  0.0, Max: 0, Diff: 0, Sum: 0, Workers: 4
[485.950s][debug][gc,phases      ] GC(73)   StringTable Weak               Min:  0.0, Avg:  0.1, Max:  0.1, Diff:  0.1, Sum:  0.4, Workers: 4
[485.950s][debug][gc,phases      ] GC(73)     Dead                           Min: 0, Avg:  0.0, Max: 0, Diff: 0, Sum: 0, Workers: 4
[485.950s][debug][gc,phases      ] GC(73)     Total                          Min: 0, Avg: 11127.0, Max: 15964, Diff: 15964, Sum: 44508, Workers: 4
[485.950s][debug][gc,phases      ] GC(73)   ResolvedMethodTable Weak       Min:  0.0, Avg:  0.0, Max:  0.0, Diff:  0.0, Sum:  0.1, Workers: 4
[485.950s][debug][gc,phases      ] GC(73)     Dead                           Min: 0, Avg:  0.0, Max: 0, Diff: 0, Sum: 0, Workers: 4
[485.950s][debug][gc,phases      ] GC(73)     Total                          Min: 0, Avg: 2604.2, Max: 4657, Diff: 4657, Sum: 10417, Workers: 4
[485.950s][debug][gc,phases      ] GC(73)   JNI Weak                       Min:  0.0, Avg:  0.0, Max:  0.0, Diff:  0.0, Sum:  0.0, Workers: 4
[485.950s][debug][gc,phases      ] GC(73)     Dead                           Min: 0, Avg:  0.0, Max: 0, Diff: 0, Sum: 0, Workers: 4
[485.950s][debug][gc,phases      ] GC(73)     Total                          Min: 0, Avg: 11.2, Max: 45, Diff: 45, Sum: 45, Workers: 4
[485.950s][debug][gc,phases      ] GC(73)   StringDedup Table Weak         Min:  0.0, Avg:  0.0, Max:  0.0, Diff:  0.0, Sum:  0.0, Workers: 4
[485.950s][debug][gc,phases      ] GC(73)     Dead                           Min: 0, Avg:  0.0, Max: 0, Diff: 0, Sum: 0, Workers: 4
[485.950s][debug][gc,phases      ] GC(73)     Total                          Min: 0, Avg:  0.0, Max: 0, Diff: 0, Sum: 0, Workers: 4
[485.950s][debug][gc,phases      ] GC(73)   StringDedup Requests0 Weak     Min:  0.0, Avg:  0.0, Max:  0.0, Diff:  0.0, Sum:  0.0, Workers: 4
[485.950s][debug][gc,phases      ] GC(73)     Dead                           Min: 0, Avg:  0.0, Max: 0, Diff: 0, Sum: 0, Workers: 4
[485.950s][debug][gc,phases      ] GC(73)     Total                          Min: 0, Avg:  0.0, Max: 0, Diff: 0, Sum: 0, Workers: 4
[485.950s][debug][gc,phases      ] GC(73)   StringDedup Requests1 Weak     Min:  0.0, Avg:  0.0, Max:  0.0, Diff:  0.0, Sum:  0.0, Workers: 4
[485.950s][debug][gc,phases      ] GC(73)     Dead                           Min: 0, Avg:  0.0, Max: 0, Diff: 0, Sum: 0, Workers: 4
[485.950s][debug][gc,phases      ] GC(73)     Total                          Min: 0, Avg:  0.0, Max: 0, Diff: 0, Sum: 0, Workers: 4
[485.950s][debug][gc,phases      ] GC(73)   Weak JFR Old Object Samples    Min:  0.0, Avg:  0.0, Max:  0.0, Diff:  0.0, Sum:  0.0, Workers: 4
[485.950s][debug][gc,phases      ] GC(73)     Dead                           Min: 0, Avg:  0.0, Max: 0, Diff: 0, Sum: 0, Workers: 4
[485.950s][debug][gc,phases      ] GC(73)     Total                          Min: 0, Avg:  0.0, Max: 0, Diff: 0, Sum: 0, Workers: 4
[485.950s][debug][gc,phases      ] GC(73) Weak Processing 0.333ms
[485.950s][debug][gc,age         ] GC(73) Desired survivor size 36700160 bytes, new threshold 15 (max threshold 15)
[485.950s][info ][gc,heap        ] GC(73) PSYoungGen: 2018624K(2058240K)->2400K(2055168K) Eden: 2016256K(2016256K)->0K(2016256K) From: 2368K(41984K)->2400K(38912K)
[485.950s][info ][gc,heap        ] GC(73) ParOldGen: 357941K(430080K)->357997K(430080K)
[485.950s][info ][gc,metaspace   ] GC(73) Metaspace: 84496K(85568K)->84496K(85568K) NonClass: 72180K(72768K)->72180K(72768K) Class: 12316K(12800K)->12316K(12800K)
[485.950s][info ][gc             ] GC(73) Pause Young (Allocation Failure) 2320M->351M(2427M) 5.474ms
[485.950s][info ][gc,cpu         ] GC(73) User=0.01s Sys=0.00s Real=0.00s
[485.950s][info ][safepoint      ] Safepoint "ParallelGCFailedAllocation", Time since last: 2790548279 ns, Reaching safepoint: 3500 ns, Cleanup: 49600 ns, At safepoint: 5540104 ns, Total: 5593204 ns
[486.950s][info ][safepoint      ] Safepoint "Cleanup", Time since last: 1000081010 ns, Reaching safepoint: 3900 ns, Cleanup: 49500 ns, At safepoint: 2300 ns, Total: 55700 ns
[487.951s][info ][safepoint      ] Safepoint "Cleanup", Time since last: 1000101109 ns, Reaching safepoint: 6100 ns, Cleanup: 31900 ns, At safepoint: 4200 ns, Total: 42200 ns
[489.951s][info ][safepoint      ] Safepoint "Cleanup", Time since last: 2000162456 ns, Reaching safepoint: 3300 ns, Cleanup: 47300 ns, At safepoint: 3200 ns, Total: 53800 ns
[491.951s][info ][safepoint      ] Safepoint "Cleanup", Time since last: 2000154558 ns, Reaching safepoint: 3600 ns, Cleanup: 36900 ns, At safepoint: 2900 ns, Total: 43400 ns
[492.951s][info ][safepoint      ] Safepoint "Cleanup", Time since last: 1000111130 ns, Reaching safepoint: 4100 ns, Cleanup: 36500 ns, At safepoint: 13300 ns, Total: 53900 ns
[494.951s][info ][safepoint      ] Safepoint "Cleanup", Time since last: 2000182658 ns, Reaching safepoint: 3800 ns, Cleanup: 38800 ns, At safepoint: 2400 ns, Total: 45000 ns
[495.146s][info ][gc,start       ] GC(74) Pause Young (Allocation Failure)
[495.151s][debug][gc,phases      ] GC(74) Scavenge 5.103ms
[495.151s][debug][gc,ref         ] GC(74) Skipped phase 1 of Reference Processing: no references
[495.151s][debug][gc,ref         ] GC(74) ReferenceProcessor::execute queues: 1, RefProcThreadModel::Single, marks_oops_alive: false
[495.151s][debug][gc,ref         ] GC(74) Skipped phase 3 of Reference Processing: no references
[495.151s][debug][gc,ref         ] GC(74) ReferenceProcessor::execute queues: 1, RefProcThreadModel::Single, marks_oops_alive: false
[495.151s][debug][gc,phases      ] GC(74) Reference Processing 0.094ms
[495.152s][debug][gc,phases      ] GC(74)   VM Weak                        Min:  0.0, Avg:  0.0, Max:  0.0, Diff:  0.0, Sum:  0.0, Workers: 4
[495.152s][debug][gc,phases      ] GC(74)     Dead                           Min: 0, Avg:  0.0, Max: 0, Diff: 0, Sum: 0, Workers: 4
[495.152s][debug][gc,phases      ] GC(74)     Total                          Min: 0, Avg: 215.5, Max: 448, Diff: 448, Sum: 862, Workers: 4
[495.152s][debug][gc,phases      ] GC(74)   ObjectSynchronizer Weak        Min:  0.0, Avg:  0.0, Max:  0.0, Diff:  0.0, Sum:  0.0, Workers: 4
[495.152s][debug][gc,phases      ] GC(74)     Dead                           Min: 0, Avg:  0.0, Max: 0, Diff: 0, Sum: 0, Workers: 4
[495.152s][debug][gc,phases      ] GC(74)     Total                          Min: 0, Avg:  1.0, Max: 4, Diff: 4, Sum: 4, Workers: 4
[495.152s][debug][gc,phases      ] GC(74)   JVMTI Tag Weak OopStorage      Min:  0.0, Avg:  0.0, Max:  0.0, Diff:  0.0, Sum:  0.0, Workers: 4
[495.152s][debug][gc,phases      ] GC(74)     Dead                           Min: 0, Avg:  0.0, Max: 0, Diff: 0, Sum: 0, Workers: 4
[495.152s][debug][gc,phases      ] GC(74)     Total                          Min: 0, Avg:  0.0, Max: 0, Diff: 0, Sum: 0, Workers: 4
[495.152s][debug][gc,phases      ] GC(74)   StringTable Weak               Min:  0.0, Avg:  0.1, Max:  0.1, Diff:  0.1, Sum:  0.4, Workers: 4
[495.152s][debug][gc,phases      ] GC(74)     Dead                           Min: 0, Avg:  0.0, Max: 0, Diff: 0, Sum: 0, Workers: 4
[495.152s][debug][gc,phases      ] GC(74)     Total                          Min: 0, Avg: 11127.0, Max: 15232, Diff: 15232, Sum: 44508, Workers: 4
[495.152s][debug][gc,phases      ] GC(74)   ResolvedMethodTable Weak       Min:  0.0, Avg:  0.0, Max:  0.0, Diff:  0.0, Sum:  0.1, Workers: 4
[495.152s][debug][gc,phases      ] GC(74)     Dead                           Min: 0, Avg:  0.0, Max: 0, Diff: 0, Sum: 0, Workers: 4
[495.152s][debug][gc,phases      ] GC(74)     Total                          Min: 0, Avg: 2604.2, Max: 3582, Diff: 3582, Sum: 10417, Workers: 4
[495.152s][debug][gc,phases      ] GC(74)   JNI Weak                       Min:  0.0, Avg:  0.0, Max:  0.0, Diff:  0.0, Sum:  0.0, Workers: 4
[495.152s][debug][gc,phases      ] GC(74)     Dead                           Min: 0, Avg:  0.0, Max: 0, Diff: 0, Sum: 0, Workers: 4
[495.152s][debug][gc,phases      ] GC(74)     Total                          Min: 0, Avg: 11.2, Max: 45, Diff: 45, Sum: 45, Workers: 4
[495.152s][debug][gc,phases      ] GC(74)   StringDedup Table Weak         Min:  0.0, Avg:  0.0, Max:  0.0, Diff:  0.0, Sum:  0.0, Workers: 4
[495.152s][debug][gc,phases      ] GC(74)     Dead                           Min: 0, Avg:  0.0, Max: 0, Diff: 0, Sum: 0, Workers: 4
[495.152s][debug][gc,phases      ] GC(74)     Total                          Min: 0, Avg:  0.0, Max: 0, Diff: 0, Sum: 0, Workers: 4
[495.152s][debug][gc,phases      ] GC(74)   StringDedup Requests0 Weak     Min:  0.0, Avg:  0.0, Max:  0.0, Diff:  0.0, Sum:  0.0, Workers: 4
[495.152s][debug][gc,phases      ] GC(74)     Dead                           Min: 0, Avg:  0.0, Max: 0, Diff: 0, Sum: 0, Workers: 4
[495.152s][debug][gc,phases      ] GC(74)     Total                          Min: 0, Avg:  0.0, Max: 0, Diff: 0, Sum: 0, Workers: 4
[495.152s][debug][gc,phases      ] GC(74)   StringDedup Requests1 Weak     Min:  0.0, Avg:  0.0, Max:  0.0, Diff:  0.0, Sum:  0.0, Workers: 4
[495.152s][debug][gc,phases      ] GC(74)     Dead                           Min: 0, Avg:  0.0, Max: 0, Diff: 0, Sum: 0, Workers: 4
[495.152s][debug][gc,phases      ] GC(74)     Total                          Min: 0, Avg:  0.0, Max: 0, Diff: 0, Sum: 0, Workers: 4
[495.152s][debug][gc,phases      ] GC(74)   Weak JFR Old Object Samples    Min:  0.0, Avg:  0.0, Max:  0.0, Diff:  0.0, Sum:  0.0, Workers: 4
[495.152s][debug][gc,phases      ] GC(74)     Dead                           Min: 0, Avg:  0.0, Max: 0, Diff: 0, Sum: 0, Workers: 4
[495.152s][debug][gc,phases      ] GC(74)     Total                          Min: 0, Avg:  0.0, Max: 0, Diff: 0, Sum: 0, Workers: 4
[495.152s][debug][gc,phases      ] GC(74) Weak Processing 0.341ms
[495.152s][debug][gc,age         ] GC(74) Desired survivor size 34078720 bytes, new threshold 15 (max threshold 15)
[495.152s][info ][gc,heap        ] GC(74) PSYoungGen: 2018644K(2055168K)->2384K(2063872K) Eden: 2016244K(2016256K)->0K(2028032K) From: 2400K(38912K)->2384K(35840K)
[495.152s][info ][gc,heap        ] GC(74) ParOldGen: 357997K(430080K)->358053K(430080K)
[495.152s][info ][gc,metaspace   ] GC(74) Metaspace: 84506K(85568K)->84506K(85568K) NonClass: 72189K(72768K)->72189K(72768K) Class: 12316K(12800K)->12316K(12800K)
[495.152s][info ][gc             ] GC(74) Pause Young (Allocation Failure) 2320M->351M(2435M) 5.638ms
[495.152s][info ][gc,cpu         ] GC(74) User=0.02s Sys=0.00s Real=0.00s
[495.152s][info ][safepoint      ] Safepoint "ParallelGCFailedAllocation", Time since last: 194711703 ns, Reaching safepoint: 4100 ns, Cleanup: 32100 ns, At safepoint: 5711503 ns, Total: 5747703 ns
[497.501s][info ][safepoint      ] Safepoint "Cleanup", Time since last: 2348843680 ns, Reaching safepoint: 3700 ns, Cleanup: 60400 ns, At safepoint: 5000 ns, Total: 69100 ns
[499.652s][info ][safepoint      ] Safepoint "Cleanup", Time since last: 2151543252 ns, Reaching safepoint: 4400 ns, Cleanup: 54700 ns, At safepoint: 2800 ns, Total: 61900 ns
[501.653s][info ][safepoint      ] Safepoint "Cleanup", Time since last: 2000179859 ns, Reaching safepoint: 4200 ns, Cleanup: 46900 ns, At safepoint: 7700 ns, Total: 58800 ns
[503.653s][info ][safepoint      ] Safepoint "Cleanup", Time since last: 2000134458 ns, Reaching safepoint: 5800 ns, Cleanup: 34800 ns, At safepoint: 2600 ns, Total: 43200 ns
[504.653s][info ][safepoint      ] Safepoint "Cleanup", Time since last: 1000106580 ns, Reaching safepoint: 6200 ns, Cleanup: 55100 ns, At safepoint: 2700 ns, Total: 64000 ns
[504.694s][info ][gc,start       ] GC(75) Pause Young (Allocation Failure)
[504.699s][debug][gc,phases      ] GC(75) Scavenge 5.192ms
[504.699s][debug][gc,ref         ] GC(75) Skipped phase 1 of Reference Processing: no references
[504.699s][debug][gc,ref         ] GC(75) ReferenceProcessor::execute queues: 1, RefProcThreadModel::Single, marks_oops_alive: false
[504.699s][debug][gc,ref         ] GC(75) Skipped phase 3 of Reference Processing: no references
[504.699s][debug][gc,ref         ] GC(75) ReferenceProcessor::execute queues: 1, RefProcThreadModel::Single, marks_oops_alive: false
[504.699s][debug][gc,phases      ] GC(75) Reference Processing 0.094ms
[504.700s][debug][gc,phases      ] GC(75)   VM Weak                        Min:  0.0, Avg:  0.0, Max:  0.0, Diff:  0.0, Sum:  0.0, Workers: 4
[504.700s][debug][gc,phases      ] GC(75)     Dead                           Min: 0, Avg:  0.0, Max: 0, Diff: 0, Sum: 0, Workers: 4
[504.700s][debug][gc,phases      ] GC(75)     Total                          Min: 0, Avg: 215.5, Max: 512, Diff: 512, Sum: 862, Workers: 4
[504.700s][debug][gc,phases      ] GC(75)   ObjectSynchronizer Weak        Min:  0.0, Avg:  0.0, Max:  0.0, Diff:  0.0, Sum:  0.0, Workers: 4
[504.700s][debug][gc,phases      ] GC(75)     Dead                           Min: 0, Avg:  0.0, Max: 0, Diff: 0, Sum: 0, Workers: 4
[504.700s][debug][gc,phases      ] GC(75)     Total                          Min: 0, Avg:  1.0, Max: 4, Diff: 4, Sum: 4, Workers: 4
[504.700s][debug][gc,phases      ] GC(75)   JVMTI Tag Weak OopStorage      Min:  0.0, Avg:  0.0, Max:  0.0, Diff:  0.0, Sum:  0.0, Workers: 4
[504.700s][debug][gc,phases      ] GC(75)     Dead                           Min: 0, Avg:  0.0, Max: 0, Diff: 0, Sum: 0, Workers: 4
[504.700s][debug][gc,phases      ] GC(75)     Total                          Min: 0, Avg:  0.0, Max: 0, Diff: 0, Sum: 0, Workers: 4
[504.700s][debug][gc,phases      ] GC(75)   StringTable Weak               Min:  0.0, Avg:  0.1, Max:  0.1, Diff:  0.1, Sum:  0.4, Workers: 4
[504.700s][debug][gc,phases      ] GC(75)     Dead                           Min: 0, Avg:  0.0, Max: 0, Diff: 0, Sum: 0, Workers: 4
[504.700s][debug][gc,phases      ] GC(75)     Total                          Min: 0, Avg: 11128.5, Max: 19264, Diff: 19264, Sum: 44514, Workers: 4
[504.700s][debug][gc,phases      ] GC(75)   ResolvedMethodTable Weak       Min:  0.0, Avg:  0.0, Max:  0.0, Diff:  0.0, Sum:  0.1, Workers: 4
[504.700s][debug][gc,phases      ] GC(75)     Dead                           Min: 0, Avg:  0.0, Max: 0, Diff: 0, Sum: 0, Workers: 4
[504.700s][debug][gc,phases      ] GC(75)     Total                          Min: 0, Avg: 2604.2, Max: 4479, Diff: 4479, Sum: 10417, Workers: 4
[504.700s][debug][gc,phases      ] GC(75)   JNI Weak                       Min:  0.0, Avg:  0.0, Max:  0.0, Diff:  0.0, Sum:  0.0, Workers: 4
[504.700s][debug][gc,phases      ] GC(75)     Dead                           Min: 0, Avg:  0.0, Max: 0, Diff: 0, Sum: 0, Workers: 4
[504.700s][debug][gc,phases      ] GC(75)     Total                          Min: 0, Avg: 11.2, Max: 45, Diff: 45, Sum: 45, Workers: 4
[504.700s][debug][gc,phases      ] GC(75)   StringDedup Table Weak         Min:  0.0, Avg:  0.0, Max:  0.0, Diff:  0.0, Sum:  0.0, Workers: 4
[504.700s][debug][gc,phases      ] GC(75)     Dead                           Min: 0, Avg:  0.0, Max: 0, Diff: 0, Sum: 0, Workers: 4
[504.700s][debug][gc,phases      ] GC(75)     Total                          Min: 0, Avg:  0.0, Max: 0, Diff: 0, Sum: 0, Workers: 4
[504.700s][debug][gc,phases      ] GC(75)   StringDedup Requests0 Weak     Min:  0.0, Avg:  0.0, Max:  0.0, Diff:  0.0, Sum:  0.0, Workers: 4
[504.700s][debug][gc,phases      ] GC(75)     Dead                           Min: 0, Avg:  0.0, Max: 0, Diff: 0, Sum: 0, Workers: 4
[504.700s][debug][gc,phases      ] GC(75)     Total                          Min: 0, Avg:  0.0, Max: 0, Diff: 0, Sum: 0, Workers: 4
[504.700s][debug][gc,phases      ] GC(75)   StringDedup Requests1 Weak     Min:  0.0, Avg:  0.0, Max:  0.0, Diff:  0.0, Sum:  0.0, Workers: 4
[504.700s][debug][gc,phases      ] GC(75)     Dead                           Min: 0, Avg:  0.0, Max: 0, Diff: 0, Sum: 0, Workers: 4
[504.700s][debug][gc,phases      ] GC(75)     Total                          Min: 0, Avg:  0.0, Max: 0, Diff: 0, Sum: 0, Workers: 4
[504.700s][debug][gc,phases      ] GC(75)   Weak JFR Old Object Samples    Min:  0.0, Avg:  0.0, Max:  0.0, Diff:  0.0, Sum:  0.0, Workers: 4
[504.700s][debug][gc,phases      ] GC(75)     Dead                           Min: 0, Avg:  0.0, Max: 0, Diff: 0, Sum: 0, Workers: 4
[504.700s][debug][gc,phases      ] GC(75)     Total                          Min: 0, Avg:  0.0, Max: 0, Diff: 0, Sum: 0, Workers: 4
[504.700s][debug][gc,phases      ] GC(75) Weak Processing 0.331ms
[504.700s][debug][gc,age         ] GC(75) Desired survivor size 31457280 bytes, new threshold 15 (max threshold 15)
[504.700s][info ][gc,heap        ] GC(75) PSYoungGen: 2030416K(2063872K)->2336K(2061312K) Eden: 2028032K(2028032K)->0K(2028032K) From: 2384K(35840K)->2336K(33280K)
[504.700s][info ][gc,heap        ] GC(75) ParOldGen: 358053K(430080K)->358194K(430080K)
[504.700s][info ][gc,metaspace   ] GC(75) Metaspace: 84507K(85568K)->84507K(85568K) NonClass: 72191K(72768K)->72191K(72768K) Class: 12316K(12800K)->12316K(12800K)
[504.700s][info ][gc             ] GC(75) Pause Young (Allocation Failure) 2332M->352M(2433M) 5.723ms
[504.700s][info ][gc,cpu         ] GC(75) User=0.02s Sys=0.00s Real=0.00s
[504.700s][info ][safepoint      ] Safepoint "ParallelGCFailedAllocation", Time since last: 41108152 ns, Reaching safepoint: 78301 ns, Cleanup: 32800 ns, At safepoint: 5795607 ns, Total: 5906708 ns
[505.700s][info ][safepoint      ] Safepoint "Cleanup", Time since last: 1000054900 ns, Reaching safepoint: 3500 ns, Cleanup: 37601 ns, At safepoint: 2200 ns, Total: 43301 ns
[506.700s][info ][safepoint      ] Safepoint "Cleanup", Time since last: 1000102533 ns, Reaching safepoint: 76901 ns, Cleanup: 42000 ns, At safepoint: 9400 ns, Total: 128301 ns
[507.700s][info ][safepoint      ] Safepoint "Cleanup", Time since last: 1000109034 ns, Reaching safepoint: 3800 ns, Cleanup: 38300 ns, At safepoint: 4000 ns, Total: 46100 ns
[508.701s][info ][safepoint      ] Safepoint "Cleanup", Time since last: 1000102334 ns, Reaching safepoint: 3700 ns, Cleanup: 35100 ns, At safepoint: 6200 ns, Total: 45000 ns
[510.701s][info ][safepoint      ] Safepoint "Cleanup", Time since last: 2000169707 ns, Reaching safepoint: 4300 ns, Cleanup: 28500 ns, At safepoint: 2400 ns, Total: 35200 ns
[512.701s][info ][safepoint      ] Safepoint "Cleanup", Time since last: 2000167806 ns, Reaching safepoint: 3800 ns, Cleanup: 37400 ns, At safepoint: 6100 ns, Total: 47300 ns
[514.342s][info ][gc,start       ] GC(76) Pause Young (Allocation Failure)
[514.345s][debug][gc,phases      ] GC(76) Scavenge 3.033ms
[514.345s][debug][gc,ref         ] GC(76) Skipped phase 1 of Reference Processing: no references
[514.346s][debug][gc,ref         ] GC(76) ReferenceProcessor::execute queues: 1, RefProcThreadModel::Single, marks_oops_alive: false
[514.346s][debug][gc,ref         ] GC(76) Skipped phase 3 of Reference Processing: no references
[514.346s][debug][gc,ref         ] GC(76) ReferenceProcessor::execute queues: 1, RefProcThreadModel::Single, marks_oops_alive: false
[514.346s][debug][gc,phases      ] GC(76) Reference Processing 0.092ms
[514.346s][debug][gc,phases      ] GC(76)   VM Weak                        Min:  0.0, Avg:  0.0, Max:  0.0, Diff:  0.0, Sum:  0.0, Workers: 4
[514.346s][debug][gc,phases      ] GC(76)     Dead                           Min: 0, Avg:  0.0, Max: 0, Diff: 0, Sum: 0, Workers: 4
[514.346s][debug][gc,phases      ] GC(76)     Total                          Min: 0, Avg: 215.5, Max: 448, Diff: 448, Sum: 862, Workers: 4
[514.346s][debug][gc,phases      ] GC(76)   ObjectSynchronizer Weak        Min:  0.0, Avg:  0.0, Max:  0.0, Diff:  0.0, Sum:  0.0, Workers: 4
[514.346s][debug][gc,phases      ] GC(76)     Dead                           Min: 0, Avg:  0.0, Max: 0, Diff: 0, Sum: 0, Workers: 4
[514.346s][debug][gc,phases      ] GC(76)     Total                          Min: 0, Avg:  1.0, Max: 4, Diff: 4, Sum: 4, Workers: 4
[514.346s][debug][gc,phases      ] GC(76)   JVMTI Tag Weak OopStorage      Min:  0.0, Avg:  0.0, Max:  0.0, Diff:  0.0, Sum:  0.0, Workers: 4
[514.346s][debug][gc,phases      ] GC(76)     Dead                           Min: 0, Avg:  0.0, Max: 0, Diff: 0, Sum: 0, Workers: 4
[514.346s][debug][gc,phases      ] GC(76)     Total                          Min: 0, Avg:  0.0, Max: 0, Diff: 0, Sum: 0, Workers: 4
[514.346s][debug][gc,phases      ] GC(76)   StringTable Weak               Min:  0.0, Avg:  0.1, Max:  0.1, Diff:  0.1, Sum:  0.4, Workers: 4
[514.346s][debug][gc,phases      ] GC(76)     Dead                           Min: 0, Avg:  0.0, Max: 0, Diff: 0, Sum: 0, Workers: 4
[514.346s][debug][gc,phases      ] GC(76)     Total                          Min: 0, Avg: 11128.5, Max: 19008, Diff: 19008, Sum: 44514, Workers: 4
[514.346s][debug][gc,phases      ] GC(76)   ResolvedMethodTable Weak       Min:  0.0, Avg:  0.0, Max:  0.0, Diff:  0.0, Sum:  0.1, Workers: 4
[514.346s][debug][gc,phases      ] GC(76)     Dead                           Min: 0, Avg:  0.0, Max: 0, Diff: 0, Sum: 0, Workers: 4
[514.346s][debug][gc,phases      ] GC(76)     Total                          Min: 0, Avg: 2604.2, Max: 4734, Diff: 4734, Sum: 10417, Workers: 4
[514.346s][debug][gc,phases      ] GC(76)   JNI Weak                       Min:  0.0, Avg:  0.0, Max:  0.0, Diff:  0.0, Sum:  0.0, Workers: 4
[514.346s][debug][gc,phases      ] GC(76)     Dead                           Min: 0, Avg:  0.0, Max: 0, Diff: 0, Sum: 0, Workers: 4
[514.346s][debug][gc,phases      ] GC(76)     Total                          Min: 0, Avg: 11.2, Max: 45, Diff: 45, Sum: 45, Workers: 4
[514.346s][debug][gc,phases      ] GC(76)   StringDedup Table Weak         Min:  0.0, Avg:  0.0, Max:  0.0, Diff:  0.0, Sum:  0.0, Workers: 4
[514.346s][debug][gc,phases      ] GC(76)     Dead                           Min: 0, Avg:  0.0, Max: 0, Diff: 0, Sum: 0, Workers: 4
[514.346s][debug][gc,phases      ] GC(76)     Total                          Min: 0, Avg:  0.0, Max: 0, Diff: 0, Sum: 0, Workers: 4
[514.346s][debug][gc,phases      ] GC(76)   StringDedup Requests0 Weak     Min:  0.0, Avg:  0.0, Max:  0.0, Diff:  0.0, Sum:  0.0, Workers: 4
[514.346s][debug][gc,phases      ] GC(76)     Dead                           Min: 0, Avg:  0.0, Max: 0, Diff: 0, Sum: 0, Workers: 4
[514.346s][debug][gc,phases      ] GC(76)     Total                          Min: 0, Avg:  0.0, Max: 0, Diff: 0, Sum: 0, Workers: 4
[514.346s][debug][gc,phases      ] GC(76)   StringDedup Requests1 Weak     Min:  0.0, Avg:  0.0, Max:  0.0, Diff:  0.0, Sum:  0.0, Workers: 4
[514.346s][debug][gc,phases      ] GC(76)     Dead                           Min: 0, Avg:  0.0, Max: 0, Diff: 0, Sum: 0, Workers: 4
[514.346s][debug][gc,phases      ] GC(76)     Total                          Min: 0, Avg:  0.0, Max: 0, Diff: 0, Sum: 0, Workers: 4
[514.346s][debug][gc,phases      ] GC(76)   Weak JFR Old Object Samples    Min:  0.0, Avg:  0.0, Max:  0.0, Diff:  0.0, Sum:  0.0, Workers: 4
[514.346s][debug][gc,phases      ] GC(76)     Dead                           Min: 0, Avg:  0.0, Max: 0, Diff: 0, Sum: 0, Workers: 4
[514.346s][debug][gc,phases      ] GC(76)     Total                          Min: 0, Avg:  0.0, Max: 0, Diff: 0, Sum: 0, Workers: 4
[514.346s][debug][gc,phases      ] GC(76) Weak Processing 0.322ms
[514.346s][debug][gc,age         ] GC(76) Desired survivor size 29360128 bytes, new threshold 15 (max threshold 15)
[514.346s][info ][gc,heap        ] GC(76) PSYoungGen: 2030368K(2061312K)->1824K(2068480K) Eden: 2028032K(2028032K)->0K(2037760K) From: 2336K(33280K)->1824K(30720K)
[514.346s][info ][gc,heap        ] GC(76) ParOldGen: 358194K(430080K)->358722K(430080K)
[514.346s][info ][gc,metaspace   ] GC(76) Metaspace: 84529K(85632K)->84529K(85632K) NonClass: 72213K(72832K)->72213K(72832K) Class: 12316K(12800K)->12316K(12800K)
[514.346s][info ][gc             ] GC(76) Pause Young (Allocation Failure) 2332M->352M(2440M) 3.544ms
[514.346s][info ][gc,cpu         ] GC(76) User=0.01s Sys=0.00s Real=0.00s
[514.346s][info ][safepoint      ] Safepoint "ParallelGCFailedAllocation", Time since last: 1641308643 ns, Reaching safepoint: 75801 ns, Cleanup: 20300 ns, At safepoint: 3609663 ns, Total: 3705764 ns
[517.346s][info ][safepoint      ] Safepoint "Cleanup", Time since last: 3000211698 ns, Reaching safepoint: 3400 ns, Cleanup: 36700 ns, At safepoint: 2300 ns, Total: 42400 ns
[518.346s][info ][safepoint      ] Safepoint "Cleanup", Time since last: 1000101093 ns, Reaching safepoint: 3700 ns, Cleanup: 30000 ns, At safepoint: 2400 ns, Total: 36100 ns
[520.347s][info ][safepoint      ] Safepoint "Cleanup", Time since last: 2000168984 ns, Reaching safepoint: 74201 ns, Cleanup: 32000 ns, At safepoint: 5900 ns, Total: 112101 ns
[521.347s][info ][safepoint      ] Safepoint "Cleanup", Time since last: 1000106382 ns, Reaching safepoint: 3700 ns, Cleanup: 35800 ns, At safepoint: 2300 ns, Total: 41800 ns
[522.347s][info ][safepoint      ] Safepoint "Cleanup", Time since last: 1000103276 ns, Reaching safepoint: 4500 ns, Cleanup: 38400 ns, At safepoint: 2500 ns, Total: 45400 ns
[523.347s][info ][safepoint      ] Safepoint "Cleanup", Time since last: 1000097776 ns, Reaching safepoint: 70500 ns, Cleanup: 37801 ns, At safepoint: 5500 ns, Total: 113801 ns
[524.143s][info ][gc,start       ] GC(77) Pause Young (Allocation Failure)
[524.148s][debug][gc,phases      ] GC(77) Scavenge 4.703ms
[524.148s][debug][gc,ref         ] GC(77) Skipped phase 1 of Reference Processing: no references
[524.148s][debug][gc,ref         ] GC(77) ReferenceProcessor::execute queues: 1, RefProcThreadModel::Single, marks_oops_alive: false
[524.148s][debug][gc,ref         ] GC(77) Skipped phase 3 of Reference Processing: no references
[524.148s][debug][gc,ref         ] GC(77) ReferenceProcessor::execute queues: 1, RefProcThreadModel::Single, marks_oops_alive: false
[524.148s][debug][gc,phases      ] GC(77) Reference Processing 0.092ms
[524.148s][debug][gc,phases      ] GC(77)   VM Weak                        Min:  0.0, Avg:  0.0, Max:  0.0, Diff:  0.0, Sum:  0.0, Workers: 4
[524.148s][debug][gc,phases      ] GC(77)     Dead                           Min: 0, Avg:  0.0, Max: 0, Diff: 0, Sum: 0, Workers: 4
[524.148s][debug][gc,phases      ] GC(77)     Total                          Min: 0, Avg: 215.5, Max: 606, Diff: 606, Sum: 862, Workers: 4
[524.148s][debug][gc,phases      ] GC(77)   ObjectSynchronizer Weak        Min:  0.0, Avg:  0.0, Max:  0.0, Diff:  0.0, Sum:  0.0, Workers: 4
[524.148s][debug][gc,phases      ] GC(77)     Dead                           Min: 0, Avg:  0.0, Max: 0, Diff: 0, Sum: 0, Workers: 4
[524.148s][debug][gc,phases      ] GC(77)     Total                          Min: 0, Avg:  1.0, Max: 4, Diff: 4, Sum: 4, Workers: 4
[524.148s][debug][gc,phases      ] GC(77)   JVMTI Tag Weak OopStorage      Min:  0.0, Avg:  0.0, Max:  0.0, Diff:  0.0, Sum:  0.0, Workers: 4
[524.148s][debug][gc,phases      ] GC(77)     Dead                           Min: 0, Avg:  0.0, Max: 0, Diff: 0, Sum: 0, Workers: 4
[524.148s][debug][gc,phases      ] GC(77)     Total                          Min: 0, Avg:  0.0, Max: 0, Diff: 0, Sum: 0, Workers: 4
[524.148s][debug][gc,phases      ] GC(77)   StringTable Weak               Min:  0.0, Avg:  0.1, Max:  0.1, Diff:  0.1, Sum:  0.4, Workers: 4
[524.148s][debug][gc,phases      ] GC(77)     Dead                           Min: 0, Avg:  0.0, Max: 0, Diff: 0, Sum: 0, Workers: 4
[524.148s][debug][gc,phases      ] GC(77)     Total                          Min: 0, Avg: 11128.5, Max: 18624, Diff: 18624, Sum: 44514, Workers: 4
[524.148s][debug][gc,phases      ] GC(77)   ResolvedMethodTable Weak       Min:  0.0, Avg:  0.0, Max:  0.0, Diff:  0.0, Sum:  0.1, Workers: 4
[524.148s][debug][gc,phases      ] GC(77)     Dead                           Min: 0, Avg:  0.0, Max: 0, Diff: 0, Sum: 0, Workers: 4
[524.148s][debug][gc,phases      ] GC(77)     Total                          Min: 0, Avg: 2604.2, Max: 4607, Diff: 4607, Sum: 10417, Workers: 4
[524.148s][debug][gc,phases      ] GC(77)   JNI Weak                       Min:  0.0, Avg:  0.0, Max:  0.0, Diff:  0.0, Sum:  0.0, Workers: 4
[524.148s][debug][gc,phases      ] GC(77)     Dead                           Min: 0, Avg:  0.0, Max: 0, Diff: 0, Sum: 0, Workers: 4
[524.148s][debug][gc,phases      ] GC(77)     Total                          Min: 0, Avg: 11.2, Max: 45, Diff: 45, Sum: 45, Workers: 4
[524.148s][debug][gc,phases      ] GC(77)   StringDedup Table Weak         Min:  0.0, Avg:  0.0, Max:  0.0, Diff:  0.0, Sum:  0.0, Workers: 4
[524.148s][debug][gc,phases      ] GC(77)     Dead                           Min: 0, Avg:  0.0, Max: 0, Diff: 0, Sum: 0, Workers: 4
[524.148s][debug][gc,phases      ] GC(77)     Total                          Min: 0, Avg:  0.0, Max: 0, Diff: 0, Sum: 0, Workers: 4
[524.148s][debug][gc,phases      ] GC(77)   StringDedup Requests0 Weak     Min:  0.0, Avg:  0.0, Max:  0.0, Diff:  0.0, Sum:  0.0, Workers: 4
[524.148s][debug][gc,phases      ] GC(77)     Dead                           Min: 0, Avg:  0.0, Max: 0, Diff: 0, Sum: 0, Workers: 4
[524.148s][debug][gc,phases      ] GC(77)     Total                          Min: 0, Avg:  0.0, Max: 0, Diff: 0, Sum: 0, Workers: 4
[524.148s][debug][gc,phases      ] GC(77)   StringDedup Requests1 Weak     Min:  0.0, Avg:  0.0, Max:  0.0, Diff:  0.0, Sum:  0.0, Workers: 4
[524.148s][debug][gc,phases      ] GC(77)     Dead                           Min: 0, Avg:  0.0, Max: 0, Diff: 0, Sum: 0, Workers: 4
[524.148s][debug][gc,phases      ] GC(77)     Total                          Min: 0, Avg:  0.0, Max: 0, Diff: 0, Sum: 0, Workers: 4
[524.148s][debug][gc,phases      ] GC(77)   Weak JFR Old Object Samples    Min:  0.0, Avg:  0.0, Max:  0.0, Diff:  0.0, Sum:  0.0, Workers: 4
[524.148s][debug][gc,phases      ] GC(77)     Dead                           Min: 0, Avg:  0.0, Max: 0, Diff: 0, Sum: 0, Workers: 4
[524.148s][debug][gc,phases      ] GC(77)     Total                          Min: 0, Avg:  0.0, Max: 0, Diff: 0, Sum: 0, Workers: 4
[524.148s][debug][gc,phases      ] GC(77) Weak Processing 0.334ms
[524.148s][debug][gc,age         ] GC(77) Desired survivor size 27262976 bytes, new threshold 15 (max threshold 15)
[524.148s][info ][gc,heap        ] GC(77) PSYoungGen: 2039584K(2068480K)->1792K(2066432K) Eden: 2037760K(2037760K)->0K(2037760K) From: 1824K(30720K)->1792K(28672K)
[524.148s][info ][gc,heap        ] GC(77) ParOldGen: 358722K(430080K)->358754K(430080K)
[524.148s][info ][gc,metaspace   ] GC(77) Metaspace: 84545K(85632K)->84545K(85632K) NonClass: 72229K(72832K)->72229K(72832K) Class: 12316K(12800K)->12316K(12800K)
[524.149s][info ][gc             ] GC(77) Pause Young (Allocation Failure) 2342M->352M(2438M) 5.240ms
[524.149s][info ][gc,cpu         ] GC(77) User=0.01s Sys=0.00s Real=0.00s
[524.149s][info ][safepoint      ] Safepoint "ParallelGCFailedAllocation", Time since last: 795944533 ns, Reaching safepoint: 79100 ns, Cleanup: 41100 ns, At safepoint: 5315815 ns, Total: 5436015 ns
[527.149s][info ][safepoint      ] Safepoint "Cleanup", Time since last: 3000215577 ns, Reaching safepoint: 3300 ns, Cleanup: 37800 ns, At safepoint: 2300 ns, Total: 43400 ns
[531.149s][info ][safepoint      ] Safepoint "Cleanup", Time since last: 4000284114 ns, Reaching safepoint: 3600 ns, Cleanup: 34300 ns, At safepoint: 2400 ns, Total: 40300 ns
[533.149s][info ][safepoint      ] Safepoint "Cleanup", Time since last: 2000168989 ns, Reaching safepoint: 4400 ns, Cleanup: 38500 ns, At safepoint: 4400 ns, Total: 47300 ns
[534.149s][info ][safepoint      ] Safepoint "Cleanup", Time since last: 1000105844 ns, Reaching safepoint: 4400 ns, Cleanup: 31400 ns, At safepoint: 2200 ns, Total: 38000 ns
[534.342s][info ][gc,start       ] GC(78) Pause Young (Allocation Failure)
[534.347s][debug][gc,phases      ] GC(78) Scavenge 4.373ms
[534.347s][debug][gc,ref         ] GC(78) Skipped phase 1 of Reference Processing: no references
[534.347s][debug][gc,ref         ] GC(78) ReferenceProcessor::execute queues: 1, RefProcThreadModel::Single, marks_oops_alive: false
[534.347s][debug][gc,ref         ] GC(78) Skipped phase 3 of Reference Processing: no references
[534.347s][debug][gc,ref         ] GC(78) ReferenceProcessor::execute queues: 1, RefProcThreadModel::Single, marks_oops_alive: false
[534.347s][debug][gc,phases      ] GC(78) Reference Processing 0.103ms
[534.347s][debug][gc,phases      ] GC(78)   VM Weak                        Min:  0.0, Avg:  0.0, Max:  0.0, Diff:  0.0, Sum:  0.0, Workers: 4
[534.347s][debug][gc,phases      ] GC(78)     Dead                           Min: 0, Avg:  0.0, Max: 0, Diff: 0, Sum: 0, Workers: 4
[534.347s][debug][gc,phases      ] GC(78)     Total                          Min: 0, Avg: 215.5, Max: 768, Diff: 768, Sum: 862, Workers: 4
[534.347s][debug][gc,phases      ] GC(78)   ObjectSynchronizer Weak        Min:  0.0, Avg:  0.0, Max:  0.0, Diff:  0.0, Sum:  0.0, Workers: 4
[534.347s][debug][gc,phases      ] GC(78)     Dead                           Min: 0, Avg:  0.0, Max: 0, Diff: 0, Sum: 0, Workers: 4
[534.347s][debug][gc,phases      ] GC(78)     Total                          Min: 0, Avg:  1.0, Max: 4, Diff: 4, Sum: 4, Workers: 4
[534.347s][debug][gc,phases      ] GC(78)   JVMTI Tag Weak OopStorage      Min:  0.0, Avg:  0.0, Max:  0.0, Diff:  0.0, Sum:  0.0, Workers: 4
[534.347s][debug][gc,phases      ] GC(78)     Dead                           Min: 0, Avg:  0.0, Max: 0, Diff: 0, Sum: 0, Workers: 4
[534.347s][debug][gc,phases      ] GC(78)     Total                          Min: 0, Avg:  0.0, Max: 0, Diff: 0, Sum: 0, Workers: 4
[534.347s][debug][gc,phases      ] GC(78)   StringTable Weak               Min:  0.0, Avg:  0.1, Max:  0.1, Diff:  0.1, Sum:  0.3, Workers: 4
[534.347s][debug][gc,phases      ] GC(78)     Dead                           Min: 0, Avg:  0.0, Max: 0, Diff: 0, Sum: 0, Workers: 4
[534.347s][debug][gc,phases      ] GC(78)     Total                          Min: 0, Avg: 11128.5, Max: 18786, Diff: 18786, Sum: 44514, Workers: 4
[534.347s][debug][gc,phases      ] GC(78)   ResolvedMethodTable Weak       Min:  0.0, Avg:  0.0, Max:  0.0, Diff:  0.0, Sum:  0.1, Workers: 4
[534.347s][debug][gc,phases      ] GC(78)     Dead                           Min: 0, Avg:  0.0, Max: 0, Diff: 0, Sum: 0, Workers: 4
[534.347s][debug][gc,phases      ] GC(78)     Total                          Min: 0, Avg: 2604.2, Max: 4607, Diff: 4607, Sum: 10417, Workers: 4
[534.347s][debug][gc,phases      ] GC(78)   JNI Weak                       Min:  0.0, Avg:  0.0, Max:  0.0, Diff:  0.0, Sum:  0.0, Workers: 4
[534.347s][debug][gc,phases      ] GC(78)     Dead                           Min: 0, Avg:  0.0, Max: 0, Diff: 0, Sum: 0, Workers: 4
[534.347s][debug][gc,phases      ] GC(78)     Total                          Min: 0, Avg: 11.2, Max: 45, Diff: 45, Sum: 45, Workers: 4
[534.347s][debug][gc,phases      ] GC(78)   StringDedup Table Weak         Min:  0.0, Avg:  0.0, Max:  0.0, Diff:  0.0, Sum:  0.0, Workers: 4
[534.347s][debug][gc,phases      ] GC(78)     Dead                           Min: 0, Avg:  0.0, Max: 0, Diff: 0, Sum: 0, Workers: 4
[534.347s][debug][gc,phases      ] GC(78)     Total                          Min: 0, Avg:  0.0, Max: 0, Diff: 0, Sum: 0, Workers: 4
[534.347s][debug][gc,phases      ] GC(78)   StringDedup Requests0 Weak     Min:  0.0, Avg:  0.0, Max:  0.0, Diff:  0.0, Sum:  0.0, Workers: 4
[534.347s][debug][gc,phases      ] GC(78)     Dead                           Min: 0, Avg:  0.0, Max: 0, Diff: 0, Sum: 0, Workers: 4
[534.347s][debug][gc,phases      ] GC(78)     Total                          Min: 0, Avg:  0.0, Max: 0, Diff: 0, Sum: 0, Workers: 4
[534.347s][debug][gc,phases      ] GC(78)   StringDedup Requests1 Weak     Min:  0.0, Avg:  0.0, Max:  0.0, Diff:  0.0, Sum:  0.0, Workers: 4
[534.347s][debug][gc,phases      ] GC(78)     Dead                           Min: 0, Avg:  0.0, Max: 0, Diff: 0, Sum: 0, Workers: 4
[534.347s][debug][gc,phases      ] GC(78)     Total                          Min: 0, Avg:  0.0, Max: 0, Diff: 0, Sum: 0, Workers: 4
[534.347s][debug][gc,phases      ] GC(78)   Weak JFR Old Object Samples    Min:  0.0, Avg:  0.0, Max:  0.0, Diff:  0.0, Sum:  0.0, Workers: 4
[534.347s][debug][gc,phases      ] GC(78)     Dead                           Min: 0, Avg:  0.0, Max: 0, Diff: 0, Sum: 0, Workers: 4
[534.347s][debug][gc,phases      ] GC(78)     Total                          Min: 0, Avg:  0.0, Max: 0, Diff: 0, Sum: 0, Workers: 4
[534.347s][debug][gc,phases      ] GC(78) Weak Processing 0.328ms
[534.347s][debug][gc,age         ] GC(78) Desired survivor size 25165824 bytes, new threshold 15 (max threshold 15)
[534.347s][info ][gc,heap        ] GC(78) PSYoungGen: 2039552K(2066432K)->1808K(2072576K) Eden: 2037760K(2037760K)->0K(2045952K) From: 1792K(28672K)->1808K(26624K)
[534.347s][info ][gc,heap        ] GC(78) ParOldGen: 358754K(430080K)->358770K(430080K)
[534.347s][info ][gc,metaspace   ] GC(78) Metaspace: 84554K(85632K)->84554K(85632K) NonClass: 72237K(72832K)->72237K(72832K) Class: 12316K(12800K)->12316K(12800K)
[534.347s][info ][gc             ] GC(78) Pause Young (Allocation Failure) 2342M->352M(2444M) 4.898ms
[534.347s][info ][gc,cpu         ] GC(78) User=0.01s Sys=0.00s Real=0.00s
[534.347s][info ][safepoint      ] Safepoint "ParallelGCFailedAllocation", Time since last: 192544548 ns, Reaching safepoint: 75800 ns, Cleanup: 30200 ns, At safepoint: 4972414 ns, Total: 5078414 ns
[540.168s][info ][safepoint      ] Safepoint "Cleanup", Time since last: 5821302271 ns, Reaching safepoint: 2600 ns, Cleanup: 46500 ns, At safepoint: 3500 ns, Total: 52600 ns
[546.169s][info ][safepoint      ] Safepoint "Cleanup", Time since last: 6000375570 ns, Reaching safepoint: 3900 ns, Cleanup: 41501 ns, At safepoint: 4100 ns, Total: 49501 ns
[546.189s][info ][gc,start       ] GC(79) Pause Young (Allocation Failure)
[546.194s][debug][gc,phases      ] GC(79) Scavenge 4.491ms
[546.194s][debug][gc,ref         ] GC(79) Skipped phase 1 of Reference Processing: no references
[546.194s][debug][gc,ref         ] GC(79) ReferenceProcessor::execute queues: 1, RefProcThreadModel::Single, marks_oops_alive: false
[546.194s][debug][gc,ref         ] GC(79) Skipped phase 3 of Reference Processing: no references
[546.194s][debug][gc,ref         ] GC(79) ReferenceProcessor::execute queues: 1, RefProcThreadModel::Single, marks_oops_alive: false
[546.194s][debug][gc,phases      ] GC(79) Reference Processing 0.090ms
[546.194s][debug][gc,phases      ] GC(79)   VM Weak                        Min:  0.0, Avg:  0.0, Max:  0.0, Diff:  0.0, Sum:  0.0, Workers: 4
[546.194s][debug][gc,phases      ] GC(79)     Dead                           Min: 0, Avg:  0.0, Max: 0, Diff: 0, Sum: 0, Workers: 4
[546.194s][debug][gc,phases      ] GC(79)     Total                          Min: 0, Avg: 215.5, Max: 576, Diff: 576, Sum: 862, Workers: 4
[546.194s][debug][gc,phases      ] GC(79)   ObjectSynchronizer Weak        Min:  0.0, Avg:  0.0, Max:  0.0, Diff:  0.0, Sum:  0.0, Workers: 4
[546.194s][debug][gc,phases      ] GC(79)     Dead                           Min: 0, Avg:  0.0, Max: 0, Diff: 0, Sum: 0, Workers: 4
[546.194s][debug][gc,phases      ] GC(79)     Total                          Min: 0, Avg:  1.0, Max: 4, Diff: 4, Sum: 4, Workers: 4
[546.194s][debug][gc,phases      ] GC(79)   JVMTI Tag Weak OopStorage      Min:  0.0, Avg:  0.0, Max:  0.0, Diff:  0.0, Sum:  0.0, Workers: 4
[546.194s][debug][gc,phases      ] GC(79)     Dead                           Min: 0, Avg:  0.0, Max: 0, Diff: 0, Sum: 0, Workers: 4
[546.194s][debug][gc,phases      ] GC(79)     Total                          Min: 0, Avg:  0.0, Max: 0, Diff: 0, Sum: 0, Workers: 4
[546.194s][debug][gc,phases      ] GC(79)   StringTable Weak               Min:  0.0, Avg:  0.1, Max:  0.1, Diff:  0.1, Sum:  0.4, Workers: 4
[546.194s][debug][gc,phases      ] GC(79)     Dead                           Min: 0, Avg:  0.0, Max: 0, Diff: 0, Sum: 0, Workers: 4
[546.194s][debug][gc,phases      ] GC(79)     Total                          Min: 0, Avg: 11128.5, Max: 16640, Diff: 16640, Sum: 44514, Workers: 4
[546.194s][debug][gc,phases      ] GC(79)   ResolvedMethodTable Weak       Min:  0.0, Avg:  0.0, Max:  0.0, Diff:  0.0, Sum:  0.1, Workers: 4
[546.194s][debug][gc,phases      ] GC(79)     Dead                           Min: 0, Avg:  0.0, Max: 0, Diff: 0, Sum: 0, Workers: 4
[546.194s][debug][gc,phases      ] GC(79)     Total                          Min: 0, Avg: 2604.2, Max: 3903, Diff: 3903, Sum: 10417, Workers: 4
[546.194s][debug][gc,phases      ] GC(79)   JNI Weak                       Min:  0.0, Avg:  0.0, Max:  0.0, Diff:  0.0, Sum:  0.0, Workers: 4
[546.194s][debug][gc,phases      ] GC(79)     Dead                           Min: 0, Avg:  0.0, Max: 0, Diff: 0, Sum: 0, Workers: 4
[546.194s][debug][gc,phases      ] GC(79)     Total                          Min: 0, Avg: 11.2, Max: 45, Diff: 45, Sum: 45, Workers: 4
[546.194s][debug][gc,phases      ] GC(79)   StringDedup Table Weak         Min:  0.0, Avg:  0.0, Max:  0.0, Diff:  0.0, Sum:  0.0, Workers: 4
[546.194s][debug][gc,phases      ] GC(79)     Dead                           Min: 0, Avg:  0.0, Max: 0, Diff: 0, Sum: 0, Workers: 4
[546.194s][debug][gc,phases      ] GC(79)     Total                          Min: 0, Avg:  0.0, Max: 0, Diff: 0, Sum: 0, Workers: 4
[546.194s][debug][gc,phases      ] GC(79)   StringDedup Requests0 Weak     Min:  0.0, Avg:  0.0, Max:  0.0, Diff:  0.0, Sum:  0.0, Workers: 4
[546.194s][debug][gc,phases      ] GC(79)     Dead                           Min: 0, Avg:  0.0, Max: 0, Diff: 0, Sum: 0, Workers: 4
[546.194s][debug][gc,phases      ] GC(79)     Total                          Min: 0, Avg:  0.0, Max: 0, Diff: 0, Sum: 0, Workers: 4
[546.194s][debug][gc,phases      ] GC(79)   StringDedup Requests1 Weak     Min:  0.0, Avg:  0.0, Max:  0.0, Diff:  0.0, Sum:  0.0, Workers: 4
[546.194s][debug][gc,phases      ] GC(79)     Dead                           Min: 0, Avg:  0.0, Max: 0, Diff: 0, Sum: 0, Workers: 4
[546.194s][debug][gc,phases      ] GC(79)     Total                          Min: 0, Avg:  0.0, Max: 0, Diff: 0, Sum: 0, Workers: 4
[546.194s][debug][gc,phases      ] GC(79)   Weak JFR Old Object Samples    Min:  0.0, Avg:  0.0, Max:  0.0, Diff:  0.0, Sum:  0.0, Workers: 4
[546.194s][debug][gc,phases      ] GC(79)     Dead                           Min: 0, Avg:  0.0, Max: 0, Diff: 0, Sum: 0, Workers: 4
[546.194s][debug][gc,phases      ] GC(79)     Total                          Min: 0, Avg:  0.0, Max: 0, Diff: 0, Sum: 0, Workers: 4
[546.194s][debug][gc,phases      ] GC(79) Weak Processing 0.347ms
[546.194s][debug][gc,age         ] GC(79) Desired survivor size 23592960 bytes, new threshold 15 (max threshold 15)
[546.194s][info ][gc,heap        ] GC(79) PSYoungGen: 2047760K(2072576K)->1744K(2070528K) Eden: 2045952K(2045952K)->0K(2045952K) From: 1808K(26624K)->1744K(24576K)
[546.194s][info ][gc,heap        ] GC(79) ParOldGen: 358770K(430080K)->358794K(430080K)
[546.194s][info ][gc,metaspace   ] GC(79) Metaspace: 84555K(85632K)->84555K(85632K) NonClass: 72239K(72832K)->72239K(72832K) Class: 12316K(12800K)->12316K(12800K)
[546.194s][info ][gc             ] GC(79) Pause Young (Allocation Failure) 2350M->352M(2442M) 5.017ms
[546.194s][info ][gc,cpu         ] GC(79) User=0.01s Sys=0.01s Real=0.01s
[546.194s][info ][safepoint      ] Safepoint "ParallelGCFailedAllocation", Time since last: 20501256 ns, Reaching safepoint: 3400 ns, Cleanup: 24600 ns, At safepoint: 5084215 ns, Total: 5112215 ns
[549.677s][info ][safepoint      ] Safepoint "Cleanup", Time since last: 3482867552 ns, Reaching safepoint: 78300 ns, Cleanup: 39900 ns, At safepoint: 7000 ns, Total: 125200 ns
[550.678s][info ][safepoint      ] Safepoint "Cleanup", Time since last: 1000106571 ns, Reaching safepoint: 3400 ns, Cleanup: 43701 ns, At safepoint: 2300 ns, Total: 49401 ns
[551.678s][info ][safepoint      ] Safepoint "Cleanup", Time since last: 1000100071 ns, Reaching safepoint: 4300 ns, Cleanup: 39600 ns, At safepoint: 2600 ns, Total: 46500 ns
[552.678s][info ][safepoint      ] Safepoint "Cleanup", Time since last: 1000094672 ns, Reaching safepoint: 3500 ns, Cleanup: 34000 ns, At safepoint: 2500 ns, Total: 40000 ns
[553.678s][info ][safepoint      ] Safepoint "Cleanup", Time since last: 1000121191 ns, Reaching safepoint: 3900 ns, Cleanup: 34000 ns, At safepoint: 3100 ns, Total: 41000 ns
[554.678s][info ][safepoint      ] Safepoint "Cleanup", Time since last: 1000102004 ns, Reaching safepoint: 3400 ns, Cleanup: 35200 ns, At safepoint: 2400 ns, Total: 41000 ns
[555.678s][info ][safepoint      ] Safepoint "Cleanup", Time since last: 1000097505 ns, Reaching safepoint: 3600 ns, Cleanup: 45600 ns, At safepoint: 7100 ns, Total: 56300 ns
[557.679s][info ][safepoint      ] Safepoint "Cleanup", Time since last: 2000144208 ns, Reaching safepoint: 4100 ns, Cleanup: 47200 ns, At safepoint: 2300 ns, Total: 53600 ns
[558.679s][info ][safepoint      ] Safepoint "Cleanup", Time since last: 1000091505 ns, Reaching safepoint: 3900 ns, Cleanup: 34600 ns, At safepoint: 2100 ns, Total: 40600 ns
[559.679s][info ][safepoint      ] Safepoint "Cleanup", Time since last: 1000094704 ns, Reaching safepoint: 4000 ns, Cleanup: 34800 ns, At safepoint: 3800 ns, Total: 42600 ns
[560.679s][info ][safepoint      ] Safepoint "Cleanup", Time since last: 1000093405 ns, Reaching safepoint: 4200 ns, Cleanup: 43700 ns, At safepoint: 2400 ns, Total: 50300 ns
[561.137s][info ][gc,start       ] GC(80) Pause Young (Allocation Failure)
[561.153s][debug][gc,phases      ] GC(80) Scavenge 15.366ms
[561.153s][debug][gc,ref         ] GC(80) Skipped phase 1 of Reference Processing: no references
[561.153s][debug][gc,ref         ] GC(80) ReferenceProcessor::execute queues: 1, RefProcThreadModel::Single, marks_oops_alive: false
[561.153s][debug][gc,ref         ] GC(80) Skipped phase 3 of Reference Processing: no references
[561.153s][debug][gc,ref         ] GC(80) ReferenceProcessor::execute queues: 1, RefProcThreadModel::Single, marks_oops_alive: false
[561.153s][debug][gc,phases      ] GC(80) Reference Processing 0.098ms
[561.153s][debug][gc,phases      ] GC(80)   VM Weak                        Min:  0.0, Avg:  0.0, Max:  0.0, Diff:  0.0, Sum:  0.0, Workers: 4
[561.153s][debug][gc,phases      ] GC(80)     Dead                           Min: 0, Avg:  0.0, Max: 0, Diff: 0, Sum: 0, Workers: 4
[561.153s][debug][gc,phases      ] GC(80)     Total                          Min: 0, Avg: 215.5, Max: 576, Diff: 576, Sum: 862, Workers: 4
[561.153s][debug][gc,phases      ] GC(80)   ObjectSynchronizer Weak        Min:  0.0, Avg:  0.0, Max:  0.0, Diff:  0.0, Sum:  0.0, Workers: 4
[561.153s][debug][gc,phases      ] GC(80)     Dead                           Min: 0, Avg:  0.0, Max: 0, Diff: 0, Sum: 0, Workers: 4
[561.153s][debug][gc,phases      ] GC(80)     Total                          Min: 0, Avg:  1.0, Max: 4, Diff: 4, Sum: 4, Workers: 4
[561.153s][debug][gc,phases      ] GC(80)   JVMTI Tag Weak OopStorage      Min:  0.0, Avg:  0.0, Max:  0.0, Diff:  0.0, Sum:  0.0, Workers: 4
[561.153s][debug][gc,phases      ] GC(80)     Dead                           Min: 0, Avg:  0.0, Max: 0, Diff: 0, Sum: 0, Workers: 4
[561.153s][debug][gc,phases      ] GC(80)     Total                          Min: 0, Avg:  0.0, Max: 0, Diff: 0, Sum: 0, Workers: 4
[561.153s][debug][gc,phases      ] GC(80)   StringTable Weak               Min:  0.0, Avg:  0.2, Max:  0.2, Diff:  0.2, Sum:  0.7, Workers: 4
[561.153s][debug][gc,phases      ] GC(80)     Dead                           Min: 0, Avg:  0.2, Max: 1, Diff: 1, Sum: 1, Workers: 4
[561.153s][debug][gc,phases      ] GC(80)     Total                          Min: 0, Avg: 11130.0, Max: 21225, Diff: 21225, Sum: 44520, Workers: 4
[561.153s][debug][gc,phases      ] GC(80)   ResolvedMethodTable Weak       Min:  0.0, Avg:  0.0, Max:  0.0, Diff:  0.0, Sum:  0.1, Workers: 4
[561.153s][debug][gc,phases      ] GC(80)     Dead                           Min: 0, Avg:  0.0, Max: 0, Diff: 0, Sum: 0, Workers: 4
[561.153s][debug][gc,phases      ] GC(80)     Total                          Min: 0, Avg: 2607.0, Max: 3520, Diff: 3520, Sum: 10428, Workers: 4
[561.153s][debug][gc,phases      ] GC(80)   JNI Weak                       Min:  0.0, Avg:  0.0, Max:  0.0, Diff:  0.0, Sum:  0.0, Workers: 4
[561.153s][debug][gc,phases      ] GC(80)     Dead                           Min: 0, Avg:  0.0, Max: 0, Diff: 0, Sum: 0, Workers: 4
[561.153s][debug][gc,phases      ] GC(80)     Total                          Min: 0, Avg: 11.2, Max: 45, Diff: 45, Sum: 45, Workers: 4
[561.153s][debug][gc,phases      ] GC(80)   StringDedup Table Weak         Min:  0.0, Avg:  0.0, Max:  0.0, Diff:  0.0, Sum:  0.0, Workers: 4
[561.153s][debug][gc,phases      ] GC(80)     Dead                           Min: 0, Avg:  0.0, Max: 0, Diff: 0, Sum: 0, Workers: 4
[561.153s][debug][gc,phases      ] GC(80)     Total                          Min: 0, Avg:  0.0, Max: 0, Diff: 0, Sum: 0, Workers: 4
[561.153s][debug][gc,phases      ] GC(80)   StringDedup Requests0 Weak     Min:  0.0, Avg:  0.0, Max:  0.0, Diff:  0.0, Sum:  0.0, Workers: 4
[561.153s][debug][gc,phases      ] GC(80)     Dead                           Min: 0, Avg:  0.0, Max: 0, Diff: 0, Sum: 0, Workers: 4
[561.153s][debug][gc,phases      ] GC(80)     Total                          Min: 0, Avg:  0.0, Max: 0, Diff: 0, Sum: 0, Workers: 4
[561.153s][debug][gc,phases      ] GC(80)   StringDedup Requests1 Weak     Min:  0.0, Avg:  0.0, Max:  0.0, Diff:  0.0, Sum:  0.0, Workers: 4
[561.153s][debug][gc,phases      ] GC(80)     Dead                           Min: 0, Avg:  0.0, Max: 0, Diff: 0, Sum: 0, Workers: 4
[561.153s][debug][gc,phases      ] GC(80)     Total                          Min: 0, Avg:  0.0, Max: 0, Diff: 0, Sum: 0, Workers: 4
[561.153s][debug][gc,phases      ] GC(80)   Weak JFR Old Object Samples    Min:  0.0, Avg:  0.0, Max:  0.0, Diff:  0.0, Sum:  0.0, Workers: 4
[561.153s][debug][gc,phases      ] GC(80)     Dead                           Min: 0, Avg:  0.0, Max: 0, Diff: 0, Sum: 0, Workers: 4
[561.153s][debug][gc,phases      ] GC(80)     Total                          Min: 0, Avg:  0.0, Max: 0, Diff: 0, Sum: 0, Workers: 4
[561.153s][debug][gc,phases      ] GC(80) Weak Processing 0.425ms
[561.153s][debug][gc,age         ] GC(80) Desired survivor size 28311552 bytes, new threshold 15 (max threshold 15)
[561.153s][info ][gc,heap        ] GC(80) PSYoungGen: 2047696K(2070528K)->21399K(2064896K) Eden: 2045952K(2045952K)->0K(2041856K) From: 1744K(24576K)->21399K(23040K)
[561.153s][info ][gc,heap        ] GC(80) ParOldGen: 358794K(430080K)->358818K(430080K)
[561.153s][info ][gc,metaspace   ] GC(80) Metaspace: 84593K(85632K)->84593K(85632K) NonClass: 72273K(72832K)->72273K(72832K) Class: 12320K(12800K)->12320K(12800K)
[561.153s][info ][gc             ] GC(80) Pause Young (Allocation Failure) 2350M->371M(2436M) 16.005ms
[561.153s][info ][gc,cpu         ] GC(80) User=0.04s Sys=0.02s Real=0.02s
[561.153s][info ][safepoint      ] Safepoint "ParallelGCFailedAllocation", Time since last: 458324818 ns, Reaching safepoint: 3500 ns, Cleanup: 45400 ns, At safepoint: 16074961 ns, Total: 16123861 ns
[562.154s][info ][safepoint      ] Safepoint "Cleanup", Time since last: 1000078915 ns, Reaching safepoint: 3700 ns, Cleanup: 47300 ns, At safepoint: 2300 ns, Total: 53300 ns
[566.154s][info ][safepoint      ] Safepoint "Cleanup", Time since last: 4000285958 ns, Reaching safepoint: 5200 ns, Cleanup: 40500 ns, At safepoint: 3100 ns, Total: 48800 ns
[567.154s][info ][safepoint      ] Safepoint "Cleanup", Time since last: 1000108238 ns, Reaching safepoint: 3300 ns, Cleanup: 36300 ns, At safepoint: 2900 ns, Total: 42500 ns
[568.154s][info ][safepoint      ] Safepoint "Cleanup", Time since last: 1000113326 ns, Reaching safepoint: 6400 ns, Cleanup: 29800 ns, At safepoint: 31500 ns, Total: 67700 ns
[569.154s][info ][safepoint      ] Safepoint "Cleanup", Time since last: 1000105828 ns, Reaching safepoint: 4600 ns, Cleanup: 38600 ns, At safepoint: 2600 ns, Total: 45800 ns
[570.155s][info ][safepoint      ] Safepoint "Cleanup", Time since last: 1000075971 ns, Reaching safepoint: 3900 ns, Cleanup: 31201 ns, At safepoint: 2300 ns, Total: 37401 ns
[571.155s][info ][safepoint      ] Safepoint "Cleanup", Time since last: 1000072271 ns, Reaching safepoint: 5100 ns, Cleanup: 39000 ns, At safepoint: 4100 ns, Total: 48200 ns
[571.993s][info ][gc,start       ] GC(81) Pause Young (Allocation Failure)
[571.999s][debug][gc,phases      ] GC(81) Scavenge 6.072ms
[571.999s][debug][gc,ref         ] GC(81) Skipped phase 1 of Reference Processing: no references
[571.999s][debug][gc,ref         ] GC(81) ReferenceProcessor::execute queues: 1, RefProcThreadModel::Single, marks_oops_alive: false
[571.999s][debug][gc,ref         ] GC(81) ReferenceProcessor::execute queues: 4, RefProcThreadModel::Multi, marks_oops_alive: true
[571.999s][debug][gc,ref         ] GC(81) ReferenceProcessor::execute queues: 1, RefProcThreadModel::Single, marks_oops_alive: false
[571.999s][debug][gc,phases      ] GC(81) Reference Processing 0.167ms
[571.999s][debug][gc,phases      ] GC(81)   VM Weak                        Min:  0.0, Avg:  0.0, Max:  0.0, Diff:  0.0, Sum:  0.0, Workers: 4
[571.999s][debug][gc,phases      ] GC(81)     Dead                           Min: 0, Avg:  0.0, Max: 0, Diff: 0, Sum: 0, Workers: 4
[571.999s][debug][gc,phases      ] GC(81)     Total                          Min: 0, Avg: 215.5, Max: 734, Diff: 734, Sum: 862, Workers: 4
[571.999s][debug][gc,phases      ] GC(81)   ObjectSynchronizer Weak        Min:  0.0, Avg:  0.0, Max:  0.0, Diff:  0.0, Sum:  0.0, Workers: 4
[571.999s][debug][gc,phases      ] GC(81)     Dead                           Min: 0, Avg:  0.0, Max: 0, Diff: 0, Sum: 0, Workers: 4
[571.999s][debug][gc,phases      ] GC(81)     Total                          Min: 0, Avg:  1.0, Max: 4, Diff: 4, Sum: 4, Workers: 4
[571.999s][debug][gc,phases      ] GC(81)   JVMTI Tag Weak OopStorage      Min:  0.0, Avg:  0.0, Max:  0.0, Diff:  0.0, Sum:  0.0, Workers: 4
[571.999s][debug][gc,phases      ] GC(81)     Dead                           Min: 0, Avg:  0.0, Max: 0, Diff: 0, Sum: 0, Workers: 4
[571.999s][debug][gc,phases      ] GC(81)     Total                          Min: 0, Avg:  0.0, Max: 0, Diff: 0, Sum: 0, Workers: 4
[571.999s][debug][gc,phases      ] GC(81)   StringTable Weak               Min:  0.0, Avg:  0.1, Max:  0.1, Diff:  0.1, Sum:  0.4, Workers: 4
[571.999s][debug][gc,phases      ] GC(81)     Dead                           Min: 0, Avg:  0.0, Max: 0, Diff: 0, Sum: 0, Workers: 4
[571.999s][debug][gc,phases      ] GC(81)     Total                          Min: 0, Avg: 11130.2, Max: 17962, Diff: 17962, Sum: 44521, Workers: 4
[571.999s][debug][gc,phases      ] GC(81)   ResolvedMethodTable Weak       Min:  0.0, Avg:  0.0, Max:  0.0, Diff:  0.0, Sum:  0.1, Workers: 4
[571.999s][debug][gc,phases      ] GC(81)     Dead                           Min: 0, Avg:  0.0, Max: 0, Diff: 0, Sum: 0, Workers: 4
[571.999s][debug][gc,phases      ] GC(81)     Total                          Min: 0, Avg: 2607.0, Max: 4543, Diff: 4543, Sum: 10428, Workers: 4
[571.999s][debug][gc,phases      ] GC(81)   JNI Weak                       Min:  0.0, Avg:  0.0, Max:  0.0, Diff:  0.0, Sum:  0.0, Workers: 4
[571.999s][debug][gc,phases      ] GC(81)     Dead                           Min: 0, Avg:  0.0, Max: 0, Diff: 0, Sum: 0, Workers: 4
[571.999s][debug][gc,phases      ] GC(81)     Total                          Min: 0, Avg: 11.2, Max: 45, Diff: 45, Sum: 45, Workers: 4
[571.999s][debug][gc,phases      ] GC(81)   StringDedup Table Weak         Min:  0.0, Avg:  0.0, Max:  0.0, Diff:  0.0, Sum:  0.0, Workers: 4
[571.999s][debug][gc,phases      ] GC(81)     Dead                           Min: 0, Avg:  0.0, Max: 0, Diff: 0, Sum: 0, Workers: 4
[571.999s][debug][gc,phases      ] GC(81)     Total                          Min: 0, Avg:  0.0, Max: 0, Diff: 0, Sum: 0, Workers: 4
[571.999s][debug][gc,phases      ] GC(81)   StringDedup Requests0 Weak     Min:  0.0, Avg:  0.0, Max:  0.0, Diff:  0.0, Sum:  0.0, Workers: 4
[571.999s][debug][gc,phases      ] GC(81)     Dead                           Min: 0, Avg:  0.0, Max: 0, Diff: 0, Sum: 0, Workers: 4
[571.999s][debug][gc,phases      ] GC(81)     Total                          Min: 0, Avg:  0.0, Max: 0, Diff: 0, Sum: 0, Workers: 4
[571.999s][debug][gc,phases      ] GC(81)   StringDedup Requests1 Weak     Min:  0.0, Avg:  0.0, Max:  0.0, Diff:  0.0, Sum:  0.0, Workers: 4
[571.999s][debug][gc,phases      ] GC(81)     Dead                           Min: 0, Avg:  0.0, Max: 0, Diff: 0, Sum: 0, Workers: 4
[571.999s][debug][gc,phases      ] GC(81)     Total                          Min: 0, Avg:  0.0, Max: 0, Diff: 0, Sum: 0, Workers: 4
[571.999s][debug][gc,phases      ] GC(81)   Weak JFR Old Object Samples    Min:  0.0, Avg:  0.0, Max:  0.0, Diff:  0.0, Sum:  0.0, Workers: 4
[571.999s][debug][gc,phases      ] GC(81)     Dead                           Min: 0, Avg:  0.0, Max: 0, Diff: 0, Sum: 0, Workers: 4
[571.999s][debug][gc,phases      ] GC(81)     Total                          Min: 0, Avg:  0.0, Max: 0, Diff: 0, Sum: 0, Workers: 4
[571.999s][debug][gc,phases      ] GC(81) Weak Processing 0.336ms
[571.999s][debug][gc,age         ] GC(81) Desired survivor size 26214400 bytes, new threshold 15 (max threshold 15)
[571.999s][info ][gc,heap        ] GC(81) PSYoungGen: 2063255K(2064896K)->4112K(2069504K) Eden: 2041856K(2041856K)->0K(2041856K) From: 21399K(23040K)->4112K(27648K)
[571.999s][info ][gc,heap        ] GC(81) ParOldGen: 358818K(430080K)->358842K(430080K)
[571.999s][info ][gc,metaspace   ] GC(81) Metaspace: 84607K(85696K)->84607K(85696K) NonClass: 72287K(72896K)->72287K(72896K) Class: 12320K(12800K)->12320K(12800K)
[571.999s][info ][gc             ] GC(81) Pause Young (Allocation Failure) 2365M->354M(2441M) 6.681ms
[571.999s][info ][gc,cpu         ] GC(81) User=0.02s Sys=0.01s Real=0.01s
[571.999s][info ][safepoint      ] Safepoint "ParallelGCFailedAllocation", Time since last: 837874206 ns, Reaching safepoint: 78901 ns, Cleanup: 35700 ns, At safepoint: 6749719 ns, Total: 6864320 ns
[574.000s][info ][safepoint      ] Safepoint "Cleanup", Time since last: 2000139743 ns, Reaching safepoint: 3500 ns, Cleanup: 36301 ns, At safepoint: 30800 ns, Total: 70601 ns
[577.000s][info ][safepoint      ] Safepoint "Cleanup", Time since last: 3000195315 ns, Reaching safepoint: 3700 ns, Cleanup: 41300 ns, At safepoint: 4200 ns, Total: 49200 ns
[578.000s][info ][safepoint      ] Safepoint "Cleanup", Time since last: 1000096197 ns, Reaching safepoint: 3900 ns, Cleanup: 32501 ns, At safepoint: 2500 ns, Total: 38901 ns
[579.000s][info ][safepoint      ] Safepoint "Cleanup", Time since last: 1000096830 ns, Reaching safepoint: 3900 ns, Cleanup: 36700 ns, At safepoint: 2600 ns, Total: 43200 ns
[581.593s][info ][gc,start       ] GC(82) Pause Young (Allocation Failure)
[581.598s][debug][gc,phases      ] GC(82) Scavenge 5.160ms
[581.598s][debug][gc,ref         ] GC(82) Skipped phase 1 of Reference Processing: no references
[581.598s][debug][gc,ref         ] GC(82) ReferenceProcessor::execute queues: 1, RefProcThreadModel::Single, marks_oops_alive: false
[581.598s][debug][gc,ref         ] GC(82) Skipped phase 3 of Reference Processing: no references
[581.598s][debug][gc,ref         ] GC(82) ReferenceProcessor::execute queues: 1, RefProcThreadModel::Single, marks_oops_alive: false
[581.598s][debug][gc,phases      ] GC(82) Reference Processing 0.094ms
[581.599s][debug][gc,phases      ] GC(82)   VM Weak                        Min:  0.0, Avg:  0.0, Max:  0.0, Diff:  0.0, Sum:  0.0, Workers: 4
[581.599s][debug][gc,phases      ] GC(82)     Dead                           Min: 0, Avg:  0.0, Max: 0, Diff: 0, Sum: 0, Workers: 4
[581.599s][debug][gc,phases      ] GC(82)     Total                          Min: 0, Avg: 215.5, Max: 768, Diff: 768, Sum: 862, Workers: 4
[581.599s][debug][gc,phases      ] GC(82)   ObjectSynchronizer Weak        Min:  0.0, Avg:  0.0, Max:  0.0, Diff:  0.0, Sum:  0.0, Workers: 4
[581.599s][debug][gc,phases      ] GC(82)     Dead                           Min: 0, Avg:  0.0, Max: 0, Diff: 0, Sum: 0, Workers: 4
[581.599s][debug][gc,phases      ] GC(82)     Total                          Min: 0, Avg:  1.0, Max: 4, Diff: 4, Sum: 4, Workers: 4
[581.599s][debug][gc,phases      ] GC(82)   JVMTI Tag Weak OopStorage      Min:  0.0, Avg:  0.0, Max:  0.0, Diff:  0.0, Sum:  0.0, Workers: 4
[581.599s][debug][gc,phases      ] GC(82)     Dead                           Min: 0, Avg:  0.0, Max: 0, Diff: 0, Sum: 0, Workers: 4
[581.599s][debug][gc,phases      ] GC(82)     Total                          Min: 0, Avg:  0.0, Max: 0, Diff: 0, Sum: 0, Workers: 4
[581.599s][debug][gc,phases      ] GC(82)   StringTable Weak               Min:  0.0, Avg:  0.1, Max:  0.1, Diff:  0.1, Sum:  0.4, Workers: 4
[581.599s][debug][gc,phases      ] GC(82)     Dead                           Min: 0, Avg:  0.0, Max: 0, Diff: 0, Sum: 0, Workers: 4
[581.599s][debug][gc,phases      ] GC(82)     Total                          Min: 0, Avg: 11130.2, Max: 19136, Diff: 19136, Sum: 44521, Workers: 4
[581.599s][debug][gc,phases      ] GC(82)   ResolvedMethodTable Weak       Min:  0.0, Avg:  0.0, Max:  0.0, Diff:  0.0, Sum:  0.1, Workers: 4
[581.599s][debug][gc,phases      ] GC(82)     Dead                           Min: 0, Avg:  0.0, Max: 0, Diff: 0, Sum: 0, Workers: 4
[581.599s][debug][gc,phases      ] GC(82)     Total                          Min: 0, Avg: 2607.0, Max: 4669, Diff: 4669, Sum: 10428, Workers: 4
[581.599s][debug][gc,phases      ] GC(82)   JNI Weak                       Min:  0.0, Avg:  0.0, Max:  0.0, Diff:  0.0, Sum:  0.0, Workers: 4
[581.599s][debug][gc,phases      ] GC(82)     Dead                           Min: 0, Avg:  0.0, Max: 0, Diff: 0, Sum: 0, Workers: 4
[581.599s][debug][gc,phases      ] GC(82)     Total                          Min: 0, Avg: 11.2, Max: 45, Diff: 45, Sum: 45, Workers: 4
[581.599s][debug][gc,phases      ] GC(82)   StringDedup Table Weak         Min:  0.0, Avg:  0.0, Max:  0.0, Diff:  0.0, Sum:  0.0, Workers: 4
[581.599s][debug][gc,phases      ] GC(82)     Dead                           Min: 0, Avg:  0.0, Max: 0, Diff: 0, Sum: 0, Workers: 4
[581.599s][debug][gc,phases      ] GC(82)     Total                          Min: 0, Avg:  0.0, Max: 0, Diff: 0, Sum: 0, Workers: 4
[581.599s][debug][gc,phases      ] GC(82)   StringDedup Requests0 Weak     Min:  0.0, Avg:  0.0, Max:  0.0, Diff:  0.0, Sum:  0.0, Workers: 4
[581.599s][debug][gc,phases      ] GC(82)     Dead                           Min: 0, Avg:  0.0, Max: 0, Diff: 0, Sum: 0, Workers: 4
[581.599s][debug][gc,phases      ] GC(82)     Total                          Min: 0, Avg:  0.0, Max: 0, Diff: 0, Sum: 0, Workers: 4
[581.599s][debug][gc,phases      ] GC(82)   StringDedup Requests1 Weak     Min:  0.0, Avg:  0.0, Max:  0.0, Diff:  0.0, Sum:  0.0, Workers: 4
[581.599s][debug][gc,phases      ] GC(82)     Dead                           Min: 0, Avg:  0.0, Max: 0, Diff: 0, Sum: 0, Workers: 4
[581.599s][debug][gc,phases      ] GC(82)     Total                          Min: 0, Avg:  0.0, Max: 0, Diff: 0, Sum: 0, Workers: 4
[581.599s][debug][gc,phases      ] GC(82)   Weak JFR Old Object Samples    Min:  0.0, Avg:  0.0, Max:  0.0, Diff:  0.0, Sum:  0.0, Workers: 4
[581.599s][debug][gc,phases      ] GC(82)     Dead                           Min: 0, Avg:  0.0, Max: 0, Diff: 0, Sum: 0, Workers: 4
[581.599s][debug][gc,phases      ] GC(82)     Total                          Min: 0, Avg:  0.0, Max: 0, Diff: 0, Sum: 0, Workers: 4
[581.599s][debug][gc,phases      ] GC(82) Weak Processing 0.325ms
[581.599s][debug][gc,age         ] GC(82) Desired survivor size 24117248 bytes, new threshold 15 (max threshold 15)
[581.599s][info ][gc,heap        ] GC(82) PSYoungGen: 2045968K(2069504K)->4144K(2073600K) Eden: 2041856K(2041856K)->0K(2048000K) From: 4112K(27648K)->4144K(25600K)
[581.599s][info ][gc,heap        ] GC(82) ParOldGen: 358842K(430080K)->358858K(430080K)
[581.599s][info ][gc,metaspace   ] GC(82) Metaspace: 84613K(85696K)->84613K(85696K) NonClass: 72293K(72896K)->72293K(72896K) Class: 12320K(12800K)->12320K(12800K)
[581.599s][info ][gc             ] GC(82) Pause Young (Allocation Failure) 2348M->354M(2445M) 5.711ms
[581.599s][info ][gc,cpu         ] GC(82) User=0.01s Sys=0.00s Real=0.01s
[581.599s][info ][safepoint      ] Safepoint "ParallelGCFailedAllocation", Time since last: 2592872077 ns, Reaching safepoint: 4200 ns, Cleanup: 30900 ns, At safepoint: 5776218 ns, Total: 5811318 ns
[583.599s][info ][safepoint      ] Safepoint "Cleanup", Time since last: 2000156484 ns, Reaching safepoint: 4300 ns, Cleanup: 39500 ns, At safepoint: 30401 ns, Total: 74201 ns
[585.599s][info ][safepoint      ] Safepoint "Cleanup", Time since last: 2000137684 ns, Reaching safepoint: 3400 ns, Cleanup: 35800 ns, At safepoint: 2300 ns, Total: 41500 ns
[588.599s][info ][safepoint      ] Safepoint "Cleanup", Time since last: 3000222609 ns, Reaching safepoint: 3500 ns, Cleanup: 39600 ns, At safepoint: 5800 ns, Total: 48900 ns
[590.600s][info ][safepoint      ] Safepoint "Cleanup", Time since last: 2000170612 ns, Reaching safepoint: 3900 ns, Cleanup: 33900 ns, At safepoint: 4500 ns, Total: 42300 ns
[590.993s][info ][gc,start       ] GC(83) Pause Young (Allocation Failure)
[590.998s][debug][gc,phases      ] GC(83) Scavenge 5.392ms
[590.998s][debug][gc,ref         ] GC(83) Skipped phase 1 of Reference Processing: no references
[590.999s][debug][gc,ref         ] GC(83) ReferenceProcessor::execute queues: 1, RefProcThreadModel::Single, marks_oops_alive: false
[590.999s][debug][gc,ref         ] GC(83) Skipped phase 3 of Reference Processing: no references
[590.999s][debug][gc,ref         ] GC(83) ReferenceProcessor::execute queues: 1, RefProcThreadModel::Single, marks_oops_alive: false
[590.999s][debug][gc,phases      ] GC(83) Reference Processing 0.095ms
[590.999s][debug][gc,phases      ] GC(83)   VM Weak                        Min:  0.0, Avg:  0.0, Max:  0.0, Diff:  0.0, Sum:  0.0, Workers: 4
[590.999s][debug][gc,phases      ] GC(83)     Dead                           Min: 0, Avg:  0.0, Max: 0, Diff: 0, Sum: 0, Workers: 4
[590.999s][debug][gc,phases      ] GC(83)     Total                          Min: 0, Avg: 215.5, Max: 862, Diff: 862, Sum: 862, Workers: 4
[590.999s][debug][gc,phases      ] GC(83)   ObjectSynchronizer Weak        Min:  0.0, Avg:  0.0, Max:  0.0, Diff:  0.0, Sum:  0.0, Workers: 4
[590.999s][debug][gc,phases      ] GC(83)     Dead                           Min: 0, Avg:  0.0, Max: 0, Diff: 0, Sum: 0, Workers: 4
[590.999s][debug][gc,phases      ] GC(83)     Total                          Min: 0, Avg:  1.0, Max: 4, Diff: 4, Sum: 4, Workers: 4
[590.999s][debug][gc,phases      ] GC(83)   JVMTI Tag Weak OopStorage      Min:  0.0, Avg:  0.0, Max:  0.0, Diff:  0.0, Sum:  0.0, Workers: 4
[590.999s][debug][gc,phases      ] GC(83)     Dead                           Min: 0, Avg:  0.0, Max: 0, Diff: 0, Sum: 0, Workers: 4
[590.999s][debug][gc,phases      ] GC(83)     Total                          Min: 0, Avg:  0.0, Max: 0, Diff: 0, Sum: 0, Workers: 4
[590.999s][debug][gc,phases      ] GC(83)   StringTable Weak               Min:  0.0, Avg:  0.1, Max:  0.1, Diff:  0.1, Sum:  0.4, Workers: 4
[590.999s][debug][gc,phases      ] GC(83)     Dead                           Min: 0, Avg:  0.0, Max: 0, Diff: 0, Sum: 0, Workers: 4
[590.999s][debug][gc,phases      ] GC(83)     Total                          Min: 0, Avg: 11130.2, Max: 19007, Diff: 19007, Sum: 44521, Workers: 4
[590.999s][debug][gc,phases      ] GC(83)   ResolvedMethodTable Weak       Min:  0.0, Avg:  0.0, Max:  0.0, Diff:  0.0, Sum:  0.1, Workers: 4
[590.999s][debug][gc,phases      ] GC(83)     Dead                           Min: 0, Avg:  0.0, Max: 0, Diff: 0, Sum: 0, Workers: 4
[590.999s][debug][gc,phases      ] GC(83)     Total                          Min: 0, Avg: 2607.0, Max: 4670, Diff: 4670, Sum: 10428, Workers: 4
[590.999s][debug][gc,phases      ] GC(83)   JNI Weak                       Min:  0.0, Avg:  0.0, Max:  0.0, Diff:  0.0, Sum:  0.0, Workers: 4
[590.999s][debug][gc,phases      ] GC(83)     Dead                           Min: 0, Avg:  0.0, Max: 0, Diff: 0, Sum: 0, Workers: 4
[590.999s][debug][gc,phases      ] GC(83)     Total                          Min: 0, Avg: 11.2, Max: 45, Diff: 45, Sum: 45, Workers: 4
[590.999s][debug][gc,phases      ] GC(83)   StringDedup Table Weak         Min:  0.0, Avg:  0.0, Max:  0.0, Diff:  0.0, Sum:  0.0, Workers: 4
[590.999s][debug][gc,phases      ] GC(83)     Dead                           Min: 0, Avg:  0.0, Max: 0, Diff: 0, Sum: 0, Workers: 4
[590.999s][debug][gc,phases      ] GC(83)     Total                          Min: 0, Avg:  0.0, Max: 0, Diff: 0, Sum: 0, Workers: 4
[590.999s][debug][gc,phases      ] GC(83)   StringDedup Requests0 Weak     Min:  0.0, Avg:  0.0, Max:  0.0, Diff:  0.0, Sum:  0.0, Workers: 4
[590.999s][debug][gc,phases      ] GC(83)     Dead                           Min: 0, Avg:  0.0, Max: 0, Diff: 0, Sum: 0, Workers: 4
[590.999s][debug][gc,phases      ] GC(83)     Total                          Min: 0, Avg:  0.0, Max: 0, Diff: 0, Sum: 0, Workers: 4
[590.999s][debug][gc,phases      ] GC(83)   StringDedup Requests1 Weak     Min:  0.0, Avg:  0.0, Max:  0.0, Diff:  0.0, Sum:  0.0, Workers: 4
[590.999s][debug][gc,phases      ] GC(83)     Dead                           Min: 0, Avg:  0.0, Max: 0, Diff: 0, Sum: 0, Workers: 4
[590.999s][debug][gc,phases      ] GC(83)     Total                          Min: 0, Avg:  0.0, Max: 0, Diff: 0, Sum: 0, Workers: 4
[590.999s][debug][gc,phases      ] GC(83)   Weak JFR Old Object Samples    Min:  0.0, Avg:  0.0, Max:  0.0, Diff:  0.0, Sum:  0.0, Workers: 4
[590.999s][debug][gc,phases      ] GC(83)     Dead                           Min: 0, Avg:  0.0, Max: 0, Diff: 0, Sum: 0, Workers: 4
[590.999s][debug][gc,phases      ] GC(83)     Total                          Min: 0, Avg:  0.0, Max: 0, Diff: 0, Sum: 0, Workers: 4
[590.999s][debug][gc,phases      ] GC(83) Weak Processing 0.326ms
[590.999s][debug][gc,age         ] GC(83) Desired survivor size 22544384 bytes, new threshold 15 (max threshold 15)
[590.999s][info ][gc,heap        ] GC(83) PSYoungGen: 2052144K(2073600K)->4144K(2071552K) Eden: 2048000K(2048000K)->0K(2048000K) From: 4144K(25600K)->4144K(23552K)
[590.999s][info ][gc,heap        ] GC(83) ParOldGen: 358858K(430080K)->358898K(430080K)
[590.999s][info ][gc,metaspace   ] GC(83) Metaspace: 84618K(85696K)->84618K(85696K) NonClass: 72297K(72896K)->72297K(72896K) Class: 12320K(12800K)->12320K(12800K)
[590.999s][info ][gc             ] GC(83) Pause Young (Allocation Failure) 2354M->354M(2443M) 5.912ms
[590.999s][info ][gc,cpu         ] GC(83) User=0.02s Sys=0.00s Real=0.01s
[590.999s][info ][safepoint      ] Safepoint "ParallelGCFailedAllocation", Time since last: 393215798 ns, Reaching safepoint: 76200 ns, Cleanup: 34800 ns, At safepoint: 5979021 ns, Total: 6090021 ns
[591.999s][info ][safepoint      ] Safepoint "Cleanup", Time since last: 1000082255 ns, Reaching safepoint: 3700 ns, Cleanup: 33901 ns, At safepoint: 2300 ns, Total: 39901 ns
[593.999s][info ][safepoint      ] Safepoint "Cleanup", Time since last: 2000171728 ns, Reaching safepoint: 5700 ns, Cleanup: 35000 ns, At safepoint: 3200 ns, Total: 43900 ns
[594.999s][info ][safepoint      ] Safepoint "Cleanup", Time since last: 1000108076 ns, Reaching safepoint: 4200 ns, Cleanup: 35600 ns, At safepoint: 4000 ns, Total: 43800 ns
[596.000s][info ][safepoint      ] Safepoint "Cleanup", Time since last: 1000111976 ns, Reaching safepoint: 4500 ns, Cleanup: 40700 ns, At safepoint: 4400 ns, Total: 49600 ns
[598.000s][info ][safepoint      ] Safepoint "Cleanup", Time since last: 2000151851 ns, Reaching safepoint: 3300 ns, Cleanup: 35701 ns, At safepoint: 3100 ns, Total: 42101 ns
[600.443s][info ][gc,start       ] GC(84) Pause Young (Allocation Failure)
[600.449s][debug][gc,phases      ] GC(84) Scavenge 5.358ms
[600.449s][debug][gc,ref         ] GC(84) Skipped phase 1 of Reference Processing: no references
[600.449s][debug][gc,ref         ] GC(84) ReferenceProcessor::execute queues: 1, RefProcThreadModel::Single, marks_oops_alive: false
[600.449s][debug][gc,ref         ] GC(84) Skipped phase 3 of Reference Processing: no references
[600.449s][debug][gc,ref         ] GC(84) ReferenceProcessor::execute queues: 1, RefProcThreadModel::Single, marks_oops_alive: false
[600.449s][debug][gc,phases      ] GC(84) Reference Processing 0.088ms
[600.449s][debug][gc,phases      ] GC(84)   VM Weak                        Min:  0.0, Avg:  0.0, Max:  0.0, Diff:  0.0, Sum:  0.0, Workers: 4
[600.449s][debug][gc,phases      ] GC(84)     Dead                           Min: 0, Avg:  0.0, Max: 0, Diff: 0, Sum: 0, Workers: 4
[600.449s][debug][gc,phases      ] GC(84)     Total                          Min: 0, Avg: 215.5, Max: 862, Diff: 862, Sum: 862, Workers: 4
[600.449s][debug][gc,phases      ] GC(84)   ObjectSynchronizer Weak        Min:  0.0, Avg:  0.0, Max:  0.0, Diff:  0.0, Sum:  0.0, Workers: 4
[600.449s][debug][gc,phases      ] GC(84)     Dead                           Min: 0, Avg:  0.0, Max: 0, Diff: 0, Sum: 0, Workers: 4
[600.449s][debug][gc,phases      ] GC(84)     Total                          Min: 0, Avg:  0.8, Max: 3, Diff: 3, Sum: 3, Workers: 4
[600.449s][debug][gc,phases      ] GC(84)   JVMTI Tag Weak OopStorage      Min:  0.0, Avg:  0.0, Max:  0.0, Diff:  0.0, Sum:  0.0, Workers: 4
[600.449s][debug][gc,phases      ] GC(84)     Dead                           Min: 0, Avg:  0.0, Max: 0, Diff: 0, Sum: 0, Workers: 4
[600.449s][debug][gc,phases      ] GC(84)     Total                          Min: 0, Avg:  0.0, Max: 0, Diff: 0, Sum: 0, Workers: 4
[600.449s][debug][gc,phases      ] GC(84)   StringTable Weak               Min:  0.0, Avg:  0.1, Max:  0.1, Diff:  0.1, Sum:  0.3, Workers: 4
[600.449s][debug][gc,phases      ] GC(84)     Dead                           Min: 0, Avg:  0.0, Max: 0, Diff: 0, Sum: 0, Workers: 4
[600.449s][debug][gc,phases      ] GC(84)     Total                          Min: 0, Avg: 11133.8, Max: 19008, Diff: 19008, Sum: 44535, Workers: 4
[600.449s][debug][gc,phases      ] GC(84)   ResolvedMethodTable Weak       Min:  0.0, Avg:  0.0, Max:  0.0, Diff:  0.0, Sum:  0.1, Workers: 4
[600.449s][debug][gc,phases      ] GC(84)     Dead                           Min: 0, Avg:  0.0, Max: 0, Diff: 0, Sum: 0, Workers: 4
[600.449s][debug][gc,phases      ] GC(84)     Total                          Min: 0, Avg: 2607.0, Max: 4221, Diff: 4221, Sum: 10428, Workers: 4
[600.449s][debug][gc,phases      ] GC(84)   JNI Weak                       Min:  0.0, Avg:  0.0, Max:  0.0, Diff:  0.0, Sum:  0.0, Workers: 4
[600.449s][debug][gc,phases      ] GC(84)     Dead                           Min: 0, Avg:  0.0, Max: 0, Diff: 0, Sum: 0, Workers: 4
[600.449s][debug][gc,phases      ] GC(84)     Total                          Min: 0, Avg: 11.2, Max: 45, Diff: 45, Sum: 45, Workers: 4
[600.449s][debug][gc,phases      ] GC(84)   StringDedup Table Weak         Min:  0.0, Avg:  0.0, Max:  0.0, Diff:  0.0, Sum:  0.0, Workers: 4
[600.449s][debug][gc,phases      ] GC(84)     Dead                           Min: 0, Avg:  0.0, Max: 0, Diff: 0, Sum: 0, Workers: 4
[600.449s][debug][gc,phases      ] GC(84)     Total                          Min: 0, Avg:  0.0, Max: 0, Diff: 0, Sum: 0, Workers: 4
[600.449s][debug][gc,phases      ] GC(84)   StringDedup Requests0 Weak     Min:  0.0, Avg:  0.0, Max:  0.0, Diff:  0.0, Sum:  0.0, Workers: 4
[600.449s][debug][gc,phases      ] GC(84)     Dead                           Min: 0, Avg:  0.0, Max: 0, Diff: 0, Sum: 0, Workers: 4
[600.449s][debug][gc,phases      ] GC(84)     Total                          Min: 0, Avg:  0.0, Max: 0, Diff: 0, Sum: 0, Workers: 4
[600.449s][debug][gc,phases      ] GC(84)   StringDedup Requests1 Weak     Min:  0.0, Avg:  0.0, Max:  0.0, Diff:  0.0, Sum:  0.0, Workers: 4
[600.449s][debug][gc,phases      ] GC(84)     Dead                           Min: 0, Avg:  0.0, Max: 0, Diff: 0, Sum: 0, Workers: 4
[600.449s][debug][gc,phases      ] GC(84)     Total                          Min: 0, Avg:  0.0, Max: 0, Diff: 0, Sum: 0, Workers: 4
[600.449s][debug][gc,phases      ] GC(84)   Weak JFR Old Object Samples    Min:  0.0, Avg:  0.0, Max:  0.0, Diff:  0.0, Sum:  0.0, Workers: 4
[600.449s][debug][gc,phases      ] GC(84)     Dead                           Min: 0, Avg:  0.0, Max: 0, Diff: 0, Sum: 0, Workers: 4
[600.449s][debug][gc,phases      ] GC(84)     Total                          Min: 0, Avg:  0.0, Max: 0, Diff: 0, Sum: 0, Workers: 4
[600.449s][debug][gc,phases      ] GC(84) Weak Processing 0.314ms
[600.449s][debug][gc,age         ] GC(84) Desired survivor size 20971520 bytes, new threshold 15 (max threshold 15)
[600.449s][info ][gc,heap        ] GC(84) PSYoungGen: 2052144K(2071552K)->4064K(2076672K) Eden: 2048000K(2048000K)->0K(2054656K) From: 4144K(23552K)->4064K(22016K)
[600.449s][info ][gc,heap        ] GC(84) ParOldGen: 358898K(430080K)->358938K(430080K)
[600.449s][info ][gc,metaspace   ] GC(84) Metaspace: 84633K(85696K)->84633K(85696K) NonClass: 72313K(72896K)->72313K(72896K) Class: 12320K(12800K)->12320K(12800K)
[600.449s][info ][gc             ] GC(84) Pause Young (Allocation Failure) 2354M->354M(2448M) 5.867ms
[600.449s][info ][gc,cpu         ] GC(84) User=0.01s Sys=0.00s Real=0.00s
[600.449s][info ][safepoint      ] Safepoint "ParallelGCFailedAllocation", Time since last: 2443166535 ns, Reaching safepoint: 70900 ns, Cleanup: 30100 ns, At safepoint: 5932622 ns, Total: 6033622 ns
[602.449s][info ][safepoint      ] Safepoint "Cleanup", Time since last: 2000137850 ns, Reaching safepoint: 3500 ns, Cleanup: 30701 ns, At safepoint: 2200 ns, Total: 36401 ns
[603.449s][info ][safepoint      ] Safepoint "Cleanup", Time since last: 1000095804 ns, Reaching safepoint: 3500 ns, Cleanup: 37400 ns, At safepoint: 3000 ns, Total: 43900 ns
[604.449s][info ][safepoint      ] Safepoint "Cleanup", Time since last: 1000099804 ns, Reaching safepoint: 3200 ns, Cleanup: 35500 ns, At safepoint: 3100 ns, Total: 41800 ns
[605.450s][info ][safepoint      ] Safepoint "Cleanup", Time since last: 1000095005 ns, Reaching safepoint: 3900 ns, Cleanup: 33000 ns, At safepoint: 4200 ns, Total: 41100 ns
[607.450s][info ][safepoint      ] Safepoint "Cleanup", Time since last: 2000162308 ns, Reaching safepoint: 4600 ns, Cleanup: 31500 ns, At safepoint: 12800 ns, Total: 48900 ns
[609.450s][info ][safepoint      ] Safepoint "Cleanup", Time since last: 2000164555 ns, Reaching safepoint: 5700 ns, Cleanup: 28100 ns, At safepoint: 5200 ns, Total: 39000 ns
[610.239s][info ][gc,start       ] GC(85) Pause Young (Allocation Failure)
[610.244s][debug][gc,phases      ] GC(85) Scavenge 5.151ms
[610.244s][debug][gc,ref         ] GC(85) Skipped phase 1 of Reference Processing: no references
[610.244s][debug][gc,ref         ] GC(85) ReferenceProcessor::execute queues: 1, RefProcThreadModel::Single, marks_oops_alive: false
[610.244s][debug][gc,ref         ] GC(85) Skipped phase 3 of Reference Processing: no references
[610.244s][debug][gc,ref         ] GC(85) ReferenceProcessor::execute queues: 1, RefProcThreadModel::Single, marks_oops_alive: false
[610.244s][debug][gc,phases      ] GC(85) Reference Processing 0.093ms
[610.244s][debug][gc,phases      ] GC(85)   VM Weak                        Min:  0.0, Avg:  0.0, Max:  0.0, Diff:  0.0, Sum:  0.0, Workers: 4
[610.244s][debug][gc,phases      ] GC(85)     Dead                           Min: 0, Avg:  0.0, Max: 0, Diff: 0, Sum: 0, Workers: 4
[610.244s][debug][gc,phases      ] GC(85)     Total                          Min: 0, Avg: 215.5, Max: 542, Diff: 542, Sum: 862, Workers: 4
[610.244s][debug][gc,phases      ] GC(85)   ObjectSynchronizer Weak        Min:  0.0, Avg:  0.0, Max:  0.0, Diff:  0.0, Sum:  0.0, Workers: 4
[610.244s][debug][gc,phases      ] GC(85)     Dead                           Min: 0, Avg:  0.0, Max: 0, Diff: 0, Sum: 0, Workers: 4
[610.244s][debug][gc,phases      ] GC(85)     Total                          Min: 0, Avg:  1.0, Max: 4, Diff: 4, Sum: 4, Workers: 4
[610.244s][debug][gc,phases      ] GC(85)   JVMTI Tag Weak OopStorage      Min:  0.0, Avg:  0.0, Max:  0.0, Diff:  0.0, Sum:  0.0, Workers: 4
[610.244s][debug][gc,phases      ] GC(85)     Dead                           Min: 0, Avg:  0.0, Max: 0, Diff: 0, Sum: 0, Workers: 4
[610.244s][debug][gc,phases      ] GC(85)     Total                          Min: 0, Avg:  0.0, Max: 0, Diff: 0, Sum: 0, Workers: 4
[610.244s][debug][gc,phases      ] GC(85)   StringTable Weak               Min:  0.1, Avg:  0.1, Max:  0.1, Diff:  0.0, Sum:  0.4, Workers: 4
[610.244s][debug][gc,phases      ] GC(85)     Dead                           Min: 0, Avg:  0.0, Max: 0, Diff: 0, Sum: 0, Workers: 4
[610.244s][debug][gc,phases      ] GC(85)     Total                          Min: 10880, Avg: 11133.8, Max: 11448, Diff: 568, Sum: 44535, Workers: 4
[610.244s][debug][gc,phases      ] GC(85)   ResolvedMethodTable Weak       Min:  0.0, Avg:  0.0, Max:  0.0, Diff:  0.0, Sum:  0.1, Workers: 4
[610.244s][debug][gc,phases      ] GC(85)     Dead                           Min: 0, Avg:  0.0, Max: 0, Diff: 0, Sum: 0, Workers: 4
[610.244s][debug][gc,phases      ] GC(85)     Total                          Min: 2496, Avg: 2607.0, Max: 2752, Diff: 256, Sum: 10428, Workers: 4
[610.244s][debug][gc,phases      ] GC(85)   JNI Weak                       Min:  0.0, Avg:  0.0, Max:  0.0, Diff:  0.0, Sum:  0.0, Workers: 4
[610.244s][debug][gc,phases      ] GC(85)     Dead                           Min: 0, Avg:  0.0, Max: 0, Diff: 0, Sum: 0, Workers: 4
[610.244s][debug][gc,phases      ] GC(85)     Total                          Min: 0, Avg: 11.2, Max: 45, Diff: 45, Sum: 45, Workers: 4
[610.244s][debug][gc,phases      ] GC(85)   StringDedup Table Weak         Min:  0.0, Avg:  0.0, Max:  0.0, Diff:  0.0, Sum:  0.0, Workers: 4
[610.244s][debug][gc,phases      ] GC(85)     Dead                           Min: 0, Avg:  0.0, Max: 0, Diff: 0, Sum: 0, Workers: 4
[610.244s][debug][gc,phases      ] GC(85)     Total                          Min: 0, Avg:  0.0, Max: 0, Diff: 0, Sum: 0, Workers: 4
[610.244s][debug][gc,phases      ] GC(85)   StringDedup Requests0 Weak     Min:  0.0, Avg:  0.0, Max:  0.0, Diff:  0.0, Sum:  0.0, Workers: 4
[610.244s][debug][gc,phases      ] GC(85)     Dead                           Min: 0, Avg:  0.0, Max: 0, Diff: 0, Sum: 0, Workers: 4
[610.244s][debug][gc,phases      ] GC(85)     Total                          Min: 0, Avg:  0.0, Max: 0, Diff: 0, Sum: 0, Workers: 4
[610.244s][debug][gc,phases      ] GC(85)   StringDedup Requests1 Weak     Min:  0.0, Avg:  0.0, Max:  0.0, Diff:  0.0, Sum:  0.0, Workers: 4
[610.244s][debug][gc,phases      ] GC(85)     Dead                           Min: 0, Avg:  0.0, Max: 0, Diff: 0, Sum: 0, Workers: 4
[610.244s][debug][gc,phases      ] GC(85)     Total                          Min: 0, Avg:  0.0, Max: 0, Diff: 0, Sum: 0, Workers: 4
[610.244s][debug][gc,phases      ] GC(85)   Weak JFR Old Object Samples    Min:  0.0, Avg:  0.0, Max:  0.0, Diff:  0.0, Sum:  0.0, Workers: 4
[610.244s][debug][gc,phases      ] GC(85)     Dead                           Min: 0, Avg:  0.0, Max: 0, Diff: 0, Sum: 0, Workers: 4
[610.244s][debug][gc,phases      ] GC(85)     Total                          Min: 0, Avg:  0.0, Max: 0, Diff: 0, Sum: 0, Workers: 4
[610.244s][debug][gc,phases      ] GC(85) Weak Processing 0.298ms
[610.244s][debug][gc,age         ] GC(85) Desired survivor size 19398656 bytes, new threshold 15 (max threshold 15)
[610.244s][info ][gc,heap        ] GC(85) PSYoungGen: 2058720K(2076672K)->4048K(2075136K) Eden: 2054656K(2054656K)->0K(2054656K) From: 4064K(22016K)->4048K(20480K)
[610.244s][info ][gc,heap        ] GC(85) ParOldGen: 358938K(430080K)->358978K(430080K)
[610.244s][info ][gc,metaspace   ] GC(85) Metaspace: 84641K(85696K)->84641K(85696K) NonClass: 72321K(72896K)->72321K(72896K) Class: 12320K(12800K)->12320K(12800K)
[610.244s][info ][gc             ] GC(85) Pause Young (Allocation Failure) 2360M->354M(2446M) 5.640ms
[610.244s][info ][gc,cpu         ] GC(85) User=0.02s Sys=0.00s Real=0.01s
[610.245s][info ][safepoint      ] Safepoint "ParallelGCFailedAllocation", Time since last: 788753959 ns, Reaching safepoint: 3800 ns, Cleanup: 25100 ns, At safepoint: 5699821 ns, Total: 5728721 ns
[611.245s][info ][safepoint      ] Safepoint "Cleanup", Time since last: 1000078726 ns, Reaching safepoint: 71700 ns, Cleanup: 33900 ns, At safepoint: 4600 ns, Total: 110200 ns
[612.245s][info ][safepoint      ] Safepoint "Cleanup", Time since last: 1000094326 ns, Reaching safepoint: 72100 ns, Cleanup: 75701 ns, At safepoint: 5400 ns, Total: 153201 ns
[613.245s][info ][safepoint      ] Safepoint "Cleanup", Time since last: 1000111726 ns, Reaching safepoint: 89000 ns, Cleanup: 29300 ns, At safepoint: 6600 ns, Total: 124900 ns
[614.245s][info ][safepoint      ] Safepoint "Cleanup", Time since last: 1000105926 ns, Reaching safepoint: 73400 ns, Cleanup: 32800 ns, At safepoint: 24900 ns, Total: 131100 ns
[615.246s][info ][safepoint      ] Safepoint "Cleanup", Time since last: 1000089726 ns, Reaching safepoint: 3500 ns, Cleanup: 41200 ns, At safepoint: 2400 ns, Total: 47100 ns
[616.246s][info ][safepoint      ] Safepoint "Cleanup", Time since last: 1000128126 ns, Reaching safepoint: 71501 ns, Cleanup: 28100 ns, At safepoint: 3200 ns, Total: 102801 ns
[617.246s][info ][safepoint      ] Safepoint "Cleanup", Time since last: 1000096999 ns, Reaching safepoint: 3600 ns, Cleanup: 47501 ns, At safepoint: 3100 ns, Total: 54201 ns
[619.246s][info ][safepoint      ] Safepoint "Cleanup", Time since last: 2000171689 ns, Reaching safepoint: 73300 ns, Cleanup: 36800 ns, At safepoint: 4500 ns, Total: 114600 ns
[619.644s][info ][gc,start       ] GC(86) Pause Young (Allocation Failure)
[619.648s][debug][gc,phases      ] GC(86) Scavenge 4.326ms
[619.648s][debug][gc,ref         ] GC(86) Skipped phase 1 of Reference Processing: no references
[619.648s][debug][gc,ref         ] GC(86) ReferenceProcessor::execute queues: 1, RefProcThreadModel::Single, marks_oops_alive: false
[619.648s][debug][gc,ref         ] GC(86) Skipped phase 3 of Reference Processing: no references
[619.648s][debug][gc,ref         ] GC(86) ReferenceProcessor::execute queues: 1, RefProcThreadModel::Single, marks_oops_alive: false
[619.648s][debug][gc,phases      ] GC(86) Reference Processing 0.107ms
[619.648s][debug][gc,phases      ] GC(86)   VM Weak                        Min:  0.0, Avg:  0.0, Max:  0.0, Diff:  0.0, Sum:  0.0, Workers: 4
[619.648s][debug][gc,phases      ] GC(86)     Dead                           Min: 0, Avg:  0.0, Max: 0, Diff: 0, Sum: 0, Workers: 4
[619.648s][debug][gc,phases      ] GC(86)     Total                          Min: 0, Avg: 215.5, Max: 768, Diff: 768, Sum: 862, Workers: 4
[619.648s][debug][gc,phases      ] GC(86)   ObjectSynchronizer Weak        Min:  0.0, Avg:  0.0, Max:  0.0, Diff:  0.0, Sum:  0.0, Workers: 4
[619.648s][debug][gc,phases      ] GC(86)     Dead                           Min: 0, Avg:  0.0, Max: 0, Diff: 0, Sum: 0, Workers: 4
[619.648s][debug][gc,phases      ] GC(86)     Total                          Min: 0, Avg:  1.0, Max: 4, Diff: 4, Sum: 4, Workers: 4
[619.648s][debug][gc,phases      ] GC(86)   JVMTI Tag Weak OopStorage      Min:  0.0, Avg:  0.0, Max:  0.0, Diff:  0.0, Sum:  0.0, Workers: 4
[619.648s][debug][gc,phases      ] GC(86)     Dead                           Min: 0, Avg:  0.0, Max: 0, Diff: 0, Sum: 0, Workers: 4
[619.648s][debug][gc,phases      ] GC(86)     Total                          Min: 0, Avg:  0.0, Max: 0, Diff: 0, Sum: 0, Workers: 4
[619.648s][debug][gc,phases      ] GC(86)   StringTable Weak               Min:  0.0, Avg:  0.1, Max:  0.1, Diff:  0.1, Sum:  0.4, Workers: 4
[619.648s][debug][gc,phases      ] GC(86)     Dead                           Min: 0, Avg:  0.0, Max: 0, Diff: 0, Sum: 0, Workers: 4
[619.648s][debug][gc,phases      ] GC(86)     Total                          Min: 0, Avg: 11135.2, Max: 18815, Diff: 18815, Sum: 44541, Workers: 4
[619.648s][debug][gc,phases      ] GC(86)   ResolvedMethodTable Weak       Min:  0.0, Avg:  0.0, Max:  0.0, Diff:  0.0, Sum:  0.1, Workers: 4
[619.648s][debug][gc,phases      ] GC(86)     Dead                           Min: 0, Avg:  0.0, Max: 0, Diff: 0, Sum: 0, Workers: 4
[619.648s][debug][gc,phases      ] GC(86)     Total                          Min: 0, Avg: 2607.0, Max: 4543, Diff: 4543, Sum: 10428, Workers: 4
[619.648s][debug][gc,phases      ] GC(86)   JNI Weak                       Min:  0.0, Avg:  0.0, Max:  0.0, Diff:  0.0, Sum:  0.0, Workers: 4
[619.648s][debug][gc,phases      ] GC(86)     Dead                           Min: 0, Avg:  0.0, Max: 0, Diff: 0, Sum: 0, Workers: 4
[619.648s][debug][gc,phases      ] GC(86)     Total                          Min: 0, Avg: 11.2, Max: 45, Diff: 45, Sum: 45, Workers: 4
[619.648s][debug][gc,phases      ] GC(86)   StringDedup Table Weak         Min:  0.0, Avg:  0.0, Max:  0.0, Diff:  0.0, Sum:  0.0, Workers: 4
[619.648s][debug][gc,phases      ] GC(86)     Dead                           Min: 0, Avg:  0.0, Max: 0, Diff: 0, Sum: 0, Workers: 4
[619.648s][debug][gc,phases      ] GC(86)     Total                          Min: 0, Avg:  0.0, Max: 0, Diff: 0, Sum: 0, Workers: 4
[619.648s][debug][gc,phases      ] GC(86)   StringDedup Requests0 Weak     Min:  0.0, Avg:  0.0, Max:  0.0, Diff:  0.0, Sum:  0.0, Workers: 4
[619.648s][debug][gc,phases      ] GC(86)     Dead                           Min: 0, Avg:  0.0, Max: 0, Diff: 0, Sum: 0, Workers: 4
[619.648s][debug][gc,phases      ] GC(86)     Total                          Min: 0, Avg:  0.0, Max: 0, Diff: 0, Sum: 0, Workers: 4
[619.648s][debug][gc,phases      ] GC(86)   StringDedup Requests1 Weak     Min:  0.0, Avg:  0.0, Max:  0.0, Diff:  0.0, Sum:  0.0, Workers: 4
[619.648s][debug][gc,phases      ] GC(86)     Dead                           Min: 0, Avg:  0.0, Max: 0, Diff: 0, Sum: 0, Workers: 4
[619.648s][debug][gc,phases      ] GC(86)     Total                          Min: 0, Avg:  0.0, Max: 0, Diff: 0, Sum: 0, Workers: 4
[619.648s][debug][gc,phases      ] GC(86)   Weak JFR Old Object Samples    Min:  0.0, Avg:  0.0, Max:  0.0, Diff:  0.0, Sum:  0.0, Workers: 4
[619.648s][debug][gc,phases      ] GC(86)     Dead                           Min: 0, Avg:  0.0, Max: 0, Diff: 0, Sum: 0, Workers: 4
[619.648s][debug][gc,phases      ] GC(86)     Total                          Min: 0, Avg:  0.0, Max: 0, Diff: 0, Sum: 0, Workers: 4
[619.648s][debug][gc,phases      ] GC(86) Weak Processing 0.330ms
[619.648s][debug][gc,age         ] GC(86) Desired survivor size 18350080 bytes, new threshold 15 (max threshold 15)
[619.648s][info ][gc,heap        ] GC(86) PSYoungGen: 2058704K(2075136K)->4096K(2079232K) Eden: 2054656K(2054656K)->0K(2060288K) From: 4048K(20480K)->4096K(18944K)
[619.648s][info ][gc,heap        ] GC(86) ParOldGen: 358978K(430080K)->359010K(430080K)
[619.648s][info ][gc,metaspace   ] GC(86) Metaspace: 84657K(85696K)->84657K(85696K) NonClass: 72336K(72896K)->72336K(72896K) Class: 12320K(12800K)->12320K(12800K)
[619.649s][info ][gc             ] GC(86) Pause Young (Allocation Failure) 2361M->354M(2450M) 4.921ms
[619.649s][info ][gc,cpu         ] GC(86) User=0.02s Sys=0.00s Real=0.00s
[619.649s][info ][safepoint      ] Safepoint "ParallelGCFailedAllocation", Time since last: 397220329 ns, Reaching safepoint: 76800 ns, Cleanup: 24700 ns, At safepoint: 4993317 ns, Total: 5094817 ns
[620.649s][info ][safepoint      ] Safepoint "Cleanup", Time since last: 1000084945 ns, Reaching safepoint: 3800 ns, Cleanup: 31700 ns, At safepoint: 3300 ns, Total: 38800 ns
[621.649s][info ][safepoint      ] Safepoint "Cleanup", Time since last: 1000097144 ns, Reaching safepoint: 3700 ns, Cleanup: 35001 ns, At safepoint: 9600 ns, Total: 48301 ns
[622.649s][info ][safepoint      ] Safepoint "Cleanup", Time since last: 1000107844 ns, Reaching safepoint: 3600 ns, Cleanup: 29501 ns, At safepoint: 2400 ns, Total: 35501 ns
[623.649s][info ][safepoint      ] Safepoint "Cleanup", Time since last: 1000087244 ns, Reaching safepoint: 3400 ns, Cleanup: 41900 ns, At safepoint: 4900 ns, Total: 50200 ns
[624.649s][info ][safepoint      ] Safepoint "Cleanup", Time since last: 1000099545 ns, Reaching safepoint: 3600 ns, Cleanup: 32800 ns, At safepoint: 3100 ns, Total: 39500 ns
[626.649s][info ][safepoint      ] Safepoint "Cleanup", Time since last: 2000176808 ns, Reaching safepoint: 3200 ns, Cleanup: 45400 ns, At safepoint: 2100 ns, Total: 50700 ns
[628.650s][info ][safepoint      ] Safepoint "Cleanup", Time since last: 2000163417 ns, Reaching safepoint: 4200 ns, Cleanup: 34800 ns, At safepoint: 7600 ns, Total: 46600 ns
[630.492s][info ][gc,start       ] GC(87) Pause Young (Allocation Failure)
[630.498s][debug][gc,phases      ] GC(87) Scavenge 5.577ms
[630.498s][debug][gc,ref         ] GC(87) Skipped phase 1 of Reference Processing: no references
[630.498s][debug][gc,ref         ] GC(87) ReferenceProcessor::execute queues: 1, RefProcThreadModel::Single, marks_oops_alive: false
[630.498s][debug][gc,ref         ] GC(87) Skipped phase 3 of Reference Processing: no references
[630.498s][debug][gc,ref         ] GC(87) ReferenceProcessor::execute queues: 1, RefProcThreadModel::Single, marks_oops_alive: false
[630.498s][debug][gc,phases      ] GC(87) Reference Processing 0.108ms
[630.498s][debug][gc,phases      ] GC(87)   VM Weak                        Min:  0.0, Avg:  0.0, Max:  0.0, Diff:  0.0, Sum:  0.0, Workers: 4
[630.498s][debug][gc,phases      ] GC(87)     Dead                           Min: 0, Avg:  0.0, Max: 0, Diff: 0, Sum: 0, Workers: 4
[630.498s][debug][gc,phases      ] GC(87)     Total                          Min: 0, Avg: 215.5, Max: 640, Diff: 640, Sum: 862, Workers: 4
[630.498s][debug][gc,phases      ] GC(87)   ObjectSynchronizer Weak        Min:  0.0, Avg:  0.0, Max:  0.0, Diff:  0.0, Sum:  0.0, Workers: 4
[630.498s][debug][gc,phases      ] GC(87)     Dead                           Min: 0, Avg:  0.0, Max: 0, Diff: 0, Sum: 0, Workers: 4
[630.498s][debug][gc,phases      ] GC(87)     Total                          Min: 0, Avg:  1.0, Max: 4, Diff: 4, Sum: 4, Workers: 4
[630.498s][debug][gc,phases      ] GC(87)   JVMTI Tag Weak OopStorage      Min:  0.0, Avg:  0.0, Max:  0.0, Diff:  0.0, Sum:  0.0, Workers: 4
[630.498s][debug][gc,phases      ] GC(87)     Dead                           Min: 0, Avg:  0.0, Max: 0, Diff: 0, Sum: 0, Workers: 4
[630.498s][debug][gc,phases      ] GC(87)     Total                          Min: 0, Avg:  0.0, Max: 0, Diff: 0, Sum: 0, Workers: 4
[630.498s][debug][gc,phases      ] GC(87)   StringTable Weak               Min:  0.0, Avg:  0.1, Max:  0.1, Diff:  0.1, Sum:  0.4, Workers: 4
[630.498s][debug][gc,phases      ] GC(87)     Dead                           Min: 0, Avg:  0.0, Max: 0, Diff: 0, Sum: 0, Workers: 4
[630.498s][debug][gc,phases      ] GC(87)     Total                          Min: 0, Avg: 11135.2, Max: 18493, Diff: 18493, Sum: 44541, Workers: 4
[630.498s][debug][gc,phases      ] GC(87)   ResolvedMethodTable Weak       Min:  0.0, Avg:  0.0, Max:  0.0, Diff:  0.0, Sum:  0.1, Workers: 4
[630.498s][debug][gc,phases      ] GC(87)     Dead                           Min: 0, Avg:  0.0, Max: 0, Diff: 0, Sum: 0, Workers: 4
[630.498s][debug][gc,phases      ] GC(87)     Total                          Min: 0, Avg: 2607.0, Max: 4668, Diff: 4668, Sum: 10428, Workers: 4
[630.498s][debug][gc,phases      ] GC(87)   JNI Weak                       Min:  0.0, Avg:  0.0, Max:  0.0, Diff:  0.0, Sum:  0.0, Workers: 4
[630.498s][debug][gc,phases      ] GC(87)     Dead                           Min: 0, Avg:  0.0, Max: 0, Diff: 0, Sum: 0, Workers: 4
[630.498s][debug][gc,phases      ] GC(87)     Total                          Min: 0, Avg: 11.2, Max: 45, Diff: 45, Sum: 45, Workers: 4
[630.498s][debug][gc,phases      ] GC(87)   StringDedup Table Weak         Min:  0.0, Avg:  0.0, Max:  0.0, Diff:  0.0, Sum:  0.0, Workers: 4
[630.498s][debug][gc,phases      ] GC(87)     Dead                           Min: 0, Avg:  0.0, Max: 0, Diff: 0, Sum: 0, Workers: 4
[630.498s][debug][gc,phases      ] GC(87)     Total                          Min: 0, Avg:  0.0, Max: 0, Diff: 0, Sum: 0, Workers: 4
[630.498s][debug][gc,phases      ] GC(87)   StringDedup Requests0 Weak     Min:  0.0, Avg:  0.0, Max:  0.0, Diff:  0.0, Sum:  0.0, Workers: 4
[630.498s][debug][gc,phases      ] GC(87)     Dead                           Min: 0, Avg:  0.0, Max: 0, Diff: 0, Sum: 0, Workers: 4
[630.498s][debug][gc,phases      ] GC(87)     Total                          Min: 0, Avg:  0.0, Max: 0, Diff: 0, Sum: 0, Workers: 4
[630.498s][debug][gc,phases      ] GC(87)   StringDedup Requests1 Weak     Min:  0.0, Avg:  0.0, Max:  0.0, Diff:  0.0, Sum:  0.0, Workers: 4
[630.498s][debug][gc,phases      ] GC(87)     Dead                           Min: 0, Avg:  0.0, Max: 0, Diff: 0, Sum: 0, Workers: 4
[630.498s][debug][gc,phases      ] GC(87)     Total                          Min: 0, Avg:  0.0, Max: 0, Diff: 0, Sum: 0, Workers: 4
[630.498s][debug][gc,phases      ] GC(87)   Weak JFR Old Object Samples    Min:  0.0, Avg:  0.0, Max:  0.0, Diff:  0.0, Sum:  0.0, Workers: 4
[630.498s][debug][gc,phases      ] GC(87)     Dead                           Min: 0, Avg:  0.0, Max: 0, Diff: 0, Sum: 0, Workers: 4
[630.498s][debug][gc,phases      ] GC(87)     Total                          Min: 0, Avg:  0.0, Max: 0, Diff: 0, Sum: 0, Workers: 4
[630.498s][debug][gc,phases      ] GC(87) Weak Processing 0.318ms
[630.498s][debug][gc,age         ] GC(87) Desired survivor size 16777216 bytes, new threshold 15 (max threshold 15)
[630.498s][info ][gc,heap        ] GC(87) PSYoungGen: 2064384K(2079232K)->4112K(2078208K) Eden: 2060288K(2060288K)->0K(2060288K) From: 4096K(18944K)->4112K(17920K)
[630.498s][info ][gc,heap        ] GC(87) ParOldGen: 359010K(430080K)->359034K(430080K)
[630.498s][info ][gc,metaspace   ] GC(87) Metaspace: 84664K(85696K)->84664K(85696K) NonClass: 72344K(72896K)->72344K(72896K) Class: 12320K(12800K)->12320K(12800K)
[630.498s][info ][gc             ] GC(87) Pause Young (Allocation Failure) 2366M->354M(2449M) 6.100ms
[630.498s][info ][gc,cpu         ] GC(87) User=0.02s Sys=0.00s Real=0.01s
[630.498s][info ][safepoint      ] Safepoint "ParallelGCFailedAllocation", Time since last: 1842140255 ns, Reaching safepoint: 46900 ns, Cleanup: 18800 ns, At safepoint: 6171322 ns, Total: 6237022 ns
[632.498s][info ][safepoint      ] Safepoint "Cleanup", Time since last: 2000111017 ns, Reaching safepoint: 71800 ns, Cleanup: 36900 ns, At safepoint: 4300 ns, Total: 113000 ns
[633.498s][info ][safepoint      ] Safepoint "Cleanup", Time since last: 1000098022 ns, Reaching safepoint: 3000 ns, Cleanup: 41200 ns, At safepoint: 5100 ns, Total: 49300 ns
[635.499s][info ][safepoint      ] Safepoint "Cleanup", Time since last: 2000179690 ns, Reaching safepoint: 3300 ns, Cleanup: 31000 ns, At safepoint: 2400 ns, Total: 36700 ns
[636.499s][info ][safepoint      ] Safepoint "Cleanup", Time since last: 1000113445 ns, Reaching safepoint: 3500 ns, Cleanup: 45800 ns, At safepoint: 2100 ns, Total: 51400 ns
[638.499s][info ][safepoint      ] Safepoint "Cleanup", Time since last: 2000154991 ns, Reaching safepoint: 3100 ns, Cleanup: 53900 ns, At safepoint: 12200 ns, Total: 69200 ns
[642.499s][info ][safepoint      ] Safepoint "Cleanup", Time since last: 4000255545 ns, Reaching safepoint: 4200 ns, Cleanup: 35900 ns, At safepoint: 10100 ns, Total: 50200 ns
[643.195s][info ][gc,start       ] GC(88) Pause Young (Allocation Failure)
[643.200s][debug][gc,phases      ] GC(88) Scavenge 4.808ms
[643.200s][debug][gc,ref         ] GC(88) Skipped phase 1 of Reference Processing: no references
[643.200s][debug][gc,ref         ] GC(88) ReferenceProcessor::execute queues: 1, RefProcThreadModel::Single, marks_oops_alive: false
[643.200s][debug][gc,ref         ] GC(88) Skipped phase 3 of Reference Processing: no references
[643.200s][debug][gc,ref         ] GC(88) ReferenceProcessor::execute queues: 1, RefProcThreadModel::Single, marks_oops_alive: false
[643.200s][debug][gc,phases      ] GC(88) Reference Processing 0.092ms
[643.200s][debug][gc,phases      ] GC(88)   VM Weak                        Min:  0.0, Avg:  0.0, Max:  0.0, Diff:  0.0, Sum:  0.0, Workers: 4
[643.200s][debug][gc,phases      ] GC(88)     Dead                           Min: 0, Avg:  0.0, Max: 0, Diff: 0, Sum: 0, Workers: 4
[643.200s][debug][gc,phases      ] GC(88)     Total                          Min: 0, Avg: 215.5, Max: 670, Diff: 670, Sum: 862, Workers: 4
[643.200s][debug][gc,phases      ] GC(88)   ObjectSynchronizer Weak        Min:  0.0, Avg:  0.0, Max:  0.0, Diff:  0.0, Sum:  0.0, Workers: 4
[643.200s][debug][gc,phases      ] GC(88)     Dead                           Min: 0, Avg:  0.0, Max: 0, Diff: 0, Sum: 0, Workers: 4
[643.200s][debug][gc,phases      ] GC(88)     Total                          Min: 0, Avg:  1.2, Max: 5, Diff: 5, Sum: 5, Workers: 4
[643.200s][debug][gc,phases      ] GC(88)   JVMTI Tag Weak OopStorage      Min:  0.0, Avg:  0.0, Max:  0.0, Diff:  0.0, Sum:  0.0, Workers: 4
[643.200s][debug][gc,phases      ] GC(88)     Dead                           Min: 0, Avg:  0.0, Max: 0, Diff: 0, Sum: 0, Workers: 4
[643.200s][debug][gc,phases      ] GC(88)     Total                          Min: 0, Avg:  0.0, Max: 0, Diff: 0, Sum: 0, Workers: 4
[643.200s][debug][gc,phases      ] GC(88)   StringTable Weak               Min:  0.0, Avg:  0.1, Max:  0.1, Diff:  0.1, Sum:  0.4, Workers: 4
[643.200s][debug][gc,phases      ] GC(88)     Dead                           Min: 0, Avg:  0.0, Max: 0, Diff: 0, Sum: 0, Workers: 4
[643.200s][debug][gc,phases      ] GC(88)     Total                          Min: 0, Avg: 11136.0, Max: 19328, Diff: 19328, Sum: 44544, Workers: 4
[643.200s][debug][gc,phases      ] GC(88)   ResolvedMethodTable Weak       Min:  0.0, Avg:  0.0, Max:  0.0, Diff:  0.0, Sum:  0.1, Workers: 4
[643.200s][debug][gc,phases      ] GC(88)     Dead                           Min: 0, Avg:  0.0, Max: 0, Diff: 0, Sum: 0, Workers: 4
[643.200s][debug][gc,phases      ] GC(88)     Total                          Min: 0, Avg: 2607.0, Max: 4732, Diff: 4732, Sum: 10428, Workers: 4
[643.200s][debug][gc,phases      ] GC(88)   JNI Weak                       Min:  0.0, Avg:  0.0, Max:  0.0, Diff:  0.0, Sum:  0.0, Workers: 4
[643.200s][debug][gc,phases      ] GC(88)     Dead                           Min: 0, Avg:  0.0, Max: 0, Diff: 0, Sum: 0, Workers: 4
[643.200s][debug][gc,phases      ] GC(88)     Total                          Min: 0, Avg: 11.2, Max: 45, Diff: 45, Sum: 45, Workers: 4
[643.200s][debug][gc,phases      ] GC(88)   StringDedup Table Weak         Min:  0.0, Avg:  0.0, Max:  0.0, Diff:  0.0, Sum:  0.0, Workers: 4
[643.200s][debug][gc,phases      ] GC(88)     Dead                           Min: 0, Avg:  0.0, Max: 0, Diff: 0, Sum: 0, Workers: 4
[643.200s][debug][gc,phases      ] GC(88)     Total                          Min: 0, Avg:  0.0, Max: 0, Diff: 0, Sum: 0, Workers: 4
[643.200s][debug][gc,phases      ] GC(88)   StringDedup Requests0 Weak     Min:  0.0, Avg:  0.0, Max:  0.0, Diff:  0.0, Sum:  0.0, Workers: 4
[643.200s][debug][gc,phases      ] GC(88)     Dead                           Min: 0, Avg:  0.0, Max: 0, Diff: 0, Sum: 0, Workers: 4
[643.200s][debug][gc,phases      ] GC(88)     Total                          Min: 0, Avg:  0.0, Max: 0, Diff: 0, Sum: 0, Workers: 4
[643.200s][debug][gc,phases      ] GC(88)   StringDedup Requests1 Weak     Min:  0.0, Avg:  0.0, Max:  0.0, Diff:  0.0, Sum:  0.0, Workers: 4
[643.200s][debug][gc,phases      ] GC(88)     Dead                           Min: 0, Avg:  0.0, Max: 0, Diff: 0, Sum: 0, Workers: 4
[643.200s][debug][gc,phases      ] GC(88)     Total                          Min: 0, Avg:  0.0, Max: 0, Diff: 0, Sum: 0, Workers: 4
[643.200s][debug][gc,phases      ] GC(88)   Weak JFR Old Object Samples    Min:  0.0, Avg:  0.0, Max:  0.0, Diff:  0.0, Sum:  0.0, Workers: 4
[643.200s][debug][gc,phases      ] GC(88)     Dead                           Min: 0, Avg:  0.0, Max: 0, Diff: 0, Sum: 0, Workers: 4
[643.200s][debug][gc,phases      ] GC(88)     Total                          Min: 0, Avg:  0.0, Max: 0, Diff: 0, Sum: 0, Workers: 4
[643.200s][debug][gc,phases      ] GC(88) Weak Processing 0.328ms
[643.200s][debug][gc,age         ] GC(88) Desired survivor size 16252928 bytes, new threshold 15 (max threshold 15)
[643.200s][info ][gc,heap        ] GC(88) PSYoungGen: 2064400K(2078208K)->5840K(2081280K) Eden: 2060288K(2060288K)->0K(2064896K) From: 4112K(17920K)->5840K(16384K)
[643.200s][info ][gc,heap        ] GC(88) ParOldGen: 359034K(430080K)->359066K(430080K)
[643.200s][info ][gc,metaspace   ] GC(88) Metaspace: 84681K(85696K)->84681K(85696K) NonClass: 72361K(72896K)->72361K(72896K) Class: 12320K(12800K)->12320K(12800K)
[643.200s][info ][gc             ] GC(88) Pause Young (Allocation Failure) 2366M->356M(2452M) 5.326ms
[643.200s][info ][gc,cpu         ] GC(88) User=0.02s Sys=0.00s Real=0.00s
[643.200s][info ][safepoint      ] Safepoint "ParallelGCFailedAllocation", Time since last: 695324642 ns, Reaching safepoint: 4100 ns, Cleanup: 28700 ns, At safepoint: 5392517 ns, Total: 5425317 ns
[645.200s][info ][safepoint      ] Safepoint "Cleanup", Time since last: 2000149661 ns, Reaching safepoint: 4500 ns, Cleanup: 37801 ns, At safepoint: 24400 ns, Total: 66701 ns
[646.200s][info ][safepoint      ] Safepoint "Cleanup", Time since last: 1000090081 ns, Reaching safepoint: 3400 ns, Cleanup: 46600 ns, At safepoint: 3400 ns, Total: 53400 ns
[647.201s][info ][safepoint      ] Safepoint "Cleanup", Time since last: 1000109981 ns, Reaching safepoint: 3700 ns, Cleanup: 38800 ns, At safepoint: 2300 ns, Total: 44800 ns
[649.201s][info ][safepoint      ] Safepoint "Cleanup", Time since last: 2000158691 ns, Reaching safepoint: 3900 ns, Cleanup: 35200 ns, At safepoint: 3300 ns, Total: 42400 ns
[650.201s][info ][safepoint      ] Safepoint "Cleanup", Time since last: 1000104458 ns, Reaching safepoint: 4200 ns, Cleanup: 35000 ns, At safepoint: 2800 ns, Total: 42000 ns
[652.201s][info ][safepoint      ] Safepoint "Cleanup", Time since last: 2000157225 ns, Reaching safepoint: 5200 ns, Cleanup: 40100 ns, At safepoint: 2800 ns, Total: 48100 ns
[652.793s][info ][gc,start       ] GC(89) Pause Young (Allocation Failure)
[652.799s][debug][gc,phases      ] GC(89) Scavenge 6.021ms
[652.799s][debug][gc,ref         ] GC(89) Skipped phase 1 of Reference Processing: no references
[652.799s][debug][gc,ref         ] GC(89) ReferenceProcessor::execute queues: 1, RefProcThreadModel::Single, marks_oops_alive: false
[652.799s][debug][gc,ref         ] GC(89) Skipped phase 3 of Reference Processing: no references
[652.799s][debug][gc,ref         ] GC(89) ReferenceProcessor::execute queues: 1, RefProcThreadModel::Single, marks_oops_alive: false
[652.799s][debug][gc,phases      ] GC(89) Reference Processing 0.091ms
[652.800s][debug][gc,phases      ] GC(89)   VM Weak                        Min:  0.0, Avg:  0.0, Max:  0.0, Diff:  0.0, Sum:  0.0, Workers: 4
[652.800s][debug][gc,phases      ] GC(89)     Dead                           Min: 0, Avg:  0.0, Max: 0, Diff: 0, Sum: 0, Workers: 4
[652.800s][debug][gc,phases      ] GC(89)     Total                          Min: 0, Avg: 215.5, Max: 670, Diff: 670, Sum: 862, Workers: 4
[652.800s][debug][gc,phases      ] GC(89)   ObjectSynchronizer Weak        Min:  0.0, Avg:  0.0, Max:  0.0, Diff:  0.0, Sum:  0.0, Workers: 4
[652.800s][debug][gc,phases      ] GC(89)     Dead                           Min: 0, Avg:  0.0, Max: 0, Diff: 0, Sum: 0, Workers: 4
[652.800s][debug][gc,phases      ] GC(89)     Total                          Min: 0, Avg:  1.2, Max: 5, Diff: 5, Sum: 5, Workers: 4
[652.800s][debug][gc,phases      ] GC(89)   JVMTI Tag Weak OopStorage      Min:  0.0, Avg:  0.0, Max:  0.0, Diff:  0.0, Sum:  0.0, Workers: 4
[652.800s][debug][gc,phases      ] GC(89)     Dead                           Min: 0, Avg:  0.0, Max: 0, Diff: 0, Sum: 0, Workers: 4
[652.800s][debug][gc,phases      ] GC(89)     Total                          Min: 0, Avg:  0.0, Max: 0, Diff: 0, Sum: 0, Workers: 4
[652.800s][debug][gc,phases      ] GC(89)   StringTable Weak               Min:  0.0, Avg:  0.1, Max:  0.1, Diff:  0.1, Sum:  0.4, Workers: 4
[652.800s][debug][gc,phases      ] GC(89)     Dead                           Min: 0, Avg:  0.0, Max: 0, Diff: 0, Sum: 0, Workers: 4
[652.800s][debug][gc,phases      ] GC(89)     Total                          Min: 0, Avg: 11136.0, Max: 19072, Diff: 19072, Sum: 44544, Workers: 4
[652.800s][debug][gc,phases      ] GC(89)   ResolvedMethodTable Weak       Min:  0.0, Avg:  0.0, Max:  0.0, Diff:  0.0, Sum:  0.1, Workers: 4
[652.800s][debug][gc,phases      ] GC(89)     Dead                           Min: 0, Avg:  0.0, Max: 0, Diff: 0, Sum: 0, Workers: 4
[652.800s][debug][gc,phases      ] GC(89)     Total                          Min: 0, Avg: 2607.0, Max: 4541, Diff: 4541, Sum: 10428, Workers: 4
[652.800s][debug][gc,phases      ] GC(89)   JNI Weak                       Min:  0.0, Avg:  0.0, Max:  0.0, Diff:  0.0, Sum:  0.0, Workers: 4
[652.800s][debug][gc,phases      ] GC(89)     Dead                           Min: 0, Avg:  0.0, Max: 0, Diff: 0, Sum: 0, Workers: 4
[652.800s][debug][gc,phases      ] GC(89)     Total                          Min: 0, Avg: 11.2, Max: 45, Diff: 45, Sum: 45, Workers: 4
[652.800s][debug][gc,phases      ] GC(89)   StringDedup Table Weak         Min:  0.0, Avg:  0.0, Max:  0.0, Diff:  0.0, Sum:  0.0, Workers: 4
[652.800s][debug][gc,phases      ] GC(89)     Dead                           Min: 0, Avg:  0.0, Max: 0, Diff: 0, Sum: 0, Workers: 4
[652.800s][debug][gc,phases      ] GC(89)     Total                          Min: 0, Avg:  0.0, Max: 0, Diff: 0, Sum: 0, Workers: 4
[652.800s][debug][gc,phases      ] GC(89)   StringDedup Requests0 Weak     Min:  0.0, Avg:  0.0, Max:  0.0, Diff:  0.0, Sum:  0.0, Workers: 4
[652.800s][debug][gc,phases      ] GC(89)     Dead                           Min: 0, Avg:  0.0, Max: 0, Diff: 0, Sum: 0, Workers: 4
[652.800s][debug][gc,phases      ] GC(89)     Total                          Min: 0, Avg:  0.0, Max: 0, Diff: 0, Sum: 0, Workers: 4
[652.800s][debug][gc,phases      ] GC(89)   StringDedup Requests1 Weak     Min:  0.0, Avg:  0.0, Max:  0.0, Diff:  0.0, Sum:  0.0, Workers: 4
[652.800s][debug][gc,phases      ] GC(89)     Dead                           Min: 0, Avg:  0.0, Max: 0, Diff: 0, Sum: 0, Workers: 4
[652.800s][debug][gc,phases      ] GC(89)     Total                          Min: 0, Avg:  0.0, Max: 0, Diff: 0, Sum: 0, Workers: 4
[652.800s][debug][gc,phases      ] GC(89)   Weak JFR Old Object Samples    Min:  0.0, Avg:  0.0, Max:  0.0, Diff:  0.0, Sum:  0.0, Workers: 4
[652.800s][debug][gc,phases      ] GC(89)     Dead                           Min: 0, Avg:  0.0, Max: 0, Diff: 0, Sum: 0, Workers: 4
[652.800s][debug][gc,phases      ] GC(89)     Total                          Min: 0, Avg:  0.0, Max: 0, Diff: 0, Sum: 0, Workers: 4
[652.800s][debug][gc,phases      ] GC(89) Weak Processing 0.356ms
[652.800s][debug][gc,age         ] GC(89) Desired survivor size 15728640 bytes, new threshold 15 (max threshold 15)
[652.800s][info ][gc,heap        ] GC(89) PSYoungGen: 2070736K(2081280K)->5840K(2080768K) Eden: 2064896K(2064896K)->0K(2064896K) From: 5840K(16384K)->5840K(15872K)
[652.800s][info ][gc,heap        ] GC(89) ParOldGen: 359066K(430080K)->359122K(430080K)
[652.800s][info ][gc,metaspace   ] GC(89) Metaspace: 84689K(85760K)->84689K(85760K) NonClass: 72369K(72960K)->72369K(72960K) Class: 12320K(12800K)->12320K(12800K)
[652.800s][info ][gc             ] GC(89) Pause Young (Allocation Failure) 2372M->356M(2452M) 6.567ms
[652.800s][info ][gc,cpu         ] GC(89) User=0.01s Sys=0.00s Real=0.00s
[652.800s][info ][safepoint      ] Safepoint "ParallelGCFailedAllocation", Time since last: 591930254 ns, Reaching safepoint: 71600 ns, Cleanup: 33800 ns, At safepoint: 6632023 ns, Total: 6737423 ns
[654.800s][info ][safepoint      ] Safepoint "Cleanup", Time since last: 2000134437 ns, Reaching safepoint: 3800 ns, Cleanup: 25000 ns, At safepoint: 2600 ns, Total: 31400 ns
[657.800s][info ][safepoint      ] Safepoint "Cleanup", Time since last: 3000152646 ns, Reaching safepoint: 75200 ns, Cleanup: 34100 ns, At safepoint: 4600 ns, Total: 113900 ns
[662.041s][info ][gc,start       ] GC(90) Pause Young (Allocation Failure)
[662.045s][debug][gc,phases      ] GC(90) Scavenge 4.406ms
[662.045s][debug][gc,ref         ] GC(90) Skipped phase 1 of Reference Processing: no references
[662.045s][debug][gc,ref         ] GC(90) ReferenceProcessor::execute queues: 1, RefProcThreadModel::Single, marks_oops_alive: false
[662.045s][debug][gc,ref         ] GC(90) Skipped phase 3 of Reference Processing: no references
[662.045s][debug][gc,ref         ] GC(90) ReferenceProcessor::execute queues: 1, RefProcThreadModel::Single, marks_oops_alive: false
[662.045s][debug][gc,phases      ] GC(90) Reference Processing 0.108ms
[662.046s][debug][gc,phases      ] GC(90)   VM Weak                        Min:  0.0, Avg:  0.0, Max:  0.0, Diff:  0.0, Sum:  0.0, Workers: 4
[662.046s][debug][gc,phases      ] GC(90)     Dead                           Min: 0, Avg:  0.0, Max: 0, Diff: 0, Sum: 0, Workers: 4
[662.046s][debug][gc,phases      ] GC(90)     Total                          Min: 0, Avg: 215.5, Max: 576, Diff: 576, Sum: 862, Workers: 4
[662.046s][debug][gc,phases      ] GC(90)   ObjectSynchronizer Weak        Min:  0.0, Avg:  0.0, Max:  0.0, Diff:  0.0, Sum:  0.0, Workers: 4
[662.046s][debug][gc,phases      ] GC(90)     Dead                           Min: 0, Avg:  0.0, Max: 0, Diff: 0, Sum: 0, Workers: 4
[662.046s][debug][gc,phases      ] GC(90)     Total                          Min: 0, Avg:  1.0, Max: 4, Diff: 4, Sum: 4, Workers: 4
[662.046s][debug][gc,phases      ] GC(90)   JVMTI Tag Weak OopStorage      Min:  0.0, Avg:  0.0, Max:  0.0, Diff:  0.0, Sum:  0.0, Workers: 4
[662.046s][debug][gc,phases      ] GC(90)     Dead                           Min: 0, Avg:  0.0, Max: 0, Diff: 0, Sum: 0, Workers: 4
[662.046s][debug][gc,phases      ] GC(90)     Total                          Min: 0, Avg:  0.0, Max: 0, Diff: 0, Sum: 0, Workers: 4
[662.046s][debug][gc,phases      ] GC(90)   StringTable Weak               Min:  0.0, Avg:  0.1, Max:  0.1, Diff:  0.1, Sum:  0.4, Workers: 4
[662.046s][debug][gc,phases      ] GC(90)     Dead                           Min: 0, Avg:  0.0, Max: 0, Diff: 0, Sum: 0, Workers: 4
[662.046s][debug][gc,phases      ] GC(90)     Total                          Min: 0, Avg: 11136.0, Max: 16640, Diff: 16640, Sum: 44544, Workers: 4
[662.046s][debug][gc,phases      ] GC(90)   ResolvedMethodTable Weak       Min:  0.0, Avg:  0.0, Max:  0.0, Diff:  0.0, Sum:  0.1, Workers: 4
[662.046s][debug][gc,phases      ] GC(90)     Dead                           Min: 0, Avg:  0.0, Max: 0, Diff: 0, Sum: 0, Workers: 4
[662.046s][debug][gc,phases      ] GC(90)     Total                          Min: 0, Avg: 2607.0, Max: 4605, Diff: 4605, Sum: 10428, Workers: 4
[662.046s][debug][gc,phases      ] GC(90)   JNI Weak                       Min:  0.0, Avg:  0.0, Max:  0.0, Diff:  0.0, Sum:  0.0, Workers: 4
[662.046s][debug][gc,phases      ] GC(90)     Dead                           Min: 0, Avg:  0.0, Max: 0, Diff: 0, Sum: 0, Workers: 4
[662.046s][debug][gc,phases      ] GC(90)     Total                          Min: 0, Avg: 11.2, Max: 45, Diff: 45, Sum: 45, Workers: 4
[662.046s][debug][gc,phases      ] GC(90)   StringDedup Table Weak         Min:  0.0, Avg:  0.0, Max:  0.0, Diff:  0.0, Sum:  0.0, Workers: 4
[662.046s][debug][gc,phases      ] GC(90)     Dead                           Min: 0, Avg:  0.0, Max: 0, Diff: 0, Sum: 0, Workers: 4
[662.046s][debug][gc,phases      ] GC(90)     Total                          Min: 0, Avg:  0.0, Max: 0, Diff: 0, Sum: 0, Workers: 4
[662.046s][debug][gc,phases      ] GC(90)   StringDedup Requests0 Weak     Min:  0.0, Avg:  0.0, Max:  0.0, Diff:  0.0, Sum:  0.0, Workers: 4
[662.046s][debug][gc,phases      ] GC(90)     Dead                           Min: 0, Avg:  0.0, Max: 0, Diff: 0, Sum: 0, Workers: 4
[662.046s][debug][gc,phases      ] GC(90)     Total                          Min: 0, Avg:  0.0, Max: 0, Diff: 0, Sum: 0, Workers: 4
[662.046s][debug][gc,phases      ] GC(90)   StringDedup Requests1 Weak     Min:  0.0, Avg:  0.0, Max:  0.0, Diff:  0.0, Sum:  0.0, Workers: 4
[662.046s][debug][gc,phases      ] GC(90)     Dead                           Min: 0, Avg:  0.0, Max: 0, Diff: 0, Sum: 0, Workers: 4
[662.046s][debug][gc,phases      ] GC(90)     Total                          Min: 0, Avg:  0.0, Max: 0, Diff: 0, Sum: 0, Workers: 4
[662.046s][debug][gc,phases      ] GC(90)   Weak JFR Old Object Samples    Min:  0.0, Avg:  0.0, Max:  0.0, Diff:  0.0, Sum:  0.0, Workers: 4
[662.046s][debug][gc,phases      ] GC(90)     Dead                           Min: 0, Avg:  0.0, Max: 0, Diff: 0, Sum: 0, Workers: 4
[662.046s][debug][gc,phases      ] GC(90)     Total                          Min: 0, Avg:  0.0, Max: 0, Diff: 0, Sum: 0, Workers: 4
[662.046s][debug][gc,phases      ] GC(90) Weak Processing 0.438ms
[662.046s][debug][gc,age         ] GC(90) Desired survivor size 14680064 bytes, new threshold 15 (max threshold 15)
[662.046s][info ][gc,heap        ] GC(90) PSYoungGen: 2070736K(2080768K)->5792K(2082816K) Eden: 2064896K(2064896K)->0K(2067456K) From: 5840K(15872K)->5792K(15360K)
[662.046s][info ][gc,heap        ] GC(90) ParOldGen: 359122K(430080K)->359146K(430080K)
[662.046s][info ][gc,metaspace   ] GC(90) Metaspace: 84695K(85760K)->84695K(85760K) NonClass: 72375K(72960K)->72375K(72960K) Class: 12320K(12800K)->12320K(12800K)
[662.046s][info ][gc             ] GC(90) Pause Young (Allocation Failure) 2372M->356M(2454M) 5.063ms
[662.046s][info ][gc,cpu         ] GC(90) User=0.02s Sys=0.00s Real=0.01s
[662.046s][info ][safepoint      ] Safepoint "ParallelGCFailedAllocation", Time since last: 4240526350 ns, Reaching safepoint: 4800 ns, Cleanup: 37900 ns, At safepoint: 5135414 ns, Total: 5178114 ns
[670.046s][info ][safepoint      ] Safepoint "Cleanup", Time since last: 8000460467 ns, Reaching safepoint: 3500 ns, Cleanup: 39400 ns, At safepoint: 6200 ns, Total: 49100 ns
[671.791s][info ][gc,start       ] GC(91) Pause Young (Allocation Failure)
[671.796s][debug][gc,phases      ] GC(91) Scavenge 5.100ms
[671.796s][debug][gc,ref         ] GC(91) Skipped phase 1 of Reference Processing: no references
[671.796s][debug][gc,ref         ] GC(91) ReferenceProcessor::execute queues: 1, RefProcThreadModel::Single, marks_oops_alive: false
[671.796s][debug][gc,ref         ] GC(91) Skipped phase 3 of Reference Processing: no references
[671.796s][debug][gc,ref         ] GC(91) ReferenceProcessor::execute queues: 1, RefProcThreadModel::Single, marks_oops_alive: false
[671.796s][debug][gc,phases      ] GC(91) Reference Processing 0.093ms
[671.796s][debug][gc,phases      ] GC(91)   VM Weak                        Min:  0.0, Avg:  0.0, Max:  0.0, Diff:  0.0, Sum:  0.0, Workers: 4
[671.796s][debug][gc,phases      ] GC(91)     Dead                           Min: 0, Avg:  0.0, Max: 0, Diff: 0, Sum: 0, Workers: 4
[671.796s][debug][gc,phases      ] GC(91)     Total                          Min: 0, Avg: 215.5, Max: 512, Diff: 512, Sum: 862, Workers: 4
[671.796s][debug][gc,phases      ] GC(91)   ObjectSynchronizer Weak        Min:  0.0, Avg:  0.0, Max:  0.0, Diff:  0.0, Sum:  0.0, Workers: 4
[671.796s][debug][gc,phases      ] GC(91)     Dead                           Min: 0, Avg:  0.0, Max: 0, Diff: 0, Sum: 0, Workers: 4
[671.796s][debug][gc,phases      ] GC(91)     Total                          Min: 0, Avg:  1.0, Max: 4, Diff: 4, Sum: 4, Workers: 4
[671.796s][debug][gc,phases      ] GC(91)   JVMTI Tag Weak OopStorage      Min:  0.0, Avg:  0.0, Max:  0.0, Diff:  0.0, Sum:  0.0, Workers: 4
[671.796s][debug][gc,phases      ] GC(91)     Dead                           Min: 0, Avg:  0.0, Max: 0, Diff: 0, Sum: 0, Workers: 4
[671.796s][debug][gc,phases      ] GC(91)     Total                          Min: 0, Avg:  0.0, Max: 0, Diff: 0, Sum: 0, Workers: 4
[671.796s][debug][gc,phases      ] GC(91)   StringTable Weak               Min:  0.0, Avg:  0.1, Max:  0.1, Diff:  0.1, Sum:  0.4, Workers: 4
[671.796s][debug][gc,phases      ] GC(91)     Dead                           Min: 0, Avg:  0.0, Max: 0, Diff: 0, Sum: 0, Workers: 4
[671.796s][debug][gc,phases      ] GC(91)     Total                          Min: 0, Avg: 11136.0, Max: 19264, Diff: 19264, Sum: 44544, Workers: 4
[671.796s][debug][gc,phases      ] GC(91)   ResolvedMethodTable Weak       Min:  0.0, Avg:  0.0, Max:  0.0, Diff:  0.0, Sum:  0.1, Workers: 4
[671.796s][debug][gc,phases      ] GC(91)     Dead                           Min: 0, Avg:  0.0, Max: 0, Diff: 0, Sum: 0, Workers: 4
[671.796s][debug][gc,phases      ] GC(91)     Total                          Min: 0, Avg: 2607.0, Max: 3837, Diff: 3837, Sum: 10428, Workers: 4
[671.796s][debug][gc,phases      ] GC(91)   JNI Weak                       Min:  0.0, Avg:  0.0, Max:  0.0, Diff:  0.0, Sum:  0.0, Workers: 4
[671.796s][debug][gc,phases      ] GC(91)     Dead                           Min: 0, Avg:  0.0, Max: 0, Diff: 0, Sum: 0, Workers: 4
[671.796s][debug][gc,phases      ] GC(91)     Total                          Min: 0, Avg: 11.2, Max: 45, Diff: 45, Sum: 45, Workers: 4
[671.796s][debug][gc,phases      ] GC(91)   StringDedup Table Weak         Min:  0.0, Avg:  0.0, Max:  0.0, Diff:  0.0, Sum:  0.0, Workers: 4
[671.796s][debug][gc,phases      ] GC(91)     Dead                           Min: 0, Avg:  0.0, Max: 0, Diff: 0, Sum: 0, Workers: 4
[671.796s][debug][gc,phases      ] GC(91)     Total                          Min: 0, Avg:  0.0, Max: 0, Diff: 0, Sum: 0, Workers: 4
[671.796s][debug][gc,phases      ] GC(91)   StringDedup Requests0 Weak     Min:  0.0, Avg:  0.0, Max:  0.0, Diff:  0.0, Sum:  0.0, Workers: 4
[671.796s][debug][gc,phases      ] GC(91)     Dead                           Min: 0, Avg:  0.0, Max: 0, Diff: 0, Sum: 0, Workers: 4
[671.796s][debug][gc,phases      ] GC(91)     Total                          Min: 0, Avg:  0.0, Max: 0, Diff: 0, Sum: 0, Workers: 4
[671.796s][debug][gc,phases      ] GC(91)   StringDedup Requests1 Weak     Min:  0.0, Avg:  0.0, Max:  0.0, Diff:  0.0, Sum:  0.0, Workers: 4
[671.796s][debug][gc,phases      ] GC(91)     Dead                           Min: 0, Avg:  0.0, Max: 0, Diff: 0, Sum: 0, Workers: 4
[671.796s][debug][gc,phases      ] GC(91)     Total                          Min: 0, Avg:  0.0, Max: 0, Diff: 0, Sum: 0, Workers: 4
[671.796s][debug][gc,phases      ] GC(91)   Weak JFR Old Object Samples    Min:  0.0, Avg:  0.0, Max:  0.0, Diff:  0.0, Sum:  0.0, Workers: 4
[671.796s][debug][gc,phases      ] GC(91)     Dead                           Min: 0, Avg:  0.0, Max: 0, Diff: 0, Sum: 0, Workers: 4
[671.796s][debug][gc,phases      ] GC(91)     Total                          Min: 0, Avg:  0.0, Max: 0, Diff: 0, Sum: 0, Workers: 4
[671.796s][debug][gc,phases      ] GC(91) Weak Processing 0.328ms
[671.796s][debug][gc,age         ] GC(91) Desired survivor size 14155776 bytes, new threshold 15 (max threshold 15)
[671.796s][info ][gc,heap        ] GC(91) PSYoungGen: 2073248K(2082816K)->5776K(2081792K) Eden: 2067456K(2067456K)->0K(2067456K) From: 5792K(15360K)->5776K(14336K)
[671.796s][info ][gc,heap        ] GC(91) ParOldGen: 359146K(430080K)->359154K(430080K)
[671.796s][info ][gc,metaspace   ] GC(91) Metaspace: 84703K(85760K)->84703K(85760K) NonClass: 72383K(72960K)->72383K(72960K) Class: 12320K(12800K)->12320K(12800K)
[671.796s][info ][gc             ] GC(91) Pause Young (Allocation Failure) 2375M->356M(2453M) 5.625ms
[671.796s][info ][gc,cpu         ] GC(91) User=0.02s Sys=0.00s Real=0.01s
[671.796s][info ][safepoint      ] Safepoint "ParallelGCFailedAllocation", Time since last: 1744282231 ns, Reaching safepoint: 5900 ns, Cleanup: 32300 ns, At safepoint: 5686217 ns, Total: 5724417 ns
[675.797s][info ][safepoint      ] Safepoint "Cleanup", Time since last: 4000244151 ns, Reaching safepoint: 73600 ns, Cleanup: 56700 ns, At safepoint: 24600 ns, Total: 154900 ns
[676.797s][info ][safepoint      ] Safepoint "Cleanup", Time since last: 1000105304 ns, Reaching safepoint: 76600 ns, Cleanup: 51300 ns, At safepoint: 8300 ns, Total: 136200 ns
[678.797s][info ][safepoint      ] Safepoint "Cleanup", Time since last: 2000171996 ns, Reaching safepoint: 5200 ns, Cleanup: 31300 ns, At safepoint: 3100 ns, Total: 39600 ns
[681.338s][info ][gc,start       ] GC(92) Pause Young (Allocation Failure)
[681.343s][debug][gc,phases      ] GC(92) Scavenge 4.574ms
[681.343s][debug][gc,ref         ] GC(92) Skipped phase 1 of Reference Processing: no references
[681.343s][debug][gc,ref         ] GC(92) ReferenceProcessor::execute queues: 1, RefProcThreadModel::Single, marks_oops_alive: false
[681.343s][debug][gc,ref         ] GC(92) Skipped phase 3 of Reference Processing: no references
[681.343s][debug][gc,ref         ] GC(92) ReferenceProcessor::execute queues: 1, RefProcThreadModel::Single, marks_oops_alive: false
[681.343s][debug][gc,phases      ] GC(92) Reference Processing 0.104ms
[681.343s][debug][gc,phases      ] GC(92)   VM Weak                        Min:  0.0, Avg:  0.0, Max:  0.0, Diff:  0.0, Sum:  0.0, Workers: 4
[681.343s][debug][gc,phases      ] GC(92)     Dead                           Min: 0, Avg:  0.0, Max: 0, Diff: 0, Sum: 0, Workers: 4
[681.343s][debug][gc,phases      ] GC(92)     Total                          Min: 0, Avg: 215.5, Max: 512, Diff: 512, Sum: 862, Workers: 4
[681.343s][debug][gc,phases      ] GC(92)   ObjectSynchronizer Weak        Min:  0.0, Avg:  0.0, Max:  0.0, Diff:  0.0, Sum:  0.0, Workers: 4
[681.343s][debug][gc,phases      ] GC(92)     Dead                           Min: 0, Avg:  0.0, Max: 0, Diff: 0, Sum: 0, Workers: 4
[681.343s][debug][gc,phases      ] GC(92)     Total                          Min: 0, Avg:  1.0, Max: 4, Diff: 4, Sum: 4, Workers: 4
[681.343s][debug][gc,phases      ] GC(92)   JVMTI Tag Weak OopStorage      Min:  0.0, Avg:  0.0, Max:  0.0, Diff:  0.0, Sum:  0.0, Workers: 4
[681.343s][debug][gc,phases      ] GC(92)     Dead                           Min: 0, Avg:  0.0, Max: 0, Diff: 0, Sum: 0, Workers: 4
[681.343s][debug][gc,phases      ] GC(92)     Total                          Min: 0, Avg:  0.0, Max: 0, Diff: 0, Sum: 0, Workers: 4
[681.343s][debug][gc,phases      ] GC(92)   StringTable Weak               Min:  0.0, Avg:  0.1, Max:  0.1, Diff:  0.1, Sum:  0.4, Workers: 4
[681.343s][debug][gc,phases      ] GC(92)     Dead                           Min: 0, Avg:  0.0, Max: 0, Diff: 0, Sum: 0, Workers: 4
[681.343s][debug][gc,phases      ] GC(92)     Total                          Min: 0, Avg: 11136.8, Max: 15235, Diff: 15235, Sum: 44547, Workers: 4
[681.343s][debug][gc,phases      ] GC(92)   ResolvedMethodTable Weak       Min:  0.0, Avg:  0.0, Max:  0.0, Diff:  0.0, Sum:  0.1, Workers: 4
[681.343s][debug][gc,phases      ] GC(92)     Dead                           Min: 0, Avg:  0.0, Max: 0, Diff: 0, Sum: 0, Workers: 4
[681.343s][debug][gc,phases      ] GC(92)     Total                          Min: 0, Avg: 2607.0, Max: 3648, Diff: 3648, Sum: 10428, Workers: 4
[681.343s][debug][gc,phases      ] GC(92)   JNI Weak                       Min:  0.0, Avg:  0.0, Max:  0.0, Diff:  0.0, Sum:  0.0, Workers: 4
[681.343s][debug][gc,phases      ] GC(92)     Dead                           Min: 0, Avg:  0.0, Max: 0, Diff: 0, Sum: 0, Workers: 4
[681.343s][debug][gc,phases      ] GC(92)     Total                          Min: 0, Avg: 11.2, Max: 45, Diff: 45, Sum: 45, Workers: 4
[681.343s][debug][gc,phases      ] GC(92)   StringDedup Table Weak         Min:  0.0, Avg:  0.0, Max:  0.0, Diff:  0.0, Sum:  0.0, Workers: 4
[681.343s][debug][gc,phases      ] GC(92)     Dead                           Min: 0, Avg:  0.0, Max: 0, Diff: 0, Sum: 0, Workers: 4
[681.343s][debug][gc,phases      ] GC(92)     Total                          Min: 0, Avg:  0.0, Max: 0, Diff: 0, Sum: 0, Workers: 4
[681.343s][debug][gc,phases      ] GC(92)   StringDedup Requests0 Weak     Min:  0.0, Avg:  0.0, Max:  0.0, Diff:  0.0, Sum:  0.0, Workers: 4
[681.343s][debug][gc,phases      ] GC(92)     Dead                           Min: 0, Avg:  0.0, Max: 0, Diff: 0, Sum: 0, Workers: 4
[681.343s][debug][gc,phases      ] GC(92)     Total                          Min: 0, Avg:  0.0, Max: 0, Diff: 0, Sum: 0, Workers: 4
[681.343s][debug][gc,phases      ] GC(92)   StringDedup Requests1 Weak     Min:  0.0, Avg:  0.0, Max:  0.0, Diff:  0.0, Sum:  0.0, Workers: 4
[681.343s][debug][gc,phases      ] GC(92)     Dead                           Min: 0, Avg:  0.0, Max: 0, Diff: 0, Sum: 0, Workers: 4
[681.343s][debug][gc,phases      ] GC(92)     Total                          Min: 0, Avg:  0.0, Max: 0, Diff: 0, Sum: 0, Workers: 4
[681.343s][debug][gc,phases      ] GC(92)   Weak JFR Old Object Samples    Min:  0.0, Avg:  0.0, Max:  0.0, Diff:  0.0, Sum:  0.0, Workers: 4
[681.343s][debug][gc,phases      ] GC(92)     Dead                           Min: 0, Avg:  0.0, Max: 0, Diff: 0, Sum: 0, Workers: 4
[681.343s][debug][gc,phases      ] GC(92)     Total                          Min: 0, Avg:  0.0, Max: 0, Diff: 0, Sum: 0, Workers: 4
[681.343s][debug][gc,phases      ] GC(92) Weak Processing 0.342ms
[681.343s][debug][gc,age         ] GC(92) Desired survivor size 13631488 bytes, new threshold 15 (max threshold 15)
[681.343s][info ][gc,heap        ] GC(92) PSYoungGen: 2073232K(2081792K)->5888K(2083840K) Eden: 2067456K(2067456K)->0K(2070016K) From: 5776K(14336K)->5888K(13824K)
[681.343s][info ][gc,heap        ] GC(92) ParOldGen: 359154K(430080K)->359162K(430080K)
[681.343s][info ][gc,metaspace   ] GC(92) Metaspace: 84709K(85760K)->84709K(85760K) NonClass: 72389K(72960K)->72389K(72960K) Class: 12320K(12800K)->12320K(12800K)
[681.343s][info ][gc             ] GC(92) Pause Young (Allocation Failure) 2375M->356M(2455M) 5.134ms
[681.343s][info ][gc,cpu         ] GC(92) User=0.02s Sys=0.00s Real=0.01s
[681.343s][info ][safepoint      ] Safepoint "ParallelGCFailedAllocation", Time since last: 2540669521 ns, Reaching safepoint: 4300 ns, Cleanup: 27601 ns, At safepoint: 5201515 ns, Total: 5233416 ns
[686.344s][info ][safepoint      ] Safepoint "Cleanup", Time since last: 5000367331 ns, Reaching safepoint: 76801 ns, Cleanup: 38100 ns, At safepoint: 4900 ns, Total: 119801 ns
[690.344s][info ][safepoint      ] Safepoint "Cleanup", Time since last: 4000261470 ns, Reaching safepoint: 73700 ns, Cleanup: 40000 ns, At safepoint: 5000 ns, Total: 118700 ns
[690.993s][info ][gc,start       ] GC(93) Pause Young (Allocation Failure)
[690.999s][debug][gc,phases      ] GC(93) Scavenge 5.931ms
[690.999s][debug][gc,ref         ] GC(93) Skipped phase 1 of Reference Processing: no references
[690.999s][debug][gc,ref         ] GC(93) ReferenceProcessor::execute queues: 1, RefProcThreadModel::Single, marks_oops_alive: false
[690.999s][debug][gc,ref         ] GC(93) Skipped phase 3 of Reference Processing: no references
[690.999s][debug][gc,ref         ] GC(93) ReferenceProcessor::execute queues: 1, RefProcThreadModel::Single, marks_oops_alive: false
[690.999s][debug][gc,phases      ] GC(93) Reference Processing 0.094ms
[690.999s][debug][gc,phases      ] GC(93)   VM Weak                        Min:  0.0, Avg:  0.0, Max:  0.0, Diff:  0.0, Sum:  0.0, Workers: 4
[690.999s][debug][gc,phases      ] GC(93)     Dead                           Min: 0, Avg:  0.0, Max: 0, Diff: 0, Sum: 0, Workers: 4
[690.999s][debug][gc,phases      ] GC(93)     Total                          Min: 0, Avg: 215.5, Max: 448, Diff: 448, Sum: 862, Workers: 4
[690.999s][debug][gc,phases      ] GC(93)   ObjectSynchronizer Weak        Min:  0.0, Avg:  0.0, Max:  0.0, Diff:  0.0, Sum:  0.0, Workers: 4
[690.999s][debug][gc,phases      ] GC(93)     Dead                           Min: 0, Avg:  0.0, Max: 0, Diff: 0, Sum: 0, Workers: 4
[690.999s][debug][gc,phases      ] GC(93)     Total                          Min: 0, Avg:  1.0, Max: 4, Diff: 4, Sum: 4, Workers: 4
[690.999s][debug][gc,phases      ] GC(93)   JVMTI Tag Weak OopStorage      Min:  0.0, Avg:  0.0, Max:  0.0, Diff:  0.0, Sum:  0.0, Workers: 4
[690.999s][debug][gc,phases      ] GC(93)     Dead                           Min: 0, Avg:  0.0, Max: 0, Diff: 0, Sum: 0, Workers: 4
[690.999s][debug][gc,phases      ] GC(93)     Total                          Min: 0, Avg:  0.0, Max: 0, Diff: 0, Sum: 0, Workers: 4
[690.999s][debug][gc,phases      ] GC(93)   StringTable Weak               Min:  0.1, Avg:  0.1, Max:  0.1, Diff:  0.0, Sum:  0.4, Workers: 4
[690.999s][debug][gc,phases      ] GC(93)     Dead                           Min: 0, Avg:  0.0, Max: 0, Diff: 0, Sum: 0, Workers: 4
[690.999s][debug][gc,phases      ] GC(93)     Total                          Min: 10947, Avg: 11136.8, Max: 11392, Diff: 445, Sum: 44547, Workers: 4
[690.999s][debug][gc,phases      ] GC(93)   ResolvedMethodTable Weak       Min:  0.0, Avg:  0.0, Max:  0.0, Diff:  0.0, Sum:  0.1, Workers: 4
[690.999s][debug][gc,phases      ] GC(93)     Dead                           Min: 0, Avg:  0.0, Max: 0, Diff: 0, Sum: 0, Workers: 4
[690.999s][debug][gc,phases      ] GC(93)     Total                          Min: 1152, Avg: 2607.0, Max: 3200, Diff: 2048, Sum: 10428, Workers: 4
[690.999s][debug][gc,phases      ] GC(93)   JNI Weak                       Min:  0.0, Avg:  0.0, Max:  0.0, Diff:  0.0, Sum:  0.0, Workers: 4
[690.999s][debug][gc,phases      ] GC(93)     Dead                           Min: 0, Avg:  0.0, Max: 0, Diff: 0, Sum: 0, Workers: 4
[690.999s][debug][gc,phases      ] GC(93)     Total                          Min: 0, Avg: 11.2, Max: 45, Diff: 45, Sum: 45, Workers: 4
[690.999s][debug][gc,phases      ] GC(93)   StringDedup Table Weak         Min:  0.0, Avg:  0.0, Max:  0.0, Diff:  0.0, Sum:  0.0, Workers: 4
[690.999s][debug][gc,phases      ] GC(93)     Dead                           Min: 0, Avg:  0.0, Max: 0, Diff: 0, Sum: 0, Workers: 4
[690.999s][debug][gc,phases      ] GC(93)     Total                          Min: 0, Avg:  0.0, Max: 0, Diff: 0, Sum: 0, Workers: 4
[690.999s][debug][gc,phases      ] GC(93)   StringDedup Requests0 Weak     Min:  0.0, Avg:  0.0, Max:  0.0, Diff:  0.0, Sum:  0.0, Workers: 4
[690.999s][debug][gc,phases      ] GC(93)     Dead                           Min: 0, Avg:  0.0, Max: 0, Diff: 0, Sum: 0, Workers: 4
[690.999s][debug][gc,phases      ] GC(93)     Total                          Min: 0, Avg:  0.0, Max: 0, Diff: 0, Sum: 0, Workers: 4
[690.999s][debug][gc,phases      ] GC(93)   StringDedup Requests1 Weak     Min:  0.0, Avg:  0.0, Max:  0.0, Diff:  0.0, Sum:  0.0, Workers: 4
[690.999s][debug][gc,phases      ] GC(93)     Dead                           Min: 0, Avg:  0.0, Max: 0, Diff: 0, Sum: 0, Workers: 4
[690.999s][debug][gc,phases      ] GC(93)     Total                          Min: 0, Avg:  0.0, Max: 0, Diff: 0, Sum: 0, Workers: 4
[690.999s][debug][gc,phases      ] GC(93)   Weak JFR Old Object Samples    Min:  0.0, Avg:  0.0, Max:  0.0, Diff:  0.0, Sum:  0.0, Workers: 4
[690.999s][debug][gc,phases      ] GC(93)     Dead                           Min: 0, Avg:  0.0, Max: 0, Diff: 0, Sum: 0, Workers: 4
[690.999s][debug][gc,phases      ] GC(93)     Total                          Min: 0, Avg:  0.0, Max: 0, Diff: 0, Sum: 0, Workers: 4
[690.999s][debug][gc,phases      ] GC(93) Weak Processing 0.316ms
[690.999s][debug][gc,age         ] GC(93) Desired survivor size 13107200 bytes, new threshold 15 (max threshold 15)
[691.000s][info ][gc,heap        ] GC(93) PSYoungGen: 2075904K(2083840K)->5856K(2083328K) Eden: 2070016K(2070016K)->0K(2070016K) From: 5888K(13824K)->5856K(13312K)
[691.000s][info ][gc,heap        ] GC(93) ParOldGen: 359162K(430080K)->359178K(430080K)
[691.000s][info ][gc,metaspace   ] GC(93) Metaspace: 84709K(85760K)->84709K(85760K) NonClass: 72389K(72960K)->72389K(72960K) Class: 12320K(12800K)->12320K(12800K)
[691.000s][info ][gc             ] GC(93) Pause Young (Allocation Failure) 2377M->356M(2454M) 6.441ms
[691.000s][info ][gc,cpu         ] GC(93) User=0.02s Sys=0.00s Real=0.00s
[691.000s][info ][safepoint      ] Safepoint "ParallelGCFailedAllocation", Time since last: 648840246 ns, Reaching safepoint: 73800 ns, Cleanup: 32200 ns, At safepoint: 6519219 ns, Total: 6625219 ns
[697.000s][info ][safepoint      ] Safepoint "Cleanup", Time since last: 6000354268 ns, Reaching safepoint: 4500 ns, Cleanup: 38900 ns, At safepoint: 4200 ns, Total: 47600 ns
[699.000s][info ][safepoint      ] Safepoint "Cleanup", Time since last: 2000169577 ns, Reaching safepoint: 3800 ns, Cleanup: 47300 ns, At safepoint: 5300 ns, Total: 56400 ns
[700.000s][info ][safepoint      ] Safepoint "Cleanup", Time since last: 1000101732 ns, Reaching safepoint: 3800 ns, Cleanup: 35100 ns, At safepoint: 3600 ns, Total: 42500 ns
[702.592s][info ][gc,start       ] GC(94) Pause Young (Allocation Failure)
[702.598s][debug][gc,phases      ] GC(94) Scavenge 5.807ms
[702.598s][debug][gc,ref         ] GC(94) Skipped phase 1 of Reference Processing: no references
[702.598s][debug][gc,ref         ] GC(94) ReferenceProcessor::execute queues: 1, RefProcThreadModel::Single, marks_oops_alive: false
[702.598s][debug][gc,ref         ] GC(94) Skipped phase 3 of Reference Processing: no references
[702.598s][debug][gc,ref         ] GC(94) ReferenceProcessor::execute queues: 1, RefProcThreadModel::Single, marks_oops_alive: false
[702.598s][debug][gc,phases      ] GC(94) Reference Processing 0.089ms
[702.598s][debug][gc,phases      ] GC(94)   VM Weak                        Min:  0.0, Avg:  0.0, Max:  0.0, Diff:  0.0, Sum:  0.0, Workers: 4
[702.598s][debug][gc,phases      ] GC(94)     Dead                           Min: 0, Avg:  0.0, Max: 0, Diff: 0, Sum: 0, Workers: 4
[702.598s][debug][gc,phases      ] GC(94)     Total                          Min: 0, Avg: 215.5, Max: 862, Diff: 862, Sum: 862, Workers: 4
[702.598s][debug][gc,phases      ] GC(94)   ObjectSynchronizer Weak        Min:  0.0, Avg:  0.0, Max:  0.0, Diff:  0.0, Sum:  0.0, Workers: 4
[702.598s][debug][gc,phases      ] GC(94)     Dead                           Min: 0, Avg:  0.0, Max: 0, Diff: 0, Sum: 0, Workers: 4
[702.598s][debug][gc,phases      ] GC(94)     Total                          Min: 0, Avg:  1.0, Max: 4, Diff: 4, Sum: 4, Workers: 4
[702.598s][debug][gc,phases      ] GC(94)   JVMTI Tag Weak OopStorage      Min:  0.0, Avg:  0.0, Max:  0.0, Diff:  0.0, Sum:  0.0, Workers: 4
[702.598s][debug][gc,phases      ] GC(94)     Dead                           Min: 0, Avg:  0.0, Max: 0, Diff: 0, Sum: 0, Workers: 4
[702.598s][debug][gc,phases      ] GC(94)     Total                          Min: 0, Avg:  0.0, Max: 0, Diff: 0, Sum: 0, Workers: 4
[702.598s][debug][gc,phases      ] GC(94)   StringTable Weak               Min:  0.0, Avg:  0.1, Max:  0.1, Diff:  0.1, Sum:  0.4, Workers: 4
[702.598s][debug][gc,phases      ] GC(94)     Dead                           Min: 0, Avg:  0.0, Max: 0, Diff: 0, Sum: 0, Workers: 4
[702.598s][debug][gc,phases      ] GC(94)     Total                          Min: 0, Avg: 11136.8, Max: 18560, Diff: 18560, Sum: 44547, Workers: 4
[702.598s][debug][gc,phases      ] GC(94)   ResolvedMethodTable Weak       Min:  0.0, Avg:  0.0, Max:  0.0, Diff:  0.0, Sum:  0.1, Workers: 4
[702.598s][debug][gc,phases      ] GC(94)     Dead                           Min: 0, Avg:  0.0, Max: 0, Diff: 0, Sum: 0, Workers: 4
[702.598s][debug][gc,phases      ] GC(94)     Total                          Min: 0, Avg: 2607.0, Max: 4669, Diff: 4669, Sum: 10428, Workers: 4
[702.598s][debug][gc,phases      ] GC(94)   JNI Weak                       Min:  0.0, Avg:  0.0, Max:  0.0, Diff:  0.0, Sum:  0.0, Workers: 4
[702.598s][debug][gc,phases      ] GC(94)     Dead                           Min: 0, Avg:  0.0, Max: 0, Diff: 0, Sum: 0, Workers: 4
[702.598s][debug][gc,phases      ] GC(94)     Total                          Min: 0, Avg: 11.2, Max: 45, Diff: 45, Sum: 45, Workers: 4
[702.598s][debug][gc,phases      ] GC(94)   StringDedup Table Weak         Min:  0.0, Avg:  0.0, Max:  0.0, Diff:  0.0, Sum:  0.0, Workers: 4
[702.598s][debug][gc,phases      ] GC(94)     Dead                           Min: 0, Avg:  0.0, Max: 0, Diff: 0, Sum: 0, Workers: 4
[702.598s][debug][gc,phases      ] GC(94)     Total                          Min: 0, Avg:  0.0, Max: 0, Diff: 0, Sum: 0, Workers: 4
[702.598s][debug][gc,phases      ] GC(94)   StringDedup Requests0 Weak     Min:  0.0, Avg:  0.0, Max:  0.0, Diff:  0.0, Sum:  0.0, Workers: 4
[702.598s][debug][gc,phases      ] GC(94)     Dead                           Min: 0, Avg:  0.0, Max: 0, Diff: 0, Sum: 0, Workers: 4
[702.598s][debug][gc,phases      ] GC(94)     Total                          Min: 0, Avg:  0.0, Max: 0, Diff: 0, Sum: 0, Workers: 4
[702.598s][debug][gc,phases      ] GC(94)   StringDedup Requests1 Weak     Min:  0.0, Avg:  0.0, Max:  0.0, Diff:  0.0, Sum:  0.0, Workers: 4
[702.598s][debug][gc,phases      ] GC(94)     Dead                           Min: 0, Avg:  0.0, Max: 0, Diff: 0, Sum: 0, Workers: 4
[702.598s][debug][gc,phases      ] GC(94)     Total                          Min: 0, Avg:  0.0, Max: 0, Diff: 0, Sum: 0, Workers: 4
[702.598s][debug][gc,phases      ] GC(94)   Weak JFR Old Object Samples    Min:  0.0, Avg:  0.0, Max:  0.0, Diff:  0.0, Sum:  0.0, Workers: 4
[702.598s][debug][gc,phases      ] GC(94)     Dead                           Min: 0, Avg:  0.0, Max: 0, Diff: 0, Sum: 0, Workers: 4
[702.598s][debug][gc,phases      ] GC(94)     Total                          Min: 0, Avg:  0.0, Max: 0, Diff: 0, Sum: 0, Workers: 4
[702.598s][debug][gc,phases      ] GC(94) Weak Processing 0.333ms
[702.598s][debug][gc,age         ] GC(94) Desired survivor size 12582912 bytes, new threshold 15 (max threshold 15)
[702.598s][info ][gc,heap        ] GC(94) PSYoungGen: 2075872K(2083328K)->5872K(2084864K) Eden: 2070016K(2070016K)->0K(2072064K) From: 5856K(13312K)->5872K(12800K)
[702.598s][info ][gc,heap        ] GC(94) ParOldGen: 359178K(430080K)->359186K(430080K)
[702.598s][info ][gc,metaspace   ] GC(94) Metaspace: 84712K(85760K)->84712K(85760K) NonClass: 72392K(72960K)->72392K(72960K) Class: 12320K(12800K)->12320K(12800K)
[702.598s][info ][gc             ] GC(94) Pause Young (Allocation Failure) 2377M->356M(2456M) 6.336ms
[702.598s][info ][gc,cpu         ] GC(94) User=0.02s Sys=0.00s Real=0.01s
[702.598s][info ][safepoint      ] Safepoint "ParallelGCFailedAllocation", Time since last: 2591248642 ns, Reaching safepoint: 72501 ns, Cleanup: 30800 ns, At safepoint: 6427115 ns, Total: 6530416 ns
[714.342s][info ][gc,start       ] GC(95) Pause Young (Allocation Failure)
[714.348s][debug][gc,phases      ] GC(95) Scavenge 6.030ms
[714.348s][debug][gc,ref         ] GC(95) Skipped phase 1 of Reference Processing: no references
[714.348s][debug][gc,ref         ] GC(95) ReferenceProcessor::execute queues: 1, RefProcThreadModel::Single, marks_oops_alive: false
[714.348s][debug][gc,ref         ] GC(95) Skipped phase 3 of Reference Processing: no references
[714.348s][debug][gc,ref         ] GC(95) ReferenceProcessor::execute queues: 1, RefProcThreadModel::Single, marks_oops_alive: false
[714.348s][debug][gc,phases      ] GC(95) Reference Processing 0.089ms
[714.348s][debug][gc,phases      ] GC(95)   VM Weak                        Min:  0.0, Avg:  0.0, Max:  0.0, Diff:  0.0, Sum:  0.0, Workers: 4
[714.348s][debug][gc,phases      ] GC(95)     Dead                           Min: 0, Avg:  0.0, Max: 0, Diff: 0, Sum: 0, Workers: 4
[714.348s][debug][gc,phases      ] GC(95)     Total                          Min: 0, Avg: 215.5, Max: 606, Diff: 606, Sum: 862, Workers: 4
[714.348s][debug][gc,phases      ] GC(95)   ObjectSynchronizer Weak        Min:  0.0, Avg:  0.0, Max:  0.0, Diff:  0.0, Sum:  0.0, Workers: 4
[714.348s][debug][gc,phases      ] GC(95)     Dead                           Min: 0, Avg:  0.0, Max: 0, Diff: 0, Sum: 0, Workers: 4
[714.348s][debug][gc,phases      ] GC(95)     Total                          Min: 0, Avg:  1.0, Max: 4, Diff: 4, Sum: 4, Workers: 4
[714.348s][debug][gc,phases      ] GC(95)   JVMTI Tag Weak OopStorage      Min:  0.0, Avg:  0.0, Max:  0.0, Diff:  0.0, Sum:  0.0, Workers: 4
[714.348s][debug][gc,phases      ] GC(95)     Dead                           Min: 0, Avg:  0.0, Max: 0, Diff: 0, Sum: 0, Workers: 4
[714.348s][debug][gc,phases      ] GC(95)     Total                          Min: 0, Avg:  0.0, Max: 0, Diff: 0, Sum: 0, Workers: 4
[714.349s][debug][gc,phases      ] GC(95)   StringTable Weak               Min:  0.0, Avg:  0.1, Max:  0.1, Diff:  0.1, Sum:  0.4, Workers: 4
[714.349s][debug][gc,phases      ] GC(95)     Dead                           Min: 0, Avg:  0.0, Max: 0, Diff: 0, Sum: 0, Workers: 4
[714.349s][debug][gc,phases      ] GC(95)     Total                          Min: 0, Avg: 11137.0, Max: 18752, Diff: 18752, Sum: 44548, Workers: 4
[714.349s][debug][gc,phases      ] GC(95)   ResolvedMethodTable Weak       Min:  0.0, Avg:  0.0, Max:  0.0, Diff:  0.0, Sum:  0.1, Workers: 4
[714.349s][debug][gc,phases      ] GC(95)     Dead                           Min: 0, Avg:  0.0, Max: 0, Diff: 0, Sum: 0, Workers: 4
[714.349s][debug][gc,phases      ] GC(95)     Total                          Min: 0, Avg: 2607.0, Max: 4606, Diff: 4606, Sum: 10428, Workers: 4
[714.349s][debug][gc,phases      ] GC(95)   JNI Weak                       Min:  0.0, Avg:  0.0, Max:  0.0, Diff:  0.0, Sum:  0.0, Workers: 4
[714.349s][debug][gc,phases      ] GC(95)     Dead                           Min: 0, Avg:  0.0, Max: 0, Diff: 0, Sum: 0, Workers: 4
[714.349s][debug][gc,phases      ] GC(95)     Total                          Min: 0, Avg: 11.2, Max: 45, Diff: 45, Sum: 45, Workers: 4
[714.349s][debug][gc,phases      ] GC(95)   StringDedup Table Weak         Min:  0.0, Avg:  0.0, Max:  0.0, Diff:  0.0, Sum:  0.0, Workers: 4
[714.349s][debug][gc,phases      ] GC(95)     Dead                           Min: 0, Avg:  0.0, Max: 0, Diff: 0, Sum: 0, Workers: 4
[714.349s][debug][gc,phases      ] GC(95)     Total                          Min: 0, Avg:  0.0, Max: 0, Diff: 0, Sum: 0, Workers: 4
[714.349s][debug][gc,phases      ] GC(95)   StringDedup Requests0 Weak     Min:  0.0, Avg:  0.0, Max:  0.0, Diff:  0.0, Sum:  0.0, Workers: 4
[714.349s][debug][gc,phases      ] GC(95)     Dead                           Min: 0, Avg:  0.0, Max: 0, Diff: 0, Sum: 0, Workers: 4
[714.349s][debug][gc,phases      ] GC(95)     Total                          Min: 0, Avg:  0.0, Max: 0, Diff: 0, Sum: 0, Workers: 4
[714.349s][debug][gc,phases      ] GC(95)   StringDedup Requests1 Weak     Min:  0.0, Avg:  0.0, Max:  0.0, Diff:  0.0, Sum:  0.0, Workers: 4
[714.349s][debug][gc,phases      ] GC(95)     Dead                           Min: 0, Avg:  0.0, Max: 0, Diff: 0, Sum: 0, Workers: 4
[714.349s][debug][gc,phases      ] GC(95)     Total                          Min: 0, Avg:  0.0, Max: 0, Diff: 0, Sum: 0, Workers: 4
[714.349s][debug][gc,phases      ] GC(95)   Weak JFR Old Object Samples    Min:  0.0, Avg:  0.0, Max:  0.0, Diff:  0.0, Sum:  0.0, Workers: 4
[714.349s][debug][gc,phases      ] GC(95)     Dead                           Min: 0, Avg:  0.0, Max: 0, Diff: 0, Sum: 0, Workers: 4
[714.349s][debug][gc,phases      ] GC(95)     Total                          Min: 0, Avg:  0.0, Max: 0, Diff: 0, Sum: 0, Workers: 4
[714.349s][debug][gc,phases      ] GC(95) Weak Processing 0.323ms
[714.349s][debug][gc,age         ] GC(95) Desired survivor size 12058624 bytes, new threshold 15 (max threshold 15)
[714.349s][info ][gc,heap        ] GC(95) PSYoungGen: 2077936K(2084864K)->5280K(2084352K) Eden: 2072064K(2072064K)->0K(2072064K) From: 5872K(12800K)->5280K(12288K)
[714.349s][info ][gc,heap        ] GC(95) ParOldGen: 359186K(430080K)->359802K(430080K)
[714.349s][info ][gc,metaspace   ] GC(95) Metaspace: 84716K(85760K)->84716K(85760K) NonClass: 72396K(72960K)->72396K(72960K) Class: 12320K(12800K)->12320K(12800K)
[714.349s][info ][gc             ] GC(95) Pause Young (Allocation Failure) 2380M->356M(2455M) 6.548ms
[714.349s][info ][gc,cpu         ] GC(95) User=0.02s Sys=0.00s Real=0.00s
[714.349s][info ][safepoint      ] Safepoint "ParallelGCFailedAllocation", Time since last: 11743814538 ns, Reaching safepoint: 72300 ns, Cleanup: 45000 ns, At safepoint: 6616916 ns, Total: 6734216 ns
[717.349s][info ][safepoint      ] Safepoint "Cleanup", Time since last: 3000214343 ns, Reaching safepoint: 3800 ns, Cleanup: 31900 ns, At safepoint: 2200 ns, Total: 37900 ns
[725.214s][info ][safepoint      ] Safepoint "Cleanup", Time since last: 7864608932 ns, Reaching safepoint: 3800 ns, Cleanup: 34101 ns, At safepoint: 2700 ns, Total: 40601 ns
[725.793s][info ][gc,start       ] GC(96) Pause Young (Allocation Failure)
[725.797s][debug][gc,phases      ] GC(96) Scavenge 4.377ms
[725.797s][debug][gc,ref         ] GC(96) Skipped phase 1 of Reference Processing: no references
[725.797s][debug][gc,ref         ] GC(96) ReferenceProcessor::execute queues: 1, RefProcThreadModel::Single, marks_oops_alive: false
[725.797s][debug][gc,ref         ] GC(96) Skipped phase 3 of Reference Processing: no references
[725.797s][debug][gc,ref         ] GC(96) ReferenceProcessor::execute queues: 1, RefProcThreadModel::Single, marks_oops_alive: false
[725.797s][debug][gc,phases      ] GC(96) Reference Processing 0.090ms
[725.798s][debug][gc,phases      ] GC(96)   VM Weak                        Min:  0.0, Avg:  0.0, Max:  0.0, Diff:  0.0, Sum:  0.0, Workers: 4
[725.798s][debug][gc,phases      ] GC(96)     Dead                           Min: 0, Avg:  0.0, Max: 0, Diff: 0, Sum: 0, Workers: 4
[725.798s][debug][gc,phases      ] GC(96)     Total                          Min: 0, Avg: 215.5, Max: 542, Diff: 542, Sum: 862, Workers: 4
[725.798s][debug][gc,phases      ] GC(96)   ObjectSynchronizer Weak        Min:  0.0, Avg:  0.0, Max:  0.0, Diff:  0.0, Sum:  0.0, Workers: 4
[725.798s][debug][gc,phases      ] GC(96)     Dead                           Min: 0, Avg:  0.0, Max: 0, Diff: 0, Sum: 0, Workers: 4
[725.798s][debug][gc,phases      ] GC(96)     Total                          Min: 0, Avg:  1.0, Max: 4, Diff: 4, Sum: 4, Workers: 4
[725.798s][debug][gc,phases      ] GC(96)   JVMTI Tag Weak OopStorage      Min:  0.0, Avg:  0.0, Max:  0.0, Diff:  0.0, Sum:  0.0, Workers: 4
[725.798s][debug][gc,phases      ] GC(96)     Dead                           Min: 0, Avg:  0.0, Max: 0, Diff: 0, Sum: 0, Workers: 4
[725.798s][debug][gc,phases      ] GC(96)     Total                          Min: 0, Avg:  0.0, Max: 0, Diff: 0, Sum: 0, Workers: 4
[725.798s][debug][gc,phases      ] GC(96)   StringTable Weak               Min:  0.0, Avg:  0.1, Max:  0.1, Diff:  0.1, Sum:  0.3, Workers: 4
[725.798s][debug][gc,phases      ] GC(96)     Dead                           Min: 0, Avg:  0.0, Max: 0, Diff: 0, Sum: 0, Workers: 4
[725.798s][debug][gc,phases      ] GC(96)     Total                          Min: 0, Avg: 11138.0, Max: 19520, Diff: 19520, Sum: 44552, Workers: 4
[725.798s][debug][gc,phases      ] GC(96)   ResolvedMethodTable Weak       Min:  0.0, Avg:  0.0, Max:  0.0, Diff:  0.0, Sum:  0.1, Workers: 4
[725.798s][debug][gc,phases      ] GC(96)     Dead                           Min: 0, Avg:  0.0, Max: 0, Diff: 0, Sum: 0, Workers: 4
[725.798s][debug][gc,phases      ] GC(96)     Total                          Min: 0, Avg: 2607.0, Max: 4542, Diff: 4542, Sum: 10428, Workers: 4
[725.798s][debug][gc,phases      ] GC(96)   JNI Weak                       Min:  0.0, Avg:  0.0, Max:  0.0, Diff:  0.0, Sum:  0.0, Workers: 4
[725.798s][debug][gc,phases      ] GC(96)     Dead                           Min: 0, Avg:  0.0, Max: 0, Diff: 0, Sum: 0, Workers: 4
[725.798s][debug][gc,phases      ] GC(96)     Total                          Min: 0, Avg: 11.2, Max: 45, Diff: 45, Sum: 45, Workers: 4
[725.798s][debug][gc,phases      ] GC(96)   StringDedup Table Weak         Min:  0.0, Avg:  0.0, Max:  0.0, Diff:  0.0, Sum:  0.0, Workers: 4
[725.798s][debug][gc,phases      ] GC(96)     Dead                           Min: 0, Avg:  0.0, Max: 0, Diff: 0, Sum: 0, Workers: 4
[725.798s][debug][gc,phases      ] GC(96)     Total                          Min: 0, Avg:  0.0, Max: 0, Diff: 0, Sum: 0, Workers: 4
[725.798s][debug][gc,phases      ] GC(96)   StringDedup Requests0 Weak     Min:  0.0, Avg:  0.0, Max:  0.0, Diff:  0.0, Sum:  0.0, Workers: 4
[725.798s][debug][gc,phases      ] GC(96)     Dead                           Min: 0, Avg:  0.0, Max: 0, Diff: 0, Sum: 0, Workers: 4
[725.798s][debug][gc,phases      ] GC(96)     Total                          Min: 0, Avg:  0.0, Max: 0, Diff: 0, Sum: 0, Workers: 4
[725.798s][debug][gc,phases      ] GC(96)   StringDedup Requests1 Weak     Min:  0.0, Avg:  0.0, Max:  0.0, Diff:  0.0, Sum:  0.0, Workers: 4
[725.798s][debug][gc,phases      ] GC(96)     Dead                           Min: 0, Avg:  0.0, Max: 0, Diff: 0, Sum: 0, Workers: 4
[725.798s][debug][gc,phases      ] GC(96)     Total                          Min: 0, Avg:  0.0, Max: 0, Diff: 0, Sum: 0, Workers: 4
[725.798s][debug][gc,phases      ] GC(96)   Weak JFR Old Object Samples    Min:  0.0, Avg:  0.0, Max:  0.0, Diff:  0.0, Sum:  0.0, Workers: 4
[725.798s][debug][gc,phases      ] GC(96)     Dead                           Min: 0, Avg:  0.0, Max: 0, Diff: 0, Sum: 0, Workers: 4
[725.798s][debug][gc,phases      ] GC(96)     Total                          Min: 0, Avg:  0.0, Max: 0, Diff: 0, Sum: 0, Workers: 4
[725.798s][debug][gc,phases      ] GC(96) Weak Processing 0.307ms
[725.798s][debug][gc,age         ] GC(96) Desired survivor size 11534336 bytes, new threshold 15 (max threshold 15)
[725.798s][info ][gc,heap        ] GC(96) PSYoungGen: 2077344K(2084352K)->3584K(2085888K) Eden: 2072064K(2072064K)->0K(2074112K) From: 5280K(12288K)->3584K(11776K)
[725.798s][info ][gc,heap        ] GC(96) ParOldGen: 359802K(430080K)->361546K(430080K)
[725.798s][info ][gc,metaspace   ] GC(96) Metaspace: 84721K(85760K)->84721K(85760K) NonClass: 72400K(72960K)->72400K(72960K) Class: 12320K(12800K)->12320K(12800K)
[725.798s][info ][gc             ] GC(96) Pause Young (Allocation Failure) 2380M->356M(2457M) 4.875ms
[725.798s][info ][gc,cpu         ] GC(96) User=0.02s Sys=0.00s Real=0.01s
[725.798s][info ][safepoint      ] Safepoint "ParallelGCFailedAllocation", Time since last: 579183977 ns, Reaching safepoint: 4700 ns, Cleanup: 28200 ns, At safepoint: 4941709 ns, Total: 4974609 ns
[731.798s][info ][safepoint      ] Safepoint "Cleanup", Time since last: 6000359087 ns, Reaching safepoint: 74000 ns, Cleanup: 37300 ns, At safepoint: 4900 ns, Total: 116200 ns
[732.798s][info ][safepoint      ] Safepoint "Cleanup", Time since last: 1000104792 ns, Reaching safepoint: 4000 ns, Cleanup: 27900 ns, At safepoint: 3700 ns, Total: 35600 ns
[733.799s][info ][safepoint      ] Safepoint "Cleanup", Time since last: 1000125593 ns, Reaching safepoint: 3700 ns, Cleanup: 36800 ns, At safepoint: 2400 ns, Total: 42900 ns
[734.799s][info ][safepoint      ] Safepoint "Cleanup", Time since last: 1000096993 ns, Reaching safepoint: 3700 ns, Cleanup: 33400 ns, At safepoint: 3800 ns, Total: 40900 ns
[736.799s][info ][safepoint      ] Safepoint "Cleanup", Time since last: 2000155957 ns, Reaching safepoint: 3300 ns, Cleanup: 35600 ns, At safepoint: 2200 ns, Total: 41100 ns
[737.799s][info ][safepoint      ] Safepoint "Cleanup", Time since last: 1000101801 ns, Reaching safepoint: 4200 ns, Cleanup: 30000 ns, At safepoint: 2700 ns, Total: 36900 ns
[740.689s][info ][gc,start       ] GC(97) Pause Young (Allocation Failure)
[740.695s][debug][gc,phases      ] GC(97) Scavenge 6.163ms
[740.695s][debug][gc,ref         ] GC(97) Skipped phase 1 of Reference Processing: no references
[740.695s][debug][gc,ref         ] GC(97) ReferenceProcessor::execute queues: 1, RefProcThreadModel::Single, marks_oops_alive: false
[740.695s][debug][gc,ref         ] GC(97) Skipped phase 3 of Reference Processing: no references
[740.695s][debug][gc,ref         ] GC(97) ReferenceProcessor::execute queues: 1, RefProcThreadModel::Single, marks_oops_alive: false
[740.695s][debug][gc,phases      ] GC(97) Reference Processing 0.108ms
[740.696s][debug][gc,phases      ] GC(97)   VM Weak                        Min:  0.0, Avg:  0.0, Max:  0.0, Diff:  0.0, Sum:  0.0, Workers: 4
[740.696s][debug][gc,phases      ] GC(97)     Dead                           Min: 0, Avg:  0.0, Max: 0, Diff: 0, Sum: 0, Workers: 4
[740.696s][debug][gc,phases      ] GC(97)     Total                          Min: 0, Avg: 215.5, Max: 862, Diff: 862, Sum: 862, Workers: 4
[740.696s][debug][gc,phases      ] GC(97)   ObjectSynchronizer Weak        Min:  0.0, Avg:  0.0, Max:  0.0, Diff:  0.0, Sum:  0.0, Workers: 4
[740.696s][debug][gc,phases      ] GC(97)     Dead                           Min: 0, Avg:  0.0, Max: 0, Diff: 0, Sum: 0, Workers: 4
[740.696s][debug][gc,phases      ] GC(97)     Total                          Min: 0, Avg:  1.0, Max: 4, Diff: 4, Sum: 4, Workers: 4
[740.696s][debug][gc,phases      ] GC(97)   JVMTI Tag Weak OopStorage      Min:  0.0, Avg:  0.0, Max:  0.0, Diff:  0.0, Sum:  0.0, Workers: 4
[740.696s][debug][gc,phases      ] GC(97)     Dead                           Min: 0, Avg:  0.0, Max: 0, Diff: 0, Sum: 0, Workers: 4
[740.696s][debug][gc,phases      ] GC(97)     Total                          Min: 0, Avg:  0.0, Max: 0, Diff: 0, Sum: 0, Workers: 4
[740.696s][debug][gc,phases      ] GC(97)   StringTable Weak               Min:  0.0, Avg:  0.1, Max:  0.1, Diff:  0.1, Sum:  0.4, Workers: 4
[740.696s][debug][gc,phases      ] GC(97)     Dead                           Min: 0, Avg:  0.0, Max: 0, Diff: 0, Sum: 0, Workers: 4
[740.696s][debug][gc,phases      ] GC(97)     Total                          Min: 0, Avg: 11139.5, Max: 17870, Diff: 17870, Sum: 44558, Workers: 4
[740.696s][debug][gc,phases      ] GC(97)   ResolvedMethodTable Weak       Min:  0.0, Avg:  0.0, Max:  0.0, Diff:  0.0, Sum:  0.1, Workers: 4
[740.696s][debug][gc,phases      ] GC(97)     Dead                           Min: 0, Avg:  0.0, Max: 0, Diff: 0, Sum: 0, Workers: 4
[740.696s][debug][gc,phases      ] GC(97)     Total                          Min: 0, Avg: 2607.0, Max: 4735, Diff: 4735, Sum: 10428, Workers: 4
[740.696s][debug][gc,phases      ] GC(97)   JNI Weak                       Min:  0.0, Avg:  0.0, Max:  0.0, Diff:  0.0, Sum:  0.0, Workers: 4
[740.696s][debug][gc,phases      ] GC(97)     Dead                           Min: 0, Avg:  0.0, Max: 0, Diff: 0, Sum: 0, Workers: 4
[740.696s][debug][gc,phases      ] GC(97)     Total                          Min: 0, Avg: 11.2, Max: 45, Diff: 45, Sum: 45, Workers: 4
[740.696s][debug][gc,phases      ] GC(97)   StringDedup Table Weak         Min:  0.0, Avg:  0.0, Max:  0.0, Diff:  0.0, Sum:  0.0, Workers: 4
[740.696s][debug][gc,phases      ] GC(97)     Dead                           Min: 0, Avg:  0.0, Max: 0, Diff: 0, Sum: 0, Workers: 4
[740.696s][debug][gc,phases      ] GC(97)     Total                          Min: 0, Avg:  0.0, Max: 0, Diff: 0, Sum: 0, Workers: 4
[740.696s][debug][gc,phases      ] GC(97)   StringDedup Requests0 Weak     Min:  0.0, Avg:  0.0, Max:  0.0, Diff:  0.0, Sum:  0.0, Workers: 4
[740.696s][debug][gc,phases      ] GC(97)     Dead                           Min: 0, Avg:  0.0, Max: 0, Diff: 0, Sum: 0, Workers: 4
[740.696s][debug][gc,phases      ] GC(97)     Total                          Min: 0, Avg:  0.0, Max: 0, Diff: 0, Sum: 0, Workers: 4
[740.696s][debug][gc,phases      ] GC(97)   StringDedup Requests1 Weak     Min:  0.0, Avg:  0.0, Max:  0.0, Diff:  0.0, Sum:  0.0, Workers: 4
[740.696s][debug][gc,phases      ] GC(97)     Dead                           Min: 0, Avg:  0.0, Max: 0, Diff: 0, Sum: 0, Workers: 4
[740.696s][debug][gc,phases      ] GC(97)     Total                          Min: 0, Avg:  0.0, Max: 0, Diff: 0, Sum: 0, Workers: 4
[740.696s][debug][gc,phases      ] GC(97)   Weak JFR Old Object Samples    Min:  0.0, Avg:  0.0, Max:  0.0, Diff:  0.0, Sum:  0.0, Workers: 4
[740.696s][debug][gc,phases      ] GC(97)     Dead                           Min: 0, Avg:  0.0, Max: 0, Diff: 0, Sum: 0, Workers: 4
[740.696s][debug][gc,phases      ] GC(97)     Total                          Min: 0, Avg:  0.0, Max: 0, Diff: 0, Sum: 0, Workers: 4
[740.696s][debug][gc,phases      ] GC(97) Weak Processing 0.340ms
[740.696s][debug][gc,age         ] GC(97) Desired survivor size 11010048 bytes, new threshold 15 (max threshold 15)
[740.696s][info ][gc,heap        ] GC(97) PSYoungGen: 2077696K(2085888K)->3952K(2085376K) Eden: 2074112K(2074112K)->0K(2074112K) From: 3584K(11776K)->3952K(11264K)
[740.696s][info ][gc,heap        ] GC(97) ParOldGen: 361546K(430080K)->361578K(430080K)
[740.696s][info ][gc,metaspace   ] GC(97) Metaspace: 84729K(85760K)->84729K(85760K) NonClass: 72408K(72960K)->72408K(72960K) Class: 12320K(12800K)->12320K(12800K)
[740.696s][info ][gc             ] GC(97) Pause Young (Allocation Failure) 2382M->356M(2456M) 6.725ms
[740.696s][info ][gc,cpu         ] GC(97) User=0.02s Sys=0.00s Real=0.01s
[740.696s][info ][safepoint      ] Safepoint "ParallelGCFailedAllocation", Time since last: 2890022095 ns, Reaching safepoint: 4000 ns, Cleanup: 40200 ns, At safepoint: 6813414 ns, Total: 6857614 ns
[741.696s][info ][safepoint      ] Safepoint "Cleanup", Time since last: 1000029509 ns, Reaching safepoint: 4000 ns, Cleanup: 37500 ns, At safepoint: 2600 ns, Total: 44100 ns
[745.696s][info ][safepoint      ] Safepoint "Cleanup", Time since last: 4000275247 ns, Reaching safepoint: 3600 ns, Cleanup: 42900 ns, At safepoint: 8400 ns, Total: 54900 ns
[746.696s][info ][safepoint      ] Safepoint "Cleanup", Time since last: 1000106373 ns, Reaching safepoint: 72601 ns, Cleanup: 37500 ns, At safepoint: 12300 ns, Total: 122401 ns
[747.697s][info ][safepoint      ] Safepoint "Cleanup", Time since last: 1000102373 ns, Reaching safepoint: 3900 ns, Cleanup: 73300 ns, At safepoint: 5701 ns, Total: 82901 ns
[750.697s][info ][safepoint      ] Safepoint "Cleanup", Time since last: 3000196291 ns, Reaching safepoint: 3700 ns, Cleanup: 37400 ns, At safepoint: 2000 ns, Total: 43100 ns
[751.697s][info ][safepoint      ] Safepoint "Cleanup", Time since last: 1000105646 ns, Reaching safepoint: 5800 ns, Cleanup: 28900 ns, At safepoint: 10200 ns, Total: 44900 ns
[754.842s][info ][gc,start       ] GC(98) Pause Young (Allocation Failure)
[754.848s][debug][gc,phases      ] GC(98) Scavenge 5.400ms
[754.848s][debug][gc,ref         ] GC(98) Skipped phase 1 of Reference Processing: no references
[754.848s][debug][gc,ref         ] GC(98) ReferenceProcessor::execute queues: 1, RefProcThreadModel::Single, marks_oops_alive: false
[754.848s][debug][gc,ref         ] GC(98) Skipped phase 3 of Reference Processing: no references
[754.848s][debug][gc,ref         ] GC(98) ReferenceProcessor::execute queues: 1, RefProcThreadModel::Single, marks_oops_alive: false
[754.848s][debug][gc,phases      ] GC(98) Reference Processing 0.095ms
[754.848s][debug][gc,phases      ] GC(98)   VM Weak                        Min:  0.0, Avg:  0.0, Max:  0.0, Diff:  0.0, Sum:  0.0, Workers: 4
[754.848s][debug][gc,phases      ] GC(98)     Dead                           Min: 0, Avg:  0.0, Max: 0, Diff: 0, Sum: 0, Workers: 4
[754.848s][debug][gc,phases      ] GC(98)     Total                          Min: 0, Avg: 215.5, Max: 798, Diff: 798, Sum: 862, Workers: 4
[754.848s][debug][gc,phases      ] GC(98)   ObjectSynchronizer Weak        Min:  0.0, Avg:  0.0, Max:  0.0, Diff:  0.0, Sum:  0.0, Workers: 4
[754.848s][debug][gc,phases      ] GC(98)     Dead                           Min: 0, Avg:  0.0, Max: 0, Diff: 0, Sum: 0, Workers: 4
[754.848s][debug][gc,phases      ] GC(98)     Total                          Min: 0, Avg:  1.0, Max: 4, Diff: 4, Sum: 4, Workers: 4
[754.848s][debug][gc,phases      ] GC(98)   JVMTI Tag Weak OopStorage      Min:  0.0, Avg:  0.0, Max:  0.0, Diff:  0.0, Sum:  0.0, Workers: 4
[754.848s][debug][gc,phases      ] GC(98)     Dead                           Min: 0, Avg:  0.0, Max: 0, Diff: 0, Sum: 0, Workers: 4
[754.848s][debug][gc,phases      ] GC(98)     Total                          Min: 0, Avg:  0.0, Max: 0, Diff: 0, Sum: 0, Workers: 4
[754.848s][debug][gc,phases      ] GC(98)   StringTable Weak               Min:  0.0, Avg:  0.1, Max:  0.1, Diff:  0.1, Sum:  0.4, Workers: 4
[754.848s][debug][gc,phases      ] GC(98)     Dead                           Min: 0, Avg:  0.0, Max: 0, Diff: 0, Sum: 0, Workers: 4
[754.848s][debug][gc,phases      ] GC(98)     Total                          Min: 0, Avg: 11140.0, Max: 18560, Diff: 18560, Sum: 44560, Workers: 4
[754.848s][debug][gc,phases      ] GC(98)   ResolvedMethodTable Weak       Min:  0.0, Avg:  0.0, Max:  0.0, Diff:  0.0, Sum:  0.1, Workers: 4
[754.848s][debug][gc,phases      ] GC(98)     Dead                           Min: 0, Avg:  0.0, Max: 0, Diff: 0, Sum: 0, Workers: 4
[754.848s][debug][gc,phases      ] GC(98)     Total                          Min: 0, Avg: 2607.0, Max: 4477, Diff: 4477, Sum: 10428, Workers: 4
[754.848s][debug][gc,phases      ] GC(98)   JNI Weak                       Min:  0.0, Avg:  0.0, Max:  0.0, Diff:  0.0, Sum:  0.0, Workers: 4
[754.848s][debug][gc,phases      ] GC(98)     Dead                           Min: 0, Avg:  0.0, Max: 0, Diff: 0, Sum: 0, Workers: 4
[754.848s][debug][gc,phases      ] GC(98)     Total                          Min: 0, Avg: 11.2, Max: 45, Diff: 45, Sum: 45, Workers: 4
[754.848s][debug][gc,phases      ] GC(98)   StringDedup Table Weak         Min:  0.0, Avg:  0.0, Max:  0.0, Diff:  0.0, Sum:  0.0, Workers: 4
[754.848s][debug][gc,phases      ] GC(98)     Dead                           Min: 0, Avg:  0.0, Max: 0, Diff: 0, Sum: 0, Workers: 4
[754.848s][debug][gc,phases      ] GC(98)     Total                          Min: 0, Avg:  0.0, Max: 0, Diff: 0, Sum: 0, Workers: 4
[754.848s][debug][gc,phases      ] GC(98)   StringDedup Requests0 Weak     Min:  0.0, Avg:  0.0, Max:  0.0, Diff:  0.0, Sum:  0.0, Workers: 4
[754.848s][debug][gc,phases      ] GC(98)     Dead                           Min: 0, Avg:  0.0, Max: 0, Diff: 0, Sum: 0, Workers: 4
[754.848s][debug][gc,phases      ] GC(98)     Total                          Min: 0, Avg:  0.0, Max: 0, Diff: 0, Sum: 0, Workers: 4
[754.848s][debug][gc,phases      ] GC(98)   StringDedup Requests1 Weak     Min:  0.0, Avg:  0.0, Max:  0.0, Diff:  0.0, Sum:  0.0, Workers: 4
[754.848s][debug][gc,phases      ] GC(98)     Dead                           Min: 0, Avg:  0.0, Max: 0, Diff: 0, Sum: 0, Workers: 4
[754.848s][debug][gc,phases      ] GC(98)     Total                          Min: 0, Avg:  0.0, Max: 0, Diff: 0, Sum: 0, Workers: 4
[754.848s][debug][gc,phases      ] GC(98)   Weak JFR Old Object Samples    Min:  0.0, Avg:  0.0, Max:  0.0, Diff:  0.0, Sum:  0.0, Workers: 4
[754.848s][debug][gc,phases      ] GC(98)     Dead                           Min: 0, Avg:  0.0, Max: 0, Diff: 0, Sum: 0, Workers: 4
[754.848s][debug][gc,phases      ] GC(98)     Total                          Min: 0, Avg:  0.0, Max: 0, Diff: 0, Sum: 0, Workers: 4
[754.848s][debug][gc,phases      ] GC(98) Weak Processing 0.318ms
[754.848s][debug][gc,age         ] GC(98) Desired survivor size 11010048 bytes, new threshold 15 (max threshold 15)
[754.848s][info ][gc,heap        ] GC(98) PSYoungGen: 2078064K(2085376K)->4176K(2086400K) Eden: 2074112K(2074112K)->0K(2075648K) From: 3952K(11264K)->4176K(10752K)
[754.848s][info ][gc,heap        ] GC(98) ParOldGen: 361578K(430080K)->361610K(430080K)
[754.848s][info ][gc,metaspace   ] GC(98) Metaspace: 84733K(85760K)->84733K(85760K) NonClass: 72413K(72960K)->72413K(72960K) Class: 12320K(12800K)->12320K(12800K)
[754.848s][info ][gc             ] GC(98) Pause Young (Allocation Failure) 2382M->357M(2457M) 5.933ms
[754.848s][info ][gc,cpu         ] GC(98) User=0.01s Sys=0.00s Real=0.00s
[754.848s][info ][safepoint      ] Safepoint "ParallelGCFailedAllocation", Time since last: 3145125400 ns, Reaching safepoint: 76300 ns, Cleanup: 27000 ns, At safepoint: 6003613 ns, Total: 6106913 ns
[761.849s][info ][safepoint      ] Safepoint "Cleanup", Time since last: 7000432801 ns, Reaching safepoint: 4300 ns, Cleanup: 27600 ns, At safepoint: 2200 ns, Total: 34100 ns
[764.593s][info ][gc,start       ] GC(99) Pause Young (Allocation Failure)
[764.598s][debug][gc,phases      ] GC(99) Scavenge 5.492ms
[764.598s][debug][gc,ref         ] GC(99) Skipped phase 1 of Reference Processing: no references
[764.598s][debug][gc,ref         ] GC(99) ReferenceProcessor::execute queues: 1, RefProcThreadModel::Single, marks_oops_alive: false
[764.598s][debug][gc,ref         ] GC(99) Skipped phase 3 of Reference Processing: no references
[764.598s][debug][gc,ref         ] GC(99) ReferenceProcessor::execute queues: 1, RefProcThreadModel::Single, marks_oops_alive: false
[764.598s][debug][gc,phases      ] GC(99) Reference Processing 0.081ms
[764.599s][debug][gc,phases      ] GC(99)   VM Weak                        Min:  0.0, Avg:  0.0, Max:  0.0, Diff:  0.0, Sum:  0.0, Workers: 4
[764.599s][debug][gc,phases      ] GC(99)     Dead                           Min: 0, Avg:  0.0, Max: 0, Diff: 0, Sum: 0, Workers: 4
[764.599s][debug][gc,phases      ] GC(99)     Total                          Min: 0, Avg: 215.5, Max: 350, Diff: 350, Sum: 862, Workers: 4
[764.599s][debug][gc,phases      ] GC(99)   ObjectSynchronizer Weak        Min:  0.0, Avg:  0.0, Max:  0.0, Diff:  0.0, Sum:  0.0, Workers: 4
[764.599s][debug][gc,phases      ] GC(99)     Dead                           Min: 0, Avg:  0.0, Max: 0, Diff: 0, Sum: 0, Workers: 4
[764.599s][debug][gc,phases      ] GC(99)     Total                          Min: 0, Avg:  1.0, Max: 4, Diff: 4, Sum: 4, Workers: 4
[764.599s][debug][gc,phases      ] GC(99)   JVMTI Tag Weak OopStorage      Min:  0.0, Avg:  0.0, Max:  0.0, Diff:  0.0, Sum:  0.0, Workers: 4
[764.599s][debug][gc,phases      ] GC(99)     Dead                           Min: 0, Avg:  0.0, Max: 0, Diff: 0, Sum: 0, Workers: 4
[764.599s][debug][gc,phases      ] GC(99)     Total                          Min: 0, Avg:  0.0, Max: 0, Diff: 0, Sum: 0, Workers: 4
[764.599s][debug][gc,phases      ] GC(99)   StringTable Weak               Min:  0.1, Avg:  0.1, Max:  0.1, Diff:  0.0, Sum:  0.4, Workers: 4
[764.599s][debug][gc,phases      ] GC(99)     Dead                           Min: 0, Avg:  0.0, Max: 0, Diff: 0, Sum: 0, Workers: 4
[764.599s][debug][gc,phases      ] GC(99)     Total                          Min: 10624, Avg: 11140.0, Max: 11456, Diff: 832, Sum: 44560, Workers: 4
[764.599s][debug][gc,phases      ] GC(99)   ResolvedMethodTable Weak       Min:  0.0, Avg:  0.0, Max:  0.0, Diff:  0.0, Sum:  0.1, Workers: 4
[764.599s][debug][gc,phases      ] GC(99)     Dead                           Min: 0, Avg:  0.0, Max: 0, Diff: 0, Sum: 0, Workers: 4
[764.599s][debug][gc,phases      ] GC(99)     Total                          Min: 2367, Avg: 2607.0, Max: 2816, Diff: 449, Sum: 10428, Workers: 4
[764.599s][debug][gc,phases      ] GC(99)   JNI Weak                       Min:  0.0, Avg:  0.0, Max:  0.0, Diff:  0.0, Sum:  0.0, Workers: 4
[764.599s][debug][gc,phases      ] GC(99)     Dead                           Min: 0, Avg:  0.0, Max: 0, Diff: 0, Sum: 0, Workers: 4
[764.599s][debug][gc,phases      ] GC(99)     Total                          Min: 0, Avg: 11.2, Max: 45, Diff: 45, Sum: 45, Workers: 4
[764.599s][debug][gc,phases      ] GC(99)   StringDedup Table Weak         Min:  0.0, Avg:  0.0, Max:  0.0, Diff:  0.0, Sum:  0.0, Workers: 4
[764.599s][debug][gc,phases      ] GC(99)     Dead                           Min: 0, Avg:  0.0, Max: 0, Diff: 0, Sum: 0, Workers: 4
[764.599s][debug][gc,phases      ] GC(99)     Total                          Min: 0, Avg:  0.0, Max: 0, Diff: 0, Sum: 0, Workers: 4
[764.599s][debug][gc,phases      ] GC(99)   StringDedup Requests0 Weak     Min:  0.0, Avg:  0.0, Max:  0.0, Diff:  0.0, Sum:  0.0, Workers: 4
[764.599s][debug][gc,phases      ] GC(99)     Dead                           Min: 0, Avg:  0.0, Max: 0, Diff: 0, Sum: 0, Workers: 4
[764.599s][debug][gc,phases      ] GC(99)     Total                          Min: 0, Avg:  0.0, Max: 0, Diff: 0, Sum: 0, Workers: 4
[764.599s][debug][gc,phases      ] GC(99)   StringDedup Requests1 Weak     Min:  0.0, Avg:  0.0, Max:  0.0, Diff:  0.0, Sum:  0.0, Workers: 4
[764.599s][debug][gc,phases      ] GC(99)     Dead                           Min: 0, Avg:  0.0, Max: 0, Diff: 0, Sum: 0, Workers: 4
[764.599s][debug][gc,phases      ] GC(99)     Total                          Min: 0, Avg:  0.0, Max: 0, Diff: 0, Sum: 0, Workers: 4
[764.599s][debug][gc,phases      ] GC(99)   Weak JFR Old Object Samples    Min:  0.0, Avg:  0.0, Max:  0.0, Diff:  0.0, Sum:  0.0, Workers: 4
[764.599s][debug][gc,phases      ] GC(99)     Dead                           Min: 0, Avg:  0.0, Max: 0, Diff: 0, Sum: 0, Workers: 4
[764.599s][debug][gc,phases      ] GC(99)     Total                          Min: 0, Avg:  0.0, Max: 0, Diff: 0, Sum: 0, Workers: 4
[764.599s][debug][gc,phases      ] GC(99) Weak Processing 0.289ms
[764.599s][debug][gc,age         ] GC(99) Desired survivor size 10485760 bytes, new threshold 15 (max threshold 15)
[764.599s][info ][gc,heap        ] GC(99) PSYoungGen: 2079824K(2086400K)->4176K(2086400K) Eden: 2075648K(2075648K)->0K(2075648K) From: 4176K(10752K)->4176K(10752K)
[764.599s][info ][gc,heap        ] GC(99) ParOldGen: 361610K(430080K)->361634K(430080K)
[764.599s][info ][gc,metaspace   ] GC(99) Metaspace: 84737K(85760K)->84737K(85760K) NonClass: 72416K(72960K)->72416K(72960K) Class: 12320K(12800K)->12320K(12800K)
[764.599s][info ][gc             ] GC(99) Pause Young (Allocation Failure) 2384M->357M(2457M) 5.956ms
[764.599s][info ][gc,cpu         ] GC(99) User=0.02s Sys=0.00s Real=0.01s
[764.599s][info ][safepoint      ] Safepoint "ParallelGCFailedAllocation", Time since last: 2743908906 ns, Reaching safepoint: 3600 ns, Cleanup: 23700 ns, At safepoint: 6020812 ns, Total: 6048112 ns
[774.192s][info ][gc,start       ] GC(100) Pause Young (Allocation Failure)
[774.196s][debug][gc,phases      ] GC(100) Scavenge 4.042ms
[774.196s][debug][gc,ref         ] GC(100) Skipped phase 1 of Reference Processing: no references
[774.196s][debug][gc,ref         ] GC(100) ReferenceProcessor::execute queues: 1, RefProcThreadModel::Single, marks_oops_alive: false
[774.196s][debug][gc,ref         ] GC(100) Skipped phase 3 of Reference Processing: no references
[774.196s][debug][gc,ref         ] GC(100) ReferenceProcessor::execute queues: 1, RefProcThreadModel::Single, marks_oops_alive: false
[774.196s][debug][gc,phases      ] GC(100) Reference Processing 0.108ms
[774.196s][debug][gc,phases      ] GC(100)   VM Weak                        Min:  0.0, Avg:  0.0, Max:  0.0, Diff:  0.0, Sum:  0.0, Workers: 4
[774.196s][debug][gc,phases      ] GC(100)     Dead                           Min: 0, Avg:  0.0, Max: 0, Diff: 0, Sum: 0, Workers: 4
[774.196s][debug][gc,phases      ] GC(100)     Total                          Min: 0, Avg: 215.5, Max: 704, Diff: 704, Sum: 862, Workers: 4
[774.196s][debug][gc,phases      ] GC(100)   ObjectSynchronizer Weak        Min:  0.0, Avg:  0.0, Max:  0.0, Diff:  0.0, Sum:  0.0, Workers: 4
[774.196s][debug][gc,phases      ] GC(100)     Dead                           Min: 0, Avg:  0.0, Max: 0, Diff: 0, Sum: 0, Workers: 4
[774.196s][debug][gc,phases      ] GC(100)     Total                          Min: 0, Avg:  1.0, Max: 4, Diff: 4, Sum: 4, Workers: 4
[774.196s][debug][gc,phases      ] GC(100)   JVMTI Tag Weak OopStorage      Min:  0.0, Avg:  0.0, Max:  0.0, Diff:  0.0, Sum:  0.0, Workers: 4
[774.196s][debug][gc,phases      ] GC(100)     Dead                           Min: 0, Avg:  0.0, Max: 0, Diff: 0, Sum: 0, Workers: 4
[774.196s][debug][gc,phases      ] GC(100)     Total                          Min: 0, Avg:  0.0, Max: 0, Diff: 0, Sum: 0, Workers: 4
[774.196s][debug][gc,phases      ] GC(100)   StringTable Weak               Min:  0.0, Avg:  0.1, Max:  0.1, Diff:  0.1, Sum:  0.4, Workers: 4
[774.196s][debug][gc,phases      ] GC(100)     Dead                           Min: 0, Avg:  0.0, Max: 0, Diff: 0, Sum: 0, Workers: 4
[774.196s][debug][gc,phases      ] GC(100)     Total                          Min: 0, Avg: 11140.0, Max: 17552, Diff: 17552, Sum: 44560, Workers: 4
[774.196s][debug][gc,phases      ] GC(100)   ResolvedMethodTable Weak       Min:  0.0, Avg:  0.0, Max:  0.0, Diff:  0.0, Sum:  0.1, Workers: 4
[774.196s][debug][gc,phases      ] GC(100)     Dead                           Min: 0, Avg:  0.0, Max: 0, Diff: 0, Sum: 0, Workers: 4
[774.196s][debug][gc,phases      ] GC(100)     Total                          Min: 0, Avg: 2607.0, Max: 4413, Diff: 4413, Sum: 10428, Workers: 4
[774.196s][debug][gc,phases      ] GC(100)   JNI Weak                       Min:  0.0, Avg:  0.0, Max:  0.0, Diff:  0.0, Sum:  0.0, Workers: 4
[774.196s][debug][gc,phases      ] GC(100)     Dead                           Min: 0, Avg:  0.0, Max: 0, Diff: 0, Sum: 0, Workers: 4
[774.196s][debug][gc,phases      ] GC(100)     Total                          Min: 0, Avg: 11.2, Max: 45, Diff: 45, Sum: 45, Workers: 4
[774.196s][debug][gc,phases      ] GC(100)   StringDedup Table Weak         Min:  0.0, Avg:  0.0, Max:  0.0, Diff:  0.0, Sum:  0.0, Workers: 4
[774.196s][debug][gc,phases      ] GC(100)     Dead                           Min: 0, Avg:  0.0, Max: 0, Diff: 0, Sum: 0, Workers: 4
[774.196s][debug][gc,phases      ] GC(100)     Total                          Min: 0, Avg:  0.0, Max: 0, Diff: 0, Sum: 0, Workers: 4
[774.196s][debug][gc,phases      ] GC(100)   StringDedup Requests0 Weak     Min:  0.0, Avg:  0.0, Max:  0.0, Diff:  0.0, Sum:  0.0, Workers: 4
[774.196s][debug][gc,phases      ] GC(100)     Dead                           Min: 0, Avg:  0.0, Max: 0, Diff: 0, Sum: 0, Workers: 4
[774.196s][debug][gc,phases      ] GC(100)     Total                          Min: 0, Avg:  0.0, Max: 0, Diff: 0, Sum: 0, Workers: 4
[774.196s][debug][gc,phases      ] GC(100)   StringDedup Requests1 Weak     Min:  0.0, Avg:  0.0, Max:  0.0, Diff:  0.0, Sum:  0.0, Workers: 4
[774.197s][debug][gc,phases      ] GC(100)     Dead                           Min: 0, Avg:  0.0, Max: 0, Diff: 0, Sum: 0, Workers: 4
[774.197s][debug][gc,phases      ] GC(100)     Total                          Min: 0, Avg:  0.0, Max: 0, Diff: 0, Sum: 0, Workers: 4
[774.197s][debug][gc,phases      ] GC(100)   Weak JFR Old Object Samples    Min:  0.0, Avg:  0.0, Max:  0.0, Diff:  0.0, Sum:  0.0, Workers: 4
[774.197s][debug][gc,phases      ] GC(100)     Dead                           Min: 0, Avg:  0.0, Max: 0, Diff: 0, Sum: 0, Workers: 4
[774.197s][debug][gc,phases      ] GC(100)     Total                          Min: 0, Avg:  0.0, Max: 0, Diff: 0, Sum: 0, Workers: 4
[774.197s][debug][gc,phases      ] GC(100) Weak Processing 0.333ms
[774.197s][debug][gc,age         ] GC(100) Desired survivor size 9961472 bytes, new threshold 15 (max threshold 15)
[774.197s][info ][gc,heap        ] GC(100) PSYoungGen: 2079824K(2086400K)->4192K(2087424K) Eden: 2075648K(2075648K)->0K(2077184K) From: 4176K(10752K)->4192K(10240K)
[774.197s][info ][gc,heap        ] GC(100) ParOldGen: 361634K(430080K)->361642K(430080K)
[774.197s][info ][gc,metaspace   ] GC(100) Metaspace: 84738K(85760K)->84738K(85760K) NonClass: 72418K(72960K)->72418K(72960K) Class: 12320K(12800K)->12320K(12800K)
[774.197s][info ][gc             ] GC(100) Pause Young (Allocation Failure) 2384M->357M(2458M) 4.582ms
[774.197s][info ][gc,cpu         ] GC(100) User=0.02s Sys=0.00s Real=0.01s
[774.197s][info ][safepoint      ] Safepoint "ParallelGCFailedAllocation", Time since last: 9593119859 ns, Reaching safepoint: 74000 ns, Cleanup: 32900 ns, At safepoint: 4647211 ns, Total: 4754111 ns
[776.197s][info ][safepoint      ] Safepoint "Cleanup", Time since last: 2000129387 ns, Reaching safepoint: 3600 ns, Cleanup: 36500 ns, At safepoint: 3200 ns, Total: 43300 ns
[784.143s][info ][gc,start       ] GC(101) Pause Young (Allocation Failure)
[784.146s][debug][gc,phases      ] GC(101) Scavenge 3.481ms
[784.146s][debug][gc,ref         ] GC(101) Skipped phase 1 of Reference Processing: no references
[784.146s][debug][gc,ref         ] GC(101) ReferenceProcessor::execute queues: 1, RefProcThreadModel::Single, marks_oops_alive: false
[784.146s][debug][gc,ref         ] GC(101) Skipped phase 3 of Reference Processing: no references
[784.146s][debug][gc,ref         ] GC(101) ReferenceProcessor::execute queues: 1, RefProcThreadModel::Single, marks_oops_alive: false
[784.146s][debug][gc,phases      ] GC(101) Reference Processing 0.087ms
[784.146s][debug][gc,phases      ] GC(101)   VM Weak                        Min:  0.0, Avg:  0.0, Max:  0.0, Diff:  0.0, Sum:  0.0, Workers: 4
[784.146s][debug][gc,phases      ] GC(101)     Dead                           Min: 0, Avg:  0.0, Max: 0, Diff: 0, Sum: 0, Workers: 4
[784.146s][debug][gc,phases      ] GC(101)     Total                          Min: 0, Avg: 215.5, Max: 512, Diff: 512, Sum: 862, Workers: 4
[784.146s][debug][gc,phases      ] GC(101)   ObjectSynchronizer Weak        Min:  0.0, Avg:  0.0, Max:  0.0, Diff:  0.0, Sum:  0.0, Workers: 4
[784.146s][debug][gc,phases      ] GC(101)     Dead                           Min: 0, Avg:  0.0, Max: 0, Diff: 0, Sum: 0, Workers: 4
[784.146s][debug][gc,phases      ] GC(101)     Total                          Min: 0, Avg:  0.8, Max: 3, Diff: 3, Sum: 3, Workers: 4
[784.146s][debug][gc,phases      ] GC(101)   JVMTI Tag Weak OopStorage      Min:  0.0, Avg:  0.0, Max:  0.0, Diff:  0.0, Sum:  0.0, Workers: 4
[784.146s][debug][gc,phases      ] GC(101)     Dead                           Min: 0, Avg:  0.0, Max: 0, Diff: 0, Sum: 0, Workers: 4
[784.146s][debug][gc,phases      ] GC(101)     Total                          Min: 0, Avg:  0.0, Max: 0, Diff: 0, Sum: 0, Workers: 4
[784.146s][debug][gc,phases      ] GC(101)   StringTable Weak               Min:  0.0, Avg:  0.1, Max:  0.1, Diff:  0.1, Sum:  0.3, Workers: 4
[784.146s][debug][gc,phases      ] GC(101)     Dead                           Min: 0, Avg:  0.0, Max: 0, Diff: 0, Sum: 0, Workers: 4
[784.146s][debug][gc,phases      ] GC(101)     Total                          Min: 0, Avg: 11141.0, Max: 19840, Diff: 19840, Sum: 44564, Workers: 4
[784.146s][debug][gc,phases      ] GC(101)   ResolvedMethodTable Weak       Min:  0.0, Avg:  0.0, Max:  0.0, Diff:  0.0, Sum:  0.1, Workers: 4
[784.146s][debug][gc,phases      ] GC(101)     Dead                           Min: 0, Avg:  0.0, Max: 0, Diff: 0, Sum: 0, Workers: 4
[784.146s][debug][gc,phases      ] GC(101)     Total                          Min: 0, Avg: 2607.0, Max: 4736, Diff: 4736, Sum: 10428, Workers: 4
[784.146s][debug][gc,phases      ] GC(101)   JNI Weak                       Min:  0.0, Avg:  0.0, Max:  0.0, Diff:  0.0, Sum:  0.0, Workers: 4
[784.146s][debug][gc,phases      ] GC(101)     Dead                           Min: 0, Avg:  0.0, Max: 0, Diff: 0, Sum: 0, Workers: 4
[784.146s][debug][gc,phases      ] GC(101)     Total                          Min: 0, Avg: 11.2, Max: 45, Diff: 45, Sum: 45, Workers: 4
[784.146s][debug][gc,phases      ] GC(101)   StringDedup Table Weak         Min:  0.0, Avg:  0.0, Max:  0.0, Diff:  0.0, Sum:  0.0, Workers: 4
[784.146s][debug][gc,phases      ] GC(101)     Dead                           Min: 0, Avg:  0.0, Max: 0, Diff: 0, Sum: 0, Workers: 4
[784.146s][debug][gc,phases      ] GC(101)     Total                          Min: 0, Avg:  0.0, Max: 0, Diff: 0, Sum: 0, Workers: 4
[784.146s][debug][gc,phases      ] GC(101)   StringDedup Requests0 Weak     Min:  0.0, Avg:  0.0, Max:  0.0, Diff:  0.0, Sum:  0.0, Workers: 4
[784.146s][debug][gc,phases      ] GC(101)     Dead                           Min: 0, Avg:  0.0, Max: 0, Diff: 0, Sum: 0, Workers: 4
[784.146s][debug][gc,phases      ] GC(101)     Total                          Min: 0, Avg:  0.0, Max: 0, Diff: 0, Sum: 0, Workers: 4
[784.146s][debug][gc,phases      ] GC(101)   StringDedup Requests1 Weak     Min:  0.0, Avg:  0.0, Max:  0.0, Diff:  0.0, Sum:  0.0, Workers: 4
[784.147s][debug][gc,phases      ] GC(101)     Dead                           Min: 0, Avg:  0.0, Max: 0, Diff: 0, Sum: 0, Workers: 4
[784.147s][debug][gc,phases      ] GC(101)     Total                          Min: 0, Avg:  0.0, Max: 0, Diff: 0, Sum: 0, Workers: 4
[784.147s][debug][gc,phases      ] GC(101)   Weak JFR Old Object Samples    Min:  0.0, Avg:  0.0, Max:  0.0, Diff:  0.0, Sum:  0.0, Workers: 4
[784.147s][debug][gc,phases      ] GC(101)     Dead                           Min: 0, Avg:  0.0, Max: 0, Diff: 0, Sum: 0, Workers: 4
[784.147s][debug][gc,phases      ] GC(101)     Total                          Min: 0, Avg:  0.0, Max: 0, Diff: 0, Sum: 0, Workers: 4
[784.147s][debug][gc,phases      ] GC(101) Weak Processing 0.326ms
[784.147s][debug][gc,age         ] GC(101) Desired survivor size 9437184 bytes, new threshold 15 (max threshold 15)
[784.147s][info ][gc,heap        ] GC(101) PSYoungGen: 2081376K(2087424K)->4176K(2086912K) Eden: 2077184K(2077184K)->0K(2077184K) From: 4192K(10240K)->4176K(9728K)
[784.147s][info ][gc,heap        ] GC(101) ParOldGen: 361642K(430080K)->361674K(430080K)
[784.147s][info ][gc,metaspace   ] GC(101) Metaspace: 84741K(85760K)->84741K(85760K) NonClass: 72421K(72960K)->72421K(72960K) Class: 12320K(12800K)->12320K(12800K)
[784.147s][info ][gc             ] GC(101) Pause Young (Allocation Failure) 2385M->357M(2458M) 3.997ms
[784.147s][info ][gc,cpu         ] GC(101) User=0.01s Sys=0.00s Real=0.00s
[784.147s][info ][safepoint      ] Safepoint "ParallelGCFailedAllocation", Time since last: 7945738379 ns, Reaching safepoint: 5100 ns, Cleanup: 18200 ns, At safepoint: 4063809 ns, Total: 4087109 ns
[794.148s][info ][gc,start       ] GC(102) Pause Young (Allocation Failure)
[794.152s][debug][gc,phases      ] GC(102) Scavenge 3.472ms
[794.152s][debug][gc,ref         ] GC(102) Skipped phase 1 of Reference Processing: no references
[794.152s][debug][gc,ref         ] GC(102) ReferenceProcessor::execute queues: 1, RefProcThreadModel::Single, marks_oops_alive: false
[794.152s][debug][gc,ref         ] GC(102) Skipped phase 3 of Reference Processing: no references
[794.152s][debug][gc,ref         ] GC(102) ReferenceProcessor::execute queues: 1, RefProcThreadModel::Single, marks_oops_alive: false
[794.152s][debug][gc,phases      ] GC(102) Reference Processing 0.091ms
[794.152s][debug][gc,phases      ] GC(102)   VM Weak                        Min:  0.0, Avg:  0.0, Max:  0.0, Diff:  0.0, Sum:  0.0, Workers: 4
[794.152s][debug][gc,phases      ] GC(102)     Dead                           Min: 0, Avg:  0.0, Max: 0, Diff: 0, Sum: 0, Workers: 4
[794.152s][debug][gc,phases      ] GC(102)     Total                          Min: 0, Avg: 215.5, Max: 478, Diff: 478, Sum: 862, Workers: 4
[794.152s][debug][gc,phases      ] GC(102)   ObjectSynchronizer Weak        Min:  0.0, Avg:  0.0, Max:  0.0, Diff:  0.0, Sum:  0.0, Workers: 4
[794.152s][debug][gc,phases      ] GC(102)     Dead                           Min: 0, Avg:  0.0, Max: 0, Diff: 0, Sum: 0, Workers: 4
[794.152s][debug][gc,phases      ] GC(102)     Total                          Min: 0, Avg:  1.0, Max: 4, Diff: 4, Sum: 4, Workers: 4
[794.152s][debug][gc,phases      ] GC(102)   JVMTI Tag Weak OopStorage      Min:  0.0, Avg:  0.0, Max:  0.0, Diff:  0.0, Sum:  0.0, Workers: 4
[794.152s][debug][gc,phases      ] GC(102)     Dead                           Min: 0, Avg:  0.0, Max: 0, Diff: 0, Sum: 0, Workers: 4
[794.152s][debug][gc,phases      ] GC(102)     Total                          Min: 0, Avg:  0.0, Max: 0, Diff: 0, Sum: 0, Workers: 4
[794.152s][debug][gc,phases      ] GC(102)   StringTable Weak               Min:  0.0, Avg:  0.1, Max:  0.2, Diff:  0.2, Sum:  0.3, Workers: 4
[794.152s][debug][gc,phases      ] GC(102)     Dead                           Min: 0, Avg:  0.0, Max: 0, Diff: 0, Sum: 0, Workers: 4
[794.152s][debug][gc,phases      ] GC(102)     Total                          Min: 0, Avg: 11141.0, Max: 27412, Diff: 27412, Sum: 44564, Workers: 4
[794.152s][debug][gc,phases      ] GC(102)   ResolvedMethodTable Weak       Min:  0.0, Avg:  0.0, Max:  0.0, Diff:  0.0, Sum:  0.1, Workers: 4
[794.152s][debug][gc,phases      ] GC(102)     Dead                           Min: 0, Avg:  0.0, Max: 0, Diff: 0, Sum: 0, Workers: 4
[794.152s][debug][gc,phases      ] GC(102)     Total                          Min: 0, Avg: 2607.0, Max: 6396, Diff: 6396, Sum: 10428, Workers: 4
[794.152s][debug][gc,phases      ] GC(102)   JNI Weak                       Min:  0.0, Avg:  0.0, Max:  0.0, Diff:  0.0, Sum:  0.0, Workers: 4
[794.152s][debug][gc,phases      ] GC(102)     Dead                           Min: 0, Avg:  0.0, Max: 0, Diff: 0, Sum: 0, Workers: 4
[794.152s][debug][gc,phases      ] GC(102)     Total                          Min: 0, Avg: 11.2, Max: 45, Diff: 45, Sum: 45, Workers: 4
[794.152s][debug][gc,phases      ] GC(102)   StringDedup Table Weak         Min:  0.0, Avg:  0.0, Max:  0.0, Diff:  0.0, Sum:  0.0, Workers: 4
[794.152s][debug][gc,phases      ] GC(102)     Dead                           Min: 0, Avg:  0.0, Max: 0, Diff: 0, Sum: 0, Workers: 4
[794.152s][debug][gc,phases      ] GC(102)     Total                          Min: 0, Avg:  0.0, Max: 0, Diff: 0, Sum: 0, Workers: 4
[794.152s][debug][gc,phases      ] GC(102)   StringDedup Requests0 Weak     Min:  0.0, Avg:  0.0, Max:  0.0, Diff:  0.0, Sum:  0.0, Workers: 4
[794.152s][debug][gc,phases      ] GC(102)     Dead                           Min: 0, Avg:  0.0, Max: 0, Diff: 0, Sum: 0, Workers: 4
[794.152s][debug][gc,phases      ] GC(102)     Total                          Min: 0, Avg:  0.0, Max: 0, Diff: 0, Sum: 0, Workers: 4
[794.152s][debug][gc,phases      ] GC(102)   StringDedup Requests1 Weak     Min:  0.0, Avg:  0.0, Max:  0.0, Diff:  0.0, Sum:  0.0, Workers: 4
[794.152s][debug][gc,phases      ] GC(102)     Dead                           Min: 0, Avg:  0.0, Max: 0, Diff: 0, Sum: 0, Workers: 4
[794.152s][debug][gc,phases      ] GC(102)     Total                          Min: 0, Avg:  0.0, Max: 0, Diff: 0, Sum: 0, Workers: 4
[794.152s][debug][gc,phases      ] GC(102)   Weak JFR Old Object Samples    Min:  0.0, Avg:  0.0, Max:  0.0, Diff:  0.0, Sum:  0.0, Workers: 4
[794.152s][debug][gc,phases      ] GC(102)     Dead                           Min: 0, Avg:  0.0, Max: 0, Diff: 0, Sum: 0, Workers: 4
[794.152s][debug][gc,phases      ] GC(102)     Total                          Min: 0, Avg:  0.0, Max: 0, Diff: 0, Sum: 0, Workers: 4
[794.152s][debug][gc,phases      ] GC(102) Weak Processing 0.361ms
[794.152s][debug][gc,age         ] GC(102) Desired survivor size 9437184 bytes, new threshold 15 (max threshold 15)
[794.152s][info ][gc,heap        ] GC(102) PSYoungGen: 2081360K(2086912K)->4064K(2087936K) Eden: 2077184K(2077184K)->0K(2078720K) From: 4176K(9728K)->4064K(9216K)
[794.152s][info ][gc,heap        ] GC(102) ParOldGen: 361674K(430080K)->361754K(430080K)
[794.152s][info ][gc,metaspace   ] GC(102) Metaspace: 84741K(85760K)->84741K(85760K) NonClass: 72421K(72960K)->72421K(72960K) Class: 12320K(12800K)->12320K(12800K)
[794.152s][info ][gc             ] GC(102) Pause Young (Allocation Failure) 2385M->357M(2459M) 4.021ms
[794.152s][info ][gc,cpu         ] GC(102) User=0.01s Sys=0.00s Real=0.00s
[794.152s][info ][safepoint      ] Safepoint "ParallelGCFailedAllocation", Time since last: 10001468506 ns, Reaching safepoint: 80100 ns, Cleanup: 18700 ns, At safepoint: 4091109 ns, Total: 4189909 ns
[804.143s][info ][gc,start       ] GC(103) Pause Young (Allocation Failure)
[804.148s][debug][gc,phases      ] GC(103) Scavenge 5.186ms
[804.148s][debug][gc,ref         ] GC(103) Skipped phase 1 of Reference Processing: no references
[804.148s][debug][gc,ref         ] GC(103) ReferenceProcessor::execute queues: 1, RefProcThreadModel::Single, marks_oops_alive: false
[804.148s][debug][gc,ref         ] GC(103) Skipped phase 3 of Reference Processing: no references
[804.148s][debug][gc,ref         ] GC(103) ReferenceProcessor::execute queues: 1, RefProcThreadModel::Single, marks_oops_alive: false
[804.148s][debug][gc,phases      ] GC(103) Reference Processing 0.089ms
[804.148s][debug][gc,phases      ] GC(103)   VM Weak                        Min:  0.0, Avg:  0.0, Max:  0.0, Diff:  0.0, Sum:  0.0, Workers: 4
[804.148s][debug][gc,phases      ] GC(103)     Dead                           Min: 0, Avg:  0.0, Max: 0, Diff: 0, Sum: 0, Workers: 4
[804.149s][debug][gc,phases      ] GC(103)     Total                          Min: 0, Avg: 215.5, Max: 448, Diff: 448, Sum: 862, Workers: 4
[804.149s][debug][gc,phases      ] GC(103)   ObjectSynchronizer Weak        Min:  0.0, Avg:  0.0, Max:  0.0, Diff:  0.0, Sum:  0.0, Workers: 4
[804.149s][debug][gc,phases      ] GC(103)     Dead                           Min: 0, Avg:  0.0, Max: 0, Diff: 0, Sum: 0, Workers: 4
[804.149s][debug][gc,phases      ] GC(103)     Total                          Min: 0, Avg:  1.0, Max: 4, Diff: 4, Sum: 4, Workers: 4
[804.149s][debug][gc,phases      ] GC(103)   JVMTI Tag Weak OopStorage      Min:  0.0, Avg:  0.0, Max:  0.0, Diff:  0.0, Sum:  0.0, Workers: 4
[804.149s][debug][gc,phases      ] GC(103)     Dead                           Min: 0, Avg:  0.0, Max: 0, Diff: 0, Sum: 0, Workers: 4
[804.149s][debug][gc,phases      ] GC(103)     Total                          Min: 0, Avg:  0.0, Max: 0, Diff: 0, Sum: 0, Workers: 4
[804.149s][debug][gc,phases      ] GC(103)   StringTable Weak               Min:  0.1, Avg:  0.1, Max:  0.1, Diff:  0.0, Sum:  0.4, Workers: 4
[804.149s][debug][gc,phases      ] GC(103)     Dead                           Min: 0, Avg:  0.0, Max: 0, Diff: 0, Sum: 0, Workers: 4
[804.149s][debug][gc,phases      ] GC(103)     Total                          Min: 10240, Avg: 11141.5, Max: 12160, Diff: 1920, Sum: 44566, Workers: 4
[804.149s][debug][gc,phases      ] GC(103)   ResolvedMethodTable Weak       Min:  0.0, Avg:  0.0, Max:  0.0, Diff:  0.0, Sum:  0.1, Workers: 4
[804.149s][debug][gc,phases      ] GC(103)     Dead                           Min: 0, Avg:  0.0, Max: 0, Diff: 0, Sum: 0, Workers: 4
[804.149s][debug][gc,phases      ] GC(103)     Total                          Min: 2176, Avg: 2607.5, Max: 2880, Diff: 704, Sum: 10430, Workers: 4
[804.149s][debug][gc,phases      ] GC(103)   JNI Weak                       Min:  0.0, Avg:  0.0, Max:  0.0, Diff:  0.0, Sum:  0.0, Workers: 4
[804.149s][debug][gc,phases      ] GC(103)     Dead                           Min: 0, Avg:  0.0, Max: 0, Diff: 0, Sum: 0, Workers: 4
[804.149s][debug][gc,phases      ] GC(103)     Total                          Min: 0, Avg: 11.2, Max: 45, Diff: 45, Sum: 45, Workers: 4
[804.149s][debug][gc,phases      ] GC(103)   StringDedup Table Weak         Min:  0.0, Avg:  0.0, Max:  0.0, Diff:  0.0, Sum:  0.0, Workers: 4
[804.149s][debug][gc,phases      ] GC(103)     Dead                           Min: 0, Avg:  0.0, Max: 0, Diff: 0, Sum: 0, Workers: 4
[804.149s][debug][gc,phases      ] GC(103)     Total                          Min: 0, Avg:  0.0, Max: 0, Diff: 0, Sum: 0, Workers: 4
[804.149s][debug][gc,phases      ] GC(103)   StringDedup Requests0 Weak     Min:  0.0, Avg:  0.0, Max:  0.0, Diff:  0.0, Sum:  0.0, Workers: 4
[804.149s][debug][gc,phases      ] GC(103)     Dead                           Min: 0, Avg:  0.0, Max: 0, Diff: 0, Sum: 0, Workers: 4
[804.149s][debug][gc,phases      ] GC(103)     Total                          Min: 0, Avg:  0.0, Max: 0, Diff: 0, Sum: 0, Workers: 4
[804.149s][debug][gc,phases      ] GC(103)   StringDedup Requests1 Weak     Min:  0.0, Avg:  0.0, Max:  0.0, Diff:  0.0, Sum:  0.0, Workers: 4
[804.149s][debug][gc,phases      ] GC(103)     Dead                           Min: 0, Avg:  0.0, Max: 0, Diff: 0, Sum: 0, Workers: 4
[804.149s][debug][gc,phases      ] GC(103)     Total                          Min: 0, Avg:  0.0, Max: 0, Diff: 0, Sum: 0, Workers: 4
[804.149s][debug][gc,phases      ] GC(103)   Weak JFR Old Object Samples    Min:  0.0, Avg:  0.0, Max:  0.0, Diff:  0.0, Sum:  0.0, Workers: 4
[804.149s][debug][gc,phases      ] GC(103)     Dead                           Min: 0, Avg:  0.0, Max: 0, Diff: 0, Sum: 0, Workers: 4
[804.149s][debug][gc,phases      ] GC(103)     Total                          Min: 0, Avg:  0.0, Max: 0, Diff: 0, Sum: 0, Workers: 4
[804.149s][debug][gc,phases      ] GC(103) Weak Processing 0.302ms
[804.149s][debug][gc,age         ] GC(103) Desired survivor size 9437184 bytes, new threshold 15 (max threshold 15)
[804.149s][info ][gc,heap        ] GC(103) PSYoungGen: 2082784K(2087936K)->2400K(2087936K) Eden: 2078720K(2078720K)->0K(2078720K) From: 4064K(9216K)->2400K(9216K)
[804.149s][info ][gc,heap        ] GC(103) ParOldGen: 361754K(430080K)->363526K(430080K)
[804.149s][info ][gc,metaspace   ] GC(103) Metaspace: 84748K(85760K)->84748K(85760K) NonClass: 72426K(72960K)->72426K(72960K) Class: 12321K(12800K)->12321K(12800K)
[804.149s][info ][gc             ] GC(103) Pause Young (Allocation Failure) 2387M->357M(2459M) 5.684ms
[804.149s][info ][gc,cpu         ] GC(103) User=0.02s Sys=0.00s Real=0.00s
[804.149s][info ][safepoint      ] Safepoint "ParallelGCFailedAllocation", Time since last: 9990578581 ns, Reaching safepoint: 74200 ns, Cleanup: 18500 ns, At safepoint: 5754411 ns, Total: 5847111 ns
[812.395s][info ][safepoint      ] Safepoint "Cleanup", Time since last: 8245790547 ns, Reaching safepoint: 3700 ns, Cleanup: 87200 ns, At safepoint: 3500 ns, Total: 94400 ns
[813.395s][info ][safepoint      ] Safepoint "Cleanup", Time since last: 1000107377 ns, Reaching safepoint: 3500 ns, Cleanup: 75500 ns, At safepoint: 2000 ns, Total: 81000 ns
[817.248s][info ][gc,start       ] GC(104) Pause Young (Allocation Failure)
[817.253s][debug][gc,phases      ] GC(104) Scavenge 5.031ms
[817.253s][debug][gc,ref         ] GC(104) Skipped phase 1 of Reference Processing: no references
[817.253s][debug][gc,ref         ] GC(104) ReferenceProcessor::execute queues: 1, RefProcThreadModel::Single, marks_oops_alive: false
[817.253s][debug][gc,ref         ] GC(104) Skipped phase 3 of Reference Processing: no references
[817.253s][debug][gc,ref         ] GC(104) ReferenceProcessor::execute queues: 1, RefProcThreadModel::Single, marks_oops_alive: false
[817.253s][debug][gc,phases      ] GC(104) Reference Processing 0.087ms
[817.254s][debug][gc,phases      ] GC(104)   VM Weak                        Min:  0.0, Avg:  0.0, Max:  0.0, Diff:  0.0, Sum:  0.0, Workers: 4
[817.254s][debug][gc,phases      ] GC(104)     Dead                           Min: 0, Avg:  0.0, Max: 0, Diff: 0, Sum: 0, Workers: 4
[817.254s][debug][gc,phases      ] GC(104)     Total                          Min: 0, Avg: 215.5, Max: 512, Diff: 512, Sum: 862, Workers: 4
[817.254s][debug][gc,phases      ] GC(104)   ObjectSynchronizer Weak        Min:  0.0, Avg:  0.0, Max:  0.0, Diff:  0.0, Sum:  0.0, Workers: 4
[817.254s][debug][gc,phases      ] GC(104)     Dead                           Min: 0, Avg:  0.0, Max: 0, Diff: 0, Sum: 0, Workers: 4
[817.254s][debug][gc,phases      ] GC(104)     Total                          Min: 0, Avg:  1.0, Max: 4, Diff: 4, Sum: 4, Workers: 4
[817.254s][debug][gc,phases      ] GC(104)   JVMTI Tag Weak OopStorage      Min:  0.0, Avg:  0.0, Max:  0.0, Diff:  0.0, Sum:  0.0, Workers: 4
[817.254s][debug][gc,phases      ] GC(104)     Dead                           Min: 0, Avg:  0.0, Max: 0, Diff: 0, Sum: 0, Workers: 4
[817.254s][debug][gc,phases      ] GC(104)     Total                          Min: 0, Avg:  0.0, Max: 0, Diff: 0, Sum: 0, Workers: 4
[817.254s][debug][gc,phases      ] GC(104)   StringTable Weak               Min:  0.0, Avg:  0.1, Max:  0.1, Diff:  0.1, Sum:  0.4, Workers: 4
[817.254s][debug][gc,phases      ] GC(104)     Dead                           Min: 0, Avg:  0.0, Max: 0, Diff: 0, Sum: 0, Workers: 4
[817.254s][debug][gc,phases      ] GC(104)     Total                          Min: 0, Avg: 11142.2, Max: 19584, Diff: 19584, Sum: 44569, Workers: 4
[817.254s][debug][gc,phases      ] GC(104)   ResolvedMethodTable Weak       Min:  0.0, Avg:  0.0, Max:  0.0, Diff:  0.0, Sum:  0.1, Workers: 4
[817.254s][debug][gc,phases      ] GC(104)     Dead                           Min: 0, Avg:  0.0, Max: 0, Diff: 0, Sum: 0, Workers: 4
[817.254s][debug][gc,phases      ] GC(104)     Total                          Min: 0, Avg: 2607.5, Max: 4542, Diff: 4542, Sum: 10430, Workers: 4
[817.254s][debug][gc,phases      ] GC(104)   JNI Weak                       Min:  0.0, Avg:  0.0, Max:  0.0, Diff:  0.0, Sum:  0.0, Workers: 4
[817.254s][debug][gc,phases      ] GC(104)     Dead                           Min: 0, Avg:  0.0, Max: 0, Diff: 0, Sum: 0, Workers: 4
[817.254s][debug][gc,phases      ] GC(104)     Total                          Min: 0, Avg: 11.2, Max: 45, Diff: 45, Sum: 45, Workers: 4
[817.254s][debug][gc,phases      ] GC(104)   StringDedup Table Weak         Min:  0.0, Avg:  0.0, Max:  0.0, Diff:  0.0, Sum:  0.0, Workers: 4
[817.254s][debug][gc,phases      ] GC(104)     Dead                           Min: 0, Avg:  0.0, Max: 0, Diff: 0, Sum: 0, Workers: 4
[817.254s][debug][gc,phases      ] GC(104)     Total                          Min: 0, Avg:  0.0, Max: 0, Diff: 0, Sum: 0, Workers: 4
[817.254s][debug][gc,phases      ] GC(104)   StringDedup Requests0 Weak     Min:  0.0, Avg:  0.0, Max:  0.0, Diff:  0.0, Sum:  0.0, Workers: 4
[817.254s][debug][gc,phases      ] GC(104)     Dead                           Min: 0, Avg:  0.0, Max: 0, Diff: 0, Sum: 0, Workers: 4
[817.254s][debug][gc,phases      ] GC(104)     Total                          Min: 0, Avg:  0.0, Max: 0, Diff: 0, Sum: 0, Workers: 4
[817.254s][debug][gc,phases      ] GC(104)   StringDedup Requests1 Weak     Min:  0.0, Avg:  0.0, Max:  0.0, Diff:  0.0, Sum:  0.0, Workers: 4
[817.254s][debug][gc,phases      ] GC(104)     Dead                           Min: 0, Avg:  0.0, Max: 0, Diff: 0, Sum: 0, Workers: 4
[817.254s][debug][gc,phases      ] GC(104)     Total                          Min: 0, Avg:  0.0, Max: 0, Diff: 0, Sum: 0, Workers: 4
[817.254s][debug][gc,phases      ] GC(104)   Weak JFR Old Object Samples    Min:  0.0, Avg:  0.0, Max:  0.0, Diff:  0.0, Sum:  0.0, Workers: 4
[817.254s][debug][gc,phases      ] GC(104)     Dead                           Min: 0, Avg:  0.0, Max: 0, Diff: 0, Sum: 0, Workers: 4
[817.254s][debug][gc,phases      ] GC(104)     Total                          Min: 0, Avg:  0.0, Max: 0, Diff: 0, Sum: 0, Workers: 4
[817.254s][debug][gc,phases      ] GC(104) Weak Processing 0.328ms
[817.254s][debug][gc,age         ] GC(104) Desired survivor size 8912896 bytes, new threshold 15 (max threshold 15)
[817.254s][info ][gc,heap        ] GC(104) PSYoungGen: 2081120K(2087936K)->4196K(2088448K) Eden: 2078720K(2078720K)->0K(2079232K) From: 2400K(9216K)->4196K(9216K)
[817.254s][info ][gc,heap        ] GC(104) ParOldGen: 363526K(430080K)->363542K(430080K)
[817.254s][info ][gc,metaspace   ] GC(104) Metaspace: 84762K(85760K)->84762K(85760K) NonClass: 72440K(72960K)->72440K(72960K) Class: 12321K(12800K)->12321K(12800K)
[817.254s][info ][gc             ] GC(104) Pause Young (Allocation Failure) 2387M->359M(2459M) 5.535ms
[817.254s][info ][gc,cpu         ] GC(104) User=0.02s Sys=0.00s Real=0.01s
[817.254s][info ][safepoint      ] Safepoint "ParallelGCFailedAllocation", Time since last: 3853412776 ns, Reaching safepoint: 62400 ns, Cleanup: 34200 ns, At safepoint: 5596312 ns, Total: 5692912 ns
[818.254s][info ][safepoint      ] Safepoint "Cleanup", Time since last: 1000079597 ns, Reaching safepoint: 4200 ns, Cleanup: 37800 ns, At safepoint: 3000 ns, Total: 45000 ns
[826.699s][info ][gc,start       ] GC(105) Pause Young (Allocation Failure)
[826.703s][debug][gc,phases      ] GC(105) Scavenge 4.350ms
[826.703s][debug][gc,ref         ] GC(105) Skipped phase 1 of Reference Processing: no references
[826.703s][debug][gc,ref         ] GC(105) ReferenceProcessor::execute queues: 1, RefProcThreadModel::Single, marks_oops_alive: false
[826.703s][debug][gc,ref         ] GC(105) Skipped phase 3 of Reference Processing: no references
[826.703s][debug][gc,ref         ] GC(105) ReferenceProcessor::execute queues: 1, RefProcThreadModel::Single, marks_oops_alive: false
[826.703s][debug][gc,phases      ] GC(105) Reference Processing 0.118ms
[826.703s][debug][gc,phases      ] GC(105)   VM Weak                        Min:  0.0, Avg:  0.0, Max:  0.0, Diff:  0.0, Sum:  0.0, Workers: 4
[826.703s][debug][gc,phases      ] GC(105)     Dead                           Min: 0, Avg:  0.0, Max: 0, Diff: 0, Sum: 0, Workers: 4
[826.703s][debug][gc,phases      ] GC(105)     Total                          Min: 0, Avg: 215.5, Max: 478, Diff: 478, Sum: 862, Workers: 4
[826.703s][debug][gc,phases      ] GC(105)   ObjectSynchronizer Weak        Min:  0.0, Avg:  0.0, Max:  0.0, Diff:  0.0, Sum:  0.0, Workers: 4
[826.703s][debug][gc,phases      ] GC(105)     Dead                           Min: 0, Avg:  0.0, Max: 0, Diff: 0, Sum: 0, Workers: 4
[826.703s][debug][gc,phases      ] GC(105)     Total                          Min: 0, Avg:  1.0, Max: 4, Diff: 4, Sum: 4, Workers: 4
[826.703s][debug][gc,phases      ] GC(105)   JVMTI Tag Weak OopStorage      Min:  0.0, Avg:  0.0, Max:  0.0, Diff:  0.0, Sum:  0.0, Workers: 4
[826.703s][debug][gc,phases      ] GC(105)     Dead                           Min: 0, Avg:  0.0, Max: 0, Diff: 0, Sum: 0, Workers: 4
[826.703s][debug][gc,phases      ] GC(105)     Total                          Min: 0, Avg:  0.0, Max: 0, Diff: 0, Sum: 0, Workers: 4
[826.703s][debug][gc,phases      ] GC(105)   StringTable Weak               Min:  0.0, Avg:  0.1, Max:  0.1, Diff:  0.1, Sum:  0.4, Workers: 4
[826.703s][debug][gc,phases      ] GC(105)     Dead                           Min: 0, Avg:  0.0, Max: 0, Diff: 0, Sum: 0, Workers: 4
[826.703s][debug][gc,phases      ] GC(105)     Total                          Min: 0, Avg: 11142.2, Max: 19200, Diff: 19200, Sum: 44569, Workers: 4
[826.703s][debug][gc,phases      ] GC(105)   ResolvedMethodTable Weak       Min:  0.0, Avg:  0.0, Max:  0.0, Diff:  0.0, Sum:  0.1, Workers: 4
[826.703s][debug][gc,phases      ] GC(105)     Dead                           Min: 0, Avg:  0.0, Max: 0, Diff: 0, Sum: 0, Workers: 4
[826.703s][debug][gc,phases      ] GC(105)     Total                          Min: 0, Avg: 2607.5, Max: 4544, Diff: 4544, Sum: 10430, Workers: 4
[826.703s][debug][gc,phases      ] GC(105)   JNI Weak                       Min:  0.0, Avg:  0.0, Max:  0.0, Diff:  0.0, Sum:  0.0, Workers: 4
[826.703s][debug][gc,phases      ] GC(105)     Dead                           Min: 0, Avg:  0.0, Max: 0, Diff: 0, Sum: 0, Workers: 4
[826.703s][debug][gc,phases      ] GC(105)     Total                          Min: 0, Avg: 11.2, Max: 45, Diff: 45, Sum: 45, Workers: 4
[826.703s][debug][gc,phases      ] GC(105)   StringDedup Table Weak         Min:  0.0, Avg:  0.0, Max:  0.0, Diff:  0.0, Sum:  0.0, Workers: 4
[826.703s][debug][gc,phases      ] GC(105)     Dead                           Min: 0, Avg:  0.0, Max: 0, Diff: 0, Sum: 0, Workers: 4
[826.703s][debug][gc,phases      ] GC(105)     Total                          Min: 0, Avg:  0.0, Max: 0, Diff: 0, Sum: 0, Workers: 4
[826.703s][debug][gc,phases      ] GC(105)   StringDedup Requests0 Weak     Min:  0.0, Avg:  0.0, Max:  0.0, Diff:  0.0, Sum:  0.0, Workers: 4
[826.704s][debug][gc,phases      ] GC(105)     Dead                           Min: 0, Avg:  0.0, Max: 0, Diff: 0, Sum: 0, Workers: 4
[826.704s][debug][gc,phases      ] GC(105)     Total                          Min: 0, Avg:  0.0, Max: 0, Diff: 0, Sum: 0, Workers: 4
[826.704s][debug][gc,phases      ] GC(105)   StringDedup Requests1 Weak     Min:  0.0, Avg:  0.0, Max:  0.0, Diff:  0.0, Sum:  0.0, Workers: 4
[826.704s][debug][gc,phases      ] GC(105)     Dead                           Min: 0, Avg:  0.0, Max: 0, Diff: 0, Sum: 0, Workers: 4
[826.704s][debug][gc,phases      ] GC(105)     Total                          Min: 0, Avg:  0.0, Max: 0, Diff: 0, Sum: 0, Workers: 4
[826.704s][debug][gc,phases      ] GC(105)   Weak JFR Old Object Samples    Min:  0.0, Avg:  0.0, Max:  0.0, Diff:  0.0, Sum:  0.0, Workers: 4
[826.704s][debug][gc,phases      ] GC(105)     Dead                           Min: 0, Avg:  0.0, Max: 0, Diff: 0, Sum: 0, Workers: 4
[826.704s][debug][gc,phases      ] GC(105)     Total                          Min: 0, Avg:  0.0, Max: 0, Diff: 0, Sum: 0, Workers: 4
[826.704s][debug][gc,phases      ] GC(105) Weak Processing 0.322ms
[826.704s][debug][gc,age         ] GC(105) Desired survivor size 8388608 bytes, new threshold 15 (max threshold 15)
[826.704s][info ][gc,heap        ] GC(105) PSYoungGen: 2083428K(2088448K)->3940K(2087936K) Eden: 2079232K(2079232K)->0K(2079232K) From: 4196K(9216K)->3940K(8704K)
[826.704s][info ][gc,heap        ] GC(105) ParOldGen: 363542K(430080K)->363566K(430080K)
[826.704s][info ][gc,metaspace   ] GC(105) Metaspace: 84781K(85824K)->84781K(85824K) NonClass: 72459K(73024K)->72459K(73024K) Class: 12321K(12800K)->12321K(12800K)
[826.704s][info ][gc             ] GC(105) Pause Young (Allocation Failure) 2389M->358M(2459M) 4.899ms
[826.704s][info ][gc,cpu         ] GC(105) User=0.02s Sys=0.00s Real=0.01s
[826.704s][info ][safepoint      ] Safepoint "ParallelGCFailedAllocation", Time since last: 8444637467 ns, Reaching safepoint: 4000 ns, Cleanup: 21000 ns, At safepoint: 4974111 ns, Total: 4999111 ns
[827.704s][info ][safepoint      ] Safepoint "Cleanup", Time since last: 1000075500 ns, Reaching safepoint: 3700 ns, Cleanup: 28200 ns, At safepoint: 2400 ns, Total: 34300 ns
[830.704s][info ][safepoint      ] Safepoint "Cleanup", Time since last: 3000239001 ns, Reaching safepoint: 4700 ns, Cleanup: 30200 ns, At safepoint: 28000 ns, Total: 62900 ns
[833.704s][info ][safepoint      ] Safepoint "Cleanup", Time since last: 3000211440 ns, Reaching safepoint: 3900 ns, Cleanup: 35700 ns, At safepoint: 2400 ns, Total: 42000 ns
[834.704s][info ][safepoint      ] Safepoint "Cleanup", Time since last: 1000051334 ns, Reaching safepoint: 3800 ns, Cleanup: 34600 ns, At safepoint: 2200 ns, Total: 40600 ns
[836.343s][info ][gc,start       ] GC(106) Pause Young (Allocation Failure)
[836.348s][debug][gc,phases      ] GC(106) Scavenge 4.387ms
[836.348s][debug][gc,ref         ] GC(106) Skipped phase 1 of Reference Processing: no references
[836.348s][debug][gc,ref         ] GC(106) ReferenceProcessor::execute queues: 1, RefProcThreadModel::Single, marks_oops_alive: false
[836.348s][debug][gc,ref         ] GC(106) ReferenceProcessor::execute queues: 4, RefProcThreadModel::Multi, marks_oops_alive: true
[836.348s][debug][gc,ref         ] GC(106) ReferenceProcessor::execute queues: 1, RefProcThreadModel::Single, marks_oops_alive: false
[836.348s][debug][gc,phases      ] GC(106) Reference Processing 0.180ms
[836.348s][debug][gc,phases      ] GC(106)   VM Weak                        Min:  0.0, Avg:  0.0, Max:  0.0, Diff:  0.0, Sum:  0.0, Workers: 4
[836.348s][debug][gc,phases      ] GC(106)     Dead                           Min: 0, Avg:  0.0, Max: 0, Diff: 0, Sum: 0, Workers: 4
[836.348s][debug][gc,phases      ] GC(106)     Total                          Min: 0, Avg: 215.5, Max: 478, Diff: 478, Sum: 862, Workers: 4
[836.348s][debug][gc,phases      ] GC(106)   ObjectSynchronizer Weak        Min:  0.0, Avg:  0.0, Max:  0.0, Diff:  0.0, Sum:  0.0, Workers: 4
[836.348s][debug][gc,phases      ] GC(106)     Dead                           Min: 0, Avg:  0.0, Max: 0, Diff: 0, Sum: 0, Workers: 4
[836.348s][debug][gc,phases      ] GC(106)     Total                          Min: 0, Avg:  1.0, Max: 4, Diff: 4, Sum: 4, Workers: 4
[836.348s][debug][gc,phases      ] GC(106)   JVMTI Tag Weak OopStorage      Min:  0.0, Avg:  0.0, Max:  0.0, Diff:  0.0, Sum:  0.0, Workers: 4
[836.348s][debug][gc,phases      ] GC(106)     Dead                           Min: 0, Avg:  0.0, Max: 0, Diff: 0, Sum: 0, Workers: 4
[836.348s][debug][gc,phases      ] GC(106)     Total                          Min: 0, Avg:  0.0, Max: 0, Diff: 0, Sum: 0, Workers: 4
[836.348s][debug][gc,phases      ] GC(106)   StringTable Weak               Min:  0.0, Avg:  0.1, Max:  0.1, Diff:  0.1, Sum:  0.4, Workers: 4
[836.348s][debug][gc,phases      ] GC(106)     Dead                           Min: 0, Avg:  0.0, Max: 0, Diff: 0, Sum: 0, Workers: 4
[836.348s][debug][gc,phases      ] GC(106)     Total                          Min: 0, Avg: 11149.0, Max: 17408, Diff: 17408, Sum: 44596, Workers: 4
[836.348s][debug][gc,phases      ] GC(106)   ResolvedMethodTable Weak       Min:  0.0, Avg:  0.0, Max:  0.0, Diff:  0.0, Sum:  0.1, Workers: 4
[836.348s][debug][gc,phases      ] GC(106)     Dead                           Min: 0, Avg:  0.0, Max: 0, Diff: 0, Sum: 0, Workers: 4
[836.348s][debug][gc,phases      ] GC(106)     Total                          Min: 0, Avg: 2607.5, Max: 3584, Diff: 3584, Sum: 10430, Workers: 4
[836.348s][debug][gc,phases      ] GC(106)   JNI Weak                       Min:  0.0, Avg:  0.0, Max:  0.0, Diff:  0.0, Sum:  0.0, Workers: 4
[836.348s][debug][gc,phases      ] GC(106)     Dead                           Min: 0, Avg:  0.0, Max: 0, Diff: 0, Sum: 0, Workers: 4
[836.348s][debug][gc,phases      ] GC(106)     Total                          Min: 0, Avg: 11.2, Max: 45, Diff: 45, Sum: 45, Workers: 4
[836.348s][debug][gc,phases      ] GC(106)   StringDedup Table Weak         Min:  0.0, Avg:  0.0, Max:  0.0, Diff:  0.0, Sum:  0.0, Workers: 4
[836.348s][debug][gc,phases      ] GC(106)     Dead                           Min: 0, Avg:  0.0, Max: 0, Diff: 0, Sum: 0, Workers: 4
[836.348s][debug][gc,phases      ] GC(106)     Total                          Min: 0, Avg:  0.0, Max: 0, Diff: 0, Sum: 0, Workers: 4
[836.348s][debug][gc,phases      ] GC(106)   StringDedup Requests0 Weak     Min:  0.0, Avg:  0.0, Max:  0.0, Diff:  0.0, Sum:  0.0, Workers: 4
[836.348s][debug][gc,phases      ] GC(106)     Dead                           Min: 0, Avg:  0.0, Max: 0, Diff: 0, Sum: 0, Workers: 4
[836.348s][debug][gc,phases      ] GC(106)     Total                          Min: 0, Avg:  0.0, Max: 0, Diff: 0, Sum: 0, Workers: 4
[836.348s][debug][gc,phases      ] GC(106)   StringDedup Requests1 Weak     Min:  0.0, Avg:  0.0, Max:  0.0, Diff:  0.0, Sum:  0.0, Workers: 4
[836.348s][debug][gc,phases      ] GC(106)     Dead                           Min: 0, Avg:  0.0, Max: 0, Diff: 0, Sum: 0, Workers: 4
[836.348s][debug][gc,phases      ] GC(106)     Total                          Min: 0, Avg:  0.0, Max: 0, Diff: 0, Sum: 0, Workers: 4
[836.348s][debug][gc,phases      ] GC(106)   Weak JFR Old Object Samples    Min:  0.0, Avg:  0.0, Max:  0.0, Diff:  0.0, Sum:  0.0, Workers: 4
[836.348s][debug][gc,phases      ] GC(106)     Dead                           Min: 0, Avg:  0.0, Max: 0, Diff: 0, Sum: 0, Workers: 4
[836.348s][debug][gc,phases      ] GC(106)     Total                          Min: 0, Avg:  0.0, Max: 0, Diff: 0, Sum: 0, Workers: 4
[836.348s][debug][gc,phases      ] GC(106) Weak Processing 0.342ms
[836.348s][debug][gc,age         ] GC(106) Desired survivor size 8388608 bytes, new threshold 15 (max threshold 15)
[836.348s][info ][gc,heap        ] GC(106) PSYoungGen: 2083172K(2087936K)->4132K(2088960K) Eden: 2079232K(2079232K)->0K(2080768K) From: 3940K(8704K)->4132K(8192K)
[836.348s][info ][gc,heap        ] GC(106) ParOldGen: 363566K(430080K)->363582K(430080K)
[836.348s][info ][gc,metaspace   ] GC(106) Metaspace: 84842K(85888K)->84842K(85888K) NonClass: 72520K(73088K)->72520K(73088K) Class: 12321K(12800K)->12321K(12800K)
[836.348s][info ][gc             ] GC(106) Pause Young (Allocation Failure) 2389M->359M(2460M) 5.020ms
[836.348s][info ][gc,cpu         ] GC(106) User=0.01s Sys=0.00s Real=0.00s
[836.348s][info ][safepoint      ] Safepoint "ParallelGCFailedAllocation", Time since last: 1638809568 ns, Reaching safepoint: 73500 ns, Cleanup: 19500 ns, At safepoint: 5096910 ns, Total: 5189910 ns
[839.349s][info ][safepoint      ] Safepoint "Cleanup", Time since last: 3000179399 ns, Reaching safepoint: 4300 ns, Cleanup: 32701 ns, At safepoint: 3200 ns, Total: 40201 ns
[845.892s][info ][gc,start       ] GC(107) Pause Young (Allocation Failure)
[845.897s][debug][gc,phases      ] GC(107) Scavenge 4.157ms
[845.897s][debug][gc,ref         ] GC(107) Skipped phase 1 of Reference Processing: no references
[845.897s][debug][gc,ref         ] GC(107) ReferenceProcessor::execute queues: 1, RefProcThreadModel::Single, marks_oops_alive: false
[845.897s][debug][gc,ref         ] GC(107) ReferenceProcessor::execute queues: 4, RefProcThreadModel::Multi, marks_oops_alive: true
[845.897s][debug][gc,ref         ] GC(107) ReferenceProcessor::execute queues: 1, RefProcThreadModel::Single, marks_oops_alive: false
[845.897s][debug][gc,phases      ] GC(107) Reference Processing 0.170ms
[845.897s][debug][gc,phases      ] GC(107)   VM Weak                        Min:  0.0, Avg:  0.0, Max:  0.0, Diff:  0.0, Sum:  0.0, Workers: 4
[845.897s][debug][gc,phases      ] GC(107)     Dead                           Min: 0, Avg:  0.0, Max: 0, Diff: 0, Sum: 0, Workers: 4
[845.897s][debug][gc,phases      ] GC(107)     Total                          Min: 0, Avg: 215.5, Max: 832, Diff: 832, Sum: 862, Workers: 4
[845.897s][debug][gc,phases      ] GC(107)   ObjectSynchronizer Weak        Min:  0.0, Avg:  0.0, Max:  0.0, Diff:  0.0, Sum:  0.0, Workers: 4
[845.897s][debug][gc,phases      ] GC(107)     Dead                           Min: 0, Avg:  0.0, Max: 0, Diff: 0, Sum: 0, Workers: 4
[845.897s][debug][gc,phases      ] GC(107)     Total                          Min: 0, Avg:  1.0, Max: 4, Diff: 4, Sum: 4, Workers: 4
[845.897s][debug][gc,phases      ] GC(107)   JVMTI Tag Weak OopStorage      Min:  0.0, Avg:  0.0, Max:  0.0, Diff:  0.0, Sum:  0.0, Workers: 4
[845.897s][debug][gc,phases      ] GC(107)     Dead                           Min: 0, Avg:  0.0, Max: 0, Diff: 0, Sum: 0, Workers: 4
[845.897s][debug][gc,phases      ] GC(107)     Total                          Min: 0, Avg:  0.0, Max: 0, Diff: 0, Sum: 0, Workers: 4
[845.897s][debug][gc,phases      ] GC(107)   StringTable Weak               Min:  0.0, Avg:  0.1, Max:  0.1, Diff:  0.1, Sum:  0.3, Workers: 4
[845.897s][debug][gc,phases      ] GC(107)     Dead                           Min: 0, Avg:  0.0, Max: 0, Diff: 0, Sum: 0, Workers: 4
[845.897s][debug][gc,phases      ] GC(107)     Total                          Min: 0, Avg: 11149.5, Max: 19136, Diff: 19136, Sum: 44598, Workers: 4
[845.897s][debug][gc,phases      ] GC(107)   ResolvedMethodTable Weak       Min:  0.0, Avg:  0.0, Max:  0.0, Diff:  0.0, Sum:  0.1, Workers: 4
[845.897s][debug][gc,phases      ] GC(107)     Dead                           Min: 0, Avg:  0.0, Max: 0, Diff: 0, Sum: 0, Workers: 4
[845.897s][debug][gc,phases      ] GC(107)     Total                          Min: 0, Avg: 2607.5, Max: 4736, Diff: 4736, Sum: 10430, Workers: 4
[845.897s][debug][gc,phases      ] GC(107)   JNI Weak                       Min:  0.0, Avg:  0.0, Max:  0.0, Diff:  0.0, Sum:  0.0, Workers: 4
[845.897s][debug][gc,phases      ] GC(107)     Dead                           Min: 0, Avg:  0.0, Max: 0, Diff: 0, Sum: 0, Workers: 4
[845.897s][debug][gc,phases      ] GC(107)     Total                          Min: 0, Avg: 11.2, Max: 45, Diff: 45, Sum: 45, Workers: 4
[845.897s][debug][gc,phases      ] GC(107)   StringDedup Table Weak         Min:  0.0, Avg:  0.0, Max:  0.0, Diff:  0.0, Sum:  0.0, Workers: 4
[845.897s][debug][gc,phases      ] GC(107)     Dead                           Min: 0, Avg:  0.0, Max: 0, Diff: 0, Sum: 0, Workers: 4
[845.897s][debug][gc,phases      ] GC(107)     Total                          Min: 0, Avg:  0.0, Max: 0, Diff: 0, Sum: 0, Workers: 4
[845.897s][debug][gc,phases      ] GC(107)   StringDedup Requests0 Weak     Min:  0.0, Avg:  0.0, Max:  0.0, Diff:  0.0, Sum:  0.0, Workers: 4
[845.897s][debug][gc,phases      ] GC(107)     Dead                           Min: 0, Avg:  0.0, Max: 0, Diff: 0, Sum: 0, Workers: 4
[845.897s][debug][gc,phases      ] GC(107)     Total                          Min: 0, Avg:  0.0, Max: 0, Diff: 0, Sum: 0, Workers: 4
[845.897s][debug][gc,phases      ] GC(107)   StringDedup Requests1 Weak     Min:  0.0, Avg:  0.0, Max:  0.0, Diff:  0.0, Sum:  0.0, Workers: 4
[845.897s][debug][gc,phases      ] GC(107)     Dead                           Min: 0, Avg:  0.0, Max: 0, Diff: 0, Sum: 0, Workers: 4
[845.897s][debug][gc,phases      ] GC(107)     Total                          Min: 0, Avg:  0.0, Max: 0, Diff: 0, Sum: 0, Workers: 4
[845.897s][debug][gc,phases      ] GC(107)   Weak JFR Old Object Samples    Min:  0.0, Avg:  0.0, Max:  0.0, Diff:  0.0, Sum:  0.0, Workers: 4
[845.897s][debug][gc,phases      ] GC(107)     Dead                           Min: 0, Avg:  0.0, Max: 0, Diff: 0, Sum: 0, Workers: 4
[845.897s][debug][gc,phases      ] GC(107)     Total                          Min: 0, Avg:  0.0, Max: 0, Diff: 0, Sum: 0, Workers: 4
[845.897s][debug][gc,phases      ] GC(107) Weak Processing 0.330ms
[845.897s][debug][gc,age         ] GC(107) Desired survivor size 7864320 bytes, new threshold 15 (max threshold 15)
[845.897s][info ][gc,heap        ] GC(107) PSYoungGen: 2084900K(2088960K)->4084K(2088960K) Eden: 2080768K(2080768K)->0K(2080768K) From: 4132K(8192K)->4084K(8192K)
[845.897s][info ][gc,heap        ] GC(107) ParOldGen: 363582K(430080K)->363638K(430080K)
[845.897s][info ][gc,metaspace   ] GC(107) Metaspace: 84844K(85888K)->84844K(85888K) NonClass: 72522K(73088K)->72522K(73088K) Class: 12321K(12800K)->12321K(12800K)
[845.897s][info ][gc             ] GC(107) Pause Young (Allocation Failure) 2391M->359M(2460M) 4.747ms
[845.897s][info ][gc,cpu         ] GC(107) User=0.01s Sys=0.00s Real=0.01s
[845.897s][info ][safepoint      ] Safepoint "ParallelGCFailedAllocation", Time since last: 6543737314 ns, Reaching safepoint: 76201 ns, Cleanup: 29000 ns, At safepoint: 4834007 ns, Total: 4939208 ns
[847.898s][info ][safepoint      ] Safepoint "Cleanup", Time since last: 2000373848 ns, Reaching safepoint: 74600 ns, Cleanup: 33900 ns, At safepoint: 10700 ns, Total: 119200 ns
[852.898s][info ][safepoint      ] Safepoint "Cleanup", Time since last: 5000336286 ns, Reaching safepoint: 4400 ns, Cleanup: 33800 ns, At safepoint: 4100 ns, Total: 42300 ns
[855.443s][info ][gc,start       ] GC(108) Pause Young (Allocation Failure)
[855.448s][debug][gc,phases      ] GC(108) Scavenge 4.917ms
[855.448s][debug][gc,ref         ] GC(108) Skipped phase 1 of Reference Processing: no references
[855.448s][debug][gc,ref         ] GC(108) ReferenceProcessor::execute queues: 1, RefProcThreadModel::Single, marks_oops_alive: false
[855.448s][debug][gc,ref         ] GC(108) Skipped phase 3 of Reference Processing: no references
[855.448s][debug][gc,ref         ] GC(108) ReferenceProcessor::execute queues: 1, RefProcThreadModel::Single, marks_oops_alive: false
[855.448s][debug][gc,phases      ] GC(108) Reference Processing 0.103ms
[855.448s][debug][gc,phases      ] GC(108)   VM Weak                        Min:  0.0, Avg:  0.0, Max:  0.0, Diff:  0.0, Sum:  0.0, Workers: 4
[855.448s][debug][gc,phases      ] GC(108)     Dead                           Min: 0, Avg:  0.0, Max: 0, Diff: 0, Sum: 0, Workers: 4
[855.448s][debug][gc,phases      ] GC(108)     Total                          Min: 0, Avg: 215.5, Max: 862, Diff: 862, Sum: 862, Workers: 4
[855.448s][debug][gc,phases      ] GC(108)   ObjectSynchronizer Weak        Min:  0.0, Avg:  0.0, Max:  0.0, Diff:  0.0, Sum:  0.0, Workers: 4
[855.448s][debug][gc,phases      ] GC(108)     Dead                           Min: 0, Avg:  0.0, Max: 0, Diff: 0, Sum: 0, Workers: 4
[855.448s][debug][gc,phases      ] GC(108)     Total                          Min: 0, Avg:  1.0, Max: 4, Diff: 4, Sum: 4, Workers: 4
[855.448s][debug][gc,phases      ] GC(108)   JVMTI Tag Weak OopStorage      Min:  0.0, Avg:  0.0, Max:  0.0, Diff:  0.0, Sum:  0.0, Workers: 4
[855.448s][debug][gc,phases      ] GC(108)     Dead                           Min: 0, Avg:  0.0, Max: 0, Diff: 0, Sum: 0, Workers: 4
[855.448s][debug][gc,phases      ] GC(108)     Total                          Min: 0, Avg:  0.0, Max: 0, Diff: 0, Sum: 0, Workers: 4
[855.448s][debug][gc,phases      ] GC(108)   StringTable Weak               Min:  0.0, Avg:  0.1, Max:  0.1, Diff:  0.1, Sum:  0.4, Workers: 4
[855.448s][debug][gc,phases      ] GC(108)     Dead                           Min: 0, Avg:  0.0, Max: 0, Diff: 0, Sum: 0, Workers: 4
[855.448s][debug][gc,phases      ] GC(108)     Total                          Min: 0, Avg: 11149.5, Max: 18166, Diff: 18166, Sum: 44598, Workers: 4
[855.448s][debug][gc,phases      ] GC(108)   ResolvedMethodTable Weak       Min:  0.0, Avg:  0.0, Max:  0.0, Diff:  0.0, Sum:  0.1, Workers: 4
[855.448s][debug][gc,phases      ] GC(108)     Dead                           Min: 0, Avg:  0.0, Max: 0, Diff: 0, Sum: 0, Workers: 4
[855.448s][debug][gc,phases      ] GC(108)     Total                          Min: 0, Avg: 2607.5, Max: 4608, Diff: 4608, Sum: 10430, Workers: 4
[855.448s][debug][gc,phases      ] GC(108)   JNI Weak                       Min:  0.0, Avg:  0.0, Max:  0.0, Diff:  0.0, Sum:  0.0, Workers: 4
[855.448s][debug][gc,phases      ] GC(108)     Dead                           Min: 0, Avg:  0.0, Max: 0, Diff: 0, Sum: 0, Workers: 4
[855.448s][debug][gc,phases      ] GC(108)     Total                          Min: 0, Avg: 11.2, Max: 45, Diff: 45, Sum: 45, Workers: 4
[855.448s][debug][gc,phases      ] GC(108)   StringDedup Table Weak         Min:  0.0, Avg:  0.0, Max:  0.0, Diff:  0.0, Sum:  0.0, Workers: 4
[855.448s][debug][gc,phases      ] GC(108)     Dead                           Min: 0, Avg:  0.0, Max: 0, Diff: 0, Sum: 0, Workers: 4
[855.448s][debug][gc,phases      ] GC(108)     Total                          Min: 0, Avg:  0.0, Max: 0, Diff: 0, Sum: 0, Workers: 4
[855.448s][debug][gc,phases      ] GC(108)   StringDedup Requests0 Weak     Min:  0.0, Avg:  0.0, Max:  0.0, Diff:  0.0, Sum:  0.0, Workers: 4
[855.448s][debug][gc,phases      ] GC(108)     Dead                           Min: 0, Avg:  0.0, Max: 0, Diff: 0, Sum: 0, Workers: 4
[855.448s][debug][gc,phases      ] GC(108)     Total                          Min: 0, Avg:  0.0, Max: 0, Diff: 0, Sum: 0, Workers: 4
[855.448s][debug][gc,phases      ] GC(108)   StringDedup Requests1 Weak     Min:  0.0, Avg:  0.0, Max:  0.0, Diff:  0.0, Sum:  0.0, Workers: 4
[855.448s][debug][gc,phases      ] GC(108)     Dead                           Min: 0, Avg:  0.0, Max: 0, Diff: 0, Sum: 0, Workers: 4
[855.448s][debug][gc,phases      ] GC(108)     Total                          Min: 0, Avg:  0.0, Max: 0, Diff: 0, Sum: 0, Workers: 4
[855.448s][debug][gc,phases      ] GC(108)   Weak JFR Old Object Samples    Min:  0.0, Avg:  0.0, Max:  0.0, Diff:  0.0, Sum:  0.0, Workers: 4
[855.448s][debug][gc,phases      ] GC(108)     Dead                           Min: 0, Avg:  0.0, Max: 0, Diff: 0, Sum: 0, Workers: 4
[855.448s][debug][gc,phases      ] GC(108)     Total                          Min: 0, Avg:  0.0, Max: 0, Diff: 0, Sum: 0, Workers: 4
[855.448s][debug][gc,phases      ] GC(108) Weak Processing 0.341ms
[855.448s][debug][gc,age         ] GC(108) Desired survivor size 7340032 bytes, new threshold 15 (max threshold 15)
[855.448s][info ][gc,heap        ] GC(108) PSYoungGen: 2084852K(2088960K)->4004K(2089984K) Eden: 2080768K(2080768K)->0K(2082304K) From: 4084K(8192K)->4004K(7680K)
[855.448s][info ][gc,heap        ] GC(108) ParOldGen: 363638K(430080K)->363662K(430080K)
[855.448s][info ][gc,metaspace   ] GC(108) Metaspace: 84844K(85888K)->84844K(85888K) NonClass: 72522K(73088K)->72522K(73088K) Class: 12321K(12800K)->12321K(12800K)
[855.448s][info ][gc             ] GC(108) Pause Young (Allocation Failure) 2391M->359M(2461M) 5.473ms
[855.448s][info ][gc,cpu         ] GC(108) User=0.02s Sys=0.00s Real=0.00s
[855.448s][info ][safepoint      ] Safepoint "ParallelGCFailedAllocation", Time since last: 2544330343 ns, Reaching safepoint: 75200 ns, Cleanup: 30300 ns, At safepoint: 5555111 ns, Total: 5660611 ns
[856.448s][info ][safepoint      ] Safepoint "Cleanup", Time since last: 1000075064 ns, Reaching safepoint: 3500 ns, Cleanup: 32700 ns, At safepoint: 2500 ns, Total: 38700 ns
[862.449s][info ][safepoint      ] Safepoint "Cleanup", Time since last: 6000429525 ns, Reaching safepoint: 4700 ns, Cleanup: 36800 ns, At safepoint: 8700 ns, Total: 50200 ns
[865.093s][info ][gc,start       ] GC(109) Pause Young (Allocation Failure)
[865.099s][debug][gc,phases      ] GC(109) Scavenge 5.526ms
[865.099s][debug][gc,ref         ] GC(109) Skipped phase 1 of Reference Processing: no references
[865.099s][debug][gc,ref         ] GC(109) ReferenceProcessor::execute queues: 1, RefProcThreadModel::Single, marks_oops_alive: false
[865.099s][debug][gc,ref         ] GC(109) Skipped phase 3 of Reference Processing: no references
[865.099s][debug][gc,ref         ] GC(109) ReferenceProcessor::execute queues: 1, RefProcThreadModel::Single, marks_oops_alive: false
[865.099s][debug][gc,phases      ] GC(109) Reference Processing 0.101ms
[865.099s][debug][gc,phases      ] GC(109)   VM Weak                        Min:  0.0, Avg:  0.0, Max:  0.0, Diff:  0.0, Sum:  0.0, Workers: 4
[865.099s][debug][gc,phases      ] GC(109)     Dead                           Min: 0, Avg:  0.0, Max: 0, Diff: 0, Sum: 0, Workers: 4
[865.099s][debug][gc,phases      ] GC(109)     Total                          Min: 0, Avg: 215.5, Max: 448, Diff: 448, Sum: 862, Workers: 4
[865.099s][debug][gc,phases      ] GC(109)   ObjectSynchronizer Weak        Min:  0.0, Avg:  0.0, Max:  0.0, Diff:  0.0, Sum:  0.0, Workers: 4
[865.099s][debug][gc,phases      ] GC(109)     Dead                           Min: 0, Avg:  0.0, Max: 0, Diff: 0, Sum: 0, Workers: 4
[865.099s][debug][gc,phases      ] GC(109)     Total                          Min: 0, Avg:  1.0, Max: 4, Diff: 4, Sum: 4, Workers: 4
[865.099s][debug][gc,phases      ] GC(109)   JVMTI Tag Weak OopStorage      Min:  0.0, Avg:  0.0, Max:  0.0, Diff:  0.0, Sum:  0.0, Workers: 4
[865.099s][debug][gc,phases      ] GC(109)     Dead                           Min: 0, Avg:  0.0, Max: 0, Diff: 0, Sum: 0, Workers: 4
[865.099s][debug][gc,phases      ] GC(109)     Total                          Min: 0, Avg:  0.0, Max: 0, Diff: 0, Sum: 0, Workers: 4
[865.099s][debug][gc,phases      ] GC(109)   StringTable Weak               Min:  0.0, Avg:  0.1, Max:  0.1, Diff:  0.1, Sum:  0.4, Workers: 4
[865.099s][debug][gc,phases      ] GC(109)     Dead                           Min: 0, Avg:  0.0, Max: 0, Diff: 0, Sum: 0, Workers: 4
[865.099s][debug][gc,phases      ] GC(109)     Total                          Min: 0, Avg: 11149.5, Max: 18304, Diff: 18304, Sum: 44598, Workers: 4
[865.099s][debug][gc,phases      ] GC(109)   ResolvedMethodTable Weak       Min:  0.0, Avg:  0.0, Max:  0.0, Diff:  0.0, Sum:  0.1, Workers: 4
[865.099s][debug][gc,phases      ] GC(109)     Dead                           Min: 0, Avg:  0.0, Max: 0, Diff: 0, Sum: 0, Workers: 4
[865.099s][debug][gc,phases      ] GC(109)     Total                          Min: 0, Avg: 2607.5, Max: 4670, Diff: 4670, Sum: 10430, Workers: 4
[865.099s][debug][gc,phases      ] GC(109)   JNI Weak                       Min:  0.0, Avg:  0.0, Max:  0.0, Diff:  0.0, Sum:  0.0, Workers: 4
[865.099s][debug][gc,phases      ] GC(109)     Dead                           Min: 0, Avg:  0.0, Max: 0, Diff: 0, Sum: 0, Workers: 4
[865.099s][debug][gc,phases      ] GC(109)     Total                          Min: 0, Avg: 11.2, Max: 45, Diff: 45, Sum: 45, Workers: 4
[865.099s][debug][gc,phases      ] GC(109)   StringDedup Table Weak         Min:  0.0, Avg:  0.0, Max:  0.0, Diff:  0.0, Sum:  0.0, Workers: 4
[865.099s][debug][gc,phases      ] GC(109)     Dead                           Min: 0, Avg:  0.0, Max: 0, Diff: 0, Sum: 0, Workers: 4
[865.099s][debug][gc,phases      ] GC(109)     Total                          Min: 0, Avg:  0.0, Max: 0, Diff: 0, Sum: 0, Workers: 4
[865.099s][debug][gc,phases      ] GC(109)   StringDedup Requests0 Weak     Min:  0.0, Avg:  0.0, Max:  0.0, Diff:  0.0, Sum:  0.0, Workers: 4
[865.099s][debug][gc,phases      ] GC(109)     Dead                           Min: 0, Avg:  0.0, Max: 0, Diff: 0, Sum: 0, Workers: 4
[865.099s][debug][gc,phases      ] GC(109)     Total                          Min: 0, Avg:  0.0, Max: 0, Diff: 0, Sum: 0, Workers: 4
[865.099s][debug][gc,phases      ] GC(109)   StringDedup Requests1 Weak     Min:  0.0, Avg:  0.0, Max:  0.0, Diff:  0.0, Sum:  0.0, Workers: 4
[865.099s][debug][gc,phases      ] GC(109)     Dead                           Min: 0, Avg:  0.0, Max: 0, Diff: 0, Sum: 0, Workers: 4
[865.099s][debug][gc,phases      ] GC(109)     Total                          Min: 0, Avg:  0.0, Max: 0, Diff: 0, Sum: 0, Workers: 4
[865.099s][debug][gc,phases      ] GC(109)   Weak JFR Old Object Samples    Min:  0.0, Avg:  0.0, Max:  0.0, Diff:  0.0, Sum:  0.0, Workers: 4
[865.099s][debug][gc,phases      ] GC(109)     Dead                           Min: 0, Avg:  0.0, Max: 0, Diff: 0, Sum: 0, Workers: 4
[865.099s][debug][gc,phases      ] GC(109)     Total                          Min: 0, Avg:  0.0, Max: 0, Diff: 0, Sum: 0, Workers: 4
[865.099s][debug][gc,phases      ] GC(109) Weak Processing 0.324ms
[865.099s][debug][gc,age         ] GC(109) Desired survivor size 7340032 bytes, new threshold 15 (max threshold 15)
[865.099s][info ][gc,heap        ] GC(109) PSYoungGen: 2086308K(2089984K)->3972K(2089472K) Eden: 2082304K(2082304K)->0K(2082304K) From: 4004K(7680K)->3972K(7168K)
[865.099s][info ][gc,heap        ] GC(109) ParOldGen: 363662K(430080K)->363670K(430080K)
[865.099s][info ][gc,metaspace   ] GC(109) Metaspace: 84856K(85952K)->84856K(85952K) NonClass: 72534K(73152K)->72534K(73152K) Class: 12321K(12800K)->12321K(12800K)
[865.099s][info ][gc             ] GC(109) Pause Young (Allocation Failure) 2392M->359M(2460M) 6.057ms
[865.099s][info ][gc,cpu         ] GC(109) User=0.02s Sys=0.00s Real=0.00s
[865.099s][info ][safepoint      ] Safepoint "ParallelGCFailedAllocation", Time since last: 2644313571 ns, Reaching safepoint: 40000 ns, Cleanup: 30100 ns, At safepoint: 6138210 ns, Total: 6208310 ns
[871.100s][info ][safepoint      ] Safepoint "Cleanup", Time since last: 6000384998 ns, Reaching safepoint: 4400 ns, Cleanup: 44100 ns, At safepoint: 3500 ns, Total: 52000 ns
[874.100s][info ][safepoint      ] Safepoint "Cleanup", Time since last: 3000240976 ns, Reaching safepoint: 3700 ns, Cleanup: 35700 ns, At safepoint: 3000 ns, Total: 42400 ns
[874.593s][info ][gc,start       ] GC(110) Pause Young (Allocation Failure)
[874.597s][debug][gc,phases      ] GC(110) Scavenge 3.939ms
[874.597s][debug][gc,ref         ] GC(110) Skipped phase 1 of Reference Processing: no references
[874.597s][debug][gc,ref         ] GC(110) ReferenceProcessor::execute queues: 1, RefProcThreadModel::Single, marks_oops_alive: false
[874.597s][debug][gc,ref         ] GC(110) Skipped phase 3 of Reference Processing: no references
[874.597s][debug][gc,ref         ] GC(110) ReferenceProcessor::execute queues: 1, RefProcThreadModel::Single, marks_oops_alive: false
[874.597s][debug][gc,phases      ] GC(110) Reference Processing 0.088ms
[874.597s][debug][gc,phases      ] GC(110)   VM Weak                        Min:  0.0, Avg:  0.0, Max:  0.0, Diff:  0.0, Sum:  0.0, Workers: 4
[874.597s][debug][gc,phases      ] GC(110)     Dead                           Min: 0, Avg:  0.0, Max: 0, Diff: 0, Sum: 0, Workers: 4
[874.597s][debug][gc,phases      ] GC(110)     Total                          Min: 0, Avg: 215.5, Max: 448, Diff: 448, Sum: 862, Workers: 4
[874.597s][debug][gc,phases      ] GC(110)   ObjectSynchronizer Weak        Min:  0.0, Avg:  0.0, Max:  0.0, Diff:  0.0, Sum:  0.0, Workers: 4
[874.597s][debug][gc,phases      ] GC(110)     Dead                           Min: 0, Avg:  0.0, Max: 0, Diff: 0, Sum: 0, Workers: 4
[874.597s][debug][gc,phases      ] GC(110)     Total                          Min: 0, Avg:  1.0, Max: 4, Diff: 4, Sum: 4, Workers: 4
[874.597s][debug][gc,phases      ] GC(110)   JVMTI Tag Weak OopStorage      Min:  0.0, Avg:  0.0, Max:  0.0, Diff:  0.0, Sum:  0.0, Workers: 4
[874.597s][debug][gc,phases      ] GC(110)     Dead                           Min: 0, Avg:  0.0, Max: 0, Diff: 0, Sum: 0, Workers: 4
[874.597s][debug][gc,phases      ] GC(110)     Total                          Min: 0, Avg:  0.0, Max: 0, Diff: 0, Sum: 0, Workers: 4
[874.597s][debug][gc,phases      ] GC(110)   StringTable Weak               Min:  0.1, Avg:  0.1, Max:  0.1, Diff:  0.0, Sum:  0.4, Workers: 4
[874.597s][debug][gc,phases      ] GC(110)     Dead                           Min: 0, Avg:  0.0, Max: 0, Diff: 0, Sum: 0, Workers: 4
[874.597s][debug][gc,phases      ] GC(110)     Total                          Min: 10048, Avg: 11149.5, Max: 11584, Diff: 1536, Sum: 44598, Workers: 4
[874.597s][debug][gc,phases      ] GC(110)   ResolvedMethodTable Weak       Min:  0.0, Avg:  0.0, Max:  0.0, Diff:  0.0, Sum:  0.1, Workers: 4
[874.597s][debug][gc,phases      ] GC(110)     Dead                           Min: 0, Avg:  0.0, Max: 0, Diff: 0, Sum: 0, Workers: 4
[874.597s][debug][gc,phases      ] GC(110)     Total                          Min: 2368, Avg: 2607.5, Max: 2816, Diff: 448, Sum: 10430, Workers: 4
[874.597s][debug][gc,phases      ] GC(110)   JNI Weak                       Min:  0.0, Avg:  0.0, Max:  0.0, Diff:  0.0, Sum:  0.0, Workers: 4
[874.597s][debug][gc,phases      ] GC(110)     Dead                           Min: 0, Avg:  0.0, Max: 0, Diff: 0, Sum: 0, Workers: 4
[874.597s][debug][gc,phases      ] GC(110)     Total                          Min: 0, Avg: 11.2, Max: 45, Diff: 45, Sum: 45, Workers: 4
[874.597s][debug][gc,phases      ] GC(110)   StringDedup Table Weak         Min:  0.0, Avg:  0.0, Max:  0.0, Diff:  0.0, Sum:  0.0, Workers: 4
[874.597s][debug][gc,phases      ] GC(110)     Dead                           Min: 0, Avg:  0.0, Max: 0, Diff: 0, Sum: 0, Workers: 4
[874.597s][debug][gc,phases      ] GC(110)     Total                          Min: 0, Avg:  0.0, Max: 0, Diff: 0, Sum: 0, Workers: 4
[874.597s][debug][gc,phases      ] GC(110)   StringDedup Requests0 Weak     Min:  0.0, Avg:  0.0, Max:  0.0, Diff:  0.0, Sum:  0.0, Workers: 4
[874.597s][debug][gc,phases      ] GC(110)     Dead                           Min: 0, Avg:  0.0, Max: 0, Diff: 0, Sum: 0, Workers: 4
[874.597s][debug][gc,phases      ] GC(110)     Total                          Min: 0, Avg:  0.0, Max: 0, Diff: 0, Sum: 0, Workers: 4
[874.597s][debug][gc,phases      ] GC(110)   StringDedup Requests1 Weak     Min:  0.0, Avg:  0.0, Max:  0.0, Diff:  0.0, Sum:  0.0, Workers: 4
[874.597s][debug][gc,phases      ] GC(110)     Dead                           Min: 0, Avg:  0.0, Max: 0, Diff: 0, Sum: 0, Workers: 4
[874.597s][debug][gc,phases      ] GC(110)     Total                          Min: 0, Avg:  0.0, Max: 0, Diff: 0, Sum: 0, Workers: 4
[874.597s][debug][gc,phases      ] GC(110)   Weak JFR Old Object Samples    Min:  0.0, Avg:  0.0, Max:  0.0, Diff:  0.0, Sum:  0.0, Workers: 4
[874.597s][debug][gc,phases      ] GC(110)     Dead                           Min: 0, Avg:  0.0, Max: 0, Diff: 0, Sum: 0, Workers: 4
[874.597s][debug][gc,phases      ] GC(110)     Total                          Min: 0, Avg:  0.0, Max: 0, Diff: 0, Sum: 0, Workers: 4
[874.597s][debug][gc,phases      ] GC(110) Weak Processing 0.339ms
[874.597s][debug][gc,age         ] GC(110) Desired survivor size 7340032 bytes, new threshold 15 (max threshold 15)
[874.597s][info ][gc,heap        ] GC(110) PSYoungGen: 2086276K(2089472K)->3988K(2089984K) Eden: 2082304K(2082304K)->0K(2082816K) From: 3972K(7168K)->3988K(7168K)
[874.597s][info ][gc,heap        ] GC(110) ParOldGen: 363670K(430080K)->363686K(430080K)
[874.597s][info ][gc,metaspace   ] GC(110) Metaspace: 84860K(85952K)->84860K(85952K) NonClass: 72538K(73152K)->72538K(73152K) Class: 12321K(12800K)->12321K(12800K)
[874.597s][info ][gc             ] GC(110) Pause Young (Allocation Failure) 2392M->359M(2461M) 4.469ms
[874.597s][info ][gc,cpu         ] GC(110) User=0.02s Sys=0.00s Real=0.01s
[874.597s][info ][safepoint      ] Safepoint "ParallelGCFailedAllocation", Time since last: 492643783 ns, Reaching safepoint: 78500 ns, Cleanup: 28700 ns, At safepoint: 4539808 ns, Total: 4647008 ns
[878.598s][info ][safepoint      ] Safepoint "Cleanup", Time since last: 4000272571 ns, Reaching safepoint: 3600 ns, Cleanup: 37900 ns, At safepoint: 4600 ns, Total: 46100 ns
[881.598s][info ][safepoint      ] Safepoint "Cleanup", Time since last: 3000189268 ns, Reaching safepoint: 4300 ns, Cleanup: 32900 ns, At safepoint: 2600 ns, Total: 39800 ns
[884.493s][info ][gc,start       ] GC(111) Pause Young (Allocation Failure)
[884.498s][debug][gc,phases      ] GC(111) Scavenge 5.356ms
[884.498s][debug][gc,ref         ] GC(111) Skipped phase 1 of Reference Processing: no references
[884.498s][debug][gc,ref         ] GC(111) ReferenceProcessor::execute queues: 1, RefProcThreadModel::Single, marks_oops_alive: false
[884.498s][debug][gc,ref         ] GC(111) Skipped phase 3 of Reference Processing: no references
[884.498s][debug][gc,ref         ] GC(111) ReferenceProcessor::execute queues: 1, RefProcThreadModel::Single, marks_oops_alive: false
[884.498s][debug][gc,phases      ] GC(111) Reference Processing 0.100ms
[884.499s][debug][gc,phases      ] GC(111)   VM Weak                        Min:  0.0, Avg:  0.0, Max:  0.0, Diff:  0.0, Sum:  0.0, Workers: 4
[884.499s][debug][gc,phases      ] GC(111)     Dead                           Min: 0, Avg:  0.0, Max: 0, Diff: 0, Sum: 0, Workers: 4
[884.499s][debug][gc,phases      ] GC(111)     Total                          Min: 0, Avg: 215.5, Max: 862, Diff: 862, Sum: 862, Workers: 4
[884.499s][debug][gc,phases      ] GC(111)   ObjectSynchronizer Weak        Min:  0.0, Avg:  0.0, Max:  0.0, Diff:  0.0, Sum:  0.0, Workers: 4
[884.499s][debug][gc,phases      ] GC(111)     Dead                           Min: 0, Avg:  0.0, Max: 0, Diff: 0, Sum: 0, Workers: 4
[884.499s][debug][gc,phases      ] GC(111)     Total                          Min: 0, Avg:  1.0, Max: 4, Diff: 4, Sum: 4, Workers: 4
[884.499s][debug][gc,phases      ] GC(111)   JVMTI Tag Weak OopStorage      Min:  0.0, Avg:  0.0, Max:  0.0, Diff:  0.0, Sum:  0.0, Workers: 4
[884.499s][debug][gc,phases      ] GC(111)     Dead                           Min: 0, Avg:  0.0, Max: 0, Diff: 0, Sum: 0, Workers: 4
[884.499s][debug][gc,phases      ] GC(111)     Total                          Min: 0, Avg:  0.0, Max: 0, Diff: 0, Sum: 0, Workers: 4
[884.499s][debug][gc,phases      ] GC(111)   StringTable Weak               Min:  0.0, Avg:  0.1, Max:  0.1, Diff:  0.1, Sum:  0.4, Workers: 4
[884.499s][debug][gc,phases      ] GC(111)     Dead                           Min: 0, Avg:  0.0, Max: 0, Diff: 0, Sum: 0, Workers: 4
[884.499s][debug][gc,phases      ] GC(111)     Total                          Min: 0, Avg: 11149.8, Max: 19008, Diff: 19008, Sum: 44599, Workers: 4
[884.499s][debug][gc,phases      ] GC(111)   ResolvedMethodTable Weak       Min:  0.0, Avg:  0.0, Max:  0.0, Diff:  0.0, Sum:  0.1, Workers: 4
[884.499s][debug][gc,phases      ] GC(111)     Dead                           Min: 0, Avg:  0.0, Max: 0, Diff: 0, Sum: 0, Workers: 4
[884.499s][debug][gc,phases      ] GC(111)     Total                          Min: 0, Avg: 2607.5, Max: 4672, Diff: 4672, Sum: 10430, Workers: 4
[884.499s][debug][gc,phases      ] GC(111)   JNI Weak                       Min:  0.0, Avg:  0.0, Max:  0.0, Diff:  0.0, Sum:  0.0, Workers: 4
[884.499s][debug][gc,phases      ] GC(111)     Dead                           Min: 0, Avg:  0.0, Max: 0, Diff: 0, Sum: 0, Workers: 4
[884.499s][debug][gc,phases      ] GC(111)     Total                          Min: 0, Avg: 11.2, Max: 45, Diff: 45, Sum: 45, Workers: 4
[884.499s][debug][gc,phases      ] GC(111)   StringDedup Table Weak         Min:  0.0, Avg:  0.0, Max:  0.0, Diff:  0.0, Sum:  0.0, Workers: 4
[884.499s][debug][gc,phases      ] GC(111)     Dead                           Min: 0, Avg:  0.0, Max: 0, Diff: 0, Sum: 0, Workers: 4
[884.499s][debug][gc,phases      ] GC(111)     Total                          Min: 0, Avg:  0.0, Max: 0, Diff: 0, Sum: 0, Workers: 4
[884.499s][debug][gc,phases      ] GC(111)   StringDedup Requests0 Weak     Min:  0.0, Avg:  0.0, Max:  0.0, Diff:  0.0, Sum:  0.0, Workers: 4
[884.499s][debug][gc,phases      ] GC(111)     Dead                           Min: 0, Avg:  0.0, Max: 0, Diff: 0, Sum: 0, Workers: 4
[884.499s][debug][gc,phases      ] GC(111)     Total                          Min: 0, Avg:  0.0, Max: 0, Diff: 0, Sum: 0, Workers: 4
[884.499s][debug][gc,phases      ] GC(111)   StringDedup Requests1 Weak     Min:  0.0, Avg:  0.0, Max:  0.0, Diff:  0.0, Sum:  0.0, Workers: 4
[884.499s][debug][gc,phases      ] GC(111)     Dead                           Min: 0, Avg:  0.0, Max: 0, Diff: 0, Sum: 0, Workers: 4
[884.499s][debug][gc,phases      ] GC(111)     Total                          Min: 0, Avg:  0.0, Max: 0, Diff: 0, Sum: 0, Workers: 4
[884.499s][debug][gc,phases      ] GC(111)   Weak JFR Old Object Samples    Min:  0.0, Avg:  0.0, Max:  0.0, Diff:  0.0, Sum:  0.0, Workers: 4
[884.499s][debug][gc,phases      ] GC(111)     Dead                           Min: 0, Avg:  0.0, Max: 0, Diff: 0, Sum: 0, Workers: 4
[884.499s][debug][gc,phases      ] GC(111)     Total                          Min: 0, Avg:  0.0, Max: 0, Diff: 0, Sum: 0, Workers: 4
[884.499s][debug][gc,phases      ] GC(111) Weak Processing 0.319ms
[884.499s][debug][gc,age         ] GC(111) Desired survivor size 6815744 bytes, new threshold 15 (max threshold 15)
[884.499s][info ][gc,heap        ] GC(111) PSYoungGen: 2086804K(2089984K)->4004K(2089984K) Eden: 2082816K(2082816K)->0K(2082816K) From: 3988K(7168K)->4004K(7168K)
[884.499s][info ][gc,heap        ] GC(111) ParOldGen: 363686K(430080K)->363770K(430080K)
[884.499s][info ][gc,metaspace   ] GC(111) Metaspace: 84874K(85952K)->84874K(85952K) NonClass: 72552K(73152K)->72552K(73152K) Class: 12321K(12800K)->12321K(12800K)
[884.499s][info ][gc             ] GC(111) Pause Young (Allocation Failure) 2393M->359M(2461M) 5.871ms
[884.499s][info ][gc,cpu         ] GC(111) User=0.02s Sys=0.00s Real=0.01s
[884.499s][info ][safepoint      ] Safepoint "ParallelGCFailedAllocation", Time since last: 2894927238 ns, Reaching safepoint: 76800 ns, Cleanup: 33000 ns, At safepoint: 5940308 ns, Total: 6050108 ns
[885.499s][info ][safepoint      ] Safepoint "Cleanup", Time since last: 1000084491 ns, Reaching safepoint: 4300 ns, Cleanup: 55900 ns, At safepoint: 15400 ns, Total: 75600 ns
[887.499s][info ][safepoint      ] Safepoint "Cleanup", Time since last: 2000158582 ns, Reaching safepoint: 82800 ns, Cleanup: 31500 ns, At safepoint: 5000 ns, Total: 119300 ns
[888.503s][info ][safepoint      ] Safepoint "Cleanup", Time since last: 1000109595 ns, Reaching safepoint: 3908007 ns, Cleanup: 36500 ns, At safepoint: 13600 ns, Total: 3958107 ns
[889.503s][info ][safepoint      ] Safepoint "Cleanup", Time since last: 1000064219 ns, Reaching safepoint: 75900 ns, Cleanup: 36200 ns, At safepoint: 8100 ns, Total: 120200 ns
[890.504s][info ][safepoint      ] Safepoint "Cleanup", Time since last: 1000101528 ns, Reaching safepoint: 76500 ns, Cleanup: 35200 ns, At safepoint: 6000 ns, Total: 117700 ns
[892.504s][info ][safepoint      ] Safepoint "Cleanup", Time since last: 2000152657 ns, Reaching safepoint: 4200 ns, Cleanup: 51000 ns, At safepoint: 2600 ns, Total: 57800 ns
[894.292s][info ][gc,start       ] GC(112) Pause Young (Allocation Failure)
[894.296s][debug][gc,phases      ] GC(112) Scavenge 3.960ms
[894.296s][debug][gc,ref         ] GC(112) Skipped phase 1 of Reference Processing: no references
[894.296s][debug][gc,ref         ] GC(112) ReferenceProcessor::execute queues: 1, RefProcThreadModel::Single, marks_oops_alive: false
[894.296s][debug][gc,ref         ] GC(112) Skipped phase 3 of Reference Processing: no references
[894.296s][debug][gc,ref         ] GC(112) ReferenceProcessor::execute queues: 1, RefProcThreadModel::Single, marks_oops_alive: false
[894.296s][debug][gc,phases      ] GC(112) Reference Processing 0.092ms
[894.297s][debug][gc,phases      ] GC(112)   VM Weak                        Min:  0.0, Avg:  0.0, Max:  0.0, Diff:  0.0, Sum:  0.0, Workers: 4
[894.297s][debug][gc,phases      ] GC(112)     Dead                           Min: 0, Avg:  0.0, Max: 0, Diff: 0, Sum: 0, Workers: 4
[894.297s][debug][gc,phases      ] GC(112)     Total                          Min: 94, Avg: 215.5, Max: 448, Diff: 354, Sum: 862, Workers: 4
[894.297s][debug][gc,phases      ] GC(112)   ObjectSynchronizer Weak        Min:  0.0, Avg:  0.0, Max:  0.0, Diff:  0.0, Sum:  0.0, Workers: 4
[894.297s][debug][gc,phases      ] GC(112)     Dead                           Min: 0, Avg:  0.0, Max: 0, Diff: 0, Sum: 0, Workers: 4
[894.297s][debug][gc,phases      ] GC(112)     Total                          Min: 0, Avg:  1.0, Max: 4, Diff: 4, Sum: 4, Workers: 4
[894.297s][debug][gc,phases      ] GC(112)   JVMTI Tag Weak OopStorage      Min:  0.0, Avg:  0.0, Max:  0.0, Diff:  0.0, Sum:  0.0, Workers: 4
[894.297s][debug][gc,phases      ] GC(112)     Dead                           Min: 0, Avg:  0.0, Max: 0, Diff: 0, Sum: 0, Workers: 4
[894.297s][debug][gc,phases      ] GC(112)     Total                          Min: 0, Avg:  0.0, Max: 0, Diff: 0, Sum: 0, Workers: 4
[894.297s][debug][gc,phases      ] GC(112)   StringTable Weak               Min:  0.1, Avg:  0.1, Max:  0.1, Diff:  0.0, Sum:  0.4, Workers: 4
[894.297s][debug][gc,phases      ] GC(112)     Dead                           Min: 0, Avg:  0.0, Max: 0, Diff: 0, Sum: 0, Workers: 4
[894.297s][debug][gc,phases      ] GC(112)     Total                          Min: 10944, Avg: 11149.8, Max: 11392, Diff: 448, Sum: 44599, Workers: 4
[894.297s][debug][gc,phases      ] GC(112)   ResolvedMethodTable Weak       Min:  0.0, Avg:  0.0, Max:  0.0, Diff:  0.0, Sum:  0.1, Workers: 4
[894.297s][debug][gc,phases      ] GC(112)     Dead                           Min: 0, Avg:  0.0, Max: 0, Diff: 0, Sum: 0, Workers: 4
[894.297s][debug][gc,phases      ] GC(112)     Total                          Min: 2496, Avg: 2607.5, Max: 2688, Diff: 192, Sum: 10430, Workers: 4
[894.297s][debug][gc,phases      ] GC(112)   JNI Weak                       Min:  0.0, Avg:  0.0, Max:  0.0, Diff:  0.0, Sum:  0.0, Workers: 4
[894.297s][debug][gc,phases      ] GC(112)     Dead                           Min: 0, Avg:  0.0, Max: 0, Diff: 0, Sum: 0, Workers: 4
[894.297s][debug][gc,phases      ] GC(112)     Total                          Min: 0, Avg: 11.2, Max: 45, Diff: 45, Sum: 45, Workers: 4
[894.297s][debug][gc,phases      ] GC(112)   StringDedup Table Weak         Min:  0.0, Avg:  0.0, Max:  0.0, Diff:  0.0, Sum:  0.0, Workers: 4
[894.297s][debug][gc,phases      ] GC(112)     Dead                           Min: 0, Avg:  0.0, Max: 0, Diff: 0, Sum: 0, Workers: 4
[894.297s][debug][gc,phases      ] GC(112)     Total                          Min: 0, Avg:  0.0, Max: 0, Diff: 0, Sum: 0, Workers: 4
[894.297s][debug][gc,phases      ] GC(112)   StringDedup Requests0 Weak     Min:  0.0, Avg:  0.0, Max:  0.0, Diff:  0.0, Sum:  0.0, Workers: 4
[894.297s][debug][gc,phases      ] GC(112)     Dead                           Min: 0, Avg:  0.0, Max: 0, Diff: 0, Sum: 0, Workers: 4
[894.297s][debug][gc,phases      ] GC(112)     Total                          Min: 0, Avg:  0.0, Max: 0, Diff: 0, Sum: 0, Workers: 4
[894.297s][debug][gc,phases      ] GC(112)   StringDedup Requests1 Weak     Min:  0.0, Avg:  0.0, Max:  0.0, Diff:  0.0, Sum:  0.0, Workers: 4
[894.297s][debug][gc,phases      ] GC(112)     Dead                           Min: 0, Avg:  0.0, Max: 0, Diff: 0, Sum: 0, Workers: 4
[894.297s][debug][gc,phases      ] GC(112)     Total                          Min: 0, Avg:  0.0, Max: 0, Diff: 0, Sum: 0, Workers: 4
[894.297s][debug][gc,phases      ] GC(112)   Weak JFR Old Object Samples    Min:  0.0, Avg:  0.0, Max:  0.0, Diff:  0.0, Sum:  0.0, Workers: 4
[894.297s][debug][gc,phases      ] GC(112)     Dead                           Min: 0, Avg:  0.0, Max: 0, Diff: 0, Sum: 0, Workers: 4
[894.297s][debug][gc,phases      ] GC(112)     Total                          Min: 0, Avg:  0.0, Max: 0, Diff: 0, Sum: 0, Workers: 4
[894.297s][debug][gc,phases      ] GC(112) Weak Processing 0.302ms
[894.297s][debug][gc,age         ] GC(112) Desired survivor size 6815744 bytes, new threshold 15 (max threshold 15)
[894.297s][info ][gc,heap        ] GC(112) PSYoungGen: 2086820K(2089984K)->3924K(2090496K) Eden: 2082816K(2082816K)->0K(2083840K) From: 4004K(7168K)->3924K(6656K)
[894.297s][info ][gc,heap        ] GC(112) ParOldGen: 363770K(430080K)->363915K(430080K)
[894.297s][info ][gc,metaspace   ] GC(112) Metaspace: 84889K(85952K)->84889K(85952K) NonClass: 72567K(73152K)->72567K(73152K) Class: 12321K(12800K)->12321K(12800K)
[894.297s][info ][gc             ] GC(112) Pause Young (Allocation Failure) 2393M->359M(2461M) 4.449ms
[894.297s][info ][gc,cpu         ] GC(112) User=0.01s Sys=0.00s Real=0.01s
[894.297s][info ][safepoint      ] Safepoint "ParallelGCFailedAllocation", Time since last: 1788272791 ns, Reaching safepoint: 76500 ns, Cleanup: 34000 ns, At safepoint: 4511308 ns, Total: 4621808 ns
[895.297s][info ][safepoint      ] Safepoint "Cleanup", Time since last: 1000093128 ns, Reaching safepoint: 4900 ns, Cleanup: 67000 ns, At safepoint: 2600 ns, Total: 74500 ns
[899.298s][info ][safepoint      ] Safepoint "Cleanup", Time since last: 4000516789 ns, Reaching safepoint: 4700 ns, Cleanup: 36500 ns, At safepoint: 3300 ns, Total: 44500 ns
[901.260s][info ][safepoint      ] Safepoint "Cleanup", Time since last: 1962466050 ns, Reaching safepoint: 3400 ns, Cleanup: 36400 ns, At safepoint: 2200 ns, Total: 42000 ns
[903.260s][info ][safepoint      ] Safepoint "Cleanup", Time since last: 2000169805 ns, Reaching safepoint: 6100 ns, Cleanup: 44500 ns, At safepoint: 5900 ns, Total: 56500 ns
[904.260s][info ][safepoint      ] Safepoint "Cleanup", Time since last: 1000113753 ns, Reaching safepoint: 3800 ns, Cleanup: 45200 ns, At safepoint: 2200 ns, Total: 51200 ns
[905.939s][info ][gc,start       ] GC(113) Pause Young (Allocation Failure)
[905.944s][debug][gc,phases      ] GC(113) Scavenge 4.505ms
[905.944s][debug][gc,ref         ] GC(113) Skipped phase 1 of Reference Processing: no references
[905.944s][debug][gc,ref         ] GC(113) ReferenceProcessor::execute queues: 1, RefProcThreadModel::Single, marks_oops_alive: false
[905.944s][debug][gc,ref         ] GC(113) Skipped phase 3 of Reference Processing: no references
[905.944s][debug][gc,ref         ] GC(113) ReferenceProcessor::execute queues: 1, RefProcThreadModel::Single, marks_oops_alive: false
[905.944s][debug][gc,phases      ] GC(113) Reference Processing 0.091ms
[905.944s][debug][gc,phases      ] GC(113)   VM Weak                        Min:  0.0, Avg:  0.0, Max:  0.0, Diff:  0.0, Sum:  0.0, Workers: 4
[905.944s][debug][gc,phases      ] GC(113)     Dead                           Min: 0, Avg:  0.0, Max: 0, Diff: 0, Sum: 0, Workers: 4
[905.944s][debug][gc,phases      ] GC(113)     Total                          Min: 0, Avg: 215.5, Max: 512, Diff: 512, Sum: 862, Workers: 4
[905.944s][debug][gc,phases      ] GC(113)   ObjectSynchronizer Weak        Min:  0.0, Avg:  0.0, Max:  0.0, Diff:  0.0, Sum:  0.0, Workers: 4
[905.944s][debug][gc,phases      ] GC(113)     Dead                           Min: 0, Avg:  0.0, Max: 0, Diff: 0, Sum: 0, Workers: 4
[905.944s][debug][gc,phases      ] GC(113)     Total                          Min: 0, Avg:  1.0, Max: 4, Diff: 4, Sum: 4, Workers: 4
[905.944s][debug][gc,phases      ] GC(113)   JVMTI Tag Weak OopStorage      Min:  0.0, Avg:  0.0, Max:  0.0, Diff:  0.0, Sum:  0.0, Workers: 4
[905.944s][debug][gc,phases      ] GC(113)     Dead                           Min: 0, Avg:  0.0, Max: 0, Diff: 0, Sum: 0, Workers: 4
[905.944s][debug][gc,phases      ] GC(113)     Total                          Min: 0, Avg:  0.0, Max: 0, Diff: 0, Sum: 0, Workers: 4
[905.944s][debug][gc,phases      ] GC(113)   StringTable Weak               Min:  0.0, Avg:  0.1, Max:  0.1, Diff:  0.1, Sum:  0.3, Workers: 4
[905.944s][debug][gc,phases      ] GC(113)     Dead                           Min: 0, Avg:  0.0, Max: 0, Diff: 0, Sum: 0, Workers: 4
[905.944s][debug][gc,phases      ] GC(113)     Total                          Min: 0, Avg: 11149.8, Max: 19712, Diff: 19712, Sum: 44599, Workers: 4
[905.944s][debug][gc,phases      ] GC(113)   ResolvedMethodTable Weak       Min:  0.0, Avg:  0.0, Max:  0.0, Diff:  0.0, Sum:  0.1, Workers: 4
[905.944s][debug][gc,phases      ] GC(113)     Dead                           Min: 0, Avg:  0.0, Max: 0, Diff: 0, Sum: 0, Workers: 4
[905.944s][debug][gc,phases      ] GC(113)     Total                          Min: 0, Avg: 2607.5, Max: 4606, Diff: 4606, Sum: 10430, Workers: 4
[905.944s][debug][gc,phases      ] GC(113)   JNI Weak                       Min:  0.0, Avg:  0.0, Max:  0.0, Diff:  0.0, Sum:  0.0, Workers: 4
[905.944s][debug][gc,phases      ] GC(113)     Dead                           Min: 0, Avg:  0.0, Max: 0, Diff: 0, Sum: 0, Workers: 4
[905.944s][debug][gc,phases      ] GC(113)     Total                          Min: 0, Avg: 11.2, Max: 45, Diff: 45, Sum: 45, Workers: 4
[905.944s][debug][gc,phases      ] GC(113)   StringDedup Table Weak         Min:  0.0, Avg:  0.0, Max:  0.0, Diff:  0.0, Sum:  0.0, Workers: 4
[905.944s][debug][gc,phases      ] GC(113)     Dead                           Min: 0, Avg:  0.0, Max: 0, Diff: 0, Sum: 0, Workers: 4
[905.944s][debug][gc,phases      ] GC(113)     Total                          Min: 0, Avg:  0.0, Max: 0, Diff: 0, Sum: 0, Workers: 4
[905.944s][debug][gc,phases      ] GC(113)   StringDedup Requests0 Weak     Min:  0.0, Avg:  0.0, Max:  0.0, Diff:  0.0, Sum:  0.0, Workers: 4
[905.944s][debug][gc,phases      ] GC(113)     Dead                           Min: 0, Avg:  0.0, Max: 0, Diff: 0, Sum: 0, Workers: 4
[905.944s][debug][gc,phases      ] GC(113)     Total                          Min: 0, Avg:  0.0, Max: 0, Diff: 0, Sum: 0, Workers: 4
[905.944s][debug][gc,phases      ] GC(113)   StringDedup Requests1 Weak     Min:  0.0, Avg:  0.0, Max:  0.0, Diff:  0.0, Sum:  0.0, Workers: 4
[905.944s][debug][gc,phases      ] GC(113)     Dead                           Min: 0, Avg:  0.0, Max: 0, Diff: 0, Sum: 0, Workers: 4
[905.944s][debug][gc,phases      ] GC(113)     Total                          Min: 0, Avg:  0.0, Max: 0, Diff: 0, Sum: 0, Workers: 4
[905.944s][debug][gc,phases      ] GC(113)   Weak JFR Old Object Samples    Min:  0.0, Avg:  0.0, Max:  0.0, Diff:  0.0, Sum:  0.0, Workers: 4
[905.944s][debug][gc,phases      ] GC(113)     Dead                           Min: 0, Avg:  0.0, Max: 0, Diff: 0, Sum: 0, Workers: 4
[905.944s][debug][gc,phases      ] GC(113)     Total                          Min: 0, Avg:  0.0, Max: 0, Diff: 0, Sum: 0, Workers: 4
[905.944s][debug][gc,phases      ] GC(113) Weak Processing 0.303ms
[905.944s][debug][gc,age         ] GC(113) Desired survivor size 6815744 bytes, new threshold 15 (max threshold 15)
[905.944s][info ][gc,heap        ] GC(113) PSYoungGen: 2087764K(2090496K)->3588K(2090496K) Eden: 2083840K(2083840K)->0K(2083840K) From: 3924K(6656K)->3588K(6656K)
[905.944s][info ][gc,heap        ] GC(113) ParOldGen: 363915K(430080K)->364059K(430080K)
[905.944s][info ][gc,metaspace   ] GC(113) Metaspace: 84896K(85952K)->84896K(85952K) NonClass: 72574K(73152K)->72574K(73152K) Class: 12321K(12800K)->12321K(12800K)
[905.944s][info ][gc             ] GC(113) Pause Young (Allocation Failure) 2394M->359M(2461M) 4.993ms
[905.944s][info ][gc,cpu         ] GC(113) User=0.02s Sys=0.00s Real=0.01s
[905.944s][info ][safepoint      ] Safepoint "ParallelGCFailedAllocation", Time since last: 1678814908 ns, Reaching safepoint: 4400 ns, Cleanup: 33100 ns, At safepoint: 5078403 ns, Total: 5115903 ns
[906.944s][info ][safepoint      ] Safepoint "Cleanup", Time since last: 1000088487 ns, Reaching safepoint: 5000 ns, Cleanup: 37100 ns, At safepoint: 3300 ns, Total: 45400 ns
[907.945s][info ][safepoint      ] Safepoint "Cleanup", Time since last: 1000101887 ns, Reaching safepoint: 3500 ns, Cleanup: 48000 ns, At safepoint: 7100 ns, Total: 58600 ns
[911.945s][info ][safepoint      ] Safepoint "Cleanup", Time since last: 4000291844 ns, Reaching safepoint: 72700 ns, Cleanup: 40500 ns, At safepoint: 6200 ns, Total: 119400 ns
[912.945s][info ][safepoint      ] Safepoint "Cleanup", Time since last: 1000109198 ns, Reaching safepoint: 4400 ns, Cleanup: 37500 ns, At safepoint: 2300 ns, Total: 44200 ns
[914.945s][info ][safepoint      ] Safepoint "Cleanup", Time since last: 2000165309 ns, Reaching safepoint: 5100 ns, Cleanup: 36100 ns, At safepoint: 2900 ns, Total: 44100 ns
[919.946s][info ][safepoint      ] Safepoint "Cleanup", Time since last: 5000357403 ns, Reaching safepoint: 70600 ns, Cleanup: 34000 ns, At safepoint: 13500 ns, Total: 118100 ns
[920.992s][info ][gc,start       ] GC(114) Pause Young (Allocation Failure)
[920.997s][debug][gc,phases      ] GC(114) Scavenge 4.938ms
[920.997s][debug][gc,ref         ] GC(114) Skipped phase 1 of Reference Processing: no references
[920.997s][debug][gc,ref         ] GC(114) ReferenceProcessor::execute queues: 1, RefProcThreadModel::Single, marks_oops_alive: false
[920.997s][debug][gc,ref         ] GC(114) Skipped phase 3 of Reference Processing: no references
[920.997s][debug][gc,ref         ] GC(114) ReferenceProcessor::execute queues: 1, RefProcThreadModel::Single, marks_oops_alive: false
[920.997s][debug][gc,phases      ] GC(114) Reference Processing 0.103ms
[920.997s][debug][gc,phases      ] GC(114)   VM Weak                        Min:  0.0, Avg:  0.0, Max:  0.0, Diff:  0.0, Sum:  0.0, Workers: 4
[920.997s][debug][gc,phases      ] GC(114)     Dead                           Min: 0, Avg:  0.0, Max: 0, Diff: 0, Sum: 0, Workers: 4
[920.997s][debug][gc,phases      ] GC(114)     Total                          Min: 0, Avg: 215.5, Max: 832, Diff: 832, Sum: 862, Workers: 4
[920.997s][debug][gc,phases      ] GC(114)   ObjectSynchronizer Weak        Min:  0.0, Avg:  0.0, Max:  0.0, Diff:  0.0, Sum:  0.0, Workers: 4
[920.997s][debug][gc,phases      ] GC(114)     Dead                           Min: 0, Avg:  0.0, Max: 0, Diff: 0, Sum: 0, Workers: 4
[920.997s][debug][gc,phases      ] GC(114)     Total                          Min: 0, Avg:  1.0, Max: 4, Diff: 4, Sum: 4, Workers: 4
[920.997s][debug][gc,phases      ] GC(114)   JVMTI Tag Weak OopStorage      Min:  0.0, Avg:  0.0, Max:  0.0, Diff:  0.0, Sum:  0.0, Workers: 4
[920.997s][debug][gc,phases      ] GC(114)     Dead                           Min: 0, Avg:  0.0, Max: 0, Diff: 0, Sum: 0, Workers: 4
[920.997s][debug][gc,phases      ] GC(114)     Total                          Min: 0, Avg:  0.0, Max: 0, Diff: 0, Sum: 0, Workers: 4
[920.997s][debug][gc,phases      ] GC(114)   StringTable Weak               Min:  0.0, Avg:  0.1, Max:  0.1, Diff:  0.1, Sum:  0.4, Workers: 4
[920.997s][debug][gc,phases      ] GC(114)     Dead                           Min: 0, Avg:  0.0, Max: 0, Diff: 0, Sum: 0, Workers: 4
[920.997s][debug][gc,phases      ] GC(114)     Total                          Min: 0, Avg: 11149.8, Max: 18816, Diff: 18816, Sum: 44599, Workers: 4
[920.997s][debug][gc,phases      ] GC(114)   ResolvedMethodTable Weak       Min:  0.0, Avg:  0.0, Max:  0.0, Diff:  0.0, Sum:  0.1, Workers: 4
[920.997s][debug][gc,phases      ] GC(114)     Dead                           Min: 0, Avg:  0.0, Max: 0, Diff: 0, Sum: 0, Workers: 4
[920.997s][debug][gc,phases      ] GC(114)     Total                          Min: 0, Avg: 2607.5, Max: 4480, Diff: 4480, Sum: 10430, Workers: 4
[920.997s][debug][gc,phases      ] GC(114)   JNI Weak                       Min:  0.0, Avg:  0.0, Max:  0.0, Diff:  0.0, Sum:  0.0, Workers: 4
[920.997s][debug][gc,phases      ] GC(114)     Dead                           Min: 0, Avg:  0.0, Max: 0, Diff: 0, Sum: 0, Workers: 4
[920.997s][debug][gc,phases      ] GC(114)     Total                          Min: 0, Avg: 11.2, Max: 45, Diff: 45, Sum: 45, Workers: 4
[920.997s][debug][gc,phases      ] GC(114)   StringDedup Table Weak         Min:  0.0, Avg:  0.0, Max:  0.0, Diff:  0.0, Sum:  0.0, Workers: 4
[920.997s][debug][gc,phases      ] GC(114)     Dead                           Min: 0, Avg:  0.0, Max: 0, Diff: 0, Sum: 0, Workers: 4
[920.997s][debug][gc,phases      ] GC(114)     Total                          Min: 0, Avg:  0.0, Max: 0, Diff: 0, Sum: 0, Workers: 4
[920.997s][debug][gc,phases      ] GC(114)   StringDedup Requests0 Weak     Min:  0.0, Avg:  0.0, Max:  0.0, Diff:  0.0, Sum:  0.0, Workers: 4
[920.997s][debug][gc,phases      ] GC(114)     Dead                           Min: 0, Avg:  0.0, Max: 0, Diff: 0, Sum: 0, Workers: 4
[920.997s][debug][gc,phases      ] GC(114)     Total                          Min: 0, Avg:  0.0, Max: 0, Diff: 0, Sum: 0, Workers: 4
[920.997s][debug][gc,phases      ] GC(114)   StringDedup Requests1 Weak     Min:  0.0, Avg:  0.0, Max:  0.0, Diff:  0.0, Sum:  0.0, Workers: 4
[920.997s][debug][gc,phases      ] GC(114)     Dead                           Min: 0, Avg:  0.0, Max: 0, Diff: 0, Sum: 0, Workers: 4
[920.997s][debug][gc,phases      ] GC(114)     Total                          Min: 0, Avg:  0.0, Max: 0, Diff: 0, Sum: 0, Workers: 4
[920.997s][debug][gc,phases      ] GC(114)   Weak JFR Old Object Samples    Min:  0.0, Avg:  0.0, Max:  0.0, Diff:  0.0, Sum:  0.0, Workers: 4
[920.997s][debug][gc,phases      ] GC(114)     Dead                           Min: 0, Avg:  0.0, Max: 0, Diff: 0, Sum: 0, Workers: 4
[920.997s][debug][gc,phases      ] GC(114)     Total                          Min: 0, Avg:  0.0, Max: 0, Diff: 0, Sum: 0, Workers: 4
[920.997s][debug][gc,phases      ] GC(114) Weak Processing 0.315ms
[920.997s][debug][gc,age         ] GC(114) Desired survivor size 6291456 bytes, new threshold 15 (max threshold 15)
[920.997s][info ][gc,heap        ] GC(114) PSYoungGen: 2087428K(2090496K)->3796K(2091008K) Eden: 2083840K(2083840K)->0K(2084352K) From: 3588K(6656K)->3796K(6656K)
[920.997s][info ][gc,heap        ] GC(114) ParOldGen: 364059K(430080K)->364075K(430080K)
[920.997s][info ][gc,metaspace   ] GC(114) Metaspace: 84907K(85952K)->84907K(85952K) NonClass: 72585K(73152K)->72585K(73152K) Class: 12321K(12800K)->12321K(12800K)
[920.997s][info ][gc             ] GC(114) Pause Young (Allocation Failure) 2394M->359M(2462M) 5.458ms
[920.997s][info ][gc,cpu         ] GC(114) User=0.02s Sys=0.00s Real=0.01s
[920.997s][info ][safepoint      ] Safepoint "ParallelGCFailedAllocation", Time since last: 1045818716 ns, Reaching safepoint: 73500 ns, Cleanup: 20100 ns, At safepoint: 5527609 ns, Total: 5621209 ns
[921.997s][info ][safepoint      ] Safepoint "Cleanup", Time since last: 1000078873 ns, Reaching safepoint: 3700 ns, Cleanup: 32300 ns, At safepoint: 2600 ns, Total: 38600 ns
[926.998s][info ][safepoint      ] Safepoint "Cleanup", Time since last: 5000337740 ns, Reaching safepoint: 3800 ns, Cleanup: 32000 ns, At safepoint: 2700 ns, Total: 38500 ns
[930.542s][info ][gc,start       ] GC(115) Pause Young (Allocation Failure)
[930.546s][debug][gc,phases      ] GC(115) Scavenge 3.870ms
[930.546s][debug][gc,ref         ] GC(115) Skipped phase 1 of Reference Processing: no references
[930.546s][debug][gc,ref         ] GC(115) ReferenceProcessor::execute queues: 1, RefProcThreadModel::Single, marks_oops_alive: false
[930.546s][debug][gc,ref         ] GC(115) Skipped phase 3 of Reference Processing: no references
[930.546s][debug][gc,ref         ] GC(115) ReferenceProcessor::execute queues: 1, RefProcThreadModel::Single, marks_oops_alive: false
[930.546s][debug][gc,phases      ] GC(115) Reference Processing 0.090ms
[930.546s][debug][gc,phases      ] GC(115)   VM Weak                        Min:  0.0, Avg:  0.0, Max:  0.0, Diff:  0.0, Sum:  0.0, Workers: 4
[930.546s][debug][gc,phases      ] GC(115)     Dead                           Min: 0, Avg:  0.0, Max: 0, Diff: 0, Sum: 0, Workers: 4
[930.546s][debug][gc,phases      ] GC(115)     Total                          Min: 0, Avg: 215.5, Max: 576, Diff: 576, Sum: 862, Workers: 4
[930.546s][debug][gc,phases      ] GC(115)   ObjectSynchronizer Weak        Min:  0.0, Avg:  0.0, Max:  0.0, Diff:  0.0, Sum:  0.0, Workers: 4
[930.546s][debug][gc,phases      ] GC(115)     Dead                           Min: 0, Avg:  0.0, Max: 0, Diff: 0, Sum: 0, Workers: 4
[930.546s][debug][gc,phases      ] GC(115)     Total                          Min: 0, Avg:  1.0, Max: 4, Diff: 4, Sum: 4, Workers: 4
[930.546s][debug][gc,phases      ] GC(115)   JVMTI Tag Weak OopStorage      Min:  0.0, Avg:  0.0, Max:  0.0, Diff:  0.0, Sum:  0.0, Workers: 4
[930.546s][debug][gc,phases      ] GC(115)     Dead                           Min: 0, Avg:  0.0, Max: 0, Diff: 0, Sum: 0, Workers: 4
[930.546s][debug][gc,phases      ] GC(115)     Total                          Min: 0, Avg:  0.0, Max: 0, Diff: 0, Sum: 0, Workers: 4
[930.546s][debug][gc,phases      ] GC(115)   StringTable Weak               Min:  0.0, Avg:  0.1, Max:  0.1, Diff:  0.1, Sum:  0.3, Workers: 4
[930.546s][debug][gc,phases      ] GC(115)     Dead                           Min: 0, Avg:  0.0, Max: 0, Diff: 0, Sum: 0, Workers: 4
[930.546s][debug][gc,phases      ] GC(115)     Total                          Min: 0, Avg: 11150.0, Max: 19576, Diff: 19576, Sum: 44600, Workers: 4
[930.546s][debug][gc,phases      ] GC(115)   ResolvedMethodTable Weak       Min:  0.0, Avg:  0.0, Max:  0.0, Diff:  0.0, Sum:  0.1, Workers: 4
[930.546s][debug][gc,phases      ] GC(115)     Dead                           Min: 0, Avg:  0.0, Max: 0, Diff: 0, Sum: 0, Workers: 4
[930.546s][debug][gc,phases      ] GC(115)     Total                          Min: 0, Avg: 2607.5, Max: 4736, Diff: 4736, Sum: 10430, Workers: 4
[930.546s][debug][gc,phases      ] GC(115)   JNI Weak                       Min:  0.0, Avg:  0.0, Max:  0.0, Diff:  0.0, Sum:  0.0, Workers: 4
[930.546s][debug][gc,phases      ] GC(115)     Dead                           Min: 0, Avg:  0.0, Max: 0, Diff: 0, Sum: 0, Workers: 4
[930.546s][debug][gc,phases      ] GC(115)     Total                          Min: 0, Avg: 11.2, Max: 45, Diff: 45, Sum: 45, Workers: 4
[930.546s][debug][gc,phases      ] GC(115)   StringDedup Table Weak         Min:  0.0, Avg:  0.0, Max:  0.0, Diff:  0.0, Sum:  0.0, Workers: 4
[930.546s][debug][gc,phases      ] GC(115)     Dead                           Min: 0, Avg:  0.0, Max: 0, Diff: 0, Sum: 0, Workers: 4
[930.546s][debug][gc,phases      ] GC(115)     Total                          Min: 0, Avg:  0.0, Max: 0, Diff: 0, Sum: 0, Workers: 4
[930.546s][debug][gc,phases      ] GC(115)   StringDedup Requests0 Weak     Min:  0.0, Avg:  0.0, Max:  0.0, Diff:  0.0, Sum:  0.0, Workers: 4
[930.546s][debug][gc,phases      ] GC(115)     Dead                           Min: 0, Avg:  0.0, Max: 0, Diff: 0, Sum: 0, Workers: 4
[930.546s][debug][gc,phases      ] GC(115)     Total                          Min: 0, Avg:  0.0, Max: 0, Diff: 0, Sum: 0, Workers: 4
[930.546s][debug][gc,phases      ] GC(115)   StringDedup Requests1 Weak     Min:  0.0, Avg:  0.0, Max:  0.0, Diff:  0.0, Sum:  0.0, Workers: 4
[930.546s][debug][gc,phases      ] GC(115)     Dead                           Min: 0, Avg:  0.0, Max: 0, Diff: 0, Sum: 0, Workers: 4
[930.546s][debug][gc,phases      ] GC(115)     Total                          Min: 0, Avg:  0.0, Max: 0, Diff: 0, Sum: 0, Workers: 4
[930.546s][debug][gc,phases      ] GC(115)   Weak JFR Old Object Samples    Min:  0.0, Avg:  0.0, Max:  0.0, Diff:  0.0, Sum:  0.0, Workers: 4
[930.546s][debug][gc,phases      ] GC(115)     Dead                           Min: 0, Avg:  0.0, Max: 0, Diff: 0, Sum: 0, Workers: 4
[930.546s][debug][gc,phases      ] GC(115)     Total                          Min: 0, Avg:  0.0, Max: 0, Diff: 0, Sum: 0, Workers: 4
[930.546s][debug][gc,phases      ] GC(115) Weak Processing 0.310ms
[930.546s][debug][gc,age         ] GC(115) Desired survivor size 6291456 bytes, new threshold 15 (max threshold 15)
[930.546s][info ][gc,heap        ] GC(115) PSYoungGen: 2088148K(2091008K)->3860K(2090496K) Eden: 2084352K(2084352K)->0K(2084352K) From: 3796K(6656K)->3860K(6144K)
[930.546s][info ][gc,heap        ] GC(115) ParOldGen: 364075K(430080K)->364099K(430080K)
[930.546s][info ][gc,metaspace   ] GC(115) Metaspace: 84935K(86016K)->84935K(86016K) NonClass: 72613K(73216K)->72613K(73216K) Class: 12321K(12800K)->12321K(12800K)
[930.546s][info ][gc             ] GC(115) Pause Young (Allocation Failure) 2394M->359M(2461M) 4.378ms
[930.546s][info ][gc,cpu         ] GC(115) User=0.02s Sys=0.00s Real=0.00s
[930.547s][info ][safepoint      ] Safepoint "ParallelGCFailedAllocation", Time since last: 3544123351 ns, Reaching safepoint: 73500 ns, Cleanup: 25200 ns, At safepoint: 4445705 ns, Total: 4544405 ns
[937.547s][info ][safepoint      ] Safepoint "Cleanup", Time since last: 7000476474 ns, Reaching safepoint: 3900 ns, Cleanup: 40800 ns, At safepoint: 2100 ns, Total: 46800 ns
[940.192s][info ][gc,start       ] GC(116) Pause Young (Allocation Failure)
[940.196s][debug][gc,phases      ] GC(116) Scavenge 3.790ms
[940.196s][debug][gc,ref         ] GC(116) Skipped phase 1 of Reference Processing: no references
[940.196s][debug][gc,ref         ] GC(116) ReferenceProcessor::execute queues: 1, RefProcThreadModel::Single, marks_oops_alive: false
[940.196s][debug][gc,ref         ] GC(116) ReferenceProcessor::execute queues: 4, RefProcThreadModel::Multi, marks_oops_alive: true
[940.196s][debug][gc,ref         ] GC(116) ReferenceProcessor::execute queues: 1, RefProcThreadModel::Single, marks_oops_alive: false
[940.196s][debug][gc,phases      ] GC(116) Reference Processing 0.160ms
[940.196s][debug][gc,phases      ] GC(116)   VM Weak                        Min:  0.0, Avg:  0.0, Max:  0.0, Diff:  0.0, Sum:  0.0, Workers: 4
[940.196s][debug][gc,phases      ] GC(116)     Dead                           Min: 0, Avg:  0.0, Max: 0, Diff: 0, Sum: 0, Workers: 4
[940.196s][debug][gc,phases      ] GC(116)     Total                          Min: 0, Avg: 215.5, Max: 512, Diff: 512, Sum: 862, Workers: 4
[940.196s][debug][gc,phases      ] GC(116)   ObjectSynchronizer Weak        Min:  0.0, Avg:  0.0, Max:  0.0, Diff:  0.0, Sum:  0.0, Workers: 4
[940.196s][debug][gc,phases      ] GC(116)     Dead                           Min: 0, Avg:  0.0, Max: 0, Diff: 0, Sum: 0, Workers: 4
[940.196s][debug][gc,phases      ] GC(116)     Total                          Min: 0, Avg:  1.0, Max: 4, Diff: 4, Sum: 4, Workers: 4
[940.196s][debug][gc,phases      ] GC(116)   JVMTI Tag Weak OopStorage      Min:  0.0, Avg:  0.0, Max:  0.0, Diff:  0.0, Sum:  0.0, Workers: 4
[940.196s][debug][gc,phases      ] GC(116)     Dead                           Min: 0, Avg:  0.0, Max: 0, Diff: 0, Sum: 0, Workers: 4
[940.196s][debug][gc,phases      ] GC(116)     Total                          Min: 0, Avg:  0.0, Max: 0, Diff: 0, Sum: 0, Workers: 4
[940.196s][debug][gc,phases      ] GC(116)   StringTable Weak               Min:  0.0, Avg:  0.1, Max:  0.1, Diff:  0.1, Sum:  0.3, Workers: 4
[940.196s][debug][gc,phases      ] GC(116)     Dead                           Min: 0, Avg:  0.0, Max: 0, Diff: 0, Sum: 0, Workers: 4
[940.196s][debug][gc,phases      ] GC(116)     Total                          Min: 0, Avg: 11150.0, Max: 19840, Diff: 19840, Sum: 44600, Workers: 4
[940.196s][debug][gc,phases      ] GC(116)   ResolvedMethodTable Weak       Min:  0.0, Avg:  0.0, Max:  0.0, Diff:  0.0, Sum:  0.1, Workers: 4
[940.196s][debug][gc,phases      ] GC(116)     Dead                           Min: 0, Avg:  0.0, Max: 0, Diff: 0, Sum: 0, Workers: 4
[940.196s][debug][gc,phases      ] GC(116)     Total                          Min: 0, Avg: 2607.5, Max: 4670, Diff: 4670, Sum: 10430, Workers: 4
[940.196s][debug][gc,phases      ] GC(116)   JNI Weak                       Min:  0.0, Avg:  0.0, Max:  0.0, Diff:  0.0, Sum:  0.0, Workers: 4
[940.196s][debug][gc,phases      ] GC(116)     Dead                           Min: 0, Avg:  0.0, Max: 0, Diff: 0, Sum: 0, Workers: 4
[940.196s][debug][gc,phases      ] GC(116)     Total                          Min: 0, Avg: 11.2, Max: 45, Diff: 45, Sum: 45, Workers: 4
[940.196s][debug][gc,phases      ] GC(116)   StringDedup Table Weak         Min:  0.0, Avg:  0.0, Max:  0.0, Diff:  0.0, Sum:  0.0, Workers: 4
[940.196s][debug][gc,phases      ] GC(116)     Dead                           Min: 0, Avg:  0.0, Max: 0, Diff: 0, Sum: 0, Workers: 4
[940.196s][debug][gc,phases      ] GC(116)     Total                          Min: 0, Avg:  0.0, Max: 0, Diff: 0, Sum: 0, Workers: 4
[940.196s][debug][gc,phases      ] GC(116)   StringDedup Requests0 Weak     Min:  0.0, Avg:  0.0, Max:  0.0, Diff:  0.0, Sum:  0.0, Workers: 4
[940.196s][debug][gc,phases      ] GC(116)     Dead                           Min: 0, Avg:  0.0, Max: 0, Diff: 0, Sum: 0, Workers: 4
[940.196s][debug][gc,phases      ] GC(116)     Total                          Min: 0, Avg:  0.0, Max: 0, Diff: 0, Sum: 0, Workers: 4
[940.196s][debug][gc,phases      ] GC(116)   StringDedup Requests1 Weak     Min:  0.0, Avg:  0.0, Max:  0.0, Diff:  0.0, Sum:  0.0, Workers: 4
[940.196s][debug][gc,phases      ] GC(116)     Dead                           Min: 0, Avg:  0.0, Max: 0, Diff: 0, Sum: 0, Workers: 4
[940.196s][debug][gc,phases      ] GC(116)     Total                          Min: 0, Avg:  0.0, Max: 0, Diff: 0, Sum: 0, Workers: 4
[940.196s][debug][gc,phases      ] GC(116)   Weak JFR Old Object Samples    Min:  0.0, Avg:  0.0, Max:  0.0, Diff:  0.0, Sum:  0.0, Workers: 4
[940.196s][debug][gc,phases      ] GC(116)     Dead                           Min: 0, Avg:  0.0, Max: 0, Diff: 0, Sum: 0, Workers: 4
[940.196s][debug][gc,phases      ] GC(116)     Total                          Min: 0, Avg:  0.0, Max: 0, Diff: 0, Sum: 0, Workers: 4
[940.196s][debug][gc,phases      ] GC(116) Weak Processing 0.300ms
[940.196s][debug][gc,age         ] GC(116) Desired survivor size 6291456 bytes, new threshold 15 (max threshold 15)
[940.196s][info ][gc,heap        ] GC(116) PSYoungGen: 2088212K(2090496K)->3940K(2091008K) Eden: 2084352K(2084352K)->0K(2084864K) From: 3860K(6144K)->3940K(6144K)
[940.196s][info ][gc,heap        ] GC(116) ParOldGen: 364099K(430080K)->364107K(430080K)
[940.196s][info ][gc,metaspace   ] GC(116) Metaspace: 84937K(86016K)->84937K(86016K) NonClass: 72615K(73216K)->72615K(73216K) Class: 12321K(12800K)->12321K(12800K)
[940.196s][info ][gc             ] GC(116) Pause Young (Allocation Failure) 2394M->359M(2462M) 4.337ms
[940.196s][info ][gc,cpu         ] GC(116) User=0.02s Sys=0.00s Real=0.01s
[940.196s][info ][safepoint      ] Safepoint "ParallelGCFailedAllocation", Time since last: 2644908117 ns, Reaching safepoint: 73600 ns, Cleanup: 18700 ns, At safepoint: 4400606 ns, Total: 4492906 ns
[942.197s][info ][safepoint      ] Safepoint "Cleanup", Time since last: 2000139822 ns, Reaching safepoint: 3900 ns, Cleanup: 32900 ns, At safepoint: 2800 ns, Total: 39600 ns
[951.197s][info ][safepoint      ] Safepoint "Cleanup", Time since last: 9000559393 ns, Reaching safepoint: 3400 ns, Cleanup: 30500 ns, At safepoint: 1900 ns, Total: 35800 ns
[951.342s][info ][gc,start       ] GC(117) Pause Young (Allocation Failure)
[951.346s][debug][gc,phases      ] GC(117) Scavenge 4.880ms
[951.346s][debug][gc,ref         ] GC(117) Skipped phase 1 of Reference Processing: no references
[951.347s][debug][gc,ref         ] GC(117) ReferenceProcessor::execute queues: 1, RefProcThreadModel::Single, marks_oops_alive: false
[951.347s][debug][gc,ref         ] GC(117) Skipped phase 3 of Reference Processing: no references
[951.347s][debug][gc,ref         ] GC(117) ReferenceProcessor::execute queues: 1, RefProcThreadModel::Single, marks_oops_alive: false
[951.347s][debug][gc,phases      ] GC(117) Reference Processing 0.091ms
[951.347s][debug][gc,phases      ] GC(117)   VM Weak                        Min:  0.0, Avg:  0.0, Max:  0.0, Diff:  0.0, Sum:  0.0, Workers: 4
[951.347s][debug][gc,phases      ] GC(117)     Dead                           Min: 0, Avg:  0.0, Max: 0, Diff: 0, Sum: 0, Workers: 4
[951.347s][debug][gc,phases      ] GC(117)     Total                          Min: 0, Avg: 215.5, Max: 640, Diff: 640, Sum: 862, Workers: 4
[951.347s][debug][gc,phases      ] GC(117)   ObjectSynchronizer Weak        Min:  0.0, Avg:  0.0, Max:  0.0, Diff:  0.0, Sum:  0.0, Workers: 4
[951.347s][debug][gc,phases      ] GC(117)     Dead                           Min: 0, Avg:  0.0, Max: 0, Diff: 0, Sum: 0, Workers: 4
[951.347s][debug][gc,phases      ] GC(117)     Total                          Min: 0, Avg:  1.0, Max: 4, Diff: 4, Sum: 4, Workers: 4
[951.347s][debug][gc,phases      ] GC(117)   JVMTI Tag Weak OopStorage      Min:  0.0, Avg:  0.0, Max:  0.0, Diff:  0.0, Sum:  0.0, Workers: 4
[951.347s][debug][gc,phases      ] GC(117)     Dead                           Min: 0, Avg:  0.0, Max: 0, Diff: 0, Sum: 0, Workers: 4
[951.347s][debug][gc,phases      ] GC(117)     Total                          Min: 0, Avg:  0.0, Max: 0, Diff: 0, Sum: 0, Workers: 4
[951.347s][debug][gc,phases      ] GC(117)   StringTable Weak               Min:  0.0, Avg:  0.1, Max:  0.1, Diff:  0.1, Sum:  0.3, Workers: 4
[951.347s][debug][gc,phases      ] GC(117)     Dead                           Min: 0, Avg:  0.0, Max: 0, Diff: 0, Sum: 0, Workers: 4
[951.347s][debug][gc,phases      ] GC(117)     Total                          Min: 0, Avg: 11150.0, Max: 19704, Diff: 19704, Sum: 44600, Workers: 4
[951.347s][debug][gc,phases      ] GC(117)   ResolvedMethodTable Weak       Min:  0.0, Avg:  0.0, Max:  0.0, Diff:  0.0, Sum:  0.1, Workers: 4
[951.347s][debug][gc,phases      ] GC(117)     Dead                           Min: 0, Avg:  0.0, Max: 0, Diff: 0, Sum: 0, Workers: 4
[951.347s][debug][gc,phases      ] GC(117)     Total                          Min: 0, Avg: 2607.5, Max: 4606, Diff: 4606, Sum: 10430, Workers: 4
[951.347s][debug][gc,phases      ] GC(117)   JNI Weak                       Min:  0.0, Avg:  0.0, Max:  0.0, Diff:  0.0, Sum:  0.0, Workers: 4
[951.347s][debug][gc,phases      ] GC(117)     Dead                           Min: 0, Avg:  0.0, Max: 0, Diff: 0, Sum: 0, Workers: 4
[951.347s][debug][gc,phases      ] GC(117)     Total                          Min: 0, Avg: 11.2, Max: 45, Diff: 45, Sum: 45, Workers: 4
[951.347s][debug][gc,phases      ] GC(117)   StringDedup Table Weak         Min:  0.0, Avg:  0.0, Max:  0.0, Diff:  0.0, Sum:  0.0, Workers: 4
[951.347s][debug][gc,phases      ] GC(117)     Dead                           Min: 0, Avg:  0.0, Max: 0, Diff: 0, Sum: 0, Workers: 4
[951.347s][debug][gc,phases      ] GC(117)     Total                          Min: 0, Avg:  0.0, Max: 0, Diff: 0, Sum: 0, Workers: 4
[951.347s][debug][gc,phases      ] GC(117)   StringDedup Requests0 Weak     Min:  0.0, Avg:  0.0, Max:  0.0, Diff:  0.0, Sum:  0.0, Workers: 4
[951.347s][debug][gc,phases      ] GC(117)     Dead                           Min: 0, Avg:  0.0, Max: 0, Diff: 0, Sum: 0, Workers: 4
[951.347s][debug][gc,phases      ] GC(117)     Total                          Min: 0, Avg:  0.0, Max: 0, Diff: 0, Sum: 0, Workers: 4
[951.347s][debug][gc,phases      ] GC(117)   StringDedup Requests1 Weak     Min:  0.0, Avg:  0.0, Max:  0.0, Diff:  0.0, Sum:  0.0, Workers: 4
[951.347s][debug][gc,phases      ] GC(117)     Dead                           Min: 0, Avg:  0.0, Max: 0, Diff: 0, Sum: 0, Workers: 4
[951.347s][debug][gc,phases      ] GC(117)     Total                          Min: 0, Avg:  0.0, Max: 0, Diff: 0, Sum: 0, Workers: 4
[951.347s][debug][gc,phases      ] GC(117)   Weak JFR Old Object Samples    Min:  0.0, Avg:  0.0, Max:  0.0, Diff:  0.0, Sum:  0.0, Workers: 4
[951.347s][debug][gc,phases      ] GC(117)     Dead                           Min: 0, Avg:  0.0, Max: 0, Diff: 0, Sum: 0, Workers: 4
[951.347s][debug][gc,phases      ] GC(117)     Total                          Min: 0, Avg:  0.0, Max: 0, Diff: 0, Sum: 0, Workers: 4
[951.347s][debug][gc,phases      ] GC(117) Weak Processing 0.308ms
[951.347s][debug][gc,age         ] GC(117) Desired survivor size 5767168 bytes, new threshold 15 (max threshold 15)
[951.347s][info ][gc,heap        ] GC(117) PSYoungGen: 2088804K(2091008K)->3828K(2091008K) Eden: 2084864K(2084864K)->0K(2084864K) From: 3940K(6144K)->3828K(6144K)
[951.347s][info ][gc,heap        ] GC(117) ParOldGen: 364107K(430080K)->364123K(430080K)
[951.347s][info ][gc,metaspace   ] GC(117) Metaspace: 84939K(86016K)->84939K(86016K) NonClass: 72617K(73216K)->72617K(73216K) Class: 12321K(12800K)->12321K(12800K)
[951.347s][info ][gc             ] GC(117) Pause Young (Allocation Failure) 2395M->359M(2462M) 5.381ms
[951.347s][info ][gc,cpu         ] GC(117) User=0.01s Sys=0.00s Real=0.00s
[951.347s][info ][safepoint      ] Safepoint "ParallelGCFailedAllocation", Time since last: 144207988 ns, Reaching safepoint: 76100 ns, Cleanup: 21500 ns, At safepoint: 5446607 ns, Total: 5544207 ns
[952.347s][info ][safepoint      ] Safepoint "Cleanup", Time since last: 1000082505 ns, Reaching safepoint: 3600 ns, Cleanup: 35900 ns, At safepoint: 3301 ns, Total: 42801 ns
[955.347s][info ][safepoint      ] Safepoint "Cleanup", Time since last: 3000230272 ns, Reaching safepoint: 3800 ns, Cleanup: 54600 ns, At safepoint: 5500 ns, Total: 63900 ns
[955.868s][info ][safepoint      ] Safepoint "ICBufferFull", Time since last: 520433784 ns, Reaching safepoint: 4200 ns, Cleanup: 518401 ns, At safepoint: 6500 ns, Total: 529101 ns
[956.869s][info ][safepoint      ] Safepoint "Cleanup", Time since last: 1000100624 ns, Reaching safepoint: 4100 ns, Cleanup: 80200 ns, At safepoint: 4400 ns, Total: 88700 ns
[959.869s][info ][safepoint      ] Safepoint "Cleanup", Time since last: 3000223671 ns, Reaching safepoint: 4000 ns, Cleanup: 37800 ns, At safepoint: 2600 ns, Total: 44400 ns
[961.275s][info ][safepoint      ] Safepoint "Cleanup", Time since last: 1406424081 ns, Reaching safepoint: 3800 ns, Cleanup: 40500 ns, At safepoint: 4800 ns, Total: 49100 ns
[962.042s][info ][gc,start       ] GC(118) Pause Young (Allocation Failure)
[962.049s][debug][gc,phases      ] GC(118) Scavenge 6.755ms
[962.049s][debug][gc,ref         ] GC(118) Skipped phase 1 of Reference Processing: no references
[962.049s][debug][gc,ref         ] GC(118) ReferenceProcessor::execute queues: 1, RefProcThreadModel::Single, marks_oops_alive: false
[962.049s][debug][gc,ref         ] GC(118) Skipped phase 3 of Reference Processing: no references
[962.049s][debug][gc,ref         ] GC(118) ReferenceProcessor::execute queues: 1, RefProcThreadModel::Single, marks_oops_alive: false
[962.049s][debug][gc,phases      ] GC(118) Reference Processing 0.096ms
[962.049s][debug][gc,phases      ] GC(118)   VM Weak                        Min:  0.0, Avg:  0.0, Max:  0.0, Diff:  0.0, Sum:  0.0, Workers: 4
[962.049s][debug][gc,phases      ] GC(118)     Dead                           Min: 0, Avg:  0.0, Max: 0, Diff: 0, Sum: 0, Workers: 4
[962.049s][debug][gc,phases      ] GC(118)     Total                          Min: 0, Avg: 216.0, Max: 640, Diff: 640, Sum: 864, Workers: 4
[962.049s][debug][gc,phases      ] GC(118)   ObjectSynchronizer Weak        Min:  0.0, Avg:  0.0, Max:  0.0, Diff:  0.0, Sum:  0.0, Workers: 4
[962.049s][debug][gc,phases      ] GC(118)     Dead                           Min: 0, Avg:  0.0, Max: 0, Diff: 0, Sum: 0, Workers: 4
[962.049s][debug][gc,phases      ] GC(118)     Total                          Min: 0, Avg:  1.0, Max: 4, Diff: 4, Sum: 4, Workers: 4
[962.049s][debug][gc,phases      ] GC(118)   JVMTI Tag Weak OopStorage      Min:  0.0, Avg:  0.0, Max:  0.0, Diff:  0.0, Sum:  0.0, Workers: 4
[962.049s][debug][gc,phases      ] GC(118)     Dead                           Min: 0, Avg:  0.0, Max: 0, Diff: 0, Sum: 0, Workers: 4
[962.049s][debug][gc,phases      ] GC(118)     Total                          Min: 0, Avg:  0.0, Max: 0, Diff: 0, Sum: 0, Workers: 4
[962.049s][debug][gc,phases      ] GC(118)   StringTable Weak               Min:  0.0, Avg:  0.1, Max:  0.1, Diff:  0.1, Sum:  0.3, Workers: 4
[962.049s][debug][gc,phases      ] GC(118)     Dead                           Min: 0, Avg:  0.5, Max: 1, Diff: 1, Sum: 2, Workers: 4
[962.049s][debug][gc,phases      ] GC(118)     Total                          Min: 0, Avg: 11168.8, Max: 19840, Diff: 19840, Sum: 44675, Workers: 4
[962.049s][debug][gc,phases      ] GC(118)   ResolvedMethodTable Weak       Min:  0.0, Avg:  0.0, Max:  0.0, Diff:  0.0, Sum:  0.1, Workers: 4
[962.049s][debug][gc,phases      ] GC(118)     Dead                           Min: 0, Avg:  0.0, Max: 0, Diff: 0, Sum: 0, Workers: 4
[962.049s][debug][gc,phases      ] GC(118)     Total                          Min: 0, Avg: 2619.5, Max: 4590, Diff: 4590, Sum: 10478, Workers: 4
[962.049s][debug][gc,phases      ] GC(118)   JNI Weak                       Min:  0.0, Avg:  0.0, Max:  0.0, Diff:  0.0, Sum:  0.0, Workers: 4
[962.049s][debug][gc,phases      ] GC(118)     Dead                           Min: 0, Avg:  0.0, Max: 0, Diff: 0, Sum: 0, Workers: 4
[962.049s][debug][gc,phases      ] GC(118)     Total                          Min: 0, Avg: 11.2, Max: 45, Diff: 45, Sum: 45, Workers: 4
[962.049s][debug][gc,phases      ] GC(118)   StringDedup Table Weak         Min:  0.0, Avg:  0.0, Max:  0.0, Diff:  0.0, Sum:  0.0, Workers: 4
[962.049s][debug][gc,phases      ] GC(118)     Dead                           Min: 0, Avg:  0.0, Max: 0, Diff: 0, Sum: 0, Workers: 4
[962.049s][debug][gc,phases      ] GC(118)     Total                          Min: 0, Avg:  0.0, Max: 0, Diff: 0, Sum: 0, Workers: 4
[962.049s][debug][gc,phases      ] GC(118)   StringDedup Requests0 Weak     Min:  0.0, Avg:  0.0, Max:  0.0, Diff:  0.0, Sum:  0.0, Workers: 4
[962.049s][debug][gc,phases      ] GC(118)     Dead                           Min: 0, Avg:  0.0, Max: 0, Diff: 0, Sum: 0, Workers: 4
[962.049s][debug][gc,phases      ] GC(118)     Total                          Min: 0, Avg:  0.0, Max: 0, Diff: 0, Sum: 0, Workers: 4
[962.049s][debug][gc,phases      ] GC(118)   StringDedup Requests1 Weak     Min:  0.0, Avg:  0.0, Max:  0.0, Diff:  0.0, Sum:  0.0, Workers: 4
[962.049s][debug][gc,phases      ] GC(118)     Dead                           Min: 0, Avg:  0.0, Max: 0, Diff: 0, Sum: 0, Workers: 4
[962.049s][debug][gc,phases      ] GC(118)     Total                          Min: 0, Avg:  0.0, Max: 0, Diff: 0, Sum: 0, Workers: 4
[962.049s][debug][gc,phases      ] GC(118)   Weak JFR Old Object Samples    Min:  0.0, Avg:  0.0, Max:  0.0, Diff:  0.0, Sum:  0.0, Workers: 4
[962.049s][debug][gc,phases      ] GC(118)     Dead                           Min: 0, Avg:  0.0, Max: 0, Diff: 0, Sum: 0, Workers: 4
[962.049s][debug][gc,phases      ] GC(118)     Total                          Min: 0, Avg:  0.0, Max: 0, Diff: 0, Sum: 0, Workers: 4
[962.049s][debug][gc,phases      ] GC(118) Weak Processing 0.305ms
[962.049s][debug][gc,age         ] GC(118) Desired survivor size 7864320 bytes, new threshold 14 (max threshold 15)
[962.050s][info ][gc,heap        ] GC(118) PSYoungGen: 2088692K(2091008K)->5618K(2087424K) Eden: 2084864K(2084864K)->0K(2081792K) From: 3828K(6144K)->5618K(5632K)
[962.050s][info ][gc,heap        ] GC(118) ParOldGen: 364123K(430080K)->368160K(430080K)
[962.050s][info ][gc,metaspace   ] GC(118) Metaspace: 85095K(86080K)->85095K(86080K) NonClass: 72752K(73280K)->72752K(73280K) Class: 12343K(12800K)->12343K(12800K)
[962.050s][info ][gc             ] GC(118) Pause Young (Allocation Failure) 2395M->365M(2458M) 7.270ms
[962.050s][info ][gc,cpu         ] GC(118) User=0.02s Sys=0.01s Real=0.00s
[962.050s][info ][safepoint      ] Safepoint "ParallelGCFailedAllocation", Time since last: 766914731 ns, Reaching safepoint: 5100 ns, Cleanup: 35300 ns, At safepoint: 7340713 ns, Total: 7381113 ns
[969.050s][info ][safepoint      ] Safepoint "Cleanup", Time since last: 7000464402 ns, Reaching safepoint: 3500 ns, Cleanup: 53600 ns, At safepoint: 2200 ns, Total: 59300 ns
[970.050s][info ][safepoint      ] Safepoint "Cleanup", Time since last: 1000096842 ns, Reaching safepoint: 3400 ns, Cleanup: 34800 ns, At safepoint: 2400 ns, Total: 40600 ns
[971.990s][info ][gc,start       ] GC(119) Pause Young (Allocation Failure)
[971.999s][debug][gc,phases      ] GC(119) Scavenge 9.193ms
[972.000s][debug][gc,ref         ] GC(119) Skipped phase 1 of Reference Processing: no references
[972.000s][debug][gc,ref         ] GC(119) ReferenceProcessor::execute queues: 1, RefProcThreadModel::Single, marks_oops_alive: false
[972.000s][debug][gc,ref         ] GC(119) Skipped phase 3 of Reference Processing: no references
[972.000s][debug][gc,ref         ] GC(119) ReferenceProcessor::execute queues: 1, RefProcThreadModel::Single, marks_oops_alive: false
[972.000s][debug][gc,phases      ] GC(119) Reference Processing 0.095ms
[972.000s][debug][gc,phases      ] GC(119)   VM Weak                        Min:  0.0, Avg:  0.0, Max:  0.0, Diff:  0.0, Sum:  0.0, Workers: 4
[972.000s][debug][gc,phases      ] GC(119)     Dead                           Min: 0, Avg:  0.0, Max: 0, Diff: 0, Sum: 0, Workers: 4
[972.000s][debug][gc,phases      ] GC(119)     Total                          Min: 0, Avg: 216.0, Max: 800, Diff: 800, Sum: 864, Workers: 4
[972.000s][debug][gc,phases      ] GC(119)   ObjectSynchronizer Weak        Min:  0.0, Avg:  0.0, Max:  0.0, Diff:  0.0, Sum:  0.0, Workers: 4
[972.000s][debug][gc,phases      ] GC(119)     Dead                           Min: 0, Avg:  0.0, Max: 0, Diff: 0, Sum: 0, Workers: 4
[972.000s][debug][gc,phases      ] GC(119)     Total                          Min: 0, Avg:  1.0, Max: 4, Diff: 4, Sum: 4, Workers: 4
[972.000s][debug][gc,phases      ] GC(119)   JVMTI Tag Weak OopStorage      Min:  0.0, Avg:  0.0, Max:  0.0, Diff:  0.0, Sum:  0.0, Workers: 4
[972.000s][debug][gc,phases      ] GC(119)     Dead                           Min: 0, Avg:  0.0, Max: 0, Diff: 0, Sum: 0, Workers: 4
[972.000s][debug][gc,phases      ] GC(119)     Total                          Min: 0, Avg:  0.0, Max: 0, Diff: 0, Sum: 0, Workers: 4
[972.000s][debug][gc,phases      ] GC(119)   StringTable Weak               Min:  0.0, Avg:  0.1, Max:  0.1, Diff:  0.1, Sum:  0.3, Workers: 4
[972.000s][debug][gc,phases      ] GC(119)     Dead                           Min: 0, Avg:  0.0, Max: 0, Diff: 0, Sum: 0, Workers: 4
[972.000s][debug][gc,phases      ] GC(119)     Total                          Min: 0, Avg: 11171.0, Max: 18828, Diff: 18828, Sum: 44684, Workers: 4
[972.000s][debug][gc,phases      ] GC(119)   ResolvedMethodTable Weak       Min:  0.0, Avg:  0.0, Max:  0.0, Diff:  0.0, Sum:  0.1, Workers: 4
[972.000s][debug][gc,phases      ] GC(119)     Dead                           Min: 0, Avg:  0.0, Max: 0, Diff: 0, Sum: 0, Workers: 4
[972.000s][debug][gc,phases      ] GC(119)     Total                          Min: 0, Avg: 2619.5, Max: 4544, Diff: 4544, Sum: 10478, Workers: 4
[972.000s][debug][gc,phases      ] GC(119)   JNI Weak                       Min:  0.0, Avg:  0.0, Max:  0.0, Diff:  0.0, Sum:  0.0, Workers: 4
[972.000s][debug][gc,phases      ] GC(119)     Dead                           Min: 0, Avg:  0.0, Max: 0, Diff: 0, Sum: 0, Workers: 4
[972.000s][debug][gc,phases      ] GC(119)     Total                          Min: 0, Avg: 11.2, Max: 45, Diff: 45, Sum: 45, Workers: 4
[972.000s][debug][gc,phases      ] GC(119)   StringDedup Table Weak         Min:  0.0, Avg:  0.0, Max:  0.0, Diff:  0.0, Sum:  0.0, Workers: 4
[972.000s][debug][gc,phases      ] GC(119)     Dead                           Min: 0, Avg:  0.0, Max: 0, Diff: 0, Sum: 0, Workers: 4
[972.000s][debug][gc,phases      ] GC(119)     Total                          Min: 0, Avg:  0.0, Max: 0, Diff: 0, Sum: 0, Workers: 4
[972.000s][debug][gc,phases      ] GC(119)   StringDedup Requests0 Weak     Min:  0.0, Avg:  0.0, Max:  0.0, Diff:  0.0, Sum:  0.0, Workers: 4
[972.000s][debug][gc,phases      ] GC(119)     Dead                           Min: 0, Avg:  0.0, Max: 0, Diff: 0, Sum: 0, Workers: 4
[972.000s][debug][gc,phases      ] GC(119)     Total                          Min: 0, Avg:  0.0, Max: 0, Diff: 0, Sum: 0, Workers: 4
[972.000s][debug][gc,phases      ] GC(119)   StringDedup Requests1 Weak     Min:  0.0, Avg:  0.0, Max:  0.0, Diff:  0.0, Sum:  0.0, Workers: 4
[972.000s][debug][gc,phases      ] GC(119)     Dead                           Min: 0, Avg:  0.0, Max: 0, Diff: 0, Sum: 0, Workers: 4
[972.000s][debug][gc,phases      ] GC(119)     Total                          Min: 0, Avg:  0.0, Max: 0, Diff: 0, Sum: 0, Workers: 4
[972.000s][debug][gc,phases      ] GC(119)   Weak JFR Old Object Samples    Min:  0.0, Avg:  0.0, Max:  0.0, Diff:  0.0, Sum:  0.0, Workers: 4
[972.000s][debug][gc,phases      ] GC(119)     Dead                           Min: 0, Avg:  0.0, Max: 0, Diff: 0, Sum: 0, Workers: 4
[972.000s][debug][gc,phases      ] GC(119)     Total                          Min: 0, Avg:  0.0, Max: 0, Diff: 0, Sum: 0, Workers: 4
[972.000s][debug][gc,phases      ] GC(119) Weak Processing 0.307ms
[972.000s][debug][gc,age         ] GC(119) Desired survivor size 11534336 bytes, new threshold 13 (max threshold 15)
[972.000s][info ][gc,heap        ] GC(119) PSYoungGen: 2087410K(2087424K)->7653K(2089472K) Eden: 2081792K(2081792K)->0K(2081792K) From: 5618K(5632K)->7653K(7680K)
[972.000s][info ][gc,heap        ] GC(119) ParOldGen: 368160K(430080K)->375948K(430080K)
[972.000s][info ][gc,metaspace   ] GC(119) Metaspace: 85113K(86080K)->85113K(86080K) NonClass: 72770K(73280K)->72770K(73280K) Class: 12343K(12800K)->12343K(12800K)
[972.000s][info ][gc             ] GC(119) Pause Young (Allocation Failure) 2398M->374M(2460M) 9.705ms
[972.000s][info ][gc,cpu         ] GC(119) User=0.03s Sys=0.01s Real=0.01s
[972.000s][info ][safepoint      ] Safepoint "ParallelGCFailedAllocation", Time since last: 1939942786 ns, Reaching safepoint: 3200 ns, Cleanup: 41000 ns, At safepoint: 9777324 ns, Total: 9821524 ns
[975.000s][info ][safepoint      ] Safepoint "Cleanup", Time since last: 3000212408 ns, Reaching safepoint: 3800 ns, Cleanup: 35700 ns, At safepoint: 2700 ns, Total: 42200 ns
[980.001s][info ][safepoint      ] Safepoint "Cleanup", Time since last: 5000340447 ns, Reaching safepoint: 4600 ns, Cleanup: 30100 ns, At safepoint: 14000 ns, Total: 48700 ns
[982.001s][info ][safepoint      ] Safepoint "Cleanup", Time since last: 2000164130 ns, Reaching safepoint: 3700 ns, Cleanup: 30900 ns, At safepoint: 3400 ns, Total: 38000 ns
[982.887s][info ][gc,start       ] GC(120) Pause Young (Allocation Failure)
[982.892s][debug][gc,phases      ] GC(120) Scavenge 4.882ms
[982.892s][debug][gc,ref         ] GC(120) Skipped phase 1 of Reference Processing: no references
[982.892s][debug][gc,ref         ] GC(120) ReferenceProcessor::execute queues: 1, RefProcThreadModel::Single, marks_oops_alive: false
[982.892s][debug][gc,ref         ] GC(120) Skipped phase 3 of Reference Processing: no references
[982.892s][debug][gc,ref         ] GC(120) ReferenceProcessor::execute queues: 1, RefProcThreadModel::Single, marks_oops_alive: false
[982.892s][debug][gc,phases      ] GC(120) Reference Processing 0.092ms
[982.892s][debug][gc,phases      ] GC(120)   VM Weak                        Min:  0.0, Avg:  0.0, Max:  0.0, Diff:  0.0, Sum:  0.0, Workers: 4
[982.892s][debug][gc,phases      ] GC(120)     Dead                           Min: 0, Avg:  0.0, Max: 0, Diff: 0, Sum: 0, Workers: 4
[982.892s][debug][gc,phases      ] GC(120)     Total                          Min: 0, Avg: 216.0, Max: 800, Diff: 800, Sum: 864, Workers: 4
[982.892s][debug][gc,phases      ] GC(120)   ObjectSynchronizer Weak        Min:  0.0, Avg:  0.0, Max:  0.0, Diff:  0.0, Sum:  0.0, Workers: 4
[982.892s][debug][gc,phases      ] GC(120)     Dead                           Min: 0, Avg:  0.0, Max: 0, Diff: 0, Sum: 0, Workers: 4
[982.892s][debug][gc,phases      ] GC(120)     Total                          Min: 0, Avg:  1.0, Max: 4, Diff: 4, Sum: 4, Workers: 4
[982.892s][debug][gc,phases      ] GC(120)   JVMTI Tag Weak OopStorage      Min:  0.0, Avg:  0.0, Max:  0.0, Diff:  0.0, Sum:  0.0, Workers: 4
[982.892s][debug][gc,phases      ] GC(120)     Dead                           Min: 0, Avg:  0.0, Max: 0, Diff: 0, Sum: 0, Workers: 4
[982.892s][debug][gc,phases      ] GC(120)     Total                          Min: 0, Avg:  0.0, Max: 0, Diff: 0, Sum: 0, Workers: 4
[982.892s][debug][gc,phases      ] GC(120)   StringTable Weak               Min:  0.0, Avg:  0.1, Max:  0.1, Diff:  0.1, Sum:  0.4, Workers: 4
[982.892s][debug][gc,phases      ] GC(120)     Dead                           Min: 0, Avg:  0.0, Max: 0, Diff: 0, Sum: 0, Workers: 4
[982.892s][debug][gc,phases      ] GC(120)     Total                          Min: 0, Avg: 11171.0, Max: 17280, Diff: 17280, Sum: 44684, Workers: 4
[982.892s][debug][gc,phases      ] GC(120)   ResolvedMethodTable Weak       Min:  0.0, Avg:  0.0, Max:  0.0, Diff:  0.0, Sum:  0.1, Workers: 4
[982.892s][debug][gc,phases      ] GC(120)     Dead                           Min: 0, Avg:  0.0, Max: 0, Diff: 0, Sum: 0, Workers: 4
[982.892s][debug][gc,phases      ] GC(120)     Total                          Min: 0, Avg: 2619.5, Max: 4462, Diff: 4462, Sum: 10478, Workers: 4
[982.892s][debug][gc,phases      ] GC(120)   JNI Weak                       Min:  0.0, Avg:  0.0, Max:  0.0, Diff:  0.0, Sum:  0.0, Workers: 4
[982.892s][debug][gc,phases      ] GC(120)     Dead                           Min: 0, Avg:  0.0, Max: 0, Diff: 0, Sum: 0, Workers: 4
[982.892s][debug][gc,phases      ] GC(120)     Total                          Min: 0, Avg: 11.2, Max: 45, Diff: 45, Sum: 45, Workers: 4
[982.892s][debug][gc,phases      ] GC(120)   StringDedup Table Weak         Min:  0.0, Avg:  0.0, Max:  0.0, Diff:  0.0, Sum:  0.0, Workers: 4
[982.892s][debug][gc,phases      ] GC(120)     Dead                           Min: 0, Avg:  0.0, Max: 0, Diff: 0, Sum: 0, Workers: 4
[982.892s][debug][gc,phases      ] GC(120)     Total                          Min: 0, Avg:  0.0, Max: 0, Diff: 0, Sum: 0, Workers: 4
[982.892s][debug][gc,phases      ] GC(120)   StringDedup Requests0 Weak     Min:  0.0, Avg:  0.0, Max:  0.0, Diff:  0.0, Sum:  0.0, Workers: 4
[982.892s][debug][gc,phases      ] GC(120)     Dead                           Min: 0, Avg:  0.0, Max: 0, Diff: 0, Sum: 0, Workers: 4
[982.892s][debug][gc,phases      ] GC(120)     Total                          Min: 0, Avg:  0.0, Max: 0, Diff: 0, Sum: 0, Workers: 4
[982.892s][debug][gc,phases      ] GC(120)   StringDedup Requests1 Weak     Min:  0.0, Avg:  0.0, Max:  0.0, Diff:  0.0, Sum:  0.0, Workers: 4
[982.892s][debug][gc,phases      ] GC(120)     Dead                           Min: 0, Avg:  0.0, Max: 0, Diff: 0, Sum: 0, Workers: 4
[982.892s][debug][gc,phases      ] GC(120)     Total                          Min: 0, Avg:  0.0, Max: 0, Diff: 0, Sum: 0, Workers: 4
[982.892s][debug][gc,phases      ] GC(120)   Weak JFR Old Object Samples    Min:  0.0, Avg:  0.0, Max:  0.0, Diff:  0.0, Sum:  0.0, Workers: 4
[982.892s][debug][gc,phases      ] GC(120)     Dead                           Min: 0, Avg:  0.0, Max: 0, Diff: 0, Sum: 0, Workers: 4
[982.892s][debug][gc,phases      ] GC(120)     Total                          Min: 0, Avg:  0.0, Max: 0, Diff: 0, Sum: 0, Workers: 4
[982.892s][debug][gc,phases      ] GC(120) Weak Processing 0.320ms
[982.892s][debug][gc,age         ] GC(120) Desired survivor size 11534336 bytes, new threshold 14 (max threshold 15)
[982.892s][info ][gc,heap        ] GC(120) PSYoungGen: 2089445K(2089472K)->4261K(2082304K) Eden: 2081792K(2081792K)->0K(2074624K) From: 7653K(7680K)->4261K(7680K)
[982.892s][info ][gc,heap        ] GC(120) ParOldGen: 375948K(430080K)->380060K(430080K)
[982.892s][info ][gc,metaspace   ] GC(120) Metaspace: 85117K(86080K)->85117K(86080K) NonClass: 72774K(73280K)->72774K(73280K) Class: 12343K(12800K)->12343K(12800K)
[982.892s][info ][gc             ] GC(120) Pause Young (Allocation Failure) 2407M->375M(2453M) 5.399ms
[982.892s][info ][gc,cpu         ] GC(120) User=0.01s Sys=0.00s Real=0.00s
[982.892s][info ][safepoint      ] Safepoint "ParallelGCFailedAllocation", Time since last: 885886453 ns, Reaching safepoint: 4000 ns, Cleanup: 38900 ns, At safepoint: 5468907 ns, Total: 5511807 ns
[993.792s][info ][gc,start       ] GC(121) Pause Young (Allocation Failure)
[993.796s][debug][gc,phases      ] GC(121) Scavenge 4.008ms
[993.796s][debug][gc,ref         ] GC(121) Skipped phase 1 of Reference Processing: no references
[993.796s][debug][gc,ref         ] GC(121) ReferenceProcessor::execute queues: 1, RefProcThreadModel::Single, marks_oops_alive: false
[993.796s][debug][gc,ref         ] GC(121) Skipped phase 3 of Reference Processing: no references
[993.796s][debug][gc,ref         ] GC(121) ReferenceProcessor::execute queues: 1, RefProcThreadModel::Single, marks_oops_alive: false
[993.796s][debug][gc,phases      ] GC(121) Reference Processing 0.097ms
[993.796s][debug][gc,phases      ] GC(121)   VM Weak                        Min:  0.0, Avg:  0.0, Max:  0.0, Diff:  0.0, Sum:  0.0, Workers: 4
[993.796s][debug][gc,phases      ] GC(121)     Dead                           Min: 0, Avg:  0.0, Max: 0, Diff: 0, Sum: 0, Workers: 4
[993.796s][debug][gc,phases      ] GC(121)     Total                          Min: 0, Avg: 216.0, Max: 832, Diff: 832, Sum: 864, Workers: 4
[993.796s][debug][gc,phases      ] GC(121)   ObjectSynchronizer Weak        Min:  0.0, Avg:  0.0, Max:  0.0, Diff:  0.0, Sum:  0.0, Workers: 4
[993.796s][debug][gc,phases      ] GC(121)     Dead                           Min: 0, Avg:  0.0, Max: 0, Diff: 0, Sum: 0, Workers: 4
[993.796s][debug][gc,phases      ] GC(121)     Total                          Min: 0, Avg:  1.0, Max: 4, Diff: 4, Sum: 4, Workers: 4
[993.796s][debug][gc,phases      ] GC(121)   JVMTI Tag Weak OopStorage      Min:  0.0, Avg:  0.0, Max:  0.0, Diff:  0.0, Sum:  0.0, Workers: 4
[993.796s][debug][gc,phases      ] GC(121)     Dead                           Min: 0, Avg:  0.0, Max: 0, Diff: 0, Sum: 0, Workers: 4
[993.796s][debug][gc,phases      ] GC(121)     Total                          Min: 0, Avg:  0.0, Max: 0, Diff: 0, Sum: 0, Workers: 4
[993.796s][debug][gc,phases      ] GC(121)   StringTable Weak               Min:  0.0, Avg:  0.1, Max:  0.1, Diff:  0.1, Sum:  0.4, Workers: 4
[993.796s][debug][gc,phases      ] GC(121)     Dead                           Min: 0, Avg:  0.0, Max: 0, Diff: 0, Sum: 0, Workers: 4
[993.796s][debug][gc,phases      ] GC(121)     Total                          Min: 0, Avg: 11171.0, Max: 17868, Diff: 17868, Sum: 44684, Workers: 4
[993.796s][debug][gc,phases      ] GC(121)   ResolvedMethodTable Weak       Min:  0.0, Avg:  0.0, Max:  0.0, Diff:  0.0, Sum:  0.1, Workers: 4
[993.796s][debug][gc,phases      ] GC(121)     Dead                           Min: 0, Avg:  0.0, Max: 0, Diff: 0, Sum: 0, Workers: 4
[993.796s][debug][gc,phases      ] GC(121)     Total                          Min: 0, Avg: 2619.5, Max: 4544, Diff: 4544, Sum: 10478, Workers: 4
[993.796s][debug][gc,phases      ] GC(121)   JNI Weak                       Min:  0.0, Avg:  0.0, Max:  0.0, Diff:  0.0, Sum:  0.0, Workers: 4
[993.796s][debug][gc,phases      ] GC(121)     Dead                           Min: 0, Avg:  0.0, Max: 0, Diff: 0, Sum: 0, Workers: 4
[993.796s][debug][gc,phases      ] GC(121)     Total                          Min: 0, Avg: 11.2, Max: 45, Diff: 45, Sum: 45, Workers: 4
[993.796s][debug][gc,phases      ] GC(121)   StringDedup Table Weak         Min:  0.0, Avg:  0.0, Max:  0.0, Diff:  0.0, Sum:  0.0, Workers: 4
[993.796s][debug][gc,phases      ] GC(121)     Dead                           Min: 0, Avg:  0.0, Max: 0, Diff: 0, Sum: 0, Workers: 4
[993.796s][debug][gc,phases      ] GC(121)     Total                          Min: 0, Avg:  0.0, Max: 0, Diff: 0, Sum: 0, Workers: 4
[993.796s][debug][gc,phases      ] GC(121)   StringDedup Requests0 Weak     Min:  0.0, Avg:  0.0, Max:  0.0, Diff:  0.0, Sum:  0.0, Workers: 4
[993.796s][debug][gc,phases      ] GC(121)     Dead                           Min: 0, Avg:  0.0, Max: 0, Diff: 0, Sum: 0, Workers: 4
[993.796s][debug][gc,phases      ] GC(121)     Total                          Min: 0, Avg:  0.0, Max: 0, Diff: 0, Sum: 0, Workers: 4
[993.796s][debug][gc,phases      ] GC(121)   StringDedup Requests1 Weak     Min:  0.0, Avg:  0.0, Max:  0.0, Diff:  0.0, Sum:  0.0, Workers: 4
[993.796s][debug][gc,phases      ] GC(121)     Dead                           Min: 0, Avg:  0.0, Max: 0, Diff: 0, Sum: 0, Workers: 4
[993.796s][debug][gc,phases      ] GC(121)     Total                          Min: 0, Avg:  0.0, Max: 0, Diff: 0, Sum: 0, Workers: 4
[993.796s][debug][gc,phases      ] GC(121)   Weak JFR Old Object Samples    Min:  0.0, Avg:  0.0, Max:  0.0, Diff:  0.0, Sum:  0.0, Workers: 4
[993.796s][debug][gc,phases      ] GC(121)     Dead                           Min: 0, Avg:  0.0, Max: 0, Diff: 0, Sum: 0, Workers: 4
[993.796s][debug][gc,phases      ] GC(121)     Total                          Min: 0, Avg:  0.0, Max: 0, Diff: 0, Sum: 0, Workers: 4
[993.796s][debug][gc,phases      ] GC(121) Weak Processing 0.317ms
[993.796s][debug][gc,age         ] GC(121) Desired survivor size 11010048 bytes, new threshold 15 (max threshold 15)
[993.797s][info ][gc,heap        ] GC(121) PSYoungGen: 2078885K(2082304K)->4002K(2085888K) Eden: 2074624K(2074624K)->0K(2074624K) From: 4261K(7680K)->4002K(11264K)
[993.797s][info ][gc,heap        ] GC(121) ParOldGen: 380060K(430080K)->380060K(430080K)
[993.797s][info ][gc,metaspace   ] GC(121) Metaspace: 85118K(86144K)->85118K(86144K) NonClass: 72775K(73344K)->72775K(73344K) Class: 12343K(12800K)->12343K(12800K)
[993.797s][info ][gc             ] GC(121) Pause Young (Allocation Failure) 2401M->375M(2457M) 4.522ms
[993.797s][info ][gc,cpu         ] GC(121) User=0.02s Sys=0.00s Real=0.01s
[993.797s][info ][safepoint      ] Safepoint "ParallelGCFailedAllocation", Time since last: 10899624154 ns, Reaching safepoint: 72899 ns, Cleanup: 34700 ns, At safepoint: 4591496 ns, Total: 4699095 ns
[999.797s][info ][safepoint      ] Safepoint "Cleanup", Time since last: 6000376801 ns, Reaching safepoint: 3400 ns, Cleanup: 39900 ns, At safepoint: 2800 ns, Total: 46100 ns
[1005.797s][info ][safepoint      ] Safepoint "Cleanup", Time since last: 6000426108 ns, Reaching safepoint: 3900 ns, Cleanup: 34900 ns, At safepoint: 6200 ns, Total: 45000 ns
[1006.045s][info ][gc,start       ] GC(122) Pause Young (Allocation Failure)
[1006.049s][debug][gc,phases      ] GC(122) Scavenge 4.160ms
[1006.049s][debug][gc,ref         ] GC(122) Skipped phase 1 of Reference Processing: no references
[1006.049s][debug][gc,ref         ] GC(122) ReferenceProcessor::execute queues: 1, RefProcThreadModel::Single, marks_oops_alive: false
[1006.049s][debug][gc,ref         ] GC(122) Skipped phase 3 of Reference Processing: no references
[1006.049s][debug][gc,ref         ] GC(122) ReferenceProcessor::execute queues: 1, RefProcThreadModel::Single, marks_oops_alive: false
[1006.049s][debug][gc,phases      ] GC(122) Reference Processing 0.091ms
[1006.049s][debug][gc,phases      ] GC(122)   VM Weak                        Min:  0.0, Avg:  0.0, Max:  0.0, Diff:  0.0, Sum:  0.0, Workers: 4
[1006.049s][debug][gc,phases      ] GC(122)     Dead                           Min: 0, Avg:  0.0, Max: 0, Diff: 0, Sum: 0, Workers: 4
[1006.049s][debug][gc,phases      ] GC(122)     Total                          Min: 0, Avg: 216.0, Max: 768, Diff: 768, Sum: 864, Workers: 4
[1006.049s][debug][gc,phases      ] GC(122)   ObjectSynchronizer Weak        Min:  0.0, Avg:  0.0, Max:  0.0, Diff:  0.0, Sum:  0.0, Workers: 4
[1006.049s][debug][gc,phases      ] GC(122)     Dead                           Min: 0, Avg:  0.0, Max: 0, Diff: 0, Sum: 0, Workers: 4
[1006.049s][debug][gc,phases      ] GC(122)     Total                          Min: 0, Avg:  1.0, Max: 4, Diff: 4, Sum: 4, Workers: 4
[1006.049s][debug][gc,phases      ] GC(122)   JVMTI Tag Weak OopStorage      Min:  0.0, Avg:  0.0, Max:  0.0, Diff:  0.0, Sum:  0.0, Workers: 4
[1006.049s][debug][gc,phases      ] GC(122)     Dead                           Min: 0, Avg:  0.0, Max: 0, Diff: 0, Sum: 0, Workers: 4
[1006.049s][debug][gc,phases      ] GC(122)     Total                          Min: 0, Avg:  0.0, Max: 0, Diff: 0, Sum: 0, Workers: 4
[1006.049s][debug][gc,phases      ] GC(122)   StringTable Weak               Min:  0.1, Avg:  0.1, Max:  0.1, Diff:  0.0, Sum:  0.5, Workers: 4
[1006.049s][debug][gc,phases      ] GC(122)     Dead                           Min: 0, Avg:  0.0, Max: 0, Diff: 0, Sum: 0, Workers: 4
[1006.049s][debug][gc,phases      ] GC(122)     Total                          Min: 10368, Avg: 11171.0, Max: 11584, Diff: 1216, Sum: 44684, Workers: 4
[1006.049s][debug][gc,phases      ] GC(122)   ResolvedMethodTable Weak       Min:  0.0, Avg:  0.0, Max:  0.0, Diff:  0.0, Sum:  0.1, Workers: 4
[1006.049s][debug][gc,phases      ] GC(122)     Dead                           Min: 0, Avg:  0.0, Max: 0, Diff: 0, Sum: 0, Workers: 4
[1006.049s][debug][gc,phases      ] GC(122)     Total                          Min: 2432, Avg: 2619.5, Max: 2816, Diff: 384, Sum: 10478, Workers: 4
[1006.049s][debug][gc,phases      ] GC(122)   JNI Weak                       Min:  0.0, Avg:  0.0, Max:  0.0, Diff:  0.0, Sum:  0.0, Workers: 4
[1006.049s][debug][gc,phases      ] GC(122)     Dead                           Min: 0, Avg:  0.0, Max: 0, Diff: 0, Sum: 0, Workers: 4
[1006.049s][debug][gc,phases      ] GC(122)     Total                          Min: 0, Avg: 11.2, Max: 45, Diff: 45, Sum: 45, Workers: 4
[1006.049s][debug][gc,phases      ] GC(122)   StringDedup Table Weak         Min:  0.0, Avg:  0.0, Max:  0.0, Diff:  0.0, Sum:  0.0, Workers: 4
[1006.049s][debug][gc,phases      ] GC(122)     Dead                           Min: 0, Avg:  0.0, Max: 0, Diff: 0, Sum: 0, Workers: 4
[1006.049s][debug][gc,phases      ] GC(122)     Total                          Min: 0, Avg:  0.0, Max: 0, Diff: 0, Sum: 0, Workers: 4
[1006.049s][debug][gc,phases      ] GC(122)   StringDedup Requests0 Weak     Min:  0.0, Avg:  0.0, Max:  0.0, Diff:  0.0, Sum:  0.0, Workers: 4
[1006.049s][debug][gc,phases      ] GC(122)     Dead                           Min: 0, Avg:  0.0, Max: 0, Diff: 0, Sum: 0, Workers: 4
[1006.049s][debug][gc,phases      ] GC(122)     Total                          Min: 0, Avg:  0.0, Max: 0, Diff: 0, Sum: 0, Workers: 4
[1006.049s][debug][gc,phases      ] GC(122)   StringDedup Requests1 Weak     Min:  0.0, Avg:  0.0, Max:  0.0, Diff:  0.0, Sum:  0.0, Workers: 4
[1006.049s][debug][gc,phases      ] GC(122)     Dead                           Min: 0, Avg:  0.0, Max: 0, Diff: 0, Sum: 0, Workers: 4
[1006.049s][debug][gc,phases      ] GC(122)     Total                          Min: 0, Avg:  0.0, Max: 0, Diff: 0, Sum: 0, Workers: 4
[1006.049s][debug][gc,phases      ] GC(122)   Weak JFR Old Object Samples    Min:  0.0, Avg:  0.0, Max:  0.0, Diff:  0.0, Sum:  0.0, Workers: 4
[1006.049s][debug][gc,phases      ] GC(122)     Dead                           Min: 0, Avg:  0.0, Max: 0, Diff: 0, Sum: 0, Workers: 4
[1006.049s][debug][gc,phases      ] GC(122)     Total                          Min: 0, Avg:  0.0, Max: 0, Diff: 0, Sum: 0, Workers: 4
[1006.049s][debug][gc,phases      ] GC(122) Weak Processing 0.302ms
[1006.049s][debug][gc,age         ] GC(122) Desired survivor size 11010048 bytes, new threshold 15 (max threshold 15)
[1006.049s][info ][gc,heap        ] GC(122) PSYoungGen: 2078626K(2085888K)->4226K(2086400K) Eden: 2074624K(2074624K)->0K(2075648K) From: 4002K(11264K)->4226K(10752K)
[1006.049s][info ][gc,heap        ] GC(122) ParOldGen: 380060K(430080K)->380060K(430080K)
[1006.049s][info ][gc,metaspace   ] GC(122) Metaspace: 85123K(86144K)->85123K(86144K) NonClass: 72780K(73344K)->72780K(73344K) Class: 12343K(12800K)->12343K(12800K)
[1006.049s][info ][gc             ] GC(122) Pause Young (Allocation Failure) 2401M->375M(2457M) 4.664ms
[1006.049s][info ][gc,cpu         ] GC(122) User=0.02s Sys=0.00s Real=0.00s
[1006.049s][info ][safepoint      ] Safepoint "ParallelGCFailedAllocation", Time since last: 247052691 ns, Reaching safepoint: 72001 ns, Cleanup: 33100 ns, At safepoint: 4731105 ns, Total: 4836206 ns
[1007.050s][info ][safepoint      ] Safepoint "Cleanup", Time since last: 1000081579 ns, Reaching safepoint: 74600 ns, Cleanup: 31400 ns, At safepoint: 9200 ns, Total: 115200 ns
[1008.050s][info ][safepoint      ] Safepoint "Cleanup", Time since last: 1000105178 ns, Reaching safepoint: 3100 ns, Cleanup: 39901 ns, At safepoint: 2200 ns, Total: 45201 ns
[1013.050s][info ][safepoint      ] Safepoint "Cleanup", Time since last: 5000359042 ns, Reaching safepoint: 4100 ns, Cleanup: 39000 ns, At safepoint: 2600 ns, Total: 45700 ns
[1013.544s][info ][gc,start       ] GC(123) Pause Young (Allocation Failure)
[1013.548s][debug][gc,phases      ] GC(123) Scavenge 4.128ms
[1013.548s][debug][gc,ref         ] GC(123) Skipped phase 1 of Reference Processing: no references
[1013.548s][debug][gc,ref         ] GC(123) ReferenceProcessor::execute queues: 1, RefProcThreadModel::Single, marks_oops_alive: false
[1013.548s][debug][gc,ref         ] GC(123) Skipped phase 3 of Reference Processing: no references
[1013.548s][debug][gc,ref         ] GC(123) ReferenceProcessor::execute queues: 1, RefProcThreadModel::Single, marks_oops_alive: false
[1013.548s][debug][gc,phases      ] GC(123) Reference Processing 0.096ms
[1013.548s][debug][gc,phases      ] GC(123)   VM Weak                        Min:  0.0, Avg:  0.0, Max:  0.0, Diff:  0.0, Sum:  0.0, Workers: 4
[1013.548s][debug][gc,phases      ] GC(123)     Dead                           Min: 0, Avg:  0.0, Max: 0, Diff: 0, Sum: 0, Workers: 4
[1013.548s][debug][gc,phases      ] GC(123)     Total                          Min: 0, Avg: 216.0, Max: 672, Diff: 672, Sum: 864, Workers: 4
[1013.548s][debug][gc,phases      ] GC(123)   ObjectSynchronizer Weak        Min:  0.0, Avg:  0.0, Max:  0.0, Diff:  0.0, Sum:  0.0, Workers: 4
[1013.548s][debug][gc,phases      ] GC(123)     Dead                           Min: 0, Avg:  0.0, Max: 0, Diff: 0, Sum: 0, Workers: 4
[1013.548s][debug][gc,phases      ] GC(123)     Total                          Min: 0, Avg:  1.0, Max: 4, Diff: 4, Sum: 4, Workers: 4
[1013.548s][debug][gc,phases      ] GC(123)   JVMTI Tag Weak OopStorage      Min:  0.0, Avg:  0.0, Max:  0.0, Diff:  0.0, Sum:  0.0, Workers: 4
[1013.548s][debug][gc,phases      ] GC(123)     Dead                           Min: 0, Avg:  0.0, Max: 0, Diff: 0, Sum: 0, Workers: 4
[1013.548s][debug][gc,phases      ] GC(123)     Total                          Min: 0, Avg:  0.0, Max: 0, Diff: 0, Sum: 0, Workers: 4
[1013.548s][debug][gc,phases      ] GC(123)   StringTable Weak               Min:  0.0, Avg:  0.1, Max:  0.1, Diff:  0.1, Sum:  0.3, Workers: 4
[1013.548s][debug][gc,phases      ] GC(123)     Dead                           Min: 0, Avg:  0.0, Max: 0, Diff: 0, Sum: 0, Workers: 4
[1013.548s][debug][gc,phases      ] GC(123)     Total                          Min: 0, Avg: 11171.0, Max: 19776, Diff: 19776, Sum: 44684, Workers: 4
[1013.548s][debug][gc,phases      ] GC(123)   ResolvedMethodTable Weak       Min:  0.0, Avg:  0.0, Max:  0.0, Diff:  0.0, Sum:  0.1, Workers: 4
[1013.548s][debug][gc,phases      ] GC(123)     Dead                           Min: 0, Avg:  0.0, Max: 0, Diff: 0, Sum: 0, Workers: 4
[1013.548s][debug][gc,phases      ] GC(123)     Total                          Min: 0, Avg: 2619.5, Max: 4718, Diff: 4718, Sum: 10478, Workers: 4
[1013.548s][debug][gc,phases      ] GC(123)   JNI Weak                       Min:  0.0, Avg:  0.0, Max:  0.0, Diff:  0.0, Sum:  0.0, Workers: 4
[1013.548s][debug][gc,phases      ] GC(123)     Dead                           Min: 0, Avg:  0.0, Max: 0, Diff: 0, Sum: 0, Workers: 4
[1013.548s][debug][gc,phases      ] GC(123)     Total                          Min: 0, Avg: 11.2, Max: 45, Diff: 45, Sum: 45, Workers: 4
[1013.548s][debug][gc,phases      ] GC(123)   StringDedup Table Weak         Min:  0.0, Avg:  0.0, Max:  0.0, Diff:  0.0, Sum:  0.0, Workers: 4
[1013.548s][debug][gc,phases      ] GC(123)     Dead                           Min: 0, Avg:  0.0, Max: 0, Diff: 0, Sum: 0, Workers: 4
[1013.548s][debug][gc,phases      ] GC(123)     Total                          Min: 0, Avg:  0.0, Max: 0, Diff: 0, Sum: 0, Workers: 4
[1013.548s][debug][gc,phases      ] GC(123)   StringDedup Requests0 Weak     Min:  0.0, Avg:  0.0, Max:  0.0, Diff:  0.0, Sum:  0.0, Workers: 4
[1013.548s][debug][gc,phases      ] GC(123)     Dead                           Min: 0, Avg:  0.0, Max: 0, Diff: 0, Sum: 0, Workers: 4
[1013.548s][debug][gc,phases      ] GC(123)     Total                          Min: 0, Avg:  0.0, Max: 0, Diff: 0, Sum: 0, Workers: 4
[1013.548s][debug][gc,phases      ] GC(123)   StringDedup Requests1 Weak     Min:  0.0, Avg:  0.0, Max:  0.0, Diff:  0.0, Sum:  0.0, Workers: 4
[1013.548s][debug][gc,phases      ] GC(123)     Dead                           Min: 0, Avg:  0.0, Max: 0, Diff: 0, Sum: 0, Workers: 4
[1013.548s][debug][gc,phases      ] GC(123)     Total                          Min: 0, Avg:  0.0, Max: 0, Diff: 0, Sum: 0, Workers: 4
[1013.548s][debug][gc,phases      ] GC(123)   Weak JFR Old Object Samples    Min:  0.0, Avg:  0.0, Max:  0.0, Diff:  0.0, Sum:  0.0, Workers: 4
[1013.548s][debug][gc,phases      ] GC(123)     Dead                           Min: 0, Avg:  0.0, Max: 0, Diff: 0, Sum: 0, Workers: 4
[1013.548s][debug][gc,phases      ] GC(123)     Total                          Min: 0, Avg:  0.0, Max: 0, Diff: 0, Sum: 0, Workers: 4
[1013.548s][debug][gc,phases      ] GC(123) Weak Processing 0.309ms
[1013.548s][debug][gc,age         ] GC(123) Desired survivor size 10485760 bytes, new threshold 15 (max threshold 15)
[1013.548s][info ][gc,heap        ] GC(123) PSYoungGen: 2079874K(2086400K)->4213K(2086400K) Eden: 2075648K(2075648K)->0K(2075648K) From: 4226K(10752K)->4213K(10752K)
[1013.548s][info ][gc,heap        ] GC(123) ParOldGen: 380060K(430080K)->380068K(430080K)
[1013.548s][info ][gc,metaspace   ] GC(123) Metaspace: 85131K(86144K)->85131K(86144K) NonClass: 72788K(73344K)->72788K(73344K) Class: 12343K(12800K)->12343K(12800K)
[1013.548s][info ][gc             ] GC(123) Pause Young (Allocation Failure) 2402M->375M(2457M) 4.635ms
[1013.548s][info ][gc,cpu         ] GC(123) User=0.02s Sys=0.00s Real=0.00s
[1013.548s][info ][safepoint      ] Safepoint "ParallelGCFailedAllocation", Time since last: 493588171 ns, Reaching safepoint: 78200 ns, Cleanup: 19700 ns, At safepoint: 4705912 ns, Total: 4803812 ns
[1019.549s][info ][safepoint      ] Safepoint "Cleanup", Time since last: 6000395627 ns, Reaching safepoint: 3500 ns, Cleanup: 35400 ns, At safepoint: 3100 ns, Total: 42000 ns
[1020.851s][info ][gc,start       ] GC(124) Pause Young (Allocation Failure)
[1020.855s][debug][gc,phases      ] GC(124) Scavenge 4.533ms
[1020.855s][debug][gc,ref         ] GC(124) Skipped phase 1 of Reference Processing: no references
[1020.856s][debug][gc,ref         ] GC(124) ReferenceProcessor::execute queues: 1, RefProcThreadModel::Single, marks_oops_alive: false
[1020.856s][debug][gc,ref         ] GC(124) Skipped phase 3 of Reference Processing: no references
[1020.856s][debug][gc,ref         ] GC(124) ReferenceProcessor::execute queues: 1, RefProcThreadModel::Single, marks_oops_alive: false
[1020.856s][debug][gc,phases      ] GC(124) Reference Processing 0.090ms
[1020.856s][debug][gc,phases      ] GC(124)   VM Weak                        Min:  0.0, Avg:  0.0, Max:  0.0, Diff:  0.0, Sum:  0.0, Workers: 4
[1020.856s][debug][gc,phases      ] GC(124)     Dead                           Min: 0, Avg:  0.0, Max: 0, Diff: 0, Sum: 0, Workers: 4
[1020.856s][debug][gc,phases      ] GC(124)     Total                          Min: 0, Avg: 216.0, Max: 576, Diff: 576, Sum: 864, Workers: 4
[1020.856s][debug][gc,phases      ] GC(124)   ObjectSynchronizer Weak        Min:  0.0, Avg:  0.0, Max:  0.0, Diff:  0.0, Sum:  0.0, Workers: 4
[1020.856s][debug][gc,phases      ] GC(124)     Dead                           Min: 0, Avg:  0.0, Max: 0, Diff: 0, Sum: 0, Workers: 4
[1020.856s][debug][gc,phases      ] GC(124)     Total                          Min: 0, Avg:  1.0, Max: 4, Diff: 4, Sum: 4, Workers: 4
[1020.856s][debug][gc,phases      ] GC(124)   JVMTI Tag Weak OopStorage      Min:  0.0, Avg:  0.0, Max:  0.0, Diff:  0.0, Sum:  0.0, Workers: 4
[1020.856s][debug][gc,phases      ] GC(124)     Dead                           Min: 0, Avg:  0.0, Max: 0, Diff: 0, Sum: 0, Workers: 4
[1020.856s][debug][gc,phases      ] GC(124)     Total                          Min: 0, Avg:  0.0, Max: 0, Diff: 0, Sum: 0, Workers: 4
[1020.856s][debug][gc,phases      ] GC(124)   StringTable Weak               Min:  0.0, Avg:  0.1, Max:  0.1, Diff:  0.1, Sum:  0.4, Workers: 4
[1020.856s][debug][gc,phases      ] GC(124)     Dead                           Min: 0, Avg:  0.0, Max: 0, Diff: 0, Sum: 0, Workers: 4
[1020.856s][debug][gc,phases      ] GC(124)     Total                          Min: 0, Avg: 11171.0, Max: 18816, Diff: 18816, Sum: 44684, Workers: 4
[1020.856s][debug][gc,phases      ] GC(124)   ResolvedMethodTable Weak       Min:  0.0, Avg:  0.0, Max:  0.0, Diff:  0.0, Sum:  0.1, Workers: 4
[1020.856s][debug][gc,phases      ] GC(124)     Dead                           Min: 0, Avg:  0.0, Max: 0, Diff: 0, Sum: 0, Workers: 4
[1020.856s][debug][gc,phases      ] GC(124)     Total                          Min: 0, Avg: 2619.5, Max: 4864, Diff: 4864, Sum: 10478, Workers: 4
[1020.856s][debug][gc,phases      ] GC(124)   JNI Weak                       Min:  0.0, Avg:  0.0, Max:  0.0, Diff:  0.0, Sum:  0.0, Workers: 4
[1020.856s][debug][gc,phases      ] GC(124)     Dead                           Min: 0, Avg:  0.0, Max: 0, Diff: 0, Sum: 0, Workers: 4
[1020.856s][debug][gc,phases      ] GC(124)     Total                          Min: 0, Avg: 11.2, Max: 45, Diff: 45, Sum: 45, Workers: 4
[1020.856s][debug][gc,phases      ] GC(124)   StringDedup Table Weak         Min:  0.0, Avg:  0.0, Max:  0.0, Diff:  0.0, Sum:  0.0, Workers: 4
[1020.856s][debug][gc,phases      ] GC(124)     Dead                           Min: 0, Avg:  0.0, Max: 0, Diff: 0, Sum: 0, Workers: 4
[1020.856s][debug][gc,phases      ] GC(124)     Total                          Min: 0, Avg:  0.0, Max: 0, Diff: 0, Sum: 0, Workers: 4
[1020.856s][debug][gc,phases      ] GC(124)   StringDedup Requests0 Weak     Min:  0.0, Avg:  0.0, Max:  0.0, Diff:  0.0, Sum:  0.0, Workers: 4
[1020.856s][debug][gc,phases      ] GC(124)     Dead                           Min: 0, Avg:  0.0, Max: 0, Diff: 0, Sum: 0, Workers: 4
[1020.856s][debug][gc,phases      ] GC(124)     Total                          Min: 0, Avg:  0.0, Max: 0, Diff: 0, Sum: 0, Workers: 4
[1020.856s][debug][gc,phases      ] GC(124)   StringDedup Requests1 Weak     Min:  0.0, Avg:  0.0, Max:  0.0, Diff:  0.0, Sum:  0.0, Workers: 4
[1020.856s][debug][gc,phases      ] GC(124)     Dead                           Min: 0, Avg:  0.0, Max: 0, Diff: 0, Sum: 0, Workers: 4
[1020.856s][debug][gc,phases      ] GC(124)     Total                          Min: 0, Avg:  0.0, Max: 0, Diff: 0, Sum: 0, Workers: 4
[1020.856s][debug][gc,phases      ] GC(124)   Weak JFR Old Object Samples    Min:  0.0, Avg:  0.0, Max:  0.0, Diff:  0.0, Sum:  0.0, Workers: 4
[1020.856s][debug][gc,phases      ] GC(124)     Dead                           Min: 0, Avg:  0.0, Max: 0, Diff: 0, Sum: 0, Workers: 4
[1020.856s][debug][gc,phases      ] GC(124)     Total                          Min: 0, Avg:  0.0, Max: 0, Diff: 0, Sum: 0, Workers: 4
[1020.856s][debug][gc,phases      ] GC(124) Weak Processing 0.312ms
[1020.856s][debug][gc,age         ] GC(124) Desired survivor size 9961472 bytes, new threshold 15 (max threshold 15)
[1020.856s][info ][gc,heap        ] GC(124) PSYoungGen: 2079861K(2086400K)->4066K(2087424K) Eden: 2075648K(2075648K)->0K(2077184K) From: 4213K(10752K)->4066K(10240K)
[1020.856s][info ][gc,heap        ] GC(124) ParOldGen: 380068K(430080K)->380092K(430080K)
[1020.856s][info ][gc,metaspace   ] GC(124) Metaspace: 85136K(86144K)->85136K(86144K) NonClass: 72793K(73344K)->72793K(73344K) Class: 12343K(12800K)->12343K(12800K)
[1020.856s][info ][gc             ] GC(124) Pause Young (Allocation Failure) 2402M->375M(2458M) 5.064ms
[1020.856s][info ][gc,cpu         ] GC(124) User=0.02s Sys=0.00s Real=0.01s
[1020.856s][info ][safepoint      ] Safepoint "ParallelGCFailedAllocation", Time since last: 1301866554 ns, Reaching safepoint: 4200 ns, Cleanup: 19400 ns, At safepoint: 5135516 ns, Total: 5159116 ns
[1024.856s][info ][safepoint      ] Safepoint "Cleanup", Time since last: 4000268459 ns, Reaching safepoint: 4300 ns, Cleanup: 36400 ns, At safepoint: 2700 ns, Total: 43400 ns
[1025.856s][info ][safepoint      ] Safepoint "Cleanup", Time since last: 1000104106 ns, Reaching safepoint: 3900 ns, Cleanup: 37301 ns, At safepoint: 2300 ns, Total: 43501 ns
[1028.343s][info ][gc,start       ] GC(125) Pause Young (Allocation Failure)
[1028.347s][debug][gc,phases      ] GC(125) Scavenge 3.786ms
[1028.347s][debug][gc,ref         ] GC(125) Skipped phase 1 of Reference Processing: no references
[1028.347s][debug][gc,ref         ] GC(125) ReferenceProcessor::execute queues: 1, RefProcThreadModel::Single, marks_oops_alive: false
[1028.347s][debug][gc,ref         ] GC(125) Skipped phase 3 of Reference Processing: no references
[1028.347s][debug][gc,ref         ] GC(125) ReferenceProcessor::execute queues: 1, RefProcThreadModel::Single, marks_oops_alive: false
[1028.347s][debug][gc,phases      ] GC(125) Reference Processing 0.089ms
[1028.347s][debug][gc,phases      ] GC(125)   VM Weak                        Min:  0.0, Avg:  0.0, Max:  0.0, Diff:  0.0, Sum:  0.0, Workers: 4
[1028.347s][debug][gc,phases      ] GC(125)     Dead                           Min: 0, Avg:  0.0, Max: 0, Diff: 0, Sum: 0, Workers: 4
[1028.347s][debug][gc,phases      ] GC(125)     Total                          Min: 0, Avg: 216.0, Max: 704, Diff: 704, Sum: 864, Workers: 4
[1028.347s][debug][gc,phases      ] GC(125)   ObjectSynchronizer Weak        Min:  0.0, Avg:  0.0, Max:  0.0, Diff:  0.0, Sum:  0.0, Workers: 4
[1028.347s][debug][gc,phases      ] GC(125)     Dead                           Min: 0, Avg:  0.0, Max: 0, Diff: 0, Sum: 0, Workers: 4
[1028.347s][debug][gc,phases      ] GC(125)     Total                          Min: 0, Avg:  1.0, Max: 4, Diff: 4, Sum: 4, Workers: 4
[1028.347s][debug][gc,phases      ] GC(125)   JVMTI Tag Weak OopStorage      Min:  0.0, Avg:  0.0, Max:  0.0, Diff:  0.0, Sum:  0.0, Workers: 4
[1028.347s][debug][gc,phases      ] GC(125)     Dead                           Min: 0, Avg:  0.0, Max: 0, Diff: 0, Sum: 0, Workers: 4
[1028.347s][debug][gc,phases      ] GC(125)     Total                          Min: 0, Avg:  0.0, Max: 0, Diff: 0, Sum: 0, Workers: 4
[1028.347s][debug][gc,phases      ] GC(125)   StringTable Weak               Min:  0.0, Avg:  0.1, Max:  0.1, Diff:  0.1, Sum:  0.3, Workers: 4
[1028.347s][debug][gc,phases      ] GC(125)     Dead                           Min: 0, Avg:  0.0, Max: 0, Diff: 0, Sum: 0, Workers: 4
[1028.347s][debug][gc,phases      ] GC(125)     Total                          Min: 0, Avg: 11171.0, Max: 19328, Diff: 19328, Sum: 44684, Workers: 4
[1028.347s][debug][gc,phases      ] GC(125)   ResolvedMethodTable Weak       Min:  0.0, Avg:  0.0, Max:  0.0, Diff:  0.0, Sum:  0.1, Workers: 4
[1028.347s][debug][gc,phases      ] GC(125)     Dead                           Min: 0, Avg:  0.0, Max: 0, Diff: 0, Sum: 0, Workers: 4
[1028.347s][debug][gc,phases      ] GC(125)     Total                          Min: 0, Avg: 2619.5, Max: 4718, Diff: 4718, Sum: 10478, Workers: 4
[1028.347s][debug][gc,phases      ] GC(125)   JNI Weak                       Min:  0.0, Avg:  0.0, Max:  0.0, Diff:  0.0, Sum:  0.0, Workers: 4
[1028.347s][debug][gc,phases      ] GC(125)     Dead                           Min: 0, Avg:  0.0, Max: 0, Diff: 0, Sum: 0, Workers: 4
[1028.347s][debug][gc,phases      ] GC(125)     Total                          Min: 0, Avg: 11.2, Max: 45, Diff: 45, Sum: 45, Workers: 4
[1028.347s][debug][gc,phases      ] GC(125)   StringDedup Table Weak         Min:  0.0, Avg:  0.0, Max:  0.0, Diff:  0.0, Sum:  0.0, Workers: 4
[1028.347s][debug][gc,phases      ] GC(125)     Dead                           Min: 0, Avg:  0.0, Max: 0, Diff: 0, Sum: 0, Workers: 4
[1028.347s][debug][gc,phases      ] GC(125)     Total                          Min: 0, Avg:  0.0, Max: 0, Diff: 0, Sum: 0, Workers: 4
[1028.347s][debug][gc,phases      ] GC(125)   StringDedup Requests0 Weak     Min:  0.0, Avg:  0.0, Max:  0.0, Diff:  0.0, Sum:  0.0, Workers: 4
[1028.347s][debug][gc,phases      ] GC(125)     Dead                           Min: 0, Avg:  0.0, Max: 0, Diff: 0, Sum: 0, Workers: 4
[1028.347s][debug][gc,phases      ] GC(125)     Total                          Min: 0, Avg:  0.0, Max: 0, Diff: 0, Sum: 0, Workers: 4
[1028.347s][debug][gc,phases      ] GC(125)   StringDedup Requests1 Weak     Min:  0.0, Avg:  0.0, Max:  0.0, Diff:  0.0, Sum:  0.0, Workers: 4
[1028.347s][debug][gc,phases      ] GC(125)     Dead                           Min: 0, Avg:  0.0, Max: 0, Diff: 0, Sum: 0, Workers: 4
[1028.347s][debug][gc,phases      ] GC(125)     Total                          Min: 0, Avg:  0.0, Max: 0, Diff: 0, Sum: 0, Workers: 4
[1028.347s][debug][gc,phases      ] GC(125)   Weak JFR Old Object Samples    Min:  0.0, Avg:  0.0, Max:  0.0, Diff:  0.0, Sum:  0.0, Workers: 4
[1028.347s][debug][gc,phases      ] GC(125)     Dead                           Min: 0, Avg:  0.0, Max: 0, Diff: 0, Sum: 0, Workers: 4
[1028.347s][debug][gc,phases      ] GC(125)     Total                          Min: 0, Avg:  0.0, Max: 0, Diff: 0, Sum: 0, Workers: 4
[1028.347s][debug][gc,phases      ] GC(125) Weak Processing 0.306ms
[1028.347s][debug][gc,age         ] GC(125) Desired survivor size 9961472 bytes, new threshold 15 (max threshold 15)
[1028.347s][info ][gc,heap        ] GC(125) PSYoungGen: 2081250K(2087424K)->4194K(2086912K) Eden: 2077184K(2077184K)->0K(2077184K) From: 4066K(10240K)->4194K(9728K)
[1028.347s][info ][gc,heap        ] GC(125) ParOldGen: 380092K(430080K)->380148K(430080K)
[1028.347s][info ][gc,metaspace   ] GC(125) Metaspace: 85137K(86144K)->85137K(86144K) NonClass: 72794K(73344K)->72794K(73344K) Class: 12343K(12800K)->12343K(12800K)
[1028.347s][info ][gc             ] GC(125) Pause Young (Allocation Failure) 2403M->375M(2458M) 4.280ms
[1028.347s][info ][gc,cpu         ] GC(125) User=0.02s Sys=0.00s Real=0.00s
[1028.347s][info ][safepoint      ] Safepoint "ParallelGCFailedAllocation", Time since last: 2486555765 ns, Reaching safepoint: 76100 ns, Cleanup: 19100 ns, At safepoint: 4349015 ns, Total: 4444215 ns
[1035.348s][info ][safepoint      ] Safepoint "Cleanup", Time since last: 7000471889 ns, Reaching safepoint: 4100 ns, Cleanup: 38400 ns, At safepoint: 3500 ns, Total: 46000 ns
[1035.896s][info ][gc,start       ] GC(126) Pause Young (Allocation Failure)
[1035.900s][debug][gc,phases      ] GC(126) Scavenge 4.064ms
[1035.900s][debug][gc,ref         ] GC(126) Skipped phase 1 of Reference Processing: no references
[1035.901s][debug][gc,ref         ] GC(126) ReferenceProcessor::execute queues: 1, RefProcThreadModel::Single, marks_oops_alive: false
[1035.901s][debug][gc,ref         ] GC(126) Skipped phase 3 of Reference Processing: no references
[1035.901s][debug][gc,ref         ] GC(126) ReferenceProcessor::execute queues: 1, RefProcThreadModel::Single, marks_oops_alive: false
[1035.901s][debug][gc,phases      ] GC(126) Reference Processing 0.104ms
[1035.901s][debug][gc,phases      ] GC(126)   VM Weak                        Min:  0.0, Avg:  0.0, Max:  0.0, Diff:  0.0, Sum:  0.0, Workers: 4
[1035.901s][debug][gc,phases      ] GC(126)     Dead                           Min: 0, Avg:  0.0, Max: 0, Diff: 0, Sum: 0, Workers: 4
[1035.901s][debug][gc,phases      ] GC(126)     Total                          Min: 32, Avg: 216.0, Max: 576, Diff: 544, Sum: 864, Workers: 4
[1035.901s][debug][gc,phases      ] GC(126)   ObjectSynchronizer Weak        Min:  0.0, Avg:  0.0, Max:  0.0, Diff:  0.0, Sum:  0.0, Workers: 4
[1035.901s][debug][gc,phases      ] GC(126)     Dead                           Min: 0, Avg:  0.0, Max: 0, Diff: 0, Sum: 0, Workers: 4
[1035.901s][debug][gc,phases      ] GC(126)     Total                          Min: 0, Avg:  1.0, Max: 4, Diff: 4, Sum: 4, Workers: 4
[1035.901s][debug][gc,phases      ] GC(126)   JVMTI Tag Weak OopStorage      Min:  0.0, Avg:  0.0, Max:  0.0, Diff:  0.0, Sum:  0.0, Workers: 4
[1035.901s][debug][gc,phases      ] GC(126)     Dead                           Min: 0, Avg:  0.0, Max: 0, Diff: 0, Sum: 0, Workers: 4
[1035.901s][debug][gc,phases      ] GC(126)     Total                          Min: 0, Avg:  0.0, Max: 0, Diff: 0, Sum: 0, Workers: 4
[1035.901s][debug][gc,phases      ] GC(126)   StringTable Weak               Min:  0.1, Avg:  0.1, Max:  0.1, Diff:  0.0, Sum:  0.4, Workers: 4
[1035.901s][debug][gc,phases      ] GC(126)     Dead                           Min: 0, Avg:  0.0, Max: 0, Diff: 0, Sum: 0, Workers: 4
[1035.901s][debug][gc,phases      ] GC(126)     Total                          Min: 10956, Avg: 11171.0, Max: 11456, Diff: 500, Sum: 44684, Workers: 4
[1035.901s][debug][gc,phases      ] GC(126)   ResolvedMethodTable Weak       Min:  0.0, Avg:  0.0, Max:  0.0, Diff:  0.0, Sum:  0.1, Workers: 4
[1035.901s][debug][gc,phases      ] GC(126)     Dead                           Min: 0, Avg:  0.0, Max: 0, Diff: 0, Sum: 0, Workers: 4
[1035.901s][debug][gc,phases      ] GC(126)     Total                          Min: 2432, Avg: 2619.5, Max: 2798, Diff: 366, Sum: 10478, Workers: 4
[1035.901s][debug][gc,phases      ] GC(126)   JNI Weak                       Min:  0.0, Avg:  0.0, Max:  0.0, Diff:  0.0, Sum:  0.0, Workers: 4
[1035.901s][debug][gc,phases      ] GC(126)     Dead                           Min: 0, Avg:  0.0, Max: 0, Diff: 0, Sum: 0, Workers: 4
[1035.901s][debug][gc,phases      ] GC(126)     Total                          Min: 0, Avg: 11.2, Max: 45, Diff: 45, Sum: 45, Workers: 4
[1035.901s][debug][gc,phases      ] GC(126)   StringDedup Table Weak         Min:  0.0, Avg:  0.0, Max:  0.0, Diff:  0.0, Sum:  0.0, Workers: 4
[1035.901s][debug][gc,phases      ] GC(126)     Dead                           Min: 0, Avg:  0.0, Max: 0, Diff: 0, Sum: 0, Workers: 4
[1035.901s][debug][gc,phases      ] GC(126)     Total                          Min: 0, Avg:  0.0, Max: 0, Diff: 0, Sum: 0, Workers: 4
[1035.901s][debug][gc,phases      ] GC(126)   StringDedup Requests0 Weak     Min:  0.0, Avg:  0.0, Max:  0.0, Diff:  0.0, Sum:  0.0, Workers: 4
[1035.901s][debug][gc,phases      ] GC(126)     Dead                           Min: 0, Avg:  0.0, Max: 0, Diff: 0, Sum: 0, Workers: 4
[1035.901s][debug][gc,phases      ] GC(126)     Total                          Min: 0, Avg:  0.0, Max: 0, Diff: 0, Sum: 0, Workers: 4
[1035.901s][debug][gc,phases      ] GC(126)   StringDedup Requests1 Weak     Min:  0.0, Avg:  0.0, Max:  0.0, Diff:  0.0, Sum:  0.0, Workers: 4
[1035.901s][debug][gc,phases      ] GC(126)     Dead                           Min: 0, Avg:  0.0, Max: 0, Diff: 0, Sum: 0, Workers: 4
[1035.901s][debug][gc,phases      ] GC(126)     Total                          Min: 0, Avg:  0.0, Max: 0, Diff: 0, Sum: 0, Workers: 4
[1035.901s][debug][gc,phases      ] GC(126)   Weak JFR Old Object Samples    Min:  0.0, Avg:  0.0, Max:  0.0, Diff:  0.0, Sum:  0.0, Workers: 4
[1035.901s][debug][gc,phases      ] GC(126)     Dead                           Min: 0, Avg:  0.0, Max: 0, Diff: 0, Sum: 0, Workers: 4
[1035.901s][debug][gc,phases      ] GC(126)     Total                          Min: 0, Avg:  0.0, Max: 0, Diff: 0, Sum: 0, Workers: 4
[1035.901s][debug][gc,phases      ] GC(126) Weak Processing 0.287ms
[1035.901s][debug][gc,age         ] GC(126) Desired survivor size 9437184 bytes, new threshold 15 (max threshold 15)
[1035.901s][info ][gc,heap        ] GC(126) PSYoungGen: 2081378K(2086912K)->4162K(2087936K) Eden: 2077184K(2077184K)->0K(2078208K) From: 4194K(9728K)->4162K(9728K)
[1035.901s][info ][gc,heap        ] GC(126) ParOldGen: 380148K(430080K)->380148K(430080K)
[1035.901s][info ][gc,metaspace   ] GC(126) Metaspace: 85146K(86144K)->85146K(86144K) NonClass: 72803K(73344K)->72803K(73344K) Class: 12343K(12800K)->12343K(12800K)
[1035.901s][info ][gc             ] GC(126) Pause Young (Allocation Failure) 2403M->375M(2459M) 4.551ms
[1035.901s][info ][gc,cpu         ] GC(126) User=0.02s Sys=0.00s Real=0.00s
[1035.901s][info ][safepoint      ] Safepoint "ParallelGCFailedAllocation", Time since last: 548244316 ns, Reaching safepoint: 74000 ns, Cleanup: 33500 ns, At safepoint: 4616615 ns, Total: 4724115 ns
[1037.901s][info ][safepoint      ] Safepoint "Cleanup", Time since last: 2000140261 ns, Reaching safepoint: 4000 ns, Cleanup: 32400 ns, At safepoint: 11800 ns, Total: 48200 ns
[1038.901s][info ][safepoint      ] Safepoint "Cleanup", Time since last: 1000099423 ns, Reaching safepoint: 3800 ns, Cleanup: 30000 ns, At safepoint: 3000 ns, Total: 36800 ns
[1040.901s][info ][safepoint      ] Safepoint "Cleanup", Time since last: 2000156991 ns, Reaching safepoint: 3800 ns, Cleanup: 32000 ns, At safepoint: 3200 ns, Total: 39000 ns
[1041.902s][info ][safepoint      ] Safepoint "Cleanup", Time since last: 1000108761 ns, Reaching safepoint: 5400 ns, Cleanup: 36900 ns, At safepoint: 2200 ns, Total: 44500 ns
[1042.902s][info ][safepoint      ] Safepoint "Cleanup", Time since last: 1000100682 ns, Reaching safepoint: 3500 ns, Cleanup: 37700 ns, At safepoint: 2300 ns, Total: 43500 ns
[1043.384s][info ][gc,start       ] GC(127) Pause Young (Allocation Failure)
[1043.389s][debug][gc,phases      ] GC(127) Scavenge 5.124ms
[1043.389s][debug][gc,ref         ] GC(127) Skipped phase 1 of Reference Processing: no references
[1043.389s][debug][gc,ref         ] GC(127) ReferenceProcessor::execute queues: 1, RefProcThreadModel::Single, marks_oops_alive: false
[1043.389s][debug][gc,ref         ] GC(127) Skipped phase 3 of Reference Processing: no references
[1043.389s][debug][gc,ref         ] GC(127) ReferenceProcessor::execute queues: 1, RefProcThreadModel::Single, marks_oops_alive: false
[1043.389s][debug][gc,phases      ] GC(127) Reference Processing 0.115ms
[1043.389s][debug][gc,phases      ] GC(127)   VM Weak                        Min:  0.0, Avg:  0.0, Max:  0.0, Diff:  0.0, Sum:  0.0, Workers: 4
[1043.389s][debug][gc,phases      ] GC(127)     Dead                           Min: 0, Avg:  0.0, Max: 0, Diff: 0, Sum: 0, Workers: 4
[1043.389s][debug][gc,phases      ] GC(127)     Total                          Min: 0, Avg: 216.0, Max: 448, Diff: 448, Sum: 864, Workers: 4
[1043.389s][debug][gc,phases      ] GC(127)   ObjectSynchronizer Weak        Min:  0.0, Avg:  0.0, Max:  0.0, Diff:  0.0, Sum:  0.0, Workers: 4
[1043.389s][debug][gc,phases      ] GC(127)     Dead                           Min: 0, Avg:  0.0, Max: 0, Diff: 0, Sum: 0, Workers: 4
[1043.389s][debug][gc,phases      ] GC(127)     Total                          Min: 0, Avg:  1.0, Max: 4, Diff: 4, Sum: 4, Workers: 4
[1043.389s][debug][gc,phases      ] GC(127)   JVMTI Tag Weak OopStorage      Min:  0.0, Avg:  0.0, Max:  0.0, Diff:  0.0, Sum:  0.0, Workers: 4
[1043.389s][debug][gc,phases      ] GC(127)     Dead                           Min: 0, Avg:  0.0, Max: 0, Diff: 0, Sum: 0, Workers: 4
[1043.389s][debug][gc,phases      ] GC(127)     Total                          Min: 0, Avg:  0.0, Max: 0, Diff: 0, Sum: 0, Workers: 4
[1043.389s][debug][gc,phases      ] GC(127)   StringTable Weak               Min:  0.0, Avg:  0.1, Max:  0.1, Diff:  0.1, Sum:  0.3, Workers: 4
[1043.389s][debug][gc,phases      ] GC(127)     Dead                           Min: 0, Avg:  0.0, Max: 0, Diff: 0, Sum: 0, Workers: 4
[1043.389s][debug][gc,phases      ] GC(127)     Total                          Min: 0, Avg: 11171.0, Max: 19468, Diff: 19468, Sum: 44684, Workers: 4
[1043.389s][debug][gc,phases      ] GC(127)   ResolvedMethodTable Weak       Min:  0.0, Avg:  0.0, Max:  0.0, Diff:  0.0, Sum:  0.1, Workers: 4
[1043.389s][debug][gc,phases      ] GC(127)     Dead                           Min: 0, Avg:  0.0, Max: 0, Diff: 0, Sum: 0, Workers: 4
[1043.389s][debug][gc,phases      ] GC(127)     Total                          Min: 0, Avg: 2619.5, Max: 4608, Diff: 4608, Sum: 10478, Workers: 4
[1043.389s][debug][gc,phases      ] GC(127)   JNI Weak                       Min:  0.0, Avg:  0.0, Max:  0.0, Diff:  0.0, Sum:  0.0, Workers: 4
[1043.389s][debug][gc,phases      ] GC(127)     Dead                           Min: 0, Avg:  0.0, Max: 0, Diff: 0, Sum: 0, Workers: 4
[1043.389s][debug][gc,phases      ] GC(127)     Total                          Min: 0, Avg: 11.2, Max: 45, Diff: 45, Sum: 45, Workers: 4
[1043.389s][debug][gc,phases      ] GC(127)   StringDedup Table Weak         Min:  0.0, Avg:  0.0, Max:  0.0, Diff:  0.0, Sum:  0.0, Workers: 4
[1043.389s][debug][gc,phases      ] GC(127)     Dead                           Min: 0, Avg:  0.0, Max: 0, Diff: 0, Sum: 0, Workers: 4
[1043.389s][debug][gc,phases      ] GC(127)     Total                          Min: 0, Avg:  0.0, Max: 0, Diff: 0, Sum: 0, Workers: 4
[1043.389s][debug][gc,phases      ] GC(127)   StringDedup Requests0 Weak     Min:  0.0, Avg:  0.0, Max:  0.0, Diff:  0.0, Sum:  0.0, Workers: 4
[1043.389s][debug][gc,phases      ] GC(127)     Dead                           Min: 0, Avg:  0.0, Max: 0, Diff: 0, Sum: 0, Workers: 4
[1043.389s][debug][gc,phases      ] GC(127)     Total                          Min: 0, Avg:  0.0, Max: 0, Diff: 0, Sum: 0, Workers: 4
[1043.389s][debug][gc,phases      ] GC(127)   StringDedup Requests1 Weak     Min:  0.0, Avg:  0.0, Max:  0.0, Diff:  0.0, Sum:  0.0, Workers: 4
[1043.389s][debug][gc,phases      ] GC(127)     Dead                           Min: 0, Avg:  0.0, Max: 0, Diff: 0, Sum: 0, Workers: 4
[1043.389s][debug][gc,phases      ] GC(127)     Total                          Min: 0, Avg:  0.0, Max: 0, Diff: 0, Sum: 0, Workers: 4
[1043.389s][debug][gc,phases      ] GC(127)   Weak JFR Old Object Samples    Min:  0.0, Avg:  0.0, Max:  0.0, Diff:  0.0, Sum:  0.0, Workers: 4
[1043.389s][debug][gc,phases      ] GC(127)     Dead                           Min: 0, Avg:  0.0, Max: 0, Diff: 0, Sum: 0, Workers: 4
[1043.389s][debug][gc,phases      ] GC(127)     Total                          Min: 0, Avg:  0.0, Max: 0, Diff: 0, Sum: 0, Workers: 4
[1043.389s][debug][gc,phases      ] GC(127) Weak Processing 0.310ms
[1043.389s][debug][gc,age         ] GC(127) Desired survivor size 9437184 bytes, new threshold 15 (max threshold 15)
[1043.389s][info ][gc,heap        ] GC(127) PSYoungGen: 2082370K(2087936K)->4242K(2087424K) Eden: 2078208K(2078208K)->0K(2078208K) From: 4162K(9728K)->4242K(9216K)
[1043.389s][info ][gc,heap        ] GC(127) ParOldGen: 380148K(430080K)->380164K(430080K)
[1043.389s][info ][gc,metaspace   ] GC(127) Metaspace: 85150K(86144K)->85150K(86144K) NonClass: 72807K(73344K)->72807K(73344K) Class: 12343K(12800K)->12343K(12800K)
[1043.389s][info ][gc             ] GC(127) Pause Young (Allocation Failure) 2404M->375M(2458M) 5.650ms
[1043.389s][info ][gc,cpu         ] GC(127) User=0.01s Sys=0.01s Real=0.00s
[1043.390s][info ][safepoint      ] Safepoint "ParallelGCFailedAllocation", Time since last: 482052970 ns, Reaching safepoint: 3300 ns, Cleanup: 26000 ns, At safepoint: 5713207 ns, Total: 5742507 ns
[1045.390s][info ][safepoint      ] Safepoint "Cleanup", Time since last: 2000158164 ns, Reaching safepoint: 71400 ns, Cleanup: 35000 ns, At safepoint: 4600 ns, Total: 111000 ns
[1047.390s][info ][safepoint      ] Safepoint "Cleanup", Time since last: 2000166888 ns, Reaching safepoint: 4600 ns, Cleanup: 46600 ns, At safepoint: 8400 ns, Total: 59600 ns
[1051.493s][info ][gc,start       ] GC(128) Pause Young (Allocation Failure)
[1051.497s][debug][gc,phases      ] GC(128) Scavenge 4.363ms
[1051.497s][debug][gc,ref         ] GC(128) Skipped phase 1 of Reference Processing: no references
[1051.497s][debug][gc,ref         ] GC(128) ReferenceProcessor::execute queues: 1, RefProcThreadModel::Single, marks_oops_alive: false
[1051.497s][debug][gc,ref         ] GC(128) Skipped phase 3 of Reference Processing: no references
[1051.497s][debug][gc,ref         ] GC(128) ReferenceProcessor::execute queues: 1, RefProcThreadModel::Single, marks_oops_alive: false
[1051.497s][debug][gc,phases      ] GC(128) Reference Processing 0.105ms
[1051.497s][debug][gc,phases      ] GC(128)   VM Weak                        Min:  0.0, Avg:  0.0, Max:  0.0, Diff:  0.0, Sum:  0.0, Workers: 4
[1051.497s][debug][gc,phases      ] GC(128)     Dead                           Min: 0, Avg:  0.0, Max: 0, Diff: 0, Sum: 0, Workers: 4
[1051.497s][debug][gc,phases      ] GC(128)     Total                          Min: 0, Avg: 216.0, Max: 448, Diff: 448, Sum: 864, Workers: 4
[1051.497s][debug][gc,phases      ] GC(128)   ObjectSynchronizer Weak        Min:  0.0, Avg:  0.0, Max:  0.0, Diff:  0.0, Sum:  0.0, Workers: 4
[1051.497s][debug][gc,phases      ] GC(128)     Dead                           Min: 0, Avg:  0.0, Max: 0, Diff: 0, Sum: 0, Workers: 4
[1051.497s][debug][gc,phases      ] GC(128)     Total                          Min: 0, Avg:  1.0, Max: 4, Diff: 4, Sum: 4, Workers: 4
[1051.497s][debug][gc,phases      ] GC(128)   JVMTI Tag Weak OopStorage      Min:  0.0, Avg:  0.0, Max:  0.0, Diff:  0.0, Sum:  0.0, Workers: 4
[1051.497s][debug][gc,phases      ] GC(128)     Dead                           Min: 0, Avg:  0.0, Max: 0, Diff: 0, Sum: 0, Workers: 4
[1051.497s][debug][gc,phases      ] GC(128)     Total                          Min: 0, Avg:  0.0, Max: 0, Diff: 0, Sum: 0, Workers: 4
[1051.497s][debug][gc,phases      ] GC(128)   StringTable Weak               Min:  0.0, Avg:  0.1, Max:  0.1, Diff:  0.1, Sum:  0.3, Workers: 4
[1051.497s][debug][gc,phases      ] GC(128)     Dead                           Min: 0, Avg:  0.0, Max: 0, Diff: 0, Sum: 0, Workers: 4
[1051.497s][debug][gc,phases      ] GC(128)     Total                          Min: 0, Avg: 11171.0, Max: 19788, Diff: 19788, Sum: 44684, Workers: 4
[1051.497s][debug][gc,phases      ] GC(128)   ResolvedMethodTable Weak       Min:  0.0, Avg:  0.0, Max:  0.0, Diff:  0.0, Sum:  0.1, Workers: 4
[1051.497s][debug][gc,phases      ] GC(128)     Dead                           Min: 0, Avg:  0.0, Max: 0, Diff: 0, Sum: 0, Workers: 4
[1051.497s][debug][gc,phases      ] GC(128)     Total                          Min: 0, Avg: 2619.5, Max: 4800, Diff: 4800, Sum: 10478, Workers: 4
[1051.497s][debug][gc,phases      ] GC(128)   JNI Weak                       Min:  0.0, Avg:  0.0, Max:  0.0, Diff:  0.0, Sum:  0.0, Workers: 4
[1051.497s][debug][gc,phases      ] GC(128)     Dead                           Min: 0, Avg:  0.0, Max: 0, Diff: 0, Sum: 0, Workers: 4
[1051.497s][debug][gc,phases      ] GC(128)     Total                          Min: 0, Avg: 11.2, Max: 45, Diff: 45, Sum: 45, Workers: 4
[1051.497s][debug][gc,phases      ] GC(128)   StringDedup Table Weak         Min:  0.0, Avg:  0.0, Max:  0.0, Diff:  0.0, Sum:  0.0, Workers: 4
[1051.497s][debug][gc,phases      ] GC(128)     Dead                           Min: 0, Avg:  0.0, Max: 0, Diff: 0, Sum: 0, Workers: 4
[1051.497s][debug][gc,phases      ] GC(128)     Total                          Min: 0, Avg:  0.0, Max: 0, Diff: 0, Sum: 0, Workers: 4
[1051.497s][debug][gc,phases      ] GC(128)   StringDedup Requests0 Weak     Min:  0.0, Avg:  0.0, Max:  0.0, Diff:  0.0, Sum:  0.0, Workers: 4
[1051.497s][debug][gc,phases      ] GC(128)     Dead                           Min: 0, Avg:  0.0, Max: 0, Diff: 0, Sum: 0, Workers: 4
[1051.497s][debug][gc,phases      ] GC(128)     Total                          Min: 0, Avg:  0.0, Max: 0, Diff: 0, Sum: 0, Workers: 4
[1051.497s][debug][gc,phases      ] GC(128)   StringDedup Requests1 Weak     Min:  0.0, Avg:  0.0, Max:  0.0, Diff:  0.0, Sum:  0.0, Workers: 4
[1051.497s][debug][gc,phases      ] GC(128)     Dead                           Min: 0, Avg:  0.0, Max: 0, Diff: 0, Sum: 0, Workers: 4
[1051.497s][debug][gc,phases      ] GC(128)     Total                          Min: 0, Avg:  0.0, Max: 0, Diff: 0, Sum: 0, Workers: 4
[1051.497s][debug][gc,phases      ] GC(128)   Weak JFR Old Object Samples    Min:  0.0, Avg:  0.0, Max:  0.0, Diff:  0.0, Sum:  0.0, Workers: 4
[1051.497s][debug][gc,phases      ] GC(128)     Dead                           Min: 0, Avg:  0.0, Max: 0, Diff: 0, Sum: 0, Workers: 4
[1051.497s][debug][gc,phases      ] GC(128)     Total                          Min: 0, Avg:  0.0, Max: 0, Diff: 0, Sum: 0, Workers: 4
[1051.497s][debug][gc,phases      ] GC(128) Weak Processing 0.308ms
[1051.497s][debug][gc,age         ] GC(128) Desired survivor size 8912896 bytes, new threshold 15 (max threshold 15)
[1051.497s][info ][gc,heap        ] GC(128) PSYoungGen: 2082450K(2087424K)->4178K(2088448K) Eden: 2078208K(2078208K)->0K(2079232K) From: 4242K(9216K)->4178K(9216K)
[1051.497s][info ][gc,heap        ] GC(128) ParOldGen: 380164K(430080K)->380188K(430080K)
[1051.497s][info ][gc,metaspace   ] GC(128) Metaspace: 85152K(86144K)->85152K(86144K) NonClass: 72809K(73344K)->72809K(73344K) Class: 12343K(12800K)->12343K(12800K)
[1051.498s][info ][gc             ] GC(128) Pause Young (Allocation Failure) 2404M->375M(2459M) 4.875ms
[1051.498s][info ][gc,cpu         ] GC(128) User=0.01s Sys=0.00s Real=0.01s
[1051.498s][info ][safepoint      ] Safepoint "ParallelGCFailedAllocation", Time since last: 4102507319 ns, Reaching safepoint: 72900 ns, Cleanup: 18300 ns, At safepoint: 4941908 ns, Total: 5033108 ns
[1052.498s][info ][safepoint      ] Safepoint "Cleanup", Time since last: 1000084923 ns, Reaching safepoint: 4200 ns, Cleanup: 32300 ns, At safepoint: 2700 ns, Total: 39200 ns
[1059.498s][info ][safepoint      ] Safepoint "Cleanup", Time since last: 7000486947 ns, Reaching safepoint: 3800 ns, Cleanup: 34200 ns, At safepoint: 2500 ns, Total: 40500 ns
[1060.048s][info ][gc,start       ] GC(129) Pause Young (Allocation Failure)
[1060.051s][debug][gc,phases      ] GC(129) Scavenge 3.684ms
[1060.051s][debug][gc,ref         ] GC(129) Skipped phase 1 of Reference Processing: no references
[1060.051s][debug][gc,ref         ] GC(129) ReferenceProcessor::execute queues: 1, RefProcThreadModel::Single, marks_oops_alive: false
[1060.051s][debug][gc,ref         ] GC(129) Skipped phase 3 of Reference Processing: no references
[1060.051s][debug][gc,ref         ] GC(129) ReferenceProcessor::execute queues: 1, RefProcThreadModel::Single, marks_oops_alive: false
[1060.051s][debug][gc,phases      ] GC(129) Reference Processing 0.096ms
[1060.052s][debug][gc,phases      ] GC(129)   VM Weak                        Min:  0.0, Avg:  0.0, Max:  0.0, Diff:  0.0, Sum:  0.0, Workers: 4
[1060.052s][debug][gc,phases      ] GC(129)     Dead                           Min: 0, Avg:  0.0, Max: 0, Diff: 0, Sum: 0, Workers: 4
[1060.052s][debug][gc,phases      ] GC(129)     Total                          Min: 0, Avg: 216.0, Max: 480, Diff: 480, Sum: 864, Workers: 4
[1060.052s][debug][gc,phases      ] GC(129)   ObjectSynchronizer Weak        Min:  0.0, Avg:  0.0, Max:  0.0, Diff:  0.0, Sum:  0.0, Workers: 4
[1060.052s][debug][gc,phases      ] GC(129)     Dead                           Min: 0, Avg:  0.0, Max: 0, Diff: 0, Sum: 0, Workers: 4
[1060.052s][debug][gc,phases      ] GC(129)     Total                          Min: 0, Avg:  1.0, Max: 4, Diff: 4, Sum: 4, Workers: 4
[1060.052s][debug][gc,phases      ] GC(129)   JVMTI Tag Weak OopStorage      Min:  0.0, Avg:  0.0, Max:  0.0, Diff:  0.0, Sum:  0.0, Workers: 4
[1060.052s][debug][gc,phases      ] GC(129)     Dead                           Min: 0, Avg:  0.0, Max: 0, Diff: 0, Sum: 0, Workers: 4
[1060.052s][debug][gc,phases      ] GC(129)     Total                          Min: 0, Avg:  0.0, Max: 0, Diff: 0, Sum: 0, Workers: 4
[1060.052s][debug][gc,phases      ] GC(129)   StringTable Weak               Min:  0.0, Avg:  0.1, Max:  0.1, Diff:  0.1, Sum:  0.3, Workers: 4
[1060.052s][debug][gc,phases      ] GC(129)     Dead                           Min: 0, Avg:  0.0, Max: 0, Diff: 0, Sum: 0, Workers: 4
[1060.052s][debug][gc,phases      ] GC(129)     Total                          Min: 0, Avg: 11171.0, Max: 19852, Diff: 19852, Sum: 44684, Workers: 4
[1060.052s][debug][gc,phases      ] GC(129)   ResolvedMethodTable Weak       Min:  0.0, Avg:  0.0, Max:  0.0, Diff:  0.0, Sum:  0.1, Workers: 4
[1060.052s][debug][gc,phases      ] GC(129)     Dead                           Min: 0, Avg:  0.0, Max: 0, Diff: 0, Sum: 0, Workers: 4
[1060.052s][debug][gc,phases      ] GC(129)     Total                          Min: 0, Avg: 2619.5, Max: 4654, Diff: 4654, Sum: 10478, Workers: 4
[1060.052s][debug][gc,phases      ] GC(129)   JNI Weak                       Min:  0.0, Avg:  0.0, Max:  0.0, Diff:  0.0, Sum:  0.0, Workers: 4
[1060.052s][debug][gc,phases      ] GC(129)     Dead                           Min: 0, Avg:  0.0, Max: 0, Diff: 0, Sum: 0, Workers: 4
[1060.052s][debug][gc,phases      ] GC(129)     Total                          Min: 0, Avg: 11.2, Max: 45, Diff: 45, Sum: 45, Workers: 4
[1060.052s][debug][gc,phases      ] GC(129)   StringDedup Table Weak         Min:  0.0, Avg:  0.0, Max:  0.0, Diff:  0.0, Sum:  0.0, Workers: 4
[1060.052s][debug][gc,phases      ] GC(129)     Dead                           Min: 0, Avg:  0.0, Max: 0, Diff: 0, Sum: 0, Workers: 4
[1060.052s][debug][gc,phases      ] GC(129)     Total                          Min: 0, Avg:  0.0, Max: 0, Diff: 0, Sum: 0, Workers: 4
[1060.052s][debug][gc,phases      ] GC(129)   StringDedup Requests0 Weak     Min:  0.0, Avg:  0.0, Max:  0.0, Diff:  0.0, Sum:  0.0, Workers: 4
[1060.052s][debug][gc,phases      ] GC(129)     Dead                           Min: 0, Avg:  0.0, Max: 0, Diff: 0, Sum: 0, Workers: 4
[1060.052s][debug][gc,phases      ] GC(129)     Total                          Min: 0, Avg:  0.0, Max: 0, Diff: 0, Sum: 0, Workers: 4
[1060.052s][debug][gc,phases      ] GC(129)   StringDedup Requests1 Weak     Min:  0.0, Avg:  0.0, Max:  0.0, Diff:  0.0, Sum:  0.0, Workers: 4
[1060.052s][debug][gc,phases      ] GC(129)     Dead                           Min: 0, Avg:  0.0, Max: 0, Diff: 0, Sum: 0, Workers: 4
[1060.052s][debug][gc,phases      ] GC(129)     Total                          Min: 0, Avg:  0.0, Max: 0, Diff: 0, Sum: 0, Workers: 4
[1060.052s][debug][gc,phases      ] GC(129)   Weak JFR Old Object Samples    Min:  0.0, Avg:  0.0, Max:  0.0, Diff:  0.0, Sum:  0.0, Workers: 4
[1060.052s][debug][gc,phases      ] GC(129)     Dead                           Min: 0, Avg:  0.0, Max: 0, Diff: 0, Sum: 0, Workers: 4
[1060.052s][debug][gc,phases      ] GC(129)     Total                          Min: 0, Avg:  0.0, Max: 0, Diff: 0, Sum: 0, Workers: 4
[1060.052s][debug][gc,phases      ] GC(129) Weak Processing 0.303ms
[1060.052s][debug][gc,age         ] GC(129) Desired survivor size 8912896 bytes, new threshold 15 (max threshold 15)
[1060.052s][info ][gc,heap        ] GC(129) PSYoungGen: 2083410K(2088448K)->4034K(2087936K) Eden: 2079232K(2079232K)->0K(2079232K) From: 4178K(9216K)->4034K(8704K)
[1060.052s][info ][gc,heap        ] GC(129) ParOldGen: 380188K(430080K)->380300K(430080K)
[1060.052s][info ][gc,metaspace   ] GC(129) Metaspace: 85152K(86144K)->85152K(86144K) NonClass: 72809K(73344K)->72809K(73344K) Class: 12343K(12800K)->12343K(12800K)
[1060.052s][info ][gc             ] GC(129) Pause Young (Allocation Failure) 2405M->375M(2459M) 4.180ms
[1060.052s][info ][gc,cpu         ] GC(129) User=0.02s Sys=0.00s Real=0.00s
[1060.052s][info ][safepoint      ] Safepoint "ParallelGCFailedAllocation", Time since last: 549210070 ns, Reaching safepoint: 72000 ns, Cleanup: 34900 ns, At safepoint: 4243105 ns, Total: 4350005 ns
[1065.052s][info ][safepoint      ] Safepoint "Cleanup", Time since last: 5000335808 ns, Reaching safepoint: 4500 ns, Cleanup: 35500 ns, At safepoint: 3100 ns, Total: 43100 ns
[1068.843s][info ][gc,start       ] GC(130) Pause Young (Allocation Failure)
[1068.847s][debug][gc,phases      ] GC(130) Scavenge 3.953ms
[1068.847s][debug][gc,ref         ] GC(130) Skipped phase 1 of Reference Processing: no references
[1068.847s][debug][gc,ref         ] GC(130) ReferenceProcessor::execute queues: 1, RefProcThreadModel::Single, marks_oops_alive: false
[1068.847s][debug][gc,ref         ] GC(130) Skipped phase 3 of Reference Processing: no references
[1068.847s][debug][gc,ref         ] GC(130) ReferenceProcessor::execute queues: 1, RefProcThreadModel::Single, marks_oops_alive: false
[1068.847s][debug][gc,phases      ] GC(130) Reference Processing 0.093ms
[1068.848s][debug][gc,phases      ] GC(130)   VM Weak                        Min:  0.0, Avg:  0.0, Max:  0.0, Diff:  0.0, Sum:  0.0, Workers: 4
[1068.848s][debug][gc,phases      ] GC(130)     Dead                           Min: 0, Avg:  0.0, Max: 0, Diff: 0, Sum: 0, Workers: 4
[1068.848s][debug][gc,phases      ] GC(130)     Total                          Min: 0, Avg: 216.0, Max: 448, Diff: 448, Sum: 864, Workers: 4
[1068.848s][debug][gc,phases      ] GC(130)   ObjectSynchronizer Weak        Min:  0.0, Avg:  0.0, Max:  0.0, Diff:  0.0, Sum:  0.0, Workers: 4
[1068.848s][debug][gc,phases      ] GC(130)     Dead                           Min: 0, Avg:  0.0, Max: 0, Diff: 0, Sum: 0, Workers: 4
[1068.848s][debug][gc,phases      ] GC(130)     Total                          Min: 0, Avg:  1.0, Max: 4, Diff: 4, Sum: 4, Workers: 4
[1068.848s][debug][gc,phases      ] GC(130)   JVMTI Tag Weak OopStorage      Min:  0.0, Avg:  0.0, Max:  0.0, Diff:  0.0, Sum:  0.0, Workers: 4
[1068.848s][debug][gc,phases      ] GC(130)     Dead                           Min: 0, Avg:  0.0, Max: 0, Diff: 0, Sum: 0, Workers: 4
[1068.848s][debug][gc,phases      ] GC(130)     Total                          Min: 0, Avg:  0.0, Max: 0, Diff: 0, Sum: 0, Workers: 4
[1068.848s][debug][gc,phases      ] GC(130)   StringTable Weak               Min:  0.0, Avg:  0.1, Max:  0.1, Diff:  0.1, Sum:  0.3, Workers: 4
[1068.848s][debug][gc,phases      ] GC(130)     Dead                           Min: 0, Avg:  0.0, Max: 0, Diff: 0, Sum: 0, Workers: 4
[1068.848s][debug][gc,phases      ] GC(130)     Total                          Min: 0, Avg: 11171.0, Max: 19520, Diff: 19520, Sum: 44684, Workers: 4
[1068.848s][debug][gc,phases      ] GC(130)   ResolvedMethodTable Weak       Min:  0.0, Avg:  0.0, Max:  0.0, Diff:  0.0, Sum:  0.1, Workers: 4
[1068.848s][debug][gc,phases      ] GC(130)     Dead                           Min: 0, Avg:  0.0, Max: 0, Diff: 0, Sum: 0, Workers: 4
[1068.848s][debug][gc,phases      ] GC(130)     Total                          Min: 0, Avg: 2619.5, Max: 4544, Diff: 4544, Sum: 10478, Workers: 4
[1068.848s][debug][gc,phases      ] GC(130)   JNI Weak                       Min:  0.0, Avg:  0.0, Max:  0.0, Diff:  0.0, Sum:  0.0, Workers: 4
[1068.848s][debug][gc,phases      ] GC(130)     Dead                           Min: 0, Avg:  0.0, Max: 0, Diff: 0, Sum: 0, Workers: 4
[1068.848s][debug][gc,phases      ] GC(130)     Total                          Min: 0, Avg: 11.2, Max: 45, Diff: 45, Sum: 45, Workers: 4
[1068.848s][debug][gc,phases      ] GC(130)   StringDedup Table Weak         Min:  0.0, Avg:  0.0, Max:  0.0, Diff:  0.0, Sum:  0.0, Workers: 4
[1068.848s][debug][gc,phases      ] GC(130)     Dead                           Min: 0, Avg:  0.0, Max: 0, Diff: 0, Sum: 0, Workers: 4
[1068.848s][debug][gc,phases      ] GC(130)     Total                          Min: 0, Avg:  0.0, Max: 0, Diff: 0, Sum: 0, Workers: 4
[1068.848s][debug][gc,phases      ] GC(130)   StringDedup Requests0 Weak     Min:  0.0, Avg:  0.0, Max:  0.0, Diff:  0.0, Sum:  0.0, Workers: 4
[1068.848s][debug][gc,phases      ] GC(130)     Dead                           Min: 0, Avg:  0.0, Max: 0, Diff: 0, Sum: 0, Workers: 4
[1068.848s][debug][gc,phases      ] GC(130)     Total                          Min: 0, Avg:  0.0, Max: 0, Diff: 0, Sum: 0, Workers: 4
[1068.848s][debug][gc,phases      ] GC(130)   StringDedup Requests1 Weak     Min:  0.0, Avg:  0.0, Max:  0.0, Diff:  0.0, Sum:  0.0, Workers: 4
[1068.848s][debug][gc,phases      ] GC(130)     Dead                           Min: 0, Avg:  0.0, Max: 0, Diff: 0, Sum: 0, Workers: 4
[1068.848s][debug][gc,phases      ] GC(130)     Total                          Min: 0, Avg:  0.0, Max: 0, Diff: 0, Sum: 0, Workers: 4
[1068.848s][debug][gc,phases      ] GC(130)   Weak JFR Old Object Samples    Min:  0.0, Avg:  0.0, Max:  0.0, Diff:  0.0, Sum:  0.0, Workers: 4
[1068.848s][debug][gc,phases      ] GC(130)     Dead                           Min: 0, Avg:  0.0, Max: 0, Diff: 0, Sum: 0, Workers: 4
[1068.848s][debug][gc,phases      ] GC(130)     Total                          Min: 0, Avg:  0.0, Max: 0, Diff: 0, Sum: 0, Workers: 4
[1068.848s][debug][gc,phases      ] GC(130) Weak Processing 0.303ms
[1068.848s][debug][gc,age         ] GC(130) Desired survivor size 8388608 bytes, new threshold 15 (max threshold 15)
[1068.848s][info ][gc,heap        ] GC(130) PSYoungGen: 2083266K(2087936K)->4053K(2088960K) Eden: 2079232K(2079232K)->0K(2080256K) From: 4034K(8704K)->4053K(8704K)
[1068.848s][info ][gc,heap        ] GC(130) ParOldGen: 380300K(430080K)->380332K(430080K)
[1068.848s][info ][gc,metaspace   ] GC(130) Metaspace: 85155K(86144K)->85155K(86144K) NonClass: 72812K(73344K)->72812K(73344K) Class: 12343K(12800K)->12343K(12800K)
[1068.848s][info ][gc             ] GC(130) Pause Young (Allocation Failure) 2405M->375M(2460M) 4.443ms
[1068.848s][info ][gc,cpu         ] GC(130) User=0.01s Sys=0.00s Real=0.00s
[1068.848s][info ][safepoint      ] Safepoint "ParallelGCFailedAllocation", Time since last: 3791026713 ns, Reaching safepoint: 73600 ns, Cleanup: 32600 ns, At safepoint: 4506410 ns, Total: 4612610 ns
[1077.949s][info ][gc,start       ] GC(131) Pause Young (Allocation Failure)
[1077.952s][debug][gc,phases      ] GC(131) Scavenge 3.409ms
[1077.952s][debug][gc,ref         ] GC(131) Skipped phase 1 of Reference Processing: no references
[1077.952s][debug][gc,ref         ] GC(131) ReferenceProcessor::execute queues: 1, RefProcThreadModel::Single, marks_oops_alive: false
[1077.952s][debug][gc,ref         ] GC(131) Skipped phase 3 of Reference Processing: no references
[1077.952s][debug][gc,ref         ] GC(131) ReferenceProcessor::execute queues: 1, RefProcThreadModel::Single, marks_oops_alive: false
[1077.952s][debug][gc,phases      ] GC(131) Reference Processing 0.083ms
[1077.953s][debug][gc,phases      ] GC(131)   VM Weak                        Min:  0.0, Avg:  0.0, Max:  0.0, Diff:  0.0, Sum:  0.0, Workers: 4
[1077.953s][debug][gc,phases      ] GC(131)     Dead                           Min: 0, Avg:  0.0, Max: 0, Diff: 0, Sum: 0, Workers: 4
[1077.953s][debug][gc,phases      ] GC(131)     Total                          Min: 0, Avg: 216.0, Max: 736, Diff: 736, Sum: 864, Workers: 4
[1077.953s][debug][gc,phases      ] GC(131)   ObjectSynchronizer Weak        Min:  0.0, Avg:  0.0, Max:  0.0, Diff:  0.0, Sum:  0.0, Workers: 4
[1077.953s][debug][gc,phases      ] GC(131)     Dead                           Min: 0, Avg:  0.0, Max: 0, Diff: 0, Sum: 0, Workers: 4
[1077.953s][debug][gc,phases      ] GC(131)     Total                          Min: 0, Avg:  1.0, Max: 4, Diff: 4, Sum: 4, Workers: 4
[1077.953s][debug][gc,phases      ] GC(131)   JVMTI Tag Weak OopStorage      Min:  0.0, Avg:  0.0, Max:  0.0, Diff:  0.0, Sum:  0.0, Workers: 4
[1077.953s][debug][gc,phases      ] GC(131)     Dead                           Min: 0, Avg:  0.0, Max: 0, Diff: 0, Sum: 0, Workers: 4
[1077.953s][debug][gc,phases      ] GC(131)     Total                          Min: 0, Avg:  0.0, Max: 0, Diff: 0, Sum: 0, Workers: 4
[1077.953s][debug][gc,phases      ] GC(131)   StringTable Weak               Min:  0.0, Avg:  0.1, Max:  0.1, Diff:  0.1, Sum:  0.3, Workers: 4
[1077.953s][debug][gc,phases      ] GC(131)     Dead                           Min: 0, Avg:  0.0, Max: 0, Diff: 0, Sum: 0, Workers: 4
[1077.953s][debug][gc,phases      ] GC(131)     Total                          Min: 0, Avg: 11171.0, Max: 19840, Diff: 19840, Sum: 44684, Workers: 4
[1077.953s][debug][gc,phases      ] GC(131)   ResolvedMethodTable Weak       Min:  0.0, Avg:  0.0, Max:  0.0, Diff:  0.0, Sum:  0.1, Workers: 4
[1077.953s][debug][gc,phases      ] GC(131)     Dead                           Min: 0, Avg:  0.0, Max: 0, Diff: 0, Sum: 0, Workers: 4
[1077.953s][debug][gc,phases      ] GC(131)     Total                          Min: 0, Avg: 2619.5, Max: 4672, Diff: 4672, Sum: 10478, Workers: 4
[1077.953s][debug][gc,phases      ] GC(131)   JNI Weak                       Min:  0.0, Avg:  0.0, Max:  0.0, Diff:  0.0, Sum:  0.0, Workers: 4
[1077.953s][debug][gc,phases      ] GC(131)     Dead                           Min: 0, Avg:  0.0, Max: 0, Diff: 0, Sum: 0, Workers: 4
[1077.953s][debug][gc,phases      ] GC(131)     Total                          Min: 0, Avg: 11.2, Max: 45, Diff: 45, Sum: 45, Workers: 4
[1077.953s][debug][gc,phases      ] GC(131)   StringDedup Table Weak         Min:  0.0, Avg:  0.0, Max:  0.0, Diff:  0.0, Sum:  0.0, Workers: 4
[1077.953s][debug][gc,phases      ] GC(131)     Dead                           Min: 0, Avg:  0.0, Max: 0, Diff: 0, Sum: 0, Workers: 4
[1077.953s][debug][gc,phases      ] GC(131)     Total                          Min: 0, Avg:  0.0, Max: 0, Diff: 0, Sum: 0, Workers: 4
[1077.953s][debug][gc,phases      ] GC(131)   StringDedup Requests0 Weak     Min:  0.0, Avg:  0.0, Max:  0.0, Diff:  0.0, Sum:  0.0, Workers: 4
[1077.953s][debug][gc,phases      ] GC(131)     Dead                           Min: 0, Avg:  0.0, Max: 0, Diff: 0, Sum: 0, Workers: 4
[1077.953s][debug][gc,phases      ] GC(131)     Total                          Min: 0, Avg:  0.0, Max: 0, Diff: 0, Sum: 0, Workers: 4
[1077.953s][debug][gc,phases      ] GC(131)   StringDedup Requests1 Weak     Min:  0.0, Avg:  0.0, Max:  0.0, Diff:  0.0, Sum:  0.0, Workers: 4
[1077.953s][debug][gc,phases      ] GC(131)     Dead                           Min: 0, Avg:  0.0, Max: 0, Diff: 0, Sum: 0, Workers: 4
[1077.953s][debug][gc,phases      ] GC(131)     Total                          Min: 0, Avg:  0.0, Max: 0, Diff: 0, Sum: 0, Workers: 4
[1077.953s][debug][gc,phases      ] GC(131)   Weak JFR Old Object Samples    Min:  0.0, Avg:  0.0, Max:  0.0, Diff:  0.0, Sum:  0.0, Workers: 4
[1077.953s][debug][gc,phases      ] GC(131)     Dead                           Min: 0, Avg:  0.0, Max: 0, Diff: 0, Sum: 0, Workers: 4
[1077.953s][debug][gc,phases      ] GC(131)     Total                          Min: 0, Avg:  0.0, Max: 0, Diff: 0, Sum: 0, Workers: 4
[1077.953s][debug][gc,phases      ] GC(131) Weak Processing 0.305ms
[1077.953s][debug][gc,age         ] GC(131) Desired survivor size 8388608 bytes, new threshold 15 (max threshold 15)
[1077.953s][info ][gc,heap        ] GC(131) PSYoungGen: 2084309K(2088960K)->4341K(2088448K) Eden: 2080256K(2080256K)->0K(2080256K) From: 4053K(8704K)->4341K(8192K)
[1077.953s][info ][gc,heap        ] GC(131) ParOldGen: 380332K(430080K)->380356K(430080K)
[1077.953s][info ][gc,metaspace   ] GC(131) Metaspace: 85155K(86144K)->85155K(86144K) NonClass: 72812K(73344K)->72812K(73344K) Class: 12343K(12800K)->12343K(12800K)
[1077.953s][info ][gc             ] GC(131) Pause Young (Allocation Failure) 2406M->375M(2459M) 3.879ms
[1077.953s][info ][gc,cpu         ] GC(131) User=0.02s Sys=0.00s Real=0.00s
[1077.953s][info ][safepoint      ] Safepoint "ParallelGCFailedAllocation", Time since last: 9100953326 ns, Reaching safepoint: 74800 ns, Cleanup: 23900 ns, At safepoint: 3939107 ns, Total: 4037807 ns
[1088.192s][info ][gc,start       ] GC(132) Pause Young (Allocation Failure)
[1088.197s][debug][gc,phases      ] GC(132) Scavenge 5.190ms
[1088.197s][debug][gc,ref         ] GC(132) Skipped phase 1 of Reference Processing: no references
[1088.197s][debug][gc,ref         ] GC(132) ReferenceProcessor::execute queues: 1, RefProcThreadModel::Single, marks_oops_alive: false
[1088.197s][debug][gc,ref         ] GC(132) Skipped phase 3 of Reference Processing: no references
[1088.197s][debug][gc,ref         ] GC(132) ReferenceProcessor::execute queues: 1, RefProcThreadModel::Single, marks_oops_alive: false
[1088.197s][debug][gc,phases      ] GC(132) Reference Processing 0.099ms
[1088.198s][debug][gc,phases      ] GC(132)   VM Weak                        Min:  0.0, Avg:  0.0, Max:  0.0, Diff:  0.0, Sum:  0.0, Workers: 4
[1088.198s][debug][gc,phases      ] GC(132)     Dead                           Min: 0, Avg:  0.0, Max: 0, Diff: 0, Sum: 0, Workers: 4
[1088.198s][debug][gc,phases      ] GC(132)     Total                          Min: 0, Avg: 216.0, Max: 608, Diff: 608, Sum: 864, Workers: 4
[1088.198s][debug][gc,phases      ] GC(132)   ObjectSynchronizer Weak        Min:  0.0, Avg:  0.0, Max:  0.0, Diff:  0.0, Sum:  0.0, Workers: 4
[1088.198s][debug][gc,phases      ] GC(132)     Dead                           Min: 0, Avg:  0.0, Max: 0, Diff: 0, Sum: 0, Workers: 4
[1088.198s][debug][gc,phases      ] GC(132)     Total                          Min: 0, Avg:  1.0, Max: 4, Diff: 4, Sum: 4, Workers: 4
[1088.198s][debug][gc,phases      ] GC(132)   JVMTI Tag Weak OopStorage      Min:  0.0, Avg:  0.0, Max:  0.0, Diff:  0.0, Sum:  0.0, Workers: 4
[1088.198s][debug][gc,phases      ] GC(132)     Dead                           Min: 0, Avg:  0.0, Max: 0, Diff: 0, Sum: 0, Workers: 4
[1088.198s][debug][gc,phases      ] GC(132)     Total                          Min: 0, Avg:  0.0, Max: 0, Diff: 0, Sum: 0, Workers: 4
[1088.198s][debug][gc,phases      ] GC(132)   StringTable Weak               Min:  0.1, Avg:  0.1, Max:  0.1, Diff:  0.0, Sum:  0.4, Workers: 4
[1088.198s][debug][gc,phases      ] GC(132)     Dead                           Min: 0, Avg:  0.0, Max: 0, Diff: 0, Sum: 0, Workers: 4
[1088.198s][debug][gc,phases      ] GC(132)     Total                          Min: 10892, Avg: 11171.0, Max: 11712, Diff: 820, Sum: 44684, Workers: 4
[1088.198s][debug][gc,phases      ] GC(132)   ResolvedMethodTable Weak       Min:  0.0, Avg:  0.0, Max:  0.0, Diff:  0.0, Sum:  0.1, Workers: 4
[1088.198s][debug][gc,phases      ] GC(132)     Dead                           Min: 0, Avg:  0.0, Max: 0, Diff: 0, Sum: 0, Workers: 4
[1088.198s][debug][gc,phases      ] GC(132)     Total                          Min: 2368, Avg: 2619.5, Max: 2944, Diff: 576, Sum: 10478, Workers: 4
[1088.198s][debug][gc,phases      ] GC(132)   JNI Weak                       Min:  0.0, Avg:  0.0, Max:  0.0, Diff:  0.0, Sum:  0.0, Workers: 4
[1088.198s][debug][gc,phases      ] GC(132)     Dead                           Min: 0, Avg:  0.0, Max: 0, Diff: 0, Sum: 0, Workers: 4
[1088.198s][debug][gc,phases      ] GC(132)     Total                          Min: 0, Avg: 11.2, Max: 45, Diff: 45, Sum: 45, Workers: 4
[1088.198s][debug][gc,phases      ] GC(132)   StringDedup Table Weak         Min:  0.0, Avg:  0.0, Max:  0.0, Diff:  0.0, Sum:  0.0, Workers: 4
[1088.198s][debug][gc,phases      ] GC(132)     Dead                           Min: 0, Avg:  0.0, Max: 0, Diff: 0, Sum: 0, Workers: 4
[1088.198s][debug][gc,phases      ] GC(132)     Total                          Min: 0, Avg:  0.0, Max: 0, Diff: 0, Sum: 0, Workers: 4
[1088.198s][debug][gc,phases      ] GC(132)   StringDedup Requests0 Weak     Min:  0.0, Avg:  0.0, Max:  0.0, Diff:  0.0, Sum:  0.0, Workers: 4
[1088.198s][debug][gc,phases      ] GC(132)     Dead                           Min: 0, Avg:  0.0, Max: 0, Diff: 0, Sum: 0, Workers: 4
[1088.198s][debug][gc,phases      ] GC(132)     Total                          Min: 0, Avg:  0.0, Max: 0, Diff: 0, Sum: 0, Workers: 4
[1088.198s][debug][gc,phases      ] GC(132)   StringDedup Requests1 Weak     Min:  0.0, Avg:  0.0, Max:  0.0, Diff:  0.0, Sum:  0.0, Workers: 4
[1088.198s][debug][gc,phases      ] GC(132)     Dead                           Min: 0, Avg:  0.0, Max: 0, Diff: 0, Sum: 0, Workers: 4
[1088.198s][debug][gc,phases      ] GC(132)     Total                          Min: 0, Avg:  0.0, Max: 0, Diff: 0, Sum: 0, Workers: 4
[1088.198s][debug][gc,phases      ] GC(132)   Weak JFR Old Object Samples    Min:  0.0, Avg:  0.0, Max:  0.0, Diff:  0.0, Sum:  0.0, Workers: 4
[1088.198s][debug][gc,phases      ] GC(132)     Dead                           Min: 0, Avg:  0.0, Max: 0, Diff: 0, Sum: 0, Workers: 4
[1088.198s][debug][gc,phases      ] GC(132)     Total                          Min: 0, Avg:  0.0, Max: 0, Diff: 0, Sum: 0, Workers: 4
[1088.198s][debug][gc,phases      ] GC(132) Weak Processing 0.286ms
[1088.198s][debug][gc,age         ] GC(132) Desired survivor size 7864320 bytes, new threshold 15 (max threshold 15)
[1088.198s][info ][gc,heap        ] GC(132) PSYoungGen: 2084597K(2088448K)->3989K(2089472K) Eden: 2080256K(2080256K)->0K(2081280K) From: 4341K(8192K)->3989K(8192K)
[1088.198s][info ][gc,heap        ] GC(132) ParOldGen: 380356K(430080K)->380364K(430080K)
[1088.198s][info ][gc,metaspace   ] GC(132) Metaspace: 85155K(86144K)->85155K(86144K) NonClass: 72812K(73344K)->72812K(73344K) Class: 12343K(12800K)->12343K(12800K)
[1088.198s][info ][gc             ] GC(132) Pause Young (Allocation Failure) 2407M->375M(2460M) 5.693ms
[1088.198s][info ][gc,cpu         ] GC(132) User=0.01s Sys=0.00s Real=0.01s
[1088.198s][info ][safepoint      ] Safepoint "ParallelGCFailedAllocation", Time since last: 10239130661 ns, Reaching safepoint: 73100 ns, Cleanup: 34601 ns, At safepoint: 5764108 ns, Total: 5871809 ns
[1096.900s][info ][safepoint      ] Safepoint "Cleanup", Time since last: 8702485915 ns, Reaching safepoint: 73000 ns, Cleanup: 27400 ns, At safepoint: 5100 ns, Total: 105500 ns
[1097.955s][info ][safepoint      ] Safepoint "Cleanup", Time since last: 1054901634 ns, Reaching safepoint: 4000 ns, Cleanup: 68601 ns, At safepoint: 2100 ns, Total: 74701 ns
[1098.955s][info ][safepoint      ] Safepoint "Cleanup", Time since last: 1000099902 ns, Reaching safepoint: 3800 ns, Cleanup: 36200 ns, At safepoint: 3000 ns, Total: 43000 ns
[1099.343s][info ][gc,start       ] GC(133) Pause Young (Allocation Failure)
[1099.348s][debug][gc,phases      ] GC(133) Scavenge 4.334ms
[1099.348s][debug][gc,ref         ] GC(133) Skipped phase 1 of Reference Processing: no references
[1099.348s][debug][gc,ref         ] GC(133) ReferenceProcessor::execute queues: 1, RefProcThreadModel::Single, marks_oops_alive: false
[1099.348s][debug][gc,ref         ] GC(133) Skipped phase 3 of Reference Processing: no references
[1099.348s][debug][gc,ref         ] GC(133) ReferenceProcessor::execute queues: 1, RefProcThreadModel::Single, marks_oops_alive: false
[1099.348s][debug][gc,phases      ] GC(133) Reference Processing 0.094ms
[1099.348s][debug][gc,phases      ] GC(133)   VM Weak                        Min:  0.0, Avg:  0.0, Max:  0.0, Diff:  0.0, Sum:  0.0, Workers: 4
[1099.348s][debug][gc,phases      ] GC(133)     Dead                           Min: 0, Avg:  0.0, Max: 0, Diff: 0, Sum: 0, Workers: 4
[1099.348s][debug][gc,phases      ] GC(133)     Total                          Min: 0, Avg: 216.0, Max: 704, Diff: 704, Sum: 864, Workers: 4
[1099.348s][debug][gc,phases      ] GC(133)   ObjectSynchronizer Weak        Min:  0.0, Avg:  0.0, Max:  0.0, Diff:  0.0, Sum:  0.0, Workers: 4
[1099.348s][debug][gc,phases      ] GC(133)     Dead                           Min: 0, Avg:  0.0, Max: 0, Diff: 0, Sum: 0, Workers: 4
[1099.348s][debug][gc,phases      ] GC(133)     Total                          Min: 0, Avg:  1.0, Max: 4, Diff: 4, Sum: 4, Workers: 4
[1099.348s][debug][gc,phases      ] GC(133)   JVMTI Tag Weak OopStorage      Min:  0.0, Avg:  0.0, Max:  0.0, Diff:  0.0, Sum:  0.0, Workers: 4
[1099.348s][debug][gc,phases      ] GC(133)     Dead                           Min: 0, Avg:  0.0, Max: 0, Diff: 0, Sum: 0, Workers: 4
[1099.348s][debug][gc,phases      ] GC(133)     Total                          Min: 0, Avg:  0.0, Max: 0, Diff: 0, Sum: 0, Workers: 4
[1099.348s][debug][gc,phases      ] GC(133)   StringTable Weak               Min:  0.0, Avg:  0.1, Max:  0.1, Diff:  0.1, Sum:  0.3, Workers: 4
[1099.348s][debug][gc,phases      ] GC(133)     Dead                           Min: 0, Avg:  0.0, Max: 0, Diff: 0, Sum: 0, Workers: 4
[1099.348s][debug][gc,phases      ] GC(133)     Total                          Min: 0, Avg: 11171.0, Max: 19788, Diff: 19788, Sum: 44684, Workers: 4
[1099.348s][debug][gc,phases      ] GC(133)   ResolvedMethodTable Weak       Min:  0.0, Avg:  0.0, Max:  0.0, Diff:  0.0, Sum:  0.1, Workers: 4
[1099.348s][debug][gc,phases      ] GC(133)     Dead                           Min: 0, Avg:  0.0, Max: 0, Diff: 0, Sum: 0, Workers: 4
[1099.348s][debug][gc,phases      ] GC(133)     Total                          Min: 0, Avg: 2619.5, Max: 4718, Diff: 4718, Sum: 10478, Workers: 4
[1099.348s][debug][gc,phases      ] GC(133)   JNI Weak                       Min:  0.0, Avg:  0.0, Max:  0.0, Diff:  0.0, Sum:  0.0, Workers: 4
[1099.348s][debug][gc,phases      ] GC(133)     Dead                           Min: 0, Avg:  0.0, Max: 0, Diff: 0, Sum: 0, Workers: 4
[1099.348s][debug][gc,phases      ] GC(133)     Total                          Min: 0, Avg: 11.2, Max: 45, Diff: 45, Sum: 45, Workers: 4
[1099.348s][debug][gc,phases      ] GC(133)   StringDedup Table Weak         Min:  0.0, Avg:  0.0, Max:  0.0, Diff:  0.0, Sum:  0.0, Workers: 4
[1099.348s][debug][gc,phases      ] GC(133)     Dead                           Min: 0, Avg:  0.0, Max: 0, Diff: 0, Sum: 0, Workers: 4
[1099.348s][debug][gc,phases      ] GC(133)     Total                          Min: 0, Avg:  0.0, Max: 0, Diff: 0, Sum: 0, Workers: 4
[1099.348s][debug][gc,phases      ] GC(133)   StringDedup Requests0 Weak     Min:  0.0, Avg:  0.0, Max:  0.0, Diff:  0.0, Sum:  0.0, Workers: 4
[1099.348s][debug][gc,phases      ] GC(133)     Dead                           Min: 0, Avg:  0.0, Max: 0, Diff: 0, Sum: 0, Workers: 4
[1099.348s][debug][gc,phases      ] GC(133)     Total                          Min: 0, Avg:  0.0, Max: 0, Diff: 0, Sum: 0, Workers: 4
[1099.348s][debug][gc,phases      ] GC(133)   StringDedup Requests1 Weak     Min:  0.0, Avg:  0.0, Max:  0.0, Diff:  0.0, Sum:  0.0, Workers: 4
[1099.348s][debug][gc,phases      ] GC(133)     Dead                           Min: 0, Avg:  0.0, Max: 0, Diff: 0, Sum: 0, Workers: 4
[1099.348s][debug][gc,phases      ] GC(133)     Total                          Min: 0, Avg:  0.0, Max: 0, Diff: 0, Sum: 0, Workers: 4
[1099.348s][debug][gc,phases      ] GC(133)   Weak JFR Old Object Samples    Min:  0.0, Avg:  0.0, Max:  0.0, Diff:  0.0, Sum:  0.0, Workers: 4
[1099.348s][debug][gc,phases      ] GC(133)     Dead                           Min: 0, Avg:  0.0, Max: 0, Diff: 0, Sum: 0, Workers: 4
[1099.348s][debug][gc,phases      ] GC(133)     Total                          Min: 0, Avg:  0.0, Max: 0, Diff: 0, Sum: 0, Workers: 4
[1099.348s][debug][gc,phases      ] GC(133) Weak Processing 0.320ms
[1099.348s][debug][gc,age         ] GC(133) Desired survivor size 7864320 bytes, new threshold 15 (max threshold 15)
[1099.348s][info ][gc,heap        ] GC(133) PSYoungGen: 2085269K(2089472K)->4320K(2088960K) Eden: 2081280K(2081280K)->0K(2081280K) From: 3989K(8192K)->4320K(7680K)
[1099.348s][info ][gc,heap        ] GC(133) ParOldGen: 380364K(430080K)->380690K(430080K)
[1099.348s][info ][gc,metaspace   ] GC(133) Metaspace: 85157K(86144K)->85157K(86144K) NonClass: 72814K(73344K)->72814K(73344K) Class: 12343K(12800K)->12343K(12800K)
[1099.348s][info ][gc             ] GC(133) Pause Young (Allocation Failure) 2407M->375M(2460M) 4.854ms
[1099.348s][info ][gc,cpu         ] GC(133) User=0.02s Sys=0.00s Real=0.00s
[1099.348s][info ][safepoint      ] Safepoint "ParallelGCFailedAllocation", Time since last: 387840421 ns, Reaching safepoint: 75100 ns, Cleanup: 33600 ns, At safepoint: 4923408 ns, Total: 5032108 ns
[1100.348s][info ][safepoint      ] Safepoint "Cleanup", Time since last: 1000082602 ns, Reaching safepoint: 3900 ns, Cleanup: 35800 ns, At safepoint: 4000 ns, Total: 43700 ns
[1101.349s][info ][safepoint      ] Safepoint "Cleanup", Time since last: 1000095803 ns, Reaching safepoint: 4200 ns, Cleanup: 39500 ns, At safepoint: 4200 ns, Total: 47900 ns
[1103.349s][info ][safepoint      ] Safepoint "Cleanup", Time since last: 2000182904 ns, Reaching safepoint: 4900 ns, Cleanup: 38500 ns, At safepoint: 2300 ns, Total: 45700 ns
[1104.349s][info ][safepoint      ] Safepoint "Cleanup", Time since last: 1000093102 ns, Reaching safepoint: 3600 ns, Cleanup: 36200 ns, At safepoint: 2700 ns, Total: 42500 ns
[1105.349s][info ][safepoint      ] Safepoint "Cleanup", Time since last: 1000116203 ns, Reaching safepoint: 5400 ns, Cleanup: 35500 ns, At safepoint: 2700 ns, Total: 43600 ns
[1106.349s][info ][safepoint      ] Safepoint "Cleanup", Time since last: 1000104787 ns, Reaching safepoint: 5600 ns, Cleanup: 34800 ns, At safepoint: 7200 ns, Total: 47600 ns
[1109.350s][info ][safepoint      ] Safepoint "Cleanup", Time since last: 3000236050 ns, Reaching safepoint: 4100 ns, Cleanup: 44400 ns, At safepoint: 5900 ns, Total: 54400 ns
[1111.350s][info ][safepoint      ] Safepoint "Cleanup", Time since last: 2000163333 ns, Reaching safepoint: 4100 ns, Cleanup: 39300 ns, At safepoint: 2300 ns, Total: 45700 ns
[1111.493s][info ][safepoint      ] Safepoint "ParallelGCFailedAllocation", Time since last: 143414446 ns, Reaching safepoint: 73800 ns, Cleanup: 19200 ns, At safepoint: 14700 ns, Total: 107700 ns
[1111.494s][info ][gc,start       ] GC(134) Pause Young (GCLocker Initiated GC)
[1111.498s][debug][gc,phases      ] GC(134) Scavenge 4.943ms
[1111.498s][debug][gc,ref         ] GC(134) Skipped phase 1 of Reference Processing: no references
[1111.499s][debug][gc,ref         ] GC(134) ReferenceProcessor::execute queues: 1, RefProcThreadModel::Single, marks_oops_alive: false
[1111.499s][debug][gc,ref         ] GC(134) ReferenceProcessor::execute queues: 4, RefProcThreadModel::Multi, marks_oops_alive: true
[1111.499s][debug][gc,ref         ] GC(134) ReferenceProcessor::execute queues: 1, RefProcThreadModel::Single, marks_oops_alive: false
[1111.499s][debug][gc,phases      ] GC(134) Reference Processing 0.158ms
[1111.499s][debug][gc,phases      ] GC(134)   VM Weak                        Min:  0.0, Avg:  0.0, Max:  0.0, Diff:  0.0, Sum:  0.0, Workers: 4
[1111.499s][debug][gc,phases      ] GC(134)     Dead                           Min: 0, Avg:  0.0, Max: 0, Diff: 0, Sum: 0, Workers: 4
[1111.499s][debug][gc,phases      ] GC(134)     Total                          Min: 0, Avg: 216.2, Max: 640, Diff: 640, Sum: 865, Workers: 4
[1111.499s][debug][gc,phases      ] GC(134)   ObjectSynchronizer Weak        Min:  0.0, Avg:  0.0, Max:  0.0, Diff:  0.0, Sum:  0.0, Workers: 4
[1111.499s][debug][gc,phases      ] GC(134)     Dead                           Min: 0, Avg:  0.0, Max: 0, Diff: 0, Sum: 0, Workers: 4
[1111.499s][debug][gc,phases      ] GC(134)     Total                          Min: 0, Avg:  1.0, Max: 4, Diff: 4, Sum: 4, Workers: 4
[1111.499s][debug][gc,phases      ] GC(134)   JVMTI Tag Weak OopStorage      Min:  0.0, Avg:  0.0, Max:  0.0, Diff:  0.0, Sum:  0.0, Workers: 4
[1111.499s][debug][gc,phases      ] GC(134)     Dead                           Min: 0, Avg:  0.0, Max: 0, Diff: 0, Sum: 0, Workers: 4
[1111.499s][debug][gc,phases      ] GC(134)     Total                          Min: 0, Avg:  0.0, Max: 0, Diff: 0, Sum: 0, Workers: 4
[1111.499s][debug][gc,phases      ] GC(134)   StringTable Weak               Min:  0.1, Avg:  0.1, Max:  0.1, Diff:  0.0, Sum:  0.4, Workers: 4
[1111.499s][debug][gc,phases      ] GC(134)     Dead                           Min: 0, Avg:  0.0, Max: 0, Diff: 0, Sum: 0, Workers: 4
[1111.499s][debug][gc,phases      ] GC(134)     Total                          Min: 10944, Avg: 11175.8, Max: 11456, Diff: 512, Sum: 44703, Workers: 4
[1111.499s][debug][gc,phases      ] GC(134)   ResolvedMethodTable Weak       Min:  0.0, Avg:  0.0, Max:  0.0, Diff:  0.0, Sum:  0.1, Workers: 4
[1111.499s][debug][gc,phases      ] GC(134)     Dead                           Min: 0, Avg:  0.0, Max: 0, Diff: 0, Sum: 0, Workers: 4
[1111.499s][debug][gc,phases      ] GC(134)     Total                          Min: 2432, Avg: 2620.5, Max: 2880, Diff: 448, Sum: 10482, Workers: 4
[1111.499s][debug][gc,phases      ] GC(134)   JNI Weak                       Min:  0.0, Avg:  0.0, Max:  0.0, Diff:  0.0, Sum:  0.0, Workers: 4
[1111.499s][debug][gc,phases      ] GC(134)     Dead                           Min: 0, Avg:  0.0, Max: 0, Diff: 0, Sum: 0, Workers: 4
[1111.499s][debug][gc,phases      ] GC(134)     Total                          Min: 0, Avg: 11.2, Max: 45, Diff: 45, Sum: 45, Workers: 4
[1111.499s][debug][gc,phases      ] GC(134)   StringDedup Table Weak         Min:  0.0, Avg:  0.0, Max:  0.0, Diff:  0.0, Sum:  0.0, Workers: 4
[1111.499s][debug][gc,phases      ] GC(134)     Dead                           Min: 0, Avg:  0.0, Max: 0, Diff: 0, Sum: 0, Workers: 4
[1111.499s][debug][gc,phases      ] GC(134)     Total                          Min: 0, Avg:  0.0, Max: 0, Diff: 0, Sum: 0, Workers: 4
[1111.499s][debug][gc,phases      ] GC(134)   StringDedup Requests0 Weak     Min:  0.0, Avg:  0.0, Max:  0.0, Diff:  0.0, Sum:  0.0, Workers: 4
[1111.499s][debug][gc,phases      ] GC(134)     Dead                           Min: 0, Avg:  0.0, Max: 0, Diff: 0, Sum: 0, Workers: 4
[1111.499s][debug][gc,phases      ] GC(134)     Total                          Min: 0, Avg:  0.0, Max: 0, Diff: 0, Sum: 0, Workers: 4
[1111.499s][debug][gc,phases      ] GC(134)   StringDedup Requests1 Weak     Min:  0.0, Avg:  0.0, Max:  0.0, Diff:  0.0, Sum:  0.0, Workers: 4
[1111.499s][debug][gc,phases      ] GC(134)     Dead                           Min: 0, Avg:  0.0, Max: 0, Diff: 0, Sum: 0, Workers: 4
[1111.499s][debug][gc,phases      ] GC(134)     Total                          Min: 0, Avg:  0.0, Max: 0, Diff: 0, Sum: 0, Workers: 4
[1111.499s][debug][gc,phases      ] GC(134)   Weak JFR Old Object Samples    Min:  0.0, Avg:  0.0, Max:  0.0, Diff:  0.0, Sum:  0.0, Workers: 4
[1111.499s][debug][gc,phases      ] GC(134)     Dead                           Min: 0, Avg:  0.0, Max: 0, Diff: 0, Sum: 0, Workers: 4
[1111.499s][debug][gc,phases      ] GC(134)     Total                          Min: 0, Avg:  0.0, Max: 0, Diff: 0, Sum: 0, Workers: 4
[1111.499s][debug][gc,phases      ] GC(134) Weak Processing 0.299ms
[1111.499s][debug][gc,age         ] GC(134) Desired survivor size 7864320 bytes, new threshold 15 (max threshold 15)
[1111.499s][info ][gc,heap        ] GC(134) PSYoungGen: 2085600K(2088960K)->3008K(2088960K) Eden: 2081280K(2081280K)->0K(2081280K) From: 4320K(7680K)->3008K(7680K)
[1111.499s][info ][gc,heap        ] GC(134) ParOldGen: 380691K(430080K)->382763K(430080K)
[1111.499s][info ][gc,metaspace   ] GC(134) Metaspace: 85185K(86208K)->85185K(86208K) NonClass: 72840K(73408K)->72840K(73408K) Class: 12345K(12800K)->12345K(12800K)
[1111.499s][info ][gc             ] GC(134) Pause Young (GCLocker Initiated GC) 2408M->376M(2460M) 5.486ms
[1111.499s][info ][gc,cpu         ] GC(134) User=0.02s Sys=0.00s Real=0.00s
[1111.499s][info ][safepoint      ] Safepoint "ParallelGCSystemGC", Time since last: 75300 ns, Reaching safepoint: 69100 ns, Cleanup: 11400 ns, At safepoint: 5552010 ns, Total: 5632510 ns
[1114.499s][info ][safepoint      ] Safepoint "Cleanup", Time since last: 3000198946 ns, Reaching safepoint: 3700 ns, Cleanup: 45200 ns, At safepoint: 6000 ns, Total: 54900 ns
[1117.500s][info ][safepoint      ] Safepoint "Cleanup", Time since last: 3000230662 ns, Reaching safepoint: 4200 ns, Cleanup: 38500 ns, At safepoint: 3500 ns, Total: 46200 ns
[1119.045s][info ][gc,start       ] GC(135) Pause Young (Allocation Failure)
[1119.050s][debug][gc,phases      ] GC(135) Scavenge 5.329ms
[1119.050s][debug][gc,ref         ] GC(135) Skipped phase 1 of Reference Processing: no references
[1119.050s][debug][gc,ref         ] GC(135) ReferenceProcessor::execute queues: 1, RefProcThreadModel::Single, marks_oops_alive: false
[1119.050s][debug][gc,ref         ] GC(135) ReferenceProcessor::execute queues: 4, RefProcThreadModel::Multi, marks_oops_alive: true
[1119.050s][debug][gc,ref         ] GC(135) ReferenceProcessor::execute queues: 1, RefProcThreadModel::Single, marks_oops_alive: false
[1119.050s][debug][gc,phases      ] GC(135) Reference Processing 0.158ms
[1119.050s][debug][gc,phases      ] GC(135)   VM Weak                        Min:  0.0, Avg:  0.0, Max:  0.0, Diff:  0.0, Sum:  0.0, Workers: 4
[1119.050s][debug][gc,phases      ] GC(135)     Dead                           Min: 0, Avg:  0.0, Max: 0, Diff: 0, Sum: 0, Workers: 4
[1119.050s][debug][gc,phases      ] GC(135)     Total                          Min: 0, Avg: 216.2, Max: 417, Diff: 417, Sum: 865, Workers: 4
[1119.050s][debug][gc,phases      ] GC(135)   ObjectSynchronizer Weak        Min:  0.0, Avg:  0.0, Max:  0.0, Diff:  0.0, Sum:  0.0, Workers: 4
[1119.050s][debug][gc,phases      ] GC(135)     Dead                           Min: 0, Avg:  0.0, Max: 0, Diff: 0, Sum: 0, Workers: 4
[1119.050s][debug][gc,phases      ] GC(135)     Total                          Min: 0, Avg:  1.0, Max: 4, Diff: 4, Sum: 4, Workers: 4
[1119.050s][debug][gc,phases      ] GC(135)   JVMTI Tag Weak OopStorage      Min:  0.0, Avg:  0.0, Max:  0.0, Diff:  0.0, Sum:  0.0, Workers: 4
[1119.050s][debug][gc,phases      ] GC(135)     Dead                           Min: 0, Avg:  0.0, Max: 0, Diff: 0, Sum: 0, Workers: 4
[1119.050s][debug][gc,phases      ] GC(135)     Total                          Min: 0, Avg:  0.0, Max: 0, Diff: 0, Sum: 0, Workers: 4
[1119.050s][debug][gc,phases      ] GC(135)   StringTable Weak               Min:  0.0, Avg:  0.1, Max:  0.1, Diff:  0.1, Sum:  0.3, Workers: 4
[1119.050s][debug][gc,phases      ] GC(135)     Dead                           Min: 0, Avg:  0.0, Max: 0, Diff: 0, Sum: 0, Workers: 4
[1119.050s][debug][gc,phases      ] GC(135)     Total                          Min: 0, Avg: 11175.8, Max: 19648, Diff: 19648, Sum: 44703, Workers: 4
[1119.050s][debug][gc,phases      ] GC(135)   ResolvedMethodTable Weak       Min:  0.0, Avg:  0.0, Max:  0.0, Diff:  0.0, Sum:  0.1, Workers: 4
[1119.050s][debug][gc,phases      ] GC(135)     Dead                           Min: 0, Avg:  0.0, Max: 0, Diff: 0, Sum: 0, Workers: 4
[1119.050s][debug][gc,phases      ] GC(135)     Total                          Min: 0, Avg: 2620.5, Max: 4466, Diff: 4466, Sum: 10482, Workers: 4
[1119.050s][debug][gc,phases      ] GC(135)   JNI Weak                       Min:  0.0, Avg:  0.0, Max:  0.0, Diff:  0.0, Sum:  0.0, Workers: 4
[1119.050s][debug][gc,phases      ] GC(135)     Dead                           Min: 0, Avg:  0.0, Max: 0, Diff: 0, Sum: 0, Workers: 4
[1119.050s][debug][gc,phases      ] GC(135)     Total                          Min: 0, Avg: 11.2, Max: 45, Diff: 45, Sum: 45, Workers: 4
[1119.050s][debug][gc,phases      ] GC(135)   StringDedup Table Weak         Min:  0.0, Avg:  0.0, Max:  0.0, Diff:  0.0, Sum:  0.0, Workers: 4
[1119.050s][debug][gc,phases      ] GC(135)     Dead                           Min: 0, Avg:  0.0, Max: 0, Diff: 0, Sum: 0, Workers: 4
[1119.050s][debug][gc,phases      ] GC(135)     Total                          Min: 0, Avg:  0.0, Max: 0, Diff: 0, Sum: 0, Workers: 4
[1119.051s][debug][gc,phases      ] GC(135)   StringDedup Requests0 Weak     Min:  0.0, Avg:  0.0, Max:  0.0, Diff:  0.0, Sum:  0.0, Workers: 4
[1119.051s][debug][gc,phases      ] GC(135)     Dead                           Min: 0, Avg:  0.0, Max: 0, Diff: 0, Sum: 0, Workers: 4
[1119.051s][debug][gc,phases      ] GC(135)     Total                          Min: 0, Avg:  0.0, Max: 0, Diff: 0, Sum: 0, Workers: 4
[1119.051s][debug][gc,phases      ] GC(135)   StringDedup Requests1 Weak     Min:  0.0, Avg:  0.0, Max:  0.0, Diff:  0.0, Sum:  0.0, Workers: 4
[1119.051s][debug][gc,phases      ] GC(135)     Dead                           Min: 0, Avg:  0.0, Max: 0, Diff: 0, Sum: 0, Workers: 4
[1119.051s][debug][gc,phases      ] GC(135)     Total                          Min: 0, Avg:  0.0, Max: 0, Diff: 0, Sum: 0, Workers: 4
[1119.051s][debug][gc,phases      ] GC(135)   Weak JFR Old Object Samples    Min:  0.0, Avg:  0.0, Max:  0.0, Diff:  0.0, Sum:  0.0, Workers: 4
[1119.051s][debug][gc,phases      ] GC(135)     Dead                           Min: 0, Avg:  0.0, Max: 0, Diff: 0, Sum: 0, Workers: 4
[1119.051s][debug][gc,phases      ] GC(135)     Total                          Min: 0, Avg:  0.0, Max: 0, Diff: 0, Sum: 0, Workers: 4
[1119.051s][debug][gc,phases      ] GC(135) Weak Processing 0.305ms
[1119.051s][debug][gc,age         ] GC(135) Desired survivor size 7340032 bytes, new threshold 15 (max threshold 15)
[1119.051s][info ][gc,heap        ] GC(135) PSYoungGen: 2084288K(2088960K)->3616K(2088960K) Eden: 2081280K(2081280K)->0K(2081280K) From: 3008K(7680K)->3616K(7680K)
[1119.051s][info ][gc,heap        ] GC(135) ParOldGen: 382764K(430080K)->382844K(430080K)
[1119.051s][info ][gc,metaspace   ] GC(135) Metaspace: 85203K(86208K)->85203K(86208K) NonClass: 72858K(73408K)->72858K(73408K) Class: 12345K(12800K)->12345K(12800K)
[1119.051s][info ][gc             ] GC(135) Pause Young (Allocation Failure) 2409M->377M(2460M) 5.897ms
[1119.051s][info ][gc,cpu         ] GC(135) User=0.02s Sys=0.00s Real=0.00s
[1119.051s][info ][safepoint      ] Safepoint "ParallelGCFailedAllocation", Time since last: 1544980397 ns, Reaching safepoint: 74101 ns, Cleanup: 36200 ns, At safepoint: 5962808 ns, Total: 6073109 ns
[1120.657s][info ][safepoint      ] Safepoint "Cleanup", Time since last: 1606706590 ns, Reaching safepoint: 3200 ns, Cleanup: 68500 ns, At safepoint: 1900 ns, Total: 73600 ns
[1121.658s][info ][safepoint      ] Safepoint "Cleanup", Time since last: 1000096413 ns, Reaching safepoint: 3300 ns, Cleanup: 38400 ns, At safepoint: 3300 ns, Total: 45000 ns
[1123.658s][info ][safepoint      ] Safepoint "Cleanup", Time since last: 2000161310 ns, Reaching safepoint: 3800 ns, Cleanup: 40400 ns, At safepoint: 2700 ns, Total: 46900 ns
[1126.658s][info ][safepoint      ] Safepoint "Cleanup", Time since last: 3000240548 ns, Reaching safepoint: 7200 ns, Cleanup: 47200 ns, At safepoint: 6500 ns, Total: 60900 ns
[1128.590s][info ][gc,start       ] GC(136) Pause Young (Allocation Failure)
[1128.593s][debug][gc,phases      ] GC(136) Scavenge 2.974ms
[1128.593s][debug][gc,ref         ] GC(136) Skipped phase 1 of Reference Processing: no references
[1128.593s][debug][gc,ref         ] GC(136) ReferenceProcessor::execute queues: 1, RefProcThreadModel::Single, marks_oops_alive: false
[1128.593s][debug][gc,ref         ] GC(136) Skipped phase 3 of Reference Processing: no references
[1128.593s][debug][gc,ref         ] GC(136) ReferenceProcessor::execute queues: 1, RefProcThreadModel::Single, marks_oops_alive: false
[1128.593s][debug][gc,phases      ] GC(136) Reference Processing 0.086ms
[1128.593s][debug][gc,phases      ] GC(136)   VM Weak                        Min:  0.0, Avg:  0.0, Max:  0.0, Diff:  0.0, Sum:  0.0, Workers: 4
[1128.593s][debug][gc,phases      ] GC(136)     Dead                           Min: 0, Avg:  0.0, Max: 0, Diff: 0, Sum: 0, Workers: 4
[1128.593s][debug][gc,phases      ] GC(136)     Total                          Min: 0, Avg: 216.5, Max: 512, Diff: 512, Sum: 866, Workers: 4
[1128.593s][debug][gc,phases      ] GC(136)   ObjectSynchronizer Weak        Min:  0.0, Avg:  0.0, Max:  0.0, Diff:  0.0, Sum:  0.0, Workers: 4
[1128.593s][debug][gc,phases      ] GC(136)     Dead                           Min: 0, Avg:  0.0, Max: 0, Diff: 0, Sum: 0, Workers: 4
[1128.593s][debug][gc,phases      ] GC(136)     Total                          Min: 0, Avg:  1.2, Max: 5, Diff: 5, Sum: 5, Workers: 4
[1128.593s][debug][gc,phases      ] GC(136)   JVMTI Tag Weak OopStorage      Min:  0.0, Avg:  0.0, Max:  0.0, Diff:  0.0, Sum:  0.0, Workers: 4
[1128.593s][debug][gc,phases      ] GC(136)     Dead                           Min: 0, Avg:  0.0, Max: 0, Diff: 0, Sum: 0, Workers: 4
[1128.593s][debug][gc,phases      ] GC(136)     Total                          Min: 0, Avg:  0.0, Max: 0, Diff: 0, Sum: 0, Workers: 4
[1128.593s][debug][gc,phases      ] GC(136)   StringTable Weak               Min:  0.0, Avg:  0.1, Max:  0.1, Diff:  0.1, Sum:  0.3, Workers: 4
[1128.593s][debug][gc,phases      ] GC(136)     Dead                           Min: 0, Avg:  0.0, Max: 0, Diff: 0, Sum: 0, Workers: 4
[1128.593s][debug][gc,phases      ] GC(136)     Total                          Min: 0, Avg: 11179.8, Max: 20224, Diff: 20224, Sum: 44719, Workers: 4
[1128.593s][debug][gc,phases      ] GC(136)   ResolvedMethodTable Weak       Min:  0.0, Avg:  0.0, Max:  0.0, Diff:  0.0, Sum:  0.1, Workers: 4
[1128.593s][debug][gc,phases      ] GC(136)     Dead                           Min: 0, Avg:  0.0, Max: 0, Diff: 0, Sum: 0, Workers: 4
[1128.593s][debug][gc,phases      ] GC(136)     Total                          Min: 0, Avg: 2622.2, Max: 3968, Diff: 3968, Sum: 10489, Workers: 4
[1128.593s][debug][gc,phases      ] GC(136)   JNI Weak                       Min:  0.0, Avg:  0.0, Max:  0.0, Diff:  0.0, Sum:  0.0, Workers: 4
[1128.593s][debug][gc,phases      ] GC(136)     Dead                           Min: 0, Avg:  0.0, Max: 0, Diff: 0, Sum: 0, Workers: 4
[1128.593s][debug][gc,phases      ] GC(136)     Total                          Min: 0, Avg: 11.2, Max: 45, Diff: 45, Sum: 45, Workers: 4
[1128.593s][debug][gc,phases      ] GC(136)   StringDedup Table Weak         Min:  0.0, Avg:  0.0, Max:  0.0, Diff:  0.0, Sum:  0.0, Workers: 4
[1128.593s][debug][gc,phases      ] GC(136)     Dead                           Min: 0, Avg:  0.0, Max: 0, Diff: 0, Sum: 0, Workers: 4
[1128.593s][debug][gc,phases      ] GC(136)     Total                          Min: 0, Avg:  0.0, Max: 0, Diff: 0, Sum: 0, Workers: 4
[1128.593s][debug][gc,phases      ] GC(136)   StringDedup Requests0 Weak     Min:  0.0, Avg:  0.0, Max:  0.0, Diff:  0.0, Sum:  0.0, Workers: 4
[1128.593s][debug][gc,phases      ] GC(136)     Dead                           Min: 0, Avg:  0.0, Max: 0, Diff: 0, Sum: 0, Workers: 4
[1128.593s][debug][gc,phases      ] GC(136)     Total                          Min: 0, Avg:  0.0, Max: 0, Diff: 0, Sum: 0, Workers: 4
[1128.593s][debug][gc,phases      ] GC(136)   StringDedup Requests1 Weak     Min:  0.0, Avg:  0.0, Max:  0.0, Diff:  0.0, Sum:  0.0, Workers: 4
[1128.593s][debug][gc,phases      ] GC(136)     Dead                           Min: 0, Avg:  0.0, Max: 0, Diff: 0, Sum: 0, Workers: 4
[1128.593s][debug][gc,phases      ] GC(136)     Total                          Min: 0, Avg:  0.0, Max: 0, Diff: 0, Sum: 0, Workers: 4
[1128.593s][debug][gc,phases      ] GC(136)   Weak JFR Old Object Samples    Min:  0.0, Avg:  0.0, Max:  0.0, Diff:  0.0, Sum:  0.0, Workers: 4
[1128.593s][debug][gc,phases      ] GC(136)     Dead                           Min: 0, Avg:  0.0, Max: 0, Diff: 0, Sum: 0, Workers: 4
[1128.593s][debug][gc,phases      ] GC(136)     Total                          Min: 0, Avg:  0.0, Max: 0, Diff: 0, Sum: 0, Workers: 4
[1128.593s][debug][gc,phases      ] GC(136) Weak Processing 0.333ms
[1128.593s][debug][gc,age         ] GC(136) Desired survivor size 7340032 bytes, new threshold 15 (max threshold 15)
[1128.593s][info ][gc,heap        ] GC(136) PSYoungGen: 2084896K(2088960K)->2240K(2089984K) Eden: 2081280K(2081280K)->0K(2082816K) From: 3616K(7680K)->2240K(7168K)
[1128.593s][info ][gc,heap        ] GC(136) ParOldGen: 382844K(430080K)->382876K(430080K)
[1128.593s][info ][gc,metaspace   ] GC(136) Metaspace: 85261K(86336K)->85261K(86336K) NonClass: 72907K(73472K)->72907K(73472K) Class: 12353K(12864K)->12353K(12864K)
[1128.593s][info ][gc             ] GC(136) Pause Young (Allocation Failure) 2409M->376M(2461M) 3.487ms
[1128.593s][info ][gc,cpu         ] GC(136) User=0.01s Sys=0.00s Real=0.01s
[1128.593s][info ][safepoint      ] Safepoint "ParallelGCFailedAllocation", Time since last: 1931679699 ns, Reaching safepoint: 3300 ns, Cleanup: 37000 ns, At safepoint: 3546206 ns, Total: 3586506 ns
[1135.594s][info ][safepoint      ] Safepoint "Cleanup", Time since last: 7000465435 ns, Reaching safepoint: 71900 ns, Cleanup: 36800 ns, At safepoint: 5900 ns, Total: 114600 ns
[1136.594s][info ][safepoint      ] Safepoint "Cleanup", Time since last: 1000102396 ns, Reaching safepoint: 70700 ns, Cleanup: 54201 ns, At safepoint: 4300 ns, Total: 129201 ns
[1137.594s][info ][safepoint      ] Safepoint "Cleanup", Time since last: 1000101496 ns, Reaching safepoint: 72700 ns, Cleanup: 28800 ns, At safepoint: 2700 ns, Total: 104200 ns
[1138.142s][info ][gc,start       ] GC(137) Pause Young (Allocation Failure)
[1138.145s][debug][gc,phases      ] GC(137) Scavenge 3.170ms
[1138.145s][debug][gc,ref         ] GC(137) Skipped phase 1 of Reference Processing: no references
[1138.145s][debug][gc,ref         ] GC(137) ReferenceProcessor::execute queues: 1, RefProcThreadModel::Single, marks_oops_alive: false
[1138.145s][debug][gc,ref         ] GC(137) ReferenceProcessor::execute queues: 4, RefProcThreadModel::Multi, marks_oops_alive: true
[1138.145s][debug][gc,ref         ] GC(137) ReferenceProcessor::execute queues: 1, RefProcThreadModel::Single, marks_oops_alive: false
[1138.145s][debug][gc,phases      ] GC(137) Reference Processing 0.186ms
[1138.146s][debug][gc,phases      ] GC(137)   VM Weak                        Min:  0.0, Avg:  0.0, Max:  0.0, Diff:  0.0, Sum:  0.0, Workers: 4
[1138.146s][debug][gc,phases      ] GC(137)     Dead                           Min: 0, Avg:  0.0, Max: 0, Diff: 0, Sum: 0, Workers: 4
[1138.146s][debug][gc,phases      ] GC(137)     Total                          Min: 0, Avg: 216.5, Max: 704, Diff: 704, Sum: 866, Workers: 4
[1138.146s][debug][gc,phases      ] GC(137)   ObjectSynchronizer Weak        Min:  0.0, Avg:  0.0, Max:  0.0, Diff:  0.0, Sum:  0.0, Workers: 4
[1138.146s][debug][gc,phases      ] GC(137)     Dead                           Min: 0, Avg:  0.0, Max: 0, Diff: 0, Sum: 0, Workers: 4
[1138.146s][debug][gc,phases      ] GC(137)     Total                          Min: 0, Avg:  1.2, Max: 5, Diff: 5, Sum: 5, Workers: 4
[1138.146s][debug][gc,phases      ] GC(137)   JVMTI Tag Weak OopStorage      Min:  0.0, Avg:  0.0, Max:  0.0, Diff:  0.0, Sum:  0.0, Workers: 4
[1138.146s][debug][gc,phases      ] GC(137)     Dead                           Min: 0, Avg:  0.0, Max: 0, Diff: 0, Sum: 0, Workers: 4
[1138.146s][debug][gc,phases      ] GC(137)     Total                          Min: 0, Avg:  0.0, Max: 0, Diff: 0, Sum: 0, Workers: 4
[1138.146s][debug][gc,phases      ] GC(137)   StringTable Weak               Min:  0.0, Avg:  0.1, Max:  0.1, Diff:  0.1, Sum:  0.4, Workers: 4
[1138.146s][debug][gc,phases      ] GC(137)     Dead                           Min: 0, Avg:  0.0, Max: 0, Diff: 0, Sum: 0, Workers: 4
[1138.146s][debug][gc,phases      ] GC(137)     Total                          Min: 0, Avg: 11181.8, Max: 18359, Diff: 18359, Sum: 44727, Workers: 4
[1138.146s][debug][gc,phases      ] GC(137)   ResolvedMethodTable Weak       Min:  0.0, Avg:  0.0, Max:  0.0, Diff:  0.0, Sum:  0.1, Workers: 4
[1138.146s][debug][gc,phases      ] GC(137)     Dead                           Min: 0, Avg:  4.2, Max: 8, Diff: 8, Sum: 17, Workers: 4
[1138.146s][debug][gc,phases      ] GC(137)     Total                          Min: 0, Avg: 2625.5, Max: 4672, Diff: 4672, Sum: 10502, Workers: 4
[1138.146s][debug][gc,phases      ] GC(137)   JNI Weak                       Min:  0.0, Avg:  0.0, Max:  0.0, Diff:  0.0, Sum:  0.0, Workers: 4
[1138.146s][debug][gc,phases      ] GC(137)     Dead                           Min: 0, Avg:  0.0, Max: 0, Diff: 0, Sum: 0, Workers: 4
[1138.146s][debug][gc,phases      ] GC(137)     Total                          Min: 0, Avg: 11.2, Max: 45, Diff: 45, Sum: 45, Workers: 4
[1138.146s][debug][gc,phases      ] GC(137)   StringDedup Table Weak         Min:  0.0, Avg:  0.0, Max:  0.0, Diff:  0.0, Sum:  0.0, Workers: 4
[1138.146s][debug][gc,phases      ] GC(137)     Dead                           Min: 0, Avg:  0.0, Max: 0, Diff: 0, Sum: 0, Workers: 4
[1138.146s][debug][gc,phases      ] GC(137)     Total                          Min: 0, Avg:  0.0, Max: 0, Diff: 0, Sum: 0, Workers: 4
[1138.146s][debug][gc,phases      ] GC(137)   StringDedup Requests0 Weak     Min:  0.0, Avg:  0.0, Max:  0.0, Diff:  0.0, Sum:  0.0, Workers: 4
[1138.146s][debug][gc,phases      ] GC(137)     Dead                           Min: 0, Avg:  0.0, Max: 0, Diff: 0, Sum: 0, Workers: 4
[1138.146s][debug][gc,phases      ] GC(137)     Total                          Min: 0, Avg:  0.0, Max: 0, Diff: 0, Sum: 0, Workers: 4
[1138.146s][debug][gc,phases      ] GC(137)   StringDedup Requests1 Weak     Min:  0.0, Avg:  0.0, Max:  0.0, Diff:  0.0, Sum:  0.0, Workers: 4
[1138.146s][debug][gc,phases      ] GC(137)     Dead                           Min: 0, Avg:  0.0, Max: 0, Diff: 0, Sum: 0, Workers: 4
[1138.146s][debug][gc,phases      ] GC(137)     Total                          Min: 0, Avg:  0.0, Max: 0, Diff: 0, Sum: 0, Workers: 4
[1138.146s][debug][gc,phases      ] GC(137)   Weak JFR Old Object Samples    Min:  0.0, Avg:  0.0, Max:  0.0, Diff:  0.0, Sum:  0.0, Workers: 4
[1138.146s][debug][gc,phases      ] GC(137)     Dead                           Min: 0, Avg:  0.0, Max: 0, Diff: 0, Sum: 0, Workers: 4
[1138.146s][debug][gc,phases      ] GC(137)     Total                          Min: 0, Avg:  0.0, Max: 0, Diff: 0, Sum: 0, Workers: 4
[1138.146s][debug][gc,phases      ] GC(137) Weak Processing 0.309ms
[1138.146s][debug][gc,age         ] GC(137) Desired survivor size 7340032 bytes, new threshold 15 (max threshold 15)
[1138.146s][info ][gc,heap        ] GC(137) PSYoungGen: 2085056K(2089984K)->2256K(2089984K) Eden: 2082816K(2082816K)->0K(2082816K) From: 2240K(7168K)->2256K(7168K)
[1138.146s][info ][gc,heap        ] GC(137) ParOldGen: 382876K(430080K)->383068K(430080K)
[1138.146s][info ][gc,metaspace   ] GC(137) Metaspace: 85276K(86336K)->85276K(86336K) NonClass: 72919K(73472K)->72919K(73472K) Class: 12357K(12864K)->12357K(12864K)
[1138.146s][info ][gc             ] GC(137) Pause Young (Allocation Failure) 2410M->376M(2461M) 3.754ms
[1138.146s][info ][gc,cpu         ] GC(137) User=0.01s Sys=0.00s Real=0.00s
[1138.146s][info ][safepoint      ] Safepoint "ParallelGCFailedAllocation", Time since last: 547555173 ns, Reaching safepoint: 73600 ns, Cleanup: 26800 ns, At safepoint: 3821506 ns, Total: 3921906 ns
[1145.323s][info ][safepoint      ] Safepoint "Cleanup", Time since last: 7176694244 ns, Reaching safepoint: 3400 ns, Cleanup: 48400 ns, At safepoint: 4800 ns, Total: 56600 ns
[1146.323s][info ][safepoint      ] Safepoint "Cleanup", Time since last: 1000099269 ns, Reaching safepoint: 3900 ns, Cleanup: 93601 ns, At safepoint: 5200 ns, Total: 102701 ns
[1147.042s][info ][gc,start       ] GC(138) Pause Young (Allocation Failure)
[1147.046s][debug][gc,phases      ] GC(138) Scavenge 3.290ms
[1147.046s][debug][gc,ref         ] GC(138) Skipped phase 1 of Reference Processing: no references
[1147.046s][debug][gc,ref         ] GC(138) ReferenceProcessor::execute queues: 1, RefProcThreadModel::Single, marks_oops_alive: false
[1147.046s][debug][gc,ref         ] GC(138) Skipped phase 3 of Reference Processing: no references
[1147.046s][debug][gc,ref         ] GC(138) ReferenceProcessor::execute queues: 1, RefProcThreadModel::Single, marks_oops_alive: false
[1147.046s][debug][gc,phases      ] GC(138) Reference Processing 0.090ms
[1147.046s][debug][gc,phases      ] GC(138)   VM Weak                        Min:  0.0, Avg:  0.0, Max:  0.0, Diff:  0.0, Sum:  0.0, Workers: 4
[1147.046s][debug][gc,phases      ] GC(138)     Dead                           Min: 0, Avg:  0.0, Max: 0, Diff: 0, Sum: 0, Workers: 4
[1147.046s][debug][gc,phases      ] GC(138)     Total                          Min: 0, Avg: 216.5, Max: 610, Diff: 610, Sum: 866, Workers: 4
[1147.046s][debug][gc,phases      ] GC(138)   ObjectSynchronizer Weak        Min:  0.0, Avg:  0.0, Max:  0.0, Diff:  0.0, Sum:  0.0, Workers: 4
[1147.046s][debug][gc,phases      ] GC(138)     Dead                           Min: 0, Avg:  0.0, Max: 0, Diff: 0, Sum: 0, Workers: 4
[1147.046s][debug][gc,phases      ] GC(138)     Total                          Min: 0, Avg:  1.0, Max: 4, Diff: 4, Sum: 4, Workers: 4
[1147.046s][debug][gc,phases      ] GC(138)   JVMTI Tag Weak OopStorage      Min:  0.0, Avg:  0.0, Max:  0.0, Diff:  0.0, Sum:  0.0, Workers: 4
[1147.046s][debug][gc,phases      ] GC(138)     Dead                           Min: 0, Avg:  0.0, Max: 0, Diff: 0, Sum: 0, Workers: 4
[1147.046s][debug][gc,phases      ] GC(138)     Total                          Min: 0, Avg:  0.0, Max: 0, Diff: 0, Sum: 0, Workers: 4
[1147.046s][debug][gc,phases      ] GC(138)   StringTable Weak               Min:  0.0, Avg:  0.1, Max:  0.1, Diff:  0.1, Sum:  0.3, Workers: 4
[1147.046s][debug][gc,phases      ] GC(138)     Dead                           Min: 0, Avg:  0.0, Max: 0, Diff: 0, Sum: 0, Workers: 4
[1147.046s][debug][gc,phases      ] GC(138)     Total                          Min: 0, Avg: 11183.5, Max: 19520, Diff: 19520, Sum: 44734, Workers: 4
[1147.046s][debug][gc,phases      ] GC(138)   ResolvedMethodTable Weak       Min:  0.0, Avg:  0.0, Max:  0.0, Diff:  0.0, Sum:  0.1, Workers: 4
[1147.046s][debug][gc,phases      ] GC(138)     Dead                           Min: 0, Avg:  0.0, Max: 0, Diff: 0, Sum: 0, Workers: 4
[1147.046s][debug][gc,phases      ] GC(138)     Total                          Min: 0, Avg: 2625.5, Max: 4736, Diff: 4736, Sum: 10502, Workers: 4
[1147.046s][debug][gc,phases      ] GC(138)   JNI Weak                       Min:  0.0, Avg:  0.0, Max:  0.0, Diff:  0.0, Sum:  0.0, Workers: 4
[1147.046s][debug][gc,phases      ] GC(138)     Dead                           Min: 0, Avg:  0.0, Max: 0, Diff: 0, Sum: 0, Workers: 4
[1147.046s][debug][gc,phases      ] GC(138)     Total                          Min: 0, Avg: 11.2, Max: 45, Diff: 45, Sum: 45, Workers: 4
[1147.046s][debug][gc,phases      ] GC(138)   StringDedup Table Weak         Min:  0.0, Avg:  0.0, Max:  0.0, Diff:  0.0, Sum:  0.0, Workers: 4
[1147.046s][debug][gc,phases      ] GC(138)     Dead                           Min: 0, Avg:  0.0, Max: 0, Diff: 0, Sum: 0, Workers: 4
[1147.046s][debug][gc,phases      ] GC(138)     Total                          Min: 0, Avg:  0.0, Max: 0, Diff: 0, Sum: 0, Workers: 4
[1147.046s][debug][gc,phases      ] GC(138)   StringDedup Requests0 Weak     Min:  0.0, Avg:  0.0, Max:  0.0, Diff:  0.0, Sum:  0.0, Workers: 4
[1147.046s][debug][gc,phases      ] GC(138)     Dead                           Min: 0, Avg:  0.0, Max: 0, Diff: 0, Sum: 0, Workers: 4
[1147.046s][debug][gc,phases      ] GC(138)     Total                          Min: 0, Avg:  0.0, Max: 0, Diff: 0, Sum: 0, Workers: 4
[1147.046s][debug][gc,phases      ] GC(138)   StringDedup Requests1 Weak     Min:  0.0, Avg:  0.0, Max:  0.0, Diff:  0.0, Sum:  0.0, Workers: 4
[1147.046s][debug][gc,phases      ] GC(138)     Dead                           Min: 0, Avg:  0.0, Max: 0, Diff: 0, Sum: 0, Workers: 4
[1147.046s][debug][gc,phases      ] GC(138)     Total                          Min: 0, Avg:  0.0, Max: 0, Diff: 0, Sum: 0, Workers: 4
[1147.046s][debug][gc,phases      ] GC(138)   Weak JFR Old Object Samples    Min:  0.0, Avg:  0.0, Max:  0.0, Diff:  0.0, Sum:  0.0, Workers: 4
[1147.046s][debug][gc,phases      ] GC(138)     Dead                           Min: 0, Avg:  0.0, Max: 0, Diff: 0, Sum: 0, Workers: 4
[1147.046s][debug][gc,phases      ] GC(138)     Total                          Min: 0, Avg:  0.0, Max: 0, Diff: 0, Sum: 0, Workers: 4
[1147.046s][debug][gc,phases      ] GC(138) Weak Processing 0.313ms
[1147.046s][debug][gc,age         ] GC(138) Desired survivor size 8388608 bytes, new threshold 15 (max threshold 15)
[1147.046s][info ][gc,heap        ] GC(138) PSYoungGen: 2085072K(2089984K)->6946K(2087936K) Eden: 2082816K(2082816K)->0K(2080768K) From: 2256K(7168K)->6946K(7168K)
[1147.046s][info ][gc,heap        ] GC(138) ParOldGen: 383068K(430080K)->383100K(430080K)
[1147.046s][info ][gc,metaspace   ] GC(138) Metaspace: 85301K(86336K)->85301K(86336K) NonClass: 72944K(73472K)->72944K(73472K) Class: 12357K(12864K)->12357K(12864K)
[1147.046s][info ][gc             ] GC(138) Pause Young (Allocation Failure) 2410M->380M(2459M) 3.793ms
[1147.046s][info ][gc,cpu         ] GC(138) User=0.01s Sys=0.00s Real=0.00s
[1147.046s][info ][safepoint      ] Safepoint "ParallelGCFailedAllocation", Time since last: 719413620 ns, Reaching safepoint: 71700 ns, Cleanup: 37500 ns, At safepoint: 3860806 ns, Total: 3970006 ns
[1149.046s][info ][safepoint      ] Safepoint "Cleanup", Time since last: 2000150215 ns, Reaching safepoint: 3500 ns, Cleanup: 40900 ns, At safepoint: 2400 ns, Total: 46800 ns
[1151.047s][info ][safepoint      ] Safepoint "Cleanup", Time since last: 2000172816 ns, Reaching safepoint: 71300 ns, Cleanup: 33500 ns, At safepoint: 5800 ns, Total: 110600 ns
[1152.047s][info ][safepoint      ] Safepoint "Cleanup", Time since last: 1000100857 ns, Reaching safepoint: 3900 ns, Cleanup: 30301 ns, At safepoint: 2200 ns, Total: 36401 ns
[1155.743s][info ][gc,start       ] GC(139) Pause Young (Allocation Failure)
[1155.747s][debug][gc,phases      ] GC(139) Scavenge 3.522ms
[1155.747s][debug][gc,ref         ] GC(139) Skipped phase 1 of Reference Processing: no references
[1155.747s][debug][gc,ref         ] GC(139) ReferenceProcessor::execute queues: 1, RefProcThreadModel::Single, marks_oops_alive: false
[1155.747s][debug][gc,ref         ] GC(139) ReferenceProcessor::execute queues: 4, RefProcThreadModel::Multi, marks_oops_alive: true
[1155.747s][debug][gc,ref         ] GC(139) ReferenceProcessor::execute queues: 1, RefProcThreadModel::Single, marks_oops_alive: false
[1155.747s][debug][gc,phases      ] GC(139) Reference Processing 0.169ms
[1155.747s][debug][gc,phases      ] GC(139)   VM Weak                        Min:  0.0, Avg:  0.0, Max:  0.0, Diff:  0.0, Sum:  0.0, Workers: 4
[1155.747s][debug][gc,phases      ] GC(139)     Dead                           Min: 0, Avg:  0.0, Max: 0, Diff: 0, Sum: 0, Workers: 4
[1155.747s][debug][gc,phases      ] GC(139)     Total                          Min: 0, Avg: 216.5, Max: 738, Diff: 738, Sum: 866, Workers: 4
[1155.747s][debug][gc,phases      ] GC(139)   ObjectSynchronizer Weak        Min:  0.0, Avg:  0.0, Max:  0.0, Diff:  0.0, Sum:  0.0, Workers: 4
[1155.747s][debug][gc,phases      ] GC(139)     Dead                           Min: 0, Avg:  0.0, Max: 0, Diff: 0, Sum: 0, Workers: 4
[1155.747s][debug][gc,phases      ] GC(139)     Total                          Min: 0, Avg:  1.0, Max: 4, Diff: 4, Sum: 4, Workers: 4
[1155.747s][debug][gc,phases      ] GC(139)   JVMTI Tag Weak OopStorage      Min:  0.0, Avg:  0.0, Max:  0.0, Diff:  0.0, Sum:  0.0, Workers: 4
[1155.747s][debug][gc,phases      ] GC(139)     Dead                           Min: 0, Avg:  0.0, Max: 0, Diff: 0, Sum: 0, Workers: 4
[1155.747s][debug][gc,phases      ] GC(139)     Total                          Min: 0, Avg:  0.0, Max: 0, Diff: 0, Sum: 0, Workers: 4
[1155.747s][debug][gc,phases      ] GC(139)   StringTable Weak               Min:  0.1, Avg:  0.1, Max:  0.1, Diff:  0.0, Sum:  0.4, Workers: 4
[1155.747s][debug][gc,phases      ] GC(139)     Dead                           Min: 0, Avg:  0.0, Max: 0, Diff: 0, Sum: 0, Workers: 4
[1155.747s][debug][gc,phases      ] GC(139)     Total                          Min: 10879, Avg: 11183.8, Max: 11520, Diff: 641, Sum: 44735, Workers: 4
[1155.747s][debug][gc,phases      ] GC(139)   ResolvedMethodTable Weak       Min:  0.0, Avg:  0.0, Max:  0.0, Diff:  0.0, Sum:  0.1, Workers: 4
[1155.747s][debug][gc,phases      ] GC(139)     Dead                           Min: 0, Avg:  0.0, Max: 0, Diff: 0, Sum: 0, Workers: 4
[1155.747s][debug][gc,phases      ] GC(139)     Total                          Min: 2430, Avg: 2625.5, Max: 2816, Diff: 386, Sum: 10502, Workers: 4
[1155.747s][debug][gc,phases      ] GC(139)   JNI Weak                       Min:  0.0, Avg:  0.0, Max:  0.0, Diff:  0.0, Sum:  0.0, Workers: 4
[1155.747s][debug][gc,phases      ] GC(139)     Dead                           Min: 0, Avg:  0.0, Max: 0, Diff: 0, Sum: 0, Workers: 4
[1155.747s][debug][gc,phases      ] GC(139)     Total                          Min: 0, Avg: 11.2, Max: 45, Diff: 45, Sum: 45, Workers: 4
[1155.747s][debug][gc,phases      ] GC(139)   StringDedup Table Weak         Min:  0.0, Avg:  0.0, Max:  0.0, Diff:  0.0, Sum:  0.0, Workers: 4
[1155.747s][debug][gc,phases      ] GC(139)     Dead                           Min: 0, Avg:  0.0, Max: 0, Diff: 0, Sum: 0, Workers: 4
[1155.747s][debug][gc,phases      ] GC(139)     Total                          Min: 0, Avg:  0.0, Max: 0, Diff: 0, Sum: 0, Workers: 4
[1155.747s][debug][gc,phases      ] GC(139)   StringDedup Requests0 Weak     Min:  0.0, Avg:  0.0, Max:  0.0, Diff:  0.0, Sum:  0.0, Workers: 4
[1155.747s][debug][gc,phases      ] GC(139)     Dead                           Min: 0, Avg:  0.0, Max: 0, Diff: 0, Sum: 0, Workers: 4
[1155.747s][debug][gc,phases      ] GC(139)     Total                          Min: 0, Avg:  0.0, Max: 0, Diff: 0, Sum: 0, Workers: 4
[1155.747s][debug][gc,phases      ] GC(139)   StringDedup Requests1 Weak     Min:  0.0, Avg:  0.0, Max:  0.0, Diff:  0.0, Sum:  0.0, Workers: 4
[1155.747s][debug][gc,phases      ] GC(139)     Dead                           Min: 0, Avg:  0.0, Max: 0, Diff: 0, Sum: 0, Workers: 4
[1155.747s][debug][gc,phases      ] GC(139)     Total                          Min: 0, Avg:  0.0, Max: 0, Diff: 0, Sum: 0, Workers: 4
[1155.747s][debug][gc,phases      ] GC(139)   Weak JFR Old Object Samples    Min:  0.0, Avg:  0.0, Max:  0.0, Diff:  0.0, Sum:  0.0, Workers: 4
[1155.747s][debug][gc,phases      ] GC(139)     Dead                           Min: 0, Avg:  0.0, Max: 0, Diff: 0, Sum: 0, Workers: 4
[1155.747s][debug][gc,phases      ] GC(139)     Total                          Min: 0, Avg:  0.0, Max: 0, Diff: 0, Sum: 0, Workers: 4
[1155.747s][debug][gc,phases      ] GC(139) Weak Processing 0.307ms
[1155.747s][debug][gc,age         ] GC(139) Desired survivor size 8912896 bytes, new threshold 15 (max threshold 15)
[1155.747s][info ][gc,heap        ] GC(139) PSYoungGen: 2087714K(2087936K)->6613K(2087424K) Eden: 2080768K(2080768K)->0K(2080768K) From: 6946K(7168K)->6613K(6656K)
[1155.747s][info ][gc,heap        ] GC(139) ParOldGen: 383100K(430080K)->383124K(430080K)
[1155.747s][info ][gc,metaspace   ] GC(139) Metaspace: 85308K(86400K)->85308K(86400K) NonClass: 72951K(73536K)->72951K(73536K) Class: 12357K(12864K)->12357K(12864K)
[1155.747s][info ][gc             ] GC(139) Pause Young (Allocation Failure) 2412M->380M(2458M) 4.094ms
[1155.747s][info ][gc,cpu         ] GC(139) User=0.02s Sys=0.00s Real=0.00s
[1155.747s][info ][safepoint      ] Safepoint "ParallelGCFailedAllocation", Time since last: 3696064214 ns, Reaching safepoint: 72800 ns, Cleanup: 18900 ns, At safepoint: 4162906 ns, Total: 4254606 ns
[1161.748s][info ][safepoint      ] Safepoint "Cleanup", Time since last: 6000406280 ns, Reaching safepoint: 3800 ns, Cleanup: 33600 ns, At safepoint: 2400 ns, Total: 39800 ns
[1164.495s][info ][gc,start       ] GC(140) Pause Young (Allocation Failure)
[1164.498s][debug][gc,phases      ] GC(140) Scavenge 2.989ms
[1164.498s][debug][gc,ref         ] GC(140) Skipped phase 1 of Reference Processing: no references
[1164.498s][debug][gc,ref         ] GC(140) ReferenceProcessor::execute queues: 1, RefProcThreadModel::Single, marks_oops_alive: false
[1164.498s][debug][gc,ref         ] GC(140) Skipped phase 3 of Reference Processing: no references
[1164.498s][debug][gc,ref         ] GC(140) ReferenceProcessor::execute queues: 1, RefProcThreadModel::Single, marks_oops_alive: false
[1164.498s][debug][gc,phases      ] GC(140) Reference Processing 0.096ms
[1164.498s][debug][gc,phases      ] GC(140)   VM Weak                        Min:  0.0, Avg:  0.0, Max:  0.0, Diff:  0.0, Sum:  0.0, Workers: 4
[1164.498s][debug][gc,phases      ] GC(140)     Dead                           Min: 0, Avg:  0.0, Max: 0, Diff: 0, Sum: 0, Workers: 4
[1164.498s][debug][gc,phases      ] GC(140)     Total                          Min: 0, Avg: 216.5, Max: 640, Diff: 640, Sum: 866, Workers: 4
[1164.498s][debug][gc,phases      ] GC(140)   ObjectSynchronizer Weak        Min:  0.0, Avg:  0.0, Max:  0.0, Diff:  0.0, Sum:  0.0, Workers: 4
[1164.498s][debug][gc,phases      ] GC(140)     Dead                           Min: 0, Avg:  0.0, Max: 0, Diff: 0, Sum: 0, Workers: 4
[1164.498s][debug][gc,phases      ] GC(140)     Total                          Min: 0, Avg:  1.0, Max: 4, Diff: 4, Sum: 4, Workers: 4
[1164.498s][debug][gc,phases      ] GC(140)   JVMTI Tag Weak OopStorage      Min:  0.0, Avg:  0.0, Max:  0.0, Diff:  0.0, Sum:  0.0, Workers: 4
[1164.498s][debug][gc,phases      ] GC(140)     Dead                           Min: 0, Avg:  0.0, Max: 0, Diff: 0, Sum: 0, Workers: 4
[1164.498s][debug][gc,phases      ] GC(140)     Total                          Min: 0, Avg:  0.0, Max: 0, Diff: 0, Sum: 0, Workers: 4
[1164.498s][debug][gc,phases      ] GC(140)   StringTable Weak               Min:  0.0, Avg:  0.1, Max:  0.1, Diff:  0.1, Sum:  0.3, Workers: 4
[1164.498s][debug][gc,phases      ] GC(140)     Dead                           Min: 0, Avg:  0.0, Max: 0, Diff: 0, Sum: 0, Workers: 4
[1164.498s][debug][gc,phases      ] GC(140)     Total                          Min: 0, Avg: 11183.8, Max: 19776, Diff: 19776, Sum: 44735, Workers: 4
[1164.498s][debug][gc,phases      ] GC(140)   ResolvedMethodTable Weak       Min:  0.0, Avg:  0.0, Max:  0.0, Diff:  0.0, Sum:  0.1, Workers: 4
[1164.498s][debug][gc,phases      ] GC(140)     Dead                           Min: 0, Avg:  0.0, Max: 0, Diff: 0, Sum: 0, Workers: 4
[1164.498s][debug][gc,phases      ] GC(140)     Total                          Min: 0, Avg: 2625.5, Max: 4672, Diff: 4672, Sum: 10502, Workers: 4
[1164.498s][debug][gc,phases      ] GC(140)   JNI Weak                       Min:  0.0, Avg:  0.0, Max:  0.0, Diff:  0.0, Sum:  0.0, Workers: 4
[1164.498s][debug][gc,phases      ] GC(140)     Dead                           Min: 0, Avg:  0.0, Max: 0, Diff: 0, Sum: 0, Workers: 4
[1164.498s][debug][gc,phases      ] GC(140)     Total                          Min: 0, Avg: 11.2, Max: 45, Diff: 45, Sum: 45, Workers: 4
[1164.498s][debug][gc,phases      ] GC(140)   StringDedup Table Weak         Min:  0.0, Avg:  0.0, Max:  0.0, Diff:  0.0, Sum:  0.0, Workers: 4
[1164.498s][debug][gc,phases      ] GC(140)     Dead                           Min: 0, Avg:  0.0, Max: 0, Diff: 0, Sum: 0, Workers: 4
[1164.498s][debug][gc,phases      ] GC(140)     Total                          Min: 0, Avg:  0.0, Max: 0, Diff: 0, Sum: 0, Workers: 4
[1164.498s][debug][gc,phases      ] GC(140)   StringDedup Requests0 Weak     Min:  0.0, Avg:  0.0, Max:  0.0, Diff:  0.0, Sum:  0.0, Workers: 4
[1164.498s][debug][gc,phases      ] GC(140)     Dead                           Min: 0, Avg:  0.0, Max: 0, Diff: 0, Sum: 0, Workers: 4
[1164.498s][debug][gc,phases      ] GC(140)     Total                          Min: 0, Avg:  0.0, Max: 0, Diff: 0, Sum: 0, Workers: 4
[1164.498s][debug][gc,phases      ] GC(140)   StringDedup Requests1 Weak     Min:  0.0, Avg:  0.0, Max:  0.0, Diff:  0.0, Sum:  0.0, Workers: 4
[1164.498s][debug][gc,phases      ] GC(140)     Dead                           Min: 0, Avg:  0.0, Max: 0, Diff: 0, Sum: 0, Workers: 4
[1164.498s][debug][gc,phases      ] GC(140)     Total                          Min: 0, Avg:  0.0, Max: 0, Diff: 0, Sum: 0, Workers: 4
[1164.498s][debug][gc,phases      ] GC(140)   Weak JFR Old Object Samples    Min:  0.0, Avg:  0.0, Max:  0.0, Diff:  0.0, Sum:  0.0, Workers: 4
[1164.498s][debug][gc,phases      ] GC(140)     Dead                           Min: 0, Avg:  0.0, Max: 0, Diff: 0, Sum: 0, Workers: 4
[1164.498s][debug][gc,phases      ] GC(140)     Total                          Min: 0, Avg:  0.0, Max: 0, Diff: 0, Sum: 0, Workers: 4
[1164.498s][debug][gc,phases      ] GC(140) Weak Processing 0.312ms
[1164.498s][debug][gc,age         ] GC(140) Desired survivor size 9437184 bytes, new threshold 15 (max threshold 15)
[1164.498s][info ][gc,heap        ] GC(140) PSYoungGen: 2087381K(2087424K)->6517K(2087424K) Eden: 2080768K(2080768K)->0K(2078720K) From: 6613K(6656K)->6517K(8704K)
[1164.498s][info ][gc,heap        ] GC(140) ParOldGen: 383124K(430080K)->383132K(430080K)
[1164.498s][info ][gc,metaspace   ] GC(140) Metaspace: 85310K(86400K)->85310K(86400K) NonClass: 72953K(73536K)->72953K(73536K) Class: 12357K(12864K)->12357K(12864K)
[1164.498s][info ][gc             ] GC(140) Pause Young (Allocation Failure) 2412M->380M(2458M) 3.502ms
[1164.498s][info ][gc,cpu         ] GC(140) User=0.02s Sys=0.00s Real=0.00s
[1164.498s][info ][safepoint      ] Safepoint "ParallelGCFailedAllocation", Time since last: 2747185168 ns, Reaching safepoint: 72000 ns, Cleanup: 27600 ns, At safepoint: 3567103 ns, Total: 3666703 ns
[1170.499s][info ][safepoint      ] Safepoint "Cleanup", Time since last: 6000405238 ns, Reaching safepoint: 3400 ns, Cleanup: 36900 ns, At safepoint: 2100 ns, Total: 42400 ns
[1173.243s][info ][gc,start       ] GC(141) Pause Young (Allocation Failure)
[1173.247s][debug][gc,phases      ] GC(141) Scavenge 3.836ms
[1173.247s][debug][gc,ref         ] GC(141) Skipped phase 1 of Reference Processing: no references
[1173.247s][debug][gc,ref         ] GC(141) ReferenceProcessor::execute queues: 1, RefProcThreadModel::Single, marks_oops_alive: false
[1173.247s][debug][gc,ref         ] GC(141) Skipped phase 3 of Reference Processing: no references
[1173.247s][debug][gc,ref         ] GC(141) ReferenceProcessor::execute queues: 1, RefProcThreadModel::Single, marks_oops_alive: false
[1173.247s][debug][gc,phases      ] GC(141) Reference Processing 0.101ms
[1173.247s][debug][gc,phases      ] GC(141)   VM Weak                        Min:  0.0, Avg:  0.0, Max:  0.0, Diff:  0.0, Sum:  0.0, Workers: 4
[1173.247s][debug][gc,phases      ] GC(141)     Dead                           Min: 0, Avg:  0.0, Max: 0, Diff: 0, Sum: 0, Workers: 4
[1173.247s][debug][gc,phases      ] GC(141)     Total                          Min: 0, Avg: 216.5, Max: 768, Diff: 768, Sum: 866, Workers: 4
[1173.247s][debug][gc,phases      ] GC(141)   ObjectSynchronizer Weak        Min:  0.0, Avg:  0.0, Max:  0.0, Diff:  0.0, Sum:  0.0, Workers: 4
[1173.247s][debug][gc,phases      ] GC(141)     Dead                           Min: 0, Avg:  0.0, Max: 0, Diff: 0, Sum: 0, Workers: 4
[1173.247s][debug][gc,phases      ] GC(141)     Total                          Min: 0, Avg:  1.0, Max: 4, Diff: 4, Sum: 4, Workers: 4
[1173.247s][debug][gc,phases      ] GC(141)   JVMTI Tag Weak OopStorage      Min:  0.0, Avg:  0.0, Max:  0.0, Diff:  0.0, Sum:  0.0, Workers: 4
[1173.247s][debug][gc,phases      ] GC(141)     Dead                           Min: 0, Avg:  0.0, Max: 0, Diff: 0, Sum: 0, Workers: 4
[1173.247s][debug][gc,phases      ] GC(141)     Total                          Min: 0, Avg:  0.0, Max: 0, Diff: 0, Sum: 0, Workers: 4
[1173.247s][debug][gc,phases      ] GC(141)   StringTable Weak               Min:  0.0, Avg:  0.1, Max:  0.1, Diff:  0.1, Sum:  0.3, Workers: 4
[1173.247s][debug][gc,phases      ] GC(141)     Dead                           Min: 0, Avg:  0.0, Max: 0, Diff: 0, Sum: 0, Workers: 4
[1173.247s][debug][gc,phases      ] GC(141)     Total                          Min: 0, Avg: 11183.8, Max: 19648, Diff: 19648, Sum: 44735, Workers: 4
[1173.247s][debug][gc,phases      ] GC(141)   ResolvedMethodTable Weak       Min:  0.0, Avg:  0.0, Max:  0.0, Diff:  0.0, Sum:  0.1, Workers: 4
[1173.247s][debug][gc,phases      ] GC(141)     Dead                           Min: 0, Avg:  0.0, Max: 0, Diff: 0, Sum: 0, Workers: 4
[1173.248s][debug][gc,phases      ] GC(141)     Total                          Min: 0, Avg: 2625.5, Max: 4424, Diff: 4424, Sum: 10502, Workers: 4
[1173.248s][debug][gc,phases      ] GC(141)   JNI Weak                       Min:  0.0, Avg:  0.0, Max:  0.0, Diff:  0.0, Sum:  0.0, Workers: 4
[1173.248s][debug][gc,phases      ] GC(141)     Dead                           Min: 0, Avg:  0.0, Max: 0, Diff: 0, Sum: 0, Workers: 4
[1173.248s][debug][gc,phases      ] GC(141)     Total                          Min: 0, Avg: 11.2, Max: 45, Diff: 45, Sum: 45, Workers: 4
[1173.248s][debug][gc,phases      ] GC(141)   StringDedup Table Weak         Min:  0.0, Avg:  0.0, Max:  0.0, Diff:  0.0, Sum:  0.0, Workers: 4
[1173.248s][debug][gc,phases      ] GC(141)     Dead                           Min: 0, Avg:  0.0, Max: 0, Diff: 0, Sum: 0, Workers: 4
[1173.248s][debug][gc,phases      ] GC(141)     Total                          Min: 0, Avg:  0.0, Max: 0, Diff: 0, Sum: 0, Workers: 4
[1173.248s][debug][gc,phases      ] GC(141)   StringDedup Requests0 Weak     Min:  0.0, Avg:  0.0, Max:  0.0, Diff:  0.0, Sum:  0.0, Workers: 4
[1173.248s][debug][gc,phases      ] GC(141)     Dead                           Min: 0, Avg:  0.0, Max: 0, Diff: 0, Sum: 0, Workers: 4
[1173.248s][debug][gc,phases      ] GC(141)     Total                          Min: 0, Avg:  0.0, Max: 0, Diff: 0, Sum: 0, Workers: 4
[1173.248s][debug][gc,phases      ] GC(141)   StringDedup Requests1 Weak     Min:  0.0, Avg:  0.0, Max:  0.0, Diff:  0.0, Sum:  0.0, Workers: 4
[1173.248s][debug][gc,phases      ] GC(141)     Dead                           Min: 0, Avg:  0.0, Max: 0, Diff: 0, Sum: 0, Workers: 4
[1173.248s][debug][gc,phases      ] GC(141)     Total                          Min: 0, Avg:  0.0, Max: 0, Diff: 0, Sum: 0, Workers: 4
[1173.248s][debug][gc,phases      ] GC(141)   Weak JFR Old Object Samples    Min:  0.0, Avg:  0.0, Max:  0.0, Diff:  0.0, Sum:  0.0, Workers: 4
[1173.248s][debug][gc,phases      ] GC(141)     Dead                           Min: 0, Avg:  0.0, Max: 0, Diff: 0, Sum: 0, Workers: 4
[1173.248s][debug][gc,phases      ] GC(141)     Total                          Min: 0, Avg:  0.0, Max: 0, Diff: 0, Sum: 0, Workers: 4
[1173.248s][debug][gc,phases      ] GC(141) Weak Processing 0.297ms
[1173.248s][debug][gc,age         ] GC(141) Desired survivor size 9437184 bytes, new threshold 15 (max threshold 15)
[1173.248s][info ][gc,heap        ] GC(141) PSYoungGen: 2085237K(2087424K)->6565K(2087936K) Eden: 2078720K(2078720K)->0K(2078720K) From: 6517K(8704K)->6565K(9216K)
[1173.248s][info ][gc,heap        ] GC(141) ParOldGen: 383132K(430080K)->383148K(430080K)
[1173.248s][info ][gc,metaspace   ] GC(141) Metaspace: 85310K(86400K)->85310K(86400K) NonClass: 72953K(73536K)->72953K(73536K) Class: 12357K(12864K)->12357K(12864K)
[1173.248s][info ][gc             ] GC(141) Pause Young (Allocation Failure) 2410M->380M(2459M) 4.322ms
[1173.248s][info ][gc,cpu         ] GC(141) User=0.02s Sys=0.00s Real=0.00s
[1173.248s][info ][safepoint      ] Safepoint "ParallelGCFailedAllocation", Time since last: 2744319381 ns, Reaching safepoint: 74000 ns, Cleanup: 35900 ns, At safepoint: 4387005 ns, Total: 4496905 ns
[1181.995s][info ][gc,start       ] GC(142) Pause Young (Allocation Failure)
[1181.998s][debug][gc,phases      ] GC(142) Scavenge 3.071ms
[1181.998s][debug][gc,ref         ] GC(142) Skipped phase 1 of Reference Processing: no references
[1181.998s][debug][gc,ref         ] GC(142) ReferenceProcessor::execute queues: 1, RefProcThreadModel::Single, marks_oops_alive: false
[1181.998s][debug][gc,ref         ] GC(142) Skipped phase 3 of Reference Processing: no references
[1181.998s][debug][gc,ref         ] GC(142) ReferenceProcessor::execute queues: 1, RefProcThreadModel::Single, marks_oops_alive: false
[1181.998s][debug][gc,phases      ] GC(142) Reference Processing 0.089ms
[1181.998s][debug][gc,phases      ] GC(142)   VM Weak                        Min:  0.0, Avg:  0.0, Max:  0.0, Diff:  0.0, Sum:  0.0, Workers: 4
[1181.998s][debug][gc,phases      ] GC(142)     Dead                           Min: 0, Avg:  0.0, Max: 0, Diff: 0, Sum: 0, Workers: 4
[1181.998s][debug][gc,phases      ] GC(142)     Total                          Min: 0, Avg: 216.5, Max: 610, Diff: 610, Sum: 866, Workers: 4
[1181.998s][debug][gc,phases      ] GC(142)   ObjectSynchronizer Weak        Min:  0.0, Avg:  0.0, Max:  0.0, Diff:  0.0, Sum:  0.0, Workers: 4
[1181.998s][debug][gc,phases      ] GC(142)     Dead                           Min: 0, Avg:  0.0, Max: 0, Diff: 0, Sum: 0, Workers: 4
[1181.998s][debug][gc,phases      ] GC(142)     Total                          Min: 0, Avg:  1.0, Max: 4, Diff: 4, Sum: 4, Workers: 4
[1181.998s][debug][gc,phases      ] GC(142)   JVMTI Tag Weak OopStorage      Min:  0.0, Avg:  0.0, Max:  0.0, Diff:  0.0, Sum:  0.0, Workers: 4
[1181.998s][debug][gc,phases      ] GC(142)     Dead                           Min: 0, Avg:  0.0, Max: 0, Diff: 0, Sum: 0, Workers: 4
[1181.998s][debug][gc,phases      ] GC(142)     Total                          Min: 0, Avg:  0.0, Max: 0, Diff: 0, Sum: 0, Workers: 4
[1181.998s][debug][gc,phases      ] GC(142)   StringTable Weak               Min:  0.0, Avg:  0.1, Max:  0.1, Diff:  0.1, Sum:  0.3, Workers: 4
[1181.998s][debug][gc,phases      ] GC(142)     Dead                           Min: 0, Avg:  0.0, Max: 0, Diff: 0, Sum: 0, Workers: 4
[1181.998s][debug][gc,phases      ] GC(142)     Total                          Min: 0, Avg: 11183.8, Max: 19328, Diff: 19328, Sum: 44735, Workers: 4
[1181.998s][debug][gc,phases      ] GC(142)   ResolvedMethodTable Weak       Min:  0.0, Avg:  0.0, Max:  0.0, Diff:  0.0, Sum:  0.1, Workers: 4
[1181.998s][debug][gc,phases      ] GC(142)     Dead                           Min: 0, Avg:  0.0, Max: 0, Diff: 0, Sum: 0, Workers: 4
[1181.998s][debug][gc,phases      ] GC(142)     Total                          Min: 0, Avg: 2625.5, Max: 4552, Diff: 4552, Sum: 10502, Workers: 4
[1181.998s][debug][gc,phases      ] GC(142)   JNI Weak                       Min:  0.0, Avg:  0.0, Max:  0.0, Diff:  0.0, Sum:  0.0, Workers: 4
[1181.998s][debug][gc,phases      ] GC(142)     Dead                           Min: 0, Avg:  0.0, Max: 0, Diff: 0, Sum: 0, Workers: 4
[1181.998s][debug][gc,phases      ] GC(142)     Total                          Min: 0, Avg: 11.2, Max: 45, Diff: 45, Sum: 45, Workers: 4
[1181.998s][debug][gc,phases      ] GC(142)   StringDedup Table Weak         Min:  0.0, Avg:  0.0, Max:  0.0, Diff:  0.0, Sum:  0.0, Workers: 4
[1181.998s][debug][gc,phases      ] GC(142)     Dead                           Min: 0, Avg:  0.0, Max: 0, Diff: 0, Sum: 0, Workers: 4
[1181.998s][debug][gc,phases      ] GC(142)     Total                          Min: 0, Avg:  0.0, Max: 0, Diff: 0, Sum: 0, Workers: 4
[1181.998s][debug][gc,phases      ] GC(142)   StringDedup Requests0 Weak     Min:  0.0, Avg:  0.0, Max:  0.0, Diff:  0.0, Sum:  0.0, Workers: 4
[1181.998s][debug][gc,phases      ] GC(142)     Dead                           Min: 0, Avg:  0.0, Max: 0, Diff: 0, Sum: 0, Workers: 4
[1181.998s][debug][gc,phases      ] GC(142)     Total                          Min: 0, Avg:  0.0, Max: 0, Diff: 0, Sum: 0, Workers: 4
[1181.998s][debug][gc,phases      ] GC(142)   StringDedup Requests1 Weak     Min:  0.0, Avg:  0.0, Max:  0.0, Diff:  0.0, Sum:  0.0, Workers: 4
[1181.998s][debug][gc,phases      ] GC(142)     Dead                           Min: 0, Avg:  0.0, Max: 0, Diff: 0, Sum: 0, Workers: 4
[1181.998s][debug][gc,phases      ] GC(142)     Total                          Min: 0, Avg:  0.0, Max: 0, Diff: 0, Sum: 0, Workers: 4
[1181.998s][debug][gc,phases      ] GC(142)   Weak JFR Old Object Samples    Min:  0.0, Avg:  0.0, Max:  0.0, Diff:  0.0, Sum:  0.0, Workers: 4
[1181.998s][debug][gc,phases      ] GC(142)     Dead                           Min: 0, Avg:  0.0, Max: 0, Diff: 0, Sum: 0, Workers: 4
[1181.998s][debug][gc,phases      ] GC(142)     Total                          Min: 0, Avg:  0.0, Max: 0, Diff: 0, Sum: 0, Workers: 4
[1181.998s][debug][gc,phases      ] GC(142) Weak Processing 0.307ms
[1181.998s][debug][gc,age         ] GC(142) Desired survivor size 9961472 bytes, new threshold 15 (max threshold 15)
[1181.998s][info ][gc,heap        ] GC(142) PSYoungGen: 2085285K(2087936K)->6565K(2086912K) Eden: 2078720K(2078720K)->0K(2077696K) From: 6565K(9216K)->6565K(9216K)
[1181.998s][info ][gc,heap        ] GC(142) ParOldGen: 383148K(430080K)->383188K(430080K)
[1181.998s][info ][gc,metaspace   ] GC(142) Metaspace: 85311K(86400K)->85311K(86400K) NonClass: 72954K(73536K)->72954K(73536K) Class: 12357K(12864K)->12357K(12864K)
[1181.998s][info ][gc             ] GC(142) Pause Young (Allocation Failure) 2410M->380M(2458M) 3.563ms
[1181.998s][info ][gc,cpu         ] GC(142) User=0.01s Sys=0.00s Real=0.00s
[1181.998s][info ][safepoint      ] Safepoint "ParallelGCFailedAllocation", Time since last: 8746748624 ns, Reaching safepoint: 72300 ns, Cleanup: 33500 ns, At safepoint: 3637704 ns, Total: 3743504 ns
[1183.998s][info ][safepoint      ] Safepoint "Cleanup", Time since last: 2000153238 ns, Reaching safepoint: 5000 ns, Cleanup: 27600 ns, At safepoint: 2000 ns, Total: 34600 ns
[1185.999s][info ][safepoint      ] Safepoint "Cleanup", Time since last: 2000165108 ns, Reaching safepoint: 3900 ns, Cleanup: 40700 ns, At safepoint: 5100 ns, Total: 49700 ns
[1187.999s][info ][safepoint      ] Safepoint "Cleanup", Time since last: 2000176849 ns, Reaching safepoint: 3700 ns, Cleanup: 31900 ns, At safepoint: 6600 ns, Total: 42200 ns
[1189.999s][info ][safepoint      ] Safepoint "Cleanup", Time since last: 2000342450 ns, Reaching safepoint: 85201 ns, Cleanup: 42800 ns, At safepoint: 21700 ns, Total: 149701 ns
[1190.649s][info ][gc,start       ] GC(143) Pause Young (Allocation Failure)
[1190.659s][debug][gc,phases      ] GC(143) Scavenge 10.007ms
[1190.659s][debug][gc,ref         ] GC(143) Skipped phase 1 of Reference Processing: no references
[1190.659s][debug][gc,ref         ] GC(143) ReferenceProcessor::execute queues: 1, RefProcThreadModel::Single, marks_oops_alive: false
[1190.659s][debug][gc,ref         ] GC(143) Skipped phase 3 of Reference Processing: no references
[1190.659s][debug][gc,ref         ] GC(143) ReferenceProcessor::execute queues: 1, RefProcThreadModel::Single, marks_oops_alive: false
[1190.659s][debug][gc,phases      ] GC(143) Reference Processing 0.107ms
[1190.659s][debug][gc,phases      ] GC(143)   VM Weak                        Min:  0.0, Avg:  0.0, Max:  0.0, Diff:  0.0, Sum:  0.0, Workers: 4
[1190.659s][debug][gc,phases      ] GC(143)     Dead                           Min: 0, Avg:  0.0, Max: 0, Diff: 0, Sum: 0, Workers: 4
[1190.659s][debug][gc,phases      ] GC(143)     Total                          Min: 0, Avg: 216.5, Max: 802, Diff: 802, Sum: 866, Workers: 4
[1190.659s][debug][gc,phases      ] GC(143)   ObjectSynchronizer Weak        Min:  0.0, Avg:  0.0, Max:  0.0, Diff:  0.0, Sum:  0.0, Workers: 4
[1190.659s][debug][gc,phases      ] GC(143)     Dead                           Min: 0, Avg:  0.0, Max: 0, Diff: 0, Sum: 0, Workers: 4
[1190.659s][debug][gc,phases      ] GC(143)     Total                          Min: 0, Avg:  1.0, Max: 4, Diff: 4, Sum: 4, Workers: 4
[1190.659s][debug][gc,phases      ] GC(143)   JVMTI Tag Weak OopStorage      Min:  0.0, Avg:  0.0, Max:  0.0, Diff:  0.0, Sum:  0.0, Workers: 4
[1190.659s][debug][gc,phases      ] GC(143)     Dead                           Min: 0, Avg:  0.0, Max: 0, Diff: 0, Sum: 0, Workers: 4
[1190.659s][debug][gc,phases      ] GC(143)     Total                          Min: 0, Avg:  0.0, Max: 0, Diff: 0, Sum: 0, Workers: 4
[1190.660s][debug][gc,phases      ] GC(143)   StringTable Weak               Min:  0.0, Avg:  0.1, Max:  0.2, Diff:  0.2, Sum:  0.4, Workers: 4
[1190.660s][debug][gc,phases      ] GC(143)     Dead                           Min: 0, Avg:  0.0, Max: 0, Diff: 0, Sum: 0, Workers: 4
[1190.660s][debug][gc,phases      ] GC(143)     Total                          Min: 0, Avg: 11183.8, Max: 22656, Diff: 22656, Sum: 44735, Workers: 4
[1190.660s][debug][gc,phases      ] GC(143)   ResolvedMethodTable Weak       Min:  0.0, Avg:  0.0, Max:  0.0, Diff:  0.0, Sum:  0.1, Workers: 4
[1190.660s][debug][gc,phases      ] GC(143)     Dead                           Min: 0, Avg:  0.0, Max: 0, Diff: 0, Sum: 0, Workers: 4
[1190.660s][debug][gc,phases      ] GC(143)     Total                          Min: 0, Avg: 2625.5, Max: 5256, Diff: 5256, Sum: 10502, Workers: 4
[1190.660s][debug][gc,phases      ] GC(143)   JNI Weak                       Min:  0.0, Avg:  0.0, Max:  0.0, Diff:  0.0, Sum:  0.0, Workers: 4
[1190.660s][debug][gc,phases      ] GC(143)     Dead                           Min: 0, Avg:  0.0, Max: 0, Diff: 0, Sum: 0, Workers: 4
[1190.660s][debug][gc,phases      ] GC(143)     Total                          Min: 0, Avg: 11.2, Max: 45, Diff: 45, Sum: 45, Workers: 4
[1190.660s][debug][gc,phases      ] GC(143)   StringDedup Table Weak         Min:  0.0, Avg:  0.0, Max:  0.0, Diff:  0.0, Sum:  0.0, Workers: 4
[1190.660s][debug][gc,phases      ] GC(143)     Dead                           Min: 0, Avg:  0.0, Max: 0, Diff: 0, Sum: 0, Workers: 4
[1190.660s][debug][gc,phases      ] GC(143)     Total                          Min: 0, Avg:  0.0, Max: 0, Diff: 0, Sum: 0, Workers: 4
[1190.660s][debug][gc,phases      ] GC(143)   StringDedup Requests0 Weak     Min:  0.0, Avg:  0.0, Max:  0.0, Diff:  0.0, Sum:  0.0, Workers: 4
[1190.660s][debug][gc,phases      ] GC(143)     Dead                           Min: 0, Avg:  0.0, Max: 0, Diff: 0, Sum: 0, Workers: 4
[1190.660s][debug][gc,phases      ] GC(143)     Total                          Min: 0, Avg:  0.0, Max: 0, Diff: 0, Sum: 0, Workers: 4
[1190.660s][debug][gc,phases      ] GC(143)   StringDedup Requests1 Weak     Min:  0.0, Avg:  0.0, Max:  0.0, Diff:  0.0, Sum:  0.0, Workers: 4
[1190.660s][debug][gc,phases      ] GC(143)     Dead                           Min: 0, Avg:  0.0, Max: 0, Diff: 0, Sum: 0, Workers: 4
[1190.660s][debug][gc,phases      ] GC(143)     Total                          Min: 0, Avg:  0.0, Max: 0, Diff: 0, Sum: 0, Workers: 4
[1190.660s][debug][gc,phases      ] GC(143)   Weak JFR Old Object Samples    Min:  0.0, Avg:  0.0, Max:  0.0, Diff:  0.0, Sum:  0.0, Workers: 4
[1190.660s][debug][gc,phases      ] GC(143)     Dead                           Min: 0, Avg:  0.0, Max: 0, Diff: 0, Sum: 0, Workers: 4
[1190.660s][debug][gc,phases      ] GC(143)     Total                          Min: 0, Avg:  0.0, Max: 0, Diff: 0, Sum: 0, Workers: 4
[1190.660s][debug][gc,phases      ] GC(143) Weak Processing 0.515ms
[1190.660s][debug][gc,age         ] GC(143) Desired survivor size 9961472 bytes, new threshold 15 (max threshold 15)
[1190.660s][info ][gc,heap        ] GC(143) PSYoungGen: 2084261K(2086912K)->6642K(2087424K) Eden: 2077696K(2077696K)->0K(2077696K) From: 6565K(9216K)->6642K(9728K)
[1190.660s][info ][gc,heap        ] GC(143) ParOldGen: 383188K(430080K)->383212K(430080K)
[1190.660s][info ][gc,metaspace   ] GC(143) Metaspace: 85312K(86400K)->85312K(86400K) NonClass: 72955K(73536K)->72955K(73536K) Class: 12357K(12864K)->12357K(12864K)
[1190.660s][info ][gc             ] GC(143) Pause Young (Allocation Failure) 2409M->380M(2458M) 10.767ms
[1190.660s][info ][gc,cpu         ] GC(143) User=0.02s Sys=0.00s Real=0.01s
[1190.660s][info ][safepoint      ] Safepoint "ParallelGCFailedAllocation", Time since last: 649532195 ns, Reaching safepoint: 76900 ns, Cleanup: 33900 ns, At safepoint: 10861114 ns, Total: 10971914 ns
[1199.696s][info ][gc,start       ] GC(144) Pause Young (Allocation Failure)
[1199.704s][debug][gc,phases      ] GC(144) Scavenge 7.592ms
[1199.704s][debug][gc,ref         ] GC(144) Skipped phase 1 of Reference Processing: no references
[1199.704s][debug][gc,ref         ] GC(144) ReferenceProcessor::execute queues: 1, RefProcThreadModel::Single, marks_oops_alive: false
[1199.704s][debug][gc,ref         ] GC(144) Skipped phase 3 of Reference Processing: no references
[1199.704s][debug][gc,ref         ] GC(144) ReferenceProcessor::execute queues: 1, RefProcThreadModel::Single, marks_oops_alive: false
[1199.704s][debug][gc,phases      ] GC(144) Reference Processing 0.091ms
[1199.704s][debug][gc,phases      ] GC(144)   VM Weak                        Min:  0.0, Avg:  0.0, Max:  0.0, Diff:  0.0, Sum:  0.0, Workers: 4
[1199.704s][debug][gc,phases      ] GC(144)     Dead                           Min: 0, Avg:  0.0, Max: 0, Diff: 0, Sum: 0, Workers: 4
[1199.704s][debug][gc,phases      ] GC(144)     Total                          Min: 0, Avg: 216.5, Max: 448, Diff: 448, Sum: 866, Workers: 4
[1199.704s][debug][gc,phases      ] GC(144)   ObjectSynchronizer Weak        Min:  0.0, Avg:  0.0, Max:  0.0, Diff:  0.0, Sum:  0.0, Workers: 4
[1199.704s][debug][gc,phases      ] GC(144)     Dead                           Min: 0, Avg:  0.0, Max: 0, Diff: 0, Sum: 0, Workers: 4
[1199.704s][debug][gc,phases      ] GC(144)     Total                          Min: 0, Avg:  1.0, Max: 4, Diff: 4, Sum: 4, Workers: 4
[1199.704s][debug][gc,phases      ] GC(144)   JVMTI Tag Weak OopStorage      Min:  0.0, Avg:  0.0, Max:  0.0, Diff:  0.0, Sum:  0.0, Workers: 4
[1199.704s][debug][gc,phases      ] GC(144)     Dead                           Min: 0, Avg:  0.0, Max: 0, Diff: 0, Sum: 0, Workers: 4
[1199.704s][debug][gc,phases      ] GC(144)     Total                          Min: 0, Avg:  0.0, Max: 0, Diff: 0, Sum: 0, Workers: 4
[1199.704s][debug][gc,phases      ] GC(144)   StringTable Weak               Min:  0.0, Avg:  0.1, Max:  0.2, Diff:  0.2, Sum:  0.4, Workers: 4
[1199.704s][debug][gc,phases      ] GC(144)     Dead                           Min: 0, Avg:  0.0, Max: 0, Diff: 0, Sum: 0, Workers: 4
[1199.704s][debug][gc,phases      ] GC(144)     Total                          Min: 0, Avg: 11183.8, Max: 22656, Diff: 22656, Sum: 44735, Workers: 4
[1199.704s][debug][gc,phases      ] GC(144)   ResolvedMethodTable Weak       Min:  0.0, Avg:  0.0, Max:  0.0, Diff:  0.0, Sum:  0.1, Workers: 4
[1199.704s][debug][gc,phases      ] GC(144)     Dead                           Min: 0, Avg:  0.0, Max: 0, Diff: 0, Sum: 0, Workers: 4
[1199.704s][debug][gc,phases      ] GC(144)     Total                          Min: 0, Avg: 2625.5, Max: 5312, Diff: 5312, Sum: 10502, Workers: 4
[1199.704s][debug][gc,phases      ] GC(144)   JNI Weak                       Min:  0.0, Avg:  0.0, Max:  0.0, Diff:  0.0, Sum:  0.0, Workers: 4
[1199.704s][debug][gc,phases      ] GC(144)     Dead                           Min: 0, Avg:  0.0, Max: 0, Diff: 0, Sum: 0, Workers: 4
[1199.704s][debug][gc,phases      ] GC(144)     Total                          Min: 0, Avg: 11.2, Max: 45, Diff: 45, Sum: 45, Workers: 4
[1199.704s][debug][gc,phases      ] GC(144)   StringDedup Table Weak         Min:  0.0, Avg:  0.0, Max:  0.0, Diff:  0.0, Sum:  0.0, Workers: 4
[1199.704s][debug][gc,phases      ] GC(144)     Dead                           Min: 0, Avg:  0.0, Max: 0, Diff: 0, Sum: 0, Workers: 4
[1199.704s][debug][gc,phases      ] GC(144)     Total                          Min: 0, Avg:  0.0, Max: 0, Diff: 0, Sum: 0, Workers: 4
[1199.704s][debug][gc,phases      ] GC(144)   StringDedup Requests0 Weak     Min:  0.0, Avg:  0.0, Max:  0.0, Diff:  0.0, Sum:  0.0, Workers: 4
[1199.704s][debug][gc,phases      ] GC(144)     Dead                           Min: 0, Avg:  0.0, Max: 0, Diff: 0, Sum: 0, Workers: 4
[1199.704s][debug][gc,phases      ] GC(144)     Total                          Min: 0, Avg:  0.0, Max: 0, Diff: 0, Sum: 0, Workers: 4
[1199.704s][debug][gc,phases      ] GC(144)   StringDedup Requests1 Weak     Min:  0.0, Avg:  0.0, Max:  0.0, Diff:  0.0, Sum:  0.0, Workers: 4
[1199.704s][debug][gc,phases      ] GC(144)     Dead                           Min: 0, Avg:  0.0, Max: 0, Diff: 0, Sum: 0, Workers: 4
[1199.704s][debug][gc,phases      ] GC(144)     Total                          Min: 0, Avg:  0.0, Max: 0, Diff: 0, Sum: 0, Workers: 4
[1199.704s][debug][gc,phases      ] GC(144)   Weak JFR Old Object Samples    Min:  0.0, Avg:  0.0, Max:  0.0, Diff:  0.0, Sum:  0.0, Workers: 4
[1199.704s][debug][gc,phases      ] GC(144)     Dead                           Min: 0, Avg:  0.0, Max: 0, Diff: 0, Sum: 0, Workers: 4
[1199.704s][debug][gc,phases      ] GC(144)     Total                          Min: 0, Avg:  0.0, Max: 0, Diff: 0, Sum: 0, Workers: 4
[1199.704s][debug][gc,phases      ] GC(144) Weak Processing 0.417ms
[1199.704s][debug][gc,age         ] GC(144) Desired survivor size 9961472 bytes, new threshold 15 (max threshold 15)
[1199.704s][info ][gc,heap        ] GC(144) PSYoungGen: 2084338K(2087424K)->6594K(2087424K) Eden: 2077696K(2077696K)->0K(2077696K) From: 6642K(9728K)->6594K(9728K)
[1199.704s][info ][gc,heap        ] GC(144) ParOldGen: 383212K(430080K)->383220K(430080K)
[1199.704s][info ][gc,metaspace   ] GC(144) Metaspace: 85312K(86400K)->85312K(86400K) NonClass: 72955K(73536K)->72955K(73536K) Class: 12357K(12864K)->12357K(12864K)
[1199.704s][info ][gc             ] GC(144) Pause Young (Allocation Failure) 2409M->380M(2458M) 8.194ms
[1199.704s][info ][gc,cpu         ] GC(144) User=0.01s Sys=0.00s Real=0.01s
[1199.704s][info ][safepoint      ] Safepoint "ParallelGCFailedAllocation", Time since last: 9036128859 ns, Reaching safepoint: 82800 ns, Cleanup: 28700 ns, At safepoint: 8257611 ns, Total: 8369111 ns
[1209.746s][info ][gc,start       ] GC(145) Pause Young (Allocation Failure)
[1209.755s][debug][gc,phases      ] GC(145) Scavenge 8.872ms
[1209.755s][debug][gc,ref         ] GC(145) Skipped phase 1 of Reference Processing: no references
[1209.755s][debug][gc,ref         ] GC(145) ReferenceProcessor::execute queues: 1, RefProcThreadModel::Single, marks_oops_alive: false
[1209.755s][debug][gc,ref         ] GC(145) Skipped phase 3 of Reference Processing: no references
[1209.755s][debug][gc,ref         ] GC(145) ReferenceProcessor::execute queues: 1, RefProcThreadModel::Single, marks_oops_alive: false
[1209.755s][debug][gc,phases      ] GC(145) Reference Processing 0.144ms
[1209.756s][debug][gc,phases      ] GC(145)   VM Weak                        Min:  0.0, Avg:  0.0, Max:  0.0, Diff:  0.0, Sum:  0.0, Workers: 4
[1209.756s][debug][gc,phases      ] GC(145)     Dead                           Min: 0, Avg:  0.0, Max: 0, Diff: 0, Sum: 0, Workers: 4
[1209.756s][debug][gc,phases      ] GC(145)     Total                          Min: 0, Avg: 216.5, Max: 418, Diff: 418, Sum: 866, Workers: 4
[1209.756s][debug][gc,phases      ] GC(145)   ObjectSynchronizer Weak        Min:  0.0, Avg:  0.0, Max:  0.0, Diff:  0.0, Sum:  0.0, Workers: 4
[1209.756s][debug][gc,phases      ] GC(145)     Dead                           Min: 0, Avg:  0.0, Max: 0, Diff: 0, Sum: 0, Workers: 4
[1209.756s][debug][gc,phases      ] GC(145)     Total                          Min: 0, Avg:  1.0, Max: 4, Diff: 4, Sum: 4, Workers: 4
[1209.756s][debug][gc,phases      ] GC(145)   JVMTI Tag Weak OopStorage      Min:  0.0, Avg:  0.0, Max:  0.0, Diff:  0.0, Sum:  0.0, Workers: 4
[1209.756s][debug][gc,phases      ] GC(145)     Dead                           Min: 0, Avg:  0.0, Max: 0, Diff: 0, Sum: 0, Workers: 4
[1209.756s][debug][gc,phases      ] GC(145)     Total                          Min: 0, Avg:  0.0, Max: 0, Diff: 0, Sum: 0, Workers: 4
[1209.756s][debug][gc,phases      ] GC(145)   StringTable Weak               Min:  0.0, Avg:  0.1, Max:  0.2, Diff:  0.2, Sum:  0.5, Workers: 4
[1209.756s][debug][gc,phases      ] GC(145)     Dead                           Min: 0, Avg:  0.0, Max: 0, Diff: 0, Sum: 0, Workers: 4
[1209.756s][debug][gc,phases      ] GC(145)     Total                          Min: 0, Avg: 11183.8, Max: 15040, Diff: 15040, Sum: 44735, Workers: 4
[1209.756s][debug][gc,phases      ] GC(145)   ResolvedMethodTable Weak       Min:  0.0, Avg:  0.0, Max:  0.0, Diff:  0.0, Sum:  0.1, Workers: 4
[1209.756s][debug][gc,phases      ] GC(145)     Dead                           Min: 0, Avg:  0.0, Max: 0, Diff: 0, Sum: 0, Workers: 4
[1209.756s][debug][gc,phases      ] GC(145)     Total                          Min: 0, Avg: 2625.5, Max: 3520, Diff: 3520, Sum: 10502, Workers: 4
[1209.756s][debug][gc,phases      ] GC(145)   JNI Weak                       Min:  0.0, Avg:  0.0, Max:  0.0, Diff:  0.0, Sum:  0.0, Workers: 4
[1209.756s][debug][gc,phases      ] GC(145)     Dead                           Min: 0, Avg:  0.0, Max: 0, Diff: 0, Sum: 0, Workers: 4
[1209.756s][debug][gc,phases      ] GC(145)     Total                          Min: 0, Avg: 11.2, Max: 45, Diff: 45, Sum: 45, Workers: 4
[1209.756s][debug][gc,phases      ] GC(145)   StringDedup Table Weak         Min:  0.0, Avg:  0.0, Max:  0.0, Diff:  0.0, Sum:  0.0, Workers: 4
[1209.756s][debug][gc,phases      ] GC(145)     Dead                           Min: 0, Avg:  0.0, Max: 0, Diff: 0, Sum: 0, Workers: 4
[1209.756s][debug][gc,phases      ] GC(145)     Total                          Min: 0, Avg:  0.0, Max: 0, Diff: 0, Sum: 0, Workers: 4
[1209.756s][debug][gc,phases      ] GC(145)   StringDedup Requests0 Weak     Min:  0.0, Avg:  0.0, Max:  0.0, Diff:  0.0, Sum:  0.0, Workers: 4
[1209.756s][debug][gc,phases      ] GC(145)     Dead                           Min: 0, Avg:  0.0, Max: 0, Diff: 0, Sum: 0, Workers: 4
[1209.756s][debug][gc,phases      ] GC(145)     Total                          Min: 0, Avg:  0.0, Max: 0, Diff: 0, Sum: 0, Workers: 4
[1209.756s][debug][gc,phases      ] GC(145)   StringDedup Requests1 Weak     Min:  0.0, Avg:  0.0, Max:  0.0, Diff:  0.0, Sum:  0.0, Workers: 4
[1209.756s][debug][gc,phases      ] GC(145)     Dead                           Min: 0, Avg:  0.0, Max: 0, Diff: 0, Sum: 0, Workers: 4
[1209.756s][debug][gc,phases      ] GC(145)     Total                          Min: 0, Avg:  0.0, Max: 0, Diff: 0, Sum: 0, Workers: 4
[1209.756s][debug][gc,phases      ] GC(145)   Weak JFR Old Object Samples    Min:  0.0, Avg:  0.0, Max:  0.0, Diff:  0.0, Sum:  0.0, Workers: 4
[1209.756s][debug][gc,phases      ] GC(145)     Dead                           Min: 0, Avg:  0.0, Max: 0, Diff: 0, Sum: 0, Workers: 4
[1209.756s][debug][gc,phases      ] GC(145)     Total                          Min: 0, Avg:  0.0, Max: 0, Diff: 0, Sum: 0, Workers: 4
[1209.756s][debug][gc,phases      ] GC(145) Weak Processing 0.467ms
[1209.756s][debug][gc,age         ] GC(145) Desired survivor size 9961472 bytes, new threshold 15 (max threshold 15)
[1209.756s][info ][gc,heap        ] GC(145) PSYoungGen: 2084290K(2087424K)->6690K(2087424K) Eden: 2077696K(2077696K)->0K(2077696K) From: 6594K(9728K)->6690K(9728K)
[1209.756s][info ][gc,heap        ] GC(145) ParOldGen: 383220K(430080K)->383244K(430080K)
[1209.756s][info ][gc,metaspace   ] GC(145) Metaspace: 85312K(86400K)->85312K(86400K) NonClass: 72955K(73536K)->72955K(73536K) Class: 12357K(12864K)->12357K(12864K)
[1209.756s][info ][gc             ] GC(145) Pause Young (Allocation Failure) 2409M->380M(2458M) 9.634ms
[1209.756s][info ][gc,cpu         ] GC(145) User=0.02s Sys=0.00s Real=0.01s
[1209.756s][info ][safepoint      ] Safepoint "ParallelGCFailedAllocation", Time since last: 10041948633 ns, Reaching safepoint: 5200 ns, Cleanup: 39300 ns, At safepoint: 9744215 ns, Total: 9788715 ns
[1212.756s][info ][safepoint      ] Safepoint "Cleanup", Time since last: 3000208025 ns, Reaching safepoint: 3700 ns, Cleanup: 42400 ns, At safepoint: 2600 ns, Total: 48700 ns
[1216.757s][info ][safepoint      ] Safepoint "Cleanup", Time since last: 4000986601 ns, Reaching safepoint: 5000 ns, Cleanup: 44900 ns, At safepoint: 4100 ns, Total: 54000 ns
[1217.757s][info ][safepoint      ] Safepoint "Cleanup", Time since last: 1000105572 ns, Reaching safepoint: 5600 ns, Cleanup: 38800 ns, At safepoint: 3000 ns, Total: 47400 ns
[1218.758s][info ][safepoint      ] Safepoint "Cleanup", Time since last: 1000127993 ns, Reaching safepoint: 6400 ns, Cleanup: 41800 ns, At safepoint: 5100 ns, Total: 53300 ns
[1219.895s][info ][gc,start       ] GC(146) Pause Young (Allocation Failure)
[1219.903s][debug][gc,phases      ] GC(146) Scavenge 7.777ms
[1219.903s][debug][gc,ref         ] GC(146) Skipped phase 1 of Reference Processing: no references
[1219.903s][debug][gc,ref         ] GC(146) ReferenceProcessor::execute queues: 1, RefProcThreadModel::Single, marks_oops_alive: false
[1219.903s][debug][gc,ref         ] GC(146) Skipped phase 3 of Reference Processing: no references
[1219.903s][debug][gc,ref         ] GC(146) ReferenceProcessor::execute queues: 1, RefProcThreadModel::Single, marks_oops_alive: false
[1219.903s][debug][gc,phases      ] GC(146) Reference Processing 0.097ms
[1219.904s][debug][gc,phases      ] GC(146)   VM Weak                        Min:  0.0, Avg:  0.0, Max:  0.0, Diff:  0.0, Sum:  0.0, Workers: 4
[1219.904s][debug][gc,phases      ] GC(146)     Dead                           Min: 0, Avg:  0.0, Max: 0, Diff: 0, Sum: 0, Workers: 4
[1219.904s][debug][gc,phases      ] GC(146)     Total                          Min: 0, Avg: 216.5, Max: 448, Diff: 448, Sum: 866, Workers: 4
[1219.904s][debug][gc,phases      ] GC(146)   ObjectSynchronizer Weak        Min:  0.0, Avg:  0.0, Max:  0.0, Diff:  0.0, Sum:  0.0, Workers: 4
[1219.904s][debug][gc,phases      ] GC(146)     Dead                           Min: 0, Avg:  0.0, Max: 0, Diff: 0, Sum: 0, Workers: 4
[1219.904s][debug][gc,phases      ] GC(146)     Total                          Min: 0, Avg:  1.0, Max: 4, Diff: 4, Sum: 4, Workers: 4
[1219.904s][debug][gc,phases      ] GC(146)   JVMTI Tag Weak OopStorage      Min:  0.0, Avg:  0.0, Max:  0.0, Diff:  0.0, Sum:  0.0, Workers: 4
[1219.904s][debug][gc,phases      ] GC(146)     Dead                           Min: 0, Avg:  0.0, Max: 0, Diff: 0, Sum: 0, Workers: 4
[1219.904s][debug][gc,phases      ] GC(146)     Total                          Min: 0, Avg:  0.0, Max: 0, Diff: 0, Sum: 0, Workers: 4
[1219.904s][debug][gc,phases      ] GC(146)   StringTable Weak               Min:  0.0, Avg:  0.1, Max:  0.2, Diff:  0.2, Sum:  0.4, Workers: 4
[1219.904s][debug][gc,phases      ] GC(146)     Dead                           Min: 0, Avg:  0.0, Max: 0, Diff: 0, Sum: 0, Workers: 4
[1219.904s][debug][gc,phases      ] GC(146)     Total                          Min: 0, Avg: 11184.5, Max: 22658, Diff: 22658, Sum: 44738, Workers: 4
[1219.904s][debug][gc,phases      ] GC(146)   ResolvedMethodTable Weak       Min:  0.0, Avg:  0.0, Max:  0.0, Diff:  0.0, Sum:  0.1, Workers: 4
[1219.904s][debug][gc,phases      ] GC(146)     Dead                           Min: 0, Avg:  0.0, Max: 0, Diff: 0, Sum: 0, Workers: 4
[1219.904s][debug][gc,phases      ] GC(146)     Total                          Min: 0, Avg: 2625.5, Max: 5640, Diff: 5640, Sum: 10502, Workers: 4
[1219.904s][debug][gc,phases      ] GC(146)   JNI Weak                       Min:  0.0, Avg:  0.0, Max:  0.0, Diff:  0.0, Sum:  0.0, Workers: 4
[1219.904s][debug][gc,phases      ] GC(146)     Dead                           Min: 0, Avg:  0.0, Max: 0, Diff: 0, Sum: 0, Workers: 4
[1219.904s][debug][gc,phases      ] GC(146)     Total                          Min: 0, Avg: 11.2, Max: 45, Diff: 45, Sum: 45, Workers: 4
[1219.904s][debug][gc,phases      ] GC(146)   StringDedup Table Weak         Min:  0.0, Avg:  0.0, Max:  0.0, Diff:  0.0, Sum:  0.0, Workers: 4
[1219.904s][debug][gc,phases      ] GC(146)     Dead                           Min: 0, Avg:  0.0, Max: 0, Diff: 0, Sum: 0, Workers: 4
[1219.904s][debug][gc,phases      ] GC(146)     Total                          Min: 0, Avg:  0.0, Max: 0, Diff: 0, Sum: 0, Workers: 4
[1219.904s][debug][gc,phases      ] GC(146)   StringDedup Requests0 Weak     Min:  0.0, Avg:  0.0, Max:  0.0, Diff:  0.0, Sum:  0.0, Workers: 4
[1219.904s][debug][gc,phases      ] GC(146)     Dead                           Min: 0, Avg:  0.0, Max: 0, Diff: 0, Sum: 0, Workers: 4
[1219.904s][debug][gc,phases      ] GC(146)     Total                          Min: 0, Avg:  0.0, Max: 0, Diff: 0, Sum: 0, Workers: 4
[1219.904s][debug][gc,phases      ] GC(146)   StringDedup Requests1 Weak     Min:  0.0, Avg:  0.0, Max:  0.0, Diff:  0.0, Sum:  0.0, Workers: 4
[1219.904s][debug][gc,phases      ] GC(146)     Dead                           Min: 0, Avg:  0.0, Max: 0, Diff: 0, Sum: 0, Workers: 4
[1219.904s][debug][gc,phases      ] GC(146)     Total                          Min: 0, Avg:  0.0, Max: 0, Diff: 0, Sum: 0, Workers: 4
[1219.904s][debug][gc,phases      ] GC(146)   Weak JFR Old Object Samples    Min:  0.0, Avg:  0.0, Max:  0.0, Diff:  0.0, Sum:  0.0, Workers: 4
[1219.904s][debug][gc,phases      ] GC(146)     Dead                           Min: 0, Avg:  0.0, Max: 0, Diff: 0, Sum: 0, Workers: 4
[1219.904s][debug][gc,phases      ] GC(146)     Total                          Min: 0, Avg:  0.0, Max: 0, Diff: 0, Sum: 0, Workers: 4
[1219.904s][debug][gc,phases      ] GC(146) Weak Processing 0.422ms
[1219.904s][debug][gc,age         ] GC(146) Desired survivor size 10485760 bytes, new threshold 15 (max threshold 15)
[1219.904s][info ][gc,heap        ] GC(146) PSYoungGen: 2084386K(2087424K)->6917K(2086400K) Eden: 2077696K(2077696K)->0K(2076672K) From: 6690K(9728K)->6917K(9728K)
[1219.904s][info ][gc,heap        ] GC(146) ParOldGen: 383244K(430080K)->383284K(430080K)
[1219.904s][info ][gc,metaspace   ] GC(146) Metaspace: 85328K(86400K)->85328K(86400K) NonClass: 72971K(73536K)->72971K(73536K) Class: 12357K(12864K)->12357K(12864K)
[1219.904s][info ][gc             ] GC(146) Pause Young (Allocation Failure) 2409M->381M(2457M) 8.415ms
[1219.904s][info ][gc,cpu         ] GC(146) User=0.02s Sys=0.00s Real=0.01s
[1219.904s][info ][safepoint      ] Safepoint "ParallelGCFailedAllocation", Time since last: 1137498984 ns, Reaching safepoint: 70600 ns, Cleanup: 27100 ns, At safepoint: 8499412 ns, Total: 8597112 ns
[1225.904s][info ][safepoint      ] Safepoint "Cleanup", Time since last: 6000370282 ns, Reaching safepoint: 4200 ns, Cleanup: 38400 ns, At safepoint: 24300 ns, Total: 66900 ns
[1230.293s][info ][gc,start       ] GC(147) Pause Young (Allocation Failure)
[1230.296s][debug][gc,phases      ] GC(147) Scavenge 3.440ms
[1230.296s][debug][gc,ref         ] GC(147) Skipped phase 1 of Reference Processing: no references
[1230.296s][debug][gc,ref         ] GC(147) ReferenceProcessor::execute queues: 1, RefProcThreadModel::Single, marks_oops_alive: false
[1230.296s][debug][gc,ref         ] GC(147) Skipped phase 3 of Reference Processing: no references
[1230.296s][debug][gc,ref         ] GC(147) ReferenceProcessor::execute queues: 1, RefProcThreadModel::Single, marks_oops_alive: false
[1230.296s][debug][gc,phases      ] GC(147) Reference Processing 0.107ms
[1230.297s][debug][gc,phases      ] GC(147)   VM Weak                        Min:  0.0, Avg:  0.0, Max:  0.0, Diff:  0.0, Sum:  0.0, Workers: 4
[1230.297s][debug][gc,phases      ] GC(147)     Dead                           Min: 0, Avg:  0.0, Max: 0, Diff: 0, Sum: 0, Workers: 4
[1230.297s][debug][gc,phases      ] GC(147)     Total                          Min: 0, Avg: 216.5, Max: 768, Diff: 768, Sum: 866, Workers: 4
[1230.297s][debug][gc,phases      ] GC(147)   ObjectSynchronizer Weak        Min:  0.0, Avg:  0.0, Max:  0.0, Diff:  0.0, Sum:  0.0, Workers: 4
[1230.297s][debug][gc,phases      ] GC(147)     Dead                           Min: 0, Avg:  0.0, Max: 0, Diff: 0, Sum: 0, Workers: 4
[1230.297s][debug][gc,phases      ] GC(147)     Total                          Min: 0, Avg:  1.0, Max: 4, Diff: 4, Sum: 4, Workers: 4
[1230.297s][debug][gc,phases      ] GC(147)   JVMTI Tag Weak OopStorage      Min:  0.0, Avg:  0.0, Max:  0.0, Diff:  0.0, Sum:  0.0, Workers: 4
[1230.297s][debug][gc,phases      ] GC(147)     Dead                           Min: 0, Avg:  0.0, Max: 0, Diff: 0, Sum: 0, Workers: 4
[1230.297s][debug][gc,phases      ] GC(147)     Total                          Min: 0, Avg:  0.0, Max: 0, Diff: 0, Sum: 0, Workers: 4
[1230.297s][debug][gc,phases      ] GC(147)   StringTable Weak               Min:  0.0, Avg:  0.1, Max:  0.1, Diff:  0.1, Sum:  0.4, Workers: 4
[1230.297s][debug][gc,phases      ] GC(147)     Dead                           Min: 0, Avg:  0.0, Max: 0, Diff: 0, Sum: 0, Workers: 4
[1230.297s][debug][gc,phases      ] GC(147)     Total                          Min: 0, Avg: 11184.5, Max: 15168, Diff: 15168, Sum: 44738, Workers: 4
[1230.297s][debug][gc,phases      ] GC(147)   ResolvedMethodTable Weak       Min:  0.0, Avg:  0.0, Max:  0.0, Diff:  0.0, Sum:  0.1, Workers: 4
[1230.297s][debug][gc,phases      ] GC(147)     Dead                           Min: 0, Avg:  0.0, Max: 0, Diff: 0, Sum: 0, Workers: 4
[1230.297s][debug][gc,phases      ] GC(147)     Total                          Min: 0, Avg: 2625.5, Max: 3592, Diff: 3592, Sum: 10502, Workers: 4
[1230.297s][debug][gc,phases      ] GC(147)   JNI Weak                       Min:  0.0, Avg:  0.0, Max:  0.0, Diff:  0.0, Sum:  0.0, Workers: 4
[1230.297s][debug][gc,phases      ] GC(147)     Dead                           Min: 0, Avg:  0.0, Max: 0, Diff: 0, Sum: 0, Workers: 4
[1230.297s][debug][gc,phases      ] GC(147)     Total                          Min: 0, Avg: 11.2, Max: 45, Diff: 45, Sum: 45, Workers: 4
[1230.297s][debug][gc,phases      ] GC(147)   StringDedup Table Weak         Min:  0.0, Avg:  0.0, Max:  0.0, Diff:  0.0, Sum:  0.0, Workers: 4
[1230.297s][debug][gc,phases      ] GC(147)     Dead                           Min: 0, Avg:  0.0, Max: 0, Diff: 0, Sum: 0, Workers: 4
[1230.297s][debug][gc,phases      ] GC(147)     Total                          Min: 0, Avg:  0.0, Max: 0, Diff: 0, Sum: 0, Workers: 4
[1230.297s][debug][gc,phases      ] GC(147)   StringDedup Requests0 Weak     Min:  0.0, Avg:  0.0, Max:  0.0, Diff:  0.0, Sum:  0.0, Workers: 4
[1230.297s][debug][gc,phases      ] GC(147)     Dead                           Min: 0, Avg:  0.0, Max: 0, Diff: 0, Sum: 0, Workers: 4
[1230.297s][debug][gc,phases      ] GC(147)     Total                          Min: 0, Avg:  0.0, Max: 0, Diff: 0, Sum: 0, Workers: 4
[1230.297s][debug][gc,phases      ] GC(147)   StringDedup Requests1 Weak     Min:  0.0, Avg:  0.0, Max:  0.0, Diff:  0.0, Sum:  0.0, Workers: 4
[1230.297s][debug][gc,phases      ] GC(147)     Dead                           Min: 0, Avg:  0.0, Max: 0, Diff: 0, Sum: 0, Workers: 4
[1230.297s][debug][gc,phases      ] GC(147)     Total                          Min: 0, Avg:  0.0, Max: 0, Diff: 0, Sum: 0, Workers: 4
[1230.297s][debug][gc,phases      ] GC(147)   Weak JFR Old Object Samples    Min:  0.0, Avg:  0.0, Max:  0.0, Diff:  0.0, Sum:  0.0, Workers: 4
[1230.297s][debug][gc,phases      ] GC(147)     Dead                           Min: 0, Avg:  0.0, Max: 0, Diff: 0, Sum: 0, Workers: 4
[1230.297s][debug][gc,phases      ] GC(147)     Total                          Min: 0, Avg:  0.0, Max: 0, Diff: 0, Sum: 0, Workers: 4
[1230.297s][debug][gc,phases      ] GC(147) Weak Processing 0.360ms
[1230.297s][debug][gc,age         ] GC(147) Desired survivor size 10485760 bytes, new threshold 15 (max threshold 15)
[1230.297s][info ][gc,heap        ] GC(147) PSYoungGen: 2083589K(2086400K)->6690K(2086912K) Eden: 2076672K(2076672K)->0K(2076672K) From: 6917K(9728K)->6690K(10240K)
[1230.297s][info ][gc,heap        ] GC(147) ParOldGen: 383284K(430080K)->383292K(430080K)
[1230.297s][info ][gc,metaspace   ] GC(147) Metaspace: 85330K(86400K)->85330K(86400K) NonClass: 72973K(73536K)->72973K(73536K) Class: 12357K(12864K)->12357K(12864K)
[1230.297s][info ][gc             ] GC(147) Pause Young (Allocation Failure) 2409M->380M(2458M) 4.006ms
[1230.297s][info ][gc,cpu         ] GC(147) User=0.01s Sys=0.00s Real=0.01s
[1230.297s][info ][safepoint      ] Safepoint "ParallelGCFailedAllocation", Time since last: 4388515907 ns, Reaching safepoint: 72100 ns, Cleanup: 32600 ns, At safepoint: 4069204 ns, Total: 4173904 ns
[1232.297s][info ][safepoint      ] Safepoint "Cleanup", Time since last: 2000167481 ns, Reaching safepoint: 5300 ns, Cleanup: 40300 ns, At safepoint: 2700 ns, Total: 48300 ns
[1240.642s][info ][gc,start       ] GC(148) Pause Young (Allocation Failure)
[1240.646s][debug][gc,phases      ] GC(148) Scavenge 3.245ms
[1240.646s][debug][gc,ref         ] GC(148) Skipped phase 1 of Reference Processing: no references
[1240.646s][debug][gc,ref         ] GC(148) ReferenceProcessor::execute queues: 1, RefProcThreadModel::Single, marks_oops_alive: false
[1240.646s][debug][gc,ref         ] GC(148) Skipped phase 3 of Reference Processing: no references
[1240.646s][debug][gc,ref         ] GC(148) ReferenceProcessor::execute queues: 1, RefProcThreadModel::Single, marks_oops_alive: false
[1240.646s][debug][gc,phases      ] GC(148) Reference Processing 0.094ms
[1240.646s][debug][gc,phases      ] GC(148)   VM Weak                        Min:  0.0, Avg:  0.0, Max:  0.0, Diff:  0.0, Sum:  0.0, Workers: 4
[1240.646s][debug][gc,phases      ] GC(148)     Dead                           Min: 0, Avg:  0.0, Max: 0, Diff: 0, Sum: 0, Workers: 4
[1240.646s][debug][gc,phases      ] GC(148)     Total                          Min: 0, Avg: 216.5, Max: 448, Diff: 448, Sum: 866, Workers: 4
[1240.646s][debug][gc,phases      ] GC(148)   ObjectSynchronizer Weak        Min:  0.0, Avg:  0.0, Max:  0.0, Diff:  0.0, Sum:  0.0, Workers: 4
[1240.646s][debug][gc,phases      ] GC(148)     Dead                           Min: 0, Avg:  0.0, Max: 0, Diff: 0, Sum: 0, Workers: 4
[1240.646s][debug][gc,phases      ] GC(148)     Total                          Min: 0, Avg:  1.0, Max: 4, Diff: 4, Sum: 4, Workers: 4
[1240.646s][debug][gc,phases      ] GC(148)   JVMTI Tag Weak OopStorage      Min:  0.0, Avg:  0.0, Max:  0.0, Diff:  0.0, Sum:  0.0, Workers: 4
[1240.646s][debug][gc,phases      ] GC(148)     Dead                           Min: 0, Avg:  0.0, Max: 0, Diff: 0, Sum: 0, Workers: 4
[1240.646s][debug][gc,phases      ] GC(148)     Total                          Min: 0, Avg:  0.0, Max: 0, Diff: 0, Sum: 0, Workers: 4
[1240.646s][debug][gc,phases      ] GC(148)   StringTable Weak               Min:  0.0, Avg:  0.1, Max:  0.1, Diff:  0.1, Sum:  0.3, Workers: 4
[1240.646s][debug][gc,phases      ] GC(148)     Dead                           Min: 0, Avg:  0.0, Max: 0, Diff: 0, Sum: 0, Workers: 4
[1240.646s][debug][gc,phases      ] GC(148)     Total                          Min: 0, Avg: 11184.5, Max: 19776, Diff: 19776, Sum: 44738, Workers: 4
[1240.646s][debug][gc,phases      ] GC(148)   ResolvedMethodTable Weak       Min:  0.0, Avg:  0.0, Max:  0.0, Diff:  0.0, Sum:  0.1, Workers: 4
[1240.646s][debug][gc,phases      ] GC(148)     Dead                           Min: 0, Avg:  0.0, Max: 0, Diff: 0, Sum: 0, Workers: 4
[1240.646s][debug][gc,phases      ] GC(148)     Total                          Min: 0, Avg: 2625.5, Max: 4800, Diff: 4800, Sum: 10502, Workers: 4
[1240.646s][debug][gc,phases      ] GC(148)   JNI Weak                       Min:  0.0, Avg:  0.0, Max:  0.0, Diff:  0.0, Sum:  0.0, Workers: 4
[1240.646s][debug][gc,phases      ] GC(148)     Dead                           Min: 0, Avg:  0.0, Max: 0, Diff: 0, Sum: 0, Workers: 4
[1240.646s][debug][gc,phases      ] GC(148)     Total                          Min: 0, Avg: 11.2, Max: 45, Diff: 45, Sum: 45, Workers: 4
[1240.646s][debug][gc,phases      ] GC(148)   StringDedup Table Weak         Min:  0.0, Avg:  0.0, Max:  0.0, Diff:  0.0, Sum:  0.0, Workers: 4
[1240.646s][debug][gc,phases      ] GC(148)     Dead                           Min: 0, Avg:  0.0, Max: 0, Diff: 0, Sum: 0, Workers: 4
[1240.646s][debug][gc,phases      ] GC(148)     Total                          Min: 0, Avg:  0.0, Max: 0, Diff: 0, Sum: 0, Workers: 4
[1240.646s][debug][gc,phases      ] GC(148)   StringDedup Requests0 Weak     Min:  0.0, Avg:  0.0, Max:  0.0, Diff:  0.0, Sum:  0.0, Workers: 4
[1240.646s][debug][gc,phases      ] GC(148)     Dead                           Min: 0, Avg:  0.0, Max: 0, Diff: 0, Sum: 0, Workers: 4
[1240.646s][debug][gc,phases      ] GC(148)     Total                          Min: 0, Avg:  0.0, Max: 0, Diff: 0, Sum: 0, Workers: 4
[1240.646s][debug][gc,phases      ] GC(148)   StringDedup Requests1 Weak     Min:  0.0, Avg:  0.0, Max:  0.0, Diff:  0.0, Sum:  0.0, Workers: 4
[1240.646s][debug][gc,phases      ] GC(148)     Dead                           Min: 0, Avg:  0.0, Max: 0, Diff: 0, Sum: 0, Workers: 4
[1240.646s][debug][gc,phases      ] GC(148)     Total                          Min: 0, Avg:  0.0, Max: 0, Diff: 0, Sum: 0, Workers: 4
[1240.646s][debug][gc,phases      ] GC(148)   Weak JFR Old Object Samples    Min:  0.0, Avg:  0.0, Max:  0.0, Diff:  0.0, Sum:  0.0, Workers: 4
[1240.646s][debug][gc,phases      ] GC(148)     Dead                           Min: 0, Avg:  0.0, Max: 0, Diff: 0, Sum: 0, Workers: 4
[1240.646s][debug][gc,phases      ] GC(148)     Total                          Min: 0, Avg:  0.0, Max: 0, Diff: 0, Sum: 0, Workers: 4
[1240.646s][debug][gc,phases      ] GC(148) Weak Processing 0.318ms
[1240.646s][debug][gc,age         ] GC(148) Desired survivor size 9961472 bytes, new threshold 15 (max threshold 15)
[1240.646s][info ][gc,heap        ] GC(148) PSYoungGen: 2083362K(2086912K)->6610K(2087424K) Eden: 2076672K(2076672K)->0K(2077184K) From: 6690K(10240K)->6610K(10240K)
[1240.646s][info ][gc,heap        ] GC(148) ParOldGen: 383292K(430080K)->383357K(430080K)
[1240.646s][info ][gc,metaspace   ] GC(148) Metaspace: 85330K(86400K)->85330K(86400K) NonClass: 72973K(73536K)->72973K(73536K) Class: 12357K(12864K)->12357K(12864K)
[1240.646s][info ][gc             ] GC(148) Pause Young (Allocation Failure) 2408M->380M(2458M) 3.770ms
[1240.646s][info ][gc,cpu         ] GC(148) User=0.01s Sys=0.00s Real=0.00s
[1240.646s][info ][safepoint      ] Safepoint "ParallelGCFailedAllocation", Time since last: 8345298813 ns, Reaching safepoint: 77500 ns, Cleanup: 20900 ns, At safepoint: 3846905 ns, Total: 3945305 ns
[1251.647s][info ][safepoint      ] Safepoint "Cleanup", Time since last: 11000695144 ns, Reaching safepoint: 4200 ns, Cleanup: 32900 ns, At safepoint: 4100 ns, Total: 41200 ns
[1252.846s][info ][gc,start       ] GC(149) Pause Young (Allocation Failure)
[1252.853s][debug][gc,phases      ] GC(149) Scavenge 6.472ms
[1252.853s][debug][gc,ref         ] GC(149) Skipped phase 1 of Reference Processing: no references
[1252.853s][debug][gc,ref         ] GC(149) ReferenceProcessor::execute queues: 1, RefProcThreadModel::Single, marks_oops_alive: false
[1252.853s][debug][gc,ref         ] GC(149) Skipped phase 3 of Reference Processing: no references
[1252.853s][debug][gc,ref         ] GC(149) ReferenceProcessor::execute queues: 1, RefProcThreadModel::Single, marks_oops_alive: false
[1252.853s][debug][gc,phases      ] GC(149) Reference Processing 0.091ms
[1252.853s][debug][gc,phases      ] GC(149)   VM Weak                        Min:  0.0, Avg:  0.0, Max:  0.0, Diff:  0.0, Sum:  0.0, Workers: 4
[1252.853s][debug][gc,phases      ] GC(149)     Dead                           Min: 0, Avg:  0.0, Max: 0, Diff: 0, Sum: 0, Workers: 4
[1252.853s][debug][gc,phases      ] GC(149)     Total                          Min: 0, Avg: 216.5, Max: 482, Diff: 482, Sum: 866, Workers: 4
[1252.853s][debug][gc,phases      ] GC(149)   ObjectSynchronizer Weak        Min:  0.0, Avg:  0.0, Max:  0.0, Diff:  0.0, Sum:  0.0, Workers: 4
[1252.853s][debug][gc,phases      ] GC(149)     Dead                           Min: 0, Avg:  0.0, Max: 0, Diff: 0, Sum: 0, Workers: 4
[1252.853s][debug][gc,phases      ] GC(149)     Total                          Min: 0, Avg:  1.0, Max: 4, Diff: 4, Sum: 4, Workers: 4
[1252.853s][debug][gc,phases      ] GC(149)   JVMTI Tag Weak OopStorage      Min:  0.0, Avg:  0.0, Max:  0.0, Diff:  0.0, Sum:  0.0, Workers: 4
[1252.853s][debug][gc,phases      ] GC(149)     Dead                           Min: 0, Avg:  0.0, Max: 0, Diff: 0, Sum: 0, Workers: 4
[1252.853s][debug][gc,phases      ] GC(149)     Total                          Min: 0, Avg:  0.0, Max: 0, Diff: 0, Sum: 0, Workers: 4
[1252.853s][debug][gc,phases      ] GC(149)   StringTable Weak               Min:  0.0, Avg:  0.1, Max:  0.2, Diff:  0.2, Sum:  0.5, Workers: 4
[1252.853s][debug][gc,phases      ] GC(149)     Dead                           Min: 0, Avg:  0.0, Max: 0, Diff: 0, Sum: 0, Workers: 4
[1252.853s][debug][gc,phases      ] GC(149)     Total                          Min: 0, Avg: 11184.5, Max: 15168, Diff: 15168, Sum: 44738, Workers: 4
[1252.853s][debug][gc,phases      ] GC(149)   ResolvedMethodTable Weak       Min:  0.0, Avg:  0.0, Max:  0.0, Diff:  0.0, Sum:  0.1, Workers: 4
[1252.853s][debug][gc,phases      ] GC(149)     Dead                           Min: 0, Avg:  0.0, Max: 0, Diff: 0, Sum: 0, Workers: 4
[1252.853s][debug][gc,phases      ] GC(149)     Total                          Min: 0, Avg: 2625.5, Max: 3584, Diff: 3584, Sum: 10502, Workers: 4
[1252.853s][debug][gc,phases      ] GC(149)   JNI Weak                       Min:  0.0, Avg:  0.0, Max:  0.0, Diff:  0.0, Sum:  0.0, Workers: 4
[1252.853s][debug][gc,phases      ] GC(149)     Dead                           Min: 0, Avg:  0.0, Max: 0, Diff: 0, Sum: 0, Workers: 4
[1252.853s][debug][gc,phases      ] GC(149)     Total                          Min: 0, Avg: 11.2, Max: 45, Diff: 45, Sum: 45, Workers: 4
[1252.853s][debug][gc,phases      ] GC(149)   StringDedup Table Weak         Min:  0.0, Avg:  0.0, Max:  0.0, Diff:  0.0, Sum:  0.0, Workers: 4
[1252.853s][debug][gc,phases      ] GC(149)     Dead                           Min: 0, Avg:  0.0, Max: 0, Diff: 0, Sum: 0, Workers: 4
[1252.853s][debug][gc,phases      ] GC(149)     Total                          Min: 0, Avg:  0.0, Max: 0, Diff: 0, Sum: 0, Workers: 4
[1252.853s][debug][gc,phases      ] GC(149)   StringDedup Requests0 Weak     Min:  0.0, Avg:  0.0, Max:  0.0, Diff:  0.0, Sum:  0.0, Workers: 4
[1252.853s][debug][gc,phases      ] GC(149)     Dead                           Min: 0, Avg:  0.0, Max: 0, Diff: 0, Sum: 0, Workers: 4
[1252.853s][debug][gc,phases      ] GC(149)     Total                          Min: 0, Avg:  0.0, Max: 0, Diff: 0, Sum: 0, Workers: 4
[1252.853s][debug][gc,phases      ] GC(149)   StringDedup Requests1 Weak     Min:  0.0, Avg:  0.0, Max:  0.0, Diff:  0.0, Sum:  0.0, Workers: 4
[1252.853s][debug][gc,phases      ] GC(149)     Dead                           Min: 0, Avg:  0.0, Max: 0, Diff: 0, Sum: 0, Workers: 4
[1252.853s][debug][gc,phases      ] GC(149)     Total                          Min: 0, Avg:  0.0, Max: 0, Diff: 0, Sum: 0, Workers: 4
[1252.853s][debug][gc,phases      ] GC(149)   Weak JFR Old Object Samples    Min:  0.0, Avg:  0.0, Max:  0.0, Diff:  0.0, Sum:  0.0, Workers: 4
[1252.853s][debug][gc,phases      ] GC(149)     Dead                           Min: 0, Avg:  0.0, Max: 0, Diff: 0, Sum: 0, Workers: 4
[1252.853s][debug][gc,phases      ] GC(149)     Total                          Min: 0, Avg:  0.0, Max: 0, Diff: 0, Sum: 0, Workers: 4
[1252.853s][debug][gc,phases      ] GC(149) Weak Processing 0.350ms
[1252.853s][debug][gc,age         ] GC(149) Desired survivor size 9961472 bytes, new threshold 15 (max threshold 15)
[1252.853s][info ][gc,heap        ] GC(149) PSYoungGen: 2083794K(2087424K)->6485K(2086912K) Eden: 2077184K(2077184K)->0K(2077184K) From: 6610K(10240K)->6485K(9728K)
[1252.853s][info ][gc,heap        ] GC(149) ParOldGen: 383357K(430080K)->383605K(430080K)
[1252.853s][info ][gc,metaspace   ] GC(149) Metaspace: 85334K(86400K)->85334K(86400K) NonClass: 72977K(73536K)->72977K(73536K) Class: 12357K(12864K)->12357K(12864K)
[1252.853s][info ][gc             ] GC(149) Pause Young (Allocation Failure) 2409M->380M(2458M) 7.020ms
[1252.853s][info ][gc,cpu         ] GC(149) User=0.02s Sys=0.00s Real=0.01s
[1252.853s][info ][safepoint      ] Safepoint "ParallelGCFailedAllocation", Time since last: 1199127722 ns, Reaching safepoint: 71500 ns, Cleanup: 25800 ns, At safepoint: 7081209 ns, Total: 7178509 ns
[1254.854s][info ][safepoint      ] Safepoint "Cleanup", Time since last: 2000147139 ns, Reaching safepoint: 4000 ns, Cleanup: 34500 ns, At safepoint: 3500 ns, Total: 42000 ns
[1255.854s][info ][safepoint      ] Safepoint "Cleanup", Time since last: 1000097670 ns, Reaching safepoint: 4100 ns, Cleanup: 26800 ns, At safepoint: 2700 ns, Total: 33600 ns
[1260.293s][info ][gc,start       ] GC(150) Pause Young (Allocation Failure)
[1260.297s][debug][gc,phases      ] GC(150) Scavenge 3.757ms
[1260.297s][debug][gc,ref         ] GC(150) Skipped phase 1 of Reference Processing: no references
[1260.297s][debug][gc,ref         ] GC(150) ReferenceProcessor::execute queues: 1, RefProcThreadModel::Single, marks_oops_alive: false
[1260.297s][debug][gc,ref         ] GC(150) Skipped phase 3 of Reference Processing: no references
[1260.297s][debug][gc,ref         ] GC(150) ReferenceProcessor::execute queues: 1, RefProcThreadModel::Single, marks_oops_alive: false
[1260.297s][debug][gc,phases      ] GC(150) Reference Processing 0.094ms
[1260.298s][debug][gc,phases      ] GC(150)   VM Weak                        Min:  0.0, Avg:  0.0, Max:  0.0, Diff:  0.0, Sum:  0.0, Workers: 4
[1260.298s][debug][gc,phases      ] GC(150)     Dead                           Min: 0, Avg:  0.0, Max: 0, Diff: 0, Sum: 0, Workers: 4
[1260.298s][debug][gc,phases      ] GC(150)     Total                          Min: 0, Avg: 216.5, Max: 546, Diff: 546, Sum: 866, Workers: 4
[1260.298s][debug][gc,phases      ] GC(150)   ObjectSynchronizer Weak        Min:  0.0, Avg:  0.0, Max:  0.0, Diff:  0.0, Sum:  0.0, Workers: 4
[1260.298s][debug][gc,phases      ] GC(150)     Dead                           Min: 0, Avg:  0.0, Max: 0, Diff: 0, Sum: 0, Workers: 4
[1260.298s][debug][gc,phases      ] GC(150)     Total                          Min: 0, Avg:  1.0, Max: 4, Diff: 4, Sum: 4, Workers: 4
[1260.298s][debug][gc,phases      ] GC(150)   JVMTI Tag Weak OopStorage      Min:  0.0, Avg:  0.0, Max:  0.0, Diff:  0.0, Sum:  0.0, Workers: 4
[1260.298s][debug][gc,phases      ] GC(150)     Dead                           Min: 0, Avg:  0.0, Max: 0, Diff: 0, Sum: 0, Workers: 4
[1260.298s][debug][gc,phases      ] GC(150)     Total                          Min: 0, Avg:  0.0, Max: 0, Diff: 0, Sum: 0, Workers: 4
[1260.298s][debug][gc,phases      ] GC(150)   StringTable Weak               Min:  0.0, Avg:  0.1, Max:  0.2, Diff:  0.2, Sum:  0.3, Workers: 4
[1260.298s][debug][gc,phases      ] GC(150)     Dead                           Min: 0, Avg:  0.0, Max: 0, Diff: 0, Sum: 0, Workers: 4
[1260.298s][debug][gc,phases      ] GC(150)     Total                          Min: 0, Avg: 11185.0, Max: 27076, Diff: 27076, Sum: 44740, Workers: 4
[1260.298s][debug][gc,phases      ] GC(150)   ResolvedMethodTable Weak       Min:  0.0, Avg:  0.0, Max:  0.0, Diff:  0.0, Sum:  0.1, Workers: 4
[1260.298s][debug][gc,phases      ] GC(150)     Dead                           Min: 0, Avg:  0.0, Max: 0, Diff: 0, Sum: 0, Workers: 4
[1260.298s][debug][gc,phases      ] GC(150)     Total                          Min: 0, Avg: 2625.5, Max: 6472, Diff: 6472, Sum: 10502, Workers: 4
[1260.298s][debug][gc,phases      ] GC(150)   JNI Weak                       Min:  0.0, Avg:  0.0, Max:  0.0, Diff:  0.0, Sum:  0.0, Workers: 4
[1260.298s][debug][gc,phases      ] GC(150)     Dead                           Min: 0, Avg:  0.0, Max: 0, Diff: 0, Sum: 0, Workers: 4
[1260.298s][debug][gc,phases      ] GC(150)     Total                          Min: 0, Avg: 11.2, Max: 45, Diff: 45, Sum: 45, Workers: 4
[1260.298s][debug][gc,phases      ] GC(150)   StringDedup Table Weak         Min:  0.0, Avg:  0.0, Max:  0.0, Diff:  0.0, Sum:  0.0, Workers: 4
[1260.298s][debug][gc,phases      ] GC(150)     Dead                           Min: 0, Avg:  0.0, Max: 0, Diff: 0, Sum: 0, Workers: 4
[1260.298s][debug][gc,phases      ] GC(150)     Total                          Min: 0, Avg:  0.0, Max: 0, Diff: 0, Sum: 0, Workers: 4
[1260.298s][debug][gc,phases      ] GC(150)   StringDedup Requests0 Weak     Min:  0.0, Avg:  0.0, Max:  0.0, Diff:  0.0, Sum:  0.0, Workers: 4
[1260.298s][debug][gc,phases      ] GC(150)     Dead                           Min: 0, Avg:  0.0, Max: 0, Diff: 0, Sum: 0, Workers: 4
[1260.298s][debug][gc,phases      ] GC(150)     Total                          Min: 0, Avg:  0.0, Max: 0, Diff: 0, Sum: 0, Workers: 4
[1260.298s][debug][gc,phases      ] GC(150)   StringDedup Requests1 Weak     Min:  0.0, Avg:  0.0, Max:  0.0, Diff:  0.0, Sum:  0.0, Workers: 4
[1260.298s][debug][gc,phases      ] GC(150)     Dead                           Min: 0, Avg:  0.0, Max: 0, Diff: 0, Sum: 0, Workers: 4
[1260.298s][debug][gc,phases      ] GC(150)     Total                          Min: 0, Avg:  0.0, Max: 0, Diff: 0, Sum: 0, Workers: 4
[1260.298s][debug][gc,phases      ] GC(150)   Weak JFR Old Object Samples    Min:  0.0, Avg:  0.0, Max:  0.0, Diff:  0.0, Sum:  0.0, Workers: 4
[1260.298s][debug][gc,phases      ] GC(150)     Dead                           Min: 0, Avg:  0.0, Max: 0, Diff: 0, Sum: 0, Workers: 4
[1260.298s][debug][gc,phases      ] GC(150)     Total                          Min: 0, Avg:  0.0, Max: 0, Diff: 0, Sum: 0, Workers: 4
[1260.298s][debug][gc,phases      ] GC(150) Weak Processing 0.385ms
[1260.298s][debug][gc,age         ] GC(150) Desired survivor size 9961472 bytes, new threshold 15 (max threshold 15)
[1260.298s][info ][gc,heap        ] GC(150) PSYoungGen: 2083669K(2086912K)->6245K(2087424K) Eden: 2077184K(2077184K)->0K(2077696K) From: 6485K(9728K)->6245K(9728K)
[1260.298s][info ][gc,heap        ] GC(150) ParOldGen: 383605K(430080K)->383757K(430080K)
[1260.298s][info ][gc,metaspace   ] GC(150) Metaspace: 85337K(86400K)->85337K(86400K) NonClass: 72980K(73536K)->72980K(73536K) Class: 12357K(12864K)->12357K(12864K)
[1260.298s][info ][gc             ] GC(150) Pause Young (Allocation Failure) 2409M->380M(2458M) 4.341ms
[1260.298s][info ][gc,cpu         ] GC(150) User=0.02s Sys=0.00s Real=0.00s
[1260.298s][info ][safepoint      ] Safepoint "ParallelGCFailedAllocation", Time since last: 4439688101 ns, Reaching safepoint: 76700 ns, Cleanup: 35200 ns, At safepoint: 4408806 ns, Total: 4520706 ns
[1264.355s][info ][safepoint      ] Safepoint "Cleanup", Time since last: 4057066074 ns, Reaching safepoint: 3800 ns, Cleanup: 40800 ns, At safepoint: 2300 ns, Total: 46900 ns
[1265.355s][info ][safepoint      ] Safepoint "Cleanup", Time since last: 1000107474 ns, Reaching safepoint: 4000 ns, Cleanup: 34300 ns, At safepoint: 2600 ns, Total: 40900 ns
[1266.355s][info ][safepoint      ] Safepoint "Cleanup", Time since last: 1000099031 ns, Reaching safepoint: 4100 ns, Cleanup: 41000 ns, At safepoint: 2800 ns, Total: 47900 ns
[1267.743s][info ][gc,start       ] GC(151) Pause Young (Allocation Failure)
[1267.752s][debug][gc,phases      ] GC(151) Scavenge 8.528ms
[1267.752s][debug][gc,ref         ] GC(151) Skipped phase 1 of Reference Processing: no references
[1267.752s][debug][gc,ref         ] GC(151) ReferenceProcessor::execute queues: 1, RefProcThreadModel::Single, marks_oops_alive: false
[1267.752s][debug][gc,ref         ] GC(151) Skipped phase 3 of Reference Processing: no references
[1267.752s][debug][gc,ref         ] GC(151) ReferenceProcessor::execute queues: 1, RefProcThreadModel::Single, marks_oops_alive: false
[1267.752s][debug][gc,phases      ] GC(151) Reference Processing 0.138ms
[1267.752s][debug][gc,phases      ] GC(151)   VM Weak                        Min:  0.0, Avg:  0.0, Max:  0.0, Diff:  0.0, Sum:  0.0, Workers: 4
[1267.752s][debug][gc,phases      ] GC(151)     Dead                           Min: 0, Avg:  0.0, Max: 0, Diff: 0, Sum: 0, Workers: 4
[1267.752s][debug][gc,phases      ] GC(151)     Total                          Min: 0, Avg: 216.5, Max: 866, Diff: 866, Sum: 866, Workers: 4
[1267.752s][debug][gc,phases      ] GC(151)   ObjectSynchronizer Weak        Min:  0.0, Avg:  0.0, Max:  0.0, Diff:  0.0, Sum:  0.0, Workers: 4
[1267.752s][debug][gc,phases      ] GC(151)     Dead                           Min: 0, Avg:  0.0, Max: 0, Diff: 0, Sum: 0, Workers: 4
[1267.752s][debug][gc,phases      ] GC(151)     Total                          Min: 0, Avg:  1.0, Max: 4, Diff: 4, Sum: 4, Workers: 4
[1267.752s][debug][gc,phases      ] GC(151)   JVMTI Tag Weak OopStorage      Min:  0.0, Avg:  0.0, Max:  0.0, Diff:  0.0, Sum:  0.0, Workers: 4
[1267.752s][debug][gc,phases      ] GC(151)     Dead                           Min: 0, Avg:  0.0, Max: 0, Diff: 0, Sum: 0, Workers: 4
[1267.752s][debug][gc,phases      ] GC(151)     Total                          Min: 0, Avg:  0.0, Max: 0, Diff: 0, Sum: 0, Workers: 4
[1267.752s][debug][gc,phases      ] GC(151)   StringTable Weak               Min:  0.0, Avg:  0.1, Max:  0.2, Diff:  0.2, Sum:  0.4, Workers: 4
[1267.752s][debug][gc,phases      ] GC(151)     Dead                           Min: 0, Avg:  0.0, Max: 0, Diff: 0, Sum: 0, Workers: 4
[1267.752s][debug][gc,phases      ] GC(151)     Total                          Min: 0, Avg: 11185.5, Max: 23296, Diff: 23296, Sum: 44742, Workers: 4
[1267.752s][debug][gc,phases      ] GC(151)   ResolvedMethodTable Weak       Min:  0.0, Avg:  0.0, Max:  0.0, Diff:  0.0, Sum:  0.1, Workers: 4
[1267.752s][debug][gc,phases      ] GC(151)     Dead                           Min: 0, Avg:  0.0, Max: 0, Diff: 0, Sum: 0, Workers: 4
[1267.752s][debug][gc,phases      ] GC(151)     Total                          Min: 0, Avg: 2625.5, Max: 3592, Diff: 3592, Sum: 10502, Workers: 4
[1267.752s][debug][gc,phases      ] GC(151)   JNI Weak                       Min:  0.0, Avg:  0.0, Max:  0.0, Diff:  0.0, Sum:  0.0, Workers: 4
[1267.752s][debug][gc,phases      ] GC(151)     Dead                           Min: 0, Avg:  0.0, Max: 0, Diff: 0, Sum: 0, Workers: 4
[1267.752s][debug][gc,phases      ] GC(151)     Total                          Min: 0, Avg: 11.2, Max: 45, Diff: 45, Sum: 45, Workers: 4
[1267.752s][debug][gc,phases      ] GC(151)   StringDedup Table Weak         Min:  0.0, Avg:  0.0, Max:  0.0, Diff:  0.0, Sum:  0.0, Workers: 4
[1267.752s][debug][gc,phases      ] GC(151)     Dead                           Min: 0, Avg:  0.0, Max: 0, Diff: 0, Sum: 0, Workers: 4
[1267.752s][debug][gc,phases      ] GC(151)     Total                          Min: 0, Avg:  0.0, Max: 0, Diff: 0, Sum: 0, Workers: 4
[1267.752s][debug][gc,phases      ] GC(151)   StringDedup Requests0 Weak     Min:  0.0, Avg:  0.0, Max:  0.0, Diff:  0.0, Sum:  0.0, Workers: 4
[1267.752s][debug][gc,phases      ] GC(151)     Dead                           Min: 0, Avg:  0.0, Max: 0, Diff: 0, Sum: 0, Workers: 4
[1267.752s][debug][gc,phases      ] GC(151)     Total                          Min: 0, Avg:  0.0, Max: 0, Diff: 0, Sum: 0, Workers: 4
[1267.752s][debug][gc,phases      ] GC(151)   StringDedup Requests1 Weak     Min:  0.0, Avg:  0.0, Max:  0.0, Diff:  0.0, Sum:  0.0, Workers: 4
[1267.752s][debug][gc,phases      ] GC(151)     Dead                           Min: 0, Avg:  0.0, Max: 0, Diff: 0, Sum: 0, Workers: 4
[1267.752s][debug][gc,phases      ] GC(151)     Total                          Min: 0, Avg:  0.0, Max: 0, Diff: 0, Sum: 0, Workers: 4
[1267.752s][debug][gc,phases      ] GC(151)   Weak JFR Old Object Samples    Min:  0.0, Avg:  0.0, Max:  0.0, Diff:  0.0, Sum:  0.0, Workers: 4
[1267.752s][debug][gc,phases      ] GC(151)     Dead                           Min: 0, Avg:  0.0, Max: 0, Diff: 0, Sum: 0, Workers: 4
[1267.752s][debug][gc,phases      ] GC(151)     Total                          Min: 0, Avg:  0.0, Max: 0, Diff: 0, Sum: 0, Workers: 4
[1267.752s][debug][gc,phases      ] GC(151) Weak Processing 0.425ms
[1267.752s][debug][gc,age         ] GC(151) Desired survivor size 9437184 bytes, new threshold 15 (max threshold 15)
[1267.752s][info ][gc,heap        ] GC(151) PSYoungGen: 2083941K(2087424K)->6197K(2087424K) Eden: 2077696K(2077696K)->0K(2077696K) From: 6245K(9728K)->6197K(9728K)
[1267.752s][info ][gc,heap        ] GC(151) ParOldGen: 383757K(430080K)->383857K(430080K)
[1267.752s][info ][gc,metaspace   ] GC(151) Metaspace: 85345K(86400K)->85345K(86400K) NonClass: 72988K(73536K)->72988K(73536K) Class: 12357K(12864K)->12357K(12864K)
[1267.752s][info ][gc             ] GC(151) Pause Young (Allocation Failure) 2409M->380M(2458M) 9.202ms
[1267.752s][info ][gc,cpu         ] GC(151) User=0.02s Sys=0.00s Real=0.00s
[1267.752s][info ][safepoint      ] Safepoint "ParallelGCFailedAllocation", Time since last: 1387888907 ns, Reaching safepoint: 5400 ns, Cleanup: 21700 ns, At safepoint: 9270912 ns, Total: 9298012 ns
[1271.753s][info ][safepoint      ] Safepoint "Cleanup", Time since last: 4000229308 ns, Reaching safepoint: 4600 ns, Cleanup: 26000 ns, At safepoint: 35701 ns, Total: 66301 ns
[1275.294s][info ][gc,start       ] GC(152) Pause Young (Allocation Failure)
[1275.300s][debug][gc,phases      ] GC(152) Scavenge 5.341ms
[1275.300s][debug][gc,ref         ] GC(152) Skipped phase 1 of Reference Processing: no references
[1275.300s][debug][gc,ref         ] GC(152) ReferenceProcessor::execute queues: 1, RefProcThreadModel::Single, marks_oops_alive: false
[1275.300s][debug][gc,ref         ] GC(152) Skipped phase 3 of Reference Processing: no references
[1275.300s][debug][gc,ref         ] GC(152) ReferenceProcessor::execute queues: 1, RefProcThreadModel::Single, marks_oops_alive: false
[1275.300s][debug][gc,phases      ] GC(152) Reference Processing 0.094ms
[1275.300s][debug][gc,phases      ] GC(152)   VM Weak                        Min:  0.0, Avg:  0.0, Max:  0.0, Diff:  0.0, Sum:  0.0, Workers: 4
[1275.300s][debug][gc,phases      ] GC(152)     Dead                           Min: 0, Avg:  0.0, Max: 0, Diff: 0, Sum: 0, Workers: 4
[1275.300s][debug][gc,phases      ] GC(152)     Total                          Min: 0, Avg: 216.5, Max: 768, Diff: 768, Sum: 866, Workers: 4
[1275.300s][debug][gc,phases      ] GC(152)   ObjectSynchronizer Weak        Min:  0.0, Avg:  0.0, Max:  0.0, Diff:  0.0, Sum:  0.0, Workers: 4
[1275.300s][debug][gc,phases      ] GC(152)     Dead                           Min: 0, Avg:  0.0, Max: 0, Diff: 0, Sum: 0, Workers: 4
[1275.300s][debug][gc,phases      ] GC(152)     Total                          Min: 0, Avg:  1.0, Max: 4, Diff: 4, Sum: 4, Workers: 4
[1275.300s][debug][gc,phases      ] GC(152)   JVMTI Tag Weak OopStorage      Min:  0.0, Avg:  0.0, Max:  0.0, Diff:  0.0, Sum:  0.0, Workers: 4
[1275.300s][debug][gc,phases      ] GC(152)     Dead                           Min: 0, Avg:  0.0, Max: 0, Diff: 0, Sum: 0, Workers: 4
[1275.300s][debug][gc,phases      ] GC(152)     Total                          Min: 0, Avg:  0.0, Max: 0, Diff: 0, Sum: 0, Workers: 4
[1275.300s][debug][gc,phases      ] GC(152)   StringTable Weak               Min:  0.0, Avg:  0.1, Max:  0.2, Diff:  0.2, Sum:  0.3, Workers: 4
[1275.300s][debug][gc,phases      ] GC(152)     Dead                           Min: 0, Avg:  0.0, Max: 0, Diff: 0, Sum: 0, Workers: 4
[1275.300s][debug][gc,phases      ] GC(152)     Total                          Min: 0, Avg: 11185.8, Max: 27776, Diff: 27776, Sum: 44743, Workers: 4
[1275.300s][debug][gc,phases      ] GC(152)   ResolvedMethodTable Weak       Min:  0.0, Avg:  0.0, Max:  0.0, Diff:  0.0, Sum:  0.1, Workers: 4
[1275.300s][debug][gc,phases      ] GC(152)     Dead                           Min: 0, Avg:  0.0, Max: 0, Diff: 0, Sum: 0, Workers: 4
[1275.300s][debug][gc,phases      ] GC(152)     Total                          Min: 0, Avg: 2625.5, Max: 6270, Diff: 6270, Sum: 10502, Workers: 4
[1275.300s][debug][gc,phases      ] GC(152)   JNI Weak                       Min:  0.0, Avg:  0.0, Max:  0.0, Diff:  0.0, Sum:  0.0, Workers: 4
[1275.300s][debug][gc,phases      ] GC(152)     Dead                           Min: 0, Avg:  0.0, Max: 0, Diff: 0, Sum: 0, Workers: 4
[1275.300s][debug][gc,phases      ] GC(152)     Total                          Min: 0, Avg: 11.2, Max: 45, Diff: 45, Sum: 45, Workers: 4
[1275.300s][debug][gc,phases      ] GC(152)   StringDedup Table Weak         Min:  0.0, Avg:  0.0, Max:  0.0, Diff:  0.0, Sum:  0.0, Workers: 4
[1275.300s][debug][gc,phases      ] GC(152)     Dead                           Min: 0, Avg:  0.0, Max: 0, Diff: 0, Sum: 0, Workers: 4
[1275.300s][debug][gc,phases      ] GC(152)     Total                          Min: 0, Avg:  0.0, Max: 0, Diff: 0, Sum: 0, Workers: 4
[1275.300s][debug][gc,phases      ] GC(152)   StringDedup Requests0 Weak     Min:  0.0, Avg:  0.0, Max:  0.0, Diff:  0.0, Sum:  0.0, Workers: 4
[1275.300s][debug][gc,phases      ] GC(152)     Dead                           Min: 0, Avg:  0.0, Max: 0, Diff: 0, Sum: 0, Workers: 4
[1275.300s][debug][gc,phases      ] GC(152)     Total                          Min: 0, Avg:  0.0, Max: 0, Diff: 0, Sum: 0, Workers: 4
[1275.300s][debug][gc,phases      ] GC(152)   StringDedup Requests1 Weak     Min:  0.0, Avg:  0.0, Max:  0.0, Diff:  0.0, Sum:  0.0, Workers: 4
[1275.300s][debug][gc,phases      ] GC(152)     Dead                           Min: 0, Avg:  0.0, Max: 0, Diff: 0, Sum: 0, Workers: 4
[1275.300s][debug][gc,phases      ] GC(152)     Total                          Min: 0, Avg:  0.0, Max: 0, Diff: 0, Sum: 0, Workers: 4
[1275.300s][debug][gc,phases      ] GC(152)   Weak JFR Old Object Samples    Min:  0.0, Avg:  0.0, Max:  0.0, Diff:  0.0, Sum:  0.0, Workers: 4
[1275.300s][debug][gc,phases      ] GC(152)     Dead                           Min: 0, Avg:  0.0, Max: 0, Diff: 0, Sum: 0, Workers: 4
[1275.300s][debug][gc,phases      ] GC(152)     Total                          Min: 0, Avg:  0.0, Max: 0, Diff: 0, Sum: 0, Workers: 4
[1275.300s][debug][gc,phases      ] GC(152) Weak Processing 0.368ms
[1275.300s][debug][gc,age         ] GC(152) Desired survivor size 9437184 bytes, new threshold 15 (max threshold 15)
[1275.300s][info ][gc,heap        ] GC(152) PSYoungGen: 2083893K(2087424K)->6229K(2087936K) Eden: 2077696K(2077696K)->0K(2078720K) From: 6197K(9728K)->6229K(9216K)
[1275.300s][info ][gc,heap        ] GC(152) ParOldGen: 383857K(430080K)->383905K(430080K)
[1275.300s][info ][gc,metaspace   ] GC(152) Metaspace: 85351K(86400K)->85351K(86400K) NonClass: 72994K(73536K)->72994K(73536K) Class: 12357K(12864K)->12357K(12864K)
[1275.300s][info ][gc             ] GC(152) Pause Young (Allocation Failure) 2409M->380M(2459M) 5.895ms
[1275.300s][info ][gc,cpu         ] GC(152) User=0.01s Sys=0.00s Real=0.00s
[1275.300s][info ][safepoint      ] Safepoint "ParallelGCFailedAllocation", Time since last: 3541352335 ns, Reaching safepoint: 5200 ns, Cleanup: 33300 ns, At safepoint: 5963307 ns, Total: 6001807 ns
[1276.300s][info ][safepoint      ] Safepoint "Cleanup", Time since last: 1000077853 ns, Reaching safepoint: 3400 ns, Cleanup: 45600 ns, At safepoint: 2600 ns, Total: 51600 ns
[1277.300s][info ][safepoint      ] Safepoint "Cleanup", Time since last: 1000120353 ns, Reaching safepoint: 3800 ns, Cleanup: 41600 ns, At safepoint: 3700 ns, Total: 49100 ns
[1278.301s][info ][safepoint      ] Safepoint "Cleanup", Time since last: 1000120153 ns, Reaching safepoint: 5200 ns, Cleanup: 38800 ns, At safepoint: 3000 ns, Total: 47000 ns
[1279.301s][info ][safepoint      ] Safepoint "Cleanup", Time since last: 1000117452 ns, Reaching safepoint: 3500 ns, Cleanup: 42300 ns, At safepoint: 2300 ns, Total: 48100 ns
[1280.301s][info ][safepoint      ] Safepoint "Cleanup", Time since last: 1000109253 ns, Reaching safepoint: 4700 ns, Cleanup: 40900 ns, At safepoint: 2800 ns, Total: 48400 ns
[1281.301s][info ][safepoint      ] Safepoint "Cleanup", Time since last: 1000102253 ns, Reaching safepoint: 4300 ns, Cleanup: 31300 ns, At safepoint: 2500 ns, Total: 38100 ns
[1282.301s][info ][safepoint      ] Safepoint "Cleanup", Time since last: 1000128161 ns, Reaching safepoint: 3700 ns, Cleanup: 31000 ns, At safepoint: 2700 ns, Total: 37400 ns
[1282.894s][info ][gc,start       ] GC(153) Pause Young (Allocation Failure)
[1282.900s][debug][gc,phases      ] GC(153) Scavenge 5.816ms
[1282.900s][debug][gc,ref         ] GC(153) Skipped phase 1 of Reference Processing: no references
[1282.900s][debug][gc,ref         ] GC(153) ReferenceProcessor::execute queues: 1, RefProcThreadModel::Single, marks_oops_alive: false
[1282.900s][debug][gc,ref         ] GC(153) ReferenceProcessor::execute queues: 4, RefProcThreadModel::Multi, marks_oops_alive: true
[1282.900s][debug][gc,ref         ] GC(153) ReferenceProcessor::execute queues: 1, RefProcThreadModel::Single, marks_oops_alive: false
[1282.900s][debug][gc,phases      ] GC(153) Reference Processing 0.200ms
[1282.900s][debug][gc,phases      ] GC(153)   VM Weak                        Min:  0.0, Avg:  0.0, Max:  0.0, Diff:  0.0, Sum:  0.0, Workers: 4
[1282.900s][debug][gc,phases      ] GC(153)     Dead                           Min: 0, Avg:  0.0, Max: 0, Diff: 0, Sum: 0, Workers: 4
[1282.900s][debug][gc,phases      ] GC(153)     Total                          Min: 0, Avg: 216.5, Max: 482, Diff: 482, Sum: 866, Workers: 4
[1282.900s][debug][gc,phases      ] GC(153)   ObjectSynchronizer Weak        Min:  0.0, Avg:  0.0, Max:  0.0, Diff:  0.0, Sum:  0.0, Workers: 4
[1282.900s][debug][gc,phases      ] GC(153)     Dead                           Min: 0, Avg:  0.0, Max: 0, Diff: 0, Sum: 0, Workers: 4
[1282.900s][debug][gc,phases      ] GC(153)     Total                          Min: 0, Avg:  1.0, Max: 4, Diff: 4, Sum: 4, Workers: 4
[1282.900s][debug][gc,phases      ] GC(153)   JVMTI Tag Weak OopStorage      Min:  0.0, Avg:  0.0, Max:  0.0, Diff:  0.0, Sum:  0.0, Workers: 4
[1282.900s][debug][gc,phases      ] GC(153)     Dead                           Min: 0, Avg:  0.0, Max: 0, Diff: 0, Sum: 0, Workers: 4
[1282.900s][debug][gc,phases      ] GC(153)     Total                          Min: 0, Avg:  0.0, Max: 0, Diff: 0, Sum: 0, Workers: 4
[1282.900s][debug][gc,phases      ] GC(153)   StringTable Weak               Min:  0.0, Avg:  0.1, Max:  0.2, Diff:  0.2, Sum:  0.3, Workers: 4
[1282.900s][debug][gc,phases      ] GC(153)     Dead                           Min: 0, Avg:  0.0, Max: 0, Diff: 0, Sum: 0, Workers: 4
[1282.900s][debug][gc,phases      ] GC(153)     Total                          Min: 0, Avg: 11185.8, Max: 27968, Diff: 27968, Sum: 44743, Workers: 4
[1282.900s][debug][gc,phases      ] GC(153)   ResolvedMethodTable Weak       Min:  0.0, Avg:  0.0, Max:  0.0, Diff:  0.0, Sum:  0.1, Workers: 4
[1282.900s][debug][gc,phases      ] GC(153)     Dead                           Min: 0, Avg:  0.0, Max: 0, Diff: 0, Sum: 0, Workers: 4
[1282.900s][debug][gc,phases      ] GC(153)     Total                          Min: 0, Avg: 2625.5, Max: 6464, Diff: 6464, Sum: 10502, Workers: 4
[1282.900s][debug][gc,phases      ] GC(153)   JNI Weak                       Min:  0.0, Avg:  0.0, Max:  0.0, Diff:  0.0, Sum:  0.0, Workers: 4
[1282.900s][debug][gc,phases      ] GC(153)     Dead                           Min: 0, Avg:  0.0, Max: 0, Diff: 0, Sum: 0, Workers: 4
[1282.900s][debug][gc,phases      ] GC(153)     Total                          Min: 0, Avg: 11.2, Max: 45, Diff: 45, Sum: 45, Workers: 4
[1282.900s][debug][gc,phases      ] GC(153)   StringDedup Table Weak         Min:  0.0, Avg:  0.0, Max:  0.0, Diff:  0.0, Sum:  0.0, Workers: 4
[1282.900s][debug][gc,phases      ] GC(153)     Dead                           Min: 0, Avg:  0.0, Max: 0, Diff: 0, Sum: 0, Workers: 4
[1282.900s][debug][gc,phases      ] GC(153)     Total                          Min: 0, Avg:  0.0, Max: 0, Diff: 0, Sum: 0, Workers: 4
[1282.900s][debug][gc,phases      ] GC(153)   StringDedup Requests0 Weak     Min:  0.0, Avg:  0.0, Max:  0.0, Diff:  0.0, Sum:  0.0, Workers: 4
[1282.900s][debug][gc,phases      ] GC(153)     Dead                           Min: 0, Avg:  0.0, Max: 0, Diff: 0, Sum: 0, Workers: 4
[1282.900s][debug][gc,phases      ] GC(153)     Total                          Min: 0, Avg:  0.0, Max: 0, Diff: 0, Sum: 0, Workers: 4
[1282.900s][debug][gc,phases      ] GC(153)   StringDedup Requests1 Weak     Min:  0.0, Avg:  0.0, Max:  0.0, Diff:  0.0, Sum:  0.0, Workers: 4
[1282.900s][debug][gc,phases      ] GC(153)     Dead                           Min: 0, Avg:  0.0, Max: 0, Diff: 0, Sum: 0, Workers: 4
[1282.900s][debug][gc,phases      ] GC(153)     Total                          Min: 0, Avg:  0.0, Max: 0, Diff: 0, Sum: 0, Workers: 4
[1282.900s][debug][gc,phases      ] GC(153)   Weak JFR Old Object Samples    Min:  0.0, Avg:  0.0, Max:  0.0, Diff:  0.0, Sum:  0.0, Workers: 4
[1282.900s][debug][gc,phases      ] GC(153)     Dead                           Min: 0, Avg:  0.0, Max: 0, Diff: 0, Sum: 0, Workers: 4
[1282.900s][debug][gc,phases      ] GC(153)     Total                          Min: 0, Avg:  0.0, Max: 0, Diff: 0, Sum: 0, Workers: 4
[1282.900s][debug][gc,phases      ] GC(153) Weak Processing 0.380ms
[1282.900s][debug][gc,age         ] GC(153) Desired survivor size 9961472 bytes, new threshold 15 (max threshold 15)
[1282.900s][info ][gc,heap        ] GC(153) PSYoungGen: 2084949K(2087936K)->1888K(2080768K) Eden: 2078720K(2078720K)->0K(2078720K) From: 6229K(9216K)->1888K(2048K)
[1282.900s][info ][gc,heap        ] GC(153) ParOldGen: 383905K(430080K)->388286K(430080K)
[1282.900s][info ][gc,metaspace   ] GC(153) Metaspace: 85354K(86400K)->85354K(86400K) NonClass: 72997K(73536K)->72997K(73536K) Class: 12357K(12864K)->12357K(12864K)
[1282.900s][info ][gc             ] GC(153) Pause Young (Allocation Failure) 2410M->381M(2452M) 6.513ms
[1282.900s][info ][gc,cpu         ] GC(153) User=0.01s Sys=0.00s Real=0.00s
[1282.901s][info ][safepoint      ] Safepoint "ParallelGCFailedAllocation", Time since last: 592622078 ns, Reaching safepoint: 72100 ns, Cleanup: 29300 ns, At safepoint: 6591201 ns, Total: 6692601 ns
[1285.901s][info ][safepoint      ] Safepoint "Cleanup", Time since last: 3000212343 ns, Reaching safepoint: 3700 ns, Cleanup: 37301 ns, At safepoint: 2600 ns, Total: 43601 ns
[1287.901s][info ][safepoint      ] Safepoint "Cleanup", Time since last: 2000179550 ns, Reaching safepoint: 6000 ns, Cleanup: 33900 ns, At safepoint: 4200 ns, Total: 44100 ns
[1290.494s][info ][gc,start       ] GC(154) Pause Young (Allocation Failure)
[1290.498s][debug][gc,phases      ] GC(154) Scavenge 4.146ms
[1290.498s][debug][gc,ref         ] GC(154) Skipped phase 1 of Reference Processing: no references
[1290.498s][debug][gc,ref         ] GC(154) ReferenceProcessor::execute queues: 1, RefProcThreadModel::Single, marks_oops_alive: false
[1290.498s][debug][gc,ref         ] GC(154) Skipped phase 3 of Reference Processing: no references
[1290.498s][debug][gc,ref         ] GC(154) Skipped phase 4 of Reference Processing: no references
[1290.498s][debug][gc,phases      ] GC(154) Reference Processing 0.090ms
[1290.498s][debug][gc,phases      ] GC(154)   VM Weak                        Min:  0.0, Avg:  0.0, Max:  0.0, Diff:  0.0, Sum:  0.0, Workers: 4
[1290.498s][debug][gc,phases      ] GC(154)     Dead                           Min: 0, Avg:  0.0, Max: 0, Diff: 0, Sum: 0, Workers: 4
[1290.498s][debug][gc,phases      ] GC(154)     Total                          Min: 0, Avg: 216.5, Max: 866, Diff: 866, Sum: 866, Workers: 4
[1290.498s][debug][gc,phases      ] GC(154)   ObjectSynchronizer Weak        Min:  0.0, Avg:  0.0, Max:  0.0, Diff:  0.0, Sum:  0.0, Workers: 4
[1290.498s][debug][gc,phases      ] GC(154)     Dead                           Min: 0, Avg:  0.0, Max: 0, Diff: 0, Sum: 0, Workers: 4
[1290.498s][debug][gc,phases      ] GC(154)     Total                          Min: 0, Avg:  1.0, Max: 4, Diff: 4, Sum: 4, Workers: 4
[1290.498s][debug][gc,phases      ] GC(154)   JVMTI Tag Weak OopStorage      Min:  0.0, Avg:  0.0, Max:  0.0, Diff:  0.0, Sum:  0.0, Workers: 4
[1290.498s][debug][gc,phases      ] GC(154)     Dead                           Min: 0, Avg:  0.0, Max: 0, Diff: 0, Sum: 0, Workers: 4
[1290.498s][debug][gc,phases      ] GC(154)     Total                          Min: 0, Avg:  0.0, Max: 0, Diff: 0, Sum: 0, Workers: 4
[1290.498s][debug][gc,phases      ] GC(154)   StringTable Weak               Min:  0.0, Avg:  0.1, Max:  0.2, Diff:  0.2, Sum:  0.4, Workers: 4
[1290.498s][debug][gc,phases      ] GC(154)     Dead                           Min: 0, Avg:  0.0, Max: 0, Diff: 0, Sum: 0, Workers: 4
[1290.498s][debug][gc,phases      ] GC(154)     Total                          Min: 0, Avg: 11185.8, Max: 27328, Diff: 27328, Sum: 44743, Workers: 4
[1290.498s][debug][gc,phases      ] GC(154)   ResolvedMethodTable Weak       Min:  0.0, Avg:  0.0, Max:  0.0, Diff:  0.0, Sum:  0.1, Workers: 4
[1290.498s][debug][gc,phases      ] GC(154)     Dead                           Min: 0, Avg:  0.0, Max: 0, Diff: 0, Sum: 0, Workers: 4
[1290.498s][debug][gc,phases      ] GC(154)     Total                          Min: 0, Avg: 2625.5, Max: 6536, Diff: 6536, Sum: 10502, Workers: 4
[1290.498s][debug][gc,phases      ] GC(154)   JNI Weak                       Min:  0.0, Avg:  0.0, Max:  0.0, Diff:  0.0, Sum:  0.0, Workers: 4
[1290.498s][debug][gc,phases      ] GC(154)     Dead                           Min: 0, Avg:  0.0, Max: 0, Diff: 0, Sum: 0, Workers: 4
[1290.498s][debug][gc,phases      ] GC(154)     Total                          Min: 0, Avg: 11.2, Max: 45, Diff: 45, Sum: 45, Workers: 4
[1290.498s][debug][gc,phases      ] GC(154)   StringDedup Table Weak         Min:  0.0, Avg:  0.0, Max:  0.0, Diff:  0.0, Sum:  0.0, Workers: 4
[1290.498s][debug][gc,phases      ] GC(154)     Dead                           Min: 0, Avg:  0.0, Max: 0, Diff: 0, Sum: 0, Workers: 4
[1290.498s][debug][gc,phases      ] GC(154)     Total                          Min: 0, Avg:  0.0, Max: 0, Diff: 0, Sum: 0, Workers: 4
[1290.498s][debug][gc,phases      ] GC(154)   StringDedup Requests0 Weak     Min:  0.0, Avg:  0.0, Max:  0.0, Diff:  0.0, Sum:  0.0, Workers: 4
[1290.498s][debug][gc,phases      ] GC(154)     Dead                           Min: 0, Avg:  0.0, Max: 0, Diff: 0, Sum: 0, Workers: 4
[1290.498s][debug][gc,phases      ] GC(154)     Total                          Min: 0, Avg:  0.0, Max: 0, Diff: 0, Sum: 0, Workers: 4
[1290.498s][debug][gc,phases      ] GC(154)   StringDedup Requests1 Weak     Min:  0.0, Avg:  0.0, Max:  0.0, Diff:  0.0, Sum:  0.0, Workers: 4
[1290.498s][debug][gc,phases      ] GC(154)     Dead                           Min: 0, Avg:  0.0, Max: 0, Diff: 0, Sum: 0, Workers: 4
[1290.498s][debug][gc,phases      ] GC(154)     Total                          Min: 0, Avg:  0.0, Max: 0, Diff: 0, Sum: 0, Workers: 4
[1290.498s][debug][gc,phases      ] GC(154)   Weak JFR Old Object Samples    Min:  0.0, Avg:  0.0, Max:  0.0, Diff:  0.0, Sum:  0.0, Workers: 4
[1290.498s][debug][gc,phases      ] GC(154)     Dead                           Min: 0, Avg:  0.0, Max: 0, Diff: 0, Sum: 0, Workers: 4
[1290.498s][debug][gc,phases      ] GC(154)     Total                          Min: 0, Avg:  0.0, Max: 0, Diff: 0, Sum: 0, Workers: 4
[1290.498s][debug][gc,phases      ] GC(154) Weak Processing 0.388ms
[1290.498s][debug][gc,age         ] GC(154) Desired survivor size 9961472 bytes, new threshold 15 (max threshold 15)
[1290.498s][info ][gc,heap        ] GC(154) PSYoungGen: 2080608K(2080768K)->1872K(2087424K) Eden: 2078720K(2078720K)->0K(2077696K) From: 1888K(2048K)->1872K(9728K)
[1290.498s][info ][gc,heap        ] GC(154) ParOldGen: 388286K(430080K)->388334K(430080K)
[1290.498s][info ][gc,metaspace   ] GC(154) Metaspace: 85360K(86400K)->85360K(86400K) NonClass: 73003K(73536K)->73003K(73536K) Class: 12357K(12864K)->12357K(12864K)
[1290.498s][info ][gc             ] GC(154) Pause Young (Allocation Failure) 2411M->381M(2458M) 4.734ms
[1290.498s][info ][gc,cpu         ] GC(154) User=0.01s Sys=0.00s Real=0.00s
[1290.499s][info ][safepoint      ] Safepoint "ParallelGCFailedAllocation", Time since last: 2592621230 ns, Reaching safepoint: 74100 ns, Cleanup: 19200 ns, At safepoint: 4804205 ns, Total: 4897505 ns
[1292.499s][info ][safepoint      ] Safepoint "Cleanup", Time since last: 2000151423 ns, Reaching safepoint: 4000 ns, Cleanup: 46000 ns, At safepoint: 3200 ns, Total: 53200 ns
[1293.499s][info ][safepoint      ] Safepoint "Cleanup", Time since last: 1000112712 ns, Reaching safepoint: 4000 ns, Cleanup: 28300 ns, At safepoint: 2700 ns, Total: 35000 ns
[1295.415s][info ][safepoint      ] Safepoint "Cleanup", Time since last: 1916508339 ns, Reaching safepoint: 3501 ns, Cleanup: 40200 ns, At safepoint: 5100 ns, Total: 48801 ns
[1298.090s][info ][gc,start       ] GC(155) Pause Young (Allocation Failure)
[1298.093s][debug][gc,phases      ] GC(155) Scavenge 2.842ms
[1298.093s][debug][gc,ref         ] GC(155) Skipped phase 1 of Reference Processing: no references
[1298.093s][debug][gc,ref         ] GC(155) ReferenceProcessor::execute queues: 1, RefProcThreadModel::Single, marks_oops_alive: false
[1298.093s][debug][gc,ref         ] GC(155) Skipped phase 3 of Reference Processing: no references
[1298.093s][debug][gc,ref         ] GC(155) ReferenceProcessor::execute queues: 1, RefProcThreadModel::Single, marks_oops_alive: false
[1298.093s][debug][gc,phases      ] GC(155) Reference Processing 0.098ms
[1298.093s][debug][gc,phases      ] GC(155)   VM Weak                        Min:  0.0, Avg:  0.0, Max:  0.0, Diff:  0.0, Sum:  0.0, Workers: 4
[1298.093s][debug][gc,phases      ] GC(155)     Dead                           Min: 0, Avg:  0.0, Max: 0, Diff: 0, Sum: 0, Workers: 4
[1298.093s][debug][gc,phases      ] GC(155)     Total                          Min: 0, Avg: 216.5, Max: 610, Diff: 610, Sum: 866, Workers: 4
[1298.093s][debug][gc,phases      ] GC(155)   ObjectSynchronizer Weak        Min:  0.0, Avg:  0.0, Max:  0.0, Diff:  0.0, Sum:  0.0, Workers: 4
[1298.093s][debug][gc,phases      ] GC(155)     Dead                           Min: 0, Avg:  0.0, Max: 0, Diff: 0, Sum: 0, Workers: 4
[1298.093s][debug][gc,phases      ] GC(155)     Total                          Min: 0, Avg:  1.0, Max: 4, Diff: 4, Sum: 4, Workers: 4
[1298.093s][debug][gc,phases      ] GC(155)   JVMTI Tag Weak OopStorage      Min:  0.0, Avg:  0.0, Max:  0.0, Diff:  0.0, Sum:  0.0, Workers: 4
[1298.093s][debug][gc,phases      ] GC(155)     Dead                           Min: 0, Avg:  0.0, Max: 0, Diff: 0, Sum: 0, Workers: 4
[1298.093s][debug][gc,phases      ] GC(155)     Total                          Min: 0, Avg:  0.0, Max: 0, Diff: 0, Sum: 0, Workers: 4
[1298.093s][debug][gc,phases      ] GC(155)   StringTable Weak               Min:  0.0, Avg:  0.1, Max:  0.1, Diff:  0.1, Sum:  0.4, Workers: 4
[1298.093s][debug][gc,phases      ] GC(155)     Dead                           Min: 0, Avg:  0.0, Max: 0, Diff: 0, Sum: 0, Workers: 4
[1298.093s][debug][gc,phases      ] GC(155)     Total                          Min: 0, Avg: 11186.0, Max: 16328, Diff: 16328, Sum: 44744, Workers: 4
[1298.093s][debug][gc,phases      ] GC(155)   ResolvedMethodTable Weak       Min:  0.0, Avg:  0.0, Max:  0.0, Diff:  0.0, Sum:  0.1, Workers: 4
[1298.093s][debug][gc,phases      ] GC(155)     Dead                           Min: 0, Avg:  0.0, Max: 0, Diff: 0, Sum: 0, Workers: 4
[1298.093s][debug][gc,phases      ] GC(155)     Total                          Min: 0, Avg: 2625.8, Max: 4414, Diff: 4414, Sum: 10503, Workers: 4
[1298.093s][debug][gc,phases      ] GC(155)   JNI Weak                       Min:  0.0, Avg:  0.0, Max:  0.0, Diff:  0.0, Sum:  0.0, Workers: 4
[1298.093s][debug][gc,phases      ] GC(155)     Dead                           Min: 0, Avg:  0.0, Max: 0, Diff: 0, Sum: 0, Workers: 4
[1298.093s][debug][gc,phases      ] GC(155)     Total                          Min: 0, Avg: 11.2, Max: 45, Diff: 45, Sum: 45, Workers: 4
[1298.093s][debug][gc,phases      ] GC(155)   StringDedup Table Weak         Min:  0.0, Avg:  0.0, Max:  0.0, Diff:  0.0, Sum:  0.0, Workers: 4
[1298.093s][debug][gc,phases      ] GC(155)     Dead                           Min: 0, Avg:  0.0, Max: 0, Diff: 0, Sum: 0, Workers: 4
[1298.093s][debug][gc,phases      ] GC(155)     Total                          Min: 0, Avg:  0.0, Max: 0, Diff: 0, Sum: 0, Workers: 4
[1298.093s][debug][gc,phases      ] GC(155)   StringDedup Requests0 Weak     Min:  0.0, Avg:  0.0, Max:  0.0, Diff:  0.0, Sum:  0.0, Workers: 4
[1298.093s][debug][gc,phases      ] GC(155)     Dead                           Min: 0, Avg:  0.0, Max: 0, Diff: 0, Sum: 0, Workers: 4
[1298.093s][debug][gc,phases      ] GC(155)     Total                          Min: 0, Avg:  0.0, Max: 0, Diff: 0, Sum: 0, Workers: 4
[1298.093s][debug][gc,phases      ] GC(155)   StringDedup Requests1 Weak     Min:  0.0, Avg:  0.0, Max:  0.0, Diff:  0.0, Sum:  0.0, Workers: 4
[1298.093s][debug][gc,phases      ] GC(155)     Dead                           Min: 0, Avg:  0.0, Max: 0, Diff: 0, Sum: 0, Workers: 4
[1298.093s][debug][gc,phases      ] GC(155)     Total                          Min: 0, Avg:  0.0, Max: 0, Diff: 0, Sum: 0, Workers: 4
[1298.093s][debug][gc,phases      ] GC(155)   Weak JFR Old Object Samples    Min:  0.0, Avg:  0.0, Max:  0.0, Diff:  0.0, Sum:  0.0, Workers: 4
[1298.093s][debug][gc,phases      ] GC(155)     Dead                           Min: 0, Avg:  0.0, Max: 0, Diff: 0, Sum: 0, Workers: 4
[1298.093s][debug][gc,phases      ] GC(155)     Total                          Min: 0, Avg:  0.0, Max: 0, Diff: 0, Sum: 0, Workers: 4
[1298.093s][debug][gc,phases      ] GC(155) Weak Processing 0.342ms
[1298.093s][debug][gc,age         ] GC(155) Desired survivor size 9961472 bytes, new threshold 15 (max threshold 15)
[1298.093s][info ][gc,heap        ] GC(155) PSYoungGen: 2079568K(2087424K)->1712K(2087424K) Eden: 2077696K(2077696K)->0K(2077696K) From: 1872K(9728K)->1712K(9728K)
[1298.093s][info ][gc,heap        ] GC(155) ParOldGen: 388334K(430080K)->388358K(430080K)
[1298.093s][info ][gc,metaspace   ] GC(155) Metaspace: 85381K(86464K)->85381K(86464K) NonClass: 73023K(73600K)->73023K(73600K) Class: 12358K(12864K)->12358K(12864K)
[1298.093s][info ][gc             ] GC(155) Pause Young (Allocation Failure) 2410M->380M(2458M) 3.387ms
[1298.093s][info ][gc,cpu         ] GC(155) User=0.01s Sys=0.00s Real=0.01s
[1298.093s][info ][safepoint      ] Safepoint "ParallelGCFailedAllocation", Time since last: 2674382846 ns, Reaching safepoint: 4800 ns, Cleanup: 18000 ns, At safepoint: 3453504 ns, Total: 3476304 ns
[1302.094s][info ][safepoint      ] Safepoint "Cleanup", Time since last: 4000264689 ns, Reaching safepoint: 71200 ns, Cleanup: 29400 ns, At safepoint: 8200 ns, Total: 108800 ns
[1305.644s][info ][gc,start       ] GC(156) Pause Young (Allocation Failure)
[1305.648s][debug][gc,phases      ] GC(156) Scavenge 3.977ms
[1305.648s][debug][gc,ref         ] GC(156) Skipped phase 1 of Reference Processing: no references
[1305.648s][debug][gc,ref         ] GC(156) ReferenceProcessor::execute queues: 1, RefProcThreadModel::Single, marks_oops_alive: false
[1305.648s][debug][gc,ref         ] GC(156) Skipped phase 3 of Reference Processing: no references
[1305.648s][debug][gc,ref         ] GC(156) Skipped phase 4 of Reference Processing: no references
[1305.648s][debug][gc,phases      ] GC(156) Reference Processing 0.113ms
[1305.648s][debug][gc,phases      ] GC(156)   VM Weak                        Min:  0.0, Avg:  0.0, Max:  0.0, Diff:  0.0, Sum:  0.0, Workers: 4
[1305.648s][debug][gc,phases      ] GC(156)     Dead                           Min: 0, Avg:  0.0, Max: 0, Diff: 0, Sum: 0, Workers: 4
[1305.648s][debug][gc,phases      ] GC(156)     Total                          Min: 0, Avg: 216.5, Max: 576, Diff: 576, Sum: 866, Workers: 4
[1305.648s][debug][gc,phases      ] GC(156)   ObjectSynchronizer Weak        Min:  0.0, Avg:  0.0, Max:  0.0, Diff:  0.0, Sum:  0.0, Workers: 4
[1305.648s][debug][gc,phases      ] GC(156)     Dead                           Min: 0, Avg:  0.0, Max: 0, Diff: 0, Sum: 0, Workers: 4
[1305.648s][debug][gc,phases      ] GC(156)     Total                          Min: 0, Avg:  1.0, Max: 4, Diff: 4, Sum: 4, Workers: 4
[1305.648s][debug][gc,phases      ] GC(156)   JVMTI Tag Weak OopStorage      Min:  0.0, Avg:  0.0, Max:  0.0, Diff:  0.0, Sum:  0.0, Workers: 4
[1305.648s][debug][gc,phases      ] GC(156)     Dead                           Min: 0, Avg:  0.0, Max: 0, Diff: 0, Sum: 0, Workers: 4
[1305.648s][debug][gc,phases      ] GC(156)     Total                          Min: 0, Avg:  0.0, Max: 0, Diff: 0, Sum: 0, Workers: 4
[1305.648s][debug][gc,phases      ] GC(156)   StringTable Weak               Min:  0.0, Avg:  0.1, Max:  0.1, Diff:  0.1, Sum:  0.4, Workers: 4
[1305.648s][debug][gc,phases      ] GC(156)     Dead                           Min: 0, Avg:  0.0, Max: 0, Diff: 0, Sum: 0, Workers: 4
[1305.648s][debug][gc,phases      ] GC(156)     Total                          Min: 0, Avg: 11186.0, Max: 15168, Diff: 15168, Sum: 44744, Workers: 4
[1305.648s][debug][gc,phases      ] GC(156)   ResolvedMethodTable Weak       Min:  0.0, Avg:  0.0, Max:  0.0, Diff:  0.0, Sum:  0.1, Workers: 4
[1305.648s][debug][gc,phases      ] GC(156)     Dead                           Min: 0, Avg:  0.0, Max: 0, Diff: 0, Sum: 0, Workers: 4
[1305.648s][debug][gc,phases      ] GC(156)     Total                          Min: 0, Avg: 2625.8, Max: 3529, Diff: 3529, Sum: 10503, Workers: 4
[1305.648s][debug][gc,phases      ] GC(156)   JNI Weak                       Min:  0.0, Avg:  0.0, Max:  0.0, Diff:  0.0, Sum:  0.0, Workers: 4
[1305.648s][debug][gc,phases      ] GC(156)     Dead                           Min: 0, Avg:  0.0, Max: 0, Diff: 0, Sum: 0, Workers: 4
[1305.648s][debug][gc,phases      ] GC(156)     Total                          Min: 0, Avg: 11.2, Max: 45, Diff: 45, Sum: 45, Workers: 4
[1305.648s][debug][gc,phases      ] GC(156)   StringDedup Table Weak         Min:  0.0, Avg:  0.0, Max:  0.0, Diff:  0.0, Sum:  0.0, Workers: 4
[1305.648s][debug][gc,phases      ] GC(156)     Dead                           Min: 0, Avg:  0.0, Max: 0, Diff: 0, Sum: 0, Workers: 4
[1305.648s][debug][gc,phases      ] GC(156)     Total                          Min: 0, Avg:  0.0, Max: 0, Diff: 0, Sum: 0, Workers: 4
[1305.648s][debug][gc,phases      ] GC(156)   StringDedup Requests0 Weak     Min:  0.0, Avg:  0.0, Max:  0.0, Diff:  0.0, Sum:  0.0, Workers: 4
[1305.648s][debug][gc,phases      ] GC(156)     Dead                           Min: 0, Avg:  0.0, Max: 0, Diff: 0, Sum: 0, Workers: 4
[1305.648s][debug][gc,phases      ] GC(156)     Total                          Min: 0, Avg:  0.0, Max: 0, Diff: 0, Sum: 0, Workers: 4
[1305.648s][debug][gc,phases      ] GC(156)   StringDedup Requests1 Weak     Min:  0.0, Avg:  0.0, Max:  0.0, Diff:  0.0, Sum:  0.0, Workers: 4
[1305.648s][debug][gc,phases      ] GC(156)     Dead                           Min: 0, Avg:  0.0, Max: 0, Diff: 0, Sum: 0, Workers: 4
[1305.648s][debug][gc,phases      ] GC(156)     Total                          Min: 0, Avg:  0.0, Max: 0, Diff: 0, Sum: 0, Workers: 4
[1305.648s][debug][gc,phases      ] GC(156)   Weak JFR Old Object Samples    Min:  0.0, Avg:  0.0, Max:  0.0, Diff:  0.0, Sum:  0.0, Workers: 4
[1305.648s][debug][gc,phases      ] GC(156)     Dead                           Min: 0, Avg:  0.0, Max: 0, Diff: 0, Sum: 0, Workers: 4
[1305.648s][debug][gc,phases      ] GC(156)     Total                          Min: 0, Avg:  0.0, Max: 0, Diff: 0, Sum: 0, Workers: 4
[1305.648s][debug][gc,phases      ] GC(156) Weak Processing 0.416ms
[1305.648s][debug][gc,age         ] GC(156) Desired survivor size 10485760 bytes, new threshold 15 (max threshold 15)
[1305.648s][info ][gc,heap        ] GC(156) PSYoungGen: 2079408K(2087424K)->1744K(2086400K) Eden: 2077696K(2077696K)->0K(2076672K) From: 1712K(9728K)->1744K(9728K)
[1305.648s][info ][gc,heap        ] GC(156) ParOldGen: 388358K(430080K)->388390K(430080K)
[1305.648s][info ][gc,metaspace   ] GC(156) Metaspace: 85386K(86464K)->85386K(86464K) NonClass: 73028K(73600K)->73028K(73600K) Class: 12358K(12864K)->12358K(12864K)
[1305.648s][info ][gc             ] GC(156) Pause Young (Allocation Failure) 2409M->380M(2457M) 4.669ms
[1305.648s][info ][gc,cpu         ] GC(156) User=0.01s Sys=0.00s Real=0.00s
[1305.648s][info ][safepoint      ] Safepoint "ParallelGCFailedAllocation", Time since last: 3549851471 ns, Reaching safepoint: 73000 ns, Cleanup: 26600 ns, At safepoint: 4748606 ns, Total: 4848206 ns
[1306.648s][info ][safepoint      ] Safepoint "Cleanup", Time since last: 1000089101 ns, Reaching safepoint: 5000 ns, Cleanup: 25700 ns, At safepoint: 2700 ns, Total: 33400 ns
[1311.649s][info ][safepoint      ] Safepoint "Cleanup", Time since last: 5000391920 ns, Reaching safepoint: 5700 ns, Cleanup: 37500 ns, At safepoint: 3200 ns, Total: 46400 ns
[1314.495s][info ][gc,start       ] GC(157) Pause Young (Allocation Failure)
[1314.498s][debug][gc,phases      ] GC(157) Scavenge 2.976ms
[1314.498s][debug][gc,ref         ] GC(157) Skipped phase 1 of Reference Processing: no references
[1314.498s][debug][gc,ref         ] GC(157) ReferenceProcessor::execute queues: 1, RefProcThreadModel::Single, marks_oops_alive: false
[1314.498s][debug][gc,ref         ] GC(157) Skipped phase 3 of Reference Processing: no references
[1314.498s][debug][gc,ref         ] GC(157) Skipped phase 4 of Reference Processing: no references
[1314.498s][debug][gc,phases      ] GC(157) Reference Processing 0.121ms
[1314.499s][debug][gc,phases      ] GC(157)   VM Weak                        Min:  0.0, Avg:  0.0, Max:  0.0, Diff:  0.0, Sum:  0.0, Workers: 4
[1314.499s][debug][gc,phases      ] GC(157)     Dead                           Min: 0, Avg:  0.0, Max: 0, Diff: 0, Sum: 0, Workers: 4
[1314.499s][debug][gc,phases      ] GC(157)     Total                          Min: 0, Avg: 216.5, Max: 640, Diff: 640, Sum: 866, Workers: 4
[1314.499s][debug][gc,phases      ] GC(157)   ObjectSynchronizer Weak        Min:  0.0, Avg:  0.0, Max:  0.0, Diff:  0.0, Sum:  0.0, Workers: 4
[1314.499s][debug][gc,phases      ] GC(157)     Dead                           Min: 0, Avg:  0.0, Max: 0, Diff: 0, Sum: 0, Workers: 4
[1314.499s][debug][gc,phases      ] GC(157)     Total                          Min: 0, Avg:  1.0, Max: 4, Diff: 4, Sum: 4, Workers: 4
[1314.499s][debug][gc,phases      ] GC(157)   JVMTI Tag Weak OopStorage      Min:  0.0, Avg:  0.0, Max:  0.0, Diff:  0.0, Sum:  0.0, Workers: 4
[1314.499s][debug][gc,phases      ] GC(157)     Dead                           Min: 0, Avg:  0.0, Max: 0, Diff: 0, Sum: 0, Workers: 4
[1314.499s][debug][gc,phases      ] GC(157)     Total                          Min: 0, Avg:  0.0, Max: 0, Diff: 0, Sum: 0, Workers: 4
[1314.499s][debug][gc,phases      ] GC(157)   StringTable Weak               Min:  0.0, Avg:  0.1, Max:  0.1, Diff:  0.1, Sum:  0.4, Workers: 4
[1314.499s][debug][gc,phases      ] GC(157)     Dead                           Min: 0, Avg:  0.0, Max: 0, Diff: 0, Sum: 0, Workers: 4
[1314.499s][debug][gc,phases      ] GC(157)     Total                          Min: 0, Avg: 11186.0, Max: 15232, Diff: 15232, Sum: 44744, Workers: 4
[1314.499s][debug][gc,phases      ] GC(157)   ResolvedMethodTable Weak       Min:  0.0, Avg:  0.0, Max:  0.0, Diff:  0.0, Sum:  0.1, Workers: 4
[1314.499s][debug][gc,phases      ] GC(157)     Dead                           Min: 0, Avg:  0.0, Max: 0, Diff: 0, Sum: 0, Workers: 4
[1314.499s][debug][gc,phases      ] GC(157)     Total                          Min: 0, Avg: 2625.8, Max: 3657, Diff: 3657, Sum: 10503, Workers: 4
[1314.499s][debug][gc,phases      ] GC(157)   JNI Weak                       Min:  0.0, Avg:  0.0, Max:  0.0, Diff:  0.0, Sum:  0.0, Workers: 4
[1314.499s][debug][gc,phases      ] GC(157)     Dead                           Min: 0, Avg:  0.0, Max: 0, Diff: 0, Sum: 0, Workers: 4
[1314.499s][debug][gc,phases      ] GC(157)     Total                          Min: 0, Avg: 11.2, Max: 45, Diff: 45, Sum: 45, Workers: 4
[1314.499s][debug][gc,phases      ] GC(157)   StringDedup Table Weak         Min:  0.0, Avg:  0.0, Max:  0.0, Diff:  0.0, Sum:  0.0, Workers: 4
[1314.499s][debug][gc,phases      ] GC(157)     Dead                           Min: 0, Avg:  0.0, Max: 0, Diff: 0, Sum: 0, Workers: 4
[1314.499s][debug][gc,phases      ] GC(157)     Total                          Min: 0, Avg:  0.0, Max: 0, Diff: 0, Sum: 0, Workers: 4
[1314.499s][debug][gc,phases      ] GC(157)   StringDedup Requests0 Weak     Min:  0.0, Avg:  0.0, Max:  0.0, Diff:  0.0, Sum:  0.0, Workers: 4
[1314.499s][debug][gc,phases      ] GC(157)     Dead                           Min: 0, Avg:  0.0, Max: 0, Diff: 0, Sum: 0, Workers: 4
[1314.499s][debug][gc,phases      ] GC(157)     Total                          Min: 0, Avg:  0.0, Max: 0, Diff: 0, Sum: 0, Workers: 4
[1314.499s][debug][gc,phases      ] GC(157)   StringDedup Requests1 Weak     Min:  0.0, Avg:  0.0, Max:  0.0, Diff:  0.0, Sum:  0.0, Workers: 4
[1314.499s][debug][gc,phases      ] GC(157)     Dead                           Min: 0, Avg:  0.0, Max: 0, Diff: 0, Sum: 0, Workers: 4
[1314.499s][debug][gc,phases      ] GC(157)     Total                          Min: 0, Avg:  0.0, Max: 0, Diff: 0, Sum: 0, Workers: 4
[1314.499s][debug][gc,phases      ] GC(157)   Weak JFR Old Object Samples    Min:  0.0, Avg:  0.0, Max:  0.0, Diff:  0.0, Sum:  0.0, Workers: 4
[1314.499s][debug][gc,phases      ] GC(157)     Dead                           Min: 0, Avg:  0.0, Max: 0, Diff: 0, Sum: 0, Workers: 4
[1314.499s][debug][gc,phases      ] GC(157)     Total                          Min: 0, Avg:  0.0, Max: 0, Diff: 0, Sum: 0, Workers: 4
[1314.499s][debug][gc,phases      ] GC(157) Weak Processing 0.347ms
[1314.499s][debug][gc,age         ] GC(157) Desired survivor size 9961472 bytes, new threshold 15 (max threshold 15)
[1314.499s][info ][gc,heap        ] GC(157) PSYoungGen: 2078416K(2086400K)->1744K(2086912K) Eden: 2076672K(2076672K)->0K(2076672K) From: 1744K(9728K)->1744K(10240K)
[1314.499s][info ][gc,heap        ] GC(157) ParOldGen: 388390K(430080K)->388398K(430080K)
[1314.499s][info ][gc,metaspace   ] GC(157) Metaspace: 85395K(86464K)->85395K(86464K) NonClass: 73037K(73600K)->73037K(73600K) Class: 12358K(12864K)->12358K(12864K)
[1314.499s][info ][gc             ] GC(157) Pause Young (Allocation Failure) 2408M->380M(2458M) 3.547ms
[1314.499s][info ][gc,cpu         ] GC(157) User=0.01s Sys=0.00s Real=0.00s
[1314.499s][info ][safepoint      ] Safepoint "ParallelGCFailedAllocation", Time since last: 2846207536 ns, Reaching safepoint: 77100 ns, Cleanup: 27300 ns, At safepoint: 3612404 ns, Total: 3716804 ns
[1318.499s][info ][safepoint      ] Safepoint "Cleanup", Time since last: 4000344800 ns, Reaching safepoint: 4600 ns, Cleanup: 28500 ns, At safepoint: 3500 ns, Total: 36600 ns
[1319.499s][info ][safepoint      ] Safepoint "Cleanup", Time since last: 1000105324 ns, Reaching safepoint: 73201 ns, Cleanup: 40500 ns, At safepoint: 7300 ns, Total: 121001 ns
[1322.369s][info ][safepoint      ] Safepoint "Cleanup", Time since last: 2869952673 ns, Reaching safepoint: 4000 ns, Cleanup: 30100 ns, At safepoint: 2200 ns, Total: 36300 ns
[1323.294s][info ][gc,start       ] GC(158) Pause Young (Allocation Failure)
[1323.297s][debug][gc,phases      ] GC(158) Scavenge 3.612ms
[1323.297s][debug][gc,ref         ] GC(158) Skipped phase 1 of Reference Processing: no references
[1323.297s][debug][gc,ref         ] GC(158) Skipped phase 2 of Reference Processing: no references
[1323.297s][debug][gc,ref         ] GC(158) Skipped phase 3 of Reference Processing: no references
[1323.297s][debug][gc,ref         ] GC(158) Skipped phase 4 of Reference Processing: no references
[1323.297s][debug][gc,phases      ] GC(158) Reference Processing 0.021ms
[1323.298s][debug][gc,phases      ] GC(158)   VM Weak                        Min:  0.0, Avg:  0.0, Max:  0.0, Diff:  0.0, Sum:  0.0, Workers: 4
[1323.298s][debug][gc,phases      ] GC(158)     Dead                           Min: 0, Avg:  0.0, Max: 0, Diff: 0, Sum: 0, Workers: 4
[1323.298s][debug][gc,phases      ] GC(158)     Total                          Min: 0, Avg: 216.5, Max: 640, Diff: 640, Sum: 866, Workers: 4
[1323.298s][debug][gc,phases      ] GC(158)   ObjectSynchronizer Weak        Min:  0.0, Avg:  0.0, Max:  0.0, Diff:  0.0, Sum:  0.0, Workers: 4
[1323.298s][debug][gc,phases      ] GC(158)     Dead                           Min: 0, Avg:  0.0, Max: 0, Diff: 0, Sum: 0, Workers: 4
[1323.298s][debug][gc,phases      ] GC(158)     Total                          Min: 0, Avg:  0.8, Max: 3, Diff: 3, Sum: 3, Workers: 4
[1323.298s][debug][gc,phases      ] GC(158)   JVMTI Tag Weak OopStorage      Min:  0.0, Avg:  0.0, Max:  0.0, Diff:  0.0, Sum:  0.0, Workers: 4
[1323.298s][debug][gc,phases      ] GC(158)     Dead                           Min: 0, Avg:  0.0, Max: 0, Diff: 0, Sum: 0, Workers: 4
[1323.298s][debug][gc,phases      ] GC(158)     Total                          Min: 0, Avg:  0.0, Max: 0, Diff: 0, Sum: 0, Workers: 4
[1323.298s][debug][gc,phases      ] GC(158)   StringTable Weak               Min:  0.0, Avg:  0.1, Max:  0.1, Diff:  0.1, Sum:  0.4, Workers: 4
[1323.298s][debug][gc,phases      ] GC(158)     Dead                           Min: 0, Avg:  0.0, Max: 0, Diff: 0, Sum: 0, Workers: 4
[1323.298s][debug][gc,phases      ] GC(158)     Total                          Min: 0, Avg: 11186.0, Max: 15296, Diff: 15296, Sum: 44744, Workers: 4
[1323.298s][debug][gc,phases      ] GC(158)   ResolvedMethodTable Weak       Min:  0.0, Avg:  0.0, Max:  0.0, Diff:  0.0, Sum:  0.1, Workers: 4
[1323.298s][debug][gc,phases      ] GC(158)     Dead                           Min: 0, Avg:  0.0, Max: 0, Diff: 0, Sum: 0, Workers: 4
[1323.298s][debug][gc,phases      ] GC(158)     Total                          Min: 0, Avg: 2625.8, Max: 3584, Diff: 3584, Sum: 10503, Workers: 4
[1323.298s][debug][gc,phases      ] GC(158)   JNI Weak                       Min:  0.0, Avg:  0.0, Max:  0.0, Diff:  0.0, Sum:  0.0, Workers: 4
[1323.298s][debug][gc,phases      ] GC(158)     Dead                           Min: 0, Avg:  0.0, Max: 0, Diff: 0, Sum: 0, Workers: 4
[1323.298s][debug][gc,phases      ] GC(158)     Total                          Min: 0, Avg: 11.2, Max: 45, Diff: 45, Sum: 45, Workers: 4
[1323.298s][debug][gc,phases      ] GC(158)   StringDedup Table Weak         Min:  0.0, Avg:  0.0, Max:  0.0, Diff:  0.0, Sum:  0.0, Workers: 4
[1323.298s][debug][gc,phases      ] GC(158)     Dead                           Min: 0, Avg:  0.0, Max: 0, Diff: 0, Sum: 0, Workers: 4
[1323.298s][debug][gc,phases      ] GC(158)     Total                          Min: 0, Avg:  0.0, Max: 0, Diff: 0, Sum: 0, Workers: 4
[1323.298s][debug][gc,phases      ] GC(158)   StringDedup Requests0 Weak     Min:  0.0, Avg:  0.0, Max:  0.0, Diff:  0.0, Sum:  0.0, Workers: 4
[1323.298s][debug][gc,phases      ] GC(158)     Dead                           Min: 0, Avg:  0.0, Max: 0, Diff: 0, Sum: 0, Workers: 4
[1323.298s][debug][gc,phases      ] GC(158)     Total                          Min: 0, Avg:  0.0, Max: 0, Diff: 0, Sum: 0, Workers: 4
[1323.298s][debug][gc,phases      ] GC(158)   StringDedup Requests1 Weak     Min:  0.0, Avg:  0.0, Max:  0.0, Diff:  0.0, Sum:  0.0, Workers: 4
[1323.298s][debug][gc,phases      ] GC(158)     Dead                           Min: 0, Avg:  0.0, Max: 0, Diff: 0, Sum: 0, Workers: 4
[1323.298s][debug][gc,phases      ] GC(158)     Total                          Min: 0, Avg:  0.0, Max: 0, Diff: 0, Sum: 0, Workers: 4
[1323.298s][debug][gc,phases      ] GC(158)   Weak JFR Old Object Samples    Min:  0.0, Avg:  0.0, Max:  0.0, Diff:  0.0, Sum:  0.0, Workers: 4
[1323.298s][debug][gc,phases      ] GC(158)     Dead                           Min: 0, Avg:  0.0, Max: 0, Diff: 0, Sum: 0, Workers: 4
[1323.298s][debug][gc,phases      ] GC(158)     Total                          Min: 0, Avg:  0.0, Max: 0, Diff: 0, Sum: 0, Workers: 4
[1323.298s][debug][gc,phases      ] GC(158) Weak Processing 0.338ms
[1323.298s][debug][gc,age         ] GC(158) Desired survivor size 9961472 bytes, new threshold 15 (max threshold 15)
[1323.298s][info ][gc,heap        ] GC(158) PSYoungGen: 2078416K(2086912K)->2128K(2087424K) Eden: 2076672K(2076672K)->0K(2077696K) From: 1744K(10240K)->2128K(9728K)
[1323.298s][info ][gc,heap        ] GC(158) ParOldGen: 388398K(430080K)->388510K(430080K)
[1323.298s][info ][gc,metaspace   ] GC(158) Metaspace: 85412K(86464K)->85412K(86464K) NonClass: 73053K(73600K)->73053K(73600K) Class: 12358K(12864K)->12358K(12864K)
[1323.298s][info ][gc             ] GC(158) Pause Young (Allocation Failure) 2408M->381M(2458M) 4.070ms
[1323.298s][info ][gc,cpu         ] GC(158) User=0.02s Sys=0.00s Real=0.00s
[1323.298s][info ][safepoint      ] Safepoint "ParallelGCFailedAllocation", Time since last: 924018749 ns, Reaching safepoint: 74000 ns, Cleanup: 33600 ns, At safepoint: 4139004 ns, Total: 4246604 ns
[1324.298s][info ][safepoint      ] Safepoint "Cleanup", Time since last: 1000076028 ns, Reaching safepoint: 4400 ns, Cleanup: 38200 ns, At safepoint: 2700 ns, Total: 45300 ns
[1325.298s][info ][safepoint      ] Safepoint "Cleanup", Time since last: 1000107027 ns, Reaching safepoint: 81500 ns, Cleanup: 45600 ns, At safepoint: 10000 ns, Total: 137100 ns
[1327.298s][info ][safepoint      ] Safepoint "Cleanup", Time since last: 2000167155 ns, Reaching safepoint: 3800 ns, Cleanup: 33400 ns, At safepoint: 2600 ns, Total: 39800 ns
[1331.299s][info ][safepoint      ] Safepoint "Cleanup", Time since last: 4000296671 ns, Reaching safepoint: 4200 ns, Cleanup: 39800 ns, At safepoint: 2700 ns, Total: 46700 ns
[1332.299s][info ][safepoint      ] Safepoint "Cleanup", Time since last: 1000099837 ns, Reaching safepoint: 4200 ns, Cleanup: 47900 ns, At safepoint: 3000 ns, Total: 55100 ns
[1332.641s][info ][gc,start       ] GC(159) Pause Young (Allocation Failure)
[1332.652s][debug][gc,phases      ] GC(159) Scavenge 10.863ms
[1332.652s][debug][gc,ref         ] GC(159) Skipped phase 1 of Reference Processing: no references
[1332.652s][debug][gc,ref         ] GC(159) Skipped phase 2 of Reference Processing: no references
[1332.652s][debug][gc,ref         ] GC(159) Skipped phase 3 of Reference Processing: no references
[1332.652s][debug][gc,ref         ] GC(159) Skipped phase 4 of Reference Processing: no references
[1332.652s][debug][gc,phases      ] GC(159) Reference Processing 0.021ms
[1332.652s][debug][gc,phases      ] GC(159)   VM Weak                        Min:  0.0, Avg:  0.0, Max:  0.0, Diff:  0.0, Sum:  0.0, Workers: 4
[1332.652s][debug][gc,phases      ] GC(159)     Dead                           Min: 0, Avg:  0.0, Max: 0, Diff: 0, Sum: 0, Workers: 4
[1332.652s][debug][gc,phases      ] GC(159)     Total                          Min: 0, Avg: 216.5, Max: 802, Diff: 802, Sum: 866, Workers: 4
[1332.652s][debug][gc,phases      ] GC(159)   ObjectSynchronizer Weak        Min:  0.0, Avg:  0.0, Max:  0.0, Diff:  0.0, Sum:  0.0, Workers: 4
[1332.652s][debug][gc,phases      ] GC(159)     Dead                           Min: 0, Avg:  0.0, Max: 0, Diff: 0, Sum: 0, Workers: 4
[1332.652s][debug][gc,phases      ] GC(159)     Total                          Min: 0, Avg:  1.0, Max: 4, Diff: 4, Sum: 4, Workers: 4
[1332.652s][debug][gc,phases      ] GC(159)   JVMTI Tag Weak OopStorage      Min:  0.0, Avg:  0.0, Max:  0.0, Diff:  0.0, Sum:  0.0, Workers: 4
[1332.652s][debug][gc,phases      ] GC(159)     Dead                           Min: 0, Avg:  0.0, Max: 0, Diff: 0, Sum: 0, Workers: 4
[1332.652s][debug][gc,phases      ] GC(159)     Total                          Min: 0, Avg:  0.0, Max: 0, Diff: 0, Sum: 0, Workers: 4
[1332.652s][debug][gc,phases      ] GC(159)   StringTable Weak               Min:  0.1, Avg:  0.1, Max:  0.1, Diff:  0.0, Sum:  0.4, Workers: 4
[1332.652s][debug][gc,phases      ] GC(159)     Dead                           Min: 0, Avg:  0.0, Max: 0, Diff: 0, Sum: 0, Workers: 4
[1332.652s][debug][gc,phases      ] GC(159)     Total                          Min: 8256, Avg: 11186.0, Max: 13376, Diff: 5120, Sum: 44744, Workers: 4
[1332.652s][debug][gc,phases      ] GC(159)   ResolvedMethodTable Weak       Min:  0.0, Avg:  0.0, Max:  0.0, Diff:  0.0, Sum:  0.1, Workers: 4
[1332.652s][debug][gc,phases      ] GC(159)     Dead                           Min: 0, Avg:  0.0, Max: 0, Diff: 0, Sum: 0, Workers: 4
[1332.652s][debug][gc,phases      ] GC(159)     Total                          Min: 1280, Avg: 2625.8, Max: 3264, Diff: 1984, Sum: 10503, Workers: 4
[1332.652s][debug][gc,phases      ] GC(159)   JNI Weak                       Min:  0.0, Avg:  0.0, Max:  0.0, Diff:  0.0, Sum:  0.0, Workers: 4
[1332.652s][debug][gc,phases      ] GC(159)     Dead                           Min: 0, Avg:  0.0, Max: 0, Diff: 0, Sum: 0, Workers: 4
[1332.652s][debug][gc,phases      ] GC(159)     Total                          Min: 0, Avg: 11.2, Max: 45, Diff: 45, Sum: 45, Workers: 4
[1332.652s][debug][gc,phases      ] GC(159)   StringDedup Table Weak         Min:  0.0, Avg:  0.0, Max:  0.0, Diff:  0.0, Sum:  0.0, Workers: 4
[1332.652s][debug][gc,phases      ] GC(159)     Dead                           Min: 0, Avg:  0.0, Max: 0, Diff: 0, Sum: 0, Workers: 4
[1332.652s][debug][gc,phases      ] GC(159)     Total                          Min: 0, Avg:  0.0, Max: 0, Diff: 0, Sum: 0, Workers: 4
[1332.652s][debug][gc,phases      ] GC(159)   StringDedup Requests0 Weak     Min:  0.0, Avg:  0.0, Max:  0.0, Diff:  0.0, Sum:  0.0, Workers: 4
[1332.652s][debug][gc,phases      ] GC(159)     Dead                           Min: 0, Avg:  0.0, Max: 0, Diff: 0, Sum: 0, Workers: 4
[1332.652s][debug][gc,phases      ] GC(159)     Total                          Min: 0, Avg:  0.0, Max: 0, Diff: 0, Sum: 0, Workers: 4
[1332.652s][debug][gc,phases      ] GC(159)   StringDedup Requests1 Weak     Min:  0.0, Avg:  0.0, Max:  0.0, Diff:  0.0, Sum:  0.0, Workers: 4
[1332.652s][debug][gc,phases      ] GC(159)     Dead                           Min: 0, Avg:  0.0, Max: 0, Diff: 0, Sum: 0, Workers: 4
[1332.652s][debug][gc,phases      ] GC(159)     Total                          Min: 0, Avg:  0.0, Max: 0, Diff: 0, Sum: 0, Workers: 4
[1332.652s][debug][gc,phases      ] GC(159)   Weak JFR Old Object Samples    Min:  0.0, Avg:  0.0, Max:  0.0, Diff:  0.0, Sum:  0.0, Workers: 4
[1332.652s][debug][gc,phases      ] GC(159)     Dead                           Min: 0, Avg:  0.0, Max: 0, Diff: 0, Sum: 0, Workers: 4
[1332.652s][debug][gc,phases      ] GC(159)     Total                          Min: 0, Avg:  0.0, Max: 0, Diff: 0, Sum: 0, Workers: 4
[1332.652s][debug][gc,phases      ] GC(159) Weak Processing 0.367ms
[1332.652s][debug][gc,age         ] GC(159) Desired survivor size 9961472 bytes, new threshold 15 (max threshold 15)
[1332.652s][info ][gc,heap        ] GC(159) PSYoungGen: 2079824K(2087424K)->2000K(2087424K) Eden: 2077696K(2077696K)->0K(2077696K) From: 2128K(9728K)->2000K(9728K)
[1332.652s][info ][gc,heap        ] GC(159) ParOldGen: 388510K(430080K)->388518K(430080K)
[1332.652s][info ][gc,metaspace   ] GC(159) Metaspace: 85435K(86464K)->85435K(86464K) NonClass: 73077K(73600K)->73077K(73600K) Class: 12358K(12864K)->12358K(12864K)
[1332.652s][info ][gc             ] GC(159) Pause Young (Allocation Failure) 2410M->381M(2458M) 11.362ms
[1332.653s][info ][gc,cpu         ] GC(159) User=0.01s Sys=0.00s Real=0.00s
[1332.653s][info ][safepoint      ] Safepoint "ParallelGCFailedAllocation", Time since last: 342285789 ns, Reaching safepoint: 3700 ns, Cleanup: 34700 ns, At safepoint: 11435813 ns, Total: 11474213 ns
[1333.653s][info ][safepoint      ] Safepoint "Cleanup", Time since last: 1000086937 ns, Reaching safepoint: 3800 ns, Cleanup: 35900 ns, At safepoint: 2600 ns, Total: 42300 ns
[1336.653s][info ][safepoint      ] Safepoint "Cleanup", Time since last: 3000222410 ns, Reaching safepoint: 3500 ns, Cleanup: 40700 ns, At safepoint: 2600 ns, Total: 46800 ns
[1339.653s][info ][safepoint      ] Safepoint "Cleanup", Time since last: 3000218619 ns, Reaching safepoint: 4500 ns, Cleanup: 27000 ns, At safepoint: 2500 ns, Total: 34000 ns
[1340.653s][info ][safepoint      ] Safepoint "Cleanup", Time since last: 1000101142 ns, Reaching safepoint: 3600 ns, Cleanup: 30400 ns, At safepoint: 3500 ns, Total: 37500 ns
[1343.143s][info ][gc,start       ] GC(160) Pause Young (Allocation Failure)
[1343.146s][debug][gc,phases      ] GC(160) Scavenge 3.173ms
[1343.147s][debug][gc,ref         ] GC(160) Skipped phase 1 of Reference Processing: no references
[1343.147s][debug][gc,ref         ] GC(160) Skipped phase 2 of Reference Processing: no references
[1343.147s][debug][gc,ref         ] GC(160) Skipped phase 3 of Reference Processing: no references
[1343.147s][debug][gc,ref         ] GC(160) Skipped phase 4 of Reference Processing: no references
[1343.147s][debug][gc,phases      ] GC(160) Reference Processing 0.030ms
[1343.147s][debug][gc,phases      ] GC(160)   VM Weak                        Min:  0.0, Avg:  0.0, Max:  0.0, Diff:  0.0, Sum:  0.0, Workers: 4
[1343.147s][debug][gc,phases      ] GC(160)     Dead                           Min: 0, Avg:  0.0, Max: 0, Diff: 0, Sum: 0, Workers: 4
[1343.147s][debug][gc,phases      ] GC(160)     Total                          Min: 0, Avg: 216.5, Max: 576, Diff: 576, Sum: 866, Workers: 4
[1343.147s][debug][gc,phases      ] GC(160)   ObjectSynchronizer Weak        Min:  0.0, Avg:  0.0, Max:  0.0, Diff:  0.0, Sum:  0.0, Workers: 4
[1343.147s][debug][gc,phases      ] GC(160)     Dead                           Min: 0, Avg:  0.0, Max: 0, Diff: 0, Sum: 0, Workers: 4
[1343.147s][debug][gc,phases      ] GC(160)     Total                          Min: 0, Avg:  1.0, Max: 4, Diff: 4, Sum: 4, Workers: 4
[1343.147s][debug][gc,phases      ] GC(160)   JVMTI Tag Weak OopStorage      Min:  0.0, Avg:  0.0, Max:  0.0, Diff:  0.0, Sum:  0.0, Workers: 4
[1343.147s][debug][gc,phases      ] GC(160)     Dead                           Min: 0, Avg:  0.0, Max: 0, Diff: 0, Sum: 0, Workers: 4
[1343.147s][debug][gc,phases      ] GC(160)     Total                          Min: 0, Avg:  0.0, Max: 0, Diff: 0, Sum: 0, Workers: 4
[1343.147s][debug][gc,phases      ] GC(160)   StringTable Weak               Min:  0.0, Avg:  0.1, Max:  0.2, Diff:  0.2, Sum:  0.5, Workers: 4
[1343.147s][debug][gc,phases      ] GC(160)     Dead                           Min: 0, Avg:  0.0, Max: 0, Diff: 0, Sum: 0, Workers: 4
[1343.147s][debug][gc,phases      ] GC(160)     Total                          Min: 0, Avg: 11186.0, Max: 16128, Diff: 16128, Sum: 44744, Workers: 4
[1343.147s][debug][gc,phases      ] GC(160)   ResolvedMethodTable Weak       Min:  0.0, Avg:  0.0, Max:  0.0, Diff:  0.0, Sum:  0.1, Workers: 4
[1343.147s][debug][gc,phases      ] GC(160)     Dead                           Min: 0, Avg:  0.0, Max: 0, Diff: 0, Sum: 0, Workers: 4
[1343.147s][debug][gc,phases      ] GC(160)     Total                          Min: 0, Avg: 2625.8, Max: 5056, Diff: 5056, Sum: 10503, Workers: 4
[1343.147s][debug][gc,phases      ] GC(160)   JNI Weak                       Min:  0.0, Avg:  0.0, Max:  0.0, Diff:  0.0, Sum:  0.0, Workers: 4
[1343.147s][debug][gc,phases      ] GC(160)     Dead                           Min: 0, Avg:  0.0, Max: 0, Diff: 0, Sum: 0, Workers: 4
[1343.147s][debug][gc,phases      ] GC(160)     Total                          Min: 0, Avg: 11.2, Max: 45, Diff: 45, Sum: 45, Workers: 4
[1343.147s][debug][gc,phases      ] GC(160)   StringDedup Table Weak         Min:  0.0, Avg:  0.0, Max:  0.0, Diff:  0.0, Sum:  0.0, Workers: 4
[1343.147s][debug][gc,phases      ] GC(160)     Dead                           Min: 0, Avg:  0.0, Max: 0, Diff: 0, Sum: 0, Workers: 4
[1343.147s][debug][gc,phases      ] GC(160)     Total                          Min: 0, Avg:  0.0, Max: 0, Diff: 0, Sum: 0, Workers: 4
[1343.147s][debug][gc,phases      ] GC(160)   StringDedup Requests0 Weak     Min:  0.0, Avg:  0.0, Max:  0.0, Diff:  0.0, Sum:  0.0, Workers: 4
[1343.147s][debug][gc,phases      ] GC(160)     Dead                           Min: 0, Avg:  0.0, Max: 0, Diff: 0, Sum: 0, Workers: 4
[1343.147s][debug][gc,phases      ] GC(160)     Total                          Min: 0, Avg:  0.0, Max: 0, Diff: 0, Sum: 0, Workers: 4
[1343.147s][debug][gc,phases      ] GC(160)   StringDedup Requests1 Weak     Min:  0.0, Avg:  0.0, Max:  0.0, Diff:  0.0, Sum:  0.0, Workers: 4
[1343.147s][debug][gc,phases      ] GC(160)     Dead                           Min: 0, Avg:  0.0, Max: 0, Diff: 0, Sum: 0, Workers: 4
[1343.147s][debug][gc,phases      ] GC(160)     Total                          Min: 0, Avg:  0.0, Max: 0, Diff: 0, Sum: 0, Workers: 4
[1343.147s][debug][gc,phases      ] GC(160)   Weak JFR Old Object Samples    Min:  0.0, Avg:  0.0, Max:  0.0, Diff:  0.0, Sum:  0.0, Workers: 4
[1343.147s][debug][gc,phases      ] GC(160)     Dead                           Min: 0, Avg:  0.0, Max: 0, Diff: 0, Sum: 0, Workers: 4
[1343.147s][debug][gc,phases      ] GC(160)     Total                          Min: 0, Avg:  0.0, Max: 0, Diff: 0, Sum: 0, Workers: 4
[1343.147s][debug][gc,phases      ] GC(160) Weak Processing 0.369ms
[1343.147s][debug][gc,age         ] GC(160) Desired survivor size 9437184 bytes, new threshold 15 (max threshold 15)
[1343.147s][info ][gc,heap        ] GC(160) PSYoungGen: 2079696K(2087424K)->1952K(2087936K) Eden: 2077696K(2077696K)->0K(2078208K) From: 2000K(9728K)->1952K(9728K)
[1343.147s][info ][gc,heap        ] GC(160) ParOldGen: 388518K(430080K)->388550K(430080K)
[1343.147s][info ][gc,metaspace   ] GC(160) Metaspace: 85435K(86464K)->85435K(86464K) NonClass: 73077K(73600K)->73077K(73600K) Class: 12358K(12864K)->12358K(12864K)
[1343.147s][info ][gc             ] GC(160) Pause Young (Allocation Failure) 2410M->381M(2459M) 3.676ms
[1343.147s][info ][gc,cpu         ] GC(160) User=0.01s Sys=0.00s Real=0.00s
[1343.147s][info ][safepoint      ] Safepoint "ParallelGCFailedAllocation", Time since last: 2489819842 ns, Reaching safepoint: 72300 ns, Cleanup: 18500 ns, At safepoint: 3743204 ns, Total: 3834004 ns
[1344.147s][info ][safepoint      ] Safepoint "Cleanup", Time since last: 1000084742 ns, Reaching safepoint: 5600 ns, Cleanup: 35400 ns, At safepoint: 5100 ns, Total: 46100 ns
[1345.147s][info ][safepoint      ] Safepoint "Cleanup", Time since last: 1000115642 ns, Reaching safepoint: 5400 ns, Cleanup: 42500 ns, At safepoint: 4800 ns, Total: 52700 ns
[1346.148s][info ][safepoint      ] Safepoint "Cleanup", Time since last: 1000112915 ns, Reaching safepoint: 74300 ns, Cleanup: 36600 ns, At safepoint: 5600 ns, Total: 116500 ns
[1350.148s][info ][safepoint      ] Safepoint "Cleanup", Time since last: 4000299230 ns, Reaching safepoint: 3500 ns, Cleanup: 39500 ns, At safepoint: 2900 ns, Total: 45900 ns
[1352.148s][info ][safepoint      ] Safepoint "Cleanup", Time since last: 2000176615 ns, Reaching safepoint: 5500 ns, Cleanup: 29100 ns, At safepoint: 2200 ns, Total: 36800 ns
[1355.293s][info ][gc,start       ] GC(161) Pause Young (Allocation Failure)
[1355.300s][debug][gc,phases      ] GC(161) Scavenge 6.393ms
[1355.300s][debug][gc,ref         ] GC(161) Skipped phase 1 of Reference Processing: no references
[1355.300s][debug][gc,ref         ] GC(161) Skipped phase 2 of Reference Processing: no references
[1355.300s][debug][gc,ref         ] GC(161) Skipped phase 3 of Reference Processing: no references
[1355.300s][debug][gc,ref         ] GC(161) Skipped phase 4 of Reference Processing: no references
[1355.300s][debug][gc,phases      ] GC(161) Reference Processing 0.021ms
[1355.300s][debug][gc,phases      ] GC(161)   VM Weak                        Min:  0.0, Avg:  0.0, Max:  0.0, Diff:  0.0, Sum:  0.0, Workers: 4
[1355.300s][debug][gc,phases      ] GC(161)     Dead                           Min: 0, Avg:  0.0, Max: 0, Diff: 0, Sum: 0, Workers: 4
[1355.300s][debug][gc,phases      ] GC(161)     Total                          Min: 0, Avg: 216.5, Max: 482, Diff: 482, Sum: 866, Workers: 4
[1355.300s][debug][gc,phases      ] GC(161)   ObjectSynchronizer Weak        Min:  0.0, Avg:  0.0, Max:  0.0, Diff:  0.0, Sum:  0.0, Workers: 4
[1355.300s][debug][gc,phases      ] GC(161)     Dead                           Min: 0, Avg:  0.0, Max: 0, Diff: 0, Sum: 0, Workers: 4
[1355.300s][debug][gc,phases      ] GC(161)     Total                          Min: 0, Avg:  1.0, Max: 4, Diff: 4, Sum: 4, Workers: 4
[1355.300s][debug][gc,phases      ] GC(161)   JVMTI Tag Weak OopStorage      Min:  0.0, Avg:  0.0, Max:  0.0, Diff:  0.0, Sum:  0.0, Workers: 4
[1355.300s][debug][gc,phases      ] GC(161)     Dead                           Min: 0, Avg:  0.0, Max: 0, Diff: 0, Sum: 0, Workers: 4
[1355.300s][debug][gc,phases      ] GC(161)     Total                          Min: 0, Avg:  0.0, Max: 0, Diff: 0, Sum: 0, Workers: 4
[1355.300s][debug][gc,phases      ] GC(161)   StringTable Weak               Min:  0.0, Avg:  0.1, Max:  0.2, Diff:  0.2, Sum:  0.3, Workers: 4
[1355.300s][debug][gc,phases      ] GC(161)     Dead                           Min: 0, Avg:  0.0, Max: 0, Diff: 0, Sum: 0, Workers: 4
[1355.300s][debug][gc,phases      ] GC(161)     Total                          Min: 0, Avg: 11187.0, Max: 27852, Diff: 27852, Sum: 44748, Workers: 4
[1355.300s][debug][gc,phases      ] GC(161)   ResolvedMethodTable Weak       Min:  0.0, Avg:  0.0, Max:  0.0, Diff:  0.0, Sum:  0.1, Workers: 4
[1355.300s][debug][gc,phases      ] GC(161)     Dead                           Min: 0, Avg:  0.0, Max: 0, Diff: 0, Sum: 0, Workers: 4
[1355.300s][debug][gc,phases      ] GC(161)     Total                          Min: 0, Avg: 2625.8, Max: 6601, Diff: 6601, Sum: 10503, Workers: 4
[1355.300s][debug][gc,phases      ] GC(161)   JNI Weak                       Min:  0.0, Avg:  0.0, Max:  0.0, Diff:  0.0, Sum:  0.0, Workers: 4
[1355.300s][debug][gc,phases      ] GC(161)     Dead                           Min: 0, Avg:  0.0, Max: 0, Diff: 0, Sum: 0, Workers: 4
[1355.300s][debug][gc,phases      ] GC(161)     Total                          Min: 0, Avg: 11.2, Max: 45, Diff: 45, Sum: 45, Workers: 4
[1355.300s][debug][gc,phases      ] GC(161)   StringDedup Table Weak         Min:  0.0, Avg:  0.0, Max:  0.0, Diff:  0.0, Sum:  0.0, Workers: 4
[1355.300s][debug][gc,phases      ] GC(161)     Dead                           Min: 0, Avg:  0.0, Max: 0, Diff: 0, Sum: 0, Workers: 4
[1355.300s][debug][gc,phases      ] GC(161)     Total                          Min: 0, Avg:  0.0, Max: 0, Diff: 0, Sum: 0, Workers: 4
[1355.300s][debug][gc,phases      ] GC(161)   StringDedup Requests0 Weak     Min:  0.0, Avg:  0.0, Max:  0.0, Diff:  0.0, Sum:  0.0, Workers: 4
[1355.300s][debug][gc,phases      ] GC(161)     Dead                           Min: 0, Avg:  0.0, Max: 0, Diff: 0, Sum: 0, Workers: 4
[1355.300s][debug][gc,phases      ] GC(161)     Total                          Min: 0, Avg:  0.0, Max: 0, Diff: 0, Sum: 0, Workers: 4
[1355.300s][debug][gc,phases      ] GC(161)   StringDedup Requests1 Weak     Min:  0.0, Avg:  0.0, Max:  0.0, Diff:  0.0, Sum:  0.0, Workers: 4
[1355.300s][debug][gc,phases      ] GC(161)     Dead                           Min: 0, Avg:  0.0, Max: 0, Diff: 0, Sum: 0, Workers: 4
[1355.300s][debug][gc,phases      ] GC(161)     Total                          Min: 0, Avg:  0.0, Max: 0, Diff: 0, Sum: 0, Workers: 4
[1355.300s][debug][gc,phases      ] GC(161)   Weak JFR Old Object Samples    Min:  0.0, Avg:  0.0, Max:  0.0, Diff:  0.0, Sum:  0.0, Workers: 4
[1355.300s][debug][gc,phases      ] GC(161)     Dead                           Min: 0, Avg:  0.0, Max: 0, Diff: 0, Sum: 0, Workers: 4
[1355.300s][debug][gc,phases      ] GC(161)     Total                          Min: 0, Avg:  0.0, Max: 0, Diff: 0, Sum: 0, Workers: 4
[1355.300s][debug][gc,phases      ] GC(161) Weak Processing 0.377ms
[1355.300s][debug][gc,age         ] GC(161) Desired survivor size 9437184 bytes, new threshold 15 (max threshold 15)
[1355.300s][info ][gc,heap        ] GC(161) PSYoungGen: 2080160K(2087936K)->2016K(2087424K) Eden: 2078208K(2078208K)->0K(2078208K) From: 1952K(9728K)->2016K(9216K)
[1355.300s][info ][gc,heap        ] GC(161) ParOldGen: 388550K(430080K)->388598K(430080K)
[1355.300s][info ][gc,metaspace   ] GC(161) Metaspace: 85450K(86528K)->85450K(86528K) NonClass: 73092K(73664K)->73092K(73664K) Class: 12358K(12864K)->12358K(12864K)
[1355.300s][info ][gc             ] GC(161) Pause Young (Allocation Failure) 2410M->381M(2458M) 6.894ms
[1355.300s][info ][gc,cpu         ] GC(161) User=0.02s Sys=0.00s Real=0.00s
[1355.300s][info ][safepoint      ] Safepoint "ParallelGCFailedAllocation", Time since last: 3144969914 ns, Reaching safepoint: 71900 ns, Cleanup: 37100 ns, At safepoint: 6960705 ns, Total: 7069705 ns
[1362.301s][info ][safepoint      ] Safepoint "Cleanup", Time since last: 7000495937 ns, Reaching safepoint: 3600 ns, Cleanup: 34000 ns, At safepoint: 2200 ns, Total: 39800 ns
[1363.301s][info ][safepoint      ] Safepoint "Cleanup", Time since last: 1000098201 ns, Reaching safepoint: 3500 ns, Cleanup: 28700 ns, At safepoint: 2800 ns, Total: 35000 ns
[1364.301s][info ][safepoint      ] Safepoint "Cleanup", Time since last: 1000094500 ns, Reaching safepoint: 4000 ns, Cleanup: 37100 ns, At safepoint: 2800 ns, Total: 43900 ns
[1365.843s][info ][gc,start       ] GC(162) Pause Young (Allocation Failure)
[1365.847s][debug][gc,phases      ] GC(162) Scavenge 4.079ms
[1365.847s][debug][gc,ref         ] GC(162) Skipped phase 1 of Reference Processing: no references
[1365.847s][debug][gc,ref         ] GC(162) ReferenceProcessor::execute queues: 1, RefProcThreadModel::Single, marks_oops_alive: false
[1365.847s][debug][gc,ref         ] GC(162) Skipped phase 3 of Reference Processing: no references
[1365.847s][debug][gc,ref         ] GC(162) ReferenceProcessor::execute queues: 1, RefProcThreadModel::Single, marks_oops_alive: false
[1365.847s][debug][gc,phases      ] GC(162) Reference Processing 0.108ms
[1365.847s][debug][gc,phases      ] GC(162)   VM Weak                        Min:  0.0, Avg:  0.0, Max:  0.0, Diff:  0.0, Sum:  0.0, Workers: 4
[1365.847s][debug][gc,phases      ] GC(162)     Dead                           Min: 0, Avg:  0.0, Max: 0, Diff: 0, Sum: 0, Workers: 4
[1365.847s][debug][gc,phases      ] GC(162)     Total                          Min: 0, Avg: 216.8, Max: 867, Diff: 867, Sum: 867, Workers: 4
[1365.847s][debug][gc,phases      ] GC(162)   ObjectSynchronizer Weak        Min:  0.0, Avg:  0.0, Max:  0.0, Diff:  0.0, Sum:  0.0, Workers: 4
[1365.847s][debug][gc,phases      ] GC(162)     Dead                           Min: 0, Avg:  0.0, Max: 0, Diff: 0, Sum: 0, Workers: 4
[1365.847s][debug][gc,phases      ] GC(162)     Total                          Min: 0, Avg:  1.0, Max: 4, Diff: 4, Sum: 4, Workers: 4
[1365.847s][debug][gc,phases      ] GC(162)   JVMTI Tag Weak OopStorage      Min:  0.0, Avg:  0.0, Max:  0.0, Diff:  0.0, Sum:  0.0, Workers: 4
[1365.847s][debug][gc,phases      ] GC(162)     Dead                           Min: 0, Avg:  0.0, Max: 0, Diff: 0, Sum: 0, Workers: 4
[1365.847s][debug][gc,phases      ] GC(162)     Total                          Min: 0, Avg:  0.0, Max: 0, Diff: 0, Sum: 0, Workers: 4
[1365.848s][debug][gc,phases      ] GC(162)   StringTable Weak               Min:  0.0, Avg:  0.1, Max:  0.1, Diff:  0.1, Sum:  0.4, Workers: 4
[1365.848s][debug][gc,phases      ] GC(162)     Dead                           Min: 0, Avg:  0.0, Max: 0, Diff: 0, Sum: 0, Workers: 4
[1365.848s][debug][gc,phases      ] GC(162)     Total                          Min: 0, Avg: 11187.8, Max: 15040, Diff: 15040, Sum: 44751, Workers: 4
[1365.848s][debug][gc,phases      ] GC(162)   ResolvedMethodTable Weak       Min:  0.0, Avg:  0.0, Max:  0.0, Diff:  0.0, Sum:  0.1, Workers: 4
[1365.848s][debug][gc,phases      ] GC(162)     Dead                           Min: 0, Avg:  0.0, Max: 0, Diff: 0, Sum: 0, Workers: 4
[1365.848s][debug][gc,phases      ] GC(162)     Total                          Min: 0, Avg: 2627.0, Max: 3648, Diff: 3648, Sum: 10508, Workers: 4
[1365.848s][debug][gc,phases      ] GC(162)   JNI Weak                       Min:  0.0, Avg:  0.0, Max:  0.0, Diff:  0.0, Sum:  0.0, Workers: 4
[1365.848s][debug][gc,phases      ] GC(162)     Dead                           Min: 0, Avg:  0.0, Max: 0, Diff: 0, Sum: 0, Workers: 4
[1365.848s][debug][gc,phases      ] GC(162)     Total                          Min: 0, Avg: 11.2, Max: 45, Diff: 45, Sum: 45, Workers: 4
[1365.848s][debug][gc,phases      ] GC(162)   StringDedup Table Weak         Min:  0.0, Avg:  0.0, Max:  0.0, Diff:  0.0, Sum:  0.0, Workers: 4
[1365.848s][debug][gc,phases      ] GC(162)     Dead                           Min: 0, Avg:  0.0, Max: 0, Diff: 0, Sum: 0, Workers: 4
[1365.848s][debug][gc,phases      ] GC(162)     Total                          Min: 0, Avg:  0.0, Max: 0, Diff: 0, Sum: 0, Workers: 4
[1365.848s][debug][gc,phases      ] GC(162)   StringDedup Requests0 Weak     Min:  0.0, Avg:  0.0, Max:  0.0, Diff:  0.0, Sum:  0.0, Workers: 4
[1365.848s][debug][gc,phases      ] GC(162)     Dead                           Min: 0, Avg:  0.0, Max: 0, Diff: 0, Sum: 0, Workers: 4
[1365.848s][debug][gc,phases      ] GC(162)     Total                          Min: 0, Avg:  0.0, Max: 0, Diff: 0, Sum: 0, Workers: 4
[1365.848s][debug][gc,phases      ] GC(162)   StringDedup Requests1 Weak     Min:  0.0, Avg:  0.0, Max:  0.0, Diff:  0.0, Sum:  0.0, Workers: 4
[1365.848s][debug][gc,phases      ] GC(162)     Dead                           Min: 0, Avg:  0.0, Max: 0, Diff: 0, Sum: 0, Workers: 4
[1365.848s][debug][gc,phases      ] GC(162)     Total                          Min: 0, Avg:  0.0, Max: 0, Diff: 0, Sum: 0, Workers: 4
[1365.848s][debug][gc,phases      ] GC(162)   Weak JFR Old Object Samples    Min:  0.0, Avg:  0.0, Max:  0.0, Diff:  0.0, Sum:  0.0, Workers: 4
[1365.848s][debug][gc,phases      ] GC(162)     Dead                           Min: 0, Avg:  0.0, Max: 0, Diff: 0, Sum: 0, Workers: 4
[1365.848s][debug][gc,phases      ] GC(162)     Total                          Min: 0, Avg:  0.0, Max: 0, Diff: 0, Sum: 0, Workers: 4
[1365.848s][debug][gc,phases      ] GC(162) Weak Processing 0.334ms
[1365.848s][debug][gc,age         ] GC(162) Desired survivor size 8912896 bytes, new threshold 15 (max threshold 15)
[1365.848s][info ][gc,heap        ] GC(162) PSYoungGen: 2080224K(2087424K)->2352K(2088448K) Eden: 2078208K(2078208K)->0K(2079232K) From: 2016K(9216K)->2352K(9216K)
[1365.848s][info ][gc,heap        ] GC(162) ParOldGen: 388598K(430080K)->388622K(430080K)
[1365.848s][info ][gc,metaspace   ] GC(162) Metaspace: 85461K(86528K)->85461K(86528K) NonClass: 73101K(73664K)->73101K(73664K) Class: 12359K(12864K)->12359K(12864K)
[1365.848s][info ][gc             ] GC(162) Pause Young (Allocation Failure) 2410M->381M(2459M) 4.625ms
[1365.848s][info ][gc,cpu         ] GC(162) User=0.02s Sys=0.00s Real=0.00s
[1365.848s][info ][safepoint      ] Safepoint "ParallelGCFailedAllocation", Time since last: 1541937754 ns, Reaching safepoint: 74800 ns, Cleanup: 35300 ns, At safepoint: 4694601 ns, Total: 4804701 ns
[1366.848s][info ][safepoint      ] Safepoint "Cleanup", Time since last: 1000094500 ns, Reaching safepoint: 78600 ns, Cleanup: 42800 ns, At safepoint: 6900 ns, Total: 128300 ns
[1371.848s][info ][safepoint      ] Safepoint "Cleanup", Time since last: 5000341986 ns, Reaching safepoint: 3900 ns, Cleanup: 40200 ns, At safepoint: 2700 ns, Total: 46800 ns
[1372.848s][info ][safepoint      ] Safepoint "Cleanup", Time since last: 1000099754 ns, Reaching safepoint: 3700 ns, Cleanup: 35200 ns, At safepoint: 3000 ns, Total: 41900 ns
[1373.340s][info ][gc,start       ] GC(163) Pause Young (Allocation Failure)
[1373.344s][debug][gc,phases      ] GC(163) Scavenge 3.327ms
[1373.344s][debug][gc,ref         ] GC(163) Skipped phase 1 of Reference Processing: no references
[1373.344s][debug][gc,ref         ] GC(163) ReferenceProcessor::execute queues: 1, RefProcThreadModel::Single, marks_oops_alive: false
[1373.344s][debug][gc,ref         ] GC(163) Skipped phase 3 of Reference Processing: no references
[1373.344s][debug][gc,ref         ] GC(163) ReferenceProcessor::execute queues: 1, RefProcThreadModel::Single, marks_oops_alive: false
[1373.344s][debug][gc,phases      ] GC(163) Reference Processing 0.090ms
[1373.344s][debug][gc,phases      ] GC(163)   VM Weak                        Min:  0.0, Avg:  0.0, Max:  0.0, Diff:  0.0, Sum:  0.0, Workers: 4
[1373.344s][debug][gc,phases      ] GC(163)     Dead                           Min: 0, Avg:  0.0, Max: 0, Diff: 0, Sum: 0, Workers: 4
[1373.344s][debug][gc,phases      ] GC(163)     Total                          Min: 0, Avg: 216.8, Max: 611, Diff: 611, Sum: 867, Workers: 4
[1373.344s][debug][gc,phases      ] GC(163)   ObjectSynchronizer Weak        Min:  0.0, Avg:  0.0, Max:  0.0, Diff:  0.0, Sum:  0.0, Workers: 4
[1373.344s][debug][gc,phases      ] GC(163)     Dead                           Min: 0, Avg:  0.0, Max: 0, Diff: 0, Sum: 0, Workers: 4
[1373.344s][debug][gc,phases      ] GC(163)     Total                          Min: 0, Avg:  1.0, Max: 4, Diff: 4, Sum: 4, Workers: 4
[1373.344s][debug][gc,phases      ] GC(163)   JVMTI Tag Weak OopStorage      Min:  0.0, Avg:  0.0, Max:  0.0, Diff:  0.0, Sum:  0.0, Workers: 4
[1373.344s][debug][gc,phases      ] GC(163)     Dead                           Min: 0, Avg:  0.0, Max: 0, Diff: 0, Sum: 0, Workers: 4
[1373.344s][debug][gc,phases      ] GC(163)     Total                          Min: 0, Avg:  0.0, Max: 0, Diff: 0, Sum: 0, Workers: 4
[1373.344s][debug][gc,phases      ] GC(163)   StringTable Weak               Min:  0.0, Avg:  0.1, Max:  0.1, Diff:  0.1, Sum:  0.4, Workers: 4
[1373.344s][debug][gc,phases      ] GC(163)     Dead                           Min: 0, Avg:  0.0, Max: 0, Diff: 0, Sum: 0, Workers: 4
[1373.344s][debug][gc,phases      ] GC(163)     Total                          Min: 0, Avg: 11187.8, Max: 19151, Diff: 19151, Sum: 44751, Workers: 4
[1373.344s][debug][gc,phases      ] GC(163)   ResolvedMethodTable Weak       Min:  0.0, Avg:  0.0, Max:  0.0, Diff:  0.0, Sum:  0.1, Workers: 4
[1373.344s][debug][gc,phases      ] GC(163)     Dead                           Min: 0, Avg:  0.0, Max: 0, Diff: 0, Sum: 0, Workers: 4
[1373.344s][debug][gc,phases      ] GC(163)     Total                          Min: 0, Avg: 2627.0, Max: 4736, Diff: 4736, Sum: 10508, Workers: 4
[1373.344s][debug][gc,phases      ] GC(163)   JNI Weak                       Min:  0.0, Avg:  0.0, Max:  0.0, Diff:  0.0, Sum:  0.0, Workers: 4
[1373.344s][debug][gc,phases      ] GC(163)     Dead                           Min: 0, Avg:  0.0, Max: 0, Diff: 0, Sum: 0, Workers: 4
[1373.344s][debug][gc,phases      ] GC(163)     Total                          Min: 0, Avg: 11.2, Max: 45, Diff: 45, Sum: 45, Workers: 4
[1373.344s][debug][gc,phases      ] GC(163)   StringDedup Table Weak         Min:  0.0, Avg:  0.0, Max:  0.0, Diff:  0.0, Sum:  0.0, Workers: 4
[1373.344s][debug][gc,phases      ] GC(163)     Dead                           Min: 0, Avg:  0.0, Max: 0, Diff: 0, Sum: 0, Workers: 4
[1373.344s][debug][gc,phases      ] GC(163)     Total                          Min: 0, Avg:  0.0, Max: 0, Diff: 0, Sum: 0, Workers: 4
[1373.344s][debug][gc,phases      ] GC(163)   StringDedup Requests0 Weak     Min:  0.0, Avg:  0.0, Max:  0.0, Diff:  0.0, Sum:  0.0, Workers: 4
[1373.344s][debug][gc,phases      ] GC(163)     Dead                           Min: 0, Avg:  0.0, Max: 0, Diff: 0, Sum: 0, Workers: 4
[1373.344s][debug][gc,phases      ] GC(163)     Total                          Min: 0, Avg:  0.0, Max: 0, Diff: 0, Sum: 0, Workers: 4
[1373.344s][debug][gc,phases      ] GC(163)   StringDedup Requests1 Weak     Min:  0.0, Avg:  0.0, Max:  0.0, Diff:  0.0, Sum:  0.0, Workers: 4
[1373.344s][debug][gc,phases      ] GC(163)     Dead                           Min: 0, Avg:  0.0, Max: 0, Diff: 0, Sum: 0, Workers: 4
[1373.344s][debug][gc,phases      ] GC(163)     Total                          Min: 0, Avg:  0.0, Max: 0, Diff: 0, Sum: 0, Workers: 4
[1373.344s][debug][gc,phases      ] GC(163)   Weak JFR Old Object Samples    Min:  0.0, Avg:  0.0, Max:  0.0, Diff:  0.0, Sum:  0.0, Workers: 4
[1373.344s][debug][gc,phases      ] GC(163)     Dead                           Min: 0, Avg:  0.0, Max: 0, Diff: 0, Sum: 0, Workers: 4
[1373.344s][debug][gc,phases      ] GC(163)     Total                          Min: 0, Avg:  0.0, Max: 0, Diff: 0, Sum: 0, Workers: 4
[1373.344s][debug][gc,phases      ] GC(163) Weak Processing 0.325ms
[1373.344s][debug][gc,age         ] GC(163) Desired survivor size 8388608 bytes, new threshold 15 (max threshold 15)
[1373.344s][info ][gc,heap        ] GC(163) PSYoungGen: 2081584K(2088448K)->2336K(2087936K) Eden: 2079232K(2079232K)->0K(2079232K) From: 2352K(9216K)->2336K(8704K)
[1373.344s][info ][gc,heap        ] GC(163) ParOldGen: 388622K(430080K)->388662K(430080K)
[1373.344s][info ][gc,metaspace   ] GC(163) Metaspace: 85463K(86528K)->85463K(86528K) NonClass: 73103K(73664K)->73103K(73664K) Class: 12359K(12864K)->12359K(12864K)
[1373.344s][info ][gc             ] GC(163) Pause Young (Allocation Failure) 2412M->381M(2459M) 3.840ms
[1373.344s][info ][gc,cpu         ] GC(163) User=0.01s Sys=0.00s Real=0.01s
[1373.344s][info ][safepoint      ] Safepoint "ParallelGCFailedAllocation", Time since last: 491872519 ns, Reaching safepoint: 4000 ns, Cleanup: 26200 ns, At safepoint: 3904104 ns, Total: 3934304 ns
[1377.345s][info ][safepoint      ] Safepoint "Cleanup", Time since last: 4000278218 ns, Reaching safepoint: 74501 ns, Cleanup: 26400 ns, At safepoint: 6500 ns, Total: 107401 ns
[1378.345s][info ][safepoint      ] Safepoint "Cleanup", Time since last: 1000104918 ns, Reaching safepoint: 72300 ns, Cleanup: 36900 ns, At safepoint: 4700 ns, Total: 113900 ns
[1380.845s][info ][gc,start       ] GC(164) Pause Young (Allocation Failure)
[1380.851s][debug][gc,phases      ] GC(164) Scavenge 5.860ms
[1380.851s][debug][gc,ref         ] GC(164) Skipped phase 1 of Reference Processing: no references
[1380.851s][debug][gc,ref         ] GC(164) ReferenceProcessor::execute queues: 1, RefProcThreadModel::Single, marks_oops_alive: false
[1380.851s][debug][gc,ref         ] GC(164) Skipped phase 3 of Reference Processing: no references
[1380.851s][debug][gc,ref         ] GC(164) ReferenceProcessor::execute queues: 1, RefProcThreadModel::Single, marks_oops_alive: false
[1380.851s][debug][gc,phases      ] GC(164) Reference Processing 0.097ms
[1380.852s][debug][gc,phases      ] GC(164)   VM Weak                        Min:  0.0, Avg:  0.0, Max:  0.0, Diff:  0.0, Sum:  0.0, Workers: 4
[1380.852s][debug][gc,phases      ] GC(164)     Dead                           Min: 0, Avg:  0.0, Max: 0, Diff: 0, Sum: 0, Workers: 4
[1380.852s][debug][gc,phases      ] GC(164)     Total                          Min: 0, Avg: 216.8, Max: 803, Diff: 803, Sum: 867, Workers: 4
[1380.852s][debug][gc,phases      ] GC(164)   ObjectSynchronizer Weak        Min:  0.0, Avg:  0.0, Max:  0.0, Diff:  0.0, Sum:  0.0, Workers: 4
[1380.852s][debug][gc,phases      ] GC(164)     Dead                           Min: 0, Avg:  0.0, Max: 0, Diff: 0, Sum: 0, Workers: 4
[1380.852s][debug][gc,phases      ] GC(164)     Total                          Min: 0, Avg:  1.0, Max: 4, Diff: 4, Sum: 4, Workers: 4
[1380.852s][debug][gc,phases      ] GC(164)   JVMTI Tag Weak OopStorage      Min:  0.0, Avg:  0.0, Max:  0.0, Diff:  0.0, Sum:  0.0, Workers: 4
[1380.852s][debug][gc,phases      ] GC(164)     Dead                           Min: 0, Avg:  0.0, Max: 0, Diff: 0, Sum: 0, Workers: 4
[1380.852s][debug][gc,phases      ] GC(164)     Total                          Min: 0, Avg:  0.0, Max: 0, Diff: 0, Sum: 0, Workers: 4
[1380.852s][debug][gc,phases      ] GC(164)   StringTable Weak               Min:  0.0, Avg:  0.1, Max:  0.2, Diff:  0.2, Sum:  0.3, Workers: 4
[1380.852s][debug][gc,phases      ] GC(164)     Dead                           Min: 0, Avg:  0.0, Max: 0, Diff: 0, Sum: 0, Workers: 4
[1380.852s][debug][gc,phases      ] GC(164)     Total                          Min: 0, Avg: 11187.8, Max: 28303, Diff: 28303, Sum: 44751, Workers: 4
[1380.852s][debug][gc,phases      ] GC(164)   ResolvedMethodTable Weak       Min:  0.0, Avg:  0.0, Max:  0.0, Diff:  0.0, Sum:  0.1, Workers: 4
[1380.852s][debug][gc,phases      ] GC(164)     Dead                           Min: 0, Avg:  0.0, Max: 0, Diff: 0, Sum: 0, Workers: 4
[1380.852s][debug][gc,phases      ] GC(164)     Total                          Min: 0, Avg: 2627.0, Max: 6542, Diff: 6542, Sum: 10508, Workers: 4
[1380.852s][debug][gc,phases      ] GC(164)   JNI Weak                       Min:  0.0, Avg:  0.0, Max:  0.0, Diff:  0.0, Sum:  0.0, Workers: 4
[1380.852s][debug][gc,phases      ] GC(164)     Dead                           Min: 0, Avg:  0.0, Max: 0, Diff: 0, Sum: 0, Workers: 4
[1380.852s][debug][gc,phases      ] GC(164)     Total                          Min: 0, Avg: 11.2, Max: 45, Diff: 45, Sum: 45, Workers: 4
[1380.852s][debug][gc,phases      ] GC(164)   StringDedup Table Weak         Min:  0.0, Avg:  0.0, Max:  0.0, Diff:  0.0, Sum:  0.0, Workers: 4
[1380.852s][debug][gc,phases      ] GC(164)     Dead                           Min: 0, Avg:  0.0, Max: 0, Diff: 0, Sum: 0, Workers: 4
[1380.852s][debug][gc,phases      ] GC(164)     Total                          Min: 0, Avg:  0.0, Max: 0, Diff: 0, Sum: 0, Workers: 4
[1380.852s][debug][gc,phases      ] GC(164)   StringDedup Requests0 Weak     Min:  0.0, Avg:  0.0, Max:  0.0, Diff:  0.0, Sum:  0.0, Workers: 4
[1380.852s][debug][gc,phases      ] GC(164)     Dead                           Min: 0, Avg:  0.0, Max: 0, Diff: 0, Sum: 0, Workers: 4
[1380.852s][debug][gc,phases      ] GC(164)     Total                          Min: 0, Avg:  0.0, Max: 0, Diff: 0, Sum: 0, Workers: 4
[1380.852s][debug][gc,phases      ] GC(164)   StringDedup Requests1 Weak     Min:  0.0, Avg:  0.0, Max:  0.0, Diff:  0.0, Sum:  0.0, Workers: 4
[1380.852s][debug][gc,phases      ] GC(164)     Dead                           Min: 0, Avg:  0.0, Max: 0, Diff: 0, Sum: 0, Workers: 4
[1380.852s][debug][gc,phases      ] GC(164)     Total                          Min: 0, Avg:  0.0, Max: 0, Diff: 0, Sum: 0, Workers: 4
[1380.852s][debug][gc,phases      ] GC(164)   Weak JFR Old Object Samples    Min:  0.0, Avg:  0.0, Max:  0.0, Diff:  0.0, Sum:  0.0, Workers: 4
[1380.852s][debug][gc,phases      ] GC(164)     Dead                           Min: 0, Avg:  0.0, Max: 0, Diff: 0, Sum: 0, Workers: 4
[1380.852s][debug][gc,phases      ] GC(164)     Total                          Min: 0, Avg:  0.0, Max: 0, Diff: 0, Sum: 0, Workers: 4
[1380.852s][debug][gc,phases      ] GC(164) Weak Processing 0.376ms
[1380.852s][debug][gc,age         ] GC(164) Desired survivor size 8388608 bytes, new threshold 15 (max threshold 15)
[1380.852s][info ][gc,heap        ] GC(164) PSYoungGen: 2081568K(2087936K)->2288K(2088960K) Eden: 2079232K(2079232K)->0K(2080768K) From: 2336K(8704K)->2288K(8192K)
[1380.852s][info ][gc,heap        ] GC(164) ParOldGen: 388662K(430080K)->388694K(430080K)
[1380.852s][info ][gc,metaspace   ] GC(164) Metaspace: 85463K(86528K)->85463K(86528K) NonClass: 73103K(73664K)->73103K(73664K) Class: 12359K(12864K)->12359K(12864K)
[1380.852s][info ][gc             ] GC(164) Pause Young (Allocation Failure) 2412M->381M(2460M) 6.443ms
[1380.852s][info ][gc,cpu         ] GC(164) User=0.02s Sys=0.00s Real=0.00s
[1380.852s][info ][safepoint      ] Safepoint "ParallelGCFailedAllocation", Time since last: 2500350953 ns, Reaching safepoint: 76300 ns, Cleanup: 21500 ns, At safepoint: 6515406 ns, Total: 6613206 ns
[1383.852s][info ][safepoint      ] Safepoint "Cleanup", Time since last: 3000169243 ns, Reaching safepoint: 4000 ns, Cleanup: 29700 ns, At safepoint: 2900 ns, Total: 36600 ns
[1384.852s][info ][safepoint      ] Safepoint "Cleanup", Time since last: 1000110981 ns, Reaching safepoint: 4500 ns, Cleanup: 47100 ns, At safepoint: 5700 ns, Total: 57300 ns
[1388.243s][info ][gc,start       ] GC(165) Pause Young (Allocation Failure)
[1388.249s][debug][gc,phases      ] GC(165) Scavenge 5.339ms
[1388.249s][debug][gc,ref         ] GC(165) Skipped phase 1 of Reference Processing: no references
[1388.249s][debug][gc,ref         ] GC(165) ReferenceProcessor::execute queues: 1, RefProcThreadModel::Single, marks_oops_alive: false
[1388.249s][debug][gc,ref         ] GC(165) Skipped phase 3 of Reference Processing: no references
[1388.249s][debug][gc,ref         ] GC(165) ReferenceProcessor::execute queues: 1, RefProcThreadModel::Single, marks_oops_alive: false
[1388.249s][debug][gc,phases      ] GC(165) Reference Processing 0.097ms
[1388.249s][debug][gc,phases      ] GC(165)   VM Weak                        Min:  0.0, Avg:  0.0, Max:  0.0, Diff:  0.0, Sum:  0.0, Workers: 4
[1388.249s][debug][gc,phases      ] GC(165)     Dead                           Min: 0, Avg:  0.0, Max: 0, Diff: 0, Sum: 0, Workers: 4
[1388.249s][debug][gc,phases      ] GC(165)     Total                          Min: 0, Avg: 216.8, Max: 512, Diff: 512, Sum: 867, Workers: 4
[1388.249s][debug][gc,phases      ] GC(165)   ObjectSynchronizer Weak        Min:  0.0, Avg:  0.0, Max:  0.0, Diff:  0.0, Sum:  0.0, Workers: 4
[1388.249s][debug][gc,phases      ] GC(165)     Dead                           Min: 0, Avg:  0.0, Max: 0, Diff: 0, Sum: 0, Workers: 4
[1388.249s][debug][gc,phases      ] GC(165)     Total                          Min: 0, Avg:  1.0, Max: 4, Diff: 4, Sum: 4, Workers: 4
[1388.249s][debug][gc,phases      ] GC(165)   JVMTI Tag Weak OopStorage      Min:  0.0, Avg:  0.0, Max:  0.0, Diff:  0.0, Sum:  0.0, Workers: 4
[1388.249s][debug][gc,phases      ] GC(165)     Dead                           Min: 0, Avg:  0.0, Max: 0, Diff: 0, Sum: 0, Workers: 4
[1388.249s][debug][gc,phases      ] GC(165)     Total                          Min: 0, Avg:  0.0, Max: 0, Diff: 0, Sum: 0, Workers: 4
[1388.249s][debug][gc,phases      ] GC(165)   StringTable Weak               Min:  0.0, Avg:  0.1, Max:  0.2, Diff:  0.2, Sum:  0.3, Workers: 4
[1388.249s][debug][gc,phases      ] GC(165)     Dead                           Min: 0, Avg:  0.0, Max: 0, Diff: 0, Sum: 0, Workers: 4
[1388.249s][debug][gc,phases      ] GC(165)     Total                          Min: 0, Avg: 11187.8, Max: 28047, Diff: 28047, Sum: 44751, Workers: 4
[1388.249s][debug][gc,phases      ] GC(165)   ResolvedMethodTable Weak       Min:  0.0, Avg:  0.0, Max:  0.0, Diff:  0.0, Sum:  0.1, Workers: 4
[1388.249s][debug][gc,phases      ] GC(165)     Dead                           Min: 0, Avg:  0.0, Max: 0, Diff: 0, Sum: 0, Workers: 4
[1388.249s][debug][gc,phases      ] GC(165)     Total                          Min: 0, Avg: 2627.0, Max: 6656, Diff: 6656, Sum: 10508, Workers: 4
[1388.249s][debug][gc,phases      ] GC(165)   JNI Weak                       Min:  0.0, Avg:  0.0, Max:  0.0, Diff:  0.0, Sum:  0.0, Workers: 4
[1388.249s][debug][gc,phases      ] GC(165)     Dead                           Min: 0, Avg:  0.0, Max: 0, Diff: 0, Sum: 0, Workers: 4
[1388.249s][debug][gc,phases      ] GC(165)     Total                          Min: 0, Avg: 11.2, Max: 45, Diff: 45, Sum: 45, Workers: 4
[1388.249s][debug][gc,phases      ] GC(165)   StringDedup Table Weak         Min:  0.0, Avg:  0.0, Max:  0.0, Diff:  0.0, Sum:  0.0, Workers: 4
[1388.249s][debug][gc,phases      ] GC(165)     Dead                           Min: 0, Avg:  0.0, Max: 0, Diff: 0, Sum: 0, Workers: 4
[1388.249s][debug][gc,phases      ] GC(165)     Total                          Min: 0, Avg:  0.0, Max: 0, Diff: 0, Sum: 0, Workers: 4
[1388.249s][debug][gc,phases      ] GC(165)   StringDedup Requests0 Weak     Min:  0.0, Avg:  0.0, Max:  0.0, Diff:  0.0, Sum:  0.0, Workers: 4
[1388.249s][debug][gc,phases      ] GC(165)     Dead                           Min: 0, Avg:  0.0, Max: 0, Diff: 0, Sum: 0, Workers: 4
[1388.249s][debug][gc,phases      ] GC(165)     Total                          Min: 0, Avg:  0.0, Max: 0, Diff: 0, Sum: 0, Workers: 4
[1388.249s][debug][gc,phases      ] GC(165)   StringDedup Requests1 Weak     Min:  0.0, Avg:  0.0, Max:  0.0, Diff:  0.0, Sum:  0.0, Workers: 4
[1388.249s][debug][gc,phases      ] GC(165)     Dead                           Min: 0, Avg:  0.0, Max: 0, Diff: 0, Sum: 0, Workers: 4
[1388.249s][debug][gc,phases      ] GC(165)     Total                          Min: 0, Avg:  0.0, Max: 0, Diff: 0, Sum: 0, Workers: 4
[1388.249s][debug][gc,phases      ] GC(165)   Weak JFR Old Object Samples    Min:  0.0, Avg:  0.0, Max:  0.0, Diff:  0.0, Sum:  0.0, Workers: 4
[1388.249s][debug][gc,phases      ] GC(165)     Dead                           Min: 0, Avg:  0.0, Max: 0, Diff: 0, Sum: 0, Workers: 4
[1388.249s][debug][gc,phases      ] GC(165)     Total                          Min: 0, Avg:  0.0, Max: 0, Diff: 0, Sum: 0, Workers: 4
[1388.249s][debug][gc,phases      ] GC(165) Weak Processing 0.414ms
[1388.249s][debug][gc,age         ] GC(165) Desired survivor size 7864320 bytes, new threshold 15 (max threshold 15)
[1388.249s][info ][gc,heap        ] GC(165) PSYoungGen: 2083056K(2088960K)->2336K(2088960K) Eden: 2080768K(2080768K)->0K(2080768K) From: 2288K(8192K)->2336K(8192K)
[1388.249s][info ][gc,heap        ] GC(165) ParOldGen: 388694K(430080K)->388742K(430080K)
[1388.249s][info ][gc,metaspace   ] GC(165) Metaspace: 85486K(86528K)->85486K(86528K) NonClass: 73126K(73664K)->73126K(73664K) Class: 12359K(12864K)->12359K(12864K)
[1388.249s][info ][gc             ] GC(165) Pause Young (Allocation Failure) 2413M->381M(2460M) 5.957ms
[1388.249s][info ][gc,cpu         ] GC(165) User=0.02s Sys=0.00s Real=0.00s
[1388.249s][info ][safepoint      ] Safepoint "ParallelGCFailedAllocation", Time since last: 3390899406 ns, Reaching safepoint: 71600 ns, Cleanup: 26500 ns, At safepoint: 6024606 ns, Total: 6122706 ns
[1395.840s][info ][gc,start       ] GC(166) Pause Young (Allocation Failure)
[1395.845s][debug][gc,phases      ] GC(166) Scavenge 5.442ms
[1395.845s][debug][gc,ref         ] GC(166) Skipped phase 1 of Reference Processing: no references
[1395.846s][debug][gc,ref         ] GC(166) ReferenceProcessor::execute queues: 1, RefProcThreadModel::Single, marks_oops_alive: false
[1395.846s][debug][gc,ref         ] GC(166) Skipped phase 3 of Reference Processing: no references
[1395.846s][debug][gc,ref         ] GC(166) ReferenceProcessor::execute queues: 1, RefProcThreadModel::Single, marks_oops_alive: false
[1395.846s][debug][gc,phases      ] GC(166) Reference Processing 0.109ms
[1395.846s][debug][gc,phases      ] GC(166)   VM Weak                        Min:  0.0, Avg:  0.0, Max:  0.0, Diff:  0.0, Sum:  0.0, Workers: 4
[1395.846s][debug][gc,phases      ] GC(166)     Dead                           Min: 0, Avg:  0.0, Max: 0, Diff: 0, Sum: 0, Workers: 4
[1395.846s][debug][gc,phases      ] GC(166)     Total                          Min: 0, Avg: 216.8, Max: 576, Diff: 576, Sum: 867, Workers: 4
[1395.846s][debug][gc,phases      ] GC(166)   ObjectSynchronizer Weak        Min:  0.0, Avg:  0.0, Max:  0.0, Diff:  0.0, Sum:  0.0, Workers: 4
[1395.846s][debug][gc,phases      ] GC(166)     Dead                           Min: 0, Avg:  0.0, Max: 0, Diff: 0, Sum: 0, Workers: 4
[1395.846s][debug][gc,phases      ] GC(166)     Total                          Min: 0, Avg:  1.0, Max: 4, Diff: 4, Sum: 4, Workers: 4
[1395.846s][debug][gc,phases      ] GC(166)   JVMTI Tag Weak OopStorage      Min:  0.0, Avg:  0.0, Max:  0.0, Diff:  0.0, Sum:  0.0, Workers: 4
[1395.846s][debug][gc,phases      ] GC(166)     Dead                           Min: 0, Avg:  0.0, Max: 0, Diff: 0, Sum: 0, Workers: 4
[1395.846s][debug][gc,phases      ] GC(166)     Total                          Min: 0, Avg:  0.0, Max: 0, Diff: 0, Sum: 0, Workers: 4
[1395.846s][debug][gc,phases      ] GC(166)   StringTable Weak               Min:  0.0, Avg:  0.1, Max:  0.1, Diff:  0.1, Sum:  0.4, Workers: 4
[1395.846s][debug][gc,phases      ] GC(166)     Dead                           Min: 0, Avg:  0.0, Max: 0, Diff: 0, Sum: 0, Workers: 4
[1395.846s][debug][gc,phases      ] GC(166)     Total                          Min: 0, Avg: 11187.8, Max: 17999, Diff: 17999, Sum: 44751, Workers: 4
[1395.846s][debug][gc,phases      ] GC(166)   ResolvedMethodTable Weak       Min:  0.0, Avg:  0.0, Max:  0.0, Diff:  0.0, Sum:  0.1, Workers: 4
[1395.846s][debug][gc,phases      ] GC(166)     Dead                           Min: 0, Avg:  0.0, Max: 0, Diff: 0, Sum: 0, Workers: 4
[1395.846s][debug][gc,phases      ] GC(166)     Total                          Min: 0, Avg: 2627.0, Max: 4622, Diff: 4622, Sum: 10508, Workers: 4
[1395.846s][debug][gc,phases      ] GC(166)   JNI Weak                       Min:  0.0, Avg:  0.0, Max:  0.0, Diff:  0.0, Sum:  0.0, Workers: 4
[1395.846s][debug][gc,phases      ] GC(166)     Dead                           Min: 0, Avg:  0.0, Max: 0, Diff: 0, Sum: 0, Workers: 4
[1395.846s][debug][gc,phases      ] GC(166)     Total                          Min: 0, Avg: 11.2, Max: 45, Diff: 45, Sum: 45, Workers: 4
[1395.846s][debug][gc,phases      ] GC(166)   StringDedup Table Weak         Min:  0.0, Avg:  0.0, Max:  0.0, Diff:  0.0, Sum:  0.0, Workers: 4
[1395.846s][debug][gc,phases      ] GC(166)     Dead                           Min: 0, Avg:  0.0, Max: 0, Diff: 0, Sum: 0, Workers: 4
[1395.846s][debug][gc,phases      ] GC(166)     Total                          Min: 0, Avg:  0.0, Max: 0, Diff: 0, Sum: 0, Workers: 4
[1395.846s][debug][gc,phases      ] GC(166)   StringDedup Requests0 Weak     Min:  0.0, Avg:  0.0, Max:  0.0, Diff:  0.0, Sum:  0.0, Workers: 4
[1395.846s][debug][gc,phases      ] GC(166)     Dead                           Min: 0, Avg:  0.0, Max: 0, Diff: 0, Sum: 0, Workers: 4
[1395.846s][debug][gc,phases      ] GC(166)     Total                          Min: 0, Avg:  0.0, Max: 0, Diff: 0, Sum: 0, Workers: 4
[1395.846s][debug][gc,phases      ] GC(166)   StringDedup Requests1 Weak     Min:  0.0, Avg:  0.0, Max:  0.0, Diff:  0.0, Sum:  0.0, Workers: 4
[1395.846s][debug][gc,phases      ] GC(166)     Dead                           Min: 0, Avg:  0.0, Max: 0, Diff: 0, Sum: 0, Workers: 4
[1395.846s][debug][gc,phases      ] GC(166)     Total                          Min: 0, Avg:  0.0, Max: 0, Diff: 0, Sum: 0, Workers: 4
[1395.846s][debug][gc,phases      ] GC(166)   Weak JFR Old Object Samples    Min:  0.0, Avg:  0.0, Max:  0.0, Diff:  0.0, Sum:  0.0, Workers: 4
[1395.846s][debug][gc,phases      ] GC(166)     Dead                           Min: 0, Avg:  0.0, Max: 0, Diff: 0, Sum: 0, Workers: 4
[1395.846s][debug][gc,phases      ] GC(166)     Total                          Min: 0, Avg:  0.0, Max: 0, Diff: 0, Sum: 0, Workers: 4
[1395.846s][debug][gc,phases      ] GC(166) Weak Processing 0.329ms
[1395.846s][debug][gc,age         ] GC(166) Desired survivor size 7864320 bytes, new threshold 15 (max threshold 15)
[1395.846s][info ][gc,heap        ] GC(166) PSYoungGen: 2083104K(2088960K)->2320K(2089472K) Eden: 2080768K(2080768K)->0K(2081792K) From: 2336K(8192K)->2320K(7680K)
[1395.846s][info ][gc,heap        ] GC(166) ParOldGen: 388742K(430080K)->388766K(430080K)
[1395.846s][info ][gc,metaspace   ] GC(166) Metaspace: 85487K(86528K)->85487K(86528K) NonClass: 73127K(73664K)->73127K(73664K) Class: 12359K(12864K)->12359K(12864K)
[1395.846s][info ][gc             ] GC(166) Pause Young (Allocation Failure) 2413M->381M(2460M) 5.973ms
[1395.846s][info ][gc,cpu         ] GC(166) User=0.02s Sys=0.00s Real=0.01s
[1395.846s][info ][safepoint      ] Safepoint "ParallelGCFailedAllocation", Time since last: 7590720963 ns, Reaching safepoint: 4400 ns, Cleanup: 32200 ns, At safepoint: 6051605 ns, Total: 6088205 ns
[1397.846s][info ][safepoint      ] Safepoint "Cleanup", Time since last: 2000154560 ns, Reaching safepoint: 76100 ns, Cleanup: 35800 ns, At safepoint: 13600 ns, Total: 125500 ns
[1402.851s][info ][safepoint      ] Safepoint "Cleanup", Time since last: 5005098859 ns, Reaching safepoint: 4200 ns, Cleanup: 32900 ns, At safepoint: 2400 ns, Total: 39500 ns
[1403.344s][info ][gc,start       ] GC(167) Pause Young (Allocation Failure)
[1403.348s][debug][gc,phases      ] GC(167) Scavenge 3.332ms
[1403.348s][debug][gc,ref         ] GC(167) Skipped phase 1 of Reference Processing: no references
[1403.348s][debug][gc,ref         ] GC(167) ReferenceProcessor::execute queues: 1, RefProcThreadModel::Single, marks_oops_alive: false
[1403.348s][debug][gc,ref         ] GC(167) Skipped phase 3 of Reference Processing: no references
[1403.348s][debug][gc,ref         ] GC(167) ReferenceProcessor::execute queues: 1, RefProcThreadModel::Single, marks_oops_alive: false
[1403.348s][debug][gc,phases      ] GC(167) Reference Processing 0.117ms
[1403.348s][debug][gc,phases      ] GC(167)   VM Weak                        Min:  0.0, Avg:  0.0, Max:  0.0, Diff:  0.0, Sum:  0.0, Workers: 4
[1403.348s][debug][gc,phases      ] GC(167)     Dead                           Min: 0, Avg:  0.0, Max: 0, Diff: 0, Sum: 0, Workers: 4
[1403.348s][debug][gc,phases      ] GC(167)     Total                          Min: 0, Avg: 216.8, Max: 640, Diff: 640, Sum: 867, Workers: 4
[1403.348s][debug][gc,phases      ] GC(167)   ObjectSynchronizer Weak        Min:  0.0, Avg:  0.0, Max:  0.0, Diff:  0.0, Sum:  0.0, Workers: 4
[1403.348s][debug][gc,phases      ] GC(167)     Dead                           Min: 0, Avg:  0.0, Max: 0, Diff: 0, Sum: 0, Workers: 4
[1403.348s][debug][gc,phases      ] GC(167)     Total                          Min: 0, Avg:  1.0, Max: 4, Diff: 4, Sum: 4, Workers: 4
[1403.348s][debug][gc,phases      ] GC(167)   JVMTI Tag Weak OopStorage      Min:  0.0, Avg:  0.0, Max:  0.0, Diff:  0.0, Sum:  0.0, Workers: 4
[1403.348s][debug][gc,phases      ] GC(167)     Dead                           Min: 0, Avg:  0.0, Max: 0, Diff: 0, Sum: 0, Workers: 4
[1403.348s][debug][gc,phases      ] GC(167)     Total                          Min: 0, Avg:  0.0, Max: 0, Diff: 0, Sum: 0, Workers: 4
[1403.348s][debug][gc,phases      ] GC(167)   StringTable Weak               Min:  0.0, Avg:  0.1, Max:  0.1, Diff:  0.1, Sum:  0.4, Workers: 4
[1403.348s][debug][gc,phases      ] GC(167)     Dead                           Min: 0, Avg:  0.0, Max: 0, Diff: 0, Sum: 0, Workers: 4
[1403.348s][debug][gc,phases      ] GC(167)     Total                          Min: 0, Avg: 11188.0, Max: 14992, Diff: 14992, Sum: 44752, Workers: 4
[1403.348s][debug][gc,phases      ] GC(167)   ResolvedMethodTable Weak       Min:  0.0, Avg:  0.0, Max:  0.0, Diff:  0.0, Sum:  0.1, Workers: 4
[1403.348s][debug][gc,phases      ] GC(167)     Dead                           Min: 0, Avg:  0.0, Max: 0, Diff: 0, Sum: 0, Workers: 4
[1403.348s][debug][gc,phases      ] GC(167)     Total                          Min: 0, Avg: 2627.0, Max: 3534, Diff: 3534, Sum: 10508, Workers: 4
[1403.348s][debug][gc,phases      ] GC(167)   JNI Weak                       Min:  0.0, Avg:  0.0, Max:  0.0, Diff:  0.0, Sum:  0.0, Workers: 4
[1403.348s][debug][gc,phases      ] GC(167)     Dead                           Min: 0, Avg:  0.0, Max: 0, Diff: 0, Sum: 0, Workers: 4
[1403.348s][debug][gc,phases      ] GC(167)     Total                          Min: 0, Avg: 11.2, Max: 45, Diff: 45, Sum: 45, Workers: 4
[1403.348s][debug][gc,phases      ] GC(167)   StringDedup Table Weak         Min:  0.0, Avg:  0.0, Max:  0.0, Diff:  0.0, Sum:  0.0, Workers: 4
[1403.348s][debug][gc,phases      ] GC(167)     Dead                           Min: 0, Avg:  0.0, Max: 0, Diff: 0, Sum: 0, Workers: 4
[1403.348s][debug][gc,phases      ] GC(167)     Total                          Min: 0, Avg:  0.0, Max: 0, Diff: 0, Sum: 0, Workers: 4
[1403.348s][debug][gc,phases      ] GC(167)   StringDedup Requests0 Weak     Min:  0.0, Avg:  0.0, Max:  0.0, Diff:  0.0, Sum:  0.0, Workers: 4
[1403.348s][debug][gc,phases      ] GC(167)     Dead                           Min: 0, Avg:  0.0, Max: 0, Diff: 0, Sum: 0, Workers: 4
[1403.348s][debug][gc,phases      ] GC(167)     Total                          Min: 0, Avg:  0.0, Max: 0, Diff: 0, Sum: 0, Workers: 4
[1403.348s][debug][gc,phases      ] GC(167)   StringDedup Requests1 Weak     Min:  0.0, Avg:  0.0, Max:  0.0, Diff:  0.0, Sum:  0.0, Workers: 4
[1403.348s][debug][gc,phases      ] GC(167)     Dead                           Min: 0, Avg:  0.0, Max: 0, Diff: 0, Sum: 0, Workers: 4
[1403.348s][debug][gc,phases      ] GC(167)     Total                          Min: 0, Avg:  0.0, Max: 0, Diff: 0, Sum: 0, Workers: 4
[1403.348s][debug][gc,phases      ] GC(167)   Weak JFR Old Object Samples    Min:  0.0, Avg:  0.0, Max:  0.0, Diff:  0.0, Sum:  0.0, Workers: 4
[1403.348s][debug][gc,phases      ] GC(167)     Dead                           Min: 0, Avg:  0.0, Max: 0, Diff: 0, Sum: 0, Workers: 4
[1403.348s][debug][gc,phases      ] GC(167)     Total                          Min: 0, Avg:  0.0, Max: 0, Diff: 0, Sum: 0, Workers: 4
[1403.348s][debug][gc,phases      ] GC(167) Weak Processing 0.352ms
[1403.348s][debug][gc,age         ] GC(167) Desired survivor size 7340032 bytes, new threshold 15 (max threshold 15)
[1403.348s][info ][gc,heap        ] GC(167) PSYoungGen: 2084112K(2089472K)->2320K(2089472K) Eden: 2081792K(2081792K)->0K(2081792K) From: 2320K(7680K)->2320K(7680K)
[1403.348s][info ][gc,heap        ] GC(167) ParOldGen: 388766K(430080K)->388782K(430080K)
[1403.348s][info ][gc,metaspace   ] GC(167) Metaspace: 85489K(86528K)->85489K(86528K) NonClass: 73130K(73664K)->73130K(73664K) Class: 12359K(12864K)->12359K(12864K)
[1403.348s][info ][gc             ] GC(167) Pause Young (Allocation Failure) 2414M->381M(2460M) 3.905ms
[1403.348s][info ][gc,cpu         ] GC(167) User=0.01s Sys=0.00s Real=0.00s
[1403.348s][info ][safepoint      ] Safepoint "ParallelGCFailedAllocation", Time since last: 492880861 ns, Reaching safepoint: 72800 ns, Cleanup: 31400 ns, At safepoint: 3970004 ns, Total: 4074204 ns
[1405.349s][info ][safepoint      ] Safepoint "Cleanup", Time since last: 2000152872 ns, Reaching safepoint: 7400 ns, Cleanup: 42900 ns, At safepoint: 5500 ns, Total: 55800 ns
[1407.349s][info ][safepoint      ] Safepoint "Cleanup", Time since last: 2000181372 ns, Reaching safepoint: 4300 ns, Cleanup: 34800 ns, At safepoint: 4200 ns, Total: 43300 ns
[1408.349s][info ][safepoint      ] Safepoint "Cleanup", Time since last: 1000113437 ns, Reaching safepoint: 4300 ns, Cleanup: 35200 ns, At safepoint: 3100 ns, Total: 42600 ns
[1410.349s][info ][safepoint      ] Safepoint "Cleanup", Time since last: 2000142188 ns, Reaching safepoint: 72200 ns, Cleanup: 39300 ns, At safepoint: 22800 ns, Total: 134300 ns
[1411.044s][info ][gc,start       ] GC(168) Pause Young (Allocation Failure)
[1411.048s][debug][gc,phases      ] GC(168) Scavenge 4.412ms
[1411.048s][debug][gc,ref         ] GC(168) Skipped phase 1 of Reference Processing: no references
[1411.048s][debug][gc,ref         ] GC(168) ReferenceProcessor::execute queues: 1, RefProcThreadModel::Single, marks_oops_alive: false
[1411.048s][debug][gc,ref         ] GC(168) Skipped phase 3 of Reference Processing: no references
[1411.048s][debug][gc,ref         ] GC(168) ReferenceProcessor::execute queues: 1, RefProcThreadModel::Single, marks_oops_alive: false
[1411.048s][debug][gc,phases      ] GC(168) Reference Processing 0.092ms
[1411.048s][debug][gc,phases      ] GC(168)   VM Weak                        Min:  0.0, Avg:  0.0, Max:  0.0, Diff:  0.0, Sum:  0.0, Workers: 4
[1411.048s][debug][gc,phases      ] GC(168)     Dead                           Min: 0, Avg:  0.0, Max: 0, Diff: 0, Sum: 0, Workers: 4
[1411.048s][debug][gc,phases      ] GC(168)     Total                          Min: 0, Avg: 216.8, Max: 448, Diff: 448, Sum: 867, Workers: 4
[1411.048s][debug][gc,phases      ] GC(168)   ObjectSynchronizer Weak        Min:  0.0, Avg:  0.0, Max:  0.0, Diff:  0.0, Sum:  0.0, Workers: 4
[1411.048s][debug][gc,phases      ] GC(168)     Dead                           Min: 0, Avg:  0.0, Max: 0, Diff: 0, Sum: 0, Workers: 4
[1411.048s][debug][gc,phases      ] GC(168)     Total                          Min: 0, Avg:  1.0, Max: 4, Diff: 4, Sum: 4, Workers: 4
[1411.048s][debug][gc,phases      ] GC(168)   JVMTI Tag Weak OopStorage      Min:  0.0, Avg:  0.0, Max:  0.0, Diff:  0.0, Sum:  0.0, Workers: 4
[1411.048s][debug][gc,phases      ] GC(168)     Dead                           Min: 0, Avg:  0.0, Max: 0, Diff: 0, Sum: 0, Workers: 4
[1411.048s][debug][gc,phases      ] GC(168)     Total                          Min: 0, Avg:  0.0, Max: 0, Diff: 0, Sum: 0, Workers: 4
[1411.048s][debug][gc,phases      ] GC(168)   StringTable Weak               Min:  0.0, Avg:  0.1, Max:  0.2, Diff:  0.2, Sum:  0.3, Workers: 4
[1411.048s][debug][gc,phases      ] GC(168)     Dead                           Min: 0, Avg:  0.0, Max: 0, Diff: 0, Sum: 0, Workers: 4
[1411.048s][debug][gc,phases      ] GC(168)     Total                          Min: 0, Avg: 11188.0, Max: 27984, Diff: 27984, Sum: 44752, Workers: 4
[1411.048s][debug][gc,phases      ] GC(168)   ResolvedMethodTable Weak       Min:  0.0, Avg:  0.0, Max:  0.0, Diff:  0.0, Sum:  0.1, Workers: 4
[1411.048s][debug][gc,phases      ] GC(168)     Dead                           Min: 0, Avg:  0.0, Max: 0, Diff: 0, Sum: 0, Workers: 4
[1411.048s][debug][gc,phases      ] GC(168)     Total                          Min: 0, Avg: 2627.0, Max: 6592, Diff: 6592, Sum: 10508, Workers: 4
[1411.048s][debug][gc,phases      ] GC(168)   JNI Weak                       Min:  0.0, Avg:  0.0, Max:  0.0, Diff:  0.0, Sum:  0.0, Workers: 4
[1411.048s][debug][gc,phases      ] GC(168)     Dead                           Min: 0, Avg:  0.0, Max: 0, Diff: 0, Sum: 0, Workers: 4
[1411.048s][debug][gc,phases      ] GC(168)     Total                          Min: 0, Avg: 11.2, Max: 45, Diff: 45, Sum: 45, Workers: 4
[1411.048s][debug][gc,phases      ] GC(168)   StringDedup Table Weak         Min:  0.0, Avg:  0.0, Max:  0.0, Diff:  0.0, Sum:  0.0, Workers: 4
[1411.048s][debug][gc,phases      ] GC(168)     Dead                           Min: 0, Avg:  0.0, Max: 0, Diff: 0, Sum: 0, Workers: 4
[1411.048s][debug][gc,phases      ] GC(168)     Total                          Min: 0, Avg:  0.0, Max: 0, Diff: 0, Sum: 0, Workers: 4
[1411.048s][debug][gc,phases      ] GC(168)   StringDedup Requests0 Weak     Min:  0.0, Avg:  0.0, Max:  0.0, Diff:  0.0, Sum:  0.0, Workers: 4
[1411.048s][debug][gc,phases      ] GC(168)     Dead                           Min: 0, Avg:  0.0, Max: 0, Diff: 0, Sum: 0, Workers: 4
[1411.048s][debug][gc,phases      ] GC(168)     Total                          Min: 0, Avg:  0.0, Max: 0, Diff: 0, Sum: 0, Workers: 4
[1411.048s][debug][gc,phases      ] GC(168)   StringDedup Requests1 Weak     Min:  0.0, Avg:  0.0, Max:  0.0, Diff:  0.0, Sum:  0.0, Workers: 4
[1411.048s][debug][gc,phases      ] GC(168)     Dead                           Min: 0, Avg:  0.0, Max: 0, Diff: 0, Sum: 0, Workers: 4
[1411.048s][debug][gc,phases      ] GC(168)     Total                          Min: 0, Avg:  0.0, Max: 0, Diff: 0, Sum: 0, Workers: 4
[1411.048s][debug][gc,phases      ] GC(168)   Weak JFR Old Object Samples    Min:  0.0, Avg:  0.0, Max:  0.0, Diff:  0.0, Sum:  0.0, Workers: 4
[1411.048s][debug][gc,phases      ] GC(168)     Dead                           Min: 0, Avg:  0.0, Max: 0, Diff: 0, Sum: 0, Workers: 4
[1411.048s][debug][gc,phases      ] GC(168)     Total                          Min: 0, Avg:  0.0, Max: 0, Diff: 0, Sum: 0, Workers: 4
[1411.048s][debug][gc,phases      ] GC(168) Weak Processing 0.368ms
[1411.048s][debug][gc,age         ] GC(168) Desired survivor size 6815744 bytes, new threshold 15 (max threshold 15)
[1411.048s][info ][gc,heap        ] GC(168) PSYoungGen: 2084112K(2089472K)->2384K(2090496K) Eden: 2081792K(2081792K)->0K(2083328K) From: 2320K(7680K)->2384K(7168K)
[1411.048s][info ][gc,heap        ] GC(168) ParOldGen: 388782K(430080K)->388806K(430080K)
[1411.048s][info ][gc,metaspace   ] GC(168) Metaspace: 85489K(86528K)->85489K(86528K) NonClass: 73130K(73664K)->73130K(73664K) Class: 12359K(12864K)->12359K(12864K)
[1411.048s][info ][gc             ] GC(168) Pause Young (Allocation Failure) 2414M->382M(2461M) 4.965ms
[1411.048s][info ][gc,cpu         ] GC(168) User=0.01s Sys=0.00s Real=0.00s
[1411.049s][info ][safepoint      ] Safepoint "ParallelGCFailedAllocation", Time since last: 694136374 ns, Reaching safepoint: 76500 ns, Cleanup: 26600 ns, At safepoint: 5033705 ns, Total: 5136805 ns
[1417.049s][info ][safepoint      ] Safepoint "Cleanup", Time since last: 6000446227 ns, Reaching safepoint: 72400 ns, Cleanup: 36901 ns, At safepoint: 35900 ns, Total: 145201 ns
[1421.231s][info ][gc,start       ] GC(169) Pause Young (Allocation Failure)
[1421.237s][debug][gc,phases      ] GC(169) Scavenge 5.336ms
[1421.237s][debug][gc,ref         ] GC(169) Skipped phase 1 of Reference Processing: no references
[1421.237s][debug][gc,ref         ] GC(169) ReferenceProcessor::execute queues: 1, RefProcThreadModel::Single, marks_oops_alive: false
[1421.237s][debug][gc,ref         ] GC(169) Skipped phase 3 of Reference Processing: no references
[1421.237s][debug][gc,ref         ] GC(169) ReferenceProcessor::execute queues: 1, RefProcThreadModel::Single, marks_oops_alive: false
[1421.237s][debug][gc,phases      ] GC(169) Reference Processing 0.079ms
[1421.237s][debug][gc,phases      ] GC(169)   VM Weak                        Min:  0.0, Avg:  0.0, Max:  0.0, Diff:  0.0, Sum:  0.0, Workers: 4
[1421.237s][debug][gc,phases      ] GC(169)     Dead                           Min: 0, Avg:  0.0, Max: 0, Diff: 0, Sum: 0, Workers: 4
[1421.237s][debug][gc,phases      ] GC(169)     Total                          Min: 0, Avg: 216.8, Max: 768, Diff: 768, Sum: 867, Workers: 4
[1421.237s][debug][gc,phases      ] GC(169)   ObjectSynchronizer Weak        Min:  0.0, Avg:  0.0, Max:  0.0, Diff:  0.0, Sum:  0.0, Workers: 4
[1421.237s][debug][gc,phases      ] GC(169)     Dead                           Min: 0, Avg:  0.0, Max: 0, Diff: 0, Sum: 0, Workers: 4
[1421.237s][debug][gc,phases      ] GC(169)     Total                          Min: 0, Avg:  1.0, Max: 4, Diff: 4, Sum: 4, Workers: 4
[1421.237s][debug][gc,phases      ] GC(169)   JVMTI Tag Weak OopStorage      Min:  0.0, Avg:  0.0, Max:  0.0, Diff:  0.0, Sum:  0.0, Workers: 4
[1421.237s][debug][gc,phases      ] GC(169)     Dead                           Min: 0, Avg:  0.0, Max: 0, Diff: 0, Sum: 0, Workers: 4
[1421.237s][debug][gc,phases      ] GC(169)     Total                          Min: 0, Avg:  0.0, Max: 0, Diff: 0, Sum: 0, Workers: 4
[1421.237s][debug][gc,phases      ] GC(169)   StringTable Weak               Min:  0.0, Avg:  0.1, Max:  0.1, Diff:  0.1, Sum:  0.4, Workers: 4
[1421.237s][debug][gc,phases      ] GC(169)     Dead                           Min: 0, Avg:  0.0, Max: 0, Diff: 0, Sum: 0, Workers: 4
[1421.237s][debug][gc,phases      ] GC(169)     Total                          Min: 0, Avg: 11188.0, Max: 19520, Diff: 19520, Sum: 44752, Workers: 4
[1421.237s][debug][gc,phases      ] GC(169)   ResolvedMethodTable Weak       Min:  0.0, Avg:  0.0, Max:  0.0, Diff:  0.0, Sum:  0.1, Workers: 4
[1421.237s][debug][gc,phases      ] GC(169)     Dead                           Min: 0, Avg:  0.0, Max: 0, Diff: 0, Sum: 0, Workers: 4
[1421.237s][debug][gc,phases      ] GC(169)     Total                          Min: 0, Avg: 2627.0, Max: 4686, Diff: 4686, Sum: 10508, Workers: 4
[1421.237s][debug][gc,phases      ] GC(169)   JNI Weak                       Min:  0.0, Avg:  0.0, Max:  0.0, Diff:  0.0, Sum:  0.0, Workers: 4
[1421.237s][debug][gc,phases      ] GC(169)     Dead                           Min: 0, Avg:  0.0, Max: 0, Diff: 0, Sum: 0, Workers: 4
[1421.237s][debug][gc,phases      ] GC(169)     Total                          Min: 0, Avg: 11.2, Max: 45, Diff: 45, Sum: 45, Workers: 4
[1421.237s][debug][gc,phases      ] GC(169)   StringDedup Table Weak         Min:  0.0, Avg:  0.0, Max:  0.0, Diff:  0.0, Sum:  0.0, Workers: 4
[1421.237s][debug][gc,phases      ] GC(169)     Dead                           Min: 0, Avg:  0.0, Max: 0, Diff: 0, Sum: 0, Workers: 4
[1421.237s][debug][gc,phases      ] GC(169)     Total                          Min: 0, Avg:  0.0, Max: 0, Diff: 0, Sum: 0, Workers: 4
[1421.237s][debug][gc,phases      ] GC(169)   StringDedup Requests0 Weak     Min:  0.0, Avg:  0.0, Max:  0.0, Diff:  0.0, Sum:  0.0, Workers: 4
[1421.237s][debug][gc,phases      ] GC(169)     Dead                           Min: 0, Avg:  0.0, Max: 0, Diff: 0, Sum: 0, Workers: 4
[1421.237s][debug][gc,phases      ] GC(169)     Total                          Min: 0, Avg:  0.0, Max: 0, Diff: 0, Sum: 0, Workers: 4
[1421.237s][debug][gc,phases      ] GC(169)   StringDedup Requests1 Weak     Min:  0.0, Avg:  0.0, Max:  0.0, Diff:  0.0, Sum:  0.0, Workers: 4
[1421.237s][debug][gc,phases      ] GC(169)     Dead                           Min: 0, Avg:  0.0, Max: 0, Diff: 0, Sum: 0, Workers: 4
[1421.237s][debug][gc,phases      ] GC(169)     Total                          Min: 0, Avg:  0.0, Max: 0, Diff: 0, Sum: 0, Workers: 4
[1421.237s][debug][gc,phases      ] GC(169)   Weak JFR Old Object Samples    Min:  0.0, Avg:  0.0, Max:  0.0, Diff:  0.0, Sum:  0.0, Workers: 4
[1421.237s][debug][gc,phases      ] GC(169)     Dead                           Min: 0, Avg:  0.0, Max: 0, Diff: 0, Sum: 0, Workers: 4
[1421.237s][debug][gc,phases      ] GC(169)     Total                          Min: 0, Avg:  0.0, Max: 0, Diff: 0, Sum: 0, Workers: 4
[1421.237s][debug][gc,phases      ] GC(169) Weak Processing 0.341ms
[1421.237s][debug][gc,age         ] GC(169) Desired survivor size 6815744 bytes, new threshold 15 (max threshold 15)
[1421.237s][info ][gc,heap        ] GC(169) PSYoungGen: 2085712K(2090496K)->2560K(2089984K) Eden: 2083328K(2083328K)->0K(2083328K) From: 2384K(7168K)->2560K(6656K)
[1421.237s][info ][gc,heap        ] GC(169) ParOldGen: 388806K(430080K)->388806K(430080K)
[1421.237s][info ][gc,metaspace   ] GC(169) Metaspace: 85491K(86528K)->85491K(86528K) NonClass: 73131K(73664K)->73131K(73664K) Class: 12359K(12864K)->12359K(12864K)
[1421.237s][info ][gc             ] GC(169) Pause Young (Allocation Failure) 2416M->382M(2461M) 5.852ms
[1421.237s][info ][gc,cpu         ] GC(169) User=0.01s Sys=0.00s Real=0.01s
[1421.237s][info ][safepoint      ] Safepoint "ParallelGCFailedAllocation", Time since last: 4182211905 ns, Reaching safepoint: 5200 ns, Cleanup: 21000 ns, At safepoint: 5916705 ns, Total: 5942905 ns
[1428.238s][info ][safepoint      ] Safepoint "Cleanup", Time since last: 7000432790 ns, Reaching safepoint: 71500 ns, Cleanup: 31300 ns, At safepoint: 6700 ns, Total: 109500 ns
[1430.238s][info ][safepoint      ] Safepoint "Cleanup", Time since last: 2000154802 ns, Reaching safepoint: 77100 ns, Cleanup: 34500 ns, At safepoint: 5300 ns, Total: 116900 ns
[1431.238s][info ][safepoint      ] Safepoint "Cleanup", Time since last: 1000127502 ns, Reaching safepoint: 71900 ns, Cleanup: 33200 ns, At safepoint: 21100 ns, Total: 126200 ns
[1431.442s][info ][gc,start       ] GC(170) Pause Young (Allocation Failure)
[1431.448s][debug][gc,phases      ] GC(170) Scavenge 6.475ms
[1431.448s][debug][gc,ref         ] GC(170) Skipped phase 1 of Reference Processing: no references
[1431.448s][debug][gc,ref         ] GC(170) ReferenceProcessor::execute queues: 1, RefProcThreadModel::Single, marks_oops_alive: false
[1431.448s][debug][gc,ref         ] GC(170) Skipped phase 3 of Reference Processing: no references
[1431.448s][debug][gc,ref         ] GC(170) ReferenceProcessor::execute queues: 1, RefProcThreadModel::Single, marks_oops_alive: false
[1431.448s][debug][gc,phases      ] GC(170) Reference Processing 0.118ms
[1431.449s][debug][gc,phases      ] GC(170)   VM Weak                        Min:  0.0, Avg:  0.0, Max:  0.0, Diff:  0.0, Sum:  0.0, Workers: 4
[1431.449s][debug][gc,phases      ] GC(170)     Dead                           Min: 0, Avg:  0.0, Max: 0, Diff: 0, Sum: 0, Workers: 4
[1431.449s][debug][gc,phases      ] GC(170)     Total                          Min: 0, Avg: 216.8, Max: 547, Diff: 547, Sum: 867, Workers: 4
[1431.449s][debug][gc,phases      ] GC(170)   ObjectSynchronizer Weak        Min:  0.0, Avg:  0.0, Max:  0.0, Diff:  0.0, Sum:  0.0, Workers: 4
[1431.449s][debug][gc,phases      ] GC(170)     Dead                           Min: 0, Avg:  0.0, Max: 0, Diff: 0, Sum: 0, Workers: 4
[1431.449s][debug][gc,phases      ] GC(170)     Total                          Min: 0, Avg:  1.0, Max: 4, Diff: 4, Sum: 4, Workers: 4
[1431.449s][debug][gc,phases      ] GC(170)   JVMTI Tag Weak OopStorage      Min:  0.0, Avg:  0.0, Max:  0.0, Diff:  0.0, Sum:  0.0, Workers: 4
[1431.449s][debug][gc,phases      ] GC(170)     Dead                           Min: 0, Avg:  0.0, Max: 0, Diff: 0, Sum: 0, Workers: 4
[1431.449s][debug][gc,phases      ] GC(170)     Total                          Min: 0, Avg:  0.0, Max: 0, Diff: 0, Sum: 0, Workers: 4
[1431.449s][debug][gc,phases      ] GC(170)   StringTable Weak               Min:  0.0, Avg:  0.1, Max:  0.2, Diff:  0.2, Sum:  0.3, Workers: 4
[1431.449s][debug][gc,phases      ] GC(170)     Dead                           Min: 0, Avg:  0.0, Max: 0, Diff: 0, Sum: 0, Workers: 4
[1431.449s][debug][gc,phases      ] GC(170)     Total                          Min: 0, Avg: 11188.0, Max: 27152, Diff: 27152, Sum: 44752, Workers: 4
[1431.449s][debug][gc,phases      ] GC(170)   ResolvedMethodTable Weak       Min:  0.0, Avg:  0.0, Max:  0.0, Diff:  0.0, Sum:  0.1, Workers: 4
[1431.449s][debug][gc,phases      ] GC(170)     Dead                           Min: 0, Avg:  0.0, Max: 0, Diff: 0, Sum: 0, Workers: 4
[1431.449s][debug][gc,phases      ] GC(170)     Total                          Min: 0, Avg: 2627.0, Max: 6464, Diff: 6464, Sum: 10508, Workers: 4
[1431.449s][debug][gc,phases      ] GC(170)   JNI Weak                       Min:  0.0, Avg:  0.0, Max:  0.0, Diff:  0.0, Sum:  0.0, Workers: 4
[1431.449s][debug][gc,phases      ] GC(170)     Dead                           Min: 0, Avg:  0.0, Max: 0, Diff: 0, Sum: 0, Workers: 4
[1431.449s][debug][gc,phases      ] GC(170)     Total                          Min: 0, Avg: 11.2, Max: 45, Diff: 45, Sum: 45, Workers: 4
[1431.449s][debug][gc,phases      ] GC(170)   StringDedup Table Weak         Min:  0.0, Avg:  0.0, Max:  0.0, Diff:  0.0, Sum:  0.0, Workers: 4
[1431.449s][debug][gc,phases      ] GC(170)     Dead                           Min: 0, Avg:  0.0, Max: 0, Diff: 0, Sum: 0, Workers: 4
[1431.449s][debug][gc,phases      ] GC(170)     Total                          Min: 0, Avg:  0.0, Max: 0, Diff: 0, Sum: 0, Workers: 4
[1431.449s][debug][gc,phases      ] GC(170)   StringDedup Requests0 Weak     Min:  0.0, Avg:  0.0, Max:  0.0, Diff:  0.0, Sum:  0.0, Workers: 4
[1431.449s][debug][gc,phases      ] GC(170)     Dead                           Min: 0, Avg:  0.0, Max: 0, Diff: 0, Sum: 0, Workers: 4
[1431.449s][debug][gc,phases      ] GC(170)     Total                          Min: 0, Avg:  0.0, Max: 0, Diff: 0, Sum: 0, Workers: 4
[1431.449s][debug][gc,phases      ] GC(170)   StringDedup Requests1 Weak     Min:  0.0, Avg:  0.0, Max:  0.0, Diff:  0.0, Sum:  0.0, Workers: 4
[1431.449s][debug][gc,phases      ] GC(170)     Dead                           Min: 0, Avg:  0.0, Max: 0, Diff: 0, Sum: 0, Workers: 4
[1431.449s][debug][gc,phases      ] GC(170)     Total                          Min: 0, Avg:  0.0, Max: 0, Diff: 0, Sum: 0, Workers: 4
[1431.449s][debug][gc,phases      ] GC(170)   Weak JFR Old Object Samples    Min:  0.0, Avg:  0.0, Max:  0.0, Diff:  0.0, Sum:  0.0, Workers: 4
[1431.449s][debug][gc,phases      ] GC(170)     Dead                           Min: 0, Avg:  0.0, Max: 0, Diff: 0, Sum: 0, Workers: 4
[1431.449s][debug][gc,phases      ] GC(170)     Total                          Min: 0, Avg:  0.0, Max: 0, Diff: 0, Sum: 0, Workers: 4
[1431.449s][debug][gc,phases      ] GC(170) Weak Processing 0.374ms
[1431.449s][debug][gc,age         ] GC(170) Desired survivor size 6291456 bytes, new threshold 15 (max threshold 15)
[1431.449s][info ][gc,heap        ] GC(170) PSYoungGen: 2085888K(2089984K)->2320K(2091008K) Eden: 2083328K(2083328K)->0K(2084352K) From: 2560K(6656K)->2320K(6656K)
[1431.449s][info ][gc,heap        ] GC(170) ParOldGen: 388806K(430080K)->388830K(430080K)
[1431.449s][info ][gc,metaspace   ] GC(170) Metaspace: 85491K(86528K)->85491K(86528K) NonClass: 73131K(73664K)->73131K(73664K) Class: 12359K(12864K)->12359K(12864K)
[1431.449s][info ][gc             ] GC(170) Pause Young (Allocation Failure) 2416M->381M(2462M) 7.082ms
[1431.449s][info ][gc,cpu         ] GC(170) User=0.02s Sys=0.00s Real=0.00s
[1431.449s][info ][safepoint      ] Safepoint "ParallelGCFailedAllocation", Time since last: 203286203 ns, Reaching safepoint: 72300 ns, Cleanup: 17600 ns, At safepoint: 7154507 ns, Total: 7244407 ns
[1441.942s][info ][gc,start       ] GC(171) Pause Young (Allocation Failure)
[1441.946s][debug][gc,phases      ] GC(171) Scavenge 3.910ms
[1441.946s][debug][gc,ref         ] GC(171) Skipped phase 1 of Reference Processing: no references
[1441.946s][debug][gc,ref         ] GC(171) ReferenceProcessor::execute queues: 1, RefProcThreadModel::Single, marks_oops_alive: false
[1441.946s][debug][gc,ref         ] GC(171) Skipped phase 3 of Reference Processing: no references
[1441.946s][debug][gc,ref         ] GC(171) ReferenceProcessor::execute queues: 1, RefProcThreadModel::Single, marks_oops_alive: false
[1441.946s][debug][gc,phases      ] GC(171) Reference Processing 0.098ms
[1441.946s][debug][gc,phases      ] GC(171)   VM Weak                        Min:  0.0, Avg:  0.0, Max:  0.0, Diff:  0.0, Sum:  0.0, Workers: 4
[1441.946s][debug][gc,phases      ] GC(171)     Dead                           Min: 0, Avg:  0.0, Max: 0, Diff: 0, Sum: 0, Workers: 4
[1441.946s][debug][gc,phases      ] GC(171)     Total                          Min: 0, Avg: 216.8, Max: 448, Diff: 448, Sum: 867, Workers: 4
[1441.946s][debug][gc,phases      ] GC(171)   ObjectSynchronizer Weak        Min:  0.0, Avg:  0.0, Max:  0.0, Diff:  0.0, Sum:  0.0, Workers: 4
[1441.946s][debug][gc,phases      ] GC(171)     Dead                           Min: 0, Avg:  0.0, Max: 0, Diff: 0, Sum: 0, Workers: 4
[1441.946s][debug][gc,phases      ] GC(171)     Total                          Min: 0, Avg:  0.8, Max: 3, Diff: 3, Sum: 3, Workers: 4
[1441.946s][debug][gc,phases      ] GC(171)   JVMTI Tag Weak OopStorage      Min:  0.0, Avg:  0.0, Max:  0.0, Diff:  0.0, Sum:  0.0, Workers: 4
[1441.946s][debug][gc,phases      ] GC(171)     Dead                           Min: 0, Avg:  0.0, Max: 0, Diff: 0, Sum: 0, Workers: 4
[1441.946s][debug][gc,phases      ] GC(171)     Total                          Min: 0, Avg:  0.0, Max: 0, Diff: 0, Sum: 0, Workers: 4
[1441.946s][debug][gc,phases      ] GC(171)   StringTable Weak               Min:  0.0, Avg:  0.1, Max:  0.1, Diff:  0.1, Sum:  0.4, Workers: 4
[1441.946s][debug][gc,phases      ] GC(171)     Dead                           Min: 0, Avg:  0.0, Max: 0, Diff: 0, Sum: 0, Workers: 4
[1441.946s][debug][gc,phases      ] GC(171)     Total                          Min: 0, Avg: 11188.0, Max: 15440, Diff: 15440, Sum: 44752, Workers: 4
[1441.946s][debug][gc,phases      ] GC(171)   ResolvedMethodTable Weak       Min:  0.0, Avg:  0.0, Max:  0.0, Diff:  0.0, Sum:  0.1, Workers: 4
[1441.946s][debug][gc,phases      ] GC(171)     Dead                           Min: 0, Avg:  0.0, Max: 0, Diff: 0, Sum: 0, Workers: 4
[1441.946s][debug][gc,phases      ] GC(171)     Total                          Min: 0, Avg: 2627.0, Max: 3584, Diff: 3584, Sum: 10508, Workers: 4
[1441.946s][debug][gc,phases      ] GC(171)   JNI Weak                       Min:  0.0, Avg:  0.0, Max:  0.0, Diff:  0.0, Sum:  0.0, Workers: 4
[1441.946s][debug][gc,phases      ] GC(171)     Dead                           Min: 0, Avg:  0.0, Max: 0, Diff: 0, Sum: 0, Workers: 4
[1441.946s][debug][gc,phases      ] GC(171)     Total                          Min: 0, Avg: 11.2, Max: 45, Diff: 45, Sum: 45, Workers: 4
[1441.946s][debug][gc,phases      ] GC(171)   StringDedup Table Weak         Min:  0.0, Avg:  0.0, Max:  0.0, Diff:  0.0, Sum:  0.0, Workers: 4
[1441.946s][debug][gc,phases      ] GC(171)     Dead                           Min: 0, Avg:  0.0, Max: 0, Diff: 0, Sum: 0, Workers: 4
[1441.946s][debug][gc,phases      ] GC(171)     Total                          Min: 0, Avg:  0.0, Max: 0, Diff: 0, Sum: 0, Workers: 4
[1441.946s][debug][gc,phases      ] GC(171)   StringDedup Requests0 Weak     Min:  0.0, Avg:  0.0, Max:  0.0, Diff:  0.0, Sum:  0.0, Workers: 4
[1441.946s][debug][gc,phases      ] GC(171)     Dead                           Min: 0, Avg:  0.0, Max: 0, Diff: 0, Sum: 0, Workers: 4
[1441.946s][debug][gc,phases      ] GC(171)     Total                          Min: 0, Avg:  0.0, Max: 0, Diff: 0, Sum: 0, Workers: 4
[1441.946s][debug][gc,phases      ] GC(171)   StringDedup Requests1 Weak     Min:  0.0, Avg:  0.0, Max:  0.0, Diff:  0.0, Sum:  0.0, Workers: 4
[1441.946s][debug][gc,phases      ] GC(171)     Dead                           Min: 0, Avg:  0.0, Max: 0, Diff: 0, Sum: 0, Workers: 4
[1441.946s][debug][gc,phases      ] GC(171)     Total                          Min: 0, Avg:  0.0, Max: 0, Diff: 0, Sum: 0, Workers: 4
[1441.946s][debug][gc,phases      ] GC(171)   Weak JFR Old Object Samples    Min:  0.0, Avg:  0.0, Max:  0.0, Diff:  0.0, Sum:  0.0, Workers: 4
[1441.946s][debug][gc,phases      ] GC(171)     Dead                           Min: 0, Avg:  0.0, Max: 0, Diff: 0, Sum: 0, Workers: 4
[1441.946s][debug][gc,phases      ] GC(171)     Total                          Min: 0, Avg:  0.0, Max: 0, Diff: 0, Sum: 0, Workers: 4
[1441.946s][debug][gc,phases      ] GC(171) Weak Processing 0.345ms
[1441.946s][debug][gc,age         ] GC(171) Desired survivor size 6291456 bytes, new threshold 15 (max threshold 15)
[1441.946s][info ][gc,heap        ] GC(171) PSYoungGen: 2086672K(2091008K)->2272K(2090496K) Eden: 2084352K(2084352K)->0K(2084352K) From: 2320K(6656K)->2272K(6144K)
[1441.946s][info ][gc,heap        ] GC(171) ParOldGen: 388830K(430080K)->388830K(430080K)
[1441.946s][info ][gc,metaspace   ] GC(171) Metaspace: 85491K(86528K)->85491K(86528K) NonClass: 73131K(73664K)->73131K(73664K) Class: 12359K(12864K)->12359K(12864K)
[1441.946s][info ][gc             ] GC(171) Pause Young (Allocation Failure) 2417M->381M(2461M) 4.449ms
[1441.946s][info ][gc,cpu         ] GC(171) User=0.01s Sys=0.00s Real=0.00s
[1441.947s][info ][safepoint      ] Safepoint "ParallelGCFailedAllocation", Time since last: 10493044996 ns, Reaching safepoint: 72500 ns, Cleanup: 18700 ns, At safepoint: 4518605 ns, Total: 4609805 ns
[1447.947s][info ][safepoint      ] Safepoint "Cleanup", Time since last: 6000401865 ns, Reaching safepoint: 4700 ns, Cleanup: 53600 ns, At safepoint: 2900 ns, Total: 61200 ns
[1448.947s][info ][safepoint      ] Safepoint "Cleanup", Time since last: 1000100295 ns, Reaching safepoint: 3800 ns, Cleanup: 29000 ns, At safepoint: 2400 ns, Total: 35200 ns
[1453.044s][info ][gc,start       ] GC(172) Pause Young (Allocation Failure)
[1453.050s][debug][gc,phases      ] GC(172) Scavenge 6.372ms
[1453.050s][debug][gc,ref         ] GC(172) Skipped phase 1 of Reference Processing: no references
[1453.050s][debug][gc,ref         ] GC(172) ReferenceProcessor::execute queues: 1, RefProcThreadModel::Single, marks_oops_alive: false
[1453.050s][debug][gc,ref         ] GC(172) Skipped phase 3 of Reference Processing: no references
[1453.050s][debug][gc,ref         ] GC(172) ReferenceProcessor::execute queues: 1, RefProcThreadModel::Single, marks_oops_alive: false
[1453.050s][debug][gc,phases      ] GC(172) Reference Processing 0.131ms
[1453.051s][debug][gc,phases      ] GC(172)   VM Weak                        Min:  0.0, Avg:  0.0, Max:  0.0, Diff:  0.0, Sum:  0.0, Workers: 4
[1453.051s][debug][gc,phases      ] GC(172)     Dead                           Min: 0, Avg:  0.0, Max: 0, Diff: 0, Sum: 0, Workers: 4
[1453.051s][debug][gc,phases      ] GC(172)     Total                          Min: 0, Avg: 216.8, Max: 483, Diff: 483, Sum: 867, Workers: 4
[1453.051s][debug][gc,phases      ] GC(172)   ObjectSynchronizer Weak        Min:  0.0, Avg:  0.0, Max:  0.0, Diff:  0.0, Sum:  0.0, Workers: 4
[1453.051s][debug][gc,phases      ] GC(172)     Dead                           Min: 0, Avg:  0.0, Max: 0, Diff: 0, Sum: 0, Workers: 4
[1453.051s][debug][gc,phases      ] GC(172)     Total                          Min: 0, Avg:  1.0, Max: 4, Diff: 4, Sum: 4, Workers: 4
[1453.051s][debug][gc,phases      ] GC(172)   JVMTI Tag Weak OopStorage      Min:  0.0, Avg:  0.0, Max:  0.0, Diff:  0.0, Sum:  0.0, Workers: 4
[1453.051s][debug][gc,phases      ] GC(172)     Dead                           Min: 0, Avg:  0.0, Max: 0, Diff: 0, Sum: 0, Workers: 4
[1453.051s][debug][gc,phases      ] GC(172)     Total                          Min: 0, Avg:  0.0, Max: 0, Diff: 0, Sum: 0, Workers: 4
[1453.051s][debug][gc,phases      ] GC(172)   StringTable Weak               Min:  0.0, Avg:  0.1, Max:  0.2, Diff:  0.2, Sum:  0.4, Workers: 4
[1453.051s][debug][gc,phases      ] GC(172)     Dead                           Min: 0, Avg:  0.0, Max: 0, Diff: 0, Sum: 0, Workers: 4
[1453.051s][debug][gc,phases      ] GC(172)     Total                          Min: 0, Avg: 11190.2, Max: 22592, Diff: 22592, Sum: 44761, Workers: 4
[1453.051s][debug][gc,phases      ] GC(172)   ResolvedMethodTable Weak       Min:  0.0, Avg:  0.0, Max:  0.0, Diff:  0.0, Sum:  0.1, Workers: 4
[1453.051s][debug][gc,phases      ] GC(172)     Dead                           Min: 0, Avg:  0.0, Max: 0, Diff: 0, Sum: 0, Workers: 4
[1453.051s][debug][gc,phases      ] GC(172)     Total                          Min: 0, Avg: 2627.0, Max: 5376, Diff: 5376, Sum: 10508, Workers: 4
[1453.051s][debug][gc,phases      ] GC(172)   JNI Weak                       Min:  0.0, Avg:  0.0, Max:  0.0, Diff:  0.0, Sum:  0.0, Workers: 4
[1453.051s][debug][gc,phases      ] GC(172)     Dead                           Min: 0, Avg:  0.0, Max: 0, Diff: 0, Sum: 0, Workers: 4
[1453.051s][debug][gc,phases      ] GC(172)     Total                          Min: 0, Avg: 11.2, Max: 45, Diff: 45, Sum: 45, Workers: 4
[1453.051s][debug][gc,phases      ] GC(172)   StringDedup Table Weak         Min:  0.0, Avg:  0.0, Max:  0.0, Diff:  0.0, Sum:  0.0, Workers: 4
[1453.051s][debug][gc,phases      ] GC(172)     Dead                           Min: 0, Avg:  0.0, Max: 0, Diff: 0, Sum: 0, Workers: 4
[1453.051s][debug][gc,phases      ] GC(172)     Total                          Min: 0, Avg:  0.0, Max: 0, Diff: 0, Sum: 0, Workers: 4
[1453.051s][debug][gc,phases      ] GC(172)   StringDedup Requests0 Weak     Min:  0.0, Avg:  0.0, Max:  0.0, Diff:  0.0, Sum:  0.0, Workers: 4
[1453.051s][debug][gc,phases      ] GC(172)     Dead                           Min: 0, Avg:  0.0, Max: 0, Diff: 0, Sum: 0, Workers: 4
[1453.051s][debug][gc,phases      ] GC(172)     Total                          Min: 0, Avg:  0.0, Max: 0, Diff: 0, Sum: 0, Workers: 4
[1453.051s][debug][gc,phases      ] GC(172)   StringDedup Requests1 Weak     Min:  0.0, Avg:  0.0, Max:  0.0, Diff:  0.0, Sum:  0.0, Workers: 4
[1453.051s][debug][gc,phases      ] GC(172)     Dead                           Min: 0, Avg:  0.0, Max: 0, Diff: 0, Sum: 0, Workers: 4
[1453.051s][debug][gc,phases      ] GC(172)     Total                          Min: 0, Avg:  0.0, Max: 0, Diff: 0, Sum: 0, Workers: 4
[1453.051s][debug][gc,phases      ] GC(172)   Weak JFR Old Object Samples    Min:  0.0, Avg:  0.0, Max:  0.0, Diff:  0.0, Sum:  0.0, Workers: 4
[1453.051s][debug][gc,phases      ] GC(172)     Dead                           Min: 0, Avg:  0.0, Max: 0, Diff: 0, Sum: 0, Workers: 4
[1453.051s][debug][gc,phases      ] GC(172)     Total                          Min: 0, Avg:  0.0, Max: 0, Diff: 0, Sum: 0, Workers: 4
[1453.051s][debug][gc,phases      ] GC(172) Weak Processing 0.542ms
[1453.051s][debug][gc,age         ] GC(172) Desired survivor size 6291456 bytes, new threshold 15 (max threshold 15)
[1453.051s][info ][gc,heap        ] GC(172) PSYoungGen: 2086624K(2090496K)->4112K(2091008K) Eden: 2084352K(2084352K)->0K(2084864K) From: 2272K(6144K)->4112K(6144K)
[1453.051s][info ][gc,heap        ] GC(172) ParOldGen: 388830K(430080K)->388830K(430080K)
[1453.051s][info ][gc,metaspace   ] GC(172) Metaspace: 85497K(86528K)->85497K(86528K) NonClass: 73137K(73664K)->73137K(73664K) Class: 12359K(12864K)->12359K(12864K)
[1453.051s][info ][gc             ] GC(172) Pause Young (Allocation Failure) 2417M->383M(2462M) 7.196ms
[1453.051s][info ][gc,cpu         ] GC(172) User=0.02s Sys=0.00s Real=0.00s
[1453.051s][info ][safepoint      ] Safepoint "ParallelGCFailedAllocation", Time since last: 4096554922 ns, Reaching safepoint: 28200 ns, Cleanup: 29500 ns, At safepoint: 7279007 ns, Total: 7336707 ns
[1454.051s][info ][safepoint      ] Safepoint "Cleanup", Time since last: 1000058910 ns, Reaching safepoint: 5800 ns, Cleanup: 32700 ns, At safepoint: 2900 ns, Total: 41400 ns
[1455.051s][info ][safepoint      ] Safepoint "Cleanup", Time since last: 1000112110 ns, Reaching safepoint: 14500 ns, Cleanup: 26900 ns, At safepoint: 5500 ns, Total: 46900 ns
[1456.051s][info ][safepoint      ] Safepoint "Cleanup", Time since last: 1000110210 ns, Reaching safepoint: 4500 ns, Cleanup: 48600 ns, At safepoint: 3100 ns, Total: 56200 ns
[1458.052s][info ][safepoint      ] Safepoint "Cleanup", Time since last: 2000167314 ns, Reaching safepoint: 3500 ns, Cleanup: 33700 ns, At safepoint: 2300 ns, Total: 39500 ns
[1460.344s][info ][gc,start       ] GC(173) Pause Young (Allocation Failure)
[1460.349s][debug][gc,phases      ] GC(173) Scavenge 5.032ms
[1460.349s][debug][gc,ref         ] GC(173) Skipped phase 1 of Reference Processing: no references
[1460.349s][debug][gc,ref         ] GC(173) ReferenceProcessor::execute queues: 1, RefProcThreadModel::Single, marks_oops_alive: false
[1460.349s][debug][gc,ref         ] GC(173) Skipped phase 3 of Reference Processing: no references
[1460.349s][debug][gc,ref         ] GC(173) ReferenceProcessor::execute queues: 1, RefProcThreadModel::Single, marks_oops_alive: false
[1460.350s][debug][gc,phases      ] GC(173) Reference Processing 0.127ms
[1460.350s][debug][gc,phases      ] GC(173)   VM Weak                        Min:  0.0, Avg:  0.0, Max:  0.0, Diff:  0.0, Sum:  0.0, Workers: 4
[1460.350s][debug][gc,phases      ] GC(173)     Dead                           Min: 0, Avg:  0.0, Max: 0, Diff: 0, Sum: 0, Workers: 4
[1460.350s][debug][gc,phases      ] GC(173)     Total                          Min: 0, Avg: 217.0, Max: 768, Diff: 768, Sum: 868, Workers: 4
[1460.350s][debug][gc,phases      ] GC(173)   ObjectSynchronizer Weak        Min:  0.0, Avg:  0.0, Max:  0.0, Diff:  0.0, Sum:  0.0, Workers: 4
[1460.350s][debug][gc,phases      ] GC(173)     Dead                           Min: 0, Avg:  0.0, Max: 0, Diff: 0, Sum: 0, Workers: 4
[1460.350s][debug][gc,phases      ] GC(173)     Total                          Min: 0, Avg:  1.0, Max: 4, Diff: 4, Sum: 4, Workers: 4
[1460.350s][debug][gc,phases      ] GC(173)   JVMTI Tag Weak OopStorage      Min:  0.0, Avg:  0.0, Max:  0.0, Diff:  0.0, Sum:  0.0, Workers: 4
[1460.350s][debug][gc,phases      ] GC(173)     Dead                           Min: 0, Avg:  0.0, Max: 0, Diff: 0, Sum: 0, Workers: 4
[1460.350s][debug][gc,phases      ] GC(173)     Total                          Min: 0, Avg:  0.0, Max: 0, Diff: 0, Sum: 0, Workers: 4
[1460.350s][debug][gc,phases      ] GC(173)   StringTable Weak               Min:  0.0, Avg:  0.1, Max:  0.2, Diff:  0.2, Sum:  0.4, Workers: 4
[1460.350s][debug][gc,phases      ] GC(173)     Dead                           Min: 0, Avg:  0.0, Max: 0, Diff: 0, Sum: 0, Workers: 4
[1460.350s][debug][gc,phases      ] GC(173)     Total                          Min: 0, Avg: 11190.5, Max: 22720, Diff: 22720, Sum: 44762, Workers: 4
[1460.350s][debug][gc,phases      ] GC(173)   ResolvedMethodTable Weak       Min:  0.0, Avg:  0.0, Max:  0.0, Diff:  0.0, Sum:  0.1, Workers: 4
[1460.350s][debug][gc,phases      ] GC(173)     Dead                           Min: 0, Avg:  0.0, Max: 0, Diff: 0, Sum: 0, Workers: 4
[1460.350s][debug][gc,phases      ] GC(173)     Total                          Min: 0, Avg: 2628.0, Max: 5394, Diff: 5394, Sum: 10512, Workers: 4
[1460.350s][debug][gc,phases      ] GC(173)   JNI Weak                       Min:  0.0, Avg:  0.0, Max:  0.0, Diff:  0.0, Sum:  0.0, Workers: 4
[1460.350s][debug][gc,phases      ] GC(173)     Dead                           Min: 0, Avg:  0.0, Max: 0, Diff: 0, Sum: 0, Workers: 4
[1460.350s][debug][gc,phases      ] GC(173)     Total                          Min: 0, Avg: 11.2, Max: 45, Diff: 45, Sum: 45, Workers: 4
[1460.350s][debug][gc,phases      ] GC(173)   StringDedup Table Weak         Min:  0.0, Avg:  0.0, Max:  0.0, Diff:  0.0, Sum:  0.0, Workers: 4
[1460.350s][debug][gc,phases      ] GC(173)     Dead                           Min: 0, Avg:  0.0, Max: 0, Diff: 0, Sum: 0, Workers: 4
[1460.350s][debug][gc,phases      ] GC(173)     Total                          Min: 0, Avg:  0.0, Max: 0, Diff: 0, Sum: 0, Workers: 4
[1460.350s][debug][gc,phases      ] GC(173)   StringDedup Requests0 Weak     Min:  0.0, Avg:  0.0, Max:  0.0, Diff:  0.0, Sum:  0.0, Workers: 4
[1460.350s][debug][gc,phases      ] GC(173)     Dead                           Min: 0, Avg:  0.0, Max: 0, Diff: 0, Sum: 0, Workers: 4
[1460.350s][debug][gc,phases      ] GC(173)     Total                          Min: 0, Avg:  0.0, Max: 0, Diff: 0, Sum: 0, Workers: 4
[1460.350s][debug][gc,phases      ] GC(173)   StringDedup Requests1 Weak     Min:  0.0, Avg:  0.0, Max:  0.0, Diff:  0.0, Sum:  0.0, Workers: 4
[1460.350s][debug][gc,phases      ] GC(173)     Dead                           Min: 0, Avg:  0.0, Max: 0, Diff: 0, Sum: 0, Workers: 4
[1460.350s][debug][gc,phases      ] GC(173)     Total                          Min: 0, Avg:  0.0, Max: 0, Diff: 0, Sum: 0, Workers: 4
[1460.350s][debug][gc,phases      ] GC(173)   Weak JFR Old Object Samples    Min:  0.0, Avg:  0.0, Max:  0.0, Diff:  0.0, Sum:  0.0, Workers: 4
[1460.350s][debug][gc,phases      ] GC(173)     Dead                           Min: 0, Avg:  0.0, Max: 0, Diff: 0, Sum: 0, Workers: 4
[1460.350s][debug][gc,phases      ] GC(173)     Total                          Min: 0, Avg:  0.0, Max: 0, Diff: 0, Sum: 0, Workers: 4
[1460.350s][debug][gc,phases      ] GC(173) Weak Processing 0.519ms
[1460.350s][debug][gc,age         ] GC(173) Desired survivor size 6291456 bytes, new threshold 15 (max threshold 15)
[1460.350s][info ][gc,heap        ] GC(173) PSYoungGen: 2088976K(2091008K)->4064K(2091008K) Eden: 2084864K(2084864K)->0K(2084864K) From: 4112K(6144K)->4064K(6144K)
[1460.350s][info ][gc,heap        ] GC(173) ParOldGen: 388830K(430080K)->388854K(430080K)
[1460.350s][info ][gc,metaspace   ] GC(173) Metaspace: 85502K(86528K)->85502K(86528K) NonClass: 73140K(73664K)->73140K(73664K) Class: 12361K(12864K)->12361K(12864K)
[1460.350s][info ][gc             ] GC(173) Pause Young (Allocation Failure) 2419M->383M(2462M) 5.805ms
[1460.350s][info ][gc,cpu         ] GC(173) User=0.01s Sys=0.00s Real=0.00s
[1460.350s][info ][safepoint      ] Safepoint "ParallelGCFailedAllocation", Time since last: 2292525911 ns, Reaching safepoint: 74800 ns, Cleanup: 19200 ns, At safepoint: 5893806 ns, Total: 5987806 ns
[1464.351s][info ][safepoint      ] Safepoint "Cleanup", Time since last: 4000328957 ns, Reaching safepoint: 5400 ns, Cleanup: 40800 ns, At safepoint: 3400 ns, Total: 49600 ns
[1467.653s][info ][gc,start       ] GC(174) Pause Young (Allocation Failure)
[1467.659s][debug][gc,phases      ] GC(174) Scavenge 5.441ms
[1467.659s][debug][gc,ref         ] GC(174) Skipped phase 1 of Reference Processing: no references
[1467.659s][debug][gc,ref         ] GC(174) ReferenceProcessor::execute queues: 1, RefProcThreadModel::Single, marks_oops_alive: false
[1467.659s][debug][gc,ref         ] GC(174) Skipped phase 3 of Reference Processing: no references
[1467.659s][debug][gc,ref         ] GC(174) ReferenceProcessor::execute queues: 1, RefProcThreadModel::Single, marks_oops_alive: false
[1467.659s][debug][gc,phases      ] GC(174) Reference Processing 0.084ms
[1467.659s][debug][gc,phases      ] GC(174)   VM Weak                        Min:  0.0, Avg:  0.0, Max:  0.0, Diff:  0.0, Sum:  0.0, Workers: 4
[1467.659s][debug][gc,phases      ] GC(174)     Dead                           Min: 0, Avg:  0.0, Max: 0, Diff: 0, Sum: 0, Workers: 4
[1467.659s][debug][gc,phases      ] GC(174)     Total                          Min: 0, Avg: 217.0, Max: 868, Diff: 868, Sum: 868, Workers: 4
[1467.659s][debug][gc,phases      ] GC(174)   ObjectSynchronizer Weak        Min:  0.0, Avg:  0.0, Max:  0.0, Diff:  0.0, Sum:  0.0, Workers: 4
[1467.659s][debug][gc,phases      ] GC(174)     Dead                           Min: 0, Avg:  0.0, Max: 0, Diff: 0, Sum: 0, Workers: 4
[1467.659s][debug][gc,phases      ] GC(174)     Total                          Min: 0, Avg:  1.0, Max: 4, Diff: 4, Sum: 4, Workers: 4
[1467.659s][debug][gc,phases      ] GC(174)   JVMTI Tag Weak OopStorage      Min:  0.0, Avg:  0.0, Max:  0.0, Diff:  0.0, Sum:  0.0, Workers: 4
[1467.659s][debug][gc,phases      ] GC(174)     Dead                           Min: 0, Avg:  0.0, Max: 0, Diff: 0, Sum: 0, Workers: 4
[1467.659s][debug][gc,phases      ] GC(174)     Total                          Min: 0, Avg:  0.0, Max: 0, Diff: 0, Sum: 0, Workers: 4
[1467.659s][debug][gc,phases      ] GC(174)   StringTable Weak               Min:  0.0, Avg:  0.1, Max:  0.1, Diff:  0.1, Sum:  0.4, Workers: 4
[1467.659s][debug][gc,phases      ] GC(174)     Dead                           Min: 0, Avg:  0.0, Max: 0, Diff: 0, Sum: 0, Workers: 4
[1467.659s][debug][gc,phases      ] GC(174)     Total                          Min: 0, Avg: 11190.5, Max: 19328, Diff: 19328, Sum: 44762, Workers: 4
[1467.659s][debug][gc,phases      ] GC(174)   ResolvedMethodTable Weak       Min:  0.0, Avg:  0.0, Max:  0.0, Diff:  0.0, Sum:  0.1, Workers: 4
[1467.659s][debug][gc,phases      ] GC(174)     Dead                           Min: 0, Avg:  0.0, Max: 0, Diff: 0, Sum: 0, Workers: 4
[1467.659s][debug][gc,phases      ] GC(174)     Total                          Min: 0, Avg: 2628.0, Max: 4736, Diff: 4736, Sum: 10512, Workers: 4
[1467.659s][debug][gc,phases      ] GC(174)   JNI Weak                       Min:  0.0, Avg:  0.0, Max:  0.0, Diff:  0.0, Sum:  0.0, Workers: 4
[1467.659s][debug][gc,phases      ] GC(174)     Dead                           Min: 0, Avg:  0.0, Max: 0, Diff: 0, Sum: 0, Workers: 4
[1467.659s][debug][gc,phases      ] GC(174)     Total                          Min: 0, Avg: 11.2, Max: 45, Diff: 45, Sum: 45, Workers: 4
[1467.659s][debug][gc,phases      ] GC(174)   StringDedup Table Weak         Min:  0.0, Avg:  0.0, Max:  0.0, Diff:  0.0, Sum:  0.0, Workers: 4
[1467.659s][debug][gc,phases      ] GC(174)     Dead                           Min: 0, Avg:  0.0, Max: 0, Diff: 0, Sum: 0, Workers: 4
[1467.659s][debug][gc,phases      ] GC(174)     Total                          Min: 0, Avg:  0.0, Max: 0, Diff: 0, Sum: 0, Workers: 4
[1467.659s][debug][gc,phases      ] GC(174)   StringDedup Requests0 Weak     Min:  0.0, Avg:  0.0, Max:  0.0, Diff:  0.0, Sum:  0.0, Workers: 4
[1467.659s][debug][gc,phases      ] GC(174)     Dead                           Min: 0, Avg:  0.0, Max: 0, Diff: 0, Sum: 0, Workers: 4
[1467.659s][debug][gc,phases      ] GC(174)     Total                          Min: 0, Avg:  0.0, Max: 0, Diff: 0, Sum: 0, Workers: 4
[1467.659s][debug][gc,phases      ] GC(174)   StringDedup Requests1 Weak     Min:  0.0, Avg:  0.0, Max:  0.0, Diff:  0.0, Sum:  0.0, Workers: 4
[1467.659s][debug][gc,phases      ] GC(174)     Dead                           Min: 0, Avg:  0.0, Max: 0, Diff: 0, Sum: 0, Workers: 4
[1467.659s][debug][gc,phases      ] GC(174)     Total                          Min: 0, Avg:  0.0, Max: 0, Diff: 0, Sum: 0, Workers: 4
[1467.659s][debug][gc,phases      ] GC(174)   Weak JFR Old Object Samples    Min:  0.0, Avg:  0.0, Max:  0.0, Diff:  0.0, Sum:  0.0, Workers: 4
[1467.659s][debug][gc,phases      ] GC(174)     Dead                           Min: 0, Avg:  0.0, Max: 0, Diff: 0, Sum: 0, Workers: 4
[1467.659s][debug][gc,phases      ] GC(174)     Total                          Min: 0, Avg:  0.0, Max: 0, Diff: 0, Sum: 0, Workers: 4
[1467.659s][debug][gc,phases      ] GC(174) Weak Processing 0.327ms
[1467.659s][debug][gc,age         ] GC(174) Desired survivor size 6815744 bytes, new threshold 15 (max threshold 15)
[1467.659s][info ][gc,heap        ] GC(174) PSYoungGen: 2088928K(2091008K)->4048K(2089984K) Eden: 2084864K(2084864K)->0K(2083840K) From: 4064K(6144K)->4048K(6144K)
[1467.659s][info ][gc,heap        ] GC(174) ParOldGen: 388854K(430080K)->388878K(430080K)
[1467.659s][info ][gc,metaspace   ] GC(174) Metaspace: 85506K(86528K)->85506K(86528K) NonClass: 73144K(73664K)->73144K(73664K) Class: 12361K(12864K)->12361K(12864K)
[1467.659s][info ][gc             ] GC(174) Pause Young (Allocation Failure) 2419M->383M(2461M) 5.950ms
[1467.659s][info ][gc,cpu         ] GC(174) User=0.01s Sys=0.01s Real=0.00s
[1467.659s][info ][safepoint      ] Safepoint "ParallelGCFailedAllocation", Time since last: 3302683753 ns, Reaching safepoint: 13400 ns, Cleanup: 29700 ns, At safepoint: 6018907 ns, Total: 6062007 ns
[1475.088s][info ][gc,start       ] GC(175) Pause Young (Allocation Failure)
[1475.092s][debug][gc,phases      ] GC(175) Scavenge 3.977ms
[1475.092s][debug][gc,ref         ] GC(175) Skipped phase 1 of Reference Processing: no references
[1475.092s][debug][gc,ref         ] GC(175) ReferenceProcessor::execute queues: 1, RefProcThreadModel::Single, marks_oops_alive: false
[1475.092s][debug][gc,ref         ] GC(175) Skipped phase 3 of Reference Processing: no references
[1475.092s][debug][gc,ref         ] GC(175) ReferenceProcessor::execute queues: 1, RefProcThreadModel::Single, marks_oops_alive: false
[1475.092s][debug][gc,phases      ] GC(175) Reference Processing 0.094ms
[1475.093s][debug][gc,phases      ] GC(175)   VM Weak                        Min:  0.0, Avg:  0.0, Max:  0.0, Diff:  0.0, Sum:  0.0, Workers: 4
[1475.093s][debug][gc,phases      ] GC(175)     Dead                           Min: 0, Avg:  0.0, Max: 0, Diff: 0, Sum: 0, Workers: 4
[1475.093s][debug][gc,phases      ] GC(175)     Total                          Min: 0, Avg: 217.0, Max: 804, Diff: 804, Sum: 868, Workers: 4
[1475.093s][debug][gc,phases      ] GC(175)   ObjectSynchronizer Weak        Min:  0.0, Avg:  0.0, Max:  0.0, Diff:  0.0, Sum:  0.0, Workers: 4
[1475.093s][debug][gc,phases      ] GC(175)     Dead                           Min: 0, Avg:  0.0, Max: 0, Diff: 0, Sum: 0, Workers: 4
[1475.093s][debug][gc,phases      ] GC(175)     Total                          Min: 0, Avg:  1.0, Max: 4, Diff: 4, Sum: 4, Workers: 4
[1475.093s][debug][gc,phases      ] GC(175)   JVMTI Tag Weak OopStorage      Min:  0.0, Avg:  0.0, Max:  0.0, Diff:  0.0, Sum:  0.0, Workers: 4
[1475.093s][debug][gc,phases      ] GC(175)     Dead                           Min: 0, Avg:  0.0, Max: 0, Diff: 0, Sum: 0, Workers: 4
[1475.093s][debug][gc,phases      ] GC(175)     Total                          Min: 0, Avg:  0.0, Max: 0, Diff: 0, Sum: 0, Workers: 4
[1475.093s][debug][gc,phases      ] GC(175)   StringTable Weak               Min:  0.0, Avg:  0.1, Max:  0.1, Diff:  0.1, Sum:  0.4, Workers: 4
[1475.093s][debug][gc,phases      ] GC(175)     Dead                           Min: 0, Avg:  0.0, Max: 0, Diff: 0, Sum: 0, Workers: 4
[1475.093s][debug][gc,phases      ] GC(175)     Total                          Min: 0, Avg: 11190.5, Max: 16384, Diff: 16384, Sum: 44762, Workers: 4
[1475.093s][debug][gc,phases      ] GC(175)   ResolvedMethodTable Weak       Min:  0.0, Avg:  0.0, Max:  0.0, Diff:  0.0, Sum:  0.1, Workers: 4
[1475.093s][debug][gc,phases      ] GC(175)     Dead                           Min: 0, Avg:  0.0, Max: 0, Diff: 0, Sum: 0, Workers: 4
[1475.093s][debug][gc,phases      ] GC(175)     Total                          Min: 0, Avg: 2628.0, Max: 4672, Diff: 4672, Sum: 10512, Workers: 4
[1475.093s][debug][gc,phases      ] GC(175)   JNI Weak                       Min:  0.0, Avg:  0.0, Max:  0.0, Diff:  0.0, Sum:  0.0, Workers: 4
[1475.093s][debug][gc,phases      ] GC(175)     Dead                           Min: 0, Avg:  0.0, Max: 0, Diff: 0, Sum: 0, Workers: 4
[1475.093s][debug][gc,phases      ] GC(175)     Total                          Min: 0, Avg: 11.2, Max: 45, Diff: 45, Sum: 45, Workers: 4
[1475.093s][debug][gc,phases      ] GC(175)   StringDedup Table Weak         Min:  0.0, Avg:  0.0, Max:  0.0, Diff:  0.0, Sum:  0.0, Workers: 4
[1475.093s][debug][gc,phases      ] GC(175)     Dead                           Min: 0, Avg:  0.0, Max: 0, Diff: 0, Sum: 0, Workers: 4
[1475.093s][debug][gc,phases      ] GC(175)     Total                          Min: 0, Avg:  0.0, Max: 0, Diff: 0, Sum: 0, Workers: 4
[1475.093s][debug][gc,phases      ] GC(175)   StringDedup Requests0 Weak     Min:  0.0, Avg:  0.0, Max:  0.0, Diff:  0.0, Sum:  0.0, Workers: 4
[1475.093s][debug][gc,phases      ] GC(175)     Dead                           Min: 0, Avg:  0.0, Max: 0, Diff: 0, Sum: 0, Workers: 4
[1475.093s][debug][gc,phases      ] GC(175)     Total                          Min: 0, Avg:  0.0, Max: 0, Diff: 0, Sum: 0, Workers: 4
[1475.093s][debug][gc,phases      ] GC(175)   StringDedup Requests1 Weak     Min:  0.0, Avg:  0.0, Max:  0.0, Diff:  0.0, Sum:  0.0, Workers: 4
[1475.093s][debug][gc,phases      ] GC(175)     Dead                           Min: 0, Avg:  0.0, Max: 0, Diff: 0, Sum: 0, Workers: 4
[1475.093s][debug][gc,phases      ] GC(175)     Total                          Min: 0, Avg:  0.0, Max: 0, Diff: 0, Sum: 0, Workers: 4
[1475.093s][debug][gc,phases      ] GC(175)   Weak JFR Old Object Samples    Min:  0.0, Avg:  0.0, Max:  0.0, Diff:  0.0, Sum:  0.0, Workers: 4
[1475.093s][debug][gc,phases      ] GC(175)     Dead                           Min: 0, Avg:  0.0, Max: 0, Diff: 0, Sum: 0, Workers: 4
[1475.093s][debug][gc,phases      ] GC(175)     Total                          Min: 0, Avg:  0.0, Max: 0, Diff: 0, Sum: 0, Workers: 4
[1475.093s][debug][gc,phases      ] GC(175) Weak Processing 0.341ms
[1475.093s][debug][gc,age         ] GC(175) Desired survivor size 6815744 bytes, new threshold 15 (max threshold 15)
[1475.093s][info ][gc,heap        ] GC(175) PSYoungGen: 2087888K(2089984K)->4064K(2090496K) Eden: 2083840K(2083840K)->0K(2083840K) From: 4048K(6144K)->4064K(6656K)
[1475.093s][info ][gc,heap        ] GC(175) ParOldGen: 388878K(430080K)->388910K(430080K)
[1475.093s][info ][gc,metaspace   ] GC(175) Metaspace: 85506K(86528K)->85506K(86528K) NonClass: 73144K(73664K)->73144K(73664K) Class: 12361K(12864K)->12361K(12864K)
[1475.093s][info ][gc             ] GC(175) Pause Young (Allocation Failure) 2418M->383M(2461M) 4.512ms
[1475.093s][info ][gc,cpu         ] GC(175) User=0.01s Sys=0.00s Real=0.00s
[1475.093s][info ][safepoint      ] Safepoint "ParallelGCFailedAllocation", Time since last: 7428950138 ns, Reaching safepoint: 4300 ns, Cleanup: 25400 ns, At safepoint: 4574805 ns, Total: 4604505 ns
[1477.093s][info ][safepoint      ] Safepoint "Cleanup", Time since last: 2000140174 ns, Reaching safepoint: 74200 ns, Cleanup: 46300 ns, At safepoint: 5200 ns, Total: 125700 ns
[1479.093s][info ][safepoint      ] Safepoint "Cleanup", Time since last: 2000174574 ns, Reaching safepoint: 5200 ns, Cleanup: 38600 ns, At safepoint: 5100 ns, Total: 48900 ns
[1482.396s][info ][gc,start       ] GC(176) Pause Young (Allocation Failure)
[1482.400s][debug][gc,phases      ] GC(176) Scavenge 3.912ms
[1482.400s][debug][gc,ref         ] GC(176) Skipped phase 1 of Reference Processing: no references
[1482.400s][debug][gc,ref         ] GC(176) ReferenceProcessor::execute queues: 1, RefProcThreadModel::Single, marks_oops_alive: false
[1482.400s][debug][gc,ref         ] GC(176) Skipped phase 3 of Reference Processing: no references
[1482.400s][debug][gc,ref         ] GC(176) ReferenceProcessor::execute queues: 1, RefProcThreadModel::Single, marks_oops_alive: false
[1482.400s][debug][gc,phases      ] GC(176) Reference Processing 0.122ms
[1482.400s][debug][gc,phases      ] GC(176)   VM Weak                        Min:  0.0, Avg:  0.0, Max:  0.0, Diff:  0.0, Sum:  0.0, Workers: 4
[1482.400s][debug][gc,phases      ] GC(176)     Dead                           Min: 0, Avg:  0.0, Max: 0, Diff: 0, Sum: 0, Workers: 4
[1482.400s][debug][gc,phases      ] GC(176)     Total                          Min: 0, Avg: 217.0, Max: 676, Diff: 676, Sum: 868, Workers: 4
[1482.400s][debug][gc,phases      ] GC(176)   ObjectSynchronizer Weak        Min:  0.0, Avg:  0.0, Max:  0.0, Diff:  0.0, Sum:  0.0, Workers: 4
[1482.400s][debug][gc,phases      ] GC(176)     Dead                           Min: 0, Avg:  0.0, Max: 0, Diff: 0, Sum: 0, Workers: 4
[1482.400s][debug][gc,phases      ] GC(176)     Total                          Min: 0, Avg:  1.0, Max: 4, Diff: 4, Sum: 4, Workers: 4
[1482.400s][debug][gc,phases      ] GC(176)   JVMTI Tag Weak OopStorage      Min:  0.0, Avg:  0.0, Max:  0.0, Diff:  0.0, Sum:  0.0, Workers: 4
[1482.400s][debug][gc,phases      ] GC(176)     Dead                           Min: 0, Avg:  0.0, Max: 0, Diff: 0, Sum: 0, Workers: 4
[1482.400s][debug][gc,phases      ] GC(176)     Total                          Min: 0, Avg:  0.0, Max: 0, Diff: 0, Sum: 0, Workers: 4
[1482.400s][debug][gc,phases      ] GC(176)   StringTable Weak               Min:  0.0, Avg:  0.1, Max:  0.2, Diff:  0.2, Sum:  0.4, Workers: 4
[1482.400s][debug][gc,phases      ] GC(176)     Dead                           Min: 0, Avg:  0.0, Max: 0, Diff: 0, Sum: 0, Workers: 4
[1482.400s][debug][gc,phases      ] GC(176)     Total                          Min: 0, Avg: 11190.5, Max: 22618, Diff: 22618, Sum: 44762, Workers: 4
[1482.400s][debug][gc,phases      ] GC(176)   ResolvedMethodTable Weak       Min:  0.0, Avg:  0.0, Max:  0.1, Diff:  0.1, Sum:  0.2, Workers: 4
[1482.400s][debug][gc,phases      ] GC(176)     Dead                           Min: 0, Avg:  0.0, Max: 0, Diff: 0, Sum: 0, Workers: 4
[1482.401s][debug][gc,phases      ] GC(176)     Total                          Min: 0, Avg: 2628.0, Max: 8446, Diff: 8446, Sum: 10512, Workers: 4
[1482.401s][debug][gc,phases      ] GC(176)   JNI Weak                       Min:  0.0, Avg:  0.0, Max:  0.0, Diff:  0.0, Sum:  0.0, Workers: 4
[1482.401s][debug][gc,phases      ] GC(176)     Dead                           Min: 0, Avg:  0.0, Max: 0, Diff: 0, Sum: 0, Workers: 4
[1482.401s][debug][gc,phases      ] GC(176)     Total                          Min: 0, Avg: 11.2, Max: 45, Diff: 45, Sum: 45, Workers: 4
[1482.401s][debug][gc,phases      ] GC(176)   StringDedup Table Weak         Min:  0.0, Avg:  0.0, Max:  0.0, Diff:  0.0, Sum:  0.0, Workers: 4
[1482.401s][debug][gc,phases      ] GC(176)     Dead                           Min: 0, Avg:  0.0, Max: 0, Diff: 0, Sum: 0, Workers: 4
[1482.401s][debug][gc,phases      ] GC(176)     Total                          Min: 0, Avg:  0.0, Max: 0, Diff: 0, Sum: 0, Workers: 4
[1482.401s][debug][gc,phases      ] GC(176)   StringDedup Requests0 Weak     Min:  0.0, Avg:  0.0, Max:  0.0, Diff:  0.0, Sum:  0.0, Workers: 4
[1482.401s][debug][gc,phases      ] GC(176)     Dead                           Min: 0, Avg:  0.0, Max: 0, Diff: 0, Sum: 0, Workers: 4
[1482.401s][debug][gc,phases      ] GC(176)     Total                          Min: 0, Avg:  0.0, Max: 0, Diff: 0, Sum: 0, Workers: 4
[1482.401s][debug][gc,phases      ] GC(176)   StringDedup Requests1 Weak     Min:  0.0, Avg:  0.0, Max:  0.0, Diff:  0.0, Sum:  0.0, Workers: 4
[1482.401s][debug][gc,phases      ] GC(176)     Dead                           Min: 0, Avg:  0.0, Max: 0, Diff: 0, Sum: 0, Workers: 4
[1482.401s][debug][gc,phases      ] GC(176)     Total                          Min: 0, Avg:  0.0, Max: 0, Diff: 0, Sum: 0, Workers: 4
[1482.401s][debug][gc,phases      ] GC(176)   Weak JFR Old Object Samples    Min:  0.0, Avg:  0.0, Max:  0.0, Diff:  0.0, Sum:  0.0, Workers: 4
[1482.401s][debug][gc,phases      ] GC(176)     Dead                           Min: 0, Avg:  0.0, Max: 0, Diff: 0, Sum: 0, Workers: 4
[1482.401s][debug][gc,phases      ] GC(176)     Total                          Min: 0, Avg:  0.0, Max: 0, Diff: 0, Sum: 0, Workers: 4
[1482.401s][debug][gc,phases      ] GC(176) Weak Processing 0.515ms
[1482.401s][debug][gc,age         ] GC(176) Desired survivor size 6815744 bytes, new threshold 15 (max threshold 15)
[1482.401s][info ][gc,heap        ] GC(176) PSYoungGen: 2087904K(2090496K)->3984K(2090496K) Eden: 2083840K(2083840K)->0K(2083840K) From: 4064K(6656K)->3984K(6656K)
[1482.401s][info ][gc,heap        ] GC(176) ParOldGen: 388910K(430080K)->389010K(430080K)
[1482.401s][info ][gc,metaspace   ] GC(176) Metaspace: 85507K(86528K)->85507K(86528K) NonClass: 73145K(73664K)->73145K(73664K) Class: 12361K(12864K)->12361K(12864K)
[1482.401s][info ][gc             ] GC(176) Pause Young (Allocation Failure) 2418M->383M(2461M) 4.688ms
[1482.401s][info ][gc,cpu         ] GC(176) User=0.01s Sys=0.00s Real=0.00s
[1482.401s][info ][safepoint      ] Safepoint "ParallelGCFailedAllocation", Time since last: 3302506192 ns, Reaching safepoint: 73700 ns, Cleanup: 19200 ns, At safepoint: 4786204 ns, Total: 4879104 ns
[1488.401s][info ][safepoint      ] Safepoint "Cleanup", Time since last: 6000437532 ns, Reaching safepoint: 4000 ns, Cleanup: 54900 ns, At safepoint: 4200 ns, Total: 63100 ns
[1489.401s][info ][safepoint      ] Safepoint "Cleanup", Time since last: 1000104638 ns, Reaching safepoint: 4500 ns, Cleanup: 36400 ns, At safepoint: 2700 ns, Total: 43600 ns
[1489.845s][info ][gc,start       ] GC(177) Pause Young (Allocation Failure)
[1489.851s][debug][gc,phases      ] GC(177) Scavenge 5.374ms
[1489.851s][debug][gc,ref         ] GC(177) Skipped phase 1 of Reference Processing: no references
[1489.851s][debug][gc,ref         ] GC(177) Skipped phase 2 of Reference Processing: no references
[1489.851s][debug][gc,ref         ] GC(177) Skipped phase 3 of Reference Processing: no references
[1489.851s][debug][gc,ref         ] GC(177) ReferenceProcessor::execute queues: 1, RefProcThreadModel::Single, marks_oops_alive: false
[1489.851s][debug][gc,phases      ] GC(177) Reference Processing 0.089ms
[1489.851s][debug][gc,phases      ] GC(177)   VM Weak                        Min:  0.0, Avg:  0.0, Max:  0.0, Diff:  0.0, Sum:  0.0, Workers: 4
[1489.851s][debug][gc,phases      ] GC(177)     Dead                           Min: 0, Avg:  0.0, Max: 0, Diff: 0, Sum: 0, Workers: 4
[1489.851s][debug][gc,phases      ] GC(177)     Total                          Min: 0, Avg: 217.0, Max: 448, Diff: 448, Sum: 868, Workers: 4
[1489.851s][debug][gc,phases      ] GC(177)   ObjectSynchronizer Weak        Min:  0.0, Avg:  0.0, Max:  0.0, Diff:  0.0, Sum:  0.0, Workers: 4
[1489.851s][debug][gc,phases      ] GC(177)     Dead                           Min: 0, Avg:  0.0, Max: 0, Diff: 0, Sum: 0, Workers: 4
[1489.851s][debug][gc,phases      ] GC(177)     Total                          Min: 0, Avg:  1.0, Max: 4, Diff: 4, Sum: 4, Workers: 4
[1489.851s][debug][gc,phases      ] GC(177)   JVMTI Tag Weak OopStorage      Min:  0.0, Avg:  0.0, Max:  0.0, Diff:  0.0, Sum:  0.0, Workers: 4
[1489.851s][debug][gc,phases      ] GC(177)     Dead                           Min: 0, Avg:  0.0, Max: 0, Diff: 0, Sum: 0, Workers: 4
[1489.851s][debug][gc,phases      ] GC(177)     Total                          Min: 0, Avg:  0.0, Max: 0, Diff: 0, Sum: 0, Workers: 4
[1489.851s][debug][gc,phases      ] GC(177)   StringTable Weak               Min:  0.0, Avg:  0.1, Max:  0.1, Diff:  0.1, Sum:  0.4, Workers: 4
[1489.851s][debug][gc,phases      ] GC(177)     Dead                           Min: 0, Avg:  0.0, Max: 0, Diff: 0, Sum: 0, Workers: 4
[1489.851s][debug][gc,phases      ] GC(177)     Total                          Min: 0, Avg: 11190.5, Max: 15130, Diff: 15130, Sum: 44762, Workers: 4
[1489.851s][debug][gc,phases      ] GC(177)   ResolvedMethodTable Weak       Min:  0.0, Avg:  0.0, Max:  0.0, Diff:  0.0, Sum:  0.1, Workers: 4
[1489.851s][debug][gc,phases      ] GC(177)     Dead                           Min: 0, Avg:  0.0, Max: 0, Diff: 0, Sum: 0, Workers: 4
[1489.851s][debug][gc,phases      ] GC(177)     Total                          Min: 0, Avg: 2628.0, Max: 3648, Diff: 3648, Sum: 10512, Workers: 4
[1489.851s][debug][gc,phases      ] GC(177)   JNI Weak                       Min:  0.0, Avg:  0.0, Max:  0.0, Diff:  0.0, Sum:  0.0, Workers: 4
[1489.851s][debug][gc,phases      ] GC(177)     Dead                           Min: 0, Avg:  0.0, Max: 0, Diff: 0, Sum: 0, Workers: 4
[1489.851s][debug][gc,phases      ] GC(177)     Total                          Min: 0, Avg: 11.2, Max: 45, Diff: 45, Sum: 45, Workers: 4
[1489.851s][debug][gc,phases      ] GC(177)   StringDedup Table Weak         Min:  0.0, Avg:  0.0, Max:  0.0, Diff:  0.0, Sum:  0.0, Workers: 4
[1489.851s][debug][gc,phases      ] GC(177)     Dead                           Min: 0, Avg:  0.0, Max: 0, Diff: 0, Sum: 0, Workers: 4
[1489.851s][debug][gc,phases      ] GC(177)     Total                          Min: 0, Avg:  0.0, Max: 0, Diff: 0, Sum: 0, Workers: 4
[1489.851s][debug][gc,phases      ] GC(177)   StringDedup Requests0 Weak     Min:  0.0, Avg:  0.0, Max:  0.0, Diff:  0.0, Sum:  0.0, Workers: 4
[1489.851s][debug][gc,phases      ] GC(177)     Dead                           Min: 0, Avg:  0.0, Max: 0, Diff: 0, Sum: 0, Workers: 4
[1489.851s][debug][gc,phases      ] GC(177)     Total                          Min: 0, Avg:  0.0, Max: 0, Diff: 0, Sum: 0, Workers: 4
[1489.851s][debug][gc,phases      ] GC(177)   StringDedup Requests1 Weak     Min:  0.0, Avg:  0.0, Max:  0.0, Diff:  0.0, Sum:  0.0, Workers: 4
[1489.851s][debug][gc,phases      ] GC(177)     Dead                           Min: 0, Avg:  0.0, Max: 0, Diff: 0, Sum: 0, Workers: 4
[1489.851s][debug][gc,phases      ] GC(177)     Total                          Min: 0, Avg:  0.0, Max: 0, Diff: 0, Sum: 0, Workers: 4
[1489.851s][debug][gc,phases      ] GC(177)   Weak JFR Old Object Samples    Min:  0.0, Avg:  0.0, Max:  0.0, Diff:  0.0, Sum:  0.0, Workers: 4
[1489.851s][debug][gc,phases      ] GC(177)     Dead                           Min: 0, Avg:  0.0, Max: 0, Diff: 0, Sum: 0, Workers: 4
[1489.851s][debug][gc,phases      ] GC(177)     Total                          Min: 0, Avg:  0.0, Max: 0, Diff: 0, Sum: 0, Workers: 4
[1489.851s][debug][gc,phases      ] GC(177) Weak Processing 0.338ms
[1489.851s][debug][gc,age         ] GC(177) Desired survivor size 6291456 bytes, new threshold 15 (max threshold 15)
[1489.851s][info ][gc,heap        ] GC(177) PSYoungGen: 2087824K(2090496K)->3584K(2090496K) Eden: 2083840K(2083840K)->0K(2083840K) From: 3984K(6656K)->3584K(6656K)
[1489.851s][info ][gc,heap        ] GC(177) ParOldGen: 389010K(430080K)->389462K(430080K)
[1489.851s][info ][gc,metaspace   ] GC(177) Metaspace: 85509K(86528K)->85509K(86528K) NonClass: 73147K(73664K)->73147K(73664K) Class: 12361K(12864K)->12361K(12864K)
[1489.851s][info ][gc             ] GC(177) Pause Young (Allocation Failure) 2418M->383M(2461M) 5.912ms
[1489.851s][info ][gc,cpu         ] GC(177) User=0.01s Sys=0.00s Real=0.00s
[1489.851s][info ][safepoint      ] Safepoint "ParallelGCFailedAllocation", Time since last: 443643973 ns, Reaching safepoint: 77600 ns, Cleanup: 30500 ns, At safepoint: 5985705 ns, Total: 6093805 ns
[1491.851s][info ][safepoint      ] Safepoint "Cleanup", Time since last: 2000149461 ns, Reaching safepoint: 3800 ns, Cleanup: 42100 ns, At safepoint: 4700 ns, Total: 50600 ns
[1492.851s][info ][safepoint      ] Safepoint "Cleanup", Time since last: 1000059135 ns, Reaching safepoint: 4200 ns, Cleanup: 40300 ns, At safepoint: 3600 ns, Total: 48100 ns
[1497.344s][info ][gc,start       ] GC(178) Pause Young (Allocation Failure)
[1497.349s][debug][gc,phases      ] GC(178) Scavenge 4.442ms
[1497.349s][debug][gc,ref         ] GC(178) Skipped phase 1 of Reference Processing: no references
[1497.349s][debug][gc,ref         ] GC(178) Skipped phase 2 of Reference Processing: no references
[1497.349s][debug][gc,ref         ] GC(178) Skipped phase 3 of Reference Processing: no references
[1497.349s][debug][gc,ref         ] GC(178) Skipped phase 4 of Reference Processing: no references
[1497.349s][debug][gc,phases      ] GC(178) Reference Processing 0.021ms
[1497.349s][debug][gc,phases      ] GC(178)   VM Weak                        Min:  0.0, Avg:  0.0, Max:  0.0, Diff:  0.0, Sum:  0.0, Workers: 4
[1497.349s][debug][gc,phases      ] GC(178)     Dead                           Min: 0, Avg:  0.0, Max: 0, Diff: 0, Sum: 0, Workers: 4
[1497.349s][debug][gc,phases      ] GC(178)     Total                          Min: 0, Avg: 217.0, Max: 832, Diff: 832, Sum: 868, Workers: 4
[1497.349s][debug][gc,phases      ] GC(178)   ObjectSynchronizer Weak        Min:  0.0, Avg:  0.0, Max:  0.0, Diff:  0.0, Sum:  0.0, Workers: 4
[1497.349s][debug][gc,phases      ] GC(178)     Dead                           Min: 0, Avg:  0.0, Max: 0, Diff: 0, Sum: 0, Workers: 4
[1497.349s][debug][gc,phases      ] GC(178)     Total                          Min: 0, Avg:  1.0, Max: 4, Diff: 4, Sum: 4, Workers: 4
[1497.349s][debug][gc,phases      ] GC(178)   JVMTI Tag Weak OopStorage      Min:  0.0, Avg:  0.0, Max:  0.0, Diff:  0.0, Sum:  0.0, Workers: 4
[1497.349s][debug][gc,phases      ] GC(178)     Dead                           Min: 0, Avg:  0.0, Max: 0, Diff: 0, Sum: 0, Workers: 4
[1497.349s][debug][gc,phases      ] GC(178)     Total                          Min: 0, Avg:  0.0, Max: 0, Diff: 0, Sum: 0, Workers: 4
[1497.349s][debug][gc,phases      ] GC(178)   StringTable Weak               Min:  0.0, Avg:  0.1, Max:  0.1, Diff:  0.1, Sum:  0.4, Workers: 4
[1497.349s][debug][gc,phases      ] GC(178)     Dead                           Min: 0, Avg:  0.0, Max: 0, Diff: 0, Sum: 0, Workers: 4
[1497.349s][debug][gc,phases      ] GC(178)     Total                          Min: 0, Avg: 11190.5, Max: 15232, Diff: 15232, Sum: 44762, Workers: 4
[1497.349s][debug][gc,phases      ] GC(178)   ResolvedMethodTable Weak       Min:  0.0, Avg:  0.0, Max:  0.0, Diff:  0.0, Sum:  0.1, Workers: 4
[1497.349s][debug][gc,phases      ] GC(178)     Dead                           Min: 0, Avg:  0.0, Max: 0, Diff: 0, Sum: 0, Workers: 4
[1497.349s][debug][gc,phases      ] GC(178)     Total                          Min: 0, Avg: 2628.0, Max: 3584, Diff: 3584, Sum: 10512, Workers: 4
[1497.349s][debug][gc,phases      ] GC(178)   JNI Weak                       Min:  0.0, Avg:  0.0, Max:  0.0, Diff:  0.0, Sum:  0.0, Workers: 4
[1497.349s][debug][gc,phases      ] GC(178)     Dead                           Min: 0, Avg:  0.0, Max: 0, Diff: 0, Sum: 0, Workers: 4
[1497.349s][debug][gc,phases      ] GC(178)     Total                          Min: 0, Avg: 11.2, Max: 45, Diff: 45, Sum: 45, Workers: 4
[1497.349s][debug][gc,phases      ] GC(178)   StringDedup Table Weak         Min:  0.0, Avg:  0.0, Max:  0.0, Diff:  0.0, Sum:  0.0, Workers: 4
[1497.349s][debug][gc,phases      ] GC(178)     Dead                           Min: 0, Avg:  0.0, Max: 0, Diff: 0, Sum: 0, Workers: 4
[1497.349s][debug][gc,phases      ] GC(178)     Total                          Min: 0, Avg:  0.0, Max: 0, Diff: 0, Sum: 0, Workers: 4
[1497.349s][debug][gc,phases      ] GC(178)   StringDedup Requests0 Weak     Min:  0.0, Avg:  0.0, Max:  0.0, Diff:  0.0, Sum:  0.0, Workers: 4
[1497.349s][debug][gc,phases      ] GC(178)     Dead                           Min: 0, Avg:  0.0, Max: 0, Diff: 0, Sum: 0, Workers: 4
[1497.349s][debug][gc,phases      ] GC(178)     Total                          Min: 0, Avg:  0.0, Max: 0, Diff: 0, Sum: 0, Workers: 4
[1497.349s][debug][gc,phases      ] GC(178)   StringDedup Requests1 Weak     Min:  0.0, Avg:  0.0, Max:  0.0, Diff:  0.0, Sum:  0.0, Workers: 4
[1497.349s][debug][gc,phases      ] GC(178)     Dead                           Min: 0, Avg:  0.0, Max: 0, Diff: 0, Sum: 0, Workers: 4
[1497.349s][debug][gc,phases      ] GC(178)     Total                          Min: 0, Avg:  0.0, Max: 0, Diff: 0, Sum: 0, Workers: 4
[1497.349s][debug][gc,phases      ] GC(178)   Weak JFR Old Object Samples    Min:  0.0, Avg:  0.0, Max:  0.0, Diff:  0.0, Sum:  0.0, Workers: 4
[1497.349s][debug][gc,phases      ] GC(178)     Dead                           Min: 0, Avg:  0.0, Max: 0, Diff: 0, Sum: 0, Workers: 4
[1497.349s][debug][gc,phases      ] GC(178)     Total                          Min: 0, Avg:  0.0, Max: 0, Diff: 0, Sum: 0, Workers: 4
[1497.349s][debug][gc,phases      ] GC(178) Weak Processing 0.341ms
[1497.349s][debug][gc,age         ] GC(178) Desired survivor size 6291456 bytes, new threshold 15 (max threshold 15)
[1497.349s][info ][gc,heap        ] GC(178) PSYoungGen: 2087424K(2090496K)->3584K(2091008K) Eden: 2083840K(2083840K)->0K(2084864K) From: 3584K(6656K)->3584K(6144K)
[1497.349s][info ][gc,heap        ] GC(178) ParOldGen: 389462K(430080K)->389494K(430080K)
[1497.349s][info ][gc,metaspace   ] GC(178) Metaspace: 85509K(86528K)->85509K(86528K) NonClass: 73147K(73664K)->73147K(73664K) Class: 12361K(12864K)->12361K(12864K)
[1497.349s][info ][gc             ] GC(178) Pause Young (Allocation Failure) 2418M->383M(2462M) 4.916ms
[1497.349s][info ][gc,cpu         ] GC(178) User=0.01s Sys=0.00s Real=0.00s
[1497.349s][info ][safepoint      ] Safepoint "ParallelGCFailedAllocation", Time since last: 4492516202 ns, Reaching safepoint: 74900 ns, Cleanup: 19500 ns, At safepoint: 4990705 ns, Total: 5085105 ns
[1501.414s][info ][safepoint      ] Safepoint "Cleanup", Time since last: 4064890035 ns, Reaching safepoint: 4300 ns, Cleanup: 40500 ns, At safepoint: 2100 ns, Total: 46900 ns
[1505.892s][info ][gc,start       ] GC(179) Pause Young (Allocation Failure)
[1505.898s][debug][gc,phases      ] GC(179) Scavenge 5.526ms
[1505.898s][debug][gc,ref         ] GC(179) Skipped phase 1 of Reference Processing: no references
[1505.898s][debug][gc,ref         ] GC(179) Skipped phase 2 of Reference Processing: no references
[1505.898s][debug][gc,ref         ] GC(179) Skipped phase 3 of Reference Processing: no references
[1505.898s][debug][gc,ref         ] GC(179) Skipped phase 4 of Reference Processing: no references
[1505.898s][debug][gc,phases      ] GC(179) Reference Processing 0.020ms
[1505.898s][debug][gc,phases      ] GC(179)   VM Weak                        Min:  0.0, Avg:  0.0, Max:  0.0, Diff:  0.0, Sum:  0.0, Workers: 4
[1505.898s][debug][gc,phases      ] GC(179)     Dead                           Min: 0, Avg:  0.0, Max: 0, Diff: 0, Sum: 0, Workers: 4
[1505.898s][debug][gc,phases      ] GC(179)     Total                          Min: 0, Avg: 217.0, Max: 640, Diff: 640, Sum: 868, Workers: 4
[1505.898s][debug][gc,phases      ] GC(179)   ObjectSynchronizer Weak        Min:  0.0, Avg:  0.0, Max:  0.0, Diff:  0.0, Sum:  0.0, Workers: 4
[1505.898s][debug][gc,phases      ] GC(179)     Dead                           Min: 0, Avg:  0.0, Max: 0, Diff: 0, Sum: 0, Workers: 4
[1505.898s][debug][gc,phases      ] GC(179)     Total                          Min: 0, Avg:  1.0, Max: 4, Diff: 4, Sum: 4, Workers: 4
[1505.898s][debug][gc,phases      ] GC(179)   JVMTI Tag Weak OopStorage      Min:  0.0, Avg:  0.0, Max:  0.0, Diff:  0.0, Sum:  0.0, Workers: 4
[1505.898s][debug][gc,phases      ] GC(179)     Dead                           Min: 0, Avg:  0.0, Max: 0, Diff: 0, Sum: 0, Workers: 4
[1505.898s][debug][gc,phases      ] GC(179)     Total                          Min: 0, Avg:  0.0, Max: 0, Diff: 0, Sum: 0, Workers: 4
[1505.898s][debug][gc,phases      ] GC(179)   StringTable Weak               Min:  0.0, Avg:  0.1, Max:  0.2, Diff:  0.2, Sum:  0.3, Workers: 4
[1505.898s][debug][gc,phases      ] GC(179)     Dead                           Min: 0, Avg:  0.0, Max: 0, Diff: 0, Sum: 0, Workers: 4
[1505.898s][debug][gc,phases      ] GC(179)     Total                          Min: 0, Avg: 11190.8, Max: 27584, Diff: 27584, Sum: 44763, Workers: 4
[1505.898s][debug][gc,phases      ] GC(179)   ResolvedMethodTable Weak       Min:  0.0, Avg:  0.0, Max:  0.0, Diff:  0.0, Sum:  0.1, Workers: 4
[1505.898s][debug][gc,phases      ] GC(179)     Dead                           Min: 0, Avg:  0.0, Max: 0, Diff: 0, Sum: 0, Workers: 4
[1505.898s][debug][gc,phases      ] GC(179)     Total                          Min: 0, Avg: 2628.0, Max: 6546, Diff: 6546, Sum: 10512, Workers: 4
[1505.898s][debug][gc,phases      ] GC(179)   JNI Weak                       Min:  0.0, Avg:  0.0, Max:  0.0, Diff:  0.0, Sum:  0.0, Workers: 4
[1505.898s][debug][gc,phases      ] GC(179)     Dead                           Min: 0, Avg:  0.0, Max: 0, Diff: 0, Sum: 0, Workers: 4
[1505.898s][debug][gc,phases      ] GC(179)     Total                          Min: 0, Avg: 11.2, Max: 45, Diff: 45, Sum: 45, Workers: 4
[1505.898s][debug][gc,phases      ] GC(179)   StringDedup Table Weak         Min:  0.0, Avg:  0.0, Max:  0.0, Diff:  0.0, Sum:  0.0, Workers: 4
[1505.898s][debug][gc,phases      ] GC(179)     Dead                           Min: 0, Avg:  0.0, Max: 0, Diff: 0, Sum: 0, Workers: 4
[1505.898s][debug][gc,phases      ] GC(179)     Total                          Min: 0, Avg:  0.0, Max: 0, Diff: 0, Sum: 0, Workers: 4
[1505.898s][debug][gc,phases      ] GC(179)   StringDedup Requests0 Weak     Min:  0.0, Avg:  0.0, Max:  0.0, Diff:  0.0, Sum:  0.0, Workers: 4
[1505.898s][debug][gc,phases      ] GC(179)     Dead                           Min: 0, Avg:  0.0, Max: 0, Diff: 0, Sum: 0, Workers: 4
[1505.898s][debug][gc,phases      ] GC(179)     Total                          Min: 0, Avg:  0.0, Max: 0, Diff: 0, Sum: 0, Workers: 4
[1505.898s][debug][gc,phases      ] GC(179)   StringDedup Requests1 Weak     Min:  0.0, Avg:  0.0, Max:  0.0, Diff:  0.0, Sum:  0.0, Workers: 4
[1505.898s][debug][gc,phases      ] GC(179)     Dead                           Min: 0, Avg:  0.0, Max: 0, Diff: 0, Sum: 0, Workers: 4
[1505.898s][debug][gc,phases      ] GC(179)     Total                          Min: 0, Avg:  0.0, Max: 0, Diff: 0, Sum: 0, Workers: 4
[1505.898s][debug][gc,phases      ] GC(179)   Weak JFR Old Object Samples    Min:  0.0, Avg:  0.0, Max:  0.0, Diff:  0.0, Sum:  0.0, Workers: 4
[1505.898s][debug][gc,phases      ] GC(179)     Dead                           Min: 0, Avg:  0.0, Max: 0, Diff: 0, Sum: 0, Workers: 4
[1505.898s][debug][gc,phases      ] GC(179)     Total                          Min: 0, Avg:  0.0, Max: 0, Diff: 0, Sum: 0, Workers: 4
[1505.898s][debug][gc,phases      ] GC(179) Weak Processing 0.369ms
[1505.898s][debug][gc,age         ] GC(179) Desired survivor size 6291456 bytes, new threshold 15 (max threshold 15)
[1505.898s][info ][gc,heap        ] GC(179) PSYoungGen: 2088448K(2091008K)->3488K(2091008K) Eden: 2084864K(2084864K)->0K(2084864K) From: 3584K(6144K)->3488K(6144K)
[1505.898s][info ][gc,heap        ] GC(179) ParOldGen: 389494K(430080K)->389526K(430080K)
[1505.898s][info ][gc,metaspace   ] GC(179) Metaspace: 85510K(86528K)->85510K(86528K) NonClass: 73148K(73664K)->73148K(73664K) Class: 12361K(12864K)->12361K(12864K)
[1505.898s][info ][gc             ] GC(179) Pause Young (Allocation Failure) 2419M->383M(2462M) 6.018ms
[1505.898s][info ][gc,cpu         ] GC(179) User=0.02s Sys=0.00s Real=0.01s
[1505.898s][info ][safepoint      ] Safepoint "ParallelGCFailedAllocation", Time since last: 4478068331 ns, Reaching safepoint: 75900 ns, Cleanup: 27000 ns, At safepoint: 6095305 ns, Total: 6198205 ns
[1508.898s][info ][safepoint      ] Safepoint "Cleanup", Time since last: 3000217171 ns, Reaching safepoint: 4400 ns, Cleanup: 37200 ns, At safepoint: 3000 ns, Total: 44600 ns
[1510.899s][info ][safepoint      ] Safepoint "Cleanup", Time since last: 2000167646 ns, Reaching safepoint: 4100 ns, Cleanup: 31100 ns, At safepoint: 2300 ns, Total: 37500 ns
[1511.905s][info ][safepoint      ] Safepoint "Cleanup", Time since last: 1006440129 ns, Reaching safepoint: 65400 ns, Cleanup: 36800 ns, At safepoint: 5300 ns, Total: 107500 ns
[1512.905s][info ][safepoint      ] Safepoint "Cleanup", Time since last: 1000084923 ns, Reaching safepoint: 3800 ns, Cleanup: 37700 ns, At safepoint: 2500 ns, Total: 44000 ns
[1515.796s][info ][gc,start       ] GC(180) Pause Young (Allocation Failure)
[1515.800s][debug][gc,phases      ] GC(180) Scavenge 3.969ms
[1515.800s][debug][gc,ref         ] GC(180) Skipped phase 1 of Reference Processing: no references
[1515.800s][debug][gc,ref         ] GC(180) Skipped phase 2 of Reference Processing: no references
[1515.800s][debug][gc,ref         ] GC(180) Skipped phase 3 of Reference Processing: no references
[1515.800s][debug][gc,ref         ] GC(180) Skipped phase 4 of Reference Processing: no references
[1515.800s][debug][gc,phases      ] GC(180) Reference Processing 0.029ms
[1515.800s][debug][gc,phases      ] GC(180)   VM Weak                        Min:  0.0, Avg:  0.0, Max:  0.0, Diff:  0.0, Sum:  0.0, Workers: 4
[1515.800s][debug][gc,phases      ] GC(180)     Dead                           Min: 0, Avg:  0.0, Max: 0, Diff: 0, Sum: 0, Workers: 4
[1515.800s][debug][gc,phases      ] GC(180)     Total                          Min: 0, Avg: 217.0, Max: 512, Diff: 512, Sum: 868, Workers: 4
[1515.800s][debug][gc,phases      ] GC(180)   ObjectSynchronizer Weak        Min:  0.0, Avg:  0.0, Max:  0.0, Diff:  0.0, Sum:  0.0, Workers: 4
[1515.800s][debug][gc,phases      ] GC(180)     Dead                           Min: 0, Avg:  0.0, Max: 0, Diff: 0, Sum: 0, Workers: 4
[1515.800s][debug][gc,phases      ] GC(180)     Total                          Min: 0, Avg:  1.0, Max: 4, Diff: 4, Sum: 4, Workers: 4
[1515.800s][debug][gc,phases      ] GC(180)   JVMTI Tag Weak OopStorage      Min:  0.0, Avg:  0.0, Max:  0.0, Diff:  0.0, Sum:  0.0, Workers: 4
[1515.800s][debug][gc,phases      ] GC(180)     Dead                           Min: 0, Avg:  0.0, Max: 0, Diff: 0, Sum: 0, Workers: 4
[1515.800s][debug][gc,phases      ] GC(180)     Total                          Min: 0, Avg:  0.0, Max: 0, Diff: 0, Sum: 0, Workers: 4
[1515.800s][debug][gc,phases      ] GC(180)   StringTable Weak               Min:  0.0, Avg:  0.1, Max:  0.1, Diff:  0.1, Sum:  0.4, Workers: 4
[1515.800s][debug][gc,phases      ] GC(180)     Dead                           Min: 0, Avg:  0.0, Max: 0, Diff: 0, Sum: 0, Workers: 4
[1515.800s][debug][gc,phases      ] GC(180)     Total                          Min: 0, Avg: 11190.8, Max: 15323, Diff: 15323, Sum: 44763, Workers: 4
[1515.800s][debug][gc,phases      ] GC(180)   ResolvedMethodTable Weak       Min:  0.0, Avg:  0.0, Max:  0.0, Diff:  0.0, Sum:  0.1, Workers: 4
[1515.800s][debug][gc,phases      ] GC(180)     Dead                           Min: 0, Avg:  0.0, Max: 0, Diff: 0, Sum: 0, Workers: 4
[1515.800s][debug][gc,phases      ] GC(180)     Total                          Min: 0, Avg: 2628.0, Max: 3584, Diff: 3584, Sum: 10512, Workers: 4
[1515.800s][debug][gc,phases      ] GC(180)   JNI Weak                       Min:  0.0, Avg:  0.0, Max:  0.0, Diff:  0.0, Sum:  0.0, Workers: 4
[1515.800s][debug][gc,phases      ] GC(180)     Dead                           Min: 0, Avg:  0.0, Max: 0, Diff: 0, Sum: 0, Workers: 4
[1515.800s][debug][gc,phases      ] GC(180)     Total                          Min: 0, Avg: 11.2, Max: 45, Diff: 45, Sum: 45, Workers: 4
[1515.800s][debug][gc,phases      ] GC(180)   StringDedup Table Weak         Min:  0.0, Avg:  0.0, Max:  0.0, Diff:  0.0, Sum:  0.0, Workers: 4
[1515.800s][debug][gc,phases      ] GC(180)     Dead                           Min: 0, Avg:  0.0, Max: 0, Diff: 0, Sum: 0, Workers: 4
[1515.800s][debug][gc,phases      ] GC(180)     Total                          Min: 0, Avg:  0.0, Max: 0, Diff: 0, Sum: 0, Workers: 4
[1515.800s][debug][gc,phases      ] GC(180)   StringDedup Requests0 Weak     Min:  0.0, Avg:  0.0, Max:  0.0, Diff:  0.0, Sum:  0.0, Workers: 4
[1515.800s][debug][gc,phases      ] GC(180)     Dead                           Min: 0, Avg:  0.0, Max: 0, Diff: 0, Sum: 0, Workers: 4
[1515.800s][debug][gc,phases      ] GC(180)     Total                          Min: 0, Avg:  0.0, Max: 0, Diff: 0, Sum: 0, Workers: 4
[1515.800s][debug][gc,phases      ] GC(180)   StringDedup Requests1 Weak     Min:  0.0, Avg:  0.0, Max:  0.0, Diff:  0.0, Sum:  0.0, Workers: 4
[1515.800s][debug][gc,phases      ] GC(180)     Dead                           Min: 0, Avg:  0.0, Max: 0, Diff: 0, Sum: 0, Workers: 4
[1515.800s][debug][gc,phases      ] GC(180)     Total                          Min: 0, Avg:  0.0, Max: 0, Diff: 0, Sum: 0, Workers: 4
[1515.800s][debug][gc,phases      ] GC(180)   Weak JFR Old Object Samples    Min:  0.0, Avg:  0.0, Max:  0.0, Diff:  0.0, Sum:  0.0, Workers: 4
[1515.800s][debug][gc,phases      ] GC(180)     Dead                           Min: 0, Avg:  0.0, Max: 0, Diff: 0, Sum: 0, Workers: 4
[1515.800s][debug][gc,phases      ] GC(180)     Total                          Min: 0, Avg:  0.0, Max: 0, Diff: 0, Sum: 0, Workers: 4
[1515.800s][debug][gc,phases      ] GC(180) Weak Processing 0.426ms
[1515.800s][debug][gc,age         ] GC(180) Desired survivor size 5767168 bytes, new threshold 15 (max threshold 15)
[1515.800s][info ][gc,heap        ] GC(180) PSYoungGen: 2088352K(2091008K)->3600K(2091520K) Eden: 2084864K(2084864K)->0K(2085376K) From: 3488K(6144K)->3600K(6144K)
[1515.800s][info ][gc,heap        ] GC(180) ParOldGen: 389526K(430080K)->389542K(430080K)
[1515.800s][info ][gc,metaspace   ] GC(180) Metaspace: 85518K(86528K)->85518K(86528K) NonClass: 73156K(73664K)->73156K(73664K) Class: 12361K(12864K)->12361K(12864K)
[1515.800s][info ][gc             ] GC(180) Pause Young (Allocation Failure) 2419M->383M(2462M) 4.550ms
[1515.800s][info ][gc,cpu         ] GC(180) User=0.02s Sys=0.00s Real=0.00s
[1515.800s][info ][safepoint      ] Safepoint "ParallelGCFailedAllocation", Time since last: 2890164410 ns, Reaching safepoint: 37000 ns, Cleanup: 29800 ns, At safepoint: 4626004 ns, Total: 4692804 ns
[1525.892s][info ][gc,start       ] GC(181) Pause Young (Allocation Failure)
[1525.898s][debug][gc,phases      ] GC(181) Scavenge 5.307ms
[1525.898s][debug][gc,ref         ] GC(181) Skipped phase 1 of Reference Processing: no references
[1525.898s][debug][gc,ref         ] GC(181) Skipped phase 2 of Reference Processing: no references
[1525.898s][debug][gc,ref         ] GC(181) Skipped phase 3 of Reference Processing: no references
[1525.898s][debug][gc,ref         ] GC(181) Skipped phase 4 of Reference Processing: no references
[1525.898s][debug][gc,phases      ] GC(181) Reference Processing 0.020ms
[1525.898s][debug][gc,phases      ] GC(181)   VM Weak                        Min:  0.0, Avg:  0.0, Max:  0.0, Diff:  0.0, Sum:  0.0, Workers: 4
[1525.898s][debug][gc,phases      ] GC(181)     Dead                           Min: 0, Avg:  0.0, Max: 0, Diff: 0, Sum: 0, Workers: 4
[1525.898s][debug][gc,phases      ] GC(181)     Total                          Min: 0, Avg: 217.0, Max: 640, Diff: 640, Sum: 868, Workers: 4
[1525.898s][debug][gc,phases      ] GC(181)   ObjectSynchronizer Weak        Min:  0.0, Avg:  0.0, Max:  0.0, Diff:  0.0, Sum:  0.0, Workers: 4
[1525.898s][debug][gc,phases      ] GC(181)     Dead                           Min: 0, Avg:  0.0, Max: 0, Diff: 0, Sum: 0, Workers: 4
[1525.898s][debug][gc,phases      ] GC(181)     Total                          Min: 0, Avg:  1.0, Max: 4, Diff: 4, Sum: 4, Workers: 4
[1525.898s][debug][gc,phases      ] GC(181)   JVMTI Tag Weak OopStorage      Min:  0.0, Avg:  0.0, Max:  0.0, Diff:  0.0, Sum:  0.0, Workers: 4
[1525.898s][debug][gc,phases      ] GC(181)     Dead                           Min: 0, Avg:  0.0, Max: 0, Diff: 0, Sum: 0, Workers: 4
[1525.898s][debug][gc,phases      ] GC(181)     Total                          Min: 0, Avg:  0.0, Max: 0, Diff: 0, Sum: 0, Workers: 4
[1525.898s][debug][gc,phases      ] GC(181)   StringTable Weak               Min:  0.0, Avg:  0.1, Max:  0.2, Diff:  0.2, Sum:  0.3, Workers: 4
[1525.898s][debug][gc,phases      ] GC(181)     Dead                           Min: 0, Avg:  0.0, Max: 0, Diff: 0, Sum: 0, Workers: 4
[1525.898s][debug][gc,phases      ] GC(181)     Total                          Min: 0, Avg: 11190.8, Max: 28059, Diff: 28059, Sum: 44763, Workers: 4
[1525.898s][debug][gc,phases      ] GC(181)   ResolvedMethodTable Weak       Min:  0.0, Avg:  0.0, Max:  0.0, Diff:  0.0, Sum:  0.1, Workers: 4
[1525.898s][debug][gc,phases      ] GC(181)     Dead                           Min: 0, Avg:  0.0, Max: 0, Diff: 0, Sum: 0, Workers: 4
[1525.898s][debug][gc,phases      ] GC(181)     Total                          Min: 0, Avg: 2628.0, Max: 6546, Diff: 6546, Sum: 10512, Workers: 4
[1525.898s][debug][gc,phases      ] GC(181)   JNI Weak                       Min:  0.0, Avg:  0.0, Max:  0.0, Diff:  0.0, Sum:  0.0, Workers: 4
[1525.898s][debug][gc,phases      ] GC(181)     Dead                           Min: 0, Avg:  0.0, Max: 0, Diff: 0, Sum: 0, Workers: 4
[1525.898s][debug][gc,phases      ] GC(181)     Total                          Min: 0, Avg: 11.2, Max: 45, Diff: 45, Sum: 45, Workers: 4
[1525.898s][debug][gc,phases      ] GC(181)   StringDedup Table Weak         Min:  0.0, Avg:  0.0, Max:  0.0, Diff:  0.0, Sum:  0.0, Workers: 4
[1525.898s][debug][gc,phases      ] GC(181)     Dead                           Min: 0, Avg:  0.0, Max: 0, Diff: 0, Sum: 0, Workers: 4
[1525.898s][debug][gc,phases      ] GC(181)     Total                          Min: 0, Avg:  0.0, Max: 0, Diff: 0, Sum: 0, Workers: 4
[1525.898s][debug][gc,phases      ] GC(181)   StringDedup Requests0 Weak     Min:  0.0, Avg:  0.0, Max:  0.0, Diff:  0.0, Sum:  0.0, Workers: 4
[1525.898s][debug][gc,phases      ] GC(181)     Dead                           Min: 0, Avg:  0.0, Max: 0, Diff: 0, Sum: 0, Workers: 4
[1525.898s][debug][gc,phases      ] GC(181)     Total                          Min: 0, Avg:  0.0, Max: 0, Diff: 0, Sum: 0, Workers: 4
[1525.898s][debug][gc,phases      ] GC(181)   StringDedup Requests1 Weak     Min:  0.0, Avg:  0.0, Max:  0.0, Diff:  0.0, Sum:  0.0, Workers: 4
[1525.898s][debug][gc,phases      ] GC(181)     Dead                           Min: 0, Avg:  0.0, Max: 0, Diff: 0, Sum: 0, Workers: 4
[1525.898s][debug][gc,phases      ] GC(181)     Total                          Min: 0, Avg:  0.0, Max: 0, Diff: 0, Sum: 0, Workers: 4
[1525.898s][debug][gc,phases      ] GC(181)   Weak JFR Old Object Samples    Min:  0.0, Avg:  0.0, Max:  0.0, Diff:  0.0, Sum:  0.0, Workers: 4
[1525.898s][debug][gc,phases      ] GC(181)     Dead                           Min: 0, Avg:  0.0, Max: 0, Diff: 0, Sum: 0, Workers: 4
[1525.898s][debug][gc,phases      ] GC(181)     Total                          Min: 0, Avg:  0.0, Max: 0, Diff: 0, Sum: 0, Workers: 4
[1525.898s][debug][gc,phases      ] GC(181) Weak Processing 0.374ms
[1525.898s][debug][gc,age         ] GC(181) Desired survivor size 5767168 bytes, new threshold 15 (max threshold 15)
[1525.898s][info ][gc,heap        ] GC(181) PSYoungGen: 2088976K(2091520K)->3504K(2091008K) Eden: 2085376K(2085376K)->0K(2085376K) From: 3600K(6144K)->3504K(5632K)
[1525.898s][info ][gc,heap        ] GC(181) ParOldGen: 389542K(430080K)->389574K(430080K)
[1525.898s][info ][gc,metaspace   ] GC(181) Metaspace: 85518K(86528K)->85518K(86528K) NonClass: 73156K(73664K)->73156K(73664K) Class: 12361K(12864K)->12361K(12864K)
[1525.898s][info ][gc             ] GC(181) Pause Young (Allocation Failure) 2420M->383M(2462M) 5.803ms
[1525.898s][info ][gc,cpu         ] GC(181) User=0.02s Sys=0.00s Real=0.01s
[1525.898s][info ][safepoint      ] Safepoint "ParallelGCFailedAllocation", Time since last: 10092071584 ns, Reaching safepoint: 75000 ns, Cleanup: 27200 ns, At safepoint: 5869706 ns, Total: 5971906 ns
[1527.898s][info ][safepoint      ] Safepoint "Cleanup", Time since last: 2000119663 ns, Reaching safepoint: 4000 ns, Cleanup: 28200 ns, At safepoint: 2600 ns, Total: 34800 ns
[1535.392s][info ][gc,start       ] GC(182) Pause Young (Allocation Failure)
[1535.396s][debug][gc,phases      ] GC(182) Scavenge 3.973ms
[1535.396s][debug][gc,ref         ] GC(182) Skipped phase 1 of Reference Processing: no references
[1535.396s][debug][gc,ref         ] GC(182) ReferenceProcessor::execute queues: 1, RefProcThreadModel::Single, marks_oops_alive: false
[1535.396s][debug][gc,ref         ] GC(182) Skipped phase 3 of Reference Processing: no references
[1535.396s][debug][gc,ref         ] GC(182) Skipped phase 4 of Reference Processing: no references
[1535.396s][debug][gc,phases      ] GC(182) Reference Processing 0.093ms
[1535.396s][debug][gc,phases      ] GC(182)   VM Weak                        Min:  0.0, Avg:  0.0, Max:  0.0, Diff:  0.0, Sum:  0.0, Workers: 4
[1535.396s][debug][gc,phases      ] GC(182)     Dead                           Min: 0, Avg:  0.0, Max: 0, Diff: 0, Sum: 0, Workers: 4
[1535.396s][debug][gc,phases      ] GC(182)     Total                          Min: 0, Avg: 217.0, Max: 548, Diff: 548, Sum: 868, Workers: 4
[1535.396s][debug][gc,phases      ] GC(182)   ObjectSynchronizer Weak        Min:  0.0, Avg:  0.0, Max:  0.0, Diff:  0.0, Sum:  0.0, Workers: 4
[1535.396s][debug][gc,phases      ] GC(182)     Dead                           Min: 0, Avg:  0.0, Max: 0, Diff: 0, Sum: 0, Workers: 4
[1535.396s][debug][gc,phases      ] GC(182)     Total                          Min: 0, Avg:  1.0, Max: 4, Diff: 4, Sum: 4, Workers: 4
[1535.396s][debug][gc,phases      ] GC(182)   JVMTI Tag Weak OopStorage      Min:  0.0, Avg:  0.0, Max:  0.0, Diff:  0.0, Sum:  0.0, Workers: 4
[1535.397s][debug][gc,phases      ] GC(182)     Dead                           Min: 0, Avg:  0.0, Max: 0, Diff: 0, Sum: 0, Workers: 4
[1535.397s][debug][gc,phases      ] GC(182)     Total                          Min: 0, Avg:  0.0, Max: 0, Diff: 0, Sum: 0, Workers: 4
[1535.397s][debug][gc,phases      ] GC(182)   StringTable Weak               Min:  0.0, Avg:  0.1, Max:  0.2, Diff:  0.2, Sum:  0.3, Workers: 4
[1535.397s][debug][gc,phases      ] GC(182)     Dead                           Min: 0, Avg:  0.0, Max: 0, Diff: 0, Sum: 0, Workers: 4
[1535.397s][debug][gc,phases      ] GC(182)     Total                          Min: 0, Avg: 11190.8, Max: 27355, Diff: 27355, Sum: 44763, Workers: 4
[1535.397s][debug][gc,phases      ] GC(182)   ResolvedMethodTable Weak       Min:  0.0, Avg:  0.0, Max:  0.0, Diff:  0.0, Sum:  0.1, Workers: 4
[1535.397s][debug][gc,phases      ] GC(182)     Dead                           Min: 0, Avg:  0.0, Max: 0, Diff: 0, Sum: 0, Workers: 4
[1535.397s][debug][gc,phases      ] GC(182)     Total                          Min: 0, Avg: 2628.0, Max: 6610, Diff: 6610, Sum: 10512, Workers: 4
[1535.397s][debug][gc,phases      ] GC(182)   JNI Weak                       Min:  0.0, Avg:  0.0, Max:  0.0, Diff:  0.0, Sum:  0.0, Workers: 4
[1535.397s][debug][gc,phases      ] GC(182)     Dead                           Min: 0, Avg:  0.0, Max: 0, Diff: 0, Sum: 0, Workers: 4
[1535.397s][debug][gc,phases      ] GC(182)     Total                          Min: 0, Avg: 11.2, Max: 45, Diff: 45, Sum: 45, Workers: 4
[1535.397s][debug][gc,phases      ] GC(182)   StringDedup Table Weak         Min:  0.0, Avg:  0.0, Max:  0.0, Diff:  0.0, Sum:  0.0, Workers: 4
[1535.397s][debug][gc,phases      ] GC(182)     Dead                           Min: 0, Avg:  0.0, Max: 0, Diff: 0, Sum: 0, Workers: 4
[1535.397s][debug][gc,phases      ] GC(182)     Total                          Min: 0, Avg:  0.0, Max: 0, Diff: 0, Sum: 0, Workers: 4
[1535.397s][debug][gc,phases      ] GC(182)   StringDedup Requests0 Weak     Min:  0.0, Avg:  0.0, Max:  0.0, Diff:  0.0, Sum:  0.0, Workers: 4
[1535.397s][debug][gc,phases      ] GC(182)     Dead                           Min: 0, Avg:  0.0, Max: 0, Diff: 0, Sum: 0, Workers: 4
[1535.397s][debug][gc,phases      ] GC(182)     Total                          Min: 0, Avg:  0.0, Max: 0, Diff: 0, Sum: 0, Workers: 4
[1535.397s][debug][gc,phases      ] GC(182)   StringDedup Requests1 Weak     Min:  0.0, Avg:  0.0, Max:  0.0, Diff:  0.0, Sum:  0.0, Workers: 4
[1535.397s][debug][gc,phases      ] GC(182)     Dead                           Min: 0, Avg:  0.0, Max: 0, Diff: 0, Sum: 0, Workers: 4
[1535.397s][debug][gc,phases      ] GC(182)     Total                          Min: 0, Avg:  0.0, Max: 0, Diff: 0, Sum: 0, Workers: 4
[1535.397s][debug][gc,phases      ] GC(182)   Weak JFR Old Object Samples    Min:  0.0, Avg:  0.0, Max:  0.0, Diff:  0.0, Sum:  0.0, Workers: 4
[1535.397s][debug][gc,phases      ] GC(182)     Dead                           Min: 0, Avg:  0.0, Max: 0, Diff: 0, Sum: 0, Workers: 4
[1535.397s][debug][gc,phases      ] GC(182)     Total                          Min: 0, Avg:  0.0, Max: 0, Diff: 0, Sum: 0, Workers: 4
[1535.397s][debug][gc,phases      ] GC(182) Weak Processing 0.363ms
[1535.397s][debug][gc,age         ] GC(182) Desired survivor size 5767168 bytes, new threshold 15 (max threshold 15)
[1535.397s][info ][gc,heap        ] GC(182) PSYoungGen: 2088880K(2091008K)->3600K(2091520K) Eden: 2085376K(2085376K)->0K(2085888K) From: 3504K(5632K)->3600K(5632K)
[1535.397s][info ][gc,heap        ] GC(182) ParOldGen: 389574K(430080K)->389598K(430080K)
[1535.397s][info ][gc,metaspace   ] GC(182) Metaspace: 85518K(86528K)->85518K(86528K) NonClass: 73156K(73664K)->73156K(73664K) Class: 12361K(12864K)->12361K(12864K)
[1535.397s][info ][gc             ] GC(182) Pause Young (Allocation Failure) 2420M->383M(2462M) 4.533ms
[1535.397s][info ][gc,cpu         ] GC(182) User=0.01s Sys=0.00s Real=0.01s
[1535.397s][info ][safepoint      ] Safepoint "ParallelGCFailedAllocation", Time since last: 7493602754 ns, Reaching safepoint: 33100 ns, Cleanup: 29500 ns, At safepoint: 4602005 ns, Total: 4664605 ns
[1544.397s][info ][safepoint      ] Safepoint "Cleanup", Time since last: 9000662186 ns, Reaching safepoint: 4400 ns, Cleanup: 34000 ns, At safepoint: 2200 ns, Total: 40600 ns
[1547.039s][info ][gc,start       ] GC(183) Pause Young (Allocation Failure)
[1547.044s][debug][gc,phases      ] GC(183) Scavenge 5.270ms
[1547.044s][debug][gc,ref         ] GC(183) Skipped phase 1 of Reference Processing: no references
[1547.044s][debug][gc,ref         ] GC(183) ReferenceProcessor::execute queues: 1, RefProcThreadModel::Single, marks_oops_alive: false
[1547.044s][debug][gc,ref         ] GC(183) Skipped phase 3 of Reference Processing: no references
[1547.044s][debug][gc,ref         ] GC(183) Skipped phase 4 of Reference Processing: no references
[1547.044s][debug][gc,phases      ] GC(183) Reference Processing 0.116ms
[1547.045s][debug][gc,phases      ] GC(183)   VM Weak                        Min:  0.0, Avg:  0.0, Max:  0.0, Diff:  0.0, Sum:  0.0, Workers: 4
[1547.045s][debug][gc,phases      ] GC(183)     Dead                           Min: 0, Avg:  0.0, Max: 0, Diff: 0, Sum: 0, Workers: 4
[1547.045s][debug][gc,phases      ] GC(183)     Total                          Min: 0, Avg: 217.0, Max: 804, Diff: 804, Sum: 868, Workers: 4
[1547.045s][debug][gc,phases      ] GC(183)   ObjectSynchronizer Weak        Min:  0.0, Avg:  0.0, Max:  0.0, Diff:  0.0, Sum:  0.0, Workers: 4
[1547.045s][debug][gc,phases      ] GC(183)     Dead                           Min: 0, Avg:  0.0, Max: 0, Diff: 0, Sum: 0, Workers: 4
[1547.045s][debug][gc,phases      ] GC(183)     Total                          Min: 0, Avg:  1.0, Max: 4, Diff: 4, Sum: 4, Workers: 4
[1547.045s][debug][gc,phases      ] GC(183)   JVMTI Tag Weak OopStorage      Min:  0.0, Avg:  0.0, Max:  0.0, Diff:  0.0, Sum:  0.0, Workers: 4
[1547.045s][debug][gc,phases      ] GC(183)     Dead                           Min: 0, Avg:  0.0, Max: 0, Diff: 0, Sum: 0, Workers: 4
[1547.045s][debug][gc,phases      ] GC(183)     Total                          Min: 0, Avg:  0.0, Max: 0, Diff: 0, Sum: 0, Workers: 4
[1547.045s][debug][gc,phases      ] GC(183)   StringTable Weak               Min:  0.0, Avg:  0.1, Max:  0.1, Diff:  0.1, Sum:  0.4, Workers: 4
[1547.045s][debug][gc,phases      ] GC(183)     Dead                           Min: 0, Avg:  0.0, Max: 0, Diff: 0, Sum: 0, Workers: 4
[1547.045s][debug][gc,phases      ] GC(183)     Total                          Min: 0, Avg: 11190.8, Max: 18688, Diff: 18688, Sum: 44763, Workers: 4
[1547.045s][debug][gc,phases      ] GC(183)   ResolvedMethodTable Weak       Min:  0.0, Avg:  0.0, Max:  0.0, Diff:  0.0, Sum:  0.1, Workers: 4
[1547.045s][debug][gc,phases      ] GC(183)     Dead                           Min: 0, Avg:  0.0, Max: 0, Diff: 0, Sum: 0, Workers: 4
[1547.045s][debug][gc,phases      ] GC(183)     Total                          Min: 0, Avg: 2628.0, Max: 4306, Diff: 4306, Sum: 10512, Workers: 4
[1547.045s][debug][gc,phases      ] GC(183)   JNI Weak                       Min:  0.0, Avg:  0.0, Max:  0.0, Diff:  0.0, Sum:  0.0, Workers: 4
[1547.045s][debug][gc,phases      ] GC(183)     Dead                           Min: 0, Avg:  0.0, Max: 0, Diff: 0, Sum: 0, Workers: 4
[1547.045s][debug][gc,phases      ] GC(183)     Total                          Min: 0, Avg: 11.2, Max: 45, Diff: 45, Sum: 45, Workers: 4
[1547.045s][debug][gc,phases      ] GC(183)   StringDedup Table Weak         Min:  0.0, Avg:  0.0, Max:  0.0, Diff:  0.0, Sum:  0.0, Workers: 4
[1547.045s][debug][gc,phases      ] GC(183)     Dead                           Min: 0, Avg:  0.0, Max: 0, Diff: 0, Sum: 0, Workers: 4
[1547.045s][debug][gc,phases      ] GC(183)     Total                          Min: 0, Avg:  0.0, Max: 0, Diff: 0, Sum: 0, Workers: 4
[1547.045s][debug][gc,phases      ] GC(183)   StringDedup Requests0 Weak     Min:  0.0, Avg:  0.0, Max:  0.0, Diff:  0.0, Sum:  0.0, Workers: 4
[1547.045s][debug][gc,phases      ] GC(183)     Dead                           Min: 0, Avg:  0.0, Max: 0, Diff: 0, Sum: 0, Workers: 4
[1547.045s][debug][gc,phases      ] GC(183)     Total                          Min: 0, Avg:  0.0, Max: 0, Diff: 0, Sum: 0, Workers: 4
[1547.045s][debug][gc,phases      ] GC(183)   StringDedup Requests1 Weak     Min:  0.0, Avg:  0.0, Max:  0.0, Diff:  0.0, Sum:  0.0, Workers: 4
[1547.045s][debug][gc,phases      ] GC(183)     Dead                           Min: 0, Avg:  0.0, Max: 0, Diff: 0, Sum: 0, Workers: 4
[1547.045s][debug][gc,phases      ] GC(183)     Total                          Min: 0, Avg:  0.0, Max: 0, Diff: 0, Sum: 0, Workers: 4
[1547.045s][debug][gc,phases      ] GC(183)   Weak JFR Old Object Samples    Min:  0.0, Avg:  0.0, Max:  0.0, Diff:  0.0, Sum:  0.0, Workers: 4
[1547.045s][debug][gc,phases      ] GC(183)     Dead                           Min: 0, Avg:  0.0, Max: 0, Diff: 0, Sum: 0, Workers: 4
[1547.045s][debug][gc,phases      ] GC(183)     Total                          Min: 0, Avg:  0.0, Max: 0, Diff: 0, Sum: 0, Workers: 4
[1547.045s][debug][gc,phases      ] GC(183) Weak Processing 0.339ms
[1547.045s][debug][gc,age         ] GC(183) Desired survivor size 5767168 bytes, new threshold 15 (max threshold 15)
[1547.045s][info ][gc,heap        ] GC(183) PSYoungGen: 2089488K(2091520K)->3744K(2091520K) Eden: 2085888K(2085888K)->0K(2085888K) From: 3600K(5632K)->3744K(5632K)
[1547.045s][info ][gc,heap        ] GC(183) ParOldGen: 389598K(430080K)->389678K(430080K)
[1547.045s][info ][gc,metaspace   ] GC(183) Metaspace: 85524K(86592K)->85524K(86592K) NonClass: 73162K(73728K)->73162K(73728K) Class: 12361K(12864K)->12361K(12864K)
[1547.045s][info ][gc             ] GC(183) Pause Young (Allocation Failure) 2420M->384M(2462M) 5.827ms
[1547.045s][info ][gc,cpu         ] GC(183) User=0.01s Sys=0.00s Real=0.01s
[1547.045s][info ][safepoint      ] Safepoint "ParallelGCFailedAllocation", Time since last: 2641428401 ns, Reaching safepoint: 4100 ns, Cleanup: 29300 ns, At safepoint: 5889308 ns, Total: 5922708 ns
[1548.045s][info ][safepoint      ] Safepoint "Cleanup", Time since last: 1000079508 ns, Reaching safepoint: 3700 ns, Cleanup: 33100 ns, At safepoint: 2500 ns, Total: 39300 ns
[1549.290s][info ][safepoint      ] Safepoint "Cleanup", Time since last: 1244626228 ns, Reaching safepoint: 73200 ns, Cleanup: 48200 ns, At safepoint: 6200 ns, Total: 127600 ns
[1550.290s][info ][safepoint      ] Safepoint "Cleanup", Time since last: 1000094108 ns, Reaching safepoint: 76600 ns, Cleanup: 36600 ns, At safepoint: 4600 ns, Total: 117800 ns
[1555.290s][info ][safepoint      ] Safepoint "Cleanup", Time since last: 5000361970 ns, Reaching safepoint: 4100 ns, Cleanup: 37000 ns, At safepoint: 4300 ns, Total: 45400 ns
[1557.843s][info ][gc,start       ] GC(184) Pause Young (Allocation Failure)
[1557.851s][debug][gc,phases      ] GC(184) Scavenge 7.140ms
[1557.851s][debug][gc,ref         ] GC(184) Skipped phase 1 of Reference Processing: no references
[1557.851s][debug][gc,ref         ] GC(184) ReferenceProcessor::execute queues: 1, RefProcThreadModel::Single, marks_oops_alive: false
[1557.851s][debug][gc,ref         ] GC(184) ReferenceProcessor::execute queues: 4, RefProcThreadModel::Multi, marks_oops_alive: true
[1557.851s][debug][gc,ref         ] GC(184) Skipped phase 4 of Reference Processing: no references
[1557.851s][debug][gc,phases      ] GC(184) Reference Processing 0.422ms
[1557.851s][debug][gc,phases      ] GC(184)   VM Weak                        Min:  0.0, Avg:  0.0, Max:  0.0, Diff:  0.0, Sum:  0.0, Workers: 4
[1557.851s][debug][gc,phases      ] GC(184)     Dead                           Min: 0, Avg:  0.0, Max: 0, Diff: 0, Sum: 0, Workers: 4
[1557.851s][debug][gc,phases      ] GC(184)     Total                          Min: 0, Avg: 217.0, Max: 676, Diff: 676, Sum: 868, Workers: 4
[1557.851s][debug][gc,phases      ] GC(184)   ObjectSynchronizer Weak        Min:  0.0, Avg:  0.0, Max:  0.0, Diff:  0.0, Sum:  0.0, Workers: 4
[1557.851s][debug][gc,phases      ] GC(184)     Dead                           Min: 0, Avg:  0.0, Max: 0, Diff: 0, Sum: 0, Workers: 4
[1557.851s][debug][gc,phases      ] GC(184)     Total                          Min: 0, Avg:  1.0, Max: 4, Diff: 4, Sum: 4, Workers: 4
[1557.851s][debug][gc,phases      ] GC(184)   JVMTI Tag Weak OopStorage      Min:  0.0, Avg:  0.0, Max:  0.0, Diff:  0.0, Sum:  0.0, Workers: 4
[1557.851s][debug][gc,phases      ] GC(184)     Dead                           Min: 0, Avg:  0.0, Max: 0, Diff: 0, Sum: 0, Workers: 4
[1557.851s][debug][gc,phases      ] GC(184)     Total                          Min: 0, Avg:  0.0, Max: 0, Diff: 0, Sum: 0, Workers: 4
[1557.851s][debug][gc,phases      ] GC(184)   StringTable Weak               Min:  0.0, Avg:  0.1, Max:  0.2, Diff:  0.2, Sum:  0.3, Workers: 4
[1557.851s][debug][gc,phases      ] GC(184)     Dead                           Min: 0, Avg:  0.0, Max: 0, Diff: 0, Sum: 0, Workers: 4
[1557.851s][debug][gc,phases      ] GC(184)     Total                          Min: 0, Avg: 11190.8, Max: 27776, Diff: 27776, Sum: 44763, Workers: 4
[1557.851s][debug][gc,phases      ] GC(184)   ResolvedMethodTable Weak       Min:  0.0, Avg:  0.0, Max:  0.1, Diff:  0.1, Sum:  0.1, Workers: 4
[1557.851s][debug][gc,phases      ] GC(184)     Dead                           Min: 0, Avg:  0.0, Max: 0, Diff: 0, Sum: 0, Workers: 4
[1557.851s][debug][gc,phases      ] GC(184)     Total                          Min: 0, Avg: 2628.0, Max: 6482, Diff: 6482, Sum: 10512, Workers: 4
[1557.852s][debug][gc,phases      ] GC(184)   JNI Weak                       Min:  0.0, Avg:  0.0, Max:  0.0, Diff:  0.0, Sum:  0.0, Workers: 4
[1557.852s][debug][gc,phases      ] GC(184)     Dead                           Min: 0, Avg:  0.0, Max: 0, Diff: 0, Sum: 0, Workers: 4
[1557.852s][debug][gc,phases      ] GC(184)     Total                          Min: 0, Avg: 11.2, Max: 45, Diff: 45, Sum: 45, Workers: 4
[1557.852s][debug][gc,phases      ] GC(184)   StringDedup Table Weak         Min:  0.0, Avg:  0.0, Max:  0.0, Diff:  0.0, Sum:  0.0, Workers: 4
[1557.852s][debug][gc,phases      ] GC(184)     Dead                           Min: 0, Avg:  0.0, Max: 0, Diff: 0, Sum: 0, Workers: 4
[1557.852s][debug][gc,phases      ] GC(184)     Total                          Min: 0, Avg:  0.0, Max: 0, Diff: 0, Sum: 0, Workers: 4
[1557.852s][debug][gc,phases      ] GC(184)   StringDedup Requests0 Weak     Min:  0.0, Avg:  0.0, Max:  0.0, Diff:  0.0, Sum:  0.0, Workers: 4
[1557.852s][debug][gc,phases      ] GC(184)     Dead                           Min: 0, Avg:  0.0, Max: 0, Diff: 0, Sum: 0, Workers: 4
[1557.852s][debug][gc,phases      ] GC(184)     Total                          Min: 0, Avg:  0.0, Max: 0, Diff: 0, Sum: 0, Workers: 4
[1557.852s][debug][gc,phases      ] GC(184)   StringDedup Requests1 Weak     Min:  0.0, Avg:  0.0, Max:  0.0, Diff:  0.0, Sum:  0.0, Workers: 4
[1557.852s][debug][gc,phases      ] GC(184)     Dead                           Min: 0, Avg:  0.0, Max: 0, Diff: 0, Sum: 0, Workers: 4
[1557.852s][debug][gc,phases      ] GC(184)     Total                          Min: 0, Avg:  0.0, Max: 0, Diff: 0, Sum: 0, Workers: 4
[1557.852s][debug][gc,phases      ] GC(184)   Weak JFR Old Object Samples    Min:  0.0, Avg:  0.0, Max:  0.0, Diff:  0.0, Sum:  0.0, Workers: 4
[1557.852s][debug][gc,phases      ] GC(184)     Dead                           Min: 0, Avg:  0.0, Max: 0, Diff: 0, Sum: 0, Workers: 4
[1557.852s][debug][gc,phases      ] GC(184)     Total                          Min: 0, Avg:  0.0, Max: 0, Diff: 0, Sum: 0, Workers: 4
[1557.852s][debug][gc,phases      ] GC(184) Weak Processing 0.413ms
[1557.852s][debug][gc,age         ] GC(184) Desired survivor size 5767168 bytes, new threshold 15 (max threshold 15)
[1557.852s][info ][gc,heap        ] GC(184) PSYoungGen: 2089632K(2091520K)->4016K(2091520K) Eden: 2085888K(2085888K)->0K(2085888K) From: 3744K(5632K)->4016K(5632K)
[1557.852s][info ][gc,heap        ] GC(184) ParOldGen: 389678K(430080K)->389710K(430080K)
[1557.852s][info ][gc,metaspace   ] GC(184) Metaspace: 85534K(86656K)->85534K(86656K) NonClass: 73172K(73792K)->73172K(73792K) Class: 12361K(12864K)->12361K(12864K)
[1557.852s][info ][gc             ] GC(184) Pause Young (Allocation Failure) 2421M->384M(2462M) 8.102ms
[1557.852s][info ][gc,cpu         ] GC(184) User=0.02s Sys=0.00s Real=0.00s
[1557.852s][info ][safepoint      ] Safepoint "ParallelGCFailedAllocation", Time since last: 2553160779 ns, Reaching safepoint: 74401 ns, Cleanup: 18500 ns, At safepoint: 8180019 ns, Total: 8272920 ns
[1561.428s][info ][safepoint      ] Safepoint "Cleanup", Time since last: 3576607797 ns, Reaching safepoint: 3500 ns, Cleanup: 33600 ns, At safepoint: 4900 ns, Total: 42000 ns
[1565.344s][info ][safepoint      ] Safepoint "ParallelGCFailedAllocation", Time since last: 3915697469 ns, Reaching safepoint: 76700 ns, Cleanup: 31900 ns, At safepoint: 12500 ns, Total: 121100 ns
[1565.344s][info ][gc,start       ] GC(185) Pause Young (GCLocker Initiated GC)
[1565.348s][debug][gc,phases      ] GC(185) Scavenge 3.979ms
[1565.348s][debug][gc,ref         ] GC(185) Skipped phase 1 of Reference Processing: no references
[1565.348s][debug][gc,ref         ] GC(185) ReferenceProcessor::execute queues: 1, RefProcThreadModel::Single, marks_oops_alive: false
[1565.348s][debug][gc,ref         ] GC(185) Skipped phase 3 of Reference Processing: no references
[1565.348s][debug][gc,ref         ] GC(185) Skipped phase 4 of Reference Processing: no references
[1565.348s][debug][gc,phases      ] GC(185) Reference Processing 0.119ms
[1565.349s][debug][gc,phases      ] GC(185)   VM Weak                        Min:  0.0, Avg:  0.0, Max:  0.0, Diff:  0.0, Sum:  0.0, Workers: 4
[1565.349s][debug][gc,phases      ] GC(185)     Dead                           Min: 0, Avg:  0.0, Max: 0, Diff: 0, Sum: 0, Workers: 4
[1565.349s][debug][gc,phases      ] GC(185)     Total                          Min: 0, Avg: 217.0, Max: 640, Diff: 640, Sum: 868, Workers: 4
[1565.349s][debug][gc,phases      ] GC(185)   ObjectSynchronizer Weak        Min:  0.0, Avg:  0.0, Max:  0.0, Diff:  0.0, Sum:  0.0, Workers: 4
[1565.349s][debug][gc,phases      ] GC(185)     Dead                           Min: 0, Avg:  0.0, Max: 0, Diff: 0, Sum: 0, Workers: 4
[1565.349s][debug][gc,phases      ] GC(185)     Total                          Min: 0, Avg:  1.0, Max: 4, Diff: 4, Sum: 4, Workers: 4
[1565.349s][debug][gc,phases      ] GC(185)   JVMTI Tag Weak OopStorage      Min:  0.0, Avg:  0.0, Max:  0.0, Diff:  0.0, Sum:  0.0, Workers: 4
[1565.349s][debug][gc,phases      ] GC(185)     Dead                           Min: 0, Avg:  0.0, Max: 0, Diff: 0, Sum: 0, Workers: 4
[1565.349s][debug][gc,phases      ] GC(185)     Total                          Min: 0, Avg:  0.0, Max: 0, Diff: 0, Sum: 0, Workers: 4
[1565.349s][debug][gc,phases      ] GC(185)   StringTable Weak               Min:  0.0, Avg:  0.1, Max:  0.1, Diff:  0.1, Sum:  0.4, Workers: 4
[1565.349s][debug][gc,phases      ] GC(185)     Dead                           Min: 0, Avg:  0.0, Max: 0, Diff: 0, Sum: 0, Workers: 4
[1565.349s][debug][gc,phases      ] GC(185)     Total                          Min: 0, Avg: 11191.0, Max: 15260, Diff: 15260, Sum: 44764, Workers: 4
[1565.349s][debug][gc,phases      ] GC(185)   ResolvedMethodTable Weak       Min:  0.0, Avg:  0.0, Max:  0.0, Diff:  0.0, Sum:  0.1, Workers: 4
[1565.349s][debug][gc,phases      ] GC(185)     Dead                           Min: 0, Avg:  0.0, Max: 0, Diff: 0, Sum: 0, Workers: 4
[1565.349s][debug][gc,phases      ] GC(185)     Total                          Min: 0, Avg: 2628.0, Max: 3584, Diff: 3584, Sum: 10512, Workers: 4
[1565.349s][debug][gc,phases      ] GC(185)   JNI Weak                       Min:  0.0, Avg:  0.0, Max:  0.0, Diff:  0.0, Sum:  0.0, Workers: 4
[1565.349s][debug][gc,phases      ] GC(185)     Dead                           Min: 0, Avg:  0.0, Max: 0, Diff: 0, Sum: 0, Workers: 4
[1565.349s][debug][gc,phases      ] GC(185)     Total                          Min: 0, Avg: 11.2, Max: 45, Diff: 45, Sum: 45, Workers: 4
[1565.349s][debug][gc,phases      ] GC(185)   StringDedup Table Weak         Min:  0.0, Avg:  0.0, Max:  0.0, Diff:  0.0, Sum:  0.0, Workers: 4
[1565.349s][debug][gc,phases      ] GC(185)     Dead                           Min: 0, Avg:  0.0, Max: 0, Diff: 0, Sum: 0, Workers: 4
[1565.349s][debug][gc,phases      ] GC(185)     Total                          Min: 0, Avg:  0.0, Max: 0, Diff: 0, Sum: 0, Workers: 4
[1565.349s][debug][gc,phases      ] GC(185)   StringDedup Requests0 Weak     Min:  0.0, Avg:  0.0, Max:  0.0, Diff:  0.0, Sum:  0.0, Workers: 4
[1565.349s][debug][gc,phases      ] GC(185)     Dead                           Min: 0, Avg:  0.0, Max: 0, Diff: 0, Sum: 0, Workers: 4
[1565.349s][debug][gc,phases      ] GC(185)     Total                          Min: 0, Avg:  0.0, Max: 0, Diff: 0, Sum: 0, Workers: 4
[1565.349s][debug][gc,phases      ] GC(185)   StringDedup Requests1 Weak     Min:  0.0, Avg:  0.0, Max:  0.0, Diff:  0.0, Sum:  0.0, Workers: 4
[1565.349s][debug][gc,phases      ] GC(185)     Dead                           Min: 0, Avg:  0.0, Max: 0, Diff: 0, Sum: 0, Workers: 4
[1565.349s][debug][gc,phases      ] GC(185)     Total                          Min: 0, Avg:  0.0, Max: 0, Diff: 0, Sum: 0, Workers: 4
[1565.349s][debug][gc,phases      ] GC(185)   Weak JFR Old Object Samples    Min:  0.0, Avg:  0.0, Max:  0.0, Diff:  0.0, Sum:  0.0, Workers: 4
[1565.349s][debug][gc,phases      ] GC(185)     Dead                           Min: 0, Avg:  0.0, Max: 0, Diff: 0, Sum: 0, Workers: 4
[1565.349s][debug][gc,phases      ] GC(185)     Total                          Min: 0, Avg:  0.0, Max: 0, Diff: 0, Sum: 0, Workers: 4
[1565.349s][debug][gc,phases      ] GC(185) Weak Processing 0.365ms
[1565.349s][debug][gc,age         ] GC(185) Desired survivor size 5767168 bytes, new threshold 15 (max threshold 15)
[1565.349s][info ][gc,heap        ] GC(185) PSYoungGen: 2089904K(2091520K)->3984K(2091520K) Eden: 2085888K(2085888K)->0K(2085888K) From: 4016K(5632K)->3984K(5632K)
[1565.349s][info ][gc,heap        ] GC(185) ParOldGen: 389711K(430080K)->389759K(430080K)
[1565.349s][info ][gc,metaspace   ] GC(185) Metaspace: 85534K(86656K)->85534K(86656K) NonClass: 73173K(73792K)->73173K(73792K) Class: 12361K(12864K)->12361K(12864K)
[1565.349s][info ][gc             ] GC(185) Pause Young (GCLocker Initiated GC) 2421M->384M(2462M) 4.552ms
[1565.349s][info ][gc,cpu         ] GC(185) User=0.01s Sys=0.00s Real=0.00s
[1565.349s][info ][safepoint      ] Safepoint "ParallelGCSystemGC", Time since last: 74000 ns, Reaching safepoint: 68700 ns, Cleanup: 13600 ns, At safepoint: 4622412 ns, Total: 4704712 ns
[1572.696s][info ][gc,start       ] GC(186) Pause Young (Allocation Failure)
[1572.701s][debug][gc,phases      ] GC(186) Scavenge 5.477ms
[1572.701s][debug][gc,ref         ] GC(186) Skipped phase 1 of Reference Processing: no references
[1572.701s][debug][gc,ref         ] GC(186) ReferenceProcessor::execute queues: 1, RefProcThreadModel::Single, marks_oops_alive: false
[1572.701s][debug][gc,ref         ] GC(186) Skipped phase 3 of Reference Processing: no references
[1572.701s][debug][gc,ref         ] GC(186) Skipped phase 4 of Reference Processing: no references
[1572.701s][debug][gc,phases      ] GC(186) Reference Processing 0.155ms
[1572.701s][debug][gc,phases      ] GC(186)   VM Weak                        Min:  0.0, Avg:  0.0, Max:  0.0, Diff:  0.0, Sum:  0.0, Workers: 4
[1572.701s][debug][gc,phases      ] GC(186)     Dead                           Min: 0, Avg:  0.0, Max: 0, Diff: 0, Sum: 0, Workers: 4
[1572.701s][debug][gc,phases      ] GC(186)     Total                          Min: 0, Avg: 217.0, Max: 512, Diff: 512, Sum: 868, Workers: 4
[1572.701s][debug][gc,phases      ] GC(186)   ObjectSynchronizer Weak        Min:  0.0, Avg:  0.0, Max:  0.0, Diff:  0.0, Sum:  0.0, Workers: 4
[1572.701s][debug][gc,phases      ] GC(186)     Dead                           Min: 0, Avg:  0.0, Max: 0, Diff: 0, Sum: 0, Workers: 4
[1572.701s][debug][gc,phases      ] GC(186)     Total                          Min: 0, Avg:  1.0, Max: 4, Diff: 4, Sum: 4, Workers: 4
[1572.701s][debug][gc,phases      ] GC(186)   JVMTI Tag Weak OopStorage      Min:  0.0, Avg:  0.0, Max:  0.0, Diff:  0.0, Sum:  0.0, Workers: 4
[1572.701s][debug][gc,phases      ] GC(186)     Dead                           Min: 0, Avg:  0.0, Max: 0, Diff: 0, Sum: 0, Workers: 4
[1572.701s][debug][gc,phases      ] GC(186)     Total                          Min: 0, Avg:  0.0, Max: 0, Diff: 0, Sum: 0, Workers: 4
[1572.701s][debug][gc,phases      ] GC(186)   StringTable Weak               Min:  0.0, Avg:  0.1, Max:  0.1, Diff:  0.1, Sum:  0.4, Workers: 4
[1572.701s][debug][gc,phases      ] GC(186)     Dead                           Min: 0, Avg:  0.0, Max: 0, Diff: 0, Sum: 0, Workers: 4
[1572.702s][debug][gc,phases      ] GC(186)     Total                          Min: 0, Avg: 11191.0, Max: 15744, Diff: 15744, Sum: 44764, Workers: 4
[1572.702s][debug][gc,phases      ] GC(186)   ResolvedMethodTable Weak       Min:  0.0, Avg:  0.0, Max:  0.0, Diff:  0.0, Sum:  0.1, Workers: 4
[1572.702s][debug][gc,phases      ] GC(186)     Dead                           Min: 0, Avg:  0.0, Max: 0, Diff: 0, Sum: 0, Workers: 4
[1572.702s][debug][gc,phases      ] GC(186)     Total                          Min: 0, Avg: 2628.0, Max: 3904, Diff: 3904, Sum: 10512, Workers: 4
[1572.702s][debug][gc,phases      ] GC(186)   JNI Weak                       Min:  0.0, Avg:  0.0, Max:  0.0, Diff:  0.0, Sum:  0.0, Workers: 4
[1572.702s][debug][gc,phases      ] GC(186)     Dead                           Min: 0, Avg:  0.0, Max: 0, Diff: 0, Sum: 0, Workers: 4
[1572.702s][debug][gc,phases      ] GC(186)     Total                          Min: 0, Avg: 11.2, Max: 45, Diff: 45, Sum: 45, Workers: 4
[1572.702s][debug][gc,phases      ] GC(186)   StringDedup Table Weak         Min:  0.0, Avg:  0.0, Max:  0.0, Diff:  0.0, Sum:  0.0, Workers: 4
[1572.702s][debug][gc,phases      ] GC(186)     Dead                           Min: 0, Avg:  0.0, Max: 0, Diff: 0, Sum: 0, Workers: 4
[1572.702s][debug][gc,phases      ] GC(186)     Total                          Min: 0, Avg:  0.0, Max: 0, Diff: 0, Sum: 0, Workers: 4
[1572.702s][debug][gc,phases      ] GC(186)   StringDedup Requests0 Weak     Min:  0.0, Avg:  0.0, Max:  0.0, Diff:  0.0, Sum:  0.0, Workers: 4
[1572.702s][debug][gc,phases      ] GC(186)     Dead                           Min: 0, Avg:  0.0, Max: 0, Diff: 0, Sum: 0, Workers: 4
[1572.702s][debug][gc,phases      ] GC(186)     Total                          Min: 0, Avg:  0.0, Max: 0, Diff: 0, Sum: 0, Workers: 4
[1572.702s][debug][gc,phases      ] GC(186)   StringDedup Requests1 Weak     Min:  0.0, Avg:  0.0, Max:  0.0, Diff:  0.0, Sum:  0.0, Workers: 4
[1572.702s][debug][gc,phases      ] GC(186)     Dead                           Min: 0, Avg:  0.0, Max: 0, Diff: 0, Sum: 0, Workers: 4
[1572.702s][debug][gc,phases      ] GC(186)     Total                          Min: 0, Avg:  0.0, Max: 0, Diff: 0, Sum: 0, Workers: 4
[1572.702s][debug][gc,phases      ] GC(186)   Weak JFR Old Object Samples    Min:  0.0, Avg:  0.0, Max:  0.0, Diff:  0.0, Sum:  0.0, Workers: 4
[1572.702s][debug][gc,phases      ] GC(186)     Dead                           Min: 0, Avg:  0.0, Max: 0, Diff: 0, Sum: 0, Workers: 4
[1572.702s][debug][gc,phases      ] GC(186)     Total                          Min: 0, Avg:  0.0, Max: 0, Diff: 0, Sum: 0, Workers: 4
[1572.702s][debug][gc,phases      ] GC(186) Weak Processing 0.355ms
[1572.702s][debug][gc,age         ] GC(186) Desired survivor size 5767168 bytes, new threshold 15 (max threshold 15)
[1572.702s][info ][gc,heap        ] GC(186) PSYoungGen: 2089872K(2091520K)->3984K(2091520K) Eden: 2085888K(2085888K)->0K(2085888K) From: 3984K(5632K)->3984K(5632K)
[1572.702s][info ][gc,heap        ] GC(186) ParOldGen: 389761K(430080K)->389785K(430080K)
[1572.702s][info ][gc,metaspace   ] GC(186) Metaspace: 85536K(86656K)->85536K(86656K) NonClass: 73174K(73792K)->73174K(73792K) Class: 12361K(12864K)->12361K(12864K)
[1572.702s][info ][gc             ] GC(186) Pause Young (Allocation Failure) 2421M->384M(2462M) 6.100ms
[1572.702s][info ][gc,cpu         ] GC(186) User=0.01s Sys=0.01s Real=0.01s
[1572.702s][info ][safepoint      ] Safepoint "ParallelGCFailedAllocation", Time since last: 7346497999 ns, Reaching safepoint: 77301 ns, Cleanup: 17300 ns, At safepoint: 6167914 ns, Total: 6262515 ns
[1580.046s][info ][safepoint      ] Safepoint "ParallelGCFailedAllocation", Time since last: 7344271964 ns, Reaching safepoint: 73600 ns, Cleanup: 31401 ns, At safepoint: 37300 ns, Total: 142301 ns
[1580.046s][info ][gc,start       ] GC(187) Pause Young (GCLocker Initiated GC)
[1580.053s][debug][gc,phases      ] GC(187) Scavenge 6.490ms
[1580.053s][debug][gc,ref         ] GC(187) Skipped phase 1 of Reference Processing: no references
[1580.053s][debug][gc,ref         ] GC(187) ReferenceProcessor::execute queues: 1, RefProcThreadModel::Single, marks_oops_alive: false
[1580.053s][debug][gc,ref         ] GC(187) Skipped phase 3 of Reference Processing: no references
[1580.053s][debug][gc,ref         ] GC(187) Skipped phase 4 of Reference Processing: no references
[1580.053s][debug][gc,phases      ] GC(187) Reference Processing 0.094ms
[1580.053s][debug][gc,phases      ] GC(187)   VM Weak                        Min:  0.0, Avg:  0.0, Max:  0.0, Diff:  0.0, Sum:  0.0, Workers: 4
[1580.053s][debug][gc,phases      ] GC(187)     Dead                           Min: 0, Avg:  0.0, Max: 0, Diff: 0, Sum: 0, Workers: 4
[1580.053s][debug][gc,phases      ] GC(187)     Total                          Min: 0, Avg: 217.0, Max: 512, Diff: 512, Sum: 868, Workers: 4
[1580.053s][debug][gc,phases      ] GC(187)   ObjectSynchronizer Weak        Min:  0.0, Avg:  0.0, Max:  0.0, Diff:  0.0, Sum:  0.0, Workers: 4
[1580.053s][debug][gc,phases      ] GC(187)     Dead                           Min: 0, Avg:  0.0, Max: 0, Diff: 0, Sum: 0, Workers: 4
[1580.053s][debug][gc,phases      ] GC(187)     Total                          Min: 0, Avg:  1.0, Max: 4, Diff: 4, Sum: 4, Workers: 4
[1580.053s][debug][gc,phases      ] GC(187)   JVMTI Tag Weak OopStorage      Min:  0.0, Avg:  0.0, Max:  0.0, Diff:  0.0, Sum:  0.0, Workers: 4
[1580.053s][debug][gc,phases      ] GC(187)     Dead                           Min: 0, Avg:  0.0, Max: 0, Diff: 0, Sum: 0, Workers: 4
[1580.053s][debug][gc,phases      ] GC(187)     Total                          Min: 0, Avg:  0.0, Max: 0, Diff: 0, Sum: 0, Workers: 4
[1580.053s][debug][gc,phases      ] GC(187)   StringTable Weak               Min:  0.0, Avg:  0.1, Max:  0.2, Diff:  0.2, Sum:  0.5, Workers: 4
[1580.053s][debug][gc,phases      ] GC(187)     Dead                           Min: 0, Avg:  0.0, Max: 0, Diff: 0, Sum: 0, Workers: 4
[1580.053s][debug][gc,phases      ] GC(187)     Total                          Min: 0, Avg: 11191.0, Max: 16192, Diff: 16192, Sum: 44764, Workers: 4
[1580.053s][debug][gc,phases      ] GC(187)   ResolvedMethodTable Weak       Min:  0.0, Avg:  0.0, Max:  0.0, Diff:  0.0, Sum:  0.1, Workers: 4
[1580.053s][debug][gc,phases      ] GC(187)     Dead                           Min: 0, Avg:  0.0, Max: 0, Diff: 0, Sum: 0, Workers: 4
[1580.053s][debug][gc,phases      ] GC(187)     Total                          Min: 0, Avg: 2628.0, Max: 3712, Diff: 3712, Sum: 10512, Workers: 4
[1580.053s][debug][gc,phases      ] GC(187)   JNI Weak                       Min:  0.0, Avg:  0.0, Max:  0.0, Diff:  0.0, Sum:  0.0, Workers: 4
[1580.053s][debug][gc,phases      ] GC(187)     Dead                           Min: 0, Avg:  0.0, Max: 0, Diff: 0, Sum: 0, Workers: 4
[1580.053s][debug][gc,phases      ] GC(187)     Total                          Min: 0, Avg: 11.2, Max: 45, Diff: 45, Sum: 45, Workers: 4
[1580.053s][debug][gc,phases      ] GC(187)   StringDedup Table Weak         Min:  0.0, Avg:  0.0, Max:  0.0, Diff:  0.0, Sum:  0.0, Workers: 4
[1580.053s][debug][gc,phases      ] GC(187)     Dead                           Min: 0, Avg:  0.0, Max: 0, Diff: 0, Sum: 0, Workers: 4
[1580.053s][debug][gc,phases      ] GC(187)     Total                          Min: 0, Avg:  0.0, Max: 0, Diff: 0, Sum: 0, Workers: 4
[1580.053s][debug][gc,phases      ] GC(187)   StringDedup Requests0 Weak     Min:  0.0, Avg:  0.0, Max:  0.0, Diff:  0.0, Sum:  0.0, Workers: 4
[1580.053s][debug][gc,phases      ] GC(187)     Dead                           Min: 0, Avg:  0.0, Max: 0, Diff: 0, Sum: 0, Workers: 4
[1580.053s][debug][gc,phases      ] GC(187)     Total                          Min: 0, Avg:  0.0, Max: 0, Diff: 0, Sum: 0, Workers: 4
[1580.053s][debug][gc,phases      ] GC(187)   StringDedup Requests1 Weak     Min:  0.0, Avg:  0.0, Max:  0.0, Diff:  0.0, Sum:  0.0, Workers: 4
[1580.053s][debug][gc,phases      ] GC(187)     Dead                           Min: 0, Avg:  0.0, Max: 0, Diff: 0, Sum: 0, Workers: 4
[1580.053s][debug][gc,phases      ] GC(187)     Total                          Min: 0, Avg:  0.0, Max: 0, Diff: 0, Sum: 0, Workers: 4
[1580.053s][debug][gc,phases      ] GC(187)   Weak JFR Old Object Samples    Min:  0.0, Avg:  0.0, Max:  0.0, Diff:  0.0, Sum:  0.0, Workers: 4
[1580.053s][debug][gc,phases      ] GC(187)     Dead                           Min: 0, Avg:  0.0, Max: 0, Diff: 0, Sum: 0, Workers: 4
[1580.053s][debug][gc,phases      ] GC(187)     Total                          Min: 0, Avg:  0.0, Max: 0, Diff: 0, Sum: 0, Workers: 4
[1580.053s][debug][gc,phases      ] GC(187) Weak Processing 0.365ms
[1580.053s][debug][gc,age         ] GC(187) Desired survivor size 5767168 bytes, new threshold 15 (max threshold 15)
[1580.053s][info ][gc,heap        ] GC(187) PSYoungGen: 2089872K(2091520K)->2304K(2091520K) Eden: 2085888K(2085888K)->0K(2085888K) From: 3984K(5632K)->2304K(5632K)
[1580.053s][info ][gc,heap        ] GC(187) ParOldGen: 389785K(430080K)->391529K(430080K)
[1580.053s][info ][gc,metaspace   ] GC(187) Metaspace: 85537K(86656K)->85537K(86656K) NonClass: 73175K(73792K)->73175K(73792K) Class: 12361K(12864K)->12361K(12864K)
[1580.053s][info ][gc             ] GC(187) Pause Young (GCLocker Initiated GC) 2421M->384M(2462M) 7.042ms
[1580.053s][info ][gc,cpu         ] GC(187) User=0.02s Sys=0.00s Real=0.01s
[1580.053s][info ][safepoint      ] Safepoint "ParallelGCSystemGC", Time since last: 70000 ns, Reaching safepoint: 72600 ns, Cleanup: 35600 ns, At safepoint: 7107617 ns, Total: 7215817 ns
[1581.053s][info ][safepoint      ] Safepoint "Cleanup", Time since last: 1000087720 ns, Reaching safepoint: 4100 ns, Cleanup: 45700 ns, At safepoint: 3100 ns, Total: 52900 ns
[1582.054s][info ][safepoint      ] Safepoint "Cleanup", Time since last: 1000100020 ns, Reaching safepoint: 3400 ns, Cleanup: 36900 ns, At safepoint: 3800 ns, Total: 44100 ns
[1585.054s][info ][safepoint      ] Safepoint "Cleanup", Time since last: 3000240859 ns, Reaching safepoint: 4400 ns, Cleanup: 35100 ns, At safepoint: 6600 ns, Total: 46100 ns
[1587.444s][info ][gc,start       ] GC(188) Pause Young (Allocation Failure)
[1587.449s][debug][gc,phases      ] GC(188) Scavenge 5.651ms
[1587.449s][debug][gc,ref         ] GC(188) Skipped phase 1 of Reference Processing: no references
[1587.450s][debug][gc,ref         ] GC(188) ReferenceProcessor::execute queues: 1, RefProcThreadModel::Single, marks_oops_alive: false
[1587.450s][debug][gc,ref         ] GC(188) Skipped phase 3 of Reference Processing: no references
[1587.450s][debug][gc,ref         ] GC(188) Skipped phase 4 of Reference Processing: no references
[1587.450s][debug][gc,phases      ] GC(188) Reference Processing 0.092ms
[1587.450s][debug][gc,phases      ] GC(188)   VM Weak                        Min:  0.0, Avg:  0.0, Max:  0.0, Diff:  0.0, Sum:  0.0, Workers: 4
[1587.450s][debug][gc,phases      ] GC(188)     Dead                           Min: 0, Avg:  0.0, Max: 0, Diff: 0, Sum: 0, Workers: 4
[1587.450s][debug][gc,phases      ] GC(188)     Total                          Min: 0, Avg: 217.0, Max: 576, Diff: 576, Sum: 868, Workers: 4
[1587.450s][debug][gc,phases      ] GC(188)   ObjectSynchronizer Weak        Min:  0.0, Avg:  0.0, Max:  0.0, Diff:  0.0, Sum:  0.0, Workers: 4
[1587.450s][debug][gc,phases      ] GC(188)     Dead                           Min: 0, Avg:  0.0, Max: 0, Diff: 0, Sum: 0, Workers: 4
[1587.450s][debug][gc,phases      ] GC(188)     Total                          Min: 0, Avg:  1.0, Max: 4, Diff: 4, Sum: 4, Workers: 4
[1587.450s][debug][gc,phases      ] GC(188)   JVMTI Tag Weak OopStorage      Min:  0.0, Avg:  0.0, Max:  0.0, Diff:  0.0, Sum:  0.0, Workers: 4
[1587.450s][debug][gc,phases      ] GC(188)     Dead                           Min: 0, Avg:  0.0, Max: 0, Diff: 0, Sum: 0, Workers: 4
[1587.450s][debug][gc,phases      ] GC(188)     Total                          Min: 0, Avg:  0.0, Max: 0, Diff: 0, Sum: 0, Workers: 4
[1587.450s][debug][gc,phases      ] GC(188)   StringTable Weak               Min:  0.0, Avg:  0.1, Max:  0.2, Diff:  0.2, Sum:  0.3, Workers: 4
[1587.450s][debug][gc,phases      ] GC(188)     Dead                           Min: 0, Avg:  0.0, Max: 0, Diff: 0, Sum: 0, Workers: 4
[1587.450s][debug][gc,phases      ] GC(188)     Total                          Min: 0, Avg: 11191.0, Max: 28124, Diff: 28124, Sum: 44764, Workers: 4
[1587.450s][debug][gc,phases      ] GC(188)   ResolvedMethodTable Weak       Min:  0.0, Avg:  0.0, Max:  0.0, Diff:  0.0, Sum:  0.1, Workers: 4
[1587.450s][debug][gc,phases      ] GC(188)     Dead                           Min: 0, Avg:  0.0, Max: 0, Diff: 0, Sum: 0, Workers: 4
[1587.450s][debug][gc,phases      ] GC(188)     Total                          Min: 0, Avg: 2628.0, Max: 6546, Diff: 6546, Sum: 10512, Workers: 4
[1587.450s][debug][gc,phases      ] GC(188)   JNI Weak                       Min:  0.0, Avg:  0.0, Max:  0.0, Diff:  0.0, Sum:  0.0, Workers: 4
[1587.450s][debug][gc,phases      ] GC(188)     Dead                           Min: 0, Avg:  0.0, Max: 0, Diff: 0, Sum: 0, Workers: 4
[1587.450s][debug][gc,phases      ] GC(188)     Total                          Min: 0, Avg: 11.2, Max: 45, Diff: 45, Sum: 45, Workers: 4
[1587.450s][debug][gc,phases      ] GC(188)   StringDedup Table Weak         Min:  0.0, Avg:  0.0, Max:  0.0, Diff:  0.0, Sum:  0.0, Workers: 4
[1587.450s][debug][gc,phases      ] GC(188)     Dead                           Min: 0, Avg:  0.0, Max: 0, Diff: 0, Sum: 0, Workers: 4
[1587.450s][debug][gc,phases      ] GC(188)     Total                          Min: 0, Avg:  0.0, Max: 0, Diff: 0, Sum: 0, Workers: 4
[1587.450s][debug][gc,phases      ] GC(188)   StringDedup Requests0 Weak     Min:  0.0, Avg:  0.0, Max:  0.0, Diff:  0.0, Sum:  0.0, Workers: 4
[1587.450s][debug][gc,phases      ] GC(188)     Dead                           Min: 0, Avg:  0.0, Max: 0, Diff: 0, Sum: 0, Workers: 4
[1587.450s][debug][gc,phases      ] GC(188)     Total                          Min: 0, Avg:  0.0, Max: 0, Diff: 0, Sum: 0, Workers: 4
[1587.450s][debug][gc,phases      ] GC(188)   StringDedup Requests1 Weak     Min:  0.0, Avg:  0.0, Max:  0.0, Diff:  0.0, Sum:  0.0, Workers: 4
[1587.450s][debug][gc,phases      ] GC(188)     Dead                           Min: 0, Avg:  0.0, Max: 0, Diff: 0, Sum: 0, Workers: 4
[1587.450s][debug][gc,phases      ] GC(188)     Total                          Min: 0, Avg:  0.0, Max: 0, Diff: 0, Sum: 0, Workers: 4
[1587.450s][debug][gc,phases      ] GC(188)   Weak JFR Old Object Samples    Min:  0.0, Avg:  0.0, Max:  0.0, Diff:  0.0, Sum:  0.0, Workers: 4
[1587.450s][debug][gc,phases      ] GC(188)     Dead                           Min: 0, Avg:  0.0, Max: 0, Diff: 0, Sum: 0, Workers: 4
[1587.450s][debug][gc,phases      ] GC(188)     Total                          Min: 0, Avg:  0.0, Max: 0, Diff: 0, Sum: 0, Workers: 4
[1587.450s][debug][gc,phases      ] GC(188) Weak Processing 0.369ms
[1587.450s][debug][gc,age         ] GC(188) Desired survivor size 5767168 bytes, new threshold 15 (max threshold 15)
[1587.450s][info ][gc,heap        ] GC(188) PSYoungGen: 2088192K(2091520K)->2320K(2091520K) Eden: 2085888K(2085888K)->0K(2085888K) From: 2304K(5632K)->2320K(5632K)
[1587.450s][info ][gc,heap        ] GC(188) ParOldGen: 391531K(430080K)->391555K(430080K)
[1587.450s][info ][gc,metaspace   ] GC(188) Metaspace: 85537K(86656K)->85537K(86656K) NonClass: 73176K(73792K)->73176K(73792K) Class: 12361K(12864K)->12361K(12864K)
[1587.450s][info ][gc             ] GC(188) Pause Young (Allocation Failure) 2421M->384M(2462M) 6.226ms
[1587.450s][info ][gc,cpu         ] GC(188) User=0.01s Sys=0.00s Real=0.00s
[1587.450s][info ][safepoint      ] Safepoint "ParallelGCFailedAllocation", Time since last: 2389708635 ns, Reaching safepoint: 71600 ns, Cleanup: 32700 ns, At safepoint: 6294418 ns, Total: 6398718 ns
[1595.044s][info ][gc,start       ] GC(189) Pause Young (Allocation Failure)
[1595.051s][debug][gc,phases      ] GC(189) Scavenge 6.339ms
[1595.051s][debug][gc,ref         ] GC(189) Skipped phase 1 of Reference Processing: no references
[1595.051s][debug][gc,ref         ] GC(189) ReferenceProcessor::execute queues: 1, RefProcThreadModel::Single, marks_oops_alive: false
[1595.051s][debug][gc,ref         ] GC(189) Skipped phase 3 of Reference Processing: no references
[1595.051s][debug][gc,ref         ] GC(189) Skipped phase 4 of Reference Processing: no references
[1595.051s][debug][gc,phases      ] GC(189) Reference Processing 0.127ms
[1595.051s][debug][gc,phases      ] GC(189)   VM Weak                        Min:  0.0, Avg:  0.0, Max:  0.0, Diff:  0.0, Sum:  0.0, Workers: 4
[1595.051s][debug][gc,phases      ] GC(189)     Dead                           Min: 0, Avg:  0.0, Max: 0, Diff: 0, Sum: 0, Workers: 4
[1595.051s][debug][gc,phases      ] GC(189)     Total                          Min: 0, Avg: 217.0, Max: 448, Diff: 448, Sum: 868, Workers: 4
[1595.051s][debug][gc,phases      ] GC(189)   ObjectSynchronizer Weak        Min:  0.0, Avg:  0.0, Max:  0.0, Diff:  0.0, Sum:  0.0, Workers: 4
[1595.051s][debug][gc,phases      ] GC(189)     Dead                           Min: 0, Avg:  0.0, Max: 0, Diff: 0, Sum: 0, Workers: 4
[1595.051s][debug][gc,phases      ] GC(189)     Total                          Min: 0, Avg:  1.0, Max: 4, Diff: 4, Sum: 4, Workers: 4
[1595.051s][debug][gc,phases      ] GC(189)   JVMTI Tag Weak OopStorage      Min:  0.0, Avg:  0.0, Max:  0.0, Diff:  0.0, Sum:  0.0, Workers: 4
[1595.051s][debug][gc,phases      ] GC(189)     Dead                           Min: 0, Avg:  0.0, Max: 0, Diff: 0, Sum: 0, Workers: 4
[1595.051s][debug][gc,phases      ] GC(189)     Total                          Min: 0, Avg:  0.0, Max: 0, Diff: 0, Sum: 0, Workers: 4
[1595.051s][debug][gc,phases      ] GC(189)   StringTable Weak               Min:  0.0, Avg:  0.1, Max:  0.2, Diff:  0.2, Sum:  0.4, Workers: 4
[1595.051s][debug][gc,phases      ] GC(189)     Dead                           Min: 0, Avg:  0.0, Max: 0, Diff: 0, Sum: 0, Workers: 4
[1595.051s][debug][gc,phases      ] GC(189)     Total                          Min: 0, Avg: 11191.0, Max: 22528, Diff: 22528, Sum: 44764, Workers: 4
[1595.051s][debug][gc,phases      ] GC(189)   ResolvedMethodTable Weak       Min:  0.0, Avg:  0.0, Max:  0.0, Diff:  0.0, Sum:  0.1, Workers: 4
[1595.051s][debug][gc,phases      ] GC(189)     Dead                           Min: 0, Avg:  0.0, Max: 0, Diff: 0, Sum: 0, Workers: 4
[1595.051s][debug][gc,phases      ] GC(189)     Total                          Min: 0, Avg: 2628.0, Max: 5376, Diff: 5376, Sum: 10512, Workers: 4
[1595.051s][debug][gc,phases      ] GC(189)   JNI Weak                       Min:  0.0, Avg:  0.0, Max:  0.0, Diff:  0.0, Sum:  0.0, Workers: 4
[1595.051s][debug][gc,phases      ] GC(189)     Dead                           Min: 0, Avg:  0.0, Max: 0, Diff: 0, Sum: 0, Workers: 4
[1595.051s][debug][gc,phases      ] GC(189)     Total                          Min: 0, Avg: 11.2, Max: 45, Diff: 45, Sum: 45, Workers: 4
[1595.051s][debug][gc,phases      ] GC(189)   StringDedup Table Weak         Min:  0.0, Avg:  0.0, Max:  0.0, Diff:  0.0, Sum:  0.0, Workers: 4
[1595.051s][debug][gc,phases      ] GC(189)     Dead                           Min: 0, Avg:  0.0, Max: 0, Diff: 0, Sum: 0, Workers: 4
[1595.051s][debug][gc,phases      ] GC(189)     Total                          Min: 0, Avg:  0.0, Max: 0, Diff: 0, Sum: 0, Workers: 4
[1595.051s][debug][gc,phases      ] GC(189)   StringDedup Requests0 Weak     Min:  0.0, Avg:  0.0, Max:  0.0, Diff:  0.0, Sum:  0.0, Workers: 4
[1595.051s][debug][gc,phases      ] GC(189)     Dead                           Min: 0, Avg:  0.0, Max: 0, Diff: 0, Sum: 0, Workers: 4
[1595.051s][debug][gc,phases      ] GC(189)     Total                          Min: 0, Avg:  0.0, Max: 0, Diff: 0, Sum: 0, Workers: 4
[1595.051s][debug][gc,phases      ] GC(189)   StringDedup Requests1 Weak     Min:  0.0, Avg:  0.0, Max:  0.0, Diff:  0.0, Sum:  0.0, Workers: 4
[1595.051s][debug][gc,phases      ] GC(189)     Dead                           Min: 0, Avg:  0.0, Max: 0, Diff: 0, Sum: 0, Workers: 4
[1595.051s][debug][gc,phases      ] GC(189)     Total                          Min: 0, Avg:  0.0, Max: 0, Diff: 0, Sum: 0, Workers: 4
[1595.051s][debug][gc,phases      ] GC(189)   Weak JFR Old Object Samples    Min:  0.0, Avg:  0.0, Max:  0.0, Diff:  0.0, Sum:  0.0, Workers: 4
[1595.051s][debug][gc,phases      ] GC(189)     Dead                           Min: 0, Avg:  0.0, Max: 0, Diff: 0, Sum: 0, Workers: 4
[1595.051s][debug][gc,phases      ] GC(189)     Total                          Min: 0, Avg:  0.0, Max: 0, Diff: 0, Sum: 0, Workers: 4
[1595.051s][debug][gc,phases      ] GC(189) Weak Processing 0.531ms
[1595.051s][debug][gc,age         ] GC(189) Desired survivor size 5767168 bytes, new threshold 15 (max threshold 15)
[1595.051s][info ][gc,heap        ] GC(189) PSYoungGen: 2088208K(2091520K)->2320K(2091520K) Eden: 2085888K(2085888K)->0K(2085888K) From: 2320K(5632K)->2320K(5632K)
[1595.051s][info ][gc,heap        ] GC(189) ParOldGen: 391555K(430080K)->391563K(430080K)
[1595.052s][info ][gc,metaspace   ] GC(189) Metaspace: 85537K(86656K)->85537K(86656K) NonClass: 73176K(73792K)->73176K(73792K) Class: 12361K(12864K)->12361K(12864K)
[1595.052s][info ][gc             ] GC(189) Pause Young (Allocation Failure) 2421M->384M(2462M) 7.121ms
[1595.052s][info ][gc,cpu         ] GC(189) User=0.02s Sys=0.00s Real=0.00s
[1595.052s][info ][safepoint      ] Safepoint "ParallelGCFailedAllocation", Time since last: 7594233380 ns, Reaching safepoint: 73400 ns, Cleanup: 32800 ns, At safepoint: 7200426 ns, Total: 7306626 ns
[1596.052s][info ][safepoint      ] Safepoint "Cleanup", Time since last: 1000086541 ns, Reaching safepoint: 5900 ns, Cleanup: 35600 ns, At safepoint: 4200 ns, Total: 45700 ns
[1604.052s][info ][safepoint      ] Safepoint "Cleanup", Time since last: 8000526805 ns, Reaching safepoint: 4000 ns, Cleanup: 36301 ns, At safepoint: 3400 ns, Total: 43701 ns
[1604.191s][info ][gc,start       ] GC(190) Pause Young (Allocation Failure)
[1604.196s][debug][gc,phases      ] GC(190) Scavenge 4.703ms
[1604.196s][debug][gc,ref         ] GC(190) Skipped phase 1 of Reference Processing: no references
[1604.196s][debug][gc,ref         ] GC(190) ReferenceProcessor::execute queues: 1, RefProcThreadModel::Single, marks_oops_alive: false
[1604.196s][debug][gc,ref         ] GC(190) Skipped phase 3 of Reference Processing: no references
[1604.196s][debug][gc,ref         ] GC(190) ReferenceProcessor::execute queues: 1, RefProcThreadModel::Single, marks_oops_alive: false
[1604.196s][debug][gc,phases      ] GC(190) Reference Processing 0.081ms
[1604.197s][debug][gc,phases      ] GC(190)   VM Weak                        Min:  0.0, Avg:  0.0, Max:  0.0, Diff:  0.0, Sum:  0.0, Workers: 4
[1604.197s][debug][gc,phases      ] GC(190)     Dead                           Min: 0, Avg:  0.0, Max: 0, Diff: 0, Sum: 0, Workers: 4
[1604.197s][debug][gc,phases      ] GC(190)     Total                          Min: 0, Avg: 217.0, Max: 548, Diff: 548, Sum: 868, Workers: 4
[1604.197s][debug][gc,phases      ] GC(190)   ObjectSynchronizer Weak        Min:  0.0, Avg:  0.0, Max:  0.0, Diff:  0.0, Sum:  0.0, Workers: 4
[1604.197s][debug][gc,phases      ] GC(190)     Dead                           Min: 0, Avg:  0.0, Max: 0, Diff: 0, Sum: 0, Workers: 4
[1604.197s][debug][gc,phases      ] GC(190)     Total                          Min: 0, Avg:  1.0, Max: 4, Diff: 4, Sum: 4, Workers: 4
[1604.197s][debug][gc,phases      ] GC(190)   JVMTI Tag Weak OopStorage      Min:  0.0, Avg:  0.0, Max:  0.0, Diff:  0.0, Sum:  0.0, Workers: 4
[1604.197s][debug][gc,phases      ] GC(190)     Dead                           Min: 0, Avg:  0.0, Max: 0, Diff: 0, Sum: 0, Workers: 4
[1604.197s][debug][gc,phases      ] GC(190)     Total                          Min: 0, Avg:  0.0, Max: 0, Diff: 0, Sum: 0, Workers: 4
[1604.197s][debug][gc,phases      ] GC(190)   StringTable Weak               Min:  0.0, Avg:  0.1, Max:  0.2, Diff:  0.2, Sum:  0.3, Workers: 4
[1604.197s][debug][gc,phases      ] GC(190)     Dead                           Min: 0, Avg:  0.0, Max: 0, Diff: 0, Sum: 0, Workers: 4
[1604.197s][debug][gc,phases      ] GC(190)     Total                          Min: 0, Avg: 11191.5, Max: 26718, Diff: 26718, Sum: 44766, Workers: 4
[1604.197s][debug][gc,phases      ] GC(190)   ResolvedMethodTable Weak       Min:  0.0, Avg:  0.0, Max:  0.0, Diff:  0.0, Sum:  0.1, Workers: 4
[1604.197s][debug][gc,phases      ] GC(190)     Dead                           Min: 0, Avg:  0.0, Max: 0, Diff: 0, Sum: 0, Workers: 4
[1604.197s][debug][gc,phases      ] GC(190)     Total                          Min: 0, Avg: 2628.0, Max: 6208, Diff: 6208, Sum: 10512, Workers: 4
[1604.197s][debug][gc,phases      ] GC(190)   JNI Weak                       Min:  0.0, Avg:  0.0, Max:  0.0, Diff:  0.0, Sum:  0.0, Workers: 4
[1604.197s][debug][gc,phases      ] GC(190)     Dead                           Min: 0, Avg:  0.0, Max: 0, Diff: 0, Sum: 0, Workers: 4
[1604.197s][debug][gc,phases      ] GC(190)     Total                          Min: 0, Avg: 11.2, Max: 45, Diff: 45, Sum: 45, Workers: 4
[1604.197s][debug][gc,phases      ] GC(190)   StringDedup Table Weak         Min:  0.0, Avg:  0.0, Max:  0.0, Diff:  0.0, Sum:  0.0, Workers: 4
[1604.197s][debug][gc,phases      ] GC(190)     Dead                           Min: 0, Avg:  0.0, Max: 0, Diff: 0, Sum: 0, Workers: 4
[1604.197s][debug][gc,phases      ] GC(190)     Total                          Min: 0, Avg:  0.0, Max: 0, Diff: 0, Sum: 0, Workers: 4
[1604.197s][debug][gc,phases      ] GC(190)   StringDedup Requests0 Weak     Min:  0.0, Avg:  0.0, Max:  0.0, Diff:  0.0, Sum:  0.0, Workers: 4
[1604.197s][debug][gc,phases      ] GC(190)     Dead                           Min: 0, Avg:  0.0, Max: 0, Diff: 0, Sum: 0, Workers: 4
[1604.197s][debug][gc,phases      ] GC(190)     Total                          Min: 0, Avg:  0.0, Max: 0, Diff: 0, Sum: 0, Workers: 4
[1604.197s][debug][gc,phases      ] GC(190)   StringDedup Requests1 Weak     Min:  0.0, Avg:  0.0, Max:  0.0, Diff:  0.0, Sum:  0.0, Workers: 4
[1604.197s][debug][gc,phases      ] GC(190)     Dead                           Min: 0, Avg:  0.0, Max: 0, Diff: 0, Sum: 0, Workers: 4
[1604.197s][debug][gc,phases      ] GC(190)     Total                          Min: 0, Avg:  0.0, Max: 0, Diff: 0, Sum: 0, Workers: 4
[1604.197s][debug][gc,phases      ] GC(190)   Weak JFR Old Object Samples    Min:  0.0, Avg:  0.0, Max:  0.0, Diff:  0.0, Sum:  0.0, Workers: 4
[1604.197s][debug][gc,phases      ] GC(190)     Dead                           Min: 0, Avg:  0.0, Max: 0, Diff: 0, Sum: 0, Workers: 4
[1604.197s][debug][gc,phases      ] GC(190)     Total                          Min: 0, Avg:  0.0, Max: 0, Diff: 0, Sum: 0, Workers: 4
[1604.197s][debug][gc,phases      ] GC(190) Weak Processing 0.370ms
[1604.197s][debug][gc,age         ] GC(190) Desired survivor size 5767168 bytes, new threshold 15 (max threshold 15)
[1604.197s][info ][gc,heap        ] GC(190) PSYoungGen: 2088208K(2091520K)->2240K(2091520K) Eden: 2085888K(2085888K)->0K(2085888K) From: 2320K(5632K)->2240K(5632K)
[1604.197s][info ][gc,heap        ] GC(190) ParOldGen: 391563K(430080K)->391587K(430080K)
[1604.197s][info ][gc,metaspace   ] GC(190) Metaspace: 85552K(86656K)->85552K(86656K) NonClass: 73190K(73792K)->73190K(73792K) Class: 12361K(12864K)->12361K(12864K)
[1604.197s][info ][gc             ] GC(190) Pause Young (Allocation Failure) 2421M->384M(2462M) 5.256ms
[1604.197s][info ][gc,cpu         ] GC(190) User=0.01s Sys=0.00s Real=0.01s
[1604.197s][info ][safepoint      ] Safepoint "ParallelGCFailedAllocation", Time since last: 139091616 ns, Reaching safepoint: 3500 ns, Cleanup: 26000 ns, At safepoint: 5312524 ns, Total: 5342024 ns
[1610.197s][info ][safepoint      ] Safepoint "Cleanup", Time since last: 6000393179 ns, Reaching safepoint: 5200 ns, Cleanup: 35600 ns, At safepoint: 22200 ns, Total: 63000 ns
[1614.192s][info ][gc,start       ] GC(191) Pause Young (Allocation Failure)
[1614.198s][debug][gc,phases      ] GC(191) Scavenge 5.248ms
[1614.198s][debug][gc,ref         ] GC(191) Skipped phase 1 of Reference Processing: no references
[1614.198s][debug][gc,ref         ] GC(191) ReferenceProcessor::execute queues: 1, RefProcThreadModel::Single, marks_oops_alive: false
[1614.198s][debug][gc,ref         ] GC(191) ReferenceProcessor::execute queues: 4, RefProcThreadModel::Multi, marks_oops_alive: true
[1614.198s][debug][gc,ref         ] GC(191) ReferenceProcessor::execute queues: 1, RefProcThreadModel::Single, marks_oops_alive: false
[1614.198s][debug][gc,phases      ] GC(191) Reference Processing 0.381ms
[1614.198s][debug][gc,phases      ] GC(191)   VM Weak                        Min:  0.0, Avg:  0.0, Max:  0.0, Diff:  0.0, Sum:  0.0, Workers: 4
[1614.198s][debug][gc,phases      ] GC(191)     Dead                           Min: 0, Avg:  0.0, Max: 0, Diff: 0, Sum: 0, Workers: 4
[1614.198s][debug][gc,phases      ] GC(191)     Total                          Min: 0, Avg: 217.0, Max: 640, Diff: 640, Sum: 868, Workers: 4
[1614.198s][debug][gc,phases      ] GC(191)   ObjectSynchronizer Weak        Min:  0.0, Avg:  0.0, Max:  0.0, Diff:  0.0, Sum:  0.0, Workers: 4
[1614.198s][debug][gc,phases      ] GC(191)     Dead                           Min: 0, Avg:  0.0, Max: 0, Diff: 0, Sum: 0, Workers: 4
[1614.198s][debug][gc,phases      ] GC(191)     Total                          Min: 0, Avg:  1.0, Max: 4, Diff: 4, Sum: 4, Workers: 4
[1614.198s][debug][gc,phases      ] GC(191)   JVMTI Tag Weak OopStorage      Min:  0.0, Avg:  0.0, Max:  0.0, Diff:  0.0, Sum:  0.0, Workers: 4
[1614.198s][debug][gc,phases      ] GC(191)     Dead                           Min: 0, Avg:  0.0, Max: 0, Diff: 0, Sum: 0, Workers: 4
[1614.198s][debug][gc,phases      ] GC(191)     Total                          Min: 0, Avg:  0.0, Max: 0, Diff: 0, Sum: 0, Workers: 4
[1614.198s][debug][gc,phases      ] GC(191)   StringTable Weak               Min:  0.0, Avg:  0.1, Max:  0.2, Diff:  0.2, Sum:  0.3, Workers: 4
[1614.198s][debug][gc,phases      ] GC(191)     Dead                           Min: 0, Avg:  0.0, Max: 0, Diff: 0, Sum: 0, Workers: 4
[1614.198s][debug][gc,phases      ] GC(191)     Total                          Min: 0, Avg: 11192.0, Max: 27296, Diff: 27296, Sum: 44768, Workers: 4
[1614.198s][debug][gc,phases      ] GC(191)   ResolvedMethodTable Weak       Min:  0.0, Avg:  0.0, Max:  0.0, Diff:  0.0, Sum:  0.1, Workers: 4
[1614.198s][debug][gc,phases      ] GC(191)     Dead                           Min: 0, Avg:  0.0, Max: 0, Diff: 0, Sum: 0, Workers: 4
[1614.198s][debug][gc,phases      ] GC(191)     Total                          Min: 0, Avg: 2628.0, Max: 5694, Diff: 5694, Sum: 10512, Workers: 4
[1614.198s][debug][gc,phases      ] GC(191)   JNI Weak                       Min:  0.0, Avg:  0.0, Max:  0.0, Diff:  0.0, Sum:  0.0, Workers: 4
[1614.198s][debug][gc,phases      ] GC(191)     Dead                           Min: 0, Avg:  0.0, Max: 0, Diff: 0, Sum: 0, Workers: 4
[1614.198s][debug][gc,phases      ] GC(191)     Total                          Min: 0, Avg: 11.2, Max: 45, Diff: 45, Sum: 45, Workers: 4
[1614.198s][debug][gc,phases      ] GC(191)   StringDedup Table Weak         Min:  0.0, Avg:  0.0, Max:  0.0, Diff:  0.0, Sum:  0.0, Workers: 4
[1614.198s][debug][gc,phases      ] GC(191)     Dead                           Min: 0, Avg:  0.0, Max: 0, Diff: 0, Sum: 0, Workers: 4
[1614.198s][debug][gc,phases      ] GC(191)     Total                          Min: 0, Avg:  0.0, Max: 0, Diff: 0, Sum: 0, Workers: 4
[1614.198s][debug][gc,phases      ] GC(191)   StringDedup Requests0 Weak     Min:  0.0, Avg:  0.0, Max:  0.0, Diff:  0.0, Sum:  0.0, Workers: 4
[1614.198s][debug][gc,phases      ] GC(191)     Dead                           Min: 0, Avg:  0.0, Max: 0, Diff: 0, Sum: 0, Workers: 4
[1614.198s][debug][gc,phases      ] GC(191)     Total                          Min: 0, Avg:  0.0, Max: 0, Diff: 0, Sum: 0, Workers: 4
[1614.198s][debug][gc,phases      ] GC(191)   StringDedup Requests1 Weak     Min:  0.0, Avg:  0.0, Max:  0.0, Diff:  0.0, Sum:  0.0, Workers: 4
[1614.198s][debug][gc,phases      ] GC(191)     Dead                           Min: 0, Avg:  0.0, Max: 0, Diff: 0, Sum: 0, Workers: 4
[1614.198s][debug][gc,phases      ] GC(191)     Total                          Min: 0, Avg:  0.0, Max: 0, Diff: 0, Sum: 0, Workers: 4
[1614.198s][debug][gc,phases      ] GC(191)   Weak JFR Old Object Samples    Min:  0.0, Avg:  0.0, Max:  0.0, Diff:  0.0, Sum:  0.0, Workers: 4
[1614.198s][debug][gc,phases      ] GC(191)     Dead                           Min: 0, Avg:  0.0, Max: 0, Diff: 0, Sum: 0, Workers: 4
[1614.198s][debug][gc,phases      ] GC(191)     Total                          Min: 0, Avg:  0.0, Max: 0, Diff: 0, Sum: 0, Workers: 4
[1614.198s][debug][gc,phases      ] GC(191) Weak Processing 0.440ms
[1614.198s][debug][gc,age         ] GC(191) Desired survivor size 5767168 bytes, new threshold 15 (max threshold 15)
[1614.199s][info ][gc,heap        ] GC(191) PSYoungGen: 2088128K(2091520K)->2320K(2091520K) Eden: 2085888K(2085888K)->0K(2085888K) From: 2240K(5632K)->2320K(5632K)
[1614.199s][info ][gc,heap        ] GC(191) ParOldGen: 391587K(430080K)->391619K(430080K)
[1614.199s][info ][gc,metaspace   ] GC(191) Metaspace: 85555K(86656K)->85555K(86656K) NonClass: 73194K(73792K)->73194K(73792K) Class: 12361K(12864K)->12361K(12864K)
[1614.199s][info ][gc             ] GC(191) Pause Young (Allocation Failure) 2421M->384M(2462M) 6.176ms
[1614.199s][info ][gc,cpu         ] GC(191) User=0.01s Sys=0.00s Real=0.01s
[1614.199s][info ][safepoint      ] Safepoint "ParallelGCFailedAllocation", Time since last: 3995051392 ns, Reaching safepoint: 71400 ns, Cleanup: 29900 ns, At safepoint: 6249119 ns, Total: 6350419 ns
[1623.993s][info ][gc,start       ] GC(192) Pause Young (Allocation Failure)
[1623.998s][debug][gc,phases      ] GC(192) Scavenge 4.874ms
[1623.998s][debug][gc,ref         ] GC(192) Skipped phase 1 of Reference Processing: no references
[1623.998s][debug][gc,ref         ] GC(192) ReferenceProcessor::execute queues: 1, RefProcThreadModel::Single, marks_oops_alive: false
[1623.998s][debug][gc,ref         ] GC(192) ReferenceProcessor::execute queues: 4, RefProcThreadModel::Multi, marks_oops_alive: true
[1623.998s][debug][gc,ref         ] GC(192) Skipped phase 4 of Reference Processing: no references
[1623.998s][debug][gc,phases      ] GC(192) Reference Processing 0.345ms
[1623.999s][debug][gc,phases      ] GC(192)   VM Weak                        Min:  0.0, Avg:  0.0, Max:  0.0, Diff:  0.0, Sum:  0.0, Workers: 4
[1623.999s][debug][gc,phases      ] GC(192)     Dead                           Min: 0, Avg:  0.0, Max: 0, Diff: 0, Sum: 0, Workers: 4
[1623.999s][debug][gc,phases      ] GC(192)     Total                          Min: 0, Avg: 217.0, Max: 612, Diff: 612, Sum: 868, Workers: 4
[1623.999s][debug][gc,phases      ] GC(192)   ObjectSynchronizer Weak        Min:  0.0, Avg:  0.0, Max:  0.0, Diff:  0.0, Sum:  0.0, Workers: 4
[1623.999s][debug][gc,phases      ] GC(192)     Dead                           Min: 0, Avg:  0.0, Max: 0, Diff: 0, Sum: 0, Workers: 4
[1623.999s][debug][gc,phases      ] GC(192)     Total                          Min: 0, Avg:  1.0, Max: 4, Diff: 4, Sum: 4, Workers: 4
[1623.999s][debug][gc,phases      ] GC(192)   JVMTI Tag Weak OopStorage      Min:  0.0, Avg:  0.0, Max:  0.0, Diff:  0.0, Sum:  0.0, Workers: 4
[1623.999s][debug][gc,phases      ] GC(192)     Dead                           Min: 0, Avg:  0.0, Max: 0, Diff: 0, Sum: 0, Workers: 4
[1623.999s][debug][gc,phases      ] GC(192)     Total                          Min: 0, Avg:  0.0, Max: 0, Diff: 0, Sum: 0, Workers: 4
[1623.999s][debug][gc,phases      ] GC(192)   StringTable Weak               Min:  0.0, Avg:  0.1, Max:  0.1, Diff:  0.1, Sum:  0.4, Workers: 4
[1623.999s][debug][gc,phases      ] GC(192)     Dead                           Min: 0, Avg:  0.0, Max: 0, Diff: 0, Sum: 0, Workers: 4
[1623.999s][debug][gc,phases      ] GC(192)     Total                          Min: 0, Avg: 11192.0, Max: 15072, Diff: 15072, Sum: 44768, Workers: 4
[1623.999s][debug][gc,phases      ] GC(192)   ResolvedMethodTable Weak       Min:  0.0, Avg:  0.0, Max:  0.0, Diff:  0.0, Sum:  0.1, Workers: 4
[1623.999s][debug][gc,phases      ] GC(192)     Dead                           Min: 0, Avg:  0.0, Max: 0, Diff: 0, Sum: 0, Workers: 4
[1623.999s][debug][gc,phases      ] GC(192)     Total                          Min: 0, Avg: 2628.0, Max: 3840, Diff: 3840, Sum: 10512, Workers: 4
[1623.999s][debug][gc,phases      ] GC(192)   JNI Weak                       Min:  0.0, Avg:  0.0, Max:  0.0, Diff:  0.0, Sum:  0.0, Workers: 4
[1623.999s][debug][gc,phases      ] GC(192)     Dead                           Min: 0, Avg:  0.0, Max: 0, Diff: 0, Sum: 0, Workers: 4
[1623.999s][debug][gc,phases      ] GC(192)     Total                          Min: 0, Avg: 11.2, Max: 45, Diff: 45, Sum: 45, Workers: 4
[1623.999s][debug][gc,phases      ] GC(192)   StringDedup Table Weak         Min:  0.0, Avg:  0.0, Max:  0.0, Diff:  0.0, Sum:  0.0, Workers: 4
[1623.999s][debug][gc,phases      ] GC(192)     Dead                           Min: 0, Avg:  0.0, Max: 0, Diff: 0, Sum: 0, Workers: 4
[1623.999s][debug][gc,phases      ] GC(192)     Total                          Min: 0, Avg:  0.0, Max: 0, Diff: 0, Sum: 0, Workers: 4
[1623.999s][debug][gc,phases      ] GC(192)   StringDedup Requests0 Weak     Min:  0.0, Avg:  0.0, Max:  0.0, Diff:  0.0, Sum:  0.0, Workers: 4
[1623.999s][debug][gc,phases      ] GC(192)     Dead                           Min: 0, Avg:  0.0, Max: 0, Diff: 0, Sum: 0, Workers: 4
[1623.999s][debug][gc,phases      ] GC(192)     Total                          Min: 0, Avg:  0.0, Max: 0, Diff: 0, Sum: 0, Workers: 4
[1623.999s][debug][gc,phases      ] GC(192)   StringDedup Requests1 Weak     Min:  0.0, Avg:  0.0, Max:  0.0, Diff:  0.0, Sum:  0.0, Workers: 4
[1623.999s][debug][gc,phases      ] GC(192)     Dead                           Min: 0, Avg:  0.0, Max: 0, Diff: 0, Sum: 0, Workers: 4
[1623.999s][debug][gc,phases      ] GC(192)     Total                          Min: 0, Avg:  0.0, Max: 0, Diff: 0, Sum: 0, Workers: 4
[1623.999s][debug][gc,phases      ] GC(192)   Weak JFR Old Object Samples    Min:  0.0, Avg:  0.0, Max:  0.0, Diff:  0.0, Sum:  0.0, Workers: 4
[1623.999s][debug][gc,phases      ] GC(192)     Dead                           Min: 0, Avg:  0.0, Max: 0, Diff: 0, Sum: 0, Workers: 4
[1623.999s][debug][gc,phases      ] GC(192)     Total                          Min: 0, Avg:  0.0, Max: 0, Diff: 0, Sum: 0, Workers: 4
[1623.999s][debug][gc,phases      ] GC(192) Weak Processing 0.332ms
[1623.999s][debug][gc,age         ] GC(192) Desired survivor size 5242880 bytes, new threshold 15 (max threshold 15)
[1623.999s][info ][gc,heap        ] GC(192) PSYoungGen: 2088208K(2091520K)->2304K(2092032K) Eden: 2085888K(2085888K)->0K(2086400K) From: 2320K(5632K)->2304K(5632K)
[1623.999s][info ][gc,heap        ] GC(192) ParOldGen: 391619K(430080K)->391651K(430080K)
[1623.999s][info ][gc,metaspace   ] GC(192) Metaspace: 85555K(86656K)->85555K(86656K) NonClass: 73194K(73792K)->73194K(73792K) Class: 12361K(12864K)->12361K(12864K)
[1623.999s][info ][gc             ] GC(192) Pause Young (Allocation Failure) 2421M->384M(2463M) 5.654ms
[1623.999s][info ][gc,cpu         ] GC(192) User=0.01s Sys=0.00s Real=0.00s
[1623.999s][info ][safepoint      ] Safepoint "ParallelGCFailedAllocation", Time since last: 9794374407 ns, Reaching safepoint: 73300 ns, Cleanup: 42600 ns, At safepoint: 5731319 ns, Total: 5847219 ns
[1625.999s][info ][safepoint      ] Safepoint "Cleanup", Time since last: 2000157311 ns, Reaching safepoint: 3400 ns, Cleanup: 42200 ns, At safepoint: 2500 ns, Total: 48100 ns
[1631.999s][info ][safepoint      ] Safepoint "Cleanup", Time since last: 6000402414 ns, Reaching safepoint: 4100 ns, Cleanup: 34600 ns, At safepoint: 2800 ns, Total: 41500 ns
[1634.794s][info ][gc,start       ] GC(193) Pause Young (Allocation Failure)
[1634.803s][debug][gc,phases      ] GC(193) Scavenge 8.227ms
[1634.803s][debug][gc,ref         ] GC(193) Skipped phase 1 of Reference Processing: no references
[1634.803s][debug][gc,ref         ] GC(193) ReferenceProcessor::execute queues: 1, RefProcThreadModel::Single, marks_oops_alive: false
[1634.803s][debug][gc,ref         ] GC(193) Skipped phase 3 of Reference Processing: no references
[1634.803s][debug][gc,ref         ] GC(193) Skipped phase 4 of Reference Processing: no references
[1634.803s][debug][gc,phases      ] GC(193) Reference Processing 0.091ms
[1634.803s][debug][gc,phases      ] GC(193)   VM Weak                        Min:  0.0, Avg:  0.0, Max:  0.0, Diff:  0.0, Sum:  0.0, Workers: 4
[1634.803s][debug][gc,phases      ] GC(193)     Dead                           Min: 0, Avg:  0.0, Max: 0, Diff: 0, Sum: 0, Workers: 4
[1634.803s][debug][gc,phases      ] GC(193)     Total                          Min: 0, Avg: 217.0, Max: 420, Diff: 420, Sum: 868, Workers: 4
[1634.803s][debug][gc,phases      ] GC(193)   ObjectSynchronizer Weak        Min:  0.0, Avg:  0.0, Max:  0.0, Diff:  0.0, Sum:  0.0, Workers: 4
[1634.803s][debug][gc,phases      ] GC(193)     Dead                           Min: 0, Avg:  0.0, Max: 0, Diff: 0, Sum: 0, Workers: 4
[1634.803s][debug][gc,phases      ] GC(193)     Total                          Min: 0, Avg:  1.0, Max: 4, Diff: 4, Sum: 4, Workers: 4
[1634.803s][debug][gc,phases      ] GC(193)   JVMTI Tag Weak OopStorage      Min:  0.0, Avg:  0.0, Max:  0.0, Diff:  0.0, Sum:  0.0, Workers: 4
[1634.803s][debug][gc,phases      ] GC(193)     Dead                           Min: 0, Avg:  0.0, Max: 0, Diff: 0, Sum: 0, Workers: 4
[1634.803s][debug][gc,phases      ] GC(193)     Total                          Min: 0, Avg:  0.0, Max: 0, Diff: 0, Sum: 0, Workers: 4
[1634.803s][debug][gc,phases      ] GC(193)   StringTable Weak               Min:  0.0, Avg:  0.1, Max:  0.1, Diff:  0.1, Sum:  0.4, Workers: 4
[1634.803s][debug][gc,phases      ] GC(193)     Dead                           Min: 0, Avg:  0.0, Max: 0, Diff: 0, Sum: 0, Workers: 4
[1634.803s][debug][gc,phases      ] GC(193)     Total                          Min: 0, Avg: 11192.0, Max: 15104, Diff: 15104, Sum: 44768, Workers: 4
[1634.803s][debug][gc,phases      ] GC(193)   ResolvedMethodTable Weak       Min:  0.0, Avg:  0.0, Max:  0.0, Diff:  0.0, Sum:  0.1, Workers: 4
[1634.803s][debug][gc,phases      ] GC(193)     Dead                           Min: 0, Avg:  0.0, Max: 0, Diff: 0, Sum: 0, Workers: 4
[1634.803s][debug][gc,phases      ] GC(193)     Total                          Min: 0, Avg: 2628.0, Max: 3602, Diff: 3602, Sum: 10512, Workers: 4
[1634.803s][debug][gc,phases      ] GC(193)   JNI Weak                       Min:  0.0, Avg:  0.0, Max:  0.0, Diff:  0.0, Sum:  0.0, Workers: 4
[1634.803s][debug][gc,phases      ] GC(193)     Dead                           Min: 0, Avg:  0.0, Max: 0, Diff: 0, Sum: 0, Workers: 4
[1634.803s][debug][gc,phases      ] GC(193)     Total                          Min: 0, Avg: 11.2, Max: 45, Diff: 45, Sum: 45, Workers: 4
[1634.803s][debug][gc,phases      ] GC(193)   StringDedup Table Weak         Min:  0.0, Avg:  0.0, Max:  0.0, Diff:  0.0, Sum:  0.0, Workers: 4
[1634.803s][debug][gc,phases      ] GC(193)     Dead                           Min: 0, Avg:  0.0, Max: 0, Diff: 0, Sum: 0, Workers: 4
[1634.803s][debug][gc,phases      ] GC(193)     Total                          Min: 0, Avg:  0.0, Max: 0, Diff: 0, Sum: 0, Workers: 4
[1634.803s][debug][gc,phases      ] GC(193)   StringDedup Requests0 Weak     Min:  0.0, Avg:  0.0, Max:  0.0, Diff:  0.0, Sum:  0.0, Workers: 4
[1634.803s][debug][gc,phases      ] GC(193)     Dead                           Min: 0, Avg:  0.0, Max: 0, Diff: 0, Sum: 0, Workers: 4
[1634.803s][debug][gc,phases      ] GC(193)     Total                          Min: 0, Avg:  0.0, Max: 0, Diff: 0, Sum: 0, Workers: 4
[1634.803s][debug][gc,phases      ] GC(193)   StringDedup Requests1 Weak     Min:  0.0, Avg:  0.0, Max:  0.0, Diff:  0.0, Sum:  0.0, Workers: 4
[1634.803s][debug][gc,phases      ] GC(193)     Dead                           Min: 0, Avg:  0.0, Max: 0, Diff: 0, Sum: 0, Workers: 4
[1634.803s][debug][gc,phases      ] GC(193)     Total                          Min: 0, Avg:  0.0, Max: 0, Diff: 0, Sum: 0, Workers: 4
[1634.803s][debug][gc,phases      ] GC(193)   Weak JFR Old Object Samples    Min:  0.0, Avg:  0.0, Max:  0.0, Diff:  0.0, Sum:  0.0, Workers: 4
[1634.803s][debug][gc,phases      ] GC(193)     Dead                           Min: 0, Avg:  0.0, Max: 0, Diff: 0, Sum: 0, Workers: 4
[1634.803s][debug][gc,phases      ] GC(193)     Total                          Min: 0, Avg:  0.0, Max: 0, Diff: 0, Sum: 0, Workers: 4
[1634.803s][debug][gc,phases      ] GC(193) Weak Processing 0.396ms
[1634.803s][debug][gc,age         ] GC(193) Desired survivor size 5242880 bytes, new threshold 15 (max threshold 15)
[1634.803s][info ][gc,heap        ] GC(193) PSYoungGen: 2088704K(2092032K)->2224K(2091520K) Eden: 2086400K(2086400K)->0K(2086400K) From: 2304K(5632K)->2224K(5120K)
[1634.803s][info ][gc,heap        ] GC(193) ParOldGen: 391651K(430080K)->391659K(430080K)
[1634.803s][info ][gc,metaspace   ] GC(193) Metaspace: 85555K(86656K)->85555K(86656K) NonClass: 73194K(73792K)->73194K(73792K) Class: 12361K(12864K)->12361K(12864K)
[1634.803s][info ][gc             ] GC(193) Pause Young (Allocation Failure) 2422M->384M(2462M) 8.831ms
[1634.803s][info ][gc,cpu         ] GC(193) User=0.02s Sys=0.00s Real=0.01s
[1634.803s][info ][safepoint      ] Safepoint "ParallelGCFailedAllocation", Time since last: 2794766718 ns, Reaching safepoint: 75600 ns, Cleanup: 26500 ns, At safepoint: 8908834 ns, Total: 9010934 ns
[1640.804s][info ][safepoint      ] Safepoint "Cleanup", Time since last: 6000400992 ns, Reaching safepoint: 3600 ns, Cleanup: 33700 ns, At safepoint: 2800 ns, Total: 40100 ns
[1641.804s][info ][safepoint      ] Safepoint "Cleanup", Time since last: 1000104516 ns, Reaching safepoint: 4200 ns, Cleanup: 34500 ns, At safepoint: 2400 ns, Total: 41100 ns
[1642.044s][info ][gc,start       ] GC(194) Pause Young (Allocation Failure)
[1642.048s][debug][gc,phases      ] GC(194) Scavenge 3.712ms
[1642.048s][debug][gc,ref         ] GC(194) Skipped phase 1 of Reference Processing: no references
[1642.048s][debug][gc,ref         ] GC(194) ReferenceProcessor::execute queues: 1, RefProcThreadModel::Single, marks_oops_alive: false
[1642.048s][debug][gc,ref         ] GC(194) Skipped phase 3 of Reference Processing: no references
[1642.048s][debug][gc,ref         ] GC(194) ReferenceProcessor::execute queues: 1, RefProcThreadModel::Single, marks_oops_alive: false
[1642.048s][debug][gc,phases      ] GC(194) Reference Processing 0.091ms
[1642.048s][debug][gc,phases      ] GC(194)   VM Weak                        Min:  0.0, Avg:  0.0, Max:  0.0, Diff:  0.0, Sum:  0.0, Workers: 4
[1642.048s][debug][gc,phases      ] GC(194)     Dead                           Min: 0, Avg:  0.0, Max: 0, Diff: 0, Sum: 0, Workers: 4
[1642.048s][debug][gc,phases      ] GC(194)     Total                          Min: 0, Avg: 217.0, Max: 676, Diff: 676, Sum: 868, Workers: 4
[1642.048s][debug][gc,phases      ] GC(194)   ObjectSynchronizer Weak        Min:  0.0, Avg:  0.0, Max:  0.0, Diff:  0.0, Sum:  0.0, Workers: 4
[1642.048s][debug][gc,phases      ] GC(194)     Dead                           Min: 0, Avg:  0.0, Max: 0, Diff: 0, Sum: 0, Workers: 4
[1642.048s][debug][gc,phases      ] GC(194)     Total                          Min: 0, Avg:  1.0, Max: 4, Diff: 4, Sum: 4, Workers: 4
[1642.048s][debug][gc,phases      ] GC(194)   JVMTI Tag Weak OopStorage      Min:  0.0, Avg:  0.0, Max:  0.0, Diff:  0.0, Sum:  0.0, Workers: 4
[1642.048s][debug][gc,phases      ] GC(194)     Dead                           Min: 0, Avg:  0.0, Max: 0, Diff: 0, Sum: 0, Workers: 4
[1642.048s][debug][gc,phases      ] GC(194)     Total                          Min: 0, Avg:  0.0, Max: 0, Diff: 0, Sum: 0, Workers: 4
[1642.048s][debug][gc,phases      ] GC(194)   StringTable Weak               Min:  0.0, Avg:  0.1, Max:  0.1, Diff:  0.1, Sum:  0.4, Workers: 4
[1642.048s][debug][gc,phases      ] GC(194)     Dead                           Min: 0, Avg:  0.0, Max: 0, Diff: 0, Sum: 0, Workers: 4
[1642.048s][debug][gc,phases      ] GC(194)     Total                          Min: 0, Avg: 11192.0, Max: 15168, Diff: 15168, Sum: 44768, Workers: 4
[1642.048s][debug][gc,phases      ] GC(194)   ResolvedMethodTable Weak       Min:  0.0, Avg:  0.0, Max:  0.0, Diff:  0.0, Sum:  0.1, Workers: 4
[1642.048s][debug][gc,phases      ] GC(194)     Dead                           Min: 0, Avg:  0.0, Max: 0, Diff: 0, Sum: 0, Workers: 4
[1642.048s][debug][gc,phases      ] GC(194)     Total                          Min: 0, Avg: 2628.0, Max: 3602, Diff: 3602, Sum: 10512, Workers: 4
[1642.048s][debug][gc,phases      ] GC(194)   JNI Weak                       Min:  0.0, Avg:  0.0, Max:  0.0, Diff:  0.0, Sum:  0.0, Workers: 4
[1642.048s][debug][gc,phases      ] GC(194)     Dead                           Min: 0, Avg:  0.0, Max: 0, Diff: 0, Sum: 0, Workers: 4
[1642.048s][debug][gc,phases      ] GC(194)     Total                          Min: 0, Avg: 11.2, Max: 45, Diff: 45, Sum: 45, Workers: 4
[1642.048s][debug][gc,phases      ] GC(194)   StringDedup Table Weak         Min:  0.0, Avg:  0.0, Max:  0.0, Diff:  0.0, Sum:  0.0, Workers: 4
[1642.048s][debug][gc,phases      ] GC(194)     Dead                           Min: 0, Avg:  0.0, Max: 0, Diff: 0, Sum: 0, Workers: 4
[1642.048s][debug][gc,phases      ] GC(194)     Total                          Min: 0, Avg:  0.0, Max: 0, Diff: 0, Sum: 0, Workers: 4
[1642.048s][debug][gc,phases      ] GC(194)   StringDedup Requests0 Weak     Min:  0.0, Avg:  0.0, Max:  0.0, Diff:  0.0, Sum:  0.0, Workers: 4
[1642.048s][debug][gc,phases      ] GC(194)     Dead                           Min: 0, Avg:  0.0, Max: 0, Diff: 0, Sum: 0, Workers: 4
[1642.048s][debug][gc,phases      ] GC(194)     Total                          Min: 0, Avg:  0.0, Max: 0, Diff: 0, Sum: 0, Workers: 4
[1642.048s][debug][gc,phases      ] GC(194)   StringDedup Requests1 Weak     Min:  0.0, Avg:  0.0, Max:  0.0, Diff:  0.0, Sum:  0.0, Workers: 4
[1642.048s][debug][gc,phases      ] GC(194)     Dead                           Min: 0, Avg:  0.0, Max: 0, Diff: 0, Sum: 0, Workers: 4
[1642.048s][debug][gc,phases      ] GC(194)     Total                          Min: 0, Avg:  0.0, Max: 0, Diff: 0, Sum: 0, Workers: 4
[1642.048s][debug][gc,phases      ] GC(194)   Weak JFR Old Object Samples    Min:  0.0, Avg:  0.0, Max:  0.0, Diff:  0.0, Sum:  0.0, Workers: 4
[1642.048s][debug][gc,phases      ] GC(194)     Dead                           Min: 0, Avg:  0.0, Max: 0, Diff: 0, Sum: 0, Workers: 4
[1642.048s][debug][gc,phases      ] GC(194)     Total                          Min: 0, Avg:  0.0, Max: 0, Diff: 0, Sum: 0, Workers: 4
[1642.048s][debug][gc,phases      ] GC(194) Weak Processing 0.336ms
[1642.048s][debug][gc,age         ] GC(194) Desired survivor size 5242880 bytes, new threshold 15 (max threshold 15)
[1642.048s][info ][gc,heap        ] GC(194) PSYoungGen: 2088624K(2091520K)->2320K(2092032K) Eden: 2086400K(2086400K)->0K(2086912K) From: 2224K(5120K)->2320K(5120K)
[1642.048s][info ][gc,heap        ] GC(194) ParOldGen: 391659K(430080K)->391675K(430080K)
[1642.048s][info ][gc,metaspace   ] GC(194) Metaspace: 85555K(86656K)->85555K(86656K) NonClass: 73194K(73792K)->73194K(73792K) Class: 12361K(12864K)->12361K(12864K)
[1642.048s][info ][gc             ] GC(194) Pause Young (Allocation Failure) 2422M->384M(2463M) 4.238ms
[1642.048s][info ][gc,cpu         ] GC(194) User=0.02s Sys=0.00s Real=0.00s
[1642.048s][info ][safepoint      ] Safepoint "ParallelGCFailedAllocation", Time since last: 239818591 ns, Reaching safepoint: 79900 ns, Cleanup: 28600 ns, At safepoint: 4302116 ns, Total: 4410616 ns
[1648.048s][info ][safepoint      ] Safepoint "Cleanup", Time since last: 6000416786 ns, Reaching safepoint: 5400 ns, Cleanup: 35100 ns, At safepoint: 9800 ns, Total: 50300 ns
[1649.293s][info ][gc,start       ] GC(195) Pause Young (Allocation Failure)
[1649.299s][debug][gc,phases      ] GC(195) Scavenge 5.163ms
[1649.299s][debug][gc,ref         ] GC(195) Skipped phase 1 of Reference Processing: no references
[1649.299s][debug][gc,ref         ] GC(195) ReferenceProcessor::execute queues: 1, RefProcThreadModel::Single, marks_oops_alive: false
[1649.299s][debug][gc,ref         ] GC(195) Skipped phase 3 of Reference Processing: no references
[1649.299s][debug][gc,ref         ] GC(195) ReferenceProcessor::execute queues: 1, RefProcThreadModel::Single, marks_oops_alive: false
[1649.299s][debug][gc,phases      ] GC(195) Reference Processing 0.112ms
[1649.299s][debug][gc,phases      ] GC(195)   VM Weak                        Min:  0.0, Avg:  0.0, Max:  0.0, Diff:  0.0, Sum:  0.0, Workers: 4
[1649.299s][debug][gc,phases      ] GC(195)     Dead                           Min: 0, Avg:  0.0, Max: 0, Diff: 0, Sum: 0, Workers: 4
[1649.299s][debug][gc,phases      ] GC(195)     Total                          Min: 0, Avg: 217.0, Max: 740, Diff: 740, Sum: 868, Workers: 4
[1649.299s][debug][gc,phases      ] GC(195)   ObjectSynchronizer Weak        Min:  0.0, Avg:  0.0, Max:  0.0, Diff:  0.0, Sum:  0.0, Workers: 4
[1649.299s][debug][gc,phases      ] GC(195)     Dead                           Min: 0, Avg:  0.0, Max: 0, Diff: 0, Sum: 0, Workers: 4
[1649.299s][debug][gc,phases      ] GC(195)     Total                          Min: 0, Avg:  1.0, Max: 4, Diff: 4, Sum: 4, Workers: 4
[1649.299s][debug][gc,phases      ] GC(195)   JVMTI Tag Weak OopStorage      Min:  0.0, Avg:  0.0, Max:  0.0, Diff:  0.0, Sum:  0.0, Workers: 4
[1649.299s][debug][gc,phases      ] GC(195)     Dead                           Min: 0, Avg:  0.0, Max: 0, Diff: 0, Sum: 0, Workers: 4
[1649.299s][debug][gc,phases      ] GC(195)     Total                          Min: 0, Avg:  0.0, Max: 0, Diff: 0, Sum: 0, Workers: 4
[1649.299s][debug][gc,phases      ] GC(195)   StringTable Weak               Min:  0.0, Avg:  0.1, Max:  0.2, Diff:  0.2, Sum:  0.3, Workers: 4
[1649.299s][debug][gc,phases      ] GC(195)     Dead                           Min: 0, Avg:  0.0, Max: 0, Diff: 0, Sum: 0, Workers: 4
[1649.299s][debug][gc,phases      ] GC(195)     Total                          Min: 0, Avg: 11192.0, Max: 27136, Diff: 27136, Sum: 44768, Workers: 4
[1649.299s][debug][gc,phases      ] GC(195)   ResolvedMethodTable Weak       Min:  0.0, Avg:  0.0, Max:  0.0, Diff:  0.0, Sum:  0.1, Workers: 4
[1649.299s][debug][gc,phases      ] GC(195)     Dead                           Min: 0, Avg:  0.0, Max: 0, Diff: 0, Sum: 0, Workers: 4
[1649.299s][debug][gc,phases      ] GC(195)     Total                          Min: 0, Avg: 2628.0, Max: 6482, Diff: 6482, Sum: 10512, Workers: 4
[1649.299s][debug][gc,phases      ] GC(195)   JNI Weak                       Min:  0.0, Avg:  0.0, Max:  0.0, Diff:  0.0, Sum:  0.0, Workers: 4
[1649.299s][debug][gc,phases      ] GC(195)     Dead                           Min: 0, Avg:  0.0, Max: 0, Diff: 0, Sum: 0, Workers: 4
[1649.299s][debug][gc,phases      ] GC(195)     Total                          Min: 0, Avg: 11.2, Max: 45, Diff: 45, Sum: 45, Workers: 4
[1649.299s][debug][gc,phases      ] GC(195)   StringDedup Table Weak         Min:  0.0, Avg:  0.0, Max:  0.0, Diff:  0.0, Sum:  0.0, Workers: 4
[1649.299s][debug][gc,phases      ] GC(195)     Dead                           Min: 0, Avg:  0.0, Max: 0, Diff: 0, Sum: 0, Workers: 4
[1649.299s][debug][gc,phases      ] GC(195)     Total                          Min: 0, Avg:  0.0, Max: 0, Diff: 0, Sum: 0, Workers: 4
[1649.299s][debug][gc,phases      ] GC(195)   StringDedup Requests0 Weak     Min:  0.0, Avg:  0.0, Max:  0.0, Diff:  0.0, Sum:  0.0, Workers: 4
[1649.299s][debug][gc,phases      ] GC(195)     Dead                           Min: 0, Avg:  0.0, Max: 0, Diff: 0, Sum: 0, Workers: 4
[1649.299s][debug][gc,phases      ] GC(195)     Total                          Min: 0, Avg:  0.0, Max: 0, Diff: 0, Sum: 0, Workers: 4
[1649.299s][debug][gc,phases      ] GC(195)   StringDedup Requests1 Weak     Min:  0.0, Avg:  0.0, Max:  0.0, Diff:  0.0, Sum:  0.0, Workers: 4
[1649.299s][debug][gc,phases      ] GC(195)     Dead                           Min: 0, Avg:  0.0, Max: 0, Diff: 0, Sum: 0, Workers: 4
[1649.299s][debug][gc,phases      ] GC(195)     Total                          Min: 0, Avg:  0.0, Max: 0, Diff: 0, Sum: 0, Workers: 4
[1649.299s][debug][gc,phases      ] GC(195)   Weak JFR Old Object Samples    Min:  0.0, Avg:  0.0, Max:  0.0, Diff:  0.0, Sum:  0.0, Workers: 4
[1649.299s][debug][gc,phases      ] GC(195)     Dead                           Min: 0, Avg:  0.0, Max: 0, Diff: 0, Sum: 0, Workers: 4
[1649.299s][debug][gc,phases      ] GC(195)     Total                          Min: 0, Avg:  0.0, Max: 0, Diff: 0, Sum: 0, Workers: 4
[1649.299s][debug][gc,phases      ] GC(195) Weak Processing 0.385ms
[1649.299s][debug][gc,age         ] GC(195) Desired survivor size 5242880 bytes, new threshold 15 (max threshold 15)
[1649.299s][info ][gc,heap        ] GC(195) PSYoungGen: 2089232K(2092032K)->2336K(2092032K) Eden: 2086912K(2086912K)->0K(2086912K) From: 2320K(5120K)->2336K(5120K)
[1649.299s][info ][gc,heap        ] GC(195) ParOldGen: 391675K(430080K)->391691K(430080K)
[1649.299s][info ][gc,metaspace   ] GC(195) Metaspace: 85555K(86656K)->85555K(86656K) NonClass: 73194K(73792K)->73194K(73792K) Class: 12361K(12864K)->12361K(12864K)
[1649.299s][info ][gc             ] GC(195) Pause Young (Allocation Failure) 2422M->384M(2463M) 5.769ms
[1649.299s][info ][gc,cpu         ] GC(195) User=0.01s Sys=0.00s Real=0.00s
[1649.299s][info ][safepoint      ] Safepoint "ParallelGCFailedAllocation", Time since last: 1244838586 ns, Reaching safepoint: 74500 ns, Cleanup: 29800 ns, At safepoint: 5834520 ns, Total: 5938820 ns
[1650.299s][info ][safepoint      ] Safepoint "Cleanup", Time since last: 1000090425 ns, Reaching safepoint: 5400 ns, Cleanup: 39700 ns, At safepoint: 5700 ns, Total: 50800 ns
[1651.300s][info ][safepoint      ] Safepoint "Cleanup", Time since last: 1000109973 ns, Reaching safepoint: 6400 ns, Cleanup: 39400 ns, At safepoint: 3200 ns, Total: 49000 ns
[1652.300s][info ][safepoint      ] Safepoint "Cleanup", Time since last: 1000107872 ns, Reaching safepoint: 4100 ns, Cleanup: 67600 ns, At safepoint: 2500 ns, Total: 74200 ns
[1654.300s][info ][safepoint      ] Safepoint "Cleanup", Time since last: 2000177755 ns, Reaching safepoint: 4900 ns, Cleanup: 42100 ns, At safepoint: 4600 ns, Total: 51600 ns
[1656.841s][info ][gc,start       ] GC(196) Pause Young (Allocation Failure)
[1656.844s][debug][gc,phases      ] GC(196) Scavenge 3.026ms
[1656.844s][debug][gc,ref         ] GC(196) Skipped phase 1 of Reference Processing: no references
[1656.844s][debug][gc,ref         ] GC(196) ReferenceProcessor::execute queues: 1, RefProcThreadModel::Single, marks_oops_alive: false
[1656.844s][debug][gc,ref         ] GC(196) Skipped phase 3 of Reference Processing: no references
[1656.844s][debug][gc,ref         ] GC(196) ReferenceProcessor::execute queues: 1, RefProcThreadModel::Single, marks_oops_alive: false
[1656.844s][debug][gc,phases      ] GC(196) Reference Processing 0.101ms
[1656.844s][debug][gc,phases      ] GC(196)   VM Weak                        Min:  0.0, Avg:  0.0, Max:  0.0, Diff:  0.0, Sum:  0.0, Workers: 4
[1656.844s][debug][gc,phases      ] GC(196)     Dead                           Min: 0, Avg:  0.0, Max: 0, Diff: 0, Sum: 0, Workers: 4
[1656.844s][debug][gc,phases      ] GC(196)     Total                          Min: 0, Avg: 217.0, Max: 612, Diff: 612, Sum: 868, Workers: 4
[1656.844s][debug][gc,phases      ] GC(196)   ObjectSynchronizer Weak        Min:  0.0, Avg:  0.0, Max:  0.0, Diff:  0.0, Sum:  0.0, Workers: 4
[1656.844s][debug][gc,phases      ] GC(196)     Dead                           Min: 0, Avg:  0.0, Max: 0, Diff: 0, Sum: 0, Workers: 4
[1656.844s][debug][gc,phases      ] GC(196)     Total                          Min: 0, Avg:  1.0, Max: 4, Diff: 4, Sum: 4, Workers: 4
[1656.844s][debug][gc,phases      ] GC(196)   JVMTI Tag Weak OopStorage      Min:  0.0, Avg:  0.0, Max:  0.0, Diff:  0.0, Sum:  0.0, Workers: 4
[1656.844s][debug][gc,phases      ] GC(196)     Dead                           Min: 0, Avg:  0.0, Max: 0, Diff: 0, Sum: 0, Workers: 4
[1656.844s][debug][gc,phases      ] GC(196)     Total                          Min: 0, Avg:  0.0, Max: 0, Diff: 0, Sum: 0, Workers: 4
[1656.844s][debug][gc,phases      ] GC(196)   StringTable Weak               Min:  0.1, Avg:  0.1, Max:  0.1, Diff:  0.0, Sum:  0.4, Workers: 4
[1656.844s][debug][gc,phases      ] GC(196)     Dead                           Min: 0, Avg:  0.0, Max: 0, Diff: 0, Sum: 0, Workers: 4
[1656.844s][debug][gc,phases      ] GC(196)     Total                          Min: 11040, Avg: 11192.0, Max: 11456, Diff: 416, Sum: 44768, Workers: 4
[1656.844s][debug][gc,phases      ] GC(196)   ResolvedMethodTable Weak       Min:  0.0, Avg:  0.0, Max:  0.0, Diff:  0.0, Sum:  0.1, Workers: 4
[1656.844s][debug][gc,phases      ] GC(196)     Dead                           Min: 0, Avg:  0.0, Max: 0, Diff: 0, Sum: 0, Workers: 4
[1656.845s][debug][gc,phases      ] GC(196)     Total                          Min: 2320, Avg: 2628.0, Max: 2880, Diff: 560, Sum: 10512, Workers: 4
[1656.845s][debug][gc,phases      ] GC(196)   JNI Weak                       Min:  0.0, Avg:  0.0, Max:  0.0, Diff:  0.0, Sum:  0.0, Workers: 4
[1656.845s][debug][gc,phases      ] GC(196)     Dead                           Min: 0, Avg:  0.0, Max: 0, Diff: 0, Sum: 0, Workers: 4
[1656.845s][debug][gc,phases      ] GC(196)     Total                          Min: 0, Avg: 11.2, Max: 45, Diff: 45, Sum: 45, Workers: 4
[1656.845s][debug][gc,phases      ] GC(196)   StringDedup Table Weak         Min:  0.0, Avg:  0.0, Max:  0.0, Diff:  0.0, Sum:  0.0, Workers: 4
[1656.845s][debug][gc,phases      ] GC(196)     Dead                           Min: 0, Avg:  0.0, Max: 0, Diff: 0, Sum: 0, Workers: 4
[1656.845s][debug][gc,phases      ] GC(196)     Total                          Min: 0, Avg:  0.0, Max: 0, Diff: 0, Sum: 0, Workers: 4
[1656.845s][debug][gc,phases      ] GC(196)   StringDedup Requests0 Weak     Min:  0.0, Avg:  0.0, Max:  0.0, Diff:  0.0, Sum:  0.0, Workers: 4
[1656.845s][debug][gc,phases      ] GC(196)     Dead                           Min: 0, Avg:  0.0, Max: 0, Diff: 0, Sum: 0, Workers: 4
[1656.845s][debug][gc,phases      ] GC(196)     Total                          Min: 0, Avg:  0.0, Max: 0, Diff: 0, Sum: 0, Workers: 4
[1656.845s][debug][gc,phases      ] GC(196)   StringDedup Requests1 Weak     Min:  0.0, Avg:  0.0, Max:  0.0, Diff:  0.0, Sum:  0.0, Workers: 4
[1656.845s][debug][gc,phases      ] GC(196)     Dead                           Min: 0, Avg:  0.0, Max: 0, Diff: 0, Sum: 0, Workers: 4
[1656.845s][debug][gc,phases      ] GC(196)     Total                          Min: 0, Avg:  0.0, Max: 0, Diff: 0, Sum: 0, Workers: 4
[1656.845s][debug][gc,phases      ] GC(196)   Weak JFR Old Object Samples    Min:  0.0, Avg:  0.0, Max:  0.0, Diff:  0.0, Sum:  0.0, Workers: 4
[1656.845s][debug][gc,phases      ] GC(196)     Dead                           Min: 0, Avg:  0.0, Max: 0, Diff: 0, Sum: 0, Workers: 4
[1656.845s][debug][gc,phases      ] GC(196)     Total                          Min: 0, Avg:  0.0, Max: 0, Diff: 0, Sum: 0, Workers: 4
[1656.845s][debug][gc,phases      ] GC(196) Weak Processing 0.301ms
[1656.845s][debug][gc,age         ] GC(196) Desired survivor size 5242880 bytes, new threshold 15 (max threshold 15)
[1656.845s][info ][gc,heap        ] GC(196) PSYoungGen: 2089248K(2092032K)->2320K(2092032K) Eden: 2086912K(2086912K)->0K(2086912K) From: 2336K(5120K)->2320K(5120K)
[1656.845s][info ][gc,heap        ] GC(196) ParOldGen: 391691K(430080K)->391707K(430080K)
[1656.845s][info ][gc,metaspace   ] GC(196) Metaspace: 85555K(86656K)->85555K(86656K) NonClass: 73194K(73792K)->73194K(73792K) Class: 12361K(12864K)->12361K(12864K)
[1656.845s][info ][gc             ] GC(196) Pause Young (Allocation Failure) 2422M->384M(2463M) 3.543ms
[1656.845s][info ][gc,cpu         ] GC(196) User=0.01s Sys=0.01s Real=0.01s
[1656.845s][info ][safepoint      ] Safepoint "ParallelGCFailedAllocation", Time since last: 2540986475 ns, Reaching safepoint: 4300 ns, Cleanup: 38900 ns, At safepoint: 3616112 ns, Total: 3659312 ns
[1659.845s][info ][safepoint      ] Safepoint "Cleanup", Time since last: 3000216776 ns, Reaching safepoint: 80200 ns, Cleanup: 55400 ns, At safepoint: 13400 ns, Total: 149000 ns
[1660.845s][info ][safepoint      ] Safepoint "Cleanup", Time since last: 1000101721 ns, Reaching safepoint: 71501 ns, Cleanup: 34100 ns, At safepoint: 4500 ns, Total: 110101 ns
[1661.845s][info ][safepoint      ] Safepoint "Cleanup", Time since last: 1000106321 ns, Reaching safepoint: 78500 ns, Cleanup: 43100 ns, At safepoint: 7300 ns, Total: 128900 ns
[1663.846s][info ][safepoint      ] Safepoint "Cleanup", Time since last: 2000187342 ns, Reaching safepoint: 74900 ns, Cleanup: 50600 ns, At safepoint: 5200 ns, Total: 130700 ns
[1664.294s][info ][gc,start       ] GC(197) Pause Young (Allocation Failure)
[1664.298s][debug][gc,phases      ] GC(197) Scavenge 3.796ms
[1664.298s][debug][gc,ref         ] GC(197) Skipped phase 1 of Reference Processing: no references
[1664.298s][debug][gc,ref         ] GC(197) ReferenceProcessor::execute queues: 1, RefProcThreadModel::Single, marks_oops_alive: false
[1664.298s][debug][gc,ref         ] GC(197) Skipped phase 3 of Reference Processing: no references
[1664.298s][debug][gc,ref         ] GC(197) ReferenceProcessor::execute queues: 1, RefProcThreadModel::Single, marks_oops_alive: false
[1664.298s][debug][gc,phases      ] GC(197) Reference Processing 0.091ms
[1664.298s][debug][gc,phases      ] GC(197)   VM Weak                        Min:  0.0, Avg:  0.0, Max:  0.0, Diff:  0.0, Sum:  0.0, Workers: 4
[1664.298s][debug][gc,phases      ] GC(197)     Dead                           Min: 0, Avg:  0.0, Max: 0, Diff: 0, Sum: 0, Workers: 4
[1664.298s][debug][gc,phases      ] GC(197)     Total                          Min: 0, Avg: 217.0, Max: 448, Diff: 448, Sum: 868, Workers: 4
[1664.298s][debug][gc,phases      ] GC(197)   ObjectSynchronizer Weak        Min:  0.0, Avg:  0.0, Max:  0.0, Diff:  0.0, Sum:  0.0, Workers: 4
[1664.298s][debug][gc,phases      ] GC(197)     Dead                           Min: 0, Avg:  0.0, Max: 0, Diff: 0, Sum: 0, Workers: 4
[1664.298s][debug][gc,phases      ] GC(197)     Total                          Min: 0, Avg:  1.0, Max: 4, Diff: 4, Sum: 4, Workers: 4
[1664.298s][debug][gc,phases      ] GC(197)   JVMTI Tag Weak OopStorage      Min:  0.0, Avg:  0.0, Max:  0.0, Diff:  0.0, Sum:  0.0, Workers: 4
[1664.298s][debug][gc,phases      ] GC(197)     Dead                           Min: 0, Avg:  0.0, Max: 0, Diff: 0, Sum: 0, Workers: 4
[1664.298s][debug][gc,phases      ] GC(197)     Total                          Min: 0, Avg:  0.0, Max: 0, Diff: 0, Sum: 0, Workers: 4
[1664.298s][debug][gc,phases      ] GC(197)   StringTable Weak               Min:  0.0, Avg:  0.1, Max:  0.2, Diff:  0.2, Sum:  0.4, Workers: 4
[1664.298s][debug][gc,phases      ] GC(197)     Dead                           Min: 0, Avg:  0.0, Max: 0, Diff: 0, Sum: 0, Workers: 4
[1664.298s][debug][gc,phases      ] GC(197)     Total                          Min: 0, Avg: 11192.0, Max: 24096, Diff: 24096, Sum: 44768, Workers: 4
[1664.298s][debug][gc,phases      ] GC(197)   ResolvedMethodTable Weak       Min:  0.0, Avg:  0.0, Max:  0.1, Diff:  0.1, Sum:  0.1, Workers: 4
[1664.298s][debug][gc,phases      ] GC(197)     Dead                           Min: 0, Avg:  0.0, Max: 0, Diff: 0, Sum: 0, Workers: 4
[1664.298s][debug][gc,phases      ] GC(197)     Total                          Min: 0, Avg: 2628.0, Max: 5458, Diff: 5458, Sum: 10512, Workers: 4
[1664.298s][debug][gc,phases      ] GC(197)   JNI Weak                       Min:  0.0, Avg:  0.0, Max:  0.0, Diff:  0.0, Sum:  0.0, Workers: 4
[1664.298s][debug][gc,phases      ] GC(197)     Dead                           Min: 0, Avg:  0.0, Max: 0, Diff: 0, Sum: 0, Workers: 4
[1664.298s][debug][gc,phases      ] GC(197)     Total                          Min: 0, Avg: 11.2, Max: 45, Diff: 45, Sum: 45, Workers: 4
[1664.298s][debug][gc,phases      ] GC(197)   StringDedup Table Weak         Min:  0.0, Avg:  0.0, Max:  0.0, Diff:  0.0, Sum:  0.0, Workers: 4
[1664.298s][debug][gc,phases      ] GC(197)     Dead                           Min: 0, Avg:  0.0, Max: 0, Diff: 0, Sum: 0, Workers: 4
[1664.298s][debug][gc,phases      ] GC(197)     Total                          Min: 0, Avg:  0.0, Max: 0, Diff: 0, Sum: 0, Workers: 4
[1664.298s][debug][gc,phases      ] GC(197)   StringDedup Requests0 Weak     Min:  0.0, Avg:  0.0, Max:  0.0, Diff:  0.0, Sum:  0.0, Workers: 4
[1664.298s][debug][gc,phases      ] GC(197)     Dead                           Min: 0, Avg:  0.0, Max: 0, Diff: 0, Sum: 0, Workers: 4
[1664.298s][debug][gc,phases      ] GC(197)     Total                          Min: 0, Avg:  0.0, Max: 0, Diff: 0, Sum: 0, Workers: 4
[1664.298s][debug][gc,phases      ] GC(197)   StringDedup Requests1 Weak     Min:  0.0, Avg:  0.0, Max:  0.0, Diff:  0.0, Sum:  0.0, Workers: 4
[1664.298s][debug][gc,phases      ] GC(197)     Dead                           Min: 0, Avg:  0.0, Max: 0, Diff: 0, Sum: 0, Workers: 4
[1664.298s][debug][gc,phases      ] GC(197)     Total                          Min: 0, Avg:  0.0, Max: 0, Diff: 0, Sum: 0, Workers: 4
[1664.298s][debug][gc,phases      ] GC(197)   Weak JFR Old Object Samples    Min:  0.0, Avg:  0.0, Max:  0.0, Diff:  0.0, Sum:  0.0, Workers: 4
[1664.298s][debug][gc,phases      ] GC(197)     Dead                           Min: 0, Avg:  0.0, Max: 0, Diff: 0, Sum: 0, Workers: 4
[1664.298s][debug][gc,phases      ] GC(197)     Total                          Min: 0, Avg:  0.0, Max: 0, Diff: 0, Sum: 0, Workers: 4
[1664.298s][debug][gc,phases      ] GC(197) Weak Processing 0.427ms
[1664.298s][debug][gc,age         ] GC(197) Desired survivor size 4718592 bytes, new threshold 15 (max threshold 15)
[1664.298s][info ][gc,heap        ] GC(197) PSYoungGen: 2089232K(2092032K)->2288K(2092032K) Eden: 2086912K(2086912K)->0K(2086912K) From: 2320K(5120K)->2288K(5120K)
[1664.298s][info ][gc,heap        ] GC(197) ParOldGen: 391707K(430080K)->391747K(430080K)
[1664.298s][info ][gc,metaspace   ] GC(197) Metaspace: 85555K(86656K)->85555K(86656K) NonClass: 73194K(73792K)->73194K(73792K) Class: 12361K(12864K)->12361K(12864K)
[1664.298s][info ][gc             ] GC(197) Pause Young (Allocation Failure) 2422M->384M(2463M) 4.413ms
[1664.298s][info ][gc,cpu         ] GC(197) User=0.01s Sys=0.00s Real=0.00s
[1664.298s][info ][safepoint      ] Safepoint "ParallelGCFailedAllocation", Time since last: 448075619 ns, Reaching safepoint: 72500 ns, Cleanup: 34800 ns, At safepoint: 4477513 ns, Total: 4584813 ns
[1666.299s][info ][safepoint      ] Safepoint "Cleanup", Time since last: 2000120556 ns, Reaching safepoint: 3600 ns, Cleanup: 32500 ns, At safepoint: 2400 ns, Total: 38500 ns
[1671.645s][info ][gc,start       ] GC(198) Pause Young (Allocation Failure)
[1671.651s][debug][gc,phases      ] GC(198) Scavenge 5.675ms
[1671.651s][debug][gc,ref         ] GC(198) Skipped phase 1 of Reference Processing: no references
[1671.651s][debug][gc,ref         ] GC(198) ReferenceProcessor::execute queues: 1, RefProcThreadModel::Single, marks_oops_alive: false
[1671.651s][debug][gc,ref         ] GC(198) Skipped phase 3 of Reference Processing: no references
[1671.651s][debug][gc,ref         ] GC(198) ReferenceProcessor::execute queues: 1, RefProcThreadModel::Single, marks_oops_alive: false
[1671.651s][debug][gc,phases      ] GC(198) Reference Processing 0.093ms
[1671.651s][debug][gc,phases      ] GC(198)   VM Weak                        Min:  0.0, Avg:  0.0, Max:  0.0, Diff:  0.0, Sum:  0.0, Workers: 4
[1671.651s][debug][gc,phases      ] GC(198)     Dead                           Min: 0, Avg:  0.0, Max: 0, Diff: 0, Sum: 0, Workers: 4
[1671.651s][debug][gc,phases      ] GC(198)     Total                          Min: 0, Avg: 217.0, Max: 448, Diff: 448, Sum: 868, Workers: 4
[1671.651s][debug][gc,phases      ] GC(198)   ObjectSynchronizer Weak        Min:  0.0, Avg:  0.0, Max:  0.0, Diff:  0.0, Sum:  0.0, Workers: 4
[1671.651s][debug][gc,phases      ] GC(198)     Dead                           Min: 0, Avg:  0.0, Max: 0, Diff: 0, Sum: 0, Workers: 4
[1671.651s][debug][gc,phases      ] GC(198)     Total                          Min: 0, Avg:  1.0, Max: 4, Diff: 4, Sum: 4, Workers: 4
[1671.651s][debug][gc,phases      ] GC(198)   JVMTI Tag Weak OopStorage      Min:  0.0, Avg:  0.0, Max:  0.0, Diff:  0.0, Sum:  0.0, Workers: 4
[1671.651s][debug][gc,phases      ] GC(198)     Dead                           Min: 0, Avg:  0.0, Max: 0, Diff: 0, Sum: 0, Workers: 4
[1671.651s][debug][gc,phases      ] GC(198)     Total                          Min: 0, Avg:  0.0, Max: 0, Diff: 0, Sum: 0, Workers: 4
[1671.651s][debug][gc,phases      ] GC(198)   StringTable Weak               Min:  0.0, Avg:  0.1, Max:  0.1, Diff:  0.1, Sum:  0.4, Workers: 4
[1671.651s][debug][gc,phases      ] GC(198)     Dead                           Min: 0, Avg:  0.0, Max: 0, Diff: 0, Sum: 0, Workers: 4
[1671.651s][debug][gc,phases      ] GC(198)     Total                          Min: 0, Avg: 11192.0, Max: 15200, Diff: 15200, Sum: 44768, Workers: 4
[1671.651s][debug][gc,phases      ] GC(198)   ResolvedMethodTable Weak       Min:  0.0, Avg:  0.0, Max:  0.0, Diff:  0.0, Sum:  0.1, Workers: 4
[1671.651s][debug][gc,phases      ] GC(198)     Dead                           Min: 0, Avg:  0.0, Max: 0, Diff: 0, Sum: 0, Workers: 4
[1671.651s][debug][gc,phases      ] GC(198)     Total                          Min: 0, Avg: 2628.0, Max: 3602, Diff: 3602, Sum: 10512, Workers: 4
[1671.651s][debug][gc,phases      ] GC(198)   JNI Weak                       Min:  0.0, Avg:  0.0, Max:  0.0, Diff:  0.0, Sum:  0.0, Workers: 4
[1671.651s][debug][gc,phases      ] GC(198)     Dead                           Min: 0, Avg:  0.0, Max: 0, Diff: 0, Sum: 0, Workers: 4
[1671.652s][debug][gc,phases      ] GC(198)     Total                          Min: 0, Avg: 11.2, Max: 45, Diff: 45, Sum: 45, Workers: 4
[1671.652s][debug][gc,phases      ] GC(198)   StringDedup Table Weak         Min:  0.0, Avg:  0.0, Max:  0.0, Diff:  0.0, Sum:  0.0, Workers: 4
[1671.652s][debug][gc,phases      ] GC(198)     Dead                           Min: 0, Avg:  0.0, Max: 0, Diff: 0, Sum: 0, Workers: 4
[1671.652s][debug][gc,phases      ] GC(198)     Total                          Min: 0, Avg:  0.0, Max: 0, Diff: 0, Sum: 0, Workers: 4
[1671.652s][debug][gc,phases      ] GC(198)   StringDedup Requests0 Weak     Min:  0.0, Avg:  0.0, Max:  0.0, Diff:  0.0, Sum:  0.0, Workers: 4
[1671.652s][debug][gc,phases      ] GC(198)     Dead                           Min: 0, Avg:  0.0, Max: 0, Diff: 0, Sum: 0, Workers: 4
[1671.652s][debug][gc,phases      ] GC(198)     Total                          Min: 0, Avg:  0.0, Max: 0, Diff: 0, Sum: 0, Workers: 4
[1671.652s][debug][gc,phases      ] GC(198)   StringDedup Requests1 Weak     Min:  0.0, Avg:  0.0, Max:  0.0, Diff:  0.0, Sum:  0.0, Workers: 4
[1671.652s][debug][gc,phases      ] GC(198)     Dead                           Min: 0, Avg:  0.0, Max: 0, Diff: 0, Sum: 0, Workers: 4
[1671.652s][debug][gc,phases      ] GC(198)     Total                          Min: 0, Avg:  0.0, Max: 0, Diff: 0, Sum: 0, Workers: 4
[1671.652s][debug][gc,phases      ] GC(198)   Weak JFR Old Object Samples    Min:  0.0, Avg:  0.0, Max:  0.0, Diff:  0.0, Sum:  0.0, Workers: 4
[1671.652s][debug][gc,phases      ] GC(198)     Dead                           Min: 0, Avg:  0.0, Max: 0, Diff: 0, Sum: 0, Workers: 4
[1671.652s][debug][gc,phases      ] GC(198)     Total                          Min: 0, Avg:  0.0, Max: 0, Diff: 0, Sum: 0, Workers: 4
[1671.652s][debug][gc,phases      ] GC(198) Weak Processing 0.343ms
[1671.652s][debug][gc,age         ] GC(198) Desired survivor size 4718592 bytes, new threshold 15 (max threshold 15)
[1671.652s][info ][gc,heap        ] GC(198) PSYoungGen: 2089200K(2092032K)->2160K(2092544K) Eden: 2086912K(2086912K)->0K(2087936K) From: 2288K(5120K)->2160K(4608K)
[1671.652s][info ][gc,heap        ] GC(198) ParOldGen: 391747K(430080K)->391864K(430080K)
[1671.652s][info ][gc,metaspace   ] GC(198) Metaspace: 85556K(86656K)->85556K(86656K) NonClass: 73194K(73792K)->73194K(73792K) Class: 12361K(12864K)->12361K(12864K)
[1671.652s][info ][gc             ] GC(198) Pause Young (Allocation Failure) 2422M->384M(2463M) 6.216ms
[1671.652s][info ][gc,cpu         ] GC(198) User=0.01s Sys=0.00s Real=0.00s
[1671.652s][info ][safepoint      ] Safepoint "ParallelGCFailedAllocation", Time since last: 5346646728 ns, Reaching safepoint: 78500 ns, Cleanup: 19700 ns, At safepoint: 6303717 ns, Total: 6401917 ns
[1678.652s][info ][safepoint      ] Safepoint "Cleanup", Time since last: 7000462313 ns, Reaching safepoint: 4700 ns, Cleanup: 35700 ns, At safepoint: 2500 ns, Total: 42900 ns
[1678.995s][info ][gc,start       ] GC(199) Pause Young (Allocation Failure)
[1678.998s][debug][gc,phases      ] GC(199) Scavenge 2.918ms
[1678.998s][debug][gc,ref         ] GC(199) Skipped phase 1 of Reference Processing: no references
[1678.998s][debug][gc,ref         ] GC(199) ReferenceProcessor::execute queues: 1, RefProcThreadModel::Single, marks_oops_alive: false
[1678.998s][debug][gc,ref         ] GC(199) Skipped phase 3 of Reference Processing: no references
[1678.998s][debug][gc,ref         ] GC(199) Skipped phase 4 of Reference Processing: no references
[1678.998s][debug][gc,phases      ] GC(199) Reference Processing 0.118ms
[1678.998s][debug][gc,phases      ] GC(199)   VM Weak                        Min:  0.0, Avg:  0.0, Max:  0.0, Diff:  0.0, Sum:  0.0, Workers: 4
[1678.998s][debug][gc,phases      ] GC(199)     Dead                           Min: 0, Avg:  0.0, Max: 0, Diff: 0, Sum: 0, Workers: 4
[1678.998s][debug][gc,phases      ] GC(199)     Total                          Min: 0, Avg: 217.0, Max: 512, Diff: 512, Sum: 868, Workers: 4
[1678.998s][debug][gc,phases      ] GC(199)   ObjectSynchronizer Weak        Min:  0.0, Avg:  0.0, Max:  0.0, Diff:  0.0, Sum:  0.0, Workers: 4
[1678.998s][debug][gc,phases      ] GC(199)     Dead                           Min: 0, Avg:  0.0, Max: 0, Diff: 0, Sum: 0, Workers: 4
[1678.998s][debug][gc,phases      ] GC(199)     Total                          Min: 0, Avg:  1.0, Max: 4, Diff: 4, Sum: 4, Workers: 4
[1678.998s][debug][gc,phases      ] GC(199)   JVMTI Tag Weak OopStorage      Min:  0.0, Avg:  0.0, Max:  0.0, Diff:  0.0, Sum:  0.0, Workers: 4
[1678.998s][debug][gc,phases      ] GC(199)     Dead                           Min: 0, Avg:  0.0, Max: 0, Diff: 0, Sum: 0, Workers: 4
[1678.998s][debug][gc,phases      ] GC(199)     Total                          Min: 0, Avg:  0.0, Max: 0, Diff: 0, Sum: 0, Workers: 4
[1678.998s][debug][gc,phases      ] GC(199)   StringTable Weak               Min:  0.0, Avg:  0.1, Max:  0.1, Diff:  0.1, Sum:  0.4, Workers: 4
[1678.998s][debug][gc,phases      ] GC(199)     Dead                           Min: 0, Avg:  0.0, Max: 0, Diff: 0, Sum: 0, Workers: 4
[1678.998s][debug][gc,phases      ] GC(199)     Total                          Min: 0, Avg: 11192.0, Max: 15488, Diff: 15488, Sum: 44768, Workers: 4
[1678.998s][debug][gc,phases      ] GC(199)   ResolvedMethodTable Weak       Min:  0.0, Avg:  0.0, Max:  0.0, Diff:  0.0, Sum:  0.1, Workers: 4
[1678.998s][debug][gc,phases      ] GC(199)     Dead                           Min: 0, Avg:  0.0, Max: 0, Diff: 0, Sum: 0, Workers: 4
[1678.998s][debug][gc,phases      ] GC(199)     Total                          Min: 0, Avg: 2628.0, Max: 3666, Diff: 3666, Sum: 10512, Workers: 4
[1678.998s][debug][gc,phases      ] GC(199)   JNI Weak                       Min:  0.0, Avg:  0.0, Max:  0.0, Diff:  0.0, Sum:  0.0, Workers: 4
[1678.998s][debug][gc,phases      ] GC(199)     Dead                           Min: 0, Avg:  0.0, Max: 0, Diff: 0, Sum: 0, Workers: 4
[1678.998s][debug][gc,phases      ] GC(199)     Total                          Min: 0, Avg: 11.2, Max: 45, Diff: 45, Sum: 45, Workers: 4
[1678.998s][debug][gc,phases      ] GC(199)   StringDedup Table Weak         Min:  0.0, Avg:  0.0, Max:  0.0, Diff:  0.0, Sum:  0.0, Workers: 4
[1678.998s][debug][gc,phases      ] GC(199)     Dead                           Min: 0, Avg:  0.0, Max: 0, Diff: 0, Sum: 0, Workers: 4
[1678.998s][debug][gc,phases      ] GC(199)     Total                          Min: 0, Avg:  0.0, Max: 0, Diff: 0, Sum: 0, Workers: 4
[1678.998s][debug][gc,phases      ] GC(199)   StringDedup Requests0 Weak     Min:  0.0, Avg:  0.0, Max:  0.0, Diff:  0.0, Sum:  0.0, Workers: 4
[1678.998s][debug][gc,phases      ] GC(199)     Dead                           Min: 0, Avg:  0.0, Max: 0, Diff: 0, Sum: 0, Workers: 4
[1678.998s][debug][gc,phases      ] GC(199)     Total                          Min: 0, Avg:  0.0, Max: 0, Diff: 0, Sum: 0, Workers: 4
[1678.998s][debug][gc,phases      ] GC(199)   StringDedup Requests1 Weak     Min:  0.0, Avg:  0.0, Max:  0.0, Diff:  0.0, Sum:  0.0, Workers: 4
[1678.998s][debug][gc,phases      ] GC(199)     Dead                           Min: 0, Avg:  0.0, Max: 0, Diff: 0, Sum: 0, Workers: 4
[1678.998s][debug][gc,phases      ] GC(199)     Total                          Min: 0, Avg:  0.0, Max: 0, Diff: 0, Sum: 0, Workers: 4
[1678.998s][debug][gc,phases      ] GC(199)   Weak JFR Old Object Samples    Min:  0.0, Avg:  0.0, Max:  0.0, Diff:  0.0, Sum:  0.0, Workers: 4
[1678.998s][debug][gc,phases      ] GC(199)     Dead                           Min: 0, Avg:  0.0, Max: 0, Diff: 0, Sum: 0, Workers: 4
[1678.998s][debug][gc,phases      ] GC(199)     Total                          Min: 0, Avg:  0.0, Max: 0, Diff: 0, Sum: 0, Workers: 4
[1678.998s][debug][gc,phases      ] GC(199) Weak Processing 0.432ms
[1678.998s][debug][gc,age         ] GC(199) Desired survivor size 4718592 bytes, new threshold 15 (max threshold 15)
[1678.998s][info ][gc,heap        ] GC(199) PSYoungGen: 2090096K(2092544K)->1712K(2092544K) Eden: 2087936K(2087936K)->0K(2087936K) From: 2160K(4608K)->1712K(4608K)
[1678.998s][info ][gc,heap        ] GC(199) ParOldGen: 391864K(430080K)->392320K(430080K)
[1678.999s][info ][gc,metaspace   ] GC(199) Metaspace: 85556K(86656K)->85556K(86656K) NonClass: 73194K(73792K)->73194K(73792K) Class: 12361K(12864K)->12361K(12864K)
[1678.999s][info ][gc             ] GC(199) Pause Young (Allocation Failure) 2423M->384M(2463M) 3.582ms
[1678.999s][info ][gc,cpu         ] GC(199) User=0.01s Sys=0.00s Real=0.00s
[1678.999s][info ][safepoint      ] Safepoint "ParallelGCFailedAllocation", Time since last: 342651858 ns, Reaching safepoint: 76700 ns, Cleanup: 44300 ns, At safepoint: 3654211 ns, Total: 3775211 ns
[1686.444s][info ][gc,start       ] GC(200) Pause Young (Allocation Failure)
[1686.446s][debug][gc,phases      ] GC(200) Scavenge 2.703ms
[1686.446s][debug][gc,ref         ] GC(200) Skipped phase 1 of Reference Processing: no references
[1686.447s][debug][gc,ref         ] GC(200) ReferenceProcessor::execute queues: 1, RefProcThreadModel::Single, marks_oops_alive: false
[1686.447s][debug][gc,ref         ] GC(200) Skipped phase 3 of Reference Processing: no references
[1686.447s][debug][gc,ref         ] GC(200) Skipped phase 4 of Reference Processing: no references
[1686.447s][debug][gc,phases      ] GC(200) Reference Processing 0.091ms
[1686.447s][debug][gc,phases      ] GC(200)   VM Weak                        Min:  0.0, Avg:  0.0, Max:  0.0, Diff:  0.0, Sum:  0.0, Workers: 4
[1686.447s][debug][gc,phases      ] GC(200)     Dead                           Min: 0, Avg:  0.0, Max: 0, Diff: 0, Sum: 0, Workers: 4
[1686.447s][debug][gc,phases      ] GC(200)     Total                          Min: 0, Avg: 217.0, Max: 576, Diff: 576, Sum: 868, Workers: 4
[1686.447s][debug][gc,phases      ] GC(200)   ObjectSynchronizer Weak        Min:  0.0, Avg:  0.0, Max:  0.0, Diff:  0.0, Sum:  0.0, Workers: 4
[1686.447s][debug][gc,phases      ] GC(200)     Dead                           Min: 0, Avg:  0.0, Max: 0, Diff: 0, Sum: 0, Workers: 4
[1686.447s][debug][gc,phases      ] GC(200)     Total                          Min: 0, Avg:  1.0, Max: 4, Diff: 4, Sum: 4, Workers: 4
[1686.447s][debug][gc,phases      ] GC(200)   JVMTI Tag Weak OopStorage      Min:  0.0, Avg:  0.0, Max:  0.0, Diff:  0.0, Sum:  0.0, Workers: 4
[1686.447s][debug][gc,phases      ] GC(200)     Dead                           Min: 0, Avg:  0.0, Max: 0, Diff: 0, Sum: 0, Workers: 4
[1686.447s][debug][gc,phases      ] GC(200)     Total                          Min: 0, Avg:  0.0, Max: 0, Diff: 0, Sum: 0, Workers: 4
[1686.447s][debug][gc,phases      ] GC(200)   StringTable Weak               Min:  0.0, Avg:  0.1, Max:  0.1, Diff:  0.1, Sum:  0.4, Workers: 4
[1686.447s][debug][gc,phases      ] GC(200)     Dead                           Min: 0, Avg:  0.0, Max: 0, Diff: 0, Sum: 0, Workers: 4
[1686.447s][debug][gc,phases      ] GC(200)     Total                          Min: 0, Avg: 11192.0, Max: 15424, Diff: 15424, Sum: 44768, Workers: 4
[1686.447s][debug][gc,phases      ] GC(200)   ResolvedMethodTable Weak       Min:  0.0, Avg:  0.0, Max:  0.0, Diff:  0.0, Sum:  0.1, Workers: 4
[1686.447s][debug][gc,phases      ] GC(200)     Dead                           Min: 0, Avg:  0.0, Max: 0, Diff: 0, Sum: 0, Workers: 4
[1686.447s][debug][gc,phases      ] GC(200)     Total                          Min: 0, Avg: 2628.0, Max: 3520, Diff: 3520, Sum: 10512, Workers: 4
[1686.447s][debug][gc,phases      ] GC(200)   JNI Weak                       Min:  0.0, Avg:  0.0, Max:  0.0, Diff:  0.0, Sum:  0.0, Workers: 4
[1686.447s][debug][gc,phases      ] GC(200)     Dead                           Min: 0, Avg:  0.0, Max: 0, Diff: 0, Sum: 0, Workers: 4
[1686.447s][debug][gc,phases      ] GC(200)     Total                          Min: 0, Avg: 11.2, Max: 45, Diff: 45, Sum: 45, Workers: 4
[1686.447s][debug][gc,phases      ] GC(200)   StringDedup Table Weak         Min:  0.0, Avg:  0.0, Max:  0.0, Diff:  0.0, Sum:  0.0, Workers: 4
[1686.447s][debug][gc,phases      ] GC(200)     Dead                           Min: 0, Avg:  0.0, Max: 0, Diff: 0, Sum: 0, Workers: 4
[1686.447s][debug][gc,phases      ] GC(200)     Total                          Min: 0, Avg:  0.0, Max: 0, Diff: 0, Sum: 0, Workers: 4
[1686.447s][debug][gc,phases      ] GC(200)   StringDedup Requests0 Weak     Min:  0.0, Avg:  0.0, Max:  0.0, Diff:  0.0, Sum:  0.0, Workers: 4
[1686.447s][debug][gc,phases      ] GC(200)     Dead                           Min: 0, Avg:  0.0, Max: 0, Diff: 0, Sum: 0, Workers: 4
[1686.447s][debug][gc,phases      ] GC(200)     Total                          Min: 0, Avg:  0.0, Max: 0, Diff: 0, Sum: 0, Workers: 4
[1686.447s][debug][gc,phases      ] GC(200)   StringDedup Requests1 Weak     Min:  0.0, Avg:  0.0, Max:  0.0, Diff:  0.0, Sum:  0.0, Workers: 4
[1686.447s][debug][gc,phases      ] GC(200)     Dead                           Min: 0, Avg:  0.0, Max: 0, Diff: 0, Sum: 0, Workers: 4
[1686.447s][debug][gc,phases      ] GC(200)     Total                          Min: 0, Avg:  0.0, Max: 0, Diff: 0, Sum: 0, Workers: 4
[1686.447s][debug][gc,phases      ] GC(200)   Weak JFR Old Object Samples    Min:  0.0, Avg:  0.0, Max:  0.0, Diff:  0.0, Sum:  0.0, Workers: 4
[1686.447s][debug][gc,phases      ] GC(200)     Dead                           Min: 0, Avg:  0.0, Max: 0, Diff: 0, Sum: 0, Workers: 4
[1686.447s][debug][gc,phases      ] GC(200)     Total                          Min: 0, Avg:  0.0, Max: 0, Diff: 0, Sum: 0, Workers: 4
[1686.447s][debug][gc,phases      ] GC(200) Weak Processing 0.338ms
[1686.447s][debug][gc,age         ] GC(200) Desired survivor size 4718592 bytes, new threshold 15 (max threshold 15)
[1686.447s][info ][gc,heap        ] GC(200) PSYoungGen: 2089648K(2092544K)->1728K(2092544K) Eden: 2087936K(2087936K)->0K(2087936K) From: 1712K(4608K)->1728K(4608K)
[1686.447s][info ][gc,heap        ] GC(200) ParOldGen: 392320K(430080K)->392352K(430080K)
[1686.447s][info ][gc,metaspace   ] GC(200) Metaspace: 85557K(86656K)->85557K(86656K) NonClass: 73195K(73792K)->73195K(73792K) Class: 12361K(12864K)->12361K(12864K)
[1686.447s][info ][gc             ] GC(200) Pause Young (Allocation Failure) 2423M->384M(2463M) 3.229ms
[1686.447s][info ][gc,cpu         ] GC(200) User=0.01s Sys=0.00s Real=0.00s
[1686.447s][info ][safepoint      ] Safepoint "ParallelGCFailedAllocation", Time since last: 7444972975 ns, Reaching safepoint: 78800 ns, Cleanup: 34100 ns, At safepoint: 3294410 ns, Total: 3407310 ns
[1693.789s][info ][gc,start       ] GC(201) Pause Young (Allocation Failure)
[1693.794s][debug][gc,phases      ] GC(201) Scavenge 4.729ms
[1693.794s][debug][gc,ref         ] GC(201) Skipped phase 1 of Reference Processing: no references
[1693.794s][debug][gc,ref         ] GC(201) ReferenceProcessor::execute queues: 1, RefProcThreadModel::Single, marks_oops_alive: false
[1693.794s][debug][gc,ref         ] GC(201) Skipped phase 3 of Reference Processing: no references
[1693.794s][debug][gc,ref         ] GC(201) Skipped phase 4 of Reference Processing: no references
[1693.794s][debug][gc,phases      ] GC(201) Reference Processing 0.087ms
[1693.794s][debug][gc,phases      ] GC(201)   VM Weak                        Min:  0.0, Avg:  0.0, Max:  0.0, Diff:  0.0, Sum:  0.0, Workers: 4
[1693.794s][debug][gc,phases      ] GC(201)     Dead                           Min: 0, Avg:  0.0, Max: 0, Diff: 0, Sum: 0, Workers: 4
[1693.794s][debug][gc,phases      ] GC(201)     Total                          Min: 0, Avg: 217.0, Max: 640, Diff: 640, Sum: 868, Workers: 4
[1693.794s][debug][gc,phases      ] GC(201)   ObjectSynchronizer Weak        Min:  0.0, Avg:  0.0, Max:  0.0, Diff:  0.0, Sum:  0.0, Workers: 4
[1693.794s][debug][gc,phases      ] GC(201)     Dead                           Min: 0, Avg:  0.0, Max: 0, Diff: 0, Sum: 0, Workers: 4
[1693.794s][debug][gc,phases      ] GC(201)     Total                          Min: 0, Avg:  1.0, Max: 4, Diff: 4, Sum: 4, Workers: 4
[1693.794s][debug][gc,phases      ] GC(201)   JVMTI Tag Weak OopStorage      Min:  0.0, Avg:  0.0, Max:  0.0, Diff:  0.0, Sum:  0.0, Workers: 4
[1693.794s][debug][gc,phases      ] GC(201)     Dead                           Min: 0, Avg:  0.0, Max: 0, Diff: 0, Sum: 0, Workers: 4
[1693.794s][debug][gc,phases      ] GC(201)     Total                          Min: 0, Avg:  0.0, Max: 0, Diff: 0, Sum: 0, Workers: 4
[1693.794s][debug][gc,phases      ] GC(201)   StringTable Weak               Min:  0.0, Avg:  0.1, Max:  0.1, Diff:  0.1, Sum:  0.4, Workers: 4
[1693.794s][debug][gc,phases      ] GC(201)     Dead                           Min: 0, Avg:  0.0, Max: 0, Diff: 0, Sum: 0, Workers: 4
[1693.794s][debug][gc,phases      ] GC(201)     Total                          Min: 0, Avg: 11192.0, Max: 19264, Diff: 19264, Sum: 44768, Workers: 4
[1693.794s][debug][gc,phases      ] GC(201)   ResolvedMethodTable Weak       Min:  0.0, Avg:  0.0, Max:  0.0, Diff:  0.0, Sum:  0.1, Workers: 4
[1693.794s][debug][gc,phases      ] GC(201)     Dead                           Min: 0, Avg:  0.0, Max: 0, Diff: 0, Sum: 0, Workers: 4
[1693.794s][debug][gc,phases      ] GC(201)     Total                          Min: 0, Avg: 2628.0, Max: 3986, Diff: 3986, Sum: 10512, Workers: 4
[1693.794s][debug][gc,phases      ] GC(201)   JNI Weak                       Min:  0.0, Avg:  0.0, Max:  0.0, Diff:  0.0, Sum:  0.0, Workers: 4
[1693.794s][debug][gc,phases      ] GC(201)     Dead                           Min: 0, Avg:  0.0, Max: 0, Diff: 0, Sum: 0, Workers: 4
[1693.794s][debug][gc,phases      ] GC(201)     Total                          Min: 0, Avg: 11.2, Max: 45, Diff: 45, Sum: 45, Workers: 4
[1693.794s][debug][gc,phases      ] GC(201)   StringDedup Table Weak         Min:  0.0, Avg:  0.0, Max:  0.0, Diff:  0.0, Sum:  0.0, Workers: 4
[1693.794s][debug][gc,phases      ] GC(201)     Dead                           Min: 0, Avg:  0.0, Max: 0, Diff: 0, Sum: 0, Workers: 4
[1693.794s][debug][gc,phases      ] GC(201)     Total                          Min: 0, Avg:  0.0, Max: 0, Diff: 0, Sum: 0, Workers: 4
[1693.794s][debug][gc,phases      ] GC(201)   StringDedup Requests0 Weak     Min:  0.0, Avg:  0.0, Max:  0.0, Diff:  0.0, Sum:  0.0, Workers: 4
[1693.794s][debug][gc,phases      ] GC(201)     Dead                           Min: 0, Avg:  0.0, Max: 0, Diff: 0, Sum: 0, Workers: 4
[1693.794s][debug][gc,phases      ] GC(201)     Total                          Min: 0, Avg:  0.0, Max: 0, Diff: 0, Sum: 0, Workers: 4
[1693.794s][debug][gc,phases      ] GC(201)   StringDedup Requests1 Weak     Min:  0.0, Avg:  0.0, Max:  0.0, Diff:  0.0, Sum:  0.0, Workers: 4
[1693.794s][debug][gc,phases      ] GC(201)     Dead                           Min: 0, Avg:  0.0, Max: 0, Diff: 0, Sum: 0, Workers: 4
[1693.794s][debug][gc,phases      ] GC(201)     Total                          Min: 0, Avg:  0.0, Max: 0, Diff: 0, Sum: 0, Workers: 4
[1693.794s][debug][gc,phases      ] GC(201)   Weak JFR Old Object Samples    Min:  0.0, Avg:  0.0, Max:  0.0, Diff:  0.0, Sum:  0.0, Workers: 4
[1693.794s][debug][gc,phases      ] GC(201)     Dead                           Min: 0, Avg:  0.0, Max: 0, Diff: 0, Sum: 0, Workers: 4
[1693.794s][debug][gc,phases      ] GC(201)     Total                          Min: 0, Avg:  0.0, Max: 0, Diff: 0, Sum: 0, Workers: 4
[1693.794s][debug][gc,phases      ] GC(201) Weak Processing 0.319ms
[1693.794s][debug][gc,age         ] GC(201) Desired survivor size 4718592 bytes, new threshold 15 (max threshold 15)
[1693.794s][info ][gc,heap        ] GC(201) PSYoungGen: 2089664K(2092544K)->1728K(2092544K) Eden: 2087936K(2087936K)->0K(2087936K) From: 1728K(4608K)->1728K(4608K)
[1693.794s][info ][gc,heap        ] GC(201) ParOldGen: 392352K(430080K)->392368K(430080K)
[1693.794s][info ][gc,metaspace   ] GC(201) Metaspace: 85557K(86656K)->85557K(86656K) NonClass: 73196K(73792K)->73196K(73792K) Class: 12361K(12864K)->12361K(12864K)
[1693.794s][info ][gc             ] GC(201) Pause Young (Allocation Failure) 2423M->384M(2463M) 5.227ms
[1693.794s][info ][gc,cpu         ] GC(201) User=0.00s Sys=0.00s Real=0.01s
[1693.794s][info ][safepoint      ] Safepoint "ParallelGCFailedAllocation", Time since last: 7342162612 ns, Reaching safepoint: 3500 ns, Cleanup: 17500 ns, At safepoint: 5290115 ns, Total: 5311115 ns
[1700.795s][info ][safepoint      ] Safepoint "Cleanup", Time since last: 7000479889 ns, Reaching safepoint: 73900 ns, Cleanup: 36000 ns, At safepoint: 7600 ns, Total: 117500 ns
[1701.292s][info ][gc,start       ] GC(202) Pause Young (Allocation Failure)
[1701.295s][debug][gc,phases      ] GC(202) Scavenge 2.971ms
[1701.295s][debug][gc,ref         ] GC(202) Skipped phase 1 of Reference Processing: no references
[1701.295s][debug][gc,ref         ] GC(202) ReferenceProcessor::execute queues: 1, RefProcThreadModel::Single, marks_oops_alive: false
[1701.295s][debug][gc,ref         ] GC(202) Skipped phase 3 of Reference Processing: no references
[1701.295s][debug][gc,ref         ] GC(202) Skipped phase 4 of Reference Processing: no references
[1701.295s][debug][gc,phases      ] GC(202) Reference Processing 0.099ms
[1701.295s][debug][gc,phases      ] GC(202)   VM Weak                        Min:  0.0, Avg:  0.0, Max:  0.0, Diff:  0.0, Sum:  0.0, Workers: 4
[1701.296s][debug][gc,phases      ] GC(202)     Dead                           Min: 0, Avg:  0.0, Max: 0, Diff: 0, Sum: 0, Workers: 4
[1701.296s][debug][gc,phases      ] GC(202)     Total                          Min: 0, Avg: 217.0, Max: 804, Diff: 804, Sum: 868, Workers: 4
[1701.296s][debug][gc,phases      ] GC(202)   ObjectSynchronizer Weak        Min:  0.0, Avg:  0.0, Max:  0.0, Diff:  0.0, Sum:  0.0, Workers: 4
[1701.296s][debug][gc,phases      ] GC(202)     Dead                           Min: 0, Avg:  0.0, Max: 0, Diff: 0, Sum: 0, Workers: 4
[1701.296s][debug][gc,phases      ] GC(202)     Total                          Min: 0, Avg:  1.0, Max: 4, Diff: 4, Sum: 4, Workers: 4
[1701.296s][debug][gc,phases      ] GC(202)   JVMTI Tag Weak OopStorage      Min:  0.0, Avg:  0.0, Max:  0.0, Diff:  0.0, Sum:  0.0, Workers: 4
[1701.296s][debug][gc,phases      ] GC(202)     Dead                           Min: 0, Avg:  0.0, Max: 0, Diff: 0, Sum: 0, Workers: 4
[1701.296s][debug][gc,phases      ] GC(202)     Total                          Min: 0, Avg:  0.0, Max: 0, Diff: 0, Sum: 0, Workers: 4
[1701.296s][debug][gc,phases      ] GC(202)   StringTable Weak               Min:  0.0, Avg:  0.1, Max:  0.1, Diff:  0.1, Sum:  0.4, Workers: 4
[1701.296s][debug][gc,phases      ] GC(202)     Dead                           Min: 0, Avg:  0.0, Max: 0, Diff: 0, Sum: 0, Workers: 4
[1701.296s][debug][gc,phases      ] GC(202)     Total                          Min: 0, Avg: 11192.0, Max: 17536, Diff: 17536, Sum: 44768, Workers: 4
[1701.296s][debug][gc,phases      ] GC(202)   ResolvedMethodTable Weak       Min:  0.0, Avg:  0.0, Max:  0.0, Diff:  0.0, Sum:  0.1, Workers: 4
[1701.296s][debug][gc,phases      ] GC(202)     Dead                           Min: 0, Avg:  0.0, Max: 0, Diff: 0, Sum: 0, Workers: 4
[1701.296s][debug][gc,phases      ] GC(202)     Total                          Min: 0, Avg: 2628.0, Max: 4562, Diff: 4562, Sum: 10512, Workers: 4
[1701.296s][debug][gc,phases      ] GC(202)   JNI Weak                       Min:  0.0, Avg:  0.0, Max:  0.0, Diff:  0.0, Sum:  0.0, Workers: 4
[1701.296s][debug][gc,phases      ] GC(202)     Dead                           Min: 0, Avg:  0.0, Max: 0, Diff: 0, Sum: 0, Workers: 4
[1701.296s][debug][gc,phases      ] GC(202)     Total                          Min: 0, Avg: 11.2, Max: 45, Diff: 45, Sum: 45, Workers: 4
[1701.296s][debug][gc,phases      ] GC(202)   StringDedup Table Weak         Min:  0.0, Avg:  0.0, Max:  0.0, Diff:  0.0, Sum:  0.0, Workers: 4
[1701.296s][debug][gc,phases      ] GC(202)     Dead                           Min: 0, Avg:  0.0, Max: 0, Diff: 0, Sum: 0, Workers: 4
[1701.296s][debug][gc,phases      ] GC(202)     Total                          Min: 0, Avg:  0.0, Max: 0, Diff: 0, Sum: 0, Workers: 4
[1701.296s][debug][gc,phases      ] GC(202)   StringDedup Requests0 Weak     Min:  0.0, Avg:  0.0, Max:  0.0, Diff:  0.0, Sum:  0.0, Workers: 4
[1701.296s][debug][gc,phases      ] GC(202)     Dead                           Min: 0, Avg:  0.0, Max: 0, Diff: 0, Sum: 0, Workers: 4
[1701.296s][debug][gc,phases      ] GC(202)     Total                          Min: 0, Avg:  0.0, Max: 0, Diff: 0, Sum: 0, Workers: 4
[1701.296s][debug][gc,phases      ] GC(202)   StringDedup Requests1 Weak     Min:  0.0, Avg:  0.0, Max:  0.0, Diff:  0.0, Sum:  0.0, Workers: 4
[1701.296s][debug][gc,phases      ] GC(202)     Dead                           Min: 0, Avg:  0.0, Max: 0, Diff: 0, Sum: 0, Workers: 4
[1701.296s][debug][gc,phases      ] GC(202)     Total                          Min: 0, Avg:  0.0, Max: 0, Diff: 0, Sum: 0, Workers: 4
[1701.296s][debug][gc,phases      ] GC(202)   Weak JFR Old Object Samples    Min:  0.0, Avg:  0.0, Max:  0.0, Diff:  0.0, Sum:  0.0, Workers: 4
[1701.296s][debug][gc,phases      ] GC(202)     Dead                           Min: 0, Avg:  0.0, Max: 0, Diff: 0, Sum: 0, Workers: 4
[1701.296s][debug][gc,phases      ] GC(202)     Total                          Min: 0, Avg:  0.0, Max: 0, Diff: 0, Sum: 0, Workers: 4
[1701.296s][debug][gc,phases      ] GC(202) Weak Processing 0.336ms
[1701.296s][debug][gc,age         ] GC(202) Desired survivor size 4718592 bytes, new threshold 15 (max threshold 15)
[1701.296s][info ][gc,heap        ] GC(202) PSYoungGen: 2089664K(2092544K)->1728K(2092544K) Eden: 2087936K(2087936K)->0K(2087936K) From: 1728K(4608K)->1728K(4608K)
[1701.296s][info ][gc,heap        ] GC(202) ParOldGen: 392368K(430080K)->392384K(430080K)
[1701.296s][info ][gc,metaspace   ] GC(202) Metaspace: 85557K(86656K)->85557K(86656K) NonClass: 73196K(73792K)->73196K(73792K) Class: 12361K(12864K)->12361K(12864K)
[1701.296s][info ][gc             ] GC(202) Pause Young (Allocation Failure) 2423M->384M(2463M) 3.501ms
[1701.296s][info ][gc,cpu         ] GC(202) User=0.01s Sys=0.00s Real=0.01s
[1701.296s][info ][safepoint      ] Safepoint "ParallelGCFailedAllocation", Time since last: 497090447 ns, Reaching safepoint: 4200 ns, Cleanup: 31400 ns, At safepoint: 3572508 ns, Total: 3608108 ns
[1704.296s][info ][safepoint      ] Safepoint "Cleanup", Time since last: 3000213957 ns, Reaching safepoint: 5200 ns, Cleanup: 30000 ns, At safepoint: 2100 ns, Total: 37300 ns
[1705.296s][info ][safepoint      ] Safepoint "Cleanup", Time since last: 1000099702 ns, Reaching safepoint: 71800 ns, Cleanup: 34900 ns, At safepoint: 6300 ns, Total: 113000 ns
[1711.297s][info ][safepoint      ] Safepoint "Cleanup", Time since last: 6000430134 ns, Reaching safepoint: 3600 ns, Cleanup: 43300 ns, At safepoint: 8500 ns, Total: 55400 ns
[1712.094s][info ][safepoint      ] Safepoint "ParallelGCFailedAllocation", Time since last: 797550322 ns, Reaching safepoint: 78400 ns, Cleanup: 34900 ns, At safepoint: 12600 ns, Total: 125900 ns
[1712.095s][info ][gc,start       ] GC(203) Pause Young (GCLocker Initiated GC)
[1712.101s][debug][gc,phases      ] GC(203) Scavenge 5.994ms
[1712.101s][debug][gc,ref         ] GC(203) Skipped phase 1 of Reference Processing: no references
[1712.101s][debug][gc,ref         ] GC(203) ReferenceProcessor::execute queues: 1, RefProcThreadModel::Single, marks_oops_alive: false
[1712.101s][debug][gc,ref         ] GC(203) Skipped phase 3 of Reference Processing: no references
[1712.101s][debug][gc,ref         ] GC(203) ReferenceProcessor::execute queues: 1, RefProcThreadModel::Single, marks_oops_alive: false
[1712.101s][debug][gc,phases      ] GC(203) Reference Processing 0.092ms
[1712.101s][debug][gc,phases      ] GC(203)   VM Weak                        Min:  0.0, Avg:  0.0, Max:  0.0, Diff:  0.0, Sum:  0.0, Workers: 4
[1712.101s][debug][gc,phases      ] GC(203)     Dead                           Min: 0, Avg:  0.0, Max: 0, Diff: 0, Sum: 0, Workers: 4
[1712.101s][debug][gc,phases      ] GC(203)     Total                          Min: 0, Avg: 217.0, Max: 640, Diff: 640, Sum: 868, Workers: 4
[1712.101s][debug][gc,phases      ] GC(203)   ObjectSynchronizer Weak        Min:  0.0, Avg:  0.0, Max:  0.0, Diff:  0.0, Sum:  0.0, Workers: 4
[1712.101s][debug][gc,phases      ] GC(203)     Dead                           Min: 0, Avg:  0.0, Max: 0, Diff: 0, Sum: 0, Workers: 4
[1712.101s][debug][gc,phases      ] GC(203)     Total                          Min: 0, Avg:  1.0, Max: 4, Diff: 4, Sum: 4, Workers: 4
[1712.101s][debug][gc,phases      ] GC(203)   JVMTI Tag Weak OopStorage      Min:  0.0, Avg:  0.0, Max:  0.0, Diff:  0.0, Sum:  0.0, Workers: 4
[1712.101s][debug][gc,phases      ] GC(203)     Dead                           Min: 0, Avg:  0.0, Max: 0, Diff: 0, Sum: 0, Workers: 4
[1712.101s][debug][gc,phases      ] GC(203)     Total                          Min: 0, Avg:  0.0, Max: 0, Diff: 0, Sum: 0, Workers: 4
[1712.101s][debug][gc,phases      ] GC(203)   StringTable Weak               Min:  0.0, Avg:  0.1, Max:  0.2, Diff:  0.2, Sum:  0.3, Workers: 4
[1712.101s][debug][gc,phases      ] GC(203)     Dead                           Min: 0, Avg:  0.0, Max: 0, Diff: 0, Sum: 0, Workers: 4
[1712.101s][debug][gc,phases      ] GC(203)     Total                          Min: 0, Avg: 11193.5, Max: 28352, Diff: 28352, Sum: 44774, Workers: 4
[1712.101s][debug][gc,phases      ] GC(203)   ResolvedMethodTable Weak       Min:  0.0, Avg:  0.0, Max:  0.0, Diff:  0.0, Sum:  0.1, Workers: 4
[1712.101s][debug][gc,phases      ] GC(203)     Dead                           Min: 0, Avg:  0.0, Max: 0, Diff: 0, Sum: 0, Workers: 4
[1712.101s][debug][gc,phases      ] GC(203)     Total                          Min: 0, Avg: 2628.0, Max: 6546, Diff: 6546, Sum: 10512, Workers: 4
[1712.101s][debug][gc,phases      ] GC(203)   JNI Weak                       Min:  0.0, Avg:  0.0, Max:  0.0, Diff:  0.0, Sum:  0.0, Workers: 4
[1712.101s][debug][gc,phases      ] GC(203)     Dead                           Min: 0, Avg:  0.0, Max: 0, Diff: 0, Sum: 0, Workers: 4
[1712.101s][debug][gc,phases      ] GC(203)     Total                          Min: 0, Avg: 11.2, Max: 45, Diff: 45, Sum: 45, Workers: 4
[1712.101s][debug][gc,phases      ] GC(203)   StringDedup Table Weak         Min:  0.0, Avg:  0.0, Max:  0.0, Diff:  0.0, Sum:  0.0, Workers: 4
[1712.101s][debug][gc,phases      ] GC(203)     Dead                           Min: 0, Avg:  0.0, Max: 0, Diff: 0, Sum: 0, Workers: 4
[1712.101s][debug][gc,phases      ] GC(203)     Total                          Min: 0, Avg:  0.0, Max: 0, Diff: 0, Sum: 0, Workers: 4
[1712.101s][debug][gc,phases      ] GC(203)   StringDedup Requests0 Weak     Min:  0.0, Avg:  0.0, Max:  0.0, Diff:  0.0, Sum:  0.0, Workers: 4
[1712.101s][debug][gc,phases      ] GC(203)     Dead                           Min: 0, Avg:  0.0, Max: 0, Diff: 0, Sum: 0, Workers: 4
[1712.101s][debug][gc,phases      ] GC(203)     Total                          Min: 0, Avg:  0.0, Max: 0, Diff: 0, Sum: 0, Workers: 4
[1712.101s][debug][gc,phases      ] GC(203)   StringDedup Requests1 Weak     Min:  0.0, Avg:  0.0, Max:  0.0, Diff:  0.0, Sum:  0.0, Workers: 4
[1712.101s][debug][gc,phases      ] GC(203)     Dead                           Min: 0, Avg:  0.0, Max: 0, Diff: 0, Sum: 0, Workers: 4
[1712.101s][debug][gc,phases      ] GC(203)     Total                          Min: 0, Avg:  0.0, Max: 0, Diff: 0, Sum: 0, Workers: 4
[1712.101s][debug][gc,phases      ] GC(203)   Weak JFR Old Object Samples    Min:  0.0, Avg:  0.0, Max:  0.0, Diff:  0.0, Sum:  0.0, Workers: 4
[1712.101s][debug][gc,phases      ] GC(203)     Dead                           Min: 0, Avg:  0.0, Max: 0, Diff: 0, Sum: 0, Workers: 4
[1712.101s][debug][gc,phases      ] GC(203)     Total                          Min: 0, Avg:  0.0, Max: 0, Diff: 0, Sum: 0, Workers: 4
[1712.101s][debug][gc,phases      ] GC(203) Weak Processing 0.376ms
[1712.101s][debug][gc,age         ] GC(203) Desired survivor size 4718592 bytes, new threshold 15 (max threshold 15)
[1712.101s][info ][gc,heap        ] GC(203) PSYoungGen: 2089664K(2092544K)->1920K(2092544K) Eden: 2087936K(2087936K)->0K(2087936K) From: 1728K(4608K)->1920K(4608K)
[1712.101s][info ][gc,heap        ] GC(203) ParOldGen: 392388K(430080K)->392404K(430080K)
[1712.101s][info ][gc,metaspace   ] GC(203) Metaspace: 85572K(86656K)->85572K(86656K) NonClass: 73211K(73792K)->73211K(73792K) Class: 12361K(12864K)->12361K(12864K)
[1712.101s][info ][gc             ] GC(203) Pause Young (GCLocker Initiated GC) 2423M->385M(2463M) 6.575ms
[1712.101s][info ][gc,cpu         ] GC(203) User=0.01s Sys=0.00s Real=0.01s
[1712.101s][info ][safepoint      ] Safepoint "ParallelGCSystemGC", Time since last: 78100 ns, Reaching safepoint: 69200 ns, Cleanup: 21200 ns, At safepoint: 6649317 ns, Total: 6739717 ns
[1717.102s][info ][safepoint      ] Safepoint "Cleanup", Time since last: 5000326754 ns, Reaching safepoint: 6000 ns, Cleanup: 32700 ns, At safepoint: 2700 ns, Total: 41400 ns
[1719.394s][info ][gc,start       ] GC(204) Pause Young (Allocation Failure)
[1719.399s][debug][gc,phases      ] GC(204) Scavenge 5.136ms
[1719.399s][debug][gc,ref         ] GC(204) Skipped phase 1 of Reference Processing: no references
[1719.399s][debug][gc,ref         ] GC(204) ReferenceProcessor::execute queues: 1, RefProcThreadModel::Single, marks_oops_alive: false
[1719.399s][debug][gc,ref         ] GC(204) ReferenceProcessor::execute queues: 4, RefProcThreadModel::Multi, marks_oops_alive: true
[1719.400s][debug][gc,ref         ] GC(204) Skipped phase 4 of Reference Processing: no references
[1719.400s][debug][gc,phases      ] GC(204) Reference Processing 0.396ms
[1719.400s][debug][gc,phases      ] GC(204)   VM Weak                        Min:  0.0, Avg:  0.0, Max:  0.0, Diff:  0.0, Sum:  0.0, Workers: 4
[1719.400s][debug][gc,phases      ] GC(204)     Dead                           Min: 0, Avg:  0.0, Max: 0, Diff: 0, Sum: 0, Workers: 4
[1719.400s][debug][gc,phases      ] GC(204)     Total                          Min: 0, Avg: 217.0, Max: 868, Diff: 868, Sum: 868, Workers: 4
[1719.400s][debug][gc,phases      ] GC(204)   ObjectSynchronizer Weak        Min:  0.0, Avg:  0.0, Max:  0.0, Diff:  0.0, Sum:  0.0, Workers: 4
[1719.400s][debug][gc,phases      ] GC(204)     Dead                           Min: 0, Avg:  0.0, Max: 0, Diff: 0, Sum: 0, Workers: 4
[1719.400s][debug][gc,phases      ] GC(204)     Total                          Min: 0, Avg:  1.0, Max: 4, Diff: 4, Sum: 4, Workers: 4
[1719.400s][debug][gc,phases      ] GC(204)   JVMTI Tag Weak OopStorage      Min:  0.0, Avg:  0.0, Max:  0.0, Diff:  0.0, Sum:  0.0, Workers: 4
[1719.400s][debug][gc,phases      ] GC(204)     Dead                           Min: 0, Avg:  0.0, Max: 0, Diff: 0, Sum: 0, Workers: 4
[1719.400s][debug][gc,phases      ] GC(204)     Total                          Min: 0, Avg:  0.0, Max: 0, Diff: 0, Sum: 0, Workers: 4
[1719.400s][debug][gc,phases      ] GC(204)   StringTable Weak               Min:  0.0, Avg:  0.1, Max:  0.2, Diff:  0.2, Sum:  0.3, Workers: 4
[1719.400s][debug][gc,phases      ] GC(204)     Dead                           Min: 0, Avg:  0.0, Max: 0, Diff: 0, Sum: 0, Workers: 4
[1719.400s][debug][gc,phases      ] GC(204)     Total                          Min: 0, Avg: 11193.5, Max: 28134, Diff: 28134, Sum: 44774, Workers: 4
[1719.400s][debug][gc,phases      ] GC(204)   ResolvedMethodTable Weak       Min:  0.0, Avg:  0.0, Max:  0.0, Diff:  0.0, Sum:  0.1, Workers: 4
[1719.400s][debug][gc,phases      ] GC(204)     Dead                           Min: 0, Avg:  0.0, Max: 0, Diff: 0, Sum: 0, Workers: 4
[1719.400s][debug][gc,phases      ] GC(204)     Total                          Min: 0, Avg: 2628.0, Max: 6482, Diff: 6482, Sum: 10512, Workers: 4
[1719.400s][debug][gc,phases      ] GC(204)   JNI Weak                       Min:  0.0, Avg:  0.0, Max:  0.0, Diff:  0.0, Sum:  0.0, Workers: 4
[1719.400s][debug][gc,phases      ] GC(204)     Dead                           Min: 0, Avg:  0.0, Max: 0, Diff: 0, Sum: 0, Workers: 4
[1719.400s][debug][gc,phases      ] GC(204)     Total                          Min: 0, Avg: 11.2, Max: 45, Diff: 45, Sum: 45, Workers: 4
[1719.400s][debug][gc,phases      ] GC(204)   StringDedup Table Weak         Min:  0.0, Avg:  0.0, Max:  0.0, Diff:  0.0, Sum:  0.0, Workers: 4
[1719.400s][debug][gc,phases      ] GC(204)     Dead                           Min: 0, Avg:  0.0, Max: 0, Diff: 0, Sum: 0, Workers: 4
[1719.400s][debug][gc,phases      ] GC(204)     Total                          Min: 0, Avg:  0.0, Max: 0, Diff: 0, Sum: 0, Workers: 4
[1719.400s][debug][gc,phases      ] GC(204)   StringDedup Requests0 Weak     Min:  0.0, Avg:  0.0, Max:  0.0, Diff:  0.0, Sum:  0.0, Workers: 4
[1719.400s][debug][gc,phases      ] GC(204)     Dead                           Min: 0, Avg:  0.0, Max: 0, Diff: 0, Sum: 0, Workers: 4
[1719.400s][debug][gc,phases      ] GC(204)     Total                          Min: 0, Avg:  0.0, Max: 0, Diff: 0, Sum: 0, Workers: 4
[1719.400s][debug][gc,phases      ] GC(204)   StringDedup Requests1 Weak     Min:  0.0, Avg:  0.0, Max:  0.0, Diff:  0.0, Sum:  0.0, Workers: 4
[1719.400s][debug][gc,phases      ] GC(204)     Dead                           Min: 0, Avg:  0.0, Max: 0, Diff: 0, Sum: 0, Workers: 4
[1719.400s][debug][gc,phases      ] GC(204)     Total                          Min: 0, Avg:  0.0, Max: 0, Diff: 0, Sum: 0, Workers: 4
[1719.400s][debug][gc,phases      ] GC(204)   Weak JFR Old Object Samples    Min:  0.0, Avg:  0.0, Max:  0.0, Diff:  0.0, Sum:  0.0, Workers: 4
[1719.400s][debug][gc,phases      ] GC(204)     Dead                           Min: 0, Avg:  0.0, Max: 0, Diff: 0, Sum: 0, Workers: 4
[1719.400s][debug][gc,phases      ] GC(204)     Total                          Min: 0, Avg:  0.0, Max: 0, Diff: 0, Sum: 0, Workers: 4
[1719.400s][debug][gc,phases      ] GC(204) Weak Processing 0.371ms
[1719.400s][debug][gc,age         ] GC(204) Desired survivor size 4194304 bytes, new threshold 15 (max threshold 15)
[1719.400s][info ][gc,heap        ] GC(204) PSYoungGen: 2089856K(2092544K)->1904K(2093056K) Eden: 2087936K(2087936K)->0K(2088448K) From: 1920K(4608K)->1904K(4608K)
[1719.400s][info ][gc,heap        ] GC(204) ParOldGen: 392406K(430080K)->392430K(430080K)
[1719.400s][info ][gc,metaspace   ] GC(204) Metaspace: 85573K(86656K)->85573K(86656K) NonClass: 73211K(73792K)->73211K(73792K) Class: 12361K(12864K)->12361K(12864K)
[1719.400s][info ][gc             ] GC(204) Pause Young (Allocation Failure) 2424M->385M(2464M) 6.001ms
[1719.400s][info ][gc,cpu         ] GC(204) User=0.01s Sys=0.00s Real=0.00s
[1719.400s][info ][safepoint      ] Safepoint "ParallelGCFailedAllocation", Time since last: 2292478104 ns, Reaching safepoint: 72000 ns, Cleanup: 28900 ns, At safepoint: 6077416 ns, Total: 6178316 ns
[1724.401s][info ][safepoint      ] Safepoint "Cleanup", Time since last: 5000371036 ns, Reaching safepoint: 5300 ns, Cleanup: 31500 ns, At safepoint: 2700 ns, Total: 39500 ns
[1726.401s][info ][safepoint      ] Safepoint "Cleanup", Time since last: 2000175303 ns, Reaching safepoint: 3700 ns, Cleanup: 39900 ns, At safepoint: 2700 ns, Total: 46300 ns
[1726.791s][info ][gc,start       ] GC(205) Pause Young (Allocation Failure)
[1726.795s][debug][gc,phases      ] GC(205) Scavenge 4.566ms
[1726.795s][debug][gc,ref         ] GC(205) Skipped phase 1 of Reference Processing: no references
[1726.795s][debug][gc,ref         ] GC(205) ReferenceProcessor::execute queues: 1, RefProcThreadModel::Single, marks_oops_alive: false
[1726.795s][debug][gc,ref         ] GC(205) Skipped phase 3 of Reference Processing: no references
[1726.795s][debug][gc,ref         ] GC(205) Skipped phase 4 of Reference Processing: no references
[1726.795s][debug][gc,phases      ] GC(205) Reference Processing 0.090ms
[1726.796s][debug][gc,phases      ] GC(205)   VM Weak                        Min:  0.0, Avg:  0.0, Max:  0.0, Diff:  0.0, Sum:  0.0, Workers: 4
[1726.796s][debug][gc,phases      ] GC(205)     Dead                           Min: 0, Avg:  0.0, Max: 0, Diff: 0, Sum: 0, Workers: 4
[1726.796s][debug][gc,phases      ] GC(205)     Total                          Min: 0, Avg: 217.0, Max: 448, Diff: 448, Sum: 868, Workers: 4
[1726.796s][debug][gc,phases      ] GC(205)   ObjectSynchronizer Weak        Min:  0.0, Avg:  0.0, Max:  0.0, Diff:  0.0, Sum:  0.0, Workers: 4
[1726.796s][debug][gc,phases      ] GC(205)     Dead                           Min: 0, Avg:  0.0, Max: 0, Diff: 0, Sum: 0, Workers: 4
[1726.796s][debug][gc,phases      ] GC(205)     Total                          Min: 0, Avg:  1.0, Max: 4, Diff: 4, Sum: 4, Workers: 4
[1726.796s][debug][gc,phases      ] GC(205)   JVMTI Tag Weak OopStorage      Min:  0.0, Avg:  0.0, Max:  0.0, Diff:  0.0, Sum:  0.0, Workers: 4
[1726.796s][debug][gc,phases      ] GC(205)     Dead                           Min: 0, Avg:  0.0, Max: 0, Diff: 0, Sum: 0, Workers: 4
[1726.796s][debug][gc,phases      ] GC(205)     Total                          Min: 0, Avg:  0.0, Max: 0, Diff: 0, Sum: 0, Workers: 4
[1726.796s][debug][gc,phases      ] GC(205)   StringTable Weak               Min:  0.1, Avg:  0.1, Max:  0.1, Diff:  0.0, Sum:  0.4, Workers: 4
[1726.796s][debug][gc,phases      ] GC(205)     Dead                           Min: 0, Avg:  0.0, Max: 0, Diff: 0, Sum: 0, Workers: 4
[1726.796s][debug][gc,phases      ] GC(205)     Total                          Min: 10944, Avg: 11193.5, Max: 11520, Diff: 576, Sum: 44774, Workers: 4
[1726.796s][debug][gc,phases      ] GC(205)   ResolvedMethodTable Weak       Min:  0.0, Avg:  0.0, Max:  0.0, Diff:  0.0, Sum:  0.1, Workers: 4
[1726.796s][debug][gc,phases      ] GC(205)     Dead                           Min: 0, Avg:  0.0, Max: 0, Diff: 0, Sum: 0, Workers: 4
[1726.796s][debug][gc,phases      ] GC(205)     Total                          Min: 1234, Avg: 2628.0, Max: 3264, Diff: 2030, Sum: 10512, Workers: 4
[1726.796s][debug][gc,phases      ] GC(205)   JNI Weak                       Min:  0.0, Avg:  0.0, Max:  0.0, Diff:  0.0, Sum:  0.0, Workers: 4
[1726.796s][debug][gc,phases      ] GC(205)     Dead                           Min: 0, Avg:  0.0, Max: 0, Diff: 0, Sum: 0, Workers: 4
[1726.796s][debug][gc,phases      ] GC(205)     Total                          Min: 0, Avg: 11.2, Max: 45, Diff: 45, Sum: 45, Workers: 4
[1726.796s][debug][gc,phases      ] GC(205)   StringDedup Table Weak         Min:  0.0, Avg:  0.0, Max:  0.0, Diff:  0.0, Sum:  0.0, Workers: 4
[1726.796s][debug][gc,phases      ] GC(205)     Dead                           Min: 0, Avg:  0.0, Max: 0, Diff: 0, Sum: 0, Workers: 4
[1726.796s][debug][gc,phases      ] GC(205)     Total                          Min: 0, Avg:  0.0, Max: 0, Diff: 0, Sum: 0, Workers: 4
[1726.796s][debug][gc,phases      ] GC(205)   StringDedup Requests0 Weak     Min:  0.0, Avg:  0.0, Max:  0.0, Diff:  0.0, Sum:  0.0, Workers: 4
[1726.796s][debug][gc,phases      ] GC(205)     Dead                           Min: 0, Avg:  0.0, Max: 0, Diff: 0, Sum: 0, Workers: 4
[1726.796s][debug][gc,phases      ] GC(205)     Total                          Min: 0, Avg:  0.0, Max: 0, Diff: 0, Sum: 0, Workers: 4
[1726.796s][debug][gc,phases      ] GC(205)   StringDedup Requests1 Weak     Min:  0.0, Avg:  0.0, Max:  0.0, Diff:  0.0, Sum:  0.0, Workers: 4
[1726.796s][debug][gc,phases      ] GC(205)     Dead                           Min: 0, Avg:  0.0, Max: 0, Diff: 0, Sum: 0, Workers: 4
[1726.796s][debug][gc,phases      ] GC(205)     Total                          Min: 0, Avg:  0.0, Max: 0, Diff: 0, Sum: 0, Workers: 4
[1726.796s][debug][gc,phases      ] GC(205)   Weak JFR Old Object Samples    Min:  0.0, Avg:  0.0, Max:  0.0, Diff:  0.0, Sum:  0.0, Workers: 4
[1726.796s][debug][gc,phases      ] GC(205)     Dead                           Min: 0, Avg:  0.0, Max: 0, Diff: 0, Sum: 0, Workers: 4
[1726.796s][debug][gc,phases      ] GC(205)     Total                          Min: 0, Avg:  0.0, Max: 0, Diff: 0, Sum: 0, Workers: 4
[1726.796s][debug][gc,phases      ] GC(205) Weak Processing 0.325ms
[1726.796s][debug][gc,age         ] GC(205) Desired survivor size 4194304 bytes, new threshold 15 (max threshold 15)
[1726.796s][info ][gc,heap        ] GC(205) PSYoungGen: 2090352K(2093056K)->1824K(2092544K) Eden: 2088448K(2088448K)->0K(2088448K) From: 1904K(4608K)->1824K(4096K)
[1726.796s][info ][gc,heap        ] GC(205) ParOldGen: 392430K(430080K)->392462K(430080K)
[1726.796s][info ][gc,metaspace   ] GC(205) Metaspace: 85582K(86656K)->85582K(86656K) NonClass: 73220K(73792K)->73220K(73792K) Class: 12361K(12864K)->12361K(12864K)
[1726.796s][info ][gc             ] GC(205) Pause Young (Allocation Failure) 2424M->385M(2463M) 5.084ms
[1726.796s][info ][gc,cpu         ] GC(205) User=0.01s Sys=0.00s Real=0.01s
[1726.796s][info ][safepoint      ] Safepoint "ParallelGCFailedAllocation", Time since last: 389880355 ns, Reaching safepoint: 4000 ns, Cleanup: 18600 ns, At safepoint: 5154413 ns, Total: 5177013 ns
[1734.244s][info ][gc,start       ] GC(206) Pause Young (Allocation Failure)
[1734.250s][debug][gc,phases      ] GC(206) Scavenge 5.403ms
[1734.250s][debug][gc,ref         ] GC(206) Skipped phase 1 of Reference Processing: no references
[1734.250s][debug][gc,ref         ] GC(206) ReferenceProcessor::execute queues: 1, RefProcThreadModel::Single, marks_oops_alive: false
[1734.250s][debug][gc,ref         ] GC(206) Skipped phase 3 of Reference Processing: no references
[1734.250s][debug][gc,ref         ] GC(206) Skipped phase 4 of Reference Processing: no references
[1734.250s][debug][gc,phases      ] GC(206) Reference Processing 0.089ms
[1734.250s][debug][gc,phases      ] GC(206)   VM Weak                        Min:  0.0, Avg:  0.0, Max:  0.0, Diff:  0.0, Sum:  0.0, Workers: 4
[1734.250s][debug][gc,phases      ] GC(206)     Dead                           Min: 0, Avg:  0.0, Max: 0, Diff: 0, Sum: 0, Workers: 4
[1734.250s][debug][gc,phases      ] GC(206)     Total                          Min: 0, Avg: 217.0, Max: 740, Diff: 740, Sum: 868, Workers: 4
[1734.250s][debug][gc,phases      ] GC(206)   ObjectSynchronizer Weak        Min:  0.0, Avg:  0.0, Max:  0.0, Diff:  0.0, Sum:  0.0, Workers: 4
[1734.250s][debug][gc,phases      ] GC(206)     Dead                           Min: 0, Avg:  0.0, Max: 0, Diff: 0, Sum: 0, Workers: 4
[1734.250s][debug][gc,phases      ] GC(206)     Total                          Min: 0, Avg:  1.0, Max: 4, Diff: 4, Sum: 4, Workers: 4
[1734.250s][debug][gc,phases      ] GC(206)   JVMTI Tag Weak OopStorage      Min:  0.0, Avg:  0.0, Max:  0.0, Diff:  0.0, Sum:  0.0, Workers: 4
[1734.250s][debug][gc,phases      ] GC(206)     Dead                           Min: 0, Avg:  0.0, Max: 0, Diff: 0, Sum: 0, Workers: 4
[1734.250s][debug][gc,phases      ] GC(206)     Total                          Min: 0, Avg:  0.0, Max: 0, Diff: 0, Sum: 0, Workers: 4
[1734.250s][debug][gc,phases      ] GC(206)   StringTable Weak               Min:  0.0, Avg:  0.1, Max:  0.2, Diff:  0.2, Sum:  0.3, Workers: 4
[1734.250s][debug][gc,phases      ] GC(206)     Dead                           Min: 0, Avg:  0.0, Max: 0, Diff: 0, Sum: 0, Workers: 4
[1734.250s][debug][gc,phases      ] GC(206)     Total                          Min: 0, Avg: 11193.5, Max: 27904, Diff: 27904, Sum: 44774, Workers: 4
[1734.250s][debug][gc,phases      ] GC(206)   ResolvedMethodTable Weak       Min:  0.0, Avg:  0.0, Max:  0.0, Diff:  0.0, Sum:  0.1, Workers: 4
[1734.250s][debug][gc,phases      ] GC(206)     Dead                           Min: 0, Avg:  0.0, Max: 0, Diff: 0, Sum: 0, Workers: 4
[1734.250s][debug][gc,phases      ] GC(206)     Total                          Min: 0, Avg: 2628.0, Max: 6546, Diff: 6546, Sum: 10512, Workers: 4
[1734.250s][debug][gc,phases      ] GC(206)   JNI Weak                       Min:  0.0, Avg:  0.0, Max:  0.0, Diff:  0.0, Sum:  0.0, Workers: 4
[1734.250s][debug][gc,phases      ] GC(206)     Dead                           Min: 0, Avg:  0.0, Max: 0, Diff: 0, Sum: 0, Workers: 4
[1734.250s][debug][gc,phases      ] GC(206)     Total                          Min: 0, Avg: 11.2, Max: 45, Diff: 45, Sum: 45, Workers: 4
[1734.250s][debug][gc,phases      ] GC(206)   StringDedup Table Weak         Min:  0.0, Avg:  0.0, Max:  0.0, Diff:  0.0, Sum:  0.0, Workers: 4
[1734.250s][debug][gc,phases      ] GC(206)     Dead                           Min: 0, Avg:  0.0, Max: 0, Diff: 0, Sum: 0, Workers: 4
[1734.250s][debug][gc,phases      ] GC(206)     Total                          Min: 0, Avg:  0.0, Max: 0, Diff: 0, Sum: 0, Workers: 4
[1734.250s][debug][gc,phases      ] GC(206)   StringDedup Requests0 Weak     Min:  0.0, Avg:  0.0, Max:  0.0, Diff:  0.0, Sum:  0.0, Workers: 4
[1734.250s][debug][gc,phases      ] GC(206)     Dead                           Min: 0, Avg:  0.0, Max: 0, Diff: 0, Sum: 0, Workers: 4
[1734.250s][debug][gc,phases      ] GC(206)     Total                          Min: 0, Avg:  0.0, Max: 0, Diff: 0, Sum: 0, Workers: 4
[1734.250s][debug][gc,phases      ] GC(206)   StringDedup Requests1 Weak     Min:  0.0, Avg:  0.0, Max:  0.0, Diff:  0.0, Sum:  0.0, Workers: 4
[1734.250s][debug][gc,phases      ] GC(206)     Dead                           Min: 0, Avg:  0.0, Max: 0, Diff: 0, Sum: 0, Workers: 4
[1734.250s][debug][gc,phases      ] GC(206)     Total                          Min: 0, Avg:  0.0, Max: 0, Diff: 0, Sum: 0, Workers: 4
[1734.250s][debug][gc,phases      ] GC(206)   Weak JFR Old Object Samples    Min:  0.0, Avg:  0.0, Max:  0.0, Diff:  0.0, Sum:  0.0, Workers: 4
[1734.250s][debug][gc,phases      ] GC(206)     Dead                           Min: 0, Avg:  0.0, Max: 0, Diff: 0, Sum: 0, Workers: 4
[1734.250s][debug][gc,phases      ] GC(206)     Total                          Min: 0, Avg:  0.0, Max: 0, Diff: 0, Sum: 0, Workers: 4
[1734.250s][debug][gc,phases      ] GC(206) Weak Processing 0.376ms
[1734.250s][debug][gc,age         ] GC(206) Desired survivor size 4194304 bytes, new threshold 15 (max threshold 15)
[1734.250s][info ][gc,heap        ] GC(206) PSYoungGen: 2090272K(2092544K)->1808K(2093056K) Eden: 2088448K(2088448K)->0K(2088960K) From: 1824K(4096K)->1808K(4096K)
[1734.250s][info ][gc,heap        ] GC(206) ParOldGen: 392462K(430080K)->392494K(430080K)
[1734.250s][info ][gc,metaspace   ] GC(206) Metaspace: 85582K(86656K)->85582K(86656K) NonClass: 73220K(73792K)->73220K(73792K) Class: 12361K(12864K)->12361K(12864K)
[1734.250s][info ][gc             ] GC(206) Pause Young (Allocation Failure) 2424M->385M(2464M) 5.975ms
[1734.250s][info ][gc,cpu         ] GC(206) User=0.01s Sys=0.00s Real=0.00s
[1734.250s][info ][safepoint      ] Safepoint "ParallelGCFailedAllocation", Time since last: 7448542052 ns, Reaching safepoint: 3700 ns, Cleanup: 30600 ns, At safepoint: 6048414 ns, Total: 6082714 ns
[1736.251s][info ][safepoint      ] Safepoint "Cleanup", Time since last: 2000122902 ns, Reaching safepoint: 4900 ns, Cleanup: 31600 ns, At safepoint: 4600 ns, Total: 41100 ns
[1741.642s][info ][gc,start       ] GC(207) Pause Young (Allocation Failure)
[1741.645s][debug][gc,phases      ] GC(207) Scavenge 2.834ms
[1741.645s][debug][gc,ref         ] GC(207) Skipped phase 1 of Reference Processing: no references
[1741.645s][debug][gc,ref         ] GC(207) ReferenceProcessor::execute queues: 1, RefProcThreadModel::Single, marks_oops_alive: false
[1741.645s][debug][gc,ref         ] GC(207) Skipped phase 3 of Reference Processing: no references
[1741.645s][debug][gc,ref         ] GC(207) Skipped phase 4 of Reference Processing: no references
[1741.645s][debug][gc,phases      ] GC(207) Reference Processing 0.098ms
[1741.645s][debug][gc,phases      ] GC(207)   VM Weak                        Min:  0.0, Avg:  0.0, Max:  0.0, Diff:  0.0, Sum:  0.0, Workers: 4
[1741.645s][debug][gc,phases      ] GC(207)     Dead                           Min: 0, Avg:  0.0, Max: 0, Diff: 0, Sum: 0, Workers: 4
[1741.645s][debug][gc,phases      ] GC(207)     Total                          Min: 0, Avg: 217.0, Max: 356, Diff: 356, Sum: 868, Workers: 4
[1741.645s][debug][gc,phases      ] GC(207)   ObjectSynchronizer Weak        Min:  0.0, Avg:  0.0, Max:  0.0, Diff:  0.0, Sum:  0.0, Workers: 4
[1741.646s][debug][gc,phases      ] GC(207)     Dead                           Min: 0, Avg:  0.0, Max: 0, Diff: 0, Sum: 0, Workers: 4
[1741.646s][debug][gc,phases      ] GC(207)     Total                          Min: 0, Avg:  1.0, Max: 4, Diff: 4, Sum: 4, Workers: 4
[1741.646s][debug][gc,phases      ] GC(207)   JVMTI Tag Weak OopStorage      Min:  0.0, Avg:  0.0, Max:  0.0, Diff:  0.0, Sum:  0.0, Workers: 4
[1741.646s][debug][gc,phases      ] GC(207)     Dead                           Min: 0, Avg:  0.0, Max: 0, Diff: 0, Sum: 0, Workers: 4
[1741.646s][debug][gc,phases      ] GC(207)     Total                          Min: 0, Avg:  0.0, Max: 0, Diff: 0, Sum: 0, Workers: 4
[1741.646s][debug][gc,phases      ] GC(207)   StringTable Weak               Min:  0.0, Avg:  0.1, Max:  0.1, Diff:  0.1, Sum:  0.4, Workers: 4
[1741.646s][debug][gc,phases      ] GC(207)     Dead                           Min: 0, Avg:  0.0, Max: 0, Diff: 0, Sum: 0, Workers: 4
[1741.646s][debug][gc,phases      ] GC(207)     Total                          Min: 0, Avg: 11193.5, Max: 18624, Diff: 18624, Sum: 44774, Workers: 4
[1741.646s][debug][gc,phases      ] GC(207)   ResolvedMethodTable Weak       Min:  0.0, Avg:  0.0, Max:  0.0, Diff:  0.0, Sum:  0.1, Workers: 4
[1741.646s][debug][gc,phases      ] GC(207)     Dead                           Min: 0, Avg:  0.0, Max: 0, Diff: 0, Sum: 0, Workers: 4
[1741.646s][debug][gc,phases      ] GC(207)     Total                          Min: 0, Avg: 2628.0, Max: 4434, Diff: 4434, Sum: 10512, Workers: 4
[1741.646s][debug][gc,phases      ] GC(207)   JNI Weak                       Min:  0.0, Avg:  0.0, Max:  0.0, Diff:  0.0, Sum:  0.0, Workers: 4
[1741.646s][debug][gc,phases      ] GC(207)     Dead                           Min: 0, Avg:  0.0, Max: 0, Diff: 0, Sum: 0, Workers: 4
[1741.646s][debug][gc,phases      ] GC(207)     Total                          Min: 0, Avg: 11.2, Max: 45, Diff: 45, Sum: 45, Workers: 4
[1741.646s][debug][gc,phases      ] GC(207)   StringDedup Table Weak         Min:  0.0, Avg:  0.0, Max:  0.0, Diff:  0.0, Sum:  0.0, Workers: 4
[1741.646s][debug][gc,phases      ] GC(207)     Dead                           Min: 0, Avg:  0.0, Max: 0, Diff: 0, Sum: 0, Workers: 4
[1741.646s][debug][gc,phases      ] GC(207)     Total                          Min: 0, Avg:  0.0, Max: 0, Diff: 0, Sum: 0, Workers: 4
[1741.646s][debug][gc,phases      ] GC(207)   StringDedup Requests0 Weak     Min:  0.0, Avg:  0.0, Max:  0.0, Diff:  0.0, Sum:  0.0, Workers: 4
[1741.646s][debug][gc,phases      ] GC(207)     Dead                           Min: 0, Avg:  0.0, Max: 0, Diff: 0, Sum: 0, Workers: 4
[1741.646s][debug][gc,phases      ] GC(207)     Total                          Min: 0, Avg:  0.0, Max: 0, Diff: 0, Sum: 0, Workers: 4
[1741.646s][debug][gc,phases      ] GC(207)   StringDedup Requests1 Weak     Min:  0.0, Avg:  0.0, Max:  0.0, Diff:  0.0, Sum:  0.0, Workers: 4
[1741.646s][debug][gc,phases      ] GC(207)     Dead                           Min: 0, Avg:  0.0, Max: 0, Diff: 0, Sum: 0, Workers: 4
[1741.646s][debug][gc,phases      ] GC(207)     Total                          Min: 0, Avg:  0.0, Max: 0, Diff: 0, Sum: 0, Workers: 4
[1741.646s][debug][gc,phases      ] GC(207)   Weak JFR Old Object Samples    Min:  0.0, Avg:  0.0, Max:  0.0, Diff:  0.0, Sum:  0.0, Workers: 4
[1741.646s][debug][gc,phases      ] GC(207)     Dead                           Min: 0, Avg:  0.0, Max: 0, Diff: 0, Sum: 0, Workers: 4
[1741.646s][debug][gc,phases      ] GC(207)     Total                          Min: 0, Avg:  0.0, Max: 0, Diff: 0, Sum: 0, Workers: 4
[1741.646s][debug][gc,phases      ] GC(207) Weak Processing 0.322ms
[1741.646s][debug][gc,age         ] GC(207) Desired survivor size 4194304 bytes, new threshold 15 (max threshold 15)
[1741.646s][info ][gc,heap        ] GC(207) PSYoungGen: 2090768K(2093056K)->1808K(2093056K) Eden: 2088960K(2088960K)->0K(2088960K) From: 1808K(4096K)->1808K(4096K)
[1741.646s][info ][gc,heap        ] GC(207) ParOldGen: 392494K(430080K)->392526K(430080K)
[1741.646s][info ][gc,metaspace   ] GC(207) Metaspace: 85582K(86656K)->85582K(86656K) NonClass: 73220K(73792K)->73220K(73792K) Class: 12361K(12864K)->12361K(12864K)
[1741.646s][info ][gc             ] GC(207) Pause Young (Allocation Failure) 2425M->385M(2464M) 3.354ms
[1741.646s][info ][gc,cpu         ] GC(207) User=0.01s Sys=0.00s Real=0.00s
[1741.646s][info ][safepoint      ] Safepoint "ParallelGCFailedAllocation", Time since last: 5391578793 ns, Reaching safepoint: 4100 ns, Cleanup: 19000 ns, At safepoint: 3418409 ns, Total: 3441509 ns
[1743.646s][info ][safepoint      ] Safepoint "Cleanup", Time since last: 2000155472 ns, Reaching safepoint: 77300 ns, Cleanup: 28200 ns, At safepoint: 8300 ns, Total: 113800 ns
[1745.646s][info ][safepoint      ] Safepoint "Cleanup", Time since last: 2000192973 ns, Reaching safepoint: 75100 ns, Cleanup: 32000 ns, At safepoint: 6700 ns, Total: 113800 ns
[1746.646s][info ][safepoint      ] Safepoint "Cleanup", Time since last: 1000124602 ns, Reaching safepoint: 76701 ns, Cleanup: 32600 ns, At safepoint: 8400 ns, Total: 117701 ns
[1747.647s][info ][safepoint      ] Safepoint "Cleanup", Time since last: 1000118619 ns, Reaching safepoint: 74900 ns, Cleanup: 37400 ns, At safepoint: 11701 ns, Total: 124001 ns
[1748.647s][info ][safepoint      ] Safepoint "Cleanup", Time since last: 1000116019 ns, Reaching safepoint: 4100 ns, Cleanup: 36600 ns, At safepoint: 4600 ns, Total: 45300 ns
[1748.991s][info ][gc,start       ] GC(208) Pause Young (Allocation Failure)
[1748.994s][debug][gc,phases      ] GC(208) Scavenge 3.118ms
[1748.994s][debug][gc,ref         ] GC(208) Skipped phase 1 of Reference Processing: no references
[1748.994s][debug][gc,ref         ] GC(208) ReferenceProcessor::execute queues: 1, RefProcThreadModel::Single, marks_oops_alive: false
[1748.994s][debug][gc,ref         ] GC(208) Skipped phase 3 of Reference Processing: no references
[1748.994s][debug][gc,ref         ] GC(208) Skipped phase 4 of Reference Processing: no references
[1748.994s][debug][gc,phases      ] GC(208) Reference Processing 0.098ms
[1748.995s][debug][gc,phases      ] GC(208)   VM Weak                        Min:  0.0, Avg:  0.0, Max:  0.0, Diff:  0.0, Sum:  0.0, Workers: 4
[1748.995s][debug][gc,phases      ] GC(208)     Dead                           Min: 0, Avg:  0.0, Max: 0, Diff: 0, Sum: 0, Workers: 4
[1748.995s][debug][gc,phases      ] GC(208)     Total                          Min: 0, Avg: 217.0, Max: 448, Diff: 448, Sum: 868, Workers: 4
[1748.995s][debug][gc,phases      ] GC(208)   ObjectSynchronizer Weak        Min:  0.0, Avg:  0.0, Max:  0.0, Diff:  0.0, Sum:  0.0, Workers: 4
[1748.995s][debug][gc,phases      ] GC(208)     Dead                           Min: 0, Avg:  0.0, Max: 0, Diff: 0, Sum: 0, Workers: 4
[1748.995s][debug][gc,phases      ] GC(208)     Total                          Min: 0, Avg:  1.0, Max: 4, Diff: 4, Sum: 4, Workers: 4
[1748.995s][debug][gc,phases      ] GC(208)   JVMTI Tag Weak OopStorage      Min:  0.0, Avg:  0.0, Max:  0.0, Diff:  0.0, Sum:  0.0, Workers: 4
[1748.995s][debug][gc,phases      ] GC(208)     Dead                           Min: 0, Avg:  0.0, Max: 0, Diff: 0, Sum: 0, Workers: 4
[1748.995s][debug][gc,phases      ] GC(208)     Total                          Min: 0, Avg:  0.0, Max: 0, Diff: 0, Sum: 0, Workers: 4
[1748.995s][debug][gc,phases      ] GC(208)   StringTable Weak               Min:  0.0, Avg:  0.1, Max:  0.1, Diff:  0.1, Sum:  0.4, Workers: 4
[1748.995s][debug][gc,phases      ] GC(208)     Dead                           Min: 0, Avg:  0.0, Max: 0, Diff: 0, Sum: 0, Workers: 4
[1748.995s][debug][gc,phases      ] GC(208)     Total                          Min: 0, Avg: 11193.5, Max: 18176, Diff: 18176, Sum: 44774, Workers: 4
[1748.995s][debug][gc,phases      ] GC(208)   ResolvedMethodTable Weak       Min:  0.0, Avg:  0.0, Max:  0.0, Diff:  0.0, Sum:  0.1, Workers: 4
[1748.995s][debug][gc,phases      ] GC(208)     Dead                           Min: 0, Avg:  0.0, Max: 0, Diff: 0, Sum: 0, Workers: 4
[1748.995s][debug][gc,phases      ] GC(208)     Total                          Min: 0, Avg: 2628.0, Max: 4690, Diff: 4690, Sum: 10512, Workers: 4
[1748.995s][debug][gc,phases      ] GC(208)   JNI Weak                       Min:  0.0, Avg:  0.0, Max:  0.0, Diff:  0.0, Sum:  0.0, Workers: 4
[1748.995s][debug][gc,phases      ] GC(208)     Dead                           Min: 0, Avg:  0.0, Max: 0, Diff: 0, Sum: 0, Workers: 4
[1748.995s][debug][gc,phases      ] GC(208)     Total                          Min: 0, Avg: 11.2, Max: 45, Diff: 45, Sum: 45, Workers: 4
[1748.995s][debug][gc,phases      ] GC(208)   StringDedup Table Weak         Min:  0.0, Avg:  0.0, Max:  0.0, Diff:  0.0, Sum:  0.0, Workers: 4
[1748.995s][debug][gc,phases      ] GC(208)     Dead                           Min: 0, Avg:  0.0, Max: 0, Diff: 0, Sum: 0, Workers: 4
[1748.995s][debug][gc,phases      ] GC(208)     Total                          Min: 0, Avg:  0.0, Max: 0, Diff: 0, Sum: 0, Workers: 4
[1748.995s][debug][gc,phases      ] GC(208)   StringDedup Requests0 Weak     Min:  0.0, Avg:  0.0, Max:  0.0, Diff:  0.0, Sum:  0.0, Workers: 4
[1748.995s][debug][gc,phases      ] GC(208)     Dead                           Min: 0, Avg:  0.0, Max: 0, Diff: 0, Sum: 0, Workers: 4
[1748.995s][debug][gc,phases      ] GC(208)     Total                          Min: 0, Avg:  0.0, Max: 0, Diff: 0, Sum: 0, Workers: 4
[1748.995s][debug][gc,phases      ] GC(208)   StringDedup Requests1 Weak     Min:  0.0, Avg:  0.0, Max:  0.0, Diff:  0.0, Sum:  0.0, Workers: 4
[1748.995s][debug][gc,phases      ] GC(208)     Dead                           Min: 0, Avg:  0.0, Max: 0, Diff: 0, Sum: 0, Workers: 4
[1748.995s][debug][gc,phases      ] GC(208)     Total                          Min: 0, Avg:  0.0, Max: 0, Diff: 0, Sum: 0, Workers: 4
[1748.995s][debug][gc,phases      ] GC(208)   Weak JFR Old Object Samples    Min:  0.0, Avg:  0.0, Max:  0.0, Diff:  0.0, Sum:  0.0, Workers: 4
[1748.995s][debug][gc,phases      ] GC(208)     Dead                           Min: 0, Avg:  0.0, Max: 0, Diff: 0, Sum: 0, Workers: 4
[1748.995s][debug][gc,phases      ] GC(208)     Total                          Min: 0, Avg:  0.0, Max: 0, Diff: 0, Sum: 0, Workers: 4
[1748.995s][debug][gc,phases      ] GC(208) Weak Processing 0.334ms
[1748.995s][debug][gc,age         ] GC(208) Desired survivor size 4194304 bytes, new threshold 15 (max threshold 15)
[1748.995s][info ][gc,heap        ] GC(208) PSYoungGen: 2090768K(2093056K)->1792K(2093056K) Eden: 2088960K(2088960K)->0K(2088960K) From: 1808K(4096K)->1792K(4096K)
[1748.995s][info ][gc,heap        ] GC(208) ParOldGen: 392526K(430080K)->392574K(430080K)
[1748.995s][info ][gc,metaspace   ] GC(208) Metaspace: 85583K(86656K)->85583K(86656K) NonClass: 73222K(73792K)->73222K(73792K) Class: 12361K(12864K)->12361K(12864K)
[1748.995s][info ][gc             ] GC(208) Pause Young (Allocation Failure) 2425M->385M(2464M) 3.637ms
[1748.995s][info ][gc,cpu         ] GC(208) User=0.01s Sys=0.00s Real=0.01s
[1748.995s][info ][safepoint      ] Safepoint "ParallelGCFailedAllocation", Time since last: 344162933 ns, Reaching safepoint: 3600 ns, Cleanup: 34500 ns, At safepoint: 3694709 ns, Total: 3732809 ns
[1755.995s][info ][safepoint      ] Safepoint "Cleanup", Time since last: 7000485630 ns, Reaching safepoint: 4000 ns, Cleanup: 34500 ns, At safepoint: 4400 ns, Total: 42900 ns
[1756.542s][info ][gc,start       ] GC(209) Pause Young (Allocation Failure)
[1756.544s][debug][gc,phases      ] GC(209) Scavenge 2.808ms
[1756.544s][debug][gc,ref         ] GC(209) Skipped phase 1 of Reference Processing: no references
[1756.545s][debug][gc,ref         ] GC(209) Skipped phase 2 of Reference Processing: no references
[1756.545s][debug][gc,ref         ] GC(209) Skipped phase 3 of Reference Processing: no references
[1756.545s][debug][gc,ref         ] GC(209) ReferenceProcessor::execute queues: 1, RefProcThreadModel::Single, marks_oops_alive: false
[1756.545s][debug][gc,phases      ] GC(209) Reference Processing 0.089ms
[1756.545s][debug][gc,phases      ] GC(209)   VM Weak                        Min:  0.0, Avg:  0.0, Max:  0.0, Diff:  0.0, Sum:  0.0, Workers: 4
[1756.545s][debug][gc,phases      ] GC(209)     Dead                           Min: 0, Avg:  0.0, Max: 0, Diff: 0, Sum: 0, Workers: 4
[1756.545s][debug][gc,phases      ] GC(209)     Total                          Min: 0, Avg: 217.0, Max: 448, Diff: 448, Sum: 868, Workers: 4
[1756.545s][debug][gc,phases      ] GC(209)   ObjectSynchronizer Weak        Min:  0.0, Avg:  0.0, Max:  0.0, Diff:  0.0, Sum:  0.0, Workers: 4
[1756.545s][debug][gc,phases      ] GC(209)     Dead                           Min: 0, Avg:  0.0, Max: 0, Diff: 0, Sum: 0, Workers: 4
[1756.545s][debug][gc,phases      ] GC(209)     Total                          Min: 0, Avg:  1.0, Max: 4, Diff: 4, Sum: 4, Workers: 4
[1756.545s][debug][gc,phases      ] GC(209)   JVMTI Tag Weak OopStorage      Min:  0.0, Avg:  0.0, Max:  0.0, Diff:  0.0, Sum:  0.0, Workers: 4
[1756.545s][debug][gc,phases      ] GC(209)     Dead                           Min: 0, Avg:  0.0, Max: 0, Diff: 0, Sum: 0, Workers: 4
[1756.545s][debug][gc,phases      ] GC(209)     Total                          Min: 0, Avg:  0.0, Max: 0, Diff: 0, Sum: 0, Workers: 4
[1756.545s][debug][gc,phases      ] GC(209)   StringTable Weak               Min:  0.0, Avg:  0.1, Max:  0.1, Diff:  0.1, Sum:  0.4, Workers: 4
[1756.545s][debug][gc,phases      ] GC(209)     Dead                           Min: 0, Avg:  0.0, Max: 0, Diff: 0, Sum: 0, Workers: 4
[1756.545s][debug][gc,phases      ] GC(209)     Total                          Min: 0, Avg: 11193.5, Max: 19072, Diff: 19072, Sum: 44774, Workers: 4
[1756.545s][debug][gc,phases      ] GC(209)   ResolvedMethodTable Weak       Min:  0.0, Avg:  0.0, Max:  0.0, Diff:  0.0, Sum:  0.1, Workers: 4
[1756.545s][debug][gc,phases      ] GC(209)     Dead                           Min: 0, Avg:  0.0, Max: 0, Diff: 0, Sum: 0, Workers: 4
[1756.545s][debug][gc,phases      ] GC(209)     Total                          Min: 0, Avg: 2628.0, Max: 4608, Diff: 4608, Sum: 10512, Workers: 4
[1756.545s][debug][gc,phases      ] GC(209)   JNI Weak                       Min:  0.0, Avg:  0.0, Max:  0.0, Diff:  0.0, Sum:  0.0, Workers: 4
[1756.545s][debug][gc,phases      ] GC(209)     Dead                           Min: 0, Avg:  0.0, Max: 0, Diff: 0, Sum: 0, Workers: 4
[1756.545s][debug][gc,phases      ] GC(209)     Total                          Min: 0, Avg: 11.2, Max: 45, Diff: 45, Sum: 45, Workers: 4
[1756.545s][debug][gc,phases      ] GC(209)   StringDedup Table Weak         Min:  0.0, Avg:  0.0, Max:  0.0, Diff:  0.0, Sum:  0.0, Workers: 4
[1756.545s][debug][gc,phases      ] GC(209)     Dead                           Min: 0, Avg:  0.0, Max: 0, Diff: 0, Sum: 0, Workers: 4
[1756.545s][debug][gc,phases      ] GC(209)     Total                          Min: 0, Avg:  0.0, Max: 0, Diff: 0, Sum: 0, Workers: 4
[1756.545s][debug][gc,phases      ] GC(209)   StringDedup Requests0 Weak     Min:  0.0, Avg:  0.0, Max:  0.0, Diff:  0.0, Sum:  0.0, Workers: 4
[1756.545s][debug][gc,phases      ] GC(209)     Dead                           Min: 0, Avg:  0.0, Max: 0, Diff: 0, Sum: 0, Workers: 4
[1756.545s][debug][gc,phases      ] GC(209)     Total                          Min: 0, Avg:  0.0, Max: 0, Diff: 0, Sum: 0, Workers: 4
[1756.545s][debug][gc,phases      ] GC(209)   StringDedup Requests1 Weak     Min:  0.0, Avg:  0.0, Max:  0.0, Diff:  0.0, Sum:  0.0, Workers: 4
[1756.545s][debug][gc,phases      ] GC(209)     Dead                           Min: 0, Avg:  0.0, Max: 0, Diff: 0, Sum: 0, Workers: 4
[1756.545s][debug][gc,phases      ] GC(209)     Total                          Min: 0, Avg:  0.0, Max: 0, Diff: 0, Sum: 0, Workers: 4
[1756.545s][debug][gc,phases      ] GC(209)   Weak JFR Old Object Samples    Min:  0.0, Avg:  0.0, Max:  0.0, Diff:  0.0, Sum:  0.0, Workers: 4
[1756.545s][debug][gc,phases      ] GC(209)     Dead                           Min: 0, Avg:  0.0, Max: 0, Diff: 0, Sum: 0, Workers: 4
[1756.545s][debug][gc,phases      ] GC(209)     Total                          Min: 0, Avg:  0.0, Max: 0, Diff: 0, Sum: 0, Workers: 4
[1756.545s][debug][gc,phases      ] GC(209) Weak Processing 0.322ms
[1756.545s][debug][gc,age         ] GC(209) Desired survivor size 3670016 bytes, new threshold 15 (max threshold 15)
[1756.545s][info ][gc,heap        ] GC(209) PSYoungGen: 2090752K(2093056K)->1776K(2093056K) Eden: 2088960K(2088960K)->0K(2088960K) From: 1792K(4096K)->1776K(4096K)
[1756.545s][info ][gc,heap        ] GC(209) ParOldGen: 392574K(430080K)->392590K(430080K)
[1756.545s][info ][gc,metaspace   ] GC(209) Metaspace: 85586K(86656K)->85586K(86656K) NonClass: 73224K(73792K)->73224K(73792K) Class: 12361K(12864K)->12361K(12864K)
[1756.545s][info ][gc             ] GC(209) Pause Young (Allocation Failure) 2425M->385M(2464M) 3.329ms
[1756.545s][info ][gc,cpu         ] GC(209) User=0.01s Sys=0.00s Real=0.00s
[1756.545s][info ][safepoint      ] Safepoint "ParallelGCFailedAllocation", Time since last: 546228410 ns, Reaching safepoint: 4201 ns, Cleanup: 23500 ns, At safepoint: 3393106 ns, Total: 3420807 ns
[1757.545s][info ][safepoint      ] Safepoint "Cleanup", Time since last: 1000089333 ns, Reaching safepoint: 29900 ns, Cleanup: 35900 ns, At safepoint: 5600 ns, Total: 71400 ns
[1758.545s][info ][safepoint      ] Safepoint "Cleanup", Time since last: 1000102433 ns, Reaching safepoint: 77000 ns, Cleanup: 35000 ns, At safepoint: 5100 ns, Total: 117100 ns
[1759.546s][info ][safepoint      ] Safepoint "Cleanup", Time since last: 1000111133 ns, Reaching safepoint: 74700 ns, Cleanup: 36100 ns, At safepoint: 5000 ns, Total: 115800 ns
[1763.993s][info ][gc,start       ] GC(210) Pause Young (Allocation Failure)
[1763.997s][debug][gc,phases      ] GC(210) Scavenge 4.196ms
[1763.997s][debug][gc,ref         ] GC(210) Skipped phase 1 of Reference Processing: no references
[1763.997s][debug][gc,ref         ] GC(210) Skipped phase 2 of Reference Processing: no references
[1763.997s][debug][gc,ref         ] GC(210) Skipped phase 3 of Reference Processing: no references
[1763.997s][debug][gc,ref         ] GC(210) ReferenceProcessor::execute queues: 1, RefProcThreadModel::Single, marks_oops_alive: false
[1763.997s][debug][gc,phases      ] GC(210) Reference Processing 0.088ms
[1763.998s][debug][gc,phases      ] GC(210)   VM Weak                        Min:  0.0, Avg:  0.0, Max:  0.0, Diff:  0.0, Sum:  0.0, Workers: 4
[1763.998s][debug][gc,phases      ] GC(210)     Dead                           Min: 0, Avg:  0.0, Max: 0, Diff: 0, Sum: 0, Workers: 4
[1763.998s][debug][gc,phases      ] GC(210)     Total                          Min: 0, Avg: 217.0, Max: 768, Diff: 768, Sum: 868, Workers: 4
[1763.998s][debug][gc,phases      ] GC(210)   ObjectSynchronizer Weak        Min:  0.0, Avg:  0.0, Max:  0.0, Diff:  0.0, Sum:  0.0, Workers: 4
[1763.998s][debug][gc,phases      ] GC(210)     Dead                           Min: 0, Avg:  0.0, Max: 0, Diff: 0, Sum: 0, Workers: 4
[1763.998s][debug][gc,phases      ] GC(210)     Total                          Min: 0, Avg:  1.0, Max: 4, Diff: 4, Sum: 4, Workers: 4
[1763.998s][debug][gc,phases      ] GC(210)   JVMTI Tag Weak OopStorage      Min:  0.0, Avg:  0.0, Max:  0.0, Diff:  0.0, Sum:  0.0, Workers: 4
[1763.998s][debug][gc,phases      ] GC(210)     Dead                           Min: 0, Avg:  0.0, Max: 0, Diff: 0, Sum: 0, Workers: 4
[1763.998s][debug][gc,phases      ] GC(210)     Total                          Min: 0, Avg:  0.0, Max: 0, Diff: 0, Sum: 0, Workers: 4
[1763.998s][debug][gc,phases      ] GC(210)   StringTable Weak               Min:  0.0, Avg:  0.1, Max:  0.1, Diff:  0.1, Sum:  0.4, Workers: 4
[1763.998s][debug][gc,phases      ] GC(210)     Dead                           Min: 0, Avg:  0.0, Max: 0, Diff: 0, Sum: 0, Workers: 4
[1763.998s][debug][gc,phases      ] GC(210)     Total                          Min: 0, Avg: 11193.5, Max: 15296, Diff: 15296, Sum: 44774, Workers: 4
[1763.998s][debug][gc,phases      ] GC(210)   ResolvedMethodTable Weak       Min:  0.0, Avg:  0.0, Max:  0.0, Diff:  0.0, Sum:  0.1, Workers: 4
[1763.998s][debug][gc,phases      ] GC(210)     Dead                           Min: 0, Avg:  0.0, Max: 0, Diff: 0, Sum: 0, Workers: 4
[1763.998s][debug][gc,phases      ] GC(210)     Total                          Min: 0, Avg: 2628.0, Max: 3602, Diff: 3602, Sum: 10512, Workers: 4
[1763.998s][debug][gc,phases      ] GC(210)   JNI Weak                       Min:  0.0, Avg:  0.0, Max:  0.0, Diff:  0.0, Sum:  0.0, Workers: 4
[1763.998s][debug][gc,phases      ] GC(210)     Dead                           Min: 0, Avg:  0.0, Max: 0, Diff: 0, Sum: 0, Workers: 4
[1763.998s][debug][gc,phases      ] GC(210)     Total                          Min: 0, Avg: 11.2, Max: 45, Diff: 45, Sum: 45, Workers: 4
[1763.998s][debug][gc,phases      ] GC(210)   StringDedup Table Weak         Min:  0.0, Avg:  0.0, Max:  0.0, Diff:  0.0, Sum:  0.0, Workers: 4
[1763.998s][debug][gc,phases      ] GC(210)     Dead                           Min: 0, Avg:  0.0, Max: 0, Diff: 0, Sum: 0, Workers: 4
[1763.998s][debug][gc,phases      ] GC(210)     Total                          Min: 0, Avg:  0.0, Max: 0, Diff: 0, Sum: 0, Workers: 4
[1763.998s][debug][gc,phases      ] GC(210)   StringDedup Requests0 Weak     Min:  0.0, Avg:  0.0, Max:  0.0, Diff:  0.0, Sum:  0.0, Workers: 4
[1763.998s][debug][gc,phases      ] GC(210)     Dead                           Min: 0, Avg:  0.0, Max: 0, Diff: 0, Sum: 0, Workers: 4
[1763.998s][debug][gc,phases      ] GC(210)     Total                          Min: 0, Avg:  0.0, Max: 0, Diff: 0, Sum: 0, Workers: 4
[1763.998s][debug][gc,phases      ] GC(210)   StringDedup Requests1 Weak     Min:  0.0, Avg:  0.0, Max:  0.0, Diff:  0.0, Sum:  0.0, Workers: 4
[1763.998s][debug][gc,phases      ] GC(210)     Dead                           Min: 0, Avg:  0.0, Max: 0, Diff: 0, Sum: 0, Workers: 4
[1763.998s][debug][gc,phases      ] GC(210)     Total                          Min: 0, Avg:  0.0, Max: 0, Diff: 0, Sum: 0, Workers: 4
[1763.998s][debug][gc,phases      ] GC(210)   Weak JFR Old Object Samples    Min:  0.0, Avg:  0.0, Max:  0.0, Diff:  0.0, Sum:  0.0, Workers: 4
[1763.998s][debug][gc,phases      ] GC(210)     Dead                           Min: 0, Avg:  0.0, Max: 0, Diff: 0, Sum: 0, Workers: 4
[1763.998s][debug][gc,phases      ] GC(210)     Total                          Min: 0, Avg:  0.0, Max: 0, Diff: 0, Sum: 0, Workers: 4
[1763.998s][debug][gc,phases      ] GC(210) Weak Processing 0.344ms
[1763.998s][debug][gc,age         ] GC(210) Desired survivor size 3670016 bytes, new threshold 15 (max threshold 15)
[1763.998s][info ][gc,heap        ] GC(210) PSYoungGen: 2090736K(2093056K)->1840K(2093568K) Eden: 2088960K(2088960K)->0K(2089984K) From: 1776K(4096K)->1840K(3584K)
[1763.998s][info ][gc,heap        ] GC(210) ParOldGen: 392590K(430080K)->392606K(430080K)
[1763.998s][info ][gc,metaspace   ] GC(210) Metaspace: 85586K(86656K)->85586K(86656K) NonClass: 73225K(73792K)->73225K(73792K) Class: 12361K(12864K)->12361K(12864K)
[1763.998s][info ][gc             ] GC(210) Pause Young (Allocation Failure) 2425M->385M(2464M) 4.717ms
[1763.998s][info ][gc,cpu         ] GC(210) User=0.01s Sys=0.00s Real=0.01s
[1763.998s][info ][safepoint      ] Safepoint "ParallelGCFailedAllocation", Time since last: 4447373882 ns, Reaching safepoint: 4000 ns, Cleanup: 29600 ns, At safepoint: 4796108 ns, Total: 4829708 ns
[1767.998s][info ][safepoint      ] Safepoint "Cleanup", Time since last: 4000284419 ns, Reaching safepoint: 5300 ns, Cleanup: 42300 ns, At safepoint: 4100 ns, Total: 51700 ns
[1771.590s][info ][gc,start       ] GC(211) Pause Young (Allocation Failure)
[1771.593s][debug][gc,phases      ] GC(211) Scavenge 2.662ms
[1771.593s][debug][gc,ref         ] GC(211) Skipped phase 1 of Reference Processing: no references
[1771.593s][debug][gc,ref         ] GC(211) Skipped phase 2 of Reference Processing: no references
[1771.593s][debug][gc,ref         ] GC(211) Skipped phase 3 of Reference Processing: no references
[1771.593s][debug][gc,ref         ] GC(211) ReferenceProcessor::execute queues: 1, RefProcThreadModel::Single, marks_oops_alive: false
[1771.593s][debug][gc,phases      ] GC(211) Reference Processing 0.087ms
[1771.593s][debug][gc,phases      ] GC(211)   VM Weak                        Min:  0.0, Avg:  0.0, Max:  0.0, Diff:  0.0, Sum:  0.0, Workers: 4
[1771.593s][debug][gc,phases      ] GC(211)     Dead                           Min: 0, Avg:  0.0, Max: 0, Diff: 0, Sum: 0, Workers: 4
[1771.593s][debug][gc,phases      ] GC(211)     Total                          Min: 0, Avg: 217.0, Max: 420, Diff: 420, Sum: 868, Workers: 4
[1771.593s][debug][gc,phases      ] GC(211)   ObjectSynchronizer Weak        Min:  0.0, Avg:  0.0, Max:  0.0, Diff:  0.0, Sum:  0.0, Workers: 4
[1771.593s][debug][gc,phases      ] GC(211)     Dead                           Min: 0, Avg:  0.0, Max: 0, Diff: 0, Sum: 0, Workers: 4
[1771.593s][debug][gc,phases      ] GC(211)     Total                          Min: 0, Avg:  1.0, Max: 4, Diff: 4, Sum: 4, Workers: 4
[1771.593s][debug][gc,phases      ] GC(211)   JVMTI Tag Weak OopStorage      Min:  0.0, Avg:  0.0, Max:  0.0, Diff:  0.0, Sum:  0.0, Workers: 4
[1771.593s][debug][gc,phases      ] GC(211)     Dead                           Min: 0, Avg:  0.0, Max: 0, Diff: 0, Sum: 0, Workers: 4
[1771.593s][debug][gc,phases      ] GC(211)     Total                          Min: 0, Avg:  0.0, Max: 0, Diff: 0, Sum: 0, Workers: 4
[1771.593s][debug][gc,phases      ] GC(211)   StringTable Weak               Min:  0.0, Avg:  0.1, Max:  0.1, Diff:  0.1, Sum:  0.4, Workers: 4
[1771.593s][debug][gc,phases      ] GC(211)     Dead                           Min: 0, Avg:  0.0, Max: 0, Diff: 0, Sum: 0, Workers: 4
[1771.593s][debug][gc,phases      ] GC(211)     Total                          Min: 0, Avg: 11193.5, Max: 19878, Diff: 19878, Sum: 44774, Workers: 4
[1771.593s][debug][gc,phases      ] GC(211)   ResolvedMethodTable Weak       Min:  0.0, Avg:  0.0, Max:  0.0, Diff:  0.0, Sum:  0.1, Workers: 4
[1771.593s][debug][gc,phases      ] GC(211)     Dead                           Min: 0, Avg:  0.0, Max: 0, Diff: 0, Sum: 0, Workers: 4
[1771.593s][debug][gc,phases      ] GC(211)     Total                          Min: 0, Avg: 2628.0, Max: 4030, Diff: 4030, Sum: 10512, Workers: 4
[1771.593s][debug][gc,phases      ] GC(211)   JNI Weak                       Min:  0.0, Avg:  0.0, Max:  0.0, Diff:  0.0, Sum:  0.0, Workers: 4
[1771.593s][debug][gc,phases      ] GC(211)     Dead                           Min: 0, Avg:  0.0, Max: 0, Diff: 0, Sum: 0, Workers: 4
[1771.593s][debug][gc,phases      ] GC(211)     Total                          Min: 0, Avg: 11.2, Max: 45, Diff: 45, Sum: 45, Workers: 4
[1771.593s][debug][gc,phases      ] GC(211)   StringDedup Table Weak         Min:  0.0, Avg:  0.0, Max:  0.0, Diff:  0.0, Sum:  0.0, Workers: 4
[1771.593s][debug][gc,phases      ] GC(211)     Dead                           Min: 0, Avg:  0.0, Max: 0, Diff: 0, Sum: 0, Workers: 4
[1771.593s][debug][gc,phases      ] GC(211)     Total                          Min: 0, Avg:  0.0, Max: 0, Diff: 0, Sum: 0, Workers: 4
[1771.593s][debug][gc,phases      ] GC(211)   StringDedup Requests0 Weak     Min:  0.0, Avg:  0.0, Max:  0.0, Diff:  0.0, Sum:  0.0, Workers: 4
[1771.593s][debug][gc,phases      ] GC(211)     Dead                           Min: 0, Avg:  0.0, Max: 0, Diff: 0, Sum: 0, Workers: 4
[1771.593s][debug][gc,phases      ] GC(211)     Total                          Min: 0, Avg:  0.0, Max: 0, Diff: 0, Sum: 0, Workers: 4
[1771.593s][debug][gc,phases      ] GC(211)   StringDedup Requests1 Weak     Min:  0.0, Avg:  0.0, Max:  0.0, Diff:  0.0, Sum:  0.0, Workers: 4
[1771.593s][debug][gc,phases      ] GC(211)     Dead                           Min: 0, Avg:  0.0, Max: 0, Diff: 0, Sum: 0, Workers: 4
[1771.593s][debug][gc,phases      ] GC(211)     Total                          Min: 0, Avg:  0.0, Max: 0, Diff: 0, Sum: 0, Workers: 4
[1771.593s][debug][gc,phases      ] GC(211)   Weak JFR Old Object Samples    Min:  0.0, Avg:  0.0, Max:  0.0, Diff:  0.0, Sum:  0.0, Workers: 4
[1771.593s][debug][gc,phases      ] GC(211)     Dead                           Min: 0, Avg:  0.0, Max: 0, Diff: 0, Sum: 0, Workers: 4
[1771.593s][debug][gc,phases      ] GC(211)     Total                          Min: 0, Avg:  0.0, Max: 0, Diff: 0, Sum: 0, Workers: 4
[1771.594s][debug][gc,phases      ] GC(211) Weak Processing 0.322ms
[1771.594s][debug][gc,age         ] GC(211) Desired survivor size 3670016 bytes, new threshold 15 (max threshold 15)
[1771.594s][info ][gc,heap        ] GC(211) PSYoungGen: 2091824K(2093568K)->1712K(2093568K) Eden: 2089984K(2089984K)->0K(2089984K) From: 1840K(3584K)->1712K(3584K)
[1771.594s][info ][gc,heap        ] GC(211) ParOldGen: 392606K(430080K)->392614K(430080K)
[1771.594s][info ][gc,metaspace   ] GC(211) Metaspace: 85586K(86656K)->85586K(86656K) NonClass: 73225K(73792K)->73225K(73792K) Class: 12361K(12864K)->12361K(12864K)
[1771.594s][info ][gc             ] GC(211) Pause Young (Allocation Failure) 2426M->385M(2464M) 3.176ms
[1771.594s][info ][gc,cpu         ] GC(211) User=0.01s Sys=0.01s Real=0.01s
[1771.594s][info ][safepoint      ] Safepoint "ParallelGCFailedAllocation", Time since last: 3592171642 ns, Reaching safepoint: 3500 ns, Cleanup: 18600 ns, At safepoint: 3258404 ns, Total: 3280504 ns
[1779.540s][info ][gc,start       ] GC(212) Pause Young (Allocation Failure)
[1779.543s][debug][gc,phases      ] GC(212) Scavenge 2.896ms
[1779.543s][debug][gc,ref         ] GC(212) Skipped phase 1 of Reference Processing: no references
[1779.543s][debug][gc,ref         ] GC(212) Skipped phase 2 of Reference Processing: no references
[1779.543s][debug][gc,ref         ] GC(212) Skipped phase 3 of Reference Processing: no references
[1779.543s][debug][gc,ref         ] GC(212) ReferenceProcessor::execute queues: 1, RefProcThreadModel::Single, marks_oops_alive: false
[1779.543s][debug][gc,phases      ] GC(212) Reference Processing 0.103ms
[1779.544s][debug][gc,phases      ] GC(212)   VM Weak                        Min:  0.0, Avg:  0.0, Max:  0.0, Diff:  0.0, Sum:  0.0, Workers: 4
[1779.544s][debug][gc,phases      ] GC(212)     Dead                           Min: 0, Avg:  0.0, Max: 0, Diff: 0, Sum: 0, Workers: 4
[1779.544s][debug][gc,phases      ] GC(212)     Total                          Min: 0, Avg: 217.0, Max: 484, Diff: 484, Sum: 868, Workers: 4
[1779.544s][debug][gc,phases      ] GC(212)   ObjectSynchronizer Weak        Min:  0.0, Avg:  0.0, Max:  0.0, Diff:  0.0, Sum:  0.0, Workers: 4
[1779.544s][debug][gc,phases      ] GC(212)     Dead                           Min: 0, Avg:  0.0, Max: 0, Diff: 0, Sum: 0, Workers: 4
[1779.544s][debug][gc,phases      ] GC(212)     Total                          Min: 0, Avg:  1.0, Max: 4, Diff: 4, Sum: 4, Workers: 4
[1779.544s][debug][gc,phases      ] GC(212)   JVMTI Tag Weak OopStorage      Min:  0.0, Avg:  0.0, Max:  0.0, Diff:  0.0, Sum:  0.0, Workers: 4
[1779.544s][debug][gc,phases      ] GC(212)     Dead                           Min: 0, Avg:  0.0, Max: 0, Diff: 0, Sum: 0, Workers: 4
[1779.544s][debug][gc,phases      ] GC(212)     Total                          Min: 0, Avg:  0.0, Max: 0, Diff: 0, Sum: 0, Workers: 4
[1779.544s][debug][gc,phases      ] GC(212)   StringTable Weak               Min:  0.0, Avg:  0.1, Max:  0.1, Diff:  0.1, Sum:  0.4, Workers: 4
[1779.544s][debug][gc,phases      ] GC(212)     Dead                           Min: 0, Avg:  0.0, Max: 0, Diff: 0, Sum: 0, Workers: 4
[1779.544s][debug][gc,phases      ] GC(212)     Total                          Min: 0, Avg: 11193.5, Max: 18304, Diff: 18304, Sum: 44774, Workers: 4
[1779.544s][debug][gc,phases      ] GC(212)   ResolvedMethodTable Weak       Min:  0.0, Avg:  0.0, Max:  0.0, Diff:  0.0, Sum:  0.1, Workers: 4
[1779.544s][debug][gc,phases      ] GC(212)     Dead                           Min: 0, Avg:  0.0, Max: 0, Diff: 0, Sum: 0, Workers: 4
[1779.544s][debug][gc,phases      ] GC(212)     Total                          Min: 0, Avg: 2628.0, Max: 4304, Diff: 4304, Sum: 10512, Workers: 4
[1779.544s][debug][gc,phases      ] GC(212)   JNI Weak                       Min:  0.0, Avg:  0.0, Max:  0.0, Diff:  0.0, Sum:  0.0, Workers: 4
[1779.544s][debug][gc,phases      ] GC(212)     Dead                           Min: 0, Avg:  0.0, Max: 0, Diff: 0, Sum: 0, Workers: 4
[1779.544s][debug][gc,phases      ] GC(212)     Total                          Min: 0, Avg: 11.2, Max: 45, Diff: 45, Sum: 45, Workers: 4
[1779.544s][debug][gc,phases      ] GC(212)   StringDedup Table Weak         Min:  0.0, Avg:  0.0, Max:  0.0, Diff:  0.0, Sum:  0.0, Workers: 4
[1779.544s][debug][gc,phases      ] GC(212)     Dead                           Min: 0, Avg:  0.0, Max: 0, Diff: 0, Sum: 0, Workers: 4
[1779.544s][debug][gc,phases      ] GC(212)     Total                          Min: 0, Avg:  0.0, Max: 0, Diff: 0, Sum: 0, Workers: 4
[1779.544s][debug][gc,phases      ] GC(212)   StringDedup Requests0 Weak     Min:  0.0, Avg:  0.0, Max:  0.0, Diff:  0.0, Sum:  0.0, Workers: 4
[1779.544s][debug][gc,phases      ] GC(212)     Dead                           Min: 0, Avg:  0.0, Max: 0, Diff: 0, Sum: 0, Workers: 4
[1779.544s][debug][gc,phases      ] GC(212)     Total                          Min: 0, Avg:  0.0, Max: 0, Diff: 0, Sum: 0, Workers: 4
[1779.544s][debug][gc,phases      ] GC(212)   StringDedup Requests1 Weak     Min:  0.0, Avg:  0.0, Max:  0.0, Diff:  0.0, Sum:  0.0, Workers: 4
[1779.544s][debug][gc,phases      ] GC(212)     Dead                           Min: 0, Avg:  0.0, Max: 0, Diff: 0, Sum: 0, Workers: 4
[1779.544s][debug][gc,phases      ] GC(212)     Total                          Min: 0, Avg:  0.0, Max: 0, Diff: 0, Sum: 0, Workers: 4
[1779.544s][debug][gc,phases      ] GC(212)   Weak JFR Old Object Samples    Min:  0.0, Avg:  0.0, Max:  0.0, Diff:  0.0, Sum:  0.0, Workers: 4
[1779.544s][debug][gc,phases      ] GC(212)     Dead                           Min: 0, Avg:  0.0, Max: 0, Diff: 0, Sum: 0, Workers: 4
[1779.544s][debug][gc,phases      ] GC(212)     Total                          Min: 0, Avg:  0.0, Max: 0, Diff: 0, Sum: 0, Workers: 4
[1779.544s][debug][gc,phases      ] GC(212) Weak Processing 0.357ms
[1779.544s][debug][gc,age         ] GC(212) Desired survivor size 3670016 bytes, new threshold 15 (max threshold 15)
[1779.544s][info ][gc,heap        ] GC(212) PSYoungGen: 2091696K(2093568K)->1696K(2093568K) Eden: 2089984K(2089984K)->0K(2089984K) From: 1712K(3584K)->1696K(3584K)
[1779.544s][info ][gc,heap        ] GC(212) ParOldGen: 392614K(430080K)->392638K(430080K)
[1779.544s][info ][gc,metaspace   ] GC(212) Metaspace: 85586K(86656K)->85586K(86656K) NonClass: 73225K(73792K)->73225K(73792K) Class: 12361K(12864K)->12361K(12864K)
[1779.544s][info ][gc             ] GC(212) Pause Young (Allocation Failure) 2426M->385M(2464M) 3.463ms
[1779.544s][info ][gc,cpu         ] GC(212) User=0.01s Sys=0.00s Real=0.01s
[1779.544s][info ][safepoint      ] Safepoint "ParallelGCFailedAllocation", Time since last: 7946604283 ns, Reaching safepoint: 4900 ns, Cleanup: 34100 ns, At safepoint: 3528807 ns, Total: 3567807 ns
[1787.544s][info ][safepoint      ] Safepoint "Cleanup", Time since last: 8000544268 ns, Reaching safepoint: 78600 ns, Cleanup: 32500 ns, At safepoint: 8200 ns, Total: 119300 ns
[1787.743s][info ][gc,start       ] GC(213) Pause Young (Allocation Failure)
[1787.748s][debug][gc,phases      ] GC(213) Scavenge 4.629ms
[1787.748s][debug][gc,ref         ] GC(213) Skipped phase 1 of Reference Processing: no references
[1787.748s][debug][gc,ref         ] GC(213) Skipped phase 2 of Reference Processing: no references
[1787.748s][debug][gc,ref         ] GC(213) Skipped phase 3 of Reference Processing: no references
[1787.748s][debug][gc,ref         ] GC(213) Skipped phase 4 of Reference Processing: no references
[1787.748s][debug][gc,phases      ] GC(213) Reference Processing 0.030ms
[1787.748s][debug][gc,phases      ] GC(213)   VM Weak                        Min:  0.0, Avg:  0.0, Max:  0.0, Diff:  0.0, Sum:  0.0, Workers: 4
[1787.748s][debug][gc,phases      ] GC(213)     Dead                           Min: 0, Avg:  0.0, Max: 0, Diff: 0, Sum: 0, Workers: 4
[1787.748s][debug][gc,phases      ] GC(213)     Total                          Min: 0, Avg: 217.0, Max: 612, Diff: 612, Sum: 868, Workers: 4
[1787.748s][debug][gc,phases      ] GC(213)   ObjectSynchronizer Weak        Min:  0.0, Avg:  0.0, Max:  0.0, Diff:  0.0, Sum:  0.0, Workers: 4
[1787.748s][debug][gc,phases      ] GC(213)     Dead                           Min: 0, Avg:  0.0, Max: 0, Diff: 0, Sum: 0, Workers: 4
[1787.748s][debug][gc,phases      ] GC(213)     Total                          Min: 0, Avg:  1.0, Max: 4, Diff: 4, Sum: 4, Workers: 4
[1787.748s][debug][gc,phases      ] GC(213)   JVMTI Tag Weak OopStorage      Min:  0.0, Avg:  0.0, Max:  0.0, Diff:  0.0, Sum:  0.0, Workers: 4
[1787.748s][debug][gc,phases      ] GC(213)     Dead                           Min: 0, Avg:  0.0, Max: 0, Diff: 0, Sum: 0, Workers: 4
[1787.748s][debug][gc,phases      ] GC(213)     Total                          Min: 0, Avg:  0.0, Max: 0, Diff: 0, Sum: 0, Workers: 4
[1787.748s][debug][gc,phases      ] GC(213)   StringTable Weak               Min:  0.0, Avg:  0.1, Max:  0.1, Diff:  0.1, Sum:  0.4, Workers: 4
[1787.748s][debug][gc,phases      ] GC(213)     Dead                           Min: 0, Avg:  0.0, Max: 0, Diff: 0, Sum: 0, Workers: 4
[1787.748s][debug][gc,phases      ] GC(213)     Total                          Min: 0, Avg: 11193.5, Max: 16038, Diff: 16038, Sum: 44774, Workers: 4
[1787.748s][debug][gc,phases      ] GC(213)   ResolvedMethodTable Weak       Min:  0.0, Avg:  0.0, Max:  0.1, Diff:  0.1, Sum:  0.1, Workers: 4
[1787.748s][debug][gc,phases      ] GC(213)     Dead                           Min: 0, Avg:  0.0, Max: 0, Diff: 0, Sum: 0, Workers: 4
[1787.748s][debug][gc,phases      ] GC(213)     Total                          Min: 0, Avg: 2628.0, Max: 5328, Diff: 5328, Sum: 10512, Workers: 4
[1787.748s][debug][gc,phases      ] GC(213)   JNI Weak                       Min:  0.0, Avg:  0.0, Max:  0.0, Diff:  0.0, Sum:  0.0, Workers: 4
[1787.748s][debug][gc,phases      ] GC(213)     Dead                           Min: 0, Avg:  0.0, Max: 0, Diff: 0, Sum: 0, Workers: 4
[1787.748s][debug][gc,phases      ] GC(213)     Total                          Min: 0, Avg: 11.2, Max: 45, Diff: 45, Sum: 45, Workers: 4
[1787.748s][debug][gc,phases      ] GC(213)   StringDedup Table Weak         Min:  0.0, Avg:  0.0, Max:  0.0, Diff:  0.0, Sum:  0.0, Workers: 4
[1787.748s][debug][gc,phases      ] GC(213)     Dead                           Min: 0, Avg:  0.0, Max: 0, Diff: 0, Sum: 0, Workers: 4
[1787.748s][debug][gc,phases      ] GC(213)     Total                          Min: 0, Avg:  0.0, Max: 0, Diff: 0, Sum: 0, Workers: 4
[1787.748s][debug][gc,phases      ] GC(213)   StringDedup Requests0 Weak     Min:  0.0, Avg:  0.0, Max:  0.0, Diff:  0.0, Sum:  0.0, Workers: 4
[1787.748s][debug][gc,phases      ] GC(213)     Dead                           Min: 0, Avg:  0.0, Max: 0, Diff: 0, Sum: 0, Workers: 4
[1787.748s][debug][gc,phases      ] GC(213)     Total                          Min: 0, Avg:  0.0, Max: 0, Diff: 0, Sum: 0, Workers: 4
[1787.748s][debug][gc,phases      ] GC(213)   StringDedup Requests1 Weak     Min:  0.0, Avg:  0.0, Max:  0.0, Diff:  0.0, Sum:  0.0, Workers: 4
[1787.748s][debug][gc,phases      ] GC(213)     Dead                           Min: 0, Avg:  0.0, Max: 0, Diff: 0, Sum: 0, Workers: 4
[1787.748s][debug][gc,phases      ] GC(213)     Total                          Min: 0, Avg:  0.0, Max: 0, Diff: 0, Sum: 0, Workers: 4
[1787.748s][debug][gc,phases      ] GC(213)   Weak JFR Old Object Samples    Min:  0.0, Avg:  0.0, Max:  0.0, Diff:  0.0, Sum:  0.0, Workers: 4
[1787.748s][debug][gc,phases      ] GC(213)     Dead                           Min: 0, Avg:  0.0, Max: 0, Diff: 0, Sum: 0, Workers: 4
[1787.748s][debug][gc,phases      ] GC(213)     Total                          Min: 0, Avg:  0.0, Max: 0, Diff: 0, Sum: 0, Workers: 4
[1787.748s][debug][gc,phases      ] GC(213) Weak Processing 0.426ms
[1787.748s][debug][gc,age         ] GC(213) Desired survivor size 3670016 bytes, new threshold 15 (max threshold 15)
[1787.748s][info ][gc,heap        ] GC(213) PSYoungGen: 2091680K(2093568K)->1712K(2093568K) Eden: 2089984K(2089984K)->0K(2089984K) From: 1696K(3584K)->1712K(3584K)
[1787.748s][info ][gc,heap        ] GC(213) ParOldGen: 392638K(430080K)->392646K(430080K)
[1787.748s][info ][gc,metaspace   ] GC(213) Metaspace: 85586K(86656K)->85586K(86656K) NonClass: 73225K(73792K)->73225K(73792K) Class: 12361K(12864K)->12361K(12864K)
[1787.748s][info ][gc             ] GC(213) Pause Young (Allocation Failure) 2426M->385M(2464M) 5.199ms
[1787.748s][info ][gc,cpu         ] GC(213) User=0.01s Sys=0.00s Real=0.00s
[1787.748s][info ][safepoint      ] Safepoint "ParallelGCFailedAllocation", Time since last: 198702442 ns, Reaching safepoint: 72200 ns, Cleanup: 37200 ns, At safepoint: 5260212 ns, Total: 5369612 ns
[1794.749s][info ][safepoint      ] Safepoint "Cleanup", Time since last: 7000486721 ns, Reaching safepoint: 4501 ns, Cleanup: 34400 ns, At safepoint: 3400 ns, Total: 42301 ns
[1797.756s][info ][gc,start       ] GC(214) Pause Young (Allocation Failure)
[1797.761s][debug][gc,phases      ] GC(214) Scavenge 4.720ms
[1797.761s][debug][gc,ref         ] GC(214) Skipped phase 1 of Reference Processing: no references
[1797.761s][debug][gc,ref         ] GC(214) Skipped phase 2 of Reference Processing: no references
[1797.761s][debug][gc,ref         ] GC(214) Skipped phase 3 of Reference Processing: no references
[1797.761s][debug][gc,ref         ] GC(214) ReferenceProcessor::execute queues: 1, RefProcThreadModel::Single, marks_oops_alive: false
[1797.761s][debug][gc,phases      ] GC(214) Reference Processing 0.096ms
[1797.761s][debug][gc,phases      ] GC(214)   VM Weak                        Min:  0.0, Avg:  0.0, Max:  0.0, Diff:  0.0, Sum:  0.0, Workers: 4
[1797.761s][debug][gc,phases      ] GC(214)     Dead                           Min: 0, Avg:  0.0, Max: 0, Diff: 0, Sum: 0, Workers: 4
[1797.761s][debug][gc,phases      ] GC(214)     Total                          Min: 0, Avg: 217.0, Max: 484, Diff: 484, Sum: 868, Workers: 4
[1797.761s][debug][gc,phases      ] GC(214)   ObjectSynchronizer Weak        Min:  0.0, Avg:  0.0, Max:  0.0, Diff:  0.0, Sum:  0.0, Workers: 4
[1797.761s][debug][gc,phases      ] GC(214)     Dead                           Min: 0, Avg:  0.0, Max: 0, Diff: 0, Sum: 0, Workers: 4
[1797.761s][debug][gc,phases      ] GC(214)     Total                          Min: 0, Avg:  1.0, Max: 4, Diff: 4, Sum: 4, Workers: 4
[1797.761s][debug][gc,phases      ] GC(214)   JVMTI Tag Weak OopStorage      Min:  0.0, Avg:  0.0, Max:  0.0, Diff:  0.0, Sum:  0.0, Workers: 4
[1797.761s][debug][gc,phases      ] GC(214)     Dead                           Min: 0, Avg:  0.0, Max: 0, Diff: 0, Sum: 0, Workers: 4
[1797.761s][debug][gc,phases      ] GC(214)     Total                          Min: 0, Avg:  0.0, Max: 0, Diff: 0, Sum: 0, Workers: 4
[1797.761s][debug][gc,phases      ] GC(214)   StringTable Weak               Min:  0.1, Avg:  0.1, Max:  0.1, Diff:  0.0, Sum:  0.4, Workers: 4
[1797.761s][debug][gc,phases      ] GC(214)     Dead                           Min: 0, Avg:  0.0, Max: 0, Diff: 0, Sum: 0, Workers: 4
[1797.761s][debug][gc,phases      ] GC(214)     Total                          Min: 10854, Avg: 11193.5, Max: 11776, Diff: 922, Sum: 44774, Workers: 4
[1797.761s][debug][gc,phases      ] GC(214)   ResolvedMethodTable Weak       Min:  0.0, Avg:  0.0, Max:  0.0, Diff:  0.0, Sum:  0.1, Workers: 4
[1797.761s][debug][gc,phases      ] GC(214)     Dead                           Min: 0, Avg:  0.0, Max: 0, Diff: 0, Sum: 0, Workers: 4
[1797.761s][debug][gc,phases      ] GC(214)     Total                          Min: 2558, Avg: 2628.0, Max: 2834, Diff: 276, Sum: 10512, Workers: 4
[1797.761s][debug][gc,phases      ] GC(214)   JNI Weak                       Min:  0.0, Avg:  0.0, Max:  0.0, Diff:  0.0, Sum:  0.0, Workers: 4
[1797.761s][debug][gc,phases      ] GC(214)     Dead                           Min: 0, Avg:  0.0, Max: 0, Diff: 0, Sum: 0, Workers: 4
[1797.761s][debug][gc,phases      ] GC(214)     Total                          Min: 0, Avg: 11.2, Max: 45, Diff: 45, Sum: 45, Workers: 4
[1797.761s][debug][gc,phases      ] GC(214)   StringDedup Table Weak         Min:  0.0, Avg:  0.0, Max:  0.0, Diff:  0.0, Sum:  0.0, Workers: 4
[1797.761s][debug][gc,phases      ] GC(214)     Dead                           Min: 0, Avg:  0.0, Max: 0, Diff: 0, Sum: 0, Workers: 4
[1797.761s][debug][gc,phases      ] GC(214)     Total                          Min: 0, Avg:  0.0, Max: 0, Diff: 0, Sum: 0, Workers: 4
[1797.761s][debug][gc,phases      ] GC(214)   StringDedup Requests0 Weak     Min:  0.0, Avg:  0.0, Max:  0.0, Diff:  0.0, Sum:  0.0, Workers: 4
[1797.761s][debug][gc,phases      ] GC(214)     Dead                           Min: 0, Avg:  0.0, Max: 0, Diff: 0, Sum: 0, Workers: 4
[1797.761s][debug][gc,phases      ] GC(214)     Total                          Min: 0, Avg:  0.0, Max: 0, Diff: 0, Sum: 0, Workers: 4
[1797.761s][debug][gc,phases      ] GC(214)   StringDedup Requests1 Weak     Min:  0.0, Avg:  0.0, Max:  0.0, Diff:  0.0, Sum:  0.0, Workers: 4
[1797.761s][debug][gc,phases      ] GC(214)     Dead                           Min: 0, Avg:  0.0, Max: 0, Diff: 0, Sum: 0, Workers: 4
[1797.761s][debug][gc,phases      ] GC(214)     Total                          Min: 0, Avg:  0.0, Max: 0, Diff: 0, Sum: 0, Workers: 4
[1797.762s][debug][gc,phases      ] GC(214)   Weak JFR Old Object Samples    Min:  0.0, Avg:  0.0, Max:  0.0, Diff:  0.0, Sum:  0.0, Workers: 4
[1797.762s][debug][gc,phases      ] GC(214)     Dead                           Min: 0, Avg:  0.0, Max: 0, Diff: 0, Sum: 0, Workers: 4
[1797.762s][debug][gc,phases      ] GC(214)     Total                          Min: 0, Avg:  0.0, Max: 0, Diff: 0, Sum: 0, Workers: 4
[1797.762s][debug][gc,phases      ] GC(214) Weak Processing 0.313ms
[1797.762s][debug][gc,age         ] GC(214) Desired survivor size 3670016 bytes, new threshold 15 (max threshold 15)
[1797.762s][info ][gc,heap        ] GC(214) PSYoungGen: 2091696K(2093568K)->1712K(2093568K) Eden: 2089984K(2089984K)->0K(2089984K) From: 1712K(3584K)->1712K(3584K)
[1797.762s][info ][gc,heap        ] GC(214) ParOldGen: 392646K(430080K)->392670K(430080K)
[1797.762s][info ][gc,metaspace   ] GC(214) Metaspace: 85586K(86656K)->85586K(86656K) NonClass: 73225K(73792K)->73225K(73792K) Class: 12361K(12864K)->12361K(12864K)
[1797.762s][info ][gc             ] GC(214) Pause Young (Allocation Failure) 2426M->385M(2464M) 5.249ms
[1797.762s][info ][gc,cpu         ] GC(214) User=0.01s Sys=0.00s Real=0.01s
[1797.762s][info ][safepoint      ] Safepoint "ParallelGCFailedAllocation", Time since last: 3007227973 ns, Reaching safepoint: 3300 ns, Cleanup: 21200 ns, At safepoint: 5326013 ns, Total: 5350513 ns
[1800.235s][info ][safepoint      ] Safepoint "Cleanup", Time since last: 2473153935 ns, Reaching safepoint: 3100 ns, Cleanup: 42800 ns, At safepoint: 3900 ns, Total: 49800 ns
[1801.488s][info ][safepoint      ] Safepoint "Cleanup", Time since last: 1252973006 ns, Reaching safepoint: 78400 ns, Cleanup: 43000 ns, At safepoint: 7100 ns, Total: 128500 ns
[1802.488s][info ][safepoint      ] Safepoint "Cleanup", Time since last: 1000106192 ns, Reaching safepoint: 93201 ns, Cleanup: 36500 ns, At safepoint: 6700 ns, Total: 136401 ns
[1803.488s][info ][safepoint      ] Safepoint "Cleanup", Time since last: 1000099852 ns, Reaching safepoint: 73000 ns, Cleanup: 37100 ns, At safepoint: 7600 ns, Total: 117700 ns
[1806.489s][info ][safepoint      ] Safepoint "Cleanup", Time since last: 3000254200 ns, Reaching safepoint: 72801 ns, Cleanup: 36300 ns, At safepoint: 4500 ns, Total: 113601 ns
[1810.440s][info ][gc,start       ] GC(215) Pause Young (Allocation Failure)
[1810.445s][debug][gc,phases      ] GC(215) Scavenge 5.000ms
[1810.445s][debug][gc,ref         ] GC(215) Skipped phase 1 of Reference Processing: no references
[1810.445s][debug][gc,ref         ] GC(215) ReferenceProcessor::execute queues: 1, RefProcThreadModel::Single, marks_oops_alive: false
[1810.445s][debug][gc,ref         ] GC(215) Skipped phase 3 of Reference Processing: no references
[1810.445s][debug][gc,ref         ] GC(215) ReferenceProcessor::execute queues: 1, RefProcThreadModel::Single, marks_oops_alive: false
[1810.445s][debug][gc,phases      ] GC(215) Reference Processing 0.110ms
[1810.446s][debug][gc,phases      ] GC(215)   VM Weak                        Min:  0.0, Avg:  0.0, Max:  0.0, Diff:  0.0, Sum:  0.0, Workers: 4
[1810.446s][debug][gc,phases      ] GC(215)     Dead                           Min: 0, Avg:  0.0, Max: 0, Diff: 0, Sum: 0, Workers: 4
[1810.446s][debug][gc,phases      ] GC(215)     Total                          Min: 0, Avg: 217.0, Max: 448, Diff: 448, Sum: 868, Workers: 4
[1810.446s][debug][gc,phases      ] GC(215)   ObjectSynchronizer Weak        Min:  0.0, Avg:  0.0, Max:  0.0, Diff:  0.0, Sum:  0.0, Workers: 4
[1810.446s][debug][gc,phases      ] GC(215)     Dead                           Min: 0, Avg:  0.0, Max: 0, Diff: 0, Sum: 0, Workers: 4
[1810.446s][debug][gc,phases      ] GC(215)     Total                          Min: 0, Avg:  1.0, Max: 4, Diff: 4, Sum: 4, Workers: 4
[1810.446s][debug][gc,phases      ] GC(215)   JVMTI Tag Weak OopStorage      Min:  0.0, Avg:  0.0, Max:  0.0, Diff:  0.0, Sum:  0.0, Workers: 4
[1810.446s][debug][gc,phases      ] GC(215)     Dead                           Min: 0, Avg:  0.0, Max: 0, Diff: 0, Sum: 0, Workers: 4
[1810.446s][debug][gc,phases      ] GC(215)     Total                          Min: 0, Avg:  0.0, Max: 0, Diff: 0, Sum: 0, Workers: 4
[1810.446s][debug][gc,phases      ] GC(215)   StringTable Weak               Min:  0.0, Avg:  0.1, Max:  0.1, Diff:  0.1, Sum:  0.4, Workers: 4
[1810.446s][debug][gc,phases      ] GC(215)     Dead                           Min: 0, Avg:  0.5, Max: 2, Diff: 2, Sum: 2, Workers: 4
[1810.446s][debug][gc,phases      ] GC(215)     Total                          Min: 0, Avg: 11198.8, Max: 18427, Diff: 18427, Sum: 44795, Workers: 4
[1810.446s][debug][gc,phases      ] GC(215)   ResolvedMethodTable Weak       Min:  0.0, Avg:  0.0, Max:  0.0, Diff:  0.0, Sum:  0.1, Workers: 4
[1810.446s][debug][gc,phases      ] GC(215)     Dead                           Min: 0, Avg:  0.0, Max: 0, Diff: 0, Sum: 0, Workers: 4
[1810.446s][debug][gc,phases      ] GC(215)     Total                          Min: 0, Avg: 2635.5, Max: 4222, Diff: 4222, Sum: 10542, Workers: 4
[1810.446s][debug][gc,phases      ] GC(215)   JNI Weak                       Min:  0.0, Avg:  0.0, Max:  0.0, Diff:  0.0, Sum:  0.0, Workers: 4
[1810.446s][debug][gc,phases      ] GC(215)     Dead                           Min: 0, Avg:  0.0, Max: 0, Diff: 0, Sum: 0, Workers: 4
[1810.446s][debug][gc,phases      ] GC(215)     Total                          Min: 0, Avg: 11.2, Max: 45, Diff: 45, Sum: 45, Workers: 4
[1810.446s][debug][gc,phases      ] GC(215)   StringDedup Table Weak         Min:  0.0, Avg:  0.0, Max:  0.0, Diff:  0.0, Sum:  0.0, Workers: 4
[1810.446s][debug][gc,phases      ] GC(215)     Dead                           Min: 0, Avg:  0.0, Max: 0, Diff: 0, Sum: 0, Workers: 4
[1810.446s][debug][gc,phases      ] GC(215)     Total                          Min: 0, Avg:  0.0, Max: 0, Diff: 0, Sum: 0, Workers: 4
[1810.446s][debug][gc,phases      ] GC(215)   StringDedup Requests0 Weak     Min:  0.0, Avg:  0.0, Max:  0.0, Diff:  0.0, Sum:  0.0, Workers: 4
[1810.446s][debug][gc,phases      ] GC(215)     Dead                           Min: 0, Avg:  0.0, Max: 0, Diff: 0, Sum: 0, Workers: 4
[1810.446s][debug][gc,phases      ] GC(215)     Total                          Min: 0, Avg:  0.0, Max: 0, Diff: 0, Sum: 0, Workers: 4
[1810.446s][debug][gc,phases      ] GC(215)   StringDedup Requests1 Weak     Min:  0.0, Avg:  0.0, Max:  0.0, Diff:  0.0, Sum:  0.0, Workers: 4
[1810.446s][debug][gc,phases      ] GC(215)     Dead                           Min: 0, Avg:  0.0, Max: 0, Diff: 0, Sum: 0, Workers: 4
[1810.446s][debug][gc,phases      ] GC(215)     Total                          Min: 0, Avg:  0.0, Max: 0, Diff: 0, Sum: 0, Workers: 4
[1810.446s][debug][gc,phases      ] GC(215)   Weak JFR Old Object Samples    Min:  0.0, Avg:  0.0, Max:  0.0, Diff:  0.0, Sum:  0.0, Workers: 4
[1810.446s][debug][gc,phases      ] GC(215)     Dead                           Min: 0, Avg:  0.0, Max: 0, Diff: 0, Sum: 0, Workers: 4
[1810.446s][debug][gc,phases      ] GC(215)     Total                          Min: 0, Avg:  0.0, Max: 0, Diff: 0, Sum: 0, Workers: 4
[1810.446s][debug][gc,phases      ] GC(215) Weak Processing 0.314ms
[1810.446s][debug][gc,age         ] GC(215) Desired survivor size 4194304 bytes, new threshold 14 (max threshold 15)
[1810.446s][info ][gc,heap        ] GC(215) PSYoungGen: 2091696K(2093568K)->3563K(2093568K) Eden: 2089984K(2089984K)->0K(2089984K) From: 1712K(3584K)->3563K(3584K)
[1810.446s][info ][gc,heap        ] GC(215) ParOldGen: 392670K(430080K)->393534K(430080K)
[1810.446s][info ][gc,metaspace   ] GC(215) Metaspace: 85666K(86720K)->85666K(86720K) NonClass: 73287K(73856K)->73287K(73856K) Class: 12379K(12864K)->12379K(12864K)
[1810.446s][info ][gc             ] GC(215) Pause Young (Allocation Failure) 2426M->387M(2464M) 5.525ms
[1810.446s][info ][gc,cpu         ] GC(215) User=0.02s Sys=0.00s Real=0.01s
[1810.446s][info ][safepoint      ] Safepoint "ParallelGCFailedAllocation", Time since last: 3951453566 ns, Reaching safepoint: 5100 ns, Cleanup: 24200 ns, At safepoint: 5609510 ns, Total: 5638810 ns
[1811.446s][info ][safepoint      ] Safepoint "Cleanup", Time since last: 1000084547 ns, Reaching safepoint: 40601 ns, Cleanup: 41000 ns, At safepoint: 7300 ns, Total: 88901 ns
[1812.446s][info ][safepoint      ] Safepoint "Cleanup", Time since last: 1000107947 ns, Reaching safepoint: 73201 ns, Cleanup: 45100 ns, At safepoint: 8700 ns, Total: 127001 ns
[1817.491s][info ][gc,start       ] GC(216) Pause Young (Allocation Failure)
[1817.497s][debug][gc,phases      ] GC(216) Scavenge 6.222ms
[1817.497s][debug][gc,ref         ] GC(216) Skipped phase 1 of Reference Processing: no references
[1817.497s][debug][gc,ref         ] GC(216) ReferenceProcessor::execute queues: 1, RefProcThreadModel::Single, marks_oops_alive: false
[1817.497s][debug][gc,ref         ] GC(216) Skipped phase 3 of Reference Processing: no references
[1817.497s][debug][gc,ref         ] GC(216) ReferenceProcessor::execute queues: 1, RefProcThreadModel::Single, marks_oops_alive: false
[1817.497s][debug][gc,phases      ] GC(216) Reference Processing 0.122ms
[1817.498s][debug][gc,phases      ] GC(216)   VM Weak                        Min:  0.0, Avg:  0.0, Max:  0.0, Diff:  0.0, Sum:  0.0, Workers: 4
[1817.498s][debug][gc,phases      ] GC(216)     Dead                           Min: 0, Avg:  0.0, Max: 0, Diff: 0, Sum: 0, Workers: 4
[1817.498s][debug][gc,phases      ] GC(216)     Total                          Min: 0, Avg: 217.0, Max: 768, Diff: 768, Sum: 868, Workers: 4
[1817.498s][debug][gc,phases      ] GC(216)   ObjectSynchronizer Weak        Min:  0.0, Avg:  0.0, Max:  0.0, Diff:  0.0, Sum:  0.0, Workers: 4
[1817.498s][debug][gc,phases      ] GC(216)     Dead                           Min: 0, Avg:  0.0, Max: 0, Diff: 0, Sum: 0, Workers: 4
[1817.498s][debug][gc,phases      ] GC(216)     Total                          Min: 0, Avg:  1.0, Max: 4, Diff: 4, Sum: 4, Workers: 4
[1817.498s][debug][gc,phases      ] GC(216)   JVMTI Tag Weak OopStorage      Min:  0.0, Avg:  0.0, Max:  0.0, Diff:  0.0, Sum:  0.0, Workers: 4
[1817.498s][debug][gc,phases      ] GC(216)     Dead                           Min: 0, Avg:  0.0, Max: 0, Diff: 0, Sum: 0, Workers: 4
[1817.498s][debug][gc,phases      ] GC(216)     Total                          Min: 0, Avg:  0.0, Max: 0, Diff: 0, Sum: 0, Workers: 4
[1817.498s][debug][gc,phases      ] GC(216)   StringTable Weak               Min:  0.0, Avg:  0.1, Max:  0.2, Diff:  0.2, Sum:  0.4, Workers: 4
[1817.498s][debug][gc,phases      ] GC(216)     Dead                           Min: 0, Avg:  0.0, Max: 0, Diff: 0, Sum: 0, Workers: 4
[1817.498s][debug][gc,phases      ] GC(216)     Total                          Min: 0, Avg: 11199.2, Max: 22719, Diff: 22719, Sum: 44797, Workers: 4
[1817.498s][debug][gc,phases      ] GC(216)   ResolvedMethodTable Weak       Min:  0.0, Avg:  0.0, Max:  0.0, Diff:  0.0, Sum:  0.1, Workers: 4
[1817.498s][debug][gc,phases      ] GC(216)     Dead                           Min: 0, Avg:  0.0, Max: 0, Diff: 0, Sum: 0, Workers: 4
[1817.498s][debug][gc,phases      ] GC(216)     Total                          Min: 0, Avg: 2635.5, Max: 5504, Diff: 5504, Sum: 10542, Workers: 4
[1817.498s][debug][gc,phases      ] GC(216)   JNI Weak                       Min:  0.0, Avg:  0.0, Max:  0.0, Diff:  0.0, Sum:  0.0, Workers: 4
[1817.498s][debug][gc,phases      ] GC(216)     Dead                           Min: 0, Avg:  0.0, Max: 0, Diff: 0, Sum: 0, Workers: 4
[1817.498s][debug][gc,phases      ] GC(216)     Total                          Min: 0, Avg: 11.2, Max: 45, Diff: 45, Sum: 45, Workers: 4
[1817.498s][debug][gc,phases      ] GC(216)   StringDedup Table Weak         Min:  0.0, Avg:  0.0, Max:  0.0, Diff:  0.0, Sum:  0.0, Workers: 4
[1817.498s][debug][gc,phases      ] GC(216)     Dead                           Min: 0, Avg:  0.0, Max: 0, Diff: 0, Sum: 0, Workers: 4
[1817.498s][debug][gc,phases      ] GC(216)     Total                          Min: 0, Avg:  0.0, Max: 0, Diff: 0, Sum: 0, Workers: 4
[1817.498s][debug][gc,phases      ] GC(216)   StringDedup Requests0 Weak     Min:  0.0, Avg:  0.0, Max:  0.0, Diff:  0.0, Sum:  0.0, Workers: 4
[1817.498s][debug][gc,phases      ] GC(216)     Dead                           Min: 0, Avg:  0.0, Max: 0, Diff: 0, Sum: 0, Workers: 4
[1817.498s][debug][gc,phases      ] GC(216)     Total                          Min: 0, Avg:  0.0, Max: 0, Diff: 0, Sum: 0, Workers: 4
[1817.498s][debug][gc,phases      ] GC(216)   StringDedup Requests1 Weak     Min:  0.0, Avg:  0.0, Max:  0.0, Diff:  0.0, Sum:  0.0, Workers: 4
[1817.498s][debug][gc,phases      ] GC(216)     Dead                           Min: 0, Avg:  0.0, Max: 0, Diff: 0, Sum: 0, Workers: 4
[1817.498s][debug][gc,phases      ] GC(216)     Total                          Min: 0, Avg:  0.0, Max: 0, Diff: 0, Sum: 0, Workers: 4
[1817.498s][debug][gc,phases      ] GC(216)   Weak JFR Old Object Samples    Min:  0.0, Avg:  0.0, Max:  0.0, Diff:  0.0, Sum:  0.0, Workers: 4
[1817.498s][debug][gc,phases      ] GC(216)     Dead                           Min: 0, Avg:  0.0, Max: 0, Diff: 0, Sum: 0, Workers: 4
[1817.498s][debug][gc,phases      ] GC(216)     Total                          Min: 0, Avg:  0.0, Max: 0, Diff: 0, Sum: 0, Workers: 4
[1817.498s][debug][gc,phases      ] GC(216) Weak Processing 0.502ms
[1817.498s][debug][gc,age         ] GC(216) Desired survivor size 4194304 bytes, new threshold 15 (max threshold 15)
[1817.498s][info ][gc,heap        ] GC(216) PSYoungGen: 2093547K(2093568K)->2800K(2092544K) Eden: 2089984K(2089984K)->0K(2088960K) From: 3563K(3584K)->2800K(3584K)
[1817.498s][info ][gc,heap        ] GC(216) ParOldGen: 393534K(430080K)->393566K(430080K)
[1817.498s][info ][gc,metaspace   ] GC(216) Metaspace: 85675K(86720K)->85675K(86720K) NonClass: 73295K(73856K)->73295K(73856K) Class: 12379K(12864K)->12379K(12864K)
[1817.498s][info ][gc             ] GC(216) Pause Young (Allocation Failure) 2428M->387M(2463M) 6.987ms
[1817.498s][info ][gc,cpu         ] GC(216) User=0.02s Sys=0.00s Real=0.01s
[1817.498s][info ][safepoint      ] Safepoint "ParallelGCFailedAllocation", Time since last: 5044578517 ns, Reaching safepoint: 6200 ns, Cleanup: 38501 ns, At safepoint: 7070415 ns, Total: 7115116 ns
[1824.944s][info ][gc,start       ] GC(217) Pause Young (Allocation Failure)
[1824.950s][debug][gc,phases      ] GC(217) Scavenge 5.391ms
[1824.950s][debug][gc,ref         ] GC(217) Skipped phase 1 of Reference Processing: no references
[1824.950s][debug][gc,ref         ] GC(217) ReferenceProcessor::execute queues: 1, RefProcThreadModel::Single, marks_oops_alive: false
[1824.950s][debug][gc,ref         ] GC(217) Skipped phase 3 of Reference Processing: no references
[1824.950s][debug][gc,ref         ] GC(217) ReferenceProcessor::execute queues: 1, RefProcThreadModel::Single, marks_oops_alive: false
[1824.950s][debug][gc,phases      ] GC(217) Reference Processing 0.102ms
[1824.950s][debug][gc,phases      ] GC(217)   VM Weak                        Min:  0.0, Avg:  0.0, Max:  0.0, Diff:  0.0, Sum:  0.0, Workers: 4
[1824.950s][debug][gc,phases      ] GC(217)     Dead                           Min: 0, Avg:  0.0, Max: 0, Diff: 0, Sum: 0, Workers: 4
[1824.950s][debug][gc,phases      ] GC(217)     Total                          Min: 0, Avg: 217.0, Max: 868, Diff: 868, Sum: 868, Workers: 4
[1824.950s][debug][gc,phases      ] GC(217)   ObjectSynchronizer Weak        Min:  0.0, Avg:  0.0, Max:  0.0, Diff:  0.0, Sum:  0.0, Workers: 4
[1824.950s][debug][gc,phases      ] GC(217)     Dead                           Min: 0, Avg:  0.0, Max: 0, Diff: 0, Sum: 0, Workers: 4
[1824.950s][debug][gc,phases      ] GC(217)     Total                          Min: 0, Avg:  1.0, Max: 4, Diff: 4, Sum: 4, Workers: 4
[1824.950s][debug][gc,phases      ] GC(217)   JVMTI Tag Weak OopStorage      Min:  0.0, Avg:  0.0, Max:  0.0, Diff:  0.0, Sum:  0.0, Workers: 4
[1824.950s][debug][gc,phases      ] GC(217)     Dead                           Min: 0, Avg:  0.0, Max: 0, Diff: 0, Sum: 0, Workers: 4
[1824.950s][debug][gc,phases      ] GC(217)     Total                          Min: 0, Avg:  0.0, Max: 0, Diff: 0, Sum: 0, Workers: 4
[1824.950s][debug][gc,phases      ] GC(217)   StringTable Weak               Min:  0.0, Avg:  0.1, Max:  0.2, Diff:  0.2, Sum:  0.3, Workers: 4
[1824.950s][debug][gc,phases      ] GC(217)     Dead                           Min: 0, Avg:  0.0, Max: 0, Diff: 0, Sum: 0, Workers: 4
[1824.950s][debug][gc,phases      ] GC(217)     Total                          Min: 0, Avg: 11199.2, Max: 28544, Diff: 28544, Sum: 44797, Workers: 4
[1824.950s][debug][gc,phases      ] GC(217)   ResolvedMethodTable Weak       Min:  0.0, Avg:  0.0, Max:  0.0, Diff:  0.0, Sum:  0.1, Workers: 4
[1824.950s][debug][gc,phases      ] GC(217)     Dead                           Min: 0, Avg:  0.0, Max: 0, Diff: 0, Sum: 0, Workers: 4
[1824.950s][debug][gc,phases      ] GC(217)     Total                          Min: 0, Avg: 2635.5, Max: 6512, Diff: 6512, Sum: 10542, Workers: 4
[1824.950s][debug][gc,phases      ] GC(217)   JNI Weak                       Min:  0.0, Avg:  0.0, Max:  0.0, Diff:  0.0, Sum:  0.0, Workers: 4
[1824.950s][debug][gc,phases      ] GC(217)     Dead                           Min: 0, Avg:  0.0, Max: 0, Diff: 0, Sum: 0, Workers: 4
[1824.950s][debug][gc,phases      ] GC(217)     Total                          Min: 0, Avg: 11.2, Max: 45, Diff: 45, Sum: 45, Workers: 4
[1824.950s][debug][gc,phases      ] GC(217)   StringDedup Table Weak         Min:  0.0, Avg:  0.0, Max:  0.0, Diff:  0.0, Sum:  0.0, Workers: 4
[1824.950s][debug][gc,phases      ] GC(217)     Dead                           Min: 0, Avg:  0.0, Max: 0, Diff: 0, Sum: 0, Workers: 4
[1824.950s][debug][gc,phases      ] GC(217)     Total                          Min: 0, Avg:  0.0, Max: 0, Diff: 0, Sum: 0, Workers: 4
[1824.950s][debug][gc,phases      ] GC(217)   StringDedup Requests0 Weak     Min:  0.0, Avg:  0.0, Max:  0.0, Diff:  0.0, Sum:  0.0, Workers: 4
[1824.950s][debug][gc,phases      ] GC(217)     Dead                           Min: 0, Avg:  0.0, Max: 0, Diff: 0, Sum: 0, Workers: 4
[1824.950s][debug][gc,phases      ] GC(217)     Total                          Min: 0, Avg:  0.0, Max: 0, Diff: 0, Sum: 0, Workers: 4
[1824.950s][debug][gc,phases      ] GC(217)   StringDedup Requests1 Weak     Min:  0.0, Avg:  0.0, Max:  0.0, Diff:  0.0, Sum:  0.0, Workers: 4
[1824.950s][debug][gc,phases      ] GC(217)     Dead                           Min: 0, Avg:  0.0, Max: 0, Diff: 0, Sum: 0, Workers: 4
[1824.950s][debug][gc,phases      ] GC(217)     Total                          Min: 0, Avg:  0.0, Max: 0, Diff: 0, Sum: 0, Workers: 4
[1824.950s][debug][gc,phases      ] GC(217)   Weak JFR Old Object Samples    Min:  0.0, Avg:  0.0, Max:  0.0, Diff:  0.0, Sum:  0.0, Workers: 4
[1824.950s][debug][gc,phases      ] GC(217)     Dead                           Min: 0, Avg:  0.0, Max: 0, Diff: 0, Sum: 0, Workers: 4
[1824.950s][debug][gc,phases      ] GC(217)     Total                          Min: 0, Avg:  0.0, Max: 0, Diff: 0, Sum: 0, Workers: 4
[1824.950s][debug][gc,phases      ] GC(217) Weak Processing 0.362ms
[1824.950s][debug][gc,age         ] GC(217) Desired survivor size 4194304 bytes, new threshold 15 (max threshold 15)
[1824.950s][info ][gc,heap        ] GC(217) PSYoungGen: 2091760K(2092544K)->2992K(2093056K) Eden: 2088960K(2088960K)->0K(2088960K) From: 2800K(3584K)->2992K(4096K)
[1824.950s][info ][gc,heap        ] GC(217) ParOldGen: 393566K(430080K)->393566K(430080K)
[1824.950s][info ][gc,metaspace   ] GC(217) Metaspace: 85675K(86720K)->85675K(86720K) NonClass: 73295K(73856K)->73295K(73856K) Class: 12379K(12864K)->12379K(12864K)
[1824.950s][info ][gc             ] GC(217) Pause Young (Allocation Failure) 2427M->387M(2464M) 5.958ms
[1824.950s][info ][gc,cpu         ] GC(217) User=0.02s Sys=0.00s Real=0.00s
[1824.950s][info ][safepoint      ] Safepoint "ParallelGCFailedAllocation", Time since last: 7446420424 ns, Reaching safepoint: 75700 ns, Cleanup: 30100 ns, At safepoint: 6024613 ns, Total: 6130413 ns
[1831.951s][info ][safepoint      ] Safepoint "Cleanup", Time since last: 7000511925 ns, Reaching safepoint: 4500 ns, Cleanup: 38200 ns, At safepoint: 4300 ns, Total: 47000 ns
[1832.196s][info ][gc,start       ] GC(218) Pause Young (Allocation Failure)
[1832.200s][debug][gc,phases      ] GC(218) Scavenge 4.318ms
[1832.200s][debug][gc,ref         ] GC(218) Skipped phase 1 of Reference Processing: no references
[1832.200s][debug][gc,ref         ] GC(218) ReferenceProcessor::execute queues: 1, RefProcThreadModel::Single, marks_oops_alive: false
[1832.200s][debug][gc,ref         ] GC(218) Skipped phase 3 of Reference Processing: no references
[1832.200s][debug][gc,ref         ] GC(218) Skipped phase 4 of Reference Processing: no references
[1832.200s][debug][gc,phases      ] GC(218) Reference Processing 0.091ms
[1832.201s][debug][gc,phases      ] GC(218)   VM Weak                        Min:  0.0, Avg:  0.0, Max:  0.0, Diff:  0.0, Sum:  0.0, Workers: 4
[1832.201s][debug][gc,phases      ] GC(218)     Dead                           Min: 0, Avg:  0.0, Max: 0, Diff: 0, Sum: 0, Workers: 4
[1832.201s][debug][gc,phases      ] GC(218)     Total                          Min: 0, Avg: 217.0, Max: 740, Diff: 740, Sum: 868, Workers: 4
[1832.201s][debug][gc,phases      ] GC(218)   ObjectSynchronizer Weak        Min:  0.0, Avg:  0.0, Max:  0.0, Diff:  0.0, Sum:  0.0, Workers: 4
[1832.201s][debug][gc,phases      ] GC(218)     Dead                           Min: 0, Avg:  0.0, Max: 0, Diff: 0, Sum: 0, Workers: 4
[1832.201s][debug][gc,phases      ] GC(218)     Total                          Min: 0, Avg:  1.0, Max: 4, Diff: 4, Sum: 4, Workers: 4
[1832.201s][debug][gc,phases      ] GC(218)   JVMTI Tag Weak OopStorage      Min:  0.0, Avg:  0.0, Max:  0.0, Diff:  0.0, Sum:  0.0, Workers: 4
[1832.201s][debug][gc,phases      ] GC(218)     Dead                           Min: 0, Avg:  0.0, Max: 0, Diff: 0, Sum: 0, Workers: 4
[1832.201s][debug][gc,phases      ] GC(218)     Total                          Min: 0, Avg:  0.0, Max: 0, Diff: 0, Sum: 0, Workers: 4
[1832.201s][debug][gc,phases      ] GC(218)   StringTable Weak               Min:  0.0, Avg:  0.1, Max:  0.2, Diff:  0.2, Sum:  0.3, Workers: 4
[1832.201s][debug][gc,phases      ] GC(218)     Dead                           Min: 0, Avg:  0.0, Max: 0, Diff: 0, Sum: 0, Workers: 4
[1832.201s][debug][gc,phases      ] GC(218)     Total                          Min: 0, Avg: 11199.2, Max: 27646, Diff: 27646, Sum: 44797, Workers: 4
[1832.201s][debug][gc,phases      ] GC(218)   ResolvedMethodTable Weak       Min:  0.0, Avg:  0.0, Max:  0.0, Diff:  0.0, Sum:  0.1, Workers: 4
[1832.201s][debug][gc,phases      ] GC(218)     Dead                           Min: 0, Avg:  0.0, Max: 0, Diff: 0, Sum: 0, Workers: 4
[1832.201s][debug][gc,phases      ] GC(218)     Total                          Min: 0, Avg: 2635.5, Max: 6400, Diff: 6400, Sum: 10542, Workers: 4
[1832.201s][debug][gc,phases      ] GC(218)   JNI Weak                       Min:  0.0, Avg:  0.0, Max:  0.0, Diff:  0.0, Sum:  0.0, Workers: 4
[1832.201s][debug][gc,phases      ] GC(218)     Dead                           Min: 0, Avg:  0.0, Max: 0, Diff: 0, Sum: 0, Workers: 4
[1832.201s][debug][gc,phases      ] GC(218)     Total                          Min: 0, Avg: 11.2, Max: 45, Diff: 45, Sum: 45, Workers: 4
[1832.201s][debug][gc,phases      ] GC(218)   StringDedup Table Weak         Min:  0.0, Avg:  0.0, Max:  0.0, Diff:  0.0, Sum:  0.0, Workers: 4
[1832.201s][debug][gc,phases      ] GC(218)     Dead                           Min: 0, Avg:  0.0, Max: 0, Diff: 0, Sum: 0, Workers: 4
[1832.201s][debug][gc,phases      ] GC(218)     Total                          Min: 0, Avg:  0.0, Max: 0, Diff: 0, Sum: 0, Workers: 4
[1832.201s][debug][gc,phases      ] GC(218)   StringDedup Requests0 Weak     Min:  0.0, Avg:  0.0, Max:  0.0, Diff:  0.0, Sum:  0.0, Workers: 4
[1832.201s][debug][gc,phases      ] GC(218)     Dead                           Min: 0, Avg:  0.0, Max: 0, Diff: 0, Sum: 0, Workers: 4
[1832.201s][debug][gc,phases      ] GC(218)     Total                          Min: 0, Avg:  0.0, Max: 0, Diff: 0, Sum: 0, Workers: 4
[1832.201s][debug][gc,phases      ] GC(218)   StringDedup Requests1 Weak     Min:  0.0, Avg:  0.0, Max:  0.0, Diff:  0.0, Sum:  0.0, Workers: 4
[1832.201s][debug][gc,phases      ] GC(218)     Dead                           Min: 0, Avg:  0.0, Max: 0, Diff: 0, Sum: 0, Workers: 4
[1832.201s][debug][gc,phases      ] GC(218)     Total                          Min: 0, Avg:  0.0, Max: 0, Diff: 0, Sum: 0, Workers: 4
[1832.201s][debug][gc,phases      ] GC(218)   Weak JFR Old Object Samples    Min:  0.0, Avg:  0.0, Max:  0.0, Diff:  0.0, Sum:  0.0, Workers: 4
[1832.201s][debug][gc,phases      ] GC(218)     Dead                           Min: 0, Avg:  0.0, Max: 0, Diff: 0, Sum: 0, Workers: 4
[1832.201s][debug][gc,phases      ] GC(218)     Total                          Min: 0, Avg:  0.0, Max: 0, Diff: 0, Sum: 0, Workers: 4
[1832.201s][debug][gc,phases      ] GC(218) Weak Processing 0.361ms
[1832.201s][debug][gc,age         ] GC(218) Desired survivor size 4194304 bytes, new threshold 15 (max threshold 15)
[1832.201s][info ][gc,heap        ] GC(218) PSYoungGen: 2091952K(2093056K)->2832K(2093056K) Eden: 2088960K(2088960K)->0K(2088960K) From: 2992K(4096K)->2832K(4096K)
[1832.201s][info ][gc,heap        ] GC(218) ParOldGen: 393566K(430080K)->393610K(430080K)
[1832.201s][info ][gc,metaspace   ] GC(218) Metaspace: 85675K(86720K)->85675K(86720K) NonClass: 73295K(73856K)->73295K(73856K) Class: 12379K(12864K)->12379K(12864K)
[1832.201s][info ][gc             ] GC(218) Pause Young (Allocation Failure) 2427M->387M(2464M) 4.866ms
[1832.201s][info ][gc,cpu         ] GC(218) User=0.02s Sys=0.00s Real=0.00s
[1832.201s][info ][safepoint      ] Safepoint "ParallelGCFailedAllocation", Time since last: 244697221 ns, Reaching safepoint: 79500 ns, Cleanup: 32100 ns, At safepoint: 4937110 ns, Total: 5048710 ns
[1839.544s][info ][gc,start       ] GC(219) Pause Young (Allocation Failure)
[1839.550s][debug][gc,phases      ] GC(219) Scavenge 6.725ms
[1839.551s][debug][gc,ref         ] GC(219) Skipped phase 1 of Reference Processing: no references
[1839.551s][debug][gc,ref         ] GC(219) ReferenceProcessor::execute queues: 1, RefProcThreadModel::Single, marks_oops_alive: false
[1839.551s][debug][gc,ref         ] GC(219) Skipped phase 3 of Reference Processing: no references
[1839.551s][debug][gc,ref         ] GC(219) Skipped phase 4 of Reference Processing: no references
[1839.551s][debug][gc,phases      ] GC(219) Reference Processing 0.137ms
[1839.551s][debug][gc,phases      ] GC(219)   VM Weak                        Min:  0.0, Avg:  0.0, Max:  0.0, Diff:  0.0, Sum:  0.0, Workers: 4
[1839.551s][debug][gc,phases      ] GC(219)     Dead                           Min: 0, Avg:  0.0, Max: 0, Diff: 0, Sum: 0, Workers: 4
[1839.551s][debug][gc,phases      ] GC(219)     Total                          Min: 0, Avg: 217.0, Max: 704, Diff: 704, Sum: 868, Workers: 4
[1839.551s][debug][gc,phases      ] GC(219)   ObjectSynchronizer Weak        Min:  0.0, Avg:  0.0, Max:  0.0, Diff:  0.0, Sum:  0.0, Workers: 4
[1839.551s][debug][gc,phases      ] GC(219)     Dead                           Min: 0, Avg:  0.0, Max: 0, Diff: 0, Sum: 0, Workers: 4
[1839.551s][debug][gc,phases      ] GC(219)     Total                          Min: 0, Avg:  1.0, Max: 4, Diff: 4, Sum: 4, Workers: 4
[1839.551s][debug][gc,phases      ] GC(219)   JVMTI Tag Weak OopStorage      Min:  0.0, Avg:  0.0, Max:  0.0, Diff:  0.0, Sum:  0.0, Workers: 4
[1839.551s][debug][gc,phases      ] GC(219)     Dead                           Min: 0, Avg:  0.0, Max: 0, Diff: 0, Sum: 0, Workers: 4
[1839.551s][debug][gc,phases      ] GC(219)     Total                          Min: 0, Avg:  0.0, Max: 0, Diff: 0, Sum: 0, Workers: 4
[1839.551s][debug][gc,phases      ] GC(219)   StringTable Weak               Min:  0.0, Avg:  0.1, Max:  0.2, Diff:  0.2, Sum:  0.4, Workers: 4
[1839.551s][debug][gc,phases      ] GC(219)     Dead                           Min: 0, Avg:  0.0, Max: 0, Diff: 0, Sum: 0, Workers: 4
[1839.551s][debug][gc,phases      ] GC(219)     Total                          Min: 0, Avg: 11199.2, Max: 15488, Diff: 15488, Sum: 44797, Workers: 4
[1839.551s][debug][gc,phases      ] GC(219)   ResolvedMethodTable Weak       Min:  0.0, Avg:  0.0, Max:  0.0, Diff:  0.0, Sum:  0.1, Workers: 4
[1839.551s][debug][gc,phases      ] GC(219)     Dead                           Min: 0, Avg:  0.0, Max: 0, Diff: 0, Sum: 0, Workers: 4
[1839.551s][debug][gc,phases      ] GC(219)     Total                          Min: 0, Avg: 2635.5, Max: 4032, Diff: 4032, Sum: 10542, Workers: 4
[1839.551s][debug][gc,phases      ] GC(219)   JNI Weak                       Min:  0.0, Avg:  0.0, Max:  0.0, Diff:  0.0, Sum:  0.0, Workers: 4
[1839.551s][debug][gc,phases      ] GC(219)     Dead                           Min: 0, Avg:  0.0, Max: 0, Diff: 0, Sum: 0, Workers: 4
[1839.551s][debug][gc,phases      ] GC(219)     Total                          Min: 0, Avg: 11.2, Max: 45, Diff: 45, Sum: 45, Workers: 4
[1839.551s][debug][gc,phases      ] GC(219)   StringDedup Table Weak         Min:  0.0, Avg:  0.0, Max:  0.0, Diff:  0.0, Sum:  0.0, Workers: 4
[1839.551s][debug][gc,phases      ] GC(219)     Dead                           Min: 0, Avg:  0.0, Max: 0, Diff: 0, Sum: 0, Workers: 4
[1839.551s][debug][gc,phases      ] GC(219)     Total                          Min: 0, Avg:  0.0, Max: 0, Diff: 0, Sum: 0, Workers: 4
[1839.551s][debug][gc,phases      ] GC(219)   StringDedup Requests0 Weak     Min:  0.0, Avg:  0.0, Max:  0.0, Diff:  0.0, Sum:  0.0, Workers: 4
[1839.551s][debug][gc,phases      ] GC(219)     Dead                           Min: 0, Avg:  0.0, Max: 0, Diff: 0, Sum: 0, Workers: 4
[1839.551s][debug][gc,phases      ] GC(219)     Total                          Min: 0, Avg:  0.0, Max: 0, Diff: 0, Sum: 0, Workers: 4
[1839.551s][debug][gc,phases      ] GC(219)   StringDedup Requests1 Weak     Min:  0.0, Avg:  0.0, Max:  0.0, Diff:  0.0, Sum:  0.0, Workers: 4
[1839.551s][debug][gc,phases      ] GC(219)     Dead                           Min: 0, Avg:  0.0, Max: 0, Diff: 0, Sum: 0, Workers: 4
[1839.551s][debug][gc,phases      ] GC(219)     Total                          Min: 0, Avg:  0.0, Max: 0, Diff: 0, Sum: 0, Workers: 4
[1839.551s][debug][gc,phases      ] GC(219)   Weak JFR Old Object Samples    Min:  0.0, Avg:  0.0, Max:  0.0, Diff:  0.0, Sum:  0.0, Workers: 4
[1839.551s][debug][gc,phases      ] GC(219)     Dead                           Min: 0, Avg:  0.0, Max: 0, Diff: 0, Sum: 0, Workers: 4
[1839.551s][debug][gc,phases      ] GC(219)     Total                          Min: 0, Avg:  0.0, Max: 0, Diff: 0, Sum: 0, Workers: 4
[1839.551s][debug][gc,phases      ] GC(219) Weak Processing 0.362ms
[1839.551s][debug][gc,age         ] GC(219) Desired survivor size 4718592 bytes, new threshold 15 (max threshold 15)
[1839.551s][info ][gc,heap        ] GC(219) PSYoungGen: 2091792K(2093056K)->2896K(2092032K) Eden: 2088960K(2088960K)->0K(2088960K) From: 2832K(4096K)->2896K(3072K)
[1839.551s][info ][gc,heap        ] GC(219) ParOldGen: 393610K(430080K)->393638K(430080K)
[1839.551s][info ][gc,metaspace   ] GC(219) Metaspace: 85675K(86720K)->85675K(86720K) NonClass: 73295K(73856K)->73295K(73856K) Class: 12379K(12864K)->12379K(12864K)
[1839.551s][info ][gc             ] GC(219) Pause Young (Allocation Failure) 2427M->387M(2463M) 7.359ms
[1839.551s][info ][gc,cpu         ] GC(219) User=0.01s Sys=0.00s Real=0.00s
[1839.551s][info ][safepoint      ] Safepoint "ParallelGCFailedAllocation", Time since last: 7342833694 ns, Reaching safepoint: 50200 ns, Cleanup: 32300 ns, At safepoint: 7433016 ns, Total: 7515516 ns
[1846.944s][info ][gc,start       ] GC(220) Pause Young (Allocation Failure)
[1846.950s][debug][gc,phases      ] GC(220) Scavenge 6.050ms
[1846.950s][debug][gc,ref         ] GC(220) Skipped phase 1 of Reference Processing: no references
[1846.951s][debug][gc,ref         ] GC(220) ReferenceProcessor::execute queues: 1, RefProcThreadModel::Single, marks_oops_alive: false
[1846.951s][debug][gc,ref         ] GC(220) Skipped phase 3 of Reference Processing: no references
[1846.951s][debug][gc,ref         ] GC(220) Skipped phase 4 of Reference Processing: no references
[1846.951s][debug][gc,phases      ] GC(220) Reference Processing 0.129ms
[1846.951s][debug][gc,phases      ] GC(220)   VM Weak                        Min:  0.0, Avg:  0.0, Max:  0.0, Diff:  0.0, Sum:  0.0, Workers: 4
[1846.951s][debug][gc,phases      ] GC(220)     Dead                           Min: 0, Avg:  0.0, Max: 0, Diff: 0, Sum: 0, Workers: 4
[1846.951s][debug][gc,phases      ] GC(220)     Total                          Min: 0, Avg: 217.0, Max: 676, Diff: 676, Sum: 868, Workers: 4
[1846.951s][debug][gc,phases      ] GC(220)   ObjectSynchronizer Weak        Min:  0.0, Avg:  0.0, Max:  0.0, Diff:  0.0, Sum:  0.0, Workers: 4
[1846.951s][debug][gc,phases      ] GC(220)     Dead                           Min: 0, Avg:  0.0, Max: 0, Diff: 0, Sum: 0, Workers: 4
[1846.951s][debug][gc,phases      ] GC(220)     Total                          Min: 0, Avg:  1.0, Max: 4, Diff: 4, Sum: 4, Workers: 4
[1846.951s][debug][gc,phases      ] GC(220)   JVMTI Tag Weak OopStorage      Min:  0.0, Avg:  0.0, Max:  0.0, Diff:  0.0, Sum:  0.0, Workers: 4
[1846.951s][debug][gc,phases      ] GC(220)     Dead                           Min: 0, Avg:  0.0, Max: 0, Diff: 0, Sum: 0, Workers: 4
[1846.951s][debug][gc,phases      ] GC(220)     Total                          Min: 0, Avg:  0.0, Max: 0, Diff: 0, Sum: 0, Workers: 4
[1846.951s][debug][gc,phases      ] GC(220)   StringTable Weak               Min:  0.0, Avg:  0.1, Max:  0.1, Diff:  0.1, Sum:  0.4, Workers: 4
[1846.951s][debug][gc,phases      ] GC(220)     Dead                           Min: 0, Avg:  0.0, Max: 0, Diff: 0, Sum: 0, Workers: 4
[1846.951s][debug][gc,phases      ] GC(220)     Total                          Min: 0, Avg: 11199.2, Max: 16063, Diff: 16063, Sum: 44797, Workers: 4
[1846.951s][debug][gc,phases      ] GC(220)   ResolvedMethodTable Weak       Min:  0.0, Avg:  0.0, Max:  0.0, Diff:  0.0, Sum:  0.1, Workers: 4
[1846.951s][debug][gc,phases      ] GC(220)     Dead                           Min: 0, Avg:  0.0, Max: 0, Diff: 0, Sum: 0, Workers: 4
[1846.951s][debug][gc,phases      ] GC(220)     Total                          Min: 0, Avg: 2635.5, Max: 3696, Diff: 3696, Sum: 10542, Workers: 4
[1846.951s][debug][gc,phases      ] GC(220)   JNI Weak                       Min:  0.0, Avg:  0.0, Max:  0.0, Diff:  0.0, Sum:  0.0, Workers: 4
[1846.951s][debug][gc,phases      ] GC(220)     Dead                           Min: 0, Avg:  0.0, Max: 0, Diff: 0, Sum: 0, Workers: 4
[1846.951s][debug][gc,phases      ] GC(220)     Total                          Min: 0, Avg: 11.2, Max: 45, Diff: 45, Sum: 45, Workers: 4
[1846.951s][debug][gc,phases      ] GC(220)   StringDedup Table Weak         Min:  0.0, Avg:  0.0, Max:  0.0, Diff:  0.0, Sum:  0.0, Workers: 4
[1846.951s][debug][gc,phases      ] GC(220)     Dead                           Min: 0, Avg:  0.0, Max: 0, Diff: 0, Sum: 0, Workers: 4
[1846.951s][debug][gc,phases      ] GC(220)     Total                          Min: 0, Avg:  0.0, Max: 0, Diff: 0, Sum: 0, Workers: 4
[1846.951s][debug][gc,phases      ] GC(220)   StringDedup Requests0 Weak     Min:  0.0, Avg:  0.0, Max:  0.0, Diff:  0.0, Sum:  0.0, Workers: 4
[1846.951s][debug][gc,phases      ] GC(220)     Dead                           Min: 0, Avg:  0.0, Max: 0, Diff: 0, Sum: 0, Workers: 4
[1846.951s][debug][gc,phases      ] GC(220)     Total                          Min: 0, Avg:  0.0, Max: 0, Diff: 0, Sum: 0, Workers: 4
[1846.951s][debug][gc,phases      ] GC(220)   StringDedup Requests1 Weak     Min:  0.0, Avg:  0.0, Max:  0.0, Diff:  0.0, Sum:  0.0, Workers: 4
[1846.951s][debug][gc,phases      ] GC(220)     Dead                           Min: 0, Avg:  0.0, Max: 0, Diff: 0, Sum: 0, Workers: 4
[1846.951s][debug][gc,phases      ] GC(220)     Total                          Min: 0, Avg:  0.0, Max: 0, Diff: 0, Sum: 0, Workers: 4
[1846.951s][debug][gc,phases      ] GC(220)   Weak JFR Old Object Samples    Min:  0.0, Avg:  0.0, Max:  0.0, Diff:  0.0, Sum:  0.0, Workers: 4
[1846.951s][debug][gc,phases      ] GC(220)     Dead                           Min: 0, Avg:  0.0, Max: 0, Diff: 0, Sum: 0, Workers: 4
[1846.951s][debug][gc,phases      ] GC(220)     Total                          Min: 0, Avg:  0.0, Max: 0, Diff: 0, Sum: 0, Workers: 4
[1846.951s][debug][gc,phases      ] GC(220) Weak Processing 0.348ms
[1846.951s][debug][gc,age         ] GC(220) Desired survivor size 4194304 bytes, new threshold 15 (max threshold 15)
[1846.951s][info ][gc,heap        ] GC(220) PSYoungGen: 2091856K(2092032K)->2848K(2093056K) Eden: 2088960K(2088960K)->0K(2088448K) From: 2896K(3072K)->2848K(4608K)
[1846.951s][info ][gc,heap        ] GC(220) ParOldGen: 393638K(430080K)->393654K(430080K)
[1846.951s][info ][gc,metaspace   ] GC(220) Metaspace: 85676K(86720K)->85676K(86720K) NonClass: 73296K(73856K)->73296K(73856K) Class: 12379K(12864K)->12379K(12864K)
[1846.951s][info ][gc             ] GC(220) Pause Young (Allocation Failure) 2427M->387M(2464M) 6.652ms
[1846.951s][info ][gc,cpu         ] GC(220) User=0.02s Sys=0.00s Real=0.00s
[1846.951s][info ][safepoint      ] Safepoint "ParallelGCFailedAllocation", Time since last: 7393057873 ns, Reaching safepoint: 41200 ns, Cleanup: 31200 ns, At safepoint: 6725308 ns, Total: 6797708 ns
[1854.391s][info ][gc,start       ] GC(221) Pause Young (Allocation Failure)
[1854.402s][debug][gc,phases      ] GC(221) Scavenge 10.825ms
[1854.402s][debug][gc,ref         ] GC(221) Skipped phase 1 of Reference Processing: no references
[1854.402s][debug][gc,ref         ] GC(221) ReferenceProcessor::execute queues: 1, RefProcThreadModel::Single, marks_oops_alive: false
[1854.402s][debug][gc,ref         ] GC(221) Skipped phase 3 of Reference Processing: no references
[1854.402s][debug][gc,ref         ] GC(221) Skipped phase 4 of Reference Processing: no references
[1854.402s][debug][gc,phases      ] GC(221) Reference Processing 0.135ms
[1854.402s][debug][gc,phases      ] GC(221)   VM Weak                        Min:  0.0, Avg:  0.0, Max:  0.0, Diff:  0.0, Sum:  0.0, Workers: 4
[1854.402s][debug][gc,phases      ] GC(221)     Dead                           Min: 0, Avg:  0.0, Max: 0, Diff: 0, Sum: 0, Workers: 4
[1854.402s][debug][gc,phases      ] GC(221)     Total                          Min: 0, Avg: 217.0, Max: 640, Diff: 640, Sum: 868, Workers: 4
[1854.402s][debug][gc,phases      ] GC(221)   ObjectSynchronizer Weak        Min:  0.0, Avg:  0.0, Max:  0.0, Diff:  0.0, Sum:  0.0, Workers: 4
[1854.402s][debug][gc,phases      ] GC(221)     Dead                           Min: 0, Avg:  0.0, Max: 0, Diff: 0, Sum: 0, Workers: 4
[1854.402s][debug][gc,phases      ] GC(221)     Total                          Min: 0, Avg:  1.0, Max: 4, Diff: 4, Sum: 4, Workers: 4
[1854.402s][debug][gc,phases      ] GC(221)   JVMTI Tag Weak OopStorage      Min:  0.0, Avg:  0.0, Max:  0.0, Diff:  0.0, Sum:  0.0, Workers: 4
[1854.402s][debug][gc,phases      ] GC(221)     Dead                           Min: 0, Avg:  0.0, Max: 0, Diff: 0, Sum: 0, Workers: 4
[1854.402s][debug][gc,phases      ] GC(221)     Total                          Min: 0, Avg:  0.0, Max: 0, Diff: 0, Sum: 0, Workers: 4
[1854.402s][debug][gc,phases      ] GC(221)   StringTable Weak               Min:  0.0, Avg:  0.1, Max:  0.1, Diff:  0.1, Sum:  0.4, Workers: 4
[1854.402s][debug][gc,phases      ] GC(221)     Dead                           Min: 0, Avg:  0.0, Max: 0, Diff: 0, Sum: 0, Workers: 4
[1854.402s][debug][gc,phases      ] GC(221)     Total                          Min: 0, Avg: 11199.2, Max: 15615, Diff: 15615, Sum: 44797, Workers: 4
[1854.402s][debug][gc,phases      ] GC(221)   ResolvedMethodTable Weak       Min:  0.0, Avg:  0.0, Max:  0.0, Diff:  0.0, Sum:  0.1, Workers: 4
[1854.402s][debug][gc,phases      ] GC(221)     Dead                           Min: 0, Avg:  0.0, Max: 0, Diff: 0, Sum: 0, Workers: 4
[1854.402s][debug][gc,phases      ] GC(221)     Total                          Min: 0, Avg: 2635.5, Max: 3824, Diff: 3824, Sum: 10542, Workers: 4
[1854.402s][debug][gc,phases      ] GC(221)   JNI Weak                       Min:  0.0, Avg:  0.0, Max:  0.0, Diff:  0.0, Sum:  0.0, Workers: 4
[1854.402s][debug][gc,phases      ] GC(221)     Dead                           Min: 0, Avg:  0.0, Max: 0, Diff: 0, Sum: 0, Workers: 4
[1854.402s][debug][gc,phases      ] GC(221)     Total                          Min: 0, Avg: 11.2, Max: 45, Diff: 45, Sum: 45, Workers: 4
[1854.402s][debug][gc,phases      ] GC(221)   StringDedup Table Weak         Min:  0.0, Avg:  0.0, Max:  0.0, Diff:  0.0, Sum:  0.0, Workers: 4
[1854.402s][debug][gc,phases      ] GC(221)     Dead                           Min: 0, Avg:  0.0, Max: 0, Diff: 0, Sum: 0, Workers: 4
[1854.402s][debug][gc,phases      ] GC(221)     Total                          Min: 0, Avg:  0.0, Max: 0, Diff: 0, Sum: 0, Workers: 4
[1854.402s][debug][gc,phases      ] GC(221)   StringDedup Requests0 Weak     Min:  0.0, Avg:  0.0, Max:  0.0, Diff:  0.0, Sum:  0.0, Workers: 4
[1854.402s][debug][gc,phases      ] GC(221)     Dead                           Min: 0, Avg:  0.0, Max: 0, Diff: 0, Sum: 0, Workers: 4
[1854.402s][debug][gc,phases      ] GC(221)     Total                          Min: 0, Avg:  0.0, Max: 0, Diff: 0, Sum: 0, Workers: 4
[1854.402s][debug][gc,phases      ] GC(221)   StringDedup Requests1 Weak     Min:  0.0, Avg:  0.0, Max:  0.0, Diff:  0.0, Sum:  0.0, Workers: 4
[1854.402s][debug][gc,phases      ] GC(221)     Dead                           Min: 0, Avg:  0.0, Max: 0, Diff: 0, Sum: 0, Workers: 4
[1854.402s][debug][gc,phases      ] GC(221)     Total                          Min: 0, Avg:  0.0, Max: 0, Diff: 0, Sum: 0, Workers: 4
[1854.402s][debug][gc,phases      ] GC(221)   Weak JFR Old Object Samples    Min:  0.0, Avg:  0.0, Max:  0.0, Diff:  0.0, Sum:  0.0, Workers: 4
[1854.402s][debug][gc,phases      ] GC(221)     Dead                           Min: 0, Avg:  0.0, Max: 0, Diff: 0, Sum: 0, Workers: 4
[1854.402s][debug][gc,phases      ] GC(221)     Total                          Min: 0, Avg:  0.0, Max: 0, Diff: 0, Sum: 0, Workers: 4
[1854.402s][debug][gc,phases      ] GC(221) Weak Processing 0.361ms
[1854.402s][debug][gc,age         ] GC(221) Desired survivor size 4194304 bytes, new threshold 15 (max threshold 15)
[1854.402s][info ][gc,heap        ] GC(221) PSYoungGen: 2091296K(2093056K)->2816K(2092544K) Eden: 2088448K(2088448K)->0K(2088448K) From: 2848K(4608K)->2816K(4096K)
[1854.402s][info ][gc,heap        ] GC(221) ParOldGen: 393654K(430080K)->393670K(430080K)
[1854.402s][info ][gc,metaspace   ] GC(221) Metaspace: 85677K(86720K)->85677K(86720K) NonClass: 73297K(73856K)->73297K(73856K) Class: 12379K(12864K)->12379K(12864K)
[1854.402s][info ][gc             ] GC(221) Pause Young (Allocation Failure) 2426M->387M(2463M) 11.465ms
[1854.402s][info ][gc,cpu         ] GC(221) User=0.02s Sys=0.00s Real=0.02s
[1854.402s][info ][safepoint      ] Safepoint "ParallelGCFailedAllocation", Time since last: 7439882277 ns, Reaching safepoint: 4000 ns, Cleanup: 35900 ns, At safepoint: 11537321 ns, Total: 11577221 ns
[1861.793s][info ][gc,start       ] GC(222) Pause Young (Allocation Failure)
[1861.797s][debug][gc,phases      ] GC(222) Scavenge 4.752ms
[1861.797s][debug][gc,ref         ] GC(222) Skipped phase 1 of Reference Processing: no references
[1861.798s][debug][gc,ref         ] GC(222) ReferenceProcessor::execute queues: 1, RefProcThreadModel::Single, marks_oops_alive: false
[1861.798s][debug][gc,ref         ] GC(222) Skipped phase 3 of Reference Processing: no references
[1861.798s][debug][gc,ref         ] GC(222) Skipped phase 4 of Reference Processing: no references
[1861.798s][debug][gc,phases      ] GC(222) Reference Processing 0.084ms
[1861.798s][debug][gc,phases      ] GC(222)   VM Weak                        Min:  0.0, Avg:  0.0, Max:  0.0, Diff:  0.0, Sum:  0.0, Workers: 4
[1861.798s][debug][gc,phases      ] GC(222)     Dead                           Min: 0, Avg:  0.0, Max: 0, Diff: 0, Sum: 0, Workers: 4
[1861.798s][debug][gc,phases      ] GC(222)     Total                          Min: 0, Avg: 217.0, Max: 512, Diff: 512, Sum: 868, Workers: 4
[1861.798s][debug][gc,phases      ] GC(222)   ObjectSynchronizer Weak        Min:  0.0, Avg:  0.0, Max:  0.0, Diff:  0.0, Sum:  0.0, Workers: 4
[1861.798s][debug][gc,phases      ] GC(222)     Dead                           Min: 0, Avg:  0.0, Max: 0, Diff: 0, Sum: 0, Workers: 4
[1861.798s][debug][gc,phases      ] GC(222)     Total                          Min: 0, Avg:  1.0, Max: 4, Diff: 4, Sum: 4, Workers: 4
[1861.798s][debug][gc,phases      ] GC(222)   JVMTI Tag Weak OopStorage      Min:  0.0, Avg:  0.0, Max:  0.0, Diff:  0.0, Sum:  0.0, Workers: 4
[1861.798s][debug][gc,phases      ] GC(222)     Dead                           Min: 0, Avg:  0.0, Max: 0, Diff: 0, Sum: 0, Workers: 4
[1861.798s][debug][gc,phases      ] GC(222)     Total                          Min: 0, Avg:  0.0, Max: 0, Diff: 0, Sum: 0, Workers: 4
[1861.798s][debug][gc,phases      ] GC(222)   StringTable Weak               Min:  0.0, Avg:  0.1, Max:  0.1, Diff:  0.1, Sum:  0.4, Workers: 4
[1861.798s][debug][gc,phases      ] GC(222)     Dead                           Min: 0, Avg:  0.0, Max: 0, Diff: 0, Sum: 0, Workers: 4
[1861.798s][debug][gc,phases      ] GC(222)     Total                          Min: 0, Avg: 11199.2, Max: 15104, Diff: 15104, Sum: 44797, Workers: 4
[1861.798s][debug][gc,phases      ] GC(222)   ResolvedMethodTable Weak       Min:  0.0, Avg:  0.0, Max:  0.0, Diff:  0.0, Sum:  0.1, Workers: 4
[1861.798s][debug][gc,phases      ] GC(222)     Dead                           Min: 0, Avg:  0.0, Max: 0, Diff: 0, Sum: 0, Workers: 4
[1861.798s][debug][gc,phases      ] GC(222)     Total                          Min: 0, Avg: 2635.5, Max: 3520, Diff: 3520, Sum: 10542, Workers: 4
[1861.798s][debug][gc,phases      ] GC(222)   JNI Weak                       Min:  0.0, Avg:  0.0, Max:  0.0, Diff:  0.0, Sum:  0.0, Workers: 4
[1861.798s][debug][gc,phases      ] GC(222)     Dead                           Min: 0, Avg:  0.0, Max: 0, Diff: 0, Sum: 0, Workers: 4
[1861.798s][debug][gc,phases      ] GC(222)     Total                          Min: 0, Avg: 11.2, Max: 45, Diff: 45, Sum: 45, Workers: 4
[1861.798s][debug][gc,phases      ] GC(222)   StringDedup Table Weak         Min:  0.0, Avg:  0.0, Max:  0.0, Diff:  0.0, Sum:  0.0, Workers: 4
[1861.798s][debug][gc,phases      ] GC(222)     Dead                           Min: 0, Avg:  0.0, Max: 0, Diff: 0, Sum: 0, Workers: 4
[1861.798s][debug][gc,phases      ] GC(222)     Total                          Min: 0, Avg:  0.0, Max: 0, Diff: 0, Sum: 0, Workers: 4
[1861.798s][debug][gc,phases      ] GC(222)   StringDedup Requests0 Weak     Min:  0.0, Avg:  0.0, Max:  0.0, Diff:  0.0, Sum:  0.0, Workers: 4
[1861.798s][debug][gc,phases      ] GC(222)     Dead                           Min: 0, Avg:  0.0, Max: 0, Diff: 0, Sum: 0, Workers: 4
[1861.798s][debug][gc,phases      ] GC(222)     Total                          Min: 0, Avg:  0.0, Max: 0, Diff: 0, Sum: 0, Workers: 4
[1861.798s][debug][gc,phases      ] GC(222)   StringDedup Requests1 Weak     Min:  0.0, Avg:  0.0, Max:  0.0, Diff:  0.0, Sum:  0.0, Workers: 4
[1861.798s][debug][gc,phases      ] GC(222)     Dead                           Min: 0, Avg:  0.0, Max: 0, Diff: 0, Sum: 0, Workers: 4
[1861.798s][debug][gc,phases      ] GC(222)     Total                          Min: 0, Avg:  0.0, Max: 0, Diff: 0, Sum: 0, Workers: 4
[1861.798s][debug][gc,phases      ] GC(222)   Weak JFR Old Object Samples    Min:  0.0, Avg:  0.0, Max:  0.0, Diff:  0.0, Sum:  0.0, Workers: 4
[1861.798s][debug][gc,phases      ] GC(222)     Dead                           Min: 0, Avg:  0.0, Max: 0, Diff: 0, Sum: 0, Workers: 4
[1861.798s][debug][gc,phases      ] GC(222)     Total                          Min: 0, Avg:  0.0, Max: 0, Diff: 0, Sum: 0, Workers: 4
[1861.798s][debug][gc,phases      ] GC(222) Weak Processing 0.341ms
[1861.798s][debug][gc,age         ] GC(222) Desired survivor size 4194304 bytes, new threshold 15 (max threshold 15)
[1861.798s][info ][gc,heap        ] GC(222) PSYoungGen: 2091264K(2092544K)->2864K(2093056K) Eden: 2088448K(2088448K)->0K(2088960K) From: 2816K(4096K)->2864K(4096K)
[1861.798s][info ][gc,heap        ] GC(222) ParOldGen: 393670K(430080K)->393686K(430080K)
[1861.798s][info ][gc,metaspace   ] GC(222) Metaspace: 85677K(86720K)->85677K(86720K) NonClass: 73297K(73856K)->73297K(73856K) Class: 12379K(12864K)->12379K(12864K)
[1861.798s][info ][gc             ] GC(222) Pause Young (Allocation Failure) 2426M->387M(2464M) 5.285ms
[1861.798s][info ][gc,cpu         ] GC(222) User=0.02s Sys=0.00s Real=0.01s
[1861.798s][info ][safepoint      ] Safepoint "ParallelGCFailedAllocation", Time since last: 7390132581 ns, Reaching safepoint: 4000 ns, Cleanup: 33100 ns, At safepoint: 5342208 ns, Total: 5379308 ns
[1869.799s][info ][safepoint      ] Safepoint "Cleanup", Time since last: 8000532011 ns, Reaching safepoint: 5000 ns, Cleanup: 34300 ns, At safepoint: 2500 ns, Total: 41800 ns
[1870.043s][info ][gc,start       ] GC(223) Pause Young (Allocation Failure)
[1870.048s][debug][gc,phases      ] GC(223) Scavenge 5.813ms
[1870.048s][debug][gc,ref         ] GC(223) Skipped phase 1 of Reference Processing: no references
[1870.049s][debug][gc,ref         ] GC(223) ReferenceProcessor::execute queues: 1, RefProcThreadModel::Single, marks_oops_alive: false
[1870.049s][debug][gc,ref         ] GC(223) Skipped phase 3 of Reference Processing: no references
[1870.049s][debug][gc,ref         ] GC(223) Skipped phase 4 of Reference Processing: no references
[1870.049s][debug][gc,phases      ] GC(223) Reference Processing 0.089ms
[1870.049s][debug][gc,phases      ] GC(223)   VM Weak                        Min:  0.0, Avg:  0.0, Max:  0.0, Diff:  0.0, Sum:  0.0, Workers: 4
[1870.049s][debug][gc,phases      ] GC(223)     Dead                           Min: 0, Avg:  0.0, Max: 0, Diff: 0, Sum: 0, Workers: 4
[1870.049s][debug][gc,phases      ] GC(223)     Total                          Min: 0, Avg: 217.0, Max: 484, Diff: 484, Sum: 868, Workers: 4
[1870.049s][debug][gc,phases      ] GC(223)   ObjectSynchronizer Weak        Min:  0.0, Avg:  0.0, Max:  0.0, Diff:  0.0, Sum:  0.0, Workers: 4
[1870.049s][debug][gc,phases      ] GC(223)     Dead                           Min: 0, Avg:  0.0, Max: 0, Diff: 0, Sum: 0, Workers: 4
[1870.049s][debug][gc,phases      ] GC(223)     Total                          Min: 0, Avg:  1.0, Max: 4, Diff: 4, Sum: 4, Workers: 4
[1870.049s][debug][gc,phases      ] GC(223)   JVMTI Tag Weak OopStorage      Min:  0.0, Avg:  0.0, Max:  0.0, Diff:  0.0, Sum:  0.0, Workers: 4
[1870.049s][debug][gc,phases      ] GC(223)     Dead                           Min: 0, Avg:  0.0, Max: 0, Diff: 0, Sum: 0, Workers: 4
[1870.049s][debug][gc,phases      ] GC(223)     Total                          Min: 0, Avg:  0.0, Max: 0, Diff: 0, Sum: 0, Workers: 4
[1870.049s][debug][gc,phases      ] GC(223)   StringTable Weak               Min:  0.0, Avg:  0.1, Max:  0.2, Diff:  0.2, Sum:  0.3, Workers: 4
[1870.049s][debug][gc,phases      ] GC(223)     Dead                           Min: 0, Avg:  0.0, Max: 0, Diff: 0, Sum: 0, Workers: 4
[1870.049s][debug][gc,phases      ] GC(223)     Total                          Min: 0, Avg: 11199.2, Max: 27647, Diff: 27647, Sum: 44797, Workers: 4
[1870.049s][debug][gc,phases      ] GC(223)   ResolvedMethodTable Weak       Min:  0.0, Avg:  0.0, Max:  0.0, Diff:  0.0, Sum:  0.1, Workers: 4
[1870.049s][debug][gc,phases      ] GC(223)     Dead                           Min: 0, Avg:  0.0, Max: 0, Diff: 0, Sum: 0, Workers: 4
[1870.049s][debug][gc,phases      ] GC(223)     Total                          Min: 0, Avg: 2635.5, Max: 6512, Diff: 6512, Sum: 10542, Workers: 4
[1870.049s][debug][gc,phases      ] GC(223)   JNI Weak                       Min:  0.0, Avg:  0.0, Max:  0.0, Diff:  0.0, Sum:  0.0, Workers: 4
[1870.049s][debug][gc,phases      ] GC(223)     Dead                           Min: 0, Avg:  0.0, Max: 0, Diff: 0, Sum: 0, Workers: 4
[1870.049s][debug][gc,phases      ] GC(223)     Total                          Min: 0, Avg: 11.2, Max: 45, Diff: 45, Sum: 45, Workers: 4
[1870.049s][debug][gc,phases      ] GC(223)   StringDedup Table Weak         Min:  0.0, Avg:  0.0, Max:  0.0, Diff:  0.0, Sum:  0.0, Workers: 4
[1870.049s][debug][gc,phases      ] GC(223)     Dead                           Min: 0, Avg:  0.0, Max: 0, Diff: 0, Sum: 0, Workers: 4
[1870.049s][debug][gc,phases      ] GC(223)     Total                          Min: 0, Avg:  0.0, Max: 0, Diff: 0, Sum: 0, Workers: 4
[1870.049s][debug][gc,phases      ] GC(223)   StringDedup Requests0 Weak     Min:  0.0, Avg:  0.0, Max:  0.0, Diff:  0.0, Sum:  0.0, Workers: 4
[1870.049s][debug][gc,phases      ] GC(223)     Dead                           Min: 0, Avg:  0.0, Max: 0, Diff: 0, Sum: 0, Workers: 4
[1870.049s][debug][gc,phases      ] GC(223)     Total                          Min: 0, Avg:  0.0, Max: 0, Diff: 0, Sum: 0, Workers: 4
[1870.049s][debug][gc,phases      ] GC(223)   StringDedup Requests1 Weak     Min:  0.0, Avg:  0.0, Max:  0.0, Diff:  0.0, Sum:  0.0, Workers: 4
[1870.049s][debug][gc,phases      ] GC(223)     Dead                           Min: 0, Avg:  0.0, Max: 0, Diff: 0, Sum: 0, Workers: 4
[1870.049s][debug][gc,phases      ] GC(223)     Total                          Min: 0, Avg:  0.0, Max: 0, Diff: 0, Sum: 0, Workers: 4
[1870.049s][debug][gc,phases      ] GC(223)   Weak JFR Old Object Samples    Min:  0.0, Avg:  0.0, Max:  0.0, Diff:  0.0, Sum:  0.0, Workers: 4
[1870.049s][debug][gc,phases      ] GC(223)     Dead                           Min: 0, Avg:  0.0, Max: 0, Diff: 0, Sum: 0, Workers: 4
[1870.049s][debug][gc,phases      ] GC(223)     Total                          Min: 0, Avg:  0.0, Max: 0, Diff: 0, Sum: 0, Workers: 4
[1870.049s][debug][gc,phases      ] GC(223) Weak Processing 0.369ms
[1870.049s][debug][gc,age         ] GC(223) Desired survivor size 4194304 bytes, new threshold 15 (max threshold 15)
[1870.049s][info ][gc,heap        ] GC(223) PSYoungGen: 2091824K(2093056K)->2848K(2093056K) Eden: 2088960K(2088960K)->0K(2088960K) From: 2864K(4096K)->2848K(4096K)
[1870.049s][info ][gc,heap        ] GC(223) ParOldGen: 393686K(430080K)->393718K(430080K)
[1870.049s][info ][gc,metaspace   ] GC(223) Metaspace: 85679K(86720K)->85679K(86720K) NonClass: 73299K(73856K)->73299K(73856K) Class: 12379K(12864K)->12379K(12864K)
[1870.049s][info ][gc             ] GC(223) Pause Young (Allocation Failure) 2427M->387M(2464M) 6.369ms
[1870.049s][info ][gc,cpu         ] GC(223) User=0.02s Sys=0.00s Real=0.00s
[1870.049s][info ][safepoint      ] Safepoint "ParallelGCFailedAllocation", Time since last: 243920424 ns, Reaching safepoint: 76000 ns, Cleanup: 18300 ns, At safepoint: 6435811 ns, Total: 6530111 ns
[1876.049s][info ][safepoint      ] Safepoint "Cleanup", Time since last: 6000345073 ns, Reaching safepoint: 3800 ns, Cleanup: 31800 ns, At safepoint: 26000 ns, Total: 61600 ns
[1878.693s][info ][gc,start       ] GC(224) Pause Young (Allocation Failure)
[1878.698s][debug][gc,phases      ] GC(224) Scavenge 5.103ms
[1878.698s][debug][gc,ref         ] GC(224) Skipped phase 1 of Reference Processing: no references
[1878.698s][debug][gc,ref         ] GC(224) ReferenceProcessor::execute queues: 1, RefProcThreadModel::Single, marks_oops_alive: false
[1878.698s][debug][gc,ref         ] GC(224) Skipped phase 3 of Reference Processing: no references
[1878.698s][debug][gc,ref         ] GC(224) Skipped phase 4 of Reference Processing: no references
[1878.698s][debug][gc,phases      ] GC(224) Reference Processing 0.102ms
[1878.699s][debug][gc,phases      ] GC(224)   VM Weak                        Min:  0.0, Avg:  0.0, Max:  0.0, Diff:  0.0, Sum:  0.0, Workers: 4
[1878.699s][debug][gc,phases      ] GC(224)     Dead                           Min: 0, Avg:  0.0, Max: 0, Diff: 0, Sum: 0, Workers: 4
[1878.699s][debug][gc,phases      ] GC(224)     Total                          Min: 0, Avg: 217.0, Max: 768, Diff: 768, Sum: 868, Workers: 4
[1878.699s][debug][gc,phases      ] GC(224)   ObjectSynchronizer Weak        Min:  0.0, Avg:  0.0, Max:  0.0, Diff:  0.0, Sum:  0.0, Workers: 4
[1878.699s][debug][gc,phases      ] GC(224)     Dead                           Min: 0, Avg:  0.0, Max: 0, Diff: 0, Sum: 0, Workers: 4
[1878.699s][debug][gc,phases      ] GC(224)     Total                          Min: 0, Avg:  1.0, Max: 4, Diff: 4, Sum: 4, Workers: 4
[1878.699s][debug][gc,phases      ] GC(224)   JVMTI Tag Weak OopStorage      Min:  0.0, Avg:  0.0, Max:  0.0, Diff:  0.0, Sum:  0.0, Workers: 4
[1878.699s][debug][gc,phases      ] GC(224)     Dead                           Min: 0, Avg:  0.0, Max: 0, Diff: 0, Sum: 0, Workers: 4
[1878.699s][debug][gc,phases      ] GC(224)     Total                          Min: 0, Avg:  0.0, Max: 0, Diff: 0, Sum: 0, Workers: 4
[1878.699s][debug][gc,phases      ] GC(224)   StringTable Weak               Min:  0.0, Avg:  0.1, Max:  0.2, Diff:  0.2, Sum:  0.3, Workers: 4
[1878.699s][debug][gc,phases      ] GC(224)     Dead                           Min: 0, Avg:  0.0, Max: 0, Diff: 0, Sum: 0, Workers: 4
[1878.699s][debug][gc,phases      ] GC(224)     Total                          Min: 0, Avg: 11199.2, Max: 27391, Diff: 27391, Sum: 44797, Workers: 4
[1878.699s][debug][gc,phases      ] GC(224)   ResolvedMethodTable Weak       Min:  0.0, Avg:  0.0, Max:  0.0, Diff:  0.0, Sum:  0.1, Workers: 4
[1878.699s][debug][gc,phases      ] GC(224)     Dead                           Min: 0, Avg:  0.0, Max: 0, Diff: 0, Sum: 0, Workers: 4
[1878.699s][debug][gc,phases      ] GC(224)     Total                          Min: 0, Avg: 2635.5, Max: 5296, Diff: 5296, Sum: 10542, Workers: 4
[1878.699s][debug][gc,phases      ] GC(224)   JNI Weak                       Min:  0.0, Avg:  0.0, Max:  0.0, Diff:  0.0, Sum:  0.0, Workers: 4
[1878.699s][debug][gc,phases      ] GC(224)     Dead                           Min: 0, Avg:  0.0, Max: 0, Diff: 0, Sum: 0, Workers: 4
[1878.699s][debug][gc,phases      ] GC(224)     Total                          Min: 0, Avg: 11.2, Max: 45, Diff: 45, Sum: 45, Workers: 4
[1878.699s][debug][gc,phases      ] GC(224)   StringDedup Table Weak         Min:  0.0, Avg:  0.0, Max:  0.0, Diff:  0.0, Sum:  0.0, Workers: 4
[1878.699s][debug][gc,phases      ] GC(224)     Dead                           Min: 0, Avg:  0.0, Max: 0, Diff: 0, Sum: 0, Workers: 4
[1878.699s][debug][gc,phases      ] GC(224)     Total                          Min: 0, Avg:  0.0, Max: 0, Diff: 0, Sum: 0, Workers: 4
[1878.699s][debug][gc,phases      ] GC(224)   StringDedup Requests0 Weak     Min:  0.0, Avg:  0.0, Max:  0.0, Diff:  0.0, Sum:  0.0, Workers: 4
[1878.699s][debug][gc,phases      ] GC(224)     Dead                           Min: 0, Avg:  0.0, Max: 0, Diff: 0, Sum: 0, Workers: 4
[1878.699s][debug][gc,phases      ] GC(224)     Total                          Min: 0, Avg:  0.0, Max: 0, Diff: 0, Sum: 0, Workers: 4
[1878.699s][debug][gc,phases      ] GC(224)   StringDedup Requests1 Weak     Min:  0.0, Avg:  0.0, Max:  0.0, Diff:  0.0, Sum:  0.0, Workers: 4
[1878.699s][debug][gc,phases      ] GC(224)     Dead                           Min: 0, Avg:  0.0, Max: 0, Diff: 0, Sum: 0, Workers: 4
[1878.699s][debug][gc,phases      ] GC(224)     Total                          Min: 0, Avg:  0.0, Max: 0, Diff: 0, Sum: 0, Workers: 4
[1878.699s][debug][gc,phases      ] GC(224)   Weak JFR Old Object Samples    Min:  0.0, Avg:  0.0, Max:  0.0, Diff:  0.0, Sum:  0.0, Workers: 4
[1878.699s][debug][gc,phases      ] GC(224)     Dead                           Min: 0, Avg:  0.0, Max: 0, Diff: 0, Sum: 0, Workers: 4
[1878.699s][debug][gc,phases      ] GC(224)     Total                          Min: 0, Avg:  0.0, Max: 0, Diff: 0, Sum: 0, Workers: 4
[1878.699s][debug][gc,phases      ] GC(224) Weak Processing 0.380ms
[1878.699s][debug][gc,age         ] GC(224) Desired survivor size 4194304 bytes, new threshold 15 (max threshold 15)
[1878.699s][info ][gc,heap        ] GC(224) PSYoungGen: 2091808K(2093056K)->2864K(2093056K) Eden: 2088960K(2088960K)->0K(2088960K) From: 2848K(4096K)->2864K(4096K)
[1878.699s][info ][gc,heap        ] GC(224) ParOldGen: 393718K(430080K)->393726K(430080K)
[1878.699s][info ][gc,metaspace   ] GC(224) Metaspace: 85679K(86720K)->85679K(86720K) NonClass: 73300K(73856K)->73300K(73856K) Class: 12379K(12864K)->12379K(12864K)
[1878.699s][info ][gc             ] GC(224) Pause Young (Allocation Failure) 2427M->387M(2464M) 5.699ms
[1878.699s][info ][gc,cpu         ] GC(224) User=0.01s Sys=0.00s Real=0.01s
[1878.699s][info ][safepoint      ] Safepoint "ParallelGCFailedAllocation", Time since last: 2643552209 ns, Reaching safepoint: 76800 ns, Cleanup: 31800 ns, At safepoint: 5763010 ns, Total: 5871610 ns
[1887.694s][info ][gc,start       ] GC(225) Pause Young (Allocation Failure)
[1887.701s][debug][gc,phases      ] GC(225) Scavenge 7.763ms
[1887.701s][debug][gc,ref         ] GC(225) Skipped phase 1 of Reference Processing: no references
[1887.702s][debug][gc,ref         ] GC(225) ReferenceProcessor::execute queues: 1, RefProcThreadModel::Single, marks_oops_alive: false
[1887.702s][debug][gc,ref         ] GC(225) Skipped phase 3 of Reference Processing: no references
[1887.702s][debug][gc,ref         ] GC(225) Skipped phase 4 of Reference Processing: no references
[1887.702s][debug][gc,phases      ] GC(225) Reference Processing 0.123ms
[1887.702s][debug][gc,phases      ] GC(225)   VM Weak                        Min:  0.0, Avg:  0.0, Max:  0.0, Diff:  0.0, Sum:  0.0, Workers: 4
[1887.702s][debug][gc,phases      ] GC(225)     Dead                           Min: 0, Avg:  0.0, Max: 0, Diff: 0, Sum: 0, Workers: 4
[1887.702s][debug][gc,phases      ] GC(225)     Total                          Min: 0, Avg: 217.0, Max: 740, Diff: 740, Sum: 868, Workers: 4
[1887.702s][debug][gc,phases      ] GC(225)   ObjectSynchronizer Weak        Min:  0.0, Avg:  0.0, Max:  0.0, Diff:  0.0, Sum:  0.0, Workers: 4
[1887.702s][debug][gc,phases      ] GC(225)     Dead                           Min: 0, Avg:  0.0, Max: 0, Diff: 0, Sum: 0, Workers: 4
[1887.702s][debug][gc,phases      ] GC(225)     Total                          Min: 0, Avg:  1.0, Max: 4, Diff: 4, Sum: 4, Workers: 4
[1887.702s][debug][gc,phases      ] GC(225)   JVMTI Tag Weak OopStorage      Min:  0.0, Avg:  0.0, Max:  0.0, Diff:  0.0, Sum:  0.0, Workers: 4
[1887.702s][debug][gc,phases      ] GC(225)     Dead                           Min: 0, Avg:  0.0, Max: 0, Diff: 0, Sum: 0, Workers: 4
[1887.702s][debug][gc,phases      ] GC(225)     Total                          Min: 0, Avg:  0.0, Max: 0, Diff: 0, Sum: 0, Workers: 4
[1887.702s][debug][gc,phases      ] GC(225)   StringTable Weak               Min:  0.0, Avg:  0.1, Max:  0.2, Diff:  0.2, Sum:  0.4, Workers: 4
[1887.702s][debug][gc,phases      ] GC(225)     Dead                           Min: 0, Avg:  0.0, Max: 0, Diff: 0, Sum: 0, Workers: 4
[1887.702s][debug][gc,phases      ] GC(225)     Total                          Min: 0, Avg: 11199.2, Max: 23359, Diff: 23359, Sum: 44797, Workers: 4
[1887.702s][debug][gc,phases      ] GC(225)   ResolvedMethodTable Weak       Min:  0.0, Avg:  0.0, Max:  0.0, Diff:  0.0, Sum:  0.1, Workers: 4
[1887.702s][debug][gc,phases      ] GC(225)     Dead                           Min: 0, Avg:  0.0, Max: 0, Diff: 0, Sum: 0, Workers: 4
[1887.702s][debug][gc,phases      ] GC(225)     Total                          Min: 0, Avg: 2635.5, Max: 5376, Diff: 5376, Sum: 10542, Workers: 4
[1887.702s][debug][gc,phases      ] GC(225)   JNI Weak                       Min:  0.0, Avg:  0.0, Max:  0.0, Diff:  0.0, Sum:  0.0, Workers: 4
[1887.702s][debug][gc,phases      ] GC(225)     Dead                           Min: 0, Avg:  0.0, Max: 0, Diff: 0, Sum: 0, Workers: 4
[1887.702s][debug][gc,phases      ] GC(225)     Total                          Min: 0, Avg: 11.2, Max: 45, Diff: 45, Sum: 45, Workers: 4
[1887.702s][debug][gc,phases      ] GC(225)   StringDedup Table Weak         Min:  0.0, Avg:  0.0, Max:  0.0, Diff:  0.0, Sum:  0.0, Workers: 4
[1887.702s][debug][gc,phases      ] GC(225)     Dead                           Min: 0, Avg:  0.0, Max: 0, Diff: 0, Sum: 0, Workers: 4
[1887.702s][debug][gc,phases      ] GC(225)     Total                          Min: 0, Avg:  0.0, Max: 0, Diff: 0, Sum: 0, Workers: 4
[1887.702s][debug][gc,phases      ] GC(225)   StringDedup Requests0 Weak     Min:  0.0, Avg:  0.0, Max:  0.0, Diff:  0.0, Sum:  0.0, Workers: 4
[1887.702s][debug][gc,phases      ] GC(225)     Dead                           Min: 0, Avg:  0.0, Max: 0, Diff: 0, Sum: 0, Workers: 4
[1887.702s][debug][gc,phases      ] GC(225)     Total                          Min: 0, Avg:  0.0, Max: 0, Diff: 0, Sum: 0, Workers: 4
[1887.702s][debug][gc,phases      ] GC(225)   StringDedup Requests1 Weak     Min:  0.0, Avg:  0.0, Max:  0.0, Diff:  0.0, Sum:  0.0, Workers: 4
[1887.702s][debug][gc,phases      ] GC(225)     Dead                           Min: 0, Avg:  0.0, Max: 0, Diff: 0, Sum: 0, Workers: 4
[1887.702s][debug][gc,phases      ] GC(225)     Total                          Min: 0, Avg:  0.0, Max: 0, Diff: 0, Sum: 0, Workers: 4
[1887.702s][debug][gc,phases      ] GC(225)   Weak JFR Old Object Samples    Min:  0.0, Avg:  0.0, Max:  0.0, Diff:  0.0, Sum:  0.0, Workers: 4
[1887.702s][debug][gc,phases      ] GC(225)     Dead                           Min: 0, Avg:  0.0, Max: 0, Diff: 0, Sum: 0, Workers: 4
[1887.702s][debug][gc,phases      ] GC(225)     Total                          Min: 0, Avg:  0.0, Max: 0, Diff: 0, Sum: 0, Workers: 4
[1887.702s][debug][gc,phases      ] GC(225) Weak Processing 0.525ms
[1887.702s][debug][gc,age         ] GC(225) Desired survivor size 4194304 bytes, new threshold 15 (max threshold 15)
[1887.702s][info ][gc,heap        ] GC(225) PSYoungGen: 2091824K(2093056K)->2848K(2093056K) Eden: 2088960K(2088960K)->0K(2088960K) From: 2864K(4096K)->2848K(4096K)
[1887.702s][info ][gc,heap        ] GC(225) ParOldGen: 393726K(430080K)->393734K(430080K)
[1887.702s][info ][gc,metaspace   ] GC(225) Metaspace: 85679K(86720K)->85679K(86720K) NonClass: 73300K(73856K)->73300K(73856K) Class: 12379K(12864K)->12379K(12864K)
[1887.702s][info ][gc             ] GC(225) Pause Young (Allocation Failure) 2427M->387M(2464M) 8.551ms
[1887.702s][info ][gc,cpu         ] GC(225) User=0.02s Sys=0.00s Real=0.01s
[1887.702s][info ][safepoint      ] Safepoint "ParallelGCFailedAllocation", Time since last: 8994699027 ns, Reaching safepoint: 73300 ns, Cleanup: 20400 ns, At safepoint: 8634915 ns, Total: 8728615 ns
[1899.645s][info ][gc,start       ] GC(226) Pause Young (Allocation Failure)
[1899.652s][debug][gc,phases      ] GC(226) Scavenge 7.164ms
[1899.652s][debug][gc,ref         ] GC(226) Skipped phase 1 of Reference Processing: no references
[1899.652s][debug][gc,ref         ] GC(226) ReferenceProcessor::execute queues: 1, RefProcThreadModel::Single, marks_oops_alive: false
[1899.652s][debug][gc,ref         ] GC(226) Skipped phase 3 of Reference Processing: no references
[1899.652s][debug][gc,ref         ] GC(226) Skipped phase 4 of Reference Processing: no references
[1899.652s][debug][gc,phases      ] GC(226) Reference Processing 0.097ms
[1899.652s][debug][gc,phases      ] GC(226)   VM Weak                        Min:  0.0, Avg:  0.0, Max:  0.0, Diff:  0.0, Sum:  0.0, Workers: 4
[1899.652s][debug][gc,phases      ] GC(226)     Dead                           Min: 0, Avg:  0.0, Max: 0, Diff: 0, Sum: 0, Workers: 4
[1899.652s][debug][gc,phases      ] GC(226)     Total                          Min: 0, Avg: 217.0, Max: 548, Diff: 548, Sum: 868, Workers: 4
[1899.652s][debug][gc,phases      ] GC(226)   ObjectSynchronizer Weak        Min:  0.0, Avg:  0.0, Max:  0.0, Diff:  0.0, Sum:  0.0, Workers: 4
[1899.652s][debug][gc,phases      ] GC(226)     Dead                           Min: 0, Avg:  0.0, Max: 0, Diff: 0, Sum: 0, Workers: 4
[1899.652s][debug][gc,phases      ] GC(226)     Total                          Min: 0, Avg:  1.0, Max: 4, Diff: 4, Sum: 4, Workers: 4
[1899.652s][debug][gc,phases      ] GC(226)   JVMTI Tag Weak OopStorage      Min:  0.0, Avg:  0.0, Max:  0.0, Diff:  0.0, Sum:  0.0, Workers: 4
[1899.652s][debug][gc,phases      ] GC(226)     Dead                           Min: 0, Avg:  0.0, Max: 0, Diff: 0, Sum: 0, Workers: 4
[1899.652s][debug][gc,phases      ] GC(226)     Total                          Min: 0, Avg:  0.0, Max: 0, Diff: 0, Sum: 0, Workers: 4
[1899.652s][debug][gc,phases      ] GC(226)   StringTable Weak               Min:  0.0, Avg:  0.1, Max:  0.2, Diff:  0.2, Sum:  0.3, Workers: 4
[1899.652s][debug][gc,phases      ] GC(226)     Dead                           Min: 0, Avg:  0.0, Max: 0, Diff: 0, Sum: 0, Workers: 4
[1899.652s][debug][gc,phases      ] GC(226)     Total                          Min: 0, Avg: 11199.2, Max: 27838, Diff: 27838, Sum: 44797, Workers: 4
[1899.652s][debug][gc,phases      ] GC(226)   ResolvedMethodTable Weak       Min:  0.0, Avg:  0.0, Max:  0.0, Diff:  0.0, Sum:  0.1, Workers: 4
[1899.652s][debug][gc,phases      ] GC(226)     Dead                           Min: 0, Avg:  0.0, Max: 0, Diff: 0, Sum: 0, Workers: 4
[1899.652s][debug][gc,phases      ] GC(226)     Total                          Min: 0, Avg: 2635.5, Max: 6528, Diff: 6528, Sum: 10542, Workers: 4
[1899.652s][debug][gc,phases      ] GC(226)   JNI Weak                       Min:  0.0, Avg:  0.0, Max:  0.0, Diff:  0.0, Sum:  0.0, Workers: 4
[1899.652s][debug][gc,phases      ] GC(226)     Dead                           Min: 0, Avg:  0.0, Max: 0, Diff: 0, Sum: 0, Workers: 4
[1899.652s][debug][gc,phases      ] GC(226)     Total                          Min: 0, Avg: 11.2, Max: 45, Diff: 45, Sum: 45, Workers: 4
[1899.652s][debug][gc,phases      ] GC(226)   StringDedup Table Weak         Min:  0.0, Avg:  0.0, Max:  0.0, Diff:  0.0, Sum:  0.0, Workers: 4
[1899.652s][debug][gc,phases      ] GC(226)     Dead                           Min: 0, Avg:  0.0, Max: 0, Diff: 0, Sum: 0, Workers: 4
[1899.652s][debug][gc,phases      ] GC(226)     Total                          Min: 0, Avg:  0.0, Max: 0, Diff: 0, Sum: 0, Workers: 4
[1899.652s][debug][gc,phases      ] GC(226)   StringDedup Requests0 Weak     Min:  0.0, Avg:  0.0, Max:  0.0, Diff:  0.0, Sum:  0.0, Workers: 4
[1899.652s][debug][gc,phases      ] GC(226)     Dead                           Min: 0, Avg:  0.0, Max: 0, Diff: 0, Sum: 0, Workers: 4
[1899.652s][debug][gc,phases      ] GC(226)     Total                          Min: 0, Avg:  0.0, Max: 0, Diff: 0, Sum: 0, Workers: 4
[1899.652s][debug][gc,phases      ] GC(226)   StringDedup Requests1 Weak     Min:  0.0, Avg:  0.0, Max:  0.0, Diff:  0.0, Sum:  0.0, Workers: 4
[1899.652s][debug][gc,phases      ] GC(226)     Dead                           Min: 0, Avg:  0.0, Max: 0, Diff: 0, Sum: 0, Workers: 4
[1899.652s][debug][gc,phases      ] GC(226)     Total                          Min: 0, Avg:  0.0, Max: 0, Diff: 0, Sum: 0, Workers: 4
[1899.652s][debug][gc,phases      ] GC(226)   Weak JFR Old Object Samples    Min:  0.0, Avg:  0.0, Max:  0.0, Diff:  0.0, Sum:  0.0, Workers: 4
[1899.652s][debug][gc,phases      ] GC(226)     Dead                           Min: 0, Avg:  0.0, Max: 0, Diff: 0, Sum: 0, Workers: 4
[1899.652s][debug][gc,phases      ] GC(226)     Total                          Min: 0, Avg:  0.0, Max: 0, Diff: 0, Sum: 0, Workers: 4
[1899.652s][debug][gc,phases      ] GC(226) Weak Processing 0.372ms
[1899.652s][debug][gc,age         ] GC(226) Desired survivor size 4194304 bytes, new threshold 15 (max threshold 15)
[1899.652s][info ][gc,heap        ] GC(226) PSYoungGen: 2091808K(2093056K)->2816K(2093056K) Eden: 2088960K(2088960K)->0K(2088960K) From: 2848K(4096K)->2816K(4096K)
[1899.652s][info ][gc,heap        ] GC(226) ParOldGen: 393734K(430080K)->393782K(430080K)
[1899.652s][info ][gc,metaspace   ] GC(226) Metaspace: 85679K(86720K)->85679K(86720K) NonClass: 73300K(73856K)->73300K(73856K) Class: 12379K(12864K)->12379K(12864K)
[1899.652s][info ][gc             ] GC(226) Pause Young (Allocation Failure) 2427M->387M(2464M) 7.741ms
[1899.652s][info ][gc,cpu         ] GC(226) User=0.02s Sys=0.00s Real=0.00s
[1899.653s][info ][safepoint      ] Safepoint "ParallelGCFailedAllocation", Time since last: 11942417120 ns, Reaching safepoint: 4100 ns, Cleanup: 34700 ns, At safepoint: 7833213 ns, Total: 7872013 ns
[1906.994s][info ][gc,start       ] GC(227) Pause Young (Allocation Failure)
[1906.999s][debug][gc,phases      ] GC(227) Scavenge 5.096ms
[1906.999s][debug][gc,ref         ] GC(227) Skipped phase 1 of Reference Processing: no references
[1906.999s][debug][gc,ref         ] GC(227) ReferenceProcessor::execute queues: 1, RefProcThreadModel::Single, marks_oops_alive: false
[1906.999s][debug][gc,ref         ] GC(227) Skipped phase 3 of Reference Processing: no references
[1906.999s][debug][gc,ref         ] GC(227) Skipped phase 4 of Reference Processing: no references
[1906.999s][debug][gc,phases      ] GC(227) Reference Processing 0.089ms
[1906.999s][debug][gc,phases      ] GC(227)   VM Weak                        Min:  0.0, Avg:  0.0, Max:  0.0, Diff:  0.0, Sum:  0.0, Workers: 4
[1906.999s][debug][gc,phases      ] GC(227)     Dead                           Min: 0, Avg:  0.0, Max: 0, Diff: 0, Sum: 0, Workers: 4
[1906.999s][debug][gc,phases      ] GC(227)     Total                          Min: 0, Avg: 217.0, Max: 512, Diff: 512, Sum: 868, Workers: 4
[1906.999s][debug][gc,phases      ] GC(227)   ObjectSynchronizer Weak        Min:  0.0, Avg:  0.0, Max:  0.0, Diff:  0.0, Sum:  0.0, Workers: 4
[1906.999s][debug][gc,phases      ] GC(227)     Dead                           Min: 0, Avg:  0.0, Max: 0, Diff: 0, Sum: 0, Workers: 4
[1906.999s][debug][gc,phases      ] GC(227)     Total                          Min: 0, Avg:  1.0, Max: 4, Diff: 4, Sum: 4, Workers: 4
[1906.999s][debug][gc,phases      ] GC(227)   JVMTI Tag Weak OopStorage      Min:  0.0, Avg:  0.0, Max:  0.0, Diff:  0.0, Sum:  0.0, Workers: 4
[1906.999s][debug][gc,phases      ] GC(227)     Dead                           Min: 0, Avg:  0.0, Max: 0, Diff: 0, Sum: 0, Workers: 4
[1906.999s][debug][gc,phases      ] GC(227)     Total                          Min: 0, Avg:  0.0, Max: 0, Diff: 0, Sum: 0, Workers: 4
[1906.999s][debug][gc,phases      ] GC(227)   StringTable Weak               Min:  0.0, Avg:  0.1, Max:  0.2, Diff:  0.2, Sum:  0.3, Workers: 4
[1906.999s][debug][gc,phases      ] GC(227)     Dead                           Min: 0, Avg:  0.0, Max: 0, Diff: 0, Sum: 0, Workers: 4
[1906.999s][debug][gc,phases      ] GC(227)     Total                          Min: 0, Avg: 11199.2, Max: 27839, Diff: 27839, Sum: 44797, Workers: 4
[1906.999s][debug][gc,phases      ] GC(227)   ResolvedMethodTable Weak       Min:  0.0, Avg:  0.0, Max:  0.0, Diff:  0.0, Sum:  0.1, Workers: 4
[1906.999s][debug][gc,phases      ] GC(227)     Dead                           Min: 0, Avg:  0.0, Max: 0, Diff: 0, Sum: 0, Workers: 4
[1907.000s][debug][gc,phases      ] GC(227)     Total                          Min: 0, Avg: 2635.5, Max: 6576, Diff: 6576, Sum: 10542, Workers: 4
[1907.000s][debug][gc,phases      ] GC(227)   JNI Weak                       Min:  0.0, Avg:  0.0, Max:  0.0, Diff:  0.0, Sum:  0.0, Workers: 4
[1907.000s][debug][gc,phases      ] GC(227)     Dead                           Min: 0, Avg:  0.0, Max: 0, Diff: 0, Sum: 0, Workers: 4
[1907.000s][debug][gc,phases      ] GC(227)     Total                          Min: 0, Avg: 11.2, Max: 45, Diff: 45, Sum: 45, Workers: 4
[1907.000s][debug][gc,phases      ] GC(227)   StringDedup Table Weak         Min:  0.0, Avg:  0.0, Max:  0.0, Diff:  0.0, Sum:  0.0, Workers: 4
[1907.000s][debug][gc,phases      ] GC(227)     Dead                           Min: 0, Avg:  0.0, Max: 0, Diff: 0, Sum: 0, Workers: 4
[1907.000s][debug][gc,phases      ] GC(227)     Total                          Min: 0, Avg:  0.0, Max: 0, Diff: 0, Sum: 0, Workers: 4
[1907.000s][debug][gc,phases      ] GC(227)   StringDedup Requests0 Weak     Min:  0.0, Avg:  0.0, Max:  0.0, Diff:  0.0, Sum:  0.0, Workers: 4
[1907.000s][debug][gc,phases      ] GC(227)     Dead                           Min: 0, Avg:  0.0, Max: 0, Diff: 0, Sum: 0, Workers: 4
[1907.000s][debug][gc,phases      ] GC(227)     Total                          Min: 0, Avg:  0.0, Max: 0, Diff: 0, Sum: 0, Workers: 4
[1907.000s][debug][gc,phases      ] GC(227)   StringDedup Requests1 Weak     Min:  0.0, Avg:  0.0, Max:  0.0, Diff:  0.0, Sum:  0.0, Workers: 4
[1907.000s][debug][gc,phases      ] GC(227)     Dead                           Min: 0, Avg:  0.0, Max: 0, Diff: 0, Sum: 0, Workers: 4
[1907.000s][debug][gc,phases      ] GC(227)     Total                          Min: 0, Avg:  0.0, Max: 0, Diff: 0, Sum: 0, Workers: 4
[1907.000s][debug][gc,phases      ] GC(227)   Weak JFR Old Object Samples    Min:  0.0, Avg:  0.0, Max:  0.0, Diff:  0.0, Sum:  0.0, Workers: 4
[1907.000s][debug][gc,phases      ] GC(227)     Dead                           Min: 0, Avg:  0.0, Max: 0, Diff: 0, Sum: 0, Workers: 4
[1907.000s][debug][gc,phases      ] GC(227)     Total                          Min: 0, Avg:  0.0, Max: 0, Diff: 0, Sum: 0, Workers: 4
[1907.000s][debug][gc,phases      ] GC(227) Weak Processing 0.367ms
[1907.000s][debug][gc,age         ] GC(227) Desired survivor size 4194304 bytes, new threshold 15 (max threshold 15)
[1907.000s][info ][gc,heap        ] GC(227) PSYoungGen: 2091776K(2093056K)->2736K(2093056K) Eden: 2088960K(2088960K)->0K(2088960K) From: 2816K(4096K)->2736K(4096K)
[1907.000s][info ][gc,heap        ] GC(227) ParOldGen: 393782K(430080K)->393798K(430080K)
[1907.000s][info ][gc,metaspace   ] GC(227) Metaspace: 85679K(86720K)->85679K(86720K) NonClass: 73300K(73856K)->73300K(73856K) Class: 12379K(12864K)->12379K(12864K)
[1907.000s][info ][gc             ] GC(227) Pause Young (Allocation Failure) 2427M->387M(2464M) 5.653ms
[1907.000s][info ][gc,cpu         ] GC(227) User=0.02s Sys=0.00s Real=0.00s
[1907.000s][info ][safepoint      ] Safepoint "ParallelGCFailedAllocation", Time since last: 7341284741 ns, Reaching safepoint: 77300 ns, Cleanup: 20100 ns, At safepoint: 5740303 ns, Total: 5837703 ns
[1912.000s][info ][safepoint      ] Safepoint "Cleanup", Time since last: 5000352136 ns, Reaching safepoint: 4200 ns, Cleanup: 31700 ns, At safepoint: 2200 ns, Total: 38100 ns
[1914.395s][info ][gc,start       ] GC(228) Pause Young (Allocation Failure)
[1914.401s][debug][gc,phases      ] GC(228) Scavenge 5.734ms
[1914.401s][debug][gc,ref         ] GC(228) Skipped phase 1 of Reference Processing: no references
[1914.401s][debug][gc,ref         ] GC(228) ReferenceProcessor::execute queues: 1, RefProcThreadModel::Single, marks_oops_alive: false
[1914.401s][debug][gc,ref         ] GC(228) Skipped phase 3 of Reference Processing: no references
[1914.401s][debug][gc,ref         ] GC(228) Skipped phase 4 of Reference Processing: no references
[1914.401s][debug][gc,phases      ] GC(228) Reference Processing 0.093ms
[1914.402s][debug][gc,phases      ] GC(228)   VM Weak                        Min:  0.0, Avg:  0.0, Max:  0.0, Diff:  0.0, Sum:  0.0, Workers: 4
[1914.402s][debug][gc,phases      ] GC(228)     Dead                           Min: 0, Avg:  0.0, Max: 0, Diff: 0, Sum: 0, Workers: 4
[1914.402s][debug][gc,phases      ] GC(228)     Total                          Min: 0, Avg: 217.0, Max: 512, Diff: 512, Sum: 868, Workers: 4
[1914.402s][debug][gc,phases      ] GC(228)   ObjectSynchronizer Weak        Min:  0.0, Avg:  0.0, Max:  0.0, Diff:  0.0, Sum:  0.0, Workers: 4
[1914.402s][debug][gc,phases      ] GC(228)     Dead                           Min: 0, Avg:  0.0, Max: 0, Diff: 0, Sum: 0, Workers: 4
[1914.402s][debug][gc,phases      ] GC(228)     Total                          Min: 0, Avg:  1.0, Max: 4, Diff: 4, Sum: 4, Workers: 4
[1914.402s][debug][gc,phases      ] GC(228)   JVMTI Tag Weak OopStorage      Min:  0.0, Avg:  0.0, Max:  0.0, Diff:  0.0, Sum:  0.0, Workers: 4
[1914.402s][debug][gc,phases      ] GC(228)     Dead                           Min: 0, Avg:  0.0, Max: 0, Diff: 0, Sum: 0, Workers: 4
[1914.402s][debug][gc,phases      ] GC(228)     Total                          Min: 0, Avg:  0.0, Max: 0, Diff: 0, Sum: 0, Workers: 4
[1914.402s][debug][gc,phases      ] GC(228)   StringTable Weak               Min:  0.0, Avg:  0.1, Max:  0.2, Diff:  0.2, Sum:  0.4, Workers: 4
[1914.402s][debug][gc,phases      ] GC(228)     Dead                           Min: 0, Avg:  0.0, Max: 0, Diff: 0, Sum: 0, Workers: 4
[1914.402s][debug][gc,phases      ] GC(228)     Total                          Min: 0, Avg: 11199.2, Max: 22717, Diff: 22717, Sum: 44797, Workers: 4
[1914.402s][debug][gc,phases      ] GC(228)   ResolvedMethodTable Weak       Min:  0.0, Avg:  0.0, Max:  0.0, Diff:  0.0, Sum:  0.1, Workers: 4
[1914.402s][debug][gc,phases      ] GC(228)     Dead                           Min: 0, Avg:  0.0, Max: 0, Diff: 0, Sum: 0, Workers: 4
[1914.402s][debug][gc,phases      ] GC(228)     Total                          Min: 0, Avg: 2635.5, Max: 5360, Diff: 5360, Sum: 10542, Workers: 4
[1914.402s][debug][gc,phases      ] GC(228)   JNI Weak                       Min:  0.0, Avg:  0.0, Max:  0.0, Diff:  0.0, Sum:  0.0, Workers: 4
[1914.402s][debug][gc,phases      ] GC(228)     Dead                           Min: 0, Avg:  0.0, Max: 0, Diff: 0, Sum: 0, Workers: 4
[1914.402s][debug][gc,phases      ] GC(228)     Total                          Min: 0, Avg: 11.2, Max: 45, Diff: 45, Sum: 45, Workers: 4
[1914.402s][debug][gc,phases      ] GC(228)   StringDedup Table Weak         Min:  0.0, Avg:  0.0, Max:  0.0, Diff:  0.0, Sum:  0.0, Workers: 4
[1914.402s][debug][gc,phases      ] GC(228)     Dead                           Min: 0, Avg:  0.0, Max: 0, Diff: 0, Sum: 0, Workers: 4
[1914.402s][debug][gc,phases      ] GC(228)     Total                          Min: 0, Avg:  0.0, Max: 0, Diff: 0, Sum: 0, Workers: 4
[1914.402s][debug][gc,phases      ] GC(228)   StringDedup Requests0 Weak     Min:  0.0, Avg:  0.0, Max:  0.0, Diff:  0.0, Sum:  0.0, Workers: 4
[1914.402s][debug][gc,phases      ] GC(228)     Dead                           Min: 0, Avg:  0.0, Max: 0, Diff: 0, Sum: 0, Workers: 4
[1914.402s][debug][gc,phases      ] GC(228)     Total                          Min: 0, Avg:  0.0, Max: 0, Diff: 0, Sum: 0, Workers: 4
[1914.402s][debug][gc,phases      ] GC(228)   StringDedup Requests1 Weak     Min:  0.0, Avg:  0.0, Max:  0.0, Diff:  0.0, Sum:  0.0, Workers: 4
[1914.402s][debug][gc,phases      ] GC(228)     Dead                           Min: 0, Avg:  0.0, Max: 0, Diff: 0, Sum: 0, Workers: 4
[1914.402s][debug][gc,phases      ] GC(228)     Total                          Min: 0, Avg:  0.0, Max: 0, Diff: 0, Sum: 0, Workers: 4
[1914.402s][debug][gc,phases      ] GC(228)   Weak JFR Old Object Samples    Min:  0.0, Avg:  0.0, Max:  0.0, Diff:  0.0, Sum:  0.0, Workers: 4
[1914.402s][debug][gc,phases      ] GC(228)     Dead                           Min: 0, Avg:  0.0, Max: 0, Diff: 0, Sum: 0, Workers: 4
[1914.402s][debug][gc,phases      ] GC(228)     Total                          Min: 0, Avg:  0.0, Max: 0, Diff: 0, Sum: 0, Workers: 4
[1914.402s][debug][gc,phases      ] GC(228) Weak Processing 0.522ms
[1914.402s][debug][gc,age         ] GC(228) Desired survivor size 4194304 bytes, new threshold 15 (max threshold 15)
[1914.402s][info ][gc,heap        ] GC(228) PSYoungGen: 2091696K(2093056K)->2752K(2093056K) Eden: 2088960K(2088960K)->0K(2088960K) From: 2736K(4096K)->2752K(4096K)
[1914.402s][info ][gc,heap        ] GC(228) ParOldGen: 393798K(430080K)->393854K(430080K)
[1914.402s][info ][gc,metaspace   ] GC(228) Metaspace: 85680K(86720K)->85680K(86720K) NonClass: 73301K(73856K)->73301K(73856K) Class: 12379K(12864K)->12379K(12864K)
[1914.402s][info ][gc             ] GC(228) Pause Young (Allocation Failure) 2427M->387M(2464M) 6.477ms
[1914.402s][info ][gc,cpu         ] GC(228) User=0.02s Sys=0.00s Real=0.01s
[1914.402s][info ][safepoint      ] Safepoint "ParallelGCFailedAllocation", Time since last: 2395212438 ns, Reaching safepoint: 71900 ns, Cleanup: 19900 ns, At safepoint: 6569008 ns, Total: 6660808 ns
[1918.402s][info ][safepoint      ] Safepoint "Cleanup", Time since last: 4000269695 ns, Reaching safepoint: 5300 ns, Cleanup: 31400 ns, At safepoint: 2600 ns, Total: 39300 ns
[1921.938s][info ][gc,start       ] GC(229) Pause Young (Allocation Failure)
[1921.943s][debug][gc,phases      ] GC(229) Scavenge 4.979ms
[1921.943s][debug][gc,ref         ] GC(229) Skipped phase 1 of Reference Processing: no references
[1921.943s][debug][gc,ref         ] GC(229) ReferenceProcessor::execute queues: 1, RefProcThreadModel::Single, marks_oops_alive: false
[1921.943s][debug][gc,ref         ] GC(229) Skipped phase 3 of Reference Processing: no references
[1921.943s][debug][gc,ref         ] GC(229) Skipped phase 4 of Reference Processing: no references
[1921.943s][debug][gc,phases      ] GC(229) Reference Processing 0.087ms
[1921.943s][debug][gc,phases      ] GC(229)   VM Weak                        Min:  0.0, Avg:  0.0, Max:  0.0, Diff:  0.0, Sum:  0.0, Workers: 4
[1921.943s][debug][gc,phases      ] GC(229)     Dead                           Min: 0, Avg:  0.0, Max: 0, Diff: 0, Sum: 0, Workers: 4
[1921.943s][debug][gc,phases      ] GC(229)     Total                          Min: 0, Avg: 217.0, Max: 512, Diff: 512, Sum: 868, Workers: 4
[1921.943s][debug][gc,phases      ] GC(229)   ObjectSynchronizer Weak        Min:  0.0, Avg:  0.0, Max:  0.0, Diff:  0.0, Sum:  0.0, Workers: 4
[1921.943s][debug][gc,phases      ] GC(229)     Dead                           Min: 0, Avg:  0.0, Max: 0, Diff: 0, Sum: 0, Workers: 4
[1921.943s][debug][gc,phases      ] GC(229)     Total                          Min: 0, Avg:  0.8, Max: 3, Diff: 3, Sum: 3, Workers: 4
[1921.943s][debug][gc,phases      ] GC(229)   JVMTI Tag Weak OopStorage      Min:  0.0, Avg:  0.0, Max:  0.0, Diff:  0.0, Sum:  0.0, Workers: 4
[1921.943s][debug][gc,phases      ] GC(229)     Dead                           Min: 0, Avg:  0.0, Max: 0, Diff: 0, Sum: 0, Workers: 4
[1921.943s][debug][gc,phases      ] GC(229)     Total                          Min: 0, Avg:  0.0, Max: 0, Diff: 0, Sum: 0, Workers: 4
[1921.943s][debug][gc,phases      ] GC(229)   StringTable Weak               Min:  0.0, Avg:  0.1, Max:  0.1, Diff:  0.1, Sum:  0.4, Workers: 4
[1921.943s][debug][gc,phases      ] GC(229)     Dead                           Min: 0, Avg:  0.0, Max: 0, Diff: 0, Sum: 0, Workers: 4
[1921.943s][debug][gc,phases      ] GC(229)     Total                          Min: 0, Avg: 11199.2, Max: 18495, Diff: 18495, Sum: 44797, Workers: 4
[1921.943s][debug][gc,phases      ] GC(229)   ResolvedMethodTable Weak       Min:  0.0, Avg:  0.0, Max:  0.0, Diff:  0.0, Sum:  0.1, Workers: 4
[1921.943s][debug][gc,phases      ] GC(229)     Dead                           Min: 0, Avg:  0.0, Max: 0, Diff: 0, Sum: 0, Workers: 4
[1921.943s][debug][gc,phases      ] GC(229)     Total                          Min: 0, Avg: 2635.5, Max: 4656, Diff: 4656, Sum: 10542, Workers: 4
[1921.943s][debug][gc,phases      ] GC(229)   JNI Weak                       Min:  0.0, Avg:  0.0, Max:  0.0, Diff:  0.0, Sum:  0.0, Workers: 4
[1921.943s][debug][gc,phases      ] GC(229)     Dead                           Min: 0, Avg:  0.0, Max: 0, Diff: 0, Sum: 0, Workers: 4
[1921.943s][debug][gc,phases      ] GC(229)     Total                          Min: 0, Avg: 11.2, Max: 45, Diff: 45, Sum: 45, Workers: 4
[1921.943s][debug][gc,phases      ] GC(229)   StringDedup Table Weak         Min:  0.0, Avg:  0.0, Max:  0.0, Diff:  0.0, Sum:  0.0, Workers: 4
[1921.943s][debug][gc,phases      ] GC(229)     Dead                           Min: 0, Avg:  0.0, Max: 0, Diff: 0, Sum: 0, Workers: 4
[1921.943s][debug][gc,phases      ] GC(229)     Total                          Min: 0, Avg:  0.0, Max: 0, Diff: 0, Sum: 0, Workers: 4
[1921.943s][debug][gc,phases      ] GC(229)   StringDedup Requests0 Weak     Min:  0.0, Avg:  0.0, Max:  0.0, Diff:  0.0, Sum:  0.0, Workers: 4
[1921.943s][debug][gc,phases      ] GC(229)     Dead                           Min: 0, Avg:  0.0, Max: 0, Diff: 0, Sum: 0, Workers: 4
[1921.943s][debug][gc,phases      ] GC(229)     Total                          Min: 0, Avg:  0.0, Max: 0, Diff: 0, Sum: 0, Workers: 4
[1921.943s][debug][gc,phases      ] GC(229)   StringDedup Requests1 Weak     Min:  0.0, Avg:  0.0, Max:  0.0, Diff:  0.0, Sum:  0.0, Workers: 4
[1921.943s][debug][gc,phases      ] GC(229)     Dead                           Min: 0, Avg:  0.0, Max: 0, Diff: 0, Sum: 0, Workers: 4
[1921.943s][debug][gc,phases      ] GC(229)     Total                          Min: 0, Avg:  0.0, Max: 0, Diff: 0, Sum: 0, Workers: 4
[1921.943s][debug][gc,phases      ] GC(229)   Weak JFR Old Object Samples    Min:  0.0, Avg:  0.0, Max:  0.0, Diff:  0.0, Sum:  0.0, Workers: 4
[1921.943s][debug][gc,phases      ] GC(229)     Dead                           Min: 0, Avg:  0.0, Max: 0, Diff: 0, Sum: 0, Workers: 4
[1921.943s][debug][gc,phases      ] GC(229)     Total                          Min: 0, Avg:  0.0, Max: 0, Diff: 0, Sum: 0, Workers: 4
[1921.943s][debug][gc,phases      ] GC(229) Weak Processing 0.336ms
[1921.943s][debug][gc,age         ] GC(229) Desired survivor size 4194304 bytes, new threshold 15 (max threshold 15)
[1921.943s][info ][gc,heap        ] GC(229) PSYoungGen: 2091712K(2093056K)->2768K(2093056K) Eden: 2088960K(2088960K)->0K(2088960K) From: 2752K(4096K)->2768K(4096K)
[1921.943s][info ][gc,heap        ] GC(229) ParOldGen: 393854K(430080K)->393878K(430080K)
[1921.943s][info ][gc,metaspace   ] GC(229) Metaspace: 85681K(86720K)->85681K(86720K) NonClass: 73301K(73856K)->73301K(73856K) Class: 12379K(12864K)->12379K(12864K)
[1921.943s][info ][gc             ] GC(229) Pause Young (Allocation Failure) 2427M->387M(2464M) 5.503ms
[1921.943s][info ][gc,cpu         ] GC(229) User=0.02s Sys=0.00s Real=0.01s
[1921.943s][info ][safepoint      ] Safepoint "ParallelGCFailedAllocation", Time since last: 3535547292 ns, Reaching safepoint: 75900 ns, Cleanup: 25500 ns, At safepoint: 5580107 ns, Total: 5681507 ns
[1925.944s][info ][safepoint      ] Safepoint "Cleanup", Time since last: 4000287214 ns, Reaching safepoint: 70900 ns, Cleanup: 34600 ns, At safepoint: 6900 ns, Total: 112400 ns
[1927.944s][info ][safepoint      ] Safepoint "Cleanup", Time since last: 2000175910 ns, Reaching safepoint: 74400 ns, Cleanup: 31501 ns, At safepoint: 6500 ns, Total: 112401 ns
[1929.245s][info ][gc,start       ] GC(230) Pause Young (Allocation Failure)
[1929.253s][debug][gc,phases      ] GC(230) Scavenge 8.128ms
[1929.253s][debug][gc,ref         ] GC(230) Skipped phase 1 of Reference Processing: no references
[1929.253s][debug][gc,ref         ] GC(230) ReferenceProcessor::execute queues: 1, RefProcThreadModel::Single, marks_oops_alive: false
[1929.253s][debug][gc,ref         ] GC(230) Skipped phase 3 of Reference Processing: no references
[1929.253s][debug][gc,ref         ] GC(230) Skipped phase 4 of Reference Processing: no references
[1929.253s][debug][gc,phases      ] GC(230) Reference Processing 0.088ms
[1929.254s][debug][gc,phases      ] GC(230)   VM Weak                        Min:  0.0, Avg:  0.0, Max:  0.0, Diff:  0.0, Sum:  0.0, Workers: 4
[1929.254s][debug][gc,phases      ] GC(230)     Dead                           Min: 0, Avg:  0.0, Max: 0, Diff: 0, Sum: 0, Workers: 4
[1929.254s][debug][gc,phases      ] GC(230)     Total                          Min: 0, Avg: 217.0, Max: 576, Diff: 576, Sum: 868, Workers: 4
[1929.254s][debug][gc,phases      ] GC(230)   ObjectSynchronizer Weak        Min:  0.0, Avg:  0.0, Max:  0.0, Diff:  0.0, Sum:  0.0, Workers: 4
[1929.254s][debug][gc,phases      ] GC(230)     Dead                           Min: 0, Avg:  0.0, Max: 0, Diff: 0, Sum: 0, Workers: 4
[1929.254s][debug][gc,phases      ] GC(230)     Total                          Min: 0, Avg:  1.0, Max: 4, Diff: 4, Sum: 4, Workers: 4
[1929.254s][debug][gc,phases      ] GC(230)   JVMTI Tag Weak OopStorage      Min:  0.0, Avg:  0.0, Max:  0.0, Diff:  0.0, Sum:  0.0, Workers: 4
[1929.254s][debug][gc,phases      ] GC(230)     Dead                           Min: 0, Avg:  0.0, Max: 0, Diff: 0, Sum: 0, Workers: 4
[1929.254s][debug][gc,phases      ] GC(230)     Total                          Min: 0, Avg:  0.0, Max: 0, Diff: 0, Sum: 0, Workers: 4
[1929.254s][debug][gc,phases      ] GC(230)   StringTable Weak               Min:  0.0, Avg:  0.1, Max:  0.2, Diff:  0.2, Sum:  0.4, Workers: 4
[1929.254s][debug][gc,phases      ] GC(230)     Dead                           Min: 0, Avg:  0.0, Max: 0, Diff: 0, Sum: 0, Workers: 4
[1929.254s][debug][gc,phases      ] GC(230)     Total                          Min: 0, Avg: 11199.2, Max: 22399, Diff: 22399, Sum: 44797, Workers: 4
[1929.254s][debug][gc,phases      ] GC(230)   ResolvedMethodTable Weak       Min:  0.0, Avg:  0.0, Max:  0.0, Diff:  0.0, Sum:  0.1, Workers: 4
[1929.254s][debug][gc,phases      ] GC(230)     Dead                           Min: 0, Avg:  0.0, Max: 0, Diff: 0, Sum: 0, Workers: 4
[1929.254s][debug][gc,phases      ] GC(230)     Total                          Min: 0, Avg: 2635.5, Max: 3584, Diff: 3584, Sum: 10542, Workers: 4
[1929.254s][debug][gc,phases      ] GC(230)   JNI Weak                       Min:  0.0, Avg:  0.0, Max:  0.0, Diff:  0.0, Sum:  0.0, Workers: 4
[1929.254s][debug][gc,phases      ] GC(230)     Dead                           Min: 0, Avg:  0.0, Max: 0, Diff: 0, Sum: 0, Workers: 4
[1929.254s][debug][gc,phases      ] GC(230)     Total                          Min: 0, Avg: 11.2, Max: 45, Diff: 45, Sum: 45, Workers: 4
[1929.254s][debug][gc,phases      ] GC(230)   StringDedup Table Weak         Min:  0.0, Avg:  0.0, Max:  0.0, Diff:  0.0, Sum:  0.0, Workers: 4
[1929.254s][debug][gc,phases      ] GC(230)     Dead                           Min: 0, Avg:  0.0, Max: 0, Diff: 0, Sum: 0, Workers: 4
[1929.254s][debug][gc,phases      ] GC(230)     Total                          Min: 0, Avg:  0.0, Max: 0, Diff: 0, Sum: 0, Workers: 4
[1929.254s][debug][gc,phases      ] GC(230)   StringDedup Requests0 Weak     Min:  0.0, Avg:  0.0, Max:  0.0, Diff:  0.0, Sum:  0.0, Workers: 4
[1929.254s][debug][gc,phases      ] GC(230)     Dead                           Min: 0, Avg:  0.0, Max: 0, Diff: 0, Sum: 0, Workers: 4
[1929.254s][debug][gc,phases      ] GC(230)     Total                          Min: 0, Avg:  0.0, Max: 0, Diff: 0, Sum: 0, Workers: 4
[1929.254s][debug][gc,phases      ] GC(230)   StringDedup Requests1 Weak     Min:  0.0, Avg:  0.0, Max:  0.0, Diff:  0.0, Sum:  0.0, Workers: 4
[1929.254s][debug][gc,phases      ] GC(230)     Dead                           Min: 0, Avg:  0.0, Max: 0, Diff: 0, Sum: 0, Workers: 4
[1929.254s][debug][gc,phases      ] GC(230)     Total                          Min: 0, Avg:  0.0, Max: 0, Diff: 0, Sum: 0, Workers: 4
[1929.254s][debug][gc,phases      ] GC(230)   Weak JFR Old Object Samples    Min:  0.0, Avg:  0.0, Max:  0.0, Diff:  0.0, Sum:  0.0, Workers: 4
[1929.254s][debug][gc,phases      ] GC(230)     Dead                           Min: 0, Avg:  0.0, Max: 0, Diff: 0, Sum: 0, Workers: 4
[1929.254s][debug][gc,phases      ] GC(230)     Total                          Min: 0, Avg:  0.0, Max: 0, Diff: 0, Sum: 0, Workers: 4
[1929.254s][debug][gc,phases      ] GC(230) Weak Processing 0.411ms
[1929.254s][debug][gc,age         ] GC(230) Desired survivor size 4194304 bytes, new threshold 15 (max threshold 15)
[1929.254s][info ][gc,heap        ] GC(230) PSYoungGen: 2091728K(2093056K)->1808K(2093056K) Eden: 2088960K(2088960K)->0K(2088960K) From: 2768K(4096K)->1808K(4096K)
[1929.254s][info ][gc,heap        ] GC(230) ParOldGen: 393878K(430080K)->394902K(430080K)
[1929.254s][info ][gc,metaspace   ] GC(230) Metaspace: 85684K(86720K)->85684K(86720K) NonClass: 73305K(73856K)->73305K(73856K) Class: 12379K(12864K)->12379K(12864K)
[1929.254s][info ][gc             ] GC(230) Pause Young (Allocation Failure) 2427M->387M(2464M) 8.730ms
[1929.254s][info ][gc,cpu         ] GC(230) User=0.02s Sys=0.00s Real=0.01s
[1929.254s][info ][safepoint      ] Safepoint "ParallelGCFailedAllocation", Time since last: 1300696974 ns, Reaching safepoint: 73301 ns, Cleanup: 17500 ns, At safepoint: 8805612 ns, Total: 8896413 ns
[1936.696s][info ][gc,start       ] GC(231) Pause Young (Allocation Failure)
[1936.699s][debug][gc,phases      ] GC(231) Scavenge 2.750ms
[1936.699s][debug][gc,ref         ] GC(231) Skipped phase 1 of Reference Processing: no references
[1936.699s][debug][gc,ref         ] GC(231) Skipped phase 2 of Reference Processing: no references
[1936.699s][debug][gc,ref         ] GC(231) Skipped phase 3 of Reference Processing: no references
[1936.699s][debug][gc,ref         ] GC(231) Skipped phase 4 of Reference Processing: no references
[1936.699s][debug][gc,phases      ] GC(231) Reference Processing 0.037ms
[1936.699s][debug][gc,phases      ] GC(231)   VM Weak                        Min:  0.0, Avg:  0.0, Max:  0.0, Diff:  0.0, Sum:  0.0, Workers: 4
[1936.699s][debug][gc,phases      ] GC(231)     Dead                           Min: 0, Avg:  0.0, Max: 0, Diff: 0, Sum: 0, Workers: 4
[1936.699s][debug][gc,phases      ] GC(231)     Total                          Min: 0, Avg: 217.0, Max: 768, Diff: 768, Sum: 868, Workers: 4
[1936.699s][debug][gc,phases      ] GC(231)   ObjectSynchronizer Weak        Min:  0.0, Avg:  0.0, Max:  0.0, Diff:  0.0, Sum:  0.0, Workers: 4
[1936.699s][debug][gc,phases      ] GC(231)     Dead                           Min: 0, Avg:  0.0, Max: 0, Diff: 0, Sum: 0, Workers: 4
[1936.699s][debug][gc,phases      ] GC(231)     Total                          Min: 0, Avg:  1.0, Max: 4, Diff: 4, Sum: 4, Workers: 4
[1936.699s][debug][gc,phases      ] GC(231)   JVMTI Tag Weak OopStorage      Min:  0.0, Avg:  0.0, Max:  0.0, Diff:  0.0, Sum:  0.0, Workers: 4
[1936.699s][debug][gc,phases      ] GC(231)     Dead                           Min: 0, Avg:  0.0, Max: 0, Diff: 0, Sum: 0, Workers: 4
[1936.699s][debug][gc,phases      ] GC(231)     Total                          Min: 0, Avg:  0.0, Max: 0, Diff: 0, Sum: 0, Workers: 4
[1936.699s][debug][gc,phases      ] GC(231)   StringTable Weak               Min:  0.0, Avg:  0.1, Max:  0.2, Diff:  0.2, Sum:  0.3, Workers: 4
[1936.699s][debug][gc,phases      ] GC(231)     Dead                           Min: 0, Avg:  0.0, Max: 0, Diff: 0, Sum: 0, Workers: 4
[1936.699s][debug][gc,phases      ] GC(231)     Total                          Min: 0, Avg: 11199.2, Max: 27454, Diff: 27454, Sum: 44797, Workers: 4
[1936.699s][debug][gc,phases      ] GC(231)   ResolvedMethodTable Weak       Min:  0.0, Avg:  0.0, Max:  0.0, Diff:  0.0, Sum:  0.1, Workers: 4
[1936.699s][debug][gc,phases      ] GC(231)     Dead                           Min: 0, Avg:  0.0, Max: 0, Diff: 0, Sum: 0, Workers: 4
[1936.699s][debug][gc,phases      ] GC(231)     Total                          Min: 0, Avg: 2635.5, Max: 6448, Diff: 6448, Sum: 10542, Workers: 4
[1936.699s][debug][gc,phases      ] GC(231)   JNI Weak                       Min:  0.0, Avg:  0.0, Max:  0.0, Diff:  0.0, Sum:  0.0, Workers: 4
[1936.699s][debug][gc,phases      ] GC(231)     Dead                           Min: 0, Avg:  0.0, Max: 0, Diff: 0, Sum: 0, Workers: 4
[1936.699s][debug][gc,phases      ] GC(231)     Total                          Min: 0, Avg: 11.2, Max: 45, Diff: 45, Sum: 45, Workers: 4
[1936.699s][debug][gc,phases      ] GC(231)   StringDedup Table Weak         Min:  0.0, Avg:  0.0, Max:  0.0, Diff:  0.0, Sum:  0.0, Workers: 4
[1936.699s][debug][gc,phases      ] GC(231)     Dead                           Min: 0, Avg:  0.0, Max: 0, Diff: 0, Sum: 0, Workers: 4
[1936.699s][debug][gc,phases      ] GC(231)     Total                          Min: 0, Avg:  0.0, Max: 0, Diff: 0, Sum: 0, Workers: 4
[1936.699s][debug][gc,phases      ] GC(231)   StringDedup Requests0 Weak     Min:  0.0, Avg:  0.0, Max:  0.0, Diff:  0.0, Sum:  0.0, Workers: 4
[1936.699s][debug][gc,phases      ] GC(231)     Dead                           Min: 0, Avg:  0.0, Max: 0, Diff: 0, Sum: 0, Workers: 4
[1936.699s][debug][gc,phases      ] GC(231)     Total                          Min: 0, Avg:  0.0, Max: 0, Diff: 0, Sum: 0, Workers: 4
[1936.699s][debug][gc,phases      ] GC(231)   StringDedup Requests1 Weak     Min:  0.0, Avg:  0.0, Max:  0.0, Diff:  0.0, Sum:  0.0, Workers: 4
[1936.699s][debug][gc,phases      ] GC(231)     Dead                           Min: 0, Avg:  0.0, Max: 0, Diff: 0, Sum: 0, Workers: 4
[1936.699s][debug][gc,phases      ] GC(231)     Total                          Min: 0, Avg:  0.0, Max: 0, Diff: 0, Sum: 0, Workers: 4
[1936.699s][debug][gc,phases      ] GC(231)   Weak JFR Old Object Samples    Min:  0.0, Avg:  0.0, Max:  0.0, Diff:  0.0, Sum:  0.0, Workers: 4
[1936.699s][debug][gc,phases      ] GC(231)     Dead                           Min: 0, Avg:  0.0, Max: 0, Diff: 0, Sum: 0, Workers: 4
[1936.699s][debug][gc,phases      ] GC(231)     Total                          Min: 0, Avg:  0.0, Max: 0, Diff: 0, Sum: 0, Workers: 4
[1936.699s][debug][gc,phases      ] GC(231) Weak Processing 0.385ms
[1936.699s][debug][gc,age         ] GC(231) Desired survivor size 4194304 bytes, new threshold 15 (max threshold 15)
[1936.699s][info ][gc,heap        ] GC(231) PSYoungGen: 2090768K(2093056K)->1680K(2093056K) Eden: 2088960K(2088960K)->0K(2088960K) From: 1808K(4096K)->1680K(4096K)
[1936.699s][info ][gc,heap        ] GC(231) ParOldGen: 394902K(430080K)->395022K(430080K)
[1936.699s][info ][gc,metaspace   ] GC(231) Metaspace: 85684K(86720K)->85684K(86720K) NonClass: 73305K(73856K)->73305K(73856K) Class: 12379K(12864K)->12379K(12864K)
[1936.699s][info ][gc             ] GC(231) Pause Young (Allocation Failure) 2427M->387M(2464M) 3.267ms
[1936.699s][info ][gc,cpu         ] GC(231) User=0.01s Sys=0.00s Real=0.00s
[1936.699s][info ][safepoint      ] Safepoint "ParallelGCFailedAllocation", Time since last: 7442164072 ns, Reaching safepoint: 72500 ns, Cleanup: 20700 ns, At safepoint: 3336005 ns, Total: 3429205 ns
[1944.198s][info ][gc,start       ] GC(232) Pause Young (Allocation Failure)
[1944.204s][debug][gc,phases      ] GC(232) Scavenge 5.941ms
[1944.204s][debug][gc,ref         ] GC(232) Skipped phase 1 of Reference Processing: no references
[1944.204s][debug][gc,ref         ] GC(232) Skipped phase 2 of Reference Processing: no references
[1944.204s][debug][gc,ref         ] GC(232) Skipped phase 3 of Reference Processing: no references
[1944.204s][debug][gc,ref         ] GC(232) Skipped phase 4 of Reference Processing: no references
[1944.204s][debug][gc,phases      ] GC(232) Reference Processing 0.037ms
[1944.204s][debug][gc,phases      ] GC(232)   VM Weak                        Min:  0.0, Avg:  0.0, Max:  0.0, Diff:  0.0, Sum:  0.0, Workers: 4
[1944.204s][debug][gc,phases      ] GC(232)     Dead                           Min: 0, Avg:  0.0, Max: 0, Diff: 0, Sum: 0, Workers: 4
[1944.204s][debug][gc,phases      ] GC(232)     Total                          Min: 0, Avg: 217.0, Max: 768, Diff: 768, Sum: 868, Workers: 4
[1944.204s][debug][gc,phases      ] GC(232)   ObjectSynchronizer Weak        Min:  0.0, Avg:  0.0, Max:  0.0, Diff:  0.0, Sum:  0.0, Workers: 4
[1944.204s][debug][gc,phases      ] GC(232)     Dead                           Min: 0, Avg:  0.0, Max: 0, Diff: 0, Sum: 0, Workers: 4
[1944.204s][debug][gc,phases      ] GC(232)     Total                          Min: 0, Avg:  1.0, Max: 4, Diff: 4, Sum: 4, Workers: 4
[1944.204s][debug][gc,phases      ] GC(232)   JVMTI Tag Weak OopStorage      Min:  0.0, Avg:  0.0, Max:  0.0, Diff:  0.0, Sum:  0.0, Workers: 4
[1944.204s][debug][gc,phases      ] GC(232)     Dead                           Min: 0, Avg:  0.0, Max: 0, Diff: 0, Sum: 0, Workers: 4
[1944.204s][debug][gc,phases      ] GC(232)     Total                          Min: 0, Avg:  0.0, Max: 0, Diff: 0, Sum: 0, Workers: 4
[1944.204s][debug][gc,phases      ] GC(232)   StringTable Weak               Min:  0.0, Avg:  0.1, Max:  0.2, Diff:  0.2, Sum:  0.5, Workers: 4
[1944.204s][debug][gc,phases      ] GC(232)     Dead                           Min: 0, Avg:  0.0, Max: 0, Diff: 0, Sum: 0, Workers: 4
[1944.204s][debug][gc,phases      ] GC(232)     Total                          Min: 0, Avg: 11199.2, Max: 22719, Diff: 22719, Sum: 44797, Workers: 4
[1944.204s][debug][gc,phases      ] GC(232)   ResolvedMethodTable Weak       Min:  0.0, Avg:  0.0, Max:  0.1, Diff:  0.1, Sum:  0.1, Workers: 4
[1944.204s][debug][gc,phases      ] GC(232)     Dead                           Min: 0, Avg:  0.0, Max: 0, Diff: 0, Sum: 0, Workers: 4
[1944.204s][debug][gc,phases      ] GC(232)     Total                          Min: 0, Avg: 2635.5, Max: 5312, Diff: 5312, Sum: 10542, Workers: 4
[1944.204s][debug][gc,phases      ] GC(232)   JNI Weak                       Min:  0.0, Avg:  0.0, Max:  0.0, Diff:  0.0, Sum:  0.0, Workers: 4
[1944.204s][debug][gc,phases      ] GC(232)     Dead                           Min: 0, Avg:  0.0, Max: 0, Diff: 0, Sum: 0, Workers: 4
[1944.204s][debug][gc,phases      ] GC(232)     Total                          Min: 0, Avg: 11.2, Max: 45, Diff: 45, Sum: 45, Workers: 4
[1944.204s][debug][gc,phases      ] GC(232)   StringDedup Table Weak         Min:  0.0, Avg:  0.0, Max:  0.0, Diff:  0.0, Sum:  0.0, Workers: 4
[1944.204s][debug][gc,phases      ] GC(232)     Dead                           Min: 0, Avg:  0.0, Max: 0, Diff: 0, Sum: 0, Workers: 4
[1944.204s][debug][gc,phases      ] GC(232)     Total                          Min: 0, Avg:  0.0, Max: 0, Diff: 0, Sum: 0, Workers: 4
[1944.204s][debug][gc,phases      ] GC(232)   StringDedup Requests0 Weak     Min:  0.0, Avg:  0.0, Max:  0.0, Diff:  0.0, Sum:  0.0, Workers: 4
[1944.204s][debug][gc,phases      ] GC(232)     Dead                           Min: 0, Avg:  0.0, Max: 0, Diff: 0, Sum: 0, Workers: 4
[1944.204s][debug][gc,phases      ] GC(232)     Total                          Min: 0, Avg:  0.0, Max: 0, Diff: 0, Sum: 0, Workers: 4
[1944.204s][debug][gc,phases      ] GC(232)   StringDedup Requests1 Weak     Min:  0.0, Avg:  0.0, Max:  0.0, Diff:  0.0, Sum:  0.0, Workers: 4
[1944.204s][debug][gc,phases      ] GC(232)     Dead                           Min: 0, Avg:  0.0, Max: 0, Diff: 0, Sum: 0, Workers: 4
[1944.204s][debug][gc,phases      ] GC(232)     Total                          Min: 0, Avg:  0.0, Max: 0, Diff: 0, Sum: 0, Workers: 4
[1944.204s][debug][gc,phases      ] GC(232)   Weak JFR Old Object Samples    Min:  0.0, Avg:  0.0, Max:  0.0, Diff:  0.0, Sum:  0.0, Workers: 4
[1944.204s][debug][gc,phases      ] GC(232)     Dead                           Min: 0, Avg:  0.0, Max: 0, Diff: 0, Sum: 0, Workers: 4
[1944.204s][debug][gc,phases      ] GC(232)     Total                          Min: 0, Avg:  0.0, Max: 0, Diff: 0, Sum: 0, Workers: 4
[1944.204s][debug][gc,phases      ] GC(232) Weak Processing 0.550ms
[1944.204s][debug][gc,age         ] GC(232) Desired survivor size 4194304 bytes, new threshold 15 (max threshold 15)
[1944.204s][info ][gc,heap        ] GC(232) PSYoungGen: 2090640K(2093056K)->1600K(2093056K) Eden: 2088960K(2088960K)->0K(2088960K) From: 1680K(4096K)->1600K(4096K)
[1944.204s][info ][gc,heap        ] GC(232) ParOldGen: 395022K(430080K)->395022K(430080K)
[1944.204s][info ][gc,metaspace   ] GC(232) Metaspace: 85685K(86720K)->85685K(86720K) NonClass: 73305K(73856K)->73305K(73856K) Class: 12379K(12864K)->12379K(12864K)
[1944.204s][info ][gc             ] GC(232) Pause Young (Allocation Failure) 2427M->387M(2464M) 6.672ms
[1944.204s][info ][gc,cpu         ] GC(232) User=0.01s Sys=0.00s Real=0.01s
[1944.205s][info ][safepoint      ] Safepoint "ParallelGCFailedAllocation", Time since last: 7498238558 ns, Reaching safepoint: 82800 ns, Cleanup: 35300 ns, At safepoint: 6848610 ns, Total: 6966710 ns
[1951.694s][info ][gc,start       ] GC(233) Pause Young (Allocation Failure)
[1951.698s][debug][gc,phases      ] GC(233) Scavenge 4.542ms
[1951.698s][debug][gc,ref         ] GC(233) Skipped phase 1 of Reference Processing: no references
[1951.698s][debug][gc,ref         ] GC(233) Skipped phase 2 of Reference Processing: no references
[1951.698s][debug][gc,ref         ] GC(233) Skipped phase 3 of Reference Processing: no references
[1951.698s][debug][gc,ref         ] GC(233) Skipped phase 4 of Reference Processing: no references
[1951.698s][debug][gc,phases      ] GC(233) Reference Processing 0.025ms
[1951.698s][debug][gc,phases      ] GC(233)   VM Weak                        Min:  0.0, Avg:  0.0, Max:  0.0, Diff:  0.0, Sum:  0.0, Workers: 4
[1951.698s][debug][gc,phases      ] GC(233)     Dead                           Min: 0, Avg:  0.0, Max: 0, Diff: 0, Sum: 0, Workers: 4
[1951.698s][debug][gc,phases      ] GC(233)     Total                          Min: 0, Avg: 217.0, Max: 512, Diff: 512, Sum: 868, Workers: 4
[1951.698s][debug][gc,phases      ] GC(233)   ObjectSynchronizer Weak        Min:  0.0, Avg:  0.0, Max:  0.0, Diff:  0.0, Sum:  0.0, Workers: 4
[1951.698s][debug][gc,phases      ] GC(233)     Dead                           Min: 0, Avg:  0.0, Max: 0, Diff: 0, Sum: 0, Workers: 4
[1951.698s][debug][gc,phases      ] GC(233)     Total                          Min: 0, Avg:  1.0, Max: 4, Diff: 4, Sum: 4, Workers: 4
[1951.698s][debug][gc,phases      ] GC(233)   JVMTI Tag Weak OopStorage      Min:  0.0, Avg:  0.0, Max:  0.0, Diff:  0.0, Sum:  0.0, Workers: 4
[1951.698s][debug][gc,phases      ] GC(233)     Dead                           Min: 0, Avg:  0.0, Max: 0, Diff: 0, Sum: 0, Workers: 4
[1951.698s][debug][gc,phases      ] GC(233)     Total                          Min: 0, Avg:  0.0, Max: 0, Diff: 0, Sum: 0, Workers: 4
[1951.698s][debug][gc,phases      ] GC(233)   StringTable Weak               Min:  0.0, Avg:  0.1, Max:  0.2, Diff:  0.2, Sum:  0.3, Workers: 4
[1951.698s][debug][gc,phases      ] GC(233)     Dead                           Min: 0, Avg:  0.0, Max: 0, Diff: 0, Sum: 0, Workers: 4
[1951.698s][debug][gc,phases      ] GC(233)     Total                          Min: 0, Avg: 11199.2, Max: 27582, Diff: 27582, Sum: 44797, Workers: 4
[1951.698s][debug][gc,phases      ] GC(233)   ResolvedMethodTable Weak       Min:  0.0, Avg:  0.0, Max:  0.0, Diff:  0.0, Sum:  0.1, Workers: 4
[1951.698s][debug][gc,phases      ] GC(233)     Dead                           Min: 0, Avg:  0.0, Max: 0, Diff: 0, Sum: 0, Workers: 4
[1951.698s][debug][gc,phases      ] GC(233)     Total                          Min: 0, Avg: 2635.5, Max: 6576, Diff: 6576, Sum: 10542, Workers: 4
[1951.698s][debug][gc,phases      ] GC(233)   JNI Weak                       Min:  0.0, Avg:  0.0, Max:  0.0, Diff:  0.0, Sum:  0.0, Workers: 4
[1951.698s][debug][gc,phases      ] GC(233)     Dead                           Min: 0, Avg:  0.0, Max: 0, Diff: 0, Sum: 0, Workers: 4
[1951.699s][debug][gc,phases      ] GC(233)     Total                          Min: 0, Avg: 11.2, Max: 45, Diff: 45, Sum: 45, Workers: 4
[1951.699s][debug][gc,phases      ] GC(233)   StringDedup Table Weak         Min:  0.0, Avg:  0.0, Max:  0.0, Diff:  0.0, Sum:  0.0, Workers: 4
[1951.699s][debug][gc,phases      ] GC(233)     Dead                           Min: 0, Avg:  0.0, Max: 0, Diff: 0, Sum: 0, Workers: 4
[1951.699s][debug][gc,phases      ] GC(233)     Total                          Min: 0, Avg:  0.0, Max: 0, Diff: 0, Sum: 0, Workers: 4
[1951.699s][debug][gc,phases      ] GC(233)   StringDedup Requests0 Weak     Min:  0.0, Avg:  0.0, Max:  0.0, Diff:  0.0, Sum:  0.0, Workers: 4
[1951.699s][debug][gc,phases      ] GC(233)     Dead                           Min: 0, Avg:  0.0, Max: 0, Diff: 0, Sum: 0, Workers: 4
[1951.699s][debug][gc,phases      ] GC(233)     Total                          Min: 0, Avg:  0.0, Max: 0, Diff: 0, Sum: 0, Workers: 4
[1951.699s][debug][gc,phases      ] GC(233)   StringDedup Requests1 Weak     Min:  0.0, Avg:  0.0, Max:  0.0, Diff:  0.0, Sum:  0.0, Workers: 4
[1951.699s][debug][gc,phases      ] GC(233)     Dead                           Min: 0, Avg:  0.0, Max: 0, Diff: 0, Sum: 0, Workers: 4
[1951.699s][debug][gc,phases      ] GC(233)     Total                          Min: 0, Avg:  0.0, Max: 0, Diff: 0, Sum: 0, Workers: 4
[1951.699s][debug][gc,phases      ] GC(233)   Weak JFR Old Object Samples    Min:  0.0, Avg:  0.0, Max:  0.0, Diff:  0.0, Sum:  0.0, Workers: 4
[1951.699s][debug][gc,phases      ] GC(233)     Dead                           Min: 0, Avg:  0.0, Max: 0, Diff: 0, Sum: 0, Workers: 4
[1951.699s][debug][gc,phases      ] GC(233)     Total                          Min: 0, Avg:  0.0, Max: 0, Diff: 0, Sum: 0, Workers: 4
[1951.699s][debug][gc,phases      ] GC(233) Weak Processing 0.381ms
[1951.699s][debug][gc,age         ] GC(233) Desired survivor size 4194304 bytes, new threshold 15 (max threshold 15)
[1951.699s][info ][gc,heap        ] GC(233) PSYoungGen: 2090560K(2093056K)->1712K(2093056K) Eden: 2088960K(2088960K)->0K(2088960K) From: 1600K(4096K)->1712K(4096K)
[1951.699s][info ][gc,heap        ] GC(233) ParOldGen: 395022K(430080K)->395030K(430080K)
[1951.699s][info ][gc,metaspace   ] GC(233) Metaspace: 85685K(86720K)->85685K(86720K) NonClass: 73305K(73856K)->73305K(73856K) Class: 12379K(12864K)->12379K(12864K)
[1951.699s][info ][gc             ] GC(233) Pause Young (Allocation Failure) 2427M->387M(2464M) 5.062ms
[1951.699s][info ][gc,cpu         ] GC(233) User=0.02s Sys=0.00s Real=0.00s
[1951.699s][info ][safepoint      ] Safepoint "ParallelGCFailedAllocation", Time since last: 7488868282 ns, Reaching safepoint: 76500 ns, Cleanup: 27400 ns, At safepoint: 5132408 ns, Total: 5236308 ns
[1959.044s][info ][gc,start       ] GC(234) Pause Young (Allocation Failure)
[1959.046s][debug][gc,phases      ] GC(234) Scavenge 2.718ms
[1959.046s][debug][gc,ref         ] GC(234) Skipped phase 1 of Reference Processing: no references
[1959.046s][debug][gc,ref         ] GC(234) Skipped phase 2 of Reference Processing: no references
[1959.046s][debug][gc,ref         ] GC(234) Skipped phase 3 of Reference Processing: no references
[1959.046s][debug][gc,ref         ] GC(234) Skipped phase 4 of Reference Processing: no references
[1959.046s][debug][gc,phases      ] GC(234) Reference Processing 0.021ms
[1959.047s][debug][gc,phases      ] GC(234)   VM Weak                        Min:  0.0, Avg:  0.0, Max:  0.0, Diff:  0.0, Sum:  0.0, Workers: 4
[1959.047s][debug][gc,phases      ] GC(234)     Dead                           Min: 0, Avg:  0.0, Max: 0, Diff: 0, Sum: 0, Workers: 4
[1959.047s][debug][gc,phases      ] GC(234)     Total                          Min: 0, Avg: 217.0, Max: 484, Diff: 484, Sum: 868, Workers: 4
[1959.047s][debug][gc,phases      ] GC(234)   ObjectSynchronizer Weak        Min:  0.0, Avg:  0.0, Max:  0.0, Diff:  0.0, Sum:  0.0, Workers: 4
[1959.047s][debug][gc,phases      ] GC(234)     Dead                           Min: 0, Avg:  0.0, Max: 0, Diff: 0, Sum: 0, Workers: 4
[1959.047s][debug][gc,phases      ] GC(234)     Total                          Min: 0, Avg:  1.0, Max: 4, Diff: 4, Sum: 4, Workers: 4
[1959.047s][debug][gc,phases      ] GC(234)   JVMTI Tag Weak OopStorage      Min:  0.0, Avg:  0.0, Max:  0.0, Diff:  0.0, Sum:  0.0, Workers: 4
[1959.047s][debug][gc,phases      ] GC(234)     Dead                           Min: 0, Avg:  0.0, Max: 0, Diff: 0, Sum: 0, Workers: 4
[1959.047s][debug][gc,phases      ] GC(234)     Total                          Min: 0, Avg:  0.0, Max: 0, Diff: 0, Sum: 0, Workers: 4
[1959.047s][debug][gc,phases      ] GC(234)   StringTable Weak               Min:  0.0, Avg:  0.1, Max:  0.2, Diff:  0.2, Sum:  0.5, Workers: 4
[1959.047s][debug][gc,phases      ] GC(234)     Dead                           Min: 0, Avg:  0.0, Max: 0, Diff: 0, Sum: 0, Workers: 4
[1959.047s][debug][gc,phases      ] GC(234)     Total                          Min: 0, Avg: 11199.2, Max: 16829, Diff: 16829, Sum: 44797, Workers: 4
[1959.047s][debug][gc,phases      ] GC(234)   ResolvedMethodTable Weak       Min:  0.0, Avg:  0.0, Max:  0.0, Diff:  0.0, Sum:  0.1, Workers: 4
[1959.047s][debug][gc,phases      ] GC(234)     Dead                           Min: 0, Avg:  0.0, Max: 0, Diff: 0, Sum: 0, Workers: 4
[1959.047s][debug][gc,phases      ] GC(234)     Total                          Min: 0, Avg: 2635.5, Max: 3776, Diff: 3776, Sum: 10542, Workers: 4
[1959.047s][debug][gc,phases      ] GC(234)   JNI Weak                       Min:  0.0, Avg:  0.0, Max:  0.0, Diff:  0.0, Sum:  0.0, Workers: 4
[1959.047s][debug][gc,phases      ] GC(234)     Dead                           Min: 0, Avg:  0.0, Max: 0, Diff: 0, Sum: 0, Workers: 4
[1959.047s][debug][gc,phases      ] GC(234)     Total                          Min: 0, Avg: 11.2, Max: 45, Diff: 45, Sum: 45, Workers: 4
[1959.047s][debug][gc,phases      ] GC(234)   StringDedup Table Weak         Min:  0.0, Avg:  0.0, Max:  0.0, Diff:  0.0, Sum:  0.0, Workers: 4
[1959.047s][debug][gc,phases      ] GC(234)     Dead                           Min: 0, Avg:  0.0, Max: 0, Diff: 0, Sum: 0, Workers: 4
[1959.047s][debug][gc,phases      ] GC(234)     Total                          Min: 0, Avg:  0.0, Max: 0, Diff: 0, Sum: 0, Workers: 4
[1959.047s][debug][gc,phases      ] GC(234)   StringDedup Requests0 Weak     Min:  0.0, Avg:  0.0, Max:  0.0, Diff:  0.0, Sum:  0.0, Workers: 4
[1959.047s][debug][gc,phases      ] GC(234)     Dead                           Min: 0, Avg:  0.0, Max: 0, Diff: 0, Sum: 0, Workers: 4
[1959.047s][debug][gc,phases      ] GC(234)     Total                          Min: 0, Avg:  0.0, Max: 0, Diff: 0, Sum: 0, Workers: 4
[1959.047s][debug][gc,phases      ] GC(234)   StringDedup Requests1 Weak     Min:  0.0, Avg:  0.0, Max:  0.0, Diff:  0.0, Sum:  0.0, Workers: 4
[1959.047s][debug][gc,phases      ] GC(234)     Dead                           Min: 0, Avg:  0.0, Max: 0, Diff: 0, Sum: 0, Workers: 4
[1959.047s][debug][gc,phases      ] GC(234)     Total                          Min: 0, Avg:  0.0, Max: 0, Diff: 0, Sum: 0, Workers: 4
[1959.047s][debug][gc,phases      ] GC(234)   Weak JFR Old Object Samples    Min:  0.0, Avg:  0.0, Max:  0.0, Diff:  0.0, Sum:  0.0, Workers: 4
[1959.047s][debug][gc,phases      ] GC(234)     Dead                           Min: 0, Avg:  0.0, Max: 0, Diff: 0, Sum: 0, Workers: 4
[1959.047s][debug][gc,phases      ] GC(234)     Total                          Min: 0, Avg:  0.0, Max: 0, Diff: 0, Sum: 0, Workers: 4
[1959.047s][debug][gc,phases      ] GC(234) Weak Processing 0.356ms
[1959.047s][debug][gc,age         ] GC(234) Desired survivor size 4194304 bytes, new threshold 15 (max threshold 15)
[1959.047s][info ][gc,heap        ] GC(234) PSYoungGen: 2090672K(2093056K)->1696K(2093056K) Eden: 2088960K(2088960K)->0K(2088960K) From: 1712K(4096K)->1696K(4096K)
[1959.047s][info ][gc,heap        ] GC(234) ParOldGen: 395030K(430080K)->395038K(430080K)
[1959.047s][info ][gc,metaspace   ] GC(234) Metaspace: 85685K(86720K)->85685K(86720K) NonClass: 73305K(73856K)->73305K(73856K) Class: 12379K(12864K)->12379K(12864K)
[1959.047s][info ][gc             ] GC(234) Pause Young (Allocation Failure) 2427M->387M(2464M) 3.199ms
[1959.047s][info ][gc,cpu         ] GC(234) User=0.01s Sys=0.00s Real=0.00s
[1959.047s][info ][safepoint      ] Safepoint "ParallelGCFailedAllocation", Time since last: 7344856996 ns, Reaching safepoint: 74800 ns, Cleanup: 20400 ns, At safepoint: 3263205 ns, Total: 3358405 ns
[1962.047s][info ][safepoint      ] Safepoint "Cleanup", Time since last: 3000221196 ns, Reaching safepoint: 72500 ns, Cleanup: 58500 ns, At safepoint: 5300 ns, Total: 136300 ns
[1963.047s][info ][safepoint      ] Safepoint "Cleanup", Time since last: 1000107061 ns, Reaching safepoint: 78600 ns, Cleanup: 62000 ns, At safepoint: 12300 ns, Total: 152900 ns
[1966.944s][info ][gc,start       ] GC(235) Pause Young (Allocation Failure)
[1966.954s][debug][gc,phases      ] GC(235) Scavenge 9.768ms
[1966.954s][debug][gc,ref         ] GC(235) Skipped phase 1 of Reference Processing: no references
[1966.954s][debug][gc,ref         ] GC(235) ReferenceProcessor::execute queues: 1, RefProcThreadModel::Single, marks_oops_alive: false
[1966.954s][debug][gc,ref         ] GC(235) Skipped phase 3 of Reference Processing: no references
[1966.954s][debug][gc,ref         ] GC(235) ReferenceProcessor::execute queues: 1, RefProcThreadModel::Single, marks_oops_alive: false
[1966.954s][debug][gc,phases      ] GC(235) Reference Processing 0.096ms
[1966.954s][debug][gc,phases      ] GC(235)   VM Weak                        Min:  0.0, Avg:  0.0, Max:  0.0, Diff:  0.0, Sum:  0.0, Workers: 4
[1966.954s][debug][gc,phases      ] GC(235)     Dead                           Min: 0, Avg:  0.0, Max: 0, Diff: 0, Sum: 0, Workers: 4
[1966.954s][debug][gc,phases      ] GC(235)     Total                          Min: 0, Avg: 217.0, Max: 484, Diff: 484, Sum: 868, Workers: 4
[1966.954s][debug][gc,phases      ] GC(235)   ObjectSynchronizer Weak        Min:  0.0, Avg:  0.0, Max:  0.0, Diff:  0.0, Sum:  0.0, Workers: 4
[1966.954s][debug][gc,phases      ] GC(235)     Dead                           Min: 0, Avg:  0.0, Max: 0, Diff: 0, Sum: 0, Workers: 4
[1966.954s][debug][gc,phases      ] GC(235)     Total                          Min: 0, Avg:  1.0, Max: 4, Diff: 4, Sum: 4, Workers: 4
[1966.954s][debug][gc,phases      ] GC(235)   JVMTI Tag Weak OopStorage      Min:  0.0, Avg:  0.0, Max:  0.0, Diff:  0.0, Sum:  0.0, Workers: 4
[1966.954s][debug][gc,phases      ] GC(235)     Dead                           Min: 0, Avg:  0.0, Max: 0, Diff: 0, Sum: 0, Workers: 4
[1966.954s][debug][gc,phases      ] GC(235)     Total                          Min: 0, Avg:  0.0, Max: 0, Diff: 0, Sum: 0, Workers: 4
[1966.954s][debug][gc,phases      ] GC(235)   StringTable Weak               Min:  0.0, Avg:  0.1, Max:  0.2, Diff:  0.2, Sum:  0.4, Workers: 4
[1966.954s][debug][gc,phases      ] GC(235)     Dead                           Min: 0, Avg:  0.0, Max: 0, Diff: 0, Sum: 0, Workers: 4
[1966.954s][debug][gc,phases      ] GC(235)     Total                          Min: 0, Avg: 11200.2, Max: 22720, Diff: 22720, Sum: 44801, Workers: 4
[1966.954s][debug][gc,phases      ] GC(235)   ResolvedMethodTable Weak       Min:  0.0, Avg:  0.0, Max:  0.0, Diff:  0.0, Sum:  0.1, Workers: 4
[1966.954s][debug][gc,phases      ] GC(235)     Dead                           Min: 0, Avg:  0.0, Max: 0, Diff: 0, Sum: 0, Workers: 4
[1966.954s][debug][gc,phases      ] GC(235)     Total                          Min: 0, Avg: 2635.5, Max: 5296, Diff: 5296, Sum: 10542, Workers: 4
[1966.954s][debug][gc,phases      ] GC(235)   JNI Weak                       Min:  0.0, Avg:  0.0, Max:  0.0, Diff:  0.0, Sum:  0.0, Workers: 4
[1966.954s][debug][gc,phases      ] GC(235)     Dead                           Min: 0, Avg:  0.0, Max: 0, Diff: 0, Sum: 0, Workers: 4
[1966.954s][debug][gc,phases      ] GC(235)     Total                          Min: 0, Avg: 11.2, Max: 45, Diff: 45, Sum: 45, Workers: 4
[1966.954s][debug][gc,phases      ] GC(235)   StringDedup Table Weak         Min:  0.0, Avg:  0.0, Max:  0.0, Diff:  0.0, Sum:  0.0, Workers: 4
[1966.954s][debug][gc,phases      ] GC(235)     Dead                           Min: 0, Avg:  0.0, Max: 0, Diff: 0, Sum: 0, Workers: 4
[1966.954s][debug][gc,phases      ] GC(235)     Total                          Min: 0, Avg:  0.0, Max: 0, Diff: 0, Sum: 0, Workers: 4
[1966.954s][debug][gc,phases      ] GC(235)   StringDedup Requests0 Weak     Min:  0.0, Avg:  0.0, Max:  0.0, Diff:  0.0, Sum:  0.0, Workers: 4
[1966.954s][debug][gc,phases      ] GC(235)     Dead                           Min: 0, Avg:  0.0, Max: 0, Diff: 0, Sum: 0, Workers: 4
[1966.954s][debug][gc,phases      ] GC(235)     Total                          Min: 0, Avg:  0.0, Max: 0, Diff: 0, Sum: 0, Workers: 4
[1966.954s][debug][gc,phases      ] GC(235)   StringDedup Requests1 Weak     Min:  0.0, Avg:  0.0, Max:  0.0, Diff:  0.0, Sum:  0.0, Workers: 4
[1966.954s][debug][gc,phases      ] GC(235)     Dead                           Min: 0, Avg:  0.0, Max: 0, Diff: 0, Sum: 0, Workers: 4
[1966.954s][debug][gc,phases      ] GC(235)     Total                          Min: 0, Avg:  0.0, Max: 0, Diff: 0, Sum: 0, Workers: 4
[1966.954s][debug][gc,phases      ] GC(235)   Weak JFR Old Object Samples    Min:  0.0, Avg:  0.0, Max:  0.0, Diff:  0.0, Sum:  0.0, Workers: 4
[1966.954s][debug][gc,phases      ] GC(235)     Dead                           Min: 0, Avg:  0.0, Max: 0, Diff: 0, Sum: 0, Workers: 4
[1966.954s][debug][gc,phases      ] GC(235)     Total                          Min: 0, Avg:  0.0, Max: 0, Diff: 0, Sum: 0, Workers: 4
[1966.954s][debug][gc,phases      ] GC(235) Weak Processing 0.511ms
[1966.954s][debug][gc,age         ] GC(235) Desired survivor size 4194304 bytes, new threshold 15 (max threshold 15)
[1966.954s][info ][gc,heap        ] GC(235) PSYoungGen: 2090656K(2093056K)->2496K(2093056K) Eden: 2088960K(2088960K)->0K(2088960K) From: 1696K(4096K)->2496K(4096K)
[1966.955s][info ][gc,heap        ] GC(235) ParOldGen: 395038K(430080K)->399166K(430080K)
[1966.955s][info ][gc,metaspace   ] GC(235) Metaspace: 85705K(86720K)->85705K(86720K) NonClass: 73326K(73856K)->73326K(73856K) Class: 12379K(12864K)->12379K(12864K)
[1966.955s][info ][gc             ] GC(235) Pause Young (Allocation Failure) 2427M->392M(2464M) 10.503ms
[1966.955s][info ][gc,cpu         ] GC(235) User=0.01s Sys=0.00s Real=0.01s
[1966.955s][info ][safepoint      ] Safepoint "ParallelGCFailedAllocation", Time since last: 3896432082 ns, Reaching safepoint: 73600 ns, Cleanup: 22600 ns, At safepoint: 10597012 ns, Total: 10693212 ns
[1974.543s][info ][safepoint      ] Safepoint "Cleanup", Time since last: 7588180564 ns, Reaching safepoint: 73600 ns, Cleanup: 59700 ns, At safepoint: 3000 ns, Total: 136300 ns
[1975.543s][info ][safepoint      ] Safepoint "Cleanup", Time since last: 1000123452 ns, Reaching safepoint: 75300 ns, Cleanup: 35500 ns, At safepoint: 5000 ns, Total: 115800 ns
[1976.437s][info ][gc,start       ] GC(236) Pause Young (Allocation Failure)
[1976.443s][debug][gc,phases      ] GC(236) Scavenge 5.395ms
[1976.443s][debug][gc,ref         ] GC(236) Skipped phase 1 of Reference Processing: no references
[1976.443s][debug][gc,ref         ] GC(236) ReferenceProcessor::execute queues: 1, RefProcThreadModel::Single, marks_oops_alive: false
[1976.443s][debug][gc,ref         ] GC(236) ReferenceProcessor::execute queues: 4, RefProcThreadModel::Multi, marks_oops_alive: true
[1976.443s][debug][gc,ref         ] GC(236) ReferenceProcessor::execute queues: 1, RefProcThreadModel::Single, marks_oops_alive: false
[1976.443s][debug][gc,phases      ] GC(236) Reference Processing 0.214ms
[1976.443s][debug][gc,phases      ] GC(236)   VM Weak                        Min:  0.0, Avg:  0.0, Max:  0.0, Diff:  0.0, Sum:  0.0, Workers: 4
[1976.443s][debug][gc,phases      ] GC(236)     Dead                           Min: 0, Avg:  0.0, Max: 0, Diff: 0, Sum: 0, Workers: 4
[1976.443s][debug][gc,phases      ] GC(236)     Total                          Min: 0, Avg: 217.0, Max: 320, Diff: 320, Sum: 868, Workers: 4
[1976.443s][debug][gc,phases      ] GC(236)   ObjectSynchronizer Weak        Min:  0.0, Avg:  0.0, Max:  0.0, Diff:  0.0, Sum:  0.0, Workers: 4
[1976.443s][debug][gc,phases      ] GC(236)     Dead                           Min: 0, Avg:  0.0, Max: 0, Diff: 0, Sum: 0, Workers: 4
[1976.443s][debug][gc,phases      ] GC(236)     Total                          Min: 0, Avg:  1.0, Max: 4, Diff: 4, Sum: 4, Workers: 4
[1976.443s][debug][gc,phases      ] GC(236)   JVMTI Tag Weak OopStorage      Min:  0.0, Avg:  0.0, Max:  0.0, Diff:  0.0, Sum:  0.0, Workers: 4
[1976.443s][debug][gc,phases      ] GC(236)     Dead                           Min: 0, Avg:  0.0, Max: 0, Diff: 0, Sum: 0, Workers: 4
[1976.443s][debug][gc,phases      ] GC(236)     Total                          Min: 0, Avg:  0.0, Max: 0, Diff: 0, Sum: 0, Workers: 4
[1976.443s][debug][gc,phases      ] GC(236)   StringTable Weak               Min:  0.0, Avg:  0.1, Max:  0.1, Diff:  0.1, Sum:  0.4, Workers: 4
[1976.443s][debug][gc,phases      ] GC(236)     Dead                           Min: 0, Avg:  0.0, Max: 0, Diff: 0, Sum: 0, Workers: 4
[1976.443s][debug][gc,phases      ] GC(236)     Total                          Min: 0, Avg: 11200.2, Max: 15233, Diff: 15233, Sum: 44801, Workers: 4
[1976.443s][debug][gc,phases      ] GC(236)   ResolvedMethodTable Weak       Min:  0.0, Avg:  0.0, Max:  0.0, Diff:  0.0, Sum:  0.1, Workers: 4
[1976.443s][debug][gc,phases      ] GC(236)     Dead                           Min: 0, Avg:  0.0, Max: 0, Diff: 0, Sum: 0, Workers: 4
[1976.443s][debug][gc,phases      ] GC(236)     Total                          Min: 0, Avg: 2635.5, Max: 3520, Diff: 3520, Sum: 10542, Workers: 4
[1976.443s][debug][gc,phases      ] GC(236)   JNI Weak                       Min:  0.0, Avg:  0.0, Max:  0.0, Diff:  0.0, Sum:  0.0, Workers: 4
[1976.443s][debug][gc,phases      ] GC(236)     Dead                           Min: 0, Avg:  0.0, Max: 0, Diff: 0, Sum: 0, Workers: 4
[1976.443s][debug][gc,phases      ] GC(236)     Total                          Min: 0, Avg: 11.2, Max: 45, Diff: 45, Sum: 45, Workers: 4
[1976.443s][debug][gc,phases      ] GC(236)   StringDedup Table Weak         Min:  0.0, Avg:  0.0, Max:  0.0, Diff:  0.0, Sum:  0.0, Workers: 4
[1976.443s][debug][gc,phases      ] GC(236)     Dead                           Min: 0, Avg:  0.0, Max: 0, Diff: 0, Sum: 0, Workers: 4
[1976.443s][debug][gc,phases      ] GC(236)     Total                          Min: 0, Avg:  0.0, Max: 0, Diff: 0, Sum: 0, Workers: 4
[1976.443s][debug][gc,phases      ] GC(236)   StringDedup Requests0 Weak     Min:  0.0, Avg:  0.0, Max:  0.0, Diff:  0.0, Sum:  0.0, Workers: 4
[1976.443s][debug][gc,phases      ] GC(236)     Dead                           Min: 0, Avg:  0.0, Max: 0, Diff: 0, Sum: 0, Workers: 4
[1976.443s][debug][gc,phases      ] GC(236)     Total                          Min: 0, Avg:  0.0, Max: 0, Diff: 0, Sum: 0, Workers: 4
[1976.443s][debug][gc,phases      ] GC(236)   StringDedup Requests1 Weak     Min:  0.0, Avg:  0.0, Max:  0.0, Diff:  0.0, Sum:  0.0, Workers: 4
[1976.443s][debug][gc,phases      ] GC(236)     Dead                           Min: 0, Avg:  0.0, Max: 0, Diff: 0, Sum: 0, Workers: 4
[1976.443s][debug][gc,phases      ] GC(236)     Total                          Min: 0, Avg:  0.0, Max: 0, Diff: 0, Sum: 0, Workers: 4
[1976.443s][debug][gc,phases      ] GC(236)   Weak JFR Old Object Samples    Min:  0.0, Avg:  0.0, Max:  0.0, Diff:  0.0, Sum:  0.0, Workers: 4
[1976.443s][debug][gc,phases      ] GC(236)     Dead                           Min: 0, Avg:  0.0, Max: 0, Diff: 0, Sum: 0, Workers: 4
[1976.443s][debug][gc,phases      ] GC(236)     Total                          Min: 0, Avg:  0.0, Max: 0, Diff: 0, Sum: 0, Workers: 4
[1976.443s][debug][gc,phases      ] GC(236) Weak Processing 0.425ms
[1976.443s][debug][gc,age         ] GC(236) Desired survivor size 3670016 bytes, new threshold 15 (max threshold 15)
[1976.444s][info ][gc,heap        ] GC(236) PSYoungGen: 2091456K(2093056K)->2373K(2093568K) Eden: 2088960K(2088960K)->0K(2089472K) From: 2496K(4096K)->2373K(4096K)
[1976.444s][info ][gc,heap        ] GC(236) ParOldGen: 399166K(430080K)->399182K(430080K)
[1976.444s][info ][gc,metaspace   ] GC(236) Metaspace: 85707K(86720K)->85707K(86720K) NonClass: 73327K(73856K)->73327K(73856K) Class: 12379K(12864K)->12379K(12864K)
[1976.444s][info ][gc             ] GC(236) Pause Young (Allocation Failure) 2432M->392M(2464M) 6.188ms
[1976.444s][info ][gc,cpu         ] GC(236) User=0.01s Sys=0.00s Real=0.01s
[1976.444s][info ][safepoint      ] Safepoint "ParallelGCFailedAllocation", Time since last: 894145640 ns, Reaching safepoint: 6700 ns, Cleanup: 25600 ns, At safepoint: 6277307 ns, Total: 6309607 ns
[1979.444s][info ][safepoint      ] Safepoint "Cleanup", Time since last: 3000257665 ns, Reaching safepoint: 5700 ns, Cleanup: 40100 ns, At safepoint: 2700 ns, Total: 48500 ns
[1980.535s][info ][safepoint      ] Safepoint "Cleanup", Time since last: 1091454183 ns, Reaching safepoint: 72300 ns, Cleanup: 47400 ns, At safepoint: 6100 ns, Total: 125800 ns
[1985.536s][info ][safepoint      ] Safepoint "Cleanup", Time since last: 5000324792 ns, Reaching safepoint: 4800 ns, Cleanup: 36000 ns, At safepoint: 4700 ns, Total: 45500 ns
[1989.536s][info ][safepoint      ] Safepoint "Cleanup", Time since last: 4000299801 ns, Reaching safepoint: 6300 ns, Cleanup: 40600 ns, At safepoint: 3200 ns, Total: 50100 ns
[1989.789s][info ][gc,start       ] GC(237) Pause Young (Allocation Failure)
[1989.793s][debug][gc,phases      ] GC(237) Scavenge 4.338ms
[1989.794s][debug][gc,ref         ] GC(237) Skipped phase 1 of Reference Processing: no references
[1989.794s][debug][gc,ref         ] GC(237) ReferenceProcessor::execute queues: 1, RefProcThreadModel::Single, marks_oops_alive: false
[1989.794s][debug][gc,ref         ] GC(237) Skipped phase 3 of Reference Processing: no references
[1989.794s][debug][gc,ref         ] GC(237) ReferenceProcessor::execute queues: 1, RefProcThreadModel::Single, marks_oops_alive: false
[1989.794s][debug][gc,phases      ] GC(237) Reference Processing 0.090ms
[1989.794s][debug][gc,phases      ] GC(237)   VM Weak                        Min:  0.0, Avg:  0.0, Max:  0.0, Diff:  0.0, Sum:  0.0, Workers: 4
[1989.794s][debug][gc,phases      ] GC(237)     Dead                           Min: 0, Avg:  0.0, Max: 0, Diff: 0, Sum: 0, Workers: 4
[1989.794s][debug][gc,phases      ] GC(237)     Total                          Min: 0, Avg: 217.0, Max: 832, Diff: 832, Sum: 868, Workers: 4
[1989.794s][debug][gc,phases      ] GC(237)   ObjectSynchronizer Weak        Min:  0.0, Avg:  0.0, Max:  0.0, Diff:  0.0, Sum:  0.0, Workers: 4
[1989.794s][debug][gc,phases      ] GC(237)     Dead                           Min: 0, Avg:  0.0, Max: 0, Diff: 0, Sum: 0, Workers: 4
[1989.794s][debug][gc,phases      ] GC(237)     Total                          Min: 0, Avg:  1.0, Max: 4, Diff: 4, Sum: 4, Workers: 4
[1989.794s][debug][gc,phases      ] GC(237)   JVMTI Tag Weak OopStorage      Min:  0.0, Avg:  0.0, Max:  0.0, Diff:  0.0, Sum:  0.0, Workers: 4
[1989.794s][debug][gc,phases      ] GC(237)     Dead                           Min: 0, Avg:  0.0, Max: 0, Diff: 0, Sum: 0, Workers: 4
[1989.794s][debug][gc,phases      ] GC(237)     Total                          Min: 0, Avg:  0.0, Max: 0, Diff: 0, Sum: 0, Workers: 4
[1989.794s][debug][gc,phases      ] GC(237)   StringTable Weak               Min:  0.0, Avg:  0.1, Max:  0.1, Diff:  0.1, Sum:  0.4, Workers: 4
[1989.794s][debug][gc,phases      ] GC(237)     Dead                           Min: 0, Avg:  0.0, Max: 0, Diff: 0, Sum: 0, Workers: 4
[1989.794s][debug][gc,phases      ] GC(237)     Total                          Min: 0, Avg: 11202.2, Max: 19200, Diff: 19200, Sum: 44809, Workers: 4
[1989.794s][debug][gc,phases      ] GC(237)   ResolvedMethodTable Weak       Min:  0.0, Avg:  0.0, Max:  0.0, Diff:  0.0, Sum:  0.1, Workers: 4
[1989.794s][debug][gc,phases      ] GC(237)     Dead                           Min: 0, Avg:  0.0, Max: 0, Diff: 0, Sum: 0, Workers: 4
[1989.794s][debug][gc,phases      ] GC(237)     Total                          Min: 0, Avg: 2635.5, Max: 4608, Diff: 4608, Sum: 10542, Workers: 4
[1989.794s][debug][gc,phases      ] GC(237)   JNI Weak                       Min:  0.0, Avg:  0.0, Max:  0.0, Diff:  0.0, Sum:  0.0, Workers: 4
[1989.794s][debug][gc,phases      ] GC(237)     Dead                           Min: 0, Avg:  0.0, Max: 0, Diff: 0, Sum: 0, Workers: 4
[1989.794s][debug][gc,phases      ] GC(237)     Total                          Min: 0, Avg: 11.2, Max: 45, Diff: 45, Sum: 45, Workers: 4
[1989.794s][debug][gc,phases      ] GC(237)   StringDedup Table Weak         Min:  0.0, Avg:  0.0, Max:  0.0, Diff:  0.0, Sum:  0.0, Workers: 4
[1989.794s][debug][gc,phases      ] GC(237)     Dead                           Min: 0, Avg:  0.0, Max: 0, Diff: 0, Sum: 0, Workers: 4
[1989.794s][debug][gc,phases      ] GC(237)     Total                          Min: 0, Avg:  0.0, Max: 0, Diff: 0, Sum: 0, Workers: 4
[1989.794s][debug][gc,phases      ] GC(237)   StringDedup Requests0 Weak     Min:  0.0, Avg:  0.0, Max:  0.0, Diff:  0.0, Sum:  0.0, Workers: 4
[1989.794s][debug][gc,phases      ] GC(237)     Dead                           Min: 0, Avg:  0.0, Max: 0, Diff: 0, Sum: 0, Workers: 4
[1989.794s][debug][gc,phases      ] GC(237)     Total                          Min: 0, Avg:  0.0, Max: 0, Diff: 0, Sum: 0, Workers: 4
[1989.794s][debug][gc,phases      ] GC(237)   StringDedup Requests1 Weak     Min:  0.0, Avg:  0.0, Max:  0.0, Diff:  0.0, Sum:  0.0, Workers: 4
[1989.794s][debug][gc,phases      ] GC(237)     Dead                           Min: 0, Avg:  0.0, Max: 0, Diff: 0, Sum: 0, Workers: 4
[1989.794s][debug][gc,phases      ] GC(237)     Total                          Min: 0, Avg:  0.0, Max: 0, Diff: 0, Sum: 0, Workers: 4
[1989.794s][debug][gc,phases      ] GC(237)   Weak JFR Old Object Samples    Min:  0.0, Avg:  0.0, Max:  0.0, Diff:  0.0, Sum:  0.0, Workers: 4
[1989.794s][debug][gc,phases      ] GC(237)     Dead                           Min: 0, Avg:  0.0, Max: 0, Diff: 0, Sum: 0, Workers: 4
[1989.794s][debug][gc,phases      ] GC(237)     Total                          Min: 0, Avg:  0.0, Max: 0, Diff: 0, Sum: 0, Workers: 4
[1989.794s][debug][gc,phases      ] GC(237) Weak Processing 0.325ms
[1989.794s][debug][gc,age         ] GC(237) Desired survivor size 3670016 bytes, new threshold 15 (max threshold 15)
[1989.794s][info ][gc,heap        ] GC(237) PSYoungGen: 2091845K(2093568K)->2722K(2093056K) Eden: 2089472K(2089472K)->0K(2089472K) From: 2373K(4096K)->2722K(3584K)
[1989.794s][info ][gc,heap        ] GC(237) ParOldGen: 399182K(430080K)->399214K(430080K)
[1989.794s][info ][gc,metaspace   ] GC(237) Metaspace: 85744K(86848K)->85744K(86848K) NonClass: 73362K(73984K)->73362K(73984K) Class: 12381K(12864K)->12381K(12864K)
[1989.794s][info ][gc             ] GC(237) Pause Young (Allocation Failure) 2432M->392M(2464M) 4.845ms
[1989.794s][info ][gc,cpu         ] GC(237) User=0.02s Sys=0.00s Real=0.01s
[1989.794s][info ][safepoint      ] Safepoint "ParallelGCFailedAllocation", Time since last: 252832789 ns, Reaching safepoint: 4100 ns, Cleanup: 40500 ns, At safepoint: 4913808 ns, Total: 4958408 ns
[1990.794s][info ][safepoint      ] Safepoint "Cleanup", Time since last: 1000076138 ns, Reaching safepoint: 5700 ns, Cleanup: 42000 ns, At safepoint: 6700 ns, Total: 54400 ns
[1996.795s][info ][safepoint      ] Safepoint "Cleanup", Time since last: 6000428174 ns, Reaching safepoint: 53301 ns, Cleanup: 33800 ns, At safepoint: 7300 ns, Total: 94401 ns
[1997.795s][info ][safepoint      ] Safepoint "Cleanup", Time since last: 1000099550 ns, Reaching safepoint: 70800 ns, Cleanup: 35200 ns, At safepoint: 6400 ns, Total: 112400 ns
[1999.345s][info ][safepoint      ] Safepoint "Cleanup", Time since last: 1550102993 ns, Reaching safepoint: 3600 ns, Cleanup: 91700 ns, At safepoint: 6400 ns, Total: 101700 ns
[2000.092s][info ][gc,start       ] GC(238) Pause Young (Allocation Failure)
[2000.097s][debug][gc,phases      ] GC(238) Scavenge 4.726ms
[2000.097s][debug][gc,ref         ] GC(238) Skipped phase 1 of Reference Processing: no references
[2000.097s][debug][gc,ref         ] GC(238) ReferenceProcessor::execute queues: 1, RefProcThreadModel::Single, marks_oops_alive: false
[2000.097s][debug][gc,ref         ] GC(238) ReferenceProcessor::execute queues: 4, RefProcThreadModel::Multi, marks_oops_alive: true
[2000.097s][debug][gc,ref         ] GC(238) ReferenceProcessor::execute queues: 1, RefProcThreadModel::Single, marks_oops_alive: false
[2000.097s][debug][gc,phases      ] GC(238) Reference Processing 0.424ms
[2000.097s][debug][gc,phases      ] GC(238)   VM Weak                        Min:  0.0, Avg:  0.0, Max:  0.0, Diff:  0.0, Sum:  0.0, Workers: 4
[2000.097s][debug][gc,phases      ] GC(238)     Dead                           Min: 0, Avg:  0.0, Max: 0, Diff: 0, Sum: 0, Workers: 4
[2000.097s][debug][gc,phases      ] GC(238)     Total                          Min: 0, Avg: 217.0, Max: 576, Diff: 576, Sum: 868, Workers: 4
[2000.097s][debug][gc,phases      ] GC(238)   ObjectSynchronizer Weak        Min:  0.0, Avg:  0.0, Max:  0.0, Diff:  0.0, Sum:  0.0, Workers: 4
[2000.097s][debug][gc,phases      ] GC(238)     Dead                           Min: 0, Avg:  0.0, Max: 0, Diff: 0, Sum: 0, Workers: 4
[2000.097s][debug][gc,phases      ] GC(238)     Total                          Min: 0, Avg:  1.0, Max: 4, Diff: 4, Sum: 4, Workers: 4
[2000.097s][debug][gc,phases      ] GC(238)   JVMTI Tag Weak OopStorage      Min:  0.0, Avg:  0.0, Max:  0.0, Diff:  0.0, Sum:  0.0, Workers: 4
[2000.097s][debug][gc,phases      ] GC(238)     Dead                           Min: 0, Avg:  0.0, Max: 0, Diff: 0, Sum: 0, Workers: 4
[2000.097s][debug][gc,phases      ] GC(238)     Total                          Min: 0, Avg:  0.0, Max: 0, Diff: 0, Sum: 0, Workers: 4
[2000.097s][debug][gc,phases      ] GC(238)   StringTable Weak               Min:  0.0, Avg:  0.1, Max:  0.1, Diff:  0.1, Sum:  0.4, Workers: 4
[2000.097s][debug][gc,phases      ] GC(238)     Dead                           Min: 0, Avg:  0.2, Max: 1, Diff: 1, Sum: 1, Workers: 4
[2000.097s][debug][gc,phases      ] GC(238)     Total                          Min: 0, Avg: 11205.2, Max: 15168, Diff: 15168, Sum: 44821, Workers: 4
[2000.097s][debug][gc,phases      ] GC(238)   ResolvedMethodTable Weak       Min:  0.0, Avg:  0.0, Max:  0.0, Diff:  0.0, Sum:  0.1, Workers: 4
[2000.097s][debug][gc,phases      ] GC(238)     Dead                           Min: 0, Avg:  0.0, Max: 0, Diff: 0, Sum: 0, Workers: 4
[2000.097s][debug][gc,phases      ] GC(238)     Total                          Min: 0, Avg: 2640.2, Max: 3585, Diff: 3585, Sum: 10561, Workers: 4
[2000.097s][debug][gc,phases      ] GC(238)   JNI Weak                       Min:  0.0, Avg:  0.0, Max:  0.0, Diff:  0.0, Sum:  0.0, Workers: 4
[2000.097s][debug][gc,phases      ] GC(238)     Dead                           Min: 0, Avg:  0.0, Max: 0, Diff: 0, Sum: 0, Workers: 4
[2000.097s][debug][gc,phases      ] GC(238)     Total                          Min: 0, Avg: 11.2, Max: 45, Diff: 45, Sum: 45, Workers: 4
[2000.097s][debug][gc,phases      ] GC(238)   StringDedup Table Weak         Min:  0.0, Avg:  0.0, Max:  0.0, Diff:  0.0, Sum:  0.0, Workers: 4
[2000.097s][debug][gc,phases      ] GC(238)     Dead                           Min: 0, Avg:  0.0, Max: 0, Diff: 0, Sum: 0, Workers: 4
[2000.097s][debug][gc,phases      ] GC(238)     Total                          Min: 0, Avg:  0.0, Max: 0, Diff: 0, Sum: 0, Workers: 4
[2000.097s][debug][gc,phases      ] GC(238)   StringDedup Requests0 Weak     Min:  0.0, Avg:  0.0, Max:  0.0, Diff:  0.0, Sum:  0.0, Workers: 4
[2000.097s][debug][gc,phases      ] GC(238)     Dead                           Min: 0, Avg:  0.0, Max: 0, Diff: 0, Sum: 0, Workers: 4
[2000.097s][debug][gc,phases      ] GC(238)     Total                          Min: 0, Avg:  0.0, Max: 0, Diff: 0, Sum: 0, Workers: 4
[2000.097s][debug][gc,phases      ] GC(238)   StringDedup Requests1 Weak     Min:  0.0, Avg:  0.0, Max:  0.0, Diff:  0.0, Sum:  0.0, Workers: 4
[2000.097s][debug][gc,phases      ] GC(238)     Dead                           Min: 0, Avg:  0.0, Max: 0, Diff: 0, Sum: 0, Workers: 4
[2000.097s][debug][gc,phases      ] GC(238)     Total                          Min: 0, Avg:  0.0, Max: 0, Diff: 0, Sum: 0, Workers: 4
[2000.097s][debug][gc,phases      ] GC(238)   Weak JFR Old Object Samples    Min:  0.0, Avg:  0.0, Max:  0.0, Diff:  0.0, Sum:  0.0, Workers: 4
[2000.097s][debug][gc,phases      ] GC(238)     Dead                           Min: 0, Avg:  0.0, Max: 0, Diff: 0, Sum: 0, Workers: 4
[2000.097s][debug][gc,phases      ] GC(238)     Total                          Min: 0, Avg:  0.0, Max: 0, Diff: 0, Sum: 0, Workers: 4
[2000.097s][debug][gc,phases      ] GC(238) Weak Processing 0.387ms
[2000.097s][debug][gc,age         ] GC(238) Desired survivor size 4194304 bytes, new threshold 15 (max threshold 15)
[2000.098s][info ][gc,heap        ] GC(238) PSYoungGen: 2092194K(2093056K)->3298K(2092544K) Eden: 2089472K(2089472K)->0K(2088960K) From: 2722K(3584K)->3298K(3584K)
[2000.098s][info ][gc,heap        ] GC(238) ParOldGen: 399214K(430080K)->399246K(430080K)
[2000.098s][info ][gc,metaspace   ] GC(238) Metaspace: 85799K(86848K)->85799K(86848K) NonClass: 73408K(73984K)->73408K(73984K) Class: 12390K(12864K)->12390K(12864K)
[2000.098s][info ][gc             ] GC(238) Pause Young (Allocation Failure) 2433M->393M(2463M) 5.656ms
[2000.098s][info ][gc,cpu         ] GC(238) User=0.02s Sys=0.00s Real=0.01s
[2000.098s][info ][safepoint      ] Safepoint "ParallelGCFailedAllocation", Time since last: 746663709 ns, Reaching safepoint: 73200 ns, Cleanup: 39700 ns, At safepoint: 5727007 ns, Total: 5839907 ns
[2002.098s][info ][safepoint      ] Safepoint "Cleanup", Time since last: 2000170701 ns, Reaching safepoint: 6100 ns, Cleanup: 36400 ns, At safepoint: 3200 ns, Total: 45700 ns
[2004.098s][info ][safepoint      ] Safepoint "Cleanup", Time since last: 2000183052 ns, Reaching safepoint: 4300 ns, Cleanup: 31600 ns, At safepoint: 2800 ns, Total: 38700 ns
[2005.098s][info ][safepoint      ] Safepoint "Cleanup", Time since last: 1000105221 ns, Reaching safepoint: 7000 ns, Cleanup: 29500 ns, At safepoint: 4400 ns, Total: 40900 ns
[2006.098s][info ][safepoint      ] Safepoint "Cleanup", Time since last: 1000120322 ns, Reaching safepoint: 6200 ns, Cleanup: 37000 ns, At safepoint: 2500 ns, Total: 45700 ns
[2007.098s][info ][safepoint      ] Safepoint "Cleanup", Time since last: 1000105422 ns, Reaching safepoint: 4300 ns, Cleanup: 31600 ns, At safepoint: 2700 ns, Total: 38600 ns
[2008.099s][info ][safepoint      ] Safepoint "Cleanup", Time since last: 1000116521 ns, Reaching safepoint: 4700 ns, Cleanup: 36500 ns, At safepoint: 4600 ns, Total: 45800 ns
[2009.099s][info ][safepoint      ] Safepoint "Cleanup", Time since last: 1000126122 ns, Reaching safepoint: 4900 ns, Cleanup: 39300 ns, At safepoint: 2700 ns, Total: 46900 ns
[2014.099s][info ][safepoint      ] Safepoint "Cleanup", Time since last: 5000381257 ns, Reaching safepoint: 4500 ns, Cleanup: 30000 ns, At safepoint: 2600 ns, Total: 37100 ns
[2014.242s][info ][gc,start       ] GC(239) Pause Young (Allocation Failure)
[2014.250s][debug][gc,phases      ] GC(239) Scavenge 7.753ms
[2014.250s][debug][gc,ref         ] GC(239) Skipped phase 1 of Reference Processing: no references
[2014.250s][debug][gc,ref         ] GC(239) ReferenceProcessor::execute queues: 1, RefProcThreadModel::Single, marks_oops_alive: false
[2014.250s][debug][gc,ref         ] GC(239) ReferenceProcessor::execute queues: 4, RefProcThreadModel::Multi, marks_oops_alive: true
[2014.250s][debug][gc,ref         ] GC(239) ReferenceProcessor::execute queues: 1, RefProcThreadModel::Single, marks_oops_alive: false
[2014.250s][debug][gc,phases      ] GC(239) Reference Processing 0.205ms
[2014.251s][debug][gc,phases      ] GC(239)   VM Weak                        Min:  0.0, Avg:  0.0, Max:  0.0, Diff:  0.0, Sum:  0.0, Workers: 4
[2014.251s][debug][gc,phases      ] GC(239)     Dead                           Min: 0, Avg:  0.0, Max: 0, Diff: 0, Sum: 0, Workers: 4
[2014.251s][debug][gc,phases      ] GC(239)     Total                          Min: 0, Avg: 217.0, Max: 576, Diff: 576, Sum: 868, Workers: 4
[2014.251s][debug][gc,phases      ] GC(239)   ObjectSynchronizer Weak        Min:  0.0, Avg:  0.0, Max:  0.0, Diff:  0.0, Sum:  0.0, Workers: 4
[2014.251s][debug][gc,phases      ] GC(239)     Dead                           Min: 0, Avg:  0.0, Max: 0, Diff: 0, Sum: 0, Workers: 4
[2014.251s][debug][gc,phases      ] GC(239)     Total                          Min: 0, Avg:  1.0, Max: 4, Diff: 4, Sum: 4, Workers: 4
[2014.251s][debug][gc,phases      ] GC(239)   JVMTI Tag Weak OopStorage      Min:  0.0, Avg:  0.0, Max:  0.0, Diff:  0.0, Sum:  0.0, Workers: 4
[2014.251s][debug][gc,phases      ] GC(239)     Dead                           Min: 0, Avg:  0.0, Max: 0, Diff: 0, Sum: 0, Workers: 4
[2014.251s][debug][gc,phases      ] GC(239)     Total                          Min: 0, Avg:  0.0, Max: 0, Diff: 0, Sum: 0, Workers: 4
[2014.251s][debug][gc,phases      ] GC(239)   StringTable Weak               Min:  0.0, Avg:  0.1, Max:  0.2, Diff:  0.2, Sum:  0.4, Workers: 4
[2014.251s][debug][gc,phases      ] GC(239)     Dead                           Min: 0, Avg:  0.0, Max: 0, Diff: 0, Sum: 0, Workers: 4
[2014.251s][debug][gc,phases      ] GC(239)     Total                          Min: 0, Avg: 11205.2, Max: 22719, Diff: 22719, Sum: 44821, Workers: 4
[2014.251s][debug][gc,phases      ] GC(239)   ResolvedMethodTable Weak       Min:  0.0, Avg:  0.0, Max:  0.0, Diff:  0.0, Sum:  0.1, Workers: 4
[2014.251s][debug][gc,phases      ] GC(239)     Dead                           Min: 0, Avg:  0.0, Max: 0, Diff: 0, Sum: 0, Workers: 4
[2014.251s][debug][gc,phases      ] GC(239)     Total                          Min: 0, Avg: 2640.2, Max: 5505, Diff: 5505, Sum: 10561, Workers: 4
[2014.251s][debug][gc,phases      ] GC(239)   JNI Weak                       Min:  0.0, Avg:  0.0, Max:  0.0, Diff:  0.0, Sum:  0.0, Workers: 4
[2014.251s][debug][gc,phases      ] GC(239)     Dead                           Min: 0, Avg:  0.0, Max: 0, Diff: 0, Sum: 0, Workers: 4
[2014.251s][debug][gc,phases      ] GC(239)     Total                          Min: 0, Avg: 11.2, Max: 45, Diff: 45, Sum: 45, Workers: 4
[2014.251s][debug][gc,phases      ] GC(239)   StringDedup Table Weak         Min:  0.0, Avg:  0.0, Max:  0.0, Diff:  0.0, Sum:  0.0, Workers: 4
[2014.251s][debug][gc,phases      ] GC(239)     Dead                           Min: 0, Avg:  0.0, Max: 0, Diff: 0, Sum: 0, Workers: 4
[2014.251s][debug][gc,phases      ] GC(239)     Total                          Min: 0, Avg:  0.0, Max: 0, Diff: 0, Sum: 0, Workers: 4
[2014.251s][debug][gc,phases      ] GC(239)   StringDedup Requests0 Weak     Min:  0.0, Avg:  0.0, Max:  0.0, Diff:  0.0, Sum:  0.0, Workers: 4
[2014.251s][debug][gc,phases      ] GC(239)     Dead                           Min: 0, Avg:  0.0, Max: 0, Diff: 0, Sum: 0, Workers: 4
[2014.251s][debug][gc,phases      ] GC(239)     Total                          Min: 0, Avg:  0.0, Max: 0, Diff: 0, Sum: 0, Workers: 4
[2014.251s][debug][gc,phases      ] GC(239)   StringDedup Requests1 Weak     Min:  0.0, Avg:  0.0, Max:  0.0, Diff:  0.0, Sum:  0.0, Workers: 4
[2014.251s][debug][gc,phases      ] GC(239)     Dead                           Min: 0, Avg:  0.0, Max: 0, Diff: 0, Sum: 0, Workers: 4
[2014.251s][debug][gc,phases      ] GC(239)     Total                          Min: 0, Avg:  0.0, Max: 0, Diff: 0, Sum: 0, Workers: 4
[2014.251s][debug][gc,phases      ] GC(239)   Weak JFR Old Object Samples    Min:  0.0, Avg:  0.0, Max:  0.0, Diff:  0.0, Sum:  0.0, Workers: 4
[2014.251s][debug][gc,phases      ] GC(239)     Dead                           Min: 0, Avg:  0.0, Max: 0, Diff: 0, Sum: 0, Workers: 4
[2014.251s][debug][gc,phases      ] GC(239)     Total                          Min: 0, Avg:  0.0, Max: 0, Diff: 0, Sum: 0, Workers: 4
[2014.251s][debug][gc,phases      ] GC(239) Weak Processing 0.531ms
[2014.251s][debug][gc,age         ] GC(239) Desired survivor size 4194304 bytes, new threshold 15 (max threshold 15)
[2014.251s][info ][gc,heap        ] GC(239) PSYoungGen: 2092258K(2092544K)->2949K(2093056K) Eden: 2088960K(2088960K)->0K(2088960K) From: 3298K(3584K)->2949K(4096K)
[2014.251s][info ][gc,heap        ] GC(239) ParOldGen: 399246K(430080K)->399254K(430080K)
[2014.251s][info ][gc,metaspace   ] GC(239) Metaspace: 85816K(86848K)->85816K(86848K) NonClass: 73426K(73984K)->73426K(73984K) Class: 12390K(12864K)->12390K(12864K)
[2014.251s][info ][gc             ] GC(239) Pause Young (Allocation Failure) 2433M->392M(2464M) 8.620ms
[2014.251s][info ][gc,cpu         ] GC(239) User=0.03s Sys=0.00s Real=0.00s
[2014.251s][info ][safepoint      ] Safepoint "ParallelGCFailedAllocation", Time since last: 142970291 ns, Reaching safepoint: 72600 ns, Cleanup: 26700 ns, At safepoint: 8709212 ns, Total: 8808512 ns
[2015.251s][info ][safepoint      ] Safepoint "Cleanup", Time since last: 1000099935 ns, Reaching safepoint: 7000 ns, Cleanup: 39100 ns, At safepoint: 3600 ns, Total: 49700 ns
[2019.252s][info ][safepoint      ] Safepoint "Cleanup", Time since last: 4000313780 ns, Reaching safepoint: 80300 ns, Cleanup: 52100 ns, At safepoint: 14200 ns, Total: 146600 ns
[2022.252s][info ][safepoint      ] Safepoint "Cleanup", Time since last: 3000221840 ns, Reaching safepoint: 5600 ns, Cleanup: 53300 ns, At safepoint: 3400 ns, Total: 62300 ns
[2023.252s][info ][safepoint      ] Safepoint "Cleanup", Time since last: 1000114047 ns, Reaching safepoint: 4500 ns, Cleanup: 28000 ns, At safepoint: 2500 ns, Total: 35000 ns
[2024.993s][info ][gc,start       ] GC(240) Pause Young (Allocation Failure)
[2024.997s][debug][gc,phases      ] GC(240) Scavenge 3.405ms
[2024.997s][debug][gc,ref         ] GC(240) Skipped phase 1 of Reference Processing: no references
[2024.997s][debug][gc,ref         ] GC(240) ReferenceProcessor::execute queues: 1, RefProcThreadModel::Single, marks_oops_alive: false
[2024.997s][debug][gc,ref         ] GC(240) Skipped phase 3 of Reference Processing: no references
[2024.997s][debug][gc,ref         ] GC(240) ReferenceProcessor::execute queues: 1, RefProcThreadModel::Single, marks_oops_alive: false
[2024.997s][debug][gc,phases      ] GC(240) Reference Processing 0.097ms
[2024.997s][debug][gc,phases      ] GC(240)   VM Weak                        Min:  0.0, Avg:  0.0, Max:  0.0, Diff:  0.0, Sum:  0.0, Workers: 4
[2024.997s][debug][gc,phases      ] GC(240)     Dead                           Min: 0, Avg:  0.0, Max: 0, Diff: 0, Sum: 0, Workers: 4
[2024.997s][debug][gc,phases      ] GC(240)     Total                          Min: 0, Avg: 217.0, Max: 548, Diff: 548, Sum: 868, Workers: 4
[2024.997s][debug][gc,phases      ] GC(240)   ObjectSynchronizer Weak        Min:  0.0, Avg:  0.0, Max:  0.0, Diff:  0.0, Sum:  0.0, Workers: 4
[2024.997s][debug][gc,phases      ] GC(240)     Dead                           Min: 0, Avg:  0.0, Max: 0, Diff: 0, Sum: 0, Workers: 4
[2024.997s][debug][gc,phases      ] GC(240)     Total                          Min: 0, Avg:  1.0, Max: 4, Diff: 4, Sum: 4, Workers: 4
[2024.997s][debug][gc,phases      ] GC(240)   JVMTI Tag Weak OopStorage      Min:  0.0, Avg:  0.0, Max:  0.0, Diff:  0.0, Sum:  0.0, Workers: 4
[2024.997s][debug][gc,phases      ] GC(240)     Dead                           Min: 0, Avg:  0.0, Max: 0, Diff: 0, Sum: 0, Workers: 4
[2024.997s][debug][gc,phases      ] GC(240)     Total                          Min: 0, Avg:  0.0, Max: 0, Diff: 0, Sum: 0, Workers: 4
[2024.997s][debug][gc,phases      ] GC(240)   StringTable Weak               Min:  0.0, Avg:  0.1, Max:  0.2, Diff:  0.2, Sum:  0.4, Workers: 4
[2024.997s][debug][gc,phases      ] GC(240)     Dead                           Min: 0, Avg:  0.0, Max: 0, Diff: 0, Sum: 0, Workers: 4
[2024.997s][debug][gc,phases      ] GC(240)     Total                          Min: 0, Avg: 11205.2, Max: 23999, Diff: 23999, Sum: 44821, Workers: 4
[2024.997s][debug][gc,phases      ] GC(240)   ResolvedMethodTable Weak       Min:  0.0, Avg:  0.0, Max:  0.0, Diff:  0.0, Sum:  0.1, Workers: 4
[2024.997s][debug][gc,phases      ] GC(240)     Dead                           Min: 0, Avg:  0.0, Max: 0, Diff: 0, Sum: 0, Workers: 4
[2024.997s][debug][gc,phases      ] GC(240)     Total                          Min: 0, Avg: 2640.2, Max: 6465, Diff: 6465, Sum: 10561, Workers: 4
[2024.997s][debug][gc,phases      ] GC(240)   JNI Weak                       Min:  0.0, Avg:  0.0, Max:  0.0, Diff:  0.0, Sum:  0.0, Workers: 4
[2024.997s][debug][gc,phases      ] GC(240)     Dead                           Min: 0, Avg:  0.0, Max: 0, Diff: 0, Sum: 0, Workers: 4
[2024.997s][debug][gc,phases      ] GC(240)     Total                          Min: 0, Avg: 11.2, Max: 45, Diff: 45, Sum: 45, Workers: 4
[2024.997s][debug][gc,phases      ] GC(240)   StringDedup Table Weak         Min:  0.0, Avg:  0.0, Max:  0.0, Diff:  0.0, Sum:  0.0, Workers: 4
[2024.997s][debug][gc,phases      ] GC(240)     Dead                           Min: 0, Avg:  0.0, Max: 0, Diff: 0, Sum: 0, Workers: 4
[2024.997s][debug][gc,phases      ] GC(240)     Total                          Min: 0, Avg:  0.0, Max: 0, Diff: 0, Sum: 0, Workers: 4
[2024.997s][debug][gc,phases      ] GC(240)   StringDedup Requests0 Weak     Min:  0.0, Avg:  0.0, Max:  0.0, Diff:  0.0, Sum:  0.0, Workers: 4
[2024.997s][debug][gc,phases      ] GC(240)     Dead                           Min: 0, Avg:  0.0, Max: 0, Diff: 0, Sum: 0, Workers: 4
[2024.997s][debug][gc,phases      ] GC(240)     Total                          Min: 0, Avg:  0.0, Max: 0, Diff: 0, Sum: 0, Workers: 4
[2024.997s][debug][gc,phases      ] GC(240)   StringDedup Requests1 Weak     Min:  0.0, Avg:  0.0, Max:  0.0, Diff:  0.0, Sum:  0.0, Workers: 4
[2024.997s][debug][gc,phases      ] GC(240)     Dead                           Min: 0, Avg:  0.0, Max: 0, Diff: 0, Sum: 0, Workers: 4
[2024.997s][debug][gc,phases      ] GC(240)     Total                          Min: 0, Avg:  0.0, Max: 0, Diff: 0, Sum: 0, Workers: 4
[2024.997s][debug][gc,phases      ] GC(240)   Weak JFR Old Object Samples    Min:  0.0, Avg:  0.0, Max:  0.0, Diff:  0.0, Sum:  0.0, Workers: 4
[2024.997s][debug][gc,phases      ] GC(240)     Dead                           Min: 0, Avg:  0.0, Max: 0, Diff: 0, Sum: 0, Workers: 4
[2024.997s][debug][gc,phases      ] GC(240)     Total                          Min: 0, Avg:  0.0, Max: 0, Diff: 0, Sum: 0, Workers: 4
[2024.997s][debug][gc,phases      ] GC(240) Weak Processing 0.472ms
[2024.997s][debug][gc,age         ] GC(240) Desired survivor size 4194304 bytes, new threshold 15 (max threshold 15)
[2024.997s][info ][gc,heap        ] GC(240) PSYoungGen: 2091909K(2093056K)->2885K(2093056K) Eden: 2088960K(2088960K)->0K(2088960K) From: 2949K(4096K)->2885K(4096K)
[2024.997s][info ][gc,heap        ] GC(240) ParOldGen: 399254K(430080K)->399310K(430080K)
[2024.997s][info ][gc,metaspace   ] GC(240) Metaspace: 85824K(86912K)->85824K(86912K) NonClass: 73433K(74048K)->73433K(74048K) Class: 12390K(12864K)->12390K(12864K)
[2024.997s][info ][gc             ] GC(240) Pause Young (Allocation Failure) 2432M->392M(2464M) 4.079ms
[2024.997s][info ][gc,cpu         ] GC(240) User=0.01s Sys=0.00s Real=0.00s
[2024.997s][info ][safepoint      ] Safepoint "ParallelGCFailedAllocation", Time since last: 1741010996 ns, Reaching safepoint: 73100 ns, Cleanup: 18500 ns, At safepoint: 4151105 ns, Total: 4242705 ns
[2025.997s][info ][safepoint      ] Safepoint "Cleanup", Time since last: 1000085047 ns, Reaching safepoint: 78700 ns, Cleanup: 40800 ns, At safepoint: 5400 ns, Total: 124900 ns
[2028.998s][info ][safepoint      ] Safepoint "Cleanup", Time since last: 3000242731 ns, Reaching safepoint: 81800 ns, Cleanup: 65100 ns, At safepoint: 14100 ns, Total: 161000 ns
[2030.998s][info ][safepoint      ] Safepoint "Cleanup", Time since last: 2000175992 ns, Reaching safepoint: 5300 ns, Cleanup: 54400 ns, At safepoint: 2800 ns, Total: 62500 ns
[2033.998s][info ][safepoint      ] Safepoint "Cleanup", Time since last: 3000240237 ns, Reaching safepoint: 4300 ns, Cleanup: 54200 ns, At safepoint: 2200 ns, Total: 60700 ns
[2035.392s][info ][gc,start       ] GC(241) Pause Young (Allocation Failure)
[2035.397s][debug][gc,phases      ] GC(241) Scavenge 4.720ms
[2035.397s][debug][gc,ref         ] GC(241) Skipped phase 1 of Reference Processing: no references
[2035.397s][debug][gc,ref         ] GC(241) ReferenceProcessor::execute queues: 1, RefProcThreadModel::Single, marks_oops_alive: false
[2035.397s][debug][gc,ref         ] GC(241) Skipped phase 3 of Reference Processing: no references
[2035.397s][debug][gc,ref         ] GC(241) ReferenceProcessor::execute queues: 1, RefProcThreadModel::Single, marks_oops_alive: false
[2035.397s][debug][gc,phases      ] GC(241) Reference Processing 0.104ms
[2035.398s][debug][gc,phases      ] GC(241)   VM Weak                        Min:  0.0, Avg:  0.0, Max:  0.0, Diff:  0.0, Sum:  0.0, Workers: 4
[2035.398s][debug][gc,phases      ] GC(241)     Dead                           Min: 0, Avg:  0.0, Max: 0, Diff: 0, Sum: 0, Workers: 4
[2035.398s][debug][gc,phases      ] GC(241)     Total                          Min: 0, Avg: 217.0, Max: 612, Diff: 612, Sum: 868, Workers: 4
[2035.398s][debug][gc,phases      ] GC(241)   ObjectSynchronizer Weak        Min:  0.0, Avg:  0.0, Max:  0.0, Diff:  0.0, Sum:  0.0, Workers: 4
[2035.398s][debug][gc,phases      ] GC(241)     Dead                           Min: 0, Avg:  0.0, Max: 0, Diff: 0, Sum: 0, Workers: 4
[2035.398s][debug][gc,phases      ] GC(241)     Total                          Min: 0, Avg:  1.0, Max: 4, Diff: 4, Sum: 4, Workers: 4
[2035.398s][debug][gc,phases      ] GC(241)   JVMTI Tag Weak OopStorage      Min:  0.0, Avg:  0.0, Max:  0.0, Diff:  0.0, Sum:  0.0, Workers: 4
[2035.398s][debug][gc,phases      ] GC(241)     Dead                           Min: 0, Avg:  0.0, Max: 0, Diff: 0, Sum: 0, Workers: 4
[2035.398s][debug][gc,phases      ] GC(241)     Total                          Min: 0, Avg:  0.0, Max: 0, Diff: 0, Sum: 0, Workers: 4
[2035.398s][debug][gc,phases      ] GC(241)   StringTable Weak               Min:  0.0, Avg:  0.1, Max:  0.1, Diff:  0.1, Sum:  0.4, Workers: 4
[2035.398s][debug][gc,phases      ] GC(241)     Dead                           Min: 0, Avg:  0.0, Max: 0, Diff: 0, Sum: 0, Workers: 4
[2035.398s][debug][gc,phases      ] GC(241)     Total                          Min: 0, Avg: 11224.2, Max: 15168, Diff: 15168, Sum: 44897, Workers: 4
[2035.398s][debug][gc,phases      ] GC(241)   ResolvedMethodTable Weak       Min:  0.0, Avg:  0.0, Max:  0.0, Diff:  0.0, Sum:  0.1, Workers: 4
[2035.398s][debug][gc,phases      ] GC(241)     Dead                           Min: 0, Avg:  0.0, Max: 0, Diff: 0, Sum: 0, Workers: 4
[2035.398s][debug][gc,phases      ] GC(241)     Total                          Min: 0, Avg: 2640.5, Max: 3648, Diff: 3648, Sum: 10562, Workers: 4
[2035.398s][debug][gc,phases      ] GC(241)   JNI Weak                       Min:  0.0, Avg:  0.0, Max:  0.0, Diff:  0.0, Sum:  0.0, Workers: 4
[2035.398s][debug][gc,phases      ] GC(241)     Dead                           Min: 0, Avg:  0.0, Max: 0, Diff: 0, Sum: 0, Workers: 4
[2035.398s][debug][gc,phases      ] GC(241)     Total                          Min: 0, Avg: 11.2, Max: 45, Diff: 45, Sum: 45, Workers: 4
[2035.398s][debug][gc,phases      ] GC(241)   StringDedup Table Weak         Min:  0.0, Avg:  0.0, Max:  0.0, Diff:  0.0, Sum:  0.0, Workers: 4
[2035.398s][debug][gc,phases      ] GC(241)     Dead                           Min: 0, Avg:  0.0, Max: 0, Diff: 0, Sum: 0, Workers: 4
[2035.398s][debug][gc,phases      ] GC(241)     Total                          Min: 0, Avg:  0.0, Max: 0, Diff: 0, Sum: 0, Workers: 4
[2035.398s][debug][gc,phases      ] GC(241)   StringDedup Requests0 Weak     Min:  0.0, Avg:  0.0, Max:  0.0, Diff:  0.0, Sum:  0.0, Workers: 4
[2035.398s][debug][gc,phases      ] GC(241)     Dead                           Min: 0, Avg:  0.0, Max: 0, Diff: 0, Sum: 0, Workers: 4
[2035.398s][debug][gc,phases      ] GC(241)     Total                          Min: 0, Avg:  0.0, Max: 0, Diff: 0, Sum: 0, Workers: 4
[2035.398s][debug][gc,phases      ] GC(241)   StringDedup Requests1 Weak     Min:  0.0, Avg:  0.0, Max:  0.0, Diff:  0.0, Sum:  0.0, Workers: 4
[2035.398s][debug][gc,phases      ] GC(241)     Dead                           Min: 0, Avg:  0.0, Max: 0, Diff: 0, Sum: 0, Workers: 4
[2035.398s][debug][gc,phases      ] GC(241)     Total                          Min: 0, Avg:  0.0, Max: 0, Diff: 0, Sum: 0, Workers: 4
[2035.398s][debug][gc,phases      ] GC(241)   Weak JFR Old Object Samples    Min:  0.0, Avg:  0.0, Max:  0.0, Diff:  0.0, Sum:  0.0, Workers: 4
[2035.398s][debug][gc,phases      ] GC(241)     Dead                           Min: 0, Avg:  0.0, Max: 0, Diff: 0, Sum: 0, Workers: 4
[2035.398s][debug][gc,phases      ] GC(241)     Total                          Min: 0, Avg:  0.0, Max: 0, Diff: 0, Sum: 0, Workers: 4
[2035.398s][debug][gc,phases      ] GC(241) Weak Processing 0.353ms
[2035.398s][debug][gc,age         ] GC(241) Desired survivor size 4194304 bytes, new threshold 15 (max threshold 15)
[2035.398s][info ][gc,heap        ] GC(241) PSYoungGen: 2091845K(2093056K)->2981K(2093056K) Eden: 2088960K(2088960K)->0K(2088960K) From: 2885K(4096K)->2981K(4096K)
[2035.398s][info ][gc,heap        ] GC(241) ParOldGen: 399310K(430080K)->399318K(430080K)
[2035.398s][info ][gc,metaspace   ] GC(241) Metaspace: 85842K(86912K)->85842K(86912K) NonClass: 73449K(74048K)->73449K(74048K) Class: 12392K(12864K)->12392K(12864K)
[2035.398s][info ][gc             ] GC(241) Pause Young (Allocation Failure) 2432M->392M(2464M) 5.287ms
[2035.398s][info ][gc,cpu         ] GC(241) User=0.01s Sys=0.00s Real=0.01s
[2035.398s][info ][safepoint      ] Safepoint "ParallelGCFailedAllocation", Time since last: 1393886766 ns, Reaching safepoint: 78400 ns, Cleanup: 17800 ns, At safepoint: 5358208 ns, Total: 5454408 ns
[2036.398s][info ][safepoint      ] Safepoint "Cleanup", Time since last: 1000083212 ns, Reaching safepoint: 75100 ns, Cleanup: 31300 ns, At safepoint: 6000 ns, Total: 112400 ns
[2038.398s][info ][safepoint      ] Safepoint "Cleanup", Time since last: 2000173324 ns, Reaching safepoint: 3800 ns, Cleanup: 34800 ns, At safepoint: 2400 ns, Total: 41000 ns
[2045.792s][info ][gc,start       ] GC(242) Pause Young (Allocation Failure)
[2045.798s][debug][gc,phases      ] GC(242) Scavenge 6.294ms
[2045.798s][debug][gc,ref         ] GC(242) Skipped phase 1 of Reference Processing: no references
[2045.798s][debug][gc,ref         ] GC(242) ReferenceProcessor::execute queues: 1, RefProcThreadModel::Single, marks_oops_alive: false
[2045.798s][debug][gc,ref         ] GC(242) Skipped phase 3 of Reference Processing: no references
[2045.798s][debug][gc,ref         ] GC(242) ReferenceProcessor::execute queues: 1, RefProcThreadModel::Single, marks_oops_alive: false
[2045.798s][debug][gc,phases      ] GC(242) Reference Processing 0.127ms
[2045.798s][debug][gc,phases      ] GC(242)   VM Weak                        Min:  0.0, Avg:  0.0, Max:  0.0, Diff:  0.0, Sum:  0.0, Workers: 4
[2045.798s][debug][gc,phases      ] GC(242)     Dead                           Min: 0, Avg:  0.0, Max: 0, Diff: 0, Sum: 0, Workers: 4
[2045.798s][debug][gc,phases      ] GC(242)     Total                          Min: 0, Avg: 217.0, Max: 612, Diff: 612, Sum: 868, Workers: 4
[2045.798s][debug][gc,phases      ] GC(242)   ObjectSynchronizer Weak        Min:  0.0, Avg:  0.0, Max:  0.0, Diff:  0.0, Sum:  0.0, Workers: 4
[2045.798s][debug][gc,phases      ] GC(242)     Dead                           Min: 0, Avg:  0.0, Max: 0, Diff: 0, Sum: 0, Workers: 4
[2045.798s][debug][gc,phases      ] GC(242)     Total                          Min: 0, Avg:  1.0, Max: 4, Diff: 4, Sum: 4, Workers: 4
[2045.798s][debug][gc,phases      ] GC(242)   JVMTI Tag Weak OopStorage      Min:  0.0, Avg:  0.0, Max:  0.0, Diff:  0.0, Sum:  0.0, Workers: 4
[2045.798s][debug][gc,phases      ] GC(242)     Dead                           Min: 0, Avg:  0.0, Max: 0, Diff: 0, Sum: 0, Workers: 4
[2045.798s][debug][gc,phases      ] GC(242)     Total                          Min: 0, Avg:  0.0, Max: 0, Diff: 0, Sum: 0, Workers: 4
[2045.798s][debug][gc,phases      ] GC(242)   StringTable Weak               Min:  0.0, Avg:  0.1, Max:  0.1, Diff:  0.1, Sum:  0.4, Workers: 4
[2045.798s][debug][gc,phases      ] GC(242)     Dead                           Min: 0, Avg:  0.0, Max: 0, Diff: 0, Sum: 0, Workers: 4
[2045.798s][debug][gc,phases      ] GC(242)     Total                          Min: 0, Avg: 11224.2, Max: 16097, Diff: 16097, Sum: 44897, Workers: 4
[2045.798s][debug][gc,phases      ] GC(242)   ResolvedMethodTable Weak       Min:  0.0, Avg:  0.0, Max:  0.0, Diff:  0.0, Sum:  0.1, Workers: 4
[2045.798s][debug][gc,phases      ] GC(242)     Dead                           Min: 0, Avg:  0.0, Max: 0, Diff: 0, Sum: 0, Workers: 4
[2045.798s][debug][gc,phases      ] GC(242)     Total                          Min: 0, Avg: 2640.5, Max: 3840, Diff: 3840, Sum: 10562, Workers: 4
[2045.798s][debug][gc,phases      ] GC(242)   JNI Weak                       Min:  0.0, Avg:  0.0, Max:  0.0, Diff:  0.0, Sum:  0.0, Workers: 4
[2045.798s][debug][gc,phases      ] GC(242)     Dead                           Min: 0, Avg:  0.0, Max: 0, Diff: 0, Sum: 0, Workers: 4
[2045.798s][debug][gc,phases      ] GC(242)     Total                          Min: 0, Avg: 11.2, Max: 45, Diff: 45, Sum: 45, Workers: 4
[2045.798s][debug][gc,phases      ] GC(242)   StringDedup Table Weak         Min:  0.0, Avg:  0.0, Max:  0.0, Diff:  0.0, Sum:  0.0, Workers: 4
[2045.798s][debug][gc,phases      ] GC(242)     Dead                           Min: 0, Avg:  0.0, Max: 0, Diff: 0, Sum: 0, Workers: 4
[2045.798s][debug][gc,phases      ] GC(242)     Total                          Min: 0, Avg:  0.0, Max: 0, Diff: 0, Sum: 0, Workers: 4
[2045.798s][debug][gc,phases      ] GC(242)   StringDedup Requests0 Weak     Min:  0.0, Avg:  0.0, Max:  0.0, Diff:  0.0, Sum:  0.0, Workers: 4
[2045.798s][debug][gc,phases      ] GC(242)     Dead                           Min: 0, Avg:  0.0, Max: 0, Diff: 0, Sum: 0, Workers: 4
[2045.798s][debug][gc,phases      ] GC(242)     Total                          Min: 0, Avg:  0.0, Max: 0, Diff: 0, Sum: 0, Workers: 4
[2045.798s][debug][gc,phases      ] GC(242)   StringDedup Requests1 Weak     Min:  0.0, Avg:  0.0, Max:  0.0, Diff:  0.0, Sum:  0.0, Workers: 4
[2045.798s][debug][gc,phases      ] GC(242)     Dead                           Min: 0, Avg:  0.0, Max: 0, Diff: 0, Sum: 0, Workers: 4
[2045.798s][debug][gc,phases      ] GC(242)     Total                          Min: 0, Avg:  0.0, Max: 0, Diff: 0, Sum: 0, Workers: 4
[2045.798s][debug][gc,phases      ] GC(242)   Weak JFR Old Object Samples    Min:  0.0, Avg:  0.0, Max:  0.0, Diff:  0.0, Sum:  0.0, Workers: 4
[2045.798s][debug][gc,phases      ] GC(242)     Dead                           Min: 0, Avg:  0.0, Max: 0, Diff: 0, Sum: 0, Workers: 4
[2045.798s][debug][gc,phases      ] GC(242)     Total                          Min: 0, Avg:  0.0, Max: 0, Diff: 0, Sum: 0, Workers: 4
[2045.798s][debug][gc,phases      ] GC(242) Weak Processing 0.354ms
[2045.798s][debug][gc,age         ] GC(242) Desired survivor size 4194304 bytes, new threshold 15 (max threshold 15)
[2045.798s][info ][gc,heap        ] GC(242) PSYoungGen: 2091941K(2093056K)->2946K(2093056K) Eden: 2088960K(2088960K)->0K(2088960K) From: 2981K(4096K)->2946K(4096K)
[2045.798s][info ][gc,heap        ] GC(242) ParOldGen: 399318K(430080K)->399342K(430080K)
[2045.798s][info ][gc,metaspace   ] GC(242) Metaspace: 85843K(86912K)->85843K(86912K) NonClass: 73451K(74048K)->73451K(74048K) Class: 12392K(12864K)->12392K(12864K)
[2045.798s][info ][gc             ] GC(242) Pause Young (Allocation Failure) 2432M->392M(2464M) 6.893ms
[2045.798s][info ][gc,cpu         ] GC(242) User=0.02s Sys=0.00s Real=0.01s
[2045.799s][info ][safepoint      ] Safepoint "ParallelGCFailedAllocation", Time since last: 7393258447 ns, Reaching safepoint: 73700 ns, Cleanup: 33100 ns, At safepoint: 6960618 ns, Total: 7067418 ns
[2053.799s][info ][safepoint      ] Safepoint "Cleanup", Time since last: 8000541049 ns, Reaching safepoint: 3700 ns, Cleanup: 36800 ns, At safepoint: 2400 ns, Total: 42900 ns
[2054.799s][info ][safepoint      ] Safepoint "Cleanup", Time since last: 1000106759 ns, Reaching safepoint: 7000 ns, Cleanup: 60600 ns, At safepoint: 2900 ns, Total: 70500 ns
[2056.646s][info ][gc,start       ] GC(243) Pause Young (Allocation Failure)
[2056.652s][debug][gc,phases      ] GC(243) Scavenge 6.197ms
[2056.653s][debug][gc,ref         ] GC(243) Skipped phase 1 of Reference Processing: no references
[2056.653s][debug][gc,ref         ] GC(243) ReferenceProcessor::execute queues: 1, RefProcThreadModel::Single, marks_oops_alive: false
[2056.653s][debug][gc,ref         ] GC(243) Skipped phase 3 of Reference Processing: no references
[2056.653s][debug][gc,ref         ] GC(243) ReferenceProcessor::execute queues: 1, RefProcThreadModel::Single, marks_oops_alive: false
[2056.653s][debug][gc,phases      ] GC(243) Reference Processing 0.097ms
[2056.653s][debug][gc,phases      ] GC(243)   VM Weak                        Min:  0.0, Avg:  0.0, Max:  0.0, Diff:  0.0, Sum:  0.0, Workers: 4
[2056.653s][debug][gc,phases      ] GC(243)     Dead                           Min: 0, Avg:  0.0, Max: 0, Diff: 0, Sum: 0, Workers: 4
[2056.653s][debug][gc,phases      ] GC(243)     Total                          Min: 0, Avg: 217.0, Max: 768, Diff: 768, Sum: 868, Workers: 4
[2056.653s][debug][gc,phases      ] GC(243)   ObjectSynchronizer Weak        Min:  0.0, Avg:  0.0, Max:  0.0, Diff:  0.0, Sum:  0.0, Workers: 4
[2056.653s][debug][gc,phases      ] GC(243)     Dead                           Min: 0, Avg:  0.0, Max: 0, Diff: 0, Sum: 0, Workers: 4
[2056.653s][debug][gc,phases      ] GC(243)     Total                          Min: 0, Avg:  1.0, Max: 4, Diff: 4, Sum: 4, Workers: 4
[2056.653s][debug][gc,phases      ] GC(243)   JVMTI Tag Weak OopStorage      Min:  0.0, Avg:  0.0, Max:  0.0, Diff:  0.0, Sum:  0.0, Workers: 4
[2056.653s][debug][gc,phases      ] GC(243)     Dead                           Min: 0, Avg:  0.0, Max: 0, Diff: 0, Sum: 0, Workers: 4
[2056.653s][debug][gc,phases      ] GC(243)     Total                          Min: 0, Avg:  0.0, Max: 0, Diff: 0, Sum: 0, Workers: 4
[2056.653s][debug][gc,phases      ] GC(243)   StringTable Weak               Min:  0.0, Avg:  0.1, Max:  0.2, Diff:  0.2, Sum:  0.3, Workers: 4
[2056.653s][debug][gc,phases      ] GC(243)     Dead                           Min: 0, Avg:  0.0, Max: 0, Diff: 0, Sum: 0, Workers: 4
[2056.653s][debug][gc,phases      ] GC(243)     Total                          Min: 0, Avg: 11224.2, Max: 27712, Diff: 27712, Sum: 44897, Workers: 4
[2056.653s][debug][gc,phases      ] GC(243)   ResolvedMethodTable Weak       Min:  0.0, Avg:  0.0, Max:  0.0, Diff:  0.0, Sum:  0.1, Workers: 4
[2056.653s][debug][gc,phases      ] GC(243)     Dead                           Min: 0, Avg:  0.0, Max: 0, Diff: 0, Sum: 0, Workers: 4
[2056.653s][debug][gc,phases      ] GC(243)     Total                          Min: 0, Avg: 2640.5, Max: 6018, Diff: 6018, Sum: 10562, Workers: 4
[2056.653s][debug][gc,phases      ] GC(243)   JNI Weak                       Min:  0.0, Avg:  0.0, Max:  0.0, Diff:  0.0, Sum:  0.0, Workers: 4
[2056.653s][debug][gc,phases      ] GC(243)     Dead                           Min: 0, Avg:  0.0, Max: 0, Diff: 0, Sum: 0, Workers: 4
[2056.653s][debug][gc,phases      ] GC(243)     Total                          Min: 0, Avg: 11.2, Max: 45, Diff: 45, Sum: 45, Workers: 4
[2056.653s][debug][gc,phases      ] GC(243)   StringDedup Table Weak         Min:  0.0, Avg:  0.0, Max:  0.0, Diff:  0.0, Sum:  0.0, Workers: 4
[2056.653s][debug][gc,phases      ] GC(243)     Dead                           Min: 0, Avg:  0.0, Max: 0, Diff: 0, Sum: 0, Workers: 4
[2056.653s][debug][gc,phases      ] GC(243)     Total                          Min: 0, Avg:  0.0, Max: 0, Diff: 0, Sum: 0, Workers: 4
[2056.653s][debug][gc,phases      ] GC(243)   StringDedup Requests0 Weak     Min:  0.0, Avg:  0.0, Max:  0.0, Diff:  0.0, Sum:  0.0, Workers: 4
[2056.653s][debug][gc,phases      ] GC(243)     Dead                           Min: 0, Avg:  0.0, Max: 0, Diff: 0, Sum: 0, Workers: 4
[2056.653s][debug][gc,phases      ] GC(243)     Total                          Min: 0, Avg:  0.0, Max: 0, Diff: 0, Sum: 0, Workers: 4
[2056.653s][debug][gc,phases      ] GC(243)   StringDedup Requests1 Weak     Min:  0.0, Avg:  0.0, Max:  0.0, Diff:  0.0, Sum:  0.0, Workers: 4
[2056.653s][debug][gc,phases      ] GC(243)     Dead                           Min: 0, Avg:  0.0, Max: 0, Diff: 0, Sum: 0, Workers: 4
[2056.653s][debug][gc,phases      ] GC(243)     Total                          Min: 0, Avg:  0.0, Max: 0, Diff: 0, Sum: 0, Workers: 4
[2056.653s][debug][gc,phases      ] GC(243)   Weak JFR Old Object Samples    Min:  0.0, Avg:  0.0, Max:  0.0, Diff:  0.0, Sum:  0.0, Workers: 4
[2056.653s][debug][gc,phases      ] GC(243)     Dead                           Min: 0, Avg:  0.0, Max: 0, Diff: 0, Sum: 0, Workers: 4
[2056.653s][debug][gc,phases      ] GC(243)     Total                          Min: 0, Avg:  0.0, Max: 0, Diff: 0, Sum: 0, Workers: 4
[2056.653s][debug][gc,phases      ] GC(243) Weak Processing 0.357ms
[2056.653s][debug][gc,age         ] GC(243) Desired survivor size 4194304 bytes, new threshold 15 (max threshold 15)
[2056.653s][info ][gc,heap        ] GC(243) PSYoungGen: 2091906K(2093056K)->3141K(2093056K) Eden: 2088960K(2088960K)->0K(2088960K) From: 2946K(4096K)->3141K(4096K)
[2056.653s][info ][gc,heap        ] GC(243) ParOldGen: 399342K(430080K)->399374K(430080K)
[2056.653s][info ][gc,metaspace   ] GC(243) Metaspace: 85846K(86912K)->85846K(86912K) NonClass: 73453K(74048K)->73453K(74048K) Class: 12392K(12864K)->12392K(12864K)
[2056.653s][info ][gc             ] GC(243) Pause Young (Allocation Failure) 2432M->393M(2464M) 6.767ms
[2056.653s][info ][gc,cpu         ] GC(243) User=0.01s Sys=0.00s Real=0.00s
[2056.653s][info ][safepoint      ] Safepoint "ParallelGCFailedAllocation", Time since last: 1846849545 ns, Reaching safepoint: 31800 ns, Cleanup: 41800 ns, At safepoint: 6851211 ns, Total: 6924811 ns
[2066.654s][info ][safepoint      ] Safepoint "Cleanup", Time since last: 10000632759 ns, Reaching safepoint: 3900 ns, Cleanup: 37500 ns, At safepoint: 4800 ns, Total: 46200 ns
[2066.992s][info ][gc,start       ] GC(244) Pause Young (Allocation Failure)
[2066.998s][debug][gc,phases      ] GC(244) Scavenge 6.167ms
[2066.998s][debug][gc,ref         ] GC(244) Skipped phase 1 of Reference Processing: no references
[2066.998s][debug][gc,ref         ] GC(244) ReferenceProcessor::execute queues: 1, RefProcThreadModel::Single, marks_oops_alive: false
[2066.998s][debug][gc,ref         ] GC(244) Skipped phase 3 of Reference Processing: no references
[2066.998s][debug][gc,ref         ] GC(244) ReferenceProcessor::execute queues: 1, RefProcThreadModel::Single, marks_oops_alive: false
[2066.998s][debug][gc,phases      ] GC(244) Reference Processing 0.124ms
[2066.998s][debug][gc,phases      ] GC(244)   VM Weak                        Min:  0.0, Avg:  0.0, Max:  0.0, Diff:  0.0, Sum:  0.0, Workers: 4
[2066.998s][debug][gc,phases      ] GC(244)     Dead                           Min: 0, Avg:  0.0, Max: 0, Diff: 0, Sum: 0, Workers: 4
[2066.998s][debug][gc,phases      ] GC(244)     Total                          Min: 0, Avg: 217.0, Max: 868, Diff: 868, Sum: 868, Workers: 4
[2066.998s][debug][gc,phases      ] GC(244)   ObjectSynchronizer Weak        Min:  0.0, Avg:  0.0, Max:  0.0, Diff:  0.0, Sum:  0.0, Workers: 4
[2066.998s][debug][gc,phases      ] GC(244)     Dead                           Min: 0, Avg:  0.0, Max: 0, Diff: 0, Sum: 0, Workers: 4
[2066.998s][debug][gc,phases      ] GC(244)     Total                          Min: 0, Avg:  1.0, Max: 4, Diff: 4, Sum: 4, Workers: 4
[2066.998s][debug][gc,phases      ] GC(244)   JVMTI Tag Weak OopStorage      Min:  0.0, Avg:  0.0, Max:  0.0, Diff:  0.0, Sum:  0.0, Workers: 4
[2066.998s][debug][gc,phases      ] GC(244)     Dead                           Min: 0, Avg:  0.0, Max: 0, Diff: 0, Sum: 0, Workers: 4
[2066.998s][debug][gc,phases      ] GC(244)     Total                          Min: 0, Avg:  0.0, Max: 0, Diff: 0, Sum: 0, Workers: 4
[2066.999s][debug][gc,phases      ] GC(244)   StringTable Weak               Min:  0.0, Avg:  0.1, Max:  0.2, Diff:  0.2, Sum:  0.4, Workers: 4
[2066.999s][debug][gc,phases      ] GC(244)     Dead                           Min: 0, Avg:  0.0, Max: 0, Diff: 0, Sum: 0, Workers: 4
[2066.999s][debug][gc,phases      ] GC(244)     Total                          Min: 0, Avg: 11224.2, Max: 22656, Diff: 22656, Sum: 44897, Workers: 4
[2066.999s][debug][gc,phases      ] GC(244)   ResolvedMethodTable Weak       Min:  0.0, Avg:  0.0, Max:  0.1, Diff:  0.1, Sum:  0.1, Workers: 4
[2066.999s][debug][gc,phases      ] GC(244)     Dead                           Min: 0, Avg:  0.0, Max: 0, Diff: 0, Sum: 0, Workers: 4
[2066.999s][debug][gc,phases      ] GC(244)     Total                          Min: 0, Avg: 2640.5, Max: 5440, Diff: 5440, Sum: 10562, Workers: 4
[2066.999s][debug][gc,phases      ] GC(244)   JNI Weak                       Min:  0.0, Avg:  0.0, Max:  0.0, Diff:  0.0, Sum:  0.0, Workers: 4
[2066.999s][debug][gc,phases      ] GC(244)     Dead                           Min: 0, Avg:  0.0, Max: 0, Diff: 0, Sum: 0, Workers: 4
[2066.999s][debug][gc,phases      ] GC(244)     Total                          Min: 0, Avg: 11.2, Max: 45, Diff: 45, Sum: 45, Workers: 4
[2066.999s][debug][gc,phases      ] GC(244)   StringDedup Table Weak         Min:  0.0, Avg:  0.0, Max:  0.0, Diff:  0.0, Sum:  0.0, Workers: 4
[2066.999s][debug][gc,phases      ] GC(244)     Dead                           Min: 0, Avg:  0.0, Max: 0, Diff: 0, Sum: 0, Workers: 4
[2066.999s][debug][gc,phases      ] GC(244)     Total                          Min: 0, Avg:  0.0, Max: 0, Diff: 0, Sum: 0, Workers: 4
[2066.999s][debug][gc,phases      ] GC(244)   StringDedup Requests0 Weak     Min:  0.0, Avg:  0.0, Max:  0.0, Diff:  0.0, Sum:  0.0, Workers: 4
[2066.999s][debug][gc,phases      ] GC(244)     Dead                           Min: 0, Avg:  0.0, Max: 0, Diff: 0, Sum: 0, Workers: 4
[2066.999s][debug][gc,phases      ] GC(244)     Total                          Min: 0, Avg:  0.0, Max: 0, Diff: 0, Sum: 0, Workers: 4
[2066.999s][debug][gc,phases      ] GC(244)   StringDedup Requests1 Weak     Min:  0.0, Avg:  0.0, Max:  0.0, Diff:  0.0, Sum:  0.0, Workers: 4
[2066.999s][debug][gc,phases      ] GC(244)     Dead                           Min: 0, Avg:  0.0, Max: 0, Diff: 0, Sum: 0, Workers: 4
[2066.999s][debug][gc,phases      ] GC(244)     Total                          Min: 0, Avg:  0.0, Max: 0, Diff: 0, Sum: 0, Workers: 4
[2066.999s][debug][gc,phases      ] GC(244)   Weak JFR Old Object Samples    Min:  0.0, Avg:  0.0, Max:  0.0, Diff:  0.0, Sum:  0.0, Workers: 4
[2066.999s][debug][gc,phases      ] GC(244)     Dead                           Min: 0, Avg:  0.0, Max: 0, Diff: 0, Sum: 0, Workers: 4
[2066.999s][debug][gc,phases      ] GC(244)     Total                          Min: 0, Avg:  0.0, Max: 0, Diff: 0, Sum: 0, Workers: 4
[2066.999s][debug][gc,phases      ] GC(244) Weak Processing 0.533ms
[2066.999s][debug][gc,age         ] GC(244) Desired survivor size 4194304 bytes, new threshold 15 (max threshold 15)
[2066.999s][info ][gc,heap        ] GC(244) PSYoungGen: 2092101K(2093056K)->3013K(2093056K) Eden: 2088960K(2088960K)->0K(2088960K) From: 3141K(4096K)->3013K(4096K)
[2066.999s][info ][gc,heap        ] GC(244) ParOldGen: 399374K(430080K)->399398K(430080K)
[2066.999s][info ][gc,metaspace   ] GC(244) Metaspace: 85852K(86912K)->85852K(86912K) NonClass: 73459K(74048K)->73459K(74048K) Class: 12392K(12864K)->12392K(12864K)
[2066.999s][info ][gc             ] GC(244) Pause Young (Allocation Failure) 2433M->392M(2464M) 6.967ms
[2066.999s][info ][gc,cpu         ] GC(244) User=0.02s Sys=0.00s Real=0.01s
[2066.999s][info ][safepoint      ] Safepoint "ParallelGCFailedAllocation", Time since last: 337863201 ns, Reaching safepoint: 74001 ns, Cleanup: 33200 ns, At safepoint: 7058512 ns, Total: 7165713 ns
[2069.999s][info ][safepoint      ] Safepoint "Cleanup", Time since last: 3000208739 ns, Reaching safepoint: 5400 ns, Cleanup: 30600 ns, At safepoint: 2200 ns, Total: 38200 ns
[2076.000s][info ][safepoint      ] Safepoint "Cleanup", Time since last: 6000439447 ns, Reaching safepoint: 74900 ns, Cleanup: 30600 ns, At safepoint: 4700 ns, Total: 110200 ns
[2077.000s][info ][safepoint      ] Safepoint "Cleanup", Time since last: 1000115025 ns, Reaching safepoint: 5800 ns, Cleanup: 43800 ns, At safepoint: 2400 ns, Total: 52000 ns
[2079.487s][info ][gc,start       ] GC(245) Pause Young (Allocation Failure)
[2079.492s][debug][gc,phases      ] GC(245) Scavenge 4.744ms
[2079.492s][debug][gc,ref         ] GC(245) Skipped phase 1 of Reference Processing: no references
[2079.492s][debug][gc,ref         ] GC(245) ReferenceProcessor::execute queues: 1, RefProcThreadModel::Single, marks_oops_alive: false
[2079.492s][debug][gc,ref         ] GC(245) Skipped phase 3 of Reference Processing: no references
[2079.492s][debug][gc,ref         ] GC(245) ReferenceProcessor::execute queues: 1, RefProcThreadModel::Single, marks_oops_alive: false
[2079.492s][debug][gc,phases      ] GC(245) Reference Processing 0.083ms
[2079.492s][debug][gc,phases      ] GC(245)   VM Weak                        Min:  0.0, Avg:  0.0, Max:  0.0, Diff:  0.0, Sum:  0.0, Workers: 4
[2079.492s][debug][gc,phases      ] GC(245)     Dead                           Min: 0, Avg:  0.0, Max: 0, Diff: 0, Sum: 0, Workers: 4
[2079.492s][debug][gc,phases      ] GC(245)     Total                          Min: 0, Avg: 217.0, Max: 548, Diff: 548, Sum: 868, Workers: 4
[2079.492s][debug][gc,phases      ] GC(245)   ObjectSynchronizer Weak        Min:  0.0, Avg:  0.0, Max:  0.0, Diff:  0.0, Sum:  0.0, Workers: 4
[2079.493s][debug][gc,phases      ] GC(245)     Dead                           Min: 0, Avg:  0.0, Max: 0, Diff: 0, Sum: 0, Workers: 4
[2079.493s][debug][gc,phases      ] GC(245)     Total                          Min: 0, Avg:  1.0, Max: 4, Diff: 4, Sum: 4, Workers: 4
[2079.493s][debug][gc,phases      ] GC(245)   JVMTI Tag Weak OopStorage      Min:  0.0, Avg:  0.0, Max:  0.0, Diff:  0.0, Sum:  0.0, Workers: 4
[2079.493s][debug][gc,phases      ] GC(245)     Dead                           Min: 0, Avg:  0.0, Max: 0, Diff: 0, Sum: 0, Workers: 4
[2079.493s][debug][gc,phases      ] GC(245)     Total                          Min: 0, Avg:  0.0, Max: 0, Diff: 0, Sum: 0, Workers: 4
[2079.493s][debug][gc,phases      ] GC(245)   StringTable Weak               Min:  0.0, Avg:  0.1, Max:  0.1, Diff:  0.1, Sum:  0.4, Workers: 4
[2079.493s][debug][gc,phases      ] GC(245)     Dead                           Min: 0, Avg:  0.0, Max: 0, Diff: 0, Sum: 0, Workers: 4
[2079.493s][debug][gc,phases      ] GC(245)     Total                          Min: 0, Avg: 11224.2, Max: 18465, Diff: 18465, Sum: 44897, Workers: 4
[2079.493s][debug][gc,phases      ] GC(245)   ResolvedMethodTable Weak       Min:  0.0, Avg:  0.0, Max:  0.0, Diff:  0.0, Sum:  0.1, Workers: 4
[2079.493s][debug][gc,phases      ] GC(245)     Dead                           Min: 0, Avg:  0.0, Max: 0, Diff: 0, Sum: 0, Workers: 4
[2079.493s][debug][gc,phases      ] GC(245)     Total                          Min: 0, Avg: 2640.5, Max: 4738, Diff: 4738, Sum: 10562, Workers: 4
[2079.493s][debug][gc,phases      ] GC(245)   JNI Weak                       Min:  0.0, Avg:  0.0, Max:  0.0, Diff:  0.0, Sum:  0.0, Workers: 4
[2079.493s][debug][gc,phases      ] GC(245)     Dead                           Min: 0, Avg:  0.0, Max: 0, Diff: 0, Sum: 0, Workers: 4
[2079.493s][debug][gc,phases      ] GC(245)     Total                          Min: 0, Avg: 11.2, Max: 45, Diff: 45, Sum: 45, Workers: 4
[2079.493s][debug][gc,phases      ] GC(245)   StringDedup Table Weak         Min:  0.0, Avg:  0.0, Max:  0.0, Diff:  0.0, Sum:  0.0, Workers: 4
[2079.493s][debug][gc,phases      ] GC(245)     Dead                           Min: 0, Avg:  0.0, Max: 0, Diff: 0, Sum: 0, Workers: 4
[2079.493s][debug][gc,phases      ] GC(245)     Total                          Min: 0, Avg:  0.0, Max: 0, Diff: 0, Sum: 0, Workers: 4
[2079.493s][debug][gc,phases      ] GC(245)   StringDedup Requests0 Weak     Min:  0.0, Avg:  0.0, Max:  0.0, Diff:  0.0, Sum:  0.0, Workers: 4
[2079.493s][debug][gc,phases      ] GC(245)     Dead                           Min: 0, Avg:  0.0, Max: 0, Diff: 0, Sum: 0, Workers: 4
[2079.493s][debug][gc,phases      ] GC(245)     Total                          Min: 0, Avg:  0.0, Max: 0, Diff: 0, Sum: 0, Workers: 4
[2079.493s][debug][gc,phases      ] GC(245)   StringDedup Requests1 Weak     Min:  0.0, Avg:  0.0, Max:  0.0, Diff:  0.0, Sum:  0.0, Workers: 4
[2079.493s][debug][gc,phases      ] GC(245)     Dead                           Min: 0, Avg:  0.0, Max: 0, Diff: 0, Sum: 0, Workers: 4
[2079.493s][debug][gc,phases      ] GC(245)     Total                          Min: 0, Avg:  0.0, Max: 0, Diff: 0, Sum: 0, Workers: 4
[2079.493s][debug][gc,phases      ] GC(245)   Weak JFR Old Object Samples    Min:  0.0, Avg:  0.0, Max:  0.0, Diff:  0.0, Sum:  0.0, Workers: 4
[2079.493s][debug][gc,phases      ] GC(245)     Dead                           Min: 0, Avg:  0.0, Max: 0, Diff: 0, Sum: 0, Workers: 4
[2079.493s][debug][gc,phases      ] GC(245)     Total                          Min: 0, Avg:  0.0, Max: 0, Diff: 0, Sum: 0, Workers: 4
[2079.493s][debug][gc,phases      ] GC(245) Weak Processing 0.338ms
[2079.493s][debug][gc,age         ] GC(245) Desired survivor size 4718592 bytes, new threshold 14 (max threshold 15)
[2079.493s][info ][gc,heap        ] GC(245) PSYoungGen: 2091973K(2093056K)->4073K(2093056K) Eden: 2088960K(2088960K)->0K(2088960K) From: 3013K(4096K)->4073K(4096K)
[2079.493s][info ][gc,heap        ] GC(245) ParOldGen: 399398K(430080K)->400038K(430080K)
[2079.493s][info ][gc,metaspace   ] GC(245) Metaspace: 85853K(86912K)->85853K(86912K) NonClass: 73461K(74048K)->73461K(74048K) Class: 12392K(12864K)->12392K(12864K)
[2079.493s][info ][gc             ] GC(245) Pause Young (Allocation Failure) 2432M->394M(2464M) 5.273ms
[2079.493s][info ][gc,cpu         ] GC(245) User=0.02s Sys=0.00s Real=0.00s
[2079.493s][info ][safepoint      ] Safepoint "ParallelGCFailedAllocation", Time since last: 2487597639 ns, Reaching safepoint: 4300 ns, Cleanup: 20300 ns, At safepoint: 5341510 ns, Total: 5366110 ns
[2083.493s][info ][safepoint      ] Safepoint "Cleanup", Time since last: 4000267528 ns, Reaching safepoint: 73300 ns, Cleanup: 39100 ns, At safepoint: 12800 ns, Total: 125200 ns
[2084.493s][info ][safepoint      ] Safepoint "Cleanup", Time since last: 1000115657 ns, Reaching safepoint: 71600 ns, Cleanup: 37000 ns, At safepoint: 6300 ns, Total: 114900 ns
[2085.494s][info ][safepoint      ] Safepoint "Cleanup", Time since last: 1000105356 ns, Reaching safepoint: 76101 ns, Cleanup: 53900 ns, At safepoint: 5400 ns, Total: 135401 ns
[2089.343s][info ][gc,start       ] GC(246) Pause Young (Allocation Failure)
[2089.348s][debug][gc,phases      ] GC(246) Scavenge 4.554ms
[2089.348s][debug][gc,ref         ] GC(246) Skipped phase 1 of Reference Processing: no references
[2089.348s][debug][gc,ref         ] GC(246) ReferenceProcessor::execute queues: 1, RefProcThreadModel::Single, marks_oops_alive: false
[2089.348s][debug][gc,ref         ] GC(246) Skipped phase 3 of Reference Processing: no references
[2089.348s][debug][gc,ref         ] GC(246) ReferenceProcessor::execute queues: 1, RefProcThreadModel::Single, marks_oops_alive: false
[2089.348s][debug][gc,phases      ] GC(246) Reference Processing 0.105ms
[2089.348s][debug][gc,phases      ] GC(246)   VM Weak                        Min:  0.0, Avg:  0.0, Max:  0.0, Diff:  0.0, Sum:  0.0, Workers: 4
[2089.348s][debug][gc,phases      ] GC(246)     Dead                           Min: 0, Avg:  0.0, Max: 0, Diff: 0, Sum: 0, Workers: 4
[2089.348s][debug][gc,phases      ] GC(246)     Total                          Min: 0, Avg: 217.0, Max: 548, Diff: 548, Sum: 868, Workers: 4
[2089.348s][debug][gc,phases      ] GC(246)   ObjectSynchronizer Weak        Min:  0.0, Avg:  0.0, Max:  0.0, Diff:  0.0, Sum:  0.0, Workers: 4
[2089.348s][debug][gc,phases      ] GC(246)     Dead                           Min: 0, Avg:  0.0, Max: 0, Diff: 0, Sum: 0, Workers: 4
[2089.348s][debug][gc,phases      ] GC(246)     Total                          Min: 0, Avg:  1.0, Max: 4, Diff: 4, Sum: 4, Workers: 4
[2089.348s][debug][gc,phases      ] GC(246)   JVMTI Tag Weak OopStorage      Min:  0.0, Avg:  0.0, Max:  0.0, Diff:  0.0, Sum:  0.0, Workers: 4
[2089.348s][debug][gc,phases      ] GC(246)     Dead                           Min: 0, Avg:  0.0, Max: 0, Diff: 0, Sum: 0, Workers: 4
[2089.348s][debug][gc,phases      ] GC(246)     Total                          Min: 0, Avg:  0.0, Max: 0, Diff: 0, Sum: 0, Workers: 4
[2089.348s][debug][gc,phases      ] GC(246)   StringTable Weak               Min:  0.0, Avg:  0.1, Max:  0.1, Diff:  0.1, Sum:  0.4, Workers: 4
[2089.348s][debug][gc,phases      ] GC(246)     Dead                           Min: 0, Avg:  0.0, Max: 0, Diff: 0, Sum: 0, Workers: 4
[2089.348s][debug][gc,phases      ] GC(246)     Total                          Min: 0, Avg: 11224.2, Max: 15104, Diff: 15104, Sum: 44897, Workers: 4
[2089.348s][debug][gc,phases      ] GC(246)   ResolvedMethodTable Weak       Min:  0.0, Avg:  0.0, Max:  0.0, Diff:  0.0, Sum:  0.1, Workers: 4
[2089.348s][debug][gc,phases      ] GC(246)     Dead                           Min: 0, Avg:  0.0, Max: 0, Diff: 0, Sum: 0, Workers: 4
[2089.348s][debug][gc,phases      ] GC(246)     Total                          Min: 0, Avg: 2640.5, Max: 3648, Diff: 3648, Sum: 10562, Workers: 4
[2089.348s][debug][gc,phases      ] GC(246)   JNI Weak                       Min:  0.0, Avg:  0.0, Max:  0.0, Diff:  0.0, Sum:  0.0, Workers: 4
[2089.348s][debug][gc,phases      ] GC(246)     Dead                           Min: 0, Avg:  0.0, Max: 0, Diff: 0, Sum: 0, Workers: 4
[2089.348s][debug][gc,phases      ] GC(246)     Total                          Min: 0, Avg: 11.2, Max: 45, Diff: 45, Sum: 45, Workers: 4
[2089.348s][debug][gc,phases      ] GC(246)   StringDedup Table Weak         Min:  0.0, Avg:  0.0, Max:  0.0, Diff:  0.0, Sum:  0.0, Workers: 4
[2089.348s][debug][gc,phases      ] GC(246)     Dead                           Min: 0, Avg:  0.0, Max: 0, Diff: 0, Sum: 0, Workers: 4
[2089.348s][debug][gc,phases      ] GC(246)     Total                          Min: 0, Avg:  0.0, Max: 0, Diff: 0, Sum: 0, Workers: 4
[2089.348s][debug][gc,phases      ] GC(246)   StringDedup Requests0 Weak     Min:  0.0, Avg:  0.0, Max:  0.0, Diff:  0.0, Sum:  0.0, Workers: 4
[2089.348s][debug][gc,phases      ] GC(246)     Dead                           Min: 0, Avg:  0.0, Max: 0, Diff: 0, Sum: 0, Workers: 4
[2089.348s][debug][gc,phases      ] GC(246)     Total                          Min: 0, Avg:  0.0, Max: 0, Diff: 0, Sum: 0, Workers: 4
[2089.348s][debug][gc,phases      ] GC(246)   StringDedup Requests1 Weak     Min:  0.0, Avg:  0.0, Max:  0.0, Diff:  0.0, Sum:  0.0, Workers: 4
[2089.348s][debug][gc,phases      ] GC(246)     Dead                           Min: 0, Avg:  0.0, Max: 0, Diff: 0, Sum: 0, Workers: 4
[2089.348s][debug][gc,phases      ] GC(246)     Total                          Min: 0, Avg:  0.0, Max: 0, Diff: 0, Sum: 0, Workers: 4
[2089.348s][debug][gc,phases      ] GC(246)   Weak JFR Old Object Samples    Min:  0.0, Avg:  0.0, Max:  0.0, Diff:  0.0, Sum:  0.0, Workers: 4
[2089.348s][debug][gc,phases      ] GC(246)     Dead                           Min: 0, Avg:  0.0, Max: 0, Diff: 0, Sum: 0, Workers: 4
[2089.348s][debug][gc,phases      ] GC(246)     Total                          Min: 0, Avg:  0.0, Max: 0, Diff: 0, Sum: 0, Workers: 4
[2089.348s][debug][gc,phases      ] GC(246) Weak Processing 0.346ms
[2089.348s][debug][gc,age         ] GC(246) Desired survivor size 5242880 bytes, new threshold 13 (max threshold 15)
[2089.348s][info ][gc,heap        ] GC(246) PSYoungGen: 2093033K(2093056K)->4073K(2091008K) Eden: 2088960K(2088960K)->0K(2086912K) From: 4073K(4096K)->4073K(4096K)
[2089.348s][info ][gc,heap        ] GC(246) ParOldGen: 400038K(430080K)->400326K(430080K)
[2089.348s][info ][gc,metaspace   ] GC(246) Metaspace: 85860K(86912K)->85860K(86912K) NonClass: 73467K(74048K)->73467K(74048K) Class: 12392K(12864K)->12392K(12864K)
[2089.348s][info ][gc             ] GC(246) Pause Young (Allocation Failure) 2434M->394M(2462M) 5.100ms
[2089.348s][info ][gc,cpu         ] GC(246) User=0.01s Sys=0.00s Real=0.00s
[2089.348s][info ][safepoint      ] Safepoint "ParallelGCFailedAllocation", Time since last: 3849582561 ns, Reaching safepoint: 72000 ns, Cleanup: 33700 ns, At safepoint: 5165009 ns, Total: 5270709 ns
[2091.349s][info ][safepoint      ] Safepoint "Cleanup", Time since last: 2000154499 ns, Reaching safepoint: 5300 ns, Cleanup: 36500 ns, At safepoint: 2400 ns, Total: 44200 ns
[2093.349s][info ][safepoint      ] Safepoint "Cleanup", Time since last: 2000185581 ns, Reaching safepoint: 4000 ns, Cleanup: 49000 ns, At safepoint: 2400 ns, Total: 55400 ns
[2094.349s][info ][safepoint      ] Safepoint "Cleanup", Time since last: 1000117840 ns, Reaching safepoint: 5400 ns, Cleanup: 31800 ns, At safepoint: 2400 ns, Total: 39600 ns
[2095.349s][info ][safepoint      ] Safepoint "Cleanup", Time since last: 1000105641 ns, Reaching safepoint: 3600 ns, Cleanup: 30500 ns, At safepoint: 2500 ns, Total: 36600 ns
[2097.349s][info ][safepoint      ] Safepoint "Cleanup", Time since last: 2000118180 ns, Reaching safepoint: 4500 ns, Cleanup: 30100 ns, At safepoint: 2600 ns, Total: 37200 ns
[2099.350s][info ][safepoint      ] Safepoint "Cleanup", Time since last: 2000168962 ns, Reaching safepoint: 4300 ns, Cleanup: 27000 ns, At safepoint: 2500 ns, Total: 33800 ns
[2099.742s][info ][gc,start       ] GC(247) Pause Young (Allocation Failure)
[2099.748s][debug][gc,phases      ] GC(247) Scavenge 5.427ms
[2099.748s][debug][gc,ref         ] GC(247) Skipped phase 1 of Reference Processing: no references
[2099.748s][debug][gc,ref         ] GC(247) ReferenceProcessor::execute queues: 1, RefProcThreadModel::Single, marks_oops_alive: false
[2099.748s][debug][gc,ref         ] GC(247) Skipped phase 3 of Reference Processing: no references
[2099.748s][debug][gc,ref         ] GC(247) ReferenceProcessor::execute queues: 1, RefProcThreadModel::Single, marks_oops_alive: false
[2099.748s][debug][gc,phases      ] GC(247) Reference Processing 0.095ms
[2099.748s][debug][gc,phases      ] GC(247)   VM Weak                        Min:  0.0, Avg:  0.0, Max:  0.0, Diff:  0.0, Sum:  0.0, Workers: 4
[2099.748s][debug][gc,phases      ] GC(247)     Dead                           Min: 0, Avg:  0.0, Max: 0, Diff: 0, Sum: 0, Workers: 4
[2099.748s][debug][gc,phases      ] GC(247)     Total                          Min: 0, Avg: 217.0, Max: 512, Diff: 512, Sum: 868, Workers: 4
[2099.748s][debug][gc,phases      ] GC(247)   ObjectSynchronizer Weak        Min:  0.0, Avg:  0.0, Max:  0.0, Diff:  0.0, Sum:  0.0, Workers: 4
[2099.748s][debug][gc,phases      ] GC(247)     Dead                           Min: 0, Avg:  0.0, Max: 0, Diff: 0, Sum: 0, Workers: 4
[2099.748s][debug][gc,phases      ] GC(247)     Total                          Min: 0, Avg:  1.0, Max: 4, Diff: 4, Sum: 4, Workers: 4
[2099.748s][debug][gc,phases      ] GC(247)   JVMTI Tag Weak OopStorage      Min:  0.0, Avg:  0.0, Max:  0.0, Diff:  0.0, Sum:  0.0, Workers: 4
[2099.748s][debug][gc,phases      ] GC(247)     Dead                           Min: 0, Avg:  0.0, Max: 0, Diff: 0, Sum: 0, Workers: 4
[2099.748s][debug][gc,phases      ] GC(247)     Total                          Min: 0, Avg:  0.0, Max: 0, Diff: 0, Sum: 0, Workers: 4
[2099.748s][debug][gc,phases      ] GC(247)   StringTable Weak               Min:  0.0, Avg:  0.1, Max:  0.2, Diff:  0.2, Sum:  0.3, Workers: 4
[2099.748s][debug][gc,phases      ] GC(247)     Dead                           Min: 0, Avg:  0.0, Max: 0, Diff: 0, Sum: 0, Workers: 4
[2099.748s][debug][gc,phases      ] GC(247)     Total                          Min: 0, Avg: 11224.5, Max: 27328, Diff: 27328, Sum: 44898, Workers: 4
[2099.748s][debug][gc,phases      ] GC(247)   ResolvedMethodTable Weak       Min:  0.0, Avg:  0.0, Max:  0.0, Diff:  0.0, Sum:  0.1, Workers: 4
[2099.748s][debug][gc,phases      ] GC(247)     Dead                           Min: 0, Avg:  0.0, Max: 0, Diff: 0, Sum: 0, Workers: 4
[2099.748s][debug][gc,phases      ] GC(247)     Total                          Min: 0, Avg: 2640.5, Max: 6594, Diff: 6594, Sum: 10562, Workers: 4
[2099.748s][debug][gc,phases      ] GC(247)   JNI Weak                       Min:  0.0, Avg:  0.0, Max:  0.0, Diff:  0.0, Sum:  0.0, Workers: 4
[2099.748s][debug][gc,phases      ] GC(247)     Dead                           Min: 0, Avg:  0.0, Max: 0, Diff: 0, Sum: 0, Workers: 4
[2099.748s][debug][gc,phases      ] GC(247)     Total                          Min: 0, Avg: 11.2, Max: 45, Diff: 45, Sum: 45, Workers: 4
[2099.748s][debug][gc,phases      ] GC(247)   StringDedup Table Weak         Min:  0.0, Avg:  0.0, Max:  0.0, Diff:  0.0, Sum:  0.0, Workers: 4
[2099.748s][debug][gc,phases      ] GC(247)     Dead                           Min: 0, Avg:  0.0, Max: 0, Diff: 0, Sum: 0, Workers: 4
[2099.748s][debug][gc,phases      ] GC(247)     Total                          Min: 0, Avg:  0.0, Max: 0, Diff: 0, Sum: 0, Workers: 4
[2099.748s][debug][gc,phases      ] GC(247)   StringDedup Requests0 Weak     Min:  0.0, Avg:  0.0, Max:  0.0, Diff:  0.0, Sum:  0.0, Workers: 4
[2099.748s][debug][gc,phases      ] GC(247)     Dead                           Min: 0, Avg:  0.0, Max: 0, Diff: 0, Sum: 0, Workers: 4
[2099.748s][debug][gc,phases      ] GC(247)     Total                          Min: 0, Avg:  0.0, Max: 0, Diff: 0, Sum: 0, Workers: 4
[2099.748s][debug][gc,phases      ] GC(247)   StringDedup Requests1 Weak     Min:  0.0, Avg:  0.0, Max:  0.0, Diff:  0.0, Sum:  0.0, Workers: 4
[2099.748s][debug][gc,phases      ] GC(247)     Dead                           Min: 0, Avg:  0.0, Max: 0, Diff: 0, Sum: 0, Workers: 4
[2099.748s][debug][gc,phases      ] GC(247)     Total                          Min: 0, Avg:  0.0, Max: 0, Diff: 0, Sum: 0, Workers: 4
[2099.748s][debug][gc,phases      ] GC(247)   Weak JFR Old Object Samples    Min:  0.0, Avg:  0.0, Max:  0.0, Diff:  0.0, Sum:  0.0, Workers: 4
[2099.748s][debug][gc,phases      ] GC(247)     Dead                           Min: 0, Avg:  0.0, Max: 0, Diff: 0, Sum: 0, Workers: 4
[2099.748s][debug][gc,phases      ] GC(247)     Total                          Min: 0, Avg:  0.0, Max: 0, Diff: 0, Sum: 0, Workers: 4
[2099.748s][debug][gc,phases      ] GC(247) Weak Processing 0.371ms
[2099.748s][debug][gc,age         ] GC(247) Desired survivor size 5767168 bytes, new threshold 14 (max threshold 15)
[2099.748s][info ][gc,heap        ] GC(247) PSYoungGen: 2090985K(2091008K)->4217K(2091520K) Eden: 2086912K(2086912K)->0K(2086912K) From: 4073K(4096K)->4217K(4608K)
[2099.748s][info ][gc,heap        ] GC(247) ParOldGen: 400326K(430080K)->400366K(430080K)
[2099.748s][info ][gc,metaspace   ] GC(247) Metaspace: 85865K(86912K)->85865K(86912K) NonClass: 73472K(74048K)->73472K(74048K) Class: 12392K(12864K)->12392K(12864K)
[2099.748s][info ][gc             ] GC(247) Pause Young (Allocation Failure) 2432M->395M(2462M) 5.998ms
[2099.748s][info ][gc,cpu         ] GC(247) User=0.01s Sys=0.00s Real=0.00s
[2099.748s][info ][safepoint      ] Safepoint "ParallelGCFailedAllocation", Time since last: 392469663 ns, Reaching safepoint: 4000 ns, Cleanup: 26800 ns, At safepoint: 6064605 ns, Total: 6095405 ns
[2101.566s][info ][safepoint      ] Safepoint "Cleanup", Time since last: 1818299580 ns, Reaching safepoint: 5700 ns, Cleanup: 36200 ns, At safepoint: 6300 ns, Total: 48200 ns
[2106.567s][info ][safepoint      ] Safepoint "Cleanup", Time since last: 5000345742 ns, Reaching safepoint: 3800 ns, Cleanup: 44201 ns, At safepoint: 29500 ns, Total: 77501 ns
[2110.644s][info ][gc,start       ] GC(248) Pause Young (Allocation Failure)
[2110.649s][debug][gc,phases      ] GC(248) Scavenge 4.207ms
[2110.649s][debug][gc,ref         ] GC(248) Skipped phase 1 of Reference Processing: no references
[2110.649s][debug][gc,ref         ] GC(248) ReferenceProcessor::execute queues: 1, RefProcThreadModel::Single, marks_oops_alive: false
[2110.649s][debug][gc,ref         ] GC(248) Skipped phase 3 of Reference Processing: no references
[2110.649s][debug][gc,ref         ] GC(248) ReferenceProcessor::execute queues: 1, RefProcThreadModel::Single, marks_oops_alive: false
[2110.649s][debug][gc,phases      ] GC(248) Reference Processing 0.120ms
[2110.649s][debug][gc,phases      ] GC(248)   VM Weak                        Min:  0.0, Avg:  0.0, Max:  0.0, Diff:  0.0, Sum:  0.0, Workers: 4
[2110.649s][debug][gc,phases      ] GC(248)     Dead                           Min: 0, Avg:  0.0, Max: 0, Diff: 0, Sum: 0, Workers: 4
[2110.649s][debug][gc,phases      ] GC(248)     Total                          Min: 0, Avg: 217.0, Max: 640, Diff: 640, Sum: 868, Workers: 4
[2110.649s][debug][gc,phases      ] GC(248)   ObjectSynchronizer Weak        Min:  0.0, Avg:  0.0, Max:  0.0, Diff:  0.0, Sum:  0.0, Workers: 4
[2110.649s][debug][gc,phases      ] GC(248)     Dead                           Min: 0, Avg:  0.0, Max: 0, Diff: 0, Sum: 0, Workers: 4
[2110.649s][debug][gc,phases      ] GC(248)     Total                          Min: 0, Avg:  1.0, Max: 4, Diff: 4, Sum: 4, Workers: 4
[2110.649s][debug][gc,phases      ] GC(248)   JVMTI Tag Weak OopStorage      Min:  0.0, Avg:  0.0, Max:  0.0, Diff:  0.0, Sum:  0.0, Workers: 4
[2110.649s][debug][gc,phases      ] GC(248)     Dead                           Min: 0, Avg:  0.0, Max: 0, Diff: 0, Sum: 0, Workers: 4
[2110.649s][debug][gc,phases      ] GC(248)     Total                          Min: 0, Avg:  0.0, Max: 0, Diff: 0, Sum: 0, Workers: 4
[2110.649s][debug][gc,phases      ] GC(248)   StringTable Weak               Min:  0.0, Avg:  0.1, Max:  0.1, Diff:  0.1, Sum:  0.4, Workers: 4
[2110.649s][debug][gc,phases      ] GC(248)     Dead                           Min: 0, Avg:  0.0, Max: 0, Diff: 0, Sum: 0, Workers: 4
[2110.649s][debug][gc,phases      ] GC(248)     Total                          Min: 0, Avg: 11224.5, Max: 15168, Diff: 15168, Sum: 44898, Workers: 4
[2110.649s][debug][gc,phases      ] GC(248)   ResolvedMethodTable Weak       Min:  0.0, Avg:  0.0, Max:  0.0, Diff:  0.0, Sum:  0.1, Workers: 4
[2110.649s][debug][gc,phases      ] GC(248)     Dead                           Min: 0, Avg:  0.0, Max: 0, Diff: 0, Sum: 0, Workers: 4
[2110.649s][debug][gc,phases      ] GC(248)     Total                          Min: 0, Avg: 2640.5, Max: 3584, Diff: 3584, Sum: 10562, Workers: 4
[2110.649s][debug][gc,phases      ] GC(248)   JNI Weak                       Min:  0.0, Avg:  0.0, Max:  0.0, Diff:  0.0, Sum:  0.0, Workers: 4
[2110.649s][debug][gc,phases      ] GC(248)     Dead                           Min: 0, Avg:  0.0, Max: 0, Diff: 0, Sum: 0, Workers: 4
[2110.649s][debug][gc,phases      ] GC(248)     Total                          Min: 0, Avg: 11.2, Max: 45, Diff: 45, Sum: 45, Workers: 4
[2110.649s][debug][gc,phases      ] GC(248)   StringDedup Table Weak         Min:  0.0, Avg:  0.0, Max:  0.0, Diff:  0.0, Sum:  0.0, Workers: 4
[2110.649s][debug][gc,phases      ] GC(248)     Dead                           Min: 0, Avg:  0.0, Max: 0, Diff: 0, Sum: 0, Workers: 4
[2110.649s][debug][gc,phases      ] GC(248)     Total                          Min: 0, Avg:  0.0, Max: 0, Diff: 0, Sum: 0, Workers: 4
[2110.649s][debug][gc,phases      ] GC(248)   StringDedup Requests0 Weak     Min:  0.0, Avg:  0.0, Max:  0.0, Diff:  0.0, Sum:  0.0, Workers: 4
[2110.649s][debug][gc,phases      ] GC(248)     Dead                           Min: 0, Avg:  0.0, Max: 0, Diff: 0, Sum: 0, Workers: 4
[2110.649s][debug][gc,phases      ] GC(248)     Total                          Min: 0, Avg:  0.0, Max: 0, Diff: 0, Sum: 0, Workers: 4
[2110.649s][debug][gc,phases      ] GC(248)   StringDedup Requests1 Weak     Min:  0.0, Avg:  0.0, Max:  0.0, Diff:  0.0, Sum:  0.0, Workers: 4
[2110.649s][debug][gc,phases      ] GC(248)     Dead                           Min: 0, Avg:  0.0, Max: 0, Diff: 0, Sum: 0, Workers: 4
[2110.649s][debug][gc,phases      ] GC(248)     Total                          Min: 0, Avg:  0.0, Max: 0, Diff: 0, Sum: 0, Workers: 4
[2110.649s][debug][gc,phases      ] GC(248)   Weak JFR Old Object Samples    Min:  0.0, Avg:  0.0, Max:  0.0, Diff:  0.0, Sum:  0.0, Workers: 4
[2110.649s][debug][gc,phases      ] GC(248)     Dead                           Min: 0, Avg:  0.0, Max: 0, Diff: 0, Sum: 0, Workers: 4
[2110.649s][debug][gc,phases      ] GC(248)     Total                          Min: 0, Avg:  0.0, Max: 0, Diff: 0, Sum: 0, Workers: 4
[2110.649s][debug][gc,phases      ] GC(248) Weak Processing 0.454ms
[2110.649s][debug][gc,age         ] GC(248) Desired survivor size 5767168 bytes, new threshold 15 (max threshold 15)
[2110.649s][info ][gc,heap        ] GC(248) PSYoungGen: 2091129K(2091520K)->4185K(2091520K) Eden: 2086912K(2086912K)->0K(2085888K) From: 4217K(4608K)->4185K(5632K)
[2110.649s][info ][gc,heap        ] GC(248) ParOldGen: 400366K(430080K)->400366K(430080K)
[2110.649s][info ][gc,metaspace   ] GC(248) Metaspace: 85868K(86912K)->85868K(86912K) NonClass: 73476K(74048K)->73476K(74048K) Class: 12392K(12864K)->12392K(12864K)
[2110.649s][info ][gc             ] GC(248) Pause Young (Allocation Failure) 2433M->395M(2462M) 4.913ms
[2110.649s][info ][gc,cpu         ] GC(248) User=0.02s Sys=0.00s Real=0.00s
[2110.649s][info ][safepoint      ] Safepoint "ParallelGCFailedAllocation", Time since last: 4077392100 ns, Reaching safepoint: 3700 ns, Cleanup: 31100 ns, At safepoint: 4984409 ns, Total: 5019209 ns
[2111.649s][info ][safepoint      ] Safepoint "Cleanup", Time since last: 1000079941 ns, Reaching safepoint: 3700 ns, Cleanup: 34000 ns, At safepoint: 2800 ns, Total: 40500 ns
[2112.650s][info ][safepoint      ] Safepoint "Cleanup", Time since last: 1000100342 ns, Reaching safepoint: 4100 ns, Cleanup: 44800 ns, At safepoint: 4300 ns, Total: 53200 ns
[2118.650s][info ][safepoint      ] Safepoint "Cleanup", Time since last: 6000419682 ns, Reaching safepoint: 5500 ns, Cleanup: 35500 ns, At safepoint: 7500 ns, Total: 48500 ns
[2119.650s][info ][safepoint      ] Safepoint "Cleanup", Time since last: 1000111829 ns, Reaching safepoint: 4900 ns, Cleanup: 36200 ns, At safepoint: 2300 ns, Total: 43400 ns
[2121.188s][info ][gc,start       ] GC(249) Pause Young (Allocation Failure)
[2121.192s][debug][gc,phases      ] GC(249) Scavenge 3.984ms
[2121.192s][debug][gc,ref         ] GC(249) Skipped phase 1 of Reference Processing: no references
[2121.193s][debug][gc,ref         ] GC(249) ReferenceProcessor::execute queues: 1, RefProcThreadModel::Single, marks_oops_alive: false
[2121.193s][debug][gc,ref         ] GC(249) Skipped phase 3 of Reference Processing: no references
[2121.193s][debug][gc,ref         ] GC(249) ReferenceProcessor::execute queues: 1, RefProcThreadModel::Single, marks_oops_alive: false
[2121.193s][debug][gc,phases      ] GC(249) Reference Processing 0.108ms
[2121.193s][debug][gc,phases      ] GC(249)   VM Weak                        Min:  0.0, Avg:  0.0, Max:  0.0, Diff:  0.0, Sum:  0.0, Workers: 4
[2121.193s][debug][gc,phases      ] GC(249)     Dead                           Min: 0, Avg:  0.0, Max: 0, Diff: 0, Sum: 0, Workers: 4
[2121.193s][debug][gc,phases      ] GC(249)     Total                          Min: 0, Avg: 217.0, Max: 676, Diff: 676, Sum: 868, Workers: 4
[2121.193s][debug][gc,phases      ] GC(249)   ObjectSynchronizer Weak        Min:  0.0, Avg:  0.0, Max:  0.0, Diff:  0.0, Sum:  0.0, Workers: 4
[2121.193s][debug][gc,phases      ] GC(249)     Dead                           Min: 0, Avg:  0.0, Max: 0, Diff: 0, Sum: 0, Workers: 4
[2121.193s][debug][gc,phases      ] GC(249)     Total                          Min: 0, Avg:  1.0, Max: 4, Diff: 4, Sum: 4, Workers: 4
[2121.193s][debug][gc,phases      ] GC(249)   JVMTI Tag Weak OopStorage      Min:  0.0, Avg:  0.0, Max:  0.0, Diff:  0.0, Sum:  0.0, Workers: 4
[2121.193s][debug][gc,phases      ] GC(249)     Dead                           Min: 0, Avg:  0.0, Max: 0, Diff: 0, Sum: 0, Workers: 4
[2121.193s][debug][gc,phases      ] GC(249)     Total                          Min: 0, Avg:  0.0, Max: 0, Diff: 0, Sum: 0, Workers: 4
[2121.193s][debug][gc,phases      ] GC(249)   StringTable Weak               Min:  0.0, Avg:  0.1, Max:  0.1, Diff:  0.1, Sum:  0.4, Workers: 4
[2121.193s][debug][gc,phases      ] GC(249)     Dead                           Min: 0, Avg:  0.0, Max: 0, Diff: 0, Sum: 0, Workers: 4
[2121.193s][debug][gc,phases      ] GC(249)     Total                          Min: 0, Avg: 11225.8, Max: 18023, Diff: 18023, Sum: 44903, Workers: 4
[2121.193s][debug][gc,phases      ] GC(249)   ResolvedMethodTable Weak       Min:  0.0, Avg:  0.0, Max:  0.0, Diff:  0.0, Sum:  0.1, Workers: 4
[2121.193s][debug][gc,phases      ] GC(249)     Dead                           Min: 0, Avg:  0.0, Max: 0, Diff: 0, Sum: 0, Workers: 4
[2121.193s][debug][gc,phases      ] GC(249)     Total                          Min: 0, Avg: 2640.5, Max: 4610, Diff: 4610, Sum: 10562, Workers: 4
[2121.193s][debug][gc,phases      ] GC(249)   JNI Weak                       Min:  0.0, Avg:  0.0, Max:  0.0, Diff:  0.0, Sum:  0.0, Workers: 4
[2121.193s][debug][gc,phases      ] GC(249)     Dead                           Min: 0, Avg:  0.0, Max: 0, Diff: 0, Sum: 0, Workers: 4
[2121.193s][debug][gc,phases      ] GC(249)     Total                          Min: 0, Avg: 11.2, Max: 45, Diff: 45, Sum: 45, Workers: 4
[2121.193s][debug][gc,phases      ] GC(249)   StringDedup Table Weak         Min:  0.0, Avg:  0.0, Max:  0.0, Diff:  0.0, Sum:  0.0, Workers: 4
[2121.193s][debug][gc,phases      ] GC(249)     Dead                           Min: 0, Avg:  0.0, Max: 0, Diff: 0, Sum: 0, Workers: 4
[2121.193s][debug][gc,phases      ] GC(249)     Total                          Min: 0, Avg:  0.0, Max: 0, Diff: 0, Sum: 0, Workers: 4
[2121.193s][debug][gc,phases      ] GC(249)   StringDedup Requests0 Weak     Min:  0.0, Avg:  0.0, Max:  0.0, Diff:  0.0, Sum:  0.0, Workers: 4
[2121.193s][debug][gc,phases      ] GC(249)     Dead                           Min: 0, Avg:  0.0, Max: 0, Diff: 0, Sum: 0, Workers: 4
[2121.193s][debug][gc,phases      ] GC(249)     Total                          Min: 0, Avg:  0.0, Max: 0, Diff: 0, Sum: 0, Workers: 4
[2121.193s][debug][gc,phases      ] GC(249)   StringDedup Requests1 Weak     Min:  0.0, Avg:  0.0, Max:  0.0, Diff:  0.0, Sum:  0.0, Workers: 4
[2121.193s][debug][gc,phases      ] GC(249)     Dead                           Min: 0, Avg:  0.0, Max: 0, Diff: 0, Sum: 0, Workers: 4
[2121.193s][debug][gc,phases      ] GC(249)     Total                          Min: 0, Avg:  0.0, Max: 0, Diff: 0, Sum: 0, Workers: 4
[2121.193s][debug][gc,phases      ] GC(249)   Weak JFR Old Object Samples    Min:  0.0, Avg:  0.0, Max:  0.0, Diff:  0.0, Sum:  0.0, Workers: 4
[2121.193s][debug][gc,phases      ] GC(249)     Dead                           Min: 0, Avg:  0.0, Max: 0, Diff: 0, Sum: 0, Workers: 4
[2121.193s][debug][gc,phases      ] GC(249)     Total                          Min: 0, Avg:  0.0, Max: 0, Diff: 0, Sum: 0, Workers: 4
[2121.193s][debug][gc,phases      ] GC(249) Weak Processing 0.342ms
[2121.193s][debug][gc,age         ] GC(249) Desired survivor size 5767168 bytes, new threshold 15 (max threshold 15)
[2121.193s][info ][gc,heap        ] GC(249) PSYoungGen: 2090073K(2091520K)->4347K(2091520K) Eden: 2085888K(2085888K)->0K(2085888K) From: 4185K(5632K)->4347K(5632K)
[2121.193s][info ][gc,heap        ] GC(249) ParOldGen: 400366K(430080K)->400374K(430080K)
[2121.193s][info ][gc,metaspace   ] GC(249) Metaspace: 85882K(86912K)->85882K(86912K) NonClass: 73489K(74048K)->73489K(74048K) Class: 12393K(12864K)->12393K(12864K)
[2121.193s][info ][gc             ] GC(249) Pause Young (Allocation Failure) 2432M->395M(2462M) 4.527ms
[2121.193s][info ][gc,cpu         ] GC(249) User=0.02s Sys=0.00s Real=0.00s
[2121.193s][info ][safepoint      ] Safepoint "ParallelGCFailedAllocation", Time since last: 1538207606 ns, Reaching safepoint: 3600 ns, Cleanup: 29500 ns, At safepoint: 4589408 ns, Total: 4622508 ns
[2128.194s][info ][safepoint      ] Safepoint "Cleanup", Time since last: 7000474290 ns, Reaching safepoint: 72300 ns, Cleanup: 39900 ns, At safepoint: 4500 ns, Total: 116700 ns
[2132.194s][info ][safepoint      ] Safepoint "Cleanup", Time since last: 4000306694 ns, Reaching safepoint: 4400 ns, Cleanup: 36400 ns, At safepoint: 2700 ns, Total: 43500 ns
[2132.687s][info ][gc,start       ] GC(250) Pause Young (Allocation Failure)
[2132.691s][debug][gc,phases      ] GC(250) Scavenge 4.237ms
[2132.691s][debug][gc,ref         ] GC(250) Skipped phase 1 of Reference Processing: no references
[2132.691s][debug][gc,ref         ] GC(250) ReferenceProcessor::execute queues: 1, RefProcThreadModel::Single, marks_oops_alive: false
[2132.691s][debug][gc,ref         ] GC(250) Skipped phase 3 of Reference Processing: no references
[2132.691s][debug][gc,ref         ] GC(250) ReferenceProcessor::execute queues: 1, RefProcThreadModel::Single, marks_oops_alive: false
[2132.691s][debug][gc,phases      ] GC(250) Reference Processing 0.104ms
[2132.691s][debug][gc,phases      ] GC(250)   VM Weak                        Min:  0.0, Avg:  0.0, Max:  0.0, Diff:  0.0, Sum:  0.0, Workers: 4
[2132.691s][debug][gc,phases      ] GC(250)     Dead                           Min: 0, Avg:  0.0, Max: 0, Diff: 0, Sum: 0, Workers: 4
[2132.691s][debug][gc,phases      ] GC(250)     Total                          Min: 0, Avg: 217.0, Max: 512, Diff: 512, Sum: 868, Workers: 4
[2132.691s][debug][gc,phases      ] GC(250)   ObjectSynchronizer Weak        Min:  0.0, Avg:  0.0, Max:  0.0, Diff:  0.0, Sum:  0.0, Workers: 4
[2132.691s][debug][gc,phases      ] GC(250)     Dead                           Min: 0, Avg:  0.0, Max: 0, Diff: 0, Sum: 0, Workers: 4
[2132.691s][debug][gc,phases      ] GC(250)     Total                          Min: 0, Avg:  1.0, Max: 4, Diff: 4, Sum: 4, Workers: 4
[2132.691s][debug][gc,phases      ] GC(250)   JVMTI Tag Weak OopStorage      Min:  0.0, Avg:  0.0, Max:  0.0, Diff:  0.0, Sum:  0.0, Workers: 4
[2132.691s][debug][gc,phases      ] GC(250)     Dead                           Min: 0, Avg:  0.0, Max: 0, Diff: 0, Sum: 0, Workers: 4
[2132.691s][debug][gc,phases      ] GC(250)     Total                          Min: 0, Avg:  0.0, Max: 0, Diff: 0, Sum: 0, Workers: 4
[2132.691s][debug][gc,phases      ] GC(250)   StringTable Weak               Min:  0.0, Avg:  0.1, Max:  0.1, Diff:  0.1, Sum:  0.4, Workers: 4
[2132.691s][debug][gc,phases      ] GC(250)     Dead                           Min: 0, Avg:  0.0, Max: 0, Diff: 0, Sum: 0, Workers: 4
[2132.691s][debug][gc,phases      ] GC(250)     Total                          Min: 0, Avg: 11226.0, Max: 17728, Diff: 17728, Sum: 44904, Workers: 4
[2132.691s][debug][gc,phases      ] GC(250)   ResolvedMethodTable Weak       Min:  0.0, Avg:  0.0, Max:  0.0, Diff:  0.0, Sum:  0.1, Workers: 4
[2132.691s][debug][gc,phases      ] GC(250)     Dead                           Min: 0, Avg:  0.0, Max: 0, Diff: 0, Sum: 0, Workers: 4
[2132.691s][debug][gc,phases      ] GC(250)     Total                          Min: 0, Avg: 2640.5, Max: 4546, Diff: 4546, Sum: 10562, Workers: 4
[2132.691s][debug][gc,phases      ] GC(250)   JNI Weak                       Min:  0.0, Avg:  0.0, Max:  0.0, Diff:  0.0, Sum:  0.0, Workers: 4
[2132.691s][debug][gc,phases      ] GC(250)     Dead                           Min: 0, Avg:  0.0, Max: 0, Diff: 0, Sum: 0, Workers: 4
[2132.691s][debug][gc,phases      ] GC(250)     Total                          Min: 0, Avg: 11.2, Max: 45, Diff: 45, Sum: 45, Workers: 4
[2132.691s][debug][gc,phases      ] GC(250)   StringDedup Table Weak         Min:  0.0, Avg:  0.0, Max:  0.0, Diff:  0.0, Sum:  0.0, Workers: 4
[2132.691s][debug][gc,phases      ] GC(250)     Dead                           Min: 0, Avg:  0.0, Max: 0, Diff: 0, Sum: 0, Workers: 4
[2132.691s][debug][gc,phases      ] GC(250)     Total                          Min: 0, Avg:  0.0, Max: 0, Diff: 0, Sum: 0, Workers: 4
[2132.691s][debug][gc,phases      ] GC(250)   StringDedup Requests0 Weak     Min:  0.0, Avg:  0.0, Max:  0.0, Diff:  0.0, Sum:  0.0, Workers: 4
[2132.691s][debug][gc,phases      ] GC(250)     Dead                           Min: 0, Avg:  0.0, Max: 0, Diff: 0, Sum: 0, Workers: 4
[2132.691s][debug][gc,phases      ] GC(250)     Total                          Min: 0, Avg:  0.0, Max: 0, Diff: 0, Sum: 0, Workers: 4
[2132.691s][debug][gc,phases      ] GC(250)   StringDedup Requests1 Weak     Min:  0.0, Avg:  0.0, Max:  0.0, Diff:  0.0, Sum:  0.0, Workers: 4
[2132.691s][debug][gc,phases      ] GC(250)     Dead                           Min: 0, Avg:  0.0, Max: 0, Diff: 0, Sum: 0, Workers: 4
[2132.691s][debug][gc,phases      ] GC(250)     Total                          Min: 0, Avg:  0.0, Max: 0, Diff: 0, Sum: 0, Workers: 4
[2132.691s][debug][gc,phases      ] GC(250)   Weak JFR Old Object Samples    Min:  0.0, Avg:  0.0, Max:  0.0, Diff:  0.0, Sum:  0.0, Workers: 4
[2132.691s][debug][gc,phases      ] GC(250)     Dead                           Min: 0, Avg:  0.0, Max: 0, Diff: 0, Sum: 0, Workers: 4
[2132.691s][debug][gc,phases      ] GC(250)     Total                          Min: 0, Avg:  0.0, Max: 0, Diff: 0, Sum: 0, Workers: 4
[2132.691s][debug][gc,phases      ] GC(250) Weak Processing 0.340ms
[2132.691s][debug][gc,age         ] GC(250) Desired survivor size 5767168 bytes, new threshold 15 (max threshold 15)
[2132.691s][info ][gc,heap        ] GC(250) PSYoungGen: 2090235K(2091520K)->3929K(2091520K) Eden: 2085888K(2085888K)->0K(2085888K) From: 4347K(5632K)->3929K(5632K)
[2132.691s][info ][gc,heap        ] GC(250) ParOldGen: 400374K(430080K)->400718K(430080K)
[2132.691s][info ][gc,metaspace   ] GC(250) Metaspace: 85902K(86912K)->85902K(86912K) NonClass: 73509K(74048K)->73509K(74048K) Class: 12393K(12864K)->12393K(12864K)
[2132.691s][info ][gc             ] GC(250) Pause Young (Allocation Failure) 2432M->395M(2462M) 4.780ms
[2132.691s][info ][gc,cpu         ] GC(250) User=0.01s Sys=0.00s Real=0.00s
[2132.691s][info ][safepoint      ] Safepoint "ParallelGCFailedAllocation", Time since last: 492681758 ns, Reaching safepoint: 5200 ns, Cleanup: 18700 ns, At safepoint: 4849303 ns, Total: 4873203 ns
[2133.692s][info ][safepoint      ] Safepoint "Cleanup", Time since last: 1000079622 ns, Reaching safepoint: 3900 ns, Cleanup: 32900 ns, At safepoint: 6900 ns, Total: 43700 ns
[2139.692s][info ][safepoint      ] Safepoint "Cleanup", Time since last: 6000407476 ns, Reaching safepoint: 74900 ns, Cleanup: 36800 ns, At safepoint: 7600 ns, Total: 119300 ns
[2140.692s][info ][safepoint      ] Safepoint "Cleanup", Time since last: 1000115482 ns, Reaching safepoint: 71600 ns, Cleanup: 40300 ns, At safepoint: 4400 ns, Total: 116300 ns
[2143.693s][info ][safepoint      ] Safepoint "Cleanup", Time since last: 3000235845 ns, Reaching safepoint: 76700 ns, Cleanup: 37400 ns, At safepoint: 5400 ns, Total: 119500 ns
[2146.140s][info ][gc,start       ] GC(251) Pause Young (Allocation Failure)
[2146.147s][debug][gc,phases      ] GC(251) Scavenge 6.954ms
[2146.147s][debug][gc,ref         ] GC(251) Skipped phase 1 of Reference Processing: no references
[2146.147s][debug][gc,ref         ] GC(251) ReferenceProcessor::execute queues: 1, RefProcThreadModel::Single, marks_oops_alive: false
[2146.147s][debug][gc,ref         ] GC(251) Skipped phase 3 of Reference Processing: no references
[2146.147s][debug][gc,ref         ] GC(251) ReferenceProcessor::execute queues: 1, RefProcThreadModel::Single, marks_oops_alive: false
[2146.147s][debug][gc,phases      ] GC(251) Reference Processing 0.091ms
[2146.147s][debug][gc,phases      ] GC(251)   VM Weak                        Min:  0.0, Avg:  0.0, Max:  0.0, Diff:  0.0, Sum:  0.0, Workers: 4
[2146.147s][debug][gc,phases      ] GC(251)     Dead                           Min: 0, Avg:  0.0, Max: 0, Diff: 0, Sum: 0, Workers: 4
[2146.147s][debug][gc,phases      ] GC(251)     Total                          Min: 0, Avg: 217.0, Max: 868, Diff: 868, Sum: 868, Workers: 4
[2146.147s][debug][gc,phases      ] GC(251)   ObjectSynchronizer Weak        Min:  0.0, Avg:  0.0, Max:  0.0, Diff:  0.0, Sum:  0.0, Workers: 4
[2146.147s][debug][gc,phases      ] GC(251)     Dead                           Min: 0, Avg:  0.0, Max: 0, Diff: 0, Sum: 0, Workers: 4
[2146.147s][debug][gc,phases      ] GC(251)     Total                          Min: 0, Avg:  1.0, Max: 4, Diff: 4, Sum: 4, Workers: 4
[2146.147s][debug][gc,phases      ] GC(251)   JVMTI Tag Weak OopStorage      Min:  0.0, Avg:  0.0, Max:  0.0, Diff:  0.0, Sum:  0.0, Workers: 4
[2146.147s][debug][gc,phases      ] GC(251)     Dead                           Min: 0, Avg:  0.0, Max: 0, Diff: 0, Sum: 0, Workers: 4
[2146.147s][debug][gc,phases      ] GC(251)     Total                          Min: 0, Avg:  0.0, Max: 0, Diff: 0, Sum: 0, Workers: 4
[2146.147s][debug][gc,phases      ] GC(251)   StringTable Weak               Min:  0.0, Avg:  0.1, Max:  0.2, Diff:  0.2, Sum:  0.3, Workers: 4
[2146.147s][debug][gc,phases      ] GC(251)     Dead                           Min: 0, Avg:  0.0, Max: 0, Diff: 0, Sum: 0, Workers: 4
[2146.147s][debug][gc,phases      ] GC(251)     Total                          Min: 0, Avg: 11226.0, Max: 27840, Diff: 27840, Sum: 44904, Workers: 4
[2146.147s][debug][gc,phases      ] GC(251)   ResolvedMethodTable Weak       Min:  0.0, Avg:  0.0, Max:  0.0, Diff:  0.0, Sum:  0.1, Workers: 4
[2146.147s][debug][gc,phases      ] GC(251)     Dead                           Min: 0, Avg:  0.0, Max: 0, Diff: 0, Sum: 0, Workers: 4
[2146.147s][debug][gc,phases      ] GC(251)     Total                          Min: 0, Avg: 2640.5, Max: 6464, Diff: 6464, Sum: 10562, Workers: 4
[2146.147s][debug][gc,phases      ] GC(251)   JNI Weak                       Min:  0.0, Avg:  0.0, Max:  0.0, Diff:  0.0, Sum:  0.0, Workers: 4
[2146.147s][debug][gc,phases      ] GC(251)     Dead                           Min: 0, Avg:  0.0, Max: 0, Diff: 0, Sum: 0, Workers: 4
[2146.147s][debug][gc,phases      ] GC(251)     Total                          Min: 0, Avg: 11.2, Max: 45, Diff: 45, Sum: 45, Workers: 4
[2146.147s][debug][gc,phases      ] GC(251)   StringDedup Table Weak         Min:  0.0, Avg:  0.0, Max:  0.0, Diff:  0.0, Sum:  0.0, Workers: 4
[2146.147s][debug][gc,phases      ] GC(251)     Dead                           Min: 0, Avg:  0.0, Max: 0, Diff: 0, Sum: 0, Workers: 4
[2146.147s][debug][gc,phases      ] GC(251)     Total                          Min: 0, Avg:  0.0, Max: 0, Diff: 0, Sum: 0, Workers: 4
[2146.147s][debug][gc,phases      ] GC(251)   StringDedup Requests0 Weak     Min:  0.0, Avg:  0.0, Max:  0.0, Diff:  0.0, Sum:  0.0, Workers: 4
[2146.147s][debug][gc,phases      ] GC(251)     Dead                           Min: 0, Avg:  0.0, Max: 0, Diff: 0, Sum: 0, Workers: 4
[2146.147s][debug][gc,phases      ] GC(251)     Total                          Min: 0, Avg:  0.0, Max: 0, Diff: 0, Sum: 0, Workers: 4
[2146.147s][debug][gc,phases      ] GC(251)   StringDedup Requests1 Weak     Min:  0.0, Avg:  0.0, Max:  0.0, Diff:  0.0, Sum:  0.0, Workers: 4
[2146.147s][debug][gc,phases      ] GC(251)     Dead                           Min: 0, Avg:  0.0, Max: 0, Diff: 0, Sum: 0, Workers: 4
[2146.147s][debug][gc,phases      ] GC(251)     Total                          Min: 0, Avg:  0.0, Max: 0, Diff: 0, Sum: 0, Workers: 4
[2146.147s][debug][gc,phases      ] GC(251)   Weak JFR Old Object Samples    Min:  0.0, Avg:  0.0, Max:  0.0, Diff:  0.0, Sum:  0.0, Workers: 4
[2146.147s][debug][gc,phases      ] GC(251)     Dead                           Min: 0, Avg:  0.0, Max: 0, Diff: 0, Sum: 0, Workers: 4
[2146.147s][debug][gc,phases      ] GC(251)     Total                          Min: 0, Avg:  0.0, Max: 0, Diff: 0, Sum: 0, Workers: 4
[2146.147s][debug][gc,phases      ] GC(251) Weak Processing 0.362ms
[2146.147s][debug][gc,age         ] GC(251) Desired survivor size 5767168 bytes, new threshold 15 (max threshold 15)
[2146.148s][info ][gc,heap        ] GC(251) PSYoungGen: 2089817K(2091520K)->4070K(2091520K) Eden: 2085888K(2085888K)->0K(2085888K) From: 3929K(5632K)->4070K(5632K)
[2146.148s][info ][gc,heap        ] GC(251) ParOldGen: 400718K(430080K)->400884K(430080K)
[2146.148s][info ][gc,metaspace   ] GC(251) Metaspace: 85911K(86912K)->85911K(86912K) NonClass: 73518K(74048K)->73518K(74048K) Class: 12393K(12864K)->12393K(12864K)
[2146.148s][info ][gc             ] GC(251) Pause Young (Allocation Failure) 2432M->395M(2462M) 7.514ms
[2146.148s][info ][gc,cpu         ] GC(251) User=0.02s Sys=0.00s Real=0.01s
[2146.148s][info ][safepoint      ] Safepoint "ParallelGCFailedAllocation", Time since last: 2447232436 ns, Reaching safepoint: 4700 ns, Cleanup: 32100 ns, At safepoint: 7583010 ns, Total: 7619810 ns
[2147.148s][info ][safepoint      ] Safepoint "Cleanup", Time since last: 1000083397 ns, Reaching safepoint: 4000 ns, Cleanup: 39600 ns, At safepoint: 2500 ns, Total: 46100 ns
[2150.148s][info ][safepoint      ] Safepoint "Cleanup", Time since last: 3000243559 ns, Reaching safepoint: 5000 ns, Cleanup: 48600 ns, At safepoint: 30000 ns, Total: 83600 ns
[2151.148s][info ][safepoint      ] Safepoint "Cleanup", Time since last: 1000110020 ns, Reaching safepoint: 4000 ns, Cleanup: 49400 ns, At safepoint: 3200 ns, Total: 56600 ns
[2154.148s][info ][safepoint      ] Safepoint "Cleanup", Time since last: 3000230959 ns, Reaching safepoint: 3600 ns, Cleanup: 35900 ns, At safepoint: 22000 ns, Total: 61500 ns
[2159.149s][info ][safepoint      ] Safepoint "Cleanup", Time since last: 5000354890 ns, Reaching safepoint: 5200 ns, Cleanup: 38000 ns, At safepoint: 4600 ns, Total: 47800 ns
[2160.149s][info ][safepoint      ] Safepoint "Cleanup", Time since last: 1000112232 ns, Reaching safepoint: 6000 ns, Cleanup: 49000 ns, At safepoint: 2600 ns, Total: 57600 ns
[2161.580s][info ][safepoint      ] Safepoint "Cleanup", Time since last: 1431391592 ns, Reaching safepoint: 4100 ns, Cleanup: 43300 ns, At safepoint: 3100 ns, Total: 50500 ns
[2162.139s][info ][gc,start       ] GC(252) Pause Young (Allocation Failure)
[2162.143s][debug][gc,phases      ] GC(252) Scavenge 4.184ms
[2162.143s][debug][gc,ref         ] GC(252) Skipped phase 1 of Reference Processing: no references
[2162.143s][debug][gc,ref         ] GC(252) ReferenceProcessor::execute queues: 1, RefProcThreadModel::Single, marks_oops_alive: false
[2162.143s][debug][gc,ref         ] GC(252) Skipped phase 3 of Reference Processing: no references
[2162.143s][debug][gc,ref         ] GC(252) ReferenceProcessor::execute queues: 1, RefProcThreadModel::Single, marks_oops_alive: false
[2162.143s][debug][gc,phases      ] GC(252) Reference Processing 0.092ms
[2162.143s][debug][gc,phases      ] GC(252)   VM Weak                        Min:  0.0, Avg:  0.0, Max:  0.0, Diff:  0.0, Sum:  0.0, Workers: 4
[2162.143s][debug][gc,phases      ] GC(252)     Dead                           Min: 0, Avg:  0.0, Max: 0, Diff: 0, Sum: 0, Workers: 4
[2162.143s][debug][gc,phases      ] GC(252)     Total                          Min: 0, Avg: 217.0, Max: 384, Diff: 384, Sum: 868, Workers: 4
[2162.143s][debug][gc,phases      ] GC(252)   ObjectSynchronizer Weak        Min:  0.0, Avg:  0.0, Max:  0.0, Diff:  0.0, Sum:  0.0, Workers: 4
[2162.143s][debug][gc,phases      ] GC(252)     Dead                           Min: 0, Avg:  0.0, Max: 0, Diff: 0, Sum: 0, Workers: 4
[2162.143s][debug][gc,phases      ] GC(252)     Total                          Min: 0, Avg:  1.0, Max: 4, Diff: 4, Sum: 4, Workers: 4
[2162.143s][debug][gc,phases      ] GC(252)   JVMTI Tag Weak OopStorage      Min:  0.0, Avg:  0.0, Max:  0.0, Diff:  0.0, Sum:  0.0, Workers: 4
[2162.143s][debug][gc,phases      ] GC(252)     Dead                           Min: 0, Avg:  0.0, Max: 0, Diff: 0, Sum: 0, Workers: 4
[2162.143s][debug][gc,phases      ] GC(252)     Total                          Min: 0, Avg:  0.0, Max: 0, Diff: 0, Sum: 0, Workers: 4
[2162.143s][debug][gc,phases      ] GC(252)   StringTable Weak               Min:  0.0, Avg:  0.1, Max:  0.1, Diff:  0.1, Sum:  0.4, Workers: 4
[2162.143s][debug][gc,phases      ] GC(252)     Dead                           Min: 0, Avg:  0.0, Max: 0, Diff: 0, Sum: 0, Workers: 4
[2162.143s][debug][gc,phases      ] GC(252)     Total                          Min: 0, Avg: 11227.8, Max: 19695, Diff: 19695, Sum: 44911, Workers: 4
[2162.143s][debug][gc,phases      ] GC(252)   ResolvedMethodTable Weak       Min:  0.0, Avg:  0.0, Max:  0.0, Diff:  0.0, Sum:  0.1, Workers: 4
[2162.143s][debug][gc,phases      ] GC(252)     Dead                           Min: 0, Avg:  0.0, Max: 0, Diff: 0, Sum: 0, Workers: 4
[2162.143s][debug][gc,phases      ] GC(252)     Total                          Min: 0, Avg: 2640.5, Max: 4482, Diff: 4482, Sum: 10562, Workers: 4
[2162.143s][debug][gc,phases      ] GC(252)   JNI Weak                       Min:  0.0, Avg:  0.0, Max:  0.0, Diff:  0.0, Sum:  0.0, Workers: 4
[2162.143s][debug][gc,phases      ] GC(252)     Dead                           Min: 0, Avg:  0.0, Max: 0, Diff: 0, Sum: 0, Workers: 4
[2162.143s][debug][gc,phases      ] GC(252)     Total                          Min: 0, Avg: 11.2, Max: 45, Diff: 45, Sum: 45, Workers: 4
[2162.143s][debug][gc,phases      ] GC(252)   StringDedup Table Weak         Min:  0.0, Avg:  0.0, Max:  0.0, Diff:  0.0, Sum:  0.0, Workers: 4
[2162.143s][debug][gc,phases      ] GC(252)     Dead                           Min: 0, Avg:  0.0, Max: 0, Diff: 0, Sum: 0, Workers: 4
[2162.143s][debug][gc,phases      ] GC(252)     Total                          Min: 0, Avg:  0.0, Max: 0, Diff: 0, Sum: 0, Workers: 4
[2162.143s][debug][gc,phases      ] GC(252)   StringDedup Requests0 Weak     Min:  0.0, Avg:  0.0, Max:  0.0, Diff:  0.0, Sum:  0.0, Workers: 4
[2162.143s][debug][gc,phases      ] GC(252)     Dead                           Min: 0, Avg:  0.0, Max: 0, Diff: 0, Sum: 0, Workers: 4
[2162.143s][debug][gc,phases      ] GC(252)     Total                          Min: 0, Avg:  0.0, Max: 0, Diff: 0, Sum: 0, Workers: 4
[2162.144s][debug][gc,phases      ] GC(252)   StringDedup Requests1 Weak     Min:  0.0, Avg:  0.0, Max:  0.0, Diff:  0.0, Sum:  0.0, Workers: 4
[2162.144s][debug][gc,phases      ] GC(252)     Dead                           Min: 0, Avg:  0.0, Max: 0, Diff: 0, Sum: 0, Workers: 4
[2162.144s][debug][gc,phases      ] GC(252)     Total                          Min: 0, Avg:  0.0, Max: 0, Diff: 0, Sum: 0, Workers: 4
[2162.144s][debug][gc,phases      ] GC(252)   Weak JFR Old Object Samples    Min:  0.0, Avg:  0.0, Max:  0.0, Diff:  0.0, Sum:  0.0, Workers: 4
[2162.144s][debug][gc,phases      ] GC(252)     Dead                           Min: 0, Avg:  0.0, Max: 0, Diff: 0, Sum: 0, Workers: 4
[2162.144s][debug][gc,phases      ] GC(252)     Total                          Min: 0, Avg:  0.0, Max: 0, Diff: 0, Sum: 0, Workers: 4
[2162.144s][debug][gc,phases      ] GC(252) Weak Processing 0.340ms
[2162.144s][debug][gc,age         ] GC(252) Desired survivor size 5767168 bytes, new threshold 15 (max threshold 15)
[2162.144s][info ][gc,heap        ] GC(252) PSYoungGen: 2089958K(2091520K)->4102K(2091520K) Eden: 2085888K(2085888K)->0K(2085888K) From: 4070K(5632K)->4102K(5632K)
[2162.144s][info ][gc,heap        ] GC(252) ParOldGen: 400884K(430080K)->400948K(430080K)
[2162.144s][info ][gc,metaspace   ] GC(252) Metaspace: 85933K(86912K)->85933K(86912K) NonClass: 73540K(74048K)->73540K(74048K) Class: 12393K(12864K)->12393K(12864K)
[2162.144s][info ][gc             ] GC(252) Pause Young (Allocation Failure) 2432M->395M(2462M) 4.723ms
[2162.144s][info ][gc,cpu         ] GC(252) User=0.02s Sys=0.00s Real=0.01s
[2162.144s][info ][safepoint      ] Safepoint "ParallelGCFailedAllocation", Time since last: 558294855 ns, Reaching safepoint: 4400 ns, Cleanup: 24500 ns, At safepoint: 4787907 ns, Total: 4816807 ns
[2163.144s][info ][safepoint      ] Safepoint "Cleanup", Time since last: 1000076564 ns, Reaching safepoint: 3700 ns, Cleanup: 35700 ns, At safepoint: 2200 ns, Total: 41600 ns
[2164.144s][info ][safepoint      ] Safepoint "Cleanup", Time since last: 1000097922 ns, Reaching safepoint: 73700 ns, Cleanup: 43400 ns, At safepoint: 11800 ns, Total: 128900 ns
[2165.144s][info ][safepoint      ] Safepoint "Cleanup", Time since last: 1000114622 ns, Reaching safepoint: 3700 ns, Cleanup: 25900 ns, At safepoint: 2700 ns, Total: 32300 ns
[2166.144s][info ][safepoint      ] Safepoint "Cleanup", Time since last: 1000099923 ns, Reaching safepoint: 4300 ns, Cleanup: 35500 ns, At safepoint: 2400 ns, Total: 42200 ns
[2167.144s][info ][safepoint      ] Safepoint "Cleanup", Time since last: 1000093722 ns, Reaching safepoint: 3900 ns, Cleanup: 38800 ns, At safepoint: 6100 ns, Total: 48800 ns
[2168.145s][info ][safepoint      ] Safepoint "Cleanup", Time since last: 1000107622 ns, Reaching safepoint: 3800 ns, Cleanup: 34700 ns, At safepoint: 5100 ns, Total: 43600 ns
[2169.145s][info ][safepoint      ] Safepoint "Cleanup", Time since last: 1000076423 ns, Reaching safepoint: 4700 ns, Cleanup: 55300 ns, At safepoint: 2400 ns, Total: 62400 ns
[2170.145s][info ][safepoint      ] Safepoint "Cleanup", Time since last: 1000064822 ns, Reaching safepoint: 3700 ns, Cleanup: 30700 ns, At safepoint: 4600 ns, Total: 39000 ns
[2171.145s][info ][safepoint      ] Safepoint "Cleanup", Time since last: 1000099717 ns, Reaching safepoint: 4400 ns, Cleanup: 46300 ns, At safepoint: 2400 ns, Total: 53100 ns
[2172.145s][info ][safepoint      ] Safepoint "Cleanup", Time since last: 1000103890 ns, Reaching safepoint: 3900 ns, Cleanup: 52700 ns, At safepoint: 5600 ns, Total: 62200 ns
[2173.145s][info ][safepoint      ] Safepoint "Cleanup", Time since last: 1000104289 ns, Reaching safepoint: 3700 ns, Cleanup: 37101 ns, At safepoint: 2500 ns, Total: 43301 ns
[2174.145s][info ][safepoint      ] Safepoint "Cleanup", Time since last: 1000102089 ns, Reaching safepoint: 72700 ns, Cleanup: 44100 ns, At safepoint: 6500 ns, Total: 123300 ns
[2175.146s][info ][safepoint      ] Safepoint "Cleanup", Time since last: 1000102190 ns, Reaching safepoint: 71400 ns, Cleanup: 31800 ns, At safepoint: 7800 ns, Total: 111000 ns
[2175.842s][info ][gc,start       ] GC(253) Pause Young (Allocation Failure)
[2175.849s][debug][gc,phases      ] GC(253) Scavenge 6.409ms
[2175.849s][debug][gc,ref         ] GC(253) Skipped phase 1 of Reference Processing: no references
[2175.849s][debug][gc,ref         ] GC(253) ReferenceProcessor::execute queues: 1, RefProcThreadModel::Single, marks_oops_alive: false
[2175.849s][debug][gc,ref         ] GC(253) ReferenceProcessor::execute queues: 4, RefProcThreadModel::Multi, marks_oops_alive: true
[2175.849s][debug][gc,ref         ] GC(253) ReferenceProcessor::execute queues: 1, RefProcThreadModel::Single, marks_oops_alive: false
[2175.849s][debug][gc,phases      ] GC(253) Reference Processing 0.352ms
[2175.849s][debug][gc,phases      ] GC(253)   VM Weak                        Min:  0.0, Avg:  0.0, Max:  0.0, Diff:  0.0, Sum:  0.0, Workers: 4
[2175.849s][debug][gc,phases      ] GC(253)     Dead                           Min: 0, Avg:  0.0, Max: 0, Diff: 0, Sum: 0, Workers: 4
[2175.849s][debug][gc,phases      ] GC(253)     Total                          Min: 0, Avg: 217.0, Max: 484, Diff: 484, Sum: 868, Workers: 4
[2175.849s][debug][gc,phases      ] GC(253)   ObjectSynchronizer Weak        Min:  0.0, Avg:  0.0, Max:  0.0, Diff:  0.0, Sum:  0.0, Workers: 4
[2175.849s][debug][gc,phases      ] GC(253)     Dead                           Min: 0, Avg:  0.0, Max: 0, Diff: 0, Sum: 0, Workers: 4
[2175.849s][debug][gc,phases      ] GC(253)     Total                          Min: 0, Avg:  1.2, Max: 5, Diff: 5, Sum: 5, Workers: 4
[2175.849s][debug][gc,phases      ] GC(253)   JVMTI Tag Weak OopStorage      Min:  0.0, Avg:  0.0, Max:  0.0, Diff:  0.0, Sum:  0.0, Workers: 4
[2175.849s][debug][gc,phases      ] GC(253)     Dead                           Min: 0, Avg:  0.0, Max: 0, Diff: 0, Sum: 0, Workers: 4
[2175.849s][debug][gc,phases      ] GC(253)     Total                          Min: 0, Avg:  0.0, Max: 0, Diff: 0, Sum: 0, Workers: 4
[2175.849s][debug][gc,phases      ] GC(253)   StringTable Weak               Min:  0.0, Avg:  0.1, Max:  0.2, Diff:  0.2, Sum:  0.5, Workers: 4
[2175.849s][debug][gc,phases      ] GC(253)     Dead                           Min: 0, Avg:  0.0, Max: 0, Diff: 0, Sum: 0, Workers: 4
[2175.849s][debug][gc,phases      ] GC(253)     Total                          Min: 0, Avg: 11228.5, Max: 17778, Diff: 17778, Sum: 44914, Workers: 4
[2175.849s][debug][gc,phases      ] GC(253)   ResolvedMethodTable Weak       Min:  0.0, Avg:  0.0, Max:  0.0, Diff:  0.0, Sum:  0.1, Workers: 4
[2175.849s][debug][gc,phases      ] GC(253)     Dead                           Min: 0, Avg:  0.0, Max: 0, Diff: 0, Sum: 0, Workers: 4
[2175.849s][debug][gc,phases      ] GC(253)     Total                          Min: 0, Avg: 2640.5, Max: 3650, Diff: 3650, Sum: 10562, Workers: 4
[2175.849s][debug][gc,phases      ] GC(253)   JNI Weak                       Min:  0.0, Avg:  0.0, Max:  0.0, Diff:  0.0, Sum:  0.0, Workers: 4
[2175.849s][debug][gc,phases      ] GC(253)     Dead                           Min: 0, Avg:  0.0, Max: 0, Diff: 0, Sum: 0, Workers: 4
[2175.849s][debug][gc,phases      ] GC(253)     Total                          Min: 0, Avg: 11.2, Max: 45, Diff: 45, Sum: 45, Workers: 4
[2175.849s][debug][gc,phases      ] GC(253)   StringDedup Table Weak         Min:  0.0, Avg:  0.0, Max:  0.0, Diff:  0.0, Sum:  0.0, Workers: 4
[2175.849s][debug][gc,phases      ] GC(253)     Dead                           Min: 0, Avg:  0.0, Max: 0, Diff: 0, Sum: 0, Workers: 4
[2175.849s][debug][gc,phases      ] GC(253)     Total                          Min: 0, Avg:  0.0, Max: 0, Diff: 0, Sum: 0, Workers: 4
[2175.849s][debug][gc,phases      ] GC(253)   StringDedup Requests0 Weak     Min:  0.0, Avg:  0.0, Max:  0.0, Diff:  0.0, Sum:  0.0, Workers: 4
[2175.849s][debug][gc,phases      ] GC(253)     Dead                           Min: 0, Avg:  0.0, Max: 0, Diff: 0, Sum: 0, Workers: 4
[2175.849s][debug][gc,phases      ] GC(253)     Total                          Min: 0, Avg:  0.0, Max: 0, Diff: 0, Sum: 0, Workers: 4
[2175.849s][debug][gc,phases      ] GC(253)   StringDedup Requests1 Weak     Min:  0.0, Avg:  0.0, Max:  0.0, Diff:  0.0, Sum:  0.0, Workers: 4
[2175.849s][debug][gc,phases      ] GC(253)     Dead                           Min: 0, Avg:  0.0, Max: 0, Diff: 0, Sum: 0, Workers: 4
[2175.849s][debug][gc,phases      ] GC(253)     Total                          Min: 0, Avg:  0.0, Max: 0, Diff: 0, Sum: 0, Workers: 4
[2175.849s][debug][gc,phases      ] GC(253)   Weak JFR Old Object Samples    Min:  0.0, Avg:  0.0, Max:  0.0, Diff:  0.0, Sum:  0.0, Workers: 4
[2175.849s][debug][gc,phases      ] GC(253)     Dead                           Min: 0, Avg:  0.0, Max: 0, Diff: 0, Sum: 0, Workers: 4
[2175.849s][debug][gc,phases      ] GC(253)     Total                          Min: 0, Avg:  0.0, Max: 0, Diff: 0, Sum: 0, Workers: 4
[2175.849s][debug][gc,phases      ] GC(253) Weak Processing 0.368ms
[2175.849s][debug][gc,age         ] GC(253) Desired survivor size 5767168 bytes, new threshold 15 (max threshold 15)
[2175.849s][info ][gc,heap        ] GC(253) PSYoungGen: 2089990K(2091520K)->4070K(2091520K) Eden: 2085888K(2085888K)->0K(2085888K) From: 4102K(5632K)->4070K(5632K)
[2175.849s][info ][gc,heap        ] GC(253) ParOldGen: 400948K(430080K)->401028K(430080K)
[2175.849s][info ][gc,metaspace   ] GC(253) Metaspace: 85950K(86976K)->85950K(86976K) NonClass: 73556K(74112K)->73556K(74112K) Class: 12393K(12864K)->12393K(12864K)
[2175.849s][info ][gc             ] GC(253) Pause Young (Allocation Failure) 2432M->395M(2462M) 7.235ms
[2175.849s][info ][gc,cpu         ] GC(253) User=0.03s Sys=0.00s Real=0.00s
[2175.849s][info ][safepoint      ] Safepoint "ParallelGCFailedAllocation", Time since last: 696312059 ns, Reaching safepoint: 78200 ns, Cleanup: 22000 ns, At safepoint: 7311808 ns, Total: 7412008 ns
[2180.546s][info ][safepoint      ] Safepoint "Cleanup", Time since last: 4696755064 ns, Reaching safepoint: 71300 ns, Cleanup: 80800 ns, At safepoint: 6400 ns, Total: 158500 ns
[2181.546s][info ][safepoint      ] Safepoint "Cleanup", Time since last: 1000105787 ns, Reaching safepoint: 5100 ns, Cleanup: 46400 ns, At safepoint: 2600 ns, Total: 54100 ns
[2182.547s][info ][safepoint      ] Safepoint "Cleanup", Time since last: 1000113086 ns, Reaching safepoint: 4000 ns, Cleanup: 40601 ns, At safepoint: 4900 ns, Total: 49501 ns
[2183.547s][info ][safepoint      ] Safepoint "Cleanup", Time since last: 1000100586 ns, Reaching safepoint: 3700 ns, Cleanup: 36700 ns, At safepoint: 16900 ns, Total: 57300 ns
[2184.547s][info ][safepoint      ] Safepoint "Cleanup", Time since last: 1000092487 ns, Reaching safepoint: 5700 ns, Cleanup: 34200 ns, At safepoint: 2500 ns, Total: 42400 ns
[2185.547s][info ][safepoint      ] Safepoint "Cleanup", Time since last: 1000110387 ns, Reaching safepoint: 5500 ns, Cleanup: 43400 ns, At safepoint: 2800 ns, Total: 51700 ns
[2186.492s][info ][gc,start       ] GC(254) Pause Young (Allocation Failure)
[2186.497s][debug][gc,phases      ] GC(254) Scavenge 5.042ms
[2186.497s][debug][gc,ref         ] GC(254) Skipped phase 1 of Reference Processing: no references
[2186.497s][debug][gc,ref         ] GC(254) ReferenceProcessor::execute queues: 1, RefProcThreadModel::Single, marks_oops_alive: false
[2186.497s][debug][gc,ref         ] GC(254) Skipped phase 3 of Reference Processing: no references
[2186.497s][debug][gc,ref         ] GC(254) Skipped phase 4 of Reference Processing: no references
[2186.497s][debug][gc,phases      ] GC(254) Reference Processing 0.096ms
[2186.498s][debug][gc,phases      ] GC(254)   VM Weak                        Min:  0.0, Avg:  0.0, Max:  0.0, Diff:  0.0, Sum:  0.0, Workers: 4
[2186.498s][debug][gc,phases      ] GC(254)     Dead                           Min: 0, Avg:  0.0, Max: 0, Diff: 0, Sum: 0, Workers: 4
[2186.498s][debug][gc,phases      ] GC(254)     Total                          Min: 0, Avg: 217.0, Max: 484, Diff: 484, Sum: 868, Workers: 4
[2186.498s][debug][gc,phases      ] GC(254)   ObjectSynchronizer Weak        Min:  0.0, Avg:  0.0, Max:  0.0, Diff:  0.0, Sum:  0.0, Workers: 4
[2186.498s][debug][gc,phases      ] GC(254)     Dead                           Min: 0, Avg:  0.0, Max: 0, Diff: 0, Sum: 0, Workers: 4
[2186.498s][debug][gc,phases      ] GC(254)     Total                          Min: 0, Avg:  1.2, Max: 5, Diff: 5, Sum: 5, Workers: 4
[2186.498s][debug][gc,phases      ] GC(254)   JVMTI Tag Weak OopStorage      Min:  0.0, Avg:  0.0, Max:  0.0, Diff:  0.0, Sum:  0.0, Workers: 4
[2186.498s][debug][gc,phases      ] GC(254)     Dead                           Min: 0, Avg:  0.0, Max: 0, Diff: 0, Sum: 0, Workers: 4
[2186.498s][debug][gc,phases      ] GC(254)     Total                          Min: 0, Avg:  0.0, Max: 0, Diff: 0, Sum: 0, Workers: 4
[2186.498s][debug][gc,phases      ] GC(254)   StringTable Weak               Min:  0.0, Avg:  0.1, Max:  0.2, Diff:  0.2, Sum:  0.3, Workers: 4
[2186.498s][debug][gc,phases      ] GC(254)     Dead                           Min: 0, Avg:  0.0, Max: 0, Diff: 0, Sum: 0, Workers: 4
[2186.498s][debug][gc,phases      ] GC(254)     Total                          Min: 0, Avg: 11228.5, Max: 27584, Diff: 27584, Sum: 44914, Workers: 4
[2186.498s][debug][gc,phases      ] GC(254)   ResolvedMethodTable Weak       Min:  0.0, Avg:  0.0, Max:  0.1, Diff:  0.1, Sum:  0.1, Workers: 4
[2186.498s][debug][gc,phases      ] GC(254)     Dead                           Min: 0, Avg:  0.0, Max: 0, Diff: 0, Sum: 0, Workers: 4
[2186.498s][debug][gc,phases      ] GC(254)     Total                          Min: 0, Avg: 2640.5, Max: 5312, Diff: 5312, Sum: 10562, Workers: 4
[2186.498s][debug][gc,phases      ] GC(254)   JNI Weak                       Min:  0.0, Avg:  0.0, Max:  0.0, Diff:  0.0, Sum:  0.0, Workers: 4
[2186.498s][debug][gc,phases      ] GC(254)     Dead                           Min: 0, Avg:  0.0, Max: 0, Diff: 0, Sum: 0, Workers: 4
[2186.498s][debug][gc,phases      ] GC(254)     Total                          Min: 0, Avg: 11.2, Max: 45, Diff: 45, Sum: 45, Workers: 4
[2186.498s][debug][gc,phases      ] GC(254)   StringDedup Table Weak         Min:  0.0, Avg:  0.0, Max:  0.0, Diff:  0.0, Sum:  0.0, Workers: 4
[2186.498s][debug][gc,phases      ] GC(254)     Dead                           Min: 0, Avg:  0.0, Max: 0, Diff: 0, Sum: 0, Workers: 4
[2186.498s][debug][gc,phases      ] GC(254)     Total                          Min: 0, Avg:  0.0, Max: 0, Diff: 0, Sum: 0, Workers: 4
[2186.498s][debug][gc,phases      ] GC(254)   StringDedup Requests0 Weak     Min:  0.0, Avg:  0.0, Max:  0.0, Diff:  0.0, Sum:  0.0, Workers: 4
[2186.498s][debug][gc,phases      ] GC(254)     Dead                           Min: 0, Avg:  0.0, Max: 0, Diff: 0, Sum: 0, Workers: 4
[2186.498s][debug][gc,phases      ] GC(254)     Total                          Min: 0, Avg:  0.0, Max: 0, Diff: 0, Sum: 0, Workers: 4
[2186.498s][debug][gc,phases      ] GC(254)   StringDedup Requests1 Weak     Min:  0.0, Avg:  0.0, Max:  0.0, Diff:  0.0, Sum:  0.0, Workers: 4
[2186.498s][debug][gc,phases      ] GC(254)     Dead                           Min: 0, Avg:  0.0, Max: 0, Diff: 0, Sum: 0, Workers: 4
[2186.498s][debug][gc,phases      ] GC(254)     Total                          Min: 0, Avg:  0.0, Max: 0, Diff: 0, Sum: 0, Workers: 4
[2186.498s][debug][gc,phases      ] GC(254)   Weak JFR Old Object Samples    Min:  0.0, Avg:  0.0, Max:  0.0, Diff:  0.0, Sum:  0.0, Workers: 4
[2186.498s][debug][gc,phases      ] GC(254)     Dead                           Min: 0, Avg:  0.0, Max: 0, Diff: 0, Sum: 0, Workers: 4
[2186.498s][debug][gc,phases      ] GC(254)     Total                          Min: 0, Avg:  0.0, Max: 0, Diff: 0, Sum: 0, Workers: 4
[2186.498s][debug][gc,phases      ] GC(254) Weak Processing 0.390ms
[2186.498s][debug][gc,age         ] GC(254) Desired survivor size 5767168 bytes, new threshold 15 (max threshold 15)
[2186.498s][info ][gc,heap        ] GC(254) PSYoungGen: 2089958K(2091520K)->3894K(2091520K) Eden: 2085888K(2085888K)->0K(2085888K) From: 4070K(5632K)->3894K(5632K)
[2186.498s][info ][gc,heap        ] GC(254) ParOldGen: 401028K(430080K)->401156K(430080K)
[2186.498s][info ][gc,metaspace   ] GC(254) Metaspace: 85955K(86976K)->85955K(86976K) NonClass: 73561K(74112K)->73561K(74112K) Class: 12393K(12864K)->12393K(12864K)
[2186.498s][info ][gc             ] GC(254) Pause Young (Allocation Failure) 2432M->395M(2462M) 5.626ms
[2186.498s][info ][gc,cpu         ] GC(254) User=0.02s Sys=0.00s Real=0.01s
[2186.498s][info ][safepoint      ] Safepoint "ParallelGCFailedAllocation", Time since last: 944845689 ns, Reaching safepoint: 71801 ns, Cleanup: 24900 ns, At safepoint: 5692708 ns, Total: 5789409 ns
[2187.498s][info ][safepoint      ] Safepoint "Cleanup", Time since last: 1000086390 ns, Reaching safepoint: 4500 ns, Cleanup: 40500 ns, At safepoint: 2700 ns, Total: 47700 ns
[2188.498s][info ][safepoint      ] Safepoint "Cleanup", Time since last: 1000101875 ns, Reaching safepoint: 3800 ns, Cleanup: 38700 ns, At safepoint: 5900 ns, Total: 48400 ns
[2189.498s][info ][safepoint      ] Safepoint "Cleanup", Time since last: 1000115274 ns, Reaching safepoint: 5800 ns, Cleanup: 37400 ns, At safepoint: 4400 ns, Total: 47600 ns
[2190.498s][info ][safepoint      ] Safepoint "Cleanup", Time since last: 1000114575 ns, Reaching safepoint: 73500 ns, Cleanup: 42800 ns, At safepoint: 4600 ns, Total: 120900 ns
[2194.499s][info ][safepoint      ] Safepoint "Cleanup", Time since last: 4000306399 ns, Reaching safepoint: 4500 ns, Cleanup: 32800 ns, At safepoint: 2500 ns, Total: 39800 ns
[2195.499s][info ][safepoint      ] Safepoint "Cleanup", Time since last: 1000125547 ns, Reaching safepoint: 5800 ns, Cleanup: 40900 ns, At safepoint: 5900 ns, Total: 52600 ns
[2197.142s][info ][gc,start       ] GC(255) Pause Young (Allocation Failure)
[2197.146s][debug][gc,phases      ] GC(255) Scavenge 4.215ms
[2197.146s][debug][gc,ref         ] GC(255) Skipped phase 1 of Reference Processing: no references
[2197.146s][debug][gc,ref         ] GC(255) ReferenceProcessor::execute queues: 1, RefProcThreadModel::Single, marks_oops_alive: false
[2197.147s][debug][gc,ref         ] GC(255) Skipped phase 3 of Reference Processing: no references
[2197.147s][debug][gc,ref         ] GC(255) Skipped phase 4 of Reference Processing: no references
[2197.147s][debug][gc,phases      ] GC(255) Reference Processing 0.092ms
[2197.147s][debug][gc,phases      ] GC(255)   VM Weak                        Min:  0.0, Avg:  0.0, Max:  0.0, Diff:  0.0, Sum:  0.0, Workers: 4
[2197.147s][debug][gc,phases      ] GC(255)     Dead                           Min: 0, Avg:  0.0, Max: 0, Diff: 0, Sum: 0, Workers: 4
[2197.147s][debug][gc,phases      ] GC(255)     Total                          Min: 0, Avg: 217.0, Max: 448, Diff: 448, Sum: 868, Workers: 4
[2197.147s][debug][gc,phases      ] GC(255)   ObjectSynchronizer Weak        Min:  0.0, Avg:  0.0, Max:  0.0, Diff:  0.0, Sum:  0.0, Workers: 4
[2197.147s][debug][gc,phases      ] GC(255)     Dead                           Min: 0, Avg:  0.0, Max: 0, Diff: 0, Sum: 0, Workers: 4
[2197.147s][debug][gc,phases      ] GC(255)     Total                          Min: 0, Avg:  1.2, Max: 5, Diff: 5, Sum: 5, Workers: 4
[2197.147s][debug][gc,phases      ] GC(255)   JVMTI Tag Weak OopStorage      Min:  0.0, Avg:  0.0, Max:  0.0, Diff:  0.0, Sum:  0.0, Workers: 4
[2197.147s][debug][gc,phases      ] GC(255)     Dead                           Min: 0, Avg:  0.0, Max: 0, Diff: 0, Sum: 0, Workers: 4
[2197.147s][debug][gc,phases      ] GC(255)     Total                          Min: 0, Avg:  0.0, Max: 0, Diff: 0, Sum: 0, Workers: 4
[2197.147s][debug][gc,phases      ] GC(255)   StringTable Weak               Min:  0.0, Avg:  0.1, Max:  0.2, Diff:  0.2, Sum:  0.3, Workers: 4
[2197.147s][debug][gc,phases      ] GC(255)     Dead                           Min: 0, Avg:  0.0, Max: 0, Diff: 0, Sum: 0, Workers: 4
[2197.147s][debug][gc,phases      ] GC(255)     Total                          Min: 0, Avg: 11228.5, Max: 27826, Diff: 27826, Sum: 44914, Workers: 4
[2197.147s][debug][gc,phases      ] GC(255)   ResolvedMethodTable Weak       Min:  0.0, Avg:  0.0, Max:  0.0, Diff:  0.0, Sum:  0.1, Workers: 4
[2197.147s][debug][gc,phases      ] GC(255)     Dead                           Min: 0, Avg:  0.0, Max: 0, Diff: 0, Sum: 0, Workers: 4
[2197.147s][debug][gc,phases      ] GC(255)     Total                          Min: 0, Avg: 2640.5, Max: 6658, Diff: 6658, Sum: 10562, Workers: 4
[2197.147s][debug][gc,phases      ] GC(255)   JNI Weak                       Min:  0.0, Avg:  0.0, Max:  0.0, Diff:  0.0, Sum:  0.0, Workers: 4
[2197.147s][debug][gc,phases      ] GC(255)     Dead                           Min: 0, Avg:  0.0, Max: 0, Diff: 0, Sum: 0, Workers: 4
[2197.147s][debug][gc,phases      ] GC(255)     Total                          Min: 0, Avg: 11.2, Max: 45, Diff: 45, Sum: 45, Workers: 4
[2197.147s][debug][gc,phases      ] GC(255)   StringDedup Table Weak         Min:  0.0, Avg:  0.0, Max:  0.0, Diff:  0.0, Sum:  0.0, Workers: 4
[2197.147s][debug][gc,phases      ] GC(255)     Dead                           Min: 0, Avg:  0.0, Max: 0, Diff: 0, Sum: 0, Workers: 4
[2197.147s][debug][gc,phases      ] GC(255)     Total                          Min: 0, Avg:  0.0, Max: 0, Diff: 0, Sum: 0, Workers: 4
[2197.147s][debug][gc,phases      ] GC(255)   StringDedup Requests0 Weak     Min:  0.0, Avg:  0.0, Max:  0.0, Diff:  0.0, Sum:  0.0, Workers: 4
[2197.147s][debug][gc,phases      ] GC(255)     Dead                           Min: 0, Avg:  0.0, Max: 0, Diff: 0, Sum: 0, Workers: 4
[2197.147s][debug][gc,phases      ] GC(255)     Total                          Min: 0, Avg:  0.0, Max: 0, Diff: 0, Sum: 0, Workers: 4
[2197.147s][debug][gc,phases      ] GC(255)   StringDedup Requests1 Weak     Min:  0.0, Avg:  0.0, Max:  0.0, Diff:  0.0, Sum:  0.0, Workers: 4
[2197.147s][debug][gc,phases      ] GC(255)     Dead                           Min: 0, Avg:  0.0, Max: 0, Diff: 0, Sum: 0, Workers: 4
[2197.147s][debug][gc,phases      ] GC(255)     Total                          Min: 0, Avg:  0.0, Max: 0, Diff: 0, Sum: 0, Workers: 4
[2197.147s][debug][gc,phases      ] GC(255)   Weak JFR Old Object Samples    Min:  0.0, Avg:  0.0, Max:  0.0, Diff:  0.0, Sum:  0.0, Workers: 4
[2197.147s][debug][gc,phases      ] GC(255)     Dead                           Min: 0, Avg:  0.0, Max: 0, Diff: 0, Sum: 0, Workers: 4
[2197.147s][debug][gc,phases      ] GC(255)     Total                          Min: 0, Avg:  0.0, Max: 0, Diff: 0, Sum: 0, Workers: 4
[2197.147s][debug][gc,phases      ] GC(255) Weak Processing 0.363ms
[2197.147s][debug][gc,age         ] GC(255) Desired survivor size 5767168 bytes, new threshold 15 (max threshold 15)
[2197.147s][info ][gc,heap        ] GC(255) PSYoungGen: 2089782K(2091520K)->3894K(2091520K) Eden: 2085888K(2085888K)->0K(2085888K) From: 3894K(5632K)->3894K(5632K)
[2197.147s][info ][gc,heap        ] GC(255) ParOldGen: 401156K(430080K)->401188K(430080K)
[2197.147s][info ][gc,metaspace   ] GC(255) Metaspace: 85969K(86976K)->85969K(86976K) NonClass: 73575K(74112K)->73575K(74112K) Class: 12393K(12864K)->12393K(12864K)
[2197.147s][info ][gc             ] GC(255) Pause Young (Allocation Failure) 2432M->395M(2462M) 4.779ms
[2197.147s][info ][gc,cpu         ] GC(255) User=0.02s Sys=0.00s Real=0.00s
[2197.147s][info ][safepoint      ] Safepoint "ParallelGCFailedAllocation", Time since last: 1643061510 ns, Reaching safepoint: 77500 ns, Cleanup: 37700 ns, At safepoint: 4845007 ns, Total: 4960207 ns
[2198.147s][info ][safepoint      ] Safepoint "Cleanup", Time since last: 1000094667 ns, Reaching safepoint: 72300 ns, Cleanup: 56200 ns, At safepoint: 4400 ns, Total: 132900 ns
[2199.147s][info ][safepoint      ] Safepoint "Cleanup", Time since last: 1000112067 ns, Reaching safepoint: 5500 ns, Cleanup: 44000 ns, At safepoint: 7800 ns, Total: 57300 ns
[2201.148s][info ][safepoint      ] Safepoint "Cleanup", Time since last: 2000184434 ns, Reaching safepoint: 77600 ns, Cleanup: 27300 ns, At safepoint: 7600 ns, Total: 112500 ns
[2203.148s][info ][safepoint      ] Safepoint "Cleanup", Time since last: 2000170285 ns, Reaching safepoint: 517201 ns, Cleanup: 39001 ns, At safepoint: 5500 ns, Total: 561702 ns
[2206.149s][info ][safepoint      ] Safepoint "Cleanup", Time since last: 3000227393 ns, Reaching safepoint: 5700 ns, Cleanup: 54701 ns, At safepoint: 4900 ns, Total: 65301 ns
[2207.149s][info ][safepoint      ] Safepoint "Cleanup", Time since last: 1000101562 ns, Reaching safepoint: 3500 ns, Cleanup: 42400 ns, At safepoint: 2300 ns, Total: 48200 ns
[2208.042s][info ][gc,start       ] GC(256) Pause Young (Allocation Failure)
[2208.049s][debug][gc,phases      ] GC(256) Scavenge 6.481ms
[2208.049s][debug][gc,ref         ] GC(256) Skipped phase 1 of Reference Processing: no references
[2208.049s][debug][gc,ref         ] GC(256) ReferenceProcessor::execute queues: 1, RefProcThreadModel::Single, marks_oops_alive: false
[2208.049s][debug][gc,ref         ] GC(256) Skipped phase 3 of Reference Processing: no references
[2208.049s][debug][gc,ref         ] GC(256) Skipped phase 4 of Reference Processing: no references
[2208.049s][debug][gc,phases      ] GC(256) Reference Processing 0.113ms
[2208.049s][debug][gc,phases      ] GC(256)   VM Weak                        Min:  0.0, Avg:  0.0, Max:  0.0, Diff:  0.0, Sum:  0.0, Workers: 4
[2208.049s][debug][gc,phases      ] GC(256)     Dead                           Min: 0, Avg:  0.0, Max: 0, Diff: 0, Sum: 0, Workers: 4
[2208.049s][debug][gc,phases      ] GC(256)     Total                          Min: 0, Avg: 217.0, Max: 868, Diff: 868, Sum: 868, Workers: 4
[2208.049s][debug][gc,phases      ] GC(256)   ObjectSynchronizer Weak        Min:  0.0, Avg:  0.0, Max:  0.0, Diff:  0.0, Sum:  0.0, Workers: 4
[2208.049s][debug][gc,phases      ] GC(256)     Dead                           Min: 0, Avg:  0.0, Max: 0, Diff: 0, Sum: 0, Workers: 4
[2208.049s][debug][gc,phases      ] GC(256)     Total                          Min: 0, Avg:  1.2, Max: 5, Diff: 5, Sum: 5, Workers: 4
[2208.049s][debug][gc,phases      ] GC(256)   JVMTI Tag Weak OopStorage      Min:  0.0, Avg:  0.0, Max:  0.0, Diff:  0.0, Sum:  0.0, Workers: 4
[2208.049s][debug][gc,phases      ] GC(256)     Dead                           Min: 0, Avg:  0.0, Max: 0, Diff: 0, Sum: 0, Workers: 4
[2208.049s][debug][gc,phases      ] GC(256)     Total                          Min: 0, Avg:  0.0, Max: 0, Diff: 0, Sum: 0, Workers: 4
[2208.049s][debug][gc,phases      ] GC(256)   StringTable Weak               Min:  0.0, Avg:  0.1, Max:  0.4, Diff:  0.4, Sum:  0.4, Workers: 4
[2208.049s][debug][gc,phases      ] GC(256)     Dead                           Min: 0, Avg:  0.0, Max: 0, Diff: 0, Sum: 0, Workers: 4
[2208.049s][debug][gc,phases      ] GC(256)     Total                          Min: 0, Avg: 11228.5, Max: 44914, Diff: 44914, Sum: 44914, Workers: 4
[2208.049s][debug][gc,phases      ] GC(256)   ResolvedMethodTable Weak       Min:  0.0, Avg:  0.0, Max:  0.1, Diff:  0.1, Sum:  0.1, Workers: 4
[2208.049s][debug][gc,phases      ] GC(256)     Dead                           Min: 0, Avg:  0.0, Max: 0, Diff: 0, Sum: 0, Workers: 4
[2208.049s][debug][gc,phases      ] GC(256)     Total                          Min: 0, Avg: 2640.5, Max: 10562, Diff: 10562, Sum: 10562, Workers: 4
[2208.049s][debug][gc,phases      ] GC(256)   JNI Weak                       Min:  0.0, Avg:  0.0, Max:  0.0, Diff:  0.0, Sum:  0.0, Workers: 4
[2208.049s][debug][gc,phases      ] GC(256)     Dead                           Min: 0, Avg:  0.0, Max: 0, Diff: 0, Sum: 0, Workers: 4
[2208.049s][debug][gc,phases      ] GC(256)     Total                          Min: 0, Avg: 11.2, Max: 45, Diff: 45, Sum: 45, Workers: 4
[2208.049s][debug][gc,phases      ] GC(256)   StringDedup Table Weak         Min:  0.0, Avg:  0.0, Max:  0.0, Diff:  0.0, Sum:  0.0, Workers: 4
[2208.049s][debug][gc,phases      ] GC(256)     Dead                           Min: 0, Avg:  0.0, Max: 0, Diff: 0, Sum: 0, Workers: 4
[2208.049s][debug][gc,phases      ] GC(256)     Total                          Min: 0, Avg:  0.0, Max: 0, Diff: 0, Sum: 0, Workers: 4
[2208.049s][debug][gc,phases      ] GC(256)   StringDedup Requests0 Weak     Min:  0.0, Avg:  0.0, Max:  0.0, Diff:  0.0, Sum:  0.0, Workers: 4
[2208.049s][debug][gc,phases      ] GC(256)     Dead                           Min: 0, Avg:  0.0, Max: 0, Diff: 0, Sum: 0, Workers: 4
[2208.049s][debug][gc,phases      ] GC(256)     Total                          Min: 0, Avg:  0.0, Max: 0, Diff: 0, Sum: 0, Workers: 4
[2208.049s][debug][gc,phases      ] GC(256)   StringDedup Requests1 Weak     Min:  0.0, Avg:  0.0, Max:  0.0, Diff:  0.0, Sum:  0.0, Workers: 4
[2208.049s][debug][gc,phases      ] GC(256)     Dead                           Min: 0, Avg:  0.0, Max: 0, Diff: 0, Sum: 0, Workers: 4
[2208.049s][debug][gc,phases      ] GC(256)     Total                          Min: 0, Avg:  0.0, Max: 0, Diff: 0, Sum: 0, Workers: 4
[2208.049s][debug][gc,phases      ] GC(256)   Weak JFR Old Object Samples    Min:  0.0, Avg:  0.0, Max:  0.0, Diff:  0.0, Sum:  0.0, Workers: 4
[2208.050s][debug][gc,phases      ] GC(256)     Dead                           Min: 0, Avg:  0.0, Max: 0, Diff: 0, Sum: 0, Workers: 4
[2208.050s][debug][gc,phases      ] GC(256)     Total                          Min: 0, Avg:  0.0, Max: 0, Diff: 0, Sum: 0, Workers: 4
[2208.050s][debug][gc,phases      ] GC(256) Weak Processing 0.757ms
[2208.050s][debug][gc,age         ] GC(256) Desired survivor size 5767168 bytes, new threshold 15 (max threshold 15)
[2208.050s][info ][gc,heap        ] GC(256) PSYoungGen: 2089782K(2091520K)->3942K(2091520K) Eden: 2085888K(2085888K)->0K(2085888K) From: 3894K(5632K)->3942K(5632K)
[2208.050s][info ][gc,heap        ] GC(256) ParOldGen: 401188K(430080K)->401228K(430080K)
[2208.050s][info ][gc,metaspace   ] GC(256) Metaspace: 85969K(86976K)->85969K(86976K) NonClass: 73575K(74112K)->73575K(74112K) Class: 12393K(12864K)->12393K(12864K)
[2208.050s][info ][gc             ] GC(256) Pause Young (Allocation Failure) 2432M->395M(2462M) 7.470ms
[2208.050s][info ][gc,cpu         ] GC(256) User=0.02s Sys=0.00s Real=0.00s
[2208.050s][info ][safepoint      ] Safepoint "ParallelGCFailedAllocation", Time since last: 893131146 ns, Reaching safepoint: 72400 ns, Cleanup: 34300 ns, At safepoint: 7542910 ns, Total: 7649610 ns
[2211.050s][info ][safepoint      ] Safepoint "Cleanup", Time since last: 3000208559 ns, Reaching safepoint: 4000 ns, Cleanup: 38000 ns, At safepoint: 2800 ns, Total: 44800 ns
[2212.050s][info ][safepoint      ] Safepoint "Cleanup", Time since last: 1000112946 ns, Reaching safepoint: 5800 ns, Cleanup: 35300 ns, At safepoint: 2700 ns, Total: 43800 ns
[2218.992s][info ][gc,start       ] GC(257) Pause Young (Allocation Failure)
[2218.997s][debug][gc,phases      ] GC(257) Scavenge 4.732ms
[2218.997s][debug][gc,ref         ] GC(257) Skipped phase 1 of Reference Processing: no references
[2218.997s][debug][gc,ref         ] GC(257) ReferenceProcessor::execute queues: 1, RefProcThreadModel::Single, marks_oops_alive: false
[2218.997s][debug][gc,ref         ] GC(257) Skipped phase 3 of Reference Processing: no references
[2218.997s][debug][gc,ref         ] GC(257) Skipped phase 4 of Reference Processing: no references
[2218.997s][debug][gc,phases      ] GC(257) Reference Processing 0.088ms
[2218.997s][debug][gc,phases      ] GC(257)   VM Weak                        Min:  0.0, Avg:  0.0, Max:  0.0, Diff:  0.0, Sum:  0.0, Workers: 4
[2218.998s][debug][gc,phases      ] GC(257)     Dead                           Min: 0, Avg:  0.0, Max: 0, Diff: 0, Sum: 0, Workers: 4
[2218.998s][debug][gc,phases      ] GC(257)     Total                          Min: 0, Avg: 217.0, Max: 868, Diff: 868, Sum: 868, Workers: 4
[2218.998s][debug][gc,phases      ] GC(257)   ObjectSynchronizer Weak        Min:  0.0, Avg:  0.0, Max:  0.0, Diff:  0.0, Sum:  0.0, Workers: 4
[2218.998s][debug][gc,phases      ] GC(257)     Dead                           Min: 0, Avg:  0.0, Max: 0, Diff: 0, Sum: 0, Workers: 4
[2218.998s][debug][gc,phases      ] GC(257)     Total                          Min: 0, Avg:  1.2, Max: 5, Diff: 5, Sum: 5, Workers: 4
[2218.998s][debug][gc,phases      ] GC(257)   JVMTI Tag Weak OopStorage      Min:  0.0, Avg:  0.0, Max:  0.0, Diff:  0.0, Sum:  0.0, Workers: 4
[2218.998s][debug][gc,phases      ] GC(257)     Dead                           Min: 0, Avg:  0.0, Max: 0, Diff: 0, Sum: 0, Workers: 4
[2218.998s][debug][gc,phases      ] GC(257)     Total                          Min: 0, Avg:  0.0, Max: 0, Diff: 0, Sum: 0, Workers: 4
[2218.998s][debug][gc,phases      ] GC(257)   StringTable Weak               Min:  0.0, Avg:  0.1, Max:  0.2, Diff:  0.2, Sum:  0.3, Workers: 4
[2218.998s][debug][gc,phases      ] GC(257)     Dead                           Min: 0, Avg:  0.0, Max: 0, Diff: 0, Sum: 0, Workers: 4
[2218.998s][debug][gc,phases      ] GC(257)     Total                          Min: 0, Avg: 11228.5, Max: 27776, Diff: 27776, Sum: 44914, Workers: 4
[2218.998s][debug][gc,phases      ] GC(257)   ResolvedMethodTable Weak       Min:  0.0, Avg:  0.0, Max:  0.1, Diff:  0.1, Sum:  0.1, Workers: 4
[2218.998s][debug][gc,phases      ] GC(257)     Dead                           Min: 0, Avg:  0.0, Max: 0, Diff: 0, Sum: 0, Workers: 4
[2218.998s][debug][gc,phases      ] GC(257)     Total                          Min: 0, Avg: 2640.5, Max: 5954, Diff: 5954, Sum: 10562, Workers: 4
[2218.998s][debug][gc,phases      ] GC(257)   JNI Weak                       Min:  0.0, Avg:  0.0, Max:  0.0, Diff:  0.0, Sum:  0.0, Workers: 4
[2218.998s][debug][gc,phases      ] GC(257)     Dead                           Min: 0, Avg:  0.0, Max: 0, Diff: 0, Sum: 0, Workers: 4
[2218.998s][debug][gc,phases      ] GC(257)     Total                          Min: 0, Avg: 11.2, Max: 45, Diff: 45, Sum: 45, Workers: 4
[2218.998s][debug][gc,phases      ] GC(257)   StringDedup Table Weak         Min:  0.0, Avg:  0.0, Max:  0.0, Diff:  0.0, Sum:  0.0, Workers: 4
[2218.998s][debug][gc,phases      ] GC(257)     Dead                           Min: 0, Avg:  0.0, Max: 0, Diff: 0, Sum: 0, Workers: 4
[2218.998s][debug][gc,phases      ] GC(257)     Total                          Min: 0, Avg:  0.0, Max: 0, Diff: 0, Sum: 0, Workers: 4
[2218.998s][debug][gc,phases      ] GC(257)   StringDedup Requests0 Weak     Min:  0.0, Avg:  0.0, Max:  0.0, Diff:  0.0, Sum:  0.0, Workers: 4
[2218.998s][debug][gc,phases      ] GC(257)     Dead                           Min: 0, Avg:  0.0, Max: 0, Diff: 0, Sum: 0, Workers: 4
[2218.998s][debug][gc,phases      ] GC(257)     Total                          Min: 0, Avg:  0.0, Max: 0, Diff: 0, Sum: 0, Workers: 4
[2218.998s][debug][gc,phases      ] GC(257)   StringDedup Requests1 Weak     Min:  0.0, Avg:  0.0, Max:  0.0, Diff:  0.0, Sum:  0.0, Workers: 4
[2218.998s][debug][gc,phases      ] GC(257)     Dead                           Min: 0, Avg:  0.0, Max: 0, Diff: 0, Sum: 0, Workers: 4
[2218.998s][debug][gc,phases      ] GC(257)     Total                          Min: 0, Avg:  0.0, Max: 0, Diff: 0, Sum: 0, Workers: 4
[2218.998s][debug][gc,phases      ] GC(257)   Weak JFR Old Object Samples    Min:  0.0, Avg:  0.0, Max:  0.0, Diff:  0.0, Sum:  0.0, Workers: 4
[2218.998s][debug][gc,phases      ] GC(257)     Dead                           Min: 0, Avg:  0.0, Max: 0, Diff: 0, Sum: 0, Workers: 4
[2218.998s][debug][gc,phases      ] GC(257)     Total                          Min: 0, Avg:  0.0, Max: 0, Diff: 0, Sum: 0, Workers: 4
[2218.998s][debug][gc,phases      ] GC(257) Weak Processing 0.392ms
[2218.998s][debug][gc,age         ] GC(257) Desired survivor size 5767168 bytes, new threshold 15 (max threshold 15)
[2218.998s][info ][gc,heap        ] GC(257) PSYoungGen: 2089830K(2091520K)->3974K(2091520K) Eden: 2085888K(2085888K)->0K(2085888K) From: 3942K(5632K)->3974K(5632K)
[2218.998s][info ][gc,heap        ] GC(257) ParOldGen: 401228K(430080K)->401244K(430080K)
[2218.998s][info ][gc,metaspace   ] GC(257) Metaspace: 85969K(86976K)->85969K(86976K) NonClass: 73576K(74112K)->73576K(74112K) Class: 12393K(12864K)->12393K(12864K)
[2218.998s][info ][gc             ] GC(257) Pause Young (Allocation Failure) 2432M->395M(2462M) 5.309ms
[2218.998s][info ][gc,cpu         ] GC(257) User=0.01s Sys=0.00s Real=0.01s
[2218.998s][info ][safepoint      ] Safepoint "ParallelGCFailedAllocation", Time since last: 6942220775 ns, Reaching safepoint: 74000 ns, Cleanup: 18300 ns, At safepoint: 5370908 ns, Total: 5463208 ns
[2219.998s][info ][safepoint      ] Safepoint "Cleanup", Time since last: 1000070506 ns, Reaching safepoint: 5400 ns, Cleanup: 43500 ns, At safepoint: 2500 ns, Total: 51400 ns
[2223.596s][info ][safepoint      ] Safepoint "Cleanup", Time since last: 3597730860 ns, Reaching safepoint: 74200 ns, Cleanup: 40201 ns, At safepoint: 5900 ns, Total: 120301 ns
[2226.596s][info ][safepoint      ] Safepoint "Cleanup", Time since last: 3000232614 ns, Reaching safepoint: 3500 ns, Cleanup: 35700 ns, At safepoint: 4000 ns, Total: 43200 ns
[2227.596s][info ][safepoint      ] Safepoint "Cleanup", Time since last: 1000083415 ns, Reaching safepoint: 4400 ns, Cleanup: 31400 ns, At safepoint: 2300 ns, Total: 38100 ns
[2228.596s][info ][safepoint      ] Safepoint "Cleanup", Time since last: 1000098116 ns, Reaching safepoint: 79300 ns, Cleanup: 36100 ns, At safepoint: 10000 ns, Total: 125400 ns
[2229.971s][info ][gc,start       ] GC(258) Pause Young (Allocation Failure)
[2229.978s][debug][gc,phases      ] GC(258) Scavenge 6.959ms
[2229.978s][debug][gc,ref         ] GC(258) Skipped phase 1 of Reference Processing: no references
[2229.978s][debug][gc,ref         ] GC(258) ReferenceProcessor::execute queues: 1, RefProcThreadModel::Single, marks_oops_alive: false
[2229.978s][debug][gc,ref         ] GC(258) Skipped phase 3 of Reference Processing: no references
[2229.978s][debug][gc,ref         ] GC(258) ReferenceProcessor::execute queues: 1, RefProcThreadModel::Single, marks_oops_alive: false
[2229.978s][debug][gc,phases      ] GC(258) Reference Processing 0.097ms
[2229.979s][debug][gc,phases      ] GC(258)   VM Weak                        Min:  0.0, Avg:  0.0, Max:  0.0, Diff:  0.0, Sum:  0.0, Workers: 4
[2229.979s][debug][gc,phases      ] GC(258)     Dead                           Min: 0, Avg:  0.0, Max: 0, Diff: 0, Sum: 0, Workers: 4
[2229.979s][debug][gc,phases      ] GC(258)     Total                          Min: 0, Avg: 217.0, Max: 484, Diff: 484, Sum: 868, Workers: 4
[2229.979s][debug][gc,phases      ] GC(258)   ObjectSynchronizer Weak        Min:  0.0, Avg:  0.0, Max:  0.0, Diff:  0.0, Sum:  0.0, Workers: 4
[2229.979s][debug][gc,phases      ] GC(258)     Dead                           Min: 0, Avg:  0.0, Max: 0, Diff: 0, Sum: 0, Workers: 4
[2229.979s][debug][gc,phases      ] GC(258)     Total                          Min: 0, Avg:  1.0, Max: 4, Diff: 4, Sum: 4, Workers: 4
[2229.979s][debug][gc,phases      ] GC(258)   JVMTI Tag Weak OopStorage      Min:  0.0, Avg:  0.0, Max:  0.0, Diff:  0.0, Sum:  0.0, Workers: 4
[2229.979s][debug][gc,phases      ] GC(258)     Dead                           Min: 0, Avg:  0.0, Max: 0, Diff: 0, Sum: 0, Workers: 4
[2229.979s][debug][gc,phases      ] GC(258)     Total                          Min: 0, Avg:  0.0, Max: 0, Diff: 0, Sum: 0, Workers: 4
[2229.979s][debug][gc,phases      ] GC(258)   StringTable Weak               Min:  0.0, Avg:  0.1, Max:  0.2, Diff:  0.2, Sum:  0.3, Workers: 4
[2229.979s][debug][gc,phases      ] GC(258)     Dead                           Min: 0, Avg:  0.0, Max: 0, Diff: 0, Sum: 0, Workers: 4
[2229.979s][debug][gc,phases      ] GC(258)     Total                          Min: 0, Avg: 11229.5, Max: 27638, Diff: 27638, Sum: 44918, Workers: 4
[2229.979s][debug][gc,phases      ] GC(258)   ResolvedMethodTable Weak       Min:  0.0, Avg:  0.0, Max:  0.0, Diff:  0.0, Sum:  0.1, Workers: 4
[2229.979s][debug][gc,phases      ] GC(258)     Dead                           Min: 0, Avg:  0.0, Max: 0, Diff: 0, Sum: 0, Workers: 4
[2229.979s][debug][gc,phases      ] GC(258)     Total                          Min: 0, Avg: 2640.8, Max: 6528, Diff: 6528, Sum: 10563, Workers: 4
[2229.979s][debug][gc,phases      ] GC(258)   JNI Weak                       Min:  0.0, Avg:  0.0, Max:  0.0, Diff:  0.0, Sum:  0.0, Workers: 4
[2229.979s][debug][gc,phases      ] GC(258)     Dead                           Min: 0, Avg:  0.0, Max: 0, Diff: 0, Sum: 0, Workers: 4
[2229.979s][debug][gc,phases      ] GC(258)     Total                          Min: 0, Avg: 11.2, Max: 45, Diff: 45, Sum: 45, Workers: 4
[2229.979s][debug][gc,phases      ] GC(258)   StringDedup Table Weak         Min:  0.0, Avg:  0.0, Max:  0.0, Diff:  0.0, Sum:  0.0, Workers: 4
[2229.979s][debug][gc,phases      ] GC(258)     Dead                           Min: 0, Avg:  0.0, Max: 0, Diff: 0, Sum: 0, Workers: 4
[2229.979s][debug][gc,phases      ] GC(258)     Total                          Min: 0, Avg:  0.0, Max: 0, Diff: 0, Sum: 0, Workers: 4
[2229.979s][debug][gc,phases      ] GC(258)   StringDedup Requests0 Weak     Min:  0.0, Avg:  0.0, Max:  0.0, Diff:  0.0, Sum:  0.0, Workers: 4
[2229.979s][debug][gc,phases      ] GC(258)     Dead                           Min: 0, Avg:  0.0, Max: 0, Diff: 0, Sum: 0, Workers: 4
[2229.979s][debug][gc,phases      ] GC(258)     Total                          Min: 0, Avg:  0.0, Max: 0, Diff: 0, Sum: 0, Workers: 4
[2229.979s][debug][gc,phases      ] GC(258)   StringDedup Requests1 Weak     Min:  0.0, Avg:  0.0, Max:  0.0, Diff:  0.0, Sum:  0.0, Workers: 4
[2229.979s][debug][gc,phases      ] GC(258)     Dead                           Min: 0, Avg:  0.0, Max: 0, Diff: 0, Sum: 0, Workers: 4
[2229.979s][debug][gc,phases      ] GC(258)     Total                          Min: 0, Avg:  0.0, Max: 0, Diff: 0, Sum: 0, Workers: 4
[2229.979s][debug][gc,phases      ] GC(258)   Weak JFR Old Object Samples    Min:  0.0, Avg:  0.0, Max:  0.0, Diff:  0.0, Sum:  0.0, Workers: 4
[2229.979s][debug][gc,phases      ] GC(258)     Dead                           Min: 0, Avg:  0.0, Max: 0, Diff: 0, Sum: 0, Workers: 4
[2229.979s][debug][gc,phases      ] GC(258)     Total                          Min: 0, Avg:  0.0, Max: 0, Diff: 0, Sum: 0, Workers: 4
[2229.979s][debug][gc,phases      ] GC(258) Weak Processing 0.395ms
[2229.979s][debug][gc,age         ] GC(258) Desired survivor size 5767168 bytes, new threshold 15 (max threshold 15)
[2229.979s][info ][gc,heap        ] GC(258) PSYoungGen: 2089862K(2091520K)->3958K(2091520K) Eden: 2085888K(2085888K)->0K(2085888K) From: 3974K(5632K)->3958K(5632K)
[2229.979s][info ][gc,heap        ] GC(258) ParOldGen: 401244K(430080K)->401276K(430080K)
[2229.979s][info ][gc,metaspace   ] GC(258) Metaspace: 85979K(86976K)->85979K(86976K) NonClass: 73585K(74112K)->73585K(74112K) Class: 12394K(12864K)->12394K(12864K)
[2229.979s][info ][gc             ] GC(258) Pause Young (Allocation Failure) 2432M->395M(2462M) 7.554ms
[2229.979s][info ][gc,cpu         ] GC(258) User=0.01s Sys=0.00s Real=0.01s
[2229.979s][info ][safepoint      ] Safepoint "ParallelGCFailedAllocation", Time since last: 1374747933 ns, Reaching safepoint: 4400 ns, Cleanup: 24700 ns, At safepoint: 7626009 ns, Total: 7655109 ns
[2230.979s][info ][safepoint      ] Safepoint "Cleanup", Time since last: 1000078815 ns, Reaching safepoint: 4300 ns, Cleanup: 34200 ns, At safepoint: 2600 ns, Total: 41100 ns
[2232.979s][info ][safepoint      ] Safepoint "Cleanup", Time since last: 2000158831 ns, Reaching safepoint: 3600 ns, Cleanup: 37200 ns, At safepoint: 3800 ns, Total: 44600 ns
[2233.979s][info ][safepoint      ] Safepoint "Cleanup", Time since last: 1000094383 ns, Reaching safepoint: 3900 ns, Cleanup: 38200 ns, At safepoint: 3100 ns, Total: 45200 ns
[2241.980s][info ][safepoint      ] Safepoint "Cleanup", Time since last: 8000556837 ns, Reaching safepoint: 6000 ns, Cleanup: 42800 ns, At safepoint: 6600 ns, Total: 55400 ns
[2242.393s][info ][gc,start       ] GC(259) Pause Young (Allocation Failure)
[2242.397s][debug][gc,phases      ] GC(259) Scavenge 4.797ms
[2242.397s][debug][gc,ref         ] GC(259) Skipped phase 1 of Reference Processing: no references
[2242.397s][debug][gc,ref         ] GC(259) ReferenceProcessor::execute queues: 1, RefProcThreadModel::Single, marks_oops_alive: false
[2242.397s][debug][gc,ref         ] GC(259) Skipped phase 3 of Reference Processing: no references
[2242.397s][debug][gc,ref         ] GC(259) Skipped phase 4 of Reference Processing: no references
[2242.397s][debug][gc,phases      ] GC(259) Reference Processing 0.094ms
[2242.398s][debug][gc,phases      ] GC(259)   VM Weak                        Min:  0.0, Avg:  0.0, Max:  0.0, Diff:  0.0, Sum:  0.0, Workers: 4
[2242.398s][debug][gc,phases      ] GC(259)     Dead                           Min: 0, Avg:  0.0, Max: 0, Diff: 0, Sum: 0, Workers: 4
[2242.398s][debug][gc,phases      ] GC(259)     Total                          Min: 0, Avg: 217.0, Max: 484, Diff: 484, Sum: 868, Workers: 4
[2242.398s][debug][gc,phases      ] GC(259)   ObjectSynchronizer Weak        Min:  0.0, Avg:  0.0, Max:  0.0, Diff:  0.0, Sum:  0.0, Workers: 4
[2242.398s][debug][gc,phases      ] GC(259)     Dead                           Min: 0, Avg:  0.0, Max: 0, Diff: 0, Sum: 0, Workers: 4
[2242.398s][debug][gc,phases      ] GC(259)     Total                          Min: 0, Avg:  1.0, Max: 4, Diff: 4, Sum: 4, Workers: 4
[2242.398s][debug][gc,phases      ] GC(259)   JVMTI Tag Weak OopStorage      Min:  0.0, Avg:  0.0, Max:  0.0, Diff:  0.0, Sum:  0.0, Workers: 4
[2242.398s][debug][gc,phases      ] GC(259)     Dead                           Min: 0, Avg:  0.0, Max: 0, Diff: 0, Sum: 0, Workers: 4
[2242.398s][debug][gc,phases      ] GC(259)     Total                          Min: 0, Avg:  0.0, Max: 0, Diff: 0, Sum: 0, Workers: 4
[2242.398s][debug][gc,phases      ] GC(259)   StringTable Weak               Min:  0.0, Avg:  0.1, Max:  0.1, Diff:  0.1, Sum:  0.4, Workers: 4
[2242.398s][debug][gc,phases      ] GC(259)     Dead                           Min: 0, Avg:  0.0, Max: 0, Diff: 0, Sum: 0, Workers: 4
[2242.398s][debug][gc,phases      ] GC(259)     Total                          Min: 0, Avg: 11229.8, Max: 15735, Diff: 15735, Sum: 44919, Workers: 4
[2242.398s][debug][gc,phases      ] GC(259)   ResolvedMethodTable Weak       Min:  0.0, Avg:  0.0, Max:  0.0, Diff:  0.0, Sum:  0.1, Workers: 4
[2242.398s][debug][gc,phases      ] GC(259)     Dead                           Min: 0, Avg:  0.0, Max: 0, Diff: 0, Sum: 0, Workers: 4
[2242.398s][debug][gc,phases      ] GC(259)     Total                          Min: 0, Avg: 2640.8, Max: 3648, Diff: 3648, Sum: 10563, Workers: 4
[2242.398s][debug][gc,phases      ] GC(259)   JNI Weak                       Min:  0.0, Avg:  0.0, Max:  0.0, Diff:  0.0, Sum:  0.0, Workers: 4
[2242.398s][debug][gc,phases      ] GC(259)     Dead                           Min: 0, Avg:  0.0, Max: 0, Diff: 0, Sum: 0, Workers: 4
[2242.398s][debug][gc,phases      ] GC(259)     Total                          Min: 0, Avg: 11.2, Max: 45, Diff: 45, Sum: 45, Workers: 4
[2242.398s][debug][gc,phases      ] GC(259)   StringDedup Table Weak         Min:  0.0, Avg:  0.0, Max:  0.0, Diff:  0.0, Sum:  0.0, Workers: 4
[2242.398s][debug][gc,phases      ] GC(259)     Dead                           Min: 0, Avg:  0.0, Max: 0, Diff: 0, Sum: 0, Workers: 4
[2242.398s][debug][gc,phases      ] GC(259)     Total                          Min: 0, Avg:  0.0, Max: 0, Diff: 0, Sum: 0, Workers: 4
[2242.398s][debug][gc,phases      ] GC(259)   StringDedup Requests0 Weak     Min:  0.0, Avg:  0.0, Max:  0.0, Diff:  0.0, Sum:  0.0, Workers: 4
[2242.398s][debug][gc,phases      ] GC(259)     Dead                           Min: 0, Avg:  0.0, Max: 0, Diff: 0, Sum: 0, Workers: 4
[2242.398s][debug][gc,phases      ] GC(259)     Total                          Min: 0, Avg:  0.0, Max: 0, Diff: 0, Sum: 0, Workers: 4
[2242.398s][debug][gc,phases      ] GC(259)   StringDedup Requests1 Weak     Min:  0.0, Avg:  0.0, Max:  0.0, Diff:  0.0, Sum:  0.0, Workers: 4
[2242.398s][debug][gc,phases      ] GC(259)     Dead                           Min: 0, Avg:  0.0, Max: 0, Diff: 0, Sum: 0, Workers: 4
[2242.398s][debug][gc,phases      ] GC(259)     Total                          Min: 0, Avg:  0.0, Max: 0, Diff: 0, Sum: 0, Workers: 4
[2242.398s][debug][gc,phases      ] GC(259)   Weak JFR Old Object Samples    Min:  0.0, Avg:  0.0, Max:  0.0, Diff:  0.0, Sum:  0.0, Workers: 4
[2242.398s][debug][gc,phases      ] GC(259)     Dead                           Min: 0, Avg:  0.0, Max: 0, Diff: 0, Sum: 0, Workers: 4
[2242.398s][debug][gc,phases      ] GC(259)     Total                          Min: 0, Avg:  0.0, Max: 0, Diff: 0, Sum: 0, Workers: 4
[2242.398s][debug][gc,phases      ] GC(259) Weak Processing 0.340ms
[2242.398s][debug][gc,age         ] GC(259) Desired survivor size 5767168 bytes, new threshold 15 (max threshold 15)
[2242.398s][info ][gc,heap        ] GC(259) PSYoungGen: 2089846K(2091520K)->3958K(2091520K) Eden: 2085888K(2085888K)->0K(2085888K) From: 3958K(5632K)->3958K(5632K)
[2242.398s][info ][gc,heap        ] GC(259) ParOldGen: 401276K(430080K)->401308K(430080K)
[2242.398s][info ][gc,metaspace   ] GC(259) Metaspace: 85980K(86976K)->85980K(86976K) NonClass: 73586K(74112K)->73586K(74112K) Class: 12394K(12864K)->12394K(12864K)
[2242.398s][info ][gc             ] GC(259) Pause Young (Allocation Failure) 2432M->395M(2462M) 5.347ms
[2242.398s][info ][gc,cpu         ] GC(259) User=0.02s Sys=0.00s Real=0.01s
[2242.398s][info ][safepoint      ] Safepoint "ParallelGCFailedAllocation", Time since last: 412613161 ns, Reaching safepoint: 72100 ns, Cleanup: 27700 ns, At safepoint: 5415807 ns, Total: 5515607 ns
[2252.993s][info ][gc,start       ] GC(260) Pause Young (Allocation Failure)
[2252.998s][debug][gc,phases      ] GC(260) Scavenge 5.175ms
[2252.998s][debug][gc,ref         ] GC(260) Skipped phase 1 of Reference Processing: no references
[2252.998s][debug][gc,ref         ] GC(260) ReferenceProcessor::execute queues: 1, RefProcThreadModel::Single, marks_oops_alive: false
[2252.998s][debug][gc,ref         ] GC(260) Skipped phase 3 of Reference Processing: no references
[2252.998s][debug][gc,ref         ] GC(260) Skipped phase 4 of Reference Processing: no references
[2252.998s][debug][gc,phases      ] GC(260) Reference Processing 0.088ms
[2252.998s][debug][gc,phases      ] GC(260)   VM Weak                        Min:  0.0, Avg:  0.0, Max:  0.0, Diff:  0.0, Sum:  0.0, Workers: 4
[2252.998s][debug][gc,phases      ] GC(260)     Dead                           Min: 0, Avg:  0.0, Max: 0, Diff: 0, Sum: 0, Workers: 4
[2252.998s][debug][gc,phases      ] GC(260)     Total                          Min: 0, Avg: 217.0, Max: 704, Diff: 704, Sum: 868, Workers: 4
[2252.998s][debug][gc,phases      ] GC(260)   ObjectSynchronizer Weak        Min:  0.0, Avg:  0.0, Max:  0.0, Diff:  0.0, Sum:  0.0, Workers: 4
[2252.998s][debug][gc,phases      ] GC(260)     Dead                           Min: 0, Avg:  0.0, Max: 0, Diff: 0, Sum: 0, Workers: 4
[2252.998s][debug][gc,phases      ] GC(260)     Total                          Min: 0, Avg:  1.0, Max: 4, Diff: 4, Sum: 4, Workers: 4
[2252.998s][debug][gc,phases      ] GC(260)   JVMTI Tag Weak OopStorage      Min:  0.0, Avg:  0.0, Max:  0.0, Diff:  0.0, Sum:  0.0, Workers: 4
[2252.998s][debug][gc,phases      ] GC(260)     Dead                           Min: 0, Avg:  0.0, Max: 0, Diff: 0, Sum: 0, Workers: 4
[2252.998s][debug][gc,phases      ] GC(260)     Total                          Min: 0, Avg:  0.0, Max: 0, Diff: 0, Sum: 0, Workers: 4
[2252.998s][debug][gc,phases      ] GC(260)   StringTable Weak               Min:  0.0, Avg:  0.1, Max:  0.2, Diff:  0.2, Sum:  0.3, Workers: 4
[2252.998s][debug][gc,phases      ] GC(260)     Dead                           Min: 0, Avg:  0.0, Max: 0, Diff: 0, Sum: 0, Workers: 4
[2252.998s][debug][gc,phases      ] GC(260)     Total                          Min: 0, Avg: 11235.0, Max: 28108, Diff: 28108, Sum: 44940, Workers: 4
[2252.998s][debug][gc,phases      ] GC(260)   ResolvedMethodTable Weak       Min:  0.0, Avg:  0.0, Max:  0.0, Diff:  0.0, Sum:  0.1, Workers: 4
[2252.998s][debug][gc,phases      ] GC(260)     Dead                           Min: 0, Avg:  0.0, Max: 0, Diff: 0, Sum: 0, Workers: 4
[2252.998s][debug][gc,phases      ] GC(260)     Total                          Min: 0, Avg: 2640.8, Max: 6531, Diff: 6531, Sum: 10563, Workers: 4
[2252.998s][debug][gc,phases      ] GC(260)   JNI Weak                       Min:  0.0, Avg:  0.0, Max:  0.0, Diff:  0.0, Sum:  0.0, Workers: 4
[2252.998s][debug][gc,phases      ] GC(260)     Dead                           Min: 0, Avg:  0.0, Max: 0, Diff: 0, Sum: 0, Workers: 4
[2252.998s][debug][gc,phases      ] GC(260)     Total                          Min: 0, Avg: 11.2, Max: 45, Diff: 45, Sum: 45, Workers: 4
[2252.998s][debug][gc,phases      ] GC(260)   StringDedup Table Weak         Min:  0.0, Avg:  0.0, Max:  0.0, Diff:  0.0, Sum:  0.0, Workers: 4
[2252.998s][debug][gc,phases      ] GC(260)     Dead                           Min: 0, Avg:  0.0, Max: 0, Diff: 0, Sum: 0, Workers: 4
[2252.998s][debug][gc,phases      ] GC(260)     Total                          Min: 0, Avg:  0.0, Max: 0, Diff: 0, Sum: 0, Workers: 4
[2252.998s][debug][gc,phases      ] GC(260)   StringDedup Requests0 Weak     Min:  0.0, Avg:  0.0, Max:  0.0, Diff:  0.0, Sum:  0.0, Workers: 4
[2252.998s][debug][gc,phases      ] GC(260)     Dead                           Min: 0, Avg:  0.0, Max: 0, Diff: 0, Sum: 0, Workers: 4
[2252.998s][debug][gc,phases      ] GC(260)     Total                          Min: 0, Avg:  0.0, Max: 0, Diff: 0, Sum: 0, Workers: 4
[2252.998s][debug][gc,phases      ] GC(260)   StringDedup Requests1 Weak     Min:  0.0, Avg:  0.0, Max:  0.0, Diff:  0.0, Sum:  0.0, Workers: 4
[2252.998s][debug][gc,phases      ] GC(260)     Dead                           Min: 0, Avg:  0.0, Max: 0, Diff: 0, Sum: 0, Workers: 4
[2252.998s][debug][gc,phases      ] GC(260)     Total                          Min: 0, Avg:  0.0, Max: 0, Diff: 0, Sum: 0, Workers: 4
[2252.998s][debug][gc,phases      ] GC(260)   Weak JFR Old Object Samples    Min:  0.0, Avg:  0.0, Max:  0.0, Diff:  0.0, Sum:  0.0, Workers: 4
[2252.998s][debug][gc,phases      ] GC(260)     Dead                           Min: 0, Avg:  0.0, Max: 0, Diff: 0, Sum: 0, Workers: 4
[2252.998s][debug][gc,phases      ] GC(260)     Total                          Min: 0, Avg:  0.0, Max: 0, Diff: 0, Sum: 0, Workers: 4
[2252.998s][debug][gc,phases      ] GC(260) Weak Processing 0.362ms
[2252.998s][debug][gc,age         ] GC(260) Desired survivor size 5767168 bytes, new threshold 15 (max threshold 15)
[2252.998s][info ][gc,heap        ] GC(260) PSYoungGen: 2089846K(2091520K)->2576K(2091520K) Eden: 2085888K(2085888K)->0K(2085888K) From: 3958K(5632K)->2576K(5632K)
[2252.998s][info ][gc,heap        ] GC(260) ParOldGen: 401308K(430080K)->402705K(430080K)
[2252.998s][info ][gc,metaspace   ] GC(260) Metaspace: 85981K(86976K)->85981K(86976K) NonClass: 73587K(74112K)->73587K(74112K) Class: 12394K(12864K)->12394K(12864K)
[2252.998s][info ][gc             ] GC(260) Pause Young (Allocation Failure) 2432M->395M(2462M) 5.727ms
[2252.998s][info ][gc,cpu         ] GC(260) User=0.02s Sys=0.00s Real=0.01s
[2252.998s][info ][safepoint      ] Safepoint "ParallelGCFailedAllocation", Time since last: 10594552599 ns, Reaching safepoint: 74400 ns, Cleanup: 38400 ns, At safepoint: 5796707 ns, Total: 5909507 ns
[2263.991s][info ][gc,start       ] GC(261) Pause Young (Allocation Failure)
[2263.995s][debug][gc,phases      ] GC(261) Scavenge 3.227ms
[2263.995s][debug][gc,ref         ] GC(261) Skipped phase 1 of Reference Processing: no references
[2263.995s][debug][gc,ref         ] GC(261) ReferenceProcessor::execute queues: 1, RefProcThreadModel::Single, marks_oops_alive: false
[2263.995s][debug][gc,ref         ] GC(261) Skipped phase 3 of Reference Processing: no references
[2263.995s][debug][gc,ref         ] GC(261) Skipped phase 4 of Reference Processing: no references
[2263.995s][debug][gc,phases      ] GC(261) Reference Processing 0.085ms
[2263.995s][debug][gc,phases      ] GC(261)   VM Weak                        Min:  0.0, Avg:  0.0, Max:  0.0, Diff:  0.0, Sum:  0.0, Workers: 4
[2263.995s][debug][gc,phases      ] GC(261)     Dead                           Min: 0, Avg:  0.0, Max: 0, Diff: 0, Sum: 0, Workers: 4
[2263.995s][debug][gc,phases      ] GC(261)     Total                          Min: 0, Avg: 217.0, Max: 576, Diff: 576, Sum: 868, Workers: 4
[2263.995s][debug][gc,phases      ] GC(261)   ObjectSynchronizer Weak        Min:  0.0, Avg:  0.0, Max:  0.0, Diff:  0.0, Sum:  0.0, Workers: 4
[2263.995s][debug][gc,phases      ] GC(261)     Dead                           Min: 0, Avg:  0.0, Max: 0, Diff: 0, Sum: 0, Workers: 4
[2263.995s][debug][gc,phases      ] GC(261)     Total                          Min: 0, Avg:  1.0, Max: 4, Diff: 4, Sum: 4, Workers: 4
[2263.995s][debug][gc,phases      ] GC(261)   JVMTI Tag Weak OopStorage      Min:  0.0, Avg:  0.0, Max:  0.0, Diff:  0.0, Sum:  0.0, Workers: 4
[2263.995s][debug][gc,phases      ] GC(261)     Dead                           Min: 0, Avg:  0.0, Max: 0, Diff: 0, Sum: 0, Workers: 4
[2263.995s][debug][gc,phases      ] GC(261)     Total                          Min: 0, Avg:  0.0, Max: 0, Diff: 0, Sum: 0, Workers: 4
[2263.995s][debug][gc,phases      ] GC(261)   StringTable Weak               Min:  0.0, Avg:  0.1, Max:  0.1, Diff:  0.1, Sum:  0.3, Workers: 4
[2263.995s][debug][gc,phases      ] GC(261)     Dead                           Min: 0, Avg:  0.0, Max: 0, Diff: 0, Sum: 0, Workers: 4
[2263.995s][debug][gc,phases      ] GC(261)     Total                          Min: 0, Avg: 11236.0, Max: 18624, Diff: 18624, Sum: 44944, Workers: 4
[2263.995s][debug][gc,phases      ] GC(261)   ResolvedMethodTable Weak       Min:  0.0, Avg:  0.0, Max:  0.0, Diff:  0.0, Sum:  0.1, Workers: 4
[2263.995s][debug][gc,phases      ] GC(261)     Dead                           Min: 0, Avg:  0.0, Max: 0, Diff: 0, Sum: 0, Workers: 4
[2263.995s][debug][gc,phases      ] GC(261)     Total                          Min: 0, Avg: 2640.8, Max: 4739, Diff: 4739, Sum: 10563, Workers: 4
[2263.995s][debug][gc,phases      ] GC(261)   JNI Weak                       Min:  0.0, Avg:  0.0, Max:  0.0, Diff:  0.0, Sum:  0.0, Workers: 4
[2263.995s][debug][gc,phases      ] GC(261)     Dead                           Min: 0, Avg:  0.0, Max: 0, Diff: 0, Sum: 0, Workers: 4
[2263.995s][debug][gc,phases      ] GC(261)     Total                          Min: 0, Avg: 11.2, Max: 45, Diff: 45, Sum: 45, Workers: 4
[2263.995s][debug][gc,phases      ] GC(261)   StringDedup Table Weak         Min:  0.0, Avg:  0.0, Max:  0.0, Diff:  0.0, Sum:  0.0, Workers: 4
[2263.995s][debug][gc,phases      ] GC(261)     Dead                           Min: 0, Avg:  0.0, Max: 0, Diff: 0, Sum: 0, Workers: 4
[2263.995s][debug][gc,phases      ] GC(261)     Total                          Min: 0, Avg:  0.0, Max: 0, Diff: 0, Sum: 0, Workers: 4
[2263.995s][debug][gc,phases      ] GC(261)   StringDedup Requests0 Weak     Min:  0.0, Avg:  0.0, Max:  0.0, Diff:  0.0, Sum:  0.0, Workers: 4
[2263.995s][debug][gc,phases      ] GC(261)     Dead                           Min: 0, Avg:  0.0, Max: 0, Diff: 0, Sum: 0, Workers: 4
[2263.995s][debug][gc,phases      ] GC(261)     Total                          Min: 0, Avg:  0.0, Max: 0, Diff: 0, Sum: 0, Workers: 4
[2263.995s][debug][gc,phases      ] GC(261)   StringDedup Requests1 Weak     Min:  0.0, Avg:  0.0, Max:  0.0, Diff:  0.0, Sum:  0.0, Workers: 4
[2263.995s][debug][gc,phases      ] GC(261)     Dead                           Min: 0, Avg:  0.0, Max: 0, Diff: 0, Sum: 0, Workers: 4
[2263.995s][debug][gc,phases      ] GC(261)     Total                          Min: 0, Avg:  0.0, Max: 0, Diff: 0, Sum: 0, Workers: 4
[2263.995s][debug][gc,phases      ] GC(261)   Weak JFR Old Object Samples    Min:  0.0, Avg:  0.0, Max:  0.0, Diff:  0.0, Sum:  0.0, Workers: 4
[2263.995s][debug][gc,phases      ] GC(261)     Dead                           Min: 0, Avg:  0.0, Max: 0, Diff: 0, Sum: 0, Workers: 4
[2263.995s][debug][gc,phases      ] GC(261)     Total                          Min: 0, Avg:  0.0, Max: 0, Diff: 0, Sum: 0, Workers: 4
[2263.995s][debug][gc,phases      ] GC(261) Weak Processing 0.322ms
[2263.995s][debug][gc,age         ] GC(261) Desired survivor size 5767168 bytes, new threshold 15 (max threshold 15)
[2263.995s][info ][gc,heap        ] GC(261) PSYoungGen: 2088464K(2091520K)->2256K(2091520K) Eden: 2085888K(2085888K)->0K(2085888K) From: 2576K(5632K)->2256K(5632K)
[2263.995s][info ][gc,heap        ] GC(261) ParOldGen: 402705K(430080K)->402761K(430080K)
[2263.995s][info ][gc,metaspace   ] GC(261) Metaspace: 85986K(87040K)->85986K(87040K) NonClass: 73592K(74176K)->73592K(74176K) Class: 12394K(12864K)->12394K(12864K)
[2263.995s][info ][gc             ] GC(261) Pause Young (Allocation Failure) 2432M->395M(2462M) 3.732ms
[2263.995s][info ][gc,cpu         ] GC(261) User=0.01s Sys=0.00s Real=0.01s
[2263.995s][info ][safepoint      ] Safepoint "ParallelGCFailedAllocation", Time since last: 10992855376 ns, Reaching safepoint: 75700 ns, Cleanup: 19700 ns, At safepoint: 3806906 ns, Total: 3902306 ns
[2275.642s][info ][gc,start       ] GC(262) Pause Young (Allocation Failure)
[2275.645s][debug][gc,phases      ] GC(262) Scavenge 2.912ms
[2275.645s][debug][gc,ref         ] GC(262) Skipped phase 1 of Reference Processing: no references
[2275.645s][debug][gc,ref         ] GC(262) ReferenceProcessor::execute queues: 1, RefProcThreadModel::Single, marks_oops_alive: false
[2275.645s][debug][gc,ref         ] GC(262) ReferenceProcessor::execute queues: 4, RefProcThreadModel::Multi, marks_oops_alive: true
[2275.645s][debug][gc,ref         ] GC(262) ReferenceProcessor::execute queues: 1, RefProcThreadModel::Single, marks_oops_alive: false
[2275.645s][debug][gc,phases      ] GC(262) Reference Processing 0.269ms
[2275.645s][debug][gc,phases      ] GC(262)   VM Weak                        Min:  0.0, Avg:  0.0, Max:  0.0, Diff:  0.0, Sum:  0.0, Workers: 4
[2275.645s][debug][gc,phases      ] GC(262)     Dead                           Min: 0, Avg:  0.0, Max: 0, Diff: 0, Sum: 0, Workers: 4
[2275.645s][debug][gc,phases      ] GC(262)     Total                          Min: 0, Avg: 217.0, Max: 612, Diff: 612, Sum: 868, Workers: 4
[2275.645s][debug][gc,phases      ] GC(262)   ObjectSynchronizer Weak        Min:  0.0, Avg:  0.0, Max:  0.0, Diff:  0.0, Sum:  0.0, Workers: 4
[2275.645s][debug][gc,phases      ] GC(262)     Dead                           Min: 0, Avg:  0.0, Max: 0, Diff: 0, Sum: 0, Workers: 4
[2275.645s][debug][gc,phases      ] GC(262)     Total                          Min: 0, Avg:  1.0, Max: 4, Diff: 4, Sum: 4, Workers: 4
[2275.645s][debug][gc,phases      ] GC(262)   JVMTI Tag Weak OopStorage      Min:  0.0, Avg:  0.0, Max:  0.0, Diff:  0.0, Sum:  0.0, Workers: 4
[2275.645s][debug][gc,phases      ] GC(262)     Dead                           Min: 0, Avg:  0.0, Max: 0, Diff: 0, Sum: 0, Workers: 4
[2275.645s][debug][gc,phases      ] GC(262)     Total                          Min: 0, Avg:  0.0, Max: 0, Diff: 0, Sum: 0, Workers: 4
[2275.645s][debug][gc,phases      ] GC(262)   StringTable Weak               Min:  0.0, Avg:  0.1, Max:  0.1, Diff:  0.1, Sum:  0.4, Workers: 4
[2275.645s][debug][gc,phases      ] GC(262)     Dead                           Min: 0, Avg:  0.0, Max: 0, Diff: 0, Sum: 0, Workers: 4
[2275.645s][debug][gc,phases      ] GC(262)     Total                          Min: 0, Avg: 11236.0, Max: 19776, Diff: 19776, Sum: 44944, Workers: 4
[2275.645s][debug][gc,phases      ] GC(262)   ResolvedMethodTable Weak       Min:  0.0, Avg:  0.0, Max:  0.0, Diff:  0.0, Sum:  0.1, Workers: 4
[2275.645s][debug][gc,phases      ] GC(262)     Dead                           Min: 0, Avg:  0.0, Max: 0, Diff: 0, Sum: 0, Workers: 4
[2275.645s][debug][gc,phases      ] GC(262)     Total                          Min: 0, Avg: 2640.8, Max: 3904, Diff: 3904, Sum: 10563, Workers: 4
[2275.645s][debug][gc,phases      ] GC(262)   JNI Weak                       Min:  0.0, Avg:  0.0, Max:  0.0, Diff:  0.0, Sum:  0.0, Workers: 4
[2275.645s][debug][gc,phases      ] GC(262)     Dead                           Min: 0, Avg:  0.0, Max: 0, Diff: 0, Sum: 0, Workers: 4
[2275.645s][debug][gc,phases      ] GC(262)     Total                          Min: 0, Avg: 11.2, Max: 45, Diff: 45, Sum: 45, Workers: 4
[2275.645s][debug][gc,phases      ] GC(262)   StringDedup Table Weak         Min:  0.0, Avg:  0.0, Max:  0.0, Diff:  0.0, Sum:  0.0, Workers: 4
[2275.645s][debug][gc,phases      ] GC(262)     Dead                           Min: 0, Avg:  0.0, Max: 0, Diff: 0, Sum: 0, Workers: 4
[2275.645s][debug][gc,phases      ] GC(262)     Total                          Min: 0, Avg:  0.0, Max: 0, Diff: 0, Sum: 0, Workers: 4
[2275.645s][debug][gc,phases      ] GC(262)   StringDedup Requests0 Weak     Min:  0.0, Avg:  0.0, Max:  0.0, Diff:  0.0, Sum:  0.0, Workers: 4
[2275.645s][debug][gc,phases      ] GC(262)     Dead                           Min: 0, Avg:  0.0, Max: 0, Diff: 0, Sum: 0, Workers: 4
[2275.645s][debug][gc,phases      ] GC(262)     Total                          Min: 0, Avg:  0.0, Max: 0, Diff: 0, Sum: 0, Workers: 4
[2275.645s][debug][gc,phases      ] GC(262)   StringDedup Requests1 Weak     Min:  0.0, Avg:  0.0, Max:  0.0, Diff:  0.0, Sum:  0.0, Workers: 4
[2275.645s][debug][gc,phases      ] GC(262)     Dead                           Min: 0, Avg:  0.0, Max: 0, Diff: 0, Sum: 0, Workers: 4
[2275.645s][debug][gc,phases      ] GC(262)     Total                          Min: 0, Avg:  0.0, Max: 0, Diff: 0, Sum: 0, Workers: 4
[2275.645s][debug][gc,phases      ] GC(262)   Weak JFR Old Object Samples    Min:  0.0, Avg:  0.0, Max:  0.0, Diff:  0.0, Sum:  0.0, Workers: 4
[2275.645s][debug][gc,phases      ] GC(262)     Dead                           Min: 0, Avg:  0.0, Max: 0, Diff: 0, Sum: 0, Workers: 4
[2275.645s][debug][gc,phases      ] GC(262)     Total                          Min: 0, Avg:  0.0, Max: 0, Diff: 0, Sum: 0, Workers: 4
[2275.645s][debug][gc,phases      ] GC(262) Weak Processing 0.326ms
[2275.645s][debug][gc,age         ] GC(262) Desired survivor size 5767168 bytes, new threshold 15 (max threshold 15)
[2275.646s][info ][gc,heap        ] GC(262) PSYoungGen: 2088144K(2091520K)->2240K(2091520K) Eden: 2085888K(2085888K)->0K(2085888K) From: 2256K(5632K)->2240K(5632K)
[2275.646s][info ][gc,heap        ] GC(262) ParOldGen: 402761K(430080K)->402793K(430080K)
[2275.646s][info ][gc,metaspace   ] GC(262) Metaspace: 85991K(87040K)->85991K(87040K) NonClass: 73597K(74176K)->73597K(74176K) Class: 12394K(12864K)->12394K(12864K)
[2275.646s][info ][gc             ] GC(262) Pause Young (Allocation Failure) 2432M->395M(2462M) 3.594ms
[2275.646s][info ][gc,cpu         ] GC(262) User=0.01s Sys=0.00s Real=0.00s
[2275.646s][info ][safepoint      ] Safepoint "ParallelGCFailedAllocation", Time since last: 11646725637 ns, Reaching safepoint: 4300 ns, Cleanup: 27400 ns, At safepoint: 3678004 ns, Total: 3709704 ns
[2287.437s][info ][gc,start       ] GC(263) Pause Young (Allocation Failure)
[2287.441s][debug][gc,phases      ] GC(263) Scavenge 3.745ms
[2287.441s][debug][gc,ref         ] GC(263) Skipped phase 1 of Reference Processing: no references
[2287.441s][debug][gc,ref         ] GC(263) Skipped phase 2 of Reference Processing: no references
[2287.441s][debug][gc,ref         ] GC(263) Skipped phase 3 of Reference Processing: no references
[2287.441s][debug][gc,ref         ] GC(263) ReferenceProcessor::execute queues: 1, RefProcThreadModel::Single, marks_oops_alive: false
[2287.441s][debug][gc,phases      ] GC(263) Reference Processing 0.106ms
[2287.441s][debug][gc,phases      ] GC(263)   VM Weak                        Min:  0.0, Avg:  0.0, Max:  0.0, Diff:  0.0, Sum:  0.0, Workers: 4
[2287.441s][debug][gc,phases      ] GC(263)     Dead                           Min: 0, Avg:  0.0, Max: 0, Diff: 0, Sum: 0, Workers: 4
[2287.441s][debug][gc,phases      ] GC(263)     Total                          Min: 0, Avg: 217.0, Max: 448, Diff: 448, Sum: 868, Workers: 4
[2287.441s][debug][gc,phases      ] GC(263)   ObjectSynchronizer Weak        Min:  0.0, Avg:  0.0, Max:  0.0, Diff:  0.0, Sum:  0.0, Workers: 4
[2287.441s][debug][gc,phases      ] GC(263)     Dead                           Min: 0, Avg:  0.0, Max: 0, Diff: 0, Sum: 0, Workers: 4
[2287.441s][debug][gc,phases      ] GC(263)     Total                          Min: 0, Avg:  1.0, Max: 4, Diff: 4, Sum: 4, Workers: 4
[2287.441s][debug][gc,phases      ] GC(263)   JVMTI Tag Weak OopStorage      Min:  0.0, Avg:  0.0, Max:  0.0, Diff:  0.0, Sum:  0.0, Workers: 4
[2287.441s][debug][gc,phases      ] GC(263)     Dead                           Min: 0, Avg:  0.0, Max: 0, Diff: 0, Sum: 0, Workers: 4
[2287.441s][debug][gc,phases      ] GC(263)     Total                          Min: 0, Avg:  0.0, Max: 0, Diff: 0, Sum: 0, Workers: 4
[2287.441s][debug][gc,phases      ] GC(263)   StringTable Weak               Min:  0.0, Avg:  0.1, Max:  0.1, Diff:  0.1, Sum:  0.4, Workers: 4
[2287.441s][debug][gc,phases      ] GC(263)     Dead                           Min: 0, Avg:  0.0, Max: 0, Diff: 0, Sum: 0, Workers: 4
[2287.441s][debug][gc,phases      ] GC(263)     Total                          Min: 5184, Avg: 11236.0, Max: 13824, Diff: 8640, Sum: 44944, Workers: 4
[2287.441s][debug][gc,phases      ] GC(263)   ResolvedMethodTable Weak       Min:  0.0, Avg:  0.0, Max:  0.0, Diff:  0.0, Sum:  0.1, Workers: 4
[2287.441s][debug][gc,phases      ] GC(263)     Dead                           Min: 0, Avg:  0.0, Max: 0, Diff: 0, Sum: 0, Workers: 4
[2287.441s][debug][gc,phases      ] GC(263)     Total                          Min: 2435, Avg: 2640.8, Max: 2752, Diff: 317, Sum: 10563, Workers: 4
[2287.441s][debug][gc,phases      ] GC(263)   JNI Weak                       Min:  0.0, Avg:  0.0, Max:  0.0, Diff:  0.0, Sum:  0.0, Workers: 4
[2287.441s][debug][gc,phases      ] GC(263)     Dead                           Min: 0, Avg:  0.0, Max: 0, Diff: 0, Sum: 0, Workers: 4
[2287.441s][debug][gc,phases      ] GC(263)     Total                          Min: 0, Avg: 11.2, Max: 45, Diff: 45, Sum: 45, Workers: 4
[2287.441s][debug][gc,phases      ] GC(263)   StringDedup Table Weak         Min:  0.0, Avg:  0.0, Max:  0.0, Diff:  0.0, Sum:  0.0, Workers: 4
[2287.441s][debug][gc,phases      ] GC(263)     Dead                           Min: 0, Avg:  0.0, Max: 0, Diff: 0, Sum: 0, Workers: 4
[2287.441s][debug][gc,phases      ] GC(263)     Total                          Min: 0, Avg:  0.0, Max: 0, Diff: 0, Sum: 0, Workers: 4
[2287.441s][debug][gc,phases      ] GC(263)   StringDedup Requests0 Weak     Min:  0.0, Avg:  0.0, Max:  0.0, Diff:  0.0, Sum:  0.0, Workers: 4
[2287.441s][debug][gc,phases      ] GC(263)     Dead                           Min: 0, Avg:  0.0, Max: 0, Diff: 0, Sum: 0, Workers: 4
[2287.441s][debug][gc,phases      ] GC(263)     Total                          Min: 0, Avg:  0.0, Max: 0, Diff: 0, Sum: 0, Workers: 4
[2287.441s][debug][gc,phases      ] GC(263)   StringDedup Requests1 Weak     Min:  0.0, Avg:  0.0, Max:  0.0, Diff:  0.0, Sum:  0.0, Workers: 4
[2287.441s][debug][gc,phases      ] GC(263)     Dead                           Min: 0, Avg:  0.0, Max: 0, Diff: 0, Sum: 0, Workers: 4
[2287.441s][debug][gc,phases      ] GC(263)     Total                          Min: 0, Avg:  0.0, Max: 0, Diff: 0, Sum: 0, Workers: 4
[2287.441s][debug][gc,phases      ] GC(263)   Weak JFR Old Object Samples    Min:  0.0, Avg:  0.0, Max:  0.0, Diff:  0.0, Sum:  0.0, Workers: 4
[2287.441s][debug][gc,phases      ] GC(263)     Dead                           Min: 0, Avg:  0.0, Max: 0, Diff: 0, Sum: 0, Workers: 4
[2287.441s][debug][gc,phases      ] GC(263)     Total                          Min: 0, Avg:  0.0, Max: 0, Diff: 0, Sum: 0, Workers: 4
[2287.441s][debug][gc,phases      ] GC(263) Weak Processing 0.335ms
[2287.441s][debug][gc,age         ] GC(263) Desired survivor size 5767168 bytes, new threshold 15 (max threshold 15)
[2287.441s][info ][gc,heap        ] GC(263) PSYoungGen: 2088128K(2091520K)->2192K(2091520K) Eden: 2085888K(2085888K)->0K(2085888K) From: 2240K(5632K)->2192K(5632K)
[2287.441s][info ][gc,heap        ] GC(263) ParOldGen: 402793K(430080K)->402825K(430080K)
[2287.441s][info ][gc,metaspace   ] GC(263) Metaspace: 85991K(87040K)->85991K(87040K) NonClass: 73597K(74176K)->73597K(74176K) Class: 12394K(12864K)->12394K(12864K)
[2287.441s][info ][gc             ] GC(263) Pause Young (Allocation Failure) 2432M->395M(2462M) 4.314ms
[2287.441s][info ][gc,cpu         ] GC(263) User=0.01s Sys=0.00s Real=0.01s
[2287.441s][info ][safepoint      ] Safepoint "ParallelGCFailedAllocation", Time since last: 11791418793 ns, Reaching safepoint: 3600 ns, Cleanup: 30500 ns, At safepoint: 4383605 ns, Total: 4417705 ns
[2300.542s][info ][gc,start       ] GC(264) Pause Young (Allocation Failure)
[2300.546s][debug][gc,phases      ] GC(264) Scavenge 3.342ms
[2300.546s][debug][gc,ref         ] GC(264) Skipped phase 1 of Reference Processing: no references
[2300.546s][debug][gc,ref         ] GC(264) ReferenceProcessor::execute queues: 1, RefProcThreadModel::Single, marks_oops_alive: false
[2300.546s][debug][gc,ref         ] GC(264) Skipped phase 3 of Reference Processing: no references
[2300.546s][debug][gc,ref         ] GC(264) ReferenceProcessor::execute queues: 1, RefProcThreadModel::Single, marks_oops_alive: false
[2300.546s][debug][gc,phases      ] GC(264) Reference Processing 0.108ms
[2300.546s][debug][gc,phases      ] GC(264)   VM Weak                        Min:  0.0, Avg:  0.0, Max:  0.0, Diff:  0.0, Sum:  0.0, Workers: 4
[2300.546s][debug][gc,phases      ] GC(264)     Dead                           Min: 0, Avg:  0.0, Max: 0, Diff: 0, Sum: 0, Workers: 4
[2300.546s][debug][gc,phases      ] GC(264)     Total                          Min: 0, Avg: 217.0, Max: 804, Diff: 804, Sum: 868, Workers: 4
[2300.546s][debug][gc,phases      ] GC(264)   ObjectSynchronizer Weak        Min:  0.0, Avg:  0.0, Max:  0.0, Diff:  0.0, Sum:  0.0, Workers: 4
[2300.546s][debug][gc,phases      ] GC(264)     Dead                           Min: 0, Avg:  0.0, Max: 0, Diff: 0, Sum: 0, Workers: 4
[2300.546s][debug][gc,phases      ] GC(264)     Total                          Min: 0, Avg:  1.0, Max: 4, Diff: 4, Sum: 4, Workers: 4
[2300.546s][debug][gc,phases      ] GC(264)   JVMTI Tag Weak OopStorage      Min:  0.0, Avg:  0.0, Max:  0.0, Diff:  0.0, Sum:  0.0, Workers: 4
[2300.546s][debug][gc,phases      ] GC(264)     Dead                           Min: 0, Avg:  0.0, Max: 0, Diff: 0, Sum: 0, Workers: 4
[2300.546s][debug][gc,phases      ] GC(264)     Total                          Min: 0, Avg:  0.0, Max: 0, Diff: 0, Sum: 0, Workers: 4
[2300.546s][debug][gc,phases      ] GC(264)   StringTable Weak               Min:  0.0, Avg:  0.1, Max:  0.2, Diff:  0.2, Sum:  0.4, Workers: 4
[2300.546s][debug][gc,phases      ] GC(264)     Dead                           Min: 0, Avg:  0.0, Max: 0, Diff: 0, Sum: 0, Workers: 4
[2300.546s][debug][gc,phases      ] GC(264)     Total                          Min: 0, Avg: 11236.0, Max: 23104, Diff: 23104, Sum: 44944, Workers: 4
[2300.546s][debug][gc,phases      ] GC(264)   ResolvedMethodTable Weak       Min:  0.0, Avg:  0.0, Max:  0.0, Diff:  0.0, Sum:  0.1, Workers: 4
[2300.546s][debug][gc,phases      ] GC(264)     Dead                           Min: 0, Avg:  0.0, Max: 0, Diff: 0, Sum: 0, Workers: 4
[2300.546s][debug][gc,phases      ] GC(264)     Total                          Min: 0, Avg: 2640.8, Max: 5571, Diff: 5571, Sum: 10563, Workers: 4
[2300.546s][debug][gc,phases      ] GC(264)   JNI Weak                       Min:  0.0, Avg:  0.0, Max:  0.0, Diff:  0.0, Sum:  0.0, Workers: 4
[2300.546s][debug][gc,phases      ] GC(264)     Dead                           Min: 0, Avg:  0.0, Max: 0, Diff: 0, Sum: 0, Workers: 4
[2300.546s][debug][gc,phases      ] GC(264)     Total                          Min: 0, Avg: 11.2, Max: 45, Diff: 45, Sum: 45, Workers: 4
[2300.546s][debug][gc,phases      ] GC(264)   StringDedup Table Weak         Min:  0.0, Avg:  0.0, Max:  0.0, Diff:  0.0, Sum:  0.0, Workers: 4
[2300.546s][debug][gc,phases      ] GC(264)     Dead                           Min: 0, Avg:  0.0, Max: 0, Diff: 0, Sum: 0, Workers: 4
[2300.546s][debug][gc,phases      ] GC(264)     Total                          Min: 0, Avg:  0.0, Max: 0, Diff: 0, Sum: 0, Workers: 4
[2300.546s][debug][gc,phases      ] GC(264)   StringDedup Requests0 Weak     Min:  0.0, Avg:  0.0, Max:  0.0, Diff:  0.0, Sum:  0.0, Workers: 4
[2300.546s][debug][gc,phases      ] GC(264)     Dead                           Min: 0, Avg:  0.0, Max: 0, Diff: 0, Sum: 0, Workers: 4
[2300.546s][debug][gc,phases      ] GC(264)     Total                          Min: 0, Avg:  0.0, Max: 0, Diff: 0, Sum: 0, Workers: 4
[2300.546s][debug][gc,phases      ] GC(264)   StringDedup Requests1 Weak     Min:  0.0, Avg:  0.0, Max:  0.0, Diff:  0.0, Sum:  0.0, Workers: 4
[2300.546s][debug][gc,phases      ] GC(264)     Dead                           Min: 0, Avg:  0.0, Max: 0, Diff: 0, Sum: 0, Workers: 4
[2300.546s][debug][gc,phases      ] GC(264)     Total                          Min: 0, Avg:  0.0, Max: 0, Diff: 0, Sum: 0, Workers: 4
[2300.546s][debug][gc,phases      ] GC(264)   Weak JFR Old Object Samples    Min:  0.0, Avg:  0.0, Max:  0.0, Diff:  0.0, Sum:  0.0, Workers: 4
[2300.546s][debug][gc,phases      ] GC(264)     Dead                           Min: 0, Avg:  0.0, Max: 0, Diff: 0, Sum: 0, Workers: 4
[2300.546s][debug][gc,phases      ] GC(264)     Total                          Min: 0, Avg:  0.0, Max: 0, Diff: 0, Sum: 0, Workers: 4
[2300.546s][debug][gc,phases      ] GC(264) Weak Processing 0.445ms
[2300.546s][debug][gc,age         ] GC(264) Desired survivor size 5767168 bytes, new threshold 15 (max threshold 15)
[2300.546s][info ][gc,heap        ] GC(264) PSYoungGen: 2088080K(2091520K)->2080K(2091520K) Eden: 2085888K(2085888K)->0K(2085888K) From: 2192K(5632K)->2080K(5632K)
[2300.546s][info ][gc,heap        ] GC(264) ParOldGen: 402825K(430080K)->402929K(430080K)
[2300.546s][info ][gc,metaspace   ] GC(264) Metaspace: 85991K(87040K)->85991K(87040K) NonClass: 73597K(74176K)->73597K(74176K) Class: 12394K(12864K)->12394K(12864K)
[2300.546s][info ][gc             ] GC(264) Pause Young (Allocation Failure) 2432M->395M(2462M) 4.009ms
[2300.546s][info ][gc,cpu         ] GC(264) User=0.01s Sys=0.00s Real=0.00s
[2300.546s][info ][safepoint      ] Safepoint "ParallelGCFailedAllocation", Time since last: 13100692811 ns, Reaching safepoint: 72100 ns, Cleanup: 27100 ns, At safepoint: 4098999 ns, Total: 4198199 ns
[2311.990s][info ][gc,start       ] GC(265) Pause Young (Allocation Failure)
[2311.993s][debug][gc,phases      ] GC(265) Scavenge 2.992ms
[2311.994s][debug][gc,ref         ] GC(265) Skipped phase 1 of Reference Processing: no references
[2311.994s][debug][gc,ref         ] GC(265) ReferenceProcessor::execute queues: 1, RefProcThreadModel::Single, marks_oops_alive: false
[2311.994s][debug][gc,ref         ] GC(265) Skipped phase 3 of Reference Processing: no references
[2311.994s][debug][gc,ref         ] GC(265) ReferenceProcessor::execute queues: 1, RefProcThreadModel::Single, marks_oops_alive: false
[2311.994s][debug][gc,phases      ] GC(265) Reference Processing 0.092ms
[2311.994s][debug][gc,phases      ] GC(265)   VM Weak                        Min:  0.0, Avg:  0.0, Max:  0.0, Diff:  0.0, Sum:  0.0, Workers: 4
[2311.994s][debug][gc,phases      ] GC(265)     Dead                           Min: 0, Avg:  0.0, Max: 0, Diff: 0, Sum: 0, Workers: 4
[2311.994s][debug][gc,phases      ] GC(265)     Total                          Min: 0, Avg: 217.0, Max: 768, Diff: 768, Sum: 868, Workers: 4
[2311.994s][debug][gc,phases      ] GC(265)   ObjectSynchronizer Weak        Min:  0.0, Avg:  0.0, Max:  0.0, Diff:  0.0, Sum:  0.0, Workers: 4
[2311.994s][debug][gc,phases      ] GC(265)     Dead                           Min: 0, Avg:  0.0, Max: 0, Diff: 0, Sum: 0, Workers: 4
[2311.994s][debug][gc,phases      ] GC(265)     Total                          Min: 0, Avg:  1.0, Max: 4, Diff: 4, Sum: 4, Workers: 4
[2311.994s][debug][gc,phases      ] GC(265)   JVMTI Tag Weak OopStorage      Min:  0.0, Avg:  0.0, Max:  0.0, Diff:  0.0, Sum:  0.0, Workers: 4
[2311.994s][debug][gc,phases      ] GC(265)     Dead                           Min: 0, Avg:  0.0, Max: 0, Diff: 0, Sum: 0, Workers: 4
[2311.994s][debug][gc,phases      ] GC(265)     Total                          Min: 0, Avg:  0.0, Max: 0, Diff: 0, Sum: 0, Workers: 4
[2311.994s][debug][gc,phases      ] GC(265)   StringTable Weak               Min:  0.0, Avg:  0.1, Max:  0.1, Diff:  0.1, Sum:  0.4, Workers: 4
[2311.994s][debug][gc,phases      ] GC(265)     Dead                           Min: 0, Avg:  0.0, Max: 0, Diff: 0, Sum: 0, Workers: 4
[2311.994s][debug][gc,phases      ] GC(265)     Total                          Min: 0, Avg: 11236.0, Max: 19008, Diff: 19008, Sum: 44944, Workers: 4
[2311.994s][debug][gc,phases      ] GC(265)   ResolvedMethodTable Weak       Min:  0.0, Avg:  0.0, Max:  0.0, Diff:  0.0, Sum:  0.1, Workers: 4
[2311.994s][debug][gc,phases      ] GC(265)     Dead                           Min: 0, Avg:  0.0, Max: 0, Diff: 0, Sum: 0, Workers: 4
[2311.994s][debug][gc,phases      ] GC(265)     Total                          Min: 0, Avg: 2640.8, Max: 4675, Diff: 4675, Sum: 10563, Workers: 4
[2311.994s][debug][gc,phases      ] GC(265)   JNI Weak                       Min:  0.0, Avg:  0.0, Max:  0.0, Diff:  0.0, Sum:  0.0, Workers: 4
[2311.994s][debug][gc,phases      ] GC(265)     Dead                           Min: 0, Avg:  0.0, Max: 0, Diff: 0, Sum: 0, Workers: 4
[2311.994s][debug][gc,phases      ] GC(265)     Total                          Min: 0, Avg: 11.2, Max: 45, Diff: 45, Sum: 45, Workers: 4
[2311.994s][debug][gc,phases      ] GC(265)   StringDedup Table Weak         Min:  0.0, Avg:  0.0, Max:  0.0, Diff:  0.0, Sum:  0.0, Workers: 4
[2311.994s][debug][gc,phases      ] GC(265)     Dead                           Min: 0, Avg:  0.0, Max: 0, Diff: 0, Sum: 0, Workers: 4
[2311.994s][debug][gc,phases      ] GC(265)     Total                          Min: 0, Avg:  0.0, Max: 0, Diff: 0, Sum: 0, Workers: 4
[2311.994s][debug][gc,phases      ] GC(265)   StringDedup Requests0 Weak     Min:  0.0, Avg:  0.0, Max:  0.0, Diff:  0.0, Sum:  0.0, Workers: 4
[2311.994s][debug][gc,phases      ] GC(265)     Dead                           Min: 0, Avg:  0.0, Max: 0, Diff: 0, Sum: 0, Workers: 4
[2311.994s][debug][gc,phases      ] GC(265)     Total                          Min: 0, Avg:  0.0, Max: 0, Diff: 0, Sum: 0, Workers: 4
[2311.994s][debug][gc,phases      ] GC(265)   StringDedup Requests1 Weak     Min:  0.0, Avg:  0.0, Max:  0.0, Diff:  0.0, Sum:  0.0, Workers: 4
[2311.994s][debug][gc,phases      ] GC(265)     Dead                           Min: 0, Avg:  0.0, Max: 0, Diff: 0, Sum: 0, Workers: 4
[2311.994s][debug][gc,phases      ] GC(265)     Total                          Min: 0, Avg:  0.0, Max: 0, Diff: 0, Sum: 0, Workers: 4
[2311.994s][debug][gc,phases      ] GC(265)   Weak JFR Old Object Samples    Min:  0.0, Avg:  0.0, Max:  0.0, Diff:  0.0, Sum:  0.0, Workers: 4
[2311.994s][debug][gc,phases      ] GC(265)     Dead                           Min: 0, Avg:  0.0, Max: 0, Diff: 0, Sum: 0, Workers: 4
[2311.994s][debug][gc,phases      ] GC(265)     Total                          Min: 0, Avg:  0.0, Max: 0, Diff: 0, Sum: 0, Workers: 4
[2311.994s][debug][gc,phases      ] GC(265) Weak Processing 0.328ms
[2311.994s][debug][gc,age         ] GC(265) Desired survivor size 5767168 bytes, new threshold 15 (max threshold 15)
[2311.994s][info ][gc,heap        ] GC(265) PSYoungGen: 2087968K(2091520K)->2112K(2091520K) Eden: 2085888K(2085888K)->0K(2085888K) From: 2080K(5632K)->2112K(5632K)
[2311.994s][info ][gc,heap        ] GC(265) ParOldGen: 402929K(430080K)->403001K(430080K)
[2311.994s][info ][gc,metaspace   ] GC(265) Metaspace: 85991K(87040K)->85991K(87040K) NonClass: 73597K(74176K)->73597K(74176K) Class: 12394K(12864K)->12394K(12864K)
[2311.994s][info ][gc             ] GC(265) Pause Young (Allocation Failure) 2432M->395M(2462M) 3.511ms
[2311.994s][info ][gc,cpu         ] GC(265) User=0.01s Sys=0.00s Real=0.01s
[2311.994s][info ][safepoint      ] Safepoint "ParallelGCFailedAllocation", Time since last: 11444075902 ns, Reaching safepoint: 4000 ns, Cleanup: 28200 ns, At safepoint: 3596905 ns, Total: 3629105 ns
[2323.592s][info ][gc,start       ] GC(266) Pause Young (Allocation Failure)
[2323.595s][debug][gc,phases      ] GC(266) Scavenge 2.953ms
[2323.595s][debug][gc,ref         ] GC(266) Skipped phase 1 of Reference Processing: no references
[2323.596s][debug][gc,ref         ] GC(266) ReferenceProcessor::execute queues: 1, RefProcThreadModel::Single, marks_oops_alive: false
[2323.596s][debug][gc,ref         ] GC(266) Skipped phase 3 of Reference Processing: no references
[2323.596s][debug][gc,ref         ] GC(266) ReferenceProcessor::execute queues: 1, RefProcThreadModel::Single, marks_oops_alive: false
[2323.596s][debug][gc,phases      ] GC(266) Reference Processing 0.112ms
[2323.596s][debug][gc,phases      ] GC(266)   VM Weak                        Min:  0.0, Avg:  0.0, Max:  0.0, Diff:  0.0, Sum:  0.0, Workers: 4
[2323.596s][debug][gc,phases      ] GC(266)     Dead                           Min: 0, Avg:  0.0, Max: 0, Diff: 0, Sum: 0, Workers: 4
[2323.596s][debug][gc,phases      ] GC(266)     Total                          Min: 0, Avg: 217.0, Max: 768, Diff: 768, Sum: 868, Workers: 4
[2323.596s][debug][gc,phases      ] GC(266)   ObjectSynchronizer Weak        Min:  0.0, Avg:  0.0, Max:  0.0, Diff:  0.0, Sum:  0.0, Workers: 4
[2323.596s][debug][gc,phases      ] GC(266)     Dead                           Min: 0, Avg:  0.0, Max: 0, Diff: 0, Sum: 0, Workers: 4
[2323.596s][debug][gc,phases      ] GC(266)     Total                          Min: 0, Avg:  1.0, Max: 4, Diff: 4, Sum: 4, Workers: 4
[2323.596s][debug][gc,phases      ] GC(266)   JVMTI Tag Weak OopStorage      Min:  0.0, Avg:  0.0, Max:  0.0, Diff:  0.0, Sum:  0.0, Workers: 4
[2323.596s][debug][gc,phases      ] GC(266)     Dead                           Min: 0, Avg:  0.0, Max: 0, Diff: 0, Sum: 0, Workers: 4
[2323.596s][debug][gc,phases      ] GC(266)     Total                          Min: 0, Avg:  0.0, Max: 0, Diff: 0, Sum: 0, Workers: 4
[2323.596s][debug][gc,phases      ] GC(266)   StringTable Weak               Min:  0.0, Avg:  0.1, Max:  0.2, Diff:  0.2, Sum:  0.4, Workers: 4
[2323.596s][debug][gc,phases      ] GC(266)     Dead                           Min: 0, Avg:  0.0, Max: 0, Diff: 0, Sum: 0, Workers: 4
[2323.596s][debug][gc,phases      ] GC(266)     Total                          Min: 0, Avg: 11236.0, Max: 16976, Diff: 16976, Sum: 44944, Workers: 4
[2323.596s][debug][gc,phases      ] GC(266)   ResolvedMethodTable Weak       Min:  0.0, Avg:  0.0, Max:  0.0, Diff:  0.0, Sum:  0.1, Workers: 4
[2323.596s][debug][gc,phases      ] GC(266)     Dead                           Min: 0, Avg:  0.0, Max: 0, Diff: 0, Sum: 0, Workers: 4
[2323.596s][debug][gc,phases      ] GC(266)     Total                          Min: 0, Avg: 2640.8, Max: 3648, Diff: 3648, Sum: 10563, Workers: 4
[2323.596s][debug][gc,phases      ] GC(266)   JNI Weak                       Min:  0.0, Avg:  0.0, Max:  0.0, Diff:  0.0, Sum:  0.0, Workers: 4
[2323.596s][debug][gc,phases      ] GC(266)     Dead                           Min: 0, Avg:  0.0, Max: 0, Diff: 0, Sum: 0, Workers: 4
[2323.596s][debug][gc,phases      ] GC(266)     Total                          Min: 0, Avg: 11.2, Max: 45, Diff: 45, Sum: 45, Workers: 4
[2323.596s][debug][gc,phases      ] GC(266)   StringDedup Table Weak         Min:  0.0, Avg:  0.0, Max:  0.0, Diff:  0.0, Sum:  0.0, Workers: 4
[2323.596s][debug][gc,phases      ] GC(266)     Dead                           Min: 0, Avg:  0.0, Max: 0, Diff: 0, Sum: 0, Workers: 4
[2323.596s][debug][gc,phases      ] GC(266)     Total                          Min: 0, Avg:  0.0, Max: 0, Diff: 0, Sum: 0, Workers: 4
[2323.596s][debug][gc,phases      ] GC(266)   StringDedup Requests0 Weak     Min:  0.0, Avg:  0.0, Max:  0.0, Diff:  0.0, Sum:  0.0, Workers: 4
[2323.596s][debug][gc,phases      ] GC(266)     Dead                           Min: 0, Avg:  0.0, Max: 0, Diff: 0, Sum: 0, Workers: 4
[2323.596s][debug][gc,phases      ] GC(266)     Total                          Min: 0, Avg:  0.0, Max: 0, Diff: 0, Sum: 0, Workers: 4
[2323.596s][debug][gc,phases      ] GC(266)   StringDedup Requests1 Weak     Min:  0.0, Avg:  0.0, Max:  0.0, Diff:  0.0, Sum:  0.0, Workers: 4
[2323.596s][debug][gc,phases      ] GC(266)     Dead                           Min: 0, Avg:  0.0, Max: 0, Diff: 0, Sum: 0, Workers: 4
[2323.596s][debug][gc,phases      ] GC(266)     Total                          Min: 0, Avg:  0.0, Max: 0, Diff: 0, Sum: 0, Workers: 4
[2323.596s][debug][gc,phases      ] GC(266)   Weak JFR Old Object Samples    Min:  0.0, Avg:  0.0, Max:  0.0, Diff:  0.0, Sum:  0.0, Workers: 4
[2323.596s][debug][gc,phases      ] GC(266)     Dead                           Min: 0, Avg:  0.0, Max: 0, Diff: 0, Sum: 0, Workers: 4
[2323.596s][debug][gc,phases      ] GC(266)     Total                          Min: 0, Avg:  0.0, Max: 0, Diff: 0, Sum: 0, Workers: 4
[2323.596s][debug][gc,phases      ] GC(266) Weak Processing 0.372ms
[2323.596s][debug][gc,age         ] GC(266) Desired survivor size 5767168 bytes, new threshold 15 (max threshold 15)
[2323.596s][info ][gc,heap        ] GC(266) PSYoungGen: 2088000K(2091520K)->1968K(2091520K) Eden: 2085888K(2085888K)->0K(2085888K) From: 2112K(5632K)->1968K(5632K)
[2323.596s][info ][gc,heap        ] GC(266) ParOldGen: 403001K(430080K)->403185K(430080K)
[2323.596s][info ][gc,metaspace   ] GC(266) Metaspace: 85991K(87040K)->85991K(87040K) NonClass: 73597K(74176K)->73597K(74176K) Class: 12394K(12864K)->12394K(12864K)
[2323.596s][info ][gc             ] GC(266) Pause Young (Allocation Failure) 2432M->395M(2462M) 3.539ms
[2323.596s][info ][gc,cpu         ] GC(266) User=0.01s Sys=0.00s Real=0.01s
[2323.596s][info ][safepoint      ] Safepoint "ParallelGCFailedAllocation", Time since last: 11598328155 ns, Reaching safepoint: 78300 ns, Cleanup: 33400 ns, At safepoint: 3610404 ns, Total: 3722104 ns
[2335.192s][info ][gc,start       ] GC(267) Pause Young (Allocation Failure)
[2335.195s][debug][gc,phases      ] GC(267) Scavenge 3.163ms
[2335.196s][debug][gc,ref         ] GC(267) Skipped phase 1 of Reference Processing: no references
[2335.196s][debug][gc,ref         ] GC(267) ReferenceProcessor::execute queues: 1, RefProcThreadModel::Single, marks_oops_alive: false
[2335.196s][debug][gc,ref         ] GC(267) Skipped phase 3 of Reference Processing: no references
[2335.196s][debug][gc,ref         ] GC(267) ReferenceProcessor::execute queues: 1, RefProcThreadModel::Single, marks_oops_alive: false
[2335.196s][debug][gc,phases      ] GC(267) Reference Processing 0.104ms
[2335.196s][debug][gc,phases      ] GC(267)   VM Weak                        Min:  0.0, Avg:  0.0, Max:  0.0, Diff:  0.0, Sum:  0.0, Workers: 4
[2335.196s][debug][gc,phases      ] GC(267)     Dead                           Min: 0, Avg:  0.0, Max: 0, Diff: 0, Sum: 0, Workers: 4
[2335.196s][debug][gc,phases      ] GC(267)     Total                          Min: 0, Avg: 217.0, Max: 868, Diff: 868, Sum: 868, Workers: 4
[2335.196s][debug][gc,phases      ] GC(267)   ObjectSynchronizer Weak        Min:  0.0, Avg:  0.0, Max:  0.0, Diff:  0.0, Sum:  0.0, Workers: 4
[2335.196s][debug][gc,phases      ] GC(267)     Dead                           Min: 0, Avg:  0.0, Max: 0, Diff: 0, Sum: 0, Workers: 4
[2335.196s][debug][gc,phases      ] GC(267)     Total                          Min: 0, Avg:  1.0, Max: 4, Diff: 4, Sum: 4, Workers: 4
[2335.196s][debug][gc,phases      ] GC(267)   JVMTI Tag Weak OopStorage      Min:  0.0, Avg:  0.0, Max:  0.0, Diff:  0.0, Sum:  0.0, Workers: 4
[2335.196s][debug][gc,phases      ] GC(267)     Dead                           Min: 0, Avg:  0.0, Max: 0, Diff: 0, Sum: 0, Workers: 4
[2335.196s][debug][gc,phases      ] GC(267)     Total                          Min: 0, Avg:  0.0, Max: 0, Diff: 0, Sum: 0, Workers: 4
[2335.196s][debug][gc,phases      ] GC(267)   StringTable Weak               Min:  0.0, Avg:  0.1, Max:  0.1, Diff:  0.1, Sum:  0.4, Workers: 4
[2335.196s][debug][gc,phases      ] GC(267)     Dead                           Min: 0, Avg:  0.0, Max: 0, Diff: 0, Sum: 0, Workers: 4
[2335.196s][debug][gc,phases      ] GC(267)     Total                          Min: 0, Avg: 11236.0, Max: 19920, Diff: 19920, Sum: 44944, Workers: 4
[2335.196s][debug][gc,phases      ] GC(267)   ResolvedMethodTable Weak       Min:  0.0, Avg:  0.0, Max:  0.0, Diff:  0.0, Sum:  0.1, Workers: 4
[2335.196s][debug][gc,phases      ] GC(267)     Dead                           Min: 0, Avg:  0.0, Max: 0, Diff: 0, Sum: 0, Workers: 4
[2335.196s][debug][gc,phases      ] GC(267)     Total                          Min: 0, Avg: 2640.8, Max: 4288, Diff: 4288, Sum: 10563, Workers: 4
[2335.196s][debug][gc,phases      ] GC(267)   JNI Weak                       Min:  0.0, Avg:  0.0, Max:  0.0, Diff:  0.0, Sum:  0.0, Workers: 4
[2335.196s][debug][gc,phases      ] GC(267)     Dead                           Min: 0, Avg:  0.0, Max: 0, Diff: 0, Sum: 0, Workers: 4
[2335.196s][debug][gc,phases      ] GC(267)     Total                          Min: 0, Avg: 11.2, Max: 45, Diff: 45, Sum: 45, Workers: 4
[2335.196s][debug][gc,phases      ] GC(267)   StringDedup Table Weak         Min:  0.0, Avg:  0.0, Max:  0.0, Diff:  0.0, Sum:  0.0, Workers: 4
[2335.196s][debug][gc,phases      ] GC(267)     Dead                           Min: 0, Avg:  0.0, Max: 0, Diff: 0, Sum: 0, Workers: 4
[2335.196s][debug][gc,phases      ] GC(267)     Total                          Min: 0, Avg:  0.0, Max: 0, Diff: 0, Sum: 0, Workers: 4
[2335.196s][debug][gc,phases      ] GC(267)   StringDedup Requests0 Weak     Min:  0.0, Avg:  0.0, Max:  0.0, Diff:  0.0, Sum:  0.0, Workers: 4
[2335.196s][debug][gc,phases      ] GC(267)     Dead                           Min: 0, Avg:  0.0, Max: 0, Diff: 0, Sum: 0, Workers: 4
[2335.196s][debug][gc,phases      ] GC(267)     Total                          Min: 0, Avg:  0.0, Max: 0, Diff: 0, Sum: 0, Workers: 4
[2335.196s][debug][gc,phases      ] GC(267)   StringDedup Requests1 Weak     Min:  0.0, Avg:  0.0, Max:  0.0, Diff:  0.0, Sum:  0.0, Workers: 4
[2335.196s][debug][gc,phases      ] GC(267)     Dead                           Min: 0, Avg:  0.0, Max: 0, Diff: 0, Sum: 0, Workers: 4
[2335.196s][debug][gc,phases      ] GC(267)     Total                          Min: 0, Avg:  0.0, Max: 0, Diff: 0, Sum: 0, Workers: 4
[2335.196s][debug][gc,phases      ] GC(267)   Weak JFR Old Object Samples    Min:  0.0, Avg:  0.0, Max:  0.0, Diff:  0.0, Sum:  0.0, Workers: 4
[2335.196s][debug][gc,phases      ] GC(267)     Dead                           Min: 0, Avg:  0.0, Max: 0, Diff: 0, Sum: 0, Workers: 4
[2335.196s][debug][gc,phases      ] GC(267)     Total                          Min: 0, Avg:  0.0, Max: 0, Diff: 0, Sum: 0, Workers: 4
[2335.196s][debug][gc,phases      ] GC(267) Weak Processing 0.328ms
[2335.196s][debug][gc,age         ] GC(267) Desired survivor size 5767168 bytes, new threshold 15 (max threshold 15)
[2335.196s][info ][gc,heap        ] GC(267) PSYoungGen: 2087856K(2091520K)->1952K(2091520K) Eden: 2085888K(2085888K)->0K(2085888K) From: 1968K(5632K)->1952K(5632K)
[2335.196s][info ][gc,heap        ] GC(267) ParOldGen: 403185K(430080K)->403249K(430080K)
[2335.196s][info ][gc,metaspace   ] GC(267) Metaspace: 85991K(87040K)->85991K(87040K) NonClass: 73597K(74176K)->73597K(74176K) Class: 12394K(12864K)->12394K(12864K)
[2335.196s][info ][gc             ] GC(267) Pause Young (Allocation Failure) 2432M->395M(2462M) 3.694ms
[2335.196s][info ][gc,cpu         ] GC(267) User=0.01s Sys=0.00s Real=0.01s
[2335.196s][info ][safepoint      ] Safepoint "ParallelGCFailedAllocation", Time since last: 11596099819 ns, Reaching safepoint: 74800 ns, Cleanup: 30200 ns, At safepoint: 3759504 ns, Total: 3864504 ns
[2346.938s][info ][gc,start       ] GC(268) Pause Young (Allocation Failure)
[2346.944s][debug][gc,phases      ] GC(268) Scavenge 5.921ms
[2346.944s][debug][gc,ref         ] GC(268) Skipped phase 1 of Reference Processing: no references
[2346.944s][debug][gc,ref         ] GC(268) ReferenceProcessor::execute queues: 1, RefProcThreadModel::Single, marks_oops_alive: false
[2346.944s][debug][gc,ref         ] GC(268) Skipped phase 3 of Reference Processing: no references
[2346.944s][debug][gc,ref         ] GC(268) Skipped phase 4 of Reference Processing: no references
[2346.944s][debug][gc,phases      ] GC(268) Reference Processing 0.089ms
[2346.944s][debug][gc,phases      ] GC(268)   VM Weak                        Min:  0.0, Avg:  0.0, Max:  0.0, Diff:  0.0, Sum:  0.0, Workers: 4
[2346.944s][debug][gc,phases      ] GC(268)     Dead                           Min: 0, Avg:  0.0, Max: 0, Diff: 0, Sum: 0, Workers: 4
[2346.944s][debug][gc,phases      ] GC(268)     Total                          Min: 0, Avg: 217.0, Max: 512, Diff: 512, Sum: 868, Workers: 4
[2346.944s][debug][gc,phases      ] GC(268)   ObjectSynchronizer Weak        Min:  0.0, Avg:  0.0, Max:  0.0, Diff:  0.0, Sum:  0.0, Workers: 4
[2346.944s][debug][gc,phases      ] GC(268)     Dead                           Min: 0, Avg:  0.0, Max: 0, Diff: 0, Sum: 0, Workers: 4
[2346.944s][debug][gc,phases      ] GC(268)     Total                          Min: 0, Avg:  1.0, Max: 4, Diff: 4, Sum: 4, Workers: 4
[2346.944s][debug][gc,phases      ] GC(268)   JVMTI Tag Weak OopStorage      Min:  0.0, Avg:  0.0, Max:  0.0, Diff:  0.0, Sum:  0.0, Workers: 4
[2346.944s][debug][gc,phases      ] GC(268)     Dead                           Min: 0, Avg:  0.0, Max: 0, Diff: 0, Sum: 0, Workers: 4
[2346.944s][debug][gc,phases      ] GC(268)     Total                          Min: 0, Avg:  0.0, Max: 0, Diff: 0, Sum: 0, Workers: 4
[2346.944s][debug][gc,phases      ] GC(268)   StringTable Weak               Min:  0.0, Avg:  0.1, Max:  0.1, Diff:  0.1, Sum:  0.4, Workers: 4
[2346.944s][debug][gc,phases      ] GC(268)     Dead                           Min: 0, Avg:  0.0, Max: 0, Diff: 0, Sum: 0, Workers: 4
[2346.944s][debug][gc,phases      ] GC(268)     Total                          Min: 0, Avg: 11236.5, Max: 19218, Diff: 19218, Sum: 44946, Workers: 4
[2346.944s][debug][gc,phases      ] GC(268)   ResolvedMethodTable Weak       Min:  0.0, Avg:  0.0, Max:  0.0, Diff:  0.0, Sum:  0.1, Workers: 4
[2346.944s][debug][gc,phases      ] GC(268)     Dead                           Min: 0, Avg:  0.0, Max: 0, Diff: 0, Sum: 0, Workers: 4
[2346.944s][debug][gc,phases      ] GC(268)     Total                          Min: 0, Avg: 2640.8, Max: 4608, Diff: 4608, Sum: 10563, Workers: 4
[2346.944s][debug][gc,phases      ] GC(268)   JNI Weak                       Min:  0.0, Avg:  0.0, Max:  0.0, Diff:  0.0, Sum:  0.0, Workers: 4
[2346.944s][debug][gc,phases      ] GC(268)     Dead                           Min: 0, Avg:  0.0, Max: 0, Diff: 0, Sum: 0, Workers: 4
[2346.944s][debug][gc,phases      ] GC(268)     Total                          Min: 0, Avg: 11.2, Max: 45, Diff: 45, Sum: 45, Workers: 4
[2346.944s][debug][gc,phases      ] GC(268)   StringDedup Table Weak         Min:  0.0, Avg:  0.0, Max:  0.0, Diff:  0.0, Sum:  0.0, Workers: 4
[2346.944s][debug][gc,phases      ] GC(268)     Dead                           Min: 0, Avg:  0.0, Max: 0, Diff: 0, Sum: 0, Workers: 4
[2346.944s][debug][gc,phases      ] GC(268)     Total                          Min: 0, Avg:  0.0, Max: 0, Diff: 0, Sum: 0, Workers: 4
[2346.944s][debug][gc,phases      ] GC(268)   StringDedup Requests0 Weak     Min:  0.0, Avg:  0.0, Max:  0.0, Diff:  0.0, Sum:  0.0, Workers: 4
[2346.944s][debug][gc,phases      ] GC(268)     Dead                           Min: 0, Avg:  0.0, Max: 0, Diff: 0, Sum: 0, Workers: 4
[2346.944s][debug][gc,phases      ] GC(268)     Total                          Min: 0, Avg:  0.0, Max: 0, Diff: 0, Sum: 0, Workers: 4
[2346.944s][debug][gc,phases      ] GC(268)   StringDedup Requests1 Weak     Min:  0.0, Avg:  0.0, Max:  0.0, Diff:  0.0, Sum:  0.0, Workers: 4
[2346.944s][debug][gc,phases      ] GC(268)     Dead                           Min: 0, Avg:  0.0, Max: 0, Diff: 0, Sum: 0, Workers: 4
[2346.944s][debug][gc,phases      ] GC(268)     Total                          Min: 0, Avg:  0.0, Max: 0, Diff: 0, Sum: 0, Workers: 4
[2346.944s][debug][gc,phases      ] GC(268)   Weak JFR Old Object Samples    Min:  0.0, Avg:  0.0, Max:  0.0, Diff:  0.0, Sum:  0.0, Workers: 4
[2346.944s][debug][gc,phases      ] GC(268)     Dead                           Min: 0, Avg:  0.0, Max: 0, Diff: 0, Sum: 0, Workers: 4
[2346.944s][debug][gc,phases      ] GC(268)     Total                          Min: 0, Avg:  0.0, Max: 0, Diff: 0, Sum: 0, Workers: 4
[2346.944s][debug][gc,phases      ] GC(268) Weak Processing 0.323ms
[2346.944s][debug][gc,age         ] GC(268) Desired survivor size 5242880 bytes, new threshold 15 (max threshold 15)
[2346.944s][info ][gc,heap        ] GC(268) PSYoungGen: 2087840K(2091520K)->1808K(2092032K) Eden: 2085888K(2085888K)->0K(2086400K) From: 1952K(5632K)->1808K(5632K)
[2346.944s][info ][gc,heap        ] GC(268) ParOldGen: 403249K(430080K)->403641K(430080K)
[2346.944s][info ][gc,metaspace   ] GC(268) Metaspace: 85991K(87040K)->85991K(87040K) NonClass: 73597K(74176K)->73597K(74176K) Class: 12394K(12864K)->12394K(12864K)
[2346.944s][info ][gc             ] GC(268) Pause Young (Allocation Failure) 2432M->395M(2463M) 6.442ms
[2346.944s][info ][gc,cpu         ] GC(268) User=0.02s Sys=0.00s Real=0.01s
[2346.944s][info ][safepoint      ] Safepoint "ParallelGCFailedAllocation", Time since last: 11741934762 ns, Reaching safepoint: 13500 ns, Cleanup: 31300 ns, At safepoint: 6504804 ns, Total: 6549604 ns
[2347.945s][info ][safepoint      ] Safepoint "Cleanup", Time since last: 1000077396 ns, Reaching safepoint: 3700 ns, Cleanup: 37600 ns, At safepoint: 4500 ns, Total: 45800 ns
[2355.945s][info ][safepoint      ] Safepoint "Cleanup", Time since last: 8000483256 ns, Reaching safepoint: 70700 ns, Cleanup: 35000 ns, At safepoint: 11600 ns, Total: 117300 ns
[2362.052s][info ][gc,start       ] GC(269) Pause Young (Allocation Failure)
[2362.061s][debug][gc,phases      ] GC(269) Scavenge 8.985ms
[2362.061s][debug][gc,ref         ] GC(269) Skipped phase 1 of Reference Processing: no references
[2362.061s][debug][gc,ref         ] GC(269) ReferenceProcessor::execute queues: 1, RefProcThreadModel::Single, marks_oops_alive: false
[2362.061s][debug][gc,ref         ] GC(269) ReferenceProcessor::execute queues: 4, RefProcThreadModel::Multi, marks_oops_alive: true
[2362.062s][debug][gc,ref         ] GC(269) ReferenceProcessor::execute queues: 1, RefProcThreadModel::Single, marks_oops_alive: false
[2362.062s][debug][gc,phases      ] GC(269) Reference Processing 0.409ms
[2362.062s][debug][gc,phases      ] GC(269)   VM Weak                        Min:  0.0, Avg:  0.0, Max:  0.0, Diff:  0.0, Sum:  0.0, Workers: 4
[2362.062s][debug][gc,phases      ] GC(269)     Dead                           Min: 0, Avg:  0.0, Max: 0, Diff: 0, Sum: 0, Workers: 4
[2362.062s][debug][gc,phases      ] GC(269)     Total                          Min: 0, Avg: 217.0, Max: 484, Diff: 484, Sum: 868, Workers: 4
[2362.062s][debug][gc,phases      ] GC(269)   ObjectSynchronizer Weak        Min:  0.0, Avg:  0.0, Max:  0.0, Diff:  0.0, Sum:  0.0, Workers: 4
[2362.062s][debug][gc,phases      ] GC(269)     Dead                           Min: 0, Avg:  0.0, Max: 0, Diff: 0, Sum: 0, Workers: 4
[2362.062s][debug][gc,phases      ] GC(269)     Total                          Min: 0, Avg:  1.0, Max: 4, Diff: 4, Sum: 4, Workers: 4
[2362.062s][debug][gc,phases      ] GC(269)   JVMTI Tag Weak OopStorage      Min:  0.0, Avg:  0.0, Max:  0.0, Diff:  0.0, Sum:  0.0, Workers: 4
[2362.062s][debug][gc,phases      ] GC(269)     Dead                           Min: 0, Avg:  0.0, Max: 0, Diff: 0, Sum: 0, Workers: 4
[2362.062s][debug][gc,phases      ] GC(269)     Total                          Min: 0, Avg:  0.0, Max: 0, Diff: 0, Sum: 0, Workers: 4
[2362.062s][debug][gc,phases      ] GC(269)   StringTable Weak               Min:  0.0, Avg:  0.1, Max:  0.1, Diff:  0.1, Sum:  0.4, Workers: 4
[2362.062s][debug][gc,phases      ] GC(269)     Dead                           Min: 0, Avg:  0.0, Max: 0, Diff: 0, Sum: 0, Workers: 4
[2362.062s][debug][gc,phases      ] GC(269)     Total                          Min: 0, Avg: 11236.5, Max: 15442, Diff: 15442, Sum: 44946, Workers: 4
[2362.062s][debug][gc,phases      ] GC(269)   ResolvedMethodTable Weak       Min:  0.0, Avg:  0.0, Max:  0.0, Diff:  0.0, Sum:  0.1, Workers: 4
[2362.062s][debug][gc,phases      ] GC(269)     Dead                           Min: 0, Avg:  0.0, Max: 0, Diff: 0, Sum: 0, Workers: 4
[2362.062s][debug][gc,phases      ] GC(269)     Total                          Min: 0, Avg: 2640.8, Max: 3907, Diff: 3907, Sum: 10563, Workers: 4
[2362.062s][debug][gc,phases      ] GC(269)   JNI Weak                       Min:  0.0, Avg:  0.0, Max:  0.0, Diff:  0.0, Sum:  0.0, Workers: 4
[2362.062s][debug][gc,phases      ] GC(269)     Dead                           Min: 0, Avg:  0.0, Max: 0, Diff: 0, Sum: 0, Workers: 4
[2362.062s][debug][gc,phases      ] GC(269)     Total                          Min: 0, Avg: 11.2, Max: 45, Diff: 45, Sum: 45, Workers: 4
[2362.062s][debug][gc,phases      ] GC(269)   StringDedup Table Weak         Min:  0.0, Avg:  0.0, Max:  0.0, Diff:  0.0, Sum:  0.0, Workers: 4
[2362.062s][debug][gc,phases      ] GC(269)     Dead                           Min: 0, Avg:  0.0, Max: 0, Diff: 0, Sum: 0, Workers: 4
[2362.062s][debug][gc,phases      ] GC(269)     Total                          Min: 0, Avg:  0.0, Max: 0, Diff: 0, Sum: 0, Workers: 4
[2362.062s][debug][gc,phases      ] GC(269)   StringDedup Requests0 Weak     Min:  0.0, Avg:  0.0, Max:  0.0, Diff:  0.0, Sum:  0.0, Workers: 4
[2362.062s][debug][gc,phases      ] GC(269)     Dead                           Min: 0, Avg:  0.0, Max: 0, Diff: 0, Sum: 0, Workers: 4
[2362.062s][debug][gc,phases      ] GC(269)     Total                          Min: 0, Avg:  0.0, Max: 0, Diff: 0, Sum: 0, Workers: 4
[2362.062s][debug][gc,phases      ] GC(269)   StringDedup Requests1 Weak     Min:  0.0, Avg:  0.0, Max:  0.0, Diff:  0.0, Sum:  0.0, Workers: 4
[2362.062s][debug][gc,phases      ] GC(269)     Dead                           Min: 0, Avg:  0.0, Max: 0, Diff: 0, Sum: 0, Workers: 4
[2362.062s][debug][gc,phases      ] GC(269)     Total                          Min: 0, Avg:  0.0, Max: 0, Diff: 0, Sum: 0, Workers: 4
[2362.062s][debug][gc,phases      ] GC(269)   Weak JFR Old Object Samples    Min:  0.0, Avg:  0.0, Max:  0.0, Diff:  0.0, Sum:  0.0, Workers: 4
[2362.062s][debug][gc,phases      ] GC(269)     Dead                           Min: 0, Avg:  0.0, Max: 0, Diff: 0, Sum: 0, Workers: 4
[2362.062s][debug][gc,phases      ] GC(269)     Total                          Min: 0, Avg:  0.0, Max: 0, Diff: 0, Sum: 0, Workers: 4
[2362.062s][debug][gc,phases      ] GC(269) Weak Processing 0.340ms
[2362.062s][debug][gc,age         ] GC(269) Desired survivor size 5242880 bytes, new threshold 15 (max threshold 15)
[2362.062s][info ][gc,heap        ] GC(269) PSYoungGen: 2088208K(2092032K)->2112K(2091520K) Eden: 2086400K(2086400K)->0K(2086400K) From: 1808K(5632K)->2112K(5120K)
[2362.062s][info ][gc,heap        ] GC(269) ParOldGen: 403641K(430080K)->403673K(430080K)
[2362.062s][info ][gc,metaspace   ] GC(269) Metaspace: 86004K(87040K)->86004K(87040K) NonClass: 73610K(74176K)->73610K(74176K) Class: 12394K(12864K)->12394K(12864K)
[2362.062s][info ][gc             ] GC(269) Pause Young (Allocation Failure) 2433M->396M(2462M) 9.876ms
[2362.062s][info ][gc,cpu         ] GC(269) User=0.02s Sys=0.00s Real=0.02s
[2362.062s][info ][safepoint      ] Safepoint "ParallelGCFailedAllocation", Time since last: 6106897626 ns, Reaching safepoint: 5500 ns, Cleanup: 34800 ns, At safepoint: 9975910 ns, Total: 10016210 ns
[2363.062s][info ][safepoint      ] Safepoint "Cleanup", Time since last: 1000081385 ns, Reaching safepoint: 4400 ns, Cleanup: 34100 ns, At safepoint: 4600 ns, Total: 43100 ns
[2371.063s][info ][safepoint      ] Safepoint "Cleanup", Time since last: 8000485249 ns, Reaching safepoint: 4700 ns, Cleanup: 41800 ns, At safepoint: 7400 ns, Total: 53900 ns
[2374.291s][info ][gc,start       ] GC(270) Pause Young (Allocation Failure)
[2374.294s][debug][gc,phases      ] GC(270) Scavenge 3.179ms
[2374.294s][debug][gc,ref         ] GC(270) Skipped phase 1 of Reference Processing: no references
[2374.295s][debug][gc,ref         ] GC(270) ReferenceProcessor::execute queues: 1, RefProcThreadModel::Single, marks_oops_alive: false
[2374.295s][debug][gc,ref         ] GC(270) ReferenceProcessor::execute queues: 4, RefProcThreadModel::Multi, marks_oops_alive: true
[2374.295s][debug][gc,ref         ] GC(270) ReferenceProcessor::execute queues: 1, RefProcThreadModel::Single, marks_oops_alive: false
[2374.295s][debug][gc,phases      ] GC(270) Reference Processing 0.172ms
[2374.295s][debug][gc,phases      ] GC(270)   VM Weak                        Min:  0.0, Avg:  0.0, Max:  0.0, Diff:  0.0, Sum:  0.0, Workers: 4
[2374.295s][debug][gc,phases      ] GC(270)     Dead                           Min: 0, Avg:  0.0, Max: 0, Diff: 0, Sum: 0, Workers: 4
[2374.295s][debug][gc,phases      ] GC(270)     Total                          Min: 64, Avg: 217.0, Max: 384, Diff: 320, Sum: 868, Workers: 4
[2374.295s][debug][gc,phases      ] GC(270)   ObjectSynchronizer Weak        Min:  0.0, Avg:  0.0, Max:  0.0, Diff:  0.0, Sum:  0.0, Workers: 4
[2374.295s][debug][gc,phases      ] GC(270)     Dead                           Min: 0, Avg:  0.0, Max: 0, Diff: 0, Sum: 0, Workers: 4
[2374.295s][debug][gc,phases      ] GC(270)     Total                          Min: 0, Avg:  1.0, Max: 4, Diff: 4, Sum: 4, Workers: 4
[2374.295s][debug][gc,phases      ] GC(270)   JVMTI Tag Weak OopStorage      Min:  0.0, Avg:  0.0, Max:  0.0, Diff:  0.0, Sum:  0.0, Workers: 4
[2374.295s][debug][gc,phases      ] GC(270)     Dead                           Min: 0, Avg:  0.0, Max: 0, Diff: 0, Sum: 0, Workers: 4
[2374.295s][debug][gc,phases      ] GC(270)     Total                          Min: 0, Avg:  0.0, Max: 0, Diff: 0, Sum: 0, Workers: 4
[2374.295s][debug][gc,phases      ] GC(270)   StringTable Weak               Min:  0.1, Avg:  0.1, Max:  0.1, Diff:  0.0, Sum:  0.4, Workers: 4
[2374.295s][debug][gc,phases      ] GC(270)     Dead                           Min: 0, Avg:  0.0, Max: 0, Diff: 0, Sum: 0, Workers: 4
[2374.295s][debug][gc,phases      ] GC(270)     Total                          Min: 11008, Avg: 11236.5, Max: 11776, Diff: 768, Sum: 44946, Workers: 4
[2374.295s][debug][gc,phases      ] GC(270)   ResolvedMethodTable Weak       Min:  0.0, Avg:  0.0, Max:  0.0, Diff:  0.0, Sum:  0.1, Workers: 4
[2374.295s][debug][gc,phases      ] GC(270)     Dead                           Min: 0, Avg:  0.0, Max: 0, Diff: 0, Sum: 0, Workers: 4
[2374.295s][debug][gc,phases      ] GC(270)     Total                          Min: 2371, Avg: 2640.8, Max: 3008, Diff: 637, Sum: 10563, Workers: 4
[2374.295s][debug][gc,phases      ] GC(270)   JNI Weak                       Min:  0.0, Avg:  0.0, Max:  0.0, Diff:  0.0, Sum:  0.0, Workers: 4
[2374.295s][debug][gc,phases      ] GC(270)     Dead                           Min: 0, Avg:  0.0, Max: 0, Diff: 0, Sum: 0, Workers: 4
[2374.295s][debug][gc,phases      ] GC(270)     Total                          Min: 0, Avg: 11.2, Max: 45, Diff: 45, Sum: 45, Workers: 4
[2374.295s][debug][gc,phases      ] GC(270)   StringDedup Table Weak         Min:  0.0, Avg:  0.0, Max:  0.0, Diff:  0.0, Sum:  0.0, Workers: 4
[2374.295s][debug][gc,phases      ] GC(270)     Dead                           Min: 0, Avg:  0.0, Max: 0, Diff: 0, Sum: 0, Workers: 4
[2374.295s][debug][gc,phases      ] GC(270)     Total                          Min: 0, Avg:  0.0, Max: 0, Diff: 0, Sum: 0, Workers: 4
[2374.295s][debug][gc,phases      ] GC(270)   StringDedup Requests0 Weak     Min:  0.0, Avg:  0.0, Max:  0.0, Diff:  0.0, Sum:  0.0, Workers: 4
[2374.295s][debug][gc,phases      ] GC(270)     Dead                           Min: 0, Avg:  0.0, Max: 0, Diff: 0, Sum: 0, Workers: 4
[2374.295s][debug][gc,phases      ] GC(270)     Total                          Min: 0, Avg:  0.0, Max: 0, Diff: 0, Sum: 0, Workers: 4
[2374.295s][debug][gc,phases      ] GC(270)   StringDedup Requests1 Weak     Min:  0.0, Avg:  0.0, Max:  0.0, Diff:  0.0, Sum:  0.0, Workers: 4
[2374.295s][debug][gc,phases      ] GC(270)     Dead                           Min: 0, Avg:  0.0, Max: 0, Diff: 0, Sum: 0, Workers: 4
[2374.295s][debug][gc,phases      ] GC(270)     Total                          Min: 0, Avg:  0.0, Max: 0, Diff: 0, Sum: 0, Workers: 4
[2374.295s][debug][gc,phases      ] GC(270)   Weak JFR Old Object Samples    Min:  0.0, Avg:  0.0, Max:  0.0, Diff:  0.0, Sum:  0.0, Workers: 4
[2374.295s][debug][gc,phases      ] GC(270)     Dead                           Min: 0, Avg:  0.0, Max: 0, Diff: 0, Sum: 0, Workers: 4
[2374.295s][debug][gc,phases      ] GC(270)     Total                          Min: 0, Avg:  0.0, Max: 0, Diff: 0, Sum: 0, Workers: 4
[2374.295s][debug][gc,phases      ] GC(270) Weak Processing 0.333ms
[2374.295s][debug][gc,age         ] GC(270) Desired survivor size 5242880 bytes, new threshold 15 (max threshold 15)
[2374.295s][info ][gc,heap        ] GC(270) PSYoungGen: 2088512K(2091520K)->2192K(2092032K) Eden: 2086400K(2086400K)->0K(2086912K) From: 2112K(5120K)->2192K(5120K)
[2374.295s][info ][gc,heap        ] GC(270) ParOldGen: 403673K(430080K)->403705K(430080K)
[2374.295s][info ][gc,metaspace   ] GC(270) Metaspace: 86011K(87040K)->86011K(87040K) NonClass: 73617K(74176K)->73617K(74176K) Class: 12394K(12864K)->12394K(12864K)
[2374.295s][info ][gc             ] GC(270) Pause Young (Allocation Failure) 2433M->396M(2463M) 3.789ms
[2374.295s][info ][gc,cpu         ] GC(270) User=0.01s Sys=0.00s Real=0.01s
[2374.295s][info ][safepoint      ] Safepoint "ParallelGCFailedAllocation", Time since last: 3228326274 ns, Reaching safepoint: 71400 ns, Cleanup: 26400 ns, At safepoint: 3854204 ns, Total: 3952004 ns
[2386.839s][info ][gc,start       ] GC(271) Pause Young (Allocation Failure)
[2386.844s][debug][gc,phases      ] GC(271) Scavenge 4.814ms
[2386.844s][debug][gc,ref         ] GC(271) Skipped phase 1 of Reference Processing: no references
[2386.844s][debug][gc,ref         ] GC(271) ReferenceProcessor::execute queues: 1, RefProcThreadModel::Single, marks_oops_alive: false
[2386.844s][debug][gc,ref         ] GC(271) Skipped phase 3 of Reference Processing: no references
[2386.844s][debug][gc,ref         ] GC(271) ReferenceProcessor::execute queues: 1, RefProcThreadModel::Single, marks_oops_alive: false
[2386.844s][debug][gc,phases      ] GC(271) Reference Processing 0.107ms
[2386.845s][debug][gc,phases      ] GC(271)   VM Weak                        Min:  0.0, Avg:  0.0, Max:  0.0, Diff:  0.0, Sum:  0.0, Workers: 4
[2386.845s][debug][gc,phases      ] GC(271)     Dead                           Min: 0, Avg:  0.0, Max: 0, Diff: 0, Sum: 0, Workers: 4
[2386.845s][debug][gc,phases      ] GC(271)     Total                          Min: 0, Avg: 217.0, Max: 612, Diff: 612, Sum: 868, Workers: 4
[2386.845s][debug][gc,phases      ] GC(271)   ObjectSynchronizer Weak        Min:  0.0, Avg:  0.0, Max:  0.0, Diff:  0.0, Sum:  0.0, Workers: 4
[2386.845s][debug][gc,phases      ] GC(271)     Dead                           Min: 0, Avg:  0.0, Max: 0, Diff: 0, Sum: 0, Workers: 4
[2386.845s][debug][gc,phases      ] GC(271)     Total                          Min: 0, Avg:  1.0, Max: 4, Diff: 4, Sum: 4, Workers: 4
[2386.845s][debug][gc,phases      ] GC(271)   JVMTI Tag Weak OopStorage      Min:  0.0, Avg:  0.0, Max:  0.0, Diff:  0.0, Sum:  0.0, Workers: 4
[2386.845s][debug][gc,phases      ] GC(271)     Dead                           Min: 0, Avg:  0.0, Max: 0, Diff: 0, Sum: 0, Workers: 4
[2386.845s][debug][gc,phases      ] GC(271)     Total                          Min: 0, Avg:  0.0, Max: 0, Diff: 0, Sum: 0, Workers: 4
[2386.845s][debug][gc,phases      ] GC(271)   StringTable Weak               Min:  0.0, Avg:  0.1, Max:  0.1, Diff:  0.1, Sum:  0.4, Workers: 4
[2386.845s][debug][gc,phases      ] GC(271)     Dead                           Min: 0, Avg:  0.0, Max: 0, Diff: 0, Sum: 0, Workers: 4
[2386.845s][debug][gc,phases      ] GC(271)     Total                          Min: 0, Avg: 11236.5, Max: 18578, Diff: 18578, Sum: 44946, Workers: 4
[2386.845s][debug][gc,phases      ] GC(271)   ResolvedMethodTable Weak       Min:  0.0, Avg:  0.0, Max:  0.0, Diff:  0.0, Sum:  0.1, Workers: 4
[2386.845s][debug][gc,phases      ] GC(271)     Dead                           Min: 0, Avg:  0.0, Max: 0, Diff: 0, Sum: 0, Workers: 4
[2386.845s][debug][gc,phases      ] GC(271)     Total                          Min: 0, Avg: 2640.8, Max: 4291, Diff: 4291, Sum: 10563, Workers: 4
[2386.845s][debug][gc,phases      ] GC(271)   JNI Weak                       Min:  0.0, Avg:  0.0, Max:  0.0, Diff:  0.0, Sum:  0.0, Workers: 4
[2386.845s][debug][gc,phases      ] GC(271)     Dead                           Min: 0, Avg:  0.0, Max: 0, Diff: 0, Sum: 0, Workers: 4
[2386.845s][debug][gc,phases      ] GC(271)     Total                          Min: 0, Avg: 11.2, Max: 45, Diff: 45, Sum: 45, Workers: 4
[2386.845s][debug][gc,phases      ] GC(271)   StringDedup Table Weak         Min:  0.0, Avg:  0.0, Max:  0.0, Diff:  0.0, Sum:  0.0, Workers: 4
[2386.845s][debug][gc,phases      ] GC(271)     Dead                           Min: 0, Avg:  0.0, Max: 0, Diff: 0, Sum: 0, Workers: 4
[2386.845s][debug][gc,phases      ] GC(271)     Total                          Min: 0, Avg:  0.0, Max: 0, Diff: 0, Sum: 0, Workers: 4
[2386.845s][debug][gc,phases      ] GC(271)   StringDedup Requests0 Weak     Min:  0.0, Avg:  0.0, Max:  0.0, Diff:  0.0, Sum:  0.0, Workers: 4
[2386.845s][debug][gc,phases      ] GC(271)     Dead                           Min: 0, Avg:  0.0, Max: 0, Diff: 0, Sum: 0, Workers: 4
[2386.845s][debug][gc,phases      ] GC(271)     Total                          Min: 0, Avg:  0.0, Max: 0, Diff: 0, Sum: 0, Workers: 4
[2386.845s][debug][gc,phases      ] GC(271)   StringDedup Requests1 Weak     Min:  0.0, Avg:  0.0, Max:  0.0, Diff:  0.0, Sum:  0.0, Workers: 4
[2386.845s][debug][gc,phases      ] GC(271)     Dead                           Min: 0, Avg:  0.0, Max: 0, Diff: 0, Sum: 0, Workers: 4
[2386.845s][debug][gc,phases      ] GC(271)     Total                          Min: 0, Avg:  0.0, Max: 0, Diff: 0, Sum: 0, Workers: 4
[2386.845s][debug][gc,phases      ] GC(271)   Weak JFR Old Object Samples    Min:  0.0, Avg:  0.0, Max:  0.0, Diff:  0.0, Sum:  0.0, Workers: 4
[2386.845s][debug][gc,phases      ] GC(271)     Dead                           Min: 0, Avg:  0.0, Max: 0, Diff: 0, Sum: 0, Workers: 4
[2386.845s][debug][gc,phases      ] GC(271)     Total                          Min: 0, Avg:  0.0, Max: 0, Diff: 0, Sum: 0, Workers: 4
[2386.845s][debug][gc,phases      ] GC(271) Weak Processing 0.336ms
[2386.845s][debug][gc,age         ] GC(271) Desired survivor size 5242880 bytes, new threshold 15 (max threshold 15)
[2386.845s][info ][gc,heap        ] GC(271) PSYoungGen: 2089104K(2092032K)->2112K(2092032K) Eden: 2086912K(2086912K)->0K(2086912K) From: 2192K(5120K)->2112K(5120K)
[2386.845s][info ][gc,heap        ] GC(271) ParOldGen: 403705K(430080K)->403721K(430080K)
[2386.845s][info ][gc,metaspace   ] GC(271) Metaspace: 86012K(87040K)->86012K(87040K) NonClass: 73618K(74176K)->73618K(74176K) Class: 12394K(12864K)->12394K(12864K)
[2386.845s][info ][gc             ] GC(271) Pause Young (Allocation Failure) 2434M->396M(2463M) 5.359ms
[2386.845s][info ][gc,cpu         ] GC(271) User=0.02s Sys=0.00s Real=0.01s
[2386.845s][info ][safepoint      ] Safepoint "ParallelGCFailedAllocation", Time since last: 12544202563 ns, Reaching safepoint: 4000 ns, Cleanup: 20400 ns, At safepoint: 5425506 ns, Total: 5449906 ns
[2389.845s][info ][safepoint      ] Safepoint "Cleanup", Time since last: 3000198513 ns, Reaching safepoint: 3400 ns, Cleanup: 37201 ns, At safepoint: 21300 ns, Total: 61901 ns
[2395.845s][info ][safepoint      ] Safepoint "Cleanup", Time since last: 6000418452 ns, Reaching safepoint: 6700 ns, Cleanup: 32900 ns, At safepoint: 4300 ns, Total: 43900 ns
[2398.991s][info ][gc,start       ] GC(272) Pause Young (Allocation Failure)
[2398.996s][debug][gc,phases      ] GC(272) Scavenge 4.548ms
[2398.996s][debug][gc,ref         ] GC(272) Skipped phase 1 of Reference Processing: no references
[2398.996s][debug][gc,ref         ] GC(272) ReferenceProcessor::execute queues: 1, RefProcThreadModel::Single, marks_oops_alive: false
[2398.996s][debug][gc,ref         ] GC(272) Skipped phase 3 of Reference Processing: no references
[2398.996s][debug][gc,ref         ] GC(272) ReferenceProcessor::execute queues: 1, RefProcThreadModel::Single, marks_oops_alive: false
[2398.996s][debug][gc,phases      ] GC(272) Reference Processing 0.120ms
[2398.996s][debug][gc,phases      ] GC(272)   VM Weak                        Min:  0.0, Avg:  0.0, Max:  0.0, Diff:  0.0, Sum:  0.0, Workers: 4
[2398.996s][debug][gc,phases      ] GC(272)     Dead                           Min: 0, Avg:  0.0, Max: 0, Diff: 0, Sum: 0, Workers: 4
[2398.996s][debug][gc,phases      ] GC(272)     Total                          Min: 0, Avg: 217.0, Max: 832, Diff: 832, Sum: 868, Workers: 4
[2398.996s][debug][gc,phases      ] GC(272)   ObjectSynchronizer Weak        Min:  0.0, Avg:  0.0, Max:  0.0, Diff:  0.0, Sum:  0.0, Workers: 4
[2398.996s][debug][gc,phases      ] GC(272)     Dead                           Min: 0, Avg:  0.0, Max: 0, Diff: 0, Sum: 0, Workers: 4
[2398.996s][debug][gc,phases      ] GC(272)     Total                          Min: 0, Avg:  1.0, Max: 4, Diff: 4, Sum: 4, Workers: 4
[2398.996s][debug][gc,phases      ] GC(272)   JVMTI Tag Weak OopStorage      Min:  0.0, Avg:  0.0, Max:  0.0, Diff:  0.0, Sum:  0.0, Workers: 4
[2398.996s][debug][gc,phases      ] GC(272)     Dead                           Min: 0, Avg:  0.0, Max: 0, Diff: 0, Sum: 0, Workers: 4
[2398.996s][debug][gc,phases      ] GC(272)     Total                          Min: 0, Avg:  0.0, Max: 0, Diff: 0, Sum: 0, Workers: 4
[2398.996s][debug][gc,phases      ] GC(272)   StringTable Weak               Min:  0.0, Avg:  0.1, Max:  0.1, Diff:  0.1, Sum:  0.4, Workers: 4
[2398.996s][debug][gc,phases      ] GC(272)     Dead                           Min: 0, Avg:  0.0, Max: 0, Diff: 0, Sum: 0, Workers: 4
[2398.996s][debug][gc,phases      ] GC(272)     Total                          Min: 0, Avg: 11236.5, Max: 18322, Diff: 18322, Sum: 44946, Workers: 4
[2398.996s][debug][gc,phases      ] GC(272)   ResolvedMethodTable Weak       Min:  0.0, Avg:  0.0, Max:  0.0, Diff:  0.0, Sum:  0.1, Workers: 4
[2398.996s][debug][gc,phases      ] GC(272)     Dead                           Min: 0, Avg:  0.0, Max: 0, Diff: 0, Sum: 0, Workers: 4
[2398.996s][debug][gc,phases      ] GC(272)     Total                          Min: 0, Avg: 2640.8, Max: 4739, Diff: 4739, Sum: 10563, Workers: 4
[2398.996s][debug][gc,phases      ] GC(272)   JNI Weak                       Min:  0.0, Avg:  0.0, Max:  0.0, Diff:  0.0, Sum:  0.0, Workers: 4
[2398.996s][debug][gc,phases      ] GC(272)     Dead                           Min: 0, Avg:  0.0, Max: 0, Diff: 0, Sum: 0, Workers: 4
[2398.996s][debug][gc,phases      ] GC(272)     Total                          Min: 0, Avg: 11.2, Max: 45, Diff: 45, Sum: 45, Workers: 4
[2398.996s][debug][gc,phases      ] GC(272)   StringDedup Table Weak         Min:  0.0, Avg:  0.0, Max:  0.0, Diff:  0.0, Sum:  0.0, Workers: 4
[2398.996s][debug][gc,phases      ] GC(272)     Dead                           Min: 0, Avg:  0.0, Max: 0, Diff: 0, Sum: 0, Workers: 4
[2398.996s][debug][gc,phases      ] GC(272)     Total                          Min: 0, Avg:  0.0, Max: 0, Diff: 0, Sum: 0, Workers: 4
[2398.996s][debug][gc,phases      ] GC(272)   StringDedup Requests0 Weak     Min:  0.0, Avg:  0.0, Max:  0.0, Diff:  0.0, Sum:  0.0, Workers: 4
[2398.996s][debug][gc,phases      ] GC(272)     Dead                           Min: 0, Avg:  0.0, Max: 0, Diff: 0, Sum: 0, Workers: 4
[2398.996s][debug][gc,phases      ] GC(272)     Total                          Min: 0, Avg:  0.0, Max: 0, Diff: 0, Sum: 0, Workers: 4
[2398.996s][debug][gc,phases      ] GC(272)   StringDedup Requests1 Weak     Min:  0.0, Avg:  0.0, Max:  0.0, Diff:  0.0, Sum:  0.0, Workers: 4
[2398.996s][debug][gc,phases      ] GC(272)     Dead                           Min: 0, Avg:  0.0, Max: 0, Diff: 0, Sum: 0, Workers: 4
[2398.996s][debug][gc,phases      ] GC(272)     Total                          Min: 0, Avg:  0.0, Max: 0, Diff: 0, Sum: 0, Workers: 4
[2398.996s][debug][gc,phases      ] GC(272)   Weak JFR Old Object Samples    Min:  0.0, Avg:  0.0, Max:  0.0, Diff:  0.0, Sum:  0.0, Workers: 4
[2398.996s][debug][gc,phases      ] GC(272)     Dead                           Min: 0, Avg:  0.0, Max: 0, Diff: 0, Sum: 0, Workers: 4
[2398.996s][debug][gc,phases      ] GC(272)     Total                          Min: 0, Avg:  0.0, Max: 0, Diff: 0, Sum: 0, Workers: 4
[2398.996s][debug][gc,phases      ] GC(272) Weak Processing 0.393ms
[2398.996s][debug][gc,age         ] GC(272) Desired survivor size 4718592 bytes, new threshold 15 (max threshold 15)
[2398.996s][info ][gc,heap        ] GC(272) PSYoungGen: 2089024K(2092032K)->2192K(2092544K) Eden: 2086912K(2086912K)->0K(2087424K) From: 2112K(5120K)->2192K(5120K)
[2398.996s][info ][gc,heap        ] GC(272) ParOldGen: 403721K(430080K)->403729K(430080K)
[2398.996s][info ][gc,metaspace   ] GC(272) Metaspace: 86012K(87040K)->86012K(87040K) NonClass: 73618K(74176K)->73618K(74176K) Class: 12394K(12864K)->12394K(12864K)
[2398.996s][info ][gc             ] GC(272) Pause Young (Allocation Failure) 2434M->396M(2463M) 5.179ms
[2398.996s][info ][gc,cpu         ] GC(272) User=0.01s Sys=0.00s Real=0.01s
[2398.996s][info ][safepoint      ] Safepoint "ParallelGCFailedAllocation", Time since last: 3145663425 ns, Reaching safepoint: 5800 ns, Cleanup: 18100 ns, At safepoint: 5255105 ns, Total: 5279005 ns
[2402.641s][info ][safepoint      ] Safepoint "Cleanup", Time since last: 3644092621 ns, Reaching safepoint: 5600 ns, Cleanup: 38900 ns, At safepoint: 4800 ns, Total: 49300 ns
[2412.841s][info ][gc,start       ] GC(273) Pause Young (Allocation Failure)
[2412.846s][debug][gc,phases      ] GC(273) Scavenge 5.050ms
[2412.846s][debug][gc,ref         ] GC(273) Skipped phase 1 of Reference Processing: no references
[2412.846s][debug][gc,ref         ] GC(273) ReferenceProcessor::execute queues: 1, RefProcThreadModel::Single, marks_oops_alive: false
[2412.846s][debug][gc,ref         ] GC(273) Skipped phase 3 of Reference Processing: no references
[2412.846s][debug][gc,ref         ] GC(273) ReferenceProcessor::execute queues: 1, RefProcThreadModel::Single, marks_oops_alive: false
[2412.846s][debug][gc,phases      ] GC(273) Reference Processing 0.089ms
[2412.847s][debug][gc,phases      ] GC(273)   VM Weak                        Min:  0.0, Avg:  0.0, Max:  0.0, Diff:  0.0, Sum:  0.0, Workers: 4
[2412.847s][debug][gc,phases      ] GC(273)     Dead                           Min: 0, Avg:  0.0, Max: 0, Diff: 0, Sum: 0, Workers: 4
[2412.847s][debug][gc,phases      ] GC(273)     Total                          Min: 0, Avg: 217.0, Max: 676, Diff: 676, Sum: 868, Workers: 4
[2412.847s][debug][gc,phases      ] GC(273)   ObjectSynchronizer Weak        Min:  0.0, Avg:  0.0, Max:  0.0, Diff:  0.0, Sum:  0.0, Workers: 4
[2412.847s][debug][gc,phases      ] GC(273)     Dead                           Min: 0, Avg:  0.0, Max: 0, Diff: 0, Sum: 0, Workers: 4
[2412.847s][debug][gc,phases      ] GC(273)     Total                          Min: 0, Avg:  1.0, Max: 4, Diff: 4, Sum: 4, Workers: 4
[2412.847s][debug][gc,phases      ] GC(273)   JVMTI Tag Weak OopStorage      Min:  0.0, Avg:  0.0, Max:  0.0, Diff:  0.0, Sum:  0.0, Workers: 4
[2412.847s][debug][gc,phases      ] GC(273)     Dead                           Min: 0, Avg:  0.0, Max: 0, Diff: 0, Sum: 0, Workers: 4
[2412.847s][debug][gc,phases      ] GC(273)     Total                          Min: 0, Avg:  0.0, Max: 0, Diff: 0, Sum: 0, Workers: 4
[2412.847s][debug][gc,phases      ] GC(273)   StringTable Weak               Min:  0.0, Avg:  0.1, Max:  0.2, Diff:  0.2, Sum:  0.3, Workers: 4
[2412.847s][debug][gc,phases      ] GC(273)     Dead                           Min: 0, Avg:  0.0, Max: 0, Diff: 0, Sum: 0, Workers: 4
[2412.847s][debug][gc,phases      ] GC(273)     Total                          Min: 0, Avg: 11236.5, Max: 27200, Diff: 27200, Sum: 44946, Workers: 4
[2412.847s][debug][gc,phases      ] GC(273)   ResolvedMethodTable Weak       Min:  0.0, Avg:  0.0, Max:  0.0, Diff:  0.0, Sum:  0.1, Workers: 4
[2412.847s][debug][gc,phases      ] GC(273)     Dead                           Min: 0, Avg:  0.0, Max: 0, Diff: 0, Sum: 0, Workers: 4
[2412.847s][debug][gc,phases      ] GC(273)     Total                          Min: 0, Avg: 2640.8, Max: 6275, Diff: 6275, Sum: 10563, Workers: 4
[2412.847s][debug][gc,phases      ] GC(273)   JNI Weak                       Min:  0.0, Avg:  0.0, Max:  0.0, Diff:  0.0, Sum:  0.0, Workers: 4
[2412.847s][debug][gc,phases      ] GC(273)     Dead                           Min: 0, Avg:  0.0, Max: 0, Diff: 0, Sum: 0, Workers: 4
[2412.847s][debug][gc,phases      ] GC(273)     Total                          Min: 0, Avg: 11.2, Max: 45, Diff: 45, Sum: 45, Workers: 4
[2412.847s][debug][gc,phases      ] GC(273)   StringDedup Table Weak         Min:  0.0, Avg:  0.0, Max:  0.0, Diff:  0.0, Sum:  0.0, Workers: 4
[2412.847s][debug][gc,phases      ] GC(273)     Dead                           Min: 0, Avg:  0.0, Max: 0, Diff: 0, Sum: 0, Workers: 4
[2412.847s][debug][gc,phases      ] GC(273)     Total                          Min: 0, Avg:  0.0, Max: 0, Diff: 0, Sum: 0, Workers: 4
[2412.847s][debug][gc,phases      ] GC(273)   StringDedup Requests0 Weak     Min:  0.0, Avg:  0.0, Max:  0.0, Diff:  0.0, Sum:  0.0, Workers: 4
[2412.847s][debug][gc,phases      ] GC(273)     Dead                           Min: 0, Avg:  0.0, Max: 0, Diff: 0, Sum: 0, Workers: 4
[2412.847s][debug][gc,phases      ] GC(273)     Total                          Min: 0, Avg:  0.0, Max: 0, Diff: 0, Sum: 0, Workers: 4
[2412.847s][debug][gc,phases      ] GC(273)   StringDedup Requests1 Weak     Min:  0.0, Avg:  0.0, Max:  0.0, Diff:  0.0, Sum:  0.0, Workers: 4
[2412.847s][debug][gc,phases      ] GC(273)     Dead                           Min: 0, Avg:  0.0, Max: 0, Diff: 0, Sum: 0, Workers: 4
[2412.847s][debug][gc,phases      ] GC(273)     Total                          Min: 0, Avg:  0.0, Max: 0, Diff: 0, Sum: 0, Workers: 4
[2412.847s][debug][gc,phases      ] GC(273)   Weak JFR Old Object Samples    Min:  0.0, Avg:  0.0, Max:  0.0, Diff:  0.0, Sum:  0.0, Workers: 4
[2412.847s][debug][gc,phases      ] GC(273)     Dead                           Min: 0, Avg:  0.0, Max: 0, Diff: 0, Sum: 0, Workers: 4
[2412.847s][debug][gc,phases      ] GC(273)     Total                          Min: 0, Avg:  0.0, Max: 0, Diff: 0, Sum: 0, Workers: 4
[2412.847s][debug][gc,phases      ] GC(273) Weak Processing 0.368ms
[2412.847s][debug][gc,age         ] GC(273) Desired survivor size 4718592 bytes, new threshold 15 (max threshold 15)
[2412.847s][info ][gc,heap        ] GC(273) PSYoungGen: 2089616K(2092544K)->2160K(2092032K) Eden: 2087424K(2087424K)->0K(2087424K) From: 2192K(5120K)->2160K(4608K)
[2412.847s][info ][gc,heap        ] GC(273) ParOldGen: 403729K(430080K)->403761K(430080K)
[2412.847s][info ][gc,metaspace   ] GC(273) Metaspace: 86013K(87040K)->86013K(87040K) NonClass: 73619K(74176K)->73619K(74176K) Class: 12394K(12864K)->12394K(12864K)
[2412.847s][info ][gc             ] GC(273) Pause Young (Allocation Failure) 2434M->396M(2463M) 5.615ms
[2412.847s][info ][gc,cpu         ] GC(273) User=0.01s Sys=0.00s Real=0.00s
[2412.847s][info ][safepoint      ] Safepoint "ParallelGCFailedAllocation", Time since last: 10200452546 ns, Reaching safepoint: 77700 ns, Cleanup: 44900 ns, At safepoint: 5683206 ns, Total: 5805806 ns
[2424.742s][info ][gc,start       ] GC(274) Pause Young (Allocation Failure)
[2424.748s][debug][gc,phases      ] GC(274) Scavenge 5.500ms
[2424.748s][debug][gc,ref         ] GC(274) Skipped phase 1 of Reference Processing: no references
[2424.748s][debug][gc,ref         ] GC(274) ReferenceProcessor::execute queues: 1, RefProcThreadModel::Single, marks_oops_alive: false
[2424.748s][debug][gc,ref         ] GC(274) Skipped phase 3 of Reference Processing: no references
[2424.748s][debug][gc,ref         ] GC(274) ReferenceProcessor::execute queues: 1, RefProcThreadModel::Single, marks_oops_alive: false
[2424.748s][debug][gc,phases      ] GC(274) Reference Processing 0.081ms
[2424.748s][debug][gc,phases      ] GC(274)   VM Weak                        Min:  0.0, Avg:  0.0, Max:  0.0, Diff:  0.0, Sum:  0.0, Workers: 4
[2424.748s][debug][gc,phases      ] GC(274)     Dead                           Min: 0, Avg:  0.0, Max: 0, Diff: 0, Sum: 0, Workers: 4
[2424.748s][debug][gc,phases      ] GC(274)     Total                          Min: 0, Avg: 217.0, Max: 448, Diff: 448, Sum: 868, Workers: 4
[2424.748s][debug][gc,phases      ] GC(274)   ObjectSynchronizer Weak        Min:  0.0, Avg:  0.0, Max:  0.0, Diff:  0.0, Sum:  0.0, Workers: 4
[2424.748s][debug][gc,phases      ] GC(274)     Dead                           Min: 0, Avg:  0.0, Max: 0, Diff: 0, Sum: 0, Workers: 4
[2424.748s][debug][gc,phases      ] GC(274)     Total                          Min: 0, Avg:  1.0, Max: 4, Diff: 4, Sum: 4, Workers: 4
[2424.748s][debug][gc,phases      ] GC(274)   JVMTI Tag Weak OopStorage      Min:  0.0, Avg:  0.0, Max:  0.0, Diff:  0.0, Sum:  0.0, Workers: 4
[2424.748s][debug][gc,phases      ] GC(274)     Dead                           Min: 0, Avg:  0.0, Max: 0, Diff: 0, Sum: 0, Workers: 4
[2424.748s][debug][gc,phases      ] GC(274)     Total                          Min: 0, Avg:  0.0, Max: 0, Diff: 0, Sum: 0, Workers: 4
[2424.748s][debug][gc,phases      ] GC(274)   StringTable Weak               Min:  0.0, Avg:  0.1, Max:  0.1, Diff:  0.1, Sum:  0.4, Workers: 4
[2424.748s][debug][gc,phases      ] GC(274)     Dead                           Min: 0, Avg:  0.0, Max: 0, Diff: 0, Sum: 0, Workers: 4
[2424.748s][debug][gc,phases      ] GC(274)     Total                          Min: 0, Avg: 11236.5, Max: 15168, Diff: 15168, Sum: 44946, Workers: 4
[2424.748s][debug][gc,phases      ] GC(274)   ResolvedMethodTable Weak       Min:  0.0, Avg:  0.0, Max:  0.0, Diff:  0.0, Sum:  0.1, Workers: 4
[2424.748s][debug][gc,phases      ] GC(274)     Dead                           Min: 0, Avg:  0.0, Max: 0, Diff: 0, Sum: 0, Workers: 4
[2424.748s][debug][gc,phases      ] GC(274)     Total                          Min: 0, Avg: 2640.8, Max: 3904, Diff: 3904, Sum: 10563, Workers: 4
[2424.748s][debug][gc,phases      ] GC(274)   JNI Weak                       Min:  0.0, Avg:  0.0, Max:  0.0, Diff:  0.0, Sum:  0.0, Workers: 4
[2424.748s][debug][gc,phases      ] GC(274)     Dead                           Min: 0, Avg:  0.0, Max: 0, Diff: 0, Sum: 0, Workers: 4
[2424.748s][debug][gc,phases      ] GC(274)     Total                          Min: 0, Avg: 11.2, Max: 45, Diff: 45, Sum: 45, Workers: 4
[2424.748s][debug][gc,phases      ] GC(274)   StringDedup Table Weak         Min:  0.0, Avg:  0.0, Max:  0.0, Diff:  0.0, Sum:  0.0, Workers: 4
[2424.748s][debug][gc,phases      ] GC(274)     Dead                           Min: 0, Avg:  0.0, Max: 0, Diff: 0, Sum: 0, Workers: 4
[2424.748s][debug][gc,phases      ] GC(274)     Total                          Min: 0, Avg:  0.0, Max: 0, Diff: 0, Sum: 0, Workers: 4
[2424.748s][debug][gc,phases      ] GC(274)   StringDedup Requests0 Weak     Min:  0.0, Avg:  0.0, Max:  0.0, Diff:  0.0, Sum:  0.0, Workers: 4
[2424.748s][debug][gc,phases      ] GC(274)     Dead                           Min: 0, Avg:  0.0, Max: 0, Diff: 0, Sum: 0, Workers: 4
[2424.748s][debug][gc,phases      ] GC(274)     Total                          Min: 0, Avg:  0.0, Max: 0, Diff: 0, Sum: 0, Workers: 4
[2424.748s][debug][gc,phases      ] GC(274)   StringDedup Requests1 Weak     Min:  0.0, Avg:  0.0, Max:  0.0, Diff:  0.0, Sum:  0.0, Workers: 4
[2424.748s][debug][gc,phases      ] GC(274)     Dead                           Min: 0, Avg:  0.0, Max: 0, Diff: 0, Sum: 0, Workers: 4
[2424.748s][debug][gc,phases      ] GC(274)     Total                          Min: 0, Avg:  0.0, Max: 0, Diff: 0, Sum: 0, Workers: 4
[2424.748s][debug][gc,phases      ] GC(274)   Weak JFR Old Object Samples    Min:  0.0, Avg:  0.0, Max:  0.0, Diff:  0.0, Sum:  0.0, Workers: 4
[2424.748s][debug][gc,phases      ] GC(274)     Dead                           Min: 0, Avg:  0.0, Max: 0, Diff: 0, Sum: 0, Workers: 4
[2424.748s][debug][gc,phases      ] GC(274)     Total                          Min: 0, Avg:  0.0, Max: 0, Diff: 0, Sum: 0, Workers: 4
[2424.748s][debug][gc,phases      ] GC(274) Weak Processing 0.335ms
[2424.748s][debug][gc,age         ] GC(274) Desired survivor size 4718592 bytes, new threshold 15 (max threshold 15)
[2424.748s][info ][gc,heap        ] GC(274) PSYoungGen: 2089584K(2092032K)->2144K(2092544K) Eden: 2087424K(2087424K)->0K(2087936K) From: 2160K(4608K)->2144K(4608K)
[2424.748s][info ][gc,heap        ] GC(274) ParOldGen: 403761K(430080K)->403793K(430080K)
[2424.748s][info ][gc,metaspace   ] GC(274) Metaspace: 86013K(87040K)->86013K(87040K) NonClass: 73619K(74176K)->73619K(74176K) Class: 12394K(12864K)->12394K(12864K)
[2424.748s][info ][gc             ] GC(274) Pause Young (Allocation Failure) 2434M->396M(2463M) 6.016ms
[2424.748s][info ][gc,cpu         ] GC(274) User=0.01s Sys=0.00s Real=0.00s
[2424.748s][info ][safepoint      ] Safepoint "ParallelGCFailedAllocation", Time since last: 11895200210 ns, Reaching safepoint: 73501 ns, Cleanup: 33600 ns, At safepoint: 6082506 ns, Total: 6189607 ns
[2437.094s][info ][gc,start       ] GC(275) Pause Young (Allocation Failure)
[2437.099s][debug][gc,phases      ] GC(275) Scavenge 5.047ms
[2437.099s][debug][gc,ref         ] GC(275) Skipped phase 1 of Reference Processing: no references
[2437.099s][debug][gc,ref         ] GC(275) ReferenceProcessor::execute queues: 1, RefProcThreadModel::Single, marks_oops_alive: false
[2437.099s][debug][gc,ref         ] GC(275) Skipped phase 3 of Reference Processing: no references
[2437.099s][debug][gc,ref         ] GC(275) ReferenceProcessor::execute queues: 1, RefProcThreadModel::Single, marks_oops_alive: false
[2437.099s][debug][gc,phases      ] GC(275) Reference Processing 0.116ms
[2437.100s][debug][gc,phases      ] GC(275)   VM Weak                        Min:  0.0, Avg:  0.0, Max:  0.0, Diff:  0.0, Sum:  0.0, Workers: 4
[2437.100s][debug][gc,phases      ] GC(275)     Dead                           Min: 0, Avg:  0.0, Max: 0, Diff: 0, Sum: 0, Workers: 4
[2437.100s][debug][gc,phases      ] GC(275)     Total                          Min: 0, Avg: 217.0, Max: 612, Diff: 612, Sum: 868, Workers: 4
[2437.100s][debug][gc,phases      ] GC(275)   ObjectSynchronizer Weak        Min:  0.0, Avg:  0.0, Max:  0.0, Diff:  0.0, Sum:  0.0, Workers: 4
[2437.100s][debug][gc,phases      ] GC(275)     Dead                           Min: 0, Avg:  0.0, Max: 0, Diff: 0, Sum: 0, Workers: 4
[2437.100s][debug][gc,phases      ] GC(275)     Total                          Min: 0, Avg:  1.0, Max: 4, Diff: 4, Sum: 4, Workers: 4
[2437.100s][debug][gc,phases      ] GC(275)   JVMTI Tag Weak OopStorage      Min:  0.0, Avg:  0.0, Max:  0.0, Diff:  0.0, Sum:  0.0, Workers: 4
[2437.100s][debug][gc,phases      ] GC(275)     Dead                           Min: 0, Avg:  0.0, Max: 0, Diff: 0, Sum: 0, Workers: 4
[2437.100s][debug][gc,phases      ] GC(275)     Total                          Min: 0, Avg:  0.0, Max: 0, Diff: 0, Sum: 0, Workers: 4
[2437.100s][debug][gc,phases      ] GC(275)   StringTable Weak               Min:  0.0, Avg:  0.1, Max:  0.2, Diff:  0.2, Sum:  0.4, Workers: 4
[2437.100s][debug][gc,phases      ] GC(275)     Dead                           Min: 0, Avg:  0.0, Max: 0, Diff: 0, Sum: 0, Workers: 4
[2437.100s][debug][gc,phases      ] GC(275)     Total                          Min: 0, Avg: 11236.5, Max: 22802, Diff: 22802, Sum: 44946, Workers: 4
[2437.100s][debug][gc,phases      ] GC(275)   ResolvedMethodTable Weak       Min:  0.0, Avg:  0.0, Max:  0.0, Diff:  0.0, Sum:  0.1, Workers: 4
[2437.100s][debug][gc,phases      ] GC(275)     Dead                           Min: 0, Avg:  0.0, Max: 0, Diff: 0, Sum: 0, Workers: 4
[2437.100s][debug][gc,phases      ] GC(275)     Total                          Min: 0, Avg: 2640.8, Max: 5379, Diff: 5379, Sum: 10563, Workers: 4
[2437.100s][debug][gc,phases      ] GC(275)   JNI Weak                       Min:  0.0, Avg:  0.0, Max:  0.0, Diff:  0.0, Sum:  0.0, Workers: 4
[2437.100s][debug][gc,phases      ] GC(275)     Dead                           Min: 0, Avg:  0.0, Max: 0, Diff: 0, Sum: 0, Workers: 4
[2437.100s][debug][gc,phases      ] GC(275)     Total                          Min: 0, Avg: 11.2, Max: 45, Diff: 45, Sum: 45, Workers: 4
[2437.100s][debug][gc,phases      ] GC(275)   StringDedup Table Weak         Min:  0.0, Avg:  0.0, Max:  0.0, Diff:  0.0, Sum:  0.0, Workers: 4
[2437.100s][debug][gc,phases      ] GC(275)     Dead                           Min: 0, Avg:  0.0, Max: 0, Diff: 0, Sum: 0, Workers: 4
[2437.100s][debug][gc,phases      ] GC(275)     Total                          Min: 0, Avg:  0.0, Max: 0, Diff: 0, Sum: 0, Workers: 4
[2437.100s][debug][gc,phases      ] GC(275)   StringDedup Requests0 Weak     Min:  0.0, Avg:  0.0, Max:  0.0, Diff:  0.0, Sum:  0.0, Workers: 4
[2437.100s][debug][gc,phases      ] GC(275)     Dead                           Min: 0, Avg:  0.0, Max: 0, Diff: 0, Sum: 0, Workers: 4
[2437.100s][debug][gc,phases      ] GC(275)     Total                          Min: 0, Avg:  0.0, Max: 0, Diff: 0, Sum: 0, Workers: 4
[2437.100s][debug][gc,phases      ] GC(275)   StringDedup Requests1 Weak     Min:  0.0, Avg:  0.0, Max:  0.0, Diff:  0.0, Sum:  0.0, Workers: 4
[2437.100s][debug][gc,phases      ] GC(275)     Dead                           Min: 0, Avg:  0.0, Max: 0, Diff: 0, Sum: 0, Workers: 4
[2437.100s][debug][gc,phases      ] GC(275)     Total                          Min: 0, Avg:  0.0, Max: 0, Diff: 0, Sum: 0, Workers: 4
[2437.100s][debug][gc,phases      ] GC(275)   Weak JFR Old Object Samples    Min:  0.0, Avg:  0.0, Max:  0.0, Diff:  0.0, Sum:  0.0, Workers: 4
[2437.100s][debug][gc,phases      ] GC(275)     Dead                           Min: 0, Avg:  0.0, Max: 0, Diff: 0, Sum: 0, Workers: 4
[2437.100s][debug][gc,phases      ] GC(275)     Total                          Min: 0, Avg:  0.0, Max: 0, Diff: 0, Sum: 0, Workers: 4
[2437.100s][debug][gc,phases      ] GC(275) Weak Processing 0.528ms
[2437.100s][debug][gc,age         ] GC(275) Desired survivor size 4718592 bytes, new threshold 15 (max threshold 15)
[2437.100s][info ][gc,heap        ] GC(275) PSYoungGen: 2090080K(2092544K)->2160K(2092544K) Eden: 2087936K(2087936K)->0K(2087936K) From: 2144K(4608K)->2160K(4608K)
[2437.100s][info ][gc,heap        ] GC(275) ParOldGen: 403793K(430080K)->403809K(430080K)
[2437.100s][info ][gc,metaspace   ] GC(275) Metaspace: 86013K(87040K)->86013K(87040K) NonClass: 73619K(74176K)->73619K(74176K) Class: 12394K(12864K)->12394K(12864K)
[2437.100s][info ][gc             ] GC(275) Pause Young (Allocation Failure) 2435M->396M(2463M) 5.811ms
[2437.100s][info ][gc,cpu         ] GC(275) User=0.02s Sys=0.00s Real=0.00s
[2437.100s][info ][safepoint      ] Safepoint "ParallelGCFailedAllocation", Time since last: 12345877977 ns, Reaching safepoint: 73800 ns, Cleanup: 30601 ns, At safepoint: 5913305 ns, Total: 6017706 ns
[2449.491s][info ][gc,start       ] GC(276) Pause Young (Allocation Failure)
[2449.494s][debug][gc,phases      ] GC(276) Scavenge 2.828ms
[2449.494s][debug][gc,ref         ] GC(276) Skipped phase 1 of Reference Processing: no references
[2449.494s][debug][gc,ref         ] GC(276) ReferenceProcessor::execute queues: 1, RefProcThreadModel::Single, marks_oops_alive: false
[2449.494s][debug][gc,ref         ] GC(276) Skipped phase 3 of Reference Processing: no references
[2449.494s][debug][gc,ref         ] GC(276) ReferenceProcessor::execute queues: 1, RefProcThreadModel::Single, marks_oops_alive: false
[2449.494s][debug][gc,phases      ] GC(276) Reference Processing 0.098ms
[2449.495s][debug][gc,phases      ] GC(276)   VM Weak                        Min:  0.0, Avg:  0.0, Max:  0.1, Diff:  0.1, Sum:  0.1, Workers: 4
[2449.495s][debug][gc,phases      ] GC(276)     Dead                           Min: 0, Avg:  0.0, Max: 0, Diff: 0, Sum: 0, Workers: 4
[2449.495s][debug][gc,phases      ] GC(276)     Total                          Min: 0, Avg: 217.0, Max: 448, Diff: 448, Sum: 868, Workers: 4
[2449.495s][debug][gc,phases      ] GC(276)   ObjectSynchronizer Weak        Min:  0.0, Avg:  0.0, Max:  0.0, Diff:  0.0, Sum:  0.0, Workers: 4
[2449.495s][debug][gc,phases      ] GC(276)     Dead                           Min: 0, Avg:  0.0, Max: 0, Diff: 0, Sum: 0, Workers: 4
[2449.495s][debug][gc,phases      ] GC(276)     Total                          Min: 0, Avg:  1.0, Max: 4, Diff: 4, Sum: 4, Workers: 4
[2449.495s][debug][gc,phases      ] GC(276)   JVMTI Tag Weak OopStorage      Min:  0.0, Avg:  0.0, Max:  0.0, Diff:  0.0, Sum:  0.0, Workers: 4
[2449.495s][debug][gc,phases      ] GC(276)     Dead                           Min: 0, Avg:  0.0, Max: 0, Diff: 0, Sum: 0, Workers: 4
[2449.495s][debug][gc,phases      ] GC(276)     Total                          Min: 0, Avg:  0.0, Max: 0, Diff: 0, Sum: 0, Workers: 4
[2449.495s][debug][gc,phases      ] GC(276)   StringTable Weak               Min:  0.0, Avg:  0.1, Max:  0.1, Diff:  0.1, Sum:  0.4, Workers: 4
[2449.495s][debug][gc,phases      ] GC(276)     Dead                           Min: 0, Avg:  0.0, Max: 0, Diff: 0, Sum: 0, Workers: 4
[2449.495s][debug][gc,phases      ] GC(276)     Total                          Min: 0, Avg: 11236.5, Max: 21504, Diff: 21504, Sum: 44946, Workers: 4
[2449.495s][debug][gc,phases      ] GC(276)   ResolvedMethodTable Weak       Min:  0.0, Avg:  0.0, Max:  0.0, Diff:  0.0, Sum:  0.1, Workers: 4
[2449.495s][debug][gc,phases      ] GC(276)     Dead                           Min: 0, Avg:  0.0, Max: 0, Diff: 0, Sum: 0, Workers: 4
[2449.495s][debug][gc,phases      ] GC(276)     Total                          Min: 0, Avg: 2640.8, Max: 4480, Diff: 4480, Sum: 10563, Workers: 4
[2449.495s][debug][gc,phases      ] GC(276)   JNI Weak                       Min:  0.0, Avg:  0.0, Max:  0.0, Diff:  0.0, Sum:  0.0, Workers: 4
[2449.495s][debug][gc,phases      ] GC(276)     Dead                           Min: 0, Avg:  0.0, Max: 0, Diff: 0, Sum: 0, Workers: 4
[2449.495s][debug][gc,phases      ] GC(276)     Total                          Min: 0, Avg: 11.2, Max: 45, Diff: 45, Sum: 45, Workers: 4
[2449.495s][debug][gc,phases      ] GC(276)   StringDedup Table Weak         Min:  0.0, Avg:  0.0, Max:  0.0, Diff:  0.0, Sum:  0.0, Workers: 4
[2449.495s][debug][gc,phases      ] GC(276)     Dead                           Min: 0, Avg:  0.0, Max: 0, Diff: 0, Sum: 0, Workers: 4
[2449.495s][debug][gc,phases      ] GC(276)     Total                          Min: 0, Avg:  0.0, Max: 0, Diff: 0, Sum: 0, Workers: 4
[2449.495s][debug][gc,phases      ] GC(276)   StringDedup Requests0 Weak     Min:  0.0, Avg:  0.0, Max:  0.0, Diff:  0.0, Sum:  0.0, Workers: 4
[2449.495s][debug][gc,phases      ] GC(276)     Dead                           Min: 0, Avg:  0.0, Max: 0, Diff: 0, Sum: 0, Workers: 4
[2449.495s][debug][gc,phases      ] GC(276)     Total                          Min: 0, Avg:  0.0, Max: 0, Diff: 0, Sum: 0, Workers: 4
[2449.495s][debug][gc,phases      ] GC(276)   StringDedup Requests1 Weak     Min:  0.0, Avg:  0.0, Max:  0.0, Diff:  0.0, Sum:  0.0, Workers: 4
[2449.495s][debug][gc,phases      ] GC(276)     Dead                           Min: 0, Avg:  0.0, Max: 0, Diff: 0, Sum: 0, Workers: 4
[2449.495s][debug][gc,phases      ] GC(276)     Total                          Min: 0, Avg:  0.0, Max: 0, Diff: 0, Sum: 0, Workers: 4
[2449.495s][debug][gc,phases      ] GC(276)   Weak JFR Old Object Samples    Min:  0.0, Avg:  0.0, Max:  0.0, Diff:  0.0, Sum:  0.0, Workers: 4
[2449.495s][debug][gc,phases      ] GC(276)     Dead                           Min: 0, Avg:  0.0, Max: 0, Diff: 0, Sum: 0, Workers: 4
[2449.495s][debug][gc,phases      ] GC(276)     Total                          Min: 0, Avg:  0.0, Max: 0, Diff: 0, Sum: 0, Workers: 4
[2449.495s][debug][gc,phases      ] GC(276) Weak Processing 0.345ms
[2449.495s][debug][gc,age         ] GC(276) Desired survivor size 4194304 bytes, new threshold 15 (max threshold 15)
[2449.495s][info ][gc,heap        ] GC(276) PSYoungGen: 2090096K(2092544K)->2128K(2093056K) Eden: 2087936K(2087936K)->0K(2088448K) From: 2160K(4608K)->2128K(4608K)
[2449.495s][info ][gc,heap        ] GC(276) ParOldGen: 403809K(430080K)->403841K(430080K)
[2449.495s][info ][gc,metaspace   ] GC(276) Metaspace: 86013K(87040K)->86013K(87040K) NonClass: 73619K(74176K)->73619K(74176K) Class: 12394K(12864K)->12394K(12864K)
[2449.495s][info ][gc             ] GC(276) Pause Young (Allocation Failure) 2435M->396M(2464M) 3.368ms
[2449.495s][info ][gc,cpu         ] GC(276) User=0.01s Sys=0.00s Real=0.01s
[2449.495s][info ][safepoint      ] Safepoint "ParallelGCFailedAllocation", Time since last: 12391107187 ns, Reaching safepoint: 75300 ns, Cleanup: 30300 ns, At safepoint: 3454203 ns, Total: 3559803 ns
[2450.495s][info ][safepoint      ] Safepoint "Cleanup", Time since last: 1000046494 ns, Reaching safepoint: 3900 ns, Cleanup: 28700 ns, At safepoint: 2400 ns, Total: 35000 ns
[2461.893s][info ][gc,start       ] GC(277) Pause Young (Allocation Failure)
[2461.896s][debug][gc,phases      ] GC(277) Scavenge 2.873ms
[2461.896s][debug][gc,ref         ] GC(277) Skipped phase 1 of Reference Processing: no references
[2461.896s][debug][gc,ref         ] GC(277) ReferenceProcessor::execute queues: 1, RefProcThreadModel::Single, marks_oops_alive: false
[2461.896s][debug][gc,ref         ] GC(277) Skipped phase 3 of Reference Processing: no references
[2461.896s][debug][gc,ref         ] GC(277) ReferenceProcessor::execute queues: 1, RefProcThreadModel::Single, marks_oops_alive: false
[2461.896s][debug][gc,phases      ] GC(277) Reference Processing 0.091ms
[2461.897s][debug][gc,phases      ] GC(277)   VM Weak                        Min:  0.0, Avg:  0.0, Max:  0.0, Diff:  0.0, Sum:  0.0, Workers: 4
[2461.897s][debug][gc,phases      ] GC(277)     Dead                           Min: 0, Avg:  0.0, Max: 0, Diff: 0, Sum: 0, Workers: 4
[2461.897s][debug][gc,phases      ] GC(277)     Total                          Min: 0, Avg: 217.0, Max: 548, Diff: 548, Sum: 868, Workers: 4
[2461.897s][debug][gc,phases      ] GC(277)   ObjectSynchronizer Weak        Min:  0.0, Avg:  0.0, Max:  0.0, Diff:  0.0, Sum:  0.0, Workers: 4
[2461.897s][debug][gc,phases      ] GC(277)     Dead                           Min: 0, Avg:  0.0, Max: 0, Diff: 0, Sum: 0, Workers: 4
[2461.897s][debug][gc,phases      ] GC(277)     Total                          Min: 0, Avg:  1.0, Max: 4, Diff: 4, Sum: 4, Workers: 4
[2461.897s][debug][gc,phases      ] GC(277)   JVMTI Tag Weak OopStorage      Min:  0.0, Avg:  0.0, Max:  0.0, Diff:  0.0, Sum:  0.0, Workers: 4
[2461.897s][debug][gc,phases      ] GC(277)     Dead                           Min: 0, Avg:  0.0, Max: 0, Diff: 0, Sum: 0, Workers: 4
[2461.897s][debug][gc,phases      ] GC(277)     Total                          Min: 0, Avg:  0.0, Max: 0, Diff: 0, Sum: 0, Workers: 4
[2461.897s][debug][gc,phases      ] GC(277)   StringTable Weak               Min:  0.0, Avg:  0.1, Max:  0.2, Diff:  0.2, Sum:  0.3, Workers: 4
[2461.897s][debug][gc,phases      ] GC(277)     Dead                           Min: 0, Avg:  0.0, Max: 0, Diff: 0, Sum: 0, Workers: 4
[2461.897s][debug][gc,phases      ] GC(277)     Total                          Min: 0, Avg: 11236.5, Max: 27602, Diff: 27602, Sum: 44946, Workers: 4
[2461.897s][debug][gc,phases      ] GC(277)   ResolvedMethodTable Weak       Min:  0.0, Avg:  0.0, Max:  0.0, Diff:  0.0, Sum:  0.1, Workers: 4
[2461.897s][debug][gc,phases      ] GC(277)     Dead                           Min: 0, Avg:  0.0, Max: 0, Diff: 0, Sum: 0, Workers: 4
[2461.897s][debug][gc,phases      ] GC(277)     Total                          Min: 0, Avg: 2640.8, Max: 6339, Diff: 6339, Sum: 10563, Workers: 4
[2461.897s][debug][gc,phases      ] GC(277)   JNI Weak                       Min:  0.0, Avg:  0.0, Max:  0.0, Diff:  0.0, Sum:  0.0, Workers: 4
[2461.897s][debug][gc,phases      ] GC(277)     Dead                           Min: 0, Avg:  0.0, Max: 0, Diff: 0, Sum: 0, Workers: 4
[2461.897s][debug][gc,phases      ] GC(277)     Total                          Min: 0, Avg: 11.2, Max: 45, Diff: 45, Sum: 45, Workers: 4
[2461.897s][debug][gc,phases      ] GC(277)   StringDedup Table Weak         Min:  0.0, Avg:  0.0, Max:  0.0, Diff:  0.0, Sum:  0.0, Workers: 4
[2461.897s][debug][gc,phases      ] GC(277)     Dead                           Min: 0, Avg:  0.0, Max: 0, Diff: 0, Sum: 0, Workers: 4
[2461.897s][debug][gc,phases      ] GC(277)     Total                          Min: 0, Avg:  0.0, Max: 0, Diff: 0, Sum: 0, Workers: 4
[2461.897s][debug][gc,phases      ] GC(277)   StringDedup Requests0 Weak     Min:  0.0, Avg:  0.0, Max:  0.0, Diff:  0.0, Sum:  0.0, Workers: 4
[2461.897s][debug][gc,phases      ] GC(277)     Dead                           Min: 0, Avg:  0.0, Max: 0, Diff: 0, Sum: 0, Workers: 4
[2461.897s][debug][gc,phases      ] GC(277)     Total                          Min: 0, Avg:  0.0, Max: 0, Diff: 0, Sum: 0, Workers: 4
[2461.897s][debug][gc,phases      ] GC(277)   StringDedup Requests1 Weak     Min:  0.0, Avg:  0.0, Max:  0.0, Diff:  0.0, Sum:  0.0, Workers: 4
[2461.897s][debug][gc,phases      ] GC(277)     Dead                           Min: 0, Avg:  0.0, Max: 0, Diff: 0, Sum: 0, Workers: 4
[2461.897s][debug][gc,phases      ] GC(277)     Total                          Min: 0, Avg:  0.0, Max: 0, Diff: 0, Sum: 0, Workers: 4
[2461.897s][debug][gc,phases      ] GC(277)   Weak JFR Old Object Samples    Min:  0.0, Avg:  0.0, Max:  0.0, Diff:  0.0, Sum:  0.0, Workers: 4
[2461.897s][debug][gc,phases      ] GC(277)     Dead                           Min: 0, Avg:  0.0, Max: 0, Diff: 0, Sum: 0, Workers: 4
[2461.897s][debug][gc,phases      ] GC(277)     Total                          Min: 0, Avg:  0.0, Max: 0, Diff: 0, Sum: 0, Workers: 4
[2461.897s][debug][gc,phases      ] GC(277) Weak Processing 0.369ms
[2461.897s][debug][gc,age         ] GC(277) Desired survivor size 4194304 bytes, new threshold 15 (max threshold 15)
[2461.897s][info ][gc,heap        ] GC(277) PSYoungGen: 2090576K(2093056K)->2240K(2092544K) Eden: 2088448K(2088448K)->0K(2088448K) From: 2128K(4608K)->2240K(4096K)
[2461.897s][info ][gc,heap        ] GC(277) ParOldGen: 403841K(430080K)->403857K(430080K)
[2461.897s][info ][gc,metaspace   ] GC(277) Metaspace: 86014K(87040K)->86014K(87040K) NonClass: 73620K(74176K)->73620K(74176K) Class: 12394K(12864K)->12394K(12864K)
[2461.897s][info ][gc             ] GC(277) Pause Young (Allocation Failure) 2435M->396M(2463M) 3.431ms
[2461.897s][info ][gc,cpu         ] GC(277) User=0.02s Sys=0.00s Real=0.00s
[2461.897s][info ][safepoint      ] Safepoint "ParallelGCFailedAllocation", Time since last: 11398362865 ns, Reaching safepoint: 72200 ns, Cleanup: 30300 ns, At safepoint: 3495503 ns, Total: 3598003 ns
[2470.897s][info ][safepoint      ] Safepoint "Cleanup", Time since last: 9000611154 ns, Reaching safepoint: 4900 ns, Cleanup: 28500 ns, At safepoint: 2300 ns, Total: 35700 ns
[2471.898s][info ][safepoint      ] Safepoint "Cleanup", Time since last: 1000093054 ns, Reaching safepoint: 5900 ns, Cleanup: 38000 ns, At safepoint: 2400 ns, Total: 46300 ns
[2475.190s][info ][gc,start       ] GC(278) Pause Young (Allocation Failure)
[2475.195s][debug][gc,phases      ] GC(278) Scavenge 5.158ms
[2475.195s][debug][gc,ref         ] GC(278) Skipped phase 1 of Reference Processing: no references
[2475.195s][debug][gc,ref         ] GC(278) ReferenceProcessor::execute queues: 1, RefProcThreadModel::Single, marks_oops_alive: false
[2475.196s][debug][gc,ref         ] GC(278) Skipped phase 3 of Reference Processing: no references
[2475.196s][debug][gc,ref         ] GC(278) Skipped phase 4 of Reference Processing: no references
[2475.196s][debug][gc,phases      ] GC(278) Reference Processing 0.096ms
[2475.196s][debug][gc,phases      ] GC(278)   VM Weak                        Min:  0.0, Avg:  0.0, Max:  0.0, Diff:  0.0, Sum:  0.0, Workers: 4
[2475.196s][debug][gc,phases      ] GC(278)     Dead                           Min: 0, Avg:  0.0, Max: 0, Diff: 0, Sum: 0, Workers: 4
[2475.196s][debug][gc,phases      ] GC(278)     Total                          Min: 0, Avg: 217.0, Max: 612, Diff: 612, Sum: 868, Workers: 4
[2475.196s][debug][gc,phases      ] GC(278)   ObjectSynchronizer Weak        Min:  0.0, Avg:  0.0, Max:  0.0, Diff:  0.0, Sum:  0.0, Workers: 4
[2475.196s][debug][gc,phases      ] GC(278)     Dead                           Min: 0, Avg:  0.0, Max: 0, Diff: 0, Sum: 0, Workers: 4
[2475.196s][debug][gc,phases      ] GC(278)     Total                          Min: 0, Avg:  1.0, Max: 4, Diff: 4, Sum: 4, Workers: 4
[2475.196s][debug][gc,phases      ] GC(278)   JVMTI Tag Weak OopStorage      Min:  0.0, Avg:  0.0, Max:  0.0, Diff:  0.0, Sum:  0.0, Workers: 4
[2475.196s][debug][gc,phases      ] GC(278)     Dead                           Min: 0, Avg:  0.0, Max: 0, Diff: 0, Sum: 0, Workers: 4
[2475.196s][debug][gc,phases      ] GC(278)     Total                          Min: 0, Avg:  0.0, Max: 0, Diff: 0, Sum: 0, Workers: 4
[2475.196s][debug][gc,phases      ] GC(278)   StringTable Weak               Min:  0.0, Avg:  0.1, Max:  0.1, Diff:  0.1, Sum:  0.4, Workers: 4
[2475.196s][debug][gc,phases      ] GC(278)     Dead                           Min: 0, Avg:  0.0, Max: 0, Diff: 0, Sum: 0, Workers: 4
[2475.196s][debug][gc,phases      ] GC(278)     Total                          Min: 0, Avg: 11236.5, Max: 19730, Diff: 19730, Sum: 44946, Workers: 4
[2475.196s][debug][gc,phases      ] GC(278)   ResolvedMethodTable Weak       Min:  0.0, Avg:  0.0, Max:  0.0, Diff:  0.0, Sum:  0.1, Workers: 4
[2475.196s][debug][gc,phases      ] GC(278)     Dead                           Min: 0, Avg:  0.0, Max: 0, Diff: 0, Sum: 0, Workers: 4
[2475.196s][debug][gc,phases      ] GC(278)     Total                          Min: 0, Avg: 2640.8, Max: 4099, Diff: 4099, Sum: 10563, Workers: 4
[2475.196s][debug][gc,phases      ] GC(278)   JNI Weak                       Min:  0.0, Avg:  0.0, Max:  0.0, Diff:  0.0, Sum:  0.0, Workers: 4
[2475.196s][debug][gc,phases      ] GC(278)     Dead                           Min: 0, Avg:  0.0, Max: 0, Diff: 0, Sum: 0, Workers: 4
[2475.196s][debug][gc,phases      ] GC(278)     Total                          Min: 0, Avg: 11.2, Max: 45, Diff: 45, Sum: 45, Workers: 4
[2475.196s][debug][gc,phases      ] GC(278)   StringDedup Table Weak         Min:  0.0, Avg:  0.0, Max:  0.0, Diff:  0.0, Sum:  0.0, Workers: 4
[2475.196s][debug][gc,phases      ] GC(278)     Dead                           Min: 0, Avg:  0.0, Max: 0, Diff: 0, Sum: 0, Workers: 4
[2475.196s][debug][gc,phases      ] GC(278)     Total                          Min: 0, Avg:  0.0, Max: 0, Diff: 0, Sum: 0, Workers: 4
[2475.196s][debug][gc,phases      ] GC(278)   StringDedup Requests0 Weak     Min:  0.0, Avg:  0.0, Max:  0.0, Diff:  0.0, Sum:  0.0, Workers: 4
[2475.196s][debug][gc,phases      ] GC(278)     Dead                           Min: 0, Avg:  0.0, Max: 0, Diff: 0, Sum: 0, Workers: 4
[2475.196s][debug][gc,phases      ] GC(278)     Total                          Min: 0, Avg:  0.0, Max: 0, Diff: 0, Sum: 0, Workers: 4
[2475.196s][debug][gc,phases      ] GC(278)   StringDedup Requests1 Weak     Min:  0.0, Avg:  0.0, Max:  0.0, Diff:  0.0, Sum:  0.0, Workers: 4
[2475.196s][debug][gc,phases      ] GC(278)     Dead                           Min: 0, Avg:  0.0, Max: 0, Diff: 0, Sum: 0, Workers: 4
[2475.196s][debug][gc,phases      ] GC(278)     Total                          Min: 0, Avg:  0.0, Max: 0, Diff: 0, Sum: 0, Workers: 4
[2475.196s][debug][gc,phases      ] GC(278)   Weak JFR Old Object Samples    Min:  0.0, Avg:  0.0, Max:  0.0, Diff:  0.0, Sum:  0.0, Workers: 4
[2475.196s][debug][gc,phases      ] GC(278)     Dead                           Min: 0, Avg:  0.0, Max: 0, Diff: 0, Sum: 0, Workers: 4
[2475.196s][debug][gc,phases      ] GC(278)     Total                          Min: 0, Avg:  0.0, Max: 0, Diff: 0, Sum: 0, Workers: 4
[2475.196s][debug][gc,phases      ] GC(278) Weak Processing 0.325ms
[2475.196s][debug][gc,age         ] GC(278) Desired survivor size 4194304 bytes, new threshold 15 (max threshold 15)
[2475.196s][info ][gc,heap        ] GC(278) PSYoungGen: 2090688K(2092544K)->1888K(2093056K) Eden: 2088448K(2088448K)->0K(2088960K) From: 2240K(4096K)->1888K(4096K)
[2475.196s][info ][gc,heap        ] GC(278) ParOldGen: 403857K(430080K)->403889K(430080K)
[2475.196s][info ][gc,metaspace   ] GC(278) Metaspace: 86014K(87040K)->86014K(87040K) NonClass: 73620K(74176K)->73620K(74176K) Class: 12394K(12864K)->12394K(12864K)
[2475.196s][info ][gc             ] GC(278) Pause Young (Allocation Failure) 2436M->396M(2464M) 5.672ms
[2475.196s][info ][gc,cpu         ] GC(278) User=0.01s Sys=0.00s Real=0.01s
[2475.196s][info ][safepoint      ] Safepoint "ParallelGCFailedAllocation", Time since last: 3292571231 ns, Reaching safepoint: 4000 ns, Cleanup: 24100 ns, At safepoint: 5750805 ns, Total: 5778905 ns
[2488.094s][info ][gc,start       ] GC(279) Pause Young (Allocation Failure)
[2488.099s][debug][gc,phases      ] GC(279) Scavenge 5.010ms
[2488.099s][debug][gc,ref         ] GC(279) Skipped phase 1 of Reference Processing: no references
[2488.099s][debug][gc,ref         ] GC(279) Skipped phase 2 of Reference Processing: no references
[2488.099s][debug][gc,ref         ] GC(279) Skipped phase 3 of Reference Processing: no references
[2488.099s][debug][gc,ref         ] GC(279) Skipped phase 4 of Reference Processing: no references
[2488.099s][debug][gc,phases      ] GC(279) Reference Processing 0.022ms
[2488.099s][debug][gc,phases      ] GC(279)   VM Weak                        Min:  0.0, Avg:  0.0, Max:  0.0, Diff:  0.0, Sum:  0.0, Workers: 4
[2488.099s][debug][gc,phases      ] GC(279)     Dead                           Min: 0, Avg:  0.0, Max: 0, Diff: 0, Sum: 0, Workers: 4
[2488.099s][debug][gc,phases      ] GC(279)     Total                          Min: 0, Avg: 217.0, Max: 640, Diff: 640, Sum: 868, Workers: 4
[2488.099s][debug][gc,phases      ] GC(279)   ObjectSynchronizer Weak        Min:  0.0, Avg:  0.0, Max:  0.0, Diff:  0.0, Sum:  0.0, Workers: 4
[2488.099s][debug][gc,phases      ] GC(279)     Dead                           Min: 0, Avg:  0.0, Max: 0, Diff: 0, Sum: 0, Workers: 4
[2488.099s][debug][gc,phases      ] GC(279)     Total                          Min: 0, Avg:  1.0, Max: 4, Diff: 4, Sum: 4, Workers: 4
[2488.099s][debug][gc,phases      ] GC(279)   JVMTI Tag Weak OopStorage      Min:  0.0, Avg:  0.0, Max:  0.0, Diff:  0.0, Sum:  0.0, Workers: 4
[2488.099s][debug][gc,phases      ] GC(279)     Dead                           Min: 0, Avg:  0.0, Max: 0, Diff: 0, Sum: 0, Workers: 4
[2488.099s][debug][gc,phases      ] GC(279)     Total                          Min: 0, Avg:  0.0, Max: 0, Diff: 0, Sum: 0, Workers: 4
[2488.099s][debug][gc,phases      ] GC(279)   StringTable Weak               Min:  0.0, Avg:  0.1, Max:  0.2, Diff:  0.2, Sum:  0.3, Workers: 4
[2488.099s][debug][gc,phases      ] GC(279)     Dead                           Min: 0, Avg:  0.0, Max: 0, Diff: 0, Sum: 0, Workers: 4
[2488.099s][debug][gc,phases      ] GC(279)     Total                          Min: 0, Avg: 11236.5, Max: 27776, Diff: 27776, Sum: 44946, Workers: 4
[2488.099s][debug][gc,phases      ] GC(279)   ResolvedMethodTable Weak       Min:  0.0, Avg:  0.0, Max:  0.0, Diff:  0.0, Sum:  0.1, Workers: 4
[2488.099s][debug][gc,phases      ] GC(279)     Dead                           Min: 0, Avg:  0.0, Max: 0, Diff: 0, Sum: 0, Workers: 4
[2488.099s][debug][gc,phases      ] GC(279)     Total                          Min: 0, Avg: 2640.8, Max: 6467, Diff: 6467, Sum: 10563, Workers: 4
[2488.099s][debug][gc,phases      ] GC(279)   JNI Weak                       Min:  0.0, Avg:  0.0, Max:  0.0, Diff:  0.0, Sum:  0.0, Workers: 4
[2488.099s][debug][gc,phases      ] GC(279)     Dead                           Min: 0, Avg:  0.0, Max: 0, Diff: 0, Sum: 0, Workers: 4
[2488.099s][debug][gc,phases      ] GC(279)     Total                          Min: 0, Avg: 11.2, Max: 45, Diff: 45, Sum: 45, Workers: 4
[2488.099s][debug][gc,phases      ] GC(279)   StringDedup Table Weak         Min:  0.0, Avg:  0.0, Max:  0.0, Diff:  0.0, Sum:  0.0, Workers: 4
[2488.099s][debug][gc,phases      ] GC(279)     Dead                           Min: 0, Avg:  0.0, Max: 0, Diff: 0, Sum: 0, Workers: 4
[2488.099s][debug][gc,phases      ] GC(279)     Total                          Min: 0, Avg:  0.0, Max: 0, Diff: 0, Sum: 0, Workers: 4
[2488.099s][debug][gc,phases      ] GC(279)   StringDedup Requests0 Weak     Min:  0.0, Avg:  0.0, Max:  0.0, Diff:  0.0, Sum:  0.0, Workers: 4
[2488.099s][debug][gc,phases      ] GC(279)     Dead                           Min: 0, Avg:  0.0, Max: 0, Diff: 0, Sum: 0, Workers: 4
[2488.099s][debug][gc,phases      ] GC(279)     Total                          Min: 0, Avg:  0.0, Max: 0, Diff: 0, Sum: 0, Workers: 4
[2488.099s][debug][gc,phases      ] GC(279)   StringDedup Requests1 Weak     Min:  0.0, Avg:  0.0, Max:  0.0, Diff:  0.0, Sum:  0.0, Workers: 4
[2488.099s][debug][gc,phases      ] GC(279)     Dead                           Min: 0, Avg:  0.0, Max: 0, Diff: 0, Sum: 0, Workers: 4
[2488.099s][debug][gc,phases      ] GC(279)     Total                          Min: 0, Avg:  0.0, Max: 0, Diff: 0, Sum: 0, Workers: 4
[2488.099s][debug][gc,phases      ] GC(279)   Weak JFR Old Object Samples    Min:  0.0, Avg:  0.0, Max:  0.0, Diff:  0.0, Sum:  0.0, Workers: 4
[2488.099s][debug][gc,phases      ] GC(279)     Dead                           Min: 0, Avg:  0.0, Max: 0, Diff: 0, Sum: 0, Workers: 4
[2488.099s][debug][gc,phases      ] GC(279)     Total                          Min: 0, Avg:  0.0, Max: 0, Diff: 0, Sum: 0, Workers: 4
[2488.099s][debug][gc,phases      ] GC(279) Weak Processing 0.379ms
[2488.099s][debug][gc,age         ] GC(279) Desired survivor size 4194304 bytes, new threshold 15 (max threshold 15)
[2488.099s][info ][gc,heap        ] GC(279) PSYoungGen: 2090848K(2093056K)->2224K(2093056K) Eden: 2088960K(2088960K)->0K(2088960K) From: 1888K(4096K)->2224K(4096K)
[2488.099s][info ][gc,heap        ] GC(279) ParOldGen: 403889K(430080K)->403921K(430080K)
[2488.099s][info ][gc,metaspace   ] GC(279) Metaspace: 86014K(87040K)->86014K(87040K) NonClass: 73620K(74176K)->73620K(74176K) Class: 12394K(12864K)->12394K(12864K)
[2488.099s][info ][gc             ] GC(279) Pause Young (Allocation Failure) 2436M->396M(2464M) 5.521ms
[2488.099s][info ][gc,cpu         ] GC(279) User=0.02s Sys=0.00s Real=0.00s
[2488.100s][info ][safepoint      ] Safepoint "ParallelGCFailedAllocation", Time since last: 12897970610 ns, Reaching safepoint: 4401 ns, Cleanup: 26700 ns, At safepoint: 5589205 ns, Total: 5620306 ns
[2500.637s][info ][gc,start       ] GC(280) Pause Young (Allocation Failure)
[2500.642s][debug][gc,phases      ] GC(280) Scavenge 5.346ms
[2500.642s][debug][gc,ref         ] GC(280) Skipped phase 1 of Reference Processing: no references
[2500.642s][debug][gc,ref         ] GC(280) Skipped phase 2 of Reference Processing: no references
[2500.642s][debug][gc,ref         ] GC(280) Skipped phase 3 of Reference Processing: no references
[2500.642s][debug][gc,ref         ] GC(280) Skipped phase 4 of Reference Processing: no references
[2500.642s][debug][gc,phases      ] GC(280) Reference Processing 0.020ms
[2500.642s][debug][gc,phases      ] GC(280)   VM Weak                        Min:  0.0, Avg:  0.0, Max:  0.0, Diff:  0.0, Sum:  0.0, Workers: 4
[2500.642s][debug][gc,phases      ] GC(280)     Dead                           Min: 0, Avg:  0.0, Max: 0, Diff: 0, Sum: 0, Workers: 4
[2500.642s][debug][gc,phases      ] GC(280)     Total                          Min: 0, Avg: 217.0, Max: 576, Diff: 576, Sum: 868, Workers: 4
[2500.642s][debug][gc,phases      ] GC(280)   ObjectSynchronizer Weak        Min:  0.0, Avg:  0.0, Max:  0.0, Diff:  0.0, Sum:  0.0, Workers: 4
[2500.642s][debug][gc,phases      ] GC(280)     Dead                           Min: 0, Avg:  0.0, Max: 0, Diff: 0, Sum: 0, Workers: 4
[2500.642s][debug][gc,phases      ] GC(280)     Total                          Min: 0, Avg:  1.0, Max: 4, Diff: 4, Sum: 4, Workers: 4
[2500.642s][debug][gc,phases      ] GC(280)   JVMTI Tag Weak OopStorage      Min:  0.0, Avg:  0.0, Max:  0.0, Diff:  0.0, Sum:  0.0, Workers: 4
[2500.642s][debug][gc,phases      ] GC(280)     Dead                           Min: 0, Avg:  0.0, Max: 0, Diff: 0, Sum: 0, Workers: 4
[2500.642s][debug][gc,phases      ] GC(280)     Total                          Min: 0, Avg:  0.0, Max: 0, Diff: 0, Sum: 0, Workers: 4
[2500.642s][debug][gc,phases      ] GC(280)   StringTable Weak               Min:  0.0, Avg:  0.1, Max:  0.1, Diff:  0.1, Sum:  0.4, Workers: 4
[2500.642s][debug][gc,phases      ] GC(280)     Dead                           Min: 0, Avg:  0.0, Max: 0, Diff: 0, Sum: 0, Workers: 4
[2500.642s][debug][gc,phases      ] GC(280)     Total                          Min: 0, Avg: 11236.5, Max: 18322, Diff: 18322, Sum: 44946, Workers: 4
[2500.642s][debug][gc,phases      ] GC(280)   ResolvedMethodTable Weak       Min:  0.0, Avg:  0.0, Max:  0.0, Diff:  0.0, Sum:  0.1, Workers: 4
[2500.642s][debug][gc,phases      ] GC(280)     Dead                           Min: 0, Avg:  0.0, Max: 0, Diff: 0, Sum: 0, Workers: 4
[2500.642s][debug][gc,phases      ] GC(280)     Total                          Min: 0, Avg: 2640.8, Max: 4675, Diff: 4675, Sum: 10563, Workers: 4
[2500.642s][debug][gc,phases      ] GC(280)   JNI Weak                       Min:  0.0, Avg:  0.0, Max:  0.0, Diff:  0.0, Sum:  0.0, Workers: 4
[2500.642s][debug][gc,phases      ] GC(280)     Dead                           Min: 0, Avg:  0.0, Max: 0, Diff: 0, Sum: 0, Workers: 4
[2500.642s][debug][gc,phases      ] GC(280)     Total                          Min: 0, Avg: 11.2, Max: 45, Diff: 45, Sum: 45, Workers: 4
[2500.642s][debug][gc,phases      ] GC(280)   StringDedup Table Weak         Min:  0.0, Avg:  0.0, Max:  0.0, Diff:  0.0, Sum:  0.0, Workers: 4
[2500.642s][debug][gc,phases      ] GC(280)     Dead                           Min: 0, Avg:  0.0, Max: 0, Diff: 0, Sum: 0, Workers: 4
[2500.642s][debug][gc,phases      ] GC(280)     Total                          Min: 0, Avg:  0.0, Max: 0, Diff: 0, Sum: 0, Workers: 4
[2500.642s][debug][gc,phases      ] GC(280)   StringDedup Requests0 Weak     Min:  0.0, Avg:  0.0, Max:  0.0, Diff:  0.0, Sum:  0.0, Workers: 4
[2500.642s][debug][gc,phases      ] GC(280)     Dead                           Min: 0, Avg:  0.0, Max: 0, Diff: 0, Sum: 0, Workers: 4
[2500.642s][debug][gc,phases      ] GC(280)     Total                          Min: 0, Avg:  0.0, Max: 0, Diff: 0, Sum: 0, Workers: 4
[2500.642s][debug][gc,phases      ] GC(280)   StringDedup Requests1 Weak     Min:  0.0, Avg:  0.0, Max:  0.0, Diff:  0.0, Sum:  0.0, Workers: 4
[2500.642s][debug][gc,phases      ] GC(280)     Dead                           Min: 0, Avg:  0.0, Max: 0, Diff: 0, Sum: 0, Workers: 4
[2500.642s][debug][gc,phases      ] GC(280)     Total                          Min: 0, Avg:  0.0, Max: 0, Diff: 0, Sum: 0, Workers: 4
[2500.642s][debug][gc,phases      ] GC(280)   Weak JFR Old Object Samples    Min:  0.0, Avg:  0.0, Max:  0.0, Diff:  0.0, Sum:  0.0, Workers: 4
[2500.642s][debug][gc,phases      ] GC(280)     Dead                           Min: 0, Avg:  0.0, Max: 0, Diff: 0, Sum: 0, Workers: 4
[2500.642s][debug][gc,phases      ] GC(280)     Total                          Min: 0, Avg:  0.0, Max: 0, Diff: 0, Sum: 0, Workers: 4
[2500.642s][debug][gc,phases      ] GC(280) Weak Processing 0.340ms
[2500.642s][debug][gc,age         ] GC(280) Desired survivor size 3670016 bytes, new threshold 15 (max threshold 15)
[2500.642s][info ][gc,heap        ] GC(280) PSYoungGen: 2091184K(2093056K)->2208K(2093568K) Eden: 2088960K(2088960K)->0K(2089472K) From: 2224K(4096K)->2208K(4096K)
[2500.642s][info ][gc,heap        ] GC(280) ParOldGen: 403921K(430080K)->403945K(430080K)
[2500.642s][info ][gc,metaspace   ] GC(280) Metaspace: 86015K(87040K)->86015K(87040K) NonClass: 73621K(74176K)->73621K(74176K) Class: 12394K(12864K)->12394K(12864K)
[2500.642s][info ][gc             ] GC(280) Pause Young (Allocation Failure) 2436M->396M(2464M) 5.802ms
[2500.643s][info ][gc,cpu         ] GC(280) User=0.01s Sys=0.00s Real=0.01s
[2500.643s][info ][safepoint      ] Safepoint "ParallelGCFailedAllocation", Time since last: 12537124534 ns, Reaching safepoint: 5100 ns, Cleanup: 20300 ns, At safepoint: 5870006 ns, Total: 5895406 ns
[2512.890s][info ][gc,start       ] GC(281) Pause Young (Allocation Failure)
[2512.893s][debug][gc,phases      ] GC(281) Scavenge 2.929ms
[2512.893s][debug][gc,ref         ] GC(281) Skipped phase 1 of Reference Processing: no references
[2512.893s][debug][gc,ref         ] GC(281) Skipped phase 2 of Reference Processing: no references
[2512.893s][debug][gc,ref         ] GC(281) Skipped phase 3 of Reference Processing: no references
[2512.893s][debug][gc,ref         ] GC(281) Skipped phase 4 of Reference Processing: no references
[2512.894s][debug][gc,phases      ] GC(281) Reference Processing 0.044ms
[2512.894s][debug][gc,phases      ] GC(281)   VM Weak                        Min:  0.0, Avg:  0.0, Max:  0.0, Diff:  0.0, Sum:  0.0, Workers: 4
[2512.894s][debug][gc,phases      ] GC(281)     Dead                           Min: 0, Avg:  0.0, Max: 0, Diff: 0, Sum: 0, Workers: 4
[2512.894s][debug][gc,phases      ] GC(281)     Total                          Min: 0, Avg: 217.0, Max: 740, Diff: 740, Sum: 868, Workers: 4
[2512.894s][debug][gc,phases      ] GC(281)   ObjectSynchronizer Weak        Min:  0.0, Avg:  0.0, Max:  0.0, Diff:  0.0, Sum:  0.0, Workers: 4
[2512.894s][debug][gc,phases      ] GC(281)     Dead                           Min: 0, Avg:  0.0, Max: 0, Diff: 0, Sum: 0, Workers: 4
[2512.894s][debug][gc,phases      ] GC(281)     Total                          Min: 0, Avg:  1.0, Max: 4, Diff: 4, Sum: 4, Workers: 4
[2512.894s][debug][gc,phases      ] GC(281)   JVMTI Tag Weak OopStorage      Min:  0.0, Avg:  0.0, Max:  0.0, Diff:  0.0, Sum:  0.0, Workers: 4
[2512.894s][debug][gc,phases      ] GC(281)     Dead                           Min: 0, Avg:  0.0, Max: 0, Diff: 0, Sum: 0, Workers: 4
[2512.894s][debug][gc,phases      ] GC(281)     Total                          Min: 0, Avg:  0.0, Max: 0, Diff: 0, Sum: 0, Workers: 4
[2512.894s][debug][gc,phases      ] GC(281)   StringTable Weak               Min:  0.0, Avg:  0.1, Max:  0.1, Diff:  0.1, Sum:  0.4, Workers: 4
[2512.894s][debug][gc,phases      ] GC(281)     Dead                           Min: 0, Avg:  0.0, Max: 0, Diff: 0, Sum: 0, Workers: 4
[2512.894s][debug][gc,phases      ] GC(281)     Total                          Min: 0, Avg: 11236.5, Max: 20032, Diff: 20032, Sum: 44946, Workers: 4
[2512.894s][debug][gc,phases      ] GC(281)   ResolvedMethodTable Weak       Min:  0.0, Avg:  0.0, Max:  0.0, Diff:  0.0, Sum:  0.1, Workers: 4
[2512.894s][debug][gc,phases      ] GC(281)     Dead                           Min: 0, Avg:  0.0, Max: 0, Diff: 0, Sum: 0, Workers: 4
[2512.894s][debug][gc,phases      ] GC(281)     Total                          Min: 0, Avg: 2640.8, Max: 3715, Diff: 3715, Sum: 10563, Workers: 4
[2512.894s][debug][gc,phases      ] GC(281)   JNI Weak                       Min:  0.0, Avg:  0.0, Max:  0.0, Diff:  0.0, Sum:  0.0, Workers: 4
[2512.894s][debug][gc,phases      ] GC(281)     Dead                           Min: 0, Avg:  0.0, Max: 0, Diff: 0, Sum: 0, Workers: 4
[2512.894s][debug][gc,phases      ] GC(281)     Total                          Min: 0, Avg: 11.2, Max: 45, Diff: 45, Sum: 45, Workers: 4
[2512.894s][debug][gc,phases      ] GC(281)   StringDedup Table Weak         Min:  0.0, Avg:  0.0, Max:  0.0, Diff:  0.0, Sum:  0.0, Workers: 4
[2512.894s][debug][gc,phases      ] GC(281)     Dead                           Min: 0, Avg:  0.0, Max: 0, Diff: 0, Sum: 0, Workers: 4
[2512.894s][debug][gc,phases      ] GC(281)     Total                          Min: 0, Avg:  0.0, Max: 0, Diff: 0, Sum: 0, Workers: 4
[2512.894s][debug][gc,phases      ] GC(281)   StringDedup Requests0 Weak     Min:  0.0, Avg:  0.0, Max:  0.0, Diff:  0.0, Sum:  0.0, Workers: 4
[2512.894s][debug][gc,phases      ] GC(281)     Dead                           Min: 0, Avg:  0.0, Max: 0, Diff: 0, Sum: 0, Workers: 4
[2512.894s][debug][gc,phases      ] GC(281)     Total                          Min: 0, Avg:  0.0, Max: 0, Diff: 0, Sum: 0, Workers: 4
[2512.894s][debug][gc,phases      ] GC(281)   StringDedup Requests1 Weak     Min:  0.0, Avg:  0.0, Max:  0.0, Diff:  0.0, Sum:  0.0, Workers: 4
[2512.894s][debug][gc,phases      ] GC(281)     Dead                           Min: 0, Avg:  0.0, Max: 0, Diff: 0, Sum: 0, Workers: 4
[2512.894s][debug][gc,phases      ] GC(281)     Total                          Min: 0, Avg:  0.0, Max: 0, Diff: 0, Sum: 0, Workers: 4
[2512.894s][debug][gc,phases      ] GC(281)   Weak JFR Old Object Samples    Min:  0.0, Avg:  0.0, Max:  0.0, Diff:  0.0, Sum:  0.0, Workers: 4
[2512.894s][debug][gc,phases      ] GC(281)     Dead                           Min: 0, Avg:  0.0, Max: 0, Diff: 0, Sum: 0, Workers: 4
[2512.894s][debug][gc,phases      ] GC(281)     Total                          Min: 0, Avg:  0.0, Max: 0, Diff: 0, Sum: 0, Workers: 4
[2512.894s][debug][gc,phases      ] GC(281) Weak Processing 0.323ms
[2512.894s][debug][gc,age         ] GC(281) Desired survivor size 3670016 bytes, new threshold 15 (max threshold 15)
[2512.894s][info ][gc,heap        ] GC(281) PSYoungGen: 2091680K(2093568K)->2112K(2093056K) Eden: 2089472K(2089472K)->0K(2089472K) From: 2208K(4096K)->2112K(3584K)
[2512.894s][info ][gc,heap        ] GC(281) ParOldGen: 403945K(430080K)->403993K(430080K)
[2512.894s][info ][gc,metaspace   ] GC(281) Metaspace: 86015K(87040K)->86015K(87040K) NonClass: 73621K(74176K)->73621K(74176K) Class: 12394K(12864K)->12394K(12864K)
[2512.894s][info ][gc             ] GC(281) Pause Young (Allocation Failure) 2437M->396M(2464M) 3.397ms
[2512.894s][info ][gc,cpu         ] GC(281) User=0.01s Sys=0.00s Real=0.01s
[2512.894s][info ][safepoint      ] Safepoint "ParallelGCFailedAllocation", Time since last: 12247896913 ns, Reaching safepoint: 3900 ns, Cleanup: 30800 ns, At safepoint: 3459903 ns, Total: 3494603 ns
[2515.894s][info ][safepoint      ] Safepoint "Cleanup", Time since last: 3000208403 ns, Reaching safepoint: 72300 ns, Cleanup: 27300 ns, At safepoint: 6200 ns, Total: 105800 ns
[2525.396s][info ][gc,start       ] GC(282) Pause Young (Allocation Failure)
[2525.401s][debug][gc,phases      ] GC(282) Scavenge 4.621ms
[2525.401s][debug][gc,ref         ] GC(282) Skipped phase 1 of Reference Processing: no references
[2525.401s][debug][gc,ref         ] GC(282) Skipped phase 2 of Reference Processing: no references
[2525.401s][debug][gc,ref         ] GC(282) Skipped phase 3 of Reference Processing: no references
[2525.401s][debug][gc,ref         ] GC(282) Skipped phase 4 of Reference Processing: no references
[2525.401s][debug][gc,phases      ] GC(282) Reference Processing 0.023ms
[2525.401s][debug][gc,phases      ] GC(282)   VM Weak                        Min:  0.0, Avg:  0.0, Max:  0.0, Diff:  0.0, Sum:  0.0, Workers: 4
[2525.401s][debug][gc,phases      ] GC(282)     Dead                           Min: 0, Avg:  0.0, Max: 0, Diff: 0, Sum: 0, Workers: 4
[2525.401s][debug][gc,phases      ] GC(282)     Total                          Min: 0, Avg: 217.0, Max: 768, Diff: 768, Sum: 868, Workers: 4
[2525.401s][debug][gc,phases      ] GC(282)   ObjectSynchronizer Weak        Min:  0.0, Avg:  0.0, Max:  0.0, Diff:  0.0, Sum:  0.0, Workers: 4
[2525.401s][debug][gc,phases      ] GC(282)     Dead                           Min: 0, Avg:  0.0, Max: 0, Diff: 0, Sum: 0, Workers: 4
[2525.401s][debug][gc,phases      ] GC(282)     Total                          Min: 0, Avg:  0.8, Max: 3, Diff: 3, Sum: 3, Workers: 4
[2525.401s][debug][gc,phases      ] GC(282)   JVMTI Tag Weak OopStorage      Min:  0.0, Avg:  0.0, Max:  0.0, Diff:  0.0, Sum:  0.0, Workers: 4
[2525.401s][debug][gc,phases      ] GC(282)     Dead                           Min: 0, Avg:  0.0, Max: 0, Diff: 0, Sum: 0, Workers: 4
[2525.401s][debug][gc,phases      ] GC(282)     Total                          Min: 0, Avg:  0.0, Max: 0, Diff: 0, Sum: 0, Workers: 4
[2525.401s][debug][gc,phases      ] GC(282)   StringTable Weak               Min:  0.0, Avg:  0.1, Max:  0.2, Diff:  0.2, Sum:  0.3, Workers: 4
[2525.401s][debug][gc,phases      ] GC(282)     Dead                           Min: 0, Avg:  0.0, Max: 0, Diff: 0, Sum: 0, Workers: 4
[2525.401s][debug][gc,phases      ] GC(282)     Total                          Min: 0, Avg: 11236.8, Max: 28051, Diff: 28051, Sum: 44947, Workers: 4
[2525.401s][debug][gc,phases      ] GC(282)   ResolvedMethodTable Weak       Min:  0.0, Avg:  0.0, Max:  0.0, Diff:  0.0, Sum:  0.1, Workers: 4
[2525.401s][debug][gc,phases      ] GC(282)     Dead                           Min: 0, Avg:  0.0, Max: 0, Diff: 0, Sum: 0, Workers: 4
[2525.401s][debug][gc,phases      ] GC(282)     Total                          Min: 0, Avg: 2640.8, Max: 6592, Diff: 6592, Sum: 10563, Workers: 4
[2525.401s][debug][gc,phases      ] GC(282)   JNI Weak                       Min:  0.0, Avg:  0.0, Max:  0.0, Diff:  0.0, Sum:  0.0, Workers: 4
[2525.401s][debug][gc,phases      ] GC(282)     Dead                           Min: 0, Avg:  0.0, Max: 0, Diff: 0, Sum: 0, Workers: 4
[2525.401s][debug][gc,phases      ] GC(282)     Total                          Min: 0, Avg: 11.2, Max: 45, Diff: 45, Sum: 45, Workers: 4
[2525.401s][debug][gc,phases      ] GC(282)   StringDedup Table Weak         Min:  0.0, Avg:  0.0, Max:  0.0, Diff:  0.0, Sum:  0.0, Workers: 4
[2525.401s][debug][gc,phases      ] GC(282)     Dead                           Min: 0, Avg:  0.0, Max: 0, Diff: 0, Sum: 0, Workers: 4
[2525.401s][debug][gc,phases      ] GC(282)     Total                          Min: 0, Avg:  0.0, Max: 0, Diff: 0, Sum: 0, Workers: 4
[2525.401s][debug][gc,phases      ] GC(282)   StringDedup Requests0 Weak     Min:  0.0, Avg:  0.0, Max:  0.0, Diff:  0.0, Sum:  0.0, Workers: 4
[2525.401s][debug][gc,phases      ] GC(282)     Dead                           Min: 0, Avg:  0.0, Max: 0, Diff: 0, Sum: 0, Workers: 4
[2525.401s][debug][gc,phases      ] GC(282)     Total                          Min: 0, Avg:  0.0, Max: 0, Diff: 0, Sum: 0, Workers: 4
[2525.401s][debug][gc,phases      ] GC(282)   StringDedup Requests1 Weak     Min:  0.0, Avg:  0.0, Max:  0.0, Diff:  0.0, Sum:  0.0, Workers: 4
[2525.401s][debug][gc,phases      ] GC(282)     Dead                           Min: 0, Avg:  0.0, Max: 0, Diff: 0, Sum: 0, Workers: 4
[2525.401s][debug][gc,phases      ] GC(282)     Total                          Min: 0, Avg:  0.0, Max: 0, Diff: 0, Sum: 0, Workers: 4
[2525.401s][debug][gc,phases      ] GC(282)   Weak JFR Old Object Samples    Min:  0.0, Avg:  0.0, Max:  0.0, Diff:  0.0, Sum:  0.0, Workers: 4
[2525.401s][debug][gc,phases      ] GC(282)     Dead                           Min: 0, Avg:  0.0, Max: 0, Diff: 0, Sum: 0, Workers: 4
[2525.401s][debug][gc,phases      ] GC(282)     Total                          Min: 0, Avg:  0.0, Max: 0, Diff: 0, Sum: 0, Workers: 4
[2525.401s][debug][gc,phases      ] GC(282) Weak Processing 0.388ms
[2525.402s][debug][gc,age         ] GC(282) Desired survivor size 3670016 bytes, new threshold 15 (max threshold 15)
[2525.402s][info ][gc,heap        ] GC(282) PSYoungGen: 2091584K(2093056K)->2096K(2093568K) Eden: 2089472K(2089472K)->0K(2089984K) From: 2112K(3584K)->2096K(3584K)
[2525.402s][info ][gc,heap        ] GC(282) ParOldGen: 403993K(430080K)->404017K(430080K)
[2525.402s][info ][gc,metaspace   ] GC(282) Metaspace: 86015K(87040K)->86015K(87040K) NonClass: 73621K(74176K)->73621K(74176K) Class: 12394K(12864K)->12394K(12864K)
[2525.402s][info ][gc             ] GC(282) Pause Young (Allocation Failure) 2437M->396M(2464M) 5.153ms
[2525.402s][info ][gc,cpu         ] GC(282) User=0.01s Sys=0.01s Real=0.01s
[2525.402s][info ][safepoint      ] Safepoint "ParallelGCFailedAllocation", Time since last: 9502071926 ns, Reaching safepoint: 3800 ns, Cleanup: 37400 ns, At safepoint: 5222805 ns, Total: 5264005 ns
[2537.594s][info ][gc,start       ] GC(283) Pause Young (Allocation Failure)
[2537.597s][debug][gc,phases      ] GC(283) Scavenge 2.696ms
[2537.597s][debug][gc,ref         ] GC(283) Skipped phase 1 of Reference Processing: no references
[2537.597s][debug][gc,ref         ] GC(283) Skipped phase 2 of Reference Processing: no references
[2537.597s][debug][gc,ref         ] GC(283) Skipped phase 3 of Reference Processing: no references
[2537.597s][debug][gc,ref         ] GC(283) ReferenceProcessor::execute queues: 1, RefProcThreadModel::Single, marks_oops_alive: false
[2537.597s][debug][gc,phases      ] GC(283) Reference Processing 0.091ms
[2537.597s][debug][gc,phases      ] GC(283)   VM Weak                        Min:  0.0, Avg:  0.0, Max:  0.0, Diff:  0.0, Sum:  0.0, Workers: 4
[2537.597s][debug][gc,phases      ] GC(283)     Dead                           Min: 0, Avg:  0.0, Max: 0, Diff: 0, Sum: 0, Workers: 4
[2537.597s][debug][gc,phases      ] GC(283)     Total                          Min: 0, Avg: 217.0, Max: 676, Diff: 676, Sum: 868, Workers: 4
[2537.597s][debug][gc,phases      ] GC(283)   ObjectSynchronizer Weak        Min:  0.0, Avg:  0.0, Max:  0.0, Diff:  0.0, Sum:  0.0, Workers: 4
[2537.597s][debug][gc,phases      ] GC(283)     Dead                           Min: 0, Avg:  0.0, Max: 0, Diff: 0, Sum: 0, Workers: 4
[2537.597s][debug][gc,phases      ] GC(283)     Total                          Min: 0, Avg:  1.0, Max: 4, Diff: 4, Sum: 4, Workers: 4
[2537.597s][debug][gc,phases      ] GC(283)   JVMTI Tag Weak OopStorage      Min:  0.0, Avg:  0.0, Max:  0.0, Diff:  0.0, Sum:  0.0, Workers: 4
[2537.597s][debug][gc,phases      ] GC(283)     Dead                           Min: 0, Avg:  0.0, Max: 0, Diff: 0, Sum: 0, Workers: 4
[2537.597s][debug][gc,phases      ] GC(283)     Total                          Min: 0, Avg:  0.0, Max: 0, Diff: 0, Sum: 0, Workers: 4
[2537.597s][debug][gc,phases      ] GC(283)   StringTable Weak               Min:  0.0, Avg:  0.1, Max:  0.2, Diff:  0.2, Sum:  0.4, Workers: 4
[2537.597s][debug][gc,phases      ] GC(283)     Dead                           Min: 0, Avg:  0.0, Max: 0, Diff: 0, Sum: 0, Workers: 4
[2537.597s][debug][gc,phases      ] GC(283)     Total                          Min: 0, Avg: 11236.8, Max: 25299, Diff: 25299, Sum: 44947, Workers: 4
[2537.597s][debug][gc,phases      ] GC(283)   ResolvedMethodTable Weak       Min:  0.0, Avg:  0.0, Max:  0.0, Diff:  0.0, Sum:  0.1, Workers: 4
[2537.597s][debug][gc,phases      ] GC(283)     Dead                           Min: 0, Avg:  0.0, Max: 0, Diff: 0, Sum: 0, Workers: 4
[2537.597s][debug][gc,phases      ] GC(283)     Total                          Min: 0, Avg: 2640.8, Max: 6400, Diff: 6400, Sum: 10563, Workers: 4
[2537.597s][debug][gc,phases      ] GC(283)   JNI Weak                       Min:  0.0, Avg:  0.0, Max:  0.0, Diff:  0.0, Sum:  0.0, Workers: 4
[2537.597s][debug][gc,phases      ] GC(283)     Dead                           Min: 0, Avg:  0.0, Max: 0, Diff: 0, Sum: 0, Workers: 4
[2537.597s][debug][gc,phases      ] GC(283)     Total                          Min: 0, Avg: 11.2, Max: 45, Diff: 45, Sum: 45, Workers: 4
[2537.597s][debug][gc,phases      ] GC(283)   StringDedup Table Weak         Min:  0.0, Avg:  0.0, Max:  0.0, Diff:  0.0, Sum:  0.0, Workers: 4
[2537.597s][debug][gc,phases      ] GC(283)     Dead                           Min: 0, Avg:  0.0, Max: 0, Diff: 0, Sum: 0, Workers: 4
[2537.597s][debug][gc,phases      ] GC(283)     Total                          Min: 0, Avg:  0.0, Max: 0, Diff: 0, Sum: 0, Workers: 4
[2537.597s][debug][gc,phases      ] GC(283)   StringDedup Requests0 Weak     Min:  0.0, Avg:  0.0, Max:  0.0, Diff:  0.0, Sum:  0.0, Workers: 4
[2537.597s][debug][gc,phases      ] GC(283)     Dead                           Min: 0, Avg:  0.0, Max: 0, Diff: 0, Sum: 0, Workers: 4
[2537.597s][debug][gc,phases      ] GC(283)     Total                          Min: 0, Avg:  0.0, Max: 0, Diff: 0, Sum: 0, Workers: 4
[2537.597s][debug][gc,phases      ] GC(283)   StringDedup Requests1 Weak     Min:  0.0, Avg:  0.0, Max:  0.0, Diff:  0.0, Sum:  0.0, Workers: 4
[2537.597s][debug][gc,phases      ] GC(283)     Dead                           Min: 0, Avg:  0.0, Max: 0, Diff: 0, Sum: 0, Workers: 4
[2537.597s][debug][gc,phases      ] GC(283)     Total                          Min: 0, Avg:  0.0, Max: 0, Diff: 0, Sum: 0, Workers: 4
[2537.597s][debug][gc,phases      ] GC(283)   Weak JFR Old Object Samples    Min:  0.0, Avg:  0.0, Max:  0.0, Diff:  0.0, Sum:  0.0, Workers: 4
[2537.597s][debug][gc,phases      ] GC(283)     Dead                           Min: 0, Avg:  0.0, Max: 0, Diff: 0, Sum: 0, Workers: 4
[2537.597s][debug][gc,phases      ] GC(283)     Total                          Min: 0, Avg:  0.0, Max: 0, Diff: 0, Sum: 0, Workers: 4
[2537.597s][debug][gc,phases      ] GC(283) Weak Processing 0.415ms
[2537.597s][debug][gc,age         ] GC(283) Desired survivor size 3670016 bytes, new threshold 15 (max threshold 15)
[2537.597s][info ][gc,heap        ] GC(283) PSYoungGen: 2092080K(2093568K)->2080K(2093568K) Eden: 2089984K(2089984K)->0K(2089984K) From: 2096K(3584K)->2080K(3584K)
[2537.597s][info ][gc,heap        ] GC(283) ParOldGen: 404017K(430080K)->404065K(430080K)
[2537.597s][info ][gc,metaspace   ] GC(283) Metaspace: 86015K(87040K)->86015K(87040K) NonClass: 73621K(74176K)->73621K(74176K) Class: 12394K(12864K)->12394K(12864K)
[2537.597s][info ][gc             ] GC(283) Pause Young (Allocation Failure) 2437M->396M(2464M) 3.294ms
[2537.597s][info ][gc,cpu         ] GC(283) User=0.01s Sys=0.00s Real=0.00s
[2537.597s][info ][safepoint      ] Safepoint "ParallelGCFailedAllocation", Time since last: 12192418143 ns, Reaching safepoint: 8600 ns, Cleanup: 36200 ns, At safepoint: 3357403 ns, Total: 3402203 ns
[2549.742s][info ][gc,start       ] GC(284) Pause Young (Allocation Failure)
[2549.745s][debug][gc,phases      ] GC(284) Scavenge 2.852ms
[2549.745s][debug][gc,ref         ] GC(284) Skipped phase 1 of Reference Processing: no references
[2549.745s][debug][gc,ref         ] GC(284) ReferenceProcessor::execute queues: 1, RefProcThreadModel::Single, marks_oops_alive: false
[2549.745s][debug][gc,ref         ] GC(284) Skipped phase 3 of Reference Processing: no references
[2549.745s][debug][gc,ref         ] GC(284) Skipped phase 4 of Reference Processing: no references
[2549.745s][debug][gc,phases      ] GC(284) Reference Processing 0.088ms
[2549.745s][debug][gc,phases      ] GC(284)   VM Weak                        Min:  0.0, Avg:  0.0, Max:  0.0, Diff:  0.0, Sum:  0.0, Workers: 4
[2549.745s][debug][gc,phases      ] GC(284)     Dead                           Min: 0, Avg:  0.0, Max: 0, Diff: 0, Sum: 0, Workers: 4
[2549.745s][debug][gc,phases      ] GC(284)     Total                          Min: 100, Avg: 217.0, Max: 384, Diff: 284, Sum: 868, Workers: 4
[2549.745s][debug][gc,phases      ] GC(284)   ObjectSynchronizer Weak        Min:  0.0, Avg:  0.0, Max:  0.0, Diff:  0.0, Sum:  0.0, Workers: 4
[2549.745s][debug][gc,phases      ] GC(284)     Dead                           Min: 0, Avg:  0.0, Max: 0, Diff: 0, Sum: 0, Workers: 4
[2549.745s][debug][gc,phases      ] GC(284)     Total                          Min: 0, Avg:  1.0, Max: 4, Diff: 4, Sum: 4, Workers: 4
[2549.745s][debug][gc,phases      ] GC(284)   JVMTI Tag Weak OopStorage      Min:  0.0, Avg:  0.0, Max:  0.0, Diff:  0.0, Sum:  0.0, Workers: 4
[2549.745s][debug][gc,phases      ] GC(284)     Dead                           Min: 0, Avg:  0.0, Max: 0, Diff: 0, Sum: 0, Workers: 4
[2549.745s][debug][gc,phases      ] GC(284)     Total                          Min: 0, Avg:  0.0, Max: 0, Diff: 0, Sum: 0, Workers: 4
[2549.745s][debug][gc,phases      ] GC(284)   StringTable Weak               Min:  0.1, Avg:  0.1, Max:  0.1, Diff:  0.0, Sum:  0.4, Workers: 4
[2549.745s][debug][gc,phases      ] GC(284)     Dead                           Min: 0, Avg:  0.0, Max: 0, Diff: 0, Sum: 0, Workers: 4
[2549.745s][debug][gc,phases      ] GC(284)     Total                          Min: 10752, Avg: 11236.8, Max: 11520, Diff: 768, Sum: 44947, Workers: 4
[2549.745s][debug][gc,phases      ] GC(284)   ResolvedMethodTable Weak       Min:  0.0, Avg:  0.0, Max:  0.0, Diff:  0.0, Sum:  0.1, Workers: 4
[2549.745s][debug][gc,phases      ] GC(284)     Dead                           Min: 0, Avg:  0.0, Max: 0, Diff: 0, Sum: 0, Workers: 4
[2549.745s][debug][gc,phases      ] GC(284)     Total                          Min: 2496, Avg: 2640.8, Max: 2752, Diff: 256, Sum: 10563, Workers: 4
[2549.745s][debug][gc,phases      ] GC(284)   JNI Weak                       Min:  0.0, Avg:  0.0, Max:  0.0, Diff:  0.0, Sum:  0.0, Workers: 4
[2549.745s][debug][gc,phases      ] GC(284)     Dead                           Min: 0, Avg:  0.0, Max: 0, Diff: 0, Sum: 0, Workers: 4
[2549.745s][debug][gc,phases      ] GC(284)     Total                          Min: 0, Avg: 11.2, Max: 45, Diff: 45, Sum: 45, Workers: 4
[2549.745s][debug][gc,phases      ] GC(284)   StringDedup Table Weak         Min:  0.0, Avg:  0.0, Max:  0.0, Diff:  0.0, Sum:  0.0, Workers: 4
[2549.745s][debug][gc,phases      ] GC(284)     Dead                           Min: 0, Avg:  0.0, Max: 0, Diff: 0, Sum: 0, Workers: 4
[2549.745s][debug][gc,phases      ] GC(284)     Total                          Min: 0, Avg:  0.0, Max: 0, Diff: 0, Sum: 0, Workers: 4
[2549.745s][debug][gc,phases      ] GC(284)   StringDedup Requests0 Weak     Min:  0.0, Avg:  0.0, Max:  0.0, Diff:  0.0, Sum:  0.0, Workers: 4
[2549.745s][debug][gc,phases      ] GC(284)     Dead                           Min: 0, Avg:  0.0, Max: 0, Diff: 0, Sum: 0, Workers: 4
[2549.745s][debug][gc,phases      ] GC(284)     Total                          Min: 0, Avg:  0.0, Max: 0, Diff: 0, Sum: 0, Workers: 4
[2549.745s][debug][gc,phases      ] GC(284)   StringDedup Requests1 Weak     Min:  0.0, Avg:  0.0, Max:  0.0, Diff:  0.0, Sum:  0.0, Workers: 4
[2549.745s][debug][gc,phases      ] GC(284)     Dead                           Min: 0, Avg:  0.0, Max: 0, Diff: 0, Sum: 0, Workers: 4
[2549.745s][debug][gc,phases      ] GC(284)     Total                          Min: 0, Avg:  0.0, Max: 0, Diff: 0, Sum: 0, Workers: 4
[2549.745s][debug][gc,phases      ] GC(284)   Weak JFR Old Object Samples    Min:  0.0, Avg:  0.0, Max:  0.0, Diff:  0.0, Sum:  0.0, Workers: 4
[2549.745s][debug][gc,phases      ] GC(284)     Dead                           Min: 0, Avg:  0.0, Max: 0, Diff: 0, Sum: 0, Workers: 4
[2549.745s][debug][gc,phases      ] GC(284)     Total                          Min: 0, Avg:  0.0, Max: 0, Diff: 0, Sum: 0, Workers: 4
[2549.745s][debug][gc,phases      ] GC(284) Weak Processing 0.297ms
[2549.745s][debug][gc,age         ] GC(284) Desired survivor size 3670016 bytes, new threshold 15 (max threshold 15)
[2549.745s][info ][gc,heap        ] GC(284) PSYoungGen: 2092064K(2093568K)->1632K(2093568K) Eden: 2089984K(2089984K)->0K(2089984K) From: 2080K(3584K)->1632K(3584K)
[2549.745s][info ][gc,heap        ] GC(284) ParOldGen: 404065K(430080K)->404589K(430080K)
[2549.745s][info ][gc,metaspace   ] GC(284) Metaspace: 86015K(87040K)->86015K(87040K) NonClass: 73621K(74176K)->73621K(74176K) Class: 12394K(12864K)->12394K(12864K)
[2549.745s][info ][gc             ] GC(284) Pause Young (Allocation Failure) 2437M->396M(2464M) 3.325ms
[2549.745s][info ][gc,cpu         ] GC(284) User=0.01s Sys=0.00s Real=0.00s
[2549.745s][info ][safepoint      ] Safepoint "ParallelGCFailedAllocation", Time since last: 12144185619 ns, Reaching safepoint: 71600 ns, Cleanup: 28700 ns, At safepoint: 3387018 ns, Total: 3487318 ns
[2561.888s][info ][gc,start       ] GC(285) Pause Young (Allocation Failure)
[2561.890s][debug][gc,phases      ] GC(285) Scavenge 2.603ms
[2561.890s][debug][gc,ref         ] GC(285) Skipped phase 1 of Reference Processing: no references
[2561.890s][debug][gc,ref         ] GC(285) ReferenceProcessor::execute queues: 1, RefProcThreadModel::Single, marks_oops_alive: false
[2561.890s][debug][gc,ref         ] GC(285) Skipped phase 3 of Reference Processing: no references
[2561.890s][debug][gc,ref         ] GC(285) Skipped phase 4 of Reference Processing: no references
[2561.890s][debug][gc,phases      ] GC(285) Reference Processing 0.088ms
[2561.891s][debug][gc,phases      ] GC(285)   VM Weak                        Min:  0.0, Avg:  0.0, Max:  0.0, Diff:  0.0, Sum:  0.0, Workers: 4
[2561.891s][debug][gc,phases      ] GC(285)     Dead                           Min: 0, Avg:  0.0, Max: 0, Diff: 0, Sum: 0, Workers: 4
[2561.891s][debug][gc,phases      ] GC(285)     Total                          Min: 0, Avg: 217.0, Max: 576, Diff: 576, Sum: 868, Workers: 4
[2561.891s][debug][gc,phases      ] GC(285)   ObjectSynchronizer Weak        Min:  0.0, Avg:  0.0, Max:  0.0, Diff:  0.0, Sum:  0.0, Workers: 4
[2561.891s][debug][gc,phases      ] GC(285)     Dead                           Min: 0, Avg:  0.0, Max: 0, Diff: 0, Sum: 0, Workers: 4
[2561.891s][debug][gc,phases      ] GC(285)     Total                          Min: 0, Avg:  1.0, Max: 4, Diff: 4, Sum: 4, Workers: 4
[2561.891s][debug][gc,phases      ] GC(285)   JVMTI Tag Weak OopStorage      Min:  0.0, Avg:  0.0, Max:  0.0, Diff:  0.0, Sum:  0.0, Workers: 4
[2561.891s][debug][gc,phases      ] GC(285)     Dead                           Min: 0, Avg:  0.0, Max: 0, Diff: 0, Sum: 0, Workers: 4
[2561.891s][debug][gc,phases      ] GC(285)     Total                          Min: 0, Avg:  0.0, Max: 0, Diff: 0, Sum: 0, Workers: 4
[2561.891s][debug][gc,phases      ] GC(285)   StringTable Weak               Min:  0.0, Avg:  0.1, Max:  0.1, Diff:  0.1, Sum:  0.4, Workers: 4
[2561.891s][debug][gc,phases      ] GC(285)     Dead                           Min: 0, Avg:  0.0, Max: 0, Diff: 0, Sum: 0, Workers: 4
[2561.891s][debug][gc,phases      ] GC(285)     Total                          Min: 0, Avg: 11236.8, Max: 19411, Diff: 19411, Sum: 44947, Workers: 4
[2561.891s][debug][gc,phases      ] GC(285)   ResolvedMethodTable Weak       Min:  0.0, Avg:  0.0, Max:  0.0, Diff:  0.0, Sum:  0.1, Workers: 4
[2561.891s][debug][gc,phases      ] GC(285)     Dead                           Min: 0, Avg:  0.0, Max: 0, Diff: 0, Sum: 0, Workers: 4
[2561.891s][debug][gc,phases      ] GC(285)     Total                          Min: 0, Avg: 2640.8, Max: 4608, Diff: 4608, Sum: 10563, Workers: 4
[2561.891s][debug][gc,phases      ] GC(285)   JNI Weak                       Min:  0.0, Avg:  0.0, Max:  0.0, Diff:  0.0, Sum:  0.0, Workers: 4
[2561.891s][debug][gc,phases      ] GC(285)     Dead                           Min: 0, Avg:  0.0, Max: 0, Diff: 0, Sum: 0, Workers: 4
[2561.891s][debug][gc,phases      ] GC(285)     Total                          Min: 0, Avg: 11.2, Max: 45, Diff: 45, Sum: 45, Workers: 4
[2561.891s][debug][gc,phases      ] GC(285)   StringDedup Table Weak         Min:  0.0, Avg:  0.0, Max:  0.0, Diff:  0.0, Sum:  0.0, Workers: 4
[2561.891s][debug][gc,phases      ] GC(285)     Dead                           Min: 0, Avg:  0.0, Max: 0, Diff: 0, Sum: 0, Workers: 4
[2561.891s][debug][gc,phases      ] GC(285)     Total                          Min: 0, Avg:  0.0, Max: 0, Diff: 0, Sum: 0, Workers: 4
[2561.891s][debug][gc,phases      ] GC(285)   StringDedup Requests0 Weak     Min:  0.0, Avg:  0.0, Max:  0.0, Diff:  0.0, Sum:  0.0, Workers: 4
[2561.891s][debug][gc,phases      ] GC(285)     Dead                           Min: 0, Avg:  0.0, Max: 0, Diff: 0, Sum: 0, Workers: 4
[2561.891s][debug][gc,phases      ] GC(285)     Total                          Min: 0, Avg:  0.0, Max: 0, Diff: 0, Sum: 0, Workers: 4
[2561.891s][debug][gc,phases      ] GC(285)   StringDedup Requests1 Weak     Min:  0.0, Avg:  0.0, Max:  0.0, Diff:  0.0, Sum:  0.0, Workers: 4
[2561.891s][debug][gc,phases      ] GC(285)     Dead                           Min: 0, Avg:  0.0, Max: 0, Diff: 0, Sum: 0, Workers: 4
[2561.891s][debug][gc,phases      ] GC(285)     Total                          Min: 0, Avg:  0.0, Max: 0, Diff: 0, Sum: 0, Workers: 4
[2561.891s][debug][gc,phases      ] GC(285)   Weak JFR Old Object Samples    Min:  0.0, Avg:  0.0, Max:  0.0, Diff:  0.0, Sum:  0.0, Workers: 4
[2561.891s][debug][gc,phases      ] GC(285)     Dead                           Min: 0, Avg:  0.0, Max: 0, Diff: 0, Sum: 0, Workers: 4
[2561.891s][debug][gc,phases      ] GC(285)     Total                          Min: 0, Avg:  0.0, Max: 0, Diff: 0, Sum: 0, Workers: 4
[2561.891s][debug][gc,phases      ] GC(285) Weak Processing 0.327ms
[2561.891s][debug][gc,age         ] GC(285) Desired survivor size 3670016 bytes, new threshold 15 (max threshold 15)
[2561.891s][info ][gc,heap        ] GC(285) PSYoungGen: 2091616K(2093568K)->1648K(2093568K) Eden: 2089984K(2089984K)->0K(2089984K) From: 1632K(3584K)->1648K(3584K)
[2561.891s][info ][gc,heap        ] GC(285) ParOldGen: 404589K(430080K)->404629K(430080K)
[2561.891s][info ][gc,metaspace   ] GC(285) Metaspace: 86016K(87040K)->86016K(87040K) NonClass: 73622K(74176K)->73622K(74176K) Class: 12394K(12864K)->12394K(12864K)
[2561.891s][info ][gc             ] GC(285) Pause Young (Allocation Failure) 2437M->396M(2464M) 3.116ms
[2561.891s][info ][gc,cpu         ] GC(285) User=0.01s Sys=0.00s Real=0.00s
[2561.891s][info ][safepoint      ] Safepoint "ParallelGCFailedAllocation", Time since last: 12142515158 ns, Reaching safepoint: 3600 ns, Cleanup: 29500 ns, At safepoint: 3182103 ns, Total: 3215203 ns
[2568.891s][info ][safepoint      ] Safepoint "Cleanup", Time since last: 7000426268 ns, Reaching safepoint: 73900 ns, Cleanup: 34200 ns, At safepoint: 5500 ns, Total: 113600 ns
[2573.743s][info ][gc,start       ] GC(286) Pause Young (Allocation Failure)
[2573.746s][debug][gc,phases      ] GC(286) Scavenge 2.532ms
[2573.746s][debug][gc,ref         ] GC(286) Skipped phase 1 of Reference Processing: no references
[2573.746s][debug][gc,ref         ] GC(286) ReferenceProcessor::execute queues: 1, RefProcThreadModel::Single, marks_oops_alive: false
[2573.746s][debug][gc,ref         ] GC(286) Skipped phase 3 of Reference Processing: no references
[2573.746s][debug][gc,ref         ] GC(286) Skipped phase 4 of Reference Processing: no references
[2573.746s][debug][gc,phases      ] GC(286) Reference Processing 0.091ms
[2573.746s][debug][gc,phases      ] GC(286)   VM Weak                        Min:  0.0, Avg:  0.0, Max:  0.0, Diff:  0.0, Sum:  0.0, Workers: 4
[2573.746s][debug][gc,phases      ] GC(286)     Dead                           Min: 0, Avg:  0.0, Max: 0, Diff: 0, Sum: 0, Workers: 4
[2573.746s][debug][gc,phases      ] GC(286)     Total                          Min: 0, Avg: 217.0, Max: 612, Diff: 612, Sum: 868, Workers: 4
[2573.746s][debug][gc,phases      ] GC(286)   ObjectSynchronizer Weak        Min:  0.0, Avg:  0.0, Max:  0.0, Diff:  0.0, Sum:  0.0, Workers: 4
[2573.746s][debug][gc,phases      ] GC(286)     Dead                           Min: 0, Avg:  0.0, Max: 0, Diff: 0, Sum: 0, Workers: 4
[2573.746s][debug][gc,phases      ] GC(286)     Total                          Min: 0, Avg:  1.0, Max: 4, Diff: 4, Sum: 4, Workers: 4
[2573.746s][debug][gc,phases      ] GC(286)   JVMTI Tag Weak OopStorage      Min:  0.0, Avg:  0.0, Max:  0.0, Diff:  0.0, Sum:  0.0, Workers: 4
[2573.746s][debug][gc,phases      ] GC(286)     Dead                           Min: 0, Avg:  0.0, Max: 0, Diff: 0, Sum: 0, Workers: 4
[2573.746s][debug][gc,phases      ] GC(286)     Total                          Min: 0, Avg:  0.0, Max: 0, Diff: 0, Sum: 0, Workers: 4
[2573.746s][debug][gc,phases      ] GC(286)   StringTable Weak               Min:  0.0, Avg:  0.1, Max:  0.1, Diff:  0.1, Sum:  0.4, Workers: 4
[2573.746s][debug][gc,phases      ] GC(286)     Dead                           Min: 0, Avg:  0.0, Max: 0, Diff: 0, Sum: 0, Workers: 4
[2573.746s][debug][gc,phases      ] GC(286)     Total                          Min: 0, Avg: 11236.8, Max: 19283, Diff: 19283, Sum: 44947, Workers: 4
[2573.746s][debug][gc,phases      ] GC(286)   ResolvedMethodTable Weak       Min:  0.0, Avg:  0.0, Max:  0.0, Diff:  0.0, Sum:  0.1, Workers: 4
[2573.746s][debug][gc,phases      ] GC(286)     Dead                           Min: 0, Avg:  0.0, Max: 0, Diff: 0, Sum: 0, Workers: 4
[2573.746s][debug][gc,phases      ] GC(286)     Total                          Min: 0, Avg: 2640.8, Max: 4675, Diff: 4675, Sum: 10563, Workers: 4
[2573.746s][debug][gc,phases      ] GC(286)   JNI Weak                       Min:  0.0, Avg:  0.0, Max:  0.0, Diff:  0.0, Sum:  0.0, Workers: 4
[2573.746s][debug][gc,phases      ] GC(286)     Dead                           Min: 0, Avg:  0.0, Max: 0, Diff: 0, Sum: 0, Workers: 4
[2573.746s][debug][gc,phases      ] GC(286)     Total                          Min: 0, Avg: 11.2, Max: 45, Diff: 45, Sum: 45, Workers: 4
[2573.746s][debug][gc,phases      ] GC(286)   StringDedup Table Weak         Min:  0.0, Avg:  0.0, Max:  0.0, Diff:  0.0, Sum:  0.0, Workers: 4
[2573.746s][debug][gc,phases      ] GC(286)     Dead                           Min: 0, Avg:  0.0, Max: 0, Diff: 0, Sum: 0, Workers: 4
[2573.746s][debug][gc,phases      ] GC(286)     Total                          Min: 0, Avg:  0.0, Max: 0, Diff: 0, Sum: 0, Workers: 4
[2573.746s][debug][gc,phases      ] GC(286)   StringDedup Requests0 Weak     Min:  0.0, Avg:  0.0, Max:  0.0, Diff:  0.0, Sum:  0.0, Workers: 4
[2573.746s][debug][gc,phases      ] GC(286)     Dead                           Min: 0, Avg:  0.0, Max: 0, Diff: 0, Sum: 0, Workers: 4
[2573.746s][debug][gc,phases      ] GC(286)     Total                          Min: 0, Avg:  0.0, Max: 0, Diff: 0, Sum: 0, Workers: 4
[2573.746s][debug][gc,phases      ] GC(286)   StringDedup Requests1 Weak     Min:  0.0, Avg:  0.0, Max:  0.0, Diff:  0.0, Sum:  0.0, Workers: 4
[2573.746s][debug][gc,phases      ] GC(286)     Dead                           Min: 0, Avg:  0.0, Max: 0, Diff: 0, Sum: 0, Workers: 4
[2573.746s][debug][gc,phases      ] GC(286)     Total                          Min: 0, Avg:  0.0, Max: 0, Diff: 0, Sum: 0, Workers: 4
[2573.746s][debug][gc,phases      ] GC(286)   Weak JFR Old Object Samples    Min:  0.0, Avg:  0.0, Max:  0.0, Diff:  0.0, Sum:  0.0, Workers: 4
[2573.746s][debug][gc,phases      ] GC(286)     Dead                           Min: 0, Avg:  0.0, Max: 0, Diff: 0, Sum: 0, Workers: 4
[2573.746s][debug][gc,phases      ] GC(286)     Total                          Min: 0, Avg:  0.0, Max: 0, Diff: 0, Sum: 0, Workers: 4
[2573.746s][debug][gc,phases      ] GC(286) Weak Processing 0.323ms
[2573.746s][debug][gc,age         ] GC(286) Desired survivor size 3670016 bytes, new threshold 15 (max threshold 15)
[2573.746s][info ][gc,heap        ] GC(286) PSYoungGen: 2091632K(2093568K)->1584K(2093568K) Eden: 2089984K(2089984K)->0K(2089984K) From: 1648K(3584K)->1584K(3584K)
[2573.746s][info ][gc,heap        ] GC(286) ParOldGen: 404629K(430080K)->404661K(430080K)
[2573.746s][info ][gc,metaspace   ] GC(286) Metaspace: 86026K(87040K)->86026K(87040K) NonClass: 73632K(74176K)->73632K(74176K) Class: 12394K(12864K)->12394K(12864K)
[2573.746s][info ][gc             ] GC(286) Pause Young (Allocation Failure) 2437M->396M(2464M) 3.035ms
[2573.746s][info ][gc,cpu         ] GC(286) User=0.01s Sys=0.00s Real=0.00s
[2573.746s][info ][safepoint      ] Safepoint "ParallelGCFailedAllocation", Time since last: 4851798635 ns, Reaching safepoint: 3600 ns, Cleanup: 20700 ns, At safepoint: 3118208 ns, Total: 3142508 ns
[2583.684s][info ][safepoint      ] Safepoint "Cleanup", Time since last: 9938016869 ns, Reaching safepoint: 4200 ns, Cleanup: 33000 ns, At safepoint: 3500 ns, Total: 40700 ns
[2585.896s][info ][gc,start       ] GC(287) Pause Young (Allocation Failure)
[2585.900s][debug][gc,phases      ] GC(287) Scavenge 4.266ms
[2585.900s][debug][gc,ref         ] GC(287) Skipped phase 1 of Reference Processing: no references
[2585.900s][debug][gc,ref         ] GC(287) ReferenceProcessor::execute queues: 1, RefProcThreadModel::Single, marks_oops_alive: false
[2585.900s][debug][gc,ref         ] GC(287) Skipped phase 3 of Reference Processing: no references
[2585.900s][debug][gc,ref         ] GC(287) Skipped phase 4 of Reference Processing: no references
[2585.900s][debug][gc,phases      ] GC(287) Reference Processing 0.088ms
[2585.900s][debug][gc,phases      ] GC(287)   VM Weak                        Min:  0.0, Avg:  0.0, Max:  0.0, Diff:  0.0, Sum:  0.0, Workers: 4
[2585.900s][debug][gc,phases      ] GC(287)     Dead                           Min: 0, Avg:  0.0, Max: 0, Diff: 0, Sum: 0, Workers: 4
[2585.900s][debug][gc,phases      ] GC(287)     Total                          Min: 0, Avg: 217.0, Max: 448, Diff: 448, Sum: 868, Workers: 4
[2585.900s][debug][gc,phases      ] GC(287)   ObjectSynchronizer Weak        Min:  0.0, Avg:  0.0, Max:  0.0, Diff:  0.0, Sum:  0.0, Workers: 4
[2585.900s][debug][gc,phases      ] GC(287)     Dead                           Min: 0, Avg:  0.0, Max: 0, Diff: 0, Sum: 0, Workers: 4
[2585.900s][debug][gc,phases      ] GC(287)     Total                          Min: 0, Avg:  1.0, Max: 4, Diff: 4, Sum: 4, Workers: 4
[2585.900s][debug][gc,phases      ] GC(287)   JVMTI Tag Weak OopStorage      Min:  0.0, Avg:  0.0, Max:  0.0, Diff:  0.0, Sum:  0.0, Workers: 4
[2585.900s][debug][gc,phases      ] GC(287)     Dead                           Min: 0, Avg:  0.0, Max: 0, Diff: 0, Sum: 0, Workers: 4
[2585.900s][debug][gc,phases      ] GC(287)     Total                          Min: 0, Avg:  0.0, Max: 0, Diff: 0, Sum: 0, Workers: 4
[2585.900s][debug][gc,phases      ] GC(287)   StringTable Weak               Min:  0.0, Avg:  0.1, Max:  0.1, Diff:  0.1, Sum:  0.4, Workers: 4
[2585.900s][debug][gc,phases      ] GC(287)     Dead                           Min: 0, Avg:  0.0, Max: 0, Diff: 0, Sum: 0, Workers: 4
[2585.900s][debug][gc,phases      ] GC(287)     Total                          Min: 0, Avg: 11236.8, Max: 15187, Diff: 15187, Sum: 44947, Workers: 4
[2585.900s][debug][gc,phases      ] GC(287)   ResolvedMethodTable Weak       Min:  0.0, Avg:  0.0, Max:  0.0, Diff:  0.0, Sum:  0.1, Workers: 4
[2585.900s][debug][gc,phases      ] GC(287)     Dead                           Min: 0, Avg:  0.0, Max: 0, Diff: 0, Sum: 0, Workers: 4
[2585.900s][debug][gc,phases      ] GC(287)     Total                          Min: 0, Avg: 2640.8, Max: 3712, Diff: 3712, Sum: 10563, Workers: 4
[2585.900s][debug][gc,phases      ] GC(287)   JNI Weak                       Min:  0.0, Avg:  0.0, Max:  0.0, Diff:  0.0, Sum:  0.0, Workers: 4
[2585.900s][debug][gc,phases      ] GC(287)     Dead                           Min: 0, Avg:  0.0, Max: 0, Diff: 0, Sum: 0, Workers: 4
[2585.900s][debug][gc,phases      ] GC(287)     Total                          Min: 0, Avg: 11.2, Max: 45, Diff: 45, Sum: 45, Workers: 4
[2585.900s][debug][gc,phases      ] GC(287)   StringDedup Table Weak         Min:  0.0, Avg:  0.0, Max:  0.0, Diff:  0.0, Sum:  0.0, Workers: 4
[2585.900s][debug][gc,phases      ] GC(287)     Dead                           Min: 0, Avg:  0.0, Max: 0, Diff: 0, Sum: 0, Workers: 4
[2585.900s][debug][gc,phases      ] GC(287)     Total                          Min: 0, Avg:  0.0, Max: 0, Diff: 0, Sum: 0, Workers: 4
[2585.900s][debug][gc,phases      ] GC(287)   StringDedup Requests0 Weak     Min:  0.0, Avg:  0.0, Max:  0.0, Diff:  0.0, Sum:  0.0, Workers: 4
[2585.900s][debug][gc,phases      ] GC(287)     Dead                           Min: 0, Avg:  0.0, Max: 0, Diff: 0, Sum: 0, Workers: 4
[2585.900s][debug][gc,phases      ] GC(287)     Total                          Min: 0, Avg:  0.0, Max: 0, Diff: 0, Sum: 0, Workers: 4
[2585.900s][debug][gc,phases      ] GC(287)   StringDedup Requests1 Weak     Min:  0.0, Avg:  0.0, Max:  0.0, Diff:  0.0, Sum:  0.0, Workers: 4
[2585.900s][debug][gc,phases      ] GC(287)     Dead                           Min: 0, Avg:  0.0, Max: 0, Diff: 0, Sum: 0, Workers: 4
[2585.900s][debug][gc,phases      ] GC(287)     Total                          Min: 0, Avg:  0.0, Max: 0, Diff: 0, Sum: 0, Workers: 4
[2585.900s][debug][gc,phases      ] GC(287)   Weak JFR Old Object Samples    Min:  0.0, Avg:  0.0, Max:  0.0, Diff:  0.0, Sum:  0.0, Workers: 4
[2585.900s][debug][gc,phases      ] GC(287)     Dead                           Min: 0, Avg:  0.0, Max: 0, Diff: 0, Sum: 0, Workers: 4
[2585.900s][debug][gc,phases      ] GC(287)     Total                          Min: 0, Avg:  0.0, Max: 0, Diff: 0, Sum: 0, Workers: 4
[2585.900s][debug][gc,phases      ] GC(287) Weak Processing 0.339ms
[2585.900s][debug][gc,age         ] GC(287) Desired survivor size 3670016 bytes, new threshold 15 (max threshold 15)
[2585.900s][info ][gc,heap        ] GC(287) PSYoungGen: 2091568K(2093568K)->1856K(2093568K) Eden: 2089984K(2089984K)->0K(2089984K) From: 1584K(3584K)->1856K(3584K)
[2585.900s][info ][gc,heap        ] GC(287) ParOldGen: 404661K(430080K)->404669K(430080K)
[2585.900s][info ][gc,metaspace   ] GC(287) Metaspace: 86060K(87104K)->86060K(87104K) NonClass: 73666K(74240K)->73666K(74240K) Class: 12394K(12864K)->12394K(12864K)
[2585.900s][info ][gc             ] GC(287) Pause Young (Allocation Failure) 2437M->396M(2464M) 4.793ms
[2585.900s][info ][gc,cpu         ] GC(287) User=0.01s Sys=0.00s Real=0.00s
[2585.900s][info ][safepoint      ] Safepoint "ParallelGCFailedAllocation", Time since last: 2211137067 ns, Reaching safepoint: 3700 ns, Cleanup: 27400 ns, At safepoint: 4859115 ns, Total: 4890215 ns
[2592.901s][info ][safepoint      ] Safepoint "Cleanup", Time since last: 7000415078 ns, Reaching safepoint: 7600 ns, Cleanup: 45100 ns, At safepoint: 7100 ns, Total: 59800 ns
[2600.901s][info ][safepoint      ] Safepoint "Cleanup", Time since last: 8000522244 ns, Reaching safepoint: 4500 ns, Cleanup: 43400 ns, At safepoint: 8000 ns, Total: 55900 ns
[2602.092s][info ][gc,start       ] GC(288) Pause Young (Allocation Failure)
[2602.096s][debug][gc,phases      ] GC(288) Scavenge 4.192ms
[2602.096s][debug][gc,ref         ] GC(288) Skipped phase 1 of Reference Processing: no references
[2602.096s][debug][gc,ref         ] GC(288) ReferenceProcessor::execute queues: 1, RefProcThreadModel::Single, marks_oops_alive: false
[2602.096s][debug][gc,ref         ] GC(288) Skipped phase 3 of Reference Processing: no references
[2602.096s][debug][gc,ref         ] GC(288) Skipped phase 4 of Reference Processing: no references
[2602.096s][debug][gc,phases      ] GC(288) Reference Processing 0.100ms
[2602.096s][debug][gc,phases      ] GC(288)   VM Weak                        Min:  0.0, Avg:  0.0, Max:  0.0, Diff:  0.0, Sum:  0.0, Workers: 4
[2602.096s][debug][gc,phases      ] GC(288)     Dead                           Min: 0, Avg:  0.0, Max: 0, Diff: 0, Sum: 0, Workers: 4
[2602.096s][debug][gc,phases      ] GC(288)     Total                          Min: 0, Avg: 217.0, Max: 676, Diff: 676, Sum: 868, Workers: 4
[2602.096s][debug][gc,phases      ] GC(288)   ObjectSynchronizer Weak        Min:  0.0, Avg:  0.0, Max:  0.0, Diff:  0.0, Sum:  0.0, Workers: 4
[2602.096s][debug][gc,phases      ] GC(288)     Dead                           Min: 0, Avg:  0.0, Max: 0, Diff: 0, Sum: 0, Workers: 4
[2602.096s][debug][gc,phases      ] GC(288)     Total                          Min: 0, Avg:  1.0, Max: 4, Diff: 4, Sum: 4, Workers: 4
[2602.096s][debug][gc,phases      ] GC(288)   JVMTI Tag Weak OopStorage      Min:  0.0, Avg:  0.0, Max:  0.0, Diff:  0.0, Sum:  0.0, Workers: 4
[2602.096s][debug][gc,phases      ] GC(288)     Dead                           Min: 0, Avg:  0.0, Max: 0, Diff: 0, Sum: 0, Workers: 4
[2602.096s][debug][gc,phases      ] GC(288)     Total                          Min: 0, Avg:  0.0, Max: 0, Diff: 0, Sum: 0, Workers: 4
[2602.096s][debug][gc,phases      ] GC(288)   StringTable Weak               Min:  0.0, Avg:  0.1, Max:  0.1, Diff:  0.1, Sum:  0.4, Workers: 4
[2602.096s][debug][gc,phases      ] GC(288)     Dead                           Min: 0, Avg:  0.0, Max: 0, Diff: 0, Sum: 0, Workers: 4
[2602.096s][debug][gc,phases      ] GC(288)     Total                          Min: 0, Avg: 11236.8, Max: 19539, Diff: 19539, Sum: 44947, Workers: 4
[2602.096s][debug][gc,phases      ] GC(288)   ResolvedMethodTable Weak       Min:  0.0, Avg:  0.0, Max:  0.0, Diff:  0.0, Sum:  0.1, Workers: 4
[2602.096s][debug][gc,phases      ] GC(288)     Dead                           Min: 0, Avg:  0.0, Max: 0, Diff: 0, Sum: 0, Workers: 4
[2602.096s][debug][gc,phases      ] GC(288)     Total                          Min: 0, Avg: 2640.8, Max: 4736, Diff: 4736, Sum: 10563, Workers: 4
[2602.096s][debug][gc,phases      ] GC(288)   JNI Weak                       Min:  0.0, Avg:  0.0, Max:  0.0, Diff:  0.0, Sum:  0.0, Workers: 4
[2602.096s][debug][gc,phases      ] GC(288)     Dead                           Min: 0, Avg:  0.0, Max: 0, Diff: 0, Sum: 0, Workers: 4
[2602.096s][debug][gc,phases      ] GC(288)     Total                          Min: 0, Avg: 11.2, Max: 45, Diff: 45, Sum: 45, Workers: 4
[2602.096s][debug][gc,phases      ] GC(288)   StringDedup Table Weak         Min:  0.0, Avg:  0.0, Max:  0.0, Diff:  0.0, Sum:  0.0, Workers: 4
[2602.096s][debug][gc,phases      ] GC(288)     Dead                           Min: 0, Avg:  0.0, Max: 0, Diff: 0, Sum: 0, Workers: 4
[2602.096s][debug][gc,phases      ] GC(288)     Total                          Min: 0, Avg:  0.0, Max: 0, Diff: 0, Sum: 0, Workers: 4
[2602.096s][debug][gc,phases      ] GC(288)   StringDedup Requests0 Weak     Min:  0.0, Avg:  0.0, Max:  0.0, Diff:  0.0, Sum:  0.0, Workers: 4
[2602.096s][debug][gc,phases      ] GC(288)     Dead                           Min: 0, Avg:  0.0, Max: 0, Diff: 0, Sum: 0, Workers: 4
[2602.096s][debug][gc,phases      ] GC(288)     Total                          Min: 0, Avg:  0.0, Max: 0, Diff: 0, Sum: 0, Workers: 4
[2602.096s][debug][gc,phases      ] GC(288)   StringDedup Requests1 Weak     Min:  0.0, Avg:  0.0, Max:  0.0, Diff:  0.0, Sum:  0.0, Workers: 4
[2602.096s][debug][gc,phases      ] GC(288)     Dead                           Min: 0, Avg:  0.0, Max: 0, Diff: 0, Sum: 0, Workers: 4
[2602.096s][debug][gc,phases      ] GC(288)     Total                          Min: 0, Avg:  0.0, Max: 0, Diff: 0, Sum: 0, Workers: 4
[2602.096s][debug][gc,phases      ] GC(288)   Weak JFR Old Object Samples    Min:  0.0, Avg:  0.0, Max:  0.0, Diff:  0.0, Sum:  0.0, Workers: 4
[2602.096s][debug][gc,phases      ] GC(288)     Dead                           Min: 0, Avg:  0.0, Max: 0, Diff: 0, Sum: 0, Workers: 4
[2602.096s][debug][gc,phases      ] GC(288)     Total                          Min: 0, Avg:  0.0, Max: 0, Diff: 0, Sum: 0, Workers: 4
[2602.096s][debug][gc,phases      ] GC(288) Weak Processing 0.312ms
[2602.096s][debug][gc,age         ] GC(288) Desired survivor size 3670016 bytes, new threshold 15 (max threshold 15)
[2602.096s][info ][gc,heap        ] GC(288) PSYoungGen: 2091840K(2093568K)->1920K(2093568K) Eden: 2089984K(2089984K)->0K(2089984K) From: 1856K(3584K)->1920K(3584K)
[2602.096s][info ][gc,heap        ] GC(288) ParOldGen: 404669K(430080K)->404701K(430080K)
[2602.096s][info ][gc,metaspace   ] GC(288) Metaspace: 86060K(87104K)->86060K(87104K) NonClass: 73666K(74240K)->73666K(74240K) Class: 12394K(12864K)->12394K(12864K)
[2602.096s][info ][gc             ] GC(288) Pause Young (Allocation Failure) 2437M->397M(2464M) 4.705ms
[2602.096s][info ][gc,cpu         ] GC(288) User=0.02s Sys=0.00s Real=0.01s
[2602.096s][info ][safepoint      ] Safepoint "ParallelGCFailedAllocation", Time since last: 1190141225 ns, Reaching safepoint: 4600 ns, Cleanup: 18800 ns, At safepoint: 4771211 ns, Total: 4794611 ns
[2620.098s][info ][safepoint      ] Safepoint "Cleanup", Time since last: 18001167935 ns, Reaching safepoint: 6500 ns, Cleanup: 38700 ns, At safepoint: 5700 ns, Total: 50900 ns
[2621.098s][info ][safepoint      ] Safepoint "Cleanup", Time since last: 1000125419 ns, Reaching safepoint: 6800 ns, Cleanup: 41700 ns, At safepoint: 2801 ns, Total: 51301 ns
[2622.639s][info ][gc,start       ] GC(289) Pause Young (Allocation Failure)
[2622.643s][debug][gc,phases      ] GC(289) Scavenge 4.093ms
[2622.643s][debug][gc,ref         ] GC(289) Skipped phase 1 of Reference Processing: no references
[2622.643s][debug][gc,ref         ] GC(289) ReferenceProcessor::execute queues: 1, RefProcThreadModel::Single, marks_oops_alive: false
[2622.643s][debug][gc,ref         ] GC(289) ReferenceProcessor::execute queues: 4, RefProcThreadModel::Multi, marks_oops_alive: true
[2622.643s][debug][gc,ref         ] GC(289) ReferenceProcessor::execute queues: 1, RefProcThreadModel::Single, marks_oops_alive: false
[2622.643s][debug][gc,phases      ] GC(289) Reference Processing 0.150ms
[2622.643s][debug][gc,phases      ] GC(289)   VM Weak                        Min:  0.0, Avg:  0.0, Max:  0.0, Diff:  0.0, Sum:  0.0, Workers: 4
[2622.643s][debug][gc,phases      ] GC(289)     Dead                           Min: 0, Avg:  0.0, Max: 0, Diff: 0, Sum: 0, Workers: 4
[2622.643s][debug][gc,phases      ] GC(289)     Total                          Min: 0, Avg: 217.0, Max: 612, Diff: 612, Sum: 868, Workers: 4
[2622.643s][debug][gc,phases      ] GC(289)   ObjectSynchronizer Weak        Min:  0.0, Avg:  0.0, Max:  0.0, Diff:  0.0, Sum:  0.0, Workers: 4
[2622.643s][debug][gc,phases      ] GC(289)     Dead                           Min: 0, Avg:  0.0, Max: 0, Diff: 0, Sum: 0, Workers: 4
[2622.643s][debug][gc,phases      ] GC(289)     Total                          Min: 0, Avg:  1.0, Max: 4, Diff: 4, Sum: 4, Workers: 4
[2622.643s][debug][gc,phases      ] GC(289)   JVMTI Tag Weak OopStorage      Min:  0.0, Avg:  0.0, Max:  0.0, Diff:  0.0, Sum:  0.0, Workers: 4
[2622.643s][debug][gc,phases      ] GC(289)     Dead                           Min: 0, Avg:  0.0, Max: 0, Diff: 0, Sum: 0, Workers: 4
[2622.643s][debug][gc,phases      ] GC(289)     Total                          Min: 0, Avg:  0.0, Max: 0, Diff: 0, Sum: 0, Workers: 4
[2622.643s][debug][gc,phases      ] GC(289)   StringTable Weak               Min:  0.0, Avg:  0.1, Max:  0.1, Diff:  0.1, Sum:  0.4, Workers: 4
[2622.643s][debug][gc,phases      ] GC(289)     Dead                           Min: 0, Avg:  0.0, Max: 0, Diff: 0, Sum: 0, Workers: 4
[2622.643s][debug][gc,phases      ] GC(289)     Total                          Min: 0, Avg: 11237.5, Max: 19030, Diff: 19030, Sum: 44950, Workers: 4
[2622.643s][debug][gc,phases      ] GC(289)   ResolvedMethodTable Weak       Min:  0.0, Avg:  0.0, Max:  0.0, Diff:  0.0, Sum:  0.1, Workers: 4
[2622.643s][debug][gc,phases      ] GC(289)     Dead                           Min: 0, Avg:  0.0, Max: 0, Diff: 0, Sum: 0, Workers: 4
[2622.643s][debug][gc,phases      ] GC(289)     Total                          Min: 0, Avg: 2640.8, Max: 4672, Diff: 4672, Sum: 10563, Workers: 4
[2622.643s][debug][gc,phases      ] GC(289)   JNI Weak                       Min:  0.0, Avg:  0.0, Max:  0.0, Diff:  0.0, Sum:  0.0, Workers: 4
[2622.643s][debug][gc,phases      ] GC(289)     Dead                           Min: 0, Avg:  0.0, Max: 0, Diff: 0, Sum: 0, Workers: 4
[2622.643s][debug][gc,phases      ] GC(289)     Total                          Min: 0, Avg: 11.2, Max: 45, Diff: 45, Sum: 45, Workers: 4
[2622.643s][debug][gc,phases      ] GC(289)   StringDedup Table Weak         Min:  0.0, Avg:  0.0, Max:  0.0, Diff:  0.0, Sum:  0.0, Workers: 4
[2622.643s][debug][gc,phases      ] GC(289)     Dead                           Min: 0, Avg:  0.0, Max: 0, Diff: 0, Sum: 0, Workers: 4
[2622.643s][debug][gc,phases      ] GC(289)     Total                          Min: 0, Avg:  0.0, Max: 0, Diff: 0, Sum: 0, Workers: 4
[2622.643s][debug][gc,phases      ] GC(289)   StringDedup Requests0 Weak     Min:  0.0, Avg:  0.0, Max:  0.0, Diff:  0.0, Sum:  0.0, Workers: 4
[2622.643s][debug][gc,phases      ] GC(289)     Dead                           Min: 0, Avg:  0.0, Max: 0, Diff: 0, Sum: 0, Workers: 4
[2622.643s][debug][gc,phases      ] GC(289)     Total                          Min: 0, Avg:  0.0, Max: 0, Diff: 0, Sum: 0, Workers: 4
[2622.643s][debug][gc,phases      ] GC(289)   StringDedup Requests1 Weak     Min:  0.0, Avg:  0.0, Max:  0.0, Diff:  0.0, Sum:  0.0, Workers: 4
[2622.643s][debug][gc,phases      ] GC(289)     Dead                           Min: 0, Avg:  0.0, Max: 0, Diff: 0, Sum: 0, Workers: 4
[2622.643s][debug][gc,phases      ] GC(289)     Total                          Min: 0, Avg:  0.0, Max: 0, Diff: 0, Sum: 0, Workers: 4
[2622.643s][debug][gc,phases      ] GC(289)   Weak JFR Old Object Samples    Min:  0.0, Avg:  0.0, Max:  0.0, Diff:  0.0, Sum:  0.0, Workers: 4
[2622.643s][debug][gc,phases      ] GC(289)     Dead                           Min: 0, Avg:  0.0, Max: 0, Diff: 0, Sum: 0, Workers: 4
[2622.643s][debug][gc,phases      ] GC(289)     Total                          Min: 0, Avg:  0.0, Max: 0, Diff: 0, Sum: 0, Workers: 4
[2622.643s][debug][gc,phases      ] GC(289) Weak Processing 0.320ms
[2622.643s][debug][gc,age         ] GC(289) Desired survivor size 3145728 bytes, new threshold 15 (max threshold 15)
[2622.643s][info ][gc,heap        ] GC(289) PSYoungGen: 2091904K(2093568K)->2032K(2093568K) Eden: 2089984K(2089984K)->0K(2089984K) From: 1920K(3584K)->2032K(3584K)
[2622.643s][info ][gc,heap        ] GC(289) ParOldGen: 404701K(430080K)->404709K(430080K)
[2622.643s][info ][gc,metaspace   ] GC(289) Metaspace: 86088K(87104K)->86088K(87104K) NonClass: 73694K(74240K)->73694K(74240K) Class: 12394K(12864K)->12394K(12864K)
[2622.643s][info ][gc             ] GC(289) Pause Young (Allocation Failure) 2438M->397M(2464M) 4.658ms
[2622.643s][info ][gc,cpu         ] GC(289) User=0.01s Sys=0.00s Real=0.01s
[2622.643s][info ][safepoint      ] Safepoint "ParallelGCFailedAllocation", Time since last: 1540995141 ns, Reaching safepoint: 4500 ns, Cleanup: 29400 ns, At safepoint: 4720207 ns, Total: 4754107 ns
[2634.644s][info ][safepoint      ] Safepoint "Cleanup", Time since last: 12000772005 ns, Reaching safepoint: 4300 ns, Cleanup: 32700 ns, At safepoint: 2500 ns, Total: 39500 ns
[2635.644s][info ][safepoint      ] Safepoint "Cleanup", Time since last: 1000119775 ns, Reaching safepoint: 5700 ns, Cleanup: 56900 ns, At safepoint: 4900 ns, Total: 67500 ns
[2638.645s][info ][safepoint      ] Safepoint "Cleanup", Time since last: 3000245094 ns, Reaching safepoint: 5500 ns, Cleanup: 40600 ns, At safepoint: 2700 ns, Total: 48800 ns
[2644.638s][info ][gc,start       ] GC(290) Pause Young (Allocation Failure)
[2644.644s][debug][gc,phases      ] GC(290) Scavenge 5.602ms
[2644.644s][debug][gc,ref         ] GC(290) Skipped phase 1 of Reference Processing: no references
[2644.644s][debug][gc,ref         ] GC(290) ReferenceProcessor::execute queues: 1, RefProcThreadModel::Single, marks_oops_alive: false
[2644.644s][debug][gc,ref         ] GC(290) ReferenceProcessor::execute queues: 4, RefProcThreadModel::Multi, marks_oops_alive: true
[2644.644s][debug][gc,ref         ] GC(290) ReferenceProcessor::execute queues: 1, RefProcThreadModel::Single, marks_oops_alive: false
[2644.644s][debug][gc,phases      ] GC(290) Reference Processing 0.184ms
[2644.645s][debug][gc,phases      ] GC(290)   VM Weak                        Min:  0.0, Avg:  0.0, Max:  0.0, Diff:  0.0, Sum:  0.0, Workers: 4
[2644.645s][debug][gc,phases      ] GC(290)     Dead                           Min: 0, Avg:  0.0, Max: 0, Diff: 0, Sum: 0, Workers: 4
[2644.645s][debug][gc,phases      ] GC(290)     Total                          Min: 0, Avg: 217.2, Max: 869, Diff: 869, Sum: 869, Workers: 4
[2644.645s][debug][gc,phases      ] GC(290)   ObjectSynchronizer Weak        Min:  0.0, Avg:  0.0, Max:  0.0, Diff:  0.0, Sum:  0.0, Workers: 4
[2644.645s][debug][gc,phases      ] GC(290)     Dead                           Min: 0, Avg:  0.0, Max: 0, Diff: 0, Sum: 0, Workers: 4
[2644.645s][debug][gc,phases      ] GC(290)     Total                          Min: 0, Avg:  1.0, Max: 4, Diff: 4, Sum: 4, Workers: 4
[2644.645s][debug][gc,phases      ] GC(290)   JVMTI Tag Weak OopStorage      Min:  0.0, Avg:  0.0, Max:  0.0, Diff:  0.0, Sum:  0.0, Workers: 4
[2644.645s][debug][gc,phases      ] GC(290)     Dead                           Min: 0, Avg:  0.0, Max: 0, Diff: 0, Sum: 0, Workers: 4
[2644.645s][debug][gc,phases      ] GC(290)     Total                          Min: 0, Avg:  0.0, Max: 0, Diff: 0, Sum: 0, Workers: 4
[2644.645s][debug][gc,phases      ] GC(290)   StringTable Weak               Min:  0.0, Avg:  0.1, Max:  0.1, Diff:  0.1, Sum:  0.4, Workers: 4
[2644.645s][debug][gc,phases      ] GC(290)     Dead                           Min: 0, Avg:  0.0, Max: 0, Diff: 0, Sum: 0, Workers: 4
[2644.645s][debug][gc,phases      ] GC(290)     Total                          Min: 0, Avg: 11237.5, Max: 18880, Diff: 18880, Sum: 44950, Workers: 4
[2644.645s][debug][gc,phases      ] GC(290)   ResolvedMethodTable Weak       Min:  0.0, Avg:  0.0, Max:  0.0, Diff:  0.0, Sum:  0.1, Workers: 4
[2644.645s][debug][gc,phases      ] GC(290)     Dead                           Min: 0, Avg:  0.0, Max: 0, Diff: 0, Sum: 0, Workers: 4
[2644.645s][debug][gc,phases      ] GC(290)     Total                          Min: 0, Avg: 2640.8, Max: 4611, Diff: 4611, Sum: 10563, Workers: 4
[2644.645s][debug][gc,phases      ] GC(290)   JNI Weak                       Min:  0.0, Avg:  0.0, Max:  0.0, Diff:  0.0, Sum:  0.0, Workers: 4
[2644.645s][debug][gc,phases      ] GC(290)     Dead                           Min: 0, Avg:  0.0, Max: 0, Diff: 0, Sum: 0, Workers: 4
[2644.645s][debug][gc,phases      ] GC(290)     Total                          Min: 0, Avg: 11.2, Max: 45, Diff: 45, Sum: 45, Workers: 4
[2644.645s][debug][gc,phases      ] GC(290)   StringDedup Table Weak         Min:  0.0, Avg:  0.0, Max:  0.0, Diff:  0.0, Sum:  0.0, Workers: 4
[2644.645s][debug][gc,phases      ] GC(290)     Dead                           Min: 0, Avg:  0.0, Max: 0, Diff: 0, Sum: 0, Workers: 4
[2644.645s][debug][gc,phases      ] GC(290)     Total                          Min: 0, Avg:  0.0, Max: 0, Diff: 0, Sum: 0, Workers: 4
[2644.645s][debug][gc,phases      ] GC(290)   StringDedup Requests0 Weak     Min:  0.0, Avg:  0.0, Max:  0.0, Diff:  0.0, Sum:  0.0, Workers: 4
[2644.645s][debug][gc,phases      ] GC(290)     Dead                           Min: 0, Avg:  0.0, Max: 0, Diff: 0, Sum: 0, Workers: 4
[2644.645s][debug][gc,phases      ] GC(290)     Total                          Min: 0, Avg:  0.0, Max: 0, Diff: 0, Sum: 0, Workers: 4
[2644.645s][debug][gc,phases      ] GC(290)   StringDedup Requests1 Weak     Min:  0.0, Avg:  0.0, Max:  0.0, Diff:  0.0, Sum:  0.0, Workers: 4
[2644.645s][debug][gc,phases      ] GC(290)     Dead                           Min: 0, Avg:  0.0, Max: 0, Diff: 0, Sum: 0, Workers: 4
[2644.645s][debug][gc,phases      ] GC(290)     Total                          Min: 0, Avg:  0.0, Max: 0, Diff: 0, Sum: 0, Workers: 4
[2644.645s][debug][gc,phases      ] GC(290)   Weak JFR Old Object Samples    Min:  0.0, Avg:  0.0, Max:  0.0, Diff:  0.0, Sum:  0.0, Workers: 4
[2644.645s][debug][gc,phases      ] GC(290)     Dead                           Min: 0, Avg:  0.0, Max: 0, Diff: 0, Sum: 0, Workers: 4
[2644.645s][debug][gc,phases      ] GC(290)     Total                          Min: 0, Avg:  0.0, Max: 0, Diff: 0, Sum: 0, Workers: 4
[2644.645s][debug][gc,phases      ] GC(290) Weak Processing 0.330ms
[2644.645s][debug][gc,age         ] GC(290) Desired survivor size 3145728 bytes, new threshold 15 (max threshold 15)
[2644.645s][info ][gc,heap        ] GC(290) PSYoungGen: 2092016K(2093568K)->2469K(2094080K) Eden: 2089984K(2089984K)->0K(2091008K) From: 2032K(3584K)->2469K(3072K)
[2644.645s][info ][gc,heap        ] GC(290) ParOldGen: 404709K(430080K)->408813K(430080K)
[2644.645s][info ][gc,metaspace   ] GC(290) Metaspace: 86111K(87168K)->86111K(87168K) NonClass: 73717K(74304K)->73717K(74304K) Class: 12394K(12864K)->12394K(12864K)
[2644.645s][info ][gc             ] GC(290) Pause Young (Allocation Failure) 2438M->401M(2465M) 6.220ms
[2644.645s][info ][gc,cpu         ] GC(290) User=0.02s Sys=0.00s Real=0.01s
[2644.645s][info ][safepoint      ] Safepoint "ParallelGCFailedAllocation", Time since last: 5993633626 ns, Reaching safepoint: 6600 ns, Cleanup: 31900 ns, At safepoint: 6288660 ns, Total: 6327160 ns
[2647.645s][info ][safepoint      ] Safepoint "Cleanup", Time since last: 3000205729 ns, Reaching safepoint: 4000 ns, Cleanup: 39100 ns, At safepoint: 4200 ns, Total: 47300 ns
[2649.645s][info ][safepoint      ] Safepoint "Cleanup", Time since last: 2000162688 ns, Reaching safepoint: 4600 ns, Cleanup: 33701 ns, At safepoint: 2900 ns, Total: 41201 ns
[2654.646s][info ][safepoint      ] Safepoint "Cleanup", Time since last: 5000369155 ns, Reaching safepoint: 4000 ns, Cleanup: 34200 ns, At safepoint: 2500 ns, Total: 40700 ns
[2655.646s][info ][safepoint      ] Safepoint "Cleanup", Time since last: 1000095798 ns, Reaching safepoint: 3800 ns, Cleanup: 63000 ns, At safepoint: 4300 ns, Total: 71100 ns
[2659.348s][info ][safepoint      ] Safepoint "ParallelGCFailedAllocation", Time since last: 3702315185 ns, Reaching safepoint: 5600 ns, Cleanup: 25200 ns, At safepoint: 11801 ns, Total: 42601 ns
[2659.348s][info ][gc,start       ] GC(291) Pause Young (GCLocker Initiated GC)
[2659.356s][debug][gc,phases      ] GC(291) Scavenge 7.316ms
[2659.356s][debug][gc,ref         ] GC(291) Skipped phase 1 of Reference Processing: no references
[2659.356s][debug][gc,ref         ] GC(291) ReferenceProcessor::execute queues: 1, RefProcThreadModel::Single, marks_oops_alive: false
[2659.356s][debug][gc,ref         ] GC(291) ReferenceProcessor::execute queues: 4, RefProcThreadModel::Multi, marks_oops_alive: true
[2659.356s][debug][gc,ref         ] GC(291) ReferenceProcessor::execute queues: 1, RefProcThreadModel::Single, marks_oops_alive: false
[2659.356s][debug][gc,phases      ] GC(291) Reference Processing 0.177ms
[2659.356s][debug][gc,phases      ] GC(291)   VM Weak                        Min:  0.0, Avg:  0.0, Max:  0.0, Diff:  0.0, Sum:  0.0, Workers: 4
[2659.356s][debug][gc,phases      ] GC(291)     Dead                           Min: 0, Avg:  0.0, Max: 0, Diff: 0, Sum: 0, Workers: 4
[2659.356s][debug][gc,phases      ] GC(291)     Total                          Min: 0, Avg: 217.2, Max: 613, Diff: 613, Sum: 869, Workers: 4
[2659.356s][debug][gc,phases      ] GC(291)   ObjectSynchronizer Weak        Min:  0.0, Avg:  0.0, Max:  0.0, Diff:  0.0, Sum:  0.0, Workers: 4
[2659.356s][debug][gc,phases      ] GC(291)     Dead                           Min: 0, Avg:  0.0, Max: 0, Diff: 0, Sum: 0, Workers: 4
[2659.356s][debug][gc,phases      ] GC(291)     Total                          Min: 0, Avg:  1.0, Max: 4, Diff: 4, Sum: 4, Workers: 4
[2659.356s][debug][gc,phases      ] GC(291)   JVMTI Tag Weak OopStorage      Min:  0.0, Avg:  0.0, Max:  0.0, Diff:  0.0, Sum:  0.0, Workers: 4
[2659.356s][debug][gc,phases      ] GC(291)     Dead                           Min: 0, Avg:  0.0, Max: 0, Diff: 0, Sum: 0, Workers: 4
[2659.356s][debug][gc,phases      ] GC(291)     Total                          Min: 0, Avg:  0.0, Max: 0, Diff: 0, Sum: 0, Workers: 4
[2659.356s][debug][gc,phases      ] GC(291)   StringTable Weak               Min:  0.1, Avg:  0.1, Max:  0.2, Diff:  0.0, Sum:  0.5, Workers: 4
[2659.356s][debug][gc,phases      ] GC(291)     Dead                           Min: 0, Avg:  0.0, Max: 0, Diff: 0, Sum: 0, Workers: 4
[2659.356s][debug][gc,phases      ] GC(291)     Total                          Min: 640, Avg: 11237.5, Max: 18816, Diff: 18176, Sum: 44950, Workers: 4
[2659.356s][debug][gc,phases      ] GC(291)   ResolvedMethodTable Weak       Min:  0.0, Avg:  0.0, Max:  0.0, Diff:  0.0, Sum:  0.1, Workers: 4
[2659.356s][debug][gc,phases      ] GC(291)     Dead                           Min: 0, Avg:  0.0, Max: 0, Diff: 0, Sum: 0, Workers: 4
[2659.356s][debug][gc,phases      ] GC(291)     Total                          Min: 0, Avg: 2640.8, Max: 3840, Diff: 3840, Sum: 10563, Workers: 4
[2659.356s][debug][gc,phases      ] GC(291)   JNI Weak                       Min:  0.0, Avg:  0.0, Max:  0.0, Diff:  0.0, Sum:  0.0, Workers: 4
[2659.356s][debug][gc,phases      ] GC(291)     Dead                           Min: 0, Avg:  0.0, Max: 0, Diff: 0, Sum: 0, Workers: 4
[2659.356s][debug][gc,phases      ] GC(291)     Total                          Min: 0, Avg: 11.2, Max: 45, Diff: 45, Sum: 45, Workers: 4
[2659.356s][debug][gc,phases      ] GC(291)   StringDedup Table Weak         Min:  0.0, Avg:  0.0, Max:  0.0, Diff:  0.0, Sum:  0.0, Workers: 4
[2659.356s][debug][gc,phases      ] GC(291)     Dead                           Min: 0, Avg:  0.0, Max: 0, Diff: 0, Sum: 0, Workers: 4
[2659.356s][debug][gc,phases      ] GC(291)     Total                          Min: 0, Avg:  0.0, Max: 0, Diff: 0, Sum: 0, Workers: 4
[2659.356s][debug][gc,phases      ] GC(291)   StringDedup Requests0 Weak     Min:  0.0, Avg:  0.0, Max:  0.0, Diff:  0.0, Sum:  0.0, Workers: 4
[2659.356s][debug][gc,phases      ] GC(291)     Dead                           Min: 0, Avg:  0.0, Max: 0, Diff: 0, Sum: 0, Workers: 4
[2659.356s][debug][gc,phases      ] GC(291)     Total                          Min: 0, Avg:  0.0, Max: 0, Diff: 0, Sum: 0, Workers: 4
[2659.356s][debug][gc,phases      ] GC(291)   StringDedup Requests1 Weak     Min:  0.0, Avg:  0.0, Max:  0.0, Diff:  0.0, Sum:  0.0, Workers: 4
[2659.356s][debug][gc,phases      ] GC(291)     Dead                           Min: 0, Avg:  0.0, Max: 0, Diff: 0, Sum: 0, Workers: 4
[2659.356s][debug][gc,phases      ] GC(291)     Total                          Min: 0, Avg:  0.0, Max: 0, Diff: 0, Sum: 0, Workers: 4
[2659.356s][debug][gc,phases      ] GC(291)   Weak JFR Old Object Samples    Min:  0.0, Avg:  0.0, Max:  0.0, Diff:  0.0, Sum:  0.0, Workers: 4
[2659.356s][debug][gc,phases      ] GC(291)     Dead                           Min: 0, Avg:  0.0, Max: 0, Diff: 0, Sum: 0, Workers: 4
[2659.356s][debug][gc,phases      ] GC(291)     Total                          Min: 0, Avg:  0.0, Max: 0, Diff: 0, Sum: 0, Workers: 4
[2659.356s][debug][gc,phases      ] GC(291) Weak Processing 0.330ms
[2659.356s][debug][gc,age         ] GC(291) Desired survivor size 3670016 bytes, new threshold 15 (max threshold 15)
[2659.356s][info ][gc,heap        ] GC(291) PSYoungGen: 2093477K(2094080K)->2898K(2094080K) Eden: 2091008K(2091008K)->0K(2091008K) From: 2469K(3072K)->2898K(3072K)
[2659.356s][info ][gc,heap        ] GC(291) ParOldGen: 408814K(430080K)->408830K(430080K)
[2659.356s][info ][gc,metaspace   ] GC(291) Metaspace: 86113K(87168K)->86113K(87168K) NonClass: 73719K(74304K)->73719K(74304K) Class: 12394K(12864K)->12394K(12864K)
[2659.356s][info ][gc             ] GC(291) Pause Young (GCLocker Initiated GC) 2443M->402M(2465M) 7.916ms
[2659.356s][info ][gc,cpu         ] GC(291) User=0.02s Sys=0.00s Real=0.01s
[2659.356s][info ][safepoint      ] Safepoint "ParallelGCSystemGC", Time since last: 61200 ns, Reaching safepoint: 1600 ns, Cleanup: 10800 ns, At safepoint: 7976547 ns, Total: 7988947 ns
[2660.356s][info ][safepoint      ] Safepoint "Cleanup", Time since last: 1000083141 ns, Reaching safepoint: 4600 ns, Cleanup: 34300 ns, At safepoint: 4000 ns, Total: 42900 ns
[2667.357s][info ][safepoint      ] Safepoint "Cleanup", Time since last: 7000433919 ns, Reaching safepoint: 3700 ns, Cleanup: 35800 ns, At safepoint: 2700 ns, Total: 42200 ns
[2669.791s][info ][gc,start       ] GC(292) Pause Young (Allocation Failure)
[2669.797s][debug][gc,phases      ] GC(292) Scavenge 6.023ms
[2669.797s][debug][gc,ref         ] GC(292) Skipped phase 1 of Reference Processing: no references
[2669.798s][debug][gc,ref         ] GC(292) ReferenceProcessor::execute queues: 1, RefProcThreadModel::Single, marks_oops_alive: false
[2669.798s][debug][gc,ref         ] GC(292) Skipped phase 3 of Reference Processing: no references
[2669.798s][debug][gc,ref         ] GC(292) ReferenceProcessor::execute queues: 1, RefProcThreadModel::Single, marks_oops_alive: false
[2669.798s][debug][gc,phases      ] GC(292) Reference Processing 0.119ms
[2669.798s][debug][gc,phases      ] GC(292)   VM Weak                        Min:  0.0, Avg:  0.0, Max:  0.0, Diff:  0.0, Sum:  0.0, Workers: 4
[2669.798s][debug][gc,phases      ] GC(292)     Dead                           Min: 0, Avg:  0.0, Max: 0, Diff: 0, Sum: 0, Workers: 4
[2669.798s][debug][gc,phases      ] GC(292)     Total                          Min: 0, Avg: 217.2, Max: 869, Diff: 869, Sum: 869, Workers: 4
[2669.798s][debug][gc,phases      ] GC(292)   ObjectSynchronizer Weak        Min:  0.0, Avg:  0.0, Max:  0.0, Diff:  0.0, Sum:  0.0, Workers: 4
[2669.798s][debug][gc,phases      ] GC(292)     Dead                           Min: 0, Avg:  0.0, Max: 0, Diff: 0, Sum: 0, Workers: 4
[2669.798s][debug][gc,phases      ] GC(292)     Total                          Min: 0, Avg:  1.0, Max: 4, Diff: 4, Sum: 4, Workers: 4
[2669.798s][debug][gc,phases      ] GC(292)   JVMTI Tag Weak OopStorage      Min:  0.0, Avg:  0.0, Max:  0.0, Diff:  0.0, Sum:  0.0, Workers: 4
[2669.798s][debug][gc,phases      ] GC(292)     Dead                           Min: 0, Avg:  0.0, Max: 0, Diff: 0, Sum: 0, Workers: 4
[2669.798s][debug][gc,phases      ] GC(292)     Total                          Min: 0, Avg:  0.0, Max: 0, Diff: 0, Sum: 0, Workers: 4
[2669.798s][debug][gc,phases      ] GC(292)   StringTable Weak               Min:  0.0, Avg:  0.2, Max:  0.4, Diff:  0.4, Sum:  0.7, Workers: 4
[2669.798s][debug][gc,phases      ] GC(292)     Dead                           Min: 0, Avg:  0.0, Max: 0, Diff: 0, Sum: 0, Workers: 4
[2669.798s][debug][gc,phases      ] GC(292)     Total                          Min: 0, Avg: 11237.5, Max: 36992, Diff: 36992, Sum: 44950, Workers: 4
[2669.798s][debug][gc,phases      ] GC(292)   ResolvedMethodTable Weak       Min:  0.0, Avg:  0.0, Max:  0.0, Diff:  0.0, Sum:  0.1, Workers: 4
[2669.798s][debug][gc,phases      ] GC(292)     Dead                           Min: 0, Avg:  0.0, Max: 0, Diff: 0, Sum: 0, Workers: 4
[2669.798s][debug][gc,phases      ] GC(292)     Total                          Min: 0, Avg: 2640.8, Max: 6528, Diff: 6528, Sum: 10563, Workers: 4
[2669.798s][debug][gc,phases      ] GC(292)   JNI Weak                       Min:  0.0, Avg:  0.0, Max:  0.0, Diff:  0.0, Sum:  0.0, Workers: 4
[2669.798s][debug][gc,phases      ] GC(292)     Dead                           Min: 0, Avg:  0.0, Max: 0, Diff: 0, Sum: 0, Workers: 4
[2669.798s][debug][gc,phases      ] GC(292)     Total                          Min: 0, Avg: 11.2, Max: 45, Diff: 45, Sum: 45, Workers: 4
[2669.798s][debug][gc,phases      ] GC(292)   StringDedup Table Weak         Min:  0.0, Avg:  0.0, Max:  0.0, Diff:  0.0, Sum:  0.0, Workers: 4
[2669.798s][debug][gc,phases      ] GC(292)     Dead                           Min: 0, Avg:  0.0, Max: 0, Diff: 0, Sum: 0, Workers: 4
[2669.798s][debug][gc,phases      ] GC(292)     Total                          Min: 0, Avg:  0.0, Max: 0, Diff: 0, Sum: 0, Workers: 4
[2669.798s][debug][gc,phases      ] GC(292)   StringDedup Requests0 Weak     Min:  0.0, Avg:  0.0, Max:  0.0, Diff:  0.0, Sum:  0.0, Workers: 4
[2669.798s][debug][gc,phases      ] GC(292)     Dead                           Min: 0, Avg:  0.0, Max: 0, Diff: 0, Sum: 0, Workers: 4
[2669.798s][debug][gc,phases      ] GC(292)     Total                          Min: 0, Avg:  0.0, Max: 0, Diff: 0, Sum: 0, Workers: 4
[2669.798s][debug][gc,phases      ] GC(292)   StringDedup Requests1 Weak     Min:  0.0, Avg:  0.0, Max:  0.0, Diff:  0.0, Sum:  0.0, Workers: 4
[2669.798s][debug][gc,phases      ] GC(292)     Dead                           Min: 0, Avg:  0.0, Max: 0, Diff: 0, Sum: 0, Workers: 4
[2669.798s][debug][gc,phases      ] GC(292)     Total                          Min: 0, Avg:  0.0, Max: 0, Diff: 0, Sum: 0, Workers: 4
[2669.798s][debug][gc,phases      ] GC(292)   Weak JFR Old Object Samples    Min:  0.0, Avg:  0.0, Max:  0.0, Diff:  0.0, Sum:  0.0, Workers: 4
[2669.798s][debug][gc,phases      ] GC(292)     Dead                           Min: 0, Avg:  0.0, Max: 0, Diff: 0, Sum: 0, Workers: 4
[2669.798s][debug][gc,phases      ] GC(292)     Total                          Min: 0, Avg:  0.0, Max: 0, Diff: 0, Sum: 0, Workers: 4
[2669.798s][debug][gc,phases      ] GC(292) Weak Processing 0.567ms
[2669.798s][debug][gc,age         ] GC(292) Desired survivor size 3670016 bytes, new threshold 15 (max threshold 15)
[2669.798s][info ][gc,heap        ] GC(292) PSYoungGen: 2093906K(2094080K)->2626K(2093056K) Eden: 2091008K(2091008K)->0K(2089984K) From: 2898K(3072K)->2626K(3072K)
[2669.798s][info ][gc,heap        ] GC(292) ParOldGen: 408832K(430080K)->408880K(430080K)
[2669.798s][info ][gc,metaspace   ] GC(292) Metaspace: 86114K(87168K)->86114K(87168K) NonClass: 73719K(74304K)->73719K(74304K) Class: 12394K(12864K)->12394K(12864K)
[2669.798s][info ][gc             ] GC(292) Pause Young (Allocation Failure) 2444M->401M(2464M) 6.817ms
[2669.798s][info ][gc,cpu         ] GC(292) User=0.02s Sys=0.00s Real=0.01s
[2669.798s][info ][safepoint      ] Safepoint "ParallelGCFailedAllocation", Time since last: 2434493735 ns, Reaching safepoint: 36301 ns, Cleanup: 38100 ns, At safepoint: 6889325 ns, Total: 6963726 ns
[2670.798s][info ][safepoint      ] Safepoint "Cleanup", Time since last: 1000074529 ns, Reaching safepoint: 6000 ns, Cleanup: 36100 ns, At safepoint: 4801 ns, Total: 46901 ns
[2672.799s][info ][safepoint      ] Safepoint "Cleanup", Time since last: 2000141159 ns, Reaching safepoint: 3600 ns, Cleanup: 36400 ns, At safepoint: 2300 ns, Total: 42300 ns
[2679.799s][info ][safepoint      ] Safepoint "Cleanup", Time since last: 7000501227 ns, Reaching safepoint: 4300 ns, Cleanup: 48901 ns, At safepoint: 2700 ns, Total: 55901 ns
[2680.799s][info ][safepoint      ] Safepoint "Cleanup", Time since last: 1000101403 ns, Reaching safepoint: 4100 ns, Cleanup: 53500 ns, At safepoint: 2300 ns, Total: 59900 ns
[2681.799s][info ][safepoint      ] Safepoint "Cleanup", Time since last: 1000103503 ns, Reaching safepoint: 4300 ns, Cleanup: 48000 ns, At safepoint: 9100 ns, Total: 61400 ns
[2682.343s][info ][gc,start       ] GC(293) Pause Young (Allocation Failure)
[2682.348s][debug][gc,phases      ] GC(293) Scavenge 5.339ms
[2682.348s][debug][gc,ref         ] GC(293) Skipped phase 1 of Reference Processing: no references
[2682.348s][debug][gc,ref         ] GC(293) ReferenceProcessor::execute queues: 1, RefProcThreadModel::Single, marks_oops_alive: false
[2682.348s][debug][gc,ref         ] GC(293) Skipped phase 3 of Reference Processing: no references
[2682.348s][debug][gc,ref         ] GC(293) ReferenceProcessor::execute queues: 1, RefProcThreadModel::Single, marks_oops_alive: false
[2682.348s][debug][gc,phases      ] GC(293) Reference Processing 0.092ms
[2682.349s][debug][gc,phases      ] GC(293)   VM Weak                        Min:  0.0, Avg:  0.0, Max:  0.0, Diff:  0.0, Sum:  0.0, Workers: 4
[2682.349s][debug][gc,phases      ] GC(293)     Dead                           Min: 0, Avg:  0.0, Max: 0, Diff: 0, Sum: 0, Workers: 4
[2682.349s][debug][gc,phases      ] GC(293)     Total                          Min: 0, Avg: 218.5, Max: 448, Diff: 448, Sum: 874, Workers: 4
[2682.349s][debug][gc,phases      ] GC(293)   ObjectSynchronizer Weak        Min:  0.0, Avg:  0.0, Max:  0.0, Diff:  0.0, Sum:  0.0, Workers: 4
[2682.349s][debug][gc,phases      ] GC(293)     Dead                           Min: 0, Avg:  0.0, Max: 0, Diff: 0, Sum: 0, Workers: 4
[2682.349s][debug][gc,phases      ] GC(293)     Total                          Min: 0, Avg:  1.0, Max: 4, Diff: 4, Sum: 4, Workers: 4
[2682.349s][debug][gc,phases      ] GC(293)   JVMTI Tag Weak OopStorage      Min:  0.0, Avg:  0.0, Max:  0.0, Diff:  0.0, Sum:  0.0, Workers: 4
[2682.349s][debug][gc,phases      ] GC(293)     Dead                           Min: 0, Avg:  0.0, Max: 0, Diff: 0, Sum: 0, Workers: 4
[2682.349s][debug][gc,phases      ] GC(293)     Total                          Min: 0, Avg:  0.0, Max: 0, Diff: 0, Sum: 0, Workers: 4
[2682.349s][debug][gc,phases      ] GC(293)   StringTable Weak               Min:  0.0, Avg:  0.1, Max:  0.2, Diff:  0.2, Sum:  0.4, Workers: 4
[2682.349s][debug][gc,phases      ] GC(293)     Dead                           Min: 0, Avg:  0.5, Max: 2, Diff: 2, Sum: 2, Workers: 4
[2682.349s][debug][gc,phases      ] GC(293)     Total                          Min: 0, Avg: 11240.0, Max: 25406, Diff: 25406, Sum: 44960, Workers: 4
[2682.349s][debug][gc,phases      ] GC(293)   ResolvedMethodTable Weak       Min:  0.0, Avg:  0.0, Max:  0.0, Diff:  0.0, Sum:  0.1, Workers: 4
[2682.349s][debug][gc,phases      ] GC(293)     Dead                           Min: 0, Avg:  0.0, Max: 0, Diff: 0, Sum: 0, Workers: 4
[2682.349s][debug][gc,phases      ] GC(293)     Total                          Min: 0, Avg: 2645.8, Max: 5399, Diff: 5399, Sum: 10583, Workers: 4
[2682.349s][debug][gc,phases      ] GC(293)   JNI Weak                       Min:  0.0, Avg:  0.0, Max:  0.0, Diff:  0.0, Sum:  0.0, Workers: 4
[2682.349s][debug][gc,phases      ] GC(293)     Dead                           Min: 0, Avg:  0.0, Max: 0, Diff: 0, Sum: 0, Workers: 4
[2682.349s][debug][gc,phases      ] GC(293)     Total                          Min: 0, Avg: 11.2, Max: 45, Diff: 45, Sum: 45, Workers: 4
[2682.349s][debug][gc,phases      ] GC(293)   StringDedup Table Weak         Min:  0.0, Avg:  0.0, Max:  0.0, Diff:  0.0, Sum:  0.0, Workers: 4
[2682.349s][debug][gc,phases      ] GC(293)     Dead                           Min: 0, Avg:  0.0, Max: 0, Diff: 0, Sum: 0, Workers: 4
[2682.349s][debug][gc,phases      ] GC(293)     Total                          Min: 0, Avg:  0.0, Max: 0, Diff: 0, Sum: 0, Workers: 4
[2682.349s][debug][gc,phases      ] GC(293)   StringDedup Requests0 Weak     Min:  0.0, Avg:  0.0, Max:  0.0, Diff:  0.0, Sum:  0.0, Workers: 4
[2682.349s][debug][gc,phases      ] GC(293)     Dead                           Min: 0, Avg:  0.0, Max: 0, Diff: 0, Sum: 0, Workers: 4
[2682.349s][debug][gc,phases      ] GC(293)     Total                          Min: 0, Avg:  0.0, Max: 0, Diff: 0, Sum: 0, Workers: 4
[2682.349s][debug][gc,phases      ] GC(293)   StringDedup Requests1 Weak     Min:  0.0, Avg:  0.0, Max:  0.0, Diff:  0.0, Sum:  0.0, Workers: 4
[2682.349s][debug][gc,phases      ] GC(293)     Dead                           Min: 0, Avg:  0.0, Max: 0, Diff: 0, Sum: 0, Workers: 4
[2682.349s][debug][gc,phases      ] GC(293)     Total                          Min: 0, Avg:  0.0, Max: 0, Diff: 0, Sum: 0, Workers: 4
[2682.349s][debug][gc,phases      ] GC(293)   Weak JFR Old Object Samples    Min:  0.0, Avg:  0.0, Max:  0.0, Diff:  0.0, Sum:  0.0, Workers: 4
[2682.349s][debug][gc,phases      ] GC(293)     Dead                           Min: 0, Avg:  0.0, Max: 0, Diff: 0, Sum: 0, Workers: 4
[2682.349s][debug][gc,phases      ] GC(293)     Total                          Min: 0, Avg:  0.0, Max: 0, Diff: 0, Sum: 0, Workers: 4
[2682.349s][debug][gc,phases      ] GC(293) Weak Processing 0.398ms
[2682.349s][debug][gc,age         ] GC(293) Desired survivor size 3670016 bytes, new threshold 15 (max threshold 15)
[2682.349s][info ][gc,heap        ] GC(293) PSYoungGen: 2092610K(2093056K)->2610K(2093568K) Eden: 2089984K(2089984K)->0K(2089984K) From: 2626K(3072K)->2610K(3584K)
[2682.349s][info ][gc,heap        ] GC(293) ParOldGen: 408880K(430080K)->408936K(430080K)
[2682.349s][info ][gc,metaspace   ] GC(293) Metaspace: 86136K(87168K)->86136K(87168K) NonClass: 73735K(74304K)->73735K(74304K) Class: 12401K(12864K)->12401K(12864K)
[2682.349s][info ][gc             ] GC(293) Pause Young (Allocation Failure) 2442M->401M(2464M) 5.927ms
[2682.349s][info ][gc,cpu         ] GC(293) User=0.01s Sys=0.00s Real=0.00s
[2682.349s][info ][safepoint      ] Safepoint "ParallelGCFailedAllocation", Time since last: 543434695 ns, Reaching safepoint: 76701 ns, Cleanup: 16800 ns, At safepoint: 6001920 ns, Total: 6095421 ns
[2683.349s][info ][safepoint      ] Safepoint "Cleanup", Time since last: 1000096427 ns, Reaching safepoint: 18300 ns, Cleanup: 41900 ns, At safepoint: 3300 ns, Total: 63500 ns
[2684.349s][info ][safepoint      ] Safepoint "Cleanup", Time since last: 1000104606 ns, Reaching safepoint: 3600 ns, Cleanup: 36600 ns, At safepoint: 3400 ns, Total: 43600 ns
[2685.349s][info ][safepoint      ] Safepoint "Cleanup", Time since last: 1000107606 ns, Reaching safepoint: 5900 ns, Cleanup: 57600 ns, At safepoint: 3500 ns, Total: 67000 ns
[2687.350s][info ][safepoint      ] Safepoint "Cleanup", Time since last: 2000162411 ns, Reaching safepoint: 5900 ns, Cleanup: 34601 ns, At safepoint: 2600 ns, Total: 43101 ns
[2688.350s][info ][safepoint      ] Safepoint "Cleanup", Time since last: 1000123205 ns, Reaching safepoint: 5300 ns, Cleanup: 36300 ns, At safepoint: 4000 ns, Total: 45600 ns
[2689.350s][info ][safepoint      ] Safepoint "Cleanup", Time since last: 1000099806 ns, Reaching safepoint: 4200 ns, Cleanup: 38400 ns, At safepoint: 3400 ns, Total: 46000 ns
[2690.350s][info ][safepoint      ] Safepoint "Cleanup", Time since last: 1000103906 ns, Reaching safepoint: 4100 ns, Cleanup: 50400 ns, At safepoint: 3000 ns, Total: 57500 ns
[2691.350s][info ][safepoint      ] Safepoint "Cleanup", Time since last: 1000116255 ns, Reaching safepoint: 5700 ns, Cleanup: 45300 ns, At safepoint: 12300 ns, Total: 63300 ns
[2694.591s][info ][gc,start       ] GC(294) Pause Young (Allocation Failure)
[2694.595s][debug][gc,phases      ] GC(294) Scavenge 3.294ms
[2694.595s][debug][gc,ref         ] GC(294) Skipped phase 1 of Reference Processing: no references
[2694.595s][debug][gc,ref         ] GC(294) ReferenceProcessor::execute queues: 1, RefProcThreadModel::Single, marks_oops_alive: false
[2694.595s][debug][gc,ref         ] GC(294) Skipped phase 3 of Reference Processing: no references
[2694.595s][debug][gc,ref         ] GC(294) ReferenceProcessor::execute queues: 1, RefProcThreadModel::Single, marks_oops_alive: false
[2694.595s][debug][gc,phases      ] GC(294) Reference Processing 0.139ms
[2694.595s][debug][gc,phases      ] GC(294)   VM Weak                        Min:  0.0, Avg:  0.0, Max:  0.0, Diff:  0.0, Sum:  0.0, Workers: 4
[2694.595s][debug][gc,phases      ] GC(294)     Dead                           Min: 0, Avg:  0.0, Max: 0, Diff: 0, Sum: 0, Workers: 4
[2694.595s][debug][gc,phases      ] GC(294)     Total                          Min: 0, Avg: 218.5, Max: 512, Diff: 512, Sum: 874, Workers: 4
[2694.595s][debug][gc,phases      ] GC(294)   ObjectSynchronizer Weak        Min:  0.0, Avg:  0.0, Max:  0.0, Diff:  0.0, Sum:  0.0, Workers: 4
[2694.595s][debug][gc,phases      ] GC(294)     Dead                           Min: 0, Avg:  0.0, Max: 0, Diff: 0, Sum: 0, Workers: 4
[2694.595s][debug][gc,phases      ] GC(294)     Total                          Min: 0, Avg:  1.0, Max: 4, Diff: 4, Sum: 4, Workers: 4
[2694.595s][debug][gc,phases      ] GC(294)   JVMTI Tag Weak OopStorage      Min:  0.0, Avg:  0.0, Max:  0.0, Diff:  0.0, Sum:  0.0, Workers: 4
[2694.595s][debug][gc,phases      ] GC(294)     Dead                           Min: 0, Avg:  0.0, Max: 0, Diff: 0, Sum: 0, Workers: 4
[2694.595s][debug][gc,phases      ] GC(294)     Total                          Min: 0, Avg:  0.0, Max: 0, Diff: 0, Sum: 0, Workers: 4
[2694.595s][debug][gc,phases      ] GC(294)   StringTable Weak               Min:  0.0, Avg:  0.1, Max:  0.1, Diff:  0.1, Sum:  0.4, Workers: 4
[2694.595s][debug][gc,phases      ] GC(294)     Dead                           Min: 0, Avg:  0.0, Max: 0, Diff: 0, Sum: 0, Workers: 4
[2694.595s][debug][gc,phases      ] GC(294)     Total                          Min: 0, Avg: 11240.2, Max: 18880, Diff: 18880, Sum: 44961, Workers: 4
[2694.595s][debug][gc,phases      ] GC(294)   ResolvedMethodTable Weak       Min:  0.0, Avg:  0.0, Max:  0.0, Diff:  0.0, Sum:  0.1, Workers: 4
[2694.595s][debug][gc,phases      ] GC(294)     Dead                           Min: 0, Avg:  0.0, Max: 0, Diff: 0, Sum: 0, Workers: 4
[2694.595s][debug][gc,phases      ] GC(294)     Total                          Min: 0, Avg: 2645.8, Max: 4695, Diff: 4695, Sum: 10583, Workers: 4
[2694.595s][debug][gc,phases      ] GC(294)   JNI Weak                       Min:  0.0, Avg:  0.0, Max:  0.0, Diff:  0.0, Sum:  0.0, Workers: 4
[2694.595s][debug][gc,phases      ] GC(294)     Dead                           Min: 0, Avg:  0.0, Max: 0, Diff: 0, Sum: 0, Workers: 4
[2694.595s][debug][gc,phases      ] GC(294)     Total                          Min: 0, Avg: 11.2, Max: 45, Diff: 45, Sum: 45, Workers: 4
[2694.595s][debug][gc,phases      ] GC(294)   StringDedup Table Weak         Min:  0.0, Avg:  0.0, Max:  0.0, Diff:  0.0, Sum:  0.0, Workers: 4
[2694.595s][debug][gc,phases      ] GC(294)     Dead                           Min: 0, Avg:  0.0, Max: 0, Diff: 0, Sum: 0, Workers: 4
[2694.595s][debug][gc,phases      ] GC(294)     Total                          Min: 0, Avg:  0.0, Max: 0, Diff: 0, Sum: 0, Workers: 4
[2694.595s][debug][gc,phases      ] GC(294)   StringDedup Requests0 Weak     Min:  0.0, Avg:  0.0, Max:  0.0, Diff:  0.0, Sum:  0.0, Workers: 4
[2694.595s][debug][gc,phases      ] GC(294)     Dead                           Min: 0, Avg:  0.0, Max: 0, Diff: 0, Sum: 0, Workers: 4
[2694.595s][debug][gc,phases      ] GC(294)     Total                          Min: 0, Avg:  0.0, Max: 0, Diff: 0, Sum: 0, Workers: 4
[2694.595s][debug][gc,phases      ] GC(294)   StringDedup Requests1 Weak     Min:  0.0, Avg:  0.0, Max:  0.0, Diff:  0.0, Sum:  0.0, Workers: 4
[2694.595s][debug][gc,phases      ] GC(294)     Dead                           Min: 0, Avg:  0.0, Max: 0, Diff: 0, Sum: 0, Workers: 4
[2694.595s][debug][gc,phases      ] GC(294)     Total                          Min: 0, Avg:  0.0, Max: 0, Diff: 0, Sum: 0, Workers: 4
[2694.595s][debug][gc,phases      ] GC(294)   Weak JFR Old Object Samples    Min:  0.0, Avg:  0.0, Max:  0.0, Diff:  0.0, Sum:  0.0, Workers: 4
[2694.595s][debug][gc,phases      ] GC(294)     Dead                           Min: 0, Avg:  0.0, Max: 0, Diff: 0, Sum: 0, Workers: 4
[2694.595s][debug][gc,phases      ] GC(294)     Total                          Min: 0, Avg:  0.0, Max: 0, Diff: 0, Sum: 0, Workers: 4
[2694.595s][debug][gc,phases      ] GC(294) Weak Processing 0.325ms
[2694.595s][debug][gc,age         ] GC(294) Desired survivor size 3670016 bytes, new threshold 15 (max threshold 15)
[2694.595s][info ][gc,heap        ] GC(294) PSYoungGen: 2092594K(2093568K)->2594K(2093568K) Eden: 2089984K(2089984K)->0K(2089984K) From: 2610K(3584K)->2594K(3584K)
[2694.595s][info ][gc,heap        ] GC(294) ParOldGen: 408936K(430080K)->408960K(430080K)
[2694.595s][info ][gc,metaspace   ] GC(294) Metaspace: 86147K(87168K)->86147K(87168K) NonClass: 73746K(74304K)->73746K(74304K) Class: 12401K(12864K)->12401K(12864K)
[2694.595s][info ][gc             ] GC(294) Pause Young (Allocation Failure) 2442M->401M(2464M) 3.853ms
[2694.595s][info ][gc,cpu         ] GC(294) User=0.02s Sys=0.00s Real=0.01s
[2694.595s][info ][safepoint      ] Safepoint "ParallelGCFailedAllocation", Time since last: 3240977583 ns, Reaching safepoint: 74800 ns, Cleanup: 21700 ns, At safepoint: 3928813 ns, Total: 4025313 ns
[2695.595s][info ][safepoint      ] Safepoint "Cleanup", Time since last: 1000084335 ns, Reaching safepoint: 3900 ns, Cleanup: 36500 ns, At safepoint: 3300 ns, Total: 43700 ns
[2698.596s][info ][safepoint      ] Safepoint "Cleanup", Time since last: 3000214005 ns, Reaching safepoint: 4000 ns, Cleanup: 32200 ns, At safepoint: 2300 ns, Total: 38500 ns
[2699.596s][info ][safepoint      ] Safepoint "Cleanup", Time since last: 1000102271 ns, Reaching safepoint: 4500 ns, Cleanup: 24000 ns, At safepoint: 3000 ns, Total: 31500 ns
[2701.714s][info ][safepoint      ] Safepoint "Cleanup", Time since last: 2117765003 ns, Reaching safepoint: 4000 ns, Cleanup: 33000 ns, At safepoint: 2700 ns, Total: 39700 ns
[2705.714s][info ][safepoint      ] Safepoint "Cleanup", Time since last: 4000244233 ns, Reaching safepoint: 4300 ns, Cleanup: 36100 ns, At safepoint: 3900 ns, Total: 44300 ns
[2706.987s][info ][gc,start       ] GC(295) Pause Young (Allocation Failure)
[2706.990s][debug][gc,phases      ] GC(295) Scavenge 3.276ms
[2706.990s][debug][gc,ref         ] GC(295) Skipped phase 1 of Reference Processing: no references
[2706.990s][debug][gc,ref         ] GC(295) ReferenceProcessor::execute queues: 1, RefProcThreadModel::Single, marks_oops_alive: false
[2706.990s][debug][gc,ref         ] GC(295) Skipped phase 3 of Reference Processing: no references
[2706.990s][debug][gc,ref         ] GC(295) ReferenceProcessor::execute queues: 1, RefProcThreadModel::Single, marks_oops_alive: false
[2706.990s][debug][gc,phases      ] GC(295) Reference Processing 0.102ms
[2706.991s][debug][gc,phases      ] GC(295)   VM Weak                        Min:  0.0, Avg:  0.0, Max:  0.0, Diff:  0.0, Sum:  0.0, Workers: 4
[2706.991s][debug][gc,phases      ] GC(295)     Dead                           Min: 0, Avg:  0.0, Max: 0, Diff: 0, Sum: 0, Workers: 4
[2706.991s][debug][gc,phases      ] GC(295)     Total                          Min: 42, Avg: 218.5, Max: 512, Diff: 470, Sum: 874, Workers: 4
[2706.991s][debug][gc,phases      ] GC(295)   ObjectSynchronizer Weak        Min:  0.0, Avg:  0.0, Max:  0.0, Diff:  0.0, Sum:  0.0, Workers: 4
[2706.991s][debug][gc,phases      ] GC(295)     Dead                           Min: 0, Avg:  0.0, Max: 0, Diff: 0, Sum: 0, Workers: 4
[2706.991s][debug][gc,phases      ] GC(295)     Total                          Min: 0, Avg:  1.0, Max: 4, Diff: 4, Sum: 4, Workers: 4
[2706.991s][debug][gc,phases      ] GC(295)   JVMTI Tag Weak OopStorage      Min:  0.0, Avg:  0.0, Max:  0.0, Diff:  0.0, Sum:  0.0, Workers: 4
[2706.991s][debug][gc,phases      ] GC(295)     Dead                           Min: 0, Avg:  0.0, Max: 0, Diff: 0, Sum: 0, Workers: 4
[2706.991s][debug][gc,phases      ] GC(295)     Total                          Min: 0, Avg:  0.0, Max: 0, Diff: 0, Sum: 0, Workers: 4
[2706.991s][debug][gc,phases      ] GC(295)   StringTable Weak               Min:  0.1, Avg:  0.1, Max:  0.1, Diff:  0.0, Sum:  0.4, Workers: 4
[2706.991s][debug][gc,phases      ] GC(295)     Dead                           Min: 0, Avg:  0.0, Max: 0, Diff: 0, Sum: 0, Workers: 4
[2706.991s][debug][gc,phases      ] GC(295)     Total                          Min: 11007, Avg: 11240.2, Max: 11583, Diff: 576, Sum: 44961, Workers: 4
[2706.991s][debug][gc,phases      ] GC(295)   ResolvedMethodTable Weak       Min:  0.0, Avg:  0.0, Max:  0.0, Diff:  0.0, Sum:  0.1, Workers: 4
[2706.991s][debug][gc,phases      ] GC(295)     Dead                           Min: 0, Avg:  0.0, Max: 0, Diff: 0, Sum: 0, Workers: 4
[2706.991s][debug][gc,phases      ] GC(295)     Total                          Min: 2048, Avg: 2645.8, Max: 3008, Diff: 960, Sum: 10583, Workers: 4
[2706.991s][debug][gc,phases      ] GC(295)   JNI Weak                       Min:  0.0, Avg:  0.0, Max:  0.0, Diff:  0.0, Sum:  0.0, Workers: 4
[2706.991s][debug][gc,phases      ] GC(295)     Dead                           Min: 0, Avg:  0.0, Max: 0, Diff: 0, Sum: 0, Workers: 4
[2706.991s][debug][gc,phases      ] GC(295)     Total                          Min: 0, Avg: 11.2, Max: 45, Diff: 45, Sum: 45, Workers: 4
[2706.991s][debug][gc,phases      ] GC(295)   StringDedup Table Weak         Min:  0.0, Avg:  0.0, Max:  0.0, Diff:  0.0, Sum:  0.0, Workers: 4
[2706.991s][debug][gc,phases      ] GC(295)     Dead                           Min: 0, Avg:  0.0, Max: 0, Diff: 0, Sum: 0, Workers: 4
[2706.991s][debug][gc,phases      ] GC(295)     Total                          Min: 0, Avg:  0.0, Max: 0, Diff: 0, Sum: 0, Workers: 4
[2706.991s][debug][gc,phases      ] GC(295)   StringDedup Requests0 Weak     Min:  0.0, Avg:  0.0, Max:  0.0, Diff:  0.0, Sum:  0.0, Workers: 4
[2706.991s][debug][gc,phases      ] GC(295)     Dead                           Min: 0, Avg:  0.0, Max: 0, Diff: 0, Sum: 0, Workers: 4
[2706.991s][debug][gc,phases      ] GC(295)     Total                          Min: 0, Avg:  0.0, Max: 0, Diff: 0, Sum: 0, Workers: 4
[2706.991s][debug][gc,phases      ] GC(295)   StringDedup Requests1 Weak     Min:  0.0, Avg:  0.0, Max:  0.0, Diff:  0.0, Sum:  0.0, Workers: 4
[2706.991s][debug][gc,phases      ] GC(295)     Dead                           Min: 0, Avg:  0.0, Max: 0, Diff: 0, Sum: 0, Workers: 4
[2706.991s][debug][gc,phases      ] GC(295)     Total                          Min: 0, Avg:  0.0, Max: 0, Diff: 0, Sum: 0, Workers: 4
[2706.991s][debug][gc,phases      ] GC(295)   Weak JFR Old Object Samples    Min:  0.0, Avg:  0.0, Max:  0.0, Diff:  0.0, Sum:  0.0, Workers: 4
[2706.991s][debug][gc,phases      ] GC(295)     Dead                           Min: 0, Avg:  0.0, Max: 0, Diff: 0, Sum: 0, Workers: 4
[2706.991s][debug][gc,phases      ] GC(295)     Total                          Min: 0, Avg:  0.0, Max: 0, Diff: 0, Sum: 0, Workers: 4
[2706.991s][debug][gc,phases      ] GC(295) Weak Processing 0.296ms
[2706.991s][debug][gc,age         ] GC(295) Desired survivor size 3670016 bytes, new threshold 15 (max threshold 15)
[2706.991s][info ][gc,heap        ] GC(295) PSYoungGen: 2092578K(2093568K)->2658K(2093568K) Eden: 2089984K(2089984K)->0K(2089984K) From: 2594K(3584K)->2658K(3584K)
[2706.991s][info ][gc,heap        ] GC(295) ParOldGen: 408960K(430080K)->408960K(430080K)
[2706.991s][info ][gc,metaspace   ] GC(295) Metaspace: 86159K(87168K)->86159K(87168K) NonClass: 73757K(74304K)->73757K(74304K) Class: 12401K(12864K)->12401K(12864K)
[2706.991s][info ][gc             ] GC(295) Pause Young (Allocation Failure) 2442M->401M(2464M) 3.778ms
[2706.991s][info ][gc,cpu         ] GC(295) User=0.01s Sys=0.00s Real=0.00s
[2706.991s][info ][safepoint      ] Safepoint "ParallelGCFailedAllocation", Time since last: 1273028143 ns, Reaching safepoint: 4500 ns, Cleanup: 33400 ns, At safepoint: 3843809 ns, Total: 3881709 ns
[2711.991s][info ][safepoint      ] Safepoint "Cleanup", Time since last: 5000346718 ns, Reaching safepoint: 73301 ns, Cleanup: 50400 ns, At safepoint: 4600 ns, Total: 128301 ns
[2719.294s][info ][gc,start       ] GC(296) Pause Young (Allocation Failure)
[2719.297s][debug][gc,phases      ] GC(296) Scavenge 3.428ms
[2719.297s][debug][gc,ref         ] GC(296) Skipped phase 1 of Reference Processing: no references
[2719.297s][debug][gc,ref         ] GC(296) ReferenceProcessor::execute queues: 1, RefProcThreadModel::Single, marks_oops_alive: false
[2719.297s][debug][gc,ref         ] GC(296) Skipped phase 3 of Reference Processing: no references
[2719.297s][debug][gc,ref         ] GC(296) ReferenceProcessor::execute queues: 1, RefProcThreadModel::Single, marks_oops_alive: false
[2719.297s][debug][gc,phases      ] GC(296) Reference Processing 0.093ms
[2719.298s][debug][gc,phases      ] GC(296)   VM Weak                        Min:  0.0, Avg:  0.0, Max:  0.0, Diff:  0.0, Sum:  0.0, Workers: 4
[2719.298s][debug][gc,phases      ] GC(296)     Dead                           Min: 0, Avg:  0.0, Max: 0, Diff: 0, Sum: 0, Workers: 4
[2719.298s][debug][gc,phases      ] GC(296)     Total                          Min: 0, Avg: 218.5, Max: 874, Diff: 874, Sum: 874, Workers: 4
[2719.298s][debug][gc,phases      ] GC(296)   ObjectSynchronizer Weak        Min:  0.0, Avg:  0.0, Max:  0.0, Diff:  0.0, Sum:  0.0, Workers: 4
[2719.298s][debug][gc,phases      ] GC(296)     Dead                           Min: 0, Avg:  0.0, Max: 0, Diff: 0, Sum: 0, Workers: 4
[2719.298s][debug][gc,phases      ] GC(296)     Total                          Min: 0, Avg:  1.0, Max: 4, Diff: 4, Sum: 4, Workers: 4
[2719.298s][debug][gc,phases      ] GC(296)   JVMTI Tag Weak OopStorage      Min:  0.0, Avg:  0.0, Max:  0.0, Diff:  0.0, Sum:  0.0, Workers: 4
[2719.298s][debug][gc,phases      ] GC(296)     Dead                           Min: 0, Avg:  0.0, Max: 0, Diff: 0, Sum: 0, Workers: 4
[2719.298s][debug][gc,phases      ] GC(296)     Total                          Min: 0, Avg:  0.0, Max: 0, Diff: 0, Sum: 0, Workers: 4
[2719.298s][debug][gc,phases      ] GC(296)   StringTable Weak               Min:  0.0, Avg:  0.1, Max:  0.2, Diff:  0.2, Sum:  0.3, Workers: 4
[2719.298s][debug][gc,phases      ] GC(296)     Dead                           Min: 0, Avg:  0.0, Max: 0, Diff: 0, Sum: 0, Workers: 4
[2719.298s][debug][gc,phases      ] GC(296)     Total                          Min: 0, Avg: 11240.2, Max: 28032, Diff: 28032, Sum: 44961, Workers: 4
[2719.298s][debug][gc,phases      ] GC(296)   ResolvedMethodTable Weak       Min:  0.0, Avg:  0.0, Max:  0.0, Diff:  0.0, Sum:  0.1, Workers: 4
[2719.298s][debug][gc,phases      ] GC(296)     Dead                           Min: 0, Avg:  0.0, Max: 0, Diff: 0, Sum: 0, Workers: 4
[2719.298s][debug][gc,phases      ] GC(296)     Total                          Min: 0, Avg: 2645.8, Max: 6656, Diff: 6656, Sum: 10583, Workers: 4
[2719.298s][debug][gc,phases      ] GC(296)   JNI Weak                       Min:  0.0, Avg:  0.0, Max:  0.0, Diff:  0.0, Sum:  0.0, Workers: 4
[2719.298s][debug][gc,phases      ] GC(296)     Dead                           Min: 0, Avg:  0.0, Max: 0, Diff: 0, Sum: 0, Workers: 4
[2719.298s][debug][gc,phases      ] GC(296)     Total                          Min: 0, Avg: 11.2, Max: 45, Diff: 45, Sum: 45, Workers: 4
[2719.298s][debug][gc,phases      ] GC(296)   StringDedup Table Weak         Min:  0.0, Avg:  0.0, Max:  0.0, Diff:  0.0, Sum:  0.0, Workers: 4
[2719.298s][debug][gc,phases      ] GC(296)     Dead                           Min: 0, Avg:  0.0, Max: 0, Diff: 0, Sum: 0, Workers: 4
[2719.298s][debug][gc,phases      ] GC(296)     Total                          Min: 0, Avg:  0.0, Max: 0, Diff: 0, Sum: 0, Workers: 4
[2719.298s][debug][gc,phases      ] GC(296)   StringDedup Requests0 Weak     Min:  0.0, Avg:  0.0, Max:  0.0, Diff:  0.0, Sum:  0.0, Workers: 4
[2719.298s][debug][gc,phases      ] GC(296)     Dead                           Min: 0, Avg:  0.0, Max: 0, Diff: 0, Sum: 0, Workers: 4
[2719.298s][debug][gc,phases      ] GC(296)     Total                          Min: 0, Avg:  0.0, Max: 0, Diff: 0, Sum: 0, Workers: 4
[2719.298s][debug][gc,phases      ] GC(296)   StringDedup Requests1 Weak     Min:  0.0, Avg:  0.0, Max:  0.0, Diff:  0.0, Sum:  0.0, Workers: 4
[2719.298s][debug][gc,phases      ] GC(296)     Dead                           Min: 0, Avg:  0.0, Max: 0, Diff: 0, Sum: 0, Workers: 4
[2719.298s][debug][gc,phases      ] GC(296)     Total                          Min: 0, Avg:  0.0, Max: 0, Diff: 0, Sum: 0, Workers: 4
[2719.298s][debug][gc,phases      ] GC(296)   Weak JFR Old Object Samples    Min:  0.0, Avg:  0.0, Max:  0.0, Diff:  0.0, Sum:  0.0, Workers: 4
[2719.298s][debug][gc,phases      ] GC(296)     Dead                           Min: 0, Avg:  0.0, Max: 0, Diff: 0, Sum: 0, Workers: 4
[2719.298s][debug][gc,phases      ] GC(296)     Total                          Min: 0, Avg:  0.0, Max: 0, Diff: 0, Sum: 0, Workers: 4
[2719.298s][debug][gc,phases      ] GC(296) Weak Processing 0.363ms
[2719.298s][debug][gc,age         ] GC(296) Desired survivor size 3670016 bytes, new threshold 15 (max threshold 15)
[2719.298s][info ][gc,heap        ] GC(296) PSYoungGen: 2092642K(2093568K)->2917K(2093568K) Eden: 2089984K(2089984K)->0K(2089984K) From: 2658K(3584K)->2917K(3584K)
[2719.298s][info ][gc,heap        ] GC(296) ParOldGen: 408960K(430080K)->408960K(430080K)
[2719.298s][info ][gc,metaspace   ] GC(296) Metaspace: 86159K(87168K)->86159K(87168K) NonClass: 73758K(74304K)->73758K(74304K) Class: 12401K(12864K)->12401K(12864K)
[2719.298s][info ][gc             ] GC(296) Pause Young (Allocation Failure) 2442M->402M(2464M) 3.974ms
[2719.298s][info ][gc,cpu         ] GC(296) User=0.01s Sys=0.00s Real=0.00s
[2719.298s][info ][safepoint      ] Safepoint "ParallelGCFailedAllocation", Time since last: 7302396317 ns, Reaching safepoint: 4100 ns, Cleanup: 18200 ns, At safepoint: 4046111 ns, Total: 4068411 ns
[2720.298s][info ][safepoint      ] Safepoint "Cleanup", Time since last: 1000085204 ns, Reaching safepoint: 5800 ns, Cleanup: 39800 ns, At safepoint: 2700 ns, Total: 48300 ns
[2729.291s][info ][gc,start       ] GC(297) Pause Young (Allocation Failure)
[2729.295s][debug][gc,phases      ] GC(297) Scavenge 4.314ms
[2729.295s][debug][gc,ref         ] GC(297) Skipped phase 1 of Reference Processing: no references
[2729.295s][debug][gc,ref         ] GC(297) ReferenceProcessor::execute queues: 1, RefProcThreadModel::Single, marks_oops_alive: false
[2729.295s][debug][gc,ref         ] GC(297) Skipped phase 3 of Reference Processing: no references
[2729.295s][debug][gc,ref         ] GC(297) ReferenceProcessor::execute queues: 1, RefProcThreadModel::Single, marks_oops_alive: false
[2729.295s][debug][gc,phases      ] GC(297) Reference Processing 0.093ms
[2729.296s][debug][gc,phases      ] GC(297)   VM Weak                        Min:  0.0, Avg:  0.0, Max:  0.0, Diff:  0.0, Sum:  0.0, Workers: 4
[2729.296s][debug][gc,phases      ] GC(297)     Dead                           Min: 0, Avg:  0.0, Max: 0, Diff: 0, Sum: 0, Workers: 4
[2729.296s][debug][gc,phases      ] GC(297)     Total                          Min: 0, Avg: 218.5, Max: 704, Diff: 704, Sum: 874, Workers: 4
[2729.296s][debug][gc,phases      ] GC(297)   ObjectSynchronizer Weak        Min:  0.0, Avg:  0.0, Max:  0.0, Diff:  0.0, Sum:  0.0, Workers: 4
[2729.296s][debug][gc,phases      ] GC(297)     Dead                           Min: 0, Avg:  0.0, Max: 0, Diff: 0, Sum: 0, Workers: 4
[2729.296s][debug][gc,phases      ] GC(297)     Total                          Min: 0, Avg:  1.0, Max: 4, Diff: 4, Sum: 4, Workers: 4
[2729.296s][debug][gc,phases      ] GC(297)   JVMTI Tag Weak OopStorage      Min:  0.0, Avg:  0.0, Max:  0.0, Diff:  0.0, Sum:  0.0, Workers: 4
[2729.296s][debug][gc,phases      ] GC(297)     Dead                           Min: 0, Avg:  0.0, Max: 0, Diff: 0, Sum: 0, Workers: 4
[2729.296s][debug][gc,phases      ] GC(297)     Total                          Min: 0, Avg:  0.0, Max: 0, Diff: 0, Sum: 0, Workers: 4
[2729.296s][debug][gc,phases      ] GC(297)   StringTable Weak               Min:  0.0, Avg:  0.1, Max:  0.1, Diff:  0.1, Sum:  0.3, Workers: 4
[2729.296s][debug][gc,phases      ] GC(297)     Dead                           Min: 0, Avg:  0.0, Max: 0, Diff: 0, Sum: 0, Workers: 4
[2729.296s][debug][gc,phases      ] GC(297)     Total                          Min: 0, Avg: 11240.2, Max: 19746, Diff: 19746, Sum: 44961, Workers: 4
[2729.296s][debug][gc,phases      ] GC(297)   ResolvedMethodTable Weak       Min:  0.0, Avg:  0.0, Max:  0.0, Diff:  0.0, Sum:  0.1, Workers: 4
[2729.296s][debug][gc,phases      ] GC(297)     Dead                           Min: 0, Avg:  0.0, Max: 0, Diff: 0, Sum: 0, Workers: 4
[2729.296s][debug][gc,phases      ] GC(297)     Total                          Min: 0, Avg: 2645.8, Max: 4695, Diff: 4695, Sum: 10583, Workers: 4
[2729.296s][debug][gc,phases      ] GC(297)   JNI Weak                       Min:  0.0, Avg:  0.0, Max:  0.0, Diff:  0.0, Sum:  0.0, Workers: 4
[2729.296s][debug][gc,phases      ] GC(297)     Dead                           Min: 0, Avg:  0.0, Max: 0, Diff: 0, Sum: 0, Workers: 4
[2729.296s][debug][gc,phases      ] GC(297)     Total                          Min: 0, Avg: 11.2, Max: 45, Diff: 45, Sum: 45, Workers: 4
[2729.296s][debug][gc,phases      ] GC(297)   StringDedup Table Weak         Min:  0.0, Avg:  0.0, Max:  0.0, Diff:  0.0, Sum:  0.0, Workers: 4
[2729.296s][debug][gc,phases      ] GC(297)     Dead                           Min: 0, Avg:  0.0, Max: 0, Diff: 0, Sum: 0, Workers: 4
[2729.296s][debug][gc,phases      ] GC(297)     Total                          Min: 0, Avg:  0.0, Max: 0, Diff: 0, Sum: 0, Workers: 4
[2729.296s][debug][gc,phases      ] GC(297)   StringDedup Requests0 Weak     Min:  0.0, Avg:  0.0, Max:  0.0, Diff:  0.0, Sum:  0.0, Workers: 4
[2729.296s][debug][gc,phases      ] GC(297)     Dead                           Min: 0, Avg:  0.0, Max: 0, Diff: 0, Sum: 0, Workers: 4
[2729.296s][debug][gc,phases      ] GC(297)     Total                          Min: 0, Avg:  0.0, Max: 0, Diff: 0, Sum: 0, Workers: 4
[2729.296s][debug][gc,phases      ] GC(297)   StringDedup Requests1 Weak     Min:  0.0, Avg:  0.0, Max:  0.0, Diff:  0.0, Sum:  0.0, Workers: 4
[2729.296s][debug][gc,phases      ] GC(297)     Dead                           Min: 0, Avg:  0.0, Max: 0, Diff: 0, Sum: 0, Workers: 4
[2729.296s][debug][gc,phases      ] GC(297)     Total                          Min: 0, Avg:  0.0, Max: 0, Diff: 0, Sum: 0, Workers: 4
[2729.296s][debug][gc,phases      ] GC(297)   Weak JFR Old Object Samples    Min:  0.0, Avg:  0.0, Max:  0.0, Diff:  0.0, Sum:  0.0, Workers: 4
[2729.296s][debug][gc,phases      ] GC(297)     Dead                           Min: 0, Avg:  0.0, Max: 0, Diff: 0, Sum: 0, Workers: 4
[2729.296s][debug][gc,phases      ] GC(297)     Total                          Min: 0, Avg:  0.0, Max: 0, Diff: 0, Sum: 0, Workers: 4
[2729.296s][debug][gc,phases      ] GC(297) Weak Processing 0.311ms
[2729.296s][debug][gc,age         ] GC(297) Desired survivor size 3670016 bytes, new threshold 15 (max threshold 15)
[2729.296s][info ][gc,heap        ] GC(297) PSYoungGen: 2092901K(2093568K)->2738K(2093568K) Eden: 2089984K(2089984K)->0K(2089984K) From: 2917K(3584K)->2738K(3584K)
[2729.296s][info ][gc,heap        ] GC(297) ParOldGen: 408960K(430080K)->408968K(430080K)
[2729.296s][info ][gc,metaspace   ] GC(297) Metaspace: 86159K(87168K)->86159K(87168K) NonClass: 73758K(74304K)->73758K(74304K) Class: 12401K(12864K)->12401K(12864K)
[2729.296s][info ][gc             ] GC(297) Pause Young (Allocation Failure) 2443M->402M(2464M) 4.818ms
[2729.296s][info ][gc,cpu         ] GC(297) User=0.01s Sys=0.00s Real=0.01s
[2729.296s][info ][safepoint      ] Safepoint "ParallelGCFailedAllocation", Time since last: 8992983539 ns, Reaching safepoint: 75700 ns, Cleanup: 27200 ns, At safepoint: 4883814 ns, Total: 4986714 ns
[2741.592s][info ][gc,start       ] GC(298) Pause Young (Allocation Failure)
[2741.599s][debug][gc,phases      ] GC(298) Scavenge 6.682ms
[2741.599s][debug][gc,ref         ] GC(298) Skipped phase 1 of Reference Processing: no references
[2741.599s][debug][gc,ref         ] GC(298) ReferenceProcessor::execute queues: 1, RefProcThreadModel::Single, marks_oops_alive: false
[2741.599s][debug][gc,ref         ] GC(298) Skipped phase 3 of Reference Processing: no references
[2741.599s][debug][gc,ref         ] GC(298) ReferenceProcessor::execute queues: 1, RefProcThreadModel::Single, marks_oops_alive: false
[2741.599s][debug][gc,phases      ] GC(298) Reference Processing 0.121ms
[2741.599s][debug][gc,phases      ] GC(298)   VM Weak                        Min:  0.0, Avg:  0.0, Max:  0.0, Diff:  0.0, Sum:  0.0, Workers: 4
[2741.599s][debug][gc,phases      ] GC(298)     Dead                           Min: 0, Avg:  0.0, Max: 0, Diff: 0, Sum: 0, Workers: 4
[2741.599s][debug][gc,phases      ] GC(298)     Total                          Min: 0, Avg: 218.5, Max: 746, Diff: 746, Sum: 874, Workers: 4
[2741.599s][debug][gc,phases      ] GC(298)   ObjectSynchronizer Weak        Min:  0.0, Avg:  0.0, Max:  0.0, Diff:  0.0, Sum:  0.0, Workers: 4
[2741.599s][debug][gc,phases      ] GC(298)     Dead                           Min: 0, Avg:  0.0, Max: 0, Diff: 0, Sum: 0, Workers: 4
[2741.599s][debug][gc,phases      ] GC(298)     Total                          Min: 0, Avg:  1.0, Max: 4, Diff: 4, Sum: 4, Workers: 4
[2741.599s][debug][gc,phases      ] GC(298)   JVMTI Tag Weak OopStorage      Min:  0.0, Avg:  0.0, Max:  0.0, Diff:  0.0, Sum:  0.0, Workers: 4
[2741.599s][debug][gc,phases      ] GC(298)     Dead                           Min: 0, Avg:  0.0, Max: 0, Diff: 0, Sum: 0, Workers: 4
[2741.599s][debug][gc,phases      ] GC(298)     Total                          Min: 0, Avg:  0.0, Max: 0, Diff: 0, Sum: 0, Workers: 4
[2741.599s][debug][gc,phases      ] GC(298)   StringTable Weak               Min:  0.0, Avg:  0.1, Max:  0.1, Diff:  0.1, Sum:  0.4, Workers: 4
[2741.599s][debug][gc,phases      ] GC(298)     Dead                           Min: 0, Avg:  0.0, Max: 0, Diff: 0, Sum: 0, Workers: 4
[2741.599s][debug][gc,phases      ] GC(298)     Total                          Min: 0, Avg: 11240.2, Max: 15295, Diff: 15295, Sum: 44961, Workers: 4
[2741.599s][debug][gc,phases      ] GC(298)   ResolvedMethodTable Weak       Min:  0.0, Avg:  0.0, Max:  0.0, Diff:  0.0, Sum:  0.1, Workers: 4
[2741.600s][debug][gc,phases      ] GC(298)     Dead                           Min: 0, Avg:  0.0, Max: 0, Diff: 0, Sum: 0, Workers: 4
[2741.600s][debug][gc,phases      ] GC(298)     Total                          Min: 0, Avg: 2645.8, Max: 3776, Diff: 3776, Sum: 10583, Workers: 4
[2741.600s][debug][gc,phases      ] GC(298)   JNI Weak                       Min:  0.0, Avg:  0.0, Max:  0.0, Diff:  0.0, Sum:  0.0, Workers: 4
[2741.600s][debug][gc,phases      ] GC(298)     Dead                           Min: 0, Avg:  0.0, Max: 0, Diff: 0, Sum: 0, Workers: 4
[2741.600s][debug][gc,phases      ] GC(298)     Total                          Min: 0, Avg: 11.2, Max: 45, Diff: 45, Sum: 45, Workers: 4
[2741.600s][debug][gc,phases      ] GC(298)   StringDedup Table Weak         Min:  0.0, Avg:  0.0, Max:  0.0, Diff:  0.0, Sum:  0.0, Workers: 4
[2741.600s][debug][gc,phases      ] GC(298)     Dead                           Min: 0, Avg:  0.0, Max: 0, Diff: 0, Sum: 0, Workers: 4
[2741.600s][debug][gc,phases      ] GC(298)     Total                          Min: 0, Avg:  0.0, Max: 0, Diff: 0, Sum: 0, Workers: 4
[2741.600s][debug][gc,phases      ] GC(298)   StringDedup Requests0 Weak     Min:  0.0, Avg:  0.0, Max:  0.0, Diff:  0.0, Sum:  0.0, Workers: 4
[2741.600s][debug][gc,phases      ] GC(298)     Dead                           Min: 0, Avg:  0.0, Max: 0, Diff: 0, Sum: 0, Workers: 4
[2741.600s][debug][gc,phases      ] GC(298)     Total                          Min: 0, Avg:  0.0, Max: 0, Diff: 0, Sum: 0, Workers: 4
[2741.600s][debug][gc,phases      ] GC(298)   StringDedup Requests1 Weak     Min:  0.0, Avg:  0.0, Max:  0.0, Diff:  0.0, Sum:  0.0, Workers: 4
[2741.600s][debug][gc,phases      ] GC(298)     Dead                           Min: 0, Avg:  0.0, Max: 0, Diff: 0, Sum: 0, Workers: 4
[2741.600s][debug][gc,phases      ] GC(298)     Total                          Min: 0, Avg:  0.0, Max: 0, Diff: 0, Sum: 0, Workers: 4
[2741.600s][debug][gc,phases      ] GC(298)   Weak JFR Old Object Samples    Min:  0.0, Avg:  0.0, Max:  0.0, Diff:  0.0, Sum:  0.0, Workers: 4
[2741.600s][debug][gc,phases      ] GC(298)     Dead                           Min: 0, Avg:  0.0, Max: 0, Diff: 0, Sum: 0, Workers: 4
[2741.600s][debug][gc,phases      ] GC(298)     Total                          Min: 0, Avg:  0.0, Max: 0, Diff: 0, Sum: 0, Workers: 4
[2741.600s][debug][gc,phases      ] GC(298) Weak Processing 0.419ms
[2741.600s][debug][gc,age         ] GC(298) Desired survivor size 3670016 bytes, new threshold 15 (max threshold 15)
[2741.600s][info ][gc,heap        ] GC(298) PSYoungGen: 2092722K(2093568K)->2738K(2093568K) Eden: 2089984K(2089984K)->0K(2089984K) From: 2738K(3584K)->2738K(3584K)
[2741.600s][info ][gc,heap        ] GC(298) ParOldGen: 408968K(430080K)->408968K(430080K)
[2741.600s][info ][gc,metaspace   ] GC(298) Metaspace: 86159K(87168K)->86159K(87168K) NonClass: 73758K(74304K)->73758K(74304K) Class: 12401K(12864K)->12401K(12864K)
[2741.600s][info ][gc             ] GC(298) Pause Young (Allocation Failure) 2443M->402M(2464M) 7.356ms
[2741.600s][info ][gc,cpu         ] GC(298) User=0.02s Sys=0.00s Real=0.01s
[2741.600s][info ][safepoint      ] Safepoint "ParallelGCFailedAllocation", Time since last: 12296322644 ns, Reaching safepoint: 41500 ns, Cleanup: 29000 ns, At safepoint: 7443213 ns, Total: 7513713 ns
[2753.994s][info ][gc,start       ] GC(299) Pause Young (Allocation Failure)
[2754.000s][debug][gc,phases      ] GC(299) Scavenge 5.927ms
[2754.000s][debug][gc,ref         ] GC(299) Skipped phase 1 of Reference Processing: no references
[2754.000s][debug][gc,ref         ] GC(299) ReferenceProcessor::execute queues: 1, RefProcThreadModel::Single, marks_oops_alive: false
[2754.000s][debug][gc,ref         ] GC(299) Skipped phase 3 of Reference Processing: no references
[2754.000s][debug][gc,ref         ] GC(299) ReferenceProcessor::execute queues: 1, RefProcThreadModel::Single, marks_oops_alive: false
[2754.000s][debug][gc,phases      ] GC(299) Reference Processing 0.095ms
[2754.001s][debug][gc,phases      ] GC(299)   VM Weak                        Min:  0.0, Avg:  0.0, Max:  0.0, Diff:  0.0, Sum:  0.0, Workers: 4
[2754.001s][debug][gc,phases      ] GC(299)     Dead                           Min: 0, Avg:  0.0, Max: 0, Diff: 0, Sum: 0, Workers: 4
[2754.001s][debug][gc,phases      ] GC(299)     Total                          Min: 0, Avg: 218.5, Max: 448, Diff: 448, Sum: 874, Workers: 4
[2754.001s][debug][gc,phases      ] GC(299)   ObjectSynchronizer Weak        Min:  0.0, Avg:  0.0, Max:  0.0, Diff:  0.0, Sum:  0.0, Workers: 4
[2754.001s][debug][gc,phases      ] GC(299)     Dead                           Min: 0, Avg:  0.0, Max: 0, Diff: 0, Sum: 0, Workers: 4
[2754.001s][debug][gc,phases      ] GC(299)     Total                          Min: 0, Avg:  1.0, Max: 4, Diff: 4, Sum: 4, Workers: 4
[2754.001s][debug][gc,phases      ] GC(299)   JVMTI Tag Weak OopStorage      Min:  0.0, Avg:  0.0, Max:  0.0, Diff:  0.0, Sum:  0.0, Workers: 4
[2754.001s][debug][gc,phases      ] GC(299)     Dead                           Min: 0, Avg:  0.0, Max: 0, Diff: 0, Sum: 0, Workers: 4
[2754.001s][debug][gc,phases      ] GC(299)     Total                          Min: 0, Avg:  0.0, Max: 0, Diff: 0, Sum: 0, Workers: 4
[2754.001s][debug][gc,phases      ] GC(299)   StringTable Weak               Min:  0.0, Avg:  0.1, Max:  0.1, Diff:  0.1, Sum:  0.4, Workers: 4
[2754.001s][debug][gc,phases      ] GC(299)     Dead                           Min: 0, Avg:  0.0, Max: 0, Diff: 0, Sum: 0, Workers: 4
[2754.001s][debug][gc,phases      ] GC(299)     Total                          Min: 0, Avg: 11240.2, Max: 15167, Diff: 15167, Sum: 44961, Workers: 4
[2754.001s][debug][gc,phases      ] GC(299)   ResolvedMethodTable Weak       Min:  0.0, Avg:  0.0, Max:  0.0, Diff:  0.0, Sum:  0.1, Workers: 4
[2754.001s][debug][gc,phases      ] GC(299)     Dead                           Min: 0, Avg:  0.0, Max: 0, Diff: 0, Sum: 0, Workers: 4
[2754.001s][debug][gc,phases      ] GC(299)     Total                          Min: 0, Avg: 2645.8, Max: 3607, Diff: 3607, Sum: 10583, Workers: 4
[2754.001s][debug][gc,phases      ] GC(299)   JNI Weak                       Min:  0.0, Avg:  0.0, Max:  0.0, Diff:  0.0, Sum:  0.0, Workers: 4
[2754.001s][debug][gc,phases      ] GC(299)     Dead                           Min: 0, Avg:  0.0, Max: 0, Diff: 0, Sum: 0, Workers: 4
[2754.001s][debug][gc,phases      ] GC(299)     Total                          Min: 0, Avg: 11.2, Max: 45, Diff: 45, Sum: 45, Workers: 4
[2754.001s][debug][gc,phases      ] GC(299)   StringDedup Table Weak         Min:  0.0, Avg:  0.0, Max:  0.0, Diff:  0.0, Sum:  0.0, Workers: 4
[2754.001s][debug][gc,phases      ] GC(299)     Dead                           Min: 0, Avg:  0.0, Max: 0, Diff: 0, Sum: 0, Workers: 4
[2754.001s][debug][gc,phases      ] GC(299)     Total                          Min: 0, Avg:  0.0, Max: 0, Diff: 0, Sum: 0, Workers: 4
[2754.001s][debug][gc,phases      ] GC(299)   StringDedup Requests0 Weak     Min:  0.0, Avg:  0.0, Max:  0.0, Diff:  0.0, Sum:  0.0, Workers: 4
[2754.001s][debug][gc,phases      ] GC(299)     Dead                           Min: 0, Avg:  0.0, Max: 0, Diff: 0, Sum: 0, Workers: 4
[2754.001s][debug][gc,phases      ] GC(299)     Total                          Min: 0, Avg:  0.0, Max: 0, Diff: 0, Sum: 0, Workers: 4
[2754.001s][debug][gc,phases      ] GC(299)   StringDedup Requests1 Weak     Min:  0.0, Avg:  0.0, Max:  0.0, Diff:  0.0, Sum:  0.0, Workers: 4
[2754.001s][debug][gc,phases      ] GC(299)     Dead                           Min: 0, Avg:  0.0, Max: 0, Diff: 0, Sum: 0, Workers: 4
[2754.001s][debug][gc,phases      ] GC(299)     Total                          Min: 0, Avg:  0.0, Max: 0, Diff: 0, Sum: 0, Workers: 4
[2754.001s][debug][gc,phases      ] GC(299)   Weak JFR Old Object Samples    Min:  0.0, Avg:  0.0, Max:  0.0, Diff:  0.0, Sum:  0.0, Workers: 4
[2754.001s][debug][gc,phases      ] GC(299)     Dead                           Min: 0, Avg:  0.0, Max: 0, Diff: 0, Sum: 0, Workers: 4
[2754.001s][debug][gc,phases      ] GC(299)     Total                          Min: 0, Avg:  0.0, Max: 0, Diff: 0, Sum: 0, Workers: 4
[2754.001s][debug][gc,phases      ] GC(299) Weak Processing 0.337ms
[2754.001s][debug][gc,age         ] GC(299) Desired survivor size 3670016 bytes, new threshold 15 (max threshold 15)
[2754.001s][info ][gc,heap        ] GC(299) PSYoungGen: 2092722K(2093568K)->2709K(2093568K) Eden: 2089984K(2089984K)->0K(2089984K) From: 2738K(3584K)->2709K(3584K)
[2754.001s][info ][gc,heap        ] GC(299) ParOldGen: 408968K(430080K)->408992K(430080K)
[2754.001s][info ][gc,metaspace   ] GC(299) Metaspace: 86160K(87168K)->86160K(87168K) NonClass: 73758K(74304K)->73758K(74304K) Class: 12401K(12864K)->12401K(12864K)
[2754.001s][info ][gc             ] GC(299) Pause Young (Allocation Failure) 2443M->402M(2464M) 6.468ms
[2754.001s][info ][gc,cpu         ] GC(299) User=0.01s Sys=0.00s Real=0.00s
[2754.001s][info ][safepoint      ] Safepoint "ParallelGCFailedAllocation", Time since last: 12394367299 ns, Reaching safepoint: 73600 ns, Cleanup: 31500 ns, At safepoint: 6557117 ns, Total: 6662217 ns
[2763.843s][info ][gc,start       ] GC(300) Pause Young (Allocation Failure)
[2763.848s][debug][gc,phases      ] GC(300) Scavenge 4.316ms
[2763.848s][debug][gc,ref         ] GC(300) Skipped phase 1 of Reference Processing: no references
[2763.848s][debug][gc,ref         ] GC(300) ReferenceProcessor::execute queues: 1, RefProcThreadModel::Single, marks_oops_alive: false
[2763.848s][debug][gc,ref         ] GC(300) Skipped phase 3 of Reference Processing: no references
[2763.848s][debug][gc,ref         ] GC(300) ReferenceProcessor::execute queues: 1, RefProcThreadModel::Single, marks_oops_alive: false
[2763.848s][debug][gc,phases      ] GC(300) Reference Processing 0.092ms
[2763.848s][debug][gc,phases      ] GC(300)   VM Weak                        Min:  0.0, Avg:  0.0, Max:  0.0, Diff:  0.0, Sum:  0.0, Workers: 4
[2763.848s][debug][gc,phases      ] GC(300)     Dead                           Min: 0, Avg:  0.0, Max: 0, Diff: 0, Sum: 0, Workers: 4
[2763.848s][debug][gc,phases      ] GC(300)     Total                          Min: 0, Avg: 218.5, Max: 746, Diff: 746, Sum: 874, Workers: 4
[2763.848s][debug][gc,phases      ] GC(300)   ObjectSynchronizer Weak        Min:  0.0, Avg:  0.0, Max:  0.0, Diff:  0.0, Sum:  0.0, Workers: 4
[2763.848s][debug][gc,phases      ] GC(300)     Dead                           Min: 0, Avg:  0.0, Max: 0, Diff: 0, Sum: 0, Workers: 4
[2763.848s][debug][gc,phases      ] GC(300)     Total                          Min: 0, Avg:  1.0, Max: 4, Diff: 4, Sum: 4, Workers: 4
[2763.848s][debug][gc,phases      ] GC(300)   JVMTI Tag Weak OopStorage      Min:  0.0, Avg:  0.0, Max:  0.0, Diff:  0.0, Sum:  0.0, Workers: 4
[2763.848s][debug][gc,phases      ] GC(300)     Dead                           Min: 0, Avg:  0.0, Max: 0, Diff: 0, Sum: 0, Workers: 4
[2763.848s][debug][gc,phases      ] GC(300)     Total                          Min: 0, Avg:  0.0, Max: 0, Diff: 0, Sum: 0, Workers: 4
[2763.848s][debug][gc,phases      ] GC(300)   StringTable Weak               Min:  0.0, Avg:  0.1, Max:  0.2, Diff:  0.2, Sum:  0.3, Workers: 4
[2763.848s][debug][gc,phases      ] GC(300)     Dead                           Min: 0, Avg:  0.0, Max: 0, Diff: 0, Sum: 0, Workers: 4
[2763.848s][debug][gc,phases      ] GC(300)     Total                          Min: 0, Avg: 11240.2, Max: 27198, Diff: 27198, Sum: 44961, Workers: 4
[2763.848s][debug][gc,phases      ] GC(300)   ResolvedMethodTable Weak       Min:  0.0, Avg:  0.0, Max:  0.0, Diff:  0.0, Sum:  0.1, Workers: 4
[2763.848s][debug][gc,phases      ] GC(300)     Dead                           Min: 0, Avg:  0.0, Max: 0, Diff: 0, Sum: 0, Workers: 4
[2763.848s][debug][gc,phases      ] GC(300)     Total                          Min: 0, Avg: 2645.8, Max: 6528, Diff: 6528, Sum: 10583, Workers: 4
[2763.848s][debug][gc,phases      ] GC(300)   JNI Weak                       Min:  0.0, Avg:  0.0, Max:  0.0, Diff:  0.0, Sum:  0.0, Workers: 4
[2763.848s][debug][gc,phases      ] GC(300)     Dead                           Min: 0, Avg:  0.0, Max: 0, Diff: 0, Sum: 0, Workers: 4
[2763.848s][debug][gc,phases      ] GC(300)     Total                          Min: 0, Avg: 11.2, Max: 45, Diff: 45, Sum: 45, Workers: 4
[2763.848s][debug][gc,phases      ] GC(300)   StringDedup Table Weak         Min:  0.0, Avg:  0.0, Max:  0.0, Diff:  0.0, Sum:  0.0, Workers: 4
[2763.848s][debug][gc,phases      ] GC(300)     Dead                           Min: 0, Avg:  0.0, Max: 0, Diff: 0, Sum: 0, Workers: 4
[2763.848s][debug][gc,phases      ] GC(300)     Total                          Min: 0, Avg:  0.0, Max: 0, Diff: 0, Sum: 0, Workers: 4
[2763.848s][debug][gc,phases      ] GC(300)   StringDedup Requests0 Weak     Min:  0.0, Avg:  0.0, Max:  0.0, Diff:  0.0, Sum:  0.0, Workers: 4
[2763.848s][debug][gc,phases      ] GC(300)     Dead                           Min: 0, Avg:  0.0, Max: 0, Diff: 0, Sum: 0, Workers: 4
[2763.848s][debug][gc,phases      ] GC(300)     Total                          Min: 0, Avg:  0.0, Max: 0, Diff: 0, Sum: 0, Workers: 4
[2763.848s][debug][gc,phases      ] GC(300)   StringDedup Requests1 Weak     Min:  0.0, Avg:  0.0, Max:  0.0, Diff:  0.0, Sum:  0.0, Workers: 4
[2763.848s][debug][gc,phases      ] GC(300)     Dead                           Min: 0, Avg:  0.0, Max: 0, Diff: 0, Sum: 0, Workers: 4
[2763.848s][debug][gc,phases      ] GC(300)     Total                          Min: 0, Avg:  0.0, Max: 0, Diff: 0, Sum: 0, Workers: 4
[2763.848s][debug][gc,phases      ] GC(300)   Weak JFR Old Object Samples    Min:  0.0, Avg:  0.0, Max:  0.0, Diff:  0.0, Sum:  0.0, Workers: 4
[2763.848s][debug][gc,phases      ] GC(300)     Dead                           Min: 0, Avg:  0.0, Max: 0, Diff: 0, Sum: 0, Workers: 4
[2763.848s][debug][gc,phases      ] GC(300)     Total                          Min: 0, Avg:  0.0, Max: 0, Diff: 0, Sum: 0, Workers: 4
[2763.848s][debug][gc,phases      ] GC(300) Weak Processing 0.371ms
[2763.848s][debug][gc,age         ] GC(300) Desired survivor size 3670016 bytes, new threshold 15 (max threshold 15)
[2763.848s][info ][gc,heap        ] GC(300) PSYoungGen: 2092693K(2093568K)->2594K(2093568K) Eden: 2089984K(2089984K)->0K(2089984K) From: 2709K(3584K)->2594K(3584K)
[2763.848s][info ][gc,heap        ] GC(300) ParOldGen: 408992K(430080K)->408992K(430080K)
[2763.848s][info ][gc,metaspace   ] GC(300) Metaspace: 86160K(87168K)->86160K(87168K) NonClass: 73758K(74304K)->73758K(74304K) Class: 12401K(12864K)->12401K(12864K)
[2763.848s][info ][gc             ] GC(300) Pause Young (Allocation Failure) 2443M->401M(2464M) 4.881ms
[2763.848s][info ][gc,cpu         ] GC(300) User=0.01s Sys=0.00s Real=0.00s
[2763.848s][info ][safepoint      ] Safepoint "ParallelGCFailedAllocation", Time since last: 9842337107 ns, Reaching safepoint: 72601 ns, Cleanup: 27000 ns, At safepoint: 4946311 ns, Total: 5045912 ns
[2766.775s][info ][safepoint      ] Safepoint "Cleanup", Time since last: 2926856936 ns, Reaching safepoint: 6000 ns, Cleanup: 58000 ns, At safepoint: 2500 ns, Total: 66500 ns
[2769.046s][info ][safepoint      ] Safepoint "Cleanup", Time since last: 2270880972 ns, Reaching safepoint: 3500 ns, Cleanup: 41900 ns, At safepoint: 2100 ns, Total: 47500 ns
[2775.046s][info ][safepoint      ] Safepoint "Cleanup", Time since last: 6000404754 ns, Reaching safepoint: 3500 ns, Cleanup: 37400 ns, At safepoint: 11100 ns, Total: 52000 ns
[2777.440s][info ][gc,start       ] GC(301) Pause Young (Allocation Failure)
[2777.447s][debug][gc,phases      ] GC(301) Scavenge 6.434ms
[2777.447s][debug][gc,ref         ] GC(301) Skipped phase 1 of Reference Processing: no references
[2777.447s][debug][gc,ref         ] GC(301) ReferenceProcessor::execute queues: 1, RefProcThreadModel::Single, marks_oops_alive: false
[2777.447s][debug][gc,ref         ] GC(301) Skipped phase 3 of Reference Processing: no references
[2777.447s][debug][gc,ref         ] GC(301) ReferenceProcessor::execute queues: 1, RefProcThreadModel::Single, marks_oops_alive: false
[2777.447s][debug][gc,phases      ] GC(301) Reference Processing 0.102ms
[2777.447s][debug][gc,phases      ] GC(301)   VM Weak                        Min:  0.0, Avg:  0.0, Max:  0.0, Diff:  0.0, Sum:  0.0, Workers: 4
[2777.447s][debug][gc,phases      ] GC(301)     Dead                           Min: 0, Avg:  0.0, Max: 0, Diff: 0, Sum: 0, Workers: 4
[2777.447s][debug][gc,phases      ] GC(301)     Total                          Min: 0, Avg: 218.5, Max: 704, Diff: 704, Sum: 874, Workers: 4
[2777.447s][debug][gc,phases      ] GC(301)   ObjectSynchronizer Weak        Min:  0.0, Avg:  0.0, Max:  0.0, Diff:  0.0, Sum:  0.0, Workers: 4
[2777.447s][debug][gc,phases      ] GC(301)     Dead                           Min: 0, Avg:  0.0, Max: 0, Diff: 0, Sum: 0, Workers: 4
[2777.447s][debug][gc,phases      ] GC(301)     Total                          Min: 0, Avg:  1.0, Max: 4, Diff: 4, Sum: 4, Workers: 4
[2777.447s][debug][gc,phases      ] GC(301)   JVMTI Tag Weak OopStorage      Min:  0.0, Avg:  0.0, Max:  0.0, Diff:  0.0, Sum:  0.0, Workers: 4
[2777.447s][debug][gc,phases      ] GC(301)     Dead                           Min: 0, Avg:  0.0, Max: 0, Diff: 0, Sum: 0, Workers: 4
[2777.447s][debug][gc,phases      ] GC(301)     Total                          Min: 0, Avg:  0.0, Max: 0, Diff: 0, Sum: 0, Workers: 4
[2777.447s][debug][gc,phases      ] GC(301)   StringTable Weak               Min:  0.0, Avg:  0.1, Max:  0.1, Diff:  0.1, Sum:  0.4, Workers: 4
[2777.447s][debug][gc,phases      ] GC(301)     Dead                           Min: 0, Avg:  0.0, Max: 0, Diff: 0, Sum: 0, Workers: 4
[2777.447s][debug][gc,phases      ] GC(301)     Total                          Min: 0, Avg: 11240.2, Max: 15167, Diff: 15167, Sum: 44961, Workers: 4
[2777.447s][debug][gc,phases      ] GC(301)   ResolvedMethodTable Weak       Min:  0.0, Avg:  0.0, Max:  0.0, Diff:  0.0, Sum:  0.1, Workers: 4
[2777.447s][debug][gc,phases      ] GC(301)     Dead                           Min: 0, Avg:  0.0, Max: 0, Diff: 0, Sum: 0, Workers: 4
[2777.447s][debug][gc,phases      ] GC(301)     Total                          Min: 0, Avg: 2645.8, Max: 3584, Diff: 3584, Sum: 10583, Workers: 4
[2777.447s][debug][gc,phases      ] GC(301)   JNI Weak                       Min:  0.0, Avg:  0.0, Max:  0.0, Diff:  0.0, Sum:  0.0, Workers: 4
[2777.447s][debug][gc,phases      ] GC(301)     Dead                           Min: 0, Avg:  0.0, Max: 0, Diff: 0, Sum: 0, Workers: 4
[2777.447s][debug][gc,phases      ] GC(301)     Total                          Min: 0, Avg: 11.2, Max: 45, Diff: 45, Sum: 45, Workers: 4
[2777.447s][debug][gc,phases      ] GC(301)   StringDedup Table Weak         Min:  0.0, Avg:  0.0, Max:  0.0, Diff:  0.0, Sum:  0.0, Workers: 4
[2777.447s][debug][gc,phases      ] GC(301)     Dead                           Min: 0, Avg:  0.0, Max: 0, Diff: 0, Sum: 0, Workers: 4
[2777.447s][debug][gc,phases      ] GC(301)     Total                          Min: 0, Avg:  0.0, Max: 0, Diff: 0, Sum: 0, Workers: 4
[2777.447s][debug][gc,phases      ] GC(301)   StringDedup Requests0 Weak     Min:  0.0, Avg:  0.0, Max:  0.0, Diff:  0.0, Sum:  0.0, Workers: 4
[2777.447s][debug][gc,phases      ] GC(301)     Dead                           Min: 0, Avg:  0.0, Max: 0, Diff: 0, Sum: 0, Workers: 4
[2777.447s][debug][gc,phases      ] GC(301)     Total                          Min: 0, Avg:  0.0, Max: 0, Diff: 0, Sum: 0, Workers: 4
[2777.447s][debug][gc,phases      ] GC(301)   StringDedup Requests1 Weak     Min:  0.0, Avg:  0.0, Max:  0.0, Diff:  0.0, Sum:  0.0, Workers: 4
[2777.447s][debug][gc,phases      ] GC(301)     Dead                           Min: 0, Avg:  0.0, Max: 0, Diff: 0, Sum: 0, Workers: 4
[2777.447s][debug][gc,phases      ] GC(301)     Total                          Min: 0, Avg:  0.0, Max: 0, Diff: 0, Sum: 0, Workers: 4
[2777.447s][debug][gc,phases      ] GC(301)   Weak JFR Old Object Samples    Min:  0.0, Avg:  0.0, Max:  0.0, Diff:  0.0, Sum:  0.0, Workers: 4
[2777.447s][debug][gc,phases      ] GC(301)     Dead                           Min: 0, Avg:  0.0, Max: 0, Diff: 0, Sum: 0, Workers: 4
[2777.447s][debug][gc,phases      ] GC(301)     Total                          Min: 0, Avg:  0.0, Max: 0, Diff: 0, Sum: 0, Workers: 4
[2777.447s][debug][gc,phases      ] GC(301) Weak Processing 0.339ms
[2777.447s][debug][gc,age         ] GC(301) Desired survivor size 3670016 bytes, new threshold 15 (max threshold 15)
[2777.447s][info ][gc,heap        ] GC(301) PSYoungGen: 2092578K(2093568K)->2690K(2093568K) Eden: 2089984K(2089984K)->0K(2089984K) From: 2594K(3584K)->2690K(3584K)
[2777.447s][info ][gc,heap        ] GC(301) ParOldGen: 408992K(430080K)->409008K(430080K)
[2777.447s][info ][gc,metaspace   ] GC(301) Metaspace: 86178K(87232K)->86178K(87232K) NonClass: 73777K(74368K)->73777K(74368K) Class: 12401K(12864K)->12401K(12864K)
[2777.447s][info ][gc             ] GC(301) Pause Young (Allocation Failure) 2442M->402M(2464M) 6.973ms
[2777.447s][info ][gc,cpu         ] GC(301) User=0.01s Sys=0.00s Real=0.01s
[2777.447s][info ][safepoint      ] Safepoint "ParallelGCFailedAllocation", Time since last: 2393762182 ns, Reaching safepoint: 4500 ns, Cleanup: 19500 ns, At safepoint: 7048217 ns, Total: 7072217 ns
[2778.447s][info ][safepoint      ] Safepoint "Cleanup", Time since last: 1000083303 ns, Reaching safepoint: 77401 ns, Cleanup: 32400 ns, At safepoint: 14700 ns, Total: 124501 ns
[2779.448s][info ][safepoint      ] Safepoint "Cleanup", Time since last: 1000106266 ns, Reaching safepoint: 5700 ns, Cleanup: 39600 ns, At safepoint: 4600 ns, Total: 49900 ns
[2783.448s][info ][safepoint      ] Safepoint "Cleanup", Time since last: 4000302825 ns, Reaching safepoint: 5900 ns, Cleanup: 38500 ns, At safepoint: 2500 ns, Total: 46900 ns
[2784.448s][info ][safepoint      ] Safepoint "Cleanup", Time since last: 1000104382 ns, Reaching safepoint: 4500 ns, Cleanup: 38500 ns, At safepoint: 4500 ns, Total: 47500 ns
[2786.448s][info ][safepoint      ] Safepoint "Cleanup", Time since last: 2000177150 ns, Reaching safepoint: 3800 ns, Cleanup: 37600 ns, At safepoint: 2600 ns, Total: 44000 ns
[2788.893s][info ][gc,start       ] GC(302) Pause Young (Allocation Failure)
[2788.899s][debug][gc,phases      ] GC(302) Scavenge 6.590ms
[2788.900s][debug][gc,ref         ] GC(302) Skipped phase 1 of Reference Processing: no references
[2788.900s][debug][gc,ref         ] GC(302) ReferenceProcessor::execute queues: 1, RefProcThreadModel::Single, marks_oops_alive: false
[2788.900s][debug][gc,ref         ] GC(302) Skipped phase 3 of Reference Processing: no references
[2788.900s][debug][gc,ref         ] GC(302) ReferenceProcessor::execute queues: 1, RefProcThreadModel::Single, marks_oops_alive: false
[2788.900s][debug][gc,phases      ] GC(302) Reference Processing 0.092ms
[2788.900s][debug][gc,phases      ] GC(302)   VM Weak                        Min:  0.0, Avg:  0.0, Max:  0.0, Diff:  0.0, Sum:  0.0, Workers: 4
[2788.900s][debug][gc,phases      ] GC(302)     Dead                           Min: 0, Avg:  0.0, Max: 0, Diff: 0, Sum: 0, Workers: 4
[2788.900s][debug][gc,phases      ] GC(302)     Total                          Min: 0, Avg: 218.5, Max: 810, Diff: 810, Sum: 874, Workers: 4
[2788.900s][debug][gc,phases      ] GC(302)   ObjectSynchronizer Weak        Min:  0.0, Avg:  0.0, Max:  0.0, Diff:  0.0, Sum:  0.0, Workers: 4
[2788.900s][debug][gc,phases      ] GC(302)     Dead                           Min: 0, Avg:  0.0, Max: 0, Diff: 0, Sum: 0, Workers: 4
[2788.900s][debug][gc,phases      ] GC(302)     Total                          Min: 0, Avg:  1.0, Max: 4, Diff: 4, Sum: 4, Workers: 4
[2788.900s][debug][gc,phases      ] GC(302)   JVMTI Tag Weak OopStorage      Min:  0.0, Avg:  0.0, Max:  0.0, Diff:  0.0, Sum:  0.0, Workers: 4
[2788.900s][debug][gc,phases      ] GC(302)     Dead                           Min: 0, Avg:  0.0, Max: 0, Diff: 0, Sum: 0, Workers: 4
[2788.900s][debug][gc,phases      ] GC(302)     Total                          Min: 0, Avg:  0.0, Max: 0, Diff: 0, Sum: 0, Workers: 4
[2788.900s][debug][gc,phases      ] GC(302)   StringTable Weak               Min:  0.0, Avg:  0.1, Max:  0.2, Diff:  0.2, Sum:  0.3, Workers: 4
[2788.900s][debug][gc,phases      ] GC(302)     Dead                           Min: 0, Avg:  0.0, Max: 0, Diff: 0, Sum: 0, Workers: 4
[2788.900s][debug][gc,phases      ] GC(302)     Total                          Min: 0, Avg: 11240.8, Max: 27619, Diff: 27619, Sum: 44963, Workers: 4
[2788.900s][debug][gc,phases      ] GC(302)   ResolvedMethodTable Weak       Min:  0.0, Avg:  0.0, Max:  0.0, Diff:  0.0, Sum:  0.1, Workers: 4
[2788.900s][debug][gc,phases      ] GC(302)     Dead                           Min: 0, Avg:  0.0, Max: 0, Diff: 0, Sum: 0, Workers: 4
[2788.900s][debug][gc,phases      ] GC(302)     Total                          Min: 0, Avg: 2645.8, Max: 6359, Diff: 6359, Sum: 10583, Workers: 4
[2788.900s][debug][gc,phases      ] GC(302)   JNI Weak                       Min:  0.0, Avg:  0.0, Max:  0.0, Diff:  0.0, Sum:  0.0, Workers: 4
[2788.900s][debug][gc,phases      ] GC(302)     Dead                           Min: 0, Avg:  0.0, Max: 0, Diff: 0, Sum: 0, Workers: 4
[2788.900s][debug][gc,phases      ] GC(302)     Total                          Min: 0, Avg: 11.2, Max: 45, Diff: 45, Sum: 45, Workers: 4
[2788.900s][debug][gc,phases      ] GC(302)   StringDedup Table Weak         Min:  0.0, Avg:  0.0, Max:  0.0, Diff:  0.0, Sum:  0.0, Workers: 4
[2788.900s][debug][gc,phases      ] GC(302)     Dead                           Min: 0, Avg:  0.0, Max: 0, Diff: 0, Sum: 0, Workers: 4
[2788.900s][debug][gc,phases      ] GC(302)     Total                          Min: 0, Avg:  0.0, Max: 0, Diff: 0, Sum: 0, Workers: 4
[2788.900s][debug][gc,phases      ] GC(302)   StringDedup Requests0 Weak     Min:  0.0, Avg:  0.0, Max:  0.0, Diff:  0.0, Sum:  0.0, Workers: 4
[2788.900s][debug][gc,phases      ] GC(302)     Dead                           Min: 0, Avg:  0.0, Max: 0, Diff: 0, Sum: 0, Workers: 4
[2788.900s][debug][gc,phases      ] GC(302)     Total                          Min: 0, Avg:  0.0, Max: 0, Diff: 0, Sum: 0, Workers: 4
[2788.900s][debug][gc,phases      ] GC(302)   StringDedup Requests1 Weak     Min:  0.0, Avg:  0.0, Max:  0.0, Diff:  0.0, Sum:  0.0, Workers: 4
[2788.900s][debug][gc,phases      ] GC(302)     Dead                           Min: 0, Avg:  0.0, Max: 0, Diff: 0, Sum: 0, Workers: 4
[2788.900s][debug][gc,phases      ] GC(302)     Total                          Min: 0, Avg:  0.0, Max: 0, Diff: 0, Sum: 0, Workers: 4
[2788.900s][debug][gc,phases      ] GC(302)   Weak JFR Old Object Samples    Min:  0.0, Avg:  0.0, Max:  0.0, Diff:  0.0, Sum:  0.0, Workers: 4
[2788.900s][debug][gc,phases      ] GC(302)     Dead                           Min: 0, Avg:  0.0, Max: 0, Diff: 0, Sum: 0, Workers: 4
[2788.900s][debug][gc,phases      ] GC(302)     Total                          Min: 0, Avg:  0.0, Max: 0, Diff: 0, Sum: 0, Workers: 4
[2788.900s][debug][gc,phases      ] GC(302) Weak Processing 0.370ms
[2788.900s][debug][gc,age         ] GC(302) Desired survivor size 3670016 bytes, new threshold 15 (max threshold 15)
[2788.900s][info ][gc,heap        ] GC(302) PSYoungGen: 2092674K(2093568K)->2773K(2093568K) Eden: 2089984K(2089984K)->0K(2089984K) From: 2690K(3584K)->2773K(3584K)
[2788.900s][info ][gc,heap        ] GC(302) ParOldGen: 409008K(430080K)->409024K(430080K)
[2788.900s][info ][gc,metaspace   ] GC(302) Metaspace: 86186K(87232K)->86186K(87232K) NonClass: 73785K(74368K)->73785K(74368K) Class: 12401K(12864K)->12401K(12864K)
[2788.900s][info ][gc             ] GC(302) Pause Young (Allocation Failure) 2443M->402M(2464M) 7.153ms
[2788.900s][info ][gc,cpu         ] GC(302) User=0.02s Sys=0.00s Real=0.01s
[2788.900s][info ][safepoint      ] Safepoint "ParallelGCFailedAllocation", Time since last: 2444342739 ns, Reaching safepoint: 74300 ns, Cleanup: 39500 ns, At safepoint: 7222317 ns, Total: 7336117 ns
[2796.901s][info ][safepoint      ] Safepoint "Cleanup", Time since last: 8000578465 ns, Reaching safepoint: 77501 ns, Cleanup: 28600 ns, At safepoint: 10000 ns, Total: 116101 ns
[2798.847s][info ][gc,start       ] GC(303) Pause Young (Allocation Failure)
[2798.855s][debug][gc,phases      ] GC(303) Scavenge 7.906ms
[2798.855s][debug][gc,ref         ] GC(303) Skipped phase 1 of Reference Processing: no references
[2798.855s][debug][gc,ref         ] GC(303) ReferenceProcessor::execute queues: 1, RefProcThreadModel::Single, marks_oops_alive: false
[2798.855s][debug][gc,ref         ] GC(303) Skipped phase 3 of Reference Processing: no references
[2798.855s][debug][gc,ref         ] GC(303) ReferenceProcessor::execute queues: 1, RefProcThreadModel::Single, marks_oops_alive: false
[2798.855s][debug][gc,phases      ] GC(303) Reference Processing 0.091ms
[2798.855s][debug][gc,phases      ] GC(303)   VM Weak                        Min:  0.0, Avg:  0.0, Max:  0.0, Diff:  0.0, Sum:  0.0, Workers: 4
[2798.855s][debug][gc,phases      ] GC(303)     Dead                           Min: 0, Avg:  0.0, Max: 0, Diff: 0, Sum: 0, Workers: 4
[2798.855s][debug][gc,phases      ] GC(303)     Total                          Min: 0, Avg: 218.5, Max: 490, Diff: 490, Sum: 874, Workers: 4
[2798.855s][debug][gc,phases      ] GC(303)   ObjectSynchronizer Weak        Min:  0.0, Avg:  0.0, Max:  0.0, Diff:  0.0, Sum:  0.0, Workers: 4
[2798.855s][debug][gc,phases      ] GC(303)     Dead                           Min: 0, Avg:  0.0, Max: 0, Diff: 0, Sum: 0, Workers: 4
[2798.855s][debug][gc,phases      ] GC(303)     Total                          Min: 0, Avg:  1.0, Max: 4, Diff: 4, Sum: 4, Workers: 4
[2798.855s][debug][gc,phases      ] GC(303)   JVMTI Tag Weak OopStorage      Min:  0.0, Avg:  0.0, Max:  0.0, Diff:  0.0, Sum:  0.0, Workers: 4
[2798.855s][debug][gc,phases      ] GC(303)     Dead                           Min: 0, Avg:  0.0, Max: 0, Diff: 0, Sum: 0, Workers: 4
[2798.855s][debug][gc,phases      ] GC(303)     Total                          Min: 0, Avg:  0.0, Max: 0, Diff: 0, Sum: 0, Workers: 4
[2798.855s][debug][gc,phases      ] GC(303)   StringTable Weak               Min:  0.0, Avg:  0.1, Max:  0.1, Diff:  0.1, Sum:  0.4, Workers: 4
[2798.855s][debug][gc,phases      ] GC(303)     Dead                           Min: 0, Avg:  0.0, Max: 0, Diff: 0, Sum: 0, Workers: 4
[2798.855s][debug][gc,phases      ] GC(303)     Total                          Min: 0, Avg: 11241.0, Max: 19108, Diff: 19108, Sum: 44964, Workers: 4
[2798.855s][debug][gc,phases      ] GC(303)   ResolvedMethodTable Weak       Min:  0.0, Avg:  0.0, Max:  0.0, Diff:  0.0, Sum:  0.1, Workers: 4
[2798.855s][debug][gc,phases      ] GC(303)     Dead                           Min: 0, Avg:  0.0, Max: 0, Diff: 0, Sum: 0, Workers: 4
[2798.855s][debug][gc,phases      ] GC(303)     Total                          Min: 0, Avg: 2645.8, Max: 4672, Diff: 4672, Sum: 10583, Workers: 4
[2798.855s][debug][gc,phases      ] GC(303)   JNI Weak                       Min:  0.0, Avg:  0.0, Max:  0.0, Diff:  0.0, Sum:  0.0, Workers: 4
[2798.855s][debug][gc,phases      ] GC(303)     Dead                           Min: 0, Avg:  0.0, Max: 0, Diff: 0, Sum: 0, Workers: 4
[2798.855s][debug][gc,phases      ] GC(303)     Total                          Min: 0, Avg: 11.2, Max: 45, Diff: 45, Sum: 45, Workers: 4
[2798.855s][debug][gc,phases      ] GC(303)   StringDedup Table Weak         Min:  0.0, Avg:  0.0, Max:  0.0, Diff:  0.0, Sum:  0.0, Workers: 4
[2798.855s][debug][gc,phases      ] GC(303)     Dead                           Min: 0, Avg:  0.0, Max: 0, Diff: 0, Sum: 0, Workers: 4
[2798.855s][debug][gc,phases      ] GC(303)     Total                          Min: 0, Avg:  0.0, Max: 0, Diff: 0, Sum: 0, Workers: 4
[2798.855s][debug][gc,phases      ] GC(303)   StringDedup Requests0 Weak     Min:  0.0, Avg:  0.0, Max:  0.0, Diff:  0.0, Sum:  0.0, Workers: 4
[2798.855s][debug][gc,phases      ] GC(303)     Dead                           Min: 0, Avg:  0.0, Max: 0, Diff: 0, Sum: 0, Workers: 4
[2798.855s][debug][gc,phases      ] GC(303)     Total                          Min: 0, Avg:  0.0, Max: 0, Diff: 0, Sum: 0, Workers: 4
[2798.855s][debug][gc,phases      ] GC(303)   StringDedup Requests1 Weak     Min:  0.0, Avg:  0.0, Max:  0.0, Diff:  0.0, Sum:  0.0, Workers: 4
[2798.855s][debug][gc,phases      ] GC(303)     Dead                           Min: 0, Avg:  0.0, Max: 0, Diff: 0, Sum: 0, Workers: 4
[2798.855s][debug][gc,phases      ] GC(303)     Total                          Min: 0, Avg:  0.0, Max: 0, Diff: 0, Sum: 0, Workers: 4
[2798.855s][debug][gc,phases      ] GC(303)   Weak JFR Old Object Samples    Min:  0.0, Avg:  0.0, Max:  0.0, Diff:  0.0, Sum:  0.0, Workers: 4
[2798.855s][debug][gc,phases      ] GC(303)     Dead                           Min: 0, Avg:  0.0, Max: 0, Diff: 0, Sum: 0, Workers: 4
[2798.855s][debug][gc,phases      ] GC(303)     Total                          Min: 0, Avg:  0.0, Max: 0, Diff: 0, Sum: 0, Workers: 4
[2798.855s][debug][gc,phases      ] GC(303) Weak Processing 0.327ms
[2798.855s][debug][gc,age         ] GC(303) Desired survivor size 3670016 bytes, new threshold 15 (max threshold 15)
[2798.855s][info ][gc,heap        ] GC(303) PSYoungGen: 2092757K(2093568K)->2530K(2093568K) Eden: 2089984K(2089984K)->0K(2089984K) From: 2773K(3584K)->2530K(3584K)
[2798.855s][info ][gc,heap        ] GC(303) ParOldGen: 409024K(430080K)->409161K(430080K)
[2798.855s][info ][gc,metaspace   ] GC(303) Metaspace: 86192K(87232K)->86192K(87232K) NonClass: 73791K(74368K)->73791K(74368K) Class: 12401K(12864K)->12401K(12864K)
[2798.855s][info ][gc             ] GC(303) Pause Young (Allocation Failure) 2443M->402M(2464M) 8.436ms
[2798.855s][info ][gc,cpu         ] GC(303) User=0.02s Sys=0.00s Real=0.01s
[2798.855s][info ][safepoint      ] Safepoint "ParallelGCFailedAllocation", Time since last: 1945835299 ns, Reaching safepoint: 5200 ns, Cleanup: 35100 ns, At safepoint: 8513619 ns, Total: 8553919 ns
[2811.293s][info ][gc,start       ] GC(304) Pause Young (Allocation Failure)
[2811.299s][debug][gc,phases      ] GC(304) Scavenge 5.187ms
[2811.299s][debug][gc,ref         ] GC(304) Skipped phase 1 of Reference Processing: no references
[2811.299s][debug][gc,ref         ] GC(304) ReferenceProcessor::execute queues: 1, RefProcThreadModel::Single, marks_oops_alive: false
[2811.299s][debug][gc,ref         ] GC(304) Skipped phase 3 of Reference Processing: no references
[2811.299s][debug][gc,ref         ] GC(304) ReferenceProcessor::execute queues: 1, RefProcThreadModel::Single, marks_oops_alive: false
[2811.299s][debug][gc,phases      ] GC(304) Reference Processing 0.093ms
[2811.299s][debug][gc,phases      ] GC(304)   VM Weak                        Min:  0.0, Avg:  0.0, Max:  0.0, Diff:  0.0, Sum:  0.0, Workers: 4
[2811.299s][debug][gc,phases      ] GC(304)     Dead                           Min: 0, Avg:  0.0, Max: 0, Diff: 0, Sum: 0, Workers: 4
[2811.299s][debug][gc,phases      ] GC(304)     Total                          Min: 0, Avg: 218.5, Max: 704, Diff: 704, Sum: 874, Workers: 4
[2811.299s][debug][gc,phases      ] GC(304)   ObjectSynchronizer Weak        Min:  0.0, Avg:  0.0, Max:  0.0, Diff:  0.0, Sum:  0.0, Workers: 4
[2811.299s][debug][gc,phases      ] GC(304)     Dead                           Min: 0, Avg:  0.0, Max: 0, Diff: 0, Sum: 0, Workers: 4
[2811.299s][debug][gc,phases      ] GC(304)     Total                          Min: 0, Avg:  1.0, Max: 4, Diff: 4, Sum: 4, Workers: 4
[2811.299s][debug][gc,phases      ] GC(304)   JVMTI Tag Weak OopStorage      Min:  0.0, Avg:  0.0, Max:  0.0, Diff:  0.0, Sum:  0.0, Workers: 4
[2811.299s][debug][gc,phases      ] GC(304)     Dead                           Min: 0, Avg:  0.0, Max: 0, Diff: 0, Sum: 0, Workers: 4
[2811.299s][debug][gc,phases      ] GC(304)     Total                          Min: 0, Avg:  0.0, Max: 0, Diff: 0, Sum: 0, Workers: 4
[2811.299s][debug][gc,phases      ] GC(304)   StringTable Weak               Min:  0.0, Avg:  0.1, Max:  0.2, Diff:  0.2, Sum:  0.3, Workers: 4
[2811.299s][debug][gc,phases      ] GC(304)     Dead                           Min: 0, Avg:  0.0, Max: 0, Diff: 0, Sum: 0, Workers: 4
[2811.299s][debug][gc,phases      ] GC(304)     Total                          Min: 0, Avg: 11241.2, Max: 27838, Diff: 27838, Sum: 44965, Workers: 4
[2811.299s][debug][gc,phases      ] GC(304)   ResolvedMethodTable Weak       Min:  0.0, Avg:  0.0, Max:  0.0, Diff:  0.0, Sum:  0.1, Workers: 4
[2811.299s][debug][gc,phases      ] GC(304)     Dead                           Min: 0, Avg:  0.0, Max: 0, Diff: 0, Sum: 0, Workers: 4
[2811.299s][debug][gc,phases      ] GC(304)     Total                          Min: 0, Avg: 2645.8, Max: 6487, Diff: 6487, Sum: 10583, Workers: 4
[2811.299s][debug][gc,phases      ] GC(304)   JNI Weak                       Min:  0.0, Avg:  0.0, Max:  0.0, Diff:  0.0, Sum:  0.0, Workers: 4
[2811.299s][debug][gc,phases      ] GC(304)     Dead                           Min: 0, Avg:  0.0, Max: 0, Diff: 0, Sum: 0, Workers: 4
[2811.299s][debug][gc,phases      ] GC(304)     Total                          Min: 0, Avg: 11.2, Max: 45, Diff: 45, Sum: 45, Workers: 4
[2811.299s][debug][gc,phases      ] GC(304)   StringDedup Table Weak         Min:  0.0, Avg:  0.0, Max:  0.0, Diff:  0.0, Sum:  0.0, Workers: 4
[2811.299s][debug][gc,phases      ] GC(304)     Dead                           Min: 0, Avg:  0.0, Max: 0, Diff: 0, Sum: 0, Workers: 4
[2811.299s][debug][gc,phases      ] GC(304)     Total                          Min: 0, Avg:  0.0, Max: 0, Diff: 0, Sum: 0, Workers: 4
[2811.299s][debug][gc,phases      ] GC(304)   StringDedup Requests0 Weak     Min:  0.0, Avg:  0.0, Max:  0.0, Diff:  0.0, Sum:  0.0, Workers: 4
[2811.299s][debug][gc,phases      ] GC(304)     Dead                           Min: 0, Avg:  0.0, Max: 0, Diff: 0, Sum: 0, Workers: 4
[2811.299s][debug][gc,phases      ] GC(304)     Total                          Min: 0, Avg:  0.0, Max: 0, Diff: 0, Sum: 0, Workers: 4
[2811.299s][debug][gc,phases      ] GC(304)   StringDedup Requests1 Weak     Min:  0.0, Avg:  0.0, Max:  0.0, Diff:  0.0, Sum:  0.0, Workers: 4
[2811.299s][debug][gc,phases      ] GC(304)     Dead                           Min: 0, Avg:  0.0, Max: 0, Diff: 0, Sum: 0, Workers: 4
[2811.299s][debug][gc,phases      ] GC(304)     Total                          Min: 0, Avg:  0.0, Max: 0, Diff: 0, Sum: 0, Workers: 4
[2811.299s][debug][gc,phases      ] GC(304)   Weak JFR Old Object Samples    Min:  0.0, Avg:  0.0, Max:  0.0, Diff:  0.0, Sum:  0.0, Workers: 4
[2811.299s][debug][gc,phases      ] GC(304)     Dead                           Min: 0, Avg:  0.0, Max: 0, Diff: 0, Sum: 0, Workers: 4
[2811.299s][debug][gc,phases      ] GC(304)     Total                          Min: 0, Avg:  0.0, Max: 0, Diff: 0, Sum: 0, Workers: 4
[2811.299s][debug][gc,phases      ] GC(304) Weak Processing 0.367ms
[2811.299s][debug][gc,age         ] GC(304) Desired survivor size 3670016 bytes, new threshold 15 (max threshold 15)
[2811.299s][info ][gc,heap        ] GC(304) PSYoungGen: 2092514K(2093568K)->2658K(2093568K) Eden: 2089984K(2089984K)->0K(2089984K) From: 2530K(3584K)->2658K(3584K)
[2811.299s][info ][gc,heap        ] GC(304) ParOldGen: 409161K(430080K)->409225K(430080K)
[2811.299s][info ][gc,metaspace   ] GC(304) Metaspace: 86201K(87232K)->86201K(87232K) NonClass: 73800K(74368K)->73800K(74368K) Class: 12401K(12864K)->12401K(12864K)
[2811.299s][info ][gc             ] GC(304) Pause Young (Allocation Failure) 2443M->402M(2464M) 5.745ms
[2811.299s][info ][gc,cpu         ] GC(304) User=0.02s Sys=0.00s Real=0.00s
[2811.299s][info ][safepoint      ] Safepoint "ParallelGCFailedAllocation", Time since last: 12438043378 ns, Reaching safepoint: 71400 ns, Cleanup: 29601 ns, At safepoint: 5818113 ns, Total: 5919114 ns
[2816.299s][info ][safepoint      ] Safepoint "Cleanup", Time since last: 5000361620 ns, Reaching safepoint: 4400 ns, Cleanup: 40000 ns, At safepoint: 2500 ns, Total: 46900 ns
[2823.690s][info ][gc,start       ] GC(305) Pause Young (Allocation Failure)
[2823.695s][debug][gc,phases      ] GC(305) Scavenge 5.052ms
[2823.695s][debug][gc,ref         ] GC(305) Skipped phase 1 of Reference Processing: no references
[2823.695s][debug][gc,ref         ] GC(305) ReferenceProcessor::execute queues: 1, RefProcThreadModel::Single, marks_oops_alive: false
[2823.695s][debug][gc,ref         ] GC(305) Skipped phase 3 of Reference Processing: no references
[2823.695s][debug][gc,ref         ] GC(305) ReferenceProcessor::execute queues: 1, RefProcThreadModel::Single, marks_oops_alive: false
[2823.695s][debug][gc,phases      ] GC(305) Reference Processing 0.095ms
[2823.695s][debug][gc,phases      ] GC(305)   VM Weak                        Min:  0.0, Avg:  0.0, Max:  0.0, Diff:  0.0, Sum:  0.0, Workers: 4
[2823.695s][debug][gc,phases      ] GC(305)     Dead                           Min: 0, Avg:  0.0, Max: 0, Diff: 0, Sum: 0, Workers: 4
[2823.695s][debug][gc,phases      ] GC(305)     Total                          Min: 0, Avg: 218.5, Max: 554, Diff: 554, Sum: 874, Workers: 4
[2823.695s][debug][gc,phases      ] GC(305)   ObjectSynchronizer Weak        Min:  0.0, Avg:  0.0, Max:  0.0, Diff:  0.0, Sum:  0.0, Workers: 4
[2823.695s][debug][gc,phases      ] GC(305)     Dead                           Min: 0, Avg:  0.0, Max: 0, Diff: 0, Sum: 0, Workers: 4
[2823.695s][debug][gc,phases      ] GC(305)     Total                          Min: 0, Avg:  1.0, Max: 4, Diff: 4, Sum: 4, Workers: 4
[2823.695s][debug][gc,phases      ] GC(305)   JVMTI Tag Weak OopStorage      Min:  0.0, Avg:  0.0, Max:  0.0, Diff:  0.0, Sum:  0.0, Workers: 4
[2823.695s][debug][gc,phases      ] GC(305)     Dead                           Min: 0, Avg:  0.0, Max: 0, Diff: 0, Sum: 0, Workers: 4
[2823.695s][debug][gc,phases      ] GC(305)     Total                          Min: 0, Avg:  0.0, Max: 0, Diff: 0, Sum: 0, Workers: 4
[2823.695s][debug][gc,phases      ] GC(305)   StringTable Weak               Min:  0.1, Avg:  0.1, Max:  0.1, Diff:  0.0, Sum:  0.4, Workers: 4
[2823.695s][debug][gc,phases      ] GC(305)     Dead                           Min: 0, Avg:  0.0, Max: 0, Diff: 0, Sum: 0, Workers: 4
[2823.695s][debug][gc,phases      ] GC(305)     Total                          Min: 10560, Avg: 11241.2, Max: 12286, Diff: 1726, Sum: 44965, Workers: 4
[2823.695s][debug][gc,phases      ] GC(305)   ResolvedMethodTable Weak       Min:  0.0, Avg:  0.0, Max:  0.0, Diff:  0.0, Sum:  0.1, Workers: 4
[2823.695s][debug][gc,phases      ] GC(305)     Dead                           Min: 0, Avg:  0.0, Max: 0, Diff: 0, Sum: 0, Workers: 4
[2823.695s][debug][gc,phases      ] GC(305)     Total                          Min: 2496, Avg: 2645.8, Max: 2880, Diff: 384, Sum: 10583, Workers: 4
[2823.695s][debug][gc,phases      ] GC(305)   JNI Weak                       Min:  0.0, Avg:  0.0, Max:  0.0, Diff:  0.0, Sum:  0.0, Workers: 4
[2823.695s][debug][gc,phases      ] GC(305)     Dead                           Min: 0, Avg:  0.0, Max: 0, Diff: 0, Sum: 0, Workers: 4
[2823.695s][debug][gc,phases      ] GC(305)     Total                          Min: 0, Avg: 11.2, Max: 45, Diff: 45, Sum: 45, Workers: 4
[2823.695s][debug][gc,phases      ] GC(305)   StringDedup Table Weak         Min:  0.0, Avg:  0.0, Max:  0.0, Diff:  0.0, Sum:  0.0, Workers: 4
[2823.695s][debug][gc,phases      ] GC(305)     Dead                           Min: 0, Avg:  0.0, Max: 0, Diff: 0, Sum: 0, Workers: 4
[2823.695s][debug][gc,phases      ] GC(305)     Total                          Min: 0, Avg:  0.0, Max: 0, Diff: 0, Sum: 0, Workers: 4
[2823.695s][debug][gc,phases      ] GC(305)   StringDedup Requests0 Weak     Min:  0.0, Avg:  0.0, Max:  0.0, Diff:  0.0, Sum:  0.0, Workers: 4
[2823.695s][debug][gc,phases      ] GC(305)     Dead                           Min: 0, Avg:  0.0, Max: 0, Diff: 0, Sum: 0, Workers: 4
[2823.695s][debug][gc,phases      ] GC(305)     Total                          Min: 0, Avg:  0.0, Max: 0, Diff: 0, Sum: 0, Workers: 4
[2823.695s][debug][gc,phases      ] GC(305)   StringDedup Requests1 Weak     Min:  0.0, Avg:  0.0, Max:  0.0, Diff:  0.0, Sum:  0.0, Workers: 4
[2823.695s][debug][gc,phases      ] GC(305)     Dead                           Min: 0, Avg:  0.0, Max: 0, Diff: 0, Sum: 0, Workers: 4
[2823.695s][debug][gc,phases      ] GC(305)     Total                          Min: 0, Avg:  0.0, Max: 0, Diff: 0, Sum: 0, Workers: 4
[2823.695s][debug][gc,phases      ] GC(305)   Weak JFR Old Object Samples    Min:  0.0, Avg:  0.0, Max:  0.0, Diff:  0.0, Sum:  0.0, Workers: 4
[2823.695s][debug][gc,phases      ] GC(305)     Dead                           Min: 0, Avg:  0.0, Max: 0, Diff: 0, Sum: 0, Workers: 4
[2823.695s][debug][gc,phases      ] GC(305)     Total                          Min: 0, Avg:  0.0, Max: 0, Diff: 0, Sum: 0, Workers: 4
[2823.695s][debug][gc,phases      ] GC(305) Weak Processing 0.282ms
[2823.695s][debug][gc,age         ] GC(305) Desired survivor size 3670016 bytes, new threshold 15 (max threshold 15)
[2823.695s][info ][gc,heap        ] GC(305) PSYoungGen: 2092642K(2093568K)->2208K(2093568K) Eden: 2089984K(2089984K)->0K(2089984K) From: 2658K(3584K)->2208K(3584K)
[2823.695s][info ][gc,heap        ] GC(305) ParOldGen: 409225K(430080K)->409598K(430080K)
[2823.695s][info ][gc,metaspace   ] GC(305) Metaspace: 86201K(87232K)->86201K(87232K) NonClass: 73800K(74368K)->73800K(74368K) Class: 12401K(12864K)->12401K(12864K)
[2823.695s][info ][gc             ] GC(305) Pause Young (Allocation Failure) 2443M->402M(2464M) 5.531ms
[2823.695s][info ][gc,cpu         ] GC(305) User=0.02s Sys=0.00s Real=0.01s
[2823.695s][info ][safepoint      ] Safepoint "ParallelGCFailedAllocation", Time since last: 7390381104 ns, Reaching safepoint: 4300 ns, Cleanup: 20000 ns, At safepoint: 5594312 ns, Total: 5618612 ns
[2835.696s][info ][safepoint      ] Safepoint "Cleanup", Time since last: 12000809157 ns, Reaching safepoint: 4500 ns, Cleanup: 57799 ns, At safepoint: 3100 ns, Total: 65399 ns
[2835.987s][info ][gc,start       ] GC(306) Pause Young (Allocation Failure)
[2835.991s][debug][gc,phases      ] GC(306) Scavenge 4.431ms
[2835.991s][debug][gc,ref         ] GC(306) Skipped phase 1 of Reference Processing: no references
[2835.991s][debug][gc,ref         ] GC(306) ReferenceProcessor::execute queues: 1, RefProcThreadModel::Single, marks_oops_alive: false
[2835.991s][debug][gc,ref         ] GC(306) Skipped phase 3 of Reference Processing: no references
[2835.991s][debug][gc,ref         ] GC(306) ReferenceProcessor::execute queues: 1, RefProcThreadModel::Single, marks_oops_alive: false
[2835.991s][debug][gc,phases      ] GC(306) Reference Processing 0.088ms
[2835.992s][debug][gc,phases      ] GC(306)   VM Weak                        Min:  0.0, Avg:  0.0, Max:  0.0, Diff:  0.0, Sum:  0.0, Workers: 4
[2835.992s][debug][gc,phases      ] GC(306)     Dead                           Min: 0, Avg:  0.0, Max: 0, Diff: 0, Sum: 0, Workers: 4
[2835.992s][debug][gc,phases      ] GC(306)     Total                          Min: 0, Avg: 218.5, Max: 448, Diff: 448, Sum: 874, Workers: 4
[2835.992s][debug][gc,phases      ] GC(306)   ObjectSynchronizer Weak        Min:  0.0, Avg:  0.0, Max:  0.0, Diff:  0.0, Sum:  0.0, Workers: 4
[2835.992s][debug][gc,phases      ] GC(306)     Dead                           Min: 0, Avg:  0.0, Max: 0, Diff: 0, Sum: 0, Workers: 4
[2835.992s][debug][gc,phases      ] GC(306)     Total                          Min: 0, Avg:  1.0, Max: 4, Diff: 4, Sum: 4, Workers: 4
[2835.992s][debug][gc,phases      ] GC(306)   JVMTI Tag Weak OopStorage      Min:  0.0, Avg:  0.0, Max:  0.0, Diff:  0.0, Sum:  0.0, Workers: 4
[2835.992s][debug][gc,phases      ] GC(306)     Dead                           Min: 0, Avg:  0.0, Max: 0, Diff: 0, Sum: 0, Workers: 4
[2835.992s][debug][gc,phases      ] GC(306)     Total                          Min: 0, Avg:  0.0, Max: 0, Diff: 0, Sum: 0, Workers: 4
[2835.992s][debug][gc,phases      ] GC(306)   StringTable Weak               Min:  0.0, Avg:  0.1, Max:  0.1, Diff:  0.1, Sum:  0.4, Workers: 4
[2835.992s][debug][gc,phases      ] GC(306)     Dead                           Min: 0, Avg:  0.0, Max: 0, Diff: 0, Sum: 0, Workers: 4
[2835.992s][debug][gc,phases      ] GC(306)     Total                          Min: 0, Avg: 11241.2, Max: 19199, Diff: 19199, Sum: 44965, Workers: 4
[2835.992s][debug][gc,phases      ] GC(306)   ResolvedMethodTable Weak       Min:  0.0, Avg:  0.0, Max:  0.0, Diff:  0.0, Sum:  0.1, Workers: 4
[2835.992s][debug][gc,phases      ] GC(306)     Dead                           Min: 0, Avg:  0.0, Max: 0, Diff: 0, Sum: 0, Workers: 4
[2835.992s][debug][gc,phases      ] GC(306)     Total                          Min: 0, Avg: 2645.8, Max: 4503, Diff: 4503, Sum: 10583, Workers: 4
[2835.992s][debug][gc,phases      ] GC(306)   JNI Weak                       Min:  0.0, Avg:  0.0, Max:  0.0, Diff:  0.0, Sum:  0.0, Workers: 4
[2835.992s][debug][gc,phases      ] GC(306)     Dead                           Min: 0, Avg:  0.0, Max: 0, Diff: 0, Sum: 0, Workers: 4
[2835.992s][debug][gc,phases      ] GC(306)     Total                          Min: 0, Avg: 11.2, Max: 45, Diff: 45, Sum: 45, Workers: 4
[2835.992s][debug][gc,phases      ] GC(306)   StringDedup Table Weak         Min:  0.0, Avg:  0.0, Max:  0.0, Diff:  0.0, Sum:  0.0, Workers: 4
[2835.992s][debug][gc,phases      ] GC(306)     Dead                           Min: 0, Avg:  0.0, Max: 0, Diff: 0, Sum: 0, Workers: 4
[2835.992s][debug][gc,phases      ] GC(306)     Total                          Min: 0, Avg:  0.0, Max: 0, Diff: 0, Sum: 0, Workers: 4
[2835.992s][debug][gc,phases      ] GC(306)   StringDedup Requests0 Weak     Min:  0.0, Avg:  0.0, Max:  0.0, Diff:  0.0, Sum:  0.0, Workers: 4
[2835.992s][debug][gc,phases      ] GC(306)     Dead                           Min: 0, Avg:  0.0, Max: 0, Diff: 0, Sum: 0, Workers: 4
[2835.992s][debug][gc,phases      ] GC(306)     Total                          Min: 0, Avg:  0.0, Max: 0, Diff: 0, Sum: 0, Workers: 4
[2835.992s][debug][gc,phases      ] GC(306)   StringDedup Requests1 Weak     Min:  0.0, Avg:  0.0, Max:  0.0, Diff:  0.0, Sum:  0.0, Workers: 4
[2835.992s][debug][gc,phases      ] GC(306)     Dead                           Min: 0, Avg:  0.0, Max: 0, Diff: 0, Sum: 0, Workers: 4
[2835.992s][debug][gc,phases      ] GC(306)     Total                          Min: 0, Avg:  0.0, Max: 0, Diff: 0, Sum: 0, Workers: 4
[2835.992s][debug][gc,phases      ] GC(306)   Weak JFR Old Object Samples    Min:  0.0, Avg:  0.0, Max:  0.0, Diff:  0.0, Sum:  0.0, Workers: 4
[2835.992s][debug][gc,phases      ] GC(306)     Dead                           Min: 0, Avg:  0.0, Max: 0, Diff: 0, Sum: 0, Workers: 4
[2835.992s][debug][gc,phases      ] GC(306)     Total                          Min: 0, Avg:  0.0, Max: 0, Diff: 0, Sum: 0, Workers: 4
[2835.992s][debug][gc,phases      ] GC(306) Weak Processing 0.317ms
[2835.992s][debug][gc,age         ] GC(306) Desired survivor size 3670016 bytes, new threshold 15 (max threshold 15)
[2835.992s][info ][gc,heap        ] GC(306) PSYoungGen: 2092192K(2093568K)->1696K(2093568K) Eden: 2089984K(2089984K)->0K(2089984K) From: 2208K(3584K)->1696K(3584K)
[2835.992s][info ][gc,heap        ] GC(306) ParOldGen: 409598K(430080K)->410074K(430080K)
[2835.992s][info ][gc,metaspace   ] GC(306) Metaspace: 86202K(87232K)->86202K(87232K) NonClass: 73800K(74368K)->73800K(74368K) Class: 12401K(12864K)->12401K(12864K)
[2835.992s][info ][gc             ] GC(306) Pause Young (Allocation Failure) 2443M->402M(2464M) 4.939ms
[2835.992s][info ][gc,cpu         ] GC(306) User=0.01s Sys=0.00s Real=0.00s
[2835.992s][info ][safepoint      ] Safepoint "ParallelGCFailedAllocation", Time since last: 290451399 ns, Reaching safepoint: 4200 ns, Cleanup: 40100 ns, At safepoint: 5005588 ns, Total: 5049888 ns
[2838.063s][info ][safepoint      ] Safepoint "Cleanup", Time since last: 2071550280 ns, Reaching safepoint: 4300 ns, Cleanup: 40200 ns, At safepoint: 2800 ns, Total: 47300 ns
[2841.064s][info ][safepoint      ] Safepoint "Cleanup", Time since last: 3000225782 ns, Reaching safepoint: 4200 ns, Cleanup: 36400 ns, At safepoint: 2200 ns, Total: 42800 ns
[2844.064s][info ][safepoint      ] Safepoint "Cleanup", Time since last: 3000243702 ns, Reaching safepoint: 4600 ns, Cleanup: 33200 ns, At safepoint: 3100 ns, Total: 40900 ns
[2849.140s][info ][gc,start       ] GC(307) Pause Young (Allocation Failure)
[2849.144s][debug][gc,phases      ] GC(307) Scavenge 3.375ms
[2849.144s][debug][gc,ref         ] GC(307) Skipped phase 1 of Reference Processing: no references
[2849.144s][debug][gc,ref         ] GC(307) ReferenceProcessor::execute queues: 1, RefProcThreadModel::Single, marks_oops_alive: false
[2849.144s][debug][gc,ref         ] GC(307) Skipped phase 3 of Reference Processing: no references
[2849.144s][debug][gc,ref         ] GC(307) Skipped phase 4 of Reference Processing: no references
[2849.144s][debug][gc,phases      ] GC(307) Reference Processing 0.098ms
[2849.144s][debug][gc,phases      ] GC(307)   VM Weak                        Min:  0.0, Avg:  0.0, Max:  0.0, Diff:  0.0, Sum:  0.0, Workers: 4
[2849.144s][debug][gc,phases      ] GC(307)     Dead                           Min: 0, Avg:  0.0, Max: 0, Diff: 0, Sum: 0, Workers: 4
[2849.144s][debug][gc,phases      ] GC(307)     Total                          Min: 0, Avg: 218.5, Max: 874, Diff: 874, Sum: 874, Workers: 4
[2849.144s][debug][gc,phases      ] GC(307)   ObjectSynchronizer Weak        Min:  0.0, Avg:  0.0, Max:  0.0, Diff:  0.0, Sum:  0.0, Workers: 4
[2849.144s][debug][gc,phases      ] GC(307)     Dead                           Min: 0, Avg:  0.0, Max: 0, Diff: 0, Sum: 0, Workers: 4
[2849.144s][debug][gc,phases      ] GC(307)     Total                          Min: 0, Avg:  1.0, Max: 4, Diff: 4, Sum: 4, Workers: 4
[2849.144s][debug][gc,phases      ] GC(307)   JVMTI Tag Weak OopStorage      Min:  0.0, Avg:  0.0, Max:  0.0, Diff:  0.0, Sum:  0.0, Workers: 4
[2849.144s][debug][gc,phases      ] GC(307)     Dead                           Min: 0, Avg:  0.0, Max: 0, Diff: 0, Sum: 0, Workers: 4
[2849.144s][debug][gc,phases      ] GC(307)     Total                          Min: 0, Avg:  0.0, Max: 0, Diff: 0, Sum: 0, Workers: 4
[2849.144s][debug][gc,phases      ] GC(307)   StringTable Weak               Min:  0.0, Avg:  0.1, Max:  0.1, Diff:  0.1, Sum:  0.3, Workers: 4
[2849.144s][debug][gc,phases      ] GC(307)     Dead                           Min: 0, Avg:  0.0, Max: 0, Diff: 0, Sum: 0, Workers: 4
[2849.144s][debug][gc,phases      ] GC(307)     Total                          Min: 0, Avg: 11241.2, Max: 19007, Diff: 19007, Sum: 44965, Workers: 4
[2849.144s][debug][gc,phases      ] GC(307)   ResolvedMethodTable Weak       Min:  0.0, Avg:  0.0, Max:  0.0, Diff:  0.0, Sum:  0.1, Workers: 4
[2849.144s][debug][gc,phases      ] GC(307)     Dead                           Min: 0, Avg:  0.0, Max: 0, Diff: 0, Sum: 0, Workers: 4
[2849.144s][debug][gc,phases      ] GC(307)     Total                          Min: 0, Avg: 2645.8, Max: 4311, Diff: 4311, Sum: 10583, Workers: 4
[2849.144s][debug][gc,phases      ] GC(307)   JNI Weak                       Min:  0.0, Avg:  0.0, Max:  0.0, Diff:  0.0, Sum:  0.0, Workers: 4
[2849.144s][debug][gc,phases      ] GC(307)     Dead                           Min: 0, Avg:  0.0, Max: 0, Diff: 0, Sum: 0, Workers: 4
[2849.144s][debug][gc,phases      ] GC(307)     Total                          Min: 0, Avg: 11.2, Max: 45, Diff: 45, Sum: 45, Workers: 4
[2849.144s][debug][gc,phases      ] GC(307)   StringDedup Table Weak         Min:  0.0, Avg:  0.0, Max:  0.0, Diff:  0.0, Sum:  0.0, Workers: 4
[2849.144s][debug][gc,phases      ] GC(307)     Dead                           Min: 0, Avg:  0.0, Max: 0, Diff: 0, Sum: 0, Workers: 4
[2849.144s][debug][gc,phases      ] GC(307)     Total                          Min: 0, Avg:  0.0, Max: 0, Diff: 0, Sum: 0, Workers: 4
[2849.144s][debug][gc,phases      ] GC(307)   StringDedup Requests0 Weak     Min:  0.0, Avg:  0.0, Max:  0.0, Diff:  0.0, Sum:  0.0, Workers: 4
[2849.144s][debug][gc,phases      ] GC(307)     Dead                           Min: 0, Avg:  0.0, Max: 0, Diff: 0, Sum: 0, Workers: 4
[2849.144s][debug][gc,phases      ] GC(307)     Total                          Min: 0, Avg:  0.0, Max: 0, Diff: 0, Sum: 0, Workers: 4
[2849.144s][debug][gc,phases      ] GC(307)   StringDedup Requests1 Weak     Min:  0.0, Avg:  0.0, Max:  0.0, Diff:  0.0, Sum:  0.0, Workers: 4
[2849.144s][debug][gc,phases      ] GC(307)     Dead                           Min: 0, Avg:  0.0, Max: 0, Diff: 0, Sum: 0, Workers: 4
[2849.144s][debug][gc,phases      ] GC(307)     Total                          Min: 0, Avg:  0.0, Max: 0, Diff: 0, Sum: 0, Workers: 4
[2849.144s][debug][gc,phases      ] GC(307)   Weak JFR Old Object Samples    Min:  0.0, Avg:  0.0, Max:  0.0, Diff:  0.0, Sum:  0.0, Workers: 4
[2849.144s][debug][gc,phases      ] GC(307)     Dead                           Min: 0, Avg:  0.0, Max: 0, Diff: 0, Sum: 0, Workers: 4
[2849.144s][debug][gc,phases      ] GC(307)     Total                          Min: 0, Avg:  0.0, Max: 0, Diff: 0, Sum: 0, Workers: 4
[2849.144s][debug][gc,phases      ] GC(307) Weak Processing 0.316ms
[2849.144s][debug][gc,age         ] GC(307) Desired survivor size 3670016 bytes, new threshold 15 (max threshold 15)
[2849.144s][info ][gc,heap        ] GC(307) PSYoungGen: 2091680K(2093568K)->1712K(2093568K) Eden: 2089984K(2089984K)->0K(2089984K) From: 1696K(3584K)->1712K(3584K)
[2849.144s][info ][gc,heap        ] GC(307) ParOldGen: 410074K(430080K)->410106K(430080K)
[2849.144s][info ][gc,metaspace   ] GC(307) Metaspace: 86204K(87232K)->86204K(87232K) NonClass: 73803K(74368K)->73803K(74368K) Class: 12401K(12864K)->12401K(12864K)
[2849.144s][info ][gc             ] GC(307) Pause Young (Allocation Failure) 2443M->402M(2464M) 3.893ms
[2849.144s][info ][gc,cpu         ] GC(307) User=0.01s Sys=0.00s Real=0.01s
[2849.144s][info ][safepoint      ] Safepoint "ParallelGCFailedAllocation", Time since last: 5076404463 ns, Reaching safepoint: 4600 ns, Cleanup: 34700 ns, At safepoint: 3961607 ns, Total: 4000907 ns
[2861.742s][info ][gc,start       ] GC(308) Pause Young (Allocation Failure)
[2861.746s][debug][gc,phases      ] GC(308) Scavenge 4.583ms
[2861.746s][debug][gc,ref         ] GC(308) Skipped phase 1 of Reference Processing: no references
[2861.747s][debug][gc,ref         ] GC(308) ReferenceProcessor::execute queues: 1, RefProcThreadModel::Single, marks_oops_alive: false
[2861.747s][debug][gc,ref         ] GC(308) Skipped phase 3 of Reference Processing: no references
[2861.747s][debug][gc,ref         ] GC(308) Skipped phase 4 of Reference Processing: no references
[2861.747s][debug][gc,phases      ] GC(308) Reference Processing 0.091ms
[2861.747s][debug][gc,phases      ] GC(308)   VM Weak                        Min:  0.0, Avg:  0.0, Max:  0.0, Diff:  0.0, Sum:  0.0, Workers: 4
[2861.747s][debug][gc,phases      ] GC(308)     Dead                           Min: 0, Avg:  0.0, Max: 0, Diff: 0, Sum: 0, Workers: 4
[2861.747s][debug][gc,phases      ] GC(308)     Total                          Min: 0, Avg: 218.5, Max: 810, Diff: 810, Sum: 874, Workers: 4
[2861.747s][debug][gc,phases      ] GC(308)   ObjectSynchronizer Weak        Min:  0.0, Avg:  0.0, Max:  0.0, Diff:  0.0, Sum:  0.0, Workers: 4
[2861.747s][debug][gc,phases      ] GC(308)     Dead                           Min: 0, Avg:  0.0, Max: 0, Diff: 0, Sum: 0, Workers: 4
[2861.747s][debug][gc,phases      ] GC(308)     Total                          Min: 0, Avg:  1.0, Max: 4, Diff: 4, Sum: 4, Workers: 4
[2861.747s][debug][gc,phases      ] GC(308)   JVMTI Tag Weak OopStorage      Min:  0.0, Avg:  0.0, Max:  0.0, Diff:  0.0, Sum:  0.0, Workers: 4
[2861.747s][debug][gc,phases      ] GC(308)     Dead                           Min: 0, Avg:  0.0, Max: 0, Diff: 0, Sum: 0, Workers: 4
[2861.747s][debug][gc,phases      ] GC(308)     Total                          Min: 0, Avg:  0.0, Max: 0, Diff: 0, Sum: 0, Workers: 4
[2861.747s][debug][gc,phases      ] GC(308)   StringTable Weak               Min:  0.0, Avg:  0.1, Max:  0.2, Diff:  0.2, Sum:  0.3, Workers: 4
[2861.747s][debug][gc,phases      ] GC(308)     Dead                           Min: 0, Avg:  0.0, Max: 0, Diff: 0, Sum: 0, Workers: 4
[2861.747s][debug][gc,phases      ] GC(308)     Total                          Min: 0, Avg: 11241.2, Max: 27877, Diff: 27877, Sum: 44965, Workers: 4
[2861.747s][debug][gc,phases      ] GC(308)   ResolvedMethodTable Weak       Min:  0.0, Avg:  0.0, Max:  0.0, Diff:  0.0, Sum:  0.1, Workers: 4
[2861.747s][debug][gc,phases      ] GC(308)     Dead                           Min: 0, Avg:  0.0, Max: 0, Diff: 0, Sum: 0, Workers: 4
[2861.747s][debug][gc,phases      ] GC(308)     Total                          Min: 0, Avg: 2645.8, Max: 6592, Diff: 6592, Sum: 10583, Workers: 4
[2861.747s][debug][gc,phases      ] GC(308)   JNI Weak                       Min:  0.0, Avg:  0.0, Max:  0.0, Diff:  0.0, Sum:  0.0, Workers: 4
[2861.747s][debug][gc,phases      ] GC(308)     Dead                           Min: 0, Avg:  0.0, Max: 0, Diff: 0, Sum: 0, Workers: 4
[2861.747s][debug][gc,phases      ] GC(308)     Total                          Min: 0, Avg: 11.2, Max: 45, Diff: 45, Sum: 45, Workers: 4
[2861.747s][debug][gc,phases      ] GC(308)   StringDedup Table Weak         Min:  0.0, Avg:  0.0, Max:  0.0, Diff:  0.0, Sum:  0.0, Workers: 4
[2861.747s][debug][gc,phases      ] GC(308)     Dead                           Min: 0, Avg:  0.0, Max: 0, Diff: 0, Sum: 0, Workers: 4
[2861.747s][debug][gc,phases      ] GC(308)     Total                          Min: 0, Avg:  0.0, Max: 0, Diff: 0, Sum: 0, Workers: 4
[2861.747s][debug][gc,phases      ] GC(308)   StringDedup Requests0 Weak     Min:  0.0, Avg:  0.0, Max:  0.0, Diff:  0.0, Sum:  0.0, Workers: 4
[2861.747s][debug][gc,phases      ] GC(308)     Dead                           Min: 0, Avg:  0.0, Max: 0, Diff: 0, Sum: 0, Workers: 4
[2861.747s][debug][gc,phases      ] GC(308)     Total                          Min: 0, Avg:  0.0, Max: 0, Diff: 0, Sum: 0, Workers: 4
[2861.747s][debug][gc,phases      ] GC(308)   StringDedup Requests1 Weak     Min:  0.0, Avg:  0.0, Max:  0.0, Diff:  0.0, Sum:  0.0, Workers: 4
[2861.747s][debug][gc,phases      ] GC(308)     Dead                           Min: 0, Avg:  0.0, Max: 0, Diff: 0, Sum: 0, Workers: 4
[2861.747s][debug][gc,phases      ] GC(308)     Total                          Min: 0, Avg:  0.0, Max: 0, Diff: 0, Sum: 0, Workers: 4
[2861.747s][debug][gc,phases      ] GC(308)   Weak JFR Old Object Samples    Min:  0.0, Avg:  0.0, Max:  0.0, Diff:  0.0, Sum:  0.0, Workers: 4
[2861.747s][debug][gc,phases      ] GC(308)     Dead                           Min: 0, Avg:  0.0, Max: 0, Diff: 0, Sum: 0, Workers: 4
[2861.747s][debug][gc,phases      ] GC(308)     Total                          Min: 0, Avg:  0.0, Max: 0, Diff: 0, Sum: 0, Workers: 4
[2861.747s][debug][gc,phases      ] GC(308) Weak Processing 0.370ms
[2861.747s][debug][gc,age         ] GC(308) Desired survivor size 3670016 bytes, new threshold 15 (max threshold 15)
[2861.747s][info ][gc,heap        ] GC(308) PSYoungGen: 2091696K(2093568K)->1728K(2093568K) Eden: 2089984K(2089984K)->0K(2089984K) From: 1712K(3584K)->1728K(3584K)
[2861.747s][info ][gc,heap        ] GC(308) ParOldGen: 410106K(430080K)->410154K(430080K)
[2861.747s][info ][gc,metaspace   ] GC(308) Metaspace: 86204K(87232K)->86204K(87232K) NonClass: 73803K(74368K)->73803K(74368K) Class: 12401K(12864K)->12401K(12864K)
[2861.747s][info ][gc             ] GC(308) Pause Young (Allocation Failure) 2443M->402M(2464M) 5.137ms
[2861.747s][info ][gc,cpu         ] GC(308) User=0.01s Sys=0.01s Real=0.00s
[2861.747s][info ][safepoint      ] Safepoint "ParallelGCFailedAllocation", Time since last: 12597263356 ns, Reaching safepoint: 72600 ns, Cleanup: 43500 ns, At safepoint: 5222510 ns, Total: 5338610 ns
[2874.340s][info ][gc,start       ] GC(309) Pause Young (Allocation Failure)
[2874.342s][debug][gc,phases      ] GC(309) Scavenge 2.551ms
[2874.342s][debug][gc,ref         ] GC(309) Skipped phase 1 of Reference Processing: no references
[2874.343s][debug][gc,ref         ] GC(309) ReferenceProcessor::execute queues: 1, RefProcThreadModel::Single, marks_oops_alive: false
[2874.343s][debug][gc,ref         ] GC(309) ReferenceProcessor::execute queues: 4, RefProcThreadModel::Multi, marks_oops_alive: true
[2874.343s][debug][gc,ref         ] GC(309) Skipped phase 4 of Reference Processing: no references
[2874.343s][debug][gc,phases      ] GC(309) Reference Processing 0.169ms
[2874.343s][debug][gc,phases      ] GC(309)   VM Weak                        Min:  0.0, Avg:  0.0, Max:  0.0, Diff:  0.0, Sum:  0.0, Workers: 4
[2874.343s][debug][gc,phases      ] GC(309)     Dead                           Min: 0, Avg:  0.0, Max: 0, Diff: 0, Sum: 0, Workers: 4
[2874.343s][debug][gc,phases      ] GC(309)     Total                          Min: 0, Avg: 218.5, Max: 704, Diff: 704, Sum: 874, Workers: 4
[2874.343s][debug][gc,phases      ] GC(309)   ObjectSynchronizer Weak        Min:  0.0, Avg:  0.0, Max:  0.0, Diff:  0.0, Sum:  0.0, Workers: 4
[2874.343s][debug][gc,phases      ] GC(309)     Dead                           Min: 0, Avg:  0.0, Max: 0, Diff: 0, Sum: 0, Workers: 4
[2874.343s][debug][gc,phases      ] GC(309)     Total                          Min: 0, Avg:  1.0, Max: 4, Diff: 4, Sum: 4, Workers: 4
[2874.343s][debug][gc,phases      ] GC(309)   JVMTI Tag Weak OopStorage      Min:  0.0, Avg:  0.0, Max:  0.0, Diff:  0.0, Sum:  0.0, Workers: 4
[2874.343s][debug][gc,phases      ] GC(309)     Dead                           Min: 0, Avg:  0.0, Max: 0, Diff: 0, Sum: 0, Workers: 4
[2874.343s][debug][gc,phases      ] GC(309)     Total                          Min: 0, Avg:  0.0, Max: 0, Diff: 0, Sum: 0, Workers: 4
[2874.343s][debug][gc,phases      ] GC(309)   StringTable Weak               Min:  0.0, Avg:  0.1, Max:  0.1, Diff:  0.1, Sum:  0.4, Workers: 4
[2874.343s][debug][gc,phases      ] GC(309)     Dead                           Min: 0, Avg:  0.0, Max: 0, Diff: 0, Sum: 0, Workers: 4
[2874.343s][debug][gc,phases      ] GC(309)     Total                          Min: 0, Avg: 11241.2, Max: 18303, Diff: 18303, Sum: 44965, Workers: 4
[2874.343s][debug][gc,phases      ] GC(309)   ResolvedMethodTable Weak       Min:  0.0, Avg:  0.0, Max:  0.0, Diff:  0.0, Sum:  0.1, Workers: 4
[2874.343s][debug][gc,phases      ] GC(309)     Dead                           Min: 0, Avg:  0.0, Max: 0, Diff: 0, Sum: 0, Workers: 4
[2874.343s][debug][gc,phases      ] GC(309)     Total                          Min: 0, Avg: 2645.8, Max: 4631, Diff: 4631, Sum: 10583, Workers: 4
[2874.343s][debug][gc,phases      ] GC(309)   JNI Weak                       Min:  0.0, Avg:  0.0, Max:  0.0, Diff:  0.0, Sum:  0.0, Workers: 4
[2874.343s][debug][gc,phases      ] GC(309)     Dead                           Min: 0, Avg:  0.0, Max: 0, Diff: 0, Sum: 0, Workers: 4
[2874.343s][debug][gc,phases      ] GC(309)     Total                          Min: 0, Avg: 11.2, Max: 45, Diff: 45, Sum: 45, Workers: 4
[2874.343s][debug][gc,phases      ] GC(309)   StringDedup Table Weak         Min:  0.0, Avg:  0.0, Max:  0.0, Diff:  0.0, Sum:  0.0, Workers: 4
[2874.343s][debug][gc,phases      ] GC(309)     Dead                           Min: 0, Avg:  0.0, Max: 0, Diff: 0, Sum: 0, Workers: 4
[2874.343s][debug][gc,phases      ] GC(309)     Total                          Min: 0, Avg:  0.0, Max: 0, Diff: 0, Sum: 0, Workers: 4
[2874.343s][debug][gc,phases      ] GC(309)   StringDedup Requests0 Weak     Min:  0.0, Avg:  0.0, Max:  0.0, Diff:  0.0, Sum:  0.0, Workers: 4
[2874.343s][debug][gc,phases      ] GC(309)     Dead                           Min: 0, Avg:  0.0, Max: 0, Diff: 0, Sum: 0, Workers: 4
[2874.343s][debug][gc,phases      ] GC(309)     Total                          Min: 0, Avg:  0.0, Max: 0, Diff: 0, Sum: 0, Workers: 4
[2874.343s][debug][gc,phases      ] GC(309)   StringDedup Requests1 Weak     Min:  0.0, Avg:  0.0, Max:  0.0, Diff:  0.0, Sum:  0.0, Workers: 4
[2874.343s][debug][gc,phases      ] GC(309)     Dead                           Min: 0, Avg:  0.0, Max: 0, Diff: 0, Sum: 0, Workers: 4
[2874.343s][debug][gc,phases      ] GC(309)     Total                          Min: 0, Avg:  0.0, Max: 0, Diff: 0, Sum: 0, Workers: 4
[2874.343s][debug][gc,phases      ] GC(309)   Weak JFR Old Object Samples    Min:  0.0, Avg:  0.0, Max:  0.0, Diff:  0.0, Sum:  0.0, Workers: 4
[2874.343s][debug][gc,phases      ] GC(309)     Dead                           Min: 0, Avg:  0.0, Max: 0, Diff: 0, Sum: 0, Workers: 4
[2874.343s][debug][gc,phases      ] GC(309)     Total                          Min: 0, Avg:  0.0, Max: 0, Diff: 0, Sum: 0, Workers: 4
[2874.343s][debug][gc,phases      ] GC(309) Weak Processing 0.331ms
[2874.343s][debug][gc,age         ] GC(309) Desired survivor size 3670016 bytes, new threshold 15 (max threshold 15)
[2874.343s][info ][gc,heap        ] GC(309) PSYoungGen: 2091712K(2093568K)->1680K(2093568K) Eden: 2089984K(2089984K)->0K(2089984K) From: 1728K(3584K)->1680K(3584K)
[2874.343s][info ][gc,heap        ] GC(309) ParOldGen: 410154K(430080K)->410202K(430080K)
[2874.343s][info ][gc,metaspace   ] GC(309) Metaspace: 86209K(87232K)->86209K(87232K) NonClass: 73808K(74368K)->73808K(74368K) Class: 12401K(12864K)->12401K(12864K)
[2874.343s][info ][gc             ] GC(309) Pause Young (Allocation Failure) 2443M->402M(2464M) 3.156ms
[2874.343s][info ][gc,cpu         ] GC(309) User=0.01s Sys=0.00s Real=0.01s
[2874.343s][info ][safepoint      ] Safepoint "ParallelGCFailedAllocation", Time since last: 12592760610 ns, Reaching safepoint: 4200 ns, Cleanup: 19900 ns, At safepoint: 3223406 ns, Total: 3247506 ns
[2886.241s][info ][gc,start       ] GC(310) Pause Young (Allocation Failure)
[2886.244s][debug][gc,phases      ] GC(310) Scavenge 2.712ms
[2886.244s][debug][gc,ref         ] GC(310) Skipped phase 1 of Reference Processing: no references
[2886.244s][debug][gc,ref         ] GC(310) ReferenceProcessor::execute queues: 1, RefProcThreadModel::Single, marks_oops_alive: false
[2886.244s][debug][gc,ref         ] GC(310) Skipped phase 3 of Reference Processing: no references
[2886.244s][debug][gc,ref         ] GC(310) Skipped phase 4 of Reference Processing: no references
[2886.244s][debug][gc,phases      ] GC(310) Reference Processing 0.098ms
[2886.244s][debug][gc,phases      ] GC(310)   VM Weak                        Min:  0.0, Avg:  0.0, Max:  0.0, Diff:  0.0, Sum:  0.0, Workers: 4
[2886.244s][debug][gc,phases      ] GC(310)     Dead                           Min: 0, Avg:  0.0, Max: 0, Diff: 0, Sum: 0, Workers: 4
[2886.244s][debug][gc,phases      ] GC(310)     Total                          Min: 0, Avg: 218.5, Max: 682, Diff: 682, Sum: 874, Workers: 4
[2886.244s][debug][gc,phases      ] GC(310)   ObjectSynchronizer Weak        Min:  0.0, Avg:  0.0, Max:  0.0, Diff:  0.0, Sum:  0.0, Workers: 4
[2886.244s][debug][gc,phases      ] GC(310)     Dead                           Min: 0, Avg:  0.0, Max: 0, Diff: 0, Sum: 0, Workers: 4
[2886.244s][debug][gc,phases      ] GC(310)     Total                          Min: 0, Avg:  1.0, Max: 4, Diff: 4, Sum: 4, Workers: 4
[2886.244s][debug][gc,phases      ] GC(310)   JVMTI Tag Weak OopStorage      Min:  0.0, Avg:  0.0, Max:  0.0, Diff:  0.0, Sum:  0.0, Workers: 4
[2886.244s][debug][gc,phases      ] GC(310)     Dead                           Min: 0, Avg:  0.0, Max: 0, Diff: 0, Sum: 0, Workers: 4
[2886.244s][debug][gc,phases      ] GC(310)     Total                          Min: 0, Avg:  0.0, Max: 0, Diff: 0, Sum: 0, Workers: 4
[2886.244s][debug][gc,phases      ] GC(310)   StringTable Weak               Min:  0.1, Avg:  0.1, Max:  0.1, Diff:  0.0, Sum:  0.4, Workers: 4
[2886.244s][debug][gc,phases      ] GC(310)     Dead                           Min: 0, Avg:  0.0, Max: 0, Diff: 0, Sum: 0, Workers: 4
[2886.244s][debug][gc,phases      ] GC(310)     Total                          Min: 10943, Avg: 11241.2, Max: 11392, Diff: 449, Sum: 44965, Workers: 4
[2886.244s][debug][gc,phases      ] GC(310)   ResolvedMethodTable Weak       Min:  0.0, Avg:  0.0, Max:  0.0, Diff:  0.0, Sum:  0.1, Workers: 4
[2886.244s][debug][gc,phases      ] GC(310)     Dead                           Min: 0, Avg:  0.0, Max: 0, Diff: 0, Sum: 0, Workers: 4
[2886.244s][debug][gc,phases      ] GC(310)     Total                          Min: 2391, Avg: 2645.8, Max: 2880, Diff: 489, Sum: 10583, Workers: 4
[2886.244s][debug][gc,phases      ] GC(310)   JNI Weak                       Min:  0.0, Avg:  0.0, Max:  0.0, Diff:  0.0, Sum:  0.0, Workers: 4
[2886.244s][debug][gc,phases      ] GC(310)     Dead                           Min: 0, Avg:  0.0, Max: 0, Diff: 0, Sum: 0, Workers: 4
[2886.244s][debug][gc,phases      ] GC(310)     Total                          Min: 0, Avg: 11.2, Max: 45, Diff: 45, Sum: 45, Workers: 4
[2886.244s][debug][gc,phases      ] GC(310)   StringDedup Table Weak         Min:  0.0, Avg:  0.0, Max:  0.0, Diff:  0.0, Sum:  0.0, Workers: 4
[2886.244s][debug][gc,phases      ] GC(310)     Dead                           Min: 0, Avg:  0.0, Max: 0, Diff: 0, Sum: 0, Workers: 4
[2886.244s][debug][gc,phases      ] GC(310)     Total                          Min: 0, Avg:  0.0, Max: 0, Diff: 0, Sum: 0, Workers: 4
[2886.244s][debug][gc,phases      ] GC(310)   StringDedup Requests0 Weak     Min:  0.0, Avg:  0.0, Max:  0.0, Diff:  0.0, Sum:  0.0, Workers: 4
[2886.244s][debug][gc,phases      ] GC(310)     Dead                           Min: 0, Avg:  0.0, Max: 0, Diff: 0, Sum: 0, Workers: 4
[2886.244s][debug][gc,phases      ] GC(310)     Total                          Min: 0, Avg:  0.0, Max: 0, Diff: 0, Sum: 0, Workers: 4
[2886.244s][debug][gc,phases      ] GC(310)   StringDedup Requests1 Weak     Min:  0.0, Avg:  0.0, Max:  0.0, Diff:  0.0, Sum:  0.0, Workers: 4
[2886.244s][debug][gc,phases      ] GC(310)     Dead                           Min: 0, Avg:  0.0, Max: 0, Diff: 0, Sum: 0, Workers: 4
[2886.244s][debug][gc,phases      ] GC(310)     Total                          Min: 0, Avg:  0.0, Max: 0, Diff: 0, Sum: 0, Workers: 4
[2886.244s][debug][gc,phases      ] GC(310)   Weak JFR Old Object Samples    Min:  0.0, Avg:  0.0, Max:  0.0, Diff:  0.0, Sum:  0.0, Workers: 4
[2886.244s][debug][gc,phases      ] GC(310)     Dead                           Min: 0, Avg:  0.0, Max: 0, Diff: 0, Sum: 0, Workers: 4
[2886.244s][debug][gc,phases      ] GC(310)     Total                          Min: 0, Avg:  0.0, Max: 0, Diff: 0, Sum: 0, Workers: 4
[2886.244s][debug][gc,phases      ] GC(310) Weak Processing 0.299ms
[2886.244s][debug][gc,age         ] GC(310) Desired survivor size 3670016 bytes, new threshold 15 (max threshold 15)
[2886.244s][info ][gc,heap        ] GC(310) PSYoungGen: 2091664K(2093568K)->1680K(2093568K) Eden: 2089984K(2089984K)->0K(2089984K) From: 1680K(3584K)->1680K(3584K)
[2886.244s][info ][gc,heap        ] GC(310) ParOldGen: 410202K(430080K)->410226K(430080K)
[2886.244s][info ][gc,metaspace   ] GC(310) Metaspace: 86209K(87232K)->86209K(87232K) NonClass: 73808K(74368K)->73808K(74368K) Class: 12401K(12864K)->12401K(12864K)
[2886.244s][info ][gc             ] GC(310) Pause Young (Allocation Failure) 2443M->402M(2464M) 3.217ms
[2886.244s][info ][gc,cpu         ] GC(310) User=0.01s Sys=0.00s Real=0.01s
[2886.244s][info ][safepoint      ] Safepoint "ParallelGCFailedAllocation", Time since last: 11897739472 ns, Reaching safepoint: 3600 ns, Cleanup: 33300 ns, At safepoint: 3278605 ns, Total: 3315505 ns
[2889.244s][info ][safepoint      ] Safepoint "Cleanup", Time since last: 3000209073 ns, Reaching safepoint: 73500 ns, Cleanup: 35300 ns, At safepoint: 4500 ns, Total: 113300 ns
[2895.546s][info ][gc,start       ] GC(311) Pause Young (Allocation Failure)
[2895.551s][debug][gc,phases      ] GC(311) Scavenge 4.441ms
[2895.551s][debug][gc,ref         ] GC(311) Skipped phase 1 of Reference Processing: no references
[2895.551s][debug][gc,ref         ] GC(311) ReferenceProcessor::execute queues: 1, RefProcThreadModel::Single, marks_oops_alive: false
[2895.551s][debug][gc,ref         ] GC(311) Skipped phase 3 of Reference Processing: no references
[2895.551s][debug][gc,ref         ] GC(311) ReferenceProcessor::execute queues: 1, RefProcThreadModel::Single, marks_oops_alive: false
[2895.551s][debug][gc,phases      ] GC(311) Reference Processing 0.091ms
[2895.551s][debug][gc,phases      ] GC(311)   VM Weak                        Min:  0.0, Avg:  0.0, Max:  0.0, Diff:  0.0, Sum:  0.0, Workers: 4
[2895.551s][debug][gc,phases      ] GC(311)     Dead                           Min: 0, Avg:  0.0, Max: 0, Diff: 0, Sum: 0, Workers: 4
[2895.551s][debug][gc,phases      ] GC(311)     Total                          Min: 0, Avg: 218.5, Max: 874, Diff: 874, Sum: 874, Workers: 4
[2895.551s][debug][gc,phases      ] GC(311)   ObjectSynchronizer Weak        Min:  0.0, Avg:  0.0, Max:  0.0, Diff:  0.0, Sum:  0.0, Workers: 4
[2895.551s][debug][gc,phases      ] GC(311)     Dead                           Min: 0, Avg:  0.0, Max: 0, Diff: 0, Sum: 0, Workers: 4
[2895.551s][debug][gc,phases      ] GC(311)     Total                          Min: 0, Avg:  1.0, Max: 4, Diff: 4, Sum: 4, Workers: 4
[2895.551s][debug][gc,phases      ] GC(311)   JVMTI Tag Weak OopStorage      Min:  0.0, Avg:  0.0, Max:  0.0, Diff:  0.0, Sum:  0.0, Workers: 4
[2895.551s][debug][gc,phases      ] GC(311)     Dead                           Min: 0, Avg:  0.0, Max: 0, Diff: 0, Sum: 0, Workers: 4
[2895.551s][debug][gc,phases      ] GC(311)     Total                          Min: 0, Avg:  0.0, Max: 0, Diff: 0, Sum: 0, Workers: 4
[2895.551s][debug][gc,phases      ] GC(311)   StringTable Weak               Min:  0.0, Avg:  0.1, Max:  0.2, Diff:  0.2, Sum:  0.3, Workers: 4
[2895.551s][debug][gc,phases      ] GC(311)     Dead                           Min: 0, Avg:  0.0, Max: 0, Diff: 0, Sum: 0, Workers: 4
[2895.551s][debug][gc,phases      ] GC(311)     Total                          Min: 0, Avg: 11241.2, Max: 28159, Diff: 28159, Sum: 44965, Workers: 4
[2895.551s][debug][gc,phases      ] GC(311)   ResolvedMethodTable Weak       Min:  0.0, Avg:  0.0, Max:  0.0, Diff:  0.0, Sum:  0.1, Workers: 4
[2895.551s][debug][gc,phases      ] GC(311)     Dead                           Min: 0, Avg:  0.0, Max: 0, Diff: 0, Sum: 0, Workers: 4
[2895.551s][debug][gc,phases      ] GC(311)     Total                          Min: 0, Avg: 2645.8, Max: 6615, Diff: 6615, Sum: 10583, Workers: 4
[2895.551s][debug][gc,phases      ] GC(311)   JNI Weak                       Min:  0.0, Avg:  0.0, Max:  0.0, Diff:  0.0, Sum:  0.0, Workers: 4
[2895.551s][debug][gc,phases      ] GC(311)     Dead                           Min: 0, Avg:  0.0, Max: 0, Diff: 0, Sum: 0, Workers: 4
[2895.551s][debug][gc,phases      ] GC(311)     Total                          Min: 0, Avg: 11.2, Max: 45, Diff: 45, Sum: 45, Workers: 4
[2895.551s][debug][gc,phases      ] GC(311)   StringDedup Table Weak         Min:  0.0, Avg:  0.0, Max:  0.0, Diff:  0.0, Sum:  0.0, Workers: 4
[2895.551s][debug][gc,phases      ] GC(311)     Dead                           Min: 0, Avg:  0.0, Max: 0, Diff: 0, Sum: 0, Workers: 4
[2895.551s][debug][gc,phases      ] GC(311)     Total                          Min: 0, Avg:  0.0, Max: 0, Diff: 0, Sum: 0, Workers: 4
[2895.551s][debug][gc,phases      ] GC(311)   StringDedup Requests0 Weak     Min:  0.0, Avg:  0.0, Max:  0.0, Diff:  0.0, Sum:  0.0, Workers: 4
[2895.551s][debug][gc,phases      ] GC(311)     Dead                           Min: 0, Avg:  0.0, Max: 0, Diff: 0, Sum: 0, Workers: 4
[2895.551s][debug][gc,phases      ] GC(311)     Total                          Min: 0, Avg:  0.0, Max: 0, Diff: 0, Sum: 0, Workers: 4
[2895.551s][debug][gc,phases      ] GC(311)   StringDedup Requests1 Weak     Min:  0.0, Avg:  0.0, Max:  0.0, Diff:  0.0, Sum:  0.0, Workers: 4
[2895.551s][debug][gc,phases      ] GC(311)     Dead                           Min: 0, Avg:  0.0, Max: 0, Diff: 0, Sum: 0, Workers: 4
[2895.551s][debug][gc,phases      ] GC(311)     Total                          Min: 0, Avg:  0.0, Max: 0, Diff: 0, Sum: 0, Workers: 4
[2895.551s][debug][gc,phases      ] GC(311)   Weak JFR Old Object Samples    Min:  0.0, Avg:  0.0, Max:  0.0, Diff:  0.0, Sum:  0.0, Workers: 4
[2895.551s][debug][gc,phases      ] GC(311)     Dead                           Min: 0, Avg:  0.0, Max: 0, Diff: 0, Sum: 0, Workers: 4
[2895.551s][debug][gc,phases      ] GC(311)     Total                          Min: 0, Avg:  0.0, Max: 0, Diff: 0, Sum: 0, Workers: 4
[2895.551s][debug][gc,phases      ] GC(311) Weak Processing 0.374ms
[2895.551s][debug][gc,age         ] GC(311) Desired survivor size 3670016 bytes, new threshold 15 (max threshold 15)
[2895.551s][info ][gc,heap        ] GC(311) PSYoungGen: 2091664K(2093568K)->1728K(2093568K) Eden: 2089984K(2089984K)->0K(2089984K) From: 1680K(3584K)->1728K(3584K)
[2895.551s][info ][gc,heap        ] GC(311) ParOldGen: 410226K(430080K)->410258K(430080K)
[2895.551s][info ][gc,metaspace   ] GC(311) Metaspace: 86212K(87232K)->86212K(87232K) NonClass: 73811K(74368K)->73811K(74368K) Class: 12401K(12864K)->12401K(12864K)
[2895.551s][info ][gc             ] GC(311) Pause Young (Allocation Failure) 2443M->402M(2464M) 4.999ms
[2895.551s][info ][gc,cpu         ] GC(311) User=0.01s Sys=0.00s Real=0.00s
[2895.551s][info ][safepoint      ] Safepoint "ParallelGCFailedAllocation", Time since last: 6301621542 ns, Reaching safepoint: 5000 ns, Cleanup: 31100 ns, At safepoint: 5090808 ns, Total: 5126908 ns
[2906.891s][info ][gc,start       ] GC(312) Pause Young (Allocation Failure)
[2906.893s][debug][gc,phases      ] GC(312) Scavenge 2.433ms
[2906.893s][debug][gc,ref         ] GC(312) Skipped phase 1 of Reference Processing: no references
[2906.893s][debug][gc,ref         ] GC(312) ReferenceProcessor::execute queues: 1, RefProcThreadModel::Single, marks_oops_alive: false
[2906.893s][debug][gc,ref         ] GC(312) ReferenceProcessor::execute queues: 4, RefProcThreadModel::Multi, marks_oops_alive: true
[2906.893s][debug][gc,ref         ] GC(312) Skipped phase 4 of Reference Processing: no references
[2906.893s][debug][gc,phases      ] GC(312) Reference Processing 0.163ms
[2906.893s][debug][gc,phases      ] GC(312)   VM Weak                        Min:  0.0, Avg:  0.0, Max:  0.0, Diff:  0.0, Sum:  0.0, Workers: 4
[2906.893s][debug][gc,phases      ] GC(312)     Dead                           Min: 0, Avg:  0.0, Max: 0, Diff: 0, Sum: 0, Workers: 4
[2906.893s][debug][gc,phases      ] GC(312)     Total                          Min: 0, Avg: 218.5, Max: 640, Diff: 640, Sum: 874, Workers: 4
[2906.893s][debug][gc,phases      ] GC(312)   ObjectSynchronizer Weak        Min:  0.0, Avg:  0.0, Max:  0.0, Diff:  0.0, Sum:  0.0, Workers: 4
[2906.893s][debug][gc,phases      ] GC(312)     Dead                           Min: 0, Avg:  0.0, Max: 0, Diff: 0, Sum: 0, Workers: 4
[2906.893s][debug][gc,phases      ] GC(312)     Total                          Min: 0, Avg:  1.0, Max: 4, Diff: 4, Sum: 4, Workers: 4
[2906.893s][debug][gc,phases      ] GC(312)   JVMTI Tag Weak OopStorage      Min:  0.0, Avg:  0.0, Max:  0.0, Diff:  0.0, Sum:  0.0, Workers: 4
[2906.893s][debug][gc,phases      ] GC(312)     Dead                           Min: 0, Avg:  0.0, Max: 0, Diff: 0, Sum: 0, Workers: 4
[2906.894s][debug][gc,phases      ] GC(312)     Total                          Min: 0, Avg:  0.0, Max: 0, Diff: 0, Sum: 0, Workers: 4
[2906.894s][debug][gc,phases      ] GC(312)   StringTable Weak               Min:  0.0, Avg:  0.1, Max:  0.1, Diff:  0.1, Sum:  0.4, Workers: 4
[2906.894s][debug][gc,phases      ] GC(312)     Dead                           Min: 0, Avg:  0.0, Max: 0, Diff: 0, Sum: 0, Workers: 4
[2906.894s][debug][gc,phases      ] GC(312)     Total                          Min: 0, Avg: 11241.2, Max: 18278, Diff: 18278, Sum: 44965, Workers: 4
[2906.894s][debug][gc,phases      ] GC(312)   ResolvedMethodTable Weak       Min:  0.0, Avg:  0.0, Max:  0.0, Diff:  0.0, Sum:  0.1, Workers: 4
[2906.894s][debug][gc,phases      ] GC(312)     Dead                           Min: 0, Avg:  0.0, Max: 0, Diff: 0, Sum: 0, Workers: 4
[2906.894s][debug][gc,phases      ] GC(312)     Total                          Min: 0, Avg: 2645.8, Max: 4695, Diff: 4695, Sum: 10583, Workers: 4
[2906.894s][debug][gc,phases      ] GC(312)   JNI Weak                       Min:  0.0, Avg:  0.0, Max:  0.0, Diff:  0.0, Sum:  0.0, Workers: 4
[2906.894s][debug][gc,phases      ] GC(312)     Dead                           Min: 0, Avg:  0.0, Max: 0, Diff: 0, Sum: 0, Workers: 4
[2906.894s][debug][gc,phases      ] GC(312)     Total                          Min: 0, Avg: 11.2, Max: 45, Diff: 45, Sum: 45, Workers: 4
[2906.894s][debug][gc,phases      ] GC(312)   StringDedup Table Weak         Min:  0.0, Avg:  0.0, Max:  0.0, Diff:  0.0, Sum:  0.0, Workers: 4
[2906.894s][debug][gc,phases      ] GC(312)     Dead                           Min: 0, Avg:  0.0, Max: 0, Diff: 0, Sum: 0, Workers: 4
[2906.894s][debug][gc,phases      ] GC(312)     Total                          Min: 0, Avg:  0.0, Max: 0, Diff: 0, Sum: 0, Workers: 4
[2906.894s][debug][gc,phases      ] GC(312)   StringDedup Requests0 Weak     Min:  0.0, Avg:  0.0, Max:  0.0, Diff:  0.0, Sum:  0.0, Workers: 4
[2906.894s][debug][gc,phases      ] GC(312)     Dead                           Min: 0, Avg:  0.0, Max: 0, Diff: 0, Sum: 0, Workers: 4
[2906.894s][debug][gc,phases      ] GC(312)     Total                          Min: 0, Avg:  0.0, Max: 0, Diff: 0, Sum: 0, Workers: 4
[2906.894s][debug][gc,phases      ] GC(312)   StringDedup Requests1 Weak     Min:  0.0, Avg:  0.0, Max:  0.0, Diff:  0.0, Sum:  0.0, Workers: 4
[2906.894s][debug][gc,phases      ] GC(312)     Dead                           Min: 0, Avg:  0.0, Max: 0, Diff: 0, Sum: 0, Workers: 4
[2906.894s][debug][gc,phases      ] GC(312)     Total                          Min: 0, Avg:  0.0, Max: 0, Diff: 0, Sum: 0, Workers: 4
[2906.894s][debug][gc,phases      ] GC(312)   Weak JFR Old Object Samples    Min:  0.0, Avg:  0.0, Max:  0.0, Diff:  0.0, Sum:  0.0, Workers: 4
[2906.894s][debug][gc,phases      ] GC(312)     Dead                           Min: 0, Avg:  0.0, Max: 0, Diff: 0, Sum: 0, Workers: 4
[2906.894s][debug][gc,phases      ] GC(312)     Total                          Min: 0, Avg:  0.0, Max: 0, Diff: 0, Sum: 0, Workers: 4
[2906.894s][debug][gc,phases      ] GC(312) Weak Processing 0.341ms
[2906.894s][debug][gc,age         ] GC(312) Desired survivor size 3670016 bytes, new threshold 15 (max threshold 15)
[2906.894s][info ][gc,heap        ] GC(312) PSYoungGen: 2091712K(2093568K)->1696K(2093568K) Eden: 2089984K(2089984K)->0K(2089984K) From: 1728K(3584K)->1696K(3584K)
[2906.894s][info ][gc,heap        ] GC(312) ParOldGen: 410258K(430080K)->410290K(430080K)
[2906.894s][info ][gc,metaspace   ] GC(312) Metaspace: 86212K(87232K)->86212K(87232K) NonClass: 73811K(74368K)->73811K(74368K) Class: 12401K(12864K)->12401K(12864K)
[2906.894s][info ][gc             ] GC(312) Pause Young (Allocation Failure) 2443M->402M(2464M) 3.031ms
[2906.894s][info ][gc,cpu         ] GC(312) User=0.01s Sys=0.00s Real=0.01s
[2906.894s][info ][safepoint      ] Safepoint "ParallelGCFailedAllocation", Time since last: 11339396802 ns, Reaching safepoint: 3800 ns, Cleanup: 22100 ns, At safepoint: 3094305 ns, Total: 3120205 ns
[2913.894s][info ][safepoint      ] Safepoint "Cleanup", Time since last: 7000433696 ns, Reaching safepoint: 5100 ns, Cleanup: 43600 ns, At safepoint: 4100 ns, Total: 52800 ns
[2918.895s][info ][safepoint      ] Safepoint "Cleanup", Time since last: 5000329694 ns, Reaching safepoint: 5200 ns, Cleanup: 32300 ns, At safepoint: 2300 ns, Total: 39800 ns
[2920.895s][info ][safepoint      ] Safepoint "Cleanup", Time since last: 2000173667 ns, Reaching safepoint: 6500 ns, Cleanup: 45000 ns, At safepoint: 4100 ns, Total: 55600 ns
[2926.539s][info ][gc,start       ] GC(313) Pause Young (Allocation Failure)
[2926.543s][debug][gc,phases      ] GC(313) Scavenge 3.426ms
[2926.543s][debug][gc,ref         ] GC(313) Skipped phase 1 of Reference Processing: no references
[2926.543s][debug][gc,ref         ] GC(313) ReferenceProcessor::execute queues: 1, RefProcThreadModel::Single, marks_oops_alive: false
[2926.543s][debug][gc,ref         ] GC(313) ReferenceProcessor::execute queues: 4, RefProcThreadModel::Multi, marks_oops_alive: true
[2926.543s][debug][gc,ref         ] GC(313) Skipped phase 4 of Reference Processing: no references
[2926.543s][debug][gc,phases      ] GC(313) Reference Processing 0.365ms
[2926.543s][debug][gc,phases      ] GC(313)   VM Weak                        Min:  0.0, Avg:  0.0, Max:  0.0, Diff:  0.0, Sum:  0.0, Workers: 4
[2926.543s][debug][gc,phases      ] GC(313)     Dead                           Min: 0, Avg:  0.0, Max: 0, Diff: 0, Sum: 0, Workers: 4
[2926.543s][debug][gc,phases      ] GC(313)     Total                          Min: 0, Avg: 218.5, Max: 682, Diff: 682, Sum: 874, Workers: 4
[2926.543s][debug][gc,phases      ] GC(313)   ObjectSynchronizer Weak        Min:  0.0, Avg:  0.0, Max:  0.0, Diff:  0.0, Sum:  0.0, Workers: 4
[2926.543s][debug][gc,phases      ] GC(313)     Dead                           Min: 0, Avg:  0.0, Max: 0, Diff: 0, Sum: 0, Workers: 4
[2926.543s][debug][gc,phases      ] GC(313)     Total                          Min: 0, Avg:  1.0, Max: 4, Diff: 4, Sum: 4, Workers: 4
[2926.543s][debug][gc,phases      ] GC(313)   JVMTI Tag Weak OopStorage      Min:  0.0, Avg:  0.0, Max:  0.0, Diff:  0.0, Sum:  0.0, Workers: 4
[2926.543s][debug][gc,phases      ] GC(313)     Dead                           Min: 0, Avg:  0.0, Max: 0, Diff: 0, Sum: 0, Workers: 4
[2926.543s][debug][gc,phases      ] GC(313)     Total                          Min: 0, Avg:  0.0, Max: 0, Diff: 0, Sum: 0, Workers: 4
[2926.543s][debug][gc,phases      ] GC(313)   StringTable Weak               Min:  0.0, Avg:  0.1, Max:  0.1, Diff:  0.1, Sum:  0.4, Workers: 4
[2926.543s][debug][gc,phases      ] GC(313)     Dead                           Min: 0, Avg:  0.0, Max: 0, Diff: 0, Sum: 0, Workers: 4
[2926.543s][debug][gc,phases      ] GC(313)     Total                          Min: 0, Avg: 11241.8, Max: 18752, Diff: 18752, Sum: 44967, Workers: 4
[2926.543s][debug][gc,phases      ] GC(313)   ResolvedMethodTable Weak       Min:  0.0, Avg:  0.0, Max:  0.0, Diff:  0.0, Sum:  0.1, Workers: 4
[2926.543s][debug][gc,phases      ] GC(313)     Dead                           Min: 0, Avg:  0.0, Max: 0, Diff: 0, Sum: 0, Workers: 4
[2926.543s][debug][gc,phases      ] GC(313)     Total                          Min: 0, Avg: 2645.8, Max: 4695, Diff: 4695, Sum: 10583, Workers: 4
[2926.543s][debug][gc,phases      ] GC(313)   JNI Weak                       Min:  0.0, Avg:  0.0, Max:  0.0, Diff:  0.0, Sum:  0.0, Workers: 4
[2926.543s][debug][gc,phases      ] GC(313)     Dead                           Min: 0, Avg:  0.0, Max: 0, Diff: 0, Sum: 0, Workers: 4
[2926.543s][debug][gc,phases      ] GC(313)     Total                          Min: 0, Avg: 11.2, Max: 45, Diff: 45, Sum: 45, Workers: 4
[2926.543s][debug][gc,phases      ] GC(313)   StringDedup Table Weak         Min:  0.0, Avg:  0.0, Max:  0.0, Diff:  0.0, Sum:  0.0, Workers: 4
[2926.543s][debug][gc,phases      ] GC(313)     Dead                           Min: 0, Avg:  0.0, Max: 0, Diff: 0, Sum: 0, Workers: 4
[2926.543s][debug][gc,phases      ] GC(313)     Total                          Min: 0, Avg:  0.0, Max: 0, Diff: 0, Sum: 0, Workers: 4
[2926.543s][debug][gc,phases      ] GC(313)   StringDedup Requests0 Weak     Min:  0.0, Avg:  0.0, Max:  0.0, Diff:  0.0, Sum:  0.0, Workers: 4
[2926.543s][debug][gc,phases      ] GC(313)     Dead                           Min: 0, Avg:  0.0, Max: 0, Diff: 0, Sum: 0, Workers: 4
[2926.543s][debug][gc,phases      ] GC(313)     Total                          Min: 0, Avg:  0.0, Max: 0, Diff: 0, Sum: 0, Workers: 4
[2926.543s][debug][gc,phases      ] GC(313)   StringDedup Requests1 Weak     Min:  0.0, Avg:  0.0, Max:  0.0, Diff:  0.0, Sum:  0.0, Workers: 4
[2926.543s][debug][gc,phases      ] GC(313)     Dead                           Min: 0, Avg:  0.0, Max: 0, Diff: 0, Sum: 0, Workers: 4
[2926.543s][debug][gc,phases      ] GC(313)     Total                          Min: 0, Avg:  0.0, Max: 0, Diff: 0, Sum: 0, Workers: 4
[2926.543s][debug][gc,phases      ] GC(313)   Weak JFR Old Object Samples    Min:  0.0, Avg:  0.0, Max:  0.0, Diff:  0.0, Sum:  0.0, Workers: 4
[2926.543s][debug][gc,phases      ] GC(313)     Dead                           Min: 0, Avg:  0.0, Max: 0, Diff: 0, Sum: 0, Workers: 4
[2926.543s][debug][gc,phases      ] GC(313)     Total                          Min: 0, Avg:  0.0, Max: 0, Diff: 0, Sum: 0, Workers: 4
[2926.543s][debug][gc,phases      ] GC(313) Weak Processing 0.346ms
[2926.543s][debug][gc,age         ] GC(313) Desired survivor size 3670016 bytes, new threshold 15 (max threshold 15)
[2926.543s][info ][gc,heap        ] GC(313) PSYoungGen: 2091680K(2093568K)->2064K(2093568K) Eden: 2089984K(2089984K)->0K(2089984K) From: 1696K(3584K)->2064K(3584K)
[2926.543s][info ][gc,heap        ] GC(313) ParOldGen: 410290K(430080K)->410290K(430080K)
[2926.543s][info ][gc,metaspace   ] GC(313) Metaspace: 86218K(87232K)->86218K(87232K) NonClass: 73817K(74368K)->73817K(74368K) Class: 12401K(12864K)->12401K(12864K)
[2926.543s][info ][gc             ] GC(313) Pause Young (Allocation Failure) 2443M->402M(2464M) 4.245ms
[2926.543s][info ][gc,cpu         ] GC(313) User=0.01s Sys=0.00s Real=0.01s
[2926.544s][info ][safepoint      ] Safepoint "ParallelGCFailedAllocation", Time since last: 5644321257 ns, Reaching safepoint: 73400 ns, Cleanup: 28200 ns, At safepoint: 4323807 ns, Total: 4425407 ns
[2940.544s][info ][safepoint      ] Safepoint "Cleanup", Time since last: 14000847598 ns, Reaching safepoint: 4700 ns, Cleanup: 34000 ns, At safepoint: 3600 ns, Total: 42300 ns
[2951.189s][info ][gc,start       ] GC(314) Pause Young (Allocation Failure)
[2951.193s][debug][gc,phases      ] GC(314) Scavenge 4.526ms
[2951.193s][debug][gc,ref         ] GC(314) Skipped phase 1 of Reference Processing: no references
[2951.193s][debug][gc,ref         ] GC(314) ReferenceProcessor::execute queues: 1, RefProcThreadModel::Single, marks_oops_alive: false
[2951.193s][debug][gc,ref         ] GC(314) Skipped phase 3 of Reference Processing: no references
[2951.193s][debug][gc,ref         ] GC(314) Skipped phase 4 of Reference Processing: no references
[2951.193s][debug][gc,phases      ] GC(314) Reference Processing 0.092ms
[2951.194s][debug][gc,phases      ] GC(314)   VM Weak                        Min:  0.0, Avg:  0.0, Max:  0.0, Diff:  0.0, Sum:  0.0, Workers: 4
[2951.194s][debug][gc,phases      ] GC(314)     Dead                           Min: 0, Avg:  0.0, Max: 0, Diff: 0, Sum: 0, Workers: 4
[2951.194s][debug][gc,phases      ] GC(314)     Total                          Min: 0, Avg: 218.5, Max: 384, Diff: 384, Sum: 874, Workers: 4
[2951.194s][debug][gc,phases      ] GC(314)   ObjectSynchronizer Weak        Min:  0.0, Avg:  0.0, Max:  0.0, Diff:  0.0, Sum:  0.0, Workers: 4
[2951.194s][debug][gc,phases      ] GC(314)     Dead                           Min: 0, Avg:  0.0, Max: 0, Diff: 0, Sum: 0, Workers: 4
[2951.194s][debug][gc,phases      ] GC(314)     Total                          Min: 0, Avg:  0.8, Max: 3, Diff: 3, Sum: 3, Workers: 4
[2951.194s][debug][gc,phases      ] GC(314)   JVMTI Tag Weak OopStorage      Min:  0.0, Avg:  0.0, Max:  0.0, Diff:  0.0, Sum:  0.0, Workers: 4
[2951.194s][debug][gc,phases      ] GC(314)     Dead                           Min: 0, Avg:  0.0, Max: 0, Diff: 0, Sum: 0, Workers: 4
[2951.194s][debug][gc,phases      ] GC(314)     Total                          Min: 0, Avg:  0.0, Max: 0, Diff: 0, Sum: 0, Workers: 4
[2951.194s][debug][gc,phases      ] GC(314)   StringTable Weak               Min:  0.0, Avg:  0.1, Max:  0.1, Diff:  0.1, Sum:  0.4, Workers: 4
[2951.194s][debug][gc,phases      ] GC(314)     Dead                           Min: 0, Avg:  0.0, Max: 0, Diff: 0, Sum: 0, Workers: 4
[2951.194s][debug][gc,phases      ] GC(314)     Total                          Min: 0, Avg: 11241.8, Max: 19047, Diff: 19047, Sum: 44967, Workers: 4
[2951.194s][debug][gc,phases      ] GC(314)   ResolvedMethodTable Weak       Min:  0.0, Avg:  0.0, Max:  0.0, Diff:  0.0, Sum:  0.1, Workers: 4
[2951.194s][debug][gc,phases      ] GC(314)     Dead                           Min: 0, Avg:  0.0, Max: 0, Diff: 0, Sum: 0, Workers: 4
[2951.194s][debug][gc,phases      ] GC(314)     Total                          Min: 0, Avg: 2645.8, Max: 4695, Diff: 4695, Sum: 10583, Workers: 4
[2951.194s][debug][gc,phases      ] GC(314)   JNI Weak                       Min:  0.0, Avg:  0.0, Max:  0.0, Diff:  0.0, Sum:  0.0, Workers: 4
[2951.194s][debug][gc,phases      ] GC(314)     Dead                           Min: 0, Avg:  0.0, Max: 0, Diff: 0, Sum: 0, Workers: 4
[2951.194s][debug][gc,phases      ] GC(314)     Total                          Min: 0, Avg: 11.2, Max: 45, Diff: 45, Sum: 45, Workers: 4
[2951.194s][debug][gc,phases      ] GC(314)   StringDedup Table Weak         Min:  0.0, Avg:  0.0, Max:  0.0, Diff:  0.0, Sum:  0.0, Workers: 4
[2951.194s][debug][gc,phases      ] GC(314)     Dead                           Min: 0, Avg:  0.0, Max: 0, Diff: 0, Sum: 0, Workers: 4
[2951.194s][debug][gc,phases      ] GC(314)     Total                          Min: 0, Avg:  0.0, Max: 0, Diff: 0, Sum: 0, Workers: 4
[2951.194s][debug][gc,phases      ] GC(314)   StringDedup Requests0 Weak     Min:  0.0, Avg:  0.0, Max:  0.0, Diff:  0.0, Sum:  0.0, Workers: 4
[2951.194s][debug][gc,phases      ] GC(314)     Dead                           Min: 0, Avg:  0.0, Max: 0, Diff: 0, Sum: 0, Workers: 4
[2951.194s][debug][gc,phases      ] GC(314)     Total                          Min: 0, Avg:  0.0, Max: 0, Diff: 0, Sum: 0, Workers: 4
[2951.194s][debug][gc,phases      ] GC(314)   StringDedup Requests1 Weak     Min:  0.0, Avg:  0.0, Max:  0.0, Diff:  0.0, Sum:  0.0, Workers: 4
[2951.194s][debug][gc,phases      ] GC(314)     Dead                           Min: 0, Avg:  0.0, Max: 0, Diff: 0, Sum: 0, Workers: 4
[2951.194s][debug][gc,phases      ] GC(314)     Total                          Min: 0, Avg:  0.0, Max: 0, Diff: 0, Sum: 0, Workers: 4
[2951.194s][debug][gc,phases      ] GC(314)   Weak JFR Old Object Samples    Min:  0.0, Avg:  0.0, Max:  0.0, Diff:  0.0, Sum:  0.0, Workers: 4
[2951.194s][debug][gc,phases      ] GC(314)     Dead                           Min: 0, Avg:  0.0, Max: 0, Diff: 0, Sum: 0, Workers: 4
[2951.194s][debug][gc,phases      ] GC(314)     Total                          Min: 0, Avg:  0.0, Max: 0, Diff: 0, Sum: 0, Workers: 4
[2951.194s][debug][gc,phases      ] GC(314) Weak Processing 0.334ms
[2951.194s][debug][gc,age         ] GC(314) Desired survivor size 3670016 bytes, new threshold 15 (max threshold 15)
[2951.194s][info ][gc,heap        ] GC(314) PSYoungGen: 2092048K(2093568K)->1984K(2093568K) Eden: 2089984K(2089984K)->0K(2089984K) From: 2064K(3584K)->1984K(3584K)
[2951.194s][info ][gc,heap        ] GC(314) ParOldGen: 410290K(430080K)->410322K(430080K)
[2951.194s][info ][gc,metaspace   ] GC(314) Metaspace: 86218K(87232K)->86218K(87232K) NonClass: 73817K(74368K)->73817K(74368K) Class: 12401K(12864K)->12401K(12864K)
[2951.194s][info ][gc             ] GC(314) Pause Young (Allocation Failure) 2443M->402M(2464M) 5.047ms
[2951.194s][info ][gc,cpu         ] GC(314) User=0.01s Sys=0.00s Real=0.01s
[2951.194s][info ][safepoint      ] Safepoint "ParallelGCFailedAllocation", Time since last: 10644169948 ns, Reaching safepoint: 4600 ns, Cleanup: 24300 ns, At safepoint: 5137108 ns, Total: 5166008 ns
[2967.195s][info ][safepoint      ] Safepoint "Cleanup", Time since last: 16000862265 ns, Reaching safepoint: 5300 ns, Cleanup: 52500 ns, At safepoint: 5700 ns, Total: 63500 ns
[2978.187s][info ][gc,start       ] GC(315) Pause Young (Allocation Failure)
[2978.190s][debug][gc,phases      ] GC(315) Scavenge 2.719ms
[2978.190s][debug][gc,ref         ] GC(315) Skipped phase 1 of Reference Processing: no references
[2978.190s][debug][gc,ref         ] GC(315) ReferenceProcessor::execute queues: 1, RefProcThreadModel::Single, marks_oops_alive: false
[2978.190s][debug][gc,ref         ] GC(315) ReferenceProcessor::execute queues: 4, RefProcThreadModel::Multi, marks_oops_alive: true
[2978.190s][debug][gc,ref         ] GC(315) ReferenceProcessor::execute queues: 1, RefProcThreadModel::Single, marks_oops_alive: false
[2978.190s][debug][gc,phases      ] GC(315) Reference Processing 0.172ms
[2978.190s][debug][gc,phases      ] GC(315)   VM Weak                        Min:  0.0, Avg:  0.0, Max:  0.0, Diff:  0.0, Sum:  0.0, Workers: 4
[2978.190s][debug][gc,phases      ] GC(315)     Dead                           Min: 0, Avg:  0.0, Max: 0, Diff: 0, Sum: 0, Workers: 4
[2978.190s][debug][gc,phases      ] GC(315)     Total                          Min: 0, Avg: 218.5, Max: 448, Diff: 448, Sum: 874, Workers: 4
[2978.190s][debug][gc,phases      ] GC(315)   ObjectSynchronizer Weak        Min:  0.0, Avg:  0.0, Max:  0.0, Diff:  0.0, Sum:  0.0, Workers: 4
[2978.190s][debug][gc,phases      ] GC(315)     Dead                           Min: 0, Avg:  0.0, Max: 0, Diff: 0, Sum: 0, Workers: 4
[2978.190s][debug][gc,phases      ] GC(315)     Total                          Min: 0, Avg:  1.0, Max: 4, Diff: 4, Sum: 4, Workers: 4
[2978.190s][debug][gc,phases      ] GC(315)   JVMTI Tag Weak OopStorage      Min:  0.0, Avg:  0.0, Max:  0.0, Diff:  0.0, Sum:  0.0, Workers: 4
[2978.190s][debug][gc,phases      ] GC(315)     Dead                           Min: 0, Avg:  0.0, Max: 0, Diff: 0, Sum: 0, Workers: 4
[2978.190s][debug][gc,phases      ] GC(315)     Total                          Min: 0, Avg:  0.0, Max: 0, Diff: 0, Sum: 0, Workers: 4
[2978.190s][debug][gc,phases      ] GC(315)   StringTable Weak               Min:  0.1, Avg:  0.1, Max:  0.1, Diff:  0.0, Sum:  0.4, Workers: 4
[2978.190s][debug][gc,phases      ] GC(315)     Dead                           Min: 0, Avg:  0.0, Max: 0, Diff: 0, Sum: 0, Workers: 4
[2978.190s][debug][gc,phases      ] GC(315)     Total                          Min: 10240, Avg: 11242.8, Max: 11839, Diff: 1599, Sum: 44971, Workers: 4
[2978.190s][debug][gc,phases      ] GC(315)   ResolvedMethodTable Weak       Min:  0.0, Avg:  0.0, Max:  0.0, Diff:  0.0, Sum:  0.1, Workers: 4
[2978.190s][debug][gc,phases      ] GC(315)     Dead                           Min: 0, Avg:  0.0, Max: 0, Diff: 0, Sum: 0, Workers: 4
[2978.190s][debug][gc,phases      ] GC(315)     Total                          Min: 2176, Avg: 2646.2, Max: 2969, Diff: 793, Sum: 10585, Workers: 4
[2978.190s][debug][gc,phases      ] GC(315)   JNI Weak                       Min:  0.0, Avg:  0.0, Max:  0.0, Diff:  0.0, Sum:  0.0, Workers: 4
[2978.190s][debug][gc,phases      ] GC(315)     Dead                           Min: 0, Avg:  0.0, Max: 0, Diff: 0, Sum: 0, Workers: 4
[2978.190s][debug][gc,phases      ] GC(315)     Total                          Min: 0, Avg: 11.2, Max: 45, Diff: 45, Sum: 45, Workers: 4
[2978.190s][debug][gc,phases      ] GC(315)   StringDedup Table Weak         Min:  0.0, Avg:  0.0, Max:  0.0, Diff:  0.0, Sum:  0.0, Workers: 4
[2978.190s][debug][gc,phases      ] GC(315)     Dead                           Min: 0, Avg:  0.0, Max: 0, Diff: 0, Sum: 0, Workers: 4
[2978.190s][debug][gc,phases      ] GC(315)     Total                          Min: 0, Avg:  0.0, Max: 0, Diff: 0, Sum: 0, Workers: 4
[2978.190s][debug][gc,phases      ] GC(315)   StringDedup Requests0 Weak     Min:  0.0, Avg:  0.0, Max:  0.0, Diff:  0.0, Sum:  0.0, Workers: 4
[2978.190s][debug][gc,phases      ] GC(315)     Dead                           Min: 0, Avg:  0.0, Max: 0, Diff: 0, Sum: 0, Workers: 4
[2978.190s][debug][gc,phases      ] GC(315)     Total                          Min: 0, Avg:  0.0, Max: 0, Diff: 0, Sum: 0, Workers: 4
[2978.190s][debug][gc,phases      ] GC(315)   StringDedup Requests1 Weak     Min:  0.0, Avg:  0.0, Max:  0.0, Diff:  0.0, Sum:  0.0, Workers: 4
[2978.190s][debug][gc,phases      ] GC(315)     Dead                           Min: 0, Avg:  0.0, Max: 0, Diff: 0, Sum: 0, Workers: 4
[2978.190s][debug][gc,phases      ] GC(315)     Total                          Min: 0, Avg:  0.0, Max: 0, Diff: 0, Sum: 0, Workers: 4
[2978.190s][debug][gc,phases      ] GC(315)   Weak JFR Old Object Samples    Min:  0.0, Avg:  0.0, Max:  0.0, Diff:  0.0, Sum:  0.0, Workers: 4
[2978.190s][debug][gc,phases      ] GC(315)     Dead                           Min: 0, Avg:  0.0, Max: 0, Diff: 0, Sum: 0, Workers: 4
[2978.190s][debug][gc,phases      ] GC(315)     Total                          Min: 0, Avg:  0.0, Max: 0, Diff: 0, Sum: 0, Workers: 4
[2978.190s][debug][gc,phases      ] GC(315) Weak Processing 0.300ms
[2978.190s][debug][gc,age         ] GC(315) Desired survivor size 3145728 bytes, new threshold 15 (max threshold 15)
[2978.190s][info ][gc,heap        ] GC(315) PSYoungGen: 2091968K(2093568K)->1872K(2093568K) Eden: 2089984K(2089984K)->0K(2089984K) From: 1984K(3584K)->1872K(3584K)
[2978.190s][info ][gc,heap        ] GC(315) ParOldGen: 410322K(430080K)->410346K(430080K)
[2978.190s][info ][gc,metaspace   ] GC(315) Metaspace: 86241K(87232K)->86241K(87232K) NonClass: 73839K(74368K)->73839K(74368K) Class: 12402K(12864K)->12402K(12864K)
[2978.190s][info ][gc             ] GC(315) Pause Young (Allocation Failure) 2443M->402M(2464M) 3.296ms
[2978.190s][info ][gc,cpu         ] GC(315) User=0.01s Sys=0.00s Real=0.00s
[2978.190s][info ][safepoint      ] Safepoint "ParallelGCFailedAllocation", Time since last: 10992154435 ns, Reaching safepoint: 4700 ns, Cleanup: 22900 ns, At safepoint: 3375005 ns, Total: 3402605 ns
[3010.139s][info ][gc,start       ] GC(316) Pause Young (Allocation Failure)
[3010.143s][debug][gc,phases      ] GC(316) Scavenge 4.120ms
[3010.143s][debug][gc,ref         ] GC(316) Skipped phase 1 of Reference Processing: no references
[3010.143s][debug][gc,ref         ] GC(316) Skipped phase 2 of Reference Processing: no references
[3010.143s][debug][gc,ref         ] GC(316) Skipped phase 3 of Reference Processing: no references
[3010.143s][debug][gc,ref         ] GC(316) Skipped phase 4 of Reference Processing: no references
[3010.143s][debug][gc,phases      ] GC(316) Reference Processing 0.020ms
[3010.143s][debug][gc,phases      ] GC(316)   VM Weak                        Min:  0.0, Avg:  0.0, Max:  0.0, Diff:  0.0, Sum:  0.0, Workers: 4
[3010.143s][debug][gc,phases      ] GC(316)     Dead                           Min: 0, Avg:  0.0, Max: 0, Diff: 0, Sum: 0, Workers: 4
[3010.143s][debug][gc,phases      ] GC(316)     Total                          Min: 0, Avg: 218.5, Max: 832, Diff: 832, Sum: 874, Workers: 4
[3010.143s][debug][gc,phases      ] GC(316)   ObjectSynchronizer Weak        Min:  0.0, Avg:  0.0, Max:  0.0, Diff:  0.0, Sum:  0.0, Workers: 4
[3010.143s][debug][gc,phases      ] GC(316)     Dead                           Min: 0, Avg:  0.0, Max: 0, Diff: 0, Sum: 0, Workers: 4
[3010.143s][debug][gc,phases      ] GC(316)     Total                          Min: 0, Avg:  0.8, Max: 3, Diff: 3, Sum: 3, Workers: 4
[3010.143s][debug][gc,phases      ] GC(316)   JVMTI Tag Weak OopStorage      Min:  0.0, Avg:  0.0, Max:  0.0, Diff:  0.0, Sum:  0.0, Workers: 4
[3010.143s][debug][gc,phases      ] GC(316)     Dead                           Min: 0, Avg:  0.0, Max: 0, Diff: 0, Sum: 0, Workers: 4
[3010.143s][debug][gc,phases      ] GC(316)     Total                          Min: 0, Avg:  0.0, Max: 0, Diff: 0, Sum: 0, Workers: 4
[3010.143s][debug][gc,phases      ] GC(316)   StringTable Weak               Min:  0.0, Avg:  0.1, Max:  0.1, Diff:  0.1, Sum:  0.4, Workers: 4
[3010.143s][debug][gc,phases      ] GC(316)     Dead                           Min: 0, Avg:  0.0, Max: 0, Diff: 0, Sum: 0, Workers: 4
[3010.143s][debug][gc,phases      ] GC(316)     Total                          Min: 0, Avg: 11242.8, Max: 19263, Diff: 19263, Sum: 44971, Workers: 4
[3010.143s][debug][gc,phases      ] GC(316)   ResolvedMethodTable Weak       Min:  0.0, Avg:  0.0, Max:  0.0, Diff:  0.0, Sum:  0.1, Workers: 4
[3010.144s][debug][gc,phases      ] GC(316)     Dead                           Min: 0, Avg:  0.0, Max: 0, Diff: 0, Sum: 0, Workers: 4
[3010.144s][debug][gc,phases      ] GC(316)     Total                          Min: 0, Avg: 2646.2, Max: 4697, Diff: 4697, Sum: 10585, Workers: 4
[3010.144s][debug][gc,phases      ] GC(316)   JNI Weak                       Min:  0.0, Avg:  0.0, Max:  0.0, Diff:  0.0, Sum:  0.0, Workers: 4
[3010.144s][debug][gc,phases      ] GC(316)     Dead                           Min: 0, Avg:  0.0, Max: 0, Diff: 0, Sum: 0, Workers: 4
[3010.144s][debug][gc,phases      ] GC(316)     Total                          Min: 0, Avg: 11.2, Max: 45, Diff: 45, Sum: 45, Workers: 4
[3010.144s][debug][gc,phases      ] GC(316)   StringDedup Table Weak         Min:  0.0, Avg:  0.0, Max:  0.0, Diff:  0.0, Sum:  0.0, Workers: 4
[3010.144s][debug][gc,phases      ] GC(316)     Dead                           Min: 0, Avg:  0.0, Max: 0, Diff: 0, Sum: 0, Workers: 4
[3010.144s][debug][gc,phases      ] GC(316)     Total                          Min: 0, Avg:  0.0, Max: 0, Diff: 0, Sum: 0, Workers: 4
[3010.144s][debug][gc,phases      ] GC(316)   StringDedup Requests0 Weak     Min:  0.0, Avg:  0.0, Max:  0.0, Diff:  0.0, Sum:  0.0, Workers: 4
[3010.144s][debug][gc,phases      ] GC(316)     Dead                           Min: 0, Avg:  0.0, Max: 0, Diff: 0, Sum: 0, Workers: 4
[3010.144s][debug][gc,phases      ] GC(316)     Total                          Min: 0, Avg:  0.0, Max: 0, Diff: 0, Sum: 0, Workers: 4
[3010.144s][debug][gc,phases      ] GC(316)   StringDedup Requests1 Weak     Min:  0.0, Avg:  0.0, Max:  0.0, Diff:  0.0, Sum:  0.0, Workers: 4
[3010.144s][debug][gc,phases      ] GC(316)     Dead                           Min: 0, Avg:  0.0, Max: 0, Diff: 0, Sum: 0, Workers: 4
[3010.144s][debug][gc,phases      ] GC(316)     Total                          Min: 0, Avg:  0.0, Max: 0, Diff: 0, Sum: 0, Workers: 4
[3010.144s][debug][gc,phases      ] GC(316)   Weak JFR Old Object Samples    Min:  0.0, Avg:  0.0, Max:  0.0, Diff:  0.0, Sum:  0.0, Workers: 4
[3010.144s][debug][gc,phases      ] GC(316)     Dead                           Min: 0, Avg:  0.0, Max: 0, Diff: 0, Sum: 0, Workers: 4
[3010.144s][debug][gc,phases      ] GC(316)     Total                          Min: 0, Avg:  0.0, Max: 0, Diff: 0, Sum: 0, Workers: 4
[3010.144s][debug][gc,phases      ] GC(316) Weak Processing 0.323ms
[3010.144s][debug][gc,age         ] GC(316) Desired survivor size 3145728 bytes, new threshold 15 (max threshold 15)
[3010.144s][info ][gc,heap        ] GC(316) PSYoungGen: 2091856K(2093568K)->1760K(2094080K) Eden: 2089984K(2089984K)->0K(2091008K) From: 1872K(3584K)->1760K(3072K)
[3010.144s][info ][gc,heap        ] GC(316) ParOldGen: 410346K(430080K)->410414K(430080K)
[3010.144s][info ][gc,metaspace   ] GC(316) Metaspace: 86241K(87232K)->86241K(87232K) NonClass: 73839K(74368K)->73839K(74368K) Class: 12402K(12864K)->12402K(12864K)
[3010.144s][info ][gc             ] GC(316) Pause Young (Allocation Failure) 2443M->402M(2465M) 4.579ms
[3010.144s][info ][gc,cpu         ] GC(316) User=0.01s Sys=0.00s Real=0.01s
[3010.144s][info ][safepoint      ] Safepoint "ParallelGCFailedAllocation", Time since last: 31948748657 ns, Reaching safepoint: 5300 ns, Cleanup: 28700 ns, At safepoint: 4638906 ns, Total: 4672906 ns
[3042.087s][info ][gc,start       ] GC(317) Pause Young (Allocation Failure)
[3042.091s][debug][gc,phases      ] GC(317) Scavenge 4.038ms
[3042.091s][debug][gc,ref         ] GC(317) Skipped phase 1 of Reference Processing: no references
[3042.091s][debug][gc,ref         ] GC(317) Skipped phase 2 of Reference Processing: no references
[3042.091s][debug][gc,ref         ] GC(317) Skipped phase 3 of Reference Processing: no references
[3042.091s][debug][gc,ref         ] GC(317) ReferenceProcessor::execute queues: 1, RefProcThreadModel::Single, marks_oops_alive: false
[3042.091s][debug][gc,phases      ] GC(317) Reference Processing 0.089ms
[3042.091s][debug][gc,phases      ] GC(317)   VM Weak                        Min:  0.0, Avg:  0.0, Max:  0.0, Diff:  0.0, Sum:  0.0, Workers: 4
[3042.091s][debug][gc,phases      ] GC(317)     Dead                           Min: 0, Avg:  0.0, Max: 0, Diff: 0, Sum: 0, Workers: 4
[3042.091s][debug][gc,phases      ] GC(317)     Total                          Min: 0, Avg: 218.5, Max: 512, Diff: 512, Sum: 874, Workers: 4
[3042.091s][debug][gc,phases      ] GC(317)   ObjectSynchronizer Weak        Min:  0.0, Avg:  0.0, Max:  0.0, Diff:  0.0, Sum:  0.0, Workers: 4
[3042.091s][debug][gc,phases      ] GC(317)     Dead                           Min: 0, Avg:  0.0, Max: 0, Diff: 0, Sum: 0, Workers: 4
[3042.091s][debug][gc,phases      ] GC(317)     Total                          Min: 0, Avg:  0.8, Max: 3, Diff: 3, Sum: 3, Workers: 4
[3042.091s][debug][gc,phases      ] GC(317)   JVMTI Tag Weak OopStorage      Min:  0.0, Avg:  0.0, Max:  0.0, Diff:  0.0, Sum:  0.0, Workers: 4
[3042.091s][debug][gc,phases      ] GC(317)     Dead                           Min: 0, Avg:  0.0, Max: 0, Diff: 0, Sum: 0, Workers: 4
[3042.091s][debug][gc,phases      ] GC(317)     Total                          Min: 0, Avg:  0.0, Max: 0, Diff: 0, Sum: 0, Workers: 4
[3042.091s][debug][gc,phases      ] GC(317)   StringTable Weak               Min:  0.0, Avg:  0.1, Max:  0.1, Diff:  0.1, Sum:  0.4, Workers: 4
[3042.091s][debug][gc,phases      ] GC(317)     Dead                           Min: 0, Avg:  0.0, Max: 0, Diff: 0, Sum: 0, Workers: 4
[3042.091s][debug][gc,phases      ] GC(317)     Total                          Min: 0, Avg: 11243.0, Max: 19519, Diff: 19519, Sum: 44972, Workers: 4
[3042.091s][debug][gc,phases      ] GC(317)   ResolvedMethodTable Weak       Min:  0.0, Avg:  0.0, Max:  0.0, Diff:  0.0, Sum:  0.1, Workers: 4
[3042.091s][debug][gc,phases      ] GC(317)     Dead                           Min: 0, Avg:  0.0, Max: 0, Diff: 0, Sum: 0, Workers: 4
[3042.091s][debug][gc,phases      ] GC(317)     Total                          Min: 0, Avg: 2646.2, Max: 3968, Diff: 3968, Sum: 10585, Workers: 4
[3042.091s][debug][gc,phases      ] GC(317)   JNI Weak                       Min:  0.0, Avg:  0.0, Max:  0.0, Diff:  0.0, Sum:  0.0, Workers: 4
[3042.091s][debug][gc,phases      ] GC(317)     Dead                           Min: 0, Avg:  0.0, Max: 0, Diff: 0, Sum: 0, Workers: 4
[3042.091s][debug][gc,phases      ] GC(317)     Total                          Min: 0, Avg: 11.2, Max: 45, Diff: 45, Sum: 45, Workers: 4
[3042.091s][debug][gc,phases      ] GC(317)   StringDedup Table Weak         Min:  0.0, Avg:  0.0, Max:  0.0, Diff:  0.0, Sum:  0.0, Workers: 4
[3042.091s][debug][gc,phases      ] GC(317)     Dead                           Min: 0, Avg:  0.0, Max: 0, Diff: 0, Sum: 0, Workers: 4
[3042.091s][debug][gc,phases      ] GC(317)     Total                          Min: 0, Avg:  0.0, Max: 0, Diff: 0, Sum: 0, Workers: 4
[3042.091s][debug][gc,phases      ] GC(317)   StringDedup Requests0 Weak     Min:  0.0, Avg:  0.0, Max:  0.0, Diff:  0.0, Sum:  0.0, Workers: 4
[3042.091s][debug][gc,phases      ] GC(317)     Dead                           Min: 0, Avg:  0.0, Max: 0, Diff: 0, Sum: 0, Workers: 4
[3042.091s][debug][gc,phases      ] GC(317)     Total                          Min: 0, Avg:  0.0, Max: 0, Diff: 0, Sum: 0, Workers: 4
[3042.091s][debug][gc,phases      ] GC(317)   StringDedup Requests1 Weak     Min:  0.0, Avg:  0.0, Max:  0.0, Diff:  0.0, Sum:  0.0, Workers: 4
[3042.091s][debug][gc,phases      ] GC(317)     Dead                           Min: 0, Avg:  0.0, Max: 0, Diff: 0, Sum: 0, Workers: 4
[3042.091s][debug][gc,phases      ] GC(317)     Total                          Min: 0, Avg:  0.0, Max: 0, Diff: 0, Sum: 0, Workers: 4
[3042.091s][debug][gc,phases      ] GC(317)   Weak JFR Old Object Samples    Min:  0.0, Avg:  0.0, Max:  0.0, Diff:  0.0, Sum:  0.0, Workers: 4
[3042.091s][debug][gc,phases      ] GC(317)     Dead                           Min: 0, Avg:  0.0, Max: 0, Diff: 0, Sum: 0, Workers: 4
[3042.091s][debug][gc,phases      ] GC(317)     Total                          Min: 0, Avg:  0.0, Max: 0, Diff: 0, Sum: 0, Workers: 4
[3042.091s][debug][gc,phases      ] GC(317) Weak Processing 0.329ms
[3042.091s][debug][gc,age         ] GC(317) Desired survivor size 3145728 bytes, new threshold 15 (max threshold 15)
[3042.091s][info ][gc,heap        ] GC(317) PSYoungGen: 2092768K(2094080K)->1760K(2094080K) Eden: 2091008K(2091008K)->0K(2091008K) From: 1760K(3072K)->1760K(3072K)
[3042.091s][info ][gc,heap        ] GC(317) ParOldGen: 410414K(430080K)->410446K(430080K)
[3042.091s][info ][gc,metaspace   ] GC(317) Metaspace: 86269K(87296K)->86269K(87296K) NonClass: 73867K(74432K)->73867K(74432K) Class: 12402K(12864K)->12402K(12864K)
[3042.091s][info ][gc             ] GC(317) Pause Young (Allocation Failure) 2444M->402M(2465M) 4.557ms
[3042.092s][info ][gc,cpu         ] GC(317) User=0.01s Sys=0.00s Real=0.00s
[3042.092s][info ][safepoint      ] Safepoint "ParallelGCFailedAllocation", Time since last: 31943238390 ns, Reaching safepoint: 11900 ns, Cleanup: 20600 ns, At safepoint: 4622306 ns, Total: 4654806 ns
[3072.094s][info ][safepoint      ] Safepoint "Cleanup", Time since last: 30001916695 ns, Reaching safepoint: 4400 ns, Cleanup: 37100 ns, At safepoint: 23700 ns, Total: 65200 ns
[3074.087s][info ][gc,start       ] GC(318) Pause Young (Allocation Failure)
[3074.090s][debug][gc,phases      ] GC(318) Scavenge 2.605ms
[3074.090s][debug][gc,ref         ] GC(318) Skipped phase 1 of Reference Processing: no references
[3074.090s][debug][gc,ref         ] GC(318) Skipped phase 2 of Reference Processing: no references
[3074.090s][debug][gc,ref         ] GC(318) Skipped phase 3 of Reference Processing: no references
[3074.090s][debug][gc,ref         ] GC(318) Skipped phase 4 of Reference Processing: no references
[3074.090s][debug][gc,phases      ] GC(318) Reference Processing 0.021ms
[3074.090s][debug][gc,phases      ] GC(318)   VM Weak                        Min:  0.0, Avg:  0.0, Max:  0.0, Diff:  0.0, Sum:  0.0, Workers: 4
[3074.090s][debug][gc,phases      ] GC(318)     Dead                           Min: 0, Avg:  0.0, Max: 0, Diff: 0, Sum: 0, Workers: 4
[3074.090s][debug][gc,phases      ] GC(318)     Total                          Min: 0, Avg: 218.5, Max: 448, Diff: 448, Sum: 874, Workers: 4
[3074.090s][debug][gc,phases      ] GC(318)   ObjectSynchronizer Weak        Min:  0.0, Avg:  0.0, Max:  0.0, Diff:  0.0, Sum:  0.0, Workers: 4
[3074.090s][debug][gc,phases      ] GC(318)     Dead                           Min: 0, Avg:  0.0, Max: 0, Diff: 0, Sum: 0, Workers: 4
[3074.090s][debug][gc,phases      ] GC(318)     Total                          Min: 0, Avg:  1.2, Max: 5, Diff: 5, Sum: 5, Workers: 4
[3074.090s][debug][gc,phases      ] GC(318)   JVMTI Tag Weak OopStorage      Min:  0.0, Avg:  0.0, Max:  0.0, Diff:  0.0, Sum:  0.0, Workers: 4
[3074.090s][debug][gc,phases      ] GC(318)     Dead                           Min: 0, Avg:  0.0, Max: 0, Diff: 0, Sum: 0, Workers: 4
