[0.003s][info][gc] Using Parallel
[0.004s][info][gc,init] Version: 17.0.7+7-LTS (release)
[0.004s][info][gc,init] CPUs: 4 total, 4 available
[0.004s][info][gc,init] Memory: 15991M
[0.004s][info][gc,init] Large Page Support: Disabled
[0.004s][info][gc,init] NUMA Support: Disabled
[0.004s][info][gc,init] Compressed Oops: Enabled (Zero based)
[0.004s][info][gc,init] Alignments: Space 512K, Generation 512K, Heap 2M
[0.004s][info][gc,init] Heap Min Capacity: 2054M
[0.004s][info][gc,init] Heap Initial Capacity: 2054M
[0.004s][info][gc,init] Heap Max Capacity: 3G
[0.004s][info][gc,init] Pre-touch: Disabled
[0.004s][info][gc,init] Parallel Workers: 4
[0.004s][info][gc,metaspace] CDS archive(s) mapped at: [0x0000000800000000-0x0000000800be1000-0x0000000800be1000), size 12455936, SharedBaseAddress: 0x0000000800000000, ArchiveRelocationMode: 0.
[0.004s][info][gc,metaspace] Compressed class space mapped at: 0x0000000801000000-0x0000000841000000, reserved size: 1073741824
[0.004s][info][gc,metaspace] Narrow klass base: 0x0000000800000000, Narrow klass shift: 0, Narrow klass range: 0x100000000
[0.880s][info][safepoint   ] Safepoint "ICBufferFull", Time since last: 869624759 ns, Reaching safepoint: 174001 ns, At safepoint: 3200 ns, Total: 177201 ns
[1.365s][info][safepoint   ] Safepoint "ICBufferFull", Time since last: 484741901 ns, Reaching safepoint: 383403 ns, At safepoint: 10900 ns, Total: 394303 ns
[1.875s][info][gc,start    ] GC(0) Pause Young (Metadata GC Threshold)
[1.890s][debug][gc,phases   ] GC(0) Scavenge 14.590ms
[1.890s][debug][gc,ref      ] GC(0) Skipped phase 1 of Reference Processing: no references
[1.890s][debug][gc,ref      ] GC(0) ReferenceProcessor::execute queues: 2, RefProcThreadModel::Multi, marks_oops_alive: false
[1.890s][debug][gc,ref      ] GC(0) Skipped phase 3 of Reference Processing: no references
[1.890s][debug][gc,ref      ] GC(0) ReferenceProcessor::execute queues: 1, RefProcThreadModel::Single, marks_oops_alive: false
[1.890s][debug][gc,phases   ] GC(0) Reference Processing 0.290ms
[1.890s][debug][gc,phases   ] GC(0)   VM Weak                        Min:  0.0, Avg:  0.0, Max:  0.0, Diff:  0.0, Sum:  0.0, Workers: 4
[1.890s][debug][gc,phases   ] GC(0)     Dead                           Min: 0, Avg:  0.0, Max: 0, Diff: 0, Sum: 0, Workers: 4
[1.890s][debug][gc,phases   ] GC(0)     Total                          Min: 0, Avg: 57.8, Max: 167, Diff: 167, Sum: 231, Workers: 4
[1.890s][debug][gc,phases   ] GC(0)   ObjectSynchronizer Weak        Min:  0.0, Avg:  0.0, Max:  0.0, Diff:  0.0, Sum:  0.0, Workers: 4
[1.890s][debug][gc,phases   ] GC(0)     Dead                           Min: 0, Avg:  0.5, Max: 2, Diff: 2, Sum: 2, Workers: 4
[1.890s][debug][gc,phases   ] GC(0)     Total                          Min: 0, Avg:  1.8, Max: 7, Diff: 7, Sum: 7, Workers: 4
[1.890s][debug][gc,phases   ] GC(0)   JVMTI Tag Weak OopStorage      Min:  0.0, Avg:  0.0, Max:  0.0, Diff:  0.0, Sum:  0.0, Workers: 4
[1.890s][debug][gc,phases   ] GC(0)     Dead                           Min: 0, Avg:  0.0, Max: 0, Diff: 0, Sum: 0, Workers: 4
[1.890s][debug][gc,phases   ] GC(0)     Total                          Min: 0, Avg:  0.0, Max: 0, Diff: 0, Sum: 0, Workers: 4
[1.890s][debug][gc,phases   ] GC(0)   StringTable Weak               Min:  0.0, Avg:  0.1, Max:  0.1, Diff:  0.1, Sum:  0.2, Workers: 4
[1.890s][debug][gc,phases   ] GC(0)     Dead                           Min: 0, Avg:  6.5, Max: 15, Diff: 15, Sum: 26, Workers: 4
[1.890s][debug][gc,phases   ] GC(0)     Total                          Min: 0, Avg: 3282.2, Max: 7945, Diff: 7945, Sum: 13129, Workers: 4
[1.890s][debug][gc,phases   ] GC(0)   ResolvedMethodTable Weak       Min:  0.0, Avg:  0.0, Max:  0.0, Diff:  0.0, Sum:  0.0, Workers: 4
[1.890s][debug][gc,phases   ] GC(0)     Dead                           Min: 0, Avg: 18.5, Max: 47, Diff: 47, Sum: 74, Workers: 4
[1.890s][debug][gc,phases   ] GC(0)     Total                          Min: 0, Avg: 317.2, Max: 768, Diff: 768, Sum: 1269, Workers: 4
[1.890s][debug][gc,phases   ] GC(0)   JNI Weak                       Min:  0.0, Avg:  0.0, Max:  0.0, Diff:  0.0, Sum:  0.0, Workers: 4
[1.890s][debug][gc,phases   ] GC(0)     Dead                           Min: 0, Avg:  0.0, Max: 0, Diff: 0, Sum: 0, Workers: 4
[1.890s][debug][gc,phases   ] GC(0)     Total                          Min: 0, Avg: 11.2, Max: 45, Diff: 45, Sum: 45, Workers: 4
[1.890s][debug][gc,phases   ] GC(0)   StringDedup Table Weak         Min:  0.0, Avg:  0.0, Max:  0.0, Diff:  0.0, Sum:  0.0, Workers: 4
[1.890s][debug][gc,phases   ] GC(0)     Dead                           Min: 0, Avg:  0.0, Max: 0, Diff: 0, Sum: 0, Workers: 4
[1.890s][debug][gc,phases   ] GC(0)     Total                          Min: 0, Avg:  0.0, Max: 0, Diff: 0, Sum: 0, Workers: 4
[1.890s][debug][gc,phases   ] GC(0)   StringDedup Requests0 Weak     Min:  0.0, Avg:  0.0, Max:  0.0, Diff:  0.0, Sum:  0.0, Workers: 4
[1.890s][debug][gc,phases   ] GC(0)     Dead                           Min: 0, Avg:  0.0, Max: 0, Diff: 0, Sum: 0, Workers: 4
[1.890s][debug][gc,phases   ] GC(0)     Total                          Min: 0, Avg:  0.0, Max: 0, Diff: 0, Sum: 0, Workers: 4
[1.890s][debug][gc,phases   ] GC(0)   StringDedup Requests1 Weak     Min:  0.0, Avg:  0.0, Max:  0.0, Diff:  0.0, Sum:  0.0, Workers: 4
[1.890s][debug][gc,phases   ] GC(0)     Dead                           Min: 0, Avg:  0.0, Max: 0, Diff: 0, Sum: 0, Workers: 4
[1.890s][debug][gc,phases   ] GC(0)     Total                          Min: 0, Avg:  0.0, Max: 0, Diff: 0, Sum: 0, Workers: 4
[1.890s][debug][gc,phases   ] GC(0)   Weak JFR Old Object Samples    Min:  0.0, Avg:  0.0, Max:  0.0, Diff:  0.0, Sum:  0.0, Workers: 4
[1.890s][debug][gc,phases   ] GC(0)     Dead                           Min: 0, Avg:  0.0, Max: 0, Diff: 0, Sum: 0, Workers: 4
[1.890s][debug][gc,phases   ] GC(0)     Total                          Min: 0, Avg:  0.0, Max: 0, Diff: 0, Sum: 0, Workers: 4
[1.890s][debug][gc,phases   ] GC(0) Weak Processing 0.327ms
[1.890s][debug][gc,age      ] GC(0) Desired survivor size 536870912 bytes, new threshold 7 (max threshold 15)
[1.890s][info ][gc,heap     ] GC(0) PSYoungGen: 251673K(1572864K)->31587K(1572864K) Eden: 251673K(1048576K)->0K(1048576K) From: 0K(524288K)->31587K(524288K)
[1.890s][info ][gc,heap     ] GC(0) ParOldGen: 0K(6144K)->96K(6144K)
[1.890s][info ][gc,metaspace] GC(0) Metaspace: 21237K(21504K)->21237K(21504K) NonClass: 18745K(18880K)->18745K(18880K) Class: 2491K(2624K)->2491K(2624K)
[1.890s][info ][gc          ] GC(0) Pause Young (Metadata GC Threshold) 245M->30M(1542M) 15.551ms
[1.890s][info ][gc,cpu      ] GC(0) User=0.03s Sys=0.02s Real=0.01s
[1.890s][debug][gc,phases   ] GC(1) Pre Compact 0.011ms
[1.890s][info ][gc,start    ] GC(1) Pause Full (Metadata GC Threshold)
[1.890s][info ][gc,phases,start] GC(1) Marking Phase
[1.897s][debug][gc,phases      ] GC(1) Par Mark 6.334ms
[1.897s][debug][gc,ref         ] GC(1) Skipped phase 1 of Reference Processing: no references
[1.897s][debug][gc,ref         ] GC(1) ReferenceProcessor::execute queues: 3, RefProcThreadModel::Multi, marks_oops_alive: false
[1.897s][debug][gc,ref         ] GC(1) Skipped phase 3 of Reference Processing: no references
[1.897s][debug][gc,ref         ] GC(1) ReferenceProcessor::execute queues: 1, RefProcThreadModel::Single, marks_oops_alive: false
[1.897s][debug][gc,phases      ] GC(1) Reference Processing 0.129ms
[1.897s][debug][gc,phases      ] GC(1)   VM Weak                        Min:  0.0, Avg:  0.0, Max:  0.0, Diff:  0.0, Sum:  0.0, Workers: 4
[1.897s][debug][gc,phases      ] GC(1)     Dead                           Min: 0, Avg:  0.0, Max: 0, Diff: 0, Sum: 0, Workers: 4
[1.897s][debug][gc,phases      ] GC(1)     Total                          Min: 0, Avg: 57.8, Max: 231, Diff: 231, Sum: 231, Workers: 4
[1.897s][debug][gc,phases      ] GC(1)   ObjectSynchronizer Weak        Min:  0.0, Avg:  0.0, Max:  0.0, Diff:  0.0, Sum:  0.0, Workers: 4
[1.897s][debug][gc,phases      ] GC(1)     Dead                           Min: 0, Avg:  0.0, Max: 0, Diff: 0, Sum: 0, Workers: 4
[1.897s][debug][gc,phases      ] GC(1)     Total                          Min: 0, Avg:  1.8, Max: 7, Diff: 7, Sum: 7, Workers: 4
[1.897s][debug][gc,phases      ] GC(1)   JVMTI Tag Weak OopStorage      Min:  0.0, Avg:  0.0, Max:  0.0, Diff:  0.0, Sum:  0.0, Workers: 4
[1.897s][debug][gc,phases      ] GC(1)     Dead                           Min: 0, Avg:  0.0, Max: 0, Diff: 0, Sum: 0, Workers: 4
[1.897s][debug][gc,phases      ] GC(1)     Total                          Min: 0, Avg:  0.0, Max: 0, Diff: 0, Sum: 0, Workers: 4
[1.897s][debug][gc,phases      ] GC(1)   StringTable Weak               Min:  0.0, Avg:  0.0, Max:  0.0, Diff:  0.0, Sum:  0.1, Workers: 4
[1.897s][debug][gc,phases      ] GC(1)     Dead                           Min: 0, Avg:  0.0, Max: 0, Diff: 0, Sum: 0, Workers: 4
[1.897s][debug][gc,phases      ] GC(1)     Total                          Min: 0, Avg: 3282.2, Max: 5120, Diff: 5120, Sum: 13129, Workers: 4
[1.897s][debug][gc,phases      ] GC(1)   ResolvedMethodTable Weak       Min:  0.0, Avg:  0.0, Max:  0.0, Diff:  0.0, Sum:  0.0, Workers: 4
[1.897s][debug][gc,phases      ] GC(1)     Dead                           Min: 0, Avg:  0.0, Max: 0, Diff: 0, Sum: 0, Workers: 4
[1.897s][debug][gc,phases      ] GC(1)     Total                          Min: 0, Avg: 317.2, Max: 512, Diff: 512, Sum: 1269, Workers: 4
[1.897s][debug][gc,phases      ] GC(1)   JNI Weak                       Min:  0.0, Avg:  0.0, Max:  0.0, Diff:  0.0, Sum:  0.0, Workers: 4
[1.897s][debug][gc,phases      ] GC(1)     Dead                           Min: 0, Avg:  0.0, Max: 0, Diff: 0, Sum: 0, Workers: 4
[1.897s][debug][gc,phases      ] GC(1)     Total                          Min: 0, Avg: 11.2, Max: 45, Diff: 45, Sum: 45, Workers: 4
[1.897s][debug][gc,phases      ] GC(1)   StringDedup Table Weak         Min:  0.0, Avg:  0.0, Max:  0.0, Diff:  0.0, Sum:  0.0, Workers: 4
[1.897s][debug][gc,phases      ] GC(1)     Dead                           Min: 0, Avg:  0.0, Max: 0, Diff: 0, Sum: 0, Workers: 4
[1.897s][debug][gc,phases      ] GC(1)     Total                          Min: 0, Avg:  0.0, Max: 0, Diff: 0, Sum: 0, Workers: 4
[1.897s][debug][gc,phases      ] GC(1)   StringDedup Requests0 Weak     Min:  0.0, Avg:  0.0, Max:  0.0, Diff:  0.0, Sum:  0.0, Workers: 4
[1.897s][debug][gc,phases      ] GC(1)     Dead                           Min: 0, Avg:  0.0, Max: 0, Diff: 0, Sum: 0, Workers: 4
[1.897s][debug][gc,phases      ] GC(1)     Total                          Min: 0, Avg:  0.0, Max: 0, Diff: 0, Sum: 0, Workers: 4
[1.897s][debug][gc,phases      ] GC(1)   StringDedup Requests1 Weak     Min:  0.0, Avg:  0.0, Max:  0.0, Diff:  0.0, Sum:  0.0, Workers: 4
[1.897s][debug][gc,phases      ] GC(1)     Dead                           Min: 0, Avg:  0.0, Max: 0, Diff: 0, Sum: 0, Workers: 4
[1.897s][debug][gc,phases      ] GC(1)     Total                          Min: 0, Avg:  0.0, Max: 0, Diff: 0, Sum: 0, Workers: 4
[1.897s][debug][gc,phases      ] GC(1)   Weak JFR Old Object Samples    Min:  0.0, Avg:  0.0, Max:  0.0, Diff:  0.0, Sum:  0.0, Workers: 4
[1.897s][debug][gc,phases      ] GC(1)     Dead                           Min: 0, Avg:  0.0, Max: 0, Diff: 0, Sum: 0, Workers: 4
[1.897s][debug][gc,phases      ] GC(1)     Total                          Min: 0, Avg:  0.0, Max: 0, Diff: 0, Sum: 0, Workers: 4
[1.897s][debug][gc,phases      ] GC(1) Weak Processing 0.187ms
[1.897s][debug][gc,phases      ] GC(1) ClassLoaderData 0.008ms
[1.897s][debug][gc,phases      ] GC(1) Trigger cleanups 0.000ms
[1.900s][debug][gc,phases      ] GC(1) Class Unloading 2.767ms
[1.900s][info ][gc,phases      ] GC(1) Marking Phase 9.483ms
[1.900s][info ][gc,phases,start] GC(1) Summary Phase
[1.900s][info ][gc,phases      ] GC(1) Summary Phase 0.007ms
[1.900s][info ][gc,phases,start] GC(1) Adjust Roots
[1.904s][info ][gc,phases      ] GC(1) Adjust Roots 3.540ms
[1.904s][info ][gc,phases,start] GC(1) Compaction Phase
[1.924s][info ][gc,phases      ] GC(1) Compaction Phase 20.878ms
[1.924s][info ][gc,phases,start] GC(1) Post Compact
[1.926s][info ][gc,phases      ] GC(1) Post Compact 1.111ms
[1.926s][info ][gc,heap        ] GC(1) PSYoungGen: 31587K(1572864K)->25798K(1572864K) Eden: 0K(1048576K)->0K(1048576K) From: 31587K(524288K)->25798K(524288K)
[1.926s][info ][gc,heap        ] GC(1) ParOldGen: 96K(6144K)->5683K(6144K)
[1.926s][info ][gc,metaspace   ] GC(1) Metaspace: 21237K(21504K)->21237K(21504K) NonClass: 18745K(18880K)->18745K(18880K) Class: 2491K(2624K)->2491K(2624K)
[1.926s][info ][gc             ] GC(1) Pause Full (Metadata GC Threshold) 30M->30M(1542M) 35.149ms
[1.926s][info ][gc,cpu         ] GC(1) User=0.09s Sys=0.00s Real=0.04s
[1.926s][info ][safepoint      ] Safepoint "CollectForMetadataAllocation", Time since last: 509915487 ns, Reaching safepoint: 143601 ns, At safepoint: 50839578 ns, Total: 50983179 ns
[2.109s][info ][safepoint      ] Safepoint "ICBufferFull", Time since last: 183588963 ns, Reaching safepoint: 160102 ns, At safepoint: 5200 ns, Total: 165302 ns
[2.207s][info ][safepoint      ] Safepoint "ICBufferFull", Time since last: 97244222 ns, Reaching safepoint: 146501 ns, At safepoint: 2300 ns, Total: 148801 ns
[2.359s][info ][safepoint      ] Safepoint "ICBufferFull", Time since last: 151607726 ns, Reaching safepoint: 157501 ns, At safepoint: 6400 ns, Total: 163901 ns
[2.485s][info ][safepoint      ] Safepoint "ICBufferFull", Time since last: 126162837 ns, Reaching safepoint: 249002 ns, At safepoint: 12500 ns, Total: 261502 ns
[2.906s][info ][safepoint      ] Safepoint "ICBufferFull", Time since last: 421005127 ns, Reaching safepoint: 214202 ns, At safepoint: 5400 ns, Total: 219602 ns
[3.000s][info ][safepoint      ] Safepoint "ICBufferFull", Time since last: 94083099 ns, Reaching safepoint: 127401 ns, At safepoint: 2200 ns, Total: 129601 ns
[3.164s][info ][safepoint      ] Safepoint "ICBufferFull", Time since last: 163204012 ns, Reaching safepoint: 156601 ns, At safepoint: 8900 ns, Total: 165501 ns
[3.322s][info ][safepoint      ] Safepoint "ICBufferFull", Time since last: 157701672 ns, Reaching safepoint: 172801 ns, At safepoint: 6100 ns, Total: 178901 ns
[3.406s][info ][safepoint      ] Safepoint "ICBufferFull", Time since last: 83944624 ns, Reaching safepoint: 173301 ns, At safepoint: 5700 ns, Total: 179001 ns
[3.649s][info ][safepoint      ] Safepoint "ICBufferFull", Time since last: 243381808 ns, Reaching safepoint: 162301 ns, At safepoint: 8000 ns, Total: 170301 ns
[3.878s][info ][safepoint      ] Safepoint "ICBufferFull", Time since last: 228565498 ns, Reaching safepoint: 240101 ns, At safepoint: 6400 ns, Total: 246501 ns
[3.937s][info ][safepoint      ] Safepoint "ICBufferFull", Time since last: 58464935 ns, Reaching safepoint: 243101 ns, At safepoint: 4700 ns, Total: 247801 ns
[4.026s][info ][gc,start       ] GC(2) Pause Young (Metadata GC Threshold)
[4.076s][debug][gc,phases      ] GC(2) Scavenge 50.336ms
[4.076s][debug][gc,ref         ] GC(2) Skipped phase 1 of Reference Processing: no references
[4.076s][debug][gc,ref         ] GC(2) ReferenceProcessor::execute queues: 4, RefProcThreadModel::Multi, marks_oops_alive: false
[4.076s][debug][gc,ref         ] GC(2) Skipped phase 3 of Reference Processing: no references
[4.076s][debug][gc,ref         ] GC(2) ReferenceProcessor::execute queues: 2, RefProcThreadModel::Multi, marks_oops_alive: false
[4.076s][debug][gc,phases      ] GC(2) Reference Processing 0.471ms
[4.077s][debug][gc,phases      ] GC(2)   VM Weak                        Min:  0.0, Avg:  0.0, Max:  0.0, Diff:  0.0, Sum:  0.0, Workers: 4
[4.077s][debug][gc,phases      ] GC(2)     Dead                           Min: 0, Avg:  0.0, Max: 0, Diff: 0, Sum: 0, Workers: 4
[4.077s][debug][gc,phases      ] GC(2)     Total                          Min: 0, Avg: 91.5, Max: 192, Diff: 192, Sum: 366, Workers: 4
[4.077s][debug][gc,phases      ] GC(2)   ObjectSynchronizer Weak        Min:  0.0, Avg:  0.0, Max:  0.0, Diff:  0.0, Sum:  0.0, Workers: 4
[4.077s][debug][gc,phases      ] GC(2)     Dead                           Min: 0, Avg:  0.0, Max: 0, Diff: 0, Sum: 0, Workers: 4
[4.077s][debug][gc,phases      ] GC(2)     Total                          Min: 0, Avg:  1.8, Max: 7, Diff: 7, Sum: 7, Workers: 4
[4.077s][debug][gc,phases      ] GC(2)   JVMTI Tag Weak OopStorage      Min:  0.0, Avg:  0.0, Max:  0.0, Diff:  0.0, Sum:  0.0, Workers: 4
[4.077s][debug][gc,phases      ] GC(2)     Dead                           Min: 0, Avg:  0.0, Max: 0, Diff: 0, Sum: 0, Workers: 4
[4.077s][debug][gc,phases      ] GC(2)     Total                          Min: 0, Avg:  0.0, Max: 0, Diff: 0, Sum: 0, Workers: 4
[4.077s][debug][gc,phases      ] GC(2)   StringTable Weak               Min:  0.0, Avg:  0.2, Max:  0.2, Diff:  0.2, Sum:  0.7, Workers: 4
[4.077s][debug][gc,phases      ] GC(2)     Dead                           Min: 0, Avg:  2.2, Max: 4, Diff: 4, Sum: 9, Workers: 4
[4.077s][debug][gc,phases      ] GC(2)     Total                          Min: 0, Avg: 6554.2, Max: 9088, Diff: 9088, Sum: 26217, Workers: 4
[4.077s][debug][gc,phases      ] GC(2)   ResolvedMethodTable Weak       Min:  0.0, Avg:  0.0, Max:  0.0, Diff:  0.0, Sum:  0.1, Workers: 4
[4.077s][debug][gc,phases      ] GC(2)     Dead                           Min: 0, Avg: 14.2, Max: 38, Diff: 38, Sum: 57, Workers: 4
[4.077s][debug][gc,phases      ] GC(2)     Total                          Min: 0, Avg: 612.5, Max: 896, Diff: 896, Sum: 2450, Workers: 4
[4.077s][debug][gc,phases      ] GC(2)   JNI Weak                       Min:  0.0, Avg:  0.0, Max:  0.0, Diff:  0.0, Sum:  0.0, Workers: 4
[4.077s][debug][gc,phases      ] GC(2)     Dead                           Min: 0, Avg:  0.0, Max: 0, Diff: 0, Sum: 0, Workers: 4
[4.077s][debug][gc,phases      ] GC(2)     Total                          Min: 0, Avg: 12.0, Max: 48, Diff: 48, Sum: 48, Workers: 4
[4.077s][debug][gc,phases      ] GC(2)   StringDedup Table Weak         Min:  0.0, Avg:  0.0, Max:  0.0, Diff:  0.0, Sum:  0.0, Workers: 4
[4.077s][debug][gc,phases      ] GC(2)     Dead                           Min: 0, Avg:  0.0, Max: 0, Diff: 0, Sum: 0, Workers: 4
[4.077s][debug][gc,phases      ] GC(2)     Total                          Min: 0, Avg:  0.0, Max: 0, Diff: 0, Sum: 0, Workers: 4
[4.077s][debug][gc,phases      ] GC(2)   StringDedup Requests0 Weak     Min:  0.0, Avg:  0.0, Max:  0.0, Diff:  0.0, Sum:  0.0, Workers: 4
[4.077s][debug][gc,phases      ] GC(2)     Dead                           Min: 0, Avg:  0.0, Max: 0, Diff: 0, Sum: 0, Workers: 4
[4.077s][debug][gc,phases      ] GC(2)     Total                          Min: 0, Avg:  0.0, Max: 0, Diff: 0, Sum: 0, Workers: 4
[4.077s][debug][gc,phases      ] GC(2)   StringDedup Requests1 Weak     Min:  0.0, Avg:  0.0, Max:  0.0, Diff:  0.0, Sum:  0.0, Workers: 4
[4.077s][debug][gc,phases      ] GC(2)     Dead                           Min: 0, Avg:  0.0, Max: 0, Diff: 0, Sum: 0, Workers: 4
[4.077s][debug][gc,phases      ] GC(2)     Total                          Min: 0, Avg:  0.0, Max: 0, Diff: 0, Sum: 0, Workers: 4
[4.077s][debug][gc,phases      ] GC(2)   Weak JFR Old Object Samples    Min:  0.0, Avg:  0.0, Max:  0.0, Diff:  0.0, Sum:  0.0, Workers: 4
[4.077s][debug][gc,phases      ] GC(2)     Dead                           Min: 0, Avg:  0.0, Max: 0, Diff: 0, Sum: 0, Workers: 4
[4.077s][debug][gc,phases      ] GC(2)     Total                          Min: 0, Avg:  0.0, Max: 0, Diff: 0, Sum: 0, Workers: 4
[4.077s][debug][gc,phases      ] GC(2) Weak Processing 0.412ms
[4.077s][debug][gc,age         ] GC(2) Desired survivor size 536870912 bytes, new threshold 7 (max threshold 15)
[4.077s][info ][gc,heap        ] GC(2) PSYoungGen: 592060K(1572864K)->83826K(1572864K) Eden: 566262K(1048576K)->0K(1048576K) From: 25798K(524288K)->83826K(524288K)
[4.077s][info ][gc,heap        ] GC(2) ParOldGen: 5683K(6144K)->5691K(6144K)
[4.077s][info ][gc,metaspace   ] GC(2) Metaspace: 35359K(35840K)->35359K(35840K) NonClass: 30759K(30976K)->30759K(30976K) Class: 4599K(4864K)->4599K(4864K)
[4.077s][info ][gc             ] GC(2) Pause Young (Metadata GC Threshold) 583M->87M(1542M) 51.338ms
[4.077s][info ][gc,cpu         ] GC(2) User=0.15s Sys=0.01s Real=0.05s
[4.077s][debug][gc,phases      ] GC(3) Pre Compact 0.008ms
[4.077s][info ][gc,start       ] GC(3) Pause Full (Metadata GC Threshold)
[4.077s][info ][gc,phases,start] GC(3) Marking Phase
[4.113s][debug][gc,phases      ] GC(3) Par Mark 36.283ms
[4.113s][debug][gc,ref         ] GC(3) Skipped phase 1 of Reference Processing: no references
[4.113s][debug][gc,ref         ] GC(3) ReferenceProcessor::execute queues: 4, RefProcThreadModel::Multi, marks_oops_alive: false
[4.114s][debug][gc,ref         ] GC(3) Skipped phase 3 of Reference Processing: no references
[4.114s][debug][gc,ref         ] GC(3) ReferenceProcessor::execute queues: 1, RefProcThreadModel::Single, marks_oops_alive: false
[4.114s][debug][gc,phases      ] GC(3) Reference Processing 0.251ms
[4.114s][debug][gc,phases      ] GC(3)   VM Weak                        Min:  0.0, Avg:  0.0, Max:  0.0, Diff:  0.0, Sum:  0.0, Workers: 4
[4.114s][debug][gc,phases      ] GC(3)     Dead                           Min: 0, Avg:  0.0, Max: 0, Diff: 0, Sum: 0, Workers: 4
[4.114s][debug][gc,phases      ] GC(3)     Total                          Min: 0, Avg: 91.5, Max: 320, Diff: 320, Sum: 366, Workers: 4
[4.114s][debug][gc,phases      ] GC(3)   ObjectSynchronizer Weak        Min:  0.0, Avg:  0.0, Max:  0.0, Diff:  0.0, Sum:  0.0, Workers: 4
[4.114s][debug][gc,phases      ] GC(3)     Dead                           Min: 0, Avg:  0.0, Max: 0, Diff: 0, Sum: 0, Workers: 4
[4.114s][debug][gc,phases      ] GC(3)     Total                          Min: 0, Avg:  1.8, Max: 7, Diff: 7, Sum: 7, Workers: 4
[4.114s][debug][gc,phases      ] GC(3)   JVMTI Tag Weak OopStorage      Min:  0.0, Avg:  0.0, Max:  0.0, Diff:  0.0, Sum:  0.0, Workers: 4
[4.114s][debug][gc,phases      ] GC(3)     Dead                           Min: 0, Avg:  0.0, Max: 0, Diff: 0, Sum: 0, Workers: 4
[4.114s][debug][gc,phases      ] GC(3)     Total                          Min: 0, Avg:  0.0, Max: 0, Diff: 0, Sum: 0, Workers: 4
[4.114s][debug][gc,phases      ] GC(3)   StringTable Weak               Min:  0.1, Avg:  0.1, Max:  0.1, Diff:  0.0, Sum:  0.3, Workers: 4
[4.114s][debug][gc,phases      ] GC(3)     Dead                           Min: 0, Avg:  0.0, Max: 0, Diff: 0, Sum: 0, Workers: 4
[4.114s][debug][gc,phases      ] GC(3)     Total                          Min: 6144, Avg: 6554.2, Max: 7017, Diff: 873, Sum: 26217, Workers: 4
[4.114s][debug][gc,phases      ] GC(3)   ResolvedMethodTable Weak       Min:  0.0, Avg:  0.0, Max:  0.0, Diff:  0.0, Sum:  0.0, Workers: 4
[4.114s][debug][gc,phases      ] GC(3)     Dead                           Min: 0, Avg:  0.0, Max: 0, Diff: 0, Sum: 0, Workers: 4
[4.114s][debug][gc,phases      ] GC(3)     Total                          Min: 530, Avg: 612.5, Max: 704, Diff: 174, Sum: 2450, Workers: 4
[4.114s][debug][gc,phases      ] GC(3)   JNI Weak                       Min:  0.0, Avg:  0.0, Max:  0.0, Diff:  0.0, Sum:  0.0, Workers: 4
[4.114s][debug][gc,phases      ] GC(3)     Dead                           Min: 0, Avg:  0.0, Max: 0, Diff: 0, Sum: 0, Workers: 4
[4.114s][debug][gc,phases      ] GC(3)     Total                          Min: 0, Avg: 12.0, Max: 48, Diff: 48, Sum: 48, Workers: 4
[4.114s][debug][gc,phases      ] GC(3)   StringDedup Table Weak         Min:  0.0, Avg:  0.0, Max:  0.0, Diff:  0.0, Sum:  0.0, Workers: 4
[4.114s][debug][gc,phases      ] GC(3)     Dead                           Min: 0, Avg:  0.0, Max: 0, Diff: 0, Sum: 0, Workers: 4
[4.114s][debug][gc,phases      ] GC(3)     Total                          Min: 0, Avg:  0.0, Max: 0, Diff: 0, Sum: 0, Workers: 4
[4.114s][debug][gc,phases      ] GC(3)   StringDedup Requests0 Weak     Min:  0.0, Avg:  0.0, Max:  0.0, Diff:  0.0, Sum:  0.0, Workers: 4
[4.114s][debug][gc,phases      ] GC(3)     Dead                           Min: 0, Avg:  0.0, Max: 0, Diff: 0, Sum: 0, Workers: 4
[4.114s][debug][gc,phases      ] GC(3)     Total                          Min: 0, Avg:  0.0, Max: 0, Diff: 0, Sum: 0, Workers: 4
[4.114s][debug][gc,phases      ] GC(3)   StringDedup Requests1 Weak     Min:  0.0, Avg:  0.0, Max:  0.0, Diff:  0.0, Sum:  0.0, Workers: 4
[4.114s][debug][gc,phases      ] GC(3)     Dead                           Min: 0, Avg:  0.0, Max: 0, Diff: 0, Sum: 0, Workers: 4
[4.114s][debug][gc,phases      ] GC(3)     Total                          Min: 0, Avg:  0.0, Max: 0, Diff: 0, Sum: 0, Workers: 4
[4.114s][debug][gc,phases      ] GC(3)   Weak JFR Old Object Samples    Min:  0.0, Avg:  0.0, Max:  0.0, Diff:  0.0, Sum:  0.0, Workers: 4
[4.114s][debug][gc,phases      ] GC(3)     Dead                           Min: 0, Avg:  0.0, Max: 0, Diff: 0, Sum: 0, Workers: 4
[4.114s][debug][gc,phases      ] GC(3)     Total                          Min: 0, Avg:  0.0, Max: 0, Diff: 0, Sum: 0, Workers: 4
[4.114s][debug][gc,phases      ] GC(3) Weak Processing 0.238ms
[4.114s][debug][gc,phases      ] GC(3) ClassLoaderData 0.043ms
[4.114s][debug][gc,phases      ] GC(3) Trigger cleanups 0.001ms
[4.118s][debug][gc,phases      ] GC(3) Class Unloading 3.753ms
[4.118s][info ][gc,phases      ] GC(3) Marking Phase 40.642ms
[4.118s][info ][gc,phases,start] GC(3) Summary Phase
[4.118s][info ][gc,phases      ] GC(3) Summary Phase 0.005ms
[4.118s][info ][gc,phases,start] GC(3) Adjust Roots
[4.122s][info ][gc,phases      ] GC(3) Adjust Roots 4.260ms
[4.122s][info ][gc,phases,start] GC(3) Compaction Phase
[4.476s][info ][gc,phases      ] GC(3) Compaction Phase 354.243ms
[4.476s][info ][gc,phases,start] GC(3) Post Compact
[4.477s][info ][gc,phases      ] GC(3) Post Compact 0.903ms
[4.477s][info ][gc,heap        ] GC(3) PSYoungGen: 83826K(1572864K)->83141K(1572864K) Eden: 0K(1048576K)->0K(1048576K) From: 83826K(524288K)->83141K(524288K)
[4.477s][info ][gc,heap        ] GC(3) ParOldGen: 5691K(6144K)->6098K(6144K)
[4.477s][info ][gc,metaspace   ] GC(3) Metaspace: 35359K(35840K)->35359K(35840K) NonClass: 30759K(30976K)->30759K(30976K) Class: 4599K(4864K)->4599K(4864K)
[4.477s][info ][gc             ] GC(3) Pause Full (Metadata GC Threshold) 87M->87M(1542M) 400.152ms
[4.477s][info ][gc,cpu         ] GC(3) User=0.85s Sys=0.01s Real=0.40s
[4.477s][info ][safepoint      ] Safepoint "CollectForMetadataAllocation", Time since last: 88504858 ns, Reaching safepoint: 128701 ns, At safepoint: 451604254 ns, Total: 451732955 ns
[4.777s][info ][safepoint      ] Safepoint "ICBufferFull", Time since last: 299968728 ns, Reaching safepoint: 210602 ns, At safepoint: 3000 ns, Total: 213602 ns
[5.464s][info ][safepoint      ] Safepoint "ICBufferFull", Time since last: 685936995 ns, Reaching safepoint: 275102 ns, At safepoint: 5200 ns, Total: 280302 ns
[5.693s][info ][safepoint      ] Safepoint "ICBufferFull", Time since last: 228952600 ns, Reaching safepoint: 225802 ns, At safepoint: 6200 ns, Total: 232002 ns
[5.834s][info ][safepoint      ] Safepoint "ICBufferFull", Time since last: 139415936 ns, Reaching safepoint: 1997114 ns, At safepoint: 6301 ns, Total: 2003415 ns
[5.883s][info ][safepoint      ] Safepoint "ICBufferFull", Time since last: 48595760 ns, Reaching safepoint: 214702 ns, At safepoint: 6100 ns, Total: 220802 ns
[5.973s][info ][safepoint      ] Safepoint "ICBufferFull", Time since last: 90046169 ns, Reaching safepoint: 266102 ns, At safepoint: 6000 ns, Total: 272102 ns
[6.150s][info ][safepoint      ] Safepoint "ICBufferFull", Time since last: 176032091 ns, Reaching safepoint: 147801 ns, At safepoint: 7800 ns, Total: 155601 ns
[6.297s][info ][safepoint      ] Safepoint "ICBufferFull", Time since last: 147234551 ns, Reaching safepoint: 105701 ns, At safepoint: 3900 ns, Total: 109601 ns
[6.547s][info ][safepoint      ] Safepoint "ICBufferFull", Time since last: 249666483 ns, Reaching safepoint: 272802 ns, At safepoint: 10800 ns, Total: 283602 ns
[6.615s][info ][safepoint      ] Safepoint "CollectForMetadataAllocation", Time since last: 68520589 ns, Reaching safepoint: 73901 ns, At safepoint: 32100 ns, Total: 106001 ns
[6.620s][debug][gc,phases      ] GC(4) Pre Compact 0.022ms
[6.620s][info ][gc,start       ] GC(4) Pause Full (Ergonomics)
[6.620s][info ][gc,phases,start] GC(4) Marking Phase
[6.682s][debug][gc,phases      ] GC(4) Par Mark 62.377ms
[6.682s][debug][gc,ref         ] GC(4) Skipped phase 1 of Reference Processing: no references
[6.683s][debug][gc,ref         ] GC(4) ReferenceProcessor::execute queues: 4, RefProcThreadModel::Multi, marks_oops_alive: false
[6.683s][debug][gc,ref         ] GC(4) Skipped phase 3 of Reference Processing: no references
[6.683s][debug][gc,ref         ] GC(4) ReferenceProcessor::execute queues: 4, RefProcThreadModel::Multi, marks_oops_alive: false
[6.684s][debug][gc,phases      ] GC(4) Reference Processing 1.512ms
[6.684s][debug][gc,phases      ] GC(4)   VM Weak                        Min:  0.0, Avg:  0.0, Max:  0.0, Diff:  0.0, Sum:  0.0, Workers: 4
[6.684s][debug][gc,phases      ] GC(4)     Dead                           Min: 0, Avg:  0.0, Max: 0, Diff: 0, Sum: 0, Workers: 4
[6.684s][debug][gc,phases      ] GC(4)     Total                          Min: 0, Avg: 137.0, Max: 256, Diff: 256, Sum: 548, Workers: 4
[6.684s][debug][gc,phases      ] GC(4)   ObjectSynchronizer Weak        Min:  0.0, Avg:  0.0, Max:  0.0, Diff:  0.0, Sum:  0.0, Workers: 4
[6.684s][debug][gc,phases      ] GC(4)     Dead                           Min: 0, Avg:  0.0, Max: 0, Diff: 0, Sum: 0, Workers: 4
[6.684s][debug][gc,phases      ] GC(4)     Total                          Min: 0, Avg:  3.0, Max: 12, Diff: 12, Sum: 12, Workers: 4
[6.684s][debug][gc,phases      ] GC(4)   JVMTI Tag Weak OopStorage      Min:  0.0, Avg:  0.0, Max:  0.0, Diff:  0.0, Sum:  0.0, Workers: 4
[6.684s][debug][gc,phases      ] GC(4)     Dead                           Min: 0, Avg:  0.0, Max: 0, Diff: 0, Sum: 0, Workers: 4
[6.684s][debug][gc,phases      ] GC(4)     Total                          Min: 0, Avg:  0.0, Max: 0, Diff: 0, Sum: 0, Workers: 4
[6.684s][debug][gc,phases      ] GC(4)   StringTable Weak               Min:  0.0, Avg:  0.1, Max:  0.2, Diff:  0.2, Sum:  0.5, Workers: 4
[6.684s][debug][gc,phases      ] GC(4)     Dead                           Min: 0, Avg:  4.8, Max: 10, Diff: 10, Sum: 19, Workers: 4
[6.684s][debug][gc,phases      ] GC(4)     Total                          Min: 0, Avg: 9168.0, Max: 12352, Diff: 12352, Sum: 36672, Workers: 4
[6.684s][debug][gc,phases      ] GC(4)   ResolvedMethodTable Weak       Min:  0.0, Avg:  0.0, Max:  0.0, Diff:  0.0, Sum:  0.1, Workers: 4
[6.684s][debug][gc,phases      ] GC(4)     Dead                           Min: 0, Avg: 51.8, Max: 124, Diff: 124, Sum: 207, Workers: 4
[6.684s][debug][gc,phases      ] GC(4)     Total                          Min: 0, Avg: 1590.5, Max: 2368, Diff: 2368, Sum: 6362, Workers: 4
[6.684s][debug][gc,phases      ] GC(4)   JNI Weak                       Min:  0.0, Avg:  0.0, Max:  0.0, Diff:  0.0, Sum:  0.0, Workers: 4
[6.684s][debug][gc,phases      ] GC(4)     Dead                           Min: 0, Avg:  0.0, Max: 0, Diff: 0, Sum: 0, Workers: 4
[6.684s][debug][gc,phases      ] GC(4)     Total                          Min: 0, Avg: 15.2, Max: 49, Diff: 49, Sum: 61, Workers: 4
[6.684s][debug][gc,phases      ] GC(4)   StringDedup Table Weak         Min:  0.0, Avg:  0.0, Max:  0.0, Diff:  0.0, Sum:  0.0, Workers: 4
[6.684s][debug][gc,phases      ] GC(4)     Dead                           Min: 0, Avg:  0.0, Max: 0, Diff: 0, Sum: 0, Workers: 4
[6.684s][debug][gc,phases      ] GC(4)     Total                          Min: 0, Avg:  0.0, Max: 0, Diff: 0, Sum: 0, Workers: 4
[6.684s][debug][gc,phases      ] GC(4)   StringDedup Requests0 Weak     Min:  0.0, Avg:  0.0, Max:  0.0, Diff:  0.0, Sum:  0.0, Workers: 4
[6.684s][debug][gc,phases      ] GC(4)     Dead                           Min: 0, Avg:  0.0, Max: 0, Diff: 0, Sum: 0, Workers: 4
[6.684s][debug][gc,phases      ] GC(4)     Total                          Min: 0, Avg:  0.0, Max: 0, Diff: 0, Sum: 0, Workers: 4
[6.684s][debug][gc,phases      ] GC(4)   StringDedup Requests1 Weak     Min:  0.0, Avg:  0.0, Max:  0.0, Diff:  0.0, Sum:  0.0, Workers: 4
[6.684s][debug][gc,phases      ] GC(4)     Dead                           Min: 0, Avg:  0.0, Max: 0, Diff: 0, Sum: 0, Workers: 4
[6.684s][debug][gc,phases      ] GC(4)     Total                          Min: 0, Avg:  0.0, Max: 0, Diff: 0, Sum: 0, Workers: 4
[6.684s][debug][gc,phases      ] GC(4)   Weak JFR Old Object Samples    Min:  0.0, Avg:  0.0, Max:  0.0, Diff:  0.0, Sum:  0.0, Workers: 4
[6.684s][debug][gc,phases      ] GC(4)     Dead                           Min: 0, Avg:  0.0, Max: 0, Diff: 0, Sum: 0, Workers: 4
[6.684s][debug][gc,phases      ] GC(4)     Total                          Min: 0, Avg:  0.0, Max: 0, Diff: 0, Sum: 0, Workers: 4
[6.684s][debug][gc,phases      ] GC(4) Weak Processing 0.379ms
[6.684s][debug][gc,phases      ] GC(4) ClassLoaderData 0.068ms
[6.684s][debug][gc,phases      ] GC(4) Trigger cleanups 0.000ms
[6.691s][debug][gc,phases      ] GC(4) Class Unloading 6.820ms
[6.691s][info ][gc,phases      ] GC(4) Marking Phase 71.223ms
[6.691s][info ][gc,phases,start] GC(4) Summary Phase
[6.691s][info ][gc,phases      ] GC(4) Summary Phase 0.013ms
[6.691s][info ][gc,phases,start] GC(4) Adjust Roots
[6.699s][info ][gc,phases      ] GC(4) Adjust Roots 8.233ms
[6.699s][info ][gc,phases,start] GC(4) Compaction Phase
[6.821s][info ][gc,phases      ] GC(4) Compaction Phase 121.404ms
[6.821s][info ][gc,phases,start] GC(4) Post Compact
[6.826s][info ][gc,phases      ] GC(4) Post Compact 5.136ms
[6.826s][info ][gc,heap        ] GC(4) PSYoungGen: 551526K(1572864K)->110687K(1572864K) Eden: 468384K(1048576K)->110687K(1048576K) From: 83141K(524288K)->0K(524288K)
[6.826s][info ][gc,heap        ] GC(4) ParOldGen: 6098K(6144K)->6137K(18432K)
[6.826s][info ][gc,metaspace   ] GC(4) Metaspace: 59113K(59840K)->59113K(59840K) NonClass: 50277K(50688K)->50277K(50688K) Class: 8835K(9152K)->8835K(9152K)
[6.826s][info ][gc             ] GC(4) Pause Full (Ergonomics) 544M->114M(1554M) 206.199ms
[6.826s][info ][gc,cpu         ] GC(4) User=0.66s Sys=0.01s Real=0.20s
[6.832s][info ][safepoint      ] Safepoint "ParallelGCSystemGC", Time since last: 4090029 ns, Reaching safepoint: 43401 ns, At safepoint: 211957913 ns, Total: 212001314 ns
[7.130s][info ][safepoint      ] Safepoint "ICBufferFull", Time since last: 297781327 ns, Reaching safepoint: 226901 ns, At safepoint: 10200 ns, Total: 237101 ns
[7.522s][info ][safepoint      ] Safepoint "ICBufferFull", Time since last: 392470603 ns, Reaching safepoint: 174301 ns, At safepoint: 2900 ns, Total: 177201 ns
[8.019s][info ][safepoint      ] Safepoint "ICBufferFull", Time since last: 496139943 ns, Reaching safepoint: 183001 ns, At safepoint: 2000 ns, Total: 185001 ns
[8.235s][info ][safepoint      ] Safepoint "ICBufferFull", Time since last: 215799041 ns, Reaching safepoint: 244202 ns, At safepoint: 3300 ns, Total: 247502 ns
[8.818s][info ][gc,start       ] GC(5) Pause Young (Allocation Failure)
[9.085s][debug][gc,phases      ] GC(5) Scavenge 267.339ms
[9.085s][debug][gc,ref         ] GC(5) Skipped phase 1 of Reference Processing: no references
[9.085s][debug][gc,ref         ] GC(5) ReferenceProcessor::execute queues: 4, RefProcThreadModel::Multi, marks_oops_alive: false
[9.086s][debug][gc,ref         ] GC(5) Skipped phase 3 of Reference Processing: no references
[9.086s][debug][gc,ref         ] GC(5) ReferenceProcessor::execute queues: 1, RefProcThreadModel::Single, marks_oops_alive: false
[9.086s][debug][gc,phases      ] GC(5) Reference Processing 0.968ms
[9.087s][debug][gc,phases      ] GC(5)   VM Weak                        Min:  0.0, Avg:  0.0, Max:  0.0, Diff:  0.0, Sum:  0.0, Workers: 4
[9.087s][debug][gc,phases      ] GC(5)     Dead                           Min: 0, Avg:  0.0, Max: 0, Diff: 0, Sum: 0, Workers: 4
[9.087s][debug][gc,phases      ] GC(5)     Total                          Min: 0, Avg: 152.0, Max: 480, Diff: 480, Sum: 608, Workers: 4
[9.087s][debug][gc,phases      ] GC(5)   ObjectSynchronizer Weak        Min:  0.0, Avg:  0.0, Max:  0.0, Diff:  0.0, Sum:  0.0, Workers: 4
[9.087s][debug][gc,phases      ] GC(5)     Dead                           Min: 0, Avg:  0.0, Max: 0, Diff: 0, Sum: 0, Workers: 4
[9.087s][debug][gc,phases      ] GC(5)     Total                          Min: 0, Avg:  3.2, Max: 13, Diff: 13, Sum: 13, Workers: 4
[9.087s][debug][gc,phases      ] GC(5)   JVMTI Tag Weak OopStorage      Min:  0.0, Avg:  0.0, Max:  0.0, Diff:  0.0, Sum:  0.0, Workers: 4
[9.087s][debug][gc,phases      ] GC(5)     Dead                           Min: 0, Avg:  0.0, Max: 0, Diff: 0, Sum: 0, Workers: 4
[9.087s][debug][gc,phases      ] GC(5)     Total                          Min: 0, Avg:  0.0, Max: 0, Diff: 0, Sum: 0, Workers: 4
[9.087s][debug][gc,phases      ] GC(5)   StringTable Weak               Min:  0.0, Avg:  0.3, Max:  0.5, Diff:  0.5, Sum:  1.0, Workers: 4
[9.087s][debug][gc,phases      ] GC(5)     Dead                           Min: 0, Avg:  3.5, Max: 8, Diff: 8, Sum: 14, Workers: 4
[9.087s][debug][gc,phases      ] GC(5)     Total                          Min: 0, Avg: 9837.2, Max: 20149, Diff: 20149, Sum: 39349, Workers: 4
[9.087s][debug][gc,phases      ] GC(5)   ResolvedMethodTable Weak       Min:  0.0, Avg:  0.1, Max:  0.1, Diff:  0.1, Sum:  0.2, Workers: 4
[9.087s][debug][gc,phases      ] GC(5)     Dead                           Min: 0, Avg: 54.8, Max: 148, Diff: 148, Sum: 219, Workers: 4
[9.087s][debug][gc,phases      ] GC(5)     Total                          Min: 0, Avg: 1789.2, Max: 3584, Diff: 3584, Sum: 7157, Workers: 4
[9.087s][debug][gc,phases      ] GC(5)   JNI Weak                       Min:  0.0, Avg:  0.0, Max:  0.0, Diff:  0.0, Sum:  0.0, Workers: 4
[9.087s][debug][gc,phases      ] GC(5)     Dead                           Min: 0, Avg:  0.0, Max: 0, Diff: 0, Sum: 0, Workers: 4
[9.087s][debug][gc,phases      ] GC(5)     Total                          Min: 0, Avg: 17.8, Max: 54, Diff: 54, Sum: 71, Workers: 4
[9.087s][debug][gc,phases      ] GC(5)   StringDedup Table Weak         Min:  0.0, Avg:  0.0, Max:  0.0, Diff:  0.0, Sum:  0.0, Workers: 4
[9.087s][debug][gc,phases      ] GC(5)     Dead                           Min: 0, Avg:  0.0, Max: 0, Diff: 0, Sum: 0, Workers: 4
[9.087s][debug][gc,phases      ] GC(5)     Total                          Min: 0, Avg:  0.0, Max: 0, Diff: 0, Sum: 0, Workers: 4
[9.087s][debug][gc,phases      ] GC(5)   StringDedup Requests0 Weak     Min:  0.0, Avg:  0.0, Max:  0.0, Diff:  0.0, Sum:  0.0, Workers: 4
[9.087s][debug][gc,phases      ] GC(5)     Dead                           Min: 0, Avg:  0.0, Max: 0, Diff: 0, Sum: 0, Workers: 4
[9.087s][debug][gc,phases      ] GC(5)     Total                          Min: 0, Avg:  0.0, Max: 0, Diff: 0, Sum: 0, Workers: 4
[9.087s][debug][gc,phases      ] GC(5)   StringDedup Requests1 Weak     Min:  0.0, Avg:  0.0, Max:  0.0, Diff:  0.0, Sum:  0.0, Workers: 4
[9.087s][debug][gc,phases      ] GC(5)     Dead                           Min: 0, Avg:  0.0, Max: 0, Diff: 0, Sum: 0, Workers: 4
[9.087s][debug][gc,phases      ] GC(5)     Total                          Min: 0, Avg:  0.0, Max: 0, Diff: 0, Sum: 0, Workers: 4
[9.087s][debug][gc,phases      ] GC(5)   Weak JFR Old Object Samples    Min:  0.0, Avg:  0.0, Max:  0.0, Diff:  0.0, Sum:  0.0, Workers: 4
[9.087s][debug][gc,phases      ] GC(5)     Dead                           Min: 0, Avg:  0.0, Max: 0, Diff: 0, Sum: 0, Workers: 4
[9.087s][debug][gc,phases      ] GC(5)     Total                          Min: 0, Avg:  0.0, Max: 0, Diff: 0, Sum: 0, Workers: 4
[9.087s][debug][gc,phases      ] GC(5) Weak Processing 0.898ms
[9.087s][debug][gc,age         ] GC(5) Desired survivor size 536870912 bytes, new threshold 7 (max threshold 15)
[9.087s][info ][gc,heap        ] GC(5) PSYoungGen: 1048576K(1572864K)->398729K(1572864K) Eden: 1048576K(1048576K)->0K(1048576K) From: 0K(524288K)->398729K(524288K)
[9.087s][info ][gc,heap        ] GC(5) ParOldGen: 6137K(18432K)->6182K(18432K)
[9.087s][info ][gc,metaspace   ] GC(5) Metaspace: 67614K(68416K)->67614K(68416K) NonClass: 57676K(58112K)->57676K(58112K) Class: 9938K(10304K)->9938K(10304K)
[9.087s][info ][gc             ] GC(5) Pause Young (Allocation Failure) 1029M->395M(1554M) 269.345ms
[9.087s][info ][gc,cpu         ] GC(5) User=0.68s Sys=0.15s Real=0.27s
[9.087s][info ][safepoint      ] Safepoint "ParallelGCFailedAllocation", Time since last: 582765061 ns, Reaching safepoint: 213602 ns, At safepoint: 269430524 ns, Total: 269644126 ns
[9.297s][info ][safepoint      ] Safepoint "ICBufferFull", Time since last: 209677297 ns, Reaching safepoint: 236402 ns, At safepoint: 9900 ns, Total: 246302 ns
[9.452s][info ][safepoint      ] Safepoint "ICBufferFull", Time since last: 155004307 ns, Reaching safepoint: 157901 ns, At safepoint: 5800 ns, Total: 163701 ns
[9.735s][info ][safepoint      ] Safepoint "ICBufferFull", Time since last: 282756219 ns, Reaching safepoint: 218902 ns, At safepoint: 8200 ns, Total: 227102 ns
[10.052s][info ][safepoint      ] Safepoint "ICBufferFull", Time since last: 316937663 ns, Reaching safepoint: 210301 ns, At safepoint: 5801 ns, Total: 216102 ns
[10.315s][info ][safepoint      ] Safepoint "ICBufferFull", Time since last: 262267272 ns, Reaching safepoint: 183802 ns, At safepoint: 9300 ns, Total: 193102 ns
[10.743s][info ][safepoint      ] Safepoint "ICBufferFull", Time since last: 427988956 ns, Reaching safepoint: 173901 ns, At safepoint: 6300 ns, Total: 180201 ns
[10.743s][info ][safepoint      ] Safepoint "ICBufferFull", Time since last: 49801 ns, Reaching safepoint: 88600 ns, At safepoint: 7400 ns, Total: 96000 ns
[11.180s][info ][safepoint      ] Safepoint "ICBufferFull", Time since last: 436981021 ns, Reaching safepoint: 233401 ns, At safepoint: 11100 ns, Total: 244501 ns
[11.395s][info ][safepoint      ] Safepoint "ICBufferFull", Time since last: 214397231 ns, Reaching safepoint: 154401 ns, At safepoint: 6601 ns, Total: 161002 ns
[11.512s][info ][safepoint      ] Safepoint "ICBufferFull", Time since last: 116776833 ns, Reaching safepoint: 186302 ns, At safepoint: 6700 ns, Total: 193002 ns
[11.515s][info ][safepoint      ] Safepoint "ICBufferFull", Time since last: 2933721 ns, Reaching safepoint: 38400 ns, At safepoint: 2600 ns, Total: 41000 ns
[11.619s][info ][safepoint      ] Safepoint "ICBufferFull", Time since last: 104414946 ns, Reaching safepoint: 232201 ns, At safepoint: 11600 ns, Total: 243801 ns
[11.688s][info ][safepoint      ] Safepoint "ICBufferFull", Time since last: 68281088 ns, Reaching safepoint: 204101 ns, At safepoint: 7600 ns, Total: 211701 ns
[12.136s][info ][safepoint      ] Safepoint "ICBufferFull", Time since last: 447649697 ns, Reaching safepoint: 196001 ns, At safepoint: 5401 ns, Total: 201402 ns
[12.518s][info ][safepoint      ] Safepoint "ParallelGCFailedAllocation", Time since last: 381772926 ns, Reaching safepoint: 116601 ns, At safepoint: 10700 ns, Total: 127301 ns
[12.518s][info ][gc,start       ] GC(6) Pause Young (GCLocker Initiated GC)
[12.622s][debug][gc,phases      ] GC(6) Scavenge 103.985ms
[12.622s][debug][gc,ref         ] GC(6) Skipped phase 1 of Reference Processing: no references
[12.622s][debug][gc,ref         ] GC(6) ReferenceProcessor::execute queues: 4, RefProcThreadModel::Multi, marks_oops_alive: false
[12.622s][debug][gc,ref         ] GC(6) ReferenceProcessor::execute queues: 4, RefProcThreadModel::Multi, marks_oops_alive: true
[12.623s][debug][gc,ref         ] GC(6) ReferenceProcessor::execute queues: 1, RefProcThreadModel::Single, marks_oops_alive: false
[12.623s][debug][gc,phases      ] GC(6) Reference Processing 0.826ms
[12.623s][debug][gc,phases      ] GC(6)   VM Weak                        Min:  0.0, Avg:  0.0, Max:  0.0, Diff:  0.0, Sum:  0.0, Workers: 4
[12.623s][debug][gc,phases      ] GC(6)     Dead                           Min: 0, Avg:  0.0, Max: 0, Diff: 0, Sum: 0, Workers: 4
[12.623s][debug][gc,phases      ] GC(6)     Total                          Min: 0, Avg: 160.8, Max: 448, Diff: 448, Sum: 643, Workers: 4
[12.623s][debug][gc,phases      ] GC(6)   ObjectSynchronizer Weak        Min:  0.0, Avg:  0.0, Max:  0.0, Diff:  0.0, Sum:  0.0, Workers: 4
[12.623s][debug][gc,phases      ] GC(6)     Dead                           Min: 0, Avg:  1.5, Max: 6, Diff: 6, Sum: 6, Workers: 4
[12.623s][debug][gc,phases      ] GC(6)     Total                          Min: 0, Avg:  7.0, Max: 28, Diff: 28, Sum: 28, Workers: 4
[12.623s][debug][gc,phases      ] GC(6)   JVMTI Tag Weak OopStorage      Min:  0.0, Avg:  0.0, Max:  0.0, Diff:  0.0, Sum:  0.0, Workers: 4
[12.623s][debug][gc,phases      ] GC(6)     Dead                           Min: 0, Avg:  0.0, Max: 0, Diff: 0, Sum: 0, Workers: 4
[12.623s][debug][gc,phases      ] GC(6)     Total                          Min: 0, Avg:  0.0, Max: 0, Diff: 0, Sum: 0, Workers: 4
[12.623s][debug][gc,phases      ] GC(6)   StringTable Weak               Min:  0.0, Avg:  0.2, Max:  0.3, Diff:  0.3, Sum:  1.0, Workers: 4
[12.623s][debug][gc,phases      ] GC(6)     Dead                           Min: 0, Avg:  1.8, Max: 4, Diff: 4, Sum: 7, Workers: 4
[12.623s][debug][gc,phases      ] GC(6)     Total                          Min: 0, Avg: 10159.5, Max: 16510, Diff: 16510, Sum: 40638, Workers: 4
[12.623s][debug][gc,phases      ] GC(6)   ResolvedMethodTable Weak       Min:  0.0, Avg:  0.1, Max:  0.1, Diff:  0.1, Sum:  0.2, Workers: 4
[12.623s][debug][gc,phases      ] GC(6)     Dead                           Min: 0, Avg: 26.2, Max: 46, Diff: 46, Sum: 105, Workers: 4
[12.623s][debug][gc,phases      ] GC(6)     Total                          Min: 0, Avg: 1974.2, Max: 3225, Diff: 3225, Sum: 7897, Workers: 4
[12.623s][debug][gc,phases      ] GC(6)   JNI Weak                       Min:  0.0, Avg:  0.0, Max:  0.0, Diff:  0.0, Sum:  0.0, Workers: 4
[12.623s][debug][gc,phases      ] GC(6)     Dead                           Min: 0, Avg:  0.0, Max: 0, Diff: 0, Sum: 0, Workers: 4
[12.623s][debug][gc,phases      ] GC(6)     Total                          Min: 0, Avg: 11.8, Max: 47, Diff: 47, Sum: 47, Workers: 4
[12.623s][debug][gc,phases      ] GC(6)   StringDedup Table Weak         Min:  0.0, Avg:  0.0, Max:  0.0, Diff:  0.0, Sum:  0.0, Workers: 4
[12.623s][debug][gc,phases      ] GC(6)     Dead                           Min: 0, Avg:  0.0, Max: 0, Diff: 0, Sum: 0, Workers: 4
[12.623s][debug][gc,phases      ] GC(6)     Total                          Min: 0, Avg:  0.0, Max: 0, Diff: 0, Sum: 0, Workers: 4
[12.623s][debug][gc,phases      ] GC(6)   StringDedup Requests0 Weak     Min:  0.0, Avg:  0.0, Max:  0.0, Diff:  0.0, Sum:  0.0, Workers: 4
[12.623s][debug][gc,phases      ] GC(6)     Dead                           Min: 0, Avg:  0.0, Max: 0, Diff: 0, Sum: 0, Workers: 4
[12.623s][debug][gc,phases      ] GC(6)     Total                          Min: 0, Avg:  0.0, Max: 0, Diff: 0, Sum: 0, Workers: 4
[12.623s][debug][gc,phases      ] GC(6)   StringDedup Requests1 Weak     Min:  0.0, Avg:  0.0, Max:  0.0, Diff:  0.0, Sum:  0.0, Workers: 4
[12.623s][debug][gc,phases      ] GC(6)     Dead                           Min: 0, Avg:  0.0, Max: 0, Diff: 0, Sum: 0, Workers: 4
[12.623s][debug][gc,phases      ] GC(6)     Total                          Min: 0, Avg:  0.0, Max: 0, Diff: 0, Sum: 0, Workers: 4
[12.623s][debug][gc,phases      ] GC(6)   Weak JFR Old Object Samples    Min:  0.0, Avg:  0.0, Max:  0.0, Diff:  0.0, Sum:  0.0, Workers: 4
[12.623s][debug][gc,phases      ] GC(6)     Dead                           Min: 0, Avg:  0.0, Max: 0, Diff: 0, Sum: 0, Workers: 4
[12.623s][debug][gc,phases      ] GC(6)     Total                          Min: 0, Avg:  0.0, Max: 0, Diff: 0, Sum: 0, Workers: 4
[12.623s][debug][gc,phases      ] GC(6) Weak Processing 0.567ms
[12.623s][debug][gc,age         ] GC(6) Desired survivor size 536870912 bytes, new threshold 7 (max threshold 15)
[12.623s][info ][gc,heap        ] GC(6) PSYoungGen: 1447305K(1572864K)->219542K(1572864K) Eden: 1048576K(1048576K)->0K(1048576K) From: 398729K(524288K)->219542K(524288K)
[12.623s][info ][gc,heap        ] GC(6) ParOldGen: 6198K(18432K)->6214K(18432K)
[12.623s][info ][gc,metaspace   ] GC(6) Metaspace: 71581K(72320K)->71581K(72320K) NonClass: 61105K(61504K)->61105K(61504K) Class: 10476K(10816K)->10476K(10816K)
[12.623s][info ][gc             ] GC(6) Pause Young (GCLocker Initiated GC) 1419M->220M(1554M) 105.473ms
[12.623s][info ][gc,cpu         ] GC(6) User=0.34s Sys=0.04s Real=0.11s
[12.623s][info ][safepoint      ] Safepoint "ParallelGCSystemGC", Time since last: 72200 ns, Reaching safepoint: 15100 ns, At safepoint: 105533354 ns, Total: 105548454 ns
[13.623s][info ][safepoint      ] Safepoint "Cleanup", Time since last: 1000050141 ns, Reaching safepoint: 141101 ns, At safepoint: 8100 ns, Total: 149201 ns
[14.383s][info ][safepoint      ] Safepoint "ICBufferFull", Time since last: 758850821 ns, Reaching safepoint: 282902 ns, At safepoint: 6000 ns, Total: 288902 ns
[14.414s][info ][safepoint      ] Safepoint "ICBufferFull", Time since last: 30890521 ns, Reaching safepoint: 216402 ns, At safepoint: 12400 ns, Total: 228802 ns
[14.488s][info ][safepoint      ] Safepoint "ICBufferFull", Time since last: 73835828 ns, Reaching safepoint: 261501 ns, At safepoint: 6301 ns, Total: 267802 ns
[14.922s][info ][safepoint      ] Safepoint "ICBufferFull", Time since last: 433578099 ns, Reaching safepoint: 177301 ns, At safepoint: 6100 ns, Total: 183401 ns
[14.922s][info ][safepoint      ] Safepoint "ICBufferFull", Time since last: 59001 ns, Reaching safepoint: 26100 ns, At safepoint: 7700 ns, Total: 33800 ns
[15.054s][info ][safepoint      ] Safepoint "ICBufferFull", Time since last: 132031944 ns, Reaching safepoint: 280202 ns, At safepoint: 7700 ns, Total: 287902 ns
[15.231s][info ][safepoint      ] Safepoint "ICBufferFull", Time since last: 177164767 ns, Reaching safepoint: 169801 ns, At safepoint: 4400 ns, Total: 174201 ns
[15.345s][info ][safepoint      ] Safepoint "ICBufferFull", Time since last: 113000408 ns, Reaching safepoint: 240301 ns, At safepoint: 4800 ns, Total: 245101 ns
[15.406s][info ][safepoint      ] Safepoint "ICBufferFull", Time since last: 61155238 ns, Reaching safepoint: 232801 ns, At safepoint: 5600 ns, Total: 238401 ns
[15.600s][info ][safepoint      ] Safepoint "ICBufferFull", Time since last: 193503784 ns, Reaching safepoint: 220501 ns, At safepoint: 6700 ns, Total: 227201 ns
[15.852s][info ][safepoint      ] Safepoint "ICBufferFull", Time since last: 252231903 ns, Reaching safepoint: 250502 ns, At safepoint: 4300 ns, Total: 254802 ns
[16.292s][info ][safepoint      ] Safepoint "ICBufferFull", Time since last: 439319941 ns, Reaching safepoint: 296502 ns, At safepoint: 8300 ns, Total: 304802 ns
[16.546s][info ][safepoint      ] Safepoint "ICBufferFull", Time since last: 253880415 ns, Reaching safepoint: 170701 ns, At safepoint: 3500 ns, Total: 174201 ns
[16.649s][info ][gc,start       ] GC(7) Pause Young (Allocation Failure)
[16.780s][debug][gc,phases      ] GC(7) Scavenge 131.125ms
[16.781s][debug][gc,ref         ] GC(7) Skipped phase 1 of Reference Processing: no references
[16.781s][debug][gc,ref         ] GC(7) ReferenceProcessor::execute queues: 4, RefProcThreadModel::Multi, marks_oops_alive: false
[16.782s][debug][gc,ref         ] GC(7) Skipped phase 3 of Reference Processing: no references
[16.782s][debug][gc,ref         ] GC(7) ReferenceProcessor::execute queues: 1, RefProcThreadModel::Single, marks_oops_alive: false
[16.782s][debug][gc,phases      ] GC(7) Reference Processing 1.223ms
[16.782s][debug][gc,phases      ] GC(7)   VM Weak                        Min:  0.0, Avg:  0.0, Max:  0.0, Diff:  0.0, Sum:  0.0, Workers: 4
[16.782s][debug][gc,phases      ] GC(7)     Dead                           Min: 0, Avg:  0.0, Max: 0, Diff: 0, Sum: 0, Workers: 4
[16.782s][debug][gc,phases      ] GC(7)     Total                          Min: 0, Avg: 174.2, Max: 377, Diff: 377, Sum: 697, Workers: 4
[16.782s][debug][gc,phases      ] GC(7)   ObjectSynchronizer Weak        Min:  0.0, Avg:  0.0, Max:  0.0, Diff:  0.0, Sum:  0.0, Workers: 4
[16.782s][debug][gc,phases      ] GC(7)     Dead                           Min: 0, Avg:  0.2, Max: 1, Diff: 1, Sum: 1, Workers: 4
[16.782s][debug][gc,phases      ] GC(7)     Total                          Min: 0, Avg:  8.0, Max: 32, Diff: 32, Sum: 32, Workers: 4
[16.782s][debug][gc,phases      ] GC(7)   JVMTI Tag Weak OopStorage      Min:  0.0, Avg:  0.0, Max:  0.0, Diff:  0.0, Sum:  0.0, Workers: 4
[16.782s][debug][gc,phases      ] GC(7)     Dead                           Min: 0, Avg:  0.0, Max: 0, Diff: 0, Sum: 0, Workers: 4
[16.782s][debug][gc,phases      ] GC(7)     Total                          Min: 0, Avg:  0.0, Max: 0, Diff: 0, Sum: 0, Workers: 4
[16.782s][debug][gc,phases      ] GC(7)   StringTable Weak               Min:  0.0, Avg:  0.3, Max:  0.4, Diff:  0.4, Sum:  1.3, Workers: 4
[16.782s][debug][gc,phases      ] GC(7)     Dead                           Min: 0, Avg:  2.8, Max: 5, Diff: 5, Sum: 11, Workers: 4
[16.782s][debug][gc,phases      ] GC(7)     Total                          Min: 0, Avg: 10478.0, Max: 15161, Diff: 15161, Sum: 41912, Workers: 4
[16.782s][debug][gc,phases      ] GC(7)   ResolvedMethodTable Weak       Min:  0.0, Avg:  0.1, Max:  0.1, Diff:  0.1, Sum:  0.3, Workers: 4
[16.782s][debug][gc,phases      ] GC(7)     Dead                           Min: 0, Avg: 39.0, Max: 64, Diff: 64, Sum: 156, Workers: 4
[16.782s][debug][gc,phases      ] GC(7)     Total                          Min: 0, Avg: 2196.0, Max: 3072, Diff: 3072, Sum: 8784, Workers: 4
[16.782s][debug][gc,phases      ] GC(7)   JNI Weak                       Min:  0.0, Avg:  0.0, Max:  0.0, Diff:  0.0, Sum:  0.0, Workers: 4
[16.782s][debug][gc,phases      ] GC(7)     Dead                           Min: 0, Avg:  0.0, Max: 0, Diff: 0, Sum: 0, Workers: 4
[16.782s][debug][gc,phases      ] GC(7)     Total                          Min: 0, Avg: 28.2, Max: 77, Diff: 77, Sum: 113, Workers: 4
[16.782s][debug][gc,phases      ] GC(7)   StringDedup Table Weak         Min:  0.0, Avg:  0.0, Max:  0.0, Diff:  0.0, Sum:  0.0, Workers: 4
[16.782s][debug][gc,phases      ] GC(7)     Dead                           Min: 0, Avg:  0.0, Max: 0, Diff: 0, Sum: 0, Workers: 4
[16.782s][debug][gc,phases      ] GC(7)     Total                          Min: 0, Avg:  0.0, Max: 0, Diff: 0, Sum: 0, Workers: 4
[16.782s][debug][gc,phases      ] GC(7)   StringDedup Requests0 Weak     Min:  0.0, Avg:  0.0, Max:  0.0, Diff:  0.0, Sum:  0.0, Workers: 4
[16.782s][debug][gc,phases      ] GC(7)     Dead                           Min: 0, Avg:  0.0, Max: 0, Diff: 0, Sum: 0, Workers: 4
[16.782s][debug][gc,phases      ] GC(7)     Total                          Min: 0, Avg:  0.0, Max: 0, Diff: 0, Sum: 0, Workers: 4
[16.782s][debug][gc,phases      ] GC(7)   StringDedup Requests1 Weak     Min:  0.0, Avg:  0.0, Max:  0.0, Diff:  0.0, Sum:  0.0, Workers: 4
[16.782s][debug][gc,phases      ] GC(7)     Dead                           Min: 0, Avg:  0.0, Max: 0, Diff: 0, Sum: 0, Workers: 4
[16.782s][debug][gc,phases      ] GC(7)     Total                          Min: 0, Avg:  0.0, Max: 0, Diff: 0, Sum: 0, Workers: 4
[16.783s][debug][gc,phases      ] GC(7)   Weak JFR Old Object Samples    Min:  0.0, Avg:  0.0, Max:  0.0, Diff:  0.0, Sum:  0.0, Workers: 4
[16.783s][debug][gc,phases      ] GC(7)     Dead                           Min: 0, Avg:  0.0, Max: 0, Diff: 0, Sum: 0, Workers: 4
[16.783s][debug][gc,phases      ] GC(7)     Total                          Min: 0, Avg:  0.0, Max: 0, Diff: 0, Sum: 0, Workers: 4
[16.783s][debug][gc,phases      ] GC(7) Weak Processing 0.791ms
[16.783s][debug][gc,age         ] GC(7) Desired survivor size 439877632 bytes, new threshold 8 (max threshold 15)
[16.783s][info ][gc,heap        ] GC(7) PSYoungGen: 1268118K(1572864K)->290044K(1667584K) Eden: 1048576K(1048576K)->0K(1143296K) From: 219542K(524288K)->290044K(524288K)
[16.783s][info ][gc,heap        ] GC(7) ParOldGen: 6215K(18432K)->6231K(18432K)
[16.783s][info ][gc,metaspace   ] GC(7) Metaspace: 77009K(77888K)->77009K(77888K) NonClass: 65745K(66240K)->65745K(66240K) Class: 11263K(11648K)->11263K(11648K)
[16.783s][info ][gc             ] GC(7) Pause Young (Allocation Failure) 1244M->289M(1646M) 133.296ms
[16.783s][info ][gc,cpu         ] GC(7) User=0.48s Sys=0.00s Real=0.14s
[16.783s][info ][safepoint      ] Safepoint "ParallelGCFailedAllocation", Time since last: 103309839 ns, Reaching safepoint: 115601 ns, At safepoint: 133385753 ns, Total: 133501354 ns
[17.393s][info ][safepoint      ] Safepoint "ICBufferFull", Time since last: 610143562 ns, Reaching safepoint: 230402 ns, At safepoint: 9500 ns, Total: 239902 ns
[17.394s][info ][safepoint      ] Safepoint "ICBufferFull", Time since last: 664405 ns, Reaching safepoint: 76800 ns, At safepoint: 6700 ns, Total: 83500 ns
[17.397s][info ][safepoint      ] Safepoint "ICBufferFull", Time since last: 3030222 ns, Reaching safepoint: 233302 ns, At safepoint: 12800 ns, Total: 246102 ns
[18.178s][info ][safepoint      ] Safepoint "ICBufferFull", Time since last: 780582280 ns, Reaching safepoint: 194101 ns, At safepoint: 3300 ns, Total: 197401 ns
[19.062s][info ][safepoint      ] Safepoint "ICBufferFull", Time since last: 884101521 ns, Reaching safepoint: 182301 ns, At safepoint: 4900 ns, Total: 187201 ns
[19.631s][info ][safepoint      ] Safepoint "ICBufferFull", Time since last: 568521564 ns, Reaching safepoint: 200602 ns, At safepoint: 7900 ns, Total: 208502 ns
[20.470s][info ][safepoint      ] Safepoint "ICBufferFull", Time since last: 839045998 ns, Reaching safepoint: 177401 ns, At safepoint: 5200 ns, Total: 182601 ns
[21.470s][info ][safepoint      ] Safepoint "Cleanup", Time since last: 1000066950 ns, Reaching safepoint: 155001 ns, At safepoint: 9300 ns, Total: 164301 ns
[22.471s][info ][safepoint      ] Safepoint "Cleanup", Time since last: 1000114247 ns, Reaching safepoint: 152601 ns, At safepoint: 10200 ns, Total: 162801 ns
[23.115s][info ][gc,start       ] GC(8) Pause Young (Allocation Failure)
[23.242s][debug][gc,phases      ] GC(8) Scavenge 127.650ms
[23.243s][debug][gc,ref         ] GC(8) Skipped phase 1 of Reference Processing: no references
[23.243s][debug][gc,ref         ] GC(8) ReferenceProcessor::execute queues: 4, RefProcThreadModel::Multi, marks_oops_alive: false
[23.243s][debug][gc,ref         ] GC(8) ReferenceProcessor::execute queues: 4, RefProcThreadModel::Multi, marks_oops_alive: true
[23.243s][debug][gc,ref         ] GC(8) ReferenceProcessor::execute queues: 1, RefProcThreadModel::Single, marks_oops_alive: false
[23.243s][debug][gc,phases      ] GC(8) Reference Processing 0.811ms
[23.244s][debug][gc,phases      ] GC(8)   VM Weak                        Min:  0.0, Avg:  0.0, Max:  0.0, Diff:  0.0, Sum:  0.0, Workers: 4
[23.244s][debug][gc,phases      ] GC(8)     Dead                           Min: 0, Avg:  0.0, Max: 0, Diff: 0, Sum: 0, Workers: 4
[23.244s][debug][gc,phases      ] GC(8)     Total                          Min: 0, Avg: 177.0, Max: 448, Diff: 448, Sum: 708, Workers: 4
[23.244s][debug][gc,phases      ] GC(8)   ObjectSynchronizer Weak        Min:  0.0, Avg:  0.0, Max:  0.0, Diff:  0.0, Sum:  0.0, Workers: 4
[23.244s][debug][gc,phases      ] GC(8)     Dead                           Min: 0, Avg:  0.0, Max: 0, Diff: 0, Sum: 0, Workers: 4
[23.244s][debug][gc,phases      ] GC(8)     Total                          Min: 0, Avg:  8.0, Max: 32, Diff: 32, Sum: 32, Workers: 4
[23.244s][debug][gc,phases      ] GC(8)   JVMTI Tag Weak OopStorage      Min:  0.0, Avg:  0.0, Max:  0.0, Diff:  0.0, Sum:  0.0, Workers: 4
[23.244s][debug][gc,phases      ] GC(8)     Dead                           Min: 0, Avg:  0.0, Max: 0, Diff: 0, Sum: 0, Workers: 4
[23.244s][debug][gc,phases      ] GC(8)     Total                          Min: 0, Avg:  0.0, Max: 0, Diff: 0, Sum: 0, Workers: 4
[23.244s][debug][gc,phases      ] GC(8)   StringTable Weak               Min:  0.0, Avg:  0.3, Max:  0.4, Diff:  0.4, Sum:  1.2, Workers: 4
[23.244s][debug][gc,phases      ] GC(8)     Dead                           Min: 0, Avg:  0.8, Max: 3, Diff: 3, Sum: 3, Workers: 4
[23.244s][debug][gc,phases      ] GC(8)     Total                          Min: 0, Avg: 10574.5, Max: 18042, Diff: 18042, Sum: 42298, Workers: 4
[23.244s][debug][gc,phases      ] GC(8)   ResolvedMethodTable Weak       Min:  0.0, Avg:  0.1, Max:  0.1, Diff:  0.1, Sum:  0.3, Workers: 4
[23.244s][debug][gc,phases      ] GC(8)     Dead                           Min: 0, Avg:  0.0, Max: 0, Diff: 0, Sum: 0, Workers: 4
[23.244s][debug][gc,phases      ] GC(8)     Total                          Min: 0, Avg: 2125.2, Max: 3539, Diff: 3539, Sum: 8501, Workers: 4
[23.244s][debug][gc,phases      ] GC(8)   JNI Weak                       Min:  0.0, Avg:  0.0, Max:  0.0, Diff:  0.0, Sum:  0.0, Workers: 4
[23.244s][debug][gc,phases      ] GC(8)     Dead                           Min: 0, Avg:  0.0, Max: 0, Diff: 0, Sum: 0, Workers: 4
[23.244s][debug][gc,phases      ] GC(8)     Total                          Min: 0, Avg: 11.2, Max: 45, Diff: 45, Sum: 45, Workers: 4
[23.244s][debug][gc,phases      ] GC(8)   StringDedup Table Weak         Min:  0.0, Avg:  0.0, Max:  0.0, Diff:  0.0, Sum:  0.0, Workers: 4
[23.244s][debug][gc,phases      ] GC(8)     Dead                           Min: 0, Avg:  0.0, Max: 0, Diff: 0, Sum: 0, Workers: 4
[23.244s][debug][gc,phases      ] GC(8)     Total                          Min: 0, Avg:  0.0, Max: 0, Diff: 0, Sum: 0, Workers: 4
[23.244s][debug][gc,phases      ] GC(8)   StringDedup Requests0 Weak     Min:  0.0, Avg:  0.0, Max:  0.0, Diff:  0.0, Sum:  0.0, Workers: 4
[23.244s][debug][gc,phases      ] GC(8)     Dead                           Min: 0, Avg:  0.0, Max: 0, Diff: 0, Sum: 0, Workers: 4
[23.244s][debug][gc,phases      ] GC(8)     Total                          Min: 0, Avg:  0.0, Max: 0, Diff: 0, Sum: 0, Workers: 4
[23.244s][debug][gc,phases      ] GC(8)   StringDedup Requests1 Weak     Min:  0.0, Avg:  0.0, Max:  0.0, Diff:  0.0, Sum:  0.0, Workers: 4
[23.244s][debug][gc,phases      ] GC(8)     Dead                           Min: 0, Avg:  0.0, Max: 0, Diff: 0, Sum: 0, Workers: 4
[23.244s][debug][gc,phases      ] GC(8)     Total                          Min: 0, Avg:  0.0, Max: 0, Diff: 0, Sum: 0, Workers: 4
[23.244s][debug][gc,phases      ] GC(8)   Weak JFR Old Object Samples    Min:  0.0, Avg:  0.0, Max:  0.0, Diff:  0.0, Sum:  0.0, Workers: 4
[23.244s][debug][gc,phases      ] GC(8)     Dead                           Min: 0, Avg:  0.0, Max: 0, Diff: 0, Sum: 0, Workers: 4
[23.244s][debug][gc,phases      ] GC(8)     Total                          Min: 0, Avg:  0.0, Max: 0, Diff: 0, Sum: 0, Workers: 4
[23.244s][debug][gc,phases      ] GC(8) Weak Processing 0.661ms
[23.244s][debug][gc,age         ] GC(8) Desired survivor size 462946304 bytes, new threshold 9 (max threshold 15)
[23.244s][info ][gc,heap        ] GC(8) PSYoungGen: 1433340K(1667584K)->308017K(1572864K) Eden: 1143296K(1143296K)->0K(1143296K) From: 290044K(524288K)->308017K(429568K)
[23.244s][info ][gc,heap        ] GC(8) ParOldGen: 6231K(18432K)->6247K(18432K)
[23.244s][info ][gc,metaspace   ] GC(8) Metaspace: 77674K(78528K)->77674K(78528K) NonClass: 66384K(66880K)->66384K(66880K) Class: 11289K(11648K)->11289K(11648K)
[23.244s][info ][gc             ] GC(8) Pause Young (Allocation Failure) 1405M->306M(1554M) 129.242ms
[23.244s][info ][gc,cpu         ] GC(8) User=0.37s Sys=0.08s Real=0.13s
[23.244s][info ][safepoint      ] Safepoint "ParallelGCFailedAllocation", Time since last: 643966700 ns, Reaching safepoint: 186301 ns, At safepoint: 129312224 ns, Total: 129498525 ns
[24.314s][info ][safepoint      ] Safepoint "Cleanup", Time since last: 1069575439 ns, Reaching safepoint: 140601 ns, At safepoint: 6900 ns, Total: 147501 ns
[25.314s][info ][safepoint      ] Safepoint "Cleanup", Time since last: 1000120943 ns, Reaching safepoint: 113901 ns, At safepoint: 5700 ns, Total: 119601 ns
[26.314s][info ][safepoint      ] Safepoint "Cleanup", Time since last: 1000104343 ns, Reaching safepoint: 105000 ns, At safepoint: 4400 ns, Total: 109400 ns
[27.314s][info ][safepoint      ] Safepoint "Cleanup", Time since last: 1000103343 ns, Reaching safepoint: 138601 ns, At safepoint: 4900 ns, Total: 143501 ns
[28.315s][info ][safepoint      ] Safepoint "Cleanup", Time since last: 1000081543 ns, Reaching safepoint: 140801 ns, At safepoint: 8600 ns, Total: 149401 ns
[29.315s][info ][safepoint      ] Safepoint "Cleanup", Time since last: 1000109043 ns, Reaching safepoint: 173201 ns, At safepoint: 5400 ns, Total: 178601 ns
[30.315s][info ][safepoint      ] Safepoint "Cleanup", Time since last: 1000112543 ns, Reaching safepoint: 162901 ns, At safepoint: 5300 ns, Total: 168201 ns
[31.316s][info ][safepoint      ] Safepoint "Cleanup", Time since last: 1000078443 ns, Reaching safepoint: 185801 ns, At safepoint: 6100 ns, Total: 191901 ns
[32.316s][info ][safepoint      ] Safepoint "Cleanup", Time since last: 1000124043 ns, Reaching safepoint: 132301 ns, At safepoint: 8400 ns, Total: 140701 ns
[33.316s][info ][safepoint      ] Safepoint "Cleanup", Time since last: 1000120142 ns, Reaching safepoint: 132401 ns, At safepoint: 8300 ns, Total: 140701 ns
[34.316s][info ][safepoint      ] Safepoint "Cleanup", Time since last: 1000112743 ns, Reaching safepoint: 129401 ns, At safepoint: 4900 ns, Total: 134301 ns
[36.115s][info ][safepoint      ] Safepoint "Cleanup", Time since last: 1798302943 ns, Reaching safepoint: 215001 ns, At safepoint: 6400 ns, Total: 221401 ns
[37.115s][info ][safepoint      ] Safepoint "Cleanup", Time since last: 1000134043 ns, Reaching safepoint: 132801 ns, At safepoint: 4800 ns, Total: 137601 ns
[38.115s][info ][safepoint      ] Safepoint "Cleanup", Time since last: 1000111442 ns, Reaching safepoint: 133701 ns, At safepoint: 7100 ns, Total: 140801 ns
[39.116s][info ][safepoint      ] Safepoint "Cleanup", Time since last: 1000133513 ns, Reaching safepoint: 134001 ns, At safepoint: 4500 ns, Total: 138501 ns
[40.116s][info ][safepoint      ] Safepoint "Cleanup", Time since last: 1000107613 ns, Reaching safepoint: 137801 ns, At safepoint: 9600 ns, Total: 147401 ns
[41.116s][info ][safepoint      ] Safepoint "Cleanup", Time since last: 1000115313 ns, Reaching safepoint: 123001 ns, At safepoint: 7400 ns, Total: 130401 ns
[41.666s][info ][gc,start       ] GC(9) Pause Young (Allocation Failure)
[41.772s][debug][gc,phases      ] GC(9) Scavenge 105.825ms
[41.772s][debug][gc,ref         ] GC(9) Skipped phase 1 of Reference Processing: no references
[41.773s][debug][gc,ref         ] GC(9) ReferenceProcessor::execute queues: 4, RefProcThreadModel::Multi, marks_oops_alive: false
[41.773s][debug][gc,ref         ] GC(9) ReferenceProcessor::execute queues: 4, RefProcThreadModel::Multi, marks_oops_alive: true
[41.773s][debug][gc,ref         ] GC(9) ReferenceProcessor::execute queues: 1, RefProcThreadModel::Single, marks_oops_alive: false
[41.773s][debug][gc,phases      ] GC(9) Reference Processing 1.018ms
[41.774s][debug][gc,phases      ] GC(9)   VM Weak                        Min:  0.0, Avg:  0.0, Max:  0.0, Diff:  0.0, Sum:  0.0, Workers: 4
[41.774s][debug][gc,phases      ] GC(9)     Dead                           Min: 0, Avg:  0.0, Max: 0, Diff: 0, Sum: 0, Workers: 4
[41.774s][debug][gc,phases      ] GC(9)     Total                          Min: 0, Avg: 177.0, Max: 320, Diff: 320, Sum: 708, Workers: 4
[41.774s][debug][gc,phases      ] GC(9)   ObjectSynchronizer Weak        Min:  0.0, Avg:  0.0, Max:  0.0, Diff:  0.0, Sum:  0.0, Workers: 4
[41.774s][debug][gc,phases      ] GC(9)     Dead                           Min: 0, Avg:  0.0, Max: 0, Diff: 0, Sum: 0, Workers: 4
[41.774s][debug][gc,phases      ] GC(9)     Total                          Min: 0, Avg:  8.0, Max: 32, Diff: 32, Sum: 32, Workers: 4
[41.774s][debug][gc,phases      ] GC(9)   JVMTI Tag Weak OopStorage      Min:  0.0, Avg:  0.0, Max:  0.0, Diff:  0.0, Sum:  0.0, Workers: 4
[41.774s][debug][gc,phases      ] GC(9)     Dead                           Min: 0, Avg:  0.0, Max: 0, Diff: 0, Sum: 0, Workers: 4
[41.774s][debug][gc,phases      ] GC(9)     Total                          Min: 0, Avg:  0.0, Max: 0, Diff: 0, Sum: 0, Workers: 4
[41.774s][debug][gc,phases      ] GC(9)   StringTable Weak               Min:  0.0, Avg:  0.3, Max:  0.4, Diff:  0.4, Sum:  1.2, Workers: 4
[41.774s][debug][gc,phases      ] GC(9)     Dead                           Min: 0, Avg:  0.2, Max: 1, Diff: 1, Sum: 1, Workers: 4
[41.774s][debug][gc,phases      ] GC(9)     Total                          Min: 0, Avg: 10610.8, Max: 18432, Diff: 18432, Sum: 42443, Workers: 4
[41.774s][debug][gc,phases      ] GC(9)   ResolvedMethodTable Weak       Min:  0.0, Avg:  0.1, Max:  0.1, Diff:  0.1, Sum:  0.3, Workers: 4
[41.774s][debug][gc,phases      ] GC(9)     Dead                           Min: 0, Avg:  0.0, Max: 0, Diff: 0, Sum: 0, Workers: 4
[41.774s][debug][gc,phases      ] GC(9)     Total                          Min: 0, Avg: 2128.5, Max: 3433, Diff: 3433, Sum: 8514, Workers: 4
[41.774s][debug][gc,phases      ] GC(9)   JNI Weak                       Min:  0.0, Avg:  0.0, Max:  0.0, Diff:  0.0, Sum:  0.0, Workers: 4
[41.774s][debug][gc,phases      ] GC(9)     Dead                           Min: 0, Avg:  0.0, Max: 0, Diff: 0, Sum: 0, Workers: 4
[41.774s][debug][gc,phases      ] GC(9)     Total                          Min: 0, Avg: 11.2, Max: 45, Diff: 45, Sum: 45, Workers: 4
[41.774s][debug][gc,phases      ] GC(9)   StringDedup Table Weak         Min:  0.0, Avg:  0.0, Max:  0.0, Diff:  0.0, Sum:  0.0, Workers: 4
[41.774s][debug][gc,phases      ] GC(9)     Dead                           Min: 0, Avg:  0.0, Max: 0, Diff: 0, Sum: 0, Workers: 4
[41.774s][debug][gc,phases      ] GC(9)     Total                          Min: 0, Avg:  0.0, Max: 0, Diff: 0, Sum: 0, Workers: 4
[41.774s][debug][gc,phases      ] GC(9)   StringDedup Requests0 Weak     Min:  0.0, Avg:  0.0, Max:  0.0, Diff:  0.0, Sum:  0.0, Workers: 4
[41.774s][debug][gc,phases      ] GC(9)     Dead                           Min: 0, Avg:  0.0, Max: 0, Diff: 0, Sum: 0, Workers: 4
[41.774s][debug][gc,phases      ] GC(9)     Total                          Min: 0, Avg:  0.0, Max: 0, Diff: 0, Sum: 0, Workers: 4
[41.774s][debug][gc,phases      ] GC(9)   StringDedup Requests1 Weak     Min:  0.0, Avg:  0.0, Max:  0.0, Diff:  0.0, Sum:  0.0, Workers: 4
[41.774s][debug][gc,phases      ] GC(9)     Dead                           Min: 0, Avg:  0.0, Max: 0, Diff: 0, Sum: 0, Workers: 4
[41.774s][debug][gc,phases      ] GC(9)     Total                          Min: 0, Avg:  0.0, Max: 0, Diff: 0, Sum: 0, Workers: 4
[41.774s][debug][gc,phases      ] GC(9)   Weak JFR Old Object Samples    Min:  0.0, Avg:  0.0, Max:  0.0, Diff:  0.0, Sum:  0.0, Workers: 4
[41.774s][debug][gc,phases      ] GC(9)     Dead                           Min: 0, Avg:  0.0, Max: 0, Diff: 0, Sum: 0, Workers: 4
[41.774s][debug][gc,phases      ] GC(9)     Total                          Min: 0, Avg:  0.0, Max: 0, Diff: 0, Sum: 0, Workers: 4
[41.774s][debug][gc,phases      ] GC(9) Weak Processing 0.738ms
[41.774s][debug][gc,age         ] GC(9) Desired survivor size 474480640 bytes, new threshold 10 (max threshold 15)
[41.774s][info ][gc,heap        ] GC(9) PSYoungGen: 1451313K(1572864K)->308008K(1622528K) Eden: 1143296K(1143296K)->0K(1170432K) From: 308017K(429568K)->308008K(452096K)
[41.774s][info ][gc,heap        ] GC(9) ParOldGen: 6247K(18432K)->6255K(18432K)
[41.774s][info ][gc,metaspace   ] GC(9) Metaspace: 78095K(78976K)->78095K(78976K) NonClass: 66799K(67264K)->66799K(67264K) Class: 11296K(11712K)->11296K(11712K)
[41.774s][info ][gc             ] GC(9) Pause Young (Allocation Failure) 1423M->306M(1602M) 107.703ms
[41.774s][info ][gc,cpu         ] GC(9) User=0.38s Sys=0.00s Real=0.11s
[41.774s][info ][safepoint      ] Safepoint "ParallelGCFailedAllocation", Time since last: 550251923 ns, Reaching safepoint: 50601 ns, At safepoint: 107768388 ns, Total: 107818989 ns
[42.774s][info ][safepoint      ] Safepoint "Cleanup", Time since last: 1000080712 ns, Reaching safepoint: 54701 ns, At safepoint: 2000 ns, Total: 56701 ns
[43.775s][info ][safepoint      ] Safepoint "Cleanup", Time since last: 1000112713 ns, Reaching safepoint: 58700 ns, At safepoint: 3300 ns, Total: 62000 ns
[44.775s][info ][safepoint      ] Safepoint "Cleanup", Time since last: 1000075813 ns, Reaching safepoint: 52600 ns, At safepoint: 2400 ns, Total: 55000 ns
[45.775s][info ][safepoint      ] Safepoint "Cleanup", Time since last: 1000104613 ns, Reaching safepoint: 53201 ns, At safepoint: 2900 ns, Total: 56101 ns
[46.775s][info ][safepoint      ] Safepoint "Cleanup", Time since last: 1000117016 ns, Reaching safepoint: 50600 ns, At safepoint: 3200 ns, Total: 53800 ns
[47.775s][info ][safepoint      ] Safepoint "Cleanup", Time since last: 1000109764 ns, Reaching safepoint: 45900 ns, At safepoint: 2500 ns, Total: 48400 ns
[48.775s][info ][safepoint      ] Safepoint "Cleanup", Time since last: 1000103764 ns, Reaching safepoint: 53500 ns, At safepoint: 3100 ns, Total: 56600 ns
[49.775s][info ][safepoint      ] Safepoint "Cleanup", Time since last: 1000140764 ns, Reaching safepoint: 41200 ns, At safepoint: 2800 ns, Total: 44000 ns
[50.776s][info ][safepoint      ] Safepoint "Cleanup", Time since last: 1000105564 ns, Reaching safepoint: 35400 ns, At safepoint: 2200 ns, Total: 37600 ns
[51.776s][info ][safepoint      ] Safepoint "Cleanup", Time since last: 1000102964 ns, Reaching safepoint: 52500 ns, At safepoint: 2700 ns, Total: 55200 ns
[52.776s][info ][safepoint      ] Safepoint "Cleanup", Time since last: 1000117864 ns, Reaching safepoint: 51600 ns, At safepoint: 3300 ns, Total: 54900 ns
[53.776s][info ][safepoint      ] Safepoint "Cleanup", Time since last: 1000126364 ns, Reaching safepoint: 52900 ns, At safepoint: 2100 ns, Total: 55000 ns
[54.776s][info ][safepoint      ] Safepoint "Cleanup", Time since last: 1000149089 ns, Reaching safepoint: 110601 ns, At safepoint: 4200 ns, Total: 114801 ns
[55.777s][info ][safepoint      ] Safepoint "Cleanup", Time since last: 1000112803 ns, Reaching safepoint: 59600 ns, At safepoint: 3500 ns, Total: 63100 ns
[56.777s][info ][safepoint      ] Safepoint "Cleanup", Time since last: 1000088803 ns, Reaching safepoint: 60000 ns, At safepoint: 3400 ns, Total: 63400 ns
[57.777s][info ][safepoint      ] Safepoint "Cleanup", Time since last: 1000077103 ns, Reaching safepoint: 127301 ns, At safepoint: 2500 ns, Total: 129801 ns
[58.777s][info ][safepoint      ] Safepoint "Cleanup", Time since last: 1000110502 ns, Reaching safepoint: 62101 ns, At safepoint: 6200 ns, Total: 68301 ns
[59.962s][info ][gc,start       ] GC(10) Pause Young (Allocation Failure)
[60.074s][debug][gc,phases      ] GC(10) Scavenge 111.734ms
[60.074s][debug][gc,ref         ] GC(10) Skipped phase 1 of Reference Processing: no references
[60.074s][debug][gc,ref         ] GC(10) ReferenceProcessor::execute queues: 4, RefProcThreadModel::Multi, marks_oops_alive: false
[60.076s][debug][gc,ref         ] GC(10) Skipped phase 3 of Reference Processing: no references
[60.076s][debug][gc,ref         ] GC(10) ReferenceProcessor::execute queues: 1, RefProcThreadModel::Single, marks_oops_alive: false
[60.076s][debug][gc,phases      ] GC(10) Reference Processing 1.252ms
[60.076s][debug][gc,phases      ] GC(10)   VM Weak                        Min:  0.0, Avg:  0.0, Max:  0.0, Diff:  0.0, Sum:  0.0, Workers: 4
[60.076s][debug][gc,phases      ] GC(10)     Dead                           Min: 0, Avg:  0.0, Max: 0, Diff: 0, Sum: 0, Workers: 4
[60.076s][debug][gc,phases      ] GC(10)     Total                          Min: 0, Avg: 178.0, Max: 384, Diff: 384, Sum: 712, Workers: 4
[60.076s][debug][gc,phases      ] GC(10)   ObjectSynchronizer Weak        Min:  0.0, Avg:  0.0, Max:  0.0, Diff:  0.0, Sum:  0.0, Workers: 4
[60.076s][debug][gc,phases      ] GC(10)     Dead                           Min: 0, Avg:  0.0, Max: 0, Diff: 0, Sum: 0, Workers: 4
[60.076s][debug][gc,phases      ] GC(10)     Total                          Min: 0, Avg:  8.0, Max: 32, Diff: 32, Sum: 32, Workers: 4
[60.076s][debug][gc,phases      ] GC(10)   JVMTI Tag Weak OopStorage      Min:  0.0, Avg:  0.0, Max:  0.0, Diff:  0.0, Sum:  0.0, Workers: 4
[60.076s][debug][gc,phases      ] GC(10)     Dead                           Min: 0, Avg:  0.0, Max: 0, Diff: 0, Sum: 0, Workers: 4
[60.076s][debug][gc,phases      ] GC(10)     Total                          Min: 0, Avg:  0.0, Max: 0, Diff: 0, Sum: 0, Workers: 4
[60.076s][debug][gc,phases      ] GC(10)   StringTable Weak               Min:  0.0, Avg:  0.3, Max:  0.4, Diff:  0.4, Sum:  1.3, Workers: 4
[60.076s][debug][gc,phases      ] GC(10)     Dead                           Min: 0, Avg:  0.2, Max: 1, Diff: 1, Sum: 1, Workers: 4
[60.076s][debug][gc,phases      ] GC(10)     Total                          Min: 0, Avg: 10646.8, Max: 16000, Diff: 16000, Sum: 42587, Workers: 4
[60.076s][debug][gc,phases      ] GC(10)   ResolvedMethodTable Weak       Min:  0.0, Avg:  0.1, Max:  0.1, Diff:  0.1, Sum:  0.3, Workers: 4
[60.076s][debug][gc,phases      ] GC(10)     Dead                           Min: 0, Avg:  0.0, Max: 0, Diff: 0, Sum: 0, Workers: 4
[60.076s][debug][gc,phases      ] GC(10)     Total                          Min: 0, Avg: 2133.0, Max: 2913, Diff: 2913, Sum: 8532, Workers: 4
[60.076s][debug][gc,phases      ] GC(10)   JNI Weak                       Min:  0.0, Avg:  0.0, Max:  0.0, Diff:  0.0, Sum:  0.0, Workers: 4
[60.076s][debug][gc,phases      ] GC(10)     Dead                           Min: 0, Avg:  0.0, Max: 0, Diff: 0, Sum: 0, Workers: 4
[60.076s][debug][gc,phases      ] GC(10)     Total                          Min: 0, Avg: 11.2, Max: 45, Diff: 45, Sum: 45, Workers: 4
[60.076s][debug][gc,phases      ] GC(10)   StringDedup Table Weak         Min:  0.0, Avg:  0.0, Max:  0.0, Diff:  0.0, Sum:  0.0, Workers: 4
[60.076s][debug][gc,phases      ] GC(10)     Dead                           Min: 0, Avg:  0.0, Max: 0, Diff: 0, Sum: 0, Workers: 4
[60.076s][debug][gc,phases      ] GC(10)     Total                          Min: 0, Avg:  0.0, Max: 0, Diff: 0, Sum: 0, Workers: 4
[60.076s][debug][gc,phases      ] GC(10)   StringDedup Requests0 Weak     Min:  0.0, Avg:  0.0, Max:  0.0, Diff:  0.0, Sum:  0.0, Workers: 4
[60.076s][debug][gc,phases      ] GC(10)     Dead                           Min: 0, Avg:  0.0, Max: 0, Diff: 0, Sum: 0, Workers: 4
[60.076s][debug][gc,phases      ] GC(10)     Total                          Min: 0, Avg:  0.0, Max: 0, Diff: 0, Sum: 0, Workers: 4
[60.076s][debug][gc,phases      ] GC(10)   StringDedup Requests1 Weak     Min:  0.0, Avg:  0.0, Max:  0.0, Diff:  0.0, Sum:  0.0, Workers: 4
[60.076s][debug][gc,phases      ] GC(10)     Dead                           Min: 0, Avg:  0.0, Max: 0, Diff: 0, Sum: 0, Workers: 4
[60.076s][debug][gc,phases      ] GC(10)     Total                          Min: 0, Avg:  0.0, Max: 0, Diff: 0, Sum: 0, Workers: 4
[60.076s][debug][gc,phases      ] GC(10)   Weak JFR Old Object Samples    Min:  0.0, Avg:  0.0, Max:  0.0, Diff:  0.0, Sum:  0.0, Workers: 4
[60.076s][debug][gc,phases      ] GC(10)     Dead                           Min: 0, Avg:  0.0, Max: 0, Diff: 0, Sum: 0, Workers: 4
[60.076s][debug][gc,phases      ] GC(10)     Total                          Min: 0, Avg:  0.0, Max: 0, Diff: 0, Sum: 0, Workers: 4
[60.076s][debug][gc,phases      ] GC(10) Weak Processing 0.799ms
[60.076s][debug][gc,age         ] GC(10) Desired survivor size 479723520 bytes, new threshold 11 (max threshold 15)
[60.076s][info ][gc,heap        ] GC(10) PSYoungGen: 1478440K(1622528K)->307954K(1478656K) Eden: 1170432K(1170432K)->0K(1170432K) From: 308008K(452096K)->307954K(308224K)
[60.076s][info ][gc,heap        ] GC(10) ParOldGen: 6255K(18432K)->6263K(18432K)
[60.076s][info ][gc,metaspace   ] GC(10) Metaspace: 78226K(79104K)->78226K(79104K) NonClass: 66922K(67392K)->66922K(67392K) Class: 11304K(11712K)->11304K(11712K)
[60.076s][info ][gc             ] GC(10) Pause Young (Allocation Failure) 1449M->306M(1462M) 113.935ms
[60.076s][info ][gc,cpu         ] GC(10) User=0.39s Sys=0.00s Real=0.11s
[60.076s][info ][safepoint      ] Safepoint "ParallelGCFailedAllocation", Time since last: 1185186736 ns, Reaching safepoint: 130801 ns, At safepoint: 114019721 ns, Total: 114150522 ns
[61.077s][info ][safepoint      ] Safepoint "Cleanup", Time since last: 1000313604 ns, Reaching safepoint: 130601 ns, At safepoint: 4700 ns, Total: 135301 ns
[62.077s][info ][safepoint      ] Safepoint "Cleanup", Time since last: 1000103603 ns, Reaching safepoint: 76800 ns, At safepoint: 2500 ns, Total: 79300 ns
[63.077s][info ][safepoint      ] Safepoint "Cleanup", Time since last: 1000105276 ns, Reaching safepoint: 44200 ns, At safepoint: 7000 ns, Total: 51200 ns
[64.077s][info ][safepoint      ] Safepoint "Cleanup", Time since last: 1000110474 ns, Reaching safepoint: 79400 ns, At safepoint: 2400 ns, Total: 81800 ns
[65.078s][info ][safepoint      ] Safepoint "Cleanup", Time since last: 1000118074 ns, Reaching safepoint: 333103 ns, At safepoint: 6800 ns, Total: 339903 ns
[66.078s][info ][safepoint      ] Safepoint "Cleanup", Time since last: 1000109373 ns, Reaching safepoint: 51601 ns, At safepoint: 4800 ns, Total: 56401 ns
[67.078s][info ][safepoint      ] Safepoint "Cleanup", Time since last: 1000110374 ns, Reaching safepoint: 54600 ns, At safepoint: 3600 ns, Total: 58200 ns
[69.078s][info ][safepoint      ] Safepoint "Cleanup", Time since last: 2000170647 ns, Reaching safepoint: 55900 ns, At safepoint: 2800 ns, Total: 58700 ns
[70.079s][info ][safepoint      ] Safepoint "Cleanup", Time since last: 1000101974 ns, Reaching safepoint: 79101 ns, At safepoint: 2600 ns, Total: 81701 ns
[71.079s][info ][safepoint      ] Safepoint "Cleanup", Time since last: 1000100507 ns, Reaching safepoint: 66100 ns, At safepoint: 6200 ns, Total: 72300 ns
[72.079s][info ][safepoint      ] Safepoint "Cleanup", Time since last: 1000118010 ns, Reaching safepoint: 83400 ns, At safepoint: 4600 ns, Total: 88000 ns
[73.079s][info ][safepoint      ] Safepoint "Cleanup", Time since last: 1000100110 ns, Reaching safepoint: 42300 ns, At safepoint: 10500 ns, Total: 52800 ns
[74.079s][info ][safepoint      ] Safepoint "Cleanup", Time since last: 1000099810 ns, Reaching safepoint: 37500 ns, At safepoint: 5200 ns, Total: 42700 ns
[75.079s][info ][safepoint      ] Safepoint "Cleanup", Time since last: 1000114810 ns, Reaching safepoint: 54100 ns, At safepoint: 2100 ns, Total: 56200 ns
[76.080s][info ][safepoint      ] Safepoint "Cleanup", Time since last: 1000104909 ns, Reaching safepoint: 55801 ns, At safepoint: 2500 ns, Total: 58301 ns
[77.114s][info ][gc,start       ] GC(11) Pause Young (Allocation Failure)
[77.219s][debug][gc,phases      ] GC(11) Scavenge 105.389ms
[77.219s][debug][gc,ref         ] GC(11) Skipped phase 1 of Reference Processing: no references
[77.219s][debug][gc,ref         ] GC(11) ReferenceProcessor::execute queues: 4, RefProcThreadModel::Multi, marks_oops_alive: false
[77.220s][debug][gc,ref         ] GC(11) Skipped phase 3 of Reference Processing: no references
[77.220s][debug][gc,ref         ] GC(11) ReferenceProcessor::execute queues: 1, RefProcThreadModel::Single, marks_oops_alive: false
[77.220s][debug][gc,phases      ] GC(11) Reference Processing 0.836ms
[77.220s][debug][gc,phases      ] GC(11)   VM Weak                        Min:  0.0, Avg:  0.0, Max:  0.0, Diff:  0.0, Sum:  0.0, Workers: 4
[77.220s][debug][gc,phases      ] GC(11)     Dead                           Min: 0, Avg:  0.0, Max: 0, Diff: 0, Sum: 0, Workers: 4
[77.220s][debug][gc,phases      ] GC(11)     Total                          Min: 0, Avg: 178.2, Max: 448, Diff: 448, Sum: 713, Workers: 4
[77.220s][debug][gc,phases      ] GC(11)   ObjectSynchronizer Weak        Min:  0.0, Avg:  0.0, Max:  0.0, Diff:  0.0, Sum:  0.0, Workers: 4
[77.220s][debug][gc,phases      ] GC(11)     Dead                           Min: 0, Avg:  0.0, Max: 0, Diff: 0, Sum: 0, Workers: 4
[77.220s][debug][gc,phases      ] GC(11)     Total                          Min: 0, Avg:  8.0, Max: 32, Diff: 32, Sum: 32, Workers: 4
[77.220s][debug][gc,phases      ] GC(11)   JVMTI Tag Weak OopStorage      Min:  0.0, Avg:  0.0, Max:  0.0, Diff:  0.0, Sum:  0.0, Workers: 4
[77.220s][debug][gc,phases      ] GC(11)     Dead                           Min: 0, Avg:  0.0, Max: 0, Diff: 0, Sum: 0, Workers: 4
[77.220s][debug][gc,phases      ] GC(11)     Total                          Min: 0, Avg:  0.0, Max: 0, Diff: 0, Sum: 0, Workers: 4
[77.220s][debug][gc,phases      ] GC(11)   StringTable Weak               Min:  0.3, Avg:  0.3, Max:  0.3, Diff:  0.0, Sum:  1.2, Workers: 4
[77.220s][debug][gc,phases      ] GC(11)     Dead                           Min: 0, Avg:  0.8, Max: 2, Diff: 2, Sum: 3, Workers: 4
[77.220s][debug][gc,phases      ] GC(11)     Total                          Min: 10048, Avg: 10672.2, Max: 11712, Diff: 1664, Sum: 42689, Workers: 4
[77.220s][debug][gc,phases      ] GC(11)   ResolvedMethodTable Weak       Min:  0.1, Avg:  0.1, Max:  0.1, Diff:  0.0, Sum:  0.3, Workers: 4
[77.220s][debug][gc,phases      ] GC(11)     Dead                           Min: 0, Avg:  0.2, Max: 1, Diff: 1, Sum: 1, Workers: 4
[77.220s][debug][gc,phases      ] GC(11)     Total                          Min: 1820, Avg: 2136.2, Max: 2414, Diff: 594, Sum: 8545, Workers: 4
[77.220s][debug][gc,phases      ] GC(11)   JNI Weak                       Min:  0.0, Avg:  0.0, Max:  0.0, Diff:  0.0, Sum:  0.0, Workers: 4
[77.220s][debug][gc,phases      ] GC(11)     Dead                           Min: 0, Avg:  0.0, Max: 0, Diff: 0, Sum: 0, Workers: 4
[77.220s][debug][gc,phases      ] GC(11)     Total                          Min: 0, Avg: 11.2, Max: 45, Diff: 45, Sum: 45, Workers: 4
[77.220s][debug][gc,phases      ] GC(11)   StringDedup Table Weak         Min:  0.0, Avg:  0.0, Max:  0.0, Diff:  0.0, Sum:  0.0, Workers: 4
[77.220s][debug][gc,phases      ] GC(11)     Dead                           Min: 0, Avg:  0.0, Max: 0, Diff: 0, Sum: 0, Workers: 4
[77.220s][debug][gc,phases      ] GC(11)     Total                          Min: 0, Avg:  0.0, Max: 0, Diff: 0, Sum: 0, Workers: 4
[77.220s][debug][gc,phases      ] GC(11)   StringDedup Requests0 Weak     Min:  0.0, Avg:  0.0, Max:  0.0, Diff:  0.0, Sum:  0.0, Workers: 4
[77.220s][debug][gc,phases      ] GC(11)     Dead                           Min: 0, Avg:  0.0, Max: 0, Diff: 0, Sum: 0, Workers: 4
[77.220s][debug][gc,phases      ] GC(11)     Total                          Min: 0, Avg:  0.0, Max: 0, Diff: 0, Sum: 0, Workers: 4
[77.220s][debug][gc,phases      ] GC(11)   StringDedup Requests1 Weak     Min:  0.0, Avg:  0.0, Max:  0.0, Diff:  0.0, Sum:  0.0, Workers: 4
[77.220s][debug][gc,phases      ] GC(11)     Dead                           Min: 0, Avg:  0.0, Max: 0, Diff: 0, Sum: 0, Workers: 4
[77.220s][debug][gc,phases      ] GC(11)     Total                          Min: 0, Avg:  0.0, Max: 0, Diff: 0, Sum: 0, Workers: 4
[77.220s][debug][gc,phases      ] GC(11)   Weak JFR Old Object Samples    Min:  0.0, Avg:  0.0, Max:  0.0, Diff:  0.0, Sum:  0.0, Workers: 4
[77.220s][debug][gc,phases      ] GC(11)     Dead                           Min: 0, Avg:  0.0, Max: 0, Diff: 0, Sum: 0, Workers: 4
[77.220s][debug][gc,phases      ] GC(11)     Total                          Min: 0, Avg:  0.0, Max: 0, Diff: 0, Sum: 0, Workers: 4
[77.220s][debug][gc,phases      ] GC(11) Weak Processing 0.559ms
[77.220s][debug][gc,age         ] GC(11) Desired survivor size 481296384 bytes, new threshold 12 (max threshold 15)
[77.220s][info ][gc,heap        ] GC(11) PSYoungGen: 1478386K(1478656K)->306865K(1625600K) Eden: 1170432K(1170432K)->0K(1157120K) From: 307954K(308224K)->306865K(468480K)
[77.220s][info ][gc,heap        ] GC(11) ParOldGen: 6263K(18432K)->6271K(18432K)
[77.220s][info ][gc,metaspace   ] GC(11) Metaspace: 78441K(79296K)->78441K(79296K) NonClass: 67123K(67584K)->67123K(67584K) Class: 11317K(11712K)->11317K(11712K)
[77.220s][info ][gc             ] GC(11) Pause Young (Allocation Failure) 1449M->305M(1605M) 106.904ms
[77.220s][info ][gc,cpu         ] GC(11) User=0.37s Sys=0.00s Real=0.11s
[77.220s][info ][safepoint      ] Safepoint "ParallelGCFailedAllocation", Time since last: 1033802952 ns, Reaching safepoint: 53101 ns, At safepoint: 106967971 ns, Total: 107021072 ns
[78.221s][info ][safepoint      ] Safepoint "Cleanup", Time since last: 1000079421 ns, Reaching safepoint: 74200 ns, At safepoint: 4900 ns, Total: 79100 ns
[79.221s][info ][safepoint      ] Safepoint "Cleanup", Time since last: 1000101087 ns, Reaching safepoint: 59001 ns, At safepoint: 8200 ns, Total: 67201 ns
[80.221s][info ][safepoint      ] Safepoint "Cleanup", Time since last: 1000113186 ns, Reaching safepoint: 67901 ns, At safepoint: 3000 ns, Total: 70901 ns
[81.221s][info ][safepoint      ] Safepoint "Cleanup", Time since last: 1000109487 ns, Reaching safepoint: 58300 ns, At safepoint: 3100 ns, Total: 61400 ns
[82.221s][info ][safepoint      ] Safepoint "Cleanup", Time since last: 1000106687 ns, Reaching safepoint: 211001 ns, At safepoint: 4100 ns, Total: 215101 ns
[83.222s][info ][safepoint      ] Safepoint "Cleanup", Time since last: 1000093587 ns, Reaching safepoint: 102201 ns, At safepoint: 8100 ns, Total: 110301 ns
[84.222s][info ][safepoint      ] Safepoint "Cleanup", Time since last: 1000103787 ns, Reaching safepoint: 68300 ns, At safepoint: 3900 ns, Total: 72200 ns
[85.222s][info ][safepoint      ] Safepoint "Cleanup", Time since last: 1000064087 ns, Reaching safepoint: 52600 ns, At safepoint: 7700 ns, Total: 60300 ns
[86.222s][info ][safepoint      ] Safepoint "Cleanup", Time since last: 1000115777 ns, Reaching safepoint: 56401 ns, At safepoint: 2600 ns, Total: 59001 ns
[87.222s][info ][safepoint      ] Safepoint "Cleanup", Time since last: 1000102134 ns, Reaching safepoint: 62501 ns, At safepoint: 6400 ns, Total: 68901 ns
[88.223s][info ][safepoint      ] Safepoint "Cleanup", Time since last: 1000113034 ns, Reaching safepoint: 58101 ns, At safepoint: 5400 ns, Total: 63501 ns
[89.223s][info ][safepoint      ] Safepoint "Cleanup", Time since last: 1000124734 ns, Reaching safepoint: 47201 ns, At safepoint: 3200 ns, Total: 50401 ns
[90.223s][info ][safepoint      ] Safepoint "Cleanup", Time since last: 1000105134 ns, Reaching safepoint: 48501 ns, At safepoint: 2700 ns, Total: 51201 ns
[91.223s][info ][safepoint      ] Safepoint "Cleanup", Time since last: 1000103934 ns, Reaching safepoint: 49300 ns, At safepoint: 2600 ns, Total: 51900 ns
[92.223s][info ][safepoint      ] Safepoint "Cleanup", Time since last: 1000112135 ns, Reaching safepoint: 31300 ns, At safepoint: 2500 ns, Total: 33800 ns
[93.223s][info ][safepoint      ] Safepoint "Cleanup", Time since last: 1000100435 ns, Reaching safepoint: 66700 ns, At safepoint: 5300 ns, Total: 72000 ns
[94.213s][info ][gc,start       ] GC(12) Pause Young (Allocation Failure)
[94.332s][debug][gc,phases      ] GC(12) Scavenge 118.773ms
[94.332s][debug][gc,ref         ] GC(12) Skipped phase 1 of Reference Processing: no references
[94.332s][debug][gc,ref         ] GC(12) ReferenceProcessor::execute queues: 4, RefProcThreadModel::Multi, marks_oops_alive: false
[94.333s][debug][gc,ref         ] GC(12) Skipped phase 3 of Reference Processing: no references
[94.333s][debug][gc,ref         ] GC(12) ReferenceProcessor::execute queues: 1, RefProcThreadModel::Single, marks_oops_alive: false
[94.333s][debug][gc,phases      ] GC(12) Reference Processing 1.002ms
[94.334s][debug][gc,phases      ] GC(12)   VM Weak                        Min:  0.0, Avg:  0.0, Max:  0.0, Diff:  0.0, Sum:  0.0, Workers: 4
[94.334s][debug][gc,phases      ] GC(12)     Dead                           Min: 0, Avg:  0.0, Max: 0, Diff: 0, Sum: 0, Workers: 4
[94.334s][debug][gc,phases      ] GC(12)     Total                          Min: 0, Avg: 181.0, Max: 448, Diff: 448, Sum: 724, Workers: 4
[94.334s][debug][gc,phases      ] GC(12)   ObjectSynchronizer Weak        Min:  0.0, Avg:  0.0, Max:  0.0, Diff:  0.0, Sum:  0.0, Workers: 4
[94.334s][debug][gc,phases      ] GC(12)     Dead                           Min: 0, Avg:  0.0, Max: 0, Diff: 0, Sum: 0, Workers: 4
[94.334s][debug][gc,phases      ] GC(12)     Total                          Min: 0, Avg:  8.0, Max: 32, Diff: 32, Sum: 32, Workers: 4
[94.334s][debug][gc,phases      ] GC(12)   JVMTI Tag Weak OopStorage      Min:  0.0, Avg:  0.0, Max:  0.0, Diff:  0.0, Sum:  0.0, Workers: 4
[94.334s][debug][gc,phases      ] GC(12)     Dead                           Min: 0, Avg:  0.0, Max: 0, Diff: 0, Sum: 0, Workers: 4
[94.334s][debug][gc,phases      ] GC(12)     Total                          Min: 0, Avg:  0.0, Max: 0, Diff: 0, Sum: 0, Workers: 4
[94.334s][debug][gc,phases      ] GC(12)   StringTable Weak               Min:  0.0, Avg:  0.3, Max:  0.6, Diff:  0.6, Sum:  1.1, Workers: 4
[94.334s][debug][gc,phases      ] GC(12)     Dead                           Min: 0, Avg:  0.5, Max: 2, Diff: 2, Sum: 2, Workers: 4
[94.334s][debug][gc,phases      ] GC(12)     Total                          Min: 0, Avg: 10699.5, Max: 21695, Diff: 21695, Sum: 42798, Workers: 4
[94.334s][debug][gc,phases      ] GC(12)   ResolvedMethodTable Weak       Min:  0.0, Avg:  0.1, Max:  0.1, Diff:  0.1, Sum:  0.3, Workers: 4
[94.334s][debug][gc,phases      ] GC(12)     Dead                           Min: 0, Avg:  0.0, Max: 0, Diff: 0, Sum: 0, Workers: 4
[94.334s][debug][gc,phases      ] GC(12)     Total                          Min: 0, Avg: 2157.0, Max: 4346, Diff: 4346, Sum: 8628, Workers: 4
[94.334s][debug][gc,phases      ] GC(12)   JNI Weak                       Min:  0.0, Avg:  0.0, Max:  0.0, Diff:  0.0, Sum:  0.0, Workers: 4
[94.334s][debug][gc,phases      ] GC(12)     Dead                           Min: 0, Avg:  0.0, Max: 0, Diff: 0, Sum: 0, Workers: 4
[94.334s][debug][gc,phases      ] GC(12)     Total                          Min: 0, Avg: 11.2, Max: 45, Diff: 45, Sum: 45, Workers: 4
[94.334s][debug][gc,phases      ] GC(12)   StringDedup Table Weak         Min:  0.0, Avg:  0.0, Max:  0.0, Diff:  0.0, Sum:  0.0, Workers: 4
[94.334s][debug][gc,phases      ] GC(12)     Dead                           Min: 0, Avg:  0.0, Max: 0, Diff: 0, Sum: 0, Workers: 4
[94.334s][debug][gc,phases      ] GC(12)     Total                          Min: 0, Avg:  0.0, Max: 0, Diff: 0, Sum: 0, Workers: 4
[94.334s][debug][gc,phases      ] GC(12)   StringDedup Requests0 Weak     Min:  0.0, Avg:  0.0, Max:  0.0, Diff:  0.0, Sum:  0.0, Workers: 4
[94.334s][debug][gc,phases      ] GC(12)     Dead                           Min: 0, Avg:  0.0, Max: 0, Diff: 0, Sum: 0, Workers: 4
[94.334s][debug][gc,phases      ] GC(12)     Total                          Min: 0, Avg:  0.0, Max: 0, Diff: 0, Sum: 0, Workers: 4
[94.334s][debug][gc,phases      ] GC(12)   StringDedup Requests1 Weak     Min:  0.0, Avg:  0.0, Max:  0.0, Diff:  0.0, Sum:  0.0, Workers: 4
[94.334s][debug][gc,phases      ] GC(12)     Dead                           Min: 0, Avg:  0.0, Max: 0, Diff: 0, Sum: 0, Workers: 4
[94.334s][debug][gc,phases      ] GC(12)     Total                          Min: 0, Avg:  0.0, Max: 0, Diff: 0, Sum: 0, Workers: 4
[94.334s][debug][gc,phases      ] GC(12)   Weak JFR Old Object Samples    Min:  0.0, Avg:  0.0, Max:  0.0, Diff:  0.0, Sum:  0.0, Workers: 4
[94.334s][debug][gc,phases      ] GC(12)     Dead                           Min: 0, Avg:  0.0, Max: 0, Diff: 0, Sum: 0, Workers: 4
[94.334s][debug][gc,phases      ] GC(12)     Total                          Min: 0, Avg:  0.0, Max: 0, Diff: 0, Sum: 0, Workers: 4
[94.334s][debug][gc,phases      ] GC(12) Weak Processing 0.866ms
[94.334s][debug][gc,age         ] GC(12) Desired survivor size 480772096 bytes, new threshold 13 (max threshold 15)
[94.334s][info ][gc,heap        ] GC(12) PSYoungGen: 1463985K(1625600K)->307032K(1627136K) Eden: 1157120K(1157120K)->0K(1157120K) From: 306865K(468480K)->307032K(470016K)
[94.334s][info ][gc,heap        ] GC(12) ParOldGen: 6271K(18432K)->6279K(18432K)
[94.334s][info ][gc,metaspace   ] GC(12) Metaspace: 78719K(79616K)->78719K(79616K) NonClass: 67358K(67840K)->67358K(67840K) Class: 11360K(11776K)->11360K(11776K)
[94.334s][info ][gc             ] GC(12) Pause Young (Allocation Failure) 1435M->305M(1607M) 120.764ms
[94.334s][info ][gc,cpu         ] GC(12) User=0.37s Sys=0.00s Real=0.12s
[94.334s][info ][safepoint      ] Safepoint "ParallelGCFailedAllocation", Time since last: 989600174 ns, Reaching safepoint: 49201 ns, At safepoint: 120832816 ns, Total: 120882017 ns
[95.334s][info ][safepoint      ] Safepoint "Cleanup", Time since last: 1000089087 ns, Reaching safepoint: 58300 ns, At safepoint: 6100 ns, Total: 64400 ns
[96.334s][info ][safepoint      ] Safepoint "Cleanup", Time since last: 1000125587 ns, Reaching safepoint: 47300 ns, At safepoint: 2300 ns, Total: 49600 ns
[97.334s][info ][safepoint      ] Safepoint "Cleanup", Time since last: 1000115287 ns, Reaching safepoint: 47900 ns, At safepoint: 3100 ns, Total: 51000 ns
[98.335s][info ][safepoint      ] Safepoint "Cleanup", Time since last: 1000128187 ns, Reaching safepoint: 118801 ns, At safepoint: 6900 ns, Total: 125701 ns
[99.335s][info ][safepoint      ] Safepoint "Cleanup", Time since last: 1000105286 ns, Reaching safepoint: 55301 ns, At safepoint: 13400 ns, Total: 68701 ns
[100.335s][info ][safepoint      ] Safepoint "Cleanup", Time since last: 1000114187 ns, Reaching safepoint: 43500 ns, At safepoint: 2700 ns, Total: 46200 ns
[101.335s][info ][safepoint      ] Safepoint "Cleanup", Time since last: 1000115486 ns, Reaching safepoint: 68601 ns, At safepoint: 6700 ns, Total: 75301 ns
[102.335s][info ][safepoint      ] Safepoint "Cleanup", Time since last: 1000106493 ns, Reaching safepoint: 52305 ns, At safepoint: 3601 ns, Total: 55906 ns
[103.615s][info ][safepoint      ] Safepoint "Cleanup", Time since last: 1279928457 ns, Reaching safepoint: 157101 ns, At safepoint: 5801 ns, Total: 162902 ns
[105.430s][info ][safepoint      ] Safepoint "Cleanup", Time since last: 1814907311 ns, Reaching safepoint: 70501 ns, At safepoint: 6100 ns, Total: 76601 ns
[106.431s][info ][safepoint      ] Safepoint "Cleanup", Time since last: 1000133725 ns, Reaching safepoint: 75101 ns, At safepoint: 4900 ns, Total: 80001 ns
[107.431s][info ][safepoint      ] Safepoint "Cleanup", Time since last: 1000125925 ns, Reaching safepoint: 64300 ns, At safepoint: 3200 ns, Total: 67500 ns
[108.431s][info ][safepoint      ] Safepoint "Cleanup", Time since last: 1000118426 ns, Reaching safepoint: 50400 ns, At safepoint: 3200 ns, Total: 53600 ns
[109.431s][info ][safepoint      ] Safepoint "Cleanup", Time since last: 1000107625 ns, Reaching safepoint: 40801 ns, At safepoint: 3700 ns, Total: 44501 ns
[110.431s][info ][safepoint      ] Safepoint "Cleanup", Time since last: 1000103377 ns, Reaching safepoint: 38600 ns, At safepoint: 2200 ns, Total: 40800 ns
[111.431s][info ][safepoint      ] Safepoint "Cleanup", Time since last: 1000093257 ns, Reaching safepoint: 36001 ns, At safepoint: 3100 ns, Total: 39101 ns
[112.212s][info ][gc,start       ] GC(13) Pause Young (Allocation Failure)
[112.320s][debug][gc,phases      ] GC(13) Scavenge 107.673ms
[112.320s][debug][gc,ref         ] GC(13) Skipped phase 1 of Reference Processing: no references
[112.320s][debug][gc,ref         ] GC(13) ReferenceProcessor::execute queues: 4, RefProcThreadModel::Multi, marks_oops_alive: false
[112.321s][debug][gc,ref         ] GC(13) Skipped phase 3 of Reference Processing: no references
[112.321s][debug][gc,ref         ] GC(13) ReferenceProcessor::execute queues: 1, RefProcThreadModel::Single, marks_oops_alive: false
[112.321s][debug][gc,phases      ] GC(13) Reference Processing 0.685ms
[112.321s][debug][gc,phases      ] GC(13)   VM Weak                        Min:  0.0, Avg:  0.0, Max:  0.0, Diff:  0.0, Sum:  0.0, Workers: 4
[112.321s][debug][gc,phases      ] GC(13)     Dead                           Min: 0, Avg:  0.0, Max: 0, Diff: 0, Sum: 0, Workers: 4
[112.321s][debug][gc,phases      ] GC(13)     Total                          Min: 0, Avg: 181.0, Max: 384, Diff: 384, Sum: 724, Workers: 4
[112.321s][debug][gc,phases      ] GC(13)   ObjectSynchronizer Weak        Min:  0.0, Avg:  0.0, Max:  0.0, Diff:  0.0, Sum:  0.0, Workers: 4
[112.321s][debug][gc,phases      ] GC(13)     Dead                           Min: 0, Avg:  0.0, Max: 0, Diff: 0, Sum: 0, Workers: 4
[112.321s][debug][gc,phases      ] GC(13)     Total                          Min: 0, Avg:  8.0, Max: 32, Diff: 32, Sum: 32, Workers: 4
[112.321s][debug][gc,phases      ] GC(13)   JVMTI Tag Weak OopStorage      Min:  0.0, Avg:  0.0, Max:  0.0, Diff:  0.0, Sum:  0.0, Workers: 4
[112.321s][debug][gc,phases      ] GC(13)     Dead                           Min: 0, Avg:  0.0, Max: 0, Diff: 0, Sum: 0, Workers: 4
[112.321s][debug][gc,phases      ] GC(13)     Total                          Min: 0, Avg:  0.0, Max: 0, Diff: 0, Sum: 0, Workers: 4
[112.321s][debug][gc,phases      ] GC(13)   StringTable Weak               Min:  0.0, Avg:  0.3, Max:  0.4, Diff:  0.4, Sum:  1.1, Workers: 4
[112.321s][debug][gc,phases      ] GC(13)     Dead                           Min: 0, Avg:  0.0, Max: 0, Diff: 0, Sum: 0, Workers: 4
[112.321s][debug][gc,phases      ] GC(13)     Total                          Min: 0, Avg: 10712.0, Max: 19200, Diff: 19200, Sum: 42848, Workers: 4
[112.321s][debug][gc,phases      ] GC(13)   ResolvedMethodTable Weak       Min:  0.0, Avg:  0.1, Max:  0.1, Diff:  0.1, Sum:  0.2, Workers: 4
[112.321s][debug][gc,phases      ] GC(13)     Dead                           Min: 0, Avg:  0.0, Max: 0, Diff: 0, Sum: 0, Workers: 4
[112.321s][debug][gc,phases      ] GC(13)     Total                          Min: 0, Avg: 2157.0, Max: 3852, Diff: 3852, Sum: 8628, Workers: 4
[112.321s][debug][gc,phases      ] GC(13)   JNI Weak                       Min:  0.0, Avg:  0.0, Max:  0.0, Diff:  0.0, Sum:  0.0, Workers: 4
[112.321s][debug][gc,phases      ] GC(13)     Dead                           Min: 0, Avg:  0.0, Max: 0, Diff: 0, Sum: 0, Workers: 4
[112.321s][debug][gc,phases      ] GC(13)     Total                          Min: 0, Avg: 11.2, Max: 45, Diff: 45, Sum: 45, Workers: 4
[112.321s][debug][gc,phases      ] GC(13)   StringDedup Table Weak         Min:  0.0, Avg:  0.0, Max:  0.0, Diff:  0.0, Sum:  0.0, Workers: 4
[112.321s][debug][gc,phases      ] GC(13)     Dead                           Min: 0, Avg:  0.0, Max: 0, Diff: 0, Sum: 0, Workers: 4
[112.321s][debug][gc,phases      ] GC(13)     Total                          Min: 0, Avg:  0.0, Max: 0, Diff: 0, Sum: 0, Workers: 4
[112.321s][debug][gc,phases      ] GC(13)   StringDedup Requests0 Weak     Min:  0.0, Avg:  0.0, Max:  0.0, Diff:  0.0, Sum:  0.0, Workers: 4
[112.321s][debug][gc,phases      ] GC(13)     Dead                           Min: 0, Avg:  0.0, Max: 0, Diff: 0, Sum: 0, Workers: 4
[112.321s][debug][gc,phases      ] GC(13)     Total                          Min: 0, Avg:  0.0, Max: 0, Diff: 0, Sum: 0, Workers: 4
[112.321s][debug][gc,phases      ] GC(13)   StringDedup Requests1 Weak     Min:  0.0, Avg:  0.0, Max:  0.0, Diff:  0.0, Sum:  0.0, Workers: 4
[112.321s][debug][gc,phases      ] GC(13)     Dead                           Min: 0, Avg:  0.0, Max: 0, Diff: 0, Sum: 0, Workers: 4
[112.321s][debug][gc,phases      ] GC(13)     Total                          Min: 0, Avg:  0.0, Max: 0, Diff: 0, Sum: 0, Workers: 4
[112.321s][debug][gc,phases      ] GC(13)   Weak JFR Old Object Samples    Min:  0.0, Avg:  0.0, Max:  0.0, Diff:  0.0, Sum:  0.0, Workers: 4
[112.321s][debug][gc,phases      ] GC(13)     Dead                           Min: 0, Avg:  0.0, Max: 0, Diff: 0, Sum: 0, Workers: 4
[112.321s][debug][gc,phases      ] GC(13)     Total                          Min: 0, Avg:  0.0, Max: 0, Diff: 0, Sum: 0, Workers: 4
[112.321s][debug][gc,phases      ] GC(13) Weak Processing 0.612ms
[112.321s][debug][gc,age         ] GC(13) Desired survivor size 478150656 bytes, new threshold 14 (max threshold 15)
[112.321s][info ][gc,heap        ] GC(13) PSYoungGen: 1464152K(1627136K)->306993K(1630208K) Eden: 1157120K(1157120K)->0K(1160704K) From: 307032K(470016K)->306993K(469504K)
[112.321s][info ][gc,heap        ] GC(13) ParOldGen: 6279K(18432K)->6287K(18432K)
[112.321s][info ][gc,metaspace   ] GC(13) Metaspace: 78747K(79616K)->78747K(79616K) NonClass: 67385K(67840K)->67385K(67840K) Class: 11362K(11776K)->11362K(11776K)
[112.321s][info ][gc             ] GC(13) Pause Young (Allocation Failure) 1435M->305M(1610M) 109.097ms
[112.321s][info ][gc,cpu         ] GC(13) User=0.38s Sys=0.00s Real=0.11s
[112.321s][info ][safepoint      ] Safepoint "ParallelGCFailedAllocation", Time since last: 780928658 ns, Reaching safepoint: 42401 ns, At safepoint: 109164594 ns, Total: 109206995 ns
[113.322s][info ][safepoint      ] Safepoint "Cleanup", Time since last: 1000433361 ns, Reaching safepoint: 69201 ns, At safepoint: 4600 ns, Total: 73801 ns
[114.322s][info ][safepoint      ] Safepoint "Cleanup", Time since last: 1000111657 ns, Reaching safepoint: 37401 ns, At safepoint: 3800 ns, Total: 41201 ns
[115.322s][info ][safepoint      ] Safepoint "Cleanup", Time since last: 1000103410 ns, Reaching safepoint: 41601 ns, At safepoint: 2700 ns, Total: 44301 ns
[117.322s][info ][safepoint      ] Safepoint "Cleanup", Time since last: 2000177658 ns, Reaching safepoint: 44301 ns, At safepoint: 2600 ns, Total: 46901 ns
[118.323s][info ][safepoint      ] Safepoint "Cleanup", Time since last: 1000103771 ns, Reaching safepoint: 29501 ns, At safepoint: 2500 ns, Total: 32001 ns
[119.323s][info ][safepoint      ] Safepoint "Cleanup", Time since last: 1000105680 ns, Reaching safepoint: 44401 ns, At safepoint: 2700 ns, Total: 47101 ns
[120.323s][info ][safepoint      ] Safepoint "Cleanup", Time since last: 1000101480 ns, Reaching safepoint: 47301 ns, At safepoint: 2500 ns, Total: 49801 ns
[121.323s][info ][safepoint      ] Safepoint "Cleanup", Time since last: 1000111580 ns, Reaching safepoint: 49701 ns, At safepoint: 3200 ns, Total: 52901 ns
[123.323s][info ][safepoint      ] Safepoint "Cleanup", Time since last: 2000158716 ns, Reaching safepoint: 35701 ns, At safepoint: 8400 ns, Total: 44101 ns
[124.323s][info ][safepoint      ] Safepoint "Cleanup", Time since last: 1000084044 ns, Reaching safepoint: 82801 ns, At safepoint: 2800 ns, Total: 85601 ns
[125.324s][info ][safepoint      ] Safepoint "Cleanup", Time since last: 1000125545 ns, Reaching safepoint: 46501 ns, At safepoint: 2800 ns, Total: 49301 ns
[126.324s][info ][safepoint      ] Safepoint "Cleanup", Time since last: 1000100755 ns, Reaching safepoint: 52700 ns, At safepoint: 3200 ns, Total: 55900 ns
[127.324s][info ][safepoint      ] Safepoint "Cleanup", Time since last: 1000104924 ns, Reaching safepoint: 52100 ns, At safepoint: 3500 ns, Total: 55600 ns
[128.324s][info ][safepoint      ] Safepoint "Cleanup", Time since last: 1000064623 ns, Reaching safepoint: 44301 ns, At safepoint: 3100 ns, Total: 47401 ns
[129.324s][info ][safepoint      ] Safepoint "Cleanup", Time since last: 1000115623 ns, Reaching safepoint: 40500 ns, At safepoint: 2900 ns, Total: 43400 ns
[130.112s][info ][gc,start       ] GC(14) Pause Young (Allocation Failure)
[130.218s][debug][gc,phases      ] GC(14) Scavenge 106.619ms
[130.218s][debug][gc,ref         ] GC(14) Skipped phase 1 of Reference Processing: no references
[130.218s][debug][gc,ref         ] GC(14) ReferenceProcessor::execute queues: 4, RefProcThreadModel::Multi, marks_oops_alive: false
[130.219s][debug][gc,ref         ] GC(14) Skipped phase 3 of Reference Processing: no references
[130.219s][debug][gc,ref         ] GC(14) ReferenceProcessor::execute queues: 1, RefProcThreadModel::Single, marks_oops_alive: false
[130.219s][debug][gc,phases      ] GC(14) Reference Processing 0.754ms
[130.220s][debug][gc,phases      ] GC(14)   VM Weak                        Min:  0.0, Avg:  0.0, Max:  0.0, Diff:  0.0, Sum:  0.0, Workers: 4
[130.220s][debug][gc,phases      ] GC(14)     Dead                           Min: 0, Avg:  0.0, Max: 0, Diff: 0, Sum: 0, Workers: 4
[130.220s][debug][gc,phases      ] GC(14)     Total                          Min: 0, Avg: 181.0, Max: 468, Diff: 468, Sum: 724, Workers: 4
[130.220s][debug][gc,phases      ] GC(14)   ObjectSynchronizer Weak        Min:  0.0, Avg:  0.0, Max:  0.0, Diff:  0.0, Sum:  0.0, Workers: 4
[130.220s][debug][gc,phases      ] GC(14)     Dead                           Min: 0, Avg:  0.0, Max: 0, Diff: 0, Sum: 0, Workers: 4
[130.220s][debug][gc,phases      ] GC(14)     Total                          Min: 0, Avg:  8.0, Max: 32, Diff: 32, Sum: 32, Workers: 4
[130.220s][debug][gc,phases      ] GC(14)   JVMTI Tag Weak OopStorage      Min:  0.0, Avg:  0.0, Max:  0.0, Diff:  0.0, Sum:  0.0, Workers: 4
[130.220s][debug][gc,phases      ] GC(14)     Dead                           Min: 0, Avg:  0.0, Max: 0, Diff: 0, Sum: 0, Workers: 4
[130.220s][debug][gc,phases      ] GC(14)     Total                          Min: 0, Avg:  0.0, Max: 0, Diff: 0, Sum: 0, Workers: 4
[130.220s][debug][gc,phases      ] GC(14)   StringTable Weak               Min:  0.0, Avg:  0.3, Max:  0.4, Diff:  0.4, Sum:  1.3, Workers: 4
[130.220s][debug][gc,phases      ] GC(14)     Dead                           Min: 0, Avg:  0.0, Max: 0, Diff: 0, Sum: 0, Workers: 4
[130.220s][debug][gc,phases      ] GC(14)     Total                          Min: 0, Avg: 10714.8, Max: 17707, Diff: 17707, Sum: 42859, Workers: 4
[130.220s][debug][gc,phases      ] GC(14)   ResolvedMethodTable Weak       Min:  0.0, Avg:  0.1, Max:  0.1, Diff:  0.1, Sum:  0.3, Workers: 4
[130.220s][debug][gc,phases      ] GC(14)     Dead                           Min: 0, Avg:  0.0, Max: 0, Diff: 0, Sum: 0, Workers: 4
[130.220s][debug][gc,phases      ] GC(14)     Total                          Min: 0, Avg: 2157.0, Max: 3741, Diff: 3741, Sum: 8628, Workers: 4
[130.220s][debug][gc,phases      ] GC(14)   JNI Weak                       Min:  0.0, Avg:  0.0, Max:  0.0, Diff:  0.0, Sum:  0.0, Workers: 4
[130.220s][debug][gc,phases      ] GC(14)     Dead                           Min: 0, Avg:  0.0, Max: 0, Diff: 0, Sum: 0, Workers: 4
[130.220s][debug][gc,phases      ] GC(14)     Total                          Min: 0, Avg: 11.2, Max: 45, Diff: 45, Sum: 45, Workers: 4
[130.220s][debug][gc,phases      ] GC(14)   StringDedup Table Weak         Min:  0.0, Avg:  0.0, Max:  0.0, Diff:  0.0, Sum:  0.0, Workers: 4
[130.220s][debug][gc,phases      ] GC(14)     Dead                           Min: 0, Avg:  0.0, Max: 0, Diff: 0, Sum: 0, Workers: 4
[130.220s][debug][gc,phases      ] GC(14)     Total                          Min: 0, Avg:  0.0, Max: 0, Diff: 0, Sum: 0, Workers: 4
[130.220s][debug][gc,phases      ] GC(14)   StringDedup Requests0 Weak     Min:  0.0, Avg:  0.0, Max:  0.0, Diff:  0.0, Sum:  0.0, Workers: 4
[130.220s][debug][gc,phases      ] GC(14)     Dead                           Min: 0, Avg:  0.0, Max: 0, Diff: 0, Sum: 0, Workers: 4
[130.220s][debug][gc,phases      ] GC(14)     Total                          Min: 0, Avg:  0.0, Max: 0, Diff: 0, Sum: 0, Workers: 4
[130.220s][debug][gc,phases      ] GC(14)   StringDedup Requests1 Weak     Min:  0.0, Avg:  0.0, Max:  0.0, Diff:  0.0, Sum:  0.0, Workers: 4
[130.220s][debug][gc,phases      ] GC(14)     Dead                           Min: 0, Avg:  0.0, Max: 0, Diff: 0, Sum: 0, Workers: 4
[130.220s][debug][gc,phases      ] GC(14)     Total                          Min: 0, Avg:  0.0, Max: 0, Diff: 0, Sum: 0, Workers: 4
[130.220s][debug][gc,phases      ] GC(14)   Weak JFR Old Object Samples    Min:  0.0, Avg:  0.0, Max:  0.0, Diff:  0.0, Sum:  0.0, Workers: 4
[130.220s][debug][gc,phases      ] GC(14)     Dead                           Min: 0, Avg:  0.0, Max: 0, Diff: 0, Sum: 0, Workers: 4
[130.220s][debug][gc,phases      ] GC(14)     Total                          Min: 0, Avg:  0.0, Max: 0, Diff: 0, Sum: 0, Workers: 4
[130.220s][debug][gc,phases      ] GC(14) Weak Processing 0.718ms
[130.220s][debug][gc,age         ] GC(14) Desired survivor size 475004928 bytes, new threshold 15 (max threshold 15)
[130.220s][info ][gc,heap        ] GC(14) PSYoungGen: 1467697K(1630208K)->307020K(1627648K) Eden: 1160704K(1160704K)->0K(1160704K) From: 306993K(469504K)->307020K(466944K)
[130.220s][info ][gc,heap        ] GC(14) ParOldGen: 6287K(18432K)->6295K(18432K)
[130.220s][info ][gc,metaspace   ] GC(14) Metaspace: 78763K(79680K)->78763K(79680K) NonClass: 67401K(67904K)->67401K(67904K) Class: 11362K(11776K)->11362K(11776K)
[130.220s][info ][gc             ] GC(14) Pause Young (Allocation Failure) 1439M->305M(1607M) 108.222ms
[130.220s][info ][gc,cpu         ] GC(14) User=0.38s Sys=0.00s Real=0.11s
[130.220s][info ][safepoint      ] Safepoint "ParallelGCFailedAllocation", Time since last: 787289776 ns, Reaching safepoint: 45900 ns, At safepoint: 108310043 ns, Total: 108355943 ns
[131.220s][info ][safepoint      ] Safepoint "Cleanup", Time since last: 1000077023 ns, Reaching safepoint: 46000 ns, At safepoint: 2400 ns, Total: 48400 ns
[132.220s][info ][safepoint      ] Safepoint "Cleanup", Time since last: 1000123224 ns, Reaching safepoint: 49500 ns, At safepoint: 2000 ns, Total: 51500 ns
[133.220s][info ][safepoint      ] Safepoint "Cleanup", Time since last: 1000093423 ns, Reaching safepoint: 53401 ns, At safepoint: 3300 ns, Total: 56701 ns
[135.221s][info ][safepoint      ] Safepoint "Cleanup", Time since last: 2000171122 ns, Reaching safepoint: 49600 ns, At safepoint: 4400 ns, Total: 54000 ns
[136.221s][info ][safepoint      ] Safepoint "Cleanup", Time since last: 1000106500 ns, Reaching safepoint: 48700 ns, At safepoint: 2200 ns, Total: 50900 ns
[137.221s][info ][safepoint      ] Safepoint "Cleanup", Time since last: 1000102000 ns, Reaching safepoint: 41500 ns, At safepoint: 2800 ns, Total: 44300 ns
[138.221s][info ][safepoint      ] Safepoint "Cleanup", Time since last: 1000101999 ns, Reaching safepoint: 47401 ns, At safepoint: 3500 ns, Total: 50901 ns
[139.221s][info ][safepoint      ] Safepoint "Cleanup", Time since last: 1000097699 ns, Reaching safepoint: 34200 ns, At safepoint: 31001 ns, Total: 65201 ns
[141.221s][info ][safepoint      ] Safepoint "Cleanup", Time since last: 2000159698 ns, Reaching safepoint: 41500 ns, At safepoint: 2600 ns, Total: 44100 ns
[142.222s][info ][safepoint      ] Safepoint "Cleanup", Time since last: 1000105499 ns, Reaching safepoint: 46101 ns, At safepoint: 2800 ns, Total: 48901 ns
[143.222s][info ][safepoint      ] Safepoint "Cleanup", Time since last: 1000098454 ns, Reaching safepoint: 50201 ns, At safepoint: 2100 ns, Total: 52301 ns
[144.222s][info ][safepoint      ] Safepoint "Cleanup", Time since last: 1000118455 ns, Reaching safepoint: 36300 ns, At safepoint: 2200 ns, Total: 38500 ns
[145.222s][info ][safepoint      ] Safepoint "Cleanup", Time since last: 1000071654 ns, Reaching safepoint: 40801 ns, At safepoint: 2600 ns, Total: 43401 ns
[146.222s][info ][safepoint      ] Safepoint "Cleanup", Time since last: 1000098355 ns, Reaching safepoint: 48300 ns, At safepoint: 2200 ns, Total: 50500 ns
[147.222s][info ][safepoint      ] Safepoint "Cleanup", Time since last: 1000107955 ns, Reaching safepoint: 44400 ns, At safepoint: 4700 ns, Total: 49100 ns
[148.063s][info ][gc,start       ] GC(15) Pause Young (Allocation Failure)
[148.167s][debug][gc,phases      ] GC(15) Scavenge 103.659ms
[148.167s][debug][gc,ref         ] GC(15) Skipped phase 1 of Reference Processing: no references
[148.167s][debug][gc,ref         ] GC(15) ReferenceProcessor::execute queues: 4, RefProcThreadModel::Multi, marks_oops_alive: false
[148.167s][debug][gc,ref         ] GC(15) Skipped phase 3 of Reference Processing: no references
[148.167s][debug][gc,ref         ] GC(15) ReferenceProcessor::execute queues: 1, RefProcThreadModel::Single, marks_oops_alive: false
[148.167s][debug][gc,phases      ] GC(15) Reference Processing 0.735ms
[148.168s][debug][gc,phases      ] GC(15)   VM Weak                        Min:  0.0, Avg:  0.0, Max:  0.0, Diff:  0.0, Sum:  0.0, Workers: 4
[148.168s][debug][gc,phases      ] GC(15)     Dead                           Min: 0, Avg:  0.0, Max: 0, Diff: 0, Sum: 0, Workers: 4
[148.168s][debug][gc,phases      ] GC(15)     Total                          Min: 0, Avg: 181.0, Max: 340, Diff: 340, Sum: 724, Workers: 4
[148.168s][debug][gc,phases      ] GC(15)   ObjectSynchronizer Weak        Min:  0.0, Avg:  0.0, Max:  0.0, Diff:  0.0, Sum:  0.0, Workers: 4
[148.168s][debug][gc,phases      ] GC(15)     Dead                           Min: 0, Avg:  0.0, Max: 0, Diff: 0, Sum: 0, Workers: 4
[148.168s][debug][gc,phases      ] GC(15)     Total                          Min: 0, Avg:  8.0, Max: 32, Diff: 32, Sum: 32, Workers: 4
[148.168s][debug][gc,phases      ] GC(15)   JVMTI Tag Weak OopStorage      Min:  0.0, Avg:  0.0, Max:  0.0, Diff:  0.0, Sum:  0.0, Workers: 4
[148.168s][debug][gc,phases      ] GC(15)     Dead                           Min: 0, Avg:  0.0, Max: 0, Diff: 0, Sum: 0, Workers: 4
[148.168s][debug][gc,phases      ] GC(15)     Total                          Min: 0, Avg:  0.0, Max: 0, Diff: 0, Sum: 0, Workers: 4
[148.168s][debug][gc,phases      ] GC(15)   StringTable Weak               Min:  0.0, Avg:  0.3, Max:  0.3, Diff:  0.3, Sum:  1.0, Workers: 4
[148.168s][debug][gc,phases      ] GC(15)     Dead                           Min: 0, Avg:  0.0, Max: 0, Diff: 0, Sum: 0, Workers: 4
[148.168s][debug][gc,phases      ] GC(15)     Total                          Min: 0, Avg: 10718.5, Max: 18746, Diff: 18746, Sum: 42874, Workers: 4
[148.168s][debug][gc,phases      ] GC(15)   ResolvedMethodTable Weak       Min:  0.0, Avg:  0.1, Max:  0.1, Diff:  0.1, Sum:  0.2, Workers: 4
[148.168s][debug][gc,phases      ] GC(15)     Dead                           Min: 0, Avg:  0.0, Max: 0, Diff: 0, Sum: 0, Workers: 4
[148.168s][debug][gc,phases      ] GC(15)     Total                          Min: 0, Avg: 2157.0, Max: 3764, Diff: 3764, Sum: 8628, Workers: 4
[148.168s][debug][gc,phases      ] GC(15)   JNI Weak                       Min:  0.0, Avg:  0.0, Max:  0.0, Diff:  0.0, Sum:  0.0, Workers: 4
[148.168s][debug][gc,phases      ] GC(15)     Dead                           Min: 0, Avg:  0.0, Max: 0, Diff: 0, Sum: 0, Workers: 4
[148.168s][debug][gc,phases      ] GC(15)     Total                          Min: 0, Avg: 11.2, Max: 45, Diff: 45, Sum: 45, Workers: 4
[148.168s][debug][gc,phases      ] GC(15)   StringDedup Table Weak         Min:  0.0, Avg:  0.0, Max:  0.0, Diff:  0.0, Sum:  0.0, Workers: 4
[148.168s][debug][gc,phases      ] GC(15)     Dead                           Min: 0, Avg:  0.0, Max: 0, Diff: 0, Sum: 0, Workers: 4
[148.168s][debug][gc,phases      ] GC(15)     Total                          Min: 0, Avg:  0.0, Max: 0, Diff: 0, Sum: 0, Workers: 4
[148.168s][debug][gc,phases      ] GC(15)   StringDedup Requests0 Weak     Min:  0.0, Avg:  0.0, Max:  0.0, Diff:  0.0, Sum:  0.0, Workers: 4
[148.168s][debug][gc,phases      ] GC(15)     Dead                           Min: 0, Avg:  0.0, Max: 0, Diff: 0, Sum: 0, Workers: 4
[148.168s][debug][gc,phases      ] GC(15)     Total                          Min: 0, Avg:  0.0, Max: 0, Diff: 0, Sum: 0, Workers: 4
[148.168s][debug][gc,phases      ] GC(15)   StringDedup Requests1 Weak     Min:  0.0, Avg:  0.0, Max:  0.0, Diff:  0.0, Sum:  0.0, Workers: 4
[148.168s][debug][gc,phases      ] GC(15)     Dead                           Min: 0, Avg:  0.0, Max: 0, Diff: 0, Sum: 0, Workers: 4
[148.168s][debug][gc,phases      ] GC(15)     Total                          Min: 0, Avg:  0.0, Max: 0, Diff: 0, Sum: 0, Workers: 4
[148.168s][debug][gc,phases      ] GC(15)   Weak JFR Old Object Samples    Min:  0.0, Avg:  0.0, Max:  0.0, Diff:  0.0, Sum:  0.0, Workers: 4
[148.168s][debug][gc,phases      ] GC(15)     Dead                           Min: 0, Avg:  0.0, Max: 0, Diff: 0, Sum: 0, Workers: 4
[148.168s][debug][gc,phases      ] GC(15)     Total                          Min: 0, Avg:  0.0, Max: 0, Diff: 0, Sum: 0, Workers: 4
[148.168s][debug][gc,phases      ] GC(15) Weak Processing 0.608ms
[148.168s][debug][gc,age         ] GC(15) Desired survivor size 470810624 bytes, new threshold 15 (max threshold 15)
[148.168s][info ][gc,heap        ] GC(15) PSYoungGen: 1467724K(1627648K)->306973K(1637376K) Eden: 1160704K(1160704K)->0K(1173504K) From: 307020K(466944K)->306973K(463872K)
[148.168s][info ][gc,heap        ] GC(15) ParOldGen: 6295K(18432K)->6303K(18432K)
[148.168s][info ][gc,metaspace   ] GC(15) Metaspace: 78786K(79680K)->78786K(79680K) NonClass: 67424K(67904K)->67424K(67904K) Class: 11362K(11776K)->11362K(11776K)
[148.168s][info ][gc             ] GC(15) Pause Young (Allocation Failure) 1439M->305M(1617M) 105.139ms
[148.168s][info ][gc,cpu         ] GC(15) User=0.37s Sys=0.00s Real=0.10s
[148.168s][info ][safepoint      ] Safepoint "ParallelGCFailedAllocation", Time since last: 840678032 ns, Reaching safepoint: 43400 ns, At safepoint: 105210905 ns, Total: 105254305 ns
[149.168s][info ][safepoint      ] Safepoint "Cleanup", Time since last: 1000080155 ns, Reaching safepoint: 41700 ns, At safepoint: 6300 ns, Total: 48000 ns
[150.168s][info ][safepoint      ] Safepoint "Cleanup", Time since last: 1000107355 ns, Reaching safepoint: 49401 ns, At safepoint: 7000 ns, Total: 56401 ns
[152.169s][info ][safepoint      ] Safepoint "Cleanup", Time since last: 2000147922 ns, Reaching safepoint: 40700 ns, At safepoint: 3300 ns, Total: 44000 ns
[153.169s][info ][safepoint      ] Safepoint "Cleanup", Time since last: 1000118703 ns, Reaching safepoint: 41800 ns, At safepoint: 2300 ns, Total: 44100 ns
[155.169s][info ][safepoint      ] Safepoint "Cleanup", Time since last: 2000139205 ns, Reaching safepoint: 40600 ns, At safepoint: 2700 ns, Total: 43300 ns
[156.169s][info ][safepoint      ] Safepoint "Cleanup", Time since last: 1000097903 ns, Reaching safepoint: 61000 ns, At safepoint: 2600 ns, Total: 63600 ns
[157.169s][info ][safepoint      ] Safepoint "Cleanup", Time since last: 1000093203 ns, Reaching safepoint: 38900 ns, At safepoint: 5600 ns, Total: 44500 ns
[158.169s][info ][safepoint      ] Safepoint "Cleanup", Time since last: 1000103703 ns, Reaching safepoint: 37100 ns, At safepoint: 2400 ns, Total: 39500 ns
[159.170s][info ][safepoint      ] Safepoint "Cleanup", Time since last: 1000111127 ns, Reaching safepoint: 41600 ns, At safepoint: 2900 ns, Total: 44500 ns
[165.170s][info ][safepoint      ] Safepoint "Cleanup", Time since last: 6000451072 ns, Reaching safepoint: 41401 ns, At safepoint: 3200 ns, Total: 44601 ns
[166.463s][info ][gc,start       ] GC(16) Pause Young (Allocation Failure)
[166.568s][debug][gc,phases      ] GC(16) Scavenge 104.820ms
[166.568s][debug][gc,ref         ] GC(16) Skipped phase 1 of Reference Processing: no references
[166.568s][debug][gc,ref         ] GC(16) ReferenceProcessor::execute queues: 4, RefProcThreadModel::Multi, marks_oops_alive: false
[166.569s][debug][gc,ref         ] GC(16) Skipped phase 3 of Reference Processing: no references
[166.569s][debug][gc,ref         ] GC(16) ReferenceProcessor::execute queues: 1, RefProcThreadModel::Single, marks_oops_alive: false
[166.569s][debug][gc,phases      ] GC(16) Reference Processing 0.676ms
[166.569s][debug][gc,phases      ] GC(16)   VM Weak                        Min:  0.0, Avg:  0.0, Max:  0.0, Diff:  0.0, Sum:  0.0, Workers: 4
[166.569s][debug][gc,phases      ] GC(16)     Dead                           Min: 0, Avg:  0.0, Max: 0, Diff: 0, Sum: 0, Workers: 4
[166.569s][debug][gc,phases      ] GC(16)     Total                          Min: 85, Avg: 181.2, Max: 320, Diff: 235, Sum: 725, Workers: 4
[166.569s][debug][gc,phases      ] GC(16)   ObjectSynchronizer Weak        Min:  0.0, Avg:  0.0, Max:  0.0, Diff:  0.0, Sum:  0.0, Workers: 4
[166.569s][debug][gc,phases      ] GC(16)     Dead                           Min: 0, Avg:  0.0, Max: 0, Diff: 0, Sum: 0, Workers: 4
[166.569s][debug][gc,phases      ] GC(16)     Total                          Min: 0, Avg:  8.0, Max: 32, Diff: 32, Sum: 32, Workers: 4
[166.569s][debug][gc,phases      ] GC(16)   JVMTI Tag Weak OopStorage      Min:  0.0, Avg:  0.0, Max:  0.0, Diff:  0.0, Sum:  0.0, Workers: 4
[166.569s][debug][gc,phases      ] GC(16)     Dead                           Min: 0, Avg:  0.0, Max: 0, Diff: 0, Sum: 0, Workers: 4
[166.569s][debug][gc,phases      ] GC(16)     Total                          Min: 0, Avg:  0.0, Max: 0, Diff: 0, Sum: 0, Workers: 4
[166.569s][debug][gc,phases      ] GC(16)   StringTable Weak               Min:  0.3, Avg:  0.3, Max:  0.3, Diff:  0.0, Sum:  1.2, Workers: 4
[166.569s][debug][gc,phases      ] GC(16)     Dead                           Min: 0, Avg:  0.5, Max: 2, Diff: 2, Sum: 2, Workers: 4
[166.569s][debug][gc,phases      ] GC(16)     Total                          Min: 9856, Avg: 10724.0, Max: 11583, Diff: 1727, Sum: 42896, Workers: 4
[166.569s][debug][gc,phases      ] GC(16)   ResolvedMethodTable Weak       Min:  0.1, Avg:  0.1, Max:  0.1, Diff:  0.0, Sum:  0.3, Workers: 4
[166.569s][debug][gc,phases      ] GC(16)     Dead                           Min: 0, Avg:  0.0, Max: 0, Diff: 0, Sum: 0, Workers: 4
[166.569s][debug][gc,phases      ] GC(16)     Total                          Min: 1762, Avg: 2159.5, Max: 2373, Diff: 611, Sum: 8638, Workers: 4
[166.569s][debug][gc,phases      ] GC(16)   JNI Weak                       Min:  0.0, Avg:  0.0, Max:  0.0, Diff:  0.0, Sum:  0.0, Workers: 4
[166.569s][debug][gc,phases      ] GC(16)     Dead                           Min: 0, Avg:  0.0, Max: 0, Diff: 0, Sum: 0, Workers: 4
[166.569s][debug][gc,phases      ] GC(16)     Total                          Min: 0, Avg: 11.2, Max: 45, Diff: 45, Sum: 45, Workers: 4
[166.569s][debug][gc,phases      ] GC(16)   StringDedup Table Weak         Min:  0.0, Avg:  0.0, Max:  0.0, Diff:  0.0, Sum:  0.0, Workers: 4
[166.569s][debug][gc,phases      ] GC(16)     Dead                           Min: 0, Avg:  0.0, Max: 0, Diff: 0, Sum: 0, Workers: 4
[166.569s][debug][gc,phases      ] GC(16)     Total                          Min: 0, Avg:  0.0, Max: 0, Diff: 0, Sum: 0, Workers: 4
[166.569s][debug][gc,phases      ] GC(16)   StringDedup Requests0 Weak     Min:  0.0, Avg:  0.0, Max:  0.0, Diff:  0.0, Sum:  0.0, Workers: 4
[166.569s][debug][gc,phases      ] GC(16)     Dead                           Min: 0, Avg:  0.0, Max: 0, Diff: 0, Sum: 0, Workers: 4
[166.569s][debug][gc,phases      ] GC(16)     Total                          Min: 0, Avg:  0.0, Max: 0, Diff: 0, Sum: 0, Workers: 4
[166.569s][debug][gc,phases      ] GC(16)   StringDedup Requests1 Weak     Min:  0.0, Avg:  0.0, Max:  0.0, Diff:  0.0, Sum:  0.0, Workers: 4
[166.569s][debug][gc,phases      ] GC(16)     Dead                           Min: 0, Avg:  0.0, Max: 0, Diff: 0, Sum: 0, Workers: 4
[166.569s][debug][gc,phases      ] GC(16)     Total                          Min: 0, Avg:  0.0, Max: 0, Diff: 0, Sum: 0, Workers: 4
[166.569s][debug][gc,phases      ] GC(16)   Weak JFR Old Object Samples    Min:  0.0, Avg:  0.0, Max:  0.0, Diff:  0.0, Sum:  0.0, Workers: 4
[166.569s][debug][gc,phases      ] GC(16)     Dead                           Min: 0, Avg:  0.0, Max: 0, Diff: 0, Sum: 0, Workers: 4
[166.569s][debug][gc,phases      ] GC(16)     Total                          Min: 0, Avg:  0.0, Max: 0, Diff: 0, Sum: 0, Workers: 4
[166.569s][debug][gc,phases      ] GC(16) Weak Processing 0.536ms
[166.569s][debug][gc,age         ] GC(16) Desired survivor size 465567744 bytes, new threshold 15 (max threshold 15)
[166.569s][info ][gc,heap        ] GC(16) PSYoungGen: 1480477K(1637376K)->306943K(1633280K) Eden: 1173504K(1173504K)->0K(1173504K) From: 306973K(463872K)->306943K(459776K)
[166.569s][info ][gc,heap        ] GC(16) ParOldGen: 6303K(18432K)->6311K(18432K)
[166.569s][info ][gc,metaspace   ] GC(16) Metaspace: 78825K(79744K)->78825K(79744K) NonClass: 67454K(67968K)->67454K(67968K) Class: 11370K(11776K)->11370K(11776K)
[166.569s][info ][gc             ] GC(16) Pause Young (Allocation Failure) 1451M->305M(1613M) 106.174ms
[166.569s][info ][gc,cpu         ] GC(16) User=0.38s Sys=0.00s Real=0.10s
[166.569s][info ][safepoint      ] Safepoint "ParallelGCFailedAllocation", Time since last: 1292987302 ns, Reaching safepoint: 42201 ns, At safepoint: 106243296 ns, Total: 106285497 ns
[167.570s][info ][safepoint      ] Safepoint "Cleanup", Time since last: 1000086480 ns, Reaching safepoint: 41900 ns, At safepoint: 2700 ns, Total: 44600 ns
[172.570s][info ][safepoint      ] Safepoint "Cleanup", Time since last: 5000350296 ns, Reaching safepoint: 48300 ns, At safepoint: 2600 ns, Total: 50900 ns
[173.570s][info ][safepoint      ] Safepoint "Cleanup", Time since last: 1000101580 ns, Reaching safepoint: 39800 ns, At safepoint: 3400 ns, Total: 43200 ns
[175.570s][info ][safepoint      ] Safepoint "Cleanup", Time since last: 2000184651 ns, Reaching safepoint: 63001 ns, At safepoint: 4200 ns, Total: 67201 ns
[176.570s][info ][safepoint      ] Safepoint "Cleanup", Time since last: 1000123949 ns, Reaching safepoint: 45000 ns, At safepoint: 2600 ns, Total: 47600 ns
[177.571s][info ][safepoint      ] Safepoint "Cleanup", Time since last: 1000099049 ns, Reaching safepoint: 45500 ns, At safepoint: 6300 ns, Total: 51800 ns
[180.571s][info ][safepoint      ] Safepoint "Cleanup", Time since last: 3000242845 ns, Reaching safepoint: 39401 ns, At safepoint: 2400 ns, Total: 41801 ns
[181.571s][info ][safepoint      ] Safepoint "Cleanup", Time since last: 1000123649 ns, Reaching safepoint: 47700 ns, At safepoint: 2300 ns, Total: 50000 ns
[184.571s][info ][safepoint      ] Safepoint "Cleanup", Time since last: 3000254974 ns, Reaching safepoint: 44100 ns, At safepoint: 3400 ns, Total: 47500 ns
[185.163s][info ][gc,start       ] GC(17) Pause Young (Allocation Failure)
[185.269s][debug][gc,phases      ] GC(17) Scavenge 105.641ms
[185.269s][debug][gc,ref         ] GC(17) Skipped phase 1 of Reference Processing: no references
[185.269s][debug][gc,ref         ] GC(17) ReferenceProcessor::execute queues: 4, RefProcThreadModel::Multi, marks_oops_alive: false
[185.269s][debug][gc,ref         ] GC(17) Skipped phase 3 of Reference Processing: no references
[185.269s][debug][gc,ref         ] GC(17) ReferenceProcessor::execute queues: 1, RefProcThreadModel::Single, marks_oops_alive: false
[185.269s][debug][gc,phases      ] GC(17) Reference Processing 0.676ms
[185.270s][debug][gc,phases      ] GC(17)   VM Weak                        Min:  0.0, Avg:  0.0, Max:  0.0, Diff:  0.0, Sum:  0.0, Workers: 4
[185.270s][debug][gc,phases      ] GC(17)     Dead                           Min: 0, Avg:  0.0, Max: 0, Diff: 0, Sum: 0, Workers: 4
[185.270s][debug][gc,phases      ] GC(17)     Total                          Min: 0, Avg: 181.2, Max: 512, Diff: 512, Sum: 725, Workers: 4
[185.270s][debug][gc,phases      ] GC(17)   ObjectSynchronizer Weak        Min:  0.0, Avg:  0.0, Max:  0.0, Diff:  0.0, Sum:  0.0, Workers: 4
[185.270s][debug][gc,phases      ] GC(17)     Dead                           Min: 0, Avg:  0.0, Max: 0, Diff: 0, Sum: 0, Workers: 4
[185.270s][debug][gc,phases      ] GC(17)     Total                          Min: 0, Avg:  8.0, Max: 32, Diff: 32, Sum: 32, Workers: 4
[185.270s][debug][gc,phases      ] GC(17)   JVMTI Tag Weak OopStorage      Min:  0.0, Avg:  0.0, Max:  0.0, Diff:  0.0, Sum:  0.0, Workers: 4
[185.270s][debug][gc,phases      ] GC(17)     Dead                           Min: 0, Avg:  0.0, Max: 0, Diff: 0, Sum: 0, Workers: 4
[185.270s][debug][gc,phases      ] GC(17)     Total                          Min: 0, Avg:  0.0, Max: 0, Diff: 0, Sum: 0, Workers: 4
[185.270s][debug][gc,phases      ] GC(17)   StringTable Weak               Min:  0.0, Avg:  0.3, Max:  0.4, Diff:  0.4, Sum:  1.1, Workers: 4
[185.270s][debug][gc,phases      ] GC(17)     Dead                           Min: 0, Avg:  0.0, Max: 0, Diff: 0, Sum: 0, Workers: 4
[185.270s][debug][gc,phases      ] GC(17)     Total                          Min: 0, Avg: 10725.8, Max: 17111, Diff: 17111, Sum: 42903, Workers: 4
[185.270s][debug][gc,phases      ] GC(17)   ResolvedMethodTable Weak       Min:  0.0, Avg:  0.1, Max:  0.1, Diff:  0.1, Sum:  0.3, Workers: 4
[185.270s][debug][gc,phases      ] GC(17)     Dead                           Min: 0, Avg:  0.0, Max: 0, Diff: 0, Sum: 0, Workers: 4
[185.270s][debug][gc,phases      ] GC(17)     Total                          Min: 0, Avg: 2159.5, Max: 3643, Diff: 3643, Sum: 8638, Workers: 4
[185.270s][debug][gc,phases      ] GC(17)   JNI Weak                       Min:  0.0, Avg:  0.0, Max:  0.0, Diff:  0.0, Sum:  0.0, Workers: 4
[185.270s][debug][gc,phases      ] GC(17)     Dead                           Min: 0, Avg:  0.0, Max: 0, Diff: 0, Sum: 0, Workers: 4
[185.270s][debug][gc,phases      ] GC(17)     Total                          Min: 0, Avg: 11.2, Max: 45, Diff: 45, Sum: 45, Workers: 4
[185.270s][debug][gc,phases      ] GC(17)   StringDedup Table Weak         Min:  0.0, Avg:  0.0, Max:  0.0, Diff:  0.0, Sum:  0.0, Workers: 4
[185.270s][debug][gc,phases      ] GC(17)     Dead                           Min: 0, Avg:  0.0, Max: 0, Diff: 0, Sum: 0, Workers: 4
[185.270s][debug][gc,phases      ] GC(17)     Total                          Min: 0, Avg:  0.0, Max: 0, Diff: 0, Sum: 0, Workers: 4
[185.270s][debug][gc,phases      ] GC(17)   StringDedup Requests0 Weak     Min:  0.0, Avg:  0.0, Max:  0.0, Diff:  0.0, Sum:  0.0, Workers: 4
[185.270s][debug][gc,phases      ] GC(17)     Dead                           Min: 0, Avg:  0.0, Max: 0, Diff: 0, Sum: 0, Workers: 4
[185.270s][debug][gc,phases      ] GC(17)     Total                          Min: 0, Avg:  0.0, Max: 0, Diff: 0, Sum: 0, Workers: 4
[185.270s][debug][gc,phases      ] GC(17)   StringDedup Requests1 Weak     Min:  0.0, Avg:  0.0, Max:  0.0, Diff:  0.0, Sum:  0.0, Workers: 4
[185.270s][debug][gc,phases      ] GC(17)     Dead                           Min: 0, Avg:  0.0, Max: 0, Diff: 0, Sum: 0, Workers: 4
[185.270s][debug][gc,phases      ] GC(17)     Total                          Min: 0, Avg:  0.0, Max: 0, Diff: 0, Sum: 0, Workers: 4
[185.270s][debug][gc,phases      ] GC(17)   Weak JFR Old Object Samples    Min:  0.0, Avg:  0.0, Max:  0.0, Diff:  0.0, Sum:  0.0, Workers: 4
[185.270s][debug][gc,phases      ] GC(17)     Dead                           Min: 0, Avg:  0.0, Max: 0, Diff: 0, Sum: 0, Workers: 4
[185.270s][debug][gc,phases      ] GC(17)     Total                          Min: 0, Avg:  0.0, Max: 0, Diff: 0, Sum: 0, Workers: 4
[185.270s][debug][gc,phases      ] GC(17) Weak Processing 0.649ms
[185.270s][debug][gc,age         ] GC(17) Desired survivor size 459800576 bytes, new threshold 15 (max threshold 15)
[185.270s][info ][gc,heap        ] GC(17) PSYoungGen: 1480447K(1633280K)->307027K(1648128K) Eden: 1173504K(1173504K)->0K(1193472K) From: 306943K(459776K)->307027K(454656K)
[185.270s][info ][gc,heap        ] GC(17) ParOldGen: 6311K(18432K)->6319K(18432K)
[185.270s][info ][gc,metaspace   ] GC(17) Metaspace: 78832K(79744K)->78832K(79744K) NonClass: 67461K(67968K)->67461K(67968K) Class: 11371K(11776K)->11371K(11776K)
[185.270s][info ][gc             ] GC(17) Pause Young (Allocation Failure) 1451M->306M(1627M) 107.098ms
[185.270s][info ][gc,cpu         ] GC(17) User=0.38s Sys=0.00s Real=0.10s
[185.270s][info ][safepoint      ] Safepoint "ParallelGCFailedAllocation", Time since last: 591587644 ns, Reaching safepoint: 54301 ns, At safepoint: 107172586 ns, Total: 107226887 ns
[186.270s][info ][safepoint      ] Safepoint "Cleanup", Time since last: 1000089003 ns, Reaching safepoint: 41900 ns, At safepoint: 2400 ns, Total: 44300 ns
[189.271s][info ][safepoint      ] Safepoint "Cleanup", Time since last: 3000186207 ns, Reaching safepoint: 30101 ns, At safepoint: 5100 ns, Total: 35201 ns
[190.271s][info ][safepoint      ] Safepoint "Cleanup", Time since last: 1000117298 ns, Reaching safepoint: 38901 ns, At safepoint: 2100 ns, Total: 41001 ns
[194.271s][info ][safepoint      ] Safepoint "Cleanup", Time since last: 4000295715 ns, Reaching safepoint: 52901 ns, At safepoint: 4000 ns, Total: 56901 ns
[195.271s][info ][safepoint      ] Safepoint "Cleanup", Time since last: 1000111154 ns, Reaching safepoint: 45900 ns, At safepoint: 5500 ns, Total: 51400 ns
[196.271s][info ][safepoint      ] Safepoint "Cleanup", Time since last: 1000095354 ns, Reaching safepoint: 50801 ns, At safepoint: 3300 ns, Total: 54101 ns
[204.163s][info ][gc,start       ] GC(18) Pause Young (Allocation Failure)
[204.272s][debug][gc,phases      ] GC(18) Scavenge 109.033ms
[204.272s][debug][gc,ref         ] GC(18) Skipped phase 1 of Reference Processing: no references
[204.272s][debug][gc,ref         ] GC(18) ReferenceProcessor::execute queues: 4, RefProcThreadModel::Multi, marks_oops_alive: false
[204.273s][debug][gc,ref         ] GC(18) Skipped phase 3 of Reference Processing: no references
[204.273s][debug][gc,ref         ] GC(18) ReferenceProcessor::execute queues: 1, RefProcThreadModel::Single, marks_oops_alive: false
[204.273s][debug][gc,phases      ] GC(18) Reference Processing 0.696ms
[204.274s][debug][gc,phases      ] GC(18)   VM Weak                        Min:  0.0, Avg:  0.0, Max:  0.0, Diff:  0.0, Sum:  0.0, Workers: 4
[204.274s][debug][gc,phases      ] GC(18)     Dead                           Min: 0, Avg:  0.0, Max: 0, Diff: 0, Sum: 0, Workers: 4
[204.274s][debug][gc,phases      ] GC(18)     Total                          Min: 0, Avg: 181.2, Max: 533, Diff: 533, Sum: 725, Workers: 4
[204.274s][debug][gc,phases      ] GC(18)   ObjectSynchronizer Weak        Min:  0.0, Avg:  0.0, Max:  0.0, Diff:  0.0, Sum:  0.0, Workers: 4
[204.274s][debug][gc,phases      ] GC(18)     Dead                           Min: 0, Avg:  0.0, Max: 0, Diff: 0, Sum: 0, Workers: 4
[204.274s][debug][gc,phases      ] GC(18)     Total                          Min: 0, Avg:  8.0, Max: 32, Diff: 32, Sum: 32, Workers: 4
[204.274s][debug][gc,phases      ] GC(18)   JVMTI Tag Weak OopStorage      Min:  0.0, Avg:  0.0, Max:  0.0, Diff:  0.0, Sum:  0.0, Workers: 4
[204.274s][debug][gc,phases      ] GC(18)     Dead                           Min: 0, Avg:  0.0, Max: 0, Diff: 0, Sum: 0, Workers: 4
[204.274s][debug][gc,phases      ] GC(18)     Total                          Min: 0, Avg:  0.0, Max: 0, Diff: 0, Sum: 0, Workers: 4
[204.274s][debug][gc,phases      ] GC(18)   StringTable Weak               Min:  0.0, Avg:  0.3, Max:  0.4, Diff:  0.4, Sum:  1.1, Workers: 4
[204.274s][debug][gc,phases      ] GC(18)     Dead                           Min: 0, Avg:  0.0, Max: 0, Diff: 0, Sum: 0, Workers: 4
[204.274s][debug][gc,phases      ] GC(18)     Total                          Min: 0, Avg: 10727.8, Max: 17249, Diff: 17249, Sum: 42911, Workers: 4
[204.274s][debug][gc,phases      ] GC(18)   ResolvedMethodTable Weak       Min:  0.0, Avg:  0.1, Max:  0.1, Diff:  0.1, Sum:  0.3, Workers: 4
[204.274s][debug][gc,phases      ] GC(18)     Dead                           Min: 0, Avg:  0.0, Max: 0, Diff: 0, Sum: 0, Workers: 4
[204.274s][debug][gc,phases      ] GC(18)     Total                          Min: 0, Avg: 2159.5, Max: 3789, Diff: 3789, Sum: 8638, Workers: 4
[204.274s][debug][gc,phases      ] GC(18)   JNI Weak                       Min:  0.0, Avg:  0.0, Max:  0.0, Diff:  0.0, Sum:  0.0, Workers: 4
[204.274s][debug][gc,phases      ] GC(18)     Dead                           Min: 0, Avg:  0.0, Max: 0, Diff: 0, Sum: 0, Workers: 4
[204.274s][debug][gc,phases      ] GC(18)     Total                          Min: 0, Avg: 11.2, Max: 45, Diff: 45, Sum: 45, Workers: 4
[204.274s][debug][gc,phases      ] GC(18)   StringDedup Table Weak         Min:  0.0, Avg:  0.0, Max:  0.0, Diff:  0.0, Sum:  0.0, Workers: 4
[204.274s][debug][gc,phases      ] GC(18)     Dead                           Min: 0, Avg:  0.0, Max: 0, Diff: 0, Sum: 0, Workers: 4
[204.274s][debug][gc,phases      ] GC(18)     Total                          Min: 0, Avg:  0.0, Max: 0, Diff: 0, Sum: 0, Workers: 4
[204.274s][debug][gc,phases      ] GC(18)   StringDedup Requests0 Weak     Min:  0.0, Avg:  0.0, Max:  0.0, Diff:  0.0, Sum:  0.0, Workers: 4
[204.274s][debug][gc,phases      ] GC(18)     Dead                           Min: 0, Avg:  0.0, Max: 0, Diff: 0, Sum: 0, Workers: 4
[204.274s][debug][gc,phases      ] GC(18)     Total                          Min: 0, Avg:  0.0, Max: 0, Diff: 0, Sum: 0, Workers: 4
[204.274s][debug][gc,phases      ] GC(18)   StringDedup Requests1 Weak     Min:  0.0, Avg:  0.0, Max:  0.0, Diff:  0.0, Sum:  0.0, Workers: 4
[204.274s][debug][gc,phases      ] GC(18)     Dead                           Min: 0, Avg:  0.0, Max: 0, Diff: 0, Sum: 0, Workers: 4
[204.274s][debug][gc,phases      ] GC(18)     Total                          Min: 0, Avg:  0.0, Max: 0, Diff: 0, Sum: 0, Workers: 4
[204.274s][debug][gc,phases      ] GC(18)   Weak JFR Old Object Samples    Min:  0.0, Avg:  0.0, Max:  0.0, Diff:  0.0, Sum:  0.0, Workers: 4
[204.274s][debug][gc,phases      ] GC(18)     Dead                           Min: 0, Avg:  0.0, Max: 0, Diff: 0, Sum: 0, Workers: 4
[204.274s][debug][gc,phases      ] GC(18)     Total                          Min: 0, Avg:  0.0, Max: 0, Diff: 0, Sum: 0, Workers: 4
[204.274s][debug][gc,phases      ] GC(18) Weak Processing 0.692ms
[204.274s][debug][gc,age         ] GC(18) Desired survivor size 444596224 bytes, new threshold 15 (max threshold 15)
[204.274s][info ][gc,heap        ] GC(18) PSYoungGen: 1500499K(1648128K)->282007K(1642496K) Eden: 1193472K(1193472K)->0K(1193472K) From: 307027K(454656K)->282007K(449024K)
[204.274s][info ][gc,heap        ] GC(18) ParOldGen: 6319K(18432K)->31361K(31744K)
[204.274s][info ][gc,metaspace   ] GC(18) Metaspace: 78838K(79744K)->78838K(79744K) NonClass: 67466K(67968K)->67466K(67968K) Class: 11371K(11776K)->11371K(11776K)
[204.274s][info ][gc             ] GC(18) Pause Young (Allocation Failure) 1471M->306M(1635M) 110.566ms
[204.274s][info ][gc,cpu         ] GC(18) User=0.36s Sys=0.00s Real=0.11s
[204.274s][debug][gc,phases      ] GC(19) Pre Compact 0.008ms
[204.274s][info ][gc,start       ] GC(19) Pause Full (Ergonomics)
[204.274s][info ][gc,phases,start] GC(19) Marking Phase
[204.399s][debug][gc,phases      ] GC(19) Par Mark 125.505ms
[204.399s][debug][gc,ref         ] GC(19) Skipped phase 1 of Reference Processing: no references
[204.400s][debug][gc,ref         ] GC(19) ReferenceProcessor::execute queues: 4, RefProcThreadModel::Multi, marks_oops_alive: false
[204.400s][debug][gc,ref         ] GC(19) Skipped phase 3 of Reference Processing: no references
[204.400s][debug][gc,ref         ] GC(19) ReferenceProcessor::execute queues: 1, RefProcThreadModel::Single, marks_oops_alive: false
[204.400s][debug][gc,phases      ] GC(19) Reference Processing 0.677ms
[204.400s][debug][gc,phases      ] GC(19)   VM Weak                        Min:  0.0, Avg:  0.0, Max:  0.0, Diff:  0.0, Sum:  0.0, Workers: 4
[204.400s][debug][gc,phases      ] GC(19)     Dead                           Min: 0, Avg:  0.5, Max: 2, Diff: 2, Sum: 2, Workers: 4
[204.400s][debug][gc,phases      ] GC(19)     Total                          Min: 0, Avg: 181.2, Max: 320, Diff: 320, Sum: 725, Workers: 4
[204.400s][debug][gc,phases      ] GC(19)   ObjectSynchronizer Weak        Min:  0.0, Avg:  0.0, Max:  0.0, Diff:  0.0, Sum:  0.0, Workers: 4
[204.400s][debug][gc,phases      ] GC(19)     Dead                           Min: 0, Avg:  0.0, Max: 0, Diff: 0, Sum: 0, Workers: 4
[204.400s][debug][gc,phases      ] GC(19)     Total                          Min: 0, Avg:  8.0, Max: 32, Diff: 32, Sum: 32, Workers: 4
[204.400s][debug][gc,phases      ] GC(19)   JVMTI Tag Weak OopStorage      Min:  0.0, Avg:  0.0, Max:  0.0, Diff:  0.0, Sum:  0.0, Workers: 4
[204.400s][debug][gc,phases      ] GC(19)     Dead                           Min: 0, Avg:  0.0, Max: 0, Diff: 0, Sum: 0, Workers: 4
[204.400s][debug][gc,phases      ] GC(19)     Total                          Min: 0, Avg:  0.0, Max: 0, Diff: 0, Sum: 0, Workers: 4
[204.400s][debug][gc,phases      ] GC(19)   StringTable Weak               Min:  0.0, Avg:  0.1, Max:  0.2, Diff:  0.2, Sum:  0.6, Workers: 4
[204.400s][debug][gc,phases      ] GC(19)     Dead                           Min: 0, Avg:  0.0, Max: 0, Diff: 0, Sum: 0, Workers: 4
[204.400s][debug][gc,phases      ] GC(19)     Total                          Min: 0, Avg: 10727.8, Max: 15265, Diff: 15265, Sum: 42911, Workers: 4
[204.400s][debug][gc,phases      ] GC(19)   ResolvedMethodTable Weak       Min:  0.0, Avg:  0.0, Max:  0.0, Diff:  0.0, Sum:  0.1, Workers: 4
[204.400s][debug][gc,phases      ] GC(19)     Dead                           Min: 0, Avg:  0.8, Max: 3, Diff: 3, Sum: 3, Workers: 4
[204.400s][debug][gc,phases      ] GC(19)     Total                          Min: 0, Avg: 2159.5, Max: 2961, Diff: 2961, Sum: 8638, Workers: 4
[204.400s][debug][gc,phases      ] GC(19)   JNI Weak                       Min:  0.0, Avg:  0.0, Max:  0.0, Diff:  0.0, Sum:  0.0, Workers: 4
[204.400s][debug][gc,phases      ] GC(19)     Dead                           Min: 0, Avg:  0.0, Max: 0, Diff: 0, Sum: 0, Workers: 4
[204.400s][debug][gc,phases      ] GC(19)     Total                          Min: 0, Avg: 11.2, Max: 45, Diff: 45, Sum: 45, Workers: 4
[204.401s][debug][gc,phases      ] GC(19)   StringDedup Table Weak         Min:  0.0, Avg:  0.0, Max:  0.0, Diff:  0.0, Sum:  0.0, Workers: 4
[204.401s][debug][gc,phases      ] GC(19)     Dead                           Min: 0, Avg:  0.0, Max: 0, Diff: 0, Sum: 0, Workers: 4
[204.401s][debug][gc,phases      ] GC(19)     Total                          Min: 0, Avg:  0.0, Max: 0, Diff: 0, Sum: 0, Workers: 4
[204.401s][debug][gc,phases      ] GC(19)   StringDedup Requests0 Weak     Min:  0.0, Avg:  0.0, Max:  0.0, Diff:  0.0, Sum:  0.0, Workers: 4
[204.401s][debug][gc,phases      ] GC(19)     Dead                           Min: 0, Avg:  0.0, Max: 0, Diff: 0, Sum: 0, Workers: 4
[204.401s][debug][gc,phases      ] GC(19)     Total                          Min: 0, Avg:  0.0, Max: 0, Diff: 0, Sum: 0, Workers: 4
[204.401s][debug][gc,phases      ] GC(19)   StringDedup Requests1 Weak     Min:  0.0, Avg:  0.0, Max:  0.0, Diff:  0.0, Sum:  0.0, Workers: 4
[204.401s][debug][gc,phases      ] GC(19)     Dead                           Min: 0, Avg:  0.0, Max: 0, Diff: 0, Sum: 0, Workers: 4
[204.401s][debug][gc,phases      ] GC(19)     Total                          Min: 0, Avg:  0.0, Max: 0, Diff: 0, Sum: 0, Workers: 4
[204.401s][debug][gc,phases      ] GC(19)   Weak JFR Old Object Samples    Min:  0.0, Avg:  0.0, Max:  0.0, Diff:  0.0, Sum:  0.0, Workers: 4
[204.401s][debug][gc,phases      ] GC(19)     Dead                           Min: 0, Avg:  0.0, Max: 0, Diff: 0, Sum: 0, Workers: 4
[204.401s][debug][gc,phases      ] GC(19)     Total                          Min: 0, Avg:  0.0, Max: 0, Diff: 0, Sum: 0, Workers: 4
[204.401s][debug][gc,phases      ] GC(19) Weak Processing 0.384ms
[204.401s][debug][gc,phases      ] GC(19) ClassLoaderData 0.167ms
[204.401s][debug][gc,phases      ] GC(19) Trigger cleanups 0.005ms
[204.427s][debug][gc,phases      ] GC(19) Class Unloading 26.247ms
[204.427s][info ][gc,phases      ] GC(19) Marking Phase 153.018ms
[204.427s][info ][gc,phases,start] GC(19) Summary Phase
[204.427s][info ][gc,phases      ] GC(19) Summary Phase 0.009ms
[204.427s][info ][gc,phases,start] GC(19) Adjust Roots
[204.452s][info ][gc,phases      ] GC(19) Adjust Roots 25.467ms
[204.452s][info ][gc,phases,start] GC(19) Compaction Phase
[205.261s][info ][gc,phases      ] GC(19) Compaction Phase 808.712ms
[205.261s][info ][gc,phases,start] GC(19) Post Compact
[205.265s][info ][gc,phases      ] GC(19) Post Compact 3.457ms
[205.265s][info ][gc,heap        ] GC(19) PSYoungGen: 282007K(1642496K)->279967K(1642496K) Eden: 0K(1193472K)->0K(1193472K) From: 282007K(449024K)->279967K(449024K)
[205.265s][info ][gc,heap        ] GC(19) ParOldGen: 31361K(31744K)->31632K(62976K)
[205.265s][info ][gc,metaspace   ] GC(19) Metaspace: 78838K(79744K)->78834K(79744K) NonClass: 67466K(67968K)->67464K(67968K) Class: 11371K(11776K)->11370K(11776K)
[205.265s][info ][gc             ] GC(19) Pause Full (Ergonomics) 306M->304M(1665M) 990.868ms
[205.265s][info ][gc,cpu         ] GC(19) User=2.58s Sys=0.02s Real=0.99s
[205.265s][info ][safepoint      ] Safepoint "ParallelGCFailedAllocation", Time since last: 7891748025 ns, Reaching safepoint: 36000 ns, At safepoint: 1101714513 ns, Total: 1101750513 ns
[223.212s][info ][gc,start       ] GC(20) Pause Young (Allocation Failure)
[223.336s][debug][gc,phases      ] GC(20) Scavenge 123.934ms
[223.336s][debug][gc,ref         ] GC(20) Skipped phase 1 of Reference Processing: no references
[223.336s][debug][gc,ref         ] GC(20) ReferenceProcessor::execute queues: 4, RefProcThreadModel::Multi, marks_oops_alive: false
[223.336s][debug][gc,ref         ] GC(20) Skipped phase 3 of Reference Processing: no references
[223.336s][debug][gc,ref         ] GC(20) ReferenceProcessor::execute queues: 1, RefProcThreadModel::Single, marks_oops_alive: false
[223.336s][debug][gc,phases      ] GC(20) Reference Processing 0.587ms
[223.337s][debug][gc,phases      ] GC(20)   VM Weak                        Min:  0.0, Avg:  0.0, Max:  0.0, Diff:  0.0, Sum:  0.0, Workers: 4
[223.337s][debug][gc,phases      ] GC(20)     Dead                           Min: 0, Avg:  0.0, Max: 0, Diff: 0, Sum: 0, Workers: 4
[223.337s][debug][gc,phases      ] GC(20)     Total                          Min: 0, Avg: 180.8, Max: 446, Diff: 446, Sum: 723, Workers: 4
[223.337s][debug][gc,phases      ] GC(20)   ObjectSynchronizer Weak        Min:  0.0, Avg:  0.0, Max:  0.0, Diff:  0.0, Sum:  0.0, Workers: 4
[223.337s][debug][gc,phases      ] GC(20)     Dead                           Min: 0, Avg:  0.0, Max: 0, Diff: 0, Sum: 0, Workers: 4
[223.337s][debug][gc,phases      ] GC(20)     Total                          Min: 0, Avg:  8.0, Max: 32, Diff: 32, Sum: 32, Workers: 4
[223.337s][debug][gc,phases      ] GC(20)   JVMTI Tag Weak OopStorage      Min:  0.0, Avg:  0.0, Max:  0.0, Diff:  0.0, Sum:  0.0, Workers: 4
[223.337s][debug][gc,phases      ] GC(20)     Dead                           Min: 0, Avg:  0.0, Max: 0, Diff: 0, Sum: 0, Workers: 4
[223.337s][debug][gc,phases      ] GC(20)     Total                          Min: 0, Avg:  0.0, Max: 0, Diff: 0, Sum: 0, Workers: 4
[223.337s][debug][gc,phases      ] GC(20)   StringTable Weak               Min:  0.0, Avg:  0.3, Max:  0.3, Diff:  0.3, Sum:  1.0, Workers: 4
[223.337s][debug][gc,phases      ] GC(20)     Dead                           Min: 0, Avg:  0.0, Max: 0, Diff: 0, Sum: 0, Workers: 4
[223.337s][debug][gc,phases      ] GC(20)     Total                          Min: 0, Avg: 10728.0, Max: 15265, Diff: 15265, Sum: 42912, Workers: 4
[223.337s][debug][gc,phases      ] GC(20)   ResolvedMethodTable Weak       Min:  0.0, Avg:  0.1, Max:  0.1, Diff:  0.1, Sum:  0.3, Workers: 4
[223.337s][debug][gc,phases      ] GC(20)     Dead                           Min: 0, Avg:  0.0, Max: 0, Diff: 0, Sum: 0, Workers: 4
[223.337s][debug][gc,phases      ] GC(20)     Total                          Min: 0, Avg: 2159.5, Max: 3058, Diff: 3058, Sum: 8638, Workers: 4
[223.337s][debug][gc,phases      ] GC(20)   JNI Weak                       Min:  0.0, Avg:  0.0, Max:  0.0, Diff:  0.0, Sum:  0.0, Workers: 4
[223.337s][debug][gc,phases      ] GC(20)     Dead                           Min: 0, Avg:  0.0, Max: 0, Diff: 0, Sum: 0, Workers: 4
[223.337s][debug][gc,phases      ] GC(20)     Total                          Min: 0, Avg: 11.2, Max: 45, Diff: 45, Sum: 45, Workers: 4
[223.337s][debug][gc,phases      ] GC(20)   StringDedup Table Weak         Min:  0.0, Avg:  0.0, Max:  0.0, Diff:  0.0, Sum:  0.0, Workers: 4
[223.337s][debug][gc,phases      ] GC(20)     Dead                           Min: 0, Avg:  0.0, Max: 0, Diff: 0, Sum: 0, Workers: 4
[223.337s][debug][gc,phases      ] GC(20)     Total                          Min: 0, Avg:  0.0, Max: 0, Diff: 0, Sum: 0, Workers: 4
[223.337s][debug][gc,phases      ] GC(20)   StringDedup Requests0 Weak     Min:  0.0, Avg:  0.0, Max:  0.0, Diff:  0.0, Sum:  0.0, Workers: 4
[223.337s][debug][gc,phases      ] GC(20)     Dead                           Min: 0, Avg:  0.0, Max: 0, Diff: 0, Sum: 0, Workers: 4
[223.337s][debug][gc,phases      ] GC(20)     Total                          Min: 0, Avg:  0.0, Max: 0, Diff: 0, Sum: 0, Workers: 4
[223.337s][debug][gc,phases      ] GC(20)   StringDedup Requests1 Weak     Min:  0.0, Avg:  0.0, Max:  0.0, Diff:  0.0, Sum:  0.0, Workers: 4
[223.337s][debug][gc,phases      ] GC(20)     Dead                           Min: 0, Avg:  0.0, Max: 0, Diff: 0, Sum: 0, Workers: 4
[223.337s][debug][gc,phases      ] GC(20)     Total                          Min: 0, Avg:  0.0, Max: 0, Diff: 0, Sum: 0, Workers: 4
[223.337s][debug][gc,phases      ] GC(20)   Weak JFR Old Object Samples    Min:  0.0, Avg:  0.0, Max:  0.0, Diff:  0.0, Sum:  0.0, Workers: 4
[223.337s][debug][gc,phases      ] GC(20)     Dead                           Min: 0, Avg:  0.0, Max: 0, Diff: 0, Sum: 0, Workers: 4
[223.337s][debug][gc,phases      ] GC(20)     Total                          Min: 0, Avg:  0.0, Max: 0, Diff: 0, Sum: 0, Workers: 4
[223.337s][debug][gc,phases      ] GC(20) Weak Processing 0.608ms
[223.337s][debug][gc,age         ] GC(20) Desired survivor size 437256192 bytes, new threshold 15 (max threshold 15)
[223.337s][info ][gc,heap        ] GC(20) PSYoungGen: 1473439K(1642496K)->226433K(1670144K) Eden: 1193472K(1193472K)->0K(1235968K) From: 279967K(449024K)->226433K(434176K)
[223.337s][info ][gc,heap        ] GC(20) ParOldGen: 31632K(62976K)->86866K(87040K)
[223.337s][info ][gc,metaspace   ] GC(20) Metaspace: 78834K(79744K)->78834K(79744K) NonClass: 67464K(67968K)->67464K(67968K) Class: 11370K(11776K)->11370K(11776K)
[223.337s][info ][gc             ] GC(20) Pause Young (Allocation Failure) 1469M->305M(1716M) 125.260ms
[223.337s][info ][gc,cpu         ] GC(20) User=0.33s Sys=0.05s Real=0.12s
[223.337s][debug][gc,phases      ] GC(21) Pre Compact 0.012ms
[223.337s][info ][gc,start       ] GC(21) Pause Full (Ergonomics)
[223.337s][info ][gc,phases,start] GC(21) Marking Phase
[223.461s][debug][gc,phases      ] GC(21) Par Mark 124.105ms
[223.461s][debug][gc,ref         ] GC(21) Skipped phase 1 of Reference Processing: no references
[223.462s][debug][gc,ref         ] GC(21) ReferenceProcessor::execute queues: 4, RefProcThreadModel::Multi, marks_oops_alive: false
[223.462s][debug][gc,ref         ] GC(21) Skipped phase 3 of Reference Processing: no references
[223.462s][debug][gc,ref         ] GC(21) ReferenceProcessor::execute queues: 1, RefProcThreadModel::Single, marks_oops_alive: false
[223.462s][debug][gc,phases      ] GC(21) Reference Processing 0.463ms
[223.462s][debug][gc,phases      ] GC(21)   VM Weak                        Min:  0.0, Avg:  0.0, Max:  0.0, Diff:  0.0, Sum:  0.0, Workers: 4
[223.462s][debug][gc,phases      ] GC(21)     Dead                           Min: 0, Avg:  0.0, Max: 0, Diff: 0, Sum: 0, Workers: 4
[223.462s][debug][gc,phases      ] GC(21)     Total                          Min: 0, Avg: 180.8, Max: 277, Diff: 277, Sum: 723, Workers: 4
[223.462s][debug][gc,phases      ] GC(21)   ObjectSynchronizer Weak        Min:  0.0, Avg:  0.0, Max:  0.0, Diff:  0.0, Sum:  0.0, Workers: 4
[223.462s][debug][gc,phases      ] GC(21)     Dead                           Min: 0, Avg:  0.0, Max: 0, Diff: 0, Sum: 0, Workers: 4
[223.462s][debug][gc,phases      ] GC(21)     Total                          Min: 0, Avg:  8.0, Max: 32, Diff: 32, Sum: 32, Workers: 4
[223.462s][debug][gc,phases      ] GC(21)   JVMTI Tag Weak OopStorage      Min:  0.0, Avg:  0.0, Max:  0.0, Diff:  0.0, Sum:  0.0, Workers: 4
[223.462s][debug][gc,phases      ] GC(21)     Dead                           Min: 0, Avg:  0.0, Max: 0, Diff: 0, Sum: 0, Workers: 4
[223.462s][debug][gc,phases      ] GC(21)     Total                          Min: 0, Avg:  0.0, Max: 0, Diff: 0, Sum: 0, Workers: 4
[223.462s][debug][gc,phases      ] GC(21)   StringTable Weak               Min:  0.0, Avg:  0.1, Max:  0.2, Diff:  0.2, Sum:  0.5, Workers: 4
[223.462s][debug][gc,phases      ] GC(21)     Dead                           Min: 0, Avg:  0.0, Max: 0, Diff: 0, Sum: 0, Workers: 4
[223.462s][debug][gc,phases      ] GC(21)     Total                          Min: 0, Avg: 10728.0, Max: 15999, Diff: 15999, Sum: 42912, Workers: 4
[223.462s][debug][gc,phases      ] GC(21)   ResolvedMethodTable Weak       Min:  0.0, Avg:  0.0, Max:  0.0, Diff:  0.0, Sum:  0.1, Workers: 4
[223.462s][debug][gc,phases      ] GC(21)     Dead                           Min: 0, Avg:  0.0, Max: 0, Diff: 0, Sum: 0, Workers: 4
[223.462s][debug][gc,phases      ] GC(21)     Total                          Min: 0, Avg: 2159.5, Max: 2959, Diff: 2959, Sum: 8638, Workers: 4
[223.462s][debug][gc,phases      ] GC(21)   JNI Weak                       Min:  0.0, Avg:  0.0, Max:  0.0, Diff:  0.0, Sum:  0.0, Workers: 4
[223.462s][debug][gc,phases      ] GC(21)     Dead                           Min: 0, Avg:  0.0, Max: 0, Diff: 0, Sum: 0, Workers: 4
[223.462s][debug][gc,phases      ] GC(21)     Total                          Min: 0, Avg: 11.2, Max: 45, Diff: 45, Sum: 45, Workers: 4
[223.462s][debug][gc,phases      ] GC(21)   StringDedup Table Weak         Min:  0.0, Avg:  0.0, Max:  0.0, Diff:  0.0, Sum:  0.0, Workers: 4
[223.462s][debug][gc,phases      ] GC(21)     Dead                           Min: 0, Avg:  0.0, Max: 0, Diff: 0, Sum: 0, Workers: 4
[223.462s][debug][gc,phases      ] GC(21)     Total                          Min: 0, Avg:  0.0, Max: 0, Diff: 0, Sum: 0, Workers: 4
[223.462s][debug][gc,phases      ] GC(21)   StringDedup Requests0 Weak     Min:  0.0, Avg:  0.0, Max:  0.0, Diff:  0.0, Sum:  0.0, Workers: 4
[223.462s][debug][gc,phases      ] GC(21)     Dead                           Min: 0, Avg:  0.0, Max: 0, Diff: 0, Sum: 0, Workers: 4
[223.462s][debug][gc,phases      ] GC(21)     Total                          Min: 0, Avg:  0.0, Max: 0, Diff: 0, Sum: 0, Workers: 4
[223.462s][debug][gc,phases      ] GC(21)   StringDedup Requests1 Weak     Min:  0.0, Avg:  0.0, Max:  0.0, Diff:  0.0, Sum:  0.0, Workers: 4
[223.462s][debug][gc,phases      ] GC(21)     Dead                           Min: 0, Avg:  0.0, Max: 0, Diff: 0, Sum: 0, Workers: 4
[223.462s][debug][gc,phases      ] GC(21)     Total                          Min: 0, Avg:  0.0, Max: 0, Diff: 0, Sum: 0, Workers: 4
[223.462s][debug][gc,phases      ] GC(21)   Weak JFR Old Object Samples    Min:  0.0, Avg:  0.0, Max:  0.0, Diff:  0.0, Sum:  0.0, Workers: 4
[223.462s][debug][gc,phases      ] GC(21)     Dead                           Min: 0, Avg:  0.0, Max: 0, Diff: 0, Sum: 0, Workers: 4
[223.462s][debug][gc,phases      ] GC(21)     Total                          Min: 0, Avg:  0.0, Max: 0, Diff: 0, Sum: 0, Workers: 4
[223.462s][debug][gc,phases      ] GC(21) Weak Processing 0.385ms
[223.462s][debug][gc,phases      ] GC(21) ClassLoaderData 0.086ms
[223.462s][debug][gc,phases      ] GC(21) Trigger cleanups 0.000ms
[223.477s][debug][gc,phases      ] GC(21) Class Unloading 14.846ms
[223.477s][info ][gc,phases      ] GC(21) Marking Phase 139.981ms
[223.477s][info ][gc,phases,start] GC(21) Summary Phase
[223.477s][info ][gc,phases      ] GC(21) Summary Phase 0.009ms
[223.477s][info ][gc,phases,start] GC(21) Adjust Roots
[223.495s][info ][gc,phases      ] GC(21) Adjust Roots 18.306ms
[223.495s][info ][gc,phases,start] GC(21) Compaction Phase
[224.013s][info ][gc,phases      ] GC(21) Compaction Phase 517.362ms
[224.013s][info ][gc,phases,start] GC(21) Post Compact
[224.015s][info ][gc,phases      ] GC(21) Post Compact 2.375ms
[224.015s][info ][gc,heap        ] GC(21) PSYoungGen: 226433K(1670144K)->224992K(1670144K) Eden: 0K(1235968K)->0K(1235968K) From: 226433K(434176K)->224992K(434176K)
[224.015s][info ][gc,heap        ] GC(21) ParOldGen: 86866K(87040K)->86580K(148992K)
[224.015s][info ][gc,metaspace   ] GC(21) Metaspace: 78834K(79744K)->78834K(79744K) NonClass: 67464K(67968K)->67464K(67968K) Class: 11370K(11776K)->11370K(11776K)
[224.015s][info ][gc             ] GC(21) Pause Full (Ergonomics) 305M->304M(1776M) 678.294ms
[224.015s][info ][gc,cpu         ] GC(21) User=1.83s Sys=0.02s Real=0.68s
[224.015s][info ][safepoint      ] Safepoint "ParallelGCFailedAllocation", Time since last: 17946855261 ns, Reaching safepoint: 37600 ns, At safepoint: 803678379 ns, Total: 803715979 ns
[229.016s][info ][safepoint      ] Safepoint "Cleanup", Time since last: 5000366280 ns, Reaching safepoint: 131401 ns, At safepoint: 9300 ns, Total: 140701 ns
[230.016s][info ][safepoint      ] Safepoint "Cleanup", Time since last: 1000101724 ns, Reaching safepoint: 109801 ns, At safepoint: 6200 ns, Total: 116001 ns
[235.017s][info ][safepoint      ] Safepoint "Cleanup", Time since last: 5000371079 ns, Reaching safepoint: 40900 ns, At safepoint: 3300 ns, Total: 44200 ns
[236.017s][info ][safepoint      ] Safepoint "Cleanup", Time since last: 1000106714 ns, Reaching safepoint: 34900 ns, At safepoint: 3300 ns, Total: 38200 ns
[240.669s][info ][safepoint      ] Safepoint "Cleanup", Time since last: 4652237221 ns, Reaching safepoint: 40901 ns, At safepoint: 4200 ns, Total: 45101 ns
[242.912s][info ][gc,start       ] GC(22) Pause Young (Allocation Failure)
[243.066s][debug][gc,phases      ] GC(22) Scavenge 153.280ms
[243.066s][debug][gc,ref         ] GC(22) Skipped phase 1 of Reference Processing: no references
[243.066s][debug][gc,ref         ] GC(22) ReferenceProcessor::execute queues: 2, RefProcThreadModel::Multi, marks_oops_alive: false
[243.066s][debug][gc,ref         ] GC(22) Skipped phase 3 of Reference Processing: no references
[243.066s][debug][gc,ref         ] GC(22) ReferenceProcessor::execute queues: 1, RefProcThreadModel::Single, marks_oops_alive: false
[243.066s][debug][gc,phases      ] GC(22) Reference Processing 0.397ms
[243.067s][debug][gc,phases      ] GC(22)   VM Weak                        Min:  0.0, Avg:  0.0, Max:  0.0, Diff:  0.0, Sum:  0.0, Workers: 4
[243.067s][debug][gc,phases      ] GC(22)     Dead                           Min: 0, Avg:  0.0, Max: 0, Diff: 0, Sum: 0, Workers: 4
[243.067s][debug][gc,phases      ] GC(22)     Total                          Min: 0, Avg: 180.8, Max: 597, Diff: 597, Sum: 723, Workers: 4
[243.067s][debug][gc,phases      ] GC(22)   ObjectSynchronizer Weak        Min:  0.0, Avg:  0.0, Max:  0.0, Diff:  0.0, Sum:  0.0, Workers: 4
[243.067s][debug][gc,phases      ] GC(22)     Dead                           Min: 0, Avg:  0.0, Max: 0, Diff: 0, Sum: 0, Workers: 4
[243.067s][debug][gc,phases      ] GC(22)     Total                          Min: 0, Avg:  8.0, Max: 32, Diff: 32, Sum: 32, Workers: 4
[243.067s][debug][gc,phases      ] GC(22)   JVMTI Tag Weak OopStorage      Min:  0.0, Avg:  0.0, Max:  0.0, Diff:  0.0, Sum:  0.0, Workers: 4
[243.067s][debug][gc,phases      ] GC(22)     Dead                           Min: 0, Avg:  0.0, Max: 0, Diff: 0, Sum: 0, Workers: 4
[243.067s][debug][gc,phases      ] GC(22)     Total                          Min: 0, Avg:  0.0, Max: 0, Diff: 0, Sum: 0, Workers: 4
[243.067s][debug][gc,phases      ] GC(22)   StringTable Weak               Min:  0.0, Avg:  0.2, Max:  0.4, Diff:  0.4, Sum:  0.9, Workers: 4
[243.067s][debug][gc,phases      ] GC(22)     Dead                           Min: 0, Avg:  0.0, Max: 0, Diff: 0, Sum: 0, Workers: 4
[243.067s][debug][gc,phases      ] GC(22)     Total                          Min: 0, Avg: 10729.5, Max: 22375, Diff: 22375, Sum: 42918, Workers: 4
[243.067s][debug][gc,phases      ] GC(22)   ResolvedMethodTable Weak       Min:  0.0, Avg:  0.1, Max:  0.1, Diff:  0.1, Sum:  0.3, Workers: 4
[243.067s][debug][gc,phases      ] GC(22)     Dead                           Min: 0, Avg:  0.0, Max: 0, Diff: 0, Sum: 0, Workers: 4
[243.067s][debug][gc,phases      ] GC(22)     Total                          Min: 0, Avg: 2159.5, Max: 4414, Diff: 4414, Sum: 8638, Workers: 4
[243.067s][debug][gc,phases      ] GC(22)   JNI Weak                       Min:  0.0, Avg:  0.0, Max:  0.0, Diff:  0.0, Sum:  0.0, Workers: 4
[243.067s][debug][gc,phases      ] GC(22)     Dead                           Min: 0, Avg:  0.0, Max: 0, Diff: 0, Sum: 0, Workers: 4
[243.067s][debug][gc,phases      ] GC(22)     Total                          Min: 0, Avg: 11.2, Max: 45, Diff: 45, Sum: 45, Workers: 4
[243.067s][debug][gc,phases      ] GC(22)   StringDedup Table Weak         Min:  0.0, Avg:  0.0, Max:  0.0, Diff:  0.0, Sum:  0.0, Workers: 4
[243.067s][debug][gc,phases      ] GC(22)     Dead                           Min: 0, Avg:  0.0, Max: 0, Diff: 0, Sum: 0, Workers: 4
[243.067s][debug][gc,phases      ] GC(22)     Total                          Min: 0, Avg:  0.0, Max: 0, Diff: 0, Sum: 0, Workers: 4
[243.067s][debug][gc,phases      ] GC(22)   StringDedup Requests0 Weak     Min:  0.0, Avg:  0.0, Max:  0.0, Diff:  0.0, Sum:  0.0, Workers: 4
[243.067s][debug][gc,phases      ] GC(22)     Dead                           Min: 0, Avg:  0.0, Max: 0, Diff: 0, Sum: 0, Workers: 4
[243.067s][debug][gc,phases      ] GC(22)     Total                          Min: 0, Avg:  0.0, Max: 0, Diff: 0, Sum: 0, Workers: 4
[243.067s][debug][gc,phases      ] GC(22)   StringDedup Requests1 Weak     Min:  0.0, Avg:  0.0, Max:  0.0, Diff:  0.0, Sum:  0.0, Workers: 4
[243.067s][debug][gc,phases      ] GC(22)     Dead                           Min: 0, Avg:  0.0, Max: 0, Diff: 0, Sum: 0, Workers: 4
[243.067s][debug][gc,phases      ] GC(22)     Total                          Min: 0, Avg:  0.0, Max: 0, Diff: 0, Sum: 0, Workers: 4
[243.067s][debug][gc,phases      ] GC(22)   Weak JFR Old Object Samples    Min:  0.0, Avg:  0.0, Max:  0.0, Diff:  0.0, Sum:  0.0, Workers: 4
[243.067s][debug][gc,phases      ] GC(22)     Dead                           Min: 0, Avg:  0.0, Max: 0, Diff: 0, Sum: 0, Workers: 4
[243.067s][debug][gc,phases      ] GC(22)     Total                          Min: 0, Avg:  0.0, Max: 0, Diff: 0, Sum: 0, Workers: 4
[243.067s][debug][gc,phases      ] GC(22) Weak Processing 0.850ms
[243.067s][debug][gc,age         ] GC(22) Desired survivor size 440401920 bytes, new threshold 15 (max threshold 15)
[243.067s][info ][gc,heap        ] GC(22) PSYoungGen: 1460960K(1670144K)->162257K(1662976K) Eden: 1235968K(1235968K)->0K(1235968K) From: 224992K(434176K)->162257K(427008K)
[243.067s][info ][gc,heap        ] GC(22) ParOldGen: 86580K(148992K)->152927K(153088K)
[243.067s][info ][gc,metaspace   ] GC(22) Metaspace: 78834K(79744K)->78834K(79744K) NonClass: 67464K(67968K)->67464K(67968K) Class: 11370K(11776K)->11370K(11776K)
[243.067s][info ][gc             ] GC(22) Pause Young (Allocation Failure) 1511M->307M(1773M) 154.676ms
[243.067s][info ][gc,cpu         ] GC(22) User=0.32s Sys=0.01s Real=0.15s
[243.067s][debug][gc,phases      ] GC(23) Pre Compact 0.014ms
[243.067s][info ][gc,start       ] GC(23) Pause Full (Ergonomics)
[243.067s][info ][gc,phases,start] GC(23) Marking Phase
[243.258s][debug][gc,phases      ] GC(23) Par Mark 190.759ms
[243.258s][debug][gc,ref         ] GC(23) Skipped phase 1 of Reference Processing: no references
[243.258s][debug][gc,ref         ] GC(23) ReferenceProcessor::execute queues: 4, RefProcThreadModel::Multi, marks_oops_alive: false
[243.266s][debug][gc,ref         ] GC(23) Skipped phase 3 of Reference Processing: no references
[243.266s][debug][gc,ref         ] GC(23) ReferenceProcessor::execute queues: 1, RefProcThreadModel::Single, marks_oops_alive: false
[243.266s][debug][gc,phases      ] GC(23) Reference Processing 8.311ms
[243.267s][debug][gc,phases      ] GC(23)   VM Weak                        Min:  0.0, Avg:  0.0, Max:  0.0, Diff:  0.0, Sum:  0.0, Workers: 4
[243.267s][debug][gc,phases      ] GC(23)     Dead                           Min: 0, Avg:  0.0, Max: 0, Diff: 0, Sum: 0, Workers: 4
[243.267s][debug][gc,phases      ] GC(23)     Total                          Min: 0, Avg: 180.8, Max: 723, Diff: 723, Sum: 723, Workers: 4
[243.267s][debug][gc,phases      ] GC(23)   ObjectSynchronizer Weak        Min:  0.0, Avg:  0.0, Max:  0.0, Diff:  0.0, Sum:  0.0, Workers: 4
[243.267s][debug][gc,phases      ] GC(23)     Dead                           Min: 0, Avg:  0.0, Max: 0, Diff: 0, Sum: 0, Workers: 4
[243.267s][debug][gc,phases      ] GC(23)     Total                          Min: 0, Avg:  8.0, Max: 32, Diff: 32, Sum: 32, Workers: 4
[243.267s][debug][gc,phases      ] GC(23)   JVMTI Tag Weak OopStorage      Min:  0.0, Avg:  0.0, Max:  0.0, Diff:  0.0, Sum:  0.0, Workers: 4
[243.267s][debug][gc,phases      ] GC(23)     Dead                           Min: 0, Avg:  0.0, Max: 0, Diff: 0, Sum: 0, Workers: 4
[243.267s][debug][gc,phases      ] GC(23)     Total                          Min: 0, Avg:  0.0, Max: 0, Diff: 0, Sum: 0, Workers: 4
[243.267s][debug][gc,phases      ] GC(23)   StringTable Weak               Min:  0.0, Avg:  0.1, Max:  0.6, Diff:  0.6, Sum:  0.6, Workers: 4
[243.267s][debug][gc,phases      ] GC(23)     Dead                           Min: 0, Avg:  0.0, Max: 0, Diff: 0, Sum: 0, Workers: 4
[243.267s][debug][gc,phases      ] GC(23)     Total                          Min: 0, Avg: 10729.5, Max: 42918, Diff: 42918, Sum: 42918, Workers: 4
[243.267s][debug][gc,phases      ] GC(23)   ResolvedMethodTable Weak       Min:  0.0, Avg:  0.0, Max:  0.1, Diff:  0.1, Sum:  0.1, Workers: 4
[243.267s][debug][gc,phases      ] GC(23)     Dead                           Min: 0, Avg:  0.0, Max: 0, Diff: 0, Sum: 0, Workers: 4
[243.267s][debug][gc,phases      ] GC(23)     Total                          Min: 0, Avg: 2159.5, Max: 8638, Diff: 8638, Sum: 8638, Workers: 4
[243.267s][debug][gc,phases      ] GC(23)   JNI Weak                       Min:  0.0, Avg:  0.0, Max:  0.0, Diff:  0.0, Sum:  0.0, Workers: 4
[243.267s][debug][gc,phases      ] GC(23)     Dead                           Min: 0, Avg:  0.0, Max: 0, Diff: 0, Sum: 0, Workers: 4
[243.267s][debug][gc,phases      ] GC(23)     Total                          Min: 0, Avg: 11.2, Max: 45, Diff: 45, Sum: 45, Workers: 4
[243.267s][debug][gc,phases      ] GC(23)   StringDedup Table Weak         Min:  0.0, Avg:  0.0, Max:  0.0, Diff:  0.0, Sum:  0.0, Workers: 4
[243.267s][debug][gc,phases      ] GC(23)     Dead                           Min: 0, Avg:  0.0, Max: 0, Diff: 0, Sum: 0, Workers: 4
[243.267s][debug][gc,phases      ] GC(23)     Total                          Min: 0, Avg:  0.0, Max: 0, Diff: 0, Sum: 0, Workers: 4
[243.267s][debug][gc,phases      ] GC(23)   StringDedup Requests0 Weak     Min:  0.0, Avg:  0.0, Max:  0.0, Diff:  0.0, Sum:  0.0, Workers: 4
[243.267s][debug][gc,phases      ] GC(23)     Dead                           Min: 0, Avg:  0.0, Max: 0, Diff: 0, Sum: 0, Workers: 4
[243.267s][debug][gc,phases      ] GC(23)     Total                          Min: 0, Avg:  0.0, Max: 0, Diff: 0, Sum: 0, Workers: 4
[243.267s][debug][gc,phases      ] GC(23)   StringDedup Requests1 Weak     Min:  0.0, Avg:  0.0, Max:  0.0, Diff:  0.0, Sum:  0.0, Workers: 4
[243.267s][debug][gc,phases      ] GC(23)     Dead                           Min: 0, Avg:  0.0, Max: 0, Diff: 0, Sum: 0, Workers: 4
[243.267s][debug][gc,phases      ] GC(23)     Total                          Min: 0, Avg:  0.0, Max: 0, Diff: 0, Sum: 0, Workers: 4
[243.267s][debug][gc,phases      ] GC(23)   Weak JFR Old Object Samples    Min:  0.0, Avg:  0.0, Max:  0.0, Diff:  0.0, Sum:  0.0, Workers: 4
[243.267s][debug][gc,phases      ] GC(23)     Dead                           Min: 0, Avg:  0.0, Max: 0, Diff: 0, Sum: 0, Workers: 4
[243.267s][debug][gc,phases      ] GC(23)     Total                          Min: 0, Avg:  0.0, Max: 0, Diff: 0, Sum: 0, Workers: 4
[243.267s][debug][gc,phases      ] GC(23) Weak Processing 0.915ms
[243.267s][debug][gc,phases      ] GC(23) ClassLoaderData 0.092ms
[243.267s][debug][gc,phases      ] GC(23) Trigger cleanups 0.000ms
[243.294s][debug][gc,phases      ] GC(23) Class Unloading 27.319ms
[243.295s][info ][gc,phases      ] GC(23) Marking Phase 227.504ms
[243.295s][info ][gc,phases,start] GC(23) Summary Phase
[243.295s][info ][gc,phases      ] GC(23) Summary Phase 0.014ms
[243.295s][info ][gc,phases,start] GC(23) Adjust Roots
[243.328s][info ][gc,phases      ] GC(23) Adjust Roots 33.732ms
[243.328s][info ][gc,phases,start] GC(23) Compaction Phase
[244.046s][info ][gc,phases      ] GC(23) Compaction Phase 717.643ms
[244.046s][info ][gc,phases,start] GC(23) Post Compact
[244.047s][info ][gc,phases      ] GC(23) Post Compact 1.429ms
[244.048s][info ][gc,heap        ] GC(23) PSYoungGen: 162257K(1662976K)->161399K(1662976K) Eden: 0K(1235968K)->0K(1235968K) From: 162257K(427008K)->161399K(427008K)
[244.048s][info ][gc,heap        ] GC(23) ParOldGen: 152927K(153088K)->150167K(249856K)
[244.048s][info ][gc,metaspace   ] GC(23) Metaspace: 78834K(79744K)->78834K(79744K) NonClass: 67464K(67968K)->67464K(67968K) Class: 11370K(11776K)->11370K(11776K)
[244.048s][info ][gc             ] GC(23) Pause Full (Ergonomics) 307M->304M(1868M) 980.725ms
[244.048s][info ][gc,cpu         ] GC(23) User=1.61s Sys=0.00s Real=0.98s
[244.048s][info ][safepoint      ] Safepoint "ParallelGCFailedAllocation", Time since last: 2243171375 ns, Reaching safepoint: 30100 ns, At safepoint: 1135544058 ns, Total: 1135574158 ns
[255.049s][info ][safepoint      ] Safepoint "Cleanup", Time since last: 11000692970 ns, Reaching safepoint: 45601 ns, At safepoint: 3800 ns, Total: 49401 ns
[259.049s][info ][safepoint      ] Safepoint "Cleanup", Time since last: 4000295203 ns, Reaching safepoint: 33100 ns, At safepoint: 4300 ns, Total: 37400 ns
[262.463s][info ][gc,start       ] GC(24) Pause Young (Allocation Failure)
[262.588s][debug][gc,phases      ] GC(24) Scavenge 124.983ms
[262.588s][debug][gc,ref         ] GC(24) Skipped phase 1 of Reference Processing: no references
[262.588s][debug][gc,ref         ] GC(24) ReferenceProcessor::execute queues: 1, RefProcThreadModel::Single, marks_oops_alive: false
[262.588s][debug][gc,ref         ] GC(24) Skipped phase 3 of Reference Processing: no references
[262.588s][debug][gc,ref         ] GC(24) ReferenceProcessor::execute queues: 1, RefProcThreadModel::Single, marks_oops_alive: false
[262.588s][debug][gc,phases      ] GC(24) Reference Processing 0.220ms
[262.588s][debug][gc,phases      ] GC(24)   VM Weak                        Min:  0.0, Avg:  0.0, Max:  0.0, Diff:  0.0, Sum:  0.0, Workers: 4
[262.588s][debug][gc,phases      ] GC(24)     Dead                           Min: 0, Avg:  0.0, Max: 0, Diff: 0, Sum: 0, Workers: 4
[262.588s][debug][gc,phases      ] GC(24)     Total                          Min: 0, Avg: 180.8, Max: 723, Diff: 723, Sum: 723, Workers: 4
[262.588s][debug][gc,phases      ] GC(24)   ObjectSynchronizer Weak        Min:  0.0, Avg:  0.0, Max:  0.0, Diff:  0.0, Sum:  0.0, Workers: 4
[262.588s][debug][gc,phases      ] GC(24)     Dead                           Min: 0, Avg:  0.0, Max: 0, Diff: 0, Sum: 0, Workers: 4
[262.588s][debug][gc,phases      ] GC(24)     Total                          Min: 0, Avg:  8.0, Max: 32, Diff: 32, Sum: 32, Workers: 4
[262.588s][debug][gc,phases      ] GC(24)   JVMTI Tag Weak OopStorage      Min:  0.0, Avg:  0.0, Max:  0.0, Diff:  0.0, Sum:  0.0, Workers: 4
[262.588s][debug][gc,phases      ] GC(24)     Dead                           Min: 0, Avg:  0.0, Max: 0, Diff: 0, Sum: 0, Workers: 4
[262.588s][debug][gc,phases      ] GC(24)     Total                          Min: 0, Avg:  0.0, Max: 0, Diff: 0, Sum: 0, Workers: 4
[262.588s][debug][gc,phases      ] GC(24)   StringTable Weak               Min:  0.0, Avg:  0.1, Max:  0.4, Diff:  0.4, Sum:  0.4, Workers: 4
[262.588s][debug][gc,phases      ] GC(24)     Dead                           Min: 0, Avg:  0.0, Max: 0, Diff: 0, Sum: 0, Workers: 4
[262.588s][debug][gc,phases      ] GC(24)     Total                          Min: 0, Avg: 10729.5, Max: 42918, Diff: 42918, Sum: 42918, Workers: 4
[262.588s][debug][gc,phases      ] GC(24)   ResolvedMethodTable Weak       Min:  0.0, Avg:  0.0, Max:  0.1, Diff:  0.1, Sum:  0.1, Workers: 4
[262.588s][debug][gc,phases      ] GC(24)     Dead                           Min: 0, Avg:  0.0, Max: 0, Diff: 0, Sum: 0, Workers: 4
[262.589s][debug][gc,phases      ] GC(24)     Total                          Min: 0, Avg: 2159.5, Max: 8638, Diff: 8638, Sum: 8638, Workers: 4
[262.589s][debug][gc,phases      ] GC(24)   JNI Weak                       Min:  0.0, Avg:  0.0, Max:  0.0, Diff:  0.0, Sum:  0.0, Workers: 4
[262.589s][debug][gc,phases      ] GC(24)     Dead                           Min: 0, Avg:  0.0, Max: 0, Diff: 0, Sum: 0, Workers: 4
[262.589s][debug][gc,phases      ] GC(24)     Total                          Min: 0, Avg: 11.2, Max: 45, Diff: 45, Sum: 45, Workers: 4
[262.589s][debug][gc,phases      ] GC(24)   StringDedup Table Weak         Min:  0.0, Avg:  0.0, Max:  0.0, Diff:  0.0, Sum:  0.0, Workers: 4
[262.589s][debug][gc,phases      ] GC(24)     Dead                           Min: 0, Avg:  0.0, Max: 0, Diff: 0, Sum: 0, Workers: 4
[262.589s][debug][gc,phases      ] GC(24)     Total                          Min: 0, Avg:  0.0, Max: 0, Diff: 0, Sum: 0, Workers: 4
[262.589s][debug][gc,phases      ] GC(24)   StringDedup Requests0 Weak     Min:  0.0, Avg:  0.0, Max:  0.0, Diff:  0.0, Sum:  0.0, Workers: 4
[262.589s][debug][gc,phases      ] GC(24)     Dead                           Min: 0, Avg:  0.0, Max: 0, Diff: 0, Sum: 0, Workers: 4
[262.589s][debug][gc,phases      ] GC(24)     Total                          Min: 0, Avg:  0.0, Max: 0, Diff: 0, Sum: 0, Workers: 4
[262.589s][debug][gc,phases      ] GC(24)   StringDedup Requests1 Weak     Min:  0.0, Avg:  0.0, Max:  0.0, Diff:  0.0, Sum:  0.0, Workers: 4
[262.589s][debug][gc,phases      ] GC(24)     Dead                           Min: 0, Avg:  0.0, Max: 0, Diff: 0, Sum: 0, Workers: 4
[262.589s][debug][gc,phases      ] GC(24)     Total                          Min: 0, Avg:  0.0, Max: 0, Diff: 0, Sum: 0, Workers: 4
[262.589s][debug][gc,phases      ] GC(24)   Weak JFR Old Object Samples    Min:  0.0, Avg:  0.0, Max:  0.0, Diff:  0.0, Sum:  0.0, Workers: 4
[262.589s][debug][gc,phases      ] GC(24)     Dead                           Min: 0, Avg:  0.0, Max: 0, Diff: 0, Sum: 0, Workers: 4
[262.589s][debug][gc,phases      ] GC(24)     Total                          Min: 0, Avg:  0.0, Max: 0, Diff: 0, Sum: 0, Workers: 4
[262.589s][debug][gc,phases      ] GC(24) Weak Processing 0.770ms
[262.589s][debug][gc,age         ] GC(24) Desired survivor size 452984832 bytes, new threshold 15 (max threshold 15)
[262.589s][info ][gc,heap        ] GC(24) PSYoungGen: 1397367K(1662976K)->89350K(1642496K) Eden: 1235968K(1235968K)->0K(1212416K) From: 161399K(427008K)->89350K(430080K)
[262.589s][info ][gc,heap        ] GC(24) ParOldGen: 150167K(249856K)->224124K(249856K)
[262.589s][info ][gc,metaspace   ] GC(24) Metaspace: 78834K(79744K)->78834K(79744K) NonClass: 67464K(67968K)->67464K(67968K) Class: 11370K(11776K)->11370K(11776K)
[262.589s][info ][gc             ] GC(24) Pause Young (Allocation Failure) 1511M->306M(1848M) 126.114ms
[262.589s][info ][gc,cpu         ] GC(24) User=0.29s Sys=0.00s Real=0.12s
[262.589s][debug][gc,phases      ] GC(25) Pre Compact 0.014ms
[262.589s][info ][gc,start       ] GC(25) Pause Full (Ergonomics)
[262.589s][info ][gc,phases,start] GC(25) Marking Phase
[262.804s][debug][gc,phases      ] GC(25) Par Mark 214.681ms
[262.804s][debug][gc,ref         ] GC(25) Skipped phase 1 of Reference Processing: no references
[262.804s][debug][gc,ref         ] GC(25) ReferenceProcessor::execute queues: 4, RefProcThreadModel::Multi, marks_oops_alive: false
[262.807s][debug][gc,ref         ] GC(25) Skipped phase 3 of Reference Processing: no references
[262.807s][debug][gc,ref         ] GC(25) ReferenceProcessor::execute queues: 1, RefProcThreadModel::Single, marks_oops_alive: false
[262.807s][debug][gc,phases      ] GC(25) Reference Processing 3.527ms
[262.808s][debug][gc,phases      ] GC(25)   VM Weak                        Min:  0.0, Avg:  0.0, Max:  0.0, Diff:  0.0, Sum:  0.0, Workers: 4
[262.808s][debug][gc,phases      ] GC(25)     Dead                           Min: 0, Avg:  0.0, Max: 0, Diff: 0, Sum: 0, Workers: 4
[262.808s][debug][gc,phases      ] GC(25)     Total                          Min: 0, Avg: 180.8, Max: 723, Diff: 723, Sum: 723, Workers: 4
[262.808s][debug][gc,phases      ] GC(25)   ObjectSynchronizer Weak        Min:  0.0, Avg:  0.0, Max:  0.0, Diff:  0.0, Sum:  0.0, Workers: 4
[262.808s][debug][gc,phases      ] GC(25)     Dead                           Min: 0, Avg:  0.0, Max: 0, Diff: 0, Sum: 0, Workers: 4
[262.808s][debug][gc,phases      ] GC(25)     Total                          Min: 0, Avg:  8.0, Max: 32, Diff: 32, Sum: 32, Workers: 4
[262.808s][debug][gc,phases      ] GC(25)   JVMTI Tag Weak OopStorage      Min:  0.0, Avg:  0.0, Max:  0.0, Diff:  0.0, Sum:  0.0, Workers: 4
[262.808s][debug][gc,phases      ] GC(25)     Dead                           Min: 0, Avg:  0.0, Max: 0, Diff: 0, Sum: 0, Workers: 4
[262.808s][debug][gc,phases      ] GC(25)     Total                          Min: 0, Avg:  0.0, Max: 0, Diff: 0, Sum: 0, Workers: 4
[262.808s][debug][gc,phases      ] GC(25)   StringTable Weak               Min:  0.0, Avg:  0.1, Max:  0.6, Diff:  0.6, Sum:  0.6, Workers: 4
[262.808s][debug][gc,phases      ] GC(25)     Dead                           Min: 0, Avg:  0.0, Max: 0, Diff: 0, Sum: 0, Workers: 4
[262.808s][debug][gc,phases      ] GC(25)     Total                          Min: 0, Avg: 10729.5, Max: 42918, Diff: 42918, Sum: 42918, Workers: 4
[262.808s][debug][gc,phases      ] GC(25)   ResolvedMethodTable Weak       Min:  0.0, Avg:  0.0, Max:  0.1, Diff:  0.1, Sum:  0.1, Workers: 4
[262.808s][debug][gc,phases      ] GC(25)     Dead                           Min: 0, Avg:  0.0, Max: 0, Diff: 0, Sum: 0, Workers: 4
[262.808s][debug][gc,phases      ] GC(25)     Total                          Min: 0, Avg: 2159.5, Max: 8638, Diff: 8638, Sum: 8638, Workers: 4
[262.808s][debug][gc,phases      ] GC(25)   JNI Weak                       Min:  0.0, Avg:  0.0, Max:  0.0, Diff:  0.0, Sum:  0.0, Workers: 4
[262.808s][debug][gc,phases      ] GC(25)     Dead                           Min: 0, Avg:  0.0, Max: 0, Diff: 0, Sum: 0, Workers: 4
[262.808s][debug][gc,phases      ] GC(25)     Total                          Min: 0, Avg: 11.2, Max: 45, Diff: 45, Sum: 45, Workers: 4
[262.808s][debug][gc,phases      ] GC(25)   StringDedup Table Weak         Min:  0.0, Avg:  0.0, Max:  0.0, Diff:  0.0, Sum:  0.0, Workers: 4
[262.808s][debug][gc,phases      ] GC(25)     Dead                           Min: 0, Avg:  0.0, Max: 0, Diff: 0, Sum: 0, Workers: 4
[262.808s][debug][gc,phases      ] GC(25)     Total                          Min: 0, Avg:  0.0, Max: 0, Diff: 0, Sum: 0, Workers: 4
[262.808s][debug][gc,phases      ] GC(25)   StringDedup Requests0 Weak     Min:  0.0, Avg:  0.0, Max:  0.0, Diff:  0.0, Sum:  0.0, Workers: 4
[262.808s][debug][gc,phases      ] GC(25)     Dead                           Min: 0, Avg:  0.0, Max: 0, Diff: 0, Sum: 0, Workers: 4
[262.808s][debug][gc,phases      ] GC(25)     Total                          Min: 0, Avg:  0.0, Max: 0, Diff: 0, Sum: 0, Workers: 4
[262.808s][debug][gc,phases      ] GC(25)   StringDedup Requests1 Weak     Min:  0.0, Avg:  0.0, Max:  0.0, Diff:  0.0, Sum:  0.0, Workers: 4
[262.808s][debug][gc,phases      ] GC(25)     Dead                           Min: 0, Avg:  0.0, Max: 0, Diff: 0, Sum: 0, Workers: 4
[262.808s][debug][gc,phases      ] GC(25)     Total                          Min: 0, Avg:  0.0, Max: 0, Diff: 0, Sum: 0, Workers: 4
[262.808s][debug][gc,phases      ] GC(25)   Weak JFR Old Object Samples    Min:  0.0, Avg:  0.0, Max:  0.0, Diff:  0.0, Sum:  0.0, Workers: 4
[262.808s][debug][gc,phases      ] GC(25)     Dead                           Min: 0, Avg:  0.0, Max: 0, Diff: 0, Sum: 0, Workers: 4
[262.808s][debug][gc,phases      ] GC(25)     Total                          Min: 0, Avg:  0.0, Max: 0, Diff: 0, Sum: 0, Workers: 4
[262.808s][debug][gc,phases      ] GC(25) Weak Processing 0.935ms
[262.808s][debug][gc,phases      ] GC(25) ClassLoaderData 0.086ms
[262.808s][debug][gc,phases      ] GC(25) Trigger cleanups 0.000ms
[262.829s][debug][gc,phases      ] GC(25) Class Unloading 21.104ms
[262.829s][info ][gc,phases      ] GC(25) Marking Phase 240.450ms
[262.829s][info ][gc,phases,start] GC(25) Summary Phase
[262.829s][info ][gc,phases      ] GC(25) Summary Phase 0.012ms
[262.829s][info ][gc,phases,start] GC(25) Adjust Roots
[262.847s][info ][gc,phases      ] GC(25) Adjust Roots 18.126ms
[262.847s][info ][gc,phases,start] GC(25) Compaction Phase
[263.181s][info ][gc,phases      ] GC(25) Compaction Phase 333.139ms
[263.181s][info ][gc,phases,start] GC(25) Post Compact
[263.182s][info ][gc,phases      ] GC(25) Post Compact 0.971ms
[263.182s][info ][gc,heap        ] GC(25) PSYoungGen: 89350K(1642496K)->62060K(1642496K) Eden: 0K(1212416K)->0K(1212416K) From: 89350K(430080K)->62060K(430080K)
[263.182s][info ][gc,heap        ] GC(25) ParOldGen: 224124K(249856K)->249509K(386560K)
[263.182s][info ][gc,metaspace   ] GC(25) Metaspace: 78834K(79744K)->78834K(79744K) NonClass: 67464K(67968K)->67464K(67968K) Class: 11370K(11776K)->11370K(11776K)
[263.182s][info ][gc             ] GC(25) Pause Full (Ergonomics) 306M->304M(1981M) 593.079ms
[263.182s][info ][gc,cpu         ] GC(25) User=1.11s Sys=0.01s Real=0.60s
[263.182s][info ][safepoint      ] Safepoint "ParallelGCFailedAllocation", Time since last: 3413628173 ns, Reaching safepoint: 36101 ns, At safepoint: 719346160 ns, Total: 719382261 ns
[264.182s][info ][safepoint      ] Safepoint "Cleanup", Time since last: 1000087743 ns, Reaching safepoint: 50601 ns, At safepoint: 6600 ns, Total: 57201 ns
[265.061s][info ][safepoint      ] Safepoint "ICBufferFull", Time since last: 878284966 ns, Reaching safepoint: 267302 ns, At safepoint: 3500 ns, Total: 270802 ns
[265.870s][info ][safepoint      ] Safepoint "ICBufferFull", Time since last: 809131255 ns, Reaching safepoint: 241602 ns, At safepoint: 2600 ns, Total: 244202 ns
[266.297s][info ][safepoint      ] Safepoint "ICBufferFull", Time since last: 427051176 ns, Reaching safepoint: 203902 ns, At safepoint: 5200 ns, Total: 209102 ns
[267.387s][info ][safepoint      ] Safepoint "Cleanup", Time since last: 1086355406 ns, Reaching safepoint: 3058327 ns, At safepoint: 8400 ns, Total: 3066727 ns
[268.387s][info ][safepoint      ] Safepoint "Cleanup", Time since last: 1000095443 ns, Reaching safepoint: 74101 ns, At safepoint: 6100 ns, Total: 80201 ns
[269.387s][info ][safepoint      ] Safepoint "Cleanup", Time since last: 1000088843 ns, Reaching safepoint: 128801 ns, At safepoint: 2500 ns, Total: 131301 ns
[270.387s][info ][safepoint      ] Safepoint "Cleanup", Time since last: 1000096091 ns, Reaching safepoint: 175502 ns, At safepoint: 9400 ns, Total: 184902 ns
[271.232s][info ][gc,start       ] GC(26) Pause Young (Allocation Failure)
[271.369s][debug][gc,phases      ] GC(26) Scavenge 137.027ms
[271.369s][debug][gc,ref         ] GC(26) Skipped phase 1 of Reference Processing: no references
[271.369s][debug][gc,ref         ] GC(26) ReferenceProcessor::execute queues: 1, RefProcThreadModel::Single, marks_oops_alive: false
[271.369s][debug][gc,ref         ] GC(26) Skipped phase 3 of Reference Processing: no references
[271.369s][debug][gc,ref         ] GC(26) ReferenceProcessor::execute queues: 1, RefProcThreadModel::Single, marks_oops_alive: false
[271.369s][debug][gc,phases      ] GC(26) Reference Processing 0.210ms
[271.370s][debug][gc,phases      ] GC(26)   VM Weak                        Min:  0.0, Avg:  0.0, Max:  0.0, Diff:  0.0, Sum:  0.0, Workers: 4
[271.370s][debug][gc,phases      ] GC(26)     Dead                           Min: 0, Avg:  0.0, Max: 0, Diff: 0, Sum: 0, Workers: 4
[271.370s][debug][gc,phases      ] GC(26)     Total                          Min: 0, Avg: 199.5, Max: 798, Diff: 798, Sum: 798, Workers: 4
[271.370s][debug][gc,phases      ] GC(26)   ObjectSynchronizer Weak        Min:  0.0, Avg:  0.0, Max:  0.0, Diff:  0.0, Sum:  0.0, Workers: 4
[271.370s][debug][gc,phases      ] GC(26)     Dead                           Min: 0, Avg:  0.0, Max: 0, Diff: 0, Sum: 0, Workers: 4
[271.370s][debug][gc,phases      ] GC(26)     Total                          Min: 0, Avg:  8.0, Max: 32, Diff: 32, Sum: 32, Workers: 4
[271.370s][debug][gc,phases      ] GC(26)   JVMTI Tag Weak OopStorage      Min:  0.0, Avg:  0.0, Max:  0.0, Diff:  0.0, Sum:  0.0, Workers: 4
[271.370s][debug][gc,phases      ] GC(26)     Dead                           Min: 0, Avg:  0.0, Max: 0, Diff: 0, Sum: 0, Workers: 4
[271.370s][debug][gc,phases      ] GC(26)     Total                          Min: 0, Avg:  0.0, Max: 0, Diff: 0, Sum: 0, Workers: 4
[271.370s][debug][gc,phases      ] GC(26)   StringTable Weak               Min:  0.0, Avg:  0.1, Max:  0.4, Diff:  0.4, Sum:  0.4, Workers: 4
[271.370s][debug][gc,phases      ] GC(26)     Dead                           Min: 0, Avg:  1.5, Max: 6, Diff: 6, Sum: 6, Workers: 4
[271.370s][debug][gc,phases      ] GC(26)     Total                          Min: 0, Avg: 10819.0, Max: 43276, Diff: 43276, Sum: 43276, Workers: 4
[271.370s][debug][gc,phases      ] GC(26)   ResolvedMethodTable Weak       Min:  0.0, Avg:  0.0, Max:  0.1, Diff:  0.1, Sum:  0.1, Workers: 4
[271.370s][debug][gc,phases      ] GC(26)     Dead                           Min: 0, Avg:  3.8, Max: 15, Diff: 15, Sum: 15, Workers: 4
[271.370s][debug][gc,phases      ] GC(26)     Total                          Min: 0, Avg: 2296.0, Max: 9184, Diff: 9184, Sum: 9184, Workers: 4
[271.370s][debug][gc,phases      ] GC(26)   JNI Weak                       Min:  0.0, Avg:  0.0, Max:  0.0, Diff:  0.0, Sum:  0.0, Workers: 4
[271.370s][debug][gc,phases      ] GC(26)     Dead                           Min: 0, Avg:  0.0, Max: 0, Diff: 0, Sum: 0, Workers: 4
[271.370s][debug][gc,phases      ] GC(26)     Total                          Min: 0, Avg: 11.8, Max: 47, Diff: 47, Sum: 47, Workers: 4
[271.370s][debug][gc,phases      ] GC(26)   StringDedup Table Weak         Min:  0.0, Avg:  0.0, Max:  0.0, Diff:  0.0, Sum:  0.0, Workers: 4
[271.370s][debug][gc,phases      ] GC(26)     Dead                           Min: 0, Avg:  0.0, Max: 0, Diff: 0, Sum: 0, Workers: 4
[271.370s][debug][gc,phases      ] GC(26)     Total                          Min: 0, Avg:  0.0, Max: 0, Diff: 0, Sum: 0, Workers: 4
[271.370s][debug][gc,phases      ] GC(26)   StringDedup Requests0 Weak     Min:  0.0, Avg:  0.0, Max:  0.0, Diff:  0.0, Sum:  0.0, Workers: 4
[271.370s][debug][gc,phases      ] GC(26)     Dead                           Min: 0, Avg:  0.0, Max: 0, Diff: 0, Sum: 0, Workers: 4
[271.370s][debug][gc,phases      ] GC(26)     Total                          Min: 0, Avg:  0.0, Max: 0, Diff: 0, Sum: 0, Workers: 4
[271.370s][debug][gc,phases      ] GC(26)   StringDedup Requests1 Weak     Min:  0.0, Avg:  0.0, Max:  0.0, Diff:  0.0, Sum:  0.0, Workers: 4
[271.370s][debug][gc,phases      ] GC(26)     Dead                           Min: 0, Avg:  0.0, Max: 0, Diff: 0, Sum: 0, Workers: 4
[271.370s][debug][gc,phases      ] GC(26)     Total                          Min: 0, Avg:  0.0, Max: 0, Diff: 0, Sum: 0, Workers: 4
[271.370s][debug][gc,phases      ] GC(26)   Weak JFR Old Object Samples    Min:  0.0, Avg:  0.0, Max:  0.0, Diff:  0.0, Sum:  0.0, Workers: 4
[271.370s][debug][gc,phases      ] GC(26)     Dead                           Min: 0, Avg:  0.0, Max: 0, Diff: 0, Sum: 0, Workers: 4
[271.370s][debug][gc,phases      ] GC(26)     Total                          Min: 0, Avg:  0.0, Max: 0, Diff: 0, Sum: 0, Workers: 4
[271.370s][debug][gc,phases      ] GC(26) Weak Processing 0.775ms
[271.370s][debug][gc,age         ] GC(26) Desired survivor size 467664896 bytes, new threshold 15 (max threshold 15)
[271.370s][info ][gc,heap        ] GC(26) PSYoungGen: 1274476K(1642496K)->42947K(1255424K) Eden: 1212416K(1212416K)->0K(1212416K) From: 62060K(430080K)->42947K(43008K)
[271.370s][info ][gc,heap        ] GC(26) ParOldGen: 249509K(386560K)->286173K(386560K)
[271.370s][info ][gc,metaspace   ] GC(26) Metaspace: 80035K(81024K)->80035K(81024K) NonClass: 68434K(68992K)->68434K(68992K) Class: 11600K(12032K)->11600K(12032K)
[271.370s][info ][gc             ] GC(26) Pause Young (Allocation Failure) 1488M->321M(1603M) 138.138ms
[271.370s][info ][gc,cpu         ] GC(26) User=0.23s Sys=0.01s Real=0.13s
[271.370s][info ][safepoint      ] Safepoint "ParallelGCFailedAllocation", Time since last: 844427405 ns, Reaching safepoint: 143102 ns, At safepoint: 138224497 ns, Total: 138367599 ns
[272.953s][info ][safepoint      ] Safepoint "Cleanup", Time since last: 1582671869 ns, Reaching safepoint: 116101 ns, At safepoint: 7100 ns, Total: 123201 ns
[273.953s][info ][safepoint      ] Safepoint "Cleanup", Time since last: 1000099842 ns, Reaching safepoint: 82501 ns, At safepoint: 3900 ns, Total: 86401 ns
[274.953s][info ][safepoint      ] Safepoint "Cleanup", Time since last: 1000091642 ns, Reaching safepoint: 119601 ns, At safepoint: 2700 ns, Total: 122301 ns
[275.953s][info ][safepoint      ] Safepoint "Cleanup", Time since last: 1000111542 ns, Reaching safepoint: 84100 ns, At safepoint: 2500 ns, Total: 86600 ns
[276.954s][info ][safepoint      ] Safepoint "Cleanup", Time since last: 1000141596 ns, Reaching safepoint: 99401 ns, At safepoint: 2500 ns, Total: 101901 ns
[277.954s][info ][safepoint      ] Safepoint "Cleanup", Time since last: 1000076281 ns, Reaching safepoint: 80901 ns, At safepoint: 4100 ns, Total: 85001 ns
[278.954s][info ][safepoint      ] Safepoint "Cleanup", Time since last: 1000099544 ns, Reaching safepoint: 69901 ns, At safepoint: 3800 ns, Total: 73701 ns
[279.954s][info ][safepoint      ] Safepoint "Cleanup", Time since last: 1000101422 ns, Reaching safepoint: 82200 ns, At safepoint: 3700 ns, Total: 85900 ns
[281.575s][info ][safepoint      ] Safepoint "Cleanup", Time since last: 1620588334 ns, Reaching safepoint: 125901 ns, At safepoint: 7600 ns, Total: 133501 ns
[282.579s][info ][safepoint      ] Safepoint "Cleanup", Time since last: 1000111622 ns, Reaching safepoint: 4313638 ns, At safepoint: 15400 ns, Total: 4329038 ns
[283.580s][info ][safepoint      ] Safepoint "Cleanup", Time since last: 1000103222 ns, Reaching safepoint: 45600 ns, At safepoint: 2500 ns, Total: 48100 ns
[284.063s][info ][gc,start       ] GC(27) Pause Young (Allocation Failure)
[284.137s][debug][gc,phases      ] GC(27) Scavenge 73.465ms
[284.137s][debug][gc,ref         ] GC(27) Skipped phase 1 of Reference Processing: no references
[284.137s][debug][gc,ref         ] GC(27) ReferenceProcessor::execute queues: 1, RefProcThreadModel::Single, marks_oops_alive: false
[284.137s][debug][gc,ref         ] GC(27) Skipped phase 3 of Reference Processing: no references
[284.137s][debug][gc,ref         ] GC(27) ReferenceProcessor::execute queues: 1, RefProcThreadModel::Single, marks_oops_alive: false
[284.137s][debug][gc,phases      ] GC(27) Reference Processing 0.198ms
[284.140s][debug][gc,phases      ] GC(27)   VM Weak                        Min:  0.0, Avg:  0.0, Max:  0.0, Diff:  0.0, Sum:  0.0, Workers: 4
[284.140s][debug][gc,phases      ] GC(27)     Dead                           Min: 0, Avg:  0.0, Max: 0, Diff: 0, Sum: 0, Workers: 4
[284.140s][debug][gc,phases      ] GC(27)     Total                          Min: 0, Avg: 202.8, Max: 555, Diff: 555, Sum: 811, Workers: 4
[284.140s][debug][gc,phases      ] GC(27)   ObjectSynchronizer Weak        Min:  0.0, Avg:  0.0, Max:  0.0, Diff:  0.0, Sum:  0.0, Workers: 4
[284.140s][debug][gc,phases      ] GC(27)     Dead                           Min: 0, Avg:  0.0, Max: 0, Diff: 0, Sum: 0, Workers: 4
[284.140s][debug][gc,phases      ] GC(27)     Total                          Min: 0, Avg:  8.2, Max: 33, Diff: 33, Sum: 33, Workers: 4
[284.140s][debug][gc,phases      ] GC(27)   JVMTI Tag Weak OopStorage      Min:  0.0, Avg:  0.0, Max:  0.0, Diff:  0.0, Sum:  0.0, Workers: 4
[284.140s][debug][gc,phases      ] GC(27)     Dead                           Min: 0, Avg:  0.0, Max: 0, Diff: 0, Sum: 0, Workers: 4
[284.140s][debug][gc,phases      ] GC(27)     Total                          Min: 0, Avg:  0.0, Max: 0, Diff: 0, Sum: 0, Workers: 4
[284.140s][debug][gc,phases      ] GC(27)   StringTable Weak               Min:  0.0, Avg:  0.1, Max:  0.2, Diff:  0.2, Sum:  0.4, Workers: 4
[284.140s][debug][gc,phases      ] GC(27)     Dead                           Min: 0, Avg:  0.8, Max: 2, Diff: 2, Sum: 3, Workers: 4
[284.140s][debug][gc,phases      ] GC(27)     Total                          Min: 0, Avg: 10855.2, Max: 23168, Diff: 23168, Sum: 43421, Workers: 4
[284.140s][debug][gc,phases      ] GC(27)   ResolvedMethodTable Weak       Min:  0.0, Avg:  0.0, Max:  0.1, Diff:  0.1, Sum:  0.1, Workers: 4
[284.140s][debug][gc,phases      ] GC(27)     Dead                           Min: 0, Avg:  0.0, Max: 0, Diff: 0, Sum: 0, Workers: 4
[284.140s][debug][gc,phases      ] GC(27)     Total                          Min: 0, Avg: 2318.8, Max: 4667, Diff: 4667, Sum: 9275, Workers: 4
[284.140s][debug][gc,phases      ] GC(27)   JNI Weak                       Min:  0.0, Avg:  0.0, Max:  0.0, Diff:  0.0, Sum:  0.0, Workers: 4
[284.140s][debug][gc,phases      ] GC(27)     Dead                           Min: 0, Avg:  0.0, Max: 0, Diff: 0, Sum: 0, Workers: 4
[284.140s][debug][gc,phases      ] GC(27)     Total                          Min: 0, Avg: 11.2, Max: 45, Diff: 45, Sum: 45, Workers: 4
[284.140s][debug][gc,phases      ] GC(27)   StringDedup Table Weak         Min:  0.0, Avg:  0.0, Max:  0.0, Diff:  0.0, Sum:  0.0, Workers: 4
[284.140s][debug][gc,phases      ] GC(27)     Dead                           Min: 0, Avg:  0.0, Max: 0, Diff: 0, Sum: 0, Workers: 4
[284.140s][debug][gc,phases      ] GC(27)     Total                          Min: 0, Avg:  0.0, Max: 0, Diff: 0, Sum: 0, Workers: 4
[284.140s][debug][gc,phases      ] GC(27)   StringDedup Requests0 Weak     Min:  0.0, Avg:  0.0, Max:  0.0, Diff:  0.0, Sum:  0.0, Workers: 4
[284.140s][debug][gc,phases      ] GC(27)     Dead                           Min: 0, Avg:  0.0, Max: 0, Diff: 0, Sum: 0, Workers: 4
[284.140s][debug][gc,phases      ] GC(27)     Total                          Min: 0, Avg:  0.0, Max: 0, Diff: 0, Sum: 0, Workers: 4
[284.140s][debug][gc,phases      ] GC(27)   StringDedup Requests1 Weak     Min:  0.0, Avg:  0.0, Max:  0.0, Diff:  0.0, Sum:  0.0, Workers: 4
[284.140s][debug][gc,phases      ] GC(27)     Dead                           Min: 0, Avg:  0.0, Max: 0, Diff: 0, Sum: 0, Workers: 4
[284.140s][debug][gc,phases      ] GC(27)     Total                          Min: 0, Avg:  0.0, Max: 0, Diff: 0, Sum: 0, Workers: 4
[284.140s][debug][gc,phases      ] GC(27)   Weak JFR Old Object Samples    Min:  0.0, Avg:  0.0, Max:  0.0, Diff:  0.0, Sum:  0.0, Workers: 4
[284.140s][debug][gc,phases      ] GC(27)     Dead                           Min: 0, Avg:  0.0, Max: 0, Diff: 0, Sum: 0, Workers: 4
[284.140s][debug][gc,phases      ] GC(27)     Total                          Min: 0, Avg:  0.0, Max: 0, Diff: 0, Sum: 0, Workers: 4
[284.140s][debug][gc,phases      ] GC(27) Weak Processing 2.749ms
[284.140s][debug][gc,age         ] GC(27) Desired survivor size 477626368 bytes, new threshold 15 (max threshold 15)
[284.140s][info ][gc,heap        ] GC(27) PSYoungGen: 1255363K(1255424K)->27667K(1620992K) Eden: 1212416K(1212416K)->0K(1164288K) From: 42947K(43008K)->27667K(456704K)
[284.140s][info ][gc,heap        ] GC(27) ParOldGen: 286173K(386560K)->302997K(386560K)
[284.140s][info ][gc,metaspace   ] GC(27) Metaspace: 80389K(81344K)->80389K(81344K) NonClass: 68746K(69248K)->68746K(69248K) Class: 11643K(12096K)->11643K(12096K)
[284.140s][info ][gc             ] GC(27) Pause Young (Allocation Failure) 1505M->322M(1960M) 76.551ms
[284.140s][info ][gc,cpu         ] GC(27) User=0.07s Sys=0.01s Real=0.08s
[284.140s][info ][safepoint      ] Safepoint "ParallelGCFailedAllocation", Time since last: 483582618 ns, Reaching safepoint: 44400 ns, At safepoint: 76634368 ns, Total: 76678768 ns
[285.140s][info ][safepoint      ] Safepoint "Cleanup", Time since last: 1000087922 ns, Reaching safepoint: 66201 ns, At safepoint: 3600 ns, Total: 69801 ns
[286.140s][info ][safepoint      ] Safepoint "Cleanup", Time since last: 1000113422 ns, Reaching safepoint: 128101 ns, At safepoint: 6200 ns, Total: 134301 ns
[287.140s][info ][safepoint      ] Safepoint "Cleanup", Time since last: 1000116594 ns, Reaching safepoint: 49800 ns, At safepoint: 2800 ns, Total: 52600 ns
[288.141s][info ][safepoint      ] Safepoint "Cleanup", Time since last: 1000102411 ns, Reaching safepoint: 63500 ns, At safepoint: 3200 ns, Total: 66700 ns
[289.141s][info ][safepoint      ] Safepoint "Cleanup", Time since last: 1000111910 ns, Reaching safepoint: 51001 ns, At safepoint: 2800 ns, Total: 53801 ns
[290.141s][info ][safepoint      ] Safepoint "Cleanup", Time since last: 1000100310 ns, Reaching safepoint: 49900 ns, At safepoint: 2400 ns, Total: 52300 ns
[291.141s][info ][safepoint      ] Safepoint "Cleanup", Time since last: 1000103110 ns, Reaching safepoint: 45401 ns, At safepoint: 2900 ns, Total: 48301 ns
[293.141s][info ][safepoint      ] Safepoint "Cleanup", Time since last: 2000189720 ns, Reaching safepoint: 60500 ns, At safepoint: 7300 ns, Total: 67800 ns
[294.141s][info ][safepoint      ] Safepoint "Cleanup", Time since last: 1000112110 ns, Reaching safepoint: 50601 ns, At safepoint: 2600 ns, Total: 53201 ns
[295.142s][info ][safepoint      ] Safepoint "Cleanup", Time since last: 1000099903 ns, Reaching safepoint: 41000 ns, At safepoint: 3300 ns, Total: 44300 ns
[296.142s][info ][safepoint      ] Safepoint "Cleanup", Time since last: 1000085579 ns, Reaching safepoint: 43901 ns, At safepoint: 3400 ns, Total: 47301 ns
[297.316s][info ][gc,start       ] GC(28) Pause Young (Allocation Failure)
[297.336s][debug][gc,phases      ] GC(28) Scavenge 20.342ms
[297.336s][debug][gc,ref         ] GC(28) Skipped phase 1 of Reference Processing: no references
[297.336s][debug][gc,ref         ] GC(28) ReferenceProcessor::execute queues: 1, RefProcThreadModel::Single, marks_oops_alive: false
[297.337s][debug][gc,ref         ] GC(28) Skipped phase 3 of Reference Processing: no references
[297.337s][debug][gc,ref         ] GC(28) ReferenceProcessor::execute queues: 1, RefProcThreadModel::Single, marks_oops_alive: false
[297.337s][debug][gc,phases      ] GC(28) Reference Processing 0.190ms
[297.337s][debug][gc,phases      ] GC(28)   VM Weak                        Min:  0.0, Avg:  0.0, Max:  0.0, Diff:  0.0, Sum:  0.0, Workers: 4
[297.337s][debug][gc,phases      ] GC(28)     Dead                           Min: 0, Avg:  0.0, Max: 0, Diff: 0, Sum: 0, Workers: 4
[297.337s][debug][gc,phases      ] GC(28)     Total                          Min: 0, Avg: 202.8, Max: 811, Diff: 811, Sum: 811, Workers: 4
[297.337s][debug][gc,phases      ] GC(28)   ObjectSynchronizer Weak        Min:  0.0, Avg:  0.0, Max:  0.0, Diff:  0.0, Sum:  0.0, Workers: 4
[297.337s][debug][gc,phases      ] GC(28)     Dead                           Min: 0, Avg:  0.0, Max: 0, Diff: 0, Sum: 0, Workers: 4
[297.337s][debug][gc,phases      ] GC(28)     Total                          Min: 0, Avg:  8.2, Max: 33, Diff: 33, Sum: 33, Workers: 4
[297.337s][debug][gc,phases      ] GC(28)   JVMTI Tag Weak OopStorage      Min:  0.0, Avg:  0.0, Max:  0.0, Diff:  0.0, Sum:  0.0, Workers: 4
[297.337s][debug][gc,phases      ] GC(28)     Dead                           Min: 0, Avg:  0.0, Max: 0, Diff: 0, Sum: 0, Workers: 4
[297.337s][debug][gc,phases      ] GC(28)     Total                          Min: 0, Avg:  0.0, Max: 0, Diff: 0, Sum: 0, Workers: 4
[297.337s][debug][gc,phases      ] GC(28)   StringTable Weak               Min:  0.0, Avg:  0.1, Max:  0.3, Diff:  0.3, Sum:  0.4, Workers: 4
[297.337s][debug][gc,phases      ] GC(28)     Dead                           Min: 0, Avg:  0.0, Max: 0, Diff: 0, Sum: 0, Workers: 4
[297.337s][debug][gc,phases      ] GC(28)     Total                          Min: 0, Avg: 10858.2, Max: 30208, Diff: 30208, Sum: 43433, Workers: 4
[297.337s][debug][gc,phases      ] GC(28)   ResolvedMethodTable Weak       Min:  0.0, Avg:  0.0, Max:  0.1, Diff:  0.1, Sum:  0.1, Workers: 4
[297.337s][debug][gc,phases      ] GC(28)     Dead                           Min: 0, Avg:  0.0, Max: 0, Diff: 0, Sum: 0, Workers: 4
[297.337s][debug][gc,phases      ] GC(28)     Total                          Min: 0, Avg: 2318.8, Max: 5051, Diff: 5051, Sum: 9275, Workers: 4
[297.337s][debug][gc,phases      ] GC(28)   JNI Weak                       Min:  0.0, Avg:  0.0, Max:  0.0, Diff:  0.0, Sum:  0.0, Workers: 4
[297.337s][debug][gc,phases      ] GC(28)     Dead                           Min: 0, Avg:  0.0, Max: 0, Diff: 0, Sum: 0, Workers: 4
[297.337s][debug][gc,phases      ] GC(28)     Total                          Min: 0, Avg: 11.2, Max: 45, Diff: 45, Sum: 45, Workers: 4
[297.337s][debug][gc,phases      ] GC(28)   StringDedup Table Weak         Min:  0.0, Avg:  0.0, Max:  0.0, Diff:  0.0, Sum:  0.0, Workers: 4
[297.337s][debug][gc,phases      ] GC(28)     Dead                           Min: 0, Avg:  0.0, Max: 0, Diff: 0, Sum: 0, Workers: 4
[297.337s][debug][gc,phases      ] GC(28)     Total                          Min: 0, Avg:  0.0, Max: 0, Diff: 0, Sum: 0, Workers: 4
[297.337s][debug][gc,phases      ] GC(28)   StringDedup Requests0 Weak     Min:  0.0, Avg:  0.0, Max:  0.0, Diff:  0.0, Sum:  0.0, Workers: 4
[297.337s][debug][gc,phases      ] GC(28)     Dead                           Min: 0, Avg:  0.0, Max: 0, Diff: 0, Sum: 0, Workers: 4
[297.337s][debug][gc,phases      ] GC(28)     Total                          Min: 0, Avg:  0.0, Max: 0, Diff: 0, Sum: 0, Workers: 4
[297.337s][debug][gc,phases      ] GC(28)   StringDedup Requests1 Weak     Min:  0.0, Avg:  0.0, Max:  0.0, Diff:  0.0, Sum:  0.0, Workers: 4
[297.337s][debug][gc,phases      ] GC(28)     Dead                           Min: 0, Avg:  0.0, Max: 0, Diff: 0, Sum: 0, Workers: 4
[297.337s][debug][gc,phases      ] GC(28)     Total                          Min: 0, Avg:  0.0, Max: 0, Diff: 0, Sum: 0, Workers: 4
[297.337s][debug][gc,phases      ] GC(28)   Weak JFR Old Object Samples    Min:  0.0, Avg:  0.0, Max:  0.0, Diff:  0.0, Sum:  0.0, Workers: 4
[297.337s][debug][gc,phases      ] GC(28)     Dead                           Min: 0, Avg:  0.0, Max: 0, Diff: 0, Sum: 0, Workers: 4
[297.337s][debug][gc,phases      ] GC(28)     Total                          Min: 0, Avg:  0.0, Max: 0, Diff: 0, Sum: 0, Workers: 4
[297.337s][debug][gc,phases      ] GC(28) Weak Processing 0.614ms
[297.337s][debug][gc,age         ] GC(28) Desired survivor size 481820672 bytes, new threshold 15 (max threshold 15)
[297.337s][info ][gc,heap        ] GC(28) PSYoungGen: 1191955K(1620992K)->27683K(1192448K) Eden: 1164288K(1164288K)->0K(1164288K) From: 27667K(456704K)->27683K(28160K)
[297.337s][info ][gc,heap        ] GC(28) ParOldGen: 302997K(386560K)->303029K(386560K)
[297.337s][info ][gc,metaspace   ] GC(28) Metaspace: 80411K(81408K)->80411K(81408K) NonClass: 68767K(69312K)->68767K(69312K) Class: 11643K(12096K)->11643K(12096K)
[297.337s][info ][gc             ] GC(28) Pause Young (Allocation Failure) 1459M->322M(1542M) 21.279ms
[297.337s][info ][gc,cpu         ] GC(28) User=0.05s Sys=0.01s Real=0.02s
[297.337s][info ][safepoint      ] Safepoint "ParallelGCFailedAllocation", Time since last: 1174156890 ns, Reaching safepoint: 36300 ns, At safepoint: 21361786 ns, Total: 21398086 ns
[298.337s][info ][safepoint      ] Safepoint "Cleanup", Time since last: 1000090479 ns, Reaching safepoint: 35800 ns, At safepoint: 19101 ns, Total: 54901 ns
[299.338s][info ][safepoint      ] Safepoint "Cleanup", Time since last: 1000100779 ns, Reaching safepoint: 45301 ns, At safepoint: 6900 ns, Total: 52201 ns
[305.338s][info ][safepoint      ] Safepoint "Cleanup", Time since last: 6000442515 ns, Reaching safepoint: 43701 ns, At safepoint: 2900 ns, Total: 46601 ns
[306.338s][info ][safepoint      ] Safepoint "Cleanup", Time since last: 1000102325 ns, Reaching safepoint: 57400 ns, At safepoint: 3600 ns, Total: 61000 ns
[307.338s][info ][safepoint      ] Safepoint "Cleanup", Time since last: 1000108025 ns, Reaching safepoint: 48601 ns, At safepoint: 2900 ns, Total: 51501 ns
[308.339s][info ][safepoint      ] Safepoint "Cleanup", Time since last: 1000111725 ns, Reaching safepoint: 38700 ns, At safepoint: 3801 ns, Total: 42501 ns
[309.339s][info ][safepoint      ] Safepoint "Cleanup", Time since last: 1000107025 ns, Reaching safepoint: 55800 ns, At safepoint: 5200 ns, Total: 61000 ns
[310.339s][info ][safepoint      ] Safepoint "Cleanup", Time since last: 1000117425 ns, Reaching safepoint: 55401 ns, At safepoint: 7700 ns, Total: 63101 ns
[310.565s][info ][gc,start       ] GC(29) Pause Young (Allocation Failure)
[310.585s][debug][gc,phases      ] GC(29) Scavenge 19.859ms
[310.585s][debug][gc,ref         ] GC(29) Skipped phase 1 of Reference Processing: no references
[310.585s][debug][gc,ref         ] GC(29) ReferenceProcessor::execute queues: 1, RefProcThreadModel::Single, marks_oops_alive: false
[310.585s][debug][gc,ref         ] GC(29) Skipped phase 3 of Reference Processing: no references
[310.585s][debug][gc,ref         ] GC(29) ReferenceProcessor::execute queues: 1, RefProcThreadModel::Single, marks_oops_alive: false
[310.585s][debug][gc,phases      ] GC(29) Reference Processing 0.190ms
[310.585s][debug][gc,phases      ] GC(29)   VM Weak                        Min:  0.0, Avg:  0.0, Max:  0.0, Diff:  0.0, Sum:  0.0, Workers: 4
[310.585s][debug][gc,phases      ] GC(29)     Dead                           Min: 0, Avg:  0.0, Max: 0, Diff: 0, Sum: 0, Workers: 4
[310.585s][debug][gc,phases      ] GC(29)     Total                          Min: 0, Avg: 202.8, Max: 640, Diff: 640, Sum: 811, Workers: 4
[310.585s][debug][gc,phases      ] GC(29)   ObjectSynchronizer Weak        Min:  0.0, Avg:  0.0, Max:  0.0, Diff:  0.0, Sum:  0.0, Workers: 4
[310.585s][debug][gc,phases      ] GC(29)     Dead                           Min: 0, Avg:  0.0, Max: 0, Diff: 0, Sum: 0, Workers: 4
[310.585s][debug][gc,phases      ] GC(29)     Total                          Min: 0, Avg:  8.2, Max: 33, Diff: 33, Sum: 33, Workers: 4
[310.585s][debug][gc,phases      ] GC(29)   JVMTI Tag Weak OopStorage      Min:  0.0, Avg:  0.0, Max:  0.0, Diff:  0.0, Sum:  0.0, Workers: 4
[310.585s][debug][gc,phases      ] GC(29)     Dead                           Min: 0, Avg:  0.0, Max: 0, Diff: 0, Sum: 0, Workers: 4
[310.585s][debug][gc,phases      ] GC(29)     Total                          Min: 0, Avg:  0.0, Max: 0, Diff: 0, Sum: 0, Workers: 4
[310.585s][debug][gc,phases      ] GC(29)   StringTable Weak               Min:  0.0, Avg:  0.1, Max:  0.3, Diff:  0.3, Sum:  0.5, Workers: 4
[310.585s][debug][gc,phases      ] GC(29)     Dead                           Min: 0, Avg:  0.0, Max: 0, Diff: 0, Sum: 0, Workers: 4
[310.585s][debug][gc,phases      ] GC(29)     Total                          Min: 0, Avg: 10858.2, Max: 28736, Diff: 28736, Sum: 43433, Workers: 4
[310.585s][debug][gc,phases      ] GC(29)   ResolvedMethodTable Weak       Min:  0.0, Avg:  0.0, Max:  0.0, Diff:  0.0, Sum:  0.1, Workers: 4
[310.585s][debug][gc,phases      ] GC(29)     Dead                           Min: 0, Avg:  0.0, Max: 0, Diff: 0, Sum: 0, Workers: 4
[310.585s][debug][gc,phases      ] GC(29)     Total                          Min: 0, Avg: 2318.8, Max: 3199, Diff: 3199, Sum: 9275, Workers: 4
[310.585s][debug][gc,phases      ] GC(29)   JNI Weak                       Min:  0.0, Avg:  0.0, Max:  0.0, Diff:  0.0, Sum:  0.0, Workers: 4
[310.585s][debug][gc,phases      ] GC(29)     Dead                           Min: 0, Avg:  0.0, Max: 0, Diff: 0, Sum: 0, Workers: 4
[310.585s][debug][gc,phases      ] GC(29)     Total                          Min: 0, Avg: 11.2, Max: 45, Diff: 45, Sum: 45, Workers: 4
[310.585s][debug][gc,phases      ] GC(29)   StringDedup Table Weak         Min:  0.0, Avg:  0.0, Max:  0.0, Diff:  0.0, Sum:  0.0, Workers: 4
[310.585s][debug][gc,phases      ] GC(29)     Dead                           Min: 0, Avg:  0.0, Max: 0, Diff: 0, Sum: 0, Workers: 4
[310.585s][debug][gc,phases      ] GC(29)     Total                          Min: 0, Avg:  0.0, Max: 0, Diff: 0, Sum: 0, Workers: 4
[310.585s][debug][gc,phases      ] GC(29)   StringDedup Requests0 Weak     Min:  0.0, Avg:  0.0, Max:  0.0, Diff:  0.0, Sum:  0.0, Workers: 4
[310.585s][debug][gc,phases      ] GC(29)     Dead                           Min: 0, Avg:  0.0, Max: 0, Diff: 0, Sum: 0, Workers: 4
[310.585s][debug][gc,phases      ] GC(29)     Total                          Min: 0, Avg:  0.0, Max: 0, Diff: 0, Sum: 0, Workers: 4
[310.585s][debug][gc,phases      ] GC(29)   StringDedup Requests1 Weak     Min:  0.0, Avg:  0.0, Max:  0.0, Diff:  0.0, Sum:  0.0, Workers: 4
[310.585s][debug][gc,phases      ] GC(29)     Dead                           Min: 0, Avg:  0.0, Max: 0, Diff: 0, Sum: 0, Workers: 4
[310.585s][debug][gc,phases      ] GC(29)     Total                          Min: 0, Avg:  0.0, Max: 0, Diff: 0, Sum: 0, Workers: 4
[310.585s][debug][gc,phases      ] GC(29)   Weak JFR Old Object Samples    Min:  0.0, Avg:  0.0, Max:  0.0, Diff:  0.0, Sum:  0.0, Workers: 4
[310.585s][debug][gc,phases      ] GC(29)     Dead                           Min: 0, Avg:  0.0, Max: 0, Diff: 0, Sum: 0, Workers: 4
[310.585s][debug][gc,phases      ] GC(29)     Total                          Min: 0, Avg:  0.0, Max: 0, Diff: 0, Sum: 0, Workers: 4
[310.585s][debug][gc,phases      ] GC(29) Weak Processing 0.526ms
[310.585s][debug][gc,age         ] GC(29) Desired survivor size 480247808 bytes, new threshold 15 (max threshold 15)
[310.585s][info ][gc,heap        ] GC(29) PSYoungGen: 1191971K(1192448K)->27555K(1628160K) Eden: 1164288K(1164288K)->0K(1157632K) From: 27683K(28160K)->27555K(470528K)
[310.585s][info ][gc,heap        ] GC(29) ParOldGen: 303029K(386560K)->303149K(386560K)
[310.585s][info ][gc,metaspace   ] GC(29) Metaspace: 80416K(81408K)->80416K(81408K) NonClass: 68773K(69312K)->68773K(69312K) Class: 11643K(12096K)->11643K(12096K)
[310.585s][info ][gc             ] GC(29) Pause Young (Allocation Failure) 1459M->322M(1967M) 20.733ms
[310.585s][info ][gc,cpu         ] GC(29) User=0.05s Sys=0.00s Real=0.02s
[310.585s][info ][safepoint      ] Safepoint "ParallelGCFailedAllocation", Time since last: 225720562 ns, Reaching safepoint: 53300 ns, At safepoint: 20820871 ns, Total: 20874171 ns
[312.309s][info ][safepoint      ] Safepoint "Cleanup", Time since last: 1722961750 ns, Reaching safepoint: 184002 ns, At safepoint: 7200 ns, Total: 191202 ns
[313.309s][info ][safepoint      ] Safepoint "Cleanup", Time since last: 1000343115 ns, Reaching safepoint: 46900 ns, At safepoint: 3800 ns, Total: 50700 ns
[315.309s][info ][safepoint      ] Safepoint "Cleanup", Time since last: 2000162227 ns, Reaching safepoint: 48300 ns, At safepoint: 2500 ns, Total: 50800 ns
[316.309s][info ][safepoint      ] Safepoint "Cleanup", Time since last: 1000132114 ns, Reaching safepoint: 59801 ns, At safepoint: 2700 ns, Total: 62501 ns
[317.310s][info ][safepoint      ] Safepoint "Cleanup", Time since last: 1000104713 ns, Reaching safepoint: 50101 ns, At safepoint: 4600 ns, Total: 54701 ns
[318.310s][info ][safepoint      ] Safepoint "Cleanup", Time since last: 1000066413 ns, Reaching safepoint: 43400 ns, At safepoint: 4700 ns, Total: 48100 ns
[319.310s][info ][safepoint      ] Safepoint "Cleanup", Time since last: 1000078202 ns, Reaching safepoint: 50600 ns, At safepoint: 4600 ns, Total: 55200 ns
[320.310s][info ][safepoint      ] Safepoint "Cleanup", Time since last: 1000105402 ns, Reaching safepoint: 52100 ns, At safepoint: 2800 ns, Total: 54900 ns
[321.310s][info ][safepoint      ] Safepoint "Cleanup", Time since last: 1000124801 ns, Reaching safepoint: 37301 ns, At safepoint: 2700 ns, Total: 40001 ns
[323.014s][info ][gc,start       ] GC(30) Pause Young (Allocation Failure)
[323.037s][debug][gc,phases      ] GC(30) Scavenge 23.130ms
[323.037s][debug][gc,ref         ] GC(30) Skipped phase 1 of Reference Processing: no references
[323.037s][debug][gc,ref         ] GC(30) ReferenceProcessor::execute queues: 1, RefProcThreadModel::Single, marks_oops_alive: false
[323.037s][debug][gc,ref         ] GC(30) Skipped phase 3 of Reference Processing: no references
[323.037s][debug][gc,ref         ] GC(30) ReferenceProcessor::execute queues: 1, RefProcThreadModel::Single, marks_oops_alive: false
[323.037s][debug][gc,phases      ] GC(30) Reference Processing 0.244ms
[323.037s][debug][gc,phases      ] GC(30)   VM Weak                        Min:  0.0, Avg:  0.0, Max:  0.0, Diff:  0.0, Sum:  0.0, Workers: 4
[323.037s][debug][gc,phases      ] GC(30)     Dead                           Min: 0, Avg:  0.0, Max: 0, Diff: 0, Sum: 0, Workers: 4
[323.037s][debug][gc,phases      ] GC(30)     Total                          Min: 0, Avg: 203.0, Max: 428, Diff: 428, Sum: 812, Workers: 4
[323.037s][debug][gc,phases      ] GC(30)   ObjectSynchronizer Weak        Min:  0.0, Avg:  0.0, Max:  0.0, Diff:  0.0, Sum:  0.0, Workers: 4
[323.037s][debug][gc,phases      ] GC(30)     Dead                           Min: 0, Avg:  0.0, Max: 0, Diff: 0, Sum: 0, Workers: 4
[323.037s][debug][gc,phases      ] GC(30)     Total                          Min: 0, Avg:  8.2, Max: 33, Diff: 33, Sum: 33, Workers: 4
[323.037s][debug][gc,phases      ] GC(30)   JVMTI Tag Weak OopStorage      Min:  0.0, Avg:  0.0, Max:  0.0, Diff:  0.0, Sum:  0.0, Workers: 4
[323.037s][debug][gc,phases      ] GC(30)     Dead                           Min: 0, Avg:  0.0, Max: 0, Diff: 0, Sum: 0, Workers: 4
[323.037s][debug][gc,phases      ] GC(30)     Total                          Min: 0, Avg:  0.0, Max: 0, Diff: 0, Sum: 0, Workers: 4
[323.037s][debug][gc,phases      ] GC(30)   StringTable Weak               Min:  0.0, Avg:  0.1, Max:  0.2, Diff:  0.2, Sum:  0.4, Workers: 4
[323.037s][debug][gc,phases      ] GC(30)     Dead                           Min: 0, Avg:  0.5, Max: 2, Diff: 2, Sum: 2, Workers: 4
[323.037s][debug][gc,phases      ] GC(30)     Total                          Min: 0, Avg: 10868.8, Max: 23379, Diff: 23379, Sum: 43475, Workers: 4
[323.037s][debug][gc,phases      ] GC(30)   ResolvedMethodTable Weak       Min:  0.0, Avg:  0.0, Max:  0.0, Diff:  0.0, Sum:  0.1, Workers: 4
[323.037s][debug][gc,phases      ] GC(30)     Dead                           Min: 0, Avg:  0.0, Max: 0, Diff: 0, Sum: 0, Workers: 4
[323.037s][debug][gc,phases      ] GC(30)     Total                          Min: 0, Avg: 2326.8, Max: 5467, Diff: 5467, Sum: 9307, Workers: 4
[323.037s][debug][gc,phases      ] GC(30)   JNI Weak                       Min:  0.0, Avg:  0.0, Max:  0.0, Diff:  0.0, Sum:  0.0, Workers: 4
[323.037s][debug][gc,phases      ] GC(30)     Dead                           Min: 0, Avg:  0.0, Max: 0, Diff: 0, Sum: 0, Workers: 4
[323.037s][debug][gc,phases      ] GC(30)     Total                          Min: 0, Avg: 11.2, Max: 45, Diff: 45, Sum: 45, Workers: 4
[323.037s][debug][gc,phases      ] GC(30)   StringDedup Table Weak         Min:  0.0, Avg:  0.0, Max:  0.0, Diff:  0.0, Sum:  0.0, Workers: 4
[323.037s][debug][gc,phases      ] GC(30)     Dead                           Min: 0, Avg:  0.0, Max: 0, Diff: 0, Sum: 0, Workers: 4
[323.037s][debug][gc,phases      ] GC(30)     Total                          Min: 0, Avg:  0.0, Max: 0, Diff: 0, Sum: 0, Workers: 4
[323.037s][debug][gc,phases      ] GC(30)   StringDedup Requests0 Weak     Min:  0.0, Avg:  0.0, Max:  0.0, Diff:  0.0, Sum:  0.0, Workers: 4
[323.037s][debug][gc,phases      ] GC(30)     Dead                           Min: 0, Avg:  0.0, Max: 0, Diff: 0, Sum: 0, Workers: 4
[323.037s][debug][gc,phases      ] GC(30)     Total                          Min: 0, Avg:  0.0, Max: 0, Diff: 0, Sum: 0, Workers: 4
[323.037s][debug][gc,phases      ] GC(30)   StringDedup Requests1 Weak     Min:  0.0, Avg:  0.0, Max:  0.0, Diff:  0.0, Sum:  0.0, Workers: 4
[323.037s][debug][gc,phases      ] GC(30)     Dead                           Min: 0, Avg:  0.0, Max: 0, Diff: 0, Sum: 0, Workers: 4
[323.037s][debug][gc,phases      ] GC(30)     Total                          Min: 0, Avg:  0.0, Max: 0, Diff: 0, Sum: 0, Workers: 4
[323.037s][debug][gc,phases      ] GC(30)   Weak JFR Old Object Samples    Min:  0.0, Avg:  0.0, Max:  0.0, Diff:  0.0, Sum:  0.0, Workers: 4
[323.037s][debug][gc,phases      ] GC(30)     Dead                           Min: 0, Avg:  0.0, Max: 0, Diff: 0, Sum: 0, Workers: 4
[323.037s][debug][gc,phases      ] GC(30)     Total                          Min: 0, Avg:  0.0, Max: 0, Diff: 0, Sum: 0, Workers: 4
[323.037s][debug][gc,phases      ] GC(30) Weak Processing 0.456ms
[323.037s][debug][gc,age         ] GC(30) Desired survivor size 474480640 bytes, new threshold 15 (max threshold 15)
[323.038s][info ][gc,heap        ] GC(30) PSYoungGen: 1185187K(1628160K)->27411K(1626624K) Eden: 1157632K(1157632K)->0K(1157632K) From: 27555K(470528K)->27411K(468992K)
[323.038s][info ][gc,heap        ] GC(30) ParOldGen: 303149K(386560K)->303477K(386560K)
[323.038s][info ][gc,metaspace   ] GC(30) Metaspace: 80625K(81664K)->80625K(81664K) NonClass: 68959K(69568K)->68959K(69568K) Class: 11665K(12096K)->11665K(12096K)
[323.038s][info ][gc             ] GC(30) Pause Young (Allocation Failure) 1453M->323M(1966M) 23.968ms
[323.038s][info ][gc,cpu         ] GC(30) User=0.06s Sys=0.00s Real=0.02s
[323.038s][info ][safepoint      ] Safepoint "ParallelGCFailedAllocation", Time since last: 1703317567 ns, Reaching safepoint: 27001 ns, At safepoint: 24036197 ns, Total: 24063198 ns
[324.038s][info ][safepoint      ] Safepoint "Cleanup", Time since last: 1000078501 ns, Reaching safepoint: 48300 ns, At safepoint: 3100 ns, Total: 51400 ns
[325.038s][info ][safepoint      ] Safepoint "Cleanup", Time since last: 1000129302 ns, Reaching safepoint: 71800 ns, At safepoint: 3300 ns, Total: 75100 ns
[326.038s][info ][safepoint      ] Safepoint "Cleanup", Time since last: 1000113901 ns, Reaching safepoint: 65301 ns, At safepoint: 11100 ns, Total: 76401 ns
[328.038s][info ][safepoint      ] Safepoint "Cleanup", Time since last: 2000176881 ns, Reaching safepoint: 71300 ns, At safepoint: 5000 ns, Total: 76300 ns
[329.039s][info ][safepoint      ] Safepoint "Cleanup", Time since last: 1000100427 ns, Reaching safepoint: 60200 ns, At safepoint: 5701 ns, Total: 65901 ns
[330.039s][info ][safepoint      ] Safepoint "Cleanup", Time since last: 1000412329 ns, Reaching safepoint: 53700 ns, At safepoint: 3700 ns, Total: 57400 ns
[331.039s][info ][safepoint      ] Safepoint "Cleanup", Time since last: 1000182027 ns, Reaching safepoint: 58701 ns, At safepoint: 6000 ns, Total: 64701 ns
[332.039s][info ][safepoint      ] Safepoint "Cleanup", Time since last: 1000077426 ns, Reaching safepoint: 75601 ns, At safepoint: 3200 ns, Total: 78801 ns
[333.040s][info ][safepoint      ] Safepoint "Cleanup", Time since last: 1000109326 ns, Reaching safepoint: 187202 ns, At safepoint: 9500 ns, Total: 196702 ns
[334.613s][info ][gc,start       ] GC(31) Pause Young (Allocation Failure)
[334.634s][debug][gc,phases      ] GC(31) Scavenge 20.570ms
[334.634s][debug][gc,ref         ] GC(31) Skipped phase 1 of Reference Processing: no references
[334.634s][debug][gc,ref         ] GC(31) ReferenceProcessor::execute queues: 1, RefProcThreadModel::Single, marks_oops_alive: false
[334.634s][debug][gc,ref         ] GC(31) Skipped phase 3 of Reference Processing: no references
[334.634s][debug][gc,ref         ] GC(31) ReferenceProcessor::execute queues: 1, RefProcThreadModel::Single, marks_oops_alive: false
[334.634s][debug][gc,phases      ] GC(31) Reference Processing 0.147ms
[334.634s][debug][gc,phases      ] GC(31)   VM Weak                        Min:  0.0, Avg:  0.0, Max:  0.0, Diff:  0.0, Sum:  0.0, Workers: 4
[334.634s][debug][gc,phases      ] GC(31)     Dead                           Min: 0, Avg:  0.0, Max: 0, Diff: 0, Sum: 0, Workers: 4
[334.634s][debug][gc,phases      ] GC(31)     Total                          Min: 0, Avg: 203.0, Max: 492, Diff: 492, Sum: 812, Workers: 4
[334.634s][debug][gc,phases      ] GC(31)   ObjectSynchronizer Weak        Min:  0.0, Avg:  0.0, Max:  0.0, Diff:  0.0, Sum:  0.0, Workers: 4
[334.634s][debug][gc,phases      ] GC(31)     Dead                           Min: 0, Avg:  0.0, Max: 0, Diff: 0, Sum: 0, Workers: 4
[334.634s][debug][gc,phases      ] GC(31)     Total                          Min: 0, Avg:  8.2, Max: 33, Diff: 33, Sum: 33, Workers: 4
[334.634s][debug][gc,phases      ] GC(31)   JVMTI Tag Weak OopStorage      Min:  0.0, Avg:  0.0, Max:  0.0, Diff:  0.0, Sum:  0.0, Workers: 4
[334.634s][debug][gc,phases      ] GC(31)     Dead                           Min: 0, Avg:  0.0, Max: 0, Diff: 0, Sum: 0, Workers: 4
[334.634s][debug][gc,phases      ] GC(31)     Total                          Min: 0, Avg:  0.0, Max: 0, Diff: 0, Sum: 0, Workers: 4
[334.634s][debug][gc,phases      ] GC(31)   StringTable Weak               Min:  0.0, Avg:  0.1, Max:  0.1, Diff:  0.1, Sum:  0.4, Workers: 4
[334.634s][debug][gc,phases      ] GC(31)     Dead                           Min: 0, Avg:  0.5, Max: 2, Diff: 2, Sum: 2, Workers: 4
[334.634s][debug][gc,phases      ] GC(31)     Total                          Min: 0, Avg: 10880.2, Max: 14657, Diff: 14657, Sum: 43521, Workers: 4
[334.634s][debug][gc,phases      ] GC(31)   ResolvedMethodTable Weak       Min:  0.0, Avg:  0.0, Max:  0.0, Diff:  0.0, Sum:  0.1, Workers: 4
[334.634s][debug][gc,phases      ] GC(31)     Dead                           Min: 0, Avg:  0.0, Max: 0, Diff: 0, Sum: 0, Workers: 4
[334.634s][debug][gc,phases      ] GC(31)     Total                          Min: 0, Avg: 2333.0, Max: 3328, Diff: 3328, Sum: 9332, Workers: 4
[334.634s][debug][gc,phases      ] GC(31)   JNI Weak                       Min:  0.0, Avg:  0.0, Max:  0.0, Diff:  0.0, Sum:  0.0, Workers: 4
[334.635s][debug][gc,phases      ] GC(31)     Dead                           Min: 0, Avg:  0.0, Max: 0, Diff: 0, Sum: 0, Workers: 4
[334.635s][debug][gc,phases      ] GC(31)     Total                          Min: 0, Avg: 11.2, Max: 45, Diff: 45, Sum: 45, Workers: 4
[334.635s][debug][gc,phases      ] GC(31)   StringDedup Table Weak         Min:  0.0, Avg:  0.0, Max:  0.0, Diff:  0.0, Sum:  0.0, Workers: 4
[334.635s][debug][gc,phases      ] GC(31)     Dead                           Min: 0, Avg:  0.0, Max: 0, Diff: 0, Sum: 0, Workers: 4
[334.635s][debug][gc,phases      ] GC(31)     Total                          Min: 0, Avg:  0.0, Max: 0, Diff: 0, Sum: 0, Workers: 4
[334.635s][debug][gc,phases      ] GC(31)   StringDedup Requests0 Weak     Min:  0.0, Avg:  0.0, Max:  0.0, Diff:  0.0, Sum:  0.0, Workers: 4
[334.635s][debug][gc,phases      ] GC(31)     Dead                           Min: 0, Avg:  0.0, Max: 0, Diff: 0, Sum: 0, Workers: 4
[334.635s][debug][gc,phases      ] GC(31)     Total                          Min: 0, Avg:  0.0, Max: 0, Diff: 0, Sum: 0, Workers: 4
[334.635s][debug][gc,phases      ] GC(31)   StringDedup Requests1 Weak     Min:  0.0, Avg:  0.0, Max:  0.0, Diff:  0.0, Sum:  0.0, Workers: 4
[334.635s][debug][gc,phases      ] GC(31)     Dead                           Min: 0, Avg:  0.0, Max: 0, Diff: 0, Sum: 0, Workers: 4
[334.635s][debug][gc,phases      ] GC(31)     Total                          Min: 0, Avg:  0.0, Max: 0, Diff: 0, Sum: 0, Workers: 4
[334.635s][debug][gc,phases      ] GC(31)   Weak JFR Old Object Samples    Min:  0.0, Avg:  0.0, Max:  0.0, Diff:  0.0, Sum:  0.0, Workers: 4
[334.635s][debug][gc,phases      ] GC(31)     Dead                           Min: 0, Avg:  0.0, Max: 0, Diff: 0, Sum: 0, Workers: 4
[334.635s][debug][gc,phases      ] GC(31)     Total                          Min: 0, Avg:  0.0, Max: 0, Diff: 0, Sum: 0, Workers: 4
[334.635s][debug][gc,phases      ] GC(31) Weak Processing 0.342ms
[334.635s][debug][gc,age         ] GC(31) Desired survivor size 464519168 bytes, new threshold 15 (max threshold 15)
[334.635s][info ][gc,heap        ] GC(31) PSYoungGen: 1185043K(1626624K)->33763K(1643520K) Eden: 1157632K(1157632K)->0K(1180160K) From: 27411K(468992K)->33763K(463360K)
[334.635s][info ][gc,heap        ] GC(31) ParOldGen: 303477K(386560K)->303621K(386560K)
[334.635s][info ][gc,metaspace   ] GC(31) Metaspace: 80745K(81728K)->80745K(81728K) NonClass: 69070K(69632K)->69070K(69632K) Class: 11674K(12096K)->11674K(12096K)
[334.635s][info ][gc             ] GC(31) Pause Young (Allocation Failure) 1453M->329M(1982M) 21.187ms
[334.635s][info ][gc,cpu         ] GC(31) User=0.07s Sys=0.00s Real=0.02s
[334.635s][info ][safepoint      ] Safepoint "ParallelGCFailedAllocation", Time since last: 1573575819 ns, Reaching safepoint: 109201 ns, At safepoint: 21256478 ns, Total: 21365679 ns
[336.635s][info ][safepoint      ] Safepoint "Cleanup", Time since last: 2000156017 ns, Reaching safepoint: 39600 ns, At safepoint: 4000 ns, Total: 43600 ns
[337.635s][info ][safepoint      ] Safepoint "Cleanup", Time since last: 1000099559 ns, Reaching safepoint: 81401 ns, At safepoint: 2900 ns, Total: 84301 ns
[338.635s][info ][safepoint      ] Safepoint "Cleanup", Time since last: 1000102658 ns, Reaching safepoint: 45901 ns, At safepoint: 3100 ns, Total: 49001 ns
[340.023s][info ][safepoint      ] Safepoint "Cleanup", Time since last: 1388122702 ns, Reaching safepoint: 109101 ns, At safepoint: 2700 ns, Total: 111801 ns
[341.024s][info ][safepoint      ] Safepoint "Cleanup", Time since last: 1000130959 ns, Reaching safepoint: 49000 ns, At safepoint: 4000 ns, Total: 53000 ns
[342.024s][info ][safepoint      ] Safepoint "Cleanup", Time since last: 1000102859 ns, Reaching safepoint: 30600 ns, At safepoint: 2600 ns, Total: 33200 ns
[343.024s][info ][safepoint      ] Safepoint "Cleanup", Time since last: 1000066171 ns, Reaching safepoint: 34600 ns, At safepoint: 3800 ns, Total: 38400 ns
[344.024s][info ][safepoint      ] Safepoint "Cleanup", Time since last: 1000099478 ns, Reaching safepoint: 41101 ns, At safepoint: 2800 ns, Total: 43901 ns
[345.024s][info ][safepoint      ] Safepoint "Cleanup", Time since last: 1000114778 ns, Reaching safepoint: 47500 ns, At safepoint: 4200 ns, Total: 51700 ns
[346.024s][info ][safepoint      ] Safepoint "Cleanup", Time since last: 1000116879 ns, Reaching safepoint: 40400 ns, At safepoint: 4500 ns, Total: 44900 ns
[347.014s][info ][gc,start       ] GC(32) Pause Young (Allocation Failure)
[347.034s][debug][gc,phases      ] GC(32) Scavenge 19.906ms
[347.034s][debug][gc,ref         ] GC(32) Skipped phase 1 of Reference Processing: no references
[347.034s][debug][gc,ref         ] GC(32) ReferenceProcessor::execute queues: 1, RefProcThreadModel::Single, marks_oops_alive: false
[347.035s][debug][gc,ref         ] GC(32) Skipped phase 3 of Reference Processing: no references
[347.035s][debug][gc,ref         ] GC(32) ReferenceProcessor::execute queues: 1, RefProcThreadModel::Single, marks_oops_alive: false
[347.035s][debug][gc,phases      ] GC(32) Reference Processing 0.196ms
[347.035s][debug][gc,phases      ] GC(32)   VM Weak                        Min:  0.0, Avg:  0.0, Max:  0.0, Diff:  0.0, Sum:  0.0, Workers: 4
[347.035s][debug][gc,phases      ] GC(32)     Dead                           Min: 0, Avg:  0.0, Max: 0, Diff: 0, Sum: 0, Workers: 4
[347.035s][debug][gc,phases      ] GC(32)     Total                          Min: 0, Avg: 203.0, Max: 768, Diff: 768, Sum: 812, Workers: 4
[347.035s][debug][gc,phases      ] GC(32)   ObjectSynchronizer Weak        Min:  0.0, Avg:  0.0, Max:  0.0, Diff:  0.0, Sum:  0.0, Workers: 4
[347.035s][debug][gc,phases      ] GC(32)     Dead                           Min: 0, Avg:  0.0, Max: 0, Diff: 0, Sum: 0, Workers: 4
[347.035s][debug][gc,phases      ] GC(32)     Total                          Min: 0, Avg:  8.2, Max: 33, Diff: 33, Sum: 33, Workers: 4
[347.035s][debug][gc,phases      ] GC(32)   JVMTI Tag Weak OopStorage      Min:  0.0, Avg:  0.0, Max:  0.0, Diff:  0.0, Sum:  0.0, Workers: 4
[347.035s][debug][gc,phases      ] GC(32)     Dead                           Min: 0, Avg:  0.0, Max: 0, Diff: 0, Sum: 0, Workers: 4
[347.035s][debug][gc,phases      ] GC(32)     Total                          Min: 0, Avg:  0.0, Max: 0, Diff: 0, Sum: 0, Workers: 4
[347.035s][debug][gc,phases      ] GC(32)   StringTable Weak               Min:  0.0, Avg:  0.1, Max:  0.2, Diff:  0.2, Sum:  0.4, Workers: 4
[347.035s][debug][gc,phases      ] GC(32)     Dead                           Min: 0, Avg:  0.0, Max: 0, Diff: 0, Sum: 0, Workers: 4
[347.035s][debug][gc,phases      ] GC(32)     Total                          Min: 0, Avg: 10880.2, Max: 21888, Diff: 21888, Sum: 43521, Workers: 4
[347.035s][debug][gc,phases      ] GC(32)   ResolvedMethodTable Weak       Min:  0.0, Avg:  0.0, Max:  0.1, Diff:  0.1, Sum:  0.1, Workers: 4
[347.035s][debug][gc,phases      ] GC(32)     Dead                           Min: 0, Avg:  0.0, Max: 0, Diff: 0, Sum: 0, Workers: 4
[347.035s][debug][gc,phases      ] GC(32)     Total                          Min: 0, Avg: 2333.0, Max: 4672, Diff: 4672, Sum: 9332, Workers: 4
[347.035s][debug][gc,phases      ] GC(32)   JNI Weak                       Min:  0.0, Avg:  0.0, Max:  0.0, Diff:  0.0, Sum:  0.0, Workers: 4
[347.035s][debug][gc,phases      ] GC(32)     Dead                           Min: 0, Avg:  0.0, Max: 0, Diff: 0, Sum: 0, Workers: 4
[347.035s][debug][gc,phases      ] GC(32)     Total                          Min: 0, Avg: 11.2, Max: 45, Diff: 45, Sum: 45, Workers: 4
[347.035s][debug][gc,phases      ] GC(32)   StringDedup Table Weak         Min:  0.0, Avg:  0.0, Max:  0.0, Diff:  0.0, Sum:  0.0, Workers: 4
[347.035s][debug][gc,phases      ] GC(32)     Dead                           Min: 0, Avg:  0.0, Max: 0, Diff: 0, Sum: 0, Workers: 4
[347.035s][debug][gc,phases      ] GC(32)     Total                          Min: 0, Avg:  0.0, Max: 0, Diff: 0, Sum: 0, Workers: 4
[347.035s][debug][gc,phases      ] GC(32)   StringDedup Requests0 Weak     Min:  0.0, Avg:  0.0, Max:  0.0, Diff:  0.0, Sum:  0.0, Workers: 4
[347.035s][debug][gc,phases      ] GC(32)     Dead                           Min: 0, Avg:  0.0, Max: 0, Diff: 0, Sum: 0, Workers: 4
[347.035s][debug][gc,phases      ] GC(32)     Total                          Min: 0, Avg:  0.0, Max: 0, Diff: 0, Sum: 0, Workers: 4
[347.035s][debug][gc,phases      ] GC(32)   StringDedup Requests1 Weak     Min:  0.0, Avg:  0.0, Max:  0.0, Diff:  0.0, Sum:  0.0, Workers: 4
[347.035s][debug][gc,phases      ] GC(32)     Dead                           Min: 0, Avg:  0.0, Max: 0, Diff: 0, Sum: 0, Workers: 4
[347.035s][debug][gc,phases      ] GC(32)     Total                          Min: 0, Avg:  0.0, Max: 0, Diff: 0, Sum: 0, Workers: 4
[347.035s][debug][gc,phases      ] GC(32)   Weak JFR Old Object Samples    Min:  0.0, Avg:  0.0, Max:  0.0, Diff:  0.0, Sum:  0.0, Workers: 4
[347.035s][debug][gc,phases      ] GC(32)     Dead                           Min: 0, Avg:  0.0, Max: 0, Diff: 0, Sum: 0, Workers: 4
[347.035s][debug][gc,phases      ] GC(32)     Total                          Min: 0, Avg:  0.0, Max: 0, Diff: 0, Sum: 0, Workers: 4
[347.035s][debug][gc,phases      ] GC(32) Weak Processing 0.537ms
[347.035s][debug][gc,age         ] GC(32) Desired survivor size 451936256 bytes, new threshold 15 (max threshold 15)
[347.035s][info ][gc,heap        ] GC(32) PSYoungGen: 1213923K(1643520K)->33891K(1633792K) Eden: 1180160K(1180160K)->0K(1180160K) From: 33763K(463360K)->33891K(453632K)
[347.035s][info ][gc,heap        ] GC(32) ParOldGen: 303621K(386560K)->303629K(386560K)
[347.035s][info ][gc,metaspace   ] GC(32) Metaspace: 80787K(81792K)->80787K(81792K) NonClass: 69112K(69696K)->69112K(69696K) Class: 11674K(12096K)->11674K(12096K)
[347.035s][info ][gc             ] GC(32) Pause Young (Allocation Failure) 1481M->329M(1973M) 20.783ms
[347.035s][info ][gc,cpu         ] GC(32) User=0.07s Sys=0.00s Real=0.02s
[347.035s][info ][safepoint      ] Safepoint "ParallelGCFailedAllocation", Time since last: 990007093 ns, Reaching safepoint: 36901 ns, At safepoint: 20864075 ns, Total: 20900976 ns
[348.035s][info ][safepoint      ] Safepoint "Cleanup", Time since last: 1000089378 ns, Reaching safepoint: 52600 ns, At safepoint: 2900 ns, Total: 55500 ns
[350.036s][info ][safepoint      ] Safepoint "Cleanup", Time since last: 2000155256 ns, Reaching safepoint: 54800 ns, At safepoint: 3200 ns, Total: 58000 ns
[351.036s][info ][safepoint      ] Safepoint "Cleanup", Time since last: 1000114096 ns, Reaching safepoint: 43800 ns, At safepoint: 4700 ns, Total: 48500 ns
[355.036s][info ][safepoint      ] Safepoint "Cleanup", Time since last: 4000305194 ns, Reaching safepoint: 38100 ns, At safepoint: 2200 ns, Total: 40300 ns
[356.036s][info ][safepoint      ] Safepoint "Cleanup", Time since last: 1000117396 ns, Reaching safepoint: 43001 ns, At safepoint: 3200 ns, Total: 46201 ns
[357.036s][info ][safepoint      ] Safepoint "Cleanup", Time since last: 1000099596 ns, Reaching safepoint: 44700 ns, At safepoint: 2900 ns, Total: 47600 ns
[358.037s][info ][safepoint      ] Safepoint "Cleanup", Time since last: 1000123196 ns, Reaching safepoint: 71801 ns, At safepoint: 7000 ns, Total: 78801 ns
[360.021s][info ][gc,start       ] GC(33) Pause Young (Allocation Failure)
[360.040s][debug][gc,phases      ] GC(33) Scavenge 18.376ms
[360.040s][debug][gc,ref         ] GC(33) Skipped phase 1 of Reference Processing: no references
[360.040s][debug][gc,ref         ] GC(33) ReferenceProcessor::execute queues: 1, RefProcThreadModel::Single, marks_oops_alive: false
[360.040s][debug][gc,ref         ] GC(33) Skipped phase 3 of Reference Processing: no references
[360.040s][debug][gc,ref         ] GC(33) ReferenceProcessor::execute queues: 1, RefProcThreadModel::Single, marks_oops_alive: false
[360.040s][debug][gc,phases      ] GC(33) Reference Processing 0.180ms
[360.040s][debug][gc,phases      ] GC(33)   VM Weak                        Min:  0.0, Avg:  0.0, Max:  0.0, Diff:  0.0, Sum:  0.0, Workers: 4
[360.040s][debug][gc,phases      ] GC(33)     Dead                           Min: 0, Avg:  0.0, Max: 0, Diff: 0, Sum: 0, Workers: 4
[360.040s][debug][gc,phases      ] GC(33)     Total                          Min: 0, Avg: 203.0, Max: 640, Diff: 640, Sum: 812, Workers: 4
[360.040s][debug][gc,phases      ] GC(33)   ObjectSynchronizer Weak        Min:  0.0, Avg:  0.0, Max:  0.0, Diff:  0.0, Sum:  0.0, Workers: 4
[360.040s][debug][gc,phases      ] GC(33)     Dead                           Min: 0, Avg:  0.0, Max: 0, Diff: 0, Sum: 0, Workers: 4
[360.040s][debug][gc,phases      ] GC(33)     Total                          Min: 0, Avg:  8.2, Max: 33, Diff: 33, Sum: 33, Workers: 4
[360.040s][debug][gc,phases      ] GC(33)   JVMTI Tag Weak OopStorage      Min:  0.0, Avg:  0.0, Max:  0.0, Diff:  0.0, Sum:  0.0, Workers: 4
[360.040s][debug][gc,phases      ] GC(33)     Dead                           Min: 0, Avg:  0.0, Max: 0, Diff: 0, Sum: 0, Workers: 4
[360.040s][debug][gc,phases      ] GC(33)     Total                          Min: 0, Avg:  0.0, Max: 0, Diff: 0, Sum: 0, Workers: 4
[360.040s][debug][gc,phases      ] GC(33)   StringTable Weak               Min:  0.0, Avg:  0.1, Max:  0.2, Diff:  0.2, Sum:  0.4, Workers: 4
[360.040s][debug][gc,phases      ] GC(33)     Dead                           Min: 0, Avg:  0.0, Max: 0, Diff: 0, Sum: 0, Workers: 4
[360.040s][debug][gc,phases      ] GC(33)     Total                          Min: 0, Avg: 10880.5, Max: 26368, Diff: 26368, Sum: 43522, Workers: 4
[360.040s][debug][gc,phases      ] GC(33)   ResolvedMethodTable Weak       Min:  0.0, Avg:  0.0, Max:  0.0, Diff:  0.0, Sum:  0.1, Workers: 4
[360.040s][debug][gc,phases      ] GC(33)     Dead                           Min: 0, Avg:  0.0, Max: 0, Diff: 0, Sum: 0, Workers: 4
[360.040s][debug][gc,phases      ] GC(33)     Total                          Min: 0, Avg: 2333.0, Max: 5684, Diff: 5684, Sum: 9332, Workers: 4
[360.040s][debug][gc,phases      ] GC(33)   JNI Weak                       Min:  0.0, Avg:  0.0, Max:  0.0, Diff:  0.0, Sum:  0.0, Workers: 4
[360.040s][debug][gc,phases      ] GC(33)     Dead                           Min: 0, Avg:  0.0, Max: 0, Diff: 0, Sum: 0, Workers: 4
[360.040s][debug][gc,phases      ] GC(33)     Total                          Min: 0, Avg: 11.5, Max: 46, Diff: 46, Sum: 46, Workers: 4
[360.040s][debug][gc,phases      ] GC(33)   StringDedup Table Weak         Min:  0.0, Avg:  0.0, Max:  0.0, Diff:  0.0, Sum:  0.0, Workers: 4
[360.040s][debug][gc,phases      ] GC(33)     Dead                           Min: 0, Avg:  0.0, Max: 0, Diff: 0, Sum: 0, Workers: 4
[360.040s][debug][gc,phases      ] GC(33)     Total                          Min: 0, Avg:  0.0, Max: 0, Diff: 0, Sum: 0, Workers: 4
[360.040s][debug][gc,phases      ] GC(33)   StringDedup Requests0 Weak     Min:  0.0, Avg:  0.0, Max:  0.0, Diff:  0.0, Sum:  0.0, Workers: 4
[360.040s][debug][gc,phases      ] GC(33)     Dead                           Min: 0, Avg:  0.0, Max: 0, Diff: 0, Sum: 0, Workers: 4
[360.040s][debug][gc,phases      ] GC(33)     Total                          Min: 0, Avg:  0.0, Max: 0, Diff: 0, Sum: 0, Workers: 4
[360.040s][debug][gc,phases      ] GC(33)   StringDedup Requests1 Weak     Min:  0.0, Avg:  0.0, Max:  0.0, Diff:  0.0, Sum:  0.0, Workers: 4
[360.040s][debug][gc,phases      ] GC(33)     Dead                           Min: 0, Avg:  0.0, Max: 0, Diff: 0, Sum: 0, Workers: 4
[360.040s][debug][gc,phases      ] GC(33)     Total                          Min: 0, Avg:  0.0, Max: 0, Diff: 0, Sum: 0, Workers: 4
[360.040s][debug][gc,phases      ] GC(33)   Weak JFR Old Object Samples    Min:  0.0, Avg:  0.0, Max:  0.0, Diff:  0.0, Sum:  0.0, Workers: 4
[360.040s][debug][gc,phases      ] GC(33)     Dead                           Min: 0, Avg:  0.0, Max: 0, Diff: 0, Sum: 0, Workers: 4
[360.040s][debug][gc,phases      ] GC(33)     Total                          Min: 0, Avg:  0.0, Max: 0, Diff: 0, Sum: 0, Workers: 4
[360.040s][debug][gc,phases      ] GC(33) Weak Processing 0.432ms
[360.040s][debug][gc,age         ] GC(33) Desired survivor size 437780480 bytes, new threshold 15 (max threshold 15)
[360.040s][info ][gc,heap        ] GC(33) PSYoungGen: 1214051K(1633792K)->33939K(1669632K) Eden: 1180160K(1180160K)->0K(1228288K) From: 33891K(453632K)->33939K(441344K)
[360.040s][info ][gc,heap        ] GC(33) ParOldGen: 303629K(386560K)->303677K(386560K)
[360.040s][info ][gc,metaspace   ] GC(33) Metaspace: 80823K(81792K)->80823K(81792K) NonClass: 69148K(69696K)->69148K(69696K) Class: 11674K(12096K)->11674K(12096K)
[360.040s][info ][gc             ] GC(33) Pause Young (Allocation Failure) 1482M->329M(2008M) 19.121ms
[360.040s][info ][gc,cpu         ] GC(33) User=0.06s Sys=0.00s Real=0.02s
[360.040s][info ][safepoint      ] Safepoint "ParallelGCFailedAllocation", Time since last: 1984528633 ns, Reaching safepoint: 132101 ns, At safepoint: 19197069 ns, Total: 19329170 ns
[361.041s][info ][safepoint      ] Safepoint "Cleanup", Time since last: 1000087512 ns, Reaching safepoint: 43500 ns, At safepoint: 3300 ns, Total: 46800 ns
[363.046s][info ][safepoint      ] Safepoint "Cleanup", Time since last: 2004987767 ns, Reaching safepoint: 51100 ns, At safepoint: 6100 ns, Total: 57200 ns
[364.046s][info ][safepoint      ] Safepoint "Cleanup", Time since last: 1000099813 ns, Reaching safepoint: 45900 ns, At safepoint: 2800 ns, Total: 48700 ns
[365.046s][info ][safepoint      ] Safepoint "Cleanup", Time since last: 1000102112 ns, Reaching safepoint: 38601 ns, At safepoint: 3700 ns, Total: 42301 ns
[367.046s][info ][safepoint      ] Safepoint "Cleanup", Time since last: 2000173744 ns, Reaching safepoint: 56901 ns, At safepoint: 5500 ns, Total: 62401 ns
[368.046s][info ][safepoint      ] Safepoint "Cleanup", Time since last: 1000112213 ns, Reaching safepoint: 49301 ns, At safepoint: 4800 ns, Total: 54101 ns
[370.047s][info ][safepoint      ] Safepoint "Cleanup", Time since last: 2000180026 ns, Reaching safepoint: 42500 ns, At safepoint: 2900 ns, Total: 45400 ns
[372.047s][info ][safepoint      ] Safepoint "Cleanup", Time since last: 2000177627 ns, Reaching safepoint: 37000 ns, At safepoint: 2200 ns, Total: 39200 ns
[373.565s][info ][gc,start       ] GC(34) Pause Young (Allocation Failure)
[373.588s][debug][gc,phases      ] GC(34) Scavenge 23.584ms
[373.588s][debug][gc,ref         ] GC(34) Skipped phase 1 of Reference Processing: no references
[373.588s][debug][gc,ref         ] GC(34) ReferenceProcessor::execute queues: 1, RefProcThreadModel::Single, marks_oops_alive: false
[373.588s][debug][gc,ref         ] GC(34) Skipped phase 3 of Reference Processing: no references
[373.588s][debug][gc,ref         ] GC(34) ReferenceProcessor::execute queues: 1, RefProcThreadModel::Single, marks_oops_alive: false
[373.588s][debug][gc,phases      ] GC(34) Reference Processing 0.136ms
[373.589s][debug][gc,phases      ] GC(34)   VM Weak                        Min:  0.0, Avg:  0.0, Max:  0.0, Diff:  0.0, Sum:  0.0, Workers: 4
[373.589s][debug][gc,phases      ] GC(34)     Dead                           Min: 0, Avg:  0.0, Max: 0, Diff: 0, Sum: 0, Workers: 4
[373.589s][debug][gc,phases      ] GC(34)     Total                          Min: 0, Avg: 203.0, Max: 428, Diff: 428, Sum: 812, Workers: 4
[373.589s][debug][gc,phases      ] GC(34)   ObjectSynchronizer Weak        Min:  0.0, Avg:  0.0, Max:  0.0, Diff:  0.0, Sum:  0.0, Workers: 4
[373.589s][debug][gc,phases      ] GC(34)     Dead                           Min: 0, Avg:  0.0, Max: 0, Diff: 0, Sum: 0, Workers: 4
[373.589s][debug][gc,phases      ] GC(34)     Total                          Min: 0, Avg:  8.2, Max: 33, Diff: 33, Sum: 33, Workers: 4
[373.589s][debug][gc,phases      ] GC(34)   JVMTI Tag Weak OopStorage      Min:  0.0, Avg:  0.0, Max:  0.0, Diff:  0.0, Sum:  0.0, Workers: 4
[373.589s][debug][gc,phases      ] GC(34)     Dead                           Min: 0, Avg:  0.0, Max: 0, Diff: 0, Sum: 0, Workers: 4
[373.589s][debug][gc,phases      ] GC(34)     Total                          Min: 0, Avg:  0.0, Max: 0, Diff: 0, Sum: 0, Workers: 4
[373.589s][debug][gc,phases      ] GC(34)   StringTable Weak               Min:  0.0, Avg:  0.1, Max:  0.1, Diff:  0.1, Sum:  0.4, Workers: 4
[373.589s][debug][gc,phases      ] GC(34)     Dead                           Min: 0, Avg:  0.0, Max: 0, Diff: 0, Sum: 0, Workers: 4
[373.589s][debug][gc,phases      ] GC(34)     Total                          Min: 0, Avg: 10882.8, Max: 16000, Diff: 16000, Sum: 43531, Workers: 4
[373.589s][debug][gc,phases      ] GC(34)   ResolvedMethodTable Weak       Min:  0.0, Avg:  0.0, Max:  0.0, Diff:  0.0, Sum:  0.1, Workers: 4
[373.589s][debug][gc,phases      ] GC(34)     Dead                           Min: 0, Avg:  0.0, Max: 0, Diff: 0, Sum: 0, Workers: 4
[373.589s][debug][gc,phases      ] GC(34)     Total                          Min: 0, Avg: 2333.0, Max: 3264, Diff: 3264, Sum: 9332, Workers: 4
[373.589s][debug][gc,phases      ] GC(34)   JNI Weak                       Min:  0.0, Avg:  0.0, Max:  0.0, Diff:  0.0, Sum:  0.0, Workers: 4
[373.589s][debug][gc,phases      ] GC(34)     Dead                           Min: 0, Avg:  0.0, Max: 0, Diff: 0, Sum: 0, Workers: 4
[373.589s][debug][gc,phases      ] GC(34)     Total                          Min: 0, Avg: 11.2, Max: 45, Diff: 45, Sum: 45, Workers: 4
[373.589s][debug][gc,phases      ] GC(34)   StringDedup Table Weak         Min:  0.0, Avg:  0.0, Max:  0.0, Diff:  0.0, Sum:  0.0, Workers: 4
[373.589s][debug][gc,phases      ] GC(34)     Dead                           Min: 0, Avg:  0.0, Max: 0, Diff: 0, Sum: 0, Workers: 4
[373.589s][debug][gc,phases      ] GC(34)     Total                          Min: 0, Avg:  0.0, Max: 0, Diff: 0, Sum: 0, Workers: 4
[373.589s][debug][gc,phases      ] GC(34)   StringDedup Requests0 Weak     Min:  0.0, Avg:  0.0, Max:  0.0, Diff:  0.0, Sum:  0.0, Workers: 4
[373.589s][debug][gc,phases      ] GC(34)     Dead                           Min: 0, Avg:  0.0, Max: 0, Diff: 0, Sum: 0, Workers: 4
[373.589s][debug][gc,phases      ] GC(34)     Total                          Min: 0, Avg:  0.0, Max: 0, Diff: 0, Sum: 0, Workers: 4
[373.589s][debug][gc,phases      ] GC(34)   StringDedup Requests1 Weak     Min:  0.0, Avg:  0.0, Max:  0.0, Diff:  0.0, Sum:  0.0, Workers: 4
[373.589s][debug][gc,phases      ] GC(34)     Dead                           Min: 0, Avg:  0.0, Max: 0, Diff: 0, Sum: 0, Workers: 4
[373.589s][debug][gc,phases      ] GC(34)     Total                          Min: 0, Avg:  0.0, Max: 0, Diff: 0, Sum: 0, Workers: 4
[373.589s][debug][gc,phases      ] GC(34)   Weak JFR Old Object Samples    Min:  0.0, Avg:  0.0, Max:  0.0, Diff:  0.0, Sum:  0.0, Workers: 4
[373.589s][debug][gc,phases      ] GC(34)     Dead                           Min: 0, Avg:  0.0, Max: 0, Diff: 0, Sum: 0, Workers: 4
[373.589s][debug][gc,phases      ] GC(34)     Total                          Min: 0, Avg:  0.0, Max: 0, Diff: 0, Sum: 0, Workers: 4
[373.589s][debug][gc,phases      ] GC(34) Weak Processing 0.328ms
[373.589s][debug][gc,age         ] GC(34) Desired survivor size 422051840 bytes, new threshold 15 (max threshold 15)
[373.589s][info ][gc,heap        ] GC(34) PSYoungGen: 1262227K(1669632K)->33859K(1655808K) Eden: 1228288K(1228288K)->0K(1228288K) From: 33939K(441344K)->33859K(427520K)
[373.589s][info ][gc,heap        ] GC(34) ParOldGen: 303677K(386560K)->303725K(386560K)
[373.589s][info ][gc,metaspace   ] GC(34) Metaspace: 80877K(81856K)->80877K(81856K) NonClass: 69203K(69760K)->69203K(69760K) Class: 11674K(12096K)->11674K(12096K)
[373.589s][info ][gc             ] GC(34) Pause Young (Allocation Failure) 1529M->329M(1994M) 24.156ms
[373.589s][info ][gc,cpu         ] GC(34) User=0.06s Sys=0.00s Real=0.02s
[373.589s][info ][safepoint      ] Safepoint "ParallelGCFailedAllocation", Time since last: 1517697864 ns, Reaching safepoint: 43300 ns, At safepoint: 24221299 ns, Total: 24264599 ns
[374.589s][info ][safepoint      ] Safepoint "Cleanup", Time since last: 1000087059 ns, Reaching safepoint: 44901 ns, At safepoint: 2500 ns, Total: 47401 ns
[375.589s][info ][safepoint      ] Safepoint "Cleanup", Time since last: 1000111685 ns, Reaching safepoint: 45801 ns, At safepoint: 2500 ns, Total: 48301 ns
[376.589s][info ][safepoint      ] Safepoint "Cleanup", Time since last: 1000110785 ns, Reaching safepoint: 52000 ns, At safepoint: 4000 ns, Total: 56000 ns
[379.589s][info ][safepoint      ] Safepoint "Cleanup", Time since last: 3000238855 ns, Reaching safepoint: 45300 ns, At safepoint: 2500 ns, Total: 47800 ns
[381.590s][info ][safepoint      ] Safepoint "Cleanup", Time since last: 2000186471 ns, Reaching safepoint: 55900 ns, At safepoint: 2800 ns, Total: 58700 ns
[383.590s][info ][safepoint      ] Safepoint "Cleanup", Time since last: 2000180398 ns, Reaching safepoint: 60100 ns, At safepoint: 7300 ns, Total: 67400 ns
[384.590s][info ][safepoint      ] Safepoint "Cleanup", Time since last: 1000074265 ns, Reaching safepoint: 96401 ns, At safepoint: 2900 ns, Total: 99301 ns
[385.590s][info ][safepoint      ] Safepoint "Cleanup", Time since last: 1000106965 ns, Reaching safepoint: 48301 ns, At safepoint: 2900 ns, Total: 51201 ns
[386.590s][info ][safepoint      ] Safepoint "Cleanup", Time since last: 1000105165 ns, Reaching safepoint: 42300 ns, At safepoint: 3000 ns, Total: 45300 ns
[386.967s][info ][gc,start       ] GC(35) Pause Young (Allocation Failure)
[386.988s][debug][gc,phases      ] GC(35) Scavenge 20.172ms
[386.988s][debug][gc,ref         ] GC(35) Skipped phase 1 of Reference Processing: no references
[386.988s][debug][gc,ref         ] GC(35) ReferenceProcessor::execute queues: 1, RefProcThreadModel::Single, marks_oops_alive: false
[386.988s][debug][gc,ref         ] GC(35) Skipped phase 3 of Reference Processing: no references
[386.988s][debug][gc,ref         ] GC(35) ReferenceProcessor::execute queues: 1, RefProcThreadModel::Single, marks_oops_alive: false
[386.988s][debug][gc,phases      ] GC(35) Reference Processing 0.201ms
[386.988s][debug][gc,phases      ] GC(35)   VM Weak                        Min:  0.0, Avg:  0.0, Max:  0.0, Diff:  0.0, Sum:  0.0, Workers: 4
[386.988s][debug][gc,phases      ] GC(35)     Dead                           Min: 0, Avg:  0.0, Max: 0, Diff: 0, Sum: 0, Workers: 4
[386.988s][debug][gc,phases      ] GC(35)     Total                          Min: 0, Avg: 203.0, Max: 320, Diff: 320, Sum: 812, Workers: 4
[386.988s][debug][gc,phases      ] GC(35)   ObjectSynchronizer Weak        Min:  0.0, Avg:  0.0, Max:  0.0, Diff:  0.0, Sum:  0.0, Workers: 4
[386.988s][debug][gc,phases      ] GC(35)     Dead                           Min: 0, Avg:  0.0, Max: 0, Diff: 0, Sum: 0, Workers: 4
[386.988s][debug][gc,phases      ] GC(35)     Total                          Min: 0, Avg:  8.2, Max: 33, Diff: 33, Sum: 33, Workers: 4
[386.988s][debug][gc,phases      ] GC(35)   JVMTI Tag Weak OopStorage      Min:  0.0, Avg:  0.0, Max:  0.0, Diff:  0.0, Sum:  0.0, Workers: 4
[386.988s][debug][gc,phases      ] GC(35)     Dead                           Min: 0, Avg:  0.0, Max: 0, Diff: 0, Sum: 0, Workers: 4
[386.988s][debug][gc,phases      ] GC(35)     Total                          Min: 0, Avg:  0.0, Max: 0, Diff: 0, Sum: 0, Workers: 4
[386.988s][debug][gc,phases      ] GC(35)   StringTable Weak               Min:  0.0, Avg:  0.1, Max:  0.2, Diff:  0.2, Sum:  0.5, Workers: 4
[386.988s][debug][gc,phases      ] GC(35)     Dead                           Min: 0, Avg:  0.0, Max: 0, Diff: 0, Sum: 0, Workers: 4
[386.988s][debug][gc,phases      ] GC(35)     Total                          Min: 0, Avg: 10885.2, Max: 15104, Diff: 15104, Sum: 43541, Workers: 4
[386.988s][debug][gc,phases      ] GC(35)   ResolvedMethodTable Weak       Min:  0.0, Avg:  0.0, Max:  0.0, Diff:  0.0, Sum:  0.1, Workers: 4
[386.988s][debug][gc,phases      ] GC(35)     Dead                           Min: 0, Avg:  0.0, Max: 0, Diff: 0, Sum: 0, Workers: 4
[386.988s][debug][gc,phases      ] GC(35)     Total                          Min: 0, Avg: 2333.0, Max: 3264, Diff: 3264, Sum: 9332, Workers: 4
[386.988s][debug][gc,phases      ] GC(35)   JNI Weak                       Min:  0.0, Avg:  0.0, Max:  0.0, Diff:  0.0, Sum:  0.0, Workers: 4
[386.988s][debug][gc,phases      ] GC(35)     Dead                           Min: 0, Avg:  0.0, Max: 0, Diff: 0, Sum: 0, Workers: 4
[386.988s][debug][gc,phases      ] GC(35)     Total                          Min: 0, Avg: 11.2, Max: 45, Diff: 45, Sum: 45, Workers: 4
[386.988s][debug][gc,phases      ] GC(35)   StringDedup Table Weak         Min:  0.0, Avg:  0.0, Max:  0.0, Diff:  0.0, Sum:  0.0, Workers: 4
[386.988s][debug][gc,phases      ] GC(35)     Dead                           Min: 0, Avg:  0.0, Max: 0, Diff: 0, Sum: 0, Workers: 4
[386.988s][debug][gc,phases      ] GC(35)     Total                          Min: 0, Avg:  0.0, Max: 0, Diff: 0, Sum: 0, Workers: 4
[386.988s][debug][gc,phases      ] GC(35)   StringDedup Requests0 Weak     Min:  0.0, Avg:  0.0, Max:  0.0, Diff:  0.0, Sum:  0.0, Workers: 4
[386.988s][debug][gc,phases      ] GC(35)     Dead                           Min: 0, Avg:  0.0, Max: 0, Diff: 0, Sum: 0, Workers: 4
[386.988s][debug][gc,phases      ] GC(35)     Total                          Min: 0, Avg:  0.0, Max: 0, Diff: 0, Sum: 0, Workers: 4
[386.988s][debug][gc,phases      ] GC(35)   StringDedup Requests1 Weak     Min:  0.0, Avg:  0.0, Max:  0.0, Diff:  0.0, Sum:  0.0, Workers: 4
[386.988s][debug][gc,phases      ] GC(35)     Dead                           Min: 0, Avg:  0.0, Max: 0, Diff: 0, Sum: 0, Workers: 4
[386.988s][debug][gc,phases      ] GC(35)     Total                          Min: 0, Avg:  0.0, Max: 0, Diff: 0, Sum: 0, Workers: 4
[386.988s][debug][gc,phases      ] GC(35)   Weak JFR Old Object Samples    Min:  0.0, Avg:  0.0, Max:  0.0, Diff:  0.0, Sum:  0.0, Workers: 4
[386.988s][debug][gc,phases      ] GC(35)     Dead                           Min: 0, Avg:  0.0, Max: 0, Diff: 0, Sum: 0, Workers: 4
[386.988s][debug][gc,phases      ] GC(35)     Total                          Min: 0, Avg:  0.0, Max: 0, Diff: 0, Sum: 0, Workers: 4
[386.988s][debug][gc,phases      ] GC(35) Weak Processing 0.368ms
[386.988s][debug][gc,age         ] GC(35) Desired survivor size 405274624 bytes, new threshold 15 (max threshold 15)
[386.988s][info ][gc,heap        ] GC(35) PSYoungGen: 1262147K(1655808K)->35320K(1701376K) Eden: 1228288K(1228288K)->0K(1289216K) From: 33859K(427520K)->35320K(412160K)
[386.988s][info ][gc,heap        ] GC(35) ParOldGen: 303725K(386560K)->303773K(386560K)
[386.988s][info ][gc,metaspace   ] GC(35) Metaspace: 80935K(81920K)->80935K(81920K) NonClass: 69261K(69824K)->69261K(69824K) Class: 11674K(12096K)->11674K(12096K)
[386.988s][info ][gc             ] GC(35) Pause Young (Allocation Failure) 1529M->331M(2039M) 20.878ms
[386.988s][info ][gc,cpu         ] GC(35) User=0.06s Sys=0.00s Real=0.02s
[386.988s][info ][safepoint      ] Safepoint "ParallelGCFailedAllocation", Time since last: 376861377 ns, Reaching safepoint: 51900 ns, At safepoint: 20962172 ns, Total: 21014072 ns
[387.988s][info ][safepoint      ] Safepoint "Cleanup", Time since last: 1000084865 ns, Reaching safepoint: 38900 ns, At safepoint: 3100 ns, Total: 42000 ns
[389.521s][info ][safepoint      ] Safepoint "Cleanup", Time since last: 1532872215 ns, Reaching safepoint: 63300 ns, At safepoint: 2900 ns, Total: 66200 ns
[391.522s][info ][safepoint      ] Safepoint "Cleanup", Time since last: 2000163677 ns, Reaching safepoint: 58201 ns, At safepoint: 4600 ns, Total: 62801 ns
[393.522s][info ][safepoint      ] Safepoint "Cleanup", Time since last: 2000179232 ns, Reaching safepoint: 35001 ns, At safepoint: 2900 ns, Total: 37901 ns
[394.522s][info ][safepoint      ] Safepoint "Cleanup", Time since last: 1000100816 ns, Reaching safepoint: 45300 ns, At safepoint: 4700 ns, Total: 50000 ns
[395.522s][info ][safepoint      ] Safepoint "Cleanup", Time since last: 1000106017 ns, Reaching safepoint: 44100 ns, At safepoint: 3900 ns, Total: 48000 ns
[396.522s][info ][safepoint      ] Safepoint "Cleanup", Time since last: 1000098917 ns, Reaching safepoint: 43900 ns, At safepoint: 4200 ns, Total: 48100 ns
[398.523s][info ][safepoint      ] Safepoint "Cleanup", Time since last: 2000388745 ns, Reaching safepoint: 126301 ns, At safepoint: 5200 ns, Total: 131501 ns
[399.523s][info ][safepoint      ] Safepoint "Cleanup", Time since last: 1000090346 ns, Reaching safepoint: 37800 ns, At safepoint: 3000 ns, Total: 40800 ns
[400.063s][info ][gc,start       ] GC(36) Pause Young (Allocation Failure)
[400.081s][debug][gc,phases      ] GC(36) Scavenge 17.590ms
[400.081s][debug][gc,ref         ] GC(36) Skipped phase 1 of Reference Processing: no references
[400.081s][debug][gc,ref         ] GC(36) ReferenceProcessor::execute queues: 1, RefProcThreadModel::Single, marks_oops_alive: false
[400.081s][debug][gc,ref         ] GC(36) Skipped phase 3 of Reference Processing: no references
[400.081s][debug][gc,ref         ] GC(36) ReferenceProcessor::execute queues: 1, RefProcThreadModel::Single, marks_oops_alive: false
[400.081s][debug][gc,phases      ] GC(36) Reference Processing 0.194ms
[400.081s][debug][gc,phases      ] GC(36)   VM Weak                        Min:  0.0, Avg:  0.0, Max:  0.0, Diff:  0.0, Sum:  0.0, Workers: 4
[400.081s][debug][gc,phases      ] GC(36)     Dead                           Min: 0, Avg:  0.0, Max: 0, Diff: 0, Sum: 0, Workers: 4
[400.081s][debug][gc,phases      ] GC(36)     Total                          Min: 0, Avg: 203.0, Max: 512, Diff: 512, Sum: 812, Workers: 4
[400.081s][debug][gc,phases      ] GC(36)   ObjectSynchronizer Weak        Min:  0.0, Avg:  0.0, Max:  0.0, Diff:  0.0, Sum:  0.0, Workers: 4
[400.081s][debug][gc,phases      ] GC(36)     Dead                           Min: 0, Avg:  0.0, Max: 0, Diff: 0, Sum: 0, Workers: 4
[400.081s][debug][gc,phases      ] GC(36)     Total                          Min: 0, Avg:  8.2, Max: 33, Diff: 33, Sum: 33, Workers: 4
[400.081s][debug][gc,phases      ] GC(36)   JVMTI Tag Weak OopStorage      Min:  0.0, Avg:  0.0, Max:  0.0, Diff:  0.0, Sum:  0.0, Workers: 4
[400.081s][debug][gc,phases      ] GC(36)     Dead                           Min: 0, Avg:  0.0, Max: 0, Diff: 0, Sum: 0, Workers: 4
[400.081s][debug][gc,phases      ] GC(36)     Total                          Min: 0, Avg:  0.0, Max: 0, Diff: 0, Sum: 0, Workers: 4
[400.081s][debug][gc,phases      ] GC(36)   StringTable Weak               Min:  0.0, Avg:  0.1, Max:  0.1, Diff:  0.1, Sum:  0.4, Workers: 4
[400.081s][debug][gc,phases      ] GC(36)     Dead                           Min: 0, Avg:  0.0, Max: 0, Diff: 0, Sum: 0, Workers: 4
[400.081s][debug][gc,phases      ] GC(36)     Total                          Min: 0, Avg: 10887.5, Max: 14784, Diff: 14784, Sum: 43550, Workers: 4
[400.081s][debug][gc,phases      ] GC(36)   ResolvedMethodTable Weak       Min:  0.0, Avg:  0.0, Max:  0.0, Diff:  0.0, Sum:  0.1, Workers: 4
[400.081s][debug][gc,phases      ] GC(36)     Dead                           Min: 0, Avg:  0.0, Max: 0, Diff: 0, Sum: 0, Workers: 4
[400.081s][debug][gc,phases      ] GC(36)     Total                          Min: 0, Avg: 2333.0, Max: 3328, Diff: 3328, Sum: 9332, Workers: 4
[400.081s][debug][gc,phases      ] GC(36)   JNI Weak                       Min:  0.0, Avg:  0.0, Max:  0.0, Diff:  0.0, Sum:  0.0, Workers: 4
[400.081s][debug][gc,phases      ] GC(36)     Dead                           Min: 0, Avg:  0.0, Max: 0, Diff: 0, Sum: 0, Workers: 4
[400.081s][debug][gc,phases      ] GC(36)     Total                          Min: 0, Avg: 11.2, Max: 45, Diff: 45, Sum: 45, Workers: 4
[400.081s][debug][gc,phases      ] GC(36)   StringDedup Table Weak         Min:  0.0, Avg:  0.0, Max:  0.0, Diff:  0.0, Sum:  0.0, Workers: 4
[400.081s][debug][gc,phases      ] GC(36)     Dead                           Min: 0, Avg:  0.0, Max: 0, Diff: 0, Sum: 0, Workers: 4
[400.081s][debug][gc,phases      ] GC(36)     Total                          Min: 0, Avg:  0.0, Max: 0, Diff: 0, Sum: 0, Workers: 4
[400.081s][debug][gc,phases      ] GC(36)   StringDedup Requests0 Weak     Min:  0.0, Avg:  0.0, Max:  0.0, Diff:  0.0, Sum:  0.0, Workers: 4
[400.081s][debug][gc,phases      ] GC(36)     Dead                           Min: 0, Avg:  0.0, Max: 0, Diff: 0, Sum: 0, Workers: 4
[400.081s][debug][gc,phases      ] GC(36)     Total                          Min: 0, Avg:  0.0, Max: 0, Diff: 0, Sum: 0, Workers: 4
[400.081s][debug][gc,phases      ] GC(36)   StringDedup Requests1 Weak     Min:  0.0, Avg:  0.0, Max:  0.0, Diff:  0.0, Sum:  0.0, Workers: 4
[400.081s][debug][gc,phases      ] GC(36)     Dead                           Min: 0, Avg:  0.0, Max: 0, Diff: 0, Sum: 0, Workers: 4
[400.081s][debug][gc,phases      ] GC(36)     Total                          Min: 0, Avg:  0.0, Max: 0, Diff: 0, Sum: 0, Workers: 4
[400.081s][debug][gc,phases      ] GC(36)   Weak JFR Old Object Samples    Min:  0.0, Avg:  0.0, Max:  0.0, Diff:  0.0, Sum:  0.0, Workers: 4
[400.081s][debug][gc,phases      ] GC(36)     Dead                           Min: 0, Avg:  0.0, Max: 0, Diff: 0, Sum: 0, Workers: 4
[400.081s][debug][gc,phases      ] GC(36)     Total                          Min: 0, Avg:  0.0, Max: 0, Diff: 0, Sum: 0, Workers: 4
[400.081s][debug][gc,phases      ] GC(36) Weak Processing 0.368ms
[400.081s][debug][gc,age         ] GC(36) Desired survivor size 387973120 bytes, new threshold 15 (max threshold 15)
[400.081s][info ][gc,heap        ] GC(36) PSYoungGen: 1324536K(1701376K)->35384K(1684992K) Eden: 1289216K(1289216K)->0K(1289216K) From: 35320K(412160K)->35384K(395776K)
[400.081s][info ][gc,heap        ] GC(36) ParOldGen: 303773K(386560K)->303781K(386560K)
[400.081s][info ][gc,metaspace   ] GC(36) Metaspace: 80991K(81920K)->80991K(81920K) NonClass: 69317K(69824K)->69317K(69824K) Class: 11674K(12096K)->11674K(12096K)
[400.081s][info ][gc             ] GC(36) Pause Young (Allocation Failure) 1590M->331M(2023M) 18.291ms
[400.081s][info ][gc,cpu         ] GC(36) User=0.06s Sys=0.00s Real=0.02s
[400.081s][info ][safepoint      ] Safepoint "ParallelGCFailedAllocation", Time since last: 539896352 ns, Reaching safepoint: 32900 ns, At safepoint: 18393052 ns, Total: 18425952 ns
[401.081s][info ][safepoint      ] Safepoint "Cleanup", Time since last: 1000103246 ns, Reaching safepoint: 51100 ns, At safepoint: 4200 ns, Total: 55300 ns
[402.082s][info ][safepoint      ] Safepoint "Cleanup", Time since last: 1000107047 ns, Reaching safepoint: 46400 ns, At safepoint: 5500 ns, Total: 51900 ns
[403.082s][info ][safepoint      ] Safepoint "Cleanup", Time since last: 1000105046 ns, Reaching safepoint: 43101 ns, At safepoint: 3700 ns, Total: 46801 ns
[404.082s][info ][safepoint      ] Safepoint "Cleanup", Time since last: 1000112446 ns, Reaching safepoint: 40600 ns, At safepoint: 3100 ns, Total: 43700 ns
[405.082s][info ][safepoint      ] Safepoint "Cleanup", Time since last: 1000119447 ns, Reaching safepoint: 40900 ns, At safepoint: 2700 ns, Total: 43600 ns
[408.082s][info ][safepoint      ] Safepoint "Cleanup", Time since last: 3000254673 ns, Reaching safepoint: 44901 ns, At safepoint: 4800 ns, Total: 49701 ns
[412.083s][info ][safepoint      ] Safepoint "Cleanup", Time since last: 4000306335 ns, Reaching safepoint: 59101 ns, At safepoint: 3500 ns, Total: 62601 ns
[413.915s][info ][gc,start       ] GC(37) Pause Young (Allocation Failure)
[413.934s][debug][gc,phases      ] GC(37) Scavenge 18.742ms
[413.934s][debug][gc,ref         ] GC(37) Skipped phase 1 of Reference Processing: no references
[413.934s][debug][gc,ref         ] GC(37) ReferenceProcessor::execute queues: 1, RefProcThreadModel::Single, marks_oops_alive: false
[413.934s][debug][gc,ref         ] GC(37) Skipped phase 3 of Reference Processing: no references
[413.934s][debug][gc,ref         ] GC(37) ReferenceProcessor::execute queues: 1, RefProcThreadModel::Single, marks_oops_alive: false
[413.934s][debug][gc,phases      ] GC(37) Reference Processing 0.152ms
[413.934s][debug][gc,phases      ] GC(37)   VM Weak                        Min:  0.0, Avg:  0.0, Max:  0.0, Diff:  0.0, Sum:  0.0, Workers: 4
[413.934s][debug][gc,phases      ] GC(37)     Dead                           Min: 0, Avg:  0.0, Max: 0, Diff: 0, Sum: 0, Workers: 4
[413.934s][debug][gc,phases      ] GC(37)     Total                          Min: 0, Avg: 203.0, Max: 812, Diff: 812, Sum: 812, Workers: 4
[413.934s][debug][gc,phases      ] GC(37)   ObjectSynchronizer Weak        Min:  0.0, Avg:  0.0, Max:  0.0, Diff:  0.0, Sum:  0.0, Workers: 4
[413.934s][debug][gc,phases      ] GC(37)     Dead                           Min: 0, Avg:  0.0, Max: 0, Diff: 0, Sum: 0, Workers: 4
[413.934s][debug][gc,phases      ] GC(37)     Total                          Min: 0, Avg:  8.2, Max: 33, Diff: 33, Sum: 33, Workers: 4
[413.934s][debug][gc,phases      ] GC(37)   JVMTI Tag Weak OopStorage      Min:  0.0, Avg:  0.0, Max:  0.0, Diff:  0.0, Sum:  0.0, Workers: 4
[413.934s][debug][gc,phases      ] GC(37)     Dead                           Min: 0, Avg:  0.0, Max: 0, Diff: 0, Sum: 0, Workers: 4
[413.934s][debug][gc,phases      ] GC(37)     Total                          Min: 0, Avg:  0.0, Max: 0, Diff: 0, Sum: 0, Workers: 4
[413.934s][debug][gc,phases      ] GC(37)   StringTable Weak               Min:  0.0, Avg:  0.1, Max:  0.2, Diff:  0.2, Sum:  0.3, Workers: 4
[413.934s][debug][gc,phases      ] GC(37)     Dead                           Min: 0, Avg:  0.0, Max: 0, Diff: 0, Sum: 0, Workers: 4
[413.934s][debug][gc,phases      ] GC(37)     Total                          Min: 0, Avg: 10887.8, Max: 25856, Diff: 25856, Sum: 43551, Workers: 4
[413.934s][debug][gc,phases      ] GC(37)   ResolvedMethodTable Weak       Min:  0.0, Avg:  0.0, Max:  0.0, Diff:  0.0, Sum:  0.1, Workers: 4
[413.934s][debug][gc,phases      ] GC(37)     Dead                           Min: 0, Avg:  0.0, Max: 0, Diff: 0, Sum: 0, Workers: 4
[413.934s][debug][gc,phases      ] GC(37)     Total                          Min: 0, Avg: 2333.0, Max: 5620, Diff: 5620, Sum: 9332, Workers: 4
[413.934s][debug][gc,phases      ] GC(37)   JNI Weak                       Min:  0.0, Avg:  0.0, Max:  0.0, Diff:  0.0, Sum:  0.0, Workers: 4
[413.934s][debug][gc,phases      ] GC(37)     Dead                           Min: 0, Avg:  0.0, Max: 0, Diff: 0, Sum: 0, Workers: 4
[413.934s][debug][gc,phases      ] GC(37)     Total                          Min: 0, Avg: 11.2, Max: 45, Diff: 45, Sum: 45, Workers: 4
[413.934s][debug][gc,phases      ] GC(37)   StringDedup Table Weak         Min:  0.0, Avg:  0.0, Max:  0.0, Diff:  0.0, Sum:  0.0, Workers: 4
[413.934s][debug][gc,phases      ] GC(37)     Dead                           Min: 0, Avg:  0.0, Max: 0, Diff: 0, Sum: 0, Workers: 4
[413.934s][debug][gc,phases      ] GC(37)     Total                          Min: 0, Avg:  0.0, Max: 0, Diff: 0, Sum: 0, Workers: 4
[413.934s][debug][gc,phases      ] GC(37)   StringDedup Requests0 Weak     Min:  0.0, Avg:  0.0, Max:  0.0, Diff:  0.0, Sum:  0.0, Workers: 4
[413.934s][debug][gc,phases      ] GC(37)     Dead                           Min: 0, Avg:  0.0, Max: 0, Diff: 0, Sum: 0, Workers: 4
[413.934s][debug][gc,phases      ] GC(37)     Total                          Min: 0, Avg:  0.0, Max: 0, Diff: 0, Sum: 0, Workers: 4
[413.934s][debug][gc,phases      ] GC(37)   StringDedup Requests1 Weak     Min:  0.0, Avg:  0.0, Max:  0.0, Diff:  0.0, Sum:  0.0, Workers: 4
[413.934s][debug][gc,phases      ] GC(37)     Dead                           Min: 0, Avg:  0.0, Max: 0, Diff: 0, Sum: 0, Workers: 4
[413.934s][debug][gc,phases      ] GC(37)     Total                          Min: 0, Avg:  0.0, Max: 0, Diff: 0, Sum: 0, Workers: 4
[413.934s][debug][gc,phases      ] GC(37)   Weak JFR Old Object Samples    Min:  0.0, Avg:  0.0, Max:  0.0, Diff:  0.0, Sum:  0.0, Workers: 4
[413.934s][debug][gc,phases      ] GC(37)     Dead                           Min: 0, Avg:  0.0, Max: 0, Diff: 0, Sum: 0, Workers: 4
[413.934s][debug][gc,phases      ] GC(37)     Total                          Min: 0, Avg:  0.0, Max: 0, Diff: 0, Sum: 0, Workers: 4
[413.934s][debug][gc,phases      ] GC(37) Weak Processing 0.369ms
[413.934s][debug][gc,age         ] GC(37) Desired survivor size 370671616 bytes, new threshold 15 (max threshold 15)
[413.934s][info ][gc,heap        ] GC(37) PSYoungGen: 1324600K(1684992K)->35400K(1735168K) Eden: 1289216K(1289216K)->0K(1356288K) From: 35384K(395776K)->35400K(378880K)
[413.934s][info ][gc,heap        ] GC(37) ParOldGen: 303781K(386560K)->303789K(386560K)
[413.934s][info ][gc,metaspace   ] GC(37) Metaspace: 81003K(81984K)->81003K(81984K) NonClass: 69329K(69888K)->69329K(69888K) Class: 11674K(12096K)->11674K(12096K)
[413.934s][info ][gc             ] GC(37) Pause Young (Allocation Failure) 1590M->331M(2072M) 19.392ms
[413.934s][info ][gc,cpu         ] GC(37) User=0.06s Sys=0.00s Real=0.02s
[413.934s][info ][safepoint      ] Safepoint "ParallelGCFailedAllocation", Time since last: 1832161110 ns, Reaching safepoint: 39000 ns, At safepoint: 19455957 ns, Total: 19494957 ns
[416.935s][info ][safepoint      ] Safepoint "Cleanup", Time since last: 3000230661 ns, Reaching safepoint: 44500 ns, At safepoint: 4100 ns, Total: 48600 ns
[417.935s][info ][safepoint      ] Safepoint "Cleanup", Time since last: 1000112588 ns, Reaching safepoint: 47400 ns, At safepoint: 2400 ns, Total: 49800 ns
[418.935s][info ][safepoint      ] Safepoint "Cleanup", Time since last: 1000072988 ns, Reaching safepoint: 42300 ns, At safepoint: 3500 ns, Total: 45800 ns
[422.935s][info ][safepoint      ] Safepoint "Cleanup", Time since last: 4000275048 ns, Reaching safepoint: 55201 ns, At safepoint: 7000 ns, Total: 62201 ns
[427.936s][info ][safepoint      ] Safepoint "Cleanup", Time since last: 5000380425 ns, Reaching safepoint: 41901 ns, At safepoint: 3600 ns, Total: 45501 ns
[428.911s][info ][gc,start       ] GC(38) Pause Young (Allocation Failure)
[428.929s][debug][gc,phases      ] GC(38) Scavenge 17.481ms
[428.929s][debug][gc,ref         ] GC(38) Skipped phase 1 of Reference Processing: no references
[428.929s][debug][gc,ref         ] GC(38) ReferenceProcessor::execute queues: 1, RefProcThreadModel::Single, marks_oops_alive: false
[428.929s][debug][gc,ref         ] GC(38) Skipped phase 3 of Reference Processing: no references
[428.929s][debug][gc,ref         ] GC(38) ReferenceProcessor::execute queues: 1, RefProcThreadModel::Single, marks_oops_alive: false
[428.929s][debug][gc,phases      ] GC(38) Reference Processing 0.164ms
[428.929s][debug][gc,phases      ] GC(38)   VM Weak                        Min:  0.0, Avg:  0.0, Max:  0.0, Diff:  0.0, Sum:  0.0, Workers: 4
[428.929s][debug][gc,phases      ] GC(38)     Dead                           Min: 0, Avg:  0.0, Max: 0, Diff: 0, Sum: 0, Workers: 4
[428.929s][debug][gc,phases      ] GC(38)     Total                          Min: 0, Avg: 203.0, Max: 748, Diff: 748, Sum: 812, Workers: 4
[428.929s][debug][gc,phases      ] GC(38)   ObjectSynchronizer Weak        Min:  0.0, Avg:  0.0, Max:  0.0, Diff:  0.0, Sum:  0.0, Workers: 4
[428.929s][debug][gc,phases      ] GC(38)     Dead                           Min: 0, Avg:  0.0, Max: 0, Diff: 0, Sum: 0, Workers: 4
[428.929s][debug][gc,phases      ] GC(38)     Total                          Min: 0, Avg:  8.2, Max: 33, Diff: 33, Sum: 33, Workers: 4
[428.929s][debug][gc,phases      ] GC(38)   JVMTI Tag Weak OopStorage      Min:  0.0, Avg:  0.0, Max:  0.0, Diff:  0.0, Sum:  0.0, Workers: 4
[428.929s][debug][gc,phases      ] GC(38)     Dead                           Min: 0, Avg:  0.0, Max: 0, Diff: 0, Sum: 0, Workers: 4
[428.929s][debug][gc,phases      ] GC(38)     Total                          Min: 0, Avg:  0.0, Max: 0, Diff: 0, Sum: 0, Workers: 4
[428.929s][debug][gc,phases      ] GC(38)   StringTable Weak               Min:  0.0, Avg:  0.1, Max:  0.2, Diff:  0.2, Sum:  0.4, Workers: 4
[428.929s][debug][gc,phases      ] GC(38)     Dead                           Min: 0, Avg:  0.0, Max: 0, Diff: 0, Sum: 0, Workers: 4
[428.929s][debug][gc,phases      ] GC(38)     Total                          Min: 0, Avg: 10888.2, Max: 16640, Diff: 16640, Sum: 43553, Workers: 4
[428.929s][debug][gc,phases      ] GC(38)   ResolvedMethodTable Weak       Min:  0.0, Avg:  0.0, Max:  0.0, Diff:  0.0, Sum:  0.1, Workers: 4
[428.929s][debug][gc,phases      ] GC(38)     Dead                           Min: 0, Avg:  0.0, Max: 0, Diff: 0, Sum: 0, Workers: 4
[428.929s][debug][gc,phases      ] GC(38)     Total                          Min: 0, Avg: 2333.0, Max: 3444, Diff: 3444, Sum: 9332, Workers: 4
[428.929s][debug][gc,phases      ] GC(38)   JNI Weak                       Min:  0.0, Avg:  0.0, Max:  0.0, Diff:  0.0, Sum:  0.0, Workers: 4
[428.929s][debug][gc,phases      ] GC(38)     Dead                           Min: 0, Avg:  0.0, Max: 0, Diff: 0, Sum: 0, Workers: 4
[428.929s][debug][gc,phases      ] GC(38)     Total                          Min: 0, Avg: 11.2, Max: 45, Diff: 45, Sum: 45, Workers: 4
[428.929s][debug][gc,phases      ] GC(38)   StringDedup Table Weak         Min:  0.0, Avg:  0.0, Max:  0.0, Diff:  0.0, Sum:  0.0, Workers: 4
[428.930s][debug][gc,phases      ] GC(38)     Dead                           Min: 0, Avg:  0.0, Max: 0, Diff: 0, Sum: 0, Workers: 4
[428.930s][debug][gc,phases      ] GC(38)     Total                          Min: 0, Avg:  0.0, Max: 0, Diff: 0, Sum: 0, Workers: 4
[428.930s][debug][gc,phases      ] GC(38)   StringDedup Requests0 Weak     Min:  0.0, Avg:  0.0, Max:  0.0, Diff:  0.0, Sum:  0.0, Workers: 4
[428.930s][debug][gc,phases      ] GC(38)     Dead                           Min: 0, Avg:  0.0, Max: 0, Diff: 0, Sum: 0, Workers: 4
[428.930s][debug][gc,phases      ] GC(38)     Total                          Min: 0, Avg:  0.0, Max: 0, Diff: 0, Sum: 0, Workers: 4
[428.930s][debug][gc,phases      ] GC(38)   StringDedup Requests1 Weak     Min:  0.0, Avg:  0.0, Max:  0.0, Diff:  0.0, Sum:  0.0, Workers: 4
[428.930s][debug][gc,phases      ] GC(38)     Dead                           Min: 0, Avg:  0.0, Max: 0, Diff: 0, Sum: 0, Workers: 4
[428.930s][debug][gc,phases      ] GC(38)     Total                          Min: 0, Avg:  0.0, Max: 0, Diff: 0, Sum: 0, Workers: 4
[428.930s][debug][gc,phases      ] GC(38)   Weak JFR Old Object Samples    Min:  0.0, Avg:  0.0, Max:  0.0, Diff:  0.0, Sum:  0.0, Workers: 4
[428.930s][debug][gc,phases      ] GC(38)     Dead                           Min: 0, Avg:  0.0, Max: 0, Diff: 0, Sum: 0, Workers: 4
[428.930s][debug][gc,phases      ] GC(38)     Total                          Min: 0, Avg:  0.0, Max: 0, Diff: 0, Sum: 0, Workers: 4
[428.930s][debug][gc,phases      ] GC(38) Weak Processing 0.371ms
[428.930s][debug][gc,age         ] GC(38) Desired survivor size 352845824 bytes, new threshold 15 (max threshold 15)
[428.930s][info ][gc,heap        ] GC(38) PSYoungGen: 1391688K(1735168K)->35352K(1718272K) Eden: 1356288K(1356288K)->0K(1356288K) From: 35400K(378880K)->35352K(361984K)
[428.930s][info ][gc,heap        ] GC(38) ParOldGen: 303789K(386560K)->303797K(386560K)
[428.930s][info ][gc,metaspace   ] GC(38) Metaspace: 81033K(81984K)->81033K(81984K) NonClass: 69358K(69888K)->69358K(69888K) Class: 11674K(12096K)->11674K(12096K)
[428.930s][info ][gc             ] GC(38) Pause Young (Allocation Failure) 1655M->331M(2055M) 18.155ms
[428.930s][info ][gc,cpu         ] GC(38) User=0.07s Sys=0.00s Real=0.02s
[428.930s][info ][safepoint      ] Safepoint "ParallelGCFailedAllocation", Time since last: 975653888 ns, Reaching safepoint: 48700 ns, At safepoint: 18226247 ns, Total: 18274947 ns
[429.930s][info ][safepoint      ] Safepoint "Cleanup", Time since last: 1000078085 ns, Reaching safepoint: 39101 ns, At safepoint: 2300 ns, Total: 41401 ns
[430.930s][info ][safepoint      ] Safepoint "Cleanup", Time since last: 1000112503 ns, Reaching safepoint: 38500 ns, At safepoint: 24500 ns, Total: 63000 ns
[431.930s][info ][safepoint      ] Safepoint "Cleanup", Time since last: 1000316207 ns, Reaching safepoint: 44100 ns, At safepoint: 2301 ns, Total: 46401 ns
[436.931s][info ][safepoint      ] Safepoint "Cleanup", Time since last: 5000386626 ns, Reaching safepoint: 43500 ns, At safepoint: 2500 ns, Total: 46000 ns
[438.931s][info ][safepoint      ] Safepoint "Cleanup", Time since last: 2000181046 ns, Reaching safepoint: 32701 ns, At safepoint: 2200 ns, Total: 34901 ns
[441.931s][info ][safepoint      ] Safepoint "Cleanup", Time since last: 3000254950 ns, Reaching safepoint: 119300 ns, At safepoint: 6301 ns, Total: 125601 ns
[442.931s][info ][safepoint      ] Safepoint "Cleanup", Time since last: 1000122183 ns, Reaching safepoint: 48700 ns, At safepoint: 9101 ns, Total: 57801 ns
[444.564s][info ][gc,start       ] GC(39) Pause Young (Allocation Failure)
[444.582s][debug][gc,phases      ] GC(39) Scavenge 18.182ms
[444.582s][debug][gc,ref         ] GC(39) Skipped phase 1 of Reference Processing: no references
[444.582s][debug][gc,ref         ] GC(39) ReferenceProcessor::execute queues: 1, RefProcThreadModel::Single, marks_oops_alive: false
[444.582s][debug][gc,ref         ] GC(39) Skipped phase 3 of Reference Processing: no references
[444.582s][debug][gc,ref         ] GC(39) ReferenceProcessor::execute queues: 1, RefProcThreadModel::Single, marks_oops_alive: false
[444.582s][debug][gc,phases      ] GC(39) Reference Processing 0.143ms
[444.582s][debug][gc,phases      ] GC(39)   VM Weak                        Min:  0.0, Avg:  0.0, Max:  0.0, Diff:  0.0, Sum:  0.0, Workers: 4
[444.582s][debug][gc,phases      ] GC(39)     Dead                           Min: 0, Avg:  0.0, Max: 0, Diff: 0, Sum: 0, Workers: 4
[444.583s][debug][gc,phases      ] GC(39)     Total                          Min: 0, Avg: 203.0, Max: 492, Diff: 492, Sum: 812, Workers: 4
[444.583s][debug][gc,phases      ] GC(39)   ObjectSynchronizer Weak        Min:  0.0, Avg:  0.0, Max:  0.0, Diff:  0.0, Sum:  0.0, Workers: 4
[444.583s][debug][gc,phases      ] GC(39)     Dead                           Min: 0, Avg:  0.0, Max: 0, Diff: 0, Sum: 0, Workers: 4
[444.583s][debug][gc,phases      ] GC(39)     Total                          Min: 0, Avg:  8.2, Max: 33, Diff: 33, Sum: 33, Workers: 4
[444.583s][debug][gc,phases      ] GC(39)   JVMTI Tag Weak OopStorage      Min:  0.0, Avg:  0.0, Max:  0.0, Diff:  0.0, Sum:  0.0, Workers: 4
[444.583s][debug][gc,phases      ] GC(39)     Dead                           Min: 0, Avg:  0.0, Max: 0, Diff: 0, Sum: 0, Workers: 4
[444.583s][debug][gc,phases      ] GC(39)     Total                          Min: 0, Avg:  0.0, Max: 0, Diff: 0, Sum: 0, Workers: 4
[444.583s][debug][gc,phases      ] GC(39)   StringTable Weak               Min:  0.0, Avg:  0.1, Max:  0.2, Diff:  0.2, Sum:  0.3, Workers: 4
[444.583s][debug][gc,phases      ] GC(39)     Dead                           Min: 0, Avg:  0.0, Max: 0, Diff: 0, Sum: 0, Workers: 4
[444.583s][debug][gc,phases      ] GC(39)     Total                          Min: 0, Avg: 10889.8, Max: 25728, Diff: 25728, Sum: 43559, Workers: 4
[444.583s][debug][gc,phases      ] GC(39)   ResolvedMethodTable Weak       Min:  0.0, Avg:  0.0, Max:  0.0, Diff:  0.0, Sum:  0.1, Workers: 4
[444.583s][debug][gc,phases      ] GC(39)     Dead                           Min: 0, Avg:  0.0, Max: 0, Diff: 0, Sum: 0, Workers: 4
[444.583s][debug][gc,phases      ] GC(39)     Total                          Min: 0, Avg: 2333.0, Max: 5620, Diff: 5620, Sum: 9332, Workers: 4
[444.583s][debug][gc,phases      ] GC(39)   JNI Weak                       Min:  0.0, Avg:  0.0, Max:  0.0, Diff:  0.0, Sum:  0.0, Workers: 4
[444.583s][debug][gc,phases      ] GC(39)     Dead                           Min: 0, Avg:  0.0, Max: 0, Diff: 0, Sum: 0, Workers: 4
[444.583s][debug][gc,phases      ] GC(39)     Total                          Min: 0, Avg: 11.2, Max: 45, Diff: 45, Sum: 45, Workers: 4
[444.583s][debug][gc,phases      ] GC(39)   StringDedup Table Weak         Min:  0.0, Avg:  0.0, Max:  0.0, Diff:  0.0, Sum:  0.0, Workers: 4
[444.583s][debug][gc,phases      ] GC(39)     Dead                           Min: 0, Avg:  0.0, Max: 0, Diff: 0, Sum: 0, Workers: 4
[444.583s][debug][gc,phases      ] GC(39)     Total                          Min: 0, Avg:  0.0, Max: 0, Diff: 0, Sum: 0, Workers: 4
[444.583s][debug][gc,phases      ] GC(39)   StringDedup Requests0 Weak     Min:  0.0, Avg:  0.0, Max:  0.0, Diff:  0.0, Sum:  0.0, Workers: 4
[444.583s][debug][gc,phases      ] GC(39)     Dead                           Min: 0, Avg:  0.0, Max: 0, Diff: 0, Sum: 0, Workers: 4
[444.583s][debug][gc,phases      ] GC(39)     Total                          Min: 0, Avg:  0.0, Max: 0, Diff: 0, Sum: 0, Workers: 4
[444.583s][debug][gc,phases      ] GC(39)   StringDedup Requests1 Weak     Min:  0.0, Avg:  0.0, Max:  0.0, Diff:  0.0, Sum:  0.0, Workers: 4
[444.583s][debug][gc,phases      ] GC(39)     Dead                           Min: 0, Avg:  0.0, Max: 0, Diff: 0, Sum: 0, Workers: 4
[444.583s][debug][gc,phases      ] GC(39)     Total                          Min: 0, Avg:  0.0, Max: 0, Diff: 0, Sum: 0, Workers: 4
[444.583s][debug][gc,phases      ] GC(39)   Weak JFR Old Object Samples    Min:  0.0, Avg:  0.0, Max:  0.0, Diff:  0.0, Sum:  0.0, Workers: 4
[444.583s][debug][gc,phases      ] GC(39)     Dead                           Min: 0, Avg:  0.0, Max: 0, Diff: 0, Sum: 0, Workers: 4
[444.583s][debug][gc,phases      ] GC(39)     Total                          Min: 0, Avg:  0.0, Max: 0, Diff: 0, Sum: 0, Workers: 4
[444.583s][debug][gc,phases      ] GC(39) Weak Processing 0.385ms
[444.583s][debug][gc,age         ] GC(39) Desired survivor size 335544320 bytes, new threshold 15 (max threshold 15)
[444.583s][info ][gc,heap        ] GC(39) PSYoungGen: 1391640K(1718272K)->35320K(1769472K) Eden: 1356288K(1356288K)->0K(1424896K) From: 35352K(361984K)->35320K(344576K)
[444.583s][info ][gc,heap        ] GC(39) ParOldGen: 303797K(386560K)->303805K(386560K)
[444.583s][info ][gc,metaspace   ] GC(39) Metaspace: 81043K(81984K)->81043K(81984K) NonClass: 69368K(69888K)->69368K(69888K) Class: 11674K(12096K)->11674K(12096K)
[444.583s][info ][gc             ] GC(39) Pause Young (Allocation Failure) 1655M->331M(2105M) 18.830ms
[444.583s][info ][gc,cpu         ] GC(39) User=0.06s Sys=0.00s Real=0.02s
[444.583s][info ][safepoint      ] Safepoint "ParallelGCFailedAllocation", Time since last: 1632277329 ns, Reaching safepoint: 25701 ns, At safepoint: 18900950 ns, Total: 18926651 ns
[447.583s][info ][safepoint      ] Safepoint "Cleanup", Time since last: 3000223379 ns, Reaching safepoint: 63001 ns, At safepoint: 3400 ns, Total: 66401 ns
[449.583s][info ][safepoint      ] Safepoint "Cleanup", Time since last: 2000180537 ns, Reaching safepoint: 58501 ns, At safepoint: 5800 ns, Total: 64301 ns
[451.584s][info ][safepoint      ] Safepoint "Cleanup", Time since last: 2000214438 ns, Reaching safepoint: 148301 ns, At safepoint: 6800 ns, Total: 155101 ns
[452.584s][info ][safepoint      ] Safepoint "Cleanup", Time since last: 1000121919 ns, Reaching safepoint: 52600 ns, At safepoint: 7900 ns, Total: 60500 ns
[455.584s][info ][safepoint      ] Safepoint "Cleanup", Time since last: 3000254400 ns, Reaching safepoint: 125401 ns, At safepoint: 6500 ns, Total: 131901 ns
[456.584s][info ][safepoint      ] Safepoint "Cleanup", Time since last: 1000130359 ns, Reaching safepoint: 65701 ns, At safepoint: 6200 ns, Total: 71901 ns
[461.167s][info ][gc,start       ] GC(40) Pause Young (Allocation Failure)
[461.188s][debug][gc,phases      ] GC(40) Scavenge 20.264ms
[461.188s][debug][gc,ref         ] GC(40) Skipped phase 1 of Reference Processing: no references
[461.188s][debug][gc,ref         ] GC(40) ReferenceProcessor::execute queues: 1, RefProcThreadModel::Single, marks_oops_alive: false
[461.188s][debug][gc,ref         ] GC(40) Skipped phase 3 of Reference Processing: no references
[461.188s][debug][gc,ref         ] GC(40) ReferenceProcessor::execute queues: 1, RefProcThreadModel::Single, marks_oops_alive: false
[461.188s][debug][gc,phases      ] GC(40) Reference Processing 0.147ms
[461.188s][debug][gc,phases      ] GC(40)   VM Weak                        Min:  0.0, Avg:  0.0, Max:  0.0, Diff:  0.0, Sum:  0.0, Workers: 4
[461.188s][debug][gc,phases      ] GC(40)     Dead                           Min: 0, Avg:  0.0, Max: 0, Diff: 0, Sum: 0, Workers: 4
[461.188s][debug][gc,phases      ] GC(40)     Total                          Min: 0, Avg: 203.0, Max: 492, Diff: 492, Sum: 812, Workers: 4
[461.188s][debug][gc,phases      ] GC(40)   ObjectSynchronizer Weak        Min:  0.0, Avg:  0.0, Max:  0.0, Diff:  0.0, Sum:  0.0, Workers: 4
[461.188s][debug][gc,phases      ] GC(40)     Dead                           Min: 0, Avg:  0.0, Max: 0, Diff: 0, Sum: 0, Workers: 4
[461.188s][debug][gc,phases      ] GC(40)     Total                          Min: 0, Avg:  8.2, Max: 33, Diff: 33, Sum: 33, Workers: 4
[461.188s][debug][gc,phases      ] GC(40)   JVMTI Tag Weak OopStorage      Min:  0.0, Avg:  0.0, Max:  0.0, Diff:  0.0, Sum:  0.0, Workers: 4
[461.188s][debug][gc,phases      ] GC(40)     Dead                           Min: 0, Avg:  0.0, Max: 0, Diff: 0, Sum: 0, Workers: 4
[461.188s][debug][gc,phases      ] GC(40)     Total                          Min: 0, Avg:  0.0, Max: 0, Diff: 0, Sum: 0, Workers: 4
[461.188s][debug][gc,phases      ] GC(40)   StringTable Weak               Min:  0.0, Avg:  0.1, Max:  0.1, Diff:  0.1, Sum:  0.4, Workers: 4
[461.188s][debug][gc,phases      ] GC(40)     Dead                           Min: 0, Avg:  0.0, Max: 0, Diff: 0, Sum: 0, Workers: 4
[461.188s][debug][gc,phases      ] GC(40)     Total                          Min: 0, Avg: 10889.8, Max: 16423, Diff: 16423, Sum: 43559, Workers: 4
[461.188s][debug][gc,phases      ] GC(40)   ResolvedMethodTable Weak       Min:  0.0, Avg:  0.0, Max:  0.0, Diff:  0.0, Sum:  0.1, Workers: 4
[461.188s][debug][gc,phases      ] GC(40)     Dead                           Min: 0, Avg:  0.0, Max: 0, Diff: 0, Sum: 0, Workers: 4
[461.188s][debug][gc,phases      ] GC(40)     Total                          Min: 0, Avg: 2333.0, Max: 3392, Diff: 3392, Sum: 9332, Workers: 4
[461.188s][debug][gc,phases      ] GC(40)   JNI Weak                       Min:  0.0, Avg:  0.0, Max:  0.0, Diff:  0.0, Sum:  0.0, Workers: 4
[461.188s][debug][gc,phases      ] GC(40)     Dead                           Min: 0, Avg:  0.0, Max: 0, Diff: 0, Sum: 0, Workers: 4
[461.188s][debug][gc,phases      ] GC(40)     Total                          Min: 0, Avg: 11.2, Max: 45, Diff: 45, Sum: 45, Workers: 4
[461.188s][debug][gc,phases      ] GC(40)   StringDedup Table Weak         Min:  0.0, Avg:  0.0, Max:  0.0, Diff:  0.0, Sum:  0.0, Workers: 4
[461.188s][debug][gc,phases      ] GC(40)     Dead                           Min: 0, Avg:  0.0, Max: 0, Diff: 0, Sum: 0, Workers: 4
[461.188s][debug][gc,phases      ] GC(40)     Total                          Min: 0, Avg:  0.0, Max: 0, Diff: 0, Sum: 0, Workers: 4
[461.188s][debug][gc,phases      ] GC(40)   StringDedup Requests0 Weak     Min:  0.0, Avg:  0.0, Max:  0.0, Diff:  0.0, Sum:  0.0, Workers: 4
[461.188s][debug][gc,phases      ] GC(40)     Dead                           Min: 0, Avg:  0.0, Max: 0, Diff: 0, Sum: 0, Workers: 4
[461.188s][debug][gc,phases      ] GC(40)     Total                          Min: 0, Avg:  0.0, Max: 0, Diff: 0, Sum: 0, Workers: 4
[461.188s][debug][gc,phases      ] GC(40)   StringDedup Requests1 Weak     Min:  0.0, Avg:  0.0, Max:  0.0, Diff:  0.0, Sum:  0.0, Workers: 4
[461.188s][debug][gc,phases      ] GC(40)     Dead                           Min: 0, Avg:  0.0, Max: 0, Diff: 0, Sum: 0, Workers: 4
[461.188s][debug][gc,phases      ] GC(40)     Total                          Min: 0, Avg:  0.0, Max: 0, Diff: 0, Sum: 0, Workers: 4
[461.188s][debug][gc,phases      ] GC(40)   Weak JFR Old Object Samples    Min:  0.0, Avg:  0.0, Max:  0.0, Diff:  0.0, Sum:  0.0, Workers: 4
[461.188s][debug][gc,phases      ] GC(40)     Dead                           Min: 0, Avg:  0.0, Max: 0, Diff: 0, Sum: 0, Workers: 4
[461.188s][debug][gc,phases      ] GC(40)     Total                          Min: 0, Avg:  0.0, Max: 0, Diff: 0, Sum: 0, Workers: 4
[461.188s][debug][gc,phases      ] GC(40) Weak Processing 0.356ms
[461.188s][debug][gc,age         ] GC(40) Desired survivor size 318242816 bytes, new threshold 15 (max threshold 15)
[461.188s][info ][gc,heap        ] GC(40) PSYoungGen: 1460216K(1769472K)->35496K(1752576K) Eden: 1424896K(1424896K)->0K(1424896K) From: 35320K(344576K)->35496K(327680K)
[461.188s][info ][gc,heap        ] GC(40) ParOldGen: 303805K(386560K)->303805K(386560K)
[461.188s][info ][gc,metaspace   ] GC(40) Metaspace: 81064K(82048K)->81064K(82048K) NonClass: 69389K(69952K)->69389K(69952K) Class: 11674K(12096K)->11674K(12096K)
[461.188s][info ][gc             ] GC(40) Pause Young (Allocation Failure) 1722M->331M(2089M) 20.894ms
[461.188s][info ][gc,cpu         ] GC(40) User=0.07s Sys=0.00s Real=0.02s
[461.188s][info ][safepoint      ] Safepoint "ParallelGCFailedAllocation", Time since last: 4582947870 ns, Reaching safepoint: 110001 ns, At safepoint: 20963567 ns, Total: 21073568 ns
[467.189s][info ][safepoint      ] Safepoint "Cleanup", Time since last: 6000416727 ns, Reaching safepoint: 55301 ns, At safepoint: 6000 ns, Total: 61301 ns
[469.189s][info ][safepoint      ] Safepoint "Cleanup", Time since last: 2000174592 ns, Reaching safepoint: 43701 ns, At safepoint: 2500 ns, Total: 46201 ns
[474.189s][info ][safepoint      ] Safepoint "Cleanup", Time since last: 5000321342 ns, Reaching safepoint: 49601 ns, At safepoint: 2600 ns, Total: 52201 ns
[475.190s][info ][safepoint      ] Safepoint "Cleanup", Time since last: 1000109042 ns, Reaching safepoint: 46000 ns, At safepoint: 3000 ns, Total: 49000 ns
[476.715s][info ][gc,start       ] GC(41) Pause Young (Allocation Failure)
[476.740s][debug][gc,phases      ] GC(41) Scavenge 25.411ms
[476.740s][debug][gc,ref         ] GC(41) Skipped phase 1 of Reference Processing: no references
[476.740s][debug][gc,ref         ] GC(41) ReferenceProcessor::execute queues: 1, RefProcThreadModel::Single, marks_oops_alive: false
[476.740s][debug][gc,ref         ] GC(41) Skipped phase 3 of Reference Processing: no references
[476.740s][debug][gc,ref         ] GC(41) ReferenceProcessor::execute queues: 1, RefProcThreadModel::Single, marks_oops_alive: false
[476.740s][debug][gc,phases      ] GC(41) Reference Processing 0.142ms
[476.740s][debug][gc,phases      ] GC(41)   VM Weak                        Min:  0.0, Avg:  0.0, Max:  0.0, Diff:  0.0, Sum:  0.0, Workers: 4
[476.740s][debug][gc,phases      ] GC(41)     Dead                           Min: 0, Avg:  0.0, Max: 0, Diff: 0, Sum: 0, Workers: 4
[476.740s][debug][gc,phases      ] GC(41)     Total                          Min: 0, Avg: 203.0, Max: 576, Diff: 576, Sum: 812, Workers: 4
[476.740s][debug][gc,phases      ] GC(41)   ObjectSynchronizer Weak        Min:  0.0, Avg:  0.0, Max:  0.0, Diff:  0.0, Sum:  0.0, Workers: 4
[476.740s][debug][gc,phases      ] GC(41)     Dead                           Min: 0, Avg:  0.0, Max: 0, Diff: 0, Sum: 0, Workers: 4
[476.740s][debug][gc,phases      ] GC(41)     Total                          Min: 0, Avg:  8.2, Max: 33, Diff: 33, Sum: 33, Workers: 4
[476.740s][debug][gc,phases      ] GC(41)   JVMTI Tag Weak OopStorage      Min:  0.0, Avg:  0.0, Max:  0.0, Diff:  0.0, Sum:  0.0, Workers: 4
[476.740s][debug][gc,phases      ] GC(41)     Dead                           Min: 0, Avg:  0.0, Max: 0, Diff: 0, Sum: 0, Workers: 4
[476.741s][debug][gc,phases      ] GC(41)     Total                          Min: 0, Avg:  0.0, Max: 0, Diff: 0, Sum: 0, Workers: 4
[476.741s][debug][gc,phases      ] GC(41)   StringTable Weak               Min:  0.0, Avg:  0.1, Max:  0.1, Diff:  0.1, Sum:  0.4, Workers: 4
[476.741s][debug][gc,phases      ] GC(41)     Dead                           Min: 0, Avg:  0.0, Max: 0, Diff: 0, Sum: 0, Workers: 4
[476.741s][debug][gc,phases      ] GC(41)     Total                          Min: 0, Avg: 10890.0, Max: 14656, Diff: 14656, Sum: 43560, Workers: 4
[476.741s][debug][gc,phases      ] GC(41)   ResolvedMethodTable Weak       Min:  0.0, Avg:  0.0, Max:  0.0, Diff:  0.0, Sum:  0.1, Workers: 4
[476.741s][debug][gc,phases      ] GC(41)     Dead                           Min: 0, Avg:  0.0, Max: 0, Diff: 0, Sum: 0, Workers: 4
[476.741s][debug][gc,phases      ] GC(41)     Total                          Min: 0, Avg: 2333.0, Max: 3328, Diff: 3328, Sum: 9332, Workers: 4
[476.741s][debug][gc,phases      ] GC(41)   JNI Weak                       Min:  0.0, Avg:  0.0, Max:  0.0, Diff:  0.0, Sum:  0.0, Workers: 4
[476.741s][debug][gc,phases      ] GC(41)     Dead                           Min: 0, Avg:  0.0, Max: 0, Diff: 0, Sum: 0, Workers: 4
[476.741s][debug][gc,phases      ] GC(41)     Total                          Min: 0, Avg: 11.2, Max: 45, Diff: 45, Sum: 45, Workers: 4
[476.741s][debug][gc,phases      ] GC(41)   StringDedup Table Weak         Min:  0.0, Avg:  0.0, Max:  0.0, Diff:  0.0, Sum:  0.0, Workers: 4
[476.741s][debug][gc,phases      ] GC(41)     Dead                           Min: 0, Avg:  0.0, Max: 0, Diff: 0, Sum: 0, Workers: 4
[476.741s][debug][gc,phases      ] GC(41)     Total                          Min: 0, Avg:  0.0, Max: 0, Diff: 0, Sum: 0, Workers: 4
[476.741s][debug][gc,phases      ] GC(41)   StringDedup Requests0 Weak     Min:  0.0, Avg:  0.0, Max:  0.0, Diff:  0.0, Sum:  0.0, Workers: 4
[476.741s][debug][gc,phases      ] GC(41)     Dead                           Min: 0, Avg:  0.0, Max: 0, Diff: 0, Sum: 0, Workers: 4
[476.741s][debug][gc,phases      ] GC(41)     Total                          Min: 0, Avg:  0.0, Max: 0, Diff: 0, Sum: 0, Workers: 4
[476.741s][debug][gc,phases      ] GC(41)   StringDedup Requests1 Weak     Min:  0.0, Avg:  0.0, Max:  0.0, Diff:  0.0, Sum:  0.0, Workers: 4
[476.741s][debug][gc,phases      ] GC(41)     Dead                           Min: 0, Avg:  0.0, Max: 0, Diff: 0, Sum: 0, Workers: 4
[476.741s][debug][gc,phases      ] GC(41)     Total                          Min: 0, Avg:  0.0, Max: 0, Diff: 0, Sum: 0, Workers: 4
[476.741s][debug][gc,phases      ] GC(41)   Weak JFR Old Object Samples    Min:  0.0, Avg:  0.0, Max:  0.0, Diff:  0.0, Sum:  0.0, Workers: 4
[476.741s][debug][gc,phases      ] GC(41)     Dead                           Min: 0, Avg:  0.0, Max: 0, Diff: 0, Sum: 0, Workers: 4
[476.741s][debug][gc,phases      ] GC(41)     Total                          Min: 0, Avg:  0.0, Max: 0, Diff: 0, Sum: 0, Workers: 4
[476.741s][debug][gc,phases      ] GC(41) Weak Processing 0.365ms
[476.741s][debug][gc,age         ] GC(41) Desired survivor size 306184192 bytes, new threshold 15 (max threshold 15)
[476.741s][info ][gc,heap        ] GC(41) PSYoungGen: 1460392K(1752576K)->10260K(1798144K) Eden: 1424896K(1424896K)->0K(1487360K) From: 35496K(327680K)->10260K(310784K)
[476.741s][info ][gc,heap        ] GC(41) ParOldGen: 303805K(386560K)->329318K(386560K)
[476.741s][info ][gc,metaspace   ] GC(41) Metaspace: 81074K(82048K)->81074K(82048K) NonClass: 69399K(69952K)->69399K(69952K) Class: 11674K(12096K)->11674K(12096K)
[476.741s][info ][gc             ] GC(41) Pause Young (Allocation Failure) 1722M->331M(2133M) 26.048ms
[476.741s][info ][gc,cpu         ] GC(41) User=0.09s Sys=0.00s Real=0.03s
[476.741s][info ][safepoint      ] Safepoint "ParallelGCFailedAllocation", Time since last: 1524894304 ns, Reaching safepoint: 37201 ns, At safepoint: 26117902 ns, Total: 26155103 ns
[480.741s][info ][safepoint      ] Safepoint "Cleanup", Time since last: 4000285975 ns, Reaching safepoint: 38301 ns, At safepoint: 2300 ns, Total: 40601 ns
[481.741s][info ][safepoint      ] Safepoint "Cleanup", Time since last: 1000103735 ns, Reaching safepoint: 50601 ns, At safepoint: 5700 ns, Total: 56301 ns
[485.741s][info ][safepoint      ] Safepoint "Cleanup", Time since last: 4000271441 ns, Reaching safepoint: 39901 ns, At safepoint: 4000 ns, Total: 43901 ns
[486.742s][info ][safepoint      ] Safepoint "Cleanup", Time since last: 1000123112 ns, Reaching safepoint: 53101 ns, At safepoint: 3100 ns, Total: 56201 ns
[487.742s][info ][safepoint      ] Safepoint "Cleanup", Time since last: 1000137483 ns, Reaching safepoint: 57300 ns, At safepoint: 3800 ns, Total: 61100 ns
[488.742s][info ][safepoint      ] Safepoint "Cleanup", Time since last: 1000123884 ns, Reaching safepoint: 51400 ns, At safepoint: 3300 ns, Total: 54700 ns
[489.742s][info ][safepoint      ] Safepoint "Cleanup", Time since last: 1000109400 ns, Reaching safepoint: 48701 ns, At safepoint: 4300 ns, Total: 53001 ns
[492.365s][info ][gc,start       ] GC(42) Pause Young (Allocation Failure)
[492.372s][debug][gc,phases      ] GC(42) Scavenge 7.922ms
[492.373s][debug][gc,ref         ] GC(42) Skipped phase 1 of Reference Processing: no references
[492.373s][debug][gc,ref         ] GC(42) ReferenceProcessor::execute queues: 1, RefProcThreadModel::Single, marks_oops_alive: false
[492.373s][debug][gc,ref         ] GC(42) Skipped phase 3 of Reference Processing: no references
[492.373s][debug][gc,ref         ] GC(42) ReferenceProcessor::execute queues: 1, RefProcThreadModel::Single, marks_oops_alive: false
[492.373s][debug][gc,phases      ] GC(42) Reference Processing 0.128ms
[492.373s][debug][gc,phases      ] GC(42)   VM Weak                        Min:  0.0, Avg:  0.0, Max:  0.0, Diff:  0.0, Sum:  0.0, Workers: 4
[492.373s][debug][gc,phases      ] GC(42)     Dead                           Min: 0, Avg:  0.0, Max: 0, Diff: 0, Sum: 0, Workers: 4
[492.373s][debug][gc,phases      ] GC(42)     Total                          Min: 0, Avg: 203.0, Max: 428, Diff: 428, Sum: 812, Workers: 4
[492.373s][debug][gc,phases      ] GC(42)   ObjectSynchronizer Weak        Min:  0.0, Avg:  0.0, Max:  0.0, Diff:  0.0, Sum:  0.0, Workers: 4
[492.373s][debug][gc,phases      ] GC(42)     Dead                           Min: 0, Avg:  0.0, Max: 0, Diff: 0, Sum: 0, Workers: 4
[492.373s][debug][gc,phases      ] GC(42)     Total                          Min: 0, Avg:  8.2, Max: 33, Diff: 33, Sum: 33, Workers: 4
[492.373s][debug][gc,phases      ] GC(42)   JVMTI Tag Weak OopStorage      Min:  0.0, Avg:  0.0, Max:  0.0, Diff:  0.0, Sum:  0.0, Workers: 4
[492.373s][debug][gc,phases      ] GC(42)     Dead                           Min: 0, Avg:  0.0, Max: 0, Diff: 0, Sum: 0, Workers: 4
[492.373s][debug][gc,phases      ] GC(42)     Total                          Min: 0, Avg:  0.0, Max: 0, Diff: 0, Sum: 0, Workers: 4
[492.373s][debug][gc,phases      ] GC(42)   StringTable Weak               Min:  0.0, Avg:  0.1, Max:  0.2, Diff:  0.2, Sum:  0.4, Workers: 4
[492.373s][debug][gc,phases      ] GC(42)     Dead                           Min: 0, Avg:  0.0, Max: 0, Diff: 0, Sum: 0, Workers: 4
[492.373s][debug][gc,phases      ] GC(42)     Total                          Min: 0, Avg: 10893.0, Max: 23872, Diff: 23872, Sum: 43572, Workers: 4
[492.373s][debug][gc,phases      ] GC(42)   ResolvedMethodTable Weak       Min:  0.0, Avg:  0.0, Max:  0.0, Diff:  0.0, Sum:  0.1, Workers: 4
[492.373s][debug][gc,phases      ] GC(42)     Dead                           Min: 0, Avg:  0.0, Max: 0, Diff: 0, Sum: 0, Workers: 4
[492.373s][debug][gc,phases      ] GC(42)     Total                          Min: 0, Avg: 2333.5, Max: 5184, Diff: 5184, Sum: 9334, Workers: 4
[492.373s][debug][gc,phases      ] GC(42)   JNI Weak                       Min:  0.0, Avg:  0.0, Max:  0.0, Diff:  0.0, Sum:  0.0, Workers: 4
[492.373s][debug][gc,phases      ] GC(42)     Dead                           Min: 0, Avg:  0.0, Max: 0, Diff: 0, Sum: 0, Workers: 4
[492.373s][debug][gc,phases      ] GC(42)     Total                          Min: 0, Avg: 11.2, Max: 45, Diff: 45, Sum: 45, Workers: 4
[492.373s][debug][gc,phases      ] GC(42)   StringDedup Table Weak         Min:  0.0, Avg:  0.0, Max:  0.0, Diff:  0.0, Sum:  0.0, Workers: 4
[492.373s][debug][gc,phases      ] GC(42)     Dead                           Min: 0, Avg:  0.0, Max: 0, Diff: 0, Sum: 0, Workers: 4
[492.373s][debug][gc,phases      ] GC(42)     Total                          Min: 0, Avg:  0.0, Max: 0, Diff: 0, Sum: 0, Workers: 4
[492.373s][debug][gc,phases      ] GC(42)   StringDedup Requests0 Weak     Min:  0.0, Avg:  0.0, Max:  0.0, Diff:  0.0, Sum:  0.0, Workers: 4
[492.373s][debug][gc,phases      ] GC(42)     Dead                           Min: 0, Avg:  0.0, Max: 0, Diff: 0, Sum: 0, Workers: 4
[492.373s][debug][gc,phases      ] GC(42)     Total                          Min: 0, Avg:  0.0, Max: 0, Diff: 0, Sum: 0, Workers: 4
[492.373s][debug][gc,phases      ] GC(42)   StringDedup Requests1 Weak     Min:  0.0, Avg:  0.0, Max:  0.0, Diff:  0.0, Sum:  0.0, Workers: 4
[492.373s][debug][gc,phases      ] GC(42)     Dead                           Min: 0, Avg:  0.0, Max: 0, Diff: 0, Sum: 0, Workers: 4
[492.373s][debug][gc,phases      ] GC(42)     Total                          Min: 0, Avg:  0.0, Max: 0, Diff: 0, Sum: 0, Workers: 4
[492.373s][debug][gc,phases      ] GC(42)   Weak JFR Old Object Samples    Min:  0.0, Avg:  0.0, Max:  0.0, Diff:  0.0, Sum:  0.0, Workers: 4
[492.373s][debug][gc,phases      ] GC(42)     Dead                           Min: 0, Avg:  0.0, Max: 0, Diff: 0, Sum: 0, Workers: 4
[492.373s][debug][gc,phases      ] GC(42)     Total                          Min: 0, Avg:  0.0, Max: 0, Diff: 0, Sum: 0, Workers: 4
[492.373s][debug][gc,phases      ] GC(42) Weak Processing 0.403ms
[492.373s][debug][gc,age         ] GC(42) Desired survivor size 293601280 bytes, new threshold 15 (max threshold 15)
[492.373s][info ][gc,heap        ] GC(42) PSYoungGen: 1497620K(1798144K)->9428K(1786368K) Eden: 1487360K(1487360K)->0K(1487360K) From: 10260K(310784K)->9428K(299008K)
[492.373s][info ][gc,heap        ] GC(42) ParOldGen: 329318K(386560K)->330198K(386560K)
[492.373s][info ][gc,metaspace   ] GC(42) Metaspace: 81092K(82048K)->81092K(82048K) NonClass: 69417K(69952K)->69417K(69952K) Class: 11674K(12096K)->11674K(12096K)
[492.373s][info ][gc             ] GC(42) Pause Young (Allocation Failure) 1784M->331M(2122M) 8.575ms
[492.373s][info ][gc,cpu         ] GC(42) User=0.03s Sys=0.00s Real=0.01s
[492.373s][info ][safepoint      ] Safepoint "ParallelGCFailedAllocation", Time since last: 2622228662 ns, Reaching safepoint: 36401 ns, At safepoint: 8666968 ns, Total: 8703369 ns
[494.373s][info ][safepoint      ] Safepoint "Cleanup", Time since last: 2000154138 ns, Reaching safepoint: 49800 ns, At safepoint: 5600 ns, Total: 55400 ns
[496.374s][info ][safepoint      ] Safepoint "Cleanup", Time since last: 2000190953 ns, Reaching safepoint: 55300 ns, At safepoint: 3400 ns, Total: 58700 ns
[497.374s][info ][safepoint      ] Safepoint "Cleanup", Time since last: 1000122820 ns, Reaching safepoint: 54500 ns, At safepoint: 3000 ns, Total: 57500 ns
[498.374s][info ][safepoint      ] Safepoint "Cleanup", Time since last: 1000106319 ns, Reaching safepoint: 55500 ns, At safepoint: 3300 ns, Total: 58800 ns
[503.374s][info ][safepoint      ] Safepoint "Cleanup", Time since last: 5000384322 ns, Reaching safepoint: 52500 ns, At safepoint: 5200 ns, Total: 57700 ns
[508.375s][info ][safepoint      ] Safepoint "Cleanup", Time since last: 5000363067 ns, Reaching safepoint: 45200 ns, At safepoint: 3200 ns, Total: 48400 ns
[508.862s][info ][gc,start       ] GC(43) Pause Young (Allocation Failure)
[508.870s][debug][gc,phases      ] GC(43) Scavenge 7.909ms
[508.870s][debug][gc,ref         ] GC(43) Skipped phase 1 of Reference Processing: no references
[508.870s][debug][gc,ref         ] GC(43) ReferenceProcessor::execute queues: 1, RefProcThreadModel::Single, marks_oops_alive: false
[508.870s][debug][gc,ref         ] GC(43) Skipped phase 3 of Reference Processing: no references
[508.870s][debug][gc,ref         ] GC(43) ReferenceProcessor::execute queues: 1, RefProcThreadModel::Single, marks_oops_alive: false
[508.871s][debug][gc,phases      ] GC(43) Reference Processing 0.114ms
[508.871s][debug][gc,phases      ] GC(43)   VM Weak                        Min:  0.0, Avg:  0.0, Max:  0.0, Diff:  0.0, Sum:  0.0, Workers: 4
[508.871s][debug][gc,phases      ] GC(43)     Dead                           Min: 0, Avg:  0.0, Max: 0, Diff: 0, Sum: 0, Workers: 4
[508.871s][debug][gc,phases      ] GC(43)     Total                          Min: 0, Avg: 203.0, Max: 576, Diff: 576, Sum: 812, Workers: 4
[508.871s][debug][gc,phases      ] GC(43)   ObjectSynchronizer Weak        Min:  0.0, Avg:  0.0, Max:  0.0, Diff:  0.0, Sum:  0.0, Workers: 4
[508.871s][debug][gc,phases      ] GC(43)     Dead                           Min: 0, Avg:  0.0, Max: 0, Diff: 0, Sum: 0, Workers: 4
[508.871s][debug][gc,phases      ] GC(43)     Total                          Min: 0, Avg:  8.2, Max: 33, Diff: 33, Sum: 33, Workers: 4
[508.871s][debug][gc,phases      ] GC(43)   JVMTI Tag Weak OopStorage      Min:  0.0, Avg:  0.0, Max:  0.0, Diff:  0.0, Sum:  0.0, Workers: 4
[508.871s][debug][gc,phases      ] GC(43)     Dead                           Min: 0, Avg:  0.0, Max: 0, Diff: 0, Sum: 0, Workers: 4
[508.871s][debug][gc,phases      ] GC(43)     Total                          Min: 0, Avg:  0.0, Max: 0, Diff: 0, Sum: 0, Workers: 4
[508.871s][debug][gc,phases      ] GC(43)   StringTable Weak               Min:  0.0, Avg:  0.1, Max:  0.1, Diff:  0.1, Sum:  0.4, Workers: 4
[508.871s][debug][gc,phases      ] GC(43)     Dead                           Min: 0, Avg:  0.0, Max: 0, Diff: 0, Sum: 0, Workers: 4
[508.871s][debug][gc,phases      ] GC(43)     Total                          Min: 0, Avg: 10893.2, Max: 16373, Diff: 16373, Sum: 43573, Workers: 4
[508.871s][debug][gc,phases      ] GC(43)   ResolvedMethodTable Weak       Min:  0.0, Avg:  0.0, Max:  0.0, Diff:  0.0, Sum:  0.1, Workers: 4
[508.871s][debug][gc,phases      ] GC(43)     Dead                           Min: 0, Avg:  0.0, Max: 0, Diff: 0, Sum: 0, Workers: 4
[508.871s][debug][gc,phases      ] GC(43)     Total                          Min: 0, Avg: 2333.5, Max: 3382, Diff: 3382, Sum: 9334, Workers: 4
[508.871s][debug][gc,phases      ] GC(43)   JNI Weak                       Min:  0.0, Avg:  0.0, Max:  0.0, Diff:  0.0, Sum:  0.0, Workers: 4
[508.871s][debug][gc,phases      ] GC(43)     Dead                           Min: 0, Avg:  0.0, Max: 0, Diff: 0, Sum: 0, Workers: 4
[508.871s][debug][gc,phases      ] GC(43)     Total                          Min: 0, Avg: 11.2, Max: 45, Diff: 45, Sum: 45, Workers: 4
[508.871s][debug][gc,phases      ] GC(43)   StringDedup Table Weak         Min:  0.0, Avg:  0.0, Max:  0.0, Diff:  0.0, Sum:  0.0, Workers: 4
[508.871s][debug][gc,phases      ] GC(43)     Dead                           Min: 0, Avg:  0.0, Max: 0, Diff: 0, Sum: 0, Workers: 4
[508.871s][debug][gc,phases      ] GC(43)     Total                          Min: 0, Avg:  0.0, Max: 0, Diff: 0, Sum: 0, Workers: 4
[508.871s][debug][gc,phases      ] GC(43)   StringDedup Requests0 Weak     Min:  0.0, Avg:  0.0, Max:  0.0, Diff:  0.0, Sum:  0.0, Workers: 4
[508.871s][debug][gc,phases      ] GC(43)     Dead                           Min: 0, Avg:  0.0, Max: 0, Diff: 0, Sum: 0, Workers: 4
[508.871s][debug][gc,phases      ] GC(43)     Total                          Min: 0, Avg:  0.0, Max: 0, Diff: 0, Sum: 0, Workers: 4
[508.871s][debug][gc,phases      ] GC(43)   StringDedup Requests1 Weak     Min:  0.0, Avg:  0.0, Max:  0.0, Diff:  0.0, Sum:  0.0, Workers: 4
[508.871s][debug][gc,phases      ] GC(43)     Dead                           Min: 0, Avg:  0.0, Max: 0, Diff: 0, Sum: 0, Workers: 4
[508.871s][debug][gc,phases      ] GC(43)     Total                          Min: 0, Avg:  0.0, Max: 0, Diff: 0, Sum: 0, Workers: 4
[508.871s][debug][gc,phases      ] GC(43)   Weak JFR Old Object Samples    Min:  0.0, Avg:  0.0, Max:  0.0, Diff:  0.0, Sum:  0.0, Workers: 4
[508.871s][debug][gc,phases      ] GC(43)     Dead                           Min: 0, Avg:  0.0, Max: 0, Diff: 0, Sum: 0, Workers: 4
[508.871s][debug][gc,phases      ] GC(43)     Total                          Min: 0, Avg:  0.0, Max: 0, Diff: 0, Sum: 0, Workers: 4
[508.871s][debug][gc,phases      ] GC(43) Weak Processing 0.383ms
[508.871s][debug][gc,age         ] GC(43) Desired survivor size 280494080 bytes, new threshold 15 (max threshold 15)
[508.871s][info ][gc,heap        ] GC(43) PSYoungGen: 1496788K(1786368K)->9396K(1823232K) Eden: 1487360K(1487360K)->0K(1536512K) From: 9428K(299008K)->9396K(286720K)
[508.871s][info ][gc,heap        ] GC(43) ParOldGen: 330198K(386560K)->330230K(386560K)
[508.871s][info ][gc,metaspace   ] GC(43) Metaspace: 81114K(82048K)->81114K(82048K) NonClass: 69439K(69952K)->69439K(69952K) Class: 11674K(12096K)->11674K(12096K)
[508.871s][info ][gc             ] GC(43) Pause Young (Allocation Failure) 1784M->331M(2158M) 8.539ms
[508.871s][info ][gc,cpu         ] GC(43) User=0.02s Sys=0.00s Real=0.00s
[508.871s][info ][safepoint      ] Safepoint "ParallelGCFailedAllocation", Time since last: 487554012 ns, Reaching safepoint: 39400 ns, At safepoint: 8606466 ns, Total: 8645866 ns
[515.871s][info ][safepoint      ] Safepoint "Cleanup", Time since last: 7000457300 ns, Reaching safepoint: 56001 ns, At safepoint: 2900 ns, Total: 58901 ns
[516.872s][info ][safepoint      ] Safepoint "Cleanup", Time since last: 1000118714 ns, Reaching safepoint: 112501 ns, At safepoint: 7200 ns, Total: 119701 ns
[519.872s][info ][safepoint      ] Safepoint "Cleanup", Time since last: 3000201936 ns, Reaching safepoint: 49000 ns, At safepoint: 2500 ns, Total: 51500 ns
[520.872s][info ][safepoint      ] Safepoint "Cleanup", Time since last: 1000078056 ns, Reaching safepoint: 39100 ns, At safepoint: 4700 ns, Total: 43800 ns
[521.872s][info ][safepoint      ] Safepoint "Cleanup", Time since last: 1000131857 ns, Reaching safepoint: 41300 ns, At safepoint: 3800 ns, Total: 45100 ns
[522.872s][info ][safepoint      ] Safepoint "Cleanup", Time since last: 1000108956 ns, Reaching safepoint: 43500 ns, At safepoint: 23900 ns, Total: 67400 ns
[525.615s][info ][gc,start       ] GC(44) Pause Young (Allocation Failure)
[525.622s][debug][gc,phases      ] GC(44) Scavenge 7.492ms
[525.622s][debug][gc,ref         ] GC(44) Skipped phase 1 of Reference Processing: no references
[525.622s][debug][gc,ref         ] GC(44) ReferenceProcessor::execute queues: 1, RefProcThreadModel::Single, marks_oops_alive: false
[525.622s][debug][gc,ref         ] GC(44) Skipped phase 3 of Reference Processing: no references
[525.622s][debug][gc,ref         ] GC(44) ReferenceProcessor::execute queues: 1, RefProcThreadModel::Single, marks_oops_alive: false
[525.622s][debug][gc,phases      ] GC(44) Reference Processing 0.098ms
[525.623s][debug][gc,phases      ] GC(44)   VM Weak                        Min:  0.0, Avg:  0.0, Max:  0.0, Diff:  0.0, Sum:  0.0, Workers: 4
[525.623s][debug][gc,phases      ] GC(44)     Dead                           Min: 0, Avg:  0.0, Max: 0, Diff: 0, Sum: 0, Workers: 4
[525.623s][debug][gc,phases      ] GC(44)     Total                          Min: 0, Avg: 203.0, Max: 748, Diff: 748, Sum: 812, Workers: 4
[525.623s][debug][gc,phases      ] GC(44)   ObjectSynchronizer Weak        Min:  0.0, Avg:  0.0, Max:  0.0, Diff:  0.0, Sum:  0.0, Workers: 4
[525.623s][debug][gc,phases      ] GC(44)     Dead                           Min: 0, Avg:  0.0, Max: 0, Diff: 0, Sum: 0, Workers: 4
[525.623s][debug][gc,phases      ] GC(44)     Total                          Min: 0, Avg:  8.2, Max: 33, Diff: 33, Sum: 33, Workers: 4
[525.623s][debug][gc,phases      ] GC(44)   JVMTI Tag Weak OopStorage      Min:  0.0, Avg:  0.0, Max:  0.0, Diff:  0.0, Sum:  0.0, Workers: 4
[525.623s][debug][gc,phases      ] GC(44)     Dead                           Min: 0, Avg:  0.0, Max: 0, Diff: 0, Sum: 0, Workers: 4
[525.623s][debug][gc,phases      ] GC(44)     Total                          Min: 0, Avg:  0.0, Max: 0, Diff: 0, Sum: 0, Workers: 4
[525.623s][debug][gc,phases      ] GC(44)   StringTable Weak               Min:  0.0, Avg:  0.1, Max:  0.1, Diff:  0.1, Sum:  0.4, Workers: 4
[525.623s][debug][gc,phases      ] GC(44)     Dead                           Min: 0, Avg:  0.0, Max: 0, Diff: 0, Sum: 0, Workers: 4
[525.623s][debug][gc,phases      ] GC(44)     Total                          Min: 0, Avg: 10893.2, Max: 16640, Diff: 16640, Sum: 43573, Workers: 4
[525.623s][debug][gc,phases      ] GC(44)   ResolvedMethodTable Weak       Min:  0.0, Avg:  0.0, Max:  0.0, Diff:  0.0, Sum:  0.1, Workers: 4
[525.623s][debug][gc,phases      ] GC(44)     Dead                           Min: 0, Avg:  0.0, Max: 0, Diff: 0, Sum: 0, Workers: 4
[525.623s][debug][gc,phases      ] GC(44)     Total                          Min: 0, Avg: 2333.5, Max: 3968, Diff: 3968, Sum: 9334, Workers: 4
[525.623s][debug][gc,phases      ] GC(44)   JNI Weak                       Min:  0.0, Avg:  0.0, Max:  0.0, Diff:  0.0, Sum:  0.0, Workers: 4
[525.623s][debug][gc,phases      ] GC(44)     Dead                           Min: 0, Avg:  0.0, Max: 0, Diff: 0, Sum: 0, Workers: 4
[525.623s][debug][gc,phases      ] GC(44)     Total                          Min: 0, Avg: 11.2, Max: 45, Diff: 45, Sum: 45, Workers: 4
[525.623s][debug][gc,phases      ] GC(44)   StringDedup Table Weak         Min:  0.0, Avg:  0.0, Max:  0.0, Diff:  0.0, Sum:  0.0, Workers: 4
[525.623s][debug][gc,phases      ] GC(44)     Dead                           Min: 0, Avg:  0.0, Max: 0, Diff: 0, Sum: 0, Workers: 4
[525.623s][debug][gc,phases      ] GC(44)     Total                          Min: 0, Avg:  0.0, Max: 0, Diff: 0, Sum: 0, Workers: 4
[525.623s][debug][gc,phases      ] GC(44)   StringDedup Requests0 Weak     Min:  0.0, Avg:  0.0, Max:  0.0, Diff:  0.0, Sum:  0.0, Workers: 4
[525.623s][debug][gc,phases      ] GC(44)     Dead                           Min: 0, Avg:  0.0, Max: 0, Diff: 0, Sum: 0, Workers: 4
[525.623s][debug][gc,phases      ] GC(44)     Total                          Min: 0, Avg:  0.0, Max: 0, Diff: 0, Sum: 0, Workers: 4
[525.623s][debug][gc,phases      ] GC(44)   StringDedup Requests1 Weak     Min:  0.0, Avg:  0.0, Max:  0.0, Diff:  0.0, Sum:  0.0, Workers: 4
[525.623s][debug][gc,phases      ] GC(44)     Dead                           Min: 0, Avg:  0.0, Max: 0, Diff: 0, Sum: 0, Workers: 4
[525.623s][debug][gc,phases      ] GC(44)     Total                          Min: 0, Avg:  0.0, Max: 0, Diff: 0, Sum: 0, Workers: 4
[525.623s][debug][gc,phases      ] GC(44)   Weak JFR Old Object Samples    Min:  0.0, Avg:  0.0, Max:  0.0, Diff:  0.0, Sum:  0.0, Workers: 4
[525.623s][debug][gc,phases      ] GC(44)     Dead                           Min: 0, Avg:  0.0, Max: 0, Diff: 0, Sum: 0, Workers: 4
[525.623s][debug][gc,phases      ] GC(44)     Total                          Min: 0, Avg:  0.0, Max: 0, Diff: 0, Sum: 0, Workers: 4
[525.623s][debug][gc,phases      ] GC(44) Weak Processing 0.336ms
[525.623s][debug][gc,age         ] GC(44) Desired survivor size 266862592 bytes, new threshold 15 (max threshold 15)
[525.623s][info ][gc,heap        ] GC(44) PSYoungGen: 1545908K(1823232K)->9380K(1810432K) Eden: 1536512K(1536512K)->0K(1536512K) From: 9396K(286720K)->9380K(273920K)
[525.623s][info ][gc,heap        ] GC(44) ParOldGen: 330230K(386560K)->330246K(386560K)
[525.623s][info ][gc,metaspace   ] GC(44) Metaspace: 81125K(82048K)->81125K(82048K) NonClass: 69450K(69952K)->69450K(69952K) Class: 11674K(12096K)->11674K(12096K)
[525.623s][info ][gc             ] GC(44) Pause Young (Allocation Failure) 1832M->331M(2145M) 8.045ms
[525.623s][info ][gc,cpu         ] GC(44) User=0.03s Sys=0.00s Real=0.01s
[525.623s][info ][safepoint      ] Safepoint "ParallelGCFailedAllocation", Time since last: 2742138295 ns, Reaching safepoint: 39901 ns, At safepoint: 8115959 ns, Total: 8155860 ns
[531.623s][info ][safepoint      ] Safepoint "Cleanup", Time since last: 6000440307 ns, Reaching safepoint: 50701 ns, At safepoint: 3100 ns, Total: 53801 ns
[538.624s][info ][safepoint      ] Safepoint "Cleanup", Time since last: 7000448556 ns, Reaching safepoint: 43200 ns, At safepoint: 3100 ns, Total: 46300 ns
[542.624s][info ][safepoint      ] Safepoint "Cleanup", Time since last: 4000300406 ns, Reaching safepoint: 43801 ns, At safepoint: 2800 ns, Total: 46601 ns
[542.815s][info ][gc,start       ] GC(45) Pause Young (Allocation Failure)
[542.822s][debug][gc,phases      ] GC(45) Scavenge 6.283ms
[542.822s][debug][gc,ref         ] GC(45) Skipped phase 1 of Reference Processing: no references
[542.822s][debug][gc,ref         ] GC(45) ReferenceProcessor::execute queues: 1, RefProcThreadModel::Single, marks_oops_alive: false
[542.822s][debug][gc,ref         ] GC(45) Skipped phase 3 of Reference Processing: no references
[542.822s][debug][gc,ref         ] GC(45) ReferenceProcessor::execute queues: 1, RefProcThreadModel::Single, marks_oops_alive: false
[542.822s][debug][gc,phases      ] GC(45) Reference Processing 0.109ms
[542.822s][debug][gc,phases      ] GC(45)   VM Weak                        Min:  0.0, Avg:  0.0, Max:  0.0, Diff:  0.0, Sum:  0.0, Workers: 4
[542.822s][debug][gc,phases      ] GC(45)     Dead                           Min: 0, Avg:  0.0, Max: 0, Diff: 0, Sum: 0, Workers: 4
[542.822s][debug][gc,phases      ] GC(45)     Total                          Min: 0, Avg: 203.0, Max: 428, Diff: 428, Sum: 812, Workers: 4
[542.822s][debug][gc,phases      ] GC(45)   ObjectSynchronizer Weak        Min:  0.0, Avg:  0.0, Max:  0.0, Diff:  0.0, Sum:  0.0, Workers: 4
[542.822s][debug][gc,phases      ] GC(45)     Dead                           Min: 0, Avg:  0.0, Max: 0, Diff: 0, Sum: 0, Workers: 4
[542.822s][debug][gc,phases      ] GC(45)     Total                          Min: 0, Avg:  8.2, Max: 33, Diff: 33, Sum: 33, Workers: 4
[542.822s][debug][gc,phases      ] GC(45)   JVMTI Tag Weak OopStorage      Min:  0.0, Avg:  0.0, Max:  0.0, Diff:  0.0, Sum:  0.0, Workers: 4
[542.822s][debug][gc,phases      ] GC(45)     Dead                           Min: 0, Avg:  0.0, Max: 0, Diff: 0, Sum: 0, Workers: 4
[542.822s][debug][gc,phases      ] GC(45)     Total                          Min: 0, Avg:  0.0, Max: 0, Diff: 0, Sum: 0, Workers: 4
[542.822s][debug][gc,phases      ] GC(45)   StringTable Weak               Min:  0.0, Avg:  0.1, Max:  0.1, Diff:  0.1, Sum:  0.3, Workers: 4
[542.822s][debug][gc,phases      ] GC(45)     Dead                           Min: 0, Avg:  0.0, Max: 0, Diff: 0, Sum: 0, Workers: 4
[542.822s][debug][gc,phases      ] GC(45)     Total                          Min: 0, Avg: 10893.5, Max: 18816, Diff: 18816, Sum: 43574, Workers: 4
[542.822s][debug][gc,phases      ] GC(45)   ResolvedMethodTable Weak       Min:  0.0, Avg:  0.0, Max:  0.0, Diff:  0.0, Sum:  0.1, Workers: 4
[542.822s][debug][gc,phases      ] GC(45)     Dead                           Min: 0, Avg:  0.0, Max: 0, Diff: 0, Sum: 0, Workers: 4
[542.822s][debug][gc,phases      ] GC(45)     Total                          Min: 0, Avg: 2333.5, Max: 3776, Diff: 3776, Sum: 9334, Workers: 4
[542.822s][debug][gc,phases      ] GC(45)   JNI Weak                       Min:  0.0, Avg:  0.0, Max:  0.0, Diff:  0.0, Sum:  0.0, Workers: 4
[542.822s][debug][gc,phases      ] GC(45)     Dead                           Min: 0, Avg:  0.0, Max: 0, Diff: 0, Sum: 0, Workers: 4
[542.822s][debug][gc,phases      ] GC(45)     Total                          Min: 0, Avg: 11.2, Max: 45, Diff: 45, Sum: 45, Workers: 4
[542.822s][debug][gc,phases      ] GC(45)   StringDedup Table Weak         Min:  0.0, Avg:  0.0, Max:  0.0, Diff:  0.0, Sum:  0.0, Workers: 4
[542.822s][debug][gc,phases      ] GC(45)     Dead                           Min: 0, Avg:  0.0, Max: 0, Diff: 0, Sum: 0, Workers: 4
[542.822s][debug][gc,phases      ] GC(45)     Total                          Min: 0, Avg:  0.0, Max: 0, Diff: 0, Sum: 0, Workers: 4
[542.822s][debug][gc,phases      ] GC(45)   StringDedup Requests0 Weak     Min:  0.0, Avg:  0.0, Max:  0.0, Diff:  0.0, Sum:  0.0, Workers: 4
[542.822s][debug][gc,phases      ] GC(45)     Dead                           Min: 0, Avg:  0.0, Max: 0, Diff: 0, Sum: 0, Workers: 4
[542.822s][debug][gc,phases      ] GC(45)     Total                          Min: 0, Avg:  0.0, Max: 0, Diff: 0, Sum: 0, Workers: 4
[542.822s][debug][gc,phases      ] GC(45)   StringDedup Requests1 Weak     Min:  0.0, Avg:  0.0, Max:  0.0, Diff:  0.0, Sum:  0.0, Workers: 4
[542.822s][debug][gc,phases      ] GC(45)     Dead                           Min: 0, Avg:  0.0, Max: 0, Diff: 0, Sum: 0, Workers: 4
[542.822s][debug][gc,phases      ] GC(45)     Total                          Min: 0, Avg:  0.0, Max: 0, Diff: 0, Sum: 0, Workers: 4
[542.822s][debug][gc,phases      ] GC(45)   Weak JFR Old Object Samples    Min:  0.0, Avg:  0.0, Max:  0.0, Diff:  0.0, Sum:  0.0, Workers: 4
[542.822s][debug][gc,phases      ] GC(45)     Dead                           Min: 0, Avg:  0.0, Max: 0, Diff: 0, Sum: 0, Workers: 4
[542.822s][debug][gc,phases      ] GC(45)     Total                          Min: 0, Avg:  0.0, Max: 0, Diff: 0, Sum: 0, Workers: 4
[542.822s][debug][gc,phases      ] GC(45) Weak Processing 0.338ms
[542.822s][debug][gc,age         ] GC(45) Desired survivor size 253755392 bytes, new threshold 15 (max threshold 15)
[542.822s][info ][gc,heap        ] GC(45) PSYoungGen: 1545892K(1810432K)->9300K(1849344K) Eden: 1536512K(1536512K)->0K(1588736K) From: 9380K(273920K)->9300K(260608K)
[542.822s][info ][gc,heap        ] GC(45) ParOldGen: 330246K(386560K)->330350K(386560K)
[542.822s][info ][gc,metaspace   ] GC(45) Metaspace: 81135K(82112K)->81135K(82112K) NonClass: 69459K(70016K)->69459K(70016K) Class: 11675K(12096K)->11675K(12096K)
[542.822s][info ][gc             ] GC(45) Pause Young (Allocation Failure) 1832M->331M(2183M) 6.843ms
[542.822s][info ][gc,cpu         ] GC(45) User=0.03s Sys=0.00s Real=0.01s
[542.822s][info ][safepoint      ] Safepoint "ParallelGCFailedAllocation", Time since last: 190972827 ns, Reaching safepoint: 118801 ns, At safepoint: 6907852 ns, Total: 7026653 ns
[543.822s][info ][safepoint      ] Safepoint "Cleanup", Time since last: 1000064176 ns, Reaching safepoint: 91901 ns, At safepoint: 4800 ns, Total: 96701 ns
[544.822s][info ][safepoint      ] Safepoint "Cleanup", Time since last: 1000104776 ns, Reaching safepoint: 38101 ns, At safepoint: 3200 ns, Total: 41301 ns
[545.823s][info ][safepoint      ] Safepoint "Cleanup", Time since last: 1000110376 ns, Reaching safepoint: 51101 ns, At safepoint: 4500 ns, Total: 55601 ns
[547.823s][info ][safepoint      ] Safepoint "Cleanup", Time since last: 2000160352 ns, Reaching safepoint: 96801 ns, At safepoint: 5300 ns, Total: 102101 ns
[548.823s][info ][safepoint      ] Safepoint "Cleanup", Time since last: 1000099577 ns, Reaching safepoint: 44500 ns, At safepoint: 8000 ns, Total: 52500 ns
[550.823s][info ][safepoint      ] Safepoint "Cleanup", Time since last: 2000132558 ns, Reaching safepoint: 50300 ns, At safepoint: 4400 ns, Total: 54700 ns
[552.823s][info ][safepoint      ] Safepoint "Cleanup", Time since last: 2000127496 ns, Reaching safepoint: 40801 ns, At safepoint: 3300 ns, Total: 44101 ns
[557.824s][info ][safepoint      ] Safepoint "Cleanup", Time since last: 5000348590 ns, Reaching safepoint: 40900 ns, At safepoint: 3500 ns, Total: 44400 ns
[559.665s][info ][gc,start       ] GC(46) Pause Young (Allocation Failure)
[559.675s][debug][gc,phases      ] GC(46) Scavenge 9.126ms
[559.675s][debug][gc,ref         ] GC(46) Skipped phase 1 of Reference Processing: no references
[559.675s][debug][gc,ref         ] GC(46) ReferenceProcessor::execute queues: 1, RefProcThreadModel::Single, marks_oops_alive: false
[559.675s][debug][gc,ref         ] GC(46) Skipped phase 3 of Reference Processing: no references
[559.675s][debug][gc,ref         ] GC(46) ReferenceProcessor::execute queues: 1, RefProcThreadModel::Single, marks_oops_alive: false
[559.675s][debug][gc,phases      ] GC(46) Reference Processing 0.117ms
[559.675s][debug][gc,phases      ] GC(46)   VM Weak                        Min:  0.0, Avg:  0.0, Max:  0.0, Diff:  0.0, Sum:  0.0, Workers: 4
[559.675s][debug][gc,phases      ] GC(46)     Dead                           Min: 0, Avg:  0.0, Max: 0, Diff: 0, Sum: 0, Workers: 4
[559.675s][debug][gc,phases      ] GC(46)     Total                          Min: 0, Avg: 203.0, Max: 428, Diff: 428, Sum: 812, Workers: 4
[559.675s][debug][gc,phases      ] GC(46)   ObjectSynchronizer Weak        Min:  0.0, Avg:  0.0, Max:  0.0, Diff:  0.0, Sum:  0.0, Workers: 4
[559.675s][debug][gc,phases      ] GC(46)     Dead                           Min: 0, Avg:  0.0, Max: 0, Diff: 0, Sum: 0, Workers: 4
[559.675s][debug][gc,phases      ] GC(46)     Total                          Min: 0, Avg:  8.2, Max: 33, Diff: 33, Sum: 33, Workers: 4
[559.675s][debug][gc,phases      ] GC(46)   JVMTI Tag Weak OopStorage      Min:  0.0, Avg:  0.0, Max:  0.0, Diff:  0.0, Sum:  0.0, Workers: 4
[559.675s][debug][gc,phases      ] GC(46)     Dead                           Min: 0, Avg:  0.0, Max: 0, Diff: 0, Sum: 0, Workers: 4
[559.675s][debug][gc,phases      ] GC(46)     Total                          Min: 0, Avg:  0.0, Max: 0, Diff: 0, Sum: 0, Workers: 4
[559.675s][debug][gc,phases      ] GC(46)   StringTable Weak               Min:  0.0, Avg:  0.1, Max:  0.1, Diff:  0.1, Sum:  0.4, Workers: 4
[559.675s][debug][gc,phases      ] GC(46)     Dead                           Min: 0, Avg:  0.0, Max: 0, Diff: 0, Sum: 0, Workers: 4
[559.675s][debug][gc,phases      ] GC(46)     Total                          Min: 0, Avg: 10897.5, Max: 15424, Diff: 15424, Sum: 43590, Workers: 4
[559.675s][debug][gc,phases      ] GC(46)   ResolvedMethodTable Weak       Min:  0.0, Avg:  0.0, Max:  0.0, Diff:  0.0, Sum:  0.1, Workers: 4
[559.675s][debug][gc,phases      ] GC(46)     Dead                           Min: 0, Avg:  0.0, Max: 0, Diff: 0, Sum: 0, Workers: 4
[559.675s][debug][gc,phases      ] GC(46)     Total                          Min: 0, Avg: 2333.5, Max: 4032, Diff: 4032, Sum: 9334, Workers: 4
[559.675s][debug][gc,phases      ] GC(46)   JNI Weak                       Min:  0.0, Avg:  0.0, Max:  0.0, Diff:  0.0, Sum:  0.0, Workers: 4
[559.675s][debug][gc,phases      ] GC(46)     Dead                           Min: 0, Avg:  0.0, Max: 0, Diff: 0, Sum: 0, Workers: 4
[559.675s][debug][gc,phases      ] GC(46)     Total                          Min: 0, Avg: 11.2, Max: 45, Diff: 45, Sum: 45, Workers: 4
[559.675s][debug][gc,phases      ] GC(46)   StringDedup Table Weak         Min:  0.0, Avg:  0.0, Max:  0.0, Diff:  0.0, Sum:  0.0, Workers: 4
[559.675s][debug][gc,phases      ] GC(46)     Dead                           Min: 0, Avg:  0.0, Max: 0, Diff: 0, Sum: 0, Workers: 4
[559.675s][debug][gc,phases      ] GC(46)     Total                          Min: 0, Avg:  0.0, Max: 0, Diff: 0, Sum: 0, Workers: 4
[559.675s][debug][gc,phases      ] GC(46)   StringDedup Requests0 Weak     Min:  0.0, Avg:  0.0, Max:  0.0, Diff:  0.0, Sum:  0.0, Workers: 4
[559.675s][debug][gc,phases      ] GC(46)     Dead                           Min: 0, Avg:  0.0, Max: 0, Diff: 0, Sum: 0, Workers: 4
[559.675s][debug][gc,phases      ] GC(46)     Total                          Min: 0, Avg:  0.0, Max: 0, Diff: 0, Sum: 0, Workers: 4
[559.675s][debug][gc,phases      ] GC(46)   StringDedup Requests1 Weak     Min:  0.0, Avg:  0.0, Max:  0.0, Diff:  0.0, Sum:  0.0, Workers: 4
[559.675s][debug][gc,phases      ] GC(46)     Dead                           Min: 0, Avg:  0.0, Max: 0, Diff: 0, Sum: 0, Workers: 4
[559.675s][debug][gc,phases      ] GC(46)     Total                          Min: 0, Avg:  0.0, Max: 0, Diff: 0, Sum: 0, Workers: 4
[559.675s][debug][gc,phases      ] GC(46)   Weak JFR Old Object Samples    Min:  0.0, Avg:  0.0, Max:  0.0, Diff:  0.0, Sum:  0.0, Workers: 4
[559.675s][debug][gc,phases      ] GC(46)     Dead                           Min: 0, Avg:  0.0, Max: 0, Diff: 0, Sum: 0, Workers: 4
[559.675s][debug][gc,phases      ] GC(46)     Total                          Min: 0, Avg:  0.0, Max: 0, Diff: 0, Sum: 0, Workers: 4
[559.675s][debug][gc,phases      ] GC(46) Weak Processing 0.402ms
[559.675s][debug][gc,age         ] GC(46) Desired survivor size 241172480 bytes, new threshold 15 (max threshold 15)
[559.675s][info ][gc,heap        ] GC(46) PSYoungGen: 1598036K(1849344K)->4890K(1836544K) Eden: 1588736K(1588736K)->0K(1588736K) From: 9300K(260608K)->4890K(247808K)
[559.675s][info ][gc,heap        ] GC(46) ParOldGen: 330350K(386560K)->336902K(386560K)
[559.675s][info ][gc,metaspace   ] GC(46) Metaspace: 81156K(82112K)->81156K(82112K) NonClass: 69480K(70016K)->69480K(70016K) Class: 11675K(12096K)->11675K(12096K)
[559.675s][info ][gc             ] GC(46) Pause Young (Allocation Failure) 1883M->333M(2171M) 9.790ms
[559.675s][info ][gc,cpu         ] GC(46) User=0.02s Sys=0.02s Real=0.01s
[559.675s][info ][safepoint      ] Safepoint "ParallelGCFailedAllocation", Time since last: 1841616015 ns, Reaching safepoint: 67201 ns, At safepoint: 9902174 ns, Total: 9969375 ns
[560.675s][info ][safepoint      ] Safepoint "Cleanup", Time since last: 1000088405 ns, Reaching safepoint: 44900 ns, At safepoint: 2800 ns, Total: 47700 ns
[561.676s][info ][safepoint      ] Safepoint "Cleanup", Time since last: 1000135206 ns, Reaching safepoint: 46400 ns, At safepoint: 17300 ns, Total: 63700 ns
[562.676s][info ][safepoint      ] Safepoint "Cleanup", Time since last: 1000120906 ns, Reaching safepoint: 33400 ns, At safepoint: 2200 ns, Total: 35600 ns
[565.466s][info ][safepoint      ] Safepoint "Cleanup", Time since last: 2789827236 ns, Reaching safepoint: 82301 ns, At safepoint: 2400 ns, Total: 84701 ns
[567.466s][info ][safepoint      ] Safepoint "Cleanup", Time since last: 2000169383 ns, Reaching safepoint: 102801 ns, At safepoint: 4900 ns, Total: 107701 ns
[569.466s][info ][safepoint      ] Safepoint "Cleanup", Time since last: 2000153150 ns, Reaching safepoint: 97500 ns, At safepoint: 7800 ns, Total: 105300 ns
[573.467s][info ][safepoint      ] Safepoint "Cleanup", Time since last: 4000333900 ns, Reaching safepoint: 126900 ns, At safepoint: 4801 ns, Total: 131701 ns
[574.467s][info ][safepoint      ] Safepoint "Cleanup", Time since last: 1000143575 ns, Reaching safepoint: 130701 ns, At safepoint: 5400 ns, Total: 136101 ns
[575.467s][info ][safepoint      ] Safepoint "Cleanup", Time since last: 1000071533 ns, Reaching safepoint: 105201 ns, At safepoint: 6200 ns, Total: 111401 ns
[577.279s][info ][gc,start       ] GC(47) Pause Young (Allocation Failure)
[577.285s][debug][gc,phases      ] GC(47) Scavenge 6.609ms
[577.285s][debug][gc,ref         ] GC(47) Skipped phase 1 of Reference Processing: no references
[577.285s][debug][gc,ref         ] GC(47) ReferenceProcessor::execute queues: 1, RefProcThreadModel::Single, marks_oops_alive: false
[577.285s][debug][gc,ref         ] GC(47) Skipped phase 3 of Reference Processing: no references
[577.285s][debug][gc,ref         ] GC(47) ReferenceProcessor::execute queues: 1, RefProcThreadModel::Single, marks_oops_alive: false
[577.285s][debug][gc,phases      ] GC(47) Reference Processing 0.094ms
[577.286s][debug][gc,phases      ] GC(47)   VM Weak                        Min:  0.0, Avg:  0.0, Max:  0.0, Diff:  0.0, Sum:  0.0, Workers: 4
[577.286s][debug][gc,phases      ] GC(47)     Dead                           Min: 0, Avg:  0.0, Max: 0, Diff: 0, Sum: 0, Workers: 4
[577.286s][debug][gc,phases      ] GC(47)     Total                          Min: 0, Avg: 203.0, Max: 620, Diff: 620, Sum: 812, Workers: 4
[577.286s][debug][gc,phases      ] GC(47)   ObjectSynchronizer Weak        Min:  0.0, Avg:  0.0, Max:  0.0, Diff:  0.0, Sum:  0.0, Workers: 4
[577.286s][debug][gc,phases      ] GC(47)     Dead                           Min: 0, Avg:  0.0, Max: 0, Diff: 0, Sum: 0, Workers: 4
[577.286s][debug][gc,phases      ] GC(47)     Total                          Min: 0, Avg:  8.2, Max: 33, Diff: 33, Sum: 33, Workers: 4
[577.286s][debug][gc,phases      ] GC(47)   JVMTI Tag Weak OopStorage      Min:  0.0, Avg:  0.0, Max:  0.0, Diff:  0.0, Sum:  0.0, Workers: 4
[577.286s][debug][gc,phases      ] GC(47)     Dead                           Min: 0, Avg:  0.0, Max: 0, Diff: 0, Sum: 0, Workers: 4
[577.286s][debug][gc,phases      ] GC(47)     Total                          Min: 0, Avg:  0.0, Max: 0, Diff: 0, Sum: 0, Workers: 4
[577.286s][debug][gc,phases      ] GC(47)   StringTable Weak               Min:  0.0, Avg:  0.1, Max:  0.2, Diff:  0.2, Sum:  0.3, Workers: 4
[577.286s][debug][gc,phases      ] GC(47)     Dead                           Min: 0, Avg:  0.0, Max: 0, Diff: 0, Sum: 0, Workers: 4
[577.286s][debug][gc,phases      ] GC(47)     Total                          Min: 0, Avg: 10898.0, Max: 26760, Diff: 26760, Sum: 43592, Workers: 4
[577.286s][debug][gc,phases      ] GC(47)   ResolvedMethodTable Weak       Min:  0.0, Avg:  0.0, Max:  0.0, Diff:  0.0, Sum:  0.1, Workers: 4
[577.286s][debug][gc,phases      ] GC(47)     Dead                           Min: 0, Avg:  0.0, Max: 0, Diff: 0, Sum: 0, Workers: 4
[577.286s][debug][gc,phases      ] GC(47)     Total                          Min: 0, Avg: 2333.5, Max: 5686, Diff: 5686, Sum: 9334, Workers: 4
[577.286s][debug][gc,phases      ] GC(47)   JNI Weak                       Min:  0.0, Avg:  0.0, Max:  0.0, Diff:  0.0, Sum:  0.0, Workers: 4
[577.286s][debug][gc,phases      ] GC(47)     Dead                           Min: 0, Avg:  0.0, Max: 0, Diff: 0, Sum: 0, Workers: 4
[577.286s][debug][gc,phases      ] GC(47)     Total                          Min: 0, Avg: 11.5, Max: 46, Diff: 46, Sum: 46, Workers: 4
[577.286s][debug][gc,phases      ] GC(47)   StringDedup Table Weak         Min:  0.0, Avg:  0.0, Max:  0.0, Diff:  0.0, Sum:  0.0, Workers: 4
[577.286s][debug][gc,phases      ] GC(47)     Dead                           Min: 0, Avg:  0.0, Max: 0, Diff: 0, Sum: 0, Workers: 4
[577.286s][debug][gc,phases      ] GC(47)     Total                          Min: 0, Avg:  0.0, Max: 0, Diff: 0, Sum: 0, Workers: 4
[577.286s][debug][gc,phases      ] GC(47)   StringDedup Requests0 Weak     Min:  0.0, Avg:  0.0, Max:  0.0, Diff:  0.0, Sum:  0.0, Workers: 4
[577.286s][debug][gc,phases      ] GC(47)     Dead                           Min: 0, Avg:  0.0, Max: 0, Diff: 0, Sum: 0, Workers: 4
[577.286s][debug][gc,phases      ] GC(47)     Total                          Min: 0, Avg:  0.0, Max: 0, Diff: 0, Sum: 0, Workers: 4
[577.286s][debug][gc,phases      ] GC(47)   StringDedup Requests1 Weak     Min:  0.0, Avg:  0.0, Max:  0.0, Diff:  0.0, Sum:  0.0, Workers: 4
[577.286s][debug][gc,phases      ] GC(47)     Dead                           Min: 0, Avg:  0.0, Max: 0, Diff: 0, Sum: 0, Workers: 4
[577.286s][debug][gc,phases      ] GC(47)     Total                          Min: 0, Avg:  0.0, Max: 0, Diff: 0, Sum: 0, Workers: 4
[577.286s][debug][gc,phases      ] GC(47)   Weak JFR Old Object Samples    Min:  0.0, Avg:  0.0, Max:  0.0, Diff:  0.0, Sum:  0.0, Workers: 4
[577.286s][debug][gc,phases      ] GC(47)     Dead                           Min: 0, Avg:  0.0, Max: 0, Diff: 0, Sum: 0, Workers: 4
[577.286s][debug][gc,phases      ] GC(47)     Total                          Min: 0, Avg:  0.0, Max: 0, Diff: 0, Sum: 0, Workers: 4
[577.286s][debug][gc,phases      ] GC(47) Weak Processing 0.363ms
[577.286s][debug][gc,age         ] GC(47) Desired survivor size 228589568 bytes, new threshold 15 (max threshold 15)
[577.286s][info ][gc,heap        ] GC(47) PSYoungGen: 1593626K(1836544K)->4938K(1873920K) Eden: 1588736K(1588736K)->0K(1638400K) From: 4890K(247808K)->4938K(235520K)
[577.286s][info ][gc,heap        ] GC(47) ParOldGen: 336902K(386560K)->336918K(386560K)
[577.286s][info ][gc,metaspace   ] GC(47) Metaspace: 81176K(82112K)->81176K(82112K) NonClass: 69501K(70016K)->69501K(70016K) Class: 11675K(12096K)->11675K(12096K)
[577.286s][info ][gc             ] GC(47) Pause Young (Allocation Failure) 1885M->333M(2207M) 7.171ms
[577.286s][info ][gc,cpu         ] GC(47) User=0.01s Sys=0.00s Real=0.01s
[577.286s][info ][safepoint      ] Safepoint "ParallelGCFailedAllocation", Time since last: 1811250801 ns, Reaching safepoint: 105301 ns, At safepoint: 7241459 ns, Total: 7346760 ns
[589.287s][info ][safepoint      ] Safepoint "Cleanup", Time since last: 12000870575 ns, Reaching safepoint: 48600 ns, At safepoint: 26101 ns, Total: 74701 ns
[591.287s][info ][safepoint      ] Safepoint "Cleanup", Time since last: 2000191144 ns, Reaching safepoint: 37301 ns, At safepoint: 2800 ns, Total: 40101 ns
[595.219s][info ][gc,start       ] GC(48) Pause Young (Allocation Failure)
[595.222s][debug][gc,phases      ] GC(48) Scavenge 3.595ms
[595.222s][debug][gc,ref         ] GC(48) Skipped phase 1 of Reference Processing: no references
[595.222s][debug][gc,ref         ] GC(48) ReferenceProcessor::execute queues: 1, RefProcThreadModel::Single, marks_oops_alive: false
[595.222s][debug][gc,ref         ] GC(48) Skipped phase 3 of Reference Processing: no references
[595.222s][debug][gc,ref         ] GC(48) Skipped phase 4 of Reference Processing: no references
[595.222s][debug][gc,phases      ] GC(48) Reference Processing 0.121ms
[595.223s][debug][gc,phases      ] GC(48)   VM Weak                        Min:  0.0, Avg:  0.0, Max:  0.0, Diff:  0.0, Sum:  0.0, Workers: 4
[595.223s][debug][gc,phases      ] GC(48)     Dead                           Min: 0, Avg:  0.0, Max: 0, Diff: 0, Sum: 0, Workers: 4
[595.223s][debug][gc,phases      ] GC(48)     Total                          Min: 0, Avg: 203.0, Max: 492, Diff: 492, Sum: 812, Workers: 4
[595.223s][debug][gc,phases      ] GC(48)   ObjectSynchronizer Weak        Min:  0.0, Avg:  0.0, Max:  0.0, Diff:  0.0, Sum:  0.0, Workers: 4
[595.223s][debug][gc,phases      ] GC(48)     Dead                           Min: 0, Avg:  0.0, Max: 0, Diff: 0, Sum: 0, Workers: 4
[595.223s][debug][gc,phases      ] GC(48)     Total                          Min: 0, Avg:  8.2, Max: 33, Diff: 33, Sum: 33, Workers: 4
[595.223s][debug][gc,phases      ] GC(48)   JVMTI Tag Weak OopStorage      Min:  0.0, Avg:  0.0, Max:  0.0, Diff:  0.0, Sum:  0.0, Workers: 4
[595.223s][debug][gc,phases      ] GC(48)     Dead                           Min: 0, Avg:  0.0, Max: 0, Diff: 0, Sum: 0, Workers: 4
[595.223s][debug][gc,phases      ] GC(48)     Total                          Min: 0, Avg:  0.0, Max: 0, Diff: 0, Sum: 0, Workers: 4
[595.223s][debug][gc,phases      ] GC(48)   StringTable Weak               Min:  0.0, Avg:  0.1, Max:  0.1, Diff:  0.1, Sum:  0.3, Workers: 4
[595.223s][debug][gc,phases      ] GC(48)     Dead                           Min: 0, Avg:  0.0, Max: 0, Diff: 0, Sum: 0, Workers: 4
[595.223s][debug][gc,phases      ] GC(48)     Total                          Min: 0, Avg: 10898.0, Max: 17472, Diff: 17472, Sum: 43592, Workers: 4
[595.223s][debug][gc,phases      ] GC(48)   ResolvedMethodTable Weak       Min:  0.0, Avg:  0.0, Max:  0.0, Diff:  0.0, Sum:  0.1, Workers: 4
[595.223s][debug][gc,phases      ] GC(48)     Dead                           Min: 0, Avg:  0.0, Max: 0, Diff: 0, Sum: 0, Workers: 4
[595.223s][debug][gc,phases      ] GC(48)     Total                          Min: 0, Avg: 2333.5, Max: 4032, Diff: 4032, Sum: 9334, Workers: 4
[595.223s][debug][gc,phases      ] GC(48)   JNI Weak                       Min:  0.0, Avg:  0.0, Max:  0.0, Diff:  0.0, Sum:  0.0, Workers: 4
[595.223s][debug][gc,phases      ] GC(48)     Dead                           Min: 0, Avg:  0.0, Max: 0, Diff: 0, Sum: 0, Workers: 4
[595.223s][debug][gc,phases      ] GC(48)     Total                          Min: 0, Avg: 11.2, Max: 45, Diff: 45, Sum: 45, Workers: 4
[595.223s][debug][gc,phases      ] GC(48)   StringDedup Table Weak         Min:  0.0, Avg:  0.0, Max:  0.0, Diff:  0.0, Sum:  0.0, Workers: 4
[595.223s][debug][gc,phases      ] GC(48)     Dead                           Min: 0, Avg:  0.0, Max: 0, Diff: 0, Sum: 0, Workers: 4
[595.223s][debug][gc,phases      ] GC(48)     Total                          Min: 0, Avg:  0.0, Max: 0, Diff: 0, Sum: 0, Workers: 4
[595.223s][debug][gc,phases      ] GC(48)   StringDedup Requests0 Weak     Min:  0.0, Avg:  0.0, Max:  0.0, Diff:  0.0, Sum:  0.0, Workers: 4
[595.223s][debug][gc,phases      ] GC(48)     Dead                           Min: 0, Avg:  0.0, Max: 0, Diff: 0, Sum: 0, Workers: 4
[595.223s][debug][gc,phases      ] GC(48)     Total                          Min: 0, Avg:  0.0, Max: 0, Diff: 0, Sum: 0, Workers: 4
[595.223s][debug][gc,phases      ] GC(48)   StringDedup Requests1 Weak     Min:  0.0, Avg:  0.0, Max:  0.0, Diff:  0.0, Sum:  0.0, Workers: 4
[595.223s][debug][gc,phases      ] GC(48)     Dead                           Min: 0, Avg:  0.0, Max: 0, Diff: 0, Sum: 0, Workers: 4
[595.223s][debug][gc,phases      ] GC(48)     Total                          Min: 0, Avg:  0.0, Max: 0, Diff: 0, Sum: 0, Workers: 4
[595.223s][debug][gc,phases      ] GC(48)   Weak JFR Old Object Samples    Min:  0.0, Avg:  0.0, Max:  0.0, Diff:  0.0, Sum:  0.0, Workers: 4
[595.223s][debug][gc,phases      ] GC(48)     Dead                           Min: 0, Avg:  0.0, Max: 0, Diff: 0, Sum: 0, Workers: 4
[595.223s][debug][gc,phases      ] GC(48)     Total                          Min: 0, Avg:  0.0, Max: 0, Diff: 0, Sum: 0, Workers: 4
[595.223s][debug][gc,phases      ] GC(48) Weak Processing 0.318ms
[595.223s][debug][gc,age         ] GC(48) Desired survivor size 216530944 bytes, new threshold 15 (max threshold 15)
[595.223s][info ][gc,heap        ] GC(48) PSYoungGen: 1643338K(1873920K)->4874K(1861632K) Eden: 1638400K(1638400K)->0K(1638400K) From: 4938K(235520K)->4874K(223232K)
[595.223s][info ][gc,heap        ] GC(48) ParOldGen: 336918K(386560K)->336942K(386560K)
[595.223s][info ][gc,metaspace   ] GC(48) Metaspace: 81191K(82112K)->81191K(82112K) NonClass: 69515K(70016K)->69515K(70016K) Class: 11675K(12096K)->11675K(12096K)
[595.223s][info ][gc             ] GC(48) Pause Young (Allocation Failure) 1933M->333M(2195M) 4.134ms
[595.223s][info ][gc,cpu         ] GC(48) User=0.01s Sys=0.00s Real=0.01s
[595.223s][info ][safepoint      ] Safepoint "ParallelGCFailedAllocation", Time since last: 3931635555 ns, Reaching safepoint: 23900 ns, At safepoint: 4202832 ns, Total: 4226732 ns
[600.223s][info ][safepoint      ] Safepoint "Cleanup", Time since last: 5000289177 ns, Reaching safepoint: 29200 ns, At safepoint: 2701 ns, Total: 31901 ns
[602.223s][info ][safepoint      ] Safepoint "Cleanup", Time since last: 2000174184 ns, Reaching safepoint: 33001 ns, At safepoint: 4100 ns, Total: 37101 ns
[603.224s][info ][safepoint      ] Safepoint "Cleanup", Time since last: 1000133392 ns, Reaching safepoint: 39001 ns, At safepoint: 2900 ns, Total: 41901 ns
[604.224s][info ][safepoint      ] Safepoint "Cleanup", Time since last: 1000102392 ns, Reaching safepoint: 40301 ns, At safepoint: 4900 ns, Total: 45201 ns
[605.224s][info ][safepoint      ] Safepoint "Cleanup", Time since last: 1000100414 ns, Reaching safepoint: 37300 ns, At safepoint: 2300 ns, Total: 39600 ns
[606.224s][info ][safepoint      ] Safepoint "Cleanup", Time since last: 1000105792 ns, Reaching safepoint: 49301 ns, At safepoint: 6200 ns, Total: 55501 ns
[612.224s][info ][safepoint      ] Safepoint "Cleanup", Time since last: 6000389024 ns, Reaching safepoint: 77101 ns, At safepoint: 5500 ns, Total: 82601 ns
[613.225s][info ][safepoint      ] Safepoint "Cleanup", Time since last: 1000114334 ns, Reaching safepoint: 41800 ns, At safepoint: 3800 ns, Total: 45600 ns
[613.264s][info ][gc,start       ] GC(49) Pause Young (Allocation Failure)
[613.268s][debug][gc,phases      ] GC(49) Scavenge 3.440ms
[613.268s][debug][gc,ref         ] GC(49) Skipped phase 1 of Reference Processing: no references
[613.268s][debug][gc,ref         ] GC(49) ReferenceProcessor::execute queues: 1, RefProcThreadModel::Single, marks_oops_alive: false
[613.268s][debug][gc,ref         ] GC(49) Skipped phase 3 of Reference Processing: no references
[613.268s][debug][gc,ref         ] GC(49) Skipped phase 4 of Reference Processing: no references
[613.268s][debug][gc,phases      ] GC(49) Reference Processing 0.122ms
[613.268s][debug][gc,phases      ] GC(49)   VM Weak                        Min:  0.0, Avg:  0.0, Max:  0.0, Diff:  0.0, Sum:  0.0, Workers: 4
[613.268s][debug][gc,phases      ] GC(49)     Dead                           Min: 0, Avg:  0.0, Max: 0, Diff: 0, Sum: 0, Workers: 4
[613.268s][debug][gc,phases      ] GC(49)     Total                          Min: 0, Avg: 203.0, Max: 812, Diff: 812, Sum: 812, Workers: 4
[613.268s][debug][gc,phases      ] GC(49)   ObjectSynchronizer Weak        Min:  0.0, Avg:  0.0, Max:  0.0, Diff:  0.0, Sum:  0.0, Workers: 4
[613.268s][debug][gc,phases      ] GC(49)     Dead                           Min: 0, Avg:  0.0, Max: 0, Diff: 0, Sum: 0, Workers: 4
[613.268s][debug][gc,phases      ] GC(49)     Total                          Min: 0, Avg:  8.2, Max: 33, Diff: 33, Sum: 33, Workers: 4
[613.268s][debug][gc,phases      ] GC(49)   JVMTI Tag Weak OopStorage      Min:  0.0, Avg:  0.0, Max:  0.0, Diff:  0.0, Sum:  0.0, Workers: 4
[613.268s][debug][gc,phases      ] GC(49)     Dead                           Min: 0, Avg:  0.0, Max: 0, Diff: 0, Sum: 0, Workers: 4
[613.268s][debug][gc,phases      ] GC(49)     Total                          Min: 0, Avg:  0.0, Max: 0, Diff: 0, Sum: 0, Workers: 4
[613.268s][debug][gc,phases      ] GC(49)   StringTable Weak               Min:  0.0, Avg:  0.1, Max:  0.1, Diff:  0.1, Sum:  0.3, Workers: 4
[613.268s][debug][gc,phases      ] GC(49)     Dead                           Min: 0, Avg:  0.0, Max: 0, Diff: 0, Sum: 0, Workers: 4
[613.268s][debug][gc,phases      ] GC(49)     Total                          Min: 0, Avg: 10898.0, Max: 18048, Diff: 18048, Sum: 43592, Workers: 4
[613.268s][debug][gc,phases      ] GC(49)   ResolvedMethodTable Weak       Min:  0.0, Avg:  0.0, Max:  0.0, Diff:  0.0, Sum:  0.1, Workers: 4
[613.268s][debug][gc,phases      ] GC(49)     Dead                           Min: 0, Avg:  0.0, Max: 0, Diff: 0, Sum: 0, Workers: 4
[613.268s][debug][gc,phases      ] GC(49)     Total                          Min: 0, Avg: 2333.5, Max: 4224, Diff: 4224, Sum: 9334, Workers: 4
[613.268s][debug][gc,phases      ] GC(49)   JNI Weak                       Min:  0.0, Avg:  0.0, Max:  0.0, Diff:  0.0, Sum:  0.0, Workers: 4
[613.268s][debug][gc,phases      ] GC(49)     Dead                           Min: 0, Avg:  0.0, Max: 0, Diff: 0, Sum: 0, Workers: 4
[613.268s][debug][gc,phases      ] GC(49)     Total                          Min: 0, Avg: 11.2, Max: 45, Diff: 45, Sum: 45, Workers: 4
[613.268s][debug][gc,phases      ] GC(49)   StringDedup Table Weak         Min:  0.0, Avg:  0.0, Max:  0.0, Diff:  0.0, Sum:  0.0, Workers: 4
[613.268s][debug][gc,phases      ] GC(49)     Dead                           Min: 0, Avg:  0.0, Max: 0, Diff: 0, Sum: 0, Workers: 4
[613.268s][debug][gc,phases      ] GC(49)     Total                          Min: 0, Avg:  0.0, Max: 0, Diff: 0, Sum: 0, Workers: 4
[613.268s][debug][gc,phases      ] GC(49)   StringDedup Requests0 Weak     Min:  0.0, Avg:  0.0, Max:  0.0, Diff:  0.0, Sum:  0.0, Workers: 4
[613.268s][debug][gc,phases      ] GC(49)     Dead                           Min: 0, Avg:  0.0, Max: 0, Diff: 0, Sum: 0, Workers: 4
[613.268s][debug][gc,phases      ] GC(49)     Total                          Min: 0, Avg:  0.0, Max: 0, Diff: 0, Sum: 0, Workers: 4
[613.268s][debug][gc,phases      ] GC(49)   StringDedup Requests1 Weak     Min:  0.0, Avg:  0.0, Max:  0.0, Diff:  0.0, Sum:  0.0, Workers: 4
[613.268s][debug][gc,phases      ] GC(49)     Dead                           Min: 0, Avg:  0.0, Max: 0, Diff: 0, Sum: 0, Workers: 4
[613.268s][debug][gc,phases      ] GC(49)     Total                          Min: 0, Avg:  0.0, Max: 0, Diff: 0, Sum: 0, Workers: 4
[613.268s][debug][gc,phases      ] GC(49)   Weak JFR Old Object Samples    Min:  0.0, Avg:  0.0, Max:  0.0, Diff:  0.0, Sum:  0.0, Workers: 4
[613.268s][debug][gc,phases      ] GC(49)     Dead                           Min: 0, Avg:  0.0, Max: 0, Diff: 0, Sum: 0, Workers: 4
[613.268s][debug][gc,phases      ] GC(49)     Total                          Min: 0, Avg:  0.0, Max: 0, Diff: 0, Sum: 0, Workers: 4
[613.268s][debug][gc,phases      ] GC(49) Weak Processing 0.309ms
[613.268s][debug][gc,age         ] GC(49) Desired survivor size 203948032 bytes, new threshold 15 (max threshold 15)
[613.268s][info ][gc,heap        ] GC(49) PSYoungGen: 1643274K(1861632K)->4906K(1897984K) Eden: 1638400K(1638400K)->0K(1686528K) From: 4874K(223232K)->4906K(211456K)
[613.268s][info ][gc,heap        ] GC(49) ParOldGen: 336942K(386560K)->336974K(386560K)
[613.268s][info ][gc,metaspace   ] GC(49) Metaspace: 81227K(82176K)->81227K(82176K) NonClass: 69549K(70080K)->69549K(70080K) Class: 11678K(12096K)->11678K(12096K)
[613.268s][info ][gc             ] GC(49) Pause Young (Allocation Failure) 1933M->333M(2231M) 3.987ms
[613.268s][info ][gc,cpu         ] GC(49) User=0.02s Sys=0.00s Real=0.00s
[613.268s][info ][safepoint      ] Safepoint "ParallelGCFailedAllocation", Time since last: 39389497 ns, Reaching safepoint: 38000 ns, At safepoint: 4049331 ns, Total: 4087331 ns
[614.268s][info ][safepoint      ] Safepoint "Cleanup", Time since last: 1000066733 ns, Reaching safepoint: 56101 ns, At safepoint: 2300 ns, Total: 58401 ns
[615.268s][info ][safepoint      ] Safepoint "Cleanup", Time since last: 1000103530 ns, Reaching safepoint: 58501 ns, At safepoint: 2200 ns, Total: 60701 ns
[616.269s][info ][safepoint      ] Safepoint "Cleanup", Time since last: 1000096129 ns, Reaching safepoint: 46400 ns, At safepoint: 10600 ns, Total: 57000 ns
[617.269s][info ][safepoint      ] Safepoint "Cleanup", Time since last: 1000110830 ns, Reaching safepoint: 48400 ns, At safepoint: 3400 ns, Total: 51800 ns
[618.269s][info ][safepoint      ] Safepoint "Cleanup", Time since last: 1000102829 ns, Reaching safepoint: 55801 ns, At safepoint: 7700 ns, Total: 63501 ns
[619.269s][info ][safepoint      ] Safepoint "Cleanup", Time since last: 1000111729 ns, Reaching safepoint: 41600 ns, At safepoint: 3000 ns, Total: 44600 ns
[620.269s][info ][safepoint      ] Safepoint "Cleanup", Time since last: 1000105430 ns, Reaching safepoint: 88700 ns, At safepoint: 10500 ns, Total: 99200 ns
[621.269s][info ][safepoint      ] Safepoint "Cleanup", Time since last: 1000112230 ns, Reaching safepoint: 49300 ns, At safepoint: 2800 ns, Total: 52100 ns
[622.270s][info ][safepoint      ] Safepoint "Cleanup", Time since last: 1000108729 ns, Reaching safepoint: 44501 ns, At safepoint: 2800 ns, Total: 47301 ns
[623.270s][info ][safepoint      ] Safepoint "Cleanup", Time since last: 1000117250 ns, Reaching safepoint: 47000 ns, At safepoint: 10300 ns, Total: 57300 ns
[630.270s][info ][safepoint      ] Safepoint "Cleanup", Time since last: 7000474024 ns, Reaching safepoint: 45401 ns, At safepoint: 2700 ns, Total: 48101 ns
[632.270s][info ][safepoint      ] Safepoint "Cleanup", Time since last: 2000179748 ns, Reaching safepoint: 41500 ns, At safepoint: 2000 ns, Total: 43500 ns
[635.271s][info ][safepoint      ] Safepoint "Cleanup", Time since last: 3000184602 ns, Reaching safepoint: 98301 ns, At safepoint: 4900 ns, Total: 103201 ns
[636.271s][info ][safepoint      ] Safepoint "Cleanup", Time since last: 1000113567 ns, Reaching safepoint: 45201 ns, At safepoint: 2500 ns, Total: 47701 ns
[637.271s][info ][safepoint      ] Safepoint "Cleanup", Time since last: 1000107267 ns, Reaching safepoint: 38600 ns, At safepoint: 2800 ns, Total: 41400 ns
[638.928s][info ][gc,start       ] GC(50) Pause Young (Allocation Failure)
[638.938s][debug][gc,phases      ] GC(50) Scavenge 9.657ms
[638.938s][debug][gc,ref         ] GC(50) Skipped phase 1 of Reference Processing: no references
[638.938s][debug][gc,ref         ] GC(50) ReferenceProcessor::execute queues: 1, RefProcThreadModel::Single, marks_oops_alive: false
[638.938s][debug][gc,ref         ] GC(50) Skipped phase 3 of Reference Processing: no references
[638.938s][debug][gc,ref         ] GC(50) ReferenceProcessor::execute queues: 1, RefProcThreadModel::Single, marks_oops_alive: false
[638.938s][debug][gc,phases      ] GC(50) Reference Processing 0.097ms
[638.938s][debug][gc,phases      ] GC(50)   VM Weak                        Min:  0.0, Avg:  0.0, Max:  0.0, Diff:  0.0, Sum:  0.0, Workers: 4
[638.938s][debug][gc,phases      ] GC(50)     Dead                           Min: 0, Avg:  0.0, Max: 0, Diff: 0, Sum: 0, Workers: 4
[638.938s][debug][gc,phases      ] GC(50)     Total                          Min: 0, Avg: 205.0, Max: 436, Diff: 436, Sum: 820, Workers: 4
[638.938s][debug][gc,phases      ] GC(50)   ObjectSynchronizer Weak        Min:  0.0, Avg:  0.0, Max:  0.0, Diff:  0.0, Sum:  0.0, Workers: 4
[638.938s][debug][gc,phases      ] GC(50)     Dead                           Min: 0, Avg:  0.0, Max: 0, Diff: 0, Sum: 0, Workers: 4
[638.938s][debug][gc,phases      ] GC(50)     Total                          Min: 0, Avg:  8.2, Max: 33, Diff: 33, Sum: 33, Workers: 4
[638.938s][debug][gc,phases      ] GC(50)   JVMTI Tag Weak OopStorage      Min:  0.0, Avg:  0.0, Max:  0.0, Diff:  0.0, Sum:  0.0, Workers: 4
[638.938s][debug][gc,phases      ] GC(50)     Dead                           Min: 0, Avg:  0.0, Max: 0, Diff: 0, Sum: 0, Workers: 4
[638.938s][debug][gc,phases      ] GC(50)     Total                          Min: 0, Avg:  0.0, Max: 0, Diff: 0, Sum: 0, Workers: 4
[638.938s][debug][gc,phases      ] GC(50)   StringTable Weak               Min:  0.0, Avg:  0.1, Max:  0.2, Diff:  0.2, Sum:  0.3, Workers: 4
[638.938s][debug][gc,phases      ] GC(50)     Dead                           Min: 0, Avg:  0.0, Max: 0, Diff: 0, Sum: 0, Workers: 4
[638.938s][debug][gc,phases      ] GC(50)     Total                          Min: 0, Avg: 10900.0, Max: 26112, Diff: 26112, Sum: 43600, Workers: 4
[638.938s][debug][gc,phases      ] GC(50)   ResolvedMethodTable Weak       Min:  0.0, Avg:  0.0, Max:  0.0, Diff:  0.0, Sum:  0.1, Workers: 4
[638.938s][debug][gc,phases      ] GC(50)     Dead                           Min: 0, Avg:  0.0, Max: 0, Diff: 0, Sum: 0, Workers: 4
[638.938s][debug][gc,phases      ] GC(50)     Total                          Min: 0, Avg: 2340.5, Max: 5394, Diff: 5394, Sum: 9362, Workers: 4
[638.938s][debug][gc,phases      ] GC(50)   JNI Weak                       Min:  0.0, Avg:  0.0, Max:  0.0, Diff:  0.0, Sum:  0.0, Workers: 4
[638.938s][debug][gc,phases      ] GC(50)     Dead                           Min: 0, Avg:  0.0, Max: 0, Diff: 0, Sum: 0, Workers: 4
[638.938s][debug][gc,phases      ] GC(50)     Total                          Min: 0, Avg: 11.2, Max: 45, Diff: 45, Sum: 45, Workers: 4
[638.938s][debug][gc,phases      ] GC(50)   StringDedup Table Weak         Min:  0.0, Avg:  0.0, Max:  0.0, Diff:  0.0, Sum:  0.0, Workers: 4
[638.938s][debug][gc,phases      ] GC(50)     Dead                           Min: 0, Avg:  0.0, Max: 0, Diff: 0, Sum: 0, Workers: 4
[638.938s][debug][gc,phases      ] GC(50)     Total                          Min: 0, Avg:  0.0, Max: 0, Diff: 0, Sum: 0, Workers: 4
[638.938s][debug][gc,phases      ] GC(50)   StringDedup Requests0 Weak     Min:  0.0, Avg:  0.0, Max:  0.0, Diff:  0.0, Sum:  0.0, Workers: 4
[638.938s][debug][gc,phases      ] GC(50)     Dead                           Min: 0, Avg:  0.0, Max: 0, Diff: 0, Sum: 0, Workers: 4
[638.938s][debug][gc,phases      ] GC(50)     Total                          Min: 0, Avg:  0.0, Max: 0, Diff: 0, Sum: 0, Workers: 4
[638.938s][debug][gc,phases      ] GC(50)   StringDedup Requests1 Weak     Min:  0.0, Avg:  0.0, Max:  0.0, Diff:  0.0, Sum:  0.0, Workers: 4
[638.938s][debug][gc,phases      ] GC(50)     Dead                           Min: 0, Avg:  0.0, Max: 0, Diff: 0, Sum: 0, Workers: 4
[638.938s][debug][gc,phases      ] GC(50)     Total                          Min: 0, Avg:  0.0, Max: 0, Diff: 0, Sum: 0, Workers: 4
[638.938s][debug][gc,phases      ] GC(50)   Weak JFR Old Object Samples    Min:  0.0, Avg:  0.0, Max:  0.0, Diff:  0.0, Sum:  0.0, Workers: 4
[638.938s][debug][gc,phases      ] GC(50)     Dead                           Min: 0, Avg:  0.0, Max: 0, Diff: 0, Sum: 0, Workers: 4
[638.938s][debug][gc,phases      ] GC(50)     Total                          Min: 0, Avg:  0.0, Max: 0, Diff: 0, Sum: 0, Workers: 4
[638.938s][debug][gc,phases      ] GC(50) Weak Processing 0.359ms
[638.938s][debug][gc,age         ] GC(50) Desired survivor size 192413696 bytes, new threshold 15 (max threshold 15)
[638.938s][info ][gc,heap        ] GC(50) PSYoungGen: 1691434K(1897984K)->5431K(1885696K) Eden: 1686528K(1686528K)->0K(1686528K) From: 4906K(211456K)->5431K(199168K)
[638.938s][info ][gc,heap        ] GC(50) ParOldGen: 336974K(386560K)->338554K(386560K)
[638.938s][info ][gc,metaspace   ] GC(50) Metaspace: 81291K(82304K)->81291K(82304K) NonClass: 69603K(70208K)->69603K(70208K) Class: 11688K(12096K)->11688K(12096K)
[638.938s][info ][gc             ] GC(50) Pause Young (Allocation Failure) 1980M->335M(2219M) 10.281ms
[638.938s][info ][gc,cpu         ] GC(50) User=0.03s Sys=0.00s Real=0.01s
[638.939s][info ][safepoint      ] Safepoint "ParallelGCFailedAllocation", Time since last: 1656981259 ns, Reaching safepoint: 113701 ns, At safepoint: 10358978 ns, Total: 10472679 ns
[639.939s][info ][safepoint      ] Safepoint "Cleanup", Time since last: 1000091957 ns, Reaching safepoint: 49800 ns, At safepoint: 7400 ns, Total: 57200 ns
[640.939s][info ][safepoint      ] Safepoint "Cleanup", Time since last: 1000109957 ns, Reaching safepoint: 65000 ns, At safepoint: 5301 ns, Total: 70301 ns
[641.939s][info ][safepoint      ] Safepoint "Cleanup", Time since last: 1000094056 ns, Reaching safepoint: 42100 ns, At safepoint: 2500 ns, Total: 44600 ns
[643.313s][info ][safepoint      ] Safepoint "Cleanup", Time since last: 1374237284 ns, Reaching safepoint: 128101 ns, At safepoint: 5500 ns, Total: 133601 ns
[644.314s][info ][safepoint      ] Safepoint "Cleanup", Time since last: 1000122757 ns, Reaching safepoint: 42200 ns, At safepoint: 4600 ns, Total: 46800 ns
[646.714s][info ][safepoint      ] Safepoint "Cleanup", Time since last: 2400623637 ns, Reaching safepoint: 118401 ns, At safepoint: 6500 ns, Total: 124901 ns
[647.715s][info ][safepoint      ] Safepoint "Cleanup", Time since last: 1000120832 ns, Reaching safepoint: 114601 ns, At safepoint: 8000 ns, Total: 122601 ns
[649.715s][info ][safepoint      ] Safepoint "Cleanup", Time since last: 2000187762 ns, Reaching safepoint: 116501 ns, At safepoint: 4900 ns, Total: 121401 ns
[651.715s][info ][safepoint      ] Safepoint "Cleanup", Time since last: 2000191663 ns, Reaching safepoint: 105901 ns, At safepoint: 6000 ns, Total: 111901 ns
[654.716s][info ][safepoint      ] Safepoint "Cleanup", Time since last: 3000264092 ns, Reaching safepoint: 111501 ns, At safepoint: 7600 ns, Total: 119101 ns
[655.716s][info ][safepoint      ] Safepoint "Cleanup", Time since last: 1000110311 ns, Reaching safepoint: 110101 ns, At safepoint: 8700 ns, Total: 118801 ns
[657.664s][info ][gc,start       ] GC(51) Pause Young (Allocation Failure)
[657.668s][debug][gc,phases      ] GC(51) Scavenge 3.830ms
[657.668s][debug][gc,ref         ] GC(51) Skipped phase 1 of Reference Processing: no references
[657.668s][debug][gc,ref         ] GC(51) ReferenceProcessor::execute queues: 1, RefProcThreadModel::Single, marks_oops_alive: false
[657.668s][debug][gc,ref         ] GC(51) Skipped phase 3 of Reference Processing: no references
[657.668s][debug][gc,ref         ] GC(51) ReferenceProcessor::execute queues: 1, RefProcThreadModel::Single, marks_oops_alive: false
[657.668s][debug][gc,phases      ] GC(51) Reference Processing 0.112ms
[657.669s][debug][gc,phases      ] GC(51)   VM Weak                        Min:  0.0, Avg:  0.0, Max:  0.0, Diff:  0.0, Sum:  0.0, Workers: 4
[657.669s][debug][gc,phases      ] GC(51)     Dead                           Min: 0, Avg:  0.0, Max: 0, Diff: 0, Sum: 0, Workers: 4
[657.669s][debug][gc,phases      ] GC(51)     Total                          Min: 0, Avg: 205.2, Max: 437, Diff: 437, Sum: 821, Workers: 4
[657.669s][debug][gc,phases      ] GC(51)   ObjectSynchronizer Weak        Min:  0.0, Avg:  0.0, Max:  0.0, Diff:  0.0, Sum:  0.0, Workers: 4
[657.669s][debug][gc,phases      ] GC(51)     Dead                           Min: 0, Avg:  0.0, Max: 0, Diff: 0, Sum: 0, Workers: 4
[657.669s][debug][gc,phases      ] GC(51)     Total                          Min: 0, Avg:  8.2, Max: 33, Diff: 33, Sum: 33, Workers: 4
[657.669s][debug][gc,phases      ] GC(51)   JVMTI Tag Weak OopStorage      Min:  0.0, Avg:  0.0, Max:  0.0, Diff:  0.0, Sum:  0.0, Workers: 4
[657.669s][debug][gc,phases      ] GC(51)     Dead                           Min: 0, Avg:  0.0, Max: 0, Diff: 0, Sum: 0, Workers: 4
[657.669s][debug][gc,phases      ] GC(51)     Total                          Min: 0, Avg:  0.0, Max: 0, Diff: 0, Sum: 0, Workers: 4
[657.669s][debug][gc,phases      ] GC(51)   StringTable Weak               Min:  0.0, Avg:  0.1, Max:  0.2, Diff:  0.2, Sum:  0.4, Workers: 4
[657.669s][debug][gc,phases      ] GC(51)     Dead                           Min: 0, Avg:  0.0, Max: 0, Diff: 0, Sum: 0, Workers: 4
[657.669s][debug][gc,phases      ] GC(51)     Total                          Min: 0, Avg: 10903.8, Max: 22016, Diff: 22016, Sum: 43615, Workers: 4
[657.669s][debug][gc,phases      ] GC(51)   ResolvedMethodTable Weak       Min:  0.0, Avg:  0.0, Max:  0.0, Diff:  0.0, Sum:  0.1, Workers: 4
[657.669s][debug][gc,phases      ] GC(51)     Dead                           Min: 0, Avg:  4.0, Max: 16, Diff: 16, Sum: 16, Workers: 4
[657.669s][debug][gc,phases      ] GC(51)     Total                          Min: 0, Avg: 2343.0, Max: 4777, Diff: 4777, Sum: 9372, Workers: 4
[657.669s][debug][gc,phases      ] GC(51)   JNI Weak                       Min:  0.0, Avg:  0.0, Max:  0.0, Diff:  0.0, Sum:  0.0, Workers: 4
[657.669s][debug][gc,phases      ] GC(51)     Dead                           Min: 0, Avg:  0.0, Max: 0, Diff: 0, Sum: 0, Workers: 4
[657.669s][debug][gc,phases      ] GC(51)     Total                          Min: 0, Avg: 11.2, Max: 45, Diff: 45, Sum: 45, Workers: 4
[657.669s][debug][gc,phases      ] GC(51)   StringDedup Table Weak         Min:  0.0, Avg:  0.0, Max:  0.0, Diff:  0.0, Sum:  0.0, Workers: 4
[657.669s][debug][gc,phases      ] GC(51)     Dead                           Min: 0, Avg:  0.0, Max: 0, Diff: 0, Sum: 0, Workers: 4
[657.669s][debug][gc,phases      ] GC(51)     Total                          Min: 0, Avg:  0.0, Max: 0, Diff: 0, Sum: 0, Workers: 4
[657.669s][debug][gc,phases      ] GC(51)   StringDedup Requests0 Weak     Min:  0.0, Avg:  0.0, Max:  0.0, Diff:  0.0, Sum:  0.0, Workers: 4
[657.669s][debug][gc,phases      ] GC(51)     Dead                           Min: 0, Avg:  0.0, Max: 0, Diff: 0, Sum: 0, Workers: 4
[657.669s][debug][gc,phases      ] GC(51)     Total                          Min: 0, Avg:  0.0, Max: 0, Diff: 0, Sum: 0, Workers: 4
[657.669s][debug][gc,phases      ] GC(51)   StringDedup Requests1 Weak     Min:  0.0, Avg:  0.0, Max:  0.0, Diff:  0.0, Sum:  0.0, Workers: 4
[657.669s][debug][gc,phases      ] GC(51)     Dead                           Min: 0, Avg:  0.0, Max: 0, Diff: 0, Sum: 0, Workers: 4
[657.669s][debug][gc,phases      ] GC(51)     Total                          Min: 0, Avg:  0.0, Max: 0, Diff: 0, Sum: 0, Workers: 4
[657.669s][debug][gc,phases      ] GC(51)   Weak JFR Old Object Samples    Min:  0.0, Avg:  0.0, Max:  0.0, Diff:  0.0, Sum:  0.0, Workers: 4
[657.669s][debug][gc,phases      ] GC(51)     Dead                           Min: 0, Avg:  0.0, Max: 0, Diff: 0, Sum: 0, Workers: 4
[657.669s][debug][gc,phases      ] GC(51)     Total                          Min: 0, Avg:  0.0, Max: 0, Diff: 0, Sum: 0, Workers: 4
[657.669s][debug][gc,phases      ] GC(51) Weak Processing 0.422ms
[657.669s][debug][gc,age         ] GC(51) Desired survivor size 180879360 bytes, new threshold 15 (max threshold 15)
[657.669s][info ][gc,heap        ] GC(51) PSYoungGen: 1691959K(1885696K)->3942K(1920512K) Eden: 1686528K(1686528K)->0K(1732608K) From: 5431K(199168K)->3942K(187904K)
[657.669s][info ][gc,heap        ] GC(51) ParOldGen: 338554K(386560K)->338578K(386560K)
[657.669s][info ][gc,metaspace   ] GC(51) Metaspace: 81331K(82304K)->81331K(82304K) NonClass: 69641K(70208K)->69641K(70208K) Class: 11690K(12096K)->11690K(12096K)
[657.669s][info ][gc             ] GC(51) Pause Young (Allocation Failure) 1982M->334M(2253M) 4.471ms
[657.669s][info ][gc,cpu         ] GC(51) User=0.01s Sys=0.00s Real=0.00s
[657.669s][info ][safepoint      ] Safepoint "ParallelGCFailedAllocation", Time since last: 1948473333 ns, Reaching safepoint: 42200 ns, At safepoint: 4546234 ns, Total: 4588434 ns
[662.669s][info ][safepoint      ] Safepoint "Cleanup", Time since last: 5000287253 ns, Reaching safepoint: 45200 ns, At safepoint: 3100 ns, Total: 48300 ns
[666.669s][info ][safepoint      ] Safepoint "Cleanup", Time since last: 4000298652 ns, Reaching safepoint: 35900 ns, At safepoint: 2900 ns, Total: 38800 ns
[667.670s][info ][safepoint      ] Safepoint "Cleanup", Time since last: 1000112263 ns, Reaching safepoint: 53201 ns, At safepoint: 6700 ns, Total: 59901 ns
[670.670s][info ][safepoint      ] Safepoint "Cleanup", Time since last: 3000259689 ns, Reaching safepoint: 38600 ns, At safepoint: 3000 ns, Total: 41600 ns
[673.670s][info ][safepoint      ] Safepoint "Cleanup", Time since last: 3000238759 ns, Reaching safepoint: 47100 ns, At safepoint: 3100 ns, Total: 50200 ns
[674.670s][info ][safepoint      ] Safepoint "Cleanup", Time since last: 1000116087 ns, Reaching safepoint: 40600 ns, At safepoint: 3200 ns, Total: 43800 ns
[678.165s][info ][gc,start       ] GC(52) Pause Young (Allocation Failure)
[678.170s][debug][gc,phases      ] GC(52) Scavenge 4.384ms
[678.170s][debug][gc,ref         ] GC(52) Skipped phase 1 of Reference Processing: no references
[678.170s][debug][gc,ref         ] GC(52) ReferenceProcessor::execute queues: 1, RefProcThreadModel::Single, marks_oops_alive: false
[678.170s][debug][gc,ref         ] GC(52) Skipped phase 3 of Reference Processing: no references
[678.170s][debug][gc,ref         ] GC(52) ReferenceProcessor::execute queues: 1, RefProcThreadModel::Single, marks_oops_alive: false
[678.170s][debug][gc,phases      ] GC(52) Reference Processing 0.092ms
[678.170s][debug][gc,phases      ] GC(52)   VM Weak                        Min:  0.0, Avg:  0.0, Max:  0.0, Diff:  0.0, Sum:  0.0, Workers: 4
[678.170s][debug][gc,phases      ] GC(52)     Dead                           Min: 0, Avg:  0.0, Max: 0, Diff: 0, Sum: 0, Workers: 4
[678.170s][debug][gc,phases      ] GC(52)     Total                          Min: 0, Avg: 205.2, Max: 693, Diff: 693, Sum: 821, Workers: 4
[678.170s][debug][gc,phases      ] GC(52)   ObjectSynchronizer Weak        Min:  0.0, Avg:  0.0, Max:  0.0, Diff:  0.0, Sum:  0.0, Workers: 4
[678.170s][debug][gc,phases      ] GC(52)     Dead                           Min: 0, Avg:  0.0, Max: 0, Diff: 0, Sum: 0, Workers: 4
[678.170s][debug][gc,phases      ] GC(52)     Total                          Min: 0, Avg:  8.2, Max: 33, Diff: 33, Sum: 33, Workers: 4
[678.170s][debug][gc,phases      ] GC(52)   JVMTI Tag Weak OopStorage      Min:  0.0, Avg:  0.0, Max:  0.0, Diff:  0.0, Sum:  0.0, Workers: 4
[678.170s][debug][gc,phases      ] GC(52)     Dead                           Min: 0, Avg:  0.0, Max: 0, Diff: 0, Sum: 0, Workers: 4
[678.170s][debug][gc,phases      ] GC(52)     Total                          Min: 0, Avg:  0.0, Max: 0, Diff: 0, Sum: 0, Workers: 4
[678.170s][debug][gc,phases      ] GC(52)   StringTable Weak               Min:  0.0, Avg:  0.1, Max:  0.1, Diff:  0.1, Sum:  0.4, Workers: 4
[678.170s][debug][gc,phases      ] GC(52)     Dead                           Min: 0, Avg:  0.0, Max: 0, Diff: 0, Sum: 0, Workers: 4
[678.170s][debug][gc,phases      ] GC(52)     Total                          Min: 0, Avg: 10915.0, Max: 17984, Diff: 17984, Sum: 43660, Workers: 4
[678.170s][debug][gc,phases      ] GC(52)   ResolvedMethodTable Weak       Min:  0.0, Avg:  0.0, Max:  0.0, Diff:  0.0, Sum:  0.1, Workers: 4
[678.170s][debug][gc,phases      ] GC(52)     Dead                           Min: 0, Avg:  0.0, Max: 0, Diff: 0, Sum: 0, Workers: 4
[678.170s][debug][gc,phases      ] GC(52)     Total                          Min: 0, Avg: 2344.0, Max: 3821, Diff: 3821, Sum: 9376, Workers: 4
[678.170s][debug][gc,phases      ] GC(52)   JNI Weak                       Min:  0.0, Avg:  0.0, Max:  0.0, Diff:  0.0, Sum:  0.0, Workers: 4
[678.170s][debug][gc,phases      ] GC(52)     Dead                           Min: 0, Avg:  0.0, Max: 0, Diff: 0, Sum: 0, Workers: 4
[678.170s][debug][gc,phases      ] GC(52)     Total                          Min: 0, Avg: 11.2, Max: 45, Diff: 45, Sum: 45, Workers: 4
[678.170s][debug][gc,phases      ] GC(52)   StringDedup Table Weak         Min:  0.0, Avg:  0.0, Max:  0.0, Diff:  0.0, Sum:  0.0, Workers: 4
[678.170s][debug][gc,phases      ] GC(52)     Dead                           Min: 0, Avg:  0.0, Max: 0, Diff: 0, Sum: 0, Workers: 4
[678.170s][debug][gc,phases      ] GC(52)     Total                          Min: 0, Avg:  0.0, Max: 0, Diff: 0, Sum: 0, Workers: 4
[678.170s][debug][gc,phases      ] GC(52)   StringDedup Requests0 Weak     Min:  0.0, Avg:  0.0, Max:  0.0, Diff:  0.0, Sum:  0.0, Workers: 4
[678.170s][debug][gc,phases      ] GC(52)     Dead                           Min: 0, Avg:  0.0, Max: 0, Diff: 0, Sum: 0, Workers: 4
[678.170s][debug][gc,phases      ] GC(52)     Total                          Min: 0, Avg:  0.0, Max: 0, Diff: 0, Sum: 0, Workers: 4
[678.170s][debug][gc,phases      ] GC(52)   StringDedup Requests1 Weak     Min:  0.0, Avg:  0.0, Max:  0.0, Diff:  0.0, Sum:  0.0, Workers: 4
[678.170s][debug][gc,phases      ] GC(52)     Dead                           Min: 0, Avg:  0.0, Max: 0, Diff: 0, Sum: 0, Workers: 4
[678.170s][debug][gc,phases      ] GC(52)     Total                          Min: 0, Avg:  0.0, Max: 0, Diff: 0, Sum: 0, Workers: 4
[678.170s][debug][gc,phases      ] GC(52)   Weak JFR Old Object Samples    Min:  0.0, Avg:  0.0, Max:  0.0, Diff:  0.0, Sum:  0.0, Workers: 4
[678.170s][debug][gc,phases      ] GC(52)     Dead                           Min: 0, Avg:  0.0, Max: 0, Diff: 0, Sum: 0, Workers: 4
[678.170s][debug][gc,phases      ] GC(52)     Total                          Min: 0, Avg:  0.0, Max: 0, Diff: 0, Sum: 0, Workers: 4
[678.170s][debug][gc,phases      ] GC(52) Weak Processing 0.330ms
[678.170s][debug][gc,age         ] GC(52) Desired survivor size 170393600 bytes, new threshold 15 (max threshold 15)
[678.170s][info ][gc,heap        ] GC(52) PSYoungGen: 1736550K(1920512K)->3958K(1909248K) Eden: 1732608K(1732608K)->0K(1732608K) From: 3942K(187904K)->3958K(176640K)
[678.170s][info ][gc,heap        ] GC(52) ParOldGen: 338578K(386560K)->338594K(386560K)
[678.170s][info ][gc,metaspace   ] GC(52) Metaspace: 81360K(82368K)->81360K(82368K) NonClass: 69666K(70272K)->69666K(70272K) Class: 11693K(12096K)->11693K(12096K)
[678.170s][info ][gc             ] GC(52) Pause Young (Allocation Failure) 2026M->334M(2242M) 4.916ms
[678.170s][info ][gc,cpu         ] GC(52) User=0.01s Sys=0.00s Real=0.00s
[678.170s][info ][safepoint      ] Safepoint "ParallelGCFailedAllocation", Time since last: 3494882714 ns, Reaching safepoint: 42301 ns, At safepoint: 4987336 ns, Total: 5029637 ns
[679.170s][info ][safepoint      ] Safepoint "Cleanup", Time since last: 1000089899 ns, Reaching safepoint: 70900 ns, At safepoint: 4400 ns, Total: 75300 ns
[684.171s][info ][safepoint      ] Safepoint "Cleanup", Time since last: 5000377607 ns, Reaching safepoint: 57701 ns, At safepoint: 6600 ns, Total: 64301 ns
[685.171s][info ][safepoint      ] Safepoint "Cleanup", Time since last: 1000112501 ns, Reaching safepoint: 55400 ns, At safepoint: 6200 ns, Total: 61600 ns
[686.171s][info ][safepoint      ] Safepoint "Cleanup", Time since last: 1000108801 ns, Reaching safepoint: 46000 ns, At safepoint: 2300 ns, Total: 48300 ns
[687.171s][info ][safepoint      ] Safepoint "Cleanup", Time since last: 1000110665 ns, Reaching safepoint: 41800 ns, At safepoint: 3700 ns, Total: 45500 ns
[694.172s][info ][safepoint      ] Safepoint "Cleanup", Time since last: 7000450089 ns, Reaching safepoint: 43401 ns, At safepoint: 3100 ns, Total: 46501 ns
[699.215s][info ][gc,start       ] GC(53) Pause Young (Allocation Failure)
[699.221s][debug][gc,phases      ] GC(53) Scavenge 5.730ms
[699.221s][debug][gc,ref         ] GC(53) Skipped phase 1 of Reference Processing: no references
[699.221s][debug][gc,ref         ] GC(53) ReferenceProcessor::execute queues: 1, RefProcThreadModel::Single, marks_oops_alive: false
[699.221s][debug][gc,ref         ] GC(53) Skipped phase 3 of Reference Processing: no references
[699.221s][debug][gc,ref         ] GC(53) ReferenceProcessor::execute queues: 1, RefProcThreadModel::Single, marks_oops_alive: false
[699.221s][debug][gc,phases      ] GC(53) Reference Processing 0.103ms
[699.221s][debug][gc,phases      ] GC(53)   VM Weak                        Min:  0.0, Avg:  0.0, Max:  0.0, Diff:  0.0, Sum:  0.0, Workers: 4
[699.221s][debug][gc,phases      ] GC(53)     Dead                           Min: 0, Avg:  0.0, Max: 0, Diff: 0, Sum: 0, Workers: 4
[699.221s][debug][gc,phases      ] GC(53)     Total                          Min: 0, Avg: 205.2, Max: 437, Diff: 437, Sum: 821, Workers: 4
[699.221s][debug][gc,phases      ] GC(53)   ObjectSynchronizer Weak        Min:  0.0, Avg:  0.0, Max:  0.0, Diff:  0.0, Sum:  0.0, Workers: 4
[699.221s][debug][gc,phases      ] GC(53)     Dead                           Min: 0, Avg:  0.0, Max: 0, Diff: 0, Sum: 0, Workers: 4
[699.221s][debug][gc,phases      ] GC(53)     Total                          Min: 0, Avg:  8.2, Max: 33, Diff: 33, Sum: 33, Workers: 4
[699.221s][debug][gc,phases      ] GC(53)   JVMTI Tag Weak OopStorage      Min:  0.0, Avg:  0.0, Max:  0.0, Diff:  0.0, Sum:  0.0, Workers: 4
[699.221s][debug][gc,phases      ] GC(53)     Dead                           Min: 0, Avg:  0.0, Max: 0, Diff: 0, Sum: 0, Workers: 4
[699.221s][debug][gc,phases      ] GC(53)     Total                          Min: 0, Avg:  0.0, Max: 0, Diff: 0, Sum: 0, Workers: 4
[699.221s][debug][gc,phases      ] GC(53)   StringTable Weak               Min:  0.0, Avg:  0.1, Max:  0.1, Diff:  0.1, Sum:  0.3, Workers: 4
[699.221s][debug][gc,phases      ] GC(53)     Dead                           Min: 0, Avg:  0.0, Max: 0, Diff: 0, Sum: 0, Workers: 4
[699.221s][debug][gc,phases      ] GC(53)     Total                          Min: 0, Avg: 10915.5, Max: 15616, Diff: 15616, Sum: 43662, Workers: 4
[699.221s][debug][gc,phases      ] GC(53)   ResolvedMethodTable Weak       Min:  0.0, Avg:  0.0, Max:  0.0, Diff:  0.0, Sum:  0.1, Workers: 4
[699.221s][debug][gc,phases      ] GC(53)     Dead                           Min: 0, Avg:  0.0, Max: 0, Diff: 0, Sum: 0, Workers: 4
[699.221s][debug][gc,phases      ] GC(53)     Total                          Min: 0, Avg: 2344.0, Max: 3571, Diff: 3571, Sum: 9376, Workers: 4
[699.221s][debug][gc,phases      ] GC(53)   JNI Weak                       Min:  0.0, Avg:  0.0, Max:  0.0, Diff:  0.0, Sum:  0.0, Workers: 4
[699.221s][debug][gc,phases      ] GC(53)     Dead                           Min: 0, Avg:  0.0, Max: 0, Diff: 0, Sum: 0, Workers: 4
[699.221s][debug][gc,phases      ] GC(53)     Total                          Min: 0, Avg: 11.2, Max: 45, Diff: 45, Sum: 45, Workers: 4
[699.221s][debug][gc,phases      ] GC(53)   StringDedup Table Weak         Min:  0.0, Avg:  0.0, Max:  0.0, Diff:  0.0, Sum:  0.0, Workers: 4
[699.222s][debug][gc,phases      ] GC(53)     Dead                           Min: 0, Avg:  0.0, Max: 0, Diff: 0, Sum: 0, Workers: 4
[699.222s][debug][gc,phases      ] GC(53)     Total                          Min: 0, Avg:  0.0, Max: 0, Diff: 0, Sum: 0, Workers: 4
[699.222s][debug][gc,phases      ] GC(53)   StringDedup Requests0 Weak     Min:  0.0, Avg:  0.0, Max:  0.0, Diff:  0.0, Sum:  0.0, Workers: 4
[699.222s][debug][gc,phases      ] GC(53)     Dead                           Min: 0, Avg:  0.0, Max: 0, Diff: 0, Sum: 0, Workers: 4
[699.222s][debug][gc,phases      ] GC(53)     Total                          Min: 0, Avg:  0.0, Max: 0, Diff: 0, Sum: 0, Workers: 4
[699.222s][debug][gc,phases      ] GC(53)   StringDedup Requests1 Weak     Min:  0.0, Avg:  0.0, Max:  0.0, Diff:  0.0, Sum:  0.0, Workers: 4
[699.222s][debug][gc,phases      ] GC(53)     Dead                           Min: 0, Avg:  0.0, Max: 0, Diff: 0, Sum: 0, Workers: 4
[699.222s][debug][gc,phases      ] GC(53)     Total                          Min: 0, Avg:  0.0, Max: 0, Diff: 0, Sum: 0, Workers: 4
[699.222s][debug][gc,phases      ] GC(53)   Weak JFR Old Object Samples    Min:  0.0, Avg:  0.0, Max:  0.0, Diff:  0.0, Sum:  0.0, Workers: 4
[699.222s][debug][gc,phases      ] GC(53)     Dead                           Min: 0, Avg:  0.0, Max: 0, Diff: 0, Sum: 0, Workers: 4
[699.222s][debug][gc,phases      ] GC(53)     Total                          Min: 0, Avg:  0.0, Max: 0, Diff: 0, Sum: 0, Workers: 4
[699.222s][debug][gc,phases      ] GC(53) Weak Processing 0.310ms
[699.222s][debug][gc,age         ] GC(53) Desired survivor size 159907840 bytes, new threshold 15 (max threshold 15)
[699.222s][info ][gc,heap        ] GC(53) PSYoungGen: 1736566K(1909248K)->4006K(1940992K) Eden: 1732608K(1732608K)->0K(1774592K) From: 3958K(176640K)->4006K(166400K)
[699.222s][info ][gc,heap        ] GC(53) ParOldGen: 338594K(386560K)->338618K(386560K)
[699.222s][info ][gc,metaspace   ] GC(53) Metaspace: 81367K(82368K)->81367K(82368K) NonClass: 69673K(70272K)->69673K(70272K) Class: 11693K(12096K)->11693K(12096K)
[699.222s][info ][gc             ] GC(53) Pause Young (Allocation Failure) 2026M->334M(2273M) 6.249ms
[699.222s][info ][gc,cpu         ] GC(53) User=0.02s Sys=0.00s Real=0.01s
[699.222s][info ][safepoint      ] Safepoint "ParallelGCFailedAllocation", Time since last: 5043290614 ns, Reaching safepoint: 111101 ns, At safepoint: 6312946 ns, Total: 6424047 ns
[702.222s][info ][safepoint      ] Safepoint "Cleanup", Time since last: 3000217798 ns, Reaching safepoint: 57900 ns, At safepoint: 41201 ns, Total: 99101 ns
[705.222s][info ][safepoint      ] Safepoint "Cleanup", Time since last: 3000234850 ns, Reaching safepoint: 41300 ns, At safepoint: 2900 ns, Total: 44200 ns
[708.223s][info ][safepoint      ] Safepoint "Cleanup", Time since last: 3000234283 ns, Reaching safepoint: 54601 ns, At safepoint: 29700 ns, Total: 84301 ns
[710.223s][info ][safepoint      ] Safepoint "Cleanup", Time since last: 2000161855 ns, Reaching safepoint: 56601 ns, At safepoint: 7000 ns, Total: 63601 ns
[711.223s][info ][safepoint      ] Safepoint "Cleanup", Time since last: 1000107527 ns, Reaching safepoint: 40800 ns, At safepoint: 3700 ns, Total: 44500 ns
[712.223s][info ][safepoint      ] Safepoint "Cleanup", Time since last: 1000103625 ns, Reaching safepoint: 36600 ns, At safepoint: 3400 ns, Total: 40000 ns
[713.223s][info ][safepoint      ] Safepoint "Cleanup", Time since last: 1000102326 ns, Reaching safepoint: 55600 ns, At safepoint: 2500 ns, Total: 58100 ns
[714.223s][info ][safepoint      ] Safepoint "Cleanup", Time since last: 1000106325 ns, Reaching safepoint: 44801 ns, At safepoint: 2400 ns, Total: 47201 ns
[715.224s][info ][safepoint      ] Safepoint "Cleanup", Time since last: 1000126925 ns, Reaching safepoint: 42500 ns, At safepoint: 3300 ns, Total: 45800 ns
[718.150s][info ][safepoint      ] Safepoint "Cleanup", Time since last: 2926855045 ns, Reaching safepoint: 49701 ns, At safepoint: 2400 ns, Total: 52101 ns
[719.151s][info ][safepoint      ] Safepoint "Cleanup", Time since last: 1000110430 ns, Reaching safepoint: 41800 ns, At safepoint: 2800 ns, Total: 44600 ns
[720.565s][info ][gc,start       ] GC(54) Pause Young (Allocation Failure)
[720.569s][debug][gc,phases      ] GC(54) Scavenge 3.868ms
[720.569s][debug][gc,ref         ] GC(54) Skipped phase 1 of Reference Processing: no references
[720.569s][debug][gc,ref         ] GC(54) ReferenceProcessor::execute queues: 1, RefProcThreadModel::Single, marks_oops_alive: false
[720.569s][debug][gc,ref         ] GC(54) Skipped phase 3 of Reference Processing: no references
[720.569s][debug][gc,ref         ] GC(54) ReferenceProcessor::execute queues: 1, RefProcThreadModel::Single, marks_oops_alive: false
[720.569s][debug][gc,phases      ] GC(54) Reference Processing 0.093ms
[720.569s][debug][gc,phases      ] GC(54)   VM Weak                        Min:  0.0, Avg:  0.0, Max:  0.0, Diff:  0.0, Sum:  0.0, Workers: 4
[720.569s][debug][gc,phases      ] GC(54)     Dead                           Min: 0, Avg:  0.0, Max: 0, Diff: 0, Sum: 0, Workers: 4
[720.569s][debug][gc,phases      ] GC(54)     Total                          Min: 0, Avg: 205.2, Max: 576, Diff: 576, Sum: 821, Workers: 4
[720.569s][debug][gc,phases      ] GC(54)   ObjectSynchronizer Weak        Min:  0.0, Avg:  0.0, Max:  0.0, Diff:  0.0, Sum:  0.0, Workers: 4
[720.569s][debug][gc,phases      ] GC(54)     Dead                           Min: 0, Avg:  0.0, Max: 0, Diff: 0, Sum: 0, Workers: 4
[720.569s][debug][gc,phases      ] GC(54)     Total                          Min: 0, Avg:  8.2, Max: 33, Diff: 33, Sum: 33, Workers: 4
[720.569s][debug][gc,phases      ] GC(54)   JVMTI Tag Weak OopStorage      Min:  0.0, Avg:  0.0, Max:  0.0, Diff:  0.0, Sum:  0.0, Workers: 4
[720.569s][debug][gc,phases      ] GC(54)     Dead                           Min: 0, Avg:  0.0, Max: 0, Diff: 0, Sum: 0, Workers: 4
[720.569s][debug][gc,phases      ] GC(54)     Total                          Min: 0, Avg:  0.0, Max: 0, Diff: 0, Sum: 0, Workers: 4
[720.569s][debug][gc,phases      ] GC(54)   StringTable Weak               Min:  0.0, Avg:  0.1, Max:  0.2, Diff:  0.2, Sum:  0.4, Workers: 4
[720.569s][debug][gc,phases      ] GC(54)     Dead                           Min: 0, Avg:  0.0, Max: 0, Diff: 0, Sum: 0, Workers: 4
[720.569s][debug][gc,phases      ] GC(54)     Total                          Min: 0, Avg: 10915.5, Max: 16256, Diff: 16256, Sum: 43662, Workers: 4
[720.569s][debug][gc,phases      ] GC(54)   ResolvedMethodTable Weak       Min:  0.0, Avg:  0.0, Max:  0.0, Diff:  0.0, Sum:  0.1, Workers: 4
[720.569s][debug][gc,phases      ] GC(54)     Dead                           Min: 0, Avg:  0.0, Max: 0, Diff: 0, Sum: 0, Workers: 4
[720.569s][debug][gc,phases      ] GC(54)     Total                          Min: 0, Avg: 2344.0, Max: 4979, Diff: 4979, Sum: 9376, Workers: 4
[720.569s][debug][gc,phases      ] GC(54)   JNI Weak                       Min:  0.0, Avg:  0.0, Max:  0.0, Diff:  0.0, Sum:  0.0, Workers: 4
[720.569s][debug][gc,phases      ] GC(54)     Dead                           Min: 0, Avg:  0.0, Max: 0, Diff: 0, Sum: 0, Workers: 4
[720.569s][debug][gc,phases      ] GC(54)     Total                          Min: 0, Avg: 11.2, Max: 45, Diff: 45, Sum: 45, Workers: 4
[720.569s][debug][gc,phases      ] GC(54)   StringDedup Table Weak         Min:  0.0, Avg:  0.0, Max:  0.0, Diff:  0.0, Sum:  0.0, Workers: 4
[720.569s][debug][gc,phases      ] GC(54)     Dead                           Min: 0, Avg:  0.0, Max: 0, Diff: 0, Sum: 0, Workers: 4
[720.569s][debug][gc,phases      ] GC(54)     Total                          Min: 0, Avg:  0.0, Max: 0, Diff: 0, Sum: 0, Workers: 4
[720.569s][debug][gc,phases      ] GC(54)   StringDedup Requests0 Weak     Min:  0.0, Avg:  0.0, Max:  0.0, Diff:  0.0, Sum:  0.0, Workers: 4
[720.569s][debug][gc,phases      ] GC(54)     Dead                           Min: 0, Avg:  0.0, Max: 0, Diff: 0, Sum: 0, Workers: 4
[720.569s][debug][gc,phases      ] GC(54)     Total                          Min: 0, Avg:  0.0, Max: 0, Diff: 0, Sum: 0, Workers: 4
[720.569s][debug][gc,phases      ] GC(54)   StringDedup Requests1 Weak     Min:  0.0, Avg:  0.0, Max:  0.0, Diff:  0.0, Sum:  0.0, Workers: 4
[720.569s][debug][gc,phases      ] GC(54)     Dead                           Min: 0, Avg:  0.0, Max: 0, Diff: 0, Sum: 0, Workers: 4
[720.569s][debug][gc,phases      ] GC(54)     Total                          Min: 0, Avg:  0.0, Max: 0, Diff: 0, Sum: 0, Workers: 4
[720.569s][debug][gc,phases      ] GC(54)   Weak JFR Old Object Samples    Min:  0.0, Avg:  0.0, Max:  0.0, Diff:  0.0, Sum:  0.0, Workers: 4
[720.569s][debug][gc,phases      ] GC(54)     Dead                           Min: 0, Avg:  0.0, Max: 0, Diff: 0, Sum: 0, Workers: 4
[720.569s][debug][gc,phases      ] GC(54)     Total                          Min: 0, Avg:  0.0, Max: 0, Diff: 0, Sum: 0, Workers: 4
[720.569s][debug][gc,phases      ] GC(54) Weak Processing 0.382ms
[720.569s][debug][gc,age         ] GC(54) Desired survivor size 149422080 bytes, new threshold 15 (max threshold 15)
[720.569s][info ][gc,heap        ] GC(54) PSYoungGen: 1778598K(1940992K)->4006K(1930752K) Eden: 1774592K(1774592K)->0K(1774592K) From: 4006K(166400K)->4006K(156160K)
[720.569s][info ][gc,heap        ] GC(54) ParOldGen: 338618K(386560K)->338642K(386560K)
[720.569s][info ][gc,metaspace   ] GC(54) Metaspace: 81379K(82368K)->81379K(82368K) NonClass: 69685K(70272K)->69685K(70272K) Class: 11693K(12096K)->11693K(12096K)
[720.569s][info ][gc             ] GC(54) Pause Young (Allocation Failure) 2067M->334M(2263M) 4.449ms
[720.569s][info ][gc,cpu         ] GC(54) User=0.01s Sys=0.00s Real=0.00s
[720.570s][info ][safepoint      ] Safepoint "ParallelGCFailedAllocation", Time since last: 1414358235 ns, Reaching safepoint: 48201 ns, At safepoint: 4513032 ns, Total: 4561233 ns
[721.570s][info ][safepoint      ] Safepoint "Cleanup", Time since last: 1000052737 ns, Reaching safepoint: 39400 ns, At safepoint: 2300 ns, Total: 41700 ns
[729.570s][info ][safepoint      ] Safepoint "Cleanup", Time since last: 8000471623 ns, Reaching safepoint: 50400 ns, At safepoint: 4800 ns, Total: 55200 ns
[736.571s][info ][safepoint      ] Safepoint "Cleanup", Time since last: 7000482807 ns, Reaching safepoint: 43700 ns, At safepoint: 7500 ns, Total: 51200 ns
[741.815s][info ][gc,start       ] GC(55) Pause Young (Allocation Failure)
[741.819s][debug][gc,phases      ] GC(55) Scavenge 3.485ms
[741.819s][debug][gc,ref         ] GC(55) Skipped phase 1 of Reference Processing: no references
[741.819s][debug][gc,ref         ] GC(55) ReferenceProcessor::execute queues: 1, RefProcThreadModel::Single, marks_oops_alive: false
[741.819s][debug][gc,ref         ] GC(55) Skipped phase 3 of Reference Processing: no references
[741.819s][debug][gc,ref         ] GC(55) ReferenceProcessor::execute queues: 1, RefProcThreadModel::Single, marks_oops_alive: false
[741.819s][debug][gc,phases      ] GC(55) Reference Processing 0.107ms
[741.819s][debug][gc,phases      ] GC(55)   VM Weak                        Min:  0.0, Avg:  0.0, Max:  0.0, Diff:  0.0, Sum:  0.0, Workers: 4
[741.819s][debug][gc,phases      ] GC(55)     Dead                           Min: 0, Avg:  0.0, Max: 0, Diff: 0, Sum: 0, Workers: 4
[741.819s][debug][gc,phases      ] GC(55)     Total                          Min: 0, Avg: 205.2, Max: 629, Diff: 629, Sum: 821, Workers: 4
[741.819s][debug][gc,phases      ] GC(55)   ObjectSynchronizer Weak        Min:  0.0, Avg:  0.0, Max:  0.0, Diff:  0.0, Sum:  0.0, Workers: 4
[741.819s][debug][gc,phases      ] GC(55)     Dead                           Min: 0, Avg:  0.0, Max: 0, Diff: 0, Sum: 0, Workers: 4
[741.819s][debug][gc,phases      ] GC(55)     Total                          Min: 0, Avg:  8.2, Max: 33, Diff: 33, Sum: 33, Workers: 4
[741.819s][debug][gc,phases      ] GC(55)   JVMTI Tag Weak OopStorage      Min:  0.0, Avg:  0.0, Max:  0.0, Diff:  0.0, Sum:  0.0, Workers: 4
[741.819s][debug][gc,phases      ] GC(55)     Dead                           Min: 0, Avg:  0.0, Max: 0, Diff: 0, Sum: 0, Workers: 4
[741.819s][debug][gc,phases      ] GC(55)     Total                          Min: 0, Avg:  0.0, Max: 0, Diff: 0, Sum: 0, Workers: 4
[741.819s][debug][gc,phases      ] GC(55)   StringTable Weak               Min:  0.0, Avg:  0.1, Max:  0.1, Diff:  0.1, Sum:  0.4, Workers: 4
[741.819s][debug][gc,phases      ] GC(55)     Dead                           Min: 0, Avg:  0.0, Max: 0, Diff: 0, Sum: 0, Workers: 4
[741.819s][debug][gc,phases      ] GC(55)     Total                          Min: 0, Avg: 10916.0, Max: 18560, Diff: 18560, Sum: 43664, Workers: 4
[741.819s][debug][gc,phases      ] GC(55)   ResolvedMethodTable Weak       Min:  0.0, Avg:  0.0, Max:  0.0, Diff:  0.0, Sum:  0.1, Workers: 4
[741.819s][debug][gc,phases      ] GC(55)     Dead                           Min: 0, Avg:  0.0, Max: 0, Diff: 0, Sum: 0, Workers: 4
[741.819s][debug][gc,phases      ] GC(55)     Total                          Min: 0, Avg: 2344.0, Max: 3744, Diff: 3744, Sum: 9376, Workers: 4
[741.819s][debug][gc,phases      ] GC(55)   JNI Weak                       Min:  0.0, Avg:  0.0, Max:  0.0, Diff:  0.0, Sum:  0.0, Workers: 4
[741.819s][debug][gc,phases      ] GC(55)     Dead                           Min: 0, Avg:  0.0, Max: 0, Diff: 0, Sum: 0, Workers: 4
[741.819s][debug][gc,phases      ] GC(55)     Total                          Min: 0, Avg: 11.2, Max: 45, Diff: 45, Sum: 45, Workers: 4
[741.819s][debug][gc,phases      ] GC(55)   StringDedup Table Weak         Min:  0.0, Avg:  0.0, Max:  0.0, Diff:  0.0, Sum:  0.0, Workers: 4
[741.819s][debug][gc,phases      ] GC(55)     Dead                           Min: 0, Avg:  0.0, Max: 0, Diff: 0, Sum: 0, Workers: 4
[741.819s][debug][gc,phases      ] GC(55)     Total                          Min: 0, Avg:  0.0, Max: 0, Diff: 0, Sum: 0, Workers: 4
[741.819s][debug][gc,phases      ] GC(55)   StringDedup Requests0 Weak     Min:  0.0, Avg:  0.0, Max:  0.0, Diff:  0.0, Sum:  0.0, Workers: 4
[741.819s][debug][gc,phases      ] GC(55)     Dead                           Min: 0, Avg:  0.0, Max: 0, Diff: 0, Sum: 0, Workers: 4
[741.819s][debug][gc,phases      ] GC(55)     Total                          Min: 0, Avg:  0.0, Max: 0, Diff: 0, Sum: 0, Workers: 4
[741.819s][debug][gc,phases      ] GC(55)   StringDedup Requests1 Weak     Min:  0.0, Avg:  0.0, Max:  0.0, Diff:  0.0, Sum:  0.0, Workers: 4
[741.819s][debug][gc,phases      ] GC(55)     Dead                           Min: 0, Avg:  0.0, Max: 0, Diff: 0, Sum: 0, Workers: 4
[741.819s][debug][gc,phases      ] GC(55)     Total                          Min: 0, Avg:  0.0, Max: 0, Diff: 0, Sum: 0, Workers: 4
[741.819s][debug][gc,phases      ] GC(55)   Weak JFR Old Object Samples    Min:  0.0, Avg:  0.0, Max:  0.0, Diff:  0.0, Sum:  0.0, Workers: 4
[741.819s][debug][gc,phases      ] GC(55)     Dead                           Min: 0, Avg:  0.0, Max: 0, Diff: 0, Sum: 0, Workers: 4
[741.819s][debug][gc,phases      ] GC(55)     Total                          Min: 0, Avg:  0.0, Max: 0, Diff: 0, Sum: 0, Workers: 4
[741.819s][debug][gc,phases      ] GC(55) Weak Processing 0.325ms
[741.819s][debug][gc,age         ] GC(55) Desired survivor size 139984896 bytes, new threshold 15 (max threshold 15)
[741.819s][info ][gc,heap        ] GC(55) PSYoungGen: 1778598K(1930752K)->4054K(1960448K) Eden: 1774592K(1774592K)->0K(1814528K) From: 4006K(156160K)->4054K(145920K)
[741.819s][info ][gc,heap        ] GC(55) ParOldGen: 338642K(386560K)->338666K(386560K)
[741.819s][info ][gc,metaspace   ] GC(55) Metaspace: 81392K(82368K)->81392K(82368K) NonClass: 69698K(70272K)->69698K(70272K) Class: 11693K(12096K)->11693K(12096K)
[741.819s][info ][gc             ] GC(55) Pause Young (Allocation Failure) 2067M->334M(2292M) 4.018ms
[741.819s][info ][gc,cpu         ] GC(55) User=0.02s Sys=0.00s Real=0.00s
[741.819s][info ][safepoint      ] Safepoint "ParallelGCFailedAllocation", Time since last: 5244283570 ns, Reaching safepoint: 32200 ns, At safepoint: 4080130 ns, Total: 4112330 ns
[742.819s][info ][safepoint      ] Safepoint "Cleanup", Time since last: 1000078647 ns, Reaching safepoint: 36800 ns, At safepoint: 2300 ns, Total: 39100 ns
[746.820s][info ][safepoint      ] Safepoint "Cleanup", Time since last: 4000296226 ns, Reaching safepoint: 45601 ns, At safepoint: 2400 ns, Total: 48001 ns
[747.820s][info ][safepoint      ] Safepoint "Cleanup", Time since last: 1000116207 ns, Reaching safepoint: 44400 ns, At safepoint: 5300 ns, Total: 49700 ns
[748.820s][info ][safepoint      ] Safepoint "Cleanup", Time since last: 1000099207 ns, Reaching safepoint: 40500 ns, At safepoint: 3400 ns, Total: 43900 ns
[749.820s][info ][safepoint      ] Safepoint "Cleanup", Time since last: 1000102007 ns, Reaching safepoint: 38700 ns, At safepoint: 2700 ns, Total: 41400 ns
[752.820s][info ][safepoint      ] Safepoint "Cleanup", Time since last: 3000173454 ns, Reaching safepoint: 46900 ns, At safepoint: 3600 ns, Total: 50500 ns
[753.820s][info ][safepoint      ] Safepoint "Cleanup", Time since last: 1000094366 ns, Reaching safepoint: 39500 ns, At safepoint: 3600 ns, Total: 43100 ns
[756.821s][info ][safepoint      ] Safepoint "Cleanup", Time since last: 3000230395 ns, Reaching safepoint: 38000 ns, At safepoint: 2800 ns, Total: 40800 ns
[763.113s][info ][gc,start       ] GC(56) Pause Young (Allocation Failure)
[763.116s][debug][gc,phases      ] GC(56) Scavenge 3.421ms
[763.116s][debug][gc,ref         ] GC(56) Skipped phase 1 of Reference Processing: no references
[763.116s][debug][gc,ref         ] GC(56) ReferenceProcessor::execute queues: 1, RefProcThreadModel::Single, marks_oops_alive: false
[763.116s][debug][gc,ref         ] GC(56) Skipped phase 3 of Reference Processing: no references
[763.116s][debug][gc,ref         ] GC(56) ReferenceProcessor::execute queues: 1, RefProcThreadModel::Single, marks_oops_alive: false
[763.116s][debug][gc,phases      ] GC(56) Reference Processing 0.094ms
[763.116s][debug][gc,phases      ] GC(56)   VM Weak                        Min:  0.0, Avg:  0.0, Max:  0.0, Diff:  0.0, Sum:  0.0, Workers: 4
[763.116s][debug][gc,phases      ] GC(56)     Dead                           Min: 0, Avg:  0.0, Max: 0, Diff: 0, Sum: 0, Workers: 4
[763.116s][debug][gc,phases      ] GC(56)     Total                          Min: 0, Avg: 205.2, Max: 640, Diff: 640, Sum: 821, Workers: 4
[763.116s][debug][gc,phases      ] GC(56)   ObjectSynchronizer Weak        Min:  0.0, Avg:  0.0, Max:  0.0, Diff:  0.0, Sum:  0.0, Workers: 4
[763.116s][debug][gc,phases      ] GC(56)     Dead                           Min: 0, Avg:  0.0, Max: 0, Diff: 0, Sum: 0, Workers: 4
[763.116s][debug][gc,phases      ] GC(56)     Total                          Min: 0, Avg:  8.2, Max: 33, Diff: 33, Sum: 33, Workers: 4
[763.116s][debug][gc,phases      ] GC(56)   JVMTI Tag Weak OopStorage      Min:  0.0, Avg:  0.0, Max:  0.0, Diff:  0.0, Sum:  0.0, Workers: 4
[763.116s][debug][gc,phases      ] GC(56)     Dead                           Min: 0, Avg:  0.0, Max: 0, Diff: 0, Sum: 0, Workers: 4
[763.116s][debug][gc,phases      ] GC(56)     Total                          Min: 0, Avg:  0.0, Max: 0, Diff: 0, Sum: 0, Workers: 4
[763.116s][debug][gc,phases      ] GC(56)   StringTable Weak               Min:  0.0, Avg:  0.1, Max:  0.1, Diff:  0.1, Sum:  0.3, Workers: 4
[763.116s][debug][gc,phases      ] GC(56)     Dead                           Min: 0, Avg:  0.0, Max: 0, Diff: 0, Sum: 0, Workers: 4
[763.116s][debug][gc,phases      ] GC(56)     Total                          Min: 0, Avg: 10916.0, Max: 17792, Diff: 17792, Sum: 43664, Workers: 4
[763.116s][debug][gc,phases      ] GC(56)   ResolvedMethodTable Weak       Min:  0.0, Avg:  0.0, Max:  0.0, Diff:  0.0, Sum:  0.1, Workers: 4
[763.116s][debug][gc,phases      ] GC(56)     Dead                           Min: 0, Avg:  0.0, Max: 0, Diff: 0, Sum: 0, Workers: 4
[763.116s][debug][gc,phases      ] GC(56)     Total                          Min: 0, Avg: 2344.0, Max: 3885, Diff: 3885, Sum: 9376, Workers: 4
[763.116s][debug][gc,phases      ] GC(56)   JNI Weak                       Min:  0.0, Avg:  0.0, Max:  0.0, Diff:  0.0, Sum:  0.0, Workers: 4
[763.116s][debug][gc,phases      ] GC(56)     Dead                           Min: 0, Avg:  0.0, Max: 0, Diff: 0, Sum: 0, Workers: 4
[763.116s][debug][gc,phases      ] GC(56)     Total                          Min: 0, Avg: 11.2, Max: 45, Diff: 45, Sum: 45, Workers: 4
[763.116s][debug][gc,phases      ] GC(56)   StringDedup Table Weak         Min:  0.0, Avg:  0.0, Max:  0.0, Diff:  0.0, Sum:  0.0, Workers: 4
[763.116s][debug][gc,phases      ] GC(56)     Dead                           Min: 0, Avg:  0.0, Max: 0, Diff: 0, Sum: 0, Workers: 4
[763.116s][debug][gc,phases      ] GC(56)     Total                          Min: 0, Avg:  0.0, Max: 0, Diff: 0, Sum: 0, Workers: 4
[763.116s][debug][gc,phases      ] GC(56)   StringDedup Requests0 Weak     Min:  0.0, Avg:  0.0, Max:  0.0, Diff:  0.0, Sum:  0.0, Workers: 4
[763.116s][debug][gc,phases      ] GC(56)     Dead                           Min: 0, Avg:  0.0, Max: 0, Diff: 0, Sum: 0, Workers: 4
[763.116s][debug][gc,phases      ] GC(56)     Total                          Min: 0, Avg:  0.0, Max: 0, Diff: 0, Sum: 0, Workers: 4
[763.116s][debug][gc,phases      ] GC(56)   StringDedup Requests1 Weak     Min:  0.0, Avg:  0.0, Max:  0.0, Diff:  0.0, Sum:  0.0, Workers: 4
[763.116s][debug][gc,phases      ] GC(56)     Dead                           Min: 0, Avg:  0.0, Max: 0, Diff: 0, Sum: 0, Workers: 4
[763.116s][debug][gc,phases      ] GC(56)     Total                          Min: 0, Avg:  0.0, Max: 0, Diff: 0, Sum: 0, Workers: 4
[763.116s][debug][gc,phases      ] GC(56)   Weak JFR Old Object Samples    Min:  0.0, Avg:  0.0, Max:  0.0, Diff:  0.0, Sum:  0.0, Workers: 4
[763.116s][debug][gc,phases      ] GC(56)     Dead                           Min: 0, Avg:  0.0, Max: 0, Diff: 0, Sum: 0, Workers: 4
[763.116s][debug][gc,phases      ] GC(56)     Total                          Min: 0, Avg:  0.0, Max: 0, Diff: 0, Sum: 0, Workers: 4
[763.116s][debug][gc,phases      ] GC(56) Weak Processing 0.321ms
[763.116s][debug][gc,age         ] GC(56) Desired survivor size 131072000 bytes, new threshold 15 (max threshold 15)
[763.116s][info ][gc,heap        ] GC(56) PSYoungGen: 1818582K(1960448K)->3958K(1951232K) Eden: 1814528K(1814528K)->0K(1814528K) From: 4054K(145920K)->3958K(136704K)
[763.116s][info ][gc,heap        ] GC(56) ParOldGen: 338666K(386560K)->338674K(386560K)
[763.116s][info ][gc,metaspace   ] GC(56) Metaspace: 81399K(82368K)->81399K(82368K) NonClass: 69706K(70272K)->69706K(70272K) Class: 11693K(12096K)->11693K(12096K)
[763.116s][info ][gc             ] GC(56) Pause Young (Allocation Failure) 2106M->334M(2283M) 3.943ms
[763.116s][info ][gc,cpu         ] GC(56) User=0.01s Sys=0.00s Real=0.00s
[763.117s][info ][safepoint      ] Safepoint "ParallelGCFailedAllocation", Time since last: 6291864403 ns, Reaching safepoint: 33501 ns, At safepoint: 4005029 ns, Total: 4038530 ns
[767.117s][info ][safepoint      ] Safepoint "Cleanup", Time since last: 4000257969 ns, Reaching safepoint: 113401 ns, At safepoint: 6000 ns, Total: 119401 ns
[782.470s][info ][safepoint      ] Safepoint "Cleanup", Time since last: 15352972326 ns, Reaching safepoint: 44400 ns, At safepoint: 5400 ns, Total: 49800 ns
[784.565s][info ][gc,start       ] GC(57) Pause Young (Allocation Failure)
[784.569s][debug][gc,phases      ] GC(57) Scavenge 3.812ms
[784.569s][debug][gc,ref         ] GC(57) Skipped phase 1 of Reference Processing: no references
[784.569s][debug][gc,ref         ] GC(57) ReferenceProcessor::execute queues: 1, RefProcThreadModel::Single, marks_oops_alive: false
[784.569s][debug][gc,ref         ] GC(57) Skipped phase 3 of Reference Processing: no references
[784.569s][debug][gc,ref         ] GC(57) ReferenceProcessor::execute queues: 1, RefProcThreadModel::Single, marks_oops_alive: false
[784.569s][debug][gc,phases      ] GC(57) Reference Processing 0.089ms
[784.569s][debug][gc,phases      ] GC(57)   VM Weak                        Min:  0.0, Avg:  0.0, Max:  0.0, Diff:  0.0, Sum:  0.0, Workers: 4
[784.569s][debug][gc,phases      ] GC(57)     Dead                           Min: 0, Avg:  0.0, Max: 0, Diff: 0, Sum: 0, Workers: 4
[784.569s][debug][gc,phases      ] GC(57)     Total                          Min: 0, Avg: 205.2, Max: 640, Diff: 640, Sum: 821, Workers: 4
[784.569s][debug][gc,phases      ] GC(57)   ObjectSynchronizer Weak        Min:  0.0, Avg:  0.0, Max:  0.0, Diff:  0.0, Sum:  0.0, Workers: 4
[784.569s][debug][gc,phases      ] GC(57)     Dead                           Min: 0, Avg:  0.0, Max: 0, Diff: 0, Sum: 0, Workers: 4
[784.569s][debug][gc,phases      ] GC(57)     Total                          Min: 0, Avg:  8.2, Max: 33, Diff: 33, Sum: 33, Workers: 4
[784.569s][debug][gc,phases      ] GC(57)   JVMTI Tag Weak OopStorage      Min:  0.0, Avg:  0.0, Max:  0.0, Diff:  0.0, Sum:  0.0, Workers: 4
[784.569s][debug][gc,phases      ] GC(57)     Dead                           Min: 0, Avg:  0.0, Max: 0, Diff: 0, Sum: 0, Workers: 4
[784.569s][debug][gc,phases      ] GC(57)     Total                          Min: 0, Avg:  0.0, Max: 0, Diff: 0, Sum: 0, Workers: 4
[784.569s][debug][gc,phases      ] GC(57)   StringTable Weak               Min:  0.0, Avg:  0.1, Max:  0.1, Diff:  0.1, Sum:  0.3, Workers: 4
[784.569s][debug][gc,phases      ] GC(57)     Dead                           Min: 0, Avg:  0.0, Max: 0, Diff: 0, Sum: 0, Workers: 4
[784.569s][debug][gc,phases      ] GC(57)     Total                          Min: 0, Avg: 10916.2, Max: 18816, Diff: 18816, Sum: 43665, Workers: 4
[784.569s][debug][gc,phases      ] GC(57)   ResolvedMethodTable Weak       Min:  0.0, Avg:  0.0, Max:  0.0, Diff:  0.0, Sum:  0.1, Workers: 4
[784.569s][debug][gc,phases      ] GC(57)     Dead                           Min: 0, Avg:  0.0, Max: 0, Diff: 0, Sum: 0, Workers: 4
[784.569s][debug][gc,phases      ] GC(57)     Total                          Min: 0, Avg: 2344.0, Max: 4064, Diff: 4064, Sum: 9376, Workers: 4
[784.569s][debug][gc,phases      ] GC(57)   JNI Weak                       Min:  0.0, Avg:  0.0, Max:  0.0, Diff:  0.0, Sum:  0.0, Workers: 4
[784.569s][debug][gc,phases      ] GC(57)     Dead                           Min: 0, Avg:  0.0, Max: 0, Diff: 0, Sum: 0, Workers: 4
[784.569s][debug][gc,phases      ] GC(57)     Total                          Min: 0, Avg: 11.2, Max: 45, Diff: 45, Sum: 45, Workers: 4
[784.569s][debug][gc,phases      ] GC(57)   StringDedup Table Weak         Min:  0.0, Avg:  0.0, Max:  0.0, Diff:  0.0, Sum:  0.0, Workers: 4
[784.569s][debug][gc,phases      ] GC(57)     Dead                           Min: 0, Avg:  0.0, Max: 0, Diff: 0, Sum: 0, Workers: 4
[784.569s][debug][gc,phases      ] GC(57)     Total                          Min: 0, Avg:  0.0, Max: 0, Diff: 0, Sum: 0, Workers: 4
[784.569s][debug][gc,phases      ] GC(57)   StringDedup Requests0 Weak     Min:  0.0, Avg:  0.0, Max:  0.0, Diff:  0.0, Sum:  0.0, Workers: 4
[784.569s][debug][gc,phases      ] GC(57)     Dead                           Min: 0, Avg:  0.0, Max: 0, Diff: 0, Sum: 0, Workers: 4
[784.569s][debug][gc,phases      ] GC(57)     Total                          Min: 0, Avg:  0.0, Max: 0, Diff: 0, Sum: 0, Workers: 4
[784.569s][debug][gc,phases      ] GC(57)   StringDedup Requests1 Weak     Min:  0.0, Avg:  0.0, Max:  0.0, Diff:  0.0, Sum:  0.0, Workers: 4
[784.569s][debug][gc,phases      ] GC(57)     Dead                           Min: 0, Avg:  0.0, Max: 0, Diff: 0, Sum: 0, Workers: 4
[784.569s][debug][gc,phases      ] GC(57)     Total                          Min: 0, Avg:  0.0, Max: 0, Diff: 0, Sum: 0, Workers: 4
[784.569s][debug][gc,phases      ] GC(57)   Weak JFR Old Object Samples    Min:  0.0, Avg:  0.0, Max:  0.0, Diff:  0.0, Sum:  0.0, Workers: 4
[784.569s][debug][gc,phases      ] GC(57)     Dead                           Min: 0, Avg:  0.0, Max: 0, Diff: 0, Sum: 0, Workers: 4
[784.569s][debug][gc,phases      ] GC(57)     Total                          Min: 0, Avg:  0.0, Max: 0, Diff: 0, Sum: 0, Workers: 4
[784.569s][debug][gc,phases      ] GC(57) Weak Processing 0.301ms
[784.569s][debug][gc,age         ] GC(57) Desired survivor size 122159104 bytes, new threshold 15 (max threshold 15)
[784.569s][info ][gc,heap        ] GC(57) PSYoungGen: 1818486K(1951232K)->3974K(1977856K) Eden: 1814528K(1814528K)->0K(1849856K) From: 3958K(136704K)->3974K(128000K)
[784.569s][info ][gc,heap        ] GC(57) ParOldGen: 338674K(386560K)->338706K(386560K)
[784.569s][info ][gc,metaspace   ] GC(57) Metaspace: 81415K(82368K)->81415K(82368K) NonClass: 69722K(70272K)->69722K(70272K) Class: 11693K(12096K)->11693K(12096K)
[784.569s][info ][gc             ] GC(57) Pause Young (Allocation Failure) 2106M->334M(2309M) 4.311ms
[784.569s][info ][gc,cpu         ] GC(57) User=0.02s Sys=0.00s Real=0.00s
[784.569s][info ][safepoint      ] Safepoint "ParallelGCFailedAllocation", Time since last: 2094999367 ns, Reaching safepoint: 36200 ns, At safepoint: 4372132 ns, Total: 4408332 ns
[787.570s][info ][safepoint      ] Safepoint "Cleanup", Time since last: 3000205478 ns, Reaching safepoint: 33900 ns, At safepoint: 4000 ns, Total: 37900 ns
[792.570s][info ][safepoint      ] Safepoint "Cleanup", Time since last: 5000388703 ns, Reaching safepoint: 44700 ns, At safepoint: 4300 ns, Total: 49000 ns
[796.570s][info ][safepoint      ] Safepoint "Cleanup", Time since last: 4000273743 ns, Reaching safepoint: 48701 ns, At safepoint: 3000 ns, Total: 51701 ns
[798.571s][info ][safepoint      ] Safepoint "Cleanup", Time since last: 2000165922 ns, Reaching safepoint: 39200 ns, At safepoint: 2700 ns, Total: 41900 ns
[801.571s][info ][safepoint      ] Safepoint "Cleanup", Time since last: 3000233912 ns, Reaching safepoint: 47601 ns, At safepoint: 5800 ns, Total: 53401 ns
[802.571s][info ][safepoint      ] Safepoint "Cleanup", Time since last: 1000112303 ns, Reaching safepoint: 71401 ns, At safepoint: 2100 ns, Total: 73501 ns
[807.162s][info ][gc,start       ] GC(58) Pause Young (Allocation Failure)
[807.165s][debug][gc,phases      ] GC(58) Scavenge 3.789ms
[807.165s][debug][gc,ref         ] GC(58) Skipped phase 1 of Reference Processing: no references
[807.165s][debug][gc,ref         ] GC(58) ReferenceProcessor::execute queues: 1, RefProcThreadModel::Single, marks_oops_alive: false
[807.165s][debug][gc,ref         ] GC(58) Skipped phase 3 of Reference Processing: no references
[807.165s][debug][gc,ref         ] GC(58) ReferenceProcessor::execute queues: 1, RefProcThreadModel::Single, marks_oops_alive: false
[807.165s][debug][gc,phases      ] GC(58) Reference Processing 0.110ms
[807.166s][debug][gc,phases      ] GC(58)   VM Weak                        Min:  0.0, Avg:  0.0, Max:  0.0, Diff:  0.0, Sum:  0.0, Workers: 4
[807.166s][debug][gc,phases      ] GC(58)     Dead                           Min: 0, Avg:  0.0, Max: 0, Diff: 0, Sum: 0, Workers: 4
[807.166s][debug][gc,phases      ] GC(58)     Total                          Min: 0, Avg: 205.2, Max: 448, Diff: 448, Sum: 821, Workers: 4
[807.166s][debug][gc,phases      ] GC(58)   ObjectSynchronizer Weak        Min:  0.0, Avg:  0.0, Max:  0.0, Diff:  0.0, Sum:  0.0, Workers: 4
[807.166s][debug][gc,phases      ] GC(58)     Dead                           Min: 0, Avg:  0.0, Max: 0, Diff: 0, Sum: 0, Workers: 4
[807.166s][debug][gc,phases      ] GC(58)     Total                          Min: 0, Avg:  8.2, Max: 33, Diff: 33, Sum: 33, Workers: 4
[807.166s][debug][gc,phases      ] GC(58)   JVMTI Tag Weak OopStorage      Min:  0.0, Avg:  0.0, Max:  0.0, Diff:  0.0, Sum:  0.0, Workers: 4
[807.166s][debug][gc,phases      ] GC(58)     Dead                           Min: 0, Avg:  0.0, Max: 0, Diff: 0, Sum: 0, Workers: 4
[807.166s][debug][gc,phases      ] GC(58)     Total                          Min: 0, Avg:  0.0, Max: 0, Diff: 0, Sum: 0, Workers: 4
[807.166s][debug][gc,phases      ] GC(58)   StringTable Weak               Min:  0.0, Avg:  0.1, Max:  0.2, Diff:  0.2, Sum:  0.3, Workers: 4
[807.166s][debug][gc,phases      ] GC(58)     Dead                           Min: 0, Avg:  0.0, Max: 0, Diff: 0, Sum: 0, Workers: 4
[807.166s][debug][gc,phases      ] GC(58)     Total                          Min: 0, Avg: 10916.5, Max: 26578, Diff: 26578, Sum: 43666, Workers: 4
[807.166s][debug][gc,phases      ] GC(58)   ResolvedMethodTable Weak       Min:  0.0, Avg:  0.0, Max:  0.0, Diff:  0.0, Sum:  0.1, Workers: 4
[807.166s][debug][gc,phases      ] GC(58)     Dead                           Min: 0, Avg:  0.0, Max: 0, Diff: 0, Sum: 0, Workers: 4
[807.166s][debug][gc,phases      ] GC(58)     Total                          Min: 0, Avg: 2344.0, Max: 5555, Diff: 5555, Sum: 9376, Workers: 4
[807.166s][debug][gc,phases      ] GC(58)   JNI Weak                       Min:  0.0, Avg:  0.0, Max:  0.0, Diff:  0.0, Sum:  0.0, Workers: 4
[807.166s][debug][gc,phases      ] GC(58)     Dead                           Min: 0, Avg:  0.0, Max: 0, Diff: 0, Sum: 0, Workers: 4
[807.166s][debug][gc,phases      ] GC(58)     Total                          Min: 0, Avg: 11.2, Max: 45, Diff: 45, Sum: 45, Workers: 4
[807.166s][debug][gc,phases      ] GC(58)   StringDedup Table Weak         Min:  0.0, Avg:  0.0, Max:  0.0, Diff:  0.0, Sum:  0.0, Workers: 4
[807.166s][debug][gc,phases      ] GC(58)     Dead                           Min: 0, Avg:  0.0, Max: 0, Diff: 0, Sum: 0, Workers: 4
[807.166s][debug][gc,phases      ] GC(58)     Total                          Min: 0, Avg:  0.0, Max: 0, Diff: 0, Sum: 0, Workers: 4
[807.166s][debug][gc,phases      ] GC(58)   StringDedup Requests0 Weak     Min:  0.0, Avg:  0.0, Max:  0.0, Diff:  0.0, Sum:  0.0, Workers: 4
[807.166s][debug][gc,phases      ] GC(58)     Dead                           Min: 0, Avg:  0.0, Max: 0, Diff: 0, Sum: 0, Workers: 4
[807.166s][debug][gc,phases      ] GC(58)     Total                          Min: 0, Avg:  0.0, Max: 0, Diff: 0, Sum: 0, Workers: 4
[807.166s][debug][gc,phases      ] GC(58)   StringDedup Requests1 Weak     Min:  0.0, Avg:  0.0, Max:  0.0, Diff:  0.0, Sum:  0.0, Workers: 4
[807.166s][debug][gc,phases      ] GC(58)     Dead                           Min: 0, Avg:  0.0, Max: 0, Diff: 0, Sum: 0, Workers: 4
[807.166s][debug][gc,phases      ] GC(58)     Total                          Min: 0, Avg:  0.0, Max: 0, Diff: 0, Sum: 0, Workers: 4
[807.166s][debug][gc,phases      ] GC(58)   Weak JFR Old Object Samples    Min:  0.0, Avg:  0.0, Max:  0.0, Diff:  0.0, Sum:  0.0, Workers: 4
[807.166s][debug][gc,phases      ] GC(58)     Dead                           Min: 0, Avg:  0.0, Max: 0, Diff: 0, Sum: 0, Workers: 4
[807.166s][debug][gc,phases      ] GC(58)     Total                          Min: 0, Avg:  0.0, Max: 0, Diff: 0, Sum: 0, Workers: 4
[807.166s][debug][gc,phases      ] GC(58) Weak Processing 0.382ms
[807.166s][debug][gc,age         ] GC(58) Desired survivor size 114294784 bytes, new threshold 15 (max threshold 15)
[807.166s][info ][gc,heap        ] GC(58) PSYoungGen: 1853830K(1977856K)->4006K(1969152K) Eden: 1849856K(1849856K)->0K(1849856K) From: 3974K(128000K)->4006K(119296K)
[807.166s][info ][gc,heap        ] GC(58) ParOldGen: 338706K(386560K)->338746K(386560K)
[807.166s][info ][gc,metaspace   ] GC(58) Metaspace: 81423K(82432K)->81423K(82432K) NonClass: 69729K(70336K)->69729K(70336K) Class: 11693K(12096K)->11693K(12096K)
[807.166s][info ][gc             ] GC(58) Pause Young (Allocation Failure) 2141M->334M(2300M) 4.405ms
[807.166s][info ][gc,cpu         ] GC(58) User=0.01s Sys=0.00s Real=0.00s
[807.166s][info ][safepoint      ] Safepoint "ParallelGCFailedAllocation", Time since last: 4590422170 ns, Reaching safepoint: 31400 ns, At safepoint: 4475732 ns, Total: 4507132 ns
[811.166s][info ][safepoint      ] Safepoint "Cleanup", Time since last: 4000307018 ns, Reaching safepoint: 99500 ns, At safepoint: 3200 ns, Total: 102700 ns
[812.167s][info ][safepoint      ] Safepoint "Cleanup", Time since last: 1000110455 ns, Reaching safepoint: 109801 ns, At safepoint: 5300 ns, Total: 115101 ns
[813.167s][info ][safepoint      ] Safepoint "Cleanup", Time since last: 1000119154 ns, Reaching safepoint: 111101 ns, At safepoint: 6400 ns, Total: 117501 ns
[815.167s][info ][safepoint      ] Safepoint "Cleanup", Time since last: 2000177454 ns, Reaching safepoint: 97401 ns, At safepoint: 8300 ns, Total: 105701 ns
[816.167s][info ][safepoint      ] Safepoint "Cleanup", Time since last: 1000104681 ns, Reaching safepoint: 44200 ns, At safepoint: 3000 ns, Total: 47200 ns
[820.168s][info ][safepoint      ] Safepoint "Cleanup", Time since last: 4000532524 ns, Reaching safepoint: 50400 ns, At safepoint: 22100 ns, Total: 72500 ns
[824.168s][info ][safepoint      ] Safepoint "Cleanup", Time since last: 4000270023 ns, Reaching safepoint: 115500 ns, At safepoint: 7101 ns, Total: 122601 ns
[825.168s][info ][safepoint      ] Safepoint "Cleanup", Time since last: 1000106481 ns, Reaching safepoint: 42800 ns, At safepoint: 3100 ns, Total: 45900 ns
[826.169s][info ][safepoint      ] Safepoint "Cleanup", Time since last: 1000113181 ns, Reaching safepoint: 40900 ns, At safepoint: 2800 ns, Total: 43700 ns
[828.764s][info ][gc,start       ] GC(59) Pause Young (Allocation Failure)
[828.770s][debug][gc,phases      ] GC(59) Scavenge 5.625ms
[828.770s][debug][gc,ref         ] GC(59) Skipped phase 1 of Reference Processing: no references
[828.770s][debug][gc,ref         ] GC(59) ReferenceProcessor::execute queues: 1, RefProcThreadModel::Single, marks_oops_alive: false
[828.770s][debug][gc,ref         ] GC(59) Skipped phase 3 of Reference Processing: no references
[828.770s][debug][gc,ref         ] GC(59) ReferenceProcessor::execute queues: 1, RefProcThreadModel::Single, marks_oops_alive: false
[828.770s][debug][gc,phases      ] GC(59) Reference Processing 0.092ms
[828.770s][debug][gc,phases      ] GC(59)   VM Weak                        Min:  0.0, Avg:  0.0, Max:  0.0, Diff:  0.0, Sum:  0.0, Workers: 4
[828.770s][debug][gc,phases      ] GC(59)     Dead                           Min: 0, Avg:  0.0, Max: 0, Diff: 0, Sum: 0, Workers: 4
[828.770s][debug][gc,phases      ] GC(59)     Total                          Min: 0, Avg: 205.2, Max: 384, Diff: 384, Sum: 821, Workers: 4
[828.770s][debug][gc,phases      ] GC(59)   ObjectSynchronizer Weak        Min:  0.0, Avg:  0.0, Max:  0.0, Diff:  0.0, Sum:  0.0, Workers: 4
[828.770s][debug][gc,phases      ] GC(59)     Dead                           Min: 0, Avg:  0.0, Max: 0, Diff: 0, Sum: 0, Workers: 4
[828.770s][debug][gc,phases      ] GC(59)     Total                          Min: 0, Avg:  8.2, Max: 33, Diff: 33, Sum: 33, Workers: 4
[828.770s][debug][gc,phases      ] GC(59)   JVMTI Tag Weak OopStorage      Min:  0.0, Avg:  0.0, Max:  0.0, Diff:  0.0, Sum:  0.0, Workers: 4
[828.770s][debug][gc,phases      ] GC(59)     Dead                           Min: 0, Avg:  0.0, Max: 0, Diff: 0, Sum: 0, Workers: 4
[828.770s][debug][gc,phases      ] GC(59)     Total                          Min: 0, Avg:  0.0, Max: 0, Diff: 0, Sum: 0, Workers: 4
[828.770s][debug][gc,phases      ] GC(59)   StringTable Weak               Min:  0.1, Avg:  0.1, Max:  0.1, Diff:  0.0, Sum:  0.4, Workers: 4
[828.770s][debug][gc,phases      ] GC(59)     Dead                           Min: 0, Avg:  0.0, Max: 0, Diff: 0, Sum: 0, Workers: 4
[828.770s][debug][gc,phases      ] GC(59)     Total                          Min: 9938, Avg: 10916.5, Max: 12288, Diff: 2350, Sum: 43666, Workers: 4
[828.770s][debug][gc,phases      ] GC(59)   ResolvedMethodTable Weak       Min:  0.0, Avg:  0.0, Max:  0.0, Diff:  0.0, Sum:  0.1, Workers: 4
[828.770s][debug][gc,phases      ] GC(59)     Dead                           Min: 0, Avg:  0.2, Max: 1, Diff: 1, Sum: 1, Workers: 4
[828.770s][debug][gc,phases      ] GC(59)     Total                          Min: 2163, Avg: 2344.2, Max: 2688, Diff: 525, Sum: 9377, Workers: 4
[828.770s][debug][gc,phases      ] GC(59)   JNI Weak                       Min:  0.0, Avg:  0.0, Max:  0.0, Diff:  0.0, Sum:  0.0, Workers: 4
[828.770s][debug][gc,phases      ] GC(59)     Dead                           Min: 0, Avg:  0.0, Max: 0, Diff: 0, Sum: 0, Workers: 4
[828.770s][debug][gc,phases      ] GC(59)     Total                          Min: 0, Avg: 11.2, Max: 45, Diff: 45, Sum: 45, Workers: 4
[828.770s][debug][gc,phases      ] GC(59)   StringDedup Table Weak         Min:  0.0, Avg:  0.0, Max:  0.0, Diff:  0.0, Sum:  0.0, Workers: 4
[828.770s][debug][gc,phases      ] GC(59)     Dead                           Min: 0, Avg:  0.0, Max: 0, Diff: 0, Sum: 0, Workers: 4
[828.770s][debug][gc,phases      ] GC(59)     Total                          Min: 0, Avg:  0.0, Max: 0, Diff: 0, Sum: 0, Workers: 4
[828.770s][debug][gc,phases      ] GC(59)   StringDedup Requests0 Weak     Min:  0.0, Avg:  0.0, Max:  0.0, Diff:  0.0, Sum:  0.0, Workers: 4
[828.770s][debug][gc,phases      ] GC(59)     Dead                           Min: 0, Avg:  0.0, Max: 0, Diff: 0, Sum: 0, Workers: 4
[828.770s][debug][gc,phases      ] GC(59)     Total                          Min: 0, Avg:  0.0, Max: 0, Diff: 0, Sum: 0, Workers: 4
[828.770s][debug][gc,phases      ] GC(59)   StringDedup Requests1 Weak     Min:  0.0, Avg:  0.0, Max:  0.0, Diff:  0.0, Sum:  0.0, Workers: 4
[828.770s][debug][gc,phases      ] GC(59)     Dead                           Min: 0, Avg:  0.0, Max: 0, Diff: 0, Sum: 0, Workers: 4
[828.770s][debug][gc,phases      ] GC(59)     Total                          Min: 0, Avg:  0.0, Max: 0, Diff: 0, Sum: 0, Workers: 4
[828.770s][debug][gc,phases      ] GC(59)   Weak JFR Old Object Samples    Min:  0.0, Avg:  0.0, Max:  0.0, Diff:  0.0, Sum:  0.0, Workers: 4
[828.770s][debug][gc,phases      ] GC(59)     Dead                           Min: 0, Avg:  0.0, Max: 0, Diff: 0, Sum: 0, Workers: 4
[828.770s][debug][gc,phases      ] GC(59)     Total                          Min: 0, Avg:  0.0, Max: 0, Diff: 0, Sum: 0, Workers: 4
[828.770s][debug][gc,phases      ] GC(59) Weak Processing 0.275ms
[828.770s][debug][gc,age         ] GC(59) Desired survivor size 106430464 bytes, new threshold 15 (max threshold 15)
[828.770s][info ][gc,heap        ] GC(59) PSYoungGen: 1853862K(1969152K)->3942K(1993216K) Eden: 1849856K(1849856K)->0K(1881600K) From: 4006K(119296K)->3942K(111616K)
[828.770s][info ][gc,heap        ] GC(59) ParOldGen: 338746K(386560K)->338770K(386560K)
[828.770s][info ][gc,metaspace   ] GC(59) Metaspace: 81440K(82432K)->81440K(82432K) NonClass: 69747K(70336K)->69747K(70336K) Class: 11693K(12096K)->11693K(12096K)
[828.770s][info ][gc             ] GC(59) Pause Young (Allocation Failure) 2141M->334M(2324M) 6.102ms
[828.770s][info ][gc,cpu         ] GC(59) User=0.01s Sys=0.00s Real=0.00s
[828.770s][info ][safepoint      ] Safepoint "ParallelGCFailedAllocation", Time since last: 2595465596 ns, Reaching safepoint: 25400 ns, At safepoint: 6165645 ns, Total: 6191045 ns
[834.771s][info ][safepoint      ] Safepoint "Cleanup", Time since last: 6000310540 ns, Reaching safepoint: 43500 ns, At safepoint: 9000 ns, Total: 52500 ns
[838.771s][info ][safepoint      ] Safepoint "Cleanup", Time since last: 4000300478 ns, Reaching safepoint: 42600 ns, At safepoint: 2400 ns, Total: 45000 ns
[839.771s][info ][safepoint      ] Safepoint "Cleanup", Time since last: 1000106252 ns, Reaching safepoint: 42200 ns, At safepoint: 2700 ns, Total: 44900 ns
[847.772s][info ][safepoint      ] Safepoint "Cleanup", Time since last: 8000483046 ns, Reaching safepoint: 57400 ns, At safepoint: 3200 ns, Total: 60600 ns
[851.313s][info ][gc,start       ] GC(60) Pause Young (Allocation Failure)
[851.318s][debug][gc,phases      ] GC(60) Scavenge 4.845ms
[851.318s][debug][gc,ref         ] GC(60) Skipped phase 1 of Reference Processing: no references
[851.318s][debug][gc,ref         ] GC(60) ReferenceProcessor::execute queues: 1, RefProcThreadModel::Single, marks_oops_alive: false
[851.318s][debug][gc,ref         ] GC(60) Skipped phase 3 of Reference Processing: no references
[851.318s][debug][gc,ref         ] GC(60) ReferenceProcessor::execute queues: 1, RefProcThreadModel::Single, marks_oops_alive: false
[851.318s][debug][gc,phases      ] GC(60) Reference Processing 0.098ms
[851.318s][debug][gc,phases      ] GC(60)   VM Weak                        Min:  0.0, Avg:  0.0, Max:  0.0, Diff:  0.0, Sum:  0.0, Workers: 4
[851.318s][debug][gc,phases      ] GC(60)     Dead                           Min: 0, Avg:  0.0, Max: 0, Diff: 0, Sum: 0, Workers: 4
[851.318s][debug][gc,phases      ] GC(60)     Total                          Min: 0, Avg: 205.2, Max: 437, Diff: 437, Sum: 821, Workers: 4
[851.318s][debug][gc,phases      ] GC(60)   ObjectSynchronizer Weak        Min:  0.0, Avg:  0.0, Max:  0.0, Diff:  0.0, Sum:  0.0, Workers: 4
[851.318s][debug][gc,phases      ] GC(60)     Dead                           Min: 0, Avg:  0.0, Max: 0, Diff: 0, Sum: 0, Workers: 4
[851.318s][debug][gc,phases      ] GC(60)     Total                          Min: 0, Avg:  8.2, Max: 33, Diff: 33, Sum: 33, Workers: 4
[851.318s][debug][gc,phases      ] GC(60)   JVMTI Tag Weak OopStorage      Min:  0.0, Avg:  0.0, Max:  0.0, Diff:  0.0, Sum:  0.0, Workers: 4
[851.318s][debug][gc,phases      ] GC(60)     Dead                           Min: 0, Avg:  0.0, Max: 0, Diff: 0, Sum: 0, Workers: 4
[851.318s][debug][gc,phases      ] GC(60)     Total                          Min: 0, Avg:  0.0, Max: 0, Diff: 0, Sum: 0, Workers: 4
[851.318s][debug][gc,phases      ] GC(60)   StringTable Weak               Min:  0.0, Avg:  0.1, Max:  0.1, Diff:  0.1, Sum:  0.3, Workers: 4
[851.318s][debug][gc,phases      ] GC(60)     Dead                           Min: 0, Avg:  0.0, Max: 0, Diff: 0, Sum: 0, Workers: 4
[851.318s][debug][gc,phases      ] GC(60)     Total                          Min: 0, Avg: 10917.8, Max: 17943, Diff: 17943, Sum: 43671, Workers: 4
[851.318s][debug][gc,phases      ] GC(60)   ResolvedMethodTable Weak       Min:  0.0, Avg:  0.0, Max:  0.0, Diff:  0.0, Sum:  0.1, Workers: 4
[851.318s][debug][gc,phases      ] GC(60)     Dead                           Min: 0, Avg:  0.0, Max: 0, Diff: 0, Sum: 0, Workers: 4
[851.318s][debug][gc,phases      ] GC(60)     Total                          Min: 0, Avg: 2344.5, Max: 3968, Diff: 3968, Sum: 9378, Workers: 4
[851.318s][debug][gc,phases      ] GC(60)   JNI Weak                       Min:  0.0, Avg:  0.0, Max:  0.0, Diff:  0.0, Sum:  0.0, Workers: 4
[851.318s][debug][gc,phases      ] GC(60)     Dead                           Min: 0, Avg:  0.0, Max: 0, Diff: 0, Sum: 0, Workers: 4
[851.318s][debug][gc,phases      ] GC(60)     Total                          Min: 0, Avg: 11.2, Max: 45, Diff: 45, Sum: 45, Workers: 4
[851.318s][debug][gc,phases      ] GC(60)   StringDedup Table Weak         Min:  0.0, Avg:  0.0, Max:  0.0, Diff:  0.0, Sum:  0.0, Workers: 4
[851.318s][debug][gc,phases      ] GC(60)     Dead                           Min: 0, Avg:  0.0, Max: 0, Diff: 0, Sum: 0, Workers: 4
[851.318s][debug][gc,phases      ] GC(60)     Total                          Min: 0, Avg:  0.0, Max: 0, Diff: 0, Sum: 0, Workers: 4
[851.318s][debug][gc,phases      ] GC(60)   StringDedup Requests0 Weak     Min:  0.0, Avg:  0.0, Max:  0.0, Diff:  0.0, Sum:  0.0, Workers: 4
[851.318s][debug][gc,phases      ] GC(60)     Dead                           Min: 0, Avg:  0.0, Max: 0, Diff: 0, Sum: 0, Workers: 4
[851.318s][debug][gc,phases      ] GC(60)     Total                          Min: 0, Avg:  0.0, Max: 0, Diff: 0, Sum: 0, Workers: 4
[851.318s][debug][gc,phases      ] GC(60)   StringDedup Requests1 Weak     Min:  0.0, Avg:  0.0, Max:  0.0, Diff:  0.0, Sum:  0.0, Workers: 4
[851.318s][debug][gc,phases      ] GC(60)     Dead                           Min: 0, Avg:  0.0, Max: 0, Diff: 0, Sum: 0, Workers: 4
[851.318s][debug][gc,phases      ] GC(60)     Total                          Min: 0, Avg:  0.0, Max: 0, Diff: 0, Sum: 0, Workers: 4
[851.318s][debug][gc,phases      ] GC(60)   Weak JFR Old Object Samples    Min:  0.0, Avg:  0.0, Max:  0.0, Diff:  0.0, Sum:  0.0, Workers: 4
[851.318s][debug][gc,phases      ] GC(60)     Dead                           Min: 0, Avg:  0.0, Max: 0, Diff: 0, Sum: 0, Workers: 4
[851.318s][debug][gc,phases      ] GC(60)     Total                          Min: 0, Avg:  0.0, Max: 0, Diff: 0, Sum: 0, Workers: 4
[851.318s][debug][gc,phases      ] GC(60) Weak Processing 0.307ms
[851.318s][debug][gc,age         ] GC(60) Desired survivor size 99090432 bytes, new threshold 15 (max threshold 15)
[851.318s][info ][gc,heap        ] GC(60) PSYoungGen: 1885542K(1993216K)->3942K(1985536K) Eden: 1881600K(1881600K)->0K(1881600K) From: 3942K(111616K)->3942K(103936K)
[851.318s][info ][gc,heap        ] GC(60) ParOldGen: 338770K(386560K)->338810K(386560K)
[851.318s][info ][gc,metaspace   ] GC(60) Metaspace: 81452K(82496K)->81452K(82496K) NonClass: 69758K(70336K)->69758K(70336K) Class: 11694K(12160K)->11694K(12160K)
[851.318s][info ][gc             ] GC(60) Pause Young (Allocation Failure) 2172M->334M(2316M) 5.359ms
[851.318s][info ][gc,cpu         ] GC(60) User=0.02s Sys=0.00s Real=0.00s
[851.318s][info ][safepoint      ] Safepoint "ParallelGCFailedAllocation", Time since last: 3541018521 ns, Reaching safepoint: 40700 ns, At safepoint: 5451539 ns, Total: 5492239 ns
[852.318s][info ][safepoint      ] Safepoint "Cleanup", Time since last: 1000077379 ns, Reaching safepoint: 47201 ns, At safepoint: 3600 ns, Total: 50801 ns
[855.319s][info ][safepoint      ] Safepoint "Cleanup", Time since last: 3000227561 ns, Reaching safepoint: 38701 ns, At safepoint: 2700 ns, Total: 41401 ns
[857.319s][info ][safepoint      ] Safepoint "Cleanup", Time since last: 2000171657 ns, Reaching safepoint: 37101 ns, At safepoint: 4800 ns, Total: 41901 ns
[868.319s][info ][safepoint      ] Safepoint "Cleanup", Time since last: 11000705183 ns, Reaching safepoint: 50200 ns, At safepoint: 4000 ns, Total: 54200 ns
[871.320s][info ][safepoint      ] Safepoint "Cleanup", Time since last: 3000244602 ns, Reaching safepoint: 54901 ns, At safepoint: 3400 ns, Total: 58301 ns
[874.715s][info ][gc,start       ] GC(61) Pause Young (Allocation Failure)
[874.720s][debug][gc,phases      ] GC(61) Scavenge 4.644ms
[874.720s][debug][gc,ref         ] GC(61) Skipped phase 1 of Reference Processing: no references
[874.720s][debug][gc,ref         ] GC(61) ReferenceProcessor::execute queues: 1, RefProcThreadModel::Single, marks_oops_alive: false
[874.720s][debug][gc,ref         ] GC(61) Skipped phase 3 of Reference Processing: no references
[874.720s][debug][gc,ref         ] GC(61) ReferenceProcessor::execute queues: 1, RefProcThreadModel::Single, marks_oops_alive: false
[874.720s][debug][gc,phases      ] GC(61) Reference Processing 0.104ms
[874.720s][debug][gc,phases      ] GC(61)   VM Weak                        Min:  0.0, Avg:  0.0, Max:  0.0, Diff:  0.0, Sum:  0.0, Workers: 4
[874.720s][debug][gc,phases      ] GC(61)     Dead                           Min: 0, Avg:  0.0, Max: 0, Diff: 0, Sum: 0, Workers: 4
[874.720s][debug][gc,phases      ] GC(61)     Total                          Min: 0, Avg: 205.2, Max: 757, Diff: 757, Sum: 821, Workers: 4
[874.720s][debug][gc,phases      ] GC(61)   ObjectSynchronizer Weak        Min:  0.0, Avg:  0.0, Max:  0.0, Diff:  0.0, Sum:  0.0, Workers: 4
[874.720s][debug][gc,phases      ] GC(61)     Dead                           Min: 0, Avg:  0.0, Max: 0, Diff: 0, Sum: 0, Workers: 4
[874.720s][debug][gc,phases      ] GC(61)     Total                          Min: 0, Avg:  8.2, Max: 33, Diff: 33, Sum: 33, Workers: 4
[874.720s][debug][gc,phases      ] GC(61)   JVMTI Tag Weak OopStorage      Min:  0.0, Avg:  0.0, Max:  0.0, Diff:  0.0, Sum:  0.0, Workers: 4
[874.720s][debug][gc,phases      ] GC(61)     Dead                           Min: 0, Avg:  0.0, Max: 0, Diff: 0, Sum: 0, Workers: 4
[874.720s][debug][gc,phases      ] GC(61)     Total                          Min: 0, Avg:  0.0, Max: 0, Diff: 0, Sum: 0, Workers: 4
[874.720s][debug][gc,phases      ] GC(61)   StringTable Weak               Min:  0.1, Avg:  0.1, Max:  0.1, Diff:  0.0, Sum:  0.4, Workers: 4
[874.720s][debug][gc,phases      ] GC(61)     Dead                           Min: 0, Avg:  0.0, Max: 0, Diff: 0, Sum: 0, Workers: 4
[874.720s][debug][gc,phases      ] GC(61)     Total                          Min: 10048, Avg: 10917.8, Max: 12631, Diff: 2583, Sum: 43671, Workers: 4
[874.720s][debug][gc,phases      ] GC(61)   ResolvedMethodTable Weak       Min:  0.0, Avg:  0.0, Max:  0.0, Diff:  0.0, Sum:  0.1, Workers: 4
[874.720s][debug][gc,phases      ] GC(61)     Dead                           Min: 0, Avg:  0.0, Max: 0, Diff: 0, Sum: 0, Workers: 4
[874.720s][debug][gc,phases      ] GC(61)     Total                          Min: 1728, Avg: 2344.5, Max: 2752, Diff: 1024, Sum: 9378, Workers: 4
[874.720s][debug][gc,phases      ] GC(61)   JNI Weak                       Min:  0.0, Avg:  0.0, Max:  0.0, Diff:  0.0, Sum:  0.0, Workers: 4
[874.720s][debug][gc,phases      ] GC(61)     Dead                           Min: 0, Avg:  0.0, Max: 0, Diff: 0, Sum: 0, Workers: 4
[874.720s][debug][gc,phases      ] GC(61)     Total                          Min: 0, Avg: 11.2, Max: 45, Diff: 45, Sum: 45, Workers: 4
[874.720s][debug][gc,phases      ] GC(61)   StringDedup Table Weak         Min:  0.0, Avg:  0.0, Max:  0.0, Diff:  0.0, Sum:  0.0, Workers: 4
[874.720s][debug][gc,phases      ] GC(61)     Dead                           Min: 0, Avg:  0.0, Max: 0, Diff: 0, Sum: 0, Workers: 4
[874.720s][debug][gc,phases      ] GC(61)     Total                          Min: 0, Avg:  0.0, Max: 0, Diff: 0, Sum: 0, Workers: 4
[874.720s][debug][gc,phases      ] GC(61)   StringDedup Requests0 Weak     Min:  0.0, Avg:  0.0, Max:  0.0, Diff:  0.0, Sum:  0.0, Workers: 4
[874.720s][debug][gc,phases      ] GC(61)     Dead                           Min: 0, Avg:  0.0, Max: 0, Diff: 0, Sum: 0, Workers: 4
[874.720s][debug][gc,phases      ] GC(61)     Total                          Min: 0, Avg:  0.0, Max: 0, Diff: 0, Sum: 0, Workers: 4
[874.720s][debug][gc,phases      ] GC(61)   StringDedup Requests1 Weak     Min:  0.0, Avg:  0.0, Max:  0.0, Diff:  0.0, Sum:  0.0, Workers: 4
[874.720s][debug][gc,phases      ] GC(61)     Dead                           Min: 0, Avg:  0.0, Max: 0, Diff: 0, Sum: 0, Workers: 4
[874.720s][debug][gc,phases      ] GC(61)     Total                          Min: 0, Avg:  0.0, Max: 0, Diff: 0, Sum: 0, Workers: 4
[874.720s][debug][gc,phases      ] GC(61)   Weak JFR Old Object Samples    Min:  0.0, Avg:  0.0, Max:  0.0, Diff:  0.0, Sum:  0.0, Workers: 4
[874.720s][debug][gc,phases      ] GC(61)     Dead                           Min: 0, Avg:  0.0, Max: 0, Diff: 0, Sum: 0, Workers: 4
[874.720s][debug][gc,phases      ] GC(61)     Total                          Min: 0, Avg:  0.0, Max: 0, Diff: 0, Sum: 0, Workers: 4
[874.720s][debug][gc,phases      ] GC(61) Weak Processing 0.275ms
[874.720s][debug][gc,age         ] GC(61) Desired survivor size 92798976 bytes, new threshold 15 (max threshold 15)
[874.720s][info ][gc,heap        ] GC(61) PSYoungGen: 1885542K(1985536K)->2032K(2006528K) Eden: 1881600K(1881600K)->0K(1909760K) From: 3942K(103936K)->2032K(96768K)
[874.720s][info ][gc,heap        ] GC(61) ParOldGen: 338810K(386560K)->340788K(386560K)
[874.720s][info ][gc,metaspace   ] GC(61) Metaspace: 81457K(82496K)->81457K(82496K) NonClass: 69762K(70336K)->69762K(70336K) Class: 11694K(12160K)->11694K(12160K)
[874.720s][info ][gc             ] GC(61) Pause Young (Allocation Failure) 2172M->334M(2337M) 5.130ms
[874.720s][info ][gc,cpu         ] GC(61) User=0.00s Sys=0.02s Real=0.01s
[874.720s][info ][safepoint      ] Safepoint "ParallelGCFailedAllocation", Time since last: 3394962083 ns, Reaching safepoint: 40700 ns, At safepoint: 5192337 ns, Total: 5233037 ns
[898.763s][info ][gc,start       ] GC(62) Pause Young (Allocation Failure)
[898.767s][debug][gc,phases      ] GC(62) Scavenge 4.331ms
[898.767s][debug][gc,ref         ] GC(62) Skipped phase 1 of Reference Processing: no references
[898.767s][debug][gc,ref         ] GC(62) ReferenceProcessor::execute queues: 1, RefProcThreadModel::Single, marks_oops_alive: false
[898.767s][debug][gc,ref         ] GC(62) Skipped phase 3 of Reference Processing: no references
[898.767s][debug][gc,ref         ] GC(62) ReferenceProcessor::execute queues: 1, RefProcThreadModel::Single, marks_oops_alive: false
[898.768s][debug][gc,phases      ] GC(62) Reference Processing 0.135ms
[898.768s][debug][gc,phases      ] GC(62)   VM Weak                        Min:  0.0, Avg:  0.0, Max:  0.0, Diff:  0.0, Sum:  0.0, Workers: 4
[898.768s][debug][gc,phases      ] GC(62)     Dead                           Min: 0, Avg:  0.0, Max: 0, Diff: 0, Sum: 0, Workers: 4
[898.768s][debug][gc,phases      ] GC(62)     Total                          Min: 0, Avg: 205.2, Max: 437, Diff: 437, Sum: 821, Workers: 4
[898.768s][debug][gc,phases      ] GC(62)   ObjectSynchronizer Weak        Min:  0.0, Avg:  0.0, Max:  0.0, Diff:  0.0, Sum:  0.0, Workers: 4
[898.768s][debug][gc,phases      ] GC(62)     Dead                           Min: 0, Avg:  0.0, Max: 0, Diff: 0, Sum: 0, Workers: 4
[898.768s][debug][gc,phases      ] GC(62)     Total                          Min: 0, Avg:  8.2, Max: 33, Diff: 33, Sum: 33, Workers: 4
[898.768s][debug][gc,phases      ] GC(62)   JVMTI Tag Weak OopStorage      Min:  0.0, Avg:  0.0, Max:  0.0, Diff:  0.0, Sum:  0.0, Workers: 4
[898.768s][debug][gc,phases      ] GC(62)     Dead                           Min: 0, Avg:  0.0, Max: 0, Diff: 0, Sum: 0, Workers: 4
[898.768s][debug][gc,phases      ] GC(62)     Total                          Min: 0, Avg:  0.0, Max: 0, Diff: 0, Sum: 0, Workers: 4
[898.768s][debug][gc,phases      ] GC(62)   StringTable Weak               Min:  0.0, Avg:  0.1, Max:  0.1, Diff:  0.1, Sum:  0.3, Workers: 4
[898.768s][debug][gc,phases      ] GC(62)     Dead                           Min: 0, Avg:  0.0, Max: 0, Diff: 0, Sum: 0, Workers: 4
[898.768s][debug][gc,phases      ] GC(62)     Total                          Min: 0, Avg: 10917.8, Max: 17216, Diff: 17216, Sum: 43671, Workers: 4
[898.768s][debug][gc,phases      ] GC(62)   ResolvedMethodTable Weak       Min:  0.0, Avg:  0.0, Max:  0.0, Diff:  0.0, Sum:  0.1, Workers: 4
[898.768s][debug][gc,phases      ] GC(62)     Dead                           Min: 0, Avg:  0.0, Max: 0, Diff: 0, Sum: 0, Workers: 4
[898.768s][debug][gc,phases      ] GC(62)     Total                          Min: 0, Avg: 2344.5, Max: 3840, Diff: 3840, Sum: 9378, Workers: 4
[898.768s][debug][gc,phases      ] GC(62)   JNI Weak                       Min:  0.0, Avg:  0.0, Max:  0.0, Diff:  0.0, Sum:  0.0, Workers: 4
[898.768s][debug][gc,phases      ] GC(62)     Dead                           Min: 0, Avg:  0.0, Max: 0, Diff: 0, Sum: 0, Workers: 4
[898.768s][debug][gc,phases      ] GC(62)     Total                          Min: 0, Avg: 11.2, Max: 45, Diff: 45, Sum: 45, Workers: 4
[898.768s][debug][gc,phases      ] GC(62)   StringDedup Table Weak         Min:  0.0, Avg:  0.0, Max:  0.0, Diff:  0.0, Sum:  0.0, Workers: 4
[898.768s][debug][gc,phases      ] GC(62)     Dead                           Min: 0, Avg:  0.0, Max: 0, Diff: 0, Sum: 0, Workers: 4
[898.768s][debug][gc,phases      ] GC(62)     Total                          Min: 0, Avg:  0.0, Max: 0, Diff: 0, Sum: 0, Workers: 4
[898.768s][debug][gc,phases      ] GC(62)   StringDedup Requests0 Weak     Min:  0.0, Avg:  0.0, Max:  0.0, Diff:  0.0, Sum:  0.0, Workers: 4
[898.768s][debug][gc,phases      ] GC(62)     Dead                           Min: 0, Avg:  0.0, Max: 0, Diff: 0, Sum: 0, Workers: 4
[898.768s][debug][gc,phases      ] GC(62)     Total                          Min: 0, Avg:  0.0, Max: 0, Diff: 0, Sum: 0, Workers: 4
[898.768s][debug][gc,phases      ] GC(62)   StringDedup Requests1 Weak     Min:  0.0, Avg:  0.0, Max:  0.0, Diff:  0.0, Sum:  0.0, Workers: 4
[898.768s][debug][gc,phases      ] GC(62)     Dead                           Min: 0, Avg:  0.0, Max: 0, Diff: 0, Sum: 0, Workers: 4
[898.768s][debug][gc,phases      ] GC(62)     Total                          Min: 0, Avg:  0.0, Max: 0, Diff: 0, Sum: 0, Workers: 4
[898.768s][debug][gc,phases      ] GC(62)   Weak JFR Old Object Samples    Min:  0.0, Avg:  0.0, Max:  0.0, Diff:  0.0, Sum:  0.0, Workers: 4
[898.768s][debug][gc,phases      ] GC(62)     Dead                           Min: 0, Avg:  0.0, Max: 0, Diff: 0, Sum: 0, Workers: 4
[898.768s][debug][gc,phases      ] GC(62)     Total                          Min: 0, Avg:  0.0, Max: 0, Diff: 0, Sum: 0, Workers: 4
[898.768s][debug][gc,phases      ] GC(62) Weak Processing 0.315ms
[898.768s][debug][gc,age         ] GC(62) Desired survivor size 86507520 bytes, new threshold 15 (max threshold 15)
[898.768s][info ][gc,heap        ] GC(62) PSYoungGen: 1911792K(2006528K)->1888K(2000384K) Eden: 1909760K(1909760K)->0K(1909760K) From: 2032K(96768K)->1888K(90624K)
[898.768s][info ][gc,heap        ] GC(62) ParOldGen: 340788K(386560K)->340956K(386560K)
[898.768s][info ][gc,metaspace   ] GC(62) Metaspace: 81457K(82496K)->81457K(82496K) NonClass: 69762K(70336K)->69762K(70336K) Class: 11694K(12160K)->11694K(12160K)
[898.768s][info ][gc             ] GC(62) Pause Young (Allocation Failure) 2199M->334M(2331M) 4.896ms
[898.768s][info ][gc,cpu         ] GC(62) User=0.01s Sys=0.00s Real=0.00s
[898.768s][info ][safepoint      ] Safepoint "ParallelGCFailedAllocation", Time since last: 24042918037 ns, Reaching safepoint: 28100 ns, At safepoint: 4959036 ns, Total: 4987136 ns
[911.769s][info ][safepoint      ] Safepoint "Cleanup", Time since last: 13000811324 ns, Reaching safepoint: 56101 ns, At safepoint: 6100 ns, Total: 62201 ns
[922.664s][info ][gc,start       ] GC(63) Pause Young (Allocation Failure)
[922.668s][debug][gc,phases      ] GC(63) Scavenge 4.513ms
[922.668s][debug][gc,ref         ] GC(63) Skipped phase 1 of Reference Processing: no references
[922.668s][debug][gc,ref         ] GC(63) ReferenceProcessor::execute queues: 1, RefProcThreadModel::Single, marks_oops_alive: false
[922.668s][debug][gc,ref         ] GC(63) Skipped phase 3 of Reference Processing: no references
[922.668s][debug][gc,ref         ] GC(63) ReferenceProcessor::execute queues: 1, RefProcThreadModel::Single, marks_oops_alive: false
[922.668s][debug][gc,phases      ] GC(63) Reference Processing 0.105ms
[922.669s][debug][gc,phases      ] GC(63)   VM Weak                        Min:  0.0, Avg:  0.0, Max:  0.0, Diff:  0.0, Sum:  0.0, Workers: 4
[922.669s][debug][gc,phases      ] GC(63)     Dead                           Min: 0, Avg:  0.0, Max: 0, Diff: 0, Sum: 0, Workers: 4
[922.669s][debug][gc,phases      ] GC(63)     Total                          Min: 0, Avg: 205.2, Max: 437, Diff: 437, Sum: 821, Workers: 4
[922.669s][debug][gc,phases      ] GC(63)   ObjectSynchronizer Weak        Min:  0.0, Avg:  0.0, Max:  0.0, Diff:  0.0, Sum:  0.0, Workers: 4
[922.669s][debug][gc,phases      ] GC(63)     Dead                           Min: 0, Avg:  0.0, Max: 0, Diff: 0, Sum: 0, Workers: 4
[922.669s][debug][gc,phases      ] GC(63)     Total                          Min: 0, Avg:  8.2, Max: 33, Diff: 33, Sum: 33, Workers: 4
[922.669s][debug][gc,phases      ] GC(63)   JVMTI Tag Weak OopStorage      Min:  0.0, Avg:  0.0, Max:  0.0, Diff:  0.0, Sum:  0.0, Workers: 4
[922.669s][debug][gc,phases      ] GC(63)     Dead                           Min: 0, Avg:  0.0, Max: 0, Diff: 0, Sum: 0, Workers: 4
[922.669s][debug][gc,phases      ] GC(63)     Total                          Min: 0, Avg:  0.0, Max: 0, Diff: 0, Sum: 0, Workers: 4
[922.669s][debug][gc,phases      ] GC(63)   StringTable Weak               Min:  0.0, Avg:  0.1, Max:  0.1, Diff:  0.1, Sum:  0.4, Workers: 4
[922.669s][debug][gc,phases      ] GC(63)     Dead                           Min: 0, Avg:  0.0, Max: 0, Diff: 0, Sum: 0, Workers: 4
[922.669s][debug][gc,phases      ] GC(63)     Total                          Min: 0, Avg: 10917.8, Max: 16448, Diff: 16448, Sum: 43671, Workers: 4
[922.669s][debug][gc,phases      ] GC(63)   ResolvedMethodTable Weak       Min:  0.0, Avg:  0.0, Max:  0.0, Diff:  0.0, Sum:  0.1, Workers: 4
[922.669s][debug][gc,phases      ] GC(63)     Dead                           Min: 0, Avg:  0.0, Max: 0, Diff: 0, Sum: 0, Workers: 4
[922.669s][debug][gc,phases      ] GC(63)     Total                          Min: 0, Avg: 2344.5, Max: 3891, Diff: 3891, Sum: 9378, Workers: 4
[922.669s][debug][gc,phases      ] GC(63)   JNI Weak                       Min:  0.0, Avg:  0.0, Max:  0.0, Diff:  0.0, Sum:  0.0, Workers: 4
[922.669s][debug][gc,phases      ] GC(63)     Dead                           Min: 0, Avg:  0.0, Max: 0, Diff: 0, Sum: 0, Workers: 4
[922.669s][debug][gc,phases      ] GC(63)     Total                          Min: 0, Avg: 11.2, Max: 45, Diff: 45, Sum: 45, Workers: 4
[922.669s][debug][gc,phases      ] GC(63)   StringDedup Table Weak         Min:  0.0, Avg:  0.0, Max:  0.0, Diff:  0.0, Sum:  0.0, Workers: 4
[922.669s][debug][gc,phases      ] GC(63)     Dead                           Min: 0, Avg:  0.0, Max: 0, Diff: 0, Sum: 0, Workers: 4
[922.669s][debug][gc,phases      ] GC(63)     Total                          Min: 0, Avg:  0.0, Max: 0, Diff: 0, Sum: 0, Workers: 4
[922.669s][debug][gc,phases      ] GC(63)   StringDedup Requests0 Weak     Min:  0.0, Avg:  0.0, Max:  0.0, Diff:  0.0, Sum:  0.0, Workers: 4
[922.669s][debug][gc,phases      ] GC(63)     Dead                           Min: 0, Avg:  0.0, Max: 0, Diff: 0, Sum: 0, Workers: 4
[922.669s][debug][gc,phases      ] GC(63)     Total                          Min: 0, Avg:  0.0, Max: 0, Diff: 0, Sum: 0, Workers: 4
[922.669s][debug][gc,phases      ] GC(63)   StringDedup Requests1 Weak     Min:  0.0, Avg:  0.0, Max:  0.0, Diff:  0.0, Sum:  0.0, Workers: 4
[922.669s][debug][gc,phases      ] GC(63)     Dead                           Min: 0, Avg:  0.0, Max: 0, Diff: 0, Sum: 0, Workers: 4
[922.669s][debug][gc,phases      ] GC(63)     Total                          Min: 0, Avg:  0.0, Max: 0, Diff: 0, Sum: 0, Workers: 4
[922.669s][debug][gc,phases      ] GC(63)   Weak JFR Old Object Samples    Min:  0.0, Avg:  0.0, Max:  0.0, Diff:  0.0, Sum:  0.0, Workers: 4
[922.669s][debug][gc,phases      ] GC(63)     Dead                           Min: 0, Avg:  0.0, Max: 0, Diff: 0, Sum: 0, Workers: 4
[922.669s][debug][gc,phases      ] GC(63)     Total                          Min: 0, Avg:  0.0, Max: 0, Diff: 0, Sum: 0, Workers: 4
[922.669s][debug][gc,phases      ] GC(63) Weak Processing 0.336ms
[922.669s][debug][gc,age         ] GC(63) Desired survivor size 80740352 bytes, new threshold 15 (max threshold 15)
[922.669s][info ][gc,heap        ] GC(63) PSYoungGen: 1911648K(2000384K)->1888K(2018304K) Eden: 1909760K(1909760K)->0K(1933824K) From: 1888K(90624K)->1888K(84480K)
[922.669s][info ][gc,heap        ] GC(63) ParOldGen: 340956K(386560K)->340980K(386560K)
[922.669s][info ][gc,metaspace   ] GC(63) Metaspace: 81457K(82496K)->81457K(82496K) NonClass: 69763K(70336K)->69763K(70336K) Class: 11694K(12160K)->11694K(12160K)
[922.669s][info ][gc             ] GC(63) Pause Young (Allocation Failure) 2199M->334M(2348M) 5.062ms
[922.669s][info ][gc,cpu         ] GC(63) User=0.01s Sys=0.01s Real=0.00s
[922.669s][info ][safepoint      ] Safepoint "ParallelGCFailedAllocation", Time since last: 10894935308 ns, Reaching safepoint: 38400 ns, At safepoint: 5162938 ns, Total: 5201338 ns
[928.669s][info ][safepoint      ] Safepoint "Cleanup", Time since last: 6000401854 ns, Reaching safepoint: 41300 ns, At safepoint: 2500 ns, Total: 43800 ns
[946.966s][info ][gc,start       ] GC(64) Pause Young (Allocation Failure)
[946.969s][debug][gc,phases      ] GC(64) Scavenge 2.704ms
[946.969s][debug][gc,ref         ] GC(64) Skipped phase 1 of Reference Processing: no references
[946.969s][debug][gc,ref         ] GC(64) ReferenceProcessor::execute queues: 1, RefProcThreadModel::Single, marks_oops_alive: false
[946.969s][debug][gc,ref         ] GC(64) Skipped phase 3 of Reference Processing: no references
[946.969s][debug][gc,ref         ] GC(64) ReferenceProcessor::execute queues: 1, RefProcThreadModel::Single, marks_oops_alive: false
[946.969s][debug][gc,phases      ] GC(64) Reference Processing 0.117ms
[946.969s][debug][gc,phases      ] GC(64)   VM Weak                        Min:  0.0, Avg:  0.0, Max:  0.0, Diff:  0.0, Sum:  0.0, Workers: 4
[946.969s][debug][gc,phases      ] GC(64)     Dead                           Min: 0, Avg:  0.0, Max: 0, Diff: 0, Sum: 0, Workers: 4
[946.969s][debug][gc,phases      ] GC(64)     Total                          Min: 0, Avg: 205.2, Max: 768, Diff: 768, Sum: 821, Workers: 4
[946.969s][debug][gc,phases      ] GC(64)   ObjectSynchronizer Weak        Min:  0.0, Avg:  0.0, Max:  0.0, Diff:  0.0, Sum:  0.0, Workers: 4
[946.969s][debug][gc,phases      ] GC(64)     Dead                           Min: 0, Avg:  0.0, Max: 0, Diff: 0, Sum: 0, Workers: 4
[946.969s][debug][gc,phases      ] GC(64)     Total                          Min: 0, Avg:  8.2, Max: 33, Diff: 33, Sum: 33, Workers: 4
[946.969s][debug][gc,phases      ] GC(64)   JVMTI Tag Weak OopStorage      Min:  0.0, Avg:  0.0, Max:  0.0, Diff:  0.0, Sum:  0.0, Workers: 4
[946.969s][debug][gc,phases      ] GC(64)     Dead                           Min: 0, Avg:  0.0, Max: 0, Diff: 0, Sum: 0, Workers: 4
[946.969s][debug][gc,phases      ] GC(64)     Total                          Min: 0, Avg:  0.0, Max: 0, Diff: 0, Sum: 0, Workers: 4
[946.969s][debug][gc,phases      ] GC(64)   StringTable Weak               Min:  0.0, Avg:  0.1, Max:  0.1, Diff:  0.1, Sum:  0.3, Workers: 4
[946.969s][debug][gc,phases      ] GC(64)     Dead                           Min: 0, Avg:  0.0, Max: 0, Diff: 0, Sum: 0, Workers: 4
[946.969s][debug][gc,phases      ] GC(64)     Total                          Min: 0, Avg: 10917.8, Max: 18752, Diff: 18752, Sum: 43671, Workers: 4
[946.969s][debug][gc,phases      ] GC(64)   ResolvedMethodTable Weak       Min:  0.0, Avg:  0.0, Max:  0.0, Diff:  0.0, Sum:  0.1, Workers: 4
[946.969s][debug][gc,phases      ] GC(64)     Dead                           Min: 0, Avg:  0.0, Max: 0, Diff: 0, Sum: 0, Workers: 4
[946.969s][debug][gc,phases      ] GC(64)     Total                          Min: 1459, Avg: 2344.5, Max: 2735, Diff: 1276, Sum: 9378, Workers: 4
[946.969s][debug][gc,phases      ] GC(64)   JNI Weak                       Min:  0.0, Avg:  0.0, Max:  0.0, Diff:  0.0, Sum:  0.0, Workers: 4
[946.969s][debug][gc,phases      ] GC(64)     Dead                           Min: 0, Avg:  0.0, Max: 0, Diff: 0, Sum: 0, Workers: 4
[946.969s][debug][gc,phases      ] GC(64)     Total                          Min: 0, Avg: 11.2, Max: 45, Diff: 45, Sum: 45, Workers: 4
[946.969s][debug][gc,phases      ] GC(64)   StringDedup Table Weak         Min:  0.0, Avg:  0.0, Max:  0.0, Diff:  0.0, Sum:  0.0, Workers: 4
[946.969s][debug][gc,phases      ] GC(64)     Dead                           Min: 0, Avg:  0.0, Max: 0, Diff: 0, Sum: 0, Workers: 4
[946.969s][debug][gc,phases      ] GC(64)     Total                          Min: 0, Avg:  0.0, Max: 0, Diff: 0, Sum: 0, Workers: 4
[946.969s][debug][gc,phases      ] GC(64)   StringDedup Requests0 Weak     Min:  0.0, Avg:  0.0, Max:  0.0, Diff:  0.0, Sum:  0.0, Workers: 4
[946.969s][debug][gc,phases      ] GC(64)     Dead                           Min: 0, Avg:  0.0, Max: 0, Diff: 0, Sum: 0, Workers: 4
[946.969s][debug][gc,phases      ] GC(64)     Total                          Min: 0, Avg:  0.0, Max: 0, Diff: 0, Sum: 0, Workers: 4
[946.969s][debug][gc,phases      ] GC(64)   StringDedup Requests1 Weak     Min:  0.0, Avg:  0.0, Max:  0.0, Diff:  0.0, Sum:  0.0, Workers: 4
[946.969s][debug][gc,phases      ] GC(64)     Dead                           Min: 0, Avg:  0.0, Max: 0, Diff: 0, Sum: 0, Workers: 4
[946.969s][debug][gc,phases      ] GC(64)     Total                          Min: 0, Avg:  0.0, Max: 0, Diff: 0, Sum: 0, Workers: 4
[946.969s][debug][gc,phases      ] GC(64)   Weak JFR Old Object Samples    Min:  0.0, Avg:  0.0, Max:  0.0, Diff:  0.0, Sum:  0.0, Workers: 4
[946.969s][debug][gc,phases      ] GC(64)     Dead                           Min: 0, Avg:  0.0, Max: 0, Diff: 0, Sum: 0, Workers: 4
[946.969s][debug][gc,phases      ] GC(64)     Total                          Min: 0, Avg:  0.0, Max: 0, Diff: 0, Sum: 0, Workers: 4
[946.969s][debug][gc,phases      ] GC(64) Weak Processing 0.325ms
[946.969s][debug][gc,age         ] GC(64) Desired survivor size 74973184 bytes, new threshold 15 (max threshold 15)
[946.969s][info ][gc,heap        ] GC(64) PSYoungGen: 1935712K(2018304K)->1856K(2012672K) Eden: 1933824K(1933824K)->0K(1933824K) From: 1888K(84480K)->1856K(78848K)
[946.969s][info ][gc,heap        ] GC(64) ParOldGen: 340980K(386560K)->341028K(386560K)
[946.969s][info ][gc,metaspace   ] GC(64) Metaspace: 81457K(82496K)->81457K(82496K) NonClass: 69763K(70336K)->69763K(70336K) Class: 11694K(12160K)->11694K(12160K)
[946.969s][info ][gc             ] GC(64) Pause Young (Allocation Failure) 2223M->334M(2343M) 3.245ms
[946.969s][info ][gc,cpu         ] GC(64) User=0.01s Sys=0.00s Real=0.00s
[946.969s][info ][safepoint      ] Safepoint "ParallelGCFailedAllocation", Time since last: 18296728084 ns, Reaching safepoint: 95600 ns, At safepoint: 3306323 ns, Total: 3401923 ns
[971.294s][info ][gc,start       ] GC(65) Pause Young (Allocation Failure)
[971.297s][debug][gc,phases      ] GC(65) Scavenge 3.182ms
[971.297s][debug][gc,ref         ] GC(65) Skipped phase 1 of Reference Processing: no references
[971.297s][debug][gc,ref         ] GC(65) ReferenceProcessor::execute queues: 1, RefProcThreadModel::Single, marks_oops_alive: false
[971.297s][debug][gc,ref         ] GC(65) Skipped phase 3 of Reference Processing: no references
[971.297s][debug][gc,ref         ] GC(65) ReferenceProcessor::execute queues: 1, RefProcThreadModel::Single, marks_oops_alive: false
[971.297s][debug][gc,phases      ] GC(65) Reference Processing 0.091ms
[971.297s][debug][gc,phases      ] GC(65)   VM Weak                        Min:  0.0, Avg:  0.0, Max:  0.0, Diff:  0.0, Sum:  0.0, Workers: 4
[971.297s][debug][gc,phases      ] GC(65)     Dead                           Min: 0, Avg:  0.0, Max: 0, Diff: 0, Sum: 0, Workers: 4
[971.297s][debug][gc,phases      ] GC(65)     Total                          Min: 0, Avg: 205.2, Max: 821, Diff: 821, Sum: 821, Workers: 4
[971.297s][debug][gc,phases      ] GC(65)   ObjectSynchronizer Weak        Min:  0.0, Avg:  0.0, Max:  0.0, Diff:  0.0, Sum:  0.0, Workers: 4
[971.297s][debug][gc,phases      ] GC(65)     Dead                           Min: 0, Avg:  0.0, Max: 0, Diff: 0, Sum: 0, Workers: 4
[971.297s][debug][gc,phases      ] GC(65)     Total                          Min: 0, Avg:  8.2, Max: 33, Diff: 33, Sum: 33, Workers: 4
[971.297s][debug][gc,phases      ] GC(65)   JVMTI Tag Weak OopStorage      Min:  0.0, Avg:  0.0, Max:  0.0, Diff:  0.0, Sum:  0.0, Workers: 4
[971.297s][debug][gc,phases      ] GC(65)     Dead                           Min: 0, Avg:  0.0, Max: 0, Diff: 0, Sum: 0, Workers: 4
[971.297s][debug][gc,phases      ] GC(65)     Total                          Min: 0, Avg:  0.0, Max: 0, Diff: 0, Sum: 0, Workers: 4
[971.297s][debug][gc,phases      ] GC(65)   StringTable Weak               Min:  0.0, Avg:  0.1, Max:  0.1, Diff:  0.1, Sum:  0.4, Workers: 4
[971.297s][debug][gc,phases      ] GC(65)     Dead                           Min: 0, Avg:  0.0, Max: 0, Diff: 0, Sum: 0, Workers: 4
[971.297s][debug][gc,phases      ] GC(65)     Total                          Min: 0, Avg: 10917.8, Max: 15360, Diff: 15360, Sum: 43671, Workers: 4
[971.297s][debug][gc,phases      ] GC(65)   ResolvedMethodTable Weak       Min:  0.0, Avg:  0.0, Max:  0.0, Diff:  0.0, Sum:  0.1, Workers: 4
[971.297s][debug][gc,phases      ] GC(65)     Dead                           Min: 0, Avg:  0.0, Max: 0, Diff: 0, Sum: 0, Workers: 4
[971.297s][debug][gc,phases      ] GC(65)     Total                          Min: 0, Avg: 2344.5, Max: 3170, Diff: 3170, Sum: 9378, Workers: 4
[971.297s][debug][gc,phases      ] GC(65)   JNI Weak                       Min:  0.0, Avg:  0.0, Max:  0.0, Diff:  0.0, Sum:  0.0, Workers: 4
[971.297s][debug][gc,phases      ] GC(65)     Dead                           Min: 0, Avg:  0.0, Max: 0, Diff: 0, Sum: 0, Workers: 4
[971.297s][debug][gc,phases      ] GC(65)     Total                          Min: 0, Avg: 11.2, Max: 45, Diff: 45, Sum: 45, Workers: 4
[971.297s][debug][gc,phases      ] GC(65)   StringDedup Table Weak         Min:  0.0, Avg:  0.0, Max:  0.0, Diff:  0.0, Sum:  0.0, Workers: 4
[971.297s][debug][gc,phases      ] GC(65)     Dead                           Min: 0, Avg:  0.0, Max: 0, Diff: 0, Sum: 0, Workers: 4
[971.297s][debug][gc,phases      ] GC(65)     Total                          Min: 0, Avg:  0.0, Max: 0, Diff: 0, Sum: 0, Workers: 4
[971.297s][debug][gc,phases      ] GC(65)   StringDedup Requests0 Weak     Min:  0.0, Avg:  0.0, Max:  0.0, Diff:  0.0, Sum:  0.0, Workers: 4
[971.297s][debug][gc,phases      ] GC(65)     Dead                           Min: 0, Avg:  0.0, Max: 0, Diff: 0, Sum: 0, Workers: 4
[971.297s][debug][gc,phases      ] GC(65)     Total                          Min: 0, Avg:  0.0, Max: 0, Diff: 0, Sum: 0, Workers: 4
[971.297s][debug][gc,phases      ] GC(65)   StringDedup Requests1 Weak     Min:  0.0, Avg:  0.0, Max:  0.0, Diff:  0.0, Sum:  0.0, Workers: 4
[971.297s][debug][gc,phases      ] GC(65)     Dead                           Min: 0, Avg:  0.0, Max: 0, Diff: 0, Sum: 0, Workers: 4
[971.297s][debug][gc,phases      ] GC(65)     Total                          Min: 0, Avg:  0.0, Max: 0, Diff: 0, Sum: 0, Workers: 4
[971.297s][debug][gc,phases      ] GC(65)   Weak JFR Old Object Samples    Min:  0.0, Avg:  0.0, Max:  0.0, Diff:  0.0, Sum:  0.0, Workers: 4
[971.297s][debug][gc,phases      ] GC(65)     Dead                           Min: 0, Avg:  0.0, Max: 0, Diff: 0, Sum: 0, Workers: 4
[971.297s][debug][gc,phases      ] GC(65)     Total                          Min: 0, Avg:  0.0, Max: 0, Diff: 0, Sum: 0, Workers: 4
[971.297s][debug][gc,phases      ] GC(65) Weak Processing 0.325ms
[971.297s][debug][gc,age         ] GC(65) Desired survivor size 70254592 bytes, new threshold 15 (max threshold 15)
[971.297s][info ][gc,heap        ] GC(65) PSYoungGen: 1935680K(2012672K)->1216K(2028544K) Eden: 1933824K(1933824K)->0K(1955328K) From: 1856K(78848K)->1216K(73216K)
[971.297s][info ][gc,heap        ] GC(65) ParOldGen: 341028K(386560K)->341644K(386560K)
[971.297s][info ][gc,metaspace   ] GC(65) Metaspace: 81457K(82496K)->81457K(82496K) NonClass: 69763K(70336K)->69763K(70336K) Class: 11694K(12160K)->11694K(12160K)
[971.297s][info ][gc             ] GC(65) Pause Young (Allocation Failure) 2223M->334M(2358M) 3.716ms
[971.297s][info ][gc,cpu         ] GC(65) User=0.01s Sys=0.01s Real=0.00s
[971.297s][info ][safepoint      ] Safepoint "ParallelGCFailedAllocation", Time since last: 24324009564 ns, Reaching safepoint: 32400 ns, At safepoint: 3808727 ns, Total: 3841127 ns
[995.865s][info ][gc,start       ] GC(66) Pause Young (Allocation Failure)
[995.868s][debug][gc,phases      ] GC(66) Scavenge 3.667ms
[995.868s][debug][gc,ref         ] GC(66) Skipped phase 1 of Reference Processing: no references
[995.868s][debug][gc,ref         ] GC(66) ReferenceProcessor::execute queues: 1, RefProcThreadModel::Single, marks_oops_alive: false
[995.868s][debug][gc,ref         ] GC(66) Skipped phase 3 of Reference Processing: no references
[995.868s][debug][gc,ref         ] GC(66) Skipped phase 4 of Reference Processing: no references
[995.868s][debug][gc,phases      ] GC(66) Reference Processing 0.091ms
[995.869s][debug][gc,phases      ] GC(66)   VM Weak                        Min:  0.0, Avg:  0.0, Max:  0.0, Diff:  0.0, Sum:  0.0, Workers: 4
[995.869s][debug][gc,phases      ] GC(66)     Dead                           Min: 0, Avg:  0.0, Max: 0, Diff: 0, Sum: 0, Workers: 4
[995.869s][debug][gc,phases      ] GC(66)     Total                          Min: 0, Avg: 205.2, Max: 448, Diff: 448, Sum: 821, Workers: 4
[995.869s][debug][gc,phases      ] GC(66)   ObjectSynchronizer Weak        Min:  0.0, Avg:  0.0, Max:  0.0, Diff:  0.0, Sum:  0.0, Workers: 4
[995.869s][debug][gc,phases      ] GC(66)     Dead                           Min: 0, Avg:  0.0, Max: 0, Diff: 0, Sum: 0, Workers: 4
[995.869s][debug][gc,phases      ] GC(66)     Total                          Min: 0, Avg:  8.5, Max: 34, Diff: 34, Sum: 34, Workers: 4
[995.869s][debug][gc,phases      ] GC(66)   JVMTI Tag Weak OopStorage      Min:  0.0, Avg:  0.0, Max:  0.0, Diff:  0.0, Sum:  0.0, Workers: 4
[995.869s][debug][gc,phases      ] GC(66)     Dead                           Min: 0, Avg:  0.0, Max: 0, Diff: 0, Sum: 0, Workers: 4
[995.869s][debug][gc,phases      ] GC(66)     Total                          Min: 0, Avg:  0.0, Max: 0, Diff: 0, Sum: 0, Workers: 4
[995.869s][debug][gc,phases      ] GC(66)   StringTable Weak               Min:  0.1, Avg:  0.1, Max:  0.1, Diff:  0.0, Sum:  0.4, Workers: 4
[995.869s][debug][gc,phases      ] GC(66)     Dead                           Min: 0, Avg:  0.0, Max: 0, Diff: 0, Sum: 0, Workers: 4
[995.869s][debug][gc,phases      ] GC(66)     Total                          Min: 10304, Avg: 10917.8, Max: 11776, Diff: 1472, Sum: 43671, Workers: 4
[995.869s][debug][gc,phases      ] GC(66)   ResolvedMethodTable Weak       Min:  0.0, Avg:  0.0, Max:  0.0, Diff:  0.0, Sum:  0.1, Workers: 4
[995.869s][debug][gc,phases      ] GC(66)     Dead                           Min: 0, Avg:  0.0, Max: 0, Diff: 0, Sum: 0, Workers: 4
[995.869s][debug][gc,phases      ] GC(66)     Total                          Min: 2163, Avg: 2344.5, Max: 2735, Diff: 572, Sum: 9378, Workers: 4
[995.869s][debug][gc,phases      ] GC(66)   JNI Weak                       Min:  0.0, Avg:  0.0, Max:  0.0, Diff:  0.0, Sum:  0.0, Workers: 4
[995.869s][debug][gc,phases      ] GC(66)     Dead                           Min: 0, Avg:  0.0, Max: 0, Diff: 0, Sum: 0, Workers: 4
[995.869s][debug][gc,phases      ] GC(66)     Total                          Min: 0, Avg: 11.2, Max: 45, Diff: 45, Sum: 45, Workers: 4
[995.869s][debug][gc,phases      ] GC(66)   StringDedup Table Weak         Min:  0.0, Avg:  0.0, Max:  0.0, Diff:  0.0, Sum:  0.0, Workers: 4
[995.869s][debug][gc,phases      ] GC(66)     Dead                           Min: 0, Avg:  0.0, Max: 0, Diff: 0, Sum: 0, Workers: 4
[995.869s][debug][gc,phases      ] GC(66)     Total                          Min: 0, Avg:  0.0, Max: 0, Diff: 0, Sum: 0, Workers: 4
[995.869s][debug][gc,phases      ] GC(66)   StringDedup Requests0 Weak     Min:  0.0, Avg:  0.0, Max:  0.0, Diff:  0.0, Sum:  0.0, Workers: 4
[995.869s][debug][gc,phases      ] GC(66)     Dead                           Min: 0, Avg:  0.0, Max: 0, Diff: 0, Sum: 0, Workers: 4
[995.869s][debug][gc,phases      ] GC(66)     Total                          Min: 0, Avg:  0.0, Max: 0, Diff: 0, Sum: 0, Workers: 4
[995.869s][debug][gc,phases      ] GC(66)   StringDedup Requests1 Weak     Min:  0.0, Avg:  0.0, Max:  0.0, Diff:  0.0, Sum:  0.0, Workers: 4
[995.869s][debug][gc,phases      ] GC(66)     Dead                           Min: 0, Avg:  0.0, Max: 0, Diff: 0, Sum: 0, Workers: 4
[995.869s][debug][gc,phases      ] GC(66)     Total                          Min: 0, Avg:  0.0, Max: 0, Diff: 0, Sum: 0, Workers: 4
[995.869s][debug][gc,phases      ] GC(66)   Weak JFR Old Object Samples    Min:  0.0, Avg:  0.0, Max:  0.0, Diff:  0.0, Sum:  0.0, Workers: 4
[995.869s][debug][gc,phases      ] GC(66)     Dead                           Min: 0, Avg:  0.0, Max: 0, Diff: 0, Sum: 0, Workers: 4
[995.869s][debug][gc,phases      ] GC(66)     Total                          Min: 0, Avg:  0.0, Max: 0, Diff: 0, Sum: 0, Workers: 4
[995.869s][debug][gc,phases      ] GC(66) Weak Processing 0.293ms
[995.869s][debug][gc,age         ] GC(66) Desired survivor size 65536000 bytes, new threshold 15 (max threshold 15)
[995.869s][info ][gc,heap        ] GC(66) PSYoungGen: 1956544K(2028544K)->1232K(2023936K) Eden: 1955328K(1955328K)->0K(1955328K) From: 1216K(73216K)->1232K(68608K)
[995.869s][info ][gc,heap        ] GC(66) ParOldGen: 341644K(386560K)->341668K(386560K)
[995.869s][info ][gc,metaspace   ] GC(66) Metaspace: 81458K(82496K)->81458K(82496K) NonClass: 69763K(70336K)->69763K(70336K) Class: 11694K(12160K)->11694K(12160K)
[995.869s][info ][gc             ] GC(66) Pause Young (Allocation Failure) 2244M->334M(2354M) 4.166ms
[995.869s][info ][gc,cpu         ] GC(66) User=0.01s Sys=0.00s Real=0.00s
[995.869s][info ][safepoint      ] Safepoint "ParallelGCFailedAllocation", Time since last: 24567095219 ns, Reaching safepoint: 26000 ns, At safepoint: 4246431 ns, Total: 4272431 ns
[1020.464s][info ][gc,start       ] GC(67) Pause Young (Allocation Failure)
[1020.467s][debug][gc,phases      ] GC(67) Scavenge 2.579ms
[1020.467s][debug][gc,ref         ] GC(67) Skipped phase 1 of Reference Processing: no references
[1020.467s][debug][gc,ref         ] GC(67) ReferenceProcessor::execute queues: 1, RefProcThreadModel::Single, marks_oops_alive: false
[1020.467s][debug][gc,ref         ] GC(67) Skipped phase 3 of Reference Processing: no references
[1020.467s][debug][gc,ref         ] GC(67) Skipped phase 4 of Reference Processing: no references
[1020.467s][debug][gc,phases      ] GC(67) Reference Processing 0.101ms
[1020.467s][debug][gc,phases      ] GC(67)   VM Weak                        Min:  0.0, Avg:  0.0, Max:  0.0, Diff:  0.0, Sum:  0.0, Workers: 4
[1020.467s][debug][gc,phases      ] GC(67)     Dead                           Min: 0, Avg:  0.0, Max: 0, Diff: 0, Sum: 0, Workers: 4
[1020.467s][debug][gc,phases      ] GC(67)     Total                          Min: 0, Avg: 205.2, Max: 629, Diff: 629, Sum: 821, Workers: 4
[1020.467s][debug][gc,phases      ] GC(67)   ObjectSynchronizer Weak        Min:  0.0, Avg:  0.0, Max:  0.0, Diff:  0.0, Sum:  0.0, Workers: 4
[1020.467s][debug][gc,phases      ] GC(67)     Dead                           Min: 0, Avg:  0.0, Max: 0, Diff: 0, Sum: 0, Workers: 4
[1020.467s][debug][gc,phases      ] GC(67)     Total                          Min: 0, Avg:  8.5, Max: 34, Diff: 34, Sum: 34, Workers: 4
[1020.467s][debug][gc,phases      ] GC(67)   JVMTI Tag Weak OopStorage      Min:  0.0, Avg:  0.0, Max:  0.0, Diff:  0.0, Sum:  0.0, Workers: 4
[1020.467s][debug][gc,phases      ] GC(67)     Dead                           Min: 0, Avg:  0.0, Max: 0, Diff: 0, Sum: 0, Workers: 4
[1020.467s][debug][gc,phases      ] GC(67)     Total                          Min: 0, Avg:  0.0, Max: 0, Diff: 0, Sum: 0, Workers: 4
[1020.467s][debug][gc,phases      ] GC(67)   StringTable Weak               Min:  0.0, Avg:  0.1, Max:  0.1, Diff:  0.1, Sum:  0.4, Workers: 4
[1020.467s][debug][gc,phases      ] GC(67)     Dead                           Min: 0, Avg:  0.0, Max: 0, Diff: 0, Sum: 0, Workers: 4
[1020.467s][debug][gc,phases      ] GC(67)     Total                          Min: 0, Avg: 10917.8, Max: 17088, Diff: 17088, Sum: 43671, Workers: 4
[1020.467s][debug][gc,phases      ] GC(67)   ResolvedMethodTable Weak       Min:  0.0, Avg:  0.0, Max:  0.0, Diff:  0.0, Sum:  0.1, Workers: 4
[1020.467s][debug][gc,phases      ] GC(67)     Dead                           Min: 0, Avg:  0.0, Max: 0, Diff: 0, Sum: 0, Workers: 4
[1020.467s][debug][gc,phases      ] GC(67)     Total                          Min: 0, Avg: 2344.5, Max: 4066, Diff: 4066, Sum: 9378, Workers: 4
[1020.467s][debug][gc,phases      ] GC(67)   JNI Weak                       Min:  0.0, Avg:  0.0, Max:  0.0, Diff:  0.0, Sum:  0.0, Workers: 4
[1020.467s][debug][gc,phases      ] GC(67)     Dead                           Min: 0, Avg:  0.0, Max: 0, Diff: 0, Sum: 0, Workers: 4
[1020.467s][debug][gc,phases      ] GC(67)     Total                          Min: 0, Avg: 11.2, Max: 45, Diff: 45, Sum: 45, Workers: 4
[1020.467s][debug][gc,phases      ] GC(67)   StringDedup Table Weak         Min:  0.0, Avg:  0.0, Max:  0.0, Diff:  0.0, Sum:  0.0, Workers: 4
[1020.467s][debug][gc,phases      ] GC(67)     Dead                           Min: 0, Avg:  0.0, Max: 0, Diff: 0, Sum: 0, Workers: 4
[1020.467s][debug][gc,phases      ] GC(67)     Total                          Min: 0, Avg:  0.0, Max: 0, Diff: 0, Sum: 0, Workers: 4
[1020.467s][debug][gc,phases      ] GC(67)   StringDedup Requests0 Weak     Min:  0.0, Avg:  0.0, Max:  0.0, Diff:  0.0, Sum:  0.0, Workers: 4
[1020.467s][debug][gc,phases      ] GC(67)     Dead                           Min: 0, Avg:  0.0, Max: 0, Diff: 0, Sum: 0, Workers: 4
[1020.467s][debug][gc,phases      ] GC(67)     Total                          Min: 0, Avg:  0.0, Max: 0, Diff: 0, Sum: 0, Workers: 4
[1020.467s][debug][gc,phases      ] GC(67)   StringDedup Requests1 Weak     Min:  0.0, Avg:  0.0, Max:  0.0, Diff:  0.0, Sum:  0.0, Workers: 4
[1020.467s][debug][gc,phases      ] GC(67)     Dead                           Min: 0, Avg:  0.0, Max: 0, Diff: 0, Sum: 0, Workers: 4
[1020.467s][debug][gc,phases      ] GC(67)     Total                          Min: 0, Avg:  0.0, Max: 0, Diff: 0, Sum: 0, Workers: 4
[1020.467s][debug][gc,phases      ] GC(67)   Weak JFR Old Object Samples    Min:  0.0, Avg:  0.0, Max:  0.0, Diff:  0.0, Sum:  0.0, Workers: 4
[1020.467s][debug][gc,phases      ] GC(67)     Dead                           Min: 0, Avg:  0.0, Max: 0, Diff: 0, Sum: 0, Workers: 4
[1020.467s][debug][gc,phases      ] GC(67)     Total                          Min: 0, Avg:  0.0, Max: 0, Diff: 0, Sum: 0, Workers: 4
[1020.467s][debug][gc,phases      ] GC(67) Weak Processing 0.328ms
[1020.467s][debug][gc,age         ] GC(67) Desired survivor size 60817408 bytes, new threshold 15 (max threshold 15)
[1020.467s][info ][gc,heap        ] GC(67) PSYoungGen: 1956560K(2023936K)->1232K(2037760K) Eden: 1955328K(1955328K)->0K(1973760K) From: 1232K(68608K)->1232K(64000K)
[1020.467s][info ][gc,heap        ] GC(67) ParOldGen: 341668K(386560K)->341700K(386560K)
[1020.467s][info ][gc,metaspace   ] GC(67) Metaspace: 81459K(82496K)->81459K(82496K) NonClass: 69764K(70336K)->69764K(70336K) Class: 11694K(12160K)->11694K(12160K)
[1020.467s][info ][gc             ] GC(67) Pause Young (Allocation Failure) 2244M->334M(2367M) 3.107ms
[1020.467s][info ][gc,cpu         ] GC(67) User=0.01s Sys=0.00s Real=0.00s
[1020.467s][info ][safepoint      ] Safepoint "ParallelGCFailedAllocation", Time since last: 24595450669 ns, Reaching safepoint: 41501 ns, At safepoint: 3184322 ns, Total: 3225823 ns
[1031.468s][info ][safepoint      ] Safepoint "Cleanup", Time since last: 11000612485 ns, Reaching safepoint: 102001 ns, At safepoint: 7200 ns, Total: 109201 ns
[1045.312s][info ][gc,start       ] GC(68) Pause Young (Allocation Failure)
[1045.315s][debug][gc,phases      ] GC(68) Scavenge 2.156ms
[1045.315s][debug][gc,ref         ] GC(68) Skipped phase 1 of Reference Processing: no references
[1045.315s][debug][gc,ref         ] GC(68) ReferenceProcessor::execute queues: 1, RefProcThreadModel::Single, marks_oops_alive: false
[1045.315s][debug][gc,ref         ] GC(68) Skipped phase 3 of Reference Processing: no references
[1045.315s][debug][gc,ref         ] GC(68) Skipped phase 4 of Reference Processing: no references
[1045.315s][debug][gc,phases      ] GC(68) Reference Processing 0.095ms
[1045.315s][debug][gc,phases      ] GC(68)   VM Weak                        Min:  0.0, Avg:  0.0, Max:  0.0, Diff:  0.0, Sum:  0.0, Workers: 4
[1045.315s][debug][gc,phases      ] GC(68)     Dead                           Min: 0, Avg:  0.0, Max: 0, Diff: 0, Sum: 0, Workers: 4
[1045.315s][debug][gc,phases      ] GC(68)     Total                          Min: 64, Avg: 205.2, Max: 373, Diff: 309, Sum: 821, Workers: 4
[1045.315s][debug][gc,phases      ] GC(68)   ObjectSynchronizer Weak        Min:  0.0, Avg:  0.0, Max:  0.0, Diff:  0.0, Sum:  0.0, Workers: 4
[1045.315s][debug][gc,phases      ] GC(68)     Dead                           Min: 0, Avg:  0.0, Max: 0, Diff: 0, Sum: 0, Workers: 4
[1045.315s][debug][gc,phases      ] GC(68)     Total                          Min: 0, Avg:  8.5, Max: 34, Diff: 34, Sum: 34, Workers: 4
[1045.315s][debug][gc,phases      ] GC(68)   JVMTI Tag Weak OopStorage      Min:  0.0, Avg:  0.0, Max:  0.0, Diff:  0.0, Sum:  0.0, Workers: 4
[1045.315s][debug][gc,phases      ] GC(68)     Dead                           Min: 0, Avg:  0.0, Max: 0, Diff: 0, Sum: 0, Workers: 4
[1045.315s][debug][gc,phases      ] GC(68)     Total                          Min: 0, Avg:  0.0, Max: 0, Diff: 0, Sum: 0, Workers: 4
[1045.315s][debug][gc,phases      ] GC(68)   StringTable Weak               Min:  0.1, Avg:  0.1, Max:  0.1, Diff:  0.0, Sum:  0.4, Workers: 4
[1045.315s][debug][gc,phases      ] GC(68)     Dead                           Min: 0, Avg:  0.0, Max: 0, Diff: 0, Sum: 0, Workers: 4
[1045.315s][debug][gc,phases      ] GC(68)     Total                          Min: 9664, Avg: 10917.8, Max: 12224, Diff: 2560, Sum: 43671, Workers: 4
[1045.315s][debug][gc,phases      ] GC(68)   ResolvedMethodTable Weak       Min:  0.0, Avg:  0.0, Max:  0.0, Diff:  0.0, Sum:  0.1, Workers: 4
[1045.315s][debug][gc,phases      ] GC(68)     Dead                           Min: 0, Avg:  0.0, Max: 0, Diff: 0, Sum: 0, Workers: 4
[1045.315s][debug][gc,phases      ] GC(68)     Total                          Min: 2176, Avg: 2344.5, Max: 2658, Diff: 482, Sum: 9378, Workers: 4
[1045.315s][debug][gc,phases      ] GC(68)   JNI Weak                       Min:  0.0, Avg:  0.0, Max:  0.0, Diff:  0.0, Sum:  0.0, Workers: 4
[1045.315s][debug][gc,phases      ] GC(68)     Dead                           Min: 0, Avg:  0.0, Max: 0, Diff: 0, Sum: 0, Workers: 4
[1045.315s][debug][gc,phases      ] GC(68)     Total                          Min: 0, Avg: 11.2, Max: 45, Diff: 45, Sum: 45, Workers: 4
[1045.315s][debug][gc,phases      ] GC(68)   StringDedup Table Weak         Min:  0.0, Avg:  0.0, Max:  0.0, Diff:  0.0, Sum:  0.0, Workers: 4
[1045.315s][debug][gc,phases      ] GC(68)     Dead                           Min: 0, Avg:  0.0, Max: 0, Diff: 0, Sum: 0, Workers: 4
[1045.315s][debug][gc,phases      ] GC(68)     Total                          Min: 0, Avg:  0.0, Max: 0, Diff: 0, Sum: 0, Workers: 4
[1045.315s][debug][gc,phases      ] GC(68)   StringDedup Requests0 Weak     Min:  0.0, Avg:  0.0, Max:  0.0, Diff:  0.0, Sum:  0.0, Workers: 4
[1045.315s][debug][gc,phases      ] GC(68)     Dead                           Min: 0, Avg:  0.0, Max: 0, Diff: 0, Sum: 0, Workers: 4
[1045.315s][debug][gc,phases      ] GC(68)     Total                          Min: 0, Avg:  0.0, Max: 0, Diff: 0, Sum: 0, Workers: 4
[1045.315s][debug][gc,phases      ] GC(68)   StringDedup Requests1 Weak     Min:  0.0, Avg:  0.0, Max:  0.0, Diff:  0.0, Sum:  0.0, Workers: 4
[1045.315s][debug][gc,phases      ] GC(68)     Dead                           Min: 0, Avg:  0.0, Max: 0, Diff: 0, Sum: 0, Workers: 4
[1045.315s][debug][gc,phases      ] GC(68)     Total                          Min: 0, Avg:  0.0, Max: 0, Diff: 0, Sum: 0, Workers: 4
[1045.315s][debug][gc,phases      ] GC(68)   Weak JFR Old Object Samples    Min:  0.0, Avg:  0.0, Max:  0.0, Diff:  0.0, Sum:  0.0, Workers: 4
[1045.315s][debug][gc,phases      ] GC(68)     Dead                           Min: 0, Avg:  0.0, Max: 0, Diff: 0, Sum: 0, Workers: 4
[1045.315s][debug][gc,phases      ] GC(68)     Total                          Min: 0, Avg:  0.0, Max: 0, Diff: 0, Sum: 0, Workers: 4
[1045.315s][debug][gc,phases      ] GC(68) Weak Processing 0.292ms
[1045.315s][debug][gc,age         ] GC(68) Desired survivor size 56623104 bytes, new threshold 15 (max threshold 15)
[1045.315s][info ][gc,heap        ] GC(68) PSYoungGen: 1974992K(2037760K)->1216K(2033152K) Eden: 1973760K(1973760K)->0K(1973760K) From: 1232K(64000K)->1216K(59392K)
[1045.315s][info ][gc,heap        ] GC(68) ParOldGen: 341700K(386560K)->341732K(386560K)
[1045.315s][info ][gc,metaspace   ] GC(68) Metaspace: 81459K(82496K)->81459K(82496K) NonClass: 69764K(70336K)->69764K(70336K) Class: 11694K(12160K)->11694K(12160K)
[1045.315s][info ][gc             ] GC(68) Pause Young (Allocation Failure) 2262M->334M(2363M) 2.645ms
[1045.315s][info ][gc,cpu         ] GC(68) User=0.01s Sys=0.00s Real=0.00s
[1045.315s][info ][safepoint      ] Safepoint "ParallelGCFailedAllocation", Time since last: 13844285479 ns, Reaching safepoint: 27200 ns, At safepoint: 2705720 ns, Total: 2732920 ns
[1070.114s][info ][gc,start       ] GC(69) Pause Young (Allocation Failure)
[1070.117s][debug][gc,phases      ] GC(69) Scavenge 3.009ms
[1070.117s][debug][gc,ref         ] GC(69) Skipped phase 1 of Reference Processing: no references
[1070.117s][debug][gc,ref         ] GC(69) Skipped phase 2 of Reference Processing: no references
[1070.117s][debug][gc,ref         ] GC(69) Skipped phase 3 of Reference Processing: no references
[1070.117s][debug][gc,ref         ] GC(69) Skipped phase 4 of Reference Processing: no references
[1070.117s][debug][gc,phases      ] GC(69) Reference Processing 0.022ms
[1070.118s][debug][gc,phases      ] GC(69)   VM Weak                        Min:  0.0, Avg:  0.0, Max:  0.0, Diff:  0.0, Sum:  0.0, Workers: 4
[1070.118s][debug][gc,phases      ] GC(69)     Dead                           Min: 0, Avg:  0.0, Max: 0, Diff: 0, Sum: 0, Workers: 4
[1070.118s][debug][gc,phases      ] GC(69)     Total                          Min: 0, Avg: 205.2, Max: 821, Diff: 821, Sum: 821, Workers: 4
[1070.118s][debug][gc,phases      ] GC(69)   ObjectSynchronizer Weak        Min:  0.0, Avg:  0.0, Max:  0.0, Diff:  0.0, Sum:  0.0, Workers: 4
[1070.118s][debug][gc,phases      ] GC(69)     Dead                           Min: 0, Avg:  0.0, Max: 0, Diff: 0, Sum: 0, Workers: 4
[1070.118s][debug][gc,phases      ] GC(69)     Total                          Min: 0, Avg:  8.5, Max: 34, Diff: 34, Sum: 34, Workers: 4
[1070.118s][debug][gc,phases      ] GC(69)   JVMTI Tag Weak OopStorage      Min:  0.0, Avg:  0.0, Max:  0.0, Diff:  0.0, Sum:  0.0, Workers: 4
[1070.118s][debug][gc,phases      ] GC(69)     Dead                           Min: 0, Avg:  0.0, Max: 0, Diff: 0, Sum: 0, Workers: 4
[1070.118s][debug][gc,phases      ] GC(69)     Total                          Min: 0, Avg:  0.0, Max: 0, Diff: 0, Sum: 0, Workers: 4
[1070.118s][debug][gc,phases      ] GC(69)   StringTable Weak               Min:  0.1, Avg:  0.1, Max:  0.1, Diff:  0.1, Sum:  0.4, Workers: 4
[1070.118s][debug][gc,phases      ] GC(69)     Dead                           Min: 0, Avg:  0.0, Max: 0, Diff: 0, Sum: 0, Workers: 4
[1070.118s][debug][gc,phases      ] GC(69)     Total                          Min: 6912, Avg: 10917.8, Max: 12736, Diff: 5824, Sum: 43671, Workers: 4
[1070.118s][debug][gc,phases      ] GC(69)   ResolvedMethodTable Weak       Min:  0.0, Avg:  0.0, Max:  0.0, Diff:  0.0, Sum:  0.1, Workers: 4
[1070.118s][debug][gc,phases      ] GC(69)     Dead                           Min: 0, Avg:  0.0, Max: 0, Diff: 0, Sum: 0, Workers: 4
[1070.118s][debug][gc,phases      ] GC(69)     Total                          Min: 2240, Avg: 2344.5, Max: 2496, Diff: 256, Sum: 9378, Workers: 4
[1070.118s][debug][gc,phases      ] GC(69)   JNI Weak                       Min:  0.0, Avg:  0.0, Max:  0.0, Diff:  0.0, Sum:  0.0, Workers: 4
[1070.118s][debug][gc,phases      ] GC(69)     Dead                           Min: 0, Avg:  0.0, Max: 0, Diff: 0, Sum: 0, Workers: 4
[1070.118s][debug][gc,phases      ] GC(69)     Total                          Min: 0, Avg: 11.2, Max: 45, Diff: 45, Sum: 45, Workers: 4
[1070.118s][debug][gc,phases      ] GC(69)   StringDedup Table Weak         Min:  0.0, Avg:  0.0, Max:  0.0, Diff:  0.0, Sum:  0.0, Workers: 4
[1070.118s][debug][gc,phases      ] GC(69)     Dead                           Min: 0, Avg:  0.0, Max: 0, Diff: 0, Sum: 0, Workers: 4
[1070.118s][debug][gc,phases      ] GC(69)     Total                          Min: 0, Avg:  0.0, Max: 0, Diff: 0, Sum: 0, Workers: 4
[1070.118s][debug][gc,phases      ] GC(69)   StringDedup Requests0 Weak     Min:  0.0, Avg:  0.0, Max:  0.0, Diff:  0.0, Sum:  0.0, Workers: 4
[1070.118s][debug][gc,phases      ] GC(69)     Dead                           Min: 0, Avg:  0.0, Max: 0, Diff: 0, Sum: 0, Workers: 4
[1070.118s][debug][gc,phases      ] GC(69)     Total                          Min: 0, Avg:  0.0, Max: 0, Diff: 0, Sum: 0, Workers: 4
[1070.118s][debug][gc,phases      ] GC(69)   StringDedup Requests1 Weak     Min:  0.0, Avg:  0.0, Max:  0.0, Diff:  0.0, Sum:  0.0, Workers: 4
[1070.118s][debug][gc,phases      ] GC(69)     Dead                           Min: 0, Avg:  0.0, Max: 0, Diff: 0, Sum: 0, Workers: 4
[1070.118s][debug][gc,phases      ] GC(69)     Total                          Min: 0, Avg:  0.0, Max: 0, Diff: 0, Sum: 0, Workers: 4
[1070.118s][debug][gc,phases      ] GC(69)   Weak JFR Old Object Samples    Min:  0.0, Avg:  0.0, Max:  0.0, Diff:  0.0, Sum:  0.0, Workers: 4
[1070.118s][debug][gc,phases      ] GC(69)     Dead                           Min: 0, Avg:  0.0, Max: 0, Diff: 0, Sum: 0, Workers: 4
[1070.118s][debug][gc,phases      ] GC(69)     Total                          Min: 0, Avg:  0.0, Max: 0, Diff: 0, Sum: 0, Workers: 4
[1070.118s][debug][gc,phases      ] GC(69) Weak Processing 0.325ms
[1070.118s][debug][gc,age         ] GC(69) Desired survivor size 52428800 bytes, new threshold 15 (max threshold 15)
[1070.118s][info ][gc,heap        ] GC(69) PSYoungGen: 1974976K(2033152K)->1216K(2045952K) Eden: 1973760K(1973760K)->0K(1990656K) From: 1216K(59392K)->1216K(55296K)
[1070.118s][info ][gc,heap        ] GC(69) ParOldGen: 341732K(386560K)->341764K(386560K)
[1070.118s][info ][gc,metaspace   ] GC(69) Metaspace: 81459K(82496K)->81459K(82496K) NonClass: 69764K(70336K)->69764K(70336K) Class: 11694K(12160K)->11694K(12160K)
[1070.118s][info ][gc             ] GC(69) Pause Young (Allocation Failure) 2262M->334M(2375M) 3.451ms
[1070.118s][info ][gc,cpu         ] GC(69) User=0.01s Sys=0.00s Real=0.00s
[1070.118s][info ][safepoint      ] Safepoint "ParallelGCFailedAllocation", Time since last: 24799025010 ns, Reaching safepoint: 40501 ns, At safepoint: 3532625 ns, Total: 3573126 ns
[1095.164s][info ][gc,start       ] GC(70) Pause Young (Allocation Failure)
[1095.166s][debug][gc,phases      ] GC(70) Scavenge 2.446ms
[1095.166s][debug][gc,ref         ] GC(70) Skipped phase 1 of Reference Processing: no references
[1095.166s][debug][gc,ref         ] GC(70) ReferenceProcessor::execute queues: 1, RefProcThreadModel::Single, marks_oops_alive: false
[1095.166s][debug][gc,ref         ] GC(70) Skipped phase 3 of Reference Processing: no references
[1095.166s][debug][gc,ref         ] GC(70) Skipped phase 4 of Reference Processing: no references
[1095.166s][debug][gc,phases      ] GC(70) Reference Processing 0.092ms
[1095.167s][debug][gc,phases      ] GC(70)   VM Weak                        Min:  0.0, Avg:  0.0, Max:  0.0, Diff:  0.0, Sum:  0.0, Workers: 4
[1095.167s][debug][gc,phases      ] GC(70)     Dead                           Min: 0, Avg:  0.0, Max: 0, Diff: 0, Sum: 0, Workers: 4
[1095.167s][debug][gc,phases      ] GC(70)     Total                          Min: 0, Avg: 205.2, Max: 437, Diff: 437, Sum: 821, Workers: 4
[1095.167s][debug][gc,phases      ] GC(70)   ObjectSynchronizer Weak        Min:  0.0, Avg:  0.0, Max:  0.0, Diff:  0.0, Sum:  0.0, Workers: 4
[1095.167s][debug][gc,phases      ] GC(70)     Dead                           Min: 0, Avg:  0.0, Max: 0, Diff: 0, Sum: 0, Workers: 4
[1095.167s][debug][gc,phases      ] GC(70)     Total                          Min: 0, Avg:  8.5, Max: 34, Diff: 34, Sum: 34, Workers: 4
[1095.167s][debug][gc,phases      ] GC(70)   JVMTI Tag Weak OopStorage      Min:  0.0, Avg:  0.0, Max:  0.0, Diff:  0.0, Sum:  0.0, Workers: 4
[1095.167s][debug][gc,phases      ] GC(70)     Dead                           Min: 0, Avg:  0.0, Max: 0, Diff: 0, Sum: 0, Workers: 4
[1095.167s][debug][gc,phases      ] GC(70)     Total                          Min: 0, Avg:  0.0, Max: 0, Diff: 0, Sum: 0, Workers: 4
[1095.167s][debug][gc,phases      ] GC(70)   StringTable Weak               Min:  0.0, Avg:  0.1, Max:  0.1, Diff:  0.1, Sum:  0.4, Workers: 4
[1095.167s][debug][gc,phases      ] GC(70)     Dead                           Min: 0, Avg:  0.0, Max: 0, Diff: 0, Sum: 0, Workers: 4
[1095.167s][debug][gc,phases      ] GC(70)     Total                          Min: 0, Avg: 10918.2, Max: 17024, Diff: 17024, Sum: 43673, Workers: 4
[1095.167s][debug][gc,phases      ] GC(70)   ResolvedMethodTable Weak       Min:  0.0, Avg:  0.0, Max:  0.0, Diff:  0.0, Sum:  0.1, Workers: 4
[1095.167s][debug][gc,phases      ] GC(70)     Dead                           Min: 0, Avg:  0.0, Max: 0, Diff: 0, Sum: 0, Workers: 4
[1095.167s][debug][gc,phases      ] GC(70)     Total                          Min: 0, Avg: 2344.5, Max: 4019, Diff: 4019, Sum: 9378, Workers: 4
[1095.167s][debug][gc,phases      ] GC(70)   JNI Weak                       Min:  0.0, Avg:  0.0, Max:  0.0, Diff:  0.0, Sum:  0.0, Workers: 4
[1095.167s][debug][gc,phases      ] GC(70)     Dead                           Min: 0, Avg:  0.0, Max: 0, Diff: 0, Sum: 0, Workers: 4
[1095.167s][debug][gc,phases      ] GC(70)     Total                          Min: 0, Avg: 11.2, Max: 45, Diff: 45, Sum: 45, Workers: 4
[1095.167s][debug][gc,phases      ] GC(70)   StringDedup Table Weak         Min:  0.0, Avg:  0.0, Max:  0.0, Diff:  0.0, Sum:  0.0, Workers: 4
[1095.167s][debug][gc,phases      ] GC(70)     Dead                           Min: 0, Avg:  0.0, Max: 0, Diff: 0, Sum: 0, Workers: 4
[1095.167s][debug][gc,phases      ] GC(70)     Total                          Min: 0, Avg:  0.0, Max: 0, Diff: 0, Sum: 0, Workers: 4
[1095.167s][debug][gc,phases      ] GC(70)   StringDedup Requests0 Weak     Min:  0.0, Avg:  0.0, Max:  0.0, Diff:  0.0, Sum:  0.0, Workers: 4
[1095.167s][debug][gc,phases      ] GC(70)     Dead                           Min: 0, Avg:  0.0, Max: 0, Diff: 0, Sum: 0, Workers: 4
[1095.167s][debug][gc,phases      ] GC(70)     Total                          Min: 0, Avg:  0.0, Max: 0, Diff: 0, Sum: 0, Workers: 4
[1095.167s][debug][gc,phases      ] GC(70)   StringDedup Requests1 Weak     Min:  0.0, Avg:  0.0, Max:  0.0, Diff:  0.0, Sum:  0.0, Workers: 4
[1095.167s][debug][gc,phases      ] GC(70)     Dead                           Min: 0, Avg:  0.0, Max: 0, Diff: 0, Sum: 0, Workers: 4
[1095.167s][debug][gc,phases      ] GC(70)     Total                          Min: 0, Avg:  0.0, Max: 0, Diff: 0, Sum: 0, Workers: 4
[1095.167s][debug][gc,phases      ] GC(70)   Weak JFR Old Object Samples    Min:  0.0, Avg:  0.0, Max:  0.0, Diff:  0.0, Sum:  0.0, Workers: 4
[1095.167s][debug][gc,phases      ] GC(70)     Dead                           Min: 0, Avg:  0.0, Max: 0, Diff: 0, Sum: 0, Workers: 4
[1095.167s][debug][gc,phases      ] GC(70)     Total                          Min: 0, Avg:  0.0, Max: 0, Diff: 0, Sum: 0, Workers: 4
[1095.167s][debug][gc,phases      ] GC(70) Weak Processing 0.322ms
[1095.167s][debug][gc,age         ] GC(70) Desired survivor size 48758784 bytes, new threshold 15 (max threshold 15)
[1095.167s][info ][gc,heap        ] GC(70) PSYoungGen: 1991872K(2045952K)->1184K(2041856K) Eden: 1990656K(1990656K)->0K(1990656K) From: 1216K(55296K)->1184K(51200K)
[1095.167s][info ][gc,heap        ] GC(70) ParOldGen: 341764K(386560K)->341796K(386560K)
[1095.167s][info ][gc,metaspace   ] GC(70) Metaspace: 81460K(82496K)->81460K(82496K) NonClass: 69765K(70336K)->69765K(70336K) Class: 11694K(12160K)->11694K(12160K)
[1095.167s][info ][gc             ] GC(70) Pause Young (Allocation Failure) 2278M->334M(2371M) 2.994ms
[1095.167s][info ][gc,cpu         ] GC(70) User=0.01s Sys=0.00s Real=0.00s
[1095.167s][info ][safepoint      ] Safepoint "ParallelGCFailedAllocation", Time since last: 25045909873 ns, Reaching safepoint: 25500 ns, At safepoint: 3064622 ns, Total: 3090122 ns
[1120.213s][info ][gc,start       ] GC(71) Pause Young (Allocation Failure)
[1120.220s][debug][gc,phases      ] GC(71) Scavenge 6.525ms
[1120.220s][debug][gc,ref         ] GC(71) Skipped phase 1 of Reference Processing: no references
[1120.220s][debug][gc,ref         ] GC(71) ReferenceProcessor::execute queues: 1, RefProcThreadModel::Single, marks_oops_alive: false
[1120.220s][debug][gc,ref         ] GC(71) Skipped phase 3 of Reference Processing: no references
[1120.220s][debug][gc,ref         ] GC(71) Skipped phase 4 of Reference Processing: no references
[1120.220s][debug][gc,phases      ] GC(71) Reference Processing 0.091ms
[1120.220s][debug][gc,phases      ] GC(71)   VM Weak                        Min:  0.0, Avg:  0.0, Max:  0.0, Diff:  0.0, Sum:  0.0, Workers: 4
[1120.220s][debug][gc,phases      ] GC(71)     Dead                           Min: 0, Avg:  0.0, Max: 0, Diff: 0, Sum: 0, Workers: 4
[1120.220s][debug][gc,phases      ] GC(71)     Total                          Min: 0, Avg: 205.2, Max: 629, Diff: 629, Sum: 821, Workers: 4
[1120.220s][debug][gc,phases      ] GC(71)   ObjectSynchronizer Weak        Min:  0.0, Avg:  0.0, Max:  0.0, Diff:  0.0, Sum:  0.0, Workers: 4
[1120.220s][debug][gc,phases      ] GC(71)     Dead                           Min: 0, Avg:  0.0, Max: 0, Diff: 0, Sum: 0, Workers: 4
[1120.220s][debug][gc,phases      ] GC(71)     Total                          Min: 0, Avg:  8.5, Max: 34, Diff: 34, Sum: 34, Workers: 4
[1120.220s][debug][gc,phases      ] GC(71)   JVMTI Tag Weak OopStorage      Min:  0.0, Avg:  0.0, Max:  0.0, Diff:  0.0, Sum:  0.0, Workers: 4
[1120.220s][debug][gc,phases      ] GC(71)     Dead                           Min: 0, Avg:  0.0, Max: 0, Diff: 0, Sum: 0, Workers: 4
[1120.220s][debug][gc,phases      ] GC(71)     Total                          Min: 0, Avg:  0.0, Max: 0, Diff: 0, Sum: 0, Workers: 4
[1120.220s][debug][gc,phases      ] GC(71)   StringTable Weak               Min:  0.0, Avg:  0.1, Max:  0.2, Diff:  0.2, Sum:  0.4, Workers: 4
[1120.220s][debug][gc,phases      ] GC(71)     Dead                           Min: 0, Avg:  0.0, Max: 0, Diff: 0, Sum: 0, Workers: 4
[1120.220s][debug][gc,phases      ] GC(71)     Total                          Min: 0, Avg: 10918.2, Max: 26521, Diff: 26521, Sum: 43673, Workers: 4
[1120.220s][debug][gc,phases      ] GC(71)   ResolvedMethodTable Weak       Min:  0.0, Avg:  0.0, Max:  0.0, Diff:  0.0, Sum:  0.1, Workers: 4
[1120.220s][debug][gc,phases      ] GC(71)     Dead                           Min: 0, Avg:  0.0, Max: 0, Diff: 0, Sum: 0, Workers: 4
[1120.220s][debug][gc,phases      ] GC(71)     Total                          Min: 0, Avg: 2344.5, Max: 5602, Diff: 5602, Sum: 9378, Workers: 4
[1120.220s][debug][gc,phases      ] GC(71)   JNI Weak                       Min:  0.0, Avg:  0.0, Max:  0.0, Diff:  0.0, Sum:  0.0, Workers: 4
[1120.220s][debug][gc,phases      ] GC(71)     Dead                           Min: 0, Avg:  0.0, Max: 0, Diff: 0, Sum: 0, Workers: 4
[1120.220s][debug][gc,phases      ] GC(71)     Total                          Min: 0, Avg: 11.2, Max: 45, Diff: 45, Sum: 45, Workers: 4
[1120.220s][debug][gc,phases      ] GC(71)   StringDedup Table Weak         Min:  0.0, Avg:  0.0, Max:  0.0, Diff:  0.0, Sum:  0.0, Workers: 4
[1120.220s][debug][gc,phases      ] GC(71)     Dead                           Min: 0, Avg:  0.0, Max: 0, Diff: 0, Sum: 0, Workers: 4
[1120.220s][debug][gc,phases      ] GC(71)     Total                          Min: 0, Avg:  0.0, Max: 0, Diff: 0, Sum: 0, Workers: 4
[1120.220s][debug][gc,phases      ] GC(71)   StringDedup Requests0 Weak     Min:  0.0, Avg:  0.0, Max:  0.0, Diff:  0.0, Sum:  0.0, Workers: 4
[1120.220s][debug][gc,phases      ] GC(71)     Dead                           Min: 0, Avg:  0.0, Max: 0, Diff: 0, Sum: 0, Workers: 4
[1120.220s][debug][gc,phases      ] GC(71)     Total                          Min: 0, Avg:  0.0, Max: 0, Diff: 0, Sum: 0, Workers: 4
[1120.220s][debug][gc,phases      ] GC(71)   StringDedup Requests1 Weak     Min:  0.0, Avg:  0.0, Max:  0.0, Diff:  0.0, Sum:  0.0, Workers: 4
[1120.220s][debug][gc,phases      ] GC(71)     Dead                           Min: 0, Avg:  0.0, Max: 0, Diff: 0, Sum: 0, Workers: 4
[1120.220s][debug][gc,phases      ] GC(71)     Total                          Min: 0, Avg:  0.0, Max: 0, Diff: 0, Sum: 0, Workers: 4
[1120.220s][debug][gc,phases      ] GC(71)   Weak JFR Old Object Samples    Min:  0.0, Avg:  0.0, Max:  0.0, Diff:  0.0, Sum:  0.0, Workers: 4
[1120.220s][debug][gc,phases      ] GC(71)     Dead                           Min: 0, Avg:  0.0, Max: 0, Diff: 0, Sum: 0, Workers: 4
[1120.220s][debug][gc,phases      ] GC(71)     Total                          Min: 0, Avg:  0.0, Max: 0, Diff: 0, Sum: 0, Workers: 4
[1120.220s][debug][gc,phases      ] GC(71) Weak Processing 0.420ms
[1120.220s][debug][gc,age         ] GC(71) Desired survivor size 45088768 bytes, new threshold 15 (max threshold 15)
[1120.220s][info ][gc,heap        ] GC(71) PSYoungGen: 1991840K(2041856K)->1216K(2053120K) Eden: 1990656K(1990656K)->0K(2005504K) From: 1184K(51200K)->1216K(47616K)
[1120.220s][info ][gc,heap        ] GC(71) ParOldGen: 341796K(386560K)->341820K(386560K)
[1120.220s][info ][gc,metaspace   ] GC(71) Metaspace: 81460K(82496K)->81460K(82496K) NonClass: 69765K(70336K)->69765K(70336K) Class: 11694K(12160K)->11694K(12160K)
[1120.220s][info ][gc             ] GC(71) Pause Young (Allocation Failure) 2278M->334M(2382M) 7.138ms
[1120.220s][info ][gc,cpu         ] GC(71) User=0.01s Sys=0.00s Real=0.01s
[1120.220s][info ][safepoint      ] Safepoint "ParallelGCFailedAllocation", Time since last: 25046185473 ns, Reaching safepoint: 22601 ns, At safepoint: 7211542 ns, Total: 7234143 ns
[1145.462s][info ][gc,start       ] GC(72) Pause Young (Allocation Failure)
[1145.464s][debug][gc,phases      ] GC(72) Scavenge 2.355ms
[1145.464s][debug][gc,ref         ] GC(72) Skipped phase 1 of Reference Processing: no references
[1145.465s][debug][gc,ref         ] GC(72) ReferenceProcessor::execute queues: 1, RefProcThreadModel::Single, marks_oops_alive: false
[1145.465s][debug][gc,ref         ] GC(72) Skipped phase 3 of Reference Processing: no references
[1145.465s][debug][gc,ref         ] GC(72) Skipped phase 4 of Reference Processing: no references
[1145.465s][debug][gc,phases      ] GC(72) Reference Processing 0.094ms
[1145.465s][debug][gc,phases      ] GC(72)   VM Weak                        Min:  0.0, Avg:  0.0, Max:  0.0, Diff:  0.0, Sum:  0.0, Workers: 4
[1145.465s][debug][gc,phases      ] GC(72)     Dead                           Min: 0, Avg:  0.0, Max: 0, Diff: 0, Sum: 0, Workers: 4
[1145.465s][debug][gc,phases      ] GC(72)     Total                          Min: 0, Avg: 205.2, Max: 448, Diff: 448, Sum: 821, Workers: 4
[1145.465s][debug][gc,phases      ] GC(72)   ObjectSynchronizer Weak        Min:  0.0, Avg:  0.0, Max:  0.0, Diff:  0.0, Sum:  0.0, Workers: 4
[1145.465s][debug][gc,phases      ] GC(72)     Dead                           Min: 0, Avg:  0.0, Max: 0, Diff: 0, Sum: 0, Workers: 4
[1145.465s][debug][gc,phases      ] GC(72)     Total                          Min: 0, Avg:  8.5, Max: 34, Diff: 34, Sum: 34, Workers: 4
[1145.465s][debug][gc,phases      ] GC(72)   JVMTI Tag Weak OopStorage      Min:  0.0, Avg:  0.0, Max:  0.0, Diff:  0.0, Sum:  0.0, Workers: 4
[1145.465s][debug][gc,phases      ] GC(72)     Dead                           Min: 0, Avg:  0.0, Max: 0, Diff: 0, Sum: 0, Workers: 4
[1145.465s][debug][gc,phases      ] GC(72)     Total                          Min: 0, Avg:  0.0, Max: 0, Diff: 0, Sum: 0, Workers: 4
[1145.465s][debug][gc,phases      ] GC(72)   StringTable Weak               Min:  0.0, Avg:  0.1, Max:  0.1, Diff:  0.1, Sum:  0.3, Workers: 4
[1145.465s][debug][gc,phases      ] GC(72)     Dead                           Min: 0, Avg:  0.0, Max: 0, Diff: 0, Sum: 0, Workers: 4
[1145.465s][debug][gc,phases      ] GC(72)     Total                          Min: 0, Avg: 10918.2, Max: 19008, Diff: 19008, Sum: 43673, Workers: 4
[1145.465s][debug][gc,phases      ] GC(72)   ResolvedMethodTable Weak       Min:  0.0, Avg:  0.0, Max:  0.0, Diff:  0.0, Sum:  0.1, Workers: 4
[1145.465s][debug][gc,phases      ] GC(72)     Dead                           Min: 0, Avg:  0.0, Max: 0, Diff: 0, Sum: 0, Workers: 4
[1145.465s][debug][gc,phases      ] GC(72)     Total                          Min: 0, Avg: 2344.5, Max: 4032, Diff: 4032, Sum: 9378, Workers: 4
[1145.465s][debug][gc,phases      ] GC(72)   JNI Weak                       Min:  0.0, Avg:  0.0, Max:  0.0, Diff:  0.0, Sum:  0.0, Workers: 4
[1145.465s][debug][gc,phases      ] GC(72)     Dead                           Min: 0, Avg:  0.0, Max: 0, Diff: 0, Sum: 0, Workers: 4
[1145.465s][debug][gc,phases      ] GC(72)     Total                          Min: 0, Avg: 11.2, Max: 45, Diff: 45, Sum: 45, Workers: 4
[1145.465s][debug][gc,phases      ] GC(72)   StringDedup Table Weak         Min:  0.0, Avg:  0.0, Max:  0.0, Diff:  0.0, Sum:  0.0, Workers: 4
[1145.465s][debug][gc,phases      ] GC(72)     Dead                           Min: 0, Avg:  0.0, Max: 0, Diff: 0, Sum: 0, Workers: 4
[1145.465s][debug][gc,phases      ] GC(72)     Total                          Min: 0, Avg:  0.0, Max: 0, Diff: 0, Sum: 0, Workers: 4
[1145.465s][debug][gc,phases      ] GC(72)   StringDedup Requests0 Weak     Min:  0.0, Avg:  0.0, Max:  0.0, Diff:  0.0, Sum:  0.0, Workers: 4
[1145.465s][debug][gc,phases      ] GC(72)     Dead                           Min: 0, Avg:  0.0, Max: 0, Diff: 0, Sum: 0, Workers: 4
[1145.465s][debug][gc,phases      ] GC(72)     Total                          Min: 0, Avg:  0.0, Max: 0, Diff: 0, Sum: 0, Workers: 4
[1145.465s][debug][gc,phases      ] GC(72)   StringDedup Requests1 Weak     Min:  0.0, Avg:  0.0, Max:  0.0, Diff:  0.0, Sum:  0.0, Workers: 4
[1145.465s][debug][gc,phases      ] GC(72)     Dead                           Min: 0, Avg:  0.0, Max: 0, Diff: 0, Sum: 0, Workers: 4
[1145.465s][debug][gc,phases      ] GC(72)     Total                          Min: 0, Avg:  0.0, Max: 0, Diff: 0, Sum: 0, Workers: 4
[1145.465s][debug][gc,phases      ] GC(72)   Weak JFR Old Object Samples    Min:  0.0, Avg:  0.0, Max:  0.0, Diff:  0.0, Sum:  0.0, Workers: 4
[1145.465s][debug][gc,phases      ] GC(72)     Dead                           Min: 0, Avg:  0.0, Max: 0, Diff: 0, Sum: 0, Workers: 4
[1145.465s][debug][gc,phases      ] GC(72)     Total                          Min: 0, Avg:  0.0, Max: 0, Diff: 0, Sum: 0, Workers: 4
[1145.465s][debug][gc,phases      ] GC(72) Weak Processing 0.327ms
[1145.465s][debug][gc,age         ] GC(72) Desired survivor size 41943040 bytes, new threshold 15 (max threshold 15)
[1145.465s][info ][gc,heap        ] GC(72) PSYoungGen: 2006720K(2053120K)->1168K(2049536K) Eden: 2005504K(2005504K)->0K(2005504K) From: 1216K(47616K)->1168K(44032K)
[1145.465s][info ][gc,heap        ] GC(72) ParOldGen: 341820K(386560K)->341852K(386560K)
[1145.465s][info ][gc,metaspace   ] GC(72) Metaspace: 81460K(82496K)->81460K(82496K) NonClass: 69765K(70336K)->69765K(70336K) Class: 11694K(12160K)->11694K(12160K)
[1145.465s][info ][gc             ] GC(72) Pause Young (Allocation Failure) 2293M->334M(2379M) 2.870ms
[1145.465s][info ][gc,cpu         ] GC(72) User=0.01s Sys=0.00s Real=0.00s
[1145.465s][info ][safepoint      ] Safepoint "ParallelGCFailedAllocation", Time since last: 25241813287 ns, Reaching safepoint: 28000 ns, At safepoint: 2953427 ns, Total: 2981427 ns
[1157.466s][info ][safepoint      ] Safepoint "Cleanup", Time since last: 12000830630 ns, Reaching safepoint: 41201 ns, At safepoint: 3700 ns, Total: 44901 ns
[1158.466s][info ][safepoint      ] Safepoint "Cleanup", Time since last: 1000096346 ns, Reaching safepoint: 53700 ns, At safepoint: 3000 ns, Total: 56700 ns
[1162.466s][info ][safepoint      ] Safepoint "Cleanup", Time since last: 4000301377 ns, Reaching safepoint: 116101 ns, At safepoint: 6400 ns, Total: 122501 ns
[1168.965s][info ][gc,start       ] GC(73) Pause Young (Allocation Failure)
[1168.968s][debug][gc,phases      ] GC(73) Scavenge 2.902ms
[1168.968s][debug][gc,ref         ] GC(73) Skipped phase 1 of Reference Processing: no references
[1168.968s][debug][gc,ref         ] GC(73) ReferenceProcessor::execute queues: 1, RefProcThreadModel::Single, marks_oops_alive: false
[1168.968s][debug][gc,ref         ] GC(73) Skipped phase 3 of Reference Processing: no references
[1168.968s][debug][gc,ref         ] GC(73) ReferenceProcessor::execute queues: 1, RefProcThreadModel::Single, marks_oops_alive: false
[1168.968s][debug][gc,phases      ] GC(73) Reference Processing 0.088ms
[1168.968s][debug][gc,phases      ] GC(73)   VM Weak                        Min:  0.0, Avg:  0.0, Max:  0.0, Diff:  0.0, Sum:  0.0, Workers: 4
[1168.968s][debug][gc,phases      ] GC(73)     Dead                           Min: 0, Avg:  0.0, Max: 0, Diff: 0, Sum: 0, Workers: 4
[1168.968s][debug][gc,phases      ] GC(73)     Total                          Min: 0, Avg: 205.2, Max: 821, Diff: 821, Sum: 821, Workers: 4
[1168.968s][debug][gc,phases      ] GC(73)   ObjectSynchronizer Weak        Min:  0.0, Avg:  0.0, Max:  0.0, Diff:  0.0, Sum:  0.0, Workers: 4
[1168.968s][debug][gc,phases      ] GC(73)     Dead                           Min: 0, Avg:  0.0, Max: 0, Diff: 0, Sum: 0, Workers: 4
[1168.968s][debug][gc,phases      ] GC(73)     Total                          Min: 0, Avg:  8.5, Max: 34, Diff: 34, Sum: 34, Workers: 4
[1168.968s][debug][gc,phases      ] GC(73)   JVMTI Tag Weak OopStorage      Min:  0.0, Avg:  0.0, Max:  0.0, Diff:  0.0, Sum:  0.0, Workers: 4
[1168.968s][debug][gc,phases      ] GC(73)     Dead                           Min: 0, Avg:  0.0, Max: 0, Diff: 0, Sum: 0, Workers: 4
[1168.968s][debug][gc,phases      ] GC(73)     Total                          Min: 0, Avg:  0.0, Max: 0, Diff: 0, Sum: 0, Workers: 4
[1168.968s][debug][gc,phases      ] GC(73)   StringTable Weak               Min:  0.0, Avg:  0.1, Max:  0.1, Diff:  0.1, Sum:  0.4, Workers: 4
[1168.968s][debug][gc,phases      ] GC(73)     Dead                           Min: 0, Avg:  0.0, Max: 0, Diff: 0, Sum: 0, Workers: 4
[1168.968s][debug][gc,phases      ] GC(73)     Total                          Min: 0, Avg: 10918.2, Max: 15488, Diff: 15488, Sum: 43673, Workers: 4
[1168.968s][debug][gc,phases      ] GC(73)   ResolvedMethodTable Weak       Min:  0.0, Avg:  0.0, Max:  0.0, Diff:  0.0, Sum:  0.1, Workers: 4
[1168.968s][debug][gc,phases      ] GC(73)     Dead                           Min: 0, Avg:  0.0, Max: 0, Diff: 0, Sum: 0, Workers: 4
[1168.968s][debug][gc,phases      ] GC(73)     Total                          Min: 0, Avg: 2344.5, Max: 4032, Diff: 4032, Sum: 9378, Workers: 4
[1168.968s][debug][gc,phases      ] GC(73)   JNI Weak                       Min:  0.0, Avg:  0.0, Max:  0.0, Diff:  0.0, Sum:  0.0, Workers: 4
[1168.968s][debug][gc,phases      ] GC(73)     Dead                           Min: 0, Avg:  0.0, Max: 0, Diff: 0, Sum: 0, Workers: 4
[1168.968s][debug][gc,phases      ] GC(73)     Total                          Min: 0, Avg: 11.2, Max: 45, Diff: 45, Sum: 45, Workers: 4
[1168.968s][debug][gc,phases      ] GC(73)   StringDedup Table Weak         Min:  0.0, Avg:  0.0, Max:  0.0, Diff:  0.0, Sum:  0.0, Workers: 4
[1168.968s][debug][gc,phases      ] GC(73)     Dead                           Min: 0, Avg:  0.0, Max: 0, Diff: 0, Sum: 0, Workers: 4
[1168.968s][debug][gc,phases      ] GC(73)     Total                          Min: 0, Avg:  0.0, Max: 0, Diff: 0, Sum: 0, Workers: 4
[1168.968s][debug][gc,phases      ] GC(73)   StringDedup Requests0 Weak     Min:  0.0, Avg:  0.0, Max:  0.0, Diff:  0.0, Sum:  0.0, Workers: 4
[1168.968s][debug][gc,phases      ] GC(73)     Dead                           Min: 0, Avg:  0.0, Max: 0, Diff: 0, Sum: 0, Workers: 4
[1168.968s][debug][gc,phases      ] GC(73)     Total                          Min: 0, Avg:  0.0, Max: 0, Diff: 0, Sum: 0, Workers: 4
[1168.968s][debug][gc,phases      ] GC(73)   StringDedup Requests1 Weak     Min:  0.0, Avg:  0.0, Max:  0.0, Diff:  0.0, Sum:  0.0, Workers: 4
[1168.968s][debug][gc,phases      ] GC(73)     Dead                           Min: 0, Avg:  0.0, Max: 0, Diff: 0, Sum: 0, Workers: 4
[1168.968s][debug][gc,phases      ] GC(73)     Total                          Min: 0, Avg:  0.0, Max: 0, Diff: 0, Sum: 0, Workers: 4
[1168.968s][debug][gc,phases      ] GC(73)   Weak JFR Old Object Samples    Min:  0.0, Avg:  0.0, Max:  0.0, Diff:  0.0, Sum:  0.0, Workers: 4
[1168.968s][debug][gc,phases      ] GC(73)     Dead                           Min: 0, Avg:  0.0, Max: 0, Diff: 0, Sum: 0, Workers: 4
[1168.968s][debug][gc,phases      ] GC(73)     Total                          Min: 0, Avg:  0.0, Max: 0, Diff: 0, Sum: 0, Workers: 4
[1168.968s][debug][gc,phases      ] GC(73) Weak Processing 0.343ms
[1168.968s][debug][gc,age         ] GC(73) Desired survivor size 38797312 bytes, new threshold 15 (max threshold 15)
[1168.968s][info ][gc,heap        ] GC(73) PSYoungGen: 2006672K(2049536K)->1200K(2059264K) Eden: 2005504K(2005504K)->0K(2018304K) From: 1168K(44032K)->1200K(40960K)
[1168.968s][info ][gc,heap        ] GC(73) ParOldGen: 341852K(386560K)->341884K(386560K)
[1168.968s][info ][gc,metaspace   ] GC(73) Metaspace: 81464K(82496K)->81464K(82496K) NonClass: 69769K(70336K)->69769K(70336K) Class: 11694K(12160K)->11694K(12160K)
[1168.968s][info ][gc             ] GC(73) Pause Young (Allocation Failure) 2293M->335M(2388M) 3.439ms
[1168.968s][info ][gc,cpu         ] GC(73) User=0.01s Sys=0.00s Real=0.00s
[1168.968s][info ][safepoint      ] Safepoint "ParallelGCFailedAllocation", Time since last: 6498433821 ns, Reaching safepoint: 100201 ns, At safepoint: 3510530 ns, Total: 3610731 ns
[1194.362s][info ][gc,start       ] GC(74) Pause Young (Allocation Failure)
[1194.366s][debug][gc,phases      ] GC(74) Scavenge 3.850ms
[1194.366s][debug][gc,ref         ] GC(74) Skipped phase 1 of Reference Processing: no references
[1194.366s][debug][gc,ref         ] GC(74) ReferenceProcessor::execute queues: 1, RefProcThreadModel::Single, marks_oops_alive: false
[1194.366s][debug][gc,ref         ] GC(74) Skipped phase 3 of Reference Processing: no references
[1194.366s][debug][gc,ref         ] GC(74) ReferenceProcessor::execute queues: 1, RefProcThreadModel::Single, marks_oops_alive: false
[1194.366s][debug][gc,phases      ] GC(74) Reference Processing 0.094ms
[1194.366s][debug][gc,phases      ] GC(74)   VM Weak                        Min:  0.0, Avg:  0.0, Max:  0.0, Diff:  0.0, Sum:  0.0, Workers: 4
[1194.366s][debug][gc,phases      ] GC(74)     Dead                           Min: 0, Avg:  0.0, Max: 0, Diff: 0, Sum: 0, Workers: 4
[1194.366s][debug][gc,phases      ] GC(74)     Total                          Min: 0, Avg: 205.2, Max: 821, Diff: 821, Sum: 821, Workers: 4
[1194.366s][debug][gc,phases      ] GC(74)   ObjectSynchronizer Weak        Min:  0.0, Avg:  0.0, Max:  0.0, Diff:  0.0, Sum:  0.0, Workers: 4
[1194.366s][debug][gc,phases      ] GC(74)     Dead                           Min: 0, Avg:  0.0, Max: 0, Diff: 0, Sum: 0, Workers: 4
[1194.366s][debug][gc,phases      ] GC(74)     Total                          Min: 0, Avg:  8.5, Max: 34, Diff: 34, Sum: 34, Workers: 4
[1194.366s][debug][gc,phases      ] GC(74)   JVMTI Tag Weak OopStorage      Min:  0.0, Avg:  0.0, Max:  0.0, Diff:  0.0, Sum:  0.0, Workers: 4
[1194.366s][debug][gc,phases      ] GC(74)     Dead                           Min: 0, Avg:  0.0, Max: 0, Diff: 0, Sum: 0, Workers: 4
[1194.366s][debug][gc,phases      ] GC(74)     Total                          Min: 0, Avg:  0.0, Max: 0, Diff: 0, Sum: 0, Workers: 4
[1194.366s][debug][gc,phases      ] GC(74)   StringTable Weak               Min:  0.0, Avg:  0.1, Max:  0.1, Diff:  0.1, Sum:  0.3, Workers: 4
[1194.366s][debug][gc,phases      ] GC(74)     Dead                           Min: 0, Avg:  0.0, Max: 0, Diff: 0, Sum: 0, Workers: 4
[1194.366s][debug][gc,phases      ] GC(74)     Total                          Min: 0, Avg: 10918.2, Max: 17216, Diff: 17216, Sum: 43673, Workers: 4
[1194.366s][debug][gc,phases      ] GC(74)   ResolvedMethodTable Weak       Min:  0.0, Avg:  0.0, Max:  0.0, Diff:  0.0, Sum:  0.1, Workers: 4
[1194.366s][debug][gc,phases      ] GC(74)     Dead                           Min: 0, Avg:  0.0, Max: 0, Diff: 0, Sum: 0, Workers: 4
[1194.366s][debug][gc,phases      ] GC(74)     Total                          Min: 0, Avg: 2344.5, Max: 4083, Diff: 4083, Sum: 9378, Workers: 4
[1194.366s][debug][gc,phases      ] GC(74)   JNI Weak                       Min:  0.0, Avg:  0.0, Max:  0.0, Diff:  0.0, Sum:  0.0, Workers: 4
[1194.366s][debug][gc,phases      ] GC(74)     Dead                           Min: 0, Avg:  0.0, Max: 0, Diff: 0, Sum: 0, Workers: 4
[1194.366s][debug][gc,phases      ] GC(74)     Total                          Min: 0, Avg: 11.2, Max: 45, Diff: 45, Sum: 45, Workers: 4
[1194.366s][debug][gc,phases      ] GC(74)   StringDedup Table Weak         Min:  0.0, Avg:  0.0, Max:  0.0, Diff:  0.0, Sum:  0.0, Workers: 4
[1194.366s][debug][gc,phases      ] GC(74)     Dead                           Min: 0, Avg:  0.0, Max: 0, Diff: 0, Sum: 0, Workers: 4
[1194.366s][debug][gc,phases      ] GC(74)     Total                          Min: 0, Avg:  0.0, Max: 0, Diff: 0, Sum: 0, Workers: 4
[1194.366s][debug][gc,phases      ] GC(74)   StringDedup Requests0 Weak     Min:  0.0, Avg:  0.0, Max:  0.0, Diff:  0.0, Sum:  0.0, Workers: 4
[1194.366s][debug][gc,phases      ] GC(74)     Dead                           Min: 0, Avg:  0.0, Max: 0, Diff: 0, Sum: 0, Workers: 4
[1194.366s][debug][gc,phases      ] GC(74)     Total                          Min: 0, Avg:  0.0, Max: 0, Diff: 0, Sum: 0, Workers: 4
[1194.366s][debug][gc,phases      ] GC(74)   StringDedup Requests1 Weak     Min:  0.0, Avg:  0.0, Max:  0.0, Diff:  0.0, Sum:  0.0, Workers: 4
[1194.366s][debug][gc,phases      ] GC(74)     Dead                           Min: 0, Avg:  0.0, Max: 0, Diff: 0, Sum: 0, Workers: 4
[1194.366s][debug][gc,phases      ] GC(74)     Total                          Min: 0, Avg:  0.0, Max: 0, Diff: 0, Sum: 0, Workers: 4
[1194.366s][debug][gc,phases      ] GC(74)   Weak JFR Old Object Samples    Min:  0.0, Avg:  0.0, Max:  0.0, Diff:  0.0, Sum:  0.0, Workers: 4
[1194.366s][debug][gc,phases      ] GC(74)     Dead                           Min: 0, Avg:  0.0, Max: 0, Diff: 0, Sum: 0, Workers: 4
[1194.366s][debug][gc,phases      ] GC(74)     Total                          Min: 0, Avg:  0.0, Max: 0, Diff: 0, Sum: 0, Workers: 4
[1194.366s][debug][gc,phases      ] GC(74) Weak Processing 0.319ms
[1194.366s][debug][gc,age         ] GC(74) Desired survivor size 36175872 bytes, new threshold 15 (max threshold 15)
[1194.366s][info ][gc,heap        ] GC(74) PSYoungGen: 2019504K(2059264K)->1200K(2056192K) Eden: 2018304K(2018304K)->0K(2018304K) From: 1200K(40960K)->1200K(37888K)
[1194.366s][info ][gc,heap        ] GC(74) ParOldGen: 341884K(386560K)->341924K(386560K)
[1194.366s][info ][gc,metaspace   ] GC(74) Metaspace: 81464K(82496K)->81464K(82496K) NonClass: 69769K(70336K)->69769K(70336K) Class: 11694K(12160K)->11694K(12160K)
[1194.366s][info ][gc             ] GC(74) Pause Young (Allocation Failure) 2306M->335M(2385M) 4.385ms
[1194.366s][info ][gc,cpu         ] GC(74) User=0.01s Sys=0.00s Real=0.00s
[1194.367s][info ][safepoint      ] Safepoint "ParallelGCFailedAllocation", Time since last: 25393591344 ns, Reaching safepoint: 38800 ns, At safepoint: 4449040 ns, Total: 4487840 ns
[1211.368s][info ][safepoint      ] Safepoint "Cleanup", Time since last: 17001099495 ns, Reaching safepoint: 43700 ns, At safepoint: 5000 ns, Total: 48700 ns
[1219.512s][info ][gc,start       ] GC(75) Pause Young (Allocation Failure)
[1219.516s][debug][gc,phases      ] GC(75) Scavenge 3.994ms
[1219.516s][debug][gc,ref         ] GC(75) Skipped phase 1 of Reference Processing: no references
[1219.516s][debug][gc,ref         ] GC(75) ReferenceProcessor::execute queues: 1, RefProcThreadModel::Single, marks_oops_alive: false
[1219.516s][debug][gc,ref         ] GC(75) Skipped phase 3 of Reference Processing: no references
[1219.516s][debug][gc,ref         ] GC(75) ReferenceProcessor::execute queues: 1, RefProcThreadModel::Single, marks_oops_alive: false
[1219.516s][debug][gc,phases      ] GC(75) Reference Processing 0.103ms
[1219.517s][debug][gc,phases      ] GC(75)   VM Weak                        Min:  0.0, Avg:  0.0, Max:  0.0, Diff:  0.0, Sum:  0.0, Workers: 4
[1219.517s][debug][gc,phases      ] GC(75)     Dead                           Min: 0, Avg:  0.0, Max: 0, Diff: 0, Sum: 0, Workers: 4
[1219.517s][debug][gc,phases      ] GC(75)     Total                          Min: 0, Avg: 205.2, Max: 437, Diff: 437, Sum: 821, Workers: 4
[1219.517s][debug][gc,phases      ] GC(75)   ObjectSynchronizer Weak        Min:  0.0, Avg:  0.0, Max:  0.0, Diff:  0.0, Sum:  0.0, Workers: 4
[1219.517s][debug][gc,phases      ] GC(75)     Dead                           Min: 0, Avg:  0.0, Max: 0, Diff: 0, Sum: 0, Workers: 4
[1219.517s][debug][gc,phases      ] GC(75)     Total                          Min: 0, Avg:  8.5, Max: 34, Diff: 34, Sum: 34, Workers: 4
[1219.517s][debug][gc,phases      ] GC(75)   JVMTI Tag Weak OopStorage      Min:  0.0, Avg:  0.0, Max:  0.0, Diff:  0.0, Sum:  0.0, Workers: 4
[1219.517s][debug][gc,phases      ] GC(75)     Dead                           Min: 0, Avg:  0.0, Max: 0, Diff: 0, Sum: 0, Workers: 4
[1219.517s][debug][gc,phases      ] GC(75)     Total                          Min: 0, Avg:  0.0, Max: 0, Diff: 0, Sum: 0, Workers: 4
[1219.517s][debug][gc,phases      ] GC(75)   StringTable Weak               Min:  0.0, Avg:  0.1, Max:  0.1, Diff:  0.1, Sum:  0.4, Workers: 4
[1219.517s][debug][gc,phases      ] GC(75)     Dead                           Min: 0, Avg:  0.0, Max: 0, Diff: 0, Sum: 0, Workers: 4
[1219.517s][debug][gc,phases      ] GC(75)     Total                          Min: 0, Avg: 10918.5, Max: 17434, Diff: 17434, Sum: 43674, Workers: 4
[1219.517s][debug][gc,phases      ] GC(75)   ResolvedMethodTable Weak       Min:  0.0, Avg:  0.0, Max:  0.0, Diff:  0.0, Sum:  0.1, Workers: 4
[1219.517s][debug][gc,phases      ] GC(75)     Dead                           Min: 0, Avg:  0.0, Max: 0, Diff: 0, Sum: 0, Workers: 4
[1219.517s][debug][gc,phases      ] GC(75)     Total                          Min: 0, Avg: 2344.5, Max: 3840, Diff: 3840, Sum: 9378, Workers: 4
[1219.517s][debug][gc,phases      ] GC(75)   JNI Weak                       Min:  0.0, Avg:  0.0, Max:  0.0, Diff:  0.0, Sum:  0.0, Workers: 4
[1219.517s][debug][gc,phases      ] GC(75)     Dead                           Min: 0, Avg:  0.0, Max: 0, Diff: 0, Sum: 0, Workers: 4
[1219.517s][debug][gc,phases      ] GC(75)     Total                          Min: 0, Avg: 11.2, Max: 45, Diff: 45, Sum: 45, Workers: 4
[1219.517s][debug][gc,phases      ] GC(75)   StringDedup Table Weak         Min:  0.0, Avg:  0.0, Max:  0.0, Diff:  0.0, Sum:  0.0, Workers: 4
[1219.517s][debug][gc,phases      ] GC(75)     Dead                           Min: 0, Avg:  0.0, Max: 0, Diff: 0, Sum: 0, Workers: 4
[1219.517s][debug][gc,phases      ] GC(75)     Total                          Min: 0, Avg:  0.0, Max: 0, Diff: 0, Sum: 0, Workers: 4
[1219.517s][debug][gc,phases      ] GC(75)   StringDedup Requests0 Weak     Min:  0.0, Avg:  0.0, Max:  0.0, Diff:  0.0, Sum:  0.0, Workers: 4
[1219.517s][debug][gc,phases      ] GC(75)     Dead                           Min: 0, Avg:  0.0, Max: 0, Diff: 0, Sum: 0, Workers: 4
[1219.517s][debug][gc,phases      ] GC(75)     Total                          Min: 0, Avg:  0.0, Max: 0, Diff: 0, Sum: 0, Workers: 4
[1219.517s][debug][gc,phases      ] GC(75)   StringDedup Requests1 Weak     Min:  0.0, Avg:  0.0, Max:  0.0, Diff:  0.0, Sum:  0.0, Workers: 4
[1219.517s][debug][gc,phases      ] GC(75)     Dead                           Min: 0, Avg:  0.0, Max: 0, Diff: 0, Sum: 0, Workers: 4
[1219.517s][debug][gc,phases      ] GC(75)     Total                          Min: 0, Avg:  0.0, Max: 0, Diff: 0, Sum: 0, Workers: 4
[1219.517s][debug][gc,phases      ] GC(75)   Weak JFR Old Object Samples    Min:  0.0, Avg:  0.0, Max:  0.0, Diff:  0.0, Sum:  0.0, Workers: 4
[1219.517s][debug][gc,phases      ] GC(75)     Dead                           Min: 0, Avg:  0.0, Max: 0, Diff: 0, Sum: 0, Workers: 4
[1219.517s][debug][gc,phases      ] GC(75)     Total                          Min: 0, Avg:  0.0, Max: 0, Diff: 0, Sum: 0, Workers: 4
[1219.517s][debug][gc,phases      ] GC(75) Weak Processing 0.313ms
[1219.517s][debug][gc,age         ] GC(75) Desired survivor size 33554432 bytes, new threshold 15 (max threshold 15)
[1219.517s][info ][gc,heap        ] GC(75) PSYoungGen: 2019504K(2056192K)->1184K(2064384K) Eden: 2018304K(2018304K)->0K(2029056K) From: 1200K(37888K)->1184K(35328K)
[1219.517s][info ][gc,heap        ] GC(75) ParOldGen: 341924K(386560K)->341980K(386560K)
[1219.517s][info ][gc,metaspace   ] GC(75) Metaspace: 81468K(82496K)->81468K(82496K) NonClass: 69773K(70336K)->69773K(70336K) Class: 11695K(12160K)->11695K(12160K)
[1219.517s][info ][gc             ] GC(75) Pause Young (Allocation Failure) 2306M->335M(2393M) 4.548ms
[1219.517s][info ][gc,cpu         ] GC(75) User=0.02s Sys=0.00s Real=0.00s
[1219.517s][info ][safepoint      ] Safepoint "ParallelGCFailedAllocation", Time since last: 8144405938 ns, Reaching safepoint: 35100 ns, At safepoint: 4618041 ns, Total: 4653141 ns
[1244.914s][info ][gc,start       ] GC(76) Pause Young (Allocation Failure)
[1244.917s][debug][gc,phases      ] GC(76) Scavenge 2.415ms
[1244.917s][debug][gc,ref         ] GC(76) Skipped phase 1 of Reference Processing: no references
[1244.917s][debug][gc,ref         ] GC(76) ReferenceProcessor::execute queues: 1, RefProcThreadModel::Single, marks_oops_alive: false
[1244.917s][debug][gc,ref         ] GC(76) Skipped phase 3 of Reference Processing: no references
[1244.917s][debug][gc,ref         ] GC(76) ReferenceProcessor::execute queues: 1, RefProcThreadModel::Single, marks_oops_alive: false
[1244.917s][debug][gc,phases      ] GC(76) Reference Processing 0.106ms
[1244.917s][debug][gc,phases      ] GC(76)   VM Weak                        Min:  0.0, Avg:  0.0, Max:  0.0, Diff:  0.0, Sum:  0.0, Workers: 4
[1244.917s][debug][gc,phases      ] GC(76)     Dead                           Min: 0, Avg:  0.0, Max: 0, Diff: 0, Sum: 0, Workers: 4
[1244.917s][debug][gc,phases      ] GC(76)     Total                          Min: 0, Avg: 205.2, Max: 821, Diff: 821, Sum: 821, Workers: 4
[1244.917s][debug][gc,phases      ] GC(76)   ObjectSynchronizer Weak        Min:  0.0, Avg:  0.0, Max:  0.0, Diff:  0.0, Sum:  0.0, Workers: 4
[1244.917s][debug][gc,phases      ] GC(76)     Dead                           Min: 0, Avg:  0.0, Max: 0, Diff: 0, Sum: 0, Workers: 4
[1244.917s][debug][gc,phases      ] GC(76)     Total                          Min: 0, Avg:  8.5, Max: 34, Diff: 34, Sum: 34, Workers: 4
[1244.917s][debug][gc,phases      ] GC(76)   JVMTI Tag Weak OopStorage      Min:  0.0, Avg:  0.0, Max:  0.0, Diff:  0.0, Sum:  0.0, Workers: 4
[1244.917s][debug][gc,phases      ] GC(76)     Dead                           Min: 0, Avg:  0.0, Max: 0, Diff: 0, Sum: 0, Workers: 4
[1244.917s][debug][gc,phases      ] GC(76)     Total                          Min: 0, Avg:  0.0, Max: 0, Diff: 0, Sum: 0, Workers: 4
[1244.917s][debug][gc,phases      ] GC(76)   StringTable Weak               Min:  0.0, Avg:  0.1, Max:  0.1, Diff:  0.1, Sum:  0.3, Workers: 4
[1244.917s][debug][gc,phases      ] GC(76)     Dead                           Min: 0, Avg:  0.0, Max: 0, Diff: 0, Sum: 0, Workers: 4
[1244.917s][debug][gc,phases      ] GC(76)     Total                          Min: 0, Avg: 10918.5, Max: 18944, Diff: 18944, Sum: 43674, Workers: 4
[1244.917s][debug][gc,phases      ] GC(76)   ResolvedMethodTable Weak       Min:  0.0, Avg:  0.0, Max:  0.0, Diff:  0.0, Sum:  0.1, Workers: 4
[1244.917s][debug][gc,phases      ] GC(76)     Dead                           Min: 0, Avg:  0.0, Max: 0, Diff: 0, Sum: 0, Workers: 4
[1244.917s][debug][gc,phases      ] GC(76)     Total                          Min: 0, Avg: 2344.5, Max: 3827, Diff: 3827, Sum: 9378, Workers: 4
[1244.917s][debug][gc,phases      ] GC(76)   JNI Weak                       Min:  0.0, Avg:  0.0, Max:  0.0, Diff:  0.0, Sum:  0.0, Workers: 4
[1244.917s][debug][gc,phases      ] GC(76)     Dead                           Min: 0, Avg:  0.0, Max: 0, Diff: 0, Sum: 0, Workers: 4
[1244.917s][debug][gc,phases      ] GC(76)     Total                          Min: 0, Avg: 11.2, Max: 45, Diff: 45, Sum: 45, Workers: 4
[1244.917s][debug][gc,phases      ] GC(76)   StringDedup Table Weak         Min:  0.0, Avg:  0.0, Max:  0.0, Diff:  0.0, Sum:  0.0, Workers: 4
[1244.917s][debug][gc,phases      ] GC(76)     Dead                           Min: 0, Avg:  0.0, Max: 0, Diff: 0, Sum: 0, Workers: 4
[1244.917s][debug][gc,phases      ] GC(76)     Total                          Min: 0, Avg:  0.0, Max: 0, Diff: 0, Sum: 0, Workers: 4
[1244.917s][debug][gc,phases      ] GC(76)   StringDedup Requests0 Weak     Min:  0.0, Avg:  0.0, Max:  0.0, Diff:  0.0, Sum:  0.0, Workers: 4
[1244.917s][debug][gc,phases      ] GC(76)     Dead                           Min: 0, Avg:  0.0, Max: 0, Diff: 0, Sum: 0, Workers: 4
[1244.917s][debug][gc,phases      ] GC(76)     Total                          Min: 0, Avg:  0.0, Max: 0, Diff: 0, Sum: 0, Workers: 4
[1244.917s][debug][gc,phases      ] GC(76)   StringDedup Requests1 Weak     Min:  0.0, Avg:  0.0, Max:  0.0, Diff:  0.0, Sum:  0.0, Workers: 4
[1244.917s][debug][gc,phases      ] GC(76)     Dead                           Min: 0, Avg:  0.0, Max: 0, Diff: 0, Sum: 0, Workers: 4
[1244.917s][debug][gc,phases      ] GC(76)     Total                          Min: 0, Avg:  0.0, Max: 0, Diff: 0, Sum: 0, Workers: 4
[1244.917s][debug][gc,phases      ] GC(76)   Weak JFR Old Object Samples    Min:  0.0, Avg:  0.0, Max:  0.0, Diff:  0.0, Sum:  0.0, Workers: 4
[1244.917s][debug][gc,phases      ] GC(76)     Dead                           Min: 0, Avg:  0.0, Max: 0, Diff: 0, Sum: 0, Workers: 4
[1244.917s][debug][gc,phases      ] GC(76)     Total                          Min: 0, Avg:  0.0, Max: 0, Diff: 0, Sum: 0, Workers: 4
[1244.917s][debug][gc,phases      ] GC(76) Weak Processing 0.302ms
[1244.917s][debug][gc,age         ] GC(76) Desired survivor size 30932992 bytes, new threshold 15 (max threshold 15)
[1244.917s][info ][gc,heap        ] GC(76) PSYoungGen: 2030240K(2064384K)->1088K(2061824K) Eden: 2029056K(2029056K)->0K(2029056K) From: 1184K(35328K)->1088K(32768K)
[1244.917s][info ][gc,heap        ] GC(76) ParOldGen: 341980K(386560K)->342044K(386560K)
[1244.917s][info ][gc,metaspace   ] GC(76) Metaspace: 81468K(82496K)->81468K(82496K) NonClass: 69773K(70336K)->69773K(70336K) Class: 11695K(12160K)->11695K(12160K)
[1244.917s][info ][gc             ] GC(76) Pause Young (Allocation Failure) 2316M->335M(2391M) 2.927ms
[1244.917s][info ][gc,cpu         ] GC(76) User=0.01s Sys=0.00s Real=0.00s
[1244.917s][info ][safepoint      ] Safepoint "ParallelGCFailedAllocation", Time since last: 25397511498 ns, Reaching safepoint: 30900 ns, At safepoint: 2985326 ns, Total: 3016226 ns
[1254.918s][info ][safepoint      ] Safepoint "Cleanup", Time since last: 10000631333 ns, Reaching safepoint: 40700 ns, At safepoint: 22100 ns, Total: 62800 ns
[1270.416s][info ][gc,start       ] GC(77) Pause Young (Allocation Failure)
[1270.419s][debug][gc,phases      ] GC(77) Scavenge 3.297ms
[1270.419s][debug][gc,ref         ] GC(77) Skipped phase 1 of Reference Processing: no references
[1270.419s][debug][gc,ref         ] GC(77) ReferenceProcessor::execute queues: 1, RefProcThreadModel::Single, marks_oops_alive: false
[1270.420s][debug][gc,ref         ] GC(77) Skipped phase 3 of Reference Processing: no references
[1270.420s][debug][gc,ref         ] GC(77) ReferenceProcessor::execute queues: 1, RefProcThreadModel::Single, marks_oops_alive: false
[1270.420s][debug][gc,phases      ] GC(77) Reference Processing 0.106ms
[1270.420s][debug][gc,phases      ] GC(77)   VM Weak                        Min:  0.0, Avg:  0.0, Max:  0.0, Diff:  0.0, Sum:  0.0, Workers: 4
[1270.420s][debug][gc,phases      ] GC(77)     Dead                           Min: 0, Avg:  0.0, Max: 0, Diff: 0, Sum: 0, Workers: 4
[1270.420s][debug][gc,phases      ] GC(77)     Total                          Min: 0, Avg: 205.2, Max: 821, Diff: 821, Sum: 821, Workers: 4
[1270.420s][debug][gc,phases      ] GC(77)   ObjectSynchronizer Weak        Min:  0.0, Avg:  0.0, Max:  0.0, Diff:  0.0, Sum:  0.0, Workers: 4
[1270.420s][debug][gc,phases      ] GC(77)     Dead                           Min: 0, Avg:  0.0, Max: 0, Diff: 0, Sum: 0, Workers: 4
[1270.420s][debug][gc,phases      ] GC(77)     Total                          Min: 0, Avg:  8.5, Max: 34, Diff: 34, Sum: 34, Workers: 4
[1270.420s][debug][gc,phases      ] GC(77)   JVMTI Tag Weak OopStorage      Min:  0.0, Avg:  0.0, Max:  0.0, Diff:  0.0, Sum:  0.0, Workers: 4
[1270.420s][debug][gc,phases      ] GC(77)     Dead                           Min: 0, Avg:  0.0, Max: 0, Diff: 0, Sum: 0, Workers: 4
[1270.420s][debug][gc,phases      ] GC(77)     Total                          Min: 0, Avg:  0.0, Max: 0, Diff: 0, Sum: 0, Workers: 4
[1270.420s][debug][gc,phases      ] GC(77)   StringTable Weak               Min:  0.0, Avg:  0.1, Max:  0.1, Diff:  0.1, Sum:  0.3, Workers: 4
[1270.420s][debug][gc,phases      ] GC(77)     Dead                           Min: 0, Avg:  0.0, Max: 0, Diff: 0, Sum: 0, Workers: 4
[1270.420s][debug][gc,phases      ] GC(77)     Total                          Min: 0, Avg: 10918.5, Max: 17178, Diff: 17178, Sum: 43674, Workers: 4
[1270.420s][debug][gc,phases      ] GC(77)   ResolvedMethodTable Weak       Min:  0.0, Avg:  0.0, Max:  0.0, Diff:  0.0, Sum:  0.1, Workers: 4
[1270.420s][debug][gc,phases      ] GC(77)     Dead                           Min: 0, Avg:  0.0, Max: 0, Diff: 0, Sum: 0, Workers: 4
[1270.420s][debug][gc,phases      ] GC(77)     Total                          Min: 0, Avg: 2344.5, Max: 4143, Diff: 4143, Sum: 9378, Workers: 4
[1270.420s][debug][gc,phases      ] GC(77)   JNI Weak                       Min:  0.0, Avg:  0.0, Max:  0.0, Diff:  0.0, Sum:  0.0, Workers: 4
[1270.420s][debug][gc,phases      ] GC(77)     Dead                           Min: 0, Avg:  0.0, Max: 0, Diff: 0, Sum: 0, Workers: 4
[1270.420s][debug][gc,phases      ] GC(77)     Total                          Min: 0, Avg: 11.2, Max: 45, Diff: 45, Sum: 45, Workers: 4
[1270.420s][debug][gc,phases      ] GC(77)   StringDedup Table Weak         Min:  0.0, Avg:  0.0, Max:  0.0, Diff:  0.0, Sum:  0.0, Workers: 4
[1270.420s][debug][gc,phases      ] GC(77)     Dead                           Min: 0, Avg:  0.0, Max: 0, Diff: 0, Sum: 0, Workers: 4
[1270.420s][debug][gc,phases      ] GC(77)     Total                          Min: 0, Avg:  0.0, Max: 0, Diff: 0, Sum: 0, Workers: 4
[1270.420s][debug][gc,phases      ] GC(77)   StringDedup Requests0 Weak     Min:  0.0, Avg:  0.0, Max:  0.0, Diff:  0.0, Sum:  0.0, Workers: 4
[1270.420s][debug][gc,phases      ] GC(77)     Dead                           Min: 0, Avg:  0.0, Max: 0, Diff: 0, Sum: 0, Workers: 4
[1270.420s][debug][gc,phases      ] GC(77)     Total                          Min: 0, Avg:  0.0, Max: 0, Diff: 0, Sum: 0, Workers: 4
[1270.420s][debug][gc,phases      ] GC(77)   StringDedup Requests1 Weak     Min:  0.0, Avg:  0.0, Max:  0.0, Diff:  0.0, Sum:  0.0, Workers: 4
[1270.420s][debug][gc,phases      ] GC(77)     Dead                           Min: 0, Avg:  0.0, Max: 0, Diff: 0, Sum: 0, Workers: 4
[1270.420s][debug][gc,phases      ] GC(77)     Total                          Min: 0, Avg:  0.0, Max: 0, Diff: 0, Sum: 0, Workers: 4
[1270.420s][debug][gc,phases      ] GC(77)   Weak JFR Old Object Samples    Min:  0.0, Avg:  0.0, Max:  0.0, Diff:  0.0, Sum:  0.0, Workers: 4
[1270.420s][debug][gc,phases      ] GC(77)     Dead                           Min: 0, Avg:  0.0, Max: 0, Diff: 0, Sum: 0, Workers: 4
[1270.420s][debug][gc,phases      ] GC(77)     Total                          Min: 0, Avg:  0.0, Max: 0, Diff: 0, Sum: 0, Workers: 4
[1270.420s][debug][gc,phases      ] GC(77) Weak Processing 0.306ms
[1270.420s][debug][gc,age         ] GC(77) Desired survivor size 28835840 bytes, new threshold 15 (max threshold 15)
[1270.420s][info ][gc,heap        ] GC(77) PSYoungGen: 2030144K(2061824K)->1104K(2068992K) Eden: 2029056K(2029056K)->0K(2038784K) From: 1088K(32768K)->1104K(30208K)
[1270.420s][info ][gc,heap        ] GC(77) ParOldGen: 342044K(386560K)->342052K(386560K)
[1270.420s][info ][gc,metaspace   ] GC(77) Metaspace: 81469K(82496K)->81469K(82496K) NonClass: 69774K(70336K)->69774K(70336K) Class: 11695K(12160K)->11695K(12160K)
[1270.420s][info ][gc             ] GC(77) Pause Young (Allocation Failure) 2316M->335M(2398M) 3.802ms
[1270.420s][info ][gc,cpu         ] GC(77) User=0.01s Sys=0.00s Real=0.01s
[1270.420s][info ][safepoint      ] Safepoint "ParallelGCFailedAllocation", Time since last: 15497963709 ns, Reaching safepoint: 108301 ns, At safepoint: 3888332 ns, Total: 3996633 ns
[1271.420s][info ][safepoint      ] Safepoint "Cleanup", Time since last: 1000078267 ns, Reaching safepoint: 63600 ns, At safepoint: 4700 ns, Total: 68300 ns
[1281.421s][info ][safepoint      ] Safepoint "Cleanup", Time since last: 10000726630 ns, Reaching safepoint: 39400 ns, At safepoint: 8800 ns, Total: 48200 ns
[1283.421s][info ][safepoint      ] Safepoint "Cleanup", Time since last: 2000174617 ns, Reaching safepoint: 108101 ns, At safepoint: 8700 ns, Total: 116801 ns
[1288.422s][info ][safepoint      ] Safepoint "Cleanup", Time since last: 5000378568 ns, Reaching safepoint: 40900 ns, At safepoint: 4700 ns, Total: 45600 ns
[1295.865s][info ][gc,start       ] GC(78) Pause Young (Allocation Failure)
[1295.871s][debug][gc,phases      ] GC(78) Scavenge 6.750ms
[1295.872s][debug][gc,ref         ] GC(78) Skipped phase 1 of Reference Processing: no references
[1295.872s][debug][gc,ref         ] GC(78) Skipped phase 2 of Reference Processing: no references
[1295.872s][debug][gc,ref         ] GC(78) Skipped phase 3 of Reference Processing: no references
[1295.872s][debug][gc,ref         ] GC(78) Skipped phase 4 of Reference Processing: no references
[1295.872s][debug][gc,phases      ] GC(78) Reference Processing 0.030ms
[1295.872s][debug][gc,phases      ] GC(78)   VM Weak                        Min:  0.0, Avg:  0.0, Max:  0.0, Diff:  0.0, Sum:  0.0, Workers: 4
[1295.872s][debug][gc,phases      ] GC(78)     Dead                           Min: 0, Avg:  0.0, Max: 0, Diff: 0, Sum: 0, Workers: 4
[1295.872s][debug][gc,phases      ] GC(78)     Total                          Min: 0, Avg: 205.2, Max: 629, Diff: 629, Sum: 821, Workers: 4
[1295.872s][debug][gc,phases      ] GC(78)   ObjectSynchronizer Weak        Min:  0.0, Avg:  0.0, Max:  0.0, Diff:  0.0, Sum:  0.0, Workers: 4
[1295.872s][debug][gc,phases      ] GC(78)     Dead                           Min: 0, Avg:  0.0, Max: 0, Diff: 0, Sum: 0, Workers: 4
[1295.872s][debug][gc,phases      ] GC(78)     Total                          Min: 0, Avg:  8.5, Max: 34, Diff: 34, Sum: 34, Workers: 4
[1295.872s][debug][gc,phases      ] GC(78)   JVMTI Tag Weak OopStorage      Min:  0.0, Avg:  0.0, Max:  0.0, Diff:  0.0, Sum:  0.0, Workers: 4
[1295.872s][debug][gc,phases      ] GC(78)     Dead                           Min: 0, Avg:  0.0, Max: 0, Diff: 0, Sum: 0, Workers: 4
[1295.872s][debug][gc,phases      ] GC(78)     Total                          Min: 0, Avg:  0.0, Max: 0, Diff: 0, Sum: 0, Workers: 4
[1295.872s][debug][gc,phases      ] GC(78)   StringTable Weak               Min:  0.0, Avg:  0.1, Max:  0.2, Diff:  0.2, Sum:  0.4, Workers: 4
[1295.872s][debug][gc,phases      ] GC(78)     Dead                           Min: 0, Avg:  0.0, Max: 0, Diff: 0, Sum: 0, Workers: 4
[1295.872s][debug][gc,phases      ] GC(78)     Total                          Min: 0, Avg: 10918.5, Max: 22848, Diff: 22848, Sum: 43674, Workers: 4
[1295.872s][debug][gc,phases      ] GC(78)   ResolvedMethodTable Weak       Min:  0.0, Avg:  0.0, Max:  0.0, Diff:  0.0, Sum:  0.1, Workers: 4
[1295.872s][debug][gc,phases      ] GC(78)     Dead                           Min: 0, Avg:  0.0, Max: 0, Diff: 0, Sum: 0, Workers: 4
[1295.872s][debug][gc,phases      ] GC(78)     Total                          Min: 0, Avg: 2344.5, Max: 4783, Diff: 4783, Sum: 9378, Workers: 4
[1295.872s][debug][gc,phases      ] GC(78)   JNI Weak                       Min:  0.0, Avg:  0.0, Max:  0.0, Diff:  0.0, Sum:  0.0, Workers: 4
[1295.872s][debug][gc,phases      ] GC(78)     Dead                           Min: 0, Avg:  0.0, Max: 0, Diff: 0, Sum: 0, Workers: 4
[1295.872s][debug][gc,phases      ] GC(78)     Total                          Min: 0, Avg: 11.2, Max: 45, Diff: 45, Sum: 45, Workers: 4
[1295.872s][debug][gc,phases      ] GC(78)   StringDedup Table Weak         Min:  0.0, Avg:  0.0, Max:  0.0, Diff:  0.0, Sum:  0.0, Workers: 4
[1295.872s][debug][gc,phases      ] GC(78)     Dead                           Min: 0, Avg:  0.0, Max: 0, Diff: 0, Sum: 0, Workers: 4
[1295.872s][debug][gc,phases      ] GC(78)     Total                          Min: 0, Avg:  0.0, Max: 0, Diff: 0, Sum: 0, Workers: 4
[1295.872s][debug][gc,phases      ] GC(78)   StringDedup Requests0 Weak     Min:  0.0, Avg:  0.0, Max:  0.0, Diff:  0.0, Sum:  0.0, Workers: 4
[1295.872s][debug][gc,phases      ] GC(78)     Dead                           Min: 0, Avg:  0.0, Max: 0, Diff: 0, Sum: 0, Workers: 4
[1295.872s][debug][gc,phases      ] GC(78)     Total                          Min: 0, Avg:  0.0, Max: 0, Diff: 0, Sum: 0, Workers: 4
[1295.872s][debug][gc,phases      ] GC(78)   StringDedup Requests1 Weak     Min:  0.0, Avg:  0.0, Max:  0.0, Diff:  0.0, Sum:  0.0, Workers: 4
[1295.872s][debug][gc,phases      ] GC(78)     Dead                           Min: 0, Avg:  0.0, Max: 0, Diff: 0, Sum: 0, Workers: 4
[1295.872s][debug][gc,phases      ] GC(78)     Total                          Min: 0, Avg:  0.0, Max: 0, Diff: 0, Sum: 0, Workers: 4
[1295.872s][debug][gc,phases      ] GC(78)   Weak JFR Old Object Samples    Min:  0.0, Avg:  0.0, Max:  0.0, Diff:  0.0, Sum:  0.0, Workers: 4
[1295.872s][debug][gc,phases      ] GC(78)     Dead                           Min: 0, Avg:  0.0, Max: 0, Diff: 0, Sum: 0, Workers: 4
[1295.872s][debug][gc,phases      ] GC(78)     Total                          Min: 0, Avg:  0.0, Max: 0, Diff: 0, Sum: 0, Workers: 4
[1295.872s][debug][gc,phases      ] GC(78) Weak Processing 0.453ms
[1295.872s][debug][gc,age         ] GC(78) Desired survivor size 26738688 bytes, new threshold 15 (max threshold 15)
[1295.872s][info ][gc,heap        ] GC(78) PSYoungGen: 2039888K(2068992K)->1120K(2066944K) Eden: 2038784K(2038784K)->0K(2038784K) From: 1104K(30208K)->1120K(28160K)
[1295.872s][info ][gc,heap        ] GC(78) ParOldGen: 342052K(386560K)->342076K(386560K)
[1295.872s][info ][gc,metaspace   ] GC(78) Metaspace: 81477K(82496K)->81477K(82496K) NonClass: 69781K(70336K)->69781K(70336K) Class: 11695K(12160K)->11695K(12160K)
[1295.872s][info ][gc             ] GC(78) Pause Young (Allocation Failure) 2326M->335M(2396M) 7.358ms
[1295.872s][info ][gc,cpu         ] GC(78) User=0.01s Sys=0.00s Real=0.01s
[1295.872s][info ][safepoint      ] Safepoint "ParallelGCFailedAllocation", Time since last: 7443095189 ns, Reaching safepoint: 25300 ns, At safepoint: 7453463 ns, Total: 7478763 ns
[1321.415s][info ][gc,start       ] GC(79) Pause Young (Allocation Failure)
[1321.419s][debug][gc,phases      ] GC(79) Scavenge 3.528ms
[1321.419s][debug][gc,ref         ] GC(79) Skipped phase 1 of Reference Processing: no references
[1321.419s][debug][gc,ref         ] GC(79) Skipped phase 2 of Reference Processing: no references
[1321.419s][debug][gc,ref         ] GC(79) Skipped phase 3 of Reference Processing: no references
[1321.419s][debug][gc,ref         ] GC(79) Skipped phase 4 of Reference Processing: no references
[1321.419s][debug][gc,phases      ] GC(79) Reference Processing 0.022ms
[1321.419s][debug][gc,phases      ] GC(79)   VM Weak                        Min:  0.0, Avg:  0.0, Max:  0.0, Diff:  0.0, Sum:  0.0, Workers: 4
[1321.419s][debug][gc,phases      ] GC(79)     Dead                           Min: 0, Avg:  0.0, Max: 0, Diff: 0, Sum: 0, Workers: 4
[1321.419s][debug][gc,phases      ] GC(79)     Total                          Min: 0, Avg: 205.2, Max: 693, Diff: 693, Sum: 821, Workers: 4
[1321.419s][debug][gc,phases      ] GC(79)   ObjectSynchronizer Weak        Min:  0.0, Avg:  0.0, Max:  0.0, Diff:  0.0, Sum:  0.0, Workers: 4
[1321.419s][debug][gc,phases      ] GC(79)     Dead                           Min: 0, Avg:  0.0, Max: 0, Diff: 0, Sum: 0, Workers: 4
[1321.419s][debug][gc,phases      ] GC(79)     Total                          Min: 0, Avg:  8.5, Max: 34, Diff: 34, Sum: 34, Workers: 4
[1321.419s][debug][gc,phases      ] GC(79)   JVMTI Tag Weak OopStorage      Min:  0.0, Avg:  0.0, Max:  0.0, Diff:  0.0, Sum:  0.0, Workers: 4
[1321.419s][debug][gc,phases      ] GC(79)     Dead                           Min: 0, Avg:  0.0, Max: 0, Diff: 0, Sum: 0, Workers: 4
[1321.419s][debug][gc,phases      ] GC(79)     Total                          Min: 0, Avg:  0.0, Max: 0, Diff: 0, Sum: 0, Workers: 4
[1321.419s][debug][gc,phases      ] GC(79)   StringTable Weak               Min:  0.0, Avg:  0.1, Max:  0.1, Diff:  0.1, Sum:  0.4, Workers: 4
[1321.419s][debug][gc,phases      ] GC(79)     Dead                           Min: 0, Avg:  0.0, Max: 0, Diff: 0, Sum: 0, Workers: 4
[1321.419s][debug][gc,phases      ] GC(79)     Total                          Min: 0, Avg: 10918.5, Max: 18176, Diff: 18176, Sum: 43674, Workers: 4
[1321.419s][debug][gc,phases      ] GC(79)   ResolvedMethodTable Weak       Min:  0.0, Avg:  0.0, Max:  0.0, Diff:  0.0, Sum:  0.1, Workers: 4
[1321.419s][debug][gc,phases      ] GC(79)     Dead                           Min: 0, Avg:  0.0, Max: 0, Diff: 0, Sum: 0, Workers: 4
[1321.419s][debug][gc,phases      ] GC(79)     Total                          Min: 0, Avg: 2344.5, Max: 4096, Diff: 4096, Sum: 9378, Workers: 4
[1321.419s][debug][gc,phases      ] GC(79)   JNI Weak                       Min:  0.0, Avg:  0.0, Max:  0.0, Diff:  0.0, Sum:  0.0, Workers: 4
[1321.419s][debug][gc,phases      ] GC(79)     Dead                           Min: 0, Avg:  0.0, Max: 0, Diff: 0, Sum: 0, Workers: 4
[1321.419s][debug][gc,phases      ] GC(79)     Total                          Min: 0, Avg: 11.2, Max: 45, Diff: 45, Sum: 45, Workers: 4
[1321.419s][debug][gc,phases      ] GC(79)   StringDedup Table Weak         Min:  0.0, Avg:  0.0, Max:  0.0, Diff:  0.0, Sum:  0.0, Workers: 4
[1321.419s][debug][gc,phases      ] GC(79)     Dead                           Min: 0, Avg:  0.0, Max: 0, Diff: 0, Sum: 0, Workers: 4
[1321.419s][debug][gc,phases      ] GC(79)     Total                          Min: 0, Avg:  0.0, Max: 0, Diff: 0, Sum: 0, Workers: 4
[1321.419s][debug][gc,phases      ] GC(79)   StringDedup Requests0 Weak     Min:  0.0, Avg:  0.0, Max:  0.0, Diff:  0.0, Sum:  0.0, Workers: 4
[1321.419s][debug][gc,phases      ] GC(79)     Dead                           Min: 0, Avg:  0.0, Max: 0, Diff: 0, Sum: 0, Workers: 4
[1321.419s][debug][gc,phases      ] GC(79)     Total                          Min: 0, Avg:  0.0, Max: 0, Diff: 0, Sum: 0, Workers: 4
[1321.419s][debug][gc,phases      ] GC(79)   StringDedup Requests1 Weak     Min:  0.0, Avg:  0.0, Max:  0.0, Diff:  0.0, Sum:  0.0, Workers: 4
[1321.419s][debug][gc,phases      ] GC(79)     Dead                           Min: 0, Avg:  0.0, Max: 0, Diff: 0, Sum: 0, Workers: 4
[1321.419s][debug][gc,phases      ] GC(79)     Total                          Min: 0, Avg:  0.0, Max: 0, Diff: 0, Sum: 0, Workers: 4
[1321.419s][debug][gc,phases      ] GC(79)   Weak JFR Old Object Samples    Min:  0.0, Avg:  0.0, Max:  0.0, Diff:  0.0, Sum:  0.0, Workers: 4
[1321.419s][debug][gc,phases      ] GC(79)     Dead                           Min: 0, Avg:  0.0, Max: 0, Diff: 0, Sum: 0, Workers: 4
[1321.419s][debug][gc,phases      ] GC(79)     Total                          Min: 0, Avg:  0.0, Max: 0, Diff: 0, Sum: 0, Workers: 4
[1321.419s][debug][gc,phases      ] GC(79) Weak Processing 0.294ms
[1321.419s][debug][gc,age         ] GC(79) Desired survivor size 24641536 bytes, new threshold 15 (max threshold 15)
[1321.419s][info ][gc,heap        ] GC(79) PSYoungGen: 2039904K(2066944K)->1120K(2073088K) Eden: 2038784K(2038784K)->0K(2046976K) From: 1120K(28160K)->1120K(26112K)
[1321.419s][info ][gc,heap        ] GC(79) ParOldGen: 342076K(386560K)->342084K(386560K)
[1321.419s][info ][gc,metaspace   ] GC(79) Metaspace: 81478K(82496K)->81478K(82496K) NonClass: 69783K(70336K)->69783K(70336K) Class: 11695K(12160K)->11695K(12160K)
[1321.419s][info ][gc             ] GC(79) Pause Young (Allocation Failure) 2326M->335M(2402M) 3.952ms
[1321.419s][info ][gc,cpu         ] GC(79) User=0.01s Sys=0.00s Real=0.00s
[1321.419s][info ][safepoint      ] Safepoint "ParallelGCFailedAllocation", Time since last: 25543067932 ns, Reaching safepoint: 96001 ns, At safepoint: 4034034 ns, Total: 4130035 ns
[1328.420s][info ][safepoint      ] Safepoint "Cleanup", Time since last: 7000716781 ns, Reaching safepoint: 44101 ns, At safepoint: 2600 ns, Total: 46701 ns
[1347.165s][info ][gc,start       ] GC(80) Pause Young (Allocation Failure)
[1347.169s][debug][gc,phases      ] GC(80) Scavenge 3.864ms
[1347.169s][debug][gc,ref         ] GC(80) Skipped phase 1 of Reference Processing: no references
[1347.169s][debug][gc,ref         ] GC(80) Skipped phase 2 of Reference Processing: no references
[1347.169s][debug][gc,ref         ] GC(80) Skipped phase 3 of Reference Processing: no references
[1347.169s][debug][gc,ref         ] GC(80) Skipped phase 4 of Reference Processing: no references
[1347.169s][debug][gc,phases      ] GC(80) Reference Processing 0.025ms
[1347.169s][debug][gc,phases      ] GC(80)   VM Weak                        Min:  0.0, Avg:  0.0, Max:  0.0, Diff:  0.0, Sum:  0.0, Workers: 4
[1347.169s][debug][gc,phases      ] GC(80)     Dead                           Min: 0, Avg:  0.0, Max: 0, Diff: 0, Sum: 0, Workers: 4
[1347.169s][debug][gc,phases      ] GC(80)     Total                          Min: 0, Avg: 205.2, Max: 501, Diff: 501, Sum: 821, Workers: 4
[1347.169s][debug][gc,phases      ] GC(80)   ObjectSynchronizer Weak        Min:  0.0, Avg:  0.0, Max:  0.0, Diff:  0.0, Sum:  0.0, Workers: 4
[1347.169s][debug][gc,phases      ] GC(80)     Dead                           Min: 0, Avg:  0.0, Max: 0, Diff: 0, Sum: 0, Workers: 4
[1347.169s][debug][gc,phases      ] GC(80)     Total                          Min: 0, Avg:  8.5, Max: 34, Diff: 34, Sum: 34, Workers: 4
[1347.169s][debug][gc,phases      ] GC(80)   JVMTI Tag Weak OopStorage      Min:  0.0, Avg:  0.0, Max:  0.0, Diff:  0.0, Sum:  0.0, Workers: 4
[1347.169s][debug][gc,phases      ] GC(80)     Dead                           Min: 0, Avg:  0.0, Max: 0, Diff: 0, Sum: 0, Workers: 4
[1347.169s][debug][gc,phases      ] GC(80)     Total                          Min: 0, Avg:  0.0, Max: 0, Diff: 0, Sum: 0, Workers: 4
[1347.169s][debug][gc,phases      ] GC(80)   StringTable Weak               Min:  0.0, Avg:  0.1, Max:  0.2, Diff:  0.2, Sum:  0.4, Workers: 4
[1347.169s][debug][gc,phases      ] GC(80)     Dead                           Min: 0, Avg:  0.0, Max: 0, Diff: 0, Sum: 0, Workers: 4
[1347.169s][debug][gc,phases      ] GC(80)     Total                          Min: 0, Avg: 10918.5, Max: 22298, Diff: 22298, Sum: 43674, Workers: 4
[1347.169s][debug][gc,phases      ] GC(80)   ResolvedMethodTable Weak       Min:  0.0, Avg:  0.0, Max:  0.0, Diff:  0.0, Sum:  0.1, Workers: 4
[1347.169s][debug][gc,phases      ] GC(80)     Dead                           Min: 0, Avg:  0.0, Max: 0, Diff: 0, Sum: 0, Workers: 4
[1347.169s][debug][gc,phases      ] GC(80)     Total                          Min: 0, Avg: 2344.5, Max: 4800, Diff: 4800, Sum: 9378, Workers: 4
[1347.169s][debug][gc,phases      ] GC(80)   JNI Weak                       Min:  0.0, Avg:  0.0, Max:  0.0, Diff:  0.0, Sum:  0.0, Workers: 4
[1347.169s][debug][gc,phases      ] GC(80)     Dead                           Min: 0, Avg:  0.0, Max: 0, Diff: 0, Sum: 0, Workers: 4
[1347.169s][debug][gc,phases      ] GC(80)     Total                          Min: 0, Avg: 11.2, Max: 45, Diff: 45, Sum: 45, Workers: 4
[1347.169s][debug][gc,phases      ] GC(80)   StringDedup Table Weak         Min:  0.0, Avg:  0.0, Max:  0.0, Diff:  0.0, Sum:  0.0, Workers: 4
[1347.169s][debug][gc,phases      ] GC(80)     Dead                           Min: 0, Avg:  0.0, Max: 0, Diff: 0, Sum: 0, Workers: 4
[1347.169s][debug][gc,phases      ] GC(80)     Total                          Min: 0, Avg:  0.0, Max: 0, Diff: 0, Sum: 0, Workers: 4
[1347.169s][debug][gc,phases      ] GC(80)   StringDedup Requests0 Weak     Min:  0.0, Avg:  0.0, Max:  0.0, Diff:  0.0, Sum:  0.0, Workers: 4
[1347.169s][debug][gc,phases      ] GC(80)     Dead                           Min: 0, Avg:  0.0, Max: 0, Diff: 0, Sum: 0, Workers: 4
[1347.169s][debug][gc,phases      ] GC(80)     Total                          Min: 0, Avg:  0.0, Max: 0, Diff: 0, Sum: 0, Workers: 4
[1347.169s][debug][gc,phases      ] GC(80)   StringDedup Requests1 Weak     Min:  0.0, Avg:  0.0, Max:  0.0, Diff:  0.0, Sum:  0.0, Workers: 4
[1347.169s][debug][gc,phases      ] GC(80)     Dead                           Min: 0, Avg:  0.0, Max: 0, Diff: 0, Sum: 0, Workers: 4
[1347.169s][debug][gc,phases      ] GC(80)     Total                          Min: 0, Avg:  0.0, Max: 0, Diff: 0, Sum: 0, Workers: 4
[1347.169s][debug][gc,phases      ] GC(80)   Weak JFR Old Object Samples    Min:  0.0, Avg:  0.0, Max:  0.0, Diff:  0.0, Sum:  0.0, Workers: 4
[1347.169s][debug][gc,phases      ] GC(80)     Dead                           Min: 0, Avg:  0.0, Max: 0, Diff: 0, Sum: 0, Workers: 4
[1347.169s][debug][gc,phases      ] GC(80)     Total                          Min: 0, Avg:  0.0, Max: 0, Diff: 0, Sum: 0, Workers: 4
[1347.169s][debug][gc,phases      ] GC(80) Weak Processing 0.476ms
[1347.169s][debug][gc,age         ] GC(80) Desired survivor size 22544384 bytes, new threshold 15 (max threshold 15)
[1347.169s][info ][gc,heap        ] GC(80) PSYoungGen: 2048096K(2073088K)->1056K(2071040K) Eden: 2046976K(2046976K)->0K(2046976K) From: 1120K(26112K)->1056K(24064K)
[1347.169s][info ][gc,heap        ] GC(80) ParOldGen: 342084K(386560K)->342092K(386560K)
[1347.169s][info ][gc,metaspace   ] GC(80) Metaspace: 81478K(82496K)->81478K(82496K) NonClass: 69783K(70336K)->69783K(70336K) Class: 11695K(12160K)->11695K(12160K)
[1347.169s][info ][gc             ] GC(80) Pause Young (Allocation Failure) 2334M->335M(2400M) 4.476ms
[1347.169s][info ][gc,cpu         ] GC(80) User=0.01s Sys=0.00s Real=0.00s
[1347.169s][info ][safepoint      ] Safepoint "ParallelGCFailedAllocation", Time since last: 18744733409 ns, Reaching safepoint: 103101 ns, At safepoint: 4566733 ns, Total: 4669834 ns
[1372.914s][info ][gc,start       ] GC(81) Pause Young (Allocation Failure)
[1372.916s][debug][gc,phases      ] GC(81) Scavenge 2.323ms
[1372.916s][debug][gc,ref         ] GC(81) Skipped phase 1 of Reference Processing: no references
[1372.916s][debug][gc,ref         ] GC(81) Skipped phase 2 of Reference Processing: no references
[1372.916s][debug][gc,ref         ] GC(81) Skipped phase 3 of Reference Processing: no references
[1372.916s][debug][gc,ref         ] GC(81) Skipped phase 4 of Reference Processing: no references
[1372.916s][debug][gc,phases      ] GC(81) Reference Processing 0.021ms
[1372.916s][debug][gc,phases      ] GC(81)   VM Weak                        Min:  0.0, Avg:  0.0, Max:  0.0, Diff:  0.0, Sum:  0.0, Workers: 4
[1372.916s][debug][gc,phases      ] GC(81)     Dead                           Min: 0, Avg:  0.0, Max: 0, Diff: 0, Sum: 0, Workers: 4
[1372.916s][debug][gc,phases      ] GC(81)     Total                          Min: 0, Avg: 205.2, Max: 629, Diff: 629, Sum: 821, Workers: 4
[1372.916s][debug][gc,phases      ] GC(81)   ObjectSynchronizer Weak        Min:  0.0, Avg:  0.0, Max:  0.0, Diff:  0.0, Sum:  0.0, Workers: 4
[1372.916s][debug][gc,phases      ] GC(81)     Dead                           Min: 0, Avg:  0.0, Max: 0, Diff: 0, Sum: 0, Workers: 4
[1372.916s][debug][gc,phases      ] GC(81)     Total                          Min: 0, Avg:  8.5, Max: 34, Diff: 34, Sum: 34, Workers: 4
[1372.916s][debug][gc,phases      ] GC(81)   JVMTI Tag Weak OopStorage      Min:  0.0, Avg:  0.0, Max:  0.0, Diff:  0.0, Sum:  0.0, Workers: 4
[1372.916s][debug][gc,phases      ] GC(81)     Dead                           Min: 0, Avg:  0.0, Max: 0, Diff: 0, Sum: 0, Workers: 4
[1372.916s][debug][gc,phases      ] GC(81)     Total                          Min: 0, Avg:  0.0, Max: 0, Diff: 0, Sum: 0, Workers: 4
[1372.916s][debug][gc,phases      ] GC(81)   StringTable Weak               Min:  0.0, Avg:  0.1, Max:  0.1, Diff:  0.1, Sum:  0.3, Workers: 4
[1372.916s][debug][gc,phases      ] GC(81)     Dead                           Min: 0, Avg:  0.0, Max: 0, Diff: 0, Sum: 0, Workers: 4
[1372.916s][debug][gc,phases      ] GC(81)     Total                          Min: 0, Avg: 10918.5, Max: 18394, Diff: 18394, Sum: 43674, Workers: 4
[1372.916s][debug][gc,phases      ] GC(81)   ResolvedMethodTable Weak       Min:  0.0, Avg:  0.0, Max:  0.0, Diff:  0.0, Sum:  0.1, Workers: 4
[1372.916s][debug][gc,phases      ] GC(81)     Dead                           Min: 0, Avg:  0.0, Max: 0, Diff: 0, Sum: 0, Workers: 4
[1372.916s][debug][gc,phases      ] GC(81)     Total                          Min: 0, Avg: 2344.5, Max: 3891, Diff: 3891, Sum: 9378, Workers: 4
[1372.916s][debug][gc,phases      ] GC(81)   JNI Weak                       Min:  0.0, Avg:  0.0, Max:  0.0, Diff:  0.0, Sum:  0.0, Workers: 4
[1372.916s][debug][gc,phases      ] GC(81)     Dead                           Min: 0, Avg:  0.0, Max: 0, Diff: 0, Sum: 0, Workers: 4
[1372.916s][debug][gc,phases      ] GC(81)     Total                          Min: 0, Avg: 11.2, Max: 45, Diff: 45, Sum: 45, Workers: 4
[1372.916s][debug][gc,phases      ] GC(81)   StringDedup Table Weak         Min:  0.0, Avg:  0.0, Max:  0.0, Diff:  0.0, Sum:  0.0, Workers: 4
[1372.916s][debug][gc,phases      ] GC(81)     Dead                           Min: 0, Avg:  0.0, Max: 0, Diff: 0, Sum: 0, Workers: 4
[1372.916s][debug][gc,phases      ] GC(81)     Total                          Min: 0, Avg:  0.0, Max: 0, Diff: 0, Sum: 0, Workers: 4
[1372.916s][debug][gc,phases      ] GC(81)   StringDedup Requests0 Weak     Min:  0.0, Avg:  0.0, Max:  0.0, Diff:  0.0, Sum:  0.0, Workers: 4
[1372.916s][debug][gc,phases      ] GC(81)     Dead                           Min: 0, Avg:  0.0, Max: 0, Diff: 0, Sum: 0, Workers: 4
[1372.916s][debug][gc,phases      ] GC(81)     Total                          Min: 0, Avg:  0.0, Max: 0, Diff: 0, Sum: 0, Workers: 4
[1372.916s][debug][gc,phases      ] GC(81)   StringDedup Requests1 Weak     Min:  0.0, Avg:  0.0, Max:  0.0, Diff:  0.0, Sum:  0.0, Workers: 4
[1372.916s][debug][gc,phases      ] GC(81)     Dead                           Min: 0, Avg:  0.0, Max: 0, Diff: 0, Sum: 0, Workers: 4
[1372.916s][debug][gc,phases      ] GC(81)     Total                          Min: 0, Avg:  0.0, Max: 0, Diff: 0, Sum: 0, Workers: 4
[1372.916s][debug][gc,phases      ] GC(81)   Weak JFR Old Object Samples    Min:  0.0, Avg:  0.0, Max:  0.0, Diff:  0.0, Sum:  0.0, Workers: 4
[1372.916s][debug][gc,phases      ] GC(81)     Dead                           Min: 0, Avg:  0.0, Max: 0, Diff: 0, Sum: 0, Workers: 4
[1372.916s][debug][gc,phases      ] GC(81)     Total                          Min: 0, Avg:  0.0, Max: 0, Diff: 0, Sum: 0, Workers: 4
[1372.916s][debug][gc,phases      ] GC(81) Weak Processing 0.296ms
[1372.916s][debug][gc,age         ] GC(81) Desired survivor size 20971520 bytes, new threshold 15 (max threshold 15)
[1372.916s][info ][gc,heap        ] GC(81) PSYoungGen: 2048032K(2071040K)->1104K(2076672K) Eden: 2046976K(2046976K)->0K(2054656K) From: 1056K(24064K)->1104K(22016K)
[1372.916s][info ][gc,heap        ] GC(81) ParOldGen: 342092K(386560K)->342100K(386560K)
[1372.916s][info ][gc,metaspace   ] GC(81) Metaspace: 81478K(82496K)->81478K(82496K) NonClass: 69783K(70336K)->69783K(70336K) Class: 11695K(12160K)->11695K(12160K)
[1372.916s][info ][gc             ] GC(81) Pause Young (Allocation Failure) 2334M->335M(2405M) 2.747ms
[1372.916s][info ][gc,cpu         ] GC(81) User=0.01s Sys=0.00s Real=0.00s
[1372.916s][info ][safepoint      ] Safepoint "ParallelGCFailedAllocation", Time since last: 25744014986 ns, Reaching safepoint: 30301 ns, At safepoint: 2836522 ns, Total: 2866823 ns
[1398.763s][info ][gc,start       ] GC(82) Pause Young (Allocation Failure)
[1398.765s][debug][gc,phases      ] GC(82) Scavenge 1.901ms
[1398.765s][debug][gc,ref         ] GC(82) Skipped phase 1 of Reference Processing: no references
[1398.765s][debug][gc,ref         ] GC(82) Skipped phase 2 of Reference Processing: no references
[1398.765s][debug][gc,ref         ] GC(82) Skipped phase 3 of Reference Processing: no references
[1398.765s][debug][gc,ref         ] GC(82) Skipped phase 4 of Reference Processing: no references
[1398.765s][debug][gc,phases      ] GC(82) Reference Processing 0.021ms
[1398.765s][debug][gc,phases      ] GC(82)   VM Weak                        Min:  0.0, Avg:  0.0, Max:  0.0, Diff:  0.0, Sum:  0.0, Workers: 4
[1398.765s][debug][gc,phases      ] GC(82)     Dead                           Min: 0, Avg:  0.0, Max: 0, Diff: 0, Sum: 0, Workers: 4
[1398.765s][debug][gc,phases      ] GC(82)     Total                          Min: 0, Avg: 205.2, Max: 821, Diff: 821, Sum: 821, Workers: 4
[1398.765s][debug][gc,phases      ] GC(82)   ObjectSynchronizer Weak        Min:  0.0, Avg:  0.0, Max:  0.0, Diff:  0.0, Sum:  0.0, Workers: 4
[1398.765s][debug][gc,phases      ] GC(82)     Dead                           Min: 0, Avg:  0.0, Max: 0, Diff: 0, Sum: 0, Workers: 4
[1398.765s][debug][gc,phases      ] GC(82)     Total                          Min: 0, Avg:  8.5, Max: 34, Diff: 34, Sum: 34, Workers: 4
[1398.765s][debug][gc,phases      ] GC(82)   JVMTI Tag Weak OopStorage      Min:  0.0, Avg:  0.0, Max:  0.0, Diff:  0.0, Sum:  0.0, Workers: 4
[1398.765s][debug][gc,phases      ] GC(82)     Dead                           Min: 0, Avg:  0.0, Max: 0, Diff: 0, Sum: 0, Workers: 4
[1398.765s][debug][gc,phases      ] GC(82)     Total                          Min: 0, Avg:  0.0, Max: 0, Diff: 0, Sum: 0, Workers: 4
[1398.765s][debug][gc,phases      ] GC(82)   StringTable Weak               Min:  0.0, Avg:  0.1, Max:  0.1, Diff:  0.1, Sum:  0.3, Workers: 4
[1398.765s][debug][gc,phases      ] GC(82)     Dead                           Min: 0, Avg:  0.0, Max: 0, Diff: 0, Sum: 0, Workers: 4
[1398.765s][debug][gc,phases      ] GC(82)     Total                          Min: 0, Avg: 10918.5, Max: 20928, Diff: 20928, Sum: 43674, Workers: 4
[1398.765s][debug][gc,phases      ] GC(82)   ResolvedMethodTable Weak       Min:  0.0, Avg:  0.0, Max:  0.0, Diff:  0.0, Sum:  0.1, Workers: 4
[1398.765s][debug][gc,phases      ] GC(82)     Dead                           Min: 0, Avg:  0.0, Max: 0, Diff: 0, Sum: 0, Workers: 4
[1398.765s][debug][gc,phases      ] GC(82)     Total                          Min: 0, Avg: 2344.5, Max: 4019, Diff: 4019, Sum: 9378, Workers: 4
[1398.765s][debug][gc,phases      ] GC(82)   JNI Weak                       Min:  0.0, Avg:  0.0, Max:  0.0, Diff:  0.0, Sum:  0.0, Workers: 4
[1398.765s][debug][gc,phases      ] GC(82)     Dead                           Min: 0, Avg:  0.0, Max: 0, Diff: 0, Sum: 0, Workers: 4
[1398.765s][debug][gc,phases      ] GC(82)     Total                          Min: 0, Avg: 11.2, Max: 45, Diff: 45, Sum: 45, Workers: 4
[1398.765s][debug][gc,phases      ] GC(82)   StringDedup Table Weak         Min:  0.0, Avg:  0.0, Max:  0.0, Diff:  0.0, Sum:  0.0, Workers: 4
[1398.765s][debug][gc,phases      ] GC(82)     Dead                           Min: 0, Avg:  0.0, Max: 0, Diff: 0, Sum: 0, Workers: 4
[1398.765s][debug][gc,phases      ] GC(82)     Total                          Min: 0, Avg:  0.0, Max: 0, Diff: 0, Sum: 0, Workers: 4
[1398.765s][debug][gc,phases      ] GC(82)   StringDedup Requests0 Weak     Min:  0.0, Avg:  0.0, Max:  0.0, Diff:  0.0, Sum:  0.0, Workers: 4
[1398.765s][debug][gc,phases      ] GC(82)     Dead                           Min: 0, Avg:  0.0, Max: 0, Diff: 0, Sum: 0, Workers: 4
[1398.765s][debug][gc,phases      ] GC(82)     Total                          Min: 0, Avg:  0.0, Max: 0, Diff: 0, Sum: 0, Workers: 4
[1398.765s][debug][gc,phases      ] GC(82)   StringDedup Requests1 Weak     Min:  0.0, Avg:  0.0, Max:  0.0, Diff:  0.0, Sum:  0.0, Workers: 4
[1398.765s][debug][gc,phases      ] GC(82)     Dead                           Min: 0, Avg:  0.0, Max: 0, Diff: 0, Sum: 0, Workers: 4
[1398.765s][debug][gc,phases      ] GC(82)     Total                          Min: 0, Avg:  0.0, Max: 0, Diff: 0, Sum: 0, Workers: 4
[1398.765s][debug][gc,phases      ] GC(82)   Weak JFR Old Object Samples    Min:  0.0, Avg:  0.0, Max:  0.0, Diff:  0.0, Sum:  0.0, Workers: 4
[1398.765s][debug][gc,phases      ] GC(82)     Dead                           Min: 0, Avg:  0.0, Max: 0, Diff: 0, Sum: 0, Workers: 4
[1398.765s][debug][gc,phases      ] GC(82)     Total                          Min: 0, Avg:  0.0, Max: 0, Diff: 0, Sum: 0, Workers: 4
[1398.765s][debug][gc,phases      ] GC(82) Weak Processing 0.323ms
[1398.765s][debug][gc,age         ] GC(82) Desired survivor size 19398656 bytes, new threshold 15 (max threshold 15)
[1398.765s][info ][gc,heap        ] GC(82) PSYoungGen: 2055760K(2076672K)->1120K(2075136K) Eden: 2054656K(2054656K)->0K(2054656K) From: 1104K(22016K)->1120K(20480K)
[1398.765s][info ][gc,heap        ] GC(82) ParOldGen: 342100K(386560K)->342108K(386560K)
[1398.765s][info ][gc,metaspace   ] GC(82) Metaspace: 81479K(82496K)->81479K(82496K) NonClass: 69784K(70336K)->69784K(70336K) Class: 11695K(12160K)->11695K(12160K)
[1398.765s][info ][gc             ] GC(82) Pause Young (Allocation Failure) 2341M->335M(2404M) 2.338ms
[1398.765s][info ][gc,cpu         ] GC(82) User=0.00s Sys=0.00s Real=0.00s
[1398.765s][info ][safepoint      ] Safepoint "ParallelGCFailedAllocation", Time since last: 25846470131 ns, Reaching safepoint: 46200 ns, At safepoint: 2413519 ns, Total: 2459719 ns
[1424.613s][info ][gc,start       ] GC(83) Pause Young (Allocation Failure)
[1424.615s][debug][gc,phases      ] GC(83) Scavenge 2.583ms
[1424.615s][debug][gc,ref         ] GC(83) Skipped phase 1 of Reference Processing: no references
[1424.615s][debug][gc,ref         ] GC(83) Skipped phase 2 of Reference Processing: no references
[1424.615s][debug][gc,ref         ] GC(83) Skipped phase 3 of Reference Processing: no references
[1424.615s][debug][gc,ref         ] GC(83) Skipped phase 4 of Reference Processing: no references
[1424.615s][debug][gc,phases      ] GC(83) Reference Processing 0.023ms
[1424.615s][debug][gc,phases      ] GC(83)   VM Weak                        Min:  0.0, Avg:  0.0, Max:  0.0, Diff:  0.0, Sum:  0.0, Workers: 4
[1424.615s][debug][gc,phases      ] GC(83)     Dead                           Min: 0, Avg:  0.0, Max: 0, Diff: 0, Sum: 0, Workers: 4
[1424.615s][debug][gc,phases      ] GC(83)     Total                          Min: 0, Avg: 205.2, Max: 640, Diff: 640, Sum: 821, Workers: 4
[1424.615s][debug][gc,phases      ] GC(83)   ObjectSynchronizer Weak        Min:  0.0, Avg:  0.0, Max:  0.0, Diff:  0.0, Sum:  0.0, Workers: 4
[1424.615s][debug][gc,phases      ] GC(83)     Dead                           Min: 0, Avg:  0.0, Max: 0, Diff: 0, Sum: 0, Workers: 4
[1424.615s][debug][gc,phases      ] GC(83)     Total                          Min: 0, Avg:  8.5, Max: 34, Diff: 34, Sum: 34, Workers: 4
[1424.615s][debug][gc,phases      ] GC(83)   JVMTI Tag Weak OopStorage      Min:  0.0, Avg:  0.0, Max:  0.0, Diff:  0.0, Sum:  0.0, Workers: 4
[1424.615s][debug][gc,phases      ] GC(83)     Dead                           Min: 0, Avg:  0.0, Max: 0, Diff: 0, Sum: 0, Workers: 4
[1424.615s][debug][gc,phases      ] GC(83)     Total                          Min: 0, Avg:  0.0, Max: 0, Diff: 0, Sum: 0, Workers: 4
[1424.616s][debug][gc,phases      ] GC(83)   StringTable Weak               Min:  0.0, Avg:  0.1, Max:  0.1, Diff:  0.1, Sum:  0.3, Workers: 4
[1424.616s][debug][gc,phases      ] GC(83)     Dead                           Min: 0, Avg:  0.0, Max: 0, Diff: 0, Sum: 0, Workers: 4
[1424.616s][debug][gc,phases      ] GC(83)     Total                          Min: 0, Avg: 10918.5, Max: 18048, Diff: 18048, Sum: 43674, Workers: 4
[1424.616s][debug][gc,phases      ] GC(83)   ResolvedMethodTable Weak       Min:  0.0, Avg:  0.0, Max:  0.0, Diff:  0.0, Sum:  0.1, Workers: 4
[1424.616s][debug][gc,phases      ] GC(83)     Dead                           Min: 0, Avg:  0.0, Max: 0, Diff: 0, Sum: 0, Workers: 4
[1424.616s][debug][gc,phases      ] GC(83)     Total                          Min: 0, Avg: 2344.5, Max: 3695, Diff: 3695, Sum: 9378, Workers: 4
[1424.616s][debug][gc,phases      ] GC(83)   JNI Weak                       Min:  0.0, Avg:  0.0, Max:  0.0, Diff:  0.0, Sum:  0.0, Workers: 4
[1424.616s][debug][gc,phases      ] GC(83)     Dead                           Min: 0, Avg:  0.0, Max: 0, Diff: 0, Sum: 0, Workers: 4
[1424.616s][debug][gc,phases      ] GC(83)     Total                          Min: 0, Avg: 11.2, Max: 45, Diff: 45, Sum: 45, Workers: 4
[1424.616s][debug][gc,phases      ] GC(83)   StringDedup Table Weak         Min:  0.0, Avg:  0.0, Max:  0.0, Diff:  0.0, Sum:  0.0, Workers: 4
[1424.616s][debug][gc,phases      ] GC(83)     Dead                           Min: 0, Avg:  0.0, Max: 0, Diff: 0, Sum: 0, Workers: 4
[1424.616s][debug][gc,phases      ] GC(83)     Total                          Min: 0, Avg:  0.0, Max: 0, Diff: 0, Sum: 0, Workers: 4
[1424.616s][debug][gc,phases      ] GC(83)   StringDedup Requests0 Weak     Min:  0.0, Avg:  0.0, Max:  0.0, Diff:  0.0, Sum:  0.0, Workers: 4
[1424.616s][debug][gc,phases      ] GC(83)     Dead                           Min: 0, Avg:  0.0, Max: 0, Diff: 0, Sum: 0, Workers: 4
[1424.616s][debug][gc,phases      ] GC(83)     Total                          Min: 0, Avg:  0.0, Max: 0, Diff: 0, Sum: 0, Workers: 4
[1424.616s][debug][gc,phases      ] GC(83)   StringDedup Requests1 Weak     Min:  0.0, Avg:  0.0, Max:  0.0, Diff:  0.0, Sum:  0.0, Workers: 4
[1424.616s][debug][gc,phases      ] GC(83)     Dead                           Min: 0, Avg:  0.0, Max: 0, Diff: 0, Sum: 0, Workers: 4
[1424.616s][debug][gc,phases      ] GC(83)     Total                          Min: 0, Avg:  0.0, Max: 0, Diff: 0, Sum: 0, Workers: 4
[1424.616s][debug][gc,phases      ] GC(83)   Weak JFR Old Object Samples    Min:  0.0, Avg:  0.0, Max:  0.0, Diff:  0.0, Sum:  0.0, Workers: 4
[1424.616s][debug][gc,phases      ] GC(83)     Dead                           Min: 0, Avg:  0.0, Max: 0, Diff: 0, Sum: 0, Workers: 4
[1424.616s][debug][gc,phases      ] GC(83)     Total                          Min: 0, Avg:  0.0, Max: 0, Diff: 0, Sum: 0, Workers: 4
[1424.616s][debug][gc,phases      ] GC(83) Weak Processing 0.323ms
[1424.616s][debug][gc,age         ] GC(83) Desired survivor size 17825792 bytes, new threshold 15 (max threshold 15)
[1424.616s][info ][gc,heap        ] GC(83) PSYoungGen: 2055776K(2075136K)->1088K(2079744K) Eden: 2054656K(2054656K)->0K(2060800K) From: 1120K(20480K)->1088K(18944K)
[1424.616s][info ][gc,heap        ] GC(83) ParOldGen: 342108K(386560K)->342116K(386560K)
[1424.616s][info ][gc,metaspace   ] GC(83) Metaspace: 81497K(82496K)->81497K(82496K) NonClass: 69802K(70336K)->69802K(70336K) Class: 11695K(12160K)->11695K(12160K)
[1424.616s][info ][gc             ] GC(83) Pause Young (Allocation Failure) 2341M->335M(2408M) 3.036ms
[1424.616s][info ][gc,cpu         ] GC(83) User=0.00s Sys=0.00s Real=0.00s
[1424.616s][info ][safepoint      ] Safepoint "ParallelGCFailedAllocation", Time since last: 25847207388 ns, Reaching safepoint: 27900 ns, At safepoint: 3126623 ns, Total: 3154523 ns
[1450.514s][info ][gc,start       ] GC(84) Pause Young (Allocation Failure)
[1450.516s][debug][gc,phases      ] GC(84) Scavenge 2.183ms
[1450.517s][debug][gc,ref         ] GC(84) Skipped phase 1 of Reference Processing: no references
[1450.517s][debug][gc,ref         ] GC(84) Skipped phase 2 of Reference Processing: no references
[1450.517s][debug][gc,ref         ] GC(84) Skipped phase 3 of Reference Processing: no references
[1450.517s][debug][gc,ref         ] GC(84) Skipped phase 4 of Reference Processing: no references
[1450.517s][debug][gc,phases      ] GC(84) Reference Processing 0.035ms
[1450.517s][debug][gc,phases      ] GC(84)   VM Weak                        Min:  0.0, Avg:  0.0, Max:  0.0, Diff:  0.0, Sum:  0.0, Workers: 4
[1450.517s][debug][gc,phases      ] GC(84)     Dead                           Min: 0, Avg:  0.0, Max: 0, Diff: 0, Sum: 0, Workers: 4
[1450.517s][debug][gc,phases      ] GC(84)     Total                          Min: 0, Avg: 205.2, Max: 576, Diff: 576, Sum: 821, Workers: 4
[1450.517s][debug][gc,phases      ] GC(84)   ObjectSynchronizer Weak        Min:  0.0, Avg:  0.0, Max:  0.0, Diff:  0.0, Sum:  0.0, Workers: 4
[1450.517s][debug][gc,phases      ] GC(84)     Dead                           Min: 0, Avg:  0.0, Max: 0, Diff: 0, Sum: 0, Workers: 4
[1450.517s][debug][gc,phases      ] GC(84)     Total                          Min: 0, Avg:  8.5, Max: 34, Diff: 34, Sum: 34, Workers: 4
[1450.517s][debug][gc,phases      ] GC(84)   JVMTI Tag Weak OopStorage      Min:  0.0, Avg:  0.0, Max:  0.0, Diff:  0.0, Sum:  0.0, Workers: 4
[1450.517s][debug][gc,phases      ] GC(84)     Dead                           Min: 0, Avg:  0.0, Max: 0, Diff: 0, Sum: 0, Workers: 4
[1450.517s][debug][gc,phases      ] GC(84)     Total                          Min: 0, Avg:  0.0, Max: 0, Diff: 0, Sum: 0, Workers: 4
[1450.517s][debug][gc,phases      ] GC(84)   StringTable Weak               Min:  0.0, Avg:  0.1, Max:  0.1, Diff:  0.1, Sum:  0.3, Workers: 4
[1450.517s][debug][gc,phases      ] GC(84)     Dead                           Min: 0, Avg:  0.0, Max: 0, Diff: 0, Sum: 0, Workers: 4
[1450.517s][debug][gc,phases      ] GC(84)     Total                          Min: 0, Avg: 10918.5, Max: 19008, Diff: 19008, Sum: 43674, Workers: 4
[1450.517s][debug][gc,phases      ] GC(84)   ResolvedMethodTable Weak       Min:  0.0, Avg:  0.0, Max:  0.0, Diff:  0.0, Sum:  0.1, Workers: 4
[1450.517s][debug][gc,phases      ] GC(84)     Dead                           Min: 0, Avg:  0.0, Max: 0, Diff: 0, Sum: 0, Workers: 4
[1450.517s][debug][gc,phases      ] GC(84)     Total                          Min: 0, Avg: 2344.5, Max: 4066, Diff: 4066, Sum: 9378, Workers: 4
[1450.517s][debug][gc,phases      ] GC(84)   JNI Weak                       Min:  0.0, Avg:  0.0, Max:  0.0, Diff:  0.0, Sum:  0.0, Workers: 4
[1450.517s][debug][gc,phases      ] GC(84)     Dead                           Min: 0, Avg:  0.0, Max: 0, Diff: 0, Sum: 0, Workers: 4
[1450.517s][debug][gc,phases      ] GC(84)     Total                          Min: 0, Avg: 11.2, Max: 45, Diff: 45, Sum: 45, Workers: 4
[1450.517s][debug][gc,phases      ] GC(84)   StringDedup Table Weak         Min:  0.0, Avg:  0.0, Max:  0.0, Diff:  0.0, Sum:  0.0, Workers: 4
[1450.517s][debug][gc,phases      ] GC(84)     Dead                           Min: 0, Avg:  0.0, Max: 0, Diff: 0, Sum: 0, Workers: 4
[1450.517s][debug][gc,phases      ] GC(84)     Total                          Min: 0, Avg:  0.0, Max: 0, Diff: 0, Sum: 0, Workers: 4
[1450.517s][debug][gc,phases      ] GC(84)   StringDedup Requests0 Weak     Min:  0.0, Avg:  0.0, Max:  0.0, Diff:  0.0, Sum:  0.0, Workers: 4
[1450.517s][debug][gc,phases      ] GC(84)     Dead                           Min: 0, Avg:  0.0, Max: 0, Diff: 0, Sum: 0, Workers: 4
[1450.517s][debug][gc,phases      ] GC(84)     Total                          Min: 0, Avg:  0.0, Max: 0, Diff: 0, Sum: 0, Workers: 4
[1450.517s][debug][gc,phases      ] GC(84)   StringDedup Requests1 Weak     Min:  0.0, Avg:  0.0, Max:  0.0, Diff:  0.0, Sum:  0.0, Workers: 4
[1450.517s][debug][gc,phases      ] GC(84)     Dead                           Min: 0, Avg:  0.0, Max: 0, Diff: 0, Sum: 0, Workers: 4
[1450.517s][debug][gc,phases      ] GC(84)     Total                          Min: 0, Avg:  0.0, Max: 0, Diff: 0, Sum: 0, Workers: 4
[1450.517s][debug][gc,phases      ] GC(84)   Weak JFR Old Object Samples    Min:  0.0, Avg:  0.0, Max:  0.0, Diff:  0.0, Sum:  0.0, Workers: 4
[1450.517s][debug][gc,phases      ] GC(84)     Dead                           Min: 0, Avg:  0.0, Max: 0, Diff: 0, Sum: 0, Workers: 4
[1450.517s][debug][gc,phases      ] GC(84)     Total                          Min: 0, Avg:  0.0, Max: 0, Diff: 0, Sum: 0, Workers: 4
[1450.517s][debug][gc,phases      ] GC(84) Weak Processing 0.299ms
[1450.517s][debug][gc,age         ] GC(84) Desired survivor size 16777216 bytes, new threshold 15 (max threshold 15)
[1450.517s][info ][gc,heap        ] GC(84) PSYoungGen: 2061888K(2079744K)->1072K(2078208K) Eden: 2060800K(2060800K)->0K(2060800K) From: 1088K(18944K)->1072K(17408K)
[1450.517s][info ][gc,heap        ] GC(84) ParOldGen: 342116K(386560K)->342124K(386560K)
[1450.517s][info ][gc,metaspace   ] GC(84) Metaspace: 81497K(82496K)->81497K(82496K) NonClass: 69802K(70336K)->69802K(70336K) Class: 11695K(12160K)->11695K(12160K)
[1450.517s][info ][gc             ] GC(84) Pause Young (Allocation Failure) 2347M->335M(2407M) 2.610ms
[1450.517s][info ][gc,cpu         ] GC(84) User=0.01s Sys=0.00s Real=0.00s
[1450.517s][info ][safepoint      ] Safepoint "ParallelGCFailedAllocation", Time since last: 25898523506 ns, Reaching safepoint: 34900 ns, At safepoint: 2697221 ns, Total: 2732121 ns
[1462.518s][info ][safepoint      ] Safepoint "Cleanup", Time since last: 12000836572 ns, Reaching safepoint: 58300 ns, At safepoint: 3500 ns, Total: 61800 ns
[1465.518s][info ][safepoint      ] Safepoint "Cleanup", Time since last: 3000237816 ns, Reaching safepoint: 53901 ns, At safepoint: 6600 ns, Total: 60501 ns
[1466.518s][info ][safepoint      ] Safepoint "Cleanup", Time since last: 1000108920 ns, Reaching safepoint: 113201 ns, At safepoint: 5000 ns, Total: 118201 ns
[1475.463s][info ][gc,start       ] GC(85) Pause Young (Allocation Failure)
[1475.467s][debug][gc,phases      ] GC(85) Scavenge 3.655ms
[1475.467s][debug][gc,ref         ] GC(85) Skipped phase 1 of Reference Processing: no references
[1475.467s][debug][gc,ref         ] GC(85) ReferenceProcessor::execute queues: 1, RefProcThreadModel::Single, marks_oops_alive: false
[1475.467s][debug][gc,ref         ] GC(85) Skipped phase 3 of Reference Processing: no references
[1475.467s][debug][gc,ref         ] GC(85) ReferenceProcessor::execute queues: 1, RefProcThreadModel::Single, marks_oops_alive: false
[1475.467s][debug][gc,phases      ] GC(85) Reference Processing 0.098ms
[1475.467s][debug][gc,phases      ] GC(85)   VM Weak                        Min:  0.0, Avg:  0.0, Max:  0.0, Diff:  0.0, Sum:  0.0, Workers: 4
[1475.467s][debug][gc,phases      ] GC(85)     Dead                           Min: 0, Avg:  0.0, Max: 0, Diff: 0, Sum: 0, Workers: 4
[1475.467s][debug][gc,phases      ] GC(85)     Total                          Min: 0, Avg: 205.2, Max: 448, Diff: 448, Sum: 821, Workers: 4
[1475.467s][debug][gc,phases      ] GC(85)   ObjectSynchronizer Weak        Min:  0.0, Avg:  0.0, Max:  0.0, Diff:  0.0, Sum:  0.0, Workers: 4
[1475.467s][debug][gc,phases      ] GC(85)     Dead                           Min: 0, Avg:  0.0, Max: 0, Diff: 0, Sum: 0, Workers: 4
[1475.467s][debug][gc,phases      ] GC(85)     Total                          Min: 0, Avg:  8.5, Max: 34, Diff: 34, Sum: 34, Workers: 4
[1475.467s][debug][gc,phases      ] GC(85)   JVMTI Tag Weak OopStorage      Min:  0.0, Avg:  0.0, Max:  0.0, Diff:  0.0, Sum:  0.0, Workers: 4
[1475.467s][debug][gc,phases      ] GC(85)     Dead                           Min: 0, Avg:  0.0, Max: 0, Diff: 0, Sum: 0, Workers: 4
[1475.467s][debug][gc,phases      ] GC(85)     Total                          Min: 0, Avg:  0.0, Max: 0, Diff: 0, Sum: 0, Workers: 4
[1475.467s][debug][gc,phases      ] GC(85)   StringTable Weak               Min:  0.0, Avg:  0.1, Max:  0.1, Diff:  0.1, Sum:  0.3, Workers: 4
[1475.467s][debug][gc,phases      ] GC(85)     Dead                           Min: 0, Avg:  0.0, Max: 0, Diff: 0, Sum: 0, Workers: 4
[1475.467s][debug][gc,phases      ] GC(85)     Total                          Min: 0, Avg: 10918.5, Max: 18944, Diff: 18944, Sum: 43674, Workers: 4
[1475.467s][debug][gc,phases      ] GC(85)   ResolvedMethodTable Weak       Min:  0.0, Avg:  0.0, Max:  0.0, Diff:  0.0, Sum:  0.1, Workers: 4
[1475.467s][debug][gc,phases      ] GC(85)     Dead                           Min: 0, Avg:  0.0, Max: 0, Diff: 0, Sum: 0, Workers: 4
[1475.467s][debug][gc,phases      ] GC(85)     Total                          Min: 0, Avg: 2344.5, Max: 4096, Diff: 4096, Sum: 9378, Workers: 4
[1475.467s][debug][gc,phases      ] GC(85)   JNI Weak                       Min:  0.0, Avg:  0.0, Max:  0.0, Diff:  0.0, Sum:  0.0, Workers: 4
[1475.468s][debug][gc,phases      ] GC(85)     Dead                           Min: 0, Avg:  0.0, Max: 0, Diff: 0, Sum: 0, Workers: 4
[1475.468s][debug][gc,phases      ] GC(85)     Total                          Min: 0, Avg: 11.2, Max: 45, Diff: 45, Sum: 45, Workers: 4
[1475.468s][debug][gc,phases      ] GC(85)   StringDedup Table Weak         Min:  0.0, Avg:  0.0, Max:  0.0, Diff:  0.0, Sum:  0.0, Workers: 4
[1475.468s][debug][gc,phases      ] GC(85)     Dead                           Min: 0, Avg:  0.0, Max: 0, Diff: 0, Sum: 0, Workers: 4
[1475.468s][debug][gc,phases      ] GC(85)     Total                          Min: 0, Avg:  0.0, Max: 0, Diff: 0, Sum: 0, Workers: 4
[1475.468s][debug][gc,phases      ] GC(85)   StringDedup Requests0 Weak     Min:  0.0, Avg:  0.0, Max:  0.0, Diff:  0.0, Sum:  0.0, Workers: 4
[1475.468s][debug][gc,phases      ] GC(85)     Dead                           Min: 0, Avg:  0.0, Max: 0, Diff: 0, Sum: 0, Workers: 4
[1475.468s][debug][gc,phases      ] GC(85)     Total                          Min: 0, Avg:  0.0, Max: 0, Diff: 0, Sum: 0, Workers: 4
[1475.468s][debug][gc,phases      ] GC(85)   StringDedup Requests1 Weak     Min:  0.0, Avg:  0.0, Max:  0.0, Diff:  0.0, Sum:  0.0, Workers: 4
[1475.468s][debug][gc,phases      ] GC(85)     Dead                           Min: 0, Avg:  0.0, Max: 0, Diff: 0, Sum: 0, Workers: 4
[1475.468s][debug][gc,phases      ] GC(85)     Total                          Min: 0, Avg:  0.0, Max: 0, Diff: 0, Sum: 0, Workers: 4
[1475.468s][debug][gc,phases      ] GC(85)   Weak JFR Old Object Samples    Min:  0.0, Avg:  0.0, Max:  0.0, Diff:  0.0, Sum:  0.0, Workers: 4
[1475.468s][debug][gc,phases      ] GC(85)     Dead                           Min: 0, Avg:  0.0, Max: 0, Diff: 0, Sum: 0, Workers: 4
[1475.468s][debug][gc,phases      ] GC(85)     Total                          Min: 0, Avg:  0.0, Max: 0, Diff: 0, Sum: 0, Workers: 4
[1475.468s][debug][gc,phases      ] GC(85) Weak Processing 0.333ms
[1475.468s][debug][gc,age         ] GC(85) Desired survivor size 15204352 bytes, new threshold 15 (max threshold 15)
[1475.468s][info ][gc,heap        ] GC(85) PSYoungGen: 2061872K(2078208K)->1136K(2082304K) Eden: 2060800K(2060800K)->0K(2065920K) From: 1072K(17408K)->1136K(16384K)
[1475.468s][info ][gc,heap        ] GC(85) ParOldGen: 342124K(386560K)->342140K(386560K)
[1475.468s][info ][gc,metaspace   ] GC(85) Metaspace: 81501K(82496K)->81501K(82496K) NonClass: 69806K(70336K)->69806K(70336K) Class: 11695K(12160K)->11695K(12160K)
[1475.468s][info ][gc             ] GC(85) Pause Young (Allocation Failure) 2347M->335M(2411M) 4.211ms
[1475.468s][info ][gc,cpu         ] GC(85) User=0.01s Sys=0.00s Real=0.00s
[1475.468s][info ][safepoint      ] Safepoint "ParallelGCFailedAllocation", Time since last: 8944975263 ns, Reaching safepoint: 31400 ns, At safepoint: 4287733 ns, Total: 4319133 ns
[1501.016s][info ][gc,start       ] GC(86) Pause Young (Allocation Failure)
[1501.018s][debug][gc,phases      ] GC(86) Scavenge 2.243ms
[1501.018s][debug][gc,ref         ] GC(86) Skipped phase 1 of Reference Processing: no references
[1501.018s][debug][gc,ref         ] GC(86) ReferenceProcessor::execute queues: 1, RefProcThreadModel::Single, marks_oops_alive: false
[1501.018s][debug][gc,ref         ] GC(86) Skipped phase 3 of Reference Processing: no references
[1501.018s][debug][gc,ref         ] GC(86) ReferenceProcessor::execute queues: 1, RefProcThreadModel::Single, marks_oops_alive: false
[1501.018s][debug][gc,phases      ] GC(86) Reference Processing 0.133ms
[1501.018s][debug][gc,phases      ] GC(86)   VM Weak                        Min:  0.0, Avg:  0.0, Max:  0.0, Diff:  0.0, Sum:  0.0, Workers: 4
[1501.018s][debug][gc,phases      ] GC(86)     Dead                           Min: 0, Avg:  0.0, Max: 0, Diff: 0, Sum: 0, Workers: 4
[1501.018s][debug][gc,phases      ] GC(86)     Total                          Min: 64, Avg: 205.2, Max: 448, Diff: 384, Sum: 821, Workers: 4
[1501.018s][debug][gc,phases      ] GC(86)   ObjectSynchronizer Weak        Min:  0.0, Avg:  0.0, Max:  0.0, Diff:  0.0, Sum:  0.0, Workers: 4
[1501.018s][debug][gc,phases      ] GC(86)     Dead                           Min: 0, Avg:  0.0, Max: 0, Diff: 0, Sum: 0, Workers: 4
[1501.018s][debug][gc,phases      ] GC(86)     Total                          Min: 0, Avg:  8.5, Max: 34, Diff: 34, Sum: 34, Workers: 4
[1501.018s][debug][gc,phases      ] GC(86)   JVMTI Tag Weak OopStorage      Min:  0.0, Avg:  0.0, Max:  0.0, Diff:  0.0, Sum:  0.0, Workers: 4
[1501.018s][debug][gc,phases      ] GC(86)     Dead                           Min: 0, Avg:  0.0, Max: 0, Diff: 0, Sum: 0, Workers: 4
[1501.018s][debug][gc,phases      ] GC(86)     Total                          Min: 0, Avg:  0.0, Max: 0, Diff: 0, Sum: 0, Workers: 4
[1501.018s][debug][gc,phases      ] GC(86)   StringTable Weak               Min:  0.1, Avg:  0.1, Max:  0.1, Diff:  0.0, Sum:  0.4, Workers: 4
[1501.018s][debug][gc,phases      ] GC(86)     Dead                           Min: 0, Avg:  0.0, Max: 0, Diff: 0, Sum: 0, Workers: 4
[1501.018s][debug][gc,phases      ] GC(86)     Total                          Min: 10010, Avg: 10918.5, Max: 12032, Diff: 2022, Sum: 43674, Workers: 4
[1501.018s][debug][gc,phases      ] GC(86)   ResolvedMethodTable Weak       Min:  0.0, Avg:  0.0, Max:  0.0, Diff:  0.0, Sum:  0.1, Workers: 4
[1501.018s][debug][gc,phases      ] GC(86)     Dead                           Min: 0, Avg:  0.0, Max: 0, Diff: 0, Sum: 0, Workers: 4
[1501.018s][debug][gc,phases      ] GC(86)     Total                          Min: 2240, Avg: 2344.5, Max: 2415, Diff: 175, Sum: 9378, Workers: 4
[1501.018s][debug][gc,phases      ] GC(86)   JNI Weak                       Min:  0.0, Avg:  0.0, Max:  0.0, Diff:  0.0, Sum:  0.0, Workers: 4
[1501.018s][debug][gc,phases      ] GC(86)     Dead                           Min: 0, Avg:  0.0, Max: 0, Diff: 0, Sum: 0, Workers: 4
[1501.018s][debug][gc,phases      ] GC(86)     Total                          Min: 0, Avg: 11.2, Max: 45, Diff: 45, Sum: 45, Workers: 4
[1501.018s][debug][gc,phases      ] GC(86)   StringDedup Table Weak         Min:  0.0, Avg:  0.0, Max:  0.0, Diff:  0.0, Sum:  0.0, Workers: 4
[1501.018s][debug][gc,phases      ] GC(86)     Dead                           Min: 0, Avg:  0.0, Max: 0, Diff: 0, Sum: 0, Workers: 4
[1501.018s][debug][gc,phases      ] GC(86)     Total                          Min: 0, Avg:  0.0, Max: 0, Diff: 0, Sum: 0, Workers: 4
[1501.018s][debug][gc,phases      ] GC(86)   StringDedup Requests0 Weak     Min:  0.0, Avg:  0.0, Max:  0.0, Diff:  0.0, Sum:  0.0, Workers: 4
[1501.018s][debug][gc,phases      ] GC(86)     Dead                           Min: 0, Avg:  0.0, Max: 0, Diff: 0, Sum: 0, Workers: 4
[1501.018s][debug][gc,phases      ] GC(86)     Total                          Min: 0, Avg:  0.0, Max: 0, Diff: 0, Sum: 0, Workers: 4
[1501.018s][debug][gc,phases      ] GC(86)   StringDedup Requests1 Weak     Min:  0.0, Avg:  0.0, Max:  0.0, Diff:  0.0, Sum:  0.0, Workers: 4
[1501.018s][debug][gc,phases      ] GC(86)     Dead                           Min: 0, Avg:  0.0, Max: 0, Diff: 0, Sum: 0, Workers: 4
[1501.018s][debug][gc,phases      ] GC(86)     Total                          Min: 0, Avg:  0.0, Max: 0, Diff: 0, Sum: 0, Workers: 4
[1501.018s][debug][gc,phases      ] GC(86)   Weak JFR Old Object Samples    Min:  0.0, Avg:  0.0, Max:  0.0, Diff:  0.0, Sum:  0.0, Workers: 4
[1501.018s][debug][gc,phases      ] GC(86)     Dead                           Min: 0, Avg:  0.0, Max: 0, Diff: 0, Sum: 0, Workers: 4
[1501.018s][debug][gc,phases      ] GC(86)     Total                          Min: 0, Avg:  0.0, Max: 0, Diff: 0, Sum: 0, Workers: 4
[1501.018s][debug][gc,phases      ] GC(86) Weak Processing 0.387ms
[1501.019s][debug][gc,age         ] GC(86) Desired survivor size 14155776 bytes, new threshold 15 (max threshold 15)
[1501.019s][info ][gc,heap        ] GC(86) PSYoungGen: 2067056K(2082304K)->1136K(2080768K) Eden: 2065920K(2065920K)->0K(2065920K) From: 1136K(16384K)->1136K(14848K)
[1501.019s][info ][gc,heap        ] GC(86) ParOldGen: 342140K(386560K)->342148K(386560K)
[1501.019s][info ][gc,metaspace   ] GC(86) Metaspace: 81501K(82496K)->81501K(82496K) NonClass: 69806K(70336K)->69806K(70336K) Class: 11695K(12160K)->11695K(12160K)
[1501.019s][info ][gc             ] GC(86) Pause Young (Allocation Failure) 2352M->335M(2409M) 2.907ms
[1501.019s][info ][gc,cpu         ] GC(86) User=0.01s Sys=0.00s Real=0.00s
[1501.019s][info ][safepoint      ] Safepoint "ParallelGCFailedAllocation", Time since last: 25547869671 ns, Reaching safepoint: 102500 ns, At safepoint: 3018424 ns, Total: 3120924 ns
[1512.020s][info ][safepoint      ] Safepoint "Cleanup", Time since last: 11000881345 ns, Reaching safepoint: 59301 ns, At safepoint: 5300 ns, Total: 64601 ns
[1526.366s][info ][gc,start       ] GC(87) Pause Young (Allocation Failure)
[1526.368s][debug][gc,phases      ] GC(87) Scavenge 2.318ms
[1526.368s][debug][gc,ref         ] GC(87) Skipped phase 1 of Reference Processing: no references
[1526.368s][debug][gc,ref         ] GC(87) ReferenceProcessor::execute queues: 1, RefProcThreadModel::Single, marks_oops_alive: false
[1526.368s][debug][gc,ref         ] GC(87) Skipped phase 3 of Reference Processing: no references
[1526.368s][debug][gc,ref         ] GC(87) ReferenceProcessor::execute queues: 1, RefProcThreadModel::Single, marks_oops_alive: false
[1526.368s][debug][gc,phases      ] GC(87) Reference Processing 0.091ms
[1526.368s][debug][gc,phases      ] GC(87)   VM Weak                        Min:  0.0, Avg:  0.0, Max:  0.0, Diff:  0.0, Sum:  0.0, Workers: 4
[1526.368s][debug][gc,phases      ] GC(87)     Dead                           Min: 0, Avg:  0.0, Max: 0, Diff: 0, Sum: 0, Workers: 4
[1526.368s][debug][gc,phases      ] GC(87)     Total                          Min: 0, Avg: 205.2, Max: 640, Diff: 640, Sum: 821, Workers: 4
[1526.368s][debug][gc,phases      ] GC(87)   ObjectSynchronizer Weak        Min:  0.0, Avg:  0.0, Max:  0.0, Diff:  0.0, Sum:  0.0, Workers: 4
[1526.368s][debug][gc,phases      ] GC(87)     Dead                           Min: 0, Avg:  0.0, Max: 0, Diff: 0, Sum: 0, Workers: 4
[1526.368s][debug][gc,phases      ] GC(87)     Total                          Min: 0, Avg:  8.5, Max: 34, Diff: 34, Sum: 34, Workers: 4
[1526.368s][debug][gc,phases      ] GC(87)   JVMTI Tag Weak OopStorage      Min:  0.0, Avg:  0.0, Max:  0.0, Diff:  0.0, Sum:  0.0, Workers: 4
[1526.368s][debug][gc,phases      ] GC(87)     Dead                           Min: 0, Avg:  0.0, Max: 0, Diff: 0, Sum: 0, Workers: 4
[1526.368s][debug][gc,phases      ] GC(87)     Total                          Min: 0, Avg:  0.0, Max: 0, Diff: 0, Sum: 0, Workers: 4
[1526.368s][debug][gc,phases      ] GC(87)   StringTable Weak               Min:  0.0, Avg:  0.1, Max:  0.1, Diff:  0.1, Sum:  0.3, Workers: 4
[1526.368s][debug][gc,phases      ] GC(87)     Dead                           Min: 0, Avg:  0.0, Max: 0, Diff: 0, Sum: 0, Workers: 4
[1526.368s][debug][gc,phases      ] GC(87)     Total                          Min: 0, Avg: 10918.8, Max: 17920, Diff: 17920, Sum: 43675, Workers: 4
[1526.368s][debug][gc,phases      ] GC(87)   ResolvedMethodTable Weak       Min:  0.0, Avg:  0.0, Max:  0.0, Diff:  0.0, Sum:  0.1, Workers: 4
[1526.368s][debug][gc,phases      ] GC(87)     Dead                           Min: 0, Avg:  0.0, Max: 0, Diff: 0, Sum: 0, Workers: 4
[1526.368s][debug][gc,phases      ] GC(87)     Total                          Min: 0, Avg: 2344.5, Max: 3759, Diff: 3759, Sum: 9378, Workers: 4
[1526.368s][debug][gc,phases      ] GC(87)   JNI Weak                       Min:  0.0, Avg:  0.0, Max:  0.0, Diff:  0.0, Sum:  0.0, Workers: 4
[1526.368s][debug][gc,phases      ] GC(87)     Dead                           Min: 0, Avg:  0.0, Max: 0, Diff: 0, Sum: 0, Workers: 4
[1526.368s][debug][gc,phases      ] GC(87)     Total                          Min: 0, Avg: 11.2, Max: 45, Diff: 45, Sum: 45, Workers: 4
[1526.368s][debug][gc,phases      ] GC(87)   StringDedup Table Weak         Min:  0.0, Avg:  0.0, Max:  0.0, Diff:  0.0, Sum:  0.0, Workers: 4
[1526.368s][debug][gc,phases      ] GC(87)     Dead                           Min: 0, Avg:  0.0, Max: 0, Diff: 0, Sum: 0, Workers: 4
[1526.368s][debug][gc,phases      ] GC(87)     Total                          Min: 0, Avg:  0.0, Max: 0, Diff: 0, Sum: 0, Workers: 4
[1526.368s][debug][gc,phases      ] GC(87)   StringDedup Requests0 Weak     Min:  0.0, Avg:  0.0, Max:  0.0, Diff:  0.0, Sum:  0.0, Workers: 4
[1526.368s][debug][gc,phases      ] GC(87)     Dead                           Min: 0, Avg:  0.0, Max: 0, Diff: 0, Sum: 0, Workers: 4
[1526.368s][debug][gc,phases      ] GC(87)     Total                          Min: 0, Avg:  0.0, Max: 0, Diff: 0, Sum: 0, Workers: 4
[1526.368s][debug][gc,phases      ] GC(87)   StringDedup Requests1 Weak     Min:  0.0, Avg:  0.0, Max:  0.0, Diff:  0.0, Sum:  0.0, Workers: 4
[1526.368s][debug][gc,phases      ] GC(87)     Dead                           Min: 0, Avg:  0.0, Max: 0, Diff: 0, Sum: 0, Workers: 4
[1526.368s][debug][gc,phases      ] GC(87)     Total                          Min: 0, Avg:  0.0, Max: 0, Diff: 0, Sum: 0, Workers: 4
[1526.368s][debug][gc,phases      ] GC(87)   Weak JFR Old Object Samples    Min:  0.0, Avg:  0.0, Max:  0.0, Diff:  0.0, Sum:  0.0, Workers: 4
[1526.368s][debug][gc,phases      ] GC(87)     Dead                           Min: 0, Avg:  0.0, Max: 0, Diff: 0, Sum: 0, Workers: 4
[1526.368s][debug][gc,phases      ] GC(87)     Total                          Min: 0, Avg:  0.0, Max: 0, Diff: 0, Sum: 0, Workers: 4
[1526.368s][debug][gc,phases      ] GC(87) Weak Processing 0.304ms
[1526.369s][debug][gc,age         ] GC(87) Desired survivor size 13107200 bytes, new threshold 15 (max threshold 15)
[1526.369s][info ][gc,heap        ] GC(87) PSYoungGen: 2067056K(2080768K)->1136K(2084352K) Eden: 2065920K(2065920K)->0K(2070528K) From: 1136K(14848K)->1136K(13824K)
[1526.369s][info ][gc,heap        ] GC(87) ParOldGen: 342148K(386560K)->342156K(386560K)
[1526.369s][info ][gc,metaspace   ] GC(87) Metaspace: 81508K(82496K)->81508K(82496K) NonClass: 69813K(70336K)->69813K(70336K) Class: 11695K(12160K)->11695K(12160K)
[1526.369s][info ][gc             ] GC(87) Pause Young (Allocation Failure) 2352M->335M(2413M) 2.822ms
[1526.369s][info ][gc,cpu         ] GC(87) User=0.01s Sys=0.00s Real=0.00s
[1526.369s][info ][safepoint      ] Safepoint "ParallelGCFailedAllocation", Time since last: 14346018990 ns, Reaching safepoint: 105300 ns, At safepoint: 2894123 ns, Total: 2999423 ns
[1530.369s][info ][safepoint      ] Safepoint "Cleanup", Time since last: 4000280072 ns, Reaching safepoint: 32000 ns, At safepoint: 2500 ns, Total: 34500 ns
[1531.369s][info ][safepoint      ] Safepoint "Cleanup", Time since last: 1000109605 ns, Reaching safepoint: 70200 ns, At safepoint: 3500 ns, Total: 73700 ns
[1551.916s][info ][gc,start       ] GC(88) Pause Young (Allocation Failure)
[1551.920s][debug][gc,phases      ] GC(88) Scavenge 3.596ms
[1551.920s][debug][gc,ref         ] GC(88) Skipped phase 1 of Reference Processing: no references
[1551.920s][debug][gc,ref         ] GC(88) ReferenceProcessor::execute queues: 1, RefProcThreadModel::Single, marks_oops_alive: false
[1551.920s][debug][gc,ref         ] GC(88) Skipped phase 3 of Reference Processing: no references
[1551.920s][debug][gc,ref         ] GC(88) ReferenceProcessor::execute queues: 1, RefProcThreadModel::Single, marks_oops_alive: false
[1551.920s][debug][gc,phases      ] GC(88) Reference Processing 0.094ms
[1551.920s][debug][gc,phases      ] GC(88)   VM Weak                        Min:  0.0, Avg:  0.0, Max:  0.0, Diff:  0.0, Sum:  0.0, Workers: 4
[1551.920s][debug][gc,phases      ] GC(88)     Dead                           Min: 0, Avg:  0.0, Max: 0, Diff: 0, Sum: 0, Workers: 4
[1551.920s][debug][gc,phases      ] GC(88)     Total                          Min: 0, Avg: 205.2, Max: 757, Diff: 757, Sum: 821, Workers: 4
[1551.920s][debug][gc,phases      ] GC(88)   ObjectSynchronizer Weak        Min:  0.0, Avg:  0.0, Max:  0.0, Diff:  0.0, Sum:  0.0, Workers: 4
[1551.920s][debug][gc,phases      ] GC(88)     Dead                           Min: 0, Avg:  0.0, Max: 0, Diff: 0, Sum: 0, Workers: 4
[1551.920s][debug][gc,phases      ] GC(88)     Total                          Min: 0, Avg:  8.5, Max: 34, Diff: 34, Sum: 34, Workers: 4
[1551.920s][debug][gc,phases      ] GC(88)   JVMTI Tag Weak OopStorage      Min:  0.0, Avg:  0.0, Max:  0.0, Diff:  0.0, Sum:  0.0, Workers: 4
[1551.920s][debug][gc,phases      ] GC(88)     Dead                           Min: 0, Avg:  0.0, Max: 0, Diff: 0, Sum: 0, Workers: 4
[1551.920s][debug][gc,phases      ] GC(88)     Total                          Min: 0, Avg:  0.0, Max: 0, Diff: 0, Sum: 0, Workers: 4
[1551.920s][debug][gc,phases      ] GC(88)   StringTable Weak               Min:  0.0, Avg:  0.1, Max:  0.1, Diff:  0.1, Sum:  0.3, Workers: 4
[1551.920s][debug][gc,phases      ] GC(88)     Dead                           Min: 0, Avg:  0.0, Max: 0, Diff: 0, Sum: 0, Workers: 4
[1551.920s][debug][gc,phases      ] GC(88)     Total                          Min: 0, Avg: 10918.8, Max: 16923, Diff: 16923, Sum: 43675, Workers: 4
[1551.920s][debug][gc,phases      ] GC(88)   ResolvedMethodTable Weak       Min:  0.0, Avg:  0.0, Max:  0.0, Diff:  0.0, Sum:  0.1, Workers: 4
[1551.920s][debug][gc,phases      ] GC(88)     Dead                           Min: 0, Avg:  0.0, Max: 0, Diff: 0, Sum: 0, Workers: 4
[1551.920s][debug][gc,phases      ] GC(88)     Total                          Min: 0, Avg: 2344.5, Max: 4002, Diff: 4002, Sum: 9378, Workers: 4
[1551.920s][debug][gc,phases      ] GC(88)   JNI Weak                       Min:  0.0, Avg:  0.0, Max:  0.0, Diff:  0.0, Sum:  0.0, Workers: 4
[1551.920s][debug][gc,phases      ] GC(88)     Dead                           Min: 0, Avg:  0.0, Max: 0, Diff: 0, Sum: 0, Workers: 4
[1551.920s][debug][gc,phases      ] GC(88)     Total                          Min: 0, Avg: 11.2, Max: 45, Diff: 45, Sum: 45, Workers: 4
[1551.920s][debug][gc,phases      ] GC(88)   StringDedup Table Weak         Min:  0.0, Avg:  0.0, Max:  0.0, Diff:  0.0, Sum:  0.0, Workers: 4
[1551.920s][debug][gc,phases      ] GC(88)     Dead                           Min: 0, Avg:  0.0, Max: 0, Diff: 0, Sum: 0, Workers: 4
[1551.920s][debug][gc,phases      ] GC(88)     Total                          Min: 0, Avg:  0.0, Max: 0, Diff: 0, Sum: 0, Workers: 4
[1551.920s][debug][gc,phases      ] GC(88)   StringDedup Requests0 Weak     Min:  0.0, Avg:  0.0, Max:  0.0, Diff:  0.0, Sum:  0.0, Workers: 4
[1551.920s][debug][gc,phases      ] GC(88)     Dead                           Min: 0, Avg:  0.0, Max: 0, Diff: 0, Sum: 0, Workers: 4
[1551.920s][debug][gc,phases      ] GC(88)     Total                          Min: 0, Avg:  0.0, Max: 0, Diff: 0, Sum: 0, Workers: 4
[1551.920s][debug][gc,phases      ] GC(88)   StringDedup Requests1 Weak     Min:  0.0, Avg:  0.0, Max:  0.0, Diff:  0.0, Sum:  0.0, Workers: 4
[1551.920s][debug][gc,phases      ] GC(88)     Dead                           Min: 0, Avg:  0.0, Max: 0, Diff: 0, Sum: 0, Workers: 4
[1551.920s][debug][gc,phases      ] GC(88)     Total                          Min: 0, Avg:  0.0, Max: 0, Diff: 0, Sum: 0, Workers: 4
[1551.920s][debug][gc,phases      ] GC(88)   Weak JFR Old Object Samples    Min:  0.0, Avg:  0.0, Max:  0.0, Diff:  0.0, Sum:  0.0, Workers: 4
[1551.920s][debug][gc,phases      ] GC(88)     Dead                           Min: 0, Avg:  0.0, Max: 0, Diff: 0, Sum: 0, Workers: 4
[1551.920s][debug][gc,phases      ] GC(88)     Total                          Min: 0, Avg:  0.0, Max: 0, Diff: 0, Sum: 0, Workers: 4
[1551.920s][debug][gc,phases      ] GC(88) Weak Processing 0.309ms
[1551.920s][debug][gc,age         ] GC(88) Desired survivor size 12058624 bytes, new threshold 15 (max threshold 15)
[1551.920s][info ][gc,heap        ] GC(88) PSYoungGen: 2071664K(2084352K)->1200K(2083328K) Eden: 2070528K(2070528K)->0K(2070528K) From: 1136K(13824K)->1200K(12800K)
[1551.920s][info ][gc,heap        ] GC(88) ParOldGen: 342156K(386560K)->342180K(386560K)
[1551.920s][info ][gc,metaspace   ] GC(88) Metaspace: 81509K(82496K)->81509K(82496K) NonClass: 69814K(70336K)->69814K(70336K) Class: 11695K(12160K)->11695K(12160K)
[1551.920s][info ][gc             ] GC(88) Pause Young (Allocation Failure) 2357M->335M(2412M) 4.109ms
[1551.920s][info ][gc,cpu         ] GC(88) User=0.01s Sys=0.00s Real=0.01s
[1551.920s][info ][safepoint      ] Safepoint "ParallelGCFailedAllocation", Time since last: 20546816747 ns, Reaching safepoint: 90701 ns, At safepoint: 4197731 ns, Total: 4288432 ns
[1577.467s][info ][gc,start       ] GC(89) Pause Young (Allocation Failure)
[1577.469s][debug][gc,phases      ] GC(89) Scavenge 2.319ms
[1577.469s][debug][gc,ref         ] GC(89) Skipped phase 1 of Reference Processing: no references
[1577.469s][debug][gc,ref         ] GC(89) Skipped phase 2 of Reference Processing: no references
[1577.469s][debug][gc,ref         ] GC(89) Skipped phase 3 of Reference Processing: no references
[1577.469s][debug][gc,ref         ] GC(89) Skipped phase 4 of Reference Processing: no references
[1577.469s][debug][gc,phases      ] GC(89) Reference Processing 0.022ms
[1577.469s][debug][gc,phases      ] GC(89)   VM Weak                        Min:  0.0, Avg:  0.0, Max:  0.0, Diff:  0.0, Sum:  0.0, Workers: 4
[1577.469s][debug][gc,phases      ] GC(89)     Dead                           Min: 0, Avg:  0.0, Max: 0, Diff: 0, Sum: 0, Workers: 4
[1577.469s][debug][gc,phases      ] GC(89)     Total                          Min: 0, Avg: 205.2, Max: 437, Diff: 437, Sum: 821, Workers: 4
[1577.469s][debug][gc,phases      ] GC(89)   ObjectSynchronizer Weak        Min:  0.0, Avg:  0.0, Max:  0.0, Diff:  0.0, Sum:  0.0, Workers: 4
[1577.469s][debug][gc,phases      ] GC(89)     Dead                           Min: 0, Avg:  0.0, Max: 0, Diff: 0, Sum: 0, Workers: 4
[1577.469s][debug][gc,phases      ] GC(89)     Total                          Min: 0, Avg:  8.8, Max: 35, Diff: 35, Sum: 35, Workers: 4
[1577.469s][debug][gc,phases      ] GC(89)   JVMTI Tag Weak OopStorage      Min:  0.0, Avg:  0.0, Max:  0.0, Diff:  0.0, Sum:  0.0, Workers: 4
[1577.469s][debug][gc,phases      ] GC(89)     Dead                           Min: 0, Avg:  0.0, Max: 0, Diff: 0, Sum: 0, Workers: 4
[1577.469s][debug][gc,phases      ] GC(89)     Total                          Min: 0, Avg:  0.0, Max: 0, Diff: 0, Sum: 0, Workers: 4
[1577.469s][debug][gc,phases      ] GC(89)   StringTable Weak               Min:  0.0, Avg:  0.1, Max:  0.1, Diff:  0.1, Sum:  0.4, Workers: 4
[1577.469s][debug][gc,phases      ] GC(89)     Dead                           Min: 0, Avg:  0.0, Max: 0, Diff: 0, Sum: 0, Workers: 4
[1577.469s][debug][gc,phases      ] GC(89)     Total                          Min: 0, Avg: 10919.0, Max: 18140, Diff: 18140, Sum: 43676, Workers: 4
[1577.469s][debug][gc,phases      ] GC(89)   ResolvedMethodTable Weak       Min:  0.0, Avg:  0.0, Max:  0.0, Diff:  0.0, Sum:  0.1, Workers: 4
[1577.469s][debug][gc,phases      ] GC(89)     Dead                           Min: 0, Avg:  0.0, Max: 0, Diff: 0, Sum: 0, Workers: 4
[1577.469s][debug][gc,phases      ] GC(89)     Total                          Min: 0, Avg: 2344.5, Max: 4066, Diff: 4066, Sum: 9378, Workers: 4
[1577.469s][debug][gc,phases      ] GC(89)   JNI Weak                       Min:  0.0, Avg:  0.0, Max:  0.0, Diff:  0.0, Sum:  0.0, Workers: 4
[1577.469s][debug][gc,phases      ] GC(89)     Dead                           Min: 0, Avg:  0.0, Max: 0, Diff: 0, Sum: 0, Workers: 4
[1577.469s][debug][gc,phases      ] GC(89)     Total                          Min: 0, Avg: 11.2, Max: 45, Diff: 45, Sum: 45, Workers: 4
[1577.469s][debug][gc,phases      ] GC(89)   StringDedup Table Weak         Min:  0.0, Avg:  0.0, Max:  0.0, Diff:  0.0, Sum:  0.0, Workers: 4
[1577.469s][debug][gc,phases      ] GC(89)     Dead                           Min: 0, Avg:  0.0, Max: 0, Diff: 0, Sum: 0, Workers: 4
[1577.469s][debug][gc,phases      ] GC(89)     Total                          Min: 0, Avg:  0.0, Max: 0, Diff: 0, Sum: 0, Workers: 4
[1577.469s][debug][gc,phases      ] GC(89)   StringDedup Requests0 Weak     Min:  0.0, Avg:  0.0, Max:  0.0, Diff:  0.0, Sum:  0.0, Workers: 4
[1577.469s][debug][gc,phases      ] GC(89)     Dead                           Min: 0, Avg:  0.0, Max: 0, Diff: 0, Sum: 0, Workers: 4
[1577.469s][debug][gc,phases      ] GC(89)     Total                          Min: 0, Avg:  0.0, Max: 0, Diff: 0, Sum: 0, Workers: 4
[1577.469s][debug][gc,phases      ] GC(89)   StringDedup Requests1 Weak     Min:  0.0, Avg:  0.0, Max:  0.0, Diff:  0.0, Sum:  0.0, Workers: 4
[1577.469s][debug][gc,phases      ] GC(89)     Dead                           Min: 0, Avg:  0.0, Max: 0, Diff: 0, Sum: 0, Workers: 4
[1577.469s][debug][gc,phases      ] GC(89)     Total                          Min: 0, Avg:  0.0, Max: 0, Diff: 0, Sum: 0, Workers: 4
[1577.469s][debug][gc,phases      ] GC(89)   Weak JFR Old Object Samples    Min:  0.0, Avg:  0.0, Max:  0.0, Diff:  0.0, Sum:  0.0, Workers: 4
[1577.469s][debug][gc,phases      ] GC(89)     Dead                           Min: 0, Avg:  0.0, Max: 0, Diff: 0, Sum: 0, Workers: 4
[1577.469s][debug][gc,phases      ] GC(89)     Total                          Min: 0, Avg:  0.0, Max: 0, Diff: 0, Sum: 0, Workers: 4
[1577.469s][debug][gc,phases      ] GC(89) Weak Processing 0.328ms
[1577.469s][debug][gc,age         ] GC(89) Desired survivor size 11534336 bytes, new threshold 15 (max threshold 15)
[1577.469s][info ][gc,heap        ] GC(89) PSYoungGen: 2071728K(2083328K)->1120K(2085888K) Eden: 2070528K(2070528K)->0K(2074112K) From: 1200K(12800K)->1120K(11776K)
[1577.469s][info ][gc,heap        ] GC(89) ParOldGen: 342180K(386560K)->342188K(386560K)
[1577.469s][info ][gc,metaspace   ] GC(89) Metaspace: 81519K(82560K)->81519K(82560K) NonClass: 69824K(70400K)->69824K(70400K) Class: 11695K(12160K)->11695K(12160K)
[1577.469s][info ][gc             ] GC(89) Pause Young (Allocation Failure) 2357M->335M(2414M) 2.776ms
[1577.469s][info ][gc,cpu         ] GC(89) User=0.01s Sys=0.01s Real=0.00s
[1577.469s][info ][safepoint      ] Safepoint "ParallelGCFailedAllocation", Time since last: 25546442211 ns, Reaching safepoint: 32300 ns, At safepoint: 2844321 ns, Total: 2876621 ns
[1581.470s][info ][safepoint      ] Safepoint "Cleanup", Time since last: 4000271415 ns, Reaching safepoint: 50401 ns, At safepoint: 29200 ns, Total: 79601 ns
[1603.212s][info ][gc,start       ] GC(90) Pause Young (Allocation Failure)
[1603.214s][debug][gc,phases      ] GC(90) Scavenge 2.283ms
[1603.214s][debug][gc,ref         ] GC(90) Skipped phase 1 of Reference Processing: no references
[1603.214s][debug][gc,ref         ] GC(90) Skipped phase 2 of Reference Processing: no references
[1603.214s][debug][gc,ref         ] GC(90) Skipped phase 3 of Reference Processing: no references
[1603.214s][debug][gc,ref         ] GC(90) Skipped phase 4 of Reference Processing: no references
[1603.214s][debug][gc,phases      ] GC(90) Reference Processing 0.020ms
[1603.214s][debug][gc,phases      ] GC(90)   VM Weak                        Min:  0.0, Avg:  0.0, Max:  0.0, Diff:  0.0, Sum:  0.0, Workers: 4
[1603.214s][debug][gc,phases      ] GC(90)     Dead                           Min: 0, Avg:  0.0, Max: 0, Diff: 0, Sum: 0, Workers: 4
[1603.214s][debug][gc,phases      ] GC(90)     Total                          Min: 0, Avg: 205.2, Max: 501, Diff: 501, Sum: 821, Workers: 4
[1603.214s][debug][gc,phases      ] GC(90)   ObjectSynchronizer Weak        Min:  0.0, Avg:  0.0, Max:  0.0, Diff:  0.0, Sum:  0.0, Workers: 4
[1603.214s][debug][gc,phases      ] GC(90)     Dead                           Min: 0, Avg:  0.0, Max: 0, Diff: 0, Sum: 0, Workers: 4
[1603.214s][debug][gc,phases      ] GC(90)     Total                          Min: 0, Avg:  8.8, Max: 35, Diff: 35, Sum: 35, Workers: 4
[1603.214s][debug][gc,phases      ] GC(90)   JVMTI Tag Weak OopStorage      Min:  0.0, Avg:  0.0, Max:  0.0, Diff:  0.0, Sum:  0.0, Workers: 4
[1603.214s][debug][gc,phases      ] GC(90)     Dead                           Min: 0, Avg:  0.0, Max: 0, Diff: 0, Sum: 0, Workers: 4
[1603.214s][debug][gc,phases      ] GC(90)     Total                          Min: 0, Avg:  0.0, Max: 0, Diff: 0, Sum: 0, Workers: 4
[1603.214s][debug][gc,phases      ] GC(90)   StringTable Weak               Min:  0.0, Avg:  0.1, Max:  0.1, Diff:  0.1, Sum:  0.4, Workers: 4
[1603.214s][debug][gc,phases      ] GC(90)     Dead                           Min: 0, Avg:  0.0, Max: 0, Diff: 0, Sum: 0, Workers: 4
[1603.214s][debug][gc,phases      ] GC(90)     Total                          Min: 0, Avg: 10919.8, Max: 17408, Diff: 17408, Sum: 43679, Workers: 4
[1603.214s][debug][gc,phases      ] GC(90)   ResolvedMethodTable Weak       Min:  0.0, Avg:  0.0, Max:  0.0, Diff:  0.0, Sum:  0.1, Workers: 4
[1603.214s][debug][gc,phases      ] GC(90)     Dead                           Min: 0, Avg:  0.0, Max: 0, Diff: 0, Sum: 0, Workers: 4
[1603.214s][debug][gc,phases      ] GC(90)     Total                          Min: 0, Avg: 2344.5, Max: 3712, Diff: 3712, Sum: 9378, Workers: 4
[1603.214s][debug][gc,phases      ] GC(90)   JNI Weak                       Min:  0.0, Avg:  0.0, Max:  0.0, Diff:  0.0, Sum:  0.0, Workers: 4
[1603.214s][debug][gc,phases      ] GC(90)     Dead                           Min: 0, Avg:  0.0, Max: 0, Diff: 0, Sum: 0, Workers: 4
[1603.214s][debug][gc,phases      ] GC(90)     Total                          Min: 0, Avg: 11.2, Max: 45, Diff: 45, Sum: 45, Workers: 4
[1603.214s][debug][gc,phases      ] GC(90)   StringDedup Table Weak         Min:  0.0, Avg:  0.0, Max:  0.0, Diff:  0.0, Sum:  0.0, Workers: 4
[1603.214s][debug][gc,phases      ] GC(90)     Dead                           Min: 0, Avg:  0.0, Max: 0, Diff: 0, Sum: 0, Workers: 4
[1603.214s][debug][gc,phases      ] GC(90)     Total                          Min: 0, Avg:  0.0, Max: 0, Diff: 0, Sum: 0, Workers: 4
[1603.214s][debug][gc,phases      ] GC(90)   StringDedup Requests0 Weak     Min:  0.0, Avg:  0.0, Max:  0.0, Diff:  0.0, Sum:  0.0, Workers: 4
[1603.214s][debug][gc,phases      ] GC(90)     Dead                           Min: 0, Avg:  0.0, Max: 0, Diff: 0, Sum: 0, Workers: 4
[1603.214s][debug][gc,phases      ] GC(90)     Total                          Min: 0, Avg:  0.0, Max: 0, Diff: 0, Sum: 0, Workers: 4
[1603.214s][debug][gc,phases      ] GC(90)   StringDedup Requests1 Weak     Min:  0.0, Avg:  0.0, Max:  0.0, Diff:  0.0, Sum:  0.0, Workers: 4
[1603.214s][debug][gc,phases      ] GC(90)     Dead                           Min: 0, Avg:  0.0, Max: 0, Diff: 0, Sum: 0, Workers: 4
[1603.214s][debug][gc,phases      ] GC(90)     Total                          Min: 0, Avg:  0.0, Max: 0, Diff: 0, Sum: 0, Workers: 4
[1603.214s][debug][gc,phases      ] GC(90)   Weak JFR Old Object Samples    Min:  0.0, Avg:  0.0, Max:  0.0, Diff:  0.0, Sum:  0.0, Workers: 4
[1603.214s][debug][gc,phases      ] GC(90)     Dead                           Min: 0, Avg:  0.0, Max: 0, Diff: 0, Sum: 0, Workers: 4
[1603.214s][debug][gc,phases      ] GC(90)     Total                          Min: 0, Avg:  0.0, Max: 0, Diff: 0, Sum: 0, Workers: 4
[1603.214s][debug][gc,phases      ] GC(90) Weak Processing 0.322ms
[1603.214s][debug][gc,age         ] GC(90) Desired survivor size 10485760 bytes, new threshold 15 (max threshold 15)
[1603.214s][info ][gc,heap        ] GC(90) PSYoungGen: 2075232K(2085888K)->1152K(2085376K) Eden: 2074112K(2074112K)->0K(2074112K) From: 1120K(11776K)->1152K(11264K)
[1603.214s][info ][gc,heap        ] GC(90) ParOldGen: 342188K(386560K)->342220K(386560K)
[1603.214s][info ][gc,metaspace   ] GC(90) Metaspace: 81519K(82560K)->81519K(82560K) NonClass: 69824K(70400K)->69824K(70400K) Class: 11695K(12160K)->11695K(12160K)
[1603.214s][info ][gc             ] GC(90) Pause Young (Allocation Failure) 2360M->335M(2414M) 2.718ms
[1603.214s][info ][gc,cpu         ] GC(90) User=0.01s Sys=0.00s Real=0.00s
[1603.214s][info ][safepoint      ] Safepoint "ParallelGCFailedAllocation", Time since last: 21741576418 ns, Reaching safepoint: 40001 ns, At safepoint: 2829720 ns, Total: 2869721 ns
[1606.215s][info ][safepoint      ] Safepoint "Cleanup", Time since last: 3000222547 ns, Reaching safepoint: 110401 ns, At safepoint: 4800 ns, Total: 115201 ns
[1608.215s][info ][safepoint      ] Safepoint "Cleanup", Time since last: 2000175759 ns, Reaching safepoint: 115501 ns, At safepoint: 5300 ns, Total: 120801 ns
[1628.894s][info ][gc,start       ] GC(91) Pause Young (Allocation Failure)
[1628.898s][debug][gc,phases      ] GC(91) Scavenge 4.415ms
[1628.898s][debug][gc,ref         ] GC(91) Skipped phase 1 of Reference Processing: no references
[1628.898s][debug][gc,ref         ] GC(91) Skipped phase 2 of Reference Processing: no references
[1628.898s][debug][gc,ref         ] GC(91) Skipped phase 3 of Reference Processing: no references
[1628.898s][debug][gc,ref         ] GC(91) Skipped phase 4 of Reference Processing: no references
[1628.898s][debug][gc,phases      ] GC(91) Reference Processing 0.021ms
[1628.898s][debug][gc,phases      ] GC(91)   VM Weak                        Min:  0.0, Avg:  0.0, Max:  0.0, Diff:  0.0, Sum:  0.0, Workers: 4
[1628.898s][debug][gc,phases      ] GC(91)     Dead                           Min: 0, Avg:  0.0, Max: 0, Diff: 0, Sum: 0, Workers: 4
[1628.898s][debug][gc,phases      ] GC(91)     Total                          Min: 0, Avg: 205.2, Max: 501, Diff: 501, Sum: 821, Workers: 4
[1628.898s][debug][gc,phases      ] GC(91)   ObjectSynchronizer Weak        Min:  0.0, Avg:  0.0, Max:  0.0, Diff:  0.0, Sum:  0.0, Workers: 4
[1628.898s][debug][gc,phases      ] GC(91)     Dead                           Min: 0, Avg:  0.0, Max: 0, Diff: 0, Sum: 0, Workers: 4
[1628.898s][debug][gc,phases      ] GC(91)     Total                          Min: 0, Avg:  8.8, Max: 35, Diff: 35, Sum: 35, Workers: 4
[1628.898s][debug][gc,phases      ] GC(91)   JVMTI Tag Weak OopStorage      Min:  0.0, Avg:  0.0, Max:  0.0, Diff:  0.0, Sum:  0.0, Workers: 4
[1628.898s][debug][gc,phases      ] GC(91)     Dead                           Min: 0, Avg:  0.0, Max: 0, Diff: 0, Sum: 0, Workers: 4
[1628.898s][debug][gc,phases      ] GC(91)     Total                          Min: 0, Avg:  0.0, Max: 0, Diff: 0, Sum: 0, Workers: 4
[1628.898s][debug][gc,phases      ] GC(91)   StringTable Weak               Min:  0.0, Avg:  0.1, Max:  0.1, Diff:  0.1, Sum:  0.4, Workers: 4
[1628.898s][debug][gc,phases      ] GC(91)     Dead                           Min: 0, Avg:  0.0, Max: 0, Diff: 0, Sum: 0, Workers: 4
[1628.898s][debug][gc,phases      ] GC(91)     Total                          Min: 0, Avg: 10919.8, Max: 17567, Diff: 17567, Sum: 43679, Workers: 4
[1628.898s][debug][gc,phases      ] GC(91)   ResolvedMethodTable Weak       Min:  0.0, Avg:  0.0, Max:  0.0, Diff:  0.0, Sum:  0.1, Workers: 4
[1628.898s][debug][gc,phases      ] GC(91)     Dead                           Min: 0, Avg:  0.0, Max: 0, Diff: 0, Sum: 0, Workers: 4
[1628.898s][debug][gc,phases      ] GC(91)     Total                          Min: 0, Avg: 2344.5, Max: 3904, Diff: 3904, Sum: 9378, Workers: 4
[1628.898s][debug][gc,phases      ] GC(91)   JNI Weak                       Min:  0.0, Avg:  0.0, Max:  0.0, Diff:  0.0, Sum:  0.0, Workers: 4
[1628.898s][debug][gc,phases      ] GC(91)     Dead                           Min: 0, Avg:  0.0, Max: 0, Diff: 0, Sum: 0, Workers: 4
[1628.898s][debug][gc,phases      ] GC(91)     Total                          Min: 0, Avg: 11.2, Max: 45, Diff: 45, Sum: 45, Workers: 4
[1628.898s][debug][gc,phases      ] GC(91)   StringDedup Table Weak         Min:  0.0, Avg:  0.0, Max:  0.0, Diff:  0.0, Sum:  0.0, Workers: 4
[1628.898s][debug][gc,phases      ] GC(91)     Dead                           Min: 0, Avg:  0.0, Max: 0, Diff: 0, Sum: 0, Workers: 4
[1628.898s][debug][gc,phases      ] GC(91)     Total                          Min: 0, Avg:  0.0, Max: 0, Diff: 0, Sum: 0, Workers: 4
[1628.898s][debug][gc,phases      ] GC(91)   StringDedup Requests0 Weak     Min:  0.0, Avg:  0.0, Max:  0.0, Diff:  0.0, Sum:  0.0, Workers: 4
[1628.898s][debug][gc,phases      ] GC(91)     Dead                           Min: 0, Avg:  0.0, Max: 0, Diff: 0, Sum: 0, Workers: 4
[1628.898s][debug][gc,phases      ] GC(91)     Total                          Min: 0, Avg:  0.0, Max: 0, Diff: 0, Sum: 0, Workers: 4
[1628.898s][debug][gc,phases      ] GC(91)   StringDedup Requests1 Weak     Min:  0.0, Avg:  0.0, Max:  0.0, Diff:  0.0, Sum:  0.0, Workers: 4
[1628.898s][debug][gc,phases      ] GC(91)     Dead                           Min: 0, Avg:  0.0, Max: 0, Diff: 0, Sum: 0, Workers: 4
[1628.898s][debug][gc,phases      ] GC(91)     Total                          Min: 0, Avg:  0.0, Max: 0, Diff: 0, Sum: 0, Workers: 4
[1628.898s][debug][gc,phases      ] GC(91)   Weak JFR Old Object Samples    Min:  0.0, Avg:  0.0, Max:  0.0, Diff:  0.0, Sum:  0.0, Workers: 4
[1628.898s][debug][gc,phases      ] GC(91)     Dead                           Min: 0, Avg:  0.0, Max: 0, Diff: 0, Sum: 0, Workers: 4
[1628.898s][debug][gc,phases      ] GC(91)     Total                          Min: 0, Avg:  0.0, Max: 0, Diff: 0, Sum: 0, Workers: 4
[1628.898s][debug][gc,phases      ] GC(91) Weak Processing 0.326ms
[1628.898s][debug][gc,age         ] GC(91) Desired survivor size 9961472 bytes, new threshold 15 (max threshold 15)
[1628.898s][info ][gc,heap        ] GC(91) PSYoungGen: 2075264K(2085376K)->1120K(2087424K) Eden: 2074112K(2074112K)->0K(2077184K) From: 1152K(11264K)->1120K(10240K)
[1628.898s][info ][gc,heap        ] GC(91) ParOldGen: 342220K(386560K)->342228K(386560K)
[1628.898s][info ][gc,metaspace   ] GC(91) Metaspace: 81519K(82560K)->81519K(82560K) NonClass: 69824K(70400K)->69824K(70400K) Class: 11695K(12160K)->11695K(12160K)
[1628.898s][info ][gc             ] GC(91) Pause Young (Allocation Failure) 2360M->335M(2416M) 4.866ms
[1628.898s][info ][gc,cpu         ] GC(91) User=0.01s Sys=0.00s Real=0.00s
[1628.898s][info ][safepoint      ] Safepoint "ParallelGCFailedAllocation", Time since last: 20678483787 ns, Reaching safepoint: 53601 ns, At safepoint: 4972237 ns, Total: 5025838 ns
[1654.614s][info ][gc,start       ] GC(92) Pause Young (Allocation Failure)
[1654.617s][debug][gc,phases      ] GC(92) Scavenge 2.807ms
[1654.617s][debug][gc,ref         ] GC(92) Skipped phase 1 of Reference Processing: no references
[1654.617s][debug][gc,ref         ] GC(92) Skipped phase 2 of Reference Processing: no references
[1654.617s][debug][gc,ref         ] GC(92) Skipped phase 3 of Reference Processing: no references
[1654.617s][debug][gc,ref         ] GC(92) Skipped phase 4 of Reference Processing: no references
[1654.617s][debug][gc,phases      ] GC(92) Reference Processing 0.021ms
[1654.617s][debug][gc,phases      ] GC(92)   VM Weak                        Min:  0.0, Avg:  0.0, Max:  0.0, Diff:  0.0, Sum:  0.0, Workers: 4
[1654.617s][debug][gc,phases      ] GC(92)     Dead                           Min: 0, Avg:  0.0, Max: 0, Diff: 0, Sum: 0, Workers: 4
[1654.617s][debug][gc,phases      ] GC(92)     Total                          Min: 0, Avg: 205.2, Max: 565, Diff: 565, Sum: 821, Workers: 4
[1654.617s][debug][gc,phases      ] GC(92)   ObjectSynchronizer Weak        Min:  0.0, Avg:  0.0, Max:  0.0, Diff:  0.0, Sum:  0.0, Workers: 4
[1654.617s][debug][gc,phases      ] GC(92)     Dead                           Min: 0, Avg:  0.0, Max: 0, Diff: 0, Sum: 0, Workers: 4
[1654.617s][debug][gc,phases      ] GC(92)     Total                          Min: 0, Avg:  8.8, Max: 35, Diff: 35, Sum: 35, Workers: 4
[1654.617s][debug][gc,phases      ] GC(92)   JVMTI Tag Weak OopStorage      Min:  0.0, Avg:  0.0, Max:  0.0, Diff:  0.0, Sum:  0.0, Workers: 4
[1654.617s][debug][gc,phases      ] GC(92)     Dead                           Min: 0, Avg:  0.0, Max: 0, Diff: 0, Sum: 0, Workers: 4
[1654.617s][debug][gc,phases      ] GC(92)     Total                          Min: 0, Avg:  0.0, Max: 0, Diff: 0, Sum: 0, Workers: 4
[1654.617s][debug][gc,phases      ] GC(92)   StringTable Weak               Min:  0.1, Avg:  0.1, Max:  0.1, Diff:  0.0, Sum:  0.4, Workers: 4
[1654.617s][debug][gc,phases      ] GC(92)     Dead                           Min: 0, Avg:  0.0, Max: 0, Diff: 0, Sum: 0, Workers: 4
[1654.617s][debug][gc,phases      ] GC(92)     Total                          Min: 10560, Avg: 10919.8, Max: 11648, Diff: 1088, Sum: 43679, Workers: 4
[1654.617s][debug][gc,phases      ] GC(92)   ResolvedMethodTable Weak       Min:  0.0, Avg:  0.0, Max:  0.0, Diff:  0.0, Sum:  0.1, Workers: 4
[1654.617s][debug][gc,phases      ] GC(92)     Dead                           Min: 0, Avg:  0.0, Max: 0, Diff: 0, Sum: 0, Workers: 4
[1654.617s][debug][gc,phases      ] GC(92)     Total                          Min: 2176, Avg: 2344.5, Max: 2547, Diff: 371, Sum: 9378, Workers: 4
[1654.617s][debug][gc,phases      ] GC(92)   JNI Weak                       Min:  0.0, Avg:  0.0, Max:  0.0, Diff:  0.0, Sum:  0.0, Workers: 4
[1654.617s][debug][gc,phases      ] GC(92)     Dead                           Min: 0, Avg:  0.0, Max: 0, Diff: 0, Sum: 0, Workers: 4
[1654.617s][debug][gc,phases      ] GC(92)     Total                          Min: 0, Avg: 11.2, Max: 45, Diff: 45, Sum: 45, Workers: 4
[1654.617s][debug][gc,phases      ] GC(92)   StringDedup Table Weak         Min:  0.0, Avg:  0.0, Max:  0.0, Diff:  0.0, Sum:  0.0, Workers: 4
[1654.617s][debug][gc,phases      ] GC(92)     Dead                           Min: 0, Avg:  0.0, Max: 0, Diff: 0, Sum: 0, Workers: 4
[1654.617s][debug][gc,phases      ] GC(92)     Total                          Min: 0, Avg:  0.0, Max: 0, Diff: 0, Sum: 0, Workers: 4
[1654.617s][debug][gc,phases      ] GC(92)   StringDedup Requests0 Weak     Min:  0.0, Avg:  0.0, Max:  0.0, Diff:  0.0, Sum:  0.0, Workers: 4
[1654.617s][debug][gc,phases      ] GC(92)     Dead                           Min: 0, Avg:  0.0, Max: 0, Diff: 0, Sum: 0, Workers: 4
[1654.617s][debug][gc,phases      ] GC(92)     Total                          Min: 0, Avg:  0.0, Max: 0, Diff: 0, Sum: 0, Workers: 4
[1654.617s][debug][gc,phases      ] GC(92)   StringDedup Requests1 Weak     Min:  0.0, Avg:  0.0, Max:  0.0, Diff:  0.0, Sum:  0.0, Workers: 4
[1654.617s][debug][gc,phases      ] GC(92)     Dead                           Min: 0, Avg:  0.0, Max: 0, Diff: 0, Sum: 0, Workers: 4
[1654.617s][debug][gc,phases      ] GC(92)     Total                          Min: 0, Avg:  0.0, Max: 0, Diff: 0, Sum: 0, Workers: 4
[1654.617s][debug][gc,phases      ] GC(92)   Weak JFR Old Object Samples    Min:  0.0, Avg:  0.0, Max:  0.0, Diff:  0.0, Sum:  0.0, Workers: 4
[1654.617s][debug][gc,phases      ] GC(92)     Dead                           Min: 0, Avg:  0.0, Max: 0, Diff: 0, Sum: 0, Workers: 4
[1654.617s][debug][gc,phases      ] GC(92)     Total                          Min: 0, Avg:  0.0, Max: 0, Diff: 0, Sum: 0, Workers: 4
[1654.617s][debug][gc,phases      ] GC(92) Weak Processing 0.294ms
[1654.617s][debug][gc,age         ] GC(92) Desired survivor size 8912896 bytes, new threshold 15 (max threshold 15)
[1654.617s][info ][gc,heap        ] GC(92) PSYoungGen: 2078304K(2087424K)->1136K(2086912K) Eden: 2077184K(2077184K)->0K(2077184K) From: 1120K(10240K)->1136K(9728K)
[1654.617s][info ][gc,heap        ] GC(92) ParOldGen: 342228K(386560K)->342236K(386560K)
[1654.617s][info ][gc,metaspace   ] GC(92) Metaspace: 81519K(82560K)->81519K(82560K) NonClass: 69824K(70400K)->69824K(70400K) Class: 11695K(12160K)->11695K(12160K)
[1654.617s][info ][gc             ] GC(92) Pause Young (Allocation Failure) 2363M->335M(2415M) 3.215ms
[1654.617s][info ][gc,cpu         ] GC(92) User=0.01s Sys=0.00s Real=0.00s
[1654.617s][info ][safepoint      ] Safepoint "ParallelGCFailedAllocation", Time since last: 25715683409 ns, Reaching safepoint: 37101 ns, At safepoint: 3303424 ns, Total: 3340525 ns
[1680.363s][info ][gc,start       ] GC(93) Pause Young (Allocation Failure)
[1680.365s][debug][gc,phases      ] GC(93) Scavenge 2.006ms
[1680.365s][debug][gc,ref         ] GC(93) Skipped phase 1 of Reference Processing: no references
[1680.365s][debug][gc,ref         ] GC(93) Skipped phase 2 of Reference Processing: no references
[1680.365s][debug][gc,ref         ] GC(93) Skipped phase 3 of Reference Processing: no references
[1680.365s][debug][gc,ref         ] GC(93) Skipped phase 4 of Reference Processing: no references
[1680.365s][debug][gc,phases      ] GC(93) Reference Processing 0.031ms
[1680.366s][debug][gc,phases      ] GC(93)   VM Weak                        Min:  0.0, Avg:  0.0, Max:  0.0, Diff:  0.0, Sum:  0.0, Workers: 4
[1680.366s][debug][gc,phases      ] GC(93)     Dead                           Min: 0, Avg:  0.0, Max: 0, Diff: 0, Sum: 0, Workers: 4
[1680.366s][debug][gc,phases      ] GC(93)     Total                          Min: 0, Avg: 205.2, Max: 640, Diff: 640, Sum: 821, Workers: 4
[1680.366s][debug][gc,phases      ] GC(93)   ObjectSynchronizer Weak        Min:  0.0, Avg:  0.0, Max:  0.0, Diff:  0.0, Sum:  0.0, Workers: 4
[1680.366s][debug][gc,phases      ] GC(93)     Dead                           Min: 0, Avg:  0.0, Max: 0, Diff: 0, Sum: 0, Workers: 4
[1680.366s][debug][gc,phases      ] GC(93)     Total                          Min: 0, Avg:  8.8, Max: 35, Diff: 35, Sum: 35, Workers: 4
[1680.366s][debug][gc,phases      ] GC(93)   JVMTI Tag Weak OopStorage      Min:  0.0, Avg:  0.0, Max:  0.0, Diff:  0.0, Sum:  0.0, Workers: 4
[1680.366s][debug][gc,phases      ] GC(93)     Dead                           Min: 0, Avg:  0.0, Max: 0, Diff: 0, Sum: 0, Workers: 4
[1680.366s][debug][gc,phases      ] GC(93)     Total                          Min: 0, Avg:  0.0, Max: 0, Diff: 0, Sum: 0, Workers: 4
[1680.366s][debug][gc,phases      ] GC(93)   StringTable Weak               Min:  0.1, Avg:  0.1, Max:  0.1, Diff:  0.0, Sum:  0.4, Workers: 4
[1680.366s][debug][gc,phases      ] GC(93)     Dead                           Min: 0, Avg:  0.0, Max: 0, Diff: 0, Sum: 0, Workers: 4
[1680.366s][debug][gc,phases      ] GC(93)     Total                          Min: 9216, Avg: 10919.8, Max: 12288, Diff: 3072, Sum: 43679, Workers: 4
[1680.366s][debug][gc,phases      ] GC(93)   ResolvedMethodTable Weak       Min:  0.0, Avg:  0.0, Max:  0.0, Diff:  0.0, Sum:  0.1, Workers: 4
[1680.366s][debug][gc,phases      ] GC(93)     Dead                           Min: 0, Avg:  0.0, Max: 0, Diff: 0, Sum: 0, Workers: 4
[1680.366s][debug][gc,phases      ] GC(93)     Total                          Min: 2163, Avg: 2344.5, Max: 2688, Diff: 525, Sum: 9378, Workers: 4
[1680.366s][debug][gc,phases      ] GC(93)   JNI Weak                       Min:  0.0, Avg:  0.0, Max:  0.0, Diff:  0.0, Sum:  0.0, Workers: 4
[1680.366s][debug][gc,phases      ] GC(93)     Dead                           Min: 0, Avg:  0.0, Max: 0, Diff: 0, Sum: 0, Workers: 4
[1680.366s][debug][gc,phases      ] GC(93)     Total                          Min: 0, Avg: 11.2, Max: 45, Diff: 45, Sum: 45, Workers: 4
[1680.366s][debug][gc,phases      ] GC(93)   StringDedup Table Weak         Min:  0.0, Avg:  0.0, Max:  0.0, Diff:  0.0, Sum:  0.0, Workers: 4
[1680.366s][debug][gc,phases      ] GC(93)     Dead                           Min: 0, Avg:  0.0, Max: 0, Diff: 0, Sum: 0, Workers: 4
[1680.366s][debug][gc,phases      ] GC(93)     Total                          Min: 0, Avg:  0.0, Max: 0, Diff: 0, Sum: 0, Workers: 4
[1680.366s][debug][gc,phases      ] GC(93)   StringDedup Requests0 Weak     Min:  0.0, Avg:  0.0, Max:  0.0, Diff:  0.0, Sum:  0.0, Workers: 4
[1680.366s][debug][gc,phases      ] GC(93)     Dead                           Min: 0, Avg:  0.0, Max: 0, Diff: 0, Sum: 0, Workers: 4
[1680.366s][debug][gc,phases      ] GC(93)     Total                          Min: 0, Avg:  0.0, Max: 0, Diff: 0, Sum: 0, Workers: 4
[1680.366s][debug][gc,phases      ] GC(93)   StringDedup Requests1 Weak     Min:  0.0, Avg:  0.0, Max:  0.0, Diff:  0.0, Sum:  0.0, Workers: 4
[1680.366s][debug][gc,phases      ] GC(93)     Dead                           Min: 0, Avg:  0.0, Max: 0, Diff: 0, Sum: 0, Workers: 4
[1680.366s][debug][gc,phases      ] GC(93)     Total                          Min: 0, Avg:  0.0, Max: 0, Diff: 0, Sum: 0, Workers: 4
[1680.366s][debug][gc,phases      ] GC(93)   Weak JFR Old Object Samples    Min:  0.0, Avg:  0.0, Max:  0.0, Diff:  0.0, Sum:  0.0, Workers: 4
[1680.366s][debug][gc,phases      ] GC(93)     Dead                           Min: 0, Avg:  0.0, Max: 0, Diff: 0, Sum: 0, Workers: 4
[1680.366s][debug][gc,phases      ] GC(93)     Total                          Min: 0, Avg:  0.0, Max: 0, Diff: 0, Sum: 0, Workers: 4
[1680.366s][debug][gc,phases      ] GC(93) Weak Processing 0.278ms
[1680.366s][debug][gc,age         ] GC(93) Desired survivor size 8388608 bytes, new threshold 15 (max threshold 15)
[1680.366s][info ][gc,heap        ] GC(93) PSYoungGen: 2078320K(2086912K)->1136K(2088960K) Eden: 2077184K(2077184K)->0K(2080256K) From: 1136K(9728K)->1136K(8704K)
[1680.366s][info ][gc,heap        ] GC(93) ParOldGen: 342236K(386560K)->342244K(386560K)
[1680.366s][info ][gc,metaspace   ] GC(93) Metaspace: 81519K(82560K)->81519K(82560K) NonClass: 69824K(70400K)->69824K(70400K) Class: 11695K(12160K)->11695K(12160K)
[1680.366s][info ][gc             ] GC(93) Pause Young (Allocation Failure) 2363M->335M(2417M) 2.412ms
[1680.366s][info ][gc,cpu         ] GC(93) User=0.01s Sys=0.00s Real=0.00s
[1680.366s][info ][safepoint      ] Safepoint "ParallelGCFailedAllocation", Time since last: 25745822886 ns, Reaching safepoint: 31800 ns, At safepoint: 2477418 ns, Total: 2509218 ns
[1706.115s][info ][gc,start       ] GC(94) Pause Young (Allocation Failure)
[1706.117s][debug][gc,phases      ] GC(94) Scavenge 1.965ms
[1706.117s][debug][gc,ref         ] GC(94) Skipped phase 1 of Reference Processing: no references
[1706.117s][debug][gc,ref         ] GC(94) Skipped phase 2 of Reference Processing: no references
[1706.117s][debug][gc,ref         ] GC(94) Skipped phase 3 of Reference Processing: no references
[1706.117s][debug][gc,ref         ] GC(94) Skipped phase 4 of Reference Processing: no references
[1706.117s][debug][gc,phases      ] GC(94) Reference Processing 0.020ms
[1706.117s][debug][gc,phases      ] GC(94)   VM Weak                        Min:  0.0, Avg:  0.0, Max:  0.0, Diff:  0.0, Sum:  0.0, Workers: 4
[1706.117s][debug][gc,phases      ] GC(94)     Dead                           Min: 0, Avg:  0.0, Max: 0, Diff: 0, Sum: 0, Workers: 4
[1706.117s][debug][gc,phases      ] GC(94)     Total                          Min: 0, Avg: 205.2, Max: 437, Diff: 437, Sum: 821, Workers: 4
[1706.117s][debug][gc,phases      ] GC(94)   ObjectSynchronizer Weak        Min:  0.0, Avg:  0.0, Max:  0.0, Diff:  0.0, Sum:  0.0, Workers: 4
[1706.117s][debug][gc,phases      ] GC(94)     Dead                           Min: 0, Avg:  0.0, Max: 0, Diff: 0, Sum: 0, Workers: 4
[1706.117s][debug][gc,phases      ] GC(94)     Total                          Min: 0, Avg:  8.8, Max: 35, Diff: 35, Sum: 35, Workers: 4
[1706.117s][debug][gc,phases      ] GC(94)   JVMTI Tag Weak OopStorage      Min:  0.0, Avg:  0.0, Max:  0.0, Diff:  0.0, Sum:  0.0, Workers: 4
[1706.117s][debug][gc,phases      ] GC(94)     Dead                           Min: 0, Avg:  0.0, Max: 0, Diff: 0, Sum: 0, Workers: 4
[1706.117s][debug][gc,phases      ] GC(94)     Total                          Min: 0, Avg:  0.0, Max: 0, Diff: 0, Sum: 0, Workers: 4
[1706.117s][debug][gc,phases      ] GC(94)   StringTable Weak               Min:  0.1, Avg:  0.1, Max:  0.1, Diff:  0.0, Sum:  0.4, Workers: 4
[1706.117s][debug][gc,phases      ] GC(94)     Dead                           Min: 0, Avg:  0.0, Max: 0, Diff: 0, Sum: 0, Workers: 4
[1706.117s][debug][gc,phases      ] GC(94)     Total                          Min: 10240, Avg: 10919.8, Max: 11392, Diff: 1152, Sum: 43679, Workers: 4
[1706.117s][debug][gc,phases      ] GC(94)   ResolvedMethodTable Weak       Min:  0.0, Avg:  0.0, Max:  0.0, Diff:  0.0, Sum:  0.1, Workers: 4
[1706.117s][debug][gc,phases      ] GC(94)     Dead                           Min: 0, Avg:  0.0, Max: 0, Diff: 0, Sum: 0, Workers: 4
[1706.117s][debug][gc,phases      ] GC(94)     Total                          Min: 2227, Avg: 2344.5, Max: 2560, Diff: 333, Sum: 9378, Workers: 4
[1706.117s][debug][gc,phases      ] GC(94)   JNI Weak                       Min:  0.0, Avg:  0.0, Max:  0.0, Diff:  0.0, Sum:  0.0, Workers: 4
[1706.117s][debug][gc,phases      ] GC(94)     Dead                           Min: 0, Avg:  0.0, Max: 0, Diff: 0, Sum: 0, Workers: 4
[1706.117s][debug][gc,phases      ] GC(94)     Total                          Min: 0, Avg: 11.2, Max: 45, Diff: 45, Sum: 45, Workers: 4
[1706.117s][debug][gc,phases      ] GC(94)   StringDedup Table Weak         Min:  0.0, Avg:  0.0, Max:  0.0, Diff:  0.0, Sum:  0.0, Workers: 4
[1706.117s][debug][gc,phases      ] GC(94)     Dead                           Min: 0, Avg:  0.0, Max: 0, Diff: 0, Sum: 0, Workers: 4
[1706.117s][debug][gc,phases      ] GC(94)     Total                          Min: 0, Avg:  0.0, Max: 0, Diff: 0, Sum: 0, Workers: 4
[1706.117s][debug][gc,phases      ] GC(94)   StringDedup Requests0 Weak     Min:  0.0, Avg:  0.0, Max:  0.0, Diff:  0.0, Sum:  0.0, Workers: 4
[1706.117s][debug][gc,phases      ] GC(94)     Dead                           Min: 0, Avg:  0.0, Max: 0, Diff: 0, Sum: 0, Workers: 4
[1706.117s][debug][gc,phases      ] GC(94)     Total                          Min: 0, Avg:  0.0, Max: 0, Diff: 0, Sum: 0, Workers: 4
[1706.117s][debug][gc,phases      ] GC(94)   StringDedup Requests1 Weak     Min:  0.0, Avg:  0.0, Max:  0.0, Diff:  0.0, Sum:  0.0, Workers: 4
[1706.117s][debug][gc,phases      ] GC(94)     Dead                           Min: 0, Avg:  0.0, Max: 0, Diff: 0, Sum: 0, Workers: 4
[1706.117s][debug][gc,phases      ] GC(94)     Total                          Min: 0, Avg:  0.0, Max: 0, Diff: 0, Sum: 0, Workers: 4
[1706.117s][debug][gc,phases      ] GC(94)   Weak JFR Old Object Samples    Min:  0.0, Avg:  0.0, Max:  0.0, Diff:  0.0, Sum:  0.0, Workers: 4
[1706.117s][debug][gc,phases      ] GC(94)     Dead                           Min: 0, Avg:  0.0, Max: 0, Diff: 0, Sum: 0, Workers: 4
[1706.117s][debug][gc,phases      ] GC(94)     Total                          Min: 0, Avg:  0.0, Max: 0, Diff: 0, Sum: 0, Workers: 4
[1706.117s][debug][gc,phases      ] GC(94) Weak Processing 0.298ms
[1706.117s][debug][gc,age         ] GC(94) Desired survivor size 7864320 bytes, new threshold 15 (max threshold 15)
[1706.117s][info ][gc,heap        ] GC(94) PSYoungGen: 2081392K(2088960K)->1136K(2088448K) Eden: 2080256K(2080256K)->0K(2080256K) From: 1136K(8704K)->1136K(8192K)
[1706.117s][info ][gc,heap        ] GC(94) ParOldGen: 342244K(386560K)->342252K(386560K)
[1706.117s][info ][gc,metaspace   ] GC(94) Metaspace: 81520K(82560K)->81520K(82560K) NonClass: 69825K(70400K)->69825K(70400K) Class: 11695K(12160K)->11695K(12160K)
[1706.117s][info ][gc             ] GC(94) Pause Young (Allocation Failure) 2366M->335M(2417M) 2.383ms
[1706.117s][info ][gc,cpu         ] GC(94) User=0.01s Sys=0.00s Real=0.00s
[1706.117s][info ][safepoint      ] Safepoint "ParallelGCFailedAllocation", Time since last: 25749130217 ns, Reaching safepoint: 39701 ns, At safepoint: 2456717 ns, Total: 2496418 ns
[1731.913s][info ][gc,start       ] GC(95) Pause Young (Allocation Failure)
[1731.917s][debug][gc,phases      ] GC(95) Scavenge 3.204ms
[1731.917s][debug][gc,ref         ] GC(95) Skipped phase 1 of Reference Processing: no references
[1731.917s][debug][gc,ref         ] GC(95) Skipped phase 2 of Reference Processing: no references
[1731.917s][debug][gc,ref         ] GC(95) Skipped phase 3 of Reference Processing: no references
[1731.917s][debug][gc,ref         ] GC(95) Skipped phase 4 of Reference Processing: no references
[1731.917s][debug][gc,phases      ] GC(95) Reference Processing 0.020ms
[1731.917s][debug][gc,phases      ] GC(95)   VM Weak                        Min:  0.0, Avg:  0.0, Max:  0.0, Diff:  0.0, Sum:  0.0, Workers: 4
[1731.917s][debug][gc,phases      ] GC(95)     Dead                           Min: 0, Avg:  0.0, Max: 0, Diff: 0, Sum: 0, Workers: 4
[1731.917s][debug][gc,phases      ] GC(95)     Total                          Min: 0, Avg: 205.2, Max: 768, Diff: 768, Sum: 821, Workers: 4
[1731.917s][debug][gc,phases      ] GC(95)   ObjectSynchronizer Weak        Min:  0.0, Avg:  0.0, Max:  0.0, Diff:  0.0, Sum:  0.0, Workers: 4
[1731.917s][debug][gc,phases      ] GC(95)     Dead                           Min: 0, Avg:  0.0, Max: 0, Diff: 0, Sum: 0, Workers: 4
[1731.917s][debug][gc,phases      ] GC(95)     Total                          Min: 0, Avg:  8.8, Max: 35, Diff: 35, Sum: 35, Workers: 4
[1731.917s][debug][gc,phases      ] GC(95)   JVMTI Tag Weak OopStorage      Min:  0.0, Avg:  0.0, Max:  0.0, Diff:  0.0, Sum:  0.0, Workers: 4
[1731.917s][debug][gc,phases      ] GC(95)     Dead                           Min: 0, Avg:  0.0, Max: 0, Diff: 0, Sum: 0, Workers: 4
[1731.917s][debug][gc,phases      ] GC(95)     Total                          Min: 0, Avg:  0.0, Max: 0, Diff: 0, Sum: 0, Workers: 4
[1731.917s][debug][gc,phases      ] GC(95)   StringTable Weak               Min:  0.0, Avg:  0.1, Max:  0.1, Diff:  0.1, Sum:  0.4, Workers: 4
[1731.917s][debug][gc,phases      ] GC(95)     Dead                           Min: 0, Avg:  0.0, Max: 0, Diff: 0, Sum: 0, Workers: 4
[1731.917s][debug][gc,phases      ] GC(95)     Total                          Min: 0, Avg: 10919.8, Max: 19039, Diff: 19039, Sum: 43679, Workers: 4
[1731.917s][debug][gc,phases      ] GC(95)   ResolvedMethodTable Weak       Min:  0.0, Avg:  0.0, Max:  0.0, Diff:  0.0, Sum:  0.1, Workers: 4
[1731.917s][debug][gc,phases      ] GC(95)     Dead                           Min: 0, Avg:  0.0, Max: 0, Diff: 0, Sum: 0, Workers: 4
[1731.917s][debug][gc,phases      ] GC(95)     Total                          Min: 0, Avg: 2344.5, Max: 3891, Diff: 3891, Sum: 9378, Workers: 4
[1731.917s][debug][gc,phases      ] GC(95)   JNI Weak                       Min:  0.0, Avg:  0.0, Max:  0.0, Diff:  0.0, Sum:  0.0, Workers: 4
[1731.917s][debug][gc,phases      ] GC(95)     Dead                           Min: 0, Avg:  0.0, Max: 0, Diff: 0, Sum: 0, Workers: 4
[1731.917s][debug][gc,phases      ] GC(95)     Total                          Min: 0, Avg: 11.2, Max: 45, Diff: 45, Sum: 45, Workers: 4
[1731.917s][debug][gc,phases      ] GC(95)   StringDedup Table Weak         Min:  0.0, Avg:  0.0, Max:  0.0, Diff:  0.0, Sum:  0.0, Workers: 4
[1731.917s][debug][gc,phases      ] GC(95)     Dead                           Min: 0, Avg:  0.0, Max: 0, Diff: 0, Sum: 0, Workers: 4
[1731.917s][debug][gc,phases      ] GC(95)     Total                          Min: 0, Avg:  0.0, Max: 0, Diff: 0, Sum: 0, Workers: 4
[1731.917s][debug][gc,phases      ] GC(95)   StringDedup Requests0 Weak     Min:  0.0, Avg:  0.0, Max:  0.0, Diff:  0.0, Sum:  0.0, Workers: 4
[1731.917s][debug][gc,phases      ] GC(95)     Dead                           Min: 0, Avg:  0.0, Max: 0, Diff: 0, Sum: 0, Workers: 4
[1731.917s][debug][gc,phases      ] GC(95)     Total                          Min: 0, Avg:  0.0, Max: 0, Diff: 0, Sum: 0, Workers: 4
[1731.917s][debug][gc,phases      ] GC(95)   StringDedup Requests1 Weak     Min:  0.0, Avg:  0.0, Max:  0.0, Diff:  0.0, Sum:  0.0, Workers: 4
[1731.917s][debug][gc,phases      ] GC(95)     Dead                           Min: 0, Avg:  0.0, Max: 0, Diff: 0, Sum: 0, Workers: 4
[1731.917s][debug][gc,phases      ] GC(95)     Total                          Min: 0, Avg:  0.0, Max: 0, Diff: 0, Sum: 0, Workers: 4
[1731.917s][debug][gc,phases      ] GC(95)   Weak JFR Old Object Samples    Min:  0.0, Avg:  0.0, Max:  0.0, Diff:  0.0, Sum:  0.0, Workers: 4
[1731.917s][debug][gc,phases      ] GC(95)     Dead                           Min: 0, Avg:  0.0, Max: 0, Diff: 0, Sum: 0, Workers: 4
[1731.917s][debug][gc,phases      ] GC(95)     Total                          Min: 0, Avg:  0.0, Max: 0, Diff: 0, Sum: 0, Workers: 4
[1731.917s][debug][gc,phases      ] GC(95) Weak Processing 0.331ms
[1731.917s][debug][gc,age         ] GC(95) Desired survivor size 7340032 bytes, new threshold 15 (max threshold 15)
[1731.917s][info ][gc,heap        ] GC(95) PSYoungGen: 2081392K(2088448K)->1120K(2089984K) Eden: 2080256K(2080256K)->0K(2082304K) From: 1136K(8192K)->1120K(7680K)
[1731.917s][info ][gc,heap        ] GC(95) ParOldGen: 342252K(386560K)->342260K(386560K)
[1731.917s][info ][gc,metaspace   ] GC(95) Metaspace: 81520K(82560K)->81520K(82560K) NonClass: 69825K(70400K)->69825K(70400K) Class: 11695K(12160K)->11695K(12160K)
[1731.917s][info ][gc             ] GC(95) Pause Young (Allocation Failure) 2366M->335M(2418M) 3.659ms
[1731.917s][info ][gc,cpu         ] GC(95) User=0.01s Sys=0.00s Real=0.00s
[1731.917s][info ][safepoint      ] Safepoint "ParallelGCFailedAllocation", Time since last: 25795862164 ns, Reaching safepoint: 34700 ns, At safepoint: 3719825 ns, Total: 3754525 ns
[1757.716s][info ][gc,start       ] GC(96) Pause Young (Allocation Failure)
[1757.719s][debug][gc,phases      ] GC(96) Scavenge 3.490ms
[1757.719s][debug][gc,ref         ] GC(96) Skipped phase 1 of Reference Processing: no references
[1757.719s][debug][gc,ref         ] GC(96) Skipped phase 2 of Reference Processing: no references
[1757.719s][debug][gc,ref         ] GC(96) Skipped phase 3 of Reference Processing: no references
[1757.719s][debug][gc,ref         ] GC(96) Skipped phase 4 of Reference Processing: no references
[1757.719s][debug][gc,phases      ] GC(96) Reference Processing 0.021ms
[1757.720s][debug][gc,phases      ] GC(96)   VM Weak                        Min:  0.0, Avg:  0.0, Max:  0.0, Diff:  0.0, Sum:  0.0, Workers: 4
[1757.720s][debug][gc,phases      ] GC(96)     Dead                           Min: 0, Avg:  0.0, Max: 0, Diff: 0, Sum: 0, Workers: 4
[1757.720s][debug][gc,phases      ] GC(96)     Total                          Min: 0, Avg: 205.2, Max: 629, Diff: 629, Sum: 821, Workers: 4
[1757.720s][debug][gc,phases      ] GC(96)   ObjectSynchronizer Weak        Min:  0.0, Avg:  0.0, Max:  0.0, Diff:  0.0, Sum:  0.0, Workers: 4
[1757.720s][debug][gc,phases      ] GC(96)     Dead                           Min: 0, Avg:  0.0, Max: 0, Diff: 0, Sum: 0, Workers: 4
[1757.720s][debug][gc,phases      ] GC(96)     Total                          Min: 0, Avg:  8.8, Max: 35, Diff: 35, Sum: 35, Workers: 4
[1757.720s][debug][gc,phases      ] GC(96)   JVMTI Tag Weak OopStorage      Min:  0.0, Avg:  0.0, Max:  0.0, Diff:  0.0, Sum:  0.0, Workers: 4
[1757.720s][debug][gc,phases      ] GC(96)     Dead                           Min: 0, Avg:  0.0, Max: 0, Diff: 0, Sum: 0, Workers: 4
[1757.720s][debug][gc,phases      ] GC(96)     Total                          Min: 0, Avg:  0.0, Max: 0, Diff: 0, Sum: 0, Workers: 4
[1757.720s][debug][gc,phases      ] GC(96)   StringTable Weak               Min:  0.0, Avg:  0.1, Max:  0.2, Diff:  0.2, Sum:  0.4, Workers: 4
[1757.720s][debug][gc,phases      ] GC(96)     Dead                           Min: 0, Avg:  0.0, Max: 0, Diff: 0, Sum: 0, Workers: 4
[1757.720s][debug][gc,phases      ] GC(96)     Total                          Min: 0, Avg: 10919.8, Max: 25920, Diff: 25920, Sum: 43679, Workers: 4
[1757.720s][debug][gc,phases      ] GC(96)   ResolvedMethodTable Weak       Min:  0.0, Avg:  0.0, Max:  0.0, Diff:  0.0, Sum:  0.1, Workers: 4
[1757.720s][debug][gc,phases      ] GC(96)     Dead                           Min: 0, Avg:  0.0, Max: 0, Diff: 0, Sum: 0, Workers: 4
[1757.720s][debug][gc,phases      ] GC(96)     Total                          Min: 0, Avg: 2344.5, Max: 5807, Diff: 5807, Sum: 9378, Workers: 4
[1757.720s][debug][gc,phases      ] GC(96)   JNI Weak                       Min:  0.0, Avg:  0.0, Max:  0.0, Diff:  0.0, Sum:  0.0, Workers: 4
[1757.720s][debug][gc,phases      ] GC(96)     Dead                           Min: 0, Avg:  0.0, Max: 0, Diff: 0, Sum: 0, Workers: 4
[1757.720s][debug][gc,phases      ] GC(96)     Total                          Min: 0, Avg: 11.2, Max: 45, Diff: 45, Sum: 45, Workers: 4
[1757.720s][debug][gc,phases      ] GC(96)   StringDedup Table Weak         Min:  0.0, Avg:  0.0, Max:  0.0, Diff:  0.0, Sum:  0.0, Workers: 4
[1757.720s][debug][gc,phases      ] GC(96)     Dead                           Min: 0, Avg:  0.0, Max: 0, Diff: 0, Sum: 0, Workers: 4
[1757.720s][debug][gc,phases      ] GC(96)     Total                          Min: 0, Avg:  0.0, Max: 0, Diff: 0, Sum: 0, Workers: 4
[1757.720s][debug][gc,phases      ] GC(96)   StringDedup Requests0 Weak     Min:  0.0, Avg:  0.0, Max:  0.0, Diff:  0.0, Sum:  0.0, Workers: 4
[1757.720s][debug][gc,phases      ] GC(96)     Dead                           Min: 0, Avg:  0.0, Max: 0, Diff: 0, Sum: 0, Workers: 4
[1757.720s][debug][gc,phases      ] GC(96)     Total                          Min: 0, Avg:  0.0, Max: 0, Diff: 0, Sum: 0, Workers: 4
[1757.720s][debug][gc,phases      ] GC(96)   StringDedup Requests1 Weak     Min:  0.0, Avg:  0.0, Max:  0.0, Diff:  0.0, Sum:  0.0, Workers: 4
[1757.720s][debug][gc,phases      ] GC(96)     Dead                           Min: 0, Avg:  0.0, Max: 0, Diff: 0, Sum: 0, Workers: 4
[1757.720s][debug][gc,phases      ] GC(96)     Total                          Min: 0, Avg:  0.0, Max: 0, Diff: 0, Sum: 0, Workers: 4
[1757.720s][debug][gc,phases      ] GC(96)   Weak JFR Old Object Samples    Min:  0.0, Avg:  0.0, Max:  0.0, Diff:  0.0, Sum:  0.0, Workers: 4
[1757.720s][debug][gc,phases      ] GC(96)     Dead                           Min: 0, Avg:  0.0, Max: 0, Diff: 0, Sum: 0, Workers: 4
[1757.720s][debug][gc,phases      ] GC(96)     Total                          Min: 0, Avg:  0.0, Max: 0, Diff: 0, Sum: 0, Workers: 4
[1757.720s][debug][gc,phases      ] GC(96) Weak Processing 0.406ms
[1757.720s][debug][gc,age         ] GC(96) Desired survivor size 6815744 bytes, new threshold 15 (max threshold 15)
[1757.720s][info ][gc,heap        ] GC(96) PSYoungGen: 2083424K(2089984K)->1136K(2089472K) Eden: 2082304K(2082304K)->0K(2082304K) From: 1120K(7680K)->1136K(7168K)
[1757.720s][info ][gc,heap        ] GC(96) ParOldGen: 342260K(386560K)->342268K(386560K)
[1757.720s][info ][gc,metaspace   ] GC(96) Metaspace: 81520K(82560K)->81520K(82560K) NonClass: 69825K(70400K)->69825K(70400K) Class: 11695K(12160K)->11695K(12160K)
[1757.720s][info ][gc             ] GC(96) Pause Young (Allocation Failure) 2368M->335M(2418M) 4.025ms
[1757.720s][info ][gc,cpu         ] GC(96) User=0.00s Sys=0.00s Real=0.01s
[1757.720s][info ][safepoint      ] Safepoint "ParallelGCFailedAllocation", Time since last: 25798675546 ns, Reaching safepoint: 35501 ns, At safepoint: 4112830 ns, Total: 4148331 ns
[1767.721s][info ][safepoint      ] Safepoint "Cleanup", Time since last: 10000662873 ns, Reaching safepoint: 54601 ns, At safepoint: 2600 ns, Total: 57201 ns
[1773.721s][info ][safepoint      ] Safepoint "Cleanup", Time since last: 6000377681 ns, Reaching safepoint: 50300 ns, At safepoint: 5300 ns, Total: 55600 ns
[1774.721s][info ][safepoint      ] Safepoint "Cleanup", Time since last: 1000114948 ns, Reaching safepoint: 42100 ns, At safepoint: 2700 ns, Total: 44800 ns
[1787.017s][info ][gc,start       ] GC(97) Pause Young (Allocation Failure)
[1787.020s][debug][gc,phases      ] GC(97) Scavenge 3.375ms
[1787.020s][debug][gc,ref         ] GC(97) Skipped phase 1 of Reference Processing: no references
[1787.020s][debug][gc,ref         ] GC(97) ReferenceProcessor::execute queues: 1, RefProcThreadModel::Single, marks_oops_alive: false
[1787.020s][debug][gc,ref         ] GC(97) Skipped phase 3 of Reference Processing: no references
[1787.020s][debug][gc,ref         ] GC(97) ReferenceProcessor::execute queues: 1, RefProcThreadModel::Single, marks_oops_alive: false
[1787.020s][debug][gc,phases      ] GC(97) Reference Processing 0.109ms
[1787.020s][debug][gc,phases      ] GC(97)   VM Weak                        Min:  0.0, Avg:  0.0, Max:  0.0, Diff:  0.0, Sum:  0.0, Workers: 4
[1787.020s][debug][gc,phases      ] GC(97)     Dead                           Min: 0, Avg:  0.0, Max: 0, Diff: 0, Sum: 0, Workers: 4
[1787.020s][debug][gc,phases      ] GC(97)     Total                          Min: 0, Avg: 205.2, Max: 512, Diff: 512, Sum: 821, Workers: 4
[1787.020s][debug][gc,phases      ] GC(97)   ObjectSynchronizer Weak        Min:  0.0, Avg:  0.0, Max:  0.0, Diff:  0.0, Sum:  0.0, Workers: 4
[1787.020s][debug][gc,phases      ] GC(97)     Dead                           Min: 0, Avg:  0.0, Max: 0, Diff: 0, Sum: 0, Workers: 4
[1787.020s][debug][gc,phases      ] GC(97)     Total                          Min: 0, Avg:  8.8, Max: 35, Diff: 35, Sum: 35, Workers: 4
[1787.020s][debug][gc,phases      ] GC(97)   JVMTI Tag Weak OopStorage      Min:  0.0, Avg:  0.0, Max:  0.0, Diff:  0.0, Sum:  0.0, Workers: 4
[1787.020s][debug][gc,phases      ] GC(97)     Dead                           Min: 0, Avg:  0.0, Max: 0, Diff: 0, Sum: 0, Workers: 4
[1787.020s][debug][gc,phases      ] GC(97)     Total                          Min: 0, Avg:  0.0, Max: 0, Diff: 0, Sum: 0, Workers: 4
[1787.020s][debug][gc,phases      ] GC(97)   StringTable Weak               Min:  0.1, Avg:  0.1, Max:  0.1, Diff:  0.0, Sum:  0.4, Workers: 4
[1787.020s][debug][gc,phases      ] GC(97)     Dead                           Min: 0, Avg:  0.0, Max: 0, Diff: 0, Sum: 0, Workers: 4
[1787.020s][debug][gc,phases      ] GC(97)     Total                          Min: 9472, Avg: 10919.8, Max: 12224, Diff: 2752, Sum: 43679, Workers: 4
[1787.020s][debug][gc,phases      ] GC(97)   ResolvedMethodTable Weak       Min:  0.0, Avg:  0.0, Max:  0.0, Diff:  0.0, Sum:  0.1, Workers: 4
[1787.020s][debug][gc,phases      ] GC(97)     Dead                           Min: 0, Avg:  0.0, Max: 0, Diff: 0, Sum: 0, Workers: 4
[1787.020s][debug][gc,phases      ] GC(97)     Total                          Min: 687, Avg: 2344.5, Max: 3136, Diff: 2449, Sum: 9378, Workers: 4
[1787.020s][debug][gc,phases      ] GC(97)   JNI Weak                       Min:  0.0, Avg:  0.0, Max:  0.0, Diff:  0.0, Sum:  0.0, Workers: 4
[1787.020s][debug][gc,phases      ] GC(97)     Dead                           Min: 0, Avg:  0.0, Max: 0, Diff: 0, Sum: 0, Workers: 4
[1787.020s][debug][gc,phases      ] GC(97)     Total                          Min: 0, Avg: 11.2, Max: 45, Diff: 45, Sum: 45, Workers: 4
[1787.020s][debug][gc,phases      ] GC(97)   StringDedup Table Weak         Min:  0.0, Avg:  0.0, Max:  0.0, Diff:  0.0, Sum:  0.0, Workers: 4
[1787.020s][debug][gc,phases      ] GC(97)     Dead                           Min: 0, Avg:  0.0, Max: 0, Diff: 0, Sum: 0, Workers: 4
[1787.020s][debug][gc,phases      ] GC(97)     Total                          Min: 0, Avg:  0.0, Max: 0, Diff: 0, Sum: 0, Workers: 4
[1787.020s][debug][gc,phases      ] GC(97)   StringDedup Requests0 Weak     Min:  0.0, Avg:  0.0, Max:  0.0, Diff:  0.0, Sum:  0.0, Workers: 4
[1787.020s][debug][gc,phases      ] GC(97)     Dead                           Min: 0, Avg:  0.0, Max: 0, Diff: 0, Sum: 0, Workers: 4
[1787.020s][debug][gc,phases      ] GC(97)     Total                          Min: 0, Avg:  0.0, Max: 0, Diff: 0, Sum: 0, Workers: 4
[1787.020s][debug][gc,phases      ] GC(97)   StringDedup Requests1 Weak     Min:  0.0, Avg:  0.0, Max:  0.0, Diff:  0.0, Sum:  0.0, Workers: 4
[1787.020s][debug][gc,phases      ] GC(97)     Dead                           Min: 0, Avg:  0.0, Max: 0, Diff: 0, Sum: 0, Workers: 4
[1787.020s][debug][gc,phases      ] GC(97)     Total                          Min: 0, Avg:  0.0, Max: 0, Diff: 0, Sum: 0, Workers: 4
[1787.020s][debug][gc,phases      ] GC(97)   Weak JFR Old Object Samples    Min:  0.0, Avg:  0.0, Max:  0.0, Diff:  0.0, Sum:  0.0, Workers: 4
[1787.020s][debug][gc,phases      ] GC(97)     Dead                           Min: 0, Avg:  0.0, Max: 0, Diff: 0, Sum: 0, Workers: 4
[1787.020s][debug][gc,phases      ] GC(97)     Total                          Min: 0, Avg:  0.0, Max: 0, Diff: 0, Sum: 0, Workers: 4
[1787.020s][debug][gc,phases      ] GC(97) Weak Processing 0.280ms
[1787.020s][debug][gc,age         ] GC(97) Desired survivor size 6291456 bytes, new threshold 15 (max threshold 15)
[1787.020s][info ][gc,heap        ] GC(97) PSYoungGen: 2083440K(2089472K)->1376K(2091008K) Eden: 2082304K(2082304K)->0K(2084352K) From: 1136K(7168K)->1376K(6656K)
[1787.020s][info ][gc,heap        ] GC(97) ParOldGen: 342268K(386560K)->342276K(386560K)
[1787.020s][info ][gc,metaspace   ] GC(97) Metaspace: 81524K(82560K)->81524K(82560K) NonClass: 69829K(70400K)->69829K(70400K) Class: 11695K(12160K)->11695K(12160K)
[1787.020s][info ][gc             ] GC(97) Pause Young (Allocation Failure) 2368M->335M(2419M) 3.893ms
[1787.020s][info ][gc,cpu         ] GC(97) User=0.01s Sys=0.00s Real=0.01s
[1787.020s][info ][safepoint      ] Safepoint "ParallelGCFailedAllocation", Time since last: 12295259148 ns, Reaching safepoint: 40300 ns, At safepoint: 3966429 ns, Total: 4006729 ns
[1788.021s][info ][safepoint      ] Safepoint "Cleanup", Time since last: 1000083618 ns, Reaching safepoint: 41200 ns, At safepoint: 6400 ns, Total: 47600 ns
[1792.021s][info ][safepoint      ] Safepoint "Cleanup", Time since last: 4000318761 ns, Reaching safepoint: 54301 ns, At safepoint: 6000 ns, Total: 60301 ns
[1793.021s][info ][safepoint      ] Safepoint "Cleanup", Time since last: 1000113197 ns, Reaching safepoint: 49600 ns, At safepoint: 3200 ns, Total: 52800 ns
[1794.021s][info ][safepoint      ] Safepoint "Cleanup", Time since last: 1000112997 ns, Reaching safepoint: 42000 ns, At safepoint: 2700 ns, Total: 44700 ns
[1797.022s][info ][safepoint      ] Safepoint "Cleanup", Time since last: 3000254189 ns, Reaching safepoint: 41501 ns, At safepoint: 3700 ns, Total: 45201 ns
[1800.196s][info ][safepoint      ] Safepoint "Cleanup", Time since last: 3174463246 ns, Reaching safepoint: 38000 ns, At safepoint: 5000 ns, Total: 43000 ns
[1801.196s][info ][safepoint      ] Safepoint "Cleanup", Time since last: 1000110169 ns, Reaching safepoint: 44800 ns, At safepoint: 2700 ns, Total: 47500 ns
[1806.197s][info ][safepoint      ] Safepoint "Cleanup", Time since last: 5000362941 ns, Reaching safepoint: 43601 ns, At safepoint: 3400 ns, Total: 47001 ns
[1812.197s][info ][safepoint      ] Safepoint "Cleanup", Time since last: 6000450922 ns, Reaching safepoint: 58600 ns, At safepoint: 3800 ns, Total: 62400 ns
[1816.198s][info ][safepoint      ] Safepoint "Cleanup", Time since last: 4000307598 ns, Reaching safepoint: 54800 ns, At safepoint: 3000 ns, Total: 57800 ns
[1818.198s][info ][safepoint      ] Safepoint "Cleanup", Time since last: 2000139062 ns, Reaching safepoint: 49400 ns, At safepoint: 4200 ns, Total: 53600 ns
[1819.813s][info ][gc,start       ] GC(98) Pause Young (Allocation Failure)
[1819.816s][debug][gc,phases      ] GC(98) Scavenge 2.479ms
[1819.816s][debug][gc,ref         ] GC(98) Skipped phase 1 of Reference Processing: no references
[1819.816s][debug][gc,ref         ] GC(98) ReferenceProcessor::execute queues: 1, RefProcThreadModel::Single, marks_oops_alive: false
[1819.816s][debug][gc,ref         ] GC(98) Skipped phase 3 of Reference Processing: no references
[1819.816s][debug][gc,ref         ] GC(98) ReferenceProcessor::execute queues: 1, RefProcThreadModel::Single, marks_oops_alive: false
[1819.816s][debug][gc,phases      ] GC(98) Reference Processing 0.103ms
[1819.816s][debug][gc,phases      ] GC(98)   VM Weak                        Min:  0.0, Avg:  0.0, Max:  0.0, Diff:  0.0, Sum:  0.0, Workers: 4
[1819.816s][debug][gc,phases      ] GC(98)     Dead                           Min: 0, Avg:  0.0, Max: 0, Diff: 0, Sum: 0, Workers: 4
[1819.816s][debug][gc,phases      ] GC(98)     Total                          Min: 0, Avg: 205.2, Max: 640, Diff: 640, Sum: 821, Workers: 4
[1819.816s][debug][gc,phases      ] GC(98)   ObjectSynchronizer Weak        Min:  0.0, Avg:  0.0, Max:  0.0, Diff:  0.0, Sum:  0.0, Workers: 4
[1819.816s][debug][gc,phases      ] GC(98)     Dead                           Min: 0, Avg:  0.0, Max: 0, Diff: 0, Sum: 0, Workers: 4
[1819.816s][debug][gc,phases      ] GC(98)     Total                          Min: 0, Avg:  8.8, Max: 35, Diff: 35, Sum: 35, Workers: 4
[1819.816s][debug][gc,phases      ] GC(98)   JVMTI Tag Weak OopStorage      Min:  0.0, Avg:  0.0, Max:  0.0, Diff:  0.0, Sum:  0.0, Workers: 4
[1819.816s][debug][gc,phases      ] GC(98)     Dead                           Min: 0, Avg:  0.0, Max: 0, Diff: 0, Sum: 0, Workers: 4
[1819.816s][debug][gc,phases      ] GC(98)     Total                          Min: 0, Avg:  0.0, Max: 0, Diff: 0, Sum: 0, Workers: 4
[1819.816s][debug][gc,phases      ] GC(98)   StringTable Weak               Min:  0.0, Avg:  0.1, Max:  0.1, Diff:  0.1, Sum:  0.3, Workers: 4
[1819.816s][debug][gc,phases      ] GC(98)     Dead                           Min: 0, Avg:  0.5, Max: 2, Diff: 2, Sum: 2, Workers: 4
[1819.816s][debug][gc,phases      ] GC(98)     Total                          Min: 0, Avg: 10925.5, Max: 18944, Diff: 18944, Sum: 43702, Workers: 4
[1819.816s][debug][gc,phases      ] GC(98)   ResolvedMethodTable Weak       Min:  0.0, Avg:  0.0, Max:  0.0, Diff:  0.0, Sum:  0.1, Workers: 4
[1819.816s][debug][gc,phases      ] GC(98)     Dead                           Min: 0, Avg:  0.0, Max: 0, Diff: 0, Sum: 0, Workers: 4
[1819.816s][debug][gc,phases      ] GC(98)     Total                          Min: 0, Avg: 2352.0, Max: 3648, Diff: 3648, Sum: 9408, Workers: 4
[1819.816s][debug][gc,phases      ] GC(98)   JNI Weak                       Min:  0.0, Avg:  0.0, Max:  0.0, Diff:  0.0, Sum:  0.0, Workers: 4
[1819.816s][debug][gc,phases      ] GC(98)     Dead                           Min: 0, Avg:  0.0, Max: 0, Diff: 0, Sum: 0, Workers: 4
[1819.816s][debug][gc,phases      ] GC(98)     Total                          Min: 0, Avg: 11.2, Max: 45, Diff: 45, Sum: 45, Workers: 4
[1819.816s][debug][gc,phases      ] GC(98)   StringDedup Table Weak         Min:  0.0, Avg:  0.0, Max:  0.0, Diff:  0.0, Sum:  0.0, Workers: 4
[1819.816s][debug][gc,phases      ] GC(98)     Dead                           Min: 0, Avg:  0.0, Max: 0, Diff: 0, Sum: 0, Workers: 4
[1819.816s][debug][gc,phases      ] GC(98)     Total                          Min: 0, Avg:  0.0, Max: 0, Diff: 0, Sum: 0, Workers: 4
[1819.816s][debug][gc,phases      ] GC(98)   StringDedup Requests0 Weak     Min:  0.0, Avg:  0.0, Max:  0.0, Diff:  0.0, Sum:  0.0, Workers: 4
[1819.816s][debug][gc,phases      ] GC(98)     Dead                           Min: 0, Avg:  0.0, Max: 0, Diff: 0, Sum: 0, Workers: 4
[1819.816s][debug][gc,phases      ] GC(98)     Total                          Min: 0, Avg:  0.0, Max: 0, Diff: 0, Sum: 0, Workers: 4
[1819.816s][debug][gc,phases      ] GC(98)   StringDedup Requests1 Weak     Min:  0.0, Avg:  0.0, Max:  0.0, Diff:  0.0, Sum:  0.0, Workers: 4
[1819.816s][debug][gc,phases      ] GC(98)     Dead                           Min: 0, Avg:  0.0, Max: 0, Diff: 0, Sum: 0, Workers: 4
[1819.816s][debug][gc,phases      ] GC(98)     Total                          Min: 0, Avg:  0.0, Max: 0, Diff: 0, Sum: 0, Workers: 4
[1819.816s][debug][gc,phases      ] GC(98)   Weak JFR Old Object Samples    Min:  0.0, Avg:  0.0, Max:  0.0, Diff:  0.0, Sum:  0.0, Workers: 4
[1819.816s][debug][gc,phases      ] GC(98)     Dead                           Min: 0, Avg:  0.0, Max: 0, Diff: 0, Sum: 0, Workers: 4
[1819.816s][debug][gc,phases      ] GC(98)     Total                          Min: 0, Avg:  0.0, Max: 0, Diff: 0, Sum: 0, Workers: 4
[1819.816s][debug][gc,phases      ] GC(98) Weak Processing 0.311ms
[1819.816s][debug][gc,age         ] GC(98) Desired survivor size 5767168 bytes, new threshold 15 (max threshold 15)
[1819.816s][info ][gc,heap        ] GC(98) PSYoungGen: 2085728K(2091008K)->1440K(2090496K) Eden: 2084352K(2084352K)->0K(2084352K) From: 1376K(6656K)->1440K(6144K)
[1819.816s][info ][gc,heap        ] GC(98) ParOldGen: 342276K(386560K)->342284K(386560K)
[1819.816s][info ][gc,metaspace   ] GC(98) Metaspace: 81603K(82624K)->81603K(82624K) NonClass: 69891K(70464K)->69891K(70464K) Class: 11712K(12160K)->11712K(12160K)
[1819.816s][info ][gc             ] GC(98) Pause Young (Allocation Failure) 2371M->335M(2419M) 3.003ms
[1819.816s][info ][gc,cpu         ] GC(98) User=0.01s Sys=0.00s Real=0.00s
[1819.816s][info ][safepoint      ] Safepoint "ParallelGCFailedAllocation", Time since last: 1615420660 ns, Reaching safepoint: 94901 ns, At safepoint: 3066622 ns, Total: 3161523 ns
[1837.818s][info ][safepoint      ] Safepoint "Cleanup", Time since last: 18001239953 ns, Reaching safepoint: 46400 ns, At safepoint: 6000 ns, Total: 52400 ns
[1849.818s][info ][safepoint      ] Safepoint "Cleanup", Time since last: 12000727761 ns, Reaching safepoint: 49500 ns, At safepoint: 2900 ns, Total: 52400 ns
[1852.916s][info ][gc,start       ] GC(99) Pause Young (Allocation Failure)
[1852.918s][debug][gc,phases      ] GC(99) Scavenge 2.321ms
[1852.918s][debug][gc,ref         ] GC(99) Skipped phase 1 of Reference Processing: no references
[1852.918s][debug][gc,ref         ] GC(99) ReferenceProcessor::execute queues: 1, RefProcThreadModel::Single, marks_oops_alive: false
[1852.918s][debug][gc,ref         ] GC(99) Skipped phase 3 of Reference Processing: no references
[1852.918s][debug][gc,ref         ] GC(99) ReferenceProcessor::execute queues: 1, RefProcThreadModel::Single, marks_oops_alive: false
[1852.918s][debug][gc,phases      ] GC(99) Reference Processing 0.123ms
[1852.918s][debug][gc,phases      ] GC(99)   VM Weak                        Min:  0.0, Avg:  0.0, Max:  0.0, Diff:  0.0, Sum:  0.0, Workers: 4
[1852.918s][debug][gc,phases      ] GC(99)     Dead                           Min: 0, Avg:  0.0, Max: 0, Diff: 0, Sum: 0, Workers: 4
[1852.918s][debug][gc,phases      ] GC(99)     Total                          Min: 0, Avg: 205.2, Max: 448, Diff: 448, Sum: 821, Workers: 4
[1852.918s][debug][gc,phases      ] GC(99)   ObjectSynchronizer Weak        Min:  0.0, Avg:  0.0, Max:  0.0, Diff:  0.0, Sum:  0.0, Workers: 4
[1852.918s][debug][gc,phases      ] GC(99)     Dead                           Min: 0, Avg:  0.0, Max: 0, Diff: 0, Sum: 0, Workers: 4
[1852.918s][debug][gc,phases      ] GC(99)     Total                          Min: 0, Avg:  8.8, Max: 35, Diff: 35, Sum: 35, Workers: 4
[1852.918s][debug][gc,phases      ] GC(99)   JVMTI Tag Weak OopStorage      Min:  0.0, Avg:  0.0, Max:  0.0, Diff:  0.0, Sum:  0.0, Workers: 4
[1852.918s][debug][gc,phases      ] GC(99)     Dead                           Min: 0, Avg:  0.0, Max: 0, Diff: 0, Sum: 0, Workers: 4
[1852.918s][debug][gc,phases      ] GC(99)     Total                          Min: 0, Avg:  0.0, Max: 0, Diff: 0, Sum: 0, Workers: 4
[1852.918s][debug][gc,phases      ] GC(99)   StringTable Weak               Min:  0.0, Avg:  0.1, Max:  0.1, Diff:  0.1, Sum:  0.3, Workers: 4
[1852.918s][debug][gc,phases      ] GC(99)     Dead                           Min: 0, Avg:  0.0, Max: 0, Diff: 0, Sum: 0, Workers: 4
[1852.918s][debug][gc,phases      ] GC(99)     Total                          Min: 0, Avg: 10925.5, Max: 17216, Diff: 17216, Sum: 43702, Workers: 4
[1852.918s][debug][gc,phases      ] GC(99)   ResolvedMethodTable Weak       Min:  0.0, Avg:  0.0, Max:  0.0, Diff:  0.0, Sum:  0.1, Workers: 4
[1852.918s][debug][gc,phases      ] GC(99)     Dead                           Min: 0, Avg:  0.0, Max: 0, Diff: 0, Sum: 0, Workers: 4
[1852.918s][debug][gc,phases      ] GC(99)     Total                          Min: 384, Avg: 2352.0, Max: 3648, Diff: 3264, Sum: 9408, Workers: 4
[1852.918s][debug][gc,phases      ] GC(99)   JNI Weak                       Min:  0.0, Avg:  0.0, Max:  0.0, Diff:  0.0, Sum:  0.0, Workers: 4
[1852.918s][debug][gc,phases      ] GC(99)     Dead                           Min: 0, Avg:  0.0, Max: 0, Diff: 0, Sum: 0, Workers: 4
[1852.918s][debug][gc,phases      ] GC(99)     Total                          Min: 0, Avg: 11.2, Max: 45, Diff: 45, Sum: 45, Workers: 4
[1852.918s][debug][gc,phases      ] GC(99)   StringDedup Table Weak         Min:  0.0, Avg:  0.0, Max:  0.0, Diff:  0.0, Sum:  0.0, Workers: 4
[1852.918s][debug][gc,phases      ] GC(99)     Dead                           Min: 0, Avg:  0.0, Max: 0, Diff: 0, Sum: 0, Workers: 4
[1852.918s][debug][gc,phases      ] GC(99)     Total                          Min: 0, Avg:  0.0, Max: 0, Diff: 0, Sum: 0, Workers: 4
[1852.918s][debug][gc,phases      ] GC(99)   StringDedup Requests0 Weak     Min:  0.0, Avg:  0.0, Max:  0.0, Diff:  0.0, Sum:  0.0, Workers: 4
[1852.918s][debug][gc,phases      ] GC(99)     Dead                           Min: 0, Avg:  0.0, Max: 0, Diff: 0, Sum: 0, Workers: 4
[1852.918s][debug][gc,phases      ] GC(99)     Total                          Min: 0, Avg:  0.0, Max: 0, Diff: 0, Sum: 0, Workers: 4
[1852.918s][debug][gc,phases      ] GC(99)   StringDedup Requests1 Weak     Min:  0.0, Avg:  0.0, Max:  0.0, Diff:  0.0, Sum:  0.0, Workers: 4
[1852.918s][debug][gc,phases      ] GC(99)     Dead                           Min: 0, Avg:  0.0, Max: 0, Diff: 0, Sum: 0, Workers: 4
[1852.918s][debug][gc,phases      ] GC(99)     Total                          Min: 0, Avg:  0.0, Max: 0, Diff: 0, Sum: 0, Workers: 4
[1852.918s][debug][gc,phases      ] GC(99)   Weak JFR Old Object Samples    Min:  0.0, Avg:  0.0, Max:  0.0, Diff:  0.0, Sum:  0.0, Workers: 4
[1852.918s][debug][gc,phases      ] GC(99)     Dead                           Min: 0, Avg:  0.0, Max: 0, Diff: 0, Sum: 0, Workers: 4
[1852.918s][debug][gc,phases      ] GC(99)     Total                          Min: 0, Avg:  0.0, Max: 0, Diff: 0, Sum: 0, Workers: 4
[1852.918s][debug][gc,phases      ] GC(99) Weak Processing 0.311ms
[1852.918s][debug][gc,age         ] GC(99) Desired survivor size 5242880 bytes, new threshold 15 (max threshold 15)
[1852.918s][info ][gc,heap        ] GC(99) PSYoungGen: 2085792K(2090496K)->1456K(2092032K) Eden: 2084352K(2084352K)->0K(2086400K) From: 1440K(6144K)->1456K(5632K)
[1852.918s][info ][gc,heap        ] GC(99) ParOldGen: 342284K(386560K)->342292K(386560K)
[1852.918s][info ][gc,metaspace   ] GC(99) Metaspace: 81603K(82624K)->81603K(82624K) NonClass: 69891K(70464K)->69891K(70464K) Class: 11712K(12160K)->11712K(12160K)
[1852.918s][info ][gc             ] GC(99) Pause Young (Allocation Failure) 2371M->335M(2420M) 2.853ms
[1852.918s][info ][gc,cpu         ] GC(99) User=0.01s Sys=0.00s Real=0.00s
[1852.918s][info ][safepoint      ] Safepoint "ParallelGCFailedAllocation", Time since last: 3097082014 ns, Reaching safepoint: 101501 ns, At safepoint: 2936918 ns, Total: 3038419 ns
[1883.921s][info ][safepoint      ] Safepoint "Cleanup", Time since last: 31001982940 ns, Reaching safepoint: 36200 ns, At safepoint: 2500 ns, Total: 38700 ns
[1886.412s][info ][gc,start       ] GC(100) Pause Young (Allocation Failure)
[1886.415s][debug][gc,phases      ] GC(100) Scavenge 2.463ms
[1886.415s][debug][gc,ref         ] GC(100) Skipped phase 1 of Reference Processing: no references
[1886.415s][debug][gc,ref         ] GC(100) ReferenceProcessor::execute queues: 1, RefProcThreadModel::Single, marks_oops_alive: false
[1886.415s][debug][gc,ref         ] GC(100) Skipped phase 3 of Reference Processing: no references
[1886.415s][debug][gc,ref         ] GC(100) ReferenceProcessor::execute queues: 1, RefProcThreadModel::Single, marks_oops_alive: false
[1886.415s][debug][gc,phases      ] GC(100) Reference Processing 0.091ms
[1886.415s][debug][gc,phases      ] GC(100)   VM Weak                        Min:  0.0, Avg:  0.0, Max:  0.0, Diff:  0.0, Sum:  0.0, Workers: 4
[1886.415s][debug][gc,phases      ] GC(100)     Dead                           Min: 0, Avg:  0.0, Max: 0, Diff: 0, Sum: 0, Workers: 4
[1886.415s][debug][gc,phases      ] GC(100)     Total                          Min: 0, Avg: 205.2, Max: 768, Diff: 768, Sum: 821, Workers: 4
[1886.415s][debug][gc,phases      ] GC(100)   ObjectSynchronizer Weak        Min:  0.0, Avg:  0.0, Max:  0.0, Diff:  0.0, Sum:  0.0, Workers: 4
[1886.415s][debug][gc,phases      ] GC(100)     Dead                           Min: 0, Avg:  0.0, Max: 0, Diff: 0, Sum: 0, Workers: 4
[1886.415s][debug][gc,phases      ] GC(100)     Total                          Min: 0, Avg:  8.8, Max: 35, Diff: 35, Sum: 35, Workers: 4
[1886.415s][debug][gc,phases      ] GC(100)   JVMTI Tag Weak OopStorage      Min:  0.0, Avg:  0.0, Max:  0.0, Diff:  0.0, Sum:  0.0, Workers: 4
[1886.415s][debug][gc,phases      ] GC(100)     Dead                           Min: 0, Avg:  0.0, Max: 0, Diff: 0, Sum: 0, Workers: 4
[1886.415s][debug][gc,phases      ] GC(100)     Total                          Min: 0, Avg:  0.0, Max: 0, Diff: 0, Sum: 0, Workers: 4
[1886.415s][debug][gc,phases      ] GC(100)   StringTable Weak               Min:  0.1, Avg:  0.1, Max:  0.1, Diff:  0.0, Sum:  0.4, Workers: 4
[1886.415s][debug][gc,phases      ] GC(100)     Dead                           Min: 0, Avg:  0.0, Max: 0, Diff: 0, Sum: 0, Workers: 4
[1886.415s][debug][gc,phases      ] GC(100)     Total                          Min: 10624, Avg: 10925.5, Max: 11200, Diff: 576, Sum: 43702, Workers: 4
[1886.415s][debug][gc,phases      ] GC(100)   ResolvedMethodTable Weak       Min:  0.0, Avg:  0.0, Max:  0.0, Diff:  0.0, Sum:  0.1, Workers: 4
[1886.415s][debug][gc,phases      ] GC(100)     Dead                           Min: 0, Avg:  0.0, Max: 0, Diff: 0, Sum: 0, Workers: 4
[1886.415s][debug][gc,phases      ] GC(100)     Total                          Min: 1280, Avg: 2352.0, Max: 2816, Diff: 1536, Sum: 9408, Workers: 4
[1886.415s][debug][gc,phases      ] GC(100)   JNI Weak                       Min:  0.0, Avg:  0.0, Max:  0.0, Diff:  0.0, Sum:  0.0, Workers: 4
[1886.415s][debug][gc,phases      ] GC(100)     Dead                           Min: 0, Avg:  0.0, Max: 0, Diff: 0, Sum: 0, Workers: 4
[1886.415s][debug][gc,phases      ] GC(100)     Total                          Min: 0, Avg: 11.2, Max: 45, Diff: 45, Sum: 45, Workers: 4
[1886.415s][debug][gc,phases      ] GC(100)   StringDedup Table Weak         Min:  0.0, Avg:  0.0, Max:  0.0, Diff:  0.0, Sum:  0.0, Workers: 4
[1886.415s][debug][gc,phases      ] GC(100)     Dead                           Min: 0, Avg:  0.0, Max: 0, Diff: 0, Sum: 0, Workers: 4
[1886.415s][debug][gc,phases      ] GC(100)     Total                          Min: 0, Avg:  0.0, Max: 0, Diff: 0, Sum: 0, Workers: 4
[1886.415s][debug][gc,phases      ] GC(100)   StringDedup Requests0 Weak     Min:  0.0, Avg:  0.0, Max:  0.0, Diff:  0.0, Sum:  0.0, Workers: 4
[1886.415s][debug][gc,phases      ] GC(100)     Dead                           Min: 0, Avg:  0.0, Max: 0, Diff: 0, Sum: 0, Workers: 4
[1886.415s][debug][gc,phases      ] GC(100)     Total                          Min: 0, Avg:  0.0, Max: 0, Diff: 0, Sum: 0, Workers: 4
[1886.415s][debug][gc,phases      ] GC(100)   StringDedup Requests1 Weak     Min:  0.0, Avg:  0.0, Max:  0.0, Diff:  0.0, Sum:  0.0, Workers: 4
[1886.415s][debug][gc,phases      ] GC(100)     Dead                           Min: 0, Avg:  0.0, Max: 0, Diff: 0, Sum: 0, Workers: 4
[1886.415s][debug][gc,phases      ] GC(100)     Total                          Min: 0, Avg:  0.0, Max: 0, Diff: 0, Sum: 0, Workers: 4
[1886.415s][debug][gc,phases      ] GC(100)   Weak JFR Old Object Samples    Min:  0.0, Avg:  0.0, Max:  0.0, Diff:  0.0, Sum:  0.0, Workers: 4
[1886.415s][debug][gc,phases      ] GC(100)     Dead                           Min: 0, Avg:  0.0, Max: 0, Diff: 0, Sum: 0, Workers: 4
[1886.415s][debug][gc,phases      ] GC(100)     Total                          Min: 0, Avg:  0.0, Max: 0, Diff: 0, Sum: 0, Workers: 4
[1886.415s][debug][gc,phases      ] GC(100) Weak Processing 0.292ms
[1886.415s][debug][gc,age         ] GC(100) Desired survivor size 5242880 bytes, new threshold 15 (max threshold 15)
[1886.415s][info ][gc,heap        ] GC(100) PSYoungGen: 2087856K(2092032K)->800K(2091520K) Eden: 2086400K(2086400K)->0K(2086400K) From: 1456K(5632K)->800K(5120K)
[1886.415s][info ][gc,heap        ] GC(100) ParOldGen: 342292K(386560K)->342980K(386560K)
[1886.415s][info ][gc,metaspace   ] GC(100) Metaspace: 81608K(82624K)->81608K(82624K) NonClass: 69896K(70464K)->69896K(70464K) Class: 11712K(12160K)->11712K(12160K)
[1886.415s][info ][gc             ] GC(100) Pause Young (Allocation Failure) 2373M->335M(2420M) 2.941ms
[1886.415s][info ][gc,cpu         ] GC(100) User=0.01s Sys=0.00s Real=0.00s
[1886.415s][info ][safepoint      ] Safepoint "ParallelGCFailedAllocation", Time since last: 2491627796 ns, Reaching safepoint: 48400 ns, At safepoint: 3002522 ns, Total: 3050922 ns
[1887.415s][info ][safepoint      ] Safepoint "Cleanup", Time since last: 1000078423 ns, Reaching safepoint: 115801 ns, At safepoint: 4300 ns, Total: 120101 ns
[1895.416s][info ][safepoint      ] Safepoint "Cleanup", Time since last: 8000585910 ns, Reaching safepoint: 115100 ns, At safepoint: 5700 ns, Total: 120800 ns
[1911.417s][info ][safepoint      ] Safepoint "Cleanup", Time since last: 16001096333 ns, Reaching safepoint: 41500 ns, At safepoint: 24000 ns, Total: 65500 ns
[1920.062s][info ][gc,start       ] GC(101) Pause Young (Allocation Failure)
[1920.064s][debug][gc,phases      ] GC(101) Scavenge 2.226ms
[1920.064s][debug][gc,ref         ] GC(101) Skipped phase 1 of Reference Processing: no references
[1920.064s][debug][gc,ref         ] GC(101) ReferenceProcessor::execute queues: 1, RefProcThreadModel::Single, marks_oops_alive: false
[1920.064s][debug][gc,ref         ] GC(101) Skipped phase 3 of Reference Processing: no references
[1920.064s][debug][gc,ref         ] GC(101) ReferenceProcessor::execute queues: 1, RefProcThreadModel::Single, marks_oops_alive: false
[1920.064s][debug][gc,phases      ] GC(101) Reference Processing 0.103ms
[1920.064s][debug][gc,phases      ] GC(101)   VM Weak                        Min:  0.0, Avg:  0.0, Max:  0.0, Diff:  0.0, Sum:  0.0, Workers: 4
[1920.064s][debug][gc,phases      ] GC(101)     Dead                           Min: 0, Avg:  0.0, Max: 0, Diff: 0, Sum: 0, Workers: 4
[1920.064s][debug][gc,phases      ] GC(101)     Total                          Min: 0, Avg: 205.2, Max: 704, Diff: 704, Sum: 821, Workers: 4
[1920.064s][debug][gc,phases      ] GC(101)   ObjectSynchronizer Weak        Min:  0.0, Avg:  0.0, Max:  0.0, Diff:  0.0, Sum:  0.0, Workers: 4
[1920.064s][debug][gc,phases      ] GC(101)     Dead                           Min: 0, Avg:  0.0, Max: 0, Diff: 0, Sum: 0, Workers: 4
[1920.064s][debug][gc,phases      ] GC(101)     Total                          Min: 0, Avg:  8.8, Max: 35, Diff: 35, Sum: 35, Workers: 4
[1920.064s][debug][gc,phases      ] GC(101)   JVMTI Tag Weak OopStorage      Min:  0.0, Avg:  0.0, Max:  0.0, Diff:  0.0, Sum:  0.0, Workers: 4
[1920.064s][debug][gc,phases      ] GC(101)     Dead                           Min: 0, Avg:  0.0, Max: 0, Diff: 0, Sum: 0, Workers: 4
[1920.064s][debug][gc,phases      ] GC(101)     Total                          Min: 0, Avg:  0.0, Max: 0, Diff: 0, Sum: 0, Workers: 4
[1920.064s][debug][gc,phases      ] GC(101)   StringTable Weak               Min:  0.0, Avg:  0.1, Max:  0.1, Diff:  0.1, Sum:  0.3, Workers: 4
[1920.064s][debug][gc,phases      ] GC(101)     Dead                           Min: 0, Avg:  0.0, Max: 0, Diff: 0, Sum: 0, Workers: 4
[1920.065s][debug][gc,phases      ] GC(101)     Total                          Min: 0, Avg: 10925.5, Max: 18679, Diff: 18679, Sum: 43702, Workers: 4
[1920.065s][debug][gc,phases      ] GC(101)   ResolvedMethodTable Weak       Min:  0.0, Avg:  0.0, Max:  0.0, Diff:  0.0, Sum:  0.1, Workers: 4
[1920.065s][debug][gc,phases      ] GC(101)     Dead                           Min: 0, Avg:  0.0, Max: 0, Diff: 0, Sum: 0, Workers: 4
[1920.065s][debug][gc,phases      ] GC(101)     Total                          Min: 0, Avg: 2352.0, Max: 3520, Diff: 3520, Sum: 9408, Workers: 4
[1920.065s][debug][gc,phases      ] GC(101)   JNI Weak                       Min:  0.0, Avg:  0.0, Max:  0.0, Diff:  0.0, Sum:  0.0, Workers: 4
[1920.065s][debug][gc,phases      ] GC(101)     Dead                           Min: 0, Avg:  0.0, Max: 0, Diff: 0, Sum: 0, Workers: 4
[1920.065s][debug][gc,phases      ] GC(101)     Total                          Min: 0, Avg: 11.2, Max: 45, Diff: 45, Sum: 45, Workers: 4
[1920.065s][debug][gc,phases      ] GC(101)   StringDedup Table Weak         Min:  0.0, Avg:  0.0, Max:  0.0, Diff:  0.0, Sum:  0.0, Workers: 4
[1920.065s][debug][gc,phases      ] GC(101)     Dead                           Min: 0, Avg:  0.0, Max: 0, Diff: 0, Sum: 0, Workers: 4
[1920.065s][debug][gc,phases      ] GC(101)     Total                          Min: 0, Avg:  0.0, Max: 0, Diff: 0, Sum: 0, Workers: 4
[1920.065s][debug][gc,phases      ] GC(101)   StringDedup Requests0 Weak     Min:  0.0, Avg:  0.0, Max:  0.0, Diff:  0.0, Sum:  0.0, Workers: 4
[1920.065s][debug][gc,phases      ] GC(101)     Dead                           Min: 0, Avg:  0.0, Max: 0, Diff: 0, Sum: 0, Workers: 4
[1920.065s][debug][gc,phases      ] GC(101)     Total                          Min: 0, Avg:  0.0, Max: 0, Diff: 0, Sum: 0, Workers: 4
[1920.065s][debug][gc,phases      ] GC(101)   StringDedup Requests1 Weak     Min:  0.0, Avg:  0.0, Max:  0.0, Diff:  0.0, Sum:  0.0, Workers: 4
[1920.065s][debug][gc,phases      ] GC(101)     Dead                           Min: 0, Avg:  0.0, Max: 0, Diff: 0, Sum: 0, Workers: 4
[1920.065s][debug][gc,phases      ] GC(101)     Total                          Min: 0, Avg:  0.0, Max: 0, Diff: 0, Sum: 0, Workers: 4
[1920.065s][debug][gc,phases      ] GC(101)   Weak JFR Old Object Samples    Min:  0.0, Avg:  0.0, Max:  0.0, Diff:  0.0, Sum:  0.0, Workers: 4
[1920.065s][debug][gc,phases      ] GC(101)     Dead                           Min: 0, Avg:  0.0, Max: 0, Diff: 0, Sum: 0, Workers: 4
[1920.065s][debug][gc,phases      ] GC(101)     Total                          Min: 0, Avg:  0.0, Max: 0, Diff: 0, Sum: 0, Workers: 4
[1920.065s][debug][gc,phases      ] GC(101) Weak Processing 0.298ms
[1920.065s][debug][gc,age         ] GC(101) Desired survivor size 4718592 bytes, new threshold 15 (max threshold 15)
[1920.065s][info ][gc,heap        ] GC(101) PSYoungGen: 2087200K(2091520K)->800K(2092544K) Eden: 2086400K(2086400K)->0K(2087424K) From: 800K(5120K)->800K(5120K)
[1920.065s][info ][gc,heap        ] GC(101) ParOldGen: 342980K(386560K)->342988K(386560K)
[1920.065s][info ][gc,metaspace   ] GC(101) Metaspace: 81612K(82624K)->81612K(82624K) NonClass: 69900K(70464K)->69900K(70464K) Class: 11712K(12160K)->11712K(12160K)
[1920.065s][info ][gc             ] GC(101) Pause Young (Allocation Failure) 2373M->335M(2421M) 2.732ms
[1920.065s][info ][gc,cpu         ] GC(101) User=0.01s Sys=0.00s Real=0.00s
[1920.065s][info ][safepoint      ] Safepoint "ParallelGCFailedAllocation", Time since last: 8644564550 ns, Reaching safepoint: 28600 ns, At safepoint: 2789620 ns, Total: 2818220 ns
[1927.065s][info ][safepoint      ] Safepoint "Cleanup", Time since last: 7000493515 ns, Reaching safepoint: 111701 ns, At safepoint: 7000 ns, Total: 118701 ns
[1953.714s][info ][gc,start       ] GC(102) Pause Young (Allocation Failure)
[1953.716s][debug][gc,phases      ] GC(102) Scavenge 2.146ms
[1953.716s][debug][gc,ref         ] GC(102) Skipped phase 1 of Reference Processing: no references
[1953.716s][debug][gc,ref         ] GC(102) ReferenceProcessor::execute queues: 1, RefProcThreadModel::Single, marks_oops_alive: false
[1953.716s][debug][gc,ref         ] GC(102) Skipped phase 3 of Reference Processing: no references
[1953.716s][debug][gc,ref         ] GC(102) ReferenceProcessor::execute queues: 1, RefProcThreadModel::Single, marks_oops_alive: false
[1953.716s][debug][gc,phases      ] GC(102) Reference Processing 0.097ms
[1953.716s][debug][gc,phases      ] GC(102)   VM Weak                        Min:  0.0, Avg:  0.0, Max:  0.0, Diff:  0.0, Sum:  0.0, Workers: 4
[1953.716s][debug][gc,phases      ] GC(102)     Dead                           Min: 0, Avg:  0.0, Max: 0, Diff: 0, Sum: 0, Workers: 4
[1953.716s][debug][gc,phases      ] GC(102)     Total                          Min: 0, Avg: 205.2, Max: 693, Diff: 693, Sum: 821, Workers: 4
[1953.716s][debug][gc,phases      ] GC(102)   ObjectSynchronizer Weak        Min:  0.0, Avg:  0.0, Max:  0.0, Diff:  0.0, Sum:  0.0, Workers: 4
[1953.716s][debug][gc,phases      ] GC(102)     Dead                           Min: 0, Avg:  0.0, Max: 0, Diff: 0, Sum: 0, Workers: 4
[1953.716s][debug][gc,phases      ] GC(102)     Total                          Min: 0, Avg:  8.8, Max: 35, Diff: 35, Sum: 35, Workers: 4
[1953.716s][debug][gc,phases      ] GC(102)   JVMTI Tag Weak OopStorage      Min:  0.0, Avg:  0.0, Max:  0.0, Diff:  0.0, Sum:  0.0, Workers: 4
[1953.716s][debug][gc,phases      ] GC(102)     Dead                           Min: 0, Avg:  0.0, Max: 0, Diff: 0, Sum: 0, Workers: 4
[1953.716s][debug][gc,phases      ] GC(102)     Total                          Min: 0, Avg:  0.0, Max: 0, Diff: 0, Sum: 0, Workers: 4
[1953.716s][debug][gc,phases      ] GC(102)   StringTable Weak               Min:  0.1, Avg:  0.1, Max:  0.1, Diff:  0.0, Sum:  0.4, Workers: 4
[1953.716s][debug][gc,phases      ] GC(102)     Dead                           Min: 0, Avg:  0.0, Max: 0, Diff: 0, Sum: 0, Workers: 4
[1953.716s][debug][gc,phases      ] GC(102)     Total                          Min: 9592, Avg: 10925.8, Max: 11648, Diff: 2056, Sum: 43703, Workers: 4
[1953.716s][debug][gc,phases      ] GC(102)   ResolvedMethodTable Weak       Min:  0.0, Avg:  0.0, Max:  0.0, Diff:  0.0, Sum:  0.1, Workers: 4
[1953.716s][debug][gc,phases      ] GC(102)     Dead                           Min: 0, Avg:  0.0, Max: 0, Diff: 0, Sum: 0, Workers: 4
[1953.716s][debug][gc,phases      ] GC(102)     Total                          Min: 2240, Avg: 2352.0, Max: 2432, Diff: 192, Sum: 9408, Workers: 4
[1953.716s][debug][gc,phases      ] GC(102)   JNI Weak                       Min:  0.0, Avg:  0.0, Max:  0.0, Diff:  0.0, Sum:  0.0, Workers: 4
[1953.716s][debug][gc,phases      ] GC(102)     Dead                           Min: 0, Avg:  0.0, Max: 0, Diff: 0, Sum: 0, Workers: 4
[1953.716s][debug][gc,phases      ] GC(102)     Total                          Min: 0, Avg: 11.2, Max: 45, Diff: 45, Sum: 45, Workers: 4
[1953.716s][debug][gc,phases      ] GC(102)   StringDedup Table Weak         Min:  0.0, Avg:  0.0, Max:  0.0, Diff:  0.0, Sum:  0.0, Workers: 4
[1953.716s][debug][gc,phases      ] GC(102)     Dead                           Min: 0, Avg:  0.0, Max: 0, Diff: 0, Sum: 0, Workers: 4
[1953.716s][debug][gc,phases      ] GC(102)     Total                          Min: 0, Avg:  0.0, Max: 0, Diff: 0, Sum: 0, Workers: 4
[1953.716s][debug][gc,phases      ] GC(102)   StringDedup Requests0 Weak     Min:  0.0, Avg:  0.0, Max:  0.0, Diff:  0.0, Sum:  0.0, Workers: 4
[1953.716s][debug][gc,phases      ] GC(102)     Dead                           Min: 0, Avg:  0.0, Max: 0, Diff: 0, Sum: 0, Workers: 4
[1953.716s][debug][gc,phases      ] GC(102)     Total                          Min: 0, Avg:  0.0, Max: 0, Diff: 0, Sum: 0, Workers: 4
[1953.716s][debug][gc,phases      ] GC(102)   StringDedup Requests1 Weak     Min:  0.0, Avg:  0.0, Max:  0.0, Diff:  0.0, Sum:  0.0, Workers: 4
[1953.716s][debug][gc,phases      ] GC(102)     Dead                           Min: 0, Avg:  0.0, Max: 0, Diff: 0, Sum: 0, Workers: 4
[1953.716s][debug][gc,phases      ] GC(102)     Total                          Min: 0, Avg:  0.0, Max: 0, Diff: 0, Sum: 0, Workers: 4
[1953.716s][debug][gc,phases      ] GC(102)   Weak JFR Old Object Samples    Min:  0.0, Avg:  0.0, Max:  0.0, Diff:  0.0, Sum:  0.0, Workers: 4
[1953.716s][debug][gc,phases      ] GC(102)     Dead                           Min: 0, Avg:  0.0, Max: 0, Diff: 0, Sum: 0, Workers: 4
[1953.716s][debug][gc,phases      ] GC(102)     Total                          Min: 0, Avg:  0.0, Max: 0, Diff: 0, Sum: 0, Workers: 4
[1953.716s][debug][gc,phases      ] GC(102) Weak Processing 0.303ms
[1953.716s][debug][gc,age         ] GC(102) Desired survivor size 4718592 bytes, new threshold 15 (max threshold 15)
[1953.716s][info ][gc,heap        ] GC(102) PSYoungGen: 2088224K(2092544K)->736K(2092032K) Eden: 2087424K(2087424K)->0K(2087424K) From: 800K(5120K)->736K(4608K)
[1953.716s][info ][gc,heap        ] GC(102) ParOldGen: 342988K(386560K)->343012K(386560K)
[1953.716s][info ][gc,metaspace   ] GC(102) Metaspace: 81614K(82624K)->81614K(82624K) NonClass: 69901K(70464K)->69901K(70464K) Class: 11712K(12160K)->11712K(12160K)
[1953.716s][info ][gc             ] GC(102) Pause Young (Allocation Failure) 2374M->335M(2420M) 2.653ms
[1953.716s][info ][gc,cpu         ] GC(102) User=0.01s Sys=0.00s Real=0.00s
[1953.716s][info ][safepoint      ] Safepoint "ParallelGCFailedAllocation", Time since last: 26648400751 ns, Reaching safepoint: 99301 ns, At safepoint: 2725520 ns, Total: 2824821 ns
[1955.717s][info ][safepoint      ] Safepoint "Cleanup", Time since last: 2000160967 ns, Reaching safepoint: 41500 ns, At safepoint: 5500 ns, Total: 47000 ns
[1987.413s][info ][gc,start       ] GC(103) Pause Young (Allocation Failure)
[1987.417s][debug][gc,phases      ] GC(103) Scavenge 3.313ms
[1987.417s][debug][gc,ref         ] GC(103) Skipped phase 1 of Reference Processing: no references
[1987.417s][debug][gc,ref         ] GC(103) ReferenceProcessor::execute queues: 1, RefProcThreadModel::Single, marks_oops_alive: false
[1987.417s][debug][gc,ref         ] GC(103) Skipped phase 3 of Reference Processing: no references
[1987.417s][debug][gc,ref         ] GC(103) ReferenceProcessor::execute queues: 1, RefProcThreadModel::Single, marks_oops_alive: false
[1987.417s][debug][gc,phases      ] GC(103) Reference Processing 0.092ms
[1987.417s][debug][gc,phases      ] GC(103)   VM Weak                        Min:  0.0, Avg:  0.0, Max:  0.0, Diff:  0.0, Sum:  0.0, Workers: 4
[1987.417s][debug][gc,phases      ] GC(103)     Dead                           Min: 0, Avg:  0.0, Max: 0, Diff: 0, Sum: 0, Workers: 4
[1987.417s][debug][gc,phases      ] GC(103)     Total                          Min: 0, Avg: 205.2, Max: 565, Diff: 565, Sum: 821, Workers: 4
[1987.417s][debug][gc,phases      ] GC(103)   ObjectSynchronizer Weak        Min:  0.0, Avg:  0.0, Max:  0.0, Diff:  0.0, Sum:  0.0, Workers: 4
[1987.417s][debug][gc,phases      ] GC(103)     Dead                           Min: 0, Avg:  0.0, Max: 0, Diff: 0, Sum: 0, Workers: 4
[1987.417s][debug][gc,phases      ] GC(103)     Total                          Min: 0, Avg:  8.8, Max: 35, Diff: 35, Sum: 35, Workers: 4
[1987.417s][debug][gc,phases      ] GC(103)   JVMTI Tag Weak OopStorage      Min:  0.0, Avg:  0.0, Max:  0.0, Diff:  0.0, Sum:  0.0, Workers: 4
[1987.417s][debug][gc,phases      ] GC(103)     Dead                           Min: 0, Avg:  0.0, Max: 0, Diff: 0, Sum: 0, Workers: 4
[1987.417s][debug][gc,phases      ] GC(103)     Total                          Min: 0, Avg:  0.0, Max: 0, Diff: 0, Sum: 0, Workers: 4
[1987.417s][debug][gc,phases      ] GC(103)   StringTable Weak               Min:  0.0, Avg:  0.1, Max:  0.1, Diff:  0.1, Sum:  0.4, Workers: 4
[1987.417s][debug][gc,phases      ] GC(103)     Dead                           Min: 0, Avg:  0.0, Max: 0, Diff: 0, Sum: 0, Workers: 4
[1987.417s][debug][gc,phases      ] GC(103)     Total                          Min: 0, Avg: 10925.8, Max: 18361, Diff: 18361, Sum: 43703, Workers: 4
[1987.417s][debug][gc,phases      ] GC(103)   ResolvedMethodTable Weak       Min:  0.0, Avg:  0.0, Max:  0.0, Diff:  0.0, Sum:  0.1, Workers: 4
[1987.417s][debug][gc,phases      ] GC(103)     Dead                           Min: 0, Avg:  0.0, Max: 0, Diff: 0, Sum: 0, Workers: 4
[1987.417s][debug][gc,phases      ] GC(103)     Total                          Min: 0, Avg: 2352.0, Max: 3968, Diff: 3968, Sum: 9408, Workers: 4
[1987.417s][debug][gc,phases      ] GC(103)   JNI Weak                       Min:  0.0, Avg:  0.0, Max:  0.0, Diff:  0.0, Sum:  0.0, Workers: 4
[1987.417s][debug][gc,phases      ] GC(103)     Dead                           Min: 0, Avg:  0.0, Max: 0, Diff: 0, Sum: 0, Workers: 4
[1987.417s][debug][gc,phases      ] GC(103)     Total                          Min: 0, Avg: 11.2, Max: 45, Diff: 45, Sum: 45, Workers: 4
[1987.417s][debug][gc,phases      ] GC(103)   StringDedup Table Weak         Min:  0.0, Avg:  0.0, Max:  0.0, Diff:  0.0, Sum:  0.0, Workers: 4
[1987.417s][debug][gc,phases      ] GC(103)     Dead                           Min: 0, Avg:  0.0, Max: 0, Diff: 0, Sum: 0, Workers: 4
[1987.417s][debug][gc,phases      ] GC(103)     Total                          Min: 0, Avg:  0.0, Max: 0, Diff: 0, Sum: 0, Workers: 4
[1987.417s][debug][gc,phases      ] GC(103)   StringDedup Requests0 Weak     Min:  0.0, Avg:  0.0, Max:  0.0, Diff:  0.0, Sum:  0.0, Workers: 4
[1987.417s][debug][gc,phases      ] GC(103)     Dead                           Min: 0, Avg:  0.0, Max: 0, Diff: 0, Sum: 0, Workers: 4
[1987.417s][debug][gc,phases      ] GC(103)     Total                          Min: 0, Avg:  0.0, Max: 0, Diff: 0, Sum: 0, Workers: 4
[1987.417s][debug][gc,phases      ] GC(103)   StringDedup Requests1 Weak     Min:  0.0, Avg:  0.0, Max:  0.0, Diff:  0.0, Sum:  0.0, Workers: 4
[1987.417s][debug][gc,phases      ] GC(103)     Dead                           Min: 0, Avg:  0.0, Max: 0, Diff: 0, Sum: 0, Workers: 4
[1987.417s][debug][gc,phases      ] GC(103)     Total                          Min: 0, Avg:  0.0, Max: 0, Diff: 0, Sum: 0, Workers: 4
[1987.417s][debug][gc,phases      ] GC(103)   Weak JFR Old Object Samples    Min:  0.0, Avg:  0.0, Max:  0.0, Diff:  0.0, Sum:  0.0, Workers: 4
[1987.417s][debug][gc,phases      ] GC(103)     Dead                           Min: 0, Avg:  0.0, Max: 0, Diff: 0, Sum: 0, Workers: 4
[1987.417s][debug][gc,phases      ] GC(103)     Total                          Min: 0, Avg:  0.0, Max: 0, Diff: 0, Sum: 0, Workers: 4
[1987.417s][debug][gc,phases      ] GC(103) Weak Processing 0.334ms
[1987.417s][debug][gc,age         ] GC(103) Desired survivor size 4718592 bytes, new threshold 15 (max threshold 15)
[1987.417s][info ][gc,heap        ] GC(103) PSYoungGen: 2088160K(2092032K)->736K(2092544K) Eden: 2087424K(2087424K)->0K(2087936K) From: 736K(4608K)->736K(4608K)
[1987.417s][info ][gc,heap        ] GC(103) ParOldGen: 343012K(386560K)->343028K(386560K)
[1987.417s][info ][gc,metaspace   ] GC(103) Metaspace: 81621K(82624K)->81621K(82624K) NonClass: 69908K(70464K)->69908K(70464K) Class: 11712K(12160K)->11712K(12160K)
[1987.417s][info ][gc             ] GC(103) Pause Young (Allocation Failure) 2374M->335M(2421M) 3.855ms
[1987.417s][info ][gc,cpu         ] GC(103) User=0.01s Sys=0.00s Real=0.00s
[1987.417s][info ][safepoint      ] Safepoint "ParallelGCFailedAllocation", Time since last: 31696708196 ns, Reaching safepoint: 25900 ns, At safepoint: 3914729 ns, Total: 3940629 ns
[2021.114s][info ][gc,start       ] GC(104) Pause Young (Allocation Failure)
[2021.117s][debug][gc,phases      ] GC(104) Scavenge 2.709ms
[2021.117s][debug][gc,ref         ] GC(104) Skipped phase 1 of Reference Processing: no references
[2021.117s][debug][gc,ref         ] GC(104) ReferenceProcessor::execute queues: 1, RefProcThreadModel::Single, marks_oops_alive: false
[2021.117s][debug][gc,ref         ] GC(104) Skipped phase 3 of Reference Processing: no references
[2021.117s][debug][gc,ref         ] GC(104) ReferenceProcessor::execute queues: 1, RefProcThreadModel::Single, marks_oops_alive: false
[2021.117s][debug][gc,phases      ] GC(104) Reference Processing 0.108ms
[2021.117s][debug][gc,phases      ] GC(104)   VM Weak                        Min:  0.0, Avg:  0.0, Max:  0.0, Diff:  0.0, Sum:  0.0, Workers: 4
[2021.117s][debug][gc,phases      ] GC(104)     Dead                           Min: 0, Avg:  0.0, Max: 0, Diff: 0, Sum: 0, Workers: 4
[2021.117s][debug][gc,phases      ] GC(104)     Total                          Min: 0, Avg: 205.2, Max: 629, Diff: 629, Sum: 821, Workers: 4
[2021.117s][debug][gc,phases      ] GC(104)   ObjectSynchronizer Weak        Min:  0.0, Avg:  0.0, Max:  0.0, Diff:  0.0, Sum:  0.0, Workers: 4
[2021.117s][debug][gc,phases      ] GC(104)     Dead                           Min: 0, Avg:  0.0, Max: 0, Diff: 0, Sum: 0, Workers: 4
[2021.117s][debug][gc,phases      ] GC(104)     Total                          Min: 0, Avg:  8.8, Max: 35, Diff: 35, Sum: 35, Workers: 4
[2021.117s][debug][gc,phases      ] GC(104)   JVMTI Tag Weak OopStorage      Min:  0.0, Avg:  0.0, Max:  0.0, Diff:  0.0, Sum:  0.0, Workers: 4
[2021.117s][debug][gc,phases      ] GC(104)     Dead                           Min: 0, Avg:  0.0, Max: 0, Diff: 0, Sum: 0, Workers: 4
[2021.117s][debug][gc,phases      ] GC(104)     Total                          Min: 0, Avg:  0.0, Max: 0, Diff: 0, Sum: 0, Workers: 4
[2021.118s][debug][gc,phases      ] GC(104)   StringTable Weak               Min:  0.0, Avg:  0.1, Max:  0.1, Diff:  0.1, Sum:  0.3, Workers: 4
[2021.118s][debug][gc,phases      ] GC(104)     Dead                           Min: 0, Avg:  0.0, Max: 0, Diff: 0, Sum: 0, Workers: 4
[2021.118s][debug][gc,phases      ] GC(104)     Total                          Min: 0, Avg: 10925.8, Max: 16384, Diff: 16384, Sum: 43703, Workers: 4
[2021.118s][debug][gc,phases      ] GC(104)   ResolvedMethodTable Weak       Min:  0.0, Avg:  0.0, Max:  0.0, Diff:  0.0, Sum:  0.1, Workers: 4
[2021.118s][debug][gc,phases      ] GC(104)     Dead                           Min: 0, Avg:  0.0, Max: 0, Diff: 0, Sum: 0, Workers: 4
[2021.118s][debug][gc,phases      ] GC(104)     Total                          Min: 0, Avg: 2352.0, Max: 3712, Diff: 3712, Sum: 9408, Workers: 4
[2021.118s][debug][gc,phases      ] GC(104)   JNI Weak                       Min:  0.0, Avg:  0.0, Max:  0.0, Diff:  0.0, Sum:  0.0, Workers: 4
[2021.118s][debug][gc,phases      ] GC(104)     Dead                           Min: 0, Avg:  0.0, Max: 0, Diff: 0, Sum: 0, Workers: 4
[2021.118s][debug][gc,phases      ] GC(104)     Total                          Min: 0, Avg: 11.2, Max: 45, Diff: 45, Sum: 45, Workers: 4
[2021.118s][debug][gc,phases      ] GC(104)   StringDedup Table Weak         Min:  0.0, Avg:  0.0, Max:  0.0, Diff:  0.0, Sum:  0.0, Workers: 4
[2021.118s][debug][gc,phases      ] GC(104)     Dead                           Min: 0, Avg:  0.0, Max: 0, Diff: 0, Sum: 0, Workers: 4
[2021.118s][debug][gc,phases      ] GC(104)     Total                          Min: 0, Avg:  0.0, Max: 0, Diff: 0, Sum: 0, Workers: 4
[2021.118s][debug][gc,phases      ] GC(104)   StringDedup Requests0 Weak     Min:  0.0, Avg:  0.0, Max:  0.0, Diff:  0.0, Sum:  0.0, Workers: 4
[2021.118s][debug][gc,phases      ] GC(104)     Dead                           Min: 0, Avg:  0.0, Max: 0, Diff: 0, Sum: 0, Workers: 4
[2021.118s][debug][gc,phases      ] GC(104)     Total                          Min: 0, Avg:  0.0, Max: 0, Diff: 0, Sum: 0, Workers: 4
[2021.118s][debug][gc,phases      ] GC(104)   StringDedup Requests1 Weak     Min:  0.0, Avg:  0.0, Max:  0.0, Diff:  0.0, Sum:  0.0, Workers: 4
[2021.118s][debug][gc,phases      ] GC(104)     Dead                           Min: 0, Avg:  0.0, Max: 0, Diff: 0, Sum: 0, Workers: 4
[2021.118s][debug][gc,phases      ] GC(104)     Total                          Min: 0, Avg:  0.0, Max: 0, Diff: 0, Sum: 0, Workers: 4
[2021.118s][debug][gc,phases      ] GC(104)   Weak JFR Old Object Samples    Min:  0.0, Avg:  0.0, Max:  0.0, Diff:  0.0, Sum:  0.0, Workers: 4
[2021.118s][debug][gc,phases      ] GC(104)     Dead                           Min: 0, Avg:  0.0, Max: 0, Diff: 0, Sum: 0, Workers: 4
[2021.118s][debug][gc,phases      ] GC(104)     Total                          Min: 0, Avg:  0.0, Max: 0, Diff: 0, Sum: 0, Workers: 4
[2021.118s][debug][gc,phases      ] GC(104) Weak Processing 0.339ms
[2021.118s][debug][gc,age         ] GC(104) Desired survivor size 4194304 bytes, new threshold 15 (max threshold 15)
[2021.118s][info ][gc,heap        ] GC(104) PSYoungGen: 2088672K(2092544K)->800K(2092544K) Eden: 2087936K(2087936K)->0K(2087936K) From: 736K(4608K)->800K(4608K)
[2021.118s][info ][gc,heap        ] GC(104) ParOldGen: 343028K(386560K)->343044K(386560K)
[2021.118s][info ][gc,metaspace   ] GC(104) Metaspace: 81621K(82624K)->81621K(82624K) NonClass: 69908K(70464K)->69908K(70464K) Class: 11712K(12160K)->11712K(12160K)
[2021.118s][info ][gc             ] GC(104) Pause Young (Allocation Failure) 2374M->335M(2421M) 3.249ms
[2021.118s][info ][gc,cpu         ] GC(104) User=0.01s Sys=0.00s Real=0.00s
[2021.118s][info ][safepoint      ] Safepoint "ParallelGCFailedAllocation", Time since last: 33696964687 ns, Reaching safepoint: 36901 ns, At safepoint: 3334524 ns, Total: 3371425 ns
[2030.118s][info ][safepoint      ] Safepoint "Cleanup", Time since last: 9000582427 ns, Reaching safepoint: 44700 ns, At safepoint: 4300 ns, Total: 49000 ns
[2033.119s][info ][safepoint      ] Safepoint "Cleanup", Time since last: 3000241910 ns, Reaching safepoint: 42101 ns, At safepoint: 2600 ns, Total: 44701 ns
[2035.119s][info ][safepoint      ] Safepoint "Cleanup", Time since last: 2000173741 ns, Reaching safepoint: 40500 ns, At safepoint: 6900 ns, Total: 47400 ns
[2054.814s][info ][gc,start       ] GC(105) Pause Young (Allocation Failure)
[2054.816s][debug][gc,phases      ] GC(105) Scavenge 2.231ms
[2054.816s][debug][gc,ref         ] GC(105) Skipped phase 1 of Reference Processing: no references
[2054.816s][debug][gc,ref         ] GC(105) ReferenceProcessor::execute queues: 1, RefProcThreadModel::Single, marks_oops_alive: false
[2054.816s][debug][gc,ref         ] GC(105) Skipped phase 3 of Reference Processing: no references
[2054.816s][debug][gc,ref         ] GC(105) ReferenceProcessor::execute queues: 1, RefProcThreadModel::Single, marks_oops_alive: false
[2054.816s][debug][gc,phases      ] GC(105) Reference Processing 0.109ms
[2054.817s][debug][gc,phases      ] GC(105)   VM Weak                        Min:  0.0, Avg:  0.0, Max:  0.0, Diff:  0.0, Sum:  0.0, Workers: 4
[2054.817s][debug][gc,phases      ] GC(105)     Dead                           Min: 0, Avg:  0.0, Max: 0, Diff: 0, Sum: 0, Workers: 4
[2054.817s][debug][gc,phases      ] GC(105)     Total                          Min: 0, Avg: 205.2, Max: 640, Diff: 640, Sum: 821, Workers: 4
[2054.817s][debug][gc,phases      ] GC(105)   ObjectSynchronizer Weak        Min:  0.0, Avg:  0.0, Max:  0.0, Diff:  0.0, Sum:  0.0, Workers: 4
[2054.817s][debug][gc,phases      ] GC(105)     Dead                           Min: 0, Avg:  0.0, Max: 0, Diff: 0, Sum: 0, Workers: 4
[2054.817s][debug][gc,phases      ] GC(105)     Total                          Min: 0, Avg:  8.8, Max: 35, Diff: 35, Sum: 35, Workers: 4
[2054.817s][debug][gc,phases      ] GC(105)   JVMTI Tag Weak OopStorage      Min:  0.0, Avg:  0.0, Max:  0.0, Diff:  0.0, Sum:  0.0, Workers: 4
[2054.817s][debug][gc,phases      ] GC(105)     Dead                           Min: 0, Avg:  0.0, Max: 0, Diff: 0, Sum: 0, Workers: 4
[2054.817s][debug][gc,phases      ] GC(105)     Total                          Min: 0, Avg:  0.0, Max: 0, Diff: 0, Sum: 0, Workers: 4
[2054.817s][debug][gc,phases      ] GC(105)   StringTable Weak               Min:  0.0, Avg:  0.1, Max:  0.1, Diff:  0.1, Sum:  0.4, Workers: 4
[2054.817s][debug][gc,phases      ] GC(105)     Dead                           Min: 0, Avg:  0.0, Max: 0, Diff: 0, Sum: 0, Workers: 4
[2054.817s][debug][gc,phases      ] GC(105)     Total                          Min: 0, Avg: 10925.8, Max: 18424, Diff: 18424, Sum: 43703, Workers: 4
[2054.817s][debug][gc,phases      ] GC(105)   ResolvedMethodTable Weak       Min:  0.0, Avg:  0.0, Max:  0.0, Diff:  0.0, Sum:  0.1, Workers: 4
[2054.817s][debug][gc,phases      ] GC(105)     Dead                           Min: 0, Avg:  0.0, Max: 0, Diff: 0, Sum: 0, Workers: 4
[2054.817s][debug][gc,phases      ] GC(105)     Total                          Min: 0, Avg: 2352.0, Max: 3776, Diff: 3776, Sum: 9408, Workers: 4
[2054.817s][debug][gc,phases      ] GC(105)   JNI Weak                       Min:  0.0, Avg:  0.0, Max:  0.0, Diff:  0.0, Sum:  0.0, Workers: 4
[2054.817s][debug][gc,phases      ] GC(105)     Dead                           Min: 0, Avg:  0.0, Max: 0, Diff: 0, Sum: 0, Workers: 4
[2054.817s][debug][gc,phases      ] GC(105)     Total                          Min: 0, Avg: 11.2, Max: 45, Diff: 45, Sum: 45, Workers: 4
[2054.817s][debug][gc,phases      ] GC(105)   StringDedup Table Weak         Min:  0.0, Avg:  0.0, Max:  0.0, Diff:  0.0, Sum:  0.0, Workers: 4
[2054.817s][debug][gc,phases      ] GC(105)     Dead                           Min: 0, Avg:  0.0, Max: 0, Diff: 0, Sum: 0, Workers: 4
[2054.817s][debug][gc,phases      ] GC(105)     Total                          Min: 0, Avg:  0.0, Max: 0, Diff: 0, Sum: 0, Workers: 4
[2054.817s][debug][gc,phases      ] GC(105)   StringDedup Requests0 Weak     Min:  0.0, Avg:  0.0, Max:  0.0, Diff:  0.0, Sum:  0.0, Workers: 4
[2054.817s][debug][gc,phases      ] GC(105)     Dead                           Min: 0, Avg:  0.0, Max: 0, Diff: 0, Sum: 0, Workers: 4
[2054.817s][debug][gc,phases      ] GC(105)     Total                          Min: 0, Avg:  0.0, Max: 0, Diff: 0, Sum: 0, Workers: 4
[2054.817s][debug][gc,phases      ] GC(105)   StringDedup Requests1 Weak     Min:  0.0, Avg:  0.0, Max:  0.0, Diff:  0.0, Sum:  0.0, Workers: 4
[2054.817s][debug][gc,phases      ] GC(105)     Dead                           Min: 0, Avg:  0.0, Max: 0, Diff: 0, Sum: 0, Workers: 4
[2054.817s][debug][gc,phases      ] GC(105)     Total                          Min: 0, Avg:  0.0, Max: 0, Diff: 0, Sum: 0, Workers: 4
[2054.817s][debug][gc,phases      ] GC(105)   Weak JFR Old Object Samples    Min:  0.0, Avg:  0.0, Max:  0.0, Diff:  0.0, Sum:  0.0, Workers: 4
[2054.817s][debug][gc,phases      ] GC(105)     Dead                           Min: 0, Avg:  0.0, Max: 0, Diff: 0, Sum: 0, Workers: 4
[2054.817s][debug][gc,phases      ] GC(105)     Total                          Min: 0, Avg:  0.0, Max: 0, Diff: 0, Sum: 0, Workers: 4
[2054.817s][debug][gc,phases      ] GC(105) Weak Processing 0.332ms
[2054.817s][debug][gc,age         ] GC(105) Desired survivor size 4194304 bytes, new threshold 15 (max threshold 15)
[2054.817s][info ][gc,heap        ] GC(105) PSYoungGen: 2088736K(2092544K)->768K(2093056K) Eden: 2087936K(2087936K)->0K(2088960K) From: 800K(4608K)->768K(4096K)
[2054.817s][info ][gc,heap        ] GC(105) ParOldGen: 343044K(386560K)->343060K(386560K)
[2054.817s][info ][gc,metaspace   ] GC(105) Metaspace: 81621K(82624K)->81621K(82624K) NonClass: 69908K(70464K)->69908K(70464K) Class: 11712K(12160K)->11712K(12160K)
[2054.817s][info ][gc             ] GC(105) Pause Young (Allocation Failure) 2374M->335M(2421M) 2.799ms
[2054.817s][info ][gc,cpu         ] GC(105) User=0.01s Sys=0.00s Real=0.00s
[2054.817s][info ][safepoint      ] Safepoint "ParallelGCFailedAllocation", Time since last: 19695114595 ns, Reaching safepoint: 43400 ns, At safepoint: 2875620 ns, Total: 2919020 ns
[2088.562s][info ][gc,start       ] GC(106) Pause Young (Allocation Failure)
[2088.564s][debug][gc,phases      ] GC(106) Scavenge 2.142ms
[2088.564s][debug][gc,ref         ] GC(106) Skipped phase 1 of Reference Processing: no references
[2088.564s][debug][gc,ref         ] GC(106) ReferenceProcessor::execute queues: 1, RefProcThreadModel::Single, marks_oops_alive: false
[2088.564s][debug][gc,ref         ] GC(106) Skipped phase 3 of Reference Processing: no references
[2088.564s][debug][gc,ref         ] GC(106) ReferenceProcessor::execute queues: 1, RefProcThreadModel::Single, marks_oops_alive: false
[2088.564s][debug][gc,phases      ] GC(106) Reference Processing 0.090ms
[2088.564s][debug][gc,phases      ] GC(106)   VM Weak                        Min:  0.0, Avg:  0.0, Max:  0.0, Diff:  0.0, Sum:  0.0, Workers: 4
[2088.564s][debug][gc,phases      ] GC(106)     Dead                           Min: 0, Avg:  0.0, Max: 0, Diff: 0, Sum: 0, Workers: 4
[2088.564s][debug][gc,phases      ] GC(106)     Total                          Min: 0, Avg: 205.2, Max: 384, Diff: 384, Sum: 821, Workers: 4
[2088.564s][debug][gc,phases      ] GC(106)   ObjectSynchronizer Weak        Min:  0.0, Avg:  0.0, Max:  0.0, Diff:  0.0, Sum:  0.0, Workers: 4
[2088.564s][debug][gc,phases      ] GC(106)     Dead                           Min: 0, Avg:  0.0, Max: 0, Diff: 0, Sum: 0, Workers: 4
[2088.564s][debug][gc,phases      ] GC(106)     Total                          Min: 0, Avg:  8.8, Max: 35, Diff: 35, Sum: 35, Workers: 4
[2088.564s][debug][gc,phases      ] GC(106)   JVMTI Tag Weak OopStorage      Min:  0.0, Avg:  0.0, Max:  0.0, Diff:  0.0, Sum:  0.0, Workers: 4
[2088.564s][debug][gc,phases      ] GC(106)     Dead                           Min: 0, Avg:  0.0, Max: 0, Diff: 0, Sum: 0, Workers: 4
[2088.564s][debug][gc,phases      ] GC(106)     Total                          Min: 0, Avg:  0.0, Max: 0, Diff: 0, Sum: 0, Workers: 4
[2088.564s][debug][gc,phases      ] GC(106)   StringTable Weak               Min:  0.0, Avg:  0.1, Max:  0.1, Diff:  0.1, Sum:  0.3, Workers: 4
[2088.564s][debug][gc,phases      ] GC(106)     Dead                           Min: 0, Avg:  0.0, Max: 0, Diff: 0, Sum: 0, Workers: 4
[2088.564s][debug][gc,phases      ] GC(106)     Total                          Min: 0, Avg: 10925.8, Max: 19000, Diff: 19000, Sum: 43703, Workers: 4
[2088.564s][debug][gc,phases      ] GC(106)   ResolvedMethodTable Weak       Min:  0.0, Avg:  0.0, Max:  0.0, Diff:  0.0, Sum:  0.1, Workers: 4
[2088.564s][debug][gc,phases      ] GC(106)     Dead                           Min: 0, Avg:  0.0, Max: 0, Diff: 0, Sum: 0, Workers: 4
[2088.564s][debug][gc,phases      ] GC(106)     Total                          Min: 0, Avg: 2352.0, Max: 4288, Diff: 4288, Sum: 9408, Workers: 4
[2088.564s][debug][gc,phases      ] GC(106)   JNI Weak                       Min:  0.0, Avg:  0.0, Max:  0.0, Diff:  0.0, Sum:  0.0, Workers: 4
[2088.564s][debug][gc,phases      ] GC(106)     Dead                           Min: 0, Avg:  0.0, Max: 0, Diff: 0, Sum: 0, Workers: 4
[2088.564s][debug][gc,phases      ] GC(106)     Total                          Min: 0, Avg: 11.2, Max: 45, Diff: 45, Sum: 45, Workers: 4
[2088.564s][debug][gc,phases      ] GC(106)   StringDedup Table Weak         Min:  0.0, Avg:  0.0, Max:  0.0, Diff:  0.0, Sum:  0.0, Workers: 4
[2088.564s][debug][gc,phases      ] GC(106)     Dead                           Min: 0, Avg:  0.0, Max: 0, Diff: 0, Sum: 0, Workers: 4
[2088.564s][debug][gc,phases      ] GC(106)     Total                          Min: 0, Avg:  0.0, Max: 0, Diff: 0, Sum: 0, Workers: 4
[2088.564s][debug][gc,phases      ] GC(106)   StringDedup Requests0 Weak     Min:  0.0, Avg:  0.0, Max:  0.0, Diff:  0.0, Sum:  0.0, Workers: 4
[2088.564s][debug][gc,phases      ] GC(106)     Dead                           Min: 0, Avg:  0.0, Max: 0, Diff: 0, Sum: 0, Workers: 4
[2088.564s][debug][gc,phases      ] GC(106)     Total                          Min: 0, Avg:  0.0, Max: 0, Diff: 0, Sum: 0, Workers: 4
[2088.564s][debug][gc,phases      ] GC(106)   StringDedup Requests1 Weak     Min:  0.0, Avg:  0.0, Max:  0.0, Diff:  0.0, Sum:  0.0, Workers: 4
[2088.564s][debug][gc,phases      ] GC(106)     Dead                           Min: 0, Avg:  0.0, Max: 0, Diff: 0, Sum: 0, Workers: 4
[2088.565s][debug][gc,phases      ] GC(106)     Total                          Min: 0, Avg:  0.0, Max: 0, Diff: 0, Sum: 0, Workers: 4
[2088.565s][debug][gc,phases      ] GC(106)   Weak JFR Old Object Samples    Min:  0.0, Avg:  0.0, Max:  0.0, Diff:  0.0, Sum:  0.0, Workers: 4
[2088.565s][debug][gc,phases      ] GC(106)     Dead                           Min: 0, Avg:  0.0, Max: 0, Diff: 0, Sum: 0, Workers: 4
[2088.565s][debug][gc,phases      ] GC(106)     Total                          Min: 0, Avg:  0.0, Max: 0, Diff: 0, Sum: 0, Workers: 4
[2088.565s][debug][gc,phases      ] GC(106) Weak Processing 0.319ms
[2088.565s][debug][gc,age         ] GC(106) Desired survivor size 3670016 bytes, new threshold 15 (max threshold 15)
[2088.565s][info ][gc,heap        ] GC(106) PSYoungGen: 2089728K(2093056K)->768K(2093056K) Eden: 2088960K(2088960K)->0K(2088960K) From: 768K(4096K)->768K(4096K)
[2088.565s][info ][gc,heap        ] GC(106) ParOldGen: 343060K(386560K)->343068K(386560K)
[2088.565s][info ][gc,metaspace   ] GC(106) Metaspace: 81621K(82624K)->81621K(82624K) NonClass: 69908K(70464K)->69908K(70464K) Class: 11712K(12160K)->11712K(12160K)
[2088.565s][info ][gc             ] GC(106) Pause Young (Allocation Failure) 2375M->335M(2421M) 2.643ms
[2088.565s][info ][gc,cpu         ] GC(106) User=0.01s Sys=0.00s Real=0.00s
[2088.565s][info ][safepoint      ] Safepoint "ParallelGCFailedAllocation", Time since last: 33744978176 ns, Reaching safepoint: 33600 ns, At safepoint: 2722020 ns, Total: 2755620 ns
[2091.565s][info ][safepoint      ] Safepoint "Cleanup", Time since last: 3000227061 ns, Reaching safepoint: 109601 ns, At safepoint: 4800 ns, Total: 114401 ns
[2103.566s][info ][safepoint      ] Safepoint "Cleanup", Time since last: 12000876133 ns, Reaching safepoint: 106601 ns, At safepoint: 7600 ns, Total: 114201 ns
[2108.566s][info ][safepoint      ] Safepoint "Cleanup", Time since last: 5000414352 ns, Reaching safepoint: 110800 ns, At safepoint: 3200 ns, Total: 114000 ns
[2111.567s][info ][safepoint      ] Safepoint "Cleanup", Time since last: 3000202317 ns, Reaching safepoint: 114901 ns, At safepoint: 5500 ns, Total: 120401 ns
[2115.567s][info ][safepoint      ] Safepoint "Cleanup", Time since last: 4000311740 ns, Reaching safepoint: 44900 ns, At safepoint: 3200 ns, Total: 48100 ns
[2122.165s][info ][gc,start       ] GC(107) Pause Young (Allocation Failure)
[2122.169s][debug][gc,phases      ] GC(107) Scavenge 3.832ms
[2122.169s][debug][gc,ref         ] GC(107) Skipped phase 1 of Reference Processing: no references
[2122.169s][debug][gc,ref         ] GC(107) ReferenceProcessor::execute queues: 1, RefProcThreadModel::Single, marks_oops_alive: false
[2122.169s][debug][gc,ref         ] GC(107) Skipped phase 3 of Reference Processing: no references
[2122.169s][debug][gc,ref         ] GC(107) ReferenceProcessor::execute queues: 1, RefProcThreadModel::Single, marks_oops_alive: false
[2122.169s][debug][gc,phases      ] GC(107) Reference Processing 0.123ms
[2122.170s][debug][gc,phases      ] GC(107)   VM Weak                        Min:  0.0, Avg:  0.0, Max:  0.0, Diff:  0.0, Sum:  0.0, Workers: 4
[2122.170s][debug][gc,phases      ] GC(107)     Dead                           Min: 0, Avg:  0.0, Max: 0, Diff: 0, Sum: 0, Workers: 4
[2122.170s][debug][gc,phases      ] GC(107)     Total                          Min: 0, Avg: 205.2, Max: 576, Diff: 576, Sum: 821, Workers: 4
[2122.170s][debug][gc,phases      ] GC(107)   ObjectSynchronizer Weak        Min:  0.0, Avg:  0.0, Max:  0.0, Diff:  0.0, Sum:  0.0, Workers: 4
[2122.170s][debug][gc,phases      ] GC(107)     Dead                           Min: 0, Avg:  0.0, Max: 0, Diff: 0, Sum: 0, Workers: 4
[2122.170s][debug][gc,phases      ] GC(107)     Total                          Min: 0, Avg:  8.8, Max: 35, Diff: 35, Sum: 35, Workers: 4
[2122.170s][debug][gc,phases      ] GC(107)   JVMTI Tag Weak OopStorage      Min:  0.0, Avg:  0.0, Max:  0.0, Diff:  0.0, Sum:  0.0, Workers: 4
[2122.170s][debug][gc,phases      ] GC(107)     Dead                           Min: 0, Avg:  0.0, Max: 0, Diff: 0, Sum: 0, Workers: 4
[2122.170s][debug][gc,phases      ] GC(107)     Total                          Min: 0, Avg:  0.0, Max: 0, Diff: 0, Sum: 0, Workers: 4
[2122.170s][debug][gc,phases      ] GC(107)   StringTable Weak               Min:  0.0, Avg:  0.1, Max:  0.1, Diff:  0.1, Sum:  0.4, Workers: 4
[2122.170s][debug][gc,phases      ] GC(107)     Dead                           Min: 0, Avg:  0.0, Max: 0, Diff: 0, Sum: 0, Workers: 4
[2122.170s][debug][gc,phases      ] GC(107)     Total                          Min: 0, Avg: 10925.8, Max: 15552, Diff: 15552, Sum: 43703, Workers: 4
[2122.170s][debug][gc,phases      ] GC(107)   ResolvedMethodTable Weak       Min:  0.0, Avg:  0.0, Max:  0.0, Diff:  0.0, Sum:  0.1, Workers: 4
[2122.170s][debug][gc,phases      ] GC(107)     Dead                           Min: 0, Avg:  0.0, Max: 0, Diff: 0, Sum: 0, Workers: 4
[2122.170s][debug][gc,phases      ] GC(107)     Total                          Min: 0, Avg: 2352.0, Max: 3456, Diff: 3456, Sum: 9408, Workers: 4
[2122.170s][debug][gc,phases      ] GC(107)   JNI Weak                       Min:  0.0, Avg:  0.0, Max:  0.0, Diff:  0.0, Sum:  0.0, Workers: 4
[2122.170s][debug][gc,phases      ] GC(107)     Dead                           Min: 0, Avg:  0.0, Max: 0, Diff: 0, Sum: 0, Workers: 4
[2122.170s][debug][gc,phases      ] GC(107)     Total                          Min: 0, Avg: 11.2, Max: 45, Diff: 45, Sum: 45, Workers: 4
[2122.170s][debug][gc,phases      ] GC(107)   StringDedup Table Weak         Min:  0.0, Avg:  0.0, Max:  0.0, Diff:  0.0, Sum:  0.0, Workers: 4
[2122.170s][debug][gc,phases      ] GC(107)     Dead                           Min: 0, Avg:  0.0, Max: 0, Diff: 0, Sum: 0, Workers: 4
[2122.170s][debug][gc,phases      ] GC(107)     Total                          Min: 0, Avg:  0.0, Max: 0, Diff: 0, Sum: 0, Workers: 4
[2122.170s][debug][gc,phases      ] GC(107)   StringDedup Requests0 Weak     Min:  0.0, Avg:  0.0, Max:  0.0, Diff:  0.0, Sum:  0.0, Workers: 4
[2122.170s][debug][gc,phases      ] GC(107)     Dead                           Min: 0, Avg:  0.0, Max: 0, Diff: 0, Sum: 0, Workers: 4
[2122.170s][debug][gc,phases      ] GC(107)     Total                          Min: 0, Avg:  0.0, Max: 0, Diff: 0, Sum: 0, Workers: 4
[2122.170s][debug][gc,phases      ] GC(107)   StringDedup Requests1 Weak     Min:  0.0, Avg:  0.0, Max:  0.0, Diff:  0.0, Sum:  0.0, Workers: 4
[2122.170s][debug][gc,phases      ] GC(107)     Dead                           Min: 0, Avg:  0.0, Max: 0, Diff: 0, Sum: 0, Workers: 4
[2122.170s][debug][gc,phases      ] GC(107)     Total                          Min: 0, Avg:  0.0, Max: 0, Diff: 0, Sum: 0, Workers: 4
[2122.170s][debug][gc,phases      ] GC(107)   Weak JFR Old Object Samples    Min:  0.0, Avg:  0.0, Max:  0.0, Diff:  0.0, Sum:  0.0, Workers: 4
[2122.170s][debug][gc,phases      ] GC(107)     Dead                           Min: 0, Avg:  0.0, Max: 0, Diff: 0, Sum: 0, Workers: 4
[2122.170s][debug][gc,phases      ] GC(107)     Total                          Min: 0, Avg:  0.0, Max: 0, Diff: 0, Sum: 0, Workers: 4
[2122.170s][debug][gc,phases      ] GC(107) Weak Processing 0.426ms
[2122.170s][debug][gc,age         ] GC(107) Desired survivor size 3670016 bytes, new threshold 15 (max threshold 15)
[2122.170s][info ][gc,heap        ] GC(107) PSYoungGen: 2089728K(2093056K)->768K(2093568K) Eden: 2088960K(2088960K)->0K(2089984K) From: 768K(4096K)->768K(3584K)
[2122.170s][info ][gc,heap        ] GC(107) ParOldGen: 343068K(386560K)->343076K(386560K)
[2122.170s][info ][gc,metaspace   ] GC(107) Metaspace: 81625K(82624K)->81625K(82624K) NonClass: 69912K(70464K)->69912K(70464K) Class: 11712K(12160K)->11712K(12160K)
[2122.170s][info ][gc             ] GC(107) Pause Young (Allocation Failure) 2375M->335M(2422M) 4.510ms
[2122.170s][info ][gc,cpu         ] GC(107) User=0.01s Sys=0.00s Real=0.00s
[2122.170s][info ][safepoint      ] Safepoint "ParallelGCFailedAllocation", Time since last: 6598020241 ns, Reaching safepoint: 98101 ns, At safepoint: 4585233 ns, Total: 4683334 ns
[2149.172s][info ][safepoint      ] Safepoint "Cleanup", Time since last: 27001745012 ns, Reaching safepoint: 33100 ns, At safepoint: 2500 ns, Total: 35600 ns
[2155.914s][info ][gc,start       ] GC(108) Pause Young (Allocation Failure)
[2155.917s][debug][gc,phases      ] GC(108) Scavenge 3.161ms
[2155.917s][debug][gc,ref         ] GC(108) Skipped phase 1 of Reference Processing: no references
[2155.917s][debug][gc,ref         ] GC(108) ReferenceProcessor::execute queues: 1, RefProcThreadModel::Single, marks_oops_alive: false
[2155.917s][debug][gc,ref         ] GC(108) Skipped phase 3 of Reference Processing: no references
[2155.917s][debug][gc,ref         ] GC(108) ReferenceProcessor::execute queues: 1, RefProcThreadModel::Single, marks_oops_alive: false
[2155.917s][debug][gc,phases      ] GC(108) Reference Processing 0.127ms
[2155.917s][debug][gc,phases      ] GC(108)   VM Weak                        Min:  0.0, Avg:  0.0, Max:  0.0, Diff:  0.0, Sum:  0.0, Workers: 4
[2155.917s][debug][gc,phases      ] GC(108)     Dead                           Min: 0, Avg:  0.0, Max: 0, Diff: 0, Sum: 0, Workers: 4
[2155.917s][debug][gc,phases      ] GC(108)     Total                          Min: 0, Avg: 205.2, Max: 640, Diff: 640, Sum: 821, Workers: 4
[2155.917s][debug][gc,phases      ] GC(108)   ObjectSynchronizer Weak        Min:  0.0, Avg:  0.0, Max:  0.0, Diff:  0.0, Sum:  0.0, Workers: 4
[2155.917s][debug][gc,phases      ] GC(108)     Dead                           Min: 0, Avg:  0.0, Max: 0, Diff: 0, Sum: 0, Workers: 4
[2155.917s][debug][gc,phases      ] GC(108)     Total                          Min: 0, Avg:  8.8, Max: 35, Diff: 35, Sum: 35, Workers: 4
[2155.917s][debug][gc,phases      ] GC(108)   JVMTI Tag Weak OopStorage      Min:  0.0, Avg:  0.0, Max:  0.0, Diff:  0.0, Sum:  0.0, Workers: 4
[2155.917s][debug][gc,phases      ] GC(108)     Dead                           Min: 0, Avg:  0.0, Max: 0, Diff: 0, Sum: 0, Workers: 4
[2155.917s][debug][gc,phases      ] GC(108)     Total                          Min: 0, Avg:  0.0, Max: 0, Diff: 0, Sum: 0, Workers: 4
[2155.917s][debug][gc,phases      ] GC(108)   StringTable Weak               Min:  0.0, Avg:  0.1, Max:  0.1, Diff:  0.1, Sum:  0.4, Workers: 4
[2155.917s][debug][gc,phases      ] GC(108)     Dead                           Min: 0, Avg:  0.0, Max: 0, Diff: 0, Sum: 0, Workers: 4
[2155.917s][debug][gc,phases      ] GC(108)     Total                          Min: 0, Avg: 10925.8, Max: 16312, Diff: 16312, Sum: 43703, Workers: 4
[2155.917s][debug][gc,phases      ] GC(108)   ResolvedMethodTable Weak       Min:  0.0, Avg:  0.0, Max:  0.0, Diff:  0.0, Sum:  0.1, Workers: 4
[2155.917s][debug][gc,phases      ] GC(108)     Dead                           Min: 0, Avg:  0.0, Max: 0, Diff: 0, Sum: 0, Workers: 4
[2155.917s][debug][gc,phases      ] GC(108)     Total                          Min: 0, Avg: 2352.0, Max: 3968, Diff: 3968, Sum: 9408, Workers: 4
[2155.917s][debug][gc,phases      ] GC(108)   JNI Weak                       Min:  0.0, Avg:  0.0, Max:  0.0, Diff:  0.0, Sum:  0.0, Workers: 4
[2155.917s][debug][gc,phases      ] GC(108)     Dead                           Min: 0, Avg:  0.0, Max: 0, Diff: 0, Sum: 0, Workers: 4
[2155.917s][debug][gc,phases      ] GC(108)     Total                          Min: 0, Avg: 11.2, Max: 45, Diff: 45, Sum: 45, Workers: 4
[2155.917s][debug][gc,phases      ] GC(108)   StringDedup Table Weak         Min:  0.0, Avg:  0.0, Max:  0.0, Diff:  0.0, Sum:  0.0, Workers: 4
[2155.917s][debug][gc,phases      ] GC(108)     Dead                           Min: 0, Avg:  0.0, Max: 0, Diff: 0, Sum: 0, Workers: 4
[2155.917s][debug][gc,phases      ] GC(108)     Total                          Min: 0, Avg:  0.0, Max: 0, Diff: 0, Sum: 0, Workers: 4
[2155.917s][debug][gc,phases      ] GC(108)   StringDedup Requests0 Weak     Min:  0.0, Avg:  0.0, Max:  0.0, Diff:  0.0, Sum:  0.0, Workers: 4
[2155.917s][debug][gc,phases      ] GC(108)     Dead                           Min: 0, Avg:  0.0, Max: 0, Diff: 0, Sum: 0, Workers: 4
[2155.917s][debug][gc,phases      ] GC(108)     Total                          Min: 0, Avg:  0.0, Max: 0, Diff: 0, Sum: 0, Workers: 4
[2155.917s][debug][gc,phases      ] GC(108)   StringDedup Requests1 Weak     Min:  0.0, Avg:  0.0, Max:  0.0, Diff:  0.0, Sum:  0.0, Workers: 4
[2155.917s][debug][gc,phases      ] GC(108)     Dead                           Min: 0, Avg:  0.0, Max: 0, Diff: 0, Sum: 0, Workers: 4
[2155.917s][debug][gc,phases      ] GC(108)     Total                          Min: 0, Avg:  0.0, Max: 0, Diff: 0, Sum: 0, Workers: 4
[2155.917s][debug][gc,phases      ] GC(108)   Weak JFR Old Object Samples    Min:  0.0, Avg:  0.0, Max:  0.0, Diff:  0.0, Sum:  0.0, Workers: 4
[2155.917s][debug][gc,phases      ] GC(108)     Dead                           Min: 0, Avg:  0.0, Max: 0, Diff: 0, Sum: 0, Workers: 4
[2155.917s][debug][gc,phases      ] GC(108)     Total                          Min: 0, Avg:  0.0, Max: 0, Diff: 0, Sum: 0, Workers: 4
[2155.917s][debug][gc,phases      ] GC(108) Weak Processing 0.359ms
[2155.917s][debug][gc,age         ] GC(108) Desired survivor size 3670016 bytes, new threshold 15 (max threshold 15)
[2155.917s][info ][gc,heap        ] GC(108) PSYoungGen: 2090752K(2093568K)->736K(2093568K) Eden: 2089984K(2089984K)->0K(2089984K) From: 768K(3584K)->736K(3584K)
[2155.917s][info ][gc,heap        ] GC(108) ParOldGen: 343076K(386560K)->343084K(386560K)
[2155.917s][info ][gc,metaspace   ] GC(108) Metaspace: 81625K(82624K)->81625K(82624K) NonClass: 69913K(70464K)->69913K(70464K) Class: 11712K(12160K)->11712K(12160K)
[2155.917s][info ][gc             ] GC(108) Pause Young (Allocation Failure) 2376M->335M(2422M) 3.789ms
[2155.917s][info ][gc,cpu         ] GC(108) User=0.01s Sys=0.00s Real=0.00s
[2155.917s][info ][safepoint      ] Safepoint "ParallelGCFailedAllocation", Time since last: 6742003888 ns, Reaching safepoint: 43300 ns, At safepoint: 3850829 ns, Total: 3894129 ns
[2176.919s][info ][safepoint      ] Safepoint "Cleanup", Time since last: 21001381449 ns, Reaching safepoint: 44600 ns, At safepoint: 2800 ns, Total: 47400 ns
[2189.664s][info ][gc,start       ] GC(109) Pause Young (Allocation Failure)
[2189.666s][debug][gc,phases      ] GC(109) Scavenge 1.937ms
[2189.666s][debug][gc,ref         ] GC(109) Skipped phase 1 of Reference Processing: no references
[2189.666s][debug][gc,ref         ] GC(109) ReferenceProcessor::execute queues: 1, RefProcThreadModel::Single, marks_oops_alive: false
[2189.666s][debug][gc,ref         ] GC(109) Skipped phase 3 of Reference Processing: no references
[2189.666s][debug][gc,ref         ] GC(109) ReferenceProcessor::execute queues: 1, RefProcThreadModel::Single, marks_oops_alive: false
[2189.666s][debug][gc,phases      ] GC(109) Reference Processing 0.094ms
[2189.667s][debug][gc,phases      ] GC(109)   VM Weak                        Min:  0.0, Avg:  0.0, Max:  0.0, Diff:  0.0, Sum:  0.0, Workers: 4
[2189.667s][debug][gc,phases      ] GC(109)     Dead                           Min: 0, Avg:  0.0, Max: 0, Diff: 0, Sum: 0, Workers: 4
[2189.667s][debug][gc,phases      ] GC(109)     Total                          Min: 0, Avg: 205.2, Max: 821, Diff: 821, Sum: 821, Workers: 4
[2189.667s][debug][gc,phases      ] GC(109)   ObjectSynchronizer Weak        Min:  0.0, Avg:  0.0, Max:  0.0, Diff:  0.0, Sum:  0.0, Workers: 4
[2189.667s][debug][gc,phases      ] GC(109)     Dead                           Min: 0, Avg:  0.0, Max: 0, Diff: 0, Sum: 0, Workers: 4
[2189.667s][debug][gc,phases      ] GC(109)     Total                          Min: 0, Avg:  8.8, Max: 35, Diff: 35, Sum: 35, Workers: 4
[2189.667s][debug][gc,phases      ] GC(109)   JVMTI Tag Weak OopStorage      Min:  0.0, Avg:  0.0, Max:  0.0, Diff:  0.0, Sum:  0.0, Workers: 4
[2189.667s][debug][gc,phases      ] GC(109)     Dead                           Min: 0, Avg:  0.0, Max: 0, Diff: 0, Sum: 0, Workers: 4
[2189.667s][debug][gc,phases      ] GC(109)     Total                          Min: 0, Avg:  0.0, Max: 0, Diff: 0, Sum: 0, Workers: 4
[2189.667s][debug][gc,phases      ] GC(109)   StringTable Weak               Min:  0.0, Avg:  0.1, Max:  0.1, Diff:  0.1, Sum:  0.4, Workers: 4
[2189.667s][debug][gc,phases      ] GC(109)     Dead                           Min: 0, Avg:  0.0, Max: 0, Diff: 0, Sum: 0, Workers: 4
[2189.667s][debug][gc,phases      ] GC(109)     Total                          Min: 0, Avg: 10925.8, Max: 17656, Diff: 17656, Sum: 43703, Workers: 4
[2189.667s][debug][gc,phases      ] GC(109)   ResolvedMethodTable Weak       Min:  0.0, Avg:  0.0, Max:  0.0, Diff:  0.0, Sum:  0.1, Workers: 4
[2189.667s][debug][gc,phases      ] GC(109)     Dead                           Min: 0, Avg:  0.0, Max: 0, Diff: 0, Sum: 0, Workers: 4
[2189.667s][debug][gc,phases      ] GC(109)     Total                          Min: 0, Avg: 2352.0, Max: 3840, Diff: 3840, Sum: 9408, Workers: 4
[2189.667s][debug][gc,phases      ] GC(109)   JNI Weak                       Min:  0.0, Avg:  0.0, Max:  0.0, Diff:  0.0, Sum:  0.0, Workers: 4
[2189.667s][debug][gc,phases      ] GC(109)     Dead                           Min: 0, Avg:  0.0, Max: 0, Diff: 0, Sum: 0, Workers: 4
[2189.667s][debug][gc,phases      ] GC(109)     Total                          Min: 0, Avg: 11.2, Max: 45, Diff: 45, Sum: 45, Workers: 4
[2189.667s][debug][gc,phases      ] GC(109)   StringDedup Table Weak         Min:  0.0, Avg:  0.0, Max:  0.0, Diff:  0.0, Sum:  0.0, Workers: 4
[2189.667s][debug][gc,phases      ] GC(109)     Dead                           Min: 0, Avg:  0.0, Max: 0, Diff: 0, Sum: 0, Workers: 4
[2189.667s][debug][gc,phases      ] GC(109)     Total                          Min: 0, Avg:  0.0, Max: 0, Diff: 0, Sum: 0, Workers: 4
[2189.667s][debug][gc,phases      ] GC(109)   StringDedup Requests0 Weak     Min:  0.0, Avg:  0.0, Max:  0.0, Diff:  0.0, Sum:  0.0, Workers: 4
[2189.667s][debug][gc,phases      ] GC(109)     Dead                           Min: 0, Avg:  0.0, Max: 0, Diff: 0, Sum: 0, Workers: 4
[2189.667s][debug][gc,phases      ] GC(109)     Total                          Min: 0, Avg:  0.0, Max: 0, Diff: 0, Sum: 0, Workers: 4
[2189.667s][debug][gc,phases      ] GC(109)   StringDedup Requests1 Weak     Min:  0.0, Avg:  0.0, Max:  0.0, Diff:  0.0, Sum:  0.0, Workers: 4
[2189.667s][debug][gc,phases      ] GC(109)     Dead                           Min: 0, Avg:  0.0, Max: 0, Diff: 0, Sum: 0, Workers: 4
[2189.667s][debug][gc,phases      ] GC(109)     Total                          Min: 0, Avg:  0.0, Max: 0, Diff: 0, Sum: 0, Workers: 4
[2189.667s][debug][gc,phases      ] GC(109)   Weak JFR Old Object Samples    Min:  0.0, Avg:  0.0, Max:  0.0, Diff:  0.0, Sum:  0.0, Workers: 4
[2189.667s][debug][gc,phases      ] GC(109)     Dead                           Min: 0, Avg:  0.0, Max: 0, Diff: 0, Sum: 0, Workers: 4
[2189.667s][debug][gc,phases      ] GC(109)     Total                          Min: 0, Avg:  0.0, Max: 0, Diff: 0, Sum: 0, Workers: 4
[2189.667s][debug][gc,phases      ] GC(109) Weak Processing 0.323ms
[2189.667s][debug][gc,age         ] GC(109) Desired survivor size 3145728 bytes, new threshold 15 (max threshold 15)
[2189.667s][info ][gc,heap        ] GC(109) PSYoungGen: 2090720K(2093568K)->768K(2094080K) Eden: 2089984K(2089984K)->0K(2090496K) From: 736K(3584K)->768K(3584K)
[2189.667s][info ][gc,heap        ] GC(109) ParOldGen: 343084K(386560K)->343092K(386560K)
[2189.667s][info ][gc,metaspace   ] GC(109) Metaspace: 81625K(82624K)->81625K(82624K) NonClass: 69913K(70464K)->69913K(70464K) Class: 11712K(12160K)->11712K(12160K)
[2189.667s][info ][gc             ] GC(109) Pause Young (Allocation Failure) 2376M->335M(2422M) 2.451ms
[2189.667s][info ][gc,cpu         ] GC(109) User=0.00s Sys=0.00s Real=0.00s
[2189.667s][info ][safepoint      ] Safepoint "ParallelGCFailedAllocation", Time since last: 12745221648 ns, Reaching safepoint: 42900 ns, At safepoint: 2509525 ns, Total: 2552425 ns
[2191.667s][info ][safepoint      ] Safepoint "Cleanup", Time since last: 2000139242 ns, Reaching safepoint: 41300 ns, At safepoint: 2200 ns, Total: 43500 ns
[2198.667s][info ][safepoint      ] Safepoint "Cleanup", Time since last: 7000453643 ns, Reaching safepoint: 58401 ns, At safepoint: 36000 ns, Total: 94401 ns
[2204.668s][info ][safepoint      ] Safepoint "Cleanup", Time since last: 6000453293 ns, Reaching safepoint: 41700 ns, At safepoint: 3000 ns, Total: 44700 ns
[2223.462s][info ][gc,start       ] GC(110) Pause Young (Allocation Failure)
[2223.464s][debug][gc,phases      ] GC(110) Scavenge 2.131ms
[2223.464s][debug][gc,ref         ] GC(110) Skipped phase 1 of Reference Processing: no references
[2223.465s][debug][gc,ref         ] GC(110) ReferenceProcessor::execute queues: 1, RefProcThreadModel::Single, marks_oops_alive: false
[2223.465s][debug][gc,ref         ] GC(110) Skipped phase 3 of Reference Processing: no references
[2223.465s][debug][gc,ref         ] GC(110) ReferenceProcessor::execute queues: 1, RefProcThreadModel::Single, marks_oops_alive: false
[2223.465s][debug][gc,phases      ] GC(110) Reference Processing 0.094ms
[2223.465s][debug][gc,phases      ] GC(110)   VM Weak                        Min:  0.0, Avg:  0.0, Max:  0.0, Diff:  0.0, Sum:  0.0, Workers: 4
[2223.465s][debug][gc,phases      ] GC(110)     Dead                           Min: 0, Avg:  0.0, Max: 0, Diff: 0, Sum: 0, Workers: 4
[2223.465s][debug][gc,phases      ] GC(110)     Total                          Min: 0, Avg: 205.2, Max: 437, Diff: 437, Sum: 821, Workers: 4
[2223.465s][debug][gc,phases      ] GC(110)   ObjectSynchronizer Weak        Min:  0.0, Avg:  0.0, Max:  0.0, Diff:  0.0, Sum:  0.0, Workers: 4
[2223.465s][debug][gc,phases      ] GC(110)     Dead                           Min: 0, Avg:  0.0, Max: 0, Diff: 0, Sum: 0, Workers: 4
[2223.465s][debug][gc,phases      ] GC(110)     Total                          Min: 0, Avg:  8.8, Max: 35, Diff: 35, Sum: 35, Workers: 4
[2223.465s][debug][gc,phases      ] GC(110)   JVMTI Tag Weak OopStorage      Min:  0.0, Avg:  0.0, Max:  0.0, Diff:  0.0, Sum:  0.0, Workers: 4
[2223.465s][debug][gc,phases      ] GC(110)     Dead                           Min: 0, Avg:  0.0, Max: 0, Diff: 0, Sum: 0, Workers: 4
[2223.465s][debug][gc,phases      ] GC(110)     Total                          Min: 0, Avg:  0.0, Max: 0, Diff: 0, Sum: 0, Workers: 4
[2223.465s][debug][gc,phases      ] GC(110)   StringTable Weak               Min:  0.0, Avg:  0.1, Max:  0.1, Diff:  0.1, Sum:  0.4, Workers: 4
[2223.465s][debug][gc,phases      ] GC(110)     Dead                           Min: 0, Avg:  0.0, Max: 0, Diff: 0, Sum: 0, Workers: 4
[2223.465s][debug][gc,phases      ] GC(110)     Total                          Min: 4544, Avg: 10925.8, Max: 14527, Diff: 9983, Sum: 43703, Workers: 4
[2223.465s][debug][gc,phases      ] GC(110)   ResolvedMethodTable Weak       Min:  0.0, Avg:  0.0, Max:  0.0, Diff:  0.0, Sum:  0.1, Workers: 4
[2223.465s][debug][gc,phases      ] GC(110)     Dead                           Min: 0, Avg:  0.0, Max: 0, Diff: 0, Sum: 0, Workers: 4
[2223.465s][debug][gc,phases      ] GC(110)     Total                          Min: 2304, Avg: 2352.0, Max: 2432, Diff: 128, Sum: 9408, Workers: 4
[2223.465s][debug][gc,phases      ] GC(110)   JNI Weak                       Min:  0.0, Avg:  0.0, Max:  0.0, Diff:  0.0, Sum:  0.0, Workers: 4
[2223.465s][debug][gc,phases      ] GC(110)     Dead                           Min: 0, Avg:  0.0, Max: 0, Diff: 0, Sum: 0, Workers: 4
[2223.465s][debug][gc,phases      ] GC(110)     Total                          Min: 0, Avg: 11.2, Max: 45, Diff: 45, Sum: 45, Workers: 4
[2223.465s][debug][gc,phases      ] GC(110)   StringDedup Table Weak         Min:  0.0, Avg:  0.0, Max:  0.0, Diff:  0.0, Sum:  0.0, Workers: 4
[2223.465s][debug][gc,phases      ] GC(110)     Dead                           Min: 0, Avg:  0.0, Max: 0, Diff: 0, Sum: 0, Workers: 4
[2223.465s][debug][gc,phases      ] GC(110)     Total                          Min: 0, Avg:  0.0, Max: 0, Diff: 0, Sum: 0, Workers: 4
[2223.465s][debug][gc,phases      ] GC(110)   StringDedup Requests0 Weak     Min:  0.0, Avg:  0.0, Max:  0.0, Diff:  0.0, Sum:  0.0, Workers: 4
[2223.465s][debug][gc,phases      ] GC(110)     Dead                           Min: 0, Avg:  0.0, Max: 0, Diff: 0, Sum: 0, Workers: 4
[2223.465s][debug][gc,phases      ] GC(110)     Total                          Min: 0, Avg:  0.0, Max: 0, Diff: 0, Sum: 0, Workers: 4
[2223.465s][debug][gc,phases      ] GC(110)   StringDedup Requests1 Weak     Min:  0.0, Avg:  0.0, Max:  0.0, Diff:  0.0, Sum:  0.0, Workers: 4
[2223.465s][debug][gc,phases      ] GC(110)     Dead                           Min: 0, Avg:  0.0, Max: 0, Diff: 0, Sum: 0, Workers: 4
[2223.465s][debug][gc,phases      ] GC(110)     Total                          Min: 0, Avg:  0.0, Max: 0, Diff: 0, Sum: 0, Workers: 4
[2223.465s][debug][gc,phases      ] GC(110)   Weak JFR Old Object Samples    Min:  0.0, Avg:  0.0, Max:  0.0, Diff:  0.0, Sum:  0.0, Workers: 4
[2223.465s][debug][gc,phases      ] GC(110)     Dead                           Min: 0, Avg:  0.0, Max: 0, Diff: 0, Sum: 0, Workers: 4
[2223.465s][debug][gc,phases      ] GC(110)     Total                          Min: 0, Avg:  0.0, Max: 0, Diff: 0, Sum: 0, Workers: 4
[2223.465s][debug][gc,phases      ] GC(110) Weak Processing 0.310ms
[2223.465s][debug][gc,age         ] GC(110) Desired survivor size 3145728 bytes, new threshold 15 (max threshold 15)
[2223.465s][info ][gc,heap        ] GC(110) PSYoungGen: 2091264K(2094080K)->768K(2093568K) Eden: 2090496K(2090496K)->0K(2090496K) From: 768K(3584K)->768K(3072K)
[2223.465s][info ][gc,heap        ] GC(110) ParOldGen: 343092K(386560K)->343108K(386560K)
[2223.465s][info ][gc,metaspace   ] GC(110) Metaspace: 81625K(82624K)->81625K(82624K) NonClass: 69913K(70464K)->69913K(70464K) Class: 11712K(12160K)->11712K(12160K)
[2223.465s][info ][gc             ] GC(110) Pause Young (Allocation Failure) 2377M->335M(2422M) 2.626ms
[2223.465s][info ][gc,cpu         ] GC(110) User=0.01s Sys=0.00s Real=0.00s
[2223.465s][info ][safepoint      ] Safepoint "ParallelGCFailedAllocation", Time since last: 18794298840 ns, Reaching safepoint: 25501 ns, At safepoint: 2683325 ns, Total: 2708826 ns
[2257.167s][info ][gc,start       ] GC(111) Pause Young (Allocation Failure)
[2257.169s][debug][gc,phases      ] GC(111) Scavenge 2.057ms
[2257.169s][debug][gc,ref         ] GC(111) Skipped phase 1 of Reference Processing: no references
[2257.169s][debug][gc,ref         ] GC(111) ReferenceProcessor::execute queues: 1, RefProcThreadModel::Single, marks_oops_alive: false
[2257.169s][debug][gc,ref         ] GC(111) Skipped phase 3 of Reference Processing: no references
[2257.169s][debug][gc,ref         ] GC(111) ReferenceProcessor::execute queues: 1, RefProcThreadModel::Single, marks_oops_alive: false
[2257.169s][debug][gc,phases      ] GC(111) Reference Processing 0.097ms
[2257.169s][debug][gc,phases      ] GC(111)   VM Weak                        Min:  0.0, Avg:  0.0, Max:  0.0, Diff:  0.0, Sum:  0.0, Workers: 4
[2257.169s][debug][gc,phases      ] GC(111)     Dead                           Min: 0, Avg:  0.0, Max: 0, Diff: 0, Sum: 0, Workers: 4
[2257.169s][debug][gc,phases      ] GC(111)     Total                          Min: 0, Avg: 205.2, Max: 640, Diff: 640, Sum: 821, Workers: 4
[2257.169s][debug][gc,phases      ] GC(111)   ObjectSynchronizer Weak        Min:  0.0, Avg:  0.0, Max:  0.0, Diff:  0.0, Sum:  0.0, Workers: 4
[2257.169s][debug][gc,phases      ] GC(111)     Dead                           Min: 0, Avg:  0.0, Max: 0, Diff: 0, Sum: 0, Workers: 4
[2257.169s][debug][gc,phases      ] GC(111)     Total                          Min: 0, Avg:  8.8, Max: 35, Diff: 35, Sum: 35, Workers: 4
[2257.169s][debug][gc,phases      ] GC(111)   JVMTI Tag Weak OopStorage      Min:  0.0, Avg:  0.0, Max:  0.0, Diff:  0.0, Sum:  0.0, Workers: 4
[2257.169s][debug][gc,phases      ] GC(111)     Dead                           Min: 0, Avg:  0.0, Max: 0, Diff: 0, Sum: 0, Workers: 4
[2257.169s][debug][gc,phases      ] GC(111)     Total                          Min: 0, Avg:  0.0, Max: 0, Diff: 0, Sum: 0, Workers: 4
[2257.169s][debug][gc,phases      ] GC(111)   StringTable Weak               Min:  0.0, Avg:  0.1, Max:  0.1, Diff:  0.1, Sum:  0.3, Workers: 4
[2257.169s][debug][gc,phases      ] GC(111)     Dead                           Min: 0, Avg:  0.0, Max: 0, Diff: 0, Sum: 0, Workers: 4
[2257.169s][debug][gc,phases      ] GC(111)     Total                          Min: 0, Avg: 10925.8, Max: 17471, Diff: 17471, Sum: 43703, Workers: 4
[2257.169s][debug][gc,phases      ] GC(111)   ResolvedMethodTable Weak       Min:  0.0, Avg:  0.0, Max:  0.0, Diff:  0.0, Sum:  0.1, Workers: 4
[2257.169s][debug][gc,phases      ] GC(111)     Dead                           Min: 0, Avg:  0.0, Max: 0, Diff: 0, Sum: 0, Workers: 4
[2257.169s][debug][gc,phases      ] GC(111)     Total                          Min: 0, Avg: 2352.0, Max: 4160, Diff: 4160, Sum: 9408, Workers: 4
[2257.169s][debug][gc,phases      ] GC(111)   JNI Weak                       Min:  0.0, Avg:  0.0, Max:  0.0, Diff:  0.0, Sum:  0.0, Workers: 4
[2257.169s][debug][gc,phases      ] GC(111)     Dead                           Min: 0, Avg:  0.0, Max: 0, Diff: 0, Sum: 0, Workers: 4
[2257.169s][debug][gc,phases      ] GC(111)     Total                          Min: 0, Avg: 11.2, Max: 45, Diff: 45, Sum: 45, Workers: 4
[2257.169s][debug][gc,phases      ] GC(111)   StringDedup Table Weak         Min:  0.0, Avg:  0.0, Max:  0.0, Diff:  0.0, Sum:  0.0, Workers: 4
[2257.169s][debug][gc,phases      ] GC(111)     Dead                           Min: 0, Avg:  0.0, Max: 0, Diff: 0, Sum: 0, Workers: 4
[2257.169s][debug][gc,phases      ] GC(111)     Total                          Min: 0, Avg:  0.0, Max: 0, Diff: 0, Sum: 0, Workers: 4
[2257.169s][debug][gc,phases      ] GC(111)   StringDedup Requests0 Weak     Min:  0.0, Avg:  0.0, Max:  0.0, Diff:  0.0, Sum:  0.0, Workers: 4
[2257.169s][debug][gc,phases      ] GC(111)     Dead                           Min: 0, Avg:  0.0, Max: 0, Diff: 0, Sum: 0, Workers: 4
[2257.169s][debug][gc,phases      ] GC(111)     Total                          Min: 0, Avg:  0.0, Max: 0, Diff: 0, Sum: 0, Workers: 4
[2257.169s][debug][gc,phases      ] GC(111)   StringDedup Requests1 Weak     Min:  0.0, Avg:  0.0, Max:  0.0, Diff:  0.0, Sum:  0.0, Workers: 4
[2257.169s][debug][gc,phases      ] GC(111)     Dead                           Min: 0, Avg:  0.0, Max: 0, Diff: 0, Sum: 0, Workers: 4
[2257.169s][debug][gc,phases      ] GC(111)     Total                          Min: 0, Avg:  0.0, Max: 0, Diff: 0, Sum: 0, Workers: 4
[2257.169s][debug][gc,phases      ] GC(111)   Weak JFR Old Object Samples    Min:  0.0, Avg:  0.0, Max:  0.0, Diff:  0.0, Sum:  0.0, Workers: 4
[2257.169s][debug][gc,phases      ] GC(111)     Dead                           Min: 0, Avg:  0.0, Max: 0, Diff: 0, Sum: 0, Workers: 4
[2257.169s][debug][gc,phases      ] GC(111)     Total                          Min: 0, Avg:  0.0, Max: 0, Diff: 0, Sum: 0, Workers: 4
[2257.169s][debug][gc,phases      ] GC(111) Weak Processing 0.321ms
[2257.169s][debug][gc,age         ] GC(111) Desired survivor size 3145728 bytes, new threshold 15 (max threshold 15)
[2257.169s][info ][gc,heap        ] GC(111) PSYoungGen: 2091264K(2093568K)->768K(2094080K) Eden: 2090496K(2090496K)->0K(2091008K) From: 768K(3072K)->768K(3072K)
[2257.169s][info ][gc,heap        ] GC(111) ParOldGen: 343108K(386560K)->343116K(386560K)
[2257.169s][info ][gc,metaspace   ] GC(111) Metaspace: 81628K(82624K)->81628K(82624K) NonClass: 69916K(70464K)->69916K(70464K) Class: 11712K(12160K)->11712K(12160K)
[2257.169s][info ][gc             ] GC(111) Pause Young (Allocation Failure) 2377M->335M(2422M) 2.583ms
[2257.169s][info ][gc,cpu         ] GC(111) User=0.01s Sys=0.00s Real=0.00s
[2257.169s][info ][safepoint      ] Safepoint "ParallelGCFailedAllocation", Time since last: 33701606619 ns, Reaching safepoint: 24700 ns, At safepoint: 2640725 ns, Total: 2665425 ns
[2270.170s][info ][safepoint      ] Safepoint "Cleanup", Time since last: 13000822320 ns, Reaching safepoint: 55000 ns, At safepoint: 41700 ns, Total: 96700 ns
[2290.963s][info ][gc,start       ] GC(112) Pause Young (Allocation Failure)
[2290.965s][debug][gc,phases      ] GC(112) Scavenge 2.045ms
[2290.965s][debug][gc,ref         ] GC(112) Skipped phase 1 of Reference Processing: no references
[2290.965s][debug][gc,ref         ] GC(112) ReferenceProcessor::execute queues: 1, RefProcThreadModel::Single, marks_oops_alive: false
[2290.965s][debug][gc,ref         ] GC(112) Skipped phase 3 of Reference Processing: no references
[2290.965s][debug][gc,ref         ] GC(112) ReferenceProcessor::execute queues: 1, RefProcThreadModel::Single, marks_oops_alive: false
[2290.965s][debug][gc,phases      ] GC(112) Reference Processing 0.100ms
[2290.965s][debug][gc,phases      ] GC(112)   VM Weak                        Min:  0.0, Avg:  0.0, Max:  0.0, Diff:  0.0, Sum:  0.0, Workers: 4
[2290.965s][debug][gc,phases      ] GC(112)     Dead                           Min: 0, Avg:  0.0, Max: 0, Diff: 0, Sum: 0, Workers: 4
[2290.965s][debug][gc,phases      ] GC(112)     Total                          Min: 0, Avg: 205.2, Max: 821, Diff: 821, Sum: 821, Workers: 4
[2290.965s][debug][gc,phases      ] GC(112)   ObjectSynchronizer Weak        Min:  0.0, Avg:  0.0, Max:  0.0, Diff:  0.0, Sum:  0.0, Workers: 4
[2290.965s][debug][gc,phases      ] GC(112)     Dead                           Min: 0, Avg:  0.0, Max: 0, Diff: 0, Sum: 0, Workers: 4
[2290.965s][debug][gc,phases      ] GC(112)     Total                          Min: 0, Avg:  8.8, Max: 35, Diff: 35, Sum: 35, Workers: 4
[2290.965s][debug][gc,phases      ] GC(112)   JVMTI Tag Weak OopStorage      Min:  0.0, Avg:  0.0, Max:  0.0, Diff:  0.0, Sum:  0.0, Workers: 4
[2290.965s][debug][gc,phases      ] GC(112)     Dead                           Min: 0, Avg:  0.0, Max: 0, Diff: 0, Sum: 0, Workers: 4
[2290.965s][debug][gc,phases      ] GC(112)     Total                          Min: 0, Avg:  0.0, Max: 0, Diff: 0, Sum: 0, Workers: 4
[2290.965s][debug][gc,phases      ] GC(112)   StringTable Weak               Min:  0.0, Avg:  0.1, Max:  0.1, Diff:  0.1, Sum:  0.4, Workers: 4
[2290.965s][debug][gc,phases      ] GC(112)     Dead                           Min: 0, Avg:  0.0, Max: 0, Diff: 0, Sum: 0, Workers: 4
[2290.965s][debug][gc,phases      ] GC(112)     Total                          Min: 3135, Avg: 10926.2, Max: 15808, Diff: 12673, Sum: 43705, Workers: 4
[2290.965s][debug][gc,phases      ] GC(112)   ResolvedMethodTable Weak       Min:  0.0, Avg:  0.0, Max:  0.0, Diff:  0.0, Sum:  0.1, Workers: 4
[2290.965s][debug][gc,phases      ] GC(112)     Dead                           Min: 0, Avg:  0.0, Max: 0, Diff: 0, Sum: 0, Workers: 4
[2290.965s][debug][gc,phases      ] GC(112)     Total                          Min: 2304, Avg: 2352.0, Max: 2496, Diff: 192, Sum: 9408, Workers: 4
[2290.965s][debug][gc,phases      ] GC(112)   JNI Weak                       Min:  0.0, Avg:  0.0, Max:  0.0, Diff:  0.0, Sum:  0.0, Workers: 4
[2290.965s][debug][gc,phases      ] GC(112)     Dead                           Min: 0, Avg:  0.0, Max: 0, Diff: 0, Sum: 0, Workers: 4
[2290.965s][debug][gc,phases      ] GC(112)     Total                          Min: 0, Avg: 11.2, Max: 45, Diff: 45, Sum: 45, Workers: 4
[2290.965s][debug][gc,phases      ] GC(112)   StringDedup Table Weak         Min:  0.0, Avg:  0.0, Max:  0.0, Diff:  0.0, Sum:  0.0, Workers: 4
[2290.965s][debug][gc,phases      ] GC(112)     Dead                           Min: 0, Avg:  0.0, Max: 0, Diff: 0, Sum: 0, Workers: 4
[2290.965s][debug][gc,phases      ] GC(112)     Total                          Min: 0, Avg:  0.0, Max: 0, Diff: 0, Sum: 0, Workers: 4
[2290.965s][debug][gc,phases      ] GC(112)   StringDedup Requests0 Weak     Min:  0.0, Avg:  0.0, Max:  0.0, Diff:  0.0, Sum:  0.0, Workers: 4
[2290.965s][debug][gc,phases      ] GC(112)     Dead                           Min: 0, Avg:  0.0, Max: 0, Diff: 0, Sum: 0, Workers: 4
[2290.965s][debug][gc,phases      ] GC(112)     Total                          Min: 0, Avg:  0.0, Max: 0, Diff: 0, Sum: 0, Workers: 4
[2290.965s][debug][gc,phases      ] GC(112)   StringDedup Requests1 Weak     Min:  0.0, Avg:  0.0, Max:  0.0, Diff:  0.0, Sum:  0.0, Workers: 4
[2290.965s][debug][gc,phases      ] GC(112)     Dead                           Min: 0, Avg:  0.0, Max: 0, Diff: 0, Sum: 0, Workers: 4
[2290.965s][debug][gc,phases      ] GC(112)     Total                          Min: 0, Avg:  0.0, Max: 0, Diff: 0, Sum: 0, Workers: 4
[2290.965s][debug][gc,phases      ] GC(112)   Weak JFR Old Object Samples    Min:  0.0, Avg:  0.0, Max:  0.0, Diff:  0.0, Sum:  0.0, Workers: 4
[2290.965s][debug][gc,phases      ] GC(112)     Dead                           Min: 0, Avg:  0.0, Max: 0, Diff: 0, Sum: 0, Workers: 4
[2290.965s][debug][gc,phases      ] GC(112)     Total                          Min: 0, Avg:  0.0, Max: 0, Diff: 0, Sum: 0, Workers: 4
[2290.965s][debug][gc,phases      ] GC(112) Weak Processing 0.299ms
[2290.965s][debug][gc,age         ] GC(112) Desired survivor size 3145728 bytes, new threshold 15 (max threshold 15)
[2290.965s][info ][gc,heap        ] GC(112) PSYoungGen: 2091776K(2094080K)->128K(2094080K) Eden: 2091008K(2091008K)->0K(2091008K) From: 768K(3072K)->128K(3072K)
[2290.965s][info ][gc,heap        ] GC(112) ParOldGen: 343116K(386560K)->343760K(386560K)
[2290.965s][info ][gc,metaspace   ] GC(112) Metaspace: 81643K(82624K)->81643K(82624K) NonClass: 69930K(70464K)->69930K(70464K) Class: 11712K(12160K)->11712K(12160K)
[2290.965s][info ][gc             ] GC(112) Pause Young (Allocation Failure) 2377M->335M(2422M) 2.539ms
[2290.965s][info ][gc,cpu         ] GC(112) User=0.00s Sys=0.00s Real=0.00s
[2290.965s][info ][safepoint      ] Safepoint "ParallelGCFailedAllocation", Time since last: 20792685744 ns, Reaching safepoint: 32600 ns, At safepoint: 2600121 ns, Total: 2632721 ns
[2292.966s][info ][safepoint      ] Safepoint "Cleanup", Time since last: 2000145941 ns, Reaching safepoint: 110601 ns, At safepoint: 26400 ns, Total: 137001 ns
[2324.714s][info ][gc,start       ] GC(113) Pause Young (Allocation Failure)
[2324.715s][debug][gc,phases      ] GC(113) Scavenge 1.713ms
[2324.715s][debug][gc,ref         ] GC(113) Skipped phase 1 of Reference Processing: no references
[2324.715s][debug][gc,ref         ] GC(113) Skipped phase 2 of Reference Processing: no references
[2324.715s][debug][gc,ref         ] GC(113) Skipped phase 3 of Reference Processing: no references
[2324.716s][debug][gc,ref         ] GC(113) ReferenceProcessor::execute queues: 1, RefProcThreadModel::Single, marks_oops_alive: false
[2324.716s][debug][gc,phases      ] GC(113) Reference Processing 0.114ms
[2324.716s][debug][gc,phases      ] GC(113)   VM Weak                        Min:  0.0, Avg:  0.0, Max:  0.0, Diff:  0.0, Sum:  0.0, Workers: 4
[2324.716s][debug][gc,phases      ] GC(113)     Dead                           Min: 0, Avg:  0.0, Max: 0, Diff: 0, Sum: 0, Workers: 4
[2324.716s][debug][gc,phases      ] GC(113)     Total                          Min: 0, Avg: 205.2, Max: 629, Diff: 629, Sum: 821, Workers: 4
[2324.716s][debug][gc,phases      ] GC(113)   ObjectSynchronizer Weak        Min:  0.0, Avg:  0.0, Max:  0.0, Diff:  0.0, Sum:  0.0, Workers: 4
[2324.716s][debug][gc,phases      ] GC(113)     Dead                           Min: 0, Avg:  0.0, Max: 0, Diff: 0, Sum: 0, Workers: 4
[2324.716s][debug][gc,phases      ] GC(113)     Total                          Min: 0, Avg:  8.8, Max: 35, Diff: 35, Sum: 35, Workers: 4
[2324.716s][debug][gc,phases      ] GC(113)   JVMTI Tag Weak OopStorage      Min:  0.0, Avg:  0.0, Max:  0.0, Diff:  0.0, Sum:  0.0, Workers: 4
[2324.716s][debug][gc,phases      ] GC(113)     Dead                           Min: 0, Avg:  0.0, Max: 0, Diff: 0, Sum: 0, Workers: 4
[2324.716s][debug][gc,phases      ] GC(113)     Total                          Min: 0, Avg:  0.0, Max: 0, Diff: 0, Sum: 0, Workers: 4
[2324.716s][debug][gc,phases      ] GC(113)   StringTable Weak               Min:  0.1, Avg:  0.1, Max:  0.1, Diff:  0.0, Sum:  0.5, Workers: 4
[2324.716s][debug][gc,phases      ] GC(113)     Dead                           Min: 0, Avg:  0.0, Max: 0, Diff: 0, Sum: 0, Workers: 4
[2324.716s][debug][gc,phases      ] GC(113)     Total                          Min: 7680, Avg: 10926.2, Max: 12090, Diff: 4410, Sum: 43705, Workers: 4
[2324.716s][debug][gc,phases      ] GC(113)   ResolvedMethodTable Weak       Min:  0.0, Avg:  0.0, Max:  0.0, Diff:  0.0, Sum:  0.1, Workers: 4
[2324.716s][debug][gc,phases      ] GC(113)     Dead                           Min: 0, Avg:  0.0, Max: 0, Diff: 0, Sum: 0, Workers: 4
[2324.716s][debug][gc,phases      ] GC(113)     Total                          Min: 1984, Avg: 2352.0, Max: 2944, Diff: 960, Sum: 9408, Workers: 4
[2324.716s][debug][gc,phases      ] GC(113)   JNI Weak                       Min:  0.0, Avg:  0.0, Max:  0.0, Diff:  0.0, Sum:  0.0, Workers: 4
[2324.716s][debug][gc,phases      ] GC(113)     Dead                           Min: 0, Avg:  0.0, Max: 0, Diff: 0, Sum: 0, Workers: 4
[2324.716s][debug][gc,phases      ] GC(113)     Total                          Min: 0, Avg: 11.2, Max: 45, Diff: 45, Sum: 45, Workers: 4
[2324.716s][debug][gc,phases      ] GC(113)   StringDedup Table Weak         Min:  0.0, Avg:  0.0, Max:  0.0, Diff:  0.0, Sum:  0.0, Workers: 4
[2324.716s][debug][gc,phases      ] GC(113)     Dead                           Min: 0, Avg:  0.0, Max: 0, Diff: 0, Sum: 0, Workers: 4
[2324.716s][debug][gc,phases      ] GC(113)     Total                          Min: 0, Avg:  0.0, Max: 0, Diff: 0, Sum: 0, Workers: 4
[2324.716s][debug][gc,phases      ] GC(113)   StringDedup Requests0 Weak     Min:  0.0, Avg:  0.0, Max:  0.0, Diff:  0.0, Sum:  0.0, Workers: 4
[2324.716s][debug][gc,phases      ] GC(113)     Dead                           Min: 0, Avg:  0.0, Max: 0, Diff: 0, Sum: 0, Workers: 4
[2324.716s][debug][gc,phases      ] GC(113)     Total                          Min: 0, Avg:  0.0, Max: 0, Diff: 0, Sum: 0, Workers: 4
[2324.716s][debug][gc,phases      ] GC(113)   StringDedup Requests1 Weak     Min:  0.0, Avg:  0.0, Max:  0.0, Diff:  0.0, Sum:  0.0, Workers: 4
[2324.716s][debug][gc,phases      ] GC(113)     Dead                           Min: 0, Avg:  0.0, Max: 0, Diff: 0, Sum: 0, Workers: 4
[2324.716s][debug][gc,phases      ] GC(113)     Total                          Min: 0, Avg:  0.0, Max: 0, Diff: 0, Sum: 0, Workers: 4
[2324.716s][debug][gc,phases      ] GC(113)   Weak JFR Old Object Samples    Min:  0.0, Avg:  0.0, Max:  0.0, Diff:  0.0, Sum:  0.0, Workers: 4
[2324.716s][debug][gc,phases      ] GC(113)     Dead                           Min: 0, Avg:  0.0, Max: 0, Diff: 0, Sum: 0, Workers: 4
[2324.716s][debug][gc,phases      ] GC(113)     Total                          Min: 0, Avg:  0.0, Max: 0, Diff: 0, Sum: 0, Workers: 4
[2324.716s][debug][gc,phases      ] GC(113) Weak Processing 0.338ms
[2324.716s][debug][gc,age         ] GC(113) Desired survivor size 3145728 bytes, new threshold 15 (max threshold 15)
[2324.716s][info ][gc,heap        ] GC(113) PSYoungGen: 2091136K(2094080K)->128K(2094080K) Eden: 2091008K(2091008K)->0K(2091008K) From: 128K(3072K)->128K(3072K)
[2324.716s][info ][gc,heap        ] GC(113) ParOldGen: 343760K(386560K)->343812K(386560K)
[2324.716s][info ][gc,metaspace   ] GC(113) Metaspace: 81645K(82624K)->81645K(82624K) NonClass: 69933K(70464K)->69933K(70464K) Class: 11712K(12160K)->11712K(12160K)
[2324.716s][info ][gc             ] GC(113) Pause Young (Allocation Failure) 2377M->335M(2422M) 2.252ms
[2324.716s][info ][gc,cpu         ] GC(113) User=0.01s Sys=0.00s Real=0.00s
[2324.716s][info ][safepoint      ] Safepoint "ParallelGCFailedAllocation", Time since last: 31747882080 ns, Reaching safepoint: 26300 ns, At safepoint: 2330820 ns, Total: 2357120 ns
[2331.717s][info ][safepoint      ] Safepoint "Cleanup", Time since last: 7000505758 ns, Reaching safepoint: 39200 ns, At safepoint: 2700 ns, Total: 41900 ns
[2332.717s][info ][safepoint      ] Safepoint "Cleanup", Time since last: 1000109210 ns, Reaching safepoint: 39200 ns, At safepoint: 3000 ns, Total: 42200 ns
[2334.717s][info ][safepoint      ] Safepoint "Cleanup", Time since last: 2000155220 ns, Reaching safepoint: 39100 ns, At safepoint: 4500 ns, Total: 43600 ns
[2358.513s][info ][gc,start       ] GC(114) Pause Young (Allocation Failure)
[2358.516s][debug][gc,phases      ] GC(114) Scavenge 2.676ms
[2358.516s][debug][gc,ref         ] GC(114) Skipped phase 1 of Reference Processing: no references
[2358.516s][debug][gc,ref         ] GC(114) Skipped phase 2 of Reference Processing: no references
[2358.516s][debug][gc,ref         ] GC(114) Skipped phase 3 of Reference Processing: no references
[2358.516s][debug][gc,ref         ] GC(114) ReferenceProcessor::execute queues: 1, RefProcThreadModel::Single, marks_oops_alive: false
[2358.516s][debug][gc,phases      ] GC(114) Reference Processing 0.086ms
[2358.516s][debug][gc,phases      ] GC(114)   VM Weak                        Min:  0.0, Avg:  0.0, Max:  0.0, Diff:  0.0, Sum:  0.0, Workers: 4
[2358.516s][debug][gc,phases      ] GC(114)     Dead                           Min: 0, Avg:  0.0, Max: 0, Diff: 0, Sum: 0, Workers: 4
[2358.516s][debug][gc,phases      ] GC(114)     Total                          Min: 0, Avg: 205.2, Max: 501, Diff: 501, Sum: 821, Workers: 4
[2358.516s][debug][gc,phases      ] GC(114)   ObjectSynchronizer Weak        Min:  0.0, Avg:  0.0, Max:  0.0, Diff:  0.0, Sum:  0.0, Workers: 4
[2358.516s][debug][gc,phases      ] GC(114)     Dead                           Min: 0, Avg:  0.0, Max: 0, Diff: 0, Sum: 0, Workers: 4
[2358.516s][debug][gc,phases      ] GC(114)     Total                          Min: 0, Avg:  8.8, Max: 35, Diff: 35, Sum: 35, Workers: 4
[2358.516s][debug][gc,phases      ] GC(114)   JVMTI Tag Weak OopStorage      Min:  0.0, Avg:  0.0, Max:  0.0, Diff:  0.0, Sum:  0.0, Workers: 4
[2358.516s][debug][gc,phases      ] GC(114)     Dead                           Min: 0, Avg:  0.0, Max: 0, Diff: 0, Sum: 0, Workers: 4
[2358.516s][debug][gc,phases      ] GC(114)     Total                          Min: 0, Avg:  0.0, Max: 0, Diff: 0, Sum: 0, Workers: 4
[2358.516s][debug][gc,phases      ] GC(114)   StringTable Weak               Min:  0.0, Avg:  0.1, Max:  0.1, Diff:  0.1, Sum:  0.3, Workers: 4
[2358.516s][debug][gc,phases      ] GC(114)     Dead                           Min: 0, Avg:  0.0, Max: 0, Diff: 0, Sum: 0, Workers: 4
[2358.516s][debug][gc,phases      ] GC(114)     Total                          Min: 0, Avg: 10926.2, Max: 18303, Diff: 18303, Sum: 43705, Workers: 4
[2358.517s][debug][gc,phases      ] GC(114)   ResolvedMethodTable Weak       Min:  0.0, Avg:  0.0, Max:  0.0, Diff:  0.0, Sum:  0.1, Workers: 4
[2358.517s][debug][gc,phases      ] GC(114)     Dead                           Min: 0, Avg:  0.0, Max: 0, Diff: 0, Sum: 0, Workers: 4
[2358.517s][debug][gc,phases      ] GC(114)     Total                          Min: 0, Avg: 2352.0, Max: 4096, Diff: 4096, Sum: 9408, Workers: 4
[2358.517s][debug][gc,phases      ] GC(114)   JNI Weak                       Min:  0.0, Avg:  0.0, Max:  0.0, Diff:  0.0, Sum:  0.0, Workers: 4
[2358.517s][debug][gc,phases      ] GC(114)     Dead                           Min: 0, Avg:  0.0, Max: 0, Diff: 0, Sum: 0, Workers: 4
[2358.517s][debug][gc,phases      ] GC(114)     Total                          Min: 0, Avg: 11.2, Max: 45, Diff: 45, Sum: 45, Workers: 4
[2358.517s][debug][gc,phases      ] GC(114)   StringDedup Table Weak         Min:  0.0, Avg:  0.0, Max:  0.0, Diff:  0.0, Sum:  0.0, Workers: 4
[2358.517s][debug][gc,phases      ] GC(114)     Dead                           Min: 0, Avg:  0.0, Max: 0, Diff: 0, Sum: 0, Workers: 4
[2358.517s][debug][gc,phases      ] GC(114)     Total                          Min: 0, Avg:  0.0, Max: 0, Diff: 0, Sum: 0, Workers: 4
[2358.517s][debug][gc,phases      ] GC(114)   StringDedup Requests0 Weak     Min:  0.0, Avg:  0.0, Max:  0.0, Diff:  0.0, Sum:  0.0, Workers: 4
[2358.517s][debug][gc,phases      ] GC(114)     Dead                           Min: 0, Avg:  0.0, Max: 0, Diff: 0, Sum: 0, Workers: 4
[2358.517s][debug][gc,phases      ] GC(114)     Total                          Min: 0, Avg:  0.0, Max: 0, Diff: 0, Sum: 0, Workers: 4
[2358.517s][debug][gc,phases      ] GC(114)   StringDedup Requests1 Weak     Min:  0.0, Avg:  0.0, Max:  0.0, Diff:  0.0, Sum:  0.0, Workers: 4
[2358.517s][debug][gc,phases      ] GC(114)     Dead                           Min: 0, Avg:  0.0, Max: 0, Diff: 0, Sum: 0, Workers: 4
[2358.517s][debug][gc,phases      ] GC(114)     Total                          Min: 0, Avg:  0.0, Max: 0, Diff: 0, Sum: 0, Workers: 4
[2358.517s][debug][gc,phases      ] GC(114)   Weak JFR Old Object Samples    Min:  0.0, Avg:  0.0, Max:  0.0, Diff:  0.0, Sum:  0.0, Workers: 4
[2358.517s][debug][gc,phases      ] GC(114)     Dead                           Min: 0, Avg:  0.0, Max: 0, Diff: 0, Sum: 0, Workers: 4
[2358.517s][debug][gc,phases      ] GC(114)     Total                          Min: 0, Avg:  0.0, Max: 0, Diff: 0, Sum: 0, Workers: 4
[2358.517s][debug][gc,phases      ] GC(114) Weak Processing 0.318ms
[2358.517s][debug][gc,age         ] GC(114) Desired survivor size 2621440 bytes, new threshold 15 (max threshold 15)
[2358.517s][info ][gc,heap        ] GC(114) PSYoungGen: 2091136K(2094080K)->128K(2094080K) Eden: 2091008K(2091008K)->0K(2091008K) From: 128K(3072K)->128K(3072K)
[2358.517s][info ][gc,heap        ] GC(114) ParOldGen: 343812K(386560K)->343828K(386560K)
[2358.517s][info ][gc,metaspace   ] GC(114) Metaspace: 81645K(82624K)->81645K(82624K) NonClass: 69933K(70464K)->69933K(70464K) Class: 11712K(12160K)->11712K(12160K)
[2358.517s][info ][gc             ] GC(114) Pause Young (Allocation Failure) 2377M->335M(2422M) 3.164ms
[2358.517s][info ][gc,cpu         ] GC(114) User=0.01s Sys=0.00s Real=0.00s
[2358.517s][info ][safepoint      ] Safepoint "ParallelGCFailedAllocation", Time since last: 23796472321 ns, Reaching safepoint: 43600 ns, At safepoint: 3256428 ns, Total: 3300028 ns
[2368.517s][info ][safepoint      ] Safepoint "Cleanup", Time since last: 10000673442 ns, Reaching safepoint: 40700 ns, At safepoint: 2300 ns, Total: 43000 ns
[2385.518s][info ][safepoint      ] Safepoint "Cleanup", Time since last: 17001072726 ns, Reaching safepoint: 63001 ns, At safepoint: 2500 ns, Total: 65501 ns
[2392.312s][info ][gc,start       ] GC(115) Pause Young (Allocation Failure)
[2392.314s][debug][gc,phases      ] GC(115) Scavenge 1.508ms
[2392.314s][debug][gc,ref         ] GC(115) Skipped phase 1 of Reference Processing: no references
[2392.314s][debug][gc,ref         ] GC(115) Skipped phase 2 of Reference Processing: no references
[2392.314s][debug][gc,ref         ] GC(115) Skipped phase 3 of Reference Processing: no references
[2392.314s][debug][gc,ref         ] GC(115) ReferenceProcessor::execute queues: 1, RefProcThreadModel::Single, marks_oops_alive: false
[2392.314s][debug][gc,phases      ] GC(115) Reference Processing 0.093ms
[2392.314s][debug][gc,phases      ] GC(115)   VM Weak                        Min:  0.0, Avg:  0.0, Max:  0.0, Diff:  0.0, Sum:  0.0, Workers: 4
[2392.314s][debug][gc,phases      ] GC(115)     Dead                           Min: 0, Avg:  0.0, Max: 0, Diff: 0, Sum: 0, Workers: 4
[2392.314s][debug][gc,phases      ] GC(115)     Total                          Min: 0, Avg: 205.2, Max: 629, Diff: 629, Sum: 821, Workers: 4
[2392.314s][debug][gc,phases      ] GC(115)   ObjectSynchronizer Weak        Min:  0.0, Avg:  0.0, Max:  0.0, Diff:  0.0, Sum:  0.0, Workers: 4
[2392.314s][debug][gc,phases      ] GC(115)     Dead                           Min: 0, Avg:  0.0, Max: 0, Diff: 0, Sum: 0, Workers: 4
[2392.314s][debug][gc,phases      ] GC(115)     Total                          Min: 0, Avg:  8.8, Max: 35, Diff: 35, Sum: 35, Workers: 4
[2392.314s][debug][gc,phases      ] GC(115)   JVMTI Tag Weak OopStorage      Min:  0.0, Avg:  0.0, Max:  0.0, Diff:  0.0, Sum:  0.0, Workers: 4
[2392.314s][debug][gc,phases      ] GC(115)     Dead                           Min: 0, Avg:  0.0, Max: 0, Diff: 0, Sum: 0, Workers: 4
[2392.314s][debug][gc,phases      ] GC(115)     Total                          Min: 0, Avg:  0.0, Max: 0, Diff: 0, Sum: 0, Workers: 4
[2392.314s][debug][gc,phases      ] GC(115)   StringTable Weak               Min:  0.0, Avg:  0.1, Max:  0.1, Diff:  0.1, Sum:  0.4, Workers: 4
[2392.314s][debug][gc,phases      ] GC(115)     Dead                           Min: 0, Avg:  0.0, Max: 0, Diff: 0, Sum: 0, Workers: 4
[2392.314s][debug][gc,phases      ] GC(115)     Total                          Min: 0, Avg: 10926.2, Max: 16442, Diff: 16442, Sum: 43705, Workers: 4
[2392.314s][debug][gc,phases      ] GC(115)   ResolvedMethodTable Weak       Min:  0.0, Avg:  0.0, Max:  0.0, Diff:  0.0, Sum:  0.1, Workers: 4
[2392.314s][debug][gc,phases      ] GC(115)     Dead                           Min: 0, Avg:  0.0, Max: 0, Diff: 0, Sum: 0, Workers: 4
[2392.314s][debug][gc,phases      ] GC(115)     Total                          Min: 0, Avg: 2352.0, Max: 3904, Diff: 3904, Sum: 9408, Workers: 4
[2392.314s][debug][gc,phases      ] GC(115)   JNI Weak                       Min:  0.0, Avg:  0.0, Max:  0.0, Diff:  0.0, Sum:  0.0, Workers: 4
[2392.314s][debug][gc,phases      ] GC(115)     Dead                           Min: 0, Avg:  0.0, Max: 0, Diff: 0, Sum: 0, Workers: 4
[2392.314s][debug][gc,phases      ] GC(115)     Total                          Min: 0, Avg: 11.2, Max: 45, Diff: 45, Sum: 45, Workers: 4
[2392.314s][debug][gc,phases      ] GC(115)   StringDedup Table Weak         Min:  0.0, Avg:  0.0, Max:  0.0, Diff:  0.0, Sum:  0.0, Workers: 4
[2392.314s][debug][gc,phases      ] GC(115)     Dead                           Min: 0, Avg:  0.0, Max: 0, Diff: 0, Sum: 0, Workers: 4
[2392.314s][debug][gc,phases      ] GC(115)     Total                          Min: 0, Avg:  0.0, Max: 0, Diff: 0, Sum: 0, Workers: 4
[2392.314s][debug][gc,phases      ] GC(115)   StringDedup Requests0 Weak     Min:  0.0, Avg:  0.0, Max:  0.0, Diff:  0.0, Sum:  0.0, Workers: 4
[2392.314s][debug][gc,phases      ] GC(115)     Dead                           Min: 0, Avg:  0.0, Max: 0, Diff: 0, Sum: 0, Workers: 4
[2392.314s][debug][gc,phases      ] GC(115)     Total                          Min: 0, Avg:  0.0, Max: 0, Diff: 0, Sum: 0, Workers: 4
[2392.314s][debug][gc,phases      ] GC(115)   StringDedup Requests1 Weak     Min:  0.0, Avg:  0.0, Max:  0.0, Diff:  0.0, Sum:  0.0, Workers: 4
[2392.314s][debug][gc,phases      ] GC(115)     Dead                           Min: 0, Avg:  0.0, Max: 0, Diff: 0, Sum: 0, Workers: 4
[2392.314s][debug][gc,phases      ] GC(115)     Total                          Min: 0, Avg:  0.0, Max: 0, Diff: 0, Sum: 0, Workers: 4
[2392.314s][debug][gc,phases      ] GC(115)   Weak JFR Old Object Samples    Min:  0.0, Avg:  0.0, Max:  0.0, Diff:  0.0, Sum:  0.0, Workers: 4
[2392.314s][debug][gc,phases      ] GC(115)     Dead                           Min: 0, Avg:  0.0, Max: 0, Diff: 0, Sum: 0, Workers: 4
[2392.314s][debug][gc,phases      ] GC(115)     Total                          Min: 0, Avg:  0.0, Max: 0, Diff: 0, Sum: 0, Workers: 4
[2392.314s][debug][gc,phases      ] GC(115) Weak Processing 0.332ms
[2392.314s][debug][gc,age         ] GC(115) Desired survivor size 2621440 bytes, new threshold 15 (max threshold 15)
[2392.314s][info ][gc,heap        ] GC(115) PSYoungGen: 2091136K(2094080K)->128K(2094592K) Eden: 2091008K(2091008K)->0K(2092032K) From: 128K(3072K)->128K(2560K)
[2392.314s][info ][gc,heap        ] GC(115) ParOldGen: 343828K(386560K)->343836K(386560K)
[2392.314s][info ][gc,metaspace   ] GC(115) Metaspace: 81647K(82624K)->81647K(82624K) NonClass: 69934K(70464K)->69934K(70464K) Class: 11712K(12160K)->11712K(12160K)
[2392.314s][info ][gc             ] GC(115) Pause Young (Allocation Failure) 2377M->335M(2423M) 2.024ms
[2392.314s][info ][gc,cpu         ] GC(115) User=0.01s Sys=0.00s Real=0.00s
[2392.314s][info ][safepoint      ] Safepoint "ParallelGCFailedAllocation", Time since last: 6793494441 ns, Reaching safepoint: 43401 ns, At safepoint: 2114716 ns, Total: 2158117 ns
[2394.314s][info ][safepoint      ] Safepoint "Cleanup", Time since last: 2000174781 ns, Reaching safepoint: 122801 ns, At safepoint: 10400 ns, Total: 133201 ns
[2411.316s][info ][safepoint      ] Safepoint "Cleanup", Time since last: 17001169748 ns, Reaching safepoint: 115900 ns, At safepoint: 5801 ns, Total: 121701 ns
[2425.916s][info ][gc,start       ] GC(116) Pause Young (Allocation Failure)
[2425.917s][debug][gc,phases      ] GC(116) Scavenge 1.546ms
[2425.917s][debug][gc,ref         ] GC(116) Skipped phase 1 of Reference Processing: no references
[2425.917s][debug][gc,ref         ] GC(116) Skipped phase 2 of Reference Processing: no references
[2425.917s][debug][gc,ref         ] GC(116) Skipped phase 3 of Reference Processing: no references
[2425.917s][debug][gc,ref         ] GC(116) ReferenceProcessor::execute queues: 1, RefProcThreadModel::Single, marks_oops_alive: false
[2425.917s][debug][gc,phases      ] GC(116) Reference Processing 0.087ms
[2425.917s][debug][gc,phases      ] GC(116)   VM Weak                        Min:  0.0, Avg:  0.0, Max:  0.0, Diff:  0.0, Sum:  0.0, Workers: 4
[2425.917s][debug][gc,phases      ] GC(116)     Dead                           Min: 0, Avg:  0.0, Max: 0, Diff: 0, Sum: 0, Workers: 4
[2425.917s][debug][gc,phases      ] GC(116)     Total                          Min: 0, Avg: 205.2, Max: 512, Diff: 512, Sum: 821, Workers: 4
[2425.917s][debug][gc,phases      ] GC(116)   ObjectSynchronizer Weak        Min:  0.0, Avg:  0.0, Max:  0.0, Diff:  0.0, Sum:  0.0, Workers: 4
[2425.917s][debug][gc,phases      ] GC(116)     Dead                           Min: 0, Avg:  0.0, Max: 0, Diff: 0, Sum: 0, Workers: 4
[2425.917s][debug][gc,phases      ] GC(116)     Total                          Min: 0, Avg:  8.8, Max: 35, Diff: 35, Sum: 35, Workers: 4
[2425.917s][debug][gc,phases      ] GC(116)   JVMTI Tag Weak OopStorage      Min:  0.0, Avg:  0.0, Max:  0.0, Diff:  0.0, Sum:  0.0, Workers: 4
[2425.917s][debug][gc,phases      ] GC(116)     Dead                           Min: 0, Avg:  0.0, Max: 0, Diff: 0, Sum: 0, Workers: 4
[2425.917s][debug][gc,phases      ] GC(116)     Total                          Min: 0, Avg:  0.0, Max: 0, Diff: 0, Sum: 0, Workers: 4
[2425.917s][debug][gc,phases      ] GC(116)   StringTable Weak               Min:  0.0, Avg:  0.1, Max:  0.1, Diff:  0.1, Sum:  0.3, Workers: 4
[2425.917s][debug][gc,phases      ] GC(116)     Dead                           Min: 0, Avg:  0.0, Max: 0, Diff: 0, Sum: 0, Workers: 4
[2425.917s][debug][gc,phases      ] GC(116)     Total                          Min: 0, Avg: 10926.2, Max: 18619, Diff: 18619, Sum: 43705, Workers: 4
[2425.917s][debug][gc,phases      ] GC(116)   ResolvedMethodTable Weak       Min:  0.0, Avg:  0.0, Max:  0.0, Diff:  0.0, Sum:  0.1, Workers: 4
[2425.918s][debug][gc,phases      ] GC(116)     Dead                           Min: 0, Avg:  0.0, Max: 0, Diff: 0, Sum: 0, Workers: 4
[2425.918s][debug][gc,phases      ] GC(116)     Total                          Min: 0, Avg: 2352.0, Max: 3904, Diff: 3904, Sum: 9408, Workers: 4
[2425.918s][debug][gc,phases      ] GC(116)   JNI Weak                       Min:  0.0, Avg:  0.0, Max:  0.0, Diff:  0.0, Sum:  0.0, Workers: 4
[2425.918s][debug][gc,phases      ] GC(116)     Dead                           Min: 0, Avg:  0.0, Max: 0, Diff: 0, Sum: 0, Workers: 4
[2425.918s][debug][gc,phases      ] GC(116)     Total                          Min: 0, Avg: 11.2, Max: 45, Diff: 45, Sum: 45, Workers: 4
[2425.918s][debug][gc,phases      ] GC(116)   StringDedup Table Weak         Min:  0.0, Avg:  0.0, Max:  0.0, Diff:  0.0, Sum:  0.0, Workers: 4
[2425.918s][debug][gc,phases      ] GC(116)     Dead                           Min: 0, Avg:  0.0, Max: 0, Diff: 0, Sum: 0, Workers: 4
[2425.918s][debug][gc,phases      ] GC(116)     Total                          Min: 0, Avg:  0.0, Max: 0, Diff: 0, Sum: 0, Workers: 4
[2425.918s][debug][gc,phases      ] GC(116)   StringDedup Requests0 Weak     Min:  0.0, Avg:  0.0, Max:  0.0, Diff:  0.0, Sum:  0.0, Workers: 4
[2425.918s][debug][gc,phases      ] GC(116)     Dead                           Min: 0, Avg:  0.0, Max: 0, Diff: 0, Sum: 0, Workers: 4
[2425.918s][debug][gc,phases      ] GC(116)     Total                          Min: 0, Avg:  0.0, Max: 0, Diff: 0, Sum: 0, Workers: 4
[2425.918s][debug][gc,phases      ] GC(116)   StringDedup Requests1 Weak     Min:  0.0, Avg:  0.0, Max:  0.0, Diff:  0.0, Sum:  0.0, Workers: 4
[2425.918s][debug][gc,phases      ] GC(116)     Dead                           Min: 0, Avg:  0.0, Max: 0, Diff: 0, Sum: 0, Workers: 4
[2425.918s][debug][gc,phases      ] GC(116)     Total                          Min: 0, Avg:  0.0, Max: 0, Diff: 0, Sum: 0, Workers: 4
[2425.918s][debug][gc,phases      ] GC(116)   Weak JFR Old Object Samples    Min:  0.0, Avg:  0.0, Max:  0.0, Diff:  0.0, Sum:  0.0, Workers: 4
[2425.918s][debug][gc,phases      ] GC(116)     Dead                           Min: 0, Avg:  0.0, Max: 0, Diff: 0, Sum: 0, Workers: 4
[2425.918s][debug][gc,phases      ] GC(116)     Total                          Min: 0, Avg:  0.0, Max: 0, Diff: 0, Sum: 0, Workers: 4
[2425.918s][debug][gc,phases      ] GC(116) Weak Processing 0.313ms
[2425.918s][debug][gc,age         ] GC(116) Desired survivor size 2621440 bytes, new threshold 15 (max threshold 15)
[2425.918s][info ][gc,heap        ] GC(116) PSYoungGen: 2092160K(2094592K)->128K(2094592K) Eden: 2092032K(2092032K)->0K(2092032K) From: 128K(2560K)->128K(2560K)
[2425.918s][info ][gc,heap        ] GC(116) ParOldGen: 343836K(386560K)->343844K(386560K)
[2425.918s][info ][gc,metaspace   ] GC(116) Metaspace: 81648K(82624K)->81648K(82624K) NonClass: 69935K(70464K)->69935K(70464K) Class: 11712K(12160K)->11712K(12160K)
[2425.918s][info ][gc             ] GC(116) Pause Young (Allocation Failure) 2378M->335M(2423M) 2.035ms
[2425.918s][info ][gc,cpu         ] GC(116) User=0.00s Sys=0.01s Real=0.00s
[2425.918s][info ][safepoint      ] Safepoint "ParallelGCFailedAllocation", Time since last: 14599653533 ns, Reaching safepoint: 107801 ns, At safepoint: 2119417 ns, Total: 2227218 ns
[2459.714s][info ][gc,start       ] GC(117) Pause Young (Allocation Failure)
[2459.717s][debug][gc,phases      ] GC(117) Scavenge 2.478ms
[2459.717s][debug][gc,ref         ] GC(117) Skipped phase 1 of Reference Processing: no references
[2459.717s][debug][gc,ref         ] GC(117) Skipped phase 2 of Reference Processing: no references
[2459.717s][debug][gc,ref         ] GC(117) Skipped phase 3 of Reference Processing: no references
[2459.717s][debug][gc,ref         ] GC(117) ReferenceProcessor::execute queues: 1, RefProcThreadModel::Single, marks_oops_alive: false
[2459.717s][debug][gc,phases      ] GC(117) Reference Processing 0.102ms
[2459.717s][debug][gc,phases      ] GC(117)   VM Weak                        Min:  0.0, Avg:  0.0, Max:  0.0, Diff:  0.0, Sum:  0.0, Workers: 4
[2459.717s][debug][gc,phases      ] GC(117)     Dead                           Min: 0, Avg:  0.0, Max: 0, Diff: 0, Sum: 0, Workers: 4
[2459.717s][debug][gc,phases      ] GC(117)     Total                          Min: 0, Avg: 205.2, Max: 448, Diff: 448, Sum: 821, Workers: 4
[2459.717s][debug][gc,phases      ] GC(117)   ObjectSynchronizer Weak        Min:  0.0, Avg:  0.0, Max:  0.0, Diff:  0.0, Sum:  0.0, Workers: 4
[2459.717s][debug][gc,phases      ] GC(117)     Dead                           Min: 0, Avg:  0.0, Max: 0, Diff: 0, Sum: 0, Workers: 4
[2459.717s][debug][gc,phases      ] GC(117)     Total                          Min: 0, Avg:  8.8, Max: 35, Diff: 35, Sum: 35, Workers: 4
[2459.717s][debug][gc,phases      ] GC(117)   JVMTI Tag Weak OopStorage      Min:  0.0, Avg:  0.0, Max:  0.0, Diff:  0.0, Sum:  0.0, Workers: 4
[2459.717s][debug][gc,phases      ] GC(117)     Dead                           Min: 0, Avg:  0.0, Max: 0, Diff: 0, Sum: 0, Workers: 4
[2459.717s][debug][gc,phases      ] GC(117)     Total                          Min: 0, Avg:  0.0, Max: 0, Diff: 0, Sum: 0, Workers: 4
[2459.717s][debug][gc,phases      ] GC(117)   StringTable Weak               Min:  0.0, Avg:  0.1, Max:  0.1, Diff:  0.1, Sum:  0.4, Workers: 4
[2459.717s][debug][gc,phases      ] GC(117)     Dead                           Min: 0, Avg:  0.0, Max: 0, Diff: 0, Sum: 0, Workers: 4
[2459.717s][debug][gc,phases      ] GC(117)     Total                          Min: 0, Avg: 10926.5, Max: 16763, Diff: 16763, Sum: 43706, Workers: 4
[2459.717s][debug][gc,phases      ] GC(117)   ResolvedMethodTable Weak       Min:  0.0, Avg:  0.0, Max:  0.0, Diff:  0.0, Sum:  0.1, Workers: 4
[2459.717s][debug][gc,phases      ] GC(117)     Dead                           Min: 0, Avg:  0.0, Max: 0, Diff: 0, Sum: 0, Workers: 4
[2459.717s][debug][gc,phases      ] GC(117)     Total                          Min: 0, Avg: 2352.0, Max: 3904, Diff: 3904, Sum: 9408, Workers: 4
[2459.717s][debug][gc,phases      ] GC(117)   JNI Weak                       Min:  0.0, Avg:  0.0, Max:  0.0, Diff:  0.0, Sum:  0.0, Workers: 4
[2459.717s][debug][gc,phases      ] GC(117)     Dead                           Min: 0, Avg:  0.0, Max: 0, Diff: 0, Sum: 0, Workers: 4
[2459.717s][debug][gc,phases      ] GC(117)     Total                          Min: 0, Avg: 11.2, Max: 45, Diff: 45, Sum: 45, Workers: 4
[2459.717s][debug][gc,phases      ] GC(117)   StringDedup Table Weak         Min:  0.0, Avg:  0.0, Max:  0.0, Diff:  0.0, Sum:  0.0, Workers: 4
[2459.717s][debug][gc,phases      ] GC(117)     Dead                           Min: 0, Avg:  0.0, Max: 0, Diff: 0, Sum: 0, Workers: 4
[2459.717s][debug][gc,phases      ] GC(117)     Total                          Min: 0, Avg:  0.0, Max: 0, Diff: 0, Sum: 0, Workers: 4
[2459.717s][debug][gc,phases      ] GC(117)   StringDedup Requests0 Weak     Min:  0.0, Avg:  0.0, Max:  0.0, Diff:  0.0, Sum:  0.0, Workers: 4
[2459.717s][debug][gc,phases      ] GC(117)     Dead                           Min: 0, Avg:  0.0, Max: 0, Diff: 0, Sum: 0, Workers: 4
[2459.717s][debug][gc,phases      ] GC(117)     Total                          Min: 0, Avg:  0.0, Max: 0, Diff: 0, Sum: 0, Workers: 4
[2459.717s][debug][gc,phases      ] GC(117)   StringDedup Requests1 Weak     Min:  0.0, Avg:  0.0, Max:  0.0, Diff:  0.0, Sum:  0.0, Workers: 4
[2459.717s][debug][gc,phases      ] GC(117)     Dead                           Min: 0, Avg:  0.0, Max: 0, Diff: 0, Sum: 0, Workers: 4
[2459.717s][debug][gc,phases      ] GC(117)     Total                          Min: 0, Avg:  0.0, Max: 0, Diff: 0, Sum: 0, Workers: 4
[2459.717s][debug][gc,phases      ] GC(117)   Weak JFR Old Object Samples    Min:  0.0, Avg:  0.0, Max:  0.0, Diff:  0.0, Sum:  0.0, Workers: 4
[2459.717s][debug][gc,phases      ] GC(117)     Dead                           Min: 0, Avg:  0.0, Max: 0, Diff: 0, Sum: 0, Workers: 4
[2459.717s][debug][gc,phases      ] GC(117)     Total                          Min: 0, Avg:  0.0, Max: 0, Diff: 0, Sum: 0, Workers: 4
[2459.717s][debug][gc,phases      ] GC(117) Weak Processing 0.317ms
[2459.717s][debug][gc,age         ] GC(117) Desired survivor size 2621440 bytes, new threshold 15 (max threshold 15)
[2459.717s][info ][gc,heap        ] GC(117) PSYoungGen: 2092160K(2094592K)->128K(2094592K) Eden: 2092032K(2092032K)->0K(2092032K) From: 128K(2560K)->128K(2560K)
[2459.717s][info ][gc,heap        ] GC(117) ParOldGen: 343844K(386560K)->343860K(386560K)
[2459.717s][info ][gc,metaspace   ] GC(117) Metaspace: 81655K(82624K)->81655K(82624K) NonClass: 69943K(70464K)->69943K(70464K) Class: 11712K(12160K)->11712K(12160K)
[2459.717s][info ][gc             ] GC(117) Pause Young (Allocation Failure) 2378M->335M(2423M) 2.994ms
[2459.717s][info ][gc,cpu         ] GC(117) User=0.00s Sys=0.00s Real=0.00s
[2459.717s][info ][safepoint      ] Safepoint "ParallelGCFailedAllocation", Time since last: 33796550705 ns, Reaching safepoint: 38500 ns, At safepoint: 3073925 ns, Total: 3112425 ns
[2493.514s][info ][gc,start       ] GC(118) Pause Young (Allocation Failure)
[2493.515s][debug][gc,phases      ] GC(118) Scavenge 1.587ms
[2493.515s][debug][gc,ref         ] GC(118) Skipped phase 1 of Reference Processing: no references
[2493.515s][debug][gc,ref         ] GC(118) Skipped phase 2 of Reference Processing: no references
[2493.515s][debug][gc,ref         ] GC(118) Skipped phase 3 of Reference Processing: no references
[2493.516s][debug][gc,ref         ] GC(118) ReferenceProcessor::execute queues: 1, RefProcThreadModel::Single, marks_oops_alive: false
[2493.516s][debug][gc,phases      ] GC(118) Reference Processing 0.111ms
[2493.516s][debug][gc,phases      ] GC(118)   VM Weak                        Min:  0.0, Avg:  0.0, Max:  0.0, Diff:  0.0, Sum:  0.0, Workers: 4
[2493.516s][debug][gc,phases      ] GC(118)     Dead                           Min: 0, Avg:  0.0, Max: 0, Diff: 0, Sum: 0, Workers: 4
[2493.516s][debug][gc,phases      ] GC(118)     Total                          Min: 0, Avg: 205.2, Max: 565, Diff: 565, Sum: 821, Workers: 4
[2493.516s][debug][gc,phases      ] GC(118)   ObjectSynchronizer Weak        Min:  0.0, Avg:  0.0, Max:  0.0, Diff:  0.0, Sum:  0.0, Workers: 4
[2493.516s][debug][gc,phases      ] GC(118)     Dead                           Min: 0, Avg:  0.0, Max: 0, Diff: 0, Sum: 0, Workers: 4
[2493.516s][debug][gc,phases      ] GC(118)     Total                          Min: 0, Avg:  8.8, Max: 35, Diff: 35, Sum: 35, Workers: 4
[2493.516s][debug][gc,phases      ] GC(118)   JVMTI Tag Weak OopStorage      Min:  0.0, Avg:  0.0, Max:  0.0, Diff:  0.0, Sum:  0.0, Workers: 4
[2493.516s][debug][gc,phases      ] GC(118)     Dead                           Min: 0, Avg:  0.0, Max: 0, Diff: 0, Sum: 0, Workers: 4
[2493.516s][debug][gc,phases      ] GC(118)     Total                          Min: 0, Avg:  0.0, Max: 0, Diff: 0, Sum: 0, Workers: 4
[2493.516s][debug][gc,phases      ] GC(118)   StringTable Weak               Min:  0.0, Avg:  0.1, Max:  0.1, Diff:  0.1, Sum:  0.4, Workers: 4
[2493.516s][debug][gc,phases      ] GC(118)     Dead                           Min: 0, Avg:  0.0, Max: 0, Diff: 0, Sum: 0, Workers: 4
[2493.516s][debug][gc,phases      ] GC(118)     Total                          Min: 0, Avg: 10926.5, Max: 18176, Diff: 18176, Sum: 43706, Workers: 4
[2493.516s][debug][gc,phases      ] GC(118)   ResolvedMethodTable Weak       Min:  0.0, Avg:  0.0, Max:  0.0, Diff:  0.0, Sum:  0.1, Workers: 4
[2493.516s][debug][gc,phases      ] GC(118)     Dead                           Min: 0, Avg:  0.0, Max: 0, Diff: 0, Sum: 0, Workers: 4
[2493.516s][debug][gc,phases      ] GC(118)     Total                          Min: 0, Avg: 2352.0, Max: 3328, Diff: 3328, Sum: 9408, Workers: 4
[2493.516s][debug][gc,phases      ] GC(118)   JNI Weak                       Min:  0.0, Avg:  0.0, Max:  0.0, Diff:  0.0, Sum:  0.0, Workers: 4
[2493.516s][debug][gc,phases      ] GC(118)     Dead                           Min: 0, Avg:  0.0, Max: 0, Diff: 0, Sum: 0, Workers: 4
[2493.516s][debug][gc,phases      ] GC(118)     Total                          Min: 0, Avg: 11.2, Max: 45, Diff: 45, Sum: 45, Workers: 4
[2493.516s][debug][gc,phases      ] GC(118)   StringDedup Table Weak         Min:  0.0, Avg:  0.0, Max:  0.0, Diff:  0.0, Sum:  0.0, Workers: 4
[2493.516s][debug][gc,phases      ] GC(118)     Dead                           Min: 0, Avg:  0.0, Max: 0, Diff: 0, Sum: 0, Workers: 4
[2493.516s][debug][gc,phases      ] GC(118)     Total                          Min: 0, Avg:  0.0, Max: 0, Diff: 0, Sum: 0, Workers: 4
[2493.516s][debug][gc,phases      ] GC(118)   StringDedup Requests0 Weak     Min:  0.0, Avg:  0.0, Max:  0.0, Diff:  0.0, Sum:  0.0, Workers: 4
[2493.516s][debug][gc,phases      ] GC(118)     Dead                           Min: 0, Avg:  0.0, Max: 0, Diff: 0, Sum: 0, Workers: 4
[2493.516s][debug][gc,phases      ] GC(118)     Total                          Min: 0, Avg:  0.0, Max: 0, Diff: 0, Sum: 0, Workers: 4
[2493.516s][debug][gc,phases      ] GC(118)   StringDedup Requests1 Weak     Min:  0.0, Avg:  0.0, Max:  0.0, Diff:  0.0, Sum:  0.0, Workers: 4
[2493.516s][debug][gc,phases      ] GC(118)     Dead                           Min: 0, Avg:  0.0, Max: 0, Diff: 0, Sum: 0, Workers: 4
[2493.516s][debug][gc,phases      ] GC(118)     Total                          Min: 0, Avg:  0.0, Max: 0, Diff: 0, Sum: 0, Workers: 4
[2493.516s][debug][gc,phases      ] GC(118)   Weak JFR Old Object Samples    Min:  0.0, Avg:  0.0, Max:  0.0, Diff:  0.0, Sum:  0.0, Workers: 4
[2493.516s][debug][gc,phases      ] GC(118)     Dead                           Min: 0, Avg:  0.0, Max: 0, Diff: 0, Sum: 0, Workers: 4
[2493.516s][debug][gc,phases      ] GC(118)     Total                          Min: 0, Avg:  0.0, Max: 0, Diff: 0, Sum: 0, Workers: 4
[2493.516s][debug][gc,phases      ] GC(118) Weak Processing 0.339ms
[2493.516s][debug][gc,age         ] GC(118) Desired survivor size 2621440 bytes, new threshold 15 (max threshold 15)
[2493.516s][info ][gc,heap        ] GC(118) PSYoungGen: 2092160K(2094592K)->128K(2094592K) Eden: 2092032K(2092032K)->0K(2092032K) From: 128K(2560K)->128K(2560K)
[2493.516s][info ][gc,heap        ] GC(118) ParOldGen: 343860K(386560K)->343868K(386560K)
[2493.516s][info ][gc,metaspace   ] GC(118) Metaspace: 81655K(82624K)->81655K(82624K) NonClass: 69943K(70464K)->69943K(70464K) Class: 11712K(12160K)->11712K(12160K)
[2493.516s][info ][gc             ] GC(118) Pause Young (Allocation Failure) 2378M->335M(2423M) 2.130ms
[2493.516s][info ][gc,cpu         ] GC(118) User=0.00s Sys=0.00s Real=0.00s
[2493.516s][info ][safepoint      ] Safepoint "ParallelGCFailedAllocation", Time since last: 33796387055 ns, Reaching safepoint: 42801 ns, At safepoint: 2211917 ns, Total: 2254718 ns
[2527.313s][info ][gc,start       ] GC(119) Pause Young (Allocation Failure)
[2527.316s][debug][gc,phases      ] GC(119) Scavenge 2.855ms
[2527.316s][debug][gc,ref         ] GC(119) Skipped phase 1 of Reference Processing: no references
[2527.316s][debug][gc,ref         ] GC(119) Skipped phase 2 of Reference Processing: no references
[2527.316s][debug][gc,ref         ] GC(119) Skipped phase 3 of Reference Processing: no references
[2527.316s][debug][gc,ref         ] GC(119) ReferenceProcessor::execute queues: 1, RefProcThreadModel::Single, marks_oops_alive: false
[2527.316s][debug][gc,phases      ] GC(119) Reference Processing 0.087ms
[2527.316s][debug][gc,phases      ] GC(119)   VM Weak                        Min:  0.0, Avg:  0.0, Max:  0.0, Diff:  0.0, Sum:  0.0, Workers: 4
[2527.316s][debug][gc,phases      ] GC(119)     Dead                           Min: 0, Avg:  0.0, Max: 0, Diff: 0, Sum: 0, Workers: 4
[2527.316s][debug][gc,phases      ] GC(119)     Total                          Min: 0, Avg: 205.2, Max: 821, Diff: 821, Sum: 821, Workers: 4
[2527.316s][debug][gc,phases      ] GC(119)   ObjectSynchronizer Weak        Min:  0.0, Avg:  0.0, Max:  0.0, Diff:  0.0, Sum:  0.0, Workers: 4
[2527.316s][debug][gc,phases      ] GC(119)     Dead                           Min: 0, Avg:  0.0, Max: 0, Diff: 0, Sum: 0, Workers: 4
[2527.316s][debug][gc,phases      ] GC(119)     Total                          Min: 0, Avg:  8.8, Max: 35, Diff: 35, Sum: 35, Workers: 4
[2527.316s][debug][gc,phases      ] GC(119)   JVMTI Tag Weak OopStorage      Min:  0.0, Avg:  0.0, Max:  0.0, Diff:  0.0, Sum:  0.0, Workers: 4
[2527.316s][debug][gc,phases      ] GC(119)     Dead                           Min: 0, Avg:  0.0, Max: 0, Diff: 0, Sum: 0, Workers: 4
[2527.316s][debug][gc,phases      ] GC(119)     Total                          Min: 0, Avg:  0.0, Max: 0, Diff: 0, Sum: 0, Workers: 4
[2527.316s][debug][gc,phases      ] GC(119)   StringTable Weak               Min:  0.1, Avg:  0.1, Max:  0.1, Diff:  0.0, Sum:  0.4, Workers: 4
[2527.316s][debug][gc,phases      ] GC(119)     Dead                           Min: 0, Avg:  0.0, Max: 0, Diff: 0, Sum: 0, Workers: 4
[2527.316s][debug][gc,phases      ] GC(119)     Total                          Min: 9984, Avg: 10926.5, Max: 12028, Diff: 2044, Sum: 43706, Workers: 4
[2527.316s][debug][gc,phases      ] GC(119)   ResolvedMethodTable Weak       Min:  0.0, Avg:  0.0, Max:  0.0, Diff:  0.0, Sum:  0.1, Workers: 4
[2527.316s][debug][gc,phases      ] GC(119)     Dead                           Min: 0, Avg:  0.0, Max: 0, Diff: 0, Sum: 0, Workers: 4
[2527.316s][debug][gc,phases      ] GC(119)     Total                          Min: 1664, Avg: 2352.0, Max: 2880, Diff: 1216, Sum: 9408, Workers: 4
[2527.316s][debug][gc,phases      ] GC(119)   JNI Weak                       Min:  0.0, Avg:  0.0, Max:  0.0, Diff:  0.0, Sum:  0.0, Workers: 4
[2527.316s][debug][gc,phases      ] GC(119)     Dead                           Min: 0, Avg:  0.0, Max: 0, Diff: 0, Sum: 0, Workers: 4
[2527.316s][debug][gc,phases      ] GC(119)     Total                          Min: 0, Avg: 11.2, Max: 45, Diff: 45, Sum: 45, Workers: 4
[2527.316s][debug][gc,phases      ] GC(119)   StringDedup Table Weak         Min:  0.0, Avg:  0.0, Max:  0.0, Diff:  0.0, Sum:  0.0, Workers: 4
[2527.316s][debug][gc,phases      ] GC(119)     Dead                           Min: 0, Avg:  0.0, Max: 0, Diff: 0, Sum: 0, Workers: 4
[2527.316s][debug][gc,phases      ] GC(119)     Total                          Min: 0, Avg:  0.0, Max: 0, Diff: 0, Sum: 0, Workers: 4
[2527.316s][debug][gc,phases      ] GC(119)   StringDedup Requests0 Weak     Min:  0.0, Avg:  0.0, Max:  0.0, Diff:  0.0, Sum:  0.0, Workers: 4
[2527.316s][debug][gc,phases      ] GC(119)     Dead                           Min: 0, Avg:  0.0, Max: 0, Diff: 0, Sum: 0, Workers: 4
[2527.316s][debug][gc,phases      ] GC(119)     Total                          Min: 0, Avg:  0.0, Max: 0, Diff: 0, Sum: 0, Workers: 4
[2527.316s][debug][gc,phases      ] GC(119)   StringDedup Requests1 Weak     Min:  0.0, Avg:  0.0, Max:  0.0, Diff:  0.0, Sum:  0.0, Workers: 4
[2527.316s][debug][gc,phases      ] GC(119)     Dead                           Min: 0, Avg:  0.0, Max: 0, Diff: 0, Sum: 0, Workers: 4
[2527.316s][debug][gc,phases      ] GC(119)     Total                          Min: 0, Avg:  0.0, Max: 0, Diff: 0, Sum: 0, Workers: 4
[2527.316s][debug][gc,phases      ] GC(119)   Weak JFR Old Object Samples    Min:  0.0, Avg:  0.0, Max:  0.0, Diff:  0.0, Sum:  0.0, Workers: 4
[2527.316s][debug][gc,phases      ] GC(119)     Dead                           Min: 0, Avg:  0.0, Max: 0, Diff: 0, Sum: 0, Workers: 4
[2527.316s][debug][gc,phases      ] GC(119)     Total                          Min: 0, Avg:  0.0, Max: 0, Diff: 0, Sum: 0, Workers: 4
[2527.316s][debug][gc,phases      ] GC(119) Weak Processing 0.282ms
[2527.316s][debug][gc,age         ] GC(119) Desired survivor size 2621440 bytes, new threshold 15 (max threshold 15)
[2527.316s][info ][gc,heap        ] GC(119) PSYoungGen: 2092160K(2094592K)->128K(2094592K) Eden: 2092032K(2092032K)->0K(2092032K) From: 128K(2560K)->128K(2560K)
[2527.316s][info ][gc,heap        ] GC(119) ParOldGen: 343868K(386560K)->343876K(386560K)
[2527.316s][info ][gc,metaspace   ] GC(119) Metaspace: 81656K(82624K)->81656K(82624K) NonClass: 69943K(70464K)->69943K(70464K) Class: 11712K(12160K)->11712K(12160K)
[2527.316s][info ][gc             ] GC(119) Pause Young (Allocation Failure) 2378M->335M(2423M) 3.342ms
[2527.316s][info ][gc,cpu         ] GC(119) User=0.01s Sys=0.00s Real=0.00s
[2527.316s][info ][safepoint      ] Safepoint "ParallelGCFailedAllocation", Time since last: 33796627985 ns, Reaching safepoint: 28600 ns, At safepoint: 3408926 ns, Total: 3437526 ns
[2531.316s][info ][safepoint      ] Safepoint "Cleanup", Time since last: 4000314328 ns, Reaching safepoint: 142501 ns, At safepoint: 5900 ns, Total: 148401 ns
[2561.017s][info ][gc,start       ] GC(120) Pause Young (Allocation Failure)
[2561.019s][debug][gc,phases      ] GC(120) Scavenge 2.401ms
[2561.019s][debug][gc,ref         ] GC(120) Skipped phase 1 of Reference Processing: no references
[2561.019s][debug][gc,ref         ] GC(120) Skipped phase 2 of Reference Processing: no references
[2561.019s][debug][gc,ref         ] GC(120) Skipped phase 3 of Reference Processing: no references
[2561.019s][debug][gc,ref         ] GC(120) ReferenceProcessor::execute queues: 1, RefProcThreadModel::Single, marks_oops_alive: false
[2561.019s][debug][gc,phases      ] GC(120) Reference Processing 0.085ms
[2561.019s][debug][gc,phases      ] GC(120)   VM Weak                        Min:  0.0, Avg:  0.0, Max:  0.0, Diff:  0.0, Sum:  0.0, Workers: 4
[2561.019s][debug][gc,phases      ] GC(120)     Dead                           Min: 0, Avg:  0.0, Max: 0, Diff: 0, Sum: 0, Workers: 4
[2561.019s][debug][gc,phases      ] GC(120)     Total                          Min: 0, Avg: 205.2, Max: 448, Diff: 448, Sum: 821, Workers: 4
[2561.019s][debug][gc,phases      ] GC(120)   ObjectSynchronizer Weak        Min:  0.0, Avg:  0.0, Max:  0.0, Diff:  0.0, Sum:  0.0, Workers: 4
[2561.019s][debug][gc,phases      ] GC(120)     Dead                           Min: 0, Avg:  0.0, Max: 0, Diff: 0, Sum: 0, Workers: 4
[2561.019s][debug][gc,phases      ] GC(120)     Total                          Min: 0, Avg:  8.8, Max: 35, Diff: 35, Sum: 35, Workers: 4
[2561.019s][debug][gc,phases      ] GC(120)   JVMTI Tag Weak OopStorage      Min:  0.0, Avg:  0.0, Max:  0.0, Diff:  0.0, Sum:  0.0, Workers: 4
[2561.019s][debug][gc,phases      ] GC(120)     Dead                           Min: 0, Avg:  0.0, Max: 0, Diff: 0, Sum: 0, Workers: 4
[2561.019s][debug][gc,phases      ] GC(120)     Total                          Min: 0, Avg:  0.0, Max: 0, Diff: 0, Sum: 0, Workers: 4
[2561.019s][debug][gc,phases      ] GC(120)   StringTable Weak               Min:  0.0, Avg:  0.1, Max:  0.1, Diff:  0.1, Sum:  0.4, Workers: 4
[2561.019s][debug][gc,phases      ] GC(120)     Dead                           Min: 0, Avg:  0.0, Max: 0, Diff: 0, Sum: 0, Workers: 4
[2561.019s][debug][gc,phases      ] GC(120)     Total                          Min: 0, Avg: 10926.5, Max: 18428, Diff: 18428, Sum: 43706, Workers: 4
[2561.019s][debug][gc,phases      ] GC(120)   ResolvedMethodTable Weak       Min:  0.0, Avg:  0.0, Max:  0.0, Diff:  0.0, Sum:  0.1, Workers: 4
[2561.019s][debug][gc,phases      ] GC(120)     Dead                           Min: 0, Avg:  0.0, Max: 0, Diff: 0, Sum: 0, Workers: 4
[2561.019s][debug][gc,phases      ] GC(120)     Total                          Min: 0, Avg: 2352.0, Max: 4096, Diff: 4096, Sum: 9408, Workers: 4
[2561.019s][debug][gc,phases      ] GC(120)   JNI Weak                       Min:  0.0, Avg:  0.0, Max:  0.0, Diff:  0.0, Sum:  0.0, Workers: 4
[2561.019s][debug][gc,phases      ] GC(120)     Dead                           Min: 0, Avg:  0.0, Max: 0, Diff: 0, Sum: 0, Workers: 4
[2561.019s][debug][gc,phases      ] GC(120)     Total                          Min: 0, Avg: 11.2, Max: 45, Diff: 45, Sum: 45, Workers: 4
[2561.019s][debug][gc,phases      ] GC(120)   StringDedup Table Weak         Min:  0.0, Avg:  0.0, Max:  0.0, Diff:  0.0, Sum:  0.0, Workers: 4
[2561.019s][debug][gc,phases      ] GC(120)     Dead                           Min: 0, Avg:  0.0, Max: 0, Diff: 0, Sum: 0, Workers: 4
[2561.019s][debug][gc,phases      ] GC(120)     Total                          Min: 0, Avg:  0.0, Max: 0, Diff: 0, Sum: 0, Workers: 4
[2561.019s][debug][gc,phases      ] GC(120)   StringDedup Requests0 Weak     Min:  0.0, Avg:  0.0, Max:  0.0, Diff:  0.0, Sum:  0.0, Workers: 4
[2561.019s][debug][gc,phases      ] GC(120)     Dead                           Min: 0, Avg:  0.0, Max: 0, Diff: 0, Sum: 0, Workers: 4
[2561.019s][debug][gc,phases      ] GC(120)     Total                          Min: 0, Avg:  0.0, Max: 0, Diff: 0, Sum: 0, Workers: 4
[2561.019s][debug][gc,phases      ] GC(120)   StringDedup Requests1 Weak     Min:  0.0, Avg:  0.0, Max:  0.0, Diff:  0.0, Sum:  0.0, Workers: 4
[2561.019s][debug][gc,phases      ] GC(120)     Dead                           Min: 0, Avg:  0.0, Max: 0, Diff: 0, Sum: 0, Workers: 4
[2561.019s][debug][gc,phases      ] GC(120)     Total                          Min: 0, Avg:  0.0, Max: 0, Diff: 0, Sum: 0, Workers: 4
[2561.019s][debug][gc,phases      ] GC(120)   Weak JFR Old Object Samples    Min:  0.0, Avg:  0.0, Max:  0.0, Diff:  0.0, Sum:  0.0, Workers: 4
[2561.019s][debug][gc,phases      ] GC(120)     Dead                           Min: 0, Avg:  0.0, Max: 0, Diff: 0, Sum: 0, Workers: 4
[2561.019s][debug][gc,phases      ] GC(120)     Total                          Min: 0, Avg:  0.0, Max: 0, Diff: 0, Sum: 0, Workers: 4
[2561.019s][debug][gc,phases      ] GC(120) Weak Processing 0.313ms
[2561.019s][debug][gc,age         ] GC(120) Desired survivor size 2097152 bytes, new threshold 15 (max threshold 15)
[2561.019s][info ][gc,heap        ] GC(120) PSYoungGen: 2092160K(2094592K)->128K(2094592K) Eden: 2092032K(2092032K)->0K(2092032K) From: 128K(2560K)->128K(2560K)
[2561.019s][info ][gc,heap        ] GC(120) ParOldGen: 343876K(386560K)->343884K(386560K)
[2561.019s][info ][gc,metaspace   ] GC(120) Metaspace: 81656K(82624K)->81656K(82624K) NonClass: 69943K(70464K)->69943K(70464K) Class: 11712K(12160K)->11712K(12160K)
[2561.019s][info ][gc             ] GC(120) Pause Young (Allocation Failure) 2378M->335M(2423M) 2.883ms
[2561.019s][info ][gc,cpu         ] GC(120) User=0.01s Sys=0.00s Real=0.00s
[2561.019s][info ][safepoint      ] Safepoint "ParallelGCFailedAllocation", Time since last: 29699985138 ns, Reaching safepoint: 45300 ns, At safepoint: 2963123 ns, Total: 3008423 ns
[2575.269s][info ][safepoint      ] Safepoint "Cleanup", Time since last: 14249529842 ns, Reaching safepoint: 69700 ns, At safepoint: 4600 ns, Total: 74300 ns
[2594.813s][info ][gc,start       ] GC(121) Pause Young (Allocation Failure)
[2594.815s][debug][gc,phases      ] GC(121) Scavenge 1.615ms
[2594.815s][debug][gc,ref         ] GC(121) Skipped phase 1 of Reference Processing: no references
[2594.815s][debug][gc,ref         ] GC(121) Skipped phase 2 of Reference Processing: no references
[2594.815s][debug][gc,ref         ] GC(121) Skipped phase 3 of Reference Processing: no references
[2594.815s][debug][gc,ref         ] GC(121) Skipped phase 4 of Reference Processing: no references
[2594.815s][debug][gc,phases      ] GC(121) Reference Processing 0.021ms
[2594.815s][debug][gc,phases      ] GC(121)   VM Weak                        Min:  0.0, Avg:  0.0, Max:  0.0, Diff:  0.0, Sum:  0.0, Workers: 4
[2594.815s][debug][gc,phases      ] GC(121)     Dead                           Min: 0, Avg:  0.0, Max: 0, Diff: 0, Sum: 0, Workers: 4
[2594.815s][debug][gc,phases      ] GC(121)     Total                          Min: 0, Avg: 205.2, Max: 512, Diff: 512, Sum: 821, Workers: 4
[2594.815s][debug][gc,phases      ] GC(121)   ObjectSynchronizer Weak        Min:  0.0, Avg:  0.0, Max:  0.0, Diff:  0.0, Sum:  0.0, Workers: 4
[2594.815s][debug][gc,phases      ] GC(121)     Dead                           Min: 0, Avg:  0.0, Max: 0, Diff: 0, Sum: 0, Workers: 4
[2594.815s][debug][gc,phases      ] GC(121)     Total                          Min: 0, Avg:  8.8, Max: 35, Diff: 35, Sum: 35, Workers: 4
[2594.815s][debug][gc,phases      ] GC(121)   JVMTI Tag Weak OopStorage      Min:  0.0, Avg:  0.0, Max:  0.0, Diff:  0.0, Sum:  0.0, Workers: 4
[2594.815s][debug][gc,phases      ] GC(121)     Dead                           Min: 0, Avg:  0.0, Max: 0, Diff: 0, Sum: 0, Workers: 4
[2594.815s][debug][gc,phases      ] GC(121)     Total                          Min: 0, Avg:  0.0, Max: 0, Diff: 0, Sum: 0, Workers: 4
[2594.815s][debug][gc,phases      ] GC(121)   StringTable Weak               Min:  0.0, Avg:  0.1, Max:  0.1, Diff:  0.1, Sum:  0.4, Workers: 4
[2594.815s][debug][gc,phases      ] GC(121)     Dead                           Min: 0, Avg:  0.0, Max: 0, Diff: 0, Sum: 0, Workers: 4
[2594.815s][debug][gc,phases      ] GC(121)     Total                          Min: 3262, Avg: 10926.5, Max: 15296, Diff: 12034, Sum: 43706, Workers: 4
[2594.815s][debug][gc,phases      ] GC(121)   ResolvedMethodTable Weak       Min:  0.0, Avg:  0.0, Max:  0.0, Diff:  0.0, Sum:  0.1, Workers: 4
[2594.815s][debug][gc,phases      ] GC(121)     Dead                           Min: 0, Avg:  0.0, Max: 0, Diff: 0, Sum: 0, Workers: 4
[2594.815s][debug][gc,phases      ] GC(121)     Total                          Min: 2240, Avg: 2352.0, Max: 2496, Diff: 256, Sum: 9408, Workers: 4
[2594.815s][debug][gc,phases      ] GC(121)   JNI Weak                       Min:  0.0, Avg:  0.0, Max:  0.0, Diff:  0.0, Sum:  0.0, Workers: 4
[2594.815s][debug][gc,phases      ] GC(121)     Dead                           Min: 0, Avg:  0.0, Max: 0, Diff: 0, Sum: 0, Workers: 4
[2594.815s][debug][gc,phases      ] GC(121)     Total                          Min: 0, Avg: 11.2, Max: 45, Diff: 45, Sum: 45, Workers: 4
[2594.815s][debug][gc,phases      ] GC(121)   StringDedup Table Weak         Min:  0.0, Avg:  0.0, Max:  0.0, Diff:  0.0, Sum:  0.0, Workers: 4
[2594.815s][debug][gc,phases      ] GC(121)     Dead                           Min: 0, Avg:  0.0, Max: 0, Diff: 0, Sum: 0, Workers: 4
[2594.815s][debug][gc,phases      ] GC(121)     Total                          Min: 0, Avg:  0.0, Max: 0, Diff: 0, Sum: 0, Workers: 4
[2594.815s][debug][gc,phases      ] GC(121)   StringDedup Requests0 Weak     Min:  0.0, Avg:  0.0, Max:  0.0, Diff:  0.0, Sum:  0.0, Workers: 4
[2594.815s][debug][gc,phases      ] GC(121)     Dead                           Min: 0, Avg:  0.0, Max: 0, Diff: 0, Sum: 0, Workers: 4
[2594.815s][debug][gc,phases      ] GC(121)     Total                          Min: 0, Avg:  0.0, Max: 0, Diff: 0, Sum: 0, Workers: 4
[2594.815s][debug][gc,phases      ] GC(121)   StringDedup Requests1 Weak     Min:  0.0, Avg:  0.0, Max:  0.0, Diff:  0.0, Sum:  0.0, Workers: 4
[2594.815s][debug][gc,phases      ] GC(121)     Dead                           Min: 0, Avg:  0.0, Max: 0, Diff: 0, Sum: 0, Workers: 4
[2594.815s][debug][gc,phases      ] GC(121)     Total                          Min: 0, Avg:  0.0, Max: 0, Diff: 0, Sum: 0, Workers: 4
[2594.815s][debug][gc,phases      ] GC(121)   Weak JFR Old Object Samples    Min:  0.0, Avg:  0.0, Max:  0.0, Diff:  0.0, Sum:  0.0, Workers: 4
[2594.815s][debug][gc,phases      ] GC(121)     Dead                           Min: 0, Avg:  0.0, Max: 0, Diff: 0, Sum: 0, Workers: 4
[2594.815s][debug][gc,phases      ] GC(121)     Total                          Min: 0, Avg:  0.0, Max: 0, Diff: 0, Sum: 0, Workers: 4
[2594.815s][debug][gc,phases      ] GC(121) Weak Processing 0.320ms
[2594.815s][debug][gc,age         ] GC(121) Desired survivor size 2097152 bytes, new threshold 15 (max threshold 15)
[2594.815s][info ][gc,heap        ] GC(121) PSYoungGen: 2092160K(2094592K)->128K(2095104K) Eden: 2092032K(2092032K)->0K(2093056K) From: 128K(2560K)->128K(2048K)
[2594.815s][info ][gc,heap        ] GC(121) ParOldGen: 343884K(386560K)->343892K(386560K)
[2594.815s][info ][gc,metaspace   ] GC(121) Metaspace: 81656K(82624K)->81656K(82624K) NonClass: 69943K(70464K)->69943K(70464K) Class: 11712K(12160K)->11712K(12160K)
[2594.815s][info ][gc             ] GC(121) Pause Young (Allocation Failure) 2378M->335M(2423M) 2.043ms
[2594.815s][info ][gc,cpu         ] GC(121) User=0.00s Sys=0.00s Real=0.00s
[2594.815s][info ][safepoint      ] Safepoint "ParallelGCFailedAllocation", Time since last: 19544066558 ns, Reaching safepoint: 25201 ns, At safepoint: 2128616 ns, Total: 2153817 ns
[2628.614s][info ][gc,start       ] GC(122) Pause Young (Allocation Failure)
[2628.616s][debug][gc,phases      ] GC(122) Scavenge 1.839ms
[2628.616s][debug][gc,ref         ] GC(122) Skipped phase 1 of Reference Processing: no references
[2628.616s][debug][gc,ref         ] GC(122) Skipped phase 2 of Reference Processing: no references
[2628.616s][debug][gc,ref         ] GC(122) Skipped phase 3 of Reference Processing: no references
[2628.616s][debug][gc,ref         ] GC(122) ReferenceProcessor::execute queues: 1, RefProcThreadModel::Single, marks_oops_alive: false
[2628.616s][debug][gc,phases      ] GC(122) Reference Processing 0.126ms
[2628.616s][debug][gc,phases      ] GC(122)   VM Weak                        Min:  0.0, Avg:  0.0, Max:  0.0, Diff:  0.0, Sum:  0.0, Workers: 4
[2628.616s][debug][gc,phases      ] GC(122)     Dead                           Min: 0, Avg:  0.0, Max: 0, Diff: 0, Sum: 0, Workers: 4
[2628.616s][debug][gc,phases      ] GC(122)     Total                          Min: 0, Avg: 205.2, Max: 821, Diff: 821, Sum: 821, Workers: 4
[2628.616s][debug][gc,phases      ] GC(122)   ObjectSynchronizer Weak        Min:  0.0, Avg:  0.0, Max:  0.0, Diff:  0.0, Sum:  0.0, Workers: 4
[2628.616s][debug][gc,phases      ] GC(122)     Dead                           Min: 0, Avg:  0.0, Max: 0, Diff: 0, Sum: 0, Workers: 4
[2628.616s][debug][gc,phases      ] GC(122)     Total                          Min: 0, Avg:  8.8, Max: 35, Diff: 35, Sum: 35, Workers: 4
[2628.616s][debug][gc,phases      ] GC(122)   JVMTI Tag Weak OopStorage      Min:  0.0, Avg:  0.0, Max:  0.0, Diff:  0.0, Sum:  0.0, Workers: 4
[2628.616s][debug][gc,phases      ] GC(122)     Dead                           Min: 0, Avg:  0.0, Max: 0, Diff: 0, Sum: 0, Workers: 4
[2628.616s][debug][gc,phases      ] GC(122)     Total                          Min: 0, Avg:  0.0, Max: 0, Diff: 0, Sum: 0, Workers: 4
[2628.616s][debug][gc,phases      ] GC(122)   StringTable Weak               Min:  0.0, Avg:  0.1, Max:  0.1, Diff:  0.1, Sum:  0.4, Workers: 4
[2628.616s][debug][gc,phases      ] GC(122)     Dead                           Min: 0, Avg:  0.0, Max: 0, Diff: 0, Sum: 0, Workers: 4
[2628.616s][debug][gc,phases      ] GC(122)     Total                          Min: 0, Avg: 10926.5, Max: 16894, Diff: 16894, Sum: 43706, Workers: 4
[2628.616s][debug][gc,phases      ] GC(122)   ResolvedMethodTable Weak       Min:  0.0, Avg:  0.0, Max:  0.0, Diff:  0.0, Sum:  0.1, Workers: 4
[2628.616s][debug][gc,phases      ] GC(122)     Dead                           Min: 0, Avg:  0.0, Max: 0, Diff: 0, Sum: 0, Workers: 4
[2628.616s][debug][gc,phases      ] GC(122)     Total                          Min: 0, Avg: 2352.0, Max: 3264, Diff: 3264, Sum: 9408, Workers: 4
[2628.616s][debug][gc,phases      ] GC(122)   JNI Weak                       Min:  0.0, Avg:  0.0, Max:  0.0, Diff:  0.0, Sum:  0.0, Workers: 4
[2628.616s][debug][gc,phases      ] GC(122)     Dead                           Min: 0, Avg:  0.0, Max: 0, Diff: 0, Sum: 0, Workers: 4
[2628.616s][debug][gc,phases      ] GC(122)     Total                          Min: 0, Avg: 11.2, Max: 45, Diff: 45, Sum: 45, Workers: 4
[2628.616s][debug][gc,phases      ] GC(122)   StringDedup Table Weak         Min:  0.0, Avg:  0.0, Max:  0.0, Diff:  0.0, Sum:  0.0, Workers: 4
[2628.616s][debug][gc,phases      ] GC(122)     Dead                           Min: 0, Avg:  0.0, Max: 0, Diff: 0, Sum: 0, Workers: 4
[2628.616s][debug][gc,phases      ] GC(122)     Total                          Min: 0, Avg:  0.0, Max: 0, Diff: 0, Sum: 0, Workers: 4
[2628.616s][debug][gc,phases      ] GC(122)   StringDedup Requests0 Weak     Min:  0.0, Avg:  0.0, Max:  0.0, Diff:  0.0, Sum:  0.0, Workers: 4
[2628.616s][debug][gc,phases      ] GC(122)     Dead                           Min: 0, Avg:  0.0, Max: 0, Diff: 0, Sum: 0, Workers: 4
[2628.616s][debug][gc,phases      ] GC(122)     Total                          Min: 0, Avg:  0.0, Max: 0, Diff: 0, Sum: 0, Workers: 4
[2628.616s][debug][gc,phases      ] GC(122)   StringDedup Requests1 Weak     Min:  0.0, Avg:  0.0, Max:  0.0, Diff:  0.0, Sum:  0.0, Workers: 4
[2628.616s][debug][gc,phases      ] GC(122)     Dead                           Min: 0, Avg:  0.0, Max: 0, Diff: 0, Sum: 0, Workers: 4
[2628.616s][debug][gc,phases      ] GC(122)     Total                          Min: 0, Avg:  0.0, Max: 0, Diff: 0, Sum: 0, Workers: 4
[2628.616s][debug][gc,phases      ] GC(122)   Weak JFR Old Object Samples    Min:  0.0, Avg:  0.0, Max:  0.0, Diff:  0.0, Sum:  0.0, Workers: 4
[2628.616s][debug][gc,phases      ] GC(122)     Dead                           Min: 0, Avg:  0.0, Max: 0, Diff: 0, Sum: 0, Workers: 4
[2628.616s][debug][gc,phases      ] GC(122)     Total                          Min: 0, Avg:  0.0, Max: 0, Diff: 0, Sum: 0, Workers: 4
[2628.616s][debug][gc,phases      ] GC(122) Weak Processing 0.369ms
[2628.616s][debug][gc,age         ] GC(122) Desired survivor size 2097152 bytes, new threshold 15 (max threshold 15)
[2628.616s][info ][gc,heap        ] GC(122) PSYoungGen: 2093184K(2095104K)->128K(2095104K) Eden: 2093056K(2093056K)->0K(2093056K) From: 128K(2048K)->128K(2048K)
[2628.616s][info ][gc,heap        ] GC(122) ParOldGen: 343892K(386560K)->343908K(386560K)
[2628.616s][info ][gc,metaspace   ] GC(122) Metaspace: 81656K(82624K)->81656K(82624K) NonClass: 69943K(70464K)->69943K(70464K) Class: 11712K(12160K)->11712K(12160K)
[2628.616s][info ][gc             ] GC(122) Pause Young (Allocation Failure) 2379M->335M(2423M) 2.424ms
[2628.616s][info ][gc,cpu         ] GC(122) User=0.01s Sys=0.00s Real=0.00s
[2628.616s][info ][safepoint      ] Safepoint "ParallelGCFailedAllocation", Time since last: 33798573636 ns, Reaching safepoint: 31900 ns, At safepoint: 2510719 ns, Total: 2542619 ns
[2662.462s][info ][gc,start       ] GC(123) Pause Young (Allocation Failure)
[2662.464s][debug][gc,phases      ] GC(123) Scavenge 2.211ms
[2662.464s][debug][gc,ref         ] GC(123) Skipped phase 1 of Reference Processing: no references
[2662.464s][debug][gc,ref         ] GC(123) Skipped phase 2 of Reference Processing: no references
[2662.464s][debug][gc,ref         ] GC(123) Skipped phase 3 of Reference Processing: no references
[2662.464s][debug][gc,ref         ] GC(123) ReferenceProcessor::execute queues: 1, RefProcThreadModel::Single, marks_oops_alive: false
[2662.464s][debug][gc,phases      ] GC(123) Reference Processing 0.103ms
[2662.465s][debug][gc,phases      ] GC(123)   VM Weak                        Min:  0.0, Avg:  0.0, Max:  0.0, Diff:  0.0, Sum:  0.0, Workers: 4
[2662.465s][debug][gc,phases      ] GC(123)     Dead                           Min: 0, Avg:  0.0, Max: 0, Diff: 0, Sum: 0, Workers: 4
[2662.465s][debug][gc,phases      ] GC(123)     Total                          Min: 0, Avg: 205.2, Max: 512, Diff: 512, Sum: 821, Workers: 4
[2662.465s][debug][gc,phases      ] GC(123)   ObjectSynchronizer Weak        Min:  0.0, Avg:  0.0, Max:  0.0, Diff:  0.0, Sum:  0.0, Workers: 4
[2662.465s][debug][gc,phases      ] GC(123)     Dead                           Min: 0, Avg:  0.0, Max: 0, Diff: 0, Sum: 0, Workers: 4
[2662.465s][debug][gc,phases      ] GC(123)     Total                          Min: 0, Avg:  8.8, Max: 35, Diff: 35, Sum: 35, Workers: 4
[2662.465s][debug][gc,phases      ] GC(123)   JVMTI Tag Weak OopStorage      Min:  0.0, Avg:  0.0, Max:  0.0, Diff:  0.0, Sum:  0.0, Workers: 4
[2662.465s][debug][gc,phases      ] GC(123)     Dead                           Min: 0, Avg:  0.0, Max: 0, Diff: 0, Sum: 0, Workers: 4
[2662.465s][debug][gc,phases      ] GC(123)     Total                          Min: 0, Avg:  0.0, Max: 0, Diff: 0, Sum: 0, Workers: 4
[2662.465s][debug][gc,phases      ] GC(123)   StringTable Weak               Min:  0.0, Avg:  0.1, Max:  0.1, Diff:  0.1, Sum:  0.4, Workers: 4
[2662.465s][debug][gc,phases      ] GC(123)     Dead                           Min: 0, Avg:  0.0, Max: 0, Diff: 0, Sum: 0, Workers: 4
[2662.465s][debug][gc,phases      ] GC(123)     Total                          Min: 0, Avg: 10926.5, Max: 18238, Diff: 18238, Sum: 43706, Workers: 4
[2662.465s][debug][gc,phases      ] GC(123)   ResolvedMethodTable Weak       Min:  0.0, Avg:  0.0, Max:  0.0, Diff:  0.0, Sum:  0.1, Workers: 4
[2662.465s][debug][gc,phases      ] GC(123)     Dead                           Min: 0, Avg:  0.0, Max: 0, Diff: 0, Sum: 0, Workers: 4
[2662.465s][debug][gc,phases      ] GC(123)     Total                          Min: 0, Avg: 2352.0, Max: 4096, Diff: 4096, Sum: 9408, Workers: 4
[2662.465s][debug][gc,phases      ] GC(123)   JNI Weak                       Min:  0.0, Avg:  0.0, Max:  0.0, Diff:  0.0, Sum:  0.0, Workers: 4
[2662.465s][debug][gc,phases      ] GC(123)     Dead                           Min: 0, Avg:  0.0, Max: 0, Diff: 0, Sum: 0, Workers: 4
[2662.465s][debug][gc,phases      ] GC(123)     Total                          Min: 0, Avg: 11.2, Max: 45, Diff: 45, Sum: 45, Workers: 4
[2662.465s][debug][gc,phases      ] GC(123)   StringDedup Table Weak         Min:  0.0, Avg:  0.0, Max:  0.0, Diff:  0.0, Sum:  0.0, Workers: 4
[2662.465s][debug][gc,phases      ] GC(123)     Dead                           Min: 0, Avg:  0.0, Max: 0, Diff: 0, Sum: 0, Workers: 4
[2662.465s][debug][gc,phases      ] GC(123)     Total                          Min: 0, Avg:  0.0, Max: 0, Diff: 0, Sum: 0, Workers: 4
[2662.465s][debug][gc,phases      ] GC(123)   StringDedup Requests0 Weak     Min:  0.0, Avg:  0.0, Max:  0.0, Diff:  0.0, Sum:  0.0, Workers: 4
[2662.465s][debug][gc,phases      ] GC(123)     Dead                           Min: 0, Avg:  0.0, Max: 0, Diff: 0, Sum: 0, Workers: 4
[2662.465s][debug][gc,phases      ] GC(123)     Total                          Min: 0, Avg:  0.0, Max: 0, Diff: 0, Sum: 0, Workers: 4
[2662.465s][debug][gc,phases      ] GC(123)   StringDedup Requests1 Weak     Min:  0.0, Avg:  0.0, Max:  0.0, Diff:  0.0, Sum:  0.0, Workers: 4
[2662.465s][debug][gc,phases      ] GC(123)     Dead                           Min: 0, Avg:  0.0, Max: 0, Diff: 0, Sum: 0, Workers: 4
[2662.465s][debug][gc,phases      ] GC(123)     Total                          Min: 0, Avg:  0.0, Max: 0, Diff: 0, Sum: 0, Workers: 4
[2662.465s][debug][gc,phases      ] GC(123)   Weak JFR Old Object Samples    Min:  0.0, Avg:  0.0, Max:  0.0, Diff:  0.0, Sum:  0.0, Workers: 4
[2662.465s][debug][gc,phases      ] GC(123)     Dead                           Min: 0, Avg:  0.0, Max: 0, Diff: 0, Sum: 0, Workers: 4
[2662.465s][debug][gc,phases      ] GC(123)     Total                          Min: 0, Avg:  0.0, Max: 0, Diff: 0, Sum: 0, Workers: 4
[2662.465s][debug][gc,phases      ] GC(123) Weak Processing 0.315ms
[2662.465s][debug][gc,age         ] GC(123) Desired survivor size 2097152 bytes, new threshold 15 (max threshold 15)
[2662.465s][info ][gc,heap        ] GC(123) PSYoungGen: 2093184K(2095104K)->160K(2095104K) Eden: 2093056K(2093056K)->0K(2093056K) From: 128K(2048K)->160K(2048K)
[2662.465s][info ][gc,heap        ] GC(123) ParOldGen: 343908K(386560K)->343932K(386560K)
[2662.465s][info ][gc,metaspace   ] GC(123) Metaspace: 81656K(82624K)->81656K(82624K) NonClass: 69944K(70464K)->69944K(70464K) Class: 11712K(12160K)->11712K(12160K)
[2662.465s][info ][gc             ] GC(123) Pause Young (Allocation Failure) 2379M->336M(2423M) 2.732ms
[2662.465s][info ][gc,cpu         ] GC(123) User=0.01s Sys=0.00s Real=0.00s
[2662.465s][info ][safepoint      ] Safepoint "ParallelGCFailedAllocation", Time since last: 33845625922 ns, Reaching safepoint: 32700 ns, At safepoint: 2792821 ns, Total: 2825521 ns
[2675.466s][info ][safepoint      ] Safepoint "Cleanup", Time since last: 13000896383 ns, Reaching safepoint: 120401 ns, At safepoint: 7900 ns, Total: 128301 ns
[2696.216s][info ][gc,start       ] GC(124) Pause Young (Allocation Failure)
[2696.218s][debug][gc,phases      ] GC(124) Scavenge 1.555ms
[2696.218s][debug][gc,ref         ] GC(124) Skipped phase 1 of Reference Processing: no references
[2696.218s][debug][gc,ref         ] GC(124) Skipped phase 2 of Reference Processing: no references
[2696.218s][debug][gc,ref         ] GC(124) Skipped phase 3 of Reference Processing: no references
[2696.218s][debug][gc,ref         ] GC(124) Skipped phase 4 of Reference Processing: no references
[2696.218s][debug][gc,phases      ] GC(124) Reference Processing 0.019ms
[2696.218s][debug][gc,phases      ] GC(124)   VM Weak                        Min:  0.0, Avg:  0.0, Max:  0.0, Diff:  0.0, Sum:  0.0, Workers: 4
[2696.218s][debug][gc,phases      ] GC(124)     Dead                           Min: 0, Avg:  0.0, Max: 0, Diff: 0, Sum: 0, Workers: 4
[2696.218s][debug][gc,phases      ] GC(124)     Total                          Min: 0, Avg: 205.2, Max: 437, Diff: 437, Sum: 821, Workers: 4
[2696.218s][debug][gc,phases      ] GC(124)   ObjectSynchronizer Weak        Min:  0.0, Avg:  0.0, Max:  0.0, Diff:  0.0, Sum:  0.0, Workers: 4
[2696.218s][debug][gc,phases      ] GC(124)     Dead                           Min: 0, Avg:  0.0, Max: 0, Diff: 0, Sum: 0, Workers: 4
[2696.218s][debug][gc,phases      ] GC(124)     Total                          Min: 0, Avg:  8.8, Max: 35, Diff: 35, Sum: 35, Workers: 4
[2696.218s][debug][gc,phases      ] GC(124)   JVMTI Tag Weak OopStorage      Min:  0.0, Avg:  0.0, Max:  0.0, Diff:  0.0, Sum:  0.0, Workers: 4
[2696.218s][debug][gc,phases      ] GC(124)     Dead                           Min: 0, Avg:  0.0, Max: 0, Diff: 0, Sum: 0, Workers: 4
[2696.218s][debug][gc,phases      ] GC(124)     Total                          Min: 0, Avg:  0.0, Max: 0, Diff: 0, Sum: 0, Workers: 4
[2696.218s][debug][gc,phases      ] GC(124)   StringTable Weak               Min:  0.1, Avg:  0.1, Max:  0.1, Diff:  0.0, Sum:  0.4, Workers: 4
[2696.218s][debug][gc,phases      ] GC(124)     Dead                           Min: 0, Avg:  0.0, Max: 0, Diff: 0, Sum: 0, Workers: 4
[2696.218s][debug][gc,phases      ] GC(124)     Total                          Min: 10363, Avg: 10926.5, Max: 11264, Diff: 901, Sum: 43706, Workers: 4
[2696.218s][debug][gc,phases      ] GC(124)   ResolvedMethodTable Weak       Min:  0.0, Avg:  0.0, Max:  0.0, Diff:  0.0, Sum:  0.1, Workers: 4
[2696.218s][debug][gc,phases      ] GC(124)     Dead                           Min: 0, Avg:  0.0, Max: 0, Diff: 0, Sum: 0, Workers: 4
[2696.218s][debug][gc,phases      ] GC(124)     Total                          Min: 2240, Avg: 2352.0, Max: 2560, Diff: 320, Sum: 9408, Workers: 4
[2696.218s][debug][gc,phases      ] GC(124)   JNI Weak                       Min:  0.0, Avg:  0.0, Max:  0.0, Diff:  0.0, Sum:  0.0, Workers: 4
[2696.218s][debug][gc,phases      ] GC(124)     Dead                           Min: 0, Avg:  0.0, Max: 0, Diff: 0, Sum: 0, Workers: 4
[2696.218s][debug][gc,phases      ] GC(124)     Total                          Min: 0, Avg: 11.2, Max: 45, Diff: 45, Sum: 45, Workers: 4
[2696.218s][debug][gc,phases      ] GC(124)   StringDedup Table Weak         Min:  0.0, Avg:  0.0, Max:  0.0, Diff:  0.0, Sum:  0.0, Workers: 4
[2696.218s][debug][gc,phases      ] GC(124)     Dead                           Min: 0, Avg:  0.0, Max: 0, Diff: 0, Sum: 0, Workers: 4
[2696.218s][debug][gc,phases      ] GC(124)     Total                          Min: 0, Avg:  0.0, Max: 0, Diff: 0, Sum: 0, Workers: 4
[2696.218s][debug][gc,phases      ] GC(124)   StringDedup Requests0 Weak     Min:  0.0, Avg:  0.0, Max:  0.0, Diff:  0.0, Sum:  0.0, Workers: 4
[2696.218s][debug][gc,phases      ] GC(124)     Dead                           Min: 0, Avg:  0.0, Max: 0, Diff: 0, Sum: 0, Workers: 4
[2696.218s][debug][gc,phases      ] GC(124)     Total                          Min: 0, Avg:  0.0, Max: 0, Diff: 0, Sum: 0, Workers: 4
[2696.218s][debug][gc,phases      ] GC(124)   StringDedup Requests1 Weak     Min:  0.0, Avg:  0.0, Max:  0.0, Diff:  0.0, Sum:  0.0, Workers: 4
[2696.218s][debug][gc,phases      ] GC(124)     Dead                           Min: 0, Avg:  0.0, Max: 0, Diff: 0, Sum: 0, Workers: 4
[2696.218s][debug][gc,phases      ] GC(124)     Total                          Min: 0, Avg:  0.0, Max: 0, Diff: 0, Sum: 0, Workers: 4
[2696.218s][debug][gc,phases      ] GC(124)   Weak JFR Old Object Samples    Min:  0.0, Avg:  0.0, Max:  0.0, Diff:  0.0, Sum:  0.0, Workers: 4
[2696.218s][debug][gc,phases      ] GC(124)     Dead                           Min: 0, Avg:  0.0, Max: 0, Diff: 0, Sum: 0, Workers: 4
[2696.218s][debug][gc,phases      ] GC(124)     Total                          Min: 0, Avg:  0.0, Max: 0, Diff: 0, Sum: 0, Workers: 4
[2696.218s][debug][gc,phases      ] GC(124) Weak Processing 0.298ms
[2696.218s][debug][gc,age         ] GC(124) Desired survivor size 2097152 bytes, new threshold 15 (max threshold 15)
[2696.218s][info ][gc,heap        ] GC(124) PSYoungGen: 2093216K(2095104K)->128K(2095104K) Eden: 2093056K(2093056K)->0K(2093056K) From: 160K(2048K)->128K(2048K)
[2696.218s][info ][gc,heap        ] GC(124) ParOldGen: 343932K(386560K)->343940K(386560K)
[2696.218s][info ][gc,metaspace   ] GC(124) Metaspace: 81657K(82624K)->81657K(82624K) NonClass: 69945K(70464K)->69945K(70464K) Class: 11712K(12160K)->11712K(12160K)
[2696.218s][info ][gc             ] GC(124) Pause Young (Allocation Failure) 2380M->336M(2423M) 1.969ms
[2696.218s][info ][gc,cpu         ] GC(124) User=0.00s Sys=0.00s Real=0.00s
[2696.218s][info ][safepoint      ] Safepoint "ParallelGCFailedAllocation", Time since last: 20750516997 ns, Reaching safepoint: 27301 ns, At safepoint: 2049815 ns, Total: 2077116 ns
[2729.963s][info ][gc,start       ] GC(125) Pause Young (Allocation Failure)
[2729.966s][debug][gc,phases      ] GC(125) Scavenge 2.340ms
[2729.966s][debug][gc,ref         ] GC(125) Skipped phase 1 of Reference Processing: no references
[2729.966s][debug][gc,ref         ] GC(125) Skipped phase 2 of Reference Processing: no references
[2729.966s][debug][gc,ref         ] GC(125) Skipped phase 3 of Reference Processing: no references
[2729.966s][debug][gc,ref         ] GC(125) ReferenceProcessor::execute queues: 1, RefProcThreadModel::Single, marks_oops_alive: false
[2729.966s][debug][gc,phases      ] GC(125) Reference Processing 0.096ms
[2729.966s][debug][gc,phases      ] GC(125)   VM Weak                        Min:  0.0, Avg:  0.0, Max:  0.0, Diff:  0.0, Sum:  0.0, Workers: 4
[2729.966s][debug][gc,phases      ] GC(125)     Dead                           Min: 0, Avg:  0.0, Max: 0, Diff: 0, Sum: 0, Workers: 4
[2729.966s][debug][gc,phases      ] GC(125)     Total                          Min: 0, Avg: 205.2, Max: 821, Diff: 821, Sum: 821, Workers: 4
[2729.966s][debug][gc,phases      ] GC(125)   ObjectSynchronizer Weak        Min:  0.0, Avg:  0.0, Max:  0.0, Diff:  0.0, Sum:  0.0, Workers: 4
[2729.966s][debug][gc,phases      ] GC(125)     Dead                           Min: 0, Avg:  0.0, Max: 0, Diff: 0, Sum: 0, Workers: 4
[2729.966s][debug][gc,phases      ] GC(125)     Total                          Min: 0, Avg:  8.8, Max: 35, Diff: 35, Sum: 35, Workers: 4
[2729.966s][debug][gc,phases      ] GC(125)   JVMTI Tag Weak OopStorage      Min:  0.0, Avg:  0.0, Max:  0.0, Diff:  0.0, Sum:  0.0, Workers: 4
[2729.966s][debug][gc,phases      ] GC(125)     Dead                           Min: 0, Avg:  0.0, Max: 0, Diff: 0, Sum: 0, Workers: 4
[2729.966s][debug][gc,phases      ] GC(125)     Total                          Min: 0, Avg:  0.0, Max: 0, Diff: 0, Sum: 0, Workers: 4
[2729.966s][debug][gc,phases      ] GC(125)   StringTable Weak               Min:  0.0, Avg:  0.1, Max:  0.1, Diff:  0.1, Sum:  0.4, Workers: 4
[2729.966s][debug][gc,phases      ] GC(125)     Dead                           Min: 0, Avg:  0.0, Max: 0, Diff: 0, Sum: 0, Workers: 4
[2729.966s][debug][gc,phases      ] GC(125)     Total                          Min: 0, Avg: 10926.5, Max: 18239, Diff: 18239, Sum: 43706, Workers: 4
[2729.966s][debug][gc,phases      ] GC(125)   ResolvedMethodTable Weak       Min:  0.0, Avg:  0.0, Max:  0.0, Diff:  0.0, Sum:  0.1, Workers: 4
[2729.966s][debug][gc,phases      ] GC(125)     Dead                           Min: 0, Avg:  0.0, Max: 0, Diff: 0, Sum: 0, Workers: 4
[2729.966s][debug][gc,phases      ] GC(125)     Total                          Min: 0, Avg: 2352.0, Max: 3904, Diff: 3904, Sum: 9408, Workers: 4
[2729.966s][debug][gc,phases      ] GC(125)   JNI Weak                       Min:  0.0, Avg:  0.0, Max:  0.0, Diff:  0.0, Sum:  0.0, Workers: 4
[2729.966s][debug][gc,phases      ] GC(125)     Dead                           Min: 0, Avg:  0.0, Max: 0, Diff: 0, Sum: 0, Workers: 4
[2729.966s][debug][gc,phases      ] GC(125)     Total                          Min: 0, Avg: 11.2, Max: 45, Diff: 45, Sum: 45, Workers: 4
[2729.966s][debug][gc,phases      ] GC(125)   StringDedup Table Weak         Min:  0.0, Avg:  0.0, Max:  0.0, Diff:  0.0, Sum:  0.0, Workers: 4
[2729.966s][debug][gc,phases      ] GC(125)     Dead                           Min: 0, Avg:  0.0, Max: 0, Diff: 0, Sum: 0, Workers: 4
[2729.966s][debug][gc,phases      ] GC(125)     Total                          Min: 0, Avg:  0.0, Max: 0, Diff: 0, Sum: 0, Workers: 4
[2729.966s][debug][gc,phases      ] GC(125)   StringDedup Requests0 Weak     Min:  0.0, Avg:  0.0, Max:  0.0, Diff:  0.0, Sum:  0.0, Workers: 4
[2729.966s][debug][gc,phases      ] GC(125)     Dead                           Min: 0, Avg:  0.0, Max: 0, Diff: 0, Sum: 0, Workers: 4
[2729.966s][debug][gc,phases      ] GC(125)     Total                          Min: 0, Avg:  0.0, Max: 0, Diff: 0, Sum: 0, Workers: 4
[2729.966s][debug][gc,phases      ] GC(125)   StringDedup Requests1 Weak     Min:  0.0, Avg:  0.0, Max:  0.0, Diff:  0.0, Sum:  0.0, Workers: 4
[2729.966s][debug][gc,phases      ] GC(125)     Dead                           Min: 0, Avg:  0.0, Max: 0, Diff: 0, Sum: 0, Workers: 4
[2729.966s][debug][gc,phases      ] GC(125)     Total                          Min: 0, Avg:  0.0, Max: 0, Diff: 0, Sum: 0, Workers: 4
[2729.966s][debug][gc,phases      ] GC(125)   Weak JFR Old Object Samples    Min:  0.0, Avg:  0.0, Max:  0.0, Diff:  0.0, Sum:  0.0, Workers: 4
[2729.966s][debug][gc,phases      ] GC(125)     Dead                           Min: 0, Avg:  0.0, Max: 0, Diff: 0, Sum: 0, Workers: 4
[2729.966s][debug][gc,phases      ] GC(125)     Total                          Min: 0, Avg:  0.0, Max: 0, Diff: 0, Sum: 0, Workers: 4
[2729.966s][debug][gc,phases      ] GC(125) Weak Processing 0.338ms
[2729.966s][debug][gc,age         ] GC(125) Desired survivor size 1572864 bytes, new threshold 15 (max threshold 15)
[2729.966s][info ][gc,heap        ] GC(125) PSYoungGen: 2093184K(2095104K)->128K(2095616K) Eden: 2093056K(2093056K)->0K(2093568K) From: 128K(2048K)->128K(2048K)
[2729.966s][info ][gc,heap        ] GC(125) ParOldGen: 343940K(386560K)->343948K(386560K)
[2729.966s][info ][gc,metaspace   ] GC(125) Metaspace: 81658K(82624K)->81658K(82624K) NonClass: 69946K(70464K)->69946K(70464K) Class: 11712K(12160K)->11712K(12160K)
[2729.966s][info ][gc             ] GC(125) Pause Young (Allocation Failure) 2380M->336M(2424M) 2.884ms
[2729.966s][info ][gc,cpu         ] GC(125) User=0.01s Sys=0.00s Real=0.00s
[2729.966s][info ][safepoint      ] Safepoint "ParallelGCFailedAllocation", Time since last: 33744742922 ns, Reaching safepoint: 34701 ns, At safepoint: 2959721 ns, Total: 2994422 ns
[2763.863s][info ][gc,start       ] GC(126) Pause Young (Allocation Failure)
[2763.865s][debug][gc,phases      ] GC(126) Scavenge 1.877ms
[2763.865s][debug][gc,ref         ] GC(126) Skipped phase 1 of Reference Processing: no references
[2763.865s][debug][gc,ref         ] GC(126) Skipped phase 2 of Reference Processing: no references
[2763.865s][debug][gc,ref         ] GC(126) Skipped phase 3 of Reference Processing: no references
[2763.865s][debug][gc,ref         ] GC(126) ReferenceProcessor::execute queues: 1, RefProcThreadModel::Single, marks_oops_alive: false
[2763.865s][debug][gc,phases      ] GC(126) Reference Processing 0.093ms
[2763.865s][debug][gc,phases      ] GC(126)   VM Weak                        Min:  0.0, Avg:  0.0, Max:  0.0, Diff:  0.0, Sum:  0.0, Workers: 4
[2763.865s][debug][gc,phases      ] GC(126)     Dead                           Min: 0, Avg:  0.0, Max: 0, Diff: 0, Sum: 0, Workers: 4
[2763.865s][debug][gc,phases      ] GC(126)     Total                          Min: 0, Avg: 205.2, Max: 704, Diff: 704, Sum: 821, Workers: 4
[2763.865s][debug][gc,phases      ] GC(126)   ObjectSynchronizer Weak        Min:  0.0, Avg:  0.0, Max:  0.0, Diff:  0.0, Sum:  0.0, Workers: 4
[2763.865s][debug][gc,phases      ] GC(126)     Dead                           Min: 0, Avg:  0.0, Max: 0, Diff: 0, Sum: 0, Workers: 4
[2763.865s][debug][gc,phases      ] GC(126)     Total                          Min: 0, Avg:  8.8, Max: 35, Diff: 35, Sum: 35, Workers: 4
[2763.865s][debug][gc,phases      ] GC(126)   JVMTI Tag Weak OopStorage      Min:  0.0, Avg:  0.0, Max:  0.0, Diff:  0.0, Sum:  0.0, Workers: 4
[2763.865s][debug][gc,phases      ] GC(126)     Dead                           Min: 0, Avg:  0.0, Max: 0, Diff: 0, Sum: 0, Workers: 4
[2763.865s][debug][gc,phases      ] GC(126)     Total                          Min: 0, Avg:  0.0, Max: 0, Diff: 0, Sum: 0, Workers: 4
[2763.865s][debug][gc,phases      ] GC(126)   StringTable Weak               Min:  0.0, Avg:  0.1, Max:  0.1, Diff:  0.1, Sum:  0.4, Workers: 4
[2763.865s][debug][gc,phases      ] GC(126)     Dead                           Min: 0, Avg:  0.0, Max: 0, Diff: 0, Sum: 0, Workers: 4
[2763.865s][debug][gc,phases      ] GC(126)     Total                          Min: 0, Avg: 10926.5, Max: 17152, Diff: 17152, Sum: 43706, Workers: 4
[2763.865s][debug][gc,phases      ] GC(126)   ResolvedMethodTable Weak       Min:  0.0, Avg:  0.0, Max:  0.0, Diff:  0.0, Sum:  0.1, Workers: 4
[2763.865s][debug][gc,phases      ] GC(126)     Dead                           Min: 0, Avg:  0.0, Max: 0, Diff: 0, Sum: 0, Workers: 4
[2763.865s][debug][gc,phases      ] GC(126)     Total                          Min: 0, Avg: 2352.0, Max: 4160, Diff: 4160, Sum: 9408, Workers: 4
[2763.865s][debug][gc,phases      ] GC(126)   JNI Weak                       Min:  0.0, Avg:  0.0, Max:  0.0, Diff:  0.0, Sum:  0.0, Workers: 4
[2763.865s][debug][gc,phases      ] GC(126)     Dead                           Min: 0, Avg:  0.0, Max: 0, Diff: 0, Sum: 0, Workers: 4
[2763.865s][debug][gc,phases      ] GC(126)     Total                          Min: 0, Avg: 11.2, Max: 45, Diff: 45, Sum: 45, Workers: 4
[2763.865s][debug][gc,phases      ] GC(126)   StringDedup Table Weak         Min:  0.0, Avg:  0.0, Max:  0.0, Diff:  0.0, Sum:  0.0, Workers: 4
[2763.865s][debug][gc,phases      ] GC(126)     Dead                           Min: 0, Avg:  0.0, Max: 0, Diff: 0, Sum: 0, Workers: 4
[2763.865s][debug][gc,phases      ] GC(126)     Total                          Min: 0, Avg:  0.0, Max: 0, Diff: 0, Sum: 0, Workers: 4
[2763.865s][debug][gc,phases      ] GC(126)   StringDedup Requests0 Weak     Min:  0.0, Avg:  0.0, Max:  0.0, Diff:  0.0, Sum:  0.0, Workers: 4
[2763.865s][debug][gc,phases      ] GC(126)     Dead                           Min: 0, Avg:  0.0, Max: 0, Diff: 0, Sum: 0, Workers: 4
[2763.865s][debug][gc,phases      ] GC(126)     Total                          Min: 0, Avg:  0.0, Max: 0, Diff: 0, Sum: 0, Workers: 4
[2763.865s][debug][gc,phases      ] GC(126)   StringDedup Requests1 Weak     Min:  0.0, Avg:  0.0, Max:  0.0, Diff:  0.0, Sum:  0.0, Workers: 4
[2763.865s][debug][gc,phases      ] GC(126)     Dead                           Min: 0, Avg:  0.0, Max: 0, Diff: 0, Sum: 0, Workers: 4
[2763.865s][debug][gc,phases      ] GC(126)     Total                          Min: 0, Avg:  0.0, Max: 0, Diff: 0, Sum: 0, Workers: 4
[2763.865s][debug][gc,phases      ] GC(126)   Weak JFR Old Object Samples    Min:  0.0, Avg:  0.0, Max:  0.0, Diff:  0.0, Sum:  0.0, Workers: 4
[2763.865s][debug][gc,phases      ] GC(126)     Dead                           Min: 0, Avg:  0.0, Max: 0, Diff: 0, Sum: 0, Workers: 4
[2763.865s][debug][gc,phases      ] GC(126)     Total                          Min: 0, Avg:  0.0, Max: 0, Diff: 0, Sum: 0, Workers: 4
[2763.865s][debug][gc,phases      ] GC(126) Weak Processing 0.328ms
[2763.865s][debug][gc,age         ] GC(126) Desired survivor size 1572864 bytes, new threshold 15 (max threshold 15)
[2763.865s][info ][gc,heap        ] GC(126) PSYoungGen: 2093696K(2095616K)->128K(2095104K) Eden: 2093568K(2093568K)->0K(2093568K) From: 128K(2048K)->128K(1536K)
[2763.865s][info ][gc,heap        ] GC(126) ParOldGen: 343948K(386560K)->343956K(386560K)
[2763.865s][info ][gc,metaspace   ] GC(126) Metaspace: 81658K(82624K)->81658K(82624K) NonClass: 69946K(70464K)->69946K(70464K) Class: 11712K(12160K)->11712K(12160K)
[2763.865s][info ][gc             ] GC(126) Pause Young (Allocation Failure) 2380M->336M(2423M) 2.391ms
[2763.865s][info ][gc,cpu         ] GC(126) User=0.00s Sys=0.00s Real=0.00s
[2763.865s][info ][safepoint      ] Safepoint "ParallelGCFailedAllocation", Time since last: 33896629394 ns, Reaching safepoint: 40301 ns, At safepoint: 2476918 ns, Total: 2517219 ns
[2784.867s][info ][safepoint      ] Safepoint "Cleanup", Time since last: 21001344032 ns, Reaching safepoint: 46700 ns, At safepoint: 3600 ns, Total: 50300 ns
[2797.714s][info ][gc,start       ] GC(127) Pause Young (Allocation Failure)
[2797.717s][debug][gc,phases      ] GC(127) Scavenge 2.262ms
[2797.717s][debug][gc,ref         ] GC(127) Skipped phase 1 of Reference Processing: no references
[2797.717s][debug][gc,ref         ] GC(127) Skipped phase 2 of Reference Processing: no references
[2797.717s][debug][gc,ref         ] GC(127) Skipped phase 3 of Reference Processing: no references
[2797.717s][debug][gc,ref         ] GC(127) ReferenceProcessor::execute queues: 1, RefProcThreadModel::Single, marks_oops_alive: false
[2797.717s][debug][gc,phases      ] GC(127) Reference Processing 0.096ms
[2797.717s][debug][gc,phases      ] GC(127)   VM Weak                        Min:  0.0, Avg:  0.0, Max:  0.0, Diff:  0.0, Sum:  0.0, Workers: 4
[2797.717s][debug][gc,phases      ] GC(127)     Dead                           Min: 0, Avg:  0.0, Max: 0, Diff: 0, Sum: 0, Workers: 4
[2797.717s][debug][gc,phases      ] GC(127)     Total                          Min: 0, Avg: 205.2, Max: 821, Diff: 821, Sum: 821, Workers: 4
[2797.717s][debug][gc,phases      ] GC(127)   ObjectSynchronizer Weak        Min:  0.0, Avg:  0.0, Max:  0.0, Diff:  0.0, Sum:  0.0, Workers: 4
[2797.717s][debug][gc,phases      ] GC(127)     Dead                           Min: 0, Avg:  0.0, Max: 0, Diff: 0, Sum: 0, Workers: 4
[2797.717s][debug][gc,phases      ] GC(127)     Total                          Min: 0, Avg:  8.8, Max: 35, Diff: 35, Sum: 35, Workers: 4
[2797.717s][debug][gc,phases      ] GC(127)   JVMTI Tag Weak OopStorage      Min:  0.0, Avg:  0.0, Max:  0.0, Diff:  0.0, Sum:  0.0, Workers: 4
[2797.717s][debug][gc,phases      ] GC(127)     Dead                           Min: 0, Avg:  0.0, Max: 0, Diff: 0, Sum: 0, Workers: 4
[2797.717s][debug][gc,phases      ] GC(127)     Total                          Min: 0, Avg:  0.0, Max: 0, Diff: 0, Sum: 0, Workers: 4
[2797.717s][debug][gc,phases      ] GC(127)   StringTable Weak               Min:  0.0, Avg:  0.1, Max:  0.1, Diff:  0.1, Sum:  0.4, Workers: 4
[2797.717s][debug][gc,phases      ] GC(127)     Dead                           Min: 0, Avg:  0.0, Max: 0, Diff: 0, Sum: 0, Workers: 4
[2797.717s][debug][gc,phases      ] GC(127)     Total                          Min: 0, Avg: 10926.5, Max: 16443, Diff: 16443, Sum: 43706, Workers: 4
[2797.717s][debug][gc,phases      ] GC(127)   ResolvedMethodTable Weak       Min:  0.0, Avg:  0.0, Max:  0.0, Diff:  0.0, Sum:  0.1, Workers: 4
[2797.717s][debug][gc,phases      ] GC(127)     Dead                           Min: 0, Avg:  0.0, Max: 0, Diff: 0, Sum: 0, Workers: 4
[2797.717s][debug][gc,phases      ] GC(127)     Total                          Min: 0, Avg: 2352.0, Max: 3840, Diff: 3840, Sum: 9408, Workers: 4
[2797.717s][debug][gc,phases      ] GC(127)   JNI Weak                       Min:  0.0, Avg:  0.0, Max:  0.0, Diff:  0.0, Sum:  0.0, Workers: 4
[2797.717s][debug][gc,phases      ] GC(127)     Dead                           Min: 0, Avg:  0.0, Max: 0, Diff: 0, Sum: 0, Workers: 4
[2797.717s][debug][gc,phases      ] GC(127)     Total                          Min: 0, Avg: 11.2, Max: 45, Diff: 45, Sum: 45, Workers: 4
[2797.717s][debug][gc,phases      ] GC(127)   StringDedup Table Weak         Min:  0.0, Avg:  0.0, Max:  0.0, Diff:  0.0, Sum:  0.0, Workers: 4
[2797.717s][debug][gc,phases      ] GC(127)     Dead                           Min: 0, Avg:  0.0, Max: 0, Diff: 0, Sum: 0, Workers: 4
[2797.717s][debug][gc,phases      ] GC(127)     Total                          Min: 0, Avg:  0.0, Max: 0, Diff: 0, Sum: 0, Workers: 4
[2797.717s][debug][gc,phases      ] GC(127)   StringDedup Requests0 Weak     Min:  0.0, Avg:  0.0, Max:  0.0, Diff:  0.0, Sum:  0.0, Workers: 4
[2797.717s][debug][gc,phases      ] GC(127)     Dead                           Min: 0, Avg:  0.0, Max: 0, Diff: 0, Sum: 0, Workers: 4
[2797.717s][debug][gc,phases      ] GC(127)     Total                          Min: 0, Avg:  0.0, Max: 0, Diff: 0, Sum: 0, Workers: 4
[2797.717s][debug][gc,phases      ] GC(127)   StringDedup Requests1 Weak     Min:  0.0, Avg:  0.0, Max:  0.0, Diff:  0.0, Sum:  0.0, Workers: 4
[2797.717s][debug][gc,phases      ] GC(127)     Dead                           Min: 0, Avg:  0.0, Max: 0, Diff: 0, Sum: 0, Workers: 4
[2797.717s][debug][gc,phases      ] GC(127)     Total                          Min: 0, Avg:  0.0, Max: 0, Diff: 0, Sum: 0, Workers: 4
[2797.717s][debug][gc,phases      ] GC(127)   Weak JFR Old Object Samples    Min:  0.0, Avg:  0.0, Max:  0.0, Diff:  0.0, Sum:  0.0, Workers: 4
[2797.717s][debug][gc,phases      ] GC(127)     Dead                           Min: 0, Avg:  0.0, Max: 0, Diff: 0, Sum: 0, Workers: 4
[2797.717s][debug][gc,phases      ] GC(127)     Total                          Min: 0, Avg:  0.0, Max: 0, Diff: 0, Sum: 0, Workers: 4
[2797.717s][debug][gc,phases      ] GC(127) Weak Processing 0.326ms
[2797.717s][debug][gc,age         ] GC(127) Desired survivor size 1572864 bytes, new threshold 15 (max threshold 15)
[2797.717s][info ][gc,heap        ] GC(127) PSYoungGen: 2093696K(2095104K)->128K(2095616K) Eden: 2093568K(2093568K)->0K(2094080K) From: 128K(1536K)->128K(1536K)
[2797.717s][info ][gc,heap        ] GC(127) ParOldGen: 343956K(386560K)->343972K(386560K)
[2797.717s][info ][gc,metaspace   ] GC(127) Metaspace: 81660K(82624K)->81660K(82624K) NonClass: 69947K(70464K)->69947K(70464K) Class: 11712K(12160K)->11712K(12160K)
[2797.717s][info ][gc             ] GC(127) Pause Young (Allocation Failure) 2380M->336M(2424M) 2.779ms
[2797.717s][info ][gc,cpu         ] GC(127) User=0.01s Sys=0.00s Real=0.00s
[2797.717s][info ][safepoint      ] Safepoint "ParallelGCFailedAllocation", Time since last: 12847567559 ns, Reaching safepoint: 38500 ns, At safepoint: 2847421 ns, Total: 2885921 ns
[2831.614s][info ][gc,start       ] GC(128) Pause Young (Allocation Failure)
[2831.615s][debug][gc,phases      ] GC(128) Scavenge 1.470ms
[2831.615s][debug][gc,ref         ] GC(128) Skipped phase 1 of Reference Processing: no references
[2831.615s][debug][gc,ref         ] GC(128) Skipped phase 2 of Reference Processing: no references
[2831.615s][debug][gc,ref         ] GC(128) Skipped phase 3 of Reference Processing: no references
[2831.615s][debug][gc,ref         ] GC(128) ReferenceProcessor::execute queues: 1, RefProcThreadModel::Single, marks_oops_alive: false
[2831.615s][debug][gc,phases      ] GC(128) Reference Processing 0.089ms
[2831.616s][debug][gc,phases      ] GC(128)   VM Weak                        Min:  0.0, Avg:  0.0, Max:  0.0, Diff:  0.0, Sum:  0.0, Workers: 4
[2831.616s][debug][gc,phases      ] GC(128)     Dead                           Min: 0, Avg:  0.0, Max: 0, Diff: 0, Sum: 0, Workers: 4
[2831.616s][debug][gc,phases      ] GC(128)     Total                          Min: 0, Avg: 205.2, Max: 704, Diff: 704, Sum: 821, Workers: 4
[2831.616s][debug][gc,phases      ] GC(128)   ObjectSynchronizer Weak        Min:  0.0, Avg:  0.0, Max:  0.0, Diff:  0.0, Sum:  0.0, Workers: 4
[2831.616s][debug][gc,phases      ] GC(128)     Dead                           Min: 0, Avg:  0.0, Max: 0, Diff: 0, Sum: 0, Workers: 4
[2831.616s][debug][gc,phases      ] GC(128)     Total                          Min: 0, Avg:  8.8, Max: 35, Diff: 35, Sum: 35, Workers: 4
[2831.616s][debug][gc,phases      ] GC(128)   JVMTI Tag Weak OopStorage      Min:  0.0, Avg:  0.0, Max:  0.0, Diff:  0.0, Sum:  0.0, Workers: 4
[2831.616s][debug][gc,phases      ] GC(128)     Dead                           Min: 0, Avg:  0.0, Max: 0, Diff: 0, Sum: 0, Workers: 4
[2831.616s][debug][gc,phases      ] GC(128)     Total                          Min: 0, Avg:  0.0, Max: 0, Diff: 0, Sum: 0, Workers: 4
[2831.616s][debug][gc,phases      ] GC(128)   StringTable Weak               Min:  0.0, Avg:  0.1, Max:  0.1, Diff:  0.1, Sum:  0.3, Workers: 4
[2831.616s][debug][gc,phases      ] GC(128)     Dead                           Min: 0, Avg:  0.0, Max: 0, Diff: 0, Sum: 0, Workers: 4
[2831.616s][debug][gc,phases      ] GC(128)     Total                          Min: 0, Avg: 10926.5, Max: 18367, Diff: 18367, Sum: 43706, Workers: 4
[2831.616s][debug][gc,phases      ] GC(128)   ResolvedMethodTable Weak       Min:  0.0, Avg:  0.0, Max:  0.0, Diff:  0.0, Sum:  0.1, Workers: 4
[2831.616s][debug][gc,phases      ] GC(128)     Dead                           Min: 0, Avg:  0.0, Max: 0, Diff: 0, Sum: 0, Workers: 4
[2831.616s][debug][gc,phases      ] GC(128)     Total                          Min: 0, Avg: 2352.0, Max: 3776, Diff: 3776, Sum: 9408, Workers: 4
[2831.616s][debug][gc,phases      ] GC(128)   JNI Weak                       Min:  0.0, Avg:  0.0, Max:  0.0, Diff:  0.0, Sum:  0.0, Workers: 4
[2831.616s][debug][gc,phases      ] GC(128)     Dead                           Min: 0, Avg:  0.0, Max: 0, Diff: 0, Sum: 0, Workers: 4
[2831.616s][debug][gc,phases      ] GC(128)     Total                          Min: 0, Avg: 11.2, Max: 45, Diff: 45, Sum: 45, Workers: 4
[2831.616s][debug][gc,phases      ] GC(128)   StringDedup Table Weak         Min:  0.0, Avg:  0.0, Max:  0.0, Diff:  0.0, Sum:  0.0, Workers: 4
[2831.616s][debug][gc,phases      ] GC(128)     Dead                           Min: 0, Avg:  0.0, Max: 0, Diff: 0, Sum: 0, Workers: 4
[2831.616s][debug][gc,phases      ] GC(128)     Total                          Min: 0, Avg:  0.0, Max: 0, Diff: 0, Sum: 0, Workers: 4
[2831.616s][debug][gc,phases      ] GC(128)   StringDedup Requests0 Weak     Min:  0.0, Avg:  0.0, Max:  0.0, Diff:  0.0, Sum:  0.0, Workers: 4
[2831.616s][debug][gc,phases      ] GC(128)     Dead                           Min: 0, Avg:  0.0, Max: 0, Diff: 0, Sum: 0, Workers: 4
[2831.616s][debug][gc,phases      ] GC(128)     Total                          Min: 0, Avg:  0.0, Max: 0, Diff: 0, Sum: 0, Workers: 4
[2831.616s][debug][gc,phases      ] GC(128)   StringDedup Requests1 Weak     Min:  0.0, Avg:  0.0, Max:  0.0, Diff:  0.0, Sum:  0.0, Workers: 4
[2831.616s][debug][gc,phases      ] GC(128)     Dead                           Min: 0, Avg:  0.0, Max: 0, Diff: 0, Sum: 0, Workers: 4
[2831.616s][debug][gc,phases      ] GC(128)     Total                          Min: 0, Avg:  0.0, Max: 0, Diff: 0, Sum: 0, Workers: 4
[2831.616s][debug][gc,phases      ] GC(128)   Weak JFR Old Object Samples    Min:  0.0, Avg:  0.0, Max:  0.0, Diff:  0.0, Sum:  0.0, Workers: 4
[2831.616s][debug][gc,phases      ] GC(128)     Dead                           Min: 0, Avg:  0.0, Max: 0, Diff: 0, Sum: 0, Workers: 4
[2831.616s][debug][gc,phases      ] GC(128)     Total                          Min: 0, Avg:  0.0, Max: 0, Diff: 0, Sum: 0, Workers: 4
[2831.616s][debug][gc,phases      ] GC(128) Weak Processing 0.316ms
[2831.616s][debug][gc,age         ] GC(128) Desired survivor size 1572864 bytes, new threshold 15 (max threshold 15)
[2831.616s][info ][gc,heap        ] GC(128) PSYoungGen: 2094208K(2095616K)->128K(2095616K) Eden: 2094080K(2094080K)->0K(2094080K) From: 128K(1536K)->128K(1536K)
[2831.616s][info ][gc,heap        ] GC(128) ParOldGen: 343972K(386560K)->343980K(386560K)
[2831.616s][info ][gc,metaspace   ] GC(128) Metaspace: 81660K(82624K)->81660K(82624K) NonClass: 69947K(70464K)->69947K(70464K) Class: 11712K(12160K)->11712K(12160K)
[2831.616s][info ][gc             ] GC(128) Pause Young (Allocation Failure) 2381M->336M(2424M) 1.962ms
[2831.616s][info ][gc,cpu         ] GC(128) User=0.01s Sys=0.00s Real=0.00s
[2831.616s][info ][safepoint      ] Safepoint "ParallelGCFailedAllocation", Time since last: 33896400228 ns, Reaching safepoint: 35200 ns, At safepoint: 2043515 ns, Total: 2078715 ns
[2865.512s][info ][gc,start       ] GC(129) Pause Young (Allocation Failure)
[2865.515s][debug][gc,phases      ] GC(129) Scavenge 2.692ms
[2865.515s][debug][gc,ref         ] GC(129) Skipped phase 1 of Reference Processing: no references
[2865.515s][debug][gc,ref         ] GC(129) Skipped phase 2 of Reference Processing: no references
[2865.515s][debug][gc,ref         ] GC(129) Skipped phase 3 of Reference Processing: no references
[2865.515s][debug][gc,ref         ] GC(129) ReferenceProcessor::execute queues: 1, RefProcThreadModel::Single, marks_oops_alive: false
[2865.515s][debug][gc,phases      ] GC(129) Reference Processing 0.107ms
[2865.515s][debug][gc,phases      ] GC(129)   VM Weak                        Min:  0.0, Avg:  0.0, Max:  0.0, Diff:  0.0, Sum:  0.0, Workers: 4
[2865.515s][debug][gc,phases      ] GC(129)     Dead                           Min: 0, Avg:  0.0, Max: 0, Diff: 0, Sum: 0, Workers: 4
[2865.515s][debug][gc,phases      ] GC(129)     Total                          Min: 0, Avg: 205.2, Max: 576, Diff: 576, Sum: 821, Workers: 4
[2865.515s][debug][gc,phases      ] GC(129)   ObjectSynchronizer Weak        Min:  0.0, Avg:  0.0, Max:  0.0, Diff:  0.0, Sum:  0.0, Workers: 4
[2865.515s][debug][gc,phases      ] GC(129)     Dead                           Min: 0, Avg:  0.0, Max: 0, Diff: 0, Sum: 0, Workers: 4
[2865.515s][debug][gc,phases      ] GC(129)     Total                          Min: 0, Avg:  8.8, Max: 35, Diff: 35, Sum: 35, Workers: 4
[2865.515s][debug][gc,phases      ] GC(129)   JVMTI Tag Weak OopStorage      Min:  0.0, Avg:  0.0, Max:  0.0, Diff:  0.0, Sum:  0.0, Workers: 4
[2865.515s][debug][gc,phases      ] GC(129)     Dead                           Min: 0, Avg:  0.0, Max: 0, Diff: 0, Sum: 0, Workers: 4
[2865.515s][debug][gc,phases      ] GC(129)     Total                          Min: 0, Avg:  0.0, Max: 0, Diff: 0, Sum: 0, Workers: 4
[2865.515s][debug][gc,phases      ] GC(129)   StringTable Weak               Min:  0.0, Avg:  0.1, Max:  0.1, Diff:  0.1, Sum:  0.4, Workers: 4
[2865.515s][debug][gc,phases      ] GC(129)     Dead                           Min: 0, Avg:  0.0, Max: 0, Diff: 0, Sum: 0, Workers: 4
[2865.516s][debug][gc,phases      ] GC(129)     Total                          Min: 0, Avg: 10926.5, Max: 17595, Diff: 17595, Sum: 43706, Workers: 4
[2865.516s][debug][gc,phases      ] GC(129)   ResolvedMethodTable Weak       Min:  0.0, Avg:  0.0, Max:  0.0, Diff:  0.0, Sum:  0.1, Workers: 4
[2865.516s][debug][gc,phases      ] GC(129)     Dead                           Min: 0, Avg:  0.0, Max: 0, Diff: 0, Sum: 0, Workers: 4
[2865.516s][debug][gc,phases      ] GC(129)     Total                          Min: 0, Avg: 2352.0, Max: 4096, Diff: 4096, Sum: 9408, Workers: 4
[2865.516s][debug][gc,phases      ] GC(129)   JNI Weak                       Min:  0.0, Avg:  0.0, Max:  0.0, Diff:  0.0, Sum:  0.0, Workers: 4
[2865.516s][debug][gc,phases      ] GC(129)     Dead                           Min: 0, Avg:  0.0, Max: 0, Diff: 0, Sum: 0, Workers: 4
[2865.516s][debug][gc,phases      ] GC(129)     Total                          Min: 0, Avg: 11.2, Max: 45, Diff: 45, Sum: 45, Workers: 4
[2865.516s][debug][gc,phases      ] GC(129)   StringDedup Table Weak         Min:  0.0, Avg:  0.0, Max:  0.0, Diff:  0.0, Sum:  0.0, Workers: 4
[2865.516s][debug][gc,phases      ] GC(129)     Dead                           Min: 0, Avg:  0.0, Max: 0, Diff: 0, Sum: 0, Workers: 4
[2865.516s][debug][gc,phases      ] GC(129)     Total                          Min: 0, Avg:  0.0, Max: 0, Diff: 0, Sum: 0, Workers: 4
[2865.516s][debug][gc,phases      ] GC(129)   StringDedup Requests0 Weak     Min:  0.0, Avg:  0.0, Max:  0.0, Diff:  0.0, Sum:  0.0, Workers: 4
[2865.516s][debug][gc,phases      ] GC(129)     Dead                           Min: 0, Avg:  0.0, Max: 0, Diff: 0, Sum: 0, Workers: 4
[2865.516s][debug][gc,phases      ] GC(129)     Total                          Min: 0, Avg:  0.0, Max: 0, Diff: 0, Sum: 0, Workers: 4
[2865.516s][debug][gc,phases      ] GC(129)   StringDedup Requests1 Weak     Min:  0.0, Avg:  0.0, Max:  0.0, Diff:  0.0, Sum:  0.0, Workers: 4
[2865.516s][debug][gc,phases      ] GC(129)     Dead                           Min: 0, Avg:  0.0, Max: 0, Diff: 0, Sum: 0, Workers: 4
[2865.516s][debug][gc,phases      ] GC(129)     Total                          Min: 0, Avg:  0.0, Max: 0, Diff: 0, Sum: 0, Workers: 4
[2865.516s][debug][gc,phases      ] GC(129)   Weak JFR Old Object Samples    Min:  0.0, Avg:  0.0, Max:  0.0, Diff:  0.0, Sum:  0.0, Workers: 4
[2865.516s][debug][gc,phases      ] GC(129)     Dead                           Min: 0, Avg:  0.0, Max: 0, Diff: 0, Sum: 0, Workers: 4
[2865.516s][debug][gc,phases      ] GC(129)     Total                          Min: 0, Avg:  0.0, Max: 0, Diff: 0, Sum: 0, Workers: 4
[2865.516s][debug][gc,phases      ] GC(129) Weak Processing 0.338ms
[2865.516s][debug][gc,age         ] GC(129) Desired survivor size 1572864 bytes, new threshold 15 (max threshold 15)
[2865.516s][info ][gc,heap        ] GC(129) PSYoungGen: 2094208K(2095616K)->128K(2095616K) Eden: 2094080K(2094080K)->0K(2094080K) From: 128K(1536K)->128K(1536K)
[2865.516s][info ][gc,heap        ] GC(129) ParOldGen: 343980K(386560K)->343988K(386560K)
[2865.516s][info ][gc,metaspace   ] GC(129) Metaspace: 81660K(82624K)->81660K(82624K) NonClass: 69947K(70464K)->69947K(70464K) Class: 11712K(12160K)->11712K(12160K)
[2865.516s][info ][gc             ] GC(129) Pause Young (Allocation Failure) 2381M->336M(2424M) 3.229ms
[2865.516s][info ][gc,cpu         ] GC(129) User=0.01s Sys=0.00s Real=0.00s
[2865.516s][info ][safepoint      ] Safepoint "ParallelGCFailedAllocation", Time since last: 33896608293 ns, Reaching safepoint: 36500 ns, At safepoint: 3316324 ns, Total: 3352824 ns
[2899.413s][info ][gc,start       ] GC(130) Pause Young (Allocation Failure)
[2899.416s][debug][gc,phases      ] GC(130) Scavenge 2.766ms
[2899.416s][debug][gc,ref         ] GC(130) Skipped phase 1 of Reference Processing: no references
[2899.416s][debug][gc,ref         ] GC(130) Skipped phase 2 of Reference Processing: no references
[2899.416s][debug][gc,ref         ] GC(130) Skipped phase 3 of Reference Processing: no references
[2899.416s][debug][gc,ref         ] GC(130) ReferenceProcessor::execute queues: 1, RefProcThreadModel::Single, marks_oops_alive: false
[2899.416s][debug][gc,phases      ] GC(130) Reference Processing 0.087ms
[2899.416s][debug][gc,phases      ] GC(130)   VM Weak                        Min:  0.0, Avg:  0.0, Max:  0.0, Diff:  0.0, Sum:  0.0, Workers: 4
[2899.416s][debug][gc,phases      ] GC(130)     Dead                           Min: 0, Avg:  0.0, Max: 0, Diff: 0, Sum: 0, Workers: 4
[2899.416s][debug][gc,phases      ] GC(130)     Total                          Min: 0, Avg: 205.2, Max: 576, Diff: 576, Sum: 821, Workers: 4
[2899.416s][debug][gc,phases      ] GC(130)   ObjectSynchronizer Weak        Min:  0.0, Avg:  0.0, Max:  0.0, Diff:  0.0, Sum:  0.0, Workers: 4
[2899.416s][debug][gc,phases      ] GC(130)     Dead                           Min: 0, Avg:  0.0, Max: 0, Diff: 0, Sum: 0, Workers: 4
[2899.416s][debug][gc,phases      ] GC(130)     Total                          Min: 0, Avg:  8.8, Max: 35, Diff: 35, Sum: 35, Workers: 4
[2899.416s][debug][gc,phases      ] GC(130)   JVMTI Tag Weak OopStorage      Min:  0.0, Avg:  0.0, Max:  0.0, Diff:  0.0, Sum:  0.0, Workers: 4
[2899.416s][debug][gc,phases      ] GC(130)     Dead                           Min: 0, Avg:  0.0, Max: 0, Diff: 0, Sum: 0, Workers: 4
[2899.416s][debug][gc,phases      ] GC(130)     Total                          Min: 0, Avg:  0.0, Max: 0, Diff: 0, Sum: 0, Workers: 4
[2899.416s][debug][gc,phases      ] GC(130)   StringTable Weak               Min:  0.0, Avg:  0.1, Max:  0.1, Diff:  0.1, Sum:  0.3, Workers: 4
[2899.416s][debug][gc,phases      ] GC(130)     Dead                           Min: 0, Avg:  0.0, Max: 0, Diff: 0, Sum: 0, Workers: 4
[2899.416s][debug][gc,phases      ] GC(130)     Total                          Min: 0, Avg: 10926.5, Max: 18367, Diff: 18367, Sum: 43706, Workers: 4
[2899.416s][debug][gc,phases      ] GC(130)   ResolvedMethodTable Weak       Min:  0.0, Avg:  0.0, Max:  0.0, Diff:  0.0, Sum:  0.1, Workers: 4
[2899.416s][debug][gc,phases      ] GC(130)     Dead                           Min: 0, Avg:  0.0, Max: 0, Diff: 0, Sum: 0, Workers: 4
[2899.416s][debug][gc,phases      ] GC(130)     Total                          Min: 0, Avg: 2352.0, Max: 3200, Diff: 3200, Sum: 9408, Workers: 4
[2899.416s][debug][gc,phases      ] GC(130)   JNI Weak                       Min:  0.0, Avg:  0.0, Max:  0.0, Diff:  0.0, Sum:  0.0, Workers: 4
[2899.416s][debug][gc,phases      ] GC(130)     Dead                           Min: 0, Avg:  0.0, Max: 0, Diff: 0, Sum: 0, Workers: 4
[2899.416s][debug][gc,phases      ] GC(130)     Total                          Min: 0, Avg: 11.2, Max: 45, Diff: 45, Sum: 45, Workers: 4
[2899.416s][debug][gc,phases      ] GC(130)   StringDedup Table Weak         Min:  0.0, Avg:  0.0, Max:  0.0, Diff:  0.0, Sum:  0.0, Workers: 4
[2899.416s][debug][gc,phases      ] GC(130)     Dead                           Min: 0, Avg:  0.0, Max: 0, Diff: 0, Sum: 0, Workers: 4
[2899.416s][debug][gc,phases      ] GC(130)     Total                          Min: 0, Avg:  0.0, Max: 0, Diff: 0, Sum: 0, Workers: 4
[2899.416s][debug][gc,phases      ] GC(130)   StringDedup Requests0 Weak     Min:  0.0, Avg:  0.0, Max:  0.0, Diff:  0.0, Sum:  0.0, Workers: 4
[2899.416s][debug][gc,phases      ] GC(130)     Dead                           Min: 0, Avg:  0.0, Max: 0, Diff: 0, Sum: 0, Workers: 4
[2899.416s][debug][gc,phases      ] GC(130)     Total                          Min: 0, Avg:  0.0, Max: 0, Diff: 0, Sum: 0, Workers: 4
[2899.416s][debug][gc,phases      ] GC(130)   StringDedup Requests1 Weak     Min:  0.0, Avg:  0.0, Max:  0.0, Diff:  0.0, Sum:  0.0, Workers: 4
[2899.416s][debug][gc,phases      ] GC(130)     Dead                           Min: 0, Avg:  0.0, Max: 0, Diff: 0, Sum: 0, Workers: 4
[2899.416s][debug][gc,phases      ] GC(130)     Total                          Min: 0, Avg:  0.0, Max: 0, Diff: 0, Sum: 0, Workers: 4
[2899.416s][debug][gc,phases      ] GC(130)   Weak JFR Old Object Samples    Min:  0.0, Avg:  0.0, Max:  0.0, Diff:  0.0, Sum:  0.0, Workers: 4
[2899.416s][debug][gc,phases      ] GC(130)     Dead                           Min: 0, Avg:  0.0, Max: 0, Diff: 0, Sum: 0, Workers: 4
[2899.416s][debug][gc,phases      ] GC(130)     Total                          Min: 0, Avg:  0.0, Max: 0, Diff: 0, Sum: 0, Workers: 4
[2899.416s][debug][gc,phases      ] GC(130) Weak Processing 0.307ms
[2899.416s][debug][gc,age         ] GC(130) Desired survivor size 1572864 bytes, new threshold 15 (max threshold 15)
[2899.416s][info ][gc,heap        ] GC(130) PSYoungGen: 2094208K(2095616K)->128K(2095616K) Eden: 2094080K(2094080K)->0K(2094080K) From: 128K(1536K)->128K(1536K)
[2899.416s][info ][gc,heap        ] GC(130) ParOldGen: 343988K(386560K)->344004K(386560K)
[2899.416s][info ][gc,metaspace   ] GC(130) Metaspace: 81660K(82624K)->81660K(82624K) NonClass: 69947K(70464K)->69947K(70464K) Class: 11712K(12160K)->11712K(12160K)
[2899.416s][info ][gc             ] GC(130) Pause Young (Allocation Failure) 2381M->336M(2424M) 3.283ms
[2899.416s][info ][gc,cpu         ] GC(130) User=0.01s Sys=0.00s Real=0.00s
[2899.416s][info ][safepoint      ] Safepoint "ParallelGCFailedAllocation", Time since last: 33897391898 ns, Reaching safepoint: 47201 ns, At safepoint: 3375324 ns, Total: 3422525 ns
[2905.417s][info ][safepoint      ] Safepoint "Cleanup", Time since last: 6000400727 ns, Reaching safepoint: 109901 ns, At safepoint: 5600 ns, Total: 115501 ns
[2933.312s][info ][gc,start       ] GC(131) Pause Young (Allocation Failure)
[2933.314s][debug][gc,phases      ] GC(131) Scavenge 1.492ms
[2933.314s][debug][gc,ref         ] GC(131) Skipped phase 1 of Reference Processing: no references
[2933.314s][debug][gc,ref         ] GC(131) Skipped phase 2 of Reference Processing: no references
[2933.314s][debug][gc,ref         ] GC(131) Skipped phase 3 of Reference Processing: no references
[2933.314s][debug][gc,ref         ] GC(131) Skipped phase 4 of Reference Processing: no references
[2933.314s][debug][gc,phases      ] GC(131) Reference Processing 0.020ms
[2933.314s][debug][gc,phases      ] GC(131)   VM Weak                        Min:  0.0, Avg:  0.0, Max:  0.0, Diff:  0.0, Sum:  0.0, Workers: 4
[2933.314s][debug][gc,phases      ] GC(131)     Dead                           Min: 0, Avg:  0.0, Max: 0, Diff: 0, Sum: 0, Workers: 4
[2933.314s][debug][gc,phases      ] GC(131)     Total                          Min: 0, Avg: 205.2, Max: 757, Diff: 757, Sum: 821, Workers: 4
[2933.314s][debug][gc,phases      ] GC(131)   ObjectSynchronizer Weak        Min:  0.0, Avg:  0.0, Max:  0.0, Diff:  0.0, Sum:  0.0, Workers: 4
[2933.314s][debug][gc,phases      ] GC(131)     Dead                           Min: 0, Avg:  0.0, Max: 0, Diff: 0, Sum: 0, Workers: 4
[2933.314s][debug][gc,phases      ] GC(131)     Total                          Min: 0, Avg:  8.8, Max: 35, Diff: 35, Sum: 35, Workers: 4
[2933.314s][debug][gc,phases      ] GC(131)   JVMTI Tag Weak OopStorage      Min:  0.0, Avg:  0.0, Max:  0.0, Diff:  0.0, Sum:  0.0, Workers: 4
[2933.314s][debug][gc,phases      ] GC(131)     Dead                           Min: 0, Avg:  0.0, Max: 0, Diff: 0, Sum: 0, Workers: 4
[2933.314s][debug][gc,phases      ] GC(131)     Total                          Min: 0, Avg:  0.0, Max: 0, Diff: 0, Sum: 0, Workers: 4
[2933.314s][debug][gc,phases      ] GC(131)   StringTable Weak               Min:  0.0, Avg:  0.1, Max:  0.1, Diff:  0.1, Sum:  0.3, Workers: 4
[2933.314s][debug][gc,phases      ] GC(131)     Dead                           Min: 0, Avg:  0.0, Max: 0, Diff: 0, Sum: 0, Workers: 4
[2933.314s][debug][gc,phases      ] GC(131)     Total                          Min: 0, Avg: 10926.5, Max: 17531, Diff: 17531, Sum: 43706, Workers: 4
[2933.314s][debug][gc,phases      ] GC(131)   ResolvedMethodTable Weak       Min:  0.0, Avg:  0.0, Max:  0.0, Diff:  0.0, Sum:  0.1, Workers: 4
[2933.314s][debug][gc,phases      ] GC(131)     Dead                           Min: 0, Avg:  0.0, Max: 0, Diff: 0, Sum: 0, Workers: 4
[2933.314s][debug][gc,phases      ] GC(131)     Total                          Min: 0, Avg: 2352.0, Max: 4096, Diff: 4096, Sum: 9408, Workers: 4
[2933.314s][debug][gc,phases      ] GC(131)   JNI Weak                       Min:  0.0, Avg:  0.0, Max:  0.0, Diff:  0.0, Sum:  0.0, Workers: 4
[2933.314s][debug][gc,phases      ] GC(131)     Dead                           Min: 0, Avg:  0.0, Max: 0, Diff: 0, Sum: 0, Workers: 4
[2933.314s][debug][gc,phases      ] GC(131)     Total                          Min: 0, Avg: 11.2, Max: 45, Diff: 45, Sum: 45, Workers: 4
[2933.314s][debug][gc,phases      ] GC(131)   StringDedup Table Weak         Min:  0.0, Avg:  0.0, Max:  0.0, Diff:  0.0, Sum:  0.0, Workers: 4
[2933.314s][debug][gc,phases      ] GC(131)     Dead                           Min: 0, Avg:  0.0, Max: 0, Diff: 0, Sum: 0, Workers: 4
[2933.314s][debug][gc,phases      ] GC(131)     Total                          Min: 0, Avg:  0.0, Max: 0, Diff: 0, Sum: 0, Workers: 4
[2933.314s][debug][gc,phases      ] GC(131)   StringDedup Requests0 Weak     Min:  0.0, Avg:  0.0, Max:  0.0, Diff:  0.0, Sum:  0.0, Workers: 4
[2933.314s][debug][gc,phases      ] GC(131)     Dead                           Min: 0, Avg:  0.0, Max: 0, Diff: 0, Sum: 0, Workers: 4
[2933.314s][debug][gc,phases      ] GC(131)     Total                          Min: 0, Avg:  0.0, Max: 0, Diff: 0, Sum: 0, Workers: 4
[2933.314s][debug][gc,phases      ] GC(131)   StringDedup Requests1 Weak     Min:  0.0, Avg:  0.0, Max:  0.0, Diff:  0.0, Sum:  0.0, Workers: 4
[2933.314s][debug][gc,phases      ] GC(131)     Dead                           Min: 0, Avg:  0.0, Max: 0, Diff: 0, Sum: 0, Workers: 4
[2933.314s][debug][gc,phases      ] GC(131)     Total                          Min: 0, Avg:  0.0, Max: 0, Diff: 0, Sum: 0, Workers: 4
[2933.314s][debug][gc,phases      ] GC(131)   Weak JFR Old Object Samples    Min:  0.0, Avg:  0.0, Max:  0.0, Diff:  0.0, Sum:  0.0, Workers: 4
[2933.314s][debug][gc,phases      ] GC(131)     Dead                           Min: 0, Avg:  0.0, Max: 0, Diff: 0, Sum: 0, Workers: 4
[2933.314s][debug][gc,phases      ] GC(131)     Total                          Min: 0, Avg:  0.0, Max: 0, Diff: 0, Sum: 0, Workers: 4
[2933.314s][debug][gc,phases      ] GC(131) Weak Processing 0.319ms
[2933.314s][debug][gc,age         ] GC(131) Desired survivor size 1572864 bytes, new threshold 15 (max threshold 15)
[2933.314s][info ][gc,heap        ] GC(131) PSYoungGen: 2094208K(2095616K)->128K(2095616K) Eden: 2094080K(2094080K)->0K(2094080K) From: 128K(1536K)->128K(1536K)
[2933.314s][info ][gc,heap        ] GC(131) ParOldGen: 344004K(386560K)->344020K(386560K)
[2933.314s][info ][gc,metaspace   ] GC(131) Metaspace: 81660K(82624K)->81660K(82624K) NonClass: 69947K(70464K)->69947K(70464K) Class: 11712K(12160K)->11712K(12160K)
[2933.314s][info ][gc             ] GC(131) Pause Young (Allocation Failure) 2381M->336M(2424M) 1.924ms
[2933.314s][info ][gc,cpu         ] GC(131) User=0.01s Sys=0.00s Real=0.00s
[2933.314s][info ][safepoint      ] Safepoint "ParallelGCFailedAllocation", Time since last: 27895035556 ns, Reaching safepoint: 25601 ns, At safepoint: 1979914 ns, Total: 2005515 ns
[2967.164s][info ][gc,start       ] GC(132) Pause Young (Allocation Failure)
[2967.167s][debug][gc,phases      ] GC(132) Scavenge 2.482ms
[2967.167s][debug][gc,ref         ] GC(132) Skipped phase 1 of Reference Processing: no references
[2967.167s][debug][gc,ref         ] GC(132) Skipped phase 2 of Reference Processing: no references
[2967.167s][debug][gc,ref         ] GC(132) Skipped phase 3 of Reference Processing: no references
[2967.167s][debug][gc,ref         ] GC(132) Skipped phase 4 of Reference Processing: no references
[2967.167s][debug][gc,phases      ] GC(132) Reference Processing 0.019ms
[2967.167s][debug][gc,phases      ] GC(132)   VM Weak                        Min:  0.0, Avg:  0.0, Max:  0.0, Diff:  0.0, Sum:  0.0, Workers: 4
[2967.167s][debug][gc,phases      ] GC(132)     Dead                           Min: 0, Avg:  0.0, Max: 0, Diff: 0, Sum: 0, Workers: 4
[2967.167s][debug][gc,phases      ] GC(132)     Total                          Min: 0, Avg: 205.2, Max: 437, Diff: 437, Sum: 821, Workers: 4
[2967.167s][debug][gc,phases      ] GC(132)   ObjectSynchronizer Weak        Min:  0.0, Avg:  0.0, Max:  0.0, Diff:  0.0, Sum:  0.0, Workers: 4
[2967.167s][debug][gc,phases      ] GC(132)     Dead                           Min: 0, Avg:  0.0, Max: 0, Diff: 0, Sum: 0, Workers: 4
[2967.167s][debug][gc,phases      ] GC(132)     Total                          Min: 0, Avg:  8.8, Max: 35, Diff: 35, Sum: 35, Workers: 4
[2967.167s][debug][gc,phases      ] GC(132)   JVMTI Tag Weak OopStorage      Min:  0.0, Avg:  0.0, Max:  0.0, Diff:  0.0, Sum:  0.0, Workers: 4
[2967.167s][debug][gc,phases      ] GC(132)     Dead                           Min: 0, Avg:  0.0, Max: 0, Diff: 0, Sum: 0, Workers: 4
[2967.167s][debug][gc,phases      ] GC(132)     Total                          Min: 0, Avg:  0.0, Max: 0, Diff: 0, Sum: 0, Workers: 4
[2967.167s][debug][gc,phases      ] GC(132)   StringTable Weak               Min:  0.0, Avg:  0.1, Max:  0.1, Diff:  0.1, Sum:  0.3, Workers: 4
[2967.167s][debug][gc,phases      ] GC(132)     Dead                           Min: 0, Avg:  0.0, Max: 0, Diff: 0, Sum: 0, Workers: 4
[2967.167s][debug][gc,phases      ] GC(132)     Total                          Min: 0, Avg: 10926.5, Max: 18943, Diff: 18943, Sum: 43706, Workers: 4
[2967.167s][debug][gc,phases      ] GC(132)   ResolvedMethodTable Weak       Min:  0.0, Avg:  0.0, Max:  0.0, Diff:  0.0, Sum:  0.1, Workers: 4
[2967.167s][debug][gc,phases      ] GC(132)     Dead                           Min: 0, Avg:  0.0, Max: 0, Diff: 0, Sum: 0, Workers: 4
[2967.167s][debug][gc,phases      ] GC(132)     Total                          Min: 0, Avg: 2352.0, Max: 3712, Diff: 3712, Sum: 9408, Workers: 4
[2967.167s][debug][gc,phases      ] GC(132)   JNI Weak                       Min:  0.0, Avg:  0.0, Max:  0.0, Diff:  0.0, Sum:  0.0, Workers: 4
[2967.167s][debug][gc,phases      ] GC(132)     Dead                           Min: 0, Avg:  0.0, Max: 0, Diff: 0, Sum: 0, Workers: 4
[2967.167s][debug][gc,phases      ] GC(132)     Total                          Min: 0, Avg: 11.2, Max: 45, Diff: 45, Sum: 45, Workers: 4
[2967.167s][debug][gc,phases      ] GC(132)   StringDedup Table Weak         Min:  0.0, Avg:  0.0, Max:  0.0, Diff:  0.0, Sum:  0.0, Workers: 4
[2967.167s][debug][gc,phases      ] GC(132)     Dead                           Min: 0, Avg:  0.0, Max: 0, Diff: 0, Sum: 0, Workers: 4
[2967.167s][debug][gc,phases      ] GC(132)     Total                          Min: 0, Avg:  0.0, Max: 0, Diff: 0, Sum: 0, Workers: 4
[2967.167s][debug][gc,phases      ] GC(132)   StringDedup Requests0 Weak     Min:  0.0, Avg:  0.0, Max:  0.0, Diff:  0.0, Sum:  0.0, Workers: 4
[2967.167s][debug][gc,phases      ] GC(132)     Dead                           Min: 0, Avg:  0.0, Max: 0, Diff: 0, Sum: 0, Workers: 4
[2967.167s][debug][gc,phases      ] GC(132)     Total                          Min: 0, Avg:  0.0, Max: 0, Diff: 0, Sum: 0, Workers: 4
[2967.167s][debug][gc,phases      ] GC(132)   StringDedup Requests1 Weak     Min:  0.0, Avg:  0.0, Max:  0.0, Diff:  0.0, Sum:  0.0, Workers: 4
[2967.167s][debug][gc,phases      ] GC(132)     Dead                           Min: 0, Avg:  0.0, Max: 0, Diff: 0, Sum: 0, Workers: 4
[2967.167s][debug][gc,phases      ] GC(132)     Total                          Min: 0, Avg:  0.0, Max: 0, Diff: 0, Sum: 0, Workers: 4
[2967.167s][debug][gc,phases      ] GC(132)   Weak JFR Old Object Samples    Min:  0.0, Avg:  0.0, Max:  0.0, Diff:  0.0, Sum:  0.0, Workers: 4
[2967.167s][debug][gc,phases      ] GC(132)     Dead                           Min: 0, Avg:  0.0, Max: 0, Diff: 0, Sum: 0, Workers: 4
[2967.167s][debug][gc,phases      ] GC(132)     Total                          Min: 0, Avg:  0.0, Max: 0, Diff: 0, Sum: 0, Workers: 4
[2967.167s][debug][gc,phases      ] GC(132) Weak Processing 0.307ms
[2967.167s][debug][gc,age         ] GC(132) Desired survivor size 1048576 bytes, new threshold 15 (max threshold 15)
[2967.167s][info ][gc,heap        ] GC(132) PSYoungGen: 2094208K(2095616K)->128K(2095616K) Eden: 2094080K(2094080K)->0K(2094080K) From: 128K(1536K)->128K(1536K)
[2967.167s][info ][gc,heap        ] GC(132) ParOldGen: 344020K(386560K)->344036K(386560K)
[2967.167s][info ][gc,metaspace   ] GC(132) Metaspace: 81660K(82624K)->81660K(82624K) NonClass: 69947K(70464K)->69947K(70464K) Class: 11712K(12160K)->11712K(12160K)
[2967.167s][info ][gc             ] GC(132) Pause Young (Allocation Failure) 2381M->336M(2424M) 2.900ms
[2967.167s][info ][gc,cpu         ] GC(132) User=0.00s Sys=0.01s Real=0.00s
[2967.167s][info ][safepoint      ] Safepoint "ParallelGCFailedAllocation", Time since last: 33849956304 ns, Reaching safepoint: 42500 ns, At safepoint: 2973822 ns, Total: 3016322 ns
[3001.064s][info ][gc,start       ] GC(133) Pause Young (Allocation Failure)
[3001.065s][debug][gc,phases      ] GC(133) Scavenge 1.499ms
[3001.066s][debug][gc,ref         ] GC(133) Skipped phase 1 of Reference Processing: no references
[3001.066s][debug][gc,ref         ] GC(133) Skipped phase 2 of Reference Processing: no references
[3001.066s][debug][gc,ref         ] GC(133) Skipped phase 3 of Reference Processing: no references
[3001.066s][debug][gc,ref         ] GC(133) Skipped phase 4 of Reference Processing: no references
[3001.066s][debug][gc,phases      ] GC(133) Reference Processing 0.020ms
[3001.066s][debug][gc,phases      ] GC(133)   VM Weak                        Min:  0.0, Avg:  0.0, Max:  0.0, Diff:  0.0, Sum:  0.0, Workers: 4
[3001.066s][debug][gc,phases      ] GC(133)     Dead                           Min: 0, Avg:  0.0, Max: 0, Diff: 0, Sum: 0, Workers: 4
[3001.066s][debug][gc,phases      ] GC(133)     Total                          Min: 0, Avg: 205.2, Max: 821, Diff: 821, Sum: 821, Workers: 4
[3001.066s][debug][gc,phases      ] GC(133)   ObjectSynchronizer Weak        Min:  0.0, Avg:  0.0, Max:  0.0, Diff:  0.0, Sum:  0.0, Workers: 4
[3001.066s][debug][gc,phases      ] GC(133)     Dead                           Min: 0, Avg:  0.0, Max: 0, Diff: 0, Sum: 0, Workers: 4
[3001.066s][debug][gc,phases      ] GC(133)     Total                          Min: 0, Avg:  8.8, Max: 35, Diff: 35, Sum: 35, Workers: 4
[3001.066s][debug][gc,phases      ] GC(133)   JVMTI Tag Weak OopStorage      Min:  0.0, Avg:  0.0, Max:  0.0, Diff:  0.0, Sum:  0.0, Workers: 4
[3001.066s][debug][gc,phases      ] GC(133)     Dead                           Min: 0, Avg:  0.0, Max: 0, Diff: 0, Sum: 0, Workers: 4
[3001.066s][debug][gc,phases      ] GC(133)     Total                          Min: 0, Avg:  0.0, Max: 0, Diff: 0, Sum: 0, Workers: 4
[3001.066s][debug][gc,phases      ] GC(133)   StringTable Weak               Min:  0.0, Avg:  0.1, Max:  0.1, Diff:  0.1, Sum:  0.4, Workers: 4
[3001.066s][debug][gc,phases      ] GC(133)     Dead                           Min: 0, Avg:  0.0, Max: 0, Diff: 0, Sum: 0, Workers: 4
[3001.066s][debug][gc,phases      ] GC(133)     Total                          Min: 2492, Avg: 10926.5, Max: 16128, Diff: 13636, Sum: 43706, Workers: 4
[3001.066s][debug][gc,phases      ] GC(133)   ResolvedMethodTable Weak       Min:  0.0, Avg:  0.0, Max:  0.0, Diff:  0.0, Sum:  0.1, Workers: 4
[3001.066s][debug][gc,phases      ] GC(133)     Dead                           Min: 0, Avg:  0.0, Max: 0, Diff: 0, Sum: 0, Workers: 4
[3001.066s][debug][gc,phases      ] GC(133)     Total                          Min: 2240, Avg: 2352.0, Max: 2560, Diff: 320, Sum: 9408, Workers: 4
[3001.066s][debug][gc,phases      ] GC(133)   JNI Weak                       Min:  0.0, Avg:  0.0, Max:  0.0, Diff:  0.0, Sum:  0.0, Workers: 4
[3001.066s][debug][gc,phases      ] GC(133)     Dead                           Min: 0, Avg:  0.0, Max: 0, Diff: 0, Sum: 0, Workers: 4
[3001.066s][debug][gc,phases      ] GC(133)     Total                          Min: 0, Avg: 11.2, Max: 45, Diff: 45, Sum: 45, Workers: 4
[3001.066s][debug][gc,phases      ] GC(133)   StringDedup Table Weak         Min:  0.0, Avg:  0.0, Max:  0.0, Diff:  0.0, Sum:  0.0, Workers: 4
[3001.066s][debug][gc,phases      ] GC(133)     Dead                           Min: 0, Avg:  0.0, Max: 0, Diff: 0, Sum: 0, Workers: 4
[3001.066s][debug][gc,phases      ] GC(133)     Total                          Min: 0, Avg:  0.0, Max: 0, Diff: 0, Sum: 0, Workers: 4
[3001.066s][debug][gc,phases      ] GC(133)   StringDedup Requests0 Weak     Min:  0.0, Avg:  0.0, Max:  0.0, Diff:  0.0, Sum:  0.0, Workers: 4
[3001.066s][debug][gc,phases      ] GC(133)     Dead                           Min: 0, Avg:  0.0, Max: 0, Diff: 0, Sum: 0, Workers: 4
[3001.066s][debug][gc,phases      ] GC(133)     Total                          Min: 0, Avg:  0.0, Max: 0, Diff: 0, Sum: 0, Workers: 4
[3001.066s][debug][gc,phases      ] GC(133)   StringDedup Requests1 Weak     Min:  0.0, Avg:  0.0, Max:  0.0, Diff:  0.0, Sum:  0.0, Workers: 4
[3001.066s][debug][gc,phases      ] GC(133)     Dead                           Min: 0, Avg:  0.0, Max: 0, Diff: 0, Sum: 0, Workers: 4
[3001.066s][debug][gc,phases      ] GC(133)     Total                          Min: 0, Avg:  0.0, Max: 0, Diff: 0, Sum: 0, Workers: 4
[3001.066s][debug][gc,phases      ] GC(133)   Weak JFR Old Object Samples    Min:  0.0, Avg:  0.0, Max:  0.0, Diff:  0.0, Sum:  0.0, Workers: 4
[3001.066s][debug][gc,phases      ] GC(133)     Dead                           Min: 0, Avg:  0.0, Max: 0, Diff: 0, Sum: 0, Workers: 4
[3001.066s][debug][gc,phases      ] GC(133)     Total                          Min: 0, Avg:  0.0, Max: 0, Diff: 0, Sum: 0, Workers: 4
[3001.066s][debug][gc,phases      ] GC(133) Weak Processing 0.353ms
[3001.066s][debug][gc,age         ] GC(133) Desired survivor size 1048576 bytes, new threshold 15 (max threshold 15)
[3001.066s][info ][gc,heap        ] GC(133) PSYoungGen: 2094208K(2095616K)->128K(2096128K) Eden: 2094080K(2094080K)->0K(2095104K) From: 128K(1536K)->128K(1024K)
[3001.066s][info ][gc,heap        ] GC(133) ParOldGen: 344036K(386560K)->344044K(386560K)
[3001.066s][info ][gc,metaspace   ] GC(133) Metaspace: 81660K(82624K)->81660K(82624K) NonClass: 69947K(70464K)->69947K(70464K) Class: 11712K(12160K)->11712K(12160K)
[3001.066s][info ][gc             ] GC(133) Pause Young (Allocation Failure) 2381M->336M(2424M) 1.976ms
[3001.066s][info ][gc,cpu         ] GC(133) User=0.00s Sys=0.00s Real=0.00s
[3001.066s][info ][safepoint      ] Safepoint "ParallelGCFailedAllocation", Time since last: 33896856001 ns, Reaching safepoint: 49001 ns, At safepoint: 2075215 ns, Total: 2124216 ns
[3034.515s][info ][gc,start       ] GC(134) Pause Young (Allocation Failure)
[3034.517s][debug][gc,phases      ] GC(134) Scavenge 1.569ms
[3034.517s][debug][gc,ref         ] GC(134) Skipped phase 1 of Reference Processing: no references
[3034.517s][debug][gc,ref         ] GC(134) Skipped phase 2 of Reference Processing: no references
[3034.517s][debug][gc,ref         ] GC(134) Skipped phase 3 of Reference Processing: no references
[3034.517s][debug][gc,ref         ] GC(134) Skipped phase 4 of Reference Processing: no references
[3034.517s][debug][gc,phases      ] GC(134) Reference Processing 0.020ms
[3034.517s][debug][gc,phases      ] GC(134)   VM Weak                        Min:  0.0, Avg:  0.0, Max:  0.0, Diff:  0.0, Sum:  0.0, Workers: 4
[3034.517s][debug][gc,phases      ] GC(134)     Dead                           Min: 0, Avg:  0.0, Max: 0, Diff: 0, Sum: 0, Workers: 4
[3034.517s][debug][gc,phases      ] GC(134)     Total                          Min: 0, Avg: 205.2, Max: 704, Diff: 704, Sum: 821, Workers: 4
[3034.517s][debug][gc,phases      ] GC(134)   ObjectSynchronizer Weak        Min:  0.0, Avg:  0.0, Max:  0.0, Diff:  0.0, Sum:  0.0, Workers: 4
[3034.517s][debug][gc,phases      ] GC(134)     Dead                           Min: 0, Avg:  0.0, Max: 0, Diff: 0, Sum: 0, Workers: 4
[3034.517s][debug][gc,phases      ] GC(134)     Total                          Min: 0, Avg:  8.8, Max: 35, Diff: 35, Sum: 35, Workers: 4
[3034.517s][debug][gc,phases      ] GC(134)   JVMTI Tag Weak OopStorage      Min:  0.0, Avg:  0.0, Max:  0.0, Diff:  0.0, Sum:  0.0, Workers: 4
[3034.517s][debug][gc,phases      ] GC(134)     Dead                           Min: 0, Avg:  0.0, Max: 0, Diff: 0, Sum: 0, Workers: 4
[3034.517s][debug][gc,phases      ] GC(134)     Total                          Min: 0, Avg:  0.0, Max: 0, Diff: 0, Sum: 0, Workers: 4
[3034.517s][debug][gc,phases      ] GC(134)   StringTable Weak               Min:  0.0, Avg:  0.1, Max:  0.1, Diff:  0.1, Sum:  0.4, Workers: 4
[3034.517s][debug][gc,phases      ] GC(134)     Dead                           Min: 0, Avg:  0.0, Max: 0, Diff: 0, Sum: 0, Workers: 4
[3034.517s][debug][gc,phases      ] GC(134)     Total                          Min: 0, Avg: 10926.5, Max: 17151, Diff: 17151, Sum: 43706, Workers: 4
[3034.517s][debug][gc,phases      ] GC(134)   ResolvedMethodTable Weak       Min:  0.0, Avg:  0.0, Max:  0.0, Diff:  0.0, Sum:  0.1, Workers: 4
[3034.517s][debug][gc,phases      ] GC(134)     Dead                           Min: 0, Avg:  0.0, Max: 0, Diff: 0, Sum: 0, Workers: 4
[3034.517s][debug][gc,phases      ] GC(134)     Total                          Min: 0, Avg: 2352.0, Max: 4096, Diff: 4096, Sum: 9408, Workers: 4
[3034.517s][debug][gc,phases      ] GC(134)   JNI Weak                       Min:  0.0, Avg:  0.0, Max:  0.0, Diff:  0.0, Sum:  0.0, Workers: 4
[3034.517s][debug][gc,phases      ] GC(134)     Dead                           Min: 0, Avg:  0.0, Max: 0, Diff: 0, Sum: 0, Workers: 4
[3034.517s][debug][gc,phases      ] GC(134)     Total                          Min: 0, Avg: 11.2, Max: 45, Diff: 45, Sum: 45, Workers: 4
[3034.517s][debug][gc,phases      ] GC(134)   StringDedup Table Weak         Min:  0.0, Avg:  0.0, Max:  0.0, Diff:  0.0, Sum:  0.0, Workers: 4
[3034.517s][debug][gc,phases      ] GC(134)     Dead                           Min: 0, Avg:  0.0, Max: 0, Diff: 0, Sum: 0, Workers: 4
[3034.517s][debug][gc,phases      ] GC(134)     Total                          Min: 0, Avg:  0.0, Max: 0, Diff: 0, Sum: 0, Workers: 4
[3034.517s][debug][gc,phases      ] GC(134)   StringDedup Requests0 Weak     Min:  0.0, Avg:  0.0, Max:  0.0, Diff:  0.0, Sum:  0.0, Workers: 4
[3034.517s][debug][gc,phases      ] GC(134)     Dead                           Min: 0, Avg:  0.0, Max: 0, Diff: 0, Sum: 0, Workers: 4
[3034.517s][debug][gc,phases      ] GC(134)     Total                          Min: 0, Avg:  0.0, Max: 0, Diff: 0, Sum: 0, Workers: 4
[3034.517s][debug][gc,phases      ] GC(134)   StringDedup Requests1 Weak     Min:  0.0, Avg:  0.0, Max:  0.0, Diff:  0.0, Sum:  0.0, Workers: 4
[3034.517s][debug][gc,phases      ] GC(134)     Dead                           Min: 0, Avg:  0.0, Max: 0, Diff: 0, Sum: 0, Workers: 4
[3034.517s][debug][gc,phases      ] GC(134)     Total                          Min: 0, Avg:  0.0, Max: 0, Diff: 0, Sum: 0, Workers: 4
[3034.517s][debug][gc,phases      ] GC(134)   Weak JFR Old Object Samples    Min:  0.0, Avg:  0.0, Max:  0.0, Diff:  0.0, Sum:  0.0, Workers: 4
[3034.517s][debug][gc,phases      ] GC(134)     Dead                           Min: 0, Avg:  0.0, Max: 0, Diff: 0, Sum: 0, Workers: 4
[3034.517s][debug][gc,phases      ] GC(134)     Total                          Min: 0, Avg:  0.0, Max: 0, Diff: 0, Sum: 0, Workers: 4
[3034.517s][debug][gc,phases      ] GC(134) Weak Processing 0.324ms
[3034.517s][debug][gc,age         ] GC(134) Desired survivor size 1048576 bytes, new threshold 15 (max threshold 15)
[3034.517s][info ][gc,heap        ] GC(134) PSYoungGen: 2095232K(2096128K)->128K(2096128K) Eden: 2095104K(2095104K)->0K(2095104K) From: 128K(1024K)->128K(1024K)
[3034.517s][info ][gc,heap        ] GC(134) ParOldGen: 344044K(386560K)->344052K(386560K)
[3034.517s][info ][gc,metaspace   ] GC(134) Metaspace: 81690K(82688K)->81690K(82688K) NonClass: 69978K(70528K)->69978K(70528K) Class: 11712K(12160K)->11712K(12160K)
[3034.517s][info ][gc             ] GC(134) Pause Young (Allocation Failure) 2382M->336M(2424M) 1.996ms
[3034.517s][info ][gc,cpu         ] GC(134) User=0.01s Sys=0.00s Real=0.00s
[3034.517s][info ][safepoint      ] Safepoint "ParallelGCFailedAllocation", Time since last: 33449068958 ns, Reaching safepoint: 26100 ns, At safepoint: 2083415 ns, Total: 2109515 ns
[3068.413s][info ][gc,start       ] GC(135) Pause Young (Allocation Failure)
[3068.415s][debug][gc,phases      ] GC(135) Scavenge 1.507ms
[3068.415s][debug][gc,ref         ] GC(135) Skipped phase 1 of Reference Processing: no references
[3068.415s][debug][gc,ref         ] GC(135) Skipped phase 2 of Reference Processing: no references
[3068.415s][debug][gc,ref         ] GC(135) Skipped phase 3 of Reference Processing: no references
[3068.415s][debug][gc,ref         ] GC(135) Skipped phase 4 of Reference Processing: no references
[3068.415s][debug][gc,phases      ] GC(135) Reference Processing 0.038ms
[3068.415s][debug][gc,phases      ] GC(135)   VM Weak                        Min:  0.0, Avg:  0.0, Max:  0.0, Diff:  0.0, Sum:  0.0, Workers: 4
[3068.415s][debug][gc,phases      ] GC(135)     Dead                           Min: 0, Avg:  0.0, Max: 0, Diff: 0, Sum: 0, Workers: 4
[3068.415s][debug][gc,phases      ] GC(135)     Total                          Min: 0, Avg: 205.2, Max: 565, Diff: 565, Sum: 821, Workers: 4
[3068.415s][debug][gc,phases      ] GC(135)   ObjectSynchronizer Weak        Min:  0.0, Avg:  0.0, Max:  0.0, Diff:  0.0, Sum:  0.0, Workers: 4
[3068.415s][debug][gc,phases      ] GC(135)     Dead                           Min: 0, Avg:  0.0, Max: 0, Diff: 0, Sum: 0, Workers: 4
[3068.415s][debug][gc,phases      ] GC(135)     Total                          Min: 0, Avg:  8.8, Max: 35, Diff: 35, Sum: 35, Workers: 4
[3068.415s][debug][gc,phases      ] GC(135)   JVMTI Tag Weak OopStorage      Min:  0.0, Avg:  0.0, Max:  0.0, Diff:  0.0, Sum:  0.0, Workers: 4
[3068.415s][debug][gc,phases      ] GC(135)     Dead                           Min: 0, Avg:  0.0, Max: 0, Diff: 0, Sum: 0, Workers: 4
[3068.415s][debug][gc,phases      ] GC(135)     Total                          Min: 0, Avg:  0.0, Max: 0, Diff: 0, Sum: 0, Workers: 4
[3068.415s][debug][gc,phases      ] GC(135)   StringTable Weak               Min:  0.1, Avg:  0.1, Max:  0.1, Diff:  0.0, Sum:  0.4, Workers: 4
[3068.415s][debug][gc,phases      ] GC(135)     Dead                           Min: 0, Avg:  0.0, Max: 0, Diff: 0, Sum: 0, Workers: 4
[3068.415s][debug][gc,phases      ] GC(135)     Total                          Min: 10175, Avg: 10926.5, Max: 11647, Diff: 1472, Sum: 43706, Workers: 4
[3068.415s][debug][gc,phases      ] GC(135)   ResolvedMethodTable Weak       Min:  0.0, Avg:  0.0, Max:  0.0, Diff:  0.0, Sum:  0.1, Workers: 4
[3068.415s][debug][gc,phases      ] GC(135)     Dead                           Min: 0, Avg:  0.0, Max: 0, Diff: 0, Sum: 0, Workers: 4
[3068.415s][debug][gc,phases      ] GC(135)     Total                          Min: 2240, Avg: 2352.0, Max: 2560, Diff: 320, Sum: 9408, Workers: 4
[3068.415s][debug][gc,phases      ] GC(135)   JNI Weak                       Min:  0.0, Avg:  0.0, Max:  0.0, Diff:  0.0, Sum:  0.0, Workers: 4
[3068.415s][debug][gc,phases      ] GC(135)     Dead                           Min: 0, Avg:  0.0, Max: 0, Diff: 0, Sum: 0, Workers: 4
[3068.415s][debug][gc,phases      ] GC(135)     Total                          Min: 0, Avg: 11.2, Max: 45, Diff: 45, Sum: 45, Workers: 4
[3068.415s][debug][gc,phases      ] GC(135)   StringDedup Table Weak         Min:  0.0, Avg:  0.0, Max:  0.0, Diff:  0.0, Sum:  0.0, Workers: 4
[3068.415s][debug][gc,phases      ] GC(135)     Dead                           Min: 0, Avg:  0.0, Max: 0, Diff: 0, Sum: 0, Workers: 4
[3068.415s][debug][gc,phases      ] GC(135)     Total                          Min: 0, Avg:  0.0, Max: 0, Diff: 0, Sum: 0, Workers: 4
[3068.415s][debug][gc,phases      ] GC(135)   StringDedup Requests0 Weak     Min:  0.0, Avg:  0.0, Max:  0.0, Diff:  0.0, Sum:  0.0, Workers: 4
[3068.415s][debug][gc,phases      ] GC(135)     Dead                           Min: 0, Avg:  0.0, Max: 0, Diff: 0, Sum: 0, Workers: 4
[3068.415s][debug][gc,phases      ] GC(135)     Total                          Min: 0, Avg:  0.0, Max: 0, Diff: 0, Sum: 0, Workers: 4
[3068.415s][debug][gc,phases      ] GC(135)   StringDedup Requests1 Weak     Min:  0.0, Avg:  0.0, Max:  0.0, Diff:  0.0, Sum:  0.0, Workers: 4
[3068.415s][debug][gc,phases      ] GC(135)     Dead                           Min: 0, Avg:  0.0, Max: 0, Diff: 0, Sum: 0, Workers: 4
[3068.415s][debug][gc,phases      ] GC(135)     Total                          Min: 0, Avg:  0.0, Max: 0, Diff: 0, Sum: 0, Workers: 4
[3068.415s][debug][gc,phases      ] GC(135)   Weak JFR Old Object Samples    Min:  0.0, Avg:  0.0, Max:  0.0, Diff:  0.0, Sum:  0.0, Workers: 4
[3068.415s][debug][gc,phases      ] GC(135)     Dead                           Min: 0, Avg:  0.0, Max: 0, Diff: 0, Sum: 0, Workers: 4
[3068.415s][debug][gc,phases      ] GC(135)     Total                          Min: 0, Avg:  0.0, Max: 0, Diff: 0, Sum: 0, Workers: 4
[3068.415s][debug][gc,phases      ] GC(135) Weak Processing 0.273ms
[3068.415s][debug][gc,age         ] GC(135) Desired survivor size 1048576 bytes, new threshold 15 (max threshold 15)
[3068.415s][info ][gc,heap        ] GC(135) PSYoungGen: 2095232K(2096128K)->128K(2096128K) Eden: 2095104K(2095104K)->0K(2095104K) From: 128K(1024K)->128K(1024K)
[3068.415s][info ][gc,heap        ] GC(135) ParOldGen: 344052K(386560K)->344060K(386560K)
[3068.415s][info ][gc,metaspace   ] GC(135) Metaspace: 81690K(82688K)->81690K(82688K) NonClass: 69978K(70528K)->69978K(70528K) Class: 11712K(12160K)->11712K(12160K)
[3068.415s][info ][gc             ] GC(135) Pause Young (Allocation Failure) 2382M->336M(2424M) 1.908ms
[3068.415s][info ][gc,cpu         ] GC(135) User=0.01s Sys=0.00s Real=0.00s
[3068.415s][info ][safepoint      ] Safepoint "ParallelGCFailedAllocation", Time since last: 33895916165 ns, Reaching safepoint: 30200 ns, At safepoint: 2000916 ns, Total: 2031116 ns
[3102.266s][info ][gc,start       ] GC(136) Pause Young (Allocation Failure)
[3102.267s][debug][gc,phases      ] GC(136) Scavenge 1.584ms
[3102.267s][debug][gc,ref         ] GC(136) Skipped phase 1 of Reference Processing: no references
[3102.267s][debug][gc,ref         ] GC(136) Skipped phase 2 of Reference Processing: no references
[3102.267s][debug][gc,ref         ] GC(136) Skipped phase 3 of Reference Processing: no references
[3102.268s][debug][gc,ref         ] GC(136) ReferenceProcessor::execute queues: 1, RefProcThreadModel::Single, marks_oops_alive: false
[3102.268s][debug][gc,phases      ] GC(136) Reference Processing 0.116ms
[3102.268s][debug][gc,phases      ] GC(136)   VM Weak                        Min:  0.0, Avg:  0.0, Max:  0.0, Diff:  0.0, Sum:  0.0, Workers: 4
[3102.268s][debug][gc,phases      ] GC(136)     Dead                           Min: 0, Avg:  0.0, Max: 0, Diff: 0, Sum: 0, Workers: 4
[3102.268s][debug][gc,phases      ] GC(136)     Total                          Min: 0, Avg: 205.2, Max: 821, Diff: 821, Sum: 821, Workers: 4
[3102.268s][debug][gc,phases      ] GC(136)   ObjectSynchronizer Weak        Min:  0.0, Avg:  0.0, Max:  0.0, Diff:  0.0, Sum:  0.0, Workers: 4
[3102.268s][debug][gc,phases      ] GC(136)     Dead                           Min: 0, Avg:  0.0, Max: 0, Diff: 0, Sum: 0, Workers: 4
[3102.268s][debug][gc,phases      ] GC(136)     Total                          Min: 0, Avg:  8.8, Max: 35, Diff: 35, Sum: 35, Workers: 4
[3102.268s][debug][gc,phases      ] GC(136)   JVMTI Tag Weak OopStorage      Min:  0.0, Avg:  0.0, Max:  0.0, Diff:  0.0, Sum:  0.0, Workers: 4
[3102.268s][debug][gc,phases      ] GC(136)     Dead                           Min: 0, Avg:  0.0, Max: 0, Diff: 0, Sum: 0, Workers: 4
[3102.268s][debug][gc,phases      ] GC(136)     Total                          Min: 0, Avg:  0.0, Max: 0, Diff: 0, Sum: 0, Workers: 4
[3102.268s][debug][gc,phases      ] GC(136)   StringTable Weak               Min:  0.0, Avg:  0.1, Max:  0.1, Diff:  0.1, Sum:  0.3, Workers: 4
[3102.268s][debug][gc,phases      ] GC(136)     Dead                           Min: 0, Avg:  0.0, Max: 0, Diff: 0, Sum: 0, Workers: 4
[3102.268s][debug][gc,phases      ] GC(136)     Total                          Min: 0, Avg: 10926.5, Max: 17787, Diff: 17787, Sum: 43706, Workers: 4
[3102.268s][debug][gc,phases      ] GC(136)   ResolvedMethodTable Weak       Min:  0.0, Avg:  0.0, Max:  0.0, Diff:  0.0, Sum:  0.1, Workers: 4
[3102.268s][debug][gc,phases      ] GC(136)     Dead                           Min: 0, Avg:  0.0, Max: 0, Diff: 0, Sum: 0, Workers: 4
[3102.268s][debug][gc,phases      ] GC(136)     Total                          Min: 0, Avg: 2352.0, Max: 4032, Diff: 4032, Sum: 9408, Workers: 4
[3102.268s][debug][gc,phases      ] GC(136)   JNI Weak                       Min:  0.0, Avg:  0.0, Max:  0.0, Diff:  0.0, Sum:  0.0, Workers: 4
[3102.268s][debug][gc,phases      ] GC(136)     Dead                           Min: 0, Avg:  0.0, Max: 0, Diff: 0, Sum: 0, Workers: 4
[3102.268s][debug][gc,phases      ] GC(136)     Total                          Min: 0, Avg: 11.2, Max: 45, Diff: 45, Sum: 45, Workers: 4
[3102.268s][debug][gc,phases      ] GC(136)   StringDedup Table Weak         Min:  0.0, Avg:  0.0, Max:  0.0, Diff:  0.0, Sum:  0.0, Workers: 4
[3102.268s][debug][gc,phases      ] GC(136)     Dead                           Min: 0, Avg:  0.0, Max: 0, Diff: 0, Sum: 0, Workers: 4
[3102.268s][debug][gc,phases      ] GC(136)     Total                          Min: 0, Avg:  0.0, Max: 0, Diff: 0, Sum: 0, Workers: 4
[3102.268s][debug][gc,phases      ] GC(136)   StringDedup Requests0 Weak     Min:  0.0, Avg:  0.0, Max:  0.0, Diff:  0.0, Sum:  0.0, Workers: 4
[3102.268s][debug][gc,phases      ] GC(136)     Dead                           Min: 0, Avg:  0.0, Max: 0, Diff: 0, Sum: 0, Workers: 4
[3102.268s][debug][gc,phases      ] GC(136)     Total                          Min: 0, Avg:  0.0, Max: 0, Diff: 0, Sum: 0, Workers: 4
[3102.268s][debug][gc,phases      ] GC(136)   StringDedup Requests1 Weak     Min:  0.0, Avg:  0.0, Max:  0.0, Diff:  0.0, Sum:  0.0, Workers: 4
[3102.268s][debug][gc,phases      ] GC(136)     Dead                           Min: 0, Avg:  0.0, Max: 0, Diff: 0, Sum: 0, Workers: 4
[3102.268s][debug][gc,phases      ] GC(136)     Total                          Min: 0, Avg:  0.0, Max: 0, Diff: 0, Sum: 0, Workers: 4
[3102.268s][debug][gc,phases      ] GC(136)   Weak JFR Old Object Samples    Min:  0.0, Avg:  0.0, Max:  0.0, Diff:  0.0, Sum:  0.0, Workers: 4
[3102.268s][debug][gc,phases      ] GC(136)     Dead                           Min: 0, Avg:  0.0, Max: 0, Diff: 0, Sum: 0, Workers: 4
[3102.268s][debug][gc,phases      ] GC(136)     Total                          Min: 0, Avg:  0.0, Max: 0, Diff: 0, Sum: 0, Workers: 4
[3102.268s][debug][gc,phases      ] GC(136) Weak Processing 0.310ms
[3102.268s][debug][gc,age         ] GC(136) Desired survivor size 1048576 bytes, new threshold 15 (max threshold 15)
[3102.268s][info ][gc,heap        ] GC(136) PSYoungGen: 2095232K(2096128K)->128K(2096128K) Eden: 2095104K(2095104K)->0K(2095104K) From: 128K(1024K)->128K(1024K)
[3102.268s][info ][gc,heap        ] GC(136) ParOldGen: 344060K(386560K)->344068K(386560K)
[3102.268s][info ][gc,metaspace   ] GC(136) Metaspace: 81690K(82688K)->81690K(82688K) NonClass: 69978K(70528K)->69978K(70528K) Class: 11712K(12160K)->11712K(12160K)
[3102.268s][info ][gc             ] GC(136) Pause Young (Allocation Failure) 2382M->336M(2424M) 2.124ms
[3102.268s][info ][gc,cpu         ] GC(136) User=0.00s Sys=0.00s Real=0.00s
[3102.268s][info ][safepoint      ] Safepoint "ParallelGCFailedAllocation", Time since last: 33850524579 ns, Reaching safepoint: 106201 ns, At safepoint: 2193815 ns, Total: 2300016 ns
[3136.164s][info ][gc,start       ] GC(137) Pause Young (Allocation Failure)
[3136.166s][debug][gc,phases      ] GC(137) Scavenge 2.622ms
[3136.166s][debug][gc,ref         ] GC(137) Skipped phase 1 of Reference Processing: no references
[3136.166s][debug][gc,ref         ] GC(137) Skipped phase 2 of Reference Processing: no references
[3136.166s][debug][gc,ref         ] GC(137) Skipped phase 3 of Reference Processing: no references
[3136.166s][debug][gc,ref         ] GC(137) ReferenceProcessor::execute queues: 1, RefProcThreadModel::Single, marks_oops_alive: false
[3136.167s][debug][gc,phases      ] GC(137) Reference Processing 0.103ms
[3136.167s][debug][gc,phases      ] GC(137)   VM Weak                        Min:  0.0, Avg:  0.0, Max:  0.0, Diff:  0.0, Sum:  0.0, Workers: 4
[3136.167s][debug][gc,phases      ] GC(137)     Dead                           Min: 0, Avg:  0.0, Max: 0, Diff: 0, Sum: 0, Workers: 4
[3136.167s][debug][gc,phases      ] GC(137)     Total                          Min: 0, Avg: 205.2, Max: 629, Diff: 629, Sum: 821, Workers: 4
[3136.167s][debug][gc,phases      ] GC(137)   ObjectSynchronizer Weak        Min:  0.0, Avg:  0.0, Max:  0.0, Diff:  0.0, Sum:  0.0, Workers: 4
[3136.167s][debug][gc,phases      ] GC(137)     Dead                           Min: 0, Avg:  0.0, Max: 0, Diff: 0, Sum: 0, Workers: 4
[3136.167s][debug][gc,phases      ] GC(137)     Total                          Min: 0, Avg:  8.8, Max: 35, Diff: 35, Sum: 35, Workers: 4
[3136.167s][debug][gc,phases      ] GC(137)   JVMTI Tag Weak OopStorage      Min:  0.0, Avg:  0.0, Max:  0.0, Diff:  0.0, Sum:  0.0, Workers: 4
[3136.167s][debug][gc,phases      ] GC(137)     Dead                           Min: 0, Avg:  0.0, Max: 0, Diff: 0, Sum: 0, Workers: 4
[3136.167s][debug][gc,phases      ] GC(137)     Total                          Min: 0, Avg:  0.0, Max: 0, Diff: 0, Sum: 0, Workers: 4
[3136.167s][debug][gc,phases      ] GC(137)   StringTable Weak               Min:  0.0, Avg:  0.1, Max:  0.1, Diff:  0.1, Sum:  0.4, Workers: 4
[3136.167s][debug][gc,phases      ] GC(137)     Dead                           Min: 0, Avg:  0.0, Max: 0, Diff: 0, Sum: 0, Workers: 4
[3136.167s][debug][gc,phases      ] GC(137)     Total                          Min: 0, Avg: 10926.5, Max: 17850, Diff: 17850, Sum: 43706, Workers: 4
[3136.167s][debug][gc,phases      ] GC(137)   ResolvedMethodTable Weak       Min:  0.0, Avg:  0.0, Max:  0.0, Diff:  0.0, Sum:  0.1, Workers: 4
[3136.167s][debug][gc,phases      ] GC(137)     Dead                           Min: 0, Avg:  0.0, Max: 0, Diff: 0, Sum: 0, Workers: 4
[3136.167s][debug][gc,phases      ] GC(137)     Total                          Min: 0, Avg: 2352.0, Max: 3392, Diff: 3392, Sum: 9408, Workers: 4
[3136.167s][debug][gc,phases      ] GC(137)   JNI Weak                       Min:  0.0, Avg:  0.0, Max:  0.0, Diff:  0.0, Sum:  0.0, Workers: 4
[3136.167s][debug][gc,phases      ] GC(137)     Dead                           Min: 0, Avg:  0.0, Max: 0, Diff: 0, Sum: 0, Workers: 4
[3136.167s][debug][gc,phases      ] GC(137)     Total                          Min: 0, Avg: 11.2, Max: 45, Diff: 45, Sum: 45, Workers: 4
[3136.167s][debug][gc,phases      ] GC(137)   StringDedup Table Weak         Min:  0.0, Avg:  0.0, Max:  0.0, Diff:  0.0, Sum:  0.0, Workers: 4
[3136.167s][debug][gc,phases      ] GC(137)     Dead                           Min: 0, Avg:  0.0, Max: 0, Diff: 0, Sum: 0, Workers: 4
[3136.167s][debug][gc,phases      ] GC(137)     Total                          Min: 0, Avg:  0.0, Max: 0, Diff: 0, Sum: 0, Workers: 4
[3136.167s][debug][gc,phases      ] GC(137)   StringDedup Requests0 Weak     Min:  0.0, Avg:  0.0, Max:  0.0, Diff:  0.0, Sum:  0.0, Workers: 4
[3136.167s][debug][gc,phases      ] GC(137)     Dead                           Min: 0, Avg:  0.0, Max: 0, Diff: 0, Sum: 0, Workers: 4
[3136.167s][debug][gc,phases      ] GC(137)     Total                          Min: 0, Avg:  0.0, Max: 0, Diff: 0, Sum: 0, Workers: 4
[3136.167s][debug][gc,phases      ] GC(137)   StringDedup Requests1 Weak     Min:  0.0, Avg:  0.0, Max:  0.0, Diff:  0.0, Sum:  0.0, Workers: 4
[3136.167s][debug][gc,phases      ] GC(137)     Dead                           Min: 0, Avg:  0.0, Max: 0, Diff: 0, Sum: 0, Workers: 4
[3136.167s][debug][gc,phases      ] GC(137)     Total                          Min: 0, Avg:  0.0, Max: 0, Diff: 0, Sum: 0, Workers: 4
[3136.167s][debug][gc,phases      ] GC(137)   Weak JFR Old Object Samples    Min:  0.0, Avg:  0.0, Max:  0.0, Diff:  0.0, Sum:  0.0, Workers: 4
[3136.167s][debug][gc,phases      ] GC(137)     Dead                           Min: 0, Avg:  0.0, Max: 0, Diff: 0, Sum: 0, Workers: 4
[3136.167s][debug][gc,phases      ] GC(137)     Total                          Min: 0, Avg:  0.0, Max: 0, Diff: 0, Sum: 0, Workers: 4
[3136.167s][debug][gc,phases      ] GC(137) Weak Processing 0.334ms
[3136.167s][debug][gc,age         ] GC(137) Desired survivor size 1048576 bytes, new threshold 15 (max threshold 15)
[3136.167s][info ][gc,heap        ] GC(137) PSYoungGen: 2095232K(2096128K)->128K(2096128K) Eden: 2095104K(2095104K)->0K(2095104K) From: 128K(1024K)->128K(1024K)
[3136.167s][info ][gc,heap        ] GC(137) ParOldGen: 344068K(386560K)->344084K(386560K)
[3136.167s][info ][gc,metaspace   ] GC(137) Metaspace: 81692K(82688K)->81692K(82688K) NonClass: 69980K(70528K)->69980K(70528K) Class: 11712K(12160K)->11712K(12160K)
[3136.167s][info ][gc             ] GC(137) Pause Young (Allocation Failure) 2382M->336M(2424M) 3.195ms
[3136.167s][info ][gc,cpu         ] GC(137) User=0.01s Sys=0.00s Real=0.00s
[3136.167s][info ][safepoint      ] Safepoint "ParallelGCFailedAllocation", Time since last: 33895714433 ns, Reaching safepoint: 42300 ns, At safepoint: 3257824 ns, Total: 3300124 ns
[3170.066s][info ][gc,start       ] GC(138) Pause Young (Allocation Failure)
[3170.068s][debug][gc,phases      ] GC(138) Scavenge 1.565ms
[3170.068s][debug][gc,ref         ] GC(138) Skipped phase 1 of Reference Processing: no references
[3170.068s][debug][gc,ref         ] GC(138) Skipped phase 2 of Reference Processing: no references
[3170.068s][debug][gc,ref         ] GC(138) Skipped phase 3 of Reference Processing: no references
[3170.068s][debug][gc,ref         ] GC(138) Skipped phase 4 of Reference Processing: no references
[3170.068s][debug][gc,phases      ] GC(138) Reference Processing 0.021ms
[3170.068s][debug][gc,phases      ] GC(138)   VM Weak                        Min:  0.0, Avg:  0.0, Max:  0.0, Diff:  0.0, Sum:  0.0, Workers: 4
[3170.068s][debug][gc,phases      ] GC(138)     Dead                           Min: 0, Avg:  0.0, Max: 0, Diff: 0, Sum: 0, Workers: 4
[3170.068s][debug][gc,phases      ] GC(138)     Total                          Min: 0, Avg: 205.2, Max: 821, Diff: 821, Sum: 821, Workers: 4
[3170.068s][debug][gc,phases      ] GC(138)   ObjectSynchronizer Weak        Min:  0.0, Avg:  0.0, Max:  0.0, Diff:  0.0, Sum:  0.0, Workers: 4
[3170.068s][debug][gc,phases      ] GC(138)     Dead                           Min: 0, Avg:  0.0, Max: 0, Diff: 0, Sum: 0, Workers: 4
[3170.068s][debug][gc,phases      ] GC(138)     Total                          Min: 0, Avg:  8.8, Max: 35, Diff: 35, Sum: 35, Workers: 4
[3170.068s][debug][gc,phases      ] GC(138)   JVMTI Tag Weak OopStorage      Min:  0.0, Avg:  0.0, Max:  0.0, Diff:  0.0, Sum:  0.0, Workers: 4
[3170.068s][debug][gc,phases      ] GC(138)     Dead                           Min: 0, Avg:  0.0, Max: 0, Diff: 0, Sum: 0, Workers: 4
[3170.068s][debug][gc,phases      ] GC(138)     Total                          Min: 0, Avg:  0.0, Max: 0, Diff: 0, Sum: 0, Workers: 4
[3170.068s][debug][gc,phases      ] GC(138)   StringTable Weak               Min:  0.0, Avg:  0.1, Max:  0.1, Diff:  0.1, Sum:  0.4, Workers: 4
[3170.068s][debug][gc,phases      ] GC(138)     Dead                           Min: 0, Avg:  0.0, Max: 0, Diff: 0, Sum: 0, Workers: 4
[3170.068s][debug][gc,phases      ] GC(138)     Total                          Min: 0, Avg: 10926.5, Max: 17916, Diff: 17916, Sum: 43706, Workers: 4
[3170.068s][debug][gc,phases      ] GC(138)   ResolvedMethodTable Weak       Min:  0.0, Avg:  0.0, Max:  0.0, Diff:  0.0, Sum:  0.1, Workers: 4
[3170.068s][debug][gc,phases      ] GC(138)     Dead                           Min: 0, Avg:  0.0, Max: 0, Diff: 0, Sum: 0, Workers: 4
[3170.068s][debug][gc,phases      ] GC(138)     Total                          Min: 0, Avg: 2352.0, Max: 4096, Diff: 4096, Sum: 9408, Workers: 4
[3170.068s][debug][gc,phases      ] GC(138)   JNI Weak                       Min:  0.0, Avg:  0.0, Max:  0.0, Diff:  0.0, Sum:  0.0, Workers: 4
[3170.068s][debug][gc,phases      ] GC(138)     Dead                           Min: 0, Avg:  0.0, Max: 0, Diff: 0, Sum: 0, Workers: 4
[3170.068s][debug][gc,phases      ] GC(138)     Total                          Min: 0, Avg: 11.2, Max: 45, Diff: 45, Sum: 45, Workers: 4
[3170.068s][debug][gc,phases      ] GC(138)   StringDedup Table Weak         Min:  0.0, Avg:  0.0, Max:  0.0, Diff:  0.0, Sum:  0.0, Workers: 4
[3170.068s][debug][gc,phases      ] GC(138)     Dead                           Min: 0, Avg:  0.0, Max: 0, Diff: 0, Sum: 0, Workers: 4
[3170.068s][debug][gc,phases      ] GC(138)     Total                          Min: 0, Avg:  0.0, Max: 0, Diff: 0, Sum: 0, Workers: 4
[3170.068s][debug][gc,phases      ] GC(138)   StringDedup Requests0 Weak     Min:  0.0, Avg:  0.0, Max:  0.0, Diff:  0.0, Sum:  0.0, Workers: 4
[3170.068s][debug][gc,phases      ] GC(138)     Dead                           Min: 0, Avg:  0.0, Max: 0, Diff: 0, Sum: 0, Workers: 4
[3170.068s][debug][gc,phases      ] GC(138)     Total                          Min: 0, Avg:  0.0, Max: 0, Diff: 0, Sum: 0, Workers: 4
[3170.068s][debug][gc,phases      ] GC(138)   StringDedup Requests1 Weak     Min:  0.0, Avg:  0.0, Max:  0.0, Diff:  0.0, Sum:  0.0, Workers: 4
[3170.068s][debug][gc,phases      ] GC(138)     Dead                           Min: 0, Avg:  0.0, Max: 0, Diff: 0, Sum: 0, Workers: 4
[3170.068s][debug][gc,phases      ] GC(138)     Total                          Min: 0, Avg:  0.0, Max: 0, Diff: 0, Sum: 0, Workers: 4
[3170.068s][debug][gc,phases      ] GC(138)   Weak JFR Old Object Samples    Min:  0.0, Avg:  0.0, Max:  0.0, Diff:  0.0, Sum:  0.0, Workers: 4
[3170.068s][debug][gc,phases      ] GC(138)     Dead                           Min: 0, Avg:  0.0, Max: 0, Diff: 0, Sum: 0, Workers: 4
[3170.068s][debug][gc,phases      ] GC(138)     Total                          Min: 0, Avg:  0.0, Max: 0, Diff: 0, Sum: 0, Workers: 4
[3170.068s][debug][gc,phases      ] GC(138) Weak Processing 0.334ms
[3170.068s][debug][gc,age         ] GC(138) Desired survivor size 1048576 bytes, new threshold 15 (max threshold 15)
[3170.068s][info ][gc,heap        ] GC(138) PSYoungGen: 2095232K(2096128K)->128K(2096128K) Eden: 2095104K(2095104K)->0K(2095104K) From: 128K(1024K)->128K(1024K)
[3170.068s][info ][gc,heap        ] GC(138) ParOldGen: 344084K(386560K)->344100K(386560K)
[3170.068s][info ][gc,metaspace   ] GC(138) Metaspace: 81694K(82688K)->81694K(82688K) NonClass: 69982K(70528K)->69982K(70528K) Class: 11712K(12160K)->11712K(12160K)
[3170.068s][info ][gc             ] GC(138) Pause Young (Allocation Failure) 2382M->336M(2424M) 2.015ms
[3170.068s][info ][gc,cpu         ] GC(138) User=0.01s Sys=0.00s Real=0.00s
[3170.068s][info ][safepoint      ] Safepoint "ParallelGCFailedAllocation", Time since last: 33899089132 ns, Reaching safepoint: 31100 ns, At safepoint: 2098618 ns, Total: 2129718 ns
[3204.013s][info ][gc,start       ] GC(139) Pause Young (Allocation Failure)
[3204.014s][debug][gc,phases      ] GC(139) Scavenge 1.638ms
[3204.014s][debug][gc,ref         ] GC(139) Skipped phase 1 of Reference Processing: no references
[3204.014s][debug][gc,ref         ] GC(139) Skipped phase 2 of Reference Processing: no references
[3204.014s][debug][gc,ref         ] GC(139) Skipped phase 3 of Reference Processing: no references
[3204.014s][debug][gc,ref         ] GC(139) Skipped phase 4 of Reference Processing: no references
[3204.014s][debug][gc,phases      ] GC(139) Reference Processing 0.029ms
[3204.015s][debug][gc,phases      ] GC(139)   VM Weak                        Min:  0.0, Avg:  0.0, Max:  0.0, Diff:  0.0, Sum:  0.0, Workers: 4
[3204.015s][debug][gc,phases      ] GC(139)     Dead                           Min: 0, Avg:  0.0, Max: 0, Diff: 0, Sum: 0, Workers: 4
[3204.015s][debug][gc,phases      ] GC(139)     Total                          Min: 0, Avg: 205.2, Max: 693, Diff: 693, Sum: 821, Workers: 4
[3204.015s][debug][gc,phases      ] GC(139)   ObjectSynchronizer Weak        Min:  0.0, Avg:  0.0, Max:  0.0, Diff:  0.0, Sum:  0.0, Workers: 4
[3204.015s][debug][gc,phases      ] GC(139)     Dead                           Min: 0, Avg:  0.0, Max: 0, Diff: 0, Sum: 0, Workers: 4
[3204.015s][debug][gc,phases      ] GC(139)     Total                          Min: 0, Avg:  8.8, Max: 35, Diff: 35, Sum: 35, Workers: 4
[3204.015s][debug][gc,phases      ] GC(139)   JVMTI Tag Weak OopStorage      Min:  0.0, Avg:  0.0, Max:  0.0, Diff:  0.0, Sum:  0.0, Workers: 4
[3204.015s][debug][gc,phases      ] GC(139)     Dead                           Min: 0, Avg:  0.0, Max: 0, Diff: 0, Sum: 0, Workers: 4
[3204.015s][debug][gc,phases      ] GC(139)     Total                          Min: 0, Avg:  0.0, Max: 0, Diff: 0, Sum: 0, Workers: 4
[3204.015s][debug][gc,phases      ] GC(139)   StringTable Weak               Min:  0.0, Avg:  0.1, Max:  0.1, Diff:  0.1, Sum:  0.4, Workers: 4
[3204.015s][debug][gc,phases      ] GC(139)     Dead                           Min: 0, Avg:  0.0, Max: 0, Diff: 0, Sum: 0, Workers: 4
[3204.015s][debug][gc,phases      ] GC(139)     Total                          Min: 0, Avg: 10926.5, Max: 18558, Diff: 18558, Sum: 43706, Workers: 4
[3204.015s][debug][gc,phases      ] GC(139)   ResolvedMethodTable Weak       Min:  0.0, Avg:  0.0, Max:  0.0, Diff:  0.0, Sum:  0.1, Workers: 4
[3204.015s][debug][gc,phases      ] GC(139)     Dead                           Min: 0, Avg:  0.0, Max: 0, Diff: 0, Sum: 0, Workers: 4
[3204.015s][debug][gc,phases      ] GC(139)     Total                          Min: 640, Avg: 2352.0, Max: 3072, Diff: 2432, Sum: 9408, Workers: 4
[3204.015s][debug][gc,phases      ] GC(139)   JNI Weak                       Min:  0.0, Avg:  0.0, Max:  0.0, Diff:  0.0, Sum:  0.0, Workers: 4
[3204.015s][debug][gc,phases      ] GC(139)     Dead                           Min: 0, Avg:  0.0, Max: 0, Diff: 0, Sum: 0, Workers: 4
[3204.015s][debug][gc,phases      ] GC(139)     Total                          Min: 0, Avg: 11.2, Max: 45, Diff: 45, Sum: 45, Workers: 4
[3204.015s][debug][gc,phases      ] GC(139)   StringDedup Table Weak         Min:  0.0, Avg:  0.0, Max:  0.0, Diff:  0.0, Sum:  0.0, Workers: 4
[3204.015s][debug][gc,phases      ] GC(139)     Dead                           Min: 0, Avg:  0.0, Max: 0, Diff: 0, Sum: 0, Workers: 4
[3204.015s][debug][gc,phases      ] GC(139)     Total                          Min: 0, Avg:  0.0, Max: 0, Diff: 0, Sum: 0, Workers: 4
[3204.015s][debug][gc,phases      ] GC(139)   StringDedup Requests0 Weak     Min:  0.0, Avg:  0.0, Max:  0.0, Diff:  0.0, Sum:  0.0, Workers: 4
[3204.015s][debug][gc,phases      ] GC(139)     Dead                           Min: 0, Avg:  0.0, Max: 0, Diff: 0, Sum: 0, Workers: 4
[3204.015s][debug][gc,phases      ] GC(139)     Total                          Min: 0, Avg:  0.0, Max: 0, Diff: 0, Sum: 0, Workers: 4
[3204.015s][debug][gc,phases      ] GC(139)   StringDedup Requests1 Weak     Min:  0.0, Avg:  0.0, Max:  0.0, Diff:  0.0, Sum:  0.0, Workers: 4
[3204.015s][debug][gc,phases      ] GC(139)     Dead                           Min: 0, Avg:  0.0, Max: 0, Diff: 0, Sum: 0, Workers: 4
[3204.015s][debug][gc,phases      ] GC(139)     Total                          Min: 0, Avg:  0.0, Max: 0, Diff: 0, Sum: 0, Workers: 4
[3204.015s][debug][gc,phases      ] GC(139)   Weak JFR Old Object Samples    Min:  0.0, Avg:  0.0, Max:  0.0, Diff:  0.0, Sum:  0.0, Workers: 4
[3204.015s][debug][gc,phases      ] GC(139)     Dead                           Min: 0, Avg:  0.0, Max: 0, Diff: 0, Sum: 0, Workers: 4
[3204.015s][debug][gc,phases      ] GC(139)     Total                          Min: 0, Avg:  0.0, Max: 0, Diff: 0, Sum: 0, Workers: 4
[3204.015s][debug][gc,phases      ] GC(139) Weak Processing 0.329ms
[3204.015s][debug][gc,age         ] GC(139) Desired survivor size 1048576 bytes, new threshold 15 (max threshold 15)
[3204.015s][info ][gc,heap        ] GC(139) PSYoungGen: 2095232K(2096128K)->128K(2096128K) Eden: 2095104K(2095104K)->0K(2095104K) From: 128K(1024K)->128K(1024K)
[3204.015s][info ][gc,heap        ] GC(139) ParOldGen: 344100K(386560K)->344108K(386560K)
[3204.015s][info ][gc,metaspace   ] GC(139) Metaspace: 81694K(82688K)->81694K(82688K) NonClass: 69982K(70528K)->69982K(70528K) Class: 11712K(12160K)->11712K(12160K)
[3204.015s][info ][gc             ] GC(139) Pause Young (Allocation Failure) 2382M->336M(2424M) 2.082ms
[3204.015s][info ][gc,cpu         ] GC(139) User=0.01s Sys=0.01s Real=0.00s
[3204.015s][info ][safepoint      ] Safepoint "ParallelGCFailedAllocation", Time since last: 33944493532 ns, Reaching safepoint: 22400 ns, At safepoint: 2162419 ns, Total: 2184819 ns
[3228.017s][info ][safepoint      ] Safepoint "Cleanup", Time since last: 24001675431 ns, Reaching safepoint: 113101 ns, At safepoint: 5400 ns, Total: 118501 ns
[3237.912s][info ][gc,start       ] GC(140) Pause Young (Allocation Failure)
[3237.914s][debug][gc,phases      ] GC(140) Scavenge 1.779ms
[3237.914s][debug][gc,ref         ] GC(140) Skipped phase 1 of Reference Processing: no references
[3237.914s][debug][gc,ref         ] GC(140) Skipped phase 2 of Reference Processing: no references
[3237.914s][debug][gc,ref         ] GC(140) Skipped phase 3 of Reference Processing: no references
[3237.914s][debug][gc,ref         ] GC(140) Skipped phase 4 of Reference Processing: no references
[3237.914s][debug][gc,phases      ] GC(140) Reference Processing 0.036ms
[3237.914s][debug][gc,phases      ] GC(140)   VM Weak                        Min:  0.0, Avg:  0.0, Max:  0.0, Diff:  0.0, Sum:  0.0, Workers: 4
[3237.914s][debug][gc,phases      ] GC(140)     Dead                           Min: 0, Avg:  0.0, Max: 0, Diff: 0, Sum: 0, Workers: 4
[3237.914s][debug][gc,phases      ] GC(140)     Total                          Min: 0, Avg: 205.2, Max: 821, Diff: 821, Sum: 821, Workers: 4
[3237.914s][debug][gc,phases      ] GC(140)   ObjectSynchronizer Weak        Min:  0.0, Avg:  0.0, Max:  0.0, Diff:  0.0, Sum:  0.0, Workers: 4
[3237.914s][debug][gc,phases      ] GC(140)     Dead                           Min: 0, Avg:  0.0, Max: 0, Diff: 0, Sum: 0, Workers: 4
[3237.914s][debug][gc,phases      ] GC(140)     Total                          Min: 0, Avg:  8.8, Max: 35, Diff: 35, Sum: 35, Workers: 4
[3237.914s][debug][gc,phases      ] GC(140)   JVMTI Tag Weak OopStorage      Min:  0.0, Avg:  0.0, Max:  0.0, Diff:  0.0, Sum:  0.0, Workers: 4
[3237.914s][debug][gc,phases      ] GC(140)     Dead                           Min: 0, Avg:  0.0, Max: 0, Diff: 0, Sum: 0, Workers: 4
[3237.914s][debug][gc,phases      ] GC(140)     Total                          Min: 0, Avg:  0.0, Max: 0, Diff: 0, Sum: 0, Workers: 4
[3237.914s][debug][gc,phases      ] GC(140)   StringTable Weak               Min:  0.1, Avg:  0.1, Max:  0.1, Diff:  0.1, Sum:  0.4, Workers: 4
[3237.914s][debug][gc,phases      ] GC(140)     Dead                           Min: 0, Avg:  0.0, Max: 0, Diff: 0, Sum: 0, Workers: 4
[3237.914s][debug][gc,phases      ] GC(140)     Total                          Min: 6656, Avg: 10926.5, Max: 12859, Diff: 6203, Sum: 43706, Workers: 4
[3237.914s][debug][gc,phases      ] GC(140)   ResolvedMethodTable Weak       Min:  0.0, Avg:  0.0, Max:  0.0, Diff:  0.0, Sum:  0.1, Workers: 4
[3237.914s][debug][gc,phases      ] GC(140)     Dead                           Min: 0, Avg:  0.0, Max: 0, Diff: 0, Sum: 0, Workers: 4
[3237.914s][debug][gc,phases      ] GC(140)     Total                          Min: 2304, Avg: 2352.0, Max: 2432, Diff: 128, Sum: 9408, Workers: 4
[3237.914s][debug][gc,phases      ] GC(140)   JNI Weak                       Min:  0.0, Avg:  0.0, Max:  0.0, Diff:  0.0, Sum:  0.0, Workers: 4
[3237.914s][debug][gc,phases      ] GC(140)     Dead                           Min: 0, Avg:  0.0, Max: 0, Diff: 0, Sum: 0, Workers: 4
[3237.914s][debug][gc,phases      ] GC(140)     Total                          Min: 0, Avg: 11.2, Max: 45, Diff: 45, Sum: 45, Workers: 4
[3237.914s][debug][gc,phases      ] GC(140)   StringDedup Table Weak         Min:  0.0, Avg:  0.0, Max:  0.0, Diff:  0.0, Sum:  0.0, Workers: 4
[3237.914s][debug][gc,phases      ] GC(140)     Dead                           Min: 0, Avg:  0.0, Max: 0, Diff: 0, Sum: 0, Workers: 4
[3237.914s][debug][gc,phases      ] GC(140)     Total                          Min: 0, Avg:  0.0, Max: 0, Diff: 0, Sum: 0, Workers: 4
[3237.914s][debug][gc,phases      ] GC(140)   StringDedup Requests0 Weak     Min:  0.0, Avg:  0.0, Max:  0.0, Diff:  0.0, Sum:  0.0, Workers: 4
[3237.914s][debug][gc,phases      ] GC(140)     Dead                           Min: 0, Avg:  0.0, Max: 0, Diff: 0, Sum: 0, Workers: 4
[3237.914s][debug][gc,phases      ] GC(140)     Total                          Min: 0, Avg:  0.0, Max: 0, Diff: 0, Sum: 0, Workers: 4
[3237.914s][debug][gc,phases      ] GC(140)   StringDedup Requests1 Weak     Min:  0.0, Avg:  0.0, Max:  0.0, Diff:  0.0, Sum:  0.0, Workers: 4
[3237.914s][debug][gc,phases      ] GC(140)     Dead                           Min: 0, Avg:  0.0, Max: 0, Diff: 0, Sum: 0, Workers: 4
[3237.914s][debug][gc,phases      ] GC(140)     Total                          Min: 0, Avg:  0.0, Max: 0, Diff: 0, Sum: 0, Workers: 4
[3237.914s][debug][gc,phases      ] GC(140)   Weak JFR Old Object Samples    Min:  0.0, Avg:  0.0, Max:  0.0, Diff:  0.0, Sum:  0.0, Workers: 4
[3237.914s][debug][gc,phases      ] GC(140)     Dead                           Min: 0, Avg:  0.0, Max: 0, Diff: 0, Sum: 0, Workers: 4
[3237.914s][debug][gc,phases      ] GC(140)     Total                          Min: 0, Avg:  0.0, Max: 0, Diff: 0, Sum: 0, Workers: 4
[3237.914s][debug][gc,phases      ] GC(140) Weak Processing 0.328ms
[3237.914s][debug][gc,age         ] GC(140) Desired survivor size 1048576 bytes, new threshold 15 (max threshold 15)
[3237.914s][info ][gc,heap        ] GC(140) PSYoungGen: 2095232K(2096128K)->128K(2096128K) Eden: 2095104K(2095104K)->0K(2095104K) From: 128K(1024K)->128K(1024K)
[3237.914s][info ][gc,heap        ] GC(140) ParOldGen: 344108K(386560K)->344116K(386560K)
[3237.914s][info ][gc,metaspace   ] GC(140) Metaspace: 81694K(82688K)->81694K(82688K) NonClass: 69982K(70528K)->69982K(70528K) Class: 11712K(12160K)->11712K(12160K)
[3237.914s][info ][gc             ] GC(140) Pause Young (Allocation Failure) 2382M->336M(2424M) 2.242ms
[3237.914s][info ][gc,cpu         ] GC(140) User=0.01s Sys=0.00s Real=0.00s
[3237.914s][info ][safepoint      ] Safepoint "ParallelGCFailedAllocation", Time since last: 9895404260 ns, Reaching safepoint: 31401 ns, At safepoint: 2299320 ns, Total: 2330721 ns
[3271.813s][info ][gc,start       ] GC(141) Pause Young (Allocation Failure)
[3271.815s][debug][gc,phases      ] GC(141) Scavenge 1.624ms
[3271.815s][debug][gc,ref         ] GC(141) Skipped phase 1 of Reference Processing: no references
[3271.815s][debug][gc,ref         ] GC(141) Skipped phase 2 of Reference Processing: no references
[3271.815s][debug][gc,ref         ] GC(141) Skipped phase 3 of Reference Processing: no references
[3271.815s][debug][gc,ref         ] GC(141) ReferenceProcessor::execute queues: 1, RefProcThreadModel::Single, marks_oops_alive: false
[3271.815s][debug][gc,phases      ] GC(141) Reference Processing 0.088ms
[3271.815s][debug][gc,phases      ] GC(141)   VM Weak                        Min:  0.0, Avg:  0.0, Max:  0.0, Diff:  0.0, Sum:  0.0, Workers: 4
[3271.815s][debug][gc,phases      ] GC(141)     Dead                           Min: 0, Avg:  0.0, Max: 0, Diff: 0, Sum: 0, Workers: 4
[3271.815s][debug][gc,phases      ] GC(141)     Total                          Min: 0, Avg: 205.2, Max: 448, Diff: 448, Sum: 821, Workers: 4
[3271.815s][debug][gc,phases      ] GC(141)   ObjectSynchronizer Weak        Min:  0.0, Avg:  0.0, Max:  0.0, Diff:  0.0, Sum:  0.0, Workers: 4
[3271.815s][debug][gc,phases      ] GC(141)     Dead                           Min: 0, Avg:  0.0, Max: 0, Diff: 0, Sum: 0, Workers: 4
[3271.815s][debug][gc,phases      ] GC(141)     Total                          Min: 0, Avg:  8.8, Max: 35, Diff: 35, Sum: 35, Workers: 4
[3271.815s][debug][gc,phases      ] GC(141)   JVMTI Tag Weak OopStorage      Min:  0.0, Avg:  0.0, Max:  0.0, Diff:  0.0, Sum:  0.0, Workers: 4
[3271.815s][debug][gc,phases      ] GC(141)     Dead                           Min: 0, Avg:  0.0, Max: 0, Diff: 0, Sum: 0, Workers: 4
[3271.815s][debug][gc,phases      ] GC(141)     Total                          Min: 0, Avg:  0.0, Max: 0, Diff: 0, Sum: 0, Workers: 4
[3271.815s][debug][gc,phases      ] GC(141)   StringTable Weak               Min:  0.0, Avg:  0.1, Max:  0.1, Diff:  0.1, Sum:  0.4, Workers: 4
[3271.815s][debug][gc,phases      ] GC(141)     Dead                           Min: 0, Avg:  0.0, Max: 0, Diff: 0, Sum: 0, Workers: 4
[3271.815s][debug][gc,phases      ] GC(141)     Total                          Min: 0, Avg: 10926.5, Max: 18747, Diff: 18747, Sum: 43706, Workers: 4
[3271.815s][debug][gc,phases      ] GC(141)   ResolvedMethodTable Weak       Min:  0.0, Avg:  0.0, Max:  0.0, Diff:  0.0, Sum:  0.1, Workers: 4
[3271.815s][debug][gc,phases      ] GC(141)     Dead                           Min: 0, Avg:  0.0, Max: 0, Diff: 0, Sum: 0, Workers: 4
[3271.815s][debug][gc,phases      ] GC(141)     Total                          Min: 0, Avg: 2352.0, Max: 4288, Diff: 4288, Sum: 9408, Workers: 4
[3271.815s][debug][gc,phases      ] GC(141)   JNI Weak                       Min:  0.0, Avg:  0.0, Max:  0.0, Diff:  0.0, Sum:  0.0, Workers: 4
[3271.815s][debug][gc,phases      ] GC(141)     Dead                           Min: 0, Avg:  0.0, Max: 0, Diff: 0, Sum: 0, Workers: 4
[3271.815s][debug][gc,phases      ] GC(141)     Total                          Min: 0, Avg: 11.2, Max: 45, Diff: 45, Sum: 45, Workers: 4
[3271.815s][debug][gc,phases      ] GC(141)   StringDedup Table Weak         Min:  0.0, Avg:  0.0, Max:  0.0, Diff:  0.0, Sum:  0.0, Workers: 4
[3271.815s][debug][gc,phases      ] GC(141)     Dead                           Min: 0, Avg:  0.0, Max: 0, Diff: 0, Sum: 0, Workers: 4
[3271.815s][debug][gc,phases      ] GC(141)     Total                          Min: 0, Avg:  0.0, Max: 0, Diff: 0, Sum: 0, Workers: 4
[3271.815s][debug][gc,phases      ] GC(141)   StringDedup Requests0 Weak     Min:  0.0, Avg:  0.0, Max:  0.0, Diff:  0.0, Sum:  0.0, Workers: 4
[3271.815s][debug][gc,phases      ] GC(141)     Dead                           Min: 0, Avg:  0.0, Max: 0, Diff: 0, Sum: 0, Workers: 4
[3271.815s][debug][gc,phases      ] GC(141)     Total                          Min: 0, Avg:  0.0, Max: 0, Diff: 0, Sum: 0, Workers: 4
[3271.815s][debug][gc,phases      ] GC(141)   StringDedup Requests1 Weak     Min:  0.0, Avg:  0.0, Max:  0.0, Diff:  0.0, Sum:  0.0, Workers: 4
[3271.815s][debug][gc,phases      ] GC(141)     Dead                           Min: 0, Avg:  0.0, Max: 0, Diff: 0, Sum: 0, Workers: 4
[3271.815s][debug][gc,phases      ] GC(141)     Total                          Min: 0, Avg:  0.0, Max: 0, Diff: 0, Sum: 0, Workers: 4
[3271.815s][debug][gc,phases      ] GC(141)   Weak JFR Old Object Samples    Min:  0.0, Avg:  0.0, Max:  0.0, Diff:  0.0, Sum:  0.0, Workers: 4
[3271.815s][debug][gc,phases      ] GC(141)     Dead                           Min: 0, Avg:  0.0, Max: 0, Diff: 0, Sum: 0, Workers: 4
[3271.815s][debug][gc,phases      ] GC(141)     Total                          Min: 0, Avg:  0.0, Max: 0, Diff: 0, Sum: 0, Workers: 4
[3271.815s][debug][gc,phases      ] GC(141) Weak Processing 0.363ms
[3271.816s][debug][gc,age         ] GC(141) Desired survivor size 1048576 bytes, new threshold 15 (max threshold 15)
[3271.816s][info ][gc,heap        ] GC(141) PSYoungGen: 2095232K(2096128K)->128K(2096128K) Eden: 2095104K(2095104K)->0K(2095104K) From: 128K(1024K)->128K(1024K)
[3271.816s][info ][gc,heap        ] GC(141) ParOldGen: 344116K(386560K)->344132K(386560K)
[3271.816s][info ][gc,metaspace   ] GC(141) Metaspace: 81694K(82688K)->81694K(82688K) NonClass: 69982K(70528K)->69982K(70528K) Class: 11712K(12160K)->11712K(12160K)
[3271.816s][info ][gc             ] GC(141) Pause Young (Allocation Failure) 2382M->336M(2424M) 2.169ms
[3271.816s][info ][gc,cpu         ] GC(141) User=0.01s Sys=0.00s Real=0.00s
[3271.816s][info ][safepoint      ] Safepoint "ParallelGCFailedAllocation", Time since last: 33898911809 ns, Reaching safepoint: 33201 ns, At safepoint: 2258919 ns, Total: 2292120 ns
[3305.713s][info ][gc,start       ] GC(142) Pause Young (Allocation Failure)
[3305.716s][debug][gc,phases      ] GC(142) Scavenge 2.547ms
[3305.716s][debug][gc,ref         ] GC(142) Skipped phase 1 of Reference Processing: no references
[3305.716s][debug][gc,ref         ] GC(142) Skipped phase 2 of Reference Processing: no references
[3305.716s][debug][gc,ref         ] GC(142) Skipped phase 3 of Reference Processing: no references
[3305.716s][debug][gc,ref         ] GC(142) ReferenceProcessor::execute queues: 1, RefProcThreadModel::Single, marks_oops_alive: false
[3305.716s][debug][gc,phases      ] GC(142) Reference Processing 0.089ms
[3305.716s][debug][gc,phases      ] GC(142)   VM Weak                        Min:  0.0, Avg:  0.0, Max:  0.0, Diff:  0.0, Sum:  0.0, Workers: 4
[3305.716s][debug][gc,phases      ] GC(142)     Dead                           Min: 0, Avg:  0.0, Max: 0, Diff: 0, Sum: 0, Workers: 4
[3305.716s][debug][gc,phases      ] GC(142)     Total                          Min: 0, Avg: 205.2, Max: 501, Diff: 501, Sum: 821, Workers: 4
[3305.716s][debug][gc,phases      ] GC(142)   ObjectSynchronizer Weak        Min:  0.0, Avg:  0.0, Max:  0.0, Diff:  0.0, Sum:  0.0, Workers: 4
[3305.716s][debug][gc,phases      ] GC(142)     Dead                           Min: 0, Avg:  0.0, Max: 0, Diff: 0, Sum: 0, Workers: 4
[3305.716s][debug][gc,phases      ] GC(142)     Total                          Min: 0, Avg:  8.8, Max: 35, Diff: 35, Sum: 35, Workers: 4
[3305.716s][debug][gc,phases      ] GC(142)   JVMTI Tag Weak OopStorage      Min:  0.0, Avg:  0.0, Max:  0.0, Diff:  0.0, Sum:  0.0, Workers: 4
[3305.716s][debug][gc,phases      ] GC(142)     Dead                           Min: 0, Avg:  0.0, Max: 0, Diff: 0, Sum: 0, Workers: 4
[3305.716s][debug][gc,phases      ] GC(142)     Total                          Min: 0, Avg:  0.0, Max: 0, Diff: 0, Sum: 0, Workers: 4
[3305.716s][debug][gc,phases      ] GC(142)   StringTable Weak               Min:  0.0, Avg:  0.1, Max:  0.1, Diff:  0.1, Sum:  0.4, Workers: 4
[3305.716s][debug][gc,phases      ] GC(142)     Dead                           Min: 0, Avg:  0.0, Max: 0, Diff: 0, Sum: 0, Workers: 4
[3305.716s][debug][gc,phases      ] GC(142)     Total                          Min: 0, Avg: 10926.5, Max: 17595, Diff: 17595, Sum: 43706, Workers: 4
[3305.716s][debug][gc,phases      ] GC(142)   ResolvedMethodTable Weak       Min:  0.0, Avg:  0.0, Max:  0.0, Diff:  0.0, Sum:  0.1, Workers: 4
[3305.716s][debug][gc,phases      ] GC(142)     Dead                           Min: 0, Avg:  0.0, Max: 0, Diff: 0, Sum: 0, Workers: 4
[3305.716s][debug][gc,phases      ] GC(142)     Total                          Min: 0, Avg: 2352.0, Max: 4032, Diff: 4032, Sum: 9408, Workers: 4
[3305.716s][debug][gc,phases      ] GC(142)   JNI Weak                       Min:  0.0, Avg:  0.0, Max:  0.0, Diff:  0.0, Sum:  0.0, Workers: 4
[3305.716s][debug][gc,phases      ] GC(142)     Dead                           Min: 0, Avg:  0.0, Max: 0, Diff: 0, Sum: 0, Workers: 4
[3305.716s][debug][gc,phases      ] GC(142)     Total                          Min: 0, Avg: 11.2, Max: 45, Diff: 45, Sum: 45, Workers: 4
[3305.716s][debug][gc,phases      ] GC(142)   StringDedup Table Weak         Min:  0.0, Avg:  0.0, Max:  0.0, Diff:  0.0, Sum:  0.0, Workers: 4
[3305.716s][debug][gc,phases      ] GC(142)     Dead                           Min: 0, Avg:  0.0, Max: 0, Diff: 0, Sum: 0, Workers: 4
[3305.716s][debug][gc,phases      ] GC(142)     Total                          Min: 0, Avg:  0.0, Max: 0, Diff: 0, Sum: 0, Workers: 4
[3305.716s][debug][gc,phases      ] GC(142)   StringDedup Requests0 Weak     Min:  0.0, Avg:  0.0, Max:  0.0, Diff:  0.0, Sum:  0.0, Workers: 4
[3305.716s][debug][gc,phases      ] GC(142)     Dead                           Min: 0, Avg:  0.0, Max: 0, Diff: 0, Sum: 0, Workers: 4
[3305.716s][debug][gc,phases      ] GC(142)     Total                          Min: 0, Avg:  0.0, Max: 0, Diff: 0, Sum: 0, Workers: 4
[3305.716s][debug][gc,phases      ] GC(142)   StringDedup Requests1 Weak     Min:  0.0, Avg:  0.0, Max:  0.0, Diff:  0.0, Sum:  0.0, Workers: 4
[3305.716s][debug][gc,phases      ] GC(142)     Dead                           Min: 0, Avg:  0.0, Max: 0, Diff: 0, Sum: 0, Workers: 4
[3305.716s][debug][gc,phases      ] GC(142)     Total                          Min: 0, Avg:  0.0, Max: 0, Diff: 0, Sum: 0, Workers: 4
[3305.716s][debug][gc,phases      ] GC(142)   Weak JFR Old Object Samples    Min:  0.0, Avg:  0.0, Max:  0.0, Diff:  0.0, Sum:  0.0, Workers: 4
[3305.716s][debug][gc,phases      ] GC(142)     Dead                           Min: 0, Avg:  0.0, Max: 0, Diff: 0, Sum: 0, Workers: 4
[3305.716s][debug][gc,phases      ] GC(142)     Total                          Min: 0, Avg:  0.0, Max: 0, Diff: 0, Sum: 0, Workers: 4
[3305.716s][debug][gc,phases      ] GC(142) Weak Processing 0.373ms
[3305.716s][debug][gc,age         ] GC(142) Desired survivor size 1048576 bytes, new threshold 15 (max threshold 15)
[3305.717s][info ][gc,heap        ] GC(142) PSYoungGen: 2095232K(2096128K)->128K(2096128K) Eden: 2095104K(2095104K)->0K(2095104K) From: 128K(1024K)->128K(1024K)
[3305.717s][info ][gc,heap        ] GC(142) ParOldGen: 344132K(386560K)->344140K(386560K)
[3305.717s][info ][gc,metaspace   ] GC(142) Metaspace: 81694K(82688K)->81694K(82688K) NonClass: 69982K(70528K)->69982K(70528K) Class: 11712K(12160K)->11712K(12160K)
[3305.717s][info ][gc             ] GC(142) Pause Young (Allocation Failure) 2382M->336M(2424M) 3.103ms
[3305.717s][info ][gc,cpu         ] GC(142) User=0.01s Sys=0.00s Real=0.00s
[3305.717s][info ][safepoint      ] Safepoint "ParallelGCFailedAllocation", Time since last: 33897780494 ns, Reaching safepoint: 33001 ns, At safepoint: 3178425 ns, Total: 3211426 ns
[3339.562s][info ][gc,start       ] GC(143) Pause Young (Allocation Failure)
[3339.564s][debug][gc,phases      ] GC(143) Scavenge 1.619ms
[3339.564s][debug][gc,ref         ] GC(143) Skipped phase 1 of Reference Processing: no references
[3339.564s][debug][gc,ref         ] GC(143) Skipped phase 2 of Reference Processing: no references
[3339.564s][debug][gc,ref         ] GC(143) Skipped phase 3 of Reference Processing: no references
[3339.564s][debug][gc,ref         ] GC(143) Skipped phase 4 of Reference Processing: no references
[3339.564s][debug][gc,phases      ] GC(143) Reference Processing 0.019ms
[3339.564s][debug][gc,phases      ] GC(143)   VM Weak                        Min:  0.0, Avg:  0.0, Max:  0.0, Diff:  0.0, Sum:  0.0, Workers: 4
[3339.564s][debug][gc,phases      ] GC(143)     Dead                           Min: 0, Avg:  0.0, Max: 0, Diff: 0, Sum: 0, Workers: 4
[3339.564s][debug][gc,phases      ] GC(143)     Total                          Min: 0, Avg: 205.2, Max: 640, Diff: 640, Sum: 821, Workers: 4
[3339.564s][debug][gc,phases      ] GC(143)   ObjectSynchronizer Weak        Min:  0.0, Avg:  0.0, Max:  0.0, Diff:  0.0, Sum:  0.0, Workers: 4
[3339.564s][debug][gc,phases      ] GC(143)     Dead                           Min: 0, Avg:  0.0, Max: 0, Diff: 0, Sum: 0, Workers: 4
[3339.564s][debug][gc,phases      ] GC(143)     Total                          Min: 0, Avg:  8.8, Max: 35, Diff: 35, Sum: 35, Workers: 4
[3339.564s][debug][gc,phases      ] GC(143)   JVMTI Tag Weak OopStorage      Min:  0.0, Avg:  0.0, Max:  0.0, Diff:  0.0, Sum:  0.0, Workers: 4
[3339.564s][debug][gc,phases      ] GC(143)     Dead                           Min: 0, Avg:  0.0, Max: 0, Diff: 0, Sum: 0, Workers: 4
[3339.564s][debug][gc,phases      ] GC(143)     Total                          Min: 0, Avg:  0.0, Max: 0, Diff: 0, Sum: 0, Workers: 4
[3339.564s][debug][gc,phases      ] GC(143)   StringTable Weak               Min:  0.0, Avg:  0.1, Max:  0.1, Diff:  0.1, Sum:  0.4, Workers: 4
[3339.564s][debug][gc,phases      ] GC(143)     Dead                           Min: 0, Avg:  0.0, Max: 0, Diff: 0, Sum: 0, Workers: 4
[3339.564s][debug][gc,phases      ] GC(143)     Total                          Min: 0, Avg: 10927.5, Max: 16448, Diff: 16448, Sum: 43710, Workers: 4
[3339.564s][debug][gc,phases      ] GC(143)   ResolvedMethodTable Weak       Min:  0.0, Avg:  0.0, Max:  0.0, Diff:  0.0, Sum:  0.1, Workers: 4
[3339.564s][debug][gc,phases      ] GC(143)     Dead                           Min: 0, Avg:  0.0, Max: 0, Diff: 0, Sum: 0, Workers: 4
[3339.564s][debug][gc,phases      ] GC(143)     Total                          Min: 0, Avg: 2352.0, Max: 3904, Diff: 3904, Sum: 9408, Workers: 4
[3339.564s][debug][gc,phases      ] GC(143)   JNI Weak                       Min:  0.0, Avg:  0.0, Max:  0.0, Diff:  0.0, Sum:  0.0, Workers: 4
[3339.564s][debug][gc,phases      ] GC(143)     Dead                           Min: 0, Avg:  0.0, Max: 0, Diff: 0, Sum: 0, Workers: 4
[3339.564s][debug][gc,phases      ] GC(143)     Total                          Min: 0, Avg: 11.2, Max: 45, Diff: 45, Sum: 45, Workers: 4
[3339.564s][debug][gc,phases      ] GC(143)   StringDedup Table Weak         Min:  0.0, Avg:  0.0, Max:  0.0, Diff:  0.0, Sum:  0.0, Workers: 4
[3339.564s][debug][gc,phases      ] GC(143)     Dead                           Min: 0, Avg:  0.0, Max: 0, Diff: 0, Sum: 0, Workers: 4
[3339.564s][debug][gc,phases      ] GC(143)     Total                          Min: 0, Avg:  0.0, Max: 0, Diff: 0, Sum: 0, Workers: 4
[3339.564s][debug][gc,phases      ] GC(143)   StringDedup Requests0 Weak     Min:  0.0, Avg:  0.0, Max:  0.0, Diff:  0.0, Sum:  0.0, Workers: 4
[3339.564s][debug][gc,phases      ] GC(143)     Dead                           Min: 0, Avg:  0.0, Max: 0, Diff: 0, Sum: 0, Workers: 4
[3339.564s][debug][gc,phases      ] GC(143)     Total                          Min: 0, Avg:  0.0, Max: 0, Diff: 0, Sum: 0, Workers: 4
[3339.564s][debug][gc,phases      ] GC(143)   StringDedup Requests1 Weak     Min:  0.0, Avg:  0.0, Max:  0.0, Diff:  0.0, Sum:  0.0, Workers: 4
[3339.564s][debug][gc,phases      ] GC(143)     Dead                           Min: 0, Avg:  0.0, Max: 0, Diff: 0, Sum: 0, Workers: 4
[3339.564s][debug][gc,phases      ] GC(143)     Total                          Min: 0, Avg:  0.0, Max: 0, Diff: 0, Sum: 0, Workers: 4
[3339.564s][debug][gc,phases      ] GC(143)   Weak JFR Old Object Samples    Min:  0.0, Avg:  0.0, Max:  0.0, Diff:  0.0, Sum:  0.0, Workers: 4
[3339.564s][debug][gc,phases      ] GC(143)     Dead                           Min: 0, Avg:  0.0, Max: 0, Diff: 0, Sum: 0, Workers: 4
[3339.564s][debug][gc,phases      ] GC(143)     Total                          Min: 0, Avg:  0.0, Max: 0, Diff: 0, Sum: 0, Workers: 4
[3339.564s][debug][gc,phases      ] GC(143) Weak Processing 0.353ms
[3339.564s][debug][gc,age         ] GC(143) Desired survivor size 524288 bytes, new threshold 15 (max threshold 15)
[3339.564s][info ][gc,heap        ] GC(143) PSYoungGen: 2095232K(2096128K)->128K(2096640K) Eden: 2095104K(2095104K)->0K(2095616K) From: 128K(1024K)->128K(1024K)
[3339.564s][info ][gc,heap        ] GC(143) ParOldGen: 344140K(386560K)->344148K(386560K)
[3339.564s][info ][gc,metaspace   ] GC(143) Metaspace: 81694K(82688K)->81694K(82688K) NonClass: 69982K(70528K)->69982K(70528K) Class: 11712K(12160K)->11712K(12160K)
[3339.564s][info ][gc             ] GC(143) Pause Young (Allocation Failure) 2382M->336M(2425M) 2.080ms
[3339.564s][info ][gc,cpu         ] GC(143) User=0.01s Sys=0.00s Real=0.00s
[3339.564s][info ][safepoint      ] Safepoint "ParallelGCFailedAllocation", Time since last: 33845340110 ns, Reaching safepoint: 32300 ns, At safepoint: 2160418 ns, Total: 2192718 ns
[3373.464s][info ][gc,start       ] GC(144) Pause Young (Allocation Failure)
[3373.465s][debug][gc,phases      ] GC(144) Scavenge 1.657ms
[3373.465s][debug][gc,ref         ] GC(144) Skipped phase 1 of Reference Processing: no references
[3373.465s][debug][gc,ref         ] GC(144) Skipped phase 2 of Reference Processing: no references
[3373.465s][debug][gc,ref         ] GC(144) Skipped phase 3 of Reference Processing: no references
[3373.466s][debug][gc,ref         ] GC(144) ReferenceProcessor::execute queues: 1, RefProcThreadModel::Single, marks_oops_alive: false
[3373.466s][debug][gc,phases      ] GC(144) Reference Processing 0.088ms
[3373.466s][debug][gc,phases      ] GC(144)   VM Weak                        Min:  0.0, Avg:  0.0, Max:  0.0, Diff:  0.0, Sum:  0.0, Workers: 4
[3373.466s][debug][gc,phases      ] GC(144)     Dead                           Min: 0, Avg:  0.0, Max: 0, Diff: 0, Sum: 0, Workers: 4
[3373.466s][debug][gc,phases      ] GC(144)     Total                          Min: 0, Avg: 205.2, Max: 501, Diff: 501, Sum: 821, Workers: 4
[3373.466s][debug][gc,phases      ] GC(144)   ObjectSynchronizer Weak        Min:  0.0, Avg:  0.0, Max:  0.0, Diff:  0.0, Sum:  0.0, Workers: 4
[3373.466s][debug][gc,phases      ] GC(144)     Dead                           Min: 0, Avg:  0.0, Max: 0, Diff: 0, Sum: 0, Workers: 4
[3373.466s][debug][gc,phases      ] GC(144)     Total                          Min: 0, Avg:  8.8, Max: 35, Diff: 35, Sum: 35, Workers: 4
[3373.466s][debug][gc,phases      ] GC(144)   JVMTI Tag Weak OopStorage      Min:  0.0, Avg:  0.0, Max:  0.0, Diff:  0.0, Sum:  0.0, Workers: 4
[3373.466s][debug][gc,phases      ] GC(144)     Dead                           Min: 0, Avg:  0.0, Max: 0, Diff: 0, Sum: 0, Workers: 4
[3373.466s][debug][gc,phases      ] GC(144)     Total                          Min: 0, Avg:  0.0, Max: 0, Diff: 0, Sum: 0, Workers: 4
[3373.466s][debug][gc,phases      ] GC(144)   StringTable Weak               Min:  0.1, Avg:  0.1, Max:  0.1, Diff:  0.0, Sum:  0.4, Workers: 4
[3373.466s][debug][gc,phases      ] GC(144)     Dead                           Min: 0, Avg:  0.0, Max: 0, Diff: 0, Sum: 0, Workers: 4
[3373.466s][debug][gc,phases      ] GC(144)     Total                          Min: 10368, Avg: 10927.5, Max: 11647, Diff: 1279, Sum: 43710, Workers: 4
[3373.466s][debug][gc,phases      ] GC(144)   ResolvedMethodTable Weak       Min:  0.0, Avg:  0.0, Max:  0.0, Diff:  0.0, Sum:  0.1, Workers: 4
[3373.466s][debug][gc,phases      ] GC(144)     Dead                           Min: 0, Avg:  0.0, Max: 0, Diff: 0, Sum: 0, Workers: 4
[3373.466s][debug][gc,phases      ] GC(144)     Total                          Min: 2304, Avg: 2352.0, Max: 2496, Diff: 192, Sum: 9408, Workers: 4
[3373.466s][debug][gc,phases      ] GC(144)   JNI Weak                       Min:  0.0, Avg:  0.0, Max:  0.0, Diff:  0.0, Sum:  0.0, Workers: 4
[3373.466s][debug][gc,phases      ] GC(144)     Dead                           Min: 0, Avg:  0.0, Max: 0, Diff: 0, Sum: 0, Workers: 4
[3373.466s][debug][gc,phases      ] GC(144)     Total                          Min: 0, Avg: 11.2, Max: 45, Diff: 45, Sum: 45, Workers: 4
[3373.466s][debug][gc,phases      ] GC(144)   StringDedup Table Weak         Min:  0.0, Avg:  0.0, Max:  0.0, Diff:  0.0, Sum:  0.0, Workers: 4
[3373.466s][debug][gc,phases      ] GC(144)     Dead                           Min: 0, Avg:  0.0, Max: 0, Diff: 0, Sum: 0, Workers: 4
[3373.466s][debug][gc,phases      ] GC(144)     Total                          Min: 0, Avg:  0.0, Max: 0, Diff: 0, Sum: 0, Workers: 4
[3373.466s][debug][gc,phases      ] GC(144)   StringDedup Requests0 Weak     Min:  0.0, Avg:  0.0, Max:  0.0, Diff:  0.0, Sum:  0.0, Workers: 4
[3373.466s][debug][gc,phases      ] GC(144)     Dead                           Min: 0, Avg:  0.0, Max: 0, Diff: 0, Sum: 0, Workers: 4
[3373.466s][debug][gc,phases      ] GC(144)     Total                          Min: 0, Avg:  0.0, Max: 0, Diff: 0, Sum: 0, Workers: 4
[3373.466s][debug][gc,phases      ] GC(144)   StringDedup Requests1 Weak     Min:  0.0, Avg:  0.0, Max:  0.0, Diff:  0.0, Sum:  0.0, Workers: 4
[3373.466s][debug][gc,phases      ] GC(144)     Dead                           Min: 0, Avg:  0.0, Max: 0, Diff: 0, Sum: 0, Workers: 4
[3373.466s][debug][gc,phases      ] GC(144)     Total                          Min: 0, Avg:  0.0, Max: 0, Diff: 0, Sum: 0, Workers: 4
[3373.466s][debug][gc,phases      ] GC(144)   Weak JFR Old Object Samples    Min:  0.0, Avg:  0.0, Max:  0.0, Diff:  0.0, Sum:  0.0, Workers: 4
[3373.466s][debug][gc,phases      ] GC(144)     Dead                           Min: 0, Avg:  0.0, Max: 0, Diff: 0, Sum: 0, Workers: 4
[3373.466s][debug][gc,phases      ] GC(144)     Total                          Min: 0, Avg:  0.0, Max: 0, Diff: 0, Sum: 0, Workers: 4
[3373.466s][debug][gc,phases      ] GC(144) Weak Processing 0.282ms
[3373.466s][debug][gc,age         ] GC(144) Desired survivor size 524288 bytes, new threshold 15 (max threshold 15)
[3373.466s][info ][gc,heap        ] GC(144) PSYoungGen: 2095744K(2096640K)->128K(2096128K) Eden: 2095616K(2095616K)->0K(2095616K) From: 128K(1024K)->128K(512K)
[3373.466s][info ][gc,heap        ] GC(144) ParOldGen: 344148K(386560K)->344156K(386560K)
[3373.466s][info ][gc,metaspace   ] GC(144) Metaspace: 81694K(82688K)->81694K(82688K) NonClass: 69982K(70528K)->69982K(70528K) Class: 11712K(12160K)->11712K(12160K)
[3373.466s][info ][gc             ] GC(144) Pause Young (Allocation Failure) 2382M->336M(2424M) 2.108ms
[3373.466s][info ][gc,cpu         ] GC(144) User=0.00s Sys=0.01s Real=0.00s
[3373.466s][info ][safepoint      ] Safepoint "ParallelGCFailedAllocation", Time since last: 33899603774 ns, Reaching safepoint: 25200 ns, At safepoint: 2184318 ns, Total: 2209518 ns
[3404.468s][info ][safepoint      ] Safepoint "Cleanup", Time since last: 31001916800 ns, Reaching safepoint: 40200 ns, At safepoint: 3800 ns, Total: 44000 ns
[3407.364s][info ][gc,start       ] GC(145) Pause Young (Allocation Failure)
[3407.366s][debug][gc,phases      ] GC(145) Scavenge 2.539ms
[3407.366s][debug][gc,ref         ] GC(145) Skipped phase 1 of Reference Processing: no references
[3407.366s][debug][gc,ref         ] GC(145) Skipped phase 2 of Reference Processing: no references
[3407.366s][debug][gc,ref         ] GC(145) Skipped phase 3 of Reference Processing: no references
[3407.366s][debug][gc,ref         ] GC(145) ReferenceProcessor::execute queues: 1, RefProcThreadModel::Single, marks_oops_alive: false
[3407.366s][debug][gc,phases      ] GC(145) Reference Processing 0.087ms
[3407.366s][debug][gc,phases      ] GC(145)   VM Weak                        Min:  0.0, Avg:  0.0, Max:  0.0, Diff:  0.0, Sum:  0.0, Workers: 4
[3407.366s][debug][gc,phases      ] GC(145)     Dead                           Min: 0, Avg:  0.0, Max: 0, Diff: 0, Sum: 0, Workers: 4
[3407.366s][debug][gc,phases      ] GC(145)     Total                          Min: 0, Avg: 205.2, Max: 448, Diff: 448, Sum: 821, Workers: 4
[3407.366s][debug][gc,phases      ] GC(145)   ObjectSynchronizer Weak        Min:  0.0, Avg:  0.0, Max:  0.0, Diff:  0.0, Sum:  0.0, Workers: 4
[3407.366s][debug][gc,phases      ] GC(145)     Dead                           Min: 0, Avg:  0.0, Max: 0, Diff: 0, Sum: 0, Workers: 4
[3407.366s][debug][gc,phases      ] GC(145)     Total                          Min: 0, Avg:  8.8, Max: 35, Diff: 35, Sum: 35, Workers: 4
[3407.366s][debug][gc,phases      ] GC(145)   JVMTI Tag Weak OopStorage      Min:  0.0, Avg:  0.0, Max:  0.0, Diff:  0.0, Sum:  0.0, Workers: 4
[3407.366s][debug][gc,phases      ] GC(145)     Dead                           Min: 0, Avg:  0.0, Max: 0, Diff: 0, Sum: 0, Workers: 4
[3407.366s][debug][gc,phases      ] GC(145)     Total                          Min: 0, Avg:  0.0, Max: 0, Diff: 0, Sum: 0, Workers: 4
[3407.366s][debug][gc,phases      ] GC(145)   StringTable Weak               Min:  0.0, Avg:  0.1, Max:  0.1, Diff:  0.1, Sum:  0.3, Workers: 4
[3407.366s][debug][gc,phases      ] GC(145)     Dead                           Min: 0, Avg:  0.0, Max: 0, Diff: 0, Sum: 0, Workers: 4
[3407.366s][debug][gc,phases      ] GC(145)     Total                          Min: 0, Avg: 10927.8, Max: 16319, Diff: 16319, Sum: 43711, Workers: 4
[3407.366s][debug][gc,phases      ] GC(145)   ResolvedMethodTable Weak       Min:  0.0, Avg:  0.0, Max:  0.0, Diff:  0.0, Sum:  0.1, Workers: 4
[3407.366s][debug][gc,phases      ] GC(145)     Dead                           Min: 0, Avg:  0.0, Max: 0, Diff: 0, Sum: 0, Workers: 4
[3407.366s][debug][gc,phases      ] GC(145)     Total                          Min: 0, Avg: 2352.0, Max: 3712, Diff: 3712, Sum: 9408, Workers: 4
[3407.366s][debug][gc,phases      ] GC(145)   JNI Weak                       Min:  0.0, Avg:  0.0, Max:  0.0, Diff:  0.0, Sum:  0.0, Workers: 4
[3407.366s][debug][gc,phases      ] GC(145)     Dead                           Min: 0, Avg:  0.0, Max: 0, Diff: 0, Sum: 0, Workers: 4
[3407.366s][debug][gc,phases      ] GC(145)     Total                          Min: 0, Avg: 11.2, Max: 45, Diff: 45, Sum: 45, Workers: 4
[3407.366s][debug][gc,phases      ] GC(145)   StringDedup Table Weak         Min:  0.0, Avg:  0.0, Max:  0.0, Diff:  0.0, Sum:  0.0, Workers: 4
[3407.367s][debug][gc,phases      ] GC(145)     Dead                           Min: 0, Avg:  0.0, Max: 0, Diff: 0, Sum: 0, Workers: 4
[3407.367s][debug][gc,phases      ] GC(145)     Total                          Min: 0, Avg:  0.0, Max: 0, Diff: 0, Sum: 0, Workers: 4
[3407.367s][debug][gc,phases      ] GC(145)   StringDedup Requests0 Weak     Min:  0.0, Avg:  0.0, Max:  0.0, Diff:  0.0, Sum:  0.0, Workers: 4
[3407.367s][debug][gc,phases      ] GC(145)     Dead                           Min: 0, Avg:  0.0, Max: 0, Diff: 0, Sum: 0, Workers: 4
[3407.367s][debug][gc,phases      ] GC(145)     Total                          Min: 0, Avg:  0.0, Max: 0, Diff: 0, Sum: 0, Workers: 4
[3407.367s][debug][gc,phases      ] GC(145)   StringDedup Requests1 Weak     Min:  0.0, Avg:  0.0, Max:  0.0, Diff:  0.0, Sum:  0.0, Workers: 4
[3407.367s][debug][gc,phases      ] GC(145)     Dead                           Min: 0, Avg:  0.0, Max: 0, Diff: 0, Sum: 0, Workers: 4
[3407.367s][debug][gc,phases      ] GC(145)     Total                          Min: 0, Avg:  0.0, Max: 0, Diff: 0, Sum: 0, Workers: 4
[3407.367s][debug][gc,phases      ] GC(145)   Weak JFR Old Object Samples    Min:  0.0, Avg:  0.0, Max:  0.0, Diff:  0.0, Sum:  0.0, Workers: 4
[3407.367s][debug][gc,phases      ] GC(145)     Dead                           Min: 0, Avg:  0.0, Max: 0, Diff: 0, Sum: 0, Workers: 4
[3407.367s][debug][gc,phases      ] GC(145)     Total                          Min: 0, Avg:  0.0, Max: 0, Diff: 0, Sum: 0, Workers: 4
[3407.367s][debug][gc,phases      ] GC(145) Weak Processing 0.314ms
[3407.367s][debug][gc,age         ] GC(145) Desired survivor size 524288 bytes, new threshold 15 (max threshold 15)
[3407.367s][info ][gc,heap        ] GC(145) PSYoungGen: 2095744K(2096128K)->128K(2096640K) Eden: 2095616K(2095616K)->0K(2096128K) From: 128K(512K)->128K(512K)
[3407.367s][info ][gc,heap        ] GC(145) ParOldGen: 344156K(386560K)->344164K(386560K)
[3407.367s][info ][gc,metaspace   ] GC(145) Metaspace: 81696K(82688K)->81696K(82688K) NonClass: 69983K(70528K)->69983K(70528K) Class: 11712K(12160K)->11712K(12160K)
[3407.367s][info ][gc             ] GC(145) Pause Young (Allocation Failure) 2382M->336M(2425M) 3.036ms
[3407.367s][info ][gc,cpu         ] GC(145) User=0.01s Sys=0.00s Real=0.00s
[3407.367s][info ][safepoint      ] Safepoint "ParallelGCFailedAllocation", Time since last: 2895620772 ns, Reaching safepoint: 32601 ns, At safepoint: 3097925 ns, Total: 3130526 ns
[3441.313s][info ][gc,start       ] GC(146) Pause Young (Allocation Failure)
[3441.316s][debug][gc,phases      ] GC(146) Scavenge 2.600ms
[3441.316s][debug][gc,ref         ] GC(146) Skipped phase 1 of Reference Processing: no references
[3441.316s][debug][gc,ref         ] GC(146) Skipped phase 2 of Reference Processing: no references
[3441.316s][debug][gc,ref         ] GC(146) Skipped phase 3 of Reference Processing: no references
[3441.316s][debug][gc,ref         ] GC(146) ReferenceProcessor::execute queues: 1, RefProcThreadModel::Single, marks_oops_alive: false
[3441.316s][debug][gc,phases      ] GC(146) Reference Processing 0.090ms
[3441.316s][debug][gc,phases      ] GC(146)   VM Weak                        Min:  0.0, Avg:  0.0, Max:  0.0, Diff:  0.0, Sum:  0.0, Workers: 4
[3441.316s][debug][gc,phases      ] GC(146)     Dead                           Min: 0, Avg:  0.0, Max: 0, Diff: 0, Sum: 0, Workers: 4
[3441.316s][debug][gc,phases      ] GC(146)     Total                          Min: 0, Avg: 205.2, Max: 437, Diff: 437, Sum: 821, Workers: 4
[3441.316s][debug][gc,phases      ] GC(146)   ObjectSynchronizer Weak        Min:  0.0, Avg:  0.0, Max:  0.0, Diff:  0.0, Sum:  0.0, Workers: 4
[3441.316s][debug][gc,phases      ] GC(146)     Dead                           Min: 0, Avg:  0.0, Max: 0, Diff: 0, Sum: 0, Workers: 4
[3441.316s][debug][gc,phases      ] GC(146)     Total                          Min: 0, Avg:  8.8, Max: 35, Diff: 35, Sum: 35, Workers: 4
[3441.316s][debug][gc,phases      ] GC(146)   JVMTI Tag Weak OopStorage      Min:  0.0, Avg:  0.0, Max:  0.0, Diff:  0.0, Sum:  0.0, Workers: 4
[3441.316s][debug][gc,phases      ] GC(146)     Dead                           Min: 0, Avg:  0.0, Max: 0, Diff: 0, Sum: 0, Workers: 4
[3441.316s][debug][gc,phases      ] GC(146)     Total                          Min: 0, Avg:  0.0, Max: 0, Diff: 0, Sum: 0, Workers: 4
[3441.316s][debug][gc,phases      ] GC(146)   StringTable Weak               Min:  0.0, Avg:  0.1, Max:  0.1, Diff:  0.1, Sum:  0.4, Workers: 4
[3441.316s][debug][gc,phases      ] GC(146)     Dead                           Min: 0, Avg:  0.0, Max: 0, Diff: 0, Sum: 0, Workers: 4
[3441.316s][debug][gc,phases      ] GC(146)     Total                          Min: 0, Avg: 10927.8, Max: 17919, Diff: 17919, Sum: 43711, Workers: 4
[3441.316s][debug][gc,phases      ] GC(146)   ResolvedMethodTable Weak       Min:  0.0, Avg:  0.0, Max:  0.0, Diff:  0.0, Sum:  0.1, Workers: 4
[3441.316s][debug][gc,phases      ] GC(146)     Dead                           Min: 0, Avg:  0.0, Max: 0, Diff: 0, Sum: 0, Workers: 4
[3441.316s][debug][gc,phases      ] GC(146)     Total                          Min: 0, Avg: 2352.0, Max: 3264, Diff: 3264, Sum: 9408, Workers: 4
[3441.316s][debug][gc,phases      ] GC(146)   JNI Weak                       Min:  0.0, Avg:  0.0, Max:  0.0, Diff:  0.0, Sum:  0.0, Workers: 4
[3441.316s][debug][gc,phases      ] GC(146)     Dead                           Min: 0, Avg:  0.0, Max: 0, Diff: 0, Sum: 0, Workers: 4
[3441.316s][debug][gc,phases      ] GC(146)     Total                          Min: 0, Avg: 11.2, Max: 45, Diff: 45, Sum: 45, Workers: 4
[3441.316s][debug][gc,phases      ] GC(146)   StringDedup Table Weak         Min:  0.0, Avg:  0.0, Max:  0.0, Diff:  0.0, Sum:  0.0, Workers: 4
[3441.316s][debug][gc,phases      ] GC(146)     Dead                           Min: 0, Avg:  0.0, Max: 0, Diff: 0, Sum: 0, Workers: 4
[3441.316s][debug][gc,phases      ] GC(146)     Total                          Min: 0, Avg:  0.0, Max: 0, Diff: 0, Sum: 0, Workers: 4
[3441.316s][debug][gc,phases      ] GC(146)   StringDedup Requests0 Weak     Min:  0.0, Avg:  0.0, Max:  0.0, Diff:  0.0, Sum:  0.0, Workers: 4
[3441.316s][debug][gc,phases      ] GC(146)     Dead                           Min: 0, Avg:  0.0, Max: 0, Diff: 0, Sum: 0, Workers: 4
[3441.316s][debug][gc,phases      ] GC(146)     Total                          Min: 0, Avg:  0.0, Max: 0, Diff: 0, Sum: 0, Workers: 4
[3441.316s][debug][gc,phases      ] GC(146)   StringDedup Requests1 Weak     Min:  0.0, Avg:  0.0, Max:  0.0, Diff:  0.0, Sum:  0.0, Workers: 4
[3441.316s][debug][gc,phases      ] GC(146)     Dead                           Min: 0, Avg:  0.0, Max: 0, Diff: 0, Sum: 0, Workers: 4
[3441.316s][debug][gc,phases      ] GC(146)     Total                          Min: 0, Avg:  0.0, Max: 0, Diff: 0, Sum: 0, Workers: 4
[3441.316s][debug][gc,phases      ] GC(146)   Weak JFR Old Object Samples    Min:  0.0, Avg:  0.0, Max:  0.0, Diff:  0.0, Sum:  0.0, Workers: 4
[3441.316s][debug][gc,phases      ] GC(146)     Dead                           Min: 0, Avg:  0.0, Max: 0, Diff: 0, Sum: 0, Workers: 4
[3441.316s][debug][gc,phases      ] GC(146)     Total                          Min: 0, Avg:  0.0, Max: 0, Diff: 0, Sum: 0, Workers: 4
[3441.316s][debug][gc,phases      ] GC(146) Weak Processing 0.308ms
[3441.316s][debug][gc,age         ] GC(146) Desired survivor size 524288 bytes, new threshold 15 (max threshold 15)
[3441.316s][info ][gc,heap        ] GC(146) PSYoungGen: 2096256K(2096640K)->128K(2096640K) Eden: 2096128K(2096128K)->0K(2096128K) From: 128K(512K)->128K(512K)
[3441.316s][info ][gc,heap        ] GC(146) ParOldGen: 344164K(386560K)->344172K(386560K)
[3441.316s][info ][gc,metaspace   ] GC(146) Metaspace: 81696K(82688K)->81696K(82688K) NonClass: 69984K(70528K)->69984K(70528K) Class: 11712K(12160K)->11712K(12160K)
[3441.316s][info ][gc             ] GC(146) Pause Young (Allocation Failure) 2383M->336M(2425M) 3.100ms
[3441.316s][info ][gc,cpu         ] GC(146) User=0.01s Sys=0.00s Real=0.00s
[3441.316s][info ][safepoint      ] Safepoint "ParallelGCFailedAllocation", Time since last: 33946629468 ns, Reaching safepoint: 23000 ns, At safepoint: 3185325 ns, Total: 3208325 ns
[3448.317s][info ][safepoint      ] Safepoint "Cleanup", Time since last: 7000461992 ns, Reaching safepoint: 38800 ns, At safepoint: 2900 ns, Total: 41700 ns
[3453.317s][info ][safepoint      ] Safepoint "Cleanup", Time since last: 5000365572 ns, Reaching safepoint: 35100 ns, At safepoint: 2000 ns, Total: 37100 ns
[3475.214s][info ][gc,start       ] GC(147) Pause Young (Allocation Failure)
[3475.215s][debug][gc,phases      ] GC(147) Scavenge 1.482ms
[3475.215s][debug][gc,ref         ] GC(147) Skipped phase 1 of Reference Processing: no references
[3475.215s][debug][gc,ref         ] GC(147) Skipped phase 2 of Reference Processing: no references
[3475.215s][debug][gc,ref         ] GC(147) Skipped phase 3 of Reference Processing: no references
[3475.215s][debug][gc,ref         ] GC(147) Skipped phase 4 of Reference Processing: no references
[3475.215s][debug][gc,phases      ] GC(147) Reference Processing 0.033ms
[3475.215s][debug][gc,phases      ] GC(147)   VM Weak                        Min:  0.0, Avg:  0.0, Max:  0.0, Diff:  0.0, Sum:  0.0, Workers: 4
[3475.215s][debug][gc,phases      ] GC(147)     Dead                           Min: 0, Avg:  0.0, Max: 0, Diff: 0, Sum: 0, Workers: 4
[3475.215s][debug][gc,phases      ] GC(147)     Total                          Min: 0, Avg: 205.2, Max: 768, Diff: 768, Sum: 821, Workers: 4
[3475.215s][debug][gc,phases      ] GC(147)   ObjectSynchronizer Weak        Min:  0.0, Avg:  0.0, Max:  0.0, Diff:  0.0, Sum:  0.0, Workers: 4
[3475.215s][debug][gc,phases      ] GC(147)     Dead                           Min: 0, Avg:  0.0, Max: 0, Diff: 0, Sum: 0, Workers: 4
[3475.215s][debug][gc,phases      ] GC(147)     Total                          Min: 0, Avg:  8.8, Max: 35, Diff: 35, Sum: 35, Workers: 4
[3475.215s][debug][gc,phases      ] GC(147)   JVMTI Tag Weak OopStorage      Min:  0.0, Avg:  0.0, Max:  0.0, Diff:  0.0, Sum:  0.0, Workers: 4
[3475.215s][debug][gc,phases      ] GC(147)     Dead                           Min: 0, Avg:  0.0, Max: 0, Diff: 0, Sum: 0, Workers: 4
[3475.215s][debug][gc,phases      ] GC(147)     Total                          Min: 0, Avg:  0.0, Max: 0, Diff: 0, Sum: 0, Workers: 4
[3475.215s][debug][gc,phases      ] GC(147)   StringTable Weak               Min:  0.0, Avg:  0.1, Max:  0.1, Diff:  0.1, Sum:  0.4, Workers: 4
[3475.215s][debug][gc,phases      ] GC(147)     Dead                           Min: 0, Avg:  0.0, Max: 0, Diff: 0, Sum: 0, Workers: 4
[3475.215s][debug][gc,phases      ] GC(147)     Total                          Min: 0, Avg: 10927.8, Max: 16255, Diff: 16255, Sum: 43711, Workers: 4
[3475.215s][debug][gc,phases      ] GC(147)   ResolvedMethodTable Weak       Min:  0.0, Avg:  0.0, Max:  0.0, Diff:  0.0, Sum:  0.1, Workers: 4
[3475.215s][debug][gc,phases      ] GC(147)     Dead                           Min: 0, Avg:  0.0, Max: 0, Diff: 0, Sum: 0, Workers: 4
[3475.216s][debug][gc,phases      ] GC(147)     Total                          Min: 0, Avg: 2352.0, Max: 4032, Diff: 4032, Sum: 9408, Workers: 4
[3475.216s][debug][gc,phases      ] GC(147)   JNI Weak                       Min:  0.0, Avg:  0.0, Max:  0.0, Diff:  0.0, Sum:  0.0, Workers: 4
[3475.216s][debug][gc,phases      ] GC(147)     Dead                           Min: 0, Avg:  0.0, Max: 0, Diff: 0, Sum: 0, Workers: 4
[3475.216s][debug][gc,phases      ] GC(147)     Total                          Min: 0, Avg: 11.2, Max: 45, Diff: 45, Sum: 45, Workers: 4
[3475.216s][debug][gc,phases      ] GC(147)   StringDedup Table Weak         Min:  0.0, Avg:  0.0, Max:  0.0, Diff:  0.0, Sum:  0.0, Workers: 4
[3475.216s][debug][gc,phases      ] GC(147)     Dead                           Min: 0, Avg:  0.0, Max: 0, Diff: 0, Sum: 0, Workers: 4
[3475.216s][debug][gc,phases      ] GC(147)     Total                          Min: 0, Avg:  0.0, Max: 0, Diff: 0, Sum: 0, Workers: 4
[3475.216s][debug][gc,phases      ] GC(147)   StringDedup Requests0 Weak     Min:  0.0, Avg:  0.0, Max:  0.0, Diff:  0.0, Sum:  0.0, Workers: 4
[3475.216s][debug][gc,phases      ] GC(147)     Dead                           Min: 0, Avg:  0.0, Max: 0, Diff: 0, Sum: 0, Workers: 4
[3475.216s][debug][gc,phases      ] GC(147)     Total                          Min: 0, Avg:  0.0, Max: 0, Diff: 0, Sum: 0, Workers: 4
[3475.216s][debug][gc,phases      ] GC(147)   StringDedup Requests1 Weak     Min:  0.0, Avg:  0.0, Max:  0.0, Diff:  0.0, Sum:  0.0, Workers: 4
[3475.216s][debug][gc,phases      ] GC(147)     Dead                           Min: 0, Avg:  0.0, Max: 0, Diff: 0, Sum: 0, Workers: 4
[3475.216s][debug][gc,phases      ] GC(147)     Total                          Min: 0, Avg:  0.0, Max: 0, Diff: 0, Sum: 0, Workers: 4
[3475.216s][debug][gc,phases      ] GC(147)   Weak JFR Old Object Samples    Min:  0.0, Avg:  0.0, Max:  0.0, Diff:  0.0, Sum:  0.0, Workers: 4
[3475.216s][debug][gc,phases      ] GC(147)     Dead                           Min: 0, Avg:  0.0, Max: 0, Diff: 0, Sum: 0, Workers: 4
[3475.216s][debug][gc,phases      ] GC(147)     Total                          Min: 0, Avg:  0.0, Max: 0, Diff: 0, Sum: 0, Workers: 4
[3475.216s][debug][gc,phases      ] GC(147) Weak Processing 0.337ms
[3475.216s][debug][gc,age         ] GC(147) Desired survivor size 524288 bytes, new threshold 15 (max threshold 15)
[3475.216s][info ][gc,heap        ] GC(147) PSYoungGen: 2096256K(2096640K)->128K(2096640K) Eden: 2096128K(2096128K)->0K(2096128K) From: 128K(512K)->128K(512K)
[3475.216s][info ][gc,heap        ] GC(147) ParOldGen: 344172K(386560K)->344180K(386560K)
[3475.216s][info ][gc,metaspace   ] GC(147) Metaspace: 81696K(82688K)->81696K(82688K) NonClass: 69984K(70528K)->69984K(70528K) Class: 11712K(12160K)->11712K(12160K)
[3475.216s][info ][gc             ] GC(147) Pause Young (Allocation Failure) 2383M->336M(2425M) 1.936ms
[3475.216s][info ][gc,cpu         ] GC(147) User=0.01s Sys=0.00s Real=0.00s
[3475.216s][info ][safepoint      ] Safepoint "ParallelGCFailedAllocation", Time since last: 21896198726 ns, Reaching safepoint: 36000 ns, At safepoint: 2025916 ns, Total: 2061916 ns
[3481.216s][info ][safepoint      ] Safepoint "Cleanup", Time since last: 6000450649 ns, Reaching safepoint: 43601 ns, At safepoint: 2400 ns, Total: 46001 ns
[3506.218s][info ][safepoint      ] Safepoint "Cleanup", Time since last: 25001565752 ns, Reaching safepoint: 39900 ns, At safepoint: 3100 ns, Total: 43000 ns
[3509.163s][info ][gc,start       ] GC(148) Pause Young (Allocation Failure)
[3509.164s][debug][gc,phases      ] GC(148) Scavenge 1.498ms
[3509.164s][debug][gc,ref         ] GC(148) Skipped phase 1 of Reference Processing: no references
[3509.164s][debug][gc,ref         ] GC(148) Skipped phase 2 of Reference Processing: no references
[3509.164s][debug][gc,ref         ] GC(148) Skipped phase 3 of Reference Processing: no references
[3509.164s][debug][gc,ref         ] GC(148) Skipped phase 4 of Reference Processing: no references
[3509.164s][debug][gc,phases      ] GC(148) Reference Processing 0.020ms
[3509.165s][debug][gc,phases      ] GC(148)   VM Weak                        Min:  0.0, Avg:  0.0, Max:  0.0, Diff:  0.0, Sum:  0.0, Workers: 4
[3509.165s][debug][gc,phases      ] GC(148)     Dead                           Min: 0, Avg:  0.0, Max: 0, Diff: 0, Sum: 0, Workers: 4
[3509.165s][debug][gc,phases      ] GC(148)     Total                          Min: 0, Avg: 205.2, Max: 640, Diff: 640, Sum: 821, Workers: 4
[3509.165s][debug][gc,phases      ] GC(148)   ObjectSynchronizer Weak        Min:  0.0, Avg:  0.0, Max:  0.0, Diff:  0.0, Sum:  0.0, Workers: 4
[3509.165s][debug][gc,phases      ] GC(148)     Dead                           Min: 0, Avg:  0.0, Max: 0, Diff: 0, Sum: 0, Workers: 4
[3509.165s][debug][gc,phases      ] GC(148)     Total                          Min: 0, Avg:  8.8, Max: 35, Diff: 35, Sum: 35, Workers: 4
[3509.165s][debug][gc,phases      ] GC(148)   JVMTI Tag Weak OopStorage      Min:  0.0, Avg:  0.0, Max:  0.0, Diff:  0.0, Sum:  0.0, Workers: 4
[3509.165s][debug][gc,phases      ] GC(148)     Dead                           Min: 0, Avg:  0.0, Max: 0, Diff: 0, Sum: 0, Workers: 4
[3509.165s][debug][gc,phases      ] GC(148)     Total                          Min: 0, Avg:  0.0, Max: 0, Diff: 0, Sum: 0, Workers: 4
[3509.165s][debug][gc,phases      ] GC(148)   StringTable Weak               Min:  0.1, Avg:  0.1, Max:  0.1, Diff:  0.0, Sum:  0.4, Workers: 4
[3509.165s][debug][gc,phases      ] GC(148)     Dead                           Min: 0, Avg:  0.0, Max: 0, Diff: 0, Sum: 0, Workers: 4
[3509.165s][debug][gc,phases      ] GC(148)     Total                          Min: 10175, Avg: 10927.8, Max: 11328, Diff: 1153, Sum: 43711, Workers: 4
[3509.165s][debug][gc,phases      ] GC(148)   ResolvedMethodTable Weak       Min:  0.0, Avg:  0.0, Max:  0.0, Diff:  0.0, Sum:  0.1, Workers: 4
[3509.165s][debug][gc,phases      ] GC(148)     Dead                           Min: 0, Avg:  0.0, Max: 0, Diff: 0, Sum: 0, Workers: 4
[3509.165s][debug][gc,phases      ] GC(148)     Total                          Min: 2304, Avg: 2352.0, Max: 2432, Diff: 128, Sum: 9408, Workers: 4
[3509.165s][debug][gc,phases      ] GC(148)   JNI Weak                       Min:  0.0, Avg:  0.0, Max:  0.0, Diff:  0.0, Sum:  0.0, Workers: 4
[3509.165s][debug][gc,phases      ] GC(148)     Dead                           Min: 0, Avg:  0.0, Max: 0, Diff: 0, Sum: 0, Workers: 4
[3509.165s][debug][gc,phases      ] GC(148)     Total                          Min: 0, Avg: 11.2, Max: 45, Diff: 45, Sum: 45, Workers: 4
[3509.165s][debug][gc,phases      ] GC(148)   StringDedup Table Weak         Min:  0.0, Avg:  0.0, Max:  0.0, Diff:  0.0, Sum:  0.0, Workers: 4
[3509.165s][debug][gc,phases      ] GC(148)     Dead                           Min: 0, Avg:  0.0, Max: 0, Diff: 0, Sum: 0, Workers: 4
[3509.165s][debug][gc,phases      ] GC(148)     Total                          Min: 0, Avg:  0.0, Max: 0, Diff: 0, Sum: 0, Workers: 4
[3509.165s][debug][gc,phases      ] GC(148)   StringDedup Requests0 Weak     Min:  0.0, Avg:  0.0, Max:  0.0, Diff:  0.0, Sum:  0.0, Workers: 4
[3509.165s][debug][gc,phases      ] GC(148)     Dead                           Min: 0, Avg:  0.0, Max: 0, Diff: 0, Sum: 0, Workers: 4
[3509.165s][debug][gc,phases      ] GC(148)     Total                          Min: 0, Avg:  0.0, Max: 0, Diff: 0, Sum: 0, Workers: 4
[3509.165s][debug][gc,phases      ] GC(148)   StringDedup Requests1 Weak     Min:  0.0, Avg:  0.0, Max:  0.0, Diff:  0.0, Sum:  0.0, Workers: 4
[3509.165s][debug][gc,phases      ] GC(148)     Dead                           Min: 0, Avg:  0.0, Max: 0, Diff: 0, Sum: 0, Workers: 4
[3509.165s][debug][gc,phases      ] GC(148)     Total                          Min: 0, Avg:  0.0, Max: 0, Diff: 0, Sum: 0, Workers: 4
[3509.165s][debug][gc,phases      ] GC(148)   Weak JFR Old Object Samples    Min:  0.0, Avg:  0.0, Max:  0.0, Diff:  0.0, Sum:  0.0, Workers: 4
[3509.165s][debug][gc,phases      ] GC(148)     Dead                           Min: 0, Avg:  0.0, Max: 0, Diff: 0, Sum: 0, Workers: 4
[3509.165s][debug][gc,phases      ] GC(148)     Total                          Min: 0, Avg:  0.0, Max: 0, Diff: 0, Sum: 0, Workers: 4
[3509.165s][debug][gc,phases      ] GC(148) Weak Processing 0.298ms
[3509.165s][debug][gc,age         ] GC(148) Desired survivor size 524288 bytes, new threshold 15 (max threshold 15)
[3509.165s][info ][gc,heap        ] GC(148) PSYoungGen: 2096256K(2096640K)->128K(2096640K) Eden: 2096128K(2096128K)->0K(2096128K) From: 128K(512K)->128K(512K)
[3509.165s][info ][gc,heap        ] GC(148) ParOldGen: 344180K(386560K)->344188K(386560K)
[3509.165s][info ][gc,metaspace   ] GC(148) Metaspace: 81704K(82688K)->81704K(82688K) NonClass: 69992K(70528K)->69992K(70528K) Class: 11712K(12160K)->11712K(12160K)
[3509.165s][info ][gc             ] GC(148) Pause Young (Allocation Failure) 2383M->336M(2425M) 1.919ms
[3509.165s][info ][gc,cpu         ] GC(148) User=0.00s Sys=0.00s Real=0.00s
[3509.165s][info ][safepoint      ] Safepoint "ParallelGCFailedAllocation", Time since last: 2944997654 ns, Reaching safepoint: 22600 ns, At safepoint: 1980515 ns, Total: 2003115 ns
[3531.166s][info ][safepoint      ] Safepoint "Cleanup", Time since last: 22001408767 ns, Reaching safepoint: 108400 ns, At safepoint: 6400 ns, Total: 114800 ns
[3543.064s][info ][gc,start       ] GC(149) Pause Young (Allocation Failure)
[3543.067s][debug][gc,phases      ] GC(149) Scavenge 2.555ms
[3543.067s][debug][gc,ref         ] GC(149) Skipped phase 1 of Reference Processing: no references
[3543.067s][debug][gc,ref         ] GC(149) Skipped phase 2 of Reference Processing: no references
[3543.067s][debug][gc,ref         ] GC(149) Skipped phase 3 of Reference Processing: no references
[3543.067s][debug][gc,ref         ] GC(149) ReferenceProcessor::execute queues: 1, RefProcThreadModel::Single, marks_oops_alive: false
[3543.067s][debug][gc,phases      ] GC(149) Reference Processing 0.096ms
[3543.067s][debug][gc,phases      ] GC(149)   VM Weak                        Min:  0.0, Avg:  0.0, Max:  0.0, Diff:  0.0, Sum:  0.0, Workers: 4
[3543.067s][debug][gc,phases      ] GC(149)     Dead                           Min: 0, Avg:  0.0, Max: 0, Diff: 0, Sum: 0, Workers: 4
[3543.067s][debug][gc,phases      ] GC(149)     Total                          Min: 0, Avg: 205.2, Max: 693, Diff: 693, Sum: 821, Workers: 4
[3543.067s][debug][gc,phases      ] GC(149)   ObjectSynchronizer Weak        Min:  0.0, Avg:  0.0, Max:  0.0, Diff:  0.0, Sum:  0.0, Workers: 4
[3543.067s][debug][gc,phases      ] GC(149)     Dead                           Min: 0, Avg:  0.0, Max: 0, Diff: 0, Sum: 0, Workers: 4
[3543.067s][debug][gc,phases      ] GC(149)     Total                          Min: 0, Avg:  8.8, Max: 35, Diff: 35, Sum: 35, Workers: 4
[3543.067s][debug][gc,phases      ] GC(149)   JVMTI Tag Weak OopStorage      Min:  0.0, Avg:  0.0, Max:  0.0, Diff:  0.0, Sum:  0.0, Workers: 4
[3543.067s][debug][gc,phases      ] GC(149)     Dead                           Min: 0, Avg:  0.0, Max: 0, Diff: 0, Sum: 0, Workers: 4
[3543.067s][debug][gc,phases      ] GC(149)     Total                          Min: 0, Avg:  0.0, Max: 0, Diff: 0, Sum: 0, Workers: 4
[3543.067s][debug][gc,phases      ] GC(149)   StringTable Weak               Min:  0.0, Avg:  0.1, Max:  0.1, Diff:  0.1, Sum:  0.3, Workers: 4
[3543.067s][debug][gc,phases      ] GC(149)     Dead                           Min: 0, Avg:  0.0, Max: 0, Diff: 0, Sum: 0, Workers: 4
[3543.067s][debug][gc,phases      ] GC(149)     Total                          Min: 0, Avg: 10927.8, Max: 18432, Diff: 18432, Sum: 43711, Workers: 4
[3543.067s][debug][gc,phases      ] GC(149)   ResolvedMethodTable Weak       Min:  0.0, Avg:  0.0, Max:  0.0, Diff:  0.0, Sum:  0.1, Workers: 4
[3543.067s][debug][gc,phases      ] GC(149)     Dead                           Min: 0, Avg:  0.0, Max: 0, Diff: 0, Sum: 0, Workers: 4
[3543.067s][debug][gc,phases      ] GC(149)     Total                          Min: 0, Avg: 2352.0, Max: 4160, Diff: 4160, Sum: 9408, Workers: 4
[3543.067s][debug][gc,phases      ] GC(149)   JNI Weak                       Min:  0.0, Avg:  0.0, Max:  0.0, Diff:  0.0, Sum:  0.0, Workers: 4
[3543.067s][debug][gc,phases      ] GC(149)     Dead                           Min: 0, Avg:  0.0, Max: 0, Diff: 0, Sum: 0, Workers: 4
[3543.067s][debug][gc,phases      ] GC(149)     Total                          Min: 0, Avg: 11.2, Max: 45, Diff: 45, Sum: 45, Workers: 4
[3543.067s][debug][gc,phases      ] GC(149)   StringDedup Table Weak         Min:  0.0, Avg:  0.0, Max:  0.0, Diff:  0.0, Sum:  0.0, Workers: 4
[3543.067s][debug][gc,phases      ] GC(149)     Dead                           Min: 0, Avg:  0.0, Max: 0, Diff: 0, Sum: 0, Workers: 4
[3543.067s][debug][gc,phases      ] GC(149)     Total                          Min: 0, Avg:  0.0, Max: 0, Diff: 0, Sum: 0, Workers: 4
[3543.067s][debug][gc,phases      ] GC(149)   StringDedup Requests0 Weak     Min:  0.0, Avg:  0.0, Max:  0.0, Diff:  0.0, Sum:  0.0, Workers: 4
[3543.067s][debug][gc,phases      ] GC(149)     Dead                           Min: 0, Avg:  0.0, Max: 0, Diff: 0, Sum: 0, Workers: 4
[3543.067s][debug][gc,phases      ] GC(149)     Total                          Min: 0, Avg:  0.0, Max: 0, Diff: 0, Sum: 0, Workers: 4
[3543.067s][debug][gc,phases      ] GC(149)   StringDedup Requests1 Weak     Min:  0.0, Avg:  0.0, Max:  0.0, Diff:  0.0, Sum:  0.0, Workers: 4
[3543.067s][debug][gc,phases      ] GC(149)     Dead                           Min: 0, Avg:  0.0, Max: 0, Diff: 0, Sum: 0, Workers: 4
[3543.067s][debug][gc,phases      ] GC(149)     Total                          Min: 0, Avg:  0.0, Max: 0, Diff: 0, Sum: 0, Workers: 4
[3543.067s][debug][gc,phases      ] GC(149)   Weak JFR Old Object Samples    Min:  0.0, Avg:  0.0, Max:  0.0, Diff:  0.0, Sum:  0.0, Workers: 4
[3543.067s][debug][gc,phases      ] GC(149)     Dead                           Min: 0, Avg:  0.0, Max: 0, Diff: 0, Sum: 0, Workers: 4
[3543.067s][debug][gc,phases      ] GC(149)     Total                          Min: 0, Avg:  0.0, Max: 0, Diff: 0, Sum: 0, Workers: 4
[3543.067s][debug][gc,phases      ] GC(149) Weak Processing 0.308ms
[3543.067s][debug][gc,age         ] GC(149) Desired survivor size 524288 bytes, new threshold 15 (max threshold 15)
[3543.067s][info ][gc,heap        ] GC(149) PSYoungGen: 2096256K(2096640K)->128K(2096640K) Eden: 2096128K(2096128K)->0K(2096128K) From: 128K(512K)->128K(512K)
[3543.067s][info ][gc,heap        ] GC(149) ParOldGen: 344188K(386560K)->344196K(386560K)
[3543.067s][info ][gc,metaspace   ] GC(149) Metaspace: 81704K(82688K)->81704K(82688K) NonClass: 69992K(70528K)->69992K(70528K) Class: 11712K(12160K)->11712K(12160K)
[3543.067s][info ][gc             ] GC(149) Pause Young (Allocation Failure) 2383M->336M(2425M) 3.043ms
[3543.067s][info ][gc,cpu         ] GC(149) User=0.01s Sys=0.00s Real=0.00s
[3543.067s][info ][safepoint      ] Safepoint "ParallelGCFailedAllocation", Time since last: 11897778505 ns, Reaching safepoint: 34901 ns, At safepoint: 3118224 ns, Total: 3153125 ns
[3570.069s][info ][safepoint      ] Safepoint "Cleanup", Time since last: 27001656112 ns, Reaching safepoint: 40301 ns, At safepoint: 3200 ns, Total: 43501 ns
[3577.012s][info ][gc,start       ] GC(150) Pause Young (Allocation Failure)
[3577.013s][debug][gc,phases      ] GC(150) Scavenge 1.565ms
[3577.013s][debug][gc,ref         ] GC(150) Skipped phase 1 of Reference Processing: no references
[3577.013s][debug][gc,ref         ] GC(150) Skipped phase 2 of Reference Processing: no references
[3577.013s][debug][gc,ref         ] GC(150) Skipped phase 3 of Reference Processing: no references
[3577.013s][debug][gc,ref         ] GC(150) ReferenceProcessor::execute queues: 1, RefProcThreadModel::Single, marks_oops_alive: false
[3577.013s][debug][gc,phases      ] GC(150) Reference Processing 0.088ms
[3577.014s][debug][gc,phases      ] GC(150)   VM Weak                        Min:  0.0, Avg:  0.0, Max:  0.0, Diff:  0.0, Sum:  0.0, Workers: 4
[3577.014s][debug][gc,phases      ] GC(150)     Dead                           Min: 0, Avg:  0.0, Max: 0, Diff: 0, Sum: 0, Workers: 4
[3577.014s][debug][gc,phases      ] GC(150)     Total                          Min: 0, Avg: 205.2, Max: 576, Diff: 576, Sum: 821, Workers: 4
[3577.014s][debug][gc,phases      ] GC(150)   ObjectSynchronizer Weak        Min:  0.0, Avg:  0.0, Max:  0.0, Diff:  0.0, Sum:  0.0, Workers: 4
[3577.014s][debug][gc,phases      ] GC(150)     Dead                           Min: 0, Avg:  0.0, Max: 0, Diff: 0, Sum: 0, Workers: 4
[3577.014s][debug][gc,phases      ] GC(150)     Total                          Min: 0, Avg:  8.8, Max: 35, Diff: 35, Sum: 35, Workers: 4
[3577.014s][debug][gc,phases      ] GC(150)   JVMTI Tag Weak OopStorage      Min:  0.0, Avg:  0.0, Max:  0.0, Diff:  0.0, Sum:  0.0, Workers: 4
[3577.014s][debug][gc,phases      ] GC(150)     Dead                           Min: 0, Avg:  0.0, Max: 0, Diff: 0, Sum: 0, Workers: 4
[3577.014s][debug][gc,phases      ] GC(150)     Total                          Min: 0, Avg:  0.0, Max: 0, Diff: 0, Sum: 0, Workers: 4
[3577.014s][debug][gc,phases      ] GC(150)   StringTable Weak               Min:  0.0, Avg:  0.1, Max:  0.1, Diff:  0.1, Sum:  0.3, Workers: 4
[3577.014s][debug][gc,phases      ] GC(150)     Dead                           Min: 0, Avg:  0.0, Max: 0, Diff: 0, Sum: 0, Workers: 4
[3577.014s][debug][gc,phases      ] GC(150)     Total                          Min: 0, Avg: 10927.8, Max: 16832, Diff: 16832, Sum: 43711, Workers: 4
[3577.014s][debug][gc,phases      ] GC(150)   ResolvedMethodTable Weak       Min:  0.0, Avg:  0.0, Max:  0.0, Diff:  0.0, Sum:  0.1, Workers: 4
[3577.014s][debug][gc,phases      ] GC(150)     Dead                           Min: 0, Avg:  0.0, Max: 0, Diff: 0, Sum: 0, Workers: 4
[3577.014s][debug][gc,phases      ] GC(150)     Total                          Min: 0, Avg: 2352.0, Max: 3840, Diff: 3840, Sum: 9408, Workers: 4
[3577.014s][debug][gc,phases      ] GC(150)   JNI Weak                       Min:  0.0, Avg:  0.0, Max:  0.0, Diff:  0.0, Sum:  0.0, Workers: 4
[3577.014s][debug][gc,phases      ] GC(150)     Dead                           Min: 0, Avg:  0.0, Max: 0, Diff: 0, Sum: 0, Workers: 4
[3577.014s][debug][gc,phases      ] GC(150)     Total                          Min: 0, Avg: 11.2, Max: 45, Diff: 45, Sum: 45, Workers: 4
[3577.014s][debug][gc,phases      ] GC(150)   StringDedup Table Weak         Min:  0.0, Avg:  0.0, Max:  0.0, Diff:  0.0, Sum:  0.0, Workers: 4
[3577.014s][debug][gc,phases      ] GC(150)     Dead                           Min: 0, Avg:  0.0, Max: 0, Diff: 0, Sum: 0, Workers: 4
[3577.014s][debug][gc,phases      ] GC(150)     Total                          Min: 0, Avg:  0.0, Max: 0, Diff: 0, Sum: 0, Workers: 4
[3577.014s][debug][gc,phases      ] GC(150)   StringDedup Requests0 Weak     Min:  0.0, Avg:  0.0, Max:  0.0, Diff:  0.0, Sum:  0.0, Workers: 4
[3577.014s][debug][gc,phases      ] GC(150)     Dead                           Min: 0, Avg:  0.0, Max: 0, Diff: 0, Sum: 0, Workers: 4
[3577.014s][debug][gc,phases      ] GC(150)     Total                          Min: 0, Avg:  0.0, Max: 0, Diff: 0, Sum: 0, Workers: 4
[3577.014s][debug][gc,phases      ] GC(150)   StringDedup Requests1 Weak     Min:  0.0, Avg:  0.0, Max:  0.0, Diff:  0.0, Sum:  0.0, Workers: 4
[3577.014s][debug][gc,phases      ] GC(150)     Dead                           Min: 0, Avg:  0.0, Max: 0, Diff: 0, Sum: 0, Workers: 4
[3577.014s][debug][gc,phases      ] GC(150)     Total                          Min: 0, Avg:  0.0, Max: 0, Diff: 0, Sum: 0, Workers: 4
[3577.014s][debug][gc,phases      ] GC(150)   Weak JFR Old Object Samples    Min:  0.0, Avg:  0.0, Max:  0.0, Diff:  0.0, Sum:  0.0, Workers: 4
[3577.014s][debug][gc,phases      ] GC(150)     Dead                           Min: 0, Avg:  0.0, Max: 0, Diff: 0, Sum: 0, Workers: 4
[3577.014s][debug][gc,phases      ] GC(150)     Total                          Min: 0, Avg:  0.0, Max: 0, Diff: 0, Sum: 0, Workers: 4
[3577.014s][debug][gc,phases      ] GC(150) Weak Processing 0.300ms
[3577.014s][debug][gc,age         ] GC(150) Desired survivor size 524288 bytes, new threshold 15 (max threshold 15)
[3577.014s][info ][gc,heap        ] GC(150) PSYoungGen: 2096256K(2096640K)->160K(2096640K) Eden: 2096128K(2096128K)->0K(2096128K) From: 128K(512K)->160K(512K)
[3577.014s][info ][gc,heap        ] GC(150) ParOldGen: 344196K(386560K)->344212K(386560K)
[3577.014s][info ][gc,metaspace   ] GC(150) Metaspace: 81708K(82688K)->81708K(82688K) NonClass: 69995K(70528K)->69995K(70528K) Class: 11712K(12160K)->11712K(12160K)
[3577.014s][info ][gc             ] GC(150) Pause Young (Allocation Failure) 2383M->336M(2425M) 2.054ms
[3577.014s][info ][gc,cpu         ] GC(150) User=0.01s Sys=0.01s Real=0.00s
[3577.014s][info ][safepoint      ] Safepoint "ParallelGCFailedAllocation", Time since last: 6942726939 ns, Reaching safepoint: 25400 ns, At safepoint: 2115116 ns, Total: 2140516 ns
[3603.016s][info ][safepoint      ] Safepoint "Cleanup", Time since last: 26001745733 ns, Reaching safepoint: 118601 ns, At safepoint: 6100 ns, Total: 124701 ns
[3610.463s][info ][gc,start       ] GC(151) Pause Young (Allocation Failure)
[3610.465s][debug][gc,phases      ] GC(151) Scavenge 1.642ms
[3610.465s][debug][gc,ref         ] GC(151) Skipped phase 1 of Reference Processing: no references
[3610.465s][debug][gc,ref         ] GC(151) Skipped phase 2 of Reference Processing: no references
[3610.465s][debug][gc,ref         ] GC(151) Skipped phase 3 of Reference Processing: no references
[3610.465s][debug][gc,ref         ] GC(151) Skipped phase 4 of Reference Processing: no references
[3610.465s][debug][gc,phases      ] GC(151) Reference Processing 0.029ms
[3610.465s][debug][gc,phases      ] GC(151)   VM Weak                        Min:  0.0, Avg:  0.0, Max:  0.0, Diff:  0.0, Sum:  0.0, Workers: 4
[3610.465s][debug][gc,phases      ] GC(151)     Dead                           Min: 0, Avg:  0.0, Max: 0, Diff: 0, Sum: 0, Workers: 4
[3610.465s][debug][gc,phases      ] GC(151)     Total                          Min: 0, Avg: 205.2, Max: 448, Diff: 448, Sum: 821, Workers: 4
[3610.465s][debug][gc,phases      ] GC(151)   ObjectSynchronizer Weak        Min:  0.0, Avg:  0.0, Max:  0.0, Diff:  0.0, Sum:  0.0, Workers: 4
[3610.465s][debug][gc,phases      ] GC(151)     Dead                           Min: 0, Avg:  0.0, Max: 0, Diff: 0, Sum: 0, Workers: 4
[3610.465s][debug][gc,phases      ] GC(151)     Total                          Min: 0, Avg:  8.8, Max: 35, Diff: 35, Sum: 35, Workers: 4
[3610.465s][debug][gc,phases      ] GC(151)   JVMTI Tag Weak OopStorage      Min:  0.0, Avg:  0.0, Max:  0.0, Diff:  0.0, Sum:  0.0, Workers: 4
[3610.465s][debug][gc,phases      ] GC(151)     Dead                           Min: 0, Avg:  0.0, Max: 0, Diff: 0, Sum: 0, Workers: 4
[3610.465s][debug][gc,phases      ] GC(151)     Total                          Min: 0, Avg:  0.0, Max: 0, Diff: 0, Sum: 0, Workers: 4
[3610.465s][debug][gc,phases      ] GC(151)   StringTable Weak               Min:  0.0, Avg:  0.1, Max:  0.1, Diff:  0.1, Sum:  0.3, Workers: 4
[3610.465s][debug][gc,phases      ] GC(151)     Dead                           Min: 0, Avg:  0.0, Max: 0, Diff: 0, Sum: 0, Workers: 4
[3610.465s][debug][gc,phases      ] GC(151)     Total                          Min: 0, Avg: 10927.8, Max: 19071, Diff: 19071, Sum: 43711, Workers: 4
[3610.465s][debug][gc,phases      ] GC(151)   ResolvedMethodTable Weak       Min:  0.0, Avg:  0.0, Max:  0.0, Diff:  0.0, Sum:  0.1, Workers: 4
[3610.465s][debug][gc,phases      ] GC(151)     Dead                           Min: 0, Avg:  0.0, Max: 0, Diff: 0, Sum: 0, Workers: 4
[3610.465s][debug][gc,phases      ] GC(151)     Total                          Min: 0, Avg: 2352.0, Max: 4288, Diff: 4288, Sum: 9408, Workers: 4
[3610.465s][debug][gc,phases      ] GC(151)   JNI Weak                       Min:  0.0, Avg:  0.0, Max:  0.0, Diff:  0.0, Sum:  0.0, Workers: 4
[3610.465s][debug][gc,phases      ] GC(151)     Dead                           Min: 0, Avg:  0.0, Max: 0, Diff: 0, Sum: 0, Workers: 4
[3610.465s][debug][gc,phases      ] GC(151)     Total                          Min: 0, Avg: 11.2, Max: 45, Diff: 45, Sum: 45, Workers: 4
[3610.465s][debug][gc,phases      ] GC(151)   StringDedup Table Weak         Min:  0.0, Avg:  0.0, Max:  0.0, Diff:  0.0, Sum:  0.0, Workers: 4
[3610.465s][debug][gc,phases      ] GC(151)     Dead                           Min: 0, Avg:  0.0, Max: 0, Diff: 0, Sum: 0, Workers: 4
[3610.465s][debug][gc,phases      ] GC(151)     Total                          Min: 0, Avg:  0.0, Max: 0, Diff: 0, Sum: 0, Workers: 4
[3610.465s][debug][gc,phases      ] GC(151)   StringDedup Requests0 Weak     Min:  0.0, Avg:  0.0, Max:  0.0, Diff:  0.0, Sum:  0.0, Workers: 4
[3610.465s][debug][gc,phases      ] GC(151)     Dead                           Min: 0, Avg:  0.0, Max: 0, Diff: 0, Sum: 0, Workers: 4
[3610.465s][debug][gc,phases      ] GC(151)     Total                          Min: 0, Avg:  0.0, Max: 0, Diff: 0, Sum: 0, Workers: 4
[3610.465s][debug][gc,phases      ] GC(151)   StringDedup Requests1 Weak     Min:  0.0, Avg:  0.0, Max:  0.0, Diff:  0.0, Sum:  0.0, Workers: 4
[3610.465s][debug][gc,phases      ] GC(151)     Dead                           Min: 0, Avg:  0.0, Max: 0, Diff: 0, Sum: 0, Workers: 4
[3610.465s][debug][gc,phases      ] GC(151)     Total                          Min: 0, Avg:  0.0, Max: 0, Diff: 0, Sum: 0, Workers: 4
[3610.465s][debug][gc,phases      ] GC(151)   Weak JFR Old Object Samples    Min:  0.0, Avg:  0.0, Max:  0.0, Diff:  0.0, Sum:  0.0, Workers: 4
[3610.465s][debug][gc,phases      ] GC(151)     Dead                           Min: 0, Avg:  0.0, Max: 0, Diff: 0, Sum: 0, Workers: 4
[3610.465s][debug][gc,phases      ] GC(151)     Total                          Min: 0, Avg:  0.0, Max: 0, Diff: 0, Sum: 0, Workers: 4
[3610.465s][debug][gc,phases      ] GC(151) Weak Processing 0.300ms
[3610.465s][debug][gc,age         ] GC(151) Desired survivor size 524288 bytes, new threshold 15 (max threshold 15)
[3610.465s][info ][gc,heap        ] GC(151) PSYoungGen: 2096288K(2096640K)->128K(2096640K) Eden: 2096128K(2096128K)->0K(2096128K) From: 160K(512K)->128K(512K)
[3610.465s][info ][gc,heap        ] GC(151) ParOldGen: 344212K(386560K)->344228K(386560K)
[3610.465s][info ][gc,metaspace   ] GC(151) Metaspace: 81711K(82752K)->81711K(82752K) NonClass: 69999K(70592K)->69999K(70592K) Class: 11712K(12160K)->11712K(12160K)
[3610.465s][info ][gc             ] GC(151) Pause Young (Allocation Failure) 2383M->336M(2425M) 2.080ms
[3610.465s][info ][gc,cpu         ] GC(151) User=0.00s Sys=0.00s Real=0.00s
[3610.465s][info ][safepoint      ] Safepoint "ParallelGCFailedAllocation", Time since last: 7447570953 ns, Reaching safepoint: 113000 ns, At safepoint: 2142117 ns, Total: 2255117 ns
[3629.467s][info ][safepoint      ] Safepoint "Cleanup", Time since last: 19001280775 ns, Reaching safepoint: 44201 ns, At safepoint: 26600 ns, Total: 70801 ns
[3644.264s][info ][gc,start       ] GC(152) Pause Young (Allocation Failure)
[3644.267s][debug][gc,phases      ] GC(152) Scavenge 2.611ms
[3644.267s][debug][gc,ref         ] GC(152) Skipped phase 1 of Reference Processing: no references
[3644.267s][debug][gc,ref         ] GC(152) Skipped phase 2 of Reference Processing: no references
[3644.267s][debug][gc,ref         ] GC(152) Skipped phase 3 of Reference Processing: no references
[3644.267s][debug][gc,ref         ] GC(152) Skipped phase 4 of Reference Processing: no references
[3644.267s][debug][gc,phases      ] GC(152) Reference Processing 0.021ms
[3644.267s][debug][gc,phases      ] GC(152)   VM Weak                        Min:  0.0, Avg:  0.0, Max:  0.0, Diff:  0.0, Sum:  0.0, Workers: 4
[3644.267s][debug][gc,phases      ] GC(152)     Dead                           Min: 0, Avg:  0.0, Max: 0, Diff: 0, Sum: 0, Workers: 4
[3644.267s][debug][gc,phases      ] GC(152)     Total                          Min: 0, Avg: 205.2, Max: 565, Diff: 565, Sum: 821, Workers: 4
[3644.267s][debug][gc,phases      ] GC(152)   ObjectSynchronizer Weak        Min:  0.0, Avg:  0.0, Max:  0.0, Diff:  0.0, Sum:  0.0, Workers: 4
[3644.267s][debug][gc,phases      ] GC(152)     Dead                           Min: 0, Avg:  0.0, Max: 0, Diff: 0, Sum: 0, Workers: 4
[3644.267s][debug][gc,phases      ] GC(152)     Total                          Min: 0, Avg:  8.8, Max: 35, Diff: 35, Sum: 35, Workers: 4
[3644.267s][debug][gc,phases      ] GC(152)   JVMTI Tag Weak OopStorage      Min:  0.0, Avg:  0.0, Max:  0.0, Diff:  0.0, Sum:  0.0, Workers: 4
[3644.267s][debug][gc,phases      ] GC(152)     Dead                           Min: 0, Avg:  0.0, Max: 0, Diff: 0, Sum: 0, Workers: 4
[3644.267s][debug][gc,phases      ] GC(152)     Total                          Min: 0, Avg:  0.0, Max: 0, Diff: 0, Sum: 0, Workers: 4
[3644.267s][debug][gc,phases      ] GC(152)   StringTable Weak               Min:  0.0, Avg:  0.1, Max:  0.1, Diff:  0.1, Sum:  0.3, Workers: 4
[3644.267s][debug][gc,phases      ] GC(152)     Dead                           Min: 0, Avg:  0.0, Max: 0, Diff: 0, Sum: 0, Workers: 4
[3644.267s][debug][gc,phases      ] GC(152)     Total                          Min: 0, Avg: 10927.8, Max: 18943, Diff: 18943, Sum: 43711, Workers: 4
[3644.267s][debug][gc,phases      ] GC(152)   ResolvedMethodTable Weak       Min:  0.0, Avg:  0.0, Max:  0.0, Diff:  0.0, Sum:  0.1, Workers: 4
[3644.267s][debug][gc,phases      ] GC(152)     Dead                           Min: 0, Avg:  0.0, Max: 0, Diff: 0, Sum: 0, Workers: 4
[3644.267s][debug][gc,phases      ] GC(152)     Total                          Min: 0, Avg: 2352.0, Max: 4096, Diff: 4096, Sum: 9408, Workers: 4
[3644.267s][debug][gc,phases      ] GC(152)   JNI Weak                       Min:  0.0, Avg:  0.0, Max:  0.0, Diff:  0.0, Sum:  0.0, Workers: 4
[3644.267s][debug][gc,phases      ] GC(152)     Dead                           Min: 0, Avg:  0.0, Max: 0, Diff: 0, Sum: 0, Workers: 4
[3644.267s][debug][gc,phases      ] GC(152)     Total                          Min: 0, Avg: 11.2, Max: 45, Diff: 45, Sum: 45, Workers: 4
[3644.267s][debug][gc,phases      ] GC(152)   StringDedup Table Weak         Min:  0.0, Avg:  0.0, Max:  0.0, Diff:  0.0, Sum:  0.0, Workers: 4
[3644.267s][debug][gc,phases      ] GC(152)     Dead                           Min: 0, Avg:  0.0, Max: 0, Diff: 0, Sum: 0, Workers: 4
[3644.267s][debug][gc,phases      ] GC(152)     Total                          Min: 0, Avg:  0.0, Max: 0, Diff: 0, Sum: 0, Workers: 4
[3644.267s][debug][gc,phases      ] GC(152)   StringDedup Requests0 Weak     Min:  0.0, Avg:  0.0, Max:  0.0, Diff:  0.0, Sum:  0.0, Workers: 4
[3644.267s][debug][gc,phases      ] GC(152)     Dead                           Min: 0, Avg:  0.0, Max: 0, Diff: 0, Sum: 0, Workers: 4
[3644.267s][debug][gc,phases      ] GC(152)     Total                          Min: 0, Avg:  0.0, Max: 0, Diff: 0, Sum: 0, Workers: 4
[3644.267s][debug][gc,phases      ] GC(152)   StringDedup Requests1 Weak     Min:  0.0, Avg:  0.0, Max:  0.0, Diff:  0.0, Sum:  0.0, Workers: 4
[3644.267s][debug][gc,phases      ] GC(152)     Dead                           Min: 0, Avg:  0.0, Max: 0, Diff: 0, Sum: 0, Workers: 4
[3644.267s][debug][gc,phases      ] GC(152)     Total                          Min: 0, Avg:  0.0, Max: 0, Diff: 0, Sum: 0, Workers: 4
[3644.267s][debug][gc,phases      ] GC(152)   Weak JFR Old Object Samples    Min:  0.0, Avg:  0.0, Max:  0.0, Diff:  0.0, Sum:  0.0, Workers: 4
[3644.267s][debug][gc,phases      ] GC(152)     Dead                           Min: 0, Avg:  0.0, Max: 0, Diff: 0, Sum: 0, Workers: 4
[3644.267s][debug][gc,phases      ] GC(152)     Total                          Min: 0, Avg:  0.0, Max: 0, Diff: 0, Sum: 0, Workers: 4
[3644.267s][debug][gc,phases      ] GC(152) Weak Processing 0.311ms
[3644.267s][debug][gc,age         ] GC(152) Desired survivor size 524288 bytes, new threshold 15 (max threshold 15)
[3644.267s][info ][gc,heap        ] GC(152) PSYoungGen: 2096256K(2096640K)->128K(2096640K) Eden: 2096128K(2096128K)->0K(2096128K) From: 128K(512K)->128K(512K)
[3644.267s][info ][gc,heap        ] GC(152) ParOldGen: 344228K(386560K)->344236K(386560K)
[3644.267s][info ][gc,metaspace   ] GC(152) Metaspace: 81712K(82752K)->81712K(82752K) NonClass: 69999K(70592K)->69999K(70592K) Class: 11712K(12160K)->11712K(12160K)
[3644.267s][info ][gc             ] GC(152) Pause Young (Allocation Failure) 2383M->336M(2425M) 3.048ms
[3644.267s][info ][gc,cpu         ] GC(152) User=0.00s Sys=0.00s Real=0.00s
[3644.267s][info ][safepoint      ] Safepoint "ParallelGCFailedAllocation", Time since last: 14797412615 ns, Reaching safepoint: 37900 ns, At safepoint: 3107224 ns, Total: 3145124 ns
[3678.164s][info ][gc,start       ] GC(153) Pause Young (Allocation Failure)
[3678.166s][debug][gc,phases      ] GC(153) Scavenge 1.732ms
[3678.166s][debug][gc,ref         ] GC(153) Skipped phase 1 of Reference Processing: no references
[3678.166s][debug][gc,ref         ] GC(153) Skipped phase 2 of Reference Processing: no references
[3678.166s][debug][gc,ref         ] GC(153) Skipped phase 3 of Reference Processing: no references
[3678.166s][debug][gc,ref         ] GC(153) Skipped phase 4 of Reference Processing: no references
[3678.166s][debug][gc,phases      ] GC(153) Reference Processing 0.020ms
[3678.166s][debug][gc,phases      ] GC(153)   VM Weak                        Min:  0.0, Avg:  0.0, Max:  0.0, Diff:  0.0, Sum:  0.0, Workers: 4
[3678.166s][debug][gc,phases      ] GC(153)     Dead                           Min: 0, Avg:  0.0, Max: 0, Diff: 0, Sum: 0, Workers: 4
[3678.166s][debug][gc,phases      ] GC(153)     Total                          Min: 0, Avg: 205.2, Max: 501, Diff: 501, Sum: 821, Workers: 4
[3678.166s][debug][gc,phases      ] GC(153)   ObjectSynchronizer Weak        Min:  0.0, Avg:  0.0, Max:  0.0, Diff:  0.0, Sum:  0.0, Workers: 4
[3678.166s][debug][gc,phases      ] GC(153)     Dead                           Min: 0, Avg:  0.0, Max: 0, Diff: 0, Sum: 0, Workers: 4
[3678.166s][debug][gc,phases      ] GC(153)     Total                          Min: 0, Avg:  8.8, Max: 35, Diff: 35, Sum: 35, Workers: 4
[3678.166s][debug][gc,phases      ] GC(153)   JVMTI Tag Weak OopStorage      Min:  0.0, Avg:  0.0, Max:  0.0, Diff:  0.0, Sum:  0.0, Workers: 4
[3678.166s][debug][gc,phases      ] GC(153)     Dead                           Min: 0, Avg:  0.0, Max: 0, Diff: 0, Sum: 0, Workers: 4
[3678.166s][debug][gc,phases      ] GC(153)     Total                          Min: 0, Avg:  0.0, Max: 0, Diff: 0, Sum: 0, Workers: 4
[3678.166s][debug][gc,phases      ] GC(153)   StringTable Weak               Min:  0.1, Avg:  0.1, Max:  0.1, Diff:  0.0, Sum:  0.4, Workers: 4
[3678.166s][debug][gc,phases      ] GC(153)     Dead                           Min: 0, Avg:  0.0, Max: 0, Diff: 0, Sum: 0, Workers: 4
[3678.166s][debug][gc,phases      ] GC(153)     Total                          Min: 10688, Avg: 10927.8, Max: 11200, Diff: 512, Sum: 43711, Workers: 4
[3678.166s][debug][gc,phases      ] GC(153)   ResolvedMethodTable Weak       Min:  0.0, Avg:  0.0, Max:  0.0, Diff:  0.0, Sum:  0.1, Workers: 4
[3678.166s][debug][gc,phases      ] GC(153)     Dead                           Min: 0, Avg:  0.0, Max: 0, Diff: 0, Sum: 0, Workers: 4
[3678.166s][debug][gc,phases      ] GC(153)     Total                          Min: 2304, Avg: 2352.0, Max: 2432, Diff: 128, Sum: 9408, Workers: 4
[3678.166s][debug][gc,phases      ] GC(153)   JNI Weak                       Min:  0.0, Avg:  0.0, Max:  0.0, Diff:  0.0, Sum:  0.0, Workers: 4
[3678.166s][debug][gc,phases      ] GC(153)     Dead                           Min: 0, Avg:  0.0, Max: 0, Diff: 0, Sum: 0, Workers: 4
[3678.166s][debug][gc,phases      ] GC(153)     Total                          Min: 0, Avg: 11.2, Max: 45, Diff: 45, Sum: 45, Workers: 4
[3678.166s][debug][gc,phases      ] GC(153)   StringDedup Table Weak         Min:  0.0, Avg:  0.0, Max:  0.0, Diff:  0.0, Sum:  0.0, Workers: 4
[3678.166s][debug][gc,phases      ] GC(153)     Dead                           Min: 0, Avg:  0.0, Max: 0, Diff: 0, Sum: 0, Workers: 4
[3678.166s][debug][gc,phases      ] GC(153)     Total                          Min: 0, Avg:  0.0, Max: 0, Diff: 0, Sum: 0, Workers: 4
[3678.166s][debug][gc,phases      ] GC(153)   StringDedup Requests0 Weak     Min:  0.0, Avg:  0.0, Max:  0.0, Diff:  0.0, Sum:  0.0, Workers: 4
[3678.166s][debug][gc,phases      ] GC(153)     Dead                           Min: 0, Avg:  0.0, Max: 0, Diff: 0, Sum: 0, Workers: 4
[3678.166s][debug][gc,phases      ] GC(153)     Total                          Min: 0, Avg:  0.0, Max: 0, Diff: 0, Sum: 0, Workers: 4
[3678.166s][debug][gc,phases      ] GC(153)   StringDedup Requests1 Weak     Min:  0.0, Avg:  0.0, Max:  0.0, Diff:  0.0, Sum:  0.0, Workers: 4
[3678.166s][debug][gc,phases      ] GC(153)     Dead                           Min: 0, Avg:  0.0, Max: 0, Diff: 0, Sum: 0, Workers: 4
[3678.166s][debug][gc,phases      ] GC(153)     Total                          Min: 0, Avg:  0.0, Max: 0, Diff: 0, Sum: 0, Workers: 4
[3678.167s][debug][gc,phases      ] GC(153)   Weak JFR Old Object Samples    Min:  0.0, Avg:  0.0, Max:  0.0, Diff:  0.0, Sum:  0.0, Workers: 4
[3678.167s][debug][gc,phases      ] GC(153)     Dead                           Min: 0, Avg:  0.0, Max: 0, Diff: 0, Sum: 0, Workers: 4
[3678.167s][debug][gc,phases      ] GC(153)     Total                          Min: 0, Avg:  0.0, Max: 0, Diff: 0, Sum: 0, Workers: 4
[3678.167s][debug][gc,phases      ] GC(153) Weak Processing 0.307ms
[3678.167s][debug][gc,age         ] GC(153) Desired survivor size 524288 bytes, new threshold 15 (max threshold 15)
[3678.167s][info ][gc,heap        ] GC(153) PSYoungGen: 2096256K(2096640K)->128K(2096640K) Eden: 2096128K(2096128K)->0K(2096128K) From: 128K(512K)->128K(512K)
[3678.167s][info ][gc,heap        ] GC(153) ParOldGen: 344236K(386560K)->344244K(386560K)
[3678.167s][info ][gc,metaspace   ] GC(153) Metaspace: 81712K(82752K)->81712K(82752K) NonClass: 69999K(70592K)->69999K(70592K) Class: 11712K(12160K)->11712K(12160K)
[3678.167s][info ][gc             ] GC(153) Pause Young (Allocation Failure) 2383M->336M(2425M) 2.149ms
[3678.167s][info ][gc,cpu         ] GC(153) User=0.00s Sys=0.00s Real=0.00s
[3678.167s][info ][safepoint      ] Safepoint "ParallelGCFailedAllocation", Time since last: 33896975002 ns, Reaching safepoint: 26800 ns, At safepoint: 2231816 ns, Total: 2258616 ns
[3712.114s][info ][gc,start       ] GC(154) Pause Young (Allocation Failure)
[3712.115s][debug][gc,phases      ] GC(154) Scavenge 1.600ms
[3712.115s][debug][gc,ref         ] GC(154) Skipped phase 1 of Reference Processing: no references
[3712.115s][debug][gc,ref         ] GC(154) Skipped phase 2 of Reference Processing: no references
[3712.115s][debug][gc,ref         ] GC(154) Skipped phase 3 of Reference Processing: no references
[3712.115s][debug][gc,ref         ] GC(154) Skipped phase 4 of Reference Processing: no references
[3712.115s][debug][gc,phases      ] GC(154) Reference Processing 0.034ms
[3712.115s][debug][gc,phases      ] GC(154)   VM Weak                        Min:  0.0, Avg:  0.0, Max:  0.0, Diff:  0.0, Sum:  0.0, Workers: 4
[3712.115s][debug][gc,phases      ] GC(154)     Dead                           Min: 0, Avg:  0.0, Max: 0, Diff: 0, Sum: 0, Workers: 4
[3712.115s][debug][gc,phases      ] GC(154)     Total                          Min: 0, Avg: 205.2, Max: 448, Diff: 448, Sum: 821, Workers: 4
[3712.115s][debug][gc,phases      ] GC(154)   ObjectSynchronizer Weak        Min:  0.0, Avg:  0.0, Max:  0.0, Diff:  0.0, Sum:  0.0, Workers: 4
[3712.115s][debug][gc,phases      ] GC(154)     Dead                           Min: 0, Avg:  0.0, Max: 0, Diff: 0, Sum: 0, Workers: 4
[3712.115s][debug][gc,phases      ] GC(154)     Total                          Min: 0, Avg:  8.8, Max: 35, Diff: 35, Sum: 35, Workers: 4
[3712.115s][debug][gc,phases      ] GC(154)   JVMTI Tag Weak OopStorage      Min:  0.0, Avg:  0.0, Max:  0.0, Diff:  0.0, Sum:  0.0, Workers: 4
[3712.115s][debug][gc,phases      ] GC(154)     Dead                           Min: 0, Avg:  0.0, Max: 0, Diff: 0, Sum: 0, Workers: 4
[3712.115s][debug][gc,phases      ] GC(154)     Total                          Min: 0, Avg:  0.0, Max: 0, Diff: 0, Sum: 0, Workers: 4
[3712.115s][debug][gc,phases      ] GC(154)   StringTable Weak               Min:  0.0, Avg:  0.1, Max:  0.1, Diff:  0.1, Sum:  0.3, Workers: 4
[3712.115s][debug][gc,phases      ] GC(154)     Dead                           Min: 0, Avg:  0.0, Max: 0, Diff: 0, Sum: 0, Workers: 4
[3712.115s][debug][gc,phases      ] GC(154)     Total                          Min: 0, Avg: 10927.8, Max: 18303, Diff: 18303, Sum: 43711, Workers: 4
[3712.115s][debug][gc,phases      ] GC(154)   ResolvedMethodTable Weak       Min:  0.0, Avg:  0.0, Max:  0.0, Diff:  0.0, Sum:  0.1, Workers: 4
[3712.115s][debug][gc,phases      ] GC(154)     Dead                           Min: 0, Avg:  0.0, Max: 0, Diff: 0, Sum: 0, Workers: 4
[3712.115s][debug][gc,phases      ] GC(154)     Total                          Min: 0, Avg: 2352.0, Max: 4160, Diff: 4160, Sum: 9408, Workers: 4
[3712.115s][debug][gc,phases      ] GC(154)   JNI Weak                       Min:  0.0, Avg:  0.0, Max:  0.0, Diff:  0.0, Sum:  0.0, Workers: 4
[3712.115s][debug][gc,phases      ] GC(154)     Dead                           Min: 0, Avg:  0.0, Max: 0, Diff: 0, Sum: 0, Workers: 4
[3712.115s][debug][gc,phases      ] GC(154)     Total                          Min: 0, Avg: 11.2, Max: 45, Diff: 45, Sum: 45, Workers: 4
[3712.115s][debug][gc,phases      ] GC(154)   StringDedup Table Weak         Min:  0.0, Avg:  0.0, Max:  0.0, Diff:  0.0, Sum:  0.0, Workers: 4
[3712.115s][debug][gc,phases      ] GC(154)     Dead                           Min: 0, Avg:  0.0, Max: 0, Diff: 0, Sum: 0, Workers: 4
[3712.115s][debug][gc,phases      ] GC(154)     Total                          Min: 0, Avg:  0.0, Max: 0, Diff: 0, Sum: 0, Workers: 4
[3712.115s][debug][gc,phases      ] GC(154)   StringDedup Requests0 Weak     Min:  0.0, Avg:  0.0, Max:  0.0, Diff:  0.0, Sum:  0.0, Workers: 4
[3712.116s][debug][gc,phases      ] GC(154)     Dead                           Min: 0, Avg:  0.0, Max: 0, Diff: 0, Sum: 0, Workers: 4
[3712.116s][debug][gc,phases      ] GC(154)     Total                          Min: 0, Avg:  0.0, Max: 0, Diff: 0, Sum: 0, Workers: 4
[3712.116s][debug][gc,phases      ] GC(154)   StringDedup Requests1 Weak     Min:  0.0, Avg:  0.0, Max:  0.0, Diff:  0.0, Sum:  0.0, Workers: 4
[3712.116s][debug][gc,phases      ] GC(154)     Dead                           Min: 0, Avg:  0.0, Max: 0, Diff: 0, Sum: 0, Workers: 4
[3712.116s][debug][gc,phases      ] GC(154)     Total                          Min: 0, Avg:  0.0, Max: 0, Diff: 0, Sum: 0, Workers: 4
[3712.116s][debug][gc,phases      ] GC(154)   Weak JFR Old Object Samples    Min:  0.0, Avg:  0.0, Max:  0.0, Diff:  0.0, Sum:  0.0, Workers: 4
[3712.116s][debug][gc,phases      ] GC(154)     Dead                           Min: 0, Avg:  0.0, Max: 0, Diff: 0, Sum: 0, Workers: 4
[3712.116s][debug][gc,phases      ] GC(154)     Total                          Min: 0, Avg:  0.0, Max: 0, Diff: 0, Sum: 0, Workers: 4
[3712.116s][debug][gc,phases      ] GC(154) Weak Processing 0.315ms
[3712.116s][debug][gc,age         ] GC(154) Desired survivor size 524288 bytes, new threshold 15 (max threshold 15)
[3712.116s][info ][gc,heap        ] GC(154) PSYoungGen: 2096256K(2096640K)->128K(2096640K) Eden: 2096128K(2096128K)->0K(2096128K) From: 128K(512K)->128K(512K)
[3712.116s][info ][gc,heap        ] GC(154) ParOldGen: 344244K(386560K)->344252K(386560K)
[3712.116s][info ][gc,metaspace   ] GC(154) Metaspace: 81713K(82752K)->81713K(82752K) NonClass: 70001K(70592K)->70001K(70592K) Class: 11712K(12160K)->11712K(12160K)
[3712.116s][info ][gc             ] GC(154) Pause Young (Allocation Failure) 2383M->336M(2425M) 2.055ms
[3712.116s][info ][gc,cpu         ] GC(154) User=0.01s Sys=0.00s Real=0.00s
[3712.116s][info ][safepoint      ] Safepoint "ParallelGCFailedAllocation", Time since last: 33946880733 ns, Reaching safepoint: 24000 ns, At safepoint: 2110915 ns, Total: 2134915 ns
[3745.966s][info ][gc,start       ] GC(155) Pause Young (Allocation Failure)
[3745.969s][debug][gc,phases      ] GC(155) Scavenge 2.316ms
[3745.969s][debug][gc,ref         ] GC(155) Skipped phase 1 of Reference Processing: no references
[3745.969s][debug][gc,ref         ] GC(155) Skipped phase 2 of Reference Processing: no references
[3745.969s][debug][gc,ref         ] GC(155) Skipped phase 3 of Reference Processing: no references
[3745.969s][debug][gc,ref         ] GC(155) Skipped phase 4 of Reference Processing: no references
[3745.969s][debug][gc,phases      ] GC(155) Reference Processing 0.025ms
[3745.969s][debug][gc,phases      ] GC(155)   VM Weak                        Min:  0.0, Avg:  0.0, Max:  0.0, Diff:  0.0, Sum:  0.0, Workers: 4
[3745.969s][debug][gc,phases      ] GC(155)     Dead                           Min: 0, Avg:  0.0, Max: 0, Diff: 0, Sum: 0, Workers: 4
[3745.969s][debug][gc,phases      ] GC(155)     Total                          Min: 0, Avg: 205.2, Max: 768, Diff: 768, Sum: 821, Workers: 4
[3745.969s][debug][gc,phases      ] GC(155)   ObjectSynchronizer Weak        Min:  0.0, Avg:  0.0, Max:  0.0, Diff:  0.0, Sum:  0.0, Workers: 4
[3745.969s][debug][gc,phases      ] GC(155)     Dead                           Min: 0, Avg:  0.0, Max: 0, Diff: 0, Sum: 0, Workers: 4
[3745.969s][debug][gc,phases      ] GC(155)     Total                          Min: 0, Avg:  8.8, Max: 35, Diff: 35, Sum: 35, Workers: 4
[3745.969s][debug][gc,phases      ] GC(155)   JVMTI Tag Weak OopStorage      Min:  0.0, Avg:  0.0, Max:  0.0, Diff:  0.0, Sum:  0.0, Workers: 4
[3745.969s][debug][gc,phases      ] GC(155)     Dead                           Min: 0, Avg:  0.0, Max: 0, Diff: 0, Sum: 0, Workers: 4
[3745.969s][debug][gc,phases      ] GC(155)     Total                          Min: 0, Avg:  0.0, Max: 0, Diff: 0, Sum: 0, Workers: 4
[3745.969s][debug][gc,phases      ] GC(155)   StringTable Weak               Min:  0.0, Avg:  0.1, Max:  0.1, Diff:  0.1, Sum:  0.3, Workers: 4
[3745.969s][debug][gc,phases      ] GC(155)     Dead                           Min: 0, Avg:  0.0, Max: 0, Diff: 0, Sum: 0, Workers: 4
[3745.969s][debug][gc,phases      ] GC(155)     Total                          Min: 0, Avg: 10927.8, Max: 15488, Diff: 15488, Sum: 43711, Workers: 4
[3745.969s][debug][gc,phases      ] GC(155)   ResolvedMethodTable Weak       Min:  0.0, Avg:  0.0, Max:  0.0, Diff:  0.0, Sum:  0.1, Workers: 4
[3745.969s][debug][gc,phases      ] GC(155)     Dead                           Min: 0, Avg:  0.0, Max: 0, Diff: 0, Sum: 0, Workers: 4
[3745.969s][debug][gc,phases      ] GC(155)     Total                          Min: 0, Avg: 2352.0, Max: 3840, Diff: 3840, Sum: 9408, Workers: 4
[3745.969s][debug][gc,phases      ] GC(155)   JNI Weak                       Min:  0.0, Avg:  0.0, Max:  0.0, Diff:  0.0, Sum:  0.0, Workers: 4
[3745.969s][debug][gc,phases      ] GC(155)     Dead                           Min: 0, Avg:  0.0, Max: 0, Diff: 0, Sum: 0, Workers: 4
[3745.969s][debug][gc,phases      ] GC(155)     Total                          Min: 0, Avg: 11.2, Max: 45, Diff: 45, Sum: 45, Workers: 4
[3745.969s][debug][gc,phases      ] GC(155)   StringDedup Table Weak         Min:  0.0, Avg:  0.0, Max:  0.0, Diff:  0.0, Sum:  0.0, Workers: 4
[3745.969s][debug][gc,phases      ] GC(155)     Dead                           Min: 0, Avg:  0.0, Max: 0, Diff: 0, Sum: 0, Workers: 4
[3745.969s][debug][gc,phases      ] GC(155)     Total                          Min: 0, Avg:  0.0, Max: 0, Diff: 0, Sum: 0, Workers: 4
[3745.969s][debug][gc,phases      ] GC(155)   StringDedup Requests0 Weak     Min:  0.0, Avg:  0.0, Max:  0.0, Diff:  0.0, Sum:  0.0, Workers: 4
[3745.969s][debug][gc,phases      ] GC(155)     Dead                           Min: 0, Avg:  0.0, Max: 0, Diff: 0, Sum: 0, Workers: 4
[3745.969s][debug][gc,phases      ] GC(155)     Total                          Min: 0, Avg:  0.0, Max: 0, Diff: 0, Sum: 0, Workers: 4
[3745.969s][debug][gc,phases      ] GC(155)   StringDedup Requests1 Weak     Min:  0.0, Avg:  0.0, Max:  0.0, Diff:  0.0, Sum:  0.0, Workers: 4
[3745.969s][debug][gc,phases      ] GC(155)     Dead                           Min: 0, Avg:  0.0, Max: 0, Diff: 0, Sum: 0, Workers: 4
[3745.969s][debug][gc,phases      ] GC(155)     Total                          Min: 0, Avg:  0.0, Max: 0, Diff: 0, Sum: 0, Workers: 4
[3745.969s][debug][gc,phases      ] GC(155)   Weak JFR Old Object Samples    Min:  0.0, Avg:  0.0, Max:  0.0, Diff:  0.0, Sum:  0.0, Workers: 4
[3745.969s][debug][gc,phases      ] GC(155)     Dead                           Min: 0, Avg:  0.0, Max: 0, Diff: 0, Sum: 0, Workers: 4
[3745.969s][debug][gc,phases      ] GC(155)     Total                          Min: 0, Avg:  0.0, Max: 0, Diff: 0, Sum: 0, Workers: 4
[3745.969s][debug][gc,phases      ] GC(155) Weak Processing 0.316ms
[3745.969s][debug][gc,age         ] GC(155) Desired survivor size 524288 bytes, new threshold 15 (max threshold 15)
[3745.969s][info ][gc,heap        ] GC(155) PSYoungGen: 2096256K(2096640K)->128K(2096640K) Eden: 2096128K(2096128K)->0K(2096128K) From: 128K(512K)->128K(512K)
[3745.969s][info ][gc,heap        ] GC(155) ParOldGen: 344252K(386560K)->344268K(386560K)
[3745.969s][info ][gc,metaspace   ] GC(155) Metaspace: 81713K(82752K)->81713K(82752K) NonClass: 70001K(70592K)->70001K(70592K) Class: 11712K(12160K)->11712K(12160K)
[3745.969s][info ][gc             ] GC(155) Pause Young (Allocation Failure) 2383M->336M(2425M) 2.742ms
[3745.969s][info ][gc,cpu         ] GC(155) User=0.01s Sys=0.00s Real=0.00s
[3745.969s][info ][safepoint      ] Safepoint "ParallelGCFailedAllocation", Time since last: 33850571716 ns, Reaching safepoint: 37700 ns, At safepoint: 2818118 ns, Total: 2855818 ns
[3779.863s][info ][gc,start       ] GC(156) Pause Young (Allocation Failure)
[3779.866s][debug][gc,phases      ] GC(156) Scavenge 2.660ms
[3779.866s][debug][gc,ref         ] GC(156) Skipped phase 1 of Reference Processing: no references
[3779.866s][debug][gc,ref         ] GC(156) Skipped phase 2 of Reference Processing: no references
[3779.866s][debug][gc,ref         ] GC(156) Skipped phase 3 of Reference Processing: no references
[3779.866s][debug][gc,ref         ] GC(156) Skipped phase 4 of Reference Processing: no references
[3779.866s][debug][gc,phases      ] GC(156) Reference Processing 0.021ms
[3779.866s][debug][gc,phases      ] GC(156)   VM Weak                        Min:  0.0, Avg:  0.0, Max:  0.0, Diff:  0.0, Sum:  0.0, Workers: 4
[3779.866s][debug][gc,phases      ] GC(156)     Dead                           Min: 0, Avg:  0.0, Max: 0, Diff: 0, Sum: 0, Workers: 4
[3779.866s][debug][gc,phases      ] GC(156)     Total                          Min: 0, Avg: 205.2, Max: 821, Diff: 821, Sum: 821, Workers: 4
[3779.866s][debug][gc,phases      ] GC(156)   ObjectSynchronizer Weak        Min:  0.0, Avg:  0.0, Max:  0.0, Diff:  0.0, Sum:  0.0, Workers: 4
[3779.866s][debug][gc,phases      ] GC(156)     Dead                           Min: 0, Avg:  0.0, Max: 0, Diff: 0, Sum: 0, Workers: 4
[3779.866s][debug][gc,phases      ] GC(156)     Total                          Min: 0, Avg:  8.8, Max: 35, Diff: 35, Sum: 35, Workers: 4
[3779.866s][debug][gc,phases      ] GC(156)   JVMTI Tag Weak OopStorage      Min:  0.0, Avg:  0.0, Max:  0.0, Diff:  0.0, Sum:  0.0, Workers: 4
[3779.866s][debug][gc,phases      ] GC(156)     Dead                           Min: 0, Avg:  0.0, Max: 0, Diff: 0, Sum: 0, Workers: 4
[3779.866s][debug][gc,phases      ] GC(156)     Total                          Min: 0, Avg:  0.0, Max: 0, Diff: 0, Sum: 0, Workers: 4
[3779.866s][debug][gc,phases      ] GC(156)   StringTable Weak               Min:  0.0, Avg:  0.1, Max:  0.1, Diff:  0.1, Sum:  0.3, Workers: 4
[3779.866s][debug][gc,phases      ] GC(156)     Dead                           Min: 0, Avg:  0.0, Max: 0, Diff: 0, Sum: 0, Workers: 4
[3779.866s][debug][gc,phases      ] GC(156)     Total                          Min: 0, Avg: 10927.8, Max: 17472, Diff: 17472, Sum: 43711, Workers: 4
[3779.866s][debug][gc,phases      ] GC(156)   ResolvedMethodTable Weak       Min:  0.0, Avg:  0.0, Max:  0.0, Diff:  0.0, Sum:  0.1, Workers: 4
[3779.866s][debug][gc,phases      ] GC(156)     Dead                           Min: 0, Avg:  0.0, Max: 0, Diff: 0, Sum: 0, Workers: 4
[3779.866s][debug][gc,phases      ] GC(156)     Total                          Min: 0, Avg: 2352.0, Max: 3520, Diff: 3520, Sum: 9408, Workers: 4
[3779.866s][debug][gc,phases      ] GC(156)   JNI Weak                       Min:  0.0, Avg:  0.0, Max:  0.0, Diff:  0.0, Sum:  0.0, Workers: 4
[3779.866s][debug][gc,phases      ] GC(156)     Dead                           Min: 0, Avg:  0.0, Max: 0, Diff: 0, Sum: 0, Workers: 4
[3779.866s][debug][gc,phases      ] GC(156)     Total                          Min: 0, Avg: 11.2, Max: 45, Diff: 45, Sum: 45, Workers: 4
[3779.866s][debug][gc,phases      ] GC(156)   StringDedup Table Weak         Min:  0.0, Avg:  0.0, Max:  0.0, Diff:  0.0, Sum:  0.0, Workers: 4
[3779.866s][debug][gc,phases      ] GC(156)     Dead                           Min: 0, Avg:  0.0, Max: 0, Diff: 0, Sum: 0, Workers: 4
[3779.866s][debug][gc,phases      ] GC(156)     Total                          Min: 0, Avg:  0.0, Max: 0, Diff: 0, Sum: 0, Workers: 4
[3779.866s][debug][gc,phases      ] GC(156)   StringDedup Requests0 Weak     Min:  0.0, Avg:  0.0, Max:  0.0, Diff:  0.0, Sum:  0.0, Workers: 4
[3779.866s][debug][gc,phases      ] GC(156)     Dead                           Min: 0, Avg:  0.0, Max: 0, Diff: 0, Sum: 0, Workers: 4
[3779.866s][debug][gc,phases      ] GC(156)     Total                          Min: 0, Avg:  0.0, Max: 0, Diff: 0, Sum: 0, Workers: 4
[3779.866s][debug][gc,phases      ] GC(156)   StringDedup Requests1 Weak     Min:  0.0, Avg:  0.0, Max:  0.0, Diff:  0.0, Sum:  0.0, Workers: 4
[3779.866s][debug][gc,phases      ] GC(156)     Dead                           Min: 0, Avg:  0.0, Max: 0, Diff: 0, Sum: 0, Workers: 4
[3779.866s][debug][gc,phases      ] GC(156)     Total                          Min: 0, Avg:  0.0, Max: 0, Diff: 0, Sum: 0, Workers: 4
[3779.866s][debug][gc,phases      ] GC(156)   Weak JFR Old Object Samples    Min:  0.0, Avg:  0.0, Max:  0.0, Diff:  0.0, Sum:  0.0, Workers: 4
[3779.866s][debug][gc,phases      ] GC(156)     Dead                           Min: 0, Avg:  0.0, Max: 0, Diff: 0, Sum: 0, Workers: 4
[3779.866s][debug][gc,phases      ] GC(156)     Total                          Min: 0, Avg:  0.0, Max: 0, Diff: 0, Sum: 0, Workers: 4
[3779.866s][debug][gc,phases      ] GC(156) Weak Processing 0.304ms
[3779.866s][debug][gc,age         ] GC(156) Desired survivor size 524288 bytes, new threshold 15 (max threshold 15)
[3779.866s][info ][gc,heap        ] GC(156) PSYoungGen: 2096256K(2096640K)->160K(2096640K) Eden: 2096128K(2096128K)->0K(2096128K) From: 128K(512K)->160K(512K)
[3779.866s][info ][gc,heap        ] GC(156) ParOldGen: 344268K(386560K)->344284K(386560K)
[3779.866s][info ][gc,metaspace   ] GC(156) Metaspace: 81713K(82752K)->81713K(82752K) NonClass: 70001K(70592K)->70001K(70592K) Class: 11712K(12160K)->11712K(12160K)
[3779.866s][info ][gc             ] GC(156) Pause Young (Allocation Failure) 2383M->336M(2425M) 3.087ms
[3779.866s][info ][gc,cpu         ] GC(156) User=0.00s Sys=0.00s Real=0.00s
[3779.866s][info ][safepoint      ] Safepoint "ParallelGCFailedAllocation", Time since last: 33893910594 ns, Reaching safepoint: 51600 ns, At safepoint: 3163723 ns, Total: 3215323 ns
[3813.713s][info ][gc,start       ] GC(157) Pause Young (Allocation Failure)
[3813.716s][debug][gc,phases      ] GC(157) Scavenge 2.470ms
[3813.716s][debug][gc,ref         ] GC(157) Skipped phase 1 of Reference Processing: no references
[3813.716s][debug][gc,ref         ] GC(157) Skipped phase 2 of Reference Processing: no references
[3813.716s][debug][gc,ref         ] GC(157) Skipped phase 3 of Reference Processing: no references
[3813.716s][debug][gc,ref         ] GC(157) Skipped phase 4 of Reference Processing: no references
[3813.716s][debug][gc,phases      ] GC(157) Reference Processing 0.021ms
[3813.716s][debug][gc,phases      ] GC(157)   VM Weak                        Min:  0.0, Avg:  0.0, Max:  0.0, Diff:  0.0, Sum:  0.0, Workers: 4
[3813.716s][debug][gc,phases      ] GC(157)     Dead                           Min: 0, Avg:  0.0, Max: 0, Diff: 0, Sum: 0, Workers: 4
[3813.716s][debug][gc,phases      ] GC(157)     Total                          Min: 0, Avg: 205.2, Max: 757, Diff: 757, Sum: 821, Workers: 4
[3813.716s][debug][gc,phases      ] GC(157)   ObjectSynchronizer Weak        Min:  0.0, Avg:  0.0, Max:  0.0, Diff:  0.0, Sum:  0.0, Workers: 4
[3813.716s][debug][gc,phases      ] GC(157)     Dead                           Min: 0, Avg:  0.0, Max: 0, Diff: 0, Sum: 0, Workers: 4
[3813.716s][debug][gc,phases      ] GC(157)     Total                          Min: 0, Avg:  8.8, Max: 35, Diff: 35, Sum: 35, Workers: 4
[3813.716s][debug][gc,phases      ] GC(157)   JVMTI Tag Weak OopStorage      Min:  0.0, Avg:  0.0, Max:  0.0, Diff:  0.0, Sum:  0.0, Workers: 4
[3813.716s][debug][gc,phases      ] GC(157)     Dead                           Min: 0, Avg:  0.0, Max: 0, Diff: 0, Sum: 0, Workers: 4
[3813.716s][debug][gc,phases      ] GC(157)     Total                          Min: 0, Avg:  0.0, Max: 0, Diff: 0, Sum: 0, Workers: 4
[3813.716s][debug][gc,phases      ] GC(157)   StringTable Weak               Min:  0.0, Avg:  0.1, Max:  0.1, Diff:  0.1, Sum:  0.4, Workers: 4
[3813.716s][debug][gc,phases      ] GC(157)     Dead                           Min: 0, Avg:  0.0, Max: 0, Diff: 0, Sum: 0, Workers: 4
[3813.716s][debug][gc,phases      ] GC(157)     Total                          Min: 0, Avg: 10927.8, Max: 15936, Diff: 15936, Sum: 43711, Workers: 4
[3813.716s][debug][gc,phases      ] GC(157)   ResolvedMethodTable Weak       Min:  0.0, Avg:  0.0, Max:  0.0, Diff:  0.0, Sum:  0.1, Workers: 4
[3813.716s][debug][gc,phases      ] GC(157)     Dead                           Min: 0, Avg:  0.0, Max: 0, Diff: 0, Sum: 0, Workers: 4
[3813.716s][debug][gc,phases      ] GC(157)     Total                          Min: 0, Avg: 2352.0, Max: 4160, Diff: 4160, Sum: 9408, Workers: 4
[3813.716s][debug][gc,phases      ] GC(157)   JNI Weak                       Min:  0.0, Avg:  0.0, Max:  0.0, Diff:  0.0, Sum:  0.0, Workers: 4
[3813.716s][debug][gc,phases      ] GC(157)     Dead                           Min: 0, Avg:  0.0, Max: 0, Diff: 0, Sum: 0, Workers: 4
[3813.716s][debug][gc,phases      ] GC(157)     Total                          Min: 0, Avg: 11.2, Max: 45, Diff: 45, Sum: 45, Workers: 4
[3813.716s][debug][gc,phases      ] GC(157)   StringDedup Table Weak         Min:  0.0, Avg:  0.0, Max:  0.0, Diff:  0.0, Sum:  0.0, Workers: 4
[3813.716s][debug][gc,phases      ] GC(157)     Dead                           Min: 0, Avg:  0.0, Max: 0, Diff: 0, Sum: 0, Workers: 4
[3813.716s][debug][gc,phases      ] GC(157)     Total                          Min: 0, Avg:  0.0, Max: 0, Diff: 0, Sum: 0, Workers: 4
[3813.716s][debug][gc,phases      ] GC(157)   StringDedup Requests0 Weak     Min:  0.0, Avg:  0.0, Max:  0.0, Diff:  0.0, Sum:  0.0, Workers: 4
[3813.716s][debug][gc,phases      ] GC(157)     Dead                           Min: 0, Avg:  0.0, Max: 0, Diff: 0, Sum: 0, Workers: 4
[3813.716s][debug][gc,phases      ] GC(157)     Total                          Min: 0, Avg:  0.0, Max: 0, Diff: 0, Sum: 0, Workers: 4
[3813.716s][debug][gc,phases      ] GC(157)   StringDedup Requests1 Weak     Min:  0.0, Avg:  0.0, Max:  0.0, Diff:  0.0, Sum:  0.0, Workers: 4
[3813.716s][debug][gc,phases      ] GC(157)     Dead                           Min: 0, Avg:  0.0, Max: 0, Diff: 0, Sum: 0, Workers: 4
[3813.716s][debug][gc,phases      ] GC(157)     Total                          Min: 0, Avg:  0.0, Max: 0, Diff: 0, Sum: 0, Workers: 4
[3813.716s][debug][gc,phases      ] GC(157)   Weak JFR Old Object Samples    Min:  0.0, Avg:  0.0, Max:  0.0, Diff:  0.0, Sum:  0.0, Workers: 4
[3813.716s][debug][gc,phases      ] GC(157)     Dead                           Min: 0, Avg:  0.0, Max: 0, Diff: 0, Sum: 0, Workers: 4
[3813.716s][debug][gc,phases      ] GC(157)     Total                          Min: 0, Avg:  0.0, Max: 0, Diff: 0, Sum: 0, Workers: 4
[3813.716s][debug][gc,phases      ] GC(157) Weak Processing 0.329ms
[3813.716s][debug][gc,age         ] GC(157) Desired survivor size 524288 bytes, new threshold 15 (max threshold 15)
[3813.716s][info ][gc,heap        ] GC(157) PSYoungGen: 2096288K(2096640K)->128K(2096640K) Eden: 2096128K(2096128K)->0K(2096128K) From: 160K(512K)->128K(512K)
[3813.716s][info ][gc,heap        ] GC(157) ParOldGen: 344284K(386560K)->344292K(386560K)
[3813.716s][info ][gc,metaspace   ] GC(157) Metaspace: 81713K(82752K)->81713K(82752K) NonClass: 70001K(70592K)->70001K(70592K) Class: 11712K(12160K)->11712K(12160K)
[3813.716s][info ][gc             ] GC(157) Pause Young (Allocation Failure) 2383M->336M(2425M) 2.921ms
[3813.716s][info ][gc,cpu         ] GC(157) User=0.01s Sys=0.00s Real=0.00s
[3813.716s][info ][safepoint      ] Safepoint "ParallelGCFailedAllocation", Time since last: 33847178417 ns, Reaching safepoint: 32500 ns, At safepoint: 3000822 ns, Total: 3033322 ns
[3847.563s][info ][gc,start       ] GC(158) Pause Young (Allocation Failure)
[3847.565s][debug][gc,phases      ] GC(158) Scavenge 1.565ms
[3847.565s][debug][gc,ref         ] GC(158) Skipped phase 1 of Reference Processing: no references
[3847.565s][debug][gc,ref         ] GC(158) Skipped phase 2 of Reference Processing: no references
[3847.565s][debug][gc,ref         ] GC(158) Skipped phase 3 of Reference Processing: no references
[3847.565s][debug][gc,ref         ] GC(158) Skipped phase 4 of Reference Processing: no references
[3847.565s][debug][gc,phases      ] GC(158) Reference Processing 0.021ms
[3847.565s][debug][gc,phases      ] GC(158)   VM Weak                        Min:  0.0, Avg:  0.0, Max:  0.0, Diff:  0.0, Sum:  0.0, Workers: 4
[3847.565s][debug][gc,phases      ] GC(158)     Dead                           Min: 0, Avg:  0.0, Max: 0, Diff: 0, Sum: 0, Workers: 4
[3847.565s][debug][gc,phases      ] GC(158)     Total                          Min: 0, Avg: 205.2, Max: 640, Diff: 640, Sum: 821, Workers: 4
[3847.565s][debug][gc,phases      ] GC(158)   ObjectSynchronizer Weak        Min:  0.0, Avg:  0.0, Max:  0.0, Diff:  0.0, Sum:  0.0, Workers: 4
[3847.565s][debug][gc,phases      ] GC(158)     Dead                           Min: 0, Avg:  0.0, Max: 0, Diff: 0, Sum: 0, Workers: 4
[3847.565s][debug][gc,phases      ] GC(158)     Total                          Min: 0, Avg:  8.8, Max: 35, Diff: 35, Sum: 35, Workers: 4
[3847.565s][debug][gc,phases      ] GC(158)   JVMTI Tag Weak OopStorage      Min:  0.0, Avg:  0.0, Max:  0.0, Diff:  0.0, Sum:  0.0, Workers: 4
[3847.565s][debug][gc,phases      ] GC(158)     Dead                           Min: 0, Avg:  0.0, Max: 0, Diff: 0, Sum: 0, Workers: 4
[3847.565s][debug][gc,phases      ] GC(158)     Total                          Min: 0, Avg:  0.0, Max: 0, Diff: 0, Sum: 0, Workers: 4
[3847.565s][debug][gc,phases      ] GC(158)   StringTable Weak               Min:  0.0, Avg:  0.1, Max:  0.1, Diff:  0.1, Sum:  0.3, Workers: 4
[3847.565s][debug][gc,phases      ] GC(158)     Dead                           Min: 0, Avg:  0.0, Max: 0, Diff: 0, Sum: 0, Workers: 4
[3847.565s][debug][gc,phases      ] GC(158)     Total                          Min: 0, Avg: 10927.8, Max: 17280, Diff: 17280, Sum: 43711, Workers: 4
[3847.565s][debug][gc,phases      ] GC(158)   ResolvedMethodTable Weak       Min:  0.0, Avg:  0.0, Max:  0.0, Diff:  0.0, Sum:  0.1, Workers: 4
[3847.565s][debug][gc,phases      ] GC(158)     Dead                           Min: 0, Avg:  0.0, Max: 0, Diff: 0, Sum: 0, Workers: 4
[3847.565s][debug][gc,phases      ] GC(158)     Total                          Min: 0, Avg: 2352.0, Max: 4096, Diff: 4096, Sum: 9408, Workers: 4
[3847.565s][debug][gc,phases      ] GC(158)   JNI Weak                       Min:  0.0, Avg:  0.0, Max:  0.0, Diff:  0.0, Sum:  0.0, Workers: 4
[3847.565s][debug][gc,phases      ] GC(158)     Dead                           Min: 0, Avg:  0.0, Max: 0, Diff: 0, Sum: 0, Workers: 4
[3847.565s][debug][gc,phases      ] GC(158)     Total                          Min: 0, Avg: 11.2, Max: 45, Diff: 45, Sum: 45, Workers: 4
[3847.565s][debug][gc,phases      ] GC(158)   StringDedup Table Weak         Min:  0.0, Avg:  0.0, Max:  0.0, Diff:  0.0, Sum:  0.0, Workers: 4
[3847.565s][debug][gc,phases      ] GC(158)     Dead                           Min: 0, Avg:  0.0, Max: 0, Diff: 0, Sum: 0, Workers: 4
[3847.565s][debug][gc,phases      ] GC(158)     Total                          Min: 0, Avg:  0.0, Max: 0, Diff: 0, Sum: 0, Workers: 4
[3847.565s][debug][gc,phases      ] GC(158)   StringDedup Requests0 Weak     Min:  0.0, Avg:  0.0, Max:  0.0, Diff:  0.0, Sum:  0.0, Workers: 4
[3847.565s][debug][gc,phases      ] GC(158)     Dead                           Min: 0, Avg:  0.0, Max: 0, Diff: 0, Sum: 0, Workers: 4
[3847.565s][debug][gc,phases      ] GC(158)     Total                          Min: 0, Avg:  0.0, Max: 0, Diff: 0, Sum: 0, Workers: 4
[3847.565s][debug][gc,phases      ] GC(158)   StringDedup Requests1 Weak     Min:  0.0, Avg:  0.0, Max:  0.0, Diff:  0.0, Sum:  0.0, Workers: 4
[3847.565s][debug][gc,phases      ] GC(158)     Dead                           Min: 0, Avg:  0.0, Max: 0, Diff: 0, Sum: 0, Workers: 4
[3847.565s][debug][gc,phases      ] GC(158)     Total                          Min: 0, Avg:  0.0, Max: 0, Diff: 0, Sum: 0, Workers: 4
[3847.565s][debug][gc,phases      ] GC(158)   Weak JFR Old Object Samples    Min:  0.0, Avg:  0.0, Max:  0.0, Diff:  0.0, Sum:  0.0, Workers: 4
[3847.565s][debug][gc,phases      ] GC(158)     Dead                           Min: 0, Avg:  0.0, Max: 0, Diff: 0, Sum: 0, Workers: 4
[3847.565s][debug][gc,phases      ] GC(158)     Total                          Min: 0, Avg:  0.0, Max: 0, Diff: 0, Sum: 0, Workers: 4
[3847.565s][debug][gc,phases      ] GC(158) Weak Processing 0.332ms
[3847.565s][debug][gc,age         ] GC(158) Desired survivor size 524288 bytes, new threshold 15 (max threshold 15)
[3847.565s][info ][gc,heap        ] GC(158) PSYoungGen: 2096256K(2096640K)->128K(2096640K) Eden: 2096128K(2096128K)->0K(2096128K) From: 128K(512K)->128K(512K)
[3847.565s][info ][gc,heap        ] GC(158) ParOldGen: 344292K(386560K)->344316K(386560K)
[3847.565s][info ][gc,metaspace   ] GC(158) Metaspace: 81713K(82752K)->81713K(82752K) NonClass: 70001K(70592K)->70001K(70592K) Class: 11712K(12160K)->11712K(12160K)
[3847.565s][info ][gc             ] GC(158) Pause Young (Allocation Failure) 2383M->336M(2425M) 2.015ms
[3847.565s][info ][gc,cpu         ] GC(158) User=0.00s Sys=0.00s Real=0.00s
[3847.565s][info ][safepoint      ] Safepoint "ParallelGCFailedAllocation", Time since last: 33846837099 ns, Reaching safepoint: 46000 ns, At safepoint: 2094216 ns, Total: 2140216 ns
[3869.567s][info ][safepoint      ] Safepoint "Cleanup", Time since last: 22001386024 ns, Reaching safepoint: 41600 ns, At safepoint: 4800 ns, Total: 46400 ns
[3881.464s][info ][gc,start       ] GC(159) Pause Young (Allocation Failure)
[3881.466s][debug][gc,phases      ] GC(159) Scavenge 2.815ms
[3881.466s][debug][gc,ref         ] GC(159) Skipped phase 1 of Reference Processing: no references
[3881.466s][debug][gc,ref         ] GC(159) Skipped phase 2 of Reference Processing: no references
[3881.466s][debug][gc,ref         ] GC(159) Skipped phase 3 of Reference Processing: no references
[3881.466s][debug][gc,ref         ] GC(159) Skipped phase 4 of Reference Processing: no references
[3881.466s][debug][gc,phases      ] GC(159) Reference Processing 0.020ms
[3881.467s][debug][gc,phases      ] GC(159)   VM Weak                        Min:  0.0, Avg:  0.0, Max:  0.0, Diff:  0.0, Sum:  0.0, Workers: 4
[3881.467s][debug][gc,phases      ] GC(159)     Dead                           Min: 0, Avg:  0.0, Max: 0, Diff: 0, Sum: 0, Workers: 4
[3881.467s][debug][gc,phases      ] GC(159)     Total                          Min: 0, Avg: 205.2, Max: 384, Diff: 384, Sum: 821, Workers: 4
[3881.467s][debug][gc,phases      ] GC(159)   ObjectSynchronizer Weak        Min:  0.0, Avg:  0.0, Max:  0.0, Diff:  0.0, Sum:  0.0, Workers: 4
[3881.467s][debug][gc,phases      ] GC(159)     Dead                           Min: 0, Avg:  0.0, Max: 0, Diff: 0, Sum: 0, Workers: 4
[3881.467s][debug][gc,phases      ] GC(159)     Total                          Min: 0, Avg:  8.8, Max: 35, Diff: 35, Sum: 35, Workers: 4
[3881.467s][debug][gc,phases      ] GC(159)   JVMTI Tag Weak OopStorage      Min:  0.0, Avg:  0.0, Max:  0.0, Diff:  0.0, Sum:  0.0, Workers: 4
[3881.467s][debug][gc,phases      ] GC(159)     Dead                           Min: 0, Avg:  0.0, Max: 0, Diff: 0, Sum: 0, Workers: 4
[3881.467s][debug][gc,phases      ] GC(159)     Total                          Min: 0, Avg:  0.0, Max: 0, Diff: 0, Sum: 0, Workers: 4
[3881.467s][debug][gc,phases      ] GC(159)   StringTable Weak               Min:  0.0, Avg:  0.1, Max:  0.1, Diff:  0.1, Sum:  0.3, Workers: 4
[3881.467s][debug][gc,phases      ] GC(159)     Dead                           Min: 0, Avg:  0.0, Max: 0, Diff: 0, Sum: 0, Workers: 4
[3881.467s][debug][gc,phases      ] GC(159)     Total                          Min: 0, Avg: 10927.8, Max: 19072, Diff: 19072, Sum: 43711, Workers: 4
[3881.467s][debug][gc,phases      ] GC(159)   ResolvedMethodTable Weak       Min:  0.0, Avg:  0.0, Max:  0.0, Diff:  0.0, Sum:  0.1, Workers: 4
[3881.467s][debug][gc,phases      ] GC(159)     Dead                           Min: 0, Avg:  0.0, Max: 0, Diff: 0, Sum: 0, Workers: 4
[3881.467s][debug][gc,phases      ] GC(159)     Total                          Min: 0, Avg: 2352.0, Max: 4160, Diff: 4160, Sum: 9408, Workers: 4
[3881.467s][debug][gc,phases      ] GC(159)   JNI Weak                       Min:  0.0, Avg:  0.0, Max:  0.0, Diff:  0.0, Sum:  0.0, Workers: 4
[3881.467s][debug][gc,phases      ] GC(159)     Dead                           Min: 0, Avg:  0.0, Max: 0, Diff: 0, Sum: 0, Workers: 4
[3881.467s][debug][gc,phases      ] GC(159)     Total                          Min: 0, Avg: 11.2, Max: 45, Diff: 45, Sum: 45, Workers: 4
[3881.467s][debug][gc,phases      ] GC(159)   StringDedup Table Weak         Min:  0.0, Avg:  0.0, Max:  0.0, Diff:  0.0, Sum:  0.0, Workers: 4
[3881.467s][debug][gc,phases      ] GC(159)     Dead                           Min: 0, Avg:  0.0, Max: 0, Diff: 0, Sum: 0, Workers: 4
[3881.467s][debug][gc,phases      ] GC(159)     Total                          Min: 0, Avg:  0.0, Max: 0, Diff: 0, Sum: 0, Workers: 4
[3881.467s][debug][gc,phases      ] GC(159)   StringDedup Requests0 Weak     Min:  0.0, Avg:  0.0, Max:  0.0, Diff:  0.0, Sum:  0.0, Workers: 4
[3881.467s][debug][gc,phases      ] GC(159)     Dead                           Min: 0, Avg:  0.0, Max: 0, Diff: 0, Sum: 0, Workers: 4
[3881.467s][debug][gc,phases      ] GC(159)     Total                          Min: 0, Avg:  0.0, Max: 0, Diff: 0, Sum: 0, Workers: 4
[3881.467s][debug][gc,phases      ] GC(159)   StringDedup Requests1 Weak     Min:  0.0, Avg:  0.0, Max:  0.0, Diff:  0.0, Sum:  0.0, Workers: 4
[3881.467s][debug][gc,phases      ] GC(159)     Dead                           Min: 0, Avg:  0.0, Max: 0, Diff: 0, Sum: 0, Workers: 4
[3881.467s][debug][gc,phases      ] GC(159)     Total                          Min: 0, Avg:  0.0, Max: 0, Diff: 0, Sum: 0, Workers: 4
[3881.467s][debug][gc,phases      ] GC(159)   Weak JFR Old Object Samples    Min:  0.0, Avg:  0.0, Max:  0.0, Diff:  0.0, Sum:  0.0, Workers: 4
[3881.467s][debug][gc,phases      ] GC(159)     Dead                           Min: 0, Avg:  0.0, Max: 0, Diff: 0, Sum: 0, Workers: 4
[3881.467s][debug][gc,phases      ] GC(159)     Total                          Min: 0, Avg:  0.0, Max: 0, Diff: 0, Sum: 0, Workers: 4
[3881.467s][debug][gc,phases      ] GC(159) Weak Processing 0.296ms
[3881.467s][debug][gc,age         ] GC(159) Desired survivor size 524288 bytes, new threshold 15 (max threshold 15)
[3881.467s][info ][gc,heap        ] GC(159) PSYoungGen: 2096256K(2096640K)->128K(2096640K) Eden: 2096128K(2096128K)->0K(2096128K) From: 128K(512K)->128K(512K)
[3881.467s][info ][gc,heap        ] GC(159) ParOldGen: 344316K(386560K)->344324K(386560K)
[3881.467s][info ][gc,metaspace   ] GC(159) Metaspace: 81716K(82752K)->81716K(82752K) NonClass: 70004K(70592K)->70004K(70592K) Class: 11712K(12160K)->11712K(12160K)
[3881.467s][info ][gc             ] GC(159) Pause Young (Allocation Failure) 2383M->336M(2425M) 3.254ms
[3881.467s][info ][gc,cpu         ] GC(159) User=0.01s Sys=0.00s Real=0.00s
[3881.467s][info ][safepoint      ] Safepoint "ParallelGCFailedAllocation", Time since last: 11896708597 ns, Reaching safepoint: 26600 ns, At safepoint: 3324116 ns, Total: 3350716 ns
[3914.615s][info ][gc,start       ] GC(160) Pause Young (Allocation Failure)
[3914.616s][debug][gc,phases      ] GC(160) Scavenge 1.498ms
[3914.616s][debug][gc,ref         ] GC(160) Skipped phase 1 of Reference Processing: no references
[3914.616s][debug][gc,ref         ] GC(160) Skipped phase 2 of Reference Processing: no references
[3914.616s][debug][gc,ref         ] GC(160) Skipped phase 3 of Reference Processing: no references
[3914.616s][debug][gc,ref         ] GC(160) Skipped phase 4 of Reference Processing: no references
[3914.616s][debug][gc,phases      ] GC(160) Reference Processing 0.032ms
[3914.617s][debug][gc,phases      ] GC(160)   VM Weak                        Min:  0.0, Avg:  0.0, Max:  0.0, Diff:  0.0, Sum:  0.0, Workers: 4
[3914.617s][debug][gc,phases      ] GC(160)     Dead                           Min: 0, Avg:  0.0, Max: 0, Diff: 0, Sum: 0, Workers: 4
[3914.617s][debug][gc,phases      ] GC(160)     Total                          Min: 0, Avg: 205.2, Max: 320, Diff: 320, Sum: 821, Workers: 4
[3914.617s][debug][gc,phases      ] GC(160)   ObjectSynchronizer Weak        Min:  0.0, Avg:  0.0, Max:  0.0, Diff:  0.0, Sum:  0.0, Workers: 4
[3914.617s][debug][gc,phases      ] GC(160)     Dead                           Min: 0, Avg:  0.0, Max: 0, Diff: 0, Sum: 0, Workers: 4
[3914.617s][debug][gc,phases      ] GC(160)     Total                          Min: 0, Avg:  8.8, Max: 35, Diff: 35, Sum: 35, Workers: 4
[3914.617s][debug][gc,phases      ] GC(160)   JVMTI Tag Weak OopStorage      Min:  0.0, Avg:  0.0, Max:  0.0, Diff:  0.0, Sum:  0.0, Workers: 4
[3914.617s][debug][gc,phases      ] GC(160)     Dead                           Min: 0, Avg:  0.0, Max: 0, Diff: 0, Sum: 0, Workers: 4
[3914.617s][debug][gc,phases      ] GC(160)     Total                          Min: 0, Avg:  0.0, Max: 0, Diff: 0, Sum: 0, Workers: 4
[3914.617s][debug][gc,phases      ] GC(160)   StringTable Weak               Min:  0.0, Avg:  0.1, Max:  0.1, Diff:  0.1, Sum:  0.3, Workers: 4
[3914.617s][debug][gc,phases      ] GC(160)     Dead                           Min: 0, Avg:  0.0, Max: 0, Diff: 0, Sum: 0, Workers: 4
[3914.617s][debug][gc,phases      ] GC(160)     Total                          Min: 0, Avg: 10928.2, Max: 15680, Diff: 15680, Sum: 43713, Workers: 4
[3914.617s][debug][gc,phases      ] GC(160)   ResolvedMethodTable Weak       Min:  0.0, Avg:  0.0, Max:  0.0, Diff:  0.0, Sum:  0.1, Workers: 4
[3914.617s][debug][gc,phases      ] GC(160)     Dead                           Min: 0, Avg:  0.0, Max: 0, Diff: 0, Sum: 0, Workers: 4
[3914.617s][debug][gc,phases      ] GC(160)     Total                          Min: 0, Avg: 2352.0, Max: 3968, Diff: 3968, Sum: 9408, Workers: 4
[3914.617s][debug][gc,phases      ] GC(160)   JNI Weak                       Min:  0.0, Avg:  0.0, Max:  0.0, Diff:  0.0, Sum:  0.0, Workers: 4
[3914.617s][debug][gc,phases      ] GC(160)     Dead                           Min: 0, Avg:  0.0, Max: 0, Diff: 0, Sum: 0, Workers: 4
[3914.617s][debug][gc,phases      ] GC(160)     Total                          Min: 0, Avg: 11.2, Max: 45, Diff: 45, Sum: 45, Workers: 4
[3914.617s][debug][gc,phases      ] GC(160)   StringDedup Table Weak         Min:  0.0, Avg:  0.0, Max:  0.0, Diff:  0.0, Sum:  0.0, Workers: 4
[3914.617s][debug][gc,phases      ] GC(160)     Dead                           Min: 0, Avg:  0.0, Max: 0, Diff: 0, Sum: 0, Workers: 4
[3914.617s][debug][gc,phases      ] GC(160)     Total                          Min: 0, Avg:  0.0, Max: 0, Diff: 0, Sum: 0, Workers: 4
[3914.617s][debug][gc,phases      ] GC(160)   StringDedup Requests0 Weak     Min:  0.0, Avg:  0.0, Max:  0.0, Diff:  0.0, Sum:  0.0, Workers: 4
[3914.617s][debug][gc,phases      ] GC(160)     Dead                           Min: 0, Avg:  0.0, Max: 0, Diff: 0, Sum: 0, Workers: 4
[3914.617s][debug][gc,phases      ] GC(160)     Total                          Min: 0, Avg:  0.0, Max: 0, Diff: 0, Sum: 0, Workers: 4
[3914.617s][debug][gc,phases      ] GC(160)   StringDedup Requests1 Weak     Min:  0.0, Avg:  0.0, Max:  0.0, Diff:  0.0, Sum:  0.0, Workers: 4
[3914.617s][debug][gc,phases      ] GC(160)     Dead                           Min: 0, Avg:  0.0, Max: 0, Diff: 0, Sum: 0, Workers: 4
[3914.617s][debug][gc,phases      ] GC(160)     Total                          Min: 0, Avg:  0.0, Max: 0, Diff: 0, Sum: 0, Workers: 4
[3914.617s][debug][gc,phases      ] GC(160)   Weak JFR Old Object Samples    Min:  0.0, Avg:  0.0, Max:  0.0, Diff:  0.0, Sum:  0.0, Workers: 4
[3914.617s][debug][gc,phases      ] GC(160)     Dead                           Min: 0, Avg:  0.0, Max: 0, Diff: 0, Sum: 0, Workers: 4
[3914.617s][debug][gc,phases      ] GC(160)     Total                          Min: 0, Avg:  0.0, Max: 0, Diff: 0, Sum: 0, Workers: 4
[3914.617s][debug][gc,phases      ] GC(160) Weak Processing 0.325ms
[3914.617s][debug][gc,age         ] GC(160) Desired survivor size 524288 bytes, new threshold 15 (max threshold 15)
[3914.617s][info ][gc,heap        ] GC(160) PSYoungGen: 2096256K(2096640K)->128K(2096640K) Eden: 2096128K(2096128K)->0K(2096128K) From: 128K(512K)->128K(512K)
[3914.617s][info ][gc,heap        ] GC(160) ParOldGen: 344324K(386560K)->344340K(386560K)
[3914.617s][info ][gc,metaspace   ] GC(160) Metaspace: 81724K(82752K)->81724K(82752K) NonClass: 70012K(70592K)->70012K(70592K) Class: 11712K(12160K)->11712K(12160K)
[3914.617s][info ][gc             ] GC(160) Pause Young (Allocation Failure) 2383M->336M(2425M) 1.954ms
[3914.617s][info ][gc,cpu         ] GC(160) User=0.01s Sys=0.00s Real=0.00s
[3914.617s][info ][safepoint      ] Safepoint "ParallelGCFailedAllocation", Time since last: 33147802941 ns, Reaching safepoint: 92700 ns, At safepoint: 2011016 ns, Total: 2103716 ns
[3930.618s][info ][safepoint      ] Safepoint "Cleanup", Time since last: 16000906288 ns, Reaching safepoint: 36700 ns, At safepoint: 7300 ns, Total: 44000 ns
[3948.464s][info ][gc,start       ] GC(161) Pause Young (Allocation Failure)
[3948.465s][debug][gc,phases      ] GC(161) Scavenge 1.522ms
[3948.465s][debug][gc,ref         ] GC(161) Skipped phase 1 of Reference Processing: no references
[3948.465s][debug][gc,ref         ] GC(161) Skipped phase 2 of Reference Processing: no references
[3948.465s][debug][gc,ref         ] GC(161) Skipped phase 3 of Reference Processing: no references
[3948.465s][debug][gc,ref         ] GC(161) Skipped phase 4 of Reference Processing: no references
[3948.465s][debug][gc,phases      ] GC(161) Reference Processing 0.022ms
[3948.465s][debug][gc,phases      ] GC(161)   VM Weak                        Min:  0.0, Avg:  0.0, Max:  0.0, Diff:  0.0, Sum:  0.0, Workers: 4
[3948.465s][debug][gc,phases      ] GC(161)     Dead                           Min: 0, Avg:  0.0, Max: 0, Diff: 0, Sum: 0, Workers: 4
[3948.465s][debug][gc,phases      ] GC(161)     Total                          Min: 0, Avg: 205.2, Max: 693, Diff: 693, Sum: 821, Workers: 4
[3948.465s][debug][gc,phases      ] GC(161)   ObjectSynchronizer Weak        Min:  0.0, Avg:  0.0, Max:  0.0, Diff:  0.0, Sum:  0.0, Workers: 4
[3948.465s][debug][gc,phases      ] GC(161)     Dead                           Min: 0, Avg:  0.0, Max: 0, Diff: 0, Sum: 0, Workers: 4
[3948.465s][debug][gc,phases      ] GC(161)     Total                          Min: 0, Avg:  8.8, Max: 35, Diff: 35, Sum: 35, Workers: 4
[3948.465s][debug][gc,phases      ] GC(161)   JVMTI Tag Weak OopStorage      Min:  0.0, Avg:  0.0, Max:  0.0, Diff:  0.0, Sum:  0.0, Workers: 4
[3948.465s][debug][gc,phases      ] GC(161)     Dead                           Min: 0, Avg:  0.0, Max: 0, Diff: 0, Sum: 0, Workers: 4
[3948.465s][debug][gc,phases      ] GC(161)     Total                          Min: 0, Avg:  0.0, Max: 0, Diff: 0, Sum: 0, Workers: 4
[3948.465s][debug][gc,phases      ] GC(161)   StringTable Weak               Min:  0.1, Avg:  0.1, Max:  0.1, Diff:  0.0, Sum:  0.4, Workers: 4
[3948.465s][debug][gc,phases      ] GC(161)     Dead                           Min: 0, Avg:  0.0, Max: 0, Diff: 0, Sum: 0, Workers: 4
[3948.465s][debug][gc,phases      ] GC(161)     Total                          Min: 10112, Avg: 10928.2, Max: 11584, Diff: 1472, Sum: 43713, Workers: 4
[3948.465s][debug][gc,phases      ] GC(161)   ResolvedMethodTable Weak       Min:  0.0, Avg:  0.0, Max:  0.0, Diff:  0.0, Sum:  0.1, Workers: 4
[3948.465s][debug][gc,phases      ] GC(161)     Dead                           Min: 0, Avg:  0.0, Max: 0, Diff: 0, Sum: 0, Workers: 4
[3948.465s][debug][gc,phases      ] GC(161)     Total                          Min: 704, Avg: 2352.0, Max: 3136, Diff: 2432, Sum: 9408, Workers: 4
[3948.465s][debug][gc,phases      ] GC(161)   JNI Weak                       Min:  0.0, Avg:  0.0, Max:  0.0, Diff:  0.0, Sum:  0.0, Workers: 4
[3948.465s][debug][gc,phases      ] GC(161)     Dead                           Min: 0, Avg:  0.0, Max: 0, Diff: 0, Sum: 0, Workers: 4
[3948.465s][debug][gc,phases      ] GC(161)     Total                          Min: 0, Avg: 11.2, Max: 45, Diff: 45, Sum: 45, Workers: 4
[3948.465s][debug][gc,phases      ] GC(161)   StringDedup Table Weak         Min:  0.0, Avg:  0.0, Max:  0.0, Diff:  0.0, Sum:  0.0, Workers: 4
[3948.465s][debug][gc,phases      ] GC(161)     Dead                           Min: 0, Avg:  0.0, Max: 0, Diff: 0, Sum: 0, Workers: 4
[3948.465s][debug][gc,phases      ] GC(161)     Total                          Min: 0, Avg:  0.0, Max: 0, Diff: 0, Sum: 0, Workers: 4
[3948.465s][debug][gc,phases      ] GC(161)   StringDedup Requests0 Weak     Min:  0.0, Avg:  0.0, Max:  0.0, Diff:  0.0, Sum:  0.0, Workers: 4
[3948.465s][debug][gc,phases      ] GC(161)     Dead                           Min: 0, Avg:  0.0, Max: 0, Diff: 0, Sum: 0, Workers: 4
[3948.465s][debug][gc,phases      ] GC(161)     Total                          Min: 0, Avg:  0.0, Max: 0, Diff: 0, Sum: 0, Workers: 4
[3948.465s][debug][gc,phases      ] GC(161)   StringDedup Requests1 Weak     Min:  0.0, Avg:  0.0, Max:  0.0, Diff:  0.0, Sum:  0.0, Workers: 4
[3948.465s][debug][gc,phases      ] GC(161)     Dead                           Min: 0, Avg:  0.0, Max: 0, Diff: 0, Sum: 0, Workers: 4
[3948.465s][debug][gc,phases      ] GC(161)     Total                          Min: 0, Avg:  0.0, Max: 0, Diff: 0, Sum: 0, Workers: 4
[3948.465s][debug][gc,phases      ] GC(161)   Weak JFR Old Object Samples    Min:  0.0, Avg:  0.0, Max:  0.0, Diff:  0.0, Sum:  0.0, Workers: 4
[3948.465s][debug][gc,phases      ] GC(161)     Dead                           Min: 0, Avg:  0.0, Max: 0, Diff: 0, Sum: 0, Workers: 4
[3948.465s][debug][gc,phases      ] GC(161)     Total                          Min: 0, Avg:  0.0, Max: 0, Diff: 0, Sum: 0, Workers: 4
[3948.465s][debug][gc,phases      ] GC(161) Weak Processing 0.276ms
[3948.465s][debug][gc,age         ] GC(161) Desired survivor size 524288 bytes, new threshold 15 (max threshold 15)
[3948.465s][info ][gc,heap        ] GC(161) PSYoungGen: 2096256K(2096640K)->128K(2096640K) Eden: 2096128K(2096128K)->0K(2096128K) From: 128K(512K)->128K(512K)
[3948.465s][info ][gc,heap        ] GC(161) ParOldGen: 344340K(386560K)->344348K(386560K)
[3948.465s][info ][gc,metaspace   ] GC(161) Metaspace: 81724K(82752K)->81724K(82752K) NonClass: 70012K(70592K)->70012K(70592K) Class: 11712K(12160K)->11712K(12160K)
[3948.465s][info ][gc             ] GC(161) Pause Young (Allocation Failure) 2383M->336M(2425M) 1.929ms
[3948.465s][info ][gc,cpu         ] GC(161) User=0.01s Sys=0.00s Real=0.00s
[3948.465s][info ][safepoint      ] Safepoint "ParallelGCFailedAllocation", Time since last: 17845745932 ns, Reaching safepoint: 56201 ns, At safepoint: 2009914 ns, Total: 2066115 ns
[3982.362s][info ][gc,start       ] GC(162) Pause Young (Allocation Failure)
[3982.365s][debug][gc,phases      ] GC(162) Scavenge 2.767ms
[3982.365s][debug][gc,ref         ] GC(162) Skipped phase 1 of Reference Processing: no references
[3982.365s][debug][gc,ref         ] GC(162) Skipped phase 2 of Reference Processing: no references
[3982.365s][debug][gc,ref         ] GC(162) Skipped phase 3 of Reference Processing: no references
[3982.365s][debug][gc,ref         ] GC(162) Skipped phase 4 of Reference Processing: no references
[3982.365s][debug][gc,phases      ] GC(162) Reference Processing 0.022ms
[3982.365s][debug][gc,phases      ] GC(162)   VM Weak                        Min:  0.0, Avg:  0.0, Max:  0.0, Diff:  0.0, Sum:  0.0, Workers: 4
[3982.365s][debug][gc,phases      ] GC(162)     Dead                           Min: 0, Avg:  0.0, Max: 0, Diff: 0, Sum: 0, Workers: 4
[3982.365s][debug][gc,phases      ] GC(162)     Total                          Min: 0, Avg: 205.2, Max: 821, Diff: 821, Sum: 821, Workers: 4
[3982.365s][debug][gc,phases      ] GC(162)   ObjectSynchronizer Weak        Min:  0.0, Avg:  0.0, Max:  0.0, Diff:  0.0, Sum:  0.0, Workers: 4
[3982.365s][debug][gc,phases      ] GC(162)     Dead                           Min: 0, Avg:  0.0, Max: 0, Diff: 0, Sum: 0, Workers: 4
[3982.365s][debug][gc,phases      ] GC(162)     Total                          Min: 0, Avg:  8.8, Max: 35, Diff: 35, Sum: 35, Workers: 4
[3982.365s][debug][gc,phases      ] GC(162)   JVMTI Tag Weak OopStorage      Min:  0.0, Avg:  0.0, Max:  0.0, Diff:  0.0, Sum:  0.0, Workers: 4
[3982.365s][debug][gc,phases      ] GC(162)     Dead                           Min: 0, Avg:  0.0, Max: 0, Diff: 0, Sum: 0, Workers: 4
[3982.365s][debug][gc,phases      ] GC(162)     Total                          Min: 0, Avg:  0.0, Max: 0, Diff: 0, Sum: 0, Workers: 4
[3982.365s][debug][gc,phases      ] GC(162)   StringTable Weak               Min:  0.0, Avg:  0.1, Max:  0.1, Diff:  0.1, Sum:  0.3, Workers: 4
[3982.365s][debug][gc,phases      ] GC(162)     Dead                           Min: 0, Avg:  0.0, Max: 0, Diff: 0, Sum: 0, Workers: 4
[3982.365s][debug][gc,phases      ] GC(162)     Total                          Min: 0, Avg: 10928.2, Max: 17984, Diff: 17984, Sum: 43713, Workers: 4
[3982.365s][debug][gc,phases      ] GC(162)   ResolvedMethodTable Weak       Min:  0.0, Avg:  0.0, Max:  0.0, Diff:  0.0, Sum:  0.1, Workers: 4
[3982.365s][debug][gc,phases      ] GC(162)     Dead                           Min: 0, Avg:  0.0, Max: 0, Diff: 0, Sum: 0, Workers: 4
[3982.365s][debug][gc,phases      ] GC(162)     Total                          Min: 0, Avg: 2352.0, Max: 4224, Diff: 4224, Sum: 9408, Workers: 4
[3982.365s][debug][gc,phases      ] GC(162)   JNI Weak                       Min:  0.0, Avg:  0.0, Max:  0.0, Diff:  0.0, Sum:  0.0, Workers: 4
[3982.365s][debug][gc,phases      ] GC(162)     Dead                           Min: 0, Avg:  0.0, Max: 0, Diff: 0, Sum: 0, Workers: 4
[3982.365s][debug][gc,phases      ] GC(162)     Total                          Min: 0, Avg: 11.2, Max: 45, Diff: 45, Sum: 45, Workers: 4
[3982.365s][debug][gc,phases      ] GC(162)   StringDedup Table Weak         Min:  0.0, Avg:  0.0, Max:  0.0, Diff:  0.0, Sum:  0.0, Workers: 4
[3982.365s][debug][gc,phases      ] GC(162)     Dead                           Min: 0, Avg:  0.0, Max: 0, Diff: 0, Sum: 0, Workers: 4
[3982.365s][debug][gc,phases      ] GC(162)     Total                          Min: 0, Avg:  0.0, Max: 0, Diff: 0, Sum: 0, Workers: 4
[3982.365s][debug][gc,phases      ] GC(162)   StringDedup Requests0 Weak     Min:  0.0, Avg:  0.0, Max:  0.0, Diff:  0.0, Sum:  0.0, Workers: 4
[3982.365s][debug][gc,phases      ] GC(162)     Dead                           Min: 0, Avg:  0.0, Max: 0, Diff: 0, Sum: 0, Workers: 4
[3982.365s][debug][gc,phases      ] GC(162)     Total                          Min: 0, Avg:  0.0, Max: 0, Diff: 0, Sum: 0, Workers: 4
[3982.365s][debug][gc,phases      ] GC(162)   StringDedup Requests1 Weak     Min:  0.0, Avg:  0.0, Max:  0.0, Diff:  0.0, Sum:  0.0, Workers: 4
[3982.365s][debug][gc,phases      ] GC(162)     Dead                           Min: 0, Avg:  0.0, Max: 0, Diff: 0, Sum: 0, Workers: 4
[3982.365s][debug][gc,phases      ] GC(162)     Total                          Min: 0, Avg:  0.0, Max: 0, Diff: 0, Sum: 0, Workers: 4
[3982.365s][debug][gc,phases      ] GC(162)   Weak JFR Old Object Samples    Min:  0.0, Avg:  0.0, Max:  0.0, Diff:  0.0, Sum:  0.0, Workers: 4
[3982.365s][debug][gc,phases      ] GC(162)     Dead                           Min: 0, Avg:  0.0, Max: 0, Diff: 0, Sum: 0, Workers: 4
[3982.365s][debug][gc,phases      ] GC(162)     Total                          Min: 0, Avg:  0.0, Max: 0, Diff: 0, Sum: 0, Workers: 4
[3982.365s][debug][gc,phases      ] GC(162) Weak Processing 0.321ms
[3982.365s][debug][gc,age         ] GC(162) Desired survivor size 524288 bytes, new threshold 15 (max threshold 15)
[3982.365s][info ][gc,heap        ] GC(162) PSYoungGen: 2096256K(2096640K)->160K(2096640K) Eden: 2096128K(2096128K)->0K(2096128K) From: 128K(512K)->160K(512K)
[3982.365s][info ][gc,heap        ] GC(162) ParOldGen: 344348K(386560K)->344356K(386560K)
[3982.365s][info ][gc,metaspace   ] GC(162) Metaspace: 81724K(82752K)->81724K(82752K) NonClass: 70012K(70592K)->70012K(70592K) Class: 11712K(12160K)->11712K(12160K)
[3982.365s][info ][gc             ] GC(162) Pause Young (Allocation Failure) 2383M->336M(2425M) 3.205ms
[3982.365s][info ][gc,cpu         ] GC(162) User=0.01s Sys=0.00s Real=0.00s
[3982.365s][info ][safepoint      ] Safepoint "ParallelGCFailedAllocation", Time since last: 33896483863 ns, Reaching safepoint: 34500 ns, At safepoint: 3305724 ns, Total: 3340224 ns
[4016.214s][info ][gc,start       ] GC(163) Pause Young (Allocation Failure)
[4016.216s][debug][gc,phases      ] GC(163) Scavenge 2.583ms
[4016.216s][debug][gc,ref         ] GC(163) Skipped phase 1 of Reference Processing: no references
[4016.216s][debug][gc,ref         ] GC(163) Skipped phase 2 of Reference Processing: no references
[4016.216s][debug][gc,ref         ] GC(163) Skipped phase 3 of Reference Processing: no references
[4016.216s][debug][gc,ref         ] GC(163) Skipped phase 4 of Reference Processing: no references
[4016.216s][debug][gc,phases      ] GC(163) Reference Processing 0.025ms
[4016.217s][debug][gc,phases      ] GC(163)   VM Weak                        Min:  0.0, Avg:  0.0, Max:  0.0, Diff:  0.0, Sum:  0.0, Workers: 4
[4016.217s][debug][gc,phases      ] GC(163)     Dead                           Min: 0, Avg:  0.0, Max: 0, Diff: 0, Sum: 0, Workers: 4
[4016.217s][debug][gc,phases      ] GC(163)     Total                          Min: 0, Avg: 205.2, Max: 821, Diff: 821, Sum: 821, Workers: 4
[4016.217s][debug][gc,phases      ] GC(163)   ObjectSynchronizer Weak        Min:  0.0, Avg:  0.0, Max:  0.0, Diff:  0.0, Sum:  0.0, Workers: 4
[4016.217s][debug][gc,phases      ] GC(163)     Dead                           Min: 0, Avg:  0.0, Max: 0, Diff: 0, Sum: 0, Workers: 4
[4016.217s][debug][gc,phases      ] GC(163)     Total                          Min: 0, Avg:  8.8, Max: 35, Diff: 35, Sum: 35, Workers: 4
[4016.217s][debug][gc,phases      ] GC(163)   JVMTI Tag Weak OopStorage      Min:  0.0, Avg:  0.0, Max:  0.0, Diff:  0.0, Sum:  0.0, Workers: 4
[4016.217s][debug][gc,phases      ] GC(163)     Dead                           Min: 0, Avg:  0.0, Max: 0, Diff: 0, Sum: 0, Workers: 4
[4016.217s][debug][gc,phases      ] GC(163)     Total                          Min: 0, Avg:  0.0, Max: 0, Diff: 0, Sum: 0, Workers: 4
[4016.217s][debug][gc,phases      ] GC(163)   StringTable Weak               Min:  0.0, Avg:  0.1, Max:  0.1, Diff:  0.1, Sum:  0.3, Workers: 4
[4016.217s][debug][gc,phases      ] GC(163)     Dead                           Min: 0, Avg:  0.0, Max: 0, Diff: 0, Sum: 0, Workers: 4
[4016.217s][debug][gc,phases      ] GC(163)     Total                          Min: 0, Avg: 10928.2, Max: 18048, Diff: 18048, Sum: 43713, Workers: 4
[4016.217s][debug][gc,phases      ] GC(163)   ResolvedMethodTable Weak       Min:  0.0, Avg:  0.0, Max:  0.0, Diff:  0.0, Sum:  0.1, Workers: 4
[4016.217s][debug][gc,phases      ] GC(163)     Dead                           Min: 0, Avg:  0.0, Max: 0, Diff: 0, Sum: 0, Workers: 4
[4016.217s][debug][gc,phases      ] GC(163)     Total                          Min: 0, Avg: 2352.0, Max: 3840, Diff: 3840, Sum: 9408, Workers: 4
[4016.217s][debug][gc,phases      ] GC(163)   JNI Weak                       Min:  0.0, Avg:  0.0, Max:  0.0, Diff:  0.0, Sum:  0.0, Workers: 4
[4016.217s][debug][gc,phases      ] GC(163)     Dead                           Min: 0, Avg:  0.0, Max: 0, Diff: 0, Sum: 0, Workers: 4
[4016.217s][debug][gc,phases      ] GC(163)     Total                          Min: 0, Avg: 11.2, Max: 45, Diff: 45, Sum: 45, Workers: 4
[4016.217s][debug][gc,phases      ] GC(163)   StringDedup Table Weak         Min:  0.0, Avg:  0.0, Max:  0.0, Diff:  0.0, Sum:  0.0, Workers: 4
[4016.217s][debug][gc,phases      ] GC(163)     Dead                           Min: 0, Avg:  0.0, Max: 0, Diff: 0, Sum: 0, Workers: 4
[4016.217s][debug][gc,phases      ] GC(163)     Total                          Min: 0, Avg:  0.0, Max: 0, Diff: 0, Sum: 0, Workers: 4
[4016.217s][debug][gc,phases      ] GC(163)   StringDedup Requests0 Weak     Min:  0.0, Avg:  0.0, Max:  0.0, Diff:  0.0, Sum:  0.0, Workers: 4
[4016.217s][debug][gc,phases      ] GC(163)     Dead                           Min: 0, Avg:  0.0, Max: 0, Diff: 0, Sum: 0, Workers: 4
[4016.217s][debug][gc,phases      ] GC(163)     Total                          Min: 0, Avg:  0.0, Max: 0, Diff: 0, Sum: 0, Workers: 4
[4016.217s][debug][gc,phases      ] GC(163)   StringDedup Requests1 Weak     Min:  0.0, Avg:  0.0, Max:  0.0, Diff:  0.0, Sum:  0.0, Workers: 4
[4016.217s][debug][gc,phases      ] GC(163)     Dead                           Min: 0, Avg:  0.0, Max: 0, Diff: 0, Sum: 0, Workers: 4
[4016.217s][debug][gc,phases      ] GC(163)     Total                          Min: 0, Avg:  0.0, Max: 0, Diff: 0, Sum: 0, Workers: 4
[4016.217s][debug][gc,phases      ] GC(163)   Weak JFR Old Object Samples    Min:  0.0, Avg:  0.0, Max:  0.0, Diff:  0.0, Sum:  0.0, Workers: 4
[4016.217s][debug][gc,phases      ] GC(163)     Dead                           Min: 0, Avg:  0.0, Max: 0, Diff: 0, Sum: 0, Workers: 4
[4016.217s][debug][gc,phases      ] GC(163)     Total                          Min: 0, Avg:  0.0, Max: 0, Diff: 0, Sum: 0, Workers: 4
[4016.217s][debug][gc,phases      ] GC(163) Weak Processing 0.304ms
[4016.217s][debug][gc,age         ] GC(163) Desired survivor size 524288 bytes, new threshold 15 (max threshold 15)
[4016.217s][info ][gc,heap        ] GC(163) PSYoungGen: 2096288K(2096640K)->128K(2096640K) Eden: 2096128K(2096128K)->0K(2096128K) From: 160K(512K)->128K(512K)
[4016.217s][info ][gc,heap        ] GC(163) ParOldGen: 344356K(386560K)->344364K(386560K)
[4016.217s][info ][gc,metaspace   ] GC(163) Metaspace: 81725K(82752K)->81725K(82752K) NonClass: 70012K(70592K)->70012K(70592K) Class: 11712K(12160K)->11712K(12160K)
[4016.217s][info ][gc             ] GC(163) Pause Young (Allocation Failure) 2383M->336M(2425M) 3.027ms
[4016.217s][info ][gc,cpu         ] GC(163) User=0.00s Sys=0.00s Real=0.00s
[4016.217s][info ][safepoint      ] Safepoint "ParallelGCFailedAllocation", Time since last: 33848426887 ns, Reaching safepoint: 24500 ns, At safepoint: 3087322 ns, Total: 3111822 ns
[4020.217s][info ][safepoint      ] Safepoint "Cleanup", Time since last: 4000273994 ns, Reaching safepoint: 49400 ns, At safepoint: 41800 ns, Total: 91200 ns
[4022.218s][info ][safepoint      ] Safepoint "Cleanup", Time since last: 2000364835 ns, Reaching safepoint: 38300 ns, At safepoint: 2300 ns, Total: 40600 ns
[4035.219s][info ][safepoint      ] Safepoint "Cleanup", Time since last: 13000867351 ns, Reaching safepoint: 37700 ns, At safepoint: 3100 ns, Total: 40800 ns
[4050.112s][info ][gc,start       ] GC(164) Pause Young (Allocation Failure)
[4050.115s][debug][gc,phases      ] GC(164) Scavenge 2.509ms
[4050.115s][debug][gc,ref         ] GC(164) Skipped phase 1 of Reference Processing: no references
[4050.115s][debug][gc,ref         ] GC(164) Skipped phase 2 of Reference Processing: no references
[4050.115s][debug][gc,ref         ] GC(164) Skipped phase 3 of Reference Processing: no references
[4050.115s][debug][gc,ref         ] GC(164) Skipped phase 4 of Reference Processing: no references
[4050.115s][debug][gc,phases      ] GC(164) Reference Processing 0.020ms
[4050.115s][debug][gc,phases      ] GC(164)   VM Weak                        Min:  0.0, Avg:  0.0, Max:  0.0, Diff:  0.0, Sum:  0.0, Workers: 4
[4050.115s][debug][gc,phases      ] GC(164)     Dead                           Min: 0, Avg:  0.0, Max: 0, Diff: 0, Sum: 0, Workers: 4
[4050.115s][debug][gc,phases      ] GC(164)     Total                          Min: 0, Avg: 205.2, Max: 437, Diff: 437, Sum: 821, Workers: 4
[4050.115s][debug][gc,phases      ] GC(164)   ObjectSynchronizer Weak        Min:  0.0, Avg:  0.0, Max:  0.0, Diff:  0.0, Sum:  0.0, Workers: 4
[4050.115s][debug][gc,phases      ] GC(164)     Dead                           Min: 0, Avg:  0.0, Max: 0, Diff: 0, Sum: 0, Workers: 4
[4050.115s][debug][gc,phases      ] GC(164)     Total                          Min: 0, Avg:  8.8, Max: 35, Diff: 35, Sum: 35, Workers: 4
[4050.115s][debug][gc,phases      ] GC(164)   JVMTI Tag Weak OopStorage      Min:  0.0, Avg:  0.0, Max:  0.0, Diff:  0.0, Sum:  0.0, Workers: 4
[4050.115s][debug][gc,phases      ] GC(164)     Dead                           Min: 0, Avg:  0.0, Max: 0, Diff: 0, Sum: 0, Workers: 4
[4050.115s][debug][gc,phases      ] GC(164)     Total                          Min: 0, Avg:  0.0, Max: 0, Diff: 0, Sum: 0, Workers: 4
[4050.115s][debug][gc,phases      ] GC(164)   StringTable Weak               Min:  0.0, Avg:  0.1, Max:  0.1, Diff:  0.1, Sum:  0.3, Workers: 4
[4050.115s][debug][gc,phases      ] GC(164)     Dead                           Min: 0, Avg:  0.0, Max: 0, Diff: 0, Sum: 0, Workers: 4
[4050.115s][debug][gc,phases      ] GC(164)     Total                          Min: 0, Avg: 10928.2, Max: 19072, Diff: 19072, Sum: 43713, Workers: 4
[4050.115s][debug][gc,phases      ] GC(164)   ResolvedMethodTable Weak       Min:  0.0, Avg:  0.0, Max:  0.0, Diff:  0.0, Sum:  0.1, Workers: 4
[4050.115s][debug][gc,phases      ] GC(164)     Dead                           Min: 0, Avg:  0.0, Max: 0, Diff: 0, Sum: 0, Workers: 4
[4050.115s][debug][gc,phases      ] GC(164)     Total                          Min: 0, Avg: 2352.0, Max: 4096, Diff: 4096, Sum: 9408, Workers: 4
[4050.115s][debug][gc,phases      ] GC(164)   JNI Weak                       Min:  0.0, Avg:  0.0, Max:  0.0, Diff:  0.0, Sum:  0.0, Workers: 4
[4050.115s][debug][gc,phases      ] GC(164)     Dead                           Min: 0, Avg:  0.0, Max: 0, Diff: 0, Sum: 0, Workers: 4
[4050.115s][debug][gc,phases      ] GC(164)     Total                          Min: 0, Avg: 11.2, Max: 45, Diff: 45, Sum: 45, Workers: 4
[4050.115s][debug][gc,phases      ] GC(164)   StringDedup Table Weak         Min:  0.0, Avg:  0.0, Max:  0.0, Diff:  0.0, Sum:  0.0, Workers: 4
[4050.115s][debug][gc,phases      ] GC(164)     Dead                           Min: 0, Avg:  0.0, Max: 0, Diff: 0, Sum: 0, Workers: 4
[4050.115s][debug][gc,phases      ] GC(164)     Total                          Min: 0, Avg:  0.0, Max: 0, Diff: 0, Sum: 0, Workers: 4
[4050.115s][debug][gc,phases      ] GC(164)   StringDedup Requests0 Weak     Min:  0.0, Avg:  0.0, Max:  0.0, Diff:  0.0, Sum:  0.0, Workers: 4
[4050.115s][debug][gc,phases      ] GC(164)     Dead                           Min: 0, Avg:  0.0, Max: 0, Diff: 0, Sum: 0, Workers: 4
[4050.115s][debug][gc,phases      ] GC(164)     Total                          Min: 0, Avg:  0.0, Max: 0, Diff: 0, Sum: 0, Workers: 4
[4050.115s][debug][gc,phases      ] GC(164)   StringDedup Requests1 Weak     Min:  0.0, Avg:  0.0, Max:  0.0, Diff:  0.0, Sum:  0.0, Workers: 4
[4050.115s][debug][gc,phases      ] GC(164)     Dead                           Min: 0, Avg:  0.0, Max: 0, Diff: 0, Sum: 0, Workers: 4
[4050.115s][debug][gc,phases      ] GC(164)     Total                          Min: 0, Avg:  0.0, Max: 0, Diff: 0, Sum: 0, Workers: 4
[4050.115s][debug][gc,phases      ] GC(164)   Weak JFR Old Object Samples    Min:  0.0, Avg:  0.0, Max:  0.0, Diff:  0.0, Sum:  0.0, Workers: 4
[4050.115s][debug][gc,phases      ] GC(164)     Dead                           Min: 0, Avg:  0.0, Max: 0, Diff: 0, Sum: 0, Workers: 4
[4050.115s][debug][gc,phases      ] GC(164)     Total                          Min: 0, Avg:  0.0, Max: 0, Diff: 0, Sum: 0, Workers: 4
[4050.115s][debug][gc,phases      ] GC(164) Weak Processing 0.311ms
[4050.115s][debug][gc,age         ] GC(164) Desired survivor size 524288 bytes, new threshold 15 (max threshold 15)
[4050.115s][info ][gc,heap        ] GC(164) PSYoungGen: 2096256K(2096640K)->128K(2096640K) Eden: 2096128K(2096128K)->0K(2096128K) From: 128K(512K)->128K(512K)
[4050.115s][info ][gc,heap        ] GC(164) ParOldGen: 344364K(386560K)->344372K(386560K)
[4050.115s][info ][gc,metaspace   ] GC(164) Metaspace: 81725K(82752K)->81725K(82752K) NonClass: 70012K(70592K)->70012K(70592K) Class: 11712K(12160K)->11712K(12160K)
[4050.115s][info ][gc             ] GC(164) Pause Young (Allocation Failure) 2383M->336M(2425M) 2.938ms
[4050.115s][info ][gc,cpu         ] GC(164) User=0.00s Sys=0.00s Real=0.00s
[4050.115s][info ][safepoint      ] Safepoint "ParallelGCFailedAllocation", Time since last: 14893421159 ns, Reaching safepoint: 36601 ns, At safepoint: 2992919 ns, Total: 3029520 ns
[4084.013s][info ][gc,start       ] GC(165) Pause Young (Allocation Failure)
[4084.016s][debug][gc,phases      ] GC(165) Scavenge 2.426ms
[4084.016s][debug][gc,ref         ] GC(165) Skipped phase 1 of Reference Processing: no references
[4084.016s][debug][gc,ref         ] GC(165) Skipped phase 2 of Reference Processing: no references
[4084.016s][debug][gc,ref         ] GC(165) Skipped phase 3 of Reference Processing: no references
[4084.016s][debug][gc,ref         ] GC(165) Skipped phase 4 of Reference Processing: no references
[4084.016s][debug][gc,phases      ] GC(165) Reference Processing 0.020ms
[4084.016s][debug][gc,phases      ] GC(165)   VM Weak                        Min:  0.0, Avg:  0.0, Max:  0.0, Diff:  0.0, Sum:  0.0, Workers: 4
[4084.016s][debug][gc,phases      ] GC(165)     Dead                           Min: 0, Avg:  0.0, Max: 0, Diff: 0, Sum: 0, Workers: 4
[4084.016s][debug][gc,phases      ] GC(165)     Total                          Min: 0, Avg: 205.2, Max: 512, Diff: 512, Sum: 821, Workers: 4
[4084.016s][debug][gc,phases      ] GC(165)   ObjectSynchronizer Weak        Min:  0.0, Avg:  0.0, Max:  0.0, Diff:  0.0, Sum:  0.0, Workers: 4
[4084.016s][debug][gc,phases      ] GC(165)     Dead                           Min: 0, Avg:  0.0, Max: 0, Diff: 0, Sum: 0, Workers: 4
[4084.016s][debug][gc,phases      ] GC(165)     Total                          Min: 0, Avg:  8.8, Max: 35, Diff: 35, Sum: 35, Workers: 4
[4084.016s][debug][gc,phases      ] GC(165)   JVMTI Tag Weak OopStorage      Min:  0.0, Avg:  0.0, Max:  0.0, Diff:  0.0, Sum:  0.0, Workers: 4
[4084.016s][debug][gc,phases      ] GC(165)     Dead                           Min: 0, Avg:  0.0, Max: 0, Diff: 0, Sum: 0, Workers: 4
[4084.016s][debug][gc,phases      ] GC(165)     Total                          Min: 0, Avg:  0.0, Max: 0, Diff: 0, Sum: 0, Workers: 4
[4084.016s][debug][gc,phases      ] GC(165)   StringTable Weak               Min:  0.0, Avg:  0.1, Max:  0.1, Diff:  0.1, Sum:  0.3, Workers: 4
[4084.016s][debug][gc,phases      ] GC(165)     Dead                           Min: 0, Avg:  0.0, Max: 0, Diff: 0, Sum: 0, Workers: 4
[4084.016s][debug][gc,phases      ] GC(165)     Total                          Min: 0, Avg: 10928.2, Max: 17984, Diff: 17984, Sum: 43713, Workers: 4
[4084.016s][debug][gc,phases      ] GC(165)   ResolvedMethodTable Weak       Min:  0.0, Avg:  0.0, Max:  0.0, Diff:  0.0, Sum:  0.1, Workers: 4
[4084.016s][debug][gc,phases      ] GC(165)     Dead                           Min: 0, Avg:  0.0, Max: 0, Diff: 0, Sum: 0, Workers: 4
[4084.016s][debug][gc,phases      ] GC(165)     Total                          Min: 0, Avg: 2352.0, Max: 3840, Diff: 3840, Sum: 9408, Workers: 4
[4084.016s][debug][gc,phases      ] GC(165)   JNI Weak                       Min:  0.0, Avg:  0.0, Max:  0.0, Diff:  0.0, Sum:  0.0, Workers: 4
[4084.016s][debug][gc,phases      ] GC(165)     Dead                           Min: 0, Avg:  0.0, Max: 0, Diff: 0, Sum: 0, Workers: 4
[4084.016s][debug][gc,phases      ] GC(165)     Total                          Min: 0, Avg: 11.2, Max: 45, Diff: 45, Sum: 45, Workers: 4
[4084.016s][debug][gc,phases      ] GC(165)   StringDedup Table Weak         Min:  0.0, Avg:  0.0, Max:  0.0, Diff:  0.0, Sum:  0.0, Workers: 4
[4084.016s][debug][gc,phases      ] GC(165)     Dead                           Min: 0, Avg:  0.0, Max: 0, Diff: 0, Sum: 0, Workers: 4
[4084.016s][debug][gc,phases      ] GC(165)     Total                          Min: 0, Avg:  0.0, Max: 0, Diff: 0, Sum: 0, Workers: 4
[4084.016s][debug][gc,phases      ] GC(165)   StringDedup Requests0 Weak     Min:  0.0, Avg:  0.0, Max:  0.0, Diff:  0.0, Sum:  0.0, Workers: 4
[4084.016s][debug][gc,phases      ] GC(165)     Dead                           Min: 0, Avg:  0.0, Max: 0, Diff: 0, Sum: 0, Workers: 4
[4084.016s][debug][gc,phases      ] GC(165)     Total                          Min: 0, Avg:  0.0, Max: 0, Diff: 0, Sum: 0, Workers: 4
[4084.016s][debug][gc,phases      ] GC(165)   StringDedup Requests1 Weak     Min:  0.0, Avg:  0.0, Max:  0.0, Diff:  0.0, Sum:  0.0, Workers: 4
[4084.016s][debug][gc,phases      ] GC(165)     Dead                           Min: 0, Avg:  0.0, Max: 0, Diff: 0, Sum: 0, Workers: 4
[4084.016s][debug][gc,phases      ] GC(165)     Total                          Min: 0, Avg:  0.0, Max: 0, Diff: 0, Sum: 0, Workers: 4
[4084.016s][debug][gc,phases      ] GC(165)   Weak JFR Old Object Samples    Min:  0.0, Avg:  0.0, Max:  0.0, Diff:  0.0, Sum:  0.0, Workers: 4
[4084.016s][debug][gc,phases      ] GC(165)     Dead                           Min: 0, Avg:  0.0, Max: 0, Diff: 0, Sum: 0, Workers: 4
[4084.016s][debug][gc,phases      ] GC(165)     Total                          Min: 0, Avg:  0.0, Max: 0, Diff: 0, Sum: 0, Workers: 4
[4084.016s][debug][gc,phases      ] GC(165) Weak Processing 0.300ms
[4084.016s][debug][gc,age         ] GC(165) Desired survivor size 524288 bytes, new threshold 15 (max threshold 15)
[4084.016s][info ][gc,heap        ] GC(165) PSYoungGen: 2096256K(2096640K)->128K(2096640K) Eden: 2096128K(2096128K)->0K(2096128K) From: 128K(512K)->128K(512K)
[4084.016s][info ][gc,heap        ] GC(165) ParOldGen: 344372K(386560K)->344388K(386560K)
[4084.016s][info ][gc,metaspace   ] GC(165) Metaspace: 81725K(82752K)->81725K(82752K) NonClass: 70012K(70592K)->70012K(70592K) Class: 11712K(12160K)->11712K(12160K)
[4084.016s][info ][gc             ] GC(165) Pause Young (Allocation Failure) 2383M->336M(2425M) 2.832ms
[4084.016s][info ][gc,cpu         ] GC(165) User=0.01s Sys=0.00s Real=0.00s
[4084.016s][info ][safepoint      ] Safepoint "ParallelGCFailedAllocation", Time since last: 33898253754 ns, Reaching safepoint: 99200 ns, At safepoint: 2910920 ns, Total: 3010120 ns
[4117.913s][info ][gc,start       ] GC(166) Pause Young (Allocation Failure)
[4117.916s][debug][gc,phases      ] GC(166) Scavenge 2.661ms
[4117.916s][debug][gc,ref         ] GC(166) Skipped phase 1 of Reference Processing: no references
[4117.916s][debug][gc,ref         ] GC(166) Skipped phase 2 of Reference Processing: no references
[4117.916s][debug][gc,ref         ] GC(166) Skipped phase 3 of Reference Processing: no references
[4117.916s][debug][gc,ref         ] GC(166) Skipped phase 4 of Reference Processing: no references
[4117.916s][debug][gc,phases      ] GC(166) Reference Processing 0.034ms
[4117.916s][debug][gc,phases      ] GC(166)   VM Weak                        Min:  0.0, Avg:  0.0, Max:  0.0, Diff:  0.0, Sum:  0.0, Workers: 4
[4117.916s][debug][gc,phases      ] GC(166)     Dead                           Min: 0, Avg:  0.0, Max: 0, Diff: 0, Sum: 0, Workers: 4
[4117.916s][debug][gc,phases      ] GC(166)     Total                          Min: 0, Avg: 205.2, Max: 640, Diff: 640, Sum: 821, Workers: 4
[4117.916s][debug][gc,phases      ] GC(166)   ObjectSynchronizer Weak        Min:  0.0, Avg:  0.0, Max:  0.0, Diff:  0.0, Sum:  0.0, Workers: 4
[4117.916s][debug][gc,phases      ] GC(166)     Dead                           Min: 0, Avg:  0.0, Max: 0, Diff: 0, Sum: 0, Workers: 4
[4117.916s][debug][gc,phases      ] GC(166)     Total                          Min: 0, Avg:  8.8, Max: 35, Diff: 35, Sum: 35, Workers: 4
[4117.916s][debug][gc,phases      ] GC(166)   JVMTI Tag Weak OopStorage      Min:  0.0, Avg:  0.0, Max:  0.0, Diff:  0.0, Sum:  0.0, Workers: 4
[4117.916s][debug][gc,phases      ] GC(166)     Dead                           Min: 0, Avg:  0.0, Max: 0, Diff: 0, Sum: 0, Workers: 4
[4117.916s][debug][gc,phases      ] GC(166)     Total                          Min: 0, Avg:  0.0, Max: 0, Diff: 0, Sum: 0, Workers: 4
[4117.916s][debug][gc,phases      ] GC(166)   StringTable Weak               Min:  0.1, Avg:  0.1, Max:  0.1, Diff:  0.0, Sum:  0.4, Workers: 4
[4117.916s][debug][gc,phases      ] GC(166)     Dead                           Min: 0, Avg:  0.0, Max: 0, Diff: 0, Sum: 0, Workers: 4
[4117.916s][debug][gc,phases      ] GC(166)     Total                          Min: 8832, Avg: 10928.2, Max: 13440, Diff: 4608, Sum: 43713, Workers: 4
[4117.916s][debug][gc,phases      ] GC(166)   ResolvedMethodTable Weak       Min:  0.0, Avg:  0.0, Max:  0.0, Diff:  0.0, Sum:  0.1, Workers: 4
[4117.916s][debug][gc,phases      ] GC(166)     Dead                           Min: 0, Avg:  0.0, Max: 0, Diff: 0, Sum: 0, Workers: 4
[4117.916s][debug][gc,phases      ] GC(166)     Total                          Min: 2176, Avg: 2352.0, Max: 2752, Diff: 576, Sum: 9408, Workers: 4
[4117.916s][debug][gc,phases      ] GC(166)   JNI Weak                       Min:  0.0, Avg:  0.0, Max:  0.0, Diff:  0.0, Sum:  0.0, Workers: 4
[4117.916s][debug][gc,phases      ] GC(166)     Dead                           Min: 0, Avg:  0.0, Max: 0, Diff: 0, Sum: 0, Workers: 4
[4117.916s][debug][gc,phases      ] GC(166)     Total                          Min: 0, Avg: 11.2, Max: 45, Diff: 45, Sum: 45, Workers: 4
[4117.916s][debug][gc,phases      ] GC(166)   StringDedup Table Weak         Min:  0.0, Avg:  0.0, Max:  0.0, Diff:  0.0, Sum:  0.0, Workers: 4
[4117.916s][debug][gc,phases      ] GC(166)     Dead                           Min: 0, Avg:  0.0, Max: 0, Diff: 0, Sum: 0, Workers: 4
[4117.916s][debug][gc,phases      ] GC(166)     Total                          Min: 0, Avg:  0.0, Max: 0, Diff: 0, Sum: 0, Workers: 4
[4117.917s][debug][gc,phases      ] GC(166)   StringDedup Requests0 Weak     Min:  0.0, Avg:  0.0, Max:  0.0, Diff:  0.0, Sum:  0.0, Workers: 4
[4117.917s][debug][gc,phases      ] GC(166)     Dead                           Min: 0, Avg:  0.0, Max: 0, Diff: 0, Sum: 0, Workers: 4
[4117.917s][debug][gc,phases      ] GC(166)     Total                          Min: 0, Avg:  0.0, Max: 0, Diff: 0, Sum: 0, Workers: 4
[4117.917s][debug][gc,phases      ] GC(166)   StringDedup Requests1 Weak     Min:  0.0, Avg:  0.0, Max:  0.0, Diff:  0.0, Sum:  0.0, Workers: 4
[4117.917s][debug][gc,phases      ] GC(166)     Dead                           Min: 0, Avg:  0.0, Max: 0, Diff: 0, Sum: 0, Workers: 4
[4117.917s][debug][gc,phases      ] GC(166)     Total                          Min: 0, Avg:  0.0, Max: 0, Diff: 0, Sum: 0, Workers: 4
[4117.917s][debug][gc,phases      ] GC(166)   Weak JFR Old Object Samples    Min:  0.0, Avg:  0.0, Max:  0.0, Diff:  0.0, Sum:  0.0, Workers: 4
[4117.917s][debug][gc,phases      ] GC(166)     Dead                           Min: 0, Avg:  0.0, Max: 0, Diff: 0, Sum: 0, Workers: 4
[4117.917s][debug][gc,phases      ] GC(166)     Total                          Min: 0, Avg:  0.0, Max: 0, Diff: 0, Sum: 0, Workers: 4
[4117.917s][debug][gc,phases      ] GC(166) Weak Processing 0.291ms
[4117.917s][debug][gc,age         ] GC(166) Desired survivor size 524288 bytes, new threshold 15 (max threshold 15)
[4117.917s][info ][gc,heap        ] GC(166) PSYoungGen: 2096256K(2096640K)->128K(2096640K) Eden: 2096128K(2096128K)->0K(2096128K) From: 128K(512K)->128K(512K)
[4117.917s][info ][gc,heap        ] GC(166) ParOldGen: 344388K(386560K)->344412K(386560K)
[4117.917s][info ][gc,metaspace   ] GC(166) Metaspace: 81725K(82752K)->81725K(82752K) NonClass: 70012K(70592K)->70012K(70592K) Class: 11712K(12160K)->11712K(12160K)
[4117.917s][info ][gc             ] GC(166) Pause Young (Allocation Failure) 2383M->336M(2425M) 3.076ms
[4117.917s][info ][gc,cpu         ] GC(166) User=0.01s Sys=0.00s Real=0.00s
[4117.917s][info ][safepoint      ] Safepoint "ParallelGCFailedAllocation", Time since last: 33897152096 ns, Reaching safepoint: 35500 ns, At safepoint: 3151923 ns, Total: 3187423 ns
[4151.813s][info ][gc,start       ] GC(167) Pause Young (Allocation Failure)
[4151.817s][debug][gc,phases      ] GC(167) Scavenge 3.127ms
[4151.817s][debug][gc,ref         ] GC(167) Skipped phase 1 of Reference Processing: no references
[4151.817s][debug][gc,ref         ] GC(167) Skipped phase 2 of Reference Processing: no references
[4151.817s][debug][gc,ref         ] GC(167) Skipped phase 3 of Reference Processing: no references
[4151.817s][debug][gc,ref         ] GC(167) Skipped phase 4 of Reference Processing: no references
[4151.817s][debug][gc,phases      ] GC(167) Reference Processing 0.020ms
[4151.817s][debug][gc,phases      ] GC(167)   VM Weak                        Min:  0.0, Avg:  0.0, Max:  0.0, Diff:  0.0, Sum:  0.0, Workers: 4
[4151.817s][debug][gc,phases      ] GC(167)     Dead                           Min: 0, Avg:  0.0, Max: 0, Diff: 0, Sum: 0, Workers: 4
[4151.817s][debug][gc,phases      ] GC(167)     Total                          Min: 0, Avg: 205.2, Max: 565, Diff: 565, Sum: 821, Workers: 4
[4151.817s][debug][gc,phases      ] GC(167)   ObjectSynchronizer Weak        Min:  0.0, Avg:  0.0, Max:  0.0, Diff:  0.0, Sum:  0.0, Workers: 4
[4151.817s][debug][gc,phases      ] GC(167)     Dead                           Min: 0, Avg:  0.0, Max: 0, Diff: 0, Sum: 0, Workers: 4
[4151.817s][debug][gc,phases      ] GC(167)     Total                          Min: 0, Avg:  8.8, Max: 35, Diff: 35, Sum: 35, Workers: 4
[4151.817s][debug][gc,phases      ] GC(167)   JVMTI Tag Weak OopStorage      Min:  0.0, Avg:  0.0, Max:  0.0, Diff:  0.0, Sum:  0.0, Workers: 4
[4151.817s][debug][gc,phases      ] GC(167)     Dead                           Min: 0, Avg:  0.0, Max: 0, Diff: 0, Sum: 0, Workers: 4
[4151.817s][debug][gc,phases      ] GC(167)     Total                          Min: 0, Avg:  0.0, Max: 0, Diff: 0, Sum: 0, Workers: 4
[4151.817s][debug][gc,phases      ] GC(167)   StringTable Weak               Min:  0.0, Avg:  0.1, Max:  0.1, Diff:  0.1, Sum:  0.3, Workers: 4
[4151.817s][debug][gc,phases      ] GC(167)     Dead                           Min: 0, Avg:  0.0, Max: 0, Diff: 0, Sum: 0, Workers: 4
[4151.817s][debug][gc,phases      ] GC(167)     Total                          Min: 0, Avg: 10928.2, Max: 17665, Diff: 17665, Sum: 43713, Workers: 4
[4151.817s][debug][gc,phases      ] GC(167)   ResolvedMethodTable Weak       Min:  0.0, Avg:  0.0, Max:  0.0, Diff:  0.0, Sum:  0.1, Workers: 4
[4151.817s][debug][gc,phases      ] GC(167)     Dead                           Min: 0, Avg:  0.0, Max: 0, Diff: 0, Sum: 0, Workers: 4
[4151.817s][debug][gc,phases      ] GC(167)     Total                          Min: 0, Avg: 2352.0, Max: 4032, Diff: 4032, Sum: 9408, Workers: 4
[4151.817s][debug][gc,phases      ] GC(167)   JNI Weak                       Min:  0.0, Avg:  0.0, Max:  0.0, Diff:  0.0, Sum:  0.0, Workers: 4
[4151.817s][debug][gc,phases      ] GC(167)     Dead                           Min: 0, Avg:  0.0, Max: 0, Diff: 0, Sum: 0, Workers: 4
[4151.817s][debug][gc,phases      ] GC(167)     Total                          Min: 0, Avg: 11.2, Max: 45, Diff: 45, Sum: 45, Workers: 4
[4151.817s][debug][gc,phases      ] GC(167)   StringDedup Table Weak         Min:  0.0, Avg:  0.0, Max:  0.0, Diff:  0.0, Sum:  0.0, Workers: 4
[4151.817s][debug][gc,phases      ] GC(167)     Dead                           Min: 0, Avg:  0.0, Max: 0, Diff: 0, Sum: 0, Workers: 4
[4151.817s][debug][gc,phases      ] GC(167)     Total                          Min: 0, Avg:  0.0, Max: 0, Diff: 0, Sum: 0, Workers: 4
[4151.817s][debug][gc,phases      ] GC(167)   StringDedup Requests0 Weak     Min:  0.0, Avg:  0.0, Max:  0.0, Diff:  0.0, Sum:  0.0, Workers: 4
[4151.817s][debug][gc,phases      ] GC(167)     Dead                           Min: 0, Avg:  0.0, Max: 0, Diff: 0, Sum: 0, Workers: 4
[4151.817s][debug][gc,phases      ] GC(167)     Total                          Min: 0, Avg:  0.0, Max: 0, Diff: 0, Sum: 0, Workers: 4
[4151.817s][debug][gc,phases      ] GC(167)   StringDedup Requests1 Weak     Min:  0.0, Avg:  0.0, Max:  0.0, Diff:  0.0, Sum:  0.0, Workers: 4
[4151.817s][debug][gc,phases      ] GC(167)     Dead                           Min: 0, Avg:  0.0, Max: 0, Diff: 0, Sum: 0, Workers: 4
[4151.817s][debug][gc,phases      ] GC(167)     Total                          Min: 0, Avg:  0.0, Max: 0, Diff: 0, Sum: 0, Workers: 4
[4151.817s][debug][gc,phases      ] GC(167)   Weak JFR Old Object Samples    Min:  0.0, Avg:  0.0, Max:  0.0, Diff:  0.0, Sum:  0.0, Workers: 4
[4151.817s][debug][gc,phases      ] GC(167)     Dead                           Min: 0, Avg:  0.0, Max: 0, Diff: 0, Sum: 0, Workers: 4
[4151.817s][debug][gc,phases      ] GC(167)     Total                          Min: 0, Avg:  0.0, Max: 0, Diff: 0, Sum: 0, Workers: 4
[4151.817s][debug][gc,phases      ] GC(167) Weak Processing 0.384ms
[4151.817s][debug][gc,age         ] GC(167) Desired survivor size 524288 bytes, new threshold 15 (max threshold 15)
[4151.817s][info ][gc,heap        ] GC(167) PSYoungGen: 2096256K(2096640K)->128K(2096640K) Eden: 2096128K(2096128K)->0K(2096128K) From: 128K(512K)->128K(512K)
[4151.817s][info ][gc,heap        ] GC(167) ParOldGen: 344412K(386560K)->344420K(386560K)
[4151.817s][info ][gc,metaspace   ] GC(167) Metaspace: 81725K(82752K)->81725K(82752K) NonClass: 70012K(70592K)->70012K(70592K) Class: 11712K(12160K)->11712K(12160K)
[4151.817s][info ][gc             ] GC(167) Pause Young (Allocation Failure) 2383M->336M(2425M) 3.638ms
[4151.817s][info ][gc,cpu         ] GC(167) User=0.01s Sys=0.01s Real=0.00s
[4151.817s][info ][safepoint      ] Safepoint "ParallelGCFailedAllocation", Time since last: 33896823993 ns, Reaching safepoint: 35901 ns, At safepoint: 3693526 ns, Total: 3729427 ns
[4185.666s][info ][gc,start       ] GC(168) Pause Young (Allocation Failure)
[4185.669s][debug][gc,phases      ] GC(168) Scavenge 2.874ms
[4185.669s][debug][gc,ref         ] GC(168) Skipped phase 1 of Reference Processing: no references
[4185.669s][debug][gc,ref         ] GC(168) Skipped phase 2 of Reference Processing: no references
[4185.669s][debug][gc,ref         ] GC(168) Skipped phase 3 of Reference Processing: no references
[4185.669s][debug][gc,ref         ] GC(168) Skipped phase 4 of Reference Processing: no references
[4185.669s][debug][gc,phases      ] GC(168) Reference Processing 0.020ms
[4185.669s][debug][gc,phases      ] GC(168)   VM Weak                        Min:  0.0, Avg:  0.0, Max:  0.0, Diff:  0.0, Sum:  0.0, Workers: 4
[4185.669s][debug][gc,phases      ] GC(168)     Dead                           Min: 0, Avg:  0.0, Max: 0, Diff: 0, Sum: 0, Workers: 4
[4185.669s][debug][gc,phases      ] GC(168)     Total                          Min: 0, Avg: 205.2, Max: 565, Diff: 565, Sum: 821, Workers: 4
[4185.669s][debug][gc,phases      ] GC(168)   ObjectSynchronizer Weak        Min:  0.0, Avg:  0.0, Max:  0.0, Diff:  0.0, Sum:  0.0, Workers: 4
[4185.669s][debug][gc,phases      ] GC(168)     Dead                           Min: 0, Avg:  0.0, Max: 0, Diff: 0, Sum: 0, Workers: 4
[4185.669s][debug][gc,phases      ] GC(168)     Total                          Min: 0, Avg:  8.8, Max: 35, Diff: 35, Sum: 35, Workers: 4
[4185.669s][debug][gc,phases      ] GC(168)   JVMTI Tag Weak OopStorage      Min:  0.0, Avg:  0.0, Max:  0.0, Diff:  0.0, Sum:  0.0, Workers: 4
[4185.669s][debug][gc,phases      ] GC(168)     Dead                           Min: 0, Avg:  0.0, Max: 0, Diff: 0, Sum: 0, Workers: 4
[4185.669s][debug][gc,phases      ] GC(168)     Total                          Min: 0, Avg:  0.0, Max: 0, Diff: 0, Sum: 0, Workers: 4
[4185.669s][debug][gc,phases      ] GC(168)   StringTable Weak               Min:  0.0, Avg:  0.1, Max:  0.1, Diff:  0.1, Sum:  0.3, Workers: 4
[4185.669s][debug][gc,phases      ] GC(168)     Dead                           Min: 0, Avg:  0.0, Max: 0, Diff: 0, Sum: 0, Workers: 4
[4185.669s][debug][gc,phases      ] GC(168)     Total                          Min: 0, Avg: 10928.2, Max: 17088, Diff: 17088, Sum: 43713, Workers: 4
[4185.669s][debug][gc,phases      ] GC(168)   ResolvedMethodTable Weak       Min:  0.0, Avg:  0.0, Max:  0.0, Diff:  0.0, Sum:  0.1, Workers: 4
[4185.669s][debug][gc,phases      ] GC(168)     Dead                           Min: 0, Avg:  0.0, Max: 0, Diff: 0, Sum: 0, Workers: 4
[4185.669s][debug][gc,phases      ] GC(168)     Total                          Min: 0, Avg: 2352.0, Max: 4096, Diff: 4096, Sum: 9408, Workers: 4
[4185.669s][debug][gc,phases      ] GC(168)   JNI Weak                       Min:  0.0, Avg:  0.0, Max:  0.0, Diff:  0.0, Sum:  0.0, Workers: 4
[4185.669s][debug][gc,phases      ] GC(168)     Dead                           Min: 0, Avg:  0.0, Max: 0, Diff: 0, Sum: 0, Workers: 4
[4185.669s][debug][gc,phases      ] GC(168)     Total                          Min: 0, Avg: 11.2, Max: 45, Diff: 45, Sum: 45, Workers: 4
[4185.669s][debug][gc,phases      ] GC(168)   StringDedup Table Weak         Min:  0.0, Avg:  0.0, Max:  0.0, Diff:  0.0, Sum:  0.0, Workers: 4
[4185.669s][debug][gc,phases      ] GC(168)     Dead                           Min: 0, Avg:  0.0, Max: 0, Diff: 0, Sum: 0, Workers: 4
[4185.669s][debug][gc,phases      ] GC(168)     Total                          Min: 0, Avg:  0.0, Max: 0, Diff: 0, Sum: 0, Workers: 4
[4185.669s][debug][gc,phases      ] GC(168)   StringDedup Requests0 Weak     Min:  0.0, Avg:  0.0, Max:  0.0, Diff:  0.0, Sum:  0.0, Workers: 4
[4185.669s][debug][gc,phases      ] GC(168)     Dead                           Min: 0, Avg:  0.0, Max: 0, Diff: 0, Sum: 0, Workers: 4
[4185.669s][debug][gc,phases      ] GC(168)     Total                          Min: 0, Avg:  0.0, Max: 0, Diff: 0, Sum: 0, Workers: 4
[4185.669s][debug][gc,phases      ] GC(168)   StringDedup Requests1 Weak     Min:  0.0, Avg:  0.0, Max:  0.0, Diff:  0.0, Sum:  0.0, Workers: 4
[4185.669s][debug][gc,phases      ] GC(168)     Dead                           Min: 0, Avg:  0.0, Max: 0, Diff: 0, Sum: 0, Workers: 4
[4185.669s][debug][gc,phases      ] GC(168)     Total                          Min: 0, Avg:  0.0, Max: 0, Diff: 0, Sum: 0, Workers: 4
[4185.669s][debug][gc,phases      ] GC(168)   Weak JFR Old Object Samples    Min:  0.0, Avg:  0.0, Max:  0.0, Diff:  0.0, Sum:  0.0, Workers: 4
[4185.669s][debug][gc,phases      ] GC(168)     Dead                           Min: 0, Avg:  0.0, Max: 0, Diff: 0, Sum: 0, Workers: 4
[4185.669s][debug][gc,phases      ] GC(168)     Total                          Min: 0, Avg:  0.0, Max: 0, Diff: 0, Sum: 0, Workers: 4
[4185.669s][debug][gc,phases      ] GC(168) Weak Processing 0.326ms
[4185.669s][debug][gc,age         ] GC(168) Desired survivor size 524288 bytes, new threshold 15 (max threshold 15)
[4185.669s][info ][gc,heap        ] GC(168) PSYoungGen: 2096256K(2096640K)->128K(2096640K) Eden: 2096128K(2096128K)->0K(2096128K) From: 128K(512K)->128K(512K)
[4185.669s][info ][gc,heap        ] GC(168) ParOldGen: 344420K(386560K)->344428K(386560K)
[4185.669s][info ][gc,metaspace   ] GC(168) Metaspace: 81725K(82752K)->81725K(82752K) NonClass: 70012K(70592K)->70012K(70592K) Class: 11712K(12160K)->11712K(12160K)
[4185.669s][info ][gc             ] GC(168) Pause Young (Allocation Failure) 2383M->336M(2425M) 3.318ms
[4185.669s][info ][gc,cpu         ] GC(168) User=0.01s Sys=0.00s Real=0.00s
[4185.669s][info ][safepoint      ] Safepoint "ParallelGCFailedAllocation", Time since last: 33848544046 ns, Reaching safepoint: 37800 ns, At safepoint: 3409625 ns, Total: 3447425 ns
[4215.671s][info ][safepoint      ] Safepoint "Cleanup", Time since last: 30001918213 ns, Reaching safepoint: 39401 ns, At safepoint: 2300 ns, Total: 41701 ns
[4219.463s][info ][gc,start       ] GC(169) Pause Young (Allocation Failure)
[4219.465s][debug][gc,phases      ] GC(169) Scavenge 1.614ms
[4219.465s][debug][gc,ref         ] GC(169) Skipped phase 1 of Reference Processing: no references
[4219.465s][debug][gc,ref         ] GC(169) ReferenceProcessor::execute queues: 1, RefProcThreadModel::Single, marks_oops_alive: false
[4219.465s][debug][gc,ref         ] GC(169) Skipped phase 3 of Reference Processing: no references
[4219.465s][debug][gc,ref         ] GC(169) Skipped phase 4 of Reference Processing: no references
[4219.465s][debug][gc,phases      ] GC(169) Reference Processing 0.103ms
[4219.465s][debug][gc,phases      ] GC(169)   VM Weak                        Min:  0.0, Avg:  0.0, Max:  0.0, Diff:  0.0, Sum:  0.0, Workers: 4
[4219.465s][debug][gc,phases      ] GC(169)     Dead                           Min: 0, Avg:  0.0, Max: 0, Diff: 0, Sum: 0, Workers: 4
[4219.465s][debug][gc,phases      ] GC(169)     Total                          Min: 0, Avg: 205.2, Max: 512, Diff: 512, Sum: 821, Workers: 4
[4219.465s][debug][gc,phases      ] GC(169)   ObjectSynchronizer Weak        Min:  0.0, Avg:  0.0, Max:  0.0, Diff:  0.0, Sum:  0.0, Workers: 4
[4219.465s][debug][gc,phases      ] GC(169)     Dead                           Min: 0, Avg:  0.0, Max: 0, Diff: 0, Sum: 0, Workers: 4
[4219.465s][debug][gc,phases      ] GC(169)     Total                          Min: 0, Avg:  8.8, Max: 35, Diff: 35, Sum: 35, Workers: 4
[4219.465s][debug][gc,phases      ] GC(169)   JVMTI Tag Weak OopStorage      Min:  0.0, Avg:  0.0, Max:  0.0, Diff:  0.0, Sum:  0.0, Workers: 4
[4219.465s][debug][gc,phases      ] GC(169)     Dead                           Min: 0, Avg:  0.0, Max: 0, Diff: 0, Sum: 0, Workers: 4
[4219.465s][debug][gc,phases      ] GC(169)     Total                          Min: 0, Avg:  0.0, Max: 0, Diff: 0, Sum: 0, Workers: 4
[4219.465s][debug][gc,phases      ] GC(169)   StringTable Weak               Min:  0.1, Avg:  0.1, Max:  0.1, Diff:  0.0, Sum:  0.4, Workers: 4
[4219.465s][debug][gc,phases      ] GC(169)     Dead                           Min: 0, Avg:  0.0, Max: 0, Diff: 0, Sum: 0, Workers: 4
[4219.465s][debug][gc,phases      ] GC(169)     Total                          Min: 6976, Avg: 10929.2, Max: 13760, Diff: 6784, Sum: 43717, Workers: 4
[4219.465s][debug][gc,phases      ] GC(169)   ResolvedMethodTable Weak       Min:  0.0, Avg:  0.0, Max:  0.0, Diff:  0.0, Sum:  0.1, Workers: 4
[4219.465s][debug][gc,phases      ] GC(169)     Dead                           Min: 0, Avg:  0.0, Max: 0, Diff: 0, Sum: 0, Workers: 4
[4219.465s][debug][gc,phases      ] GC(169)     Total                          Min: 1280, Avg: 2352.0, Max: 3136, Diff: 1856, Sum: 9408, Workers: 4
[4219.465s][debug][gc,phases      ] GC(169)   JNI Weak                       Min:  0.0, Avg:  0.0, Max:  0.0, Diff:  0.0, Sum:  0.0, Workers: 4
[4219.465s][debug][gc,phases      ] GC(169)     Dead                           Min: 0, Avg:  0.0, Max: 0, Diff: 0, Sum: 0, Workers: 4
[4219.465s][debug][gc,phases      ] GC(169)     Total                          Min: 0, Avg: 11.2, Max: 45, Diff: 45, Sum: 45, Workers: 4
[4219.465s][debug][gc,phases      ] GC(169)   StringDedup Table Weak         Min:  0.0, Avg:  0.0, Max:  0.0, Diff:  0.0, Sum:  0.0, Workers: 4
[4219.465s][debug][gc,phases      ] GC(169)     Dead                           Min: 0, Avg:  0.0, Max: 0, Diff: 0, Sum: 0, Workers: 4
[4219.465s][debug][gc,phases      ] GC(169)     Total                          Min: 0, Avg:  0.0, Max: 0, Diff: 0, Sum: 0, Workers: 4
[4219.465s][debug][gc,phases      ] GC(169)   StringDedup Requests0 Weak     Min:  0.0, Avg:  0.0, Max:  0.0, Diff:  0.0, Sum:  0.0, Workers: 4
[4219.465s][debug][gc,phases      ] GC(169)     Dead                           Min: 0, Avg:  0.0, Max: 0, Diff: 0, Sum: 0, Workers: 4
[4219.465s][debug][gc,phases      ] GC(169)     Total                          Min: 0, Avg:  0.0, Max: 0, Diff: 0, Sum: 0, Workers: 4
[4219.465s][debug][gc,phases      ] GC(169)   StringDedup Requests1 Weak     Min:  0.0, Avg:  0.0, Max:  0.0, Diff:  0.0, Sum:  0.0, Workers: 4
[4219.465s][debug][gc,phases      ] GC(169)     Dead                           Min: 0, Avg:  0.0, Max: 0, Diff: 0, Sum: 0, Workers: 4
[4219.465s][debug][gc,phases      ] GC(169)     Total                          Min: 0, Avg:  0.0, Max: 0, Diff: 0, Sum: 0, Workers: 4
[4219.465s][debug][gc,phases      ] GC(169)   Weak JFR Old Object Samples    Min:  0.0, Avg:  0.0, Max:  0.0, Diff:  0.0, Sum:  0.0, Workers: 4
[4219.465s][debug][gc,phases      ] GC(169)     Dead                           Min: 0, Avg:  0.0, Max: 0, Diff: 0, Sum: 0, Workers: 4
[4219.465s][debug][gc,phases      ] GC(169)     Total                          Min: 0, Avg:  0.0, Max: 0, Diff: 0, Sum: 0, Workers: 4
[4219.465s][debug][gc,phases      ] GC(169) Weak Processing 0.297ms
[4219.465s][debug][gc,age         ] GC(169) Desired survivor size 524288 bytes, new threshold 15 (max threshold 15)
[4219.465s][info ][gc,heap        ] GC(169) PSYoungGen: 2096256K(2096640K)->128K(2096640K) Eden: 2096128K(2096128K)->0K(2096128K) From: 128K(512K)->128K(512K)
[4219.465s][info ][gc,heap        ] GC(169) ParOldGen: 344428K(386560K)->344436K(386560K)
[4219.465s][info ][gc,metaspace   ] GC(169) Metaspace: 81725K(82752K)->81725K(82752K) NonClass: 70013K(70592K)->70013K(70592K) Class: 11712K(12160K)->11712K(12160K)
[4219.465s][info ][gc             ] GC(169) Pause Young (Allocation Failure) 2383M->336M(2425M) 2.109ms
[4219.465s][info ][gc,cpu         ] GC(169) User=0.00s Sys=0.00s Real=0.00s
[4219.465s][info ][safepoint      ] Safepoint "ParallelGCFailedAllocation", Time since last: 3791957648 ns, Reaching safepoint: 36101 ns, At safepoint: 2188718 ns, Total: 2224819 ns
[4253.314s][info ][gc,start       ] GC(170) Pause Young (Allocation Failure)
[4253.317s][debug][gc,phases      ] GC(170) Scavenge 2.434ms
[4253.317s][debug][gc,ref         ] GC(170) Skipped phase 1 of Reference Processing: no references
[4253.317s][debug][gc,ref         ] GC(170) ReferenceProcessor::execute queues: 1, RefProcThreadModel::Single, marks_oops_alive: false
[4253.317s][debug][gc,ref         ] GC(170) Skipped phase 3 of Reference Processing: no references
[4253.317s][debug][gc,ref         ] GC(170) Skipped phase 4 of Reference Processing: no references
[4253.317s][debug][gc,phases      ] GC(170) Reference Processing 0.087ms
[4253.317s][debug][gc,phases      ] GC(170)   VM Weak                        Min:  0.0, Avg:  0.0, Max:  0.0, Diff:  0.0, Sum:  0.0, Workers: 4
[4253.317s][debug][gc,phases      ] GC(170)     Dead                           Min: 0, Avg:  0.0, Max: 0, Diff: 0, Sum: 0, Workers: 4
[4253.317s][debug][gc,phases      ] GC(170)     Total                          Min: 0, Avg: 205.2, Max: 512, Diff: 512, Sum: 821, Workers: 4
[4253.317s][debug][gc,phases      ] GC(170)   ObjectSynchronizer Weak        Min:  0.0, Avg:  0.0, Max:  0.0, Diff:  0.0, Sum:  0.0, Workers: 4
[4253.317s][debug][gc,phases      ] GC(170)     Dead                           Min: 0, Avg:  0.0, Max: 0, Diff: 0, Sum: 0, Workers: 4
[4253.317s][debug][gc,phases      ] GC(170)     Total                          Min: 0, Avg:  8.8, Max: 35, Diff: 35, Sum: 35, Workers: 4
[4253.317s][debug][gc,phases      ] GC(170)   JVMTI Tag Weak OopStorage      Min:  0.0, Avg:  0.0, Max:  0.0, Diff:  0.0, Sum:  0.0, Workers: 4
[4253.317s][debug][gc,phases      ] GC(170)     Dead                           Min: 0, Avg:  0.0, Max: 0, Diff: 0, Sum: 0, Workers: 4
[4253.317s][debug][gc,phases      ] GC(170)     Total                          Min: 0, Avg:  0.0, Max: 0, Diff: 0, Sum: 0, Workers: 4
[4253.317s][debug][gc,phases      ] GC(170)   StringTable Weak               Min:  0.1, Avg:  0.1, Max:  0.1, Diff:  0.0, Sum:  0.4, Workers: 4
[4253.317s][debug][gc,phases      ] GC(170)     Dead                           Min: 0, Avg:  0.0, Max: 0, Diff: 0, Sum: 0, Workers: 4
[4253.317s][debug][gc,phases      ] GC(170)     Total                          Min: 10112, Avg: 10929.2, Max: 11520, Diff: 1408, Sum: 43717, Workers: 4
[4253.317s][debug][gc,phases      ] GC(170)   ResolvedMethodTable Weak       Min:  0.0, Avg:  0.0, Max:  0.0, Diff:  0.0, Sum:  0.1, Workers: 4
[4253.317s][debug][gc,phases      ] GC(170)     Dead                           Min: 0, Avg:  0.0, Max: 0, Diff: 0, Sum: 0, Workers: 4
[4253.317s][debug][gc,phases      ] GC(170)     Total                          Min: 2304, Avg: 2352.0, Max: 2432, Diff: 128, Sum: 9408, Workers: 4
[4253.317s][debug][gc,phases      ] GC(170)   JNI Weak                       Min:  0.0, Avg:  0.0, Max:  0.0, Diff:  0.0, Sum:  0.0, Workers: 4
[4253.317s][debug][gc,phases      ] GC(170)     Dead                           Min: 0, Avg:  0.0, Max: 0, Diff: 0, Sum: 0, Workers: 4
[4253.317s][debug][gc,phases      ] GC(170)     Total                          Min: 0, Avg: 11.2, Max: 45, Diff: 45, Sum: 45, Workers: 4
[4253.317s][debug][gc,phases      ] GC(170)   StringDedup Table Weak         Min:  0.0, Avg:  0.0, Max:  0.0, Diff:  0.0, Sum:  0.0, Workers: 4
[4253.317s][debug][gc,phases      ] GC(170)     Dead                           Min: 0, Avg:  0.0, Max: 0, Diff: 0, Sum: 0, Workers: 4
[4253.317s][debug][gc,phases      ] GC(170)     Total                          Min: 0, Avg:  0.0, Max: 0, Diff: 0, Sum: 0, Workers: 4
[4253.317s][debug][gc,phases      ] GC(170)   StringDedup Requests0 Weak     Min:  0.0, Avg:  0.0, Max:  0.0, Diff:  0.0, Sum:  0.0, Workers: 4
[4253.317s][debug][gc,phases      ] GC(170)     Dead                           Min: 0, Avg:  0.0, Max: 0, Diff: 0, Sum: 0, Workers: 4
[4253.317s][debug][gc,phases      ] GC(170)     Total                          Min: 0, Avg:  0.0, Max: 0, Diff: 0, Sum: 0, Workers: 4
[4253.317s][debug][gc,phases      ] GC(170)   StringDedup Requests1 Weak     Min:  0.0, Avg:  0.0, Max:  0.0, Diff:  0.0, Sum:  0.0, Workers: 4
[4253.317s][debug][gc,phases      ] GC(170)     Dead                           Min: 0, Avg:  0.0, Max: 0, Diff: 0, Sum: 0, Workers: 4
[4253.317s][debug][gc,phases      ] GC(170)     Total                          Min: 0, Avg:  0.0, Max: 0, Diff: 0, Sum: 0, Workers: 4
[4253.317s][debug][gc,phases      ] GC(170)   Weak JFR Old Object Samples    Min:  0.0, Avg:  0.0, Max:  0.0, Diff:  0.0, Sum:  0.0, Workers: 4
[4253.317s][debug][gc,phases      ] GC(170)     Dead                           Min: 0, Avg:  0.0, Max: 0, Diff: 0, Sum: 0, Workers: 4
[4253.317s][debug][gc,phases      ] GC(170)     Total                          Min: 0, Avg:  0.0, Max: 0, Diff: 0, Sum: 0, Workers: 4
[4253.317s][debug][gc,phases      ] GC(170) Weak Processing 0.276ms
[4253.317s][debug][gc,age         ] GC(170) Desired survivor size 524288 bytes, new threshold 15 (max threshold 15)
[4253.317s][info ][gc,heap        ] GC(170) PSYoungGen: 2096256K(2096640K)->128K(2096640K) Eden: 2096128K(2096128K)->0K(2096128K) From: 128K(512K)->128K(512K)
[4253.317s][info ][gc,heap        ] GC(170) ParOldGen: 344436K(386560K)->344444K(386560K)
[4253.317s][info ][gc,metaspace   ] GC(170) Metaspace: 81725K(82752K)->81725K(82752K) NonClass: 70013K(70592K)->70013K(70592K) Class: 11712K(12160K)->11712K(12160K)
[4253.317s][info ][gc             ] GC(170) Pause Young (Allocation Failure) 2383M->336M(2425M) 2.895ms
[4253.317s][info ][gc,cpu         ] GC(170) User=0.01s Sys=0.00s Real=0.00s
[4253.317s][info ][safepoint      ] Safepoint "ParallelGCFailedAllocation", Time since last: 33848753347 ns, Reaching safepoint: 31200 ns, At safepoint: 2962724 ns, Total: 2993924 ns
[4287.164s][info ][gc,start       ] GC(171) Pause Young (Allocation Failure)
[4287.166s][debug][gc,phases      ] GC(171) Scavenge 2.628ms
[4287.166s][debug][gc,ref         ] GC(171) Skipped phase 1 of Reference Processing: no references
[4287.166s][debug][gc,ref         ] GC(171) ReferenceProcessor::execute queues: 1, RefProcThreadModel::Single, marks_oops_alive: false
[4287.167s][debug][gc,ref         ] GC(171) Skipped phase 3 of Reference Processing: no references
[4287.167s][debug][gc,ref         ] GC(171) Skipped phase 4 of Reference Processing: no references
[4287.167s][debug][gc,phases      ] GC(171) Reference Processing 0.100ms
[4287.167s][debug][gc,phases      ] GC(171)   VM Weak                        Min:  0.0, Avg:  0.0, Max:  0.0, Diff:  0.0, Sum:  0.0, Workers: 4
[4287.167s][debug][gc,phases      ] GC(171)     Dead                           Min: 0, Avg:  0.0, Max: 0, Diff: 0, Sum: 0, Workers: 4
[4287.167s][debug][gc,phases      ] GC(171)     Total                          Min: 0, Avg: 205.2, Max: 629, Diff: 629, Sum: 821, Workers: 4
[4287.167s][debug][gc,phases      ] GC(171)   ObjectSynchronizer Weak        Min:  0.0, Avg:  0.0, Max:  0.0, Diff:  0.0, Sum:  0.0, Workers: 4
[4287.167s][debug][gc,phases      ] GC(171)     Dead                           Min: 0, Avg:  0.0, Max: 0, Diff: 0, Sum: 0, Workers: 4
[4287.167s][debug][gc,phases      ] GC(171)     Total                          Min: 0, Avg:  8.8, Max: 35, Diff: 35, Sum: 35, Workers: 4
[4287.167s][debug][gc,phases      ] GC(171)   JVMTI Tag Weak OopStorage      Min:  0.0, Avg:  0.0, Max:  0.0, Diff:  0.0, Sum:  0.0, Workers: 4
[4287.167s][debug][gc,phases      ] GC(171)     Dead                           Min: 0, Avg:  0.0, Max: 0, Diff: 0, Sum: 0, Workers: 4
[4287.167s][debug][gc,phases      ] GC(171)     Total                          Min: 0, Avg:  0.0, Max: 0, Diff: 0, Sum: 0, Workers: 4
[4287.167s][debug][gc,phases      ] GC(171)   StringTable Weak               Min:  0.0, Avg:  0.1, Max:  0.1, Diff:  0.1, Sum:  0.4, Workers: 4
[4287.167s][debug][gc,phases      ] GC(171)     Dead                           Min: 0, Avg:  0.0, Max: 0, Diff: 0, Sum: 0, Workers: 4
[4287.167s][debug][gc,phases      ] GC(171)     Total                          Min: 0, Avg: 10929.2, Max: 17280, Diff: 17280, Sum: 43717, Workers: 4
[4287.167s][debug][gc,phases      ] GC(171)   ResolvedMethodTable Weak       Min:  0.0, Avg:  0.0, Max:  0.0, Diff:  0.0, Sum:  0.1, Workers: 4
[4287.167s][debug][gc,phases      ] GC(171)     Dead                           Min: 0, Avg:  0.0, Max: 0, Diff: 0, Sum: 0, Workers: 4
[4287.167s][debug][gc,phases      ] GC(171)     Total                          Min: 0, Avg: 2352.0, Max: 4096, Diff: 4096, Sum: 9408, Workers: 4
[4287.167s][debug][gc,phases      ] GC(171)   JNI Weak                       Min:  0.0, Avg:  0.0, Max:  0.0, Diff:  0.0, Sum:  0.0, Workers: 4
[4287.167s][debug][gc,phases      ] GC(171)     Dead                           Min: 0, Avg:  0.0, Max: 0, Diff: 0, Sum: 0, Workers: 4
[4287.167s][debug][gc,phases      ] GC(171)     Total                          Min: 0, Avg: 11.2, Max: 45, Diff: 45, Sum: 45, Workers: 4
[4287.167s][debug][gc,phases      ] GC(171)   StringDedup Table Weak         Min:  0.0, Avg:  0.0, Max:  0.0, Diff:  0.0, Sum:  0.0, Workers: 4
[4287.167s][debug][gc,phases      ] GC(171)     Dead                           Min: 0, Avg:  0.0, Max: 0, Diff: 0, Sum: 0, Workers: 4
[4287.167s][debug][gc,phases      ] GC(171)     Total                          Min: 0, Avg:  0.0, Max: 0, Diff: 0, Sum: 0, Workers: 4
[4287.167s][debug][gc,phases      ] GC(171)   StringDedup Requests0 Weak     Min:  0.0, Avg:  0.0, Max:  0.0, Diff:  0.0, Sum:  0.0, Workers: 4
[4287.167s][debug][gc,phases      ] GC(171)     Dead                           Min: 0, Avg:  0.0, Max: 0, Diff: 0, Sum: 0, Workers: 4
[4287.167s][debug][gc,phases      ] GC(171)     Total                          Min: 0, Avg:  0.0, Max: 0, Diff: 0, Sum: 0, Workers: 4
[4287.167s][debug][gc,phases      ] GC(171)   StringDedup Requests1 Weak     Min:  0.0, Avg:  0.0, Max:  0.0, Diff:  0.0, Sum:  0.0, Workers: 4
[4287.167s][debug][gc,phases      ] GC(171)     Dead                           Min: 0, Avg:  0.0, Max: 0, Diff: 0, Sum: 0, Workers: 4
[4287.167s][debug][gc,phases      ] GC(171)     Total                          Min: 0, Avg:  0.0, Max: 0, Diff: 0, Sum: 0, Workers: 4
[4287.167s][debug][gc,phases      ] GC(171)   Weak JFR Old Object Samples    Min:  0.0, Avg:  0.0, Max:  0.0, Diff:  0.0, Sum:  0.0, Workers: 4
[4287.167s][debug][gc,phases      ] GC(171)     Dead                           Min: 0, Avg:  0.0, Max: 0, Diff: 0, Sum: 0, Workers: 4
[4287.167s][debug][gc,phases      ] GC(171)     Total                          Min: 0, Avg:  0.0, Max: 0, Diff: 0, Sum: 0, Workers: 4
[4287.167s][debug][gc,phases      ] GC(171) Weak Processing 0.334ms
[4287.167s][debug][gc,age         ] GC(171) Desired survivor size 524288 bytes, new threshold 15 (max threshold 15)
[4287.167s][info ][gc,heap        ] GC(171) PSYoungGen: 2096256K(2096640K)->128K(2096640K) Eden: 2096128K(2096128K)->0K(2096128K) From: 128K(512K)->128K(512K)
[4287.167s][info ][gc,heap        ] GC(171) ParOldGen: 344444K(386560K)->344444K(386560K)
[4287.167s][info ][gc,metaspace   ] GC(171) Metaspace: 81725K(82752K)->81725K(82752K) NonClass: 70013K(70592K)->70013K(70592K) Class: 11712K(12160K)->11712K(12160K)
[4287.167s][info ][gc             ] GC(171) Pause Young (Allocation Failure) 2383M->336M(2425M) 3.194ms
[4287.167s][info ][gc,cpu         ] GC(171) User=0.01s Sys=0.00s Real=0.00s
[4287.167s][info ][safepoint      ] Safepoint "ParallelGCFailedAllocation", Time since last: 33846576356 ns, Reaching safepoint: 25400 ns, At safepoint: 3286626 ns, Total: 3312026 ns
[4321.014s][info ][gc,start       ] GC(172) Pause Young (Allocation Failure)
[4321.016s][debug][gc,phases      ] GC(172) Scavenge 2.602ms
[4321.016s][debug][gc,ref         ] GC(172) Skipped phase 1 of Reference Processing: no references
[4321.017s][debug][gc,ref         ] GC(172) ReferenceProcessor::execute queues: 1, RefProcThreadModel::Single, marks_oops_alive: false
[4321.017s][debug][gc,ref         ] GC(172) Skipped phase 3 of Reference Processing: no references
[4321.017s][debug][gc,ref         ] GC(172) Skipped phase 4 of Reference Processing: no references
[4321.017s][debug][gc,phases      ] GC(172) Reference Processing 0.100ms
[4321.017s][debug][gc,phases      ] GC(172)   VM Weak                        Min:  0.0, Avg:  0.0, Max:  0.0, Diff:  0.0, Sum:  0.0, Workers: 4
[4321.017s][debug][gc,phases      ] GC(172)     Dead                           Min: 0, Avg:  0.0, Max: 0, Diff: 0, Sum: 0, Workers: 4
[4321.017s][debug][gc,phases      ] GC(172)     Total                          Min: 0, Avg: 205.2, Max: 512, Diff: 512, Sum: 821, Workers: 4
[4321.017s][debug][gc,phases      ] GC(172)   ObjectSynchronizer Weak        Min:  0.0, Avg:  0.0, Max:  0.0, Diff:  0.0, Sum:  0.0, Workers: 4
[4321.017s][debug][gc,phases      ] GC(172)     Dead                           Min: 0, Avg:  0.0, Max: 0, Diff: 0, Sum: 0, Workers: 4
[4321.017s][debug][gc,phases      ] GC(172)     Total                          Min: 0, Avg:  8.8, Max: 35, Diff: 35, Sum: 35, Workers: 4
[4321.017s][debug][gc,phases      ] GC(172)   JVMTI Tag Weak OopStorage      Min:  0.0, Avg:  0.0, Max:  0.0, Diff:  0.0, Sum:  0.0, Workers: 4
[4321.017s][debug][gc,phases      ] GC(172)     Dead                           Min: 0, Avg:  0.0, Max: 0, Diff: 0, Sum: 0, Workers: 4
[4321.017s][debug][gc,phases      ] GC(172)     Total                          Min: 0, Avg:  0.0, Max: 0, Diff: 0, Sum: 0, Workers: 4
[4321.017s][debug][gc,phases      ] GC(172)   StringTable Weak               Min:  0.0, Avg:  0.1, Max:  0.1, Diff:  0.1, Sum:  0.3, Workers: 4
[4321.017s][debug][gc,phases      ] GC(172)     Dead                           Min: 0, Avg:  0.0, Max: 0, Diff: 0, Sum: 0, Workers: 4
[4321.017s][debug][gc,phases      ] GC(172)     Total                          Min: 0, Avg: 10929.2, Max: 17541, Diff: 17541, Sum: 43717, Workers: 4
[4321.017s][debug][gc,phases      ] GC(172)   ResolvedMethodTable Weak       Min:  0.0, Avg:  0.0, Max:  0.0, Diff:  0.0, Sum:  0.1, Workers: 4
[4321.017s][debug][gc,phases      ] GC(172)     Dead                           Min: 0, Avg:  0.0, Max: 0, Diff: 0, Sum: 0, Workers: 4
[4321.017s][debug][gc,phases      ] GC(172)     Total                          Min: 0, Avg: 2352.0, Max: 4096, Diff: 4096, Sum: 9408, Workers: 4
[4321.017s][debug][gc,phases      ] GC(172)   JNI Weak                       Min:  0.0, Avg:  0.0, Max:  0.0, Diff:  0.0, Sum:  0.0, Workers: 4
[4321.017s][debug][gc,phases      ] GC(172)     Dead                           Min: 0, Avg:  0.0, Max: 0, Diff: 0, Sum: 0, Workers: 4
[4321.017s][debug][gc,phases      ] GC(172)     Total                          Min: 0, Avg: 11.2, Max: 45, Diff: 45, Sum: 45, Workers: 4
[4321.017s][debug][gc,phases      ] GC(172)   StringDedup Table Weak         Min:  0.0, Avg:  0.0, Max:  0.0, Diff:  0.0, Sum:  0.0, Workers: 4
[4321.017s][debug][gc,phases      ] GC(172)     Dead                           Min: 0, Avg:  0.0, Max: 0, Diff: 0, Sum: 0, Workers: 4
[4321.017s][debug][gc,phases      ] GC(172)     Total                          Min: 0, Avg:  0.0, Max: 0, Diff: 0, Sum: 0, Workers: 4
[4321.017s][debug][gc,phases      ] GC(172)   StringDedup Requests0 Weak     Min:  0.0, Avg:  0.0, Max:  0.0, Diff:  0.0, Sum:  0.0, Workers: 4
[4321.017s][debug][gc,phases      ] GC(172)     Dead                           Min: 0, Avg:  0.0, Max: 0, Diff: 0, Sum: 0, Workers: 4
[4321.017s][debug][gc,phases      ] GC(172)     Total                          Min: 0, Avg:  0.0, Max: 0, Diff: 0, Sum: 0, Workers: 4
[4321.017s][debug][gc,phases      ] GC(172)   StringDedup Requests1 Weak     Min:  0.0, Avg:  0.0, Max:  0.0, Diff:  0.0, Sum:  0.0, Workers: 4
[4321.017s][debug][gc,phases      ] GC(172)     Dead                           Min: 0, Avg:  0.0, Max: 0, Diff: 0, Sum: 0, Workers: 4
[4321.017s][debug][gc,phases      ] GC(172)     Total                          Min: 0, Avg:  0.0, Max: 0, Diff: 0, Sum: 0, Workers: 4
[4321.017s][debug][gc,phases      ] GC(172)   Weak JFR Old Object Samples    Min:  0.0, Avg:  0.0, Max:  0.0, Diff:  0.0, Sum:  0.0, Workers: 4
[4321.017s][debug][gc,phases      ] GC(172)     Dead                           Min: 0, Avg:  0.0, Max: 0, Diff: 0, Sum: 0, Workers: 4
[4321.017s][debug][gc,phases      ] GC(172)     Total                          Min: 0, Avg:  0.0, Max: 0, Diff: 0, Sum: 0, Workers: 4
[4321.017s][debug][gc,phases      ] GC(172) Weak Processing 0.335ms
[4321.017s][debug][gc,age         ] GC(172) Desired survivor size 524288 bytes, new threshold 15 (max threshold 15)
[4321.017s][info ][gc,heap        ] GC(172) PSYoungGen: 2096256K(2096640K)->128K(2096640K) Eden: 2096128K(2096128K)->0K(2096128K) From: 128K(512K)->128K(512K)
[4321.017s][info ][gc,heap        ] GC(172) ParOldGen: 344444K(386560K)->344452K(386560K)
[4321.017s][info ][gc,metaspace   ] GC(172) Metaspace: 81725K(82752K)->81725K(82752K) NonClass: 70013K(70592K)->70013K(70592K) Class: 11712K(12160K)->11712K(12160K)
[4321.017s][info ][gc             ] GC(172) Pause Young (Allocation Failure) 2383M->336M(2425M) 3.122ms
[4321.017s][info ][gc,cpu         ] GC(172) User=0.00s Sys=0.00s Real=0.00s
[4321.017s][info ][safepoint      ] Safepoint "ParallelGCFailedAllocation", Time since last: 33846764080 ns, Reaching safepoint: 33700 ns, At safepoint: 3198926 ns, Total: 3232626 ns
[4354.912s][info ][gc,start       ] GC(173) Pause Young (Allocation Failure)
[4354.914s][debug][gc,phases      ] GC(173) Scavenge 2.384ms
[4354.914s][debug][gc,ref         ] GC(173) Skipped phase 1 of Reference Processing: no references
[4354.914s][debug][gc,ref         ] GC(173) ReferenceProcessor::execute queues: 1, RefProcThreadModel::Single, marks_oops_alive: false
[4354.914s][debug][gc,ref         ] GC(173) Skipped phase 3 of Reference Processing: no references
[4354.914s][debug][gc,ref         ] GC(173) Skipped phase 4 of Reference Processing: no references
[4354.914s][debug][gc,phases      ] GC(173) Reference Processing 0.072ms
[4354.915s][debug][gc,phases      ] GC(173)   VM Weak                        Min:  0.0, Avg:  0.0, Max:  0.0, Diff:  0.0, Sum:  0.0, Workers: 4
[4354.915s][debug][gc,phases      ] GC(173)     Dead                           Min: 0, Avg:  0.0, Max: 0, Diff: 0, Sum: 0, Workers: 4
[4354.915s][debug][gc,phases      ] GC(173)     Total                          Min: 0, Avg: 205.2, Max: 437, Diff: 437, Sum: 821, Workers: 4
[4354.915s][debug][gc,phases      ] GC(173)   ObjectSynchronizer Weak        Min:  0.0, Avg:  0.0, Max:  0.0, Diff:  0.0, Sum:  0.0, Workers: 4
[4354.915s][debug][gc,phases      ] GC(173)     Dead                           Min: 0, Avg:  0.0, Max: 0, Diff: 0, Sum: 0, Workers: 4
[4354.915s][debug][gc,phases      ] GC(173)     Total                          Min: 0, Avg:  8.8, Max: 35, Diff: 35, Sum: 35, Workers: 4
[4354.915s][debug][gc,phases      ] GC(173)   JVMTI Tag Weak OopStorage      Min:  0.0, Avg:  0.0, Max:  0.0, Diff:  0.0, Sum:  0.0, Workers: 4
[4354.915s][debug][gc,phases      ] GC(173)     Dead                           Min: 0, Avg:  0.0, Max: 0, Diff: 0, Sum: 0, Workers: 4
[4354.915s][debug][gc,phases      ] GC(173)     Total                          Min: 0, Avg:  0.0, Max: 0, Diff: 0, Sum: 0, Workers: 4
[4354.915s][debug][gc,phases      ] GC(173)   StringTable Weak               Min:  0.0, Avg:  0.1, Max:  0.1, Diff:  0.1, Sum:  0.3, Workers: 4
[4354.915s][debug][gc,phases      ] GC(173)     Dead                           Min: 0, Avg:  0.0, Max: 0, Diff: 0, Sum: 0, Workers: 4
[4354.915s][debug][gc,phases      ] GC(173)     Total                          Min: 0, Avg: 10929.2, Max: 17664, Diff: 17664, Sum: 43717, Workers: 4
[4354.915s][debug][gc,phases      ] GC(173)   ResolvedMethodTable Weak       Min:  0.0, Avg:  0.0, Max:  0.0, Diff:  0.0, Sum:  0.1, Workers: 4
[4354.915s][debug][gc,phases      ] GC(173)     Dead                           Min: 0, Avg:  0.0, Max: 0, Diff: 0, Sum: 0, Workers: 4
[4354.915s][debug][gc,phases      ] GC(173)     Total                          Min: 0, Avg: 2352.0, Max: 4096, Diff: 4096, Sum: 9408, Workers: 4
[4354.915s][debug][gc,phases      ] GC(173)   JNI Weak                       Min:  0.0, Avg:  0.0, Max:  0.0, Diff:  0.0, Sum:  0.0, Workers: 4
[4354.915s][debug][gc,phases      ] GC(173)     Dead                           Min: 0, Avg:  0.0, Max: 0, Diff: 0, Sum: 0, Workers: 4
[4354.915s][debug][gc,phases      ] GC(173)     Total                          Min: 0, Avg: 11.2, Max: 45, Diff: 45, Sum: 45, Workers: 4
[4354.915s][debug][gc,phases      ] GC(173)   StringDedup Table Weak         Min:  0.0, Avg:  0.0, Max:  0.0, Diff:  0.0, Sum:  0.0, Workers: 4
[4354.915s][debug][gc,phases      ] GC(173)     Dead                           Min: 0, Avg:  0.0, Max: 0, Diff: 0, Sum: 0, Workers: 4
[4354.915s][debug][gc,phases      ] GC(173)     Total                          Min: 0, Avg:  0.0, Max: 0, Diff: 0, Sum: 0, Workers: 4
[4354.915s][debug][gc,phases      ] GC(173)   StringDedup Requests0 Weak     Min:  0.0, Avg:  0.0, Max:  0.0, Diff:  0.0, Sum:  0.0, Workers: 4
[4354.915s][debug][gc,phases      ] GC(173)     Dead                           Min: 0, Avg:  0.0, Max: 0, Diff: 0, Sum: 0, Workers: 4
[4354.915s][debug][gc,phases      ] GC(173)     Total                          Min: 0, Avg:  0.0, Max: 0, Diff: 0, Sum: 0, Workers: 4
[4354.915s][debug][gc,phases      ] GC(173)   StringDedup Requests1 Weak     Min:  0.0, Avg:  0.0, Max:  0.0, Diff:  0.0, Sum:  0.0, Workers: 4
[4354.915s][debug][gc,phases      ] GC(173)     Dead                           Min: 0, Avg:  0.0, Max: 0, Diff: 0, Sum: 0, Workers: 4
[4354.915s][debug][gc,phases      ] GC(173)     Total                          Min: 0, Avg:  0.0, Max: 0, Diff: 0, Sum: 0, Workers: 4
[4354.915s][debug][gc,phases      ] GC(173)   Weak JFR Old Object Samples    Min:  0.0, Avg:  0.0, Max:  0.0, Diff:  0.0, Sum:  0.0, Workers: 4
[4354.915s][debug][gc,phases      ] GC(173)     Dead                           Min: 0, Avg:  0.0, Max: 0, Diff: 0, Sum: 0, Workers: 4
[4354.915s][debug][gc,phases      ] GC(173)     Total                          Min: 0, Avg:  0.0, Max: 0, Diff: 0, Sum: 0, Workers: 4
[4354.915s][debug][gc,phases      ] GC(173) Weak Processing 0.300ms
[4354.915s][debug][gc,age         ] GC(173) Desired survivor size 524288 bytes, new threshold 15 (max threshold 15)
[4354.915s][info ][gc,heap        ] GC(173) PSYoungGen: 2096256K(2096640K)->160K(2096640K) Eden: 2096128K(2096128K)->0K(2096128K) From: 128K(512K)->160K(512K)
[4354.915s][info ][gc,heap        ] GC(173) ParOldGen: 344452K(386560K)->344460K(386560K)
[4354.915s][info ][gc,metaspace   ] GC(173) Metaspace: 81725K(82752K)->81725K(82752K) NonClass: 70013K(70592K)->70013K(70592K) Class: 11712K(12160K)->11712K(12160K)
[4354.915s][info ][gc             ] GC(173) Pause Young (Allocation Failure) 2383M->336M(2425M) 2.845ms
[4354.915s][info ][gc,cpu         ] GC(173) User=0.00s Sys=0.00s Real=0.00s
[4354.915s][info ][safepoint      ] Safepoint "ParallelGCFailedAllocation", Time since last: 33894903895 ns, Reaching safepoint: 31500 ns, At safepoint: 2917325 ns, Total: 2948825 ns
[4388.763s][info ][gc,start       ] GC(174) Pause Young (Allocation Failure)
[4388.765s][debug][gc,phases      ] GC(174) Scavenge 2.338ms
[4388.765s][debug][gc,ref         ] GC(174) Skipped phase 1 of Reference Processing: no references
[4388.765s][debug][gc,ref         ] GC(174) ReferenceProcessor::execute queues: 1, RefProcThreadModel::Single, marks_oops_alive: false
[4388.765s][debug][gc,ref         ] GC(174) Skipped phase 3 of Reference Processing: no references
[4388.765s][debug][gc,ref         ] GC(174) Skipped phase 4 of Reference Processing: no references
[4388.765s][debug][gc,phases      ] GC(174) Reference Processing 0.092ms
[4388.765s][debug][gc,phases      ] GC(174)   VM Weak                        Min:  0.0, Avg:  0.0, Max:  0.0, Diff:  0.0, Sum:  0.0, Workers: 4
[4388.765s][debug][gc,phases      ] GC(174)     Dead                           Min: 0, Avg:  0.0, Max: 0, Diff: 0, Sum: 0, Workers: 4
[4388.765s][debug][gc,phases      ] GC(174)     Total                          Min: 0, Avg: 205.2, Max: 821, Diff: 821, Sum: 821, Workers: 4
[4388.765s][debug][gc,phases      ] GC(174)   ObjectSynchronizer Weak        Min:  0.0, Avg:  0.0, Max:  0.0, Diff:  0.0, Sum:  0.0, Workers: 4
[4388.765s][debug][gc,phases      ] GC(174)     Dead                           Min: 0, Avg:  0.0, Max: 0, Diff: 0, Sum: 0, Workers: 4
[4388.765s][debug][gc,phases      ] GC(174)     Total                          Min: 0, Avg:  8.8, Max: 35, Diff: 35, Sum: 35, Workers: 4
[4388.765s][debug][gc,phases      ] GC(174)   JVMTI Tag Weak OopStorage      Min:  0.0, Avg:  0.0, Max:  0.0, Diff:  0.0, Sum:  0.0, Workers: 4
[4388.765s][debug][gc,phases      ] GC(174)     Dead                           Min: 0, Avg:  0.0, Max: 0, Diff: 0, Sum: 0, Workers: 4
[4388.765s][debug][gc,phases      ] GC(174)     Total                          Min: 0, Avg:  0.0, Max: 0, Diff: 0, Sum: 0, Workers: 4
[4388.765s][debug][gc,phases      ] GC(174)   StringTable Weak               Min:  0.1, Avg:  0.1, Max:  0.1, Diff:  0.0, Sum:  0.4, Workers: 4
[4388.765s][debug][gc,phases      ] GC(174)     Dead                           Min: 0, Avg:  0.0, Max: 0, Diff: 0, Sum: 0, Workers: 4
[4388.765s][debug][gc,phases      ] GC(174)     Total                          Min: 10752, Avg: 10929.2, Max: 11200, Diff: 448, Sum: 43717, Workers: 4
[4388.765s][debug][gc,phases      ] GC(174)   ResolvedMethodTable Weak       Min:  0.0, Avg:  0.0, Max:  0.0, Diff:  0.0, Sum:  0.1, Workers: 4
[4388.765s][debug][gc,phases      ] GC(174)     Dead                           Min: 0, Avg:  0.0, Max: 0, Diff: 0, Sum: 0, Workers: 4
[4388.765s][debug][gc,phases      ] GC(174)     Total                          Min: 2304, Avg: 2352.0, Max: 2432, Diff: 128, Sum: 9408, Workers: 4
[4388.765s][debug][gc,phases      ] GC(174)   JNI Weak                       Min:  0.0, Avg:  0.0, Max:  0.0, Diff:  0.0, Sum:  0.0, Workers: 4
[4388.765s][debug][gc,phases      ] GC(174)     Dead                           Min: 0, Avg:  0.0, Max: 0, Diff: 0, Sum: 0, Workers: 4
[4388.765s][debug][gc,phases      ] GC(174)     Total                          Min: 0, Avg: 11.2, Max: 45, Diff: 45, Sum: 45, Workers: 4
[4388.765s][debug][gc,phases      ] GC(174)   StringDedup Table Weak         Min:  0.0, Avg:  0.0, Max:  0.0, Diff:  0.0, Sum:  0.0, Workers: 4
[4388.765s][debug][gc,phases      ] GC(174)     Dead                           Min: 0, Avg:  0.0, Max: 0, Diff: 0, Sum: 0, Workers: 4
[4388.765s][debug][gc,phases      ] GC(174)     Total                          Min: 0, Avg:  0.0, Max: 0, Diff: 0, Sum: 0, Workers: 4
[4388.765s][debug][gc,phases      ] GC(174)   StringDedup Requests0 Weak     Min:  0.0, Avg:  0.0, Max:  0.0, Diff:  0.0, Sum:  0.0, Workers: 4
[4388.765s][debug][gc,phases      ] GC(174)     Dead                           Min: 0, Avg:  0.0, Max: 0, Diff: 0, Sum: 0, Workers: 4
[4388.765s][debug][gc,phases      ] GC(174)     Total                          Min: 0, Avg:  0.0, Max: 0, Diff: 0, Sum: 0, Workers: 4
[4388.765s][debug][gc,phases      ] GC(174)   StringDedup Requests1 Weak     Min:  0.0, Avg:  0.0, Max:  0.0, Diff:  0.0, Sum:  0.0, Workers: 4
[4388.765s][debug][gc,phases      ] GC(174)     Dead                           Min: 0, Avg:  0.0, Max: 0, Diff: 0, Sum: 0, Workers: 4
[4388.765s][debug][gc,phases      ] GC(174)     Total                          Min: 0, Avg:  0.0, Max: 0, Diff: 0, Sum: 0, Workers: 4
[4388.765s][debug][gc,phases      ] GC(174)   Weak JFR Old Object Samples    Min:  0.0, Avg:  0.0, Max:  0.0, Diff:  0.0, Sum:  0.0, Workers: 4
[4388.765s][debug][gc,phases      ] GC(174)     Dead                           Min: 0, Avg:  0.0, Max: 0, Diff: 0, Sum: 0, Workers: 4
[4388.765s][debug][gc,phases      ] GC(174)     Total                          Min: 0, Avg:  0.0, Max: 0, Diff: 0, Sum: 0, Workers: 4
[4388.765s][debug][gc,phases      ] GC(174) Weak Processing 0.275ms
[4388.765s][debug][gc,age         ] GC(174) Desired survivor size 524288 bytes, new threshold 15 (max threshold 15)
[4388.765s][info ][gc,heap        ] GC(174) PSYoungGen: 2096288K(2096640K)->128K(2096640K) Eden: 2096128K(2096128K)->0K(2096128K) From: 160K(512K)->128K(512K)
[4388.765s][info ][gc,heap        ] GC(174) ParOldGen: 344460K(386560K)->344476K(386560K)
[4388.765s][info ][gc,metaspace   ] GC(174) Metaspace: 81725K(82752K)->81725K(82752K) NonClass: 70013K(70592K)->70013K(70592K) Class: 11712K(12160K)->11712K(12160K)
[4388.765s][info ][gc             ] GC(174) Pause Young (Allocation Failure) 2383M->336M(2425M) 2.789ms
[4388.765s][info ][gc,cpu         ] GC(174) User=0.01s Sys=0.00s Real=0.00s
[4388.765s][info ][safepoint      ] Safepoint "ParallelGCFailedAllocation", Time since last: 33847772687 ns, Reaching safepoint: 29801 ns, At safepoint: 2863422 ns, Total: 2893223 ns
[4422.614s][info ][gc,start       ] GC(175) Pause Young (Allocation Failure)
[4422.616s][debug][gc,phases      ] GC(175) Scavenge 2.737ms
[4422.616s][debug][gc,ref         ] GC(175) Skipped phase 1 of Reference Processing: no references
[4422.616s][debug][gc,ref         ] GC(175) ReferenceProcessor::execute queues: 1, RefProcThreadModel::Single, marks_oops_alive: false
[4422.616s][debug][gc,ref         ] GC(175) Skipped phase 3 of Reference Processing: no references
[4422.616s][debug][gc,ref         ] GC(175) Skipped phase 4 of Reference Processing: no references
[4422.616s][debug][gc,phases      ] GC(175) Reference Processing 0.089ms
[4422.617s][debug][gc,phases      ] GC(175)   VM Weak                        Min:  0.0, Avg:  0.0, Max:  0.0, Diff:  0.0, Sum:  0.0, Workers: 4
[4422.617s][debug][gc,phases      ] GC(175)     Dead                           Min: 0, Avg:  0.0, Max: 0, Diff: 0, Sum: 0, Workers: 4
[4422.617s][debug][gc,phases      ] GC(175)     Total                          Min: 0, Avg: 205.2, Max: 821, Diff: 821, Sum: 821, Workers: 4
[4422.617s][debug][gc,phases      ] GC(175)   ObjectSynchronizer Weak        Min:  0.0, Avg:  0.0, Max:  0.0, Diff:  0.0, Sum:  0.0, Workers: 4
[4422.617s][debug][gc,phases      ] GC(175)     Dead                           Min: 0, Avg:  0.0, Max: 0, Diff: 0, Sum: 0, Workers: 4
[4422.617s][debug][gc,phases      ] GC(175)     Total                          Min: 0, Avg:  8.8, Max: 35, Diff: 35, Sum: 35, Workers: 4
[4422.617s][debug][gc,phases      ] GC(175)   JVMTI Tag Weak OopStorage      Min:  0.0, Avg:  0.0, Max:  0.0, Diff:  0.0, Sum:  0.0, Workers: 4
[4422.617s][debug][gc,phases      ] GC(175)     Dead                           Min: 0, Avg:  0.0, Max: 0, Diff: 0, Sum: 0, Workers: 4
[4422.617s][debug][gc,phases      ] GC(175)     Total                          Min: 0, Avg:  0.0, Max: 0, Diff: 0, Sum: 0, Workers: 4
[4422.617s][debug][gc,phases      ] GC(175)   StringTable Weak               Min:  0.0, Avg:  0.1, Max:  0.1, Diff:  0.1, Sum:  0.3, Workers: 4
[4422.617s][debug][gc,phases      ] GC(175)     Dead                           Min: 0, Avg:  0.0, Max: 0, Diff: 0, Sum: 0, Workers: 4
[4422.617s][debug][gc,phases      ] GC(175)     Total                          Min: 0, Avg: 10929.2, Max: 18437, Diff: 18437, Sum: 43717, Workers: 4
[4422.617s][debug][gc,phases      ] GC(175)   ResolvedMethodTable Weak       Min:  0.0, Avg:  0.0, Max:  0.0, Diff:  0.0, Sum:  0.1, Workers: 4
[4422.617s][debug][gc,phases      ] GC(175)     Dead                           Min: 0, Avg:  0.0, Max: 0, Diff: 0, Sum: 0, Workers: 4
[4422.617s][debug][gc,phases      ] GC(175)     Total                          Min: 0, Avg: 2352.0, Max: 4160, Diff: 4160, Sum: 9408, Workers: 4
[4422.617s][debug][gc,phases      ] GC(175)   JNI Weak                       Min:  0.0, Avg:  0.0, Max:  0.0, Diff:  0.0, Sum:  0.0, Workers: 4
[4422.617s][debug][gc,phases      ] GC(175)     Dead                           Min: 0, Avg:  0.0, Max: 0, Diff: 0, Sum: 0, Workers: 4
[4422.617s][debug][gc,phases      ] GC(175)     Total                          Min: 0, Avg: 11.2, Max: 45, Diff: 45, Sum: 45, Workers: 4
[4422.617s][debug][gc,phases      ] GC(175)   StringDedup Table Weak         Min:  0.0, Avg:  0.0, Max:  0.0, Diff:  0.0, Sum:  0.0, Workers: 4
[4422.617s][debug][gc,phases      ] GC(175)     Dead                           Min: 0, Avg:  0.0, Max: 0, Diff: 0, Sum: 0, Workers: 4
[4422.617s][debug][gc,phases      ] GC(175)     Total                          Min: 0, Avg:  0.0, Max: 0, Diff: 0, Sum: 0, Workers: 4
[4422.617s][debug][gc,phases      ] GC(175)   StringDedup Requests0 Weak     Min:  0.0, Avg:  0.0, Max:  0.0, Diff:  0.0, Sum:  0.0, Workers: 4
[4422.617s][debug][gc,phases      ] GC(175)     Dead                           Min: 0, Avg:  0.0, Max: 0, Diff: 0, Sum: 0, Workers: 4
[4422.617s][debug][gc,phases      ] GC(175)     Total                          Min: 0, Avg:  0.0, Max: 0, Diff: 0, Sum: 0, Workers: 4
[4422.617s][debug][gc,phases      ] GC(175)   StringDedup Requests1 Weak     Min:  0.0, Avg:  0.0, Max:  0.0, Diff:  0.0, Sum:  0.0, Workers: 4
[4422.617s][debug][gc,phases      ] GC(175)     Dead                           Min: 0, Avg:  0.0, Max: 0, Diff: 0, Sum: 0, Workers: 4
[4422.617s][debug][gc,phases      ] GC(175)     Total                          Min: 0, Avg:  0.0, Max: 0, Diff: 0, Sum: 0, Workers: 4
[4422.617s][debug][gc,phases      ] GC(175)   Weak JFR Old Object Samples    Min:  0.0, Avg:  0.0, Max:  0.0, Diff:  0.0, Sum:  0.0, Workers: 4
[4422.617s][debug][gc,phases      ] GC(175)     Dead                           Min: 0, Avg:  0.0, Max: 0, Diff: 0, Sum: 0, Workers: 4
[4422.617s][debug][gc,phases      ] GC(175)     Total                          Min: 0, Avg:  0.0, Max: 0, Diff: 0, Sum: 0, Workers: 4
[4422.617s][debug][gc,phases      ] GC(175) Weak Processing 0.303ms
[4422.617s][debug][gc,age         ] GC(175) Desired survivor size 524288 bytes, new threshold 15 (max threshold 15)
[4422.617s][info ][gc,heap        ] GC(175) PSYoungGen: 2096256K(2096640K)->128K(2096640K) Eden: 2096128K(2096128K)->0K(2096128K) From: 128K(512K)->128K(512K)
[4422.617s][info ][gc,heap        ] GC(175) ParOldGen: 344476K(386560K)->344508K(386560K)
[4422.617s][info ][gc,metaspace   ] GC(175) Metaspace: 81725K(82752K)->81725K(82752K) NonClass: 70013K(70592K)->70013K(70592K) Class: 11712K(12160K)->11712K(12160K)
[4422.617s][info ][gc             ] GC(175) Pause Young (Allocation Failure) 2383M->336M(2425M) 3.220ms
[4422.617s][info ][gc,cpu         ] GC(175) User=0.01s Sys=0.00s Real=0.00s
[4422.617s][info ][safepoint      ] Safepoint "ParallelGCFailedAllocation", Time since last: 33848003320 ns, Reaching safepoint: 24500 ns, At safepoint: 3298825 ns, Total: 3323325 ns
[4448.619s][info ][safepoint      ] Safepoint "Cleanup", Time since last: 26001652580 ns, Reaching safepoint: 84900 ns, At safepoint: 5400 ns, Total: 90300 ns
[4449.619s][info ][safepoint      ] Safepoint "Cleanup", Time since last: 1000109300 ns, Reaching safepoint: 44700 ns, At safepoint: 10500 ns, Total: 55200 ns
[4450.619s][info ][safepoint      ] Safepoint "Cleanup", Time since last: 1000102345 ns, Reaching safepoint: 42700 ns, At safepoint: 2900 ns, Total: 45600 ns
[4458.619s][info ][safepoint      ] Safepoint "Cleanup", Time since last: 8000524833 ns, Reaching safepoint: 42200 ns, At safepoint: 2300 ns, Total: 44500 ns
[4459.212s][info ][gc,start       ] GC(176) Pause Young (Allocation Failure)
[4459.215s][debug][gc,phases      ] GC(176) Scavenge 2.160ms
[4459.215s][debug][gc,ref         ] GC(176) Skipped phase 1 of Reference Processing: no references
[4459.215s][debug][gc,ref         ] GC(176) ReferenceProcessor::execute queues: 1, RefProcThreadModel::Single, marks_oops_alive: false
[4459.215s][debug][gc,ref         ] GC(176) ReferenceProcessor::execute queues: 4, RefProcThreadModel::Multi, marks_oops_alive: true
[4459.215s][debug][gc,ref         ] GC(176) ReferenceProcessor::execute queues: 1, RefProcThreadModel::Single, marks_oops_alive: false
[4459.215s][debug][gc,phases      ] GC(176) Reference Processing 0.186ms
[4459.215s][debug][gc,phases      ] GC(176)   VM Weak                        Min:  0.0, Avg:  0.0, Max:  0.0, Diff:  0.0, Sum:  0.0, Workers: 4
[4459.215s][debug][gc,phases      ] GC(176)     Dead                           Min: 0, Avg:  0.0, Max: 0, Diff: 0, Sum: 0, Workers: 4
[4459.215s][debug][gc,phases      ] GC(176)     Total                          Min: 0, Avg: 205.2, Max: 448, Diff: 448, Sum: 821, Workers: 4
[4459.215s][debug][gc,phases      ] GC(176)   ObjectSynchronizer Weak        Min:  0.0, Avg:  0.0, Max:  0.0, Diff:  0.0, Sum:  0.0, Workers: 4
[4459.215s][debug][gc,phases      ] GC(176)     Dead                           Min: 0, Avg:  0.0, Max: 0, Diff: 0, Sum: 0, Workers: 4
[4459.215s][debug][gc,phases      ] GC(176)     Total                          Min: 0, Avg:  9.0, Max: 36, Diff: 36, Sum: 36, Workers: 4
[4459.215s][debug][gc,phases      ] GC(176)   JVMTI Tag Weak OopStorage      Min:  0.0, Avg:  0.0, Max:  0.0, Diff:  0.0, Sum:  0.0, Workers: 4
[4459.215s][debug][gc,phases      ] GC(176)     Dead                           Min: 0, Avg:  0.0, Max: 0, Diff: 0, Sum: 0, Workers: 4
[4459.215s][debug][gc,phases      ] GC(176)     Total                          Min: 0, Avg:  0.0, Max: 0, Diff: 0, Sum: 0, Workers: 4
[4459.215s][debug][gc,phases      ] GC(176)   StringTable Weak               Min:  0.0, Avg:  0.1, Max:  0.1, Diff:  0.1, Sum:  0.3, Workers: 4
[4459.215s][debug][gc,phases      ] GC(176)     Dead                           Min: 0, Avg:  0.0, Max: 0, Diff: 0, Sum: 0, Workers: 4
[4459.215s][debug][gc,phases      ] GC(176)     Total                          Min: 0, Avg: 10931.0, Max: 17536, Diff: 17536, Sum: 43724, Workers: 4
[4459.215s][debug][gc,phases      ] GC(176)   ResolvedMethodTable Weak       Min:  0.0, Avg:  0.0, Max:  0.0, Diff:  0.0, Sum:  0.1, Workers: 4
[4459.215s][debug][gc,phases      ] GC(176)     Dead                           Min: 0, Avg:  0.2, Max: 1, Diff: 1, Sum: 1, Workers: 4
[4459.215s][debug][gc,phases      ] GC(176)     Total                          Min: 0, Avg: 2353.8, Max: 4103, Diff: 4103, Sum: 9415, Workers: 4
[4459.215s][debug][gc,phases      ] GC(176)   JNI Weak                       Min:  0.0, Avg:  0.0, Max:  0.0, Diff:  0.0, Sum:  0.0, Workers: 4
[4459.215s][debug][gc,phases      ] GC(176)     Dead                           Min: 0, Avg:  0.0, Max: 0, Diff: 0, Sum: 0, Workers: 4
[4459.215s][debug][gc,phases      ] GC(176)     Total                          Min: 0, Avg: 11.2, Max: 45, Diff: 45, Sum: 45, Workers: 4
[4459.215s][debug][gc,phases      ] GC(176)   StringDedup Table Weak         Min:  0.0, Avg:  0.0, Max:  0.0, Diff:  0.0, Sum:  0.0, Workers: 4
[4459.215s][debug][gc,phases      ] GC(176)     Dead                           Min: 0, Avg:  0.0, Max: 0, Diff: 0, Sum: 0, Workers: 4
[4459.215s][debug][gc,phases      ] GC(176)     Total                          Min: 0, Avg:  0.0, Max: 0, Diff: 0, Sum: 0, Workers: 4
[4459.215s][debug][gc,phases      ] GC(176)   StringDedup Requests0 Weak     Min:  0.0, Avg:  0.0, Max:  0.0, Diff:  0.0, Sum:  0.0, Workers: 4
[4459.215s][debug][gc,phases      ] GC(176)     Dead                           Min: 0, Avg:  0.0, Max: 0, Diff: 0, Sum: 0, Workers: 4
[4459.215s][debug][gc,phases      ] GC(176)     Total                          Min: 0, Avg:  0.0, Max: 0, Diff: 0, Sum: 0, Workers: 4
[4459.215s][debug][gc,phases      ] GC(176)   StringDedup Requests1 Weak     Min:  0.0, Avg:  0.0, Max:  0.0, Diff:  0.0, Sum:  0.0, Workers: 4
[4459.215s][debug][gc,phases      ] GC(176)     Dead                           Min: 0, Avg:  0.0, Max: 0, Diff: 0, Sum: 0, Workers: 4
[4459.215s][debug][gc,phases      ] GC(176)     Total                          Min: 0, Avg:  0.0, Max: 0, Diff: 0, Sum: 0, Workers: 4
[4459.215s][debug][gc,phases      ] GC(176)   Weak JFR Old Object Samples    Min:  0.0, Avg:  0.0, Max:  0.0, Diff:  0.0, Sum:  0.0, Workers: 4
[4459.215s][debug][gc,phases      ] GC(176)     Dead                           Min: 0, Avg:  0.0, Max: 0, Diff: 0, Sum: 0, Workers: 4
[4459.215s][debug][gc,phases      ] GC(176)     Total                          Min: 0, Avg:  0.0, Max: 0, Diff: 0, Sum: 0, Workers: 4
[4459.215s][debug][gc,phases      ] GC(176) Weak Processing 0.298ms
[4459.215s][debug][gc,age         ] GC(176) Desired survivor size 524288 bytes, new threshold 14 (max threshold 15)
[4459.215s][info ][gc,heap        ] GC(176) PSYoungGen: 2096256K(2096640K)->480K(2096640K) Eden: 2096128K(2096128K)->0K(2096128K) From: 128K(512K)->480K(512K)
[4459.215s][info ][gc,heap        ] GC(176) ParOldGen: 344508K(386560K)->345048K(386560K)
[4459.215s][info ][gc,metaspace   ] GC(176) Metaspace: 81762K(82752K)->81762K(82752K) NonClass: 70046K(70592K)->70046K(70592K) Class: 11715K(12160K)->11715K(12160K)
[4459.215s][info ][gc             ] GC(176) Pause Young (Allocation Failure) 2383M->337M(2425M) 2.744ms
[4459.215s][info ][gc,cpu         ] GC(176) User=0.01s Sys=0.00s Real=0.00s
[4459.215s][info ][safepoint      ] Safepoint "ParallelGCFailedAllocation", Time since last: 592940972 ns, Reaching safepoint: 28201 ns, At safepoint: 2815921 ns, Total: 2844122 ns
[4496.217s][info ][safepoint      ] Safepoint "Cleanup", Time since last: 37002195460 ns, Reaching safepoint: 28100 ns, At safepoint: 3500 ns, Total: 31600 ns
[4511.278s][info ][gc,start       ] GC(177) Pause Young (Allocation Failure)
[4511.281s][debug][gc,phases      ] GC(177) Scavenge 2.930ms
[4511.281s][debug][gc,ref         ] GC(177) Skipped phase 1 of Reference Processing: no references
[4511.281s][debug][gc,ref         ] GC(177) ReferenceProcessor::execute queues: 1, RefProcThreadModel::Single, marks_oops_alive: false
[4511.281s][debug][gc,ref         ] GC(177) Skipped phase 3 of Reference Processing: no references
[4511.281s][debug][gc,ref         ] GC(177) ReferenceProcessor::execute queues: 1, RefProcThreadModel::Single, marks_oops_alive: false
[4511.281s][debug][gc,phases      ] GC(177) Reference Processing 0.107ms
[4511.281s][debug][gc,phases      ] GC(177)   VM Weak                        Min:  0.0, Avg:  0.0, Max:  0.0, Diff:  0.0, Sum:  0.0, Workers: 4
[4511.281s][debug][gc,phases      ] GC(177)     Dead                           Min: 0, Avg:  0.0, Max: 0, Diff: 0, Sum: 0, Workers: 4
[4511.281s][debug][gc,phases      ] GC(177)     Total                          Min: 0, Avg: 205.2, Max: 693, Diff: 693, Sum: 821, Workers: 4
[4511.281s][debug][gc,phases      ] GC(177)   ObjectSynchronizer Weak        Min:  0.0, Avg:  0.0, Max:  0.0, Diff:  0.0, Sum:  0.0, Workers: 4
[4511.281s][debug][gc,phases      ] GC(177)     Dead                           Min: 0, Avg:  0.0, Max: 0, Diff: 0, Sum: 0, Workers: 4
[4511.281s][debug][gc,phases      ] GC(177)     Total                          Min: 0, Avg:  9.0, Max: 36, Diff: 36, Sum: 36, Workers: 4
[4511.281s][debug][gc,phases      ] GC(177)   JVMTI Tag Weak OopStorage      Min:  0.0, Avg:  0.0, Max:  0.0, Diff:  0.0, Sum:  0.0, Workers: 4
[4511.281s][debug][gc,phases      ] GC(177)     Dead                           Min: 0, Avg:  0.0, Max: 0, Diff: 0, Sum: 0, Workers: 4
[4511.281s][debug][gc,phases      ] GC(177)     Total                          Min: 0, Avg:  0.0, Max: 0, Diff: 0, Sum: 0, Workers: 4
[4511.281s][debug][gc,phases      ] GC(177)   StringTable Weak               Min:  0.0, Avg:  0.1, Max:  0.2, Diff:  0.2, Sum:  0.3, Workers: 4
[4511.281s][debug][gc,phases      ] GC(177)     Dead                           Min: 0, Avg:  0.0, Max: 0, Diff: 0, Sum: 0, Workers: 4
[4511.281s][debug][gc,phases      ] GC(177)     Total                          Min: 0, Avg: 10931.0, Max: 25548, Diff: 25548, Sum: 43724, Workers: 4
[4511.281s][debug][gc,phases      ] GC(177)   ResolvedMethodTable Weak       Min:  0.0, Avg:  0.0, Max:  0.0, Diff:  0.0, Sum:  0.1, Workers: 4
[4511.281s][debug][gc,phases      ] GC(177)     Dead                           Min: 0, Avg:  0.0, Max: 0, Diff: 0, Sum: 0, Workers: 4
[4511.281s][debug][gc,phases      ] GC(177)     Total                          Min: 0, Avg: 2353.8, Max: 5767, Diff: 5767, Sum: 9415, Workers: 4
[4511.281s][debug][gc,phases      ] GC(177)   JNI Weak                       Min:  0.0, Avg:  0.0, Max:  0.0, Diff:  0.0, Sum:  0.0, Workers: 4
[4511.281s][debug][gc,phases      ] GC(177)     Dead                           Min: 0, Avg:  0.0, Max: 0, Diff: 0, Sum: 0, Workers: 4
[4511.281s][debug][gc,phases      ] GC(177)     Total                          Min: 0, Avg: 11.2, Max: 45, Diff: 45, Sum: 45, Workers: 4
[4511.281s][debug][gc,phases      ] GC(177)   StringDedup Table Weak         Min:  0.0, Avg:  0.0, Max:  0.0, Diff:  0.0, Sum:  0.0, Workers: 4
[4511.281s][debug][gc,phases      ] GC(177)     Dead                           Min: 0, Avg:  0.0, Max: 0, Diff: 0, Sum: 0, Workers: 4
[4511.281s][debug][gc,phases      ] GC(177)     Total                          Min: 0, Avg:  0.0, Max: 0, Diff: 0, Sum: 0, Workers: 4
[4511.281s][debug][gc,phases      ] GC(177)   StringDedup Requests0 Weak     Min:  0.0, Avg:  0.0, Max:  0.0, Diff:  0.0, Sum:  0.0, Workers: 4
[4511.281s][debug][gc,phases      ] GC(177)     Dead                           Min: 0, Avg:  0.0, Max: 0, Diff: 0, Sum: 0, Workers: 4
[4511.281s][debug][gc,phases      ] GC(177)     Total                          Min: 0, Avg:  0.0, Max: 0, Diff: 0, Sum: 0, Workers: 4
[4511.281s][debug][gc,phases      ] GC(177)   StringDedup Requests1 Weak     Min:  0.0, Avg:  0.0, Max:  0.0, Diff:  0.0, Sum:  0.0, Workers: 4
[4511.281s][debug][gc,phases      ] GC(177)     Dead                           Min: 0, Avg:  0.0, Max: 0, Diff: 0, Sum: 0, Workers: 4
[4511.281s][debug][gc,phases      ] GC(177)     Total                          Min: 0, Avg:  0.0, Max: 0, Diff: 0, Sum: 0, Workers: 4
[4511.281s][debug][gc,phases      ] GC(177)   Weak JFR Old Object Samples    Min:  0.0, Avg:  0.0, Max:  0.0, Diff:  0.0, Sum:  0.0, Workers: 4
[4511.281s][debug][gc,phases      ] GC(177)     Dead                           Min: 0, Avg:  0.0, Max: 0, Diff: 0, Sum: 0, Workers: 4
[4511.281s][debug][gc,phases      ] GC(177)     Total                          Min: 0, Avg:  0.0, Max: 0, Diff: 0, Sum: 0, Workers: 4
[4511.281s][debug][gc,phases      ] GC(177) Weak Processing 0.384ms
[4511.281s][debug][gc,age         ] GC(177) Desired survivor size 1048576 bytes, new threshold 13 (max threshold 15)
[4511.281s][info ][gc,heap        ] GC(177) PSYoungGen: 2096608K(2096640K)->480K(2095616K) Eden: 2096128K(2096128K)->0K(2095104K) From: 480K(512K)->480K(512K)
[4511.281s][info ][gc,heap        ] GC(177) ParOldGen: 345048K(386560K)->345128K(386560K)
[4511.281s][info ][gc,metaspace   ] GC(177) Metaspace: 81762K(82752K)->81762K(82752K) NonClass: 70046K(70592K)->70046K(70592K) Class: 11715K(12160K)->11715K(12160K)
[4511.281s][info ][gc             ] GC(177) Pause Young (Allocation Failure) 2384M->337M(2424M) 3.527ms
[4511.281s][info ][gc,cpu         ] GC(177) User=0.02s Sys=0.00s Real=0.01s
[4511.281s][info ][safepoint      ] Safepoint "ParallelGCFailedAllocation", Time since last: 15060261458 ns, Reaching safepoint: 123501 ns, At safepoint: 3597727 ns, Total: 3721228 ns
[4563.862s][info ][gc,start       ] GC(178) Pause Young (Allocation Failure)
[4563.863s][debug][gc,phases      ] GC(178) Scavenge 1.677ms
[4563.863s][debug][gc,ref         ] GC(178) Skipped phase 1 of Reference Processing: no references
[4563.863s][debug][gc,ref         ] GC(178) ReferenceProcessor::execute queues: 1, RefProcThreadModel::Single, marks_oops_alive: false
[4563.863s][debug][gc,ref         ] GC(178) Skipped phase 3 of Reference Processing: no references
[4563.863s][debug][gc,ref         ] GC(178) ReferenceProcessor::execute queues: 1, RefProcThreadModel::Single, marks_oops_alive: false
[4563.863s][debug][gc,phases      ] GC(178) Reference Processing 0.095ms
[4563.864s][debug][gc,phases      ] GC(178)   VM Weak                        Min:  0.0, Avg:  0.0, Max:  0.0, Diff:  0.0, Sum:  0.0, Workers: 4
[4563.864s][debug][gc,phases      ] GC(178)     Dead                           Min: 0, Avg:  0.0, Max: 0, Diff: 0, Sum: 0, Workers: 4
[4563.864s][debug][gc,phases      ] GC(178)     Total                          Min: 0, Avg: 205.2, Max: 821, Diff: 821, Sum: 821, Workers: 4
[4563.864s][debug][gc,phases      ] GC(178)   ObjectSynchronizer Weak        Min:  0.0, Avg:  0.0, Max:  0.0, Diff:  0.0, Sum:  0.0, Workers: 4
[4563.864s][debug][gc,phases      ] GC(178)     Dead                           Min: 0, Avg:  0.0, Max: 0, Diff: 0, Sum: 0, Workers: 4
[4563.864s][debug][gc,phases      ] GC(178)     Total                          Min: 0, Avg:  9.0, Max: 36, Diff: 36, Sum: 36, Workers: 4
[4563.864s][debug][gc,phases      ] GC(178)   JVMTI Tag Weak OopStorage      Min:  0.0, Avg:  0.0, Max:  0.0, Diff:  0.0, Sum:  0.0, Workers: 4
[4563.864s][debug][gc,phases      ] GC(178)     Dead                           Min: 0, Avg:  0.0, Max: 0, Diff: 0, Sum: 0, Workers: 4
[4563.864s][debug][gc,phases      ] GC(178)     Total                          Min: 0, Avg:  0.0, Max: 0, Diff: 0, Sum: 0, Workers: 4
[4563.864s][debug][gc,phases      ] GC(178)   StringTable Weak               Min:  0.0, Avg:  0.1, Max:  0.1, Diff:  0.1, Sum:  0.4, Workers: 4
[4563.864s][debug][gc,phases      ] GC(178)     Dead                           Min: 0, Avg:  0.0, Max: 0, Diff: 0, Sum: 0, Workers: 4
[4563.864s][debug][gc,phases      ] GC(178)     Total                          Min: 3264, Avg: 10931.0, Max: 14976, Diff: 11712, Sum: 43724, Workers: 4
[4563.864s][debug][gc,phases      ] GC(178)   ResolvedMethodTable Weak       Min:  0.0, Avg:  0.0, Max:  0.0, Diff:  0.0, Sum:  0.1, Workers: 4
[4563.864s][debug][gc,phases      ] GC(178)     Dead                           Min: 0, Avg:  0.0, Max: 0, Diff: 0, Sum: 0, Workers: 4
[4563.864s][debug][gc,phases      ] GC(178)     Total                          Min: 2304, Avg: 2353.8, Max: 2503, Diff: 199, Sum: 9415, Workers: 4
[4563.864s][debug][gc,phases      ] GC(178)   JNI Weak                       Min:  0.0, Avg:  0.0, Max:  0.0, Diff:  0.0, Sum:  0.0, Workers: 4
[4563.864s][debug][gc,phases      ] GC(178)     Dead                           Min: 0, Avg:  0.0, Max: 0, Diff: 0, Sum: 0, Workers: 4
[4563.864s][debug][gc,phases      ] GC(178)     Total                          Min: 0, Avg: 11.2, Max: 45, Diff: 45, Sum: 45, Workers: 4
[4563.864s][debug][gc,phases      ] GC(178)   StringDedup Table Weak         Min:  0.0, Avg:  0.0, Max:  0.0, Diff:  0.0, Sum:  0.0, Workers: 4
[4563.864s][debug][gc,phases      ] GC(178)     Dead                           Min: 0, Avg:  0.0, Max: 0, Diff: 0, Sum: 0, Workers: 4
[4563.864s][debug][gc,phases      ] GC(178)     Total                          Min: 0, Avg:  0.0, Max: 0, Diff: 0, Sum: 0, Workers: 4
[4563.864s][debug][gc,phases      ] GC(178)   StringDedup Requests0 Weak     Min:  0.0, Avg:  0.0, Max:  0.0, Diff:  0.0, Sum:  0.0, Workers: 4
[4563.864s][debug][gc,phases      ] GC(178)     Dead                           Min: 0, Avg:  0.0, Max: 0, Diff: 0, Sum: 0, Workers: 4
[4563.864s][debug][gc,phases      ] GC(178)     Total                          Min: 0, Avg:  0.0, Max: 0, Diff: 0, Sum: 0, Workers: 4
[4563.864s][debug][gc,phases      ] GC(178)   StringDedup Requests1 Weak     Min:  0.0, Avg:  0.0, Max:  0.0, Diff:  0.0, Sum:  0.0, Workers: 4
[4563.864s][debug][gc,phases      ] GC(178)     Dead                           Min: 0, Avg:  0.0, Max: 0, Diff: 0, Sum: 0, Workers: 4
[4563.864s][debug][gc,phases      ] GC(178)     Total                          Min: 0, Avg:  0.0, Max: 0, Diff: 0, Sum: 0, Workers: 4
[4563.864s][debug][gc,phases      ] GC(178)   Weak JFR Old Object Samples    Min:  0.0, Avg:  0.0, Max:  0.0, Diff:  0.0, Sum:  0.0, Workers: 4
[4563.864s][debug][gc,phases      ] GC(178)     Dead                           Min: 0, Avg:  0.0, Max: 0, Diff: 0, Sum: 0, Workers: 4
[4563.864s][debug][gc,phases      ] GC(178)     Total                          Min: 0, Avg:  0.0, Max: 0, Diff: 0, Sum: 0, Workers: 4
[4563.864s][debug][gc,phases      ] GC(178) Weak Processing 0.326ms
[4563.864s][debug][gc,age         ] GC(178) Desired survivor size 1048576 bytes, new threshold 14 (max threshold 15)
[4563.864s][info ][gc,heap        ] GC(178) PSYoungGen: 2095584K(2095616K)->544K(2096128K) Eden: 2095104K(2095104K)->0K(2095104K) From: 480K(512K)->544K(1024K)
[4563.864s][info ][gc,heap        ] GC(178) ParOldGen: 345128K(386560K)->345136K(386560K)
[4563.864s][info ][gc,metaspace   ] GC(178) Metaspace: 81763K(82752K)->81763K(82752K) NonClass: 70048K(70592K)->70048K(70592K) Class: 11715K(12160K)->11715K(12160K)
[4563.864s][info ][gc             ] GC(178) Pause Young (Allocation Failure) 2383M->337M(2424M) 2.198ms
[4563.864s][info ][gc,cpu         ] GC(178) User=0.00s Sys=0.00s Real=0.00s
[4563.864s][info ][safepoint      ] Safepoint "ParallelGCFailedAllocation", Time since last: 52580092170 ns, Reaching safepoint: 31400 ns, At safepoint: 2260517 ns, Total: 2291917 ns
[4568.394s][info ][gc,heap,exit   ] Heap
[4568.394s][info ][gc,heap,exit   ]  PSYoungGen      total 2096128K, used 302361K [0x0000000780000000, 0x0000000800000000, 0x0000000800000000)
[4568.394s][info ][gc,heap,exit   ]   eden space 2095104K, 14% used [0x0000000780000000,0x00000007926be410,0x00000007ffe00000)
[4568.394s][info ][gc,heap,exit   ]   from space 1024K, 53% used [0x00000007ffe00000,0x00000007ffe88078,0x00000007fff00000)
[4568.394s][info ][gc,heap,exit   ]   to   space 1024K, 0% used [0x00000007fff00000,0x00000007fff00000,0x0000000800000000)
[4568.394s][info ][gc,heap,exit   ]  ParOldGen       total 386560K, used 345136K [0x0000000740000000, 0x0000000757980000, 0x0000000780000000)
[4568.394s][info ][gc,heap,exit   ]   object space 386560K, 89% used [0x0000000740000000,0x000000075510c348,0x0000000757980000)
[4568.394s][info ][gc,heap,exit   ]  Metaspace       used 81798K, committed 82816K, reserved 1179648K
[4568.394s][info ][gc,heap,exit   ]   class space    used 11722K, committed 12160K, reserved 1048576K
