[0.008s][info][gc] Using Parallel
[0.009s][info][gc,init] Version: 17.0.7+7-LTS (release)
[0.009s][info][gc,init] CPUs: 4 total, 4 available
[0.009s][info][gc,init] Memory: 15991M
[0.009s][info][gc,init] Large Page Support: Disabled
[0.009s][info][gc,init] NUMA Support: Disabled
[0.009s][info][gc,init] Compressed Oops: Enabled (Zero based)
[0.009s][info][gc,init] Alignments: Space 512K, Generation 512K, Heap 2M
[0.009s][info][gc,init] Heap Min Capacity: 2054M
[0.009s][info][gc,init] Heap Initial Capacity: 2054M
[0.009s][info][gc,init] Heap Max Capacity: 3G
[0.009s][info][gc,init] Pre-touch: Disabled
[0.009s][info][gc,init] Parallel Workers: 4
[0.010s][info][gc,metaspace] CDS archive(s) mapped at: [0x0000000800000000-0x0000000800be1000-0x0000000800be1000), size 12455936, SharedBaseAddress: 0x0000000800000000, ArchiveRelocationMode: 0.
[0.010s][info][gc,metaspace] Compressed class space mapped at: 0x0000000801000000-0x0000000841000000, reserved size: 1073741824
[0.010s][info][gc,metaspace] Narrow klass base: 0x0000000800000000, Narrow klass shift: 0, Narrow klass range: 0x100000000
[1.064s][info][safepoint   ] Safepoint "ICBufferFull", Time since last: 1038377467 ns, Reaching safepoint: 167100 ns, At safepoint: 2400 ns, Total: 169500 ns
[1.813s][info][safepoint   ] Safepoint "ICBufferFull", Time since last: 749044146 ns, Reaching safepoint: 368499 ns, At safepoint: 3100 ns, Total: 371599 ns
[2.329s][info][gc,start    ] GC(0) Pause Young (Metadata GC Threshold)
[2.349s][debug][gc,phases   ] GC(0) Scavenge 19.799ms
[2.349s][debug][gc,ref      ] GC(0) Skipped phase 1 of Reference Processing: no references
[2.349s][debug][gc,ref      ] GC(0) ReferenceProcessor::execute queues: 2, RefProcThreadModel::Multi, marks_oops_alive: false
[2.349s][debug][gc,ref      ] GC(0) Skipped phase 3 of Reference Processing: no references
[2.349s][debug][gc,ref      ] GC(0) ReferenceProcessor::execute queues: 1, RefProcThreadModel::Single, marks_oops_alive: false
[2.349s][debug][gc,phases   ] GC(0) Reference Processing 0.313ms
[2.349s][debug][gc,phases   ] GC(0)   VM Weak                        Min:  0.0, Avg:  0.0, Max:  0.0, Diff:  0.0, Sum:  0.0, Workers: 4
[2.349s][debug][gc,phases   ] GC(0)     Dead                           Min: 0, Avg:  0.0, Max: 0, Diff: 0, Sum: 0, Workers: 4
[2.349s][debug][gc,phases   ] GC(0)     Total                          Min: 0, Avg: 57.8, Max: 192, Diff: 192, Sum: 231, Workers: 4
[2.349s][debug][gc,phases   ] GC(0)   ObjectSynchronizer Weak        Min:  0.0, Avg:  0.0, Max:  0.0, Diff:  0.0, Sum:  0.0, Workers: 4
[2.349s][debug][gc,phases   ] GC(0)     Dead                           Min: 0, Avg:  0.8, Max: 3, Diff: 3, Sum: 3, Workers: 4
[2.349s][debug][gc,phases   ] GC(0)     Total                          Min: 0, Avg:  2.0, Max: 8, Diff: 8, Sum: 8, Workers: 4
[2.349s][debug][gc,phases   ] GC(0)   JVMTI Tag Weak OopStorage      Min:  0.0, Avg:  0.0, Max:  0.0, Diff:  0.0, Sum:  0.0, Workers: 4
[2.349s][debug][gc,phases   ] GC(0)     Dead                           Min: 0, Avg:  0.0, Max: 0, Diff: 0, Sum: 0, Workers: 4
[2.349s][debug][gc,phases   ] GC(0)     Total                          Min: 0, Avg:  0.0, Max: 0, Diff: 0, Sum: 0, Workers: 4
[2.349s][debug][gc,phases   ] GC(0)   StringTable Weak               Min:  0.0, Avg:  0.1, Max:  0.2, Diff:  0.2, Sum:  0.3, Workers: 4
[2.349s][debug][gc,phases   ] GC(0)     Dead                           Min: 0, Avg:  6.5, Max: 24, Diff: 24, Sum: 26, Workers: 4
[2.349s][debug][gc,phases   ] GC(0)     Total                          Min: 0, Avg: 3288.0, Max: 6752, Diff: 6752, Sum: 13152, Workers: 4
[2.349s][debug][gc,phases   ] GC(0)   ResolvedMethodTable Weak       Min:  0.0, Avg:  0.0, Max:  0.0, Diff:  0.0, Sum:  0.0, Workers: 4
[2.349s][debug][gc,phases   ] GC(0)     Dead                           Min: 0, Avg: 18.5, Max: 50, Diff: 50, Sum: 74, Workers: 4
[2.349s][debug][gc,phases   ] GC(0)     Total                          Min: 0, Avg: 317.2, Max: 640, Diff: 640, Sum: 1269, Workers: 4
[2.349s][debug][gc,phases   ] GC(0)   JNI Weak                       Min:  0.0, Avg:  0.0, Max:  0.0, Diff:  0.0, Sum:  0.0, Workers: 4
[2.349s][debug][gc,phases   ] GC(0)     Dead                           Min: 0, Avg:  0.0, Max: 0, Diff: 0, Sum: 0, Workers: 4
[2.349s][debug][gc,phases   ] GC(0)     Total                          Min: 0, Avg: 11.2, Max: 45, Diff: 45, Sum: 45, Workers: 4
[2.349s][debug][gc,phases   ] GC(0)   StringDedup Table Weak         Min:  0.0, Avg:  0.0, Max:  0.0, Diff:  0.0, Sum:  0.0, Workers: 4
[2.349s][debug][gc,phases   ] GC(0)     Dead                           Min: 0, Avg:  0.0, Max: 0, Diff: 0, Sum: 0, Workers: 4
[2.349s][debug][gc,phases   ] GC(0)     Total                          Min: 0, Avg:  0.0, Max: 0, Diff: 0, Sum: 0, Workers: 4
[2.349s][debug][gc,phases   ] GC(0)   StringDedup Requests0 Weak     Min:  0.0, Avg:  0.0, Max:  0.0, Diff:  0.0, Sum:  0.0, Workers: 4
[2.349s][debug][gc,phases   ] GC(0)     Dead                           Min: 0, Avg:  0.0, Max: 0, Diff: 0, Sum: 0, Workers: 4
[2.349s][debug][gc,phases   ] GC(0)     Total                          Min: 0, Avg:  0.0, Max: 0, Diff: 0, Sum: 0, Workers: 4
[2.349s][debug][gc,phases   ] GC(0)   StringDedup Requests1 Weak     Min:  0.0, Avg:  0.0, Max:  0.0, Diff:  0.0, Sum:  0.0, Workers: 4
[2.349s][debug][gc,phases   ] GC(0)     Dead                           Min: 0, Avg:  0.0, Max: 0, Diff: 0, Sum: 0, Workers: 4
[2.349s][debug][gc,phases   ] GC(0)     Total                          Min: 0, Avg:  0.0, Max: 0, Diff: 0, Sum: 0, Workers: 4
[2.350s][debug][gc,phases   ] GC(0)   Weak JFR Old Object Samples    Min:  0.0, Avg:  0.0, Max:  0.0, Diff:  0.0, Sum:  0.0, Workers: 4
[2.350s][debug][gc,phases   ] GC(0)     Dead                           Min: 0, Avg:  0.0, Max: 0, Diff: 0, Sum: 0, Workers: 4
[2.350s][debug][gc,phases   ] GC(0)     Total                          Min: 0, Avg:  0.0, Max: 0, Diff: 0, Sum: 0, Workers: 4
[2.350s][debug][gc,phases   ] GC(0) Weak Processing 0.427ms
[2.350s][debug][gc,age      ] GC(0) Desired survivor size 536870912 bytes, new threshold 7 (max threshold 15)
[2.350s][info ][gc,heap     ] GC(0) PSYoungGen: 251675K(1572864K)->31564K(1572864K) Eden: 251675K(1048576K)->0K(1048576K) From: 0K(524288K)->31564K(524288K)
[2.350s][info ][gc,heap     ] GC(0) ParOldGen: 0K(6144K)->104K(6144K)
[2.350s][info ][gc,metaspace] GC(0) Metaspace: 21170K(21504K)->21170K(21504K) NonClass: 18690K(18880K)->18690K(18880K) Class: 2479K(2624K)->2479K(2624K)
[2.350s][info ][gc          ] GC(0) Pause Young (Metadata GC Threshold) 245M->30M(1542M) 20.930ms
[2.350s][info ][gc,cpu      ] GC(0) User=0.03s Sys=0.01s Real=0.02s
[2.350s][debug][gc,phases   ] GC(1) Pre Compact 0.019ms
[2.350s][info ][gc,start    ] GC(1) Pause Full (Metadata GC Threshold)
[2.350s][info ][gc,phases,start] GC(1) Marking Phase
[2.361s][debug][gc,phases      ] GC(1) Par Mark 11.068ms
[2.361s][debug][gc,ref         ] GC(1) Skipped phase 1 of Reference Processing: no references
[2.361s][debug][gc,ref         ] GC(1) ReferenceProcessor::execute queues: 3, RefProcThreadModel::Multi, marks_oops_alive: false
[2.361s][debug][gc,ref         ] GC(1) Skipped phase 3 of Reference Processing: no references
[2.361s][debug][gc,ref         ] GC(1) ReferenceProcessor::execute queues: 1, RefProcThreadModel::Single, marks_oops_alive: false
[2.361s][debug][gc,phases      ] GC(1) Reference Processing 0.161ms
[2.361s][debug][gc,phases      ] GC(1)   VM Weak                        Min:  0.0, Avg:  0.0, Max:  0.0, Diff:  0.0, Sum:  0.0, Workers: 4
[2.361s][debug][gc,phases      ] GC(1)     Dead                           Min: 0, Avg:  0.0, Max: 0, Diff: 0, Sum: 0, Workers: 4
[2.361s][debug][gc,phases      ] GC(1)     Total                          Min: 0, Avg: 57.8, Max: 231, Diff: 231, Sum: 231, Workers: 4
[2.361s][debug][gc,phases      ] GC(1)   ObjectSynchronizer Weak        Min:  0.0, Avg:  0.0, Max:  0.0, Diff:  0.0, Sum:  0.0, Workers: 4
[2.361s][debug][gc,phases      ] GC(1)     Dead                           Min: 0, Avg:  0.0, Max: 0, Diff: 0, Sum: 0, Workers: 4
[2.361s][debug][gc,phases      ] GC(1)     Total                          Min: 0, Avg:  2.0, Max: 8, Diff: 8, Sum: 8, Workers: 4
[2.361s][debug][gc,phases      ] GC(1)   JVMTI Tag Weak OopStorage      Min:  0.0, Avg:  0.0, Max:  0.0, Diff:  0.0, Sum:  0.0, Workers: 4
[2.361s][debug][gc,phases      ] GC(1)     Dead                           Min: 0, Avg:  0.0, Max: 0, Diff: 0, Sum: 0, Workers: 4
[2.361s][debug][gc,phases      ] GC(1)     Total                          Min: 0, Avg:  0.0, Max: 0, Diff: 0, Sum: 0, Workers: 4
[2.361s][debug][gc,phases      ] GC(1)   StringTable Weak               Min:  0.0, Avg:  0.0, Max:  0.1, Diff:  0.1, Sum:  0.1, Workers: 4
[2.361s][debug][gc,phases      ] GC(1)     Dead                           Min: 0, Avg:  0.0, Max: 0, Diff: 0, Sum: 0, Workers: 4
[2.361s][debug][gc,phases      ] GC(1)     Total                          Min: 0, Avg: 3288.0, Max: 6944, Diff: 6944, Sum: 13152, Workers: 4
[2.361s][debug][gc,phases      ] GC(1)   ResolvedMethodTable Weak       Min:  0.0, Avg:  0.0, Max:  0.0, Diff:  0.0, Sum:  0.0, Workers: 4
[2.361s][debug][gc,phases      ] GC(1)     Dead                           Min: 0, Avg:  0.0, Max: 0, Diff: 0, Sum: 0, Workers: 4
[2.361s][debug][gc,phases      ] GC(1)     Total                          Min: 0, Avg: 317.2, Max: 640, Diff: 640, Sum: 1269, Workers: 4
[2.361s][debug][gc,phases      ] GC(1)   JNI Weak                       Min:  0.0, Avg:  0.0, Max:  0.0, Diff:  0.0, Sum:  0.0, Workers: 4
[2.361s][debug][gc,phases      ] GC(1)     Dead                           Min: 0, Avg:  0.0, Max: 0, Diff: 0, Sum: 0, Workers: 4
[2.361s][debug][gc,phases      ] GC(1)     Total                          Min: 0, Avg: 11.2, Max: 45, Diff: 45, Sum: 45, Workers: 4
[2.361s][debug][gc,phases      ] GC(1)   StringDedup Table Weak         Min:  0.0, Avg:  0.0, Max:  0.0, Diff:  0.0, Sum:  0.0, Workers: 4
[2.361s][debug][gc,phases      ] GC(1)     Dead                           Min: 0, Avg:  0.0, Max: 0, Diff: 0, Sum: 0, Workers: 4
[2.361s][debug][gc,phases      ] GC(1)     Total                          Min: 0, Avg:  0.0, Max: 0, Diff: 0, Sum: 0, Workers: 4
[2.361s][debug][gc,phases      ] GC(1)   StringDedup Requests0 Weak     Min:  0.0, Avg:  0.0, Max:  0.0, Diff:  0.0, Sum:  0.0, Workers: 4
[2.361s][debug][gc,phases      ] GC(1)     Dead                           Min: 0, Avg:  0.0, Max: 0, Diff: 0, Sum: 0, Workers: 4
[2.361s][debug][gc,phases      ] GC(1)     Total                          Min: 0, Avg:  0.0, Max: 0, Diff: 0, Sum: 0, Workers: 4
[2.361s][debug][gc,phases      ] GC(1)   StringDedup Requests1 Weak     Min:  0.0, Avg:  0.0, Max:  0.0, Diff:  0.0, Sum:  0.0, Workers: 4
[2.361s][debug][gc,phases      ] GC(1)     Dead                           Min: 0, Avg:  0.0, Max: 0, Diff: 0, Sum: 0, Workers: 4
[2.361s][debug][gc,phases      ] GC(1)     Total                          Min: 0, Avg:  0.0, Max: 0, Diff: 0, Sum: 0, Workers: 4
[2.361s][debug][gc,phases      ] GC(1)   Weak JFR Old Object Samples    Min:  0.0, Avg:  0.0, Max:  0.0, Diff:  0.0, Sum:  0.0, Workers: 4
[2.361s][debug][gc,phases      ] GC(1)     Dead                           Min: 0, Avg:  0.0, Max: 0, Diff: 0, Sum: 0, Workers: 4
[2.361s][debug][gc,phases      ] GC(1)     Total                          Min: 0, Avg:  0.0, Max: 0, Diff: 0, Sum: 0, Workers: 4
[2.361s][debug][gc,phases      ] GC(1) Weak Processing 0.296ms
[2.361s][debug][gc,phases      ] GC(1) ClassLoaderData 0.025ms
[2.361s][debug][gc,phases      ] GC(1) Trigger cleanups 0.000ms
[2.365s][debug][gc,phases      ] GC(1) Class Unloading 3.634ms
[2.365s][info ][gc,phases      ] GC(1) Marking Phase 15.259ms
[2.365s][info ][gc,phases,start] GC(1) Summary Phase
[2.365s][info ][gc,phases      ] GC(1) Summary Phase 0.009ms
[2.365s][info ][gc,phases,start] GC(1) Adjust Roots
[2.370s][info ][gc,phases      ] GC(1) Adjust Roots 4.728ms
[2.370s][info ][gc,phases,start] GC(1) Compaction Phase
[2.402s][info ][gc,phases      ] GC(1) Compaction Phase 32.789ms
[2.403s][info ][gc,phases,start] GC(1) Post Compact
[2.404s][info ][gc,phases      ] GC(1) Post Compact 1.325ms
[2.404s][info ][gc,heap        ] GC(1) PSYoungGen: 31564K(1572864K)->25809K(1572864K) Eden: 0K(1048576K)->0K(1048576K) From: 31564K(524288K)->25809K(524288K)
[2.404s][info ][gc,heap        ] GC(1) ParOldGen: 104K(6144K)->5677K(6144K)
[2.404s][info ][gc,metaspace   ] GC(1) Metaspace: 21170K(21504K)->21170K(21504K) NonClass: 18690K(18880K)->18690K(18880K) Class: 2479K(2624K)->2479K(2624K)
[2.404s][info ][gc             ] GC(1) Pause Full (Metadata GC Threshold) 30M->30M(1542M) 54.263ms
[2.404s][info ][gc,cpu         ] GC(1) User=0.09s Sys=0.00s Real=0.05s
[2.404s][info ][safepoint      ] Safepoint "CollectForMetadataAllocation", Time since last: 515222999 ns, Reaching safepoint: 147300 ns, At safepoint: 75330292 ns, Total: 75477592 ns
[2.626s][info ][safepoint      ] Safepoint "ICBufferFull", Time since last: 222150995 ns, Reaching safepoint: 159999 ns, At safepoint: 2000 ns, Total: 161999 ns
[2.831s][info ][safepoint      ] Safepoint "ICBufferFull", Time since last: 203835969 ns, Reaching safepoint: 859897 ns, At safepoint: 7200 ns, Total: 867097 ns
[3.134s][info ][safepoint      ] Safepoint "ICBufferFull", Time since last: 303254263 ns, Reaching safepoint: 179700 ns, At safepoint: 2000 ns, Total: 181700 ns
[3.525s][info ][safepoint      ] Safepoint "ICBufferFull", Time since last: 390744807 ns, Reaching safepoint: 178399 ns, At safepoint: 3600 ns, Total: 181999 ns
[3.828s][info ][safepoint      ] Safepoint "ICBufferFull", Time since last: 302955265 ns, Reaching safepoint: 197799 ns, At safepoint: 4500 ns, Total: 202299 ns
[3.996s][info ][safepoint      ] Safepoint "ICBufferFull", Time since last: 167421918 ns, Reaching safepoint: 160599 ns, At safepoint: 1900 ns, Total: 162499 ns
[4.119s][info ][safepoint      ] Safepoint "ICBufferFull", Time since last: 122634600 ns, Reaching safepoint: 196799 ns, At safepoint: 2000 ns, Total: 198799 ns
[4.299s][info ][safepoint      ] Safepoint "ICBufferFull", Time since last: 179733267 ns, Reaching safepoint: 233000 ns, At safepoint: 6900 ns, Total: 239900 ns
[4.555s][info ][safepoint      ] Safepoint "ICBufferFull", Time since last: 255808057 ns, Reaching safepoint: 270399 ns, At safepoint: 3900 ns, Total: 274299 ns
[4.872s][info ][safepoint      ] Safepoint "ICBufferFull", Time since last: 316877208 ns, Reaching safepoint: 147599 ns, At safepoint: 8100 ns, Total: 155699 ns
[4.998s][info ][gc,start       ] GC(2) Pause Young (Metadata GC Threshold)
[5.057s][debug][gc,phases      ] GC(2) Scavenge 59.471ms
[5.057s][debug][gc,ref         ] GC(2) Skipped phase 1 of Reference Processing: no references
[5.058s][debug][gc,ref         ] GC(2) ReferenceProcessor::execute queues: 4, RefProcThreadModel::Multi, marks_oops_alive: false
[5.058s][debug][gc,ref         ] GC(2) Skipped phase 3 of Reference Processing: no references
[5.058s][debug][gc,ref         ] GC(2) ReferenceProcessor::execute queues: 2, RefProcThreadModel::Multi, marks_oops_alive: false
[5.058s][debug][gc,phases      ] GC(2) Reference Processing 0.314ms
[5.058s][debug][gc,phases      ] GC(2)   VM Weak                        Min:  0.0, Avg:  0.0, Max:  0.0, Diff:  0.0, Sum:  0.0, Workers: 4
[5.058s][debug][gc,phases      ] GC(2)     Dead                           Min: 0, Avg:  0.0, Max: 0, Diff: 0, Sum: 0, Workers: 4
[5.058s][debug][gc,phases      ] GC(2)     Total                          Min: 0, Avg: 91.5, Max: 256, Diff: 256, Sum: 366, Workers: 4
[5.058s][debug][gc,phases      ] GC(2)   ObjectSynchronizer Weak        Min:  0.0, Avg:  0.0, Max:  0.0, Diff:  0.0, Sum:  0.0, Workers: 4
[5.058s][debug][gc,phases      ] GC(2)     Dead                           Min: 0, Avg:  0.0, Max: 0, Diff: 0, Sum: 0, Workers: 4
[5.058s][debug][gc,phases      ] GC(2)     Total                          Min: 0, Avg:  2.0, Max: 8, Diff: 8, Sum: 8, Workers: 4
[5.058s][debug][gc,phases      ] GC(2)   JVMTI Tag Weak OopStorage      Min:  0.0, Avg:  0.0, Max:  0.0, Diff:  0.0, Sum:  0.0, Workers: 4
[5.058s][debug][gc,phases      ] GC(2)     Dead                           Min: 0, Avg:  0.0, Max: 0, Diff: 0, Sum: 0, Workers: 4
[5.058s][debug][gc,phases      ] GC(2)     Total                          Min: 0, Avg:  0.0, Max: 0, Diff: 0, Sum: 0, Workers: 4
[5.058s][debug][gc,phases      ] GC(2)   StringTable Weak               Min:  0.0, Avg:  0.2, Max:  0.2, Diff:  0.2, Sum:  0.7, Workers: 4
[5.058s][debug][gc,phases      ] GC(2)     Dead                           Min: 0, Avg:  2.2, Max: 4, Diff: 4, Sum: 9, Workers: 4
[5.058s][debug][gc,phases      ] GC(2)     Total                          Min: 0, Avg: 6564.2, Max: 9105, Diff: 9105, Sum: 26257, Workers: 4
[5.058s][debug][gc,phases      ] GC(2)   ResolvedMethodTable Weak       Min:  0.0, Avg:  0.0, Max:  0.0, Diff:  0.0, Sum:  0.1, Workers: 4
[5.058s][debug][gc,phases      ] GC(2)     Dead                           Min: 0, Avg: 14.2, Max: 39, Diff: 39, Sum: 57, Workers: 4
[5.058s][debug][gc,phases      ] GC(2)     Total                          Min: 0, Avg: 612.8, Max: 896, Diff: 896, Sum: 2451, Workers: 4
[5.058s][debug][gc,phases      ] GC(2)   JNI Weak                       Min:  0.0, Avg:  0.0, Max:  0.0, Diff:  0.0, Sum:  0.0, Workers: 4
[5.058s][debug][gc,phases      ] GC(2)     Dead                           Min: 0, Avg:  0.0, Max: 0, Diff: 0, Sum: 0, Workers: 4
[5.058s][debug][gc,phases      ] GC(2)     Total                          Min: 0, Avg: 11.2, Max: 45, Diff: 45, Sum: 45, Workers: 4
[5.058s][debug][gc,phases      ] GC(2)   StringDedup Table Weak         Min:  0.0, Avg:  0.0, Max:  0.0, Diff:  0.0, Sum:  0.0, Workers: 4
[5.058s][debug][gc,phases      ] GC(2)     Dead                           Min: 0, Avg:  0.0, Max: 0, Diff: 0, Sum: 0, Workers: 4
[5.058s][debug][gc,phases      ] GC(2)     Total                          Min: 0, Avg:  0.0, Max: 0, Diff: 0, Sum: 0, Workers: 4
[5.058s][debug][gc,phases      ] GC(2)   StringDedup Requests0 Weak     Min:  0.0, Avg:  0.0, Max:  0.0, Diff:  0.0, Sum:  0.0, Workers: 4
[5.058s][debug][gc,phases      ] GC(2)     Dead                           Min: 0, Avg:  0.0, Max: 0, Diff: 0, Sum: 0, Workers: 4
[5.058s][debug][gc,phases      ] GC(2)     Total                          Min: 0, Avg:  0.0, Max: 0, Diff: 0, Sum: 0, Workers: 4
[5.058s][debug][gc,phases      ] GC(2)   StringDedup Requests1 Weak     Min:  0.0, Avg:  0.0, Max:  0.0, Diff:  0.0, Sum:  0.0, Workers: 4
[5.058s][debug][gc,phases      ] GC(2)     Dead                           Min: 0, Avg:  0.0, Max: 0, Diff: 0, Sum: 0, Workers: 4
[5.058s][debug][gc,phases      ] GC(2)     Total                          Min: 0, Avg:  0.0, Max: 0, Diff: 0, Sum: 0, Workers: 4
[5.058s][debug][gc,phases      ] GC(2)   Weak JFR Old Object Samples    Min:  0.0, Avg:  0.0, Max:  0.0, Diff:  0.0, Sum:  0.0, Workers: 4
[5.058s][debug][gc,phases      ] GC(2)     Dead                           Min: 0, Avg:  0.0, Max: 0, Diff: 0, Sum: 0, Workers: 4
[5.058s][debug][gc,phases      ] GC(2)     Total                          Min: 0, Avg:  0.0, Max: 0, Diff: 0, Sum: 0, Workers: 4
[5.058s][debug][gc,phases      ] GC(2) Weak Processing 0.427ms
[5.058s][debug][gc,age         ] GC(2) Desired survivor size 536870912 bytes, new threshold 7 (max threshold 15)
[5.058s][info ][gc,heap        ] GC(2) PSYoungGen: 571069K(1572864K)->83850K(1572864K) Eden: 545260K(1048576K)->0K(1048576K) From: 25809K(524288K)->83850K(524288K)
[5.058s][info ][gc,heap        ] GC(2) ParOldGen: 5677K(6144K)->5701K(6144K)
[5.058s][info ][gc,metaspace   ] GC(2) Metaspace: 35323K(35840K)->35323K(35840K) NonClass: 30751K(31040K)->30751K(31040K) Class: 4572K(4800K)->4572K(4800K)
[5.058s][info ][gc             ] GC(2) Pause Young (Metadata GC Threshold) 563M->87M(1542M) 60.321ms
[5.058s][info ][gc,cpu         ] GC(2) User=0.12s Sys=0.05s Real=0.06s
[5.058s][debug][gc,phases      ] GC(3) Pre Compact 0.008ms
[5.058s][info ][gc,start       ] GC(3) Pause Full (Metadata GC Threshold)
[5.058s][info ][gc,phases,start] GC(3) Marking Phase
[5.098s][debug][gc,phases      ] GC(3) Par Mark 40.110ms
[5.098s][debug][gc,ref         ] GC(3) Skipped phase 1 of Reference Processing: no references
[5.099s][debug][gc,ref         ] GC(3) ReferenceProcessor::execute queues: 4, RefProcThreadModel::Multi, marks_oops_alive: false
[5.099s][debug][gc,ref         ] GC(3) Skipped phase 3 of Reference Processing: no references
[5.099s][debug][gc,ref         ] GC(3) ReferenceProcessor::execute queues: 1, RefProcThreadModel::Single, marks_oops_alive: false
[5.099s][debug][gc,phases      ] GC(3) Reference Processing 0.281ms
[5.099s][debug][gc,phases      ] GC(3)   VM Weak                        Min:  0.0, Avg:  0.0, Max:  0.0, Diff:  0.0, Sum:  0.0, Workers: 4
[5.099s][debug][gc,phases      ] GC(3)     Dead                           Min: 0, Avg:  0.0, Max: 0, Diff: 0, Sum: 0, Workers: 4
[5.099s][debug][gc,phases      ] GC(3)     Total                          Min: 0, Avg: 91.5, Max: 192, Diff: 192, Sum: 366, Workers: 4
[5.099s][debug][gc,phases      ] GC(3)   ObjectSynchronizer Weak        Min:  0.0, Avg:  0.0, Max:  0.0, Diff:  0.0, Sum:  0.0, Workers: 4
[5.099s][debug][gc,phases      ] GC(3)     Dead                           Min: 0, Avg:  0.0, Max: 0, Diff: 0, Sum: 0, Workers: 4
[5.099s][debug][gc,phases      ] GC(3)     Total                          Min: 0, Avg:  2.0, Max: 8, Diff: 8, Sum: 8, Workers: 4
[5.099s][debug][gc,phases      ] GC(3)   JVMTI Tag Weak OopStorage      Min:  0.0, Avg:  0.0, Max:  0.0, Diff:  0.0, Sum:  0.0, Workers: 4
[5.099s][debug][gc,phases      ] GC(3)     Dead                           Min: 0, Avg:  0.0, Max: 0, Diff: 0, Sum: 0, Workers: 4
[5.099s][debug][gc,phases      ] GC(3)     Total                          Min: 0, Avg:  0.0, Max: 0, Diff: 0, Sum: 0, Workers: 4
[5.099s][debug][gc,phases      ] GC(3)   StringTable Weak               Min:  0.0, Avg:  0.1, Max:  0.1, Diff:  0.1, Sum:  0.3, Workers: 4
[5.099s][debug][gc,phases      ] GC(3)     Dead                           Min: 0, Avg:  0.0, Max: 0, Diff: 0, Sum: 0, Workers: 4
[5.099s][debug][gc,phases      ] GC(3)     Total                          Min: 0, Avg: 6564.2, Max: 8960, Diff: 8960, Sum: 26257, Workers: 4
[5.099s][debug][gc,phases      ] GC(3)   ResolvedMethodTable Weak       Min:  0.0, Avg:  0.0, Max:  0.0, Diff:  0.0, Sum:  0.0, Workers: 4
[5.099s][debug][gc,phases      ] GC(3)     Dead                           Min: 0, Avg:  0.0, Max: 0, Diff: 0, Sum: 0, Workers: 4
[5.099s][debug][gc,phases      ] GC(3)     Total                          Min: 0, Avg: 612.8, Max: 832, Diff: 832, Sum: 2451, Workers: 4
[5.099s][debug][gc,phases      ] GC(3)   JNI Weak                       Min:  0.0, Avg:  0.0, Max:  0.0, Diff:  0.0, Sum:  0.0, Workers: 4
[5.099s][debug][gc,phases      ] GC(3)     Dead                           Min: 0, Avg:  0.0, Max: 0, Diff: 0, Sum: 0, Workers: 4
[5.099s][debug][gc,phases      ] GC(3)     Total                          Min: 0, Avg: 11.2, Max: 45, Diff: 45, Sum: 45, Workers: 4
[5.099s][debug][gc,phases      ] GC(3)   StringDedup Table Weak         Min:  0.0, Avg:  0.0, Max:  0.0, Diff:  0.0, Sum:  0.0, Workers: 4
[5.099s][debug][gc,phases      ] GC(3)     Dead                           Min: 0, Avg:  0.0, Max: 0, Diff: 0, Sum: 0, Workers: 4
[5.099s][debug][gc,phases      ] GC(3)     Total                          Min: 0, Avg:  0.0, Max: 0, Diff: 0, Sum: 0, Workers: 4
[5.099s][debug][gc,phases      ] GC(3)   StringDedup Requests0 Weak     Min:  0.0, Avg:  0.0, Max:  0.0, Diff:  0.0, Sum:  0.0, Workers: 4
[5.099s][debug][gc,phases      ] GC(3)     Dead                           Min: 0, Avg:  0.0, Max: 0, Diff: 0, Sum: 0, Workers: 4
[5.099s][debug][gc,phases      ] GC(3)     Total                          Min: 0, Avg:  0.0, Max: 0, Diff: 0, Sum: 0, Workers: 4
[5.099s][debug][gc,phases      ] GC(3)   StringDedup Requests1 Weak     Min:  0.0, Avg:  0.0, Max:  0.0, Diff:  0.0, Sum:  0.0, Workers: 4
[5.099s][debug][gc,phases      ] GC(3)     Dead                           Min: 0, Avg:  0.0, Max: 0, Diff: 0, Sum: 0, Workers: 4
[5.099s][debug][gc,phases      ] GC(3)     Total                          Min: 0, Avg:  0.0, Max: 0, Diff: 0, Sum: 0, Workers: 4
[5.099s][debug][gc,phases      ] GC(3)   Weak JFR Old Object Samples    Min:  0.0, Avg:  0.0, Max:  0.0, Diff:  0.0, Sum:  0.0, Workers: 4
[5.099s][debug][gc,phases      ] GC(3)     Dead                           Min: 0, Avg:  0.0, Max: 0, Diff: 0, Sum: 0, Workers: 4
[5.099s][debug][gc,phases      ] GC(3)     Total                          Min: 0, Avg:  0.0, Max: 0, Diff: 0, Sum: 0, Workers: 4
[5.099s][debug][gc,phases      ] GC(3) Weak Processing 0.258ms
[5.099s][debug][gc,phases      ] GC(3) ClassLoaderData 0.041ms
[5.099s][debug][gc,phases      ] GC(3) Trigger cleanups 0.000ms
[5.104s][debug][gc,phases      ] GC(3) Class Unloading 5.260ms
[5.104s][info ][gc,phases      ] GC(3) Marking Phase 46.012ms
[5.104s][info ][gc,phases,start] GC(3) Summary Phase
[5.104s][info ][gc,phases      ] GC(3) Summary Phase 0.005ms
[5.104s][info ][gc,phases,start] GC(3) Adjust Roots
[5.112s][info ][gc,phases      ] GC(3) Adjust Roots 7.996ms
[5.112s][info ][gc,phases,start] GC(3) Compaction Phase
[5.491s][info ][gc,phases      ] GC(3) Compaction Phase 378.521ms
[5.491s][info ][gc,phases,start] GC(3) Post Compact
[5.492s][info ][gc,phases      ] GC(3) Post Compact 0.841ms
[5.492s][info ][gc,heap        ] GC(3) PSYoungGen: 83850K(1572864K)->83129K(1572864K) Eden: 0K(1048576K)->0K(1048576K) From: 83850K(524288K)->83129K(524288K)
[5.492s][info ][gc,heap        ] GC(3) ParOldGen: 5701K(6144K)->6124K(6144K)
[5.492s][info ][gc,metaspace   ] GC(3) Metaspace: 35323K(35840K)->35323K(35840K) NonClass: 30751K(31040K)->30751K(31040K) Class: 4572K(4800K)->4572K(4800K)
[5.492s][info ][gc             ] GC(3) Pause Full (Metadata GC Threshold) 87M->87M(1542M) 433.480ms
[5.492s][info ][gc,cpu         ] GC(3) User=0.87s Sys=0.03s Real=0.43s
[5.492s][info ][safepoint      ] Safepoint "CollectForMetadataAllocation", Time since last: 125798687 ns, Reaching safepoint: 99500 ns, At safepoint: 493920686 ns, Total: 494020186 ns
[5.812s][info ][safepoint      ] Safepoint "ICBufferFull", Time since last: 319577098 ns, Reaching safepoint: 177399 ns, At safepoint: 3800 ns, Total: 181199 ns
[6.512s][info ][safepoint      ] Safepoint "ICBufferFull", Time since last: 700644344 ns, Reaching safepoint: 273898 ns, At safepoint: 3900 ns, Total: 277798 ns
[6.820s][info ][safepoint      ] Safepoint "ICBufferFull", Time since last: 307706246 ns, Reaching safepoint: 253099 ns, At safepoint: 6600 ns, Total: 259699 ns
[7.012s][info ][safepoint      ] Safepoint "ICBufferFull", Time since last: 191614419 ns, Reaching safepoint: 285099 ns, At safepoint: 6200 ns, Total: 291299 ns
[7.164s][info ][safepoint      ] Safepoint "ICBufferFull", Time since last: 151469882 ns, Reaching safepoint: 150899 ns, At safepoint: 2200 ns, Total: 153099 ns
[7.309s][info ][safepoint      ] Safepoint "ICBufferFull", Time since last: 144513011 ns, Reaching safepoint: 236099 ns, At safepoint: 4500 ns, Total: 240599 ns
[7.418s][info ][safepoint      ] Safepoint "ICBufferFull", Time since last: 109363655 ns, Reaching safepoint: 137599 ns, At safepoint: 2200 ns, Total: 139799 ns
[7.696s][info ][safepoint      ] Safepoint "ICBufferFull", Time since last: 277697668 ns, Reaching safepoint: 161199 ns, At safepoint: 2000 ns, Total: 163199 ns
[7.828s][debug][gc,phases      ] GC(4) Pre Compact 0.016ms
[7.828s][info ][gc,start       ] GC(4) Pause Full (Metadata GC Threshold)
[7.828s][info ][gc,phases,start] GC(4) Marking Phase
[7.899s][debug][gc,phases      ] GC(4) Par Mark 70.709ms
[7.899s][debug][gc,ref         ] GC(4) Skipped phase 1 of Reference Processing: no references
[7.899s][debug][gc,ref         ] GC(4) ReferenceProcessor::execute queues: 4, RefProcThreadModel::Multi, marks_oops_alive: false
[7.900s][debug][gc,ref         ] GC(4) Skipped phase 3 of Reference Processing: no references
[7.900s][debug][gc,ref         ] GC(4) ReferenceProcessor::execute queues: 4, RefProcThreadModel::Multi, marks_oops_alive: false
[7.900s][debug][gc,phases      ] GC(4) Reference Processing 1.162ms
[7.900s][debug][gc,phases      ] GC(4)   VM Weak                        Min:  0.0, Avg:  0.0, Max:  0.0, Diff:  0.0, Sum:  0.0, Workers: 4
[7.900s][debug][gc,phases      ] GC(4)     Dead                           Min: 0, Avg:  0.0, Max: 0, Diff: 0, Sum: 0, Workers: 4
[7.900s][debug][gc,phases      ] GC(4)     Total                          Min: 0, Avg: 136.8, Max: 227, Diff: 227, Sum: 547, Workers: 4
[7.900s][debug][gc,phases      ] GC(4)   ObjectSynchronizer Weak        Min:  0.0, Avg:  0.0, Max:  0.0, Diff:  0.0, Sum:  0.0, Workers: 4
[7.900s][debug][gc,phases      ] GC(4)     Dead                           Min: 0, Avg:  0.2, Max: 1, Diff: 1, Sum: 1, Workers: 4
[7.900s][debug][gc,phases      ] GC(4)     Total                          Min: 0, Avg:  3.0, Max: 12, Diff: 12, Sum: 12, Workers: 4
[7.900s][debug][gc,phases      ] GC(4)   JVMTI Tag Weak OopStorage      Min:  0.0, Avg:  0.0, Max:  0.0, Diff:  0.0, Sum:  0.0, Workers: 4
[7.900s][debug][gc,phases      ] GC(4)     Dead                           Min: 0, Avg:  0.0, Max: 0, Diff: 0, Sum: 0, Workers: 4
[7.900s][debug][gc,phases      ] GC(4)     Total                          Min: 0, Avg:  0.0, Max: 0, Diff: 0, Sum: 0, Workers: 4
[7.900s][debug][gc,phases      ] GC(4)   StringTable Weak               Min:  0.0, Avg:  0.1, Max:  0.1, Diff:  0.1, Sum:  0.4, Workers: 4
[7.900s][debug][gc,phases      ] GC(4)     Dead                           Min: 0, Avg:  4.5, Max: 8, Diff: 8, Sum: 18, Workers: 4
[7.900s][debug][gc,phases      ] GC(4)     Total                          Min: 0, Avg: 9152.0, Max: 12544, Diff: 12544, Sum: 36608, Workers: 4
[7.900s][debug][gc,phases      ] GC(4)   ResolvedMethodTable Weak       Min:  0.0, Avg:  0.0, Max:  0.0, Diff:  0.0, Sum:  0.1, Workers: 4
[7.900s][debug][gc,phases      ] GC(4)     Dead                           Min: 0, Avg: 48.8, Max: 84, Diff: 84, Sum: 195, Workers: 4
[7.900s][debug][gc,phases      ] GC(4)     Total                          Min: 0, Avg: 1584.8, Max: 2368, Diff: 2368, Sum: 6339, Workers: 4
[7.900s][debug][gc,phases      ] GC(4)   JNI Weak                       Min:  0.0, Avg:  0.0, Max:  0.0, Diff:  0.0, Sum:  0.0, Workers: 4
[7.900s][debug][gc,phases      ] GC(4)     Dead                           Min: 0, Avg:  0.0, Max: 0, Diff: 0, Sum: 0, Workers: 4
[7.900s][debug][gc,phases      ] GC(4)     Total                          Min: 0, Avg: 14.0, Max: 46, Diff: 46, Sum: 56, Workers: 4
[7.900s][debug][gc,phases      ] GC(4)   StringDedup Table Weak         Min:  0.0, Avg:  0.0, Max:  0.0, Diff:  0.0, Sum:  0.0, Workers: 4
[7.900s][debug][gc,phases      ] GC(4)     Dead                           Min: 0, Avg:  0.0, Max: 0, Diff: 0, Sum: 0, Workers: 4
[7.900s][debug][gc,phases      ] GC(4)     Total                          Min: 0, Avg:  0.0, Max: 0, Diff: 0, Sum: 0, Workers: 4
[7.900s][debug][gc,phases      ] GC(4)   StringDedup Requests0 Weak     Min:  0.0, Avg:  0.0, Max:  0.0, Diff:  0.0, Sum:  0.0, Workers: 4
[7.900s][debug][gc,phases      ] GC(4)     Dead                           Min: 0, Avg:  0.0, Max: 0, Diff: 0, Sum: 0, Workers: 4
[7.900s][debug][gc,phases      ] GC(4)     Total                          Min: 0, Avg:  0.0, Max: 0, Diff: 0, Sum: 0, Workers: 4
[7.900s][debug][gc,phases      ] GC(4)   StringDedup Requests1 Weak     Min:  0.0, Avg:  0.0, Max:  0.0, Diff:  0.0, Sum:  0.0, Workers: 4
[7.900s][debug][gc,phases      ] GC(4)     Dead                           Min: 0, Avg:  0.0, Max: 0, Diff: 0, Sum: 0, Workers: 4
[7.900s][debug][gc,phases      ] GC(4)     Total                          Min: 0, Avg:  0.0, Max: 0, Diff: 0, Sum: 0, Workers: 4
[7.900s][debug][gc,phases      ] GC(4)   Weak JFR Old Object Samples    Min:  0.0, Avg:  0.0, Max:  0.0, Diff:  0.0, Sum:  0.0, Workers: 4
[7.900s][debug][gc,phases      ] GC(4)     Dead                           Min: 0, Avg:  0.0, Max: 0, Diff: 0, Sum: 0, Workers: 4
[7.900s][debug][gc,phases      ] GC(4)     Total                          Min: 0, Avg:  0.0, Max: 0, Diff: 0, Sum: 0, Workers: 4
[7.900s][debug][gc,phases      ] GC(4) Weak Processing 0.334ms
[7.900s][debug][gc,phases      ] GC(4) ClassLoaderData 0.058ms
[7.900s][debug][gc,phases      ] GC(4) Trigger cleanups 0.000ms
[7.908s][debug][gc,phases      ] GC(4) Class Unloading 7.206ms
[7.908s][info ][gc,phases      ] GC(4) Marking Phase 79.533ms
[7.908s][info ][gc,phases,start] GC(4) Summary Phase
[7.908s][info ][gc,phases      ] GC(4) Summary Phase 0.012ms
[7.908s][info ][gc,phases,start] GC(4) Adjust Roots
[7.916s][info ][gc,phases      ] GC(4) Adjust Roots 8.255ms
[7.916s][info ][gc,phases,start] GC(4) Compaction Phase
[8.063s][info ][gc,phases      ] GC(4) Compaction Phase 147.026ms
[8.063s][info ][gc,phases,start] GC(4) Post Compact
[8.068s][info ][gc,phases      ] GC(4) Post Compact 5.382ms
[8.068s][info ][gc,heap        ] GC(4) PSYoungGen: 561220K(1572864K)->110682K(1572864K) Eden: 478090K(1048576K)->110682K(1048576K) From: 83129K(524288K)->0K(524288K)
[8.068s][info ][gc,heap        ] GC(4) ParOldGen: 6124K(6144K)->6132K(6144K)
[8.068s][info ][gc,metaspace   ] GC(4) Metaspace: 59081K(59776K)->59081K(59776K) NonClass: 50257K(50624K)->50257K(50624K) Class: 8823K(9152K)->8823K(9152K)
[8.068s][info ][gc             ] GC(4) Pause Full (Metadata GC Threshold) 554M->114M(1542M) 240.413ms
[8.068s][info ][gc,cpu         ] GC(4) User=0.62s Sys=0.01s Real=0.24s
[8.092s][info ][safepoint      ] Safepoint "CollectForMetadataAllocation", Time since last: 131639964 ns, Reaching safepoint: 184899 ns, At safepoint: 263960524 ns, Total: 264145423 ns
[8.357s][info ][safepoint      ] Safepoint "ICBufferFull", Time since last: 264683819 ns, Reaching safepoint: 239399 ns, At safepoint: 10700 ns, Total: 250099 ns
[8.740s][info ][safepoint      ] Safepoint "ICBufferFull", Time since last: 382663336 ns, Reaching safepoint: 168200 ns, At safepoint: 2600 ns, Total: 170800 ns
[9.536s][info ][safepoint      ] Safepoint "ICBufferFull", Time since last: 796423346 ns, Reaching safepoint: 172199 ns, At safepoint: 1800 ns, Total: 173999 ns
[9.670s][info ][safepoint      ] Safepoint "ICBufferFull", Time since last: 130010969 ns, Reaching safepoint: 3593985 ns, At safepoint: 7300 ns, Total: 3601285 ns
[9.959s][info ][safepoint      ] Safepoint "ICBufferFull", Time since last: 288494121 ns, Reaching safepoint: 228899 ns, At safepoint: 11200 ns, Total: 240099 ns
[10.380s][debug][gc,phases      ] GC(5) Pre Compact 0.024ms
[10.380s][info ][gc,start       ] GC(5) Pause Full (Ergonomics)
[10.380s][info ][gc,phases,start] GC(5) Marking Phase
[10.644s][debug][gc,phases      ] GC(5) Par Mark 264.387ms
[10.644s][debug][gc,ref         ] GC(5) Skipped phase 1 of Reference Processing: no references
[10.645s][debug][gc,ref         ] GC(5) ReferenceProcessor::execute queues: 4, RefProcThreadModel::Multi, marks_oops_alive: false
[10.645s][debug][gc,ref         ] GC(5) Skipped phase 3 of Reference Processing: no references
[10.645s][debug][gc,ref         ] GC(5) ReferenceProcessor::execute queues: 1, RefProcThreadModel::Single, marks_oops_alive: false
[10.645s][debug][gc,phases      ] GC(5) Reference Processing 1.136ms
[10.646s][debug][gc,phases      ] GC(5)   VM Weak                        Min:  0.0, Avg:  0.0, Max:  0.0, Diff:  0.0, Sum:  0.0, Workers: 4
[10.646s][debug][gc,phases      ] GC(5)     Dead                           Min: 0, Avg:  0.0, Max: 0, Diff: 0, Sum: 0, Workers: 4
[10.646s][debug][gc,phases      ] GC(5)     Total                          Min: 0, Avg: 152.0, Max: 320, Diff: 320, Sum: 608, Workers: 4
[10.646s][debug][gc,phases      ] GC(5)   ObjectSynchronizer Weak        Min:  0.0, Avg:  0.0, Max:  0.0, Diff:  0.0, Sum:  0.0, Workers: 4
[10.646s][debug][gc,phases      ] GC(5)     Dead                           Min: 0, Avg:  0.0, Max: 0, Diff: 0, Sum: 0, Workers: 4
[10.646s][debug][gc,phases      ] GC(5)     Total                          Min: 0, Avg:  3.5, Max: 14, Diff: 14, Sum: 14, Workers: 4
[10.646s][debug][gc,phases      ] GC(5)   JVMTI Tag Weak OopStorage      Min:  0.0, Avg:  0.0, Max:  0.0, Diff:  0.0, Sum:  0.0, Workers: 4
[10.646s][debug][gc,phases      ] GC(5)     Dead                           Min: 0, Avg:  0.0, Max: 0, Diff: 0, Sum: 0, Workers: 4
[10.646s][debug][gc,phases      ] GC(5)     Total                          Min: 0, Avg:  0.0, Max: 0, Diff: 0, Sum: 0, Workers: 4
[10.646s][debug][gc,phases      ] GC(5)   StringTable Weak               Min:  0.0, Avg:  0.1, Max:  0.2, Diff:  0.2, Sum:  0.5, Workers: 4
[10.646s][debug][gc,phases      ] GC(5)     Dead                           Min: 0, Avg:  3.8, Max: 8, Diff: 8, Sum: 15, Workers: 4
[10.646s][debug][gc,phases      ] GC(5)     Total                          Min: 0, Avg: 9824.0, Max: 13760, Diff: 13760, Sum: 39296, Workers: 4
[10.646s][debug][gc,phases      ] GC(5)   ResolvedMethodTable Weak       Min:  0.0, Avg:  0.0, Max:  0.0, Diff:  0.0, Sum:  0.1, Workers: 4
[10.646s][debug][gc,phases      ] GC(5)     Dead                           Min: 0, Avg: 57.5, Max: 141, Diff: 141, Sum: 230, Workers: 4
[10.646s][debug][gc,phases      ] GC(5)     Total                          Min: 0, Avg: 1792.0, Max: 2560, Diff: 2560, Sum: 7168, Workers: 4
[10.646s][debug][gc,phases      ] GC(5)   JNI Weak                       Min:  0.0, Avg:  0.0, Max:  0.0, Diff:  0.0, Sum:  0.0, Workers: 4
[10.646s][debug][gc,phases      ] GC(5)     Dead                           Min: 0, Avg:  0.0, Max: 0, Diff: 0, Sum: 0, Workers: 4
[10.646s][debug][gc,phases      ] GC(5)     Total                          Min: 0, Avg: 16.5, Max: 47, Diff: 47, Sum: 66, Workers: 4
[10.646s][debug][gc,phases      ] GC(5)   StringDedup Table Weak         Min:  0.0, Avg:  0.0, Max:  0.0, Diff:  0.0, Sum:  0.0, Workers: 4
[10.646s][debug][gc,phases      ] GC(5)     Dead                           Min: 0, Avg:  0.0, Max: 0, Diff: 0, Sum: 0, Workers: 4
[10.646s][debug][gc,phases      ] GC(5)     Total                          Min: 0, Avg:  0.0, Max: 0, Diff: 0, Sum: 0, Workers: 4
[10.646s][debug][gc,phases      ] GC(5)   StringDedup Requests0 Weak     Min:  0.0, Avg:  0.0, Max:  0.0, Diff:  0.0, Sum:  0.0, Workers: 4
[10.646s][debug][gc,phases      ] GC(5)     Dead                           Min: 0, Avg:  0.0, Max: 0, Diff: 0, Sum: 0, Workers: 4
[10.646s][debug][gc,phases      ] GC(5)     Total                          Min: 0, Avg:  0.0, Max: 0, Diff: 0, Sum: 0, Workers: 4
[10.646s][debug][gc,phases      ] GC(5)   StringDedup Requests1 Weak     Min:  0.0, Avg:  0.0, Max:  0.0, Diff:  0.0, Sum:  0.0, Workers: 4
[10.646s][debug][gc,phases      ] GC(5)     Dead                           Min: 0, Avg:  0.0, Max: 0, Diff: 0, Sum: 0, Workers: 4
[10.646s][debug][gc,phases      ] GC(5)     Total                          Min: 0, Avg:  0.0, Max: 0, Diff: 0, Sum: 0, Workers: 4
[10.646s][debug][gc,phases      ] GC(5)   Weak JFR Old Object Samples    Min:  0.0, Avg:  0.0, Max:  0.0, Diff:  0.0, Sum:  0.0, Workers: 4
[10.646s][debug][gc,phases      ] GC(5)     Dead                           Min: 0, Avg:  0.0, Max: 0, Diff: 0, Sum: 0, Workers: 4
[10.646s][debug][gc,phases      ] GC(5)     Total                          Min: 0, Avg:  0.0, Max: 0, Diff: 0, Sum: 0, Workers: 4
[10.646s][debug][gc,phases      ] GC(5) Weak Processing 0.370ms
[10.646s][debug][gc,phases      ] GC(5) ClassLoaderData 0.072ms
[10.646s][debug][gc,phases      ] GC(5) Trigger cleanups 0.000ms
[10.654s][debug][gc,phases      ] GC(5) Class Unloading 8.234ms
[10.654s][info ][gc,phases      ] GC(5) Marking Phase 274.294ms
[10.654s][info ][gc,phases,start] GC(5) Summary Phase
[10.654s][info ][gc,phases      ] GC(5) Summary Phase 0.022ms
[10.654s][info ][gc,phases,start] GC(5) Adjust Roots
[10.665s][info ][gc,phases      ] GC(5) Adjust Roots 11.471ms
[10.665s][info ][gc,phases,start] GC(5) Compaction Phase
[11.322s][info ][gc,phases      ] GC(5) Compaction Phase 656.465ms
[11.322s][info ][gc,phases,start] GC(5) Post Compact
[11.326s][info ][gc,phases      ] GC(5) Post Compact 3.747ms
[11.326s][info ][gc,heap        ] GC(5) PSYoungGen: 1048576K(1572864K)->393777K(1572864K) Eden: 1048576K(1048576K)->393777K(1048576K) From: 0K(524288K)->0K(524288K)
[11.326s][info ][gc,heap        ] GC(5) ParOldGen: 6132K(6144K)->6091K(18944K)
[11.326s][info ][gc,metaspace   ] GC(5) Metaspace: 67636K(68416K)->67636K(68416K) NonClass: 57702K(58112K)->57702K(58112K) Class: 9934K(10304K)->9934K(10304K)
[11.326s][info ][gc             ] GC(5) Pause Full (Ergonomics) 1029M->390M(1554M) 946.185ms
[11.326s][info ][gc,cpu         ] GC(5) User=2.66s Sys=0.04s Real=0.94s
[11.326s][info ][safepoint      ] Safepoint "ParallelGCFailedAllocation", Time since last: 420791581 ns, Reaching safepoint: 149999 ns, At safepoint: 946688832 ns, Total: 946838831 ns
[11.513s][info ][safepoint      ] Safepoint "ICBufferFull", Time since last: 186664738 ns, Reaching safepoint: 222799 ns, At safepoint: 9100 ns, Total: 231899 ns
[11.702s][info ][safepoint      ] Safepoint "ICBufferFull", Time since last: 186351938 ns, Reaching safepoint: 2203691 ns, At safepoint: 10600 ns, Total: 2214291 ns
[12.047s][info ][safepoint      ] Safepoint "ICBufferFull", Time since last: 345151690 ns, Reaching safepoint: 264299 ns, At safepoint: 11000 ns, Total: 275299 ns
[12.361s][info ][safepoint      ] Safepoint "ICBufferFull", Time since last: 314078217 ns, Reaching safepoint: 198299 ns, At safepoint: 7500 ns, Total: 205799 ns
[12.731s][info ][gc,start       ] GC(6) Pause Young (Allocation Failure)
[13.110s][debug][gc,phases      ] GC(6) Scavenge 378.771ms
[13.110s][debug][gc,ref         ] GC(6) Skipped phase 1 of Reference Processing: no references
[13.110s][debug][gc,ref         ] GC(6) ReferenceProcessor::execute queues: 4, RefProcThreadModel::Multi, marks_oops_alive: false
[13.110s][debug][gc,ref         ] GC(6) ReferenceProcessor::execute queues: 4, RefProcThreadModel::Multi, marks_oops_alive: true
[13.110s][debug][gc,ref         ] GC(6) ReferenceProcessor::execute queues: 1, RefProcThreadModel::Single, marks_oops_alive: false
[13.110s][debug][gc,phases      ] GC(6) Reference Processing 0.555ms
[13.111s][debug][gc,phases      ] GC(6)   VM Weak                        Min:  0.0, Avg:  0.0, Max:  0.0, Diff:  0.0, Sum:  0.0, Workers: 4
[13.111s][debug][gc,phases      ] GC(6)     Dead                           Min: 0, Avg:  0.0, Max: 0, Diff: 0, Sum: 0, Workers: 4
[13.111s][debug][gc,phases      ] GC(6)     Total                          Min: 0, Avg: 156.5, Max: 370, Diff: 370, Sum: 626, Workers: 4
[13.111s][debug][gc,phases      ] GC(6)   ObjectSynchronizer Weak        Min:  0.0, Avg:  0.0, Max:  0.0, Diff:  0.0, Sum:  0.0, Workers: 4
[13.111s][debug][gc,phases      ] GC(6)     Dead                           Min: 0, Avg:  0.2, Max: 1, Diff: 1, Sum: 1, Workers: 4
[13.111s][debug][gc,phases      ] GC(6)     Total                          Min: 0, Avg:  4.5, Max: 18, Diff: 18, Sum: 18, Workers: 4
[13.111s][debug][gc,phases      ] GC(6)   JVMTI Tag Weak OopStorage      Min:  0.0, Avg:  0.0, Max:  0.0, Diff:  0.0, Sum:  0.0, Workers: 4
[13.111s][debug][gc,phases      ] GC(6)     Dead                           Min: 0, Avg:  0.0, Max: 0, Diff: 0, Sum: 0, Workers: 4
[13.111s][debug][gc,phases      ] GC(6)     Total                          Min: 0, Avg:  0.0, Max: 0, Diff: 0, Sum: 0, Workers: 4
[13.111s][debug][gc,phases      ] GC(6)   StringTable Weak               Min:  0.0, Avg:  0.2, Max:  0.3, Diff:  0.3, Sum:  0.9, Workers: 4
[13.111s][debug][gc,phases      ] GC(6)     Dead                           Min: 0, Avg:  1.2, Max: 3, Diff: 3, Sum: 5, Workers: 4
[13.111s][debug][gc,phases      ] GC(6)     Total                          Min: 0, Avg: 9967.0, Max: 14016, Diff: 14016, Sum: 39868, Workers: 4
[13.111s][debug][gc,phases      ] GC(6)   ResolvedMethodTable Weak       Min:  0.0, Avg:  0.1, Max:  0.1, Diff:  0.1, Sum:  0.2, Workers: 4
[13.111s][debug][gc,phases      ] GC(6)     Dead                           Min: 0, Avg:  8.2, Max: 28, Diff: 28, Sum: 33, Workers: 4
[13.111s][debug][gc,phases      ] GC(6)     Total                          Min: 0, Avg: 1880.8, Max: 2597, Diff: 2597, Sum: 7523, Workers: 4
[13.111s][debug][gc,phases      ] GC(6)   JNI Weak                       Min:  0.0, Avg:  0.0, Max:  0.0, Diff:  0.0, Sum:  0.0, Workers: 4
[13.111s][debug][gc,phases      ] GC(6)     Dead                           Min: 0, Avg:  0.0, Max: 0, Diff: 0, Sum: 0, Workers: 4
[13.111s][debug][gc,phases      ] GC(6)     Total                          Min: 0, Avg: 12.8, Max: 45, Diff: 45, Sum: 51, Workers: 4
[13.111s][debug][gc,phases      ] GC(6)   StringDedup Table Weak         Min:  0.0, Avg:  0.0, Max:  0.0, Diff:  0.0, Sum:  0.0, Workers: 4
[13.111s][debug][gc,phases      ] GC(6)     Dead                           Min: 0, Avg:  0.0, Max: 0, Diff: 0, Sum: 0, Workers: 4
[13.111s][debug][gc,phases      ] GC(6)     Total                          Min: 0, Avg:  0.0, Max: 0, Diff: 0, Sum: 0, Workers: 4
[13.111s][debug][gc,phases      ] GC(6)   StringDedup Requests0 Weak     Min:  0.0, Avg:  0.0, Max:  0.0, Diff:  0.0, Sum:  0.0, Workers: 4
[13.111s][debug][gc,phases      ] GC(6)     Dead                           Min: 0, Avg:  0.0, Max: 0, Diff: 0, Sum: 0, Workers: 4
[13.111s][debug][gc,phases      ] GC(6)     Total                          Min: 0, Avg:  0.0, Max: 0, Diff: 0, Sum: 0, Workers: 4
[13.111s][debug][gc,phases      ] GC(6)   StringDedup Requests1 Weak     Min:  0.0, Avg:  0.0, Max:  0.0, Diff:  0.0, Sum:  0.0, Workers: 4
[13.111s][debug][gc,phases      ] GC(6)     Dead                           Min: 0, Avg:  0.0, Max: 0, Diff: 0, Sum: 0, Workers: 4
[13.111s][debug][gc,phases      ] GC(6)     Total                          Min: 0, Avg:  0.0, Max: 0, Diff: 0, Sum: 0, Workers: 4
[13.111s][debug][gc,phases      ] GC(6)   Weak JFR Old Object Samples    Min:  0.0, Avg:  0.0, Max:  0.0, Diff:  0.0, Sum:  0.0, Workers: 4
[13.111s][debug][gc,phases      ] GC(6)     Dead                           Min: 0, Avg:  0.0, Max: 0, Diff: 0, Sum: 0, Workers: 4
[13.111s][debug][gc,phases      ] GC(6)     Total                          Min: 0, Avg:  0.0, Max: 0, Diff: 0, Sum: 0, Workers: 4
[13.111s][debug][gc,phases      ] GC(6) Weak Processing 0.610ms
[13.111s][debug][gc,age         ] GC(6) Desired survivor size 536870912 bytes, new threshold 7 (max threshold 15)
[13.111s][info ][gc,heap        ] GC(6) PSYoungGen: 1048576K(1572864K)->488960K(1572864K) Eden: 1048576K(1048576K)->0K(1048576K) From: 0K(524288K)->488960K(524288K)
[13.111s][info ][gc,heap        ] GC(6) ParOldGen: 6091K(18944K)->6132K(18944K)
[13.111s][info ][gc,metaspace   ] GC(6) Metaspace: 69307K(70144K)->69307K(70144K) NonClass: 59108K(59584K)->59108K(59584K) Class: 10198K(10560K)->10198K(10560K)
[13.111s][info ][gc             ] GC(6) Pause Young (Allocation Failure) 1029M->483M(1554M) 380.084ms
[13.111s][info ][gc,cpu         ] GC(6) User=0.95s Sys=0.11s Real=0.38s
[13.111s][info ][safepoint      ] Safepoint "ParallelGCFailedAllocation", Time since last: 369154292 ns, Reaching safepoint: 121899 ns, At safepoint: 380217347 ns, Total: 380339246 ns
[13.706s][info ][safepoint      ] Safepoint "ICBufferFull", Time since last: 594611870 ns, Reaching safepoint: 173899 ns, At safepoint: 2300 ns, Total: 176199 ns
[13.706s][info ][safepoint      ] Safepoint "ICBufferFull", Time since last: 70700 ns, Reaching safepoint: 20700 ns, At safepoint: 2600 ns, Total: 23300 ns
[13.706s][info ][safepoint      ] Safepoint "ICBufferFull", Time since last: 32400 ns, Reaching safepoint: 88700 ns, At safepoint: 5700 ns, Total: 94400 ns
[14.277s][info ][safepoint      ] Safepoint "ICBufferFull", Time since last: 571125966 ns, Reaching safepoint: 197699 ns, At safepoint: 8900 ns, Total: 206599 ns
[14.419s][info ][safepoint      ] Safepoint "ICBufferFull", Time since last: 141213923 ns, Reaching safepoint: 215099 ns, At safepoint: 7300 ns, Total: 222399 ns
[14.419s][info ][safepoint      ] Safepoint "ICBufferFull", Time since last: 56300 ns, Reaching safepoint: 90700 ns, At safepoint: 5000 ns, Total: 95700 ns
[14.583s][info ][safepoint      ] Safepoint "ICBufferFull", Time since last: 164347528 ns, Reaching safepoint: 188699 ns, At safepoint: 7800 ns, Total: 196499 ns
[14.844s][info ][safepoint      ] Safepoint "ICBufferFull", Time since last: 259956638 ns, Reaching safepoint: 250299 ns, At safepoint: 5900 ns, Total: 256199 ns
[14.844s][info ][safepoint      ] Safepoint "ICBufferFull", Time since last: 701597 ns, Reaching safepoint: 98900 ns, At safepoint: 5100 ns, Total: 104000 ns
[14.906s][info ][safepoint      ] Safepoint "ICBufferFull", Time since last: 61710948 ns, Reaching safepoint: 157399 ns, At safepoint: 4900 ns, Total: 162299 ns
[14.906s][info ][safepoint      ] Safepoint "ICBufferFull", Time since last: 67100 ns, Reaching safepoint: 94200 ns, At safepoint: 6399 ns, Total: 100599 ns
[15.699s][info ][safepoint      ] Safepoint "ICBufferFull", Time since last: 792715162 ns, Reaching safepoint: 174999 ns, At safepoint: 11100 ns, Total: 186099 ns
[16.595s][info ][safepoint      ] Safepoint "ICBufferFull", Time since last: 895043845 ns, Reaching safepoint: 149599 ns, At safepoint: 7400 ns, Total: 156999 ns
[17.595s][info ][safepoint      ] Safepoint "Cleanup", Time since last: 1000116219 ns, Reaching safepoint: 102400 ns, At safepoint: 2400 ns, Total: 104800 ns
[17.772s][info ][safepoint      ] Safepoint "ICBufferFull", Time since last: 177064977 ns, Reaching safepoint: 257199 ns, At safepoint: 11000 ns, Total: 268199 ns
[17.773s][info ][safepoint      ] Safepoint "ICBufferFull", Time since last: 1207995 ns, Reaching safepoint: 100800 ns, At safepoint: 9300 ns, Total: 110100 ns
[17.878s][info ][safepoint      ] Safepoint "ICBufferFull", Time since last: 104648072 ns, Reaching safepoint: 192900 ns, At safepoint: 7900 ns, Total: 200800 ns
[17.970s][info ][safepoint      ] Safepoint "ICBufferFull", Time since last: 91112328 ns, Reaching safepoint: 276599 ns, At safepoint: 9600 ns, Total: 286199 ns
[18.161s][info ][safepoint      ] Safepoint "ICBufferFull", Time since last: 191008420 ns, Reaching safepoint: 296199 ns, At safepoint: 10600 ns, Total: 306799 ns
[18.403s][info ][safepoint      ] Safepoint "ICBufferFull", Time since last: 242079912 ns, Reaching safepoint: 241499 ns, At safepoint: 8700 ns, Total: 250199 ns
[18.626s][info ][safepoint      ] Safepoint "ICBufferFull", Time since last: 222328393 ns, Reaching safepoint: 290399 ns, At safepoint: 8399 ns, Total: 298798 ns
[18.676s][info ][gc,start       ] GC(7) Pause Young (Allocation Failure)
[18.897s][debug][gc,phases      ] GC(7) Scavenge 220.660ms
[18.897s][debug][gc,ref         ] GC(7) Skipped phase 1 of Reference Processing: no references
[18.897s][debug][gc,ref         ] GC(7) ReferenceProcessor::execute queues: 4, RefProcThreadModel::Multi, marks_oops_alive: false
[18.897s][debug][gc,ref         ] GC(7) Skipped phase 3 of Reference Processing: no references
[18.897s][debug][gc,ref         ] GC(7) ReferenceProcessor::execute queues: 1, RefProcThreadModel::Single, marks_oops_alive: false
[18.898s][debug][gc,phases      ] GC(7) Reference Processing 0.620ms
[18.898s][debug][gc,phases      ] GC(7)   VM Weak                        Min:  0.0, Avg:  0.0, Max:  0.0, Diff:  0.0, Sum:  0.0, Workers: 4
[18.898s][debug][gc,phases      ] GC(7)     Dead                           Min: 0, Avg:  0.0, Max: 0, Diff: 0, Sum: 0, Workers: 4
[18.898s][debug][gc,phases      ] GC(7)     Total                          Min: 0, Avg: 173.5, Max: 256, Diff: 256, Sum: 694, Workers: 4
[18.898s][debug][gc,phases      ] GC(7)   ObjectSynchronizer Weak        Min:  0.0, Avg:  0.0, Max:  0.0, Diff:  0.0, Sum:  0.0, Workers: 4
[18.898s][debug][gc,phases      ] GC(7)     Dead                           Min: 0, Avg:  3.8, Max: 15, Diff: 15, Sum: 15, Workers: 4
[18.898s][debug][gc,phases      ] GC(7)     Total                          Min: 0, Avg: 12.8, Max: 51, Diff: 51, Sum: 51, Workers: 4
[18.898s][debug][gc,phases      ] GC(7)   JVMTI Tag Weak OopStorage      Min:  0.0, Avg:  0.0, Max:  0.0, Diff:  0.0, Sum:  0.0, Workers: 4
[18.898s][debug][gc,phases      ] GC(7)     Dead                           Min: 0, Avg:  0.0, Max: 0, Diff: 0, Sum: 0, Workers: 4
[18.898s][debug][gc,phases      ] GC(7)     Total                          Min: 0, Avg:  0.0, Max: 0, Diff: 0, Sum: 0, Workers: 4
[18.898s][debug][gc,phases      ] GC(7)   StringTable Weak               Min:  0.1, Avg:  0.3, Max:  0.5, Diff:  0.4, Sum:  1.3, Workers: 4
[18.898s][debug][gc,phases      ] GC(7)     Dead                           Min: 0, Avg:  2.2, Max: 5, Diff: 5, Sum: 9, Workers: 4
[18.898s][debug][gc,phases      ] GC(7)     Total                          Min: 3008, Avg: 10426.5, Max: 14954, Diff: 11946, Sum: 41706, Workers: 4
[18.898s][debug][gc,phases      ] GC(7)   ResolvedMethodTable Weak       Min:  0.0, Avg:  0.1, Max:  0.1, Diff:  0.1, Sum:  0.3, Workers: 4
[18.898s][debug][gc,phases      ] GC(7)     Dead                           Min: 0, Avg: 52.0, Max: 95, Diff: 95, Sum: 208, Workers: 4
[18.898s][debug][gc,phases      ] GC(7)     Total                          Min: 0, Avg: 2186.0, Max: 3008, Diff: 3008, Sum: 8744, Workers: 4
[18.898s][debug][gc,phases      ] GC(7)   JNI Weak                       Min:  0.0, Avg:  0.0, Max:  0.0, Diff:  0.0, Sum:  0.0, Workers: 4
[18.898s][debug][gc,phases      ] GC(7)     Dead                           Min: 0, Avg:  0.0, Max: 0, Diff: 0, Sum: 0, Workers: 4
[18.898s][debug][gc,phases      ] GC(7)     Total                          Min: 0, Avg: 33.5, Max: 48, Diff: 48, Sum: 134, Workers: 4
[18.898s][debug][gc,phases      ] GC(7)   StringDedup Table Weak         Min:  0.0, Avg:  0.0, Max:  0.0, Diff:  0.0, Sum:  0.0, Workers: 4
[18.898s][debug][gc,phases      ] GC(7)     Dead                           Min: 0, Avg:  0.0, Max: 0, Diff: 0, Sum: 0, Workers: 4
[18.898s][debug][gc,phases      ] GC(7)     Total                          Min: 0, Avg:  0.0, Max: 0, Diff: 0, Sum: 0, Workers: 4
[18.898s][debug][gc,phases      ] GC(7)   StringDedup Requests0 Weak     Min:  0.0, Avg:  0.0, Max:  0.0, Diff:  0.0, Sum:  0.0, Workers: 4
[18.898s][debug][gc,phases      ] GC(7)     Dead                           Min: 0, Avg:  0.0, Max: 0, Diff: 0, Sum: 0, Workers: 4
[18.898s][debug][gc,phases      ] GC(7)     Total                          Min: 0, Avg:  0.0, Max: 0, Diff: 0, Sum: 0, Workers: 4
[18.898s][debug][gc,phases      ] GC(7)   StringDedup Requests1 Weak     Min:  0.0, Avg:  0.0, Max:  0.0, Diff:  0.0, Sum:  0.0, Workers: 4
[18.898s][debug][gc,phases      ] GC(7)     Dead                           Min: 0, Avg:  0.0, Max: 0, Diff: 0, Sum: 0, Workers: 4
[18.898s][debug][gc,phases      ] GC(7)     Total                          Min: 0, Avg:  0.0, Max: 0, Diff: 0, Sum: 0, Workers: 4
[18.898s][debug][gc,phases      ] GC(7)   Weak JFR Old Object Samples    Min:  0.0, Avg:  0.0, Max:  0.0, Diff:  0.0, Sum:  0.0, Workers: 4
[18.898s][debug][gc,phases      ] GC(7)     Dead                           Min: 0, Avg:  0.0, Max: 0, Diff: 0, Sum: 0, Workers: 4
[18.898s][debug][gc,phases      ] GC(7)     Total                          Min: 0, Avg:  0.0, Max: 0, Diff: 0, Sum: 0, Workers: 4
[18.898s][debug][gc,phases      ] GC(7) Weak Processing 0.649ms
[18.898s][debug][gc,age         ] GC(7) Desired survivor size 536870912 bytes, new threshold 7 (max threshold 15)
[18.898s][info ][gc,heap        ] GC(7) PSYoungGen: 1537536K(1572864K)->353145K(1572864K) Eden: 1048576K(1048576K)->0K(1048576K) From: 488960K(524288K)->353145K(524288K)
[18.898s][info ][gc,heap        ] GC(7) ParOldGen: 6132K(18944K)->6164K(18944K)
[18.898s][info ][gc,metaspace   ] GC(7) Metaspace: 75899K(76800K)->75899K(76800K) NonClass: 64709K(65216K)->64709K(65216K) Class: 11190K(11584K)->11190K(11584K)
[18.898s][info ][gc             ] GC(7) Pause Young (Allocation Failure) 1507M->350M(1554M) 222.048ms
[18.898s][info ][gc,cpu         ] GC(7) User=0.56s Sys=0.07s Real=0.22s
[18.898s][info ][safepoint      ] Safepoint "ParallelGCFailedAllocation", Time since last: 50043996 ns, Reaching safepoint: 148700 ns, At safepoint: 222127493 ns, Total: 222276193 ns
[19.278s][info ][safepoint      ] Safepoint "ICBufferFull", Time since last: 378850554 ns, Reaching safepoint: 1220795 ns, At safepoint: 5800 ns, Total: 1226595 ns
[19.475s][info ][safepoint      ] Safepoint "ICBufferFull", Time since last: 196674297 ns, Reaching safepoint: 184500 ns, At safepoint: 6400 ns, Total: 190900 ns
[19.657s][info ][safepoint      ] Safepoint "ICBufferFull", Time since last: 181655358 ns, Reaching safepoint: 191900 ns, At safepoint: 6700 ns, Total: 198600 ns
[19.657s][info ][safepoint      ] Safepoint "ICBufferFull", Time since last: 56699 ns, Reaching safepoint: 88300 ns, At safepoint: 5500 ns, Total: 93800 ns
[19.772s][info ][safepoint      ] Safepoint "ICBufferFull", Time since last: 114478833 ns, Reaching safepoint: 205499 ns, At safepoint: 7100 ns, Total: 212599 ns
[20.032s][info ][safepoint      ] Safepoint "ICBufferFull", Time since last: 260266638 ns, Reaching safepoint: 220099 ns, At safepoint: 2000 ns, Total: 222099 ns
[20.392s][info ][safepoint      ] Safepoint "ICBufferFull", Time since last: 359150134 ns, Reaching safepoint: 831997 ns, At safepoint: 5000 ns, Total: 836997 ns
[21.217s][info ][safepoint      ] Safepoint "ICBufferFull", Time since last: 824830134 ns, Reaching safepoint: 191799 ns, At safepoint: 1700 ns, Total: 193499 ns
[21.699s][info ][safepoint      ] Safepoint "ICBufferFull", Time since last: 481623034 ns, Reaching safepoint: 169300 ns, At safepoint: 4100 ns, Total: 173400 ns
[22.392s][info ][safepoint      ] Safepoint "ICBufferFull", Time since last: 692358074 ns, Reaching safepoint: 256699 ns, At safepoint: 3600 ns, Total: 260299 ns
[22.517s][info ][gc,start       ] GC(8) Pause Young (Allocation Failure)
[22.679s][debug][gc,phases      ] GC(8) Scavenge 161.625ms
[22.679s][debug][gc,ref         ] GC(8) Skipped phase 1 of Reference Processing: no references
[22.679s][debug][gc,ref         ] GC(8) ReferenceProcessor::execute queues: 4, RefProcThreadModel::Multi, marks_oops_alive: false
[22.679s][debug][gc,ref         ] GC(8) Skipped phase 3 of Reference Processing: no references
[22.679s][debug][gc,ref         ] GC(8) ReferenceProcessor::execute queues: 1, RefProcThreadModel::Single, marks_oops_alive: false
[22.679s][debug][gc,phases      ] GC(8) Reference Processing 0.745ms
[22.680s][debug][gc,phases      ] GC(8)   VM Weak                        Min:  0.0, Avg:  0.0, Max:  0.0, Diff:  0.0, Sum:  0.0, Workers: 4
[22.680s][debug][gc,phases      ] GC(8)     Dead                           Min: 0, Avg:  0.0, Max: 0, Diff: 0, Sum: 0, Workers: 4
[22.680s][debug][gc,phases      ] GC(8)     Total                          Min: 0, Avg: 183.5, Max: 350, Diff: 350, Sum: 734, Workers: 4
[22.680s][debug][gc,phases      ] GC(8)   ObjectSynchronizer Weak        Min:  0.0, Avg:  0.0, Max:  0.0, Diff:  0.0, Sum:  0.0, Workers: 4
[22.680s][debug][gc,phases      ] GC(8)     Dead                           Min: 0, Avg:  0.0, Max: 0, Diff: 0, Sum: 0, Workers: 4
[22.680s][debug][gc,phases      ] GC(8)     Total                          Min: 0, Avg: 13.2, Max: 53, Diff: 53, Sum: 53, Workers: 4
[22.680s][debug][gc,phases      ] GC(8)   JVMTI Tag Weak OopStorage      Min:  0.0, Avg:  0.0, Max:  0.0, Diff:  0.0, Sum:  0.0, Workers: 4
[22.680s][debug][gc,phases      ] GC(8)     Dead                           Min: 0, Avg:  0.0, Max: 0, Diff: 0, Sum: 0, Workers: 4
[22.680s][debug][gc,phases      ] GC(8)     Total                          Min: 0, Avg:  0.0, Max: 0, Diff: 0, Sum: 0, Workers: 4
[22.680s][debug][gc,phases      ] GC(8)   StringTable Weak               Min:  0.0, Avg:  0.3, Max:  0.5, Diff:  0.5, Sum:  1.3, Workers: 4
[22.680s][debug][gc,phases      ] GC(8)     Dead                           Min: 0, Avg:  2.0, Max: 3, Diff: 3, Sum: 8, Workers: 4
[22.680s][debug][gc,phases      ] GC(8)     Total                          Min: 1324, Avg: 10538.8, Max: 15935, Diff: 14611, Sum: 42155, Workers: 4
[22.680s][debug][gc,phases      ] GC(8)   ResolvedMethodTable Weak       Min:  0.0, Avg:  0.1, Max:  0.1, Diff:  0.1, Sum:  0.3, Workers: 4
[22.680s][debug][gc,phases      ] GC(8)     Dead                           Min: 0, Avg: 11.0, Max: 21, Diff: 21, Sum: 44, Workers: 4
[22.680s][debug][gc,phases      ] GC(8)     Total                          Min: 0, Avg: 2203.2, Max: 3008, Diff: 3008, Sum: 8813, Workers: 4
[22.680s][debug][gc,phases      ] GC(8)   JNI Weak                       Min:  0.0, Avg:  0.0, Max:  0.0, Diff:  0.0, Sum:  0.0, Workers: 4
[22.680s][debug][gc,phases      ] GC(8)     Dead                           Min: 0, Avg:  0.0, Max: 0, Diff: 0, Sum: 0, Workers: 4
[22.680s][debug][gc,phases      ] GC(8)     Total                          Min: 0, Avg: 39.2, Max: 74, Diff: 74, Sum: 157, Workers: 4
[22.680s][debug][gc,phases      ] GC(8)   StringDedup Table Weak         Min:  0.0, Avg:  0.0, Max:  0.0, Diff:  0.0, Sum:  0.0, Workers: 4
[22.680s][debug][gc,phases      ] GC(8)     Dead                           Min: 0, Avg:  0.0, Max: 0, Diff: 0, Sum: 0, Workers: 4
[22.680s][debug][gc,phases      ] GC(8)     Total                          Min: 0, Avg:  0.0, Max: 0, Diff: 0, Sum: 0, Workers: 4
[22.680s][debug][gc,phases      ] GC(8)   StringDedup Requests0 Weak     Min:  0.0, Avg:  0.0, Max:  0.0, Diff:  0.0, Sum:  0.0, Workers: 4
[22.680s][debug][gc,phases      ] GC(8)     Dead                           Min: 0, Avg:  0.0, Max: 0, Diff: 0, Sum: 0, Workers: 4
[22.680s][debug][gc,phases      ] GC(8)     Total                          Min: 0, Avg:  0.0, Max: 0, Diff: 0, Sum: 0, Workers: 4
[22.680s][debug][gc,phases      ] GC(8)   StringDedup Requests1 Weak     Min:  0.0, Avg:  0.0, Max:  0.0, Diff:  0.0, Sum:  0.0, Workers: 4
[22.680s][debug][gc,phases      ] GC(8)     Dead                           Min: 0, Avg:  0.0, Max: 0, Diff: 0, Sum: 0, Workers: 4
[22.680s][debug][gc,phases      ] GC(8)     Total                          Min: 0, Avg:  0.0, Max: 0, Diff: 0, Sum: 0, Workers: 4
[22.680s][debug][gc,phases      ] GC(8)   Weak JFR Old Object Samples    Min:  0.0, Avg:  0.0, Max:  0.0, Diff:  0.0, Sum:  0.0, Workers: 4
[22.680s][debug][gc,phases      ] GC(8)     Dead                           Min: 0, Avg:  0.0, Max: 0, Diff: 0, Sum: 0, Workers: 4
[22.680s][debug][gc,phases      ] GC(8)     Total                          Min: 0, Avg:  0.0, Max: 0, Diff: 0, Sum: 0, Workers: 4
[22.680s][debug][gc,phases      ] GC(8) Weak Processing 0.691ms
[22.680s][debug][gc,age         ] GC(8) Desired survivor size 536870912 bytes, new threshold 6 (max threshold 15)
[22.680s][info ][gc,heap        ] GC(8) PSYoungGen: 1401721K(1572864K)->320922K(1572864K) Eden: 1048576K(1048576K)->0K(1048576K) From: 353145K(524288K)->320922K(524288K)
[22.680s][info ][gc,heap        ] GC(8) ParOldGen: 6164K(18944K)->6460K(18944K)
[22.680s][info ][gc,metaspace   ] GC(8) Metaspace: 78182K(79104K)->78182K(79104K) NonClass: 66753K(67264K)->66753K(67264K) Class: 11429K(11840K)->11429K(11840K)
[22.680s][info ][gc             ] GC(8) Pause Young (Allocation Failure) 1374M->319M(1554M) 163.187ms
[22.680s][info ][gc,cpu         ] GC(8) User=0.43s Sys=0.01s Real=0.16s
[22.680s][info ][safepoint      ] Safepoint "ParallelGCFailedAllocation", Time since last: 124850291 ns, Reaching safepoint: 158899 ns, At safepoint: 163261334 ns, Total: 163420233 ns
[23.352s][info ][safepoint      ] Safepoint "ICBufferFull", Time since last: 671229961 ns, Reaching safepoint: 239099 ns, At safepoint: 8500 ns, Total: 247599 ns
[23.782s][info ][safepoint      ] Safepoint "ICBufferFull", Time since last: 429978545 ns, Reaching safepoint: 234199 ns, At safepoint: 8000 ns, Total: 242199 ns
[24.494s][info ][safepoint      ] Safepoint "ICBufferFull", Time since last: 711541497 ns, Reaching safepoint: 268299 ns, At safepoint: 5700 ns, Total: 273999 ns
[25.403s][info ][safepoint      ] Safepoint "ICBufferFull", Time since last: 909702790 ns, Reaching safepoint: 178799 ns, At safepoint: 6900 ns, Total: 185699 ns
[26.404s][info ][safepoint      ] Safepoint "Cleanup", Time since last: 1000117622 ns, Reaching safepoint: 151499 ns, At safepoint: 5900 ns, Total: 157399 ns
[27.404s][info ][safepoint      ] Safepoint "Cleanup", Time since last: 1000108921 ns, Reaching safepoint: 151000 ns, At safepoint: 9500 ns, Total: 160500 ns
[28.103s][info ][safepoint      ] Safepoint "ICBufferFull", Time since last: 698552151 ns, Reaching safepoint: 318199 ns, At safepoint: 4600 ns, Total: 322799 ns
[29.000s][info ][safepoint      ] Safepoint "ICBufferFull", Time since last: 896729342 ns, Reaching safepoint: 185300 ns, At safepoint: 5400 ns, Total: 190700 ns
[30.000s][info ][safepoint      ] Safepoint "Cleanup", Time since last: 1000111821 ns, Reaching safepoint: 143799 ns, At safepoint: 5500 ns, Total: 149299 ns
[30.093s][info ][gc,start       ] GC(9) Pause Young (Allocation Failure)
[30.212s][debug][gc,phases      ] GC(9) Scavenge 118.875ms
[30.212s][debug][gc,ref         ] GC(9) Skipped phase 1 of Reference Processing: no references
[30.212s][debug][gc,ref         ] GC(9) ReferenceProcessor::execute queues: 4, RefProcThreadModel::Multi, marks_oops_alive: false
[30.212s][debug][gc,ref         ] GC(9) ReferenceProcessor::execute queues: 4, RefProcThreadModel::Multi, marks_oops_alive: true
[30.212s][debug][gc,ref         ] GC(9) ReferenceProcessor::execute queues: 1, RefProcThreadModel::Single, marks_oops_alive: false
[30.213s][debug][gc,phases      ] GC(9) Reference Processing 0.668ms
[30.213s][debug][gc,phases      ] GC(9)   VM Weak                        Min:  0.0, Avg:  0.0, Max:  0.0, Diff:  0.0, Sum:  0.0, Workers: 4
[30.213s][debug][gc,phases      ] GC(9)     Dead                           Min: 0, Avg:  0.0, Max: 0, Diff: 0, Sum: 0, Workers: 4
[30.213s][debug][gc,phases      ] GC(9)     Total                          Min: 0, Avg: 185.8, Max: 423, Diff: 423, Sum: 743, Workers: 4
[30.213s][debug][gc,phases      ] GC(9)   ObjectSynchronizer Weak        Min:  0.0, Avg:  0.0, Max:  0.0, Diff:  0.0, Sum:  0.0, Workers: 4
[30.213s][debug][gc,phases      ] GC(9)     Dead                           Min: 0, Avg:  0.0, Max: 0, Diff: 0, Sum: 0, Workers: 4
[30.213s][debug][gc,phases      ] GC(9)     Total                          Min: 0, Avg: 13.5, Max: 54, Diff: 54, Sum: 54, Workers: 4
[30.213s][debug][gc,phases      ] GC(9)   JVMTI Tag Weak OopStorage      Min:  0.0, Avg:  0.0, Max:  0.0, Diff:  0.0, Sum:  0.0, Workers: 4
[30.213s][debug][gc,phases      ] GC(9)     Dead                           Min: 0, Avg:  0.0, Max: 0, Diff: 0, Sum: 0, Workers: 4
[30.213s][debug][gc,phases      ] GC(9)     Total                          Min: 0, Avg:  0.0, Max: 0, Diff: 0, Sum: 0, Workers: 4
[30.213s][debug][gc,phases      ] GC(9)   StringTable Weak               Min:  0.0, Avg:  0.3, Max:  0.4, Diff:  0.4, Sum:  1.1, Workers: 4
[30.213s][debug][gc,phases      ] GC(9)     Dead                           Min: 0, Avg:  0.2, Max: 1, Diff: 1, Sum: 1, Workers: 4
[30.213s][debug][gc,phases      ] GC(9)     Total                          Min: 0, Avg: 10642.8, Max: 15168, Diff: 15168, Sum: 42571, Workers: 4
[30.213s][debug][gc,phases      ] GC(9)   ResolvedMethodTable Weak       Min:  0.0, Avg:  0.1, Max:  0.1, Diff:  0.1, Sum:  0.3, Workers: 4
[30.213s][debug][gc,phases      ] GC(9)     Dead                           Min: 0, Avg:  0.0, Max: 0, Diff: 0, Sum: 0, Workers: 4
[30.213s][debug][gc,phases      ] GC(9)     Total                          Min: 0, Avg: 2217.0, Max: 3044, Diff: 3044, Sum: 8868, Workers: 4
[30.213s][debug][gc,phases      ] GC(9)   JNI Weak                       Min:  0.0, Avg:  0.0, Max:  0.0, Diff:  0.0, Sum:  0.0, Workers: 4
[30.213s][debug][gc,phases      ] GC(9)     Dead                           Min: 0, Avg:  0.0, Max: 0, Diff: 0, Sum: 0, Workers: 4
[30.213s][debug][gc,phases      ] GC(9)     Total                          Min: 0, Avg: 12.5, Max: 50, Diff: 50, Sum: 50, Workers: 4
[30.213s][debug][gc,phases      ] GC(9)   StringDedup Table Weak         Min:  0.0, Avg:  0.0, Max:  0.0, Diff:  0.0, Sum:  0.0, Workers: 4
[30.213s][debug][gc,phases      ] GC(9)     Dead                           Min: 0, Avg:  0.0, Max: 0, Diff: 0, Sum: 0, Workers: 4
[30.213s][debug][gc,phases      ] GC(9)     Total                          Min: 0, Avg:  0.0, Max: 0, Diff: 0, Sum: 0, Workers: 4
[30.213s][debug][gc,phases      ] GC(9)   StringDedup Requests0 Weak     Min:  0.0, Avg:  0.0, Max:  0.0, Diff:  0.0, Sum:  0.0, Workers: 4
[30.213s][debug][gc,phases      ] GC(9)     Dead                           Min: 0, Avg:  0.0, Max: 0, Diff: 0, Sum: 0, Workers: 4
[30.213s][debug][gc,phases      ] GC(9)     Total                          Min: 0, Avg:  0.0, Max: 0, Diff: 0, Sum: 0, Workers: 4
[30.213s][debug][gc,phases      ] GC(9)   StringDedup Requests1 Weak     Min:  0.0, Avg:  0.0, Max:  0.0, Diff:  0.0, Sum:  0.0, Workers: 4
[30.213s][debug][gc,phases      ] GC(9)     Dead                           Min: 0, Avg:  0.0, Max: 0, Diff: 0, Sum: 0, Workers: 4
[30.213s][debug][gc,phases      ] GC(9)     Total                          Min: 0, Avg:  0.0, Max: 0, Diff: 0, Sum: 0, Workers: 4
[30.213s][debug][gc,phases      ] GC(9)   Weak JFR Old Object Samples    Min:  0.0, Avg:  0.0, Max:  0.0, Diff:  0.0, Sum:  0.0, Workers: 4
[30.213s][debug][gc,phases      ] GC(9)     Dead                           Min: 0, Avg:  0.0, Max: 0, Diff: 0, Sum: 0, Workers: 4
[30.213s][debug][gc,phases      ] GC(9)     Total                          Min: 0, Avg:  0.0, Max: 0, Diff: 0, Sum: 0, Workers: 4
[30.213s][debug][gc,phases      ] GC(9) Weak Processing 0.715ms
[30.213s][debug][gc,age         ] GC(9) Desired survivor size 536870912 bytes, new threshold 5 (max threshold 15)
[30.213s][info ][gc,heap        ] GC(9) PSYoungGen: 1369498K(1572864K)->314072K(1572864K) Eden: 1048576K(1048576K)->0K(1048576K) From: 320922K(524288K)->314072K(524288K)
[30.213s][info ][gc,heap        ] GC(9) ParOldGen: 6460K(18944K)->6468K(18944K)
[30.213s][info ][gc,metaspace   ] GC(9) Metaspace: 78710K(79680K)->78710K(79680K) NonClass: 67252K(67776K)->67252K(67776K) Class: 11458K(11904K)->11458K(11904K)
[30.213s][info ][gc             ] GC(9) Pause Young (Allocation Failure) 1343M->313M(1554M) 120.414ms
[30.213s][info ][gc,cpu         ] GC(9) User=0.37s Sys=0.01s Real=0.12s
[30.213s][info ][safepoint      ] Safepoint "ParallelGCFailedAllocation", Time since last: 92752322 ns, Reaching safepoint: 39600 ns, At safepoint: 120503209 ns, Total: 120542809 ns
[31.214s][info ][safepoint      ] Safepoint "Cleanup", Time since last: 1000087921 ns, Reaching safepoint: 141900 ns, At safepoint: 5499 ns, Total: 147399 ns
[32.214s][info ][safepoint      ] Safepoint "Cleanup", Time since last: 1000098422 ns, Reaching safepoint: 156399 ns, At safepoint: 8000 ns, Total: 164399 ns
[33.041s][info ][safepoint      ] Safepoint "ICBufferFull", Time since last: 826674631 ns, Reaching safepoint: 197199 ns, At safepoint: 6100 ns, Total: 203299 ns
[34.041s][info ][safepoint      ] Safepoint "Cleanup", Time since last: 1000160923 ns, Reaching safepoint: 96200 ns, At safepoint: 4800 ns, Total: 101000 ns
[35.041s][info ][safepoint      ] Safepoint "Cleanup", Time since last: 1000122523 ns, Reaching safepoint: 147200 ns, At safepoint: 7799 ns, Total: 154999 ns
[36.042s][info ][safepoint      ] Safepoint "Cleanup", Time since last: 1000133124 ns, Reaching safepoint: 204699 ns, At safepoint: 8200 ns, Total: 212899 ns
[37.042s][info ][safepoint      ] Safepoint "Cleanup", Time since last: 1000132323 ns, Reaching safepoint: 162000 ns, At safepoint: 9600 ns, Total: 171600 ns
[38.042s][info ][safepoint      ] Safepoint "Cleanup", Time since last: 1000127423 ns, Reaching safepoint: 127599 ns, At safepoint: 9300 ns, Total: 136899 ns
[39.043s][info ][safepoint      ] Safepoint "Cleanup", Time since last: 1000123324 ns, Reaching safepoint: 180899 ns, At safepoint: 7000 ns, Total: 187899 ns
[40.043s][info ][safepoint      ] Safepoint "Cleanup", Time since last: 1000116223 ns, Reaching safepoint: 167500 ns, At safepoint: 6900 ns, Total: 174400 ns
[41.043s][info ][safepoint      ] Safepoint "Cleanup", Time since last: 1000118256 ns, Reaching safepoint: 132400 ns, At safepoint: 4700 ns, Total: 137100 ns
[42.092s][info ][safepoint      ] Safepoint "Cleanup", Time since last: 1048451046 ns, Reaching safepoint: 268999 ns, At safepoint: 10000 ns, Total: 278999 ns
[42.329s][info ][safepoint      ] Safepoint "ICBufferFull", Time since last: 237334714 ns, Reaching safepoint: 311699 ns, At safepoint: 5300 ns, Total: 316999 ns
[43.068s][info ][safepoint      ] Safepoint "ICBufferFull", Time since last: 738066435 ns, Reaching safepoint: 188399 ns, At safepoint: 7500 ns, Total: 195899 ns
[43.087s][info ][gc,start       ] GC(10) Pause Young (Allocation Failure)
[43.258s][debug][gc,phases      ] GC(10) Scavenge 171.302ms
[43.258s][debug][gc,ref         ] GC(10) Skipped phase 1 of Reference Processing: no references
[43.259s][debug][gc,ref         ] GC(10) ReferenceProcessor::execute queues: 4, RefProcThreadModel::Multi, marks_oops_alive: false
[43.259s][debug][gc,ref         ] GC(10) Skipped phase 3 of Reference Processing: no references
[43.259s][debug][gc,ref         ] GC(10) ReferenceProcessor::execute queues: 1, RefProcThreadModel::Single, marks_oops_alive: false
[43.259s][debug][gc,phases      ] GC(10) Reference Processing 0.632ms
[43.260s][debug][gc,phases      ] GC(10)   VM Weak                        Min:  0.0, Avg:  0.0, Max:  0.0, Diff:  0.0, Sum:  0.0, Workers: 4
[43.260s][debug][gc,phases      ] GC(10)     Dead                           Min: 0, Avg:  0.0, Max: 0, Diff: 0, Sum: 0, Workers: 4
[43.260s][debug][gc,phases      ] GC(10)     Total                          Min: 0, Avg: 188.0, Max: 448, Diff: 448, Sum: 752, Workers: 4
[43.260s][debug][gc,phases      ] GC(10)   ObjectSynchronizer Weak        Min:  0.0, Avg:  0.0, Max:  0.0, Diff:  0.0, Sum:  0.0, Workers: 4
[43.260s][debug][gc,phases      ] GC(10)     Dead                           Min: 0, Avg:  0.5, Max: 2, Diff: 2, Sum: 2, Workers: 4
[43.260s][debug][gc,phases      ] GC(10)     Total                          Min: 0, Avg: 14.5, Max: 58, Diff: 58, Sum: 58, Workers: 4
[43.260s][debug][gc,phases      ] GC(10)   JVMTI Tag Weak OopStorage      Min:  0.0, Avg:  0.0, Max:  0.0, Diff:  0.0, Sum:  0.0, Workers: 4
[43.260s][debug][gc,phases      ] GC(10)     Dead                           Min: 0, Avg:  0.0, Max: 0, Diff: 0, Sum: 0, Workers: 4
[43.260s][debug][gc,phases      ] GC(10)     Total                          Min: 0, Avg:  0.0, Max: 0, Diff: 0, Sum: 0, Workers: 4
[43.260s][debug][gc,phases      ] GC(10)   StringTable Weak               Min:  0.0, Avg:  0.3, Max:  0.4, Diff:  0.4, Sum:  1.1, Workers: 4
[43.260s][debug][gc,phases      ] GC(10)     Dead                           Min: 0, Avg:  1.0, Max: 2, Diff: 2, Sum: 4, Workers: 4
[43.260s][debug][gc,phases      ] GC(10)     Total                          Min: 0, Avg: 10718.8, Max: 15035, Diff: 15035, Sum: 42875, Workers: 4
[43.260s][debug][gc,phases      ] GC(10)   ResolvedMethodTable Weak       Min:  0.0, Avg:  0.1, Max:  0.1, Diff:  0.1, Sum:  0.3, Workers: 4
[43.260s][debug][gc,phases      ] GC(10)     Dead                           Min: 0, Avg:  0.0, Max: 0, Diff: 0, Sum: 0, Workers: 4
[43.260s][debug][gc,phases      ] GC(10)     Total                          Min: 0, Avg: 2264.8, Max: 3136, Diff: 3136, Sum: 9059, Workers: 4
[43.260s][debug][gc,phases      ] GC(10)   JNI Weak                       Min:  0.0, Avg:  0.0, Max:  0.0, Diff:  0.0, Sum:  0.0, Workers: 4
[43.260s][debug][gc,phases      ] GC(10)     Dead                           Min: 0, Avg:  0.0, Max: 0, Diff: 0, Sum: 0, Workers: 4
[43.260s][debug][gc,phases      ] GC(10)     Total                          Min: 0, Avg: 23.5, Max: 54, Diff: 54, Sum: 94, Workers: 4
[43.260s][debug][gc,phases      ] GC(10)   StringDedup Table Weak         Min:  0.0, Avg:  0.0, Max:  0.0, Diff:  0.0, Sum:  0.0, Workers: 4
[43.260s][debug][gc,phases      ] GC(10)     Dead                           Min: 0, Avg:  0.0, Max: 0, Diff: 0, Sum: 0, Workers: 4
[43.260s][debug][gc,phases      ] GC(10)     Total                          Min: 0, Avg:  0.0, Max: 0, Diff: 0, Sum: 0, Workers: 4
[43.260s][debug][gc,phases      ] GC(10)   StringDedup Requests0 Weak     Min:  0.0, Avg:  0.0, Max:  0.0, Diff:  0.0, Sum:  0.0, Workers: 4
[43.260s][debug][gc,phases      ] GC(10)     Dead                           Min: 0, Avg:  0.0, Max: 0, Diff: 0, Sum: 0, Workers: 4
[43.260s][debug][gc,phases      ] GC(10)     Total                          Min: 0, Avg:  0.0, Max: 0, Diff: 0, Sum: 0, Workers: 4
[43.260s][debug][gc,phases      ] GC(10)   StringDedup Requests1 Weak     Min:  0.0, Avg:  0.0, Max:  0.0, Diff:  0.0, Sum:  0.0, Workers: 4
[43.260s][debug][gc,phases      ] GC(10)     Dead                           Min: 0, Avg:  0.0, Max: 0, Diff: 0, Sum: 0, Workers: 4
[43.260s][debug][gc,phases      ] GC(10)     Total                          Min: 0, Avg:  0.0, Max: 0, Diff: 0, Sum: 0, Workers: 4
[43.260s][debug][gc,phases      ] GC(10)   Weak JFR Old Object Samples    Min:  0.0, Avg:  0.0, Max:  0.0, Diff:  0.0, Sum:  0.0, Workers: 4
[43.260s][debug][gc,phases      ] GC(10)     Dead                           Min: 0, Avg:  0.0, Max: 0, Diff: 0, Sum: 0, Workers: 4
[43.260s][debug][gc,phases      ] GC(10)     Total                          Min: 0, Avg:  0.0, Max: 0, Diff: 0, Sum: 0, Workers: 4
[43.260s][debug][gc,phases      ] GC(10) Weak Processing 0.627ms
[43.260s][debug][gc,age         ] GC(10) Desired survivor size 511705088 bytes, new threshold 6 (max threshold 15)
[43.260s][info ][gc,heap        ] GC(10) PSYoungGen: 1362648K(1572864K)->259974K(1597440K) Eden: 1048576K(1048576K)->0K(1073152K) From: 314072K(524288K)->259974K(524288K)
[43.260s][info ][gc,heap        ] GC(10) ParOldGen: 6468K(18944K)->86919K(87040K)
[43.260s][info ][gc,metaspace   ] GC(10) Metaspace: 79501K(80448K)->79501K(80448K) NonClass: 67954K(68480K)->67954K(68480K) Class: 11546K(11968K)->11546K(11968K)
[43.260s][info ][gc             ] GC(10) Pause Young (Allocation Failure) 1337M->338M(1645M) 172.684ms
[43.260s][info ][gc,cpu         ] GC(10) User=0.47s Sys=0.03s Real=0.17s
[43.260s][debug][gc,phases      ] GC(11) Pre Compact 0.009ms
[43.260s][info ][gc,start       ] GC(11) Pause Full (Ergonomics)
[43.260s][info ][gc,phases,start] GC(11) Marking Phase
[43.429s][debug][gc,phases      ] GC(11) Par Mark 169.413ms
[43.429s][debug][gc,ref         ] GC(11) Skipped phase 1 of Reference Processing: no references
[43.429s][debug][gc,ref         ] GC(11) ReferenceProcessor::execute queues: 4, RefProcThreadModel::Multi, marks_oops_alive: false
[43.430s][debug][gc,ref         ] GC(11) Skipped phase 3 of Reference Processing: no references
[43.430s][debug][gc,ref         ] GC(11) ReferenceProcessor::execute queues: 1, RefProcThreadModel::Single, marks_oops_alive: false
[43.430s][debug][gc,phases      ] GC(11) Reference Processing 0.642ms
[43.430s][debug][gc,phases      ] GC(11)   VM Weak                        Min:  0.0, Avg:  0.0, Max:  0.0, Diff:  0.0, Sum:  0.0, Workers: 4
[43.430s][debug][gc,phases      ] GC(11)     Dead                           Min: 0, Avg:  3.2, Max: 12, Diff: 12, Sum: 13, Workers: 4
[43.430s][debug][gc,phases      ] GC(11)     Total                          Min: 0, Avg: 188.0, Max: 368, Diff: 368, Sum: 752, Workers: 4
[43.430s][debug][gc,phases      ] GC(11)   ObjectSynchronizer Weak        Min:  0.0, Avg:  0.0, Max:  0.0, Diff:  0.0, Sum:  0.0, Workers: 4
[43.430s][debug][gc,phases      ] GC(11)     Dead                           Min: 0, Avg:  0.0, Max: 0, Diff: 0, Sum: 0, Workers: 4
[43.430s][debug][gc,phases      ] GC(11)     Total                          Min: 0, Avg: 14.5, Max: 58, Diff: 58, Sum: 58, Workers: 4
[43.430s][debug][gc,phases      ] GC(11)   JVMTI Tag Weak OopStorage      Min:  0.0, Avg:  0.0, Max:  0.0, Diff:  0.0, Sum:  0.0, Workers: 4
[43.430s][debug][gc,phases      ] GC(11)     Dead                           Min: 0, Avg:  0.0, Max: 0, Diff: 0, Sum: 0, Workers: 4
[43.430s][debug][gc,phases      ] GC(11)     Total                          Min: 0, Avg:  0.0, Max: 0, Diff: 0, Sum: 0, Workers: 4
[43.430s][debug][gc,phases      ] GC(11)   StringTable Weak               Min:  0.0, Avg:  0.2, Max:  0.2, Diff:  0.2, Sum:  0.6, Workers: 4
[43.430s][debug][gc,phases      ] GC(11)     Dead                           Min: 0, Avg:  0.0, Max: 0, Diff: 0, Sum: 0, Workers: 4
[43.430s][debug][gc,phases      ] GC(11)     Total                          Min: 0, Avg: 10718.8, Max: 14464, Diff: 14464, Sum: 42875, Workers: 4
[43.430s][debug][gc,phases      ] GC(11)   ResolvedMethodTable Weak       Min:  0.0, Avg:  0.0, Max:  0.0, Diff:  0.0, Sum:  0.1, Workers: 4
[43.430s][debug][gc,phases      ] GC(11)     Dead                           Min: 0, Avg:  3.2, Max: 7, Diff: 7, Sum: 13, Workers: 4
[43.430s][debug][gc,phases      ] GC(11)     Total                          Min: 0, Avg: 2264.8, Max: 3200, Diff: 3200, Sum: 9059, Workers: 4
[43.430s][debug][gc,phases      ] GC(11)   JNI Weak                       Min:  0.0, Avg:  0.0, Max:  0.0, Diff:  0.0, Sum:  0.0, Workers: 4
[43.430s][debug][gc,phases      ] GC(11)     Dead                           Min: 0, Avg:  0.0, Max: 0, Diff: 0, Sum: 0, Workers: 4
[43.430s][debug][gc,phases      ] GC(11)     Total                          Min: 0, Avg: 23.5, Max: 54, Diff: 54, Sum: 94, Workers: 4
[43.430s][debug][gc,phases      ] GC(11)   StringDedup Table Weak         Min:  0.0, Avg:  0.0, Max:  0.0, Diff:  0.0, Sum:  0.0, Workers: 4
[43.430s][debug][gc,phases      ] GC(11)     Dead                           Min: 0, Avg:  0.0, Max: 0, Diff: 0, Sum: 0, Workers: 4
[43.430s][debug][gc,phases      ] GC(11)     Total                          Min: 0, Avg:  0.0, Max: 0, Diff: 0, Sum: 0, Workers: 4
[43.430s][debug][gc,phases      ] GC(11)   StringDedup Requests0 Weak     Min:  0.0, Avg:  0.0, Max:  0.0, Diff:  0.0, Sum:  0.0, Workers: 4
[43.430s][debug][gc,phases      ] GC(11)     Dead                           Min: 0, Avg:  0.0, Max: 0, Diff: 0, Sum: 0, Workers: 4
[43.430s][debug][gc,phases      ] GC(11)     Total                          Min: 0, Avg:  0.0, Max: 0, Diff: 0, Sum: 0, Workers: 4
[43.430s][debug][gc,phases      ] GC(11)   StringDedup Requests1 Weak     Min:  0.0, Avg:  0.0, Max:  0.0, Diff:  0.0, Sum:  0.0, Workers: 4
[43.430s][debug][gc,phases      ] GC(11)     Dead                           Min: 0, Avg:  0.0, Max: 0, Diff: 0, Sum: 0, Workers: 4
[43.430s][debug][gc,phases      ] GC(11)     Total                          Min: 0, Avg:  0.0, Max: 0, Diff: 0, Sum: 0, Workers: 4
[43.430s][debug][gc,phases      ] GC(11)   Weak JFR Old Object Samples    Min:  0.0, Avg:  0.0, Max:  0.0, Diff:  0.0, Sum:  0.0, Workers: 4
[43.430s][debug][gc,phases      ] GC(11)     Dead                           Min: 0, Avg:  0.0, Max: 0, Diff: 0, Sum: 0, Workers: 4
[43.430s][debug][gc,phases      ] GC(11)     Total                          Min: 0, Avg:  0.0, Max: 0, Diff: 0, Sum: 0, Workers: 4
[43.430s][debug][gc,phases      ] GC(11) Weak Processing 0.513ms
[43.431s][debug][gc,phases      ] GC(11) ClassLoaderData 0.262ms
[43.431s][debug][gc,phases      ] GC(11) Trigger cleanups 0.010ms
[43.465s][debug][gc,phases      ] GC(11) Class Unloading 34.862ms
[43.465s][info ][gc,phases      ] GC(11) Marking Phase 205.621ms
[43.465s][info ][gc,phases,start] GC(11) Summary Phase
[43.465s][info ][gc,phases      ] GC(11) Summary Phase 0.013ms
[43.465s][info ][gc,phases,start] GC(11) Adjust Roots
[43.487s][info ][gc,phases      ] GC(11) Adjust Roots 22.078ms
[43.488s][info ][gc,phases,start] GC(11) Compaction Phase
[44.367s][info ][gc,phases      ] GC(11) Compaction Phase 879.676ms
[44.367s][info ][gc,phases,start] GC(11) Post Compact
[44.370s][info ][gc,phases      ] GC(11) Post Compact 2.521ms
[44.370s][info ][gc,heap        ] GC(11) PSYoungGen: 259974K(1597440K)->258058K(1597440K) Eden: 0K(1073152K)->0K(1073152K) From: 259974K(524288K)->258058K(524288K)
[44.370s][info ][gc,heap        ] GC(11) ParOldGen: 86919K(87040K)->87032K(151040K)
[44.370s][info ][gc,metaspace   ] GC(11) Metaspace: 79501K(80448K)->79478K(80448K) NonClass: 67954K(68480K)->67938K(68480K) Class: 11546K(11968K)->11540K(11968K)
[44.370s][info ][gc             ] GC(11) Pause Full (Ergonomics) 338M->337M(1707M) 1110.209ms
[44.370s][info ][gc,cpu         ] GC(11) User=2.63s Sys=0.04s Real=1.11s
[44.372s][info ][safepoint      ] Safepoint "ParallelGCFailedAllocation", Time since last: 19257320 ns, Reaching safepoint: 49000 ns, At safepoint: 1285040763 ns, Total: 1285089763 ns
[45.372s][info ][safepoint      ] Safepoint "Cleanup", Time since last: 1000104647 ns, Reaching safepoint: 146600 ns, At safepoint: 7300 ns, Total: 153900 ns
[46.373s][info ][safepoint      ] Safepoint "Cleanup", Time since last: 1000108246 ns, Reaching safepoint: 93800 ns, At safepoint: 8300 ns, Total: 102100 ns
[47.695s][info ][safepoint      ] Safepoint "Cleanup", Time since last: 1322110410 ns, Reaching safepoint: 204899 ns, At safepoint: 2600 ns, Total: 207499 ns
[48.695s][info ][safepoint      ] Safepoint "Cleanup", Time since last: 1000105386 ns, Reaching safepoint: 83500 ns, At safepoint: 4800 ns, Total: 88300 ns
[49.695s][info ][safepoint      ] Safepoint "Cleanup", Time since last: 1000112822 ns, Reaching safepoint: 235500 ns, At safepoint: 10999 ns, Total: 246499 ns
[50.621s][info ][safepoint      ] Safepoint "ICBufferFull", Time since last: 925499827 ns, Reaching safepoint: 196300 ns, At safepoint: 5800 ns, Total: 202100 ns
[51.623s][info ][safepoint      ] Safepoint "Cleanup", Time since last: 1001322317 ns, Reaching safepoint: 115200 ns, At safepoint: 6200 ns, Total: 121400 ns
[51.947s][info ][gc,start       ] GC(12) Pause Young (Allocation Failure)
[52.057s][debug][gc,phases      ] GC(12) Scavenge 109.669ms
[52.057s][debug][gc,ref         ] GC(12) Skipped phase 1 of Reference Processing: no references
[52.057s][debug][gc,ref         ] GC(12) ReferenceProcessor::execute queues: 4, RefProcThreadModel::Multi, marks_oops_alive: false
[52.057s][debug][gc,ref         ] GC(12) Skipped phase 3 of Reference Processing: no references
[52.057s][debug][gc,ref         ] GC(12) ReferenceProcessor::execute queues: 1, RefProcThreadModel::Single, marks_oops_alive: false
[52.057s][debug][gc,phases      ] GC(12) Reference Processing 0.582ms
[52.058s][debug][gc,phases      ] GC(12)   VM Weak                        Min:  0.0, Avg:  0.0, Max:  0.0, Diff:  0.0, Sum:  0.0, Workers: 4
[52.058s][debug][gc,phases      ] GC(12)     Dead                           Min: 0, Avg:  0.0, Max: 0, Diff: 0, Sum: 0, Workers: 4
[52.058s][debug][gc,phases      ] GC(12)     Total                          Min: 0, Avg: 203.5, Max: 430, Diff: 430, Sum: 814, Workers: 4
[52.058s][debug][gc,phases      ] GC(12)   ObjectSynchronizer Weak        Min:  0.0, Avg:  0.0, Max:  0.0, Diff:  0.0, Sum:  0.0, Workers: 4
[52.058s][debug][gc,phases      ] GC(12)     Dead                           Min: 0, Avg:  0.0, Max: 0, Diff: 0, Sum: 0, Workers: 4
[52.058s][debug][gc,phases      ] GC(12)     Total                          Min: 0, Avg: 14.5, Max: 58, Diff: 58, Sum: 58, Workers: 4
[52.058s][debug][gc,phases      ] GC(12)   JVMTI Tag Weak OopStorage      Min:  0.0, Avg:  0.0, Max:  0.0, Diff:  0.0, Sum:  0.0, Workers: 4
[52.058s][debug][gc,phases      ] GC(12)     Dead                           Min: 0, Avg:  0.0, Max: 0, Diff: 0, Sum: 0, Workers: 4
[52.058s][debug][gc,phases      ] GC(12)     Total                          Min: 0, Avg:  0.0, Max: 0, Diff: 0, Sum: 0, Workers: 4
[52.058s][debug][gc,phases      ] GC(12)   StringTable Weak               Min:  0.0, Avg:  0.2, Max:  0.3, Diff:  0.3, Sum:  0.8, Workers: 4
[52.058s][debug][gc,phases      ] GC(12)     Dead                           Min: 0, Avg:  1.2, Max: 4, Diff: 4, Sum: 5, Workers: 4
[52.058s][debug][gc,phases      ] GC(12)     Total                          Min: 0, Avg: 10830.5, Max: 14842, Diff: 14842, Sum: 43322, Workers: 4
[52.058s][debug][gc,phases      ] GC(12)   ResolvedMethodTable Weak       Min:  0.0, Avg:  0.1, Max:  0.1, Diff:  0.1, Sum:  0.3, Workers: 4
[52.058s][debug][gc,phases      ] GC(12)     Dead                           Min: 0, Avg:  5.8, Max: 15, Diff: 15, Sum: 23, Workers: 4
[52.058s][debug][gc,phases      ] GC(12)     Total                          Min: 0, Avg: 2363.8, Max: 3456, Diff: 3456, Sum: 9455, Workers: 4
[52.058s][debug][gc,phases      ] GC(12)   JNI Weak                       Min:  0.0, Avg:  0.0, Max:  0.0, Diff:  0.0, Sum:  0.0, Workers: 4
[52.058s][debug][gc,phases      ] GC(12)     Dead                           Min: 0, Avg:  0.0, Max: 0, Diff: 0, Sum: 0, Workers: 4
[52.058s][debug][gc,phases      ] GC(12)     Total                          Min: 0, Avg: 11.2, Max: 45, Diff: 45, Sum: 45, Workers: 4
[52.058s][debug][gc,phases      ] GC(12)   StringDedup Table Weak         Min:  0.0, Avg:  0.0, Max:  0.0, Diff:  0.0, Sum:  0.0, Workers: 4
[52.058s][debug][gc,phases      ] GC(12)     Dead                           Min: 0, Avg:  0.0, Max: 0, Diff: 0, Sum: 0, Workers: 4
[52.058s][debug][gc,phases      ] GC(12)     Total                          Min: 0, Avg:  0.0, Max: 0, Diff: 0, Sum: 0, Workers: 4
[52.058s][debug][gc,phases      ] GC(12)   StringDedup Requests0 Weak     Min:  0.0, Avg:  0.0, Max:  0.0, Diff:  0.0, Sum:  0.0, Workers: 4
[52.058s][debug][gc,phases      ] GC(12)     Dead                           Min: 0, Avg:  0.0, Max: 0, Diff: 0, Sum: 0, Workers: 4
[52.058s][debug][gc,phases      ] GC(12)     Total                          Min: 0, Avg:  0.0, Max: 0, Diff: 0, Sum: 0, Workers: 4
[52.058s][debug][gc,phases      ] GC(12)   StringDedup Requests1 Weak     Min:  0.0, Avg:  0.0, Max:  0.0, Diff:  0.0, Sum:  0.0, Workers: 4
[52.058s][debug][gc,phases      ] GC(12)     Dead                           Min: 0, Avg:  0.0, Max: 0, Diff: 0, Sum: 0, Workers: 4
[52.058s][debug][gc,phases      ] GC(12)     Total                          Min: 0, Avg:  0.0, Max: 0, Diff: 0, Sum: 0, Workers: 4
[52.058s][debug][gc,phases      ] GC(12)   Weak JFR Old Object Samples    Min:  0.0, Avg:  0.0, Max:  0.0, Diff:  0.0, Sum:  0.0, Workers: 4
[52.058s][debug][gc,phases      ] GC(12)     Dead                           Min: 0, Avg:  0.0, Max: 0, Diff: 0, Sum: 0, Workers: 4
[52.058s][debug][gc,phases      ] GC(12)     Total                          Min: 0, Avg:  0.0, Max: 0, Diff: 0, Sum: 0, Workers: 4
[52.058s][debug][gc,phases      ] GC(12) Weak Processing 0.505ms
[52.058s][debug][gc,age         ] GC(12) Desired survivor size 483393536 bytes, new threshold 7 (max threshold 15)
[52.058s][info ][gc,heap        ] GC(12) PSYoungGen: 1331210K(1597440K)->260205K(1572864K) Eden: 1073152K(1073152K)->0K(1073152K) From: 258058K(524288K)->260205K(499712K)
[52.058s][info ][gc,heap        ] GC(12) ParOldGen: 87032K(151040K)->87040K(151040K)
[52.058s][info ][gc,metaspace   ] GC(12) Metaspace: 80525K(81536K)->80525K(81536K) NonClass: 68802K(69376K)->68802K(69376K) Class: 11722K(12160K)->11722K(12160K)
[52.058s][info ][gc             ] GC(12) Pause Young (Allocation Failure) 1385M->339M(1683M) 110.893ms
[52.058s][info ][gc,cpu         ] GC(12) User=0.34s Sys=0.00s Real=0.11s
[52.058s][info ][safepoint      ] Safepoint "ParallelGCFailedAllocation", Time since last: 324399077 ns, Reaching safepoint: 45600 ns, At safepoint: 110963448 ns, Total: 111009048 ns
[53.058s][info ][safepoint      ] Safepoint "Cleanup", Time since last: 1000088423 ns, Reaching safepoint: 93099 ns, At safepoint: 8900 ns, Total: 101999 ns
[54.058s][info ][safepoint      ] Safepoint "Cleanup", Time since last: 1000101023 ns, Reaching safepoint: 61800 ns, At safepoint: 6100 ns, Total: 67900 ns
[55.151s][info ][safepoint      ] Safepoint "Cleanup", Time since last: 1092579146 ns, Reaching safepoint: 133199 ns, At safepoint: 6400 ns, Total: 139599 ns
[56.151s][info ][safepoint      ] Safepoint "Cleanup", Time since last: 1000061323 ns, Reaching safepoint: 79900 ns, At safepoint: 2700 ns, Total: 82600 ns
[57.151s][info ][safepoint      ] Safepoint "Cleanup", Time since last: 1000105816 ns, Reaching safepoint: 59700 ns, At safepoint: 8900 ns, Total: 68600 ns
[58.151s][info ][safepoint      ] Safepoint "Cleanup", Time since last: 1000083017 ns, Reaching safepoint: 61400 ns, At safepoint: 2699 ns, Total: 64099 ns
[59.152s][info ][safepoint      ] Safepoint "Cleanup", Time since last: 1000117217 ns, Reaching safepoint: 63300 ns, At safepoint: 6700 ns, Total: 70000 ns
[60.152s][info ][safepoint      ] Safepoint "Cleanup", Time since last: 1000110916 ns, Reaching safepoint: 51700 ns, At safepoint: 2800 ns, Total: 54500 ns
[61.152s][info ][safepoint      ] Safepoint "Cleanup", Time since last: 1000098516 ns, Reaching safepoint: 53000 ns, At safepoint: 5000 ns, Total: 58000 ns
[62.152s][info ][safepoint      ] Safepoint "Cleanup", Time since last: 1000117117 ns, Reaching safepoint: 48399 ns, At safepoint: 2900 ns, Total: 51299 ns
[63.152s][info ][safepoint      ] Safepoint "Cleanup", Time since last: 1000107117 ns, Reaching safepoint: 50000 ns, At safepoint: 6500 ns, Total: 56500 ns
[63.193s][info ][gc,start       ] GC(13) Pause Young (Allocation Failure)
[63.294s][debug][gc,phases      ] GC(13) Scavenge 100.379ms
[63.294s][debug][gc,ref         ] GC(13) Skipped phase 1 of Reference Processing: no references
[63.294s][debug][gc,ref         ] GC(13) ReferenceProcessor::execute queues: 4, RefProcThreadModel::Multi, marks_oops_alive: false
[63.294s][debug][gc,ref         ] GC(13) Skipped phase 3 of Reference Processing: no references
[63.294s][debug][gc,ref         ] GC(13) ReferenceProcessor::execute queues: 1, RefProcThreadModel::Single, marks_oops_alive: false
[63.294s][debug][gc,phases      ] GC(13) Reference Processing 0.588ms
[63.295s][debug][gc,phases      ] GC(13)   VM Weak                        Min:  0.0, Avg:  0.0, Max:  0.0, Diff:  0.0, Sum:  0.0, Workers: 4
[63.295s][debug][gc,phases      ] GC(13)     Dead                           Min: 0, Avg:  0.0, Max: 0, Diff: 0, Sum: 0, Workers: 4
[63.295s][debug][gc,phases      ] GC(13)     Total                          Min: 0, Avg: 203.5, Max: 512, Diff: 512, Sum: 814, Workers: 4
[63.295s][debug][gc,phases      ] GC(13)   ObjectSynchronizer Weak        Min:  0.0, Avg:  0.0, Max:  0.0, Diff:  0.0, Sum:  0.0, Workers: 4
[63.295s][debug][gc,phases      ] GC(13)     Dead                           Min: 0, Avg:  0.0, Max: 0, Diff: 0, Sum: 0, Workers: 4
[63.295s][debug][gc,phases      ] GC(13)     Total                          Min: 0, Avg: 14.5, Max: 58, Diff: 58, Sum: 58, Workers: 4
[63.295s][debug][gc,phases      ] GC(13)   JVMTI Tag Weak OopStorage      Min:  0.0, Avg:  0.0, Max:  0.0, Diff:  0.0, Sum:  0.0, Workers: 4
[63.295s][debug][gc,phases      ] GC(13)     Dead                           Min: 0, Avg:  0.0, Max: 0, Diff: 0, Sum: 0, Workers: 4
[63.295s][debug][gc,phases      ] GC(13)     Total                          Min: 0, Avg:  0.0, Max: 0, Diff: 0, Sum: 0, Workers: 4
[63.295s][debug][gc,phases      ] GC(13)   StringTable Weak               Min:  0.0, Avg:  0.2, Max:  0.2, Diff:  0.2, Sum:  0.7, Workers: 4
[63.295s][debug][gc,phases      ] GC(13)     Dead                           Min: 0, Avg:  0.0, Max: 0, Diff: 0, Sum: 0, Workers: 4
[63.295s][debug][gc,phases      ] GC(13)     Total                          Min: 0, Avg: 10856.5, Max: 15552, Diff: 15552, Sum: 43426, Workers: 4
[63.295s][debug][gc,phases      ] GC(13)   ResolvedMethodTable Weak       Min:  0.0, Avg:  0.1, Max:  0.1, Diff:  0.1, Sum:  0.2, Workers: 4
[63.295s][debug][gc,phases      ] GC(13)     Dead                           Min: 0, Avg:  0.0, Max: 0, Diff: 0, Sum: 0, Workers: 4
[63.295s][debug][gc,phases      ] GC(13)     Total                          Min: 0, Avg: 2363.8, Max: 3520, Diff: 3520, Sum: 9455, Workers: 4
[63.295s][debug][gc,phases      ] GC(13)   JNI Weak                       Min:  0.0, Avg:  0.0, Max:  0.0, Diff:  0.0, Sum:  0.0, Workers: 4
[63.295s][debug][gc,phases      ] GC(13)     Dead                           Min: 0, Avg:  0.0, Max: 0, Diff: 0, Sum: 0, Workers: 4
[63.295s][debug][gc,phases      ] GC(13)     Total                          Min: 0, Avg: 11.2, Max: 45, Diff: 45, Sum: 45, Workers: 4
[63.295s][debug][gc,phases      ] GC(13)   StringDedup Table Weak         Min:  0.0, Avg:  0.0, Max:  0.0, Diff:  0.0, Sum:  0.0, Workers: 4
[63.295s][debug][gc,phases      ] GC(13)     Dead                           Min: 0, Avg:  0.0, Max: 0, Diff: 0, Sum: 0, Workers: 4
[63.295s][debug][gc,phases      ] GC(13)     Total                          Min: 0, Avg:  0.0, Max: 0, Diff: 0, Sum: 0, Workers: 4
[63.295s][debug][gc,phases      ] GC(13)   StringDedup Requests0 Weak     Min:  0.0, Avg:  0.0, Max:  0.0, Diff:  0.0, Sum:  0.0, Workers: 4
[63.295s][debug][gc,phases      ] GC(13)     Dead                           Min: 0, Avg:  0.0, Max: 0, Diff: 0, Sum: 0, Workers: 4
[63.295s][debug][gc,phases      ] GC(13)     Total                          Min: 0, Avg:  0.0, Max: 0, Diff: 0, Sum: 0, Workers: 4
[63.295s][debug][gc,phases      ] GC(13)   StringDedup Requests1 Weak     Min:  0.0, Avg:  0.0, Max:  0.0, Diff:  0.0, Sum:  0.0, Workers: 4
[63.295s][debug][gc,phases      ] GC(13)     Dead                           Min: 0, Avg:  0.0, Max: 0, Diff: 0, Sum: 0, Workers: 4
[63.295s][debug][gc,phases      ] GC(13)     Total                          Min: 0, Avg:  0.0, Max: 0, Diff: 0, Sum: 0, Workers: 4
[63.295s][debug][gc,phases      ] GC(13)   Weak JFR Old Object Samples    Min:  0.0, Avg:  0.0, Max:  0.0, Diff:  0.0, Sum:  0.0, Workers: 4
[63.295s][debug][gc,phases      ] GC(13)     Dead                           Min: 0, Avg:  0.0, Max: 0, Diff: 0, Sum: 0, Workers: 4
[63.295s][debug][gc,phases      ] GC(13)     Total                          Min: 0, Avg:  0.0, Max: 0, Diff: 0, Sum: 0, Workers: 4
[63.295s][debug][gc,phases      ] GC(13) Weak Processing 0.491ms
[63.295s][debug][gc,age         ] GC(13) Desired survivor size 460849152 bytes, new threshold 8 (max threshold 15)
[63.295s][info ][gc,heap        ] GC(13) PSYoungGen: 1333357K(1572864K)->259418K(1647104K) Eden: 1073152K(1073152K)->0K(1175040K) From: 260205K(499712K)->259418K(472064K)
[63.295s][info ][gc,heap        ] GC(13) ParOldGen: 87040K(151040K)->87048K(151040K)
[63.295s][info ][gc,metaspace   ] GC(13) Metaspace: 80582K(81600K)->80582K(81600K) NonClass: 68858K(69440K)->68858K(69440K) Class: 11723K(12160K)->11723K(12160K)
[63.295s][info ][gc             ] GC(13) Pause Young (Allocation Failure) 1387M->338M(1756M) 101.580ms
[63.295s][info ][gc,cpu         ] GC(13) User=0.31s Sys=0.00s Real=0.11s
[63.295s][info ][safepoint      ] Safepoint "ParallelGCFailedAllocation", Time since last: 40710233 ns, Reaching safepoint: 38500 ns, At safepoint: 101645785 ns, Total: 101684285 ns
[64.295s][info ][safepoint      ] Safepoint "Cleanup", Time since last: 1000092717 ns, Reaching safepoint: 105900 ns, At safepoint: 8400 ns, Total: 114300 ns
[65.295s][info ][safepoint      ] Safepoint "Cleanup", Time since last: 1000119718 ns, Reaching safepoint: 116600 ns, At safepoint: 5600 ns, Total: 122200 ns
[66.295s][info ][safepoint      ] Safepoint "Cleanup", Time since last: 1000125018 ns, Reaching safepoint: 121900 ns, At safepoint: 7700 ns, Total: 129600 ns
[67.296s][info ][safepoint      ] Safepoint "Cleanup", Time since last: 1000122419 ns, Reaching safepoint: 117699 ns, At safepoint: 6600 ns, Total: 124299 ns
[69.296s][info ][safepoint      ] Safepoint "Cleanup", Time since last: 2000185738 ns, Reaching safepoint: 128099 ns, At safepoint: 6600 ns, Total: 134699 ns
[70.296s][info ][safepoint      ] Safepoint "Cleanup", Time since last: 1000126219 ns, Reaching safepoint: 160599 ns, At safepoint: 6200 ns, Total: 166799 ns
[71.297s][info ][safepoint      ] Safepoint "Cleanup", Time since last: 1000116819 ns, Reaching safepoint: 137399 ns, At safepoint: 6600 ns, Total: 143999 ns
[72.297s][info ][safepoint      ] Safepoint "Cleanup", Time since last: 1000119819 ns, Reaching safepoint: 118800 ns, At safepoint: 5700 ns, Total: 124500 ns
[73.297s][info ][safepoint      ] Safepoint "Cleanup", Time since last: 1000115120 ns, Reaching safepoint: 125499 ns, At safepoint: 6100 ns, Total: 131599 ns
[74.297s][info ][safepoint      ] Safepoint "Cleanup", Time since last: 1000113221 ns, Reaching safepoint: 110999 ns, At safepoint: 7700 ns, Total: 118699 ns
[75.297s][info ][safepoint      ] Safepoint "Cleanup", Time since last: 1000110420 ns, Reaching safepoint: 56600 ns, At safepoint: 9700 ns, Total: 66300 ns
[76.143s][info ][gc,start       ] GC(14) Pause Young (Allocation Failure)
[76.254s][debug][gc,phases      ] GC(14) Scavenge 111.500ms
[76.254s][debug][gc,ref         ] GC(14) Skipped phase 1 of Reference Processing: no references
[76.255s][debug][gc,ref         ] GC(14) ReferenceProcessor::execute queues: 4, RefProcThreadModel::Multi, marks_oops_alive: false
[76.255s][debug][gc,ref         ] GC(14) Skipped phase 3 of Reference Processing: no references
[76.255s][debug][gc,ref         ] GC(14) ReferenceProcessor::execute queues: 1, RefProcThreadModel::Single, marks_oops_alive: false
[76.255s][debug][gc,phases      ] GC(14) Reference Processing 0.645ms
[76.255s][debug][gc,phases      ] GC(14)   VM Weak                        Min:  0.0, Avg:  0.0, Max:  0.0, Diff:  0.0, Sum:  0.0, Workers: 4
[76.255s][debug][gc,phases      ] GC(14)     Dead                           Min: 0, Avg:  0.0, Max: 0, Diff: 0, Sum: 0, Workers: 4
[76.255s][debug][gc,phases      ] GC(14)     Total                          Min: 0, Avg: 203.5, Max: 622, Diff: 622, Sum: 814, Workers: 4
[76.255s][debug][gc,phases      ] GC(14)   ObjectSynchronizer Weak        Min:  0.0, Avg:  0.0, Max:  0.0, Diff:  0.0, Sum:  0.0, Workers: 4
[76.255s][debug][gc,phases      ] GC(14)     Dead                           Min: 0, Avg:  0.0, Max: 0, Diff: 0, Sum: 0, Workers: 4
[76.256s][debug][gc,phases      ] GC(14)     Total                          Min: 0, Avg: 14.5, Max: 58, Diff: 58, Sum: 58, Workers: 4
[76.256s][debug][gc,phases      ] GC(14)   JVMTI Tag Weak OopStorage      Min:  0.0, Avg:  0.0, Max:  0.0, Diff:  0.0, Sum:  0.0, Workers: 4
[76.256s][debug][gc,phases      ] GC(14)     Dead                           Min: 0, Avg:  0.0, Max: 0, Diff: 0, Sum: 0, Workers: 4
[76.256s][debug][gc,phases      ] GC(14)     Total                          Min: 0, Avg:  0.0, Max: 0, Diff: 0, Sum: 0, Workers: 4
[76.256s][debug][gc,phases      ] GC(14)   StringTable Weak               Min:  0.0, Avg:  0.1, Max:  0.3, Diff:  0.3, Sum:  0.6, Workers: 4
[76.256s][debug][gc,phases      ] GC(14)     Dead                           Min: 0, Avg:  0.0, Max: 0, Diff: 0, Sum: 0, Workers: 4
[76.256s][debug][gc,phases      ] GC(14)     Total                          Min: 0, Avg: 10871.8, Max: 27008, Diff: 27008, Sum: 43487, Workers: 4
[76.256s][debug][gc,phases      ] GC(14)   ResolvedMethodTable Weak       Min:  0.0, Avg:  0.0, Max:  0.1, Diff:  0.1, Sum:  0.2, Workers: 4
[76.256s][debug][gc,phases      ] GC(14)     Dead                           Min: 0, Avg:  0.0, Max: 0, Diff: 0, Sum: 0, Workers: 4
[76.256s][debug][gc,phases      ] GC(14)     Total                          Min: 0, Avg: 2363.8, Max: 5743, Diff: 5743, Sum: 9455, Workers: 4
[76.256s][debug][gc,phases      ] GC(14)   JNI Weak                       Min:  0.0, Avg:  0.0, Max:  0.0, Diff:  0.0, Sum:  0.0, Workers: 4
[76.256s][debug][gc,phases      ] GC(14)     Dead                           Min: 0, Avg:  0.0, Max: 0, Diff: 0, Sum: 0, Workers: 4
[76.256s][debug][gc,phases      ] GC(14)     Total                          Min: 0, Avg: 11.2, Max: 45, Diff: 45, Sum: 45, Workers: 4
[76.256s][debug][gc,phases      ] GC(14)   StringDedup Table Weak         Min:  0.0, Avg:  0.0, Max:  0.0, Diff:  0.0, Sum:  0.0, Workers: 4
[76.256s][debug][gc,phases      ] GC(14)     Dead                           Min: 0, Avg:  0.0, Max: 0, Diff: 0, Sum: 0, Workers: 4
[76.256s][debug][gc,phases      ] GC(14)     Total                          Min: 0, Avg:  0.0, Max: 0, Diff: 0, Sum: 0, Workers: 4
[76.256s][debug][gc,phases      ] GC(14)   StringDedup Requests0 Weak     Min:  0.0, Avg:  0.0, Max:  0.0, Diff:  0.0, Sum:  0.0, Workers: 4
[76.256s][debug][gc,phases      ] GC(14)     Dead                           Min: 0, Avg:  0.0, Max: 0, Diff: 0, Sum: 0, Workers: 4
[76.256s][debug][gc,phases      ] GC(14)     Total                          Min: 0, Avg:  0.0, Max: 0, Diff: 0, Sum: 0, Workers: 4
[76.256s][debug][gc,phases      ] GC(14)   StringDedup Requests1 Weak     Min:  0.0, Avg:  0.0, Max:  0.0, Diff:  0.0, Sum:  0.0, Workers: 4
[76.256s][debug][gc,phases      ] GC(14)     Dead                           Min: 0, Avg:  0.0, Max: 0, Diff: 0, Sum: 0, Workers: 4
[76.256s][debug][gc,phases      ] GC(14)     Total                          Min: 0, Avg:  0.0, Max: 0, Diff: 0, Sum: 0, Workers: 4
[76.256s][debug][gc,phases      ] GC(14)   Weak JFR Old Object Samples    Min:  0.0, Avg:  0.0, Max:  0.0, Diff:  0.0, Sum:  0.0, Workers: 4
[76.256s][debug][gc,phases      ] GC(14)     Dead                           Min: 0, Avg:  0.0, Max: 0, Diff: 0, Sum: 0, Workers: 4
[76.256s][debug][gc,phases      ] GC(14)     Total                          Min: 0, Avg:  0.0, Max: 0, Diff: 0, Sum: 0, Workers: 4
[76.256s][debug][gc,phases      ] GC(14) Weak Processing 0.630ms
[76.256s][debug][gc,age         ] GC(14) Desired survivor size 442499072 bytes, new threshold 9 (max threshold 15)
[76.256s][info ][gc,heap        ] GC(14) PSYoungGen: 1434458K(1647104K)->259409K(1625088K) Eden: 1175040K(1175040K)->0K(1175040K) From: 259418K(472064K)->259409K(450048K)
[76.256s][info ][gc,heap        ] GC(14) ParOldGen: 87048K(151040K)->87056K(151040K)
[76.256s][info ][gc,metaspace   ] GC(14) Metaspace: 80617K(81664K)->80617K(81664K) NonClass: 68893K(69504K)->68893K(69504K) Class: 11724K(12160K)->11724K(12160K)
[76.256s][info ][gc             ] GC(14) Pause Young (Allocation Failure) 1485M->338M(1734M) 112.920ms
[76.256s][info ][gc,cpu         ] GC(14) User=0.31s Sys=0.02s Real=0.12s
[76.256s][info ][safepoint      ] Safepoint "ParallelGCFailedAllocation", Time since last: 845277252 ns, Reaching safepoint: 52600 ns, At safepoint: 113007339 ns, Total: 113059939 ns
[77.264s][info ][safepoint      ] Safepoint "Cleanup", Time since last: 1008466286 ns, Reaching safepoint: 127899 ns, At safepoint: 2500 ns, Total: 130399 ns
[78.265s][info ][safepoint      ] Safepoint "Cleanup", Time since last: 1000121420 ns, Reaching safepoint: 50900 ns, At safepoint: 2500 ns, Total: 53400 ns
[79.265s][info ][safepoint      ] Safepoint "Cleanup", Time since last: 1000108020 ns, Reaching safepoint: 50900 ns, At safepoint: 3000 ns, Total: 53900 ns
[80.265s][info ][safepoint      ] Safepoint "Cleanup", Time since last: 1000101420 ns, Reaching safepoint: 44500 ns, At safepoint: 3300 ns, Total: 47800 ns
[81.265s][info ][safepoint      ] Safepoint "Cleanup", Time since last: 1000106820 ns, Reaching safepoint: 96300 ns, At safepoint: 4800 ns, Total: 101100 ns
[82.265s][info ][safepoint      ] Safepoint "Cleanup", Time since last: 1000110520 ns, Reaching safepoint: 47300 ns, At safepoint: 2500 ns, Total: 49800 ns
[83.265s][info ][safepoint      ] Safepoint "Cleanup", Time since last: 1000103920 ns, Reaching safepoint: 37800 ns, At safepoint: 2500 ns, Total: 40300 ns
[84.266s][info ][safepoint      ] Safepoint "Cleanup", Time since last: 1000109620 ns, Reaching safepoint: 49000 ns, At safepoint: 3200 ns, Total: 52200 ns
[85.266s][info ][safepoint      ] Safepoint "Cleanup", Time since last: 1000098020 ns, Reaching safepoint: 41600 ns, At safepoint: 2500 ns, Total: 44100 ns
[86.266s][info ][safepoint      ] Safepoint "Cleanup", Time since last: 1000125720 ns, Reaching safepoint: 40100 ns, At safepoint: 4600 ns, Total: 44700 ns
[87.266s][info ][safepoint      ] Safepoint "Cleanup", Time since last: 1000103020 ns, Reaching safepoint: 40500 ns, At safepoint: 8300 ns, Total: 48800 ns
[88.266s][info ][safepoint      ] Safepoint "Cleanup", Time since last: 1000110421 ns, Reaching safepoint: 74500 ns, At safepoint: 3600 ns, Total: 78100 ns
[88.800s][info ][gc,start       ] GC(15) Pause Young (Allocation Failure)
[88.914s][debug][gc,phases      ] GC(15) Scavenge 113.919ms
[88.914s][debug][gc,ref         ] GC(15) Skipped phase 1 of Reference Processing: no references
[88.915s][debug][gc,ref         ] GC(15) ReferenceProcessor::execute queues: 4, RefProcThreadModel::Multi, marks_oops_alive: false
[88.915s][debug][gc,ref         ] GC(15) Skipped phase 3 of Reference Processing: no references
[88.915s][debug][gc,ref         ] GC(15) ReferenceProcessor::execute queues: 1, RefProcThreadModel::Single, marks_oops_alive: false
[88.915s][debug][gc,phases      ] GC(15) Reference Processing 0.555ms
[88.915s][debug][gc,phases      ] GC(15)   VM Weak                        Min:  0.0, Avg:  0.0, Max:  0.0, Diff:  0.0, Sum:  0.0, Workers: 4
[88.915s][debug][gc,phases      ] GC(15)     Dead                           Min: 0, Avg:  0.0, Max: 0, Diff: 0, Sum: 0, Workers: 4
[88.915s][debug][gc,phases      ] GC(15)     Total                          Min: 0, Avg: 203.5, Max: 430, Diff: 430, Sum: 814, Workers: 4
[88.915s][debug][gc,phases      ] GC(15)   ObjectSynchronizer Weak        Min:  0.0, Avg:  0.0, Max:  0.0, Diff:  0.0, Sum:  0.0, Workers: 4
[88.915s][debug][gc,phases      ] GC(15)     Dead                           Min: 0, Avg:  0.0, Max: 0, Diff: 0, Sum: 0, Workers: 4
[88.915s][debug][gc,phases      ] GC(15)     Total                          Min: 0, Avg: 14.5, Max: 58, Diff: 58, Sum: 58, Workers: 4
[88.915s][debug][gc,phases      ] GC(15)   JVMTI Tag Weak OopStorage      Min:  0.0, Avg:  0.0, Max:  0.0, Diff:  0.0, Sum:  0.0, Workers: 4
[88.915s][debug][gc,phases      ] GC(15)     Dead                           Min: 0, Avg:  0.0, Max: 0, Diff: 0, Sum: 0, Workers: 4
[88.915s][debug][gc,phases      ] GC(15)     Total                          Min: 0, Avg:  0.0, Max: 0, Diff: 0, Sum: 0, Workers: 4
[88.916s][debug][gc,phases      ] GC(15)   StringTable Weak               Min:  0.0, Avg:  0.2, Max:  0.3, Diff:  0.3, Sum:  0.8, Workers: 4
[88.916s][debug][gc,phases      ] GC(15)     Dead                           Min: 0, Avg:  0.2, Max: 1, Diff: 1, Sum: 1, Workers: 4
[88.916s][debug][gc,phases      ] GC(15)     Total                          Min: 0, Avg: 10877.5, Max: 15039, Diff: 15039, Sum: 43510, Workers: 4
[88.916s][debug][gc,phases      ] GC(15)   ResolvedMethodTable Weak       Min:  0.0, Avg:  0.1, Max:  0.1, Diff:  0.1, Sum:  0.3, Workers: 4
[88.916s][debug][gc,phases      ] GC(15)     Dead                           Min: 0, Avg:  0.0, Max: 0, Diff: 0, Sum: 0, Workers: 4
[88.916s][debug][gc,phases      ] GC(15)     Total                          Min: 0, Avg: 2366.5, Max: 3584, Diff: 3584, Sum: 9466, Workers: 4
[88.916s][debug][gc,phases      ] GC(15)   JNI Weak                       Min:  0.0, Avg:  0.0, Max:  0.0, Diff:  0.0, Sum:  0.0, Workers: 4
[88.916s][debug][gc,phases      ] GC(15)     Dead                           Min: 0, Avg:  0.0, Max: 0, Diff: 0, Sum: 0, Workers: 4
[88.916s][debug][gc,phases      ] GC(15)     Total                          Min: 0, Avg: 11.2, Max: 45, Diff: 45, Sum: 45, Workers: 4
[88.916s][debug][gc,phases      ] GC(15)   StringDedup Table Weak         Min:  0.0, Avg:  0.0, Max:  0.0, Diff:  0.0, Sum:  0.0, Workers: 4
[88.916s][debug][gc,phases      ] GC(15)     Dead                           Min: 0, Avg:  0.0, Max: 0, Diff: 0, Sum: 0, Workers: 4
[88.916s][debug][gc,phases      ] GC(15)     Total                          Min: 0, Avg:  0.0, Max: 0, Diff: 0, Sum: 0, Workers: 4
[88.916s][debug][gc,phases      ] GC(15)   StringDedup Requests0 Weak     Min:  0.0, Avg:  0.0, Max:  0.0, Diff:  0.0, Sum:  0.0, Workers: 4
[88.916s][debug][gc,phases      ] GC(15)     Dead                           Min: 0, Avg:  0.0, Max: 0, Diff: 0, Sum: 0, Workers: 4
[88.916s][debug][gc,phases      ] GC(15)     Total                          Min: 0, Avg:  0.0, Max: 0, Diff: 0, Sum: 0, Workers: 4
[88.916s][debug][gc,phases      ] GC(15)   StringDedup Requests1 Weak     Min:  0.0, Avg:  0.0, Max:  0.0, Diff:  0.0, Sum:  0.0, Workers: 4
[88.916s][debug][gc,phases      ] GC(15)     Dead                           Min: 0, Avg:  0.0, Max: 0, Diff: 0, Sum: 0, Workers: 4
[88.916s][debug][gc,phases      ] GC(15)     Total                          Min: 0, Avg:  0.0, Max: 0, Diff: 0, Sum: 0, Workers: 4
[88.916s][debug][gc,phases      ] GC(15)   Weak JFR Old Object Samples    Min:  0.0, Avg:  0.0, Max:  0.0, Diff:  0.0, Sum:  0.0, Workers: 4
[88.916s][debug][gc,phases      ] GC(15)     Dead                           Min: 0, Avg:  0.0, Max: 0, Diff: 0, Sum: 0, Workers: 4
[88.916s][debug][gc,phases      ] GC(15)     Total                          Min: 0, Avg:  0.0, Max: 0, Diff: 0, Sum: 0, Workers: 4
[88.916s][debug][gc,phases      ] GC(15) Weak Processing 0.530ms
[88.916s][debug][gc,age         ] GC(15) Desired survivor size 425721856 bytes, new threshold 10 (max threshold 15)
[88.916s][info ][gc,heap        ] GC(15) PSYoungGen: 1434449K(1625088K)->259409K(1681408K) Eden: 1175040K(1175040K)->0K(1249280K) From: 259409K(450048K)->259409K(432128K)
[88.916s][info ][gc,heap        ] GC(15) ParOldGen: 87056K(151040K)->87064K(151040K)
[88.916s][info ][gc,metaspace   ] GC(15) Metaspace: 80687K(81728K)->80687K(81728K) NonClass: 68954K(69568K)->68954K(69568K) Class: 11732K(12160K)->11732K(12160K)
[88.916s][info ][gc             ] GC(15) Pause Young (Allocation Failure) 1485M->338M(1789M) 115.140ms
[88.916s][info ][gc,cpu         ] GC(15) User=0.32s Sys=0.00s Real=0.12s
[88.916s][info ][safepoint      ] Safepoint "ParallelGCFailedAllocation", Time since last: 534215231 ns, Reaching safepoint: 48400 ns, At safepoint: 115208532 ns, Total: 115256932 ns
[89.916s][info ][safepoint      ] Safepoint "Cleanup", Time since last: 1000051139 ns, Reaching safepoint: 55200 ns, At safepoint: 3100 ns, Total: 58300 ns
[91.916s][info ][safepoint      ] Safepoint "Cleanup", Time since last: 2000146979 ns, Reaching safepoint: 38800 ns, At safepoint: 7800 ns, Total: 46600 ns
[92.916s][info ][safepoint      ] Safepoint "Cleanup", Time since last: 1000106939 ns, Reaching safepoint: 47500 ns, At safepoint: 2600 ns, Total: 50100 ns
[93.916s][info ][safepoint      ] Safepoint "Cleanup", Time since last: 1000110139 ns, Reaching safepoint: 42700 ns, At safepoint: 2900 ns, Total: 45600 ns
[94.916s][info ][safepoint      ] Safepoint "Cleanup", Time since last: 1000077340 ns, Reaching safepoint: 52500 ns, At safepoint: 4000 ns, Total: 56500 ns
[96.917s][info ][safepoint      ] Safepoint "Cleanup", Time since last: 2000180065 ns, Reaching safepoint: 57600 ns, At safepoint: 5200 ns, Total: 62800 ns
[97.917s][info ][safepoint      ] Safepoint "Cleanup", Time since last: 1000110320 ns, Reaching safepoint: 79300 ns, At safepoint: 5300 ns, Total: 84600 ns
[98.917s][info ][safepoint      ] Safepoint "Cleanup", Time since last: 1000110720 ns, Reaching safepoint: 52800 ns, At safepoint: 3400 ns, Total: 56200 ns
[99.917s][info ][safepoint      ] Safepoint "Cleanup", Time since last: 1000105220 ns, Reaching safepoint: 49100 ns, At safepoint: 3100 ns, Total: 52200 ns
[101.511s][info ][safepoint      ] Safepoint "Cleanup", Time since last: 1593475099 ns, Reaching safepoint: 171200 ns, At safepoint: 5099 ns, Total: 176299 ns
[102.395s][info ][gc,start       ] GC(16) Pause Young (Allocation Failure)
[102.510s][debug][gc,phases      ] GC(16) Scavenge 115.113ms
[102.510s][debug][gc,ref         ] GC(16) Skipped phase 1 of Reference Processing: no references
[102.511s][debug][gc,ref         ] GC(16) ReferenceProcessor::execute queues: 4, RefProcThreadModel::Multi, marks_oops_alive: false
[102.511s][debug][gc,ref         ] GC(16) Skipped phase 3 of Reference Processing: no references
[102.511s][debug][gc,ref         ] GC(16) ReferenceProcessor::execute queues: 1, RefProcThreadModel::Single, marks_oops_alive: false
[102.511s][debug][gc,phases      ] GC(16) Reference Processing 0.580ms
[102.511s][debug][gc,phases      ] GC(16)   VM Weak                        Min:  0.0, Avg:  0.0, Max:  0.0, Diff:  0.0, Sum:  0.0, Workers: 4
[102.511s][debug][gc,phases      ] GC(16)     Dead                           Min: 0, Avg:  0.0, Max: 0, Diff: 0, Sum: 0, Workers: 4
[102.511s][debug][gc,phases      ] GC(16)     Total                          Min: 0, Avg: 204.8, Max: 448, Diff: 448, Sum: 819, Workers: 4
[102.511s][debug][gc,phases      ] GC(16)   ObjectSynchronizer Weak        Min:  0.0, Avg:  0.0, Max:  0.0, Diff:  0.0, Sum:  0.0, Workers: 4
[102.511s][debug][gc,phases      ] GC(16)     Dead                           Min: 0, Avg:  0.0, Max: 0, Diff: 0, Sum: 0, Workers: 4
[102.511s][debug][gc,phases      ] GC(16)     Total                          Min: 0, Avg: 14.5, Max: 58, Diff: 58, Sum: 58, Workers: 4
[102.511s][debug][gc,phases      ] GC(16)   JVMTI Tag Weak OopStorage      Min:  0.0, Avg:  0.0, Max:  0.0, Diff:  0.0, Sum:  0.0, Workers: 4
[102.511s][debug][gc,phases      ] GC(16)     Dead                           Min: 0, Avg:  0.0, Max: 0, Diff: 0, Sum: 0, Workers: 4
[102.511s][debug][gc,phases      ] GC(16)     Total                          Min: 0, Avg:  0.0, Max: 0, Diff: 0, Sum: 0, Workers: 4
[102.511s][debug][gc,phases      ] GC(16)   StringTable Weak               Min:  0.0, Avg:  0.2, Max:  0.2, Diff:  0.2, Sum:  0.7, Workers: 4
[102.511s][debug][gc,phases      ] GC(16)     Dead                           Min: 0, Avg:  0.0, Max: 0, Diff: 0, Sum: 0, Workers: 4
[102.511s][debug][gc,phases      ] GC(16)     Total                          Min: 0, Avg: 10881.5, Max: 15558, Diff: 15558, Sum: 43526, Workers: 4
[102.511s][debug][gc,phases      ] GC(16)   ResolvedMethodTable Weak       Min:  0.0, Avg:  0.1, Max:  0.1, Diff:  0.1, Sum:  0.2, Workers: 4
[102.511s][debug][gc,phases      ] GC(16)     Dead                           Min: 0, Avg:  0.0, Max: 0, Diff: 0, Sum: 0, Workers: 4
[102.511s][debug][gc,phases      ] GC(16)     Total                          Min: 0, Avg: 2370.5, Max: 3530, Diff: 3530, Sum: 9482, Workers: 4
[102.511s][debug][gc,phases      ] GC(16)   JNI Weak                       Min:  0.0, Avg:  0.0, Max:  0.0, Diff:  0.0, Sum:  0.0, Workers: 4
[102.511s][debug][gc,phases      ] GC(16)     Dead                           Min: 0, Avg:  0.0, Max: 0, Diff: 0, Sum: 0, Workers: 4
[102.511s][debug][gc,phases      ] GC(16)     Total                          Min: 0, Avg: 11.2, Max: 45, Diff: 45, Sum: 45, Workers: 4
[102.511s][debug][gc,phases      ] GC(16)   StringDedup Table Weak         Min:  0.0, Avg:  0.0, Max:  0.0, Diff:  0.0, Sum:  0.0, Workers: 4
[102.511s][debug][gc,phases      ] GC(16)     Dead                           Min: 0, Avg:  0.0, Max: 0, Diff: 0, Sum: 0, Workers: 4
[102.511s][debug][gc,phases      ] GC(16)     Total                          Min: 0, Avg:  0.0, Max: 0, Diff: 0, Sum: 0, Workers: 4
[102.511s][debug][gc,phases      ] GC(16)   StringDedup Requests0 Weak     Min:  0.0, Avg:  0.0, Max:  0.0, Diff:  0.0, Sum:  0.0, Workers: 4
[102.511s][debug][gc,phases      ] GC(16)     Dead                           Min: 0, Avg:  0.0, Max: 0, Diff: 0, Sum: 0, Workers: 4
[102.511s][debug][gc,phases      ] GC(16)     Total                          Min: 0, Avg:  0.0, Max: 0, Diff: 0, Sum: 0, Workers: 4
[102.511s][debug][gc,phases      ] GC(16)   StringDedup Requests1 Weak     Min:  0.0, Avg:  0.0, Max:  0.0, Diff:  0.0, Sum:  0.0, Workers: 4
[102.511s][debug][gc,phases      ] GC(16)     Dead                           Min: 0, Avg:  0.0, Max: 0, Diff: 0, Sum: 0, Workers: 4
[102.511s][debug][gc,phases      ] GC(16)     Total                          Min: 0, Avg:  0.0, Max: 0, Diff: 0, Sum: 0, Workers: 4
[102.511s][debug][gc,phases      ] GC(16)   Weak JFR Old Object Samples    Min:  0.0, Avg:  0.0, Max:  0.0, Diff:  0.0, Sum:  0.0, Workers: 4
[102.511s][debug][gc,phases      ] GC(16)     Dead                           Min: 0, Avg:  0.0, Max: 0, Diff: 0, Sum: 0, Workers: 4
[102.511s][debug][gc,phases      ] GC(16)     Total                          Min: 0, Avg:  0.0, Max: 0, Diff: 0, Sum: 0, Workers: 4
[102.511s][debug][gc,phases      ] GC(16) Weak Processing 0.479ms
[102.512s][debug][gc,age         ] GC(16) Desired survivor size 410517504 bytes, new threshold 11 (max threshold 15)
[102.512s][info ][gc,heap        ] GC(16) PSYoungGen: 1508689K(1681408K)->259433K(1665024K) Eden: 1249280K(1249280K)->0K(1249280K) From: 259409K(432128K)->259433K(415744K)
[102.512s][info ][gc,heap        ] GC(16) ParOldGen: 87064K(151040K)->87072K(151040K)
[102.512s][info ][gc,metaspace   ] GC(16) Metaspace: 80724K(81728K)->80724K(81728K) NonClass: 68987K(69568K)->68987K(69568K) Class: 11737K(12160K)->11737K(12160K)
[102.512s][info ][gc             ] GC(16) Pause Young (Allocation Failure) 1558M->338M(1773M) 116.292ms
[102.512s][info ][gc,cpu         ] GC(16) User=0.31s Sys=0.04s Real=0.11s
[102.512s][info ][safepoint      ] Safepoint "ParallelGCFailedAllocation", Time since last: 884341193 ns, Reaching safepoint: 47000 ns, At safepoint: 116367825 ns, Total: 116414825 ns
[103.512s][info ][safepoint      ] Safepoint "Cleanup", Time since last: 1000091820 ns, Reaching safepoint: 53400 ns, At safepoint: 6700 ns, Total: 60100 ns
[104.512s][info ][safepoint      ] Safepoint "Cleanup", Time since last: 1000107820 ns, Reaching safepoint: 55800 ns, At safepoint: 3800 ns, Total: 59600 ns
[105.512s][info ][safepoint      ] Safepoint "Cleanup", Time since last: 1000103321 ns, Reaching safepoint: 58900 ns, At safepoint: 2400 ns, Total: 61300 ns
[106.647s][info ][safepoint      ] Safepoint "Cleanup", Time since last: 1134517773 ns, Reaching safepoint: 129799 ns, At safepoint: 4800 ns, Total: 134599 ns
[107.647s][info ][safepoint      ] Safepoint "Cleanup", Time since last: 1000106321 ns, Reaching safepoint: 128499 ns, At safepoint: 4400 ns, Total: 132899 ns
[108.647s][info ][safepoint      ] Safepoint "Cleanup", Time since last: 1000124621 ns, Reaching safepoint: 63700 ns, At safepoint: 2900 ns, Total: 66600 ns
[110.490s][info ][safepoint      ] Safepoint "Cleanup", Time since last: 1842549085 ns, Reaching safepoint: 138199 ns, At safepoint: 5200 ns, Total: 143399 ns
[111.490s][info ][safepoint      ] Safepoint "Cleanup", Time since last: 1000101921 ns, Reaching safepoint: 36900 ns, At safepoint: 2600 ns, Total: 39500 ns
[112.490s][info ][safepoint      ] Safepoint "Cleanup", Time since last: 1000124922 ns, Reaching safepoint: 56600 ns, At safepoint: 2700 ns, Total: 59300 ns
[113.490s][info ][safepoint      ] Safepoint "Cleanup", Time since last: 1000112524 ns, Reaching safepoint: 60700 ns, At safepoint: 4300 ns, Total: 65000 ns
[114.490s][info ][safepoint      ] Safepoint "Cleanup", Time since last: 1000103024 ns, Reaching safepoint: 35200 ns, At safepoint: 2800 ns, Total: 38000 ns
[116.047s][info ][gc,start       ] GC(17) Pause Young (Allocation Failure)
[116.154s][debug][gc,phases      ] GC(17) Scavenge 107.340ms
[116.154s][debug][gc,ref         ] GC(17) Skipped phase 1 of Reference Processing: no references
[116.154s][debug][gc,ref         ] GC(17) ReferenceProcessor::execute queues: 4, RefProcThreadModel::Multi, marks_oops_alive: false
[116.155s][debug][gc,ref         ] GC(17) Skipped phase 3 of Reference Processing: no references
[116.155s][debug][gc,ref         ] GC(17) ReferenceProcessor::execute queues: 1, RefProcThreadModel::Single, marks_oops_alive: false
[116.155s][debug][gc,phases      ] GC(17) Reference Processing 0.589ms
[116.155s][debug][gc,phases      ] GC(17)   VM Weak                        Min:  0.0, Avg:  0.0, Max:  0.0, Diff:  0.0, Sum:  0.0, Workers: 4
[116.155s][debug][gc,phases      ] GC(17)     Dead                           Min: 0, Avg:  0.0, Max: 0, Diff: 0, Sum: 0, Workers: 4
[116.155s][debug][gc,phases      ] GC(17)     Total                          Min: 0, Avg: 206.2, Max: 448, Diff: 448, Sum: 825, Workers: 4
[116.155s][debug][gc,phases      ] GC(17)   ObjectSynchronizer Weak        Min:  0.0, Avg:  0.0, Max:  0.0, Diff:  0.0, Sum:  0.0, Workers: 4
[116.155s][debug][gc,phases      ] GC(17)     Dead                           Min: 0, Avg:  0.0, Max: 0, Diff: 0, Sum: 0, Workers: 4
[116.155s][debug][gc,phases      ] GC(17)     Total                          Min: 0, Avg: 14.5, Max: 58, Diff: 58, Sum: 58, Workers: 4
[116.155s][debug][gc,phases      ] GC(17)   JVMTI Tag Weak OopStorage      Min:  0.0, Avg:  0.0, Max:  0.0, Diff:  0.0, Sum:  0.0, Workers: 4
[116.155s][debug][gc,phases      ] GC(17)     Dead                           Min: 0, Avg:  0.0, Max: 0, Diff: 0, Sum: 0, Workers: 4
[116.155s][debug][gc,phases      ] GC(17)     Total                          Min: 0, Avg:  0.0, Max: 0, Diff: 0, Sum: 0, Workers: 4
[116.155s][debug][gc,phases      ] GC(17)   StringTable Weak               Min:  0.0, Avg:  0.2, Max:  0.2, Diff:  0.2, Sum:  0.7, Workers: 4
[116.155s][debug][gc,phases      ] GC(17)     Dead                           Min: 0, Avg:  0.0, Max: 0, Diff: 0, Sum: 0, Workers: 4
[116.155s][debug][gc,phases      ] GC(17)     Total                          Min: 0, Avg: 10887.0, Max: 15424, Diff: 15424, Sum: 43548, Workers: 4
[116.155s][debug][gc,phases      ] GC(17)   ResolvedMethodTable Weak       Min:  0.0, Avg:  0.1, Max:  0.1, Diff:  0.1, Sum:  0.2, Workers: 4
[116.155s][debug][gc,phases      ] GC(17)     Dead                           Min: 0, Avg:  0.2, Max: 1, Diff: 1, Sum: 1, Workers: 4
[116.155s][debug][gc,phases      ] GC(17)     Total                          Min: 0, Avg: 2376.0, Max: 3520, Diff: 3520, Sum: 9504, Workers: 4
[116.155s][debug][gc,phases      ] GC(17)   JNI Weak                       Min:  0.0, Avg:  0.0, Max:  0.0, Diff:  0.0, Sum:  0.0, Workers: 4
[116.155s][debug][gc,phases      ] GC(17)     Dead                           Min: 0, Avg:  0.0, Max: 0, Diff: 0, Sum: 0, Workers: 4
[116.155s][debug][gc,phases      ] GC(17)     Total                          Min: 0, Avg: 11.2, Max: 45, Diff: 45, Sum: 45, Workers: 4
[116.155s][debug][gc,phases      ] GC(17)   StringDedup Table Weak         Min:  0.0, Avg:  0.0, Max:  0.0, Diff:  0.0, Sum:  0.0, Workers: 4
[116.155s][debug][gc,phases      ] GC(17)     Dead                           Min: 0, Avg:  0.0, Max: 0, Diff: 0, Sum: 0, Workers: 4
[116.155s][debug][gc,phases      ] GC(17)     Total                          Min: 0, Avg:  0.0, Max: 0, Diff: 0, Sum: 0, Workers: 4
[116.155s][debug][gc,phases      ] GC(17)   StringDedup Requests0 Weak     Min:  0.0, Avg:  0.0, Max:  0.0, Diff:  0.0, Sum:  0.0, Workers: 4
[116.155s][debug][gc,phases      ] GC(17)     Dead                           Min: 0, Avg:  0.0, Max: 0, Diff: 0, Sum: 0, Workers: 4
[116.155s][debug][gc,phases      ] GC(17)     Total                          Min: 0, Avg:  0.0, Max: 0, Diff: 0, Sum: 0, Workers: 4
[116.155s][debug][gc,phases      ] GC(17)   StringDedup Requests1 Weak     Min:  0.0, Avg:  0.0, Max:  0.0, Diff:  0.0, Sum:  0.0, Workers: 4
[116.155s][debug][gc,phases      ] GC(17)     Dead                           Min: 0, Avg:  0.0, Max: 0, Diff: 0, Sum: 0, Workers: 4
[116.155s][debug][gc,phases      ] GC(17)     Total                          Min: 0, Avg:  0.0, Max: 0, Diff: 0, Sum: 0, Workers: 4
[116.155s][debug][gc,phases      ] GC(17)   Weak JFR Old Object Samples    Min:  0.0, Avg:  0.0, Max:  0.0, Diff:  0.0, Sum:  0.0, Workers: 4
[116.155s][debug][gc,phases      ] GC(17)     Dead                           Min: 0, Avg:  0.0, Max: 0, Diff: 0, Sum: 0, Workers: 4
[116.155s][debug][gc,phases      ] GC(17)     Total                          Min: 0, Avg:  0.0, Max: 0, Diff: 0, Sum: 0, Workers: 4
[116.155s][debug][gc,phases      ] GC(17) Weak Processing 0.508ms
[116.155s][debug][gc,age         ] GC(17) Desired survivor size 396361728 bytes, new threshold 12 (max threshold 15)
[116.155s][info ][gc,heap        ] GC(17) PSYoungGen: 1508713K(1665024K)->259481K(1710080K) Eden: 1249280K(1249280K)->0K(1309184K) From: 259433K(415744K)->259481K(400896K)
[116.155s][info ][gc,heap        ] GC(17) ParOldGen: 87072K(151040K)->87072K(151040K)
[116.155s][info ][gc,metaspace   ] GC(17) Metaspace: 80787K(81856K)->80787K(81856K) NonClass: 69041K(69632K)->69041K(69632K) Class: 11745K(12224K)->11745K(12224K)
[116.155s][info ][gc             ] GC(17) Pause Young (Allocation Failure) 1558M->338M(1817M) 108.568ms
[116.155s][info ][gc,cpu         ] GC(17) User=0.31s Sys=0.01s Real=0.11s
[116.155s][info ][safepoint      ] Safepoint "ParallelGCFailedAllocation", Time since last: 1556301758 ns, Reaching safepoint: 41800 ns, At safepoint: 108644057 ns, Total: 108685857 ns
[117.156s][info ][safepoint      ] Safepoint "Cleanup", Time since last: 1000095725 ns, Reaching safepoint: 39200 ns, At safepoint: 2900 ns, Total: 42100 ns
[118.156s][info ][safepoint      ] Safepoint "Cleanup", Time since last: 1000342323 ns, Reaching safepoint: 42700 ns, At safepoint: 2500 ns, Total: 45200 ns
[119.156s][info ][safepoint      ] Safepoint "Cleanup", Time since last: 1000108024 ns, Reaching safepoint: 37200 ns, At safepoint: 2600 ns, Total: 39800 ns
[121.156s][info ][safepoint      ] Safepoint "Cleanup", Time since last: 2000160860 ns, Reaching safepoint: 35100 ns, At safepoint: 4500 ns, Total: 39600 ns
[122.156s][info ][safepoint      ] Safepoint "Cleanup", Time since last: 1000104137 ns, Reaching safepoint: 47700 ns, At safepoint: 3000 ns, Total: 50700 ns
[123.157s][info ][safepoint      ] Safepoint "Cleanup", Time since last: 1000119336 ns, Reaching safepoint: 44200 ns, At safepoint: 2900 ns, Total: 47100 ns
[124.157s][info ][safepoint      ] Safepoint "Cleanup", Time since last: 1000101637 ns, Reaching safepoint: 40299 ns, At safepoint: 2400 ns, Total: 42699 ns
[126.157s][info ][safepoint      ] Safepoint "Cleanup", Time since last: 2000186074 ns, Reaching safepoint: 41899 ns, At safepoint: 4400 ns, Total: 46299 ns
[127.157s][info ][safepoint      ] Safepoint "Cleanup", Time since last: 1000115337 ns, Reaching safepoint: 38500 ns, At safepoint: 3400 ns, Total: 41900 ns
[130.157s][info ][safepoint      ] Safepoint "Cleanup", Time since last: 3000248096 ns, Reaching safepoint: 48100 ns, At safepoint: 4000 ns, Total: 52100 ns
[130.299s][info ][gc,start       ] GC(18) Pause Young (Allocation Failure)
[130.414s][debug][gc,phases      ] GC(18) Scavenge 114.987ms
[130.414s][debug][gc,ref         ] GC(18) Skipped phase 1 of Reference Processing: no references
[130.414s][debug][gc,ref         ] GC(18) ReferenceProcessor::execute queues: 4, RefProcThreadModel::Multi, marks_oops_alive: false
[130.415s][debug][gc,ref         ] GC(18) Skipped phase 3 of Reference Processing: no references
[130.415s][debug][gc,ref         ] GC(18) ReferenceProcessor::execute queues: 1, RefProcThreadModel::Single, marks_oops_alive: false
[130.415s][debug][gc,phases      ] GC(18) Reference Processing 0.483ms
[130.415s][debug][gc,phases      ] GC(18)   VM Weak                        Min:  0.0, Avg:  0.0, Max:  0.0, Diff:  0.0, Sum:  0.0, Workers: 4
[130.415s][debug][gc,phases      ] GC(18)     Dead                           Min: 0, Avg:  0.0, Max: 0, Diff: 0, Sum: 0, Workers: 4
[130.415s][debug][gc,phases      ] GC(18)     Total                          Min: 0, Avg: 206.2, Max: 384, Diff: 384, Sum: 825, Workers: 4
[130.415s][debug][gc,phases      ] GC(18)   ObjectSynchronizer Weak        Min:  0.0, Avg:  0.0, Max:  0.0, Diff:  0.0, Sum:  0.0, Workers: 4
[130.415s][debug][gc,phases      ] GC(18)     Dead                           Min: 0, Avg:  0.0, Max: 0, Diff: 0, Sum: 0, Workers: 4
[130.415s][debug][gc,phases      ] GC(18)     Total                          Min: 0, Avg: 14.5, Max: 58, Diff: 58, Sum: 58, Workers: 4
[130.415s][debug][gc,phases      ] GC(18)   JVMTI Tag Weak OopStorage      Min:  0.0, Avg:  0.0, Max:  0.0, Diff:  0.0, Sum:  0.0, Workers: 4
[130.415s][debug][gc,phases      ] GC(18)     Dead                           Min: 0, Avg:  0.0, Max: 0, Diff: 0, Sum: 0, Workers: 4
[130.415s][debug][gc,phases      ] GC(18)     Total                          Min: 0, Avg:  0.0, Max: 0, Diff: 0, Sum: 0, Workers: 4
[130.415s][debug][gc,phases      ] GC(18)   StringTable Weak               Min:  0.0, Avg:  0.2, Max:  0.3, Diff:  0.3, Sum:  0.8, Workers: 4
[130.415s][debug][gc,phases      ] GC(18)     Dead                           Min: 0, Avg:  0.0, Max: 0, Diff: 0, Sum: 0, Workers: 4
[130.415s][debug][gc,phases      ] GC(18)     Total                          Min: 0, Avg: 10892.8, Max: 15091, Diff: 15091, Sum: 43571, Workers: 4
[130.415s][debug][gc,phases      ] GC(18)   ResolvedMethodTable Weak       Min:  0.0, Avg:  0.1, Max:  0.1, Diff:  0.1, Sum:  0.2, Workers: 4
[130.415s][debug][gc,phases      ] GC(18)     Dead                           Min: 0, Avg:  0.0, Max: 0, Diff: 0, Sum: 0, Workers: 4
[130.415s][debug][gc,phases      ] GC(18)     Total                          Min: 0, Avg: 2376.0, Max: 3456, Diff: 3456, Sum: 9504, Workers: 4
[130.415s][debug][gc,phases      ] GC(18)   JNI Weak                       Min:  0.0, Avg:  0.0, Max:  0.0, Diff:  0.0, Sum:  0.0, Workers: 4
[130.415s][debug][gc,phases      ] GC(18)     Dead                           Min: 0, Avg:  0.0, Max: 0, Diff: 0, Sum: 0, Workers: 4
[130.415s][debug][gc,phases      ] GC(18)     Total                          Min: 0, Avg: 11.2, Max: 45, Diff: 45, Sum: 45, Workers: 4
[130.415s][debug][gc,phases      ] GC(18)   StringDedup Table Weak         Min:  0.0, Avg:  0.0, Max:  0.0, Diff:  0.0, Sum:  0.0, Workers: 4
[130.415s][debug][gc,phases      ] GC(18)     Dead                           Min: 0, Avg:  0.0, Max: 0, Diff: 0, Sum: 0, Workers: 4
[130.415s][debug][gc,phases      ] GC(18)     Total                          Min: 0, Avg:  0.0, Max: 0, Diff: 0, Sum: 0, Workers: 4
[130.415s][debug][gc,phases      ] GC(18)   StringDedup Requests0 Weak     Min:  0.0, Avg:  0.0, Max:  0.0, Diff:  0.0, Sum:  0.0, Workers: 4
[130.415s][debug][gc,phases      ] GC(18)     Dead                           Min: 0, Avg:  0.0, Max: 0, Diff: 0, Sum: 0, Workers: 4
[130.415s][debug][gc,phases      ] GC(18)     Total                          Min: 0, Avg:  0.0, Max: 0, Diff: 0, Sum: 0, Workers: 4
[130.415s][debug][gc,phases      ] GC(18)   StringDedup Requests1 Weak     Min:  0.0, Avg:  0.0, Max:  0.0, Diff:  0.0, Sum:  0.0, Workers: 4
[130.415s][debug][gc,phases      ] GC(18)     Dead                           Min: 0, Avg:  0.0, Max: 0, Diff: 0, Sum: 0, Workers: 4
[130.415s][debug][gc,phases      ] GC(18)     Total                          Min: 0, Avg:  0.0, Max: 0, Diff: 0, Sum: 0, Workers: 4
[130.415s][debug][gc,phases      ] GC(18)   Weak JFR Old Object Samples    Min:  0.0, Avg:  0.0, Max:  0.0, Diff:  0.0, Sum:  0.0, Workers: 4
[130.415s][debug][gc,phases      ] GC(18)     Dead                           Min: 0, Avg:  0.0, Max: 0, Diff: 0, Sum: 0, Workers: 4
[130.415s][debug][gc,phases      ] GC(18)     Total                          Min: 0, Avg:  0.0, Max: 0, Diff: 0, Sum: 0, Workers: 4
[130.415s][debug][gc,phases      ] GC(18) Weak Processing 0.536ms
[130.415s][debug][gc,age         ] GC(18) Desired survivor size 384303104 bytes, new threshold 13 (max threshold 15)
[130.415s][info ][gc,heap        ] GC(18) PSYoungGen: 1568665K(1710080K)->259539K(1696256K) Eden: 1309184K(1309184K)->0K(1309184K) From: 259481K(400896K)->259539K(387072K)
[130.415s][info ][gc,heap        ] GC(18) ParOldGen: 87072K(151040K)->87080K(151040K)
[130.415s][info ][gc,metaspace   ] GC(18) Metaspace: 80815K(81856K)->80815K(81856K) NonClass: 69069K(69632K)->69069K(69632K) Class: 11745K(12224K)->11745K(12224K)
[130.415s][info ][gc             ] GC(18) Pause Young (Allocation Failure) 1616M->338M(1804M) 116.138ms
[130.415s][info ][gc,cpu         ] GC(18) User=0.34s Sys=0.00s Real=0.12s
[130.415s][info ][safepoint      ] Safepoint "ParallelGCFailedAllocation", Time since last: 141684723 ns, Reaching safepoint: 37700 ns, At safepoint: 116216227 ns, Total: 116253927 ns
[132.416s][info ][safepoint      ] Safepoint "Cleanup", Time since last: 2000155159 ns, Reaching safepoint: 63400 ns, At safepoint: 7300 ns, Total: 70700 ns
[137.416s][info ][safepoint      ] Safepoint "Cleanup", Time since last: 5000390533 ns, Reaching safepoint: 43800 ns, At safepoint: 2600 ns, Total: 46400 ns
[138.416s][info ][safepoint      ] Safepoint "Cleanup", Time since last: 1000105717 ns, Reaching safepoint: 47200 ns, At safepoint: 2600 ns, Total: 49800 ns
[139.416s][info ][safepoint      ] Safepoint "Cleanup", Time since last: 1000062818 ns, Reaching safepoint: 42800 ns, At safepoint: 2799 ns, Total: 45599 ns
[140.417s][info ][safepoint      ] Safepoint "Cleanup", Time since last: 1000108618 ns, Reaching safepoint: 45900 ns, At safepoint: 2300 ns, Total: 48200 ns
[141.417s][info ][safepoint      ] Safepoint "Cleanup", Time since last: 1000106617 ns, Reaching safepoint: 55799 ns, At safepoint: 2000 ns, Total: 57799 ns
[142.417s][info ][safepoint      ] Safepoint "Cleanup", Time since last: 1000102918 ns, Reaching safepoint: 54899 ns, At safepoint: 3200 ns, Total: 58099 ns
[143.417s][info ][safepoint      ] Safepoint "Cleanup", Time since last: 1000104418 ns, Reaching safepoint: 69799 ns, At safepoint: 3600 ns, Total: 73399 ns
[144.694s][info ][gc,start       ] GC(19) Pause Young (Allocation Failure)
[144.796s][debug][gc,phases      ] GC(19) Scavenge 102.450ms
[144.796s][debug][gc,ref         ] GC(19) Skipped phase 1 of Reference Processing: no references
[144.796s][debug][gc,ref         ] GC(19) ReferenceProcessor::execute queues: 4, RefProcThreadModel::Multi, marks_oops_alive: false
[144.797s][debug][gc,ref         ] GC(19) Skipped phase 3 of Reference Processing: no references
[144.797s][debug][gc,ref         ] GC(19) ReferenceProcessor::execute queues: 1, RefProcThreadModel::Single, marks_oops_alive: false
[144.797s][debug][gc,phases      ] GC(19) Reference Processing 0.602ms
[144.797s][debug][gc,phases      ] GC(19)   VM Weak                        Min:  0.0, Avg:  0.0, Max:  0.0, Diff:  0.0, Sum:  0.0, Workers: 4
[144.797s][debug][gc,phases      ] GC(19)     Dead                           Min: 0, Avg:  0.0, Max: 0, Diff: 0, Sum: 0, Workers: 4
[144.797s][debug][gc,phases      ] GC(19)     Total                          Min: 0, Avg: 206.2, Max: 505, Diff: 505, Sum: 825, Workers: 4
[144.797s][debug][gc,phases      ] GC(19)   ObjectSynchronizer Weak        Min:  0.0, Avg:  0.0, Max:  0.0, Diff:  0.0, Sum:  0.0, Workers: 4
[144.797s][debug][gc,phases      ] GC(19)     Dead                           Min: 0, Avg:  0.0, Max: 0, Diff: 0, Sum: 0, Workers: 4
[144.797s][debug][gc,phases      ] GC(19)     Total                          Min: 0, Avg: 14.5, Max: 58, Diff: 58, Sum: 58, Workers: 4
[144.797s][debug][gc,phases      ] GC(19)   JVMTI Tag Weak OopStorage      Min:  0.0, Avg:  0.0, Max:  0.0, Diff:  0.0, Sum:  0.0, Workers: 4
[144.797s][debug][gc,phases      ] GC(19)     Dead                           Min: 0, Avg:  0.0, Max: 0, Diff: 0, Sum: 0, Workers: 4
[144.797s][debug][gc,phases      ] GC(19)     Total                          Min: 0, Avg:  0.0, Max: 0, Diff: 0, Sum: 0, Workers: 4
[144.797s][debug][gc,phases      ] GC(19)   StringTable Weak               Min:  0.0, Avg:  0.2, Max:  0.4, Diff:  0.4, Sum:  0.8, Workers: 4
[144.797s][debug][gc,phases      ] GC(19)     Dead                           Min: 0, Avg:  0.0, Max: 0, Diff: 0, Sum: 0, Workers: 4
[144.797s][debug][gc,phases      ] GC(19)     Total                          Min: 0, Avg: 10897.0, Max: 22084, Diff: 22084, Sum: 43588, Workers: 4
[144.797s][debug][gc,phases      ] GC(19)   ResolvedMethodTable Weak       Min:  0.0, Avg:  0.1, Max:  0.1, Diff:  0.1, Sum:  0.3, Workers: 4
[144.797s][debug][gc,phases      ] GC(19)     Dead                           Min: 0, Avg:  0.0, Max: 0, Diff: 0, Sum: 0, Workers: 4
[144.797s][debug][gc,phases      ] GC(19)     Total                          Min: 0, Avg: 2376.0, Max: 6176, Diff: 6176, Sum: 9504, Workers: 4
[144.797s][debug][gc,phases      ] GC(19)   JNI Weak                       Min:  0.0, Avg:  0.0, Max:  0.0, Diff:  0.0, Sum:  0.0, Workers: 4
[144.797s][debug][gc,phases      ] GC(19)     Dead                           Min: 0, Avg:  0.0, Max: 0, Diff: 0, Sum: 0, Workers: 4
[144.797s][debug][gc,phases      ] GC(19)     Total                          Min: 0, Avg: 11.2, Max: 45, Diff: 45, Sum: 45, Workers: 4
[144.797s][debug][gc,phases      ] GC(19)   StringDedup Table Weak         Min:  0.0, Avg:  0.0, Max:  0.0, Diff:  0.0, Sum:  0.0, Workers: 4
[144.797s][debug][gc,phases      ] GC(19)     Dead                           Min: 0, Avg:  0.0, Max: 0, Diff: 0, Sum: 0, Workers: 4
[144.797s][debug][gc,phases      ] GC(19)     Total                          Min: 0, Avg:  0.0, Max: 0, Diff: 0, Sum: 0, Workers: 4
[144.797s][debug][gc,phases      ] GC(19)   StringDedup Requests0 Weak     Min:  0.0, Avg:  0.0, Max:  0.0, Diff:  0.0, Sum:  0.0, Workers: 4
[144.797s][debug][gc,phases      ] GC(19)     Dead                           Min: 0, Avg:  0.0, Max: 0, Diff: 0, Sum: 0, Workers: 4
[144.797s][debug][gc,phases      ] GC(19)     Total                          Min: 0, Avg:  0.0, Max: 0, Diff: 0, Sum: 0, Workers: 4
[144.797s][debug][gc,phases      ] GC(19)   StringDedup Requests1 Weak     Min:  0.0, Avg:  0.0, Max:  0.0, Diff:  0.0, Sum:  0.0, Workers: 4
[144.797s][debug][gc,phases      ] GC(19)     Dead                           Min: 0, Avg:  0.0, Max: 0, Diff: 0, Sum: 0, Workers: 4
[144.797s][debug][gc,phases      ] GC(19)     Total                          Min: 0, Avg:  0.0, Max: 0, Diff: 0, Sum: 0, Workers: 4
[144.797s][debug][gc,phases      ] GC(19)   Weak JFR Old Object Samples    Min:  0.0, Avg:  0.0, Max:  0.0, Diff:  0.0, Sum:  0.0, Workers: 4
[144.797s][debug][gc,phases      ] GC(19)     Dead                           Min: 0, Avg:  0.0, Max: 0, Diff: 0, Sum: 0, Workers: 4
[144.797s][debug][gc,phases      ] GC(19)     Total                          Min: 0, Avg:  0.0, Max: 0, Diff: 0, Sum: 0, Workers: 4
[144.797s][debug][gc,phases      ] GC(19) Weak Processing 0.692ms
[144.797s][debug][gc,age         ] GC(19) Desired survivor size 372768768 bytes, new threshold 14 (max threshold 15)
[144.797s][info ][gc,heap        ] GC(19) PSYoungGen: 1568723K(1696256K)->259484K(1733120K) Eden: 1309184K(1309184K)->0K(1357824K) From: 259539K(387072K)->259484K(375296K)
[144.797s][info ][gc,heap        ] GC(19) ParOldGen: 87080K(151040K)->87088K(151040K)
[144.797s][info ][gc,metaspace   ] GC(19) Metaspace: 80883K(81920K)->80883K(81920K) NonClass: 69136K(69696K)->69136K(69696K) Class: 11747K(12224K)->11747K(12224K)
[144.797s][info ][gc             ] GC(19) Pause Young (Allocation Failure) 1616M->338M(1840M) 103.859ms
[144.797s][info ][gc,cpu         ] GC(19) User=0.31s Sys=0.01s Real=0.11s
[144.797s][info ][safepoint      ] Safepoint "ParallelGCFailedAllocation", Time since last: 1276454885 ns, Reaching safepoint: 60100 ns, At safepoint: 103929974 ns, Total: 103990074 ns
[145.798s][info ][safepoint      ] Safepoint "Cleanup", Time since last: 1000082807 ns, Reaching safepoint: 39400 ns, At safepoint: 2700 ns, Total: 42100 ns
[146.798s][info ][safepoint      ] Safepoint "Cleanup", Time since last: 1000102707 ns, Reaching safepoint: 56299 ns, At safepoint: 5800 ns, Total: 62099 ns
[147.798s][info ][safepoint      ] Safepoint "Cleanup", Time since last: 1000115807 ns, Reaching safepoint: 119099 ns, At safepoint: 5200 ns, Total: 124299 ns
[148.798s][info ][safepoint      ] Safepoint "Cleanup", Time since last: 1000114407 ns, Reaching safepoint: 52400 ns, At safepoint: 2800 ns, Total: 55200 ns
[149.798s][info ][safepoint      ] Safepoint "Cleanup", Time since last: 1000123606 ns, Reaching safepoint: 37700 ns, At safepoint: 2500 ns, Total: 40200 ns
[150.798s][info ][safepoint      ] Safepoint "Cleanup", Time since last: 1000118207 ns, Reaching safepoint: 37700 ns, At safepoint: 2600 ns, Total: 40300 ns
[151.799s][info ][safepoint      ] Safepoint "Cleanup", Time since last: 1000109006 ns, Reaching safepoint: 46800 ns, At safepoint: 2100 ns, Total: 48900 ns
[152.799s][info ][safepoint      ] Safepoint "Cleanup", Time since last: 1000106903 ns, Reaching safepoint: 61400 ns, At safepoint: 2100 ns, Total: 63500 ns
[153.799s][info ][safepoint      ] Safepoint "Cleanup", Time since last: 1000090599 ns, Reaching safepoint: 44200 ns, At safepoint: 2600 ns, Total: 46800 ns
[154.799s][info ][safepoint      ] Safepoint "Cleanup", Time since last: 1000097099 ns, Reaching safepoint: 112100 ns, At safepoint: 6900 ns, Total: 119000 ns
[155.799s][info ][safepoint      ] Safepoint "Cleanup", Time since last: 1000114699 ns, Reaching safepoint: 120999 ns, At safepoint: 7700 ns, Total: 128699 ns
[156.800s][info ][safepoint      ] Safepoint "Cleanup", Time since last: 1000122799 ns, Reaching safepoint: 127300 ns, At safepoint: 4300 ns, Total: 131600 ns
[157.800s][info ][safepoint      ] Safepoint "Cleanup", Time since last: 1000110199 ns, Reaching safepoint: 38900 ns, At safepoint: 6700 ns, Total: 45600 ns
[158.800s][info ][safepoint      ] Safepoint "Cleanup", Time since last: 1000109699 ns, Reaching safepoint: 50400 ns, At safepoint: 6000 ns, Total: 56400 ns
[159.641s][info ][gc,start       ] GC(20) Pause Young (Allocation Failure)
[159.744s][debug][gc,phases      ] GC(20) Scavenge 103.538ms
[159.744s][debug][gc,ref         ] GC(20) Skipped phase 1 of Reference Processing: no references
[159.744s][debug][gc,ref         ] GC(20) ReferenceProcessor::execute queues: 4, RefProcThreadModel::Multi, marks_oops_alive: false
[159.745s][debug][gc,ref         ] GC(20) Skipped phase 3 of Reference Processing: no references
[159.745s][debug][gc,ref         ] GC(20) ReferenceProcessor::execute queues: 1, RefProcThreadModel::Single, marks_oops_alive: false
[159.745s][debug][gc,phases      ] GC(20) Reference Processing 0.439ms
[159.745s][debug][gc,phases      ] GC(20)   VM Weak                        Min:  0.0, Avg:  0.0, Max:  0.0, Diff:  0.0, Sum:  0.0, Workers: 4
[159.745s][debug][gc,phases      ] GC(20)     Dead                           Min: 0, Avg:  0.0, Max: 0, Diff: 0, Sum: 0, Workers: 4
[159.745s][debug][gc,phases      ] GC(20)     Total                          Min: 0, Avg: 206.2, Max: 569, Diff: 569, Sum: 825, Workers: 4
[159.745s][debug][gc,phases      ] GC(20)   ObjectSynchronizer Weak        Min:  0.0, Avg:  0.0, Max:  0.0, Diff:  0.0, Sum:  0.0, Workers: 4
[159.745s][debug][gc,phases      ] GC(20)     Dead                           Min: 0, Avg:  0.0, Max: 0, Diff: 0, Sum: 0, Workers: 4
[159.745s][debug][gc,phases      ] GC(20)     Total                          Min: 0, Avg: 14.5, Max: 58, Diff: 58, Sum: 58, Workers: 4
[159.745s][debug][gc,phases      ] GC(20)   JVMTI Tag Weak OopStorage      Min:  0.0, Avg:  0.0, Max:  0.0, Diff:  0.0, Sum:  0.0, Workers: 4
[159.745s][debug][gc,phases      ] GC(20)     Dead                           Min: 0, Avg:  0.0, Max: 0, Diff: 0, Sum: 0, Workers: 4
[159.745s][debug][gc,phases      ] GC(20)     Total                          Min: 0, Avg:  0.0, Max: 0, Diff: 0, Sum: 0, Workers: 4
[159.745s][debug][gc,phases      ] GC(20)   StringTable Weak               Min:  0.0, Avg:  0.2, Max:  0.3, Diff:  0.3, Sum:  0.8, Workers: 4
[159.745s][debug][gc,phases      ] GC(20)     Dead                           Min: 0, Avg:  0.0, Max: 0, Diff: 0, Sum: 0, Workers: 4
[159.745s][debug][gc,phases      ] GC(20)     Total                          Min: 0, Avg: 10898.0, Max: 15112, Diff: 15112, Sum: 43592, Workers: 4
[159.745s][debug][gc,phases      ] GC(20)   ResolvedMethodTable Weak       Min:  0.0, Avg:  0.1, Max:  0.1, Diff:  0.1, Sum:  0.3, Workers: 4
[159.745s][debug][gc,phases      ] GC(20)     Dead                           Min: 0, Avg:  0.0, Max: 0, Diff: 0, Sum: 0, Workers: 4
[159.745s][debug][gc,phases      ] GC(20)     Total                          Min: 0, Avg: 2376.0, Max: 3520, Diff: 3520, Sum: 9504, Workers: 4
[159.745s][debug][gc,phases      ] GC(20)   JNI Weak                       Min:  0.0, Avg:  0.0, Max:  0.0, Diff:  0.0, Sum:  0.0, Workers: 4
[159.745s][debug][gc,phases      ] GC(20)     Dead                           Min: 0, Avg:  0.0, Max: 0, Diff: 0, Sum: 0, Workers: 4
[159.745s][debug][gc,phases      ] GC(20)     Total                          Min: 0, Avg: 11.2, Max: 45, Diff: 45, Sum: 45, Workers: 4
[159.745s][debug][gc,phases      ] GC(20)   StringDedup Table Weak         Min:  0.0, Avg:  0.0, Max:  0.0, Diff:  0.0, Sum:  0.0, Workers: 4
[159.745s][debug][gc,phases      ] GC(20)     Dead                           Min: 0, Avg:  0.0, Max: 0, Diff: 0, Sum: 0, Workers: 4
[159.745s][debug][gc,phases      ] GC(20)     Total                          Min: 0, Avg:  0.0, Max: 0, Diff: 0, Sum: 0, Workers: 4
[159.745s][debug][gc,phases      ] GC(20)   StringDedup Requests0 Weak     Min:  0.0, Avg:  0.0, Max:  0.0, Diff:  0.0, Sum:  0.0, Workers: 4
[159.745s][debug][gc,phases      ] GC(20)     Dead                           Min: 0, Avg:  0.0, Max: 0, Diff: 0, Sum: 0, Workers: 4
[159.745s][debug][gc,phases      ] GC(20)     Total                          Min: 0, Avg:  0.0, Max: 0, Diff: 0, Sum: 0, Workers: 4
[159.745s][debug][gc,phases      ] GC(20)   StringDedup Requests1 Weak     Min:  0.0, Avg:  0.0, Max:  0.0, Diff:  0.0, Sum:  0.0, Workers: 4
[159.745s][debug][gc,phases      ] GC(20)     Dead                           Min: 0, Avg:  0.0, Max: 0, Diff: 0, Sum: 0, Workers: 4
[159.745s][debug][gc,phases      ] GC(20)     Total                          Min: 0, Avg:  0.0, Max: 0, Diff: 0, Sum: 0, Workers: 4
[159.745s][debug][gc,phases      ] GC(20)   Weak JFR Old Object Samples    Min:  0.0, Avg:  0.0, Max:  0.0, Diff:  0.0, Sum:  0.0, Workers: 4
[159.745s][debug][gc,phases      ] GC(20)     Dead                           Min: 0, Avg:  0.0, Max: 0, Diff: 0, Sum: 0, Workers: 4
[159.745s][debug][gc,phases      ] GC(20)     Total                          Min: 0, Avg:  0.0, Max: 0, Diff: 0, Sum: 0, Workers: 4
[159.745s][debug][gc,phases      ] GC(20) Weak Processing 0.509ms
[159.745s][debug][gc,age         ] GC(20) Desired survivor size 362807296 bytes, new threshold 15 (max threshold 15)
[159.745s][info ][gc,heap        ] GC(20) PSYoungGen: 1617308K(1733120K)->259481K(1721856K) Eden: 1357824K(1357824K)->0K(1357824K) From: 259484K(375296K)->259481K(364032K)
[159.745s][info ][gc,heap        ] GC(20) ParOldGen: 87088K(151040K)->87096K(151040K)
[159.745s][info ][gc,metaspace   ] GC(20) Metaspace: 80947K(81984K)->80947K(81984K) NonClass: 69200K(69760K)->69200K(69760K) Class: 11747K(12224K)->11747K(12224K)
[159.745s][info ][gc             ] GC(20) Pause Young (Allocation Failure) 1664M->338M(1829M) 104.623ms
[159.745s][info ][gc,cpu         ] GC(20) User=0.32s Sys=0.00s Real=0.10s
[159.745s][info ][safepoint      ] Safepoint "ParallelGCFailedAllocation", Time since last: 840623453 ns, Reaching safepoint: 45400 ns, At safepoint: 104697971 ns, Total: 104743371 ns
[160.746s][info ][safepoint      ] Safepoint "Cleanup", Time since last: 1000093305 ns, Reaching safepoint: 129099 ns, At safepoint: 5900 ns, Total: 134999 ns
[162.746s][info ][safepoint      ] Safepoint "Cleanup", Time since last: 2000177624 ns, Reaching safepoint: 107900 ns, At safepoint: 3300 ns, Total: 111200 ns
[165.746s][info ][safepoint      ] Safepoint "Cleanup", Time since last: 3000227536 ns, Reaching safepoint: 119599 ns, At safepoint: 5200 ns, Total: 124799 ns
[166.747s][info ][safepoint      ] Safepoint "Cleanup", Time since last: 1000452511 ns, Reaching safepoint: 125099 ns, At safepoint: 8800 ns, Total: 133899 ns
[167.870s][info ][safepoint      ] Safepoint "Cleanup", Time since last: 1123178709 ns, Reaching safepoint: 58200 ns, At safepoint: 2500 ns, Total: 60700 ns
[168.870s][info ][safepoint      ] Safepoint "Cleanup", Time since last: 1000119432 ns, Reaching safepoint: 49500 ns, At safepoint: 2800 ns, Total: 52300 ns
[174.692s][info ][gc,start       ] GC(21) Pause Young (Allocation Failure)
[174.794s][debug][gc,phases      ] GC(21) Scavenge 101.498ms
[174.794s][debug][gc,ref         ] GC(21) Skipped phase 1 of Reference Processing: no references
[174.794s][debug][gc,ref         ] GC(21) ReferenceProcessor::execute queues: 4, RefProcThreadModel::Multi, marks_oops_alive: false
[174.795s][debug][gc,ref         ] GC(21) Skipped phase 3 of Reference Processing: no references
[174.795s][debug][gc,ref         ] GC(21) ReferenceProcessor::execute queues: 1, RefProcThreadModel::Single, marks_oops_alive: false
[174.795s][debug][gc,phases      ] GC(21) Reference Processing 0.581ms
[174.795s][debug][gc,phases      ] GC(21)   VM Weak                        Min:  0.0, Avg:  0.0, Max:  0.0, Diff:  0.0, Sum:  0.0, Workers: 4
[174.795s][debug][gc,phases      ] GC(21)     Dead                           Min: 0, Avg:  0.0, Max: 0, Diff: 0, Sum: 0, Workers: 4
[174.795s][debug][gc,phases      ] GC(21)     Total                          Min: 0, Avg: 206.2, Max: 576, Diff: 576, Sum: 825, Workers: 4
[174.795s][debug][gc,phases      ] GC(21)   ObjectSynchronizer Weak        Min:  0.0, Avg:  0.0, Max:  0.0, Diff:  0.0, Sum:  0.0, Workers: 4
[174.795s][debug][gc,phases      ] GC(21)     Dead                           Min: 0, Avg:  0.0, Max: 0, Diff: 0, Sum: 0, Workers: 4
[174.795s][debug][gc,phases      ] GC(21)     Total                          Min: 0, Avg: 14.5, Max: 58, Diff: 58, Sum: 58, Workers: 4
[174.795s][debug][gc,phases      ] GC(21)   JVMTI Tag Weak OopStorage      Min:  0.0, Avg:  0.0, Max:  0.0, Diff:  0.0, Sum:  0.0, Workers: 4
[174.795s][debug][gc,phases      ] GC(21)     Dead                           Min: 0, Avg:  0.0, Max: 0, Diff: 0, Sum: 0, Workers: 4
[174.795s][debug][gc,phases      ] GC(21)     Total                          Min: 0, Avg:  0.0, Max: 0, Diff: 0, Sum: 0, Workers: 4
[174.795s][debug][gc,phases      ] GC(21)   StringTable Weak               Min:  0.0, Avg:  0.2, Max:  0.3, Diff:  0.3, Sum:  0.8, Workers: 4
[174.795s][debug][gc,phases      ] GC(21)     Dead                           Min: 0, Avg:  0.0, Max: 0, Diff: 0, Sum: 0, Workers: 4
[174.795s][debug][gc,phases      ] GC(21)     Total                          Min: 0, Avg: 10905.5, Max: 15616, Diff: 15616, Sum: 43622, Workers: 4
[174.795s][debug][gc,phases      ] GC(21)   ResolvedMethodTable Weak       Min:  0.0, Avg:  0.1, Max:  0.1, Diff:  0.1, Sum:  0.2, Workers: 4
[174.795s][debug][gc,phases      ] GC(21)     Dead                           Min: 0, Avg:  0.0, Max: 0, Diff: 0, Sum: 0, Workers: 4
[174.795s][debug][gc,phases      ] GC(21)     Total                          Min: 0, Avg: 2376.0, Max: 3520, Diff: 3520, Sum: 9504, Workers: 4
[174.795s][debug][gc,phases      ] GC(21)   JNI Weak                       Min:  0.0, Avg:  0.0, Max:  0.0, Diff:  0.0, Sum:  0.0, Workers: 4
[174.795s][debug][gc,phases      ] GC(21)     Dead                           Min: 0, Avg:  0.0, Max: 0, Diff: 0, Sum: 0, Workers: 4
[174.795s][debug][gc,phases      ] GC(21)     Total                          Min: 0, Avg: 11.2, Max: 45, Diff: 45, Sum: 45, Workers: 4
[174.795s][debug][gc,phases      ] GC(21)   StringDedup Table Weak         Min:  0.0, Avg:  0.0, Max:  0.0, Diff:  0.0, Sum:  0.0, Workers: 4
[174.795s][debug][gc,phases      ] GC(21)     Dead                           Min: 0, Avg:  0.0, Max: 0, Diff: 0, Sum: 0, Workers: 4
[174.795s][debug][gc,phases      ] GC(21)     Total                          Min: 0, Avg:  0.0, Max: 0, Diff: 0, Sum: 0, Workers: 4
[174.795s][debug][gc,phases      ] GC(21)   StringDedup Requests0 Weak     Min:  0.0, Avg:  0.0, Max:  0.0, Diff:  0.0, Sum:  0.0, Workers: 4
[174.795s][debug][gc,phases      ] GC(21)     Dead                           Min: 0, Avg:  0.0, Max: 0, Diff: 0, Sum: 0, Workers: 4
[174.795s][debug][gc,phases      ] GC(21)     Total                          Min: 0, Avg:  0.0, Max: 0, Diff: 0, Sum: 0, Workers: 4
[174.795s][debug][gc,phases      ] GC(21)   StringDedup Requests1 Weak     Min:  0.0, Avg:  0.0, Max:  0.0, Diff:  0.0, Sum:  0.0, Workers: 4
[174.795s][debug][gc,phases      ] GC(21)     Dead                           Min: 0, Avg:  0.0, Max: 0, Diff: 0, Sum: 0, Workers: 4
[174.795s][debug][gc,phases      ] GC(21)     Total                          Min: 0, Avg:  0.0, Max: 0, Diff: 0, Sum: 0, Workers: 4
[174.795s][debug][gc,phases      ] GC(21)   Weak JFR Old Object Samples    Min:  0.0, Avg:  0.0, Max:  0.0, Diff:  0.0, Sum:  0.0, Workers: 4
[174.795s][debug][gc,phases      ] GC(21)     Dead                           Min: 0, Avg:  0.0, Max: 0, Diff: 0, Sum: 0, Workers: 4
[174.795s][debug][gc,phases      ] GC(21)     Total                          Min: 0, Avg:  0.0, Max: 0, Diff: 0, Sum: 0, Workers: 4
[174.795s][debug][gc,phases      ] GC(21) Weak Processing 0.521ms
[174.795s][debug][gc,age         ] GC(21) Desired survivor size 353370112 bytes, new threshold 15 (max threshold 15)
[174.795s][info ][gc,heap        ] GC(21) PSYoungGen: 1617305K(1721856K)->259482K(1752064K) Eden: 1357824K(1357824K)->0K(1397760K) From: 259481K(364032K)->259482K(354304K)
[174.795s][info ][gc,heap        ] GC(21) ParOldGen: 87096K(151040K)->87104K(151040K)
[174.795s][info ][gc,metaspace   ] GC(21) Metaspace: 80958K(81984K)->80958K(81984K) NonClass: 69211K(69760K)->69211K(69760K) Class: 11747K(12224K)->11747K(12224K)
[174.795s][info ][gc             ] GC(21) Pause Young (Allocation Failure) 1664M->338M(1858M) 102.743ms
[174.795s][info ][gc,cpu         ] GC(21) User=0.31s Sys=0.01s Real=0.11s
[174.795s][info ][safepoint      ] Safepoint "ParallelGCFailedAllocation", Time since last: 5822139911 ns, Reaching safepoint: 25000 ns, At safepoint: 102809484 ns, Total: 102834484 ns
[178.796s][info ][safepoint      ] Safepoint "Cleanup", Time since last: 4000306032 ns, Reaching safepoint: 126299 ns, At safepoint: 5200 ns, Total: 131499 ns
[179.796s][info ][safepoint      ] Safepoint "Cleanup", Time since last: 1000115684 ns, Reaching safepoint: 126700 ns, At safepoint: 6900 ns, Total: 133600 ns
[180.796s][info ][safepoint      ] Safepoint "Cleanup", Time since last: 1000114283 ns, Reaching safepoint: 116900 ns, At safepoint: 6100 ns, Total: 123000 ns
[181.796s][info ][safepoint      ] Safepoint "Cleanup", Time since last: 1000116084 ns, Reaching safepoint: 122599 ns, At safepoint: 4600 ns, Total: 127199 ns
[184.797s][info ][safepoint      ] Safepoint "Cleanup", Time since last: 3000249689 ns, Reaching safepoint: 42099 ns, At safepoint: 3700 ns, Total: 45799 ns
[185.797s][info ][safepoint      ] Safepoint "Cleanup", Time since last: 1000085355 ns, Reaching safepoint: 30900 ns, At safepoint: 2300 ns, Total: 33200 ns
[186.797s][info ][safepoint      ] Safepoint "Cleanup", Time since last: 1000096755 ns, Reaching safepoint: 39700 ns, At safepoint: 2900 ns, Total: 42600 ns
[187.797s][info ][safepoint      ] Safepoint "Cleanup", Time since last: 1000108555 ns, Reaching safepoint: 53699 ns, At safepoint: 5800 ns, Total: 59499 ns
[188.797s][info ][safepoint      ] Safepoint "Cleanup", Time since last: 1000116255 ns, Reaching safepoint: 113400 ns, At safepoint: 4600 ns, Total: 118000 ns
[190.045s][info ][gc,start       ] GC(22) Pause Young (Allocation Failure)
[190.188s][debug][gc,phases      ] GC(22) Scavenge 143.125ms
[190.188s][debug][gc,ref         ] GC(22) Skipped phase 1 of Reference Processing: no references
[190.188s][debug][gc,ref         ] GC(22) ReferenceProcessor::execute queues: 2, RefProcThreadModel::Multi, marks_oops_alive: false
[190.188s][debug][gc,ref         ] GC(22) Skipped phase 3 of Reference Processing: no references
[190.188s][debug][gc,ref         ] GC(22) ReferenceProcessor::execute queues: 1, RefProcThreadModel::Single, marks_oops_alive: false
[190.188s][debug][gc,phases      ] GC(22) Reference Processing 0.256ms
[190.189s][debug][gc,phases      ] GC(22)   VM Weak                        Min:  0.0, Avg:  0.0, Max:  0.0, Diff:  0.0, Sum:  0.0, Workers: 4
[190.189s][debug][gc,phases      ] GC(22)     Dead                           Min: 0, Avg:  0.0, Max: 0, Diff: 0, Sum: 0, Workers: 4
[190.189s][debug][gc,phases      ] GC(22)     Total                          Min: 0, Avg: 206.2, Max: 441, Diff: 441, Sum: 825, Workers: 4
[190.189s][debug][gc,phases      ] GC(22)   ObjectSynchronizer Weak        Min:  0.0, Avg:  0.0, Max:  0.0, Diff:  0.0, Sum:  0.0, Workers: 4
[190.189s][debug][gc,phases      ] GC(22)     Dead                           Min: 0, Avg:  0.0, Max: 0, Diff: 0, Sum: 0, Workers: 4
[190.189s][debug][gc,phases      ] GC(22)     Total                          Min: 0, Avg: 14.5, Max: 58, Diff: 58, Sum: 58, Workers: 4
[190.189s][debug][gc,phases      ] GC(22)   JVMTI Tag Weak OopStorage      Min:  0.0, Avg:  0.0, Max:  0.0, Diff:  0.0, Sum:  0.0, Workers: 4
[190.189s][debug][gc,phases      ] GC(22)     Dead                           Min: 0, Avg:  0.0, Max: 0, Diff: 0, Sum: 0, Workers: 4
[190.189s][debug][gc,phases      ] GC(22)     Total                          Min: 0, Avg:  0.0, Max: 0, Diff: 0, Sum: 0, Workers: 4
[190.189s][debug][gc,phases      ] GC(22)   StringTable Weak               Min:  0.0, Avg:  0.2, Max:  0.2, Diff:  0.2, Sum:  0.7, Workers: 4
[190.189s][debug][gc,phases      ] GC(22)     Dead                           Min: 0, Avg:  0.0, Max: 0, Diff: 0, Sum: 0, Workers: 4
[190.189s][debug][gc,phases      ] GC(22)     Total                          Min: 0, Avg: 10910.2, Max: 14976, Diff: 14976, Sum: 43641, Workers: 4
[190.189s][debug][gc,phases      ] GC(22)   ResolvedMethodTable Weak       Min:  0.0, Avg:  0.1, Max:  0.1, Diff:  0.1, Sum:  0.3, Workers: 4
[190.189s][debug][gc,phases      ] GC(22)     Dead                           Min: 0, Avg:  0.0, Max: 0, Diff: 0, Sum: 0, Workers: 4
[190.189s][debug][gc,phases      ] GC(22)     Total                          Min: 0, Avg: 2376.8, Max: 3584, Diff: 3584, Sum: 9507, Workers: 4
[190.189s][debug][gc,phases      ] GC(22)   JNI Weak                       Min:  0.0, Avg:  0.0, Max:  0.0, Diff:  0.0, Sum:  0.0, Workers: 4
[190.189s][debug][gc,phases      ] GC(22)     Dead                           Min: 0, Avg:  0.0, Max: 0, Diff: 0, Sum: 0, Workers: 4
[190.189s][debug][gc,phases      ] GC(22)     Total                          Min: 0, Avg: 11.2, Max: 45, Diff: 45, Sum: 45, Workers: 4
[190.189s][debug][gc,phases      ] GC(22)   StringDedup Table Weak         Min:  0.0, Avg:  0.0, Max:  0.0, Diff:  0.0, Sum:  0.0, Workers: 4
[190.189s][debug][gc,phases      ] GC(22)     Dead                           Min: 0, Avg:  0.0, Max: 0, Diff: 0, Sum: 0, Workers: 4
[190.189s][debug][gc,phases      ] GC(22)     Total                          Min: 0, Avg:  0.0, Max: 0, Diff: 0, Sum: 0, Workers: 4
[190.189s][debug][gc,phases      ] GC(22)   StringDedup Requests0 Weak     Min:  0.0, Avg:  0.0, Max:  0.0, Diff:  0.0, Sum:  0.0, Workers: 4
[190.189s][debug][gc,phases      ] GC(22)     Dead                           Min: 0, Avg:  0.0, Max: 0, Diff: 0, Sum: 0, Workers: 4
[190.189s][debug][gc,phases      ] GC(22)     Total                          Min: 0, Avg:  0.0, Max: 0, Diff: 0, Sum: 0, Workers: 4
[190.189s][debug][gc,phases      ] GC(22)   StringDedup Requests1 Weak     Min:  0.0, Avg:  0.0, Max:  0.0, Diff:  0.0, Sum:  0.0, Workers: 4
[190.189s][debug][gc,phases      ] GC(22)     Dead                           Min: 0, Avg:  0.0, Max: 0, Diff: 0, Sum: 0, Workers: 4
[190.189s][debug][gc,phases      ] GC(22)     Total                          Min: 0, Avg:  0.0, Max: 0, Diff: 0, Sum: 0, Workers: 4
[190.189s][debug][gc,phases      ] GC(22)   Weak JFR Old Object Samples    Min:  0.0, Avg:  0.0, Max:  0.0, Diff:  0.0, Sum:  0.0, Workers: 4
[190.189s][debug][gc,phases      ] GC(22)     Dead                           Min: 0, Avg:  0.0, Max: 0, Diff: 0, Sum: 0, Workers: 4
[190.189s][debug][gc,phases      ] GC(22)     Total                          Min: 0, Avg:  0.0, Max: 0, Diff: 0, Sum: 0, Workers: 4
[190.189s][debug][gc,phases      ] GC(22) Weak Processing 0.487ms
[190.189s][debug][gc,age         ] GC(22) Desired survivor size 367525888 bytes, new threshold 15 (max threshold 15)
[190.189s][info ][gc,heap        ] GC(22) PSYoungGen: 1657242K(1752064K)->129451K(1527296K) Eden: 1397760K(1397760K)->0K(1397760K) From: 259482K(354304K)->129451K(129536K)
[190.189s][info ][gc,heap        ] GC(22) ParOldGen: 87104K(151040K)->220135K(220160K)
[190.189s][info ][gc,metaspace   ] GC(22) Metaspace: 80978K(81984K)->80978K(81984K) NonClass: 69229K(69760K)->69229K(69760K) Class: 11749K(12224K)->11749K(12224K)
[190.189s][info ][gc             ] GC(22) Pause Young (Allocation Failure) 1703M->341M(1706M) 143.986ms
[190.189s][info ][gc,cpu         ] GC(22) User=0.35s Sys=0.06s Real=0.15s
[190.189s][debug][gc,phases      ] GC(23) Pre Compact 0.008ms
[190.189s][info ][gc,start       ] GC(23) Pause Full (Ergonomics)
[190.189s][info ][gc,phases,start] GC(23) Marking Phase
[190.360s][debug][gc,phases      ] GC(23) Par Mark 170.746ms
[190.360s][debug][gc,ref         ] GC(23) Skipped phase 1 of Reference Processing: no references
[190.360s][debug][gc,ref         ] GC(23) ReferenceProcessor::execute queues: 4, RefProcThreadModel::Multi, marks_oops_alive: false
[190.361s][debug][gc,ref         ] GC(23) Skipped phase 3 of Reference Processing: no references
[190.361s][debug][gc,ref         ] GC(23) ReferenceProcessor::execute queues: 1, RefProcThreadModel::Single, marks_oops_alive: false
[190.361s][debug][gc,phases      ] GC(23) Reference Processing 0.962ms
[190.361s][debug][gc,phases      ] GC(23)   VM Weak                        Min:  0.0, Avg:  0.0, Max:  0.0, Diff:  0.0, Sum:  0.0, Workers: 4
[190.361s][debug][gc,phases      ] GC(23)     Dead                           Min: 0, Avg:  0.0, Max: 0, Diff: 0, Sum: 0, Workers: 4
[190.361s][debug][gc,phases      ] GC(23)     Total                          Min: 0, Avg: 206.2, Max: 505, Diff: 505, Sum: 825, Workers: 4
[190.361s][debug][gc,phases      ] GC(23)   ObjectSynchronizer Weak        Min:  0.0, Avg:  0.0, Max:  0.0, Diff:  0.0, Sum:  0.0, Workers: 4
[190.361s][debug][gc,phases      ] GC(23)     Dead                           Min: 0, Avg:  0.0, Max: 0, Diff: 0, Sum: 0, Workers: 4
[190.361s][debug][gc,phases      ] GC(23)     Total                          Min: 0, Avg: 14.5, Max: 58, Diff: 58, Sum: 58, Workers: 4
[190.361s][debug][gc,phases      ] GC(23)   JVMTI Tag Weak OopStorage      Min:  0.0, Avg:  0.0, Max:  0.0, Diff:  0.0, Sum:  0.0, Workers: 4
[190.361s][debug][gc,phases      ] GC(23)     Dead                           Min: 0, Avg:  0.0, Max: 0, Diff: 0, Sum: 0, Workers: 4
[190.361s][debug][gc,phases      ] GC(23)     Total                          Min: 0, Avg:  0.0, Max: 0, Diff: 0, Sum: 0, Workers: 4
[190.361s][debug][gc,phases      ] GC(23)   StringTable Weak               Min:  0.0, Avg:  0.1, Max:  0.3, Diff:  0.3, Sum:  0.5, Workers: 4
[190.361s][debug][gc,phases      ] GC(23)     Dead                           Min: 0, Avg:  0.0, Max: 0, Diff: 0, Sum: 0, Workers: 4
[190.361s][debug][gc,phases      ] GC(23)     Total                          Min: 0, Avg: 10910.2, Max: 21696, Diff: 21696, Sum: 43641, Workers: 4
[190.361s][debug][gc,phases      ] GC(23)   ResolvedMethodTable Weak       Min:  0.0, Avg:  0.0, Max:  0.0, Diff:  0.0, Sum:  0.1, Workers: 4
[190.361s][debug][gc,phases      ] GC(23)     Dead                           Min: 0, Avg:  0.0, Max: 0, Diff: 0, Sum: 0, Workers: 4
[190.361s][debug][gc,phases      ] GC(23)     Total                          Min: 0, Avg: 2376.8, Max: 3555, Diff: 3555, Sum: 9507, Workers: 4
[190.361s][debug][gc,phases      ] GC(23)   JNI Weak                       Min:  0.0, Avg:  0.0, Max:  0.0, Diff:  0.0, Sum:  0.0, Workers: 4
[190.361s][debug][gc,phases      ] GC(23)     Dead                           Min: 0, Avg:  0.0, Max: 0, Diff: 0, Sum: 0, Workers: 4
[190.361s][debug][gc,phases      ] GC(23)     Total                          Min: 0, Avg: 11.2, Max: 45, Diff: 45, Sum: 45, Workers: 4
[190.361s][debug][gc,phases      ] GC(23)   StringDedup Table Weak         Min:  0.0, Avg:  0.0, Max:  0.0, Diff:  0.0, Sum:  0.0, Workers: 4
[190.361s][debug][gc,phases      ] GC(23)     Dead                           Min: 0, Avg:  0.0, Max: 0, Diff: 0, Sum: 0, Workers: 4
[190.361s][debug][gc,phases      ] GC(23)     Total                          Min: 0, Avg:  0.0, Max: 0, Diff: 0, Sum: 0, Workers: 4
[190.361s][debug][gc,phases      ] GC(23)   StringDedup Requests0 Weak     Min:  0.0, Avg:  0.0, Max:  0.0, Diff:  0.0, Sum:  0.0, Workers: 4
[190.361s][debug][gc,phases      ] GC(23)     Dead                           Min: 0, Avg:  0.0, Max: 0, Diff: 0, Sum: 0, Workers: 4
[190.361s][debug][gc,phases      ] GC(23)     Total                          Min: 0, Avg:  0.0, Max: 0, Diff: 0, Sum: 0, Workers: 4
[190.361s][debug][gc,phases      ] GC(23)   StringDedup Requests1 Weak     Min:  0.0, Avg:  0.0, Max:  0.0, Diff:  0.0, Sum:  0.0, Workers: 4
[190.361s][debug][gc,phases      ] GC(23)     Dead                           Min: 0, Avg:  0.0, Max: 0, Diff: 0, Sum: 0, Workers: 4
[190.361s][debug][gc,phases      ] GC(23)     Total                          Min: 0, Avg:  0.0, Max: 0, Diff: 0, Sum: 0, Workers: 4
[190.361s][debug][gc,phases      ] GC(23)   Weak JFR Old Object Samples    Min:  0.0, Avg:  0.0, Max:  0.0, Diff:  0.0, Sum:  0.0, Workers: 4
[190.361s][debug][gc,phases      ] GC(23)     Dead                           Min: 0, Avg:  0.0, Max: 0, Diff: 0, Sum: 0, Workers: 4
[190.361s][debug][gc,phases      ] GC(23)     Total                          Min: 0, Avg:  0.0, Max: 0, Diff: 0, Sum: 0, Workers: 4
[190.361s][debug][gc,phases      ] GC(23) Weak Processing 0.495ms
[190.361s][debug][gc,phases      ] GC(23) ClassLoaderData 0.095ms
[190.361s][debug][gc,phases      ] GC(23) Trigger cleanups 0.000ms
[190.378s][debug][gc,phases      ] GC(23) Class Unloading 17.140ms
[190.378s][info ][gc,phases      ] GC(23) Marking Phase 189.521ms
[190.378s][info ][gc,phases,start] GC(23) Summary Phase
[190.378s][info ][gc,phases      ] GC(23) Summary Phase 0.009ms
[190.378s][info ][gc,phases,start] GC(23) Adjust Roots
[190.398s][info ][gc,phases      ] GC(23) Adjust Roots 20.123ms
[190.399s][info ][gc,phases,start] GC(23) Compaction Phase
[190.969s][info ][gc,phases      ] GC(23) Compaction Phase 570.736ms
[190.969s][info ][gc,phases,start] GC(23) Post Compact
[190.971s][info ][gc,phases      ] GC(23) Post Compact 1.289ms
[190.971s][info ][gc,heap        ] GC(23) PSYoungGen: 129451K(1527296K)->127614K(1527296K) Eden: 0K(1397760K)->0K(1397760K) From: 129451K(129536K)->127614K(129536K)
[190.971s][info ][gc,heap        ] GC(23) ParOldGen: 220135K(220160K)->217423K(325632K)
[190.971s][info ][gc,metaspace   ] GC(23) Metaspace: 80978K(81984K)->80978K(81984K) NonClass: 69229K(69760K)->69229K(69760K) Class: 11749K(12224K)->11749K(12224K)
[190.971s][info ][gc             ] GC(23) Pause Full (Ergonomics) 341M->336M(1809M) 782.005ms
[190.971s][info ][gc,cpu         ] GC(23) User=2.13s Sys=0.00s Real=0.78s
[190.971s][info ][safepoint      ] Safepoint "ParallelGCFailedAllocation", Time since last: 1247396054 ns, Reaching safepoint: 26600 ns, At safepoint: 926121054 ns, Total: 926147654 ns
[191.971s][info ][safepoint      ] Safepoint "Cleanup", Time since last: 1000087155 ns, Reaching safepoint: 45600 ns, At safepoint: 2300 ns, Total: 47900 ns
[193.971s][info ][safepoint      ] Safepoint "Cleanup", Time since last: 2000164383 ns, Reaching safepoint: 37300 ns, At safepoint: 2800 ns, Total: 40100 ns
[194.971s][info ][safepoint      ] Safepoint "Cleanup", Time since last: 1000103339 ns, Reaching safepoint: 39800 ns, At safepoint: 2200 ns, Total: 42000 ns
[195.971s][info ][safepoint      ] Safepoint "Cleanup", Time since last: 1000102039 ns, Reaching safepoint: 42600 ns, At safepoint: 2300 ns, Total: 44900 ns
[196.972s][info ][safepoint      ] Safepoint "Cleanup", Time since last: 1000100838 ns, Reaching safepoint: 50300 ns, At safepoint: 2700 ns, Total: 53000 ns
[197.972s][info ][safepoint      ] Safepoint "Cleanup", Time since last: 1000111639 ns, Reaching safepoint: 54900 ns, At safepoint: 2800 ns, Total: 57700 ns
[199.972s][info ][safepoint      ] Safepoint "Cleanup", Time since last: 2000178178 ns, Reaching safepoint: 44800 ns, At safepoint: 2500 ns, Total: 47300 ns
[200.972s][info ][safepoint      ] Safepoint "Cleanup", Time since last: 1000115723 ns, Reaching safepoint: 41900 ns, At safepoint: 3300 ns, Total: 45200 ns
[202.972s][info ][safepoint      ] Safepoint "Cleanup", Time since last: 2000164888 ns, Reaching safepoint: 44400 ns, At safepoint: 2700 ns, Total: 47100 ns
[204.973s][info ][safepoint      ] Safepoint "Cleanup", Time since last: 2000159915 ns, Reaching safepoint: 69000 ns, At safepoint: 5400 ns, Total: 74400 ns
[205.492s][info ][gc,start       ] GC(24) Pause Young (Allocation Failure)
[205.583s][debug][gc,phases      ] GC(24) Scavenge 91.354ms
[205.583s][debug][gc,ref         ] GC(24) Skipped phase 1 of Reference Processing: no references
[205.583s][debug][gc,ref         ] GC(24) ReferenceProcessor::execute queues: 1, RefProcThreadModel::Single, marks_oops_alive: false
[205.583s][debug][gc,ref         ] GC(24) Skipped phase 3 of Reference Processing: no references
[205.583s][debug][gc,ref         ] GC(24) ReferenceProcessor::execute queues: 1, RefProcThreadModel::Single, marks_oops_alive: false
[205.583s][debug][gc,phases      ] GC(24) Reference Processing 0.154ms
[205.584s][debug][gc,phases      ] GC(24)   VM Weak                        Min:  0.0, Avg:  0.0, Max:  0.0, Diff:  0.0, Sum:  0.0, Workers: 4
[205.584s][debug][gc,phases      ] GC(24)     Dead                           Min: 0, Avg:  0.0, Max: 0, Diff: 0, Sum: 0, Workers: 4
[205.584s][debug][gc,phases      ] GC(24)     Total                          Min: 0, Avg: 206.2, Max: 505, Diff: 505, Sum: 825, Workers: 4
[205.584s][debug][gc,phases      ] GC(24)   ObjectSynchronizer Weak        Min:  0.0, Avg:  0.0, Max:  0.0, Diff:  0.0, Sum:  0.0, Workers: 4
[205.584s][debug][gc,phases      ] GC(24)     Dead                           Min: 0, Avg:  0.0, Max: 0, Diff: 0, Sum: 0, Workers: 4
[205.584s][debug][gc,phases      ] GC(24)     Total                          Min: 0, Avg: 14.5, Max: 58, Diff: 58, Sum: 58, Workers: 4
[205.584s][debug][gc,phases      ] GC(24)   JVMTI Tag Weak OopStorage      Min:  0.0, Avg:  0.0, Max:  0.0, Diff:  0.0, Sum:  0.0, Workers: 4
[205.584s][debug][gc,phases      ] GC(24)     Dead                           Min: 0, Avg:  0.0, Max: 0, Diff: 0, Sum: 0, Workers: 4
[205.584s][debug][gc,phases      ] GC(24)     Total                          Min: 0, Avg:  0.0, Max: 0, Diff: 0, Sum: 0, Workers: 4
[205.584s][debug][gc,phases      ] GC(24)   StringTable Weak               Min:  0.0, Avg:  0.1, Max:  0.2, Diff:  0.2, Sum:  0.5, Workers: 4
[205.584s][debug][gc,phases      ] GC(24)     Dead                           Min: 0, Avg:  0.0, Max: 0, Diff: 0, Sum: 0, Workers: 4
[205.584s][debug][gc,phases      ] GC(24)     Total                          Min: 0, Avg: 10912.5, Max: 15170, Diff: 15170, Sum: 43650, Workers: 4
[205.584s][debug][gc,phases      ] GC(24)   ResolvedMethodTable Weak       Min:  0.0, Avg:  0.0, Max:  0.0, Diff:  0.0, Sum:  0.1, Workers: 4
[205.584s][debug][gc,phases      ] GC(24)     Dead                           Min: 0, Avg:  0.0, Max: 0, Diff: 0, Sum: 0, Workers: 4
[205.584s][debug][gc,phases      ] GC(24)     Total                          Min: 0, Avg: 2376.8, Max: 3392, Diff: 3392, Sum: 9507, Workers: 4
[205.584s][debug][gc,phases      ] GC(24)   JNI Weak                       Min:  0.0, Avg:  0.0, Max:  0.0, Diff:  0.0, Sum:  0.0, Workers: 4
[205.584s][debug][gc,phases      ] GC(24)     Dead                           Min: 0, Avg:  0.0, Max: 0, Diff: 0, Sum: 0, Workers: 4
[205.584s][debug][gc,phases      ] GC(24)     Total                          Min: 0, Avg: 11.2, Max: 45, Diff: 45, Sum: 45, Workers: 4
[205.584s][debug][gc,phases      ] GC(24)   StringDedup Table Weak         Min:  0.0, Avg:  0.0, Max:  0.0, Diff:  0.0, Sum:  0.0, Workers: 4
[205.584s][debug][gc,phases      ] GC(24)     Dead                           Min: 0, Avg:  0.0, Max: 0, Diff: 0, Sum: 0, Workers: 4
[205.584s][debug][gc,phases      ] GC(24)     Total                          Min: 0, Avg:  0.0, Max: 0, Diff: 0, Sum: 0, Workers: 4
[205.584s][debug][gc,phases      ] GC(24)   StringDedup Requests0 Weak     Min:  0.0, Avg:  0.0, Max:  0.0, Diff:  0.0, Sum:  0.0, Workers: 4
[205.584s][debug][gc,phases      ] GC(24)     Dead                           Min: 0, Avg:  0.0, Max: 0, Diff: 0, Sum: 0, Workers: 4
[205.584s][debug][gc,phases      ] GC(24)     Total                          Min: 0, Avg:  0.0, Max: 0, Diff: 0, Sum: 0, Workers: 4
[205.584s][debug][gc,phases      ] GC(24)   StringDedup Requests1 Weak     Min:  0.0, Avg:  0.0, Max:  0.0, Diff:  0.0, Sum:  0.0, Workers: 4
[205.584s][debug][gc,phases      ] GC(24)     Dead                           Min: 0, Avg:  0.0, Max: 0, Diff: 0, Sum: 0, Workers: 4
[205.584s][debug][gc,phases      ] GC(24)     Total                          Min: 0, Avg:  0.0, Max: 0, Diff: 0, Sum: 0, Workers: 4
[205.584s][debug][gc,phases      ] GC(24)   Weak JFR Old Object Samples    Min:  0.0, Avg:  0.0, Max:  0.0, Diff:  0.0, Sum:  0.0, Workers: 4
[205.584s][debug][gc,phases      ] GC(24)     Dead                           Min: 0, Avg:  0.0, Max: 0, Diff: 0, Sum: 0, Workers: 4
[205.584s][debug][gc,phases      ] GC(24)     Total                          Min: 0, Avg:  0.0, Max: 0, Diff: 0, Sum: 0, Workers: 4
[205.584s][debug][gc,phases      ] GC(24) Weak Processing 0.359ms
[205.584s][debug][gc,age         ] GC(24) Desired survivor size 384827392 bytes, new threshold 15 (max threshold 15)
[205.584s][info ][gc,heap        ] GC(24) PSYoungGen: 1525374K(1527296K)->84922K(1704448K) Eden: 1397760K(1397760K)->0K(1345536K) From: 127614K(129536K)->84922K(358912K)
[205.584s][info ][gc,heap        ] GC(24) ParOldGen: 217423K(325632K)->262240K(325632K)
[205.584s][info ][gc,metaspace   ] GC(24) Metaspace: 80992K(82048K)->80992K(82048K) NonClass: 69243K(69824K)->69243K(69824K) Class: 11749K(12224K)->11749K(12224K)
[205.584s][info ][gc             ] GC(24) Pause Young (Allocation Failure) 1701M->339M(1982M) 91.984ms
[205.584s][info ][gc,cpu         ] GC(24) User=0.26s Sys=0.00s Real=0.09s
[205.584s][debug][gc,phases      ] GC(25) Pre Compact 0.008ms
[205.584s][info ][gc,start       ] GC(25) Pause Full (Ergonomics)
[205.584s][info ][gc,phases,start] GC(25) Marking Phase
[205.733s][debug][gc,phases      ] GC(25) Par Mark 149.239ms
[205.733s][debug][gc,ref         ] GC(25) Skipped phase 1 of Reference Processing: no references
[205.734s][debug][gc,ref         ] GC(25) ReferenceProcessor::execute queues: 4, RefProcThreadModel::Multi, marks_oops_alive: false
[205.734s][debug][gc,ref         ] GC(25) Skipped phase 3 of Reference Processing: no references
[205.734s][debug][gc,ref         ] GC(25) ReferenceProcessor::execute queues: 1, RefProcThreadModel::Single, marks_oops_alive: false
[205.734s][debug][gc,phases      ] GC(25) Reference Processing 1.040ms
[205.735s][debug][gc,phases      ] GC(25)   VM Weak                        Min:  0.0, Avg:  0.0, Max:  0.0, Diff:  0.0, Sum:  0.0, Workers: 4
[205.735s][debug][gc,phases      ] GC(25)     Dead                           Min: 0, Avg:  0.0, Max: 0, Diff: 0, Sum: 0, Workers: 4
[205.735s][debug][gc,phases      ] GC(25)     Total                          Min: 0, Avg: 206.2, Max: 313, Diff: 313, Sum: 825, Workers: 4
[205.735s][debug][gc,phases      ] GC(25)   ObjectSynchronizer Weak        Min:  0.0, Avg:  0.0, Max:  0.0, Diff:  0.0, Sum:  0.0, Workers: 4
[205.735s][debug][gc,phases      ] GC(25)     Dead                           Min: 0, Avg:  0.0, Max: 0, Diff: 0, Sum: 0, Workers: 4
[205.735s][debug][gc,phases      ] GC(25)     Total                          Min: 0, Avg: 14.5, Max: 58, Diff: 58, Sum: 58, Workers: 4
[205.735s][debug][gc,phases      ] GC(25)   JVMTI Tag Weak OopStorage      Min:  0.0, Avg:  0.0, Max:  0.0, Diff:  0.0, Sum:  0.0, Workers: 4
[205.735s][debug][gc,phases      ] GC(25)     Dead                           Min: 0, Avg:  0.0, Max: 0, Diff: 0, Sum: 0, Workers: 4
[205.735s][debug][gc,phases      ] GC(25)     Total                          Min: 0, Avg:  0.0, Max: 0, Diff: 0, Sum: 0, Workers: 4
[205.735s][debug][gc,phases      ] GC(25)   StringTable Weak               Min:  0.0, Avg:  0.1, Max:  0.2, Diff:  0.2, Sum:  0.5, Workers: 4
[205.735s][debug][gc,phases      ] GC(25)     Dead                           Min: 0, Avg:  0.0, Max: 0, Diff: 0, Sum: 0, Workers: 4
[205.735s][debug][gc,phases      ] GC(25)     Total                          Min: 0, Avg: 10912.5, Max: 14786, Diff: 14786, Sum: 43650, Workers: 4
[205.735s][debug][gc,phases      ] GC(25)   ResolvedMethodTable Weak       Min:  0.0, Avg:  0.0, Max:  0.0, Diff:  0.0, Sum:  0.1, Workers: 4
[205.735s][debug][gc,phases      ] GC(25)     Dead                           Min: 0, Avg:  0.0, Max: 0, Diff: 0, Sum: 0, Workers: 4
[205.735s][debug][gc,phases      ] GC(25)     Total                          Min: 0, Avg: 2376.8, Max: 3299, Diff: 3299, Sum: 9507, Workers: 4
[205.735s][debug][gc,phases      ] GC(25)   JNI Weak                       Min:  0.0, Avg:  0.0, Max:  0.0, Diff:  0.0, Sum:  0.0, Workers: 4
[205.735s][debug][gc,phases      ] GC(25)     Dead                           Min: 0, Avg:  0.0, Max: 0, Diff: 0, Sum: 0, Workers: 4
[205.735s][debug][gc,phases      ] GC(25)     Total                          Min: 0, Avg: 11.2, Max: 45, Diff: 45, Sum: 45, Workers: 4
[205.735s][debug][gc,phases      ] GC(25)   StringDedup Table Weak         Min:  0.0, Avg:  0.0, Max:  0.0, Diff:  0.0, Sum:  0.0, Workers: 4
[205.735s][debug][gc,phases      ] GC(25)     Dead                           Min: 0, Avg:  0.0, Max: 0, Diff: 0, Sum: 0, Workers: 4
[205.735s][debug][gc,phases      ] GC(25)     Total                          Min: 0, Avg:  0.0, Max: 0, Diff: 0, Sum: 0, Workers: 4
[205.735s][debug][gc,phases      ] GC(25)   StringDedup Requests0 Weak     Min:  0.0, Avg:  0.0, Max:  0.0, Diff:  0.0, Sum:  0.0, Workers: 4
[205.735s][debug][gc,phases      ] GC(25)     Dead                           Min: 0, Avg:  0.0, Max: 0, Diff: 0, Sum: 0, Workers: 4
[205.735s][debug][gc,phases      ] GC(25)     Total                          Min: 0, Avg:  0.0, Max: 0, Diff: 0, Sum: 0, Workers: 4
[205.735s][debug][gc,phases      ] GC(25)   StringDedup Requests1 Weak     Min:  0.0, Avg:  0.0, Max:  0.0, Diff:  0.0, Sum:  0.0, Workers: 4
[205.735s][debug][gc,phases      ] GC(25)     Dead                           Min: 0, Avg:  0.0, Max: 0, Diff: 0, Sum: 0, Workers: 4
[205.735s][debug][gc,phases      ] GC(25)     Total                          Min: 0, Avg:  0.0, Max: 0, Diff: 0, Sum: 0, Workers: 4
[205.735s][debug][gc,phases      ] GC(25)   Weak JFR Old Object Samples    Min:  0.0, Avg:  0.0, Max:  0.0, Diff:  0.0, Sum:  0.0, Workers: 4
[205.735s][debug][gc,phases      ] GC(25)     Dead                           Min: 0, Avg:  0.0, Max: 0, Diff: 0, Sum: 0, Workers: 4
[205.735s][debug][gc,phases      ] GC(25)     Total                          Min: 0, Avg:  0.0, Max: 0, Diff: 0, Sum: 0, Workers: 4
[205.735s][debug][gc,phases      ] GC(25) Weak Processing 0.382ms
[205.735s][debug][gc,phases      ] GC(25) ClassLoaderData 0.098ms
[205.735s][debug][gc,phases      ] GC(25) Trigger cleanups 0.000ms
[205.752s][debug][gc,phases      ] GC(25) Class Unloading 17.577ms
[205.752s][info ][gc,phases      ] GC(25) Marking Phase 168.404ms
[205.752s][info ][gc,phases,start] GC(25) Summary Phase
[205.752s][info ][gc,phases      ] GC(25) Summary Phase 0.015ms
[205.752s][info ][gc,phases,start] GC(25) Adjust Roots
[205.769s][info ][gc,phases      ] GC(25) Adjust Roots 16.264ms
[205.769s][info ][gc,phases,start] GC(25) Compaction Phase
[205.984s][info ][gc,phases      ] GC(25) Compaction Phase 214.939ms
[205.984s][info ][gc,phases,start] GC(25) Post Compact
[205.984s][info ][gc,phases      ] GC(25) Post Compact 0.871ms
[205.985s][info ][gc,heap        ] GC(25) PSYoungGen: 84922K(1704448K)->19807K(1704448K) Eden: 0K(1345536K)->0K(1345536K) From: 84922K(358912K)->19807K(358912K)
[205.985s][info ][gc,heap        ] GC(25) ParOldGen: 262240K(325632K)->325236K(458752K)
[205.985s][info ][gc,metaspace   ] GC(25) Metaspace: 80992K(82048K)->80992K(82048K) NonClass: 69243K(69824K)->69243K(69824K) Class: 11749K(12224K)->11749K(12224K)
[205.985s][info ][gc             ] GC(25) Pause Full (Ergonomics) 339M->336M(2112M) 400.783ms
[205.985s][info ][gc,cpu         ] GC(25) User=1.08s Sys=0.01s Real=0.40s
[205.985s][info ][safepoint      ] Safepoint "ParallelGCFailedAllocation", Time since last: 519113985 ns, Reaching safepoint: 32900 ns, At safepoint: 492891591 ns, Total: 492924491 ns
[211.985s][info ][safepoint      ] Safepoint "Cleanup", Time since last: 6000430437 ns, Reaching safepoint: 49900 ns, At safepoint: 4500 ns, Total: 54400 ns
[213.985s][info ][safepoint      ] Safepoint "Cleanup", Time since last: 2000176587 ns, Reaching safepoint: 38600 ns, At safepoint: 2700 ns, Total: 41300 ns
[214.986s][info ][safepoint      ] Safepoint "Cleanup", Time since last: 1000095994 ns, Reaching safepoint: 42400 ns, At safepoint: 3900 ns, Total: 46300 ns
[217.986s][info ][safepoint      ] Safepoint "Cleanup", Time since last: 3000236015 ns, Reaching safepoint: 39300 ns, At safepoint: 3300 ns, Total: 42600 ns
[220.742s][info ][gc,start       ] GC(26) Pause Young (Allocation Failure)
[220.806s][debug][gc,phases      ] GC(26) Scavenge 63.681ms
[220.806s][debug][gc,ref         ] GC(26) Skipped phase 1 of Reference Processing: no references
[220.806s][debug][gc,ref         ] GC(26) Skipped phase 2 of Reference Processing: no references
[220.806s][debug][gc,ref         ] GC(26) Skipped phase 3 of Reference Processing: no references
[220.806s][debug][gc,ref         ] GC(26) Skipped phase 4 of Reference Processing: no references
[220.806s][debug][gc,phases      ] GC(26) Reference Processing 0.023ms
[220.806s][debug][gc,phases      ] GC(26)   VM Weak                        Min:  0.0, Avg:  0.0, Max:  0.0, Diff:  0.0, Sum:  0.0, Workers: 4
[220.806s][debug][gc,phases      ] GC(26)     Dead                           Min: 0, Avg:  0.0, Max: 0, Diff: 0, Sum: 0, Workers: 4
[220.806s][debug][gc,phases      ] GC(26)     Total                          Min: 0, Avg: 206.2, Max: 633, Diff: 633, Sum: 825, Workers: 4
[220.806s][debug][gc,phases      ] GC(26)   ObjectSynchronizer Weak        Min:  0.0, Avg:  0.0, Max:  0.0, Diff:  0.0, Sum:  0.0, Workers: 4
[220.806s][debug][gc,phases      ] GC(26)     Dead                           Min: 0, Avg:  0.0, Max: 0, Diff: 0, Sum: 0, Workers: 4
[220.806s][debug][gc,phases      ] GC(26)     Total                          Min: 0, Avg: 14.5, Max: 58, Diff: 58, Sum: 58, Workers: 4
[220.806s][debug][gc,phases      ] GC(26)   JVMTI Tag Weak OopStorage      Min:  0.0, Avg:  0.0, Max:  0.0, Diff:  0.0, Sum:  0.0, Workers: 4
[220.806s][debug][gc,phases      ] GC(26)     Dead                           Min: 0, Avg:  0.0, Max: 0, Diff: 0, Sum: 0, Workers: 4
[220.806s][debug][gc,phases      ] GC(26)     Total                          Min: 0, Avg:  0.0, Max: 0, Diff: 0, Sum: 0, Workers: 4
[220.806s][debug][gc,phases      ] GC(26)   StringTable Weak               Min:  0.0, Avg:  0.1, Max:  0.1, Diff:  0.1, Sum:  0.4, Workers: 4
[220.806s][debug][gc,phases      ] GC(26)     Dead                           Min: 0, Avg:  0.0, Max: 0, Diff: 0, Sum: 0, Workers: 4
[220.806s][debug][gc,phases      ] GC(26)     Total                          Min: 0, Avg: 10912.5, Max: 14976, Diff: 14976, Sum: 43650, Workers: 4
[220.806s][debug][gc,phases      ] GC(26)   ResolvedMethodTable Weak       Min:  0.0, Avg:  0.0, Max:  0.0, Diff:  0.0, Sum:  0.1, Workers: 4
[220.806s][debug][gc,phases      ] GC(26)     Dead                           Min: 0, Avg:  0.0, Max: 0, Diff: 0, Sum: 0, Workers: 4
[220.806s][debug][gc,phases      ] GC(26)     Total                          Min: 0, Avg: 2376.8, Max: 3200, Diff: 3200, Sum: 9507, Workers: 4
[220.806s][debug][gc,phases      ] GC(26)   JNI Weak                       Min:  0.0, Avg:  0.0, Max:  0.0, Diff:  0.0, Sum:  0.0, Workers: 4
[220.806s][debug][gc,phases      ] GC(26)     Dead                           Min: 0, Avg:  0.0, Max: 0, Diff: 0, Sum: 0, Workers: 4
[220.806s][debug][gc,phases      ] GC(26)     Total                          Min: 0, Avg: 11.2, Max: 45, Diff: 45, Sum: 45, Workers: 4
[220.806s][debug][gc,phases      ] GC(26)   StringDedup Table Weak         Min:  0.0, Avg:  0.0, Max:  0.0, Diff:  0.0, Sum:  0.0, Workers: 4
[220.806s][debug][gc,phases      ] GC(26)     Dead                           Min: 0, Avg:  0.0, Max: 0, Diff: 0, Sum: 0, Workers: 4
[220.806s][debug][gc,phases      ] GC(26)     Total                          Min: 0, Avg:  0.0, Max: 0, Diff: 0, Sum: 0, Workers: 4
[220.806s][debug][gc,phases      ] GC(26)   StringDedup Requests0 Weak     Min:  0.0, Avg:  0.0, Max:  0.0, Diff:  0.0, Sum:  0.0, Workers: 4
[220.806s][debug][gc,phases      ] GC(26)     Dead                           Min: 0, Avg:  0.0, Max: 0, Diff: 0, Sum: 0, Workers: 4
[220.806s][debug][gc,phases      ] GC(26)     Total                          Min: 0, Avg:  0.0, Max: 0, Diff: 0, Sum: 0, Workers: 4
[220.806s][debug][gc,phases      ] GC(26)   StringDedup Requests1 Weak     Min:  0.0, Avg:  0.0, Max:  0.0, Diff:  0.0, Sum:  0.0, Workers: 4
[220.806s][debug][gc,phases      ] GC(26)     Dead                           Min: 0, Avg:  0.0, Max: 0, Diff: 0, Sum: 0, Workers: 4
[220.806s][debug][gc,phases      ] GC(26)     Total                          Min: 0, Avg:  0.0, Max: 0, Diff: 0, Sum: 0, Workers: 4
[220.806s][debug][gc,phases      ] GC(26)   Weak JFR Old Object Samples    Min:  0.0, Avg:  0.0, Max:  0.0, Diff:  0.0, Sum:  0.0, Workers: 4
[220.806s][debug][gc,phases      ] GC(26)     Dead                           Min: 0, Avg:  0.0, Max: 0, Diff: 0, Sum: 0, Workers: 4
[220.806s][debug][gc,phases      ] GC(26)     Total                          Min: 0, Avg:  0.0, Max: 0, Diff: 0, Sum: 0, Workers: 4
[220.806s][debug][gc,phases      ] GC(26) Weak Processing 0.322ms
[220.806s][debug][gc,age         ] GC(26) Desired survivor size 409468928 bytes, new threshold 15 (max threshold 15)
[220.806s][info ][gc,heap        ] GC(26) PSYoungGen: 1365343K(1704448K)->5504K(1351168K) Eden: 1345536K(1345536K)->0K(1345536K) From: 19807K(358912K)->5504K(5632K)
[220.806s][info ][gc,heap        ] GC(26) ParOldGen: 325236K(458752K)->339820K(458752K)
[220.806s][info ][gc,metaspace   ] GC(26) Metaspace: 80998K(82048K)->80998K(82048K) NonClass: 69249K(69824K)->69249K(69824K) Class: 11749K(12224K)->11749K(12224K)
[220.806s][info ][gc             ] GC(26) Pause Young (Allocation Failure) 1650M->337M(1767M) 64.153ms
[220.806s][info ][gc,cpu         ] GC(26) User=0.17s Sys=0.01s Real=0.07s
[220.807s][info ][safepoint      ] Safepoint "ParallelGCFailedAllocation", Time since last: 2756446441 ns, Reaching safepoint: 30900 ns, At safepoint: 64219414 ns, Total: 64250314 ns
[221.807s][info ][safepoint      ] Safepoint "Cleanup", Time since last: 1000079553 ns, Reaching safepoint: 115399 ns, At safepoint: 6900 ns, Total: 122299 ns
[232.808s][info ][safepoint      ] Safepoint "Cleanup", Time since last: 11000798107 ns, Reaching safepoint: 34300 ns, At safepoint: 2300 ns, Total: 36600 ns
[235.995s][info ][gc,start       ] GC(27) Pause Young (Allocation Failure)
[236.002s][debug][gc,phases      ] GC(27) Scavenge 6.812ms
[236.002s][debug][gc,ref         ] GC(27) Skipped phase 1 of Reference Processing: no references
[236.002s][debug][gc,ref         ] GC(27) Skipped phase 2 of Reference Processing: no references
[236.002s][debug][gc,ref         ] GC(27) Skipped phase 3 of Reference Processing: no references
[236.002s][debug][gc,ref         ] GC(27) Skipped phase 4 of Reference Processing: no references
[236.002s][debug][gc,phases      ] GC(27) Reference Processing 0.023ms
[236.003s][debug][gc,phases      ] GC(27)   VM Weak                        Min:  0.0, Avg:  0.0, Max:  0.0, Diff:  0.0, Sum:  0.0, Workers: 4
[236.003s][debug][gc,phases      ] GC(27)     Dead                           Min: 0, Avg:  0.0, Max: 0, Diff: 0, Sum: 0, Workers: 4
[236.003s][debug][gc,phases      ] GC(27)     Total                          Min: 0, Avg: 206.2, Max: 384, Diff: 384, Sum: 825, Workers: 4
[236.003s][debug][gc,phases      ] GC(27)   ObjectSynchronizer Weak        Min:  0.0, Avg:  0.0, Max:  0.0, Diff:  0.0, Sum:  0.0, Workers: 4
[236.003s][debug][gc,phases      ] GC(27)     Dead                           Min: 0, Avg:  0.0, Max: 0, Diff: 0, Sum: 0, Workers: 4
[236.003s][debug][gc,phases      ] GC(27)     Total                          Min: 0, Avg: 14.5, Max: 58, Diff: 58, Sum: 58, Workers: 4
[236.003s][debug][gc,phases      ] GC(27)   JVMTI Tag Weak OopStorage      Min:  0.0, Avg:  0.0, Max:  0.0, Diff:  0.0, Sum:  0.0, Workers: 4
[236.003s][debug][gc,phases      ] GC(27)     Dead                           Min: 0, Avg:  0.0, Max: 0, Diff: 0, Sum: 0, Workers: 4
[236.003s][debug][gc,phases      ] GC(27)     Total                          Min: 0, Avg:  0.0, Max: 0, Diff: 0, Sum: 0, Workers: 4
[236.003s][debug][gc,phases      ] GC(27)   StringTable Weak               Min:  0.0, Avg:  0.2, Max:  0.5, Diff:  0.5, Sum:  0.9, Workers: 4
[236.003s][debug][gc,phases      ] GC(27)     Dead                           Min: 0, Avg:  0.0, Max: 0, Diff: 0, Sum: 0, Workers: 4
[236.003s][debug][gc,phases      ] GC(27)     Total                          Min: 0, Avg: 10912.8, Max: 21760, Diff: 21760, Sum: 43651, Workers: 4
[236.003s][debug][gc,phases      ] GC(27)   ResolvedMethodTable Weak       Min:  0.0, Avg:  0.0, Max:  0.0, Diff:  0.0, Sum:  0.1, Workers: 4
[236.003s][debug][gc,phases      ] GC(27)     Dead                           Min: 0, Avg:  0.0, Max: 0, Diff: 0, Sum: 0, Workers: 4
[236.003s][debug][gc,phases      ] GC(27)     Total                          Min: 0, Avg: 2376.8, Max: 4835, Diff: 4835, Sum: 9507, Workers: 4
[236.003s][debug][gc,phases      ] GC(27)   JNI Weak                       Min:  0.0, Avg:  0.0, Max:  0.0, Diff:  0.0, Sum:  0.0, Workers: 4
[236.003s][debug][gc,phases      ] GC(27)     Dead                           Min: 0, Avg:  0.0, Max: 0, Diff: 0, Sum: 0, Workers: 4
[236.003s][debug][gc,phases      ] GC(27)     Total                          Min: 0, Avg: 11.2, Max: 45, Diff: 45, Sum: 45, Workers: 4
[236.003s][debug][gc,phases      ] GC(27)   StringDedup Table Weak         Min:  0.0, Avg:  0.0, Max:  0.0, Diff:  0.0, Sum:  0.0, Workers: 4
[236.003s][debug][gc,phases      ] GC(27)     Dead                           Min: 0, Avg:  0.0, Max: 0, Diff: 0, Sum: 0, Workers: 4
[236.003s][debug][gc,phases      ] GC(27)     Total                          Min: 0, Avg:  0.0, Max: 0, Diff: 0, Sum: 0, Workers: 4
[236.003s][debug][gc,phases      ] GC(27)   StringDedup Requests0 Weak     Min:  0.0, Avg:  0.0, Max:  0.0, Diff:  0.0, Sum:  0.0, Workers: 4
[236.003s][debug][gc,phases      ] GC(27)     Dead                           Min: 0, Avg:  0.0, Max: 0, Diff: 0, Sum: 0, Workers: 4
[236.003s][debug][gc,phases      ] GC(27)     Total                          Min: 0, Avg:  0.0, Max: 0, Diff: 0, Sum: 0, Workers: 4
[236.003s][debug][gc,phases      ] GC(27)   StringDedup Requests1 Weak     Min:  0.0, Avg:  0.0, Max:  0.0, Diff:  0.0, Sum:  0.0, Workers: 4
[236.003s][debug][gc,phases      ] GC(27)     Dead                           Min: 0, Avg:  0.0, Max: 0, Diff: 0, Sum: 0, Workers: 4
[236.003s][debug][gc,phases      ] GC(27)     Total                          Min: 0, Avg:  0.0, Max: 0, Diff: 0, Sum: 0, Workers: 4
[236.003s][debug][gc,phases      ] GC(27)   Weak JFR Old Object Samples    Min:  0.0, Avg:  0.0, Max:  0.0, Diff:  0.0, Sum:  0.0, Workers: 4
[236.003s][debug][gc,phases      ] GC(27)     Dead                           Min: 0, Avg:  0.0, Max: 0, Diff: 0, Sum: 0, Workers: 4
[236.003s][debug][gc,phases      ] GC(27)     Total                          Min: 0, Avg:  0.0, Max: 0, Diff: 0, Sum: 0, Workers: 4
[236.003s][debug][gc,phases      ] GC(27) Weak Processing 0.793ms
[236.003s][debug][gc,age         ] GC(27) Desired survivor size 425197568 bytes, new threshold 15 (max threshold 15)
[236.003s][info ][gc,heap        ] GC(27) PSYoungGen: 1351040K(1351168K)->5408K(1666560K) Eden: 1345536K(1345536K)->0K(1266688K) From: 5504K(5632K)->5408K(399872K)
[236.003s][info ][gc,heap        ] GC(27) ParOldGen: 339820K(458752K)->339892K(458752K)
[236.003s][info ][gc,metaspace   ] GC(27) Metaspace: 81000K(82048K)->81000K(82048K) NonClass: 69251K(69824K)->69251K(69824K) Class: 11749K(12224K)->11749K(12224K)
[236.003s][info ][gc             ] GC(27) Pause Young (Allocation Failure) 1651M->337M(2075M) 7.774ms
[236.003s][info ][gc,cpu         ] GC(27) User=0.02s Sys=0.00s Real=0.00s
[236.003s][info ][safepoint      ] Safepoint "ParallelGCFailedAllocation", Time since last: 3187686576 ns, Reaching safepoint: 35400 ns, At safepoint: 7868782 ns, Total: 7904182 ns
[243.004s][info ][safepoint      ] Safepoint "Cleanup", Time since last: 7000428341 ns, Reaching safepoint: 40900 ns, At safepoint: 2900 ns, Total: 43800 ns
[250.392s][info ][gc,start       ] GC(28) Pause Young (Allocation Failure)
[250.398s][debug][gc,phases      ] GC(28) Scavenge 6.087ms
[250.398s][debug][gc,ref         ] GC(28) Skipped phase 1 of Reference Processing: no references
[250.398s][debug][gc,ref         ] GC(28) Skipped phase 2 of Reference Processing: no references
[250.398s][debug][gc,ref         ] GC(28) Skipped phase 3 of Reference Processing: no references
[250.398s][debug][gc,ref         ] GC(28) Skipped phase 4 of Reference Processing: no references
[250.398s][debug][gc,phases      ] GC(28) Reference Processing 0.037ms
[250.398s][debug][gc,phases      ] GC(28)   VM Weak                        Min:  0.0, Avg:  0.0, Max:  0.0, Diff:  0.0, Sum:  0.0, Workers: 4
[250.398s][debug][gc,phases      ] GC(28)     Dead                           Min: 0, Avg:  0.0, Max: 0, Diff: 0, Sum: 0, Workers: 4
[250.398s][debug][gc,phases      ] GC(28)     Total                          Min: 0, Avg: 206.2, Max: 505, Diff: 505, Sum: 825, Workers: 4
[250.398s][debug][gc,phases      ] GC(28)   ObjectSynchronizer Weak        Min:  0.0, Avg:  0.0, Max:  0.0, Diff:  0.0, Sum:  0.0, Workers: 4
[250.398s][debug][gc,phases      ] GC(28)     Dead                           Min: 0, Avg:  0.0, Max: 0, Diff: 0, Sum: 0, Workers: 4
[250.398s][debug][gc,phases      ] GC(28)     Total                          Min: 0, Avg: 14.5, Max: 58, Diff: 58, Sum: 58, Workers: 4
[250.398s][debug][gc,phases      ] GC(28)   JVMTI Tag Weak OopStorage      Min:  0.0, Avg:  0.0, Max:  0.0, Diff:  0.0, Sum:  0.0, Workers: 4
[250.398s][debug][gc,phases      ] GC(28)     Dead                           Min: 0, Avg:  0.0, Max: 0, Diff: 0, Sum: 0, Workers: 4
[250.398s][debug][gc,phases      ] GC(28)     Total                          Min: 0, Avg:  0.0, Max: 0, Diff: 0, Sum: 0, Workers: 4
[250.398s][debug][gc,phases      ] GC(28)   StringTable Weak               Min:  0.0, Avg:  0.1, Max:  0.2, Diff:  0.2, Sum:  0.3, Workers: 4
[250.398s][debug][gc,phases      ] GC(28)     Dead                           Min: 0, Avg:  0.0, Max: 0, Diff: 0, Sum: 0, Workers: 4
[250.398s][debug][gc,phases      ] GC(28)     Total                          Min: 0, Avg: 10916.2, Max: 24593, Diff: 24593, Sum: 43665, Workers: 4
[250.398s][debug][gc,phases      ] GC(28)   ResolvedMethodTable Weak       Min:  0.0, Avg:  0.0, Max:  0.0, Diff:  0.0, Sum:  0.1, Workers: 4
[250.398s][debug][gc,phases      ] GC(28)     Dead                           Min: 0, Avg:  0.0, Max: 0, Diff: 0, Sum: 0, Workers: 4
[250.398s][debug][gc,phases      ] GC(28)     Total                          Min: 0, Avg: 2376.8, Max: 5475, Diff: 5475, Sum: 9507, Workers: 4
[250.398s][debug][gc,phases      ] GC(28)   JNI Weak                       Min:  0.0, Avg:  0.0, Max:  0.0, Diff:  0.0, Sum:  0.0, Workers: 4
[250.398s][debug][gc,phases      ] GC(28)     Dead                           Min: 0, Avg:  0.0, Max: 0, Diff: 0, Sum: 0, Workers: 4
[250.398s][debug][gc,phases      ] GC(28)     Total                          Min: 0, Avg: 11.2, Max: 45, Diff: 45, Sum: 45, Workers: 4
[250.398s][debug][gc,phases      ] GC(28)   StringDedup Table Weak         Min:  0.0, Avg:  0.0, Max:  0.0, Diff:  0.0, Sum:  0.0, Workers: 4
[250.398s][debug][gc,phases      ] GC(28)     Dead                           Min: 0, Avg:  0.0, Max: 0, Diff: 0, Sum: 0, Workers: 4
[250.398s][debug][gc,phases      ] GC(28)     Total                          Min: 0, Avg:  0.0, Max: 0, Diff: 0, Sum: 0, Workers: 4
[250.398s][debug][gc,phases      ] GC(28)   StringDedup Requests0 Weak     Min:  0.0, Avg:  0.0, Max:  0.0, Diff:  0.0, Sum:  0.0, Workers: 4
[250.398s][debug][gc,phases      ] GC(28)     Dead                           Min: 0, Avg:  0.0, Max: 0, Diff: 0, Sum: 0, Workers: 4
[250.398s][debug][gc,phases      ] GC(28)     Total                          Min: 0, Avg:  0.0, Max: 0, Diff: 0, Sum: 0, Workers: 4
[250.398s][debug][gc,phases      ] GC(28)   StringDedup Requests1 Weak     Min:  0.0, Avg:  0.0, Max:  0.0, Diff:  0.0, Sum:  0.0, Workers: 4
[250.398s][debug][gc,phases      ] GC(28)     Dead                           Min: 0, Avg:  0.0, Max: 0, Diff: 0, Sum: 0, Workers: 4
[250.398s][debug][gc,phases      ] GC(28)     Total                          Min: 0, Avg:  0.0, Max: 0, Diff: 0, Sum: 0, Workers: 4
[250.398s][debug][gc,phases      ] GC(28)   Weak JFR Old Object Samples    Min:  0.0, Avg:  0.0, Max:  0.0, Diff:  0.0, Sum:  0.0, Workers: 4
[250.398s][debug][gc,phases      ] GC(28)     Dead                           Min: 0, Avg:  0.0, Max: 0, Diff: 0, Sum: 0, Workers: 4
[250.398s][debug][gc,phases      ] GC(28)     Total                          Min: 0, Avg:  0.0, Max: 0, Diff: 0, Sum: 0, Workers: 4
[250.398s][debug][gc,phases      ] GC(28) Weak Processing 0.370ms
[250.398s][debug][gc,age         ] GC(28) Desired survivor size 434110464 bytes, new threshold 15 (max threshold 15)
[250.398s][info ][gc,heap        ] GC(28) PSYoungGen: 1272096K(1666560K)->5312K(1272320K) Eden: 1266688K(1266688K)->0K(1266688K) From: 5408K(399872K)->5312K(5632K)
[250.398s][info ][gc,heap        ] GC(28) ParOldGen: 339892K(458752K)->340028K(458752K)
[250.398s][info ][gc,metaspace   ] GC(28) Metaspace: 81008K(82048K)->81008K(82048K) NonClass: 69259K(69824K)->69259K(69824K) Class: 11749K(12224K)->11749K(12224K)
[250.398s][info ][gc             ] GC(28) Pause Young (Allocation Failure) 1574M->337M(1690M) 6.611ms
[250.398s][info ][gc,cpu         ] GC(28) User=0.02s Sys=0.00s Real=0.01s
[250.398s][info ][safepoint      ] Safepoint "ParallelGCFailedAllocation", Time since last: 7388021573 ns, Reaching safepoint: 47900 ns, At safepoint: 6674373 ns, Total: 6722273 ns
[251.398s][info ][safepoint      ] Safepoint "Cleanup", Time since last: 1000083026 ns, Reaching safepoint: 37900 ns, At safepoint: 2400 ns, Total: 40300 ns
[254.399s][info ][safepoint      ] Safepoint "Cleanup", Time since last: 3000245677 ns, Reaching safepoint: 46899 ns, At safepoint: 2100 ns, Total: 48999 ns
[256.399s][info ][safepoint      ] Safepoint "Cleanup", Time since last: 2000170754 ns, Reaching safepoint: 103899 ns, At safepoint: 5800 ns, Total: 109699 ns
[257.399s][info ][safepoint      ] Safepoint "Cleanup", Time since last: 1000108386 ns, Reaching safepoint: 34800 ns, At safepoint: 2300 ns, Total: 37100 ns
[263.400s][info ][safepoint      ] Safepoint "Cleanup", Time since last: 6000720218 ns, Reaching safepoint: 49300 ns, At safepoint: 6800 ns, Total: 56100 ns
[264.096s][info ][gc,start       ] GC(29) Pause Young (Allocation Failure)
[264.105s][debug][gc,phases      ] GC(29) Scavenge 8.797ms
[264.105s][debug][gc,ref         ] GC(29) Skipped phase 1 of Reference Processing: no references
[264.105s][debug][gc,ref         ] GC(29) Skipped phase 2 of Reference Processing: no references
[264.105s][debug][gc,ref         ] GC(29) Skipped phase 3 of Reference Processing: no references
[264.105s][debug][gc,ref         ] GC(29) Skipped phase 4 of Reference Processing: no references
[264.105s][debug][gc,phases      ] GC(29) Reference Processing 0.023ms
[264.105s][debug][gc,phases      ] GC(29)   VM Weak                        Min:  0.0, Avg:  0.0, Max:  0.0, Diff:  0.0, Sum:  0.0, Workers: 4
[264.105s][debug][gc,phases      ] GC(29)     Dead                           Min: 0, Avg:  0.0, Max: 0, Diff: 0, Sum: 0, Workers: 4
[264.105s][debug][gc,phases      ] GC(29)     Total                          Min: 0, Avg: 206.2, Max: 384, Diff: 384, Sum: 825, Workers: 4
[264.105s][debug][gc,phases      ] GC(29)   ObjectSynchronizer Weak        Min:  0.0, Avg:  0.0, Max:  0.0, Diff:  0.0, Sum:  0.0, Workers: 4
[264.105s][debug][gc,phases      ] GC(29)     Dead                           Min: 0, Avg:  0.0, Max: 0, Diff: 0, Sum: 0, Workers: 4
[264.105s][debug][gc,phases      ] GC(29)     Total                          Min: 0, Avg: 14.5, Max: 58, Diff: 58, Sum: 58, Workers: 4
[264.105s][debug][gc,phases      ] GC(29)   JVMTI Tag Weak OopStorage      Min:  0.0, Avg:  0.0, Max:  0.0, Diff:  0.0, Sum:  0.0, Workers: 4
[264.105s][debug][gc,phases      ] GC(29)     Dead                           Min: 0, Avg:  0.0, Max: 0, Diff: 0, Sum: 0, Workers: 4
[264.105s][debug][gc,phases      ] GC(29)     Total                          Min: 0, Avg:  0.0, Max: 0, Diff: 0, Sum: 0, Workers: 4
[264.105s][debug][gc,phases      ] GC(29)   StringTable Weak               Min:  0.0, Avg:  0.1, Max:  0.1, Diff:  0.1, Sum:  0.4, Workers: 4
[264.105s][debug][gc,phases      ] GC(29)     Dead                           Min: 0, Avg:  0.0, Max: 0, Diff: 0, Sum: 0, Workers: 4
[264.105s][debug][gc,phases      ] GC(29)     Total                          Min: 0, Avg: 10917.0, Max: 15124, Diff: 15124, Sum: 43668, Workers: 4
[264.105s][debug][gc,phases      ] GC(29)   ResolvedMethodTable Weak       Min:  0.0, Avg:  0.0, Max:  0.0, Diff:  0.0, Sum:  0.1, Workers: 4
[264.105s][debug][gc,phases      ] GC(29)     Dead                           Min: 0, Avg:  0.0, Max: 0, Diff: 0, Sum: 0, Workers: 4
[264.105s][debug][gc,phases      ] GC(29)     Total                          Min: 0, Avg: 2376.8, Max: 3427, Diff: 3427, Sum: 9507, Workers: 4
[264.105s][debug][gc,phases      ] GC(29)   JNI Weak                       Min:  0.0, Avg:  0.0, Max:  0.0, Diff:  0.0, Sum:  0.0, Workers: 4
[264.105s][debug][gc,phases      ] GC(29)     Dead                           Min: 0, Avg:  0.0, Max: 0, Diff: 0, Sum: 0, Workers: 4
[264.105s][debug][gc,phases      ] GC(29)     Total                          Min: 0, Avg: 11.2, Max: 45, Diff: 45, Sum: 45, Workers: 4
[264.105s][debug][gc,phases      ] GC(29)   StringDedup Table Weak         Min:  0.0, Avg:  0.0, Max:  0.0, Diff:  0.0, Sum:  0.0, Workers: 4
[264.105s][debug][gc,phases      ] GC(29)     Dead                           Min: 0, Avg:  0.0, Max: 0, Diff: 0, Sum: 0, Workers: 4
[264.105s][debug][gc,phases      ] GC(29)     Total                          Min: 0, Avg:  0.0, Max: 0, Diff: 0, Sum: 0, Workers: 4
[264.105s][debug][gc,phases      ] GC(29)   StringDedup Requests0 Weak     Min:  0.0, Avg:  0.0, Max:  0.0, Diff:  0.0, Sum:  0.0, Workers: 4
[264.105s][debug][gc,phases      ] GC(29)     Dead                           Min: 0, Avg:  0.0, Max: 0, Diff: 0, Sum: 0, Workers: 4
[264.105s][debug][gc,phases      ] GC(29)     Total                          Min: 0, Avg:  0.0, Max: 0, Diff: 0, Sum: 0, Workers: 4
[264.105s][debug][gc,phases      ] GC(29)   StringDedup Requests1 Weak     Min:  0.0, Avg:  0.0, Max:  0.0, Diff:  0.0, Sum:  0.0, Workers: 4
[264.105s][debug][gc,phases      ] GC(29)     Dead                           Min: 0, Avg:  0.0, Max: 0, Diff: 0, Sum: 0, Workers: 4
[264.105s][debug][gc,phases      ] GC(29)     Total                          Min: 0, Avg:  0.0, Max: 0, Diff: 0, Sum: 0, Workers: 4
[264.105s][debug][gc,phases      ] GC(29)   Weak JFR Old Object Samples    Min:  0.0, Avg:  0.0, Max:  0.0, Diff:  0.0, Sum:  0.0, Workers: 4
[264.105s][debug][gc,phases      ] GC(29)     Dead                           Min: 0, Avg:  0.0, Max: 0, Diff: 0, Sum: 0, Workers: 4
[264.105s][debug][gc,phases      ] GC(29)     Total                          Min: 0, Avg:  0.0, Max: 0, Diff: 0, Sum: 0, Workers: 4
[264.105s][debug][gc,phases      ] GC(29) Weak Processing 0.311ms
[264.105s][debug][gc,age         ] GC(29) Desired survivor size 437256192 bytes, new threshold 15 (max threshold 15)
[264.105s][info ][gc,heap        ] GC(29) PSYoungGen: 1272000K(1272320K)->608K(1667072K) Eden: 1266688K(1266688K)->0K(1243136K) From: 5312K(5632K)->608K(423936K)
[264.105s][info ][gc,heap        ] GC(29) ParOldGen: 340028K(458752K)->345236K(458752K)
[264.105s][info ][gc,metaspace   ] GC(29) Metaspace: 81023K(82048K)->81023K(82048K) NonClass: 69274K(69824K)->69274K(69824K) Class: 11749K(12224K)->11749K(12224K)
[264.105s][info ][gc             ] GC(29) Pause Young (Allocation Failure) 1574M->337M(2076M) 9.247ms
[264.105s][info ][gc,cpu         ] GC(29) User=0.02s Sys=0.00s Real=0.00s
[264.105s][info ][safepoint      ] Safepoint "ParallelGCFailedAllocation", Time since last: 696042076 ns, Reaching safepoint: 107400 ns, At safepoint: 9321163 ns, Total: 9428563 ns
[265.106s][info ][safepoint      ] Safepoint "Cleanup", Time since last: 1000086090 ns, Reaching safepoint: 45300 ns, At safepoint: 3300 ns, Total: 48600 ns
[266.106s][info ][safepoint      ] Safepoint "Cleanup", Time since last: 1000110227 ns, Reaching safepoint: 37000 ns, At safepoint: 3600 ns, Total: 40600 ns
[269.106s][info ][safepoint      ] Safepoint "Cleanup", Time since last: 3000251883 ns, Reaching safepoint: 44500 ns, At safepoint: 7100 ns, Total: 51600 ns
[271.106s][info ][safepoint      ] Safepoint "Cleanup", Time since last: 2000187255 ns, Reaching safepoint: 37300 ns, At safepoint: 20600 ns, Total: 57900 ns
[274.107s][info ][safepoint      ] Safepoint "Cleanup", Time since last: 3000193504 ns, Reaching safepoint: 60400 ns, At safepoint: 2600 ns, Total: 63000 ns
[275.107s][info ][safepoint      ] Safepoint "Cleanup", Time since last: 1000113897 ns, Reaching safepoint: 44400 ns, At safepoint: 1900 ns, Total: 46300 ns
[276.107s][info ][safepoint      ] Safepoint "Cleanup", Time since last: 1000094298 ns, Reaching safepoint: 38900 ns, At safepoint: 2300 ns, Total: 41200 ns
[277.107s][info ][safepoint      ] Safepoint "Cleanup", Time since last: 1000103597 ns, Reaching safepoint: 45900 ns, At safepoint: 2400 ns, Total: 48300 ns
[277.642s][info ][gc,start       ] GC(30) Pause Young (Allocation Failure)
[277.646s][debug][gc,phases      ] GC(30) Scavenge 3.679ms
[277.646s][debug][gc,ref         ] GC(30) Skipped phase 1 of Reference Processing: no references
[277.646s][debug][gc,ref         ] GC(30) Skipped phase 2 of Reference Processing: no references
[277.646s][debug][gc,ref         ] GC(30) Skipped phase 3 of Reference Processing: no references
[277.646s][debug][gc,ref         ] GC(30) Skipped phase 4 of Reference Processing: no references
[277.646s][debug][gc,phases      ] GC(30) Reference Processing 0.020ms
[277.646s][debug][gc,phases      ] GC(30)   VM Weak                        Min:  0.0, Avg:  0.0, Max:  0.0, Diff:  0.0, Sum:  0.0, Workers: 4
[277.646s][debug][gc,phases      ] GC(30)     Dead                           Min: 0, Avg:  0.0, Max: 0, Diff: 0, Sum: 0, Workers: 4
[277.646s][debug][gc,phases      ] GC(30)     Total                          Min: 0, Avg: 206.2, Max: 441, Diff: 441, Sum: 825, Workers: 4
[277.646s][debug][gc,phases      ] GC(30)   ObjectSynchronizer Weak        Min:  0.0, Avg:  0.0, Max:  0.0, Diff:  0.0, Sum:  0.0, Workers: 4
[277.646s][debug][gc,phases      ] GC(30)     Dead                           Min: 0, Avg:  0.0, Max: 0, Diff: 0, Sum: 0, Workers: 4
[277.646s][debug][gc,phases      ] GC(30)     Total                          Min: 0, Avg: 14.5, Max: 58, Diff: 58, Sum: 58, Workers: 4
[277.646s][debug][gc,phases      ] GC(30)   JVMTI Tag Weak OopStorage      Min:  0.0, Avg:  0.0, Max:  0.0, Diff:  0.0, Sum:  0.0, Workers: 4
[277.646s][debug][gc,phases      ] GC(30)     Dead                           Min: 0, Avg:  0.0, Max: 0, Diff: 0, Sum: 0, Workers: 4
[277.646s][debug][gc,phases      ] GC(30)     Total                          Min: 0, Avg:  0.0, Max: 0, Diff: 0, Sum: 0, Workers: 4
[277.646s][debug][gc,phases      ] GC(30)   StringTable Weak               Min:  0.0, Avg:  0.1, Max:  0.1, Diff:  0.1, Sum:  0.4, Workers: 4
[277.646s][debug][gc,phases      ] GC(30)     Dead                           Min: 0, Avg:  0.0, Max: 0, Diff: 0, Sum: 0, Workers: 4
[277.646s][debug][gc,phases      ] GC(30)     Total                          Min: 0, Avg: 10917.5, Max: 15126, Diff: 15126, Sum: 43670, Workers: 4
[277.646s][debug][gc,phases      ] GC(30)   ResolvedMethodTable Weak       Min:  0.0, Avg:  0.0, Max:  0.0, Diff:  0.0, Sum:  0.1, Workers: 4
[277.646s][debug][gc,phases      ] GC(30)     Dead                           Min: 0, Avg:  0.0, Max: 0, Diff: 0, Sum: 0, Workers: 4
[277.646s][debug][gc,phases      ] GC(30)     Total                          Min: 0, Avg: 2376.8, Max: 3328, Diff: 3328, Sum: 9507, Workers: 4
[277.646s][debug][gc,phases      ] GC(30)   JNI Weak                       Min:  0.0, Avg:  0.0, Max:  0.0, Diff:  0.0, Sum:  0.0, Workers: 4
[277.646s][debug][gc,phases      ] GC(30)     Dead                           Min: 0, Avg:  0.0, Max: 0, Diff: 0, Sum: 0, Workers: 4
[277.646s][debug][gc,phases      ] GC(30)     Total                          Min: 0, Avg: 11.2, Max: 45, Diff: 45, Sum: 45, Workers: 4
[277.646s][debug][gc,phases      ] GC(30)   StringDedup Table Weak         Min:  0.0, Avg:  0.0, Max:  0.0, Diff:  0.0, Sum:  0.0, Workers: 4
[277.646s][debug][gc,phases      ] GC(30)     Dead                           Min: 0, Avg:  0.0, Max: 0, Diff: 0, Sum: 0, Workers: 4
[277.646s][debug][gc,phases      ] GC(30)     Total                          Min: 0, Avg:  0.0, Max: 0, Diff: 0, Sum: 0, Workers: 4
[277.646s][debug][gc,phases      ] GC(30)   StringDedup Requests0 Weak     Min:  0.0, Avg:  0.0, Max:  0.0, Diff:  0.0, Sum:  0.0, Workers: 4
[277.646s][debug][gc,phases      ] GC(30)     Dead                           Min: 0, Avg:  0.0, Max: 0, Diff: 0, Sum: 0, Workers: 4
[277.646s][debug][gc,phases      ] GC(30)     Total                          Min: 0, Avg:  0.0, Max: 0, Diff: 0, Sum: 0, Workers: 4
[277.646s][debug][gc,phases      ] GC(30)   StringDedup Requests1 Weak     Min:  0.0, Avg:  0.0, Max:  0.0, Diff:  0.0, Sum:  0.0, Workers: 4
[277.646s][debug][gc,phases      ] GC(30)     Dead                           Min: 0, Avg:  0.0, Max: 0, Diff: 0, Sum: 0, Workers: 4
[277.646s][debug][gc,phases      ] GC(30)     Total                          Min: 0, Avg:  0.0, Max: 0, Diff: 0, Sum: 0, Workers: 4
[277.646s][debug][gc,phases      ] GC(30)   Weak JFR Old Object Samples    Min:  0.0, Avg:  0.0, Max:  0.0, Diff:  0.0, Sum:  0.0, Workers: 4
[277.646s][debug][gc,phases      ] GC(30)     Dead                           Min: 0, Avg:  0.0, Max: 0, Diff: 0, Sum: 0, Workers: 4
[277.646s][debug][gc,phases      ] GC(30)     Total                          Min: 0, Avg:  0.0, Max: 0, Diff: 0, Sum: 0, Workers: 4
[277.646s][debug][gc,phases      ] GC(30) Weak Processing 0.331ms
[277.647s][debug][gc,age         ] GC(30) Desired survivor size 436207616 bytes, new threshold 15 (max threshold 15)
[277.647s][info ][gc,heap        ] GC(30) PSYoungGen: 1243744K(1667072K)->640K(1670144K) Eden: 1243136K(1243136K)->0K(1243136K) From: 608K(423936K)->640K(427008K)
[277.647s][info ][gc,heap        ] GC(30) ParOldGen: 345236K(458752K)->345252K(458752K)
[277.647s][info ][gc,metaspace   ] GC(30) Metaspace: 81053K(82112K)->81053K(82112K) NonClass: 69304K(69888K)->69304K(69888K) Class: 11749K(12224K)->11749K(12224K)
[277.647s][info ][gc             ] GC(30) Pause Young (Allocation Failure) 1551M->337M(2079M) 4.120ms
[277.647s][info ][gc,cpu         ] GC(30) User=0.01s Sys=0.00s Real=0.01s
[277.647s][info ][safepoint      ] Safepoint "ParallelGCFailedAllocation", Time since last: 535353818 ns, Reaching safepoint: 40700 ns, At safepoint: 4178285 ns, Total: 4218985 ns
[278.647s][info ][safepoint      ] Safepoint "Cleanup", Time since last: 1000085298 ns, Reaching safepoint: 105199 ns, At safepoint: 6800 ns, Total: 111999 ns
[279.647s][info ][safepoint      ] Safepoint "Cleanup", Time since last: 1000109598 ns, Reaching safepoint: 95800 ns, At safepoint: 6300 ns, Total: 102100 ns
[281.647s][info ][safepoint      ] Safepoint "Cleanup", Time since last: 2000187074 ns, Reaching safepoint: 43500 ns, At safepoint: 2400 ns, Total: 45900 ns
[282.647s][info ][safepoint      ] Safepoint "Cleanup", Time since last: 1000107222 ns, Reaching safepoint: 42000 ns, At safepoint: 4800 ns, Total: 46800 ns
[285.648s][info ][safepoint      ] Safepoint "Cleanup", Time since last: 3000196766 ns, Reaching safepoint: 34300 ns, At safepoint: 3100 ns, Total: 37400 ns
[288.648s][info ][safepoint      ] Safepoint "Cleanup", Time since last: 3000204253 ns, Reaching safepoint: 145000 ns, At safepoint: 5900 ns, Total: 150900 ns
[289.648s][info ][safepoint      ] Safepoint "Cleanup", Time since last: 1000111170 ns, Reaching safepoint: 107300 ns, At safepoint: 2800 ns, Total: 110100 ns
[291.243s][info ][gc,start       ] GC(31) Pause Young (Allocation Failure)
[291.247s][debug][gc,phases      ] GC(31) Scavenge 3.776ms
[291.247s][debug][gc,ref         ] GC(31) Skipped phase 1 of Reference Processing: no references
[291.247s][debug][gc,ref         ] GC(31) Skipped phase 2 of Reference Processing: no references
[291.247s][debug][gc,ref         ] GC(31) Skipped phase 3 of Reference Processing: no references
[291.247s][debug][gc,ref         ] GC(31) Skipped phase 4 of Reference Processing: no references
[291.247s][debug][gc,phases      ] GC(31) Reference Processing 0.032ms
[291.247s][debug][gc,phases      ] GC(31)   VM Weak                        Min:  0.0, Avg:  0.0, Max:  0.0, Diff:  0.0, Sum:  0.0, Workers: 4
[291.247s][debug][gc,phases      ] GC(31)     Dead                           Min: 0, Avg:  0.0, Max: 0, Diff: 0, Sum: 0, Workers: 4
[291.247s][debug][gc,phases      ] GC(31)     Total                          Min: 0, Avg: 206.2, Max: 633, Diff: 633, Sum: 825, Workers: 4
[291.247s][debug][gc,phases      ] GC(31)   ObjectSynchronizer Weak        Min:  0.0, Avg:  0.0, Max:  0.0, Diff:  0.0, Sum:  0.0, Workers: 4
[291.247s][debug][gc,phases      ] GC(31)     Dead                           Min: 0, Avg:  0.0, Max: 0, Diff: 0, Sum: 0, Workers: 4
[291.247s][debug][gc,phases      ] GC(31)     Total                          Min: 0, Avg: 14.5, Max: 58, Diff: 58, Sum: 58, Workers: 4
[291.247s][debug][gc,phases      ] GC(31)   JVMTI Tag Weak OopStorage      Min:  0.0, Avg:  0.0, Max:  0.0, Diff:  0.0, Sum:  0.0, Workers: 4
[291.247s][debug][gc,phases      ] GC(31)     Dead                           Min: 0, Avg:  0.0, Max: 0, Diff: 0, Sum: 0, Workers: 4
[291.247s][debug][gc,phases      ] GC(31)     Total                          Min: 0, Avg:  0.0, Max: 0, Diff: 0, Sum: 0, Workers: 4
[291.247s][debug][gc,phases      ] GC(31)   StringTable Weak               Min:  0.0, Avg:  0.1, Max:  0.1, Diff:  0.1, Sum:  0.4, Workers: 4
[291.247s][debug][gc,phases      ] GC(31)     Dead                           Min: 0, Avg:  0.0, Max: 0, Diff: 0, Sum: 0, Workers: 4
[291.247s][debug][gc,phases      ] GC(31)     Total                          Min: 0, Avg: 10918.8, Max: 15003, Diff: 15003, Sum: 43675, Workers: 4
[291.247s][debug][gc,phases      ] GC(31)   ResolvedMethodTable Weak       Min:  0.0, Avg:  0.0, Max:  0.0, Diff:  0.0, Sum:  0.1, Workers: 4
[291.247s][debug][gc,phases      ] GC(31)     Dead                           Min: 0, Avg:  0.0, Max: 0, Diff: 0, Sum: 0, Workers: 4
[291.247s][debug][gc,phases      ] GC(31)     Total                          Min: 0, Avg: 2376.8, Max: 3363, Diff: 3363, Sum: 9507, Workers: 4
[291.247s][debug][gc,phases      ] GC(31)   JNI Weak                       Min:  0.0, Avg:  0.0, Max:  0.0, Diff:  0.0, Sum:  0.0, Workers: 4
[291.247s][debug][gc,phases      ] GC(31)     Dead                           Min: 0, Avg:  0.0, Max: 0, Diff: 0, Sum: 0, Workers: 4
[291.247s][debug][gc,phases      ] GC(31)     Total                          Min: 0, Avg: 11.2, Max: 45, Diff: 45, Sum: 45, Workers: 4
[291.247s][debug][gc,phases      ] GC(31)   StringDedup Table Weak         Min:  0.0, Avg:  0.0, Max:  0.0, Diff:  0.0, Sum:  0.0, Workers: 4
[291.247s][debug][gc,phases      ] GC(31)     Dead                           Min: 0, Avg:  0.0, Max: 0, Diff: 0, Sum: 0, Workers: 4
[291.247s][debug][gc,phases      ] GC(31)     Total                          Min: 0, Avg:  0.0, Max: 0, Diff: 0, Sum: 0, Workers: 4
[291.248s][debug][gc,phases      ] GC(31)   StringDedup Requests0 Weak     Min:  0.0, Avg:  0.0, Max:  0.0, Diff:  0.0, Sum:  0.0, Workers: 4
[291.248s][debug][gc,phases      ] GC(31)     Dead                           Min: 0, Avg:  0.0, Max: 0, Diff: 0, Sum: 0, Workers: 4
[291.248s][debug][gc,phases      ] GC(31)     Total                          Min: 0, Avg:  0.0, Max: 0, Diff: 0, Sum: 0, Workers: 4
[291.248s][debug][gc,phases      ] GC(31)   StringDedup Requests1 Weak     Min:  0.0, Avg:  0.0, Max:  0.0, Diff:  0.0, Sum:  0.0, Workers: 4
[291.248s][debug][gc,phases      ] GC(31)     Dead                           Min: 0, Avg:  0.0, Max: 0, Diff: 0, Sum: 0, Workers: 4
[291.248s][debug][gc,phases      ] GC(31)     Total                          Min: 0, Avg:  0.0, Max: 0, Diff: 0, Sum: 0, Workers: 4
[291.248s][debug][gc,phases      ] GC(31)   Weak JFR Old Object Samples    Min:  0.0, Avg:  0.0, Max:  0.0, Diff:  0.0, Sum:  0.0, Workers: 4
[291.248s][debug][gc,phases      ] GC(31)     Dead                           Min: 0, Avg:  0.0, Max: 0, Diff: 0, Sum: 0, Workers: 4
[291.248s][debug][gc,phases      ] GC(31)     Total                          Min: 0, Avg:  0.0, Max: 0, Diff: 0, Sum: 0, Workers: 4
[291.248s][debug][gc,phases      ] GC(31) Weak Processing 0.411ms
[291.248s][debug][gc,age         ] GC(31) Desired survivor size 430440448 bytes, new threshold 15 (max threshold 15)
[291.248s][info ][gc,heap        ] GC(31) PSYoungGen: 1243776K(1670144K)->624K(1676800K) Eden: 1243136K(1243136K)->0K(1250816K) From: 640K(427008K)->624K(425984K)
[291.248s][info ][gc,heap        ] GC(31) ParOldGen: 345252K(458752K)->345276K(458752K)
[291.248s][info ][gc,metaspace   ] GC(31) Metaspace: 81062K(82112K)->81062K(82112K) NonClass: 69313K(69888K)->69313K(69888K) Class: 11749K(12224K)->11749K(12224K)
[291.248s][info ][gc             ] GC(31) Pause Young (Allocation Failure) 1551M->337M(2085M) 4.341ms
[291.248s][info ][gc,cpu         ] GC(31) User=0.01s Sys=0.00s Real=0.01s
[291.248s][info ][safepoint      ] Safepoint "ParallelGCFailedAllocation", Time since last: 1594968332 ns, Reaching safepoint: 115500 ns, At safepoint: 4418383 ns, Total: 4533883 ns
[293.248s][info ][safepoint      ] Safepoint "Cleanup", Time since last: 2000158340 ns, Reaching safepoint: 47200 ns, At safepoint: 2600 ns, Total: 49800 ns
[294.248s][info ][safepoint      ] Safepoint "Cleanup", Time since last: 1000112570 ns, Reaching safepoint: 434798 ns, At safepoint: 4500 ns, Total: 439298 ns
[295.249s][info ][safepoint      ] Safepoint "Cleanup", Time since last: 1000101671 ns, Reaching safepoint: 60199 ns, At safepoint: 2600 ns, Total: 62799 ns
[296.249s][info ][safepoint      ] Safepoint "Cleanup", Time since last: 1000119171 ns, Reaching safepoint: 43299 ns, At safepoint: 10000 ns, Total: 53299 ns
[297.249s][info ][safepoint      ] Safepoint "Cleanup", Time since last: 1000103337 ns, Reaching safepoint: 30200 ns, At safepoint: 2600 ns, Total: 32800 ns
[299.249s][info ][safepoint      ] Safepoint "Cleanup", Time since last: 2000161061 ns, Reaching safepoint: 114000 ns, At safepoint: 4700 ns, Total: 118700 ns
[300.249s][info ][safepoint      ] Safepoint "Cleanup", Time since last: 1000109630 ns, Reaching safepoint: 46300 ns, At safepoint: 2200 ns, Total: 48500 ns
[301.250s][info ][safepoint      ] Safepoint "Cleanup", Time since last: 1000097331 ns, Reaching safepoint: 113499 ns, At safepoint: 8700 ns, Total: 122199 ns
[302.250s][info ][safepoint      ] Safepoint "Cleanup", Time since last: 1000115131 ns, Reaching safepoint: 39599 ns, At safepoint: 31800 ns, Total: 71399 ns
[304.993s][info ][gc,start       ] GC(32) Pause Young (Allocation Failure)
[304.997s][debug][gc,phases      ] GC(32) Scavenge 3.908ms
[304.997s][debug][gc,ref         ] GC(32) Skipped phase 1 of Reference Processing: no references
[304.997s][debug][gc,ref         ] GC(32) Skipped phase 2 of Reference Processing: no references
[304.997s][debug][gc,ref         ] GC(32) Skipped phase 3 of Reference Processing: no references
[304.997s][debug][gc,ref         ] GC(32) Skipped phase 4 of Reference Processing: no references
[304.997s][debug][gc,phases      ] GC(32) Reference Processing 0.021ms
[304.997s][debug][gc,phases      ] GC(32)   VM Weak                        Min:  0.0, Avg:  0.0, Max:  0.0, Diff:  0.0, Sum:  0.0, Workers: 4
[304.997s][debug][gc,phases      ] GC(32)     Dead                           Min: 0, Avg:  0.0, Max: 0, Diff: 0, Sum: 0, Workers: 4
[304.997s][debug][gc,phases      ] GC(32)     Total                          Min: 0, Avg: 206.2, Max: 448, Diff: 448, Sum: 825, Workers: 4
[304.997s][debug][gc,phases      ] GC(32)   ObjectSynchronizer Weak        Min:  0.0, Avg:  0.0, Max:  0.0, Diff:  0.0, Sum:  0.0, Workers: 4
[304.997s][debug][gc,phases      ] GC(32)     Dead                           Min: 0, Avg:  0.0, Max: 0, Diff: 0, Sum: 0, Workers: 4
[304.997s][debug][gc,phases      ] GC(32)     Total                          Min: 0, Avg: 14.5, Max: 58, Diff: 58, Sum: 58, Workers: 4
[304.997s][debug][gc,phases      ] GC(32)   JVMTI Tag Weak OopStorage      Min:  0.0, Avg:  0.0, Max:  0.0, Diff:  0.0, Sum:  0.0, Workers: 4
[304.997s][debug][gc,phases      ] GC(32)     Dead                           Min: 0, Avg:  0.0, Max: 0, Diff: 0, Sum: 0, Workers: 4
[304.997s][debug][gc,phases      ] GC(32)     Total                          Min: 0, Avg:  0.0, Max: 0, Diff: 0, Sum: 0, Workers: 4
[304.997s][debug][gc,phases      ] GC(32)   StringTable Weak               Min:  0.0, Avg:  0.1, Max:  0.1, Diff:  0.1, Sum:  0.3, Workers: 4
[304.997s][debug][gc,phases      ] GC(32)     Dead                           Min: 0, Avg:  0.0, Max: 0, Diff: 0, Sum: 0, Workers: 4
[304.997s][debug][gc,phases      ] GC(32)     Total                          Min: 0, Avg: 10922.5, Max: 26602, Diff: 26602, Sum: 43690, Workers: 4
[304.997s][debug][gc,phases      ] GC(32)   ResolvedMethodTable Weak       Min:  0.0, Avg:  0.0, Max:  0.0, Diff:  0.0, Sum:  0.1, Workers: 4
[304.997s][debug][gc,phases      ] GC(32)     Dead                           Min: 0, Avg:  0.0, Max: 0, Diff: 0, Sum: 0, Workers: 4
[304.997s][debug][gc,phases      ] GC(32)     Total                          Min: 0, Avg: 2376.8, Max: 5632, Diff: 5632, Sum: 9507, Workers: 4
[304.997s][debug][gc,phases      ] GC(32)   JNI Weak                       Min:  0.0, Avg:  0.0, Max:  0.0, Diff:  0.0, Sum:  0.0, Workers: 4
[304.997s][debug][gc,phases      ] GC(32)     Dead                           Min: 0, Avg:  0.0, Max: 0, Diff: 0, Sum: 0, Workers: 4
[304.997s][debug][gc,phases      ] GC(32)     Total                          Min: 0, Avg: 11.2, Max: 45, Diff: 45, Sum: 45, Workers: 4
[304.997s][debug][gc,phases      ] GC(32)   StringDedup Table Weak         Min:  0.0, Avg:  0.0, Max:  0.0, Diff:  0.0, Sum:  0.0, Workers: 4
[304.997s][debug][gc,phases      ] GC(32)     Dead                           Min: 0, Avg:  0.0, Max: 0, Diff: 0, Sum: 0, Workers: 4
[304.997s][debug][gc,phases      ] GC(32)     Total                          Min: 0, Avg:  0.0, Max: 0, Diff: 0, Sum: 0, Workers: 4
[304.997s][debug][gc,phases      ] GC(32)   StringDedup Requests0 Weak     Min:  0.0, Avg:  0.0, Max:  0.0, Diff:  0.0, Sum:  0.0, Workers: 4
[304.997s][debug][gc,phases      ] GC(32)     Dead                           Min: 0, Avg:  0.0, Max: 0, Diff: 0, Sum: 0, Workers: 4
[304.997s][debug][gc,phases      ] GC(32)     Total                          Min: 0, Avg:  0.0, Max: 0, Diff: 0, Sum: 0, Workers: 4
[304.997s][debug][gc,phases      ] GC(32)   StringDedup Requests1 Weak     Min:  0.0, Avg:  0.0, Max:  0.0, Diff:  0.0, Sum:  0.0, Workers: 4
[304.997s][debug][gc,phases      ] GC(32)     Dead                           Min: 0, Avg:  0.0, Max: 0, Diff: 0, Sum: 0, Workers: 4
[304.997s][debug][gc,phases      ] GC(32)     Total                          Min: 0, Avg:  0.0, Max: 0, Diff: 0, Sum: 0, Workers: 4
[304.997s][debug][gc,phases      ] GC(32)   Weak JFR Old Object Samples    Min:  0.0, Avg:  0.0, Max:  0.0, Diff:  0.0, Sum:  0.0, Workers: 4
[304.997s][debug][gc,phases      ] GC(32)     Dead                           Min: 0, Avg:  0.0, Max: 0, Diff: 0, Sum: 0, Workers: 4
[304.997s][debug][gc,phases      ] GC(32)     Total                          Min: 0, Avg:  0.0, Max: 0, Diff: 0, Sum: 0, Workers: 4
[304.997s][debug][gc,phases      ] GC(32) Weak Processing 0.353ms
[304.997s][debug][gc,age         ] GC(32) Desired survivor size 421527552 bytes, new threshold 15 (max threshold 15)
[304.997s][info ][gc,heap        ] GC(32) PSYoungGen: 1251440K(1676800K)->640K(1671168K) Eden: 1250816K(1250816K)->0K(1250816K) From: 624K(425984K)->640K(420352K)
[304.997s][info ][gc,heap        ] GC(32) ParOldGen: 345276K(458752K)->345284K(458752K)
[304.997s][info ][gc,metaspace   ] GC(32) Metaspace: 81088K(82112K)->81088K(82112K) NonClass: 69338K(69888K)->69338K(69888K) Class: 11749K(12224K)->11749K(12224K)
[304.997s][info ][gc             ] GC(32) Pause Young (Allocation Failure) 1559M->337M(2080M) 4.378ms
[304.997s][info ][gc,cpu         ] GC(32) User=0.02s Sys=0.00s Real=0.01s
[304.997s][info ][safepoint      ] Safepoint "ParallelGCFailedAllocation", Time since last: 2743020615 ns, Reaching safepoint: 39499 ns, At safepoint: 4434883 ns, Total: 4474382 ns
[305.997s][info ][safepoint      ] Safepoint "Cleanup", Time since last: 1000091633 ns, Reaching safepoint: 110899 ns, At safepoint: 8900 ns, Total: 119799 ns
[306.998s][info ][safepoint      ] Safepoint "Cleanup", Time since last: 1000107934 ns, Reaching safepoint: 103599 ns, At safepoint: 6100 ns, Total: 109699 ns
[307.998s][info ][safepoint      ] Safepoint "Cleanup", Time since last: 1000116133 ns, Reaching safepoint: 117800 ns, At safepoint: 5700 ns, Total: 123500 ns
[309.998s][info ][safepoint      ] Safepoint "Cleanup", Time since last: 2000152266 ns, Reaching safepoint: 52800 ns, At safepoint: 4200 ns, Total: 57000 ns
[311.154s][info ][safepoint      ] Safepoint "Cleanup", Time since last: 1155690216 ns, Reaching safepoint: 66300 ns, At safepoint: 2500 ns, Total: 68800 ns
[312.154s][info ][safepoint      ] Safepoint "Cleanup", Time since last: 1000101333 ns, Reaching safepoint: 39300 ns, At safepoint: 2400 ns, Total: 41700 ns
[315.154s][info ][safepoint      ] Safepoint "Cleanup", Time since last: 3000193817 ns, Reaching safepoint: 36500 ns, At safepoint: 3400 ns, Total: 39900 ns
[316.410s][info ][safepoint      ] Safepoint "Cleanup", Time since last: 1255266783 ns, Reaching safepoint: 113200 ns, At safepoint: 10500 ns, Total: 123700 ns
[317.446s][info ][safepoint      ] Safepoint "Cleanup", Time since last: 1035801960 ns, Reaching safepoint: 176100 ns, At safepoint: 4300 ns, Total: 180400 ns
[318.345s][info ][gc,start       ] GC(33) Pause Young (Allocation Failure)
[318.350s][debug][gc,phases      ] GC(33) Scavenge 4.533ms
[318.350s][debug][gc,ref         ] GC(33) Skipped phase 1 of Reference Processing: no references
[318.350s][debug][gc,ref         ] GC(33) ReferenceProcessor::execute queues: 1, RefProcThreadModel::Single, marks_oops_alive: false
[318.350s][debug][gc,ref         ] GC(33) Skipped phase 3 of Reference Processing: no references
[318.350s][debug][gc,ref         ] GC(33) ReferenceProcessor::execute queues: 1, RefProcThreadModel::Single, marks_oops_alive: false
[318.350s][debug][gc,phases      ] GC(33) Reference Processing 0.121ms
[318.350s][debug][gc,phases      ] GC(33)   VM Weak                        Min:  0.0, Avg:  0.0, Max:  0.0, Diff:  0.0, Sum:  0.0, Workers: 4
[318.350s][debug][gc,phases      ] GC(33)     Dead                           Min: 0, Avg:  0.0, Max: 0, Diff: 0, Sum: 0, Workers: 4
[318.350s][debug][gc,phases      ] GC(33)     Total                          Min: 0, Avg: 206.5, Max: 640, Diff: 640, Sum: 826, Workers: 4
[318.350s][debug][gc,phases      ] GC(33)   ObjectSynchronizer Weak        Min:  0.0, Avg:  0.0, Max:  0.0, Diff:  0.0, Sum:  0.0, Workers: 4
[318.350s][debug][gc,phases      ] GC(33)     Dead                           Min: 0, Avg:  0.0, Max: 0, Diff: 0, Sum: 0, Workers: 4
[318.350s][debug][gc,phases      ] GC(33)     Total                          Min: 0, Avg: 14.5, Max: 58, Diff: 58, Sum: 58, Workers: 4
[318.350s][debug][gc,phases      ] GC(33)   JVMTI Tag Weak OopStorage      Min:  0.0, Avg:  0.0, Max:  0.0, Diff:  0.0, Sum:  0.0, Workers: 4
[318.350s][debug][gc,phases      ] GC(33)     Dead                           Min: 0, Avg:  0.0, Max: 0, Diff: 0, Sum: 0, Workers: 4
[318.350s][debug][gc,phases      ] GC(33)     Total                          Min: 0, Avg:  0.0, Max: 0, Diff: 0, Sum: 0, Workers: 4
[318.350s][debug][gc,phases      ] GC(33)   StringTable Weak               Min:  0.0, Avg:  0.1, Max:  0.2, Diff:  0.2, Sum:  0.4, Workers: 4
[318.350s][debug][gc,phases      ] GC(33)     Dead                           Min: 0, Avg:  0.5, Max: 2, Diff: 2, Sum: 2, Workers: 4
[318.350s][debug][gc,phases      ] GC(33)     Total                          Min: 0, Avg: 10934.0, Max: 22168, Diff: 22168, Sum: 43736, Workers: 4
[318.350s][debug][gc,phases      ] GC(33)   ResolvedMethodTable Weak       Min:  0.0, Avg:  0.0, Max:  0.0, Diff:  0.0, Sum:  0.1, Workers: 4
[318.350s][debug][gc,phases      ] GC(33)     Dead                           Min: 0, Avg:  0.0, Max: 0, Diff: 0, Sum: 0, Workers: 4
[318.350s][debug][gc,phases      ] GC(33)     Total                          Min: 0, Avg: 2385.2, Max: 4805, Diff: 4805, Sum: 9541, Workers: 4
[318.350s][debug][gc,phases      ] GC(33)   JNI Weak                       Min:  0.0, Avg:  0.0, Max:  0.0, Diff:  0.0, Sum:  0.0, Workers: 4
[318.350s][debug][gc,phases      ] GC(33)     Dead                           Min: 0, Avg:  0.0, Max: 0, Diff: 0, Sum: 0, Workers: 4
[318.350s][debug][gc,phases      ] GC(33)     Total                          Min: 0, Avg: 11.2, Max: 45, Diff: 45, Sum: 45, Workers: 4
[318.350s][debug][gc,phases      ] GC(33)   StringDedup Table Weak         Min:  0.0, Avg:  0.0, Max:  0.0, Diff:  0.0, Sum:  0.0, Workers: 4
[318.350s][debug][gc,phases      ] GC(33)     Dead                           Min: 0, Avg:  0.0, Max: 0, Diff: 0, Sum: 0, Workers: 4
[318.350s][debug][gc,phases      ] GC(33)     Total                          Min: 0, Avg:  0.0, Max: 0, Diff: 0, Sum: 0, Workers: 4
[318.350s][debug][gc,phases      ] GC(33)   StringDedup Requests0 Weak     Min:  0.0, Avg:  0.0, Max:  0.0, Diff:  0.0, Sum:  0.0, Workers: 4
[318.350s][debug][gc,phases      ] GC(33)     Dead                           Min: 0, Avg:  0.0, Max: 0, Diff: 0, Sum: 0, Workers: 4
[318.350s][debug][gc,phases      ] GC(33)     Total                          Min: 0, Avg:  0.0, Max: 0, Diff: 0, Sum: 0, Workers: 4
[318.350s][debug][gc,phases      ] GC(33)   StringDedup Requests1 Weak     Min:  0.0, Avg:  0.0, Max:  0.0, Diff:  0.0, Sum:  0.0, Workers: 4
[318.350s][debug][gc,phases      ] GC(33)     Dead                           Min: 0, Avg:  0.0, Max: 0, Diff: 0, Sum: 0, Workers: 4
[318.350s][debug][gc,phases      ] GC(33)     Total                          Min: 0, Avg:  0.0, Max: 0, Diff: 0, Sum: 0, Workers: 4
[318.350s][debug][gc,phases      ] GC(33)   Weak JFR Old Object Samples    Min:  0.0, Avg:  0.0, Max:  0.0, Diff:  0.0, Sum:  0.0, Workers: 4
[318.350s][debug][gc,phases      ] GC(33)     Dead                           Min: 0, Avg:  0.0, Max: 0, Diff: 0, Sum: 0, Workers: 4
[318.351s][debug][gc,phases      ] GC(33)     Total                          Min: 0, Avg:  0.0, Max: 0, Diff: 0, Sum: 0, Workers: 4
[318.351s][debug][gc,phases      ] GC(33) Weak Processing 0.524ms
[318.351s][debug][gc,age         ] GC(33) Desired survivor size 410517504 bytes, new threshold 15 (max threshold 15)
[318.351s][info ][gc,heap        ] GC(33) PSYoungGen: 1251456K(1671168K)->768K(1696256K) Eden: 1250816K(1250816K)->0K(1284608K) From: 640K(420352K)->768K(411648K)
[318.351s][info ][gc,heap        ] GC(33) ParOldGen: 345284K(458752K)->345300K(458752K)
[318.351s][info ][gc,metaspace   ] GC(33) Metaspace: 81256K(82240K)->81256K(82240K) NonClass: 69482K(70016K)->69482K(70016K) Class: 11773K(12224K)->11773K(12224K)
[318.351s][info ][gc             ] GC(33) Pause Young (Allocation Failure) 1559M->337M(2104M) 5.302ms
[318.351s][info ][gc,cpu         ] GC(33) User=0.01s Sys=0.00s Real=0.01s
[318.351s][info ][safepoint      ] Safepoint "ParallelGCFailedAllocation", Time since last: 899551104 ns, Reaching safepoint: 48900 ns, At safepoint: 5377579 ns, Total: 5426479 ns
[319.351s][info ][safepoint      ] Safepoint "Cleanup", Time since last: 1000090603 ns, Reaching safepoint: 114099 ns, At safepoint: 4800 ns, Total: 118899 ns
[320.351s][info ][safepoint      ] Safepoint "Cleanup", Time since last: 1000322803 ns, Reaching safepoint: 38099 ns, At safepoint: 2900 ns, Total: 40999 ns
[321.351s][info ][safepoint      ] Safepoint "Cleanup", Time since last: 1000117478 ns, Reaching safepoint: 53600 ns, At safepoint: 2500 ns, Total: 56100 ns
[322.351s][info ][safepoint      ] Safepoint "Cleanup", Time since last: 1000098484 ns, Reaching safepoint: 47300 ns, At safepoint: 2400 ns, Total: 49700 ns
[323.352s][info ][safepoint      ] Safepoint "Cleanup", Time since last: 1000126184 ns, Reaching safepoint: 36600 ns, At safepoint: 2300 ns, Total: 38900 ns
[325.352s][info ][safepoint      ] Safepoint "Cleanup", Time since last: 2000163269 ns, Reaching safepoint: 42000 ns, At safepoint: 7600 ns, Total: 49600 ns
[326.352s][info ][safepoint      ] Safepoint "Cleanup", Time since last: 1000116184 ns, Reaching safepoint: 40500 ns, At safepoint: 2900 ns, Total: 43400 ns
[327.352s][info ][safepoint      ] Safepoint "Cleanup", Time since last: 1000093084 ns, Reaching safepoint: 37500 ns, At safepoint: 3300 ns, Total: 40800 ns
[329.352s][info ][safepoint      ] Safepoint "Cleanup", Time since last: 2000171250 ns, Reaching safepoint: 47300 ns, At safepoint: 2600 ns, Total: 49900 ns
[330.353s][info ][safepoint      ] Safepoint "Cleanup", Time since last: 1000124919 ns, Reaching safepoint: 52699 ns, At safepoint: 6000 ns, Total: 58699 ns
[332.197s][info ][gc,start       ] GC(34) Pause Young (Allocation Failure)
[332.201s][debug][gc,phases      ] GC(34) Scavenge 4.116ms
[332.201s][debug][gc,ref         ] GC(34) Skipped phase 1 of Reference Processing: no references
[332.201s][debug][gc,ref         ] GC(34) ReferenceProcessor::execute queues: 1, RefProcThreadModel::Single, marks_oops_alive: false
[332.201s][debug][gc,ref         ] GC(34) Skipped phase 3 of Reference Processing: no references
[332.201s][debug][gc,ref         ] GC(34) ReferenceProcessor::execute queues: 1, RefProcThreadModel::Single, marks_oops_alive: false
[332.201s][debug][gc,phases      ] GC(34) Reference Processing 0.113ms
[332.202s][debug][gc,phases      ] GC(34)   VM Weak                        Min:  0.0, Avg:  0.0, Max:  0.0, Diff:  0.0, Sum:  0.0, Workers: 4
[332.202s][debug][gc,phases      ] GC(34)     Dead                           Min: 0, Avg:  0.0, Max: 0, Diff: 0, Sum: 0, Workers: 4
[332.202s][debug][gc,phases      ] GC(34)     Total                          Min: 0, Avg: 206.5, Max: 704, Diff: 704, Sum: 826, Workers: 4
[332.202s][debug][gc,phases      ] GC(34)   ObjectSynchronizer Weak        Min:  0.0, Avg:  0.0, Max:  0.0, Diff:  0.0, Sum:  0.0, Workers: 4
[332.202s][debug][gc,phases      ] GC(34)     Dead                           Min: 0, Avg:  0.0, Max: 0, Diff: 0, Sum: 0, Workers: 4
[332.202s][debug][gc,phases      ] GC(34)     Total                          Min: 0, Avg: 14.5, Max: 58, Diff: 58, Sum: 58, Workers: 4
[332.202s][debug][gc,phases      ] GC(34)   JVMTI Tag Weak OopStorage      Min:  0.0, Avg:  0.0, Max:  0.0, Diff:  0.0, Sum:  0.0, Workers: 4
[332.202s][debug][gc,phases      ] GC(34)     Dead                           Min: 0, Avg:  0.0, Max: 0, Diff: 0, Sum: 0, Workers: 4
[332.202s][debug][gc,phases      ] GC(34)     Total                          Min: 0, Avg:  0.0, Max: 0, Diff: 0, Sum: 0, Workers: 4
[332.202s][debug][gc,phases      ] GC(34)   StringTable Weak               Min:  0.0, Avg:  0.1, Max:  0.2, Diff:  0.2, Sum:  0.4, Workers: 4
[332.202s][debug][gc,phases      ] GC(34)     Dead                           Min: 0, Avg:  0.0, Max: 0, Diff: 0, Sum: 0, Workers: 4
[332.202s][debug][gc,phases      ] GC(34)     Total                          Min: 0, Avg: 10936.2, Max: 22369, Diff: 22369, Sum: 43745, Workers: 4
[332.202s][debug][gc,phases      ] GC(34)   ResolvedMethodTable Weak       Min:  0.0, Avg:  0.0, Max:  0.0, Diff:  0.0, Sum:  0.1, Workers: 4
[332.202s][debug][gc,phases      ] GC(34)     Dead                           Min: 0, Avg:  0.0, Max: 0, Diff: 0, Sum: 0, Workers: 4
[332.202s][debug][gc,phases      ] GC(34)     Total                          Min: 0, Avg: 2385.2, Max: 5189, Diff: 5189, Sum: 9541, Workers: 4
[332.202s][debug][gc,phases      ] GC(34)   JNI Weak                       Min:  0.0, Avg:  0.0, Max:  0.0, Diff:  0.0, Sum:  0.0, Workers: 4
[332.202s][debug][gc,phases      ] GC(34)     Dead                           Min: 0, Avg:  0.0, Max: 0, Diff: 0, Sum: 0, Workers: 4
[332.202s][debug][gc,phases      ] GC(34)     Total                          Min: 0, Avg: 11.2, Max: 45, Diff: 45, Sum: 45, Workers: 4
[332.202s][debug][gc,phases      ] GC(34)   StringDedup Table Weak         Min:  0.0, Avg:  0.0, Max:  0.0, Diff:  0.0, Sum:  0.0, Workers: 4
[332.202s][debug][gc,phases      ] GC(34)     Dead                           Min: 0, Avg:  0.0, Max: 0, Diff: 0, Sum: 0, Workers: 4
[332.202s][debug][gc,phases      ] GC(34)     Total                          Min: 0, Avg:  0.0, Max: 0, Diff: 0, Sum: 0, Workers: 4
[332.202s][debug][gc,phases      ] GC(34)   StringDedup Requests0 Weak     Min:  0.0, Avg:  0.0, Max:  0.0, Diff:  0.0, Sum:  0.0, Workers: 4
[332.202s][debug][gc,phases      ] GC(34)     Dead                           Min: 0, Avg:  0.0, Max: 0, Diff: 0, Sum: 0, Workers: 4
[332.202s][debug][gc,phases      ] GC(34)     Total                          Min: 0, Avg:  0.0, Max: 0, Diff: 0, Sum: 0, Workers: 4
[332.202s][debug][gc,phases      ] GC(34)   StringDedup Requests1 Weak     Min:  0.0, Avg:  0.0, Max:  0.0, Diff:  0.0, Sum:  0.0, Workers: 4
[332.202s][debug][gc,phases      ] GC(34)     Dead                           Min: 0, Avg:  0.0, Max: 0, Diff: 0, Sum: 0, Workers: 4
[332.202s][debug][gc,phases      ] GC(34)     Total                          Min: 0, Avg:  0.0, Max: 0, Diff: 0, Sum: 0, Workers: 4
[332.202s][debug][gc,phases      ] GC(34)   Weak JFR Old Object Samples    Min:  0.0, Avg:  0.0, Max:  0.0, Diff:  0.0, Sum:  0.0, Workers: 4
[332.202s][debug][gc,phases      ] GC(34)     Dead                           Min: 0, Avg:  0.0, Max: 0, Diff: 0, Sum: 0, Workers: 4
[332.202s][debug][gc,phases      ] GC(34)     Total                          Min: 0, Avg:  0.0, Max: 0, Diff: 0, Sum: 0, Workers: 4
[332.202s][debug][gc,phases      ] GC(34) Weak Processing 0.480ms
[332.202s][debug][gc,age         ] GC(34) Desired survivor size 396886016 bytes, new threshold 15 (max threshold 15)
[332.202s][info ][gc,heap        ] GC(34) PSYoungGen: 1285376K(1696256K)->768K(1685504K) Eden: 1284608K(1284608K)->0K(1284608K) From: 768K(411648K)->768K(400896K)
[332.202s][info ][gc,heap        ] GC(34) ParOldGen: 345300K(458752K)->345324K(458752K)
[332.202s][info ][gc,metaspace   ] GC(34) Metaspace: 81280K(82304K)->81280K(82304K) NonClass: 69506K(70080K)->69506K(70080K) Class: 11773K(12224K)->11773K(12224K)
[332.202s][info ][gc             ] GC(34) Pause Young (Allocation Failure) 1592M->337M(2094M) 4.833ms
[332.202s][info ][gc,cpu         ] GC(34) User=0.01s Sys=0.00s Real=0.00s
[332.202s][info ][safepoint      ] Safepoint "ParallelGCFailedAllocation", Time since last: 1844381249 ns, Reaching safepoint: 47500 ns, At safepoint: 4909384 ns, Total: 4956884 ns
[333.202s][info ][safepoint      ] Safepoint "Cleanup", Time since last: 1000087419 ns, Reaching safepoint: 45100 ns, At safepoint: 2700 ns, Total: 47800 ns
[334.202s][info ][safepoint      ] Safepoint "Cleanup", Time since last: 1000128119 ns, Reaching safepoint: 34000 ns, At safepoint: 2800 ns, Total: 36800 ns
[336.202s][info ][safepoint      ] Safepoint "Cleanup", Time since last: 2000167233 ns, Reaching safepoint: 45400 ns, At safepoint: 4100 ns, Total: 49500 ns
[339.203s][info ][safepoint      ] Safepoint "Cleanup", Time since last: 3000227017 ns, Reaching safepoint: 34200 ns, At safepoint: 2400 ns, Total: 36600 ns
[340.203s][info ][safepoint      ] Safepoint "Cleanup", Time since last: 1000107517 ns, Reaching safepoint: 31100 ns, At safepoint: 2800 ns, Total: 33900 ns
[341.203s][info ][safepoint      ] Safepoint "Cleanup", Time since last: 1000108035 ns, Reaching safepoint: 33399 ns, At safepoint: 2600 ns, Total: 35999 ns
[342.203s][info ][safepoint      ] Safepoint "Cleanup", Time since last: 1000116935 ns, Reaching safepoint: 41900 ns, At safepoint: 4000 ns, Total: 45900 ns
[344.204s][info ][safepoint      ] Safepoint "Cleanup", Time since last: 2000402168 ns, Reaching safepoint: 37600 ns, At safepoint: 3200 ns, Total: 40800 ns
[346.142s][info ][gc,start       ] GC(35) Pause Young (Allocation Failure)
[346.146s][debug][gc,phases      ] GC(35) Scavenge 4.186ms
[346.146s][debug][gc,ref         ] GC(35) Skipped phase 1 of Reference Processing: no references
[346.146s][debug][gc,ref         ] GC(35) ReferenceProcessor::execute queues: 1, RefProcThreadModel::Single, marks_oops_alive: false
[346.146s][debug][gc,ref         ] GC(35) Skipped phase 3 of Reference Processing: no references
[346.146s][debug][gc,ref         ] GC(35) ReferenceProcessor::execute queues: 1, RefProcThreadModel::Single, marks_oops_alive: false
[346.147s][debug][gc,phases      ] GC(35) Reference Processing 0.113ms
[346.147s][debug][gc,phases      ] GC(35)   VM Weak                        Min:  0.0, Avg:  0.0, Max:  0.0, Diff:  0.0, Sum:  0.0, Workers: 4
[346.147s][debug][gc,phases      ] GC(35)     Dead                           Min: 0, Avg:  0.0, Max: 0, Diff: 0, Sum: 0, Workers: 4
[346.147s][debug][gc,phases      ] GC(35)     Total                          Min: 0, Avg: 206.5, Max: 442, Diff: 442, Sum: 826, Workers: 4
[346.147s][debug][gc,phases      ] GC(35)   ObjectSynchronizer Weak        Min:  0.0, Avg:  0.0, Max:  0.0, Diff:  0.0, Sum:  0.0, Workers: 4
[346.147s][debug][gc,phases      ] GC(35)     Dead                           Min: 0, Avg:  0.0, Max: 0, Diff: 0, Sum: 0, Workers: 4
[346.147s][debug][gc,phases      ] GC(35)     Total                          Min: 0, Avg: 14.5, Max: 58, Diff: 58, Sum: 58, Workers: 4
[346.147s][debug][gc,phases      ] GC(35)   JVMTI Tag Weak OopStorage      Min:  0.0, Avg:  0.0, Max:  0.0, Diff:  0.0, Sum:  0.0, Workers: 4
[346.147s][debug][gc,phases      ] GC(35)     Dead                           Min: 0, Avg:  0.0, Max: 0, Diff: 0, Sum: 0, Workers: 4
[346.147s][debug][gc,phases      ] GC(35)     Total                          Min: 0, Avg:  0.0, Max: 0, Diff: 0, Sum: 0, Workers: 4
[346.147s][debug][gc,phases      ] GC(35)   StringTable Weak               Min:  0.0, Avg:  0.1, Max:  0.1, Diff:  0.1, Sum:  0.3, Workers: 4
[346.147s][debug][gc,phases      ] GC(35)     Dead                           Min: 0, Avg:  0.0, Max: 0, Diff: 0, Sum: 0, Workers: 4
[346.147s][debug][gc,phases      ] GC(35)     Total                          Min: 0, Avg: 10938.8, Max: 27264, Diff: 27264, Sum: 43755, Workers: 4
[346.147s][debug][gc,phases      ] GC(35)   ResolvedMethodTable Weak       Min:  0.0, Avg:  0.0, Max:  0.0, Diff:  0.0, Sum:  0.1, Workers: 4
[346.147s][debug][gc,phases      ] GC(35)     Dead                           Min: 0, Avg:  0.0, Max: 0, Diff: 0, Sum: 0, Workers: 4
[346.147s][debug][gc,phases      ] GC(35)     Total                          Min: 0, Avg: 2385.2, Max: 5824, Diff: 5824, Sum: 9541, Workers: 4
[346.147s][debug][gc,phases      ] GC(35)   JNI Weak                       Min:  0.0, Avg:  0.0, Max:  0.0, Diff:  0.0, Sum:  0.0, Workers: 4
[346.147s][debug][gc,phases      ] GC(35)     Dead                           Min: 0, Avg:  0.0, Max: 0, Diff: 0, Sum: 0, Workers: 4
[346.147s][debug][gc,phases      ] GC(35)     Total                          Min: 0, Avg: 11.2, Max: 45, Diff: 45, Sum: 45, Workers: 4
[346.147s][debug][gc,phases      ] GC(35)   StringDedup Table Weak         Min:  0.0, Avg:  0.0, Max:  0.0, Diff:  0.0, Sum:  0.0, Workers: 4
[346.147s][debug][gc,phases      ] GC(35)     Dead                           Min: 0, Avg:  0.0, Max: 0, Diff: 0, Sum: 0, Workers: 4
[346.147s][debug][gc,phases      ] GC(35)     Total                          Min: 0, Avg:  0.0, Max: 0, Diff: 0, Sum: 0, Workers: 4
[346.147s][debug][gc,phases      ] GC(35)   StringDedup Requests0 Weak     Min:  0.0, Avg:  0.0, Max:  0.0, Diff:  0.0, Sum:  0.0, Workers: 4
[346.147s][debug][gc,phases      ] GC(35)     Dead                           Min: 0, Avg:  0.0, Max: 0, Diff: 0, Sum: 0, Workers: 4
[346.147s][debug][gc,phases      ] GC(35)     Total                          Min: 0, Avg:  0.0, Max: 0, Diff: 0, Sum: 0, Workers: 4
[346.147s][debug][gc,phases      ] GC(35)   StringDedup Requests1 Weak     Min:  0.0, Avg:  0.0, Max:  0.0, Diff:  0.0, Sum:  0.0, Workers: 4
[346.147s][debug][gc,phases      ] GC(35)     Dead                           Min: 0, Avg:  0.0, Max: 0, Diff: 0, Sum: 0, Workers: 4
[346.147s][debug][gc,phases      ] GC(35)     Total                          Min: 0, Avg:  0.0, Max: 0, Diff: 0, Sum: 0, Workers: 4
[346.147s][debug][gc,phases      ] GC(35)   Weak JFR Old Object Samples    Min:  0.0, Avg:  0.0, Max:  0.0, Diff:  0.0, Sum:  0.0, Workers: 4
[346.147s][debug][gc,phases      ] GC(35)     Dead                           Min: 0, Avg:  0.0, Max: 0, Diff: 0, Sum: 0, Workers: 4
[346.147s][debug][gc,phases      ] GC(35)     Total                          Min: 0, Avg:  0.0, Max: 0, Diff: 0, Sum: 0, Workers: 4
[346.147s][debug][gc,phases      ] GC(35) Weak Processing 0.341ms
[346.147s][debug][gc,age         ] GC(35) Desired survivor size 382205952 bytes, new threshold 15 (max threshold 15)
[346.147s][info ][gc,heap        ] GC(35) PSYoungGen: 1285376K(1685504K)->800K(1723904K) Eden: 1284608K(1284608K)->0K(1336320K) From: 768K(400896K)->800K(387584K)
[346.147s][info ][gc,heap        ] GC(35) ParOldGen: 345324K(458752K)->345324K(458752K)
[346.147s][info ][gc,metaspace   ] GC(35) Metaspace: 81298K(82304K)->81298K(82304K) NonClass: 69524K(70080K)->69524K(70080K) Class: 11773K(12224K)->11773K(12224K)
[346.147s][info ][gc             ] GC(35) Pause Young (Allocation Failure) 1592M->338M(2131M) 4.740ms
[346.147s][info ][gc,cpu         ] GC(35) User=0.02s Sys=0.00s Real=0.01s
[346.147s][info ][safepoint      ] Safepoint "ParallelGCFailedAllocation", Time since last: 1938466038 ns, Reaching safepoint: 52400 ns, At safepoint: 4804486 ns, Total: 4856886 ns
[347.147s][info ][safepoint      ] Safepoint "Cleanup", Time since last: 1000094759 ns, Reaching safepoint: 121700 ns, At safepoint: 8000 ns, Total: 129700 ns
[348.147s][info ][safepoint      ] Safepoint "Cleanup", Time since last: 1000111358 ns, Reaching safepoint: 107600 ns, At safepoint: 4500 ns, Total: 112100 ns
[349.148s][info ][safepoint      ] Safepoint "Cleanup", Time since last: 1000109459 ns, Reaching safepoint: 60300 ns, At safepoint: 2300 ns, Total: 62600 ns
[350.148s][info ][safepoint      ] Safepoint "Cleanup", Time since last: 1000106658 ns, Reaching safepoint: 91700 ns, At safepoint: 2500 ns, Total: 94200 ns
[352.148s][info ][safepoint      ] Safepoint "Cleanup", Time since last: 2000180818 ns, Reaching safepoint: 45399 ns, At safepoint: 2700 ns, Total: 48099 ns
[353.148s][info ][safepoint      ] Safepoint "Cleanup", Time since last: 1000114279 ns, Reaching safepoint: 44200 ns, At safepoint: 3400 ns, Total: 47600 ns
[354.996s][info ][safepoint      ] Safepoint "Cleanup", Time since last: 1847299282 ns, Reaching safepoint: 187999 ns, At safepoint: 7400 ns, Total: 195399 ns
[355.996s][info ][safepoint      ] Safepoint "Cleanup", Time since last: 1000120789 ns, Reaching safepoint: 120800 ns, At safepoint: 4900 ns, Total: 125700 ns
[356.996s][info ][safepoint      ] Safepoint "Cleanup", Time since last: 1000108488 ns, Reaching safepoint: 105000 ns, At safepoint: 7000 ns, Total: 112000 ns
[357.996s][info ][safepoint      ] Safepoint "Cleanup", Time since last: 1000112889 ns, Reaching safepoint: 58599 ns, At safepoint: 2500 ns, Total: 61099 ns
[359.997s][info ][safepoint      ] Safepoint "Cleanup", Time since last: 2000200678 ns, Reaching safepoint: 107100 ns, At safepoint: 5799 ns, Total: 112899 ns
[360.941s][info ][gc,start       ] GC(36) Pause Young (Allocation Failure)
[360.947s][debug][gc,phases      ] GC(36) Scavenge 6.237ms
[360.947s][debug][gc,ref         ] GC(36) Skipped phase 1 of Reference Processing: no references
[360.948s][debug][gc,ref         ] GC(36) ReferenceProcessor::execute queues: 1, RefProcThreadModel::Single, marks_oops_alive: false
[360.948s][debug][gc,ref         ] GC(36) Skipped phase 3 of Reference Processing: no references
[360.948s][debug][gc,ref         ] GC(36) ReferenceProcessor::execute queues: 1, RefProcThreadModel::Single, marks_oops_alive: false
[360.948s][debug][gc,phases      ] GC(36) Reference Processing 0.092ms
[360.948s][debug][gc,phases      ] GC(36)   VM Weak                        Min:  0.0, Avg:  0.0, Max:  0.0, Diff:  0.0, Sum:  0.0, Workers: 4
[360.948s][debug][gc,phases      ] GC(36)     Dead                           Min: 0, Avg:  0.0, Max: 0, Diff: 0, Sum: 0, Workers: 4
[360.948s][debug][gc,phases      ] GC(36)     Total                          Min: 0, Avg: 208.5, Max: 768, Diff: 768, Sum: 834, Workers: 4
[360.948s][debug][gc,phases      ] GC(36)   ObjectSynchronizer Weak        Min:  0.0, Avg:  0.0, Max:  0.0, Diff:  0.0, Sum:  0.0, Workers: 4
[360.948s][debug][gc,phases      ] GC(36)     Dead                           Min: 0, Avg:  0.0, Max: 0, Diff: 0, Sum: 0, Workers: 4
[360.948s][debug][gc,phases      ] GC(36)     Total                          Min: 0, Avg: 14.5, Max: 58, Diff: 58, Sum: 58, Workers: 4
[360.948s][debug][gc,phases      ] GC(36)   JVMTI Tag Weak OopStorage      Min:  0.0, Avg:  0.0, Max:  0.0, Diff:  0.0, Sum:  0.0, Workers: 4
[360.948s][debug][gc,phases      ] GC(36)     Dead                           Min: 0, Avg:  0.0, Max: 0, Diff: 0, Sum: 0, Workers: 4
[360.948s][debug][gc,phases      ] GC(36)     Total                          Min: 0, Avg:  0.0, Max: 0, Diff: 0, Sum: 0, Workers: 4
[360.948s][debug][gc,phases      ] GC(36)   StringTable Weak               Min:  0.0, Avg:  0.1, Max:  0.2, Diff:  0.2, Sum:  0.4, Workers: 4
[360.948s][debug][gc,phases      ] GC(36)     Dead                           Min: 0, Avg:  0.2, Max: 1, Diff: 1, Sum: 1, Workers: 4
[360.948s][debug][gc,phases      ] GC(36)     Total                          Min: 0, Avg: 10949.0, Max: 22528, Diff: 22528, Sum: 43796, Workers: 4
[360.948s][debug][gc,phases      ] GC(36)   ResolvedMethodTable Weak       Min:  0.0, Avg:  0.0, Max:  0.0, Diff:  0.0, Sum:  0.1, Workers: 4
[360.948s][debug][gc,phases      ] GC(36)     Dead                           Min: 0, Avg:  0.0, Max: 0, Diff: 0, Sum: 0, Workers: 4
[360.948s][debug][gc,phases      ] GC(36)     Total                          Min: 0, Avg: 2392.2, Max: 5312, Diff: 5312, Sum: 9569, Workers: 4
[360.948s][debug][gc,phases      ] GC(36)   JNI Weak                       Min:  0.0, Avg:  0.0, Max:  0.0, Diff:  0.0, Sum:  0.0, Workers: 4
[360.948s][debug][gc,phases      ] GC(36)     Dead                           Min: 0, Avg:  0.0, Max: 0, Diff: 0, Sum: 0, Workers: 4
[360.948s][debug][gc,phases      ] GC(36)     Total                          Min: 0, Avg: 11.2, Max: 45, Diff: 45, Sum: 45, Workers: 4
[360.948s][debug][gc,phases      ] GC(36)   StringDedup Table Weak         Min:  0.0, Avg:  0.0, Max:  0.0, Diff:  0.0, Sum:  0.0, Workers: 4
[360.948s][debug][gc,phases      ] GC(36)     Dead                           Min: 0, Avg:  0.0, Max: 0, Diff: 0, Sum: 0, Workers: 4
[360.948s][debug][gc,phases      ] GC(36)     Total                          Min: 0, Avg:  0.0, Max: 0, Diff: 0, Sum: 0, Workers: 4
[360.948s][debug][gc,phases      ] GC(36)   StringDedup Requests0 Weak     Min:  0.0, Avg:  0.0, Max:  0.0, Diff:  0.0, Sum:  0.0, Workers: 4
[360.948s][debug][gc,phases      ] GC(36)     Dead                           Min: 0, Avg:  0.0, Max: 0, Diff: 0, Sum: 0, Workers: 4
[360.948s][debug][gc,phases      ] GC(36)     Total                          Min: 0, Avg:  0.0, Max: 0, Diff: 0, Sum: 0, Workers: 4
[360.948s][debug][gc,phases      ] GC(36)   StringDedup Requests1 Weak     Min:  0.0, Avg:  0.0, Max:  0.0, Diff:  0.0, Sum:  0.0, Workers: 4
[360.948s][debug][gc,phases      ] GC(36)     Dead                           Min: 0, Avg:  0.0, Max: 0, Diff: 0, Sum: 0, Workers: 4
[360.948s][debug][gc,phases      ] GC(36)     Total                          Min: 0, Avg:  0.0, Max: 0, Diff: 0, Sum: 0, Workers: 4
[360.948s][debug][gc,phases      ] GC(36)   Weak JFR Old Object Samples    Min:  0.0, Avg:  0.0, Max:  0.0, Diff:  0.0, Sum:  0.0, Workers: 4
[360.948s][debug][gc,phases      ] GC(36)     Dead                           Min: 0, Avg:  0.0, Max: 0, Diff: 0, Sum: 0, Workers: 4
[360.948s][debug][gc,phases      ] GC(36)     Total                          Min: 0, Avg:  0.0, Max: 0, Diff: 0, Sum: 0, Workers: 4
[360.948s][debug][gc,phases      ] GC(36) Weak Processing 0.684ms
[360.948s][debug][gc,age         ] GC(36) Desired survivor size 366477312 bytes, new threshold 15 (max threshold 15)
[360.948s][info ][gc,heap        ] GC(36) PSYoungGen: 1337120K(1723904K)->1168K(1709568K) Eden: 1336320K(1336320K)->0K(1336320K) From: 800K(387584K)->1168K(373248K)
[360.948s][info ][gc,heap        ] GC(36) ParOldGen: 345324K(458752K)->345332K(458752K)
[360.948s][info ][gc,metaspace   ] GC(36) Metaspace: 81365K(82432K)->81365K(82432K) NonClass: 69582K(70208K)->69582K(70208K) Class: 11782K(12224K)->11782K(12224K)
[360.948s][info ][gc             ] GC(36) Pause Young (Allocation Failure) 1643M->338M(2117M) 7.117ms
[360.948s][info ][gc,cpu         ] GC(36) User=0.01s Sys=0.00s Real=0.01s
[360.948s][info ][safepoint      ] Safepoint "ParallelGCFailedAllocation", Time since last: 944551717 ns, Reaching safepoint: 36999 ns, At safepoint: 7173614 ns, Total: 7210613 ns
[362.949s][info ][safepoint      ] Safepoint "Cleanup", Time since last: 2000156951 ns, Reaching safepoint: 119099 ns, At safepoint: 7200 ns, Total: 126299 ns
[363.949s][info ][safepoint      ] Safepoint "Cleanup", Time since last: 1000106943 ns, Reaching safepoint: 40300 ns, At safepoint: 2000 ns, Total: 42300 ns
[364.949s][info ][safepoint      ] Safepoint "Cleanup", Time since last: 1000102243 ns, Reaching safepoint: 51300 ns, At safepoint: 2200 ns, Total: 53500 ns
[367.949s][info ][safepoint      ] Safepoint "Cleanup", Time since last: 3000199430 ns, Reaching safepoint: 60199 ns, At safepoint: 2800 ns, Total: 62999 ns
[368.949s][info ][safepoint      ] Safepoint "Cleanup", Time since last: 1000124783 ns, Reaching safepoint: 122100 ns, At safepoint: 6600 ns, Total: 128700 ns
[369.950s][info ][safepoint      ] Safepoint "Cleanup", Time since last: 1000102317 ns, Reaching safepoint: 47300 ns, At safepoint: 2500 ns, Total: 49800 ns
[370.950s][info ][safepoint      ] Safepoint "Cleanup", Time since last: 1000122917 ns, Reaching safepoint: 55199 ns, At safepoint: 6700 ns, Total: 61899 ns
[374.950s][info ][safepoint      ] Safepoint "Cleanup", Time since last: 4000293569 ns, Reaching safepoint: 46700 ns, At safepoint: 7000 ns, Total: 53700 ns
[375.528s][info ][gc,start       ] GC(37) Pause Young (Allocation Failure)
[375.530s][debug][gc,phases      ] GC(37) Scavenge 2.497ms
[375.530s][debug][gc,ref         ] GC(37) Skipped phase 1 of Reference Processing: no references
[375.530s][debug][gc,ref         ] GC(37) ReferenceProcessor::execute queues: 1, RefProcThreadModel::Single, marks_oops_alive: false
[375.530s][debug][gc,ref         ] GC(37) Skipped phase 3 of Reference Processing: no references
[375.530s][debug][gc,ref         ] GC(37) ReferenceProcessor::execute queues: 1, RefProcThreadModel::Single, marks_oops_alive: false
[375.530s][debug][gc,phases      ] GC(37) Reference Processing 0.110ms
[375.531s][debug][gc,phases      ] GC(37)   VM Weak                        Min:  0.0, Avg:  0.0, Max:  0.0, Diff:  0.0, Sum:  0.0, Workers: 4
[375.531s][debug][gc,phases      ] GC(37)     Dead                           Min: 0, Avg:  0.0, Max: 0, Diff: 0, Sum: 0, Workers: 4
[375.531s][debug][gc,phases      ] GC(37)     Total                          Min: 0, Avg: 208.5, Max: 386, Diff: 386, Sum: 834, Workers: 4
[375.531s][debug][gc,phases      ] GC(37)   ObjectSynchronizer Weak        Min:  0.0, Avg:  0.0, Max:  0.0, Diff:  0.0, Sum:  0.0, Workers: 4
[375.531s][debug][gc,phases      ] GC(37)     Dead                           Min: 0, Avg:  0.0, Max: 0, Diff: 0, Sum: 0, Workers: 4
[375.531s][debug][gc,phases      ] GC(37)     Total                          Min: 0, Avg: 14.5, Max: 58, Diff: 58, Sum: 58, Workers: 4
[375.531s][debug][gc,phases      ] GC(37)   JVMTI Tag Weak OopStorage      Min:  0.0, Avg:  0.0, Max:  0.0, Diff:  0.0, Sum:  0.0, Workers: 4
[375.531s][debug][gc,phases      ] GC(37)     Dead                           Min: 0, Avg:  0.0, Max: 0, Diff: 0, Sum: 0, Workers: 4
[375.531s][debug][gc,phases      ] GC(37)     Total                          Min: 0, Avg:  0.0, Max: 0, Diff: 0, Sum: 0, Workers: 4
[375.531s][debug][gc,phases      ] GC(37)   StringTable Weak               Min:  0.0, Avg:  0.1, Max:  0.1, Diff:  0.1, Sum:  0.4, Workers: 4
[375.531s][debug][gc,phases      ] GC(37)     Dead                           Min: 0, Avg:  0.0, Max: 0, Diff: 0, Sum: 0, Workers: 4
[375.531s][debug][gc,phases      ] GC(37)     Total                          Min: 0, Avg: 10950.8, Max: 14784, Diff: 14784, Sum: 43803, Workers: 4
[375.531s][debug][gc,phases      ] GC(37)   ResolvedMethodTable Weak       Min:  0.0, Avg:  0.0, Max:  0.0, Diff:  0.0, Sum:  0.1, Workers: 4
[375.531s][debug][gc,phases      ] GC(37)     Dead                           Min: 0, Avg:  0.0, Max: 0, Diff: 0, Sum: 0, Workers: 4
[375.531s][debug][gc,phases      ] GC(37)     Total                          Min: 0, Avg: 2392.2, Max: 3361, Diff: 3361, Sum: 9569, Workers: 4
[375.531s][debug][gc,phases      ] GC(37)   JNI Weak                       Min:  0.0, Avg:  0.0, Max:  0.0, Diff:  0.0, Sum:  0.0, Workers: 4
[375.531s][debug][gc,phases      ] GC(37)     Dead                           Min: 0, Avg:  0.0, Max: 0, Diff: 0, Sum: 0, Workers: 4
[375.531s][debug][gc,phases      ] GC(37)     Total                          Min: 0, Avg: 11.8, Max: 47, Diff: 47, Sum: 47, Workers: 4
[375.531s][debug][gc,phases      ] GC(37)   StringDedup Table Weak         Min:  0.0, Avg:  0.0, Max:  0.0, Diff:  0.0, Sum:  0.0, Workers: 4
[375.531s][debug][gc,phases      ] GC(37)     Dead                           Min: 0, Avg:  0.0, Max: 0, Diff: 0, Sum: 0, Workers: 4
[375.531s][debug][gc,phases      ] GC(37)     Total                          Min: 0, Avg:  0.0, Max: 0, Diff: 0, Sum: 0, Workers: 4
[375.531s][debug][gc,phases      ] GC(37)   StringDedup Requests0 Weak     Min:  0.0, Avg:  0.0, Max:  0.0, Diff:  0.0, Sum:  0.0, Workers: 4
[375.531s][debug][gc,phases      ] GC(37)     Dead                           Min: 0, Avg:  0.0, Max: 0, Diff: 0, Sum: 0, Workers: 4
[375.531s][debug][gc,phases      ] GC(37)     Total                          Min: 0, Avg:  0.0, Max: 0, Diff: 0, Sum: 0, Workers: 4
[375.531s][debug][gc,phases      ] GC(37)   StringDedup Requests1 Weak     Min:  0.0, Avg:  0.0, Max:  0.0, Diff:  0.0, Sum:  0.0, Workers: 4
[375.531s][debug][gc,phases      ] GC(37)     Dead                           Min: 0, Avg:  0.0, Max: 0, Diff: 0, Sum: 0, Workers: 4
[375.531s][debug][gc,phases      ] GC(37)     Total                          Min: 0, Avg:  0.0, Max: 0, Diff: 0, Sum: 0, Workers: 4
[375.531s][debug][gc,phases      ] GC(37)   Weak JFR Old Object Samples    Min:  0.0, Avg:  0.0, Max:  0.0, Diff:  0.0, Sum:  0.0, Workers: 4
[375.531s][debug][gc,phases      ] GC(37)     Dead                           Min: 0, Avg:  0.0, Max: 0, Diff: 0, Sum: 0, Workers: 4
[375.531s][debug][gc,phases      ] GC(37)     Total                          Min: 0, Avg:  0.0, Max: 0, Diff: 0, Sum: 0, Workers: 4
[375.531s][debug][gc,phases      ] GC(37) Weak Processing 0.328ms
[375.531s][debug][gc,age         ] GC(37) Desired survivor size 350224384 bytes, new threshold 15 (max threshold 15)
[375.531s][info ][gc,heap        ] GC(37) PSYoungGen: 1337488K(1709568K)->1168K(1755136K) Eden: 1336320K(1336320K)->0K(1397248K) From: 1168K(373248K)->1168K(357888K)
[375.531s][info ][gc,heap        ] GC(37) ParOldGen: 345332K(458752K)->345340K(458752K)
[375.531s][info ][gc,metaspace   ] GC(37) Metaspace: 81378K(82432K)->81378K(82432K) NonClass: 69595K(70208K)->69595K(70208K) Class: 11782K(12224K)->11782K(12224K)
[375.531s][info ][gc             ] GC(37) Pause Young (Allocation Failure) 1643M->338M(2162M) 3.029ms
[375.531s][info ][gc,cpu         ] GC(37) User=0.01s Sys=0.00s Real=0.00s
[375.531s][info ][safepoint      ] Safepoint "ParallelGCFailedAllocation", Time since last: 577400985 ns, Reaching safepoint: 105699 ns, At safepoint: 3086087 ns, Total: 3191786 ns
[378.531s][info ][safepoint      ] Safepoint "Cleanup", Time since last: 3000211244 ns, Reaching safepoint: 33700 ns, At safepoint: 3000 ns, Total: 36700 ns
[380.531s][info ][safepoint      ] Safepoint "Cleanup", Time since last: 2000184521 ns, Reaching safepoint: 43800 ns, At safepoint: 4000 ns, Total: 47800 ns
[381.531s][info ][safepoint      ] Safepoint "Cleanup", Time since last: 1000109510 ns, Reaching safepoint: 39900 ns, At safepoint: 2400 ns, Total: 42300 ns
[384.532s][info ][safepoint      ] Safepoint "Cleanup", Time since last: 3000237735 ns, Reaching safepoint: 36700 ns, At safepoint: 27200 ns, Total: 63900 ns
[389.532s][info ][safepoint      ] Safepoint "Cleanup", Time since last: 5000363490 ns, Reaching safepoint: 28700 ns, At safepoint: 2700 ns, Total: 31400 ns
[390.792s][info ][gc,start       ] GC(38) Pause Young (Allocation Failure)
[390.796s][debug][gc,phases      ] GC(38) Scavenge 4.315ms
[390.797s][debug][gc,ref         ] GC(38) Skipped phase 1 of Reference Processing: no references
[390.797s][debug][gc,ref         ] GC(38) ReferenceProcessor::execute queues: 1, RefProcThreadModel::Single, marks_oops_alive: false
[390.797s][debug][gc,ref         ] GC(38) Skipped phase 3 of Reference Processing: no references
[390.797s][debug][gc,ref         ] GC(38) ReferenceProcessor::execute queues: 1, RefProcThreadModel::Single, marks_oops_alive: false
[390.797s][debug][gc,phases      ] GC(38) Reference Processing 0.094ms
[390.797s][debug][gc,phases      ] GC(38)   VM Weak                        Min:  0.0, Avg:  0.0, Max:  0.0, Diff:  0.0, Sum:  0.0, Workers: 4
[390.797s][debug][gc,phases      ] GC(38)     Dead                           Min: 0, Avg:  0.0, Max: 0, Diff: 0, Sum: 0, Workers: 4
[390.797s][debug][gc,phases      ] GC(38)     Total                          Min: 0, Avg: 208.5, Max: 704, Diff: 704, Sum: 834, Workers: 4
[390.797s][debug][gc,phases      ] GC(38)   ObjectSynchronizer Weak        Min:  0.0, Avg:  0.0, Max:  0.0, Diff:  0.0, Sum:  0.0, Workers: 4
[390.797s][debug][gc,phases      ] GC(38)     Dead                           Min: 0, Avg:  0.0, Max: 0, Diff: 0, Sum: 0, Workers: 4
[390.797s][debug][gc,phases      ] GC(38)     Total                          Min: 0, Avg: 14.5, Max: 58, Diff: 58, Sum: 58, Workers: 4
[390.797s][debug][gc,phases      ] GC(38)   JVMTI Tag Weak OopStorage      Min:  0.0, Avg:  0.0, Max:  0.0, Diff:  0.0, Sum:  0.0, Workers: 4
[390.797s][debug][gc,phases      ] GC(38)     Dead                           Min: 0, Avg:  0.0, Max: 0, Diff: 0, Sum: 0, Workers: 4
[390.797s][debug][gc,phases      ] GC(38)     Total                          Min: 0, Avg:  0.0, Max: 0, Diff: 0, Sum: 0, Workers: 4
[390.797s][debug][gc,phases      ] GC(38)   StringTable Weak               Min:  0.0, Avg:  0.1, Max:  0.1, Diff:  0.1, Sum:  0.4, Workers: 4
[390.797s][debug][gc,phases      ] GC(38)     Dead                           Min: 0, Avg:  0.0, Max: 0, Diff: 0, Sum: 0, Workers: 4
[390.797s][debug][gc,phases      ] GC(38)     Total                          Min: 0, Avg: 10950.8, Max: 15360, Diff: 15360, Sum: 43803, Workers: 4
[390.797s][debug][gc,phases      ] GC(38)   ResolvedMethodTable Weak       Min:  0.0, Avg:  0.0, Max:  0.0, Diff:  0.0, Sum:  0.1, Workers: 4
[390.797s][debug][gc,phases      ] GC(38)     Dead                           Min: 0, Avg:  0.0, Max: 0, Diff: 0, Sum: 0, Workers: 4
[390.797s][debug][gc,phases      ] GC(38)     Total                          Min: 0, Avg: 2392.2, Max: 3520, Diff: 3520, Sum: 9569, Workers: 4
[390.797s][debug][gc,phases      ] GC(38)   JNI Weak                       Min:  0.0, Avg:  0.0, Max:  0.0, Diff:  0.0, Sum:  0.0, Workers: 4
[390.797s][debug][gc,phases      ] GC(38)     Dead                           Min: 0, Avg:  0.0, Max: 0, Diff: 0, Sum: 0, Workers: 4
[390.797s][debug][gc,phases      ] GC(38)     Total                          Min: 0, Avg: 11.2, Max: 45, Diff: 45, Sum: 45, Workers: 4
[390.797s][debug][gc,phases      ] GC(38)   StringDedup Table Weak         Min:  0.0, Avg:  0.0, Max:  0.0, Diff:  0.0, Sum:  0.0, Workers: 4
[390.797s][debug][gc,phases      ] GC(38)     Dead                           Min: 0, Avg:  0.0, Max: 0, Diff: 0, Sum: 0, Workers: 4
[390.797s][debug][gc,phases      ] GC(38)     Total                          Min: 0, Avg:  0.0, Max: 0, Diff: 0, Sum: 0, Workers: 4
[390.797s][debug][gc,phases      ] GC(38)   StringDedup Requests0 Weak     Min:  0.0, Avg:  0.0, Max:  0.0, Diff:  0.0, Sum:  0.0, Workers: 4
[390.797s][debug][gc,phases      ] GC(38)     Dead                           Min: 0, Avg:  0.0, Max: 0, Diff: 0, Sum: 0, Workers: 4
[390.797s][debug][gc,phases      ] GC(38)     Total                          Min: 0, Avg:  0.0, Max: 0, Diff: 0, Sum: 0, Workers: 4
[390.797s][debug][gc,phases      ] GC(38)   StringDedup Requests1 Weak     Min:  0.0, Avg:  0.0, Max:  0.0, Diff:  0.0, Sum:  0.0, Workers: 4
[390.797s][debug][gc,phases      ] GC(38)     Dead                           Min: 0, Avg:  0.0, Max: 0, Diff: 0, Sum: 0, Workers: 4
[390.797s][debug][gc,phases      ] GC(38)     Total                          Min: 0, Avg:  0.0, Max: 0, Diff: 0, Sum: 0, Workers: 4
[390.797s][debug][gc,phases      ] GC(38)   Weak JFR Old Object Samples    Min:  0.0, Avg:  0.0, Max:  0.0, Diff:  0.0, Sum:  0.0, Workers: 4
[390.797s][debug][gc,phases      ] GC(38)     Dead                           Min: 0, Avg:  0.0, Max: 0, Diff: 0, Sum: 0, Workers: 4
[390.797s][debug][gc,phases      ] GC(38)     Total                          Min: 0, Avg:  0.0, Max: 0, Diff: 0, Sum: 0, Workers: 4
[390.797s][debug][gc,phases      ] GC(38) Weak Processing 0.423ms
[390.797s][debug][gc,age         ] GC(38) Desired survivor size 333447168 bytes, new threshold 15 (max threshold 15)
[390.797s][info ][gc,heap        ] GC(38) PSYoungGen: 1398416K(1755136K)->1216K(1739264K) Eden: 1397248K(1397248K)->0K(1397248K) From: 1168K(357888K)->1216K(342016K)
[390.797s][info ][gc,heap        ] GC(38) ParOldGen: 345340K(458752K)->345340K(458752K)
[390.797s][info ][gc,metaspace   ] GC(38) Metaspace: 81384K(82432K)->81384K(82432K) NonClass: 69601K(70208K)->69601K(70208K) Class: 11782K(12224K)->11782K(12224K)
[390.797s][info ][gc             ] GC(38) Pause Young (Allocation Failure) 1702M->338M(2146M) 4.957ms
[390.797s][info ][gc,cpu         ] GC(38) User=0.02s Sys=0.00s Real=0.01s
[390.797s][info ][safepoint      ] Safepoint "ParallelGCFailedAllocation", Time since last: 1260025833 ns, Reaching safepoint: 26000 ns, At safepoint: 5032979 ns, Total: 5058979 ns
[391.797s][info ][safepoint      ] Safepoint "Cleanup", Time since last: 1000085678 ns, Reaching safepoint: 115400 ns, At safepoint: 5400 ns, Total: 120800 ns
[393.798s][info ][safepoint      ] Safepoint "Cleanup", Time since last: 2000161373 ns, Reaching safepoint: 105200 ns, At safepoint: 3499 ns, Total: 108699 ns
[396.798s][info ][safepoint      ] Safepoint "Cleanup", Time since last: 3000243343 ns, Reaching safepoint: 102500 ns, At safepoint: 4100 ns, Total: 106600 ns
[398.798s][info ][safepoint      ] Safepoint "Cleanup", Time since last: 2000168128 ns, Reaching safepoint: 100700 ns, At safepoint: 5300 ns, Total: 106000 ns
[399.798s][info ][safepoint      ] Safepoint "Cleanup", Time since last: 1000100014 ns, Reaching safepoint: 33900 ns, At safepoint: 2700 ns, Total: 36600 ns
[406.048s][info ][gc,start       ] GC(39) Pause Young (Allocation Failure)
[406.053s][debug][gc,phases      ] GC(39) Scavenge 4.824ms
[406.053s][debug][gc,ref         ] GC(39) Skipped phase 1 of Reference Processing: no references
[406.053s][debug][gc,ref         ] GC(39) ReferenceProcessor::execute queues: 1, RefProcThreadModel::Single, marks_oops_alive: false
[406.053s][debug][gc,ref         ] GC(39) Skipped phase 3 of Reference Processing: no references
[406.053s][debug][gc,ref         ] GC(39) ReferenceProcessor::execute queues: 1, RefProcThreadModel::Single, marks_oops_alive: false
[406.053s][debug][gc,phases      ] GC(39) Reference Processing 0.125ms
[406.053s][debug][gc,phases      ] GC(39)   VM Weak                        Min:  0.0, Avg:  0.0, Max:  0.0, Diff:  0.0, Sum:  0.0, Workers: 4
[406.053s][debug][gc,phases      ] GC(39)     Dead                           Min: 0, Avg:  0.0, Max: 0, Diff: 0, Sum: 0, Workers: 4
[406.053s][debug][gc,phases      ] GC(39)     Total                          Min: 0, Avg: 208.5, Max: 834, Diff: 834, Sum: 834, Workers: 4
[406.053s][debug][gc,phases      ] GC(39)   ObjectSynchronizer Weak        Min:  0.0, Avg:  0.0, Max:  0.0, Diff:  0.0, Sum:  0.0, Workers: 4
[406.053s][debug][gc,phases      ] GC(39)     Dead                           Min: 0, Avg:  0.0, Max: 0, Diff: 0, Sum: 0, Workers: 4
[406.053s][debug][gc,phases      ] GC(39)     Total                          Min: 0, Avg: 14.5, Max: 58, Diff: 58, Sum: 58, Workers: 4
[406.053s][debug][gc,phases      ] GC(39)   JVMTI Tag Weak OopStorage      Min:  0.0, Avg:  0.0, Max:  0.0, Diff:  0.0, Sum:  0.0, Workers: 4
[406.053s][debug][gc,phases      ] GC(39)     Dead                           Min: 0, Avg:  0.0, Max: 0, Diff: 0, Sum: 0, Workers: 4
[406.053s][debug][gc,phases      ] GC(39)     Total                          Min: 0, Avg:  0.0, Max: 0, Diff: 0, Sum: 0, Workers: 4
[406.053s][debug][gc,phases      ] GC(39)   StringTable Weak               Min:  0.0, Avg:  0.2, Max:  0.3, Diff:  0.3, Sum:  0.6, Workers: 4
[406.053s][debug][gc,phases      ] GC(39)     Dead                           Min: 0, Avg:  0.0, Max: 0, Diff: 0, Sum: 0, Workers: 4
[406.053s][debug][gc,phases      ] GC(39)     Total                          Min: 0, Avg: 10950.8, Max: 20928, Diff: 20928, Sum: 43803, Workers: 4
[406.053s][debug][gc,phases      ] GC(39)   ResolvedMethodTable Weak       Min:  0.0, Avg:  0.0, Max:  0.0, Diff:  0.0, Sum:  0.1, Workers: 4
[406.053s][debug][gc,phases      ] GC(39)     Dead                           Min: 0, Avg:  0.0, Max: 0, Diff: 0, Sum: 0, Workers: 4
[406.053s][debug][gc,phases      ] GC(39)     Total                          Min: 0, Avg: 2392.2, Max: 4800, Diff: 4800, Sum: 9569, Workers: 4
[406.053s][debug][gc,phases      ] GC(39)   JNI Weak                       Min:  0.0, Avg:  0.0, Max:  0.0, Diff:  0.0, Sum:  0.0, Workers: 4
[406.053s][debug][gc,phases      ] GC(39)     Dead                           Min: 0, Avg:  0.0, Max: 0, Diff: 0, Sum: 0, Workers: 4
[406.053s][debug][gc,phases      ] GC(39)     Total                          Min: 0, Avg: 11.2, Max: 45, Diff: 45, Sum: 45, Workers: 4
[406.053s][debug][gc,phases      ] GC(39)   StringDedup Table Weak         Min:  0.0, Avg:  0.0, Max:  0.0, Diff:  0.0, Sum:  0.0, Workers: 4
[406.053s][debug][gc,phases      ] GC(39)     Dead                           Min: 0, Avg:  0.0, Max: 0, Diff: 0, Sum: 0, Workers: 4
[406.053s][debug][gc,phases      ] GC(39)     Total                          Min: 0, Avg:  0.0, Max: 0, Diff: 0, Sum: 0, Workers: 4
[406.053s][debug][gc,phases      ] GC(39)   StringDedup Requests0 Weak     Min:  0.0, Avg:  0.0, Max:  0.0, Diff:  0.0, Sum:  0.0, Workers: 4
[406.053s][debug][gc,phases      ] GC(39)     Dead                           Min: 0, Avg:  0.0, Max: 0, Diff: 0, Sum: 0, Workers: 4
[406.053s][debug][gc,phases      ] GC(39)     Total                          Min: 0, Avg:  0.0, Max: 0, Diff: 0, Sum: 0, Workers: 4
[406.053s][debug][gc,phases      ] GC(39)   StringDedup Requests1 Weak     Min:  0.0, Avg:  0.0, Max:  0.0, Diff:  0.0, Sum:  0.0, Workers: 4
[406.053s][debug][gc,phases      ] GC(39)     Dead                           Min: 0, Avg:  0.0, Max: 0, Diff: 0, Sum: 0, Workers: 4
[406.053s][debug][gc,phases      ] GC(39)     Total                          Min: 0, Avg:  0.0, Max: 0, Diff: 0, Sum: 0, Workers: 4
[406.053s][debug][gc,phases      ] GC(39)   Weak JFR Old Object Samples    Min:  0.0, Avg:  0.0, Max:  0.0, Diff:  0.0, Sum:  0.0, Workers: 4
[406.053s][debug][gc,phases      ] GC(39)     Dead                           Min: 0, Avg:  0.0, Max: 0, Diff: 0, Sum: 0, Workers: 4
[406.053s][debug][gc,phases      ] GC(39)     Total                          Min: 0, Avg:  0.0, Max: 0, Diff: 0, Sum: 0, Workers: 4
[406.053s][debug][gc,phases      ] GC(39) Weak Processing 0.514ms
[406.053s][debug][gc,age         ] GC(39) Desired survivor size 316145664 bytes, new threshold 15 (max threshold 15)
[406.053s][info ][gc,heap        ] GC(39) PSYoungGen: 1398464K(1739264K)->1200K(1788416K) Eden: 1397248K(1397248K)->0K(1462784K) From: 1216K(342016K)->1200K(325632K)
[406.053s][info ][gc,heap        ] GC(39) ParOldGen: 345340K(458752K)->345340K(458752K)
[406.053s][info ][gc,metaspace   ] GC(39) Metaspace: 81387K(82432K)->81387K(82432K) NonClass: 69604K(70208K)->69604K(70208K) Class: 11782K(12224K)->11782K(12224K)
[406.053s][info ][gc             ] GC(39) Pause Young (Allocation Failure) 1702M->338M(2194M) 5.589ms
[406.053s][info ][gc,cpu         ] GC(39) User=0.01s Sys=0.00s Real=0.00s
[406.053s][info ][safepoint      ] Safepoint "ParallelGCFailedAllocation", Time since last: 6249324907 ns, Reaching safepoint: 33500 ns, At safepoint: 5664976 ns, Total: 5698476 ns
[411.054s][info ][safepoint      ] Safepoint "Cleanup", Time since last: 5000632487 ns, Reaching safepoint: 38200 ns, At safepoint: 2300 ns, Total: 40500 ns
[413.054s][info ][safepoint      ] Safepoint "Cleanup", Time since last: 2000186135 ns, Reaching safepoint: 40300 ns, At safepoint: 2500 ns, Total: 42800 ns
[415.055s][info ][safepoint      ] Safepoint "Cleanup", Time since last: 2000174038 ns, Reaching safepoint: 43400 ns, At safepoint: 2400 ns, Total: 45800 ns
[416.055s][info ][safepoint      ] Safepoint "Cleanup", Time since last: 1000102041 ns, Reaching safepoint: 39000 ns, At safepoint: 2700 ns, Total: 41700 ns
[417.055s][info ][safepoint      ] Safepoint "Cleanup", Time since last: 1000072244 ns, Reaching safepoint: 39000 ns, At safepoint: 2300 ns, Total: 41300 ns
[418.055s][info ][safepoint      ] Safepoint "Cleanup", Time since last: 1000107747 ns, Reaching safepoint: 37400 ns, At safepoint: 3600 ns, Total: 41000 ns
[419.055s][info ][safepoint      ] Safepoint "Cleanup", Time since last: 1000450545 ns, Reaching safepoint: 54299 ns, At safepoint: 3200 ns, Total: 57499 ns
[420.056s][info ][safepoint      ] Safepoint "Cleanup", Time since last: 1000117347 ns, Reaching safepoint: 49500 ns, At safepoint: 2300 ns, Total: 51800 ns
[422.146s][info ][gc,start       ] GC(40) Pause Young (Allocation Failure)
[422.151s][debug][gc,phases      ] GC(40) Scavenge 4.742ms
[422.151s][debug][gc,ref         ] GC(40) Skipped phase 1 of Reference Processing: no references
[422.151s][debug][gc,ref         ] GC(40) ReferenceProcessor::execute queues: 1, RefProcThreadModel::Single, marks_oops_alive: false
[422.151s][debug][gc,ref         ] GC(40) Skipped phase 3 of Reference Processing: no references
[422.151s][debug][gc,ref         ] GC(40) ReferenceProcessor::execute queues: 1, RefProcThreadModel::Single, marks_oops_alive: false
[422.151s][debug][gc,phases      ] GC(40) Reference Processing 0.091ms
[422.151s][debug][gc,phases      ] GC(40)   VM Weak                        Min:  0.0, Avg:  0.0, Max:  0.0, Diff:  0.0, Sum:  0.0, Workers: 4
[422.151s][debug][gc,phases      ] GC(40)     Dead                           Min: 0, Avg:  0.0, Max: 0, Diff: 0, Sum: 0, Workers: 4
[422.151s][debug][gc,phases      ] GC(40)     Total                          Min: 0, Avg: 208.5, Max: 768, Diff: 768, Sum: 834, Workers: 4
[422.151s][debug][gc,phases      ] GC(40)   ObjectSynchronizer Weak        Min:  0.0, Avg:  0.0, Max:  0.0, Diff:  0.0, Sum:  0.0, Workers: 4
[422.151s][debug][gc,phases      ] GC(40)     Dead                           Min: 0, Avg:  0.0, Max: 0, Diff: 0, Sum: 0, Workers: 4
[422.151s][debug][gc,phases      ] GC(40)     Total                          Min: 0, Avg: 14.5, Max: 58, Diff: 58, Sum: 58, Workers: 4
[422.151s][debug][gc,phases      ] GC(40)   JVMTI Tag Weak OopStorage      Min:  0.0, Avg:  0.0, Max:  0.0, Diff:  0.0, Sum:  0.0, Workers: 4
[422.151s][debug][gc,phases      ] GC(40)     Dead                           Min: 0, Avg:  0.0, Max: 0, Diff: 0, Sum: 0, Workers: 4
[422.151s][debug][gc,phases      ] GC(40)     Total                          Min: 0, Avg:  0.0, Max: 0, Diff: 0, Sum: 0, Workers: 4
[422.151s][debug][gc,phases      ] GC(40)   StringTable Weak               Min:  0.0, Avg:  0.1, Max:  0.1, Diff:  0.1, Sum:  0.3, Workers: 4
[422.151s][debug][gc,phases      ] GC(40)     Dead                           Min: 0, Avg:  0.0, Max: 0, Diff: 0, Sum: 0, Workers: 4
[422.151s][debug][gc,phases      ] GC(40)     Total                          Min: 0, Avg: 10950.8, Max: 26203, Diff: 26203, Sum: 43803, Workers: 4
[422.151s][debug][gc,phases      ] GC(40)   ResolvedMethodTable Weak       Min:  0.0, Avg:  0.0, Max:  0.0, Diff:  0.0, Sum:  0.1, Workers: 4
[422.151s][debug][gc,phases      ] GC(40)     Dead                           Min: 0, Avg:  0.0, Max: 0, Diff: 0, Sum: 0, Workers: 4
[422.151s][debug][gc,phases      ] GC(40)     Total                          Min: 0, Avg: 2392.2, Max: 5857, Diff: 5857, Sum: 9569, Workers: 4
[422.151s][debug][gc,phases      ] GC(40)   JNI Weak                       Min:  0.0, Avg:  0.0, Max:  0.0, Diff:  0.0, Sum:  0.0, Workers: 4
[422.151s][debug][gc,phases      ] GC(40)     Dead                           Min: 0, Avg:  0.0, Max: 0, Diff: 0, Sum: 0, Workers: 4
[422.151s][debug][gc,phases      ] GC(40)     Total                          Min: 0, Avg: 11.2, Max: 45, Diff: 45, Sum: 45, Workers: 4
[422.151s][debug][gc,phases      ] GC(40)   StringDedup Table Weak         Min:  0.0, Avg:  0.0, Max:  0.0, Diff:  0.0, Sum:  0.0, Workers: 4
[422.151s][debug][gc,phases      ] GC(40)     Dead                           Min: 0, Avg:  0.0, Max: 0, Diff: 0, Sum: 0, Workers: 4
[422.151s][debug][gc,phases      ] GC(40)     Total                          Min: 0, Avg:  0.0, Max: 0, Diff: 0, Sum: 0, Workers: 4
[422.151s][debug][gc,phases      ] GC(40)   StringDedup Requests0 Weak     Min:  0.0, Avg:  0.0, Max:  0.0, Diff:  0.0, Sum:  0.0, Workers: 4
[422.151s][debug][gc,phases      ] GC(40)     Dead                           Min: 0, Avg:  0.0, Max: 0, Diff: 0, Sum: 0, Workers: 4
[422.151s][debug][gc,phases      ] GC(40)     Total                          Min: 0, Avg:  0.0, Max: 0, Diff: 0, Sum: 0, Workers: 4
[422.151s][debug][gc,phases      ] GC(40)   StringDedup Requests1 Weak     Min:  0.0, Avg:  0.0, Max:  0.0, Diff:  0.0, Sum:  0.0, Workers: 4
[422.151s][debug][gc,phases      ] GC(40)     Dead                           Min: 0, Avg:  0.0, Max: 0, Diff: 0, Sum: 0, Workers: 4
[422.151s][debug][gc,phases      ] GC(40)     Total                          Min: 0, Avg:  0.0, Max: 0, Diff: 0, Sum: 0, Workers: 4
[422.151s][debug][gc,phases      ] GC(40)   Weak JFR Old Object Samples    Min:  0.0, Avg:  0.0, Max:  0.0, Diff:  0.0, Sum:  0.0, Workers: 4
[422.151s][debug][gc,phases      ] GC(40)     Dead                           Min: 0, Avg:  0.0, Max: 0, Diff: 0, Sum: 0, Workers: 4
[422.151s][debug][gc,phases      ] GC(40)     Total                          Min: 0, Avg:  0.0, Max: 0, Diff: 0, Sum: 0, Workers: 4
[422.151s][debug][gc,phases      ] GC(40) Weak Processing 0.353ms
[422.151s][debug][gc,age         ] GC(40) Desired survivor size 299368448 bytes, new threshold 15 (max threshold 15)
[422.151s][info ][gc,heap        ] GC(40) PSYoungGen: 1463984K(1788416K)->1168K(1771520K) Eden: 1462784K(1462784K)->0K(1462784K) From: 1200K(325632K)->1168K(308736K)
[422.151s][info ][gc,heap        ] GC(40) ParOldGen: 345340K(458752K)->345364K(458752K)
[422.151s][info ][gc,metaspace   ] GC(40) Metaspace: 81405K(82432K)->81405K(82432K) NonClass: 69622K(70208K)->69622K(70208K) Class: 11782K(12224K)->11782K(12224K)
[422.151s][info ][gc             ] GC(40) Pause Young (Allocation Failure) 1766M->338M(2178M) 5.286ms
[422.151s][info ][gc,cpu         ] GC(40) User=0.02s Sys=0.00s Real=0.00s
[422.151s][info ][safepoint      ] Safepoint "ParallelGCFailedAllocation", Time since last: 2090497027 ns, Reaching safepoint: 24100 ns, At safepoint: 5343078 ns, Total: 5367178 ns
[423.152s][info ][safepoint      ] Safepoint "Cleanup", Time since last: 1000089347 ns, Reaching safepoint: 31900 ns, At safepoint: 2100 ns, Total: 34000 ns
[426.152s][info ][safepoint      ] Safepoint "Cleanup", Time since last: 3000237930 ns, Reaching safepoint: 38700 ns, At safepoint: 2900 ns, Total: 41600 ns
[430.152s][info ][safepoint      ] Safepoint "Cleanup", Time since last: 4000320063 ns, Reaching safepoint: 33200 ns, At safepoint: 2400 ns, Total: 35600 ns
[431.152s][info ][safepoint      ] Safepoint "Cleanup", Time since last: 1000096041 ns, Reaching safepoint: 36100 ns, At safepoint: 2200 ns, Total: 38300 ns
[432.153s][info ][safepoint      ] Safepoint "Cleanup", Time since last: 1000114740 ns, Reaching safepoint: 42000 ns, At safepoint: 2700 ns, Total: 44700 ns
[437.153s][info ][safepoint      ] Safepoint "Cleanup", Time since last: 5000372643 ns, Reaching safepoint: 54500 ns, At safepoint: 8700 ns, Total: 63200 ns
[438.292s][info ][gc,start       ] GC(41) Pause Young (Allocation Failure)
[438.296s][debug][gc,phases      ] GC(41) Scavenge 4.139ms
[438.296s][debug][gc,ref         ] GC(41) Skipped phase 1 of Reference Processing: no references
[438.297s][debug][gc,ref         ] GC(41) ReferenceProcessor::execute queues: 1, RefProcThreadModel::Single, marks_oops_alive: false
[438.297s][debug][gc,ref         ] GC(41) Skipped phase 3 of Reference Processing: no references
[438.297s][debug][gc,ref         ] GC(41) ReferenceProcessor::execute queues: 1, RefProcThreadModel::Single, marks_oops_alive: false
[438.297s][debug][gc,phases      ] GC(41) Reference Processing 0.087ms
[438.297s][debug][gc,phases      ] GC(41)   VM Weak                        Min:  0.0, Avg:  0.0, Max:  0.0, Diff:  0.0, Sum:  0.0, Workers: 4
[438.297s][debug][gc,phases      ] GC(41)     Dead                           Min: 0, Avg:  0.0, Max: 0, Diff: 0, Sum: 0, Workers: 4
[438.297s][debug][gc,phases      ] GC(41)     Total                          Min: 0, Avg: 208.5, Max: 642, Diff: 642, Sum: 834, Workers: 4
[438.297s][debug][gc,phases      ] GC(41)   ObjectSynchronizer Weak        Min:  0.0, Avg:  0.0, Max:  0.0, Diff:  0.0, Sum:  0.0, Workers: 4
[438.297s][debug][gc,phases      ] GC(41)     Dead                           Min: 0, Avg:  0.0, Max: 0, Diff: 0, Sum: 0, Workers: 4
[438.297s][debug][gc,phases      ] GC(41)     Total                          Min: 0, Avg: 14.5, Max: 58, Diff: 58, Sum: 58, Workers: 4
[438.297s][debug][gc,phases      ] GC(41)   JVMTI Tag Weak OopStorage      Min:  0.0, Avg:  0.0, Max:  0.0, Diff:  0.0, Sum:  0.0, Workers: 4
[438.297s][debug][gc,phases      ] GC(41)     Dead                           Min: 0, Avg:  0.0, Max: 0, Diff: 0, Sum: 0, Workers: 4
[438.297s][debug][gc,phases      ] GC(41)     Total                          Min: 0, Avg:  0.0, Max: 0, Diff: 0, Sum: 0, Workers: 4
[438.297s][debug][gc,phases      ] GC(41)   StringTable Weak               Min:  0.0, Avg:  0.1, Max:  0.2, Diff:  0.1, Sum:  0.3, Workers: 4
[438.297s][debug][gc,phases      ] GC(41)     Dead                           Min: 0, Avg:  0.0, Max: 0, Diff: 0, Sum: 0, Workers: 4
[438.297s][debug][gc,phases      ] GC(41)     Total                          Min: 0, Avg: 10950.8, Max: 26715, Diff: 26715, Sum: 43803, Workers: 4
[438.297s][debug][gc,phases      ] GC(41)   ResolvedMethodTable Weak       Min:  0.0, Avg:  0.0, Max:  0.0, Diff:  0.0, Sum:  0.1, Workers: 4
[438.297s][debug][gc,phases      ] GC(41)     Dead                           Min: 0, Avg:  0.0, Max: 0, Diff: 0, Sum: 0, Workers: 4
[438.297s][debug][gc,phases      ] GC(41)     Total                          Min: 0, Avg: 2392.2, Max: 5824, Diff: 5824, Sum: 9569, Workers: 4
[438.297s][debug][gc,phases      ] GC(41)   JNI Weak                       Min:  0.0, Avg:  0.0, Max:  0.0, Diff:  0.0, Sum:  0.0, Workers: 4
[438.297s][debug][gc,phases      ] GC(41)     Dead                           Min: 0, Avg:  0.0, Max: 0, Diff: 0, Sum: 0, Workers: 4
[438.297s][debug][gc,phases      ] GC(41)     Total                          Min: 0, Avg: 11.2, Max: 45, Diff: 45, Sum: 45, Workers: 4
[438.297s][debug][gc,phases      ] GC(41)   StringDedup Table Weak         Min:  0.0, Avg:  0.0, Max:  0.0, Diff:  0.0, Sum:  0.0, Workers: 4
[438.297s][debug][gc,phases      ] GC(41)     Dead                           Min: 0, Avg:  0.0, Max: 0, Diff: 0, Sum: 0, Workers: 4
[438.297s][debug][gc,phases      ] GC(41)     Total                          Min: 0, Avg:  0.0, Max: 0, Diff: 0, Sum: 0, Workers: 4
[438.297s][debug][gc,phases      ] GC(41)   StringDedup Requests0 Weak     Min:  0.0, Avg:  0.0, Max:  0.0, Diff:  0.0, Sum:  0.0, Workers: 4
[438.297s][debug][gc,phases      ] GC(41)     Dead                           Min: 0, Avg:  0.0, Max: 0, Diff: 0, Sum: 0, Workers: 4
[438.297s][debug][gc,phases      ] GC(41)     Total                          Min: 0, Avg:  0.0, Max: 0, Diff: 0, Sum: 0, Workers: 4
[438.297s][debug][gc,phases      ] GC(41)   StringDedup Requests1 Weak     Min:  0.0, Avg:  0.0, Max:  0.0, Diff:  0.0, Sum:  0.0, Workers: 4
[438.297s][debug][gc,phases      ] GC(41)     Dead                           Min: 0, Avg:  0.0, Max: 0, Diff: 0, Sum: 0, Workers: 4
[438.297s][debug][gc,phases      ] GC(41)     Total                          Min: 0, Avg:  0.0, Max: 0, Diff: 0, Sum: 0, Workers: 4
[438.297s][debug][gc,phases      ] GC(41)   Weak JFR Old Object Samples    Min:  0.0, Avg:  0.0, Max:  0.0, Diff:  0.0, Sum:  0.0, Workers: 4
[438.297s][debug][gc,phases      ] GC(41)     Dead                           Min: 0, Avg:  0.0, Max: 0, Diff: 0, Sum: 0, Workers: 4
[438.297s][debug][gc,phases      ] GC(41)     Total                          Min: 0, Avg:  0.0, Max: 0, Diff: 0, Sum: 0, Workers: 4
[438.297s][debug][gc,phases      ] GC(41) Weak Processing 0.343ms
[438.297s][debug][gc,age         ] GC(41) Desired survivor size 283115520 bytes, new threshold 15 (max threshold 15)
[438.297s][info ][gc,heap        ] GC(41) PSYoungGen: 1463952K(1771520K)->1152K(1820672K) Eden: 1462784K(1462784K)->0K(1528320K) From: 1168K(308736K)->1152K(292352K)
[438.297s][info ][gc,heap        ] GC(41) ParOldGen: 345364K(458752K)->345388K(458752K)
[438.297s][info ][gc,metaspace   ] GC(41) Metaspace: 81422K(82432K)->81422K(82432K) NonClass: 69640K(70208K)->69640K(70208K) Class: 11782K(12224K)->11782K(12224K)
[438.297s][info ][gc             ] GC(41) Pause Young (Allocation Failure) 1766M->338M(2226M) 4.677ms
[438.297s][info ][gc,cpu         ] GC(41) User=0.02s Sys=0.00s Real=0.01s
[438.297s][info ][safepoint      ] Safepoint "ParallelGCFailedAllocation", Time since last: 1139212737 ns, Reaching safepoint: 42900 ns, At safepoint: 4733580 ns, Total: 4776480 ns
[440.297s][info ][safepoint      ] Safepoint "Cleanup", Time since last: 2000146739 ns, Reaching safepoint: 41300 ns, At safepoint: 2700 ns, Total: 44000 ns
[443.297s][info ][safepoint      ] Safepoint "Cleanup", Time since last: 3000256266 ns, Reaching safepoint: 99200 ns, At safepoint: 3000 ns, Total: 102200 ns
[445.298s][info ][safepoint      ] Safepoint "Cleanup", Time since last: 2000179062 ns, Reaching safepoint: 113800 ns, At safepoint: 24999 ns, Total: 138799 ns
[447.298s][info ][safepoint      ] Safepoint "Cleanup", Time since last: 2000167263 ns, Reaching safepoint: 47699 ns, At safepoint: 2600 ns, Total: 50299 ns
[451.298s][info ][safepoint      ] Safepoint "Cleanup", Time since last: 4000319499 ns, Reaching safepoint: 48899 ns, At safepoint: 2500 ns, Total: 51399 ns
[455.045s][info ][gc,start       ] GC(42) Pause Young (Allocation Failure)
[455.050s][debug][gc,phases      ] GC(42) Scavenge 4.741ms
[455.050s][debug][gc,ref         ] GC(42) Skipped phase 1 of Reference Processing: no references
[455.050s][debug][gc,ref         ] GC(42) ReferenceProcessor::execute queues: 1, RefProcThreadModel::Single, marks_oops_alive: false
[455.050s][debug][gc,ref         ] GC(42) Skipped phase 3 of Reference Processing: no references
[455.050s][debug][gc,ref         ] GC(42) ReferenceProcessor::execute queues: 1, RefProcThreadModel::Single, marks_oops_alive: false
[455.050s][debug][gc,phases      ] GC(42) Reference Processing 0.117ms
[455.051s][debug][gc,phases      ] GC(42)   VM Weak                        Min:  0.0, Avg:  0.0, Max:  0.0, Diff:  0.0, Sum:  0.0, Workers: 4
[455.051s][debug][gc,phases      ] GC(42)     Dead                           Min: 0, Avg:  0.0, Max: 0, Diff: 0, Sum: 0, Workers: 4
[455.051s][debug][gc,phases      ] GC(42)     Total                          Min: 0, Avg: 208.5, Max: 768, Diff: 768, Sum: 834, Workers: 4
[455.051s][debug][gc,phases      ] GC(42)   ObjectSynchronizer Weak        Min:  0.0, Avg:  0.0, Max:  0.0, Diff:  0.0, Sum:  0.0, Workers: 4
[455.051s][debug][gc,phases      ] GC(42)     Dead                           Min: 0, Avg:  0.0, Max: 0, Diff: 0, Sum: 0, Workers: 4
[455.051s][debug][gc,phases      ] GC(42)     Total                          Min: 0, Avg: 14.5, Max: 58, Diff: 58, Sum: 58, Workers: 4
[455.051s][debug][gc,phases      ] GC(42)   JVMTI Tag Weak OopStorage      Min:  0.0, Avg:  0.0, Max:  0.0, Diff:  0.0, Sum:  0.0, Workers: 4
[455.051s][debug][gc,phases      ] GC(42)     Dead                           Min: 0, Avg:  0.0, Max: 0, Diff: 0, Sum: 0, Workers: 4
[455.051s][debug][gc,phases      ] GC(42)     Total                          Min: 0, Avg:  0.0, Max: 0, Diff: 0, Sum: 0, Workers: 4
[455.051s][debug][gc,phases      ] GC(42)   StringTable Weak               Min:  0.0, Avg:  0.1, Max:  0.3, Diff:  0.3, Sum:  0.6, Workers: 4
[455.051s][debug][gc,phases      ] GC(42)     Dead                           Min: 0, Avg:  0.0, Max: 0, Diff: 0, Sum: 0, Workers: 4
[455.051s][debug][gc,phases      ] GC(42)     Total                          Min: 0, Avg: 10951.8, Max: 22144, Diff: 22144, Sum: 43807, Workers: 4
[455.051s][debug][gc,phases      ] GC(42)   ResolvedMethodTable Weak       Min:  0.0, Avg:  0.0, Max:  0.1, Diff:  0.1, Sum:  0.1, Workers: 4
[455.051s][debug][gc,phases      ] GC(42)     Dead                           Min: 0, Avg:  0.0, Max: 0, Diff: 0, Sum: 0, Workers: 4
[455.051s][debug][gc,phases      ] GC(42)     Total                          Min: 0, Avg: 2392.2, Max: 6912, Diff: 6912, Sum: 9569, Workers: 4
[455.051s][debug][gc,phases      ] GC(42)   JNI Weak                       Min:  0.0, Avg:  0.0, Max:  0.0, Diff:  0.0, Sum:  0.0, Workers: 4
[455.051s][debug][gc,phases      ] GC(42)     Dead                           Min: 0, Avg:  0.0, Max: 0, Diff: 0, Sum: 0, Workers: 4
[455.051s][debug][gc,phases      ] GC(42)     Total                          Min: 0, Avg: 11.2, Max: 45, Diff: 45, Sum: 45, Workers: 4
[455.051s][debug][gc,phases      ] GC(42)   StringDedup Table Weak         Min:  0.0, Avg:  0.0, Max:  0.0, Diff:  0.0, Sum:  0.0, Workers: 4
[455.051s][debug][gc,phases      ] GC(42)     Dead                           Min: 0, Avg:  0.0, Max: 0, Diff: 0, Sum: 0, Workers: 4
[455.051s][debug][gc,phases      ] GC(42)     Total                          Min: 0, Avg:  0.0, Max: 0, Diff: 0, Sum: 0, Workers: 4
[455.051s][debug][gc,phases      ] GC(42)   StringDedup Requests0 Weak     Min:  0.0, Avg:  0.0, Max:  0.0, Diff:  0.0, Sum:  0.0, Workers: 4
[455.051s][debug][gc,phases      ] GC(42)     Dead                           Min: 0, Avg:  0.0, Max: 0, Diff: 0, Sum: 0, Workers: 4
[455.051s][debug][gc,phases      ] GC(42)     Total                          Min: 0, Avg:  0.0, Max: 0, Diff: 0, Sum: 0, Workers: 4
[455.051s][debug][gc,phases      ] GC(42)   StringDedup Requests1 Weak     Min:  0.0, Avg:  0.0, Max:  0.0, Diff:  0.0, Sum:  0.0, Workers: 4
[455.051s][debug][gc,phases      ] GC(42)     Dead                           Min: 0, Avg:  0.0, Max: 0, Diff: 0, Sum: 0, Workers: 4
[455.051s][debug][gc,phases      ] GC(42)     Total                          Min: 0, Avg:  0.0, Max: 0, Diff: 0, Sum: 0, Workers: 4
[455.051s][debug][gc,phases      ] GC(42)   Weak JFR Old Object Samples    Min:  0.0, Avg:  0.0, Max:  0.0, Diff:  0.0, Sum:  0.0, Workers: 4
[455.051s][debug][gc,phases      ] GC(42)     Dead                           Min: 0, Avg:  0.0, Max: 0, Diff: 0, Sum: 0, Workers: 4
[455.051s][debug][gc,phases      ] GC(42)     Total                          Min: 0, Avg:  0.0, Max: 0, Diff: 0, Sum: 0, Workers: 4
[455.051s][debug][gc,phases      ] GC(42) Weak Processing 0.598ms
[455.051s][debug][gc,age         ] GC(42) Desired survivor size 266338304 bytes, new threshold 15 (max threshold 15)
[455.051s][info ][gc,heap        ] GC(42) PSYoungGen: 1529472K(1820672K)->1168K(1804800K) Eden: 1528320K(1528320K)->0K(1528320K) From: 1152K(292352K)->1168K(276480K)
[455.051s][info ][gc,heap        ] GC(42) ParOldGen: 345388K(458752K)->345404K(458752K)
[455.051s][info ][gc,metaspace   ] GC(42) Metaspace: 81440K(82496K)->81440K(82496K) NonClass: 69657K(70272K)->69657K(70272K) Class: 11782K(12224K)->11782K(12224K)
[455.051s][info ][gc             ] GC(42) Pause Young (Allocation Failure) 1830M->338M(2210M) 5.581ms
[455.051s][info ][gc,cpu         ] GC(42) User=0.01s Sys=0.01s Real=0.01s
[455.051s][info ][safepoint      ] Safepoint "ParallelGCFailedAllocation", Time since last: 3746902348 ns, Reaching safepoint: 36200 ns, At safepoint: 5655776 ns, Total: 5691976 ns
[460.051s][info ][safepoint      ] Safepoint "Cleanup", Time since last: 5000298001 ns, Reaching safepoint: 35200 ns, At safepoint: 2500 ns, Total: 37700 ns
[464.052s][info ][safepoint      ] Safepoint "Cleanup", Time since last: 4001077700 ns, Reaching safepoint: 39200 ns, At safepoint: 3000 ns, Total: 42200 ns
[465.053s][info ][safepoint      ] Safepoint "Cleanup", Time since last: 1000112293 ns, Reaching safepoint: 36800 ns, At safepoint: 2300 ns, Total: 39100 ns
[471.197s][info ][safepoint      ] Safepoint "Cleanup", Time since last: 6144442937 ns, Reaching safepoint: 56800 ns, At safepoint: 2700 ns, Total: 59500 ns
[471.794s][info ][gc,start       ] GC(43) Pause Young (Allocation Failure)
[471.798s][debug][gc,phases      ] GC(43) Scavenge 4.610ms
[471.798s][debug][gc,ref         ] GC(43) Skipped phase 1 of Reference Processing: no references
[471.798s][debug][gc,ref         ] GC(43) ReferenceProcessor::execute queues: 1, RefProcThreadModel::Single, marks_oops_alive: false
[471.799s][debug][gc,ref         ] GC(43) Skipped phase 3 of Reference Processing: no references
[471.799s][debug][gc,ref         ] GC(43) ReferenceProcessor::execute queues: 1, RefProcThreadModel::Single, marks_oops_alive: false
[471.799s][debug][gc,phases      ] GC(43) Reference Processing 0.124ms
[471.799s][debug][gc,phases      ] GC(43)   VM Weak                        Min:  0.0, Avg:  0.0, Max:  0.0, Diff:  0.0, Sum:  0.0, Workers: 4
[471.799s][debug][gc,phases      ] GC(43)     Dead                           Min: 0, Avg:  0.0, Max: 0, Diff: 0, Sum: 0, Workers: 4
[471.799s][debug][gc,phases      ] GC(43)     Total                          Min: 0, Avg: 208.5, Max: 514, Diff: 514, Sum: 834, Workers: 4
[471.799s][debug][gc,phases      ] GC(43)   ObjectSynchronizer Weak        Min:  0.0, Avg:  0.0, Max:  0.0, Diff:  0.0, Sum:  0.0, Workers: 4
[471.799s][debug][gc,phases      ] GC(43)     Dead                           Min: 0, Avg:  0.0, Max: 0, Diff: 0, Sum: 0, Workers: 4
[471.799s][debug][gc,phases      ] GC(43)     Total                          Min: 0, Avg: 14.5, Max: 58, Diff: 58, Sum: 58, Workers: 4
[471.799s][debug][gc,phases      ] GC(43)   JVMTI Tag Weak OopStorage      Min:  0.0, Avg:  0.0, Max:  0.0, Diff:  0.0, Sum:  0.0, Workers: 4
[471.799s][debug][gc,phases      ] GC(43)     Dead                           Min: 0, Avg:  0.0, Max: 0, Diff: 0, Sum: 0, Workers: 4
[471.799s][debug][gc,phases      ] GC(43)     Total                          Min: 0, Avg:  0.0, Max: 0, Diff: 0, Sum: 0, Workers: 4
[471.799s][debug][gc,phases      ] GC(43)   StringTable Weak               Min:  0.0, Avg:  0.1, Max:  0.1, Diff:  0.1, Sum:  0.4, Workers: 4
[471.799s][debug][gc,phases      ] GC(43)     Dead                           Min: 0, Avg:  0.0, Max: 0, Diff: 0, Sum: 0, Workers: 4
[471.799s][debug][gc,phases      ] GC(43)     Total                          Min: 0, Avg: 10951.8, Max: 15072, Diff: 15072, Sum: 43807, Workers: 4
[471.799s][debug][gc,phases      ] GC(43)   ResolvedMethodTable Weak       Min:  0.0, Avg:  0.0, Max:  0.0, Diff:  0.0, Sum:  0.1, Workers: 4
[471.799s][debug][gc,phases      ] GC(43)     Dead                           Min: 0, Avg:  0.0, Max: 0, Diff: 0, Sum: 0, Workers: 4
[471.799s][debug][gc,phases      ] GC(43)     Total                          Min: 0, Avg: 2392.2, Max: 3233, Diff: 3233, Sum: 9569, Workers: 4
[471.799s][debug][gc,phases      ] GC(43)   JNI Weak                       Min:  0.0, Avg:  0.0, Max:  0.0, Diff:  0.0, Sum:  0.0, Workers: 4
[471.799s][debug][gc,phases      ] GC(43)     Dead                           Min: 0, Avg:  0.0, Max: 0, Diff: 0, Sum: 0, Workers: 4
[471.799s][debug][gc,phases      ] GC(43)     Total                          Min: 0, Avg: 11.2, Max: 45, Diff: 45, Sum: 45, Workers: 4
[471.799s][debug][gc,phases      ] GC(43)   StringDedup Table Weak         Min:  0.0, Avg:  0.0, Max:  0.0, Diff:  0.0, Sum:  0.0, Workers: 4
[471.799s][debug][gc,phases      ] GC(43)     Dead                           Min: 0, Avg:  0.0, Max: 0, Diff: 0, Sum: 0, Workers: 4
[471.799s][debug][gc,phases      ] GC(43)     Total                          Min: 0, Avg:  0.0, Max: 0, Diff: 0, Sum: 0, Workers: 4
[471.799s][debug][gc,phases      ] GC(43)   StringDedup Requests0 Weak     Min:  0.0, Avg:  0.0, Max:  0.0, Diff:  0.0, Sum:  0.0, Workers: 4
[471.799s][debug][gc,phases      ] GC(43)     Dead                           Min: 0, Avg:  0.0, Max: 0, Diff: 0, Sum: 0, Workers: 4
[471.799s][debug][gc,phases      ] GC(43)     Total                          Min: 0, Avg:  0.0, Max: 0, Diff: 0, Sum: 0, Workers: 4
[471.799s][debug][gc,phases      ] GC(43)   StringDedup Requests1 Weak     Min:  0.0, Avg:  0.0, Max:  0.0, Diff:  0.0, Sum:  0.0, Workers: 4
[471.799s][debug][gc,phases      ] GC(43)     Dead                           Min: 0, Avg:  0.0, Max: 0, Diff: 0, Sum: 0, Workers: 4
[471.799s][debug][gc,phases      ] GC(43)     Total                          Min: 0, Avg:  0.0, Max: 0, Diff: 0, Sum: 0, Workers: 4
[471.799s][debug][gc,phases      ] GC(43)   Weak JFR Old Object Samples    Min:  0.0, Avg:  0.0, Max:  0.0, Diff:  0.0, Sum:  0.0, Workers: 4
[471.799s][debug][gc,phases      ] GC(43)     Dead                           Min: 0, Avg:  0.0, Max: 0, Diff: 0, Sum: 0, Workers: 4
[471.799s][debug][gc,phases      ] GC(43)     Total                          Min: 0, Avg:  0.0, Max: 0, Diff: 0, Sum: 0, Workers: 4
[471.799s][debug][gc,phases      ] GC(43) Weak Processing 0.329ms
[471.799s][debug][gc,age         ] GC(43) Desired survivor size 250609664 bytes, new threshold 15 (max threshold 15)
[471.799s][info ][gc,heap        ] GC(43) PSYoungGen: 1529488K(1804800K)->1184K(1852416K) Eden: 1528320K(1528320K)->0K(1592320K) From: 1168K(276480K)->1184K(260096K)
[471.799s][info ][gc,heap        ] GC(43) ParOldGen: 345404K(458752K)->345436K(458752K)
[471.799s][info ][gc,metaspace   ] GC(43) Metaspace: 81461K(82496K)->81461K(82496K) NonClass: 69678K(70272K)->69678K(70272K) Class: 11782K(12224K)->11782K(12224K)
[471.799s][info ][gc             ] GC(43) Pause Young (Allocation Failure) 1830M->338M(2257M) 5.174ms
[471.799s][info ][gc,cpu         ] GC(43) User=0.01s Sys=0.00s Real=0.01s
[471.799s][info ][safepoint      ] Safepoint "ParallelGCFailedAllocation", Time since last: 596546937 ns, Reaching safepoint: 44500 ns, At safepoint: 5236379 ns, Total: 5280879 ns
[475.799s][info ][safepoint      ] Safepoint "Cleanup", Time since last: 4000270413 ns, Reaching safepoint: 38800 ns, At safepoint: 2500 ns, Total: 41300 ns
[476.799s][info ][safepoint      ] Safepoint "Cleanup", Time since last: 1000110873 ns, Reaching safepoint: 74299 ns, At safepoint: 4800 ns, Total: 79099 ns
[477.158s][info ][safepoint      ] Safepoint "ICBufferFull", Time since last: 358272158 ns, Reaching safepoint: 487898 ns, At safepoint: 10200 ns, Total: 498098 ns
[478.159s][info ][safepoint      ] Safepoint "Cleanup", Time since last: 1000263072 ns, Reaching safepoint: 114499 ns, At safepoint: 6500 ns, Total: 120999 ns
[479.298s][info ][safepoint      ] Safepoint "Cleanup", Time since last: 1139160813 ns, Reaching safepoint: 179399 ns, At safepoint: 8300 ns, Total: 187699 ns
[480.298s][info ][safepoint      ] Safepoint "Cleanup", Time since last: 1000166672 ns, Reaching safepoint: 122900 ns, At safepoint: 5100 ns, Total: 128000 ns
[481.298s][info ][safepoint      ] Safepoint "Cleanup", Time since last: 1000098836 ns, Reaching safepoint: 41100 ns, At safepoint: 2000 ns, Total: 43100 ns
[482.299s][info ][safepoint      ] Safepoint "Cleanup", Time since last: 1000098122 ns, Reaching safepoint: 143499 ns, At safepoint: 5200 ns, Total: 148699 ns
[483.299s][info ][safepoint      ] Safepoint "Cleanup", Time since last: 1000106322 ns, Reaching safepoint: 136900 ns, At safepoint: 7000 ns, Total: 143900 ns
[484.299s][info ][safepoint      ] Safepoint "Cleanup", Time since last: 1000112422 ns, Reaching safepoint: 122399 ns, At safepoint: 8000 ns, Total: 130399 ns
[485.299s][info ][safepoint      ] Safepoint "Cleanup", Time since last: 1000114222 ns, Reaching safepoint: 178299 ns, At safepoint: 6700 ns, Total: 184999 ns
[487.300s][info ][safepoint      ] Safepoint "Cleanup", Time since last: 2000169745 ns, Reaching safepoint: 60299 ns, At safepoint: 9500 ns, Total: 69799 ns
[488.546s][info ][gc,start       ] GC(44) Pause Young (Allocation Failure)
[488.553s][debug][gc,phases      ] GC(44) Scavenge 6.801ms
[488.553s][debug][gc,ref         ] GC(44) Skipped phase 1 of Reference Processing: no references
[488.553s][debug][gc,ref         ] GC(44) ReferenceProcessor::execute queues: 1, RefProcThreadModel::Single, marks_oops_alive: false
[488.553s][debug][gc,ref         ] GC(44) ReferenceProcessor::execute queues: 4, RefProcThreadModel::Multi, marks_oops_alive: true
[488.553s][debug][gc,ref         ] GC(44) ReferenceProcessor::execute queues: 1, RefProcThreadModel::Single, marks_oops_alive: false
[488.553s][debug][gc,phases      ] GC(44) Reference Processing 0.469ms
[488.554s][debug][gc,phases      ] GC(44)   VM Weak                        Min:  0.0, Avg:  0.0, Max:  0.0, Diff:  0.0, Sum:  0.0, Workers: 4
[488.554s][debug][gc,phases      ] GC(44)     Dead                           Min: 0, Avg:  0.0, Max: 0, Diff: 0, Sum: 0, Workers: 4
[488.554s][debug][gc,phases      ] GC(44)     Total                          Min: 0, Avg: 208.5, Max: 834, Diff: 834, Sum: 834, Workers: 4
[488.554s][debug][gc,phases      ] GC(44)   ObjectSynchronizer Weak        Min:  0.0, Avg:  0.0, Max:  0.0, Diff:  0.0, Sum:  0.0, Workers: 4
[488.554s][debug][gc,phases      ] GC(44)     Dead                           Min: 0, Avg:  0.0, Max: 0, Diff: 0, Sum: 0, Workers: 4
[488.554s][debug][gc,phases      ] GC(44)     Total                          Min: 0, Avg: 14.8, Max: 59, Diff: 59, Sum: 59, Workers: 4
[488.554s][debug][gc,phases      ] GC(44)   JVMTI Tag Weak OopStorage      Min:  0.0, Avg:  0.0, Max:  0.0, Diff:  0.0, Sum:  0.0, Workers: 4
[488.554s][debug][gc,phases      ] GC(44)     Dead                           Min: 0, Avg:  0.0, Max: 0, Diff: 0, Sum: 0, Workers: 4
[488.554s][debug][gc,phases      ] GC(44)     Total                          Min: 0, Avg:  0.0, Max: 0, Diff: 0, Sum: 0, Workers: 4
[488.554s][debug][gc,phases      ] GC(44)   StringTable Weak               Min:  0.0, Avg:  0.1, Max:  0.1, Diff:  0.1, Sum:  0.3, Workers: 4
[488.554s][debug][gc,phases      ] GC(44)     Dead                           Min: 0, Avg:  0.0, Max: 0, Diff: 0, Sum: 0, Workers: 4
[488.554s][debug][gc,phases      ] GC(44)     Total                          Min: 0, Avg: 10972.0, Max: 26864, Diff: 26864, Sum: 43888, Workers: 4
[488.554s][debug][gc,phases      ] GC(44)   ResolvedMethodTable Weak       Min:  0.0, Avg:  0.0, Max:  0.0, Diff:  0.0, Sum:  0.1, Workers: 4
[488.554s][debug][gc,phases      ] GC(44)     Dead                           Min: 0, Avg:  0.2, Max: 1, Diff: 1, Sum: 1, Workers: 4
[488.554s][debug][gc,phases      ] GC(44)     Total                          Min: 0, Avg: 2397.2, Max: 5621, Diff: 5621, Sum: 9589, Workers: 4
[488.554s][debug][gc,phases      ] GC(44)   JNI Weak                       Min:  0.0, Avg:  0.0, Max:  0.0, Diff:  0.0, Sum:  0.0, Workers: 4
[488.554s][debug][gc,phases      ] GC(44)     Dead                           Min: 0, Avg:  0.0, Max: 0, Diff: 0, Sum: 0, Workers: 4
[488.554s][debug][gc,phases      ] GC(44)     Total                          Min: 0, Avg: 11.2, Max: 45, Diff: 45, Sum: 45, Workers: 4
[488.554s][debug][gc,phases      ] GC(44)   StringDedup Table Weak         Min:  0.0, Avg:  0.0, Max:  0.0, Diff:  0.0, Sum:  0.0, Workers: 4
[488.554s][debug][gc,phases      ] GC(44)     Dead                           Min: 0, Avg:  0.0, Max: 0, Diff: 0, Sum: 0, Workers: 4
[488.554s][debug][gc,phases      ] GC(44)     Total                          Min: 0, Avg:  0.0, Max: 0, Diff: 0, Sum: 0, Workers: 4
[488.554s][debug][gc,phases      ] GC(44)   StringDedup Requests0 Weak     Min:  0.0, Avg:  0.0, Max:  0.0, Diff:  0.0, Sum:  0.0, Workers: 4
[488.554s][debug][gc,phases      ] GC(44)     Dead                           Min: 0, Avg:  0.0, Max: 0, Diff: 0, Sum: 0, Workers: 4
[488.554s][debug][gc,phases      ] GC(44)     Total                          Min: 0, Avg:  0.0, Max: 0, Diff: 0, Sum: 0, Workers: 4
[488.554s][debug][gc,phases      ] GC(44)   StringDedup Requests1 Weak     Min:  0.0, Avg:  0.0, Max:  0.0, Diff:  0.0, Sum:  0.0, Workers: 4
[488.554s][debug][gc,phases      ] GC(44)     Dead                           Min: 0, Avg:  0.0, Max: 0, Diff: 0, Sum: 0, Workers: 4
[488.554s][debug][gc,phases      ] GC(44)     Total                          Min: 0, Avg:  0.0, Max: 0, Diff: 0, Sum: 0, Workers: 4
[488.554s][debug][gc,phases      ] GC(44)   Weak JFR Old Object Samples    Min:  0.0, Avg:  0.0, Max:  0.0, Diff:  0.0, Sum:  0.0, Workers: 4
[488.554s][debug][gc,phases      ] GC(44)     Dead                           Min: 0, Avg:  0.0, Max: 0, Diff: 0, Sum: 0, Workers: 4
[488.554s][debug][gc,phases      ] GC(44)     Total                          Min: 0, Avg:  0.0, Max: 0, Diff: 0, Sum: 0, Workers: 4
[488.554s][debug][gc,phases      ] GC(44) Weak Processing 0.350ms
[488.554s][debug][gc,age         ] GC(44) Desired survivor size 234356736 bytes, new threshold 15 (max threshold 15)
[488.554s][info ][gc,heap        ] GC(44) PSYoungGen: 1593504K(1852416K)->6444K(1837056K) Eden: 1592320K(1592320K)->0K(1592320K) From: 1184K(260096K)->6444K(244736K)
[488.554s][info ][gc,heap        ] GC(44) ParOldGen: 345436K(458752K)->345476K(458752K)
[488.554s][info ][gc,metaspace   ] GC(44) Metaspace: 81581K(82560K)->81581K(82560K) NonClass: 69792K(70336K)->69792K(70336K) Class: 11789K(12224K)->11789K(12224K)
[488.554s][info ][gc             ] GC(44) Pause Young (Allocation Failure) 1893M->343M(2242M) 7.740ms
[488.554s][info ][gc,cpu         ] GC(44) User=0.02s Sys=0.00s Real=0.01s
[488.554s][info ][safepoint      ] Safepoint "ParallelGCFailedAllocation", Time since last: 1246254019 ns, Reaching safepoint: 35200 ns, At safepoint: 7814668 ns, Total: 7849868 ns
[490.554s][info ][safepoint      ] Safepoint "Cleanup", Time since last: 2000154565 ns, Reaching safepoint: 35300 ns, At safepoint: 2500 ns, Total: 37800 ns
[491.554s][info ][safepoint      ] Safepoint "Cleanup", Time since last: 1000101782 ns, Reaching safepoint: 62200 ns, At safepoint: 5900 ns, Total: 68100 ns
[493.554s][info ][safepoint      ] Safepoint "Cleanup", Time since last: 2000182464 ns, Reaching safepoint: 57400 ns, At safepoint: 2799 ns, Total: 60199 ns
[494.554s][info ][safepoint      ] Safepoint "Cleanup", Time since last: 1000109582 ns, Reaching safepoint: 37100 ns, At safepoint: 2000 ns, Total: 39100 ns
[495.555s][info ][safepoint      ] Safepoint "Cleanup", Time since last: 1000106382 ns, Reaching safepoint: 42100 ns, At safepoint: 4400 ns, Total: 46500 ns
[496.555s][info ][safepoint      ] Safepoint "Cleanup", Time since last: 1000100082 ns, Reaching safepoint: 57900 ns, At safepoint: 2800 ns, Total: 60700 ns
[497.555s][info ][safepoint      ] Safepoint "Cleanup", Time since last: 1000100555 ns, Reaching safepoint: 40500 ns, At safepoint: 4200 ns, Total: 44700 ns
[499.555s][info ][safepoint      ] Safepoint "Cleanup", Time since last: 2000133839 ns, Reaching safepoint: 41800 ns, At safepoint: 2600 ns, Total: 44400 ns
[501.555s][info ][safepoint      ] Safepoint "Cleanup", Time since last: 2000190238 ns, Reaching safepoint: 59000 ns, At safepoint: 5800 ns, Total: 64800 ns
[505.617s][info ][safepoint      ] Safepoint "Cleanup", Time since last: 4061898995 ns, Reaching safepoint: 72200 ns, At safepoint: 2300 ns, Total: 74500 ns
[506.618s][info ][safepoint      ] Safepoint "Cleanup", Time since last: 1000105018 ns, Reaching safepoint: 33600 ns, At safepoint: 3000 ns, Total: 36600 ns
[509.691s][info ][gc,start       ] GC(45) Pause Young (Allocation Failure)
[509.697s][debug][gc,phases      ] GC(45) Scavenge 6.336ms
[509.697s][debug][gc,ref         ] GC(45) Skipped phase 1 of Reference Processing: no references
[509.697s][debug][gc,ref         ] GC(45) ReferenceProcessor::execute queues: 1, RefProcThreadModel::Single, marks_oops_alive: false
[509.697s][debug][gc,ref         ] GC(45) Skipped phase 3 of Reference Processing: no references
[509.697s][debug][gc,ref         ] GC(45) ReferenceProcessor::execute queues: 1, RefProcThreadModel::Single, marks_oops_alive: false
[509.697s][debug][gc,phases      ] GC(45) Reference Processing 0.128ms
[509.698s][debug][gc,phases      ] GC(45)   VM Weak                        Min:  0.0, Avg:  0.0, Max:  0.0, Diff:  0.0, Sum:  0.0, Workers: 4
[509.698s][debug][gc,phases      ] GC(45)     Dead                           Min: 0, Avg:  0.0, Max: 0, Diff: 0, Sum: 0, Workers: 4
[509.698s][debug][gc,phases      ] GC(45)     Total                          Min: 0, Avg: 208.5, Max: 578, Diff: 578, Sum: 834, Workers: 4
[509.698s][debug][gc,phases      ] GC(45)   ObjectSynchronizer Weak        Min:  0.0, Avg:  0.0, Max:  0.0, Diff:  0.0, Sum:  0.0, Workers: 4
[509.698s][debug][gc,phases      ] GC(45)     Dead                           Min: 0, Avg:  0.0, Max: 0, Diff: 0, Sum: 0, Workers: 4
[509.698s][debug][gc,phases      ] GC(45)     Total                          Min: 0, Avg: 14.8, Max: 59, Diff: 59, Sum: 59, Workers: 4
[509.698s][debug][gc,phases      ] GC(45)   JVMTI Tag Weak OopStorage      Min:  0.0, Avg:  0.0, Max:  0.0, Diff:  0.0, Sum:  0.0, Workers: 4
[509.698s][debug][gc,phases      ] GC(45)     Dead                           Min: 0, Avg:  0.0, Max: 0, Diff: 0, Sum: 0, Workers: 4
[509.698s][debug][gc,phases      ] GC(45)     Total                          Min: 0, Avg:  0.0, Max: 0, Diff: 0, Sum: 0, Workers: 4
[509.698s][debug][gc,phases      ] GC(45)   StringTable Weak               Min:  0.0, Avg:  0.1, Max:  0.1, Diff:  0.1, Sum:  0.4, Workers: 4
[509.698s][debug][gc,phases      ] GC(45)     Dead                           Min: 0, Avg:  0.2, Max: 1, Diff: 1, Sum: 1, Workers: 4
[509.698s][debug][gc,phases      ] GC(45)     Total                          Min: 0, Avg: 10982.0, Max: 14912, Diff: 14912, Sum: 43928, Workers: 4
[509.698s][debug][gc,phases      ] GC(45)   ResolvedMethodTable Weak       Min:  0.0, Avg:  0.0, Max:  0.0, Diff:  0.0, Sum:  0.1, Workers: 4
[509.698s][debug][gc,phases      ] GC(45)     Dead                           Min: 0, Avg:  0.0, Max: 0, Diff: 0, Sum: 0, Workers: 4
[509.698s][debug][gc,phases      ] GC(45)     Total                          Min: 0, Avg: 2398.5, Max: 3706, Diff: 3706, Sum: 9594, Workers: 4
[509.698s][debug][gc,phases      ] GC(45)   JNI Weak                       Min:  0.0, Avg:  0.0, Max:  0.0, Diff:  0.0, Sum:  0.0, Workers: 4
[509.698s][debug][gc,phases      ] GC(45)     Dead                           Min: 0, Avg:  0.0, Max: 0, Diff: 0, Sum: 0, Workers: 4
[509.698s][debug][gc,phases      ] GC(45)     Total                          Min: 0, Avg: 11.2, Max: 45, Diff: 45, Sum: 45, Workers: 4
[509.698s][debug][gc,phases      ] GC(45)   StringDedup Table Weak         Min:  0.0, Avg:  0.0, Max:  0.0, Diff:  0.0, Sum:  0.0, Workers: 4
[509.698s][debug][gc,phases      ] GC(45)     Dead                           Min: 0, Avg:  0.0, Max: 0, Diff: 0, Sum: 0, Workers: 4
[509.698s][debug][gc,phases      ] GC(45)     Total                          Min: 0, Avg:  0.0, Max: 0, Diff: 0, Sum: 0, Workers: 4
[509.698s][debug][gc,phases      ] GC(45)   StringDedup Requests0 Weak     Min:  0.0, Avg:  0.0, Max:  0.0, Diff:  0.0, Sum:  0.0, Workers: 4
[509.698s][debug][gc,phases      ] GC(45)     Dead                           Min: 0, Avg:  0.0, Max: 0, Diff: 0, Sum: 0, Workers: 4
[509.698s][debug][gc,phases      ] GC(45)     Total                          Min: 0, Avg:  0.0, Max: 0, Diff: 0, Sum: 0, Workers: 4
[509.698s][debug][gc,phases      ] GC(45)   StringDedup Requests1 Weak     Min:  0.0, Avg:  0.0, Max:  0.0, Diff:  0.0, Sum:  0.0, Workers: 4
[509.698s][debug][gc,phases      ] GC(45)     Dead                           Min: 0, Avg:  0.0, Max: 0, Diff: 0, Sum: 0, Workers: 4
[509.698s][debug][gc,phases      ] GC(45)     Total                          Min: 0, Avg:  0.0, Max: 0, Diff: 0, Sum: 0, Workers: 4
[509.698s][debug][gc,phases      ] GC(45)   Weak JFR Old Object Samples    Min:  0.0, Avg:  0.0, Max:  0.0, Diff:  0.0, Sum:  0.0, Workers: 4
[509.698s][debug][gc,phases      ] GC(45)     Dead                           Min: 0, Avg:  0.0, Max: 0, Diff: 0, Sum: 0, Workers: 4
[509.698s][debug][gc,phases      ] GC(45)     Total                          Min: 0, Avg:  0.0, Max: 0, Diff: 0, Sum: 0, Workers: 4
[509.698s][debug][gc,phases      ] GC(45) Weak Processing 0.330ms
[509.698s][debug][gc,age         ] GC(45) Desired survivor size 219152384 bytes, new threshold 15 (max threshold 15)
[509.698s][info ][gc,heap        ] GC(45) PSYoungGen: 1598764K(1837056K)->6454K(1883136K) Eden: 1592320K(1592320K)->0K(1654272K) From: 6444K(244736K)->6454K(228864K)
[509.698s][info ][gc,heap        ] GC(45) ParOldGen: 345476K(458752K)->345484K(458752K)
[509.698s][info ][gc,metaspace   ] GC(45) Metaspace: 81619K(82624K)->81619K(82624K) NonClass: 69827K(70400K)->69827K(70400K) Class: 11792K(12224K)->11792K(12224K)
[509.698s][info ][gc             ] GC(45) Pause Young (Allocation Failure) 1898M->343M(2287M) 6.915ms
[509.698s][info ][gc,cpu         ] GC(45) User=0.02s Sys=0.00s Real=0.01s
[509.698s][info ][safepoint      ] Safepoint "ParallelGCFailedAllocation", Time since last: 3073253957 ns, Reaching safepoint: 34900 ns, At safepoint: 6980972 ns, Total: 7015872 ns
[510.698s][info ][safepoint      ] Safepoint "Cleanup", Time since last: 1000083018 ns, Reaching safepoint: 52400 ns, At safepoint: 5900 ns, Total: 58300 ns
[513.698s][info ][safepoint      ] Safepoint "Cleanup", Time since last: 3000236257 ns, Reaching safepoint: 40300 ns, At safepoint: 6700 ns, Total: 47000 ns
[514.698s][info ][safepoint      ] Safepoint "Cleanup", Time since last: 1000112719 ns, Reaching safepoint: 39100 ns, At safepoint: 7100 ns, Total: 46200 ns
[517.699s][info ][safepoint      ] Safepoint "Cleanup", Time since last: 3000234460 ns, Reaching safepoint: 37000 ns, At safepoint: 2100 ns, Total: 39100 ns
[518.699s][info ][safepoint      ] Safepoint "Cleanup", Time since last: 1000099620 ns, Reaching safepoint: 109500 ns, At safepoint: 4300 ns, Total: 113800 ns
[520.699s][info ][safepoint      ] Safepoint "Cleanup", Time since last: 2000165436 ns, Reaching safepoint: 42199 ns, At safepoint: 2700 ns, Total: 44899 ns
[523.699s][info ][safepoint      ] Safepoint "Cleanup", Time since last: 3000237712 ns, Reaching safepoint: 35900 ns, At safepoint: 2600 ns, Total: 38500 ns
[531.700s][info ][safepoint      ] Safepoint "Cleanup", Time since last: 8000545355 ns, Reaching safepoint: 32000 ns, At safepoint: 2700 ns, Total: 34700 ns
[532.180s][info ][gc,start       ] GC(46) Pause Young (Allocation Failure)
[532.186s][debug][gc,phases      ] GC(46) Scavenge 5.989ms
[532.186s][debug][gc,ref         ] GC(46) Skipped phase 1 of Reference Processing: no references
[532.186s][debug][gc,ref         ] GC(46) ReferenceProcessor::execute queues: 1, RefProcThreadModel::Single, marks_oops_alive: false
[532.186s][debug][gc,ref         ] GC(46) Skipped phase 3 of Reference Processing: no references
[532.186s][debug][gc,ref         ] GC(46) ReferenceProcessor::execute queues: 1, RefProcThreadModel::Single, marks_oops_alive: false
[532.186s][debug][gc,phases      ] GC(46) Reference Processing 0.148ms
[532.187s][debug][gc,phases      ] GC(46)   VM Weak                        Min:  0.0, Avg:  0.0, Max:  0.0, Diff:  0.0, Sum:  0.0, Workers: 4
[532.187s][debug][gc,phases      ] GC(46)     Dead                           Min: 0, Avg:  0.0, Max: 0, Diff: 0, Sum: 0, Workers: 4
[532.187s][debug][gc,phases      ] GC(46)     Total                          Min: 0, Avg: 208.5, Max: 576, Diff: 576, Sum: 834, Workers: 4
[532.187s][debug][gc,phases      ] GC(46)   ObjectSynchronizer Weak        Min:  0.0, Avg:  0.0, Max:  0.0, Diff:  0.0, Sum:  0.0, Workers: 4
[532.187s][debug][gc,phases      ] GC(46)     Dead                           Min: 0, Avg:  0.0, Max: 0, Diff: 0, Sum: 0, Workers: 4
[532.187s][debug][gc,phases      ] GC(46)     Total                          Min: 0, Avg: 14.8, Max: 59, Diff: 59, Sum: 59, Workers: 4
[532.187s][debug][gc,phases      ] GC(46)   JVMTI Tag Weak OopStorage      Min:  0.0, Avg:  0.0, Max:  0.0, Diff:  0.0, Sum:  0.0, Workers: 4
[532.187s][debug][gc,phases      ] GC(46)     Dead                           Min: 0, Avg:  0.0, Max: 0, Diff: 0, Sum: 0, Workers: 4
[532.187s][debug][gc,phases      ] GC(46)     Total                          Min: 0, Avg:  0.0, Max: 0, Diff: 0, Sum: 0, Workers: 4
[532.187s][debug][gc,phases      ] GC(46)   StringTable Weak               Min:  0.0, Avg:  0.1, Max:  0.2, Diff:  0.2, Sum:  0.4, Workers: 4
[532.187s][debug][gc,phases      ] GC(46)     Dead                           Min: 0, Avg:  0.0, Max: 0, Diff: 0, Sum: 0, Workers: 4
[532.187s][debug][gc,phases      ] GC(46)     Total                          Min: 0, Avg: 10982.0, Max: 24216, Diff: 24216, Sum: 43928, Workers: 4
[532.187s][debug][gc,phases      ] GC(46)   ResolvedMethodTable Weak       Min:  0.0, Avg:  0.0, Max:  0.0, Diff:  0.0, Sum:  0.1, Workers: 4
[532.187s][debug][gc,phases      ] GC(46)     Dead                           Min: 0, Avg:  0.0, Max: 0, Diff: 0, Sum: 0, Workers: 4
[532.187s][debug][gc,phases      ] GC(46)     Total                          Min: 0, Avg: 2398.5, Max: 4992, Diff: 4992, Sum: 9594, Workers: 4
[532.187s][debug][gc,phases      ] GC(46)   JNI Weak                       Min:  0.0, Avg:  0.0, Max:  0.0, Diff:  0.0, Sum:  0.0, Workers: 4
[532.187s][debug][gc,phases      ] GC(46)     Dead                           Min: 0, Avg:  0.0, Max: 0, Diff: 0, Sum: 0, Workers: 4
[532.187s][debug][gc,phases      ] GC(46)     Total                          Min: 0, Avg: 11.2, Max: 45, Diff: 45, Sum: 45, Workers: 4
[532.187s][debug][gc,phases      ] GC(46)   StringDedup Table Weak         Min:  0.0, Avg:  0.0, Max:  0.0, Diff:  0.0, Sum:  0.0, Workers: 4
[532.187s][debug][gc,phases      ] GC(46)     Dead                           Min: 0, Avg:  0.0, Max: 0, Diff: 0, Sum: 0, Workers: 4
[532.187s][debug][gc,phases      ] GC(46)     Total                          Min: 0, Avg:  0.0, Max: 0, Diff: 0, Sum: 0, Workers: 4
[532.187s][debug][gc,phases      ] GC(46)   StringDedup Requests0 Weak     Min:  0.0, Avg:  0.0, Max:  0.0, Diff:  0.0, Sum:  0.0, Workers: 4
[532.187s][debug][gc,phases      ] GC(46)     Dead                           Min: 0, Avg:  0.0, Max: 0, Diff: 0, Sum: 0, Workers: 4
[532.187s][debug][gc,phases      ] GC(46)     Total                          Min: 0, Avg:  0.0, Max: 0, Diff: 0, Sum: 0, Workers: 4
[532.187s][debug][gc,phases      ] GC(46)   StringDedup Requests1 Weak     Min:  0.0, Avg:  0.0, Max:  0.0, Diff:  0.0, Sum:  0.0, Workers: 4
[532.187s][debug][gc,phases      ] GC(46)     Dead                           Min: 0, Avg:  0.0, Max: 0, Diff: 0, Sum: 0, Workers: 4
[532.187s][debug][gc,phases      ] GC(46)     Total                          Min: 0, Avg:  0.0, Max: 0, Diff: 0, Sum: 0, Workers: 4
[532.187s][debug][gc,phases      ] GC(46)   Weak JFR Old Object Samples    Min:  0.0, Avg:  0.0, Max:  0.0, Diff:  0.0, Sum:  0.0, Workers: 4
[532.187s][debug][gc,phases      ] GC(46)     Dead                           Min: 0, Avg:  0.0, Max: 0, Diff: 0, Sum: 0, Workers: 4
[532.187s][debug][gc,phases      ] GC(46)     Total                          Min: 0, Avg:  0.0, Max: 0, Diff: 0, Sum: 0, Workers: 4
[532.187s][debug][gc,phases      ] GC(46) Weak Processing 0.560ms
[532.187s][debug][gc,age         ] GC(46) Desired survivor size 204472320 bytes, new threshold 15 (max threshold 15)
[532.187s][info ][gc,heap        ] GC(46) PSYoungGen: 1660726K(1883136K)->6492K(1868288K) Eden: 1654272K(1654272K)->0K(1654272K) From: 6454K(228864K)->6492K(214016K)
[532.187s][info ][gc,heap        ] GC(46) ParOldGen: 345484K(458752K)->345500K(458752K)
[532.187s][info ][gc,metaspace   ] GC(46) Metaspace: 81635K(82624K)->81635K(82624K) NonClass: 69843K(70400K)->69843K(70400K) Class: 11792K(12224K)->11792K(12224K)
[532.187s][info ][gc             ] GC(46) Pause Young (Allocation Failure) 1959M->343M(2272M) 6.811ms
[532.187s][info ][gc,cpu         ] GC(46) User=0.01s Sys=0.00s Real=0.01s
[532.187s][info ][safepoint      ] Safepoint "ParallelGCFailedAllocation", Time since last: 480158247 ns, Reaching safepoint: 22199 ns, At safepoint: 6910272 ns, Total: 6932471 ns
[541.188s][info ][safepoint      ] Safepoint "Cleanup", Time since last: 9000593777 ns, Reaching safepoint: 46200 ns, At safepoint: 3000 ns, Total: 49200 ns
[542.188s][info ][safepoint      ] Safepoint "Cleanup", Time since last: 1000112473 ns, Reaching safepoint: 37400 ns, At safepoint: 4700 ns, Total: 42100 ns
[544.188s][info ][safepoint      ] Safepoint "Cleanup", Time since last: 2000167545 ns, Reaching safepoint: 40600 ns, At safepoint: 4400 ns, Total: 45000 ns
[545.188s][info ][safepoint      ] Safepoint "Cleanup", Time since last: 1000127877 ns, Reaching safepoint: 63800 ns, At safepoint: 3700 ns, Total: 67500 ns
[551.189s][info ][safepoint      ] Safepoint "Cleanup", Time since last: 6000462362 ns, Reaching safepoint: 167999 ns, At safepoint: 8400 ns, Total: 176399 ns
[552.189s][info ][safepoint      ] Safepoint "Cleanup", Time since last: 1000103060 ns, Reaching safepoint: 56300 ns, At safepoint: 9000 ns, Total: 65300 ns
[552.842s][info ][gc,start       ] GC(47) Pause Young (Allocation Failure)
[552.850s][debug][gc,phases      ] GC(47) Scavenge 7.754ms
[552.850s][debug][gc,ref         ] GC(47) Skipped phase 1 of Reference Processing: no references
[552.850s][debug][gc,ref         ] GC(47) ReferenceProcessor::execute queues: 1, RefProcThreadModel::Single, marks_oops_alive: false
[552.850s][debug][gc,ref         ] GC(47) Skipped phase 3 of Reference Processing: no references
[552.850s][debug][gc,ref         ] GC(47) ReferenceProcessor::execute queues: 1, RefProcThreadModel::Single, marks_oops_alive: false
[552.850s][debug][gc,phases      ] GC(47) Reference Processing 0.122ms
[552.850s][debug][gc,phases      ] GC(47)   VM Weak                        Min:  0.0, Avg:  0.0, Max:  0.0, Diff:  0.0, Sum:  0.0, Workers: 4
[552.851s][debug][gc,phases      ] GC(47)     Dead                           Min: 0, Avg:  0.0, Max: 0, Diff: 0, Sum: 0, Workers: 4
[552.851s][debug][gc,phases      ] GC(47)     Total                          Min: 0, Avg: 208.5, Max: 706, Diff: 706, Sum: 834, Workers: 4
[552.851s][debug][gc,phases      ] GC(47)   ObjectSynchronizer Weak        Min:  0.0, Avg:  0.0, Max:  0.0, Diff:  0.0, Sum:  0.0, Workers: 4
[552.851s][debug][gc,phases      ] GC(47)     Dead                           Min: 0, Avg:  0.0, Max: 0, Diff: 0, Sum: 0, Workers: 4
[552.851s][debug][gc,phases      ] GC(47)     Total                          Min: 0, Avg: 14.8, Max: 59, Diff: 59, Sum: 59, Workers: 4
[552.851s][debug][gc,phases      ] GC(47)   JVMTI Tag Weak OopStorage      Min:  0.0, Avg:  0.0, Max:  0.0, Diff:  0.0, Sum:  0.0, Workers: 4
[552.851s][debug][gc,phases      ] GC(47)     Dead                           Min: 0, Avg:  0.0, Max: 0, Diff: 0, Sum: 0, Workers: 4
[552.851s][debug][gc,phases      ] GC(47)     Total                          Min: 0, Avg:  0.0, Max: 0, Diff: 0, Sum: 0, Workers: 4
[552.851s][debug][gc,phases      ] GC(47)   StringTable Weak               Min:  0.0, Avg:  0.1, Max:  0.1, Diff:  0.1, Sum:  0.4, Workers: 4
[552.851s][debug][gc,phases      ] GC(47)     Dead                           Min: 0, Avg:  0.2, Max: 1, Diff: 1, Sum: 1, Workers: 4
[552.851s][debug][gc,phases      ] GC(47)     Total                          Min: 0, Avg: 10986.5, Max: 15147, Diff: 15147, Sum: 43946, Workers: 4
[552.851s][debug][gc,phases      ] GC(47)   ResolvedMethodTable Weak       Min:  0.0, Avg:  0.0, Max:  0.0, Diff:  0.0, Sum:  0.1, Workers: 4
[552.851s][debug][gc,phases      ] GC(47)     Dead                           Min: 0, Avg:  0.0, Max: 0, Diff: 0, Sum: 0, Workers: 4
[552.851s][debug][gc,phases      ] GC(47)     Total                          Min: 0, Avg: 2402.0, Max: 3336, Diff: 3336, Sum: 9608, Workers: 4
[552.851s][debug][gc,phases      ] GC(47)   JNI Weak                       Min:  0.0, Avg:  0.0, Max:  0.0, Diff:  0.0, Sum:  0.0, Workers: 4
[552.851s][debug][gc,phases      ] GC(47)     Dead                           Min: 0, Avg:  0.0, Max: 0, Diff: 0, Sum: 0, Workers: 4
[552.851s][debug][gc,phases      ] GC(47)     Total                          Min: 0, Avg: 11.2, Max: 45, Diff: 45, Sum: 45, Workers: 4
[552.851s][debug][gc,phases      ] GC(47)   StringDedup Table Weak         Min:  0.0, Avg:  0.0, Max:  0.0, Diff:  0.0, Sum:  0.0, Workers: 4
[552.851s][debug][gc,phases      ] GC(47)     Dead                           Min: 0, Avg:  0.0, Max: 0, Diff: 0, Sum: 0, Workers: 4
[552.851s][debug][gc,phases      ] GC(47)     Total                          Min: 0, Avg:  0.0, Max: 0, Diff: 0, Sum: 0, Workers: 4
[552.851s][debug][gc,phases      ] GC(47)   StringDedup Requests0 Weak     Min:  0.0, Avg:  0.0, Max:  0.0, Diff:  0.0, Sum:  0.0, Workers: 4
[552.851s][debug][gc,phases      ] GC(47)     Dead                           Min: 0, Avg:  0.0, Max: 0, Diff: 0, Sum: 0, Workers: 4
[552.851s][debug][gc,phases      ] GC(47)     Total                          Min: 0, Avg:  0.0, Max: 0, Diff: 0, Sum: 0, Workers: 4
[552.851s][debug][gc,phases      ] GC(47)   StringDedup Requests1 Weak     Min:  0.0, Avg:  0.0, Max:  0.0, Diff:  0.0, Sum:  0.0, Workers: 4
[552.851s][debug][gc,phases      ] GC(47)     Dead                           Min: 0, Avg:  0.0, Max: 0, Diff: 0, Sum: 0, Workers: 4
[552.851s][debug][gc,phases      ] GC(47)     Total                          Min: 0, Avg:  0.0, Max: 0, Diff: 0, Sum: 0, Workers: 4
[552.851s][debug][gc,phases      ] GC(47)   Weak JFR Old Object Samples    Min:  0.0, Avg:  0.0, Max:  0.0, Diff:  0.0, Sum:  0.0, Workers: 4
[552.851s][debug][gc,phases      ] GC(47)     Dead                           Min: 0, Avg:  0.0, Max: 0, Diff: 0, Sum: 0, Workers: 4
[552.851s][debug][gc,phases      ] GC(47)     Total                          Min: 0, Avg:  0.0, Max: 0, Diff: 0, Sum: 0, Workers: 4
[552.851s][debug][gc,phases      ] GC(47) Weak Processing 0.388ms
[552.851s][debug][gc,age         ] GC(47) Desired survivor size 190316544 bytes, new threshold 15 (max threshold 15)
[552.851s][info ][gc,heap        ] GC(47) PSYoungGen: 1660764K(1868288K)->9179K(1911296K) Eden: 1654272K(1654272K)->0K(1711616K) From: 6492K(214016K)->9179K(199680K)
[552.851s][info ][gc,heap        ] GC(47) ParOldGen: 345500K(458752K)->345524K(458752K)
[552.851s][info ][gc,metaspace   ] GC(47) Metaspace: 81688K(82688K)->81688K(82688K) NonClass: 69890K(70464K)->69890K(70464K) Class: 11797K(12224K)->11797K(12224K)
[552.851s][info ][gc             ] GC(47) Pause Young (Allocation Failure) 1959M->346M(2314M) 8.382ms
[552.851s][info ][gc,cpu         ] GC(47) User=0.03s Sys=0.00s Real=0.01s
[552.851s][info ][safepoint      ] Safepoint "ParallelGCFailedAllocation", Time since last: 653246949 ns, Reaching safepoint: 34300 ns, At safepoint: 8446065 ns, Total: 8480365 ns
[553.851s][info ][safepoint      ] Safepoint "Cleanup", Time since last: 1000079846 ns, Reaching safepoint: 34500 ns, At safepoint: 2600 ns, Total: 37100 ns
[554.851s][info ][safepoint      ] Safepoint "Cleanup", Time since last: 1000116546 ns, Reaching safepoint: 118100 ns, At safepoint: 7500 ns, Total: 125600 ns
[556.217s][info ][safepoint      ] Safepoint "Cleanup", Time since last: 1365437265 ns, Reaching safepoint: 133799 ns, At safepoint: 4700 ns, Total: 138499 ns
[557.217s][info ][safepoint      ] Safepoint "Cleanup", Time since last: 1000108946 ns, Reaching safepoint: 53400 ns, At safepoint: 2200 ns, Total: 55600 ns
[558.217s][info ][safepoint      ] Safepoint "Cleanup", Time since last: 1000100546 ns, Reaching safepoint: 49199 ns, At safepoint: 2400 ns, Total: 51599 ns
[559.217s][info ][safepoint      ] Safepoint "Cleanup", Time since last: 1000101446 ns, Reaching safepoint: 39700 ns, At safepoint: 2700 ns, Total: 42400 ns
[560.217s][info ][safepoint      ] Safepoint "Cleanup", Time since last: 1000099346 ns, Reaching safepoint: 59700 ns, At safepoint: 2500 ns, Total: 62200 ns
[561.217s][info ][safepoint      ] Safepoint "Cleanup", Time since last: 1000108021 ns, Reaching safepoint: 42600 ns, At safepoint: 7400 ns, Total: 50000 ns
[562.218s][info ][safepoint      ] Safepoint "Cleanup", Time since last: 1000102103 ns, Reaching safepoint: 48200 ns, At safepoint: 2400 ns, Total: 50600 ns
[563.218s][info ][safepoint      ] Safepoint "Cleanup", Time since last: 1000096103 ns, Reaching safepoint: 54100 ns, At safepoint: 2200 ns, Total: 56300 ns
[564.218s][info ][safepoint      ] Safepoint "Cleanup", Time since last: 1000106603 ns, Reaching safepoint: 60999 ns, At safepoint: 5200 ns, Total: 66199 ns
[565.218s][info ][safepoint      ] Safepoint "Cleanup", Time since last: 1000095503 ns, Reaching safepoint: 71700 ns, At safepoint: 5400 ns, Total: 77100 ns
[566.218s][info ][safepoint      ] Safepoint "Cleanup", Time since last: 1000099103 ns, Reaching safepoint: 52700 ns, At safepoint: 5100 ns, Total: 57800 ns
[566.349s][info ][gc,start       ] GC(48) Pause Young (Allocation Failure)
[566.360s][debug][gc,phases      ] GC(48) Scavenge 10.764ms
[566.360s][debug][gc,ref         ] GC(48) Skipped phase 1 of Reference Processing: no references
[566.360s][debug][gc,ref         ] GC(48) ReferenceProcessor::execute queues: 1, RefProcThreadModel::Single, marks_oops_alive: false
[566.360s][debug][gc,ref         ] GC(48) Skipped phase 3 of Reference Processing: no references
[566.360s][debug][gc,ref         ] GC(48) ReferenceProcessor::execute queues: 1, RefProcThreadModel::Single, marks_oops_alive: false
[566.360s][debug][gc,phases      ] GC(48) Reference Processing 0.094ms
[566.360s][debug][gc,phases      ] GC(48)   VM Weak                        Min:  0.0, Avg:  0.0, Max:  0.0, Diff:  0.0, Sum:  0.0, Workers: 4
[566.360s][debug][gc,phases      ] GC(48)     Dead                           Min: 0, Avg:  0.0, Max: 0, Diff: 0, Sum: 0, Workers: 4
[566.360s][debug][gc,phases      ] GC(48)     Total                          Min: 0, Avg: 209.5, Max: 512, Diff: 512, Sum: 838, Workers: 4
[566.360s][debug][gc,phases      ] GC(48)   ObjectSynchronizer Weak        Min:  0.0, Avg:  0.0, Max:  0.0, Diff:  0.0, Sum:  0.0, Workers: 4
[566.360s][debug][gc,phases      ] GC(48)     Dead                           Min: 0, Avg:  0.0, Max: 0, Diff: 0, Sum: 0, Workers: 4
[566.360s][debug][gc,phases      ] GC(48)     Total                          Min: 0, Avg: 14.8, Max: 59, Diff: 59, Sum: 59, Workers: 4
[566.360s][debug][gc,phases      ] GC(48)   JVMTI Tag Weak OopStorage      Min:  0.0, Avg:  0.0, Max:  0.0, Diff:  0.0, Sum:  0.0, Workers: 4
[566.360s][debug][gc,phases      ] GC(48)     Dead                           Min: 0, Avg:  0.0, Max: 0, Diff: 0, Sum: 0, Workers: 4
[566.360s][debug][gc,phases      ] GC(48)     Total                          Min: 0, Avg:  0.0, Max: 0, Diff: 0, Sum: 0, Workers: 4
[566.360s][debug][gc,phases      ] GC(48)   StringTable Weak               Min:  0.0, Avg:  0.1, Max:  0.1, Diff:  0.1, Sum:  0.3, Workers: 4
[566.360s][debug][gc,phases      ] GC(48)     Dead                           Min: 0, Avg:  0.5, Max: 2, Diff: 2, Sum: 2, Workers: 4
[566.360s][debug][gc,phases      ] GC(48)     Total                          Min: 0, Avg: 10989.0, Max: 19124, Diff: 19124, Sum: 43956, Workers: 4
[566.360s][debug][gc,phases      ] GC(48)   ResolvedMethodTable Weak       Min:  0.0, Avg:  0.0, Max:  0.0, Diff:  0.0, Sum:  0.1, Workers: 4
[566.360s][debug][gc,phases      ] GC(48)     Dead                           Min: 0, Avg:  0.0, Max: 0, Diff: 0, Sum: 0, Workers: 4
[566.360s][debug][gc,phases      ] GC(48)     Total                          Min: 0, Avg: 2407.5, Max: 3840, Diff: 3840, Sum: 9630, Workers: 4
[566.360s][debug][gc,phases      ] GC(48)   JNI Weak                       Min:  0.0, Avg:  0.0, Max:  0.0, Diff:  0.0, Sum:  0.0, Workers: 4
[566.360s][debug][gc,phases      ] GC(48)     Dead                           Min: 0, Avg:  0.0, Max: 0, Diff: 0, Sum: 0, Workers: 4
[566.360s][debug][gc,phases      ] GC(48)     Total                          Min: 0, Avg: 11.2, Max: 45, Diff: 45, Sum: 45, Workers: 4
[566.360s][debug][gc,phases      ] GC(48)   StringDedup Table Weak         Min:  0.0, Avg:  0.0, Max:  0.0, Diff:  0.0, Sum:  0.0, Workers: 4
[566.360s][debug][gc,phases      ] GC(48)     Dead                           Min: 0, Avg:  0.0, Max: 0, Diff: 0, Sum: 0, Workers: 4
[566.360s][debug][gc,phases      ] GC(48)     Total                          Min: 0, Avg:  0.0, Max: 0, Diff: 0, Sum: 0, Workers: 4
[566.360s][debug][gc,phases      ] GC(48)   StringDedup Requests0 Weak     Min:  0.0, Avg:  0.0, Max:  0.0, Diff:  0.0, Sum:  0.0, Workers: 4
[566.360s][debug][gc,phases      ] GC(48)     Dead                           Min: 0, Avg:  0.0, Max: 0, Diff: 0, Sum: 0, Workers: 4
[566.360s][debug][gc,phases      ] GC(48)     Total                          Min: 0, Avg:  0.0, Max: 0, Diff: 0, Sum: 0, Workers: 4
[566.360s][debug][gc,phases      ] GC(48)   StringDedup Requests1 Weak     Min:  0.0, Avg:  0.0, Max:  0.0, Diff:  0.0, Sum:  0.0, Workers: 4
[566.360s][debug][gc,phases      ] GC(48)     Dead                           Min: 0, Avg:  0.0, Max: 0, Diff: 0, Sum: 0, Workers: 4
[566.360s][debug][gc,phases      ] GC(48)     Total                          Min: 0, Avg:  0.0, Max: 0, Diff: 0, Sum: 0, Workers: 4
[566.360s][debug][gc,phases      ] GC(48)   Weak JFR Old Object Samples    Min:  0.0, Avg:  0.0, Max:  0.0, Diff:  0.0, Sum:  0.0, Workers: 4
[566.360s][debug][gc,phases      ] GC(48)     Dead                           Min: 0, Avg:  0.0, Max: 0, Diff: 0, Sum: 0, Workers: 4
[566.360s][debug][gc,phases      ] GC(48)     Total                          Min: 0, Avg:  0.0, Max: 0, Diff: 0, Sum: 0, Workers: 4
[566.360s][debug][gc,phases      ] GC(48) Weak Processing 0.308ms
[566.360s][debug][gc,age         ] GC(48) Desired survivor size 176685056 bytes, new threshold 15 (max threshold 15)
[566.360s][info ][gc,heap        ] GC(48) PSYoungGen: 1720795K(1911296K)->9259K(1897472K) Eden: 1711616K(1711616K)->0K(1711616K) From: 9179K(199680K)->9259K(185856K)
[566.360s][info ][gc,heap        ] GC(48) ParOldGen: 345524K(458752K)->345644K(458752K)
[566.360s][info ][gc,metaspace   ] GC(48) Metaspace: 81755K(82752K)->81755K(82752K) NonClass: 69950K(70464K)->69950K(70464K) Class: 11805K(12288K)->11805K(12288K)
[566.360s][info ][gc             ] GC(48) Pause Young (Allocation Failure) 2017M->346M(2301M) 11.293ms
[566.360s][info ][gc,cpu         ] GC(48) User=0.03s Sys=0.00s Real=0.01s
[566.360s][info ][safepoint      ] Safepoint "ParallelGCFailedAllocation", Time since last: 130487665 ns, Reaching safepoint: 38500 ns, At safepoint: 11357053 ns, Total: 11395553 ns
[567.360s][info ][safepoint      ] Safepoint "Cleanup", Time since last: 1000084203 ns, Reaching safepoint: 45200 ns, At safepoint: 2400 ns, Total: 47600 ns
[568.360s][info ][safepoint      ] Safepoint "Cleanup", Time since last: 1000089103 ns, Reaching safepoint: 50500 ns, At safepoint: 2800 ns, Total: 53300 ns
[569.361s][info ][safepoint      ] Safepoint "Cleanup", Time since last: 1000099787 ns, Reaching safepoint: 32700 ns, At safepoint: 2700 ns, Total: 35400 ns
[570.361s][info ][safepoint      ] Safepoint "Cleanup", Time since last: 1000098823 ns, Reaching safepoint: 39800 ns, At safepoint: 1900 ns, Total: 41700 ns
[571.361s][info ][safepoint      ] Safepoint "Cleanup", Time since last: 1000093523 ns, Reaching safepoint: 59700 ns, At safepoint: 2600 ns, Total: 62300 ns
[574.361s][info ][safepoint      ] Safepoint "Cleanup", Time since last: 3000185069 ns, Reaching safepoint: 31100 ns, At safepoint: 2500 ns, Total: 33600 ns
[578.361s][info ][safepoint      ] Safepoint "Cleanup", Time since last: 4000295898 ns, Reaching safepoint: 39300 ns, At safepoint: 2100 ns, Total: 41400 ns
[579.362s][info ][safepoint      ] Safepoint "Cleanup", Time since last: 1000105349 ns, Reaching safepoint: 53900 ns, At safepoint: 10100 ns, Total: 64000 ns
[579.554s][info ][gc,start       ] GC(49) Pause Young (Allocation Failure)
[579.561s][debug][gc,phases      ] GC(49) Scavenge 7.495ms
[579.561s][debug][gc,ref         ] GC(49) Skipped phase 1 of Reference Processing: no references
[579.561s][debug][gc,ref         ] GC(49) ReferenceProcessor::execute queues: 1, RefProcThreadModel::Single, marks_oops_alive: false
[579.561s][debug][gc,ref         ] GC(49) Skipped phase 3 of Reference Processing: no references
[579.561s][debug][gc,ref         ] GC(49) ReferenceProcessor::execute queues: 1, RefProcThreadModel::Single, marks_oops_alive: false
[579.561s][debug][gc,phases      ] GC(49) Reference Processing 0.092ms
[579.561s][debug][gc,phases      ] GC(49)   VM Weak                        Min:  0.0, Avg:  0.0, Max:  0.0, Diff:  0.0, Sum:  0.0, Workers: 4
[579.561s][debug][gc,phases      ] GC(49)     Dead                           Min: 0, Avg:  0.0, Max: 0, Diff: 0, Sum: 0, Workers: 4
[579.561s][debug][gc,phases      ] GC(49)     Total                          Min: 0, Avg: 209.5, Max: 454, Diff: 454, Sum: 838, Workers: 4
[579.561s][debug][gc,phases      ] GC(49)   ObjectSynchronizer Weak        Min:  0.0, Avg:  0.0, Max:  0.0, Diff:  0.0, Sum:  0.0, Workers: 4
[579.561s][debug][gc,phases      ] GC(49)     Dead                           Min: 0, Avg:  0.0, Max: 0, Diff: 0, Sum: 0, Workers: 4
[579.561s][debug][gc,phases      ] GC(49)     Total                          Min: 0, Avg: 14.8, Max: 59, Diff: 59, Sum: 59, Workers: 4
[579.561s][debug][gc,phases      ] GC(49)   JVMTI Tag Weak OopStorage      Min:  0.0, Avg:  0.0, Max:  0.0, Diff:  0.0, Sum:  0.0, Workers: 4
[579.561s][debug][gc,phases      ] GC(49)     Dead                           Min: 0, Avg:  0.0, Max: 0, Diff: 0, Sum: 0, Workers: 4
[579.561s][debug][gc,phases      ] GC(49)     Total                          Min: 0, Avg:  0.0, Max: 0, Diff: 0, Sum: 0, Workers: 4
[579.561s][debug][gc,phases      ] GC(49)   StringTable Weak               Min:  0.0, Avg:  0.1, Max:  0.1, Diff:  0.1, Sum:  0.3, Workers: 4
[579.561s][debug][gc,phases      ] GC(49)     Dead                           Min: 0, Avg:  0.0, Max: 0, Diff: 0, Sum: 0, Workers: 4
[579.561s][debug][gc,phases      ] GC(49)     Total                          Min: 0, Avg: 10990.2, Max: 19129, Diff: 19129, Sum: 43961, Workers: 4
[579.561s][debug][gc,phases      ] GC(49)   ResolvedMethodTable Weak       Min:  0.0, Avg:  0.0, Max:  0.0, Diff:  0.0, Sum:  0.1, Workers: 4
[579.561s][debug][gc,phases      ] GC(49)     Dead                           Min: 0, Avg:  0.0, Max: 0, Diff: 0, Sum: 0, Workers: 4
[579.561s][debug][gc,phases      ] GC(49)     Total                          Min: 0, Avg: 2407.5, Max: 4191, Diff: 4191, Sum: 9630, Workers: 4
[579.561s][debug][gc,phases      ] GC(49)   JNI Weak                       Min:  0.0, Avg:  0.0, Max:  0.0, Diff:  0.0, Sum:  0.0, Workers: 4
[579.561s][debug][gc,phases      ] GC(49)     Dead                           Min: 0, Avg:  0.0, Max: 0, Diff: 0, Sum: 0, Workers: 4
[579.561s][debug][gc,phases      ] GC(49)     Total                          Min: 0, Avg: 11.2, Max: 45, Diff: 45, Sum: 45, Workers: 4
[579.561s][debug][gc,phases      ] GC(49)   StringDedup Table Weak         Min:  0.0, Avg:  0.0, Max:  0.0, Diff:  0.0, Sum:  0.0, Workers: 4
[579.561s][debug][gc,phases      ] GC(49)     Dead                           Min: 0, Avg:  0.0, Max: 0, Diff: 0, Sum: 0, Workers: 4
[579.561s][debug][gc,phases      ] GC(49)     Total                          Min: 0, Avg:  0.0, Max: 0, Diff: 0, Sum: 0, Workers: 4
[579.561s][debug][gc,phases      ] GC(49)   StringDedup Requests0 Weak     Min:  0.0, Avg:  0.0, Max:  0.0, Diff:  0.0, Sum:  0.0, Workers: 4
[579.561s][debug][gc,phases      ] GC(49)     Dead                           Min: 0, Avg:  0.0, Max: 0, Diff: 0, Sum: 0, Workers: 4
[579.561s][debug][gc,phases      ] GC(49)     Total                          Min: 0, Avg:  0.0, Max: 0, Diff: 0, Sum: 0, Workers: 4
[579.561s][debug][gc,phases      ] GC(49)   StringDedup Requests1 Weak     Min:  0.0, Avg:  0.0, Max:  0.0, Diff:  0.0, Sum:  0.0, Workers: 4
[579.561s][debug][gc,phases      ] GC(49)     Dead                           Min: 0, Avg:  0.0, Max: 0, Diff: 0, Sum: 0, Workers: 4
[579.561s][debug][gc,phases      ] GC(49)     Total                          Min: 0, Avg:  0.0, Max: 0, Diff: 0, Sum: 0, Workers: 4
[579.561s][debug][gc,phases      ] GC(49)   Weak JFR Old Object Samples    Min:  0.0, Avg:  0.0, Max:  0.0, Diff:  0.0, Sum:  0.0, Workers: 4
[579.561s][debug][gc,phases      ] GC(49)     Dead                           Min: 0, Avg:  0.0, Max: 0, Diff: 0, Sum: 0, Workers: 4
[579.561s][debug][gc,phases      ] GC(49)     Total                          Min: 0, Avg:  0.0, Max: 0, Diff: 0, Sum: 0, Workers: 4
[579.561s][debug][gc,phases      ] GC(49) Weak Processing 0.313ms
[579.562s][debug][gc,age         ] GC(49) Desired survivor size 164102144 bytes, new threshold 15 (max threshold 15)
[579.562s][info ][gc,heap        ] GC(49) PSYoungGen: 1720875K(1897472K)->9275K(1936896K) Eden: 1711616K(1711616K)->0K(1764352K) From: 9259K(185856K)->9275K(172544K)
[579.562s][info ][gc,heap        ] GC(49) ParOldGen: 345644K(458752K)->345668K(458752K)
[579.562s][info ][gc,metaspace   ] GC(49) Metaspace: 81783K(82816K)->81783K(82816K) NonClass: 69978K(70528K)->69978K(70528K) Class: 11805K(12288K)->11805K(12288K)
[579.562s][info ][gc             ] GC(49) Pause Young (Allocation Failure) 2018M->346M(2339M) 8.008ms
[579.562s][info ][gc,cpu         ] GC(49) User=0.02s Sys=0.00s Real=0.01s
[579.562s][info ][safepoint      ] Safepoint "ParallelGCFailedAllocation", Time since last: 191871504 ns, Reaching safepoint: 48900 ns, At safepoint: 8071466 ns, Total: 8120366 ns
[580.562s][info ][safepoint      ] Safepoint "Cleanup", Time since last: 1000075450 ns, Reaching safepoint: 41000 ns, At safepoint: 9000 ns, Total: 50000 ns
[582.562s][info ][safepoint      ] Safepoint "Cleanup", Time since last: 2000092599 ns, Reaching safepoint: 37200 ns, At safepoint: 2700 ns, Total: 39900 ns
[583.562s][info ][safepoint      ] Safepoint "Cleanup", Time since last: 1000098749 ns, Reaching safepoint: 49200 ns, At safepoint: 3700 ns, Total: 52900 ns
[586.562s][info ][safepoint      ] Safepoint "Cleanup", Time since last: 3000247558 ns, Reaching safepoint: 42000 ns, At safepoint: 2600 ns, Total: 44600 ns
[587.562s][info ][safepoint      ] Safepoint "Cleanup", Time since last: 1000099507 ns, Reaching safepoint: 42500 ns, At safepoint: 2800 ns, Total: 45300 ns
[589.563s][info ][safepoint      ] Safepoint "Cleanup", Time since last: 2000170714 ns, Reaching safepoint: 39500 ns, At safepoint: 3100 ns, Total: 42600 ns
[590.563s][info ][safepoint      ] Safepoint "Cleanup", Time since last: 1000090007 ns, Reaching safepoint: 46200 ns, At safepoint: 3600 ns, Total: 49800 ns
[593.294s][info ][gc,start       ] GC(50) Pause Young (Allocation Failure)
[593.302s][debug][gc,phases      ] GC(50) Scavenge 7.843ms
[593.302s][debug][gc,ref         ] GC(50) Skipped phase 1 of Reference Processing: no references
[593.302s][debug][gc,ref         ] GC(50) ReferenceProcessor::execute queues: 1, RefProcThreadModel::Single, marks_oops_alive: false
[593.302s][debug][gc,ref         ] GC(50) Skipped phase 3 of Reference Processing: no references
[593.302s][debug][gc,ref         ] GC(50) ReferenceProcessor::execute queues: 1, RefProcThreadModel::Single, marks_oops_alive: false
[593.302s][debug][gc,phases      ] GC(50) Reference Processing 0.094ms
[593.303s][debug][gc,phases      ] GC(50)   VM Weak                        Min:  0.0, Avg:  0.0, Max:  0.0, Diff:  0.0, Sum:  0.0, Workers: 4
[593.303s][debug][gc,phases      ] GC(50)     Dead                           Min: 0, Avg:  0.0, Max: 0, Diff: 0, Sum: 0, Workers: 4
[593.303s][debug][gc,phases      ] GC(50)     Total                          Min: 0, Avg: 209.5, Max: 704, Diff: 704, Sum: 838, Workers: 4
[593.303s][debug][gc,phases      ] GC(50)   ObjectSynchronizer Weak        Min:  0.0, Avg:  0.0, Max:  0.0, Diff:  0.0, Sum:  0.0, Workers: 4
[593.303s][debug][gc,phases      ] GC(50)     Dead                           Min: 0, Avg:  0.0, Max: 0, Diff: 0, Sum: 0, Workers: 4
[593.303s][debug][gc,phases      ] GC(50)     Total                          Min: 0, Avg: 14.8, Max: 59, Diff: 59, Sum: 59, Workers: 4
[593.303s][debug][gc,phases      ] GC(50)   JVMTI Tag Weak OopStorage      Min:  0.0, Avg:  0.0, Max:  0.0, Diff:  0.0, Sum:  0.0, Workers: 4
[593.303s][debug][gc,phases      ] GC(50)     Dead                           Min: 0, Avg:  0.0, Max: 0, Diff: 0, Sum: 0, Workers: 4
[593.303s][debug][gc,phases      ] GC(50)     Total                          Min: 0, Avg:  0.0, Max: 0, Diff: 0, Sum: 0, Workers: 4
[593.303s][debug][gc,phases      ] GC(50)   StringTable Weak               Min:  0.0, Avg:  0.1, Max:  0.1, Diff:  0.1, Sum:  0.4, Workers: 4
[593.303s][debug][gc,phases      ] GC(50)     Dead                           Min: 0, Avg:  0.0, Max: 0, Diff: 0, Sum: 0, Workers: 4
[593.303s][debug][gc,phases      ] GC(50)     Total                          Min: 0, Avg: 10991.0, Max: 14847, Diff: 14847, Sum: 43964, Workers: 4
[593.303s][debug][gc,phases      ] GC(50)   ResolvedMethodTable Weak       Min:  0.0, Avg:  0.0, Max:  0.0, Diff:  0.0, Sum:  0.1, Workers: 4
[593.303s][debug][gc,phases      ] GC(50)     Dead                           Min: 0, Avg:  0.0, Max: 0, Diff: 0, Sum: 0, Workers: 4
[593.303s][debug][gc,phases      ] GC(50)     Total                          Min: 0, Avg: 2407.5, Max: 3551, Diff: 3551, Sum: 9630, Workers: 4
[593.303s][debug][gc,phases      ] GC(50)   JNI Weak                       Min:  0.0, Avg:  0.0, Max:  0.0, Diff:  0.0, Sum:  0.0, Workers: 4
[593.303s][debug][gc,phases      ] GC(50)     Dead                           Min: 0, Avg:  0.0, Max: 0, Diff: 0, Sum: 0, Workers: 4
[593.303s][debug][gc,phases      ] GC(50)     Total                          Min: 0, Avg: 11.2, Max: 45, Diff: 45, Sum: 45, Workers: 4
[593.303s][debug][gc,phases      ] GC(50)   StringDedup Table Weak         Min:  0.0, Avg:  0.0, Max:  0.0, Diff:  0.0, Sum:  0.0, Workers: 4
[593.303s][debug][gc,phases      ] GC(50)     Dead                           Min: 0, Avg:  0.0, Max: 0, Diff: 0, Sum: 0, Workers: 4
[593.303s][debug][gc,phases      ] GC(50)     Total                          Min: 0, Avg:  0.0, Max: 0, Diff: 0, Sum: 0, Workers: 4
[593.303s][debug][gc,phases      ] GC(50)   StringDedup Requests0 Weak     Min:  0.0, Avg:  0.0, Max:  0.0, Diff:  0.0, Sum:  0.0, Workers: 4
[593.303s][debug][gc,phases      ] GC(50)     Dead                           Min: 0, Avg:  0.0, Max: 0, Diff: 0, Sum: 0, Workers: 4
[593.303s][debug][gc,phases      ] GC(50)     Total                          Min: 0, Avg:  0.0, Max: 0, Diff: 0, Sum: 0, Workers: 4
[593.303s][debug][gc,phases      ] GC(50)   StringDedup Requests1 Weak     Min:  0.0, Avg:  0.0, Max:  0.0, Diff:  0.0, Sum:  0.0, Workers: 4
[593.303s][debug][gc,phases      ] GC(50)     Dead                           Min: 0, Avg:  0.0, Max: 0, Diff: 0, Sum: 0, Workers: 4
[593.303s][debug][gc,phases      ] GC(50)     Total                          Min: 0, Avg:  0.0, Max: 0, Diff: 0, Sum: 0, Workers: 4
[593.303s][debug][gc,phases      ] GC(50)   Weak JFR Old Object Samples    Min:  0.0, Avg:  0.0, Max:  0.0, Diff:  0.0, Sum:  0.0, Workers: 4
[593.303s][debug][gc,phases      ] GC(50)     Dead                           Min: 0, Avg:  0.0, Max: 0, Diff: 0, Sum: 0, Workers: 4
[593.303s][debug][gc,phases      ] GC(50)     Total                          Min: 0, Avg:  0.0, Max: 0, Diff: 0, Sum: 0, Workers: 4
[593.303s][debug][gc,phases      ] GC(50) Weak Processing 0.325ms
[593.303s][debug][gc,age         ] GC(50) Desired survivor size 152567808 bytes, new threshold 15 (max threshold 15)
[593.303s][info ][gc,heap        ] GC(50) PSYoungGen: 1773627K(1936896K)->9403K(1924608K) Eden: 1764352K(1764352K)->0K(1764352K) From: 9275K(172544K)->9403K(160256K)
[593.303s][info ][gc,heap        ] GC(50) ParOldGen: 345668K(458752K)->345676K(458752K)
[593.303s][info ][gc,metaspace   ] GC(50) Metaspace: 81811K(82816K)->81811K(82816K) NonClass: 70006K(70528K)->70006K(70528K) Class: 11805K(12288K)->11805K(12288K)
[593.303s][info ][gc             ] GC(50) Pause Young (Allocation Failure) 2069M->346M(2327M) 8.374ms
[593.303s][info ][gc,cpu         ] GC(50) User=0.02s Sys=0.00s Real=0.00s
[593.303s][info ][safepoint      ] Safepoint "ParallelGCFailedAllocation", Time since last: 2731621510 ns, Reaching safepoint: 44500 ns, At safepoint: 8444166 ns, Total: 8488666 ns
[595.145s][info ][safepoint      ] Safepoint "Cleanup", Time since last: 1842454730 ns, Reaching safepoint: 121499 ns, At safepoint: 5800 ns, Total: 127299 ns
[596.146s][info ][safepoint      ] Safepoint "Cleanup", Time since last: 1000121091 ns, Reaching safepoint: 112299 ns, At safepoint: 5000 ns, Total: 117299 ns
[600.146s][info ][safepoint      ] Safepoint "Cleanup", Time since last: 4000314464 ns, Reaching safepoint: 101500 ns, At safepoint: 5500 ns, Total: 107000 ns
[602.146s][info ][safepoint      ] Safepoint "Cleanup", Time since last: 2000176527 ns, Reaching safepoint: 141400 ns, At safepoint: 6500 ns, Total: 147900 ns
[603.147s][info ][safepoint      ] Safepoint "Cleanup", Time since last: 1000123422 ns, Reaching safepoint: 123499 ns, At safepoint: 7300 ns, Total: 130799 ns
[604.147s][info ][safepoint      ] Safepoint "Cleanup", Time since last: 1000110422 ns, Reaching safepoint: 106500 ns, At safepoint: 5700 ns, Total: 112200 ns
[606.147s][info ][safepoint      ] Safepoint "Cleanup", Time since last: 2000232744 ns, Reaching safepoint: 121799 ns, At safepoint: 11100 ns, Total: 132899 ns
[607.196s][info ][gc,start       ] GC(51) Pause Young (Allocation Failure)
[607.203s][debug][gc,phases      ] GC(51) Scavenge 6.750ms
[607.203s][debug][gc,ref         ] GC(51) Skipped phase 1 of Reference Processing: no references
[607.203s][debug][gc,ref         ] GC(51) ReferenceProcessor::execute queues: 1, RefProcThreadModel::Single, marks_oops_alive: false
[607.203s][debug][gc,ref         ] GC(51) Skipped phase 3 of Reference Processing: no references
[607.203s][debug][gc,ref         ] GC(51) ReferenceProcessor::execute queues: 1, RefProcThreadModel::Single, marks_oops_alive: false
[607.203s][debug][gc,phases      ] GC(51) Reference Processing 0.121ms
[607.203s][debug][gc,phases      ] GC(51)   VM Weak                        Min:  0.0, Avg:  0.0, Max:  0.0, Diff:  0.0, Sum:  0.0, Workers: 4
[607.203s][debug][gc,phases      ] GC(51)     Dead                           Min: 0, Avg:  0.0, Max: 0, Diff: 0, Sum: 0, Workers: 4
[607.203s][debug][gc,phases      ] GC(51)     Total                          Min: 0, Avg: 209.5, Max: 576, Diff: 576, Sum: 838, Workers: 4
[607.203s][debug][gc,phases      ] GC(51)   ObjectSynchronizer Weak        Min:  0.0, Avg:  0.0, Max:  0.0, Diff:  0.0, Sum:  0.0, Workers: 4
[607.203s][debug][gc,phases      ] GC(51)     Dead                           Min: 0, Avg:  0.0, Max: 0, Diff: 0, Sum: 0, Workers: 4
[607.203s][debug][gc,phases      ] GC(51)     Total                          Min: 0, Avg: 14.8, Max: 59, Diff: 59, Sum: 59, Workers: 4
[607.203s][debug][gc,phases      ] GC(51)   JVMTI Tag Weak OopStorage      Min:  0.0, Avg:  0.0, Max:  0.0, Diff:  0.0, Sum:  0.0, Workers: 4
[607.203s][debug][gc,phases      ] GC(51)     Dead                           Min: 0, Avg:  0.0, Max: 0, Diff: 0, Sum: 0, Workers: 4
[607.203s][debug][gc,phases      ] GC(51)     Total                          Min: 0, Avg:  0.0, Max: 0, Diff: 0, Sum: 0, Workers: 4
[607.203s][debug][gc,phases      ] GC(51)   StringTable Weak               Min:  0.0, Avg:  0.1, Max:  0.1, Diff:  0.1, Sum:  0.4, Workers: 4
[607.203s][debug][gc,phases      ] GC(51)     Dead                           Min: 0, Avg:  0.5, Max: 2, Diff: 2, Sum: 2, Workers: 4
[607.203s][debug][gc,phases      ] GC(51)     Total                          Min: 0, Avg: 10994.8, Max: 16447, Diff: 16447, Sum: 43979, Workers: 4
[607.203s][debug][gc,phases      ] GC(51)   ResolvedMethodTable Weak       Min:  0.0, Avg:  0.0, Max:  0.0, Diff:  0.0, Sum:  0.1, Workers: 4
[607.203s][debug][gc,phases      ] GC(51)     Dead                           Min: 0, Avg:  4.0, Max: 16, Diff: 16, Sum: 16, Workers: 4
[607.203s][debug][gc,phases      ] GC(51)     Total                          Min: 0, Avg: 2411.0, Max: 3322, Diff: 3322, Sum: 9644, Workers: 4
[607.203s][debug][gc,phases      ] GC(51)   JNI Weak                       Min:  0.0, Avg:  0.0, Max:  0.0, Diff:  0.0, Sum:  0.0, Workers: 4
[607.203s][debug][gc,phases      ] GC(51)     Dead                           Min: 0, Avg:  0.0, Max: 0, Diff: 0, Sum: 0, Workers: 4
[607.203s][debug][gc,phases      ] GC(51)     Total                          Min: 0, Avg: 11.2, Max: 45, Diff: 45, Sum: 45, Workers: 4
[607.203s][debug][gc,phases      ] GC(51)   StringDedup Table Weak         Min:  0.0, Avg:  0.0, Max:  0.0, Diff:  0.0, Sum:  0.0, Workers: 4
[607.203s][debug][gc,phases      ] GC(51)     Dead                           Min: 0, Avg:  0.0, Max: 0, Diff: 0, Sum: 0, Workers: 4
[607.203s][debug][gc,phases      ] GC(51)     Total                          Min: 0, Avg:  0.0, Max: 0, Diff: 0, Sum: 0, Workers: 4
[607.203s][debug][gc,phases      ] GC(51)   StringDedup Requests0 Weak     Min:  0.0, Avg:  0.0, Max:  0.0, Diff:  0.0, Sum:  0.0, Workers: 4
[607.203s][debug][gc,phases      ] GC(51)     Dead                           Min: 0, Avg:  0.0, Max: 0, Diff: 0, Sum: 0, Workers: 4
[607.203s][debug][gc,phases      ] GC(51)     Total                          Min: 0, Avg:  0.0, Max: 0, Diff: 0, Sum: 0, Workers: 4
[607.203s][debug][gc,phases      ] GC(51)   StringDedup Requests1 Weak     Min:  0.0, Avg:  0.0, Max:  0.0, Diff:  0.0, Sum:  0.0, Workers: 4
[607.203s][debug][gc,phases      ] GC(51)     Dead                           Min: 0, Avg:  0.0, Max: 0, Diff: 0, Sum: 0, Workers: 4
[607.203s][debug][gc,phases      ] GC(51)     Total                          Min: 0, Avg:  0.0, Max: 0, Diff: 0, Sum: 0, Workers: 4
[607.203s][debug][gc,phases      ] GC(51)   Weak JFR Old Object Samples    Min:  0.0, Avg:  0.0, Max:  0.0, Diff:  0.0, Sum:  0.0, Workers: 4
[607.203s][debug][gc,phases      ] GC(51)     Dead                           Min: 0, Avg:  0.0, Max: 0, Diff: 0, Sum: 0, Workers: 4
[607.203s][debug][gc,phases      ] GC(51)     Total                          Min: 0, Avg:  0.0, Max: 0, Diff: 0, Sum: 0, Workers: 4
[607.203s][debug][gc,phases      ] GC(51) Weak Processing 0.378ms
[607.203s][debug][gc,age         ] GC(51) Desired survivor size 141557760 bytes, new threshold 15 (max threshold 15)
[607.203s][info ][gc,heap        ] GC(51) PSYoungGen: 1773755K(1924608K)->9269K(1958912K) Eden: 1764352K(1764352K)->0K(1809920K) From: 9403K(160256K)->9269K(148992K)
[607.203s][info ][gc,heap        ] GC(51) ParOldGen: 345676K(458752K)->345760K(458752K)
[607.203s][info ][gc,metaspace   ] GC(51) Metaspace: 81918K(82944K)->81918K(82944K) NonClass: 70093K(70656K)->70093K(70656K) Class: 11824K(12288K)->11824K(12288K)
[607.203s][info ][gc             ] GC(51) Pause Young (Allocation Failure) 2069M->346M(2361M) 7.388ms
[607.203s][info ][gc,cpu         ] GC(51) User=0.02s Sys=0.00s Real=0.00s
[607.203s][info ][safepoint      ] Safepoint "ParallelGCFailedAllocation", Time since last: 1048356725 ns, Reaching safepoint: 41000 ns, At safepoint: 7469770 ns, Total: 7510770 ns
[609.203s][info ][safepoint      ] Safepoint "Cleanup", Time since last: 2000155244 ns, Reaching safepoint: 117299 ns, At safepoint: 9900 ns, Total: 127199 ns
[610.204s][info ][safepoint      ] Safepoint "Cleanup", Time since last: 1000116722 ns, Reaching safepoint: 49300 ns, At safepoint: 2599 ns, Total: 51899 ns
[611.204s][info ][safepoint      ] Safepoint "Cleanup", Time since last: 1000108622 ns, Reaching safepoint: 38200 ns, At safepoint: 7600 ns, Total: 45800 ns
[612.204s][info ][safepoint      ] Safepoint "Cleanup", Time since last: 1000108121 ns, Reaching safepoint: 49200 ns, At safepoint: 6500 ns, Total: 55700 ns
[613.204s][info ][safepoint      ] Safepoint "Cleanup", Time since last: 1000111021 ns, Reaching safepoint: 48700 ns, At safepoint: 3100 ns, Total: 51800 ns
[616.204s][info ][safepoint      ] Safepoint "Cleanup", Time since last: 3000240265 ns, Reaching safepoint: 34300 ns, At safepoint: 2800 ns, Total: 37100 ns
[617.205s][info ][safepoint      ] Safepoint "Cleanup", Time since last: 1000111421 ns, Reaching safepoint: 76099 ns, At safepoint: 2900 ns, Total: 78999 ns
[621.592s][info ][gc,start       ] GC(52) Pause Young (Allocation Failure)
[621.599s][debug][gc,phases      ] GC(52) Scavenge 6.600ms
[621.599s][debug][gc,ref         ] GC(52) Skipped phase 1 of Reference Processing: no references
[621.599s][debug][gc,ref         ] GC(52) ReferenceProcessor::execute queues: 1, RefProcThreadModel::Single, marks_oops_alive: false
[621.599s][debug][gc,ref         ] GC(52) Skipped phase 3 of Reference Processing: no references
[621.599s][debug][gc,ref         ] GC(52) ReferenceProcessor::execute queues: 1, RefProcThreadModel::Single, marks_oops_alive: false
[621.599s][debug][gc,phases      ] GC(52) Reference Processing 0.109ms
[621.599s][debug][gc,phases      ] GC(52)   VM Weak                        Min:  0.0, Avg:  0.0, Max:  0.0, Diff:  0.0, Sum:  0.0, Workers: 4
[621.599s][debug][gc,phases      ] GC(52)     Dead                           Min: 0, Avg:  0.0, Max: 0, Diff: 0, Sum: 0, Workers: 4
[621.599s][debug][gc,phases      ] GC(52)     Total                          Min: 0, Avg: 209.5, Max: 512, Diff: 512, Sum: 838, Workers: 4
[621.599s][debug][gc,phases      ] GC(52)   ObjectSynchronizer Weak        Min:  0.0, Avg:  0.0, Max:  0.0, Diff:  0.0, Sum:  0.0, Workers: 4
[621.599s][debug][gc,phases      ] GC(52)     Dead                           Min: 0, Avg:  0.0, Max: 0, Diff: 0, Sum: 0, Workers: 4
[621.599s][debug][gc,phases      ] GC(52)     Total                          Min: 0, Avg: 14.8, Max: 59, Diff: 59, Sum: 59, Workers: 4
[621.599s][debug][gc,phases      ] GC(52)   JVMTI Tag Weak OopStorage      Min:  0.0, Avg:  0.0, Max:  0.0, Diff:  0.0, Sum:  0.0, Workers: 4
[621.599s][debug][gc,phases      ] GC(52)     Dead                           Min: 0, Avg:  0.0, Max: 0, Diff: 0, Sum: 0, Workers: 4
[621.599s][debug][gc,phases      ] GC(52)     Total                          Min: 0, Avg:  0.0, Max: 0, Diff: 0, Sum: 0, Workers: 4
[621.599s][debug][gc,phases      ] GC(52)   StringTable Weak               Min:  0.0, Avg:  0.1, Max:  0.1, Diff:  0.1, Sum:  0.4, Workers: 4
[621.599s][debug][gc,phases      ] GC(52)     Dead                           Min: 0, Avg:  0.2, Max: 1, Diff: 1, Sum: 1, Workers: 4
[621.599s][debug][gc,phases      ] GC(52)     Total                          Min: 0, Avg: 10997.0, Max: 17535, Diff: 17535, Sum: 43988, Workers: 4
[621.599s][debug][gc,phases      ] GC(52)   ResolvedMethodTable Weak       Min:  0.0, Avg:  0.0, Max:  0.0, Diff:  0.0, Sum:  0.1, Workers: 4
[621.599s][debug][gc,phases      ] GC(52)     Dead                           Min: 0, Avg:  0.2, Max: 1, Diff: 1, Sum: 1, Workers: 4
[621.599s][debug][gc,phases      ] GC(52)     Total                          Min: 0, Avg: 2415.2, Max: 3584, Diff: 3584, Sum: 9661, Workers: 4
[621.599s][debug][gc,phases      ] GC(52)   JNI Weak                       Min:  0.0, Avg:  0.0, Max:  0.0, Diff:  0.0, Sum:  0.0, Workers: 4
[621.599s][debug][gc,phases      ] GC(52)     Dead                           Min: 0, Avg:  0.0, Max: 0, Diff: 0, Sum: 0, Workers: 4
[621.599s][debug][gc,phases      ] GC(52)     Total                          Min: 0, Avg: 11.2, Max: 45, Diff: 45, Sum: 45, Workers: 4
[621.599s][debug][gc,phases      ] GC(52)   StringDedup Table Weak         Min:  0.0, Avg:  0.0, Max:  0.0, Diff:  0.0, Sum:  0.0, Workers: 4
[621.599s][debug][gc,phases      ] GC(52)     Dead                           Min: 0, Avg:  0.0, Max: 0, Diff: 0, Sum: 0, Workers: 4
[621.599s][debug][gc,phases      ] GC(52)     Total                          Min: 0, Avg:  0.0, Max: 0, Diff: 0, Sum: 0, Workers: 4
[621.599s][debug][gc,phases      ] GC(52)   StringDedup Requests0 Weak     Min:  0.0, Avg:  0.0, Max:  0.0, Diff:  0.0, Sum:  0.0, Workers: 4
[621.599s][debug][gc,phases      ] GC(52)     Dead                           Min: 0, Avg:  0.0, Max: 0, Diff: 0, Sum: 0, Workers: 4
[621.599s][debug][gc,phases      ] GC(52)     Total                          Min: 0, Avg:  0.0, Max: 0, Diff: 0, Sum: 0, Workers: 4
[621.599s][debug][gc,phases      ] GC(52)   StringDedup Requests1 Weak     Min:  0.0, Avg:  0.0, Max:  0.0, Diff:  0.0, Sum:  0.0, Workers: 4
[621.599s][debug][gc,phases      ] GC(52)     Dead                           Min: 0, Avg:  0.0, Max: 0, Diff: 0, Sum: 0, Workers: 4
[621.599s][debug][gc,phases      ] GC(52)     Total                          Min: 0, Avg:  0.0, Max: 0, Diff: 0, Sum: 0, Workers: 4
[621.599s][debug][gc,phases      ] GC(52)   Weak JFR Old Object Samples    Min:  0.0, Avg:  0.0, Max:  0.0, Diff:  0.0, Sum:  0.0, Workers: 4
[621.599s][debug][gc,phases      ] GC(52)     Dead                           Min: 0, Avg:  0.0, Max: 0, Diff: 0, Sum: 0, Workers: 4
[621.599s][debug][gc,phases      ] GC(52)     Total                          Min: 0, Avg:  0.0, Max: 0, Diff: 0, Sum: 0, Workers: 4
[621.599s][debug][gc,phases      ] GC(52) Weak Processing 0.352ms
[621.599s][debug][gc,age         ] GC(52) Desired survivor size 131596288 bytes, new threshold 15 (max threshold 15)
[621.599s][info ][gc,heap        ] GC(52) PSYoungGen: 1819189K(1958912K)->9371K(1948160K) Eden: 1809920K(1809920K)->0K(1809920K) From: 9269K(148992K)->9371K(138240K)
[621.599s][info ][gc,heap        ] GC(52) ParOldGen: 345760K(458752K)->345776K(458752K)
[621.599s][info ][gc,metaspace   ] GC(52) Metaspace: 81969K(83008K)->81969K(83008K) NonClass: 70135K(70720K)->70135K(70720K) Class: 11833K(12288K)->11833K(12288K)
[621.599s][info ][gc             ] GC(52) Pause Young (Allocation Failure) 2114M->346M(2350M) 7.172ms
[621.599s][info ][gc,cpu         ] GC(52) User=0.02s Sys=0.00s Real=0.01s
[621.599s][info ][safepoint      ] Safepoint "ParallelGCFailedAllocation", Time since last: 4387364206 ns, Reaching safepoint: 40400 ns, At safepoint: 7233970 ns, Total: 7274370 ns
[622.599s][info ][safepoint      ] Safepoint "Cleanup", Time since last: 1000080221 ns, Reaching safepoint: 41100 ns, At safepoint: 2300 ns, Total: 43400 ns
[624.578s][info ][safepoint      ] Safepoint "Cleanup", Time since last: 1978261031 ns, Reaching safepoint: 103700 ns, At safepoint: 5600 ns, Total: 109300 ns
[625.578s][info ][safepoint      ] Safepoint "Cleanup", Time since last: 1000111824 ns, Reaching safepoint: 60200 ns, At safepoint: 5300 ns, Total: 65500 ns
[627.578s][info ][safepoint      ] Safepoint "Cleanup", Time since last: 2000167851 ns, Reaching safepoint: 110499 ns, At safepoint: 4800 ns, Total: 115299 ns
[628.578s][info ][safepoint      ] Safepoint "Cleanup", Time since last: 1000101026 ns, Reaching safepoint: 47199 ns, At safepoint: 2200 ns, Total: 49399 ns
[629.578s][info ][safepoint      ] Safepoint "Cleanup", Time since last: 1000099226 ns, Reaching safepoint: 39900 ns, At safepoint: 2000 ns, Total: 41900 ns
[630.579s][info ][safepoint      ] Safepoint "Cleanup", Time since last: 1000064625 ns, Reaching safepoint: 43200 ns, At safepoint: 3200 ns, Total: 46400 ns
[632.579s][info ][safepoint      ] Safepoint "Cleanup", Time since last: 2000186350 ns, Reaching safepoint: 39800 ns, At safepoint: 2700 ns, Total: 42500 ns
[633.579s][info ][safepoint      ] Safepoint "Cleanup", Time since last: 1000108036 ns, Reaching safepoint: 53700 ns, At safepoint: 2900 ns, Total: 56600 ns
[634.579s][info ][safepoint      ] Safepoint "Cleanup", Time since last: 1000103938 ns, Reaching safepoint: 37200 ns, At safepoint: 13100 ns, Total: 50300 ns
[636.579s][info ][safepoint      ] Safepoint "Cleanup", Time since last: 2000165276 ns, Reaching safepoint: 40900 ns, At safepoint: 2600 ns, Total: 43500 ns
[636.846s][info ][gc,start       ] GC(53) Pause Young (Allocation Failure)
[636.854s][debug][gc,phases      ] GC(53) Scavenge 8.558ms
[636.854s][debug][gc,ref         ] GC(53) Skipped phase 1 of Reference Processing: no references
[636.854s][debug][gc,ref         ] GC(53) ReferenceProcessor::execute queues: 1, RefProcThreadModel::Single, marks_oops_alive: false
[636.854s][debug][gc,ref         ] GC(53) Skipped phase 3 of Reference Processing: no references
[636.854s][debug][gc,ref         ] GC(53) ReferenceProcessor::execute queues: 1, RefProcThreadModel::Single, marks_oops_alive: false
[636.854s][debug][gc,phases      ] GC(53) Reference Processing 0.092ms
[636.854s][debug][gc,phases      ] GC(53)   VM Weak                        Min:  0.0, Avg:  0.0, Max:  0.0, Diff:  0.0, Sum:  0.0, Workers: 4
[636.855s][debug][gc,phases      ] GC(53)     Dead                           Min: 0, Avg:  0.0, Max: 0, Diff: 0, Sum: 0, Workers: 4
[636.855s][debug][gc,phases      ] GC(53)     Total                          Min: 0, Avg: 209.5, Max: 518, Diff: 518, Sum: 838, Workers: 4
[636.855s][debug][gc,phases      ] GC(53)   ObjectSynchronizer Weak        Min:  0.0, Avg:  0.0, Max:  0.0, Diff:  0.0, Sum:  0.0, Workers: 4
[636.855s][debug][gc,phases      ] GC(53)     Dead                           Min: 0, Avg:  0.0, Max: 0, Diff: 0, Sum: 0, Workers: 4
[636.855s][debug][gc,phases      ] GC(53)     Total                          Min: 0, Avg: 14.8, Max: 59, Diff: 59, Sum: 59, Workers: 4
[636.855s][debug][gc,phases      ] GC(53)   JVMTI Tag Weak OopStorage      Min:  0.0, Avg:  0.0, Max:  0.0, Diff:  0.0, Sum:  0.0, Workers: 4
[636.855s][debug][gc,phases      ] GC(53)     Dead                           Min: 0, Avg:  0.0, Max: 0, Diff: 0, Sum: 0, Workers: 4
[636.855s][debug][gc,phases      ] GC(53)     Total                          Min: 0, Avg:  0.0, Max: 0, Diff: 0, Sum: 0, Workers: 4
[636.855s][debug][gc,phases      ] GC(53)   StringTable Weak               Min:  0.0, Avg:  0.1, Max:  0.1, Diff:  0.1, Sum:  0.3, Workers: 4
[636.855s][debug][gc,phases      ] GC(53)     Dead                           Min: 0, Avg:  0.0, Max: 0, Diff: 0, Sum: 0, Workers: 4
[636.855s][debug][gc,phases      ] GC(53)     Total                          Min: 0, Avg: 10998.5, Max: 26139, Diff: 26139, Sum: 43994, Workers: 4
[636.855s][debug][gc,phases      ] GC(53)   ResolvedMethodTable Weak       Min:  0.0, Avg:  0.0, Max:  0.0, Diff:  0.0, Sum:  0.1, Workers: 4
[636.855s][debug][gc,phases      ] GC(53)     Dead                           Min: 0, Avg:  0.0, Max: 0, Diff: 0, Sum: 0, Workers: 4
[636.855s][debug][gc,phases      ] GC(53)     Total                          Min: 0, Avg: 2415.2, Max: 5565, Diff: 5565, Sum: 9661, Workers: 4
[636.855s][debug][gc,phases      ] GC(53)   JNI Weak                       Min:  0.0, Avg:  0.0, Max:  0.0, Diff:  0.0, Sum:  0.0, Workers: 4
[636.855s][debug][gc,phases      ] GC(53)     Dead                           Min: 0, Avg:  0.0, Max: 0, Diff: 0, Sum: 0, Workers: 4
[636.855s][debug][gc,phases      ] GC(53)     Total                          Min: 0, Avg: 11.2, Max: 45, Diff: 45, Sum: 45, Workers: 4
[636.855s][debug][gc,phases      ] GC(53)   StringDedup Table Weak         Min:  0.0, Avg:  0.0, Max:  0.0, Diff:  0.0, Sum:  0.0, Workers: 4
[636.855s][debug][gc,phases      ] GC(53)     Dead                           Min: 0, Avg:  0.0, Max: 0, Diff: 0, Sum: 0, Workers: 4
[636.855s][debug][gc,phases      ] GC(53)     Total                          Min: 0, Avg:  0.0, Max: 0, Diff: 0, Sum: 0, Workers: 4
[636.855s][debug][gc,phases      ] GC(53)   StringDedup Requests0 Weak     Min:  0.0, Avg:  0.0, Max:  0.0, Diff:  0.0, Sum:  0.0, Workers: 4
[636.855s][debug][gc,phases      ] GC(53)     Dead                           Min: 0, Avg:  0.0, Max: 0, Diff: 0, Sum: 0, Workers: 4
[636.855s][debug][gc,phases      ] GC(53)     Total                          Min: 0, Avg:  0.0, Max: 0, Diff: 0, Sum: 0, Workers: 4
[636.855s][debug][gc,phases      ] GC(53)   StringDedup Requests1 Weak     Min:  0.0, Avg:  0.0, Max:  0.0, Diff:  0.0, Sum:  0.0, Workers: 4
[636.855s][debug][gc,phases      ] GC(53)     Dead                           Min: 0, Avg:  0.0, Max: 0, Diff: 0, Sum: 0, Workers: 4
[636.855s][debug][gc,phases      ] GC(53)     Total                          Min: 0, Avg:  0.0, Max: 0, Diff: 0, Sum: 0, Workers: 4
[636.855s][debug][gc,phases      ] GC(53)   Weak JFR Old Object Samples    Min:  0.0, Avg:  0.0, Max:  0.0, Diff:  0.0, Sum:  0.0, Workers: 4
[636.855s][debug][gc,phases      ] GC(53)     Dead                           Min: 0, Avg:  0.0, Max: 0, Diff: 0, Sum: 0, Workers: 4
[636.855s][debug][gc,phases      ] GC(53)     Total                          Min: 0, Avg:  0.0, Max: 0, Diff: 0, Sum: 0, Workers: 4
[636.855s][debug][gc,phases      ] GC(53) Weak Processing 0.355ms
[636.855s][debug][gc,age         ] GC(53) Desired survivor size 121634816 bytes, new threshold 15 (max threshold 15)
[636.855s][info ][gc,heap        ] GC(53) PSYoungGen: 1819291K(1948160K)->11345K(1978368K) Eden: 1809920K(1809920K)->0K(1849856K) From: 9371K(138240K)->11345K(128512K)
[636.855s][info ][gc,heap        ] GC(53) ParOldGen: 345776K(458752K)->345784K(458752K)
[636.855s][info ][gc,metaspace   ] GC(53) Metaspace: 82017K(83072K)->82017K(83072K) NonClass: 70184K(70784K)->70184K(70784K) Class: 11833K(12288K)->11833K(12288K)
[636.855s][info ][gc             ] GC(53) Pause Young (Allocation Failure) 2114M->348M(2380M) 9.113ms
[636.855s][info ][gc,cpu         ] GC(53) User=0.02s Sys=0.01s Real=0.02s
[636.855s][info ][safepoint      ] Safepoint "ParallelGCFailedAllocation", Time since last: 266177219 ns, Reaching safepoint: 30600 ns, At safepoint: 9176462 ns, Total: 9207062 ns
[638.855s][info ][safepoint      ] Safepoint "Cleanup", Time since last: 2000161776 ns, Reaching safepoint: 34400 ns, At safepoint: 2600 ns, Total: 37000 ns
[639.855s][info ][safepoint      ] Safepoint "Cleanup", Time since last: 1000111038 ns, Reaching safepoint: 45900 ns, At safepoint: 3100 ns, Total: 49000 ns
[640.855s][info ][safepoint      ] Safepoint "Cleanup", Time since last: 1000127338 ns, Reaching safepoint: 38599 ns, At safepoint: 4600 ns, Total: 43199 ns
[641.855s][info ][safepoint      ] Safepoint "Cleanup", Time since last: 1000111637 ns, Reaching safepoint: 44800 ns, At safepoint: 3100 ns, Total: 47900 ns
[643.856s][info ][safepoint      ] Safepoint "Cleanup", Time since last: 2000177973 ns, Reaching safepoint: 33800 ns, At safepoint: 2200 ns, Total: 36000 ns
[647.856s][info ][safepoint      ] Safepoint "Cleanup", Time since last: 4000292147 ns, Reaching safepoint: 31200 ns, At safepoint: 2500 ns, Total: 33700 ns
[648.856s][info ][safepoint      ] Safepoint "Cleanup", Time since last: 1000103744 ns, Reaching safepoint: 38600 ns, At safepoint: 3700 ns, Total: 42300 ns
[650.649s][info ][gc,start       ] GC(54) Pause Young (Allocation Failure)
[650.657s][debug][gc,phases      ] GC(54) Scavenge 8.689ms
[650.657s][debug][gc,ref         ] GC(54) Skipped phase 1 of Reference Processing: no references
[650.657s][debug][gc,ref         ] GC(54) ReferenceProcessor::execute queues: 1, RefProcThreadModel::Single, marks_oops_alive: false
[650.657s][debug][gc,ref         ] GC(54) Skipped phase 3 of Reference Processing: no references
[650.657s][debug][gc,ref         ] GC(54) ReferenceProcessor::execute queues: 1, RefProcThreadModel::Single, marks_oops_alive: false
[650.657s][debug][gc,phases      ] GC(54) Reference Processing 0.123ms
[650.658s][debug][gc,phases      ] GC(54)   VM Weak                        Min:  0.0, Avg:  0.0, Max:  0.0, Diff:  0.0, Sum:  0.0, Workers: 4
[650.658s][debug][gc,phases      ] GC(54)     Dead                           Min: 0, Avg:  0.0, Max: 0, Diff: 0, Sum: 0, Workers: 4
[650.658s][debug][gc,phases      ] GC(54)     Total                          Min: 0, Avg: 210.5, Max: 448, Diff: 448, Sum: 842, Workers: 4
[650.658s][debug][gc,phases      ] GC(54)   ObjectSynchronizer Weak        Min:  0.0, Avg:  0.0, Max:  0.0, Diff:  0.0, Sum:  0.0, Workers: 4
[650.658s][debug][gc,phases      ] GC(54)     Dead                           Min: 0, Avg:  0.0, Max: 0, Diff: 0, Sum: 0, Workers: 4
[650.658s][debug][gc,phases      ] GC(54)     Total                          Min: 0, Avg: 14.8, Max: 59, Diff: 59, Sum: 59, Workers: 4
[650.658s][debug][gc,phases      ] GC(54)   JVMTI Tag Weak OopStorage      Min:  0.0, Avg:  0.0, Max:  0.0, Diff:  0.0, Sum:  0.0, Workers: 4
[650.658s][debug][gc,phases      ] GC(54)     Dead                           Min: 0, Avg:  0.0, Max: 0, Diff: 0, Sum: 0, Workers: 4
[650.658s][debug][gc,phases      ] GC(54)     Total                          Min: 0, Avg:  0.0, Max: 0, Diff: 0, Sum: 0, Workers: 4
[650.658s][debug][gc,phases      ] GC(54)   StringTable Weak               Min:  0.0, Avg:  0.1, Max:  0.2, Diff:  0.2, Sum:  0.4, Workers: 4
[650.658s][debug][gc,phases      ] GC(54)     Dead                           Min: 0, Avg:  0.0, Max: 0, Diff: 0, Sum: 0, Workers: 4
[650.658s][debug][gc,phases      ] GC(54)     Total                          Min: 0, Avg: 10999.5, Max: 22112, Diff: 22112, Sum: 43998, Workers: 4
[650.658s][debug][gc,phases      ] GC(54)   ResolvedMethodTable Weak       Min:  0.0, Avg:  0.0, Max:  0.0, Diff:  0.0, Sum:  0.1, Workers: 4
[650.658s][debug][gc,phases      ] GC(54)     Dead                           Min: 0, Avg:  0.0, Max: 0, Diff: 0, Sum: 0, Workers: 4
[650.658s][debug][gc,phases      ] GC(54)     Total                          Min: 0, Avg: 2418.2, Max: 5257, Diff: 5257, Sum: 9673, Workers: 4
[650.658s][debug][gc,phases      ] GC(54)   JNI Weak                       Min:  0.0, Avg:  0.0, Max:  0.0, Diff:  0.0, Sum:  0.0, Workers: 4
[650.658s][debug][gc,phases      ] GC(54)     Dead                           Min: 0, Avg:  0.0, Max: 0, Diff: 0, Sum: 0, Workers: 4
[650.658s][debug][gc,phases      ] GC(54)     Total                          Min: 0, Avg: 11.2, Max: 45, Diff: 45, Sum: 45, Workers: 4
[650.658s][debug][gc,phases      ] GC(54)   StringDedup Table Weak         Min:  0.0, Avg:  0.0, Max:  0.0, Diff:  0.0, Sum:  0.0, Workers: 4
[650.658s][debug][gc,phases      ] GC(54)     Dead                           Min: 0, Avg:  0.0, Max: 0, Diff: 0, Sum: 0, Workers: 4
[650.658s][debug][gc,phases      ] GC(54)     Total                          Min: 0, Avg:  0.0, Max: 0, Diff: 0, Sum: 0, Workers: 4
[650.658s][debug][gc,phases      ] GC(54)   StringDedup Requests0 Weak     Min:  0.0, Avg:  0.0, Max:  0.0, Diff:  0.0, Sum:  0.0, Workers: 4
[650.658s][debug][gc,phases      ] GC(54)     Dead                           Min: 0, Avg:  0.0, Max: 0, Diff: 0, Sum: 0, Workers: 4
[650.658s][debug][gc,phases      ] GC(54)     Total                          Min: 0, Avg:  0.0, Max: 0, Diff: 0, Sum: 0, Workers: 4
[650.658s][debug][gc,phases      ] GC(54)   StringDedup Requests1 Weak     Min:  0.0, Avg:  0.0, Max:  0.0, Diff:  0.0, Sum:  0.0, Workers: 4
[650.658s][debug][gc,phases      ] GC(54)     Dead                           Min: 0, Avg:  0.0, Max: 0, Diff: 0, Sum: 0, Workers: 4
[650.658s][debug][gc,phases      ] GC(54)     Total                          Min: 0, Avg:  0.0, Max: 0, Diff: 0, Sum: 0, Workers: 4
[650.658s][debug][gc,phases      ] GC(54)   Weak JFR Old Object Samples    Min:  0.0, Avg:  0.0, Max:  0.0, Diff:  0.0, Sum:  0.0, Workers: 4
[650.658s][debug][gc,phases      ] GC(54)     Dead                           Min: 0, Avg:  0.0, Max: 0, Diff: 0, Sum: 0, Workers: 4
[650.658s][debug][gc,phases      ] GC(54)     Total                          Min: 0, Avg:  0.0, Max: 0, Diff: 0, Sum: 0, Workers: 4
[650.658s][debug][gc,phases      ] GC(54) Weak Processing 0.497ms
[650.658s][debug][gc,age         ] GC(54) Desired survivor size 112721920 bytes, new threshold 15 (max threshold 15)
[650.658s][info ][gc,heap        ] GC(54) PSYoungGen: 1861201K(1978368K)->11441K(1968640K) Eden: 1849856K(1849856K)->0K(1849856K) From: 11345K(128512K)->11441K(118784K)
[650.658s][info ][gc,heap        ] GC(54) ParOldGen: 345784K(458752K)->345816K(458752K)
[650.658s][info ][gc,metaspace   ] GC(54) Metaspace: 82049K(83072K)->82049K(83072K) NonClass: 70211K(70784K)->70211K(70784K) Class: 11837K(12288K)->11837K(12288K)
[650.658s][info ][gc             ] GC(54) Pause Young (Allocation Failure) 2155M->348M(2370M) 9.446ms
[650.658s][info ][gc,cpu         ] GC(54) User=0.03s Sys=0.00s Real=0.01s
[650.658s][info ][safepoint      ] Safepoint "ParallelGCFailedAllocation", Time since last: 1792434725 ns, Reaching safepoint: 21800 ns, At safepoint: 9523662 ns, Total: 9545462 ns
[651.658s][info ][safepoint      ] Safepoint "Cleanup", Time since last: 1000180697 ns, Reaching safepoint: 42700 ns, At safepoint: 2700 ns, Total: 45400 ns
[655.659s][info ][safepoint      ] Safepoint "Cleanup", Time since last: 4000268488 ns, Reaching safepoint: 34000 ns, At safepoint: 2500 ns, Total: 36500 ns
[656.659s][info ][safepoint      ] Safepoint "Cleanup", Time since last: 1000113197 ns, Reaching safepoint: 39400 ns, At safepoint: 2700 ns, Total: 42100 ns
[657.659s][info ][safepoint      ] Safepoint "Cleanup", Time since last: 1000089538 ns, Reaching safepoint: 30099 ns, At safepoint: 4400 ns, Total: 34499 ns
[658.659s][info ][safepoint      ] Safepoint "Cleanup", Time since last: 1000357332 ns, Reaching safepoint: 40500 ns, At safepoint: 7200 ns, Total: 47700 ns
[659.659s][info ][safepoint      ] Safepoint "Cleanup", Time since last: 1000110832 ns, Reaching safepoint: 42300 ns, At safepoint: 4600 ns, Total: 46900 ns
[663.660s][info ][safepoint      ] Safepoint "Cleanup", Time since last: 4000324630 ns, Reaching safepoint: 45699 ns, At safepoint: 3000 ns, Total: 48699 ns
[664.593s][info ][gc,start       ] GC(55) Pause Young (Allocation Failure)
[664.601s][debug][gc,phases      ] GC(55) Scavenge 7.679ms
[664.601s][debug][gc,ref         ] GC(55) Skipped phase 1 of Reference Processing: no references
[664.601s][debug][gc,ref         ] GC(55) ReferenceProcessor::execute queues: 1, RefProcThreadModel::Single, marks_oops_alive: false
[664.601s][debug][gc,ref         ] GC(55) Skipped phase 3 of Reference Processing: no references
[664.601s][debug][gc,ref         ] GC(55) ReferenceProcessor::execute queues: 1, RefProcThreadModel::Single, marks_oops_alive: false
[664.601s][debug][gc,phases      ] GC(55) Reference Processing 0.111ms
[664.601s][debug][gc,phases      ] GC(55)   VM Weak                        Min:  0.0, Avg:  0.0, Max:  0.0, Diff:  0.0, Sum:  0.0, Workers: 4
[664.601s][debug][gc,phases      ] GC(55)     Dead                           Min: 0, Avg:  0.0, Max: 0, Diff: 0, Sum: 0, Workers: 4
[664.601s][debug][gc,phases      ] GC(55)     Total                          Min: 0, Avg: 210.5, Max: 586, Diff: 586, Sum: 842, Workers: 4
[664.601s][debug][gc,phases      ] GC(55)   ObjectSynchronizer Weak        Min:  0.0, Avg:  0.0, Max:  0.0, Diff:  0.0, Sum:  0.0, Workers: 4
[664.601s][debug][gc,phases      ] GC(55)     Dead                           Min: 0, Avg:  0.0, Max: 0, Diff: 0, Sum: 0, Workers: 4
[664.601s][debug][gc,phases      ] GC(55)     Total                          Min: 0, Avg: 14.8, Max: 59, Diff: 59, Sum: 59, Workers: 4
[664.601s][debug][gc,phases      ] GC(55)   JVMTI Tag Weak OopStorage      Min:  0.0, Avg:  0.0, Max:  0.0, Diff:  0.0, Sum:  0.0, Workers: 4
[664.601s][debug][gc,phases      ] GC(55)     Dead                           Min: 0, Avg:  0.0, Max: 0, Diff: 0, Sum: 0, Workers: 4
[664.601s][debug][gc,phases      ] GC(55)     Total                          Min: 0, Avg:  0.0, Max: 0, Diff: 0, Sum: 0, Workers: 4
[664.601s][debug][gc,phases      ] GC(55)   StringTable Weak               Min:  0.0, Avg:  0.1, Max:  0.2, Diff:  0.2, Sum:  0.3, Workers: 4
[664.601s][debug][gc,phases      ] GC(55)     Dead                           Min: 0, Avg:  0.0, Max: 0, Diff: 0, Sum: 0, Workers: 4
[664.601s][debug][gc,phases      ] GC(55)     Total                          Min: 0, Avg: 11001.5, Max: 26687, Diff: 26687, Sum: 44006, Workers: 4
[664.601s][debug][gc,phases      ] GC(55)   ResolvedMethodTable Weak       Min:  0.0, Avg:  0.0, Max:  0.0, Diff:  0.0, Sum:  0.1, Workers: 4
[664.601s][debug][gc,phases      ] GC(55)     Dead                           Min: 0, Avg:  0.0, Max: 0, Diff: 0, Sum: 0, Workers: 4
[664.601s][debug][gc,phases      ] GC(55)     Total                          Min: 0, Avg: 2418.2, Max: 5833, Diff: 5833, Sum: 9673, Workers: 4
[664.601s][debug][gc,phases      ] GC(55)   JNI Weak                       Min:  0.0, Avg:  0.0, Max:  0.0, Diff:  0.0, Sum:  0.0, Workers: 4
[664.601s][debug][gc,phases      ] GC(55)     Dead                           Min: 0, Avg:  0.0, Max: 0, Diff: 0, Sum: 0, Workers: 4
[664.601s][debug][gc,phases      ] GC(55)     Total                          Min: 0, Avg: 11.2, Max: 45, Diff: 45, Sum: 45, Workers: 4
[664.601s][debug][gc,phases      ] GC(55)   StringDedup Table Weak         Min:  0.0, Avg:  0.0, Max:  0.0, Diff:  0.0, Sum:  0.0, Workers: 4
[664.601s][debug][gc,phases      ] GC(55)     Dead                           Min: 0, Avg:  0.0, Max: 0, Diff: 0, Sum: 0, Workers: 4
[664.601s][debug][gc,phases      ] GC(55)     Total                          Min: 0, Avg:  0.0, Max: 0, Diff: 0, Sum: 0, Workers: 4
[664.601s][debug][gc,phases      ] GC(55)   StringDedup Requests0 Weak     Min:  0.0, Avg:  0.0, Max:  0.0, Diff:  0.0, Sum:  0.0, Workers: 4
[664.601s][debug][gc,phases      ] GC(55)     Dead                           Min: 0, Avg:  0.0, Max: 0, Diff: 0, Sum: 0, Workers: 4
[664.601s][debug][gc,phases      ] GC(55)     Total                          Min: 0, Avg:  0.0, Max: 0, Diff: 0, Sum: 0, Workers: 4
[664.601s][debug][gc,phases      ] GC(55)   StringDedup Requests1 Weak     Min:  0.0, Avg:  0.0, Max:  0.0, Diff:  0.0, Sum:  0.0, Workers: 4
[664.601s][debug][gc,phases      ] GC(55)     Dead                           Min: 0, Avg:  0.0, Max: 0, Diff: 0, Sum: 0, Workers: 4
[664.601s][debug][gc,phases      ] GC(55)     Total                          Min: 0, Avg:  0.0, Max: 0, Diff: 0, Sum: 0, Workers: 4
[664.601s][debug][gc,phases      ] GC(55)   Weak JFR Old Object Samples    Min:  0.0, Avg:  0.0, Max:  0.0, Diff:  0.0, Sum:  0.0, Workers: 4
[664.601s][debug][gc,phases      ] GC(55)     Dead                           Min: 0, Avg:  0.0, Max: 0, Diff: 0, Sum: 0, Workers: 4
[664.601s][debug][gc,phases      ] GC(55)     Total                          Min: 0, Avg:  0.0, Max: 0, Diff: 0, Sum: 0, Workers: 4
[664.601s][debug][gc,phases      ] GC(55) Weak Processing 0.352ms
[664.601s][debug][gc,age         ] GC(55) Desired survivor size 104333312 bytes, new threshold 15 (max threshold 15)
[664.601s][info ][gc,heap        ] GC(55) PSYoungGen: 1861297K(1968640K)->11489K(1995264K) Eden: 1849856K(1849856K)->0K(1885184K) From: 11441K(118784K)->11489K(110080K)
[664.601s][info ][gc,heap        ] GC(55) ParOldGen: 345816K(458752K)->345856K(458752K)
[664.601s][info ][gc,metaspace   ] GC(55) Metaspace: 82065K(83136K)->82065K(83136K) NonClass: 70227K(70848K)->70227K(70848K) Class: 11837K(12288K)->11837K(12288K)
[664.602s][info ][gc             ] GC(55) Pause Young (Allocation Failure) 2155M->348M(2396M) 8.252ms
[664.602s][info ][gc,cpu         ] GC(55) User=0.02s Sys=0.00s Real=0.01s
[664.602s][info ][safepoint      ] Safepoint "ParallelGCFailedAllocation", Time since last: 933390604 ns, Reaching safepoint: 27200 ns, At safepoint: 8324866 ns, Total: 8352066 ns
[665.602s][info ][safepoint      ] Safepoint "Cleanup", Time since last: 1000083464 ns, Reaching safepoint: 40500 ns, At safepoint: 34000 ns, Total: 74500 ns
[666.602s][info ][safepoint      ] Safepoint "Cleanup", Time since last: 1000099236 ns, Reaching safepoint: 36000 ns, At safepoint: 2700 ns, Total: 38700 ns
[667.602s][info ][safepoint      ] Safepoint "Cleanup", Time since last: 1000105536 ns, Reaching safepoint: 46299 ns, At safepoint: 4200 ns, Total: 50499 ns
[669.602s][info ][safepoint      ] Safepoint "Cleanup", Time since last: 2000183672 ns, Reaching safepoint: 43100 ns, At safepoint: 2700 ns, Total: 45800 ns
[673.603s][info ][safepoint      ] Safepoint "Cleanup", Time since last: 4000305282 ns, Reaching safepoint: 48100 ns, At safepoint: 7700 ns, Total: 55800 ns
[675.603s][info ][safepoint      ] Safepoint "Cleanup", Time since last: 2000172198 ns, Reaching safepoint: 115799 ns, At safepoint: 6300 ns, Total: 122099 ns
[679.343s][info ][gc,start       ] GC(56) Pause Young (Allocation Failure)
[679.351s][debug][gc,phases      ] GC(56) Scavenge 8.553ms
[679.351s][debug][gc,ref         ] GC(56) Skipped phase 1 of Reference Processing: no references
[679.351s][debug][gc,ref         ] GC(56) ReferenceProcessor::execute queues: 1, RefProcThreadModel::Single, marks_oops_alive: false
[679.351s][debug][gc,ref         ] GC(56) Skipped phase 3 of Reference Processing: no references
[679.351s][debug][gc,ref         ] GC(56) ReferenceProcessor::execute queues: 1, RefProcThreadModel::Single, marks_oops_alive: false
[679.351s][debug][gc,phases      ] GC(56) Reference Processing 0.093ms
[679.351s][debug][gc,phases      ] GC(56)   VM Weak                        Min:  0.0, Avg:  0.0, Max:  0.0, Diff:  0.0, Sum:  0.0, Workers: 4
[679.351s][debug][gc,phases      ] GC(56)     Dead                           Min: 0, Avg:  0.0, Max: 0, Diff: 0, Sum: 0, Workers: 4
[679.352s][debug][gc,phases      ] GC(56)     Total                          Min: 0, Avg: 210.5, Max: 512, Diff: 512, Sum: 842, Workers: 4
[679.352s][debug][gc,phases      ] GC(56)   ObjectSynchronizer Weak        Min:  0.0, Avg:  0.0, Max:  0.0, Diff:  0.0, Sum:  0.0, Workers: 4
[679.352s][debug][gc,phases      ] GC(56)     Dead                           Min: 0, Avg:  0.0, Max: 0, Diff: 0, Sum: 0, Workers: 4
[679.352s][debug][gc,phases      ] GC(56)     Total                          Min: 0, Avg: 14.8, Max: 59, Diff: 59, Sum: 59, Workers: 4
[679.352s][debug][gc,phases      ] GC(56)   JVMTI Tag Weak OopStorage      Min:  0.0, Avg:  0.0, Max:  0.0, Diff:  0.0, Sum:  0.0, Workers: 4
[679.352s][debug][gc,phases      ] GC(56)     Dead                           Min: 0, Avg:  0.0, Max: 0, Diff: 0, Sum: 0, Workers: 4
[679.352s][debug][gc,phases      ] GC(56)     Total                          Min: 0, Avg:  0.0, Max: 0, Diff: 0, Sum: 0, Workers: 4
[679.352s][debug][gc,phases      ] GC(56)   StringTable Weak               Min:  0.0, Avg:  0.1, Max:  0.2, Diff:  0.2, Sum:  0.3, Workers: 4
[679.352s][debug][gc,phases      ] GC(56)     Dead                           Min: 0, Avg:  0.0, Max: 0, Diff: 0, Sum: 0, Workers: 4
[679.352s][debug][gc,phases      ] GC(56)     Total                          Min: 0, Avg: 11001.5, Max: 26279, Diff: 26279, Sum: 44006, Workers: 4
[679.352s][debug][gc,phases      ] GC(56)   ResolvedMethodTable Weak       Min:  0.0, Avg:  0.0, Max:  0.0, Diff:  0.0, Sum:  0.1, Workers: 4
[679.352s][debug][gc,phases      ] GC(56)     Dead                           Min: 0, Avg:  0.0, Max: 0, Diff: 0, Sum: 0, Workers: 4
[679.352s][debug][gc,phases      ] GC(56)     Total                          Min: 0, Avg: 2418.2, Max: 5641, Diff: 5641, Sum: 9673, Workers: 4
[679.352s][debug][gc,phases      ] GC(56)   JNI Weak                       Min:  0.0, Avg:  0.0, Max:  0.0, Diff:  0.0, Sum:  0.0, Workers: 4
[679.352s][debug][gc,phases      ] GC(56)     Dead                           Min: 0, Avg:  0.0, Max: 0, Diff: 0, Sum: 0, Workers: 4
[679.352s][debug][gc,phases      ] GC(56)     Total                          Min: 0, Avg: 11.2, Max: 45, Diff: 45, Sum: 45, Workers: 4
[679.352s][debug][gc,phases      ] GC(56)   StringDedup Table Weak         Min:  0.0, Avg:  0.0, Max:  0.0, Diff:  0.0, Sum:  0.0, Workers: 4
[679.352s][debug][gc,phases      ] GC(56)     Dead                           Min: 0, Avg:  0.0, Max: 0, Diff: 0, Sum: 0, Workers: 4
[679.352s][debug][gc,phases      ] GC(56)     Total                          Min: 0, Avg:  0.0, Max: 0, Diff: 0, Sum: 0, Workers: 4
[679.352s][debug][gc,phases      ] GC(56)   StringDedup Requests0 Weak     Min:  0.0, Avg:  0.0, Max:  0.0, Diff:  0.0, Sum:  0.0, Workers: 4
[679.352s][debug][gc,phases      ] GC(56)     Dead                           Min: 0, Avg:  0.0, Max: 0, Diff: 0, Sum: 0, Workers: 4
[679.352s][debug][gc,phases      ] GC(56)     Total                          Min: 0, Avg:  0.0, Max: 0, Diff: 0, Sum: 0, Workers: 4
[679.352s][debug][gc,phases      ] GC(56)   StringDedup Requests1 Weak     Min:  0.0, Avg:  0.0, Max:  0.0, Diff:  0.0, Sum:  0.0, Workers: 4
[679.352s][debug][gc,phases      ] GC(56)     Dead                           Min: 0, Avg:  0.0, Max: 0, Diff: 0, Sum: 0, Workers: 4
[679.352s][debug][gc,phases      ] GC(56)     Total                          Min: 0, Avg:  0.0, Max: 0, Diff: 0, Sum: 0, Workers: 4
[679.352s][debug][gc,phases      ] GC(56)   Weak JFR Old Object Samples    Min:  0.0, Avg:  0.0, Max:  0.0, Diff:  0.0, Sum:  0.0, Workers: 4
[679.352s][debug][gc,phases      ] GC(56)     Dead                           Min: 0, Avg:  0.0, Max: 0, Diff: 0, Sum: 0, Workers: 4
[679.352s][debug][gc,phases      ] GC(56)     Total                          Min: 0, Avg:  0.0, Max: 0, Diff: 0, Sum: 0, Workers: 4
[679.352s][debug][gc,phases      ] GC(56) Weak Processing 0.366ms
[679.352s][debug][gc,age         ] GC(56) Desired survivor size 96468992 bytes, new threshold 15 (max threshold 15)
[679.352s][info ][gc,heap        ] GC(56) PSYoungGen: 1896673K(1995264K)->11569K(1987072K) Eden: 1885184K(1885184K)->0K(1885184K) From: 11489K(110080K)->11569K(101888K)
[679.352s][info ][gc,heap        ] GC(56) ParOldGen: 345856K(458752K)->345872K(458752K)
[679.352s][info ][gc,metaspace   ] GC(56) Metaspace: 82089K(83136K)->82089K(83136K) NonClass: 70251K(70848K)->70251K(70848K) Class: 11837K(12288K)->11837K(12288K)
[679.352s][info ][gc             ] GC(56) Pause Young (Allocation Failure) 2189M->349M(2388M) 9.120ms
[679.352s][info ][gc,cpu         ] GC(56) User=0.02s Sys=0.00s Real=0.01s
[679.352s][info ][safepoint      ] Safepoint "ParallelGCFailedAllocation", Time since last: 3739536965 ns, Reaching safepoint: 76099 ns, At safepoint: 9188563 ns, Total: 9264662 ns
[680.352s][info ][safepoint      ] Safepoint "Cleanup", Time since last: 1000078798 ns, Reaching safepoint: 105900 ns, At safepoint: 5100 ns, Total: 111000 ns
[682.352s][info ][safepoint      ] Safepoint "Cleanup", Time since last: 2000165925 ns, Reaching safepoint: 103200 ns, At safepoint: 5800 ns, Total: 109000 ns
[683.352s][info ][safepoint      ] Safepoint "Cleanup", Time since last: 1000100116 ns, Reaching safepoint: 102999 ns, At safepoint: 6600 ns, Total: 109599 ns
[686.353s][info ][safepoint      ] Safepoint "Cleanup", Time since last: 3000269748 ns, Reaching safepoint: 32900 ns, At safepoint: 3800 ns, Total: 36700 ns
[688.353s][info ][safepoint      ] Safepoint "Cleanup", Time since last: 2000131633 ns, Reaching safepoint: 40300 ns, At safepoint: 2700 ns, Total: 43000 ns
[690.353s][info ][safepoint      ] Safepoint "Cleanup", Time since last: 2000186149 ns, Reaching safepoint: 46299 ns, At safepoint: 2800 ns, Total: 49099 ns
[692.353s][info ][safepoint      ] Safepoint "Cleanup", Time since last: 2000170354 ns, Reaching safepoint: 39200 ns, At safepoint: 2500 ns, Total: 41700 ns
[694.044s][info ][gc,start       ] GC(57) Pause Young (Allocation Failure)
[694.052s][debug][gc,phases      ] GC(57) Scavenge 7.862ms
[694.052s][debug][gc,ref         ] GC(57) Skipped phase 1 of Reference Processing: no references
[694.052s][debug][gc,ref         ] GC(57) ReferenceProcessor::execute queues: 1, RefProcThreadModel::Single, marks_oops_alive: false
[694.052s][debug][gc,ref         ] GC(57) Skipped phase 3 of Reference Processing: no references
[694.052s][debug][gc,ref         ] GC(57) ReferenceProcessor::execute queues: 1, RefProcThreadModel::Single, marks_oops_alive: false
[694.052s][debug][gc,phases      ] GC(57) Reference Processing 0.101ms
[694.052s][debug][gc,phases      ] GC(57)   VM Weak                        Min:  0.0, Avg:  0.0, Max:  0.0, Diff:  0.0, Sum:  0.0, Workers: 4
[694.052s][debug][gc,phases      ] GC(57)     Dead                           Min: 0, Avg:  0.0, Max: 0, Diff: 0, Sum: 0, Workers: 4
[694.052s][debug][gc,phases      ] GC(57)     Total                          Min: 0, Avg: 210.5, Max: 448, Diff: 448, Sum: 842, Workers: 4
[694.052s][debug][gc,phases      ] GC(57)   ObjectSynchronizer Weak        Min:  0.0, Avg:  0.0, Max:  0.0, Diff:  0.0, Sum:  0.0, Workers: 4
[694.052s][debug][gc,phases      ] GC(57)     Dead                           Min: 0, Avg:  0.0, Max: 0, Diff: 0, Sum: 0, Workers: 4
[694.052s][debug][gc,phases      ] GC(57)     Total                          Min: 0, Avg: 14.8, Max: 59, Diff: 59, Sum: 59, Workers: 4
[694.052s][debug][gc,phases      ] GC(57)   JVMTI Tag Weak OopStorage      Min:  0.0, Avg:  0.0, Max:  0.0, Diff:  0.0, Sum:  0.0, Workers: 4
[694.052s][debug][gc,phases      ] GC(57)     Dead                           Min: 0, Avg:  0.0, Max: 0, Diff: 0, Sum: 0, Workers: 4
[694.052s][debug][gc,phases      ] GC(57)     Total                          Min: 0, Avg:  0.0, Max: 0, Diff: 0, Sum: 0, Workers: 4
[694.052s][debug][gc,phases      ] GC(57)   StringTable Weak               Min:  0.0, Avg:  0.1, Max:  0.2, Diff:  0.2, Sum:  0.3, Workers: 4
[694.052s][debug][gc,phases      ] GC(57)     Dead                           Min: 0, Avg:  0.0, Max: 0, Diff: 0, Sum: 0, Workers: 4
[694.052s][debug][gc,phases      ] GC(57)     Total                          Min: 0, Avg: 11001.8, Max: 26687, Diff: 26687, Sum: 44007, Workers: 4
[694.052s][debug][gc,phases      ] GC(57)   ResolvedMethodTable Weak       Min:  0.0, Avg:  0.0, Max:  0.0, Diff:  0.0, Sum:  0.1, Workers: 4
[694.052s][debug][gc,phases      ] GC(57)     Dead                           Min: 0, Avg:  0.0, Max: 0, Diff: 0, Sum: 0, Workers: 4
[694.052s][debug][gc,phases      ] GC(57)     Total                          Min: 0, Avg: 2418.2, Max: 5449, Diff: 5449, Sum: 9673, Workers: 4
[694.052s][debug][gc,phases      ] GC(57)   JNI Weak                       Min:  0.0, Avg:  0.0, Max:  0.0, Diff:  0.0, Sum:  0.0, Workers: 4
[694.052s][debug][gc,phases      ] GC(57)     Dead                           Min: 0, Avg:  0.0, Max: 0, Diff: 0, Sum: 0, Workers: 4
[694.052s][debug][gc,phases      ] GC(57)     Total                          Min: 0, Avg: 11.2, Max: 45, Diff: 45, Sum: 45, Workers: 4
[694.052s][debug][gc,phases      ] GC(57)   StringDedup Table Weak         Min:  0.0, Avg:  0.0, Max:  0.0, Diff:  0.0, Sum:  0.0, Workers: 4
[694.052s][debug][gc,phases      ] GC(57)     Dead                           Min: 0, Avg:  0.0, Max: 0, Diff: 0, Sum: 0, Workers: 4
[694.052s][debug][gc,phases      ] GC(57)     Total                          Min: 0, Avg:  0.0, Max: 0, Diff: 0, Sum: 0, Workers: 4
[694.052s][debug][gc,phases      ] GC(57)   StringDedup Requests0 Weak     Min:  0.0, Avg:  0.0, Max:  0.0, Diff:  0.0, Sum:  0.0, Workers: 4
[694.052s][debug][gc,phases      ] GC(57)     Dead                           Min: 0, Avg:  0.0, Max: 0, Diff: 0, Sum: 0, Workers: 4
[694.052s][debug][gc,phases      ] GC(57)     Total                          Min: 0, Avg:  0.0, Max: 0, Diff: 0, Sum: 0, Workers: 4
[694.052s][debug][gc,phases      ] GC(57)   StringDedup Requests1 Weak     Min:  0.0, Avg:  0.0, Max:  0.0, Diff:  0.0, Sum:  0.0, Workers: 4
[694.052s][debug][gc,phases      ] GC(57)     Dead                           Min: 0, Avg:  0.0, Max: 0, Diff: 0, Sum: 0, Workers: 4
[694.052s][debug][gc,phases      ] GC(57)     Total                          Min: 0, Avg:  0.0, Max: 0, Diff: 0, Sum: 0, Workers: 4
[694.052s][debug][gc,phases      ] GC(57)   Weak JFR Old Object Samples    Min:  0.0, Avg:  0.0, Max:  0.0, Diff:  0.0, Sum:  0.0, Workers: 4
[694.052s][debug][gc,phases      ] GC(57)     Dead                           Min: 0, Avg:  0.0, Max: 0, Diff: 0, Sum: 0, Workers: 4
[694.052s][debug][gc,phases      ] GC(57)     Total                          Min: 0, Avg:  0.0, Max: 0, Diff: 0, Sum: 0, Workers: 4
[694.052s][debug][gc,phases      ] GC(57) Weak Processing 0.385ms
[694.052s][debug][gc,age         ] GC(57) Desired survivor size 89653248 bytes, new threshold 15 (max threshold 15)
[694.052s][info ][gc,heap        ] GC(57) PSYoungGen: 1896753K(1987072K)->11505K(2009600K) Eden: 1885184K(1885184K)->0K(1915392K) From: 11569K(101888K)->11505K(94208K)
[694.052s][info ][gc,heap        ] GC(57) ParOldGen: 345872K(458752K)->345888K(458752K)
[694.052s][info ][gc,metaspace   ] GC(57) Metaspace: 82096K(83136K)->82096K(83136K) NonClass: 70258K(70848K)->70258K(70848K) Class: 11837K(12288K)->11837K(12288K)
[694.052s][info ][gc             ] GC(57) Pause Young (Allocation Failure) 2190M->349M(2410M) 8.467ms
[694.052s][info ][gc,cpu         ] GC(57) User=0.02s Sys=0.00s Real=0.01s
[694.052s][info ][safepoint      ] Safepoint "ParallelGCFailedAllocation", Time since last: 1690485315 ns, Reaching safepoint: 36700 ns, At safepoint: 8536365 ns, Total: 8573065 ns
[695.052s][info ][safepoint      ] Safepoint "Cleanup", Time since last: 1000092727 ns, Reaching safepoint: 43299 ns, At safepoint: 5800 ns, Total: 49099 ns
[696.053s][info ][safepoint      ] Safepoint "Cleanup", Time since last: 1000113727 ns, Reaching safepoint: 41600 ns, At safepoint: 25600 ns, Total: 67200 ns
[697.053s][info ][safepoint      ] Safepoint "Cleanup", Time since last: 1000104521 ns, Reaching safepoint: 125799 ns, At safepoint: 7900 ns, Total: 133699 ns
[701.053s][info ][safepoint      ] Safepoint "Cleanup", Time since last: 4000311620 ns, Reaching safepoint: 107600 ns, At safepoint: 6700 ns, Total: 114300 ns
[702.054s][info ][safepoint      ] Safepoint "Cleanup", Time since last: 1000120904 ns, Reaching safepoint: 51700 ns, At safepoint: 6400 ns, Total: 58100 ns
[704.054s][info ][safepoint      ] Safepoint "Cleanup", Time since last: 2000187410 ns, Reaching safepoint: 109200 ns, At safepoint: 5000 ns, Total: 114200 ns
[707.054s][info ][safepoint      ] Safepoint "Cleanup", Time since last: 3000256246 ns, Reaching safepoint: 39800 ns, At safepoint: 2600 ns, Total: 42400 ns
[710.054s][info ][safepoint      ] Safepoint "Cleanup", Time since last: 3000201957 ns, Reaching safepoint: 33500 ns, At safepoint: 2200 ns, Total: 35700 ns
[710.443s][info ][gc,start       ] GC(58) Pause Young (Allocation Failure)
[710.452s][debug][gc,phases      ] GC(58) Scavenge 8.711ms
[710.452s][debug][gc,ref         ] GC(58) Skipped phase 1 of Reference Processing: no references
[710.452s][debug][gc,ref         ] GC(58) ReferenceProcessor::execute queues: 1, RefProcThreadModel::Single, marks_oops_alive: false
[710.452s][debug][gc,ref         ] GC(58) Skipped phase 3 of Reference Processing: no references
[710.452s][debug][gc,ref         ] GC(58) ReferenceProcessor::execute queues: 1, RefProcThreadModel::Single, marks_oops_alive: false
[710.452s][debug][gc,phases      ] GC(58) Reference Processing 0.102ms
[710.452s][debug][gc,phases      ] GC(58)   VM Weak                        Min:  0.0, Avg:  0.0, Max:  0.0, Diff:  0.0, Sum:  0.0, Workers: 4
[710.452s][debug][gc,phases      ] GC(58)     Dead                           Min: 0, Avg:  0.0, Max: 0, Diff: 0, Sum: 0, Workers: 4
[710.452s][debug][gc,phases      ] GC(58)     Total                          Min: 0, Avg: 210.5, Max: 512, Diff: 512, Sum: 842, Workers: 4
[710.452s][debug][gc,phases      ] GC(58)   ObjectSynchronizer Weak        Min:  0.0, Avg:  0.0, Max:  0.0, Diff:  0.0, Sum:  0.0, Workers: 4
[710.452s][debug][gc,phases      ] GC(58)     Dead                           Min: 0, Avg:  0.0, Max: 0, Diff: 0, Sum: 0, Workers: 4
[710.452s][debug][gc,phases      ] GC(58)     Total                          Min: 0, Avg: 14.8, Max: 59, Diff: 59, Sum: 59, Workers: 4
[710.452s][debug][gc,phases      ] GC(58)   JVMTI Tag Weak OopStorage      Min:  0.0, Avg:  0.0, Max:  0.0, Diff:  0.0, Sum:  0.0, Workers: 4
[710.452s][debug][gc,phases      ] GC(58)     Dead                           Min: 0, Avg:  0.0, Max: 0, Diff: 0, Sum: 0, Workers: 4
[710.452s][debug][gc,phases      ] GC(58)     Total                          Min: 0, Avg:  0.0, Max: 0, Diff: 0, Sum: 0, Workers: 4
[710.452s][debug][gc,phases      ] GC(58)   StringTable Weak               Min:  0.0, Avg:  0.1, Max:  0.1, Diff:  0.1, Sum:  0.4, Workers: 4
[710.452s][debug][gc,phases      ] GC(58)     Dead                           Min: 0, Avg:  0.0, Max: 0, Diff: 0, Sum: 0, Workers: 4
[710.452s][debug][gc,phases      ] GC(58)     Total                          Min: 0, Avg: 11002.0, Max: 15359, Diff: 15359, Sum: 44008, Workers: 4
[710.452s][debug][gc,phases      ] GC(58)   ResolvedMethodTable Weak       Min:  0.0, Avg:  0.0, Max:  0.1, Diff:  0.1, Sum:  0.2, Workers: 4
[710.452s][debug][gc,phases      ] GC(58)     Dead                           Min: 0, Avg:  0.0, Max: 0, Diff: 0, Sum: 0, Workers: 4
[710.452s][debug][gc,phases      ] GC(58)     Total                          Min: 0, Avg: 2418.2, Max: 3401, Diff: 3401, Sum: 9673, Workers: 4
[710.452s][debug][gc,phases      ] GC(58)   JNI Weak                       Min:  0.0, Avg:  0.0, Max:  0.0, Diff:  0.0, Sum:  0.0, Workers: 4
[710.452s][debug][gc,phases      ] GC(58)     Dead                           Min: 0, Avg:  0.0, Max: 0, Diff: 0, Sum: 0, Workers: 4
[710.452s][debug][gc,phases      ] GC(58)     Total                          Min: 0, Avg: 11.2, Max: 45, Diff: 45, Sum: 45, Workers: 4
[710.452s][debug][gc,phases      ] GC(58)   StringDedup Table Weak         Min:  0.0, Avg:  0.0, Max:  0.0, Diff:  0.0, Sum:  0.0, Workers: 4
[710.452s][debug][gc,phases      ] GC(58)     Dead                           Min: 0, Avg:  0.0, Max: 0, Diff: 0, Sum: 0, Workers: 4
[710.452s][debug][gc,phases      ] GC(58)     Total                          Min: 0, Avg:  0.0, Max: 0, Diff: 0, Sum: 0, Workers: 4
[710.452s][debug][gc,phases      ] GC(58)   StringDedup Requests0 Weak     Min:  0.0, Avg:  0.0, Max:  0.0, Diff:  0.0, Sum:  0.0, Workers: 4
[710.452s][debug][gc,phases      ] GC(58)     Dead                           Min: 0, Avg:  0.0, Max: 0, Diff: 0, Sum: 0, Workers: 4
[710.452s][debug][gc,phases      ] GC(58)     Total                          Min: 0, Avg:  0.0, Max: 0, Diff: 0, Sum: 0, Workers: 4
[710.452s][debug][gc,phases      ] GC(58)   StringDedup Requests1 Weak     Min:  0.0, Avg:  0.0, Max:  0.0, Diff:  0.0, Sum:  0.0, Workers: 4
[710.452s][debug][gc,phases      ] GC(58)     Dead                           Min: 0, Avg:  0.0, Max: 0, Diff: 0, Sum: 0, Workers: 4
[710.452s][debug][gc,phases      ] GC(58)     Total                          Min: 0, Avg:  0.0, Max: 0, Diff: 0, Sum: 0, Workers: 4
[710.452s][debug][gc,phases      ] GC(58)   Weak JFR Old Object Samples    Min:  0.0, Avg:  0.0, Max:  0.0, Diff:  0.0, Sum:  0.0, Workers: 4
[710.452s][debug][gc,phases      ] GC(58)     Dead                           Min: 0, Avg:  0.0, Max: 0, Diff: 0, Sum: 0, Workers: 4
[710.452s][debug][gc,phases      ] GC(58)     Total                          Min: 0, Avg:  0.0, Max: 0, Diff: 0, Sum: 0, Workers: 4
[710.452s][debug][gc,phases      ] GC(58) Weak Processing 0.513ms
[710.452s][debug][gc,age         ] GC(58) Desired survivor size 82837504 bytes, new threshold 15 (max threshold 15)
[710.452s][info ][gc,heap        ] GC(58) PSYoungGen: 1926897K(2009600K)->11473K(2002944K) Eden: 1915392K(1915392K)->0K(1915392K) From: 11505K(94208K)->11473K(87552K)
[710.452s][info ][gc,heap        ] GC(58) ParOldGen: 345888K(458752K)->345896K(458752K)
[710.452s][info ][gc,metaspace   ] GC(58) Metaspace: 82130K(83200K)->82130K(83200K) NonClass: 70292K(70912K)->70292K(70912K) Class: 11837K(12288K)->11837K(12288K)
[710.452s][info ][gc             ] GC(58) Pause Young (Allocation Failure) 2219M->348M(2404M) 9.464ms
[710.452s][info ][gc,cpu         ] GC(58) User=0.02s Sys=0.00s Real=0.01s
[710.452s][info ][safepoint      ] Safepoint "ParallelGCFailedAllocation", Time since last: 388297715 ns, Reaching safepoint: 109200 ns, At safepoint: 9550361 ns, Total: 9659561 ns
[711.452s][info ][safepoint      ] Safepoint "Cleanup", Time since last: 1000097719 ns, Reaching safepoint: 62299 ns, At safepoint: 10100 ns, Total: 72399 ns
[712.453s][info ][safepoint      ] Safepoint "Cleanup", Time since last: 1000108719 ns, Reaching safepoint: 40100 ns, At safepoint: 3100 ns, Total: 43200 ns
[713.453s][info ][safepoint      ] Safepoint "Cleanup", Time since last: 1000097918 ns, Reaching safepoint: 44300 ns, At safepoint: 2700 ns, Total: 47000 ns
[716.453s][info ][safepoint      ] Safepoint "Cleanup", Time since last: 3000245755 ns, Reaching safepoint: 59900 ns, At safepoint: 3000 ns, Total: 62900 ns
[718.453s][info ][safepoint      ] Safepoint "Cleanup", Time since last: 2000190936 ns, Reaching safepoint: 40000 ns, At safepoint: 4000 ns, Total: 44000 ns
[719.453s][info ][safepoint      ] Safepoint "Cleanup", Time since last: 1000112018 ns, Reaching safepoint: 43600 ns, At safepoint: 4100 ns, Total: 47700 ns
[722.454s][info ][safepoint      ] Safepoint "Cleanup", Time since last: 3000449054 ns, Reaching safepoint: 37900 ns, At safepoint: 2100 ns, Total: 40000 ns
[724.446s][info ][gc,start       ] GC(59) Pause Young (Allocation Failure)
[724.455s][debug][gc,phases      ] GC(59) Scavenge 8.665ms
[724.455s][debug][gc,ref         ] GC(59) Skipped phase 1 of Reference Processing: no references
[724.455s][debug][gc,ref         ] GC(59) ReferenceProcessor::execute queues: 1, RefProcThreadModel::Single, marks_oops_alive: false
[724.455s][debug][gc,ref         ] GC(59) Skipped phase 3 of Reference Processing: no references
[724.455s][debug][gc,ref         ] GC(59) ReferenceProcessor::execute queues: 1, RefProcThreadModel::Single, marks_oops_alive: false
[724.455s][debug][gc,phases      ] GC(59) Reference Processing 0.129ms
[724.455s][debug][gc,phases      ] GC(59)   VM Weak                        Min:  0.0, Avg:  0.0, Max:  0.0, Diff:  0.0, Sum:  0.0, Workers: 4
[724.455s][debug][gc,phases      ] GC(59)     Dead                           Min: 0, Avg:  0.0, Max: 0, Diff: 0, Sum: 0, Workers: 4
[724.455s][debug][gc,phases      ] GC(59)     Total                          Min: 0, Avg: 210.5, Max: 512, Diff: 512, Sum: 842, Workers: 4
[724.455s][debug][gc,phases      ] GC(59)   ObjectSynchronizer Weak        Min:  0.0, Avg:  0.0, Max:  0.0, Diff:  0.0, Sum:  0.0, Workers: 4
[724.455s][debug][gc,phases      ] GC(59)     Dead                           Min: 0, Avg:  0.0, Max: 0, Diff: 0, Sum: 0, Workers: 4
[724.455s][debug][gc,phases      ] GC(59)     Total                          Min: 0, Avg: 14.8, Max: 59, Diff: 59, Sum: 59, Workers: 4
[724.455s][debug][gc,phases      ] GC(59)   JVMTI Tag Weak OopStorage      Min:  0.0, Avg:  0.0, Max:  0.0, Diff:  0.0, Sum:  0.0, Workers: 4
[724.455s][debug][gc,phases      ] GC(59)     Dead                           Min: 0, Avg:  0.0, Max: 0, Diff: 0, Sum: 0, Workers: 4
[724.455s][debug][gc,phases      ] GC(59)     Total                          Min: 0, Avg:  0.0, Max: 0, Diff: 0, Sum: 0, Workers: 4
[724.455s][debug][gc,phases      ] GC(59)   StringTable Weak               Min:  0.0, Avg:  0.1, Max:  0.1, Diff:  0.1, Sum:  0.4, Workers: 4
[724.455s][debug][gc,phases      ] GC(59)     Dead                           Min: 0, Avg:  0.0, Max: 0, Diff: 0, Sum: 0, Workers: 4
[724.455s][debug][gc,phases      ] GC(59)     Total                          Min: 0, Avg: 11002.5, Max: 15020, Diff: 15020, Sum: 44010, Workers: 4
[724.455s][debug][gc,phases      ] GC(59)   ResolvedMethodTable Weak       Min:  0.0, Avg:  0.0, Max:  0.0, Diff:  0.0, Sum:  0.1, Workers: 4
[724.455s][debug][gc,phases      ] GC(59)     Dead                           Min: 0, Avg:  0.0, Max: 0, Diff: 0, Sum: 0, Workers: 4
[724.455s][debug][gc,phases      ] GC(59)     Total                          Min: 0, Avg: 2418.2, Max: 3328, Diff: 3328, Sum: 9673, Workers: 4
[724.455s][debug][gc,phases      ] GC(59)   JNI Weak                       Min:  0.0, Avg:  0.0, Max:  0.0, Diff:  0.0, Sum:  0.0, Workers: 4
[724.455s][debug][gc,phases      ] GC(59)     Dead                           Min: 0, Avg:  0.0, Max: 0, Diff: 0, Sum: 0, Workers: 4
[724.455s][debug][gc,phases      ] GC(59)     Total                          Min: 0, Avg: 11.2, Max: 45, Diff: 45, Sum: 45, Workers: 4
[724.455s][debug][gc,phases      ] GC(59)   StringDedup Table Weak         Min:  0.0, Avg:  0.0, Max:  0.0, Diff:  0.0, Sum:  0.0, Workers: 4
[724.455s][debug][gc,phases      ] GC(59)     Dead                           Min: 0, Avg:  0.0, Max: 0, Diff: 0, Sum: 0, Workers: 4
[724.455s][debug][gc,phases      ] GC(59)     Total                          Min: 0, Avg:  0.0, Max: 0, Diff: 0, Sum: 0, Workers: 4
[724.455s][debug][gc,phases      ] GC(59)   StringDedup Requests0 Weak     Min:  0.0, Avg:  0.0, Max:  0.0, Diff:  0.0, Sum:  0.0, Workers: 4
[724.455s][debug][gc,phases      ] GC(59)     Dead                           Min: 0, Avg:  0.0, Max: 0, Diff: 0, Sum: 0, Workers: 4
[724.455s][debug][gc,phases      ] GC(59)     Total                          Min: 0, Avg:  0.0, Max: 0, Diff: 0, Sum: 0, Workers: 4
[724.455s][debug][gc,phases      ] GC(59)   StringDedup Requests1 Weak     Min:  0.0, Avg:  0.0, Max:  0.0, Diff:  0.0, Sum:  0.0, Workers: 4
[724.455s][debug][gc,phases      ] GC(59)     Dead                           Min: 0, Avg:  0.0, Max: 0, Diff: 0, Sum: 0, Workers: 4
[724.455s][debug][gc,phases      ] GC(59)     Total                          Min: 0, Avg:  0.0, Max: 0, Diff: 0, Sum: 0, Workers: 4
[724.455s][debug][gc,phases      ] GC(59)   Weak JFR Old Object Samples    Min:  0.0, Avg:  0.0, Max:  0.0, Diff:  0.0, Sum:  0.0, Workers: 4
[724.455s][debug][gc,phases      ] GC(59)     Dead                           Min: 0, Avg:  0.0, Max: 0, Diff: 0, Sum: 0, Workers: 4
[724.455s][debug][gc,phases      ] GC(59)     Total                          Min: 0, Avg:  0.0, Max: 0, Diff: 0, Sum: 0, Workers: 4
[724.455s][debug][gc,phases      ] GC(59) Weak Processing 0.343ms
[724.455s][debug][gc,age         ] GC(59) Desired survivor size 78118912 bytes, new threshold 15 (max threshold 15)
[724.455s][info ][gc,heap        ] GC(59) PSYoungGen: 1926865K(2002944K)->6501K(2020864K) Eden: 1915392K(1915392K)->0K(1939968K) From: 11473K(87552K)->6501K(80896K)
[724.455s][info ][gc,heap        ] GC(59) ParOldGen: 345896K(458752K)->350925K(458752K)
[724.455s][info ][gc,metaspace   ] GC(59) Metaspace: 82141K(83200K)->82141K(83200K) NonClass: 70303K(70912K)->70303K(70912K) Class: 11837K(12288K)->11837K(12288K)
[724.455s][info ][gc             ] GC(59) Pause Young (Allocation Failure) 2219M->349M(2421M) 9.274ms
[724.455s][info ][gc,cpu         ] GC(59) User=0.02s Sys=0.00s Real=0.02s
[724.455s][info ][safepoint      ] Safepoint "ParallelGCFailedAllocation", Time since last: 1991986369 ns, Reaching safepoint: 45400 ns, At safepoint: 9340362 ns, Total: 9385762 ns
[725.455s][info ][safepoint      ] Safepoint "Cleanup", Time since last: 1000085218 ns, Reaching safepoint: 37400 ns, At safepoint: 2200 ns, Total: 39600 ns
[726.456s][info ][safepoint      ] Safepoint "Cleanup", Time since last: 1000103818 ns, Reaching safepoint: 33600 ns, At safepoint: 2500 ns, Total: 36100 ns
[727.456s][info ][safepoint      ] Safepoint "Cleanup", Time since last: 1000113418 ns, Reaching safepoint: 32300 ns, At safepoint: 2700 ns, Total: 35000 ns
[729.456s][info ][safepoint      ] Safepoint "Cleanup", Time since last: 2000142751 ns, Reaching safepoint: 38500 ns, At safepoint: 3800 ns, Total: 42300 ns
[732.456s][info ][safepoint      ] Safepoint "Cleanup", Time since last: 3000225821 ns, Reaching safepoint: 48500 ns, At safepoint: 7700 ns, Total: 56200 ns
[735.457s][info ][safepoint      ] Safepoint "Cleanup", Time since last: 3000247422 ns, Reaching safepoint: 48200 ns, At safepoint: 2300 ns, Total: 50500 ns
[736.457s][info ][safepoint      ] Safepoint "Cleanup", Time since last: 1000099140 ns, Reaching safepoint: 36900 ns, At safepoint: 3400 ns, Total: 40300 ns
[738.457s][info ][safepoint      ] Safepoint "Cleanup", Time since last: 2000178103 ns, Reaching safepoint: 49099 ns, At safepoint: 2100 ns, Total: 51199 ns
[739.595s][info ][gc,start       ] GC(60) Pause Young (Allocation Failure)
[739.602s][debug][gc,phases      ] GC(60) Scavenge 7.451ms
[739.602s][debug][gc,ref         ] GC(60) Skipped phase 1 of Reference Processing: no references
[739.602s][debug][gc,ref         ] GC(60) ReferenceProcessor::execute queues: 1, RefProcThreadModel::Single, marks_oops_alive: false
[739.602s][debug][gc,ref         ] GC(60) Skipped phase 3 of Reference Processing: no references
[739.602s][debug][gc,ref         ] GC(60) ReferenceProcessor::execute queues: 1, RefProcThreadModel::Single, marks_oops_alive: false
[739.602s][debug][gc,phases      ] GC(60) Reference Processing 0.115ms
[739.602s][debug][gc,phases      ] GC(60)   VM Weak                        Min:  0.0, Avg:  0.0, Max:  0.0, Diff:  0.0, Sum:  0.0, Workers: 4
[739.602s][debug][gc,phases      ] GC(60)     Dead                           Min: 0, Avg:  0.0, Max: 0, Diff: 0, Sum: 0, Workers: 4
[739.602s][debug][gc,phases      ] GC(60)     Total                          Min: 0, Avg: 210.5, Max: 640, Diff: 640, Sum: 842, Workers: 4
[739.602s][debug][gc,phases      ] GC(60)   ObjectSynchronizer Weak        Min:  0.0, Avg:  0.0, Max:  0.0, Diff:  0.0, Sum:  0.0, Workers: 4
[739.602s][debug][gc,phases      ] GC(60)     Dead                           Min: 0, Avg:  0.0, Max: 0, Diff: 0, Sum: 0, Workers: 4
[739.602s][debug][gc,phases      ] GC(60)     Total                          Min: 0, Avg: 14.8, Max: 59, Diff: 59, Sum: 59, Workers: 4
[739.602s][debug][gc,phases      ] GC(60)   JVMTI Tag Weak OopStorage      Min:  0.0, Avg:  0.0, Max:  0.0, Diff:  0.0, Sum:  0.0, Workers: 4
[739.602s][debug][gc,phases      ] GC(60)     Dead                           Min: 0, Avg:  0.0, Max: 0, Diff: 0, Sum: 0, Workers: 4
[739.602s][debug][gc,phases      ] GC(60)     Total                          Min: 0, Avg:  0.0, Max: 0, Diff: 0, Sum: 0, Workers: 4
[739.602s][debug][gc,phases      ] GC(60)   StringTable Weak               Min:  0.0, Avg:  0.1, Max:  0.1, Diff:  0.1, Sum:  0.4, Workers: 4
[739.602s][debug][gc,phases      ] GC(60)     Dead                           Min: 0, Avg:  0.0, Max: 0, Diff: 0, Sum: 0, Workers: 4
[739.602s][debug][gc,phases      ] GC(60)     Total                          Min: 0, Avg: 11004.2, Max: 14912, Diff: 14912, Sum: 44017, Workers: 4
[739.602s][debug][gc,phases      ] GC(60)   ResolvedMethodTable Weak       Min:  0.0, Avg:  0.0, Max:  0.0, Diff:  0.0, Sum:  0.1, Workers: 4
[739.603s][debug][gc,phases      ] GC(60)     Dead                           Min: 0, Avg:  0.0, Max: 0, Diff: 0, Sum: 0, Workers: 4
[739.603s][debug][gc,phases      ] GC(60)     Total                          Min: 0, Avg: 2418.2, Max: 3337, Diff: 3337, Sum: 9673, Workers: 4
[739.603s][debug][gc,phases      ] GC(60)   JNI Weak                       Min:  0.0, Avg:  0.0, Max:  0.0, Diff:  0.0, Sum:  0.0, Workers: 4
[739.603s][debug][gc,phases      ] GC(60)     Dead                           Min: 0, Avg:  0.0, Max: 0, Diff: 0, Sum: 0, Workers: 4
[739.603s][debug][gc,phases      ] GC(60)     Total                          Min: 0, Avg: 11.2, Max: 45, Diff: 45, Sum: 45, Workers: 4
[739.603s][debug][gc,phases      ] GC(60)   StringDedup Table Weak         Min:  0.0, Avg:  0.0, Max:  0.0, Diff:  0.0, Sum:  0.0, Workers: 4
[739.603s][debug][gc,phases      ] GC(60)     Dead                           Min: 0, Avg:  0.0, Max: 0, Diff: 0, Sum: 0, Workers: 4
[739.603s][debug][gc,phases      ] GC(60)     Total                          Min: 0, Avg:  0.0, Max: 0, Diff: 0, Sum: 0, Workers: 4
[739.603s][debug][gc,phases      ] GC(60)   StringDedup Requests0 Weak     Min:  0.0, Avg:  0.0, Max:  0.0, Diff:  0.0, Sum:  0.0, Workers: 4
[739.603s][debug][gc,phases      ] GC(60)     Dead                           Min: 0, Avg:  0.0, Max: 0, Diff: 0, Sum: 0, Workers: 4
[739.603s][debug][gc,phases      ] GC(60)     Total                          Min: 0, Avg:  0.0, Max: 0, Diff: 0, Sum: 0, Workers: 4
[739.603s][debug][gc,phases      ] GC(60)   StringDedup Requests1 Weak     Min:  0.0, Avg:  0.0, Max:  0.0, Diff:  0.0, Sum:  0.0, Workers: 4
[739.603s][debug][gc,phases      ] GC(60)     Dead                           Min: 0, Avg:  0.0, Max: 0, Diff: 0, Sum: 0, Workers: 4
[739.603s][debug][gc,phases      ] GC(60)     Total                          Min: 0, Avg:  0.0, Max: 0, Diff: 0, Sum: 0, Workers: 4
[739.603s][debug][gc,phases      ] GC(60)   Weak JFR Old Object Samples    Min:  0.0, Avg:  0.0, Max:  0.0, Diff:  0.0, Sum:  0.0, Workers: 4
[739.603s][debug][gc,phases      ] GC(60)     Dead                           Min: 0, Avg:  0.0, Max: 0, Diff: 0, Sum: 0, Workers: 4
[739.603s][debug][gc,phases      ] GC(60)     Total                          Min: 0, Avg:  0.0, Max: 0, Diff: 0, Sum: 0, Workers: 4
[739.603s][debug][gc,phases      ] GC(60) Weak Processing 0.412ms
[739.603s][debug][gc,age         ] GC(60) Desired survivor size 72876032 bytes, new threshold 15 (max threshold 15)
[739.603s][info ][gc,heap        ] GC(60) PSYoungGen: 1946469K(2020864K)->6373K(2016256K) Eden: 1939968K(1939968K)->0K(1939968K) From: 6501K(80896K)->6373K(76288K)
[739.603s][info ][gc,heap        ] GC(60) ParOldGen: 350925K(458752K)->351101K(458752K)
[739.603s][info ][gc,metaspace   ] GC(60) Metaspace: 82155K(83200K)->82155K(83200K) NonClass: 70316K(70912K)->70316K(70912K) Class: 11838K(12288K)->11838K(12288K)
[739.603s][info ][gc             ] GC(60) Pause Young (Allocation Failure) 2243M->349M(2417M) 8.133ms
[739.603s][info ][gc,cpu         ] GC(60) User=0.01s Sys=0.01s Real=0.00s
[739.603s][info ][safepoint      ] Safepoint "ParallelGCFailedAllocation", Time since last: 1137609029 ns, Reaching safepoint: 26399 ns, At safepoint: 8212167 ns, Total: 8238566 ns
[743.603s][info ][safepoint      ] Safepoint "Cleanup", Time since last: 4000285872 ns, Reaching safepoint: 48699 ns, At safepoint: 4400 ns, Total: 53099 ns
[745.603s][info ][safepoint      ] Safepoint "Cleanup", Time since last: 2000154200 ns, Reaching safepoint: 39199 ns, At safepoint: 2700 ns, Total: 41899 ns
[748.604s][info ][safepoint      ] Safepoint "Cleanup", Time since last: 3000234130 ns, Reaching safepoint: 31900 ns, At safepoint: 2500 ns, Total: 34400 ns
[749.604s][info ][safepoint      ] Safepoint "Cleanup", Time since last: 1000141809 ns, Reaching safepoint: 117400 ns, At safepoint: 6400 ns, Total: 123800 ns
[750.604s][info ][safepoint      ] Safepoint "Cleanup", Time since last: 1000117510 ns, Reaching safepoint: 39399 ns, At safepoint: 3700 ns, Total: 43099 ns
[752.604s][info ][safepoint      ] Safepoint "Cleanup", Time since last: 2000188620 ns, Reaching safepoint: 46700 ns, At safepoint: 2200 ns, Total: 48900 ns
[753.604s][info ][safepoint      ] Safepoint "Cleanup", Time since last: 1000096704 ns, Reaching safepoint: 31700 ns, At safepoint: 2600 ns, Total: 34300 ns
[754.194s][info ][gc,start       ] GC(61) Pause Young (Allocation Failure)
[754.201s][debug][gc,phases      ] GC(61) Scavenge 7.251ms
[754.201s][debug][gc,ref         ] GC(61) Skipped phase 1 of Reference Processing: no references
[754.201s][debug][gc,ref         ] GC(61) ReferenceProcessor::execute queues: 1, RefProcThreadModel::Single, marks_oops_alive: false
[754.201s][debug][gc,ref         ] GC(61) Skipped phase 3 of Reference Processing: no references
[754.201s][debug][gc,ref         ] GC(61) ReferenceProcessor::execute queues: 1, RefProcThreadModel::Single, marks_oops_alive: false
[754.201s][debug][gc,phases      ] GC(61) Reference Processing 0.101ms
[754.201s][debug][gc,phases      ] GC(61)   VM Weak                        Min:  0.0, Avg:  0.0, Max:  0.0, Diff:  0.0, Sum:  0.0, Workers: 4
[754.201s][debug][gc,phases      ] GC(61)     Dead                           Min: 0, Avg:  0.0, Max: 0, Diff: 0, Sum: 0, Workers: 4
[754.201s][debug][gc,phases      ] GC(61)     Total                          Min: 0, Avg: 210.5, Max: 448, Diff: 448, Sum: 842, Workers: 4
[754.201s][debug][gc,phases      ] GC(61)   ObjectSynchronizer Weak        Min:  0.0, Avg:  0.0, Max:  0.0, Diff:  0.0, Sum:  0.0, Workers: 4
[754.201s][debug][gc,phases      ] GC(61)     Dead                           Min: 0, Avg:  0.0, Max: 0, Diff: 0, Sum: 0, Workers: 4
[754.201s][debug][gc,phases      ] GC(61)     Total                          Min: 0, Avg: 14.8, Max: 59, Diff: 59, Sum: 59, Workers: 4
[754.201s][debug][gc,phases      ] GC(61)   JVMTI Tag Weak OopStorage      Min:  0.0, Avg:  0.0, Max:  0.0, Diff:  0.0, Sum:  0.0, Workers: 4
[754.201s][debug][gc,phases      ] GC(61)     Dead                           Min: 0, Avg:  0.0, Max: 0, Diff: 0, Sum: 0, Workers: 4
[754.201s][debug][gc,phases      ] GC(61)     Total                          Min: 0, Avg:  0.0, Max: 0, Diff: 0, Sum: 0, Workers: 4
[754.201s][debug][gc,phases      ] GC(61)   StringTable Weak               Min:  0.0, Avg:  0.1, Max:  0.2, Diff:  0.2, Sum:  0.5, Workers: 4
[754.201s][debug][gc,phases      ] GC(61)     Dead                           Min: 0, Avg:  0.0, Max: 0, Diff: 0, Sum: 0, Workers: 4
[754.201s][debug][gc,phases      ] GC(61)     Total                          Min: 0, Avg: 11004.2, Max: 17344, Diff: 17344, Sum: 44017, Workers: 4
[754.201s][debug][gc,phases      ] GC(61)   ResolvedMethodTable Weak       Min:  0.0, Avg:  0.0, Max:  0.0, Diff:  0.0, Sum:  0.1, Workers: 4
[754.201s][debug][gc,phases      ] GC(61)     Dead                           Min: 0, Avg:  0.0, Max: 0, Diff: 0, Sum: 0, Workers: 4
[754.201s][debug][gc,phases      ] GC(61)     Total                          Min: 0, Avg: 2418.2, Max: 3337, Diff: 3337, Sum: 9673, Workers: 4
[754.201s][debug][gc,phases      ] GC(61)   JNI Weak                       Min:  0.0, Avg:  0.0, Max:  0.0, Diff:  0.0, Sum:  0.0, Workers: 4
[754.201s][debug][gc,phases      ] GC(61)     Dead                           Min: 0, Avg:  0.0, Max: 0, Diff: 0, Sum: 0, Workers: 4
[754.201s][debug][gc,phases      ] GC(61)     Total                          Min: 0, Avg: 11.2, Max: 45, Diff: 45, Sum: 45, Workers: 4
[754.201s][debug][gc,phases      ] GC(61)   StringDedup Table Weak         Min:  0.0, Avg:  0.0, Max:  0.0, Diff:  0.0, Sum:  0.0, Workers: 4
[754.201s][debug][gc,phases      ] GC(61)     Dead                           Min: 0, Avg:  0.0, Max: 0, Diff: 0, Sum: 0, Workers: 4
[754.201s][debug][gc,phases      ] GC(61)     Total                          Min: 0, Avg:  0.0, Max: 0, Diff: 0, Sum: 0, Workers: 4
[754.201s][debug][gc,phases      ] GC(61)   StringDedup Requests0 Weak     Min:  0.0, Avg:  0.0, Max:  0.0, Diff:  0.0, Sum:  0.0, Workers: 4
[754.201s][debug][gc,phases      ] GC(61)     Dead                           Min: 0, Avg:  0.0, Max: 0, Diff: 0, Sum: 0, Workers: 4
[754.201s][debug][gc,phases      ] GC(61)     Total                          Min: 0, Avg:  0.0, Max: 0, Diff: 0, Sum: 0, Workers: 4
[754.201s][debug][gc,phases      ] GC(61)   StringDedup Requests1 Weak     Min:  0.0, Avg:  0.0, Max:  0.0, Diff:  0.0, Sum:  0.0, Workers: 4
[754.201s][debug][gc,phases      ] GC(61)     Dead                           Min: 0, Avg:  0.0, Max: 0, Diff: 0, Sum: 0, Workers: 4
[754.201s][debug][gc,phases      ] GC(61)     Total                          Min: 0, Avg:  0.0, Max: 0, Diff: 0, Sum: 0, Workers: 4
[754.201s][debug][gc,phases      ] GC(61)   Weak JFR Old Object Samples    Min:  0.0, Avg:  0.0, Max:  0.0, Diff:  0.0, Sum:  0.0, Workers: 4
[754.201s][debug][gc,phases      ] GC(61)     Dead                           Min: 0, Avg:  0.0, Max: 0, Diff: 0, Sum: 0, Workers: 4
[754.201s][debug][gc,phases      ] GC(61)     Total                          Min: 0, Avg:  0.0, Max: 0, Diff: 0, Sum: 0, Workers: 4
[754.201s][debug][gc,phases      ] GC(61) Weak Processing 0.355ms
[754.202s][debug][gc,age         ] GC(61) Desired survivor size 68681728 bytes, new threshold 15 (max threshold 15)
[754.202s][info ][gc,heap        ] GC(61) PSYoungGen: 1946341K(2016256K)->6389K(2030080K) Eden: 1939968K(1939968K)->0K(1958912K) From: 6373K(76288K)->6389K(71168K)
[754.202s][info ][gc,heap        ] GC(61) ParOldGen: 351101K(458752K)->351133K(458752K)
[754.202s][info ][gc,metaspace   ] GC(61) Metaspace: 82163K(83200K)->82163K(83200K) NonClass: 70324K(70912K)->70324K(70912K) Class: 11838K(12288K)->11838K(12288K)
[754.202s][info ][gc             ] GC(61) Pause Young (Allocation Failure) 2243M->349M(2430M) 7.806ms
[754.202s][info ][gc,cpu         ] GC(61) User=0.01s Sys=0.01s Real=0.01s
[754.202s][info ][safepoint      ] Safepoint "ParallelGCFailedAllocation", Time since last: 589248186 ns, Reaching safepoint: 122000 ns, At safepoint: 7873867 ns, Total: 7995867 ns
[755.202s][info ][safepoint      ] Safepoint "Cleanup", Time since last: 1000082203 ns, Reaching safepoint: 103400 ns, At safepoint: 5300 ns, Total: 108700 ns
[758.202s][info ][safepoint      ] Safepoint "Cleanup", Time since last: 3000251909 ns, Reaching safepoint: 121500 ns, At safepoint: 7499 ns, Total: 128999 ns
[760.202s][info ][safepoint      ] Safepoint "Cleanup", Time since last: 2000163507 ns, Reaching safepoint: 33599 ns, At safepoint: 2400 ns, Total: 35999 ns
[762.203s][info ][safepoint      ] Safepoint "Cleanup", Time since last: 2000170217 ns, Reaching safepoint: 36600 ns, At safepoint: 2600 ns, Total: 39200 ns
[763.203s][info ][safepoint      ] Safepoint "Cleanup", Time since last: 1000102711 ns, Reaching safepoint: 43099 ns, At safepoint: 8600 ns, Total: 51699 ns
[765.203s][info ][safepoint      ] Safepoint "Cleanup", Time since last: 2000177222 ns, Reaching safepoint: 36200 ns, At safepoint: 2500 ns, Total: 38700 ns
[766.203s][info ][safepoint      ] Safepoint "Cleanup", Time since last: 1000114510 ns, Reaching safepoint: 131500 ns, At safepoint: 5100 ns, Total: 136600 ns
[767.203s][info ][safepoint      ] Safepoint "Cleanup", Time since last: 1000105511 ns, Reaching safepoint: 37099 ns, At safepoint: 2800 ns, Total: 39899 ns
[769.196s][info ][gc,start       ] GC(62) Pause Young (Allocation Failure)
[769.203s][debug][gc,phases      ] GC(62) Scavenge 6.833ms
[769.203s][debug][gc,ref         ] GC(62) Skipped phase 1 of Reference Processing: no references
[769.203s][debug][gc,ref         ] GC(62) ReferenceProcessor::execute queues: 1, RefProcThreadModel::Single, marks_oops_alive: false
[769.203s][debug][gc,ref         ] GC(62) Skipped phase 3 of Reference Processing: no references
[769.203s][debug][gc,ref         ] GC(62) ReferenceProcessor::execute queues: 1, RefProcThreadModel::Single, marks_oops_alive: false
[769.203s][debug][gc,phases      ] GC(62) Reference Processing 0.090ms
[769.203s][debug][gc,phases      ] GC(62)   VM Weak                        Min:  0.0, Avg:  0.0, Max:  0.0, Diff:  0.0, Sum:  0.1, Workers: 4
[769.203s][debug][gc,phases      ] GC(62)     Dead                           Min: 0, Avg:  0.0, Max: 0, Diff: 0, Sum: 0, Workers: 4
[769.203s][debug][gc,phases      ] GC(62)     Total                          Min: 0, Avg: 210.5, Max: 458, Diff: 458, Sum: 842, Workers: 4
[769.203s][debug][gc,phases      ] GC(62)   ObjectSynchronizer Weak        Min:  0.0, Avg:  0.0, Max:  0.0, Diff:  0.0, Sum:  0.0, Workers: 4
[769.203s][debug][gc,phases      ] GC(62)     Dead                           Min: 0, Avg:  0.0, Max: 0, Diff: 0, Sum: 0, Workers: 4
[769.203s][debug][gc,phases      ] GC(62)     Total                          Min: 0, Avg: 14.8, Max: 59, Diff: 59, Sum: 59, Workers: 4
[769.203s][debug][gc,phases      ] GC(62)   JVMTI Tag Weak OopStorage      Min:  0.0, Avg:  0.0, Max:  0.0, Diff:  0.0, Sum:  0.0, Workers: 4
[769.203s][debug][gc,phases      ] GC(62)     Dead                           Min: 0, Avg:  0.0, Max: 0, Diff: 0, Sum: 0, Workers: 4
[769.203s][debug][gc,phases      ] GC(62)     Total                          Min: 0, Avg:  0.0, Max: 0, Diff: 0, Sum: 0, Workers: 4
[769.203s][debug][gc,phases      ] GC(62)   StringTable Weak               Min:  0.0, Avg:  0.1, Max:  0.3, Diff:  0.3, Sum:  0.6, Workers: 4
[769.203s][debug][gc,phases      ] GC(62)     Dead                           Min: 0, Avg:  0.0, Max: 0, Diff: 0, Sum: 0, Workers: 4
[769.203s][debug][gc,phases      ] GC(62)     Total                          Min: 0, Avg: 11004.2, Max: 37491, Diff: 37491, Sum: 44017, Workers: 4
[769.203s][debug][gc,phases      ] GC(62)   ResolvedMethodTable Weak       Min:  0.0, Avg:  0.0, Max:  0.0, Diff:  0.0, Sum:  0.1, Workers: 4
[769.203s][debug][gc,phases      ] GC(62)     Dead                           Min: 0, Avg:  0.0, Max: 0, Diff: 0, Sum: 0, Workers: 4
[769.203s][debug][gc,phases      ] GC(62)     Total                          Min: 0, Avg: 2418.2, Max: 4992, Diff: 4992, Sum: 9673, Workers: 4
[769.203s][debug][gc,phases      ] GC(62)   JNI Weak                       Min:  0.0, Avg:  0.0, Max:  0.0, Diff:  0.0, Sum:  0.0, Workers: 4
[769.203s][debug][gc,phases      ] GC(62)     Dead                           Min: 0, Avg:  0.0, Max: 0, Diff: 0, Sum: 0, Workers: 4
[769.203s][debug][gc,phases      ] GC(62)     Total                          Min: 0, Avg: 11.2, Max: 45, Diff: 45, Sum: 45, Workers: 4
[769.203s][debug][gc,phases      ] GC(62)   StringDedup Table Weak         Min:  0.0, Avg:  0.0, Max:  0.0, Diff:  0.0, Sum:  0.0, Workers: 4
[769.203s][debug][gc,phases      ] GC(62)     Dead                           Min: 0, Avg:  0.0, Max: 0, Diff: 0, Sum: 0, Workers: 4
[769.203s][debug][gc,phases      ] GC(62)     Total                          Min: 0, Avg:  0.0, Max: 0, Diff: 0, Sum: 0, Workers: 4
[769.203s][debug][gc,phases      ] GC(62)   StringDedup Requests0 Weak     Min:  0.0, Avg:  0.0, Max:  0.0, Diff:  0.0, Sum:  0.0, Workers: 4
[769.203s][debug][gc,phases      ] GC(62)     Dead                           Min: 0, Avg:  0.0, Max: 0, Diff: 0, Sum: 0, Workers: 4
[769.203s][debug][gc,phases      ] GC(62)     Total                          Min: 0, Avg:  0.0, Max: 0, Diff: 0, Sum: 0, Workers: 4
[769.204s][debug][gc,phases      ] GC(62)   StringDedup Requests1 Weak     Min:  0.0, Avg:  0.0, Max:  0.0, Diff:  0.0, Sum:  0.0, Workers: 4
[769.204s][debug][gc,phases      ] GC(62)     Dead                           Min: 0, Avg:  0.0, Max: 0, Diff: 0, Sum: 0, Workers: 4
[769.204s][debug][gc,phases      ] GC(62)     Total                          Min: 0, Avg:  0.0, Max: 0, Diff: 0, Sum: 0, Workers: 4
[769.204s][debug][gc,phases      ] GC(62)   Weak JFR Old Object Samples    Min:  0.0, Avg:  0.0, Max:  0.0, Diff:  0.0, Sum:  0.0, Workers: 4
[769.204s][debug][gc,phases      ] GC(62)     Dead                           Min: 0, Avg:  0.0, Max: 0, Diff: 0, Sum: 0, Workers: 4
[769.204s][debug][gc,phases      ] GC(62)     Total                          Min: 0, Avg:  0.0, Max: 0, Diff: 0, Sum: 0, Workers: 4
[769.204s][debug][gc,phases      ] GC(62) Weak Processing 0.711ms
[769.204s][debug][gc,age         ] GC(62) Desired survivor size 64487424 bytes, new threshold 15 (max threshold 15)
[769.204s][info ][gc,heap        ] GC(62) PSYoungGen: 1965301K(2030080K)->3526K(2025984K) Eden: 1958912K(1958912K)->0K(1958912K) From: 6389K(71168K)->3526K(67072K)
[769.204s][info ][gc,heap        ] GC(62) ParOldGen: 351133K(458752K)->354099K(458752K)
[769.204s][info ][gc,metaspace   ] GC(62) Metaspace: 82166K(83200K)->82166K(83200K) NonClass: 70328K(70912K)->70328K(70912K) Class: 11838K(12288K)->11838K(12288K)
[769.204s][info ][gc             ] GC(62) Pause Young (Allocation Failure) 2262M->349M(2426M) 7.739ms
[769.204s][info ][gc,cpu         ] GC(62) User=0.01s Sys=0.00s Real=0.00s
[769.204s][info ][safepoint      ] Safepoint "ParallelGCFailedAllocation", Time since last: 1992449555 ns, Reaching safepoint: 45000 ns, At safepoint: 7814168 ns, Total: 7859168 ns
[770.204s][info ][safepoint      ] Safepoint "Cleanup", Time since last: 1000101416 ns, Reaching safepoint: 39400 ns, At safepoint: 3200 ns, Total: 42600 ns
[771.204s][info ][safepoint      ] Safepoint "Cleanup", Time since last: 1000103116 ns, Reaching safepoint: 51700 ns, At safepoint: 4600 ns, Total: 56300 ns
[772.204s][info ][safepoint      ] Safepoint "Cleanup", Time since last: 1000060516 ns, Reaching safepoint: 38300 ns, At safepoint: 2400 ns, Total: 40700 ns
[773.204s][info ][safepoint      ] Safepoint "Cleanup", Time since last: 1000111616 ns, Reaching safepoint: 34500 ns, At safepoint: 3800 ns, Total: 38300 ns
[775.647s][info ][safepoint      ] Safepoint "Cleanup", Time since last: 2443160523 ns, Reaching safepoint: 152799 ns, At safepoint: 3800 ns, Total: 156599 ns
[784.144s][info ][gc,start       ] GC(63) Pause Young (Allocation Failure)
[784.150s][debug][gc,phases      ] GC(63) Scavenge 5.924ms
[784.150s][debug][gc,ref         ] GC(63) Skipped phase 1 of Reference Processing: no references
[784.150s][debug][gc,ref         ] GC(63) ReferenceProcessor::execute queues: 1, RefProcThreadModel::Single, marks_oops_alive: false
[784.150s][debug][gc,ref         ] GC(63) Skipped phase 3 of Reference Processing: no references
[784.150s][debug][gc,ref         ] GC(63) Skipped phase 4 of Reference Processing: no references
[784.150s][debug][gc,phases      ] GC(63) Reference Processing 0.093ms
[784.151s][debug][gc,phases      ] GC(63)   VM Weak                        Min:  0.0, Avg:  0.0, Max:  0.0, Diff:  0.0, Sum:  0.0, Workers: 4
[784.151s][debug][gc,phases      ] GC(63)     Dead                           Min: 0, Avg:  0.0, Max: 0, Diff: 0, Sum: 0, Workers: 4
[784.151s][debug][gc,phases      ] GC(63)     Total                          Min: 0, Avg: 210.5, Max: 842, Diff: 842, Sum: 842, Workers: 4
[784.151s][debug][gc,phases      ] GC(63)   ObjectSynchronizer Weak        Min:  0.0, Avg:  0.0, Max:  0.0, Diff:  0.0, Sum:  0.0, Workers: 4
[784.151s][debug][gc,phases      ] GC(63)     Dead                           Min: 0, Avg:  0.0, Max: 0, Diff: 0, Sum: 0, Workers: 4
[784.151s][debug][gc,phases      ] GC(63)     Total                          Min: 0, Avg: 14.8, Max: 59, Diff: 59, Sum: 59, Workers: 4
[784.151s][debug][gc,phases      ] GC(63)   JVMTI Tag Weak OopStorage      Min:  0.0, Avg:  0.0, Max:  0.0, Diff:  0.0, Sum:  0.0, Workers: 4
[784.151s][debug][gc,phases      ] GC(63)     Dead                           Min: 0, Avg:  0.0, Max: 0, Diff: 0, Sum: 0, Workers: 4
[784.151s][debug][gc,phases      ] GC(63)     Total                          Min: 0, Avg:  0.0, Max: 0, Diff: 0, Sum: 0, Workers: 4
[784.151s][debug][gc,phases      ] GC(63)   StringTable Weak               Min:  0.0, Avg:  0.1, Max:  0.2, Diff:  0.2, Sum:  0.3, Workers: 4
[784.151s][debug][gc,phases      ] GC(63)     Dead                           Min: 0, Avg:  0.0, Max: 0, Diff: 0, Sum: 0, Workers: 4
[784.151s][debug][gc,phases      ] GC(63)     Total                          Min: 0, Avg: 11004.2, Max: 26366, Diff: 26366, Sum: 44017, Workers: 4
[784.151s][debug][gc,phases      ] GC(63)   ResolvedMethodTable Weak       Min:  0.0, Avg:  0.0, Max:  0.0, Diff:  0.0, Sum:  0.1, Workers: 4
[784.151s][debug][gc,phases      ] GC(63)     Dead                           Min: 0, Avg:  0.0, Max: 0, Diff: 0, Sum: 0, Workers: 4
[784.151s][debug][gc,phases      ] GC(63)     Total                          Min: 0, Avg: 2418.2, Max: 5696, Diff: 5696, Sum: 9673, Workers: 4
[784.151s][debug][gc,phases      ] GC(63)   JNI Weak                       Min:  0.0, Avg:  0.0, Max:  0.0, Diff:  0.0, Sum:  0.0, Workers: 4
[784.151s][debug][gc,phases      ] GC(63)     Dead                           Min: 0, Avg:  0.0, Max: 0, Diff: 0, Sum: 0, Workers: 4
[784.151s][debug][gc,phases      ] GC(63)     Total                          Min: 0, Avg: 11.2, Max: 45, Diff: 45, Sum: 45, Workers: 4
[784.151s][debug][gc,phases      ] GC(63)   StringDedup Table Weak         Min:  0.0, Avg:  0.0, Max:  0.0, Diff:  0.0, Sum:  0.0, Workers: 4
[784.151s][debug][gc,phases      ] GC(63)     Dead                           Min: 0, Avg:  0.0, Max: 0, Diff: 0, Sum: 0, Workers: 4
[784.151s][debug][gc,phases      ] GC(63)     Total                          Min: 0, Avg:  0.0, Max: 0, Diff: 0, Sum: 0, Workers: 4
[784.151s][debug][gc,phases      ] GC(63)   StringDedup Requests0 Weak     Min:  0.0, Avg:  0.0, Max:  0.0, Diff:  0.0, Sum:  0.0, Workers: 4
[784.151s][debug][gc,phases      ] GC(63)     Dead                           Min: 0, Avg:  0.0, Max: 0, Diff: 0, Sum: 0, Workers: 4
[784.151s][debug][gc,phases      ] GC(63)     Total                          Min: 0, Avg:  0.0, Max: 0, Diff: 0, Sum: 0, Workers: 4
[784.151s][debug][gc,phases      ] GC(63)   StringDedup Requests1 Weak     Min:  0.0, Avg:  0.0, Max:  0.0, Diff:  0.0, Sum:  0.0, Workers: 4
[784.151s][debug][gc,phases      ] GC(63)     Dead                           Min: 0, Avg:  0.0, Max: 0, Diff: 0, Sum: 0, Workers: 4
[784.151s][debug][gc,phases      ] GC(63)     Total                          Min: 0, Avg:  0.0, Max: 0, Diff: 0, Sum: 0, Workers: 4
[784.151s][debug][gc,phases      ] GC(63)   Weak JFR Old Object Samples    Min:  0.0, Avg:  0.0, Max:  0.0, Diff:  0.0, Sum:  0.0, Workers: 4
[784.151s][debug][gc,phases      ] GC(63)     Dead                           Min: 0, Avg:  0.0, Max: 0, Diff: 0, Sum: 0, Workers: 4
[784.151s][debug][gc,phases      ] GC(63)     Total                          Min: 0, Avg:  0.0, Max: 0, Diff: 0, Sum: 0, Workers: 4
[784.151s][debug][gc,phases      ] GC(63) Weak Processing 0.357ms
[784.151s][debug][gc,age         ] GC(63) Desired survivor size 60817408 bytes, new threshold 15 (max threshold 15)
[784.151s][info ][gc,heap        ] GC(63) PSYoungGen: 1962438K(2025984K)->3462K(2037760K) Eden: 1958912K(1958912K)->0K(1974784K) From: 3526K(67072K)->3462K(62976K)
[784.151s][info ][gc,heap        ] GC(63) ParOldGen: 354099K(458752K)->354171K(458752K)
[784.151s][info ][gc,metaspace   ] GC(63) Metaspace: 82172K(83200K)->82172K(83200K) NonClass: 70334K(70912K)->70334K(70912K) Class: 11838K(12288K)->11838K(12288K)
[784.151s][info ][gc             ] GC(63) Pause Young (Allocation Failure) 2262M->349M(2438M) 6.493ms
[784.151s][info ][gc,cpu         ] GC(63) User=0.02s Sys=0.00s Real=0.01s
[784.151s][info ][safepoint      ] Safepoint "ParallelGCFailedAllocation", Time since last: 8496759910 ns, Reaching safepoint: 38699 ns, At safepoint: 6554074 ns, Total: 6592773 ns
[785.151s][info ][safepoint      ] Safepoint "Cleanup", Time since last: 1000054805 ns, Reaching safepoint: 45799 ns, At safepoint: 2700 ns, Total: 48499 ns
[793.152s][info ][safepoint      ] Safepoint "Cleanup", Time since last: 8000595459 ns, Reaching safepoint: 108900 ns, At safepoint: 5200 ns, Total: 114100 ns
[798.152s][info ][safepoint      ] Safepoint "Cleanup", Time since last: 5000377688 ns, Reaching safepoint: 104100 ns, At safepoint: 5100 ns, Total: 109200 ns
[799.152s][info ][safepoint      ] Safepoint "Cleanup", Time since last: 1000091277 ns, Reaching safepoint: 32900 ns, At safepoint: 2300 ns, Total: 35200 ns
[799.347s][info ][gc,start       ] GC(64) Pause Young (Allocation Failure)
[799.352s][debug][gc,phases      ] GC(64) Scavenge 5.774ms
[799.352s][debug][gc,ref         ] GC(64) Skipped phase 1 of Reference Processing: no references
[799.352s][debug][gc,ref         ] GC(64) ReferenceProcessor::execute queues: 1, RefProcThreadModel::Single, marks_oops_alive: false
[799.353s][debug][gc,ref         ] GC(64) Skipped phase 3 of Reference Processing: no references
[799.353s][debug][gc,ref         ] GC(64) Skipped phase 4 of Reference Processing: no references
[799.353s][debug][gc,phases      ] GC(64) Reference Processing 0.088ms
[799.353s][debug][gc,phases      ] GC(64)   VM Weak                        Min:  0.0, Avg:  0.0, Max:  0.0, Diff:  0.0, Sum:  0.0, Workers: 4
[799.353s][debug][gc,phases      ] GC(64)     Dead                           Min: 0, Avg:  0.0, Max: 0, Diff: 0, Sum: 0, Workers: 4
[799.353s][debug][gc,phases      ] GC(64)     Total                          Min: 0, Avg: 210.5, Max: 768, Diff: 768, Sum: 842, Workers: 4
[799.353s][debug][gc,phases      ] GC(64)   ObjectSynchronizer Weak        Min:  0.0, Avg:  0.0, Max:  0.0, Diff:  0.0, Sum:  0.0, Workers: 4
[799.353s][debug][gc,phases      ] GC(64)     Dead                           Min: 0, Avg:  0.0, Max: 0, Diff: 0, Sum: 0, Workers: 4
[799.353s][debug][gc,phases      ] GC(64)     Total                          Min: 0, Avg: 14.8, Max: 59, Diff: 59, Sum: 59, Workers: 4
[799.353s][debug][gc,phases      ] GC(64)   JVMTI Tag Weak OopStorage      Min:  0.0, Avg:  0.0, Max:  0.0, Diff:  0.0, Sum:  0.0, Workers: 4
[799.353s][debug][gc,phases      ] GC(64)     Dead                           Min: 0, Avg:  0.0, Max: 0, Diff: 0, Sum: 0, Workers: 4
[799.353s][debug][gc,phases      ] GC(64)     Total                          Min: 0, Avg:  0.0, Max: 0, Diff: 0, Sum: 0, Workers: 4
[799.353s][debug][gc,phases      ] GC(64)   StringTable Weak               Min:  0.0, Avg:  0.1, Max:  0.1, Diff:  0.1, Sum:  0.3, Workers: 4
[799.353s][debug][gc,phases      ] GC(64)     Dead                           Min: 0, Avg:  0.0, Max: 0, Diff: 0, Sum: 0, Workers: 4
[799.353s][debug][gc,phases      ] GC(64)     Total                          Min: 0, Avg: 11004.2, Max: 25523, Diff: 25523, Sum: 44017, Workers: 4
[799.353s][debug][gc,phases      ] GC(64)   ResolvedMethodTable Weak       Min:  0.0, Avg:  0.0, Max:  0.0, Diff:  0.0, Sum:  0.1, Workers: 4
[799.353s][debug][gc,phases      ] GC(64)     Dead                           Min: 0, Avg:  0.0, Max: 0, Diff: 0, Sum: 0, Workers: 4
[799.353s][debug][gc,phases      ] GC(64)     Total                          Min: 0, Avg: 2418.2, Max: 5440, Diff: 5440, Sum: 9673, Workers: 4
[799.353s][debug][gc,phases      ] GC(64)   JNI Weak                       Min:  0.0, Avg:  0.0, Max:  0.0, Diff:  0.0, Sum:  0.0, Workers: 4
[799.353s][debug][gc,phases      ] GC(64)     Dead                           Min: 0, Avg:  0.0, Max: 0, Diff: 0, Sum: 0, Workers: 4
[799.353s][debug][gc,phases      ] GC(64)     Total                          Min: 0, Avg: 11.2, Max: 45, Diff: 45, Sum: 45, Workers: 4
[799.353s][debug][gc,phases      ] GC(64)   StringDedup Table Weak         Min:  0.0, Avg:  0.0, Max:  0.0, Diff:  0.0, Sum:  0.0, Workers: 4
[799.353s][debug][gc,phases      ] GC(64)     Dead                           Min: 0, Avg:  0.0, Max: 0, Diff: 0, Sum: 0, Workers: 4
[799.353s][debug][gc,phases      ] GC(64)     Total                          Min: 0, Avg:  0.0, Max: 0, Diff: 0, Sum: 0, Workers: 4
[799.353s][debug][gc,phases      ] GC(64)   StringDedup Requests0 Weak     Min:  0.0, Avg:  0.0, Max:  0.0, Diff:  0.0, Sum:  0.0, Workers: 4
[799.353s][debug][gc,phases      ] GC(64)     Dead                           Min: 0, Avg:  0.0, Max: 0, Diff: 0, Sum: 0, Workers: 4
[799.353s][debug][gc,phases      ] GC(64)     Total                          Min: 0, Avg:  0.0, Max: 0, Diff: 0, Sum: 0, Workers: 4
[799.353s][debug][gc,phases      ] GC(64)   StringDedup Requests1 Weak     Min:  0.0, Avg:  0.0, Max:  0.0, Diff:  0.0, Sum:  0.0, Workers: 4
[799.353s][debug][gc,phases      ] GC(64)     Dead                           Min: 0, Avg:  0.0, Max: 0, Diff: 0, Sum: 0, Workers: 4
[799.353s][debug][gc,phases      ] GC(64)     Total                          Min: 0, Avg:  0.0, Max: 0, Diff: 0, Sum: 0, Workers: 4
[799.353s][debug][gc,phases      ] GC(64)   Weak JFR Old Object Samples    Min:  0.0, Avg:  0.0, Max:  0.0, Diff:  0.0, Sum:  0.0, Workers: 4
[799.353s][debug][gc,phases      ] GC(64)     Dead                           Min: 0, Avg:  0.0, Max: 0, Diff: 0, Sum: 0, Workers: 4
[799.353s][debug][gc,phases      ] GC(64)     Total                          Min: 0, Avg:  0.0, Max: 0, Diff: 0, Sum: 0, Workers: 4
[799.353s][debug][gc,phases      ] GC(64) Weak Processing 0.348ms
[799.353s][debug][gc,age         ] GC(64) Desired survivor size 57671680 bytes, new threshold 15 (max threshold 15)
[799.353s][info ][gc,heap        ] GC(64) PSYoungGen: 1978246K(2037760K)->3462K(2034176K) Eden: 1974784K(1974784K)->0K(1974784K) From: 3462K(62976K)->3462K(59392K)
[799.353s][info ][gc,heap        ] GC(64) ParOldGen: 354171K(458752K)->354203K(458752K)
[799.353s][info ][gc,metaspace   ] GC(64) Metaspace: 82177K(83200K)->82177K(83200K) NonClass: 70339K(70912K)->70339K(70912K) Class: 11838K(12288K)->11838K(12288K)
[799.353s][info ][gc             ] GC(64) Pause Young (Allocation Failure) 2277M->349M(2434M) 6.308ms
[799.353s][info ][gc,cpu         ] GC(64) User=0.02s Sys=0.00s Real=0.00s
[799.353s][info ][safepoint      ] Safepoint "ParallelGCFailedAllocation", Time since last: 194264499 ns, Reaching safepoint: 30200 ns, At safepoint: 6365874 ns, Total: 6396074 ns
[814.354s][info ][safepoint      ] Safepoint "Cleanup", Time since last: 15001014276 ns, Reaching safepoint: 40700 ns, At safepoint: 3100 ns, Total: 43800 ns
[814.629s][info ][gc,start       ] GC(65) Pause Young (Allocation Failure)
[814.635s][debug][gc,phases      ] GC(65) Scavenge 5.669ms
[814.635s][debug][gc,ref         ] GC(65) Skipped phase 1 of Reference Processing: no references
[814.635s][debug][gc,ref         ] GC(65) ReferenceProcessor::execute queues: 1, RefProcThreadModel::Single, marks_oops_alive: false
[814.635s][debug][gc,ref         ] GC(65) Skipped phase 3 of Reference Processing: no references
[814.635s][debug][gc,ref         ] GC(65) Skipped phase 4 of Reference Processing: no references
[814.635s][debug][gc,phases      ] GC(65) Reference Processing 0.091ms
[814.635s][debug][gc,phases      ] GC(65)   VM Weak                        Min:  0.0, Avg:  0.0, Max:  0.0, Diff:  0.0, Sum:  0.0, Workers: 4
[814.635s][debug][gc,phases      ] GC(65)     Dead                           Min: 0, Avg:  0.0, Max: 0, Diff: 0, Sum: 0, Workers: 4
[814.635s][debug][gc,phases      ] GC(65)     Total                          Min: 0, Avg: 210.5, Max: 640, Diff: 640, Sum: 842, Workers: 4
[814.635s][debug][gc,phases      ] GC(65)   ObjectSynchronizer Weak        Min:  0.0, Avg:  0.0, Max:  0.0, Diff:  0.0, Sum:  0.0, Workers: 4
[814.635s][debug][gc,phases      ] GC(65)     Dead                           Min: 0, Avg:  0.0, Max: 0, Diff: 0, Sum: 0, Workers: 4
[814.635s][debug][gc,phases      ] GC(65)     Total                          Min: 0, Avg: 14.8, Max: 59, Diff: 59, Sum: 59, Workers: 4
[814.635s][debug][gc,phases      ] GC(65)   JVMTI Tag Weak OopStorage      Min:  0.0, Avg:  0.0, Max:  0.0, Diff:  0.0, Sum:  0.0, Workers: 4
[814.635s][debug][gc,phases      ] GC(65)     Dead                           Min: 0, Avg:  0.0, Max: 0, Diff: 0, Sum: 0, Workers: 4
[814.635s][debug][gc,phases      ] GC(65)     Total                          Min: 0, Avg:  0.0, Max: 0, Diff: 0, Sum: 0, Workers: 4
[814.635s][debug][gc,phases      ] GC(65)   StringTable Weak               Min:  0.0, Avg:  0.1, Max:  0.2, Diff:  0.2, Sum:  0.3, Workers: 4
[814.635s][debug][gc,phases      ] GC(65)     Dead                           Min: 0, Avg:  0.0, Max: 0, Diff: 0, Sum: 0, Workers: 4
[814.635s][debug][gc,phases      ] GC(65)     Total                          Min: 0, Avg: 11004.2, Max: 25778, Diff: 25778, Sum: 44017, Workers: 4
[814.635s][debug][gc,phases      ] GC(65)   ResolvedMethodTable Weak       Min:  0.0, Avg:  0.0, Max:  0.0, Diff:  0.0, Sum:  0.1, Workers: 4
[814.636s][debug][gc,phases      ] GC(65)     Dead                           Min: 0, Avg:  0.0, Max: 0, Diff: 0, Sum: 0, Workers: 4
[814.636s][debug][gc,phases      ] GC(65)     Total                          Min: 0, Avg: 2418.2, Max: 4864, Diff: 4864, Sum: 9673, Workers: 4
[814.636s][debug][gc,phases      ] GC(65)   JNI Weak                       Min:  0.0, Avg:  0.0, Max:  0.0, Diff:  0.0, Sum:  0.0, Workers: 4
[814.636s][debug][gc,phases      ] GC(65)     Dead                           Min: 0, Avg:  0.0, Max: 0, Diff: 0, Sum: 0, Workers: 4
[814.636s][debug][gc,phases      ] GC(65)     Total                          Min: 0, Avg: 11.2, Max: 45, Diff: 45, Sum: 45, Workers: 4
[814.636s][debug][gc,phases      ] GC(65)   StringDedup Table Weak         Min:  0.0, Avg:  0.0, Max:  0.0, Diff:  0.0, Sum:  0.0, Workers: 4
[814.636s][debug][gc,phases      ] GC(65)     Dead                           Min: 0, Avg:  0.0, Max: 0, Diff: 0, Sum: 0, Workers: 4
[814.636s][debug][gc,phases      ] GC(65)     Total                          Min: 0, Avg:  0.0, Max: 0, Diff: 0, Sum: 0, Workers: 4
[814.636s][debug][gc,phases      ] GC(65)   StringDedup Requests0 Weak     Min:  0.0, Avg:  0.0, Max:  0.0, Diff:  0.0, Sum:  0.0, Workers: 4
[814.636s][debug][gc,phases      ] GC(65)     Dead                           Min: 0, Avg:  0.0, Max: 0, Diff: 0, Sum: 0, Workers: 4
[814.636s][debug][gc,phases      ] GC(65)     Total                          Min: 0, Avg:  0.0, Max: 0, Diff: 0, Sum: 0, Workers: 4
[814.636s][debug][gc,phases      ] GC(65)   StringDedup Requests1 Weak     Min:  0.0, Avg:  0.0, Max:  0.0, Diff:  0.0, Sum:  0.0, Workers: 4
[814.636s][debug][gc,phases      ] GC(65)     Dead                           Min: 0, Avg:  0.0, Max: 0, Diff: 0, Sum: 0, Workers: 4
[814.636s][debug][gc,phases      ] GC(65)     Total                          Min: 0, Avg:  0.0, Max: 0, Diff: 0, Sum: 0, Workers: 4
[814.636s][debug][gc,phases      ] GC(65)   Weak JFR Old Object Samples    Min:  0.0, Avg:  0.0, Max:  0.0, Diff:  0.0, Sum:  0.0, Workers: 4
[814.636s][debug][gc,phases      ] GC(65)     Dead                           Min: 0, Avg:  0.0, Max: 0, Diff: 0, Sum: 0, Workers: 4
[814.636s][debug][gc,phases      ] GC(65)     Total                          Min: 0, Avg:  0.0, Max: 0, Diff: 0, Sum: 0, Workers: 4
[814.636s][debug][gc,phases      ] GC(65) Weak Processing 0.482ms
[814.636s][debug][gc,age         ] GC(65) Desired survivor size 54001664 bytes, new threshold 15 (max threshold 15)
[814.636s][info ][gc,heap        ] GC(65) PSYoungGen: 1978246K(2034176K)->3382K(2044416K) Eden: 1974784K(1974784K)->0K(1988096K) From: 3462K(59392K)->3382K(56320K)
[814.636s][info ][gc,heap        ] GC(65) ParOldGen: 354203K(458752K)->354243K(458752K)
[814.636s][info ][gc,metaspace   ] GC(65) Metaspace: 82188K(83200K)->82188K(83200K) NonClass: 70349K(70912K)->70349K(70912K) Class: 11838K(12288K)->11838K(12288K)
[814.636s][info ][gc             ] GC(65) Pause Young (Allocation Failure) 2277M->349M(2444M) 6.367ms
[814.636s][info ][gc,cpu         ] GC(65) User=0.02s Sys=0.00s Real=0.01s
[814.636s][info ][safepoint      ] Safepoint "ParallelGCFailedAllocation", Time since last: 275269775 ns, Reaching safepoint: 29500 ns, At safepoint: 6447974 ns, Total: 6477474 ns
[816.636s][info ][safepoint      ] Safepoint "Cleanup", Time since last: 2000156625 ns, Reaching safepoint: 141199 ns, At safepoint: 4100 ns, Total: 145299 ns
[818.636s][info ][safepoint      ] Safepoint "Cleanup", Time since last: 2000162096 ns, Reaching safepoint: 38000 ns, At safepoint: 2700 ns, Total: 40700 ns
[826.637s][info ][safepoint      ] Safepoint "Cleanup", Time since last: 8000587879 ns, Reaching safepoint: 48900 ns, At safepoint: 4900 ns, Total: 53800 ns
[827.637s][info ][safepoint      ] Safepoint "Cleanup", Time since last: 1000116504 ns, Reaching safepoint: 44400 ns, At safepoint: 2400 ns, Total: 46800 ns
[828.637s][info ][safepoint      ] Safepoint "Cleanup", Time since last: 1000076704 ns, Reaching safepoint: 87699 ns, At safepoint: 2400 ns, Total: 90099 ns
[829.637s][info ][safepoint      ] Safepoint "Cleanup", Time since last: 1000095804 ns, Reaching safepoint: 50400 ns, At safepoint: 2500 ns, Total: 52900 ns
[831.638s][info ][safepoint      ] Safepoint "Cleanup", Time since last: 2000191108 ns, Reaching safepoint: 40200 ns, At safepoint: 3500 ns, Total: 43700 ns
[831.751s][info ][gc,start       ] GC(66) Pause Young (Allocation Failure)
[831.761s][debug][gc,phases      ] GC(66) Scavenge 9.219ms
[831.761s][debug][gc,ref         ] GC(66) Skipped phase 1 of Reference Processing: no references
[831.761s][debug][gc,ref         ] GC(66) ReferenceProcessor::execute queues: 1, RefProcThreadModel::Single, marks_oops_alive: false
[831.761s][debug][gc,ref         ] GC(66) Skipped phase 3 of Reference Processing: no references
[831.761s][debug][gc,ref         ] GC(66) ReferenceProcessor::execute queues: 1, RefProcThreadModel::Single, marks_oops_alive: false
[831.761s][debug][gc,phases      ] GC(66) Reference Processing 0.099ms
[831.761s][debug][gc,phases      ] GC(66)   VM Weak                        Min:  0.0, Avg:  0.0, Max:  0.0, Diff:  0.0, Sum:  0.0, Workers: 4
[831.761s][debug][gc,phases      ] GC(66)     Dead                           Min: 0, Avg:  0.0, Max: 0, Diff: 0, Sum: 0, Workers: 4
[831.761s][debug][gc,phases      ] GC(66)     Total                          Min: 0, Avg: 210.8, Max: 651, Diff: 651, Sum: 843, Workers: 4
[831.761s][debug][gc,phases      ] GC(66)   ObjectSynchronizer Weak        Min:  0.0, Avg:  0.0, Max:  0.0, Diff:  0.0, Sum:  0.0, Workers: 4
[831.761s][debug][gc,phases      ] GC(66)     Dead                           Min: 0, Avg:  0.0, Max: 0, Diff: 0, Sum: 0, Workers: 4
[831.761s][debug][gc,phases      ] GC(66)     Total                          Min: 0, Avg: 14.8, Max: 59, Diff: 59, Sum: 59, Workers: 4
[831.761s][debug][gc,phases      ] GC(66)   JVMTI Tag Weak OopStorage      Min:  0.0, Avg:  0.0, Max:  0.0, Diff:  0.0, Sum:  0.0, Workers: 4
[831.761s][debug][gc,phases      ] GC(66)     Dead                           Min: 0, Avg:  0.0, Max: 0, Diff: 0, Sum: 0, Workers: 4
[831.761s][debug][gc,phases      ] GC(66)     Total                          Min: 0, Avg:  0.0, Max: 0, Diff: 0, Sum: 0, Workers: 4
[831.761s][debug][gc,phases      ] GC(66)   StringTable Weak               Min:  0.0, Avg:  0.1, Max:  0.2, Diff:  0.2, Sum:  0.4, Workers: 4
[831.761s][debug][gc,phases      ] GC(66)     Dead                           Min: 0, Avg:  0.8, Max: 2, Diff: 2, Sum: 3, Workers: 4
[831.761s][debug][gc,phases      ] GC(66)     Total                          Min: 0, Avg: 11016.5, Max: 31616, Diff: 31616, Sum: 44066, Workers: 4
[831.761s][debug][gc,phases      ] GC(66)   ResolvedMethodTable Weak       Min:  0.0, Avg:  0.0, Max:  0.0, Diff:  0.0, Sum:  0.1, Workers: 4
[831.761s][debug][gc,phases      ] GC(66)     Dead                           Min: 0, Avg:  0.0, Max: 0, Diff: 0, Sum: 0, Workers: 4
[831.761s][debug][gc,phases      ] GC(66)     Total                          Min: 0, Avg: 2431.0, Max: 6012, Diff: 6012, Sum: 9724, Workers: 4
[831.761s][debug][gc,phases      ] GC(66)   JNI Weak                       Min:  0.0, Avg:  0.0, Max:  0.0, Diff:  0.0, Sum:  0.0, Workers: 4
[831.761s][debug][gc,phases      ] GC(66)     Dead                           Min: 0, Avg:  0.0, Max: 0, Diff: 0, Sum: 0, Workers: 4
[831.761s][debug][gc,phases      ] GC(66)     Total                          Min: 0, Avg: 11.2, Max: 45, Diff: 45, Sum: 45, Workers: 4
[831.761s][debug][gc,phases      ] GC(66)   StringDedup Table Weak         Min:  0.0, Avg:  0.0, Max:  0.0, Diff:  0.0, Sum:  0.0, Workers: 4
[831.761s][debug][gc,phases      ] GC(66)     Dead                           Min: 0, Avg:  0.0, Max: 0, Diff: 0, Sum: 0, Workers: 4
[831.761s][debug][gc,phases      ] GC(66)     Total                          Min: 0, Avg:  0.0, Max: 0, Diff: 0, Sum: 0, Workers: 4
[831.761s][debug][gc,phases      ] GC(66)   StringDedup Requests0 Weak     Min:  0.0, Avg:  0.0, Max:  0.0, Diff:  0.0, Sum:  0.0, Workers: 4
[831.761s][debug][gc,phases      ] GC(66)     Dead                           Min: 0, Avg:  0.0, Max: 0, Diff: 0, Sum: 0, Workers: 4
[831.761s][debug][gc,phases      ] GC(66)     Total                          Min: 0, Avg:  0.0, Max: 0, Diff: 0, Sum: 0, Workers: 4
[831.761s][debug][gc,phases      ] GC(66)   StringDedup Requests1 Weak     Min:  0.0, Avg:  0.0, Max:  0.0, Diff:  0.0, Sum:  0.0, Workers: 4
[831.761s][debug][gc,phases      ] GC(66)     Dead                           Min: 0, Avg:  0.0, Max: 0, Diff: 0, Sum: 0, Workers: 4
[831.761s][debug][gc,phases      ] GC(66)     Total                          Min: 0, Avg:  0.0, Max: 0, Diff: 0, Sum: 0, Workers: 4
[831.761s][debug][gc,phases      ] GC(66)   Weak JFR Old Object Samples    Min:  0.0, Avg:  0.0, Max:  0.0, Diff:  0.0, Sum:  0.0, Workers: 4
[831.761s][debug][gc,phases      ] GC(66)     Dead                           Min: 0, Avg:  0.0, Max: 0, Diff: 0, Sum: 0, Workers: 4
[831.761s][debug][gc,phases      ] GC(66)     Total                          Min: 0, Avg:  0.0, Max: 0, Diff: 0, Sum: 0, Workers: 4
[831.761s][debug][gc,phases      ] GC(66) Weak Processing 0.412ms
[831.761s][debug][gc,age         ] GC(66) Desired survivor size 50331648 bytes, new threshold 15 (max threshold 15)
[831.761s][info ][gc,heap        ] GC(66) PSYoungGen: 1991478K(2044416K)->6599K(2040832K) Eden: 1988096K(1988096K)->0K(1988096K) From: 3382K(56320K)->6599K(52736K)
[831.761s][info ][gc,heap        ] GC(66) ParOldGen: 354243K(458752K)->354275K(458752K)
[831.761s][info ][gc,metaspace   ] GC(66) Metaspace: 82348K(83392K)->82348K(83392K) NonClass: 70476K(71040K)->70476K(71040K) Class: 11872K(12352K)->11872K(12352K)
[831.761s][info ][gc             ] GC(66) Pause Young (Allocation Failure) 2290M->352M(2441M) 9.847ms
[831.761s][info ][gc,cpu         ] GC(66) User=0.02s Sys=0.01s Real=0.01s
[831.761s][info ][safepoint      ] Safepoint "ParallelGCFailedAllocation", Time since last: 113622734 ns, Reaching safepoint: 97100 ns, At safepoint: 9915159 ns, Total: 10012259 ns
[832.761s][info ][safepoint      ] Safepoint "Cleanup", Time since last: 1000083204 ns, Reaching safepoint: 47800 ns, At safepoint: 3100 ns, Total: 50900 ns
[835.762s][info ][safepoint      ] Safepoint "Cleanup", Time since last: 3000226400 ns, Reaching safepoint: 38700 ns, At safepoint: 3300 ns, Total: 42000 ns
[836.762s][info ][safepoint      ] Safepoint "Cleanup", Time since last: 1000099599 ns, Reaching safepoint: 39000 ns, At safepoint: 2400 ns, Total: 41400 ns
[837.762s][info ][safepoint      ] Safepoint "Cleanup", Time since last: 1000112300 ns, Reaching safepoint: 45099 ns, At safepoint: 3600 ns, Total: 48699 ns
[839.762s][info ][safepoint      ] Safepoint "Cleanup", Time since last: 2000188800 ns, Reaching safepoint: 41600 ns, At safepoint: 22400 ns, Total: 64000 ns
[840.762s][info ][safepoint      ] Safepoint "Cleanup", Time since last: 1000095699 ns, Reaching safepoint: 31300 ns, At safepoint: 2700 ns, Total: 34000 ns
[841.762s][info ][safepoint      ] Safepoint "Cleanup", Time since last: 1000102205 ns, Reaching safepoint: 31500 ns, At safepoint: 4200 ns, Total: 35700 ns
[846.691s][info ][gc,start       ] GC(67) Pause Young (Allocation Failure)
[846.698s][debug][gc,phases      ] GC(67) Scavenge 6.803ms
[846.698s][debug][gc,ref         ] GC(67) Skipped phase 1 of Reference Processing: no references
[846.698s][debug][gc,ref         ] GC(67) ReferenceProcessor::execute queues: 1, RefProcThreadModel::Single, marks_oops_alive: false
[846.698s][debug][gc,ref         ] GC(67) ReferenceProcessor::execute queues: 4, RefProcThreadModel::Multi, marks_oops_alive: true
[846.698s][debug][gc,ref         ] GC(67) ReferenceProcessor::execute queues: 1, RefProcThreadModel::Single, marks_oops_alive: false
[846.698s][debug][gc,phases      ] GC(67) Reference Processing 0.169ms
[846.698s][debug][gc,phases      ] GC(67)   VM Weak                        Min:  0.0, Avg:  0.0, Max:  0.0, Diff:  0.0, Sum:  0.0, Workers: 4
[846.698s][debug][gc,phases      ] GC(67)     Dead                           Min: 0, Avg:  0.0, Max: 0, Diff: 0, Sum: 0, Workers: 4
[846.698s][debug][gc,phases      ] GC(67)     Total                          Min: 0, Avg: 210.8, Max: 704, Diff: 704, Sum: 843, Workers: 4
[846.698s][debug][gc,phases      ] GC(67)   ObjectSynchronizer Weak        Min:  0.0, Avg:  0.0, Max:  0.0, Diff:  0.0, Sum:  0.0, Workers: 4
[846.698s][debug][gc,phases      ] GC(67)     Dead                           Min: 0, Avg:  0.0, Max: 0, Diff: 0, Sum: 0, Workers: 4
[846.698s][debug][gc,phases      ] GC(67)     Total                          Min: 0, Avg: 14.8, Max: 59, Diff: 59, Sum: 59, Workers: 4
[846.698s][debug][gc,phases      ] GC(67)   JVMTI Tag Weak OopStorage      Min:  0.0, Avg:  0.0, Max:  0.0, Diff:  0.0, Sum:  0.0, Workers: 4
[846.698s][debug][gc,phases      ] GC(67)     Dead                           Min: 0, Avg:  0.0, Max: 0, Diff: 0, Sum: 0, Workers: 4
[846.698s][debug][gc,phases      ] GC(67)     Total                          Min: 0, Avg:  0.0, Max: 0, Diff: 0, Sum: 0, Workers: 4
[846.698s][debug][gc,phases      ] GC(67)   StringTable Weak               Min:  0.0, Avg:  0.1, Max:  0.1, Diff:  0.1, Sum:  0.4, Workers: 4
[846.698s][debug][gc,phases      ] GC(67)     Dead                           Min: 0, Avg:  0.0, Max: 0, Diff: 0, Sum: 0, Workers: 4
[846.698s][debug][gc,phases      ] GC(67)     Total                          Min: 0, Avg: 11017.5, Max: 15167, Diff: 15167, Sum: 44070, Workers: 4
[846.698s][debug][gc,phases      ] GC(67)   ResolvedMethodTable Weak       Min:  0.0, Avg:  0.0, Max:  0.0, Diff:  0.0, Sum:  0.1, Workers: 4
[846.698s][debug][gc,phases      ] GC(67)     Dead                           Min: 0, Avg:  0.0, Max: 0, Diff: 0, Sum: 0, Workers: 4
[846.698s][debug][gc,phases      ] GC(67)     Total                          Min: 0, Avg: 2431.0, Max: 3324, Diff: 3324, Sum: 9724, Workers: 4
[846.698s][debug][gc,phases      ] GC(67)   JNI Weak                       Min:  0.0, Avg:  0.0, Max:  0.0, Diff:  0.0, Sum:  0.0, Workers: 4
[846.698s][debug][gc,phases      ] GC(67)     Dead                           Min: 0, Avg:  0.0, Max: 0, Diff: 0, Sum: 0, Workers: 4
[846.698s][debug][gc,phases      ] GC(67)     Total                          Min: 0, Avg: 11.2, Max: 45, Diff: 45, Sum: 45, Workers: 4
[846.698s][debug][gc,phases      ] GC(67)   StringDedup Table Weak         Min:  0.0, Avg:  0.0, Max:  0.0, Diff:  0.0, Sum:  0.0, Workers: 4
[846.698s][debug][gc,phases      ] GC(67)     Dead                           Min: 0, Avg:  0.0, Max: 0, Diff: 0, Sum: 0, Workers: 4
[846.698s][debug][gc,phases      ] GC(67)     Total                          Min: 0, Avg:  0.0, Max: 0, Diff: 0, Sum: 0, Workers: 4
[846.698s][debug][gc,phases      ] GC(67)   StringDedup Requests0 Weak     Min:  0.0, Avg:  0.0, Max:  0.0, Diff:  0.0, Sum:  0.0, Workers: 4
[846.698s][debug][gc,phases      ] GC(67)     Dead                           Min: 0, Avg:  0.0, Max: 0, Diff: 0, Sum: 0, Workers: 4
[846.698s][debug][gc,phases      ] GC(67)     Total                          Min: 0, Avg:  0.0, Max: 0, Diff: 0, Sum: 0, Workers: 4
[846.698s][debug][gc,phases      ] GC(67)   StringDedup Requests1 Weak     Min:  0.0, Avg:  0.0, Max:  0.0, Diff:  0.0, Sum:  0.0, Workers: 4
[846.698s][debug][gc,phases      ] GC(67)     Dead                           Min: 0, Avg:  0.0, Max: 0, Diff: 0, Sum: 0, Workers: 4
[846.698s][debug][gc,phases      ] GC(67)     Total                          Min: 0, Avg:  0.0, Max: 0, Diff: 0, Sum: 0, Workers: 4
[846.698s][debug][gc,phases      ] GC(67)   Weak JFR Old Object Samples    Min:  0.0, Avg:  0.0, Max:  0.0, Diff:  0.0, Sum:  0.0, Workers: 4
[846.698s][debug][gc,phases      ] GC(67)     Dead                           Min: 0, Avg:  0.0, Max: 0, Diff: 0, Sum: 0, Workers: 4
[846.698s][debug][gc,phases      ] GC(67)     Total                          Min: 0, Avg:  0.0, Max: 0, Diff: 0, Sum: 0, Workers: 4
[846.698s][debug][gc,phases      ] GC(67) Weak Processing 0.342ms
[846.698s][debug][gc,age         ] GC(67) Desired survivor size 47185920 bytes, new threshold 15 (max threshold 15)
[846.698s][info ][gc,heap        ] GC(67) PSYoungGen: 1994695K(2040832K)->5222K(2051072K) Eden: 1988096K(1988096K)->0K(2001920K) From: 6599K(52736K)->5222K(49152K)
[846.698s][info ][gc,heap        ] GC(67) ParOldGen: 354275K(458752K)->354323K(458752K)
[846.698s][info ][gc,metaspace   ] GC(67) Metaspace: 82357K(83392K)->82357K(83392K) NonClass: 70485K(71040K)->70485K(71040K) Class: 11872K(12352K)->11872K(12352K)
[846.698s][info ][gc             ] GC(67) Pause Young (Allocation Failure) 2293M->351M(2451M) 7.424ms
[846.698s][info ][gc,cpu         ] GC(67) User=0.01s Sys=0.01s Real=0.01s
[846.698s][info ][safepoint      ] Safepoint "ParallelGCFailedAllocation", Time since last: 4928205224 ns, Reaching safepoint: 43400 ns, At safepoint: 7525170 ns, Total: 7568570 ns
[855.699s][info ][safepoint      ] Safepoint "Cleanup", Time since last: 9000663232 ns, Reaching safepoint: 107999 ns, At safepoint: 5900 ns, Total: 113899 ns
[859.699s][info ][safepoint      ] Safepoint "Cleanup", Time since last: 4000332499 ns, Reaching safepoint: 126700 ns, At safepoint: 6700 ns, Total: 133400 ns
[860.700s][info ][safepoint      ] Safepoint "Cleanup", Time since last: 1000117528 ns, Reaching safepoint: 38499 ns, At safepoint: 4200 ns, Total: 42699 ns
[861.700s][info ][safepoint      ] Safepoint "Cleanup", Time since last: 1000122528 ns, Reaching safepoint: 48800 ns, At safepoint: 2500 ns, Total: 51300 ns
[862.444s][info ][gc,start       ] GC(68) Pause Young (Allocation Failure)
[862.450s][debug][gc,phases      ] GC(68) Scavenge 6.145ms
[862.450s][debug][gc,ref         ] GC(68) Skipped phase 1 of Reference Processing: no references
[862.450s][debug][gc,ref         ] GC(68) ReferenceProcessor::execute queues: 1, RefProcThreadModel::Single, marks_oops_alive: false
[862.450s][debug][gc,ref         ] GC(68) Skipped phase 3 of Reference Processing: no references
[862.450s][debug][gc,ref         ] GC(68) ReferenceProcessor::execute queues: 1, RefProcThreadModel::Single, marks_oops_alive: false
[862.450s][debug][gc,phases      ] GC(68) Reference Processing 0.130ms
[862.451s][debug][gc,phases      ] GC(68)   VM Weak                        Min:  0.0, Avg:  0.0, Max:  0.0, Diff:  0.0, Sum:  0.0, Workers: 4
[862.451s][debug][gc,phases      ] GC(68)     Dead                           Min: 0, Avg:  0.0, Max: 0, Diff: 0, Sum: 0, Workers: 4
[862.451s][debug][gc,phases      ] GC(68)     Total                          Min: 0, Avg: 210.8, Max: 704, Diff: 704, Sum: 843, Workers: 4
[862.451s][debug][gc,phases      ] GC(68)   ObjectSynchronizer Weak        Min:  0.0, Avg:  0.0, Max:  0.0, Diff:  0.0, Sum:  0.0, Workers: 4
[862.451s][debug][gc,phases      ] GC(68)     Dead                           Min: 0, Avg:  0.0, Max: 0, Diff: 0, Sum: 0, Workers: 4
[862.451s][debug][gc,phases      ] GC(68)     Total                          Min: 0, Avg: 14.8, Max: 59, Diff: 59, Sum: 59, Workers: 4
[862.451s][debug][gc,phases      ] GC(68)   JVMTI Tag Weak OopStorage      Min:  0.0, Avg:  0.0, Max:  0.0, Diff:  0.0, Sum:  0.0, Workers: 4
[862.451s][debug][gc,phases      ] GC(68)     Dead                           Min: 0, Avg:  0.0, Max: 0, Diff: 0, Sum: 0, Workers: 4
[862.451s][debug][gc,phases      ] GC(68)     Total                          Min: 0, Avg:  0.0, Max: 0, Diff: 0, Sum: 0, Workers: 4
[862.451s][debug][gc,phases      ] GC(68)   StringTable Weak               Min:  0.0, Avg:  0.1, Max:  0.2, Diff:  0.2, Sum:  0.4, Workers: 4
[862.451s][debug][gc,phases      ] GC(68)     Dead                           Min: 0, Avg:  0.0, Max: 0, Diff: 0, Sum: 0, Workers: 4
[862.451s][debug][gc,phases      ] GC(68)     Total                          Min: 0, Avg: 11018.2, Max: 22186, Diff: 22186, Sum: 44073, Workers: 4
[862.451s][debug][gc,phases      ] GC(68)   ResolvedMethodTable Weak       Min:  0.0, Avg:  0.0, Max:  0.0, Diff:  0.0, Sum:  0.1, Workers: 4
[862.451s][debug][gc,phases      ] GC(68)     Dead                           Min: 0, Avg:  0.0, Max: 0, Diff: 0, Sum: 0, Workers: 4
[862.451s][debug][gc,phases      ] GC(68)     Total                          Min: 0, Avg: 2431.0, Max: 4924, Diff: 4924, Sum: 9724, Workers: 4
[862.451s][debug][gc,phases      ] GC(68)   JNI Weak                       Min:  0.0, Avg:  0.0, Max:  0.0, Diff:  0.0, Sum:  0.0, Workers: 4
[862.451s][debug][gc,phases      ] GC(68)     Dead                           Min: 0, Avg:  0.0, Max: 0, Diff: 0, Sum: 0, Workers: 4
[862.451s][debug][gc,phases      ] GC(68)     Total                          Min: 0, Avg: 11.2, Max: 45, Diff: 45, Sum: 45, Workers: 4
[862.451s][debug][gc,phases      ] GC(68)   StringDedup Table Weak         Min:  0.0, Avg:  0.0, Max:  0.0, Diff:  0.0, Sum:  0.0, Workers: 4
[862.451s][debug][gc,phases      ] GC(68)     Dead                           Min: 0, Avg:  0.0, Max: 0, Diff: 0, Sum: 0, Workers: 4
[862.451s][debug][gc,phases      ] GC(68)     Total                          Min: 0, Avg:  0.0, Max: 0, Diff: 0, Sum: 0, Workers: 4
[862.451s][debug][gc,phases      ] GC(68)   StringDedup Requests0 Weak     Min:  0.0, Avg:  0.0, Max:  0.0, Diff:  0.0, Sum:  0.0, Workers: 4
[862.451s][debug][gc,phases      ] GC(68)     Dead                           Min: 0, Avg:  0.0, Max: 0, Diff: 0, Sum: 0, Workers: 4
[862.451s][debug][gc,phases      ] GC(68)     Total                          Min: 0, Avg:  0.0, Max: 0, Diff: 0, Sum: 0, Workers: 4
[862.451s][debug][gc,phases      ] GC(68)   StringDedup Requests1 Weak     Min:  0.0, Avg:  0.0, Max:  0.0, Diff:  0.0, Sum:  0.0, Workers: 4
[862.451s][debug][gc,phases      ] GC(68)     Dead                           Min: 0, Avg:  0.0, Max: 0, Diff: 0, Sum: 0, Workers: 4
[862.451s][debug][gc,phases      ] GC(68)     Total                          Min: 0, Avg:  0.0, Max: 0, Diff: 0, Sum: 0, Workers: 4
[862.451s][debug][gc,phases      ] GC(68)   Weak JFR Old Object Samples    Min:  0.0, Avg:  0.0, Max:  0.0, Diff:  0.0, Sum:  0.0, Workers: 4
[862.451s][debug][gc,phases      ] GC(68)     Dead                           Min: 0, Avg:  0.0, Max: 0, Diff: 0, Sum: 0, Workers: 4
[862.451s][debug][gc,phases      ] GC(68)     Total                          Min: 0, Avg:  0.0, Max: 0, Diff: 0, Sum: 0, Workers: 4
[862.451s][debug][gc,phases      ] GC(68) Weak Processing 0.507ms
[862.451s][debug][gc,age         ] GC(68) Desired survivor size 44040192 bytes, new threshold 15 (max threshold 15)
[862.451s][info ][gc,heap        ] GC(68) PSYoungGen: 2007142K(2051072K)->3216K(2048000K) Eden: 2001920K(2001920K)->0K(2001920K) From: 5222K(49152K)->3216K(46080K)
[862.451s][info ][gc,heap        ] GC(68) ParOldGen: 354323K(458752K)->356287K(458752K)
[862.451s][info ][gc,metaspace   ] GC(68) Metaspace: 82367K(83456K)->82367K(83456K) NonClass: 70494K(71104K)->70494K(71104K) Class: 11872K(12352K)->11872K(12352K)
[862.451s][info ][gc             ] GC(68) Pause Young (Allocation Failure) 2306M->351M(2448M) 6.911ms
[862.451s][info ][gc,cpu         ] GC(68) User=0.02s Sys=0.00s Real=0.01s
[862.451s][info ][safepoint      ] Safepoint "ParallelGCFailedAllocation", Time since last: 744196470 ns, Reaching safepoint: 33500 ns, At safepoint: 6983071 ns, Total: 7016571 ns
[864.451s][info ][safepoint      ] Safepoint "Cleanup", Time since last: 2000164856 ns, Reaching safepoint: 107800 ns, At safepoint: 6200 ns, Total: 114000 ns
[865.451s][info ][safepoint      ] Safepoint "Cleanup", Time since last: 1000104224 ns, Reaching safepoint: 38100 ns, At safepoint: 2800 ns, Total: 40900 ns
[869.452s][info ][safepoint      ] Safepoint "Cleanup", Time since last: 4000322284 ns, Reaching safepoint: 39000 ns, At safepoint: 3000 ns, Total: 42000 ns
[877.942s][info ][gc,start       ] GC(69) Pause Young (Allocation Failure)
[877.948s][debug][gc,phases      ] GC(69) Scavenge 6.168ms
[877.948s][debug][gc,ref         ] GC(69) Skipped phase 1 of Reference Processing: no references
[877.948s][debug][gc,ref         ] GC(69) ReferenceProcessor::execute queues: 1, RefProcThreadModel::Single, marks_oops_alive: false
[877.948s][debug][gc,ref         ] GC(69) Skipped phase 3 of Reference Processing: no references
[877.948s][debug][gc,ref         ] GC(69) ReferenceProcessor::execute queues: 1, RefProcThreadModel::Single, marks_oops_alive: false
[877.948s][debug][gc,phases      ] GC(69) Reference Processing 0.120ms
[877.948s][debug][gc,phases      ] GC(69)   VM Weak                        Min:  0.0, Avg:  0.0, Max:  0.0, Diff:  0.0, Sum:  0.0, Workers: 4
[877.948s][debug][gc,phases      ] GC(69)     Dead                           Min: 0, Avg:  0.0, Max: 0, Diff: 0, Sum: 0, Workers: 4
[877.948s][debug][gc,phases      ] GC(69)     Total                          Min: 0, Avg: 210.8, Max: 779, Diff: 779, Sum: 843, Workers: 4
[877.948s][debug][gc,phases      ] GC(69)   ObjectSynchronizer Weak        Min:  0.0, Avg:  0.0, Max:  0.0, Diff:  0.0, Sum:  0.0, Workers: 4
[877.948s][debug][gc,phases      ] GC(69)     Dead                           Min: 0, Avg:  0.0, Max: 0, Diff: 0, Sum: 0, Workers: 4
[877.948s][debug][gc,phases      ] GC(69)     Total                          Min: 0, Avg: 14.8, Max: 59, Diff: 59, Sum: 59, Workers: 4
[877.948s][debug][gc,phases      ] GC(69)   JVMTI Tag Weak OopStorage      Min:  0.0, Avg:  0.0, Max:  0.0, Diff:  0.0, Sum:  0.0, Workers: 4
[877.948s][debug][gc,phases      ] GC(69)     Dead                           Min: 0, Avg:  0.0, Max: 0, Diff: 0, Sum: 0, Workers: 4
[877.948s][debug][gc,phases      ] GC(69)     Total                          Min: 0, Avg:  0.0, Max: 0, Diff: 0, Sum: 0, Workers: 4
[877.948s][debug][gc,phases      ] GC(69)   StringTable Weak               Min:  0.0, Avg:  0.1, Max:  0.2, Diff:  0.2, Sum:  0.3, Workers: 4
[877.948s][debug][gc,phases      ] GC(69)     Dead                           Min: 0, Avg:  0.0, Max: 0, Diff: 0, Sum: 0, Workers: 4
[877.948s][debug][gc,phases      ] GC(69)     Total                          Min: 0, Avg: 11018.2, Max: 26793, Diff: 26793, Sum: 44073, Workers: 4
[877.948s][debug][gc,phases      ] GC(69)   ResolvedMethodTable Weak       Min:  0.0, Avg:  0.0, Max:  0.0, Diff:  0.0, Sum:  0.1, Workers: 4
[877.948s][debug][gc,phases      ] GC(69)     Dead                           Min: 0, Avg:  0.0, Max: 0, Diff: 0, Sum: 0, Workers: 4
[877.948s][debug][gc,phases      ] GC(69)     Total                          Min: 0, Avg: 2431.0, Max: 5884, Diff: 5884, Sum: 9724, Workers: 4
[877.948s][debug][gc,phases      ] GC(69)   JNI Weak                       Min:  0.0, Avg:  0.0, Max:  0.0, Diff:  0.0, Sum:  0.0, Workers: 4
[877.948s][debug][gc,phases      ] GC(69)     Dead                           Min: 0, Avg:  0.0, Max: 0, Diff: 0, Sum: 0, Workers: 4
[877.948s][debug][gc,phases      ] GC(69)     Total                          Min: 0, Avg: 11.2, Max: 45, Diff: 45, Sum: 45, Workers: 4
[877.948s][debug][gc,phases      ] GC(69)   StringDedup Table Weak         Min:  0.0, Avg:  0.0, Max:  0.0, Diff:  0.0, Sum:  0.0, Workers: 4
[877.948s][debug][gc,phases      ] GC(69)     Dead                           Min: 0, Avg:  0.0, Max: 0, Diff: 0, Sum: 0, Workers: 4
[877.948s][debug][gc,phases      ] GC(69)     Total                          Min: 0, Avg:  0.0, Max: 0, Diff: 0, Sum: 0, Workers: 4
[877.948s][debug][gc,phases      ] GC(69)   StringDedup Requests0 Weak     Min:  0.0, Avg:  0.0, Max:  0.0, Diff:  0.0, Sum:  0.0, Workers: 4
[877.948s][debug][gc,phases      ] GC(69)     Dead                           Min: 0, Avg:  0.0, Max: 0, Diff: 0, Sum: 0, Workers: 4
[877.948s][debug][gc,phases      ] GC(69)     Total                          Min: 0, Avg:  0.0, Max: 0, Diff: 0, Sum: 0, Workers: 4
[877.948s][debug][gc,phases      ] GC(69)   StringDedup Requests1 Weak     Min:  0.0, Avg:  0.0, Max:  0.0, Diff:  0.0, Sum:  0.0, Workers: 4
[877.948s][debug][gc,phases      ] GC(69)     Dead                           Min: 0, Avg:  0.0, Max: 0, Diff: 0, Sum: 0, Workers: 4
[877.948s][debug][gc,phases      ] GC(69)     Total                          Min: 0, Avg:  0.0, Max: 0, Diff: 0, Sum: 0, Workers: 4
[877.948s][debug][gc,phases      ] GC(69)   Weak JFR Old Object Samples    Min:  0.0, Avg:  0.0, Max:  0.0, Diff:  0.0, Sum:  0.0, Workers: 4
[877.948s][debug][gc,phases      ] GC(69)     Dead                           Min: 0, Avg:  0.0, Max: 0, Diff: 0, Sum: 0, Workers: 4
[877.948s][debug][gc,phases      ] GC(69)     Total                          Min: 0, Avg:  0.0, Max: 0, Diff: 0, Sum: 0, Workers: 4
[877.948s][debug][gc,phases      ] GC(69) Weak Processing 0.378ms
[877.948s][debug][gc,age         ] GC(69) Desired survivor size 41418752 bytes, new threshold 15 (max threshold 15)
[877.948s][info ][gc,heap        ] GC(69) PSYoungGen: 2005136K(2048000K)->3168K(2056704K) Eden: 2001920K(2001920K)->0K(2013696K) From: 3216K(46080K)->3168K(43008K)
[877.948s][info ][gc,heap        ] GC(69) ParOldGen: 356287K(458752K)->356375K(458752K)
[877.948s][info ][gc,metaspace   ] GC(69) Metaspace: 82368K(83456K)->82368K(83456K) NonClass: 70495K(71104K)->70495K(71104K) Class: 11872K(12352K)->11872K(12352K)
[877.948s][info ][gc             ] GC(69) Pause Young (Allocation Failure) 2306M->351M(2456M) 6.789ms
[877.948s][info ][gc,cpu         ] GC(69) User=0.01s Sys=0.00s Real=0.01s
[877.949s][info ][safepoint      ] Safepoint "ParallelGCFailedAllocation", Time since last: 8489700865 ns, Reaching safepoint: 116399 ns, At safepoint: 6895972 ns, Total: 7012371 ns
[879.949s][info ][safepoint      ] Safepoint "Cleanup", Time since last: 2000120639 ns, Reaching safepoint: 114200 ns, At safepoint: 7800 ns, Total: 122000 ns
[880.949s][info ][safepoint      ] Safepoint "Cleanup", Time since last: 1000131419 ns, Reaching safepoint: 118499 ns, At safepoint: 6100 ns, Total: 124599 ns
[882.949s][info ][safepoint      ] Safepoint "Cleanup", Time since last: 2000181719 ns, Reaching safepoint: 113699 ns, At safepoint: 7400 ns, Total: 121099 ns
[889.950s][info ][safepoint      ] Safepoint "Cleanup", Time since last: 7000497223 ns, Reaching safepoint: 128399 ns, At safepoint: 10200 ns, Total: 138599 ns
[893.446s][info ][gc,start       ] GC(70) Pause Young (Allocation Failure)
[893.452s][debug][gc,phases      ] GC(70) Scavenge 5.882ms
[893.452s][debug][gc,ref         ] GC(70) Skipped phase 1 of Reference Processing: no references
[893.452s][debug][gc,ref         ] GC(70) ReferenceProcessor::execute queues: 1, RefProcThreadModel::Single, marks_oops_alive: false
[893.452s][debug][gc,ref         ] GC(70) Skipped phase 3 of Reference Processing: no references
[893.452s][debug][gc,ref         ] GC(70) ReferenceProcessor::execute queues: 1, RefProcThreadModel::Single, marks_oops_alive: false
[893.452s][debug][gc,phases      ] GC(70) Reference Processing 0.097ms
[893.452s][debug][gc,phases      ] GC(70)   VM Weak                        Min:  0.0, Avg:  0.0, Max:  0.0, Diff:  0.0, Sum:  0.0, Workers: 4
[893.452s][debug][gc,phases      ] GC(70)     Dead                           Min: 0, Avg:  0.0, Max: 0, Diff: 0, Sum: 0, Workers: 4
[893.452s][debug][gc,phases      ] GC(70)     Total                          Min: 0, Avg: 210.8, Max: 523, Diff: 523, Sum: 843, Workers: 4
[893.452s][debug][gc,phases      ] GC(70)   ObjectSynchronizer Weak        Min:  0.0, Avg:  0.0, Max:  0.0, Diff:  0.0, Sum:  0.0, Workers: 4
[893.452s][debug][gc,phases      ] GC(70)     Dead                           Min: 0, Avg:  0.0, Max: 0, Diff: 0, Sum: 0, Workers: 4
[893.452s][debug][gc,phases      ] GC(70)     Total                          Min: 0, Avg: 14.8, Max: 59, Diff: 59, Sum: 59, Workers: 4
[893.452s][debug][gc,phases      ] GC(70)   JVMTI Tag Weak OopStorage      Min:  0.0, Avg:  0.0, Max:  0.0, Diff:  0.0, Sum:  0.0, Workers: 4
[893.452s][debug][gc,phases      ] GC(70)     Dead                           Min: 0, Avg:  0.0, Max: 0, Diff: 0, Sum: 0, Workers: 4
[893.452s][debug][gc,phases      ] GC(70)     Total                          Min: 0, Avg:  0.0, Max: 0, Diff: 0, Sum: 0, Workers: 4
[893.452s][debug][gc,phases      ] GC(70)   StringTable Weak               Min:  0.0, Avg:  0.1, Max:  0.2, Diff:  0.2, Sum:  0.3, Workers: 4
[893.452s][debug][gc,phases      ] GC(70)     Dead                           Min: 0, Avg:  0.0, Max: 0, Diff: 0, Sum: 0, Workers: 4
[893.452s][debug][gc,phases      ] GC(70)     Total                          Min: 0, Avg: 11018.5, Max: 27114, Diff: 27114, Sum: 44074, Workers: 4
[893.452s][debug][gc,phases      ] GC(70)   ResolvedMethodTable Weak       Min:  0.0, Avg:  0.0, Max:  0.0, Diff:  0.0, Sum:  0.1, Workers: 4
[893.452s][debug][gc,phases      ] GC(70)     Dead                           Min: 0, Avg:  0.0, Max: 0, Diff: 0, Sum: 0, Workers: 4
[893.452s][debug][gc,phases      ] GC(70)     Total                          Min: 0, Avg: 2431.0, Max: 5568, Diff: 5568, Sum: 9724, Workers: 4
[893.452s][debug][gc,phases      ] GC(70)   JNI Weak                       Min:  0.0, Avg:  0.0, Max:  0.0, Diff:  0.0, Sum:  0.0, Workers: 4
[893.452s][debug][gc,phases      ] GC(70)     Dead                           Min: 0, Avg:  0.0, Max: 0, Diff: 0, Sum: 0, Workers: 4
[893.452s][debug][gc,phases      ] GC(70)     Total                          Min: 0, Avg: 11.2, Max: 45, Diff: 45, Sum: 45, Workers: 4
[893.452s][debug][gc,phases      ] GC(70)   StringDedup Table Weak         Min:  0.0, Avg:  0.0, Max:  0.0, Diff:  0.0, Sum:  0.0, Workers: 4
[893.452s][debug][gc,phases      ] GC(70)     Dead                           Min: 0, Avg:  0.0, Max: 0, Diff: 0, Sum: 0, Workers: 4
[893.452s][debug][gc,phases      ] GC(70)     Total                          Min: 0, Avg:  0.0, Max: 0, Diff: 0, Sum: 0, Workers: 4
[893.452s][debug][gc,phases      ] GC(70)   StringDedup Requests0 Weak     Min:  0.0, Avg:  0.0, Max:  0.0, Diff:  0.0, Sum:  0.0, Workers: 4
[893.452s][debug][gc,phases      ] GC(70)     Dead                           Min: 0, Avg:  0.0, Max: 0, Diff: 0, Sum: 0, Workers: 4
[893.452s][debug][gc,phases      ] GC(70)     Total                          Min: 0, Avg:  0.0, Max: 0, Diff: 0, Sum: 0, Workers: 4
[893.452s][debug][gc,phases      ] GC(70)   StringDedup Requests1 Weak     Min:  0.0, Avg:  0.0, Max:  0.0, Diff:  0.0, Sum:  0.0, Workers: 4
[893.452s][debug][gc,phases      ] GC(70)     Dead                           Min: 0, Avg:  0.0, Max: 0, Diff: 0, Sum: 0, Workers: 4
[893.452s][debug][gc,phases      ] GC(70)     Total                          Min: 0, Avg:  0.0, Max: 0, Diff: 0, Sum: 0, Workers: 4
[893.452s][debug][gc,phases      ] GC(70)   Weak JFR Old Object Samples    Min:  0.0, Avg:  0.0, Max:  0.0, Diff:  0.0, Sum:  0.0, Workers: 4
[893.452s][debug][gc,phases      ] GC(70)     Dead                           Min: 0, Avg:  0.0, Max: 0, Diff: 0, Sum: 0, Workers: 4
[893.452s][debug][gc,phases      ] GC(70)     Total                          Min: 0, Avg:  0.0, Max: 0, Diff: 0, Sum: 0, Workers: 4
[893.452s][debug][gc,phases      ] GC(70) Weak Processing 0.355ms
[893.452s][debug][gc,age         ] GC(70) Desired survivor size 39321600 bytes, new threshold 15 (max threshold 15)
[893.452s][info ][gc,heap        ] GC(70) PSYoungGen: 2016864K(2056704K)->3136K(2054144K) Eden: 2013696K(2013696K)->0K(2013696K) From: 3168K(43008K)->3136K(40448K)
[893.452s][info ][gc,heap        ] GC(70) ParOldGen: 356375K(458752K)->356435K(458752K)
[893.452s][info ][gc,metaspace   ] GC(70) Metaspace: 82372K(83456K)->82372K(83456K) NonClass: 70500K(71104K)->70500K(71104K) Class: 11872K(12352K)->11872K(12352K)
[893.452s][info ][gc             ] GC(70) Pause Young (Allocation Failure) 2317M->351M(2454M) 6.435ms
[893.452s][info ][gc,cpu         ] GC(70) User=0.01s Sys=0.00s Real=0.01s
[893.452s][info ][safepoint      ] Safepoint "ParallelGCFailedAllocation", Time since last: 3495852299 ns, Reaching safepoint: 48399 ns, At safepoint: 6496574 ns, Total: 6544973 ns
[898.453s][info ][safepoint      ] Safepoint "Cleanup", Time since last: 5000373973 ns, Reaching safepoint: 47400 ns, At safepoint: 6400 ns, Total: 53800 ns
[899.453s][info ][safepoint      ] Safepoint "Cleanup", Time since last: 1000116627 ns, Reaching safepoint: 29400 ns, At safepoint: 2900 ns, Total: 32300 ns
[900.453s][info ][safepoint      ] Safepoint "Cleanup", Time since last: 1000107228 ns, Reaching safepoint: 44100 ns, At safepoint: 2200 ns, Total: 46300 ns
[904.493s][info ][safepoint      ] Safepoint "Cleanup", Time since last: 4039865851 ns, Reaching safepoint: 123999 ns, At safepoint: 5600 ns, Total: 129599 ns
[907.493s][info ][safepoint      ] Safepoint "Cleanup", Time since last: 3000267684 ns, Reaching safepoint: 125199 ns, At safepoint: 6000 ns, Total: 131199 ns
[909.293s][info ][gc,start       ] GC(71) Pause Young (Allocation Failure)
[909.299s][debug][gc,phases      ] GC(71) Scavenge 5.520ms
[909.299s][debug][gc,ref         ] GC(71) Skipped phase 1 of Reference Processing: no references
[909.299s][debug][gc,ref         ] GC(71) ReferenceProcessor::execute queues: 1, RefProcThreadModel::Single, marks_oops_alive: false
[909.299s][debug][gc,ref         ] GC(71) Skipped phase 3 of Reference Processing: no references
[909.299s][debug][gc,ref         ] GC(71) ReferenceProcessor::execute queues: 1, RefProcThreadModel::Single, marks_oops_alive: false
[909.299s][debug][gc,phases      ] GC(71) Reference Processing 0.095ms
[909.299s][debug][gc,phases      ] GC(71)   VM Weak                        Min:  0.0, Avg:  0.0, Max:  0.0, Diff:  0.0, Sum:  0.0, Workers: 4
[909.299s][debug][gc,phases      ] GC(71)     Dead                           Min: 0, Avg:  0.0, Max: 0, Diff: 0, Sum: 0, Workers: 4
[909.299s][debug][gc,phases      ] GC(71)     Total                          Min: 0, Avg: 210.8, Max: 512, Diff: 512, Sum: 843, Workers: 4
[909.299s][debug][gc,phases      ] GC(71)   ObjectSynchronizer Weak        Min:  0.0, Avg:  0.0, Max:  0.0, Diff:  0.0, Sum:  0.0, Workers: 4
[909.299s][debug][gc,phases      ] GC(71)     Dead                           Min: 0, Avg:  0.0, Max: 0, Diff: 0, Sum: 0, Workers: 4
[909.299s][debug][gc,phases      ] GC(71)     Total                          Min: 0, Avg: 14.8, Max: 59, Diff: 59, Sum: 59, Workers: 4
[909.299s][debug][gc,phases      ] GC(71)   JVMTI Tag Weak OopStorage      Min:  0.0, Avg:  0.0, Max:  0.0, Diff:  0.0, Sum:  0.0, Workers: 4
[909.299s][debug][gc,phases      ] GC(71)     Dead                           Min: 0, Avg:  0.0, Max: 0, Diff: 0, Sum: 0, Workers: 4
[909.299s][debug][gc,phases      ] GC(71)     Total                          Min: 0, Avg:  0.0, Max: 0, Diff: 0, Sum: 0, Workers: 4
[909.299s][debug][gc,phases      ] GC(71)   StringTable Weak               Min:  0.0, Avg:  0.1, Max:  0.2, Diff:  0.2, Sum:  0.3, Workers: 4
[909.299s][debug][gc,phases      ] GC(71)     Dead                           Min: 0, Avg:  0.0, Max: 0, Diff: 0, Sum: 0, Workers: 4
[909.299s][debug][gc,phases      ] GC(71)     Total                          Min: 0, Avg: 11018.5, Max: 29119, Diff: 29119, Sum: 44074, Workers: 4
[909.299s][debug][gc,phases      ] GC(71)   ResolvedMethodTable Weak       Min:  0.0, Avg:  0.0, Max:  0.0, Diff:  0.0, Sum:  0.1, Workers: 4
[909.299s][debug][gc,phases      ] GC(71)     Dead                           Min: 0, Avg:  0.0, Max: 0, Diff: 0, Sum: 0, Workers: 4
[909.299s][debug][gc,phases      ] GC(71)     Total                          Min: 0, Avg: 2431.0, Max: 5824, Diff: 5824, Sum: 9724, Workers: 4
[909.299s][debug][gc,phases      ] GC(71)   JNI Weak                       Min:  0.0, Avg:  0.0, Max:  0.0, Diff:  0.0, Sum:  0.0, Workers: 4
[909.299s][debug][gc,phases      ] GC(71)     Dead                           Min: 0, Avg:  0.0, Max: 0, Diff: 0, Sum: 0, Workers: 4
[909.299s][debug][gc,phases      ] GC(71)     Total                          Min: 0, Avg: 11.2, Max: 45, Diff: 45, Sum: 45, Workers: 4
[909.299s][debug][gc,phases      ] GC(71)   StringDedup Table Weak         Min:  0.0, Avg:  0.0, Max:  0.0, Diff:  0.0, Sum:  0.0, Workers: 4
[909.299s][debug][gc,phases      ] GC(71)     Dead                           Min: 0, Avg:  0.0, Max: 0, Diff: 0, Sum: 0, Workers: 4
[909.299s][debug][gc,phases      ] GC(71)     Total                          Min: 0, Avg:  0.0, Max: 0, Diff: 0, Sum: 0, Workers: 4
[909.299s][debug][gc,phases      ] GC(71)   StringDedup Requests0 Weak     Min:  0.0, Avg:  0.0, Max:  0.0, Diff:  0.0, Sum:  0.0, Workers: 4
[909.299s][debug][gc,phases      ] GC(71)     Dead                           Min: 0, Avg:  0.0, Max: 0, Diff: 0, Sum: 0, Workers: 4
[909.299s][debug][gc,phases      ] GC(71)     Total                          Min: 0, Avg:  0.0, Max: 0, Diff: 0, Sum: 0, Workers: 4
[909.299s][debug][gc,phases      ] GC(71)   StringDedup Requests1 Weak     Min:  0.0, Avg:  0.0, Max:  0.0, Diff:  0.0, Sum:  0.0, Workers: 4
[909.299s][debug][gc,phases      ] GC(71)     Dead                           Min: 0, Avg:  0.0, Max: 0, Diff: 0, Sum: 0, Workers: 4
[909.299s][debug][gc,phases      ] GC(71)     Total                          Min: 0, Avg:  0.0, Max: 0, Diff: 0, Sum: 0, Workers: 4
[909.299s][debug][gc,phases      ] GC(71)   Weak JFR Old Object Samples    Min:  0.0, Avg:  0.0, Max:  0.0, Diff:  0.0, Sum:  0.0, Workers: 4
[909.299s][debug][gc,phases      ] GC(71)     Dead                           Min: 0, Avg:  0.0, Max: 0, Diff: 0, Sum: 0, Workers: 4
[909.299s][debug][gc,phases      ] GC(71)     Total                          Min: 0, Avg:  0.0, Max: 0, Diff: 0, Sum: 0, Workers: 4
[909.299s][debug][gc,phases      ] GC(71) Weak Processing 0.365ms
[909.299s][debug][gc,age         ] GC(71) Desired survivor size 36700160 bytes, new threshold 15 (max threshold 15)
[909.299s][info ][gc,heap        ] GC(71) PSYoungGen: 2016832K(2054144K)->3104K(2061312K) Eden: 2013696K(2013696K)->0K(2022912K) From: 3136K(40448K)->3104K(38400K)
[909.299s][info ][gc,heap        ] GC(71) ParOldGen: 356435K(458752K)->356459K(458752K)
[909.299s][info ][gc,metaspace   ] GC(71) Metaspace: 82373K(83456K)->82373K(83456K) NonClass: 70500K(71104K)->70500K(71104K) Class: 11872K(12352K)->11872K(12352K)
[909.299s][info ][gc             ] GC(71) Pause Young (Allocation Failure) 2317M->351M(2461M) 6.089ms
[909.299s][info ][gc,cpu         ] GC(71) User=0.02s Sys=0.00s Real=0.01s
[909.299s][info ][safepoint      ] Safepoint "ParallelGCFailedAllocation", Time since last: 1799678973 ns, Reaching safepoint: 22699 ns, At safepoint: 6152175 ns, Total: 6174874 ns
[917.300s][info ][safepoint      ] Safepoint "Cleanup", Time since last: 8000560316 ns, Reaching safepoint: 50400 ns, At safepoint: 2900 ns, Total: 53300 ns
[920.301s][info ][safepoint      ] Safepoint "Cleanup", Time since last: 3001071944 ns, Reaching safepoint: 121399 ns, At safepoint: 6600 ns, Total: 127999 ns
[921.301s][info ][safepoint      ] Safepoint "Cleanup", Time since last: 1000110039 ns, Reaching safepoint: 41699 ns, At safepoint: 4700 ns, Total: 46399 ns
[924.999s][info ][gc,start       ] GC(72) Pause Young (Allocation Failure)
[925.005s][debug][gc,phases      ] GC(72) Scavenge 5.375ms
[925.005s][debug][gc,ref         ] GC(72) Skipped phase 1 of Reference Processing: no references
[925.005s][debug][gc,ref         ] GC(72) ReferenceProcessor::execute queues: 1, RefProcThreadModel::Single, marks_oops_alive: false
[925.005s][debug][gc,ref         ] GC(72) Skipped phase 3 of Reference Processing: no references
[925.005s][debug][gc,ref         ] GC(72) ReferenceProcessor::execute queues: 1, RefProcThreadModel::Single, marks_oops_alive: false
[925.005s][debug][gc,phases      ] GC(72) Reference Processing 0.097ms
[925.005s][debug][gc,phases      ] GC(72)   VM Weak                        Min:  0.0, Avg:  0.0, Max:  0.0, Diff:  0.0, Sum:  0.0, Workers: 4
[925.005s][debug][gc,phases      ] GC(72)     Dead                           Min: 0, Avg:  0.0, Max: 0, Diff: 0, Sum: 0, Workers: 4
[925.005s][debug][gc,phases      ] GC(72)     Total                          Min: 0, Avg: 210.8, Max: 384, Diff: 384, Sum: 843, Workers: 4
[925.005s][debug][gc,phases      ] GC(72)   ObjectSynchronizer Weak        Min:  0.0, Avg:  0.0, Max:  0.0, Diff:  0.0, Sum:  0.0, Workers: 4
[925.005s][debug][gc,phases      ] GC(72)     Dead                           Min: 0, Avg:  0.0, Max: 0, Diff: 0, Sum: 0, Workers: 4
[925.005s][debug][gc,phases      ] GC(72)     Total                          Min: 0, Avg: 14.8, Max: 59, Diff: 59, Sum: 59, Workers: 4
[925.005s][debug][gc,phases      ] GC(72)   JVMTI Tag Weak OopStorage      Min:  0.0, Avg:  0.0, Max:  0.0, Diff:  0.0, Sum:  0.0, Workers: 4
[925.005s][debug][gc,phases      ] GC(72)     Dead                           Min: 0, Avg:  0.0, Max: 0, Diff: 0, Sum: 0, Workers: 4
[925.005s][debug][gc,phases      ] GC(72)     Total                          Min: 0, Avg:  0.0, Max: 0, Diff: 0, Sum: 0, Workers: 4
[925.005s][debug][gc,phases      ] GC(72)   StringTable Weak               Min:  0.0, Avg:  0.1, Max:  0.1, Diff:  0.1, Sum:  0.4, Workers: 4
[925.005s][debug][gc,phases      ] GC(72)     Dead                           Min: 0, Avg:  0.0, Max: 0, Diff: 0, Sum: 0, Workers: 4
[925.005s][debug][gc,phases      ] GC(72)     Total                          Min: 0, Avg: 11020.0, Max: 14833, Diff: 14833, Sum: 44080, Workers: 4
[925.005s][debug][gc,phases      ] GC(72)   ResolvedMethodTable Weak       Min:  0.0, Avg:  0.0, Max:  0.0, Diff:  0.0, Sum:  0.1, Workers: 4
[925.005s][debug][gc,phases      ] GC(72)     Dead                           Min: 0, Avg:  0.0, Max: 0, Diff: 0, Sum: 0, Workers: 4
[925.005s][debug][gc,phases      ] GC(72)     Total                          Min: 0, Avg: 2431.0, Max: 3580, Diff: 3580, Sum: 9724, Workers: 4
[925.005s][debug][gc,phases      ] GC(72)   JNI Weak                       Min:  0.0, Avg:  0.0, Max:  0.0, Diff:  0.0, Sum:  0.0, Workers: 4
[925.005s][debug][gc,phases      ] GC(72)     Dead                           Min: 0, Avg:  0.0, Max: 0, Diff: 0, Sum: 0, Workers: 4
[925.005s][debug][gc,phases      ] GC(72)     Total                          Min: 0, Avg: 11.2, Max: 45, Diff: 45, Sum: 45, Workers: 4
[925.005s][debug][gc,phases      ] GC(72)   StringDedup Table Weak         Min:  0.0, Avg:  0.0, Max:  0.0, Diff:  0.0, Sum:  0.0, Workers: 4
[925.005s][debug][gc,phases      ] GC(72)     Dead                           Min: 0, Avg:  0.0, Max: 0, Diff: 0, Sum: 0, Workers: 4
[925.005s][debug][gc,phases      ] GC(72)     Total                          Min: 0, Avg:  0.0, Max: 0, Diff: 0, Sum: 0, Workers: 4
[925.005s][debug][gc,phases      ] GC(72)   StringDedup Requests0 Weak     Min:  0.0, Avg:  0.0, Max:  0.0, Diff:  0.0, Sum:  0.0, Workers: 4
[925.005s][debug][gc,phases      ] GC(72)     Dead                           Min: 0, Avg:  0.0, Max: 0, Diff: 0, Sum: 0, Workers: 4
[925.005s][debug][gc,phases      ] GC(72)     Total                          Min: 0, Avg:  0.0, Max: 0, Diff: 0, Sum: 0, Workers: 4
[925.005s][debug][gc,phases      ] GC(72)   StringDedup Requests1 Weak     Min:  0.0, Avg:  0.0, Max:  0.0, Diff:  0.0, Sum:  0.0, Workers: 4
[925.005s][debug][gc,phases      ] GC(72)     Dead                           Min: 0, Avg:  0.0, Max: 0, Diff: 0, Sum: 0, Workers: 4
[925.005s][debug][gc,phases      ] GC(72)     Total                          Min: 0, Avg:  0.0, Max: 0, Diff: 0, Sum: 0, Workers: 4
[925.005s][debug][gc,phases      ] GC(72)   Weak JFR Old Object Samples    Min:  0.0, Avg:  0.0, Max:  0.0, Diff:  0.0, Sum:  0.0, Workers: 4
[925.005s][debug][gc,phases      ] GC(72)     Dead                           Min: 0, Avg:  0.0, Max: 0, Diff: 0, Sum: 0, Workers: 4
[925.005s][debug][gc,phases      ] GC(72)     Total                          Min: 0, Avg:  0.0, Max: 0, Diff: 0, Sum: 0, Workers: 4
[925.005s][debug][gc,phases      ] GC(72) Weak Processing 0.329ms
[925.005s][debug][gc,age         ] GC(72) Desired survivor size 34603008 bytes, new threshold 15 (max threshold 15)
[925.005s][info ][gc,heap        ] GC(72) PSYoungGen: 2026016K(2061312K)->3120K(2058752K) Eden: 2022912K(2022912K)->0K(2022912K) From: 3104K(38400K)->3120K(35840K)
[925.005s][info ][gc,heap        ] GC(72) ParOldGen: 356459K(458752K)->356483K(458752K)
[925.005s][info ][gc,metaspace   ] GC(72) Metaspace: 82388K(83456K)->82388K(83456K) NonClass: 70515K(71104K)->70515K(71104K) Class: 11872K(12352K)->11872K(12352K)
[925.005s][info ][gc             ] GC(72) Pause Young (Allocation Failure) 2326M->351M(2458M) 5.901ms
[925.005s][info ][gc,cpu         ] GC(72) User=0.01s Sys=0.00s Real=0.00s
[925.005s][info ][safepoint      ] Safepoint "ParallelGCFailedAllocation", Time since last: 3697777001 ns, Reaching safepoint: 31400 ns, At safepoint: 5962176 ns, Total: 5993576 ns
[929.005s][info ][safepoint      ] Safepoint "Cleanup", Time since last: 4000271165 ns, Reaching safepoint: 36300 ns, At safepoint: 3300 ns, Total: 39600 ns
[940.596s][info ][gc,start       ] GC(73) Pause Young (Allocation Failure)
[940.602s][debug][gc,phases      ] GC(73) Scavenge 5.724ms
[940.602s][debug][gc,ref         ] GC(73) Skipped phase 1 of Reference Processing: no references
[940.602s][debug][gc,ref         ] GC(73) ReferenceProcessor::execute queues: 1, RefProcThreadModel::Single, marks_oops_alive: false
[940.602s][debug][gc,ref         ] GC(73) Skipped phase 3 of Reference Processing: no references
[940.602s][debug][gc,ref         ] GC(73) ReferenceProcessor::execute queues: 1, RefProcThreadModel::Single, marks_oops_alive: false
[940.602s][debug][gc,phases      ] GC(73) Reference Processing 0.128ms
[940.602s][debug][gc,phases      ] GC(73)   VM Weak                        Min:  0.0, Avg:  0.0, Max:  0.0, Diff:  0.0, Sum:  0.0, Workers: 4
[940.602s][debug][gc,phases      ] GC(73)     Dead                           Min: 0, Avg:  0.0, Max: 0, Diff: 0, Sum: 0, Workers: 4
[940.602s][debug][gc,phases      ] GC(73)     Total                          Min: 0, Avg: 210.8, Max: 448, Diff: 448, Sum: 843, Workers: 4
[940.602s][debug][gc,phases      ] GC(73)   ObjectSynchronizer Weak        Min:  0.0, Avg:  0.0, Max:  0.0, Diff:  0.0, Sum:  0.0, Workers: 4
[940.602s][debug][gc,phases      ] GC(73)     Dead                           Min: 0, Avg:  0.0, Max: 0, Diff: 0, Sum: 0, Workers: 4
[940.602s][debug][gc,phases      ] GC(73)     Total                          Min: 0, Avg: 14.8, Max: 59, Diff: 59, Sum: 59, Workers: 4
[940.602s][debug][gc,phases      ] GC(73)   JVMTI Tag Weak OopStorage      Min:  0.0, Avg:  0.0, Max:  0.0, Diff:  0.0, Sum:  0.0, Workers: 4
[940.602s][debug][gc,phases      ] GC(73)     Dead                           Min: 0, Avg:  0.0, Max: 0, Diff: 0, Sum: 0, Workers: 4
[940.602s][debug][gc,phases      ] GC(73)     Total                          Min: 0, Avg:  0.0, Max: 0, Diff: 0, Sum: 0, Workers: 4
[940.602s][debug][gc,phases      ] GC(73)   StringTable Weak               Min:  0.0, Avg:  0.1, Max:  0.2, Diff:  0.2, Sum:  0.4, Workers: 4
[940.602s][debug][gc,phases      ] GC(73)     Dead                           Min: 0, Avg:  0.0, Max: 0, Diff: 0, Sum: 0, Workers: 4
[940.602s][debug][gc,phases      ] GC(73)     Total                          Min: 0, Avg: 11020.0, Max: 21233, Diff: 21233, Sum: 44080, Workers: 4
[940.602s][debug][gc,phases      ] GC(73)   ResolvedMethodTable Weak       Min:  0.0, Avg:  0.0, Max:  0.0, Diff:  0.0, Sum:  0.1, Workers: 4
[940.602s][debug][gc,phases      ] GC(73)     Dead                           Min: 0, Avg:  0.0, Max: 0, Diff: 0, Sum: 0, Workers: 4
[940.602s][debug][gc,phases      ] GC(73)     Total                          Min: 0, Avg: 2431.0, Max: 3388, Diff: 3388, Sum: 9724, Workers: 4
[940.602s][debug][gc,phases      ] GC(73)   JNI Weak                       Min:  0.0, Avg:  0.0, Max:  0.0, Diff:  0.0, Sum:  0.0, Workers: 4
[940.602s][debug][gc,phases      ] GC(73)     Dead                           Min: 0, Avg:  0.0, Max: 0, Diff: 0, Sum: 0, Workers: 4
[940.602s][debug][gc,phases      ] GC(73)     Total                          Min: 0, Avg: 11.2, Max: 45, Diff: 45, Sum: 45, Workers: 4
[940.602s][debug][gc,phases      ] GC(73)   StringDedup Table Weak         Min:  0.0, Avg:  0.0, Max:  0.0, Diff:  0.0, Sum:  0.0, Workers: 4
[940.602s][debug][gc,phases      ] GC(73)     Dead                           Min: 0, Avg:  0.0, Max: 0, Diff: 0, Sum: 0, Workers: 4
[940.602s][debug][gc,phases      ] GC(73)     Total                          Min: 0, Avg:  0.0, Max: 0, Diff: 0, Sum: 0, Workers: 4
[940.602s][debug][gc,phases      ] GC(73)   StringDedup Requests0 Weak     Min:  0.0, Avg:  0.0, Max:  0.0, Diff:  0.0, Sum:  0.0, Workers: 4
[940.602s][debug][gc,phases      ] GC(73)     Dead                           Min: 0, Avg:  0.0, Max: 0, Diff: 0, Sum: 0, Workers: 4
[940.602s][debug][gc,phases      ] GC(73)     Total                          Min: 0, Avg:  0.0, Max: 0, Diff: 0, Sum: 0, Workers: 4
[940.602s][debug][gc,phases      ] GC(73)   StringDedup Requests1 Weak     Min:  0.0, Avg:  0.0, Max:  0.0, Diff:  0.0, Sum:  0.0, Workers: 4
[940.602s][debug][gc,phases      ] GC(73)     Dead                           Min: 0, Avg:  0.0, Max: 0, Diff: 0, Sum: 0, Workers: 4
[940.602s][debug][gc,phases      ] GC(73)     Total                          Min: 0, Avg:  0.0, Max: 0, Diff: 0, Sum: 0, Workers: 4
[940.602s][debug][gc,phases      ] GC(73)   Weak JFR Old Object Samples    Min:  0.0, Avg:  0.0, Max:  0.0, Diff:  0.0, Sum:  0.0, Workers: 4
[940.602s][debug][gc,phases      ] GC(73)     Dead                           Min: 0, Avg:  0.0, Max: 0, Diff: 0, Sum: 0, Workers: 4
[940.602s][debug][gc,phases      ] GC(73)     Total                          Min: 0, Avg:  0.0, Max: 0, Diff: 0, Sum: 0, Workers: 4
[940.602s][debug][gc,phases      ] GC(73) Weak Processing 0.527ms
[940.602s][debug][gc,age         ] GC(73) Desired survivor size 32505856 bytes, new threshold 15 (max threshold 15)
[940.602s][info ][gc,heap        ] GC(73) PSYoungGen: 2026032K(2058752K)->3104K(2065408K) Eden: 2022912K(2022912K)->0K(2031616K) From: 3120K(35840K)->3104K(33792K)
[940.602s][info ][gc,heap        ] GC(73) ParOldGen: 356483K(458752K)->356539K(458752K)
[940.602s][info ][gc,metaspace   ] GC(73) Metaspace: 82392K(83456K)->82392K(83456K) NonClass: 70519K(71104K)->70519K(71104K) Class: 11872K(12352K)->11872K(12352K)
[940.602s][info ][gc             ] GC(73) Pause Young (Allocation Failure) 2326M->351M(2465M) 6.571ms
[940.603s][info ][gc,cpu         ] GC(73) User=0.01s Sys=0.01s Real=0.00s
[940.603s][info ][safepoint      ] Safepoint "ParallelGCFailedAllocation", Time since last: 11590466896 ns, Reaching safepoint: 35100 ns, At safepoint: 6659473 ns, Total: 6694573 ns
[944.603s][info ][safepoint      ] Safepoint "Cleanup", Time since last: 4000273043 ns, Reaching safepoint: 51000 ns, At safepoint: 4000 ns, Total: 55000 ns
[951.603s][info ][safepoint      ] Safepoint "Cleanup", Time since last: 7000485569 ns, Reaching safepoint: 40700 ns, At safepoint: 4200 ns, Total: 44900 ns
[958.499s][info ][gc,start       ] GC(74) Pause Young (Allocation Failure)
[958.506s][debug][gc,phases      ] GC(74) Scavenge 6.656ms
[958.506s][debug][gc,ref         ] GC(74) Skipped phase 1 of Reference Processing: no references
[958.506s][debug][gc,ref         ] GC(74) ReferenceProcessor::execute queues: 1, RefProcThreadModel::Single, marks_oops_alive: false
[958.506s][debug][gc,ref         ] GC(74) Skipped phase 3 of Reference Processing: no references
[958.506s][debug][gc,ref         ] GC(74) ReferenceProcessor::execute queues: 1, RefProcThreadModel::Single, marks_oops_alive: false
[958.506s][debug][gc,phases      ] GC(74) Reference Processing 0.096ms
[958.506s][debug][gc,phases      ] GC(74)   VM Weak                        Min:  0.0, Avg:  0.0, Max:  0.0, Diff:  0.0, Sum:  0.0, Workers: 4
[958.506s][debug][gc,phases      ] GC(74)     Dead                           Min: 0, Avg:  0.0, Max: 0, Diff: 0, Sum: 0, Workers: 4
[958.506s][debug][gc,phases      ] GC(74)     Total                          Min: 0, Avg: 210.8, Max: 523, Diff: 523, Sum: 843, Workers: 4
[958.506s][debug][gc,phases      ] GC(74)   ObjectSynchronizer Weak        Min:  0.0, Avg:  0.0, Max:  0.0, Diff:  0.0, Sum:  0.0, Workers: 4
[958.506s][debug][gc,phases      ] GC(74)     Dead                           Min: 0, Avg:  0.0, Max: 0, Diff: 0, Sum: 0, Workers: 4
[958.506s][debug][gc,phases      ] GC(74)     Total                          Min: 0, Avg: 14.8, Max: 59, Diff: 59, Sum: 59, Workers: 4
[958.506s][debug][gc,phases      ] GC(74)   JVMTI Tag Weak OopStorage      Min:  0.0, Avg:  0.0, Max:  0.0, Diff:  0.0, Sum:  0.0, Workers: 4
[958.506s][debug][gc,phases      ] GC(74)     Dead                           Min: 0, Avg:  0.0, Max: 0, Diff: 0, Sum: 0, Workers: 4
[958.506s][debug][gc,phases      ] GC(74)     Total                          Min: 0, Avg:  0.0, Max: 0, Diff: 0, Sum: 0, Workers: 4
[958.506s][debug][gc,phases      ] GC(74)   StringTable Weak               Min:  0.0, Avg:  0.1, Max:  0.2, Diff:  0.2, Sum:  0.3, Workers: 4
[958.506s][debug][gc,phases      ] GC(74)     Dead                           Min: 0, Avg:  0.0, Max: 0, Diff: 0, Sum: 0, Workers: 4
[958.506s][debug][gc,phases      ] GC(74)     Total                          Min: 0, Avg: 11020.2, Max: 25664, Diff: 25664, Sum: 44081, Workers: 4
[958.506s][debug][gc,phases      ] GC(74)   ResolvedMethodTable Weak       Min:  0.0, Avg:  0.0, Max:  0.0, Diff:  0.0, Sum:  0.1, Workers: 4
[958.506s][debug][gc,phases      ] GC(74)     Dead                           Min: 0, Avg:  0.0, Max: 0, Diff: 0, Sum: 0, Workers: 4
[958.506s][debug][gc,phases      ] GC(74)     Total                          Min: 0, Avg: 2431.0, Max: 3452, Diff: 3452, Sum: 9724, Workers: 4
[958.506s][debug][gc,phases      ] GC(74)   JNI Weak                       Min:  0.0, Avg:  0.0, Max:  0.0, Diff:  0.0, Sum:  0.0, Workers: 4
[958.506s][debug][gc,phases      ] GC(74)     Dead                           Min: 0, Avg:  0.0, Max: 0, Diff: 0, Sum: 0, Workers: 4
[958.506s][debug][gc,phases      ] GC(74)     Total                          Min: 0, Avg: 11.2, Max: 45, Diff: 45, Sum: 45, Workers: 4
[958.506s][debug][gc,phases      ] GC(74)   StringDedup Table Weak         Min:  0.0, Avg:  0.0, Max:  0.0, Diff:  0.0, Sum:  0.0, Workers: 4
[958.506s][debug][gc,phases      ] GC(74)     Dead                           Min: 0, Avg:  0.0, Max: 0, Diff: 0, Sum: 0, Workers: 4
[958.506s][debug][gc,phases      ] GC(74)     Total                          Min: 0, Avg:  0.0, Max: 0, Diff: 0, Sum: 0, Workers: 4
[958.506s][debug][gc,phases      ] GC(74)   StringDedup Requests0 Weak     Min:  0.0, Avg:  0.0, Max:  0.0, Diff:  0.0, Sum:  0.0, Workers: 4
[958.506s][debug][gc,phases      ] GC(74)     Dead                           Min: 0, Avg:  0.0, Max: 0, Diff: 0, Sum: 0, Workers: 4
[958.506s][debug][gc,phases      ] GC(74)     Total                          Min: 0, Avg:  0.0, Max: 0, Diff: 0, Sum: 0, Workers: 4
[958.506s][debug][gc,phases      ] GC(74)   StringDedup Requests1 Weak     Min:  0.0, Avg:  0.0, Max:  0.0, Diff:  0.0, Sum:  0.0, Workers: 4
[958.506s][debug][gc,phases      ] GC(74)     Dead                           Min: 0, Avg:  0.0, Max: 0, Diff: 0, Sum: 0, Workers: 4
[958.506s][debug][gc,phases      ] GC(74)     Total                          Min: 0, Avg:  0.0, Max: 0, Diff: 0, Sum: 0, Workers: 4
[958.506s][debug][gc,phases      ] GC(74)   Weak JFR Old Object Samples    Min:  0.0, Avg:  0.0, Max:  0.0, Diff:  0.0, Sum:  0.0, Workers: 4
[958.506s][debug][gc,phases      ] GC(74)     Dead                           Min: 0, Avg:  0.0, Max: 0, Diff: 0, Sum: 0, Workers: 4
[958.506s][debug][gc,phases      ] GC(74)     Total                          Min: 0, Avg:  0.0, Max: 0, Diff: 0, Sum: 0, Workers: 4
[958.506s][debug][gc,phases      ] GC(74) Weak Processing 0.359ms
[958.506s][debug][gc,age         ] GC(74) Desired survivor size 30408704 bytes, new threshold 15 (max threshold 15)
[958.506s][info ][gc,heap        ] GC(74) PSYoungGen: 2034720K(2065408K)->3040K(2063360K) Eden: 2031616K(2031616K)->0K(2031616K) From: 3104K(33792K)->3040K(31744K)
[958.506s][info ][gc,heap        ] GC(74) ParOldGen: 356539K(458752K)->356571K(458752K)
[958.506s][info ][gc,metaspace   ] GC(74) Metaspace: 82400K(83456K)->82400K(83456K) NonClass: 70528K(71104K)->70528K(71104K) Class: 11872K(12352K)->11872K(12352K)
[958.506s][info ][gc             ] GC(74) Pause Young (Allocation Failure) 2335M->351M(2463M) 7.217ms
[958.506s][info ][gc,cpu         ] GC(74) User=0.02s Sys=0.00s Real=0.01s
[958.506s][info ][safepoint      ] Safepoint "ParallelGCFailedAllocation", Time since last: 6895544268 ns, Reaching safepoint: 111799 ns, At safepoint: 7286071 ns, Total: 7397870 ns
[966.507s][info ][safepoint      ] Safepoint "Cleanup", Time since last: 8000533852 ns, Reaching safepoint: 35999 ns, At safepoint: 2800 ns, Total: 38799 ns
[969.507s][info ][safepoint      ] Safepoint "Cleanup", Time since last: 3000195752 ns, Reaching safepoint: 37900 ns, At safepoint: 2500 ns, Total: 40400 ns
[974.094s][info ][gc,start       ] GC(75) Pause Young (Allocation Failure)
[974.101s][debug][gc,phases      ] GC(75) Scavenge 6.771ms
[974.101s][debug][gc,ref         ] GC(75) Skipped phase 1 of Reference Processing: no references
[974.101s][debug][gc,ref         ] GC(75) ReferenceProcessor::execute queues: 1, RefProcThreadModel::Single, marks_oops_alive: false
[974.101s][debug][gc,ref         ] GC(75) Skipped phase 3 of Reference Processing: no references
[974.101s][debug][gc,ref         ] GC(75) ReferenceProcessor::execute queues: 1, RefProcThreadModel::Single, marks_oops_alive: false
[974.101s][debug][gc,phases      ] GC(75) Reference Processing 0.091ms
[974.101s][debug][gc,phases      ] GC(75)   VM Weak                        Min:  0.0, Avg:  0.0, Max:  0.0, Diff:  0.0, Sum:  0.0, Workers: 4
[974.101s][debug][gc,phases      ] GC(75)     Dead                           Min: 0, Avg:  0.0, Max: 0, Diff: 0, Sum: 0, Workers: 4
[974.101s][debug][gc,phases      ] GC(75)     Total                          Min: 0, Avg: 210.8, Max: 512, Diff: 512, Sum: 843, Workers: 4
[974.101s][debug][gc,phases      ] GC(75)   ObjectSynchronizer Weak        Min:  0.0, Avg:  0.0, Max:  0.0, Diff:  0.0, Sum:  0.0, Workers: 4
[974.101s][debug][gc,phases      ] GC(75)     Dead                           Min: 0, Avg:  0.0, Max: 0, Diff: 0, Sum: 0, Workers: 4
[974.101s][debug][gc,phases      ] GC(75)     Total                          Min: 0, Avg: 14.8, Max: 59, Diff: 59, Sum: 59, Workers: 4
[974.101s][debug][gc,phases      ] GC(75)   JVMTI Tag Weak OopStorage      Min:  0.0, Avg:  0.0, Max:  0.0, Diff:  0.0, Sum:  0.0, Workers: 4
[974.101s][debug][gc,phases      ] GC(75)     Dead                           Min: 0, Avg:  0.0, Max: 0, Diff: 0, Sum: 0, Workers: 4
[974.101s][debug][gc,phases      ] GC(75)     Total                          Min: 0, Avg:  0.0, Max: 0, Diff: 0, Sum: 0, Workers: 4
[974.101s][debug][gc,phases      ] GC(75)   StringTable Weak               Min:  0.0, Avg:  0.1, Max:  0.2, Diff:  0.2, Sum:  0.3, Workers: 4
[974.101s][debug][gc,phases      ] GC(75)     Dead                           Min: 0, Avg:  0.0, Max: 0, Diff: 0, Sum: 0, Workers: 4
[974.101s][debug][gc,phases      ] GC(75)     Total                          Min: 0, Avg: 11020.2, Max: 26367, Diff: 26367, Sum: 44081, Workers: 4
[974.101s][debug][gc,phases      ] GC(75)   ResolvedMethodTable Weak       Min:  0.0, Avg:  0.0, Max:  0.0, Diff:  0.0, Sum:  0.1, Workers: 4
[974.101s][debug][gc,phases      ] GC(75)     Dead                           Min: 0, Avg:  0.0, Max: 0, Diff: 0, Sum: 0, Workers: 4
[974.101s][debug][gc,phases      ] GC(75)     Total                          Min: 0, Avg: 2431.0, Max: 5500, Diff: 5500, Sum: 9724, Workers: 4
[974.101s][debug][gc,phases      ] GC(75)   JNI Weak                       Min:  0.0, Avg:  0.0, Max:  0.0, Diff:  0.0, Sum:  0.0, Workers: 4
[974.101s][debug][gc,phases      ] GC(75)     Dead                           Min: 0, Avg:  0.0, Max: 0, Diff: 0, Sum: 0, Workers: 4
[974.101s][debug][gc,phases      ] GC(75)     Total                          Min: 0, Avg: 11.2, Max: 45, Diff: 45, Sum: 45, Workers: 4
[974.101s][debug][gc,phases      ] GC(75)   StringDedup Table Weak         Min:  0.0, Avg:  0.0, Max:  0.0, Diff:  0.0, Sum:  0.0, Workers: 4
[974.101s][debug][gc,phases      ] GC(75)     Dead                           Min: 0, Avg:  0.0, Max: 0, Diff: 0, Sum: 0, Workers: 4
[974.101s][debug][gc,phases      ] GC(75)     Total                          Min: 0, Avg:  0.0, Max: 0, Diff: 0, Sum: 0, Workers: 4
[974.101s][debug][gc,phases      ] GC(75)   StringDedup Requests0 Weak     Min:  0.0, Avg:  0.0, Max:  0.0, Diff:  0.0, Sum:  0.0, Workers: 4
[974.101s][debug][gc,phases      ] GC(75)     Dead                           Min: 0, Avg:  0.0, Max: 0, Diff: 0, Sum: 0, Workers: 4
[974.101s][debug][gc,phases      ] GC(75)     Total                          Min: 0, Avg:  0.0, Max: 0, Diff: 0, Sum: 0, Workers: 4
[974.101s][debug][gc,phases      ] GC(75)   StringDedup Requests1 Weak     Min:  0.0, Avg:  0.0, Max:  0.0, Diff:  0.0, Sum:  0.0, Workers: 4
[974.101s][debug][gc,phases      ] GC(75)     Dead                           Min: 0, Avg:  0.0, Max: 0, Diff: 0, Sum: 0, Workers: 4
[974.101s][debug][gc,phases      ] GC(75)     Total                          Min: 0, Avg:  0.0, Max: 0, Diff: 0, Sum: 0, Workers: 4
[974.101s][debug][gc,phases      ] GC(75)   Weak JFR Old Object Samples    Min:  0.0, Avg:  0.0, Max:  0.0, Diff:  0.0, Sum:  0.0, Workers: 4
[974.101s][debug][gc,phases      ] GC(75)     Dead                           Min: 0, Avg:  0.0, Max: 0, Diff: 0, Sum: 0, Workers: 4
[974.101s][debug][gc,phases      ] GC(75)     Total                          Min: 0, Avg:  0.0, Max: 0, Diff: 0, Sum: 0, Workers: 4
[974.101s][debug][gc,phases      ] GC(75) Weak Processing 0.359ms
[974.101s][debug][gc,age         ] GC(75) Desired survivor size 28311552 bytes, new threshold 15 (max threshold 15)
[974.101s][info ][gc,heap        ] GC(75) PSYoungGen: 2034656K(2063360K)->3104K(2069504K) Eden: 2031616K(2031616K)->0K(2039808K) From: 3040K(31744K)->3104K(29696K)
[974.101s][info ][gc,heap        ] GC(75) ParOldGen: 356571K(458752K)->356603K(458752K)
[974.101s][info ][gc,metaspace   ] GC(75) Metaspace: 82419K(83456K)->82419K(83456K) NonClass: 70546K(71104K)->70546K(71104K) Class: 11872K(12352K)->11872K(12352K)
[974.101s][info ][gc             ] GC(75) Pause Young (Allocation Failure) 2335M->351M(2469M) 7.333ms
[974.101s][info ][gc,cpu         ] GC(75) User=0.01s Sys=0.00s Real=0.00s
[974.102s][info ][safepoint      ] Safepoint "ParallelGCFailedAllocation", Time since last: 4586839369 ns, Reaching safepoint: 112100 ns, At safepoint: 7399870 ns, Total: 7511970 ns
[975.102s][info ][safepoint      ] Safepoint "Cleanup", Time since last: 1000094016 ns, Reaching safepoint: 47500 ns, At safepoint: 2800 ns, Total: 50300 ns
[978.102s][info ][safepoint      ] Safepoint "Cleanup", Time since last: 3000255048 ns, Reaching safepoint: 44000 ns, At safepoint: 2300 ns, Total: 46300 ns
[980.102s][info ][safepoint      ] Safepoint "Cleanup", Time since last: 2000142533 ns, Reaching safepoint: 106100 ns, At safepoint: 5800 ns, Total: 111900 ns
[981.102s][info ][safepoint      ] Safepoint "Cleanup", Time since last: 1000116316 ns, Reaching safepoint: 43900 ns, At safepoint: 7200 ns, Total: 51100 ns
[989.549s][info ][gc,start       ] GC(76) Pause Young (Allocation Failure)
[989.555s][debug][gc,phases      ] GC(76) Scavenge 6.249ms
[989.555s][debug][gc,ref         ] GC(76) Skipped phase 1 of Reference Processing: no references
[989.555s][debug][gc,ref         ] GC(76) ReferenceProcessor::execute queues: 1, RefProcThreadModel::Single, marks_oops_alive: false
[989.555s][debug][gc,ref         ] GC(76) Skipped phase 3 of Reference Processing: no references
[989.555s][debug][gc,ref         ] GC(76) ReferenceProcessor::execute queues: 1, RefProcThreadModel::Single, marks_oops_alive: false
[989.555s][debug][gc,phases      ] GC(76) Reference Processing 0.131ms
[989.555s][debug][gc,phases      ] GC(76)   VM Weak                        Min:  0.0, Avg:  0.0, Max:  0.0, Diff:  0.0, Sum:  0.0, Workers: 4
[989.555s][debug][gc,phases      ] GC(76)     Dead                           Min: 0, Avg:  0.0, Max: 0, Diff: 0, Sum: 0, Workers: 4
[989.555s][debug][gc,phases      ] GC(76)     Total                          Min: 0, Avg: 210.8, Max: 576, Diff: 576, Sum: 843, Workers: 4
[989.555s][debug][gc,phases      ] GC(76)   ObjectSynchronizer Weak        Min:  0.0, Avg:  0.0, Max:  0.0, Diff:  0.0, Sum:  0.0, Workers: 4
[989.555s][debug][gc,phases      ] GC(76)     Dead                           Min: 0, Avg:  0.0, Max: 0, Diff: 0, Sum: 0, Workers: 4
[989.555s][debug][gc,phases      ] GC(76)     Total                          Min: 0, Avg: 14.8, Max: 59, Diff: 59, Sum: 59, Workers: 4
[989.555s][debug][gc,phases      ] GC(76)   JVMTI Tag Weak OopStorage      Min:  0.0, Avg:  0.0, Max:  0.0, Diff:  0.0, Sum:  0.0, Workers: 4
[989.555s][debug][gc,phases      ] GC(76)     Dead                           Min: 0, Avg:  0.0, Max: 0, Diff: 0, Sum: 0, Workers: 4
[989.555s][debug][gc,phases      ] GC(76)     Total                          Min: 0, Avg:  0.0, Max: 0, Diff: 0, Sum: 0, Workers: 4
[989.555s][debug][gc,phases      ] GC(76)   StringTable Weak               Min:  0.0, Avg:  0.1, Max:  0.1, Diff:  0.1, Sum:  0.4, Workers: 4
[989.555s][debug][gc,phases      ] GC(76)     Dead                           Min: 0, Avg:  0.0, Max: 0, Diff: 0, Sum: 0, Workers: 4
[989.555s][debug][gc,phases      ] GC(76)     Total                          Min: 0, Avg: 11020.2, Max: 15153, Diff: 15153, Sum: 44081, Workers: 4
[989.555s][debug][gc,phases      ] GC(76)   ResolvedMethodTable Weak       Min:  0.0, Avg:  0.0, Max:  0.0, Diff:  0.0, Sum:  0.1, Workers: 4
[989.555s][debug][gc,phases      ] GC(76)     Dead                           Min: 0, Avg:  0.0, Max: 0, Diff: 0, Sum: 0, Workers: 4
[989.555s][debug][gc,phases      ] GC(76)     Total                          Min: 0, Avg: 2431.0, Max: 3328, Diff: 3328, Sum: 9724, Workers: 4
[989.555s][debug][gc,phases      ] GC(76)   JNI Weak                       Min:  0.0, Avg:  0.0, Max:  0.0, Diff:  0.0, Sum:  0.0, Workers: 4
[989.555s][debug][gc,phases      ] GC(76)     Dead                           Min: 0, Avg:  0.0, Max: 0, Diff: 0, Sum: 0, Workers: 4
[989.555s][debug][gc,phases      ] GC(76)     Total                          Min: 0, Avg: 11.2, Max: 45, Diff: 45, Sum: 45, Workers: 4
[989.555s][debug][gc,phases      ] GC(76)   StringDedup Table Weak         Min:  0.0, Avg:  0.0, Max:  0.0, Diff:  0.0, Sum:  0.0, Workers: 4
[989.555s][debug][gc,phases      ] GC(76)     Dead                           Min: 0, Avg:  0.0, Max: 0, Diff: 0, Sum: 0, Workers: 4
[989.555s][debug][gc,phases      ] GC(76)     Total                          Min: 0, Avg:  0.0, Max: 0, Diff: 0, Sum: 0, Workers: 4
[989.555s][debug][gc,phases      ] GC(76)   StringDedup Requests0 Weak     Min:  0.0, Avg:  0.0, Max:  0.0, Diff:  0.0, Sum:  0.0, Workers: 4
[989.555s][debug][gc,phases      ] GC(76)     Dead                           Min: 0, Avg:  0.0, Max: 0, Diff: 0, Sum: 0, Workers: 4
[989.555s][debug][gc,phases      ] GC(76)     Total                          Min: 0, Avg:  0.0, Max: 0, Diff: 0, Sum: 0, Workers: 4
[989.555s][debug][gc,phases      ] GC(76)   StringDedup Requests1 Weak     Min:  0.0, Avg:  0.0, Max:  0.0, Diff:  0.0, Sum:  0.0, Workers: 4
[989.555s][debug][gc,phases      ] GC(76)     Dead                           Min: 0, Avg:  0.0, Max: 0, Diff: 0, Sum: 0, Workers: 4
[989.555s][debug][gc,phases      ] GC(76)     Total                          Min: 0, Avg:  0.0, Max: 0, Diff: 0, Sum: 0, Workers: 4
[989.555s][debug][gc,phases      ] GC(76)   Weak JFR Old Object Samples    Min:  0.0, Avg:  0.0, Max:  0.0, Diff:  0.0, Sum:  0.0, Workers: 4
[989.555s][debug][gc,phases      ] GC(76)     Dead                           Min: 0, Avg:  0.0, Max: 0, Diff: 0, Sum: 0, Workers: 4
[989.555s][debug][gc,phases      ] GC(76)     Total                          Min: 0, Avg:  0.0, Max: 0, Diff: 0, Sum: 0, Workers: 4
[989.555s][debug][gc,phases      ] GC(76) Weak Processing 0.451ms
[989.555s][debug][gc,age         ] GC(76) Desired survivor size 26738688 bytes, new threshold 15 (max threshold 15)
[989.555s][info ][gc,heap        ] GC(76) PSYoungGen: 2042912K(2069504K)->3008K(2067456K) Eden: 2039808K(2039808K)->0K(2039808K) From: 3104K(29696K)->3008K(27648K)
[989.556s][info ][gc,heap        ] GC(76) ParOldGen: 356603K(458752K)->356659K(458752K)
[989.556s][info ][gc,metaspace   ] GC(76) Metaspace: 82422K(83456K)->82422K(83456K) NonClass: 70550K(71104K)->70550K(71104K) Class: 11872K(12352K)->11872K(12352K)
[989.556s][info ][gc             ] GC(76) Pause Young (Allocation Failure) 2343M->351M(2467M) 6.970ms
[989.556s][info ][gc,cpu         ] GC(76) User=0.01s Sys=0.00s Real=0.01s
[989.556s][info ][safepoint      ] Safepoint "ParallelGCFailedAllocation", Time since last: 8446025651 ns, Reaching safepoint: 113299 ns, At safepoint: 7053471 ns, Total: 7166770 ns
[1005.249s][info ][gc,start       ] GC(77) Pause Young (Allocation Failure)
[1005.255s][debug][gc,phases      ] GC(77) Scavenge 5.835ms
[1005.255s][debug][gc,ref         ] GC(77) Skipped phase 1 of Reference Processing: no references
[1005.255s][debug][gc,ref         ] GC(77) ReferenceProcessor::execute queues: 1, RefProcThreadModel::Single, marks_oops_alive: false
[1005.255s][debug][gc,ref         ] GC(77) Skipped phase 3 of Reference Processing: no references
[1005.255s][debug][gc,ref         ] GC(77) ReferenceProcessor::execute queues: 1, RefProcThreadModel::Single, marks_oops_alive: false
[1005.255s][debug][gc,phases      ] GC(77) Reference Processing 0.094ms
[1005.255s][debug][gc,phases      ] GC(77)   VM Weak                        Min:  0.0, Avg:  0.0, Max:  0.0, Diff:  0.0, Sum:  0.0, Workers: 4
[1005.255s][debug][gc,phases      ] GC(77)     Dead                           Min: 0, Avg:  0.0, Max: 0, Diff: 0, Sum: 0, Workers: 4
[1005.255s][debug][gc,phases      ] GC(77)     Total                          Min: 0, Avg: 210.8, Max: 523, Diff: 523, Sum: 843, Workers: 4
[1005.255s][debug][gc,phases      ] GC(77)   ObjectSynchronizer Weak        Min:  0.0, Avg:  0.0, Max:  0.0, Diff:  0.0, Sum:  0.0, Workers: 4
[1005.255s][debug][gc,phases      ] GC(77)     Dead                           Min: 0, Avg:  0.0, Max: 0, Diff: 0, Sum: 0, Workers: 4
[1005.255s][debug][gc,phases      ] GC(77)     Total                          Min: 0, Avg: 14.8, Max: 59, Diff: 59, Sum: 59, Workers: 4
[1005.255s][debug][gc,phases      ] GC(77)   JVMTI Tag Weak OopStorage      Min:  0.0, Avg:  0.0, Max:  0.0, Diff:  0.0, Sum:  0.0, Workers: 4
[1005.255s][debug][gc,phases      ] GC(77)     Dead                           Min: 0, Avg:  0.0, Max: 0, Diff: 0, Sum: 0, Workers: 4
[1005.255s][debug][gc,phases      ] GC(77)     Total                          Min: 0, Avg:  0.0, Max: 0, Diff: 0, Sum: 0, Workers: 4
[1005.255s][debug][gc,phases      ] GC(77)   StringTable Weak               Min:  0.0, Avg:  0.1, Max:  0.2, Diff:  0.2, Sum:  0.3, Workers: 4
[1005.255s][debug][gc,phases      ] GC(77)     Dead                           Min: 0, Avg:  0.0, Max: 0, Diff: 0, Sum: 0, Workers: 4
[1005.255s][debug][gc,phases      ] GC(77)     Total                          Min: 0, Avg: 11020.2, Max: 26623, Diff: 26623, Sum: 44081, Workers: 4
[1005.255s][debug][gc,phases      ] GC(77)   ResolvedMethodTable Weak       Min:  0.0, Avg:  0.0, Max:  0.0, Diff:  0.0, Sum:  0.1, Workers: 4
[1005.255s][debug][gc,phases      ] GC(77)     Dead                           Min: 0, Avg:  0.0, Max: 0, Diff: 0, Sum: 0, Workers: 4
[1005.255s][debug][gc,phases      ] GC(77)     Total                          Min: 0, Avg: 2431.0, Max: 5692, Diff: 5692, Sum: 9724, Workers: 4
[1005.255s][debug][gc,phases      ] GC(77)   JNI Weak                       Min:  0.0, Avg:  0.0, Max:  0.0, Diff:  0.0, Sum:  0.0, Workers: 4
[1005.255s][debug][gc,phases      ] GC(77)     Dead                           Min: 0, Avg:  0.0, Max: 0, Diff: 0, Sum: 0, Workers: 4
[1005.255s][debug][gc,phases      ] GC(77)     Total                          Min: 0, Avg: 11.2, Max: 45, Diff: 45, Sum: 45, Workers: 4
[1005.255s][debug][gc,phases      ] GC(77)   StringDedup Table Weak         Min:  0.0, Avg:  0.0, Max:  0.0, Diff:  0.0, Sum:  0.0, Workers: 4
[1005.255s][debug][gc,phases      ] GC(77)     Dead                           Min: 0, Avg:  0.0, Max: 0, Diff: 0, Sum: 0, Workers: 4
[1005.255s][debug][gc,phases      ] GC(77)     Total                          Min: 0, Avg:  0.0, Max: 0, Diff: 0, Sum: 0, Workers: 4
[1005.255s][debug][gc,phases      ] GC(77)   StringDedup Requests0 Weak     Min:  0.0, Avg:  0.0, Max:  0.0, Diff:  0.0, Sum:  0.0, Workers: 4
[1005.255s][debug][gc,phases      ] GC(77)     Dead                           Min: 0, Avg:  0.0, Max: 0, Diff: 0, Sum: 0, Workers: 4
[1005.255s][debug][gc,phases      ] GC(77)     Total                          Min: 0, Avg:  0.0, Max: 0, Diff: 0, Sum: 0, Workers: 4
[1005.255s][debug][gc,phases      ] GC(77)   StringDedup Requests1 Weak     Min:  0.0, Avg:  0.0, Max:  0.0, Diff:  0.0, Sum:  0.0, Workers: 4
[1005.255s][debug][gc,phases      ] GC(77)     Dead                           Min: 0, Avg:  0.0, Max: 0, Diff: 0, Sum: 0, Workers: 4
[1005.255s][debug][gc,phases      ] GC(77)     Total                          Min: 0, Avg:  0.0, Max: 0, Diff: 0, Sum: 0, Workers: 4
[1005.255s][debug][gc,phases      ] GC(77)   Weak JFR Old Object Samples    Min:  0.0, Avg:  0.0, Max:  0.0, Diff:  0.0, Sum:  0.0, Workers: 4
[1005.255s][debug][gc,phases      ] GC(77)     Dead                           Min: 0, Avg:  0.0, Max: 0, Diff: 0, Sum: 0, Workers: 4
[1005.255s][debug][gc,phases      ] GC(77)     Total                          Min: 0, Avg:  0.0, Max: 0, Diff: 0, Sum: 0, Workers: 4
[1005.255s][debug][gc,phases      ] GC(77) Weak Processing 0.353ms
[1005.256s][debug][gc,age         ] GC(77) Desired survivor size 25165824 bytes, new threshold 15 (max threshold 15)
[1005.256s][info ][gc,heap        ] GC(77) PSYoungGen: 2042816K(2067456K)->3040K(2072576K) Eden: 2039808K(2039808K)->0K(2046464K) From: 3008K(27648K)->3040K(26112K)
[1005.256s][info ][gc,heap        ] GC(77) ParOldGen: 356659K(458752K)->356691K(458752K)
[1005.256s][info ][gc,metaspace   ] GC(77) Metaspace: 82429K(83456K)->82429K(83456K) NonClass: 70556K(71104K)->70556K(71104K) Class: 11872K(12352K)->11872K(12352K)
[1005.256s][info ][gc             ] GC(77) Pause Young (Allocation Failure) 2343M->351M(2472M) 6.395ms
[1005.256s][info ][gc,cpu         ] GC(77) User=0.01s Sys=0.00s Real=0.01s
[1005.256s][info ][safepoint      ] Safepoint "ParallelGCFailedAllocation", Time since last: 15693515503 ns, Reaching safepoint: 20999 ns, At safepoint: 6460674 ns, Total: 6481673 ns
[1006.256s][info ][safepoint      ] Safepoint "Cleanup", Time since last: 1000075809 ns, Reaching safepoint: 37800 ns, At safepoint: 8000 ns, Total: 45800 ns
[1009.256s][info ][safepoint      ] Safepoint "Cleanup", Time since last: 3000243829 ns, Reaching safepoint: 114299 ns, At safepoint: 8400 ns, Total: 122699 ns
[1011.256s][info ][safepoint      ] Safepoint "Cleanup", Time since last: 2000141626 ns, Reaching safepoint: 37900 ns, At safepoint: 3200 ns, Total: 41100 ns
[1020.257s][info ][safepoint      ] Safepoint "Cleanup", Time since last: 9000628230 ns, Reaching safepoint: 35000 ns, At safepoint: 2600 ns, Total: 37600 ns
[1020.704s][info ][gc,start       ] GC(78) Pause Young (Allocation Failure)
[1020.714s][debug][gc,phases      ] GC(78) Scavenge 9.926ms
[1020.714s][debug][gc,ref         ] GC(78) Skipped phase 1 of Reference Processing: no references
[1020.714s][debug][gc,ref         ] GC(78) ReferenceProcessor::execute queues: 1, RefProcThreadModel::Single, marks_oops_alive: false
[1020.714s][debug][gc,ref         ] GC(78) Skipped phase 3 of Reference Processing: no references
[1020.714s][debug][gc,ref         ] GC(78) ReferenceProcessor::execute queues: 1, RefProcThreadModel::Single, marks_oops_alive: false
[1020.714s][debug][gc,phases      ] GC(78) Reference Processing 0.335ms
[1020.715s][debug][gc,phases      ] GC(78)   VM Weak                        Min:  0.0, Avg:  0.0, Max:  0.0, Diff:  0.0, Sum:  0.0, Workers: 4
[1020.715s][debug][gc,phases      ] GC(78)     Dead                           Min: 0, Avg:  0.0, Max: 0, Diff: 0, Sum: 0, Workers: 4
[1020.715s][debug][gc,phases      ] GC(78)     Total                          Min: 0, Avg: 210.8, Max: 843, Diff: 843, Sum: 843, Workers: 4
[1020.715s][debug][gc,phases      ] GC(78)   ObjectSynchronizer Weak        Min:  0.0, Avg:  0.0, Max:  0.0, Diff:  0.0, Sum:  0.0, Workers: 4
[1020.715s][debug][gc,phases      ] GC(78)     Dead                           Min: 0, Avg:  0.0, Max: 0, Diff: 0, Sum: 0, Workers: 4
[1020.715s][debug][gc,phases      ] GC(78)     Total                          Min: 0, Avg: 14.8, Max: 59, Diff: 59, Sum: 59, Workers: 4
[1020.715s][debug][gc,phases      ] GC(78)   JVMTI Tag Weak OopStorage      Min:  0.0, Avg:  0.0, Max:  0.0, Diff:  0.0, Sum:  0.0, Workers: 4
[1020.715s][debug][gc,phases      ] GC(78)     Dead                           Min: 0, Avg:  0.0, Max: 0, Diff: 0, Sum: 0, Workers: 4
[1020.715s][debug][gc,phases      ] GC(78)     Total                          Min: 0, Avg:  0.0, Max: 0, Diff: 0, Sum: 0, Workers: 4
[1020.715s][debug][gc,phases      ] GC(78)   StringTable Weak               Min:  0.0, Avg:  0.1, Max:  0.3, Diff:  0.3, Sum:  0.3, Workers: 4
[1020.715s][debug][gc,phases      ] GC(78)     Dead                           Min: 0, Avg:  0.0, Max: 0, Diff: 0, Sum: 0, Workers: 4
[1020.715s][debug][gc,phases      ] GC(78)     Total                          Min: 0, Avg: 11020.8, Max: 44083, Diff: 44083, Sum: 44083, Workers: 4
[1020.715s][debug][gc,phases      ] GC(78)   ResolvedMethodTable Weak       Min:  0.0, Avg:  0.0, Max:  0.1, Diff:  0.1, Sum:  0.1, Workers: 4
[1020.715s][debug][gc,phases      ] GC(78)     Dead                           Min: 0, Avg:  0.0, Max: 0, Diff: 0, Sum: 0, Workers: 4
[1020.715s][debug][gc,phases      ] GC(78)     Total                          Min: 0, Avg: 2431.0, Max: 9724, Diff: 9724, Sum: 9724, Workers: 4
[1020.715s][debug][gc,phases      ] GC(78)   JNI Weak                       Min:  0.0, Avg:  0.0, Max:  0.0, Diff:  0.0, Sum:  0.0, Workers: 4
[1020.715s][debug][gc,phases      ] GC(78)     Dead                           Min: 0, Avg:  0.0, Max: 0, Diff: 0, Sum: 0, Workers: 4
[1020.715s][debug][gc,phases      ] GC(78)     Total                          Min: 0, Avg: 11.2, Max: 45, Diff: 45, Sum: 45, Workers: 4
[1020.715s][debug][gc,phases      ] GC(78)   StringDedup Table Weak         Min:  0.0, Avg:  0.0, Max:  0.0, Diff:  0.0, Sum:  0.0, Workers: 4
[1020.715s][debug][gc,phases      ] GC(78)     Dead                           Min: 0, Avg:  0.0, Max: 0, Diff: 0, Sum: 0, Workers: 4
[1020.715s][debug][gc,phases      ] GC(78)     Total                          Min: 0, Avg:  0.0, Max: 0, Diff: 0, Sum: 0, Workers: 4
[1020.715s][debug][gc,phases      ] GC(78)   StringDedup Requests0 Weak     Min:  0.0, Avg:  0.0, Max:  0.0, Diff:  0.0, Sum:  0.0, Workers: 4
[1020.715s][debug][gc,phases      ] GC(78)     Dead                           Min: 0, Avg:  0.0, Max: 0, Diff: 0, Sum: 0, Workers: 4
[1020.715s][debug][gc,phases      ] GC(78)     Total                          Min: 0, Avg:  0.0, Max: 0, Diff: 0, Sum: 0, Workers: 4
[1020.715s][debug][gc,phases      ] GC(78)   StringDedup Requests1 Weak     Min:  0.0, Avg:  0.0, Max:  0.0, Diff:  0.0, Sum:  0.0, Workers: 4
[1020.715s][debug][gc,phases      ] GC(78)     Dead                           Min: 0, Avg:  0.0, Max: 0, Diff: 0, Sum: 0, Workers: 4
[1020.715s][debug][gc,phases      ] GC(78)     Total                          Min: 0, Avg:  0.0, Max: 0, Diff: 0, Sum: 0, Workers: 4
[1020.715s][debug][gc,phases      ] GC(78)   Weak JFR Old Object Samples    Min:  0.0, Avg:  0.0, Max:  0.0, Diff:  0.0, Sum:  0.0, Workers: 4
[1020.715s][debug][gc,phases      ] GC(78)     Dead                           Min: 0, Avg:  0.0, Max: 0, Diff: 0, Sum: 0, Workers: 4
[1020.715s][debug][gc,phases      ] GC(78)     Total                          Min: 0, Avg:  0.0, Max: 0, Diff: 0, Sum: 0, Workers: 4
[1020.715s][debug][gc,phases      ] GC(78) Weak Processing 0.663ms
[1020.715s][debug][gc,age         ] GC(78) Desired survivor size 23592960 bytes, new threshold 15 (max threshold 15)
[1020.715s][info ][gc,heap        ] GC(78) PSYoungGen: 2049504K(2072576K)->3008K(2071040K) Eden: 2046464K(2046464K)->0K(2046464K) From: 3040K(26112K)->3008K(24576K)
[1020.715s][info ][gc,heap        ] GC(78) ParOldGen: 356691K(458752K)->356747K(458752K)
[1020.715s][info ][gc,metaspace   ] GC(78) Metaspace: 82431K(83456K)->82431K(83456K) NonClass: 70558K(71104K)->70558K(71104K) Class: 11872K(12352K)->11872K(12352K)
[1020.715s][info ][gc             ] GC(78) Pause Young (Allocation Failure) 2349M->351M(2470M) 11.073ms
[1020.715s][info ][gc,cpu         ] GC(78) User=0.01s Sys=0.00s Real=0.02s
[1020.715s][info ][safepoint      ] Safepoint "ParallelGCFailedAllocation", Time since last: 446767762 ns, Reaching safepoint: 41900 ns, At safepoint: 11159954 ns, Total: 11201854 ns
[1022.715s][info ][safepoint      ] Safepoint "Cleanup", Time since last: 2000149772 ns, Reaching safepoint: 38400 ns, At safepoint: 4400 ns, Total: 42800 ns
[1026.715s][info ][safepoint      ] Safepoint "Cleanup", Time since last: 4000293763 ns, Reaching safepoint: 46900 ns, At safepoint: 2500 ns, Total: 49400 ns
[1027.716s][info ][safepoint      ] Safepoint "Cleanup", Time since last: 1000100097 ns, Reaching safepoint: 39000 ns, At safepoint: 1900 ns, Total: 40900 ns
[1032.716s][info ][safepoint      ] Safepoint "Cleanup", Time since last: 5000358188 ns, Reaching safepoint: 44499 ns, At safepoint: 3100 ns, Total: 47599 ns
[1035.716s][info ][safepoint      ] Safepoint "Cleanup", Time since last: 3000231333 ns, Reaching safepoint: 51000 ns, At safepoint: 3500 ns, Total: 54500 ns
[1036.496s][info ][gc,start       ] GC(79) Pause Young (Allocation Failure)
[1036.817s][debug][gc,phases      ] GC(79) Scavenge 9.973ms
[1036.817s][debug][gc,ref         ] GC(79) Skipped phase 1 of Reference Processing: no references
[1036.817s][debug][gc,ref         ] GC(79) ReferenceProcessor::execute queues: 1, RefProcThreadModel::Single, marks_oops_alive: false
[1036.817s][debug][gc,ref         ] GC(79) Skipped phase 3 of Reference Processing: no references
[1036.817s][debug][gc,ref         ] GC(79) ReferenceProcessor::execute queues: 1, RefProcThreadModel::Single, marks_oops_alive: false
[1036.817s][debug][gc,phases      ] GC(79) Reference Processing 0.114ms
[1036.817s][debug][gc,phases      ] GC(79)   VM Weak                        Min:  0.0, Avg:  0.0, Max:  0.0, Diff:  0.0, Sum:  0.0, Workers: 4
[1036.817s][debug][gc,phases      ] GC(79)     Dead                           Min: 0, Avg:  0.0, Max: 0, Diff: 0, Sum: 0, Workers: 4
[1036.817s][debug][gc,phases      ] GC(79)     Total                          Min: 0, Avg: 210.8, Max: 843, Diff: 843, Sum: 843, Workers: 4
[1036.817s][debug][gc,phases      ] GC(79)   ObjectSynchronizer Weak        Min:  0.0, Avg:  0.0, Max:  0.0, Diff:  0.0, Sum:  0.0, Workers: 4
[1036.817s][debug][gc,phases      ] GC(79)     Dead                           Min: 0, Avg:  0.0, Max: 0, Diff: 0, Sum: 0, Workers: 4
[1036.817s][debug][gc,phases      ] GC(79)     Total                          Min: 0, Avg: 14.8, Max: 59, Diff: 59, Sum: 59, Workers: 4
[1036.817s][debug][gc,phases      ] GC(79)   JVMTI Tag Weak OopStorage      Min:  0.0, Avg:  0.0, Max:  0.0, Diff:  0.0, Sum:  0.0, Workers: 4
[1036.817s][debug][gc,phases      ] GC(79)     Dead                           Min: 0, Avg:  0.0, Max: 0, Diff: 0, Sum: 0, Workers: 4
[1036.817s][debug][gc,phases      ] GC(79)     Total                          Min: 0, Avg:  0.0, Max: 0, Diff: 0, Sum: 0, Workers: 4
[1036.817s][debug][gc,phases      ] GC(79)   StringTable Weak               Min:  0.0, Avg:  0.1, Max:  0.3, Diff:  0.3, Sum:  0.3, Workers: 4
[1036.817s][debug][gc,phases      ] GC(79)     Dead                           Min: 0, Avg:  0.0, Max: 0, Diff: 0, Sum: 0, Workers: 4
[1036.817s][debug][gc,phases      ] GC(79)     Total                          Min: 0, Avg: 11020.8, Max: 44083, Diff: 44083, Sum: 44083, Workers: 4
[1036.817s][debug][gc,phases      ] GC(79)   ResolvedMethodTable Weak       Min:  0.0, Avg:  0.0, Max:  0.1, Diff:  0.1, Sum:  0.1, Workers: 4
[1036.817s][debug][gc,phases      ] GC(79)     Dead                           Min: 0, Avg:  0.0, Max: 0, Diff: 0, Sum: 0, Workers: 4
[1036.817s][debug][gc,phases      ] GC(79)     Total                          Min: 0, Avg: 2431.0, Max: 9724, Diff: 9724, Sum: 9724, Workers: 4
[1036.817s][debug][gc,phases      ] GC(79)   JNI Weak                       Min:  0.0, Avg:  0.0, Max:  0.0, Diff:  0.0, Sum:  0.0, Workers: 4
[1036.817s][debug][gc,phases      ] GC(79)     Dead                           Min: 0, Avg:  0.0, Max: 0, Diff: 0, Sum: 0, Workers: 4
[1036.817s][debug][gc,phases      ] GC(79)     Total                          Min: 0, Avg: 11.2, Max: 45, Diff: 45, Sum: 45, Workers: 4
[1036.817s][debug][gc,phases      ] GC(79)   StringDedup Table Weak         Min:  0.0, Avg:  0.0, Max:  0.0, Diff:  0.0, Sum:  0.0, Workers: 4
[1036.817s][debug][gc,phases      ] GC(79)     Dead                           Min: 0, Avg:  0.0, Max: 0, Diff: 0, Sum: 0, Workers: 4
[1036.817s][debug][gc,phases      ] GC(79)     Total                          Min: 0, Avg:  0.0, Max: 0, Diff: 0, Sum: 0, Workers: 4
[1036.817s][debug][gc,phases      ] GC(79)   StringDedup Requests0 Weak     Min:  0.0, Avg:  0.0, Max:  0.0, Diff:  0.0, Sum:  0.0, Workers: 4
[1036.817s][debug][gc,phases      ] GC(79)     Dead                           Min: 0, Avg:  0.0, Max: 0, Diff: 0, Sum: 0, Workers: 4
[1036.817s][debug][gc,phases      ] GC(79)     Total                          Min: 0, Avg:  0.0, Max: 0, Diff: 0, Sum: 0, Workers: 4
[1036.817s][debug][gc,phases      ] GC(79)   StringDedup Requests1 Weak     Min:  0.0, Avg:  0.0, Max:  0.0, Diff:  0.0, Sum:  0.0, Workers: 4
[1036.817s][debug][gc,phases      ] GC(79)     Dead                           Min: 0, Avg:  0.0, Max: 0, Diff: 0, Sum: 0, Workers: 4
[1036.817s][debug][gc,phases      ] GC(79)     Total                          Min: 0, Avg:  0.0, Max: 0, Diff: 0, Sum: 0, Workers: 4
[1036.817s][debug][gc,phases      ] GC(79)   Weak JFR Old Object Samples    Min:  0.0, Avg:  0.0, Max:  0.0, Diff:  0.0, Sum:  0.0, Workers: 4
[1036.817s][debug][gc,phases      ] GC(79)     Dead                           Min: 0, Avg:  0.0, Max: 0, Diff: 0, Sum: 0, Workers: 4
[1036.817s][debug][gc,phases      ] GC(79)     Total                          Min: 0, Avg:  0.0, Max: 0, Diff: 0, Sum: 0, Workers: 4
[1036.817s][debug][gc,phases      ] GC(79) Weak Processing 0.633ms
[1036.817s][debug][gc,age         ] GC(79) Desired survivor size 22020096 bytes, new threshold 15 (max threshold 15)
[1036.817s][info ][gc,heap        ] GC(79) PSYoungGen: 2049472K(2071040K)->3072K(2075648K) Eden: 2046464K(2046464K)->0K(2052608K) From: 3008K(24576K)->3072K(23040K)
[1036.817s][info ][gc,heap        ] GC(79) ParOldGen: 356747K(458752K)->356763K(458752K)
[1036.817s][info ][gc,metaspace   ] GC(79) Metaspace: 82435K(83456K)->82435K(83456K) NonClass: 70562K(71104K)->70562K(71104K) Class: 11872K(12352K)->11872K(12352K)
[1036.818s][info ][gc             ] GC(79) Pause Young (Allocation Failure) 2349M->351M(2475M) 321.453ms
[1036.818s][info ][gc,cpu         ] GC(79) User=0.02s Sys=0.00s Real=0.32s
[1036.818s][info ][safepoint      ] Safepoint "ParallelGCFailedAllocation", Time since last: 779759713 ns, Reaching safepoint: 30700 ns, At safepoint: 321535686 ns, Total: 321566386 ns
[1037.818s][info ][safepoint      ] Safepoint "Cleanup", Time since last: 1000086013 ns, Reaching safepoint: 51499 ns, At safepoint: 7500 ns, Total: 58999 ns
[1039.003s][info ][safepoint      ] Safepoint "Cleanup", Time since last: 1185645855 ns, Reaching safepoint: 55800 ns, At safepoint: 2400 ns, Total: 58200 ns
[1040.004s][info ][safepoint      ] Safepoint "Cleanup", Time since last: 1000095412 ns, Reaching safepoint: 32800 ns, At safepoint: 4400 ns, Total: 37200 ns
[1043.004s][info ][safepoint      ] Safepoint "Cleanup", Time since last: 3000232416 ns, Reaching safepoint: 36599 ns, At safepoint: 2500 ns, Total: 39099 ns
[1044.004s][info ][safepoint      ] Safepoint "Cleanup", Time since last: 1000103101 ns, Reaching safepoint: 43700 ns, At safepoint: 3400 ns, Total: 47100 ns
[1050.004s][info ][safepoint      ] Safepoint "Cleanup", Time since last: 6000457624 ns, Reaching safepoint: 59100 ns, At safepoint: 2900 ns, Total: 62000 ns
[1051.007s][info ][safepoint      ] Safepoint "Cleanup", Time since last: 1000100621 ns, Reaching safepoint: 2119892 ns, At safepoint: 6600 ns, Total: 2126492 ns
[1053.010s][info ][safepoint      ] Safepoint "Cleanup", Time since last: 2002855231 ns, Reaching safepoint: 45600 ns, At safepoint: 24300 ns, Total: 69900 ns
[1054.043s][info ][gc,start       ] GC(80) Pause Young (Allocation Failure)
[1054.057s][debug][gc,phases      ] GC(80) Scavenge 14.445ms
[1054.057s][debug][gc,ref         ] GC(80) Skipped phase 1 of Reference Processing: no references
[1054.057s][debug][gc,ref         ] GC(80) ReferenceProcessor::execute queues: 1, RefProcThreadModel::Single, marks_oops_alive: false
[1054.057s][debug][gc,ref         ] GC(80) Skipped phase 3 of Reference Processing: no references
[1054.057s][debug][gc,ref         ] GC(80) ReferenceProcessor::execute queues: 1, RefProcThreadModel::Single, marks_oops_alive: false
[1054.057s][debug][gc,phases      ] GC(80) Reference Processing 0.123ms
[1054.058s][debug][gc,phases      ] GC(80)   VM Weak                        Min:  0.0, Avg:  0.0, Max:  0.0, Diff:  0.0, Sum:  0.0, Workers: 4
[1054.058s][debug][gc,phases      ] GC(80)     Dead                           Min: 0, Avg:  0.0, Max: 0, Diff: 0, Sum: 0, Workers: 4
[1054.058s][debug][gc,phases      ] GC(80)     Total                          Min: 0, Avg: 210.8, Max: 843, Diff: 843, Sum: 843, Workers: 4
[1054.058s][debug][gc,phases      ] GC(80)   ObjectSynchronizer Weak        Min:  0.0, Avg:  0.0, Max:  0.0, Diff:  0.0, Sum:  0.0, Workers: 4
[1054.058s][debug][gc,phases      ] GC(80)     Dead                           Min: 0, Avg:  0.0, Max: 0, Diff: 0, Sum: 0, Workers: 4
[1054.058s][debug][gc,phases      ] GC(80)     Total                          Min: 0, Avg: 14.8, Max: 59, Diff: 59, Sum: 59, Workers: 4
[1054.058s][debug][gc,phases      ] GC(80)   JVMTI Tag Weak OopStorage      Min:  0.0, Avg:  0.0, Max:  0.0, Diff:  0.0, Sum:  0.0, Workers: 4
[1054.058s][debug][gc,phases      ] GC(80)     Dead                           Min: 0, Avg:  0.0, Max: 0, Diff: 0, Sum: 0, Workers: 4
[1054.058s][debug][gc,phases      ] GC(80)     Total                          Min: 0, Avg:  0.0, Max: 0, Diff: 0, Sum: 0, Workers: 4
[1054.058s][debug][gc,phases      ] GC(80)   StringTable Weak               Min:  0.0, Avg:  0.1, Max:  0.4, Diff:  0.4, Sum:  0.4, Workers: 4
[1054.058s][debug][gc,phases      ] GC(80)     Dead                           Min: 0, Avg:  0.0, Max: 0, Diff: 0, Sum: 0, Workers: 4
[1054.058s][debug][gc,phases      ] GC(80)     Total                          Min: 0, Avg: 11020.8, Max: 44083, Diff: 44083, Sum: 44083, Workers: 4
[1054.058s][debug][gc,phases      ] GC(80)   ResolvedMethodTable Weak       Min:  0.0, Avg:  0.0, Max:  0.1, Diff:  0.1, Sum:  0.1, Workers: 4
[1054.058s][debug][gc,phases      ] GC(80)     Dead                           Min: 0, Avg:  0.0, Max: 0, Diff: 0, Sum: 0, Workers: 4
[1054.058s][debug][gc,phases      ] GC(80)     Total                          Min: 0, Avg: 2431.0, Max: 9724, Diff: 9724, Sum: 9724, Workers: 4
[1054.058s][debug][gc,phases      ] GC(80)   JNI Weak                       Min:  0.0, Avg:  0.0, Max:  0.0, Diff:  0.0, Sum:  0.0, Workers: 4
[1054.058s][debug][gc,phases      ] GC(80)     Dead                           Min: 0, Avg:  0.0, Max: 0, Diff: 0, Sum: 0, Workers: 4
[1054.058s][debug][gc,phases      ] GC(80)     Total                          Min: 0, Avg: 11.2, Max: 45, Diff: 45, Sum: 45, Workers: 4
[1054.058s][debug][gc,phases      ] GC(80)   StringDedup Table Weak         Min:  0.0, Avg:  0.0, Max:  0.0, Diff:  0.0, Sum:  0.0, Workers: 4
[1054.058s][debug][gc,phases      ] GC(80)     Dead                           Min: 0, Avg:  0.0, Max: 0, Diff: 0, Sum: 0, Workers: 4
[1054.058s][debug][gc,phases      ] GC(80)     Total                          Min: 0, Avg:  0.0, Max: 0, Diff: 0, Sum: 0, Workers: 4
[1054.058s][debug][gc,phases      ] GC(80)   StringDedup Requests0 Weak     Min:  0.0, Avg:  0.0, Max:  0.0, Diff:  0.0, Sum:  0.0, Workers: 4
[1054.058s][debug][gc,phases      ] GC(80)     Dead                           Min: 0, Avg:  0.0, Max: 0, Diff: 0, Sum: 0, Workers: 4
[1054.058s][debug][gc,phases      ] GC(80)     Total                          Min: 0, Avg:  0.0, Max: 0, Diff: 0, Sum: 0, Workers: 4
[1054.058s][debug][gc,phases      ] GC(80)   StringDedup Requests1 Weak     Min:  0.0, Avg:  0.0, Max:  0.0, Diff:  0.0, Sum:  0.0, Workers: 4
[1054.058s][debug][gc,phases      ] GC(80)     Dead                           Min: 0, Avg:  0.0, Max: 0, Diff: 0, Sum: 0, Workers: 4
[1054.058s][debug][gc,phases      ] GC(80)     Total                          Min: 0, Avg:  0.0, Max: 0, Diff: 0, Sum: 0, Workers: 4
[1054.058s][debug][gc,phases      ] GC(80)   Weak JFR Old Object Samples    Min:  0.0, Avg:  0.0, Max:  0.0, Diff:  0.0, Sum:  0.0, Workers: 4
[1054.058s][debug][gc,phases      ] GC(80)     Dead                           Min: 0, Avg:  0.0, Max: 0, Diff: 0, Sum: 0, Workers: 4
[1054.058s][debug][gc,phases      ] GC(80)     Total                          Min: 0, Avg:  0.0, Max: 0, Diff: 0, Sum: 0, Workers: 4
[1054.058s][debug][gc,phases      ] GC(80) Weak Processing 0.762ms
[1054.058s][debug][gc,age         ] GC(80) Desired survivor size 20447232 bytes, new threshold 15 (max threshold 15)
[1054.058s][info ][gc,heap        ] GC(80) PSYoungGen: 2055680K(2075648K)->3008K(2074112K) Eden: 2052608K(2052608K)->0K(2052608K) From: 3072K(23040K)->3008K(21504K)
[1054.058s][info ][gc,heap        ] GC(80) ParOldGen: 356763K(458752K)->356779K(458752K)
[1054.058s][info ][gc,metaspace   ] GC(80) Metaspace: 82440K(83520K)->82440K(83520K) NonClass: 70568K(71168K)->70568K(71168K) Class: 11872K(12352K)->11872K(12352K)
[1054.058s][info ][gc             ] GC(80) Pause Young (Allocation Failure) 2355M->351M(2473M) 15.484ms
[1054.058s][info ][gc,cpu         ] GC(80) User=0.02s Sys=0.00s Real=0.02s
[1054.058s][info ][safepoint      ] Safepoint "ParallelGCFailedAllocation", Time since last: 1032802788 ns, Reaching safepoint: 121600 ns, At safepoint: 15574136 ns, Total: 15695736 ns
[1055.058s][info ][safepoint      ] Safepoint "Cleanup", Time since last: 1000084922 ns, Reaching safepoint: 47099 ns, At safepoint: 4400 ns, Total: 51499 ns
[1056.058s][info ][safepoint      ] Safepoint "Cleanup", Time since last: 1000089222 ns, Reaching safepoint: 66500 ns, At safepoint: 11400 ns, Total: 77900 ns
[1060.059s][info ][safepoint      ] Safepoint "Cleanup", Time since last: 4000309832 ns, Reaching safepoint: 33499 ns, At safepoint: 2300 ns, Total: 35799 ns
[1065.059s][info ][safepoint      ] Safepoint "Cleanup", Time since last: 5000422586 ns, Reaching safepoint: 42100 ns, At safepoint: 7700 ns, Total: 49800 ns
[1069.742s][info ][gc,start       ] GC(81) Pause Young (Allocation Failure)
[1069.748s][debug][gc,phases      ] GC(81) Scavenge 6.430ms
[1069.748s][debug][gc,ref         ] GC(81) Skipped phase 1 of Reference Processing: no references
[1069.748s][debug][gc,ref         ] GC(81) ReferenceProcessor::execute queues: 1, RefProcThreadModel::Single, marks_oops_alive: false
[1069.748s][debug][gc,ref         ] GC(81) Skipped phase 3 of Reference Processing: no references
[1069.748s][debug][gc,ref         ] GC(81) ReferenceProcessor::execute queues: 1, RefProcThreadModel::Single, marks_oops_alive: false
[1069.748s][debug][gc,phases      ] GC(81) Reference Processing 0.132ms
[1069.749s][debug][gc,phases      ] GC(81)   VM Weak                        Min:  0.0, Avg:  0.0, Max:  0.0, Diff:  0.0, Sum:  0.0, Workers: 4
[1069.749s][debug][gc,phases      ] GC(81)     Dead                           Min: 0, Avg:  0.0, Max: 0, Diff: 0, Sum: 0, Workers: 4
[1069.749s][debug][gc,phases      ] GC(81)     Total                          Min: 0, Avg: 210.8, Max: 779, Diff: 779, Sum: 843, Workers: 4
[1069.749s][debug][gc,phases      ] GC(81)   ObjectSynchronizer Weak        Min:  0.0, Avg:  0.0, Max:  0.0, Diff:  0.0, Sum:  0.0, Workers: 4
[1069.749s][debug][gc,phases      ] GC(81)     Dead                           Min: 0, Avg:  0.0, Max: 0, Diff: 0, Sum: 0, Workers: 4
[1069.749s][debug][gc,phases      ] GC(81)     Total                          Min: 0, Avg: 14.8, Max: 59, Diff: 59, Sum: 59, Workers: 4
[1069.749s][debug][gc,phases      ] GC(81)   JVMTI Tag Weak OopStorage      Min:  0.0, Avg:  0.0, Max:  0.0, Diff:  0.0, Sum:  0.0, Workers: 4
[1069.749s][debug][gc,phases      ] GC(81)     Dead                           Min: 0, Avg:  0.0, Max: 0, Diff: 0, Sum: 0, Workers: 4
[1069.749s][debug][gc,phases      ] GC(81)     Total                          Min: 0, Avg:  0.0, Max: 0, Diff: 0, Sum: 0, Workers: 4
[1069.749s][debug][gc,phases      ] GC(81)   StringTable Weak               Min:  0.0, Avg:  0.1, Max:  0.2, Diff:  0.2, Sum:  0.4, Workers: 4
[1069.749s][debug][gc,phases      ] GC(81)     Dead                           Min: 0, Avg:  0.0, Max: 0, Diff: 0, Sum: 0, Workers: 4
[1069.749s][debug][gc,phases      ] GC(81)     Total                          Min: 0, Avg: 11020.8, Max: 22068, Diff: 22068, Sum: 44083, Workers: 4
[1069.749s][debug][gc,phases      ] GC(81)   ResolvedMethodTable Weak       Min:  0.0, Avg:  0.0, Max:  0.0, Diff:  0.0, Sum:  0.1, Workers: 4
[1069.749s][debug][gc,phases      ] GC(81)     Dead                           Min: 0, Avg:  0.0, Max: 0, Diff: 0, Sum: 0, Workers: 4
[1069.749s][debug][gc,phases      ] GC(81)     Total                          Min: 0, Avg: 2431.0, Max: 4928, Diff: 4928, Sum: 9724, Workers: 4
[1069.749s][debug][gc,phases      ] GC(81)   JNI Weak                       Min:  0.0, Avg:  0.0, Max:  0.0, Diff:  0.0, Sum:  0.0, Workers: 4
[1069.749s][debug][gc,phases      ] GC(81)     Dead                           Min: 0, Avg:  0.0, Max: 0, Diff: 0, Sum: 0, Workers: 4
[1069.749s][debug][gc,phases      ] GC(81)     Total                          Min: 0, Avg: 11.2, Max: 45, Diff: 45, Sum: 45, Workers: 4
[1069.749s][debug][gc,phases      ] GC(81)   StringDedup Table Weak         Min:  0.0, Avg:  0.0, Max:  0.0, Diff:  0.0, Sum:  0.0, Workers: 4
[1069.749s][debug][gc,phases      ] GC(81)     Dead                           Min: 0, Avg:  0.0, Max: 0, Diff: 0, Sum: 0, Workers: 4
[1069.749s][debug][gc,phases      ] GC(81)     Total                          Min: 0, Avg:  0.0, Max: 0, Diff: 0, Sum: 0, Workers: 4
[1069.749s][debug][gc,phases      ] GC(81)   StringDedup Requests0 Weak     Min:  0.0, Avg:  0.0, Max:  0.0, Diff:  0.0, Sum:  0.0, Workers: 4
[1069.749s][debug][gc,phases      ] GC(81)     Dead                           Min: 0, Avg:  0.0, Max: 0, Diff: 0, Sum: 0, Workers: 4
[1069.749s][debug][gc,phases      ] GC(81)     Total                          Min: 0, Avg:  0.0, Max: 0, Diff: 0, Sum: 0, Workers: 4
[1069.749s][debug][gc,phases      ] GC(81)   StringDedup Requests1 Weak     Min:  0.0, Avg:  0.0, Max:  0.0, Diff:  0.0, Sum:  0.0, Workers: 4
[1069.749s][debug][gc,phases      ] GC(81)     Dead                           Min: 0, Avg:  0.0, Max: 0, Diff: 0, Sum: 0, Workers: 4
[1069.749s][debug][gc,phases      ] GC(81)     Total                          Min: 0, Avg:  0.0, Max: 0, Diff: 0, Sum: 0, Workers: 4
[1069.749s][debug][gc,phases      ] GC(81)   Weak JFR Old Object Samples    Min:  0.0, Avg:  0.0, Max:  0.0, Diff:  0.0, Sum:  0.0, Workers: 4
[1069.749s][debug][gc,phases      ] GC(81)     Dead                           Min: 0, Avg:  0.0, Max: 0, Diff: 0, Sum: 0, Workers: 4
[1069.749s][debug][gc,phases      ] GC(81)     Total                          Min: 0, Avg:  0.0, Max: 0, Diff: 0, Sum: 0, Workers: 4
[1069.749s][debug][gc,phases      ] GC(81) Weak Processing 0.517ms
[1069.749s][debug][gc,age         ] GC(81) Desired survivor size 19398656 bytes, new threshold 15 (max threshold 15)
[1069.749s][info ][gc,heap        ] GC(81) PSYoungGen: 2055616K(2074112K)->1248K(2078208K) Eden: 2052608K(2052608K)->0K(2058240K) From: 3008K(21504K)->1248K(19968K)
[1069.749s][info ][gc,heap        ] GC(81) ParOldGen: 356779K(458752K)->358611K(458752K)
[1069.749s][info ][gc,metaspace   ] GC(81) Metaspace: 82444K(83520K)->82444K(83520K) NonClass: 70572K(71168K)->70572K(71168K) Class: 11872K(12352K)->11872K(12352K)
[1069.749s][info ][gc             ] GC(81) Pause Young (Allocation Failure) 2355M->351M(2477M) 7.233ms
[1069.749s][info ][gc,cpu         ] GC(81) User=0.02s Sys=0.00s Real=0.01s
[1069.749s][info ][safepoint      ] Safepoint "ParallelGCFailedAllocation", Time since last: 4682392685 ns, Reaching safepoint: 118999 ns, At safepoint: 7318871 ns, Total: 7437870 ns
[1071.749s][info ][safepoint      ] Safepoint "Cleanup", Time since last: 2000146964 ns, Reaching safepoint: 111999 ns, At safepoint: 5500 ns, Total: 117499 ns
[1072.750s][info ][safepoint      ] Safepoint "Cleanup", Time since last: 1000101482 ns, Reaching safepoint: 41200 ns, At safepoint: 2700 ns, Total: 43900 ns
[1077.750s][info ][safepoint      ] Safepoint "Cleanup", Time since last: 5000351501 ns, Reaching safepoint: 113599 ns, At safepoint: 6600 ns, Total: 120199 ns
[1085.847s][info ][gc,start       ] GC(82) Pause Young (Allocation Failure)
[1085.852s][debug][gc,phases      ] GC(82) Scavenge 4.870ms
[1085.852s][debug][gc,ref         ] GC(82) Skipped phase 1 of Reference Processing: no references
[1085.852s][debug][gc,ref         ] GC(82) ReferenceProcessor::execute queues: 1, RefProcThreadModel::Single, marks_oops_alive: false
[1085.852s][debug][gc,ref         ] GC(82) Skipped phase 3 of Reference Processing: no references
[1085.852s][debug][gc,ref         ] GC(82) ReferenceProcessor::execute queues: 1, RefProcThreadModel::Single, marks_oops_alive: false
[1085.852s][debug][gc,phases      ] GC(82) Reference Processing 0.090ms
[1085.852s][debug][gc,phases      ] GC(82)   VM Weak                        Min:  0.0, Avg:  0.0, Max:  0.0, Diff:  0.0, Sum:  0.0, Workers: 4
[1085.852s][debug][gc,phases      ] GC(82)     Dead                           Min: 0, Avg:  0.0, Max: 0, Diff: 0, Sum: 0, Workers: 4
[1085.852s][debug][gc,phases      ] GC(82)     Total                          Min: 0, Avg: 210.8, Max: 459, Diff: 459, Sum: 843, Workers: 4
[1085.852s][debug][gc,phases      ] GC(82)   ObjectSynchronizer Weak        Min:  0.0, Avg:  0.0, Max:  0.0, Diff:  0.0, Sum:  0.0, Workers: 4
[1085.852s][debug][gc,phases      ] GC(82)     Dead                           Min: 0, Avg:  0.0, Max: 0, Diff: 0, Sum: 0, Workers: 4
[1085.852s][debug][gc,phases      ] GC(82)     Total                          Min: 0, Avg: 14.8, Max: 59, Diff: 59, Sum: 59, Workers: 4
[1085.852s][debug][gc,phases      ] GC(82)   JVMTI Tag Weak OopStorage      Min:  0.0, Avg:  0.0, Max:  0.0, Diff:  0.0, Sum:  0.0, Workers: 4
[1085.852s][debug][gc,phases      ] GC(82)     Dead                           Min: 0, Avg:  0.0, Max: 0, Diff: 0, Sum: 0, Workers: 4
[1085.852s][debug][gc,phases      ] GC(82)     Total                          Min: 0, Avg:  0.0, Max: 0, Diff: 0, Sum: 0, Workers: 4
[1085.852s][debug][gc,phases      ] GC(82)   StringTable Weak               Min:  0.0, Avg:  0.1, Max:  0.2, Diff:  0.2, Sum:  0.3, Workers: 4
[1085.852s][debug][gc,phases      ] GC(82)     Dead                           Min: 0, Avg:  0.0, Max: 0, Diff: 0, Sum: 0, Workers: 4
[1085.852s][debug][gc,phases      ] GC(82)     Total                          Min: 0, Avg: 11020.8, Max: 26431, Diff: 26431, Sum: 44083, Workers: 4
[1085.852s][debug][gc,phases      ] GC(82)   ResolvedMethodTable Weak       Min:  0.0, Avg:  0.0, Max:  0.0, Diff:  0.0, Sum:  0.1, Workers: 4
[1085.852s][debug][gc,phases      ] GC(82)     Dead                           Min: 0, Avg:  0.0, Max: 0, Diff: 0, Sum: 0, Workers: 4
[1085.852s][debug][gc,phases      ] GC(82)     Total                          Min: 0, Avg: 2431.0, Max: 5888, Diff: 5888, Sum: 9724, Workers: 4
[1085.852s][debug][gc,phases      ] GC(82)   JNI Weak                       Min:  0.0, Avg:  0.0, Max:  0.0, Diff:  0.0, Sum:  0.0, Workers: 4
[1085.852s][debug][gc,phases      ] GC(82)     Dead                           Min: 0, Avg:  0.0, Max: 0, Diff: 0, Sum: 0, Workers: 4
[1085.852s][debug][gc,phases      ] GC(82)     Total                          Min: 0, Avg: 11.2, Max: 45, Diff: 45, Sum: 45, Workers: 4
[1085.852s][debug][gc,phases      ] GC(82)   StringDedup Table Weak         Min:  0.0, Avg:  0.0, Max:  0.0, Diff:  0.0, Sum:  0.0, Workers: 4
[1085.852s][debug][gc,phases      ] GC(82)     Dead                           Min: 0, Avg:  0.0, Max: 0, Diff: 0, Sum: 0, Workers: 4
[1085.852s][debug][gc,phases      ] GC(82)     Total                          Min: 0, Avg:  0.0, Max: 0, Diff: 0, Sum: 0, Workers: 4
[1085.852s][debug][gc,phases      ] GC(82)   StringDedup Requests0 Weak     Min:  0.0, Avg:  0.0, Max:  0.0, Diff:  0.0, Sum:  0.0, Workers: 4
[1085.852s][debug][gc,phases      ] GC(82)     Dead                           Min: 0, Avg:  0.0, Max: 0, Diff: 0, Sum: 0, Workers: 4
[1085.852s][debug][gc,phases      ] GC(82)     Total                          Min: 0, Avg:  0.0, Max: 0, Diff: 0, Sum: 0, Workers: 4
[1085.852s][debug][gc,phases      ] GC(82)   StringDedup Requests1 Weak     Min:  0.0, Avg:  0.0, Max:  0.0, Diff:  0.0, Sum:  0.0, Workers: 4
[1085.852s][debug][gc,phases      ] GC(82)     Dead                           Min: 0, Avg:  0.0, Max: 0, Diff: 0, Sum: 0, Workers: 4
[1085.852s][debug][gc,phases      ] GC(82)     Total                          Min: 0, Avg:  0.0, Max: 0, Diff: 0, Sum: 0, Workers: 4
[1085.852s][debug][gc,phases      ] GC(82)   Weak JFR Old Object Samples    Min:  0.0, Avg:  0.0, Max:  0.0, Diff:  0.0, Sum:  0.0, Workers: 4
[1085.852s][debug][gc,phases      ] GC(82)     Dead                           Min: 0, Avg:  0.0, Max: 0, Diff: 0, Sum: 0, Workers: 4
[1085.852s][debug][gc,phases      ] GC(82)     Total                          Min: 0, Avg:  0.0, Max: 0, Diff: 0, Sum: 0, Workers: 4
[1085.852s][debug][gc,phases      ] GC(82) Weak Processing 0.354ms
[1085.852s][debug][gc,age         ] GC(82) Desired survivor size 18874368 bytes, new threshold 15 (max threshold 15)
[1085.852s][info ][gc,heap        ] GC(82) PSYoungGen: 2059488K(2078208K)->1104K(2077184K) Eden: 2058240K(2058240K)->0K(2058240K) From: 1248K(19968K)->1104K(18944K)
[1085.852s][info ][gc,heap        ] GC(82) ParOldGen: 358611K(458752K)->358743K(458752K)
[1085.852s][info ][gc,metaspace   ] GC(82) Metaspace: 82448K(83520K)->82448K(83520K) NonClass: 70576K(71168K)->70576K(71168K) Class: 11872K(12352K)->11872K(12352K)
[1085.852s][info ][gc             ] GC(82) Pause Young (Allocation Failure) 2361M->351M(2476M) 5.427ms
[1085.852s][info ][gc,cpu         ] GC(82) User=0.01s Sys=0.00s Real=0.00s
[1085.852s][info ][safepoint      ] Safepoint "ParallelGCFailedAllocation", Time since last: 8096746428 ns, Reaching safepoint: 31500 ns, At safepoint: 5492278 ns, Total: 5523778 ns
[1089.853s][info ][safepoint      ] Safepoint "Cleanup", Time since last: 4000291751 ns, Reaching safepoint: 116399 ns, At safepoint: 4500 ns, Total: 120899 ns
[1101.542s][info ][gc,start       ] GC(83) Pause Young (Allocation Failure)
[1101.547s][debug][gc,phases      ] GC(83) Scavenge 5.414ms
[1101.547s][debug][gc,ref         ] GC(83) Skipped phase 1 of Reference Processing: no references
[1101.548s][debug][gc,ref         ] GC(83) ReferenceProcessor::execute queues: 1, RefProcThreadModel::Single, marks_oops_alive: false
[1101.548s][debug][gc,ref         ] GC(83) Skipped phase 3 of Reference Processing: no references
[1101.548s][debug][gc,ref         ] GC(83) Skipped phase 4 of Reference Processing: no references
[1101.548s][debug][gc,phases      ] GC(83) Reference Processing 0.093ms
[1101.548s][debug][gc,phases      ] GC(83)   VM Weak                        Min:  0.0, Avg:  0.0, Max:  0.0, Diff:  0.0, Sum:  0.0, Workers: 4
[1101.548s][debug][gc,phases      ] GC(83)     Dead                           Min: 0, Avg:  0.0, Max: 0, Diff: 0, Sum: 0, Workers: 4
[1101.548s][debug][gc,phases      ] GC(83)     Total                          Min: 0, Avg: 210.8, Max: 512, Diff: 512, Sum: 843, Workers: 4
[1101.548s][debug][gc,phases      ] GC(83)   ObjectSynchronizer Weak        Min:  0.0, Avg:  0.0, Max:  0.0, Diff:  0.0, Sum:  0.0, Workers: 4
[1101.548s][debug][gc,phases      ] GC(83)     Dead                           Min: 0, Avg:  0.0, Max: 0, Diff: 0, Sum: 0, Workers: 4
[1101.548s][debug][gc,phases      ] GC(83)     Total                          Min: 0, Avg: 14.8, Max: 59, Diff: 59, Sum: 59, Workers: 4
[1101.548s][debug][gc,phases      ] GC(83)   JVMTI Tag Weak OopStorage      Min:  0.0, Avg:  0.0, Max:  0.0, Diff:  0.0, Sum:  0.0, Workers: 4
[1101.548s][debug][gc,phases      ] GC(83)     Dead                           Min: 0, Avg:  0.0, Max: 0, Diff: 0, Sum: 0, Workers: 4
[1101.548s][debug][gc,phases      ] GC(83)     Total                          Min: 0, Avg:  0.0, Max: 0, Diff: 0, Sum: 0, Workers: 4
[1101.548s][debug][gc,phases      ] GC(83)   StringTable Weak               Min:  0.0, Avg:  0.1, Max:  0.2, Diff:  0.2, Sum:  0.3, Workers: 4
[1101.548s][debug][gc,phases      ] GC(83)     Dead                           Min: 0, Avg:  0.0, Max: 0, Diff: 0, Sum: 0, Workers: 4
[1101.548s][debug][gc,phases      ] GC(83)     Total                          Min: 0, Avg: 11021.8, Max: 26111, Diff: 26111, Sum: 44087, Workers: 4
[1101.548s][debug][gc,phases      ] GC(83)   ResolvedMethodTable Weak       Min:  0.0, Avg:  0.0, Max:  0.0, Diff:  0.0, Sum:  0.1, Workers: 4
[1101.548s][debug][gc,phases      ] GC(83)     Dead                           Min: 0, Avg:  0.0, Max: 0, Diff: 0, Sum: 0, Workers: 4
[1101.548s][debug][gc,phases      ] GC(83)     Total                          Min: 0, Avg: 2431.0, Max: 5888, Diff: 5888, Sum: 9724, Workers: 4
[1101.548s][debug][gc,phases      ] GC(83)   JNI Weak                       Min:  0.0, Avg:  0.0, Max:  0.0, Diff:  0.0, Sum:  0.0, Workers: 4
[1101.548s][debug][gc,phases      ] GC(83)     Dead                           Min: 0, Avg:  0.0, Max: 0, Diff: 0, Sum: 0, Workers: 4
[1101.548s][debug][gc,phases      ] GC(83)     Total                          Min: 0, Avg: 11.2, Max: 45, Diff: 45, Sum: 45, Workers: 4
[1101.548s][debug][gc,phases      ] GC(83)   StringDedup Table Weak         Min:  0.0, Avg:  0.0, Max:  0.0, Diff:  0.0, Sum:  0.0, Workers: 4
[1101.548s][debug][gc,phases      ] GC(83)     Dead                           Min: 0, Avg:  0.0, Max: 0, Diff: 0, Sum: 0, Workers: 4
[1101.548s][debug][gc,phases      ] GC(83)     Total                          Min: 0, Avg:  0.0, Max: 0, Diff: 0, Sum: 0, Workers: 4
[1101.548s][debug][gc,phases      ] GC(83)   StringDedup Requests0 Weak     Min:  0.0, Avg:  0.0, Max:  0.0, Diff:  0.0, Sum:  0.0, Workers: 4
[1101.548s][debug][gc,phases      ] GC(83)     Dead                           Min: 0, Avg:  0.0, Max: 0, Diff: 0, Sum: 0, Workers: 4
[1101.548s][debug][gc,phases      ] GC(83)     Total                          Min: 0, Avg:  0.0, Max: 0, Diff: 0, Sum: 0, Workers: 4
[1101.548s][debug][gc,phases      ] GC(83)   StringDedup Requests1 Weak     Min:  0.0, Avg:  0.0, Max:  0.0, Diff:  0.0, Sum:  0.0, Workers: 4
[1101.548s][debug][gc,phases      ] GC(83)     Dead                           Min: 0, Avg:  0.0, Max: 0, Diff: 0, Sum: 0, Workers: 4
[1101.548s][debug][gc,phases      ] GC(83)     Total                          Min: 0, Avg:  0.0, Max: 0, Diff: 0, Sum: 0, Workers: 4
[1101.548s][debug][gc,phases      ] GC(83)   Weak JFR Old Object Samples    Min:  0.0, Avg:  0.0, Max:  0.0, Diff:  0.0, Sum:  0.0, Workers: 4
[1101.548s][debug][gc,phases      ] GC(83)     Dead                           Min: 0, Avg:  0.0, Max: 0, Diff: 0, Sum: 0, Workers: 4
[1101.548s][debug][gc,phases      ] GC(83)     Total                          Min: 0, Avg:  0.0, Max: 0, Diff: 0, Sum: 0, Workers: 4
[1101.548s][debug][gc,phases      ] GC(83) Weak Processing 0.349ms
[1101.548s][debug][gc,age         ] GC(83) Desired survivor size 17825792 bytes, new threshold 15 (max threshold 15)
[1101.548s][info ][gc,heap        ] GC(83) PSYoungGen: 2059344K(2077184K)->1152K(2079744K) Eden: 2058240K(2058240K)->0K(2061312K) From: 1104K(18944K)->1152K(18432K)
[1101.548s][info ][gc,heap        ] GC(83) ParOldGen: 358743K(458752K)->358767K(458752K)
[1101.548s][info ][gc,metaspace   ] GC(83) Metaspace: 82451K(83520K)->82451K(83520K) NonClass: 70578K(71168K)->70578K(71168K) Class: 11872K(12352K)->11872K(12352K)
[1101.548s][info ][gc             ] GC(83) Pause Young (Allocation Failure) 2361M->351M(2479M) 5.959ms
[1101.548s][info ][gc,cpu         ] GC(83) User=0.01s Sys=0.01s Real=0.01s
[1101.548s][info ][safepoint      ] Safepoint "ParallelGCFailedAllocation", Time since last: 11689278995 ns, Reaching safepoint: 40000 ns, At safepoint: 6017576 ns, Total: 6057576 ns
[1102.548s][info ][safepoint      ] Safepoint "Cleanup", Time since last: 1000079218 ns, Reaching safepoint: 100800 ns, At safepoint: 4500 ns, Total: 105300 ns
[1106.549s][info ][safepoint      ] Safepoint "Cleanup", Time since last: 4000306872 ns, Reaching safepoint: 105000 ns, At safepoint: 5800 ns, Total: 110800 ns
[1107.549s][info ][safepoint      ] Safepoint "Cleanup", Time since last: 1000109317 ns, Reaching safepoint: 115100 ns, At safepoint: 4300 ns, Total: 119400 ns
[1113.549s][info ][safepoint      ] Safepoint "Cleanup", Time since last: 6000458306 ns, Reaching safepoint: 115299 ns, At safepoint: 5100 ns, Total: 120399 ns
[1116.994s][info ][gc,start       ] GC(84) Pause Young (Allocation Failure)
[1116.999s][debug][gc,phases      ] GC(84) Scavenge 4.755ms
[1116.999s][debug][gc,ref         ] GC(84) Skipped phase 1 of Reference Processing: no references
[1116.999s][debug][gc,ref         ] GC(84) ReferenceProcessor::execute queues: 1, RefProcThreadModel::Single, marks_oops_alive: false
[1116.999s][debug][gc,ref         ] GC(84) Skipped phase 3 of Reference Processing: no references
[1116.999s][debug][gc,ref         ] GC(84) Skipped phase 4 of Reference Processing: no references
[1116.999s][debug][gc,phases      ] GC(84) Reference Processing 0.089ms
[1116.999s][debug][gc,phases      ] GC(84)   VM Weak                        Min:  0.0, Avg:  0.0, Max:  0.0, Diff:  0.0, Sum:  0.0, Workers: 4
[1116.999s][debug][gc,phases      ] GC(84)     Dead                           Min: 0, Avg:  0.0, Max: 0, Diff: 0, Sum: 0, Workers: 4
[1116.999s][debug][gc,phases      ] GC(84)     Total                          Min: 0, Avg: 210.8, Max: 779, Diff: 779, Sum: 843, Workers: 4
[1116.999s][debug][gc,phases      ] GC(84)   ObjectSynchronizer Weak        Min:  0.0, Avg:  0.0, Max:  0.0, Diff:  0.0, Sum:  0.0, Workers: 4
[1116.999s][debug][gc,phases      ] GC(84)     Dead                           Min: 0, Avg:  0.0, Max: 0, Diff: 0, Sum: 0, Workers: 4
[1116.999s][debug][gc,phases      ] GC(84)     Total                          Min: 0, Avg: 14.8, Max: 59, Diff: 59, Sum: 59, Workers: 4
[1116.999s][debug][gc,phases      ] GC(84)   JVMTI Tag Weak OopStorage      Min:  0.0, Avg:  0.0, Max:  0.0, Diff:  0.0, Sum:  0.0, Workers: 4
[1116.999s][debug][gc,phases      ] GC(84)     Dead                           Min: 0, Avg:  0.0, Max: 0, Diff: 0, Sum: 0, Workers: 4
[1116.999s][debug][gc,phases      ] GC(84)     Total                          Min: 0, Avg:  0.0, Max: 0, Diff: 0, Sum: 0, Workers: 4
[1116.999s][debug][gc,phases      ] GC(84)   StringTable Weak               Min:  0.0, Avg:  0.1, Max:  0.1, Diff:  0.1, Sum:  0.3, Workers: 4
[1116.999s][debug][gc,phases      ] GC(84)     Dead                           Min: 0, Avg:  0.0, Max: 0, Diff: 0, Sum: 0, Workers: 4
[1116.999s][debug][gc,phases      ] GC(84)     Total                          Min: 0, Avg: 11021.8, Max: 26359, Diff: 26359, Sum: 44087, Workers: 4
[1116.999s][debug][gc,phases      ] GC(84)   ResolvedMethodTable Weak       Min:  0.0, Avg:  0.0, Max:  0.0, Diff:  0.0, Sum:  0.1, Workers: 4
[1116.999s][debug][gc,phases      ] GC(84)     Dead                           Min: 0, Avg:  0.0, Max: 0, Diff: 0, Sum: 0, Workers: 4
[1116.999s][debug][gc,phases      ] GC(84)     Total                          Min: 0, Avg: 2431.0, Max: 5056, Diff: 5056, Sum: 9724, Workers: 4
[1116.999s][debug][gc,phases      ] GC(84)   JNI Weak                       Min:  0.0, Avg:  0.0, Max:  0.0, Diff:  0.0, Sum:  0.0, Workers: 4
[1116.999s][debug][gc,phases      ] GC(84)     Dead                           Min: 0, Avg:  0.0, Max: 0, Diff: 0, Sum: 0, Workers: 4
[1116.999s][debug][gc,phases      ] GC(84)     Total                          Min: 0, Avg: 11.2, Max: 45, Diff: 45, Sum: 45, Workers: 4
[1116.999s][debug][gc,phases      ] GC(84)   StringDedup Table Weak         Min:  0.0, Avg:  0.0, Max:  0.0, Diff:  0.0, Sum:  0.0, Workers: 4
[1116.999s][debug][gc,phases      ] GC(84)     Dead                           Min: 0, Avg:  0.0, Max: 0, Diff: 0, Sum: 0, Workers: 4
[1116.999s][debug][gc,phases      ] GC(84)     Total                          Min: 0, Avg:  0.0, Max: 0, Diff: 0, Sum: 0, Workers: 4
[1116.999s][debug][gc,phases      ] GC(84)   StringDedup Requests0 Weak     Min:  0.0, Avg:  0.0, Max:  0.0, Diff:  0.0, Sum:  0.0, Workers: 4
[1116.999s][debug][gc,phases      ] GC(84)     Dead                           Min: 0, Avg:  0.0, Max: 0, Diff: 0, Sum: 0, Workers: 4
[1116.999s][debug][gc,phases      ] GC(84)     Total                          Min: 0, Avg:  0.0, Max: 0, Diff: 0, Sum: 0, Workers: 4
[1116.999s][debug][gc,phases      ] GC(84)   StringDedup Requests1 Weak     Min:  0.0, Avg:  0.0, Max:  0.0, Diff:  0.0, Sum:  0.0, Workers: 4
[1116.999s][debug][gc,phases      ] GC(84)     Dead                           Min: 0, Avg:  0.0, Max: 0, Diff: 0, Sum: 0, Workers: 4
[1116.999s][debug][gc,phases      ] GC(84)     Total                          Min: 0, Avg:  0.0, Max: 0, Diff: 0, Sum: 0, Workers: 4
[1116.999s][debug][gc,phases      ] GC(84)   Weak JFR Old Object Samples    Min:  0.0, Avg:  0.0, Max:  0.0, Diff:  0.0, Sum:  0.0, Workers: 4
[1116.999s][debug][gc,phases      ] GC(84)     Dead                           Min: 0, Avg:  0.0, Max: 0, Diff: 0, Sum: 0, Workers: 4
[1116.999s][debug][gc,phases      ] GC(84)     Total                          Min: 0, Avg:  0.0, Max: 0, Diff: 0, Sum: 0, Workers: 4
[1116.999s][debug][gc,phases      ] GC(84) Weak Processing 0.357ms
[1116.999s][debug][gc,age         ] GC(84) Desired survivor size 16777216 bytes, new threshold 15 (max threshold 15)
[1116.999s][info ][gc,heap        ] GC(84) PSYoungGen: 2062464K(2079744K)->1184K(2078720K) Eden: 2061312K(2061312K)->0K(2061312K) From: 1152K(18432K)->1184K(17408K)
[1116.999s][info ][gc,heap        ] GC(84) ParOldGen: 358767K(458752K)->358767K(458752K)
[1116.999s][info ][gc,metaspace   ] GC(84) Metaspace: 82474K(83520K)->82474K(83520K) NonClass: 70601K(71168K)->70601K(71168K) Class: 11872K(12352K)->11872K(12352K)
[1116.999s][info ][gc             ] GC(84) Pause Young (Allocation Failure) 2364M->351M(2478M) 5.296ms
[1116.999s][info ][gc,cpu         ] GC(84) User=0.01s Sys=0.01s Real=0.01s
[1116.999s][info ][safepoint      ] Safepoint "ParallelGCFailedAllocation", Time since last: 3444517842 ns, Reaching safepoint: 29100 ns, At safepoint: 5354278 ns, Total: 5383378 ns
[1121.000s][info ][safepoint      ] Safepoint "Cleanup", Time since last: 4000259674 ns, Reaching safepoint: 59300 ns, At safepoint: 5000 ns, Total: 64300 ns
[1126.000s][info ][safepoint      ] Safepoint "Cleanup", Time since last: 5000381391 ns, Reaching safepoint: 40700 ns, At safepoint: 2500 ns, Total: 43200 ns
[1127.000s][info ][safepoint      ] Safepoint "Cleanup", Time since last: 1000107018 ns, Reaching safepoint: 37600 ns, At safepoint: 2700 ns, Total: 40300 ns
[1130.000s][info ][safepoint      ] Safepoint "Cleanup", Time since last: 3000259455 ns, Reaching safepoint: 35100 ns, At safepoint: 2600 ns, Total: 37700 ns
[1132.820s][info ][gc,start       ] GC(85) Pause Young (Allocation Failure)
[1132.824s][debug][gc,phases      ] GC(85) Scavenge 4.073ms
[1132.824s][debug][gc,ref         ] GC(85) Skipped phase 1 of Reference Processing: no references
[1132.824s][debug][gc,ref         ] GC(85) ReferenceProcessor::execute queues: 1, RefProcThreadModel::Single, marks_oops_alive: false
[1132.824s][debug][gc,ref         ] GC(85) Skipped phase 3 of Reference Processing: no references
[1132.824s][debug][gc,ref         ] GC(85) Skipped phase 4 of Reference Processing: no references
[1132.824s][debug][gc,phases      ] GC(85) Reference Processing 0.087ms
[1132.825s][debug][gc,phases      ] GC(85)   VM Weak                        Min:  0.0, Avg:  0.0, Max:  0.0, Diff:  0.0, Sum:  0.0, Workers: 4
[1132.825s][debug][gc,phases      ] GC(85)     Dead                           Min: 0, Avg:  0.0, Max: 0, Diff: 0, Sum: 0, Workers: 4
[1132.825s][debug][gc,phases      ] GC(85)     Total                          Min: 0, Avg: 210.8, Max: 640, Diff: 640, Sum: 843, Workers: 4
[1132.825s][debug][gc,phases      ] GC(85)   ObjectSynchronizer Weak        Min:  0.0, Avg:  0.0, Max:  0.0, Diff:  0.0, Sum:  0.0, Workers: 4
[1132.825s][debug][gc,phases      ] GC(85)     Dead                           Min: 0, Avg:  0.0, Max: 0, Diff: 0, Sum: 0, Workers: 4
[1132.825s][debug][gc,phases      ] GC(85)     Total                          Min: 0, Avg: 14.8, Max: 59, Diff: 59, Sum: 59, Workers: 4
[1132.825s][debug][gc,phases      ] GC(85)   JVMTI Tag Weak OopStorage      Min:  0.0, Avg:  0.0, Max:  0.0, Diff:  0.0, Sum:  0.0, Workers: 4
[1132.825s][debug][gc,phases      ] GC(85)     Dead                           Min: 0, Avg:  0.0, Max: 0, Diff: 0, Sum: 0, Workers: 4
[1132.825s][debug][gc,phases      ] GC(85)     Total                          Min: 0, Avg:  0.0, Max: 0, Diff: 0, Sum: 0, Workers: 4
[1132.825s][debug][gc,phases      ] GC(85)   StringTable Weak               Min:  0.0, Avg:  0.1, Max:  0.1, Diff:  0.1, Sum:  0.4, Workers: 4
[1132.825s][debug][gc,phases      ] GC(85)     Dead                           Min: 0, Avg:  0.0, Max: 0, Diff: 0, Sum: 0, Workers: 4
[1132.825s][debug][gc,phases      ] GC(85)     Total                          Min: 0, Avg: 11021.8, Max: 17024, Diff: 17024, Sum: 44087, Workers: 4
[1132.825s][debug][gc,phases      ] GC(85)   ResolvedMethodTable Weak       Min:  0.0, Avg:  0.0, Max:  0.0, Diff:  0.0, Sum:  0.1, Workers: 4
[1132.825s][debug][gc,phases      ] GC(85)     Dead                           Min: 0, Avg:  0.0, Max: 0, Diff: 0, Sum: 0, Workers: 4
[1132.825s][debug][gc,phases      ] GC(85)     Total                          Min: 0, Avg: 2431.0, Max: 4736, Diff: 4736, Sum: 9724, Workers: 4
[1132.825s][debug][gc,phases      ] GC(85)   JNI Weak                       Min:  0.0, Avg:  0.0, Max:  0.0, Diff:  0.0, Sum:  0.0, Workers: 4
[1132.825s][debug][gc,phases      ] GC(85)     Dead                           Min: 0, Avg:  0.0, Max: 0, Diff: 0, Sum: 0, Workers: 4
[1132.825s][debug][gc,phases      ] GC(85)     Total                          Min: 0, Avg: 11.2, Max: 45, Diff: 45, Sum: 45, Workers: 4
[1132.825s][debug][gc,phases      ] GC(85)   StringDedup Table Weak         Min:  0.0, Avg:  0.0, Max:  0.0, Diff:  0.0, Sum:  0.0, Workers: 4
[1132.825s][debug][gc,phases      ] GC(85)     Dead                           Min: 0, Avg:  0.0, Max: 0, Diff: 0, Sum: 0, Workers: 4
[1132.825s][debug][gc,phases      ] GC(85)     Total                          Min: 0, Avg:  0.0, Max: 0, Diff: 0, Sum: 0, Workers: 4
[1132.825s][debug][gc,phases      ] GC(85)   StringDedup Requests0 Weak     Min:  0.0, Avg:  0.0, Max:  0.0, Diff:  0.0, Sum:  0.0, Workers: 4
[1132.825s][debug][gc,phases      ] GC(85)     Dead                           Min: 0, Avg:  0.0, Max: 0, Diff: 0, Sum: 0, Workers: 4
[1132.825s][debug][gc,phases      ] GC(85)     Total                          Min: 0, Avg:  0.0, Max: 0, Diff: 0, Sum: 0, Workers: 4
[1132.825s][debug][gc,phases      ] GC(85)   StringDedup Requests1 Weak     Min:  0.0, Avg:  0.0, Max:  0.0, Diff:  0.0, Sum:  0.0, Workers: 4
[1132.825s][debug][gc,phases      ] GC(85)     Dead                           Min: 0, Avg:  0.0, Max: 0, Diff: 0, Sum: 0, Workers: 4
[1132.825s][debug][gc,phases      ] GC(85)     Total                          Min: 0, Avg:  0.0, Max: 0, Diff: 0, Sum: 0, Workers: 4
[1132.825s][debug][gc,phases      ] GC(85)   Weak JFR Old Object Samples    Min:  0.0, Avg:  0.0, Max:  0.0, Diff:  0.0, Sum:  0.0, Workers: 4
[1132.825s][debug][gc,phases      ] GC(85)     Dead                           Min: 0, Avg:  0.0, Max: 0, Diff: 0, Sum: 0, Workers: 4
[1132.825s][debug][gc,phases      ] GC(85)     Total                          Min: 0, Avg:  0.0, Max: 0, Diff: 0, Sum: 0, Workers: 4
[1132.825s][debug][gc,phases      ] GC(85) Weak Processing 0.331ms
[1132.825s][debug][gc,age         ] GC(85) Desired survivor size 15728640 bytes, new threshold 15 (max threshold 15)
[1132.825s][info ][gc,heap        ] GC(85) PSYoungGen: 2062496K(2078720K)->1216K(2081792K) Eden: 2061312K(2061312K)->0K(2065408K) From: 1184K(17408K)->1216K(16384K)
[1132.825s][info ][gc,heap        ] GC(85) ParOldGen: 358767K(458752K)->358783K(458752K)
[1132.825s][info ][gc,metaspace   ] GC(85) Metaspace: 82489K(83520K)->82489K(83520K) NonClass: 70616K(71168K)->70616K(71168K) Class: 11872K(12352K)->11872K(12352K)
[1132.825s][info ][gc             ] GC(85) Pause Young (Allocation Failure) 2364M->351M(2481M) 4.610ms
[1132.825s][info ][gc,cpu         ] GC(85) User=0.02s Sys=0.00s Real=0.00s
[1132.825s][info ][safepoint      ] Safepoint "ParallelGCFailedAllocation", Time since last: 2819518692 ns, Reaching safepoint: 31100 ns, At safepoint: 4686281 ns, Total: 4717381 ns
[1140.825s][info ][safepoint      ] Safepoint "Cleanup", Time since last: 8000466939 ns, Reaching safepoint: 38800 ns, At safepoint: 3000 ns, Total: 41800 ns
[1144.826s][info ][safepoint      ] Safepoint "Cleanup", Time since last: 4000276666 ns, Reaching safepoint: 37000 ns, At safepoint: 20100 ns, Total: 57100 ns
[1148.600s][info ][gc,start       ] GC(86) Pause Young (Allocation Failure)
[1148.605s][debug][gc,phases      ] GC(86) Scavenge 4.892ms
[1148.605s][debug][gc,ref         ] GC(86) Skipped phase 1 of Reference Processing: no references
[1148.605s][debug][gc,ref         ] GC(86) ReferenceProcessor::execute queues: 1, RefProcThreadModel::Single, marks_oops_alive: false
[1148.605s][debug][gc,ref         ] GC(86) Skipped phase 3 of Reference Processing: no references
[1148.605s][debug][gc,ref         ] GC(86) Skipped phase 4 of Reference Processing: no references
[1148.605s][debug][gc,phases      ] GC(86) Reference Processing 0.088ms
[1148.605s][debug][gc,phases      ] GC(86)   VM Weak                        Min:  0.0, Avg:  0.0, Max:  0.0, Diff:  0.0, Sum:  0.0, Workers: 4
[1148.605s][debug][gc,phases      ] GC(86)     Dead                           Min: 0, Avg:  0.0, Max: 0, Diff: 0, Sum: 0, Workers: 4
[1148.605s][debug][gc,phases      ] GC(86)     Total                          Min: 0, Avg: 210.8, Max: 448, Diff: 448, Sum: 843, Workers: 4
[1148.605s][debug][gc,phases      ] GC(86)   ObjectSynchronizer Weak        Min:  0.0, Avg:  0.0, Max:  0.0, Diff:  0.0, Sum:  0.0, Workers: 4
[1148.605s][debug][gc,phases      ] GC(86)     Dead                           Min: 0, Avg:  0.0, Max: 0, Diff: 0, Sum: 0, Workers: 4
[1148.605s][debug][gc,phases      ] GC(86)     Total                          Min: 0, Avg: 14.8, Max: 59, Diff: 59, Sum: 59, Workers: 4
[1148.605s][debug][gc,phases      ] GC(86)   JVMTI Tag Weak OopStorage      Min:  0.0, Avg:  0.0, Max:  0.0, Diff:  0.0, Sum:  0.0, Workers: 4
[1148.605s][debug][gc,phases      ] GC(86)     Dead                           Min: 0, Avg:  0.0, Max: 0, Diff: 0, Sum: 0, Workers: 4
[1148.605s][debug][gc,phases      ] GC(86)     Total                          Min: 0, Avg:  0.0, Max: 0, Diff: 0, Sum: 0, Workers: 4
[1148.605s][debug][gc,phases      ] GC(86)   StringTable Weak               Min:  0.0, Avg:  0.1, Max:  0.1, Diff:  0.1, Sum:  0.4, Workers: 4
[1148.605s][debug][gc,phases      ] GC(86)     Dead                           Min: 0, Avg:  0.0, Max: 0, Diff: 0, Sum: 0, Workers: 4
[1148.605s][debug][gc,phases      ] GC(86)     Total                          Min: 0, Avg: 11021.8, Max: 15159, Diff: 15159, Sum: 44087, Workers: 4
[1148.605s][debug][gc,phases      ] GC(86)   ResolvedMethodTable Weak       Min:  0.0, Avg:  0.0, Max:  0.0, Diff:  0.0, Sum:  0.1, Workers: 4
[1148.605s][debug][gc,phases      ] GC(86)     Dead                           Min: 0, Avg:  0.0, Max: 0, Diff: 0, Sum: 0, Workers: 4
[1148.605s][debug][gc,phases      ] GC(86)     Total                          Min: 0, Avg: 2431.0, Max: 3264, Diff: 3264, Sum: 9724, Workers: 4
[1148.605s][debug][gc,phases      ] GC(86)   JNI Weak                       Min:  0.0, Avg:  0.0, Max:  0.0, Diff:  0.0, Sum:  0.0, Workers: 4
[1148.605s][debug][gc,phases      ] GC(86)     Dead                           Min: 0, Avg:  0.0, Max: 0, Diff: 0, Sum: 0, Workers: 4
[1148.605s][debug][gc,phases      ] GC(86)     Total                          Min: 0, Avg: 11.2, Max: 45, Diff: 45, Sum: 45, Workers: 4
[1148.605s][debug][gc,phases      ] GC(86)   StringDedup Table Weak         Min:  0.0, Avg:  0.0, Max:  0.0, Diff:  0.0, Sum:  0.0, Workers: 4
[1148.605s][debug][gc,phases      ] GC(86)     Dead                           Min: 0, Avg:  0.0, Max: 0, Diff: 0, Sum: 0, Workers: 4
[1148.605s][debug][gc,phases      ] GC(86)     Total                          Min: 0, Avg:  0.0, Max: 0, Diff: 0, Sum: 0, Workers: 4
[1148.605s][debug][gc,phases      ] GC(86)   StringDedup Requests0 Weak     Min:  0.0, Avg:  0.0, Max:  0.0, Diff:  0.0, Sum:  0.0, Workers: 4
[1148.605s][debug][gc,phases      ] GC(86)     Dead                           Min: 0, Avg:  0.0, Max: 0, Diff: 0, Sum: 0, Workers: 4
[1148.605s][debug][gc,phases      ] GC(86)     Total                          Min: 0, Avg:  0.0, Max: 0, Diff: 0, Sum: 0, Workers: 4
[1148.605s][debug][gc,phases      ] GC(86)   StringDedup Requests1 Weak     Min:  0.0, Avg:  0.0, Max:  0.0, Diff:  0.0, Sum:  0.0, Workers: 4
[1148.605s][debug][gc,phases      ] GC(86)     Dead                           Min: 0, Avg:  0.0, Max: 0, Diff: 0, Sum: 0, Workers: 4
[1148.605s][debug][gc,phases      ] GC(86)     Total                          Min: 0, Avg:  0.0, Max: 0, Diff: 0, Sum: 0, Workers: 4
[1148.605s][debug][gc,phases      ] GC(86)   Weak JFR Old Object Samples    Min:  0.0, Avg:  0.0, Max:  0.0, Diff:  0.0, Sum:  0.0, Workers: 4
[1148.605s][debug][gc,phases      ] GC(86)     Dead                           Min: 0, Avg:  0.0, Max: 0, Diff: 0, Sum: 0, Workers: 4
[1148.605s][debug][gc,phases      ] GC(86)     Total                          Min: 0, Avg:  0.0, Max: 0, Diff: 0, Sum: 0, Workers: 4
[1148.605s][debug][gc,phases      ] GC(86) Weak Processing 0.324ms
[1148.605s][debug][gc,age         ] GC(86) Desired survivor size 15204352 bytes, new threshold 15 (max threshold 15)
[1148.605s][info ][gc,heap        ] GC(86) PSYoungGen: 2066624K(2081792K)->1216K(2080768K) Eden: 2065408K(2065408K)->0K(2065408K) From: 1216K(16384K)->1216K(15360K)
[1148.605s][info ][gc,heap        ] GC(86) ParOldGen: 358783K(458752K)->358791K(458752K)
[1148.605s][info ][gc,metaspace   ] GC(86) Metaspace: 82492K(83520K)->82492K(83520K) NonClass: 70619K(71168K)->70619K(71168K) Class: 11872K(12352K)->11872K(12352K)
[1148.605s][info ][gc             ] GC(86) Pause Young (Allocation Failure) 2368M->351M(2480M) 5.415ms
[1148.605s][info ][gc,cpu         ] GC(86) User=0.01s Sys=0.00s Real=0.00s
[1148.605s][info ][safepoint      ] Safepoint "ParallelGCFailedAllocation", Time since last: 3774291994 ns, Reaching safepoint: 41700 ns, At safepoint: 5480878 ns, Total: 5522578 ns
[1151.606s][info ][safepoint      ] Safepoint "Cleanup", Time since last: 3000213154 ns, Reaching safepoint: 58400 ns, At safepoint: 2300 ns, Total: 60700 ns
[1155.606s][info ][safepoint      ] Safepoint "Cleanup", Time since last: 4000325569 ns, Reaching safepoint: 41400 ns, At safepoint: 3000 ns, Total: 44400 ns
[1158.606s][info ][safepoint      ] Safepoint "Cleanup", Time since last: 3000256650 ns, Reaching safepoint: 53200 ns, At safepoint: 2800 ns, Total: 56000 ns
[1166.745s][info ][gc,start       ] GC(87) Pause Young (Allocation Failure)
[1166.750s][debug][gc,phases      ] GC(87) Scavenge 5.562ms
[1166.750s][debug][gc,ref         ] GC(87) Skipped phase 1 of Reference Processing: no references
[1166.751s][debug][gc,ref         ] GC(87) ReferenceProcessor::execute queues: 1, RefProcThreadModel::Single, marks_oops_alive: false
[1166.751s][debug][gc,ref         ] GC(87) Skipped phase 3 of Reference Processing: no references
[1166.751s][debug][gc,ref         ] GC(87) ReferenceProcessor::execute queues: 1, RefProcThreadModel::Single, marks_oops_alive: false
[1166.751s][debug][gc,phases      ] GC(87) Reference Processing 0.090ms
[1166.751s][debug][gc,phases      ] GC(87)   VM Weak                        Min:  0.0, Avg:  0.0, Max:  0.0, Diff:  0.0, Sum:  0.0, Workers: 4
[1166.751s][debug][gc,phases      ] GC(87)     Dead                           Min: 0, Avg:  0.0, Max: 0, Diff: 0, Sum: 0, Workers: 4
[1166.751s][debug][gc,phases      ] GC(87)     Total                          Min: 0, Avg: 210.8, Max: 448, Diff: 448, Sum: 843, Workers: 4
[1166.751s][debug][gc,phases      ] GC(87)   ObjectSynchronizer Weak        Min:  0.0, Avg:  0.0, Max:  0.0, Diff:  0.0, Sum:  0.0, Workers: 4
[1166.751s][debug][gc,phases      ] GC(87)     Dead                           Min: 0, Avg:  0.0, Max: 0, Diff: 0, Sum: 0, Workers: 4
[1166.751s][debug][gc,phases      ] GC(87)     Total                          Min: 0, Avg: 14.8, Max: 59, Diff: 59, Sum: 59, Workers: 4
[1166.751s][debug][gc,phases      ] GC(87)   JVMTI Tag Weak OopStorage      Min:  0.0, Avg:  0.0, Max:  0.0, Diff:  0.0, Sum:  0.0, Workers: 4
[1166.751s][debug][gc,phases      ] GC(87)     Dead                           Min: 0, Avg:  0.0, Max: 0, Diff: 0, Sum: 0, Workers: 4
[1166.751s][debug][gc,phases      ] GC(87)     Total                          Min: 0, Avg:  0.0, Max: 0, Diff: 0, Sum: 0, Workers: 4
[1166.751s][debug][gc,phases      ] GC(87)   StringTable Weak               Min:  0.0, Avg:  0.1, Max:  0.1, Diff:  0.1, Sum:  0.4, Workers: 4
[1166.751s][debug][gc,phases      ] GC(87)     Dead                           Min: 0, Avg:  0.0, Max: 0, Diff: 0, Sum: 0, Workers: 4
[1166.751s][debug][gc,phases      ] GC(87)     Total                          Min: 0, Avg: 11022.0, Max: 15039, Diff: 15039, Sum: 44088, Workers: 4
[1166.751s][debug][gc,phases      ] GC(87)   ResolvedMethodTable Weak       Min:  0.0, Avg:  0.0, Max:  0.0, Diff:  0.0, Sum:  0.1, Workers: 4
[1166.751s][debug][gc,phases      ] GC(87)     Dead                           Min: 0, Avg:  0.0, Max: 0, Diff: 0, Sum: 0, Workers: 4
[1166.751s][debug][gc,phases      ] GC(87)     Total                          Min: 0, Avg: 2431.0, Max: 3264, Diff: 3264, Sum: 9724, Workers: 4
[1166.751s][debug][gc,phases      ] GC(87)   JNI Weak                       Min:  0.0, Avg:  0.0, Max:  0.0, Diff:  0.0, Sum:  0.0, Workers: 4
[1166.751s][debug][gc,phases      ] GC(87)     Dead                           Min: 0, Avg:  0.0, Max: 0, Diff: 0, Sum: 0, Workers: 4
[1166.751s][debug][gc,phases      ] GC(87)     Total                          Min: 0, Avg: 11.2, Max: 45, Diff: 45, Sum: 45, Workers: 4
[1166.751s][debug][gc,phases      ] GC(87)   StringDedup Table Weak         Min:  0.0, Avg:  0.0, Max:  0.0, Diff:  0.0, Sum:  0.0, Workers: 4
[1166.751s][debug][gc,phases      ] GC(87)     Dead                           Min: 0, Avg:  0.0, Max: 0, Diff: 0, Sum: 0, Workers: 4
[1166.751s][debug][gc,phases      ] GC(87)     Total                          Min: 0, Avg:  0.0, Max: 0, Diff: 0, Sum: 0, Workers: 4
[1166.751s][debug][gc,phases      ] GC(87)   StringDedup Requests0 Weak     Min:  0.0, Avg:  0.0, Max:  0.0, Diff:  0.0, Sum:  0.0, Workers: 4
[1166.751s][debug][gc,phases      ] GC(87)     Dead                           Min: 0, Avg:  0.0, Max: 0, Diff: 0, Sum: 0, Workers: 4
[1166.751s][debug][gc,phases      ] GC(87)     Total                          Min: 0, Avg:  0.0, Max: 0, Diff: 0, Sum: 0, Workers: 4
[1166.751s][debug][gc,phases      ] GC(87)   StringDedup Requests1 Weak     Min:  0.0, Avg:  0.0, Max:  0.0, Diff:  0.0, Sum:  0.0, Workers: 4
[1166.751s][debug][gc,phases      ] GC(87)     Dead                           Min: 0, Avg:  0.0, Max: 0, Diff: 0, Sum: 0, Workers: 4
[1166.751s][debug][gc,phases      ] GC(87)     Total                          Min: 0, Avg:  0.0, Max: 0, Diff: 0, Sum: 0, Workers: 4
[1166.751s][debug][gc,phases      ] GC(87)   Weak JFR Old Object Samples    Min:  0.0, Avg:  0.0, Max:  0.0, Diff:  0.0, Sum:  0.0, Workers: 4
[1166.751s][debug][gc,phases      ] GC(87)     Dead                           Min: 0, Avg:  0.0, Max: 0, Diff: 0, Sum: 0, Workers: 4
[1166.751s][debug][gc,phases      ] GC(87)     Total                          Min: 0, Avg:  0.0, Max: 0, Diff: 0, Sum: 0, Workers: 4
[1166.751s][debug][gc,phases      ] GC(87) Weak Processing 0.316ms
[1166.751s][debug][gc,age         ] GC(87) Desired survivor size 14155776 bytes, new threshold 15 (max threshold 15)
[1166.751s][info ][gc,heap        ] GC(87) PSYoungGen: 2066624K(2080768K)->1216K(2083328K) Eden: 2065408K(2065408K)->0K(2068480K) From: 1216K(15360K)->1216K(14848K)
[1166.751s][info ][gc,heap        ] GC(87) ParOldGen: 358791K(458752K)->358815K(458752K)
[1166.751s][info ][gc,metaspace   ] GC(87) Metaspace: 82504K(83520K)->82504K(83520K) NonClass: 70631K(71168K)->70631K(71168K) Class: 11872K(12352K)->11872K(12352K)
[1166.751s][info ][gc             ] GC(87) Pause Young (Allocation Failure) 2368M->351M(2482M) 6.067ms
[1166.751s][info ][gc,cpu         ] GC(87) User=0.01s Sys=0.00s Real=0.01s
[1166.751s][info ][safepoint      ] Safepoint "ParallelGCFailedAllocation", Time since last: 8138443186 ns, Reaching safepoint: 28600 ns, At safepoint: 6125775 ns, Total: 6154375 ns
[1167.751s][info ][safepoint      ] Safepoint "Cleanup", Time since last: 1000079919 ns, Reaching safepoint: 40700 ns, At safepoint: 5200 ns, Total: 45900 ns
[1179.752s][info ][safepoint      ] Safepoint "Cleanup", Time since last: 12000831058 ns, Reaching safepoint: 31599 ns, At safepoint: 2700 ns, Total: 34299 ns
[1181.752s][info ][safepoint      ] Safepoint "Cleanup", Time since last: 2000178482 ns, Reaching safepoint: 39200 ns, At safepoint: 2200 ns, Total: 41400 ns
[1182.896s][info ][gc,start       ] GC(88) Pause Young (Allocation Failure)
[1182.900s][debug][gc,phases      ] GC(88) Scavenge 4.768ms
[1182.900s][debug][gc,ref         ] GC(88) Skipped phase 1 of Reference Processing: no references
[1182.900s][debug][gc,ref         ] GC(88) ReferenceProcessor::execute queues: 1, RefProcThreadModel::Single, marks_oops_alive: false
[1182.901s][debug][gc,ref         ] GC(88) Skipped phase 3 of Reference Processing: no references
[1182.901s][debug][gc,ref         ] GC(88) ReferenceProcessor::execute queues: 1, RefProcThreadModel::Single, marks_oops_alive: false
[1182.901s][debug][gc,phases      ] GC(88) Reference Processing 0.091ms
[1182.901s][debug][gc,phases      ] GC(88)   VM Weak                        Min:  0.0, Avg:  0.0, Max:  0.0, Diff:  0.0, Sum:  0.0, Workers: 4
[1182.901s][debug][gc,phases      ] GC(88)     Dead                           Min: 0, Avg:  0.0, Max: 0, Diff: 0, Sum: 0, Workers: 4
[1182.901s][debug][gc,phases      ] GC(88)     Total                          Min: 0, Avg: 210.8, Max: 843, Diff: 843, Sum: 843, Workers: 4
[1182.901s][debug][gc,phases      ] GC(88)   ObjectSynchronizer Weak        Min:  0.0, Avg:  0.0, Max:  0.0, Diff:  0.0, Sum:  0.0, Workers: 4
[1182.901s][debug][gc,phases      ] GC(88)     Dead                           Min: 0, Avg:  0.0, Max: 0, Diff: 0, Sum: 0, Workers: 4
[1182.901s][debug][gc,phases      ] GC(88)     Total                          Min: 0, Avg: 14.8, Max: 59, Diff: 59, Sum: 59, Workers: 4
[1182.901s][debug][gc,phases      ] GC(88)   JVMTI Tag Weak OopStorage      Min:  0.0, Avg:  0.0, Max:  0.0, Diff:  0.0, Sum:  0.0, Workers: 4
[1182.901s][debug][gc,phases      ] GC(88)     Dead                           Min: 0, Avg:  0.0, Max: 0, Diff: 0, Sum: 0, Workers: 4
[1182.901s][debug][gc,phases      ] GC(88)     Total                          Min: 0, Avg:  0.0, Max: 0, Diff: 0, Sum: 0, Workers: 4
[1182.901s][debug][gc,phases      ] GC(88)   StringTable Weak               Min:  0.0, Avg:  0.1, Max:  0.2, Diff:  0.2, Sum:  0.4, Workers: 4
[1182.901s][debug][gc,phases      ] GC(88)     Dead                           Min: 0, Avg:  0.0, Max: 0, Diff: 0, Sum: 0, Workers: 4
[1182.901s][debug][gc,phases      ] GC(88)     Total                          Min: 0, Avg: 11022.0, Max: 22584, Diff: 22584, Sum: 44088, Workers: 4
[1182.901s][debug][gc,phases      ] GC(88)   ResolvedMethodTable Weak       Min:  0.0, Avg:  0.0, Max:  0.0, Diff:  0.0, Sum:  0.1, Workers: 4
[1182.901s][debug][gc,phases      ] GC(88)     Dead                           Min: 0, Avg:  0.0, Max: 0, Diff: 0, Sum: 0, Workers: 4
[1182.901s][debug][gc,phases      ] GC(88)     Total                          Min: 0, Avg: 2431.0, Max: 5056, Diff: 5056, Sum: 9724, Workers: 4
[1182.901s][debug][gc,phases      ] GC(88)   JNI Weak                       Min:  0.0, Avg:  0.0, Max:  0.0, Diff:  0.0, Sum:  0.0, Workers: 4
[1182.901s][debug][gc,phases      ] GC(88)     Dead                           Min: 0, Avg:  0.0, Max: 0, Diff: 0, Sum: 0, Workers: 4
[1182.901s][debug][gc,phases      ] GC(88)     Total                          Min: 0, Avg: 11.2, Max: 45, Diff: 45, Sum: 45, Workers: 4
[1182.901s][debug][gc,phases      ] GC(88)   StringDedup Table Weak         Min:  0.0, Avg:  0.0, Max:  0.0, Diff:  0.0, Sum:  0.0, Workers: 4
[1182.901s][debug][gc,phases      ] GC(88)     Dead                           Min: 0, Avg:  0.0, Max: 0, Diff: 0, Sum: 0, Workers: 4
[1182.901s][debug][gc,phases      ] GC(88)     Total                          Min: 0, Avg:  0.0, Max: 0, Diff: 0, Sum: 0, Workers: 4
[1182.901s][debug][gc,phases      ] GC(88)   StringDedup Requests0 Weak     Min:  0.0, Avg:  0.0, Max:  0.0, Diff:  0.0, Sum:  0.0, Workers: 4
[1182.901s][debug][gc,phases      ] GC(88)     Dead                           Min: 0, Avg:  0.0, Max: 0, Diff: 0, Sum: 0, Workers: 4
[1182.901s][debug][gc,phases      ] GC(88)     Total                          Min: 0, Avg:  0.0, Max: 0, Diff: 0, Sum: 0, Workers: 4
[1182.901s][debug][gc,phases      ] GC(88)   StringDedup Requests1 Weak     Min:  0.0, Avg:  0.0, Max:  0.0, Diff:  0.0, Sum:  0.0, Workers: 4
[1182.901s][debug][gc,phases      ] GC(88)     Dead                           Min: 0, Avg:  0.0, Max: 0, Diff: 0, Sum: 0, Workers: 4
[1182.901s][debug][gc,phases      ] GC(88)     Total                          Min: 0, Avg:  0.0, Max: 0, Diff: 0, Sum: 0, Workers: 4
[1182.901s][debug][gc,phases      ] GC(88)   Weak JFR Old Object Samples    Min:  0.0, Avg:  0.0, Max:  0.0, Diff:  0.0, Sum:  0.0, Workers: 4
[1182.901s][debug][gc,phases      ] GC(88)     Dead                           Min: 0, Avg:  0.0, Max: 0, Diff: 0, Sum: 0, Workers: 4
[1182.901s][debug][gc,phases      ] GC(88)     Total                          Min: 0, Avg:  0.0, Max: 0, Diff: 0, Sum: 0, Workers: 4
[1182.901s][debug][gc,phases      ] GC(88) Weak Processing 0.528ms
[1182.901s][debug][gc,age         ] GC(88) Desired survivor size 13107200 bytes, new threshold 15 (max threshold 15)
[1182.901s][info ][gc,heap        ] GC(88) PSYoungGen: 2069696K(2083328K)->1232K(2082304K) Eden: 2068480K(2068480K)->0K(2068480K) From: 1216K(14848K)->1232K(13824K)
[1182.901s][info ][gc,heap        ] GC(88) ParOldGen: 358815K(458752K)->358823K(458752K)
[1182.901s][info ][gc,metaspace   ] GC(88) Metaspace: 82508K(83520K)->82508K(83520K) NonClass: 70635K(71168K)->70635K(71168K) Class: 11872K(12352K)->11872K(12352K)
[1182.901s][info ][gc             ] GC(88) Pause Young (Allocation Failure) 2371M->351M(2481M) 5.508ms
[1182.901s][info ][gc,cpu         ] GC(88) User=0.01s Sys=0.00s Real=0.00s
[1182.901s][info ][safepoint      ] Safepoint "ParallelGCFailedAllocation", Time since last: 1143382802 ns, Reaching safepoint: 34700 ns, At safepoint: 5586277 ns, Total: 5620977 ns
[1183.901s][info ][safepoint      ] Safepoint "Cleanup", Time since last: 1000096091 ns, Reaching safepoint: 113999 ns, At safepoint: 5000 ns, Total: 118999 ns
[1198.892s][info ][gc,start       ] GC(89) Pause Young (Allocation Failure)
[1198.897s][debug][gc,phases      ] GC(89) Scavenge 4.846ms
[1198.897s][debug][gc,ref         ] GC(89) Skipped phase 1 of Reference Processing: no references
[1198.897s][debug][gc,ref         ] GC(89) ReferenceProcessor::execute queues: 1, RefProcThreadModel::Single, marks_oops_alive: false
[1198.897s][debug][gc,ref         ] GC(89) Skipped phase 3 of Reference Processing: no references
[1198.897s][debug][gc,ref         ] GC(89) Skipped phase 4 of Reference Processing: no references
[1198.897s][debug][gc,phases      ] GC(89) Reference Processing 0.085ms
[1198.897s][debug][gc,phases      ] GC(89)   VM Weak                        Min:  0.0, Avg:  0.0, Max:  0.0, Diff:  0.0, Sum:  0.0, Workers: 4
[1198.897s][debug][gc,phases      ] GC(89)     Dead                           Min: 0, Avg:  0.0, Max: 0, Diff: 0, Sum: 0, Workers: 4
[1198.897s][debug][gc,phases      ] GC(89)     Total                          Min: 0, Avg: 210.8, Max: 640, Diff: 640, Sum: 843, Workers: 4
[1198.897s][debug][gc,phases      ] GC(89)   ObjectSynchronizer Weak        Min:  0.0, Avg:  0.0, Max:  0.0, Diff:  0.0, Sum:  0.0, Workers: 4
[1198.897s][debug][gc,phases      ] GC(89)     Dead                           Min: 0, Avg:  0.0, Max: 0, Diff: 0, Sum: 0, Workers: 4
[1198.897s][debug][gc,phases      ] GC(89)     Total                          Min: 0, Avg: 14.8, Max: 59, Diff: 59, Sum: 59, Workers: 4
[1198.897s][debug][gc,phases      ] GC(89)   JVMTI Tag Weak OopStorage      Min:  0.0, Avg:  0.0, Max:  0.0, Diff:  0.0, Sum:  0.0, Workers: 4
[1198.897s][debug][gc,phases      ] GC(89)     Dead                           Min: 0, Avg:  0.0, Max: 0, Diff: 0, Sum: 0, Workers: 4
[1198.897s][debug][gc,phases      ] GC(89)     Total                          Min: 0, Avg:  0.0, Max: 0, Diff: 0, Sum: 0, Workers: 4
[1198.897s][debug][gc,phases      ] GC(89)   StringTable Weak               Min:  0.0, Avg:  0.1, Max:  0.2, Diff:  0.2, Sum:  0.3, Workers: 4
[1198.897s][debug][gc,phases      ] GC(89)     Dead                           Min: 0, Avg:  0.0, Max: 0, Diff: 0, Sum: 0, Workers: 4
[1198.897s][debug][gc,phases      ] GC(89)     Total                          Min: 0, Avg: 11022.0, Max: 27135, Diff: 27135, Sum: 44088, Workers: 4
[1198.897s][debug][gc,phases      ] GC(89)   ResolvedMethodTable Weak       Min:  0.0, Avg:  0.0, Max:  0.0, Diff:  0.0, Sum:  0.1, Workers: 4
[1198.897s][debug][gc,phases      ] GC(89)     Dead                           Min: 0, Avg:  0.0, Max: 0, Diff: 0, Sum: 0, Workers: 4
[1198.897s][debug][gc,phases      ] GC(89)     Total                          Min: 0, Avg: 2431.0, Max: 5948, Diff: 5948, Sum: 9724, Workers: 4
[1198.897s][debug][gc,phases      ] GC(89)   JNI Weak                       Min:  0.0, Avg:  0.0, Max:  0.0, Diff:  0.0, Sum:  0.0, Workers: 4
[1198.897s][debug][gc,phases      ] GC(89)     Dead                           Min: 0, Avg:  0.0, Max: 0, Diff: 0, Sum: 0, Workers: 4
[1198.897s][debug][gc,phases      ] GC(89)     Total                          Min: 0, Avg: 11.2, Max: 45, Diff: 45, Sum: 45, Workers: 4
[1198.897s][debug][gc,phases      ] GC(89)   StringDedup Table Weak         Min:  0.0, Avg:  0.0, Max:  0.0, Diff:  0.0, Sum:  0.0, Workers: 4
[1198.897s][debug][gc,phases      ] GC(89)     Dead                           Min: 0, Avg:  0.0, Max: 0, Diff: 0, Sum: 0, Workers: 4
[1198.897s][debug][gc,phases      ] GC(89)     Total                          Min: 0, Avg:  0.0, Max: 0, Diff: 0, Sum: 0, Workers: 4
[1198.897s][debug][gc,phases      ] GC(89)   StringDedup Requests0 Weak     Min:  0.0, Avg:  0.0, Max:  0.0, Diff:  0.0, Sum:  0.0, Workers: 4
[1198.897s][debug][gc,phases      ] GC(89)     Dead                           Min: 0, Avg:  0.0, Max: 0, Diff: 0, Sum: 0, Workers: 4
[1198.897s][debug][gc,phases      ] GC(89)     Total                          Min: 0, Avg:  0.0, Max: 0, Diff: 0, Sum: 0, Workers: 4
[1198.897s][debug][gc,phases      ] GC(89)   StringDedup Requests1 Weak     Min:  0.0, Avg:  0.0, Max:  0.0, Diff:  0.0, Sum:  0.0, Workers: 4
[1198.897s][debug][gc,phases      ] GC(89)     Dead                           Min: 0, Avg:  0.0, Max: 0, Diff: 0, Sum: 0, Workers: 4
[1198.897s][debug][gc,phases      ] GC(89)     Total                          Min: 0, Avg:  0.0, Max: 0, Diff: 0, Sum: 0, Workers: 4
[1198.897s][debug][gc,phases      ] GC(89)   Weak JFR Old Object Samples    Min:  0.0, Avg:  0.0, Max:  0.0, Diff:  0.0, Sum:  0.0, Workers: 4
[1198.897s][debug][gc,phases      ] GC(89)     Dead                           Min: 0, Avg:  0.0, Max: 0, Diff: 0, Sum: 0, Workers: 4
[1198.897s][debug][gc,phases      ] GC(89)     Total                          Min: 0, Avg:  0.0, Max: 0, Diff: 0, Sum: 0, Workers: 4
[1198.897s][debug][gc,phases      ] GC(89) Weak Processing 0.362ms
[1198.897s][debug][gc,age         ] GC(89) Desired survivor size 12582912 bytes, new threshold 15 (max threshold 15)
[1198.897s][info ][gc,heap        ] GC(89) PSYoungGen: 2069712K(2082304K)->1200K(2084864K) Eden: 2068480K(2068480K)->0K(2072064K) From: 1232K(13824K)->1200K(12800K)
[1198.897s][info ][gc,heap        ] GC(89) ParOldGen: 358823K(458752K)->358847K(458752K)
[1198.897s][info ][gc,metaspace   ] GC(89) Metaspace: 82509K(83520K)->82509K(83520K) NonClass: 70636K(71168K)->70636K(71168K) Class: 11872K(12352K)->11872K(12352K)
[1198.897s][info ][gc             ] GC(89) Pause Young (Allocation Failure) 2371M->351M(2484M) 5.391ms
[1198.897s][info ][gc,cpu         ] GC(89) User=0.02s Sys=0.00s Real=0.01s
[1198.897s][info ][safepoint      ] Safepoint "ParallelGCFailedAllocation", Time since last: 14990180234 ns, Reaching safepoint: 30600 ns, At safepoint: 5453278 ns, Total: 5483878 ns
[1199.897s][info ][safepoint      ] Safepoint "Cleanup", Time since last: 1000081401 ns, Reaching safepoint: 115699 ns, At safepoint: 7600 ns, Total: 123299 ns
[1200.897s][info ][safepoint      ] Safepoint "Cleanup", Time since last: 1000116100 ns, Reaching safepoint: 114900 ns, At safepoint: 11600 ns, Total: 126500 ns
[1203.898s][info ][safepoint      ] Safepoint "Cleanup", Time since last: 3000269085 ns, Reaching safepoint: 110100 ns, At safepoint: 27600 ns, Total: 137700 ns
[1212.899s][info ][safepoint      ] Safepoint "Cleanup", Time since last: 9000652974 ns, Reaching safepoint: 48700 ns, At safepoint: 3600 ns, Total: 52300 ns
[1213.899s][info ][safepoint      ] Safepoint "Cleanup", Time since last: 1000108820 ns, Reaching safepoint: 40000 ns, At safepoint: 3100 ns, Total: 43100 ns
[1215.899s][info ][safepoint      ] Safepoint "Cleanup", Time since last: 2000182841 ns, Reaching safepoint: 102000 ns, At safepoint: 6300 ns, Total: 108300 ns
[1216.094s][info ][gc,start       ] GC(90) Pause Young (Allocation Failure)
[1216.100s][debug][gc,phases      ] GC(90) Scavenge 6.236ms
[1216.100s][debug][gc,ref         ] GC(90) Skipped phase 1 of Reference Processing: no references
[1216.100s][debug][gc,ref         ] GC(90) ReferenceProcessor::execute queues: 1, RefProcThreadModel::Single, marks_oops_alive: false
[1216.100s][debug][gc,ref         ] GC(90) Skipped phase 3 of Reference Processing: no references
[1216.100s][debug][gc,ref         ] GC(90) ReferenceProcessor::execute queues: 1, RefProcThreadModel::Single, marks_oops_alive: false
[1216.100s][debug][gc,phases      ] GC(90) Reference Processing 0.128ms
[1216.101s][debug][gc,phases      ] GC(90)   VM Weak                        Min:  0.0, Avg:  0.0, Max:  0.0, Diff:  0.0, Sum:  0.0, Workers: 4
[1216.101s][debug][gc,phases      ] GC(90)     Dead                           Min: 0, Avg:  0.0, Max: 0, Diff: 0, Sum: 0, Workers: 4
[1216.101s][debug][gc,phases      ] GC(90)     Total                          Min: 0, Avg: 210.8, Max: 448, Diff: 448, Sum: 843, Workers: 4
[1216.101s][debug][gc,phases      ] GC(90)   ObjectSynchronizer Weak        Min:  0.0, Avg:  0.0, Max:  0.0, Diff:  0.0, Sum:  0.0, Workers: 4
[1216.101s][debug][gc,phases      ] GC(90)     Dead                           Min: 0, Avg:  0.0, Max: 0, Diff: 0, Sum: 0, Workers: 4
[1216.101s][debug][gc,phases      ] GC(90)     Total                          Min: 0, Avg: 14.8, Max: 59, Diff: 59, Sum: 59, Workers: 4
[1216.101s][debug][gc,phases      ] GC(90)   JVMTI Tag Weak OopStorage      Min:  0.0, Avg:  0.0, Max:  0.0, Diff:  0.0, Sum:  0.0, Workers: 4
[1216.101s][debug][gc,phases      ] GC(90)     Dead                           Min: 0, Avg:  0.0, Max: 0, Diff: 0, Sum: 0, Workers: 4
[1216.101s][debug][gc,phases      ] GC(90)     Total                          Min: 0, Avg:  0.0, Max: 0, Diff: 0, Sum: 0, Workers: 4
[1216.101s][debug][gc,phases      ] GC(90)   StringTable Weak               Min:  0.0, Avg:  0.1, Max:  0.1, Diff:  0.1, Sum:  0.4, Workers: 4
[1216.101s][debug][gc,phases      ] GC(90)     Dead                           Min: 0, Avg:  0.0, Max: 0, Diff: 0, Sum: 0, Workers: 4
[1216.101s][debug][gc,phases      ] GC(90)     Total                          Min: 0, Avg: 11022.0, Max: 15103, Diff: 15103, Sum: 44088, Workers: 4
[1216.101s][debug][gc,phases      ] GC(90)   ResolvedMethodTable Weak       Min:  0.0, Avg:  0.0, Max:  0.0, Diff:  0.0, Sum:  0.1, Workers: 4
[1216.101s][debug][gc,phases      ] GC(90)     Dead                           Min: 0, Avg:  0.0, Max: 0, Diff: 0, Sum: 0, Workers: 4
[1216.101s][debug][gc,phases      ] GC(90)     Total                          Min: 0, Avg: 2431.0, Max: 3452, Diff: 3452, Sum: 9724, Workers: 4
[1216.101s][debug][gc,phases      ] GC(90)   JNI Weak                       Min:  0.0, Avg:  0.0, Max:  0.0, Diff:  0.0, Sum:  0.0, Workers: 4
[1216.101s][debug][gc,phases      ] GC(90)     Dead                           Min: 0, Avg:  0.0, Max: 0, Diff: 0, Sum: 0, Workers: 4
[1216.101s][debug][gc,phases      ] GC(90)     Total                          Min: 0, Avg: 11.2, Max: 45, Diff: 45, Sum: 45, Workers: 4
[1216.101s][debug][gc,phases      ] GC(90)   StringDedup Table Weak         Min:  0.0, Avg:  0.0, Max:  0.0, Diff:  0.0, Sum:  0.0, Workers: 4
[1216.101s][debug][gc,phases      ] GC(90)     Dead                           Min: 0, Avg:  0.0, Max: 0, Diff: 0, Sum: 0, Workers: 4
[1216.101s][debug][gc,phases      ] GC(90)     Total                          Min: 0, Avg:  0.0, Max: 0, Diff: 0, Sum: 0, Workers: 4
[1216.101s][debug][gc,phases      ] GC(90)   StringDedup Requests0 Weak     Min:  0.0, Avg:  0.0, Max:  0.0, Diff:  0.0, Sum:  0.0, Workers: 4
[1216.101s][debug][gc,phases      ] GC(90)     Dead                           Min: 0, Avg:  0.0, Max: 0, Diff: 0, Sum: 0, Workers: 4
[1216.101s][debug][gc,phases      ] GC(90)     Total                          Min: 0, Avg:  0.0, Max: 0, Diff: 0, Sum: 0, Workers: 4
[1216.101s][debug][gc,phases      ] GC(90)   StringDedup Requests1 Weak     Min:  0.0, Avg:  0.0, Max:  0.0, Diff:  0.0, Sum:  0.0, Workers: 4
[1216.101s][debug][gc,phases      ] GC(90)     Dead                           Min: 0, Avg:  0.0, Max: 0, Diff: 0, Sum: 0, Workers: 4
[1216.101s][debug][gc,phases      ] GC(90)     Total                          Min: 0, Avg:  0.0, Max: 0, Diff: 0, Sum: 0, Workers: 4
[1216.101s][debug][gc,phases      ] GC(90)   Weak JFR Old Object Samples    Min:  0.0, Avg:  0.0, Max:  0.0, Diff:  0.0, Sum:  0.0, Workers: 4
[1216.101s][debug][gc,phases      ] GC(90)     Dead                           Min: 0, Avg:  0.0, Max: 0, Diff: 0, Sum: 0, Workers: 4
[1216.101s][debug][gc,phases      ] GC(90)     Total                          Min: 0, Avg:  0.0, Max: 0, Diff: 0, Sum: 0, Workers: 4
[1216.101s][debug][gc,phases      ] GC(90) Weak Processing 0.341ms
[1216.101s][debug][gc,age         ] GC(90) Desired survivor size 11534336 bytes, new threshold 15 (max threshold 15)
[1216.101s][info ][gc,heap        ] GC(90) PSYoungGen: 2073264K(2084864K)->1488K(2084352K) Eden: 2072064K(2072064K)->0K(2072064K) From: 1200K(12800K)->1488K(12288K)
[1216.101s][info ][gc,heap        ] GC(90) ParOldGen: 358847K(458752K)->358855K(458752K)
[1216.101s][info ][gc,metaspace   ] GC(90) Metaspace: 82509K(83520K)->82509K(83520K) NonClass: 70636K(71168K)->70636K(71168K) Class: 11872K(12352K)->11872K(12352K)
[1216.101s][info ][gc             ] GC(90) Pause Young (Allocation Failure) 2375M->351M(2483M) 6.820ms
[1216.101s][info ][gc,cpu         ] GC(90) User=0.01s Sys=0.00s Real=0.01s
[1216.101s][info ][safepoint      ] Safepoint "ParallelGCFailedAllocation", Time since last: 194846205 ns, Reaching safepoint: 39200 ns, At safepoint: 6890771 ns, Total: 6929971 ns
[1217.101s][info ][safepoint      ] Safepoint "Cleanup", Time since last: 1000078321 ns, Reaching safepoint: 50200 ns, At safepoint: 2400 ns, Total: 52600 ns
[1218.101s][info ][safepoint      ] Safepoint "Cleanup", Time since last: 1000103770 ns, Reaching safepoint: 43899 ns, At safepoint: 4200 ns, Total: 48099 ns
[1219.101s][info ][safepoint      ] Safepoint "Cleanup", Time since last: 1000099479 ns, Reaching safepoint: 45200 ns, At safepoint: 2600 ns, Total: 47800 ns
[1220.101s][info ][safepoint      ] Safepoint "Cleanup", Time since last: 1000105378 ns, Reaching safepoint: 42700 ns, At safepoint: 2800 ns, Total: 45500 ns
[1222.102s][info ][safepoint      ] Safepoint "Cleanup", Time since last: 2000151257 ns, Reaching safepoint: 47400 ns, At safepoint: 3500 ns, Total: 50900 ns
[1223.102s][info ][safepoint      ] Safepoint "Cleanup", Time since last: 1000106278 ns, Reaching safepoint: 40200 ns, At safepoint: 2700 ns, Total: 42900 ns
[1226.102s][info ][safepoint      ] Safepoint "Cleanup", Time since last: 3000263802 ns, Reaching safepoint: 32500 ns, At safepoint: 2900 ns, Total: 35400 ns
[1229.102s][info ][safepoint      ] Safepoint "Cleanup", Time since last: 3000263028 ns, Reaching safepoint: 130699 ns, At safepoint: 4500 ns, Total: 135199 ns
[1230.103s][info ][safepoint      ] Safepoint "Cleanup", Time since last: 1000066776 ns, Reaching safepoint: 40100 ns, At safepoint: 4800 ns, Total: 44900 ns
[1234.103s][info ][safepoint      ] Safepoint "Cleanup", Time since last: 4000313815 ns, Reaching safepoint: 52300 ns, At safepoint: 2700 ns, Total: 55000 ns
[1235.103s][info ][safepoint      ] Safepoint "Cleanup", Time since last: 1000104378 ns, Reaching safepoint: 37400 ns, At safepoint: 3100 ns, Total: 40500 ns
[1240.104s][info ][safepoint      ] Safepoint "Cleanup", Time since last: 5000379391 ns, Reaching safepoint: 50300 ns, At safepoint: 6700 ns, Total: 57000 ns
[1243.294s][info ][gc,start       ] GC(91) Pause Young (Allocation Failure)
[1243.300s][debug][gc,phases      ] GC(91) Scavenge 5.321ms
[1243.300s][debug][gc,ref         ] GC(91) Skipped phase 1 of Reference Processing: no references
[1243.300s][debug][gc,ref         ] GC(91) ReferenceProcessor::execute queues: 1, RefProcThreadModel::Single, marks_oops_alive: false
[1243.300s][debug][gc,ref         ] GC(91) ReferenceProcessor::execute queues: 4, RefProcThreadModel::Multi, marks_oops_alive: true
[1243.300s][debug][gc,ref         ] GC(91) ReferenceProcessor::execute queues: 1, RefProcThreadModel::Single, marks_oops_alive: false
[1243.300s][debug][gc,phases      ] GC(91) Reference Processing 0.393ms
[1243.300s][debug][gc,phases      ] GC(91)   VM Weak                        Min:  0.0, Avg:  0.0, Max:  0.0, Diff:  0.0, Sum:  0.0, Workers: 4
[1243.300s][debug][gc,phases      ] GC(91)     Dead                           Min: 0, Avg:  0.0, Max: 0, Diff: 0, Sum: 0, Workers: 4
[1243.300s][debug][gc,phases      ] GC(91)     Total                          Min: 0, Avg: 211.2, Max: 576, Diff: 576, Sum: 845, Workers: 4
[1243.300s][debug][gc,phases      ] GC(91)   ObjectSynchronizer Weak        Min:  0.0, Avg:  0.0, Max:  0.0, Diff:  0.0, Sum:  0.0, Workers: 4
[1243.300s][debug][gc,phases      ] GC(91)     Dead                           Min: 0, Avg:  0.0, Max: 0, Diff: 0, Sum: 0, Workers: 4
[1243.300s][debug][gc,phases      ] GC(91)     Total                          Min: 0, Avg: 14.8, Max: 59, Diff: 59, Sum: 59, Workers: 4
[1243.300s][debug][gc,phases      ] GC(91)   JVMTI Tag Weak OopStorage      Min:  0.0, Avg:  0.0, Max:  0.0, Diff:  0.0, Sum:  0.0, Workers: 4
[1243.300s][debug][gc,phases      ] GC(91)     Dead                           Min: 0, Avg:  0.0, Max: 0, Diff: 0, Sum: 0, Workers: 4
[1243.300s][debug][gc,phases      ] GC(91)     Total                          Min: 0, Avg:  0.0, Max: 0, Diff: 0, Sum: 0, Workers: 4
[1243.300s][debug][gc,phases      ] GC(91)   StringTable Weak               Min:  0.0, Avg:  0.1, Max:  0.1, Diff:  0.1, Sum:  0.4, Workers: 4
[1243.300s][debug][gc,phases      ] GC(91)     Dead                           Min: 0, Avg:  0.0, Max: 0, Diff: 0, Sum: 0, Workers: 4
[1243.300s][debug][gc,phases      ] GC(91)     Total                          Min: 0, Avg: 11024.8, Max: 15043, Diff: 15043, Sum: 44099, Workers: 4
[1243.300s][debug][gc,phases      ] GC(91)   ResolvedMethodTable Weak       Min:  0.0, Avg:  0.0, Max:  0.0, Diff:  0.0, Sum:  0.1, Workers: 4
[1243.300s][debug][gc,phases      ] GC(91)     Dead                           Min: 0, Avg:  0.0, Max: 0, Diff: 0, Sum: 0, Workers: 4
[1243.300s][debug][gc,phases      ] GC(91)     Total                          Min: 0, Avg: 2431.0, Max: 3328, Diff: 3328, Sum: 9724, Workers: 4
[1243.300s][debug][gc,phases      ] GC(91)   JNI Weak                       Min:  0.0, Avg:  0.0, Max:  0.0, Diff:  0.0, Sum:  0.0, Workers: 4
[1243.300s][debug][gc,phases      ] GC(91)     Dead                           Min: 0, Avg:  0.0, Max: 0, Diff: 0, Sum: 0, Workers: 4
[1243.300s][debug][gc,phases      ] GC(91)     Total                          Min: 0, Avg: 11.2, Max: 45, Diff: 45, Sum: 45, Workers: 4
[1243.300s][debug][gc,phases      ] GC(91)   StringDedup Table Weak         Min:  0.0, Avg:  0.0, Max:  0.0, Diff:  0.0, Sum:  0.0, Workers: 4
[1243.300s][debug][gc,phases      ] GC(91)     Dead                           Min: 0, Avg:  0.0, Max: 0, Diff: 0, Sum: 0, Workers: 4
[1243.300s][debug][gc,phases      ] GC(91)     Total                          Min: 0, Avg:  0.0, Max: 0, Diff: 0, Sum: 0, Workers: 4
[1243.301s][debug][gc,phases      ] GC(91)   StringDedup Requests0 Weak     Min:  0.0, Avg:  0.0, Max:  0.0, Diff:  0.0, Sum:  0.0, Workers: 4
[1243.301s][debug][gc,phases      ] GC(91)     Dead                           Min: 0, Avg:  0.0, Max: 0, Diff: 0, Sum: 0, Workers: 4
[1243.301s][debug][gc,phases      ] GC(91)     Total                          Min: 0, Avg:  0.0, Max: 0, Diff: 0, Sum: 0, Workers: 4
[1243.301s][debug][gc,phases      ] GC(91)   StringDedup Requests1 Weak     Min:  0.0, Avg:  0.0, Max:  0.0, Diff:  0.0, Sum:  0.0, Workers: 4
[1243.301s][debug][gc,phases      ] GC(91)     Dead                           Min: 0, Avg:  0.0, Max: 0, Diff: 0, Sum: 0, Workers: 4
[1243.301s][debug][gc,phases      ] GC(91)     Total                          Min: 0, Avg:  0.0, Max: 0, Diff: 0, Sum: 0, Workers: 4
[1243.301s][debug][gc,phases      ] GC(91)   Weak JFR Old Object Samples    Min:  0.0, Avg:  0.0, Max:  0.0, Diff:  0.0, Sum:  0.0, Workers: 4
[1243.301s][debug][gc,phases      ] GC(91)     Dead                           Min: 0, Avg:  0.0, Max: 0, Diff: 0, Sum: 0, Workers: 4
[1243.301s][debug][gc,phases      ] GC(91)     Total                          Min: 0, Avg:  0.0, Max: 0, Diff: 0, Sum: 0, Workers: 4
[1243.301s][debug][gc,phases      ] GC(91) Weak Processing 0.415ms
[1243.301s][debug][gc,age         ] GC(91) Desired survivor size 11010048 bytes, new threshold 15 (max threshold 15)
[1243.301s][info ][gc,heap        ] GC(91) PSYoungGen: 2073552K(2084352K)->1808K(2086400K) Eden: 2072064K(2072064K)->0K(2075136K) From: 1488K(12288K)->1808K(11264K)
[1243.301s][info ][gc,heap        ] GC(91) ParOldGen: 358855K(458752K)->358871K(458752K)
[1243.301s][info ][gc,metaspace   ] GC(91) Metaspace: 82556K(83648K)->82556K(83648K) NonClass: 70682K(71296K)->70682K(71296K) Class: 11873K(12352K)->11873K(12352K)
[1243.301s][info ][gc             ] GC(91) Pause Young (Allocation Failure) 2375M->352M(2485M) 6.251ms
[1243.301s][info ][gc,cpu         ] GC(91) User=0.01s Sys=0.00s Real=0.00s
[1243.301s][info ][safepoint      ] Safepoint "ParallelGCFailedAllocation", Time since last: 3190761502 ns, Reaching safepoint: 34800 ns, At safepoint: 6348348 ns, Total: 6383148 ns
[1244.301s][info ][safepoint      ] Safepoint "Cleanup", Time since last: 1000084597 ns, Reaching safepoint: 44300 ns, At safepoint: 3700 ns, Total: 48000 ns
[1246.301s][info ][safepoint      ] Safepoint "Cleanup", Time since last: 2000197676 ns, Reaching safepoint: 42000 ns, At safepoint: 2700 ns, Total: 44700 ns
[1250.301s][info ][safepoint      ] Safepoint "Cleanup", Time since last: 4000313332 ns, Reaching safepoint: 41200 ns, At safepoint: 2500 ns, Total: 43700 ns
[1253.302s][info ][safepoint      ] Safepoint "Cleanup", Time since last: 3000253665 ns, Reaching safepoint: 37900 ns, At safepoint: 2700 ns, Total: 40600 ns
[1256.302s][info ][safepoint      ] Safepoint "Cleanup", Time since last: 3000233066 ns, Reaching safepoint: 41400 ns, At safepoint: 3200 ns, Total: 44600 ns
[1260.302s][info ][safepoint      ] Safepoint "Cleanup", Time since last: 4000345538 ns, Reaching safepoint: 50300 ns, At safepoint: 2700 ns, Total: 53000 ns
[1262.303s][info ][safepoint      ] Safepoint "Cleanup", Time since last: 2000159812 ns, Reaching safepoint: 39900 ns, At safepoint: 4300 ns, Total: 44200 ns
[1264.303s][info ][safepoint      ] Safepoint "Cleanup", Time since last: 2000171212 ns, Reaching safepoint: 57300 ns, At safepoint: 5400 ns, Total: 62700 ns
[1265.303s][info ][safepoint      ] Safepoint "Cleanup", Time since last: 1000121108 ns, Reaching safepoint: 41800 ns, At safepoint: 2800 ns, Total: 44600 ns
[1267.303s][info ][safepoint      ] Safepoint "Cleanup", Time since last: 2000171664 ns, Reaching safepoint: 55000 ns, At safepoint: 2900 ns, Total: 57900 ns
[1270.303s][info ][safepoint      ] Safepoint "Cleanup", Time since last: 3000234346 ns, Reaching safepoint: 35800 ns, At safepoint: 2500 ns, Total: 38300 ns
[1270.895s][info ][gc,start       ] GC(92) Pause Young (Allocation Failure)
[1270.899s][debug][gc,phases      ] GC(92) Scavenge 4.590ms
[1270.899s][debug][gc,ref         ] GC(92) Skipped phase 1 of Reference Processing: no references
[1270.899s][debug][gc,ref         ] GC(92) ReferenceProcessor::execute queues: 1, RefProcThreadModel::Single, marks_oops_alive: false
[1270.899s][debug][gc,ref         ] GC(92) ReferenceProcessor::execute queues: 4, RefProcThreadModel::Multi, marks_oops_alive: true
[1270.899s][debug][gc,ref         ] GC(92) ReferenceProcessor::execute queues: 1, RefProcThreadModel::Single, marks_oops_alive: false
[1270.899s][debug][gc,phases      ] GC(92) Reference Processing 0.178ms
[1270.900s][debug][gc,phases      ] GC(92)   VM Weak                        Min:  0.0, Avg:  0.0, Max:  0.0, Diff:  0.0, Sum:  0.0, Workers: 4
[1270.900s][debug][gc,phases      ] GC(92)     Dead                           Min: 0, Avg:  0.0, Max: 0, Diff: 0, Sum: 0, Workers: 4
[1270.900s][debug][gc,phases      ] GC(92)     Total                          Min: 0, Avg: 211.2, Max: 781, Diff: 781, Sum: 845, Workers: 4
[1270.900s][debug][gc,phases      ] GC(92)   ObjectSynchronizer Weak        Min:  0.0, Avg:  0.0, Max:  0.0, Diff:  0.0, Sum:  0.0, Workers: 4
[1270.900s][debug][gc,phases      ] GC(92)     Dead                           Min: 0, Avg:  0.0, Max: 0, Diff: 0, Sum: 0, Workers: 4
[1270.900s][debug][gc,phases      ] GC(92)     Total                          Min: 0, Avg: 14.8, Max: 59, Diff: 59, Sum: 59, Workers: 4
[1270.900s][debug][gc,phases      ] GC(92)   JVMTI Tag Weak OopStorage      Min:  0.0, Avg:  0.0, Max:  0.0, Diff:  0.0, Sum:  0.0, Workers: 4
[1270.900s][debug][gc,phases      ] GC(92)     Dead                           Min: 0, Avg:  0.0, Max: 0, Diff: 0, Sum: 0, Workers: 4
[1270.900s][debug][gc,phases      ] GC(92)     Total                          Min: 0, Avg:  0.0, Max: 0, Diff: 0, Sum: 0, Workers: 4
[1270.900s][debug][gc,phases      ] GC(92)   StringTable Weak               Min:  0.0, Avg:  0.1, Max:  0.2, Diff:  0.2, Sum:  0.3, Workers: 4
[1270.900s][debug][gc,phases      ] GC(92)     Dead                           Min: 0, Avg:  0.0, Max: 0, Diff: 0, Sum: 0, Workers: 4
[1270.900s][debug][gc,phases      ] GC(92)     Total                          Min: 0, Avg: 11026.5, Max: 27466, Diff: 27466, Sum: 44106, Workers: 4
[1270.900s][debug][gc,phases      ] GC(92)   ResolvedMethodTable Weak       Min:  0.0, Avg:  0.0, Max:  0.0, Diff:  0.0, Sum:  0.1, Workers: 4
[1270.900s][debug][gc,phases      ] GC(92)     Dead                           Min: 0, Avg:  0.0, Max: 0, Diff: 0, Sum: 0, Workers: 4
[1270.900s][debug][gc,phases      ] GC(92)     Total                          Min: 0, Avg: 2431.0, Max: 5952, Diff: 5952, Sum: 9724, Workers: 4
[1270.900s][debug][gc,phases      ] GC(92)   JNI Weak                       Min:  0.0, Avg:  0.0, Max:  0.0, Diff:  0.0, Sum:  0.0, Workers: 4
[1270.900s][debug][gc,phases      ] GC(92)     Dead                           Min: 0, Avg:  0.0, Max: 0, Diff: 0, Sum: 0, Workers: 4
[1270.900s][debug][gc,phases      ] GC(92)     Total                          Min: 0, Avg: 11.2, Max: 45, Diff: 45, Sum: 45, Workers: 4
[1270.900s][debug][gc,phases      ] GC(92)   StringDedup Table Weak         Min:  0.0, Avg:  0.0, Max:  0.0, Diff:  0.0, Sum:  0.0, Workers: 4
[1270.900s][debug][gc,phases      ] GC(92)     Dead                           Min: 0, Avg:  0.0, Max: 0, Diff: 0, Sum: 0, Workers: 4
[1270.900s][debug][gc,phases      ] GC(92)     Total                          Min: 0, Avg:  0.0, Max: 0, Diff: 0, Sum: 0, Workers: 4
[1270.900s][debug][gc,phases      ] GC(92)   StringDedup Requests0 Weak     Min:  0.0, Avg:  0.0, Max:  0.0, Diff:  0.0, Sum:  0.0, Workers: 4
[1270.900s][debug][gc,phases      ] GC(92)     Dead                           Min: 0, Avg:  0.0, Max: 0, Diff: 0, Sum: 0, Workers: 4
[1270.900s][debug][gc,phases      ] GC(92)     Total                          Min: 0, Avg:  0.0, Max: 0, Diff: 0, Sum: 0, Workers: 4
[1270.900s][debug][gc,phases      ] GC(92)   StringDedup Requests1 Weak     Min:  0.0, Avg:  0.0, Max:  0.0, Diff:  0.0, Sum:  0.0, Workers: 4
[1270.900s][debug][gc,phases      ] GC(92)     Dead                           Min: 0, Avg:  0.0, Max: 0, Diff: 0, Sum: 0, Workers: 4
[1270.900s][debug][gc,phases      ] GC(92)     Total                          Min: 0, Avg:  0.0, Max: 0, Diff: 0, Sum: 0, Workers: 4
[1270.900s][debug][gc,phases      ] GC(92)   Weak JFR Old Object Samples    Min:  0.0, Avg:  0.0, Max:  0.0, Diff:  0.0, Sum:  0.0, Workers: 4
[1270.900s][debug][gc,phases      ] GC(92)     Dead                           Min: 0, Avg:  0.0, Max: 0, Diff: 0, Sum: 0, Workers: 4
[1270.900s][debug][gc,phases      ] GC(92)     Total                          Min: 0, Avg:  0.0, Max: 0, Diff: 0, Sum: 0, Workers: 4
[1270.900s][debug][gc,phases      ] GC(92) Weak Processing 0.346ms
[1270.900s][debug][gc,age         ] GC(92) Desired survivor size 9961472 bytes, new threshold 15 (max threshold 15)
[1270.900s][info ][gc,heap        ] GC(92) PSYoungGen: 2076944K(2086400K)->1808K(2085888K) Eden: 2075136K(2075136K)->0K(2075136K) From: 1808K(11264K)->1808K(10752K)
[1270.900s][info ][gc,heap        ] GC(92) ParOldGen: 358871K(458752K)->358879K(458752K)
[1270.900s][info ][gc,metaspace   ] GC(92) Metaspace: 82589K(83648K)->82589K(83648K) NonClass: 70716K(71296K)->70716K(71296K) Class: 11873K(12352K)->11873K(12352K)
[1270.900s][info ][gc             ] GC(92) Pause Young (Allocation Failure) 2378M->352M(2485M) 5.219ms
[1270.900s][info ][gc,cpu         ] GC(92) User=0.02s Sys=0.00s Real=0.00s
[1270.900s][info ][safepoint      ] Safepoint "ParallelGCFailedAllocation", Time since last: 591103907 ns, Reaching safepoint: 34100 ns, At safepoint: 5285577 ns, Total: 5319677 ns
[1271.900s][info ][safepoint      ] Safepoint "Cleanup", Time since last: 1000078482 ns, Reaching safepoint: 37300 ns, At safepoint: 2500 ns, Total: 39800 ns
[1276.900s][info ][safepoint      ] Safepoint "Cleanup", Time since last: 5000380234 ns, Reaching safepoint: 55899 ns, At safepoint: 4900 ns, Total: 60799 ns
[1281.901s][info ][safepoint      ] Safepoint "Cleanup", Time since last: 5000422153 ns, Reaching safepoint: 46500 ns, At safepoint: 6100 ns, Total: 52600 ns
[1286.901s][info ][safepoint      ] Safepoint "Cleanup", Time since last: 5000351374 ns, Reaching safepoint: 36900 ns, At safepoint: 4200 ns, Total: 41100 ns
[1288.902s][info ][safepoint      ] Safepoint "Cleanup", Time since last: 2000143392 ns, Reaching safepoint: 44300 ns, At safepoint: 2200 ns, Total: 46500 ns
[1298.494s][info ][gc,start       ] GC(93) Pause Young (Allocation Failure)
[1298.500s][debug][gc,phases      ] GC(93) Scavenge 5.748ms
[1298.500s][debug][gc,ref         ] GC(93) Skipped phase 1 of Reference Processing: no references
[1298.500s][debug][gc,ref         ] GC(93) ReferenceProcessor::execute queues: 1, RefProcThreadModel::Single, marks_oops_alive: false
[1298.500s][debug][gc,ref         ] GC(93) ReferenceProcessor::execute queues: 4, RefProcThreadModel::Multi, marks_oops_alive: true
[1298.500s][debug][gc,ref         ] GC(93) ReferenceProcessor::execute queues: 1, RefProcThreadModel::Single, marks_oops_alive: false
[1298.500s][debug][gc,phases      ] GC(93) Reference Processing 0.375ms
[1298.500s][debug][gc,phases      ] GC(93)   VM Weak                        Min:  0.0, Avg:  0.0, Max:  0.0, Diff:  0.0, Sum:  0.0, Workers: 4
[1298.500s][debug][gc,phases      ] GC(93)     Dead                           Min: 0, Avg:  0.0, Max: 0, Diff: 0, Sum: 0, Workers: 4
[1298.500s][debug][gc,phases      ] GC(93)     Total                          Min: 0, Avg: 211.5, Max: 334, Diff: 334, Sum: 846, Workers: 4
[1298.500s][debug][gc,phases      ] GC(93)   ObjectSynchronizer Weak        Min:  0.0, Avg:  0.0, Max:  0.0, Diff:  0.0, Sum:  0.0, Workers: 4
[1298.500s][debug][gc,phases      ] GC(93)     Dead                           Min: 0, Avg:  0.0, Max: 0, Diff: 0, Sum: 0, Workers: 4
[1298.500s][debug][gc,phases      ] GC(93)     Total                          Min: 0, Avg: 14.8, Max: 59, Diff: 59, Sum: 59, Workers: 4
[1298.500s][debug][gc,phases      ] GC(93)   JVMTI Tag Weak OopStorage      Min:  0.0, Avg:  0.0, Max:  0.0, Diff:  0.0, Sum:  0.0, Workers: 4
[1298.500s][debug][gc,phases      ] GC(93)     Dead                           Min: 0, Avg:  0.0, Max: 0, Diff: 0, Sum: 0, Workers: 4
[1298.500s][debug][gc,phases      ] GC(93)     Total                          Min: 0, Avg:  0.0, Max: 0, Diff: 0, Sum: 0, Workers: 4
[1298.500s][debug][gc,phases      ] GC(93)   StringTable Weak               Min:  0.0, Avg:  0.1, Max:  0.1, Diff:  0.1, Sum:  0.4, Workers: 4
[1298.500s][debug][gc,phases      ] GC(93)     Dead                           Min: 0, Avg:  0.0, Max: 0, Diff: 0, Sum: 0, Workers: 4
[1298.500s][debug][gc,phases      ] GC(93)     Total                          Min: 0, Avg: 11029.0, Max: 15168, Diff: 15168, Sum: 44116, Workers: 4
[1298.500s][debug][gc,phases      ] GC(93)   ResolvedMethodTable Weak       Min:  0.0, Avg:  0.0, Max:  0.0, Diff:  0.0, Sum:  0.1, Workers: 4
[1298.500s][debug][gc,phases      ] GC(93)     Dead                           Min: 0, Avg:  0.2, Max: 1, Diff: 1, Sum: 1, Workers: 4
[1298.500s][debug][gc,phases      ] GC(93)     Total                          Min: 0, Avg: 2431.2, Max: 3517, Diff: 3517, Sum: 9725, Workers: 4
[1298.500s][debug][gc,phases      ] GC(93)   JNI Weak                       Min:  0.0, Avg:  0.0, Max:  0.0, Diff:  0.0, Sum:  0.0, Workers: 4
[1298.500s][debug][gc,phases      ] GC(93)     Dead                           Min: 0, Avg:  0.0, Max: 0, Diff: 0, Sum: 0, Workers: 4
[1298.500s][debug][gc,phases      ] GC(93)     Total                          Min: 0, Avg: 11.2, Max: 45, Diff: 45, Sum: 45, Workers: 4
[1298.500s][debug][gc,phases      ] GC(93)   StringDedup Table Weak         Min:  0.0, Avg:  0.0, Max:  0.0, Diff:  0.0, Sum:  0.0, Workers: 4
[1298.500s][debug][gc,phases      ] GC(93)     Dead                           Min: 0, Avg:  0.0, Max: 0, Diff: 0, Sum: 0, Workers: 4
[1298.500s][debug][gc,phases      ] GC(93)     Total                          Min: 0, Avg:  0.0, Max: 0, Diff: 0, Sum: 0, Workers: 4
[1298.500s][debug][gc,phases      ] GC(93)   StringDedup Requests0 Weak     Min:  0.0, Avg:  0.0, Max:  0.0, Diff:  0.0, Sum:  0.0, Workers: 4
[1298.500s][debug][gc,phases      ] GC(93)     Dead                           Min: 0, Avg:  0.0, Max: 0, Diff: 0, Sum: 0, Workers: 4
[1298.500s][debug][gc,phases      ] GC(93)     Total                          Min: 0, Avg:  0.0, Max: 0, Diff: 0, Sum: 0, Workers: 4
[1298.500s][debug][gc,phases      ] GC(93)   StringDedup Requests1 Weak     Min:  0.0, Avg:  0.0, Max:  0.0, Diff:  0.0, Sum:  0.0, Workers: 4
[1298.500s][debug][gc,phases      ] GC(93)     Dead                           Min: 0, Avg:  0.0, Max: 0, Diff: 0, Sum: 0, Workers: 4
[1298.500s][debug][gc,phases      ] GC(93)     Total                          Min: 0, Avg:  0.0, Max: 0, Diff: 0, Sum: 0, Workers: 4
[1298.500s][debug][gc,phases      ] GC(93)   Weak JFR Old Object Samples    Min:  0.0, Avg:  0.0, Max:  0.0, Diff:  0.0, Sum:  0.0, Workers: 4
[1298.500s][debug][gc,phases      ] GC(93)     Dead                           Min: 0, Avg:  0.0, Max: 0, Diff: 0, Sum: 0, Workers: 4
[1298.500s][debug][gc,phases      ] GC(93)     Total                          Min: 0, Avg:  0.0, Max: 0, Diff: 0, Sum: 0, Workers: 4
[1298.500s][debug][gc,phases      ] GC(93) Weak Processing 0.315ms
[1298.500s][debug][gc,age         ] GC(93) Desired survivor size 9437184 bytes, new threshold 15 (max threshold 15)
[1298.500s][info ][gc,heap        ] GC(93) PSYoungGen: 2076944K(2085888K)->1776K(2087936K) Eden: 2075136K(2075136K)->0K(2078208K) From: 1808K(10752K)->1776K(9728K)
[1298.500s][info ][gc,heap        ] GC(93) ParOldGen: 358879K(458752K)->358927K(458752K)
[1298.500s][info ][gc,metaspace   ] GC(93) Metaspace: 82615K(83648K)->82615K(83648K) NonClass: 70741K(71296K)->70741K(71296K) Class: 11874K(12352K)->11874K(12352K)
[1298.500s][info ][gc             ] GC(93) Pause Young (Allocation Failure) 2378M->352M(2487M) 6.552ms
[1298.500s][info ][gc,cpu         ] GC(93) User=0.01s Sys=0.00s Real=0.01s
[1298.500s][info ][safepoint      ] Safepoint "ParallelGCFailedAllocation", Time since last: 9592265567 ns, Reaching safepoint: 102400 ns, At safepoint: 6623673 ns, Total: 6726073 ns
[1299.501s][info ][safepoint      ] Safepoint "Cleanup", Time since last: 1000086867 ns, Reaching safepoint: 39399 ns, At safepoint: 2400 ns, Total: 41799 ns
[1300.501s][info ][safepoint      ] Safepoint "Cleanup", Time since last: 1000104667 ns, Reaching safepoint: 112300 ns, At safepoint: 11400 ns, Total: 123700 ns
[1301.501s][info ][safepoint      ] Safepoint "Cleanup", Time since last: 1000106967 ns, Reaching safepoint: 64699 ns, At safepoint: 3500 ns, Total: 68199 ns
[1305.501s][info ][safepoint      ] Safepoint "Cleanup", Time since last: 4000329262 ns, Reaching safepoint: 49400 ns, At safepoint: 8500 ns, Total: 57900 ns
[1306.502s][info ][safepoint      ] Safepoint "Cleanup", Time since last: 1000115035 ns, Reaching safepoint: 42900 ns, At safepoint: 4200 ns, Total: 47100 ns
[1308.502s][info ][safepoint      ] Safepoint "Cleanup", Time since last: 2000172169 ns, Reaching safepoint: 102100 ns, At safepoint: 5500 ns, Total: 107600 ns
[1309.502s][info ][safepoint      ] Safepoint "Cleanup", Time since last: 1000102735 ns, Reaching safepoint: 41400 ns, At safepoint: 2200 ns, Total: 43600 ns
[1311.502s][info ][safepoint      ] Safepoint "Cleanup", Time since last: 2000171069 ns, Reaching safepoint: 40200 ns, At safepoint: 2400 ns, Total: 42600 ns
[1314.503s][info ][safepoint      ] Safepoint "Cleanup", Time since last: 3000235180 ns, Reaching safepoint: 44099 ns, At safepoint: 27900 ns, Total: 71999 ns
[1316.193s][info ][gc,start       ] GC(94) Pause Young (Allocation Failure)
[1316.198s][debug][gc,phases      ] GC(94) Scavenge 5.521ms
[1316.198s][debug][gc,ref         ] GC(94) Skipped phase 1 of Reference Processing: no references
[1316.198s][debug][gc,ref         ] GC(94) ReferenceProcessor::execute queues: 1, RefProcThreadModel::Single, marks_oops_alive: false
[1316.198s][debug][gc,ref         ] GC(94) ReferenceProcessor::execute queues: 4, RefProcThreadModel::Multi, marks_oops_alive: true
[1316.199s][debug][gc,ref         ] GC(94) ReferenceProcessor::execute queues: 1, RefProcThreadModel::Single, marks_oops_alive: false
[1316.199s][debug][gc,phases      ] GC(94) Reference Processing 0.410ms
[1316.199s][debug][gc,phases      ] GC(94)   VM Weak                        Min:  0.0, Avg:  0.0, Max:  0.0, Diff:  0.0, Sum:  0.0, Workers: 4
[1316.199s][debug][gc,phases      ] GC(94)     Dead                           Min: 0, Avg:  0.0, Max: 0, Diff: 0, Sum: 0, Workers: 4
[1316.199s][debug][gc,phases      ] GC(94)     Total                          Min: 0, Avg: 211.5, Max: 398, Diff: 398, Sum: 846, Workers: 4
[1316.199s][debug][gc,phases      ] GC(94)   ObjectSynchronizer Weak        Min:  0.0, Avg:  0.0, Max:  0.0, Diff:  0.0, Sum:  0.0, Workers: 4
[1316.199s][debug][gc,phases      ] GC(94)     Dead                           Min: 0, Avg:  0.0, Max: 0, Diff: 0, Sum: 0, Workers: 4
[1316.199s][debug][gc,phases      ] GC(94)     Total                          Min: 0, Avg: 14.8, Max: 59, Diff: 59, Sum: 59, Workers: 4
[1316.199s][debug][gc,phases      ] GC(94)   JVMTI Tag Weak OopStorage      Min:  0.0, Avg:  0.0, Max:  0.0, Diff:  0.0, Sum:  0.0, Workers: 4
[1316.199s][debug][gc,phases      ] GC(94)     Dead                           Min: 0, Avg:  0.0, Max: 0, Diff: 0, Sum: 0, Workers: 4
[1316.199s][debug][gc,phases      ] GC(94)     Total                          Min: 0, Avg:  0.0, Max: 0, Diff: 0, Sum: 0, Workers: 4
[1316.199s][debug][gc,phases      ] GC(94)   StringTable Weak               Min:  0.0, Avg:  0.1, Max:  0.1, Diff:  0.1, Sum:  0.4, Workers: 4
[1316.199s][debug][gc,phases      ] GC(94)     Dead                           Min: 0, Avg:  0.0, Max: 0, Diff: 0, Sum: 0, Workers: 4
[1316.199s][debug][gc,phases      ] GC(94)     Total                          Min: 0, Avg: 11030.5, Max: 15258, Diff: 15258, Sum: 44122, Workers: 4
[1316.199s][debug][gc,phases      ] GC(94)   ResolvedMethodTable Weak       Min:  0.0, Avg:  0.0, Max:  0.0, Diff:  0.0, Sum:  0.1, Workers: 4
[1316.199s][debug][gc,phases      ] GC(94)     Dead                           Min: 0, Avg:  0.0, Max: 0, Diff: 0, Sum: 0, Workers: 4
[1316.199s][debug][gc,phases      ] GC(94)     Total                          Min: 0, Avg: 2431.2, Max: 3456, Diff: 3456, Sum: 9725, Workers: 4
[1316.199s][debug][gc,phases      ] GC(94)   JNI Weak                       Min:  0.0, Avg:  0.0, Max:  0.0, Diff:  0.0, Sum:  0.0, Workers: 4
[1316.199s][debug][gc,phases      ] GC(94)     Dead                           Min: 0, Avg:  0.0, Max: 0, Diff: 0, Sum: 0, Workers: 4
[1316.199s][debug][gc,phases      ] GC(94)     Total                          Min: 0, Avg: 11.2, Max: 45, Diff: 45, Sum: 45, Workers: 4
[1316.199s][debug][gc,phases      ] GC(94)   StringDedup Table Weak         Min:  0.0, Avg:  0.0, Max:  0.0, Diff:  0.0, Sum:  0.0, Workers: 4
[1316.199s][debug][gc,phases      ] GC(94)     Dead                           Min: 0, Avg:  0.0, Max: 0, Diff: 0, Sum: 0, Workers: 4
[1316.199s][debug][gc,phases      ] GC(94)     Total                          Min: 0, Avg:  0.0, Max: 0, Diff: 0, Sum: 0, Workers: 4
[1316.199s][debug][gc,phases      ] GC(94)   StringDedup Requests0 Weak     Min:  0.0, Avg:  0.0, Max:  0.0, Diff:  0.0, Sum:  0.0, Workers: 4
[1316.199s][debug][gc,phases      ] GC(94)     Dead                           Min: 0, Avg:  0.0, Max: 0, Diff: 0, Sum: 0, Workers: 4
[1316.199s][debug][gc,phases      ] GC(94)     Total                          Min: 0, Avg:  0.0, Max: 0, Diff: 0, Sum: 0, Workers: 4
[1316.199s][debug][gc,phases      ] GC(94)   StringDedup Requests1 Weak     Min:  0.0, Avg:  0.0, Max:  0.0, Diff:  0.0, Sum:  0.0, Workers: 4
[1316.199s][debug][gc,phases      ] GC(94)     Dead                           Min: 0, Avg:  0.0, Max: 0, Diff: 0, Sum: 0, Workers: 4
[1316.199s][debug][gc,phases      ] GC(94)     Total                          Min: 0, Avg:  0.0, Max: 0, Diff: 0, Sum: 0, Workers: 4
[1316.199s][debug][gc,phases      ] GC(94)   Weak JFR Old Object Samples    Min:  0.0, Avg:  0.0, Max:  0.0, Diff:  0.0, Sum:  0.0, Workers: 4
[1316.199s][debug][gc,phases      ] GC(94)     Dead                           Min: 0, Avg:  0.0, Max: 0, Diff: 0, Sum: 0, Workers: 4
[1316.199s][debug][gc,phases      ] GC(94)     Total                          Min: 0, Avg:  0.0, Max: 0, Diff: 0, Sum: 0, Workers: 4
[1316.199s][debug][gc,phases      ] GC(94) Weak Processing 0.347ms
[1316.199s][debug][gc,age         ] GC(94) Desired survivor size 8912896 bytes, new threshold 15 (max threshold 15)
[1316.199s][info ][gc,heap        ] GC(94) PSYoungGen: 2079984K(2087936K)->1808K(2087424K) Eden: 2078208K(2078208K)->0K(2078208K) From: 1776K(9728K)->1808K(9216K)
[1316.199s][info ][gc,heap        ] GC(94) ParOldGen: 358927K(458752K)->358951K(458752K)
[1316.199s][info ][gc,metaspace   ] GC(94) Metaspace: 82635K(83648K)->82635K(83648K) NonClass: 70761K(71296K)->70761K(71296K) Class: 11874K(12352K)->11874K(12352K)
[1316.199s][info ][gc             ] GC(94) Pause Young (Allocation Failure) 2381M->352M(2486M) 6.396ms
[1316.199s][info ][gc,cpu         ] GC(94) User=0.01s Sys=0.01s Real=0.01s
[1316.199s][info ][safepoint      ] Safepoint "ParallelGCFailedAllocation", Time since last: 1689881712 ns, Reaching safepoint: 143399 ns, At safepoint: 6464269 ns, Total: 6607668 ns
[1317.199s][info ][safepoint      ] Safepoint "Cleanup", Time since last: 1000080113 ns, Reaching safepoint: 107999 ns, At safepoint: 5700 ns, Total: 113699 ns
[1322.200s][info ][safepoint      ] Safepoint "Cleanup", Time since last: 5000356503 ns, Reaching safepoint: 39700 ns, At safepoint: 5200 ns, Total: 44900 ns
[1332.200s][info ][safepoint      ] Safepoint "Cleanup", Time since last: 10000691715 ns, Reaching safepoint: 108999 ns, At safepoint: 4700 ns, Total: 113699 ns
[1332.400s][info ][gc,start       ] GC(95) Pause Young (Allocation Failure)
[1332.405s][debug][gc,phases      ] GC(95) Scavenge 4.704ms
[1332.405s][debug][gc,ref         ] GC(95) Skipped phase 1 of Reference Processing: no references
[1332.405s][debug][gc,ref         ] GC(95) ReferenceProcessor::execute queues: 1, RefProcThreadModel::Single, marks_oops_alive: false
[1332.405s][debug][gc,ref         ] GC(95) Skipped phase 3 of Reference Processing: no references
[1332.405s][debug][gc,ref         ] GC(95) ReferenceProcessor::execute queues: 1, RefProcThreadModel::Single, marks_oops_alive: false
[1332.405s][debug][gc,phases      ] GC(95) Reference Processing 0.089ms
[1332.405s][debug][gc,phases      ] GC(95)   VM Weak                        Min:  0.0, Avg:  0.0, Max:  0.0, Diff:  0.0, Sum:  0.0, Workers: 4
[1332.405s][debug][gc,phases      ] GC(95)     Dead                           Min: 0, Avg:  0.0, Max: 0, Diff: 0, Sum: 0, Workers: 4
[1332.405s][debug][gc,phases      ] GC(95)     Total                          Min: 64, Avg: 211.5, Max: 320, Diff: 256, Sum: 846, Workers: 4
[1332.405s][debug][gc,phases      ] GC(95)   ObjectSynchronizer Weak        Min:  0.0, Avg:  0.0, Max:  0.0, Diff:  0.0, Sum:  0.0, Workers: 4
[1332.405s][debug][gc,phases      ] GC(95)     Dead                           Min: 0, Avg:  0.0, Max: 0, Diff: 0, Sum: 0, Workers: 4
[1332.405s][debug][gc,phases      ] GC(95)     Total                          Min: 0, Avg: 14.8, Max: 59, Diff: 59, Sum: 59, Workers: 4
[1332.405s][debug][gc,phases      ] GC(95)   JVMTI Tag Weak OopStorage      Min:  0.0, Avg:  0.0, Max:  0.0, Diff:  0.0, Sum:  0.0, Workers: 4
[1332.405s][debug][gc,phases      ] GC(95)     Dead                           Min: 0, Avg:  0.0, Max: 0, Diff: 0, Sum: 0, Workers: 4
[1332.405s][debug][gc,phases      ] GC(95)     Total                          Min: 0, Avg:  0.0, Max: 0, Diff: 0, Sum: 0, Workers: 4
[1332.405s][debug][gc,phases      ] GC(95)   StringTable Weak               Min:  0.1, Avg:  0.1, Max:  0.1, Diff:  0.0, Sum:  0.4, Workers: 4
[1332.405s][debug][gc,phases      ] GC(95)     Dead                           Min: 0, Avg:  0.0, Max: 0, Diff: 0, Sum: 0, Workers: 4
[1332.405s][debug][gc,phases      ] GC(95)     Total                          Min: 9408, Avg: 11030.5, Max: 11712, Diff: 2304, Sum: 44122, Workers: 4
[1332.405s][debug][gc,phases      ] GC(95)   ResolvedMethodTable Weak       Min:  0.0, Avg:  0.0, Max:  0.0, Diff:  0.0, Sum:  0.1, Workers: 4
[1332.405s][debug][gc,phases      ] GC(95)     Dead                           Min: 0, Avg:  0.0, Max: 0, Diff: 0, Sum: 0, Workers: 4
[1332.405s][debug][gc,phases      ] GC(95)     Total                          Min: 1853, Avg: 2431.2, Max: 2624, Diff: 771, Sum: 9725, Workers: 4
[1332.405s][debug][gc,phases      ] GC(95)   JNI Weak                       Min:  0.0, Avg:  0.0, Max:  0.0, Diff:  0.0, Sum:  0.0, Workers: 4
[1332.405s][debug][gc,phases      ] GC(95)     Dead                           Min: 0, Avg:  0.0, Max: 0, Diff: 0, Sum: 0, Workers: 4
[1332.405s][debug][gc,phases      ] GC(95)     Total                          Min: 0, Avg: 11.2, Max: 45, Diff: 45, Sum: 45, Workers: 4
[1332.405s][debug][gc,phases      ] GC(95)   StringDedup Table Weak         Min:  0.0, Avg:  0.0, Max:  0.0, Diff:  0.0, Sum:  0.0, Workers: 4
[1332.405s][debug][gc,phases      ] GC(95)     Dead                           Min: 0, Avg:  0.0, Max: 0, Diff: 0, Sum: 0, Workers: 4
[1332.405s][debug][gc,phases      ] GC(95)     Total                          Min: 0, Avg:  0.0, Max: 0, Diff: 0, Sum: 0, Workers: 4
[1332.405s][debug][gc,phases      ] GC(95)   StringDedup Requests0 Weak     Min:  0.0, Avg:  0.0, Max:  0.0, Diff:  0.0, Sum:  0.0, Workers: 4
[1332.405s][debug][gc,phases      ] GC(95)     Dead                           Min: 0, Avg:  0.0, Max: 0, Diff: 0, Sum: 0, Workers: 4
[1332.405s][debug][gc,phases      ] GC(95)     Total                          Min: 0, Avg:  0.0, Max: 0, Diff: 0, Sum: 0, Workers: 4
[1332.405s][debug][gc,phases      ] GC(95)   StringDedup Requests1 Weak     Min:  0.0, Avg:  0.0, Max:  0.0, Diff:  0.0, Sum:  0.0, Workers: 4
[1332.405s][debug][gc,phases      ] GC(95)     Dead                           Min: 0, Avg:  0.0, Max: 0, Diff: 0, Sum: 0, Workers: 4
[1332.405s][debug][gc,phases      ] GC(95)     Total                          Min: 0, Avg:  0.0, Max: 0, Diff: 0, Sum: 0, Workers: 4
[1332.405s][debug][gc,phases      ] GC(95)   Weak JFR Old Object Samples    Min:  0.0, Avg:  0.0, Max:  0.0, Diff:  0.0, Sum:  0.0, Workers: 4
[1332.405s][debug][gc,phases      ] GC(95)     Dead                           Min: 0, Avg:  0.0, Max: 0, Diff: 0, Sum: 0, Workers: 4
[1332.405s][debug][gc,phases      ] GC(95)     Total                          Min: 0, Avg:  0.0, Max: 0, Diff: 0, Sum: 0, Workers: 4
[1332.405s][debug][gc,phases      ] GC(95) Weak Processing 0.302ms
[1332.405s][debug][gc,age         ] GC(95) Desired survivor size 8388608 bytes, new threshold 15 (max threshold 15)
[1332.405s][info ][gc,heap        ] GC(95) PSYoungGen: 2080016K(2087424K)->1792K(2088960K) Eden: 2078208K(2078208K)->0K(2080256K) From: 1808K(9216K)->1792K(8704K)
[1332.405s][info ][gc,heap        ] GC(95) ParOldGen: 358951K(458752K)->358967K(458752K)
[1332.405s][info ][gc,metaspace   ] GC(95) Metaspace: 82640K(83648K)->82640K(83648K) NonClass: 70766K(71296K)->70766K(71296K) Class: 11874K(12352K)->11874K(12352K)
[1332.405s][info ][gc             ] GC(95) Pause Young (Allocation Failure) 2381M->352M(2488M) 5.211ms
[1332.405s][info ][gc,cpu         ] GC(95) User=0.01s Sys=0.00s Real=0.00s
[1332.405s][info ][safepoint      ] Safepoint "ParallelGCFailedAllocation", Time since last: 199517234 ns, Reaching safepoint: 37200 ns, At safepoint: 5274980 ns, Total: 5312180 ns
[1333.405s][info ][safepoint      ] Safepoint "Cleanup", Time since last: 1000079760 ns, Reaching safepoint: 41800 ns, At safepoint: 3400 ns, Total: 45200 ns
[1348.047s][info ][gc,start       ] GC(96) Pause Young (Allocation Failure)
[1348.053s][debug][gc,phases      ] GC(96) Scavenge 5.595ms
[1348.053s][debug][gc,ref         ] GC(96) Skipped phase 1 of Reference Processing: no references
[1348.053s][debug][gc,ref         ] GC(96) ReferenceProcessor::execute queues: 1, RefProcThreadModel::Single, marks_oops_alive: false
[1348.053s][debug][gc,ref         ] GC(96) Skipped phase 3 of Reference Processing: no references
[1348.053s][debug][gc,ref         ] GC(96) ReferenceProcessor::execute queues: 1, RefProcThreadModel::Single, marks_oops_alive: false
[1348.053s][debug][gc,phases      ] GC(96) Reference Processing 0.085ms
[1348.053s][debug][gc,phases      ] GC(96)   VM Weak                        Min:  0.0, Avg:  0.0, Max:  0.0, Diff:  0.0, Sum:  0.0, Workers: 4
[1348.053s][debug][gc,phases      ] GC(96)     Dead                           Min: 0, Avg:  0.0, Max: 0, Diff: 0, Sum: 0, Workers: 4
[1348.053s][debug][gc,phases      ] GC(96)     Total                          Min: 0, Avg: 211.5, Max: 448, Diff: 448, Sum: 846, Workers: 4
[1348.053s][debug][gc,phases      ] GC(96)   ObjectSynchronizer Weak        Min:  0.0, Avg:  0.0, Max:  0.0, Diff:  0.0, Sum:  0.0, Workers: 4
[1348.053s][debug][gc,phases      ] GC(96)     Dead                           Min: 0, Avg:  0.0, Max: 0, Diff: 0, Sum: 0, Workers: 4
[1348.053s][debug][gc,phases      ] GC(96)     Total                          Min: 0, Avg: 14.8, Max: 59, Diff: 59, Sum: 59, Workers: 4
[1348.053s][debug][gc,phases      ] GC(96)   JVMTI Tag Weak OopStorage      Min:  0.0, Avg:  0.0, Max:  0.0, Diff:  0.0, Sum:  0.0, Workers: 4
[1348.053s][debug][gc,phases      ] GC(96)     Dead                           Min: 0, Avg:  0.0, Max: 0, Diff: 0, Sum: 0, Workers: 4
[1348.053s][debug][gc,phases      ] GC(96)     Total                          Min: 0, Avg:  0.0, Max: 0, Diff: 0, Sum: 0, Workers: 4
[1348.053s][debug][gc,phases      ] GC(96)   StringTable Weak               Min:  0.0, Avg:  0.1, Max:  0.1, Diff:  0.1, Sum:  0.4, Workers: 4
[1348.053s][debug][gc,phases      ] GC(96)     Dead                           Min: 0, Avg:  0.0, Max: 0, Diff: 0, Sum: 0, Workers: 4
[1348.053s][debug][gc,phases      ] GC(96)     Total                          Min: 0, Avg: 11030.5, Max: 17178, Diff: 17178, Sum: 44122, Workers: 4
[1348.053s][debug][gc,phases      ] GC(96)   ResolvedMethodTable Weak       Min:  0.0, Avg:  0.0, Max:  0.0, Diff:  0.0, Sum:  0.1, Workers: 4
[1348.053s][debug][gc,phases      ] GC(96)     Dead                           Min: 0, Avg:  0.0, Max: 0, Diff: 0, Sum: 0, Workers: 4
[1348.053s][debug][gc,phases      ] GC(96)     Total                          Min: 0, Avg: 2431.2, Max: 4160, Diff: 4160, Sum: 9725, Workers: 4
[1348.053s][debug][gc,phases      ] GC(96)   JNI Weak                       Min:  0.0, Avg:  0.0, Max:  0.0, Diff:  0.0, Sum:  0.0, Workers: 4
[1348.053s][debug][gc,phases      ] GC(96)     Dead                           Min: 0, Avg:  0.0, Max: 0, Diff: 0, Sum: 0, Workers: 4
[1348.053s][debug][gc,phases      ] GC(96)     Total                          Min: 0, Avg: 11.2, Max: 45, Diff: 45, Sum: 45, Workers: 4
[1348.053s][debug][gc,phases      ] GC(96)   StringDedup Table Weak         Min:  0.0, Avg:  0.0, Max:  0.0, Diff:  0.0, Sum:  0.0, Workers: 4
[1348.053s][debug][gc,phases      ] GC(96)     Dead                           Min: 0, Avg:  0.0, Max: 0, Diff: 0, Sum: 0, Workers: 4
[1348.053s][debug][gc,phases      ] GC(96)     Total                          Min: 0, Avg:  0.0, Max: 0, Diff: 0, Sum: 0, Workers: 4
[1348.053s][debug][gc,phases      ] GC(96)   StringDedup Requests0 Weak     Min:  0.0, Avg:  0.0, Max:  0.0, Diff:  0.0, Sum:  0.0, Workers: 4
[1348.053s][debug][gc,phases      ] GC(96)     Dead                           Min: 0, Avg:  0.0, Max: 0, Diff: 0, Sum: 0, Workers: 4
[1348.053s][debug][gc,phases      ] GC(96)     Total                          Min: 0, Avg:  0.0, Max: 0, Diff: 0, Sum: 0, Workers: 4
[1348.053s][debug][gc,phases      ] GC(96)   StringDedup Requests1 Weak     Min:  0.0, Avg:  0.0, Max:  0.0, Diff:  0.0, Sum:  0.0, Workers: 4
[1348.053s][debug][gc,phases      ] GC(96)     Dead                           Min: 0, Avg:  0.0, Max: 0, Diff: 0, Sum: 0, Workers: 4
[1348.053s][debug][gc,phases      ] GC(96)     Total                          Min: 0, Avg:  0.0, Max: 0, Diff: 0, Sum: 0, Workers: 4
[1348.053s][debug][gc,phases      ] GC(96)   Weak JFR Old Object Samples    Min:  0.0, Avg:  0.0, Max:  0.0, Diff:  0.0, Sum:  0.0, Workers: 4
[1348.053s][debug][gc,phases      ] GC(96)     Dead                           Min: 0, Avg:  0.0, Max: 0, Diff: 0, Sum: 0, Workers: 4
[1348.053s][debug][gc,phases      ] GC(96)     Total                          Min: 0, Avg:  0.0, Max: 0, Diff: 0, Sum: 0, Workers: 4
[1348.053s][debug][gc,phases      ] GC(96) Weak Processing 0.324ms
[1348.053s][debug][gc,age         ] GC(96) Desired survivor size 7864320 bytes, new threshold 15 (max threshold 15)
[1348.053s][info ][gc,heap        ] GC(96) PSYoungGen: 2082048K(2088960K)->1776K(2088448K) Eden: 2080256K(2080256K)->0K(2080256K) From: 1792K(8704K)->1776K(8192K)
[1348.053s][info ][gc,heap        ] GC(96) ParOldGen: 358967K(458752K)->358975K(458752K)
[1348.053s][info ][gc,metaspace   ] GC(96) Metaspace: 82643K(83648K)->82643K(83648K) NonClass: 70769K(71296K)->70769K(71296K) Class: 11874K(12352K)->11874K(12352K)
[1348.053s][info ][gc             ] GC(96) Pause Young (Allocation Failure) 2383M->352M(2487M) 6.106ms
[1348.053s][info ][gc,cpu         ] GC(96) User=0.02s Sys=0.00s Real=0.00s
[1348.053s][info ][safepoint      ] Safepoint "ParallelGCFailedAllocation", Time since last: 14641712174 ns, Reaching safepoint: 111499 ns, At safepoint: 6185075 ns, Total: 6296574 ns
[1352.054s][info ][safepoint      ] Safepoint "Cleanup", Time since last: 4000276761 ns, Reaching safepoint: 45800 ns, At safepoint: 6400 ns, Total: 52200 ns
[1353.054s][info ][safepoint      ] Safepoint "Cleanup", Time since last: 1000103315 ns, Reaching safepoint: 38200 ns, At safepoint: 2700 ns, Total: 40900 ns
[1356.054s][info ][safepoint      ] Safepoint "Cleanup", Time since last: 3000192474 ns, Reaching safepoint: 48800 ns, At safepoint: 7900 ns, Total: 56700 ns
[1365.848s][info ][gc,start       ] GC(97) Pause Young (Allocation Failure)
[1365.854s][debug][gc,phases      ] GC(97) Scavenge 6.180ms
[1365.854s][debug][gc,ref         ] GC(97) Skipped phase 1 of Reference Processing: no references
[1365.855s][debug][gc,ref         ] GC(97) ReferenceProcessor::execute queues: 1, RefProcThreadModel::Single, marks_oops_alive: false
[1365.855s][debug][gc,ref         ] GC(97) Skipped phase 3 of Reference Processing: no references
[1365.855s][debug][gc,ref         ] GC(97) ReferenceProcessor::execute queues: 1, RefProcThreadModel::Single, marks_oops_alive: false
[1365.855s][debug][gc,phases      ] GC(97) Reference Processing 0.087ms
[1365.855s][debug][gc,phases      ] GC(97)   VM Weak                        Min:  0.0, Avg:  0.0, Max:  0.0, Diff:  0.0, Sum:  0.0, Workers: 4
[1365.855s][debug][gc,phases      ] GC(97)     Dead                           Min: 0, Avg:  0.0, Max: 0, Diff: 0, Sum: 0, Workers: 4
[1365.855s][debug][gc,phases      ] GC(97)     Total                          Min: 0, Avg: 211.5, Max: 846, Diff: 846, Sum: 846, Workers: 4
[1365.855s][debug][gc,phases      ] GC(97)   ObjectSynchronizer Weak        Min:  0.0, Avg:  0.0, Max:  0.0, Diff:  0.0, Sum:  0.0, Workers: 4
[1365.855s][debug][gc,phases      ] GC(97)     Dead                           Min: 0, Avg:  0.0, Max: 0, Diff: 0, Sum: 0, Workers: 4
[1365.855s][debug][gc,phases      ] GC(97)     Total                          Min: 0, Avg: 14.8, Max: 59, Diff: 59, Sum: 59, Workers: 4
[1365.855s][debug][gc,phases      ] GC(97)   JVMTI Tag Weak OopStorage      Min:  0.0, Avg:  0.0, Max:  0.0, Diff:  0.0, Sum:  0.0, Workers: 4
[1365.855s][debug][gc,phases      ] GC(97)     Dead                           Min: 0, Avg:  0.0, Max: 0, Diff: 0, Sum: 0, Workers: 4
[1365.855s][debug][gc,phases      ] GC(97)     Total                          Min: 0, Avg:  0.0, Max: 0, Diff: 0, Sum: 0, Workers: 4
[1365.855s][debug][gc,phases      ] GC(97)   StringTable Weak               Min:  0.0, Avg:  0.1, Max:  0.2, Diff:  0.2, Sum:  0.3, Workers: 4
[1365.855s][debug][gc,phases      ] GC(97)     Dead                           Min: 0, Avg:  0.0, Max: 0, Diff: 0, Sum: 0, Workers: 4
[1365.855s][debug][gc,phases      ] GC(97)     Total                          Min: 0, Avg: 11030.5, Max: 27418, Diff: 27418, Sum: 44122, Workers: 4
[1365.855s][debug][gc,phases      ] GC(97)   ResolvedMethodTable Weak       Min:  0.0, Avg:  0.0, Max:  0.0, Diff:  0.0, Sum:  0.1, Workers: 4
[1365.855s][debug][gc,phases      ] GC(97)     Dead                           Min: 0, Avg:  0.0, Max: 0, Diff: 0, Sum: 0, Workers: 4
[1365.855s][debug][gc,phases      ] GC(97)     Total                          Min: 0, Avg: 2431.2, Max: 6016, Diff: 6016, Sum: 9725, Workers: 4
[1365.855s][debug][gc,phases      ] GC(97)   JNI Weak                       Min:  0.0, Avg:  0.0, Max:  0.0, Diff:  0.0, Sum:  0.0, Workers: 4
[1365.855s][debug][gc,phases      ] GC(97)     Dead                           Min: 0, Avg:  0.0, Max: 0, Diff: 0, Sum: 0, Workers: 4
[1365.855s][debug][gc,phases      ] GC(97)     Total                          Min: 0, Avg: 11.2, Max: 45, Diff: 45, Sum: 45, Workers: 4
[1365.855s][debug][gc,phases      ] GC(97)   StringDedup Table Weak         Min:  0.0, Avg:  0.0, Max:  0.0, Diff:  0.0, Sum:  0.0, Workers: 4
[1365.855s][debug][gc,phases      ] GC(97)     Dead                           Min: 0, Avg:  0.0, Max: 0, Diff: 0, Sum: 0, Workers: 4
[1365.855s][debug][gc,phases      ] GC(97)     Total                          Min: 0, Avg:  0.0, Max: 0, Diff: 0, Sum: 0, Workers: 4
[1365.855s][debug][gc,phases      ] GC(97)   StringDedup Requests0 Weak     Min:  0.0, Avg:  0.0, Max:  0.0, Diff:  0.0, Sum:  0.0, Workers: 4
[1365.855s][debug][gc,phases      ] GC(97)     Dead                           Min: 0, Avg:  0.0, Max: 0, Diff: 0, Sum: 0, Workers: 4
[1365.855s][debug][gc,phases      ] GC(97)     Total                          Min: 0, Avg:  0.0, Max: 0, Diff: 0, Sum: 0, Workers: 4
[1365.855s][debug][gc,phases      ] GC(97)   StringDedup Requests1 Weak     Min:  0.0, Avg:  0.0, Max:  0.0, Diff:  0.0, Sum:  0.0, Workers: 4
[1365.855s][debug][gc,phases      ] GC(97)     Dead                           Min: 0, Avg:  0.0, Max: 0, Diff: 0, Sum: 0, Workers: 4
[1365.855s][debug][gc,phases      ] GC(97)     Total                          Min: 0, Avg:  0.0, Max: 0, Diff: 0, Sum: 0, Workers: 4
[1365.855s][debug][gc,phases      ] GC(97)   Weak JFR Old Object Samples    Min:  0.0, Avg:  0.0, Max:  0.0, Diff:  0.0, Sum:  0.0, Workers: 4
[1365.855s][debug][gc,phases      ] GC(97)     Dead                           Min: 0, Avg:  0.0, Max: 0, Diff: 0, Sum: 0, Workers: 4
[1365.855s][debug][gc,phases      ] GC(97)     Total                          Min: 0, Avg:  0.0, Max: 0, Diff: 0, Sum: 0, Workers: 4
[1365.855s][debug][gc,phases      ] GC(97) Weak Processing 0.351ms
[1365.855s][debug][gc,age         ] GC(97) Desired survivor size 7340032 bytes, new threshold 15 (max threshold 15)
[1365.855s][info ][gc,heap        ] GC(97) PSYoungGen: 2082032K(2088448K)->2032K(2089984K) Eden: 2080256K(2080256K)->0K(2082304K) From: 1776K(8192K)->2032K(7680K)
[1365.855s][info ][gc,heap        ] GC(97) ParOldGen: 358975K(458752K)->358983K(458752K)
[1365.855s][info ][gc,metaspace   ] GC(97) Metaspace: 82651K(83648K)->82651K(83648K) NonClass: 70776K(71296K)->70776K(71296K) Class: 11874K(12352K)->11874K(12352K)
[1365.855s][info ][gc             ] GC(97) Pause Young (Allocation Failure) 2383M->352M(2489M) 6.722ms
[1365.855s][info ][gc,cpu         ] GC(97) User=0.02s Sys=0.01s Real=0.01s
[1365.855s][info ][safepoint      ] Safepoint "ParallelGCFailedAllocation", Time since last: 9793959333 ns, Reaching safepoint: 112399 ns, At safepoint: 6795271 ns, Total: 6907670 ns
[1381.944s][info ][gc,start       ] GC(98) Pause Young (Allocation Failure)
[1381.950s][debug][gc,phases      ] GC(98) Scavenge 5.275ms
[1381.950s][debug][gc,ref         ] GC(98) Skipped phase 1 of Reference Processing: no references
[1381.950s][debug][gc,ref         ] GC(98) ReferenceProcessor::execute queues: 1, RefProcThreadModel::Single, marks_oops_alive: false
[1381.950s][debug][gc,ref         ] GC(98) Skipped phase 3 of Reference Processing: no references
[1381.950s][debug][gc,ref         ] GC(98) ReferenceProcessor::execute queues: 1, RefProcThreadModel::Single, marks_oops_alive: false
[1381.950s][debug][gc,phases      ] GC(98) Reference Processing 0.115ms
[1381.950s][debug][gc,phases      ] GC(98)   VM Weak                        Min:  0.0, Avg:  0.0, Max:  0.0, Diff:  0.0, Sum:  0.0, Workers: 4
[1381.950s][debug][gc,phases      ] GC(98)     Dead                           Min: 0, Avg:  0.0, Max: 0, Diff: 0, Sum: 0, Workers: 4
[1381.950s][debug][gc,phases      ] GC(98)     Total                          Min: 0, Avg: 211.5, Max: 526, Diff: 526, Sum: 846, Workers: 4
[1381.950s][debug][gc,phases      ] GC(98)   ObjectSynchronizer Weak        Min:  0.0, Avg:  0.0, Max:  0.0, Diff:  0.0, Sum:  0.0, Workers: 4
[1381.950s][debug][gc,phases      ] GC(98)     Dead                           Min: 0, Avg:  0.0, Max: 0, Diff: 0, Sum: 0, Workers: 4
[1381.950s][debug][gc,phases      ] GC(98)     Total                          Min: 0, Avg: 14.8, Max: 59, Diff: 59, Sum: 59, Workers: 4
[1381.950s][debug][gc,phases      ] GC(98)   JVMTI Tag Weak OopStorage      Min:  0.0, Avg:  0.0, Max:  0.0, Diff:  0.0, Sum:  0.0, Workers: 4
[1381.950s][debug][gc,phases      ] GC(98)     Dead                           Min: 0, Avg:  0.0, Max: 0, Diff: 0, Sum: 0, Workers: 4
[1381.950s][debug][gc,phases      ] GC(98)     Total                          Min: 0, Avg:  0.0, Max: 0, Diff: 0, Sum: 0, Workers: 4
[1381.950s][debug][gc,phases      ] GC(98)   StringTable Weak               Min:  0.0, Avg:  0.1, Max:  0.1, Diff:  0.1, Sum:  0.4, Workers: 4
[1381.950s][debug][gc,phases      ] GC(98)     Dead                           Min: 0, Avg:  0.0, Max: 0, Diff: 0, Sum: 0, Workers: 4
[1381.950s][debug][gc,phases      ] GC(98)     Total                          Min: 0, Avg: 11030.5, Max: 17728, Diff: 17728, Sum: 44122, Workers: 4
[1381.950s][debug][gc,phases      ] GC(98)   ResolvedMethodTable Weak       Min:  0.0, Avg:  0.0, Max:  0.1, Diff:  0.1, Sum:  0.2, Workers: 4
[1381.950s][debug][gc,phases      ] GC(98)     Dead                           Min: 0, Avg:  0.0, Max: 0, Diff: 0, Sum: 0, Workers: 4
[1381.950s][debug][gc,phases      ] GC(98)     Total                          Min: 0, Avg: 2431.2, Max: 3712, Diff: 3712, Sum: 9725, Workers: 4
[1381.950s][debug][gc,phases      ] GC(98)   JNI Weak                       Min:  0.0, Avg:  0.0, Max:  0.0, Diff:  0.0, Sum:  0.0, Workers: 4
[1381.950s][debug][gc,phases      ] GC(98)     Dead                           Min: 0, Avg:  0.0, Max: 0, Diff: 0, Sum: 0, Workers: 4
[1381.950s][debug][gc,phases      ] GC(98)     Total                          Min: 0, Avg: 11.2, Max: 45, Diff: 45, Sum: 45, Workers: 4
[1381.950s][debug][gc,phases      ] GC(98)   StringDedup Table Weak         Min:  0.0, Avg:  0.0, Max:  0.0, Diff:  0.0, Sum:  0.0, Workers: 4
[1381.950s][debug][gc,phases      ] GC(98)     Dead                           Min: 0, Avg:  0.0, Max: 0, Diff: 0, Sum: 0, Workers: 4
[1381.950s][debug][gc,phases      ] GC(98)     Total                          Min: 0, Avg:  0.0, Max: 0, Diff: 0, Sum: 0, Workers: 4
[1381.950s][debug][gc,phases      ] GC(98)   StringDedup Requests0 Weak     Min:  0.0, Avg:  0.0, Max:  0.0, Diff:  0.0, Sum:  0.0, Workers: 4
[1381.950s][debug][gc,phases      ] GC(98)     Dead                           Min: 0, Avg:  0.0, Max: 0, Diff: 0, Sum: 0, Workers: 4
[1381.950s][debug][gc,phases      ] GC(98)     Total                          Min: 0, Avg:  0.0, Max: 0, Diff: 0, Sum: 0, Workers: 4
[1381.950s][debug][gc,phases      ] GC(98)   StringDedup Requests1 Weak     Min:  0.0, Avg:  0.0, Max:  0.0, Diff:  0.0, Sum:  0.0, Workers: 4
[1381.950s][debug][gc,phases      ] GC(98)     Dead                           Min: 0, Avg:  0.0, Max: 0, Diff: 0, Sum: 0, Workers: 4
[1381.950s][debug][gc,phases      ] GC(98)     Total                          Min: 0, Avg:  0.0, Max: 0, Diff: 0, Sum: 0, Workers: 4
[1381.950s][debug][gc,phases      ] GC(98)   Weak JFR Old Object Samples    Min:  0.0, Avg:  0.0, Max:  0.0, Diff:  0.0, Sum:  0.0, Workers: 4
[1381.950s][debug][gc,phases      ] GC(98)     Dead                           Min: 0, Avg:  0.0, Max: 0, Diff: 0, Sum: 0, Workers: 4
[1381.950s][debug][gc,phases      ] GC(98)     Total                          Min: 0, Avg:  0.0, Max: 0, Diff: 0, Sum: 0, Workers: 4
[1381.950s][debug][gc,phases      ] GC(98) Weak Processing 0.418ms
[1381.950s][debug][gc,age         ] GC(98) Desired survivor size 6815744 bytes, new threshold 15 (max threshold 15)
[1381.950s][info ][gc,heap        ] GC(98) PSYoungGen: 2084336K(2089984K)->1760K(2089472K) Eden: 2082304K(2082304K)->0K(2082304K) From: 2032K(7680K)->1760K(7168K)
[1381.950s][info ][gc,heap        ] GC(98) ParOldGen: 358983K(458752K)->359015K(458752K)
[1381.950s][info ][gc,metaspace   ] GC(98) Metaspace: 82653K(83648K)->82653K(83648K) NonClass: 70779K(71296K)->70779K(71296K) Class: 11874K(12352K)->11874K(12352K)
[1381.950s][info ][gc             ] GC(98) Pause Young (Allocation Failure) 2386M->352M(2488M) 5.920ms
[1381.950s][info ][gc,cpu         ] GC(98) User=0.01s Sys=0.00s Real=0.01s
[1381.950s][info ][safepoint      ] Safepoint "ParallelGCFailedAllocation", Time since last: 16089362868 ns, Reaching safepoint: 36500 ns, At safepoint: 5987375 ns, Total: 6023875 ns
[1387.951s][info ][safepoint      ] Safepoint "Cleanup", Time since last: 6000397326 ns, Reaching safepoint: 42399 ns, At safepoint: 4100 ns, Total: 46499 ns
[1397.952s][info ][safepoint      ] Safepoint "Cleanup", Time since last: 10000692781 ns, Reaching safepoint: 102000 ns, At safepoint: 5900 ns, Total: 107900 ns
[1398.053s][info ][gc,start       ] GC(99) Pause Young (Allocation Failure)
[1398.058s][debug][gc,phases      ] GC(99) Scavenge 4.847ms
[1398.058s][debug][gc,ref         ] GC(99) Skipped phase 1 of Reference Processing: no references
[1398.058s][debug][gc,ref         ] GC(99) ReferenceProcessor::execute queues: 1, RefProcThreadModel::Single, marks_oops_alive: false
[1398.058s][debug][gc,ref         ] GC(99) Skipped phase 3 of Reference Processing: no references
[1398.058s][debug][gc,ref         ] GC(99) ReferenceProcessor::execute queues: 1, RefProcThreadModel::Single, marks_oops_alive: false
[1398.058s][debug][gc,phases      ] GC(99) Reference Processing 0.081ms
[1398.058s][debug][gc,phases      ] GC(99)   VM Weak                        Min:  0.0, Avg:  0.0, Max:  0.0, Diff:  0.0, Sum:  0.0, Workers: 4
[1398.058s][debug][gc,phases      ] GC(99)     Dead                           Min: 0, Avg:  0.0, Max: 0, Diff: 0, Sum: 0, Workers: 4
[1398.058s][debug][gc,phases      ] GC(99)     Total                          Min: 0, Avg: 211.5, Max: 462, Diff: 462, Sum: 846, Workers: 4
[1398.058s][debug][gc,phases      ] GC(99)   ObjectSynchronizer Weak        Min:  0.0, Avg:  0.0, Max:  0.0, Diff:  0.0, Sum:  0.0, Workers: 4
[1398.058s][debug][gc,phases      ] GC(99)     Dead                           Min: 0, Avg:  0.0, Max: 0, Diff: 0, Sum: 0, Workers: 4
[1398.058s][debug][gc,phases      ] GC(99)     Total                          Min: 0, Avg: 14.8, Max: 59, Diff: 59, Sum: 59, Workers: 4
[1398.058s][debug][gc,phases      ] GC(99)   JVMTI Tag Weak OopStorage      Min:  0.0, Avg:  0.0, Max:  0.0, Diff:  0.0, Sum:  0.0, Workers: 4
[1398.058s][debug][gc,phases      ] GC(99)     Dead                           Min: 0, Avg:  0.0, Max: 0, Diff: 0, Sum: 0, Workers: 4
[1398.058s][debug][gc,phases      ] GC(99)     Total                          Min: 0, Avg:  0.0, Max: 0, Diff: 0, Sum: 0, Workers: 4
[1398.058s][debug][gc,phases      ] GC(99)   StringTable Weak               Min:  0.0, Avg:  0.1, Max:  0.1, Diff:  0.1, Sum:  0.3, Workers: 4
[1398.058s][debug][gc,phases      ] GC(99)     Dead                           Min: 0, Avg:  0.0, Max: 0, Diff: 0, Sum: 0, Workers: 4
[1398.058s][debug][gc,phases      ] GC(99)     Total                          Min: 0, Avg: 11030.5, Max: 19200, Diff: 19200, Sum: 44122, Workers: 4
[1398.058s][debug][gc,phases      ] GC(99)   ResolvedMethodTable Weak       Min:  0.0, Avg:  0.0, Max:  0.0, Diff:  0.0, Sum:  0.1, Workers: 4
[1398.058s][debug][gc,phases      ] GC(99)     Dead                           Min: 0, Avg:  0.0, Max: 0, Diff: 0, Sum: 0, Workers: 4
[1398.058s][debug][gc,phases      ] GC(99)     Total                          Min: 0, Avg: 2431.2, Max: 4416, Diff: 4416, Sum: 9725, Workers: 4
[1398.058s][debug][gc,phases      ] GC(99)   JNI Weak                       Min:  0.0, Avg:  0.0, Max:  0.0, Diff:  0.0, Sum:  0.0, Workers: 4
[1398.058s][debug][gc,phases      ] GC(99)     Dead                           Min: 0, Avg:  0.0, Max: 0, Diff: 0, Sum: 0, Workers: 4
[1398.058s][debug][gc,phases      ] GC(99)     Total                          Min: 0, Avg: 11.2, Max: 45, Diff: 45, Sum: 45, Workers: 4
[1398.058s][debug][gc,phases      ] GC(99)   StringDedup Table Weak         Min:  0.0, Avg:  0.0, Max:  0.0, Diff:  0.0, Sum:  0.0, Workers: 4
[1398.058s][debug][gc,phases      ] GC(99)     Dead                           Min: 0, Avg:  0.0, Max: 0, Diff: 0, Sum: 0, Workers: 4
[1398.058s][debug][gc,phases      ] GC(99)     Total                          Min: 0, Avg:  0.0, Max: 0, Diff: 0, Sum: 0, Workers: 4
[1398.058s][debug][gc,phases      ] GC(99)   StringDedup Requests0 Weak     Min:  0.0, Avg:  0.0, Max:  0.0, Diff:  0.0, Sum:  0.0, Workers: 4
[1398.058s][debug][gc,phases      ] GC(99)     Dead                           Min: 0, Avg:  0.0, Max: 0, Diff: 0, Sum: 0, Workers: 4
[1398.058s][debug][gc,phases      ] GC(99)     Total                          Min: 0, Avg:  0.0, Max: 0, Diff: 0, Sum: 0, Workers: 4
[1398.058s][debug][gc,phases      ] GC(99)   StringDedup Requests1 Weak     Min:  0.0, Avg:  0.0, Max:  0.0, Diff:  0.0, Sum:  0.0, Workers: 4
[1398.058s][debug][gc,phases      ] GC(99)     Dead                           Min: 0, Avg:  0.0, Max: 0, Diff: 0, Sum: 0, Workers: 4
[1398.058s][debug][gc,phases      ] GC(99)     Total                          Min: 0, Avg:  0.0, Max: 0, Diff: 0, Sum: 0, Workers: 4
[1398.058s][debug][gc,phases      ] GC(99)   Weak JFR Old Object Samples    Min:  0.0, Avg:  0.0, Max:  0.0, Diff:  0.0, Sum:  0.0, Workers: 4
[1398.058s][debug][gc,phases      ] GC(99)     Dead                           Min: 0, Avg:  0.0, Max: 0, Diff: 0, Sum: 0, Workers: 4
[1398.058s][debug][gc,phases      ] GC(99)     Total                          Min: 0, Avg:  0.0, Max: 0, Diff: 0, Sum: 0, Workers: 4
[1398.058s][debug][gc,phases      ] GC(99) Weak Processing 0.314ms
[1398.058s][debug][gc,age         ] GC(99) Desired survivor size 6291456 bytes, new threshold 15 (max threshold 15)
[1398.058s][info ][gc,heap        ] GC(99) PSYoungGen: 2084064K(2089472K)->1824K(2091008K) Eden: 2082304K(2082304K)->0K(2084352K) From: 1760K(7168K)->1824K(6656K)
[1398.058s][info ][gc,heap        ] GC(99) ParOldGen: 359015K(458752K)->359039K(458752K)
[1398.058s][info ][gc,metaspace   ] GC(99) Metaspace: 82654K(83712K)->82654K(83712K) NonClass: 70780K(71360K)->70780K(71360K) Class: 11874K(12352K)->11874K(12352K)
[1398.058s][info ][gc             ] GC(99) Pause Young (Allocation Failure) 2385M->352M(2490M) 5.343ms
[1398.058s][info ][gc,cpu         ] GC(99) User=0.02s Sys=0.00s Real=0.01s
[1398.058s][info ][safepoint      ] Safepoint "ParallelGCFailedAllocation", Time since last: 100959877 ns, Reaching safepoint: 32300 ns, At safepoint: 5410277 ns, Total: 5442577 ns
[1402.059s][info ][safepoint      ] Safepoint "Cleanup", Time since last: 4000428350 ns, Reaching safepoint: 105900 ns, At safepoint: 5400 ns, Total: 111300 ns
[1413.946s][info ][gc,start       ] GC(100) Pause Young (Allocation Failure)
[1413.950s][debug][gc,phases      ] GC(100) Scavenge 4.519ms
[1413.950s][debug][gc,ref         ] GC(100) Skipped phase 1 of Reference Processing: no references
[1413.950s][debug][gc,ref         ] GC(100) ReferenceProcessor::execute queues: 1, RefProcThreadModel::Single, marks_oops_alive: false
[1413.950s][debug][gc,ref         ] GC(100) Skipped phase 3 of Reference Processing: no references
[1413.950s][debug][gc,ref         ] GC(100) ReferenceProcessor::execute queues: 1, RefProcThreadModel::Single, marks_oops_alive: false
[1413.950s][debug][gc,phases      ] GC(100) Reference Processing 0.103ms
[1413.951s][debug][gc,phases      ] GC(100)   VM Weak                        Min:  0.0, Avg:  0.0, Max:  0.0, Diff:  0.0, Sum:  0.0, Workers: 4
[1413.951s][debug][gc,phases      ] GC(100)     Dead                           Min: 0, Avg:  0.0, Max: 0, Diff: 0, Sum: 0, Workers: 4
[1413.951s][debug][gc,phases      ] GC(100)     Total                          Min: 0, Avg: 211.5, Max: 526, Diff: 526, Sum: 846, Workers: 4
[1413.951s][debug][gc,phases      ] GC(100)   ObjectSynchronizer Weak        Min:  0.0, Avg:  0.0, Max:  0.0, Diff:  0.0, Sum:  0.0, Workers: 4
[1413.951s][debug][gc,phases      ] GC(100)     Dead                           Min: 0, Avg:  0.0, Max: 0, Diff: 0, Sum: 0, Workers: 4
[1413.951s][debug][gc,phases      ] GC(100)     Total                          Min: 0, Avg: 14.8, Max: 59, Diff: 59, Sum: 59, Workers: 4
[1413.951s][debug][gc,phases      ] GC(100)   JVMTI Tag Weak OopStorage      Min:  0.0, Avg:  0.0, Max:  0.0, Diff:  0.0, Sum:  0.0, Workers: 4
[1413.951s][debug][gc,phases      ] GC(100)     Dead                           Min: 0, Avg:  0.0, Max: 0, Diff: 0, Sum: 0, Workers: 4
[1413.951s][debug][gc,phases      ] GC(100)     Total                          Min: 0, Avg:  0.0, Max: 0, Diff: 0, Sum: 0, Workers: 4
[1413.951s][debug][gc,phases      ] GC(100)   StringTable Weak               Min:  0.0, Avg:  0.1, Max:  0.1, Diff:  0.1, Sum:  0.4, Workers: 4
[1413.951s][debug][gc,phases      ] GC(100)     Dead                           Min: 0, Avg:  0.0, Max: 0, Diff: 0, Sum: 0, Workers: 4
[1413.951s][debug][gc,phases      ] GC(100)     Total                          Min: 0, Avg: 11030.5, Max: 17920, Diff: 17920, Sum: 44122, Workers: 4
[1413.951s][debug][gc,phases      ] GC(100)   ResolvedMethodTable Weak       Min:  0.0, Avg:  0.0, Max:  0.0, Diff:  0.0, Sum:  0.1, Workers: 4
[1413.951s][debug][gc,phases      ] GC(100)     Dead                           Min: 0, Avg:  0.0, Max: 0, Diff: 0, Sum: 0, Workers: 4
[1413.951s][debug][gc,phases      ] GC(100)     Total                          Min: 0, Avg: 2431.2, Max: 4224, Diff: 4224, Sum: 9725, Workers: 4
[1413.951s][debug][gc,phases      ] GC(100)   JNI Weak                       Min:  0.0, Avg:  0.0, Max:  0.0, Diff:  0.0, Sum:  0.0, Workers: 4
[1413.951s][debug][gc,phases      ] GC(100)     Dead                           Min: 0, Avg:  0.0, Max: 0, Diff: 0, Sum: 0, Workers: 4
[1413.951s][debug][gc,phases      ] GC(100)     Total                          Min: 0, Avg: 11.2, Max: 45, Diff: 45, Sum: 45, Workers: 4
[1413.951s][debug][gc,phases      ] GC(100)   StringDedup Table Weak         Min:  0.0, Avg:  0.0, Max:  0.0, Diff:  0.0, Sum:  0.0, Workers: 4
[1413.951s][debug][gc,phases      ] GC(100)     Dead                           Min: 0, Avg:  0.0, Max: 0, Diff: 0, Sum: 0, Workers: 4
[1413.951s][debug][gc,phases      ] GC(100)     Total                          Min: 0, Avg:  0.0, Max: 0, Diff: 0, Sum: 0, Workers: 4
[1413.951s][debug][gc,phases      ] GC(100)   StringDedup Requests0 Weak     Min:  0.0, Avg:  0.0, Max:  0.0, Diff:  0.0, Sum:  0.0, Workers: 4
[1413.951s][debug][gc,phases      ] GC(100)     Dead                           Min: 0, Avg:  0.0, Max: 0, Diff: 0, Sum: 0, Workers: 4
[1413.951s][debug][gc,phases      ] GC(100)     Total                          Min: 0, Avg:  0.0, Max: 0, Diff: 0, Sum: 0, Workers: 4
[1413.951s][debug][gc,phases      ] GC(100)   StringDedup Requests1 Weak     Min:  0.0, Avg:  0.0, Max:  0.0, Diff:  0.0, Sum:  0.0, Workers: 4
[1413.951s][debug][gc,phases      ] GC(100)     Dead                           Min: 0, Avg:  0.0, Max: 0, Diff: 0, Sum: 0, Workers: 4
[1413.951s][debug][gc,phases      ] GC(100)     Total                          Min: 0, Avg:  0.0, Max: 0, Diff: 0, Sum: 0, Workers: 4
[1413.951s][debug][gc,phases      ] GC(100)   Weak JFR Old Object Samples    Min:  0.0, Avg:  0.0, Max:  0.0, Diff:  0.0, Sum:  0.0, Workers: 4
[1413.951s][debug][gc,phases      ] GC(100)     Dead                           Min: 0, Avg:  0.0, Max: 0, Diff: 0, Sum: 0, Workers: 4
[1413.951s][debug][gc,phases      ] GC(100)     Total                          Min: 0, Avg:  0.0, Max: 0, Diff: 0, Sum: 0, Workers: 4
[1413.951s][debug][gc,phases      ] GC(100) Weak Processing 0.323ms
[1413.951s][debug][gc,age         ] GC(100) Desired survivor size 6291456 bytes, new threshold 15 (max threshold 15)
[1413.951s][info ][gc,heap        ] GC(100) PSYoungGen: 2086176K(2091008K)->1888K(2090496K) Eden: 2084352K(2084352K)->0K(2084352K) From: 1824K(6656K)->1888K(6144K)
[1413.951s][info ][gc,heap        ] GC(100) ParOldGen: 359039K(458752K)->359087K(458752K)
[1413.951s][info ][gc,metaspace   ] GC(100) Metaspace: 82661K(83712K)->82661K(83712K) NonClass: 70787K(71360K)->70787K(71360K) Class: 11874K(12352K)->11874K(12352K)
[1413.951s][info ][gc             ] GC(100) Pause Young (Allocation Failure) 2387M->352M(2489M) 5.051ms
[1413.951s][info ][gc,cpu         ] GC(100) User=0.01s Sys=0.00s Real=0.01s
[1413.951s][info ][safepoint      ] Safepoint "ParallelGCFailedAllocation", Time since last: 11886976920 ns, Reaching safepoint: 105999 ns, At safepoint: 5120279 ns, Total: 5226278 ns
[1416.649s][info ][safepoint      ] Safepoint "Cleanup", Time since last: 2698266210 ns, Reaching safepoint: 68000 ns, At safepoint: 2700 ns, Total: 70700 ns
[1420.649s][info ][safepoint      ] Safepoint "Cleanup", Time since last: 4000327580 ns, Reaching safepoint: 42100 ns, At safepoint: 4400 ns, Total: 46500 ns
[1426.650s][info ][safepoint      ] Safepoint "Cleanup", Time since last: 6000470917 ns, Reaching safepoint: 33100 ns, At safepoint: 22500 ns, Total: 55600 ns
[1429.857s][info ][gc,start       ] GC(101) Pause Young (Allocation Failure)
[1429.861s][debug][gc,phases      ] GC(101) Scavenge 4.225ms
[1429.861s][debug][gc,ref         ] GC(101) Skipped phase 1 of Reference Processing: no references
[1429.861s][debug][gc,ref         ] GC(101) ReferenceProcessor::execute queues: 1, RefProcThreadModel::Single, marks_oops_alive: false
[1429.861s][debug][gc,ref         ] GC(101) Skipped phase 3 of Reference Processing: no references
[1429.861s][debug][gc,ref         ] GC(101) ReferenceProcessor::execute queues: 1, RefProcThreadModel::Single, marks_oops_alive: false
[1429.861s][debug][gc,phases      ] GC(101) Reference Processing 0.088ms
[1429.862s][debug][gc,phases      ] GC(101)   VM Weak                        Min:  0.0, Avg:  0.0, Max:  0.0, Diff:  0.0, Sum:  0.0, Workers: 4
[1429.862s][debug][gc,phases      ] GC(101)     Dead                           Min: 0, Avg:  0.0, Max: 0, Diff: 0, Sum: 0, Workers: 4
[1429.862s][debug][gc,phases      ] GC(101)     Total                          Min: 0, Avg: 211.5, Max: 576, Diff: 576, Sum: 846, Workers: 4
[1429.862s][debug][gc,phases      ] GC(101)   ObjectSynchronizer Weak        Min:  0.0, Avg:  0.0, Max:  0.0, Diff:  0.0, Sum:  0.0, Workers: 4
[1429.862s][debug][gc,phases      ] GC(101)     Dead                           Min: 0, Avg:  0.0, Max: 0, Diff: 0, Sum: 0, Workers: 4
[1429.862s][debug][gc,phases      ] GC(101)     Total                          Min: 0, Avg: 14.8, Max: 59, Diff: 59, Sum: 59, Workers: 4
[1429.862s][debug][gc,phases      ] GC(101)   JVMTI Tag Weak OopStorage      Min:  0.0, Avg:  0.0, Max:  0.0, Diff:  0.0, Sum:  0.0, Workers: 4
[1429.862s][debug][gc,phases      ] GC(101)     Dead                           Min: 0, Avg:  0.0, Max: 0, Diff: 0, Sum: 0, Workers: 4
[1429.862s][debug][gc,phases      ] GC(101)     Total                          Min: 0, Avg:  0.0, Max: 0, Diff: 0, Sum: 0, Workers: 4
[1429.862s][debug][gc,phases      ] GC(101)   StringTable Weak               Min:  0.1, Avg:  0.1, Max:  0.1, Diff:  0.0, Sum:  0.4, Workers: 4
[1429.862s][debug][gc,phases      ] GC(101)     Dead                           Min: 0, Avg:  0.0, Max: 0, Diff: 0, Sum: 0, Workers: 4
[1429.862s][debug][gc,phases      ] GC(101)     Total                          Min: 10368, Avg: 11030.5, Max: 11456, Diff: 1088, Sum: 44122, Workers: 4
[1429.862s][debug][gc,phases      ] GC(101)   ResolvedMethodTable Weak       Min:  0.0, Avg:  0.0, Max:  0.0, Diff:  0.0, Sum:  0.1, Workers: 4
[1429.862s][debug][gc,phases      ] GC(101)     Dead                           Min: 0, Avg:  0.0, Max: 0, Diff: 0, Sum: 0, Workers: 4
[1429.862s][debug][gc,phases      ] GC(101)     Total                          Min: 2368, Avg: 2431.2, Max: 2557, Diff: 189, Sum: 9725, Workers: 4
[1429.862s][debug][gc,phases      ] GC(101)   JNI Weak                       Min:  0.0, Avg:  0.0, Max:  0.0, Diff:  0.0, Sum:  0.0, Workers: 4
[1429.862s][debug][gc,phases      ] GC(101)     Dead                           Min: 0, Avg:  0.0, Max: 0, Diff: 0, Sum: 0, Workers: 4
[1429.862s][debug][gc,phases      ] GC(101)     Total                          Min: 0, Avg: 11.2, Max: 45, Diff: 45, Sum: 45, Workers: 4
[1429.862s][debug][gc,phases      ] GC(101)   StringDedup Table Weak         Min:  0.0, Avg:  0.0, Max:  0.0, Diff:  0.0, Sum:  0.0, Workers: 4
[1429.862s][debug][gc,phases      ] GC(101)     Dead                           Min: 0, Avg:  0.0, Max: 0, Diff: 0, Sum: 0, Workers: 4
[1429.862s][debug][gc,phases      ] GC(101)     Total                          Min: 0, Avg:  0.0, Max: 0, Diff: 0, Sum: 0, Workers: 4
[1429.862s][debug][gc,phases      ] GC(101)   StringDedup Requests0 Weak     Min:  0.0, Avg:  0.0, Max:  0.0, Diff:  0.0, Sum:  0.0, Workers: 4
[1429.862s][debug][gc,phases      ] GC(101)     Dead                           Min: 0, Avg:  0.0, Max: 0, Diff: 0, Sum: 0, Workers: 4
[1429.862s][debug][gc,phases      ] GC(101)     Total                          Min: 0, Avg:  0.0, Max: 0, Diff: 0, Sum: 0, Workers: 4
[1429.862s][debug][gc,phases      ] GC(101)   StringDedup Requests1 Weak     Min:  0.0, Avg:  0.0, Max:  0.0, Diff:  0.0, Sum:  0.0, Workers: 4
[1429.862s][debug][gc,phases      ] GC(101)     Dead                           Min: 0, Avg:  0.0, Max: 0, Diff: 0, Sum: 0, Workers: 4
[1429.862s][debug][gc,phases      ] GC(101)     Total                          Min: 0, Avg:  0.0, Max: 0, Diff: 0, Sum: 0, Workers: 4
[1429.862s][debug][gc,phases      ] GC(101)   Weak JFR Old Object Samples    Min:  0.0, Avg:  0.0, Max:  0.0, Diff:  0.0, Sum:  0.0, Workers: 4
[1429.862s][debug][gc,phases      ] GC(101)     Dead                           Min: 0, Avg:  0.0, Max: 0, Diff: 0, Sum: 0, Workers: 4
[1429.862s][debug][gc,phases      ] GC(101)     Total                          Min: 0, Avg:  0.0, Max: 0, Diff: 0, Sum: 0, Workers: 4
[1429.862s][debug][gc,phases      ] GC(101) Weak Processing 0.281ms
[1429.862s][debug][gc,age         ] GC(101) Desired survivor size 5767168 bytes, new threshold 15 (max threshold 15)
[1429.862s][info ][gc,heap        ] GC(101) PSYoungGen: 2086240K(2090496K)->1856K(2091520K) Eden: 2084352K(2084352K)->0K(2085376K) From: 1888K(6144K)->1856K(6144K)
[1429.862s][info ][gc,heap        ] GC(101) ParOldGen: 359087K(458752K)->359087K(458752K)
[1429.862s][info ][gc,metaspace   ] GC(101) Metaspace: 82661K(83712K)->82661K(83712K) NonClass: 70787K(71360K)->70787K(71360K) Class: 11874K(12352K)->11874K(12352K)
[1429.862s][info ][gc             ] GC(101) Pause Young (Allocation Failure) 2388M->352M(2490M) 4.699ms
[1429.862s][info ][gc,cpu         ] GC(101) User=0.01s Sys=0.00s Real=0.00s
[1429.862s][info ][safepoint      ] Safepoint "ParallelGCFailedAllocation", Time since last: 3206976838 ns, Reaching safepoint: 32700 ns, At safepoint: 4763180 ns, Total: 4795880 ns
[1434.862s][info ][safepoint      ] Safepoint "Cleanup", Time since last: 5000306307 ns, Reaching safepoint: 69200 ns, At safepoint: 7100 ns, Total: 76300 ns
[1440.863s][info ][safepoint      ] Safepoint "Cleanup", Time since last: 6000447800 ns, Reaching safepoint: 37400 ns, At safepoint: 4800 ns, Total: 42200 ns
[1446.095s][info ][gc,start       ] GC(102) Pause Young (Allocation Failure)
[1446.100s][debug][gc,phases      ] GC(102) Scavenge 5.063ms
[1446.100s][debug][gc,ref         ] GC(102) Skipped phase 1 of Reference Processing: no references
[1446.100s][debug][gc,ref         ] GC(102) ReferenceProcessor::execute queues: 1, RefProcThreadModel::Single, marks_oops_alive: false
[1446.100s][debug][gc,ref         ] GC(102) Skipped phase 3 of Reference Processing: no references
[1446.100s][debug][gc,ref         ] GC(102) ReferenceProcessor::execute queues: 1, RefProcThreadModel::Single, marks_oops_alive: false
[1446.100s][debug][gc,phases      ] GC(102) Reference Processing 0.089ms
[1446.100s][debug][gc,phases      ] GC(102)   VM Weak                        Min:  0.0, Avg:  0.0, Max:  0.0, Diff:  0.0, Sum:  0.0, Workers: 4
[1446.100s][debug][gc,phases      ] GC(102)     Dead                           Min: 0, Avg:  0.0, Max: 0, Diff: 0, Sum: 0, Workers: 4
[1446.100s][debug][gc,phases      ] GC(102)     Total                          Min: 0, Avg: 211.5, Max: 576, Diff: 576, Sum: 846, Workers: 4
[1446.100s][debug][gc,phases      ] GC(102)   ObjectSynchronizer Weak        Min:  0.0, Avg:  0.0, Max:  0.0, Diff:  0.0, Sum:  0.0, Workers: 4
[1446.100s][debug][gc,phases      ] GC(102)     Dead                           Min: 0, Avg:  0.0, Max: 0, Diff: 0, Sum: 0, Workers: 4
[1446.100s][debug][gc,phases      ] GC(102)     Total                          Min: 0, Avg: 14.8, Max: 59, Diff: 59, Sum: 59, Workers: 4
[1446.100s][debug][gc,phases      ] GC(102)   JVMTI Tag Weak OopStorage      Min:  0.0, Avg:  0.0, Max:  0.0, Diff:  0.0, Sum:  0.0, Workers: 4
[1446.100s][debug][gc,phases      ] GC(102)     Dead                           Min: 0, Avg:  0.0, Max: 0, Diff: 0, Sum: 0, Workers: 4
[1446.100s][debug][gc,phases      ] GC(102)     Total                          Min: 0, Avg:  0.0, Max: 0, Diff: 0, Sum: 0, Workers: 4
[1446.100s][debug][gc,phases      ] GC(102)   StringTable Weak               Min:  0.0, Avg:  0.1, Max:  0.2, Diff:  0.2, Sum:  0.3, Workers: 4
[1446.100s][debug][gc,phases      ] GC(102)     Dead                           Min: 0, Avg:  0.0, Max: 0, Diff: 0, Sum: 0, Workers: 4
[1446.100s][debug][gc,phases      ] GC(102)     Total                          Min: 0, Avg: 11030.5, Max: 26240, Diff: 26240, Sum: 44122, Workers: 4
[1446.100s][debug][gc,phases      ] GC(102)   ResolvedMethodTable Weak       Min:  0.0, Avg:  0.0, Max:  0.0, Diff:  0.0, Sum:  0.1, Workers: 4
[1446.100s][debug][gc,phases      ] GC(102)     Dead                           Min: 0, Avg:  0.0, Max: 0, Diff: 0, Sum: 0, Workers: 4
[1446.100s][debug][gc,phases      ] GC(102)     Total                          Min: 0, Avg: 2431.2, Max: 5504, Diff: 5504, Sum: 9725, Workers: 4
[1446.100s][debug][gc,phases      ] GC(102)   JNI Weak                       Min:  0.0, Avg:  0.0, Max:  0.0, Diff:  0.0, Sum:  0.0, Workers: 4
[1446.100s][debug][gc,phases      ] GC(102)     Dead                           Min: 0, Avg:  0.0, Max: 0, Diff: 0, Sum: 0, Workers: 4
[1446.100s][debug][gc,phases      ] GC(102)     Total                          Min: 0, Avg: 11.2, Max: 45, Diff: 45, Sum: 45, Workers: 4
[1446.100s][debug][gc,phases      ] GC(102)   StringDedup Table Weak         Min:  0.0, Avg:  0.0, Max:  0.0, Diff:  0.0, Sum:  0.0, Workers: 4
[1446.100s][debug][gc,phases      ] GC(102)     Dead                           Min: 0, Avg:  0.0, Max: 0, Diff: 0, Sum: 0, Workers: 4
[1446.100s][debug][gc,phases      ] GC(102)     Total                          Min: 0, Avg:  0.0, Max: 0, Diff: 0, Sum: 0, Workers: 4
[1446.100s][debug][gc,phases      ] GC(102)   StringDedup Requests0 Weak     Min:  0.0, Avg:  0.0, Max:  0.0, Diff:  0.0, Sum:  0.0, Workers: 4
[1446.100s][debug][gc,phases      ] GC(102)     Dead                           Min: 0, Avg:  0.0, Max: 0, Diff: 0, Sum: 0, Workers: 4
[1446.100s][debug][gc,phases      ] GC(102)     Total                          Min: 0, Avg:  0.0, Max: 0, Diff: 0, Sum: 0, Workers: 4
[1446.100s][debug][gc,phases      ] GC(102)   StringDedup Requests1 Weak     Min:  0.0, Avg:  0.0, Max:  0.0, Diff:  0.0, Sum:  0.0, Workers: 4
[1446.100s][debug][gc,phases      ] GC(102)     Dead                           Min: 0, Avg:  0.0, Max: 0, Diff: 0, Sum: 0, Workers: 4
[1446.100s][debug][gc,phases      ] GC(102)     Total                          Min: 0, Avg:  0.0, Max: 0, Diff: 0, Sum: 0, Workers: 4
[1446.100s][debug][gc,phases      ] GC(102)   Weak JFR Old Object Samples    Min:  0.0, Avg:  0.0, Max:  0.0, Diff:  0.0, Sum:  0.0, Workers: 4
[1446.100s][debug][gc,phases      ] GC(102)     Dead                           Min: 0, Avg:  0.0, Max: 0, Diff: 0, Sum: 0, Workers: 4
[1446.100s][debug][gc,phases      ] GC(102)     Total                          Min: 0, Avg:  0.0, Max: 0, Diff: 0, Sum: 0, Workers: 4
[1446.100s][debug][gc,phases      ] GC(102) Weak Processing 0.411ms
[1446.100s][debug][gc,age         ] GC(102) Desired survivor size 5242880 bytes, new threshold 15 (max threshold 15)
[1446.100s][info ][gc,heap        ] GC(102) PSYoungGen: 2087232K(2091520K)->1824K(2091008K) Eden: 2085376K(2085376K)->0K(2085376K) From: 1856K(6144K)->1824K(5632K)
[1446.100s][info ][gc,heap        ] GC(102) ParOldGen: 359087K(458752K)->359143K(458752K)
[1446.100s][info ][gc,metaspace   ] GC(102) Metaspace: 82661K(83712K)->82661K(83712K) NonClass: 70787K(71360K)->70787K(71360K) Class: 11874K(12352K)->11874K(12352K)
[1446.100s][info ][gc             ] GC(102) Pause Young (Allocation Failure) 2388M->352M(2490M) 5.666ms
[1446.100s][info ][gc,cpu         ] GC(102) User=0.01s Sys=0.00s Real=0.00s
[1446.101s][info ][safepoint      ] Safepoint "ParallelGCFailedAllocation", Time since last: 5232097831 ns, Reaching safepoint: 53199 ns, At safepoint: 5738576 ns, Total: 5791775 ns
[1462.292s][info ][gc,start       ] GC(103) Pause Young (Allocation Failure)
[1462.298s][debug][gc,phases      ] GC(103) Scavenge 5.760ms
[1462.298s][debug][gc,ref         ] GC(103) Skipped phase 1 of Reference Processing: no references
[1462.298s][debug][gc,ref         ] GC(103) ReferenceProcessor::execute queues: 1, RefProcThreadModel::Single, marks_oops_alive: false
[1462.298s][debug][gc,ref         ] GC(103) Skipped phase 3 of Reference Processing: no references
[1462.298s][debug][gc,ref         ] GC(103) ReferenceProcessor::execute queues: 1, RefProcThreadModel::Single, marks_oops_alive: false
[1462.298s][debug][gc,phases      ] GC(103) Reference Processing 0.088ms
[1462.298s][debug][gc,phases      ] GC(103)   VM Weak                        Min:  0.0, Avg:  0.0, Max:  0.0, Diff:  0.0, Sum:  0.0, Workers: 4
[1462.298s][debug][gc,phases      ] GC(103)     Dead                           Min: 0, Avg:  0.0, Max: 0, Diff: 0, Sum: 0, Workers: 4
[1462.298s][debug][gc,phases      ] GC(103)     Total                          Min: 0, Avg: 211.5, Max: 448, Diff: 448, Sum: 846, Workers: 4
[1462.298s][debug][gc,phases      ] GC(103)   ObjectSynchronizer Weak        Min:  0.0, Avg:  0.0, Max:  0.0, Diff:  0.0, Sum:  0.0, Workers: 4
[1462.298s][debug][gc,phases      ] GC(103)     Dead                           Min: 0, Avg:  0.0, Max: 0, Diff: 0, Sum: 0, Workers: 4
[1462.298s][debug][gc,phases      ] GC(103)     Total                          Min: 0, Avg: 14.8, Max: 59, Diff: 59, Sum: 59, Workers: 4
[1462.298s][debug][gc,phases      ] GC(103)   JVMTI Tag Weak OopStorage      Min:  0.0, Avg:  0.0, Max:  0.0, Diff:  0.0, Sum:  0.0, Workers: 4
[1462.298s][debug][gc,phases      ] GC(103)     Dead                           Min: 0, Avg:  0.0, Max: 0, Diff: 0, Sum: 0, Workers: 4
[1462.298s][debug][gc,phases      ] GC(103)     Total                          Min: 0, Avg:  0.0, Max: 0, Diff: 0, Sum: 0, Workers: 4
[1462.298s][debug][gc,phases      ] GC(103)   StringTable Weak               Min:  0.0, Avg:  0.1, Max:  0.2, Diff:  0.2, Sum:  0.5, Workers: 4
[1462.298s][debug][gc,phases      ] GC(103)     Dead                           Min: 0, Avg:  0.0, Max: 0, Diff: 0, Sum: 0, Workers: 4
[1462.298s][debug][gc,phases      ] GC(103)     Total                          Min: 0, Avg: 11030.5, Max: 15744, Diff: 15744, Sum: 44122, Workers: 4
[1462.298s][debug][gc,phases      ] GC(103)   ResolvedMethodTable Weak       Min:  0.0, Avg:  0.0, Max:  0.0, Diff:  0.0, Sum:  0.1, Workers: 4
[1462.298s][debug][gc,phases      ] GC(103)     Dead                           Min: 0, Avg:  0.0, Max: 0, Diff: 0, Sum: 0, Workers: 4
[1462.298s][debug][gc,phases      ] GC(103)     Total                          Min: 0, Avg: 2431.2, Max: 3456, Diff: 3456, Sum: 9725, Workers: 4
[1462.298s][debug][gc,phases      ] GC(103)   JNI Weak                       Min:  0.0, Avg:  0.0, Max:  0.0, Diff:  0.0, Sum:  0.0, Workers: 4
[1462.298s][debug][gc,phases      ] GC(103)     Dead                           Min: 0, Avg:  0.0, Max: 0, Diff: 0, Sum: 0, Workers: 4
[1462.298s][debug][gc,phases      ] GC(103)     Total                          Min: 0, Avg: 11.2, Max: 45, Diff: 45, Sum: 45, Workers: 4
[1462.298s][debug][gc,phases      ] GC(103)   StringDedup Table Weak         Min:  0.0, Avg:  0.0, Max:  0.0, Diff:  0.0, Sum:  0.0, Workers: 4
[1462.298s][debug][gc,phases      ] GC(103)     Dead                           Min: 0, Avg:  0.0, Max: 0, Diff: 0, Sum: 0, Workers: 4
[1462.298s][debug][gc,phases      ] GC(103)     Total                          Min: 0, Avg:  0.0, Max: 0, Diff: 0, Sum: 0, Workers: 4
[1462.298s][debug][gc,phases      ] GC(103)   StringDedup Requests0 Weak     Min:  0.0, Avg:  0.0, Max:  0.0, Diff:  0.0, Sum:  0.0, Workers: 4
[1462.298s][debug][gc,phases      ] GC(103)     Dead                           Min: 0, Avg:  0.0, Max: 0, Diff: 0, Sum: 0, Workers: 4
[1462.298s][debug][gc,phases      ] GC(103)     Total                          Min: 0, Avg:  0.0, Max: 0, Diff: 0, Sum: 0, Workers: 4
[1462.298s][debug][gc,phases      ] GC(103)   StringDedup Requests1 Weak     Min:  0.0, Avg:  0.0, Max:  0.0, Diff:  0.0, Sum:  0.0, Workers: 4
[1462.298s][debug][gc,phases      ] GC(103)     Dead                           Min: 0, Avg:  0.0, Max: 0, Diff: 0, Sum: 0, Workers: 4
[1462.298s][debug][gc,phases      ] GC(103)     Total                          Min: 0, Avg:  0.0, Max: 0, Diff: 0, Sum: 0, Workers: 4
[1462.298s][debug][gc,phases      ] GC(103)   Weak JFR Old Object Samples    Min:  0.0, Avg:  0.0, Max:  0.0, Diff:  0.0, Sum:  0.0, Workers: 4
[1462.298s][debug][gc,phases      ] GC(103)     Dead                           Min: 0, Avg:  0.0, Max: 0, Diff: 0, Sum: 0, Workers: 4
[1462.298s][debug][gc,phases      ] GC(103)     Total                          Min: 0, Avg:  0.0, Max: 0, Diff: 0, Sum: 0, Workers: 4
[1462.298s][debug][gc,phases      ] GC(103) Weak Processing 0.350ms
[1462.298s][debug][gc,age         ] GC(103) Desired survivor size 5242880 bytes, new threshold 15 (max threshold 15)
[1462.298s][info ][gc,heap        ] GC(103) PSYoungGen: 2087200K(2091008K)->1904K(2092032K) Eden: 2085376K(2085376K)->0K(2086912K) From: 1824K(5632K)->1904K(5120K)
[1462.298s][info ][gc,heap        ] GC(103) ParOldGen: 359143K(458752K)->359167K(458752K)
[1462.298s][info ][gc,metaspace   ] GC(103) Metaspace: 82661K(83712K)->82661K(83712K) NonClass: 70787K(71360K)->70787K(71360K) Class: 11874K(12352K)->11874K(12352K)
[1462.298s][info ][gc             ] GC(103) Pause Young (Allocation Failure) 2389M->352M(2491M) 6.301ms
[1462.298s][info ][gc,cpu         ] GC(103) User=0.01s Sys=0.00s Real=0.01s
[1462.298s][info ][safepoint      ] Safepoint "ParallelGCFailedAllocation", Time since last: 16191522350 ns, Reaching safepoint: 23200 ns, At safepoint: 6361173 ns, Total: 6384373 ns
[1465.299s][info ][safepoint      ] Safepoint "Cleanup", Time since last: 3000595907 ns, Reaching safepoint: 121499 ns, At safepoint: 4800 ns, Total: 126299 ns
[1466.299s][info ][safepoint      ] Safepoint "Cleanup", Time since last: 1000106704 ns, Reaching safepoint: 40300 ns, At safepoint: 5600 ns, Total: 45900 ns
[1470.300s][info ][safepoint      ] Safepoint "Cleanup", Time since last: 4000329316 ns, Reaching safepoint: 41400 ns, At safepoint: 4600 ns, Total: 46000 ns
[1480.217s][info ][gc,start       ] GC(104) Pause Young (Allocation Failure)
[1480.221s][debug][gc,phases      ] GC(104) Scavenge 3.420ms
[1480.221s][debug][gc,ref         ] GC(104) Skipped phase 1 of Reference Processing: no references
[1480.221s][debug][gc,ref         ] GC(104) ReferenceProcessor::execute queues: 1, RefProcThreadModel::Single, marks_oops_alive: false
[1480.221s][debug][gc,ref         ] GC(104) Skipped phase 3 of Reference Processing: no references
[1480.221s][debug][gc,ref         ] GC(104) ReferenceProcessor::execute queues: 1, RefProcThreadModel::Single, marks_oops_alive: false
[1480.221s][debug][gc,phases      ] GC(104) Reference Processing 0.150ms
[1480.221s][debug][gc,phases      ] GC(104)   VM Weak                        Min:  0.0, Avg:  0.0, Max:  0.0, Diff:  0.0, Sum:  0.0, Workers: 4
[1480.221s][debug][gc,phases      ] GC(104)     Dead                           Min: 0, Avg:  0.0, Max: 0, Diff: 0, Sum: 0, Workers: 4
[1480.221s][debug][gc,phases      ] GC(104)     Total                          Min: 0, Avg: 211.5, Max: 782, Diff: 782, Sum: 846, Workers: 4
[1480.221s][debug][gc,phases      ] GC(104)   ObjectSynchronizer Weak        Min:  0.0, Avg:  0.0, Max:  0.0, Diff:  0.0, Sum:  0.0, Workers: 4
[1480.221s][debug][gc,phases      ] GC(104)     Dead                           Min: 0, Avg:  0.0, Max: 0, Diff: 0, Sum: 0, Workers: 4
[1480.221s][debug][gc,phases      ] GC(104)     Total                          Min: 0, Avg: 14.8, Max: 59, Diff: 59, Sum: 59, Workers: 4
[1480.221s][debug][gc,phases      ] GC(104)   JVMTI Tag Weak OopStorage      Min:  0.0, Avg:  0.0, Max:  0.0, Diff:  0.0, Sum:  0.0, Workers: 4
[1480.221s][debug][gc,phases      ] GC(104)     Dead                           Min: 0, Avg:  0.0, Max: 0, Diff: 0, Sum: 0, Workers: 4
[1480.221s][debug][gc,phases      ] GC(104)     Total                          Min: 0, Avg:  0.0, Max: 0, Diff: 0, Sum: 0, Workers: 4
[1480.221s][debug][gc,phases      ] GC(104)   StringTable Weak               Min:  0.0, Avg:  0.1, Max:  0.2, Diff:  0.2, Sum:  0.3, Workers: 4
[1480.221s][debug][gc,phases      ] GC(104)     Dead                           Min: 0, Avg:  0.0, Max: 0, Diff: 0, Sum: 0, Workers: 4
[1480.221s][debug][gc,phases      ] GC(104)     Total                          Min: 0, Avg: 11030.5, Max: 26842, Diff: 26842, Sum: 44122, Workers: 4
[1480.221s][debug][gc,phases      ] GC(104)   ResolvedMethodTable Weak       Min:  0.0, Avg:  0.0, Max:  0.0, Diff:  0.0, Sum:  0.1, Workers: 4
[1480.221s][debug][gc,phases      ] GC(104)     Dead                           Min: 0, Avg:  0.0, Max: 0, Diff: 0, Sum: 0, Workers: 4
[1480.221s][debug][gc,phases      ] GC(104)     Total                          Min: 0, Avg: 2431.2, Max: 5053, Diff: 5053, Sum: 9725, Workers: 4
[1480.221s][debug][gc,phases      ] GC(104)   JNI Weak                       Min:  0.0, Avg:  0.0, Max:  0.0, Diff:  0.0, Sum:  0.0, Workers: 4
[1480.221s][debug][gc,phases      ] GC(104)     Dead                           Min: 0, Avg:  0.0, Max: 0, Diff: 0, Sum: 0, Workers: 4
[1480.221s][debug][gc,phases      ] GC(104)     Total                          Min: 0, Avg: 11.2, Max: 45, Diff: 45, Sum: 45, Workers: 4
[1480.221s][debug][gc,phases      ] GC(104)   StringDedup Table Weak         Min:  0.0, Avg:  0.0, Max:  0.0, Diff:  0.0, Sum:  0.0, Workers: 4
[1480.221s][debug][gc,phases      ] GC(104)     Dead                           Min: 0, Avg:  0.0, Max: 0, Diff: 0, Sum: 0, Workers: 4
[1480.221s][debug][gc,phases      ] GC(104)     Total                          Min: 0, Avg:  0.0, Max: 0, Diff: 0, Sum: 0, Workers: 4
[1480.221s][debug][gc,phases      ] GC(104)   StringDedup Requests0 Weak     Min:  0.0, Avg:  0.0, Max:  0.0, Diff:  0.0, Sum:  0.0, Workers: 4
[1480.221s][debug][gc,phases      ] GC(104)     Dead                           Min: 0, Avg:  0.0, Max: 0, Diff: 0, Sum: 0, Workers: 4
[1480.221s][debug][gc,phases      ] GC(104)     Total                          Min: 0, Avg:  0.0, Max: 0, Diff: 0, Sum: 0, Workers: 4
[1480.221s][debug][gc,phases      ] GC(104)   StringDedup Requests1 Weak     Min:  0.0, Avg:  0.0, Max:  0.0, Diff:  0.0, Sum:  0.0, Workers: 4
[1480.221s][debug][gc,phases      ] GC(104)     Dead                           Min: 0, Avg:  0.0, Max: 0, Diff: 0, Sum: 0, Workers: 4
[1480.221s][debug][gc,phases      ] GC(104)     Total                          Min: 0, Avg:  0.0, Max: 0, Diff: 0, Sum: 0, Workers: 4
[1480.221s][debug][gc,phases      ] GC(104)   Weak JFR Old Object Samples    Min:  0.0, Avg:  0.0, Max:  0.0, Diff:  0.0, Sum:  0.0, Workers: 4
[1480.221s][debug][gc,phases      ] GC(104)     Dead                           Min: 0, Avg:  0.0, Max: 0, Diff: 0, Sum: 0, Workers: 4
[1480.221s][debug][gc,phases      ] GC(104)     Total                          Min: 0, Avg:  0.0, Max: 0, Diff: 0, Sum: 0, Workers: 4
[1480.221s][debug][gc,phases      ] GC(104) Weak Processing 0.352ms
[1480.221s][debug][gc,age         ] GC(104) Desired survivor size 4718592 bytes, new threshold 15 (max threshold 15)
[1480.221s][info ][gc,heap        ] GC(104) PSYoungGen: 2088816K(2092032K)->1856K(2092032K) Eden: 2086912K(2086912K)->0K(2086912K) From: 1904K(5120K)->1856K(5120K)
[1480.221s][info ][gc,heap        ] GC(104) ParOldGen: 359167K(458752K)->359175K(458752K)
[1480.221s][info ][gc,metaspace   ] GC(104) Metaspace: 82665K(83712K)->82665K(83712K) NonClass: 70791K(71360K)->70791K(71360K) Class: 11874K(12352K)->11874K(12352K)
[1480.221s][info ][gc             ] GC(104) Pause Young (Allocation Failure) 2390M->352M(2491M) 4.033ms
[1480.221s][info ][gc,cpu         ] GC(104) User=0.02s Sys=0.00s Real=0.00s
[1480.222s][info ][safepoint      ] Safepoint "ParallelGCFailedAllocation", Time since last: 9917707408 ns, Reaching safepoint: 36500 ns, At safepoint: 4105383 ns, Total: 4141883 ns
[1486.222s][info ][safepoint      ] Safepoint "Cleanup", Time since last: 6000369834 ns, Reaching safepoint: 32500 ns, At safepoint: 4300 ns, Total: 36800 ns
[1491.222s][info ][safepoint      ] Safepoint "Cleanup", Time since last: 5000353625 ns, Reaching safepoint: 41100 ns, At safepoint: 4600 ns, Total: 45700 ns
[1492.222s][info ][safepoint      ] Safepoint "Cleanup", Time since last: 1000099404 ns, Reaching safepoint: 38000 ns, At safepoint: 3300 ns, Total: 41300 ns
[1496.543s][info ][gc,start       ] GC(105) Pause Young (Allocation Failure)
[1496.549s][debug][gc,phases      ] GC(105) Scavenge 6.226ms
[1496.549s][debug][gc,ref         ] GC(105) Skipped phase 1 of Reference Processing: no references
[1496.549s][debug][gc,ref         ] GC(105) ReferenceProcessor::execute queues: 1, RefProcThreadModel::Single, marks_oops_alive: false
[1496.549s][debug][gc,ref         ] GC(105) Skipped phase 3 of Reference Processing: no references
[1496.549s][debug][gc,ref         ] GC(105) ReferenceProcessor::execute queues: 1, RefProcThreadModel::Single, marks_oops_alive: false
[1496.549s][debug][gc,phases      ] GC(105) Reference Processing 0.089ms
[1496.549s][debug][gc,phases      ] GC(105)   VM Weak                        Min:  0.0, Avg:  0.0, Max:  0.0, Diff:  0.0, Sum:  0.0, Workers: 4
[1496.549s][debug][gc,phases      ] GC(105)     Dead                           Min: 0, Avg:  0.0, Max: 0, Diff: 0, Sum: 0, Workers: 4
[1496.549s][debug][gc,phases      ] GC(105)     Total                          Min: 0, Avg: 211.5, Max: 526, Diff: 526, Sum: 846, Workers: 4
[1496.549s][debug][gc,phases      ] GC(105)   ObjectSynchronizer Weak        Min:  0.0, Avg:  0.0, Max:  0.0, Diff:  0.0, Sum:  0.0, Workers: 4
[1496.549s][debug][gc,phases      ] GC(105)     Dead                           Min: 0, Avg:  0.0, Max: 0, Diff: 0, Sum: 0, Workers: 4
[1496.549s][debug][gc,phases      ] GC(105)     Total                          Min: 0, Avg: 14.8, Max: 59, Diff: 59, Sum: 59, Workers: 4
[1496.549s][debug][gc,phases      ] GC(105)   JVMTI Tag Weak OopStorage      Min:  0.0, Avg:  0.0, Max:  0.0, Diff:  0.0, Sum:  0.0, Workers: 4
[1496.549s][debug][gc,phases      ] GC(105)     Dead                           Min: 0, Avg:  0.0, Max: 0, Diff: 0, Sum: 0, Workers: 4
[1496.549s][debug][gc,phases      ] GC(105)     Total                          Min: 0, Avg:  0.0, Max: 0, Diff: 0, Sum: 0, Workers: 4
[1496.549s][debug][gc,phases      ] GC(105)   StringTable Weak               Min:  0.0, Avg:  0.1, Max:  0.2, Diff:  0.2, Sum:  0.3, Workers: 4
[1496.549s][debug][gc,phases      ] GC(105)     Dead                           Min: 0, Avg:  0.0, Max: 0, Diff: 0, Sum: 0, Workers: 4
[1496.549s][debug][gc,phases      ] GC(105)     Total                          Min: 0, Avg: 11030.5, Max: 27392, Diff: 27392, Sum: 44122, Workers: 4
[1496.549s][debug][gc,phases      ] GC(105)   ResolvedMethodTable Weak       Min:  0.0, Avg:  0.0, Max:  0.0, Diff:  0.0, Sum:  0.1, Workers: 4
[1496.549s][debug][gc,phases      ] GC(105)     Dead                           Min: 0, Avg:  0.0, Max: 0, Diff: 0, Sum: 0, Workers: 4
[1496.549s][debug][gc,phases      ] GC(105)     Total                          Min: 0, Avg: 2431.2, Max: 5952, Diff: 5952, Sum: 9725, Workers: 4
[1496.549s][debug][gc,phases      ] GC(105)   JNI Weak                       Min:  0.0, Avg:  0.0, Max:  0.0, Diff:  0.0, Sum:  0.0, Workers: 4
[1496.549s][debug][gc,phases      ] GC(105)     Dead                           Min: 0, Avg:  0.0, Max: 0, Diff: 0, Sum: 0, Workers: 4
[1496.549s][debug][gc,phases      ] GC(105)     Total                          Min: 0, Avg: 11.2, Max: 45, Diff: 45, Sum: 45, Workers: 4
[1496.549s][debug][gc,phases      ] GC(105)   StringDedup Table Weak         Min:  0.0, Avg:  0.0, Max:  0.0, Diff:  0.0, Sum:  0.0, Workers: 4
[1496.549s][debug][gc,phases      ] GC(105)     Dead                           Min: 0, Avg:  0.0, Max: 0, Diff: 0, Sum: 0, Workers: 4
[1496.549s][debug][gc,phases      ] GC(105)     Total                          Min: 0, Avg:  0.0, Max: 0, Diff: 0, Sum: 0, Workers: 4
[1496.549s][debug][gc,phases      ] GC(105)   StringDedup Requests0 Weak     Min:  0.0, Avg:  0.0, Max:  0.0, Diff:  0.0, Sum:  0.0, Workers: 4
[1496.549s][debug][gc,phases      ] GC(105)     Dead                           Min: 0, Avg:  0.0, Max: 0, Diff: 0, Sum: 0, Workers: 4
[1496.549s][debug][gc,phases      ] GC(105)     Total                          Min: 0, Avg:  0.0, Max: 0, Diff: 0, Sum: 0, Workers: 4
[1496.549s][debug][gc,phases      ] GC(105)   StringDedup Requests1 Weak     Min:  0.0, Avg:  0.0, Max:  0.0, Diff:  0.0, Sum:  0.0, Workers: 4
[1496.549s][debug][gc,phases      ] GC(105)     Dead                           Min: 0, Avg:  0.0, Max: 0, Diff: 0, Sum: 0, Workers: 4
[1496.549s][debug][gc,phases      ] GC(105)     Total                          Min: 0, Avg:  0.0, Max: 0, Diff: 0, Sum: 0, Workers: 4
[1496.549s][debug][gc,phases      ] GC(105)   Weak JFR Old Object Samples    Min:  0.0, Avg:  0.0, Max:  0.0, Diff:  0.0, Sum:  0.0, Workers: 4
[1496.549s][debug][gc,phases      ] GC(105)     Dead                           Min: 0, Avg:  0.0, Max: 0, Diff: 0, Sum: 0, Workers: 4
[1496.549s][debug][gc,phases      ] GC(105)     Total                          Min: 0, Avg:  0.0, Max: 0, Diff: 0, Sum: 0, Workers: 4
[1496.549s][debug][gc,phases      ] GC(105) Weak Processing 0.357ms
[1496.549s][debug][gc,age         ] GC(105) Desired survivor size 4718592 bytes, new threshold 15 (max threshold 15)
[1496.549s][info ][gc,heap        ] GC(105) PSYoungGen: 2088768K(2092032K)->1728K(2092544K) Eden: 2086912K(2086912K)->0K(2087936K) From: 1856K(5120K)->1728K(4608K)
[1496.549s][info ][gc,heap        ] GC(105) ParOldGen: 359175K(458752K)->359287K(458752K)
[1496.549s][info ][gc,metaspace   ] GC(105) Metaspace: 82669K(83712K)->82669K(83712K) NonClass: 70795K(71360K)->70795K(71360K) Class: 11874K(12352K)->11874K(12352K)
[1496.549s][info ][gc             ] GC(105) Pause Young (Allocation Failure) 2390M->352M(2491M) 6.779ms
[1496.549s][info ][gc,cpu         ] GC(105) User=0.01s Sys=0.00s Real=0.01s
[1496.549s][info ][safepoint      ] Safepoint "ParallelGCFailedAllocation", Time since last: 4320011775 ns, Reaching safepoint: 110500 ns, At safepoint: 6849571 ns, Total: 6960071 ns
[1498.550s][info ][safepoint      ] Safepoint "Cleanup", Time since last: 2000173707 ns, Reaching safepoint: 43300 ns, At safepoint: 26500 ns, Total: 69800 ns
[1512.947s][info ][gc,start       ] GC(106) Pause Young (Allocation Failure)
[1512.953s][debug][gc,phases      ] GC(106) Scavenge 5.234ms
[1512.953s][debug][gc,ref         ] GC(106) Skipped phase 1 of Reference Processing: no references
[1512.953s][debug][gc,ref         ] GC(106) ReferenceProcessor::execute queues: 1, RefProcThreadModel::Single, marks_oops_alive: false
[1512.953s][debug][gc,ref         ] GC(106) Skipped phase 3 of Reference Processing: no references
[1512.953s][debug][gc,ref         ] GC(106) ReferenceProcessor::execute queues: 1, RefProcThreadModel::Single, marks_oops_alive: false
[1512.953s][debug][gc,phases      ] GC(106) Reference Processing 0.088ms
[1512.953s][debug][gc,phases      ] GC(106)   VM Weak                        Min:  0.0, Avg:  0.0, Max:  0.0, Diff:  0.0, Sum:  0.0, Workers: 4
[1512.953s][debug][gc,phases      ] GC(106)     Dead                           Min: 0, Avg:  0.0, Max: 0, Diff: 0, Sum: 0, Workers: 4
[1512.953s][debug][gc,phases      ] GC(106)     Total                          Min: 0, Avg: 211.5, Max: 512, Diff: 512, Sum: 846, Workers: 4
[1512.953s][debug][gc,phases      ] GC(106)   ObjectSynchronizer Weak        Min:  0.0, Avg:  0.0, Max:  0.0, Diff:  0.0, Sum:  0.0, Workers: 4
[1512.953s][debug][gc,phases      ] GC(106)     Dead                           Min: 0, Avg:  0.0, Max: 0, Diff: 0, Sum: 0, Workers: 4
[1512.953s][debug][gc,phases      ] GC(106)     Total                          Min: 0, Avg: 14.8, Max: 59, Diff: 59, Sum: 59, Workers: 4
[1512.953s][debug][gc,phases      ] GC(106)   JVMTI Tag Weak OopStorage      Min:  0.0, Avg:  0.0, Max:  0.0, Diff:  0.0, Sum:  0.0, Workers: 4
[1512.953s][debug][gc,phases      ] GC(106)     Dead                           Min: 0, Avg:  0.0, Max: 0, Diff: 0, Sum: 0, Workers: 4
[1512.953s][debug][gc,phases      ] GC(106)     Total                          Min: 0, Avg:  0.0, Max: 0, Diff: 0, Sum: 0, Workers: 4
[1512.953s][debug][gc,phases      ] GC(106)   StringTable Weak               Min:  0.0, Avg:  0.1, Max:  0.2, Diff:  0.2, Sum:  0.3, Workers: 4
[1512.953s][debug][gc,phases      ] GC(106)     Dead                           Min: 0, Avg:  0.0, Max: 0, Diff: 0, Sum: 0, Workers: 4
[1512.953s][debug][gc,phases      ] GC(106)     Total                          Min: 0, Avg: 11030.5, Max: 26816, Diff: 26816, Sum: 44122, Workers: 4
[1512.953s][debug][gc,phases      ] GC(106)   ResolvedMethodTable Weak       Min:  0.0, Avg:  0.0, Max:  0.0, Diff:  0.0, Sum:  0.1, Workers: 4
[1512.953s][debug][gc,phases      ] GC(106)     Dead                           Min: 0, Avg:  0.0, Max: 0, Diff: 0, Sum: 0, Workers: 4
[1512.953s][debug][gc,phases      ] GC(106)     Total                          Min: 0, Avg: 2431.2, Max: 5757, Diff: 5757, Sum: 9725, Workers: 4
[1512.953s][debug][gc,phases      ] GC(106)   JNI Weak                       Min:  0.0, Avg:  0.0, Max:  0.0, Diff:  0.0, Sum:  0.0, Workers: 4
[1512.953s][debug][gc,phases      ] GC(106)     Dead                           Min: 0, Avg:  0.0, Max: 0, Diff: 0, Sum: 0, Workers: 4
[1512.953s][debug][gc,phases      ] GC(106)     Total                          Min: 0, Avg: 11.2, Max: 45, Diff: 45, Sum: 45, Workers: 4
[1512.953s][debug][gc,phases      ] GC(106)   StringDedup Table Weak         Min:  0.0, Avg:  0.0, Max:  0.0, Diff:  0.0, Sum:  0.0, Workers: 4
[1512.953s][debug][gc,phases      ] GC(106)     Dead                           Min: 0, Avg:  0.0, Max: 0, Diff: 0, Sum: 0, Workers: 4
[1512.953s][debug][gc,phases      ] GC(106)     Total                          Min: 0, Avg:  0.0, Max: 0, Diff: 0, Sum: 0, Workers: 4
[1512.953s][debug][gc,phases      ] GC(106)   StringDedup Requests0 Weak     Min:  0.0, Avg:  0.0, Max:  0.0, Diff:  0.0, Sum:  0.0, Workers: 4
[1512.953s][debug][gc,phases      ] GC(106)     Dead                           Min: 0, Avg:  0.0, Max: 0, Diff: 0, Sum: 0, Workers: 4
[1512.953s][debug][gc,phases      ] GC(106)     Total                          Min: 0, Avg:  0.0, Max: 0, Diff: 0, Sum: 0, Workers: 4
[1512.953s][debug][gc,phases      ] GC(106)   StringDedup Requests1 Weak     Min:  0.0, Avg:  0.0, Max:  0.0, Diff:  0.0, Sum:  0.0, Workers: 4
[1512.953s][debug][gc,phases      ] GC(106)     Dead                           Min: 0, Avg:  0.0, Max: 0, Diff: 0, Sum: 0, Workers: 4
[1512.953s][debug][gc,phases      ] GC(106)     Total                          Min: 0, Avg:  0.0, Max: 0, Diff: 0, Sum: 0, Workers: 4
[1512.953s][debug][gc,phases      ] GC(106)   Weak JFR Old Object Samples    Min:  0.0, Avg:  0.0, Max:  0.0, Diff:  0.0, Sum:  0.0, Workers: 4
[1512.953s][debug][gc,phases      ] GC(106)     Dead                           Min: 0, Avg:  0.0, Max: 0, Diff: 0, Sum: 0, Workers: 4
[1512.953s][debug][gc,phases      ] GC(106)     Total                          Min: 0, Avg:  0.0, Max: 0, Diff: 0, Sum: 0, Workers: 4
[1512.953s][debug][gc,phases      ] GC(106) Weak Processing 0.354ms
[1512.953s][debug][gc,age         ] GC(106) Desired survivor size 4718592 bytes, new threshold 15 (max threshold 15)
[1512.953s][info ][gc,heap        ] GC(106) PSYoungGen: 2089664K(2092544K)->1648K(2092544K) Eden: 2087936K(2087936K)->0K(2087936K) From: 1728K(4608K)->1648K(4608K)
[1512.953s][info ][gc,heap        ] GC(106) ParOldGen: 359287K(458752K)->359359K(458752K)
[1512.953s][info ][gc,metaspace   ] GC(106) Metaspace: 82669K(83712K)->82669K(83712K) NonClass: 70795K(71360K)->70795K(71360K) Class: 11874K(12352K)->11874K(12352K)
[1512.953s][info ][gc             ] GC(106) Pause Young (Allocation Failure) 2391M->352M(2491M) 5.804ms
[1512.953s][info ][gc,cpu         ] GC(106) User=0.01s Sys=0.00s Real=0.00s
[1512.953s][info ][safepoint      ] Safepoint "ParallelGCFailedAllocation", Time since last: 14397659373 ns, Reaching safepoint: 32300 ns, At safepoint: 5882875 ns, Total: 5915175 ns
[1516.954s][info ][safepoint      ] Safepoint "Cleanup", Time since last: 4000289615 ns, Reaching safepoint: 49399 ns, At safepoint: 3200 ns, Total: 52599 ns
[1519.954s][info ][safepoint      ] Safepoint "Cleanup", Time since last: 3000268812 ns, Reaching safepoint: 44699 ns, At safepoint: 4100 ns, Total: 48799 ns
[1520.954s][info ][safepoint      ] Safepoint "Cleanup", Time since last: 1000104804 ns, Reaching safepoint: 54100 ns, At safepoint: 3000 ns, Total: 57100 ns
[1525.954s][info ][safepoint      ] Safepoint "Cleanup", Time since last: 5000364325 ns, Reaching safepoint: 40400 ns, At safepoint: 4500 ns, Total: 44900 ns
[1530.593s][info ][gc,start       ] GC(107) Pause Young (Allocation Failure)
[1530.599s][debug][gc,phases      ] GC(107) Scavenge 5.785ms
[1530.599s][debug][gc,ref         ] GC(107) Skipped phase 1 of Reference Processing: no references
[1530.599s][debug][gc,ref         ] GC(107) ReferenceProcessor::execute queues: 1, RefProcThreadModel::Single, marks_oops_alive: false
[1530.599s][debug][gc,ref         ] GC(107) Skipped phase 3 of Reference Processing: no references
[1530.599s][debug][gc,ref         ] GC(107) ReferenceProcessor::execute queues: 1, RefProcThreadModel::Single, marks_oops_alive: false
[1530.599s][debug][gc,phases      ] GC(107) Reference Processing 0.087ms
[1530.600s][debug][gc,phases      ] GC(107)   VM Weak                        Min:  0.0, Avg:  0.0, Max:  0.0, Diff:  0.0, Sum:  0.0, Workers: 4
[1530.600s][debug][gc,phases      ] GC(107)     Dead                           Min: 0, Avg:  0.0, Max: 0, Diff: 0, Sum: 0, Workers: 4
[1530.600s][debug][gc,phases      ] GC(107)     Total                          Min: 0, Avg: 211.5, Max: 320, Diff: 320, Sum: 846, Workers: 4
[1530.600s][debug][gc,phases      ] GC(107)   ObjectSynchronizer Weak        Min:  0.0, Avg:  0.0, Max:  0.0, Diff:  0.0, Sum:  0.0, Workers: 4
[1530.600s][debug][gc,phases      ] GC(107)     Dead                           Min: 0, Avg:  0.0, Max: 0, Diff: 0, Sum: 0, Workers: 4
[1530.600s][debug][gc,phases      ] GC(107)     Total                          Min: 0, Avg: 14.8, Max: 59, Diff: 59, Sum: 59, Workers: 4
[1530.600s][debug][gc,phases      ] GC(107)   JVMTI Tag Weak OopStorage      Min:  0.0, Avg:  0.0, Max:  0.0, Diff:  0.0, Sum:  0.0, Workers: 4
[1530.600s][debug][gc,phases      ] GC(107)     Dead                           Min: 0, Avg:  0.0, Max: 0, Diff: 0, Sum: 0, Workers: 4
[1530.600s][debug][gc,phases      ] GC(107)     Total                          Min: 0, Avg:  0.0, Max: 0, Diff: 0, Sum: 0, Workers: 4
[1530.600s][debug][gc,phases      ] GC(107)   StringTable Weak               Min:  0.0, Avg:  0.5, Max:  1.4, Diff:  1.4, Sum:  1.8, Workers: 4
[1530.601s][debug][gc,phases      ] GC(107)     Dead                           Min: 0, Avg:  0.0, Max: 0, Diff: 0, Sum: 0, Workers: 4
[1530.601s][debug][gc,phases      ] GC(107)     Total                          Min: 0, Avg: 11030.8, Max: 15552, Diff: 15552, Sum: 44123, Workers: 4
[1530.601s][debug][gc,phases      ] GC(107)   ResolvedMethodTable Weak       Min:  0.0, Avg:  0.0, Max:  0.1, Diff:  0.1, Sum:  0.1, Workers: 4
[1530.601s][debug][gc,phases      ] GC(107)     Dead                           Min: 0, Avg:  0.0, Max: 0, Diff: 0, Sum: 0, Workers: 4
[1530.601s][debug][gc,phases      ] GC(107)     Total                          Min: 0, Avg: 2431.2, Max: 9725, Diff: 9725, Sum: 9725, Workers: 4
[1530.601s][debug][gc,phases      ] GC(107)   JNI Weak                       Min:  0.0, Avg:  0.0, Max:  0.0, Diff:  0.0, Sum:  0.0, Workers: 4
[1530.601s][debug][gc,phases      ] GC(107)     Dead                           Min: 0, Avg:  0.0, Max: 0, Diff: 0, Sum: 0, Workers: 4
[1530.601s][debug][gc,phases      ] GC(107)     Total                          Min: 0, Avg: 11.2, Max: 45, Diff: 45, Sum: 45, Workers: 4
[1530.601s][debug][gc,phases      ] GC(107)   StringDedup Table Weak         Min:  0.0, Avg:  0.0, Max:  0.0, Diff:  0.0, Sum:  0.0, Workers: 4
[1530.601s][debug][gc,phases      ] GC(107)     Dead                           Min: 0, Avg:  0.0, Max: 0, Diff: 0, Sum: 0, Workers: 4
[1530.601s][debug][gc,phases      ] GC(107)     Total                          Min: 0, Avg:  0.0, Max: 0, Diff: 0, Sum: 0, Workers: 4
[1530.601s][debug][gc,phases      ] GC(107)   StringDedup Requests0 Weak     Min:  0.0, Avg:  0.0, Max:  0.0, Diff:  0.0, Sum:  0.0, Workers: 4
[1530.601s][debug][gc,phases      ] GC(107)     Dead                           Min: 0, Avg:  0.0, Max: 0, Diff: 0, Sum: 0, Workers: 4
[1530.601s][debug][gc,phases      ] GC(107)     Total                          Min: 0, Avg:  0.0, Max: 0, Diff: 0, Sum: 0, Workers: 4
[1530.601s][debug][gc,phases      ] GC(107)   StringDedup Requests1 Weak     Min:  0.0, Avg:  0.0, Max:  0.0, Diff:  0.0, Sum:  0.0, Workers: 4
[1530.601s][debug][gc,phases      ] GC(107)     Dead                           Min: 0, Avg:  0.0, Max: 0, Diff: 0, Sum: 0, Workers: 4
[1530.601s][debug][gc,phases      ] GC(107)     Total                          Min: 0, Avg:  0.0, Max: 0, Diff: 0, Sum: 0, Workers: 4
[1530.601s][debug][gc,phases      ] GC(107)   Weak JFR Old Object Samples    Min:  0.0, Avg:  0.0, Max:  0.0, Diff:  0.0, Sum:  0.0, Workers: 4
[1530.601s][debug][gc,phases      ] GC(107)     Dead                           Min: 0, Avg:  0.0, Max: 0, Diff: 0, Sum: 0, Workers: 4
[1530.601s][debug][gc,phases      ] GC(107)     Total                          Min: 0, Avg:  0.0, Max: 0, Diff: 0, Sum: 0, Workers: 4
[1530.601s][debug][gc,phases      ] GC(107) Weak Processing 1.649ms
[1530.601s][debug][gc,age         ] GC(107) Desired survivor size 4194304 bytes, new threshold 15 (max threshold 15)
[1530.601s][info ][gc,heap        ] GC(107) PSYoungGen: 2089584K(2092544K)->1568K(2093056K) Eden: 2087936K(2087936K)->0K(2088448K) From: 1648K(4608K)->1568K(4608K)
[1530.601s][info ][gc,heap        ] GC(107) ParOldGen: 359359K(458752K)->359407K(458752K)
[1530.601s][info ][gc,metaspace   ] GC(107) Metaspace: 82674K(83712K)->82674K(83712K) NonClass: 70800K(71360K)->70800K(71360K) Class: 11874K(12352K)->11874K(12352K)
[1530.601s][info ][gc             ] GC(107) Pause Young (Allocation Failure) 2391M->352M(2492M) 7.625ms
[1530.601s][info ][gc,cpu         ] GC(107) User=0.02s Sys=0.00s Real=0.01s
[1530.601s][info ][safepoint      ] Safepoint "ParallelGCFailedAllocation", Time since last: 4638387561 ns, Reaching safepoint: 112200 ns, At safepoint: 7695067 ns, Total: 7807267 ns
[1531.601s][info ][safepoint      ] Safepoint "Cleanup", Time since last: 1000092122 ns, Reaching safepoint: 43100 ns, At safepoint: 3700 ns, Total: 46800 ns
[1532.601s][info ][safepoint      ] Safepoint "Cleanup", Time since last: 1000083921 ns, Reaching safepoint: 50900 ns, At safepoint: 2500 ns, Total: 53400 ns
[1533.601s][info ][safepoint      ] Safepoint "Cleanup", Time since last: 1000096621 ns, Reaching safepoint: 39100 ns, At safepoint: 3000 ns, Total: 42100 ns
[1540.602s][info ][safepoint      ] Safepoint "Cleanup", Time since last: 7000516097 ns, Reaching safepoint: 42400 ns, At safepoint: 2500 ns, Total: 44900 ns
[1541.602s][info ][safepoint      ] Safepoint "Cleanup", Time since last: 1000107903 ns, Reaching safepoint: 112800 ns, At safepoint: 6300 ns, Total: 119100 ns
[1545.602s][info ][safepoint      ] Safepoint "Cleanup", Time since last: 4000307316 ns, Reaching safepoint: 36100 ns, At safepoint: 4100 ns, Total: 40200 ns
[1546.651s][info ][gc,start       ] GC(108) Pause Young (Allocation Failure)
[1546.656s][debug][gc,phases      ] GC(108) Scavenge 5.182ms
[1546.656s][debug][gc,ref         ] GC(108) Skipped phase 1 of Reference Processing: no references
[1546.656s][debug][gc,ref         ] GC(108) Skipped phase 2 of Reference Processing: no references
[1546.656s][debug][gc,ref         ] GC(108) Skipped phase 3 of Reference Processing: no references
[1546.656s][debug][gc,ref         ] GC(108) ReferenceProcessor::execute queues: 1, RefProcThreadModel::Single, marks_oops_alive: false
[1546.656s][debug][gc,phases      ] GC(108) Reference Processing 0.084ms
[1546.657s][debug][gc,phases      ] GC(108)   VM Weak                        Min:  0.0, Avg:  0.0, Max:  0.0, Diff:  0.0, Sum:  0.0, Workers: 4
[1546.657s][debug][gc,phases      ] GC(108)     Dead                           Min: 0, Avg:  0.0, Max: 0, Diff: 0, Sum: 0, Workers: 4
[1546.657s][debug][gc,phases      ] GC(108)     Total                          Min: 0, Avg: 211.5, Max: 576, Diff: 576, Sum: 846, Workers: 4
[1546.657s][debug][gc,phases      ] GC(108)   ObjectSynchronizer Weak        Min:  0.0, Avg:  0.0, Max:  0.0, Diff:  0.0, Sum:  0.0, Workers: 4
[1546.657s][debug][gc,phases      ] GC(108)     Dead                           Min: 0, Avg:  0.0, Max: 0, Diff: 0, Sum: 0, Workers: 4
[1546.657s][debug][gc,phases      ] GC(108)     Total                          Min: 0, Avg: 14.8, Max: 59, Diff: 59, Sum: 59, Workers: 4
[1546.657s][debug][gc,phases      ] GC(108)   JVMTI Tag Weak OopStorage      Min:  0.0, Avg:  0.0, Max:  0.0, Diff:  0.0, Sum:  0.0, Workers: 4
[1546.657s][debug][gc,phases      ] GC(108)     Dead                           Min: 0, Avg:  0.0, Max: 0, Diff: 0, Sum: 0, Workers: 4
[1546.657s][debug][gc,phases      ] GC(108)     Total                          Min: 0, Avg:  0.0, Max: 0, Diff: 0, Sum: 0, Workers: 4
[1546.657s][debug][gc,phases      ] GC(108)   StringTable Weak               Min:  0.0, Avg:  0.1, Max:  0.2, Diff:  0.2, Sum:  0.3, Workers: 4
[1546.657s][debug][gc,phases      ] GC(108)     Dead                           Min: 0, Avg:  0.0, Max: 0, Diff: 0, Sum: 0, Workers: 4
[1546.657s][debug][gc,phases      ] GC(108)     Total                          Min: 0, Avg: 11030.8, Max: 26715, Diff: 26715, Sum: 44123, Workers: 4
[1546.657s][debug][gc,phases      ] GC(108)   ResolvedMethodTable Weak       Min:  0.0, Avg:  0.0, Max:  0.0, Diff:  0.0, Sum:  0.1, Workers: 4
[1546.657s][debug][gc,phases      ] GC(108)     Dead                           Min: 0, Avg:  0.0, Max: 0, Diff: 0, Sum: 0, Workers: 4
[1546.657s][debug][gc,phases      ] GC(108)     Total                          Min: 0, Avg: 2431.2, Max: 6013, Diff: 6013, Sum: 9725, Workers: 4
[1546.657s][debug][gc,phases      ] GC(108)   JNI Weak                       Min:  0.0, Avg:  0.0, Max:  0.0, Diff:  0.0, Sum:  0.0, Workers: 4
[1546.657s][debug][gc,phases      ] GC(108)     Dead                           Min: 0, Avg:  0.0, Max: 0, Diff: 0, Sum: 0, Workers: 4
[1546.657s][debug][gc,phases      ] GC(108)     Total                          Min: 0, Avg: 11.2, Max: 45, Diff: 45, Sum: 45, Workers: 4
[1546.657s][debug][gc,phases      ] GC(108)   StringDedup Table Weak         Min:  0.0, Avg:  0.0, Max:  0.0, Diff:  0.0, Sum:  0.0, Workers: 4
[1546.657s][debug][gc,phases      ] GC(108)     Dead                           Min: 0, Avg:  0.0, Max: 0, Diff: 0, Sum: 0, Workers: 4
[1546.657s][debug][gc,phases      ] GC(108)     Total                          Min: 0, Avg:  0.0, Max: 0, Diff: 0, Sum: 0, Workers: 4
[1546.657s][debug][gc,phases      ] GC(108)   StringDedup Requests0 Weak     Min:  0.0, Avg:  0.0, Max:  0.0, Diff:  0.0, Sum:  0.0, Workers: 4
[1546.657s][debug][gc,phases      ] GC(108)     Dead                           Min: 0, Avg:  0.0, Max: 0, Diff: 0, Sum: 0, Workers: 4
[1546.657s][debug][gc,phases      ] GC(108)     Total                          Min: 0, Avg:  0.0, Max: 0, Diff: 0, Sum: 0, Workers: 4
[1546.657s][debug][gc,phases      ] GC(108)   StringDedup Requests1 Weak     Min:  0.0, Avg:  0.0, Max:  0.0, Diff:  0.0, Sum:  0.0, Workers: 4
[1546.657s][debug][gc,phases      ] GC(108)     Dead                           Min: 0, Avg:  0.0, Max: 0, Diff: 0, Sum: 0, Workers: 4
[1546.657s][debug][gc,phases      ] GC(108)     Total                          Min: 0, Avg:  0.0, Max: 0, Diff: 0, Sum: 0, Workers: 4
[1546.657s][debug][gc,phases      ] GC(108)   Weak JFR Old Object Samples    Min:  0.0, Avg:  0.0, Max:  0.0, Diff:  0.0, Sum:  0.0, Workers: 4
[1546.657s][debug][gc,phases      ] GC(108)     Dead                           Min: 0, Avg:  0.0, Max: 0, Diff: 0, Sum: 0, Workers: 4
[1546.657s][debug][gc,phases      ] GC(108)     Total                          Min: 0, Avg:  0.0, Max: 0, Diff: 0, Sum: 0, Workers: 4
[1546.657s][debug][gc,phases      ] GC(108) Weak Processing 0.351ms
[1546.657s][debug][gc,age         ] GC(108) Desired survivor size 4194304 bytes, new threshold 15 (max threshold 15)
[1546.657s][info ][gc,heap        ] GC(108) PSYoungGen: 2090016K(2093056K)->1648K(2092544K) Eden: 2088448K(2088448K)->0K(2088448K) From: 1568K(4608K)->1648K(4096K)
[1546.657s][info ][gc,heap        ] GC(108) ParOldGen: 359407K(458752K)->359455K(458752K)
[1546.657s][info ][gc,metaspace   ] GC(108) Metaspace: 82678K(83712K)->82678K(83712K) NonClass: 70804K(71360K)->70804K(71360K) Class: 11874K(12352K)->11874K(12352K)
[1546.657s][info ][gc             ] GC(108) Pause Young (Allocation Failure) 2392M->352M(2491M) 5.716ms
[1546.657s][info ][gc,cpu         ] GC(108) User=0.01s Sys=0.00s Real=0.01s
[1546.657s][info ][safepoint      ] Safepoint "ParallelGCFailedAllocation", Time since last: 1048690521 ns, Reaching safepoint: 30700 ns, At safepoint: 5779976 ns, Total: 5810676 ns
[1550.657s][info ][safepoint      ] Safepoint "Cleanup", Time since last: 4000258298 ns, Reaching safepoint: 41900 ns, At safepoint: 3500 ns, Total: 45400 ns
[1552.657s][info ][safepoint      ] Safepoint "Cleanup", Time since last: 2000188448 ns, Reaching safepoint: 41100 ns, At safepoint: 2800 ns, Total: 43900 ns
[1554.658s][info ][safepoint      ] Safepoint "Cleanup", Time since last: 2000180837 ns, Reaching safepoint: 52200 ns, At safepoint: 2700 ns, Total: 54900 ns
[1562.590s][info ][gc,start       ] GC(109) Pause Young (Allocation Failure)
[1562.595s][debug][gc,phases      ] GC(109) Scavenge 5.221ms
[1562.595s][debug][gc,ref         ] GC(109) Skipped phase 1 of Reference Processing: no references
[1562.595s][debug][gc,ref         ] GC(109) Skipped phase 2 of Reference Processing: no references
[1562.595s][debug][gc,ref         ] GC(109) Skipped phase 3 of Reference Processing: no references
[1562.595s][debug][gc,ref         ] GC(109) Skipped phase 4 of Reference Processing: no references
[1562.595s][debug][gc,phases      ] GC(109) Reference Processing 0.022ms
[1562.595s][debug][gc,phases      ] GC(109)   VM Weak                        Min:  0.0, Avg:  0.0, Max:  0.0, Diff:  0.0, Sum:  0.0, Workers: 4
[1562.595s][debug][gc,phases      ] GC(109)     Dead                           Min: 0, Avg:  0.0, Max: 0, Diff: 0, Sum: 0, Workers: 4
[1562.595s][debug][gc,phases      ] GC(109)     Total                          Min: 0, Avg: 211.5, Max: 448, Diff: 448, Sum: 846, Workers: 4
[1562.595s][debug][gc,phases      ] GC(109)   ObjectSynchronizer Weak        Min:  0.0, Avg:  0.0, Max:  0.0, Diff:  0.0, Sum:  0.0, Workers: 4
[1562.595s][debug][gc,phases      ] GC(109)     Dead                           Min: 0, Avg:  0.0, Max: 0, Diff: 0, Sum: 0, Workers: 4
[1562.595s][debug][gc,phases      ] GC(109)     Total                          Min: 0, Avg: 14.8, Max: 59, Diff: 59, Sum: 59, Workers: 4
[1562.595s][debug][gc,phases      ] GC(109)   JVMTI Tag Weak OopStorage      Min:  0.0, Avg:  0.0, Max:  0.0, Diff:  0.0, Sum:  0.0, Workers: 4
[1562.595s][debug][gc,phases      ] GC(109)     Dead                           Min: 0, Avg:  0.0, Max: 0, Diff: 0, Sum: 0, Workers: 4
[1562.595s][debug][gc,phases      ] GC(109)     Total                          Min: 0, Avg:  0.0, Max: 0, Diff: 0, Sum: 0, Workers: 4
[1562.595s][debug][gc,phases      ] GC(109)   StringTable Weak               Min:  0.0, Avg:  0.1, Max:  0.2, Diff:  0.2, Sum:  0.4, Workers: 4
[1562.595s][debug][gc,phases      ] GC(109)     Dead                           Min: 0, Avg:  0.0, Max: 0, Diff: 0, Sum: 0, Workers: 4
[1562.595s][debug][gc,phases      ] GC(109)     Total                          Min: 0, Avg: 11030.8, Max: 22683, Diff: 22683, Sum: 44123, Workers: 4
[1562.595s][debug][gc,phases      ] GC(109)   ResolvedMethodTable Weak       Min:  0.0, Avg:  0.0, Max:  0.0, Diff:  0.0, Sum:  0.1, Workers: 4
[1562.595s][debug][gc,phases      ] GC(109)     Dead                           Min: 0, Avg:  0.0, Max: 0, Diff: 0, Sum: 0, Workers: 4
[1562.595s][debug][gc,phases      ] GC(109)     Total                          Min: 0, Avg: 2431.2, Max: 5248, Diff: 5248, Sum: 9725, Workers: 4
[1562.595s][debug][gc,phases      ] GC(109)   JNI Weak                       Min:  0.0, Avg:  0.0, Max:  0.0, Diff:  0.0, Sum:  0.0, Workers: 4
[1562.595s][debug][gc,phases      ] GC(109)     Dead                           Min: 0, Avg:  0.0, Max: 0, Diff: 0, Sum: 0, Workers: 4
[1562.595s][debug][gc,phases      ] GC(109)     Total                          Min: 0, Avg: 11.2, Max: 45, Diff: 45, Sum: 45, Workers: 4
[1562.595s][debug][gc,phases      ] GC(109)   StringDedup Table Weak         Min:  0.0, Avg:  0.0, Max:  0.0, Diff:  0.0, Sum:  0.0, Workers: 4
[1562.595s][debug][gc,phases      ] GC(109)     Dead                           Min: 0, Avg:  0.0, Max: 0, Diff: 0, Sum: 0, Workers: 4
[1562.595s][debug][gc,phases      ] GC(109)     Total                          Min: 0, Avg:  0.0, Max: 0, Diff: 0, Sum: 0, Workers: 4
[1562.595s][debug][gc,phases      ] GC(109)   StringDedup Requests0 Weak     Min:  0.0, Avg:  0.0, Max:  0.0, Diff:  0.0, Sum:  0.0, Workers: 4
[1562.595s][debug][gc,phases      ] GC(109)     Dead                           Min: 0, Avg:  0.0, Max: 0, Diff: 0, Sum: 0, Workers: 4
[1562.595s][debug][gc,phases      ] GC(109)     Total                          Min: 0, Avg:  0.0, Max: 0, Diff: 0, Sum: 0, Workers: 4
[1562.595s][debug][gc,phases      ] GC(109)   StringDedup Requests1 Weak     Min:  0.0, Avg:  0.0, Max:  0.0, Diff:  0.0, Sum:  0.0, Workers: 4
[1562.595s][debug][gc,phases      ] GC(109)     Dead                           Min: 0, Avg:  0.0, Max: 0, Diff: 0, Sum: 0, Workers: 4
[1562.595s][debug][gc,phases      ] GC(109)     Total                          Min: 0, Avg:  0.0, Max: 0, Diff: 0, Sum: 0, Workers: 4
[1562.595s][debug][gc,phases      ] GC(109)   Weak JFR Old Object Samples    Min:  0.0, Avg:  0.0, Max:  0.0, Diff:  0.0, Sum:  0.0, Workers: 4
[1562.595s][debug][gc,phases      ] GC(109)     Dead                           Min: 0, Avg:  0.0, Max: 0, Diff: 0, Sum: 0, Workers: 4
[1562.595s][debug][gc,phases      ] GC(109)     Total                          Min: 0, Avg:  0.0, Max: 0, Diff: 0, Sum: 0, Workers: 4
[1562.595s][debug][gc,phases      ] GC(109) Weak Processing 0.517ms
[1562.595s][debug][gc,age         ] GC(109) Desired survivor size 4194304 bytes, new threshold 15 (max threshold 15)
[1562.595s][info ][gc,heap        ] GC(109) PSYoungGen: 2090096K(2092544K)->1408K(2093056K) Eden: 2088448K(2088448K)->0K(2088960K) From: 1648K(4096K)->1408K(4096K)
[1562.595s][info ][gc,heap        ] GC(109) ParOldGen: 359455K(458752K)->359863K(458752K)
[1562.595s][info ][gc,metaspace   ] GC(109) Metaspace: 82678K(83712K)->82678K(83712K) NonClass: 70804K(71360K)->70804K(71360K) Class: 11874K(12352K)->11874K(12352K)
[1562.595s][info ][gc             ] GC(109) Pause Young (Allocation Failure) 2392M->352M(2492M) 5.875ms
[1562.595s][info ][gc,cpu         ] GC(109) User=0.02s Sys=0.00s Real=0.01s
[1562.595s][info ][safepoint      ] Safepoint "ParallelGCFailedAllocation", Time since last: 7931869193 ns, Reaching safepoint: 102599 ns, At safepoint: 5979675 ns, Total: 6082274 ns
[1572.596s][info ][safepoint      ] Safepoint "Cleanup", Time since last: 10000716066 ns, Reaching safepoint: 114600 ns, At safepoint: 6500 ns, Total: 121100 ns
[1576.597s][info ][safepoint      ] Safepoint "Cleanup", Time since last: 4000339917 ns, Reaching safepoint: 118299 ns, At safepoint: 6000 ns, Total: 124299 ns
[1578.647s][info ][gc,start       ] GC(110) Pause Young (Allocation Failure)
[1578.653s][debug][gc,phases      ] GC(110) Scavenge 5.780ms
[1578.653s][debug][gc,ref         ] GC(110) Skipped phase 1 of Reference Processing: no references
[1578.653s][debug][gc,ref         ] GC(110) Skipped phase 2 of Reference Processing: no references
[1578.653s][debug][gc,ref         ] GC(110) Skipped phase 3 of Reference Processing: no references
[1578.653s][debug][gc,ref         ] GC(110) Skipped phase 4 of Reference Processing: no references
[1578.653s][debug][gc,phases      ] GC(110) Reference Processing 0.023ms
[1578.653s][debug][gc,phases      ] GC(110)   VM Weak                        Min:  0.0, Avg:  0.0, Max:  0.0, Diff:  0.0, Sum:  0.0, Workers: 4
[1578.653s][debug][gc,phases      ] GC(110)     Dead                           Min: 0, Avg:  0.0, Max: 0, Diff: 0, Sum: 0, Workers: 4
[1578.653s][debug][gc,phases      ] GC(110)     Total                          Min: 0, Avg: 211.5, Max: 654, Diff: 654, Sum: 846, Workers: 4
[1578.653s][debug][gc,phases      ] GC(110)   ObjectSynchronizer Weak        Min:  0.0, Avg:  0.0, Max:  0.0, Diff:  0.0, Sum:  0.0, Workers: 4
[1578.653s][debug][gc,phases      ] GC(110)     Dead                           Min: 0, Avg:  0.0, Max: 0, Diff: 0, Sum: 0, Workers: 4
[1578.653s][debug][gc,phases      ] GC(110)     Total                          Min: 0, Avg: 14.8, Max: 59, Diff: 59, Sum: 59, Workers: 4
[1578.653s][debug][gc,phases      ] GC(110)   JVMTI Tag Weak OopStorage      Min:  0.0, Avg:  0.0, Max:  0.0, Diff:  0.0, Sum:  0.0, Workers: 4
[1578.653s][debug][gc,phases      ] GC(110)     Dead                           Min: 0, Avg:  0.0, Max: 0, Diff: 0, Sum: 0, Workers: 4
[1578.653s][debug][gc,phases      ] GC(110)     Total                          Min: 0, Avg:  0.0, Max: 0, Diff: 0, Sum: 0, Workers: 4
[1578.653s][debug][gc,phases      ] GC(110)   StringTable Weak               Min:  0.0, Avg:  0.1, Max:  0.2, Diff:  0.2, Sum:  0.3, Workers: 4
[1578.653s][debug][gc,phases      ] GC(110)     Dead                           Min: 0, Avg:  0.0, Max: 0, Diff: 0, Sum: 0, Workers: 4
[1578.653s][debug][gc,phases      ] GC(110)     Total                          Min: 0, Avg: 11030.8, Max: 26688, Diff: 26688, Sum: 44123, Workers: 4
[1578.653s][debug][gc,phases      ] GC(110)   ResolvedMethodTable Weak       Min:  0.0, Avg:  0.0, Max:  0.0, Diff:  0.0, Sum:  0.1, Workers: 4
[1578.653s][debug][gc,phases      ] GC(110)     Dead                           Min: 0, Avg:  0.0, Max: 0, Diff: 0, Sum: 0, Workers: 4
[1578.653s][debug][gc,phases      ] GC(110)     Total                          Min: 0, Avg: 2431.2, Max: 5440, Diff: 5440, Sum: 9725, Workers: 4
[1578.653s][debug][gc,phases      ] GC(110)   JNI Weak                       Min:  0.0, Avg:  0.0, Max:  0.0, Diff:  0.0, Sum:  0.0, Workers: 4
[1578.653s][debug][gc,phases      ] GC(110)     Dead                           Min: 0, Avg:  0.0, Max: 0, Diff: 0, Sum: 0, Workers: 4
[1578.653s][debug][gc,phases      ] GC(110)     Total                          Min: 0, Avg: 11.2, Max: 45, Diff: 45, Sum: 45, Workers: 4
[1578.653s][debug][gc,phases      ] GC(110)   StringDedup Table Weak         Min:  0.0, Avg:  0.0, Max:  0.0, Diff:  0.0, Sum:  0.0, Workers: 4
[1578.653s][debug][gc,phases      ] GC(110)     Dead                           Min: 0, Avg:  0.0, Max: 0, Diff: 0, Sum: 0, Workers: 4
[1578.653s][debug][gc,phases      ] GC(110)     Total                          Min: 0, Avg:  0.0, Max: 0, Diff: 0, Sum: 0, Workers: 4
[1578.653s][debug][gc,phases      ] GC(110)   StringDedup Requests0 Weak     Min:  0.0, Avg:  0.0, Max:  0.0, Diff:  0.0, Sum:  0.0, Workers: 4
[1578.653s][debug][gc,phases      ] GC(110)     Dead                           Min: 0, Avg:  0.0, Max: 0, Diff: 0, Sum: 0, Workers: 4
[1578.653s][debug][gc,phases      ] GC(110)     Total                          Min: 0, Avg:  0.0, Max: 0, Diff: 0, Sum: 0, Workers: 4
[1578.653s][debug][gc,phases      ] GC(110)   StringDedup Requests1 Weak     Min:  0.0, Avg:  0.0, Max:  0.0, Diff:  0.0, Sum:  0.0, Workers: 4
[1578.653s][debug][gc,phases      ] GC(110)     Dead                           Min: 0, Avg:  0.0, Max: 0, Diff: 0, Sum: 0, Workers: 4
[1578.653s][debug][gc,phases      ] GC(110)     Total                          Min: 0, Avg:  0.0, Max: 0, Diff: 0, Sum: 0, Workers: 4
[1578.653s][debug][gc,phases      ] GC(110)   Weak JFR Old Object Samples    Min:  0.0, Avg:  0.0, Max:  0.0, Diff:  0.0, Sum:  0.0, Workers: 4
[1578.653s][debug][gc,phases      ] GC(110)     Dead                           Min: 0, Avg:  0.0, Max: 0, Diff: 0, Sum: 0, Workers: 4
[1578.653s][debug][gc,phases      ] GC(110)     Total                          Min: 0, Avg:  0.0, Max: 0, Diff: 0, Sum: 0, Workers: 4
[1578.653s][debug][gc,phases      ] GC(110) Weak Processing 0.376ms
[1578.653s][debug][gc,age         ] GC(110) Desired survivor size 3670016 bytes, new threshold 15 (max threshold 15)
[1578.653s][info ][gc,heap        ] GC(110) PSYoungGen: 2090368K(2093056K)->1232K(2093056K) Eden: 2088960K(2088960K)->0K(2088960K) From: 1408K(4096K)->1232K(4096K)
[1578.653s][info ][gc,heap        ] GC(110) ParOldGen: 359863K(458752K)->359879K(458752K)
[1578.653s][info ][gc,metaspace   ] GC(110) Metaspace: 82680K(83712K)->82680K(83712K) NonClass: 70806K(71360K)->70806K(71360K) Class: 11874K(12352K)->11874K(12352K)
[1578.653s][info ][gc             ] GC(110) Pause Young (Allocation Failure) 2392M->352M(2492M) 6.300ms
[1578.653s][info ][gc,cpu         ] GC(110) User=0.02s Sys=0.00s Real=0.00s
[1578.653s][info ][safepoint      ] Safepoint "ParallelGCFailedAllocation", Time since last: 2050206599 ns, Reaching safepoint: 115200 ns, At safepoint: 6376873 ns, Total: 6492073 ns
[1589.654s][info ][safepoint      ] Safepoint "Cleanup", Time since last: 11000737551 ns, Reaching safepoint: 42800 ns, At safepoint: 2900 ns, Total: 45700 ns
[1594.655s][info ][safepoint      ] Safepoint "Cleanup", Time since last: 5000373835 ns, Reaching safepoint: 45599 ns, At safepoint: 2900 ns, Total: 48499 ns
[1595.117s][info ][gc,start       ] GC(111) Pause Young (Allocation Failure)
[1595.121s][debug][gc,phases      ] GC(111) Scavenge 4.212ms
[1595.121s][debug][gc,ref         ] GC(111) Skipped phase 1 of Reference Processing: no references
[1595.121s][debug][gc,ref         ] GC(111) Skipped phase 2 of Reference Processing: no references
[1595.121s][debug][gc,ref         ] GC(111) Skipped phase 3 of Reference Processing: no references
[1595.121s][debug][gc,ref         ] GC(111) Skipped phase 4 of Reference Processing: no references
[1595.121s][debug][gc,phases      ] GC(111) Reference Processing 0.026ms
[1595.122s][debug][gc,phases      ] GC(111)   VM Weak                        Min:  0.0, Avg:  0.0, Max:  0.0, Diff:  0.0, Sum:  0.0, Workers: 4
[1595.122s][debug][gc,phases      ] GC(111)     Dead                           Min: 0, Avg:  0.0, Max: 0, Diff: 0, Sum: 0, Workers: 4
[1595.122s][debug][gc,phases      ] GC(111)     Total                          Min: 0, Avg: 211.5, Max: 462, Diff: 462, Sum: 846, Workers: 4
[1595.122s][debug][gc,phases      ] GC(111)   ObjectSynchronizer Weak        Min:  0.0, Avg:  0.0, Max:  0.0, Diff:  0.0, Sum:  0.0, Workers: 4
[1595.122s][debug][gc,phases      ] GC(111)     Dead                           Min: 0, Avg:  0.0, Max: 0, Diff: 0, Sum: 0, Workers: 4
[1595.122s][debug][gc,phases      ] GC(111)     Total                          Min: 0, Avg: 14.8, Max: 59, Diff: 59, Sum: 59, Workers: 4
[1595.122s][debug][gc,phases      ] GC(111)   JVMTI Tag Weak OopStorage      Min:  0.0, Avg:  0.0, Max:  0.0, Diff:  0.0, Sum:  0.0, Workers: 4
[1595.122s][debug][gc,phases      ] GC(111)     Dead                           Min: 0, Avg:  0.0, Max: 0, Diff: 0, Sum: 0, Workers: 4
[1595.122s][debug][gc,phases      ] GC(111)     Total                          Min: 0, Avg:  0.0, Max: 0, Diff: 0, Sum: 0, Workers: 4
[1595.122s][debug][gc,phases      ] GC(111)   StringTable Weak               Min:  0.0, Avg:  0.1, Max:  0.2, Diff:  0.2, Sum:  0.4, Workers: 4
[1595.122s][debug][gc,phases      ] GC(111)     Dead                           Min: 0, Avg:  0.0, Max: 0, Diff: 0, Sum: 0, Workers: 4
[1595.122s][debug][gc,phases      ] GC(111)     Total                          Min: 0, Avg: 11030.8, Max: 22272, Diff: 22272, Sum: 44123, Workers: 4
[1595.122s][debug][gc,phases      ] GC(111)   ResolvedMethodTable Weak       Min:  0.0, Avg:  0.0, Max:  0.0, Diff:  0.0, Sum:  0.1, Workers: 4
[1595.122s][debug][gc,phases      ] GC(111)     Dead                           Min: 0, Avg:  0.0, Max: 0, Diff: 0, Sum: 0, Workers: 4
[1595.122s][debug][gc,phases      ] GC(111)     Total                          Min: 0, Avg: 2431.2, Max: 5248, Diff: 5248, Sum: 9725, Workers: 4
[1595.122s][debug][gc,phases      ] GC(111)   JNI Weak                       Min:  0.0, Avg:  0.0, Max:  0.0, Diff:  0.0, Sum:  0.0, Workers: 4
[1595.122s][debug][gc,phases      ] GC(111)     Dead                           Min: 0, Avg:  0.0, Max: 0, Diff: 0, Sum: 0, Workers: 4
[1595.122s][debug][gc,phases      ] GC(111)     Total                          Min: 0, Avg: 11.2, Max: 45, Diff: 45, Sum: 45, Workers: 4
[1595.122s][debug][gc,phases      ] GC(111)   StringDedup Table Weak         Min:  0.0, Avg:  0.0, Max:  0.0, Diff:  0.0, Sum:  0.0, Workers: 4
[1595.122s][debug][gc,phases      ] GC(111)     Dead                           Min: 0, Avg:  0.0, Max: 0, Diff: 0, Sum: 0, Workers: 4
[1595.122s][debug][gc,phases      ] GC(111)     Total                          Min: 0, Avg:  0.0, Max: 0, Diff: 0, Sum: 0, Workers: 4
[1595.122s][debug][gc,phases      ] GC(111)   StringDedup Requests0 Weak     Min:  0.0, Avg:  0.0, Max:  0.0, Diff:  0.0, Sum:  0.0, Workers: 4
[1595.122s][debug][gc,phases      ] GC(111)     Dead                           Min: 0, Avg:  0.0, Max: 0, Diff: 0, Sum: 0, Workers: 4
[1595.122s][debug][gc,phases      ] GC(111)     Total                          Min: 0, Avg:  0.0, Max: 0, Diff: 0, Sum: 0, Workers: 4
[1595.122s][debug][gc,phases      ] GC(111)   StringDedup Requests1 Weak     Min:  0.0, Avg:  0.0, Max:  0.0, Diff:  0.0, Sum:  0.0, Workers: 4
[1595.122s][debug][gc,phases      ] GC(111)     Dead                           Min: 0, Avg:  0.0, Max: 0, Diff: 0, Sum: 0, Workers: 4
[1595.122s][debug][gc,phases      ] GC(111)     Total                          Min: 0, Avg:  0.0, Max: 0, Diff: 0, Sum: 0, Workers: 4
[1595.122s][debug][gc,phases      ] GC(111)   Weak JFR Old Object Samples    Min:  0.0, Avg:  0.0, Max:  0.0, Diff:  0.0, Sum:  0.0, Workers: 4
[1595.122s][debug][gc,phases      ] GC(111)     Dead                           Min: 0, Avg:  0.0, Max: 0, Diff: 0, Sum: 0, Workers: 4
[1595.122s][debug][gc,phases      ] GC(111)     Total                          Min: 0, Avg:  0.0, Max: 0, Diff: 0, Sum: 0, Workers: 4
[1595.122s][debug][gc,phases      ] GC(111) Weak Processing 0.398ms
[1595.122s][debug][gc,age         ] GC(111) Desired survivor size 3670016 bytes, new threshold 15 (max threshold 15)
[1595.122s][info ][gc,heap        ] GC(111) PSYoungGen: 2090192K(2093056K)->1216K(2093568K) Eden: 2088960K(2088960K)->0K(2089984K) From: 1232K(4096K)->1216K(3584K)
[1595.122s][info ][gc,heap        ] GC(111) ParOldGen: 359879K(458752K)->359903K(458752K)
[1595.122s][info ][gc,metaspace   ] GC(111) Metaspace: 82682K(83712K)->82682K(83712K) NonClass: 70807K(71360K)->70807K(71360K) Class: 11874K(12352K)->11874K(12352K)
[1595.122s][info ][gc             ] GC(111) Pause Young (Allocation Failure) 2392M->352M(2492M) 4.750ms
[1595.122s][info ][gc,cpu         ] GC(111) User=0.01s Sys=0.00s Real=0.00s
[1595.122s][info ][safepoint      ] Safepoint "ParallelGCFailedAllocation", Time since last: 462428566 ns, Reaching safepoint: 24900 ns, At safepoint: 4829980 ns, Total: 4854880 ns
[1599.122s][info ][safepoint      ] Safepoint "Cleanup", Time since last: 4000259568 ns, Reaching safepoint: 33200 ns, At safepoint: 2900 ns, Total: 36100 ns
[1603.123s][info ][safepoint      ] Safepoint "Cleanup", Time since last: 4000242849 ns, Reaching safepoint: 39299 ns, At safepoint: 2600 ns, Total: 41899 ns
[1610.750s][info ][gc,start       ] GC(112) Pause Young (Allocation Failure)
[1610.756s][debug][gc,phases      ] GC(112) Scavenge 5.205ms
[1610.756s][debug][gc,ref         ] GC(112) Skipped phase 1 of Reference Processing: no references
[1610.756s][debug][gc,ref         ] GC(112) Skipped phase 2 of Reference Processing: no references
[1610.756s][debug][gc,ref         ] GC(112) Skipped phase 3 of Reference Processing: no references
[1610.756s][debug][gc,ref         ] GC(112) Skipped phase 4 of Reference Processing: no references
[1610.756s][debug][gc,phases      ] GC(112) Reference Processing 0.031ms
[1610.756s][debug][gc,phases      ] GC(112)   VM Weak                        Min:  0.0, Avg:  0.0, Max:  0.0, Diff:  0.0, Sum:  0.0, Workers: 4
[1610.756s][debug][gc,phases      ] GC(112)     Dead                           Min: 0, Avg:  0.0, Max: 0, Diff: 0, Sum: 0, Workers: 4
[1610.756s][debug][gc,phases      ] GC(112)     Total                          Min: 0, Avg: 211.5, Max: 448, Diff: 448, Sum: 846, Workers: 4
[1610.756s][debug][gc,phases      ] GC(112)   ObjectSynchronizer Weak        Min:  0.0, Avg:  0.0, Max:  0.0, Diff:  0.0, Sum:  0.0, Workers: 4
[1610.756s][debug][gc,phases      ] GC(112)     Dead                           Min: 0, Avg:  0.0, Max: 0, Diff: 0, Sum: 0, Workers: 4
[1610.756s][debug][gc,phases      ] GC(112)     Total                          Min: 0, Avg: 14.8, Max: 59, Diff: 59, Sum: 59, Workers: 4
[1610.756s][debug][gc,phases      ] GC(112)   JVMTI Tag Weak OopStorage      Min:  0.0, Avg:  0.0, Max:  0.0, Diff:  0.0, Sum:  0.0, Workers: 4
[1610.756s][debug][gc,phases      ] GC(112)     Dead                           Min: 0, Avg:  0.0, Max: 0, Diff: 0, Sum: 0, Workers: 4
[1610.756s][debug][gc,phases      ] GC(112)     Total                          Min: 0, Avg:  0.0, Max: 0, Diff: 0, Sum: 0, Workers: 4
[1610.756s][debug][gc,phases      ] GC(112)   StringTable Weak               Min:  0.0, Avg:  0.1, Max:  0.2, Diff:  0.2, Sum:  0.4, Workers: 4
[1610.756s][debug][gc,phases      ] GC(112)     Dead                           Min: 0, Avg:  0.0, Max: 0, Diff: 0, Sum: 0, Workers: 4
[1610.756s][debug][gc,phases      ] GC(112)     Total                          Min: 0, Avg: 11030.8, Max: 22144, Diff: 22144, Sum: 44123, Workers: 4
[1610.756s][debug][gc,phases      ] GC(112)   ResolvedMethodTable Weak       Min:  0.0, Avg:  0.0, Max:  0.0, Diff:  0.0, Sum:  0.1, Workers: 4
[1610.756s][debug][gc,phases      ] GC(112)     Dead                           Min: 0, Avg:  0.0, Max: 0, Diff: 0, Sum: 0, Workers: 4
[1610.756s][debug][gc,phases      ] GC(112)     Total                          Min: 0, Avg: 2431.2, Max: 5181, Diff: 5181, Sum: 9725, Workers: 4
[1610.756s][debug][gc,phases      ] GC(112)   JNI Weak                       Min:  0.0, Avg:  0.0, Max:  0.0, Diff:  0.0, Sum:  0.0, Workers: 4
[1610.756s][debug][gc,phases      ] GC(112)     Dead                           Min: 0, Avg:  0.0, Max: 0, Diff: 0, Sum: 0, Workers: 4
[1610.756s][debug][gc,phases      ] GC(112)     Total                          Min: 0, Avg: 11.2, Max: 45, Diff: 45, Sum: 45, Workers: 4
[1610.756s][debug][gc,phases      ] GC(112)   StringDedup Table Weak         Min:  0.0, Avg:  0.0, Max:  0.0, Diff:  0.0, Sum:  0.0, Workers: 4
[1610.756s][debug][gc,phases      ] GC(112)     Dead                           Min: 0, Avg:  0.0, Max: 0, Diff: 0, Sum: 0, Workers: 4
[1610.756s][debug][gc,phases      ] GC(112)     Total                          Min: 0, Avg:  0.0, Max: 0, Diff: 0, Sum: 0, Workers: 4
[1610.756s][debug][gc,phases      ] GC(112)   StringDedup Requests0 Weak     Min:  0.0, Avg:  0.0, Max:  0.0, Diff:  0.0, Sum:  0.0, Workers: 4
[1610.756s][debug][gc,phases      ] GC(112)     Dead                           Min: 0, Avg:  0.0, Max: 0, Diff: 0, Sum: 0, Workers: 4
[1610.756s][debug][gc,phases      ] GC(112)     Total                          Min: 0, Avg:  0.0, Max: 0, Diff: 0, Sum: 0, Workers: 4
[1610.756s][debug][gc,phases      ] GC(112)   StringDedup Requests1 Weak     Min:  0.0, Avg:  0.0, Max:  0.0, Diff:  0.0, Sum:  0.0, Workers: 4
[1610.756s][debug][gc,phases      ] GC(112)     Dead                           Min: 0, Avg:  0.0, Max: 0, Diff: 0, Sum: 0, Workers: 4
[1610.756s][debug][gc,phases      ] GC(112)     Total                          Min: 0, Avg:  0.0, Max: 0, Diff: 0, Sum: 0, Workers: 4
[1610.756s][debug][gc,phases      ] GC(112)   Weak JFR Old Object Samples    Min:  0.0, Avg:  0.0, Max:  0.0, Diff:  0.0, Sum:  0.0, Workers: 4
[1610.756s][debug][gc,phases      ] GC(112)     Dead                           Min: 0, Avg:  0.0, Max: 0, Diff: 0, Sum: 0, Workers: 4
[1610.756s][debug][gc,phases      ] GC(112)     Total                          Min: 0, Avg:  0.0, Max: 0, Diff: 0, Sum: 0, Workers: 4
[1610.756s][debug][gc,phases      ] GC(112) Weak Processing 0.497ms
[1610.756s][debug][gc,age         ] GC(112) Desired survivor size 3670016 bytes, new threshold 15 (max threshold 15)
[1610.756s][info ][gc,heap        ] GC(112) PSYoungGen: 2091200K(2093568K)->1216K(2093568K) Eden: 2089984K(2089984K)->0K(2089984K) From: 1216K(3584K)->1216K(3584K)
[1610.756s][info ][gc,heap        ] GC(112) ParOldGen: 359903K(458752K)->359951K(458752K)
[1610.756s][info ][gc,metaspace   ] GC(112) Metaspace: 82684K(83712K)->82684K(83712K) NonClass: 70810K(71360K)->70810K(71360K) Class: 11874K(12352K)->11874K(12352K)
[1610.756s][info ][gc             ] GC(112) Pause Young (Allocation Failure) 2393M->352M(2492M) 5.877ms
[1610.756s][info ][gc,cpu         ] GC(112) User=0.02s Sys=0.00s Real=0.01s
[1610.756s][info ][safepoint      ] Safepoint "ParallelGCFailedAllocation", Time since last: 7627802316 ns, Reaching safepoint: 36900 ns, At safepoint: 5954475 ns, Total: 5991375 ns
[1611.756s][info ][safepoint      ] Safepoint "Cleanup", Time since last: 1000059102 ns, Reaching safepoint: 39300 ns, At safepoint: 9600 ns, Total: 48900 ns
[1619.757s][info ][safepoint      ] Safepoint "Cleanup", Time since last: 8000508921 ns, Reaching safepoint: 45900 ns, At safepoint: 2600 ns, Total: 48500 ns
[1626.893s][info ][gc,start       ] GC(113) Pause Young (Allocation Failure)
[1626.898s][debug][gc,phases      ] GC(113) Scavenge 5.291ms
[1626.899s][debug][gc,ref         ] GC(113) Skipped phase 1 of Reference Processing: no references
[1626.899s][debug][gc,ref         ] GC(113) Skipped phase 2 of Reference Processing: no references
[1626.899s][debug][gc,ref         ] GC(113) Skipped phase 3 of Reference Processing: no references
[1626.899s][debug][gc,ref         ] GC(113) Skipped phase 4 of Reference Processing: no references
[1626.899s][debug][gc,phases      ] GC(113) Reference Processing 0.037ms
[1626.899s][debug][gc,phases      ] GC(113)   VM Weak                        Min:  0.0, Avg:  0.0, Max:  0.0, Diff:  0.0, Sum:  0.0, Workers: 4
[1626.899s][debug][gc,phases      ] GC(113)     Dead                           Min: 0, Avg:  0.0, Max: 0, Diff: 0, Sum: 0, Workers: 4
[1626.899s][debug][gc,phases      ] GC(113)     Total                          Min: 0, Avg: 211.5, Max: 512, Diff: 512, Sum: 846, Workers: 4
[1626.899s][debug][gc,phases      ] GC(113)   ObjectSynchronizer Weak        Min:  0.0, Avg:  0.0, Max:  0.0, Diff:  0.0, Sum:  0.0, Workers: 4
[1626.899s][debug][gc,phases      ] GC(113)     Dead                           Min: 0, Avg:  0.0, Max: 0, Diff: 0, Sum: 0, Workers: 4
[1626.899s][debug][gc,phases      ] GC(113)     Total                          Min: 0, Avg: 14.8, Max: 59, Diff: 59, Sum: 59, Workers: 4
[1626.899s][debug][gc,phases      ] GC(113)   JVMTI Tag Weak OopStorage      Min:  0.0, Avg:  0.0, Max:  0.0, Diff:  0.0, Sum:  0.0, Workers: 4
[1626.899s][debug][gc,phases      ] GC(113)     Dead                           Min: 0, Avg:  0.0, Max: 0, Diff: 0, Sum: 0, Workers: 4
[1626.899s][debug][gc,phases      ] GC(113)     Total                          Min: 0, Avg:  0.0, Max: 0, Diff: 0, Sum: 0, Workers: 4
[1626.899s][debug][gc,phases      ] GC(113)   StringTable Weak               Min:  0.0, Avg:  0.1, Max:  0.1, Diff:  0.1, Sum:  0.4, Workers: 4
[1626.899s][debug][gc,phases      ] GC(113)     Dead                           Min: 0, Avg:  0.0, Max: 0, Diff: 0, Sum: 0, Workers: 4
[1626.899s][debug][gc,phases      ] GC(113)     Total                          Min: 0, Avg: 11030.8, Max: 14976, Diff: 14976, Sum: 44123, Workers: 4
[1626.899s][debug][gc,phases      ] GC(113)   ResolvedMethodTable Weak       Min:  0.0, Avg:  0.0, Max:  0.0, Diff:  0.0, Sum:  0.1, Workers: 4
[1626.899s][debug][gc,phases      ] GC(113)     Dead                           Min: 0, Avg:  0.0, Max: 0, Diff: 0, Sum: 0, Workers: 4
[1626.899s][debug][gc,phases      ] GC(113)     Total                          Min: 0, Avg: 2431.2, Max: 3456, Diff: 3456, Sum: 9725, Workers: 4
[1626.899s][debug][gc,phases      ] GC(113)   JNI Weak                       Min:  0.0, Avg:  0.0, Max:  0.0, Diff:  0.0, Sum:  0.0, Workers: 4
[1626.899s][debug][gc,phases      ] GC(113)     Dead                           Min: 0, Avg:  0.0, Max: 0, Diff: 0, Sum: 0, Workers: 4
[1626.899s][debug][gc,phases      ] GC(113)     Total                          Min: 0, Avg: 11.2, Max: 45, Diff: 45, Sum: 45, Workers: 4
[1626.899s][debug][gc,phases      ] GC(113)   StringDedup Table Weak         Min:  0.0, Avg:  0.0, Max:  0.0, Diff:  0.0, Sum:  0.0, Workers: 4
[1626.899s][debug][gc,phases      ] GC(113)     Dead                           Min: 0, Avg:  0.0, Max: 0, Diff: 0, Sum: 0, Workers: 4
[1626.899s][debug][gc,phases      ] GC(113)     Total                          Min: 0, Avg:  0.0, Max: 0, Diff: 0, Sum: 0, Workers: 4
[1626.899s][debug][gc,phases      ] GC(113)   StringDedup Requests0 Weak     Min:  0.0, Avg:  0.0, Max:  0.0, Diff:  0.0, Sum:  0.0, Workers: 4
[1626.899s][debug][gc,phases      ] GC(113)     Dead                           Min: 0, Avg:  0.0, Max: 0, Diff: 0, Sum: 0, Workers: 4
[1626.899s][debug][gc,phases      ] GC(113)     Total                          Min: 0, Avg:  0.0, Max: 0, Diff: 0, Sum: 0, Workers: 4
[1626.899s][debug][gc,phases      ] GC(113)   StringDedup Requests1 Weak     Min:  0.0, Avg:  0.0, Max:  0.0, Diff:  0.0, Sum:  0.0, Workers: 4
[1626.899s][debug][gc,phases      ] GC(113)     Dead                           Min: 0, Avg:  0.0, Max: 0, Diff: 0, Sum: 0, Workers: 4
[1626.899s][debug][gc,phases      ] GC(113)     Total                          Min: 0, Avg:  0.0, Max: 0, Diff: 0, Sum: 0, Workers: 4
[1626.899s][debug][gc,phases      ] GC(113)   Weak JFR Old Object Samples    Min:  0.0, Avg:  0.0, Max:  0.0, Diff:  0.0, Sum:  0.0, Workers: 4
[1626.899s][debug][gc,phases      ] GC(113)     Dead                           Min: 0, Avg:  0.0, Max: 0, Diff: 0, Sum: 0, Workers: 4
[1626.899s][debug][gc,phases      ] GC(113)     Total                          Min: 0, Avg:  0.0, Max: 0, Diff: 0, Sum: 0, Workers: 4
[1626.899s][debug][gc,phases      ] GC(113) Weak Processing 0.337ms
[1626.899s][debug][gc,age         ] GC(113) Desired survivor size 3670016 bytes, new threshold 15 (max threshold 15)
[1626.899s][info ][gc,heap        ] GC(113) PSYoungGen: 2091200K(2093568K)->1280K(2093568K) Eden: 2089984K(2089984K)->0K(2089984K) From: 1216K(3584K)->1280K(3584K)
[1626.899s][info ][gc,heap        ] GC(113) ParOldGen: 359951K(458752K)->359975K(458752K)
[1626.899s][info ][gc,metaspace   ] GC(113) Metaspace: 82684K(83712K)->82684K(83712K) NonClass: 70810K(71360K)->70810K(71360K) Class: 11874K(12352K)->11874K(12352K)
[1626.899s][info ][gc             ] GC(113) Pause Young (Allocation Failure) 2393M->352M(2492M) 5.793ms
[1626.899s][info ][gc,cpu         ] GC(113) User=0.01s Sys=0.00s Real=0.01s
[1626.899s][info ][safepoint      ] Safepoint "ParallelGCFailedAllocation", Time since last: 7136104354 ns, Reaching safepoint: 25000 ns, At safepoint: 5863575 ns, Total: 5888575 ns
[1638.902s][info ][safepoint      ] Safepoint "Cleanup", Time since last: 12002438670 ns, Reaching safepoint: 130499 ns, At safepoint: 8100 ns, Total: 138599 ns
[1643.902s][info ][safepoint      ] Safepoint "Cleanup", Time since last: 5000418772 ns, Reaching safepoint: 117499 ns, At safepoint: 3900 ns, Total: 121399 ns
[1645.250s][info ][gc,start       ] GC(114) Pause Young (Allocation Failure)
[1645.255s][debug][gc,phases      ] GC(114) Scavenge 5.309ms
[1645.255s][debug][gc,ref         ] GC(114) Skipped phase 1 of Reference Processing: no references
[1645.255s][debug][gc,ref         ] GC(114) ReferenceProcessor::execute queues: 1, RefProcThreadModel::Single, marks_oops_alive: false
[1645.255s][debug][gc,ref         ] GC(114) Skipped phase 3 of Reference Processing: no references
[1645.255s][debug][gc,ref         ] GC(114) Skipped phase 4 of Reference Processing: no references
[1645.255s][debug][gc,phases      ] GC(114) Reference Processing 0.106ms
[1645.255s][debug][gc,phases      ] GC(114)   VM Weak                        Min:  0.0, Avg:  0.0, Max:  0.0, Diff:  0.0, Sum:  0.0, Workers: 4
[1645.255s][debug][gc,phases      ] GC(114)     Dead                           Min: 0, Avg:  0.0, Max: 0, Diff: 0, Sum: 0, Workers: 4
[1645.255s][debug][gc,phases      ] GC(114)     Total                          Min: 0, Avg: 211.5, Max: 846, Diff: 846, Sum: 846, Workers: 4
[1645.255s][debug][gc,phases      ] GC(114)   ObjectSynchronizer Weak        Min:  0.0, Avg:  0.0, Max:  0.0, Diff:  0.0, Sum:  0.0, Workers: 4
[1645.255s][debug][gc,phases      ] GC(114)     Dead                           Min: 0, Avg:  0.0, Max: 0, Diff: 0, Sum: 0, Workers: 4
[1645.255s][debug][gc,phases      ] GC(114)     Total                          Min: 0, Avg: 14.8, Max: 59, Diff: 59, Sum: 59, Workers: 4
[1645.255s][debug][gc,phases      ] GC(114)   JVMTI Tag Weak OopStorage      Min:  0.0, Avg:  0.0, Max:  0.0, Diff:  0.0, Sum:  0.0, Workers: 4
[1645.255s][debug][gc,phases      ] GC(114)     Dead                           Min: 0, Avg:  0.0, Max: 0, Diff: 0, Sum: 0, Workers: 4
[1645.255s][debug][gc,phases      ] GC(114)     Total                          Min: 0, Avg:  0.0, Max: 0, Diff: 0, Sum: 0, Workers: 4
[1645.255s][debug][gc,phases      ] GC(114)   StringTable Weak               Min:  0.0, Avg:  0.1, Max:  0.2, Diff:  0.2, Sum:  0.3, Workers: 4
[1645.255s][debug][gc,phases      ] GC(114)     Dead                           Min: 0, Avg:  0.0, Max: 0, Diff: 0, Sum: 0, Workers: 4
[1645.255s][debug][gc,phases      ] GC(114)     Total                          Min: 0, Avg: 11030.8, Max: 34715, Diff: 34715, Sum: 44123, Workers: 4
[1645.255s][debug][gc,phases      ] GC(114)   ResolvedMethodTable Weak       Min:  0.0, Avg:  0.0, Max:  0.0, Diff:  0.0, Sum:  0.1, Workers: 4
[1645.255s][debug][gc,phases      ] GC(114)     Dead                           Min: 0, Avg:  0.0, Max: 0, Diff: 0, Sum: 0, Workers: 4
[1645.255s][debug][gc,phases      ] GC(114)     Total                          Min: 0, Avg: 2431.2, Max: 6077, Diff: 6077, Sum: 9725, Workers: 4
[1645.255s][debug][gc,phases      ] GC(114)   JNI Weak                       Min:  0.0, Avg:  0.0, Max:  0.0, Diff:  0.0, Sum:  0.0, Workers: 4
[1645.255s][debug][gc,phases      ] GC(114)     Dead                           Min: 0, Avg:  0.0, Max: 0, Diff: 0, Sum: 0, Workers: 4
[1645.255s][debug][gc,phases      ] GC(114)     Total                          Min: 0, Avg: 11.2, Max: 45, Diff: 45, Sum: 45, Workers: 4
[1645.255s][debug][gc,phases      ] GC(114)   StringDedup Table Weak         Min:  0.0, Avg:  0.0, Max:  0.0, Diff:  0.0, Sum:  0.0, Workers: 4
[1645.255s][debug][gc,phases      ] GC(114)     Dead                           Min: 0, Avg:  0.0, Max: 0, Diff: 0, Sum: 0, Workers: 4
[1645.255s][debug][gc,phases      ] GC(114)     Total                          Min: 0, Avg:  0.0, Max: 0, Diff: 0, Sum: 0, Workers: 4
[1645.255s][debug][gc,phases      ] GC(114)   StringDedup Requests0 Weak     Min:  0.0, Avg:  0.0, Max:  0.0, Diff:  0.0, Sum:  0.0, Workers: 4
[1645.255s][debug][gc,phases      ] GC(114)     Dead                           Min: 0, Avg:  0.0, Max: 0, Diff: 0, Sum: 0, Workers: 4
[1645.255s][debug][gc,phases      ] GC(114)     Total                          Min: 0, Avg:  0.0, Max: 0, Diff: 0, Sum: 0, Workers: 4
[1645.255s][debug][gc,phases      ] GC(114)   StringDedup Requests1 Weak     Min:  0.0, Avg:  0.0, Max:  0.0, Diff:  0.0, Sum:  0.0, Workers: 4
[1645.255s][debug][gc,phases      ] GC(114)     Dead                           Min: 0, Avg:  0.0, Max: 0, Diff: 0, Sum: 0, Workers: 4
[1645.255s][debug][gc,phases      ] GC(114)     Total                          Min: 0, Avg:  0.0, Max: 0, Diff: 0, Sum: 0, Workers: 4
[1645.255s][debug][gc,phases      ] GC(114)   Weak JFR Old Object Samples    Min:  0.0, Avg:  0.0, Max:  0.0, Diff:  0.0, Sum:  0.0, Workers: 4
[1645.255s][debug][gc,phases      ] GC(114)     Dead                           Min: 0, Avg:  0.0, Max: 0, Diff: 0, Sum: 0, Workers: 4
[1645.255s][debug][gc,phases      ] GC(114)     Total                          Min: 0, Avg:  0.0, Max: 0, Diff: 0, Sum: 0, Workers: 4
[1645.255s][debug][gc,phases      ] GC(114) Weak Processing 0.416ms
[1645.255s][debug][gc,age         ] GC(114) Desired survivor size 3670016 bytes, new threshold 15 (max threshold 15)
[1645.255s][info ][gc,heap        ] GC(114) PSYoungGen: 2091264K(2093568K)->1344K(2093568K) Eden: 2089984K(2089984K)->0K(2089984K) From: 1280K(3584K)->1344K(3584K)
[1645.255s][info ][gc,heap        ] GC(114) ParOldGen: 359975K(458752K)->359975K(458752K)
[1645.256s][info ][gc,metaspace   ] GC(114) Metaspace: 82689K(83712K)->82689K(83712K) NonClass: 70815K(71360K)->70815K(71360K) Class: 11874K(12352K)->11874K(12352K)
[1645.256s][info ][gc             ] GC(114) Pause Young (Allocation Failure) 2393M->352M(2492M) 5.942ms
[1645.256s][info ][gc,cpu         ] GC(114) User=0.01s Sys=0.00s Real=0.01s
[1645.256s][info ][safepoint      ] Safepoint "ParallelGCFailedAllocation", Time since last: 1347420165 ns, Reaching safepoint: 21700 ns, At safepoint: 6014975 ns, Total: 6036675 ns
[1647.256s][info ][safepoint      ] Safepoint "Cleanup", Time since last: 2000133835 ns, Reaching safepoint: 35000 ns, At safepoint: 3700 ns, Total: 38700 ns
[1650.256s][info ][safepoint      ] Safepoint "Cleanup", Time since last: 3000242362 ns, Reaching safepoint: 38999 ns, At safepoint: 2800 ns, Total: 41799 ns
[1653.256s][info ][safepoint      ] Safepoint "Cleanup", Time since last: 3000249695 ns, Reaching safepoint: 40700 ns, At safepoint: 2400 ns, Total: 43100 ns
[1658.257s][info ][safepoint      ] Safepoint "Cleanup", Time since last: 5000352940 ns, Reaching safepoint: 38000 ns, At safepoint: 3600 ns, Total: 41600 ns
[1660.894s][info ][gc,start       ] GC(115) Pause Young (Allocation Failure)
[1660.899s][debug][gc,phases      ] GC(115) Scavenge 5.415ms
[1660.899s][debug][gc,ref         ] GC(115) Skipped phase 1 of Reference Processing: no references
[1660.899s][debug][gc,ref         ] GC(115) ReferenceProcessor::execute queues: 1, RefProcThreadModel::Single, marks_oops_alive: false
[1660.899s][debug][gc,ref         ] GC(115) Skipped phase 3 of Reference Processing: no references
[1660.899s][debug][gc,ref         ] GC(115) Skipped phase 4 of Reference Processing: no references
[1660.899s][debug][gc,phases      ] GC(115) Reference Processing 0.109ms
[1660.899s][debug][gc,phases      ] GC(115)   VM Weak                        Min:  0.0, Avg:  0.0, Max:  0.0, Diff:  0.0, Sum:  0.0, Workers: 4
[1660.900s][debug][gc,phases      ] GC(115)     Dead                           Min: 0, Avg:  0.0, Max: 0, Diff: 0, Sum: 0, Workers: 4
[1660.900s][debug][gc,phases      ] GC(115)     Total                          Min: 0, Avg: 211.5, Max: 782, Diff: 782, Sum: 846, Workers: 4
[1660.900s][debug][gc,phases      ] GC(115)   ObjectSynchronizer Weak        Min:  0.0, Avg:  0.0, Max:  0.0, Diff:  0.0, Sum:  0.0, Workers: 4
[1660.900s][debug][gc,phases      ] GC(115)     Dead                           Min: 0, Avg:  0.0, Max: 0, Diff: 0, Sum: 0, Workers: 4
[1660.900s][debug][gc,phases      ] GC(115)     Total                          Min: 0, Avg: 14.8, Max: 59, Diff: 59, Sum: 59, Workers: 4
[1660.900s][debug][gc,phases      ] GC(115)   JVMTI Tag Weak OopStorage      Min:  0.0, Avg:  0.0, Max:  0.0, Diff:  0.0, Sum:  0.0, Workers: 4
[1660.900s][debug][gc,phases      ] GC(115)     Dead                           Min: 0, Avg:  0.0, Max: 0, Diff: 0, Sum: 0, Workers: 4
[1660.900s][debug][gc,phases      ] GC(115)     Total                          Min: 0, Avg:  0.0, Max: 0, Diff: 0, Sum: 0, Workers: 4
[1660.900s][debug][gc,phases      ] GC(115)   StringTable Weak               Min:  0.0, Avg:  0.1, Max:  0.2, Diff:  0.2, Sum:  0.4, Workers: 4
[1660.900s][debug][gc,phases      ] GC(115)     Dead                           Min: 0, Avg:  0.0, Max: 0, Diff: 0, Sum: 0, Workers: 4
[1660.900s][debug][gc,phases      ] GC(115)     Total                          Min: 0, Avg: 11030.8, Max: 22171, Diff: 22171, Sum: 44123, Workers: 4
[1660.900s][debug][gc,phases      ] GC(115)   ResolvedMethodTable Weak       Min:  0.0, Avg:  0.0, Max:  0.0, Diff:  0.0, Sum:  0.1, Workers: 4
[1660.900s][debug][gc,phases      ] GC(115)     Dead                           Min: 0, Avg:  0.0, Max: 0, Diff: 0, Sum: 0, Workers: 4
[1660.900s][debug][gc,phases      ] GC(115)     Total                          Min: 0, Avg: 2431.2, Max: 4925, Diff: 4925, Sum: 9725, Workers: 4
[1660.900s][debug][gc,phases      ] GC(115)   JNI Weak                       Min:  0.0, Avg:  0.0, Max:  0.0, Diff:  0.0, Sum:  0.0, Workers: 4
[1660.900s][debug][gc,phases      ] GC(115)     Dead                           Min: 0, Avg:  0.0, Max: 0, Diff: 0, Sum: 0, Workers: 4
[1660.900s][debug][gc,phases      ] GC(115)     Total                          Min: 0, Avg: 11.2, Max: 45, Diff: 45, Sum: 45, Workers: 4
[1660.900s][debug][gc,phases      ] GC(115)   StringDedup Table Weak         Min:  0.0, Avg:  0.0, Max:  0.0, Diff:  0.0, Sum:  0.0, Workers: 4
[1660.900s][debug][gc,phases      ] GC(115)     Dead                           Min: 0, Avg:  0.0, Max: 0, Diff: 0, Sum: 0, Workers: 4
[1660.900s][debug][gc,phases      ] GC(115)     Total                          Min: 0, Avg:  0.0, Max: 0, Diff: 0, Sum: 0, Workers: 4
[1660.900s][debug][gc,phases      ] GC(115)   StringDedup Requests0 Weak     Min:  0.0, Avg:  0.0, Max:  0.0, Diff:  0.0, Sum:  0.0, Workers: 4
[1660.900s][debug][gc,phases      ] GC(115)     Dead                           Min: 0, Avg:  0.0, Max: 0, Diff: 0, Sum: 0, Workers: 4
[1660.900s][debug][gc,phases      ] GC(115)     Total                          Min: 0, Avg:  0.0, Max: 0, Diff: 0, Sum: 0, Workers: 4
[1660.900s][debug][gc,phases      ] GC(115)   StringDedup Requests1 Weak     Min:  0.0, Avg:  0.0, Max:  0.0, Diff:  0.0, Sum:  0.0, Workers: 4
[1660.900s][debug][gc,phases      ] GC(115)     Dead                           Min: 0, Avg:  0.0, Max: 0, Diff: 0, Sum: 0, Workers: 4
[1660.900s][debug][gc,phases      ] GC(115)     Total                          Min: 0, Avg:  0.0, Max: 0, Diff: 0, Sum: 0, Workers: 4
[1660.900s][debug][gc,phases      ] GC(115)   Weak JFR Old Object Samples    Min:  0.0, Avg:  0.0, Max:  0.0, Diff:  0.0, Sum:  0.0, Workers: 4
[1660.900s][debug][gc,phases      ] GC(115)     Dead                           Min: 0, Avg:  0.0, Max: 0, Diff: 0, Sum: 0, Workers: 4
[1660.900s][debug][gc,phases      ] GC(115)     Total                          Min: 0, Avg:  0.0, Max: 0, Diff: 0, Sum: 0, Workers: 4
[1660.900s][debug][gc,phases      ] GC(115) Weak Processing 0.498ms
[1660.900s][debug][gc,age         ] GC(115) Desired survivor size 3145728 bytes, new threshold 15 (max threshold 15)
[1660.900s][info ][gc,heap        ] GC(115) PSYoungGen: 2091328K(2093568K)->1376K(2094080K) Eden: 2089984K(2089984K)->0K(2090496K) From: 1344K(3584K)->1376K(3584K)
[1660.900s][info ][gc,heap        ] GC(115) ParOldGen: 359975K(458752K)->360039K(458752K)
[1660.900s][info ][gc,metaspace   ] GC(115) Metaspace: 82692K(83712K)->82692K(83712K) NonClass: 70818K(71360K)->70818K(71360K) Class: 11874K(12352K)->11874K(12352K)
[1660.900s][info ][gc             ] GC(115) Pause Young (Allocation Failure) 2393M->352M(2493M) 6.151ms
[1660.900s][info ][gc,cpu         ] GC(115) User=0.01s Sys=0.00s Real=0.01s
[1660.900s][info ][safepoint      ] Safepoint "ParallelGCFailedAllocation", Time since last: 2636835728 ns, Reaching safepoint: 39300 ns, At safepoint: 6228374 ns, Total: 6267674 ns
[1665.900s][info ][safepoint      ] Safepoint "Cleanup", Time since last: 5000344418 ns, Reaching safepoint: 37100 ns, At safepoint: 3400 ns, Total: 40500 ns
[1676.549s][info ][gc,start       ] GC(116) Pause Young (Allocation Failure)
[1676.554s][debug][gc,phases      ] GC(116) Scavenge 4.728ms
[1676.554s][debug][gc,ref         ] GC(116) Skipped phase 1 of Reference Processing: no references
[1676.554s][debug][gc,ref         ] GC(116) ReferenceProcessor::execute queues: 1, RefProcThreadModel::Single, marks_oops_alive: false
[1676.554s][debug][gc,ref         ] GC(116) Skipped phase 3 of Reference Processing: no references
[1676.554s][debug][gc,ref         ] GC(116) Skipped phase 4 of Reference Processing: no references
[1676.554s][debug][gc,phases      ] GC(116) Reference Processing 0.083ms
[1676.554s][debug][gc,phases      ] GC(116)   VM Weak                        Min:  0.0, Avg:  0.0, Max:  0.0, Diff:  0.0, Sum:  0.0, Workers: 4
[1676.554s][debug][gc,phases      ] GC(116)     Dead                           Min: 0, Avg:  0.0, Max: 0, Diff: 0, Sum: 0, Workers: 4
[1676.554s][debug][gc,phases      ] GC(116)     Total                          Min: 0, Avg: 211.5, Max: 640, Diff: 640, Sum: 846, Workers: 4
[1676.554s][debug][gc,phases      ] GC(116)   ObjectSynchronizer Weak        Min:  0.0, Avg:  0.0, Max:  0.0, Diff:  0.0, Sum:  0.0, Workers: 4
[1676.554s][debug][gc,phases      ] GC(116)     Dead                           Min: 0, Avg:  0.0, Max: 0, Diff: 0, Sum: 0, Workers: 4
[1676.554s][debug][gc,phases      ] GC(116)     Total                          Min: 0, Avg: 14.8, Max: 59, Diff: 59, Sum: 59, Workers: 4
[1676.554s][debug][gc,phases      ] GC(116)   JVMTI Tag Weak OopStorage      Min:  0.0, Avg:  0.0, Max:  0.0, Diff:  0.0, Sum:  0.0, Workers: 4
[1676.554s][debug][gc,phases      ] GC(116)     Dead                           Min: 0, Avg:  0.0, Max: 0, Diff: 0, Sum: 0, Workers: 4
[1676.554s][debug][gc,phases      ] GC(116)     Total                          Min: 0, Avg:  0.0, Max: 0, Diff: 0, Sum: 0, Workers: 4
[1676.554s][debug][gc,phases      ] GC(116)   StringTable Weak               Min:  0.0, Avg:  0.1, Max:  0.2, Diff:  0.2, Sum:  0.3, Workers: 4
[1676.554s][debug][gc,phases      ] GC(116)     Dead                           Min: 0, Avg:  0.0, Max: 0, Diff: 0, Sum: 0, Workers: 4
[1676.554s][debug][gc,phases      ] GC(116)     Total                          Min: 0, Avg: 11030.8, Max: 26843, Diff: 26843, Sum: 44123, Workers: 4
[1676.554s][debug][gc,phases      ] GC(116)   ResolvedMethodTable Weak       Min:  0.0, Avg:  0.0, Max:  0.0, Diff:  0.0, Sum:  0.1, Workers: 4
[1676.554s][debug][gc,phases      ] GC(116)     Dead                           Min: 0, Avg:  0.0, Max: 0, Diff: 0, Sum: 0, Workers: 4
[1676.554s][debug][gc,phases      ] GC(116)     Total                          Min: 0, Avg: 2431.2, Max: 5949, Diff: 5949, Sum: 9725, Workers: 4
[1676.554s][debug][gc,phases      ] GC(116)   JNI Weak                       Min:  0.0, Avg:  0.0, Max:  0.0, Diff:  0.0, Sum:  0.0, Workers: 4
[1676.554s][debug][gc,phases      ] GC(116)     Dead                           Min: 0, Avg:  0.0, Max: 0, Diff: 0, Sum: 0, Workers: 4
[1676.554s][debug][gc,phases      ] GC(116)     Total                          Min: 0, Avg: 11.2, Max: 45, Diff: 45, Sum: 45, Workers: 4
[1676.554s][debug][gc,phases      ] GC(116)   StringDedup Table Weak         Min:  0.0, Avg:  0.0, Max:  0.0, Diff:  0.0, Sum:  0.0, Workers: 4
[1676.554s][debug][gc,phases      ] GC(116)     Dead                           Min: 0, Avg:  0.0, Max: 0, Diff: 0, Sum: 0, Workers: 4
[1676.554s][debug][gc,phases      ] GC(116)     Total                          Min: 0, Avg:  0.0, Max: 0, Diff: 0, Sum: 0, Workers: 4
[1676.554s][debug][gc,phases      ] GC(116)   StringDedup Requests0 Weak     Min:  0.0, Avg:  0.0, Max:  0.0, Diff:  0.0, Sum:  0.0, Workers: 4
[1676.554s][debug][gc,phases      ] GC(116)     Dead                           Min: 0, Avg:  0.0, Max: 0, Diff: 0, Sum: 0, Workers: 4
[1676.554s][debug][gc,phases      ] GC(116)     Total                          Min: 0, Avg:  0.0, Max: 0, Diff: 0, Sum: 0, Workers: 4
[1676.554s][debug][gc,phases      ] GC(116)   StringDedup Requests1 Weak     Min:  0.0, Avg:  0.0, Max:  0.0, Diff:  0.0, Sum:  0.0, Workers: 4
[1676.554s][debug][gc,phases      ] GC(116)     Dead                           Min: 0, Avg:  0.0, Max: 0, Diff: 0, Sum: 0, Workers: 4
[1676.554s][debug][gc,phases      ] GC(116)     Total                          Min: 0, Avg:  0.0, Max: 0, Diff: 0, Sum: 0, Workers: 4
[1676.554s][debug][gc,phases      ] GC(116)   Weak JFR Old Object Samples    Min:  0.0, Avg:  0.0, Max:  0.0, Diff:  0.0, Sum:  0.0, Workers: 4
[1676.554s][debug][gc,phases      ] GC(116)     Dead                           Min: 0, Avg:  0.0, Max: 0, Diff: 0, Sum: 0, Workers: 4
[1676.554s][debug][gc,phases      ] GC(116)     Total                          Min: 0, Avg:  0.0, Max: 0, Diff: 0, Sum: 0, Workers: 4
[1676.554s][debug][gc,phases      ] GC(116) Weak Processing 0.353ms
[1676.554s][debug][gc,age         ] GC(116) Desired survivor size 3145728 bytes, new threshold 15 (max threshold 15)
[1676.554s][info ][gc,heap        ] GC(116) PSYoungGen: 2091872K(2094080K)->1472K(2093568K) Eden: 2090496K(2090496K)->0K(2090496K) From: 1376K(3584K)->1472K(3072K)
[1676.554s][info ][gc,heap        ] GC(116) ParOldGen: 360039K(458752K)->360047K(458752K)
[1676.554s][info ][gc,metaspace   ] GC(116) Metaspace: 82692K(83712K)->82692K(83712K) NonClass: 70818K(71360K)->70818K(71360K) Class: 11874K(12352K)->11874K(12352K)
[1676.554s][info ][gc             ] GC(116) Pause Young (Allocation Failure) 2394M->353M(2492M) 5.273ms
[1676.554s][info ][gc,cpu         ] GC(116) User=0.01s Sys=0.00s Real=0.01s
[1676.554s][info ][safepoint      ] Safepoint "ParallelGCFailedAllocation", Time since last: 10648452138 ns, Reaching safepoint: 105700 ns, At safepoint: 5372677 ns, Total: 5478377 ns
[1678.554s][info ][safepoint      ] Safepoint "Cleanup", Time since last: 2000142528 ns, Reaching safepoint: 42000 ns, At safepoint: 4100 ns, Total: 46100 ns
[1683.555s][info ][safepoint      ] Safepoint "Cleanup", Time since last: 5000374074 ns, Reaching safepoint: 109000 ns, At safepoint: 11700 ns, Total: 120700 ns
[1692.409s][info ][safepoint      ] Safepoint "ParallelGCFailedAllocation", Time since last: 8854345255 ns, Reaching safepoint: 59600 ns, At safepoint: 11400 ns, Total: 71000 ns
[1692.409s][info ][gc,start       ] GC(117) Pause Young (GCLocker Initiated GC)
[1692.414s][debug][gc,phases      ] GC(117) Scavenge 4.488ms
[1692.414s][debug][gc,ref         ] GC(117) Skipped phase 1 of Reference Processing: no references
[1692.414s][debug][gc,ref         ] GC(117) ReferenceProcessor::execute queues: 1, RefProcThreadModel::Single, marks_oops_alive: false
[1692.414s][debug][gc,ref         ] GC(117) Skipped phase 3 of Reference Processing: no references
[1692.414s][debug][gc,ref         ] GC(117) Skipped phase 4 of Reference Processing: no references
[1692.414s][debug][gc,phases      ] GC(117) Reference Processing 0.089ms
[1692.414s][debug][gc,phases      ] GC(117)   VM Weak                        Min:  0.0, Avg:  0.0, Max:  0.0, Diff:  0.0, Sum:  0.0, Workers: 4
[1692.414s][debug][gc,phases      ] GC(117)     Dead                           Min: 0, Avg:  0.0, Max: 0, Diff: 0, Sum: 0, Workers: 4
[1692.414s][debug][gc,phases      ] GC(117)     Total                          Min: 0, Avg: 211.5, Max: 576, Diff: 576, Sum: 846, Workers: 4
[1692.414s][debug][gc,phases      ] GC(117)   ObjectSynchronizer Weak        Min:  0.0, Avg:  0.0, Max:  0.0, Diff:  0.0, Sum:  0.0, Workers: 4
[1692.414s][debug][gc,phases      ] GC(117)     Dead                           Min: 0, Avg:  0.0, Max: 0, Diff: 0, Sum: 0, Workers: 4
[1692.414s][debug][gc,phases      ] GC(117)     Total                          Min: 0, Avg: 14.8, Max: 59, Diff: 59, Sum: 59, Workers: 4
[1692.414s][debug][gc,phases      ] GC(117)   JVMTI Tag Weak OopStorage      Min:  0.0, Avg:  0.0, Max:  0.0, Diff:  0.0, Sum:  0.0, Workers: 4
[1692.414s][debug][gc,phases      ] GC(117)     Dead                           Min: 0, Avg:  0.0, Max: 0, Diff: 0, Sum: 0, Workers: 4
[1692.414s][debug][gc,phases      ] GC(117)     Total                          Min: 0, Avg:  0.0, Max: 0, Diff: 0, Sum: 0, Workers: 4
[1692.414s][debug][gc,phases      ] GC(117)   StringTable Weak               Min:  0.1, Avg:  0.1, Max:  0.1, Diff:  0.1, Sum:  0.4, Workers: 4
[1692.414s][debug][gc,phases      ] GC(117)     Dead                           Min: 0, Avg:  0.0, Max: 0, Diff: 0, Sum: 0, Workers: 4
[1692.414s][debug][gc,phases      ] GC(117)     Total                          Min: 7424, Avg: 11030.8, Max: 12736, Diff: 5312, Sum: 44123, Workers: 4
[1692.414s][debug][gc,phases      ] GC(117)   ResolvedMethodTable Weak       Min:  0.0, Avg:  0.0, Max:  0.0, Diff:  0.0, Sum:  0.1, Workers: 4
[1692.414s][debug][gc,phases      ] GC(117)     Dead                           Min: 0, Avg:  0.0, Max: 0, Diff: 0, Sum: 0, Workers: 4
[1692.414s][debug][gc,phases      ] GC(117)     Total                          Min: 1856, Avg: 2431.2, Max: 2688, Diff: 832, Sum: 9725, Workers: 4
[1692.414s][debug][gc,phases      ] GC(117)   JNI Weak                       Min:  0.0, Avg:  0.0, Max:  0.0, Diff:  0.0, Sum:  0.0, Workers: 4
[1692.414s][debug][gc,phases      ] GC(117)     Dead                           Min: 0, Avg:  0.0, Max: 0, Diff: 0, Sum: 0, Workers: 4
[1692.414s][debug][gc,phases      ] GC(117)     Total                          Min: 0, Avg: 11.2, Max: 45, Diff: 45, Sum: 45, Workers: 4
[1692.414s][debug][gc,phases      ] GC(117)   StringDedup Table Weak         Min:  0.0, Avg:  0.0, Max:  0.0, Diff:  0.0, Sum:  0.0, Workers: 4
[1692.414s][debug][gc,phases      ] GC(117)     Dead                           Min: 0, Avg:  0.0, Max: 0, Diff: 0, Sum: 0, Workers: 4
[1692.414s][debug][gc,phases      ] GC(117)     Total                          Min: 0, Avg:  0.0, Max: 0, Diff: 0, Sum: 0, Workers: 4
[1692.414s][debug][gc,phases      ] GC(117)   StringDedup Requests0 Weak     Min:  0.0, Avg:  0.0, Max:  0.0, Diff:  0.0, Sum:  0.0, Workers: 4
[1692.414s][debug][gc,phases      ] GC(117)     Dead                           Min: 0, Avg:  0.0, Max: 0, Diff: 0, Sum: 0, Workers: 4
[1692.414s][debug][gc,phases      ] GC(117)     Total                          Min: 0, Avg:  0.0, Max: 0, Diff: 0, Sum: 0, Workers: 4
[1692.414s][debug][gc,phases      ] GC(117)   StringDedup Requests1 Weak     Min:  0.0, Avg:  0.0, Max:  0.0, Diff:  0.0, Sum:  0.0, Workers: 4
[1692.414s][debug][gc,phases      ] GC(117)     Dead                           Min: 0, Avg:  0.0, Max: 0, Diff: 0, Sum: 0, Workers: 4
[1692.414s][debug][gc,phases      ] GC(117)     Total                          Min: 0, Avg:  0.0, Max: 0, Diff: 0, Sum: 0, Workers: 4
[1692.414s][debug][gc,phases      ] GC(117)   Weak JFR Old Object Samples    Min:  0.0, Avg:  0.0, Max:  0.0, Diff:  0.0, Sum:  0.0, Workers: 4
[1692.414s][debug][gc,phases      ] GC(117)     Dead                           Min: 0, Avg:  0.0, Max: 0, Diff: 0, Sum: 0, Workers: 4
[1692.414s][debug][gc,phases      ] GC(117)     Total                          Min: 0, Avg:  0.0, Max: 0, Diff: 0, Sum: 0, Workers: 4
[1692.414s][debug][gc,phases      ] GC(117) Weak Processing 0.296ms
[1692.414s][debug][gc,age         ] GC(117) Desired survivor size 3145728 bytes, new threshold 15 (max threshold 15)
[1692.414s][info ][gc,heap        ] GC(117) PSYoungGen: 2091968K(2093568K)->1376K(2093568K) Eden: 2090496K(2090496K)->0K(2090496K) From: 1472K(3072K)->1376K(3072K)
[1692.414s][info ][gc,heap        ] GC(117) ParOldGen: 360051K(458752K)->360075K(458752K)
[1692.414s][info ][gc,metaspace   ] GC(117) Metaspace: 82692K(83712K)->82692K(83712K) NonClass: 70818K(71360K)->70818K(71360K) Class: 11874K(12352K)->11874K(12352K)
[1692.414s][info ][gc             ] GC(117) Pause Young (GCLocker Initiated GC) 2394M->352M(2492M) 4.945ms
[1692.414s][info ][gc,cpu         ] GC(117) User=0.02s Sys=0.00s Real=0.01s
[1692.414s][info ][safepoint      ] Safepoint "ParallelGCSystemGC", Time since last: 73099 ns, Reaching safepoint: 81100 ns, At safepoint: 5006579 ns, Total: 5087679 ns
[1697.415s][info ][safepoint      ] Safepoint "Cleanup", Time since last: 5000307270 ns, Reaching safepoint: 35100 ns, At safepoint: 3100 ns, Total: 38200 ns
[1698.415s][info ][safepoint      ] Safepoint "Cleanup", Time since last: 1000105134 ns, Reaching safepoint: 42799 ns, At safepoint: 3100 ns, Total: 45899 ns
[1699.415s][info ][safepoint      ] Safepoint "Cleanup", Time since last: 1000112041 ns, Reaching safepoint: 49200 ns, At safepoint: 2600 ns, Total: 51800 ns
[1700.415s][info ][safepoint      ] Safepoint "Cleanup", Time since last: 1000111341 ns, Reaching safepoint: 38900 ns, At safepoint: 4100 ns, Total: 43000 ns
[1702.415s][info ][safepoint      ] Safepoint "Cleanup", Time since last: 2000195882 ns, Reaching safepoint: 36900 ns, At safepoint: 3200 ns, Total: 40100 ns
[1708.594s][info ][gc,start       ] GC(118) Pause Young (Allocation Failure)
[1708.599s][debug][gc,phases      ] GC(118) Scavenge 4.872ms
[1708.599s][debug][gc,ref         ] GC(118) Skipped phase 1 of Reference Processing: no references
[1708.599s][debug][gc,ref         ] GC(118) ReferenceProcessor::execute queues: 1, RefProcThreadModel::Single, marks_oops_alive: false
[1708.599s][debug][gc,ref         ] GC(118) Skipped phase 3 of Reference Processing: no references
[1708.599s][debug][gc,ref         ] GC(118) Skipped phase 4 of Reference Processing: no references
[1708.599s][debug][gc,phases      ] GC(118) Reference Processing 0.088ms
[1708.599s][debug][gc,phases      ] GC(118)   VM Weak                        Min:  0.0, Avg:  0.0, Max:  0.0, Diff:  0.0, Sum:  0.0, Workers: 4
[1708.599s][debug][gc,phases      ] GC(118)     Dead                           Min: 0, Avg:  0.0, Max: 0, Diff: 0, Sum: 0, Workers: 4
[1708.599s][debug][gc,phases      ] GC(118)     Total                          Min: 0, Avg: 211.5, Max: 526, Diff: 526, Sum: 846, Workers: 4
[1708.599s][debug][gc,phases      ] GC(118)   ObjectSynchronizer Weak        Min:  0.0, Avg:  0.0, Max:  0.0, Diff:  0.0, Sum:  0.0, Workers: 4
[1708.599s][debug][gc,phases      ] GC(118)     Dead                           Min: 0, Avg:  0.0, Max: 0, Diff: 0, Sum: 0, Workers: 4
[1708.599s][debug][gc,phases      ] GC(118)     Total                          Min: 0, Avg: 14.8, Max: 59, Diff: 59, Sum: 59, Workers: 4
[1708.599s][debug][gc,phases      ] GC(118)   JVMTI Tag Weak OopStorage      Min:  0.0, Avg:  0.0, Max:  0.0, Diff:  0.0, Sum:  0.0, Workers: 4
[1708.599s][debug][gc,phases      ] GC(118)     Dead                           Min: 0, Avg:  0.0, Max: 0, Diff: 0, Sum: 0, Workers: 4
[1708.599s][debug][gc,phases      ] GC(118)     Total                          Min: 0, Avg:  0.0, Max: 0, Diff: 0, Sum: 0, Workers: 4
[1708.599s][debug][gc,phases      ] GC(118)   StringTable Weak               Min:  0.0, Avg:  0.1, Max:  0.2, Diff:  0.2, Sum:  0.4, Workers: 4
[1708.599s][debug][gc,phases      ] GC(118)     Dead                           Min: 0, Avg:  0.0, Max: 0, Diff: 0, Sum: 0, Workers: 4
[1708.599s][debug][gc,phases      ] GC(118)     Total                          Min: 0, Avg: 11030.8, Max: 22208, Diff: 22208, Sum: 44123, Workers: 4
[1708.599s][debug][gc,phases      ] GC(118)   ResolvedMethodTable Weak       Min:  0.0, Avg:  0.0, Max:  0.0, Diff:  0.0, Sum:  0.1, Workers: 4
[1708.599s][debug][gc,phases      ] GC(118)     Dead                           Min: 0, Avg:  0.0, Max: 0, Diff: 0, Sum: 0, Workers: 4
[1708.599s][debug][gc,phases      ] GC(118)     Total                          Min: 0, Avg: 2431.2, Max: 4928, Diff: 4928, Sum: 9725, Workers: 4
[1708.599s][debug][gc,phases      ] GC(118)   JNI Weak                       Min:  0.0, Avg:  0.0, Max:  0.0, Diff:  0.0, Sum:  0.0, Workers: 4
[1708.599s][debug][gc,phases      ] GC(118)     Dead                           Min: 0, Avg:  0.0, Max: 0, Diff: 0, Sum: 0, Workers: 4
[1708.599s][debug][gc,phases      ] GC(118)     Total                          Min: 0, Avg: 11.2, Max: 45, Diff: 45, Sum: 45, Workers: 4
[1708.599s][debug][gc,phases      ] GC(118)   StringDedup Table Weak         Min:  0.0, Avg:  0.0, Max:  0.0, Diff:  0.0, Sum:  0.0, Workers: 4
[1708.599s][debug][gc,phases      ] GC(118)     Dead                           Min: 0, Avg:  0.0, Max: 0, Diff: 0, Sum: 0, Workers: 4
[1708.599s][debug][gc,phases      ] GC(118)     Total                          Min: 0, Avg:  0.0, Max: 0, Diff: 0, Sum: 0, Workers: 4
[1708.599s][debug][gc,phases      ] GC(118)   StringDedup Requests0 Weak     Min:  0.0, Avg:  0.0, Max:  0.0, Diff:  0.0, Sum:  0.0, Workers: 4
[1708.599s][debug][gc,phases      ] GC(118)     Dead                           Min: 0, Avg:  0.0, Max: 0, Diff: 0, Sum: 0, Workers: 4
[1708.599s][debug][gc,phases      ] GC(118)     Total                          Min: 0, Avg:  0.0, Max: 0, Diff: 0, Sum: 0, Workers: 4
[1708.599s][debug][gc,phases      ] GC(118)   StringDedup Requests1 Weak     Min:  0.0, Avg:  0.0, Max:  0.0, Diff:  0.0, Sum:  0.0, Workers: 4
[1708.599s][debug][gc,phases      ] GC(118)     Dead                           Min: 0, Avg:  0.0, Max: 0, Diff: 0, Sum: 0, Workers: 4
[1708.599s][debug][gc,phases      ] GC(118)     Total                          Min: 0, Avg:  0.0, Max: 0, Diff: 0, Sum: 0, Workers: 4
[1708.599s][debug][gc,phases      ] GC(118)   Weak JFR Old Object Samples    Min:  0.0, Avg:  0.0, Max:  0.0, Diff:  0.0, Sum:  0.0, Workers: 4
[1708.599s][debug][gc,phases      ] GC(118)     Dead                           Min: 0, Avg:  0.0, Max: 0, Diff: 0, Sum: 0, Workers: 4
[1708.599s][debug][gc,phases      ] GC(118)     Total                          Min: 0, Avg:  0.0, Max: 0, Diff: 0, Sum: 0, Workers: 4
[1708.599s][debug][gc,phases      ] GC(118) Weak Processing 0.517ms
[1708.599s][debug][gc,age         ] GC(118) Desired survivor size 3145728 bytes, new threshold 15 (max threshold 15)
[1708.599s][info ][gc,heap        ] GC(118) PSYoungGen: 2091872K(2093568K)->1376K(2093568K) Eden: 2090496K(2090496K)->0K(2090496K) From: 1376K(3072K)->1376K(3072K)
[1708.599s][info ][gc,heap        ] GC(118) ParOldGen: 360076K(458752K)->360092K(458752K)
[1708.599s][info ][gc,metaspace   ] GC(118) Metaspace: 82694K(83712K)->82694K(83712K) NonClass: 70819K(71360K)->70819K(71360K) Class: 11874K(12352K)->11874K(12352K)
[1708.599s][info ][gc             ] GC(118) Pause Young (Allocation Failure) 2394M->352M(2492M) 5.596ms
[1708.599s][info ][gc,cpu         ] GC(118) User=0.02s Sys=0.00s Real=0.01s
[1708.600s][info ][safepoint      ] Safepoint "ParallelGCFailedAllocation", Time since last: 6178385627 ns, Reaching safepoint: 37900 ns, At safepoint: 5664976 ns, Total: 5702876 ns
[1723.601s][info ][safepoint      ] Safepoint "Cleanup", Time since last: 15001047113 ns, Reaching safepoint: 32700 ns, At safepoint: 19400 ns, Total: 52100 ns
[1724.601s][info ][safepoint      ] Safepoint "Cleanup", Time since last: 1000093618 ns, Reaching safepoint: 38899 ns, At safepoint: 4400 ns, Total: 43299 ns
[1725.442s][info ][gc,start       ] GC(119) Pause Young (Allocation Failure)
[1725.448s][debug][gc,phases      ] GC(119) Scavenge 6.473ms
[1725.448s][debug][gc,ref         ] GC(119) Skipped phase 1 of Reference Processing: no references
[1725.448s][debug][gc,ref         ] GC(119) ReferenceProcessor::execute queues: 1, RefProcThreadModel::Single, marks_oops_alive: false
[1725.448s][debug][gc,ref         ] GC(119) Skipped phase 3 of Reference Processing: no references
[1725.448s][debug][gc,ref         ] GC(119) Skipped phase 4 of Reference Processing: no references
[1725.448s][debug][gc,phases      ] GC(119) Reference Processing 0.088ms
[1725.449s][debug][gc,phases      ] GC(119)   VM Weak                        Min:  0.0, Avg:  0.0, Max:  0.0, Diff:  0.0, Sum:  0.0, Workers: 4
[1725.449s][debug][gc,phases      ] GC(119)     Dead                           Min: 0, Avg:  0.0, Max: 0, Diff: 0, Sum: 0, Workers: 4
[1725.449s][debug][gc,phases      ] GC(119)     Total                          Min: 0, Avg: 211.5, Max: 576, Diff: 576, Sum: 846, Workers: 4
[1725.449s][debug][gc,phases      ] GC(119)   ObjectSynchronizer Weak        Min:  0.0, Avg:  0.0, Max:  0.0, Diff:  0.0, Sum:  0.0, Workers: 4
[1725.449s][debug][gc,phases      ] GC(119)     Dead                           Min: 0, Avg:  0.0, Max: 0, Diff: 0, Sum: 0, Workers: 4
[1725.449s][debug][gc,phases      ] GC(119)     Total                          Min: 0, Avg: 14.8, Max: 59, Diff: 59, Sum: 59, Workers: 4
[1725.449s][debug][gc,phases      ] GC(119)   JVMTI Tag Weak OopStorage      Min:  0.0, Avg:  0.0, Max:  0.0, Diff:  0.0, Sum:  0.0, Workers: 4
[1725.449s][debug][gc,phases      ] GC(119)     Dead                           Min: 0, Avg:  0.0, Max: 0, Diff: 0, Sum: 0, Workers: 4
[1725.449s][debug][gc,phases      ] GC(119)     Total                          Min: 0, Avg:  0.0, Max: 0, Diff: 0, Sum: 0, Workers: 4
[1725.449s][debug][gc,phases      ] GC(119)   StringTable Weak               Min:  0.0, Avg:  0.1, Max:  0.2, Diff:  0.2, Sum:  0.3, Workers: 4
[1725.449s][debug][gc,phases      ] GC(119)     Dead                           Min: 0, Avg:  0.0, Max: 0, Diff: 0, Sum: 0, Workers: 4
[1725.449s][debug][gc,phases      ] GC(119)     Total                          Min: 0, Avg: 11030.8, Max: 27163, Diff: 27163, Sum: 44123, Workers: 4
[1725.449s][debug][gc,phases      ] GC(119)   ResolvedMethodTable Weak       Min:  0.0, Avg:  0.0, Max:  0.0, Diff:  0.0, Sum:  0.1, Workers: 4
[1725.449s][debug][gc,phases      ] GC(119)     Dead                           Min: 0, Avg:  0.0, Max: 0, Diff: 0, Sum: 0, Workers: 4
[1725.449s][debug][gc,phases      ] GC(119)     Total                          Min: 0, Avg: 2431.2, Max: 5885, Diff: 5885, Sum: 9725, Workers: 4
[1725.449s][debug][gc,phases      ] GC(119)   JNI Weak                       Min:  0.0, Avg:  0.0, Max:  0.0, Diff:  0.0, Sum:  0.0, Workers: 4
[1725.449s][debug][gc,phases      ] GC(119)     Dead                           Min: 0, Avg:  0.0, Max: 0, Diff: 0, Sum: 0, Workers: 4
[1725.449s][debug][gc,phases      ] GC(119)     Total                          Min: 0, Avg: 11.2, Max: 45, Diff: 45, Sum: 45, Workers: 4
[1725.449s][debug][gc,phases      ] GC(119)   StringDedup Table Weak         Min:  0.0, Avg:  0.0, Max:  0.0, Diff:  0.0, Sum:  0.0, Workers: 4
[1725.449s][debug][gc,phases      ] GC(119)     Dead                           Min: 0, Avg:  0.0, Max: 0, Diff: 0, Sum: 0, Workers: 4
[1725.449s][debug][gc,phases      ] GC(119)     Total                          Min: 0, Avg:  0.0, Max: 0, Diff: 0, Sum: 0, Workers: 4
[1725.449s][debug][gc,phases      ] GC(119)   StringDedup Requests0 Weak     Min:  0.0, Avg:  0.0, Max:  0.0, Diff:  0.0, Sum:  0.0, Workers: 4
[1725.449s][debug][gc,phases      ] GC(119)     Dead                           Min: 0, Avg:  0.0, Max: 0, Diff: 0, Sum: 0, Workers: 4
[1725.449s][debug][gc,phases      ] GC(119)     Total                          Min: 0, Avg:  0.0, Max: 0, Diff: 0, Sum: 0, Workers: 4
[1725.449s][debug][gc,phases      ] GC(119)   StringDedup Requests1 Weak     Min:  0.0, Avg:  0.0, Max:  0.0, Diff:  0.0, Sum:  0.0, Workers: 4
[1725.449s][debug][gc,phases      ] GC(119)     Dead                           Min: 0, Avg:  0.0, Max: 0, Diff: 0, Sum: 0, Workers: 4
[1725.449s][debug][gc,phases      ] GC(119)     Total                          Min: 0, Avg:  0.0, Max: 0, Diff: 0, Sum: 0, Workers: 4
[1725.449s][debug][gc,phases      ] GC(119)   Weak JFR Old Object Samples    Min:  0.0, Avg:  0.0, Max:  0.0, Diff:  0.0, Sum:  0.0, Workers: 4
[1725.449s][debug][gc,phases      ] GC(119)     Dead                           Min: 0, Avg:  0.0, Max: 0, Diff: 0, Sum: 0, Workers: 4
[1725.449s][debug][gc,phases      ] GC(119)     Total                          Min: 0, Avg:  0.0, Max: 0, Diff: 0, Sum: 0, Workers: 4
[1725.449s][debug][gc,phases      ] GC(119) Weak Processing 0.366ms
[1725.449s][debug][gc,age         ] GC(119) Desired survivor size 3145728 bytes, new threshold 15 (max threshold 15)
[1725.449s][info ][gc,heap        ] GC(119) PSYoungGen: 2091872K(2093568K)->1264K(2094080K) Eden: 2090496K(2090496K)->0K(2091008K) From: 1376K(3072K)->1264K(3072K)
[1725.449s][info ][gc,heap        ] GC(119) ParOldGen: 360092K(458752K)->360108K(458752K)
[1725.449s][info ][gc,metaspace   ] GC(119) Metaspace: 82702K(83712K)->82702K(83712K) NonClass: 70827K(71360K)->70827K(71360K) Class: 11874K(12352K)->11874K(12352K)
[1725.449s][info ][gc             ] GC(119) Pause Young (Allocation Failure) 2394M->352M(2493M) 7.054ms
[1725.449s][info ][gc,cpu         ] GC(119) User=0.01s Sys=0.01s Real=0.01s
[1725.449s][info ][safepoint      ] Safepoint "ParallelGCFailedAllocation", Time since last: 840918584 ns, Reaching safepoint: 70199 ns, At safepoint: 7148770 ns, Total: 7218969 ns
[1735.450s][info ][safepoint      ] Safepoint "Cleanup", Time since last: 10000691904 ns, Reaching safepoint: 48999 ns, At safepoint: 5700 ns, Total: 54699 ns
[1742.500s][info ][gc,start       ] GC(120) Pause Young (Allocation Failure)
[1742.506s][debug][gc,phases      ] GC(120) Scavenge 5.193ms
[1742.506s][debug][gc,ref         ] GC(120) Skipped phase 1 of Reference Processing: no references
[1742.506s][debug][gc,ref         ] GC(120) ReferenceProcessor::execute queues: 1, RefProcThreadModel::Single, marks_oops_alive: false
[1742.506s][debug][gc,ref         ] GC(120) Skipped phase 3 of Reference Processing: no references
[1742.506s][debug][gc,ref         ] GC(120) Skipped phase 4 of Reference Processing: no references
[1742.506s][debug][gc,phases      ] GC(120) Reference Processing 0.091ms
[1742.506s][debug][gc,phases      ] GC(120)   VM Weak                        Min:  0.0, Avg:  0.0, Max:  0.0, Diff:  0.0, Sum:  0.0, Workers: 4
[1742.506s][debug][gc,phases      ] GC(120)     Dead                           Min: 0, Avg:  0.0, Max: 0, Diff: 0, Sum: 0, Workers: 4
[1742.506s][debug][gc,phases      ] GC(120)     Total                          Min: 0, Avg: 211.5, Max: 448, Diff: 448, Sum: 846, Workers: 4
[1742.506s][debug][gc,phases      ] GC(120)   ObjectSynchronizer Weak        Min:  0.0, Avg:  0.0, Max:  0.0, Diff:  0.0, Sum:  0.0, Workers: 4
[1742.506s][debug][gc,phases      ] GC(120)     Dead                           Min: 0, Avg:  0.0, Max: 0, Diff: 0, Sum: 0, Workers: 4
[1742.506s][debug][gc,phases      ] GC(120)     Total                          Min: 0, Avg: 14.8, Max: 59, Diff: 59, Sum: 59, Workers: 4
[1742.506s][debug][gc,phases      ] GC(120)   JVMTI Tag Weak OopStorage      Min:  0.0, Avg:  0.0, Max:  0.0, Diff:  0.0, Sum:  0.0, Workers: 4
[1742.506s][debug][gc,phases      ] GC(120)     Dead                           Min: 0, Avg:  0.0, Max: 0, Diff: 0, Sum: 0, Workers: 4
[1742.506s][debug][gc,phases      ] GC(120)     Total                          Min: 0, Avg:  0.0, Max: 0, Diff: 0, Sum: 0, Workers: 4
[1742.506s][debug][gc,phases      ] GC(120)   StringTable Weak               Min:  0.0, Avg:  0.1, Max:  0.2, Diff:  0.2, Sum:  0.3, Workers: 4
[1742.506s][debug][gc,phases      ] GC(120)     Dead                           Min: 0, Avg:  0.0, Max: 0, Diff: 0, Sum: 0, Workers: 4
[1742.506s][debug][gc,phases      ] GC(120)     Total                          Min: 0, Avg: 11030.8, Max: 27392, Diff: 27392, Sum: 44123, Workers: 4
[1742.506s][debug][gc,phases      ] GC(120)   ResolvedMethodTable Weak       Min:  0.0, Avg:  0.0, Max:  0.0, Diff:  0.0, Sum:  0.1, Workers: 4
[1742.506s][debug][gc,phases      ] GC(120)     Dead                           Min: 0, Avg:  0.0, Max: 0, Diff: 0, Sum: 0, Workers: 4
[1742.506s][debug][gc,phases      ] GC(120)     Total                          Min: 0, Avg: 2431.2, Max: 5949, Diff: 5949, Sum: 9725, Workers: 4
[1742.506s][debug][gc,phases      ] GC(120)   JNI Weak                       Min:  0.0, Avg:  0.0, Max:  0.0, Diff:  0.0, Sum:  0.0, Workers: 4
[1742.506s][debug][gc,phases      ] GC(120)     Dead                           Min: 0, Avg:  0.0, Max: 0, Diff: 0, Sum: 0, Workers: 4
[1742.506s][debug][gc,phases      ] GC(120)     Total                          Min: 0, Avg: 11.2, Max: 45, Diff: 45, Sum: 45, Workers: 4
[1742.506s][debug][gc,phases      ] GC(120)   StringDedup Table Weak         Min:  0.0, Avg:  0.0, Max:  0.0, Diff:  0.0, Sum:  0.0, Workers: 4
[1742.506s][debug][gc,phases      ] GC(120)     Dead                           Min: 0, Avg:  0.0, Max: 0, Diff: 0, Sum: 0, Workers: 4
[1742.506s][debug][gc,phases      ] GC(120)     Total                          Min: 0, Avg:  0.0, Max: 0, Diff: 0, Sum: 0, Workers: 4
[1742.506s][debug][gc,phases      ] GC(120)   StringDedup Requests0 Weak     Min:  0.0, Avg:  0.0, Max:  0.0, Diff:  0.0, Sum:  0.0, Workers: 4
[1742.506s][debug][gc,phases      ] GC(120)     Dead                           Min: 0, Avg:  0.0, Max: 0, Diff: 0, Sum: 0, Workers: 4
[1742.506s][debug][gc,phases      ] GC(120)     Total                          Min: 0, Avg:  0.0, Max: 0, Diff: 0, Sum: 0, Workers: 4
[1742.506s][debug][gc,phases      ] GC(120)   StringDedup Requests1 Weak     Min:  0.0, Avg:  0.0, Max:  0.0, Diff:  0.0, Sum:  0.0, Workers: 4
[1742.506s][debug][gc,phases      ] GC(120)     Dead                           Min: 0, Avg:  0.0, Max: 0, Diff: 0, Sum: 0, Workers: 4
[1742.506s][debug][gc,phases      ] GC(120)     Total                          Min: 0, Avg:  0.0, Max: 0, Diff: 0, Sum: 0, Workers: 4
[1742.506s][debug][gc,phases      ] GC(120)   Weak JFR Old Object Samples    Min:  0.0, Avg:  0.0, Max:  0.0, Diff:  0.0, Sum:  0.0, Workers: 4
[1742.506s][debug][gc,phases      ] GC(120)     Dead                           Min: 0, Avg:  0.0, Max: 0, Diff: 0, Sum: 0, Workers: 4
[1742.506s][debug][gc,phases      ] GC(120)     Total                          Min: 0, Avg:  0.0, Max: 0, Diff: 0, Sum: 0, Workers: 4
[1742.506s][debug][gc,phases      ] GC(120) Weak Processing 0.389ms
[1742.506s][debug][gc,age         ] GC(120) Desired survivor size 2621440 bytes, new threshold 15 (max threshold 15)
[1742.506s][info ][gc,heap        ] GC(120) PSYoungGen: 2092272K(2094080K)->1312K(2094080K) Eden: 2091008K(2091008K)->0K(2091008K) From: 1264K(3072K)->1312K(3072K)
[1742.506s][info ][gc,heap        ] GC(120) ParOldGen: 360108K(458752K)->360116K(458752K)
[1742.506s][info ][gc,metaspace   ] GC(120) Metaspace: 82706K(83712K)->82706K(83712K) NonClass: 70832K(71360K)->70832K(71360K) Class: 11874K(12352K)->11874K(12352K)
[1742.506s][info ][gc             ] GC(120) Pause Young (Allocation Failure) 2394M->352M(2493M) 5.784ms
[1742.506s][info ][gc,cpu         ] GC(120) User=0.01s Sys=0.00s Real=0.01s
[1742.506s][info ][safepoint      ] Safepoint "ParallelGCFailedAllocation", Time since last: 7050747667 ns, Reaching safepoint: 22200 ns, At safepoint: 5850076 ns, Total: 5872276 ns
[1748.507s][info ][safepoint      ] Safepoint "Cleanup", Time since last: 6000432291 ns, Reaching safepoint: 42500 ns, At safepoint: 2900 ns, Total: 45400 ns
[1750.507s][info ][safepoint      ] Safepoint "Cleanup", Time since last: 2000148714 ns, Reaching safepoint: 44900 ns, At safepoint: 2500 ns, Total: 47400 ns
[1758.748s][info ][gc,start       ] GC(121) Pause Young (Allocation Failure)
[1758.755s][debug][gc,phases      ] GC(121) Scavenge 6.519ms
[1758.755s][debug][gc,ref         ] GC(121) Skipped phase 1 of Reference Processing: no references
[1758.755s][debug][gc,ref         ] GC(121) ReferenceProcessor::execute queues: 1, RefProcThreadModel::Single, marks_oops_alive: false
[1758.755s][debug][gc,ref         ] GC(121) Skipped phase 3 of Reference Processing: no references
[1758.755s][debug][gc,ref         ] GC(121) Skipped phase 4 of Reference Processing: no references
[1758.755s][debug][gc,phases      ] GC(121) Reference Processing 0.089ms
[1758.755s][debug][gc,phases      ] GC(121)   VM Weak                        Min:  0.0, Avg:  0.0, Max:  0.0, Diff:  0.0, Sum:  0.0, Workers: 4
[1758.755s][debug][gc,phases      ] GC(121)     Dead                           Min: 0, Avg:  0.0, Max: 0, Diff: 0, Sum: 0, Workers: 4
[1758.755s][debug][gc,phases      ] GC(121)     Total                          Min: 0, Avg: 211.5, Max: 448, Diff: 448, Sum: 846, Workers: 4
[1758.755s][debug][gc,phases      ] GC(121)   ObjectSynchronizer Weak        Min:  0.0, Avg:  0.0, Max:  0.0, Diff:  0.0, Sum:  0.0, Workers: 4
[1758.755s][debug][gc,phases      ] GC(121)     Dead                           Min: 0, Avg:  0.0, Max: 0, Diff: 0, Sum: 0, Workers: 4
[1758.755s][debug][gc,phases      ] GC(121)     Total                          Min: 0, Avg: 14.8, Max: 59, Diff: 59, Sum: 59, Workers: 4
[1758.755s][debug][gc,phases      ] GC(121)   JVMTI Tag Weak OopStorage      Min:  0.0, Avg:  0.0, Max:  0.0, Diff:  0.0, Sum:  0.0, Workers: 4
[1758.755s][debug][gc,phases      ] GC(121)     Dead                           Min: 0, Avg:  0.0, Max: 0, Diff: 0, Sum: 0, Workers: 4
[1758.755s][debug][gc,phases      ] GC(121)     Total                          Min: 0, Avg:  0.0, Max: 0, Diff: 0, Sum: 0, Workers: 4
[1758.755s][debug][gc,phases      ] GC(121)   StringTable Weak               Min:  0.0, Avg:  0.1, Max:  0.1, Diff:  0.1, Sum:  0.4, Workers: 4
[1758.755s][debug][gc,phases      ] GC(121)     Dead                           Min: 0, Avg:  0.0, Max: 0, Diff: 0, Sum: 0, Workers: 4
[1758.755s][debug][gc,phases      ] GC(121)     Total                          Min: 0, Avg: 11030.8, Max: 14912, Diff: 14912, Sum: 44123, Workers: 4
[1758.755s][debug][gc,phases      ] GC(121)   ResolvedMethodTable Weak       Min:  0.0, Avg:  0.0, Max:  0.0, Diff:  0.0, Sum:  0.1, Workers: 4
[1758.755s][debug][gc,phases      ] GC(121)     Dead                           Min: 0, Avg:  0.0, Max: 0, Diff: 0, Sum: 0, Workers: 4
[1758.755s][debug][gc,phases      ] GC(121)     Total                          Min: 0, Avg: 2431.2, Max: 3581, Diff: 3581, Sum: 9725, Workers: 4
[1758.755s][debug][gc,phases      ] GC(121)   JNI Weak                       Min:  0.0, Avg:  0.0, Max:  0.0, Diff:  0.0, Sum:  0.0, Workers: 4
[1758.755s][debug][gc,phases      ] GC(121)     Dead                           Min: 0, Avg:  0.0, Max: 0, Diff: 0, Sum: 0, Workers: 4
[1758.755s][debug][gc,phases      ] GC(121)     Total                          Min: 0, Avg: 11.2, Max: 45, Diff: 45, Sum: 45, Workers: 4
[1758.755s][debug][gc,phases      ] GC(121)   StringDedup Table Weak         Min:  0.0, Avg:  0.0, Max:  0.0, Diff:  0.0, Sum:  0.0, Workers: 4
[1758.755s][debug][gc,phases      ] GC(121)     Dead                           Min: 0, Avg:  0.0, Max: 0, Diff: 0, Sum: 0, Workers: 4
[1758.755s][debug][gc,phases      ] GC(121)     Total                          Min: 0, Avg:  0.0, Max: 0, Diff: 0, Sum: 0, Workers: 4
[1758.755s][debug][gc,phases      ] GC(121)   StringDedup Requests0 Weak     Min:  0.0, Avg:  0.0, Max:  0.0, Diff:  0.0, Sum:  0.0, Workers: 4
[1758.755s][debug][gc,phases      ] GC(121)     Dead                           Min: 0, Avg:  0.0, Max: 0, Diff: 0, Sum: 0, Workers: 4
[1758.755s][debug][gc,phases      ] GC(121)     Total                          Min: 0, Avg:  0.0, Max: 0, Diff: 0, Sum: 0, Workers: 4
[1758.755s][debug][gc,phases      ] GC(121)   StringDedup Requests1 Weak     Min:  0.0, Avg:  0.0, Max:  0.0, Diff:  0.0, Sum:  0.0, Workers: 4
[1758.755s][debug][gc,phases      ] GC(121)     Dead                           Min: 0, Avg:  0.0, Max: 0, Diff: 0, Sum: 0, Workers: 4
[1758.755s][debug][gc,phases      ] GC(121)     Total                          Min: 0, Avg:  0.0, Max: 0, Diff: 0, Sum: 0, Workers: 4
[1758.755s][debug][gc,phases      ] GC(121)   Weak JFR Old Object Samples    Min:  0.0, Avg:  0.0, Max:  0.0, Diff:  0.0, Sum:  0.0, Workers: 4
[1758.755s][debug][gc,phases      ] GC(121)     Dead                           Min: 0, Avg:  0.0, Max: 0, Diff: 0, Sum: 0, Workers: 4
[1758.755s][debug][gc,phases      ] GC(121)     Total                          Min: 0, Avg:  0.0, Max: 0, Diff: 0, Sum: 0, Workers: 4
[1758.755s][debug][gc,phases      ] GC(121) Weak Processing 0.320ms
[1758.755s][debug][gc,age         ] GC(121) Desired survivor size 2621440 bytes, new threshold 15 (max threshold 15)
[1758.755s][info ][gc,heap        ] GC(121) PSYoungGen: 2092320K(2094080K)->1376K(2094592K) Eden: 2091008K(2091008K)->0K(2092032K) From: 1312K(3072K)->1376K(2560K)
[1758.755s][info ][gc,heap        ] GC(121) ParOldGen: 360116K(458752K)->360124K(458752K)
[1758.755s][info ][gc,metaspace   ] GC(121) Metaspace: 82720K(83776K)->82720K(83776K) NonClass: 70845K(71424K)->70845K(71424K) Class: 11874K(12352K)->11874K(12352K)
[1758.755s][info ][gc             ] GC(121) Pause Young (Allocation Failure) 2394M->353M(2493M) 7.049ms
[1758.755s][info ][gc,cpu         ] GC(121) User=0.01s Sys=0.00s Real=0.01s
[1758.756s][info ][safepoint      ] Safepoint "ParallelGCFailedAllocation", Time since last: 8241427696 ns, Reaching safepoint: 32800 ns, At safepoint: 7114271 ns, Total: 7147071 ns
[1774.798s][info ][gc,start       ] GC(122) Pause Young (Allocation Failure)
[1774.803s][debug][gc,phases      ] GC(122) Scavenge 5.114ms
[1774.803s][debug][gc,ref         ] GC(122) Skipped phase 1 of Reference Processing: no references
[1774.803s][debug][gc,ref         ] GC(122) ReferenceProcessor::execute queues: 1, RefProcThreadModel::Single, marks_oops_alive: false
[1774.803s][debug][gc,ref         ] GC(122) Skipped phase 3 of Reference Processing: no references
[1774.803s][debug][gc,ref         ] GC(122) Skipped phase 4 of Reference Processing: no references
[1774.803s][debug][gc,phases      ] GC(122) Reference Processing 0.088ms
[1774.804s][debug][gc,phases      ] GC(122)   VM Weak                        Min:  0.0, Avg:  0.0, Max:  0.0, Diff:  0.0, Sum:  0.0, Workers: 4
[1774.804s][debug][gc,phases      ] GC(122)     Dead                           Min: 0, Avg:  0.0, Max: 0, Diff: 0, Sum: 0, Workers: 4
[1774.804s][debug][gc,phases      ] GC(122)     Total                          Min: 0, Avg: 211.5, Max: 576, Diff: 576, Sum: 846, Workers: 4
[1774.804s][debug][gc,phases      ] GC(122)   ObjectSynchronizer Weak        Min:  0.0, Avg:  0.0, Max:  0.0, Diff:  0.0, Sum:  0.0, Workers: 4
[1774.804s][debug][gc,phases      ] GC(122)     Dead                           Min: 0, Avg:  0.0, Max: 0, Diff: 0, Sum: 0, Workers: 4
[1774.804s][debug][gc,phases      ] GC(122)     Total                          Min: 0, Avg: 14.8, Max: 59, Diff: 59, Sum: 59, Workers: 4
[1774.804s][debug][gc,phases      ] GC(122)   JVMTI Tag Weak OopStorage      Min:  0.0, Avg:  0.0, Max:  0.0, Diff:  0.0, Sum:  0.0, Workers: 4
[1774.804s][debug][gc,phases      ] GC(122)     Dead                           Min: 0, Avg:  0.0, Max: 0, Diff: 0, Sum: 0, Workers: 4
[1774.804s][debug][gc,phases      ] GC(122)     Total                          Min: 0, Avg:  0.0, Max: 0, Diff: 0, Sum: 0, Workers: 4
[1774.804s][debug][gc,phases      ] GC(122)   StringTable Weak               Min:  0.0, Avg:  0.1, Max:  0.2, Diff:  0.2, Sum:  0.3, Workers: 4
[1774.804s][debug][gc,phases      ] GC(122)     Dead                           Min: 0, Avg:  0.0, Max: 0, Diff: 0, Sum: 0, Workers: 4
[1774.804s][debug][gc,phases      ] GC(122)     Total                          Min: 0, Avg: 11031.0, Max: 25408, Diff: 25408, Sum: 44124, Workers: 4
[1774.804s][debug][gc,phases      ] GC(122)   ResolvedMethodTable Weak       Min:  0.0, Avg:  0.0, Max:  0.0, Diff:  0.0, Sum:  0.1, Workers: 4
[1774.804s][debug][gc,phases      ] GC(122)     Dead                           Min: 0, Avg:  0.0, Max: 0, Diff: 0, Sum: 0, Workers: 4
[1774.804s][debug][gc,phases      ] GC(122)     Total                          Min: 0, Avg: 2431.2, Max: 5693, Diff: 5693, Sum: 9725, Workers: 4
[1774.804s][debug][gc,phases      ] GC(122)   JNI Weak                       Min:  0.0, Avg:  0.0, Max:  0.0, Diff:  0.0, Sum:  0.0, Workers: 4
[1774.804s][debug][gc,phases      ] GC(122)     Dead                           Min: 0, Avg:  0.0, Max: 0, Diff: 0, Sum: 0, Workers: 4
[1774.804s][debug][gc,phases      ] GC(122)     Total                          Min: 0, Avg: 11.2, Max: 45, Diff: 45, Sum: 45, Workers: 4
[1774.804s][debug][gc,phases      ] GC(122)   StringDedup Table Weak         Min:  0.0, Avg:  0.0, Max:  0.0, Diff:  0.0, Sum:  0.0, Workers: 4
[1774.804s][debug][gc,phases      ] GC(122)     Dead                           Min: 0, Avg:  0.0, Max: 0, Diff: 0, Sum: 0, Workers: 4
[1774.804s][debug][gc,phases      ] GC(122)     Total                          Min: 0, Avg:  0.0, Max: 0, Diff: 0, Sum: 0, Workers: 4
[1774.804s][debug][gc,phases      ] GC(122)   StringDedup Requests0 Weak     Min:  0.0, Avg:  0.0, Max:  0.0, Diff:  0.0, Sum:  0.0, Workers: 4
[1774.804s][debug][gc,phases      ] GC(122)     Dead                           Min: 0, Avg:  0.0, Max: 0, Diff: 0, Sum: 0, Workers: 4
[1774.804s][debug][gc,phases      ] GC(122)     Total                          Min: 0, Avg:  0.0, Max: 0, Diff: 0, Sum: 0, Workers: 4
[1774.804s][debug][gc,phases      ] GC(122)   StringDedup Requests1 Weak     Min:  0.0, Avg:  0.0, Max:  0.0, Diff:  0.0, Sum:  0.0, Workers: 4
[1774.804s][debug][gc,phases      ] GC(122)     Dead                           Min: 0, Avg:  0.0, Max: 0, Diff: 0, Sum: 0, Workers: 4
[1774.804s][debug][gc,phases      ] GC(122)     Total                          Min: 0, Avg:  0.0, Max: 0, Diff: 0, Sum: 0, Workers: 4
[1774.804s][debug][gc,phases      ] GC(122)   Weak JFR Old Object Samples    Min:  0.0, Avg:  0.0, Max:  0.0, Diff:  0.0, Sum:  0.0, Workers: 4
[1774.804s][debug][gc,phases      ] GC(122)     Dead                           Min: 0, Avg:  0.0, Max: 0, Diff: 0, Sum: 0, Workers: 4
[1774.804s][debug][gc,phases      ] GC(122)     Total                          Min: 0, Avg:  0.0, Max: 0, Diff: 0, Sum: 0, Workers: 4
[1774.804s][debug][gc,phases      ] GC(122) Weak Processing 0.381ms
[1774.804s][debug][gc,age         ] GC(122) Desired survivor size 2621440 bytes, new threshold 15 (max threshold 15)
[1774.804s][info ][gc,heap        ] GC(122) PSYoungGen: 2093408K(2094592K)->1440K(2094592K) Eden: 2092032K(2092032K)->0K(2092032K) From: 1376K(2560K)->1440K(2560K)
[1774.804s][info ][gc,heap        ] GC(122) ParOldGen: 360124K(458752K)->360156K(458752K)
[1774.804s][info ][gc,metaspace   ] GC(122) Metaspace: 82721K(83776K)->82721K(83776K) NonClass: 70847K(71424K)->70847K(71424K) Class: 11874K(12352K)->11874K(12352K)
[1774.804s][info ][gc             ] GC(122) Pause Young (Allocation Failure) 2396M->353M(2493M) 5.694ms
[1774.804s][info ][gc,cpu         ] GC(122) User=0.01s Sys=0.00s Real=0.00s
[1774.804s][info ][safepoint      ] Safepoint "ParallelGCFailedAllocation", Time since last: 16042390913 ns, Reaching safepoint: 47900 ns, At safepoint: 5764275 ns, Total: 5812175 ns
[1783.804s][info ][safepoint      ] Safepoint "Cleanup", Time since last: 9000592790 ns, Reaching safepoint: 37999 ns, At safepoint: 3000 ns, Total: 40999 ns
[1791.805s][info ][safepoint      ] Safepoint "Cleanup", Time since last: 8000619879 ns, Reaching safepoint: 133300 ns, At safepoint: 7200 ns, Total: 140500 ns
[1791.809s][info ][gc,start       ] GC(123) Pause Young (Allocation Failure)
[1791.815s][debug][gc,phases      ] GC(123) Scavenge 5.216ms
[1791.815s][debug][gc,ref         ] GC(123) Skipped phase 1 of Reference Processing: no references
[1791.815s][debug][gc,ref         ] GC(123) ReferenceProcessor::execute queues: 1, RefProcThreadModel::Single, marks_oops_alive: false
[1791.815s][debug][gc,ref         ] GC(123) Skipped phase 3 of Reference Processing: no references
[1791.815s][debug][gc,ref         ] GC(123) Skipped phase 4 of Reference Processing: no references
[1791.815s][debug][gc,phases      ] GC(123) Reference Processing 0.079ms
[1791.815s][debug][gc,phases      ] GC(123)   VM Weak                        Min:  0.0, Avg:  0.0, Max:  0.0, Diff:  0.0, Sum:  0.0, Workers: 4
[1791.815s][debug][gc,phases      ] GC(123)     Dead                           Min: 0, Avg:  0.0, Max: 0, Diff: 0, Sum: 0, Workers: 4
[1791.815s][debug][gc,phases      ] GC(123)     Total                          Min: 0, Avg: 211.5, Max: 590, Diff: 590, Sum: 846, Workers: 4
[1791.815s][debug][gc,phases      ] GC(123)   ObjectSynchronizer Weak        Min:  0.0, Avg:  0.0, Max:  0.0, Diff:  0.0, Sum:  0.0, Workers: 4
[1791.815s][debug][gc,phases      ] GC(123)     Dead                           Min: 0, Avg:  0.0, Max: 0, Diff: 0, Sum: 0, Workers: 4
[1791.815s][debug][gc,phases      ] GC(123)     Total                          Min: 0, Avg: 14.8, Max: 59, Diff: 59, Sum: 59, Workers: 4
[1791.815s][debug][gc,phases      ] GC(123)   JVMTI Tag Weak OopStorage      Min:  0.0, Avg:  0.0, Max:  0.0, Diff:  0.0, Sum:  0.0, Workers: 4
[1791.815s][debug][gc,phases      ] GC(123)     Dead                           Min: 0, Avg:  0.0, Max: 0, Diff: 0, Sum: 0, Workers: 4
[1791.815s][debug][gc,phases      ] GC(123)     Total                          Min: 0, Avg:  0.0, Max: 0, Diff: 0, Sum: 0, Workers: 4
[1791.815s][debug][gc,phases      ] GC(123)   StringTable Weak               Min:  0.0, Avg:  0.1, Max:  0.1, Diff:  0.1, Sum:  0.3, Workers: 4
[1791.815s][debug][gc,phases      ] GC(123)     Dead                           Min: 0, Avg:  0.0, Max: 0, Diff: 0, Sum: 0, Workers: 4
[1791.815s][debug][gc,phases      ] GC(123)     Total                          Min: 0, Avg: 11031.0, Max: 18076, Diff: 18076, Sum: 44124, Workers: 4
[1791.815s][debug][gc,phases      ] GC(123)   ResolvedMethodTable Weak       Min:  0.0, Avg:  0.0, Max:  0.0, Diff:  0.0, Sum:  0.1, Workers: 4
[1791.815s][debug][gc,phases      ] GC(123)     Dead                           Min: 0, Avg:  0.0, Max: 0, Diff: 0, Sum: 0, Workers: 4
[1791.815s][debug][gc,phases      ] GC(123)     Total                          Min: 0, Avg: 2431.2, Max: 4160, Diff: 4160, Sum: 9725, Workers: 4
[1791.815s][debug][gc,phases      ] GC(123)   JNI Weak                       Min:  0.0, Avg:  0.0, Max:  0.0, Diff:  0.0, Sum:  0.0, Workers: 4
[1791.815s][debug][gc,phases      ] GC(123)     Dead                           Min: 0, Avg:  0.0, Max: 0, Diff: 0, Sum: 0, Workers: 4
[1791.815s][debug][gc,phases      ] GC(123)     Total                          Min: 0, Avg: 11.2, Max: 45, Diff: 45, Sum: 45, Workers: 4
[1791.815s][debug][gc,phases      ] GC(123)   StringDedup Table Weak         Min:  0.0, Avg:  0.0, Max:  0.0, Diff:  0.0, Sum:  0.0, Workers: 4
[1791.815s][debug][gc,phases      ] GC(123)     Dead                           Min: 0, Avg:  0.0, Max: 0, Diff: 0, Sum: 0, Workers: 4
[1791.815s][debug][gc,phases      ] GC(123)     Total                          Min: 0, Avg:  0.0, Max: 0, Diff: 0, Sum: 0, Workers: 4
[1791.815s][debug][gc,phases      ] GC(123)   StringDedup Requests0 Weak     Min:  0.0, Avg:  0.0, Max:  0.0, Diff:  0.0, Sum:  0.0, Workers: 4
[1791.815s][debug][gc,phases      ] GC(123)     Dead                           Min: 0, Avg:  0.0, Max: 0, Diff: 0, Sum: 0, Workers: 4
[1791.815s][debug][gc,phases      ] GC(123)     Total                          Min: 0, Avg:  0.0, Max: 0, Diff: 0, Sum: 0, Workers: 4
[1791.815s][debug][gc,phases      ] GC(123)   StringDedup Requests1 Weak     Min:  0.0, Avg:  0.0, Max:  0.0, Diff:  0.0, Sum:  0.0, Workers: 4
[1791.815s][debug][gc,phases      ] GC(123)     Dead                           Min: 0, Avg:  0.0, Max: 0, Diff: 0, Sum: 0, Workers: 4
[1791.815s][debug][gc,phases      ] GC(123)     Total                          Min: 0, Avg:  0.0, Max: 0, Diff: 0, Sum: 0, Workers: 4
[1791.815s][debug][gc,phases      ] GC(123)   Weak JFR Old Object Samples    Min:  0.0, Avg:  0.0, Max:  0.0, Diff:  0.0, Sum:  0.0, Workers: 4
[1791.815s][debug][gc,phases      ] GC(123)     Dead                           Min: 0, Avg:  0.0, Max: 0, Diff: 0, Sum: 0, Workers: 4
[1791.815s][debug][gc,phases      ] GC(123)     Total                          Min: 0, Avg:  0.0, Max: 0, Diff: 0, Sum: 0, Workers: 4
[1791.815s][debug][gc,phases      ] GC(123) Weak Processing 0.317ms
[1791.815s][debug][gc,age         ] GC(123) Desired survivor size 4194304 bytes, new threshold 14 (max threshold 15)
[1791.815s][info ][gc,heap        ] GC(123) PSYoungGen: 2093472K(2094592K)->2544K(2091520K) Eden: 2092032K(2092032K)->0K(2088960K) From: 1440K(2560K)->2544K(2560K)
[1791.815s][info ][gc,heap        ] GC(123) ParOldGen: 360156K(458752K)->362638K(458752K)
[1791.815s][info ][gc,metaspace   ] GC(123) Metaspace: 82723K(83776K)->82723K(83776K) NonClass: 70849K(71424K)->70849K(71424K) Class: 11874K(12352K)->11874K(12352K)
[1791.815s][info ][gc             ] GC(123) Pause Young (Allocation Failure) 2396M->356M(2490M) 5.705ms
[1791.815s][info ][gc,cpu         ] GC(123) User=0.02s Sys=0.01s Real=0.01s
[1791.815s][info ][safepoint      ] Safepoint "ParallelGCFailedAllocation", Time since last: 4048684 ns, Reaching safepoint: 92500 ns, At safepoint: 5770677 ns, Total: 5863177 ns
[1796.815s][info ][safepoint      ] Safepoint "Cleanup", Time since last: 5000330840 ns, Reaching safepoint: 39400 ns, At safepoint: 2700 ns, Total: 42100 ns
[1800.816s][info ][safepoint      ] Safepoint "Cleanup", Time since last: 4000288073 ns, Reaching safepoint: 121899 ns, At safepoint: 5600 ns, Total: 127499 ns
[1802.816s][info ][safepoint      ] Safepoint "Cleanup", Time since last: 2000165890 ns, Reaching safepoint: 44400 ns, At safepoint: 3600 ns, Total: 48000 ns
[1804.816s][info ][safepoint      ] Safepoint "Cleanup", Time since last: 2000163192 ns, Reaching safepoint: 38000 ns, At safepoint: 5700 ns, Total: 43700 ns
[1807.816s][info ][safepoint      ] Safepoint "Cleanup", Time since last: 3000183189 ns, Reaching safepoint: 45300 ns, At safepoint: 3400 ns, Total: 48700 ns
[1809.285s][info ][gc,start       ] GC(124) Pause Young (Allocation Failure)
[1809.290s][debug][gc,phases      ] GC(124) Scavenge 5.345ms
[1809.290s][debug][gc,ref         ] GC(124) Skipped phase 1 of Reference Processing: no references
[1809.290s][debug][gc,ref         ] GC(124) ReferenceProcessor::execute queues: 1, RefProcThreadModel::Single, marks_oops_alive: false
[1809.290s][debug][gc,ref         ] GC(124) Skipped phase 3 of Reference Processing: no references
[1809.290s][debug][gc,ref         ] GC(124) ReferenceProcessor::execute queues: 1, RefProcThreadModel::Single, marks_oops_alive: false
[1809.290s][debug][gc,phases      ] GC(124) Reference Processing 0.093ms
[1809.290s][debug][gc,phases      ] GC(124)   VM Weak                        Min:  0.0, Avg:  0.0, Max:  0.0, Diff:  0.0, Sum:  0.0, Workers: 4
[1809.290s][debug][gc,phases      ] GC(124)     Dead                           Min: 0, Avg:  0.0, Max: 0, Diff: 0, Sum: 0, Workers: 4
[1809.290s][debug][gc,phases      ] GC(124)     Total                          Min: 0, Avg: 211.5, Max: 846, Diff: 846, Sum: 846, Workers: 4
[1809.290s][debug][gc,phases      ] GC(124)   ObjectSynchronizer Weak        Min:  0.0, Avg:  0.0, Max:  0.0, Diff:  0.0, Sum:  0.0, Workers: 4
[1809.291s][debug][gc,phases      ] GC(124)     Dead                           Min: 0, Avg:  0.0, Max: 0, Diff: 0, Sum: 0, Workers: 4
[1809.291s][debug][gc,phases      ] GC(124)     Total                          Min: 0, Avg: 14.8, Max: 59, Diff: 59, Sum: 59, Workers: 4
[1809.291s][debug][gc,phases      ] GC(124)   JVMTI Tag Weak OopStorage      Min:  0.0, Avg:  0.0, Max:  0.0, Diff:  0.0, Sum:  0.0, Workers: 4
[1809.291s][debug][gc,phases      ] GC(124)     Dead                           Min: 0, Avg:  0.0, Max: 0, Diff: 0, Sum: 0, Workers: 4
[1809.291s][debug][gc,phases      ] GC(124)     Total                          Min: 0, Avg:  0.0, Max: 0, Diff: 0, Sum: 0, Workers: 4
[1809.291s][debug][gc,phases      ] GC(124)   StringTable Weak               Min:  0.0, Avg:  0.1, Max:  0.1, Diff:  0.1, Sum:  0.4, Workers: 4
[1809.291s][debug][gc,phases      ] GC(124)     Dead                           Min: 0, Avg:  0.5, Max: 2, Diff: 2, Sum: 2, Workers: 4
[1809.291s][debug][gc,phases      ] GC(124)     Total                          Min: 0, Avg: 11035.5, Max: 14784, Diff: 14784, Sum: 44142, Workers: 4
[1809.291s][debug][gc,phases      ] GC(124)   ResolvedMethodTable Weak       Min:  0.0, Avg:  0.0, Max:  0.0, Diff:  0.0, Sum:  0.1, Workers: 4
[1809.291s][debug][gc,phases      ] GC(124)     Dead                           Min: 0, Avg:  0.0, Max: 0, Diff: 0, Sum: 0, Workers: 4
[1809.291s][debug][gc,phases      ] GC(124)     Total                          Min: 0, Avg: 2438.8, Max: 3328, Diff: 3328, Sum: 9755, Workers: 4
[1809.291s][debug][gc,phases      ] GC(124)   JNI Weak                       Min:  0.0, Avg:  0.0, Max:  0.0, Diff:  0.0, Sum:  0.0, Workers: 4
[1809.291s][debug][gc,phases      ] GC(124)     Dead                           Min: 0, Avg:  0.0, Max: 0, Diff: 0, Sum: 0, Workers: 4
[1809.291s][debug][gc,phases      ] GC(124)     Total                          Min: 0, Avg: 11.2, Max: 45, Diff: 45, Sum: 45, Workers: 4
[1809.291s][debug][gc,phases      ] GC(124)   StringDedup Table Weak         Min:  0.0, Avg:  0.0, Max:  0.0, Diff:  0.0, Sum:  0.0, Workers: 4
[1809.291s][debug][gc,phases      ] GC(124)     Dead                           Min: 0, Avg:  0.0, Max: 0, Diff: 0, Sum: 0, Workers: 4
[1809.291s][debug][gc,phases      ] GC(124)     Total                          Min: 0, Avg:  0.0, Max: 0, Diff: 0, Sum: 0, Workers: 4
[1809.291s][debug][gc,phases      ] GC(124)   StringDedup Requests0 Weak     Min:  0.0, Avg:  0.0, Max:  0.0, Diff:  0.0, Sum:  0.0, Workers: 4
[1809.291s][debug][gc,phases      ] GC(124)     Dead                           Min: 0, Avg:  0.0, Max: 0, Diff: 0, Sum: 0, Workers: 4
[1809.291s][debug][gc,phases      ] GC(124)     Total                          Min: 0, Avg:  0.0, Max: 0, Diff: 0, Sum: 0, Workers: 4
[1809.291s][debug][gc,phases      ] GC(124)   StringDedup Requests1 Weak     Min:  0.0, Avg:  0.0, Max:  0.0, Diff:  0.0, Sum:  0.0, Workers: 4
[1809.291s][debug][gc,phases      ] GC(124)     Dead                           Min: 0, Avg:  0.0, Max: 0, Diff: 0, Sum: 0, Workers: 4
[1809.291s][debug][gc,phases      ] GC(124)     Total                          Min: 0, Avg:  0.0, Max: 0, Diff: 0, Sum: 0, Workers: 4
[1809.291s][debug][gc,phases      ] GC(124)   Weak JFR Old Object Samples    Min:  0.0, Avg:  0.0, Max:  0.0, Diff:  0.0, Sum:  0.0, Workers: 4
[1809.291s][debug][gc,phases      ] GC(124)     Dead                           Min: 0, Avg:  0.0, Max: 0, Diff: 0, Sum: 0, Workers: 4
[1809.291s][debug][gc,phases      ] GC(124)     Total                          Min: 0, Avg:  0.0, Max: 0, Diff: 0, Sum: 0, Workers: 4
[1809.291s][debug][gc,phases      ] GC(124) Weak Processing 0.336ms
[1809.291s][debug][gc,age         ] GC(124) Desired survivor size 3670016 bytes, new threshold 15 (max threshold 15)
[1809.291s][info ][gc,heap        ] GC(124) PSYoungGen: 2091504K(2091520K)->1328K(2093056K) Eden: 2088960K(2088960K)->0K(2088960K) From: 2544K(2560K)->1328K(4096K)
[1809.291s][info ][gc,heap        ] GC(124) ParOldGen: 362638K(458752K)->362646K(458752K)
[1809.291s][info ][gc,metaspace   ] GC(124) Metaspace: 82814K(83776K)->82814K(83776K) NonClass: 70922K(71424K)->70922K(71424K) Class: 11891K(12352K)->11891K(12352K)
[1809.291s][info ][gc             ] GC(124) Pause Young (Allocation Failure) 2396M->355M(2492M) 5.886ms
[1809.291s][info ][gc,cpu         ] GC(124) User=0.01s Sys=0.00s Real=0.01s
[1809.291s][info ][safepoint      ] Safepoint "ParallelGCFailedAllocation", Time since last: 1468229122 ns, Reaching safepoint: 32400 ns, At safepoint: 5955576 ns, Total: 5987976 ns
[1817.291s][info ][safepoint      ] Safepoint "Cleanup", Time since last: 8000582741 ns, Reaching safepoint: 43299 ns, At safepoint: 6700 ns, Total: 49999 ns
[1824.993s][info ][gc,start       ] GC(125) Pause Young (Allocation Failure)
[1824.998s][debug][gc,phases      ] GC(125) Scavenge 5.160ms
[1824.998s][debug][gc,ref         ] GC(125) Skipped phase 1 of Reference Processing: no references
[1824.998s][debug][gc,ref         ] GC(125) ReferenceProcessor::execute queues: 1, RefProcThreadModel::Single, marks_oops_alive: false
[1824.998s][debug][gc,ref         ] GC(125) Skipped phase 3 of Reference Processing: no references
[1824.998s][debug][gc,ref         ] GC(125) ReferenceProcessor::execute queues: 1, RefProcThreadModel::Single, marks_oops_alive: false
[1824.998s][debug][gc,phases      ] GC(125) Reference Processing 0.145ms
[1824.998s][debug][gc,phases      ] GC(125)   VM Weak                        Min:  0.0, Avg:  0.0, Max:  0.0, Diff:  0.0, Sum:  0.0, Workers: 4
[1824.998s][debug][gc,phases      ] GC(125)     Dead                           Min: 0, Avg:  0.0, Max: 0, Diff: 0, Sum: 0, Workers: 4
[1824.998s][debug][gc,phases      ] GC(125)     Total                          Min: 0, Avg: 211.5, Max: 334, Diff: 334, Sum: 846, Workers: 4
[1824.998s][debug][gc,phases      ] GC(125)   ObjectSynchronizer Weak        Min:  0.0, Avg:  0.0, Max:  0.0, Diff:  0.0, Sum:  0.0, Workers: 4
[1824.998s][debug][gc,phases      ] GC(125)     Dead                           Min: 0, Avg:  0.0, Max: 0, Diff: 0, Sum: 0, Workers: 4
[1824.998s][debug][gc,phases      ] GC(125)     Total                          Min: 0, Avg: 14.8, Max: 59, Diff: 59, Sum: 59, Workers: 4
[1824.998s][debug][gc,phases      ] GC(125)   JVMTI Tag Weak OopStorage      Min:  0.0, Avg:  0.0, Max:  0.0, Diff:  0.0, Sum:  0.0, Workers: 4
[1824.998s][debug][gc,phases      ] GC(125)     Dead                           Min: 0, Avg:  0.0, Max: 0, Diff: 0, Sum: 0, Workers: 4
[1824.998s][debug][gc,phases      ] GC(125)     Total                          Min: 0, Avg:  0.0, Max: 0, Diff: 0, Sum: 0, Workers: 4
[1824.998s][debug][gc,phases      ] GC(125)   StringTable Weak               Min:  0.0, Avg:  0.1, Max:  0.1, Diff:  0.1, Sum:  0.4, Workers: 4
[1824.998s][debug][gc,phases      ] GC(125)     Dead                           Min: 0, Avg:  0.0, Max: 0, Diff: 0, Sum: 0, Workers: 4
[1824.998s][debug][gc,phases      ] GC(125)     Total                          Min: 0, Avg: 11036.2, Max: 15025, Diff: 15025, Sum: 44145, Workers: 4
[1824.998s][debug][gc,phases      ] GC(125)   ResolvedMethodTable Weak       Min:  0.0, Avg:  0.0, Max:  0.0, Diff:  0.0, Sum:  0.1, Workers: 4
[1824.998s][debug][gc,phases      ] GC(125)     Dead                           Min: 0, Avg:  0.0, Max: 0, Diff: 0, Sum: 0, Workers: 4
[1824.998s][debug][gc,phases      ] GC(125)     Total                          Min: 0, Avg: 2438.8, Max: 3328, Diff: 3328, Sum: 9755, Workers: 4
[1824.998s][debug][gc,phases      ] GC(125)   JNI Weak                       Min:  0.0, Avg:  0.0, Max:  0.0, Diff:  0.0, Sum:  0.0, Workers: 4
[1824.998s][debug][gc,phases      ] GC(125)     Dead                           Min: 0, Avg:  0.0, Max: 0, Diff: 0, Sum: 0, Workers: 4
[1824.998s][debug][gc,phases      ] GC(125)     Total                          Min: 0, Avg: 11.2, Max: 45, Diff: 45, Sum: 45, Workers: 4
[1824.998s][debug][gc,phases      ] GC(125)   StringDedup Table Weak         Min:  0.0, Avg:  0.0, Max:  0.0, Diff:  0.0, Sum:  0.0, Workers: 4
[1824.998s][debug][gc,phases      ] GC(125)     Dead                           Min: 0, Avg:  0.0, Max: 0, Diff: 0, Sum: 0, Workers: 4
[1824.998s][debug][gc,phases      ] GC(125)     Total                          Min: 0, Avg:  0.0, Max: 0, Diff: 0, Sum: 0, Workers: 4
[1824.998s][debug][gc,phases      ] GC(125)   StringDedup Requests0 Weak     Min:  0.0, Avg:  0.0, Max:  0.0, Diff:  0.0, Sum:  0.0, Workers: 4
[1824.998s][debug][gc,phases      ] GC(125)     Dead                           Min: 0, Avg:  0.0, Max: 0, Diff: 0, Sum: 0, Workers: 4
[1824.998s][debug][gc,phases      ] GC(125)     Total                          Min: 0, Avg:  0.0, Max: 0, Diff: 0, Sum: 0, Workers: 4
[1824.998s][debug][gc,phases      ] GC(125)   StringDedup Requests1 Weak     Min:  0.0, Avg:  0.0, Max:  0.0, Diff:  0.0, Sum:  0.0, Workers: 4
[1824.998s][debug][gc,phases      ] GC(125)     Dead                           Min: 0, Avg:  0.0, Max: 0, Diff: 0, Sum: 0, Workers: 4
[1824.998s][debug][gc,phases      ] GC(125)     Total                          Min: 0, Avg:  0.0, Max: 0, Diff: 0, Sum: 0, Workers: 4
[1824.998s][debug][gc,phases      ] GC(125)   Weak JFR Old Object Samples    Min:  0.0, Avg:  0.0, Max:  0.0, Diff:  0.0, Sum:  0.0, Workers: 4
[1824.998s][debug][gc,phases      ] GC(125)     Dead                           Min: 0, Avg:  0.0, Max: 0, Diff: 0, Sum: 0, Workers: 4
[1824.998s][debug][gc,phases      ] GC(125)     Total                          Min: 0, Avg:  0.0, Max: 0, Diff: 0, Sum: 0, Workers: 4
[1824.998s][debug][gc,phases      ] GC(125) Weak Processing 0.339ms
[1824.998s][debug][gc,age         ] GC(125) Desired survivor size 3670016 bytes, new threshold 15 (max threshold 15)
[1824.998s][info ][gc,heap        ] GC(125) PSYoungGen: 2090288K(2093056K)->1440K(2093568K) Eden: 2088960K(2088960K)->0K(2089984K) From: 1328K(4096K)->1440K(3584K)
[1824.998s][info ][gc,heap        ] GC(125) ParOldGen: 362646K(458752K)->362646K(458752K)
[1824.998s][info ][gc,metaspace   ] GC(125) Metaspace: 82820K(83840K)->82820K(83840K) NonClass: 70929K(71488K)->70929K(71488K) Class: 11891K(12352K)->11891K(12352K)
[1824.998s][info ][gc             ] GC(125) Pause Young (Allocation Failure) 2395M->355M(2492M) 5.768ms
[1824.999s][info ][gc,cpu         ] GC(125) User=0.01s Sys=0.00s Real=0.01s
[1824.999s][info ][safepoint      ] Safepoint "ParallelGCFailedAllocation", Time since last: 7701344038 ns, Reaching safepoint: 35500 ns, At safepoint: 5850075 ns, Total: 5885575 ns
[1826.443s][info ][safepoint      ] Safepoint "Cleanup", Time since last: 1444061596 ns, Reaching safepoint: 126599 ns, At safepoint: 5400 ns, Total: 131999 ns
[1832.443s][info ][safepoint      ] Safepoint "Cleanup", Time since last: 6000450192 ns, Reaching safepoint: 110400 ns, At safepoint: 33500 ns, Total: 143900 ns
[1840.650s][info ][gc,start       ] GC(126) Pause Young (Allocation Failure)
[1840.655s][debug][gc,phases      ] GC(126) Scavenge 4.775ms
[1840.655s][debug][gc,ref         ] GC(126) Skipped phase 1 of Reference Processing: no references
[1840.655s][debug][gc,ref         ] GC(126) ReferenceProcessor::execute queues: 1, RefProcThreadModel::Single, marks_oops_alive: false
[1840.655s][debug][gc,ref         ] GC(126) Skipped phase 3 of Reference Processing: no references
[1840.655s][debug][gc,ref         ] GC(126) ReferenceProcessor::execute queues: 1, RefProcThreadModel::Single, marks_oops_alive: false
[1840.655s][debug][gc,phases      ] GC(126) Reference Processing 0.089ms
[1840.656s][debug][gc,phases      ] GC(126)   VM Weak                        Min:  0.0, Avg:  0.0, Max:  0.0, Diff:  0.0, Sum:  0.0, Workers: 4
[1840.656s][debug][gc,phases      ] GC(126)     Dead                           Min: 0, Avg:  0.0, Max: 0, Diff: 0, Sum: 0, Workers: 4
[1840.656s][debug][gc,phases      ] GC(126)     Total                          Min: 0, Avg: 211.5, Max: 640, Diff: 640, Sum: 846, Workers: 4
[1840.656s][debug][gc,phases      ] GC(126)   ObjectSynchronizer Weak        Min:  0.0, Avg:  0.0, Max:  0.0, Diff:  0.0, Sum:  0.0, Workers: 4
[1840.656s][debug][gc,phases      ] GC(126)     Dead                           Min: 0, Avg:  0.0, Max: 0, Diff: 0, Sum: 0, Workers: 4
[1840.656s][debug][gc,phases      ] GC(126)     Total                          Min: 0, Avg: 14.8, Max: 59, Diff: 59, Sum: 59, Workers: 4
[1840.656s][debug][gc,phases      ] GC(126)   JVMTI Tag Weak OopStorage      Min:  0.0, Avg:  0.0, Max:  0.0, Diff:  0.0, Sum:  0.0, Workers: 4
[1840.656s][debug][gc,phases      ] GC(126)     Dead                           Min: 0, Avg:  0.0, Max: 0, Diff: 0, Sum: 0, Workers: 4
[1840.656s][debug][gc,phases      ] GC(126)     Total                          Min: 0, Avg:  0.0, Max: 0, Diff: 0, Sum: 0, Workers: 4
[1840.656s][debug][gc,phases      ] GC(126)   StringTable Weak               Min:  0.0, Avg:  0.1, Max:  0.2, Diff:  0.2, Sum:  0.3, Workers: 4
[1840.656s][debug][gc,phases      ] GC(126)     Dead                           Min: 0, Avg:  0.0, Max: 0, Diff: 0, Sum: 0, Workers: 4
[1840.656s][debug][gc,phases      ] GC(126)     Total                          Min: 0, Avg: 11036.2, Max: 26417, Diff: 26417, Sum: 44145, Workers: 4
[1840.656s][debug][gc,phases      ] GC(126)   ResolvedMethodTable Weak       Min:  0.0, Avg:  0.0, Max:  0.0, Diff:  0.0, Sum:  0.1, Workers: 4
[1840.656s][debug][gc,phases      ] GC(126)     Dead                           Min: 0, Avg:  0.0, Max: 0, Diff: 0, Sum: 0, Workers: 4
[1840.656s][debug][gc,phases      ] GC(126)     Total                          Min: 0, Avg: 2438.8, Max: 5531, Diff: 5531, Sum: 9755, Workers: 4
[1840.656s][debug][gc,phases      ] GC(126)   JNI Weak                       Min:  0.0, Avg:  0.0, Max:  0.0, Diff:  0.0, Sum:  0.0, Workers: 4
[1840.656s][debug][gc,phases      ] GC(126)     Dead                           Min: 0, Avg:  0.0, Max: 0, Diff: 0, Sum: 0, Workers: 4
[1840.656s][debug][gc,phases      ] GC(126)     Total                          Min: 0, Avg: 11.2, Max: 45, Diff: 45, Sum: 45, Workers: 4
[1840.656s][debug][gc,phases      ] GC(126)   StringDedup Table Weak         Min:  0.0, Avg:  0.0, Max:  0.0, Diff:  0.0, Sum:  0.0, Workers: 4
[1840.656s][debug][gc,phases      ] GC(126)     Dead                           Min: 0, Avg:  0.0, Max: 0, Diff: 0, Sum: 0, Workers: 4
[1840.656s][debug][gc,phases      ] GC(126)     Total                          Min: 0, Avg:  0.0, Max: 0, Diff: 0, Sum: 0, Workers: 4
[1840.656s][debug][gc,phases      ] GC(126)   StringDedup Requests0 Weak     Min:  0.0, Avg:  0.0, Max:  0.0, Diff:  0.0, Sum:  0.0, Workers: 4
[1840.656s][debug][gc,phases      ] GC(126)     Dead                           Min: 0, Avg:  0.0, Max: 0, Diff: 0, Sum: 0, Workers: 4
[1840.656s][debug][gc,phases      ] GC(126)     Total                          Min: 0, Avg:  0.0, Max: 0, Diff: 0, Sum: 0, Workers: 4
[1840.656s][debug][gc,phases      ] GC(126)   StringDedup Requests1 Weak     Min:  0.0, Avg:  0.0, Max:  0.0, Diff:  0.0, Sum:  0.0, Workers: 4
[1840.656s][debug][gc,phases      ] GC(126)     Dead                           Min: 0, Avg:  0.0, Max: 0, Diff: 0, Sum: 0, Workers: 4
[1840.656s][debug][gc,phases      ] GC(126)     Total                          Min: 0, Avg:  0.0, Max: 0, Diff: 0, Sum: 0, Workers: 4
[1840.656s][debug][gc,phases      ] GC(126)   Weak JFR Old Object Samples    Min:  0.0, Avg:  0.0, Max:  0.0, Diff:  0.0, Sum:  0.0, Workers: 4
[1840.656s][debug][gc,phases      ] GC(126)     Dead                           Min: 0, Avg:  0.0, Max: 0, Diff: 0, Sum: 0, Workers: 4
[1840.656s][debug][gc,phases      ] GC(126)     Total                          Min: 0, Avg:  0.0, Max: 0, Diff: 0, Sum: 0, Workers: 4
[1840.656s][debug][gc,phases      ] GC(126) Weak Processing 0.350ms
[1840.656s][debug][gc,age         ] GC(126) Desired survivor size 3670016 bytes, new threshold 15 (max threshold 15)
[1840.656s][info ][gc,heap        ] GC(126) PSYoungGen: 2091424K(2093568K)->1568K(2093568K) Eden: 2089984K(2089984K)->0K(2089984K) From: 1440K(3584K)->1568K(3584K)
[1840.656s][info ][gc,heap        ] GC(126) ParOldGen: 362646K(458752K)->362670K(458752K)
[1840.656s][info ][gc,metaspace   ] GC(126) Metaspace: 82820K(83840K)->82820K(83840K) NonClass: 70929K(71488K)->70929K(71488K) Class: 11891K(12352K)->11891K(12352K)
[1840.656s][info ][gc             ] GC(126) Pause Young (Allocation Failure) 2396M->355M(2492M) 5.316ms
[1840.656s][info ][gc,cpu         ] GC(126) User=0.01s Sys=0.00s Real=0.01s
[1840.656s][info ][safepoint      ] Safepoint "ParallelGCFailedAllocation", Time since last: 8207037304 ns, Reaching safepoint: 93299 ns, At safepoint: 5384478 ns, Total: 5477777 ns
[1846.656s][info ][safepoint      ] Safepoint "Cleanup", Time since last: 6000440015 ns, Reaching safepoint: 46300 ns, At safepoint: 8800 ns, Total: 55100 ns
[1851.657s][info ][safepoint      ] Safepoint "Cleanup", Time since last: 5000364588 ns, Reaching safepoint: 49500 ns, At safepoint: 4700 ns, Total: 54200 ns
[1856.843s][info ][gc,start       ] GC(127) Pause Young (Allocation Failure)
[1856.848s][debug][gc,phases      ] GC(127) Scavenge 4.977ms
[1856.848s][debug][gc,ref         ] GC(127) Skipped phase 1 of Reference Processing: no references
[1856.848s][debug][gc,ref         ] GC(127) ReferenceProcessor::execute queues: 1, RefProcThreadModel::Single, marks_oops_alive: false
[1856.848s][debug][gc,ref         ] GC(127) Skipped phase 3 of Reference Processing: no references
[1856.848s][debug][gc,ref         ] GC(127) ReferenceProcessor::execute queues: 1, RefProcThreadModel::Single, marks_oops_alive: false
[1856.848s][debug][gc,phases      ] GC(127) Reference Processing 0.100ms
[1856.848s][debug][gc,phases      ] GC(127)   VM Weak                        Min:  0.0, Avg:  0.0, Max:  0.0, Diff:  0.0, Sum:  0.0, Workers: 4
[1856.848s][debug][gc,phases      ] GC(127)     Dead                           Min: 0, Avg:  0.0, Max: 0, Diff: 0, Sum: 0, Workers: 4
[1856.848s][debug][gc,phases      ] GC(127)     Total                          Min: 0, Avg: 211.5, Max: 640, Diff: 640, Sum: 846, Workers: 4
[1856.848s][debug][gc,phases      ] GC(127)   ObjectSynchronizer Weak        Min:  0.0, Avg:  0.0, Max:  0.0, Diff:  0.0, Sum:  0.0, Workers: 4
[1856.848s][debug][gc,phases      ] GC(127)     Dead                           Min: 0, Avg:  0.0, Max: 0, Diff: 0, Sum: 0, Workers: 4
[1856.848s][debug][gc,phases      ] GC(127)     Total                          Min: 0, Avg: 14.8, Max: 59, Diff: 59, Sum: 59, Workers: 4
[1856.848s][debug][gc,phases      ] GC(127)   JVMTI Tag Weak OopStorage      Min:  0.0, Avg:  0.0, Max:  0.0, Diff:  0.0, Sum:  0.0, Workers: 4
[1856.848s][debug][gc,phases      ] GC(127)     Dead                           Min: 0, Avg:  0.0, Max: 0, Diff: 0, Sum: 0, Workers: 4
[1856.848s][debug][gc,phases      ] GC(127)     Total                          Min: 0, Avg:  0.0, Max: 0, Diff: 0, Sum: 0, Workers: 4
[1856.848s][debug][gc,phases      ] GC(127)   StringTable Weak               Min:  0.0, Avg:  0.1, Max:  0.2, Diff:  0.2, Sum:  0.3, Workers: 4
[1856.848s][debug][gc,phases      ] GC(127)     Dead                           Min: 0, Avg:  0.0, Max: 0, Diff: 0, Sum: 0, Workers: 4
[1856.848s][debug][gc,phases      ] GC(127)     Total                          Min: 0, Avg: 11036.2, Max: 26879, Diff: 26879, Sum: 44145, Workers: 4
[1856.848s][debug][gc,phases      ] GC(127)   ResolvedMethodTable Weak       Min:  0.0, Avg:  0.0, Max:  0.0, Diff:  0.0, Sum:  0.1, Workers: 4
[1856.848s][debug][gc,phases      ] GC(127)     Dead                           Min: 0, Avg:  0.0, Max: 0, Diff: 0, Sum: 0, Workers: 4
[1856.848s][debug][gc,phases      ] GC(127)     Total                          Min: 0, Avg: 2438.8, Max: 5915, Diff: 5915, Sum: 9755, Workers: 4
[1856.848s][debug][gc,phases      ] GC(127)   JNI Weak                       Min:  0.0, Avg:  0.0, Max:  0.0, Diff:  0.0, Sum:  0.0, Workers: 4
[1856.848s][debug][gc,phases      ] GC(127)     Dead                           Min: 0, Avg:  0.0, Max: 0, Diff: 0, Sum: 0, Workers: 4
[1856.848s][debug][gc,phases      ] GC(127)     Total                          Min: 0, Avg: 11.2, Max: 45, Diff: 45, Sum: 45, Workers: 4
[1856.848s][debug][gc,phases      ] GC(127)   StringDedup Table Weak         Min:  0.0, Avg:  0.0, Max:  0.0, Diff:  0.0, Sum:  0.0, Workers: 4
[1856.848s][debug][gc,phases      ] GC(127)     Dead                           Min: 0, Avg:  0.0, Max: 0, Diff: 0, Sum: 0, Workers: 4
[1856.848s][debug][gc,phases      ] GC(127)     Total                          Min: 0, Avg:  0.0, Max: 0, Diff: 0, Sum: 0, Workers: 4
[1856.848s][debug][gc,phases      ] GC(127)   StringDedup Requests0 Weak     Min:  0.0, Avg:  0.0, Max:  0.0, Diff:  0.0, Sum:  0.0, Workers: 4
[1856.848s][debug][gc,phases      ] GC(127)     Dead                           Min: 0, Avg:  0.0, Max: 0, Diff: 0, Sum: 0, Workers: 4
[1856.848s][debug][gc,phases      ] GC(127)     Total                          Min: 0, Avg:  0.0, Max: 0, Diff: 0, Sum: 0, Workers: 4
[1856.848s][debug][gc,phases      ] GC(127)   StringDedup Requests1 Weak     Min:  0.0, Avg:  0.0, Max:  0.0, Diff:  0.0, Sum:  0.0, Workers: 4
[1856.848s][debug][gc,phases      ] GC(127)     Dead                           Min: 0, Avg:  0.0, Max: 0, Diff: 0, Sum: 0, Workers: 4
[1856.848s][debug][gc,phases      ] GC(127)     Total                          Min: 0, Avg:  0.0, Max: 0, Diff: 0, Sum: 0, Workers: 4
[1856.848s][debug][gc,phases      ] GC(127)   Weak JFR Old Object Samples    Min:  0.0, Avg:  0.0, Max:  0.0, Diff:  0.0, Sum:  0.0, Workers: 4
[1856.848s][debug][gc,phases      ] GC(127)     Dead                           Min: 0, Avg:  0.0, Max: 0, Diff: 0, Sum: 0, Workers: 4
[1856.848s][debug][gc,phases      ] GC(127)     Total                          Min: 0, Avg:  0.0, Max: 0, Diff: 0, Sum: 0, Workers: 4
[1856.848s][debug][gc,phases      ] GC(127) Weak Processing 0.361ms
[1856.848s][debug][gc,age         ] GC(127) Desired survivor size 3670016 bytes, new threshold 15 (max threshold 15)
[1856.848s][info ][gc,heap        ] GC(127) PSYoungGen: 2091552K(2093568K)->1472K(2093568K) Eden: 2089984K(2089984K)->0K(2089984K) From: 1568K(3584K)->1472K(3584K)
[1856.848s][info ][gc,heap        ] GC(127) ParOldGen: 362670K(458752K)->362678K(458752K)
[1856.848s][info ][gc,metaspace   ] GC(127) Metaspace: 82820K(83840K)->82820K(83840K) NonClass: 70929K(71488K)->70929K(71488K) Class: 11891K(12352K)->11891K(12352K)
[1856.848s][info ][gc             ] GC(127) Pause Young (Allocation Failure) 2396M->355M(2492M) 5.538ms
[1856.848s][info ][gc,cpu         ] GC(127) User=0.01s Sys=0.01s Real=0.01s
[1856.848s][info ][safepoint      ] Safepoint "ParallelGCFailedAllocation", Time since last: 5185913397 ns, Reaching safepoint: 37900 ns, At safepoint: 5601478 ns, Total: 5639378 ns
[1857.849s][info ][safepoint      ] Safepoint "Cleanup", Time since last: 1000087848 ns, Reaching safepoint: 108199 ns, At safepoint: 7300 ns, Total: 115499 ns
[1860.849s][info ][safepoint      ] Safepoint "Cleanup", Time since last: 3000212692 ns, Reaching safepoint: 35600 ns, At safepoint: 2300 ns, Total: 37900 ns
[1872.743s][info ][gc,start       ] GC(128) Pause Young (Allocation Failure)
[1872.748s][debug][gc,phases      ] GC(128) Scavenge 4.871ms
[1872.748s][debug][gc,ref         ] GC(128) Skipped phase 1 of Reference Processing: no references
[1872.748s][debug][gc,ref         ] GC(128) ReferenceProcessor::execute queues: 1, RefProcThreadModel::Single, marks_oops_alive: false
[1872.748s][debug][gc,ref         ] GC(128) Skipped phase 3 of Reference Processing: no references
[1872.748s][debug][gc,ref         ] GC(128) ReferenceProcessor::execute queues: 1, RefProcThreadModel::Single, marks_oops_alive: false
[1872.748s][debug][gc,phases      ] GC(128) Reference Processing 0.087ms
[1872.748s][debug][gc,phases      ] GC(128)   VM Weak                        Min:  0.0, Avg:  0.0, Max:  0.0, Diff:  0.0, Sum:  0.0, Workers: 4
[1872.748s][debug][gc,phases      ] GC(128)     Dead                           Min: 0, Avg:  0.0, Max: 0, Diff: 0, Sum: 0, Workers: 4
[1872.748s][debug][gc,phases      ] GC(128)     Total                          Min: 0, Avg: 211.5, Max: 640, Diff: 640, Sum: 846, Workers: 4
[1872.748s][debug][gc,phases      ] GC(128)   ObjectSynchronizer Weak        Min:  0.0, Avg:  0.0, Max:  0.0, Diff:  0.0, Sum:  0.0, Workers: 4
[1872.748s][debug][gc,phases      ] GC(128)     Dead                           Min: 0, Avg:  0.0, Max: 0, Diff: 0, Sum: 0, Workers: 4
[1872.748s][debug][gc,phases      ] GC(128)     Total                          Min: 0, Avg: 14.8, Max: 59, Diff: 59, Sum: 59, Workers: 4
[1872.748s][debug][gc,phases      ] GC(128)   JVMTI Tag Weak OopStorage      Min:  0.0, Avg:  0.0, Max:  0.0, Diff:  0.0, Sum:  0.0, Workers: 4
[1872.748s][debug][gc,phases      ] GC(128)     Dead                           Min: 0, Avg:  0.0, Max: 0, Diff: 0, Sum: 0, Workers: 4
[1872.748s][debug][gc,phases      ] GC(128)     Total                          Min: 0, Avg:  0.0, Max: 0, Diff: 0, Sum: 0, Workers: 4
[1872.748s][debug][gc,phases      ] GC(128)   StringTable Weak               Min:  0.0, Avg:  0.1, Max:  0.2, Diff:  0.2, Sum:  0.4, Workers: 4
[1872.748s][debug][gc,phases      ] GC(128)     Dead                           Min: 0, Avg:  0.0, Max: 0, Diff: 0, Sum: 0, Workers: 4
[1872.748s][debug][gc,phases      ] GC(128)     Total                          Min: 0, Avg: 11036.2, Max: 15475, Diff: 15475, Sum: 44145, Workers: 4
[1872.748s][debug][gc,phases      ] GC(128)   ResolvedMethodTable Weak       Min:  0.0, Avg:  0.0, Max:  0.0, Diff:  0.0, Sum:  0.1, Workers: 4
[1872.748s][debug][gc,phases      ] GC(128)     Dead                           Min: 0, Avg:  0.0, Max: 0, Diff: 0, Sum: 0, Workers: 4
[1872.748s][debug][gc,phases      ] GC(128)     Total                          Min: 0, Avg: 2438.8, Max: 4096, Diff: 4096, Sum: 9755, Workers: 4
[1872.748s][debug][gc,phases      ] GC(128)   JNI Weak                       Min:  0.0, Avg:  0.0, Max:  0.0, Diff:  0.0, Sum:  0.0, Workers: 4
[1872.748s][debug][gc,phases      ] GC(128)     Dead                           Min: 0, Avg:  0.0, Max: 0, Diff: 0, Sum: 0, Workers: 4
[1872.748s][debug][gc,phases      ] GC(128)     Total                          Min: 0, Avg: 11.2, Max: 45, Diff: 45, Sum: 45, Workers: 4
[1872.748s][debug][gc,phases      ] GC(128)   StringDedup Table Weak         Min:  0.0, Avg:  0.0, Max:  0.0, Diff:  0.0, Sum:  0.0, Workers: 4
[1872.748s][debug][gc,phases      ] GC(128)     Dead                           Min: 0, Avg:  0.0, Max: 0, Diff: 0, Sum: 0, Workers: 4
[1872.748s][debug][gc,phases      ] GC(128)     Total                          Min: 0, Avg:  0.0, Max: 0, Diff: 0, Sum: 0, Workers: 4
[1872.748s][debug][gc,phases      ] GC(128)   StringDedup Requests0 Weak     Min:  0.0, Avg:  0.0, Max:  0.0, Diff:  0.0, Sum:  0.0, Workers: 4
[1872.748s][debug][gc,phases      ] GC(128)     Dead                           Min: 0, Avg:  0.0, Max: 0, Diff: 0, Sum: 0, Workers: 4
[1872.748s][debug][gc,phases      ] GC(128)     Total                          Min: 0, Avg:  0.0, Max: 0, Diff: 0, Sum: 0, Workers: 4
[1872.748s][debug][gc,phases      ] GC(128)   StringDedup Requests1 Weak     Min:  0.0, Avg:  0.0, Max:  0.0, Diff:  0.0, Sum:  0.0, Workers: 4
[1872.748s][debug][gc,phases      ] GC(128)     Dead                           Min: 0, Avg:  0.0, Max: 0, Diff: 0, Sum: 0, Workers: 4
[1872.748s][debug][gc,phases      ] GC(128)     Total                          Min: 0, Avg:  0.0, Max: 0, Diff: 0, Sum: 0, Workers: 4
[1872.748s][debug][gc,phases      ] GC(128)   Weak JFR Old Object Samples    Min:  0.0, Avg:  0.0, Max:  0.0, Diff:  0.0, Sum:  0.0, Workers: 4
[1872.748s][debug][gc,phases      ] GC(128)     Dead                           Min: 0, Avg:  0.0, Max: 0, Diff: 0, Sum: 0, Workers: 4
[1872.748s][debug][gc,phases      ] GC(128)     Total                          Min: 0, Avg:  0.0, Max: 0, Diff: 0, Sum: 0, Workers: 4
[1872.748s][debug][gc,phases      ] GC(128) Weak Processing 0.341ms
[1872.748s][debug][gc,age         ] GC(128) Desired survivor size 3145728 bytes, new threshold 15 (max threshold 15)
[1872.748s][info ][gc,heap        ] GC(128) PSYoungGen: 2091456K(2093568K)->1456K(2093568K) Eden: 2089984K(2089984K)->0K(2089984K) From: 1472K(3584K)->1456K(3584K)
[1872.748s][info ][gc,heap        ] GC(128) ParOldGen: 362678K(458752K)->362702K(458752K)
[1872.748s][info ][gc,metaspace   ] GC(128) Metaspace: 82820K(83840K)->82820K(83840K) NonClass: 70929K(71488K)->70929K(71488K) Class: 11891K(12352K)->11891K(12352K)
[1872.748s][info ][gc             ] GC(128) Pause Young (Allocation Failure) 2396M->355M(2492M) 5.389ms
[1872.748s][info ][gc,cpu         ] GC(128) User=0.02s Sys=0.00s Real=0.01s
[1872.748s][info ][safepoint      ] Safepoint "ParallelGCFailedAllocation", Time since last: 11893715746 ns, Reaching safepoint: 119899 ns, At safepoint: 5462478 ns, Total: 5582377 ns
[1888.696s][info ][gc,start       ] GC(129) Pause Young (Allocation Failure)
[1888.701s][debug][gc,phases      ] GC(129) Scavenge 4.920ms
[1888.701s][debug][gc,ref         ] GC(129) Skipped phase 1 of Reference Processing: no references
[1888.701s][debug][gc,ref         ] GC(129) ReferenceProcessor::execute queues: 1, RefProcThreadModel::Single, marks_oops_alive: false
[1888.701s][debug][gc,ref         ] GC(129) Skipped phase 3 of Reference Processing: no references
[1888.701s][debug][gc,ref         ] GC(129) ReferenceProcessor::execute queues: 1, RefProcThreadModel::Single, marks_oops_alive: false
[1888.701s][debug][gc,phases      ] GC(129) Reference Processing 0.093ms
[1888.701s][debug][gc,phases      ] GC(129)   VM Weak                        Min:  0.0, Avg:  0.0, Max:  0.0, Diff:  0.0, Sum:  0.0, Workers: 4
[1888.701s][debug][gc,phases      ] GC(129)     Dead                           Min: 0, Avg:  0.0, Max: 0, Diff: 0, Sum: 0, Workers: 4
[1888.701s][debug][gc,phases      ] GC(129)     Total                          Min: 0, Avg: 211.5, Max: 448, Diff: 448, Sum: 846, Workers: 4
[1888.701s][debug][gc,phases      ] GC(129)   ObjectSynchronizer Weak        Min:  0.0, Avg:  0.0, Max:  0.0, Diff:  0.0, Sum:  0.0, Workers: 4
[1888.701s][debug][gc,phases      ] GC(129)     Dead                           Min: 0, Avg:  0.0, Max: 0, Diff: 0, Sum: 0, Workers: 4
[1888.701s][debug][gc,phases      ] GC(129)     Total                          Min: 0, Avg: 14.8, Max: 59, Diff: 59, Sum: 59, Workers: 4
[1888.701s][debug][gc,phases      ] GC(129)   JVMTI Tag Weak OopStorage      Min:  0.0, Avg:  0.0, Max:  0.0, Diff:  0.0, Sum:  0.0, Workers: 4
[1888.701s][debug][gc,phases      ] GC(129)     Dead                           Min: 0, Avg:  0.0, Max: 0, Diff: 0, Sum: 0, Workers: 4
[1888.701s][debug][gc,phases      ] GC(129)     Total                          Min: 0, Avg:  0.0, Max: 0, Diff: 0, Sum: 0, Workers: 4
[1888.701s][debug][gc,phases      ] GC(129)   StringTable Weak               Min:  0.0, Avg:  0.1, Max:  0.2, Diff:  0.2, Sum:  0.4, Workers: 4
[1888.701s][debug][gc,phases      ] GC(129)     Dead                           Min: 0, Avg:  0.0, Max: 0, Diff: 0, Sum: 0, Workers: 4
[1888.701s][debug][gc,phases      ] GC(129)     Total                          Min: 0, Avg: 11036.2, Max: 22016, Diff: 22016, Sum: 44145, Workers: 4
[1888.701s][debug][gc,phases      ] GC(129)   ResolvedMethodTable Weak       Min:  0.0, Avg:  0.0, Max:  0.0, Diff:  0.0, Sum:  0.1, Workers: 4
[1888.701s][debug][gc,phases      ] GC(129)     Dead                           Min: 0, Avg:  0.0, Max: 0, Diff: 0, Sum: 0, Workers: 4
[1888.701s][debug][gc,phases      ] GC(129)     Total                          Min: 0, Avg: 2438.8, Max: 3392, Diff: 3392, Sum: 9755, Workers: 4
[1888.701s][debug][gc,phases      ] GC(129)   JNI Weak                       Min:  0.0, Avg:  0.0, Max:  0.0, Diff:  0.0, Sum:  0.0, Workers: 4
[1888.701s][debug][gc,phases      ] GC(129)     Dead                           Min: 0, Avg:  0.0, Max: 0, Diff: 0, Sum: 0, Workers: 4
[1888.701s][debug][gc,phases      ] GC(129)     Total                          Min: 0, Avg: 11.2, Max: 45, Diff: 45, Sum: 45, Workers: 4
[1888.701s][debug][gc,phases      ] GC(129)   StringDedup Table Weak         Min:  0.0, Avg:  0.0, Max:  0.0, Diff:  0.0, Sum:  0.0, Workers: 4
[1888.701s][debug][gc,phases      ] GC(129)     Dead                           Min: 0, Avg:  0.0, Max: 0, Diff: 0, Sum: 0, Workers: 4
[1888.701s][debug][gc,phases      ] GC(129)     Total                          Min: 0, Avg:  0.0, Max: 0, Diff: 0, Sum: 0, Workers: 4
[1888.701s][debug][gc,phases      ] GC(129)   StringDedup Requests0 Weak     Min:  0.0, Avg:  0.0, Max:  0.0, Diff:  0.0, Sum:  0.0, Workers: 4
[1888.701s][debug][gc,phases      ] GC(129)     Dead                           Min: 0, Avg:  0.0, Max: 0, Diff: 0, Sum: 0, Workers: 4
[1888.701s][debug][gc,phases      ] GC(129)     Total                          Min: 0, Avg:  0.0, Max: 0, Diff: 0, Sum: 0, Workers: 4
[1888.701s][debug][gc,phases      ] GC(129)   StringDedup Requests1 Weak     Min:  0.0, Avg:  0.0, Max:  0.0, Diff:  0.0, Sum:  0.0, Workers: 4
[1888.701s][debug][gc,phases      ] GC(129)     Dead                           Min: 0, Avg:  0.0, Max: 0, Diff: 0, Sum: 0, Workers: 4
[1888.701s][debug][gc,phases      ] GC(129)     Total                          Min: 0, Avg:  0.0, Max: 0, Diff: 0, Sum: 0, Workers: 4
[1888.701s][debug][gc,phases      ] GC(129)   Weak JFR Old Object Samples    Min:  0.0, Avg:  0.0, Max:  0.0, Diff:  0.0, Sum:  0.0, Workers: 4
[1888.701s][debug][gc,phases      ] GC(129)     Dead                           Min: 0, Avg:  0.0, Max: 0, Diff: 0, Sum: 0, Workers: 4
[1888.701s][debug][gc,phases      ] GC(129)     Total                          Min: 0, Avg:  0.0, Max: 0, Diff: 0, Sum: 0, Workers: 4
[1888.701s][debug][gc,phases      ] GC(129) Weak Processing 0.388ms
[1888.701s][debug][gc,age         ] GC(129) Desired survivor size 3145728 bytes, new threshold 15 (max threshold 15)
[1888.701s][info ][gc,heap        ] GC(129) PSYoungGen: 2091440K(2093568K)->1376K(2094080K) Eden: 2089984K(2089984K)->0K(2091008K) From: 1456K(3584K)->1376K(3072K)
[1888.701s][info ][gc,heap        ] GC(129) ParOldGen: 362702K(458752K)->362758K(458752K)
[1888.701s][info ][gc,metaspace   ] GC(129) Metaspace: 82820K(83840K)->82820K(83840K) NonClass: 70929K(71488K)->70929K(71488K) Class: 11891K(12352K)->11891K(12352K)
[1888.701s][info ][gc             ] GC(129) Pause Young (Allocation Failure) 2396M->355M(2493M) 5.500ms
[1888.701s][info ][gc,cpu         ] GC(129) User=0.01s Sys=0.00s Real=0.00s
[1888.701s][info ][safepoint      ] Safepoint "ParallelGCFailedAllocation", Time since last: 15947478467 ns, Reaching safepoint: 23200 ns, At safepoint: 5584977 ns, Total: 5608177 ns
[1904.703s][info ][safepoint      ] Safepoint "Cleanup", Time since last: 16001296841 ns, Reaching safepoint: 63199 ns, At safepoint: 3300 ns, Total: 66499 ns
[1907.703s][info ][safepoint      ] Safepoint "Cleanup", Time since last: 3000245993 ns, Reaching safepoint: 35700 ns, At safepoint: 3300 ns, Total: 39000 ns
[1907.850s][info ][gc,start       ] GC(130) Pause Young (Allocation Failure)
[1907.861s][debug][gc,phases      ] GC(130) Scavenge 10.843ms
[1907.861s][debug][gc,ref         ] GC(130) Skipped phase 1 of Reference Processing: no references
[1907.861s][debug][gc,ref         ] GC(130) ReferenceProcessor::execute queues: 1, RefProcThreadModel::Single, marks_oops_alive: false
[1907.861s][debug][gc,ref         ] GC(130) Skipped phase 3 of Reference Processing: no references
[1907.861s][debug][gc,ref         ] GC(130) ReferenceProcessor::execute queues: 1, RefProcThreadModel::Single, marks_oops_alive: false
[1907.861s][debug][gc,phases      ] GC(130) Reference Processing 0.109ms
[1907.861s][debug][gc,phases      ] GC(130)   VM Weak                        Min:  0.0, Avg:  0.0, Max:  0.0, Diff:  0.0, Sum:  0.0, Workers: 4
[1907.861s][debug][gc,phases      ] GC(130)     Dead                           Min: 0, Avg:  0.0, Max: 0, Diff: 0, Sum: 0, Workers: 4
[1907.861s][debug][gc,phases      ] GC(130)     Total                          Min: 0, Avg: 211.8, Max: 591, Diff: 591, Sum: 847, Workers: 4
[1907.861s][debug][gc,phases      ] GC(130)   ObjectSynchronizer Weak        Min:  0.0, Avg:  0.0, Max:  0.0, Diff:  0.0, Sum:  0.0, Workers: 4
[1907.861s][debug][gc,phases      ] GC(130)     Dead                           Min: 0, Avg:  0.0, Max: 0, Diff: 0, Sum: 0, Workers: 4
[1907.861s][debug][gc,phases      ] GC(130)     Total                          Min: 0, Avg: 14.8, Max: 59, Diff: 59, Sum: 59, Workers: 4
[1907.861s][debug][gc,phases      ] GC(130)   JVMTI Tag Weak OopStorage      Min:  0.0, Avg:  0.0, Max:  0.0, Diff:  0.0, Sum:  0.0, Workers: 4
[1907.861s][debug][gc,phases      ] GC(130)     Dead                           Min: 0, Avg:  0.0, Max: 0, Diff: 0, Sum: 0, Workers: 4
[1907.861s][debug][gc,phases      ] GC(130)     Total                          Min: 0, Avg:  0.0, Max: 0, Diff: 0, Sum: 0, Workers: 4
[1907.861s][debug][gc,phases      ] GC(130)   StringTable Weak               Min:  0.0, Avg:  0.1, Max:  0.1, Diff:  0.1, Sum:  0.3, Workers: 4
[1907.861s][debug][gc,phases      ] GC(130)     Dead                           Min: 0, Avg:  0.0, Max: 0, Diff: 0, Sum: 0, Workers: 4
[1907.861s][debug][gc,phases      ] GC(130)     Total                          Min: 0, Avg: 11037.0, Max: 19200, Diff: 19200, Sum: 44148, Workers: 4
[1907.861s][debug][gc,phases      ] GC(130)   ResolvedMethodTable Weak       Min:  0.0, Avg:  0.0, Max:  0.0, Diff:  0.0, Sum:  0.1, Workers: 4
[1907.861s][debug][gc,phases      ] GC(130)     Dead                           Min: 0, Avg:  0.0, Max: 0, Diff: 0, Sum: 0, Workers: 4
[1907.861s][debug][gc,phases      ] GC(130)     Total                          Min: 0, Avg: 2438.8, Max: 3968, Diff: 3968, Sum: 9755, Workers: 4
[1907.861s][debug][gc,phases      ] GC(130)   JNI Weak                       Min:  0.0, Avg:  0.0, Max:  0.0, Diff:  0.0, Sum:  0.0, Workers: 4
[1907.861s][debug][gc,phases      ] GC(130)     Dead                           Min: 0, Avg:  0.0, Max: 0, Diff: 0, Sum: 0, Workers: 4
[1907.861s][debug][gc,phases      ] GC(130)     Total                          Min: 0, Avg: 11.2, Max: 45, Diff: 45, Sum: 45, Workers: 4
[1907.861s][debug][gc,phases      ] GC(130)   StringDedup Table Weak         Min:  0.0, Avg:  0.0, Max:  0.0, Diff:  0.0, Sum:  0.0, Workers: 4
[1907.861s][debug][gc,phases      ] GC(130)     Dead                           Min: 0, Avg:  0.0, Max: 0, Diff: 0, Sum: 0, Workers: 4
[1907.861s][debug][gc,phases      ] GC(130)     Total                          Min: 0, Avg:  0.0, Max: 0, Diff: 0, Sum: 0, Workers: 4
[1907.861s][debug][gc,phases      ] GC(130)   StringDedup Requests0 Weak     Min:  0.0, Avg:  0.0, Max:  0.0, Diff:  0.0, Sum:  0.0, Workers: 4
[1907.861s][debug][gc,phases      ] GC(130)     Dead                           Min: 0, Avg:  0.0, Max: 0, Diff: 0, Sum: 0, Workers: 4
[1907.861s][debug][gc,phases      ] GC(130)     Total                          Min: 0, Avg:  0.0, Max: 0, Diff: 0, Sum: 0, Workers: 4
[1907.861s][debug][gc,phases      ] GC(130)   StringDedup Requests1 Weak     Min:  0.0, Avg:  0.0, Max:  0.0, Diff:  0.0, Sum:  0.0, Workers: 4
[1907.861s][debug][gc,phases      ] GC(130)     Dead                           Min: 0, Avg:  0.0, Max: 0, Diff: 0, Sum: 0, Workers: 4
[1907.861s][debug][gc,phases      ] GC(130)     Total                          Min: 0, Avg:  0.0, Max: 0, Diff: 0, Sum: 0, Workers: 4
[1907.861s][debug][gc,phases      ] GC(130)   Weak JFR Old Object Samples    Min:  0.0, Avg:  0.0, Max:  0.0, Diff:  0.0, Sum:  0.0, Workers: 4
[1907.861s][debug][gc,phases      ] GC(130)     Dead                           Min: 0, Avg:  0.0, Max: 0, Diff: 0, Sum: 0, Workers: 4
[1907.861s][debug][gc,phases      ] GC(130)     Total                          Min: 0, Avg:  0.0, Max: 0, Diff: 0, Sum: 0, Workers: 4
[1907.861s][debug][gc,phases      ] GC(130) Weak Processing 0.318ms
[1907.861s][debug][gc,age         ] GC(130) Desired survivor size 4718592 bytes, new threshold 14 (max threshold 15)
[1907.861s][info ][gc,heap        ] GC(130) PSYoungGen: 2092384K(2094080K)->3049K(2094080K) Eden: 2091008K(2091008K)->0K(2091008K) From: 1376K(3072K)->3049K(3072K)
[1907.861s][info ][gc,heap        ] GC(130) ParOldGen: 362758K(458752K)->364818K(458752K)
[1907.861s][info ][gc,metaspace   ] GC(130) Metaspace: 82837K(83904K)->82837K(83904K) NonClass: 70946K(71552K)->70946K(71552K) Class: 11891K(12352K)->11891K(12352K)
[1907.861s][info ][gc             ] GC(130) Pause Young (Allocation Failure) 2397M->359M(2493M) 11.388ms
[1907.861s][info ][gc,cpu         ] GC(130) User=0.02s Sys=0.01s Real=0.01s
[1907.861s][info ][safepoint      ] Safepoint "ParallelGCFailedAllocation", Time since last: 146824303 ns, Reaching safepoint: 109399 ns, At safepoint: 11463654 ns, Total: 11573053 ns
[1908.861s][info ][safepoint      ] Safepoint "Cleanup", Time since last: 1000090632 ns, Reaching safepoint: 42000 ns, At safepoint: 6800 ns, Total: 48800 ns
[1917.862s][info ][safepoint      ] Safepoint "Cleanup", Time since last: 9000632493 ns, Reaching safepoint: 41000 ns, At safepoint: 3400 ns, Total: 44400 ns
[1918.862s][info ][safepoint      ] Safepoint "Cleanup", Time since last: 1000118208 ns, Reaching safepoint: 42800 ns, At safepoint: 27700 ns, Total: 70500 ns
[1920.862s][info ][safepoint      ] Safepoint "Cleanup", Time since last: 2000166115 ns, Reaching safepoint: 41900 ns, At safepoint: 4700 ns, Total: 46600 ns
[1925.394s][info ][gc,start       ] GC(131) Pause Young (Allocation Failure)
[1925.399s][debug][gc,phases      ] GC(131) Scavenge 5.613ms
[1925.399s][debug][gc,ref         ] GC(131) Skipped phase 1 of Reference Processing: no references
[1925.399s][debug][gc,ref         ] GC(131) ReferenceProcessor::execute queues: 1, RefProcThreadModel::Single, marks_oops_alive: false
[1925.399s][debug][gc,ref         ] GC(131) ReferenceProcessor::execute queues: 4, RefProcThreadModel::Multi, marks_oops_alive: true
[1925.400s][debug][gc,ref         ] GC(131) ReferenceProcessor::execute queues: 1, RefProcThreadModel::Single, marks_oops_alive: false
[1925.400s][debug][gc,phases      ] GC(131) Reference Processing 0.394ms
[1925.400s][debug][gc,phases      ] GC(131)   VM Weak                        Min:  0.0, Avg:  0.0, Max:  0.0, Diff:  0.0, Sum:  0.0, Workers: 4
[1925.400s][debug][gc,phases      ] GC(131)     Dead                           Min: 0, Avg:  0.0, Max: 0, Diff: 0, Sum: 0, Workers: 4
[1925.400s][debug][gc,phases      ] GC(131)     Total                          Min: 0, Avg: 211.8, Max: 448, Diff: 448, Sum: 847, Workers: 4
[1925.400s][debug][gc,phases      ] GC(131)   ObjectSynchronizer Weak        Min:  0.0, Avg:  0.0, Max:  0.0, Diff:  0.0, Sum:  0.0, Workers: 4
[1925.400s][debug][gc,phases      ] GC(131)     Dead                           Min: 0, Avg:  0.0, Max: 0, Diff: 0, Sum: 0, Workers: 4
[1925.400s][debug][gc,phases      ] GC(131)     Total                          Min: 0, Avg: 14.8, Max: 59, Diff: 59, Sum: 59, Workers: 4
[1925.400s][debug][gc,phases      ] GC(131)   JVMTI Tag Weak OopStorage      Min:  0.0, Avg:  0.0, Max:  0.0, Diff:  0.0, Sum:  0.0, Workers: 4
[1925.400s][debug][gc,phases      ] GC(131)     Dead                           Min: 0, Avg:  0.0, Max: 0, Diff: 0, Sum: 0, Workers: 4
[1925.400s][debug][gc,phases      ] GC(131)     Total                          Min: 0, Avg:  0.0, Max: 0, Diff: 0, Sum: 0, Workers: 4
[1925.400s][debug][gc,phases      ] GC(131)   StringTable Weak               Min:  0.0, Avg:  0.1, Max:  0.2, Diff:  0.2, Sum:  0.4, Workers: 4
[1925.400s][debug][gc,phases      ] GC(131)     Dead                           Min: 0, Avg:  0.0, Max: 0, Diff: 0, Sum: 0, Workers: 4
[1925.400s][debug][gc,phases      ] GC(131)     Total                          Min: 0, Avg: 11037.0, Max: 22144, Diff: 22144, Sum: 44148, Workers: 4
[1925.400s][debug][gc,phases      ] GC(131)   ResolvedMethodTable Weak       Min:  0.0, Avg:  0.0, Max:  0.0, Diff:  0.0, Sum:  0.1, Workers: 4
[1925.400s][debug][gc,phases      ] GC(131)     Dead                           Min: 0, Avg:  0.0, Max: 0, Diff: 0, Sum: 0, Workers: 4
[1925.400s][debug][gc,phases      ] GC(131)     Total                          Min: 0, Avg: 2438.8, Max: 5275, Diff: 5275, Sum: 9755, Workers: 4
[1925.400s][debug][gc,phases      ] GC(131)   JNI Weak                       Min:  0.0, Avg:  0.0, Max:  0.0, Diff:  0.0, Sum:  0.0, Workers: 4
[1925.400s][debug][gc,phases      ] GC(131)     Dead                           Min: 0, Avg:  0.0, Max: 0, Diff: 0, Sum: 0, Workers: 4
[1925.400s][debug][gc,phases      ] GC(131)     Total                          Min: 0, Avg: 11.2, Max: 45, Diff: 45, Sum: 45, Workers: 4
[1925.400s][debug][gc,phases      ] GC(131)   StringDedup Table Weak         Min:  0.0, Avg:  0.0, Max:  0.0, Diff:  0.0, Sum:  0.0, Workers: 4
[1925.400s][debug][gc,phases      ] GC(131)     Dead                           Min: 0, Avg:  0.0, Max: 0, Diff: 0, Sum: 0, Workers: 4
[1925.400s][debug][gc,phases      ] GC(131)     Total                          Min: 0, Avg:  0.0, Max: 0, Diff: 0, Sum: 0, Workers: 4
[1925.400s][debug][gc,phases      ] GC(131)   StringDedup Requests0 Weak     Min:  0.0, Avg:  0.0, Max:  0.0, Diff:  0.0, Sum:  0.0, Workers: 4
[1925.400s][debug][gc,phases      ] GC(131)     Dead                           Min: 0, Avg:  0.0, Max: 0, Diff: 0, Sum: 0, Workers: 4
[1925.400s][debug][gc,phases      ] GC(131)     Total                          Min: 0, Avg:  0.0, Max: 0, Diff: 0, Sum: 0, Workers: 4
[1925.400s][debug][gc,phases      ] GC(131)   StringDedup Requests1 Weak     Min:  0.0, Avg:  0.0, Max:  0.0, Diff:  0.0, Sum:  0.0, Workers: 4
[1925.400s][debug][gc,phases      ] GC(131)     Dead                           Min: 0, Avg:  0.0, Max: 0, Diff: 0, Sum: 0, Workers: 4
[1925.400s][debug][gc,phases      ] GC(131)     Total                          Min: 0, Avg:  0.0, Max: 0, Diff: 0, Sum: 0, Workers: 4
[1925.400s][debug][gc,phases      ] GC(131)   Weak JFR Old Object Samples    Min:  0.0, Avg:  0.0, Max:  0.0, Diff:  0.0, Sum:  0.0, Workers: 4
[1925.400s][debug][gc,phases      ] GC(131)     Dead                           Min: 0, Avg:  0.0, Max: 0, Diff: 0, Sum: 0, Workers: 4
[1925.400s][debug][gc,phases      ] GC(131)     Total                          Min: 0, Avg:  0.0, Max: 0, Diff: 0, Sum: 0, Workers: 4
[1925.400s][debug][gc,phases      ] GC(131) Weak Processing 0.399ms
[1925.400s][debug][gc,age         ] GC(131) Desired survivor size 4194304 bytes, new threshold 15 (max threshold 15)
[1925.400s][info ][gc,heap        ] GC(131) PSYoungGen: 2094057K(2094080K)->2080K(2092032K) Eden: 2091008K(2091008K)->0K(2088960K) From: 3049K(3072K)->2080K(3072K)
[1925.400s][info ][gc,heap        ] GC(131) ParOldGen: 364818K(458752K)->364818K(458752K)
[1925.400s][info ][gc,metaspace   ] GC(131) Metaspace: 82841K(83904K)->82841K(83904K) NonClass: 70949K(71552K)->70949K(71552K) Class: 11891K(12352K)->11891K(12352K)
[1925.400s][info ][gc             ] GC(131) Pause Young (Allocation Failure) 2401M->358M(2491M) 6.550ms
[1925.400s][info ][gc,cpu         ] GC(131) User=0.01s Sys=0.00s Real=0.01s
[1925.400s][info ][safepoint      ] Safepoint "ParallelGCFailedAllocation", Time since last: 4531130308 ns, Reaching safepoint: 34000 ns, At safepoint: 6638772 ns, Total: 6672772 ns
[1927.400s][info ][safepoint      ] Safepoint "Cleanup", Time since last: 2000158672 ns, Reaching safepoint: 109200 ns, At safepoint: 6700 ns, Total: 115900 ns
[1928.401s][info ][safepoint      ] Safepoint "Cleanup", Time since last: 1000117936 ns, Reaching safepoint: 115199 ns, At safepoint: 8700 ns, Total: 123899 ns
[1941.003s][info ][gc,start       ] GC(132) Pause Young (Allocation Failure)
[1941.009s][debug][gc,phases      ] GC(132) Scavenge 6.322ms
[1941.009s][debug][gc,ref         ] GC(132) Skipped phase 1 of Reference Processing: no references
[1941.009s][debug][gc,ref         ] GC(132) ReferenceProcessor::execute queues: 1, RefProcThreadModel::Single, marks_oops_alive: false
[1941.009s][debug][gc,ref         ] GC(132) Skipped phase 3 of Reference Processing: no references
[1941.009s][debug][gc,ref         ] GC(132) ReferenceProcessor::execute queues: 1, RefProcThreadModel::Single, marks_oops_alive: false
[1941.009s][debug][gc,phases      ] GC(132) Reference Processing 0.095ms
[1941.009s][debug][gc,phases      ] GC(132)   VM Weak                        Min:  0.0, Avg:  0.0, Max:  0.0, Diff:  0.0, Sum:  0.0, Workers: 4
[1941.009s][debug][gc,phases      ] GC(132)     Dead                           Min: 0, Avg:  0.0, Max: 0, Diff: 0, Sum: 0, Workers: 4
[1941.009s][debug][gc,phases      ] GC(132)     Total                          Min: 0, Avg: 211.8, Max: 463, Diff: 463, Sum: 847, Workers: 4
[1941.009s][debug][gc,phases      ] GC(132)   ObjectSynchronizer Weak        Min:  0.0, Avg:  0.0, Max:  0.0, Diff:  0.0, Sum:  0.0, Workers: 4
[1941.009s][debug][gc,phases      ] GC(132)     Dead                           Min: 0, Avg:  0.0, Max: 0, Diff: 0, Sum: 0, Workers: 4
[1941.009s][debug][gc,phases      ] GC(132)     Total                          Min: 0, Avg: 14.8, Max: 59, Diff: 59, Sum: 59, Workers: 4
[1941.009s][debug][gc,phases      ] GC(132)   JVMTI Tag Weak OopStorage      Min:  0.0, Avg:  0.0, Max:  0.0, Diff:  0.0, Sum:  0.0, Workers: 4
[1941.009s][debug][gc,phases      ] GC(132)     Dead                           Min: 0, Avg:  0.0, Max: 0, Diff: 0, Sum: 0, Workers: 4
[1941.009s][debug][gc,phases      ] GC(132)     Total                          Min: 0, Avg:  0.0, Max: 0, Diff: 0, Sum: 0, Workers: 4
[1941.009s][debug][gc,phases      ] GC(132)   StringTable Weak               Min:  0.0, Avg:  0.1, Max:  0.1, Diff:  0.1, Sum:  0.4, Workers: 4
[1941.009s][debug][gc,phases      ] GC(132)     Dead                           Min: 0, Avg:  0.0, Max: 0, Diff: 0, Sum: 0, Workers: 4
[1941.009s][debug][gc,phases      ] GC(132)     Total                          Min: 0, Avg: 11037.0, Max: 15230, Diff: 15230, Sum: 44148, Workers: 4
[1941.009s][debug][gc,phases      ] GC(132)   ResolvedMethodTable Weak       Min:  0.0, Avg:  0.0, Max:  0.0, Diff:  0.0, Sum:  0.1, Workers: 4
[1941.009s][debug][gc,phases      ] GC(132)     Dead                           Min: 0, Avg:  0.0, Max: 0, Diff: 0, Sum: 0, Workers: 4
[1941.009s][debug][gc,phases      ] GC(132)     Total                          Min: 0, Avg: 2438.8, Max: 3392, Diff: 3392, Sum: 9755, Workers: 4
[1941.009s][debug][gc,phases      ] GC(132)   JNI Weak                       Min:  0.0, Avg:  0.0, Max:  0.0, Diff:  0.0, Sum:  0.0, Workers: 4
[1941.009s][debug][gc,phases      ] GC(132)     Dead                           Min: 0, Avg:  0.0, Max: 0, Diff: 0, Sum: 0, Workers: 4
[1941.009s][debug][gc,phases      ] GC(132)     Total                          Min: 0, Avg: 11.2, Max: 45, Diff: 45, Sum: 45, Workers: 4
[1941.009s][debug][gc,phases      ] GC(132)   StringDedup Table Weak         Min:  0.0, Avg:  0.0, Max:  0.0, Diff:  0.0, Sum:  0.0, Workers: 4
[1941.009s][debug][gc,phases      ] GC(132)     Dead                           Min: 0, Avg:  0.0, Max: 0, Diff: 0, Sum: 0, Workers: 4
[1941.009s][debug][gc,phases      ] GC(132)     Total                          Min: 0, Avg:  0.0, Max: 0, Diff: 0, Sum: 0, Workers: 4
[1941.009s][debug][gc,phases      ] GC(132)   StringDedup Requests0 Weak     Min:  0.0, Avg:  0.0, Max:  0.0, Diff:  0.0, Sum:  0.0, Workers: 4
[1941.009s][debug][gc,phases      ] GC(132)     Dead                           Min: 0, Avg:  0.0, Max: 0, Diff: 0, Sum: 0, Workers: 4
[1941.009s][debug][gc,phases      ] GC(132)     Total                          Min: 0, Avg:  0.0, Max: 0, Diff: 0, Sum: 0, Workers: 4
[1941.009s][debug][gc,phases      ] GC(132)   StringDedup Requests1 Weak     Min:  0.0, Avg:  0.0, Max:  0.0, Diff:  0.0, Sum:  0.0, Workers: 4
[1941.009s][debug][gc,phases      ] GC(132)     Dead                           Min: 0, Avg:  0.0, Max: 0, Diff: 0, Sum: 0, Workers: 4
[1941.009s][debug][gc,phases      ] GC(132)     Total                          Min: 0, Avg:  0.0, Max: 0, Diff: 0, Sum: 0, Workers: 4
[1941.009s][debug][gc,phases      ] GC(132)   Weak JFR Old Object Samples    Min:  0.0, Avg:  0.0, Max:  0.0, Diff:  0.0, Sum:  0.0, Workers: 4
[1941.009s][debug][gc,phases      ] GC(132)     Dead                           Min: 0, Avg:  0.0, Max: 0, Diff: 0, Sum: 0, Workers: 4
[1941.009s][debug][gc,phases      ] GC(132)     Total                          Min: 0, Avg:  0.0, Max: 0, Diff: 0, Sum: 0, Workers: 4
[1941.009s][debug][gc,phases      ] GC(132) Weak Processing 0.356ms
[1941.009s][debug][gc,age         ] GC(132) Desired survivor size 4194304 bytes, new threshold 15 (max threshold 15)
[1941.010s][info ][gc,heap        ] GC(132) PSYoungGen: 2091040K(2092032K)->2112K(2093056K) Eden: 2088960K(2088960K)->0K(2088960K) From: 2080K(3072K)->2112K(4096K)
[1941.010s][info ][gc,heap        ] GC(132) ParOldGen: 364818K(458752K)->364818K(458752K)
[1941.010s][info ][gc,metaspace   ] GC(132) Metaspace: 82841K(83904K)->82841K(83904K) NonClass: 70950K(71552K)->70950K(71552K) Class: 11891K(12352K)->11891K(12352K)
[1941.010s][info ][gc             ] GC(132) Pause Young (Allocation Failure) 2398M->358M(2492M) 6.919ms
[1941.010s][info ][gc,cpu         ] GC(132) User=0.01s Sys=0.00s Real=0.01s
[1941.010s][info ][safepoint      ] Safepoint "ParallelGCFailedAllocation", Time since last: 12601750341 ns, Reaching safepoint: 106500 ns, At safepoint: 7019971 ns, Total: 7126471 ns
[1956.011s][info ][safepoint      ] Safepoint "Cleanup", Time since last: 15001010053 ns, Reaching safepoint: 44000 ns, At safepoint: 2700 ns, Total: 46700 ns
[1957.011s][info ][safepoint      ] Safepoint "Cleanup", Time since last: 1000119996 ns, Reaching safepoint: 42100 ns, At safepoint: 3500 ns, Total: 45600 ns
[1957.343s][info ][gc,start       ] GC(133) Pause Young (Allocation Failure)
[1957.349s][debug][gc,phases      ] GC(133) Scavenge 5.770ms
[1957.349s][debug][gc,ref         ] GC(133) Skipped phase 1 of Reference Processing: no references
[1957.349s][debug][gc,ref         ] GC(133) ReferenceProcessor::execute queues: 1, RefProcThreadModel::Single, marks_oops_alive: false
[1957.349s][debug][gc,ref         ] GC(133) Skipped phase 3 of Reference Processing: no references
[1957.349s][debug][gc,ref         ] GC(133) ReferenceProcessor::execute queues: 1, RefProcThreadModel::Single, marks_oops_alive: false
[1957.349s][debug][gc,phases      ] GC(133) Reference Processing 0.133ms
[1957.349s][debug][gc,phases      ] GC(133)   VM Weak                        Min:  0.0, Avg:  0.0, Max:  0.0, Diff:  0.0, Sum:  0.0, Workers: 4
[1957.349s][debug][gc,phases      ] GC(133)     Dead                           Min: 0, Avg:  0.0, Max: 0, Diff: 0, Sum: 0, Workers: 4
[1957.349s][debug][gc,phases      ] GC(133)     Total                          Min: 0, Avg: 211.8, Max: 640, Diff: 640, Sum: 847, Workers: 4
[1957.349s][debug][gc,phases      ] GC(133)   ObjectSynchronizer Weak        Min:  0.0, Avg:  0.0, Max:  0.0, Diff:  0.0, Sum:  0.0, Workers: 4
[1957.349s][debug][gc,phases      ] GC(133)     Dead                           Min: 0, Avg:  0.0, Max: 0, Diff: 0, Sum: 0, Workers: 4
[1957.349s][debug][gc,phases      ] GC(133)     Total                          Min: 0, Avg: 14.8, Max: 59, Diff: 59, Sum: 59, Workers: 4
[1957.349s][debug][gc,phases      ] GC(133)   JVMTI Tag Weak OopStorage      Min:  0.0, Avg:  0.0, Max:  0.0, Diff:  0.0, Sum:  0.0, Workers: 4
[1957.349s][debug][gc,phases      ] GC(133)     Dead                           Min: 0, Avg:  0.0, Max: 0, Diff: 0, Sum: 0, Workers: 4
[1957.349s][debug][gc,phases      ] GC(133)     Total                          Min: 0, Avg:  0.0, Max: 0, Diff: 0, Sum: 0, Workers: 4
[1957.349s][debug][gc,phases      ] GC(133)   StringTable Weak               Min:  0.0, Avg:  0.1, Max:  0.1, Diff:  0.1, Sum:  0.4, Workers: 4
[1957.349s][debug][gc,phases      ] GC(133)     Dead                           Min: 0, Avg:  0.0, Max: 0, Diff: 0, Sum: 0, Workers: 4
[1957.349s][debug][gc,phases      ] GC(133)     Total                          Min: 0, Avg: 11037.0, Max: 15030, Diff: 15030, Sum: 44148, Workers: 4
[1957.349s][debug][gc,phases      ] GC(133)   ResolvedMethodTable Weak       Min:  0.0, Avg:  0.0, Max:  0.0, Diff:  0.0, Sum:  0.1, Workers: 4
[1957.349s][debug][gc,phases      ] GC(133)     Dead                           Min: 0, Avg:  0.0, Max: 0, Diff: 0, Sum: 0, Workers: 4
[1957.349s][debug][gc,phases      ] GC(133)     Total                          Min: 0, Avg: 2438.8, Max: 3355, Diff: 3355, Sum: 9755, Workers: 4
[1957.349s][debug][gc,phases      ] GC(133)   JNI Weak                       Min:  0.0, Avg:  0.0, Max:  0.0, Diff:  0.0, Sum:  0.0, Workers: 4
[1957.349s][debug][gc,phases      ] GC(133)     Dead                           Min: 0, Avg:  0.0, Max: 0, Diff: 0, Sum: 0, Workers: 4
[1957.349s][debug][gc,phases      ] GC(133)     Total                          Min: 0, Avg: 11.2, Max: 45, Diff: 45, Sum: 45, Workers: 4
[1957.349s][debug][gc,phases      ] GC(133)   StringDedup Table Weak         Min:  0.0, Avg:  0.0, Max:  0.0, Diff:  0.0, Sum:  0.0, Workers: 4
[1957.349s][debug][gc,phases      ] GC(133)     Dead                           Min: 0, Avg:  0.0, Max: 0, Diff: 0, Sum: 0, Workers: 4
[1957.349s][debug][gc,phases      ] GC(133)     Total                          Min: 0, Avg:  0.0, Max: 0, Diff: 0, Sum: 0, Workers: 4
[1957.349s][debug][gc,phases      ] GC(133)   StringDedup Requests0 Weak     Min:  0.0, Avg:  0.0, Max:  0.0, Diff:  0.0, Sum:  0.0, Workers: 4
[1957.349s][debug][gc,phases      ] GC(133)     Dead                           Min: 0, Avg:  0.0, Max: 0, Diff: 0, Sum: 0, Workers: 4
[1957.349s][debug][gc,phases      ] GC(133)     Total                          Min: 0, Avg:  0.0, Max: 0, Diff: 0, Sum: 0, Workers: 4
[1957.349s][debug][gc,phases      ] GC(133)   StringDedup Requests1 Weak     Min:  0.0, Avg:  0.0, Max:  0.0, Diff:  0.0, Sum:  0.0, Workers: 4
[1957.349s][debug][gc,phases      ] GC(133)     Dead                           Min: 0, Avg:  0.0, Max: 0, Diff: 0, Sum: 0, Workers: 4
[1957.349s][debug][gc,phases      ] GC(133)     Total                          Min: 0, Avg:  0.0, Max: 0, Diff: 0, Sum: 0, Workers: 4
[1957.349s][debug][gc,phases      ] GC(133)   Weak JFR Old Object Samples    Min:  0.0, Avg:  0.0, Max:  0.0, Diff:  0.0, Sum:  0.0, Workers: 4
[1957.349s][debug][gc,phases      ] GC(133)     Dead                           Min: 0, Avg:  0.0, Max: 0, Diff: 0, Sum: 0, Workers: 4
[1957.349s][debug][gc,phases      ] GC(133)     Total                          Min: 0, Avg:  0.0, Max: 0, Diff: 0, Sum: 0, Workers: 4
[1957.349s][debug][gc,phases      ] GC(133) Weak Processing 0.360ms
[1957.349s][debug][gc,age         ] GC(133) Desired survivor size 4194304 bytes, new threshold 15 (max threshold 15)
[1957.349s][info ][gc,heap        ] GC(133) PSYoungGen: 2091072K(2093056K)->2128K(2093056K) Eden: 2088960K(2088960K)->0K(2088960K) From: 2112K(4096K)->2128K(4096K)
[1957.349s][info ][gc,heap        ] GC(133) ParOldGen: 364818K(458752K)->364834K(458752K)
[1957.349s][info ][gc,metaspace   ] GC(133) Metaspace: 82844K(83904K)->82844K(83904K) NonClass: 70952K(71552K)->70952K(71552K) Class: 11891K(12352K)->11891K(12352K)
[1957.349s][info ][gc             ] GC(133) Pause Young (Allocation Failure) 2398M->358M(2492M) 6.398ms
[1957.349s][info ][gc,cpu         ] GC(133) User=0.02s Sys=0.00s Real=0.01s
[1957.349s][info ][safepoint      ] Safepoint "ParallelGCFailedAllocation", Time since last: 331895138 ns, Reaching safepoint: 38499 ns, At safepoint: 6474074 ns, Total: 6512573 ns
[1967.350s][info ][safepoint      ] Safepoint "Cleanup", Time since last: 10000698019 ns, Reaching safepoint: 116799 ns, At safepoint: 5100 ns, Total: 121899 ns
[1970.350s][info ][safepoint      ] Safepoint "Cleanup", Time since last: 3000276514 ns, Reaching safepoint: 45799 ns, At safepoint: 2700 ns, Total: 48499 ns
[1973.303s][info ][gc,start       ] GC(134) Pause Young (Allocation Failure)
[1973.309s][debug][gc,phases      ] GC(134) Scavenge 5.315ms
[1973.309s][debug][gc,ref         ] GC(134) Skipped phase 1 of Reference Processing: no references
[1973.309s][debug][gc,ref         ] GC(134) ReferenceProcessor::execute queues: 1, RefProcThreadModel::Single, marks_oops_alive: false
[1973.309s][debug][gc,ref         ] GC(134) Skipped phase 3 of Reference Processing: no references
[1973.309s][debug][gc,ref         ] GC(134) ReferenceProcessor::execute queues: 1, RefProcThreadModel::Single, marks_oops_alive: false
[1973.309s][debug][gc,phases      ] GC(134) Reference Processing 0.093ms
[1973.309s][debug][gc,phases      ] GC(134)   VM Weak                        Min:  0.0, Avg:  0.0, Max:  0.0, Diff:  0.0, Sum:  0.0, Workers: 4
[1973.309s][debug][gc,phases      ] GC(134)     Dead                           Min: 0, Avg:  0.0, Max: 0, Diff: 0, Sum: 0, Workers: 4
[1973.309s][debug][gc,phases      ] GC(134)     Total                          Min: 0, Avg: 211.8, Max: 448, Diff: 448, Sum: 847, Workers: 4
[1973.309s][debug][gc,phases      ] GC(134)   ObjectSynchronizer Weak        Min:  0.0, Avg:  0.0, Max:  0.0, Diff:  0.0, Sum:  0.0, Workers: 4
[1973.309s][debug][gc,phases      ] GC(134)     Dead                           Min: 0, Avg:  0.0, Max: 0, Diff: 0, Sum: 0, Workers: 4
[1973.309s][debug][gc,phases      ] GC(134)     Total                          Min: 0, Avg: 14.8, Max: 59, Diff: 59, Sum: 59, Workers: 4
[1973.309s][debug][gc,phases      ] GC(134)   JVMTI Tag Weak OopStorage      Min:  0.0, Avg:  0.0, Max:  0.0, Diff:  0.0, Sum:  0.0, Workers: 4
[1973.309s][debug][gc,phases      ] GC(134)     Dead                           Min: 0, Avg:  0.0, Max: 0, Diff: 0, Sum: 0, Workers: 4
[1973.309s][debug][gc,phases      ] GC(134)     Total                          Min: 0, Avg:  0.0, Max: 0, Diff: 0, Sum: 0, Workers: 4
[1973.309s][debug][gc,phases      ] GC(134)   StringTable Weak               Min:  0.0, Avg:  0.1, Max:  0.1, Diff:  0.1, Sum:  0.4, Workers: 4
[1973.309s][debug][gc,phases      ] GC(134)     Dead                           Min: 0, Avg:  0.0, Max: 0, Diff: 0, Sum: 0, Workers: 4
[1973.309s][debug][gc,phases      ] GC(134)     Total                          Min: 0, Avg: 11037.2, Max: 15680, Diff: 15680, Sum: 44149, Workers: 4
[1973.309s][debug][gc,phases      ] GC(134)   ResolvedMethodTable Weak       Min:  0.0, Avg:  0.0, Max:  0.0, Diff:  0.0, Sum:  0.1, Workers: 4
[1973.309s][debug][gc,phases      ] GC(134)     Dead                           Min: 0, Avg:  0.0, Max: 0, Diff: 0, Sum: 0, Workers: 4
[1973.309s][debug][gc,phases      ] GC(134)     Total                          Min: 0, Avg: 2438.8, Max: 3456, Diff: 3456, Sum: 9755, Workers: 4
[1973.309s][debug][gc,phases      ] GC(134)   JNI Weak                       Min:  0.0, Avg:  0.0, Max:  0.0, Diff:  0.0, Sum:  0.0, Workers: 4
[1973.309s][debug][gc,phases      ] GC(134)     Dead                           Min: 0, Avg:  0.0, Max: 0, Diff: 0, Sum: 0, Workers: 4
[1973.309s][debug][gc,phases      ] GC(134)     Total                          Min: 0, Avg: 11.2, Max: 45, Diff: 45, Sum: 45, Workers: 4
[1973.309s][debug][gc,phases      ] GC(134)   StringDedup Table Weak         Min:  0.0, Avg:  0.0, Max:  0.0, Diff:  0.0, Sum:  0.0, Workers: 4
[1973.309s][debug][gc,phases      ] GC(134)     Dead                           Min: 0, Avg:  0.0, Max: 0, Diff: 0, Sum: 0, Workers: 4
[1973.309s][debug][gc,phases      ] GC(134)     Total                          Min: 0, Avg:  0.0, Max: 0, Diff: 0, Sum: 0, Workers: 4
[1973.309s][debug][gc,phases      ] GC(134)   StringDedup Requests0 Weak     Min:  0.0, Avg:  0.0, Max:  0.0, Diff:  0.0, Sum:  0.0, Workers: 4
[1973.309s][debug][gc,phases      ] GC(134)     Dead                           Min: 0, Avg:  0.0, Max: 0, Diff: 0, Sum: 0, Workers: 4
[1973.309s][debug][gc,phases      ] GC(134)     Total                          Min: 0, Avg:  0.0, Max: 0, Diff: 0, Sum: 0, Workers: 4
[1973.309s][debug][gc,phases      ] GC(134)   StringDedup Requests1 Weak     Min:  0.0, Avg:  0.0, Max:  0.0, Diff:  0.0, Sum:  0.0, Workers: 4
[1973.309s][debug][gc,phases      ] GC(134)     Dead                           Min: 0, Avg:  0.0, Max: 0, Diff: 0, Sum: 0, Workers: 4
[1973.309s][debug][gc,phases      ] GC(134)     Total                          Min: 0, Avg:  0.0, Max: 0, Diff: 0, Sum: 0, Workers: 4
[1973.309s][debug][gc,phases      ] GC(134)   Weak JFR Old Object Samples    Min:  0.0, Avg:  0.0, Max:  0.0, Diff:  0.0, Sum:  0.0, Workers: 4
[1973.309s][debug][gc,phases      ] GC(134)     Dead                           Min: 0, Avg:  0.0, Max: 0, Diff: 0, Sum: 0, Workers: 4
[1973.309s][debug][gc,phases      ] GC(134)     Total                          Min: 0, Avg:  0.0, Max: 0, Diff: 0, Sum: 0, Workers: 4
[1973.309s][debug][gc,phases      ] GC(134) Weak Processing 0.328ms
[1973.309s][debug][gc,age         ] GC(134) Desired survivor size 3670016 bytes, new threshold 15 (max threshold 15)
[1973.309s][info ][gc,heap        ] GC(134) PSYoungGen: 2091088K(2093056K)->2096K(2093056K) Eden: 2088960K(2088960K)->0K(2088960K) From: 2128K(4096K)->2096K(4096K)
[1973.309s][info ][gc,heap        ] GC(134) ParOldGen: 364834K(458752K)->364834K(458752K)
[1973.309s][info ][gc,metaspace   ] GC(134) Metaspace: 82848K(83904K)->82848K(83904K) NonClass: 70956K(71552K)->70956K(71552K) Class: 11891K(12352K)->11891K(12352K)
[1973.309s][info ][gc             ] GC(134) Pause Young (Allocation Failure) 2398M->358M(2492M) 5.849ms
[1973.309s][info ][gc,cpu         ] GC(134) User=0.01s Sys=0.00s Real=0.01s
[1973.309s][info ][safepoint      ] Safepoint "ParallelGCFailedAllocation", Time since last: 2952699861 ns, Reaching safepoint: 113600 ns, At safepoint: 5925275 ns, Total: 6038875 ns
[1989.897s][info ][gc,start       ] GC(135) Pause Young (Allocation Failure)
[1989.902s][debug][gc,phases      ] GC(135) Scavenge 4.692ms
[1989.902s][debug][gc,ref         ] GC(135) Skipped phase 1 of Reference Processing: no references
[1989.902s][debug][gc,ref         ] GC(135) ReferenceProcessor::execute queues: 1, RefProcThreadModel::Single, marks_oops_alive: false
[1989.902s][debug][gc,ref         ] GC(135) Skipped phase 3 of Reference Processing: no references
[1989.902s][debug][gc,ref         ] GC(135) ReferenceProcessor::execute queues: 1, RefProcThreadModel::Single, marks_oops_alive: false
[1989.902s][debug][gc,phases      ] GC(135) Reference Processing 0.117ms
[1989.902s][debug][gc,phases      ] GC(135)   VM Weak                        Min:  0.0, Avg:  0.0, Max:  0.0, Diff:  0.0, Sum:  0.0, Workers: 4
[1989.902s][debug][gc,phases      ] GC(135)     Dead                           Min: 0, Avg:  0.0, Max: 0, Diff: 0, Sum: 0, Workers: 4
[1989.902s][debug][gc,phases      ] GC(135)     Total                          Min: 0, Avg: 211.8, Max: 448, Diff: 448, Sum: 847, Workers: 4
[1989.902s][debug][gc,phases      ] GC(135)   ObjectSynchronizer Weak        Min:  0.0, Avg:  0.0, Max:  0.0, Diff:  0.0, Sum:  0.0, Workers: 4
[1989.902s][debug][gc,phases      ] GC(135)     Dead                           Min: 0, Avg:  0.0, Max: 0, Diff: 0, Sum: 0, Workers: 4
[1989.902s][debug][gc,phases      ] GC(135)     Total                          Min: 0, Avg: 14.8, Max: 59, Diff: 59, Sum: 59, Workers: 4
[1989.902s][debug][gc,phases      ] GC(135)   JVMTI Tag Weak OopStorage      Min:  0.0, Avg:  0.0, Max:  0.0, Diff:  0.0, Sum:  0.0, Workers: 4
[1989.902s][debug][gc,phases      ] GC(135)     Dead                           Min: 0, Avg:  0.0, Max: 0, Diff: 0, Sum: 0, Workers: 4
[1989.902s][debug][gc,phases      ] GC(135)     Total                          Min: 0, Avg:  0.0, Max: 0, Diff: 0, Sum: 0, Workers: 4
[1989.902s][debug][gc,phases      ] GC(135)   StringTable Weak               Min:  0.0, Avg:  0.1, Max:  0.2, Diff:  0.2, Sum:  0.4, Workers: 4
[1989.902s][debug][gc,phases      ] GC(135)     Dead                           Min: 0, Avg:  0.0, Max: 0, Diff: 0, Sum: 0, Workers: 4
[1989.902s][debug][gc,phases      ] GC(135)     Total                          Min: 0, Avg: 11037.2, Max: 32702, Diff: 32702, Sum: 44149, Workers: 4
[1989.902s][debug][gc,phases      ] GC(135)   ResolvedMethodTable Weak       Min:  0.0, Avg:  0.0, Max:  0.0, Diff:  0.0, Sum:  0.1, Workers: 4
[1989.902s][debug][gc,phases      ] GC(135)     Dead                           Min: 0, Avg:  0.0, Max: 0, Diff: 0, Sum: 0, Workers: 4
[1989.902s][debug][gc,phases      ] GC(135)     Total                          Min: 0, Avg: 2438.8, Max: 6043, Diff: 6043, Sum: 9755, Workers: 4
[1989.902s][debug][gc,phases      ] GC(135)   JNI Weak                       Min:  0.0, Avg:  0.0, Max:  0.0, Diff:  0.0, Sum:  0.0, Workers: 4
[1989.902s][debug][gc,phases      ] GC(135)     Dead                           Min: 0, Avg:  0.0, Max: 0, Diff: 0, Sum: 0, Workers: 4
[1989.902s][debug][gc,phases      ] GC(135)     Total                          Min: 0, Avg: 11.2, Max: 45, Diff: 45, Sum: 45, Workers: 4
[1989.902s][debug][gc,phases      ] GC(135)   StringDedup Table Weak         Min:  0.0, Avg:  0.0, Max:  0.0, Diff:  0.0, Sum:  0.0, Workers: 4
[1989.902s][debug][gc,phases      ] GC(135)     Dead                           Min: 0, Avg:  0.0, Max: 0, Diff: 0, Sum: 0, Workers: 4
[1989.902s][debug][gc,phases      ] GC(135)     Total                          Min: 0, Avg:  0.0, Max: 0, Diff: 0, Sum: 0, Workers: 4
[1989.902s][debug][gc,phases      ] GC(135)   StringDedup Requests0 Weak     Min:  0.0, Avg:  0.0, Max:  0.0, Diff:  0.0, Sum:  0.0, Workers: 4
[1989.902s][debug][gc,phases      ] GC(135)     Dead                           Min: 0, Avg:  0.0, Max: 0, Diff: 0, Sum: 0, Workers: 4
[1989.902s][debug][gc,phases      ] GC(135)     Total                          Min: 0, Avg:  0.0, Max: 0, Diff: 0, Sum: 0, Workers: 4
[1989.902s][debug][gc,phases      ] GC(135)   StringDedup Requests1 Weak     Min:  0.0, Avg:  0.0, Max:  0.0, Diff:  0.0, Sum:  0.0, Workers: 4
[1989.902s][debug][gc,phases      ] GC(135)     Dead                           Min: 0, Avg:  0.0, Max: 0, Diff: 0, Sum: 0, Workers: 4
[1989.902s][debug][gc,phases      ] GC(135)     Total                          Min: 0, Avg:  0.0, Max: 0, Diff: 0, Sum: 0, Workers: 4
[1989.902s][debug][gc,phases      ] GC(135)   Weak JFR Old Object Samples    Min:  0.0, Avg:  0.0, Max:  0.0, Diff:  0.0, Sum:  0.0, Workers: 4
[1989.902s][debug][gc,phases      ] GC(135)     Dead                           Min: 0, Avg:  0.0, Max: 0, Diff: 0, Sum: 0, Workers: 4
[1989.902s][debug][gc,phases      ] GC(135)     Total                          Min: 0, Avg:  0.0, Max: 0, Diff: 0, Sum: 0, Workers: 4
[1989.902s][debug][gc,phases      ] GC(135) Weak Processing 0.382ms
[1989.902s][debug][gc,age         ] GC(135) Desired survivor size 3670016 bytes, new threshold 15 (max threshold 15)
[1989.903s][info ][gc,heap        ] GC(135) PSYoungGen: 2091056K(2093056K)->1968K(2093568K) Eden: 2088960K(2088960K)->0K(2089984K) From: 2096K(4096K)->1968K(3584K)
[1989.903s][info ][gc,heap        ] GC(135) ParOldGen: 364834K(458752K)->364858K(458752K)
[1989.903s][info ][gc,metaspace   ] GC(135) Metaspace: 82854K(83904K)->82854K(83904K) NonClass: 70962K(71552K)->70962K(71552K) Class: 11891K(12352K)->11891K(12352K)
[1989.903s][info ][gc             ] GC(135) Pause Young (Allocation Failure) 2398M->358M(2492M) 5.295ms
[1989.903s][info ][gc,cpu         ] GC(135) User=0.01s Sys=0.00s Real=0.00s
[1989.903s][info ][safepoint      ] Safepoint "ParallelGCFailedAllocation", Time since last: 16588016062 ns, Reaching safepoint: 40200 ns, At safepoint: 5377578 ns, Total: 5417778 ns
[1990.903s][info ][safepoint      ] Safepoint "Cleanup", Time since last: 1000079001 ns, Reaching safepoint: 33400 ns, At safepoint: 3100 ns, Total: 36500 ns
[1993.903s][info ][safepoint      ] Safepoint "Cleanup", Time since last: 3000231804 ns, Reaching safepoint: 49599 ns, At safepoint: 6100 ns, Total: 55699 ns
[1995.903s][info ][safepoint      ] Safepoint "Cleanup", Time since last: 2000184118 ns, Reaching safepoint: 43600 ns, At safepoint: 2500 ns, Total: 46100 ns
[1996.903s][info ][safepoint      ] Safepoint "Cleanup", Time since last: 1000113658 ns, Reaching safepoint: 40799 ns, At safepoint: 2500 ns, Total: 43299 ns
[1997.903s][info ][safepoint      ] Safepoint "Cleanup", Time since last: 1000103458 ns, Reaching safepoint: 48400 ns, At safepoint: 7400 ns, Total: 55800 ns
[2005.642s][info ][gc,start       ] GC(136) Pause Young (Allocation Failure)
[2005.647s][debug][gc,phases      ] GC(136) Scavenge 4.336ms
[2005.647s][debug][gc,ref         ] GC(136) Skipped phase 1 of Reference Processing: no references
[2005.647s][debug][gc,ref         ] GC(136) ReferenceProcessor::execute queues: 1, RefProcThreadModel::Single, marks_oops_alive: false
[2005.647s][debug][gc,ref         ] GC(136) Skipped phase 3 of Reference Processing: no references
[2005.647s][debug][gc,ref         ] GC(136) ReferenceProcessor::execute queues: 1, RefProcThreadModel::Single, marks_oops_alive: false
[2005.647s][debug][gc,phases      ] GC(136) Reference Processing 0.117ms
[2005.647s][debug][gc,phases      ] GC(136)   VM Weak                        Min:  0.0, Avg:  0.0, Max:  0.0, Diff:  0.0, Sum:  0.0, Workers: 4
[2005.647s][debug][gc,phases      ] GC(136)     Dead                           Min: 0, Avg:  0.0, Max: 0, Diff: 0, Sum: 0, Workers: 4
[2005.647s][debug][gc,phases      ] GC(136)     Total                          Min: 0, Avg: 211.8, Max: 655, Diff: 655, Sum: 847, Workers: 4
[2005.647s][debug][gc,phases      ] GC(136)   ObjectSynchronizer Weak        Min:  0.0, Avg:  0.0, Max:  0.0, Diff:  0.0, Sum:  0.0, Workers: 4
[2005.647s][debug][gc,phases      ] GC(136)     Dead                           Min: 0, Avg:  0.0, Max: 0, Diff: 0, Sum: 0, Workers: 4
[2005.647s][debug][gc,phases      ] GC(136)     Total                          Min: 0, Avg: 14.8, Max: 59, Diff: 59, Sum: 59, Workers: 4
[2005.647s][debug][gc,phases      ] GC(136)   JVMTI Tag Weak OopStorage      Min:  0.0, Avg:  0.0, Max:  0.0, Diff:  0.0, Sum:  0.0, Workers: 4
[2005.647s][debug][gc,phases      ] GC(136)     Dead                           Min: 0, Avg:  0.0, Max: 0, Diff: 0, Sum: 0, Workers: 4
[2005.647s][debug][gc,phases      ] GC(136)     Total                          Min: 0, Avg:  0.0, Max: 0, Diff: 0, Sum: 0, Workers: 4
[2005.647s][debug][gc,phases      ] GC(136)   StringTable Weak               Min:  0.0, Avg:  0.1, Max:  0.1, Diff:  0.1, Sum:  0.4, Workers: 4
[2005.647s][debug][gc,phases      ] GC(136)     Dead                           Min: 0, Avg:  0.0, Max: 0, Diff: 0, Sum: 0, Workers: 4
[2005.647s][debug][gc,phases      ] GC(136)     Total                          Min: 0, Avg: 11037.2, Max: 14912, Diff: 14912, Sum: 44149, Workers: 4
[2005.647s][debug][gc,phases      ] GC(136)   ResolvedMethodTable Weak       Min:  0.0, Avg:  0.0, Max:  0.0, Diff:  0.0, Sum:  0.1, Workers: 4
[2005.647s][debug][gc,phases      ] GC(136)     Dead                           Min: 0, Avg:  0.0, Max: 0, Diff: 0, Sum: 0, Workers: 4
[2005.647s][debug][gc,phases      ] GC(136)     Total                          Min: 0, Avg: 2438.8, Max: 3392, Diff: 3392, Sum: 9755, Workers: 4
[2005.647s][debug][gc,phases      ] GC(136)   JNI Weak                       Min:  0.0, Avg:  0.0, Max:  0.0, Diff:  0.0, Sum:  0.0, Workers: 4
[2005.647s][debug][gc,phases      ] GC(136)     Dead                           Min: 0, Avg:  0.0, Max: 0, Diff: 0, Sum: 0, Workers: 4
[2005.647s][debug][gc,phases      ] GC(136)     Total                          Min: 0, Avg: 11.2, Max: 45, Diff: 45, Sum: 45, Workers: 4
[2005.647s][debug][gc,phases      ] GC(136)   StringDedup Table Weak         Min:  0.0, Avg:  0.0, Max:  0.0, Diff:  0.0, Sum:  0.0, Workers: 4
[2005.647s][debug][gc,phases      ] GC(136)     Dead                           Min: 0, Avg:  0.0, Max: 0, Diff: 0, Sum: 0, Workers: 4
[2005.647s][debug][gc,phases      ] GC(136)     Total                          Min: 0, Avg:  0.0, Max: 0, Diff: 0, Sum: 0, Workers: 4
[2005.647s][debug][gc,phases      ] GC(136)   StringDedup Requests0 Weak     Min:  0.0, Avg:  0.0, Max:  0.0, Diff:  0.0, Sum:  0.0, Workers: 4
[2005.647s][debug][gc,phases      ] GC(136)     Dead                           Min: 0, Avg:  0.0, Max: 0, Diff: 0, Sum: 0, Workers: 4
[2005.647s][debug][gc,phases      ] GC(136)     Total                          Min: 0, Avg:  0.0, Max: 0, Diff: 0, Sum: 0, Workers: 4
[2005.647s][debug][gc,phases      ] GC(136)   StringDedup Requests1 Weak     Min:  0.0, Avg:  0.0, Max:  0.0, Diff:  0.0, Sum:  0.0, Workers: 4
[2005.647s][debug][gc,phases      ] GC(136)     Dead                           Min: 0, Avg:  0.0, Max: 0, Diff: 0, Sum: 0, Workers: 4
[2005.647s][debug][gc,phases      ] GC(136)     Total                          Min: 0, Avg:  0.0, Max: 0, Diff: 0, Sum: 0, Workers: 4
[2005.647s][debug][gc,phases      ] GC(136)   Weak JFR Old Object Samples    Min:  0.0, Avg:  0.0, Max:  0.0, Diff:  0.0, Sum:  0.0, Workers: 4
[2005.647s][debug][gc,phases      ] GC(136)     Dead                           Min: 0, Avg:  0.0, Max: 0, Diff: 0, Sum: 0, Workers: 4
[2005.647s][debug][gc,phases      ] GC(136)     Total                          Min: 0, Avg:  0.0, Max: 0, Diff: 0, Sum: 0, Workers: 4
[2005.647s][debug][gc,phases      ] GC(136) Weak Processing 0.348ms
[2005.647s][debug][gc,age         ] GC(136) Desired survivor size 3670016 bytes, new threshold 15 (max threshold 15)
[2005.647s][info ][gc,heap        ] GC(136) PSYoungGen: 2091952K(2093568K)->2112K(2093568K) Eden: 2089984K(2089984K)->0K(2089984K) From: 1968K(3584K)->2112K(3584K)
[2005.647s][info ][gc,heap        ] GC(136) ParOldGen: 364858K(458752K)->364866K(458752K)
[2005.647s][info ][gc,metaspace   ] GC(136) Metaspace: 82857K(83904K)->82857K(83904K) NonClass: 70966K(71552K)->70966K(71552K) Class: 11891K(12352K)->11891K(12352K)
[2005.647s][info ][gc             ] GC(136) Pause Young (Allocation Failure) 2399M->358M(2492M) 4.919ms
[2005.647s][info ][gc,cpu         ] GC(136) User=0.01s Sys=0.00s Real=0.01s
[2005.647s][info ][safepoint      ] Safepoint "ParallelGCFailedAllocation", Time since last: 7738823610 ns, Reaching safepoint: 41500 ns, At safepoint: 4987479 ns, Total: 5028979 ns
[2012.648s][info ][safepoint      ] Safepoint "Cleanup", Time since last: 7000492276 ns, Reaching safepoint: 123299 ns, At safepoint: 6300 ns, Total: 129599 ns
[2021.943s][info ][gc,start       ] GC(137) Pause Young (Allocation Failure)
[2021.948s][debug][gc,phases      ] GC(137) Scavenge 5.404ms
[2021.948s][debug][gc,ref         ] GC(137) Skipped phase 1 of Reference Processing: no references
[2021.948s][debug][gc,ref         ] GC(137) ReferenceProcessor::execute queues: 1, RefProcThreadModel::Single, marks_oops_alive: false
[2021.948s][debug][gc,ref         ] GC(137) Skipped phase 3 of Reference Processing: no references
[2021.948s][debug][gc,ref         ] GC(137) ReferenceProcessor::execute queues: 1, RefProcThreadModel::Single, marks_oops_alive: false
[2021.948s][debug][gc,phases      ] GC(137) Reference Processing 0.091ms
[2021.949s][debug][gc,phases      ] GC(137)   VM Weak                        Min:  0.0, Avg:  0.0, Max:  0.0, Diff:  0.0, Sum:  0.0, Workers: 4
[2021.949s][debug][gc,phases      ] GC(137)     Dead                           Min: 0, Avg:  0.0, Max: 0, Diff: 0, Sum: 0, Workers: 4
[2021.949s][debug][gc,phases      ] GC(137)     Total                          Min: 0, Avg: 211.8, Max: 399, Diff: 399, Sum: 847, Workers: 4
[2021.949s][debug][gc,phases      ] GC(137)   ObjectSynchronizer Weak        Min:  0.0, Avg:  0.0, Max:  0.0, Diff:  0.0, Sum:  0.0, Workers: 4
[2021.949s][debug][gc,phases      ] GC(137)     Dead                           Min: 0, Avg:  0.0, Max: 0, Diff: 0, Sum: 0, Workers: 4
[2021.949s][debug][gc,phases      ] GC(137)     Total                          Min: 0, Avg: 14.8, Max: 59, Diff: 59, Sum: 59, Workers: 4
[2021.949s][debug][gc,phases      ] GC(137)   JVMTI Tag Weak OopStorage      Min:  0.0, Avg:  0.0, Max:  0.0, Diff:  0.0, Sum:  0.0, Workers: 4
[2021.949s][debug][gc,phases      ] GC(137)     Dead                           Min: 0, Avg:  0.0, Max: 0, Diff: 0, Sum: 0, Workers: 4
[2021.949s][debug][gc,phases      ] GC(137)     Total                          Min: 0, Avg:  0.0, Max: 0, Diff: 0, Sum: 0, Workers: 4
[2021.949s][debug][gc,phases      ] GC(137)   StringTable Weak               Min:  0.0, Avg:  0.1, Max:  0.1, Diff:  0.1, Sum:  0.4, Workers: 4
[2021.949s][debug][gc,phases      ] GC(137)     Dead                           Min: 0, Avg:  0.0, Max: 0, Diff: 0, Sum: 0, Workers: 4
[2021.949s][debug][gc,phases      ] GC(137)     Total                          Min: 0, Avg: 11037.2, Max: 14911, Diff: 14911, Sum: 44149, Workers: 4
[2021.949s][debug][gc,phases      ] GC(137)   ResolvedMethodTable Weak       Min:  0.0, Avg:  0.0, Max:  0.0, Diff:  0.0, Sum:  0.1, Workers: 4
[2021.949s][debug][gc,phases      ] GC(137)     Dead                           Min: 0, Avg:  0.0, Max: 0, Diff: 0, Sum: 0, Workers: 4
[2021.949s][debug][gc,phases      ] GC(137)     Total                          Min: 0, Avg: 2438.8, Max: 3328, Diff: 3328, Sum: 9755, Workers: 4
[2021.949s][debug][gc,phases      ] GC(137)   JNI Weak                       Min:  0.0, Avg:  0.0, Max:  0.0, Diff:  0.0, Sum:  0.0, Workers: 4
[2021.949s][debug][gc,phases      ] GC(137)     Dead                           Min: 0, Avg:  0.0, Max: 0, Diff: 0, Sum: 0, Workers: 4
[2021.949s][debug][gc,phases      ] GC(137)     Total                          Min: 0, Avg: 11.2, Max: 45, Diff: 45, Sum: 45, Workers: 4
[2021.949s][debug][gc,phases      ] GC(137)   StringDedup Table Weak         Min:  0.0, Avg:  0.0, Max:  0.0, Diff:  0.0, Sum:  0.0, Workers: 4
[2021.949s][debug][gc,phases      ] GC(137)     Dead                           Min: 0, Avg:  0.0, Max: 0, Diff: 0, Sum: 0, Workers: 4
[2021.949s][debug][gc,phases      ] GC(137)     Total                          Min: 0, Avg:  0.0, Max: 0, Diff: 0, Sum: 0, Workers: 4
[2021.949s][debug][gc,phases      ] GC(137)   StringDedup Requests0 Weak     Min:  0.0, Avg:  0.0, Max:  0.0, Diff:  0.0, Sum:  0.0, Workers: 4
[2021.949s][debug][gc,phases      ] GC(137)     Dead                           Min: 0, Avg:  0.0, Max: 0, Diff: 0, Sum: 0, Workers: 4
[2021.949s][debug][gc,phases      ] GC(137)     Total                          Min: 0, Avg:  0.0, Max: 0, Diff: 0, Sum: 0, Workers: 4
[2021.949s][debug][gc,phases      ] GC(137)   StringDedup Requests1 Weak     Min:  0.0, Avg:  0.0, Max:  0.0, Diff:  0.0, Sum:  0.0, Workers: 4
[2021.949s][debug][gc,phases      ] GC(137)     Dead                           Min: 0, Avg:  0.0, Max: 0, Diff: 0, Sum: 0, Workers: 4
[2021.949s][debug][gc,phases      ] GC(137)     Total                          Min: 0, Avg:  0.0, Max: 0, Diff: 0, Sum: 0, Workers: 4
[2021.949s][debug][gc,phases      ] GC(137)   Weak JFR Old Object Samples    Min:  0.0, Avg:  0.0, Max:  0.0, Diff:  0.0, Sum:  0.0, Workers: 4
[2021.949s][debug][gc,phases      ] GC(137)     Dead                           Min: 0, Avg:  0.0, Max: 0, Diff: 0, Sum: 0, Workers: 4
[2021.949s][debug][gc,phases      ] GC(137)     Total                          Min: 0, Avg:  0.0, Max: 0, Diff: 0, Sum: 0, Workers: 4
[2021.949s][debug][gc,phases      ] GC(137) Weak Processing 0.391ms
[2021.949s][debug][gc,age         ] GC(137) Desired survivor size 3670016 bytes, new threshold 15 (max threshold 15)
[2021.949s][info ][gc,heap        ] GC(137) PSYoungGen: 2092096K(2093568K)->2160K(2093568K) Eden: 2089984K(2089984K)->0K(2089984K) From: 2112K(3584K)->2160K(3584K)
[2021.949s][info ][gc,heap        ] GC(137) ParOldGen: 364866K(458752K)->364890K(458752K)
[2021.949s][info ][gc,metaspace   ] GC(137) Metaspace: 82859K(83904K)->82859K(83904K) NonClass: 70968K(71552K)->70968K(71552K) Class: 11891K(12352K)->11891K(12352K)
[2021.949s][info ][gc             ] GC(137) Pause Young (Allocation Failure) 2399M->358M(2492M) 6.002ms
[2021.949s][info ][gc,cpu         ] GC(137) User=0.02s Sys=0.00s Real=0.01s
[2021.949s][info ][safepoint      ] Safepoint "ParallelGCFailedAllocation", Time since last: 9294815869 ns, Reaching safepoint: 35100 ns, At safepoint: 6072375 ns, Total: 6107475 ns
[2025.949s][info ][safepoint      ] Safepoint "Cleanup", Time since last: 4000281945 ns, Reaching safepoint: 36600 ns, At safepoint: 2800 ns, Total: 39400 ns
[2040.344s][info ][gc,start       ] GC(138) Pause Young (Allocation Failure)
[2040.349s][debug][gc,phases      ] GC(138) Scavenge 5.816ms
[2040.349s][debug][gc,ref         ] GC(138) Skipped phase 1 of Reference Processing: no references
[2040.350s][debug][gc,ref         ] GC(138) ReferenceProcessor::execute queues: 1, RefProcThreadModel::Single, marks_oops_alive: false
[2040.350s][debug][gc,ref         ] GC(138) Skipped phase 3 of Reference Processing: no references
[2040.350s][debug][gc,ref         ] GC(138) ReferenceProcessor::execute queues: 1, RefProcThreadModel::Single, marks_oops_alive: false
[2040.350s][debug][gc,phases      ] GC(138) Reference Processing 0.092ms
[2040.350s][debug][gc,phases      ] GC(138)   VM Weak                        Min:  0.0, Avg:  0.0, Max:  0.0, Diff:  0.0, Sum:  0.0, Workers: 4
[2040.350s][debug][gc,phases      ] GC(138)     Dead                           Min: 0, Avg:  0.0, Max: 0, Diff: 0, Sum: 0, Workers: 4
[2040.350s][debug][gc,phases      ] GC(138)     Total                          Min: 0, Avg: 211.8, Max: 463, Diff: 463, Sum: 847, Workers: 4
[2040.350s][debug][gc,phases      ] GC(138)   ObjectSynchronizer Weak        Min:  0.0, Avg:  0.0, Max:  0.0, Diff:  0.0, Sum:  0.0, Workers: 4
[2040.350s][debug][gc,phases      ] GC(138)     Dead                           Min: 0, Avg:  0.0, Max: 0, Diff: 0, Sum: 0, Workers: 4
[2040.350s][debug][gc,phases      ] GC(138)     Total                          Min: 0, Avg: 14.8, Max: 59, Diff: 59, Sum: 59, Workers: 4
[2040.350s][debug][gc,phases      ] GC(138)   JVMTI Tag Weak OopStorage      Min:  0.0, Avg:  0.0, Max:  0.0, Diff:  0.0, Sum:  0.0, Workers: 4
[2040.350s][debug][gc,phases      ] GC(138)     Dead                           Min: 0, Avg:  0.0, Max: 0, Diff: 0, Sum: 0, Workers: 4
[2040.350s][debug][gc,phases      ] GC(138)     Total                          Min: 0, Avg:  0.0, Max: 0, Diff: 0, Sum: 0, Workers: 4
[2040.350s][debug][gc,phases      ] GC(138)   StringTable Weak               Min:  0.0, Avg:  0.1, Max:  0.2, Diff:  0.2, Sum:  0.3, Workers: 4
[2040.350s][debug][gc,phases      ] GC(138)     Dead                           Min: 0, Avg:  0.0, Max: 0, Diff: 0, Sum: 0, Workers: 4
[2040.350s][debug][gc,phases      ] GC(138)     Total                          Min: 0, Avg: 11037.2, Max: 26934, Diff: 26934, Sum: 44149, Workers: 4
[2040.350s][debug][gc,phases      ] GC(138)   ResolvedMethodTable Weak       Min:  0.0, Avg:  0.0, Max:  0.0, Diff:  0.0, Sum:  0.1, Workers: 4
[2040.350s][debug][gc,phases      ] GC(138)     Dead                           Min: 0, Avg:  0.0, Max: 0, Diff: 0, Sum: 0, Workers: 4
[2040.350s][debug][gc,phases      ] GC(138)     Total                          Min: 0, Avg: 2438.8, Max: 5760, Diff: 5760, Sum: 9755, Workers: 4
[2040.350s][debug][gc,phases      ] GC(138)   JNI Weak                       Min:  0.0, Avg:  0.0, Max:  0.0, Diff:  0.0, Sum:  0.0, Workers: 4
[2040.350s][debug][gc,phases      ] GC(138)     Dead                           Min: 0, Avg:  0.0, Max: 0, Diff: 0, Sum: 0, Workers: 4
[2040.350s][debug][gc,phases      ] GC(138)     Total                          Min: 0, Avg: 11.2, Max: 45, Diff: 45, Sum: 45, Workers: 4
[2040.350s][debug][gc,phases      ] GC(138)   StringDedup Table Weak         Min:  0.0, Avg:  0.0, Max:  0.0, Diff:  0.0, Sum:  0.0, Workers: 4
[2040.350s][debug][gc,phases      ] GC(138)     Dead                           Min: 0, Avg:  0.0, Max: 0, Diff: 0, Sum: 0, Workers: 4
[2040.350s][debug][gc,phases      ] GC(138)     Total                          Min: 0, Avg:  0.0, Max: 0, Diff: 0, Sum: 0, Workers: 4
[2040.350s][debug][gc,phases      ] GC(138)   StringDedup Requests0 Weak     Min:  0.0, Avg:  0.0, Max:  0.0, Diff:  0.0, Sum:  0.0, Workers: 4
[2040.350s][debug][gc,phases      ] GC(138)     Dead                           Min: 0, Avg:  0.0, Max: 0, Diff: 0, Sum: 0, Workers: 4
[2040.350s][debug][gc,phases      ] GC(138)     Total                          Min: 0, Avg:  0.0, Max: 0, Diff: 0, Sum: 0, Workers: 4
[2040.350s][debug][gc,phases      ] GC(138)   StringDedup Requests1 Weak     Min:  0.0, Avg:  0.0, Max:  0.0, Diff:  0.0, Sum:  0.0, Workers: 4
[2040.350s][debug][gc,phases      ] GC(138)     Dead                           Min: 0, Avg:  0.0, Max: 0, Diff: 0, Sum: 0, Workers: 4
[2040.350s][debug][gc,phases      ] GC(138)     Total                          Min: 0, Avg:  0.0, Max: 0, Diff: 0, Sum: 0, Workers: 4
[2040.350s][debug][gc,phases      ] GC(138)   Weak JFR Old Object Samples    Min:  0.0, Avg:  0.0, Max:  0.0, Diff:  0.0, Sum:  0.0, Workers: 4
[2040.350s][debug][gc,phases      ] GC(138)     Dead                           Min: 0, Avg:  0.0, Max: 0, Diff: 0, Sum: 0, Workers: 4
[2040.350s][debug][gc,phases      ] GC(138)     Total                          Min: 0, Avg:  0.0, Max: 0, Diff: 0, Sum: 0, Workers: 4
[2040.350s][debug][gc,phases      ] GC(138) Weak Processing 0.366ms
[2040.350s][debug][gc,age         ] GC(138) Desired survivor size 3670016 bytes, new threshold 15 (max threshold 15)
[2040.350s][info ][gc,heap        ] GC(138) PSYoungGen: 2092144K(2093568K)->2016K(2093568K) Eden: 2089984K(2089984K)->0K(2089984K) From: 2160K(3584K)->2016K(3584K)
[2040.350s][info ][gc,heap        ] GC(138) ParOldGen: 364890K(458752K)->364906K(458752K)
[2040.350s][info ][gc,metaspace   ] GC(138) Metaspace: 82862K(83904K)->82862K(83904K) NonClass: 70971K(71552K)->70971K(71552K) Class: 11891K(12352K)->11891K(12352K)
[2040.350s][info ][gc             ] GC(138) Pause Young (Allocation Failure) 2399M->358M(2492M) 6.403ms
[2040.350s][info ][gc,cpu         ] GC(138) User=0.02s Sys=0.00s Real=0.01s
[2040.350s][info ][safepoint      ] Safepoint "ParallelGCFailedAllocation", Time since last: 14394285938 ns, Reaching safepoint: 22700 ns, At safepoint: 6474773 ns, Total: 6497473 ns
[2056.792s][info ][gc,start       ] GC(139) Pause Young (Allocation Failure)
[2056.797s][debug][gc,phases      ] GC(139) Scavenge 4.795ms
[2056.797s][debug][gc,ref         ] GC(139) Skipped phase 1 of Reference Processing: no references
[2056.797s][debug][gc,ref         ] GC(139) ReferenceProcessor::execute queues: 1, RefProcThreadModel::Single, marks_oops_alive: false
[2056.797s][debug][gc,ref         ] GC(139) Skipped phase 3 of Reference Processing: no references
[2056.797s][debug][gc,ref         ] GC(139) ReferenceProcessor::execute queues: 1, RefProcThreadModel::Single, marks_oops_alive: false
[2056.797s][debug][gc,phases      ] GC(139) Reference Processing 0.093ms
[2056.797s][debug][gc,phases      ] GC(139)   VM Weak                        Min:  0.0, Avg:  0.0, Max:  0.0, Diff:  0.0, Sum:  0.0, Workers: 4
[2056.797s][debug][gc,phases      ] GC(139)     Dead                           Min: 0, Avg:  0.0, Max: 0, Diff: 0, Sum: 0, Workers: 4
[2056.797s][debug][gc,phases      ] GC(139)     Total                          Min: 0, Avg: 211.8, Max: 640, Diff: 640, Sum: 847, Workers: 4
[2056.797s][debug][gc,phases      ] GC(139)   ObjectSynchronizer Weak        Min:  0.0, Avg:  0.0, Max:  0.0, Diff:  0.0, Sum:  0.0, Workers: 4
[2056.797s][debug][gc,phases      ] GC(139)     Dead                           Min: 0, Avg:  0.0, Max: 0, Diff: 0, Sum: 0, Workers: 4
[2056.797s][debug][gc,phases      ] GC(139)     Total                          Min: 0, Avg: 14.8, Max: 59, Diff: 59, Sum: 59, Workers: 4
[2056.797s][debug][gc,phases      ] GC(139)   JVMTI Tag Weak OopStorage      Min:  0.0, Avg:  0.0, Max:  0.0, Diff:  0.0, Sum:  0.0, Workers: 4
[2056.797s][debug][gc,phases      ] GC(139)     Dead                           Min: 0, Avg:  0.0, Max: 0, Diff: 0, Sum: 0, Workers: 4
[2056.797s][debug][gc,phases      ] GC(139)     Total                          Min: 0, Avg:  0.0, Max: 0, Diff: 0, Sum: 0, Workers: 4
[2056.797s][debug][gc,phases      ] GC(139)   StringTable Weak               Min:  0.0, Avg:  0.1, Max:  0.2, Diff:  0.2, Sum:  0.3, Workers: 4
[2056.797s][debug][gc,phases      ] GC(139)     Dead                           Min: 0, Avg:  0.0, Max: 0, Diff: 0, Sum: 0, Workers: 4
[2056.797s][debug][gc,phases      ] GC(139)     Total                          Min: 0, Avg: 11037.2, Max: 26231, Diff: 26231, Sum: 44149, Workers: 4
[2056.797s][debug][gc,phases      ] GC(139)   ResolvedMethodTable Weak       Min:  0.0, Avg:  0.0, Max:  0.0, Diff:  0.0, Sum:  0.1, Workers: 4
[2056.797s][debug][gc,phases      ] GC(139)     Dead                           Min: 0, Avg:  0.0, Max: 0, Diff: 0, Sum: 0, Workers: 4
[2056.797s][debug][gc,phases      ] GC(139)     Total                          Min: 0, Avg: 2438.8, Max: 5019, Diff: 5019, Sum: 9755, Workers: 4
[2056.797s][debug][gc,phases      ] GC(139)   JNI Weak                       Min:  0.0, Avg:  0.0, Max:  0.0, Diff:  0.0, Sum:  0.0, Workers: 4
[2056.797s][debug][gc,phases      ] GC(139)     Dead                           Min: 0, Avg:  0.0, Max: 0, Diff: 0, Sum: 0, Workers: 4
[2056.797s][debug][gc,phases      ] GC(139)     Total                          Min: 0, Avg: 11.2, Max: 45, Diff: 45, Sum: 45, Workers: 4
[2056.797s][debug][gc,phases      ] GC(139)   StringDedup Table Weak         Min:  0.0, Avg:  0.0, Max:  0.0, Diff:  0.0, Sum:  0.0, Workers: 4
[2056.797s][debug][gc,phases      ] GC(139)     Dead                           Min: 0, Avg:  0.0, Max: 0, Diff: 0, Sum: 0, Workers: 4
[2056.797s][debug][gc,phases      ] GC(139)     Total                          Min: 0, Avg:  0.0, Max: 0, Diff: 0, Sum: 0, Workers: 4
[2056.797s][debug][gc,phases      ] GC(139)   StringDedup Requests0 Weak     Min:  0.0, Avg:  0.0, Max:  0.0, Diff:  0.0, Sum:  0.0, Workers: 4
[2056.797s][debug][gc,phases      ] GC(139)     Dead                           Min: 0, Avg:  0.0, Max: 0, Diff: 0, Sum: 0, Workers: 4
[2056.797s][debug][gc,phases      ] GC(139)     Total                          Min: 0, Avg:  0.0, Max: 0, Diff: 0, Sum: 0, Workers: 4
[2056.797s][debug][gc,phases      ] GC(139)   StringDedup Requests1 Weak     Min:  0.0, Avg:  0.0, Max:  0.0, Diff:  0.0, Sum:  0.0, Workers: 4
[2056.797s][debug][gc,phases      ] GC(139)     Dead                           Min: 0, Avg:  0.0, Max: 0, Diff: 0, Sum: 0, Workers: 4
[2056.797s][debug][gc,phases      ] GC(139)     Total                          Min: 0, Avg:  0.0, Max: 0, Diff: 0, Sum: 0, Workers: 4
[2056.797s][debug][gc,phases      ] GC(139)   Weak JFR Old Object Samples    Min:  0.0, Avg:  0.0, Max:  0.0, Diff:  0.0, Sum:  0.0, Workers: 4
[2056.797s][debug][gc,phases      ] GC(139)     Dead                           Min: 0, Avg:  0.0, Max: 0, Diff: 0, Sum: 0, Workers: 4
[2056.797s][debug][gc,phases      ] GC(139)     Total                          Min: 0, Avg:  0.0, Max: 0, Diff: 0, Sum: 0, Workers: 4
[2056.797s][debug][gc,phases      ] GC(139) Weak Processing 0.386ms
[2056.797s][debug][gc,age         ] GC(139) Desired survivor size 3145728 bytes, new threshold 15 (max threshold 15)
[2056.797s][info ][gc,heap        ] GC(139) PSYoungGen: 2092000K(2093568K)->1984K(2094080K) Eden: 2089984K(2089984K)->0K(2090496K) From: 2016K(3584K)->1984K(3584K)
[2056.797s][info ][gc,heap        ] GC(139) ParOldGen: 364906K(458752K)->365002K(458752K)
[2056.797s][info ][gc,metaspace   ] GC(139) Metaspace: 82862K(83904K)->82862K(83904K) NonClass: 70971K(71552K)->70971K(71552K) Class: 11891K(12352K)->11891K(12352K)
[2056.797s][info ][gc             ] GC(139) Pause Young (Allocation Failure) 2399M->358M(2493M) 5.391ms
[2056.797s][info ][gc,cpu         ] GC(139) User=0.01s Sys=0.00s Real=0.01s
[2056.797s][info ][safepoint      ] Safepoint "ParallelGCFailedAllocation", Time since last: 16441818785 ns, Reaching safepoint: 40000 ns, At safepoint: 5459077 ns, Total: 5499077 ns
[2072.772s][info ][gc,start       ] GC(140) Pause Young (Allocation Failure)
[2072.777s][debug][gc,phases      ] GC(140) Scavenge 4.813ms
[2072.777s][debug][gc,ref         ] GC(140) Skipped phase 1 of Reference Processing: no references
[2072.777s][debug][gc,ref         ] GC(140) ReferenceProcessor::execute queues: 1, RefProcThreadModel::Single, marks_oops_alive: false
[2072.777s][debug][gc,ref         ] GC(140) Skipped phase 3 of Reference Processing: no references
[2072.777s][debug][gc,ref         ] GC(140) ReferenceProcessor::execute queues: 1, RefProcThreadModel::Single, marks_oops_alive: false
[2072.777s][debug][gc,phases      ] GC(140) Reference Processing 0.100ms
[2072.777s][debug][gc,phases      ] GC(140)   VM Weak                        Min:  0.0, Avg:  0.0, Max:  0.0, Diff:  0.0, Sum:  0.0, Workers: 4
[2072.777s][debug][gc,phases      ] GC(140)     Dead                           Min: 0, Avg:  0.0, Max: 0, Diff: 0, Sum: 0, Workers: 4
[2072.777s][debug][gc,phases      ] GC(140)     Total                          Min: 0, Avg: 211.8, Max: 655, Diff: 655, Sum: 847, Workers: 4
[2072.777s][debug][gc,phases      ] GC(140)   ObjectSynchronizer Weak        Min:  0.0, Avg:  0.0, Max:  0.0, Diff:  0.0, Sum:  0.0, Workers: 4
[2072.777s][debug][gc,phases      ] GC(140)     Dead                           Min: 0, Avg:  0.0, Max: 0, Diff: 0, Sum: 0, Workers: 4
[2072.777s][debug][gc,phases      ] GC(140)     Total                          Min: 0, Avg: 14.8, Max: 59, Diff: 59, Sum: 59, Workers: 4
[2072.777s][debug][gc,phases      ] GC(140)   JVMTI Tag Weak OopStorage      Min:  0.0, Avg:  0.0, Max:  0.0, Diff:  0.0, Sum:  0.0, Workers: 4
[2072.777s][debug][gc,phases      ] GC(140)     Dead                           Min: 0, Avg:  0.0, Max: 0, Diff: 0, Sum: 0, Workers: 4
[2072.777s][debug][gc,phases      ] GC(140)     Total                          Min: 0, Avg:  0.0, Max: 0, Diff: 0, Sum: 0, Workers: 4
[2072.777s][debug][gc,phases      ] GC(140)   StringTable Weak               Min:  0.0, Avg:  0.1, Max:  0.1, Diff:  0.1, Sum:  0.4, Workers: 4
[2072.777s][debug][gc,phases      ] GC(140)     Dead                           Min: 0, Avg:  0.0, Max: 0, Diff: 0, Sum: 0, Workers: 4
[2072.777s][debug][gc,phases      ] GC(140)     Total                          Min: 0, Avg: 11037.2, Max: 18496, Diff: 18496, Sum: 44149, Workers: 4
[2072.777s][debug][gc,phases      ] GC(140)   ResolvedMethodTable Weak       Min:  0.0, Avg:  0.0, Max:  0.0, Diff:  0.0, Sum:  0.1, Workers: 4
[2072.777s][debug][gc,phases      ] GC(140)     Dead                           Min: 0, Avg:  0.0, Max: 0, Diff: 0, Sum: 0, Workers: 4
[2072.777s][debug][gc,phases      ] GC(140)     Total                          Min: 0, Avg: 2438.8, Max: 4288, Diff: 4288, Sum: 9755, Workers: 4
[2072.777s][debug][gc,phases      ] GC(140)   JNI Weak                       Min:  0.0, Avg:  0.0, Max:  0.0, Diff:  0.0, Sum:  0.0, Workers: 4
[2072.777s][debug][gc,phases      ] GC(140)     Dead                           Min: 0, Avg:  0.0, Max: 0, Diff: 0, Sum: 0, Workers: 4
[2072.777s][debug][gc,phases      ] GC(140)     Total                          Min: 0, Avg: 11.2, Max: 45, Diff: 45, Sum: 45, Workers: 4
[2072.777s][debug][gc,phases      ] GC(140)   StringDedup Table Weak         Min:  0.0, Avg:  0.0, Max:  0.0, Diff:  0.0, Sum:  0.0, Workers: 4
[2072.777s][debug][gc,phases      ] GC(140)     Dead                           Min: 0, Avg:  0.0, Max: 0, Diff: 0, Sum: 0, Workers: 4
[2072.777s][debug][gc,phases      ] GC(140)     Total                          Min: 0, Avg:  0.0, Max: 0, Diff: 0, Sum: 0, Workers: 4
[2072.777s][debug][gc,phases      ] GC(140)   StringDedup Requests0 Weak     Min:  0.0, Avg:  0.0, Max:  0.0, Diff:  0.0, Sum:  0.0, Workers: 4
[2072.777s][debug][gc,phases      ] GC(140)     Dead                           Min: 0, Avg:  0.0, Max: 0, Diff: 0, Sum: 0, Workers: 4
[2072.777s][debug][gc,phases      ] GC(140)     Total                          Min: 0, Avg:  0.0, Max: 0, Diff: 0, Sum: 0, Workers: 4
[2072.777s][debug][gc,phases      ] GC(140)   StringDedup Requests1 Weak     Min:  0.0, Avg:  0.0, Max:  0.0, Diff:  0.0, Sum:  0.0, Workers: 4
[2072.777s][debug][gc,phases      ] GC(140)     Dead                           Min: 0, Avg:  0.0, Max: 0, Diff: 0, Sum: 0, Workers: 4
[2072.777s][debug][gc,phases      ] GC(140)     Total                          Min: 0, Avg:  0.0, Max: 0, Diff: 0, Sum: 0, Workers: 4
[2072.777s][debug][gc,phases      ] GC(140)   Weak JFR Old Object Samples    Min:  0.0, Avg:  0.0, Max:  0.0, Diff:  0.0, Sum:  0.0, Workers: 4
[2072.777s][debug][gc,phases      ] GC(140)     Dead                           Min: 0, Avg:  0.0, Max: 0, Diff: 0, Sum: 0, Workers: 4
[2072.777s][debug][gc,phases      ] GC(140)     Total                          Min: 0, Avg:  0.0, Max: 0, Diff: 0, Sum: 0, Workers: 4
[2072.777s][debug][gc,phases      ] GC(140) Weak Processing 0.329ms
[2072.777s][debug][gc,age         ] GC(140) Desired survivor size 3145728 bytes, new threshold 15 (max threshold 15)
[2072.777s][info ][gc,heap        ] GC(140) PSYoungGen: 2092480K(2094080K)->1920K(2093568K) Eden: 2090496K(2090496K)->0K(2090496K) From: 1984K(3584K)->1920K(3072K)
[2072.777s][info ][gc,heap        ] GC(140) ParOldGen: 365002K(458752K)->365058K(458752K)
[2072.777s][info ][gc,metaspace   ] GC(140) Metaspace: 82865K(83904K)->82865K(83904K) NonClass: 70973K(71552K)->70973K(71552K) Class: 11891K(12352K)->11891K(12352K)
[2072.777s][info ][gc             ] GC(140) Pause Young (Allocation Failure) 2399M->358M(2492M) 5.351ms
[2072.777s][info ][gc,cpu         ] GC(140) User=0.01s Sys=0.00s Real=0.01s
[2072.777s][info ][safepoint      ] Safepoint "ParallelGCFailedAllocation", Time since last: 15974414230 ns, Reaching safepoint: 40600 ns, At safepoint: 5438878 ns, Total: 5479478 ns
[2089.092s][info ][gc,start       ] GC(141) Pause Young (Allocation Failure)
[2089.097s][debug][gc,phases      ] GC(141) Scavenge 5.126ms
[2089.097s][debug][gc,ref         ] GC(141) Skipped phase 1 of Reference Processing: no references
[2089.097s][debug][gc,ref         ] GC(141) ReferenceProcessor::execute queues: 1, RefProcThreadModel::Single, marks_oops_alive: false
[2089.097s][debug][gc,ref         ] GC(141) Skipped phase 3 of Reference Processing: no references
[2089.097s][debug][gc,ref         ] GC(141) ReferenceProcessor::execute queues: 1, RefProcThreadModel::Single, marks_oops_alive: false
[2089.097s][debug][gc,phases      ] GC(141) Reference Processing 0.127ms
[2089.098s][debug][gc,phases      ] GC(141)   VM Weak                        Min:  0.0, Avg:  0.0, Max:  0.0, Diff:  0.0, Sum:  0.0, Workers: 4
[2089.098s][debug][gc,phases      ] GC(141)     Dead                           Min: 0, Avg:  0.0, Max: 0, Diff: 0, Sum: 0, Workers: 4
[2089.098s][debug][gc,phases      ] GC(141)     Total                          Min: 0, Avg: 211.8, Max: 448, Diff: 448, Sum: 847, Workers: 4
[2089.098s][debug][gc,phases      ] GC(141)   ObjectSynchronizer Weak        Min:  0.0, Avg:  0.0, Max:  0.0, Diff:  0.0, Sum:  0.0, Workers: 4
[2089.098s][debug][gc,phases      ] GC(141)     Dead                           Min: 0, Avg:  0.0, Max: 0, Diff: 0, Sum: 0, Workers: 4
[2089.098s][debug][gc,phases      ] GC(141)     Total                          Min: 0, Avg: 14.8, Max: 59, Diff: 59, Sum: 59, Workers: 4
[2089.098s][debug][gc,phases      ] GC(141)   JVMTI Tag Weak OopStorage      Min:  0.0, Avg:  0.0, Max:  0.0, Diff:  0.0, Sum:  0.0, Workers: 4
[2089.098s][debug][gc,phases      ] GC(141)     Dead                           Min: 0, Avg:  0.0, Max: 0, Diff: 0, Sum: 0, Workers: 4
[2089.098s][debug][gc,phases      ] GC(141)     Total                          Min: 0, Avg:  0.0, Max: 0, Diff: 0, Sum: 0, Workers: 4
[2089.098s][debug][gc,phases      ] GC(141)   StringTable Weak               Min:  0.0, Avg:  0.1, Max:  0.1, Diff:  0.1, Sum:  0.4, Workers: 4
[2089.098s][debug][gc,phases      ] GC(141)     Dead                           Min: 0, Avg:  0.0, Max: 0, Diff: 0, Sum: 0, Workers: 4
[2089.098s][debug][gc,phases      ] GC(141)     Total                          Min: 0, Avg: 11037.2, Max: 15031, Diff: 15031, Sum: 44149, Workers: 4
[2089.098s][debug][gc,phases      ] GC(141)   ResolvedMethodTable Weak       Min:  0.0, Avg:  0.0, Max:  0.0, Diff:  0.0, Sum:  0.1, Workers: 4
[2089.098s][debug][gc,phases      ] GC(141)     Dead                           Min: 0, Avg:  0.0, Max: 0, Diff: 0, Sum: 0, Workers: 4
[2089.098s][debug][gc,phases      ] GC(141)     Total                          Min: 0, Avg: 2438.8, Max: 3648, Diff: 3648, Sum: 9755, Workers: 4
[2089.098s][debug][gc,phases      ] GC(141)   JNI Weak                       Min:  0.0, Avg:  0.0, Max:  0.0, Diff:  0.0, Sum:  0.0, Workers: 4
[2089.098s][debug][gc,phases      ] GC(141)     Dead                           Min: 0, Avg:  0.0, Max: 0, Diff: 0, Sum: 0, Workers: 4
[2089.098s][debug][gc,phases      ] GC(141)     Total                          Min: 0, Avg: 11.2, Max: 45, Diff: 45, Sum: 45, Workers: 4
[2089.098s][debug][gc,phases      ] GC(141)   StringDedup Table Weak         Min:  0.0, Avg:  0.0, Max:  0.0, Diff:  0.0, Sum:  0.0, Workers: 4
[2089.098s][debug][gc,phases      ] GC(141)     Dead                           Min: 0, Avg:  0.0, Max: 0, Diff: 0, Sum: 0, Workers: 4
[2089.098s][debug][gc,phases      ] GC(141)     Total                          Min: 0, Avg:  0.0, Max: 0, Diff: 0, Sum: 0, Workers: 4
[2089.098s][debug][gc,phases      ] GC(141)   StringDedup Requests0 Weak     Min:  0.0, Avg:  0.0, Max:  0.0, Diff:  0.0, Sum:  0.0, Workers: 4
[2089.098s][debug][gc,phases      ] GC(141)     Dead                           Min: 0, Avg:  0.0, Max: 0, Diff: 0, Sum: 0, Workers: 4
[2089.098s][debug][gc,phases      ] GC(141)     Total                          Min: 0, Avg:  0.0, Max: 0, Diff: 0, Sum: 0, Workers: 4
[2089.098s][debug][gc,phases      ] GC(141)   StringDedup Requests1 Weak     Min:  0.0, Avg:  0.0, Max:  0.0, Diff:  0.0, Sum:  0.0, Workers: 4
[2089.098s][debug][gc,phases      ] GC(141)     Dead                           Min: 0, Avg:  0.0, Max: 0, Diff: 0, Sum: 0, Workers: 4
[2089.098s][debug][gc,phases      ] GC(141)     Total                          Min: 0, Avg:  0.0, Max: 0, Diff: 0, Sum: 0, Workers: 4
[2089.098s][debug][gc,phases      ] GC(141)   Weak JFR Old Object Samples    Min:  0.0, Avg:  0.0, Max:  0.0, Diff:  0.0, Sum:  0.0, Workers: 4
[2089.098s][debug][gc,phases      ] GC(141)     Dead                           Min: 0, Avg:  0.0, Max: 0, Diff: 0, Sum: 0, Workers: 4
[2089.098s][debug][gc,phases      ] GC(141)     Total                          Min: 0, Avg:  0.0, Max: 0, Diff: 0, Sum: 0, Workers: 4
[2089.098s][debug][gc,phases      ] GC(141) Weak Processing 0.346ms
[2089.098s][debug][gc,age         ] GC(141) Desired survivor size 3145728 bytes, new threshold 15 (max threshold 15)
[2089.098s][info ][gc,heap        ] GC(141) PSYoungGen: 2092416K(2093568K)->1952K(2094080K) Eden: 2090496K(2090496K)->0K(2091008K) From: 1920K(3072K)->1952K(3072K)
[2089.098s][info ][gc,heap        ] GC(141) ParOldGen: 365058K(458752K)->365114K(458752K)
[2089.098s][info ][gc,metaspace   ] GC(141) Metaspace: 82867K(83904K)->82867K(83904K) NonClass: 70975K(71552K)->70975K(71552K) Class: 11891K(12352K)->11891K(12352K)
[2089.098s][info ][gc             ] GC(141) Pause Young (Allocation Failure) 2399M->358M(2493M) 5.730ms
[2089.098s][info ][gc,cpu         ] GC(141) User=0.02s Sys=0.00s Real=0.01s
[2089.098s][info ][safepoint      ] Safepoint "ParallelGCFailedAllocation", Time since last: 16314867127 ns, Reaching safepoint: 48700 ns, At safepoint: 5797476 ns, Total: 5846176 ns
[2093.098s][info ][safepoint      ] Safepoint "Cleanup", Time since last: 4000294990 ns, Reaching safepoint: 123399 ns, At safepoint: 6900 ns, Total: 130299 ns
[2104.899s][info ][gc,start       ] GC(142) Pause Young (Allocation Failure)
[2104.904s][debug][gc,phases      ] GC(142) Scavenge 5.297ms
[2104.904s][debug][gc,ref         ] GC(142) Skipped phase 1 of Reference Processing: no references
[2104.904s][debug][gc,ref         ] GC(142) ReferenceProcessor::execute queues: 1, RefProcThreadModel::Single, marks_oops_alive: false
[2104.904s][debug][gc,ref         ] GC(142) Skipped phase 3 of Reference Processing: no references
[2104.904s][debug][gc,ref         ] GC(142) ReferenceProcessor::execute queues: 1, RefProcThreadModel::Single, marks_oops_alive: false
[2104.904s][debug][gc,phases      ] GC(142) Reference Processing 0.091ms
[2104.904s][debug][gc,phases      ] GC(142)   VM Weak                        Min:  0.0, Avg:  0.0, Max:  0.0, Diff:  0.0, Sum:  0.0, Workers: 4
[2104.904s][debug][gc,phases      ] GC(142)     Dead                           Min: 0, Avg:  0.0, Max: 0, Diff: 0, Sum: 0, Workers: 4
[2104.904s][debug][gc,phases      ] GC(142)     Total                          Min: 0, Avg: 211.8, Max: 832, Diff: 832, Sum: 847, Workers: 4
[2104.904s][debug][gc,phases      ] GC(142)   ObjectSynchronizer Weak        Min:  0.0, Avg:  0.0, Max:  0.0, Diff:  0.0, Sum:  0.0, Workers: 4
[2104.904s][debug][gc,phases      ] GC(142)     Dead                           Min: 0, Avg:  0.0, Max: 0, Diff: 0, Sum: 0, Workers: 4
[2104.904s][debug][gc,phases      ] GC(142)     Total                          Min: 0, Avg: 14.8, Max: 59, Diff: 59, Sum: 59, Workers: 4
[2104.904s][debug][gc,phases      ] GC(142)   JVMTI Tag Weak OopStorage      Min:  0.0, Avg:  0.0, Max:  0.0, Diff:  0.0, Sum:  0.0, Workers: 4
[2104.904s][debug][gc,phases      ] GC(142)     Dead                           Min: 0, Avg:  0.0, Max: 0, Diff: 0, Sum: 0, Workers: 4
[2104.904s][debug][gc,phases      ] GC(142)     Total                          Min: 0, Avg:  0.0, Max: 0, Diff: 0, Sum: 0, Workers: 4
[2104.904s][debug][gc,phases      ] GC(142)   StringTable Weak               Min:  0.0, Avg:  0.1, Max:  0.1, Diff:  0.1, Sum:  0.4, Workers: 4
[2104.904s][debug][gc,phases      ] GC(142)     Dead                           Min: 0, Avg:  0.0, Max: 0, Diff: 0, Sum: 0, Workers: 4
[2104.904s][debug][gc,phases      ] GC(142)     Total                          Min: 0, Avg: 11037.2, Max: 14912, Diff: 14912, Sum: 44149, Workers: 4
[2104.904s][debug][gc,phases      ] GC(142)   ResolvedMethodTable Weak       Min:  0.0, Avg:  0.0, Max:  0.0, Diff:  0.0, Sum:  0.1, Workers: 4
[2104.904s][debug][gc,phases      ] GC(142)     Dead                           Min: 0, Avg:  0.0, Max: 0, Diff: 0, Sum: 0, Workers: 4
[2104.904s][debug][gc,phases      ] GC(142)     Total                          Min: 0, Avg: 2438.8, Max: 3456, Diff: 3456, Sum: 9755, Workers: 4
[2104.904s][debug][gc,phases      ] GC(142)   JNI Weak                       Min:  0.0, Avg:  0.0, Max:  0.0, Diff:  0.0, Sum:  0.0, Workers: 4
[2104.904s][debug][gc,phases      ] GC(142)     Dead                           Min: 0, Avg:  0.0, Max: 0, Diff: 0, Sum: 0, Workers: 4
[2104.904s][debug][gc,phases      ] GC(142)     Total                          Min: 0, Avg: 11.2, Max: 45, Diff: 45, Sum: 45, Workers: 4
[2104.904s][debug][gc,phases      ] GC(142)   StringDedup Table Weak         Min:  0.0, Avg:  0.0, Max:  0.0, Diff:  0.0, Sum:  0.0, Workers: 4
[2104.904s][debug][gc,phases      ] GC(142)     Dead                           Min: 0, Avg:  0.0, Max: 0, Diff: 0, Sum: 0, Workers: 4
[2104.904s][debug][gc,phases      ] GC(142)     Total                          Min: 0, Avg:  0.0, Max: 0, Diff: 0, Sum: 0, Workers: 4
[2104.904s][debug][gc,phases      ] GC(142)   StringDedup Requests0 Weak     Min:  0.0, Avg:  0.0, Max:  0.0, Diff:  0.0, Sum:  0.0, Workers: 4
[2104.904s][debug][gc,phases      ] GC(142)     Dead                           Min: 0, Avg:  0.0, Max: 0, Diff: 0, Sum: 0, Workers: 4
[2104.904s][debug][gc,phases      ] GC(142)     Total                          Min: 0, Avg:  0.0, Max: 0, Diff: 0, Sum: 0, Workers: 4
[2104.904s][debug][gc,phases      ] GC(142)   StringDedup Requests1 Weak     Min:  0.0, Avg:  0.0, Max:  0.0, Diff:  0.0, Sum:  0.0, Workers: 4
[2104.904s][debug][gc,phases      ] GC(142)     Dead                           Min: 0, Avg:  0.0, Max: 0, Diff: 0, Sum: 0, Workers: 4
[2104.904s][debug][gc,phases      ] GC(142)     Total                          Min: 0, Avg:  0.0, Max: 0, Diff: 0, Sum: 0, Workers: 4
[2104.904s][debug][gc,phases      ] GC(142)   Weak JFR Old Object Samples    Min:  0.0, Avg:  0.0, Max:  0.0, Diff:  0.0, Sum:  0.0, Workers: 4
[2104.904s][debug][gc,phases      ] GC(142)     Dead                           Min: 0, Avg:  0.0, Max: 0, Diff: 0, Sum: 0, Workers: 4
[2104.904s][debug][gc,phases      ] GC(142)     Total                          Min: 0, Avg:  0.0, Max: 0, Diff: 0, Sum: 0, Workers: 4
[2104.904s][debug][gc,phases      ] GC(142) Weak Processing 0.419ms
[2104.904s][debug][gc,age         ] GC(142) Desired survivor size 3145728 bytes, new threshold 15 (max threshold 15)
[2104.904s][info ][gc,heap        ] GC(142) PSYoungGen: 2092960K(2094080K)->1920K(2094080K) Eden: 2091008K(2091008K)->0K(2091008K) From: 1952K(3072K)->1920K(3072K)
[2104.904s][info ][gc,heap        ] GC(142) ParOldGen: 365114K(458752K)->365130K(458752K)
[2104.904s][info ][gc,metaspace   ] GC(142) Metaspace: 82867K(83904K)->82867K(83904K) NonClass: 70975K(71552K)->70975K(71552K) Class: 11891K(12352K)->11891K(12352K)
[2104.904s][info ][gc             ] GC(142) Pause Young (Allocation Failure) 2400M->358M(2493M) 5.917ms
[2104.904s][info ][gc,cpu         ] GC(142) User=0.01s Sys=0.01s Real=0.00s
[2104.905s][info ][safepoint      ] Safepoint "ParallelGCFailedAllocation", Time since last: 11800050006 ns, Reaching safepoint: 89399 ns, At safepoint: 6015774 ns, Total: 6105173 ns
[2123.297s][info ][gc,start       ] GC(143) Pause Young (Allocation Failure)
[2123.303s][debug][gc,phases      ] GC(143) Scavenge 5.944ms
[2123.303s][debug][gc,ref         ] GC(143) Skipped phase 1 of Reference Processing: no references
[2123.303s][debug][gc,ref         ] GC(143) ReferenceProcessor::execute queues: 1, RefProcThreadModel::Single, marks_oops_alive: false
[2123.303s][debug][gc,ref         ] GC(143) Skipped phase 3 of Reference Processing: no references
[2123.303s][debug][gc,ref         ] GC(143) ReferenceProcessor::execute queues: 1, RefProcThreadModel::Single, marks_oops_alive: false
[2123.303s][debug][gc,phases      ] GC(143) Reference Processing 0.091ms
[2123.303s][debug][gc,phases      ] GC(143)   VM Weak                        Min:  0.0, Avg:  0.0, Max:  0.0, Diff:  0.0, Sum:  0.0, Workers: 4
[2123.303s][debug][gc,phases      ] GC(143)     Dead                           Min: 0, Avg:  0.0, Max: 0, Diff: 0, Sum: 0, Workers: 4
[2123.303s][debug][gc,phases      ] GC(143)     Total                          Min: 0, Avg: 211.8, Max: 783, Diff: 783, Sum: 847, Workers: 4
[2123.303s][debug][gc,phases      ] GC(143)   ObjectSynchronizer Weak        Min:  0.0, Avg:  0.0, Max:  0.0, Diff:  0.0, Sum:  0.0, Workers: 4
[2123.303s][debug][gc,phases      ] GC(143)     Dead                           Min: 0, Avg:  0.0, Max: 0, Diff: 0, Sum: 0, Workers: 4
[2123.303s][debug][gc,phases      ] GC(143)     Total                          Min: 0, Avg: 14.8, Max: 59, Diff: 59, Sum: 59, Workers: 4
[2123.303s][debug][gc,phases      ] GC(143)   JVMTI Tag Weak OopStorage      Min:  0.0, Avg:  0.0, Max:  0.0, Diff:  0.0, Sum:  0.0, Workers: 4
[2123.303s][debug][gc,phases      ] GC(143)     Dead                           Min: 0, Avg:  0.0, Max: 0, Diff: 0, Sum: 0, Workers: 4
[2123.303s][debug][gc,phases      ] GC(143)     Total                          Min: 0, Avg:  0.0, Max: 0, Diff: 0, Sum: 0, Workers: 4
[2123.303s][debug][gc,phases      ] GC(143)   StringTable Weak               Min:  0.0, Avg:  0.1, Max:  0.2, Diff:  0.2, Sum:  0.3, Workers: 4
[2123.303s][debug][gc,phases      ] GC(143)     Dead                           Min: 0, Avg:  0.0, Max: 0, Diff: 0, Sum: 0, Workers: 4
[2123.303s][debug][gc,phases      ] GC(143)     Total                          Min: 0, Avg: 11037.2, Max: 26422, Diff: 26422, Sum: 44149, Workers: 4
[2123.303s][debug][gc,phases      ] GC(143)   ResolvedMethodTable Weak       Min:  0.0, Avg:  0.0, Max:  0.0, Diff:  0.0, Sum:  0.1, Workers: 4
[2123.303s][debug][gc,phases      ] GC(143)     Dead                           Min: 0, Avg:  0.0, Max: 0, Diff: 0, Sum: 0, Workers: 4
[2123.303s][debug][gc,phases      ] GC(143)     Total                          Min: 0, Avg: 2438.8, Max: 6043, Diff: 6043, Sum: 9755, Workers: 4
[2123.303s][debug][gc,phases      ] GC(143)   JNI Weak                       Min:  0.0, Avg:  0.0, Max:  0.0, Diff:  0.0, Sum:  0.0, Workers: 4
[2123.303s][debug][gc,phases      ] GC(143)     Dead                           Min: 0, Avg:  0.0, Max: 0, Diff: 0, Sum: 0, Workers: 4
[2123.303s][debug][gc,phases      ] GC(143)     Total                          Min: 0, Avg: 11.2, Max: 45, Diff: 45, Sum: 45, Workers: 4
[2123.303s][debug][gc,phases      ] GC(143)   StringDedup Table Weak         Min:  0.0, Avg:  0.0, Max:  0.0, Diff:  0.0, Sum:  0.0, Workers: 4
[2123.303s][debug][gc,phases      ] GC(143)     Dead                           Min: 0, Avg:  0.0, Max: 0, Diff: 0, Sum: 0, Workers: 4
[2123.303s][debug][gc,phases      ] GC(143)     Total                          Min: 0, Avg:  0.0, Max: 0, Diff: 0, Sum: 0, Workers: 4
[2123.303s][debug][gc,phases      ] GC(143)   StringDedup Requests0 Weak     Min:  0.0, Avg:  0.0, Max:  0.0, Diff:  0.0, Sum:  0.0, Workers: 4
[2123.303s][debug][gc,phases      ] GC(143)     Dead                           Min: 0, Avg:  0.0, Max: 0, Diff: 0, Sum: 0, Workers: 4
[2123.303s][debug][gc,phases      ] GC(143)     Total                          Min: 0, Avg:  0.0, Max: 0, Diff: 0, Sum: 0, Workers: 4
[2123.303s][debug][gc,phases      ] GC(143)   StringDedup Requests1 Weak     Min:  0.0, Avg:  0.0, Max:  0.0, Diff:  0.0, Sum:  0.0, Workers: 4
[2123.303s][debug][gc,phases      ] GC(143)     Dead                           Min: 0, Avg:  0.0, Max: 0, Diff: 0, Sum: 0, Workers: 4
[2123.303s][debug][gc,phases      ] GC(143)     Total                          Min: 0, Avg:  0.0, Max: 0, Diff: 0, Sum: 0, Workers: 4
[2123.303s][debug][gc,phases      ] GC(143)   Weak JFR Old Object Samples    Min:  0.0, Avg:  0.0, Max:  0.0, Diff:  0.0, Sum:  0.0, Workers: 4
[2123.303s][debug][gc,phases      ] GC(143)     Dead                           Min: 0, Avg:  0.0, Max: 0, Diff: 0, Sum: 0, Workers: 4
[2123.303s][debug][gc,phases      ] GC(143)     Total                          Min: 0, Avg:  0.0, Max: 0, Diff: 0, Sum: 0, Workers: 4
[2123.303s][debug][gc,phases      ] GC(143) Weak Processing 0.386ms
[2123.303s][debug][gc,age         ] GC(143) Desired survivor size 3145728 bytes, new threshold 15 (max threshold 15)
[2123.303s][info ][gc,heap        ] GC(143) PSYoungGen: 2092928K(2094080K)->1856K(2094080K) Eden: 2091008K(2091008K)->0K(2091008K) From: 1920K(3072K)->1856K(3072K)
[2123.303s][info ][gc,heap        ] GC(143) ParOldGen: 365130K(458752K)->365194K(458752K)
[2123.303s][info ][gc,metaspace   ] GC(143) Metaspace: 82872K(83904K)->82872K(83904K) NonClass: 70980K(71552K)->70980K(71552K) Class: 11891K(12352K)->11891K(12352K)
[2123.303s][info ][gc             ] GC(143) Pause Young (Allocation Failure) 2400M->358M(2493M) 6.518ms
[2123.303s][info ][gc,cpu         ] GC(143) User=0.02s Sys=0.00s Real=0.00s
[2123.303s][info ][safepoint      ] Safepoint "ParallelGCFailedAllocation", Time since last: 18392347474 ns, Reaching safepoint: 31300 ns, At safepoint: 6606173 ns, Total: 6637473 ns
[2138.305s][info ][safepoint      ] Safepoint "Cleanup", Time since last: 15000974969 ns, Reaching safepoint: 41700 ns, At safepoint: 2800 ns, Total: 44500 ns
[2139.194s][info ][gc,start       ] GC(144) Pause Young (Allocation Failure)
[2139.199s][debug][gc,phases      ] GC(144) Scavenge 5.460ms
[2139.199s][debug][gc,ref         ] GC(144) Skipped phase 1 of Reference Processing: no references
[2139.199s][debug][gc,ref         ] GC(144) ReferenceProcessor::execute queues: 1, RefProcThreadModel::Single, marks_oops_alive: false
[2139.199s][debug][gc,ref         ] GC(144) Skipped phase 3 of Reference Processing: no references
[2139.199s][debug][gc,ref         ] GC(144) ReferenceProcessor::execute queues: 1, RefProcThreadModel::Single, marks_oops_alive: false
[2139.199s][debug][gc,phases      ] GC(144) Reference Processing 0.091ms
[2139.200s][debug][gc,phases      ] GC(144)   VM Weak                        Min:  0.0, Avg:  0.0, Max:  0.0, Diff:  0.0, Sum:  0.0, Workers: 4
[2139.200s][debug][gc,phases      ] GC(144)     Dead                           Min: 0, Avg:  0.0, Max: 0, Diff: 0, Sum: 0, Workers: 4
[2139.200s][debug][gc,phases      ] GC(144)     Total                          Min: 0, Avg: 211.8, Max: 640, Diff: 640, Sum: 847, Workers: 4
[2139.200s][debug][gc,phases      ] GC(144)   ObjectSynchronizer Weak        Min:  0.0, Avg:  0.0, Max:  0.0, Diff:  0.0, Sum:  0.0, Workers: 4
[2139.200s][debug][gc,phases      ] GC(144)     Dead                           Min: 0, Avg:  0.0, Max: 0, Diff: 0, Sum: 0, Workers: 4
[2139.200s][debug][gc,phases      ] GC(144)     Total                          Min: 0, Avg: 14.8, Max: 59, Diff: 59, Sum: 59, Workers: 4
[2139.200s][debug][gc,phases      ] GC(144)   JVMTI Tag Weak OopStorage      Min:  0.0, Avg:  0.0, Max:  0.0, Diff:  0.0, Sum:  0.0, Workers: 4
[2139.200s][debug][gc,phases      ] GC(144)     Dead                           Min: 0, Avg:  0.0, Max: 0, Diff: 0, Sum: 0, Workers: 4
[2139.200s][debug][gc,phases      ] GC(144)     Total                          Min: 0, Avg:  0.0, Max: 0, Diff: 0, Sum: 0, Workers: 4
[2139.200s][debug][gc,phases      ] GC(144)   StringTable Weak               Min:  0.0, Avg:  0.1, Max:  0.2, Diff:  0.2, Sum:  0.3, Workers: 4
[2139.200s][debug][gc,phases      ] GC(144)     Dead                           Min: 0, Avg:  0.0, Max: 0, Diff: 0, Sum: 0, Workers: 4
[2139.200s][debug][gc,phases      ] GC(144)     Total                          Min: 0, Avg: 11037.2, Max: 26622, Diff: 26622, Sum: 44149, Workers: 4
[2139.200s][debug][gc,phases      ] GC(144)   ResolvedMethodTable Weak       Min:  0.0, Avg:  0.0, Max:  0.0, Diff:  0.0, Sum:  0.1, Workers: 4
[2139.200s][debug][gc,phases      ] GC(144)     Dead                           Min: 0, Avg:  0.0, Max: 0, Diff: 0, Sum: 0, Workers: 4
[2139.200s][debug][gc,phases      ] GC(144)     Total                          Min: 0, Avg: 2438.8, Max: 5824, Diff: 5824, Sum: 9755, Workers: 4
[2139.200s][debug][gc,phases      ] GC(144)   JNI Weak                       Min:  0.0, Avg:  0.0, Max:  0.0, Diff:  0.0, Sum:  0.0, Workers: 4
[2139.200s][debug][gc,phases      ] GC(144)     Dead                           Min: 0, Avg:  0.0, Max: 0, Diff: 0, Sum: 0, Workers: 4
[2139.200s][debug][gc,phases      ] GC(144)     Total                          Min: 0, Avg: 11.2, Max: 45, Diff: 45, Sum: 45, Workers: 4
[2139.200s][debug][gc,phases      ] GC(144)   StringDedup Table Weak         Min:  0.0, Avg:  0.0, Max:  0.0, Diff:  0.0, Sum:  0.0, Workers: 4
[2139.200s][debug][gc,phases      ] GC(144)     Dead                           Min: 0, Avg:  0.0, Max: 0, Diff: 0, Sum: 0, Workers: 4
[2139.200s][debug][gc,phases      ] GC(144)     Total                          Min: 0, Avg:  0.0, Max: 0, Diff: 0, Sum: 0, Workers: 4
[2139.200s][debug][gc,phases      ] GC(144)   StringDedup Requests0 Weak     Min:  0.0, Avg:  0.0, Max:  0.0, Diff:  0.0, Sum:  0.0, Workers: 4
[2139.200s][debug][gc,phases      ] GC(144)     Dead                           Min: 0, Avg:  0.0, Max: 0, Diff: 0, Sum: 0, Workers: 4
[2139.200s][debug][gc,phases      ] GC(144)     Total                          Min: 0, Avg:  0.0, Max: 0, Diff: 0, Sum: 0, Workers: 4
[2139.200s][debug][gc,phases      ] GC(144)   StringDedup Requests1 Weak     Min:  0.0, Avg:  0.0, Max:  0.0, Diff:  0.0, Sum:  0.0, Workers: 4
[2139.200s][debug][gc,phases      ] GC(144)     Dead                           Min: 0, Avg:  0.0, Max: 0, Diff: 0, Sum: 0, Workers: 4
[2139.200s][debug][gc,phases      ] GC(144)     Total                          Min: 0, Avg:  0.0, Max: 0, Diff: 0, Sum: 0, Workers: 4
[2139.200s][debug][gc,phases      ] GC(144)   Weak JFR Old Object Samples    Min:  0.0, Avg:  0.0, Max:  0.0, Diff:  0.0, Sum:  0.0, Workers: 4
[2139.200s][debug][gc,phases      ] GC(144)     Dead                           Min: 0, Avg:  0.0, Max: 0, Diff: 0, Sum: 0, Workers: 4
[2139.200s][debug][gc,phases      ] GC(144)     Total                          Min: 0, Avg:  0.0, Max: 0, Diff: 0, Sum: 0, Workers: 4
[2139.200s][debug][gc,phases      ] GC(144) Weak Processing 0.352ms
[2139.200s][debug][gc,age         ] GC(144) Desired survivor size 3145728 bytes, new threshold 15 (max threshold 15)
[2139.200s][info ][gc,heap        ] GC(144) PSYoungGen: 2092864K(2094080K)->1888K(2094080K) Eden: 2091008K(2091008K)->0K(2091008K) From: 1856K(3072K)->1888K(3072K)
[2139.200s][info ][gc,heap        ] GC(144) ParOldGen: 365194K(458752K)->365210K(458752K)
[2139.200s][info ][gc,metaspace   ] GC(144) Metaspace: 82872K(83904K)->82872K(83904K) NonClass: 70980K(71552K)->70980K(71552K) Class: 11891K(12352K)->11891K(12352K)
[2139.200s][info ][gc             ] GC(144) Pause Young (Allocation Failure) 2400M->358M(2493M) 6.000ms
[2139.200s][info ][gc,cpu         ] GC(144) User=0.01s Sys=0.00s Real=0.01s
[2139.200s][info ][safepoint      ] Safepoint "ParallelGCFailedAllocation", Time since last: 889235054 ns, Reaching safepoint: 37800 ns, At safepoint: 6074775 ns, Total: 6112575 ns
[2149.201s][info ][safepoint      ] Safepoint "Cleanup", Time since last: 10000653903 ns, Reaching safepoint: 39100 ns, At safepoint: 3000 ns, Total: 42100 ns
[2155.494s][info ][gc,start       ] GC(145) Pause Young (Allocation Failure)
[2155.499s][debug][gc,phases      ] GC(145) Scavenge 5.086ms
[2155.499s][debug][gc,ref         ] GC(145) Skipped phase 1 of Reference Processing: no references
[2155.499s][debug][gc,ref         ] GC(145) ReferenceProcessor::execute queues: 1, RefProcThreadModel::Single, marks_oops_alive: false
[2155.499s][debug][gc,ref         ] GC(145) Skipped phase 3 of Reference Processing: no references
[2155.499s][debug][gc,ref         ] GC(145) ReferenceProcessor::execute queues: 1, RefProcThreadModel::Single, marks_oops_alive: false
[2155.499s][debug][gc,phases      ] GC(145) Reference Processing 0.092ms
[2155.500s][debug][gc,phases      ] GC(145)   VM Weak                        Min:  0.0, Avg:  0.0, Max:  0.0, Diff:  0.0, Sum:  0.0, Workers: 4
[2155.500s][debug][gc,phases      ] GC(145)     Dead                           Min: 0, Avg:  0.0, Max: 0, Diff: 0, Sum: 0, Workers: 4
[2155.500s][debug][gc,phases      ] GC(145)     Total                          Min: 0, Avg: 211.8, Max: 655, Diff: 655, Sum: 847, Workers: 4
[2155.500s][debug][gc,phases      ] GC(145)   ObjectSynchronizer Weak        Min:  0.0, Avg:  0.0, Max:  0.0, Diff:  0.0, Sum:  0.0, Workers: 4
[2155.500s][debug][gc,phases      ] GC(145)     Dead                           Min: 0, Avg:  0.0, Max: 0, Diff: 0, Sum: 0, Workers: 4
[2155.500s][debug][gc,phases      ] GC(145)     Total                          Min: 0, Avg: 14.8, Max: 59, Diff: 59, Sum: 59, Workers: 4
[2155.500s][debug][gc,phases      ] GC(145)   JVMTI Tag Weak OopStorage      Min:  0.0, Avg:  0.0, Max:  0.0, Diff:  0.0, Sum:  0.0, Workers: 4
[2155.500s][debug][gc,phases      ] GC(145)     Dead                           Min: 0, Avg:  0.0, Max: 0, Diff: 0, Sum: 0, Workers: 4
[2155.500s][debug][gc,phases      ] GC(145)     Total                          Min: 0, Avg:  0.0, Max: 0, Diff: 0, Sum: 0, Workers: 4
[2155.500s][debug][gc,phases      ] GC(145)   StringTable Weak               Min:  0.0, Avg:  0.1, Max:  0.1, Diff:  0.1, Sum:  0.4, Workers: 4
[2155.500s][debug][gc,phases      ] GC(145)     Dead                           Min: 0, Avg:  0.0, Max: 0, Diff: 0, Sum: 0, Workers: 4
[2155.500s][debug][gc,phases      ] GC(145)     Total                          Min: 0, Avg: 11037.2, Max: 15040, Diff: 15040, Sum: 44149, Workers: 4
[2155.500s][debug][gc,phases      ] GC(145)   ResolvedMethodTable Weak       Min:  0.0, Avg:  0.0, Max:  0.0, Diff:  0.0, Sum:  0.1, Workers: 4
[2155.500s][debug][gc,phases      ] GC(145)     Dead                           Min: 0, Avg:  0.0, Max: 0, Diff: 0, Sum: 0, Workers: 4
[2155.500s][debug][gc,phases      ] GC(145)     Total                          Min: 0, Avg: 2438.8, Max: 3483, Diff: 3483, Sum: 9755, Workers: 4
[2155.500s][debug][gc,phases      ] GC(145)   JNI Weak                       Min:  0.0, Avg:  0.0, Max:  0.0, Diff:  0.0, Sum:  0.0, Workers: 4
[2155.500s][debug][gc,phases      ] GC(145)     Dead                           Min: 0, Avg:  0.0, Max: 0, Diff: 0, Sum: 0, Workers: 4
[2155.500s][debug][gc,phases      ] GC(145)     Total                          Min: 0, Avg: 11.2, Max: 45, Diff: 45, Sum: 45, Workers: 4
[2155.500s][debug][gc,phases      ] GC(145)   StringDedup Table Weak         Min:  0.0, Avg:  0.0, Max:  0.0, Diff:  0.0, Sum:  0.0, Workers: 4
[2155.500s][debug][gc,phases      ] GC(145)     Dead                           Min: 0, Avg:  0.0, Max: 0, Diff: 0, Sum: 0, Workers: 4
[2155.500s][debug][gc,phases      ] GC(145)     Total                          Min: 0, Avg:  0.0, Max: 0, Diff: 0, Sum: 0, Workers: 4
[2155.500s][debug][gc,phases      ] GC(145)   StringDedup Requests0 Weak     Min:  0.0, Avg:  0.0, Max:  0.0, Diff:  0.0, Sum:  0.0, Workers: 4
[2155.500s][debug][gc,phases      ] GC(145)     Dead                           Min: 0, Avg:  0.0, Max: 0, Diff: 0, Sum: 0, Workers: 4
[2155.500s][debug][gc,phases      ] GC(145)     Total                          Min: 0, Avg:  0.0, Max: 0, Diff: 0, Sum: 0, Workers: 4
[2155.500s][debug][gc,phases      ] GC(145)   StringDedup Requests1 Weak     Min:  0.0, Avg:  0.0, Max:  0.0, Diff:  0.0, Sum:  0.0, Workers: 4
[2155.500s][debug][gc,phases      ] GC(145)     Dead                           Min: 0, Avg:  0.0, Max: 0, Diff: 0, Sum: 0, Workers: 4
[2155.500s][debug][gc,phases      ] GC(145)     Total                          Min: 0, Avg:  0.0, Max: 0, Diff: 0, Sum: 0, Workers: 4
[2155.500s][debug][gc,phases      ] GC(145)   Weak JFR Old Object Samples    Min:  0.0, Avg:  0.0, Max:  0.0, Diff:  0.0, Sum:  0.0, Workers: 4
[2155.500s][debug][gc,phases      ] GC(145)     Dead                           Min: 0, Avg:  0.0, Max: 0, Diff: 0, Sum: 0, Workers: 4
[2155.500s][debug][gc,phases      ] GC(145)     Total                          Min: 0, Avg:  0.0, Max: 0, Diff: 0, Sum: 0, Workers: 4
[2155.500s][debug][gc,phases      ] GC(145) Weak Processing 0.418ms
[2155.500s][debug][gc,age         ] GC(145) Desired survivor size 3145728 bytes, new threshold 15 (max threshold 15)
[2155.500s][info ][gc,heap        ] GC(145) PSYoungGen: 2092896K(2094080K)->1312K(2094080K) Eden: 2091008K(2091008K)->0K(2091008K) From: 1888K(3072K)->1312K(3072K)
[2155.500s][info ][gc,heap        ] GC(145) ParOldGen: 365210K(458752K)->365794K(458752K)
[2155.500s][info ][gc,metaspace   ] GC(145) Metaspace: 82874K(83904K)->82874K(83904K) NonClass: 70983K(71552K)->70983K(71552K) Class: 11891K(12352K)->11891K(12352K)
[2155.500s][info ][gc             ] GC(145) Pause Young (Allocation Failure) 2400M->358M(2493M) 5.707ms
[2155.500s][info ][gc,cpu         ] GC(145) User=0.01s Sys=0.00s Real=0.00s
[2155.500s][info ][safepoint      ] Safepoint "ParallelGCFailedAllocation", Time since last: 6293608600 ns, Reaching safepoint: 37300 ns, At safepoint: 5797876 ns, Total: 5835176 ns
[2156.500s][info ][safepoint      ] Safepoint "Cleanup", Time since last: 1000075101 ns, Reaching safepoint: 32000 ns, At safepoint: 2900 ns, Total: 34900 ns
[2166.501s][info ][safepoint      ] Safepoint "Cleanup", Time since last: 10000690006 ns, Reaching safepoint: 48900 ns, At safepoint: 7099 ns, Total: 55999 ns
[2167.501s][info ][safepoint      ] Safepoint "Cleanup", Time since last: 1000105001 ns, Reaching safepoint: 107300 ns, At safepoint: 5699 ns, Total: 112999 ns
[2170.501s][info ][safepoint      ] Safepoint "Cleanup", Time since last: 3000245603 ns, Reaching safepoint: 42500 ns, At safepoint: 4900 ns, Total: 47400 ns
[2171.442s][info ][gc,start       ] GC(146) Pause Young (Allocation Failure)
[2171.447s][debug][gc,phases      ] GC(146) Scavenge 4.951ms
[2171.447s][debug][gc,ref         ] GC(146) Skipped phase 1 of Reference Processing: no references
[2171.447s][debug][gc,ref         ] GC(146) ReferenceProcessor::execute queues: 1, RefProcThreadModel::Single, marks_oops_alive: false
[2171.447s][debug][gc,ref         ] GC(146) Skipped phase 3 of Reference Processing: no references
[2171.447s][debug][gc,ref         ] GC(146) ReferenceProcessor::execute queues: 1, RefProcThreadModel::Single, marks_oops_alive: false
[2171.447s][debug][gc,phases      ] GC(146) Reference Processing 0.092ms
[2171.447s][debug][gc,phases      ] GC(146)   VM Weak                        Min:  0.0, Avg:  0.0, Max:  0.0, Diff:  0.0, Sum:  0.0, Workers: 4
[2171.447s][debug][gc,phases      ] GC(146)     Dead                           Min: 0, Avg:  0.0, Max: 0, Diff: 0, Sum: 0, Workers: 4
[2171.447s][debug][gc,phases      ] GC(146)     Total                          Min: 0, Avg: 211.8, Max: 527, Diff: 527, Sum: 847, Workers: 4
[2171.447s][debug][gc,phases      ] GC(146)   ObjectSynchronizer Weak        Min:  0.0, Avg:  0.0, Max:  0.0, Diff:  0.0, Sum:  0.0, Workers: 4
[2171.447s][debug][gc,phases      ] GC(146)     Dead                           Min: 0, Avg:  0.0, Max: 0, Diff: 0, Sum: 0, Workers: 4
[2171.447s][debug][gc,phases      ] GC(146)     Total                          Min: 0, Avg: 14.8, Max: 59, Diff: 59, Sum: 59, Workers: 4
[2171.447s][debug][gc,phases      ] GC(146)   JVMTI Tag Weak OopStorage      Min:  0.0, Avg:  0.0, Max:  0.0, Diff:  0.0, Sum:  0.0, Workers: 4
[2171.447s][debug][gc,phases      ] GC(146)     Dead                           Min: 0, Avg:  0.0, Max: 0, Diff: 0, Sum: 0, Workers: 4
[2171.447s][debug][gc,phases      ] GC(146)     Total                          Min: 0, Avg:  0.0, Max: 0, Diff: 0, Sum: 0, Workers: 4
[2171.447s][debug][gc,phases      ] GC(146)   StringTable Weak               Min:  0.0, Avg:  0.1, Max:  0.1, Diff:  0.1, Sum:  0.4, Workers: 4
[2171.447s][debug][gc,phases      ] GC(146)     Dead                           Min: 0, Avg:  0.0, Max: 0, Diff: 0, Sum: 0, Workers: 4
[2171.447s][debug][gc,phases      ] GC(146)     Total                          Min: 0, Avg: 11037.2, Max: 15358, Diff: 15358, Sum: 44149, Workers: 4
[2171.447s][debug][gc,phases      ] GC(146)   ResolvedMethodTable Weak       Min:  0.0, Avg:  0.0, Max:  0.0, Diff:  0.0, Sum:  0.1, Workers: 4
[2171.447s][debug][gc,phases      ] GC(146)     Dead                           Min: 0, Avg:  0.0, Max: 0, Diff: 0, Sum: 0, Workers: 4
[2171.447s][debug][gc,phases      ] GC(146)     Total                          Min: 0, Avg: 2438.8, Max: 3456, Diff: 3456, Sum: 9755, Workers: 4
[2171.447s][debug][gc,phases      ] GC(146)   JNI Weak                       Min:  0.0, Avg:  0.0, Max:  0.0, Diff:  0.0, Sum:  0.0, Workers: 4
[2171.447s][debug][gc,phases      ] GC(146)     Dead                           Min: 0, Avg:  0.0, Max: 0, Diff: 0, Sum: 0, Workers: 4
[2171.447s][debug][gc,phases      ] GC(146)     Total                          Min: 0, Avg: 11.2, Max: 45, Diff: 45, Sum: 45, Workers: 4
[2171.447s][debug][gc,phases      ] GC(146)   StringDedup Table Weak         Min:  0.0, Avg:  0.0, Max:  0.0, Diff:  0.0, Sum:  0.0, Workers: 4
[2171.447s][debug][gc,phases      ] GC(146)     Dead                           Min: 0, Avg:  0.0, Max: 0, Diff: 0, Sum: 0, Workers: 4
[2171.447s][debug][gc,phases      ] GC(146)     Total                          Min: 0, Avg:  0.0, Max: 0, Diff: 0, Sum: 0, Workers: 4
[2171.447s][debug][gc,phases      ] GC(146)   StringDedup Requests0 Weak     Min:  0.0, Avg:  0.0, Max:  0.0, Diff:  0.0, Sum:  0.0, Workers: 4
[2171.447s][debug][gc,phases      ] GC(146)     Dead                           Min: 0, Avg:  0.0, Max: 0, Diff: 0, Sum: 0, Workers: 4
[2171.447s][debug][gc,phases      ] GC(146)     Total                          Min: 0, Avg:  0.0, Max: 0, Diff: 0, Sum: 0, Workers: 4
[2171.447s][debug][gc,phases      ] GC(146)   StringDedup Requests1 Weak     Min:  0.0, Avg:  0.0, Max:  0.0, Diff:  0.0, Sum:  0.0, Workers: 4
[2171.447s][debug][gc,phases      ] GC(146)     Dead                           Min: 0, Avg:  0.0, Max: 0, Diff: 0, Sum: 0, Workers: 4
[2171.447s][debug][gc,phases      ] GC(146)     Total                          Min: 0, Avg:  0.0, Max: 0, Diff: 0, Sum: 0, Workers: 4
[2171.447s][debug][gc,phases      ] GC(146)   Weak JFR Old Object Samples    Min:  0.0, Avg:  0.0, Max:  0.0, Diff:  0.0, Sum:  0.0, Workers: 4
[2171.447s][debug][gc,phases      ] GC(146)     Dead                           Min: 0, Avg:  0.0, Max: 0, Diff: 0, Sum: 0, Workers: 4
[2171.447s][debug][gc,phases      ] GC(146)     Total                          Min: 0, Avg:  0.0, Max: 0, Diff: 0, Sum: 0, Workers: 4
[2171.447s][debug][gc,phases      ] GC(146) Weak Processing 0.343ms
[2171.447s][debug][gc,age         ] GC(146) Desired survivor size 3145728 bytes, new threshold 15 (max threshold 15)
[2171.447s][info ][gc,heap        ] GC(146) PSYoungGen: 2092320K(2094080K)->1280K(2094080K) Eden: 2091008K(2091008K)->0K(2091008K) From: 1312K(3072K)->1280K(3072K)
[2171.447s][info ][gc,heap        ] GC(146) ParOldGen: 365794K(458752K)->365934K(458752K)
[2171.447s][info ][gc,metaspace   ] GC(146) Metaspace: 82874K(83904K)->82874K(83904K) NonClass: 70983K(71552K)->70983K(71552K) Class: 11891K(12352K)->11891K(12352K)
[2171.447s][info ][gc             ] GC(146) Pause Young (Allocation Failure) 2400M->358M(2493M) 5.483ms
[2171.447s][info ][gc,cpu         ] GC(146) User=0.01s Sys=0.00s Real=0.01s
[2171.447s][info ][safepoint      ] Safepoint "ParallelGCFailedAllocation", Time since last: 940539048 ns, Reaching safepoint: 25400 ns, At safepoint: 5550377 ns, Total: 5575777 ns
[2187.049s][info ][gc,start       ] GC(147) Pause Young (Allocation Failure)
[2187.053s][debug][gc,phases      ] GC(147) Scavenge 4.245ms
[2187.053s][debug][gc,ref         ] GC(147) Skipped phase 1 of Reference Processing: no references
[2187.053s][debug][gc,ref         ] GC(147) ReferenceProcessor::execute queues: 1, RefProcThreadModel::Single, marks_oops_alive: false
[2187.053s][debug][gc,ref         ] GC(147) Skipped phase 3 of Reference Processing: no references
[2187.053s][debug][gc,ref         ] GC(147) ReferenceProcessor::execute queues: 1, RefProcThreadModel::Single, marks_oops_alive: false
[2187.053s][debug][gc,phases      ] GC(147) Reference Processing 0.113ms
[2187.053s][debug][gc,phases      ] GC(147)   VM Weak                        Min:  0.0, Avg:  0.0, Max:  0.0, Diff:  0.0, Sum:  0.0, Workers: 4
[2187.053s][debug][gc,phases      ] GC(147)     Dead                           Min: 0, Avg:  0.0, Max: 0, Diff: 0, Sum: 0, Workers: 4
[2187.053s][debug][gc,phases      ] GC(147)     Total                          Min: 0, Avg: 211.8, Max: 591, Diff: 591, Sum: 847, Workers: 4
[2187.053s][debug][gc,phases      ] GC(147)   ObjectSynchronizer Weak        Min:  0.0, Avg:  0.0, Max:  0.0, Diff:  0.0, Sum:  0.0, Workers: 4
[2187.053s][debug][gc,phases      ] GC(147)     Dead                           Min: 0, Avg:  0.0, Max: 0, Diff: 0, Sum: 0, Workers: 4
[2187.053s][debug][gc,phases      ] GC(147)     Total                          Min: 0, Avg: 14.8, Max: 59, Diff: 59, Sum: 59, Workers: 4
[2187.053s][debug][gc,phases      ] GC(147)   JVMTI Tag Weak OopStorage      Min:  0.0, Avg:  0.0, Max:  0.0, Diff:  0.0, Sum:  0.0, Workers: 4
[2187.053s][debug][gc,phases      ] GC(147)     Dead                           Min: 0, Avg:  0.0, Max: 0, Diff: 0, Sum: 0, Workers: 4
[2187.053s][debug][gc,phases      ] GC(147)     Total                          Min: 0, Avg:  0.0, Max: 0, Diff: 0, Sum: 0, Workers: 4
[2187.054s][debug][gc,phases      ] GC(147)   StringTable Weak               Min:  0.0, Avg:  0.1, Max:  0.1, Diff:  0.1, Sum:  0.4, Workers: 4
[2187.054s][debug][gc,phases      ] GC(147)     Dead                           Min: 0, Avg:  0.0, Max: 0, Diff: 0, Sum: 0, Workers: 4
[2187.054s][debug][gc,phases      ] GC(147)     Total                          Min: 0, Avg: 11037.2, Max: 15030, Diff: 15030, Sum: 44149, Workers: 4
[2187.054s][debug][gc,phases      ] GC(147)   ResolvedMethodTable Weak       Min:  0.0, Avg:  0.0, Max:  0.0, Diff:  0.0, Sum:  0.1, Workers: 4
[2187.054s][debug][gc,phases      ] GC(147)     Dead                           Min: 0, Avg:  0.0, Max: 0, Diff: 0, Sum: 0, Workers: 4
[2187.054s][debug][gc,phases      ] GC(147)     Total                          Min: 0, Avg: 2438.8, Max: 3328, Diff: 3328, Sum: 9755, Workers: 4
[2187.054s][debug][gc,phases      ] GC(147)   JNI Weak                       Min:  0.0, Avg:  0.0, Max:  0.0, Diff:  0.0, Sum:  0.0, Workers: 4
[2187.054s][debug][gc,phases      ] GC(147)     Dead                           Min: 0, Avg:  0.0, Max: 0, Diff: 0, Sum: 0, Workers: 4
[2187.054s][debug][gc,phases      ] GC(147)     Total                          Min: 0, Avg: 11.2, Max: 45, Diff: 45, Sum: 45, Workers: 4
[2187.054s][debug][gc,phases      ] GC(147)   StringDedup Table Weak         Min:  0.0, Avg:  0.0, Max:  0.0, Diff:  0.0, Sum:  0.0, Workers: 4
[2187.054s][debug][gc,phases      ] GC(147)     Dead                           Min: 0, Avg:  0.0, Max: 0, Diff: 0, Sum: 0, Workers: 4
[2187.054s][debug][gc,phases      ] GC(147)     Total                          Min: 0, Avg:  0.0, Max: 0, Diff: 0, Sum: 0, Workers: 4
[2187.054s][debug][gc,phases      ] GC(147)   StringDedup Requests0 Weak     Min:  0.0, Avg:  0.0, Max:  0.0, Diff:  0.0, Sum:  0.0, Workers: 4
[2187.054s][debug][gc,phases      ] GC(147)     Dead                           Min: 0, Avg:  0.0, Max: 0, Diff: 0, Sum: 0, Workers: 4
[2187.054s][debug][gc,phases      ] GC(147)     Total                          Min: 0, Avg:  0.0, Max: 0, Diff: 0, Sum: 0, Workers: 4
[2187.054s][debug][gc,phases      ] GC(147)   StringDedup Requests1 Weak     Min:  0.0, Avg:  0.0, Max:  0.0, Diff:  0.0, Sum:  0.0, Workers: 4
[2187.054s][debug][gc,phases      ] GC(147)     Dead                           Min: 0, Avg:  0.0, Max: 0, Diff: 0, Sum: 0, Workers: 4
[2187.054s][debug][gc,phases      ] GC(147)     Total                          Min: 0, Avg:  0.0, Max: 0, Diff: 0, Sum: 0, Workers: 4
[2187.054s][debug][gc,phases      ] GC(147)   Weak JFR Old Object Samples    Min:  0.0, Avg:  0.0, Max:  0.0, Diff:  0.0, Sum:  0.0, Workers: 4
[2187.054s][debug][gc,phases      ] GC(147)     Dead                           Min: 0, Avg:  0.0, Max: 0, Diff: 0, Sum: 0, Workers: 4
[2187.054s][debug][gc,phases      ] GC(147)     Total                          Min: 0, Avg:  0.0, Max: 0, Diff: 0, Sum: 0, Workers: 4
[2187.054s][debug][gc,phases      ] GC(147) Weak Processing 0.415ms
[2187.054s][debug][gc,age         ] GC(147) Desired survivor size 3145728 bytes, new threshold 15 (max threshold 15)
[2187.054s][info ][gc,heap        ] GC(147) PSYoungGen: 2092288K(2094080K)->1216K(2094080K) Eden: 2091008K(2091008K)->0K(2091008K) From: 1280K(3072K)->1216K(3072K)
[2187.054s][info ][gc,heap        ] GC(147) ParOldGen: 365934K(458752K)->365966K(458752K)
[2187.054s][info ][gc,metaspace   ] GC(147) Metaspace: 82877K(83904K)->82877K(83904K) NonClass: 70986K(71552K)->70986K(71552K) Class: 11891K(12352K)->11891K(12352K)
[2187.054s][info ][gc             ] GC(147) Pause Young (Allocation Failure) 2400M->358M(2493M) 4.889ms
[2187.054s][info ][gc,cpu         ] GC(147) User=0.01s Sys=0.00s Real=0.00s
[2187.054s][info ][safepoint      ] Safepoint "ParallelGCFailedAllocation", Time since last: 15601251191 ns, Reaching safepoint: 27099 ns, At safepoint: 4968380 ns, Total: 4995479 ns
[2192.054s][info ][safepoint      ] Safepoint "Cleanup", Time since last: 5000331112 ns, Reaching safepoint: 105499 ns, At safepoint: 5900 ns, Total: 111399 ns
[2196.055s][info ][safepoint      ] Safepoint "Cleanup", Time since last: 4000332505 ns, Reaching safepoint: 41300 ns, At safepoint: 2900 ns, Total: 44200 ns
[2203.195s][info ][gc,start       ] GC(148) Pause Young (Allocation Failure)
[2203.200s][debug][gc,phases      ] GC(148) Scavenge 5.058ms
[2203.200s][debug][gc,ref         ] GC(148) Skipped phase 1 of Reference Processing: no references
[2203.200s][debug][gc,ref         ] GC(148) ReferenceProcessor::execute queues: 1, RefProcThreadModel::Single, marks_oops_alive: false
[2203.200s][debug][gc,ref         ] GC(148) Skipped phase 3 of Reference Processing: no references
[2203.200s][debug][gc,ref         ] GC(148) ReferenceProcessor::execute queues: 1, RefProcThreadModel::Single, marks_oops_alive: false
[2203.200s][debug][gc,phases      ] GC(148) Reference Processing 0.082ms
[2203.200s][debug][gc,phases      ] GC(148)   VM Weak                        Min:  0.0, Avg:  0.0, Max:  0.0, Diff:  0.0, Sum:  0.0, Workers: 4
[2203.200s][debug][gc,phases      ] GC(148)     Dead                           Min: 0, Avg:  0.0, Max: 0, Diff: 0, Sum: 0, Workers: 4
[2203.200s][debug][gc,phases      ] GC(148)     Total                          Min: 0, Avg: 211.8, Max: 591, Diff: 591, Sum: 847, Workers: 4
[2203.200s][debug][gc,phases      ] GC(148)   ObjectSynchronizer Weak        Min:  0.0, Avg:  0.0, Max:  0.0, Diff:  0.0, Sum:  0.0, Workers: 4
[2203.200s][debug][gc,phases      ] GC(148)     Dead                           Min: 0, Avg:  0.0, Max: 0, Diff: 0, Sum: 0, Workers: 4
[2203.200s][debug][gc,phases      ] GC(148)     Total                          Min: 0, Avg: 14.8, Max: 59, Diff: 59, Sum: 59, Workers: 4
[2203.200s][debug][gc,phases      ] GC(148)   JVMTI Tag Weak OopStorage      Min:  0.0, Avg:  0.0, Max:  0.0, Diff:  0.0, Sum:  0.0, Workers: 4
[2203.200s][debug][gc,phases      ] GC(148)     Dead                           Min: 0, Avg:  0.0, Max: 0, Diff: 0, Sum: 0, Workers: 4
[2203.200s][debug][gc,phases      ] GC(148)     Total                          Min: 0, Avg:  0.0, Max: 0, Diff: 0, Sum: 0, Workers: 4
[2203.200s][debug][gc,phases      ] GC(148)   StringTable Weak               Min:  0.0, Avg:  0.1, Max:  0.2, Diff:  0.2, Sum:  0.3, Workers: 4
[2203.200s][debug][gc,phases      ] GC(148)     Dead                           Min: 0, Avg:  0.0, Max: 0, Diff: 0, Sum: 0, Workers: 4
[2203.200s][debug][gc,phases      ] GC(148)     Total                          Min: 0, Avg: 11037.2, Max: 25151, Diff: 25151, Sum: 44149, Workers: 4
[2203.200s][debug][gc,phases      ] GC(148)   ResolvedMethodTable Weak       Min:  0.0, Avg:  0.0, Max:  0.0, Diff:  0.0, Sum:  0.1, Workers: 4
[2203.200s][debug][gc,phases      ] GC(148)     Dead                           Min: 0, Avg:  0.0, Max: 0, Diff: 0, Sum: 0, Workers: 4
[2203.200s][debug][gc,phases      ] GC(148)     Total                          Min: 0, Avg: 2438.8, Max: 5056, Diff: 5056, Sum: 9755, Workers: 4
[2203.200s][debug][gc,phases      ] GC(148)   JNI Weak                       Min:  0.0, Avg:  0.0, Max:  0.0, Diff:  0.0, Sum:  0.0, Workers: 4
[2203.200s][debug][gc,phases      ] GC(148)     Dead                           Min: 0, Avg:  0.0, Max: 0, Diff: 0, Sum: 0, Workers: 4
[2203.200s][debug][gc,phases      ] GC(148)     Total                          Min: 0, Avg: 11.2, Max: 45, Diff: 45, Sum: 45, Workers: 4
[2203.200s][debug][gc,phases      ] GC(148)   StringDedup Table Weak         Min:  0.0, Avg:  0.0, Max:  0.0, Diff:  0.0, Sum:  0.0, Workers: 4
[2203.200s][debug][gc,phases      ] GC(148)     Dead                           Min: 0, Avg:  0.0, Max: 0, Diff: 0, Sum: 0, Workers: 4
[2203.200s][debug][gc,phases      ] GC(148)     Total                          Min: 0, Avg:  0.0, Max: 0, Diff: 0, Sum: 0, Workers: 4
[2203.200s][debug][gc,phases      ] GC(148)   StringDedup Requests0 Weak     Min:  0.0, Avg:  0.0, Max:  0.0, Diff:  0.0, Sum:  0.0, Workers: 4
[2203.200s][debug][gc,phases      ] GC(148)     Dead                           Min: 0, Avg:  0.0, Max: 0, Diff: 0, Sum: 0, Workers: 4
[2203.200s][debug][gc,phases      ] GC(148)     Total                          Min: 0, Avg:  0.0, Max: 0, Diff: 0, Sum: 0, Workers: 4
[2203.200s][debug][gc,phases      ] GC(148)   StringDedup Requests1 Weak     Min:  0.0, Avg:  0.0, Max:  0.0, Diff:  0.0, Sum:  0.0, Workers: 4
[2203.200s][debug][gc,phases      ] GC(148)     Dead                           Min: 0, Avg:  0.0, Max: 0, Diff: 0, Sum: 0, Workers: 4
[2203.200s][debug][gc,phases      ] GC(148)     Total                          Min: 0, Avg:  0.0, Max: 0, Diff: 0, Sum: 0, Workers: 4
[2203.200s][debug][gc,phases      ] GC(148)   Weak JFR Old Object Samples    Min:  0.0, Avg:  0.0, Max:  0.0, Diff:  0.0, Sum:  0.0, Workers: 4
[2203.200s][debug][gc,phases      ] GC(148)     Dead                           Min: 0, Avg:  0.0, Max: 0, Diff: 0, Sum: 0, Workers: 4
[2203.200s][debug][gc,phases      ] GC(148)     Total                          Min: 0, Avg:  0.0, Max: 0, Diff: 0, Sum: 0, Workers: 4
[2203.200s][debug][gc,phases      ] GC(148) Weak Processing 0.397ms
[2203.200s][debug][gc,age         ] GC(148) Desired survivor size 3145728 bytes, new threshold 15 (max threshold 15)
[2203.200s][info ][gc,heap        ] GC(148) PSYoungGen: 2092224K(2094080K)->1280K(2094080K) Eden: 2091008K(2091008K)->0K(2091008K) From: 1216K(3072K)->1280K(3072K)
[2203.200s][info ][gc,heap        ] GC(148) ParOldGen: 365966K(458752K)->365974K(458752K)
[2203.200s][info ][gc,metaspace   ] GC(148) Metaspace: 82878K(83904K)->82878K(83904K) NonClass: 70987K(71552K)->70987K(71552K) Class: 11891K(12352K)->11891K(12352K)
[2203.200s][info ][gc             ] GC(148) Pause Young (Allocation Failure) 2400M->358M(2493M) 5.646ms
[2203.200s][info ][gc,cpu         ] GC(148) User=0.02s Sys=0.01s Real=0.00s
[2203.200s][info ][safepoint      ] Safepoint "ParallelGCFailedAllocation", Time since last: 7140112227 ns, Reaching safepoint: 22000 ns, At safepoint: 5736377 ns, Total: 5758377 ns
[2212.201s][info ][safepoint      ] Safepoint "Cleanup", Time since last: 9000615124 ns, Reaching safepoint: 34000 ns, At safepoint: 3400 ns, Total: 37400 ns
[2220.202s][info ][safepoint      ] Safepoint "Cleanup", Time since last: 8000554504 ns, Reaching safepoint: 59700 ns, At safepoint: 4000 ns, Total: 63700 ns
[2221.398s][info ][gc,start       ] GC(149) Pause Young (Allocation Failure)
[2221.404s][debug][gc,phases      ] GC(149) Scavenge 5.375ms
[2221.404s][debug][gc,ref         ] GC(149) Skipped phase 1 of Reference Processing: no references
[2221.404s][debug][gc,ref         ] GC(149) ReferenceProcessor::execute queues: 1, RefProcThreadModel::Single, marks_oops_alive: false
[2221.404s][debug][gc,ref         ] GC(149) Skipped phase 3 of Reference Processing: no references
[2221.404s][debug][gc,ref         ] GC(149) ReferenceProcessor::execute queues: 1, RefProcThreadModel::Single, marks_oops_alive: false
[2221.404s][debug][gc,phases      ] GC(149) Reference Processing 0.121ms
[2221.404s][debug][gc,phases      ] GC(149)   VM Weak                        Min:  0.0, Avg:  0.0, Max:  0.0, Diff:  0.0, Sum:  0.0, Workers: 4
[2221.404s][debug][gc,phases      ] GC(149)     Dead                           Min: 0, Avg:  0.0, Max: 0, Diff: 0, Sum: 0, Workers: 4
[2221.404s][debug][gc,phases      ] GC(149)     Total                          Min: 0, Avg: 211.8, Max: 512, Diff: 512, Sum: 847, Workers: 4
[2221.404s][debug][gc,phases      ] GC(149)   ObjectSynchronizer Weak        Min:  0.0, Avg:  0.0, Max:  0.0, Diff:  0.0, Sum:  0.0, Workers: 4
[2221.404s][debug][gc,phases      ] GC(149)     Dead                           Min: 0, Avg:  0.0, Max: 0, Diff: 0, Sum: 0, Workers: 4
[2221.404s][debug][gc,phases      ] GC(149)     Total                          Min: 0, Avg: 14.8, Max: 59, Diff: 59, Sum: 59, Workers: 4
[2221.404s][debug][gc,phases      ] GC(149)   JVMTI Tag Weak OopStorage      Min:  0.0, Avg:  0.0, Max:  0.0, Diff:  0.0, Sum:  0.0, Workers: 4
[2221.404s][debug][gc,phases      ] GC(149)     Dead                           Min: 0, Avg:  0.0, Max: 0, Diff: 0, Sum: 0, Workers: 4
[2221.404s][debug][gc,phases      ] GC(149)     Total                          Min: 0, Avg:  0.0, Max: 0, Diff: 0, Sum: 0, Workers: 4
[2221.404s][debug][gc,phases      ] GC(149)   StringTable Weak               Min:  0.0, Avg:  0.1, Max:  0.1, Diff:  0.1, Sum:  0.3, Workers: 4
[2221.404s][debug][gc,phases      ] GC(149)     Dead                           Min: 0, Avg:  0.0, Max: 0, Diff: 0, Sum: 0, Workers: 4
[2221.404s][debug][gc,phases      ] GC(149)     Total                          Min: 0, Avg: 11037.2, Max: 25653, Diff: 25653, Sum: 44149, Workers: 4
[2221.404s][debug][gc,phases      ] GC(149)   ResolvedMethodTable Weak       Min:  0.0, Avg:  0.0, Max:  0.0, Diff:  0.0, Sum:  0.1, Workers: 4
[2221.404s][debug][gc,phases      ] GC(149)     Dead                           Min: 0, Avg:  0.0, Max: 0, Diff: 0, Sum: 0, Workers: 4
[2221.404s][debug][gc,phases      ] GC(149)     Total                          Min: 0, Avg: 2438.8, Max: 5440, Diff: 5440, Sum: 9755, Workers: 4
[2221.404s][debug][gc,phases      ] GC(149)   JNI Weak                       Min:  0.0, Avg:  0.0, Max:  0.0, Diff:  0.0, Sum:  0.0, Workers: 4
[2221.404s][debug][gc,phases      ] GC(149)     Dead                           Min: 0, Avg:  0.0, Max: 0, Diff: 0, Sum: 0, Workers: 4
[2221.404s][debug][gc,phases      ] GC(149)     Total                          Min: 0, Avg: 11.2, Max: 45, Diff: 45, Sum: 45, Workers: 4
[2221.404s][debug][gc,phases      ] GC(149)   StringDedup Table Weak         Min:  0.0, Avg:  0.0, Max:  0.0, Diff:  0.0, Sum:  0.0, Workers: 4
[2221.404s][debug][gc,phases      ] GC(149)     Dead                           Min: 0, Avg:  0.0, Max: 0, Diff: 0, Sum: 0, Workers: 4
[2221.404s][debug][gc,phases      ] GC(149)     Total                          Min: 0, Avg:  0.0, Max: 0, Diff: 0, Sum: 0, Workers: 4
[2221.404s][debug][gc,phases      ] GC(149)   StringDedup Requests0 Weak     Min:  0.0, Avg:  0.0, Max:  0.0, Diff:  0.0, Sum:  0.0, Workers: 4
[2221.404s][debug][gc,phases      ] GC(149)     Dead                           Min: 0, Avg:  0.0, Max: 0, Diff: 0, Sum: 0, Workers: 4
[2221.404s][debug][gc,phases      ] GC(149)     Total                          Min: 0, Avg:  0.0, Max: 0, Diff: 0, Sum: 0, Workers: 4
[2221.404s][debug][gc,phases      ] GC(149)   StringDedup Requests1 Weak     Min:  0.0, Avg:  0.0, Max:  0.0, Diff:  0.0, Sum:  0.0, Workers: 4
[2221.404s][debug][gc,phases      ] GC(149)     Dead                           Min: 0, Avg:  0.0, Max: 0, Diff: 0, Sum: 0, Workers: 4
[2221.404s][debug][gc,phases      ] GC(149)     Total                          Min: 0, Avg:  0.0, Max: 0, Diff: 0, Sum: 0, Workers: 4
[2221.404s][debug][gc,phases      ] GC(149)   Weak JFR Old Object Samples    Min:  0.0, Avg:  0.0, Max:  0.0, Diff:  0.0, Sum:  0.0, Workers: 4
[2221.404s][debug][gc,phases      ] GC(149)     Dead                           Min: 0, Avg:  0.0, Max: 0, Diff: 0, Sum: 0, Workers: 4
[2221.404s][debug][gc,phases      ] GC(149)     Total                          Min: 0, Avg:  0.0, Max: 0, Diff: 0, Sum: 0, Workers: 4
[2221.404s][debug][gc,phases      ] GC(149) Weak Processing 0.355ms
[2221.404s][debug][gc,age         ] GC(149) Desired survivor size 3145728 bytes, new threshold 15 (max threshold 15)
[2221.404s][info ][gc,heap        ] GC(149) PSYoungGen: 2092288K(2094080K)->1200K(2094080K) Eden: 2091008K(2091008K)->0K(2091008K) From: 1280K(3072K)->1200K(3072K)
[2221.404s][info ][gc,heap        ] GC(149) ParOldGen: 365974K(458752K)->365998K(458752K)
[2221.404s][info ][gc,metaspace   ] GC(149) Metaspace: 82882K(83904K)->82882K(83904K) NonClass: 70990K(71552K)->70990K(71552K) Class: 11891K(12352K)->11891K(12352K)
[2221.404s][info ][gc             ] GC(149) Pause Young (Allocation Failure) 2400M->358M(2493M) 5.959ms
[2221.404s][info ][gc,cpu         ] GC(149) User=0.02s Sys=0.00s Real=0.00s
[2221.404s][info ][safepoint      ] Safepoint "ParallelGCFailedAllocation", Time since last: 1196253630 ns, Reaching safepoint: 99399 ns, At safepoint: 6036376 ns, Total: 6135775 ns
[2237.798s][info ][gc,start       ] GC(150) Pause Young (Allocation Failure)
[2237.802s][debug][gc,phases      ] GC(150) Scavenge 3.771ms
[2237.802s][debug][gc,ref         ] GC(150) Skipped phase 1 of Reference Processing: no references
[2237.802s][debug][gc,ref         ] GC(150) ReferenceProcessor::execute queues: 1, RefProcThreadModel::Single, marks_oops_alive: false
[2237.802s][debug][gc,ref         ] GC(150) Skipped phase 3 of Reference Processing: no references
[2237.802s][debug][gc,ref         ] GC(150) ReferenceProcessor::execute queues: 1, RefProcThreadModel::Single, marks_oops_alive: false
[2237.802s][debug][gc,phases      ] GC(150) Reference Processing 0.114ms
[2237.802s][debug][gc,phases      ] GC(150)   VM Weak                        Min:  0.0, Avg:  0.0, Max:  0.0, Diff:  0.0, Sum:  0.0, Workers: 4
[2237.802s][debug][gc,phases      ] GC(150)     Dead                           Min: 0, Avg:  0.0, Max: 0, Diff: 0, Sum: 0, Workers: 4
[2237.802s][debug][gc,phases      ] GC(150)     Total                          Min: 0, Avg: 211.8, Max: 640, Diff: 640, Sum: 847, Workers: 4
[2237.802s][debug][gc,phases      ] GC(150)   ObjectSynchronizer Weak        Min:  0.0, Avg:  0.0, Max:  0.0, Diff:  0.0, Sum:  0.0, Workers: 4
[2237.802s][debug][gc,phases      ] GC(150)     Dead                           Min: 0, Avg:  0.0, Max: 0, Diff: 0, Sum: 0, Workers: 4
[2237.802s][debug][gc,phases      ] GC(150)     Total                          Min: 0, Avg: 14.8, Max: 59, Diff: 59, Sum: 59, Workers: 4
[2237.802s][debug][gc,phases      ] GC(150)   JVMTI Tag Weak OopStorage      Min:  0.0, Avg:  0.0, Max:  0.0, Diff:  0.0, Sum:  0.0, Workers: 4
[2237.802s][debug][gc,phases      ] GC(150)     Dead                           Min: 0, Avg:  0.0, Max: 0, Diff: 0, Sum: 0, Workers: 4
[2237.802s][debug][gc,phases      ] GC(150)     Total                          Min: 0, Avg:  0.0, Max: 0, Diff: 0, Sum: 0, Workers: 4
[2237.802s][debug][gc,phases      ] GC(150)   StringTable Weak               Min:  0.0, Avg:  0.1, Max:  0.1, Diff:  0.1, Sum:  0.4, Workers: 4
[2237.802s][debug][gc,phases      ] GC(150)     Dead                           Min: 0, Avg:  0.0, Max: 0, Diff: 0, Sum: 0, Workers: 4
[2237.802s][debug][gc,phases      ] GC(150)     Total                          Min: 0, Avg: 11037.2, Max: 15296, Diff: 15296, Sum: 44149, Workers: 4
[2237.802s][debug][gc,phases      ] GC(150)   ResolvedMethodTable Weak       Min:  0.0, Avg:  0.0, Max:  0.0, Diff:  0.0, Sum:  0.1, Workers: 4
[2237.802s][debug][gc,phases      ] GC(150)     Dead                           Min: 0, Avg:  0.0, Max: 0, Diff: 0, Sum: 0, Workers: 4
[2237.802s][debug][gc,phases      ] GC(150)     Total                          Min: 0, Avg: 2438.8, Max: 3291, Diff: 3291, Sum: 9755, Workers: 4
[2237.802s][debug][gc,phases      ] GC(150)   JNI Weak                       Min:  0.0, Avg:  0.0, Max:  0.0, Diff:  0.0, Sum:  0.0, Workers: 4
[2237.802s][debug][gc,phases      ] GC(150)     Dead                           Min: 0, Avg:  0.0, Max: 0, Diff: 0, Sum: 0, Workers: 4
[2237.802s][debug][gc,phases      ] GC(150)     Total                          Min: 0, Avg: 11.2, Max: 45, Diff: 45, Sum: 45, Workers: 4
[2237.802s][debug][gc,phases      ] GC(150)   StringDedup Table Weak         Min:  0.0, Avg:  0.0, Max:  0.0, Diff:  0.0, Sum:  0.0, Workers: 4
[2237.802s][debug][gc,phases      ] GC(150)     Dead                           Min: 0, Avg:  0.0, Max: 0, Diff: 0, Sum: 0, Workers: 4
[2237.802s][debug][gc,phases      ] GC(150)     Total                          Min: 0, Avg:  0.0, Max: 0, Diff: 0, Sum: 0, Workers: 4
[2237.802s][debug][gc,phases      ] GC(150)   StringDedup Requests0 Weak     Min:  0.0, Avg:  0.0, Max:  0.0, Diff:  0.0, Sum:  0.0, Workers: 4
[2237.802s][debug][gc,phases      ] GC(150)     Dead                           Min: 0, Avg:  0.0, Max: 0, Diff: 0, Sum: 0, Workers: 4
[2237.802s][debug][gc,phases      ] GC(150)     Total                          Min: 0, Avg:  0.0, Max: 0, Diff: 0, Sum: 0, Workers: 4
[2237.802s][debug][gc,phases      ] GC(150)   StringDedup Requests1 Weak     Min:  0.0, Avg:  0.0, Max:  0.0, Diff:  0.0, Sum:  0.0, Workers: 4
[2237.802s][debug][gc,phases      ] GC(150)     Dead                           Min: 0, Avg:  0.0, Max: 0, Diff: 0, Sum: 0, Workers: 4
[2237.802s][debug][gc,phases      ] GC(150)     Total                          Min: 0, Avg:  0.0, Max: 0, Diff: 0, Sum: 0, Workers: 4
[2237.802s][debug][gc,phases      ] GC(150)   Weak JFR Old Object Samples    Min:  0.0, Avg:  0.0, Max:  0.0, Diff:  0.0, Sum:  0.0, Workers: 4
[2237.802s][debug][gc,phases      ] GC(150)     Dead                           Min: 0, Avg:  0.0, Max: 0, Diff: 0, Sum: 0, Workers: 4
[2237.802s][debug][gc,phases      ] GC(150)     Total                          Min: 0, Avg:  0.0, Max: 0, Diff: 0, Sum: 0, Workers: 4
[2237.802s][debug][gc,phases      ] GC(150) Weak Processing 0.432ms
[2237.802s][debug][gc,age         ] GC(150) Desired survivor size 3145728 bytes, new threshold 15 (max threshold 15)
[2237.802s][info ][gc,heap        ] GC(150) PSYoungGen: 2092208K(2094080K)->1264K(2094080K) Eden: 2091008K(2091008K)->0K(2091008K) From: 1200K(3072K)->1264K(3072K)
[2237.802s][info ][gc,heap        ] GC(150) ParOldGen: 365998K(458752K)->366006K(458752K)
[2237.802s][info ][gc,metaspace   ] GC(150) Metaspace: 82882K(83904K)->82882K(83904K) NonClass: 70990K(71552K)->70990K(71552K) Class: 11891K(12352K)->11891K(12352K)
[2237.802s][info ][gc             ] GC(150) Pause Young (Allocation Failure) 2400M->358M(2493M) 4.439ms
[2237.802s][info ][gc,cpu         ] GC(150) User=0.01s Sys=0.00s Real=0.00s
[2237.802s][info ][safepoint      ] Safepoint "ParallelGCFailedAllocation", Time since last: 16393798745 ns, Reaching safepoint: 44699 ns, At safepoint: 4514383 ns, Total: 4559082 ns
[2253.945s][info ][gc,start       ] GC(151) Pause Young (Allocation Failure)
[2253.949s][debug][gc,phases      ] GC(151) Scavenge 4.268ms
[2253.949s][debug][gc,ref         ] GC(151) Skipped phase 1 of Reference Processing: no references
[2253.949s][debug][gc,ref         ] GC(151) ReferenceProcessor::execute queues: 1, RefProcThreadModel::Single, marks_oops_alive: false
[2253.949s][debug][gc,ref         ] GC(151) Skipped phase 3 of Reference Processing: no references
[2253.949s][debug][gc,ref         ] GC(151) ReferenceProcessor::execute queues: 1, RefProcThreadModel::Single, marks_oops_alive: false
[2253.949s][debug][gc,phases      ] GC(151) Reference Processing 0.105ms
[2253.949s][debug][gc,phases      ] GC(151)   VM Weak                        Min:  0.0, Avg:  0.0, Max:  0.0, Diff:  0.0, Sum:  0.0, Workers: 4
[2253.949s][debug][gc,phases      ] GC(151)     Dead                           Min: 0, Avg:  0.0, Max: 0, Diff: 0, Sum: 0, Workers: 4
[2253.949s][debug][gc,phases      ] GC(151)     Total                          Min: 0, Avg: 211.8, Max: 704, Diff: 704, Sum: 847, Workers: 4
[2253.949s][debug][gc,phases      ] GC(151)   ObjectSynchronizer Weak        Min:  0.0, Avg:  0.0, Max:  0.0, Diff:  0.0, Sum:  0.0, Workers: 4
[2253.949s][debug][gc,phases      ] GC(151)     Dead                           Min: 0, Avg:  0.0, Max: 0, Diff: 0, Sum: 0, Workers: 4
[2253.949s][debug][gc,phases      ] GC(151)     Total                          Min: 0, Avg: 14.8, Max: 59, Diff: 59, Sum: 59, Workers: 4
[2253.949s][debug][gc,phases      ] GC(151)   JVMTI Tag Weak OopStorage      Min:  0.0, Avg:  0.0, Max:  0.0, Diff:  0.0, Sum:  0.0, Workers: 4
[2253.949s][debug][gc,phases      ] GC(151)     Dead                           Min: 0, Avg:  0.0, Max: 0, Diff: 0, Sum: 0, Workers: 4
[2253.949s][debug][gc,phases      ] GC(151)     Total                          Min: 0, Avg:  0.0, Max: 0, Diff: 0, Sum: 0, Workers: 4
[2253.949s][debug][gc,phases      ] GC(151)   StringTable Weak               Min:  0.0, Avg:  0.1, Max:  0.2, Diff:  0.2, Sum:  0.3, Workers: 4
[2253.949s][debug][gc,phases      ] GC(151)     Dead                           Min: 0, Avg:  0.0, Max: 0, Diff: 0, Sum: 0, Workers: 4
[2253.949s][debug][gc,phases      ] GC(151)     Total                          Min: 0, Avg: 11037.2, Max: 26422, Diff: 26422, Sum: 44149, Workers: 4
[2253.949s][debug][gc,phases      ] GC(151)   ResolvedMethodTable Weak       Min:  0.0, Avg:  0.0, Max:  0.0, Diff:  0.0, Sum:  0.1, Workers: 4
[2253.949s][debug][gc,phases      ] GC(151)     Dead                           Min: 0, Avg:  0.0, Max: 0, Diff: 0, Sum: 0, Workers: 4
[2253.949s][debug][gc,phases      ] GC(151)     Total                          Min: 0, Avg: 2438.8, Max: 5531, Diff: 5531, Sum: 9755, Workers: 4
[2253.949s][debug][gc,phases      ] GC(151)   JNI Weak                       Min:  0.0, Avg:  0.0, Max:  0.0, Diff:  0.0, Sum:  0.0, Workers: 4
[2253.949s][debug][gc,phases      ] GC(151)     Dead                           Min: 0, Avg:  0.0, Max: 0, Diff: 0, Sum: 0, Workers: 4
[2253.949s][debug][gc,phases      ] GC(151)     Total                          Min: 0, Avg: 11.2, Max: 45, Diff: 45, Sum: 45, Workers: 4
[2253.949s][debug][gc,phases      ] GC(151)   StringDedup Table Weak         Min:  0.0, Avg:  0.0, Max:  0.0, Diff:  0.0, Sum:  0.0, Workers: 4
[2253.949s][debug][gc,phases      ] GC(151)     Dead                           Min: 0, Avg:  0.0, Max: 0, Diff: 0, Sum: 0, Workers: 4
[2253.949s][debug][gc,phases      ] GC(151)     Total                          Min: 0, Avg:  0.0, Max: 0, Diff: 0, Sum: 0, Workers: 4
[2253.949s][debug][gc,phases      ] GC(151)   StringDedup Requests0 Weak     Min:  0.0, Avg:  0.0, Max:  0.0, Diff:  0.0, Sum:  0.0, Workers: 4
[2253.949s][debug][gc,phases      ] GC(151)     Dead                           Min: 0, Avg:  0.0, Max: 0, Diff: 0, Sum: 0, Workers: 4
[2253.949s][debug][gc,phases      ] GC(151)     Total                          Min: 0, Avg:  0.0, Max: 0, Diff: 0, Sum: 0, Workers: 4
[2253.949s][debug][gc,phases      ] GC(151)   StringDedup Requests1 Weak     Min:  0.0, Avg:  0.0, Max:  0.0, Diff:  0.0, Sum:  0.0, Workers: 4
[2253.949s][debug][gc,phases      ] GC(151)     Dead                           Min: 0, Avg:  0.0, Max: 0, Diff: 0, Sum: 0, Workers: 4
[2253.949s][debug][gc,phases      ] GC(151)     Total                          Min: 0, Avg:  0.0, Max: 0, Diff: 0, Sum: 0, Workers: 4
[2253.949s][debug][gc,phases      ] GC(151)   Weak JFR Old Object Samples    Min:  0.0, Avg:  0.0, Max:  0.0, Diff:  0.0, Sum:  0.0, Workers: 4
[2253.949s][debug][gc,phases      ] GC(151)     Dead                           Min: 0, Avg:  0.0, Max: 0, Diff: 0, Sum: 0, Workers: 4
[2253.949s][debug][gc,phases      ] GC(151)     Total                          Min: 0, Avg:  0.0, Max: 0, Diff: 0, Sum: 0, Workers: 4
[2253.949s][debug][gc,phases      ] GC(151) Weak Processing 0.351ms
[2253.949s][debug][gc,age         ] GC(151) Desired survivor size 3145728 bytes, new threshold 15 (max threshold 15)
[2253.949s][info ][gc,heap        ] GC(151) PSYoungGen: 2092272K(2094080K)->1200K(2094080K) Eden: 2091008K(2091008K)->0K(2091008K) From: 1264K(3072K)->1200K(3072K)
[2253.949s][info ][gc,heap        ] GC(151) ParOldGen: 366006K(458752K)->366038K(458752K)
[2253.949s][info ][gc,metaspace   ] GC(151) Metaspace: 82884K(83904K)->82884K(83904K) NonClass: 70992K(71552K)->70992K(71552K) Class: 11891K(12352K)->11891K(12352K)
[2253.949s][info ][gc             ] GC(151) Pause Young (Allocation Failure) 2400M->358M(2493M) 4.834ms
[2253.949s][info ][gc,cpu         ] GC(151) User=0.01s Sys=0.00s Real=0.01s
[2253.949s][info ][safepoint      ] Safepoint "ParallelGCFailedAllocation", Time since last: 16142111309 ns, Reaching safepoint: 40600 ns, At safepoint: 4901284 ns, Total: 4941884 ns
[2257.950s][info ][safepoint      ] Safepoint "Cleanup", Time since last: 4000291253 ns, Reaching safepoint: 39000 ns, At safepoint: 7900 ns, Total: 46900 ns
[2269.800s][info ][gc,start       ] GC(152) Pause Young (Allocation Failure)
[2269.805s][debug][gc,phases      ] GC(152) Scavenge 4.315ms
[2269.805s][debug][gc,ref         ] GC(152) Skipped phase 1 of Reference Processing: no references
[2269.805s][debug][gc,ref         ] GC(152) ReferenceProcessor::execute queues: 1, RefProcThreadModel::Single, marks_oops_alive: false
[2269.805s][debug][gc,ref         ] GC(152) Skipped phase 3 of Reference Processing: no references
[2269.805s][debug][gc,ref         ] GC(152) Skipped phase 4 of Reference Processing: no references
[2269.805s][debug][gc,phases      ] GC(152) Reference Processing 0.099ms
[2269.805s][debug][gc,phases      ] GC(152)   VM Weak                        Min:  0.0, Avg:  0.0, Max:  0.0, Diff:  0.0, Sum:  0.0, Workers: 4
[2269.805s][debug][gc,phases      ] GC(152)     Dead                           Min: 0, Avg:  0.0, Max: 0, Diff: 0, Sum: 0, Workers: 4
[2269.805s][debug][gc,phases      ] GC(152)     Total                          Min: 0, Avg: 211.8, Max: 783, Diff: 783, Sum: 847, Workers: 4
[2269.805s][debug][gc,phases      ] GC(152)   ObjectSynchronizer Weak        Min:  0.0, Avg:  0.0, Max:  0.0, Diff:  0.0, Sum:  0.0, Workers: 4
[2269.805s][debug][gc,phases      ] GC(152)     Dead                           Min: 0, Avg:  0.0, Max: 0, Diff: 0, Sum: 0, Workers: 4
[2269.805s][debug][gc,phases      ] GC(152)     Total                          Min: 0, Avg: 14.8, Max: 59, Diff: 59, Sum: 59, Workers: 4
[2269.805s][debug][gc,phases      ] GC(152)   JVMTI Tag Weak OopStorage      Min:  0.0, Avg:  0.0, Max:  0.0, Diff:  0.0, Sum:  0.0, Workers: 4
[2269.805s][debug][gc,phases      ] GC(152)     Dead                           Min: 0, Avg:  0.0, Max: 0, Diff: 0, Sum: 0, Workers: 4
[2269.805s][debug][gc,phases      ] GC(152)     Total                          Min: 0, Avg:  0.0, Max: 0, Diff: 0, Sum: 0, Workers: 4
[2269.805s][debug][gc,phases      ] GC(152)   StringTable Weak               Min:  0.0, Avg:  0.1, Max:  0.2, Diff:  0.2, Sum:  0.3, Workers: 4
[2269.805s][debug][gc,phases      ] GC(152)     Dead                           Min: 0, Avg:  0.0, Max: 0, Diff: 0, Sum: 0, Workers: 4
[2269.805s][debug][gc,phases      ] GC(152)     Total                          Min: 0, Avg: 11037.2, Max: 26815, Diff: 26815, Sum: 44149, Workers: 4
[2269.805s][debug][gc,phases      ] GC(152)   ResolvedMethodTable Weak       Min:  0.0, Avg:  0.0, Max:  0.0, Diff:  0.0, Sum:  0.1, Workers: 4
[2269.805s][debug][gc,phases      ] GC(152)     Dead                           Min: 0, Avg:  0.0, Max: 0, Diff: 0, Sum: 0, Workers: 4
[2269.805s][debug][gc,phases      ] GC(152)     Total                          Min: 0, Avg: 2438.8, Max: 6016, Diff: 6016, Sum: 9755, Workers: 4
[2269.805s][debug][gc,phases      ] GC(152)   JNI Weak                       Min:  0.0, Avg:  0.0, Max:  0.0, Diff:  0.0, Sum:  0.0, Workers: 4
[2269.805s][debug][gc,phases      ] GC(152)     Dead                           Min: 0, Avg:  0.0, Max: 0, Diff: 0, Sum: 0, Workers: 4
[2269.805s][debug][gc,phases      ] GC(152)     Total                          Min: 0, Avg: 11.2, Max: 45, Diff: 45, Sum: 45, Workers: 4
[2269.805s][debug][gc,phases      ] GC(152)   StringDedup Table Weak         Min:  0.0, Avg:  0.0, Max:  0.0, Diff:  0.0, Sum:  0.0, Workers: 4
[2269.805s][debug][gc,phases      ] GC(152)     Dead                           Min: 0, Avg:  0.0, Max: 0, Diff: 0, Sum: 0, Workers: 4
[2269.805s][debug][gc,phases      ] GC(152)     Total                          Min: 0, Avg:  0.0, Max: 0, Diff: 0, Sum: 0, Workers: 4
[2269.805s][debug][gc,phases      ] GC(152)   StringDedup Requests0 Weak     Min:  0.0, Avg:  0.0, Max:  0.0, Diff:  0.0, Sum:  0.0, Workers: 4
[2269.805s][debug][gc,phases      ] GC(152)     Dead                           Min: 0, Avg:  0.0, Max: 0, Diff: 0, Sum: 0, Workers: 4
[2269.805s][debug][gc,phases      ] GC(152)     Total                          Min: 0, Avg:  0.0, Max: 0, Diff: 0, Sum: 0, Workers: 4
[2269.805s][debug][gc,phases      ] GC(152)   StringDedup Requests1 Weak     Min:  0.0, Avg:  0.0, Max:  0.0, Diff:  0.0, Sum:  0.0, Workers: 4
[2269.805s][debug][gc,phases      ] GC(152)     Dead                           Min: 0, Avg:  0.0, Max: 0, Diff: 0, Sum: 0, Workers: 4
[2269.805s][debug][gc,phases      ] GC(152)     Total                          Min: 0, Avg:  0.0, Max: 0, Diff: 0, Sum: 0, Workers: 4
[2269.805s][debug][gc,phases      ] GC(152)   Weak JFR Old Object Samples    Min:  0.0, Avg:  0.0, Max:  0.0, Diff:  0.0, Sum:  0.0, Workers: 4
[2269.805s][debug][gc,phases      ] GC(152)     Dead                           Min: 0, Avg:  0.0, Max: 0, Diff: 0, Sum: 0, Workers: 4
[2269.805s][debug][gc,phases      ] GC(152)     Total                          Min: 0, Avg:  0.0, Max: 0, Diff: 0, Sum: 0, Workers: 4
[2269.805s][debug][gc,phases      ] GC(152) Weak Processing 0.358ms
[2269.805s][debug][gc,age         ] GC(152) Desired survivor size 3145728 bytes, new threshold 15 (max threshold 15)
[2269.805s][info ][gc,heap        ] GC(152) PSYoungGen: 2092208K(2094080K)->1200K(2094080K) Eden: 2091008K(2091008K)->0K(2091008K) From: 1200K(3072K)->1200K(3072K)
[2269.805s][info ][gc,heap        ] GC(152) ParOldGen: 366038K(458752K)->366062K(458752K)
[2269.805s][info ][gc,metaspace   ] GC(152) Metaspace: 82884K(83904K)->82884K(83904K) NonClass: 70992K(71552K)->70992K(71552K) Class: 11891K(12352K)->11891K(12352K)
[2269.805s][info ][gc             ] GC(152) Pause Young (Allocation Failure) 2400M->358M(2493M) 4.875ms
[2269.805s][info ][gc,cpu         ] GC(152) User=0.01s Sys=0.00s Real=0.00s
[2269.805s][info ][safepoint      ] Safepoint "ParallelGCFailedAllocation", Time since last: 11850465927 ns, Reaching safepoint: 112200 ns, At safepoint: 4942281 ns, Total: 5054481 ns
[2288.196s][info ][gc,start       ] GC(153) Pause Young (Allocation Failure)
[2288.202s][debug][gc,phases      ] GC(153) Scavenge 5.439ms
[2288.202s][debug][gc,ref         ] GC(153) Skipped phase 1 of Reference Processing: no references
[2288.202s][debug][gc,ref         ] GC(153) ReferenceProcessor::execute queues: 1, RefProcThreadModel::Single, marks_oops_alive: false
[2288.202s][debug][gc,ref         ] GC(153) Skipped phase 3 of Reference Processing: no references
[2288.202s][debug][gc,ref         ] GC(153) Skipped phase 4 of Reference Processing: no references
[2288.202s][debug][gc,phases      ] GC(153) Reference Processing 0.076ms
[2288.202s][debug][gc,phases      ] GC(153)   VM Weak                        Min:  0.0, Avg:  0.0, Max:  0.0, Diff:  0.0, Sum:  0.0, Workers: 4
[2288.202s][debug][gc,phases      ] GC(153)     Dead                           Min: 0, Avg:  0.0, Max: 0, Diff: 0, Sum: 0, Workers: 4
[2288.202s][debug][gc,phases      ] GC(153)     Total                          Min: 0, Avg: 211.8, Max: 576, Diff: 576, Sum: 847, Workers: 4
[2288.202s][debug][gc,phases      ] GC(153)   ObjectSynchronizer Weak        Min:  0.0, Avg:  0.0, Max:  0.0, Diff:  0.0, Sum:  0.0, Workers: 4
[2288.202s][debug][gc,phases      ] GC(153)     Dead                           Min: 0, Avg:  0.0, Max: 0, Diff: 0, Sum: 0, Workers: 4
[2288.202s][debug][gc,phases      ] GC(153)     Total                          Min: 0, Avg: 14.8, Max: 59, Diff: 59, Sum: 59, Workers: 4
[2288.202s][debug][gc,phases      ] GC(153)   JVMTI Tag Weak OopStorage      Min:  0.0, Avg:  0.0, Max:  0.0, Diff:  0.0, Sum:  0.0, Workers: 4
[2288.202s][debug][gc,phases      ] GC(153)     Dead                           Min: 0, Avg:  0.0, Max: 0, Diff: 0, Sum: 0, Workers: 4
[2288.202s][debug][gc,phases      ] GC(153)     Total                          Min: 0, Avg:  0.0, Max: 0, Diff: 0, Sum: 0, Workers: 4
[2288.202s][debug][gc,phases      ] GC(153)   StringTable Weak               Min:  0.0, Avg:  0.1, Max:  0.2, Diff:  0.2, Sum:  0.4, Workers: 4
[2288.202s][debug][gc,phases      ] GC(153)     Dead                           Min: 0, Avg:  0.0, Max: 0, Diff: 0, Sum: 0, Workers: 4
[2288.202s][debug][gc,phases      ] GC(153)     Total                          Min: 0, Avg: 11037.2, Max: 25344, Diff: 25344, Sum: 44149, Workers: 4
[2288.202s][debug][gc,phases      ] GC(153)   ResolvedMethodTable Weak       Min:  0.0, Avg:  0.0, Max:  0.0, Diff:  0.0, Sum:  0.1, Workers: 4
[2288.202s][debug][gc,phases      ] GC(153)     Dead                           Min: 0, Avg:  0.0, Max: 0, Diff: 0, Sum: 0, Workers: 4
[2288.202s][debug][gc,phases      ] GC(153)     Total                          Min: 0, Avg: 2438.8, Max: 3355, Diff: 3355, Sum: 9755, Workers: 4
[2288.202s][debug][gc,phases      ] GC(153)   JNI Weak                       Min:  0.0, Avg:  0.0, Max:  0.0, Diff:  0.0, Sum:  0.0, Workers: 4
[2288.202s][debug][gc,phases      ] GC(153)     Dead                           Min: 0, Avg:  0.0, Max: 0, Diff: 0, Sum: 0, Workers: 4
[2288.202s][debug][gc,phases      ] GC(153)     Total                          Min: 0, Avg: 11.2, Max: 45, Diff: 45, Sum: 45, Workers: 4
[2288.202s][debug][gc,phases      ] GC(153)   StringDedup Table Weak         Min:  0.0, Avg:  0.0, Max:  0.0, Diff:  0.0, Sum:  0.0, Workers: 4
[2288.202s][debug][gc,phases      ] GC(153)     Dead                           Min: 0, Avg:  0.0, Max: 0, Diff: 0, Sum: 0, Workers: 4
[2288.202s][debug][gc,phases      ] GC(153)     Total                          Min: 0, Avg:  0.0, Max: 0, Diff: 0, Sum: 0, Workers: 4
[2288.202s][debug][gc,phases      ] GC(153)   StringDedup Requests0 Weak     Min:  0.0, Avg:  0.0, Max:  0.0, Diff:  0.0, Sum:  0.0, Workers: 4
[2288.202s][debug][gc,phases      ] GC(153)     Dead                           Min: 0, Avg:  0.0, Max: 0, Diff: 0, Sum: 0, Workers: 4
[2288.202s][debug][gc,phases      ] GC(153)     Total                          Min: 0, Avg:  0.0, Max: 0, Diff: 0, Sum: 0, Workers: 4
[2288.202s][debug][gc,phases      ] GC(153)   StringDedup Requests1 Weak     Min:  0.0, Avg:  0.0, Max:  0.0, Diff:  0.0, Sum:  0.0, Workers: 4
[2288.202s][debug][gc,phases      ] GC(153)     Dead                           Min: 0, Avg:  0.0, Max: 0, Diff: 0, Sum: 0, Workers: 4
[2288.202s][debug][gc,phases      ] GC(153)     Total                          Min: 0, Avg:  0.0, Max: 0, Diff: 0, Sum: 0, Workers: 4
[2288.202s][debug][gc,phases      ] GC(153)   Weak JFR Old Object Samples    Min:  0.0, Avg:  0.0, Max:  0.0, Diff:  0.0, Sum:  0.0, Workers: 4
[2288.202s][debug][gc,phases      ] GC(153)     Dead                           Min: 0, Avg:  0.0, Max: 0, Diff: 0, Sum: 0, Workers: 4
[2288.202s][debug][gc,phases      ] GC(153)     Total                          Min: 0, Avg:  0.0, Max: 0, Diff: 0, Sum: 0, Workers: 4
[2288.202s][debug][gc,phases      ] GC(153) Weak Processing 0.362ms
[2288.202s][debug][gc,age         ] GC(153) Desired survivor size 3145728 bytes, new threshold 15 (max threshold 15)
[2288.202s][info ][gc,heap        ] GC(153) PSYoungGen: 2092208K(2094080K)->1264K(2094080K) Eden: 2091008K(2091008K)->0K(2091008K) From: 1200K(3072K)->1264K(3072K)
[2288.202s][info ][gc,heap        ] GC(153) ParOldGen: 366062K(458752K)->366094K(458752K)
[2288.202s][info ][gc,metaspace   ] GC(153) Metaspace: 82889K(83904K)->82889K(83904K) NonClass: 70997K(71552K)->70997K(71552K) Class: 11891K(12352K)->11891K(12352K)
[2288.202s][info ][gc             ] GC(153) Pause Young (Allocation Failure) 2400M->358M(2493M) 5.974ms
[2288.202s][info ][gc,cpu         ] GC(153) User=0.02s Sys=0.00s Real=0.00s
[2288.202s][info ][safepoint      ] Safepoint "ParallelGCFailedAllocation", Time since last: 18390923189 ns, Reaching safepoint: 27500 ns, At safepoint: 6037875 ns, Total: 6065375 ns
[2289.202s][info ][safepoint      ] Safepoint "Cleanup", Time since last: 1000088043 ns, Reaching safepoint: 36200 ns, At safepoint: 2800 ns, Total: 39000 ns
[2301.203s][info ][safepoint      ] Safepoint "Cleanup", Time since last: 12000816624 ns, Reaching safepoint: 33000 ns, At safepoint: 3200 ns, Total: 36200 ns
[2304.195s][info ][gc,start       ] GC(154) Pause Young (Allocation Failure)
[2304.200s][debug][gc,phases      ] GC(154) Scavenge 5.525ms
[2304.200s][debug][gc,ref         ] GC(154) Skipped phase 1 of Reference Processing: no references
[2304.200s][debug][gc,ref         ] GC(154) ReferenceProcessor::execute queues: 1, RefProcThreadModel::Single, marks_oops_alive: false
[2304.200s][debug][gc,ref         ] GC(154) Skipped phase 3 of Reference Processing: no references
[2304.200s][debug][gc,ref         ] GC(154) Skipped phase 4 of Reference Processing: no references
[2304.201s][debug][gc,phases      ] GC(154) Reference Processing 0.114ms
[2304.201s][debug][gc,phases      ] GC(154)   VM Weak                        Min:  0.0, Avg:  0.0, Max:  0.0, Diff:  0.0, Sum:  0.0, Workers: 4
[2304.201s][debug][gc,phases      ] GC(154)     Dead                           Min: 0, Avg:  0.0, Max: 0, Diff: 0, Sum: 0, Workers: 4
[2304.201s][debug][gc,phases      ] GC(154)     Total                          Min: 0, Avg: 211.8, Max: 640, Diff: 640, Sum: 847, Workers: 4
[2304.201s][debug][gc,phases      ] GC(154)   ObjectSynchronizer Weak        Min:  0.0, Avg:  0.0, Max:  0.0, Diff:  0.0, Sum:  0.0, Workers: 4
[2304.201s][debug][gc,phases      ] GC(154)     Dead                           Min: 0, Avg:  0.0, Max: 0, Diff: 0, Sum: 0, Workers: 4
[2304.201s][debug][gc,phases      ] GC(154)     Total                          Min: 0, Avg: 14.8, Max: 59, Diff: 59, Sum: 59, Workers: 4
[2304.201s][debug][gc,phases      ] GC(154)   JVMTI Tag Weak OopStorage      Min:  0.0, Avg:  0.0, Max:  0.0, Diff:  0.0, Sum:  0.0, Workers: 4
[2304.201s][debug][gc,phases      ] GC(154)     Dead                           Min: 0, Avg:  0.0, Max: 0, Diff: 0, Sum: 0, Workers: 4
[2304.201s][debug][gc,phases      ] GC(154)     Total                          Min: 0, Avg:  0.0, Max: 0, Diff: 0, Sum: 0, Workers: 4
[2304.201s][debug][gc,phases      ] GC(154)   StringTable Weak               Min:  0.0, Avg:  0.1, Max:  0.2, Diff:  0.2, Sum:  0.4, Workers: 4
[2304.201s][debug][gc,phases      ] GC(154)     Dead                           Min: 0, Avg:  0.0, Max: 0, Diff: 0, Sum: 0, Workers: 4
[2304.201s][debug][gc,phases      ] GC(154)     Total                          Min: 0, Avg: 11037.2, Max: 22143, Diff: 22143, Sum: 44149, Workers: 4
[2304.201s][debug][gc,phases      ] GC(154)   ResolvedMethodTable Weak       Min:  0.0, Avg:  0.0, Max:  0.0, Diff:  0.0, Sum:  0.1, Workers: 4
[2304.201s][debug][gc,phases      ] GC(154)     Dead                           Min: 0, Avg:  0.0, Max: 0, Diff: 0, Sum: 0, Workers: 4
[2304.201s][debug][gc,phases      ] GC(154)     Total                          Min: 0, Avg: 2438.8, Max: 4955, Diff: 4955, Sum: 9755, Workers: 4
[2304.201s][debug][gc,phases      ] GC(154)   JNI Weak                       Min:  0.0, Avg:  0.0, Max:  0.0, Diff:  0.0, Sum:  0.0, Workers: 4
[2304.201s][debug][gc,phases      ] GC(154)     Dead                           Min: 0, Avg:  0.0, Max: 0, Diff: 0, Sum: 0, Workers: 4
[2304.201s][debug][gc,phases      ] GC(154)     Total                          Min: 0, Avg: 11.2, Max: 45, Diff: 45, Sum: 45, Workers: 4
[2304.201s][debug][gc,phases      ] GC(154)   StringDedup Table Weak         Min:  0.0, Avg:  0.0, Max:  0.0, Diff:  0.0, Sum:  0.0, Workers: 4
[2304.201s][debug][gc,phases      ] GC(154)     Dead                           Min: 0, Avg:  0.0, Max: 0, Diff: 0, Sum: 0, Workers: 4
[2304.201s][debug][gc,phases      ] GC(154)     Total                          Min: 0, Avg:  0.0, Max: 0, Diff: 0, Sum: 0, Workers: 4
[2304.201s][debug][gc,phases      ] GC(154)   StringDedup Requests0 Weak     Min:  0.0, Avg:  0.0, Max:  0.0, Diff:  0.0, Sum:  0.0, Workers: 4
[2304.201s][debug][gc,phases      ] GC(154)     Dead                           Min: 0, Avg:  0.0, Max: 0, Diff: 0, Sum: 0, Workers: 4
[2304.201s][debug][gc,phases      ] GC(154)     Total                          Min: 0, Avg:  0.0, Max: 0, Diff: 0, Sum: 0, Workers: 4
[2304.201s][debug][gc,phases      ] GC(154)   StringDedup Requests1 Weak     Min:  0.0, Avg:  0.0, Max:  0.0, Diff:  0.0, Sum:  0.0, Workers: 4
[2304.201s][debug][gc,phases      ] GC(154)     Dead                           Min: 0, Avg:  0.0, Max: 0, Diff: 0, Sum: 0, Workers: 4
[2304.201s][debug][gc,phases      ] GC(154)     Total                          Min: 0, Avg:  0.0, Max: 0, Diff: 0, Sum: 0, Workers: 4
[2304.201s][debug][gc,phases      ] GC(154)   Weak JFR Old Object Samples    Min:  0.0, Avg:  0.0, Max:  0.0, Diff:  0.0, Sum:  0.0, Workers: 4
[2304.201s][debug][gc,phases      ] GC(154)     Dead                           Min: 0, Avg:  0.0, Max: 0, Diff: 0, Sum: 0, Workers: 4
[2304.201s][debug][gc,phases      ] GC(154)     Total                          Min: 0, Avg:  0.0, Max: 0, Diff: 0, Sum: 0, Workers: 4
[2304.201s][debug][gc,phases      ] GC(154) Weak Processing 0.473ms
[2304.201s][debug][gc,age         ] GC(154) Desired survivor size 2621440 bytes, new threshold 15 (max threshold 15)
[2304.201s][info ][gc,heap        ] GC(154) PSYoungGen: 2092272K(2094080K)->1168K(2094080K) Eden: 2091008K(2091008K)->0K(2091008K) From: 1264K(3072K)->1168K(3072K)
[2304.201s][info ][gc,heap        ] GC(154) ParOldGen: 366094K(458752K)->366094K(458752K)
[2304.201s][info ][gc,metaspace   ] GC(154) Metaspace: 82892K(83904K)->82892K(83904K) NonClass: 71000K(71552K)->71000K(71552K) Class: 11891K(12352K)->11891K(12352K)
[2304.201s][info ][gc             ] GC(154) Pause Young (Allocation Failure) 2400M->358M(2493M) 6.241ms
[2304.201s][info ][gc,cpu         ] GC(154) User=0.01s Sys=0.00s Real=0.00s
[2304.201s][info ][safepoint      ] Safepoint "ParallelGCFailedAllocation", Time since last: 2991408661 ns, Reaching safepoint: 37200 ns, At safepoint: 6315974 ns, Total: 6353174 ns
[2306.201s][info ][safepoint      ] Safepoint "Cleanup", Time since last: 2000148949 ns, Reaching safepoint: 40000 ns, At safepoint: 5800 ns, Total: 45800 ns
[2320.497s][info ][gc,start       ] GC(155) Pause Young (Allocation Failure)
[2320.501s][debug][gc,phases      ] GC(155) Scavenge 4.757ms
[2320.501s][debug][gc,ref         ] GC(155) Skipped phase 1 of Reference Processing: no references
[2320.501s][debug][gc,ref         ] GC(155) ReferenceProcessor::execute queues: 1, RefProcThreadModel::Single, marks_oops_alive: false
[2320.501s][debug][gc,ref         ] GC(155) Skipped phase 3 of Reference Processing: no references
[2320.501s][debug][gc,ref         ] GC(155) Skipped phase 4 of Reference Processing: no references
[2320.501s][debug][gc,phases      ] GC(155) Reference Processing 0.084ms
[2320.502s][debug][gc,phases      ] GC(155)   VM Weak                        Min:  0.0, Avg:  0.0, Max:  0.0, Diff:  0.0, Sum:  0.0, Workers: 4
[2320.502s][debug][gc,phases      ] GC(155)     Dead                           Min: 0, Avg:  0.0, Max: 0, Diff: 0, Sum: 0, Workers: 4
[2320.502s][debug][gc,phases      ] GC(155)     Total                          Min: 0, Avg: 211.8, Max: 527, Diff: 527, Sum: 847, Workers: 4
[2320.502s][debug][gc,phases      ] GC(155)   ObjectSynchronizer Weak        Min:  0.0, Avg:  0.0, Max:  0.0, Diff:  0.0, Sum:  0.0, Workers: 4
[2320.502s][debug][gc,phases      ] GC(155)     Dead                           Min: 0, Avg:  0.0, Max: 0, Diff: 0, Sum: 0, Workers: 4
[2320.502s][debug][gc,phases      ] GC(155)     Total                          Min: 0, Avg: 14.8, Max: 59, Diff: 59, Sum: 59, Workers: 4
[2320.502s][debug][gc,phases      ] GC(155)   JVMTI Tag Weak OopStorage      Min:  0.0, Avg:  0.0, Max:  0.0, Diff:  0.0, Sum:  0.0, Workers: 4
[2320.502s][debug][gc,phases      ] GC(155)     Dead                           Min: 0, Avg:  0.0, Max: 0, Diff: 0, Sum: 0, Workers: 4
[2320.502s][debug][gc,phases      ] GC(155)     Total                          Min: 0, Avg:  0.0, Max: 0, Diff: 0, Sum: 0, Workers: 4
[2320.502s][debug][gc,phases      ] GC(155)   StringTable Weak               Min:  0.0, Avg:  0.1, Max:  0.2, Diff:  0.2, Sum:  0.3, Workers: 4
[2320.502s][debug][gc,phases      ] GC(155)     Dead                           Min: 0, Avg:  0.0, Max: 0, Diff: 0, Sum: 0, Workers: 4
[2320.502s][debug][gc,phases      ] GC(155)     Total                          Min: 0, Avg: 11037.2, Max: 26687, Diff: 26687, Sum: 44149, Workers: 4
[2320.502s][debug][gc,phases      ] GC(155)   ResolvedMethodTable Weak       Min:  0.0, Avg:  0.0, Max:  0.0, Diff:  0.0, Sum:  0.1, Workers: 4
[2320.502s][debug][gc,phases      ] GC(155)     Dead                           Min: 0, Avg:  0.0, Max: 0, Diff: 0, Sum: 0, Workers: 4
[2320.502s][debug][gc,phases      ] GC(155)     Total                          Min: 0, Avg: 2438.8, Max: 5979, Diff: 5979, Sum: 9755, Workers: 4
[2320.502s][debug][gc,phases      ] GC(155)   JNI Weak                       Min:  0.0, Avg:  0.0, Max:  0.0, Diff:  0.0, Sum:  0.0, Workers: 4
[2320.502s][debug][gc,phases      ] GC(155)     Dead                           Min: 0, Avg:  0.0, Max: 0, Diff: 0, Sum: 0, Workers: 4
[2320.502s][debug][gc,phases      ] GC(155)     Total                          Min: 0, Avg: 11.2, Max: 45, Diff: 45, Sum: 45, Workers: 4
[2320.502s][debug][gc,phases      ] GC(155)   StringDedup Table Weak         Min:  0.0, Avg:  0.0, Max:  0.0, Diff:  0.0, Sum:  0.0, Workers: 4
[2320.502s][debug][gc,phases      ] GC(155)     Dead                           Min: 0, Avg:  0.0, Max: 0, Diff: 0, Sum: 0, Workers: 4
[2320.502s][debug][gc,phases      ] GC(155)     Total                          Min: 0, Avg:  0.0, Max: 0, Diff: 0, Sum: 0, Workers: 4
[2320.502s][debug][gc,phases      ] GC(155)   StringDedup Requests0 Weak     Min:  0.0, Avg:  0.0, Max:  0.0, Diff:  0.0, Sum:  0.0, Workers: 4
[2320.502s][debug][gc,phases      ] GC(155)     Dead                           Min: 0, Avg:  0.0, Max: 0, Diff: 0, Sum: 0, Workers: 4
[2320.502s][debug][gc,phases      ] GC(155)     Total                          Min: 0, Avg:  0.0, Max: 0, Diff: 0, Sum: 0, Workers: 4
[2320.502s][debug][gc,phases      ] GC(155)   StringDedup Requests1 Weak     Min:  0.0, Avg:  0.0, Max:  0.0, Diff:  0.0, Sum:  0.0, Workers: 4
[2320.502s][debug][gc,phases      ] GC(155)     Dead                           Min: 0, Avg:  0.0, Max: 0, Diff: 0, Sum: 0, Workers: 4
[2320.502s][debug][gc,phases      ] GC(155)     Total                          Min: 0, Avg:  0.0, Max: 0, Diff: 0, Sum: 0, Workers: 4
[2320.502s][debug][gc,phases      ] GC(155)   Weak JFR Old Object Samples    Min:  0.0, Avg:  0.0, Max:  0.0, Diff:  0.0, Sum:  0.0, Workers: 4
[2320.502s][debug][gc,phases      ] GC(155)     Dead                           Min: 0, Avg:  0.0, Max: 0, Diff: 0, Sum: 0, Workers: 4
[2320.502s][debug][gc,phases      ] GC(155)     Total                          Min: 0, Avg:  0.0, Max: 0, Diff: 0, Sum: 0, Workers: 4
[2320.502s][debug][gc,phases      ] GC(155) Weak Processing 0.356ms
[2320.502s][debug][gc,age         ] GC(155) Desired survivor size 2621440 bytes, new threshold 15 (max threshold 15)
[2320.502s][info ][gc,heap        ] GC(155) PSYoungGen: 2092176K(2094080K)->1216K(2094592K) Eden: 2091008K(2091008K)->0K(2092032K) From: 1168K(3072K)->1216K(2560K)
[2320.502s][info ][gc,heap        ] GC(155) ParOldGen: 366094K(458752K)->366134K(458752K)
[2320.502s][info ][gc,metaspace   ] GC(155) Metaspace: 82893K(83904K)->82893K(83904K) NonClass: 71002K(71552K)->71002K(71552K) Class: 11891K(12352K)->11891K(12352K)
[2320.502s][info ][gc             ] GC(155) Pause Young (Allocation Failure) 2400M->358M(2493M) 5.299ms
[2320.502s][info ][gc,cpu         ] GC(155) User=0.01s Sys=0.00s Real=0.00s
[2320.502s][info ][safepoint      ] Safepoint "ParallelGCFailedAllocation", Time since last: 14295095788 ns, Reaching safepoint: 115600 ns, At safepoint: 5372777 ns, Total: 5488377 ns
[2334.503s][info ][safepoint      ] Safepoint "Cleanup", Time since last: 14000945176 ns, Reaching safepoint: 36800 ns, At safepoint: 2600 ns, Total: 39400 ns
[2336.696s][info ][gc,start       ] GC(156) Pause Young (Allocation Failure)
[2336.701s][debug][gc,phases      ] GC(156) Scavenge 5.096ms
[2336.701s][debug][gc,ref         ] GC(156) Skipped phase 1 of Reference Processing: no references
[2336.701s][debug][gc,ref         ] GC(156) ReferenceProcessor::execute queues: 1, RefProcThreadModel::Single, marks_oops_alive: false
[2336.701s][debug][gc,ref         ] GC(156) Skipped phase 3 of Reference Processing: no references
[2336.701s][debug][gc,ref         ] GC(156) Skipped phase 4 of Reference Processing: no references
[2336.701s][debug][gc,phases      ] GC(156) Reference Processing 0.113ms
[2336.701s][debug][gc,phases      ] GC(156)   VM Weak                        Min:  0.0, Avg:  0.0, Max:  0.0, Diff:  0.0, Sum:  0.0, Workers: 4
[2336.701s][debug][gc,phases      ] GC(156)     Dead                           Min: 0, Avg:  0.0, Max: 0, Diff: 0, Sum: 0, Workers: 4
[2336.701s][debug][gc,phases      ] GC(156)     Total                          Min: 0, Avg: 211.8, Max: 512, Diff: 512, Sum: 847, Workers: 4
[2336.701s][debug][gc,phases      ] GC(156)   ObjectSynchronizer Weak        Min:  0.0, Avg:  0.0, Max:  0.0, Diff:  0.0, Sum:  0.0, Workers: 4
[2336.701s][debug][gc,phases      ] GC(156)     Dead                           Min: 0, Avg:  0.0, Max: 0, Diff: 0, Sum: 0, Workers: 4
[2336.701s][debug][gc,phases      ] GC(156)     Total                          Min: 0, Avg: 14.8, Max: 59, Diff: 59, Sum: 59, Workers: 4
[2336.701s][debug][gc,phases      ] GC(156)   JVMTI Tag Weak OopStorage      Min:  0.0, Avg:  0.0, Max:  0.0, Diff:  0.0, Sum:  0.0, Workers: 4
[2336.701s][debug][gc,phases      ] GC(156)     Dead                           Min: 0, Avg:  0.0, Max: 0, Diff: 0, Sum: 0, Workers: 4
[2336.701s][debug][gc,phases      ] GC(156)     Total                          Min: 0, Avg:  0.0, Max: 0, Diff: 0, Sum: 0, Workers: 4
[2336.701s][debug][gc,phases      ] GC(156)   StringTable Weak               Min:  0.0, Avg:  0.1, Max:  0.2, Diff:  0.2, Sum:  0.4, Workers: 4
[2336.701s][debug][gc,phases      ] GC(156)     Dead                           Min: 0, Avg:  0.0, Max: 0, Diff: 0, Sum: 0, Workers: 4
[2336.701s][debug][gc,phases      ] GC(156)     Total                          Min: 0, Avg: 11037.5, Max: 22327, Diff: 22327, Sum: 44150, Workers: 4
[2336.701s][debug][gc,phases      ] GC(156)   ResolvedMethodTable Weak       Min:  0.0, Avg:  0.0, Max:  0.0, Diff:  0.0, Sum:  0.1, Workers: 4
[2336.701s][debug][gc,phases      ] GC(156)     Dead                           Min: 0, Avg:  0.0, Max: 0, Diff: 0, Sum: 0, Workers: 4
[2336.701s][debug][gc,phases      ] GC(156)     Total                          Min: 0, Avg: 2438.8, Max: 4955, Diff: 4955, Sum: 9755, Workers: 4
[2336.701s][debug][gc,phases      ] GC(156)   JNI Weak                       Min:  0.0, Avg:  0.0, Max:  0.0, Diff:  0.0, Sum:  0.0, Workers: 4
[2336.701s][debug][gc,phases      ] GC(156)     Dead                           Min: 0, Avg:  0.0, Max: 0, Diff: 0, Sum: 0, Workers: 4
[2336.701s][debug][gc,phases      ] GC(156)     Total                          Min: 0, Avg: 11.2, Max: 45, Diff: 45, Sum: 45, Workers: 4
[2336.701s][debug][gc,phases      ] GC(156)   StringDedup Table Weak         Min:  0.0, Avg:  0.0, Max:  0.0, Diff:  0.0, Sum:  0.0, Workers: 4
[2336.701s][debug][gc,phases      ] GC(156)     Dead                           Min: 0, Avg:  0.0, Max: 0, Diff: 0, Sum: 0, Workers: 4
[2336.701s][debug][gc,phases      ] GC(156)     Total                          Min: 0, Avg:  0.0, Max: 0, Diff: 0, Sum: 0, Workers: 4
[2336.701s][debug][gc,phases      ] GC(156)   StringDedup Requests0 Weak     Min:  0.0, Avg:  0.0, Max:  0.0, Diff:  0.0, Sum:  0.0, Workers: 4
[2336.701s][debug][gc,phases      ] GC(156)     Dead                           Min: 0, Avg:  0.0, Max: 0, Diff: 0, Sum: 0, Workers: 4
[2336.701s][debug][gc,phases      ] GC(156)     Total                          Min: 0, Avg:  0.0, Max: 0, Diff: 0, Sum: 0, Workers: 4
[2336.701s][debug][gc,phases      ] GC(156)   StringDedup Requests1 Weak     Min:  0.0, Avg:  0.0, Max:  0.0, Diff:  0.0, Sum:  0.0, Workers: 4
[2336.701s][debug][gc,phases      ] GC(156)     Dead                           Min: 0, Avg:  0.0, Max: 0, Diff: 0, Sum: 0, Workers: 4
[2336.701s][debug][gc,phases      ] GC(156)     Total                          Min: 0, Avg:  0.0, Max: 0, Diff: 0, Sum: 0, Workers: 4
[2336.701s][debug][gc,phases      ] GC(156)   Weak JFR Old Object Samples    Min:  0.0, Avg:  0.0, Max:  0.0, Diff:  0.0, Sum:  0.0, Workers: 4
[2336.701s][debug][gc,phases      ] GC(156)     Dead                           Min: 0, Avg:  0.0, Max: 0, Diff: 0, Sum: 0, Workers: 4
[2336.701s][debug][gc,phases      ] GC(156)     Total                          Min: 0, Avg:  0.0, Max: 0, Diff: 0, Sum: 0, Workers: 4
[2336.701s][debug][gc,phases      ] GC(156) Weak Processing 0.500ms
[2336.701s][debug][gc,age         ] GC(156) Desired survivor size 2621440 bytes, new threshold 15 (max threshold 15)
[2336.701s][info ][gc,heap        ] GC(156) PSYoungGen: 2093248K(2094592K)->1232K(2094592K) Eden: 2092032K(2092032K)->0K(2092032K) From: 1216K(2560K)->1232K(2560K)
[2336.702s][info ][gc,heap        ] GC(156) ParOldGen: 366134K(458752K)->366158K(458752K)
[2336.702s][info ][gc,metaspace   ] GC(156) Metaspace: 82895K(83904K)->82895K(83904K) NonClass: 71004K(71552K)->71004K(71552K) Class: 11891K(12352K)->11891K(12352K)
[2336.702s][info ][gc             ] GC(156) Pause Young (Allocation Failure) 2401M->358M(2493M) 5.834ms
[2336.702s][info ][gc,cpu         ] GC(156) User=0.01s Sys=0.00s Real=0.00s
[2336.702s][info ][safepoint      ] Safepoint "ParallelGCFailedAllocation", Time since last: 2192774590 ns, Reaching safepoint: 30100 ns, At safepoint: 5931776 ns, Total: 5961876 ns
[2352.959s][info ][gc,start       ] GC(157) Pause Young (Allocation Failure)
[2352.963s][debug][gc,phases      ] GC(157) Scavenge 4.629ms
[2352.963s][debug][gc,ref         ] GC(157) Skipped phase 1 of Reference Processing: no references
[2352.963s][debug][gc,ref         ] GC(157) ReferenceProcessor::execute queues: 1, RefProcThreadModel::Single, marks_oops_alive: false
[2352.963s][debug][gc,ref         ] GC(157) Skipped phase 3 of Reference Processing: no references
[2352.963s][debug][gc,ref         ] GC(157) Skipped phase 4 of Reference Processing: no references
[2352.963s][debug][gc,phases      ] GC(157) Reference Processing 0.102ms
[2352.964s][debug][gc,phases      ] GC(157)   VM Weak                        Min:  0.0, Avg:  0.0, Max:  0.0, Diff:  0.0, Sum:  0.0, Workers: 4
[2352.964s][debug][gc,phases      ] GC(157)     Dead                           Min: 0, Avg:  0.0, Max: 0, Diff: 0, Sum: 0, Workers: 4
[2352.964s][debug][gc,phases      ] GC(157)     Total                          Min: 0, Avg: 211.8, Max: 640, Diff: 640, Sum: 847, Workers: 4
[2352.964s][debug][gc,phases      ] GC(157)   ObjectSynchronizer Weak        Min:  0.0, Avg:  0.0, Max:  0.0, Diff:  0.0, Sum:  0.0, Workers: 4
[2352.964s][debug][gc,phases      ] GC(157)     Dead                           Min: 0, Avg:  0.0, Max: 0, Diff: 0, Sum: 0, Workers: 4
[2352.964s][debug][gc,phases      ] GC(157)     Total                          Min: 0, Avg: 14.8, Max: 59, Diff: 59, Sum: 59, Workers: 4
[2352.964s][debug][gc,phases      ] GC(157)   JVMTI Tag Weak OopStorage      Min:  0.0, Avg:  0.0, Max:  0.0, Diff:  0.0, Sum:  0.0, Workers: 4
[2352.964s][debug][gc,phases      ] GC(157)     Dead                           Min: 0, Avg:  0.0, Max: 0, Diff: 0, Sum: 0, Workers: 4
[2352.964s][debug][gc,phases      ] GC(157)     Total                          Min: 0, Avg:  0.0, Max: 0, Diff: 0, Sum: 0, Workers: 4
[2352.964s][debug][gc,phases      ] GC(157)   StringTable Weak               Min:  0.0, Avg:  0.1, Max:  0.1, Diff:  0.1, Sum:  0.4, Workers: 4
[2352.964s][debug][gc,phases      ] GC(157)     Dead                           Min: 0, Avg:  0.0, Max: 0, Diff: 0, Sum: 0, Workers: 4
[2352.964s][debug][gc,phases      ] GC(157)     Total                          Min: 0, Avg: 11037.5, Max: 16704, Diff: 16704, Sum: 44150, Workers: 4
[2352.964s][debug][gc,phases      ] GC(157)   ResolvedMethodTable Weak       Min:  0.0, Avg:  0.0, Max:  0.0, Diff:  0.0, Sum:  0.1, Workers: 4
[2352.964s][debug][gc,phases      ] GC(157)     Dead                           Min: 0, Avg:  0.0, Max: 0, Diff: 0, Sum: 0, Workers: 4
[2352.964s][debug][gc,phases      ] GC(157)     Total                          Min: 0, Avg: 2438.8, Max: 4187, Diff: 4187, Sum: 9755, Workers: 4
[2352.964s][debug][gc,phases      ] GC(157)   JNI Weak                       Min:  0.0, Avg:  0.0, Max:  0.0, Diff:  0.0, Sum:  0.0, Workers: 4
[2352.964s][debug][gc,phases      ] GC(157)     Dead                           Min: 0, Avg:  0.0, Max: 0, Diff: 0, Sum: 0, Workers: 4
[2352.964s][debug][gc,phases      ] GC(157)     Total                          Min: 0, Avg: 11.2, Max: 45, Diff: 45, Sum: 45, Workers: 4
[2352.964s][debug][gc,phases      ] GC(157)   StringDedup Table Weak         Min:  0.0, Avg:  0.0, Max:  0.0, Diff:  0.0, Sum:  0.0, Workers: 4
[2352.964s][debug][gc,phases      ] GC(157)     Dead                           Min: 0, Avg:  0.0, Max: 0, Diff: 0, Sum: 0, Workers: 4
[2352.964s][debug][gc,phases      ] GC(157)     Total                          Min: 0, Avg:  0.0, Max: 0, Diff: 0, Sum: 0, Workers: 4
[2352.964s][debug][gc,phases      ] GC(157)   StringDedup Requests0 Weak     Min:  0.0, Avg:  0.0, Max:  0.0, Diff:  0.0, Sum:  0.0, Workers: 4
[2352.964s][debug][gc,phases      ] GC(157)     Dead                           Min: 0, Avg:  0.0, Max: 0, Diff: 0, Sum: 0, Workers: 4
[2352.964s][debug][gc,phases      ] GC(157)     Total                          Min: 0, Avg:  0.0, Max: 0, Diff: 0, Sum: 0, Workers: 4
[2352.964s][debug][gc,phases      ] GC(157)   StringDedup Requests1 Weak     Min:  0.0, Avg:  0.0, Max:  0.0, Diff:  0.0, Sum:  0.0, Workers: 4
[2352.964s][debug][gc,phases      ] GC(157)     Dead                           Min: 0, Avg:  0.0, Max: 0, Diff: 0, Sum: 0, Workers: 4
[2352.964s][debug][gc,phases      ] GC(157)     Total                          Min: 0, Avg:  0.0, Max: 0, Diff: 0, Sum: 0, Workers: 4
[2352.964s][debug][gc,phases      ] GC(157)   Weak JFR Old Object Samples    Min:  0.0, Avg:  0.0, Max:  0.0, Diff:  0.0, Sum:  0.0, Workers: 4
[2352.964s][debug][gc,phases      ] GC(157)     Dead                           Min: 0, Avg:  0.0, Max: 0, Diff: 0, Sum: 0, Workers: 4
[2352.964s][debug][gc,phases      ] GC(157)     Total                          Min: 0, Avg:  0.0, Max: 0, Diff: 0, Sum: 0, Workers: 4
[2352.964s][debug][gc,phases      ] GC(157) Weak Processing 0.339ms
[2352.964s][debug][gc,age         ] GC(157) Desired survivor size 2621440 bytes, new threshold 15 (max threshold 15)
[2352.964s][info ][gc,heap        ] GC(157) PSYoungGen: 2093264K(2094592K)->1264K(2094592K) Eden: 2092032K(2092032K)->0K(2092032K) From: 1232K(2560K)->1264K(2560K)
[2352.964s][info ][gc,heap        ] GC(157) ParOldGen: 366158K(458752K)->366182K(458752K)
[2352.964s][info ][gc,metaspace   ] GC(157) Metaspace: 82898K(83904K)->82898K(83904K) NonClass: 71006K(71552K)->71006K(71552K) Class: 11891K(12352K)->11891K(12352K)
[2352.964s][info ][gc             ] GC(157) Pause Young (Allocation Failure) 2401M->358M(2493M) 5.159ms
[2352.964s][info ][gc,cpu         ] GC(157) User=0.01s Sys=0.00s Real=0.00s
[2352.964s][info ][safepoint      ] Safepoint "ParallelGCFailedAllocation", Time since last: 16256997636 ns, Reaching safepoint: 105200 ns, At safepoint: 5217975 ns, Total: 5323175 ns
[2353.964s][info ][safepoint      ] Safepoint "Cleanup", Time since last: 1000073291 ns, Reaching safepoint: 39600 ns, At safepoint: 3200 ns, Total: 42800 ns
[2366.965s][info ][safepoint      ] Safepoint "Cleanup", Time since last: 13000868021 ns, Reaching safepoint: 43400 ns, At safepoint: 3500 ns, Total: 46900 ns
[2367.965s][info ][safepoint      ] Safepoint "Cleanup", Time since last: 1000110885 ns, Reaching safepoint: 55399 ns, At safepoint: 2800 ns, Total: 58199 ns
[2371.148s][info ][gc,start       ] GC(158) Pause Young (Allocation Failure)
[2371.155s][debug][gc,phases      ] GC(158) Scavenge 6.740ms
[2371.155s][debug][gc,ref         ] GC(158) Skipped phase 1 of Reference Processing: no references
[2371.155s][debug][gc,ref         ] GC(158) ReferenceProcessor::execute queues: 1, RefProcThreadModel::Single, marks_oops_alive: false
[2371.155s][debug][gc,ref         ] GC(158) ReferenceProcessor::execute queues: 4, RefProcThreadModel::Multi, marks_oops_alive: true
[2371.156s][debug][gc,ref         ] GC(158) ReferenceProcessor::execute queues: 1, RefProcThreadModel::Single, marks_oops_alive: false
[2371.156s][debug][gc,phases      ] GC(158) Reference Processing 0.404ms
[2371.156s][debug][gc,phases      ] GC(158)   VM Weak                        Min:  0.0, Avg:  0.0, Max:  0.0, Diff:  0.0, Sum:  0.0, Workers: 4
[2371.156s][debug][gc,phases      ] GC(158)     Dead                           Min: 0, Avg:  0.0, Max: 0, Diff: 0, Sum: 0, Workers: 4
[2371.156s][debug][gc,phases      ] GC(158)     Total                          Min: 0, Avg: 211.8, Max: 704, Diff: 704, Sum: 847, Workers: 4
[2371.156s][debug][gc,phases      ] GC(158)   ObjectSynchronizer Weak        Min:  0.0, Avg:  0.0, Max:  0.0, Diff:  0.0, Sum:  0.0, Workers: 4
[2371.156s][debug][gc,phases      ] GC(158)     Dead                           Min: 0, Avg:  0.0, Max: 0, Diff: 0, Sum: 0, Workers: 4
[2371.156s][debug][gc,phases      ] GC(158)     Total                          Min: 0, Avg: 14.8, Max: 59, Diff: 59, Sum: 59, Workers: 4
[2371.156s][debug][gc,phases      ] GC(158)   JVMTI Tag Weak OopStorage      Min:  0.0, Avg:  0.0, Max:  0.0, Diff:  0.0, Sum:  0.0, Workers: 4
[2371.156s][debug][gc,phases      ] GC(158)     Dead                           Min: 0, Avg:  0.0, Max: 0, Diff: 0, Sum: 0, Workers: 4
[2371.156s][debug][gc,phases      ] GC(158)     Total                          Min: 0, Avg:  0.0, Max: 0, Diff: 0, Sum: 0, Workers: 4
[2371.156s][debug][gc,phases      ] GC(158)   StringTable Weak               Min:  0.0, Avg:  0.1, Max:  0.2, Diff:  0.2, Sum:  0.3, Workers: 4
[2371.156s][debug][gc,phases      ] GC(158)     Dead                           Min: 0, Avg:  0.0, Max: 0, Diff: 0, Sum: 0, Workers: 4
[2371.156s][debug][gc,phases      ] GC(158)     Total                          Min: 0, Avg: 11045.0, Max: 26880, Diff: 26880, Sum: 44180, Workers: 4
[2371.156s][debug][gc,phases      ] GC(158)   ResolvedMethodTable Weak       Min:  0.0, Avg:  0.0, Max:  0.0, Diff:  0.0, Sum:  0.1, Workers: 4
[2371.156s][debug][gc,phases      ] GC(158)     Dead                           Min: 0, Avg:  0.0, Max: 0, Diff: 0, Sum: 0, Workers: 4
[2371.156s][debug][gc,phases      ] GC(158)     Total                          Min: 0, Avg: 2438.8, Max: 5952, Diff: 5952, Sum: 9755, Workers: 4
[2371.156s][debug][gc,phases      ] GC(158)   JNI Weak                       Min:  0.0, Avg:  0.0, Max:  0.0, Diff:  0.0, Sum:  0.0, Workers: 4
[2371.156s][debug][gc,phases      ] GC(158)     Dead                           Min: 0, Avg:  0.0, Max: 0, Diff: 0, Sum: 0, Workers: 4
[2371.156s][debug][gc,phases      ] GC(158)     Total                          Min: 0, Avg: 11.2, Max: 45, Diff: 45, Sum: 45, Workers: 4
[2371.156s][debug][gc,phases      ] GC(158)   StringDedup Table Weak         Min:  0.0, Avg:  0.0, Max:  0.0, Diff:  0.0, Sum:  0.0, Workers: 4
[2371.156s][debug][gc,phases      ] GC(158)     Dead                           Min: 0, Avg:  0.0, Max: 0, Diff: 0, Sum: 0, Workers: 4
[2371.156s][debug][gc,phases      ] GC(158)     Total                          Min: 0, Avg:  0.0, Max: 0, Diff: 0, Sum: 0, Workers: 4
[2371.156s][debug][gc,phases      ] GC(158)   StringDedup Requests0 Weak     Min:  0.0, Avg:  0.0, Max:  0.0, Diff:  0.0, Sum:  0.0, Workers: 4
[2371.156s][debug][gc,phases      ] GC(158)     Dead                           Min: 0, Avg:  0.0, Max: 0, Diff: 0, Sum: 0, Workers: 4
[2371.156s][debug][gc,phases      ] GC(158)     Total                          Min: 0, Avg:  0.0, Max: 0, Diff: 0, Sum: 0, Workers: 4
[2371.156s][debug][gc,phases      ] GC(158)   StringDedup Requests1 Weak     Min:  0.0, Avg:  0.0, Max:  0.0, Diff:  0.0, Sum:  0.0, Workers: 4
[2371.156s][debug][gc,phases      ] GC(158)     Dead                           Min: 0, Avg:  0.0, Max: 0, Diff: 0, Sum: 0, Workers: 4
[2371.156s][debug][gc,phases      ] GC(158)     Total                          Min: 0, Avg:  0.0, Max: 0, Diff: 0, Sum: 0, Workers: 4
[2371.156s][debug][gc,phases      ] GC(158)   Weak JFR Old Object Samples    Min:  0.0, Avg:  0.0, Max:  0.0, Diff:  0.0, Sum:  0.0, Workers: 4
[2371.156s][debug][gc,phases      ] GC(158)     Dead                           Min: 0, Avg:  0.0, Max: 0, Diff: 0, Sum: 0, Workers: 4
[2371.156s][debug][gc,phases      ] GC(158)     Total                          Min: 0, Avg:  0.0, Max: 0, Diff: 0, Sum: 0, Workers: 4
[2371.156s][debug][gc,phases      ] GC(158) Weak Processing 0.352ms
[2371.156s][debug][gc,age         ] GC(158) Desired survivor size 3670016 bytes, new threshold 14 (max threshold 15)
[2371.156s][info ][gc,heap        ] GC(158) PSYoungGen: 2093296K(2094592K)->2529K(2094592K) Eden: 2092032K(2092032K)->0K(2092032K) From: 1264K(2560K)->2529K(2560K)
[2371.156s][info ][gc,heap        ] GC(158) ParOldGen: 366182K(458752K)->368227K(458752K)
[2371.156s][info ][gc,metaspace   ] GC(158) Metaspace: 82916K(83904K)->82916K(83904K) NonClass: 71024K(71552K)->71024K(71552K) Class: 11891K(12352K)->11891K(12352K)
[2371.156s][info ][gc             ] GC(158) Pause Young (Allocation Failure) 2401M->362M(2493M) 7.610ms
[2371.156s][info ][gc,cpu         ] GC(158) User=0.02s Sys=0.01s Real=0.01s
[2371.156s][info ][safepoint      ] Safepoint "ParallelGCFailedAllocation", Time since last: 3183321297 ns, Reaching safepoint: 35200 ns, At safepoint: 7673269 ns, Total: 7708469 ns
[2378.829s][info ][safepoint      ] Safepoint "Cleanup", Time since last: 7672910250 ns, Reaching safepoint: 51800 ns, At safepoint: 7200 ns, Total: 59000 ns
[2386.748s][info ][gc,start       ] GC(159) Pause Young (Allocation Failure)
[2386.752s][debug][gc,phases      ] GC(159) Scavenge 4.492ms
[2386.752s][debug][gc,ref         ] GC(159) Skipped phase 1 of Reference Processing: no references
[2386.752s][debug][gc,ref         ] GC(159) ReferenceProcessor::execute queues: 1, RefProcThreadModel::Single, marks_oops_alive: false
[2386.752s][debug][gc,ref         ] GC(159) ReferenceProcessor::execute queues: 4, RefProcThreadModel::Multi, marks_oops_alive: true
[2386.753s][debug][gc,ref         ] GC(159) Skipped phase 4 of Reference Processing: no references
[2386.753s][debug][gc,phases      ] GC(159) Reference Processing 0.378ms
[2386.753s][debug][gc,phases      ] GC(159)   VM Weak                        Min:  0.0, Avg:  0.0, Max:  0.0, Diff:  0.0, Sum:  0.0, Workers: 4
[2386.753s][debug][gc,phases      ] GC(159)     Dead                           Min: 0, Avg:  0.0, Max: 0, Diff: 0, Sum: 0, Workers: 4
[2386.753s][debug][gc,phases      ] GC(159)     Total                          Min: 0, Avg: 211.8, Max: 527, Diff: 527, Sum: 847, Workers: 4
[2386.753s][debug][gc,phases      ] GC(159)   ObjectSynchronizer Weak        Min:  0.0, Avg:  0.0, Max:  0.0, Diff:  0.0, Sum:  0.0, Workers: 4
[2386.753s][debug][gc,phases      ] GC(159)     Dead                           Min: 0, Avg:  0.0, Max: 0, Diff: 0, Sum: 0, Workers: 4
[2386.753s][debug][gc,phases      ] GC(159)     Total                          Min: 0, Avg: 14.8, Max: 59, Diff: 59, Sum: 59, Workers: 4
[2386.753s][debug][gc,phases      ] GC(159)   JVMTI Tag Weak OopStorage      Min:  0.0, Avg:  0.0, Max:  0.0, Diff:  0.0, Sum:  0.0, Workers: 4
[2386.753s][debug][gc,phases      ] GC(159)     Dead                           Min: 0, Avg:  0.0, Max: 0, Diff: 0, Sum: 0, Workers: 4
[2386.753s][debug][gc,phases      ] GC(159)     Total                          Min: 0, Avg:  0.0, Max: 0, Diff: 0, Sum: 0, Workers: 4
[2386.753s][debug][gc,phases      ] GC(159)   StringTable Weak               Min:  0.0, Avg:  0.1, Max:  0.2, Diff:  0.2, Sum:  0.3, Workers: 4
[2386.753s][debug][gc,phases      ] GC(159)     Dead                           Min: 0, Avg:  0.0, Max: 0, Diff: 0, Sum: 0, Workers: 4
[2386.753s][debug][gc,phases      ] GC(159)     Total                          Min: 0, Avg: 11045.2, Max: 26752, Diff: 26752, Sum: 44181, Workers: 4
[2386.753s][debug][gc,phases      ] GC(159)   ResolvedMethodTable Weak       Min:  0.0, Avg:  0.0, Max:  0.0, Diff:  0.0, Sum:  0.1, Workers: 4
[2386.753s][debug][gc,phases      ] GC(159)     Dead                           Min: 0, Avg:  0.0, Max: 0, Diff: 0, Sum: 0, Workers: 4
[2386.753s][debug][gc,phases      ] GC(159)     Total                          Min: 0, Avg: 2438.8, Max: 5696, Diff: 5696, Sum: 9755, Workers: 4
[2386.753s][debug][gc,phases      ] GC(159)   JNI Weak                       Min:  0.0, Avg:  0.0, Max:  0.0, Diff:  0.0, Sum:  0.0, Workers: 4
[2386.753s][debug][gc,phases      ] GC(159)     Dead                           Min: 0, Avg:  0.0, Max: 0, Diff: 0, Sum: 0, Workers: 4
[2386.753s][debug][gc,phases      ] GC(159)     Total                          Min: 0, Avg: 11.2, Max: 45, Diff: 45, Sum: 45, Workers: 4
[2386.753s][debug][gc,phases      ] GC(159)   StringDedup Table Weak         Min:  0.0, Avg:  0.0, Max:  0.0, Diff:  0.0, Sum:  0.0, Workers: 4
[2386.753s][debug][gc,phases      ] GC(159)     Dead                           Min: 0, Avg:  0.0, Max: 0, Diff: 0, Sum: 0, Workers: 4
[2386.753s][debug][gc,phases      ] GC(159)     Total                          Min: 0, Avg:  0.0, Max: 0, Diff: 0, Sum: 0, Workers: 4
[2386.753s][debug][gc,phases      ] GC(159)   StringDedup Requests0 Weak     Min:  0.0, Avg:  0.0, Max:  0.0, Diff:  0.0, Sum:  0.0, Workers: 4
[2386.753s][debug][gc,phases      ] GC(159)     Dead                           Min: 0, Avg:  0.0, Max: 0, Diff: 0, Sum: 0, Workers: 4
[2386.753s][debug][gc,phases      ] GC(159)     Total                          Min: 0, Avg:  0.0, Max: 0, Diff: 0, Sum: 0, Workers: 4
[2386.753s][debug][gc,phases      ] GC(159)   StringDedup Requests1 Weak     Min:  0.0, Avg:  0.0, Max:  0.0, Diff:  0.0, Sum:  0.0, Workers: 4
[2386.753s][debug][gc,phases      ] GC(159)     Dead                           Min: 0, Avg:  0.0, Max: 0, Diff: 0, Sum: 0, Workers: 4
[2386.753s][debug][gc,phases      ] GC(159)     Total                          Min: 0, Avg:  0.0, Max: 0, Diff: 0, Sum: 0, Workers: 4
[2386.753s][debug][gc,phases      ] GC(159)   Weak JFR Old Object Samples    Min:  0.0, Avg:  0.0, Max:  0.0, Diff:  0.0, Sum:  0.0, Workers: 4
[2386.753s][debug][gc,phases      ] GC(159)     Dead                           Min: 0, Avg:  0.0, Max: 0, Diff: 0, Sum: 0, Workers: 4
[2386.753s][debug][gc,phases      ] GC(159)     Total                          Min: 0, Avg:  0.0, Max: 0, Diff: 0, Sum: 0, Workers: 4
[2386.753s][debug][gc,phases      ] GC(159) Weak Processing 0.370ms
[2386.753s][debug][gc,age         ] GC(159) Desired survivor size 3670016 bytes, new threshold 15 (max threshold 15)
[2386.753s][info ][gc,heap        ] GC(159) PSYoungGen: 2094561K(2094592K)->1440K(2092544K) Eden: 2092032K(2092032K)->0K(2089984K) From: 2529K(2560K)->1440K(2560K)
[2386.753s][info ][gc,heap        ] GC(159) ParOldGen: 368227K(458752K)->368235K(458752K)
[2386.753s][info ][gc,metaspace   ] GC(159) Metaspace: 82922K(83904K)->82922K(83904K) NonClass: 71030K(71552K)->71030K(71552K) Class: 11891K(12352K)->11891K(12352K)
[2386.753s][info ][gc             ] GC(159) Pause Young (Allocation Failure) 2405M->361M(2491M) 5.359ms
[2386.753s][info ][gc,cpu         ] GC(159) User=0.02s Sys=0.00s Real=0.00s
[2386.753s][info ][safepoint      ] Safepoint "ParallelGCFailedAllocation", Time since last: 7918631529 ns, Reaching safepoint: 23800 ns, At safepoint: 5423778 ns, Total: 5447578 ns
[2402.892s][info ][gc,start       ] GC(160) Pause Young (Allocation Failure)
[2402.897s][debug][gc,phases      ] GC(160) Scavenge 4.654ms
[2402.897s][debug][gc,ref         ] GC(160) Skipped phase 1 of Reference Processing: no references
[2402.897s][debug][gc,ref         ] GC(160) ReferenceProcessor::execute queues: 1, RefProcThreadModel::Single, marks_oops_alive: false
[2402.897s][debug][gc,ref         ] GC(160) Skipped phase 3 of Reference Processing: no references
[2402.897s][debug][gc,ref         ] GC(160) Skipped phase 4 of Reference Processing: no references
[2402.897s][debug][gc,phases      ] GC(160) Reference Processing 0.096ms
[2402.897s][debug][gc,phases      ] GC(160)   VM Weak                        Min:  0.0, Avg:  0.0, Max:  0.0, Diff:  0.0, Sum:  0.0, Workers: 4
[2402.897s][debug][gc,phases      ] GC(160)     Dead                           Min: 0, Avg:  0.0, Max: 0, Diff: 0, Sum: 0, Workers: 4
[2402.897s][debug][gc,phases      ] GC(160)     Total                          Min: 0, Avg: 211.8, Max: 448, Diff: 448, Sum: 847, Workers: 4
[2402.897s][debug][gc,phases      ] GC(160)   ObjectSynchronizer Weak        Min:  0.0, Avg:  0.0, Max:  0.0, Diff:  0.0, Sum:  0.0, Workers: 4
[2402.897s][debug][gc,phases      ] GC(160)     Dead                           Min: 0, Avg:  0.0, Max: 0, Diff: 0, Sum: 0, Workers: 4
[2402.897s][debug][gc,phases      ] GC(160)     Total                          Min: 0, Avg: 14.8, Max: 59, Diff: 59, Sum: 59, Workers: 4
[2402.897s][debug][gc,phases      ] GC(160)   JVMTI Tag Weak OopStorage      Min:  0.0, Avg:  0.0, Max:  0.0, Diff:  0.0, Sum:  0.0, Workers: 4
[2402.897s][debug][gc,phases      ] GC(160)     Dead                           Min: 0, Avg:  0.0, Max: 0, Diff: 0, Sum: 0, Workers: 4
[2402.897s][debug][gc,phases      ] GC(160)     Total                          Min: 0, Avg:  0.0, Max: 0, Diff: 0, Sum: 0, Workers: 4
[2402.897s][debug][gc,phases      ] GC(160)   StringTable Weak               Min:  0.0, Avg:  0.1, Max:  0.1, Diff:  0.1, Sum:  0.4, Workers: 4
[2402.897s][debug][gc,phases      ] GC(160)     Dead                           Min: 0, Avg:  0.0, Max: 0, Diff: 0, Sum: 0, Workers: 4
[2402.897s][debug][gc,phases      ] GC(160)     Total                          Min: 0, Avg: 11045.2, Max: 15104, Diff: 15104, Sum: 44181, Workers: 4
[2402.897s][debug][gc,phases      ] GC(160)   ResolvedMethodTable Weak       Min:  0.0, Avg:  0.0, Max:  0.0, Diff:  0.0, Sum:  0.1, Workers: 4
[2402.897s][debug][gc,phases      ] GC(160)     Dead                           Min: 0, Avg:  0.0, Max: 0, Diff: 0, Sum: 0, Workers: 4
[2402.897s][debug][gc,phases      ] GC(160)     Total                          Min: 0, Avg: 2438.8, Max: 3456, Diff: 3456, Sum: 9755, Workers: 4
[2402.897s][debug][gc,phases      ] GC(160)   JNI Weak                       Min:  0.0, Avg:  0.0, Max:  0.0, Diff:  0.0, Sum:  0.0, Workers: 4
[2402.897s][debug][gc,phases      ] GC(160)     Dead                           Min: 0, Avg:  0.0, Max: 0, Diff: 0, Sum: 0, Workers: 4
[2402.897s][debug][gc,phases      ] GC(160)     Total                          Min: 0, Avg: 11.2, Max: 45, Diff: 45, Sum: 45, Workers: 4
[2402.897s][debug][gc,phases      ] GC(160)   StringDedup Table Weak         Min:  0.0, Avg:  0.0, Max:  0.0, Diff:  0.0, Sum:  0.0, Workers: 4
[2402.897s][debug][gc,phases      ] GC(160)     Dead                           Min: 0, Avg:  0.0, Max: 0, Diff: 0, Sum: 0, Workers: 4
[2402.897s][debug][gc,phases      ] GC(160)     Total                          Min: 0, Avg:  0.0, Max: 0, Diff: 0, Sum: 0, Workers: 4
[2402.897s][debug][gc,phases      ] GC(160)   StringDedup Requests0 Weak     Min:  0.0, Avg:  0.0, Max:  0.0, Diff:  0.0, Sum:  0.0, Workers: 4
[2402.897s][debug][gc,phases      ] GC(160)     Dead                           Min: 0, Avg:  0.0, Max: 0, Diff: 0, Sum: 0, Workers: 4
[2402.897s][debug][gc,phases      ] GC(160)     Total                          Min: 0, Avg:  0.0, Max: 0, Diff: 0, Sum: 0, Workers: 4
[2402.897s][debug][gc,phases      ] GC(160)   StringDedup Requests1 Weak     Min:  0.0, Avg:  0.0, Max:  0.0, Diff:  0.0, Sum:  0.0, Workers: 4
[2402.897s][debug][gc,phases      ] GC(160)     Dead                           Min: 0, Avg:  0.0, Max: 0, Diff: 0, Sum: 0, Workers: 4
[2402.897s][debug][gc,phases      ] GC(160)     Total                          Min: 0, Avg:  0.0, Max: 0, Diff: 0, Sum: 0, Workers: 4
[2402.897s][debug][gc,phases      ] GC(160)   Weak JFR Old Object Samples    Min:  0.0, Avg:  0.0, Max:  0.0, Diff:  0.0, Sum:  0.0, Workers: 4
[2402.897s][debug][gc,phases      ] GC(160)     Dead                           Min: 0, Avg:  0.0, Max: 0, Diff: 0, Sum: 0, Workers: 4
[2402.897s][debug][gc,phases      ] GC(160)     Total                          Min: 0, Avg:  0.0, Max: 0, Diff: 0, Sum: 0, Workers: 4
[2402.897s][debug][gc,phases      ] GC(160) Weak Processing 0.403ms
[2402.897s][debug][gc,age         ] GC(160) Desired survivor size 3670016 bytes, new threshold 15 (max threshold 15)
[2402.897s][info ][gc,heap        ] GC(160) PSYoungGen: 2091424K(2092544K)->1376K(2093568K) Eden: 2089984K(2089984K)->0K(2089984K) From: 1440K(2560K)->1376K(3584K)
[2402.897s][info ][gc,heap        ] GC(160) ParOldGen: 368235K(458752K)->368235K(458752K)
[2402.897s][info ][gc,metaspace   ] GC(160) Metaspace: 82923K(83904K)->82923K(83904K) NonClass: 71031K(71552K)->71031K(71552K) Class: 11891K(12352K)->11891K(12352K)
[2402.897s][info ][gc             ] GC(160) Pause Young (Allocation Failure) 2402M->360M(2492M) 5.270ms
[2402.897s][info ][gc,cpu         ] GC(160) User=0.01s Sys=0.00s Real=0.01s
[2402.897s][info ][safepoint      ] Safepoint "ParallelGCFailedAllocation", Time since last: 16138754685 ns, Reaching safepoint: 109000 ns, At safepoint: 5356078 ns, Total: 5465078 ns
[2408.898s][info ][safepoint      ] Safepoint "Cleanup", Time since last: 6000459785 ns, Reaching safepoint: 108699 ns, At safepoint: 6700 ns, Total: 115399 ns
[2418.694s][info ][gc,start       ] GC(161) Pause Young (Allocation Failure)
[2418.700s][debug][gc,phases      ] GC(161) Scavenge 5.174ms
[2418.700s][debug][gc,ref         ] GC(161) Skipped phase 1 of Reference Processing: no references
[2418.700s][debug][gc,ref         ] GC(161) ReferenceProcessor::execute queues: 1, RefProcThreadModel::Single, marks_oops_alive: false
[2418.700s][debug][gc,ref         ] GC(161) Skipped phase 3 of Reference Processing: no references
[2418.700s][debug][gc,ref         ] GC(161) ReferenceProcessor::execute queues: 1, RefProcThreadModel::Single, marks_oops_alive: false
[2418.700s][debug][gc,phases      ] GC(161) Reference Processing 0.139ms
[2418.700s][debug][gc,phases      ] GC(161)   VM Weak                        Min:  0.0, Avg:  0.0, Max:  0.0, Diff:  0.0, Sum:  0.0, Workers: 4
[2418.700s][debug][gc,phases      ] GC(161)     Dead                           Min: 0, Avg:  0.0, Max: 0, Diff: 0, Sum: 0, Workers: 4
[2418.700s][debug][gc,phases      ] GC(161)     Total                          Min: 0, Avg: 211.8, Max: 847, Diff: 847, Sum: 847, Workers: 4
[2418.700s][debug][gc,phases      ] GC(161)   ObjectSynchronizer Weak        Min:  0.0, Avg:  0.0, Max:  0.0, Diff:  0.0, Sum:  0.0, Workers: 4
[2418.700s][debug][gc,phases      ] GC(161)     Dead                           Min: 0, Avg:  0.0, Max: 0, Diff: 0, Sum: 0, Workers: 4
[2418.700s][debug][gc,phases      ] GC(161)     Total                          Min: 0, Avg: 14.8, Max: 59, Diff: 59, Sum: 59, Workers: 4
[2418.700s][debug][gc,phases      ] GC(161)   JVMTI Tag Weak OopStorage      Min:  0.0, Avg:  0.0, Max:  0.0, Diff:  0.0, Sum:  0.0, Workers: 4
[2418.700s][debug][gc,phases      ] GC(161)     Dead                           Min: 0, Avg:  0.0, Max: 0, Diff: 0, Sum: 0, Workers: 4
[2418.700s][debug][gc,phases      ] GC(161)     Total                          Min: 0, Avg:  0.0, Max: 0, Diff: 0, Sum: 0, Workers: 4
[2418.700s][debug][gc,phases      ] GC(161)   StringTable Weak               Min:  0.0, Avg:  0.1, Max:  0.2, Diff:  0.2, Sum:  0.4, Workers: 4
[2418.700s][debug][gc,phases      ] GC(161)     Dead                           Min: 0, Avg:  0.0, Max: 0, Diff: 0, Sum: 0, Workers: 4
[2418.700s][debug][gc,phases      ] GC(161)     Total                          Min: 0, Avg: 11045.2, Max: 22229, Diff: 22229, Sum: 44181, Workers: 4
[2418.700s][debug][gc,phases      ] GC(161)   ResolvedMethodTable Weak       Min:  0.0, Avg:  0.0, Max:  0.0, Diff:  0.0, Sum:  0.1, Workers: 4
[2418.700s][debug][gc,phases      ] GC(161)     Dead                           Min: 0, Avg:  0.0, Max: 0, Diff: 0, Sum: 0, Workers: 4
[2418.700s][debug][gc,phases      ] GC(161)     Total                          Min: 0, Avg: 2438.8, Max: 4955, Diff: 4955, Sum: 9755, Workers: 4
[2418.700s][debug][gc,phases      ] GC(161)   JNI Weak                       Min:  0.0, Avg:  0.0, Max:  0.0, Diff:  0.0, Sum:  0.0, Workers: 4
[2418.700s][debug][gc,phases      ] GC(161)     Dead                           Min: 0, Avg:  0.0, Max: 0, Diff: 0, Sum: 0, Workers: 4
[2418.700s][debug][gc,phases      ] GC(161)     Total                          Min: 0, Avg: 11.2, Max: 45, Diff: 45, Sum: 45, Workers: 4
[2418.700s][debug][gc,phases      ] GC(161)   StringDedup Table Weak         Min:  0.0, Avg:  0.0, Max:  0.0, Diff:  0.0, Sum:  0.0, Workers: 4
[2418.700s][debug][gc,phases      ] GC(161)     Dead                           Min: 0, Avg:  0.0, Max: 0, Diff: 0, Sum: 0, Workers: 4
[2418.700s][debug][gc,phases      ] GC(161)     Total                          Min: 0, Avg:  0.0, Max: 0, Diff: 0, Sum: 0, Workers: 4
[2418.700s][debug][gc,phases      ] GC(161)   StringDedup Requests0 Weak     Min:  0.0, Avg:  0.0, Max:  0.0, Diff:  0.0, Sum:  0.0, Workers: 4
[2418.700s][debug][gc,phases      ] GC(161)     Dead                           Min: 0, Avg:  0.0, Max: 0, Diff: 0, Sum: 0, Workers: 4
[2418.700s][debug][gc,phases      ] GC(161)     Total                          Min: 0, Avg:  0.0, Max: 0, Diff: 0, Sum: 0, Workers: 4
[2418.700s][debug][gc,phases      ] GC(161)   StringDedup Requests1 Weak     Min:  0.0, Avg:  0.0, Max:  0.0, Diff:  0.0, Sum:  0.0, Workers: 4
[2418.700s][debug][gc,phases      ] GC(161)     Dead                           Min: 0, Avg:  0.0, Max: 0, Diff: 0, Sum: 0, Workers: 4
[2418.700s][debug][gc,phases      ] GC(161)     Total                          Min: 0, Avg:  0.0, Max: 0, Diff: 0, Sum: 0, Workers: 4
[2418.700s][debug][gc,phases      ] GC(161)   Weak JFR Old Object Samples    Min:  0.0, Avg:  0.0, Max:  0.0, Diff:  0.0, Sum:  0.0, Workers: 4
[2418.700s][debug][gc,phases      ] GC(161)     Dead                           Min: 0, Avg:  0.0, Max: 0, Diff: 0, Sum: 0, Workers: 4
[2418.700s][debug][gc,phases      ] GC(161)     Total                          Min: 0, Avg:  0.0, Max: 0, Diff: 0, Sum: 0, Workers: 4
[2418.700s][debug][gc,phases      ] GC(161) Weak Processing 0.510ms
[2418.700s][debug][gc,age         ] GC(161) Desired survivor size 3670016 bytes, new threshold 15 (max threshold 15)
[2418.700s][info ][gc,heap        ] GC(161) PSYoungGen: 2091360K(2093568K)->1456K(2093568K) Eden: 2089984K(2089984K)->0K(2089984K) From: 1376K(3584K)->1456K(3584K)
[2418.700s][info ][gc,heap        ] GC(161) ParOldGen: 368235K(458752K)->368243K(458752K)
[2418.700s][info ][gc,metaspace   ] GC(161) Metaspace: 82924K(83904K)->82924K(83904K) NonClass: 71033K(71552K)->71033K(71552K) Class: 11891K(12352K)->11891K(12352K)
[2418.700s][info ][gc             ] GC(161) Pause Young (Allocation Failure) 2401M->361M(2492M) 5.983ms
[2418.700s][info ][gc,cpu         ] GC(161) User=0.02s Sys=0.00s Real=0.00s
[2418.700s][info ][safepoint      ] Safepoint "ParallelGCFailedAllocation", Time since last: 9796322265 ns, Reaching safepoint: 40600 ns, At safepoint: 6053775 ns, Total: 6094375 ns
[2426.701s][info ][safepoint      ] Safepoint "Cleanup", Time since last: 8000558037 ns, Reaching safepoint: 45200 ns, At safepoint: 2700 ns, Total: 47900 ns
[2434.793s][info ][gc,start       ] GC(162) Pause Young (Allocation Failure)
[2434.798s][debug][gc,phases      ] GC(162) Scavenge 4.611ms
[2434.798s][debug][gc,ref         ] GC(162) Skipped phase 1 of Reference Processing: no references
[2434.798s][debug][gc,ref         ] GC(162) ReferenceProcessor::execute queues: 1, RefProcThreadModel::Single, marks_oops_alive: false
[2434.798s][debug][gc,ref         ] GC(162) Skipped phase 3 of Reference Processing: no references
[2434.798s][debug][gc,ref         ] GC(162) ReferenceProcessor::execute queues: 1, RefProcThreadModel::Single, marks_oops_alive: false
[2434.798s][debug][gc,phases      ] GC(162) Reference Processing 0.088ms
[2434.798s][debug][gc,phases      ] GC(162)   VM Weak                        Min:  0.0, Avg:  0.0, Max:  0.0, Diff:  0.0, Sum:  0.0, Workers: 4
[2434.798s][debug][gc,phases      ] GC(162)     Dead                           Min: 0, Avg:  0.0, Max: 0, Diff: 0, Sum: 0, Workers: 4
[2434.798s][debug][gc,phases      ] GC(162)     Total                          Min: 0, Avg: 211.8, Max: 591, Diff: 591, Sum: 847, Workers: 4
[2434.798s][debug][gc,phases      ] GC(162)   ObjectSynchronizer Weak        Min:  0.0, Avg:  0.0, Max:  0.0, Diff:  0.0, Sum:  0.0, Workers: 4
[2434.798s][debug][gc,phases      ] GC(162)     Dead                           Min: 0, Avg:  0.0, Max: 0, Diff: 0, Sum: 0, Workers: 4
[2434.798s][debug][gc,phases      ] GC(162)     Total                          Min: 0, Avg: 14.8, Max: 59, Diff: 59, Sum: 59, Workers: 4
[2434.798s][debug][gc,phases      ] GC(162)   JVMTI Tag Weak OopStorage      Min:  0.0, Avg:  0.0, Max:  0.0, Diff:  0.0, Sum:  0.0, Workers: 4
[2434.798s][debug][gc,phases      ] GC(162)     Dead                           Min: 0, Avg:  0.0, Max: 0, Diff: 0, Sum: 0, Workers: 4
[2434.798s][debug][gc,phases      ] GC(162)     Total                          Min: 0, Avg:  0.0, Max: 0, Diff: 0, Sum: 0, Workers: 4
[2434.798s][debug][gc,phases      ] GC(162)   StringTable Weak               Min:  0.0, Avg:  0.1, Max:  0.2, Diff:  0.2, Sum:  0.3, Workers: 4
[2434.798s][debug][gc,phases      ] GC(162)     Dead                           Min: 0, Avg:  0.0, Max: 0, Diff: 0, Sum: 0, Workers: 4
[2434.798s][debug][gc,phases      ] GC(162)     Total                          Min: 0, Avg: 11045.2, Max: 27157, Diff: 27157, Sum: 44181, Workers: 4
[2434.798s][debug][gc,phases      ] GC(162)   ResolvedMethodTable Weak       Min:  0.0, Avg:  0.0, Max:  0.0, Diff:  0.0, Sum:  0.1, Workers: 4
[2434.798s][debug][gc,phases      ] GC(162)     Dead                           Min: 0, Avg:  0.0, Max: 0, Diff: 0, Sum: 0, Workers: 4
[2434.798s][debug][gc,phases      ] GC(162)     Total                          Min: 0, Avg: 2438.8, Max: 5952, Diff: 5952, Sum: 9755, Workers: 4
[2434.798s][debug][gc,phases      ] GC(162)   JNI Weak                       Min:  0.0, Avg:  0.0, Max:  0.0, Diff:  0.0, Sum:  0.0, Workers: 4
[2434.798s][debug][gc,phases      ] GC(162)     Dead                           Min: 0, Avg:  0.0, Max: 0, Diff: 0, Sum: 0, Workers: 4
[2434.798s][debug][gc,phases      ] GC(162)     Total                          Min: 0, Avg: 11.2, Max: 45, Diff: 45, Sum: 45, Workers: 4
[2434.798s][debug][gc,phases      ] GC(162)   StringDedup Table Weak         Min:  0.0, Avg:  0.0, Max:  0.0, Diff:  0.0, Sum:  0.0, Workers: 4
[2434.798s][debug][gc,phases      ] GC(162)     Dead                           Min: 0, Avg:  0.0, Max: 0, Diff: 0, Sum: 0, Workers: 4
[2434.798s][debug][gc,phases      ] GC(162)     Total                          Min: 0, Avg:  0.0, Max: 0, Diff: 0, Sum: 0, Workers: 4
[2434.798s][debug][gc,phases      ] GC(162)   StringDedup Requests0 Weak     Min:  0.0, Avg:  0.0, Max:  0.0, Diff:  0.0, Sum:  0.0, Workers: 4
[2434.798s][debug][gc,phases      ] GC(162)     Dead                           Min: 0, Avg:  0.0, Max: 0, Diff: 0, Sum: 0, Workers: 4
[2434.798s][debug][gc,phases      ] GC(162)     Total                          Min: 0, Avg:  0.0, Max: 0, Diff: 0, Sum: 0, Workers: 4
[2434.798s][debug][gc,phases      ] GC(162)   StringDedup Requests1 Weak     Min:  0.0, Avg:  0.0, Max:  0.0, Diff:  0.0, Sum:  0.0, Workers: 4
[2434.798s][debug][gc,phases      ] GC(162)     Dead                           Min: 0, Avg:  0.0, Max: 0, Diff: 0, Sum: 0, Workers: 4
[2434.798s][debug][gc,phases      ] GC(162)     Total                          Min: 0, Avg:  0.0, Max: 0, Diff: 0, Sum: 0, Workers: 4
[2434.798s][debug][gc,phases      ] GC(162)   Weak JFR Old Object Samples    Min:  0.0, Avg:  0.0, Max:  0.0, Diff:  0.0, Sum:  0.0, Workers: 4
[2434.798s][debug][gc,phases      ] GC(162)     Dead                           Min: 0, Avg:  0.0, Max: 0, Diff: 0, Sum: 0, Workers: 4
[2434.798s][debug][gc,phases      ] GC(162)     Total                          Min: 0, Avg:  0.0, Max: 0, Diff: 0, Sum: 0, Workers: 4
[2434.798s][debug][gc,phases      ] GC(162) Weak Processing 0.358ms
[2434.798s][debug][gc,age         ] GC(162) Desired survivor size 3145728 bytes, new threshold 15 (max threshold 15)
[2434.798s][info ][gc,heap        ] GC(162) PSYoungGen: 2091440K(2093568K)->1488K(2093568K) Eden: 2089984K(2089984K)->0K(2089984K) From: 1456K(3584K)->1488K(3584K)
[2434.798s][info ][gc,heap        ] GC(162) ParOldGen: 368243K(458752K)->368275K(458752K)
[2434.798s][info ][gc,metaspace   ] GC(162) Metaspace: 82924K(83904K)->82924K(83904K) NonClass: 71033K(71552K)->71033K(71552K) Class: 11891K(12352K)->11891K(12352K)
[2434.798s][info ][gc             ] GC(162) Pause Young (Allocation Failure) 2402M->361M(2492M) 5.156ms
[2434.798s][info ][gc,cpu         ] GC(162) User=0.01s Sys=0.00s Real=0.01s
[2434.798s][info ][safepoint      ] Safepoint "ParallelGCFailedAllocation", Time since last: 8091765848 ns, Reaching safepoint: 115500 ns, At safepoint: 5246479 ns, Total: 5361979 ns
[2445.799s][info ][safepoint      ] Safepoint "Cleanup", Time since last: 11000727770 ns, Reaching safepoint: 33300 ns, At safepoint: 2500 ns, Total: 35800 ns
[2452.256s][info ][gc,start       ] GC(163) Pause Young (Allocation Failure)
[2452.262s][debug][gc,phases      ] GC(163) Scavenge 5.971ms
[2452.262s][debug][gc,ref         ] GC(163) Skipped phase 1 of Reference Processing: no references
[2452.262s][debug][gc,ref         ] GC(163) ReferenceProcessor::execute queues: 1, RefProcThreadModel::Single, marks_oops_alive: false
[2452.262s][debug][gc,ref         ] GC(163) Skipped phase 3 of Reference Processing: no references
[2452.262s][debug][gc,ref         ] GC(163) ReferenceProcessor::execute queues: 1, RefProcThreadModel::Single, marks_oops_alive: false
[2452.262s][debug][gc,phases      ] GC(163) Reference Processing 0.089ms
[2452.262s][debug][gc,phases      ] GC(163)   VM Weak                        Min:  0.0, Avg:  0.0, Max:  0.0, Diff:  0.0, Sum:  0.0, Workers: 4
[2452.262s][debug][gc,phases      ] GC(163)     Dead                           Min: 0, Avg:  0.0, Max: 0, Diff: 0, Sum: 0, Workers: 4
[2452.262s][debug][gc,phases      ] GC(163)     Total                          Min: 0, Avg: 211.8, Max: 463, Diff: 463, Sum: 847, Workers: 4
[2452.262s][debug][gc,phases      ] GC(163)   ObjectSynchronizer Weak        Min:  0.0, Avg:  0.0, Max:  0.0, Diff:  0.0, Sum:  0.0, Workers: 4
[2452.262s][debug][gc,phases      ] GC(163)     Dead                           Min: 0, Avg:  0.0, Max: 0, Diff: 0, Sum: 0, Workers: 4
[2452.262s][debug][gc,phases      ] GC(163)     Total                          Min: 0, Avg: 14.8, Max: 59, Diff: 59, Sum: 59, Workers: 4
[2452.262s][debug][gc,phases      ] GC(163)   JVMTI Tag Weak OopStorage      Min:  0.0, Avg:  0.0, Max:  0.0, Diff:  0.0, Sum:  0.0, Workers: 4
[2452.262s][debug][gc,phases      ] GC(163)     Dead                           Min: 0, Avg:  0.0, Max: 0, Diff: 0, Sum: 0, Workers: 4
[2452.262s][debug][gc,phases      ] GC(163)     Total                          Min: 0, Avg:  0.0, Max: 0, Diff: 0, Sum: 0, Workers: 4
[2452.262s][debug][gc,phases      ] GC(163)   StringTable Weak               Min:  0.0, Avg:  0.1, Max:  0.2, Diff:  0.2, Sum:  0.4, Workers: 4
[2452.262s][debug][gc,phases      ] GC(163)     Dead                           Min: 0, Avg:  0.0, Max: 0, Diff: 0, Sum: 0, Workers: 4
[2452.262s][debug][gc,phases      ] GC(163)     Total                          Min: 0, Avg: 11045.2, Max: 16704, Diff: 16704, Sum: 44181, Workers: 4
[2452.262s][debug][gc,phases      ] GC(163)   ResolvedMethodTable Weak       Min:  0.0, Avg:  0.0, Max:  0.0, Diff:  0.0, Sum:  0.1, Workers: 4
[2452.262s][debug][gc,phases      ] GC(163)     Dead                           Min: 0, Avg:  0.0, Max: 0, Diff: 0, Sum: 0, Workers: 4
[2452.262s][debug][gc,phases      ] GC(163)     Total                          Min: 0, Avg: 2438.8, Max: 3392, Diff: 3392, Sum: 9755, Workers: 4
[2452.262s][debug][gc,phases      ] GC(163)   JNI Weak                       Min:  0.0, Avg:  0.0, Max:  0.0, Diff:  0.0, Sum:  0.0, Workers: 4
[2452.262s][debug][gc,phases      ] GC(163)     Dead                           Min: 0, Avg:  0.0, Max: 0, Diff: 0, Sum: 0, Workers: 4
[2452.262s][debug][gc,phases      ] GC(163)     Total                          Min: 0, Avg: 11.2, Max: 45, Diff: 45, Sum: 45, Workers: 4
[2452.262s][debug][gc,phases      ] GC(163)   StringDedup Table Weak         Min:  0.0, Avg:  0.0, Max:  0.0, Diff:  0.0, Sum:  0.0, Workers: 4
[2452.262s][debug][gc,phases      ] GC(163)     Dead                           Min: 0, Avg:  0.0, Max: 0, Diff: 0, Sum: 0, Workers: 4
[2452.262s][debug][gc,phases      ] GC(163)     Total                          Min: 0, Avg:  0.0, Max: 0, Diff: 0, Sum: 0, Workers: 4
[2452.262s][debug][gc,phases      ] GC(163)   StringDedup Requests0 Weak     Min:  0.0, Avg:  0.0, Max:  0.0, Diff:  0.0, Sum:  0.0, Workers: 4
[2452.262s][debug][gc,phases      ] GC(163)     Dead                           Min: 0, Avg:  0.0, Max: 0, Diff: 0, Sum: 0, Workers: 4
[2452.262s][debug][gc,phases      ] GC(163)     Total                          Min: 0, Avg:  0.0, Max: 0, Diff: 0, Sum: 0, Workers: 4
[2452.262s][debug][gc,phases      ] GC(163)   StringDedup Requests1 Weak     Min:  0.0, Avg:  0.0, Max:  0.0, Diff:  0.0, Sum:  0.0, Workers: 4
[2452.262s][debug][gc,phases      ] GC(163)     Dead                           Min: 0, Avg:  0.0, Max: 0, Diff: 0, Sum: 0, Workers: 4
[2452.262s][debug][gc,phases      ] GC(163)     Total                          Min: 0, Avg:  0.0, Max: 0, Diff: 0, Sum: 0, Workers: 4
[2452.262s][debug][gc,phases      ] GC(163)   Weak JFR Old Object Samples    Min:  0.0, Avg:  0.0, Max:  0.0, Diff:  0.0, Sum:  0.0, Workers: 4
[2452.262s][debug][gc,phases      ] GC(163)     Dead                           Min: 0, Avg:  0.0, Max: 0, Diff: 0, Sum: 0, Workers: 4
[2452.262s][debug][gc,phases      ] GC(163)     Total                          Min: 0, Avg:  0.0, Max: 0, Diff: 0, Sum: 0, Workers: 4
[2452.262s][debug][gc,phases      ] GC(163) Weak Processing 0.354ms
[2452.262s][debug][gc,age         ] GC(163) Desired survivor size 3145728 bytes, new threshold 15 (max threshold 15)
[2452.262s][info ][gc,heap        ] GC(163) PSYoungGen: 2091472K(2093568K)->1440K(2094080K) Eden: 2089984K(2089984K)->0K(2091008K) From: 1488K(3584K)->1440K(3072K)
[2452.262s][info ][gc,heap        ] GC(163) ParOldGen: 368275K(458752K)->368291K(458752K)
[2452.262s][info ][gc,metaspace   ] GC(163) Metaspace: 82941K(83968K)->82941K(83968K) NonClass: 71050K(71616K)->71050K(71616K) Class: 11891K(12352K)->11891K(12352K)
[2452.262s][info ][gc             ] GC(163) Pause Young (Allocation Failure) 2402M->361M(2493M) 6.534ms
[2452.262s][info ][gc,cpu         ] GC(163) User=0.02s Sys=0.00s Real=0.00s
[2452.262s][info ][safepoint      ] Safepoint "ParallelGCFailedAllocation", Time since last: 6456927521 ns, Reaching safepoint: 34399 ns, At safepoint: 6619774 ns, Total: 6654173 ns
[2462.263s][info ][safepoint      ] Safepoint "Cleanup", Time since last: 10000672297 ns, Reaching safepoint: 36000 ns, At safepoint: 5600 ns, Total: 41600 ns
[2465.263s][info ][safepoint      ] Safepoint "Cleanup", Time since last: 3000230849 ns, Reaching safepoint: 40300 ns, At safepoint: 3300 ns, Total: 43600 ns
[2467.800s][info ][gc,start       ] GC(164) Pause Young (Allocation Failure)
[2467.805s][debug][gc,phases      ] GC(164) Scavenge 5.076ms
[2467.805s][debug][gc,ref         ] GC(164) Skipped phase 1 of Reference Processing: no references
[2467.805s][debug][gc,ref         ] GC(164) ReferenceProcessor::execute queues: 1, RefProcThreadModel::Single, marks_oops_alive: false
[2467.805s][debug][gc,ref         ] GC(164) Skipped phase 3 of Reference Processing: no references
[2467.805s][debug][gc,ref         ] GC(164) ReferenceProcessor::execute queues: 1, RefProcThreadModel::Single, marks_oops_alive: false
[2467.805s][debug][gc,phases      ] GC(164) Reference Processing 0.095ms
[2467.805s][debug][gc,phases      ] GC(164)   VM Weak                        Min:  0.0, Avg:  0.0, Max:  0.0, Diff:  0.0, Sum:  0.0, Workers: 4
[2467.805s][debug][gc,phases      ] GC(164)     Dead                           Min: 0, Avg:  0.0, Max: 0, Diff: 0, Sum: 0, Workers: 4
[2467.805s][debug][gc,phases      ] GC(164)     Total                          Min: 0, Avg: 211.8, Max: 527, Diff: 527, Sum: 847, Workers: 4
[2467.805s][debug][gc,phases      ] GC(164)   ObjectSynchronizer Weak        Min:  0.0, Avg:  0.0, Max:  0.0, Diff:  0.0, Sum:  0.0, Workers: 4
[2467.805s][debug][gc,phases      ] GC(164)     Dead                           Min: 0, Avg:  0.0, Max: 0, Diff: 0, Sum: 0, Workers: 4
[2467.805s][debug][gc,phases      ] GC(164)     Total                          Min: 0, Avg: 14.8, Max: 59, Diff: 59, Sum: 59, Workers: 4
[2467.805s][debug][gc,phases      ] GC(164)   JVMTI Tag Weak OopStorage      Min:  0.0, Avg:  0.0, Max:  0.0, Diff:  0.0, Sum:  0.0, Workers: 4
[2467.805s][debug][gc,phases      ] GC(164)     Dead                           Min: 0, Avg:  0.0, Max: 0, Diff: 0, Sum: 0, Workers: 4
[2467.805s][debug][gc,phases      ] GC(164)     Total                          Min: 0, Avg:  0.0, Max: 0, Diff: 0, Sum: 0, Workers: 4
[2467.805s][debug][gc,phases      ] GC(164)   StringTable Weak               Min:  0.0, Avg:  0.1, Max:  0.1, Diff:  0.1, Sum:  0.4, Workers: 4
[2467.805s][debug][gc,phases      ] GC(164)     Dead                           Min: 0, Avg:  0.0, Max: 0, Diff: 0, Sum: 0, Workers: 4
[2467.805s][debug][gc,phases      ] GC(164)     Total                          Min: 0, Avg: 11045.2, Max: 16960, Diff: 16960, Sum: 44181, Workers: 4
[2467.805s][debug][gc,phases      ] GC(164)   ResolvedMethodTable Weak       Min:  0.0, Avg:  0.0, Max:  0.0, Diff:  0.0, Sum:  0.1, Workers: 4
[2467.805s][debug][gc,phases      ] GC(164)     Dead                           Min: 0, Avg:  0.0, Max: 0, Diff: 0, Sum: 0, Workers: 4
[2467.805s][debug][gc,phases      ] GC(164)     Total                          Min: 0, Avg: 2438.8, Max: 3483, Diff: 3483, Sum: 9755, Workers: 4
[2467.805s][debug][gc,phases      ] GC(164)   JNI Weak                       Min:  0.0, Avg:  0.0, Max:  0.0, Diff:  0.0, Sum:  0.0, Workers: 4
[2467.805s][debug][gc,phases      ] GC(164)     Dead                           Min: 0, Avg:  0.0, Max: 0, Diff: 0, Sum: 0, Workers: 4
[2467.805s][debug][gc,phases      ] GC(164)     Total                          Min: 0, Avg: 11.2, Max: 45, Diff: 45, Sum: 45, Workers: 4
[2467.805s][debug][gc,phases      ] GC(164)   StringDedup Table Weak         Min:  0.0, Avg:  0.0, Max:  0.0, Diff:  0.0, Sum:  0.0, Workers: 4
[2467.805s][debug][gc,phases      ] GC(164)     Dead                           Min: 0, Avg:  0.0, Max: 0, Diff: 0, Sum: 0, Workers: 4
[2467.805s][debug][gc,phases      ] GC(164)     Total                          Min: 0, Avg:  0.0, Max: 0, Diff: 0, Sum: 0, Workers: 4
[2467.805s][debug][gc,phases      ] GC(164)   StringDedup Requests0 Weak     Min:  0.0, Avg:  0.0, Max:  0.0, Diff:  0.0, Sum:  0.0, Workers: 4
[2467.805s][debug][gc,phases      ] GC(164)     Dead                           Min: 0, Avg:  0.0, Max: 0, Diff: 0, Sum: 0, Workers: 4
[2467.805s][debug][gc,phases      ] GC(164)     Total                          Min: 0, Avg:  0.0, Max: 0, Diff: 0, Sum: 0, Workers: 4
[2467.805s][debug][gc,phases      ] GC(164)   StringDedup Requests1 Weak     Min:  0.0, Avg:  0.0, Max:  0.0, Diff:  0.0, Sum:  0.0, Workers: 4
[2467.805s][debug][gc,phases      ] GC(164)     Dead                           Min: 0, Avg:  0.0, Max: 0, Diff: 0, Sum: 0, Workers: 4
[2467.805s][debug][gc,phases      ] GC(164)     Total                          Min: 0, Avg:  0.0, Max: 0, Diff: 0, Sum: 0, Workers: 4
[2467.805s][debug][gc,phases      ] GC(164)   Weak JFR Old Object Samples    Min:  0.0, Avg:  0.0, Max:  0.0, Diff:  0.0, Sum:  0.0, Workers: 4
[2467.805s][debug][gc,phases      ] GC(164)     Dead                           Min: 0, Avg:  0.0, Max: 0, Diff: 0, Sum: 0, Workers: 4
[2467.805s][debug][gc,phases      ] GC(164)     Total                          Min: 0, Avg:  0.0, Max: 0, Diff: 0, Sum: 0, Workers: 4
[2467.805s][debug][gc,phases      ] GC(164) Weak Processing 0.332ms
[2467.805s][debug][gc,age         ] GC(164) Desired survivor size 3145728 bytes, new threshold 15 (max threshold 15)
[2467.805s][info ][gc,heap        ] GC(164) PSYoungGen: 2092448K(2094080K)->1392K(2094080K) Eden: 2091008K(2091008K)->0K(2091008K) From: 1440K(3072K)->1392K(3072K)
[2467.805s][info ][gc,heap        ] GC(164) ParOldGen: 368291K(458752K)->368347K(458752K)
[2467.805s][info ][gc,metaspace   ] GC(164) Metaspace: 82941K(83968K)->82941K(83968K) NonClass: 71050K(71616K)->71050K(71616K) Class: 11891K(12352K)->11891K(12352K)
[2467.805s][info ][gc             ] GC(164) Pause Young (Allocation Failure) 2403M->361M(2493M) 5.602ms
[2467.805s][info ][gc,cpu         ] GC(164) User=0.01s Sys=0.00s Real=0.00s
[2467.805s][info ][safepoint      ] Safepoint "ParallelGCFailedAllocation", Time since last: 2536207740 ns, Reaching safepoint: 102200 ns, At safepoint: 5692376 ns, Total: 5794576 ns
[2484.095s][info ][gc,start       ] GC(165) Pause Young (Allocation Failure)
[2484.100s][debug][gc,phases      ] GC(165) Scavenge 4.658ms
[2484.100s][debug][gc,ref         ] GC(165) Skipped phase 1 of Reference Processing: no references
[2484.100s][debug][gc,ref         ] GC(165) ReferenceProcessor::execute queues: 1, RefProcThreadModel::Single, marks_oops_alive: false
[2484.100s][debug][gc,ref         ] GC(165) Skipped phase 3 of Reference Processing: no references
[2484.100s][debug][gc,ref         ] GC(165) ReferenceProcessor::execute queues: 1, RefProcThreadModel::Single, marks_oops_alive: false
[2484.100s][debug][gc,phases      ] GC(165) Reference Processing 0.090ms
[2484.100s][debug][gc,phases      ] GC(165)   VM Weak                        Min:  0.0, Avg:  0.0, Max:  0.0, Diff:  0.0, Sum:  0.0, Workers: 4
[2484.100s][debug][gc,phases      ] GC(165)     Dead                           Min: 0, Avg:  0.0, Max: 0, Diff: 0, Sum: 0, Workers: 4
[2484.100s][debug][gc,phases      ] GC(165)     Total                          Min: 0, Avg: 211.8, Max: 512, Diff: 512, Sum: 847, Workers: 4
[2484.100s][debug][gc,phases      ] GC(165)   ObjectSynchronizer Weak        Min:  0.0, Avg:  0.0, Max:  0.0, Diff:  0.0, Sum:  0.0, Workers: 4
[2484.100s][debug][gc,phases      ] GC(165)     Dead                           Min: 0, Avg:  0.0, Max: 0, Diff: 0, Sum: 0, Workers: 4
[2484.100s][debug][gc,phases      ] GC(165)     Total                          Min: 0, Avg: 14.8, Max: 59, Diff: 59, Sum: 59, Workers: 4
[2484.100s][debug][gc,phases      ] GC(165)   JVMTI Tag Weak OopStorage      Min:  0.0, Avg:  0.0, Max:  0.0, Diff:  0.0, Sum:  0.0, Workers: 4
[2484.100s][debug][gc,phases      ] GC(165)     Dead                           Min: 0, Avg:  0.0, Max: 0, Diff: 0, Sum: 0, Workers: 4
[2484.100s][debug][gc,phases      ] GC(165)     Total                          Min: 0, Avg:  0.0, Max: 0, Diff: 0, Sum: 0, Workers: 4
[2484.100s][debug][gc,phases      ] GC(165)   StringTable Weak               Min:  0.0, Avg:  0.1, Max:  0.2, Diff:  0.2, Sum:  0.3, Workers: 4
[2484.100s][debug][gc,phases      ] GC(165)     Dead                           Min: 0, Avg:  0.0, Max: 0, Diff: 0, Sum: 0, Workers: 4
[2484.100s][debug][gc,phases      ] GC(165)     Total                          Min: 0, Avg: 11047.0, Max: 26368, Diff: 26368, Sum: 44188, Workers: 4
[2484.100s][debug][gc,phases      ] GC(165)   ResolvedMethodTable Weak       Min:  0.0, Avg:  0.0, Max:  0.0, Diff:  0.0, Sum:  0.1, Workers: 4
[2484.100s][debug][gc,phases      ] GC(165)     Dead                           Min: 0, Avg:  0.0, Max: 0, Diff: 0, Sum: 0, Workers: 4
[2484.100s][debug][gc,phases      ] GC(165)     Total                          Min: 0, Avg: 2438.8, Max: 5888, Diff: 5888, Sum: 9755, Workers: 4
[2484.100s][debug][gc,phases      ] GC(165)   JNI Weak                       Min:  0.0, Avg:  0.0, Max:  0.0, Diff:  0.0, Sum:  0.0, Workers: 4
[2484.100s][debug][gc,phases      ] GC(165)     Dead                           Min: 0, Avg:  0.0, Max: 0, Diff: 0, Sum: 0, Workers: 4
[2484.100s][debug][gc,phases      ] GC(165)     Total                          Min: 0, Avg: 11.2, Max: 45, Diff: 45, Sum: 45, Workers: 4
[2484.100s][debug][gc,phases      ] GC(165)   StringDedup Table Weak         Min:  0.0, Avg:  0.0, Max:  0.0, Diff:  0.0, Sum:  0.0, Workers: 4
[2484.100s][debug][gc,phases      ] GC(165)     Dead                           Min: 0, Avg:  0.0, Max: 0, Diff: 0, Sum: 0, Workers: 4
[2484.100s][debug][gc,phases      ] GC(165)     Total                          Min: 0, Avg:  0.0, Max: 0, Diff: 0, Sum: 0, Workers: 4
[2484.100s][debug][gc,phases      ] GC(165)   StringDedup Requests0 Weak     Min:  0.0, Avg:  0.0, Max:  0.0, Diff:  0.0, Sum:  0.0, Workers: 4
[2484.100s][debug][gc,phases      ] GC(165)     Dead                           Min: 0, Avg:  0.0, Max: 0, Diff: 0, Sum: 0, Workers: 4
[2484.100s][debug][gc,phases      ] GC(165)     Total                          Min: 0, Avg:  0.0, Max: 0, Diff: 0, Sum: 0, Workers: 4
[2484.100s][debug][gc,phases      ] GC(165)   StringDedup Requests1 Weak     Min:  0.0, Avg:  0.0, Max:  0.0, Diff:  0.0, Sum:  0.0, Workers: 4
[2484.100s][debug][gc,phases      ] GC(165)     Dead                           Min: 0, Avg:  0.0, Max: 0, Diff: 0, Sum: 0, Workers: 4
[2484.100s][debug][gc,phases      ] GC(165)     Total                          Min: 0, Avg:  0.0, Max: 0, Diff: 0, Sum: 0, Workers: 4
[2484.100s][debug][gc,phases      ] GC(165)   Weak JFR Old Object Samples    Min:  0.0, Avg:  0.0, Max:  0.0, Diff:  0.0, Sum:  0.0, Workers: 4
[2484.100s][debug][gc,phases      ] GC(165)     Dead                           Min: 0, Avg:  0.0, Max: 0, Diff: 0, Sum: 0, Workers: 4
[2484.100s][debug][gc,phases      ] GC(165)     Total                          Min: 0, Avg:  0.0, Max: 0, Diff: 0, Sum: 0, Workers: 4
[2484.100s][debug][gc,phases      ] GC(165) Weak Processing 0.364ms
[2484.100s][debug][gc,age         ] GC(165) Desired survivor size 3145728 bytes, new threshold 15 (max threshold 15)
[2484.100s][info ][gc,heap        ] GC(165) PSYoungGen: 2092400K(2094080K)->1440K(2094080K) Eden: 2091008K(2091008K)->0K(2091008K) From: 1392K(3072K)->1440K(3072K)
[2484.100s][info ][gc,heap        ] GC(165) ParOldGen: 368347K(458752K)->368355K(458752K)
[2484.100s][info ][gc,metaspace   ] GC(165) Metaspace: 82942K(83968K)->82942K(83968K) NonClass: 71050K(71616K)->71050K(71616K) Class: 11891K(12352K)->11891K(12352K)
[2484.100s][info ][gc             ] GC(165) Pause Young (Allocation Failure) 2403M->361M(2493M) 5.214ms
[2484.100s][info ][gc,cpu         ] GC(165) User=0.02s Sys=0.00s Real=0.00s
[2484.100s][info ][safepoint      ] Safepoint "ParallelGCFailedAllocation", Time since last: 16289540453 ns, Reaching safepoint: 26800 ns, At safepoint: 5308178 ns, Total: 5334978 ns
[2486.101s][info ][safepoint      ] Safepoint "Cleanup", Time since last: 2000161500 ns, Reaching safepoint: 40500 ns, At safepoint: 3100 ns, Total: 43600 ns
[2499.852s][info ][safepoint      ] Safepoint "ParallelGCFailedAllocation", Time since last: 13751095716 ns, Reaching safepoint: 110499 ns, At safepoint: 10200 ns, Total: 120699 ns
[2499.855s][info ][gc,start       ] GC(166) Pause Young (GCLocker Initiated GC)
[2499.860s][debug][gc,phases      ] GC(166) Scavenge 4.759ms
[2499.860s][debug][gc,ref         ] GC(166) Skipped phase 1 of Reference Processing: no references
[2499.860s][debug][gc,ref         ] GC(166) ReferenceProcessor::execute queues: 1, RefProcThreadModel::Single, marks_oops_alive: false
[2499.860s][debug][gc,ref         ] GC(166) Skipped phase 3 of Reference Processing: no references
[2499.860s][debug][gc,ref         ] GC(166) Skipped phase 4 of Reference Processing: no references
[2499.860s][debug][gc,phases      ] GC(166) Reference Processing 0.085ms
[2499.860s][debug][gc,phases      ] GC(166)   VM Weak                        Min:  0.0, Avg:  0.0, Max:  0.0, Diff:  0.0, Sum:  0.0, Workers: 4
[2499.860s][debug][gc,phases      ] GC(166)     Dead                           Min: 0, Avg:  0.0, Max: 0, Diff: 0, Sum: 0, Workers: 4
[2499.860s][debug][gc,phases      ] GC(166)     Total                          Min: 0, Avg: 211.8, Max: 527, Diff: 527, Sum: 847, Workers: 4
[2499.860s][debug][gc,phases      ] GC(166)   ObjectSynchronizer Weak        Min:  0.0, Avg:  0.0, Max:  0.0, Diff:  0.0, Sum:  0.0, Workers: 4
[2499.860s][debug][gc,phases      ] GC(166)     Dead                           Min: 0, Avg:  0.0, Max: 0, Diff: 0, Sum: 0, Workers: 4
[2499.860s][debug][gc,phases      ] GC(166)     Total                          Min: 0, Avg: 14.8, Max: 59, Diff: 59, Sum: 59, Workers: 4
[2499.860s][debug][gc,phases      ] GC(166)   JVMTI Tag Weak OopStorage      Min:  0.0, Avg:  0.0, Max:  0.0, Diff:  0.0, Sum:  0.0, Workers: 4
[2499.860s][debug][gc,phases      ] GC(166)     Dead                           Min: 0, Avg:  0.0, Max: 0, Diff: 0, Sum: 0, Workers: 4
[2499.860s][debug][gc,phases      ] GC(166)     Total                          Min: 0, Avg:  0.0, Max: 0, Diff: 0, Sum: 0, Workers: 4
[2499.860s][debug][gc,phases      ] GC(166)   StringTable Weak               Min:  0.0, Avg:  0.1, Max:  0.1, Diff:  0.1, Sum:  0.3, Workers: 4
[2499.860s][debug][gc,phases      ] GC(166)     Dead                           Min: 0, Avg:  0.0, Max: 0, Diff: 0, Sum: 0, Workers: 4
[2499.860s][debug][gc,phases      ] GC(166)     Total                          Min: 0, Avg: 11047.0, Max: 18624, Diff: 18624, Sum: 44188, Workers: 4
[2499.860s][debug][gc,phases      ] GC(166)   ResolvedMethodTable Weak       Min:  0.0, Avg:  0.0, Max:  0.0, Diff:  0.0, Sum:  0.1, Workers: 4
[2499.860s][debug][gc,phases      ] GC(166)     Dead                           Min: 0, Avg:  0.0, Max: 0, Diff: 0, Sum: 0, Workers: 4
[2499.860s][debug][gc,phases      ] GC(166)     Total                          Min: 0, Avg: 2438.8, Max: 4443, Diff: 4443, Sum: 9755, Workers: 4
[2499.860s][debug][gc,phases      ] GC(166)   JNI Weak                       Min:  0.0, Avg:  0.0, Max:  0.0, Diff:  0.0, Sum:  0.0, Workers: 4
[2499.860s][debug][gc,phases      ] GC(166)     Dead                           Min: 0, Avg:  0.0, Max: 0, Diff: 0, Sum: 0, Workers: 4
[2499.860s][debug][gc,phases      ] GC(166)     Total                          Min: 0, Avg: 11.2, Max: 45, Diff: 45, Sum: 45, Workers: 4
[2499.860s][debug][gc,phases      ] GC(166)   StringDedup Table Weak         Min:  0.0, Avg:  0.0, Max:  0.0, Diff:  0.0, Sum:  0.0, Workers: 4
[2499.860s][debug][gc,phases      ] GC(166)     Dead                           Min: 0, Avg:  0.0, Max: 0, Diff: 0, Sum: 0, Workers: 4
[2499.860s][debug][gc,phases      ] GC(166)     Total                          Min: 0, Avg:  0.0, Max: 0, Diff: 0, Sum: 0, Workers: 4
[2499.860s][debug][gc,phases      ] GC(166)   StringDedup Requests0 Weak     Min:  0.0, Avg:  0.0, Max:  0.0, Diff:  0.0, Sum:  0.0, Workers: 4
[2499.860s][debug][gc,phases      ] GC(166)     Dead                           Min: 0, Avg:  0.0, Max: 0, Diff: 0, Sum: 0, Workers: 4
[2499.860s][debug][gc,phases      ] GC(166)     Total                          Min: 0, Avg:  0.0, Max: 0, Diff: 0, Sum: 0, Workers: 4
[2499.860s][debug][gc,phases      ] GC(166)   StringDedup Requests1 Weak     Min:  0.0, Avg:  0.0, Max:  0.0, Diff:  0.0, Sum:  0.0, Workers: 4
[2499.860s][debug][gc,phases      ] GC(166)     Dead                           Min: 0, Avg:  0.0, Max: 0, Diff: 0, Sum: 0, Workers: 4
[2499.860s][debug][gc,phases      ] GC(166)     Total                          Min: 0, Avg:  0.0, Max: 0, Diff: 0, Sum: 0, Workers: 4
[2499.860s][debug][gc,phases      ] GC(166)   Weak JFR Old Object Samples    Min:  0.0, Avg:  0.0, Max:  0.0, Diff:  0.0, Sum:  0.0, Workers: 4
[2499.860s][debug][gc,phases      ] GC(166)     Dead                           Min: 0, Avg:  0.0, Max: 0, Diff: 0, Sum: 0, Workers: 4
[2499.860s][debug][gc,phases      ] GC(166)     Total                          Min: 0, Avg:  0.0, Max: 0, Diff: 0, Sum: 0, Workers: 4
[2499.860s][debug][gc,phases      ] GC(166) Weak Processing 0.336ms
[2499.860s][debug][gc,age         ] GC(166) Desired survivor size 3145728 bytes, new threshold 15 (max threshold 15)
[2499.860s][info ][gc,heap        ] GC(166) PSYoungGen: 2092448K(2094080K)->1488K(2094080K) Eden: 2091008K(2091008K)->0K(2091008K) From: 1440K(3072K)->1488K(3072K)
[2499.860s][info ][gc,heap        ] GC(166) ParOldGen: 368357K(458752K)->368373K(458752K)
[2499.860s][info ][gc,metaspace   ] GC(166) Metaspace: 82943K(83968K)->82943K(83968K) NonClass: 71051K(71616K)->71051K(71616K) Class: 11891K(12352K)->11891K(12352K)
[2499.860s][info ][gc             ] GC(166) Pause Young (GCLocker Initiated GC) 2403M->361M(2493M) 5.258ms
[2499.860s][info ][gc,cpu         ] GC(166) User=0.02s Sys=0.01s Real=0.00s
[2499.860s][info ][safepoint      ] Safepoint "ParallelGCSystemGC", Time since last: 93600 ns, Reaching safepoint: 3148087 ns, At safepoint: 5323179 ns, Total: 8471266 ns
[2505.861s][info ][safepoint      ] Safepoint "Cleanup", Time since last: 6000329669 ns, Reaching safepoint: 42799 ns, At safepoint: 2900 ns, Total: 45699 ns
[2515.795s][info ][gc,start       ] GC(167) Pause Young (Allocation Failure)
[2515.800s][debug][gc,phases      ] GC(167) Scavenge 4.989ms
[2515.800s][debug][gc,ref         ] GC(167) Skipped phase 1 of Reference Processing: no references
[2515.800s][debug][gc,ref         ] GC(167) ReferenceProcessor::execute queues: 1, RefProcThreadModel::Single, marks_oops_alive: false
[2515.801s][debug][gc,ref         ] GC(167) Skipped phase 3 of Reference Processing: no references
[2515.801s][debug][gc,ref         ] GC(167) Skipped phase 4 of Reference Processing: no references
[2515.801s][debug][gc,phases      ] GC(167) Reference Processing 0.127ms
[2515.801s][debug][gc,phases      ] GC(167)   VM Weak                        Min:  0.0, Avg:  0.0, Max:  0.0, Diff:  0.0, Sum:  0.0, Workers: 4
[2515.801s][debug][gc,phases      ] GC(167)     Dead                           Min: 0, Avg:  0.0, Max: 0, Diff: 0, Sum: 0, Workers: 4
[2515.801s][debug][gc,phases      ] GC(167)     Total                          Min: 0, Avg: 211.8, Max: 512, Diff: 512, Sum: 847, Workers: 4
[2515.801s][debug][gc,phases      ] GC(167)   ObjectSynchronizer Weak        Min:  0.0, Avg:  0.0, Max:  0.0, Diff:  0.0, Sum:  0.0, Workers: 4
[2515.801s][debug][gc,phases      ] GC(167)     Dead                           Min: 0, Avg:  0.0, Max: 0, Diff: 0, Sum: 0, Workers: 4
[2515.801s][debug][gc,phases      ] GC(167)     Total                          Min: 0, Avg: 14.8, Max: 59, Diff: 59, Sum: 59, Workers: 4
[2515.801s][debug][gc,phases      ] GC(167)   JVMTI Tag Weak OopStorage      Min:  0.0, Avg:  0.0, Max:  0.0, Diff:  0.0, Sum:  0.0, Workers: 4
[2515.801s][debug][gc,phases      ] GC(167)     Dead                           Min: 0, Avg:  0.0, Max: 0, Diff: 0, Sum: 0, Workers: 4
[2515.801s][debug][gc,phases      ] GC(167)     Total                          Min: 0, Avg:  0.0, Max: 0, Diff: 0, Sum: 0, Workers: 4
[2515.801s][debug][gc,phases      ] GC(167)   StringTable Weak               Min:  0.0, Avg:  0.1, Max:  0.1, Diff:  0.1, Sum:  0.4, Workers: 4
[2515.801s][debug][gc,phases      ] GC(167)     Dead                           Min: 0, Avg:  0.0, Max: 0, Diff: 0, Sum: 0, Workers: 4
[2515.801s][debug][gc,phases      ] GC(167)     Total                          Min: 0, Avg: 11048.5, Max: 14946, Diff: 14946, Sum: 44194, Workers: 4
[2515.801s][debug][gc,phases      ] GC(167)   ResolvedMethodTable Weak       Min:  0.0, Avg:  0.0, Max:  0.0, Diff:  0.0, Sum:  0.1, Workers: 4
[2515.801s][debug][gc,phases      ] GC(167)     Dead                           Min: 0, Avg:  0.0, Max: 0, Diff: 0, Sum: 0, Workers: 4
[2515.801s][debug][gc,phases      ] GC(167)     Total                          Min: 0, Avg: 2438.8, Max: 3675, Diff: 3675, Sum: 9755, Workers: 4
[2515.801s][debug][gc,phases      ] GC(167)   JNI Weak                       Min:  0.0, Avg:  0.0, Max:  0.0, Diff:  0.0, Sum:  0.0, Workers: 4
[2515.801s][debug][gc,phases      ] GC(167)     Dead                           Min: 0, Avg:  0.0, Max: 0, Diff: 0, Sum: 0, Workers: 4
[2515.801s][debug][gc,phases      ] GC(167)     Total                          Min: 0, Avg: 11.2, Max: 45, Diff: 45, Sum: 45, Workers: 4
[2515.801s][debug][gc,phases      ] GC(167)   StringDedup Table Weak         Min:  0.0, Avg:  0.0, Max:  0.0, Diff:  0.0, Sum:  0.0, Workers: 4
[2515.801s][debug][gc,phases      ] GC(167)     Dead                           Min: 0, Avg:  0.0, Max: 0, Diff: 0, Sum: 0, Workers: 4
[2515.801s][debug][gc,phases      ] GC(167)     Total                          Min: 0, Avg:  0.0, Max: 0, Diff: 0, Sum: 0, Workers: 4
[2515.801s][debug][gc,phases      ] GC(167)   StringDedup Requests0 Weak     Min:  0.0, Avg:  0.0, Max:  0.0, Diff:  0.0, Sum:  0.0, Workers: 4
[2515.801s][debug][gc,phases      ] GC(167)     Dead                           Min: 0, Avg:  0.0, Max: 0, Diff: 0, Sum: 0, Workers: 4
[2515.801s][debug][gc,phases      ] GC(167)     Total                          Min: 0, Avg:  0.0, Max: 0, Diff: 0, Sum: 0, Workers: 4
[2515.801s][debug][gc,phases      ] GC(167)   StringDedup Requests1 Weak     Min:  0.0, Avg:  0.0, Max:  0.0, Diff:  0.0, Sum:  0.0, Workers: 4
[2515.801s][debug][gc,phases      ] GC(167)     Dead                           Min: 0, Avg:  0.0, Max: 0, Diff: 0, Sum: 0, Workers: 4
[2515.801s][debug][gc,phases      ] GC(167)     Total                          Min: 0, Avg:  0.0, Max: 0, Diff: 0, Sum: 0, Workers: 4
[2515.801s][debug][gc,phases      ] GC(167)   Weak JFR Old Object Samples    Min:  0.0, Avg:  0.0, Max:  0.0, Diff:  0.0, Sum:  0.0, Workers: 4
[2515.801s][debug][gc,phases      ] GC(167)     Dead                           Min: 0, Avg:  0.0, Max: 0, Diff: 0, Sum: 0, Workers: 4
[2515.801s][debug][gc,phases      ] GC(167)     Total                          Min: 0, Avg:  0.0, Max: 0, Diff: 0, Sum: 0, Workers: 4
[2515.801s][debug][gc,phases      ] GC(167) Weak Processing 0.351ms
[2515.801s][debug][gc,age         ] GC(167) Desired survivor size 2621440 bytes, new threshold 15 (max threshold 15)
[2515.801s][info ][gc,heap        ] GC(167) PSYoungGen: 2092496K(2094080K)->1440K(2094592K) Eden: 2091008K(2091008K)->0K(2091520K) From: 1488K(3072K)->1440K(3072K)
[2515.801s][info ][gc,heap        ] GC(167) ParOldGen: 368375K(458752K)->368399K(458752K)
[2515.801s][info ][gc,metaspace   ] GC(167) Metaspace: 82944K(83968K)->82944K(83968K) NonClass: 71053K(71616K)->71053K(71616K) Class: 11891K(12352K)->11891K(12352K)
[2515.801s][info ][gc             ] GC(167) Pause Young (Allocation Failure) 2403M->361M(2493M) 5.577ms
[2515.801s][info ][gc,cpu         ] GC(167) User=0.01s Sys=0.00s Real=0.00s
[2515.801s][info ][safepoint      ] Safepoint "ParallelGCFailedAllocation", Time since last: 9934556266 ns, Reaching safepoint: 36800 ns, At safepoint: 5668177 ns, Total: 5704977 ns
[2517.801s][info ][safepoint      ] Safepoint "Cleanup", Time since last: 2000158674 ns, Reaching safepoint: 39199 ns, At safepoint: 2900 ns, Total: 42099 ns
[2520.801s][info ][safepoint      ] Safepoint "Cleanup", Time since last: 3000252210 ns, Reaching safepoint: 40700 ns, At safepoint: 2800 ns, Total: 43500 ns
[2526.802s][info ][safepoint      ] Safepoint "Cleanup", Time since last: 6000432491 ns, Reaching safepoint: 45100 ns, At safepoint: 3800 ns, Total: 48900 ns
[2536.803s][info ][safepoint      ] Safepoint "Cleanup", Time since last: 10000711694 ns, Reaching safepoint: 46000 ns, At safepoint: 5000 ns, Total: 51000 ns
[2538.803s][info ][safepoint      ] Safepoint "Cleanup", Time since last: 2000171158 ns, Reaching safepoint: 38600 ns, At safepoint: 3300 ns, Total: 41900 ns
[2539.493s][info ][gc,start       ] GC(168) Pause Young (Allocation Failure)
[2539.500s][debug][gc,phases      ] GC(168) Scavenge 7.550ms
[2539.500s][debug][gc,ref         ] GC(168) Skipped phase 1 of Reference Processing: no references
[2539.500s][debug][gc,ref         ] GC(168) ReferenceProcessor::execute queues: 1, RefProcThreadModel::Single, marks_oops_alive: false
[2539.500s][debug][gc,ref         ] GC(168) ReferenceProcessor::execute queues: 4, RefProcThreadModel::Multi, marks_oops_alive: true
[2539.501s][debug][gc,ref         ] GC(168) ReferenceProcessor::execute queues: 1, RefProcThreadModel::Single, marks_oops_alive: false
[2539.501s][debug][gc,phases      ] GC(168) Reference Processing 0.358ms
[2539.501s][debug][gc,phases      ] GC(168)   VM Weak                        Min:  0.0, Avg:  0.0, Max:  0.0, Diff:  0.0, Sum:  0.0, Workers: 4
[2539.501s][debug][gc,phases      ] GC(168)     Dead                           Min: 0, Avg:  0.0, Max: 0, Diff: 0, Sum: 0, Workers: 4
[2539.501s][debug][gc,phases      ] GC(168)     Total                          Min: 0, Avg: 211.8, Max: 463, Diff: 463, Sum: 847, Workers: 4
[2539.501s][debug][gc,phases      ] GC(168)   ObjectSynchronizer Weak        Min:  0.0, Avg:  0.0, Max:  0.0, Diff:  0.0, Sum:  0.0, Workers: 4
[2539.501s][debug][gc,phases      ] GC(168)     Dead                           Min: 0, Avg:  0.0, Max: 0, Diff: 0, Sum: 0, Workers: 4
[2539.501s][debug][gc,phases      ] GC(168)     Total                          Min: 0, Avg: 14.8, Max: 59, Diff: 59, Sum: 59, Workers: 4
[2539.501s][debug][gc,phases      ] GC(168)   JVMTI Tag Weak OopStorage      Min:  0.0, Avg:  0.0, Max:  0.0, Diff:  0.0, Sum:  0.0, Workers: 4
[2539.501s][debug][gc,phases      ] GC(168)     Dead                           Min: 0, Avg:  0.0, Max: 0, Diff: 0, Sum: 0, Workers: 4
[2539.501s][debug][gc,phases      ] GC(168)     Total                          Min: 0, Avg:  0.0, Max: 0, Diff: 0, Sum: 0, Workers: 4
[2539.501s][debug][gc,phases      ] GC(168)   StringTable Weak               Min:  0.0, Avg:  0.1, Max:  0.2, Diff:  0.2, Sum:  0.3, Workers: 4
[2539.501s][debug][gc,phases      ] GC(168)     Dead                           Min: 0, Avg:  0.0, Max: 0, Diff: 0, Sum: 0, Workers: 4
[2539.501s][debug][gc,phases      ] GC(168)     Total                          Min: 0, Avg: 11048.8, Max: 27200, Diff: 27200, Sum: 44195, Workers: 4
[2539.501s][debug][gc,phases      ] GC(168)   ResolvedMethodTable Weak       Min:  0.0, Avg:  0.0, Max:  0.0, Diff:  0.0, Sum:  0.1, Workers: 4
[2539.501s][debug][gc,phases      ] GC(168)     Dead                           Min: 0, Avg:  0.2, Max: 1, Diff: 1, Sum: 1, Workers: 4
[2539.501s][debug][gc,phases      ] GC(168)     Total                          Min: 0, Avg: 2438.8, Max: 5915, Diff: 5915, Sum: 9755, Workers: 4
[2539.501s][debug][gc,phases      ] GC(168)   JNI Weak                       Min:  0.0, Avg:  0.0, Max:  0.0, Diff:  0.0, Sum:  0.0, Workers: 4
[2539.501s][debug][gc,phases      ] GC(168)     Dead                           Min: 0, Avg:  0.0, Max: 0, Diff: 0, Sum: 0, Workers: 4
[2539.501s][debug][gc,phases      ] GC(168)     Total                          Min: 0, Avg: 11.2, Max: 45, Diff: 45, Sum: 45, Workers: 4
[2539.501s][debug][gc,phases      ] GC(168)   StringDedup Table Weak         Min:  0.0, Avg:  0.0, Max:  0.0, Diff:  0.0, Sum:  0.0, Workers: 4
[2539.501s][debug][gc,phases      ] GC(168)     Dead                           Min: 0, Avg:  0.0, Max: 0, Diff: 0, Sum: 0, Workers: 4
[2539.501s][debug][gc,phases      ] GC(168)     Total                          Min: 0, Avg:  0.0, Max: 0, Diff: 0, Sum: 0, Workers: 4
[2539.501s][debug][gc,phases      ] GC(168)   StringDedup Requests0 Weak     Min:  0.0, Avg:  0.0, Max:  0.0, Diff:  0.0, Sum:  0.0, Workers: 4
[2539.501s][debug][gc,phases      ] GC(168)     Dead                           Min: 0, Avg:  0.0, Max: 0, Diff: 0, Sum: 0, Workers: 4
[2539.501s][debug][gc,phases      ] GC(168)     Total                          Min: 0, Avg:  0.0, Max: 0, Diff: 0, Sum: 0, Workers: 4
[2539.501s][debug][gc,phases      ] GC(168)   StringDedup Requests1 Weak     Min:  0.0, Avg:  0.0, Max:  0.0, Diff:  0.0, Sum:  0.0, Workers: 4
[2539.501s][debug][gc,phases      ] GC(168)     Dead                           Min: 0, Avg:  0.0, Max: 0, Diff: 0, Sum: 0, Workers: 4
[2539.501s][debug][gc,phases      ] GC(168)     Total                          Min: 0, Avg:  0.0, Max: 0, Diff: 0, Sum: 0, Workers: 4
[2539.501s][debug][gc,phases      ] GC(168)   Weak JFR Old Object Samples    Min:  0.0, Avg:  0.0, Max:  0.0, Diff:  0.0, Sum:  0.0, Workers: 4
[2539.501s][debug][gc,phases      ] GC(168)     Dead                           Min: 0, Avg:  0.0, Max: 0, Diff: 0, Sum: 0, Workers: 4
[2539.501s][debug][gc,phases      ] GC(168)     Total                          Min: 0, Avg:  0.0, Max: 0, Diff: 0, Sum: 0, Workers: 4
[2539.501s][debug][gc,phases      ] GC(168) Weak Processing 0.367ms
[2539.501s][debug][gc,age         ] GC(168) Desired survivor size 3145728 bytes, new threshold 15 (max threshold 15)
[2539.501s][info ][gc,heap        ] GC(168) PSYoungGen: 2092960K(2094592K)->2016K(2094080K) Eden: 2091520K(2091520K)->0K(2091520K) From: 1440K(3072K)->2016K(2560K)
[2539.501s][info ][gc,heap        ] GC(168) ParOldGen: 368399K(458752K)->368423K(458752K)
[2539.501s][info ][gc,metaspace   ] GC(168) Metaspace: 82954K(83968K)->82954K(83968K) NonClass: 71063K(71616K)->71063K(71616K) Class: 11891K(12352K)->11891K(12352K)
[2539.501s][info ][gc             ] GC(168) Pause Young (Allocation Failure) 2403M->361M(2493M) 8.402ms
[2539.501s][info ][gc,cpu         ] GC(168) User=0.02s Sys=0.00s Real=0.01s
[2539.501s][info ][safepoint      ] Safepoint "ParallelGCFailedAllocation", Time since last: 689580792 ns, Reaching safepoint: 105699 ns, At safepoint: 8479766 ns, Total: 8585465 ns
[2543.501s][info ][safepoint      ] Safepoint "Cleanup", Time since last: 4000284110 ns, Reaching safepoint: 42700 ns, At safepoint: 2600 ns, Total: 45300 ns
[2544.502s][info ][safepoint      ] Safepoint "Cleanup", Time since last: 1000101928 ns, Reaching safepoint: 114099 ns, At safepoint: 4300 ns, Total: 118399 ns
[2546.502s][info ][safepoint      ] Safepoint "Cleanup", Time since last: 2000183756 ns, Reaching safepoint: 55099 ns, At safepoint: 2900 ns, Total: 57999 ns
[2549.502s][info ][safepoint      ] Safepoint "Cleanup", Time since last: 3000226685 ns, Reaching safepoint: 46700 ns, At safepoint: 2500 ns, Total: 49200 ns
[2550.502s][info ][safepoint      ] Safepoint "Cleanup", Time since last: 1000119028 ns, Reaching safepoint: 43800 ns, At safepoint: 3200 ns, Total: 47000 ns
[2551.503s][info ][safepoint      ] Safepoint "Cleanup", Time since last: 1000113328 ns, Reaching safepoint: 103299 ns, At safepoint: 5300 ns, Total: 108599 ns
[2552.904s][info ][safepoint      ] Safepoint "Cleanup", Time since last: 1401871793 ns, Reaching safepoint: 67899 ns, At safepoint: 9800 ns, Total: 77699 ns
[2553.905s][info ][safepoint      ] Safepoint "Cleanup", Time since last: 1000111528 ns, Reaching safepoint: 101000 ns, At safepoint: 2900 ns, Total: 103900 ns
[2555.905s][info ][safepoint      ] Safepoint "Cleanup", Time since last: 2000127133 ns, Reaching safepoint: 35100 ns, At safepoint: 2400 ns, Total: 37500 ns
[2556.947s][info ][gc,start       ] GC(169) Pause Young (Allocation Failure)
[2556.953s][debug][gc,phases      ] GC(169) Scavenge 6.328ms
[2556.953s][debug][gc,ref         ] GC(169) Skipped phase 1 of Reference Processing: no references
[2556.953s][debug][gc,ref         ] GC(169) ReferenceProcessor::execute queues: 1, RefProcThreadModel::Single, marks_oops_alive: false
[2556.953s][debug][gc,ref         ] GC(169) ReferenceProcessor::execute queues: 4, RefProcThreadModel::Multi, marks_oops_alive: true
[2556.953s][debug][gc,ref         ] GC(169) ReferenceProcessor::execute queues: 1, RefProcThreadModel::Single, marks_oops_alive: false
[2556.953s][debug][gc,phases      ] GC(169) Reference Processing 0.168ms
[2556.953s][debug][gc,phases      ] GC(169)   VM Weak                        Min:  0.0, Avg:  0.0, Max:  0.0, Diff:  0.0, Sum:  0.0, Workers: 4
[2556.953s][debug][gc,phases      ] GC(169)     Dead                           Min: 0, Avg:  0.0, Max: 0, Diff: 0, Sum: 0, Workers: 4
[2556.953s][debug][gc,phases      ] GC(169)     Total                          Min: 0, Avg: 211.8, Max: 847, Diff: 847, Sum: 847, Workers: 4
[2556.953s][debug][gc,phases      ] GC(169)   ObjectSynchronizer Weak        Min:  0.0, Avg:  0.0, Max:  0.0, Diff:  0.0, Sum:  0.0, Workers: 4
[2556.953s][debug][gc,phases      ] GC(169)     Dead                           Min: 0, Avg:  0.0, Max: 0, Diff: 0, Sum: 0, Workers: 4
[2556.953s][debug][gc,phases      ] GC(169)     Total                          Min: 0, Avg: 14.8, Max: 59, Diff: 59, Sum: 59, Workers: 4
[2556.953s][debug][gc,phases      ] GC(169)   JVMTI Tag Weak OopStorage      Min:  0.0, Avg:  0.0, Max:  0.0, Diff:  0.0, Sum:  0.0, Workers: 4
[2556.953s][debug][gc,phases      ] GC(169)     Dead                           Min: 0, Avg:  0.0, Max: 0, Diff: 0, Sum: 0, Workers: 4
[2556.953s][debug][gc,phases      ] GC(169)     Total                          Min: 0, Avg:  0.0, Max: 0, Diff: 0, Sum: 0, Workers: 4
[2556.953s][debug][gc,phases      ] GC(169)   StringTable Weak               Min:  0.0, Avg:  0.1, Max:  0.2, Diff:  0.2, Sum:  0.3, Workers: 4
[2556.953s][debug][gc,phases      ] GC(169)     Dead                           Min: 0, Avg:  0.8, Max: 2, Diff: 2, Sum: 3, Workers: 4
[2556.953s][debug][gc,phases      ] GC(169)     Total                          Min: 0, Avg: 11065.0, Max: 25792, Diff: 25792, Sum: 44260, Workers: 4
[2556.953s][debug][gc,phases      ] GC(169)   ResolvedMethodTable Weak       Min:  0.0, Avg:  0.0, Max:  0.0, Diff:  0.0, Sum:  0.1, Workers: 4
[2556.953s][debug][gc,phases      ] GC(169)     Dead                           Min: 0, Avg:  4.2, Max: 17, Diff: 17, Sum: 17, Workers: 4
[2556.953s][debug][gc,phases      ] GC(169)     Total                          Min: 0, Avg: 2447.2, Max: 5631, Diff: 5631, Sum: 9789, Workers: 4
[2556.953s][debug][gc,phases      ] GC(169)   JNI Weak                       Min:  0.0, Avg:  0.0, Max:  0.0, Diff:  0.0, Sum:  0.0, Workers: 4
[2556.953s][debug][gc,phases      ] GC(169)     Dead                           Min: 0, Avg:  0.0, Max: 0, Diff: 0, Sum: 0, Workers: 4
[2556.953s][debug][gc,phases      ] GC(169)     Total                          Min: 0, Avg: 11.2, Max: 45, Diff: 45, Sum: 45, Workers: 4
[2556.953s][debug][gc,phases      ] GC(169)   StringDedup Table Weak         Min:  0.0, Avg:  0.0, Max:  0.0, Diff:  0.0, Sum:  0.0, Workers: 4
[2556.953s][debug][gc,phases      ] GC(169)     Dead                           Min: 0, Avg:  0.0, Max: 0, Diff: 0, Sum: 0, Workers: 4
[2556.953s][debug][gc,phases      ] GC(169)     Total                          Min: 0, Avg:  0.0, Max: 0, Diff: 0, Sum: 0, Workers: 4
[2556.953s][debug][gc,phases      ] GC(169)   StringDedup Requests0 Weak     Min:  0.0, Avg:  0.0, Max:  0.0, Diff:  0.0, Sum:  0.0, Workers: 4
[2556.953s][debug][gc,phases      ] GC(169)     Dead                           Min: 0, Avg:  0.0, Max: 0, Diff: 0, Sum: 0, Workers: 4
[2556.953s][debug][gc,phases      ] GC(169)     Total                          Min: 0, Avg:  0.0, Max: 0, Diff: 0, Sum: 0, Workers: 4
[2556.953s][debug][gc,phases      ] GC(169)   StringDedup Requests1 Weak     Min:  0.0, Avg:  0.0, Max:  0.0, Diff:  0.0, Sum:  0.0, Workers: 4
[2556.953s][debug][gc,phases      ] GC(169)     Dead                           Min: 0, Avg:  0.0, Max: 0, Diff: 0, Sum: 0, Workers: 4
[2556.953s][debug][gc,phases      ] GC(169)     Total                          Min: 0, Avg:  0.0, Max: 0, Diff: 0, Sum: 0, Workers: 4
[2556.953s][debug][gc,phases      ] GC(169)   Weak JFR Old Object Samples    Min:  0.0, Avg:  0.0, Max:  0.0, Diff:  0.0, Sum:  0.0, Workers: 4
[2556.953s][debug][gc,phases      ] GC(169)     Dead                           Min: 0, Avg:  0.0, Max: 0, Diff: 0, Sum: 0, Workers: 4
[2556.953s][debug][gc,phases      ] GC(169)     Total                          Min: 0, Avg:  0.0, Max: 0, Diff: 0, Sum: 0, Workers: 4
[2556.953s][debug][gc,phases      ] GC(169) Weak Processing 0.351ms
[2556.953s][debug][gc,age         ] GC(169) Desired survivor size 3145728 bytes, new threshold 15 (max threshold 15)
[2556.953s][info ][gc,heap        ] GC(169) PSYoungGen: 2093536K(2094080K)->2144K(2094080K) Eden: 2091520K(2091520K)->0K(2091008K) From: 2016K(2560K)->2144K(3072K)
[2556.953s][info ][gc,heap        ] GC(169) ParOldGen: 368423K(458752K)->368447K(458752K)
[2556.953s][info ][gc,metaspace   ] GC(169) Metaspace: 83078K(84096K)->83078K(84096K) NonClass: 71165K(71744K)->71165K(71744K) Class: 11912K(12352K)->11912K(12352K)
[2556.953s][info ][gc             ] GC(169) Pause Young (Allocation Failure) 2404M->361M(2493M) 6.954ms
[2556.953s][info ][gc,cpu         ] GC(169) User=0.02s Sys=0.00s Real=0.00s
[2556.954s][info ][safepoint      ] Safepoint "ParallelGCFailedAllocation", Time since last: 1041589742 ns, Reaching safepoint: 39200 ns, At safepoint: 7017271 ns, Total: 7056471 ns
[2557.954s][info ][safepoint      ] Safepoint "Cleanup", Time since last: 1000085512 ns, Reaching safepoint: 61499 ns, At safepoint: 2500 ns, Total: 63999 ns
[2558.954s][info ][safepoint      ] Safepoint "Cleanup", Time since last: 1000102712 ns, Reaching safepoint: 47400 ns, At safepoint: 2600 ns, Total: 50000 ns
[2560.954s][info ][safepoint      ] Safepoint "Cleanup", Time since last: 2000153823 ns, Reaching safepoint: 37900 ns, At safepoint: 2500 ns, Total: 40400 ns
[2561.954s][info ][safepoint      ] Safepoint "Cleanup", Time since last: 1000084812 ns, Reaching safepoint: 46600 ns, At safepoint: 2700 ns, Total: 49300 ns
[2562.954s][info ][safepoint      ] Safepoint "Cleanup", Time since last: 1000110915 ns, Reaching safepoint: 45099 ns, At safepoint: 2800 ns, Total: 47899 ns
[2563.954s][info ][safepoint      ] Safepoint "Cleanup", Time since last: 1000106719 ns, Reaching safepoint: 71700 ns, At safepoint: 3600 ns, Total: 75300 ns
[2564.955s][info ][safepoint      ] Safepoint "Cleanup", Time since last: 1000086818 ns, Reaching safepoint: 50400 ns, At safepoint: 4800 ns, Total: 55200 ns
[2565.955s][info ][safepoint      ] Safepoint "Cleanup", Time since last: 1000099119 ns, Reaching safepoint: 36200 ns, At safepoint: 4000 ns, Total: 40200 ns
[2566.955s][info ][safepoint      ] Safepoint "Cleanup", Time since last: 1000107018 ns, Reaching safepoint: 43000 ns, At safepoint: 2900 ns, Total: 45900 ns
[2568.955s][info ][safepoint      ] Safepoint "Cleanup", Time since last: 2000169638 ns, Reaching safepoint: 36499 ns, At safepoint: 3100 ns, Total: 39599 ns
[2570.955s][info ][safepoint      ] Safepoint "Cleanup", Time since last: 2000163339 ns, Reaching safepoint: 42500 ns, At safepoint: 2800 ns, Total: 45300 ns
[2572.956s][info ][safepoint      ] Safepoint "Cleanup", Time since last: 2000174943 ns, Reaching safepoint: 45100 ns, At safepoint: 3500 ns, Total: 48600 ns
[2573.197s][info ][gc,start       ] GC(170) Pause Young (Allocation Failure)
[2573.204s][debug][gc,phases      ] GC(170) Scavenge 6.448ms
[2573.204s][debug][gc,ref         ] GC(170) Skipped phase 1 of Reference Processing: no references
[2573.204s][debug][gc,ref         ] GC(170) ReferenceProcessor::execute queues: 1, RefProcThreadModel::Single, marks_oops_alive: false
[2573.204s][debug][gc,ref         ] GC(170) Skipped phase 3 of Reference Processing: no references
[2573.204s][debug][gc,ref         ] GC(170) ReferenceProcessor::execute queues: 1, RefProcThreadModel::Single, marks_oops_alive: false
[2573.204s][debug][gc,phases      ] GC(170) Reference Processing 0.126ms
[2573.204s][debug][gc,phases      ] GC(170)   VM Weak                        Min:  0.0, Avg:  0.0, Max:  0.0, Diff:  0.0, Sum:  0.0, Workers: 4
[2573.204s][debug][gc,phases      ] GC(170)     Dead                           Min: 0, Avg:  0.0, Max: 0, Diff: 0, Sum: 0, Workers: 4
[2573.204s][debug][gc,phases      ] GC(170)     Total                          Min: 0, Avg: 211.8, Max: 463, Diff: 463, Sum: 847, Workers: 4
[2573.204s][debug][gc,phases      ] GC(170)   ObjectSynchronizer Weak        Min:  0.0, Avg:  0.0, Max:  0.0, Diff:  0.0, Sum:  0.0, Workers: 4
[2573.204s][debug][gc,phases      ] GC(170)     Dead                           Min: 0, Avg:  0.0, Max: 0, Diff: 0, Sum: 0, Workers: 4
[2573.204s][debug][gc,phases      ] GC(170)     Total                          Min: 0, Avg: 14.8, Max: 59, Diff: 59, Sum: 59, Workers: 4
[2573.204s][debug][gc,phases      ] GC(170)   JVMTI Tag Weak OopStorage      Min:  0.0, Avg:  0.0, Max:  0.0, Diff:  0.0, Sum:  0.0, Workers: 4
[2573.204s][debug][gc,phases      ] GC(170)     Dead                           Min: 0, Avg:  0.0, Max: 0, Diff: 0, Sum: 0, Workers: 4
[2573.204s][debug][gc,phases      ] GC(170)     Total                          Min: 0, Avg:  0.0, Max: 0, Diff: 0, Sum: 0, Workers: 4
[2573.204s][debug][gc,phases      ] GC(170)   StringTable Weak               Min:  0.0, Avg:  0.1, Max:  0.2, Diff:  0.2, Sum:  0.4, Workers: 4
[2573.204s][debug][gc,phases      ] GC(170)     Dead                           Min: 0, Avg:  0.2, Max: 1, Diff: 1, Sum: 1, Workers: 4
[2573.204s][debug][gc,phases      ] GC(170)     Total                          Min: 0, Avg: 11203.2, Max: 22477, Diff: 22477, Sum: 44813, Workers: 4
[2573.204s][debug][gc,phases      ] GC(170)   ResolvedMethodTable Weak       Min:  0.0, Avg:  0.0, Max:  0.0, Diff:  0.0, Sum:  0.1, Workers: 4
[2573.204s][debug][gc,phases      ] GC(170)     Dead                           Min: 0, Avg:  0.0, Max: 0, Diff: 0, Sum: 0, Workers: 4
[2573.204s][debug][gc,phases      ] GC(170)     Total                          Min: 0, Avg: 2447.2, Max: 4926, Diff: 4926, Sum: 9789, Workers: 4
[2573.204s][debug][gc,phases      ] GC(170)   JNI Weak                       Min:  0.0, Avg:  0.0, Max:  0.0, Diff:  0.0, Sum:  0.0, Workers: 4
[2573.204s][debug][gc,phases      ] GC(170)     Dead                           Min: 0, Avg:  0.0, Max: 0, Diff: 0, Sum: 0, Workers: 4
[2573.204s][debug][gc,phases      ] GC(170)     Total                          Min: 0, Avg: 11.2, Max: 45, Diff: 45, Sum: 45, Workers: 4
[2573.204s][debug][gc,phases      ] GC(170)   StringDedup Table Weak         Min:  0.0, Avg:  0.0, Max:  0.0, Diff:  0.0, Sum:  0.0, Workers: 4
[2573.204s][debug][gc,phases      ] GC(170)     Dead                           Min: 0, Avg:  0.0, Max: 0, Diff: 0, Sum: 0, Workers: 4
[2573.204s][debug][gc,phases      ] GC(170)     Total                          Min: 0, Avg:  0.0, Max: 0, Diff: 0, Sum: 0, Workers: 4
[2573.204s][debug][gc,phases      ] GC(170)   StringDedup Requests0 Weak     Min:  0.0, Avg:  0.0, Max:  0.0, Diff:  0.0, Sum:  0.0, Workers: 4
[2573.204s][debug][gc,phases      ] GC(170)     Dead                           Min: 0, Avg:  0.0, Max: 0, Diff: 0, Sum: 0, Workers: 4
[2573.204s][debug][gc,phases      ] GC(170)     Total                          Min: 0, Avg:  0.0, Max: 0, Diff: 0, Sum: 0, Workers: 4
[2573.204s][debug][gc,phases      ] GC(170)   StringDedup Requests1 Weak     Min:  0.0, Avg:  0.0, Max:  0.0, Diff:  0.0, Sum:  0.0, Workers: 4
[2573.204s][debug][gc,phases      ] GC(170)     Dead                           Min: 0, Avg:  0.0, Max: 0, Diff: 0, Sum: 0, Workers: 4
[2573.204s][debug][gc,phases      ] GC(170)     Total                          Min: 0, Avg:  0.0, Max: 0, Diff: 0, Sum: 0, Workers: 4
[2573.204s][debug][gc,phases      ] GC(170)   Weak JFR Old Object Samples    Min:  0.0, Avg:  0.0, Max:  0.0, Diff:  0.0, Sum:  0.0, Workers: 4
[2573.204s][debug][gc,phases      ] GC(170)     Dead                           Min: 0, Avg:  0.0, Max: 0, Diff: 0, Sum: 0, Workers: 4
[2573.204s][debug][gc,phases      ] GC(170)     Total                          Min: 0, Avg:  0.0, Max: 0, Diff: 0, Sum: 0, Workers: 4
[2573.205s][debug][gc,phases      ] GC(170) Weak Processing 0.525ms
[2573.205s][debug][gc,age         ] GC(170) Desired survivor size 3145728 bytes, new threshold 15 (max threshold 15)
[2573.205s][info ][gc,heap        ] GC(170) PSYoungGen: 2093152K(2094080K)->2208K(2094080K) Eden: 2091008K(2091008K)->0K(2091008K) From: 2144K(3072K)->2208K(3072K)
[2573.205s][info ][gc,heap        ] GC(170) ParOldGen: 368447K(458752K)->368455K(458752K)
[2573.205s][info ][gc,metaspace   ] GC(170) Metaspace: 83170K(84160K)->83170K(84160K) NonClass: 71248K(71808K)->71248K(71808K) Class: 11922K(12352K)->11922K(12352K)
[2573.205s][info ][gc             ] GC(170) Pause Young (Allocation Failure) 2403M->361M(2493M) 7.266ms
[2573.205s][info ][gc,cpu         ] GC(170) User=0.02s Sys=0.00s Real=0.00s
[2573.205s][info ][safepoint      ] Safepoint "ParallelGCFailedAllocation", Time since last: 241582715 ns, Reaching safepoint: 111800 ns, At safepoint: 7362370 ns, Total: 7474170 ns
[2575.205s][info ][safepoint      ] Safepoint "Cleanup", Time since last: 2000161043 ns, Reaching safepoint: 76400 ns, At safepoint: 2800 ns, Total: 79200 ns
[2576.205s][info ][safepoint      ] Safepoint "Cleanup", Time since last: 1000572919 ns, Reaching safepoint: 61200 ns, At safepoint: 4900 ns, Total: 66100 ns
[2578.206s][info ][safepoint      ] Safepoint "Cleanup", Time since last: 2000168343 ns, Reaching safepoint: 40700 ns, At safepoint: 2400 ns, Total: 43100 ns
[2579.206s][info ][safepoint      ] Safepoint "Cleanup", Time since last: 1000123012 ns, Reaching safepoint: 45500 ns, At safepoint: 2700 ns, Total: 48200 ns
[2580.206s][info ][safepoint      ] Safepoint "Cleanup", Time since last: 1000115508 ns, Reaching safepoint: 38899 ns, At safepoint: 2800 ns, Total: 41699 ns
[2583.206s][info ][safepoint      ] Safepoint "Cleanup", Time since last: 3000191824 ns, Reaching safepoint: 41200 ns, At safepoint: 2800 ns, Total: 44000 ns
[2584.206s][info ][safepoint      ] Safepoint "Cleanup", Time since last: 1000099108 ns, Reaching safepoint: 116599 ns, At safepoint: 4600 ns, Total: 121199 ns
[2585.207s][info ][safepoint      ] Safepoint "Cleanup", Time since last: 1000111808 ns, Reaching safepoint: 50300 ns, At safepoint: 2200 ns, Total: 52500 ns
[2586.207s][info ][safepoint      ] Safepoint "Cleanup", Time since last: 1000120208 ns, Reaching safepoint: 49299 ns, At safepoint: 3300 ns, Total: 52599 ns
[2588.207s][info ][safepoint      ] Safepoint "Cleanup", Time since last: 2000172856 ns, Reaching safepoint: 63800 ns, At safepoint: 4100 ns, Total: 67900 ns
[2589.207s][info ][safepoint      ] Safepoint "Cleanup", Time since last: 1000100831 ns, Reaching safepoint: 47700 ns, At safepoint: 2800 ns, Total: 50500 ns
[2589.891s][info ][gc,start       ] GC(171) Pause Young (Allocation Failure)
[2589.897s][debug][gc,phases      ] GC(171) Scavenge 5.928ms
[2589.897s][debug][gc,ref         ] GC(171) Skipped phase 1 of Reference Processing: no references
[2589.897s][debug][gc,ref         ] GC(171) ReferenceProcessor::execute queues: 1, RefProcThreadModel::Single, marks_oops_alive: false
[2589.897s][debug][gc,ref         ] GC(171) Skipped phase 3 of Reference Processing: no references
[2589.897s][debug][gc,ref         ] GC(171) ReferenceProcessor::execute queues: 1, RefProcThreadModel::Single, marks_oops_alive: false
[2589.897s][debug][gc,phases      ] GC(171) Reference Processing 0.126ms
[2589.897s][debug][gc,phases      ] GC(171)   VM Weak                        Min:  0.0, Avg:  0.0, Max:  0.0, Diff:  0.0, Sum:  0.0, Workers: 4
[2589.898s][debug][gc,phases      ] GC(171)     Dead                           Min: 0, Avg:  0.0, Max: 0, Diff: 0, Sum: 0, Workers: 4
[2589.898s][debug][gc,phases      ] GC(171)     Total                          Min: 0, Avg: 211.8, Max: 640, Diff: 640, Sum: 847, Workers: 4
[2589.898s][debug][gc,phases      ] GC(171)   ObjectSynchronizer Weak        Min:  0.0, Avg:  0.0, Max:  0.0, Diff:  0.0, Sum:  0.0, Workers: 4
[2589.898s][debug][gc,phases      ] GC(171)     Dead                           Min: 0, Avg:  0.0, Max: 0, Diff: 0, Sum: 0, Workers: 4
[2589.898s][debug][gc,phases      ] GC(171)     Total                          Min: 0, Avg: 14.8, Max: 59, Diff: 59, Sum: 59, Workers: 4
[2589.898s][debug][gc,phases      ] GC(171)   JVMTI Tag Weak OopStorage      Min:  0.0, Avg:  0.0, Max:  0.0, Diff:  0.0, Sum:  0.0, Workers: 4
[2589.898s][debug][gc,phases      ] GC(171)     Dead                           Min: 0, Avg:  0.0, Max: 0, Diff: 0, Sum: 0, Workers: 4
[2589.898s][debug][gc,phases      ] GC(171)     Total                          Min: 0, Avg:  0.0, Max: 0, Diff: 0, Sum: 0, Workers: 4
[2589.898s][debug][gc,phases      ] GC(171)   StringTable Weak               Min:  0.0, Avg:  0.1, Max:  0.2, Diff:  0.2, Sum:  0.4, Workers: 4
[2589.898s][debug][gc,phases      ] GC(171)     Dead                           Min: 0, Avg:  0.0, Max: 0, Diff: 0, Sum: 0, Workers: 4
[2589.898s][debug][gc,phases      ] GC(171)     Total                          Min: 0, Avg: 11203.2, Max: 22477, Diff: 22477, Sum: 44813, Workers: 4
[2589.898s][debug][gc,phases      ] GC(171)   ResolvedMethodTable Weak       Min:  0.0, Avg:  0.0, Max:  0.0, Diff:  0.0, Sum:  0.1, Workers: 4
[2589.898s][debug][gc,phases      ] GC(171)     Dead                           Min: 0, Avg:  0.0, Max: 0, Diff: 0, Sum: 0, Workers: 4
[2589.898s][debug][gc,phases      ] GC(171)     Total                          Min: 0, Avg: 2447.2, Max: 4927, Diff: 4927, Sum: 9789, Workers: 4
[2589.898s][debug][gc,phases      ] GC(171)   JNI Weak                       Min:  0.0, Avg:  0.0, Max:  0.0, Diff:  0.0, Sum:  0.0, Workers: 4
[2589.898s][debug][gc,phases      ] GC(171)     Dead                           Min: 0, Avg:  0.0, Max: 0, Diff: 0, Sum: 0, Workers: 4
[2589.898s][debug][gc,phases      ] GC(171)     Total                          Min: 0, Avg: 11.2, Max: 45, Diff: 45, Sum: 45, Workers: 4
[2589.898s][debug][gc,phases      ] GC(171)   StringDedup Table Weak         Min:  0.0, Avg:  0.0, Max:  0.0, Diff:  0.0, Sum:  0.0, Workers: 4
[2589.898s][debug][gc,phases      ] GC(171)     Dead                           Min: 0, Avg:  0.0, Max: 0, Diff: 0, Sum: 0, Workers: 4
[2589.898s][debug][gc,phases      ] GC(171)     Total                          Min: 0, Avg:  0.0, Max: 0, Diff: 0, Sum: 0, Workers: 4
[2589.898s][debug][gc,phases      ] GC(171)   StringDedup Requests0 Weak     Min:  0.0, Avg:  0.0, Max:  0.0, Diff:  0.0, Sum:  0.0, Workers: 4
[2589.898s][debug][gc,phases      ] GC(171)     Dead                           Min: 0, Avg:  0.0, Max: 0, Diff: 0, Sum: 0, Workers: 4
[2589.898s][debug][gc,phases      ] GC(171)     Total                          Min: 0, Avg:  0.0, Max: 0, Diff: 0, Sum: 0, Workers: 4
[2589.898s][debug][gc,phases      ] GC(171)   StringDedup Requests1 Weak     Min:  0.0, Avg:  0.0, Max:  0.0, Diff:  0.0, Sum:  0.0, Workers: 4
[2589.898s][debug][gc,phases      ] GC(171)     Dead                           Min: 0, Avg:  0.0, Max: 0, Diff: 0, Sum: 0, Workers: 4
[2589.898s][debug][gc,phases      ] GC(171)     Total                          Min: 0, Avg:  0.0, Max: 0, Diff: 0, Sum: 0, Workers: 4
[2589.898s][debug][gc,phases      ] GC(171)   Weak JFR Old Object Samples    Min:  0.0, Avg:  0.0, Max:  0.0, Diff:  0.0, Sum:  0.0, Workers: 4
[2589.898s][debug][gc,phases      ] GC(171)     Dead                           Min: 0, Avg:  0.0, Max: 0, Diff: 0, Sum: 0, Workers: 4
[2589.898s][debug][gc,phases      ] GC(171)     Total                          Min: 0, Avg:  0.0, Max: 0, Diff: 0, Sum: 0, Workers: 4
[2589.898s][debug][gc,phases      ] GC(171) Weak Processing 0.514ms
[2589.898s][debug][gc,age         ] GC(171) Desired survivor size 3145728 bytes, new threshold 15 (max threshold 15)
[2589.898s][info ][gc,heap        ] GC(171) PSYoungGen: 2093216K(2094080K)->2176K(2094080K) Eden: 2091008K(2091008K)->0K(2091008K) From: 2208K(3072K)->2176K(3072K)
[2589.898s][info ][gc,heap        ] GC(171) ParOldGen: 368455K(458752K)->368495K(458752K)
[2589.898s][info ][gc,metaspace   ] GC(171) Metaspace: 83188K(84160K)->83188K(84160K) NonClass: 71265K(71808K)->71265K(71808K) Class: 11922K(12352K)->11922K(12352K)
[2589.898s][info ][gc             ] GC(171) Pause Young (Allocation Failure) 2403M->361M(2493M) 6.707ms
[2589.898s][info ][gc,cpu         ] GC(171) User=0.02s Sys=0.00s Real=0.01s
[2589.898s][info ][safepoint      ] Safepoint "ParallelGCFailedAllocation", Time since last: 683762518 ns, Reaching safepoint: 39600 ns, At safepoint: 6793572 ns, Total: 6833172 ns
[2590.898s][info ][safepoint      ] Safepoint "Cleanup", Time since last: 1000085831 ns, Reaching safepoint: 108500 ns, At safepoint: 9700 ns, Total: 118200 ns
[2592.898s][info ][safepoint      ] Safepoint "Cleanup", Time since last: 2000184762 ns, Reaching safepoint: 126900 ns, At safepoint: 6900 ns, Total: 133800 ns
[2593.899s][info ][safepoint      ] Safepoint "Cleanup", Time since last: 1000112931 ns, Reaching safepoint: 104400 ns, At safepoint: 24500 ns, Total: 128900 ns
[2600.451s][info ][safepoint      ] Safepoint "Cleanup", Time since last: 6552539107 ns, Reaching safepoint: 121599 ns, At safepoint: 5900 ns, Total: 127499 ns
[2603.452s][info ][safepoint      ] Safepoint "Cleanup", Time since last: 3000228424 ns, Reaching safepoint: 120600 ns, At safepoint: 7000 ns, Total: 127600 ns
[2604.452s][info ][safepoint      ] Safepoint "Cleanup", Time since last: 1000115337 ns, Reaching safepoint: 111999 ns, At safepoint: 5900 ns, Total: 117899 ns
[2606.293s][info ][gc,start       ] GC(172) Pause Young (Allocation Failure)
[2606.299s][debug][gc,phases      ] GC(172) Scavenge 5.613ms
[2606.299s][debug][gc,ref         ] GC(172) Skipped phase 1 of Reference Processing: no references
[2606.299s][debug][gc,ref         ] GC(172) ReferenceProcessor::execute queues: 1, RefProcThreadModel::Single, marks_oops_alive: false
[2606.299s][debug][gc,ref         ] GC(172) Skipped phase 3 of Reference Processing: no references
[2606.299s][debug][gc,ref         ] GC(172) ReferenceProcessor::execute queues: 1, RefProcThreadModel::Single, marks_oops_alive: false
[2606.299s][debug][gc,phases      ] GC(172) Reference Processing 0.127ms
[2606.299s][debug][gc,phases      ] GC(172)   VM Weak                        Min:  0.0, Avg:  0.0, Max:  0.0, Diff:  0.0, Sum:  0.0, Workers: 4
[2606.299s][debug][gc,phases      ] GC(172)     Dead                           Min: 0, Avg:  0.0, Max: 0, Diff: 0, Sum: 0, Workers: 4
[2606.299s][debug][gc,phases      ] GC(172)     Total                          Min: 0, Avg: 211.8, Max: 527, Diff: 527, Sum: 847, Workers: 4
[2606.299s][debug][gc,phases      ] GC(172)   ObjectSynchronizer Weak        Min:  0.0, Avg:  0.0, Max:  0.0, Diff:  0.0, Sum:  0.0, Workers: 4
[2606.299s][debug][gc,phases      ] GC(172)     Dead                           Min: 0, Avg:  0.0, Max: 0, Diff: 0, Sum: 0, Workers: 4
[2606.299s][debug][gc,phases      ] GC(172)     Total                          Min: 0, Avg: 14.8, Max: 59, Diff: 59, Sum: 59, Workers: 4
[2606.299s][debug][gc,phases      ] GC(172)   JVMTI Tag Weak OopStorage      Min:  0.0, Avg:  0.0, Max:  0.0, Diff:  0.0, Sum:  0.0, Workers: 4
[2606.299s][debug][gc,phases      ] GC(172)     Dead                           Min: 0, Avg:  0.0, Max: 0, Diff: 0, Sum: 0, Workers: 4
[2606.299s][debug][gc,phases      ] GC(172)     Total                          Min: 0, Avg:  0.0, Max: 0, Diff: 0, Sum: 0, Workers: 4
[2606.299s][debug][gc,phases      ] GC(172)   StringTable Weak               Min:  0.0, Avg:  0.1, Max:  0.1, Diff:  0.1, Sum:  0.4, Workers: 4
[2606.299s][debug][gc,phases      ] GC(172)     Dead                           Min: 0, Avg:  0.0, Max: 0, Diff: 0, Sum: 0, Workers: 4
[2606.299s][debug][gc,phases      ] GC(172)     Total                          Min: 0, Avg: 11203.2, Max: 15181, Diff: 15181, Sum: 44813, Workers: 4
[2606.299s][debug][gc,phases      ] GC(172)   ResolvedMethodTable Weak       Min:  0.0, Avg:  0.0, Max:  0.0, Diff:  0.0, Sum:  0.1, Workers: 4
[2606.299s][debug][gc,phases      ] GC(172)     Dead                           Min: 0, Avg:  0.0, Max: 0, Diff: 0, Sum: 0, Workers: 4
[2606.299s][debug][gc,phases      ] GC(172)     Total                          Min: 0, Avg: 2447.2, Max: 3389, Diff: 3389, Sum: 9789, Workers: 4
[2606.299s][debug][gc,phases      ] GC(172)   JNI Weak                       Min:  0.0, Avg:  0.0, Max:  0.0, Diff:  0.0, Sum:  0.0, Workers: 4
[2606.299s][debug][gc,phases      ] GC(172)     Dead                           Min: 0, Avg:  0.0, Max: 0, Diff: 0, Sum: 0, Workers: 4
[2606.299s][debug][gc,phases      ] GC(172)     Total                          Min: 0, Avg: 11.2, Max: 45, Diff: 45, Sum: 45, Workers: 4
[2606.299s][debug][gc,phases      ] GC(172)   StringDedup Table Weak         Min:  0.0, Avg:  0.0, Max:  0.0, Diff:  0.0, Sum:  0.0, Workers: 4
[2606.299s][debug][gc,phases      ] GC(172)     Dead                           Min: 0, Avg:  0.0, Max: 0, Diff: 0, Sum: 0, Workers: 4
[2606.299s][debug][gc,phases      ] GC(172)     Total                          Min: 0, Avg:  0.0, Max: 0, Diff: 0, Sum: 0, Workers: 4
[2606.299s][debug][gc,phases      ] GC(172)   StringDedup Requests0 Weak     Min:  0.0, Avg:  0.0, Max:  0.0, Diff:  0.0, Sum:  0.0, Workers: 4
[2606.299s][debug][gc,phases      ] GC(172)     Dead                           Min: 0, Avg:  0.0, Max: 0, Diff: 0, Sum: 0, Workers: 4
[2606.299s][debug][gc,phases      ] GC(172)     Total                          Min: 0, Avg:  0.0, Max: 0, Diff: 0, Sum: 0, Workers: 4
[2606.299s][debug][gc,phases      ] GC(172)   StringDedup Requests1 Weak     Min:  0.0, Avg:  0.0, Max:  0.0, Diff:  0.0, Sum:  0.0, Workers: 4
[2606.299s][debug][gc,phases      ] GC(172)     Dead                           Min: 0, Avg:  0.0, Max: 0, Diff: 0, Sum: 0, Workers: 4
[2606.299s][debug][gc,phases      ] GC(172)     Total                          Min: 0, Avg:  0.0, Max: 0, Diff: 0, Sum: 0, Workers: 4
[2606.299s][debug][gc,phases      ] GC(172)   Weak JFR Old Object Samples    Min:  0.0, Avg:  0.0, Max:  0.0, Diff:  0.0, Sum:  0.0, Workers: 4
[2606.299s][debug][gc,phases      ] GC(172)     Dead                           Min: 0, Avg:  0.0, Max: 0, Diff: 0, Sum: 0, Workers: 4
[2606.299s][debug][gc,phases      ] GC(172)     Total                          Min: 0, Avg:  0.0, Max: 0, Diff: 0, Sum: 0, Workers: 4
[2606.299s][debug][gc,phases      ] GC(172) Weak Processing 0.342ms
[2606.299s][debug][gc,age         ] GC(172) Desired survivor size 3145728 bytes, new threshold 15 (max threshold 15)
[2606.299s][info ][gc,heap        ] GC(172) PSYoungGen: 2093184K(2094080K)->2192K(2094080K) Eden: 2091008K(2091008K)->0K(2091008K) From: 2176K(3072K)->2192K(3072K)
[2606.299s][info ][gc,heap        ] GC(172) ParOldGen: 368495K(458752K)->368519K(458752K)
[2606.299s][info ][gc,metaspace   ] GC(172) Metaspace: 83191K(84224K)->83191K(84224K) NonClass: 71269K(71872K)->71269K(71872K) Class: 11922K(12352K)->11922K(12352K)
[2606.299s][info ][gc             ] GC(172) Pause Young (Allocation Failure) 2403M->362M(2493M) 6.211ms
[2606.299s][info ][gc,cpu         ] GC(172) User=0.02s Sys=0.00s Real=0.01s
[2606.299s][info ][safepoint      ] Safepoint "ParallelGCFailedAllocation", Time since last: 1841055037 ns, Reaching safepoint: 59100 ns, At safepoint: 6279073 ns, Total: 6338173 ns
[2607.299s][info ][safepoint      ] Safepoint "Cleanup", Time since last: 1000075938 ns, Reaching safepoint: 44399 ns, At safepoint: 3000 ns, Total: 47399 ns
[2608.299s][info ][safepoint      ] Safepoint "Cleanup", Time since last: 1000099937 ns, Reaching safepoint: 41600 ns, At safepoint: 3000 ns, Total: 44600 ns
[2609.300s][info ][safepoint      ] Safepoint "Cleanup", Time since last: 1000101037 ns, Reaching safepoint: 112100 ns, At safepoint: 6300 ns, Total: 118400 ns
[2613.300s][info ][safepoint      ] Safepoint "Cleanup", Time since last: 4000312575 ns, Reaching safepoint: 109799 ns, At safepoint: 5200 ns, Total: 114999 ns
[2614.300s][info ][safepoint      ] Safepoint "Cleanup", Time since last: 1000125119 ns, Reaching safepoint: 103899 ns, At safepoint: 7700 ns, Total: 111599 ns
[2615.301s][info ][safepoint      ] Safepoint "Cleanup", Time since last: 1000112319 ns, Reaching safepoint: 29800 ns, At safepoint: 6800 ns, Total: 36600 ns
[2616.301s][info ][safepoint      ] Safepoint "Cleanup", Time since last: 1000098519 ns, Reaching safepoint: 105799 ns, At safepoint: 5600 ns, Total: 111399 ns
[2618.301s][info ][safepoint      ] Safepoint "Cleanup", Time since last: 2000151238 ns, Reaching safepoint: 53100 ns, At safepoint: 3800 ns, Total: 56900 ns
[2619.301s][info ][safepoint      ] Safepoint "Cleanup", Time since last: 1000116391 ns, Reaching safepoint: 167099 ns, At safepoint: 10100 ns, Total: 177199 ns
[2620.301s][info ][safepoint      ] Safepoint "Cleanup", Time since last: 1000118282 ns, Reaching safepoint: 71300 ns, At safepoint: 3400 ns, Total: 74700 ns
[2621.302s][info ][safepoint      ] Safepoint "Cleanup", Time since last: 1000103883 ns, Reaching safepoint: 51200 ns, At safepoint: 2700 ns, Total: 53900 ns
[2622.302s][info ][safepoint      ] Safepoint "Cleanup", Time since last: 1000085982 ns, Reaching safepoint: 37600 ns, At safepoint: 2800 ns, Total: 40400 ns
[2622.749s][info ][gc,start       ] GC(173) Pause Young (Allocation Failure)
[2622.762s][debug][gc,phases      ] GC(173) Scavenge 12.817ms
[2622.762s][debug][gc,ref         ] GC(173) Skipped phase 1 of Reference Processing: no references
[2622.762s][debug][gc,ref         ] GC(173) ReferenceProcessor::execute queues: 1, RefProcThreadModel::Single, marks_oops_alive: false
[2622.762s][debug][gc,ref         ] GC(173) Skipped phase 3 of Reference Processing: no references
[2622.762s][debug][gc,ref         ] GC(173) ReferenceProcessor::execute queues: 1, RefProcThreadModel::Single, marks_oops_alive: false
[2622.762s][debug][gc,phases      ] GC(173) Reference Processing 0.117ms
[2622.763s][debug][gc,phases      ] GC(173)   VM Weak                        Min:  0.0, Avg:  0.0, Max:  0.0, Diff:  0.0, Sum:  0.0, Workers: 4
[2622.763s][debug][gc,phases      ] GC(173)     Dead                           Min: 0, Avg:  0.0, Max: 0, Diff: 0, Sum: 0, Workers: 4
[2622.763s][debug][gc,phases      ] GC(173)     Total                          Min: 0, Avg: 211.8, Max: 847, Diff: 847, Sum: 847, Workers: 4
[2622.763s][debug][gc,phases      ] GC(173)   ObjectSynchronizer Weak        Min:  0.0, Avg:  0.0, Max:  0.0, Diff:  0.0, Sum:  0.0, Workers: 4
[2622.763s][debug][gc,phases      ] GC(173)     Dead                           Min: 0, Avg:  0.0, Max: 0, Diff: 0, Sum: 0, Workers: 4
[2622.763s][debug][gc,phases      ] GC(173)     Total                          Min: 0, Avg: 14.8, Max: 59, Diff: 59, Sum: 59, Workers: 4
[2622.763s][debug][gc,phases      ] GC(173)   JVMTI Tag Weak OopStorage      Min:  0.0, Avg:  0.0, Max:  0.0, Diff:  0.0, Sum:  0.0, Workers: 4
[2622.763s][debug][gc,phases      ] GC(173)     Dead                           Min: 0, Avg:  0.0, Max: 0, Diff: 0, Sum: 0, Workers: 4
[2622.763s][debug][gc,phases      ] GC(173)     Total                          Min: 0, Avg:  0.0, Max: 0, Diff: 0, Sum: 0, Workers: 4
[2622.763s][debug][gc,phases      ] GC(173)   StringTable Weak               Min:  0.0, Avg:  0.1, Max:  0.4, Diff:  0.4, Sum:  0.4, Workers: 4
[2622.763s][debug][gc,phases      ] GC(173)     Dead                           Min: 0, Avg:  0.2, Max: 1, Diff: 1, Sum: 1, Workers: 4
[2622.763s][debug][gc,phases      ] GC(173)     Total                          Min: 0, Avg: 11209.2, Max: 44837, Diff: 44837, Sum: 44837, Workers: 4
[2622.763s][debug][gc,phases      ] GC(173)   ResolvedMethodTable Weak       Min:  0.0, Avg:  0.0, Max:  0.1, Diff:  0.1, Sum:  0.1, Workers: 4
[2622.763s][debug][gc,phases      ] GC(173)     Dead                           Min: 0, Avg:  4.5, Max: 18, Diff: 18, Sum: 18, Workers: 4
[2622.763s][debug][gc,phases      ] GC(173)     Total                          Min: 0, Avg: 2452.5, Max: 9810, Diff: 9810, Sum: 9810, Workers: 4
[2622.763s][debug][gc,phases      ] GC(173)   JNI Weak                       Min:  0.0, Avg:  0.0, Max:  0.0, Diff:  0.0, Sum:  0.0, Workers: 4
[2622.763s][debug][gc,phases      ] GC(173)     Dead                           Min: 0, Avg:  0.0, Max: 0, Diff: 0, Sum: 0, Workers: 4
[2622.763s][debug][gc,phases      ] GC(173)     Total                          Min: 0, Avg: 11.5, Max: 46, Diff: 46, Sum: 46, Workers: 4
[2622.763s][debug][gc,phases      ] GC(173)   StringDedup Table Weak         Min:  0.0, Avg:  0.0, Max:  0.0, Diff:  0.0, Sum:  0.0, Workers: 4
[2622.763s][debug][gc,phases      ] GC(173)     Dead                           Min: 0, Avg:  0.0, Max: 0, Diff: 0, Sum: 0, Workers: 4
[2622.763s][debug][gc,phases      ] GC(173)     Total                          Min: 0, Avg:  0.0, Max: 0, Diff: 0, Sum: 0, Workers: 4
[2622.763s][debug][gc,phases      ] GC(173)   StringDedup Requests0 Weak     Min:  0.0, Avg:  0.0, Max:  0.0, Diff:  0.0, Sum:  0.0, Workers: 4
[2622.763s][debug][gc,phases      ] GC(173)     Dead                           Min: 0, Avg:  0.0, Max: 0, Diff: 0, Sum: 0, Workers: 4
[2622.763s][debug][gc,phases      ] GC(173)     Total                          Min: 0, Avg:  0.0, Max: 0, Diff: 0, Sum: 0, Workers: 4
[2622.763s][debug][gc,phases      ] GC(173)   StringDedup Requests1 Weak     Min:  0.0, Avg:  0.0, Max:  0.0, Diff:  0.0, Sum:  0.0, Workers: 4
[2622.763s][debug][gc,phases      ] GC(173)     Dead                           Min: 0, Avg:  0.0, Max: 0, Diff: 0, Sum: 0, Workers: 4
[2622.763s][debug][gc,phases      ] GC(173)     Total                          Min: 0, Avg:  0.0, Max: 0, Diff: 0, Sum: 0, Workers: 4
[2622.763s][debug][gc,phases      ] GC(173)   Weak JFR Old Object Samples    Min:  0.0, Avg:  0.0, Max:  0.0, Diff:  0.0, Sum:  0.0, Workers: 4
[2622.763s][debug][gc,phases      ] GC(173)     Dead                           Min: 0, Avg:  0.0, Max: 0, Diff: 0, Sum: 0, Workers: 4
[2622.763s][debug][gc,phases      ] GC(173)     Total                          Min: 0, Avg:  0.0, Max: 0, Diff: 0, Sum: 0, Workers: 4
[2622.763s][debug][gc,phases      ] GC(173) Weak Processing 0.766ms
[2622.763s][debug][gc,age         ] GC(173) Desired survivor size 3145728 bytes, new threshold 15 (max threshold 15)
[2622.763s][info ][gc,heap        ] GC(173) PSYoungGen: 2093200K(2094080K)->2272K(2094080K) Eden: 2091008K(2091008K)->0K(2091008K) From: 2192K(3072K)->2272K(3072K)
[2622.763s][info ][gc,heap        ] GC(173) ParOldGen: 368519K(458752K)->368775K(458752K)
[2622.763s][info ][gc,metaspace   ] GC(173) Metaspace: 83257K(84288K)->83257K(84288K) NonClass: 71327K(71872K)->71327K(71872K) Class: 11929K(12416K)->11929K(12416K)
[2622.763s][info ][gc             ] GC(173) Pause Young (Allocation Failure) 2404M->362M(2493M) 13.839ms
[2622.763s][info ][gc,cpu         ] GC(173) User=0.02s Sys=0.00s Real=0.01s
[2622.763s][info ][safepoint      ] Safepoint "ParallelGCFailedAllocation", Time since last: 447522058 ns, Reaching safepoint: 114999 ns, At safepoint: 13919343 ns, Total: 14034342 ns
[2623.763s][info ][safepoint      ] Safepoint "Cleanup", Time since last: 1000079383 ns, Reaching safepoint: 58600 ns, At safepoint: 2500 ns, Total: 61100 ns
[2624.764s][info ][safepoint      ] Safepoint "Cleanup", Time since last: 1000105782 ns, Reaching safepoint: 39100 ns, At safepoint: 18300 ns, Total: 57400 ns
[2625.764s][info ][safepoint      ] Safepoint "Cleanup", Time since last: 1000100983 ns, Reaching safepoint: 46800 ns, At safepoint: 9500 ns, Total: 56300 ns
[2626.764s][info ][safepoint      ] Safepoint "Cleanup", Time since last: 1000110188 ns, Reaching safepoint: 58300 ns, At safepoint: 2400 ns, Total: 60700 ns
[2627.764s][info ][safepoint      ] Safepoint "Cleanup", Time since last: 1000104010 ns, Reaching safepoint: 43500 ns, At safepoint: 2800 ns, Total: 46300 ns
[2628.764s][info ][safepoint      ] Safepoint "Cleanup", Time since last: 1000108910 ns, Reaching safepoint: 34700 ns, At safepoint: 2500 ns, Total: 37200 ns
[2630.764s][info ][safepoint      ] Safepoint "Cleanup", Time since last: 2000164020 ns, Reaching safepoint: 42600 ns, At safepoint: 2400 ns, Total: 45000 ns
[2636.765s][info ][safepoint      ] Safepoint "Cleanup", Time since last: 6000430289 ns, Reaching safepoint: 36500 ns, At safepoint: 2300 ns, Total: 38800 ns
[2639.593s][info ][gc,start       ] GC(174) Pause Young (Allocation Failure)
[2639.599s][debug][gc,phases      ] GC(174) Scavenge 5.765ms
[2639.599s][debug][gc,ref         ] GC(174) Skipped phase 1 of Reference Processing: no references
[2639.599s][debug][gc,ref         ] GC(174) ReferenceProcessor::execute queues: 1, RefProcThreadModel::Single, marks_oops_alive: false
[2639.599s][debug][gc,ref         ] GC(174) Skipped phase 3 of Reference Processing: no references
[2639.599s][debug][gc,ref         ] GC(174) ReferenceProcessor::execute queues: 1, RefProcThreadModel::Single, marks_oops_alive: false
[2639.599s][debug][gc,phases      ] GC(174) Reference Processing 0.126ms
[2639.599s][debug][gc,phases      ] GC(174)   VM Weak                        Min:  0.0, Avg:  0.0, Max:  0.0, Diff:  0.0, Sum:  0.0, Workers: 4
[2639.599s][debug][gc,phases      ] GC(174)     Dead                           Min: 0, Avg:  0.0, Max: 0, Diff: 0, Sum: 0, Workers: 4
[2639.599s][debug][gc,phases      ] GC(174)     Total                          Min: 0, Avg: 211.8, Max: 847, Diff: 847, Sum: 847, Workers: 4
[2639.599s][debug][gc,phases      ] GC(174)   ObjectSynchronizer Weak        Min:  0.0, Avg:  0.0, Max:  0.0, Diff:  0.0, Sum:  0.0, Workers: 4
[2639.599s][debug][gc,phases      ] GC(174)     Dead                           Min: 0, Avg:  0.0, Max: 0, Diff: 0, Sum: 0, Workers: 4
[2639.599s][debug][gc,phases      ] GC(174)     Total                          Min: 0, Avg: 14.8, Max: 59, Diff: 59, Sum: 59, Workers: 4
[2639.599s][debug][gc,phases      ] GC(174)   JVMTI Tag Weak OopStorage      Min:  0.0, Avg:  0.0, Max:  0.0, Diff:  0.0, Sum:  0.0, Workers: 4
[2639.599s][debug][gc,phases      ] GC(174)     Dead                           Min: 0, Avg:  0.0, Max: 0, Diff: 0, Sum: 0, Workers: 4
[2639.599s][debug][gc,phases      ] GC(174)     Total                          Min: 0, Avg:  0.0, Max: 0, Diff: 0, Sum: 0, Workers: 4
[2639.599s][debug][gc,phases      ] GC(174)   StringTable Weak               Min:  0.0, Avg:  0.1, Max:  0.2, Diff:  0.2, Sum:  0.4, Workers: 4
[2639.599s][debug][gc,phases      ] GC(174)     Dead                           Min: 0, Avg:  0.0, Max: 0, Diff: 0, Sum: 0, Workers: 4
[2639.599s][debug][gc,phases      ] GC(174)     Total                          Min: 0, Avg: 11209.2, Max: 22437, Diff: 22437, Sum: 44837, Workers: 4
[2639.599s][debug][gc,phases      ] GC(174)   ResolvedMethodTable Weak       Min:  0.0, Avg:  0.0, Max:  0.0, Diff:  0.0, Sum:  0.1, Workers: 4
[2639.599s][debug][gc,phases      ] GC(174)     Dead                           Min: 0, Avg:  0.0, Max: 0, Diff: 0, Sum: 0, Workers: 4
[2639.599s][debug][gc,phases      ] GC(174)     Total                          Min: 0, Avg: 2452.5, Max: 5178, Diff: 5178, Sum: 9810, Workers: 4
[2639.599s][debug][gc,phases      ] GC(174)   JNI Weak                       Min:  0.0, Avg:  0.0, Max:  0.0, Diff:  0.0, Sum:  0.0, Workers: 4
[2639.599s][debug][gc,phases      ] GC(174)     Dead                           Min: 0, Avg:  0.0, Max: 0, Diff: 0, Sum: 0, Workers: 4
[2639.599s][debug][gc,phases      ] GC(174)     Total                          Min: 0, Avg: 11.2, Max: 45, Diff: 45, Sum: 45, Workers: 4
[2639.599s][debug][gc,phases      ] GC(174)   StringDedup Table Weak         Min:  0.0, Avg:  0.0, Max:  0.0, Diff:  0.0, Sum:  0.0, Workers: 4
[2639.599s][debug][gc,phases      ] GC(174)     Dead                           Min: 0, Avg:  0.0, Max: 0, Diff: 0, Sum: 0, Workers: 4
[2639.599s][debug][gc,phases      ] GC(174)     Total                          Min: 0, Avg:  0.0, Max: 0, Diff: 0, Sum: 0, Workers: 4
[2639.599s][debug][gc,phases      ] GC(174)   StringDedup Requests0 Weak     Min:  0.0, Avg:  0.0, Max:  0.0, Diff:  0.0, Sum:  0.0, Workers: 4
[2639.599s][debug][gc,phases      ] GC(174)     Dead                           Min: 0, Avg:  0.0, Max: 0, Diff: 0, Sum: 0, Workers: 4
[2639.599s][debug][gc,phases      ] GC(174)     Total                          Min: 0, Avg:  0.0, Max: 0, Diff: 0, Sum: 0, Workers: 4
[2639.599s][debug][gc,phases      ] GC(174)   StringDedup Requests1 Weak     Min:  0.0, Avg:  0.0, Max:  0.0, Diff:  0.0, Sum:  0.0, Workers: 4
[2639.599s][debug][gc,phases      ] GC(174)     Dead                           Min: 0, Avg:  0.0, Max: 0, Diff: 0, Sum: 0, Workers: 4
[2639.599s][debug][gc,phases      ] GC(174)     Total                          Min: 0, Avg:  0.0, Max: 0, Diff: 0, Sum: 0, Workers: 4
[2639.599s][debug][gc,phases      ] GC(174)   Weak JFR Old Object Samples    Min:  0.0, Avg:  0.0, Max:  0.0, Diff:  0.0, Sum:  0.0, Workers: 4
[2639.599s][debug][gc,phases      ] GC(174)     Dead                           Min: 0, Avg:  0.0, Max: 0, Diff: 0, Sum: 0, Workers: 4
[2639.599s][debug][gc,phases      ] GC(174)     Total                          Min: 0, Avg:  0.0, Max: 0, Diff: 0, Sum: 0, Workers: 4
[2639.599s][debug][gc,phases      ] GC(174) Weak Processing 0.505ms
[2639.599s][debug][gc,age         ] GC(174) Desired survivor size 3145728 bytes, new threshold 15 (max threshold 15)
[2639.599s][info ][gc,heap        ] GC(174) PSYoungGen: 2093280K(2094080K)->2272K(2094080K) Eden: 2091008K(2091008K)->0K(2091008K) From: 2272K(3072K)->2272K(3072K)
[2639.599s][info ][gc,heap        ] GC(174) ParOldGen: 368775K(458752K)->368807K(458752K)
[2639.599s][info ][gc,metaspace   ] GC(174) Metaspace: 83259K(84288K)->83259K(84288K) NonClass: 71329K(71872K)->71329K(71872K) Class: 11929K(12416K)->11929K(12416K)
[2639.599s][info ][gc             ] GC(174) Pause Young (Allocation Failure) 2404M->362M(2493M) 6.521ms
[2639.599s][info ][gc,cpu         ] GC(174) User=0.01s Sys=0.00s Real=0.01s
[2639.599s][info ][safepoint      ] Safepoint "ParallelGCFailedAllocation", Time since last: 2827896471 ns, Reaching safepoint: 46600 ns, At safepoint: 6592873 ns, Total: 6639473 ns
[2643.600s][info ][safepoint      ] Safepoint "Cleanup", Time since last: 4000303090 ns, Reaching safepoint: 60600 ns, At safepoint: 5199 ns, Total: 65799 ns
[2649.600s][info ][safepoint      ] Safepoint "Cleanup", Time since last: 6000449124 ns, Reaching safepoint: 123100 ns, At safepoint: 5100 ns, Total: 128200 ns
[2651.601s][info ][safepoint      ] Safepoint "Cleanup", Time since last: 2000177254 ns, Reaching safepoint: 35900 ns, At safepoint: 2800 ns, Total: 38700 ns
[2653.601s][info ][safepoint      ] Safepoint "Cleanup", Time since last: 2000184367 ns, Reaching safepoint: 30499 ns, At safepoint: 2700 ns, Total: 33199 ns
[2656.196s][info ][gc,start       ] GC(175) Pause Young (Allocation Failure)
[2656.202s][debug][gc,phases      ] GC(175) Scavenge 6.186ms
[2656.202s][debug][gc,ref         ] GC(175) Skipped phase 1 of Reference Processing: no references
[2656.202s][debug][gc,ref         ] GC(175) ReferenceProcessor::execute queues: 1, RefProcThreadModel::Single, marks_oops_alive: false
[2656.202s][debug][gc,ref         ] GC(175) Skipped phase 3 of Reference Processing: no references
[2656.202s][debug][gc,ref         ] GC(175) ReferenceProcessor::execute queues: 1, RefProcThreadModel::Single, marks_oops_alive: false
[2656.202s][debug][gc,phases      ] GC(175) Reference Processing 0.094ms
[2656.202s][debug][gc,phases      ] GC(175)   VM Weak                        Min:  0.0, Avg:  0.0, Max:  0.0, Diff:  0.0, Sum:  0.0, Workers: 4
[2656.202s][debug][gc,phases      ] GC(175)     Dead                           Min: 0, Avg:  0.0, Max: 0, Diff: 0, Sum: 0, Workers: 4
[2656.202s][debug][gc,phases      ] GC(175)     Total                          Min: 0, Avg: 211.8, Max: 448, Diff: 448, Sum: 847, Workers: 4
[2656.202s][debug][gc,phases      ] GC(175)   ObjectSynchronizer Weak        Min:  0.0, Avg:  0.0, Max:  0.0, Diff:  0.0, Sum:  0.0, Workers: 4
[2656.202s][debug][gc,phases      ] GC(175)     Dead                           Min: 0, Avg:  0.0, Max: 0, Diff: 0, Sum: 0, Workers: 4
[2656.202s][debug][gc,phases      ] GC(175)     Total                          Min: 0, Avg: 14.8, Max: 59, Diff: 59, Sum: 59, Workers: 4
[2656.202s][debug][gc,phases      ] GC(175)   JVMTI Tag Weak OopStorage      Min:  0.0, Avg:  0.0, Max:  0.0, Diff:  0.0, Sum:  0.0, Workers: 4
[2656.202s][debug][gc,phases      ] GC(175)     Dead                           Min: 0, Avg:  0.0, Max: 0, Diff: 0, Sum: 0, Workers: 4
[2656.202s][debug][gc,phases      ] GC(175)     Total                          Min: 0, Avg:  0.0, Max: 0, Diff: 0, Sum: 0, Workers: 4
[2656.202s][debug][gc,phases      ] GC(175)   StringTable Weak               Min:  0.0, Avg:  0.1, Max:  0.1, Diff:  0.1, Sum:  0.4, Workers: 4
[2656.202s][debug][gc,phases      ] GC(175)     Dead                           Min: 0, Avg:  0.0, Max: 0, Diff: 0, Sum: 0, Workers: 4
[2656.202s][debug][gc,phases      ] GC(175)     Total                          Min: 0, Avg: 11209.8, Max: 15296, Diff: 15296, Sum: 44839, Workers: 4
[2656.203s][debug][gc,phases      ] GC(175)   ResolvedMethodTable Weak       Min:  0.0, Avg:  0.0, Max:  0.0, Diff:  0.0, Sum:  0.1, Workers: 4
[2656.203s][debug][gc,phases      ] GC(175)     Dead                           Min: 0, Avg:  0.0, Max: 0, Diff: 0, Sum: 0, Workers: 4
[2656.203s][debug][gc,phases      ] GC(175)     Total                          Min: 0, Avg: 2452.5, Max: 3578, Diff: 3578, Sum: 9810, Workers: 4
[2656.203s][debug][gc,phases      ] GC(175)   JNI Weak                       Min:  0.0, Avg:  0.0, Max:  0.0, Diff:  0.0, Sum:  0.0, Workers: 4
[2656.203s][debug][gc,phases      ] GC(175)     Dead                           Min: 0, Avg:  0.0, Max: 0, Diff: 0, Sum: 0, Workers: 4
[2656.203s][debug][gc,phases      ] GC(175)     Total                          Min: 0, Avg: 11.2, Max: 45, Diff: 45, Sum: 45, Workers: 4
[2656.203s][debug][gc,phases      ] GC(175)   StringDedup Table Weak         Min:  0.0, Avg:  0.0, Max:  0.0, Diff:  0.0, Sum:  0.0, Workers: 4
[2656.203s][debug][gc,phases      ] GC(175)     Dead                           Min: 0, Avg:  0.0, Max: 0, Diff: 0, Sum: 0, Workers: 4
[2656.203s][debug][gc,phases      ] GC(175)     Total                          Min: 0, Avg:  0.0, Max: 0, Diff: 0, Sum: 0, Workers: 4
[2656.203s][debug][gc,phases      ] GC(175)   StringDedup Requests0 Weak     Min:  0.0, Avg:  0.0, Max:  0.0, Diff:  0.0, Sum:  0.0, Workers: 4
[2656.203s][debug][gc,phases      ] GC(175)     Dead                           Min: 0, Avg:  0.0, Max: 0, Diff: 0, Sum: 0, Workers: 4
[2656.203s][debug][gc,phases      ] GC(175)     Total                          Min: 0, Avg:  0.0, Max: 0, Diff: 0, Sum: 0, Workers: 4
[2656.203s][debug][gc,phases      ] GC(175)   StringDedup Requests1 Weak     Min:  0.0, Avg:  0.0, Max:  0.0, Diff:  0.0, Sum:  0.0, Workers: 4
[2656.203s][debug][gc,phases      ] GC(175)     Dead                           Min: 0, Avg:  0.0, Max: 0, Diff: 0, Sum: 0, Workers: 4
[2656.203s][debug][gc,phases      ] GC(175)     Total                          Min: 0, Avg:  0.0, Max: 0, Diff: 0, Sum: 0, Workers: 4
[2656.203s][debug][gc,phases      ] GC(175)   Weak JFR Old Object Samples    Min:  0.0, Avg:  0.0, Max:  0.0, Diff:  0.0, Sum:  0.0, Workers: 4
[2656.203s][debug][gc,phases      ] GC(175)     Dead                           Min: 0, Avg:  0.0, Max: 0, Diff: 0, Sum: 0, Workers: 4
[2656.203s][debug][gc,phases      ] GC(175)     Total                          Min: 0, Avg:  0.0, Max: 0, Diff: 0, Sum: 0, Workers: 4
[2656.203s][debug][gc,phases      ] GC(175) Weak Processing 0.325ms
[2656.203s][debug][gc,age         ] GC(175) Desired survivor size 3145728 bytes, new threshold 15 (max threshold 15)
[2656.203s][info ][gc,heap        ] GC(175) PSYoungGen: 2093280K(2094080K)->2288K(2094080K) Eden: 2091008K(2091008K)->0K(2091008K) From: 2272K(3072K)->2288K(3072K)
[2656.203s][info ][gc,heap        ] GC(175) ParOldGen: 368807K(458752K)->368823K(458752K)
[2656.203s][info ][gc,metaspace   ] GC(175) Metaspace: 83269K(84352K)->83269K(84352K) NonClass: 71340K(71936K)->71340K(71936K) Class: 11929K(12416K)->11929K(12416K)
[2656.203s][info ][gc             ] GC(175) Pause Young (Allocation Failure) 2404M->362M(2493M) 6.726ms
[2656.203s][info ][gc,cpu         ] GC(175) User=0.01s Sys=0.01s Real=0.00s
[2656.203s][info ][safepoint      ] Safepoint "ParallelGCFailedAllocation", Time since last: 2595028648 ns, Reaching safepoint: 43600 ns, At safepoint: 6790772 ns, Total: 6834372 ns
[2658.203s][info ][safepoint      ] Safepoint "Cleanup", Time since last: 2000157567 ns, Reaching safepoint: 114499 ns, At safepoint: 5400 ns, Total: 119899 ns
[2659.203s][info ][safepoint      ] Safepoint "Cleanup", Time since last: 1000116525 ns, Reaching safepoint: 51500 ns, At safepoint: 5800 ns, Total: 57300 ns
[2660.203s][info ][safepoint      ] Safepoint "Cleanup", Time since last: 1000100920 ns, Reaching safepoint: 41300 ns, At safepoint: 2900 ns, Total: 44200 ns
[2662.203s][info ][safepoint      ] Safepoint "Cleanup", Time since last: 2000181740 ns, Reaching safepoint: 41900 ns, At safepoint: 2700 ns, Total: 44600 ns
[2663.204s][info ][safepoint      ] Safepoint "Cleanup", Time since last: 1000110420 ns, Reaching safepoint: 45999 ns, At safepoint: 2300 ns, Total: 48299 ns
[2668.204s][info ][safepoint      ] Safepoint "Cleanup", Time since last: 5000377421 ns, Reaching safepoint: 53700 ns, At safepoint: 3200 ns, Total: 56900 ns
[2669.204s][info ][safepoint      ] Safepoint "Cleanup", Time since last: 1000118432 ns, Reaching safepoint: 48800 ns, At safepoint: 4300 ns, Total: 53100 ns
[2670.204s][info ][safepoint      ] Safepoint "Cleanup", Time since last: 1000120032 ns, Reaching safepoint: 106000 ns, At safepoint: 8400 ns, Total: 114400 ns
[2671.205s][info ][safepoint      ] Safepoint "Cleanup", Time since last: 1000503830 ns, Reaching safepoint: 41900 ns, At safepoint: 2700 ns, Total: 44600 ns
[2673.994s][info ][gc,start       ] GC(176) Pause Young (Allocation Failure)
[2674.000s][debug][gc,phases      ] GC(176) Scavenge 6.113ms
[2674.000s][debug][gc,ref         ] GC(176) Skipped phase 1 of Reference Processing: no references
[2674.000s][debug][gc,ref         ] GC(176) ReferenceProcessor::execute queues: 1, RefProcThreadModel::Single, marks_oops_alive: false
[2674.000s][debug][gc,ref         ] GC(176) ReferenceProcessor::execute queues: 4, RefProcThreadModel::Multi, marks_oops_alive: true
[2674.000s][debug][gc,ref         ] GC(176) ReferenceProcessor::execute queues: 1, RefProcThreadModel::Single, marks_oops_alive: false
[2674.000s][debug][gc,phases      ] GC(176) Reference Processing 0.354ms
[2674.000s][debug][gc,phases      ] GC(176)   VM Weak                        Min:  0.0, Avg:  0.0, Max:  0.0, Diff:  0.0, Sum:  0.0, Workers: 4
[2674.000s][debug][gc,phases      ] GC(176)     Dead                           Min: 0, Avg:  0.0, Max: 0, Diff: 0, Sum: 0, Workers: 4
[2674.000s][debug][gc,phases      ] GC(176)     Total                          Min: 0, Avg: 211.8, Max: 704, Diff: 704, Sum: 847, Workers: 4
[2674.000s][debug][gc,phases      ] GC(176)   ObjectSynchronizer Weak        Min:  0.0, Avg:  0.0, Max:  0.0, Diff:  0.0, Sum:  0.0, Workers: 4
[2674.000s][debug][gc,phases      ] GC(176)     Dead                           Min: 0, Avg:  0.0, Max: 0, Diff: 0, Sum: 0, Workers: 4
[2674.000s][debug][gc,phases      ] GC(176)     Total                          Min: 0, Avg: 14.8, Max: 59, Diff: 59, Sum: 59, Workers: 4
[2674.000s][debug][gc,phases      ] GC(176)   JVMTI Tag Weak OopStorage      Min:  0.0, Avg:  0.0, Max:  0.0, Diff:  0.0, Sum:  0.0, Workers: 4
[2674.000s][debug][gc,phases      ] GC(176)     Dead                           Min: 0, Avg:  0.0, Max: 0, Diff: 0, Sum: 0, Workers: 4
[2674.000s][debug][gc,phases      ] GC(176)     Total                          Min: 0, Avg:  0.0, Max: 0, Diff: 0, Sum: 0, Workers: 4
[2674.000s][debug][gc,phases      ] GC(176)   StringTable Weak               Min:  0.0, Avg:  0.1, Max:  0.2, Diff:  0.2, Sum:  0.3, Workers: 4
[2674.000s][debug][gc,phases      ] GC(176)     Dead                           Min: 0, Avg:  0.0, Max: 0, Diff: 0, Sum: 0, Workers: 4
[2674.000s][debug][gc,phases      ] GC(176)     Total                          Min: 0, Avg: 11211.5, Max: 26880, Diff: 26880, Sum: 44846, Workers: 4
[2674.000s][debug][gc,phases      ] GC(176)   ResolvedMethodTable Weak       Min:  0.0, Avg:  0.0, Max:  0.0, Diff:  0.0, Sum:  0.1, Workers: 4
[2674.000s][debug][gc,phases      ] GC(176)     Dead                           Min: 0, Avg:  0.0, Max: 0, Diff: 0, Sum: 0, Workers: 4
[2674.000s][debug][gc,phases      ] GC(176)     Total                          Min: 0, Avg: 2452.5, Max: 5778, Diff: 5778, Sum: 9810, Workers: 4
[2674.000s][debug][gc,phases      ] GC(176)   JNI Weak                       Min:  0.0, Avg:  0.0, Max:  0.0, Diff:  0.0, Sum:  0.0, Workers: 4
[2674.000s][debug][gc,phases      ] GC(176)     Dead                           Min: 0, Avg:  0.0, Max: 0, Diff: 0, Sum: 0, Workers: 4
[2674.000s][debug][gc,phases      ] GC(176)     Total                          Min: 0, Avg: 11.2, Max: 45, Diff: 45, Sum: 45, Workers: 4
[2674.000s][debug][gc,phases      ] GC(176)   StringDedup Table Weak         Min:  0.0, Avg:  0.0, Max:  0.0, Diff:  0.0, Sum:  0.0, Workers: 4
[2674.000s][debug][gc,phases      ] GC(176)     Dead                           Min: 0, Avg:  0.0, Max: 0, Diff: 0, Sum: 0, Workers: 4
[2674.000s][debug][gc,phases      ] GC(176)     Total                          Min: 0, Avg:  0.0, Max: 0, Diff: 0, Sum: 0, Workers: 4
[2674.000s][debug][gc,phases      ] GC(176)   StringDedup Requests0 Weak     Min:  0.0, Avg:  0.0, Max:  0.0, Diff:  0.0, Sum:  0.0, Workers: 4
[2674.000s][debug][gc,phases      ] GC(176)     Dead                           Min: 0, Avg:  0.0, Max: 0, Diff: 0, Sum: 0, Workers: 4
[2674.000s][debug][gc,phases      ] GC(176)     Total                          Min: 0, Avg:  0.0, Max: 0, Diff: 0, Sum: 0, Workers: 4
[2674.000s][debug][gc,phases      ] GC(176)   StringDedup Requests1 Weak     Min:  0.0, Avg:  0.0, Max:  0.0, Diff:  0.0, Sum:  0.0, Workers: 4
[2674.000s][debug][gc,phases      ] GC(176)     Dead                           Min: 0, Avg:  0.0, Max: 0, Diff: 0, Sum: 0, Workers: 4
[2674.000s][debug][gc,phases      ] GC(176)     Total                          Min: 0, Avg:  0.0, Max: 0, Diff: 0, Sum: 0, Workers: 4
[2674.000s][debug][gc,phases      ] GC(176)   Weak JFR Old Object Samples    Min:  0.0, Avg:  0.0, Max:  0.0, Diff:  0.0, Sum:  0.0, Workers: 4
[2674.000s][debug][gc,phases      ] GC(176)     Dead                           Min: 0, Avg:  0.0, Max: 0, Diff: 0, Sum: 0, Workers: 4
[2674.000s][debug][gc,phases      ] GC(176)     Total                          Min: 0, Avg:  0.0, Max: 0, Diff: 0, Sum: 0, Workers: 4
[2674.000s][debug][gc,phases      ] GC(176) Weak Processing 0.358ms
[2674.000s][debug][gc,age         ] GC(176) Desired survivor size 3145728 bytes, new threshold 15 (max threshold 15)
[2674.000s][info ][gc,heap        ] GC(176) PSYoungGen: 2093296K(2094080K)->2256K(2094080K) Eden: 2091008K(2091008K)->0K(2091008K) From: 2288K(3072K)->2256K(3072K)
[2674.000s][info ][gc,heap        ] GC(176) ParOldGen: 368823K(458752K)->368839K(458752K)
[2674.000s][info ][gc,metaspace   ] GC(176) Metaspace: 83279K(84352K)->83279K(84352K) NonClass: 71350K(71936K)->71350K(71936K) Class: 11929K(12416K)->11929K(12416K)
[2674.000s][info ][gc             ] GC(176) Pause Young (Allocation Failure) 2404M->362M(2493M) 6.929ms
[2674.001s][info ][gc,cpu         ] GC(176) User=0.02s Sys=0.00s Real=0.01s
[2674.001s][info ][safepoint      ] Safepoint "ParallelGCFailedAllocation", Time since last: 2788459759 ns, Reaching safepoint: 37999 ns, At safepoint: 6998772 ns, Total: 7036771 ns
[2675.001s][info ][safepoint      ] Safepoint "Cleanup", Time since last: 1000075930 ns, Reaching safepoint: 26999 ns, At safepoint: 2700 ns, Total: 29699 ns
[2677.001s][info ][safepoint      ] Safepoint "Cleanup", Time since last: 2000157452 ns, Reaching safepoint: 41600 ns, At safepoint: 2400 ns, Total: 44000 ns
[2678.001s][info ][safepoint      ] Safepoint "Cleanup", Time since last: 1000115325 ns, Reaching safepoint: 112200 ns, At safepoint: 6100 ns, Total: 118300 ns
[2680.001s][info ][safepoint      ] Safepoint "Cleanup", Time since last: 2000187451 ns, Reaching safepoint: 40500 ns, At safepoint: 5800 ns, Total: 46300 ns
[2682.002s][info ][safepoint      ] Safepoint "Cleanup", Time since last: 2000170151 ns, Reaching safepoint: 108200 ns, At safepoint: 6400 ns, Total: 114600 ns
[2684.002s][info ][safepoint      ] Safepoint "Cleanup", Time since last: 2000183043 ns, Reaching safepoint: 43100 ns, At safepoint: 2600 ns, Total: 45700 ns
[2690.397s][info ][gc,start       ] GC(177) Pause Young (Allocation Failure)
[2690.402s][debug][gc,phases      ] GC(177) Scavenge 5.445ms
[2690.402s][debug][gc,ref         ] GC(177) Skipped phase 1 of Reference Processing: no references
[2690.402s][debug][gc,ref         ] GC(177) ReferenceProcessor::execute queues: 1, RefProcThreadModel::Single, marks_oops_alive: false
[2690.402s][debug][gc,ref         ] GC(177) Skipped phase 3 of Reference Processing: no references
[2690.402s][debug][gc,ref         ] GC(177) ReferenceProcessor::execute queues: 1, RefProcThreadModel::Single, marks_oops_alive: false
[2690.402s][debug][gc,phases      ] GC(177) Reference Processing 0.092ms
[2690.403s][debug][gc,phases      ] GC(177)   VM Weak                        Min:  0.0, Avg:  0.0, Max:  0.0, Diff:  0.0, Sum:  0.0, Workers: 4
[2690.403s][debug][gc,phases      ] GC(177)     Dead                           Min: 0, Avg:  0.0, Max: 0, Diff: 0, Sum: 0, Workers: 4
[2690.403s][debug][gc,phases      ] GC(177)     Total                          Min: 0, Avg: 211.8, Max: 399, Diff: 399, Sum: 847, Workers: 4
[2690.403s][debug][gc,phases      ] GC(177)   ObjectSynchronizer Weak        Min:  0.0, Avg:  0.0, Max:  0.0, Diff:  0.0, Sum:  0.0, Workers: 4
[2690.403s][debug][gc,phases      ] GC(177)     Dead                           Min: 0, Avg:  0.0, Max: 0, Diff: 0, Sum: 0, Workers: 4
[2690.403s][debug][gc,phases      ] GC(177)     Total                          Min: 0, Avg: 14.8, Max: 59, Diff: 59, Sum: 59, Workers: 4
[2690.403s][debug][gc,phases      ] GC(177)   JVMTI Tag Weak OopStorage      Min:  0.0, Avg:  0.0, Max:  0.0, Diff:  0.0, Sum:  0.0, Workers: 4
[2690.403s][debug][gc,phases      ] GC(177)     Dead                           Min: 0, Avg:  0.0, Max: 0, Diff: 0, Sum: 0, Workers: 4
[2690.403s][debug][gc,phases      ] GC(177)     Total                          Min: 0, Avg:  0.0, Max: 0, Diff: 0, Sum: 0, Workers: 4
[2690.403s][debug][gc,phases      ] GC(177)   StringTable Weak               Min:  0.0, Avg:  0.1, Max:  0.1, Diff:  0.1, Sum:  0.4, Workers: 4
[2690.403s][debug][gc,phases      ] GC(177)     Dead                           Min: 0, Avg:  0.0, Max: 0, Diff: 0, Sum: 0, Workers: 4
[2690.403s][debug][gc,phases      ] GC(177)     Total                          Min: 0, Avg: 11211.8, Max: 15984, Diff: 15984, Sum: 44847, Workers: 4
[2690.403s][debug][gc,phases      ] GC(177)   ResolvedMethodTable Weak       Min:  0.0, Avg:  0.0, Max:  0.0, Diff:  0.0, Sum:  0.1, Workers: 4
[2690.403s][debug][gc,phases      ] GC(177)     Dead                           Min: 0, Avg:  0.0, Max: 0, Diff: 0, Sum: 0, Workers: 4
[2690.403s][debug][gc,phases      ] GC(177)     Total                          Min: 0, Avg: 2453.0, Max: 3354, Diff: 3354, Sum: 9812, Workers: 4
[2690.403s][debug][gc,phases      ] GC(177)   JNI Weak                       Min:  0.0, Avg:  0.0, Max:  0.0, Diff:  0.0, Sum:  0.0, Workers: 4
[2690.403s][debug][gc,phases      ] GC(177)     Dead                           Min: 0, Avg:  0.0, Max: 0, Diff: 0, Sum: 0, Workers: 4
[2690.403s][debug][gc,phases      ] GC(177)     Total                          Min: 0, Avg: 11.2, Max: 45, Diff: 45, Sum: 45, Workers: 4
[2690.403s][debug][gc,phases      ] GC(177)   StringDedup Table Weak         Min:  0.0, Avg:  0.0, Max:  0.0, Diff:  0.0, Sum:  0.0, Workers: 4
[2690.403s][debug][gc,phases      ] GC(177)     Dead                           Min: 0, Avg:  0.0, Max: 0, Diff: 0, Sum: 0, Workers: 4
[2690.403s][debug][gc,phases      ] GC(177)     Total                          Min: 0, Avg:  0.0, Max: 0, Diff: 0, Sum: 0, Workers: 4
[2690.403s][debug][gc,phases      ] GC(177)   StringDedup Requests0 Weak     Min:  0.0, Avg:  0.0, Max:  0.0, Diff:  0.0, Sum:  0.0, Workers: 4
[2690.403s][debug][gc,phases      ] GC(177)     Dead                           Min: 0, Avg:  0.0, Max: 0, Diff: 0, Sum: 0, Workers: 4
[2690.403s][debug][gc,phases      ] GC(177)     Total                          Min: 0, Avg:  0.0, Max: 0, Diff: 0, Sum: 0, Workers: 4
[2690.403s][debug][gc,phases      ] GC(177)   StringDedup Requests1 Weak     Min:  0.0, Avg:  0.0, Max:  0.0, Diff:  0.0, Sum:  0.0, Workers: 4
[2690.403s][debug][gc,phases      ] GC(177)     Dead                           Min: 0, Avg:  0.0, Max: 0, Diff: 0, Sum: 0, Workers: 4
[2690.403s][debug][gc,phases      ] GC(177)     Total                          Min: 0, Avg:  0.0, Max: 0, Diff: 0, Sum: 0, Workers: 4
[2690.403s][debug][gc,phases      ] GC(177)   Weak JFR Old Object Samples    Min:  0.0, Avg:  0.0, Max:  0.0, Diff:  0.0, Sum:  0.0, Workers: 4
[2690.403s][debug][gc,phases      ] GC(177)     Dead                           Min: 0, Avg:  0.0, Max: 0, Diff: 0, Sum: 0, Workers: 4
[2690.403s][debug][gc,phases      ] GC(177)     Total                          Min: 0, Avg:  0.0, Max: 0, Diff: 0, Sum: 0, Workers: 4
[2690.403s][debug][gc,phases      ] GC(177) Weak Processing 0.318ms
[2690.403s][debug][gc,age         ] GC(177) Desired survivor size 3670016 bytes, new threshold 15 (max threshold 15)
[2690.403s][info ][gc,heap        ] GC(177) PSYoungGen: 2093264K(2094080K)->2304K(2093056K) Eden: 2091008K(2091008K)->0K(2089984K) From: 2256K(3072K)->2304K(3072K)
[2690.403s][info ][gc,heap        ] GC(177) ParOldGen: 368839K(458752K)->368847K(458752K)
[2690.403s][info ][gc,metaspace   ] GC(177) Metaspace: 83292K(84352K)->83292K(84352K) NonClass: 71362K(71936K)->71362K(71936K) Class: 11930K(12416K)->11930K(12416K)
[2690.403s][info ][gc             ] GC(177) Pause Young (Allocation Failure) 2404M->362M(2492M) 5.956ms
[2690.403s][info ][gc,cpu         ] GC(177) User=0.00s Sys=0.01s Real=0.00s
[2690.403s][info ][safepoint      ] Safepoint "ParallelGCFailedAllocation", Time since last: 6394854111 ns, Reaching safepoint: 32400 ns, At safepoint: 6019975 ns, Total: 6052375 ns
[2696.403s][info ][safepoint      ] Safepoint "Cleanup", Time since last: 6000349406 ns, Reaching safepoint: 40500 ns, At safepoint: 5500 ns, Total: 46000 ns
[2701.143s][info ][safepoint      ] Safepoint "Cleanup", Time since last: 4739662527 ns, Reaching safepoint: 119600 ns, At safepoint: 9000 ns, Total: 128600 ns
[2707.542s][info ][gc,start       ] GC(178) Pause Young (Allocation Failure)
[2707.548s][debug][gc,phases      ] GC(178) Scavenge 5.592ms
[2707.548s][debug][gc,ref         ] GC(178) Skipped phase 1 of Reference Processing: no references
[2707.548s][debug][gc,ref         ] GC(178) ReferenceProcessor::execute queues: 1, RefProcThreadModel::Single, marks_oops_alive: false
[2707.548s][debug][gc,ref         ] GC(178) Skipped phase 3 of Reference Processing: no references
[2707.548s][debug][gc,ref         ] GC(178) ReferenceProcessor::execute queues: 1, RefProcThreadModel::Single, marks_oops_alive: false
[2707.548s][debug][gc,phases      ] GC(178) Reference Processing 0.092ms
[2707.548s][debug][gc,phases      ] GC(178)   VM Weak                        Min:  0.0, Avg:  0.0, Max:  0.0, Diff:  0.0, Sum:  0.0, Workers: 4
[2707.548s][debug][gc,phases      ] GC(178)     Dead                           Min: 0, Avg:  0.0, Max: 0, Diff: 0, Sum: 0, Workers: 4
[2707.548s][debug][gc,phases      ] GC(178)     Total                          Min: 0, Avg: 211.8, Max: 655, Diff: 655, Sum: 847, Workers: 4
[2707.548s][debug][gc,phases      ] GC(178)   ObjectSynchronizer Weak        Min:  0.0, Avg:  0.0, Max:  0.0, Diff:  0.0, Sum:  0.0, Workers: 4
[2707.548s][debug][gc,phases      ] GC(178)     Dead                           Min: 0, Avg:  0.0, Max: 0, Diff: 0, Sum: 0, Workers: 4
[2707.548s][debug][gc,phases      ] GC(178)     Total                          Min: 0, Avg: 14.8, Max: 59, Diff: 59, Sum: 59, Workers: 4
[2707.548s][debug][gc,phases      ] GC(178)   JVMTI Tag Weak OopStorage      Min:  0.0, Avg:  0.0, Max:  0.0, Diff:  0.0, Sum:  0.0, Workers: 4
[2707.548s][debug][gc,phases      ] GC(178)     Dead                           Min: 0, Avg:  0.0, Max: 0, Diff: 0, Sum: 0, Workers: 4
[2707.548s][debug][gc,phases      ] GC(178)     Total                          Min: 0, Avg:  0.0, Max: 0, Diff: 0, Sum: 0, Workers: 4
[2707.548s][debug][gc,phases      ] GC(178)   StringTable Weak               Min:  0.0, Avg:  0.1, Max:  0.2, Diff:  0.2, Sum:  0.3, Workers: 4
[2707.548s][debug][gc,phases      ] GC(178)     Dead                           Min: 0, Avg:  0.2, Max: 1, Diff: 1, Sum: 1, Workers: 4
[2707.548s][debug][gc,phases      ] GC(178)     Total                          Min: 0, Avg: 11212.2, Max: 26176, Diff: 26176, Sum: 44849, Workers: 4
[2707.548s][debug][gc,phases      ] GC(178)   ResolvedMethodTable Weak       Min:  0.0, Avg:  0.0, Max:  0.0, Diff:  0.0, Sum:  0.1, Workers: 4
[2707.548s][debug][gc,phases      ] GC(178)     Dead                           Min: 0, Avg:  0.0, Max: 0, Diff: 0, Sum: 0, Workers: 4
[2707.548s][debug][gc,phases      ] GC(178)     Total                          Min: 0, Avg: 2453.5, Max: 5754, Diff: 5754, Sum: 9814, Workers: 4
[2707.548s][debug][gc,phases      ] GC(178)   JNI Weak                       Min:  0.0, Avg:  0.0, Max:  0.0, Diff:  0.0, Sum:  0.0, Workers: 4
[2707.548s][debug][gc,phases      ] GC(178)     Dead                           Min: 0, Avg:  0.0, Max: 0, Diff: 0, Sum: 0, Workers: 4
[2707.548s][debug][gc,phases      ] GC(178)     Total                          Min: 0, Avg: 11.2, Max: 45, Diff: 45, Sum: 45, Workers: 4
[2707.548s][debug][gc,phases      ] GC(178)   StringDedup Table Weak         Min:  0.0, Avg:  0.0, Max:  0.0, Diff:  0.0, Sum:  0.0, Workers: 4
[2707.548s][debug][gc,phases      ] GC(178)     Dead                           Min: 0, Avg:  0.0, Max: 0, Diff: 0, Sum: 0, Workers: 4
[2707.548s][debug][gc,phases      ] GC(178)     Total                          Min: 0, Avg:  0.0, Max: 0, Diff: 0, Sum: 0, Workers: 4
[2707.548s][debug][gc,phases      ] GC(178)   StringDedup Requests0 Weak     Min:  0.0, Avg:  0.0, Max:  0.0, Diff:  0.0, Sum:  0.0, Workers: 4
[2707.548s][debug][gc,phases      ] GC(178)     Dead                           Min: 0, Avg:  0.0, Max: 0, Diff: 0, Sum: 0, Workers: 4
[2707.548s][debug][gc,phases      ] GC(178)     Total                          Min: 0, Avg:  0.0, Max: 0, Diff: 0, Sum: 0, Workers: 4
[2707.548s][debug][gc,phases      ] GC(178)   StringDedup Requests1 Weak     Min:  0.0, Avg:  0.0, Max:  0.0, Diff:  0.0, Sum:  0.0, Workers: 4
[2707.548s][debug][gc,phases      ] GC(178)     Dead                           Min: 0, Avg:  0.0, Max: 0, Diff: 0, Sum: 0, Workers: 4
[2707.548s][debug][gc,phases      ] GC(178)     Total                          Min: 0, Avg:  0.0, Max: 0, Diff: 0, Sum: 0, Workers: 4
[2707.548s][debug][gc,phases      ] GC(178)   Weak JFR Old Object Samples    Min:  0.0, Avg:  0.0, Max:  0.0, Diff:  0.0, Sum:  0.0, Workers: 4
[2707.548s][debug][gc,phases      ] GC(178)     Dead                           Min: 0, Avg:  0.0, Max: 0, Diff: 0, Sum: 0, Workers: 4
[2707.548s][debug][gc,phases      ] GC(178)     Total                          Min: 0, Avg:  0.0, Max: 0, Diff: 0, Sum: 0, Workers: 4
[2707.548s][debug][gc,phases      ] GC(178) Weak Processing 0.377ms
[2707.548s][debug][gc,age         ] GC(178) Desired survivor size 3670016 bytes, new threshold 15 (max threshold 15)
[2707.548s][info ][gc,heap        ] GC(178) PSYoungGen: 2092288K(2093056K)->2304K(2093568K) Eden: 2089984K(2089984K)->0K(2089984K) From: 2304K(3072K)->2304K(3584K)
[2707.548s][info ][gc,heap        ] GC(178) ParOldGen: 368847K(458752K)->368871K(458752K)
[2707.548s][info ][gc,metaspace   ] GC(178) Metaspace: 83295K(84352K)->83295K(84352K) NonClass: 71364K(71936K)->71364K(71936K) Class: 11930K(12416K)->11930K(12416K)
[2707.548s][info ][gc             ] GC(178) Pause Young (Allocation Failure) 2403M->362M(2492M) 6.179ms
[2707.548s][info ][gc,cpu         ] GC(178) User=0.01s Sys=0.00s Real=0.01s
[2707.548s][info ][safepoint      ] Safepoint "ParallelGCFailedAllocation", Time since last: 6399152426 ns, Reaching safepoint: 52900 ns, At safepoint: 6250375 ns, Total: 6303275 ns
[2716.549s][info ][safepoint      ] Safepoint "Cleanup", Time since last: 9000592062 ns, Reaching safepoint: 101600 ns, At safepoint: 3700 ns, Total: 105300 ns
[2718.549s][info ][safepoint      ] Safepoint "Cleanup", Time since last: 2000195829 ns, Reaching safepoint: 44699 ns, At safepoint: 3900 ns, Total: 48599 ns
[2722.550s][info ][safepoint      ] Safepoint "Cleanup", Time since last: 4000290758 ns, Reaching safepoint: 42800 ns, At safepoint: 5200 ns, Total: 48000 ns
[2723.945s][info ][gc,start       ] GC(179) Pause Young (Allocation Failure)
[2723.951s][debug][gc,phases      ] GC(179) Scavenge 5.885ms
[2723.951s][debug][gc,ref         ] GC(179) Skipped phase 1 of Reference Processing: no references
[2723.951s][debug][gc,ref         ] GC(179) ReferenceProcessor::execute queues: 1, RefProcThreadModel::Single, marks_oops_alive: false
[2723.951s][debug][gc,ref         ] GC(179) Skipped phase 3 of Reference Processing: no references
[2723.951s][debug][gc,ref         ] GC(179) ReferenceProcessor::execute queues: 1, RefProcThreadModel::Single, marks_oops_alive: false
[2723.951s][debug][gc,phases      ] GC(179) Reference Processing 0.137ms
[2723.952s][debug][gc,phases      ] GC(179)   VM Weak                        Min:  0.0, Avg:  0.0, Max:  0.0, Diff:  0.0, Sum:  0.0, Workers: 4
[2723.952s][debug][gc,phases      ] GC(179)     Dead                           Min: 0, Avg:  0.0, Max: 0, Diff: 0, Sum: 0, Workers: 4
[2723.952s][debug][gc,phases      ] GC(179)     Total                          Min: 0, Avg: 211.8, Max: 527, Diff: 527, Sum: 847, Workers: 4
[2723.952s][debug][gc,phases      ] GC(179)   ObjectSynchronizer Weak        Min:  0.0, Avg:  0.0, Max:  0.0, Diff:  0.0, Sum:  0.0, Workers: 4
[2723.952s][debug][gc,phases      ] GC(179)     Dead                           Min: 0, Avg:  0.0, Max: 0, Diff: 0, Sum: 0, Workers: 4
[2723.952s][debug][gc,phases      ] GC(179)     Total                          Min: 0, Avg: 14.8, Max: 59, Diff: 59, Sum: 59, Workers: 4
[2723.952s][debug][gc,phases      ] GC(179)   JVMTI Tag Weak OopStorage      Min:  0.0, Avg:  0.0, Max:  0.0, Diff:  0.0, Sum:  0.0, Workers: 4
[2723.952s][debug][gc,phases      ] GC(179)     Dead                           Min: 0, Avg:  0.0, Max: 0, Diff: 0, Sum: 0, Workers: 4
[2723.952s][debug][gc,phases      ] GC(179)     Total                          Min: 0, Avg:  0.0, Max: 0, Diff: 0, Sum: 0, Workers: 4
[2723.952s][debug][gc,phases      ] GC(179)   StringTable Weak               Min:  0.0, Avg:  0.1, Max:  0.1, Diff:  0.1, Sum:  0.4, Workers: 4
[2723.952s][debug][gc,phases      ] GC(179)     Dead                           Min: 0, Avg:  0.0, Max: 0, Diff: 0, Sum: 0, Workers: 4
[2723.952s][debug][gc,phases      ] GC(179)     Total                          Min: 0, Avg: 11212.5, Max: 15486, Diff: 15486, Sum: 44850, Workers: 4
[2723.952s][debug][gc,phases      ] GC(179)   ResolvedMethodTable Weak       Min:  0.0, Avg:  0.0, Max:  0.0, Diff:  0.0, Sum:  0.1, Workers: 4
[2723.952s][debug][gc,phases      ] GC(179)     Dead                           Min: 0, Avg:  0.0, Max: 0, Diff: 0, Sum: 0, Workers: 4
[2723.952s][debug][gc,phases      ] GC(179)     Total                          Min: 0, Avg: 2453.5, Max: 3520, Diff: 3520, Sum: 9814, Workers: 4
[2723.952s][debug][gc,phases      ] GC(179)   JNI Weak                       Min:  0.0, Avg:  0.0, Max:  0.0, Diff:  0.0, Sum:  0.0, Workers: 4
[2723.952s][debug][gc,phases      ] GC(179)     Dead                           Min: 0, Avg:  0.0, Max: 0, Diff: 0, Sum: 0, Workers: 4
[2723.952s][debug][gc,phases      ] GC(179)     Total                          Min: 0, Avg: 11.2, Max: 45, Diff: 45, Sum: 45, Workers: 4
[2723.952s][debug][gc,phases      ] GC(179)   StringDedup Table Weak         Min:  0.0, Avg:  0.0, Max:  0.0, Diff:  0.0, Sum:  0.0, Workers: 4
[2723.952s][debug][gc,phases      ] GC(179)     Dead                           Min: 0, Avg:  0.0, Max: 0, Diff: 0, Sum: 0, Workers: 4
[2723.952s][debug][gc,phases      ] GC(179)     Total                          Min: 0, Avg:  0.0, Max: 0, Diff: 0, Sum: 0, Workers: 4
[2723.952s][debug][gc,phases      ] GC(179)   StringDedup Requests0 Weak     Min:  0.0, Avg:  0.0, Max:  0.0, Diff:  0.0, Sum:  0.0, Workers: 4
[2723.952s][debug][gc,phases      ] GC(179)     Dead                           Min: 0, Avg:  0.0, Max: 0, Diff: 0, Sum: 0, Workers: 4
[2723.952s][debug][gc,phases      ] GC(179)     Total                          Min: 0, Avg:  0.0, Max: 0, Diff: 0, Sum: 0, Workers: 4
[2723.952s][debug][gc,phases      ] GC(179)   StringDedup Requests1 Weak     Min:  0.0, Avg:  0.0, Max:  0.0, Diff:  0.0, Sum:  0.0, Workers: 4
[2723.952s][debug][gc,phases      ] GC(179)     Dead                           Min: 0, Avg:  0.0, Max: 0, Diff: 0, Sum: 0, Workers: 4
[2723.952s][debug][gc,phases      ] GC(179)     Total                          Min: 0, Avg:  0.0, Max: 0, Diff: 0, Sum: 0, Workers: 4
[2723.952s][debug][gc,phases      ] GC(179)   Weak JFR Old Object Samples    Min:  0.0, Avg:  0.0, Max:  0.0, Diff:  0.0, Sum:  0.0, Workers: 4
[2723.952s][debug][gc,phases      ] GC(179)     Dead                           Min: 0, Avg:  0.0, Max: 0, Diff: 0, Sum: 0, Workers: 4
[2723.952s][debug][gc,phases      ] GC(179)     Total                          Min: 0, Avg:  0.0, Max: 0, Diff: 0, Sum: 0, Workers: 4
[2723.952s][debug][gc,phases      ] GC(179) Weak Processing 0.463ms
[2723.952s][debug][gc,age         ] GC(179) Desired survivor size 3670016 bytes, new threshold 15 (max threshold 15)
[2723.952s][info ][gc,heap        ] GC(179) PSYoungGen: 2092288K(2093568K)->2304K(2093568K) Eden: 2089984K(2089984K)->0K(2089984K) From: 2304K(3584K)->2304K(3584K)
[2723.952s][info ][gc,heap        ] GC(179) ParOldGen: 368871K(458752K)->368879K(458752K)
[2723.952s][info ][gc,metaspace   ] GC(179) Metaspace: 83301K(84352K)->83301K(84352K) NonClass: 71371K(71936K)->71371K(71936K) Class: 11930K(12416K)->11930K(12416K)
[2723.952s][info ][gc             ] GC(179) Pause Young (Allocation Failure) 2403M->362M(2492M) 6.624ms
[2723.952s][info ][gc,cpu         ] GC(179) User=0.02s Sys=0.00s Real=0.01s
[2723.952s][info ][safepoint      ] Safepoint "ParallelGCFailedAllocation", Time since last: 1395656799 ns, Reaching safepoint: 50100 ns, At safepoint: 6706173 ns, Total: 6756273 ns
[2730.953s][info ][safepoint      ] Safepoint "Cleanup", Time since last: 7000440005 ns, Reaching safepoint: 115600 ns, At safepoint: 9300 ns, Total: 124900 ns
[2732.953s][info ][safepoint      ] Safepoint "Cleanup", Time since last: 2000176935 ns, Reaching safepoint: 38699 ns, At safepoint: 2400 ns, Total: 41099 ns
[2733.953s][info ][safepoint      ] Safepoint "Cleanup", Time since last: 1000107918 ns, Reaching safepoint: 49700 ns, At safepoint: 3000 ns, Total: 52700 ns
[2739.953s][info ][safepoint      ] Safepoint "Cleanup", Time since last: 6000392307 ns, Reaching safepoint: 47199 ns, At safepoint: 2700 ns, Total: 49899 ns
[2741.954s][info ][safepoint      ] Safepoint "Cleanup", Time since last: 2000175437 ns, Reaching safepoint: 38700 ns, At safepoint: 2700 ns, Total: 41400 ns
[2742.494s][info ][gc,start       ] GC(180) Pause Young (Allocation Failure)
[2742.500s][debug][gc,phases      ] GC(180) Scavenge 6.348ms
[2742.500s][debug][gc,ref         ] GC(180) Skipped phase 1 of Reference Processing: no references
[2742.500s][debug][gc,ref         ] GC(180) ReferenceProcessor::execute queues: 1, RefProcThreadModel::Single, marks_oops_alive: false
[2742.500s][debug][gc,ref         ] GC(180) Skipped phase 3 of Reference Processing: no references
[2742.500s][debug][gc,ref         ] GC(180) ReferenceProcessor::execute queues: 1, RefProcThreadModel::Single, marks_oops_alive: false
[2742.500s][debug][gc,phases      ] GC(180) Reference Processing 0.130ms
[2742.500s][debug][gc,phases      ] GC(180)   VM Weak                        Min:  0.0, Avg:  0.0, Max:  0.0, Diff:  0.0, Sum:  0.0, Workers: 4
[2742.500s][debug][gc,phases      ] GC(180)     Dead                           Min: 0, Avg:  0.0, Max: 0, Diff: 0, Sum: 0, Workers: 4
[2742.500s][debug][gc,phases      ] GC(180)     Total                          Min: 0, Avg: 211.8, Max: 448, Diff: 448, Sum: 847, Workers: 4
[2742.500s][debug][gc,phases      ] GC(180)   ObjectSynchronizer Weak        Min:  0.0, Avg:  0.0, Max:  0.0, Diff:  0.0, Sum:  0.0, Workers: 4
[2742.500s][debug][gc,phases      ] GC(180)     Dead                           Min: 0, Avg:  0.0, Max: 0, Diff: 0, Sum: 0, Workers: 4
[2742.500s][debug][gc,phases      ] GC(180)     Total                          Min: 0, Avg: 14.8, Max: 59, Diff: 59, Sum: 59, Workers: 4
[2742.500s][debug][gc,phases      ] GC(180)   JVMTI Tag Weak OopStorage      Min:  0.0, Avg:  0.0, Max:  0.0, Diff:  0.0, Sum:  0.0, Workers: 4
[2742.500s][debug][gc,phases      ] GC(180)     Dead                           Min: 0, Avg:  0.0, Max: 0, Diff: 0, Sum: 0, Workers: 4
[2742.500s][debug][gc,phases      ] GC(180)     Total                          Min: 0, Avg:  0.0, Max: 0, Diff: 0, Sum: 0, Workers: 4
[2742.500s][debug][gc,phases      ] GC(180)   StringTable Weak               Min:  0.0, Avg:  0.1, Max:  0.1, Diff:  0.1, Sum:  0.4, Workers: 4
[2742.500s][debug][gc,phases      ] GC(180)     Dead                           Min: 0, Avg:  0.0, Max: 0, Diff: 0, Sum: 0, Workers: 4
[2742.500s][debug][gc,phases      ] GC(180)     Total                          Min: 0, Avg: 11212.5, Max: 15296, Diff: 15296, Sum: 44850, Workers: 4
[2742.500s][debug][gc,phases      ] GC(180)   ResolvedMethodTable Weak       Min:  0.0, Avg:  0.0, Max:  0.0, Diff:  0.0, Sum:  0.1, Workers: 4
[2742.500s][debug][gc,phases      ] GC(180)     Dead                           Min: 0, Avg:  0.0, Max: 0, Diff: 0, Sum: 0, Workers: 4
[2742.500s][debug][gc,phases      ] GC(180)     Total                          Min: 0, Avg: 2453.5, Max: 3578, Diff: 3578, Sum: 9814, Workers: 4
[2742.500s][debug][gc,phases      ] GC(180)   JNI Weak                       Min:  0.0, Avg:  0.0, Max:  0.0, Diff:  0.0, Sum:  0.0, Workers: 4
[2742.500s][debug][gc,phases      ] GC(180)     Dead                           Min: 0, Avg:  0.0, Max: 0, Diff: 0, Sum: 0, Workers: 4
[2742.500s][debug][gc,phases      ] GC(180)     Total                          Min: 0, Avg: 11.2, Max: 45, Diff: 45, Sum: 45, Workers: 4
[2742.500s][debug][gc,phases      ] GC(180)   StringDedup Table Weak         Min:  0.0, Avg:  0.0, Max:  0.0, Diff:  0.0, Sum:  0.0, Workers: 4
[2742.500s][debug][gc,phases      ] GC(180)     Dead                           Min: 0, Avg:  0.0, Max: 0, Diff: 0, Sum: 0, Workers: 4
[2742.500s][debug][gc,phases      ] GC(180)     Total                          Min: 0, Avg:  0.0, Max: 0, Diff: 0, Sum: 0, Workers: 4
[2742.500s][debug][gc,phases      ] GC(180)   StringDedup Requests0 Weak     Min:  0.0, Avg:  0.0, Max:  0.0, Diff:  0.0, Sum:  0.0, Workers: 4
[2742.500s][debug][gc,phases      ] GC(180)     Dead                           Min: 0, Avg:  0.0, Max: 0, Diff: 0, Sum: 0, Workers: 4
[2742.500s][debug][gc,phases      ] GC(180)     Total                          Min: 0, Avg:  0.0, Max: 0, Diff: 0, Sum: 0, Workers: 4
[2742.500s][debug][gc,phases      ] GC(180)   StringDedup Requests1 Weak     Min:  0.0, Avg:  0.0, Max:  0.0, Diff:  0.0, Sum:  0.0, Workers: 4
[2742.500s][debug][gc,phases      ] GC(180)     Dead                           Min: 0, Avg:  0.0, Max: 0, Diff: 0, Sum: 0, Workers: 4
[2742.500s][debug][gc,phases      ] GC(180)     Total                          Min: 0, Avg:  0.0, Max: 0, Diff: 0, Sum: 0, Workers: 4
[2742.501s][debug][gc,phases      ] GC(180)   Weak JFR Old Object Samples    Min:  0.0, Avg:  0.0, Max:  0.0, Diff:  0.0, Sum:  0.0, Workers: 4
[2742.501s][debug][gc,phases      ] GC(180)     Dead                           Min: 0, Avg:  0.0, Max: 0, Diff: 0, Sum: 0, Workers: 4
[2742.501s][debug][gc,phases      ] GC(180)     Total                          Min: 0, Avg:  0.0, Max: 0, Diff: 0, Sum: 0, Workers: 4
[2742.501s][debug][gc,phases      ] GC(180) Weak Processing 0.443ms
[2742.501s][debug][gc,age         ] GC(180) Desired survivor size 3145728 bytes, new threshold 15 (max threshold 15)
[2742.501s][info ][gc,heap        ] GC(180) PSYoungGen: 2092288K(2093568K)->2304K(2093568K) Eden: 2089984K(2089984K)->0K(2089984K) From: 2304K(3584K)->2304K(3584K)
[2742.501s][info ][gc,heap        ] GC(180) ParOldGen: 368879K(458752K)->368903K(458752K)
[2742.501s][info ][gc,metaspace   ] GC(180) Metaspace: 83323K(84352K)->83323K(84352K) NonClass: 71392K(71936K)->71392K(71936K) Class: 11930K(12416K)->11930K(12416K)
[2742.501s][info ][gc             ] GC(180) Pause Young (Allocation Failure) 2403M->362M(2492M) 7.059ms
[2742.501s][info ][gc,cpu         ] GC(180) User=0.01s Sys=0.01s Real=0.01s
[2742.501s][info ][safepoint      ] Safepoint "ParallelGCFailedAllocation", Time since last: 539727897 ns, Reaching safepoint: 112700 ns, At safepoint: 7144870 ns, Total: 7257570 ns
[2746.501s][info ][safepoint      ] Safepoint "Cleanup", Time since last: 4000286674 ns, Reaching safepoint: 106200 ns, At safepoint: 5700 ns, Total: 111900 ns
[2750.502s][info ][safepoint      ] Safepoint "Cleanup", Time since last: 4000364499 ns, Reaching safepoint: 118800 ns, At safepoint: 8300 ns, Total: 127100 ns
[2754.502s][info ][safepoint      ] Safepoint "Cleanup", Time since last: 4000314700 ns, Reaching safepoint: 34000 ns, At safepoint: 2500 ns, Total: 36500 ns
[2758.944s][info ][gc,start       ] GC(181) Pause Young (Allocation Failure)
[2758.949s][debug][gc,phases      ] GC(181) Scavenge 5.613ms
[2758.949s][debug][gc,ref         ] GC(181) Skipped phase 1 of Reference Processing: no references
[2758.949s][debug][gc,ref         ] GC(181) ReferenceProcessor::execute queues: 1, RefProcThreadModel::Single, marks_oops_alive: false
[2758.949s][debug][gc,ref         ] GC(181) Skipped phase 3 of Reference Processing: no references
[2758.949s][debug][gc,ref         ] GC(181) ReferenceProcessor::execute queues: 1, RefProcThreadModel::Single, marks_oops_alive: false
[2758.949s][debug][gc,phases      ] GC(181) Reference Processing 0.089ms
[2758.950s][debug][gc,phases      ] GC(181)   VM Weak                        Min:  0.0, Avg:  0.0, Max:  0.0, Diff:  0.0, Sum:  0.0, Workers: 4
[2758.950s][debug][gc,phases      ] GC(181)     Dead                           Min: 0, Avg:  0.0, Max: 0, Diff: 0, Sum: 0, Workers: 4
[2758.950s][debug][gc,phases      ] GC(181)     Total                          Min: 0, Avg: 211.8, Max: 527, Diff: 527, Sum: 847, Workers: 4
[2758.950s][debug][gc,phases      ] GC(181)   ObjectSynchronizer Weak        Min:  0.0, Avg:  0.0, Max:  0.0, Diff:  0.0, Sum:  0.0, Workers: 4
[2758.950s][debug][gc,phases      ] GC(181)     Dead                           Min: 0, Avg:  0.0, Max: 0, Diff: 0, Sum: 0, Workers: 4
[2758.950s][debug][gc,phases      ] GC(181)     Total                          Min: 0, Avg: 14.8, Max: 59, Diff: 59, Sum: 59, Workers: 4
[2758.950s][debug][gc,phases      ] GC(181)   JVMTI Tag Weak OopStorage      Min:  0.0, Avg:  0.0, Max:  0.0, Diff:  0.0, Sum:  0.0, Workers: 4
[2758.950s][debug][gc,phases      ] GC(181)     Dead                           Min: 0, Avg:  0.0, Max: 0, Diff: 0, Sum: 0, Workers: 4
[2758.950s][debug][gc,phases      ] GC(181)     Total                          Min: 0, Avg:  0.0, Max: 0, Diff: 0, Sum: 0, Workers: 4
[2758.950s][debug][gc,phases      ] GC(181)   StringTable Weak               Min:  0.0, Avg:  0.1, Max:  0.1, Diff:  0.1, Sum:  0.3, Workers: 4
[2758.950s][debug][gc,phases      ] GC(181)     Dead                           Min: 0, Avg:  0.0, Max: 0, Diff: 0, Sum: 0, Workers: 4
[2758.950s][debug][gc,phases      ] GC(181)     Total                          Min: 0, Avg: 11212.5, Max: 26868, Diff: 26868, Sum: 44850, Workers: 4
[2758.950s][debug][gc,phases      ] GC(181)   ResolvedMethodTable Weak       Min:  0.0, Avg:  0.0, Max:  0.0, Diff:  0.0, Sum:  0.1, Workers: 4
[2758.950s][debug][gc,phases      ] GC(181)     Dead                           Min: 0, Avg:  0.0, Max: 0, Diff: 0, Sum: 0, Workers: 4
[2758.950s][debug][gc,phases      ] GC(181)     Total                          Min: 0, Avg: 2453.5, Max: 5504, Diff: 5504, Sum: 9814, Workers: 4
[2758.950s][debug][gc,phases      ] GC(181)   JNI Weak                       Min:  0.0, Avg:  0.0, Max:  0.0, Diff:  0.0, Sum:  0.0, Workers: 4
[2758.950s][debug][gc,phases      ] GC(181)     Dead                           Min: 0, Avg:  0.0, Max: 0, Diff: 0, Sum: 0, Workers: 4
[2758.950s][debug][gc,phases      ] GC(181)     Total                          Min: 0, Avg: 11.2, Max: 45, Diff: 45, Sum: 45, Workers: 4
[2758.950s][debug][gc,phases      ] GC(181)   StringDedup Table Weak         Min:  0.0, Avg:  0.0, Max:  0.0, Diff:  0.0, Sum:  0.0, Workers: 4
[2758.950s][debug][gc,phases      ] GC(181)     Dead                           Min: 0, Avg:  0.0, Max: 0, Diff: 0, Sum: 0, Workers: 4
[2758.950s][debug][gc,phases      ] GC(181)     Total                          Min: 0, Avg:  0.0, Max: 0, Diff: 0, Sum: 0, Workers: 4
[2758.950s][debug][gc,phases      ] GC(181)   StringDedup Requests0 Weak     Min:  0.0, Avg:  0.0, Max:  0.0, Diff:  0.0, Sum:  0.0, Workers: 4
[2758.950s][debug][gc,phases      ] GC(181)     Dead                           Min: 0, Avg:  0.0, Max: 0, Diff: 0, Sum: 0, Workers: 4
[2758.950s][debug][gc,phases      ] GC(181)     Total                          Min: 0, Avg:  0.0, Max: 0, Diff: 0, Sum: 0, Workers: 4
[2758.950s][debug][gc,phases      ] GC(181)   StringDedup Requests1 Weak     Min:  0.0, Avg:  0.0, Max:  0.0, Diff:  0.0, Sum:  0.0, Workers: 4
[2758.950s][debug][gc,phases      ] GC(181)     Dead                           Min: 0, Avg:  0.0, Max: 0, Diff: 0, Sum: 0, Workers: 4
[2758.950s][debug][gc,phases      ] GC(181)     Total                          Min: 0, Avg:  0.0, Max: 0, Diff: 0, Sum: 0, Workers: 4
[2758.950s][debug][gc,phases      ] GC(181)   Weak JFR Old Object Samples    Min:  0.0, Avg:  0.0, Max:  0.0, Diff:  0.0, Sum:  0.0, Workers: 4
[2758.950s][debug][gc,phases      ] GC(181)     Dead                           Min: 0, Avg:  0.0, Max: 0, Diff: 0, Sum: 0, Workers: 4
[2758.950s][debug][gc,phases      ] GC(181)     Total                          Min: 0, Avg:  0.0, Max: 0, Diff: 0, Sum: 0, Workers: 4
[2758.950s][debug][gc,phases      ] GC(181) Weak Processing 0.398ms
[2758.950s][debug][gc,age         ] GC(181) Desired survivor size 3145728 bytes, new threshold 15 (max threshold 15)
[2758.950s][info ][gc,heap        ] GC(181) PSYoungGen: 2092288K(2093568K)->2304K(2094080K) Eden: 2089984K(2089984K)->0K(2091008K) From: 2304K(3584K)->2304K(3072K)
[2758.950s][info ][gc,heap        ] GC(181) ParOldGen: 368903K(458752K)->368959K(458752K)
[2758.950s][info ][gc,metaspace   ] GC(181) Metaspace: 83323K(84352K)->83323K(84352K) NonClass: 71392K(71936K)->71392K(71936K) Class: 11930K(12416K)->11930K(12416K)
[2758.950s][info ][gc             ] GC(181) Pause Young (Allocation Failure) 2403M->362M(2493M) 6.212ms
[2758.950s][info ][gc,cpu         ] GC(181) User=0.02s Sys=0.00s Real=0.01s
[2758.950s][info ][safepoint      ] Safepoint "ParallelGCFailedAllocation", Time since last: 4441586926 ns, Reaching safepoint: 29700 ns, At safepoint: 6280974 ns, Total: 6310674 ns
[2759.950s][info ][safepoint      ] Safepoint "Cleanup", Time since last: 1000084431 ns, Reaching safepoint: 37400 ns, At safepoint: 3600 ns, Total: 41000 ns
[2763.950s][info ][safepoint      ] Safepoint "Cleanup", Time since last: 4000251816 ns, Reaching safepoint: 42800 ns, At safepoint: 3900 ns, Total: 46700 ns
[2775.699s][info ][gc,start       ] GC(182) Pause Young (Allocation Failure)
[2775.705s][debug][gc,phases      ] GC(182) Scavenge 5.567ms
[2775.705s][debug][gc,ref         ] GC(182) Skipped phase 1 of Reference Processing: no references
[2775.705s][debug][gc,ref         ] GC(182) ReferenceProcessor::execute queues: 1, RefProcThreadModel::Single, marks_oops_alive: false
[2775.705s][debug][gc,ref         ] GC(182) Skipped phase 3 of Reference Processing: no references
[2775.705s][debug][gc,ref         ] GC(182) ReferenceProcessor::execute queues: 1, RefProcThreadModel::Single, marks_oops_alive: false
[2775.705s][debug][gc,phases      ] GC(182) Reference Processing 0.092ms
[2775.705s][debug][gc,phases      ] GC(182)   VM Weak                        Min:  0.0, Avg:  0.0, Max:  0.0, Diff:  0.0, Sum:  0.0, Workers: 4
[2775.705s][debug][gc,phases      ] GC(182)     Dead                           Min: 0, Avg:  0.0, Max: 0, Diff: 0, Sum: 0, Workers: 4
[2775.705s][debug][gc,phases      ] GC(182)     Total                          Min: 0, Avg: 211.8, Max: 335, Diff: 335, Sum: 847, Workers: 4
[2775.705s][debug][gc,phases      ] GC(182)   ObjectSynchronizer Weak        Min:  0.0, Avg:  0.0, Max:  0.0, Diff:  0.0, Sum:  0.0, Workers: 4
[2775.705s][debug][gc,phases      ] GC(182)     Dead                           Min: 0, Avg:  0.0, Max: 0, Diff: 0, Sum: 0, Workers: 4
[2775.705s][debug][gc,phases      ] GC(182)     Total                          Min: 0, Avg: 14.8, Max: 59, Diff: 59, Sum: 59, Workers: 4
[2775.705s][debug][gc,phases      ] GC(182)   JVMTI Tag Weak OopStorage      Min:  0.0, Avg:  0.0, Max:  0.0, Diff:  0.0, Sum:  0.0, Workers: 4
[2775.705s][debug][gc,phases      ] GC(182)     Dead                           Min: 0, Avg:  0.0, Max: 0, Diff: 0, Sum: 0, Workers: 4
[2775.705s][debug][gc,phases      ] GC(182)     Total                          Min: 0, Avg:  0.0, Max: 0, Diff: 0, Sum: 0, Workers: 4
[2775.705s][debug][gc,phases      ] GC(182)   StringTable Weak               Min:  0.0, Avg:  0.1, Max:  0.1, Diff:  0.1, Sum:  0.4, Workers: 4
[2775.705s][debug][gc,phases      ] GC(182)     Dead                           Min: 0, Avg:  0.0, Max: 0, Diff: 0, Sum: 0, Workers: 4
[2775.705s][debug][gc,phases      ] GC(182)     Total                          Min: 0, Avg: 11214.5, Max: 15356, Diff: 15356, Sum: 44858, Workers: 4
[2775.705s][debug][gc,phases      ] GC(182)   ResolvedMethodTable Weak       Min:  0.0, Avg:  0.0, Max:  0.0, Diff:  0.0, Sum:  0.1, Workers: 4
[2775.705s][debug][gc,phases      ] GC(182)     Dead                           Min: 0, Avg:  0.0, Max: 0, Diff: 0, Sum: 0, Workers: 4
[2775.705s][debug][gc,phases      ] GC(182)     Total                          Min: 0, Avg: 2453.5, Max: 3356, Diff: 3356, Sum: 9814, Workers: 4
[2775.705s][debug][gc,phases      ] GC(182)   JNI Weak                       Min:  0.0, Avg:  0.0, Max:  0.0, Diff:  0.0, Sum:  0.0, Workers: 4
[2775.705s][debug][gc,phases      ] GC(182)     Dead                           Min: 0, Avg:  0.0, Max: 0, Diff: 0, Sum: 0, Workers: 4
[2775.705s][debug][gc,phases      ] GC(182)     Total                          Min: 0, Avg: 11.2, Max: 45, Diff: 45, Sum: 45, Workers: 4
[2775.705s][debug][gc,phases      ] GC(182)   StringDedup Table Weak         Min:  0.0, Avg:  0.0, Max:  0.0, Diff:  0.0, Sum:  0.0, Workers: 4
[2775.705s][debug][gc,phases      ] GC(182)     Dead                           Min: 0, Avg:  0.0, Max: 0, Diff: 0, Sum: 0, Workers: 4
[2775.705s][debug][gc,phases      ] GC(182)     Total                          Min: 0, Avg:  0.0, Max: 0, Diff: 0, Sum: 0, Workers: 4
[2775.705s][debug][gc,phases      ] GC(182)   StringDedup Requests0 Weak     Min:  0.0, Avg:  0.0, Max:  0.0, Diff:  0.0, Sum:  0.0, Workers: 4
[2775.705s][debug][gc,phases      ] GC(182)     Dead                           Min: 0, Avg:  0.0, Max: 0, Diff: 0, Sum: 0, Workers: 4
[2775.705s][debug][gc,phases      ] GC(182)     Total                          Min: 0, Avg:  0.0, Max: 0, Diff: 0, Sum: 0, Workers: 4
[2775.705s][debug][gc,phases      ] GC(182)   StringDedup Requests1 Weak     Min:  0.0, Avg:  0.0, Max:  0.0, Diff:  0.0, Sum:  0.0, Workers: 4
[2775.705s][debug][gc,phases      ] GC(182)     Dead                           Min: 0, Avg:  0.0, Max: 0, Diff: 0, Sum: 0, Workers: 4
[2775.705s][debug][gc,phases      ] GC(182)     Total                          Min: 0, Avg:  0.0, Max: 0, Diff: 0, Sum: 0, Workers: 4
[2775.705s][debug][gc,phases      ] GC(182)   Weak JFR Old Object Samples    Min:  0.0, Avg:  0.0, Max:  0.0, Diff:  0.0, Sum:  0.0, Workers: 4
[2775.705s][debug][gc,phases      ] GC(182)     Dead                           Min: 0, Avg:  0.0, Max: 0, Diff: 0, Sum: 0, Workers: 4
[2775.705s][debug][gc,phases      ] GC(182)     Total                          Min: 0, Avg:  0.0, Max: 0, Diff: 0, Sum: 0, Workers: 4
[2775.705s][debug][gc,phases      ] GC(182) Weak Processing 0.331ms
[2775.705s][debug][gc,age         ] GC(182) Desired survivor size 3145728 bytes, new threshold 15 (max threshold 15)
[2775.705s][info ][gc,heap        ] GC(182) PSYoungGen: 2093312K(2094080K)->2304K(2094080K) Eden: 2091008K(2091008K)->0K(2091008K) From: 2304K(3072K)->2304K(3072K)
[2775.705s][info ][gc,heap        ] GC(182) ParOldGen: 368959K(458752K)->368999K(458752K)
[2775.705s][info ][gc,metaspace   ] GC(182) Metaspace: 83324K(84352K)->83324K(84352K) NonClass: 71393K(71936K)->71393K(71936K) Class: 11930K(12416K)->11930K(12416K)
[2775.705s][info ][gc             ] GC(182) Pause Young (Allocation Failure) 2404M->362M(2493M) 6.098ms
[2775.705s][info ][gc,cpu         ] GC(182) User=0.02s Sys=0.00s Real=0.00s
[2775.705s][info ][safepoint      ] Safepoint "ParallelGCFailedAllocation", Time since last: 11748721413 ns, Reaching safepoint: 49899 ns, At safepoint: 6161675 ns, Total: 6211574 ns
[2781.706s][info ][safepoint      ] Safepoint "Cleanup", Time since last: 6000423137 ns, Reaching safepoint: 42800 ns, At safepoint: 3100 ns, Total: 45900 ns
[2782.706s][info ][safepoint      ] Safepoint "Cleanup", Time since last: 1000114424 ns, Reaching safepoint: 73100 ns, At safepoint: 8700 ns, Total: 81800 ns
[2783.706s][info ][safepoint      ] Safepoint "Cleanup", Time since last: 1000112524 ns, Reaching safepoint: 40100 ns, At safepoint: 2700 ns, Total: 42800 ns
[2784.706s][info ][safepoint      ] Safepoint "Cleanup", Time since last: 1000054324 ns, Reaching safepoint: 43700 ns, At safepoint: 5400 ns, Total: 49100 ns
[2791.707s][info ][safepoint      ] Safepoint "Cleanup", Time since last: 7000494973 ns, Reaching safepoint: 44900 ns, At safepoint: 5000 ns, Total: 49900 ns
[2792.091s][info ][gc,start       ] GC(183) Pause Young (Allocation Failure)
[2792.100s][debug][gc,phases      ] GC(183) Scavenge 8.080ms
[2792.100s][debug][gc,ref         ] GC(183) Skipped phase 1 of Reference Processing: no references
[2792.100s][debug][gc,ref         ] GC(183) ReferenceProcessor::execute queues: 1, RefProcThreadModel::Single, marks_oops_alive: false
[2792.100s][debug][gc,ref         ] GC(183) Skipped phase 3 of Reference Processing: no references
[2792.100s][debug][gc,ref         ] GC(183) ReferenceProcessor::execute queues: 1, RefProcThreadModel::Single, marks_oops_alive: false
[2792.100s][debug][gc,phases      ] GC(183) Reference Processing 0.136ms
[2792.100s][debug][gc,phases      ] GC(183)   VM Weak                        Min:  0.0, Avg:  0.0, Max:  0.0, Diff:  0.0, Sum:  0.0, Workers: 4
[2792.100s][debug][gc,phases      ] GC(183)     Dead                           Min: 0, Avg:  0.0, Max: 0, Diff: 0, Sum: 0, Workers: 4
[2792.100s][debug][gc,phases      ] GC(183)     Total                          Min: 0, Avg: 211.8, Max: 512, Diff: 512, Sum: 847, Workers: 4
[2792.100s][debug][gc,phases      ] GC(183)   ObjectSynchronizer Weak        Min:  0.0, Avg:  0.0, Max:  0.0, Diff:  0.0, Sum:  0.0, Workers: 4
[2792.100s][debug][gc,phases      ] GC(183)     Dead                           Min: 0, Avg:  0.0, Max: 0, Diff: 0, Sum: 0, Workers: 4
[2792.100s][debug][gc,phases      ] GC(183)     Total                          Min: 0, Avg: 14.8, Max: 59, Diff: 59, Sum: 59, Workers: 4
[2792.100s][debug][gc,phases      ] GC(183)   JVMTI Tag Weak OopStorage      Min:  0.0, Avg:  0.0, Max:  0.0, Diff:  0.0, Sum:  0.0, Workers: 4
[2792.100s][debug][gc,phases      ] GC(183)     Dead                           Min: 0, Avg:  0.0, Max: 0, Diff: 0, Sum: 0, Workers: 4
[2792.100s][debug][gc,phases      ] GC(183)     Total                          Min: 0, Avg:  0.0, Max: 0, Diff: 0, Sum: 0, Workers: 4
[2792.100s][debug][gc,phases      ] GC(183)   StringTable Weak               Min:  0.0, Avg:  0.1, Max:  0.2, Diff:  0.2, Sum:  0.4, Workers: 4
[2792.100s][debug][gc,phases      ] GC(183)     Dead                           Min: 0, Avg:  0.0, Max: 0, Diff: 0, Sum: 0, Workers: 4
[2792.100s][debug][gc,phases      ] GC(183)     Total                          Min: 0, Avg: 11214.5, Max: 22528, Diff: 22528, Sum: 44858, Workers: 4
[2792.100s][debug][gc,phases      ] GC(183)   ResolvedMethodTable Weak       Min:  0.0, Avg:  0.0, Max:  0.0, Diff:  0.0, Sum:  0.1, Workers: 4
[2792.100s][debug][gc,phases      ] GC(183)     Dead                           Min: 0, Avg:  0.0, Max: 0, Diff: 0, Sum: 0, Workers: 4
[2792.100s][debug][gc,phases      ] GC(183)     Total                          Min: 0, Avg: 2453.5, Max: 5114, Diff: 5114, Sum: 9814, Workers: 4
[2792.100s][debug][gc,phases      ] GC(183)   JNI Weak                       Min:  0.0, Avg:  0.0, Max:  0.0, Diff:  0.0, Sum:  0.0, Workers: 4
[2792.100s][debug][gc,phases      ] GC(183)     Dead                           Min: 0, Avg:  0.0, Max: 0, Diff: 0, Sum: 0, Workers: 4
[2792.100s][debug][gc,phases      ] GC(183)     Total                          Min: 0, Avg: 11.2, Max: 45, Diff: 45, Sum: 45, Workers: 4
[2792.100s][debug][gc,phases      ] GC(183)   StringDedup Table Weak         Min:  0.0, Avg:  0.0, Max:  0.0, Diff:  0.0, Sum:  0.0, Workers: 4
[2792.100s][debug][gc,phases      ] GC(183)     Dead                           Min: 0, Avg:  0.0, Max: 0, Diff: 0, Sum: 0, Workers: 4
[2792.100s][debug][gc,phases      ] GC(183)     Total                          Min: 0, Avg:  0.0, Max: 0, Diff: 0, Sum: 0, Workers: 4
[2792.100s][debug][gc,phases      ] GC(183)   StringDedup Requests0 Weak     Min:  0.0, Avg:  0.0, Max:  0.0, Diff:  0.0, Sum:  0.0, Workers: 4
[2792.100s][debug][gc,phases      ] GC(183)     Dead                           Min: 0, Avg:  0.0, Max: 0, Diff: 0, Sum: 0, Workers: 4
[2792.100s][debug][gc,phases      ] GC(183)     Total                          Min: 0, Avg:  0.0, Max: 0, Diff: 0, Sum: 0, Workers: 4
[2792.100s][debug][gc,phases      ] GC(183)   StringDedup Requests1 Weak     Min:  0.0, Avg:  0.0, Max:  0.0, Diff:  0.0, Sum:  0.0, Workers: 4
[2792.100s][debug][gc,phases      ] GC(183)     Dead                           Min: 0, Avg:  0.0, Max: 0, Diff: 0, Sum: 0, Workers: 4
[2792.100s][debug][gc,phases      ] GC(183)     Total                          Min: 0, Avg:  0.0, Max: 0, Diff: 0, Sum: 0, Workers: 4
[2792.100s][debug][gc,phases      ] GC(183)   Weak JFR Old Object Samples    Min:  0.0, Avg:  0.0, Max:  0.0, Diff:  0.0, Sum:  0.0, Workers: 4
[2792.100s][debug][gc,phases      ] GC(183)     Dead                           Min: 0, Avg:  0.0, Max: 0, Diff: 0, Sum: 0, Workers: 4
[2792.100s][debug][gc,phases      ] GC(183)     Total                          Min: 0, Avg:  0.0, Max: 0, Diff: 0, Sum: 0, Workers: 4
[2792.100s][debug][gc,phases      ] GC(183) Weak Processing 0.428ms
[2792.100s][debug][gc,age         ] GC(183) Desired survivor size 3145728 bytes, new threshold 15 (max threshold 15)
[2792.100s][info ][gc,heap        ] GC(183) PSYoungGen: 2093312K(2094080K)->1760K(2094080K) Eden: 2091008K(2091008K)->0K(2091008K) From: 2304K(3072K)->1760K(3072K)
[2792.100s][info ][gc,heap        ] GC(183) ParOldGen: 368999K(458752K)->369639K(458752K)
[2792.100s][info ][gc,metaspace   ] GC(183) Metaspace: 83330K(84352K)->83330K(84352K) NonClass: 71399K(71936K)->71399K(71936K) Class: 11930K(12416K)->11930K(12416K)
[2792.100s][info ][gc             ] GC(183) Pause Young (Allocation Failure) 2404M->362M(2493M) 8.758ms
[2792.100s][info ][gc,cpu         ] GC(183) User=0.02s Sys=0.00s Real=0.01s
[2792.100s][info ][safepoint      ] Safepoint "ParallelGCFailedAllocation", Time since last: 384722232 ns, Reaching safepoint: 43000 ns, At safepoint: 8829164 ns, Total: 8872164 ns
[2795.101s][info ][safepoint      ] Safepoint "Cleanup", Time since last: 3000229074 ns, Reaching safepoint: 113400 ns, At safepoint: 6200 ns, Total: 119600 ns
[2796.101s][info ][safepoint      ] Safepoint "Cleanup", Time since last: 1000101222 ns, Reaching safepoint: 45400 ns, At safepoint: 5800 ns, Total: 51200 ns
[2803.101s][info ][safepoint      ] Safepoint "Cleanup", Time since last: 7000516065 ns, Reaching safepoint: 104300 ns, At safepoint: 2900 ns, Total: 107200 ns
[2804.102s][info ][safepoint      ] Safepoint "Cleanup", Time since last: 1000114441 ns, Reaching safepoint: 116600 ns, At safepoint: 8800 ns, Total: 125400 ns
[2806.102s][info ][safepoint      ] Safepoint "Cleanup", Time since last: 2000189183 ns, Reaching safepoint: 119600 ns, At safepoint: 4500 ns, Total: 124100 ns
[2808.394s][info ][gc,start       ] GC(184) Pause Young (Allocation Failure)
[2808.400s][debug][gc,phases      ] GC(184) Scavenge 6.670ms
[2808.400s][debug][gc,ref         ] GC(184) Skipped phase 1 of Reference Processing: no references
[2808.400s][debug][gc,ref         ] GC(184) ReferenceProcessor::execute queues: 1, RefProcThreadModel::Single, marks_oops_alive: false
[2808.400s][debug][gc,ref         ] GC(184) Skipped phase 3 of Reference Processing: no references
[2808.400s][debug][gc,ref         ] GC(184) ReferenceProcessor::execute queues: 1, RefProcThreadModel::Single, marks_oops_alive: false
[2808.400s][debug][gc,phases      ] GC(184) Reference Processing 0.155ms
[2808.401s][debug][gc,phases      ] GC(184)   VM Weak                        Min:  0.0, Avg:  0.0, Max:  0.0, Diff:  0.0, Sum:  0.0, Workers: 4
[2808.401s][debug][gc,phases      ] GC(184)     Dead                           Min: 0, Avg:  0.0, Max: 0, Diff: 0, Sum: 0, Workers: 4
[2808.401s][debug][gc,phases      ] GC(184)     Total                          Min: 0, Avg: 211.8, Max: 847, Diff: 847, Sum: 847, Workers: 4
[2808.401s][debug][gc,phases      ] GC(184)   ObjectSynchronizer Weak        Min:  0.0, Avg:  0.0, Max:  0.0, Diff:  0.0, Sum:  0.0, Workers: 4
[2808.401s][debug][gc,phases      ] GC(184)     Dead                           Min: 0, Avg:  0.0, Max: 0, Diff: 0, Sum: 0, Workers: 4
[2808.401s][debug][gc,phases      ] GC(184)     Total                          Min: 0, Avg: 14.8, Max: 59, Diff: 59, Sum: 59, Workers: 4
[2808.401s][debug][gc,phases      ] GC(184)   JVMTI Tag Weak OopStorage      Min:  0.0, Avg:  0.0, Max:  0.0, Diff:  0.0, Sum:  0.0, Workers: 4
[2808.401s][debug][gc,phases      ] GC(184)     Dead                           Min: 0, Avg:  0.0, Max: 0, Diff: 0, Sum: 0, Workers: 4
[2808.401s][debug][gc,phases      ] GC(184)     Total                          Min: 0, Avg:  0.0, Max: 0, Diff: 0, Sum: 0, Workers: 4
[2808.401s][debug][gc,phases      ] GC(184)   StringTable Weak               Min:  0.0, Avg:  0.1, Max:  0.3, Diff:  0.3, Sum:  0.3, Workers: 4
[2808.401s][debug][gc,phases      ] GC(184)     Dead                           Min: 0, Avg:  0.0, Max: 0, Diff: 0, Sum: 0, Workers: 4
[2808.401s][debug][gc,phases      ] GC(184)     Total                          Min: 0, Avg: 11214.5, Max: 44858, Diff: 44858, Sum: 44858, Workers: 4
[2808.401s][debug][gc,phases      ] GC(184)   ResolvedMethodTable Weak       Min:  0.0, Avg:  0.0, Max:  0.1, Diff:  0.1, Sum:  0.1, Workers: 4
[2808.401s][debug][gc,phases      ] GC(184)     Dead                           Min: 0, Avg:  0.0, Max: 0, Diff: 0, Sum: 0, Workers: 4
[2808.401s][debug][gc,phases      ] GC(184)     Total                          Min: 0, Avg: 2453.5, Max: 9814, Diff: 9814, Sum: 9814, Workers: 4
[2808.401s][debug][gc,phases      ] GC(184)   JNI Weak                       Min:  0.0, Avg:  0.0, Max:  0.0, Diff:  0.0, Sum:  0.0, Workers: 4
[2808.401s][debug][gc,phases      ] GC(184)     Dead                           Min: 0, Avg:  0.0, Max: 0, Diff: 0, Sum: 0, Workers: 4
[2808.401s][debug][gc,phases      ] GC(184)     Total                          Min: 0, Avg: 11.2, Max: 45, Diff: 45, Sum: 45, Workers: 4
[2808.401s][debug][gc,phases      ] GC(184)   StringDedup Table Weak         Min:  0.0, Avg:  0.0, Max:  0.0, Diff:  0.0, Sum:  0.0, Workers: 4
[2808.401s][debug][gc,phases      ] GC(184)     Dead                           Min: 0, Avg:  0.0, Max: 0, Diff: 0, Sum: 0, Workers: 4
[2808.401s][debug][gc,phases      ] GC(184)     Total                          Min: 0, Avg:  0.0, Max: 0, Diff: 0, Sum: 0, Workers: 4
[2808.401s][debug][gc,phases      ] GC(184)   StringDedup Requests0 Weak     Min:  0.0, Avg:  0.0, Max:  0.0, Diff:  0.0, Sum:  0.0, Workers: 4
[2808.401s][debug][gc,phases      ] GC(184)     Dead                           Min: 0, Avg:  0.0, Max: 0, Diff: 0, Sum: 0, Workers: 4
[2808.401s][debug][gc,phases      ] GC(184)     Total                          Min: 0, Avg:  0.0, Max: 0, Diff: 0, Sum: 0, Workers: 4
[2808.401s][debug][gc,phases      ] GC(184)   StringDedup Requests1 Weak     Min:  0.0, Avg:  0.0, Max:  0.0, Diff:  0.0, Sum:  0.0, Workers: 4
[2808.401s][debug][gc,phases      ] GC(184)     Dead                           Min: 0, Avg:  0.0, Max: 0, Diff: 0, Sum: 0, Workers: 4
[2808.401s][debug][gc,phases      ] GC(184)     Total                          Min: 0, Avg:  0.0, Max: 0, Diff: 0, Sum: 0, Workers: 4
[2808.401s][debug][gc,phases      ] GC(184)   Weak JFR Old Object Samples    Min:  0.0, Avg:  0.0, Max:  0.0, Diff:  0.0, Sum:  0.0, Workers: 4
[2808.401s][debug][gc,phases      ] GC(184)     Dead                           Min: 0, Avg:  0.0, Max: 0, Diff: 0, Sum: 0, Workers: 4
[2808.401s][debug][gc,phases      ] GC(184)     Total                          Min: 0, Avg:  0.0, Max: 0, Diff: 0, Sum: 0, Workers: 4
[2808.401s][debug][gc,phases      ] GC(184) Weak Processing 0.496ms
[2808.401s][debug][gc,age         ] GC(184) Desired survivor size 3145728 bytes, new threshold 15 (max threshold 15)
[2808.401s][info ][gc,heap        ] GC(184) PSYoungGen: 2092768K(2094080K)->1600K(2094080K) Eden: 2091008K(2091008K)->0K(2091008K) From: 1760K(3072K)->1600K(3072K)
[2808.401s][info ][gc,heap        ] GC(184) ParOldGen: 369639K(458752K)->369739K(458752K)
[2808.401s][info ][gc,metaspace   ] GC(184) Metaspace: 83357K(84416K)->83357K(84416K) NonClass: 71426K(72000K)->71426K(72000K) Class: 11930K(12416K)->11930K(12416K)
[2808.401s][info ][gc             ] GC(184) Pause Young (Allocation Failure) 2404M->362M(2493M) 7.436ms
[2808.401s][info ][gc,cpu         ] GC(184) User=0.01s Sys=0.00s Real=0.01s
[2808.401s][info ][safepoint      ] Safepoint "ParallelGCFailedAllocation", Time since last: 2291589401 ns, Reaching safepoint: 35099 ns, At safepoint: 7499870 ns, Total: 7534969 ns
[2810.401s][info ][safepoint      ] Safepoint "Cleanup", Time since last: 2000152084 ns, Reaching safepoint: 47099 ns, At safepoint: 2800 ns, Total: 49899 ns
[2825.296s][info ][gc,start       ] GC(185) Pause Young (Allocation Failure)
[2825.304s][debug][gc,phases      ] GC(185) Scavenge 7.817ms
[2825.304s][debug][gc,ref         ] GC(185) Skipped phase 1 of Reference Processing: no references
[2825.304s][debug][gc,ref         ] GC(185) ReferenceProcessor::execute queues: 1, RefProcThreadModel::Single, marks_oops_alive: false
[2825.304s][debug][gc,ref         ] GC(185) Skipped phase 3 of Reference Processing: no references
[2825.304s][debug][gc,ref         ] GC(185) Skipped phase 4 of Reference Processing: no references
[2825.304s][debug][gc,phases      ] GC(185) Reference Processing 0.102ms
[2825.304s][debug][gc,phases      ] GC(185)   VM Weak                        Min:  0.0, Avg:  0.0, Max:  0.0, Diff:  0.0, Sum:  0.0, Workers: 4
[2825.304s][debug][gc,phases      ] GC(185)     Dead                           Min: 0, Avg:  0.0, Max: 0, Diff: 0, Sum: 0, Workers: 4
[2825.304s][debug][gc,phases      ] GC(185)     Total                          Min: 0, Avg: 211.8, Max: 512, Diff: 512, Sum: 847, Workers: 4
[2825.304s][debug][gc,phases      ] GC(185)   ObjectSynchronizer Weak        Min:  0.0, Avg:  0.0, Max:  0.0, Diff:  0.0, Sum:  0.0, Workers: 4
[2825.304s][debug][gc,phases      ] GC(185)     Dead                           Min: 0, Avg:  0.0, Max: 0, Diff: 0, Sum: 0, Workers: 4
[2825.304s][debug][gc,phases      ] GC(185)     Total                          Min: 0, Avg: 14.8, Max: 59, Diff: 59, Sum: 59, Workers: 4
[2825.304s][debug][gc,phases      ] GC(185)   JVMTI Tag Weak OopStorage      Min:  0.0, Avg:  0.0, Max:  0.0, Diff:  0.0, Sum:  0.0, Workers: 4
[2825.304s][debug][gc,phases      ] GC(185)     Dead                           Min: 0, Avg:  0.0, Max: 0, Diff: 0, Sum: 0, Workers: 4
[2825.304s][debug][gc,phases      ] GC(185)     Total                          Min: 0, Avg:  0.0, Max: 0, Diff: 0, Sum: 0, Workers: 4
[2825.304s][debug][gc,phases      ] GC(185)   StringTable Weak               Min:  0.0, Avg:  0.1, Max:  0.1, Diff:  0.1, Sum:  0.4, Workers: 4
[2825.304s][debug][gc,phases      ] GC(185)     Dead                           Min: 0, Avg:  0.0, Max: 0, Diff: 0, Sum: 0, Workers: 4
[2825.304s][debug][gc,phases      ] GC(185)     Total                          Min: 0, Avg: 11214.5, Max: 15424, Diff: 15424, Sum: 44858, Workers: 4
[2825.304s][debug][gc,phases      ] GC(185)   ResolvedMethodTable Weak       Min:  0.0, Avg:  0.0, Max:  0.0, Diff:  0.0, Sum:  0.1, Workers: 4
[2825.304s][debug][gc,phases      ] GC(185)     Dead                           Min: 0, Avg:  0.0, Max: 0, Diff: 0, Sum: 0, Workers: 4
[2825.304s][debug][gc,phases      ] GC(185)     Total                          Min: 0, Avg: 2453.5, Max: 3450, Diff: 3450, Sum: 9814, Workers: 4
[2825.304s][debug][gc,phases      ] GC(185)   JNI Weak                       Min:  0.0, Avg:  0.0, Max:  0.0, Diff:  0.0, Sum:  0.0, Workers: 4
[2825.304s][debug][gc,phases      ] GC(185)     Dead                           Min: 0, Avg:  0.0, Max: 0, Diff: 0, Sum: 0, Workers: 4
[2825.304s][debug][gc,phases      ] GC(185)     Total                          Min: 0, Avg: 11.2, Max: 45, Diff: 45, Sum: 45, Workers: 4
[2825.304s][debug][gc,phases      ] GC(185)   StringDedup Table Weak         Min:  0.0, Avg:  0.0, Max:  0.0, Diff:  0.0, Sum:  0.0, Workers: 4
[2825.304s][debug][gc,phases      ] GC(185)     Dead                           Min: 0, Avg:  0.0, Max: 0, Diff: 0, Sum: 0, Workers: 4
[2825.304s][debug][gc,phases      ] GC(185)     Total                          Min: 0, Avg:  0.0, Max: 0, Diff: 0, Sum: 0, Workers: 4
[2825.304s][debug][gc,phases      ] GC(185)   StringDedup Requests0 Weak     Min:  0.0, Avg:  0.0, Max:  0.0, Diff:  0.0, Sum:  0.0, Workers: 4
[2825.304s][debug][gc,phases      ] GC(185)     Dead                           Min: 0, Avg:  0.0, Max: 0, Diff: 0, Sum: 0, Workers: 4
[2825.304s][debug][gc,phases      ] GC(185)     Total                          Min: 0, Avg:  0.0, Max: 0, Diff: 0, Sum: 0, Workers: 4
[2825.304s][debug][gc,phases      ] GC(185)   StringDedup Requests1 Weak     Min:  0.0, Avg:  0.0, Max:  0.0, Diff:  0.0, Sum:  0.0, Workers: 4
[2825.304s][debug][gc,phases      ] GC(185)     Dead                           Min: 0, Avg:  0.0, Max: 0, Diff: 0, Sum: 0, Workers: 4
[2825.304s][debug][gc,phases      ] GC(185)     Total                          Min: 0, Avg:  0.0, Max: 0, Diff: 0, Sum: 0, Workers: 4
[2825.304s][debug][gc,phases      ] GC(185)   Weak JFR Old Object Samples    Min:  0.0, Avg:  0.0, Max:  0.0, Diff:  0.0, Sum:  0.0, Workers: 4
[2825.304s][debug][gc,phases      ] GC(185)     Dead                           Min: 0, Avg:  0.0, Max: 0, Diff: 0, Sum: 0, Workers: 4
[2825.304s][debug][gc,phases      ] GC(185)     Total                          Min: 0, Avg:  0.0, Max: 0, Diff: 0, Sum: 0, Workers: 4
[2825.304s][debug][gc,phases      ] GC(185) Weak Processing 0.377ms
[2825.304s][debug][gc,age         ] GC(185) Desired survivor size 3145728 bytes, new threshold 15 (max threshold 15)
[2825.304s][info ][gc,heap        ] GC(185) PSYoungGen: 2092608K(2094080K)->1472K(2094080K) Eden: 2091008K(2091008K)->0K(2091008K) From: 1600K(3072K)->1472K(3072K)
[2825.304s][info ][gc,heap        ] GC(185) ParOldGen: 369739K(458752K)->369879K(458752K)
[2825.304s][info ][gc,metaspace   ] GC(185) Metaspace: 83358K(84416K)->83358K(84416K) NonClass: 71427K(72000K)->71427K(72000K) Class: 11930K(12416K)->11930K(12416K)
[2825.304s][info ][gc             ] GC(185) Pause Young (Allocation Failure) 2404M->362M(2493M) 8.406ms
[2825.304s][info ][gc,cpu         ] GC(185) User=0.02s Sys=0.00s Real=0.00s
[2825.304s][info ][safepoint      ] Safepoint "ParallelGCFailedAllocation", Time since last: 14894686481 ns, Reaching safepoint: 41500 ns, At safepoint: 8482266 ns, Total: 8523766 ns
[2826.305s][info ][safepoint      ] Safepoint "Cleanup", Time since last: 1000087331 ns, Reaching safepoint: 40400 ns, At safepoint: 2200 ns, Total: 42600 ns
[2838.305s][info ][safepoint      ] Safepoint "Cleanup", Time since last: 12000797899 ns, Reaching safepoint: 53399 ns, At safepoint: 2500 ns, Total: 55899 ns
[2844.545s][info ][gc,start       ] GC(186) Pause Young (Allocation Failure)
[2844.557s][debug][gc,phases      ] GC(186) Scavenge 12.148ms
[2844.557s][debug][gc,ref         ] GC(186) Skipped phase 1 of Reference Processing: no references
[2844.557s][debug][gc,ref         ] GC(186) ReferenceProcessor::execute queues: 1, RefProcThreadModel::Single, marks_oops_alive: false
[2844.557s][debug][gc,ref         ] GC(186) ReferenceProcessor::execute queues: 4, RefProcThreadModel::Multi, marks_oops_alive: true
[2844.557s][debug][gc,ref         ] GC(186) ReferenceProcessor::execute queues: 1, RefProcThreadModel::Single, marks_oops_alive: false
[2844.557s][debug][gc,phases      ] GC(186) Reference Processing 0.391ms
[2844.558s][debug][gc,phases      ] GC(186)   VM Weak                        Min:  0.0, Avg:  0.0, Max:  0.0, Diff:  0.0, Sum:  0.0, Workers: 4
[2844.558s][debug][gc,phases      ] GC(186)     Dead                           Min: 0, Avg:  0.0, Max: 0, Diff: 0, Sum: 0, Workers: 4
[2844.558s][debug][gc,phases      ] GC(186)     Total                          Min: 0, Avg: 211.8, Max: 847, Diff: 847, Sum: 847, Workers: 4
[2844.558s][debug][gc,phases      ] GC(186)   ObjectSynchronizer Weak        Min:  0.0, Avg:  0.0, Max:  0.0, Diff:  0.0, Sum:  0.0, Workers: 4
[2844.558s][debug][gc,phases      ] GC(186)     Dead                           Min: 0, Avg:  0.0, Max: 0, Diff: 0, Sum: 0, Workers: 4
[2844.558s][debug][gc,phases      ] GC(186)     Total                          Min: 0, Avg: 14.8, Max: 59, Diff: 59, Sum: 59, Workers: 4
[2844.558s][debug][gc,phases      ] GC(186)   JVMTI Tag Weak OopStorage      Min:  0.0, Avg:  0.0, Max:  0.0, Diff:  0.0, Sum:  0.0, Workers: 4
[2844.558s][debug][gc,phases      ] GC(186)     Dead                           Min: 0, Avg:  0.0, Max: 0, Diff: 0, Sum: 0, Workers: 4
[2844.558s][debug][gc,phases      ] GC(186)     Total                          Min: 0, Avg:  0.0, Max: 0, Diff: 0, Sum: 0, Workers: 4
[2844.558s][debug][gc,phases      ] GC(186)   StringTable Weak               Min:  0.0, Avg:  0.1, Max:  0.4, Diff:  0.4, Sum:  0.4, Workers: 4
[2844.558s][debug][gc,phases      ] GC(186)     Dead                           Min: 0, Avg:  0.0, Max: 0, Diff: 0, Sum: 0, Workers: 4
[2844.558s][debug][gc,phases      ] GC(186)     Total                          Min: 0, Avg: 11215.0, Max: 44860, Diff: 44860, Sum: 44860, Workers: 4
[2844.558s][debug][gc,phases      ] GC(186)   ResolvedMethodTable Weak       Min:  0.0, Avg:  0.0, Max:  0.1, Diff:  0.1, Sum:  0.1, Workers: 4
[2844.558s][debug][gc,phases      ] GC(186)     Dead                           Min: 0, Avg:  0.0, Max: 0, Diff: 0, Sum: 0, Workers: 4
[2844.558s][debug][gc,phases      ] GC(186)     Total                          Min: 0, Avg: 2453.5, Max: 9814, Diff: 9814, Sum: 9814, Workers: 4
[2844.558s][debug][gc,phases      ] GC(186)   JNI Weak                       Min:  0.0, Avg:  0.0, Max:  0.0, Diff:  0.0, Sum:  0.0, Workers: 4
[2844.558s][debug][gc,phases      ] GC(186)     Dead                           Min: 0, Avg:  0.0, Max: 0, Diff: 0, Sum: 0, Workers: 4
[2844.558s][debug][gc,phases      ] GC(186)     Total                          Min: 0, Avg: 11.2, Max: 45, Diff: 45, Sum: 45, Workers: 4
[2844.558s][debug][gc,phases      ] GC(186)   StringDedup Table Weak         Min:  0.0, Avg:  0.0, Max:  0.0, Diff:  0.0, Sum:  0.0, Workers: 4
[2844.558s][debug][gc,phases      ] GC(186)     Dead                           Min: 0, Avg:  0.0, Max: 0, Diff: 0, Sum: 0, Workers: 4
[2844.558s][debug][gc,phases      ] GC(186)     Total                          Min: 0, Avg:  0.0, Max: 0, Diff: 0, Sum: 0, Workers: 4
[2844.558s][debug][gc,phases      ] GC(186)   StringDedup Requests0 Weak     Min:  0.0, Avg:  0.0, Max:  0.0, Diff:  0.0, Sum:  0.0, Workers: 4
[2844.558s][debug][gc,phases      ] GC(186)     Dead                           Min: 0, Avg:  0.0, Max: 0, Diff: 0, Sum: 0, Workers: 4
[2844.558s][debug][gc,phases      ] GC(186)     Total                          Min: 0, Avg:  0.0, Max: 0, Diff: 0, Sum: 0, Workers: 4
[2844.558s][debug][gc,phases      ] GC(186)   StringDedup Requests1 Weak     Min:  0.0, Avg:  0.0, Max:  0.0, Diff:  0.0, Sum:  0.0, Workers: 4
[2844.558s][debug][gc,phases      ] GC(186)     Dead                           Min: 0, Avg:  0.0, Max: 0, Diff: 0, Sum: 0, Workers: 4
[2844.558s][debug][gc,phases      ] GC(186)     Total                          Min: 0, Avg:  0.0, Max: 0, Diff: 0, Sum: 0, Workers: 4
[2844.558s][debug][gc,phases      ] GC(186)   Weak JFR Old Object Samples    Min:  0.0, Avg:  0.0, Max:  0.0, Diff:  0.0, Sum:  0.0, Workers: 4
[2844.558s][debug][gc,phases      ] GC(186)     Dead                           Min: 0, Avg:  0.0, Max: 0, Diff: 0, Sum: 0, Workers: 4
[2844.558s][debug][gc,phases      ] GC(186)     Total                          Min: 0, Avg:  0.0, Max: 0, Diff: 0, Sum: 0, Workers: 4
[2844.558s][debug][gc,phases      ] GC(186) Weak Processing 0.688ms
[2844.558s][debug][gc,age         ] GC(186) Desired survivor size 3145728 bytes, new threshold 15 (max threshold 15)
[2844.558s][info ][gc,heap        ] GC(186) PSYoungGen: 2092480K(2094080K)->1552K(2094080K) Eden: 2091008K(2091008K)->0K(2091008K) From: 1472K(3072K)->1552K(3072K)
[2844.558s][info ][gc,heap        ] GC(186) ParOldGen: 369879K(458752K)->369911K(458752K)
[2844.558s][info ][gc,metaspace   ] GC(186) Metaspace: 83368K(84416K)->83368K(84416K) NonClass: 71437K(72000K)->71437K(72000K) Class: 11930K(12416K)->11930K(12416K)
[2844.558s][info ][gc             ] GC(186) Pause Young (Allocation Failure) 2404M->362M(2493M) 13.365ms
[2844.558s][info ][gc,cpu         ] GC(186) User=0.02s Sys=0.00s Real=0.02s
[2844.558s][info ][safepoint      ] Safepoint "ParallelGCFailedAllocation", Time since last: 6239329169 ns, Reaching safepoint: 43299 ns, At safepoint: 13448946 ns, Total: 13492245 ns
[2845.558s][info ][safepoint      ] Safepoint "Cleanup", Time since last: 1000051226 ns, Reaching safepoint: 42300 ns, At safepoint: 2500 ns, Total: 44800 ns
[2856.559s][info ][safepoint      ] Safepoint "Cleanup", Time since last: 11000755719 ns, Reaching safepoint: 36200 ns, At safepoint: 7000 ns, Total: 43200 ns
[2861.892s][info ][gc,start       ] GC(187) Pause Young (Allocation Failure)
[2861.897s][debug][gc,phases      ] GC(187) Scavenge 5.486ms
[2861.897s][debug][gc,ref         ] GC(187) Skipped phase 1 of Reference Processing: no references
[2861.897s][debug][gc,ref         ] GC(187) ReferenceProcessor::execute queues: 1, RefProcThreadModel::Single, marks_oops_alive: false
[2861.897s][debug][gc,ref         ] GC(187) ReferenceProcessor::execute queues: 4, RefProcThreadModel::Multi, marks_oops_alive: true
[2861.898s][debug][gc,ref         ] GC(187) Skipped phase 4 of Reference Processing: no references
[2861.898s][debug][gc,phases      ] GC(187) Reference Processing 0.413ms
[2861.898s][debug][gc,phases      ] GC(187)   VM Weak                        Min:  0.0, Avg:  0.0, Max:  0.0, Diff:  0.0, Sum:  0.0, Workers: 4
[2861.898s][debug][gc,phases      ] GC(187)     Dead                           Min: 0, Avg:  0.0, Max: 0, Diff: 0, Sum: 0, Workers: 4
[2861.898s][debug][gc,phases      ] GC(187)     Total                          Min: 0, Avg: 211.8, Max: 847, Diff: 847, Sum: 847, Workers: 4
[2861.898s][debug][gc,phases      ] GC(187)   ObjectSynchronizer Weak        Min:  0.0, Avg:  0.0, Max:  0.0, Diff:  0.0, Sum:  0.0, Workers: 4
[2861.898s][debug][gc,phases      ] GC(187)     Dead                           Min: 0, Avg:  0.0, Max: 0, Diff: 0, Sum: 0, Workers: 4
[2861.898s][debug][gc,phases      ] GC(187)     Total                          Min: 0, Avg: 14.8, Max: 59, Diff: 59, Sum: 59, Workers: 4
[2861.898s][debug][gc,phases      ] GC(187)   JVMTI Tag Weak OopStorage      Min:  0.0, Avg:  0.0, Max:  0.0, Diff:  0.0, Sum:  0.0, Workers: 4
[2861.898s][debug][gc,phases      ] GC(187)     Dead                           Min: 0, Avg:  0.0, Max: 0, Diff: 0, Sum: 0, Workers: 4
[2861.898s][debug][gc,phases      ] GC(187)     Total                          Min: 0, Avg:  0.0, Max: 0, Diff: 0, Sum: 0, Workers: 4
[2861.898s][debug][gc,phases      ] GC(187)   StringTable Weak               Min:  0.0, Avg:  0.1, Max:  0.4, Diff:  0.4, Sum:  0.4, Workers: 4
[2861.898s][debug][gc,phases      ] GC(187)     Dead                           Min: 0, Avg:  0.0, Max: 0, Diff: 0, Sum: 0, Workers: 4
[2861.898s][debug][gc,phases      ] GC(187)     Total                          Min: 0, Avg: 11215.0, Max: 44860, Diff: 44860, Sum: 44860, Workers: 4
[2861.898s][debug][gc,phases      ] GC(187)   ResolvedMethodTable Weak       Min:  0.0, Avg:  0.0, Max:  0.1, Diff:  0.1, Sum:  0.1, Workers: 4
[2861.898s][debug][gc,phases      ] GC(187)     Dead                           Min: 0, Avg:  0.0, Max: 0, Diff: 0, Sum: 0, Workers: 4
[2861.898s][debug][gc,phases      ] GC(187)     Total                          Min: 0, Avg: 2453.5, Max: 9814, Diff: 9814, Sum: 9814, Workers: 4
[2861.898s][debug][gc,phases      ] GC(187)   JNI Weak                       Min:  0.0, Avg:  0.0, Max:  0.0, Diff:  0.0, Sum:  0.0, Workers: 4
[2861.898s][debug][gc,phases      ] GC(187)     Dead                           Min: 0, Avg:  0.0, Max: 0, Diff: 0, Sum: 0, Workers: 4
[2861.898s][debug][gc,phases      ] GC(187)     Total                          Min: 0, Avg: 11.2, Max: 45, Diff: 45, Sum: 45, Workers: 4
[2861.898s][debug][gc,phases      ] GC(187)   StringDedup Table Weak         Min:  0.0, Avg:  0.0, Max:  0.0, Diff:  0.0, Sum:  0.0, Workers: 4
[2861.898s][debug][gc,phases      ] GC(187)     Dead                           Min: 0, Avg:  0.0, Max: 0, Diff: 0, Sum: 0, Workers: 4
[2861.898s][debug][gc,phases      ] GC(187)     Total                          Min: 0, Avg:  0.0, Max: 0, Diff: 0, Sum: 0, Workers: 4
[2861.898s][debug][gc,phases      ] GC(187)   StringDedup Requests0 Weak     Min:  0.0, Avg:  0.0, Max:  0.0, Diff:  0.0, Sum:  0.0, Workers: 4
[2861.898s][debug][gc,phases      ] GC(187)     Dead                           Min: 0, Avg:  0.0, Max: 0, Diff: 0, Sum: 0, Workers: 4
[2861.898s][debug][gc,phases      ] GC(187)     Total                          Min: 0, Avg:  0.0, Max: 0, Diff: 0, Sum: 0, Workers: 4
[2861.898s][debug][gc,phases      ] GC(187)   StringDedup Requests1 Weak     Min:  0.0, Avg:  0.0, Max:  0.0, Diff:  0.0, Sum:  0.0, Workers: 4
[2861.898s][debug][gc,phases      ] GC(187)     Dead                           Min: 0, Avg:  0.0, Max: 0, Diff: 0, Sum: 0, Workers: 4
[2861.898s][debug][gc,phases      ] GC(187)     Total                          Min: 0, Avg:  0.0, Max: 0, Diff: 0, Sum: 0, Workers: 4
[2861.898s][debug][gc,phases      ] GC(187)   Weak JFR Old Object Samples    Min:  0.0, Avg:  0.0, Max:  0.0, Diff:  0.0, Sum:  0.0, Workers: 4
[2861.898s][debug][gc,phases      ] GC(187)     Dead                           Min: 0, Avg:  0.0, Max: 0, Diff: 0, Sum: 0, Workers: 4
[2861.898s][debug][gc,phases      ] GC(187)     Total                          Min: 0, Avg:  0.0, Max: 0, Diff: 0, Sum: 0, Workers: 4
[2861.898s][debug][gc,phases      ] GC(187) Weak Processing 0.897ms
[2861.898s][debug][gc,age         ] GC(187) Desired survivor size 3145728 bytes, new threshold 15 (max threshold 15)
[2861.899s][info ][gc,heap        ] GC(187) PSYoungGen: 2092560K(2094080K)->1520K(2094080K) Eden: 2091008K(2091008K)->0K(2091008K) From: 1552K(3072K)->1520K(3072K)
[2861.899s][info ][gc,heap        ] GC(187) ParOldGen: 369911K(458752K)->369999K(458752K)
[2861.899s][info ][gc,metaspace   ] GC(187) Metaspace: 83369K(84416K)->83369K(84416K) NonClass: 71438K(72000K)->71438K(72000K) Class: 11930K(12416K)->11930K(12416K)
[2861.899s][info ][gc             ] GC(187) Pause Young (Allocation Failure) 2404M->362M(2493M) 6.938ms
[2861.899s][info ][gc,cpu         ] GC(187) User=0.01s Sys=0.00s Real=0.01s
[2861.899s][info ][safepoint      ] Safepoint "ParallelGCFailedAllocation", Time since last: 5332378770 ns, Reaching safepoint: 35500 ns, At safepoint: 7060371 ns, Total: 7095871 ns
[2868.899s][info ][safepoint      ] Safepoint "Cleanup", Time since last: 7000503250 ns, Reaching safepoint: 43599 ns, At safepoint: 2500 ns, Total: 46099 ns
[2879.492s][info ][gc,start       ] GC(188) Pause Young (Allocation Failure)
[2879.496s][debug][gc,phases      ] GC(188) Scavenge 4.791ms
[2879.496s][debug][gc,ref         ] GC(188) Skipped phase 1 of Reference Processing: no references
[2879.497s][debug][gc,ref         ] GC(188) ReferenceProcessor::execute queues: 1, RefProcThreadModel::Single, marks_oops_alive: false
[2879.497s][debug][gc,ref         ] GC(188) ReferenceProcessor::execute queues: 4, RefProcThreadModel::Multi, marks_oops_alive: true
[2879.497s][debug][gc,ref         ] GC(188) Skipped phase 4 of Reference Processing: no references
[2879.497s][debug][gc,phases      ] GC(188) Reference Processing 0.197ms
[2879.497s][debug][gc,phases      ] GC(188)   VM Weak                        Min:  0.0, Avg:  0.0, Max:  0.0, Diff:  0.0, Sum:  0.0, Workers: 4
[2879.497s][debug][gc,phases      ] GC(188)     Dead                           Min: 0, Avg:  0.0, Max: 0, Diff: 0, Sum: 0, Workers: 4
[2879.497s][debug][gc,phases      ] GC(188)     Total                          Min: 0, Avg: 211.8, Max: 640, Diff: 640, Sum: 847, Workers: 4
[2879.497s][debug][gc,phases      ] GC(188)   ObjectSynchronizer Weak        Min:  0.0, Avg:  0.0, Max:  0.0, Diff:  0.0, Sum:  0.0, Workers: 4
[2879.497s][debug][gc,phases      ] GC(188)     Dead                           Min: 0, Avg:  0.0, Max: 0, Diff: 0, Sum: 0, Workers: 4
[2879.497s][debug][gc,phases      ] GC(188)     Total                          Min: 0, Avg: 14.8, Max: 59, Diff: 59, Sum: 59, Workers: 4
[2879.497s][debug][gc,phases      ] GC(188)   JVMTI Tag Weak OopStorage      Min:  0.0, Avg:  0.0, Max:  0.0, Diff:  0.0, Sum:  0.0, Workers: 4
[2879.497s][debug][gc,phases      ] GC(188)     Dead                           Min: 0, Avg:  0.0, Max: 0, Diff: 0, Sum: 0, Workers: 4
[2879.497s][debug][gc,phases      ] GC(188)     Total                          Min: 0, Avg:  0.0, Max: 0, Diff: 0, Sum: 0, Workers: 4
[2879.497s][debug][gc,phases      ] GC(188)   StringTable Weak               Min:  0.0, Avg:  0.1, Max:  0.2, Diff:  0.2, Sum:  0.3, Workers: 4
[2879.497s][debug][gc,phases      ] GC(188)     Dead                           Min: 0, Avg:  0.0, Max: 0, Diff: 0, Sum: 0, Workers: 4
[2879.497s][debug][gc,phases      ] GC(188)     Total                          Min: 0, Avg: 11215.0, Max: 26816, Diff: 26816, Sum: 44860, Workers: 4
[2879.497s][debug][gc,phases      ] GC(188)   ResolvedMethodTable Weak       Min:  0.0, Avg:  0.0, Max:  0.0, Diff:  0.0, Sum:  0.1, Workers: 4
[2879.497s][debug][gc,phases      ] GC(188)     Dead                           Min: 0, Avg:  0.0, Max: 0, Diff: 0, Sum: 0, Workers: 4
[2879.497s][debug][gc,phases      ] GC(188)     Total                          Min: 0, Avg: 2453.5, Max: 5504, Diff: 5504, Sum: 9814, Workers: 4
[2879.497s][debug][gc,phases      ] GC(188)   JNI Weak                       Min:  0.0, Avg:  0.0, Max:  0.0, Diff:  0.0, Sum:  0.0, Workers: 4
[2879.497s][debug][gc,phases      ] GC(188)     Dead                           Min: 0, Avg:  0.0, Max: 0, Diff: 0, Sum: 0, Workers: 4
[2879.497s][debug][gc,phases      ] GC(188)     Total                          Min: 0, Avg: 11.2, Max: 45, Diff: 45, Sum: 45, Workers: 4
[2879.497s][debug][gc,phases      ] GC(188)   StringDedup Table Weak         Min:  0.0, Avg:  0.0, Max:  0.0, Diff:  0.0, Sum:  0.0, Workers: 4
[2879.497s][debug][gc,phases      ] GC(188)     Dead                           Min: 0, Avg:  0.0, Max: 0, Diff: 0, Sum: 0, Workers: 4
[2879.497s][debug][gc,phases      ] GC(188)     Total                          Min: 0, Avg:  0.0, Max: 0, Diff: 0, Sum: 0, Workers: 4
[2879.497s][debug][gc,phases      ] GC(188)   StringDedup Requests0 Weak     Min:  0.0, Avg:  0.0, Max:  0.0, Diff:  0.0, Sum:  0.0, Workers: 4
[2879.497s][debug][gc,phases      ] GC(188)     Dead                           Min: 0, Avg:  0.0, Max: 0, Diff: 0, Sum: 0, Workers: 4
[2879.497s][debug][gc,phases      ] GC(188)     Total                          Min: 0, Avg:  0.0, Max: 0, Diff: 0, Sum: 0, Workers: 4
[2879.497s][debug][gc,phases      ] GC(188)   StringDedup Requests1 Weak     Min:  0.0, Avg:  0.0, Max:  0.0, Diff:  0.0, Sum:  0.0, Workers: 4
[2879.497s][debug][gc,phases      ] GC(188)     Dead                           Min: 0, Avg:  0.0, Max: 0, Diff: 0, Sum: 0, Workers: 4
[2879.497s][debug][gc,phases      ] GC(188)     Total                          Min: 0, Avg:  0.0, Max: 0, Diff: 0, Sum: 0, Workers: 4
[2879.497s][debug][gc,phases      ] GC(188)   Weak JFR Old Object Samples    Min:  0.0, Avg:  0.0, Max:  0.0, Diff:  0.0, Sum:  0.0, Workers: 4
[2879.497s][debug][gc,phases      ] GC(188)     Dead                           Min: 0, Avg:  0.0, Max: 0, Diff: 0, Sum: 0, Workers: 4
[2879.497s][debug][gc,phases      ] GC(188)     Total                          Min: 0, Avg:  0.0, Max: 0, Diff: 0, Sum: 0, Workers: 4
[2879.497s][debug][gc,phases      ] GC(188) Weak Processing 0.369ms
[2879.497s][debug][gc,age         ] GC(188) Desired survivor size 3145728 bytes, new threshold 15 (max threshold 15)
[2879.497s][info ][gc,heap        ] GC(188) PSYoungGen: 2092528K(2094080K)->1296K(2094080K) Eden: 2091008K(2091008K)->0K(2091008K) From: 1520K(3072K)->1296K(3072K)
[2879.497s][info ][gc,heap        ] GC(188) ParOldGen: 369999K(458752K)->370263K(458752K)
[2879.497s][info ][gc,metaspace   ] GC(188) Metaspace: 83370K(84416K)->83370K(84416K) NonClass: 71440K(72000K)->71440K(72000K) Class: 11930K(12416K)->11930K(12416K)
[2879.497s][info ][gc             ] GC(188) Pause Young (Allocation Failure) 2404M->362M(2493M) 5.463ms
[2879.497s][info ][gc,cpu         ] GC(188) User=0.02s Sys=0.00s Real=0.01s
[2879.497s][info ][safepoint      ] Safepoint "ParallelGCFailedAllocation", Time since last: 10592412634 ns, Reaching safepoint: 26599 ns, At safepoint: 5529678 ns, Total: 5556277 ns
[2896.042s][info ][gc,start       ] GC(189) Pause Young (Allocation Failure)
[2896.047s][debug][gc,phases      ] GC(189) Scavenge 5.194ms
[2896.047s][debug][gc,ref         ] GC(189) Skipped phase 1 of Reference Processing: no references
[2896.047s][debug][gc,ref         ] GC(189) ReferenceProcessor::execute queues: 1, RefProcThreadModel::Single, marks_oops_alive: false
[2896.047s][debug][gc,ref         ] GC(189) ReferenceProcessor::execute queues: 4, RefProcThreadModel::Multi, marks_oops_alive: true
[2896.047s][debug][gc,ref         ] GC(189) Skipped phase 4 of Reference Processing: no references
[2896.047s][debug][gc,phases      ] GC(189) Reference Processing 0.159ms
[2896.048s][debug][gc,phases      ] GC(189)   VM Weak                        Min:  0.0, Avg:  0.0, Max:  0.0, Diff:  0.0, Sum:  0.0, Workers: 4
[2896.048s][debug][gc,phases      ] GC(189)     Dead                           Min: 0, Avg:  0.0, Max: 0, Diff: 0, Sum: 0, Workers: 4
[2896.048s][debug][gc,phases      ] GC(189)     Total                          Min: 0, Avg: 211.8, Max: 719, Diff: 719, Sum: 847, Workers: 4
[2896.048s][debug][gc,phases      ] GC(189)   ObjectSynchronizer Weak        Min:  0.0, Avg:  0.0, Max:  0.0, Diff:  0.0, Sum:  0.0, Workers: 4
[2896.048s][debug][gc,phases      ] GC(189)     Dead                           Min: 0, Avg:  0.0, Max: 0, Diff: 0, Sum: 0, Workers: 4
[2896.048s][debug][gc,phases      ] GC(189)     Total                          Min: 0, Avg: 14.8, Max: 59, Diff: 59, Sum: 59, Workers: 4
[2896.048s][debug][gc,phases      ] GC(189)   JVMTI Tag Weak OopStorage      Min:  0.0, Avg:  0.0, Max:  0.0, Diff:  0.0, Sum:  0.0, Workers: 4
[2896.048s][debug][gc,phases      ] GC(189)     Dead                           Min: 0, Avg:  0.0, Max: 0, Diff: 0, Sum: 0, Workers: 4
[2896.048s][debug][gc,phases      ] GC(189)     Total                          Min: 0, Avg:  0.0, Max: 0, Diff: 0, Sum: 0, Workers: 4
[2896.048s][debug][gc,phases      ] GC(189)   StringTable Weak               Min:  0.0, Avg:  0.1, Max:  0.2, Diff:  0.2, Sum:  0.3, Workers: 4
[2896.048s][debug][gc,phases      ] GC(189)     Dead                           Min: 0, Avg:  0.0, Max: 0, Diff: 0, Sum: 0, Workers: 4
[2896.048s][debug][gc,phases      ] GC(189)     Total                          Min: 0, Avg: 11215.0, Max: 27132, Diff: 27132, Sum: 44860, Workers: 4
[2896.048s][debug][gc,phases      ] GC(189)   ResolvedMethodTable Weak       Min:  0.0, Avg:  0.0, Max:  0.0, Diff:  0.0, Sum:  0.1, Workers: 4
[2896.048s][debug][gc,phases      ] GC(189)     Dead                           Min: 0, Avg:  0.0, Max: 0, Diff: 0, Sum: 0, Workers: 4
[2896.048s][debug][gc,phases      ] GC(189)     Total                          Min: 0, Avg: 2453.5, Max: 5718, Diff: 5718, Sum: 9814, Workers: 4
[2896.048s][debug][gc,phases      ] GC(189)   JNI Weak                       Min:  0.0, Avg:  0.0, Max:  0.0, Diff:  0.0, Sum:  0.0, Workers: 4
[2896.048s][debug][gc,phases      ] GC(189)     Dead                           Min: 0, Avg:  0.0, Max: 0, Diff: 0, Sum: 0, Workers: 4
[2896.048s][debug][gc,phases      ] GC(189)     Total                          Min: 0, Avg: 11.2, Max: 45, Diff: 45, Sum: 45, Workers: 4
[2896.048s][debug][gc,phases      ] GC(189)   StringDedup Table Weak         Min:  0.0, Avg:  0.0, Max:  0.0, Diff:  0.0, Sum:  0.0, Workers: 4
[2896.048s][debug][gc,phases      ] GC(189)     Dead                           Min: 0, Avg:  0.0, Max: 0, Diff: 0, Sum: 0, Workers: 4
[2896.048s][debug][gc,phases      ] GC(189)     Total                          Min: 0, Avg:  0.0, Max: 0, Diff: 0, Sum: 0, Workers: 4
[2896.048s][debug][gc,phases      ] GC(189)   StringDedup Requests0 Weak     Min:  0.0, Avg:  0.0, Max:  0.0, Diff:  0.0, Sum:  0.0, Workers: 4
[2896.048s][debug][gc,phases      ] GC(189)     Dead                           Min: 0, Avg:  0.0, Max: 0, Diff: 0, Sum: 0, Workers: 4
[2896.048s][debug][gc,phases      ] GC(189)     Total                          Min: 0, Avg:  0.0, Max: 0, Diff: 0, Sum: 0, Workers: 4
[2896.048s][debug][gc,phases      ] GC(189)   StringDedup Requests1 Weak     Min:  0.0, Avg:  0.0, Max:  0.0, Diff:  0.0, Sum:  0.0, Workers: 4
[2896.048s][debug][gc,phases      ] GC(189)     Dead                           Min: 0, Avg:  0.0, Max: 0, Diff: 0, Sum: 0, Workers: 4
[2896.048s][debug][gc,phases      ] GC(189)     Total                          Min: 0, Avg:  0.0, Max: 0, Diff: 0, Sum: 0, Workers: 4
[2896.048s][debug][gc,phases      ] GC(189)   Weak JFR Old Object Samples    Min:  0.0, Avg:  0.0, Max:  0.0, Diff:  0.0, Sum:  0.0, Workers: 4
[2896.048s][debug][gc,phases      ] GC(189)     Dead                           Min: 0, Avg:  0.0, Max: 0, Diff: 0, Sum: 0, Workers: 4
[2896.048s][debug][gc,phases      ] GC(189)     Total                          Min: 0, Avg:  0.0, Max: 0, Diff: 0, Sum: 0, Workers: 4
[2896.048s][debug][gc,phases      ] GC(189) Weak Processing 0.348ms
[2896.048s][debug][gc,age         ] GC(189) Desired survivor size 3145728 bytes, new threshold 15 (max threshold 15)
[2896.048s][info ][gc,heap        ] GC(189) PSYoungGen: 2092304K(2094080K)->1296K(2094080K) Eden: 2091008K(2091008K)->0K(2091008K) From: 1296K(3072K)->1296K(3072K)
[2896.048s][info ][gc,heap        ] GC(189) ParOldGen: 370263K(458752K)->370279K(458752K)
[2896.048s][info ][gc,metaspace   ] GC(189) Metaspace: 83384K(84416K)->83384K(84416K) NonClass: 71453K(72000K)->71453K(72000K) Class: 11930K(12416K)->11930K(12416K)
[2896.048s][info ][gc             ] GC(189) Pause Young (Allocation Failure) 2404M->362M(2493M) 5.804ms
[2896.048s][info ][gc,cpu         ] GC(189) User=0.01s Sys=0.00s Real=0.01s
[2896.048s][info ][safepoint      ] Safepoint "ParallelGCFailedAllocation", Time since last: 16544790782 ns, Reaching safepoint: 123400 ns, At safepoint: 5875776 ns, Total: 5999176 ns
[2901.048s][info ][safepoint      ] Safepoint "Cleanup", Time since last: 5000377229 ns, Reaching safepoint: 105400 ns, At safepoint: 6500 ns, Total: 111900 ns
[2906.049s][info ][safepoint      ] Safepoint "Cleanup", Time since last: 5000394340 ns, Reaching safepoint: 126099 ns, At safepoint: 7300 ns, Total: 133399 ns
[2912.592s][info ][gc,start       ] GC(190) Pause Young (Allocation Failure)
[2912.597s][debug][gc,phases      ] GC(190) Scavenge 4.705ms
[2912.597s][debug][gc,ref         ] GC(190) Skipped phase 1 of Reference Processing: no references
[2912.597s][debug][gc,ref         ] GC(190) ReferenceProcessor::execute queues: 1, RefProcThreadModel::Single, marks_oops_alive: false
[2912.597s][debug][gc,ref         ] GC(190) Skipped phase 3 of Reference Processing: no references
[2912.597s][debug][gc,ref         ] GC(190) ReferenceProcessor::execute queues: 1, RefProcThreadModel::Single, marks_oops_alive: false
[2912.597s][debug][gc,phases      ] GC(190) Reference Processing 0.090ms
[2912.597s][debug][gc,phases      ] GC(190)   VM Weak                        Min:  0.0, Avg:  0.0, Max:  0.0, Diff:  0.0, Sum:  0.0, Workers: 4
[2912.597s][debug][gc,phases      ] GC(190)     Dead                           Min: 0, Avg:  0.0, Max: 0, Diff: 0, Sum: 0, Workers: 4
[2912.597s][debug][gc,phases      ] GC(190)     Total                          Min: 0, Avg: 211.8, Max: 655, Diff: 655, Sum: 847, Workers: 4
[2912.597s][debug][gc,phases      ] GC(190)   ObjectSynchronizer Weak        Min:  0.0, Avg:  0.0, Max:  0.0, Diff:  0.0, Sum:  0.0, Workers: 4
[2912.597s][debug][gc,phases      ] GC(190)     Dead                           Min: 0, Avg:  0.0, Max: 0, Diff: 0, Sum: 0, Workers: 4
[2912.597s][debug][gc,phases      ] GC(190)     Total                          Min: 0, Avg: 14.8, Max: 59, Diff: 59, Sum: 59, Workers: 4
[2912.597s][debug][gc,phases      ] GC(190)   JVMTI Tag Weak OopStorage      Min:  0.0, Avg:  0.0, Max:  0.0, Diff:  0.0, Sum:  0.0, Workers: 4
[2912.597s][debug][gc,phases      ] GC(190)     Dead                           Min: 0, Avg:  0.0, Max: 0, Diff: 0, Sum: 0, Workers: 4
[2912.597s][debug][gc,phases      ] GC(190)     Total                          Min: 0, Avg:  0.0, Max: 0, Diff: 0, Sum: 0, Workers: 4
[2912.597s][debug][gc,phases      ] GC(190)   StringTable Weak               Min:  0.0, Avg:  0.1, Max:  0.1, Diff:  0.1, Sum:  0.3, Workers: 4
[2912.597s][debug][gc,phases      ] GC(190)     Dead                           Min: 0, Avg:  0.0, Max: 0, Diff: 0, Sum: 0, Workers: 4
[2912.597s][debug][gc,phases      ] GC(190)     Total                          Min: 0, Avg: 11215.2, Max: 26942, Diff: 26942, Sum: 44861, Workers: 4
[2912.597s][debug][gc,phases      ] GC(190)   ResolvedMethodTable Weak       Min:  0.0, Avg:  0.0, Max:  0.0, Diff:  0.0, Sum:  0.1, Workers: 4
[2912.597s][debug][gc,phases      ] GC(190)     Dead                           Min: 0, Avg:  0.0, Max: 0, Diff: 0, Sum: 0, Workers: 4
[2912.597s][debug][gc,phases      ] GC(190)     Total                          Min: 0, Avg: 2453.5, Max: 5654, Diff: 5654, Sum: 9814, Workers: 4
[2912.597s][debug][gc,phases      ] GC(190)   JNI Weak                       Min:  0.0, Avg:  0.0, Max:  0.0, Diff:  0.0, Sum:  0.0, Workers: 4
[2912.597s][debug][gc,phases      ] GC(190)     Dead                           Min: 0, Avg:  0.0, Max: 0, Diff: 0, Sum: 0, Workers: 4
[2912.597s][debug][gc,phases      ] GC(190)     Total                          Min: 0, Avg: 11.2, Max: 45, Diff: 45, Sum: 45, Workers: 4
[2912.597s][debug][gc,phases      ] GC(190)   StringDedup Table Weak         Min:  0.0, Avg:  0.0, Max:  0.0, Diff:  0.0, Sum:  0.0, Workers: 4
[2912.597s][debug][gc,phases      ] GC(190)     Dead                           Min: 0, Avg:  0.0, Max: 0, Diff: 0, Sum: 0, Workers: 4
[2912.597s][debug][gc,phases      ] GC(190)     Total                          Min: 0, Avg:  0.0, Max: 0, Diff: 0, Sum: 0, Workers: 4
[2912.597s][debug][gc,phases      ] GC(190)   StringDedup Requests0 Weak     Min:  0.0, Avg:  0.0, Max:  0.0, Diff:  0.0, Sum:  0.0, Workers: 4
[2912.597s][debug][gc,phases      ] GC(190)     Dead                           Min: 0, Avg:  0.0, Max: 0, Diff: 0, Sum: 0, Workers: 4
[2912.597s][debug][gc,phases      ] GC(190)     Total                          Min: 0, Avg:  0.0, Max: 0, Diff: 0, Sum: 0, Workers: 4
[2912.597s][debug][gc,phases      ] GC(190)   StringDedup Requests1 Weak     Min:  0.0, Avg:  0.0, Max:  0.0, Diff:  0.0, Sum:  0.0, Workers: 4
[2912.597s][debug][gc,phases      ] GC(190)     Dead                           Min: 0, Avg:  0.0, Max: 0, Diff: 0, Sum: 0, Workers: 4
[2912.597s][debug][gc,phases      ] GC(190)     Total                          Min: 0, Avg:  0.0, Max: 0, Diff: 0, Sum: 0, Workers: 4
[2912.597s][debug][gc,phases      ] GC(190)   Weak JFR Old Object Samples    Min:  0.0, Avg:  0.0, Max:  0.0, Diff:  0.0, Sum:  0.0, Workers: 4
[2912.597s][debug][gc,phases      ] GC(190)     Dead                           Min: 0, Avg:  0.0, Max: 0, Diff: 0, Sum: 0, Workers: 4
[2912.597s][debug][gc,phases      ] GC(190)     Total                          Min: 0, Avg:  0.0, Max: 0, Diff: 0, Sum: 0, Workers: 4
[2912.597s][debug][gc,phases      ] GC(190) Weak Processing 0.360ms
[2912.597s][debug][gc,age         ] GC(190) Desired survivor size 3145728 bytes, new threshold 15 (max threshold 15)
[2912.597s][info ][gc,heap        ] GC(190) PSYoungGen: 2092304K(2094080K)->1216K(2094080K) Eden: 2091008K(2091008K)->0K(2091008K) From: 1296K(3072K)->1216K(3072K)
[2912.597s][info ][gc,heap        ] GC(190) ParOldGen: 370279K(458752K)->370287K(458752K)
[2912.597s][info ][gc,metaspace   ] GC(190) Metaspace: 83384K(84416K)->83384K(84416K) NonClass: 71453K(72000K)->71453K(72000K) Class: 11930K(12416K)->11930K(12416K)
[2912.597s][info ][gc             ] GC(190) Pause Young (Allocation Failure) 2404M->362M(2493M) 5.244ms
[2912.597s][info ][gc,cpu         ] GC(190) User=0.01s Sys=0.00s Real=0.01s
[2912.597s][info ][safepoint      ] Safepoint "ParallelGCFailedAllocation", Time since last: 6542816020 ns, Reaching safepoint: 32100 ns, At safepoint: 5309579 ns, Total: 5341679 ns
[2918.598s][info ][safepoint      ] Safepoint "Cleanup", Time since last: 6000451274 ns, Reaching safepoint: 107499 ns, At safepoint: 6800 ns, Total: 114299 ns
[2924.598s][info ][safepoint      ] Safepoint "Cleanup", Time since last: 6000457323 ns, Reaching safepoint: 106000 ns, At safepoint: 5700 ns, Total: 111700 ns
[2929.043s][info ][gc,start       ] GC(191) Pause Young (Allocation Failure)
[2929.048s][debug][gc,phases      ] GC(191) Scavenge 4.615ms
[2929.048s][debug][gc,ref         ] GC(191) Skipped phase 1 of Reference Processing: no references
[2929.048s][debug][gc,ref         ] GC(191) ReferenceProcessor::execute queues: 1, RefProcThreadModel::Single, marks_oops_alive: false
[2929.048s][debug][gc,ref         ] GC(191) Skipped phase 3 of Reference Processing: no references
[2929.048s][debug][gc,ref         ] GC(191) ReferenceProcessor::execute queues: 1, RefProcThreadModel::Single, marks_oops_alive: false
[2929.048s][debug][gc,phases      ] GC(191) Reference Processing 0.092ms
[2929.048s][debug][gc,phases      ] GC(191)   VM Weak                        Min:  0.0, Avg:  0.0, Max:  0.0, Diff:  0.0, Sum:  0.0, Workers: 4
[2929.048s][debug][gc,phases      ] GC(191)     Dead                           Min: 0, Avg:  0.0, Max: 0, Diff: 0, Sum: 0, Workers: 4
[2929.048s][debug][gc,phases      ] GC(191)     Total                          Min: 0, Avg: 211.8, Max: 640, Diff: 640, Sum: 847, Workers: 4
[2929.048s][debug][gc,phases      ] GC(191)   ObjectSynchronizer Weak        Min:  0.0, Avg:  0.0, Max:  0.0, Diff:  0.0, Sum:  0.0, Workers: 4
[2929.048s][debug][gc,phases      ] GC(191)     Dead                           Min: 0, Avg:  0.0, Max: 0, Diff: 0, Sum: 0, Workers: 4
[2929.048s][debug][gc,phases      ] GC(191)     Total                          Min: 0, Avg: 14.8, Max: 59, Diff: 59, Sum: 59, Workers: 4
[2929.048s][debug][gc,phases      ] GC(191)   JVMTI Tag Weak OopStorage      Min:  0.0, Avg:  0.0, Max:  0.0, Diff:  0.0, Sum:  0.0, Workers: 4
[2929.048s][debug][gc,phases      ] GC(191)     Dead                           Min: 0, Avg:  0.0, Max: 0, Diff: 0, Sum: 0, Workers: 4
[2929.048s][debug][gc,phases      ] GC(191)     Total                          Min: 0, Avg:  0.0, Max: 0, Diff: 0, Sum: 0, Workers: 4
[2929.048s][debug][gc,phases      ] GC(191)   StringTable Weak               Min:  0.0, Avg:  0.1, Max:  0.1, Diff:  0.1, Sum:  0.4, Workers: 4
[2929.048s][debug][gc,phases      ] GC(191)     Dead                           Min: 0, Avg:  0.0, Max: 0, Diff: 0, Sum: 0, Workers: 4
[2929.048s][debug][gc,phases      ] GC(191)     Total                          Min: 0, Avg: 11215.2, Max: 15423, Diff: 15423, Sum: 44861, Workers: 4
[2929.048s][debug][gc,phases      ] GC(191)   ResolvedMethodTable Weak       Min:  0.0, Avg:  0.0, Max:  0.0, Diff:  0.0, Sum:  0.1, Workers: 4
[2929.048s][debug][gc,phases      ] GC(191)     Dead                           Min: 0, Avg:  0.0, Max: 0, Diff: 0, Sum: 0, Workers: 4
[2929.048s][debug][gc,phases      ] GC(191)     Total                          Min: 0, Avg: 2453.5, Max: 4054, Diff: 4054, Sum: 9814, Workers: 4
[2929.048s][debug][gc,phases      ] GC(191)   JNI Weak                       Min:  0.0, Avg:  0.0, Max:  0.0, Diff:  0.0, Sum:  0.0, Workers: 4
[2929.048s][debug][gc,phases      ] GC(191)     Dead                           Min: 0, Avg:  0.0, Max: 0, Diff: 0, Sum: 0, Workers: 4
[2929.048s][debug][gc,phases      ] GC(191)     Total                          Min: 0, Avg: 11.2, Max: 45, Diff: 45, Sum: 45, Workers: 4
[2929.048s][debug][gc,phases      ] GC(191)   StringDedup Table Weak         Min:  0.0, Avg:  0.0, Max:  0.0, Diff:  0.0, Sum:  0.0, Workers: 4
[2929.048s][debug][gc,phases      ] GC(191)     Dead                           Min: 0, Avg:  0.0, Max: 0, Diff: 0, Sum: 0, Workers: 4
[2929.048s][debug][gc,phases      ] GC(191)     Total                          Min: 0, Avg:  0.0, Max: 0, Diff: 0, Sum: 0, Workers: 4
[2929.048s][debug][gc,phases      ] GC(191)   StringDedup Requests0 Weak     Min:  0.0, Avg:  0.0, Max:  0.0, Diff:  0.0, Sum:  0.0, Workers: 4
[2929.048s][debug][gc,phases      ] GC(191)     Dead                           Min: 0, Avg:  0.0, Max: 0, Diff: 0, Sum: 0, Workers: 4
[2929.048s][debug][gc,phases      ] GC(191)     Total                          Min: 0, Avg:  0.0, Max: 0, Diff: 0, Sum: 0, Workers: 4
[2929.048s][debug][gc,phases      ] GC(191)   StringDedup Requests1 Weak     Min:  0.0, Avg:  0.0, Max:  0.0, Diff:  0.0, Sum:  0.0, Workers: 4
[2929.048s][debug][gc,phases      ] GC(191)     Dead                           Min: 0, Avg:  0.0, Max: 0, Diff: 0, Sum: 0, Workers: 4
[2929.048s][debug][gc,phases      ] GC(191)     Total                          Min: 0, Avg:  0.0, Max: 0, Diff: 0, Sum: 0, Workers: 4
[2929.048s][debug][gc,phases      ] GC(191)   Weak JFR Old Object Samples    Min:  0.0, Avg:  0.0, Max:  0.0, Diff:  0.0, Sum:  0.0, Workers: 4
[2929.048s][debug][gc,phases      ] GC(191)     Dead                           Min: 0, Avg:  0.0, Max: 0, Diff: 0, Sum: 0, Workers: 4
[2929.048s][debug][gc,phases      ] GC(191)     Total                          Min: 0, Avg:  0.0, Max: 0, Diff: 0, Sum: 0, Workers: 4
[2929.048s][debug][gc,phases      ] GC(191) Weak Processing 0.451ms
[2929.048s][debug][gc,age         ] GC(191) Desired survivor size 3145728 bytes, new threshold 15 (max threshold 15)
[2929.048s][info ][gc,heap        ] GC(191) PSYoungGen: 2092224K(2094080K)->1200K(2094080K) Eden: 2091008K(2091008K)->0K(2091008K) From: 1216K(3072K)->1200K(3072K)
[2929.048s][info ][gc,heap        ] GC(191) ParOldGen: 370287K(458752K)->370327K(458752K)
[2929.048s][info ][gc,metaspace   ] GC(191) Metaspace: 83391K(84416K)->83391K(84416K) NonClass: 71460K(72000K)->71460K(72000K) Class: 11930K(12416K)->11930K(12416K)
[2929.048s][info ][gc             ] GC(191) Pause Young (Allocation Failure) 2404M->362M(2493M) 5.275ms
[2929.048s][info ][gc,cpu         ] GC(191) User=0.01s Sys=0.00s Real=0.01s
[2929.048s][info ][safepoint      ] Safepoint "ParallelGCFailedAllocation", Time since last: 4444821636 ns, Reaching safepoint: 29500 ns, At safepoint: 5361878 ns, Total: 5391378 ns
[2937.049s][info ][safepoint      ] Safepoint "Cleanup", Time since last: 8000567196 ns, Reaching safepoint: 110100 ns, At safepoint: 4600 ns, Total: 114700 ns
[2940.049s][info ][safepoint      ] Safepoint "Cleanup", Time since last: 3000250212 ns, Reaching safepoint: 41500 ns, At safepoint: 4400 ns, Total: 45900 ns
[2941.050s][info ][safepoint      ] Safepoint "Cleanup", Time since last: 1000073393 ns, Reaching safepoint: 40400 ns, At safepoint: 3600 ns, Total: 44000 ns
[2945.050s][info ][safepoint      ] Safepoint "Cleanup", Time since last: 4000253773 ns, Reaching safepoint: 114600 ns, At safepoint: 11400 ns, Total: 126000 ns
[2946.050s][info ][safepoint      ] Safepoint "Cleanup", Time since last: 1000117793 ns, Reaching safepoint: 97899 ns, At safepoint: 4500 ns, Total: 102399 ns
[2947.742s][info ][gc,start       ] GC(192) Pause Young (Allocation Failure)
[2947.748s][debug][gc,phases      ] GC(192) Scavenge 6.125ms
[2947.748s][debug][gc,ref         ] GC(192) Skipped phase 1 of Reference Processing: no references
[2947.748s][debug][gc,ref         ] GC(192) ReferenceProcessor::execute queues: 1, RefProcThreadModel::Single, marks_oops_alive: false
[2947.749s][debug][gc,ref         ] GC(192) Skipped phase 3 of Reference Processing: no references
[2947.749s][debug][gc,ref         ] GC(192) ReferenceProcessor::execute queues: 1, RefProcThreadModel::Single, marks_oops_alive: false
[2947.749s][debug][gc,phases      ] GC(192) Reference Processing 0.135ms
[2947.749s][debug][gc,phases      ] GC(192)   VM Weak                        Min:  0.0, Avg:  0.0, Max:  0.0, Diff:  0.0, Sum:  0.0, Workers: 4
[2947.749s][debug][gc,phases      ] GC(192)     Dead                           Min: 0, Avg:  0.0, Max: 0, Diff: 0, Sum: 0, Workers: 4
[2947.749s][debug][gc,phases      ] GC(192)     Total                          Min: 0, Avg: 211.8, Max: 576, Diff: 576, Sum: 847, Workers: 4
[2947.749s][debug][gc,phases      ] GC(192)   ObjectSynchronizer Weak        Min:  0.0, Avg:  0.0, Max:  0.0, Diff:  0.0, Sum:  0.0, Workers: 4
[2947.749s][debug][gc,phases      ] GC(192)     Dead                           Min: 0, Avg:  0.0, Max: 0, Diff: 0, Sum: 0, Workers: 4
[2947.749s][debug][gc,phases      ] GC(192)     Total                          Min: 0, Avg: 14.8, Max: 59, Diff: 59, Sum: 59, Workers: 4
[2947.749s][debug][gc,phases      ] GC(192)   JVMTI Tag Weak OopStorage      Min:  0.0, Avg:  0.0, Max:  0.0, Diff:  0.0, Sum:  0.0, Workers: 4
[2947.749s][debug][gc,phases      ] GC(192)     Dead                           Min: 0, Avg:  0.0, Max: 0, Diff: 0, Sum: 0, Workers: 4
[2947.749s][debug][gc,phases      ] GC(192)     Total                          Min: 0, Avg:  0.0, Max: 0, Diff: 0, Sum: 0, Workers: 4
[2947.749s][debug][gc,phases      ] GC(192)   StringTable Weak               Min:  0.0, Avg:  0.1, Max:  0.1, Diff:  0.1, Sum:  0.4, Workers: 4
[2947.749s][debug][gc,phases      ] GC(192)     Dead                           Min: 0, Avg:  0.0, Max: 0, Diff: 0, Sum: 0, Workers: 4
[2947.749s][debug][gc,phases      ] GC(192)     Total                          Min: 0, Avg: 11215.5, Max: 15424, Diff: 15424, Sum: 44862, Workers: 4
[2947.749s][debug][gc,phases      ] GC(192)   ResolvedMethodTable Weak       Min:  0.0, Avg:  0.0, Max:  0.0, Diff:  0.0, Sum:  0.1, Workers: 4
[2947.749s][debug][gc,phases      ] GC(192)     Dead                           Min: 0, Avg:  0.0, Max: 0, Diff: 0, Sum: 0, Workers: 4
[2947.749s][debug][gc,phases      ] GC(192)     Total                          Min: 0, Avg: 2453.5, Max: 3386, Diff: 3386, Sum: 9814, Workers: 4
[2947.749s][debug][gc,phases      ] GC(192)   JNI Weak                       Min:  0.0, Avg:  0.0, Max:  0.0, Diff:  0.0, Sum:  0.0, Workers: 4
[2947.749s][debug][gc,phases      ] GC(192)     Dead                           Min: 0, Avg:  0.0, Max: 0, Diff: 0, Sum: 0, Workers: 4
[2947.749s][debug][gc,phases      ] GC(192)     Total                          Min: 0, Avg: 11.2, Max: 45, Diff: 45, Sum: 45, Workers: 4
[2947.749s][debug][gc,phases      ] GC(192)   StringDedup Table Weak         Min:  0.0, Avg:  0.0, Max:  0.0, Diff:  0.0, Sum:  0.0, Workers: 4
[2947.749s][debug][gc,phases      ] GC(192)     Dead                           Min: 0, Avg:  0.0, Max: 0, Diff: 0, Sum: 0, Workers: 4
[2947.749s][debug][gc,phases      ] GC(192)     Total                          Min: 0, Avg:  0.0, Max: 0, Diff: 0, Sum: 0, Workers: 4
[2947.749s][debug][gc,phases      ] GC(192)   StringDedup Requests0 Weak     Min:  0.0, Avg:  0.0, Max:  0.0, Diff:  0.0, Sum:  0.0, Workers: 4
[2947.749s][debug][gc,phases      ] GC(192)     Dead                           Min: 0, Avg:  0.0, Max: 0, Diff: 0, Sum: 0, Workers: 4
[2947.749s][debug][gc,phases      ] GC(192)     Total                          Min: 0, Avg:  0.0, Max: 0, Diff: 0, Sum: 0, Workers: 4
[2947.749s][debug][gc,phases      ] GC(192)   StringDedup Requests1 Weak     Min:  0.0, Avg:  0.0, Max:  0.0, Diff:  0.0, Sum:  0.0, Workers: 4
[2947.749s][debug][gc,phases      ] GC(192)     Dead                           Min: 0, Avg:  0.0, Max: 0, Diff: 0, Sum: 0, Workers: 4
[2947.749s][debug][gc,phases      ] GC(192)     Total                          Min: 0, Avg:  0.0, Max: 0, Diff: 0, Sum: 0, Workers: 4
[2947.749s][debug][gc,phases      ] GC(192)   Weak JFR Old Object Samples    Min:  0.0, Avg:  0.0, Max:  0.0, Diff:  0.0, Sum:  0.0, Workers: 4
[2947.749s][debug][gc,phases      ] GC(192)     Dead                           Min: 0, Avg:  0.0, Max: 0, Diff: 0, Sum: 0, Workers: 4
[2947.749s][debug][gc,phases      ] GC(192)     Total                          Min: 0, Avg:  0.0, Max: 0, Diff: 0, Sum: 0, Workers: 4
[2947.749s][debug][gc,phases      ] GC(192) Weak Processing 0.326ms
[2947.749s][debug][gc,age         ] GC(192) Desired survivor size 3145728 bytes, new threshold 15 (max threshold 15)
[2947.749s][info ][gc,heap        ] GC(192) PSYoungGen: 2092208K(2094080K)->1152K(2094080K) Eden: 2091008K(2091008K)->0K(2091008K) From: 1200K(3072K)->1152K(3072K)
[2947.749s][info ][gc,heap        ] GC(192) ParOldGen: 370327K(458752K)->370399K(458752K)
[2947.749s][info ][gc,metaspace   ] GC(192) Metaspace: 83398K(84416K)->83398K(84416K) NonClass: 71467K(72000K)->71467K(72000K) Class: 11930K(12416K)->11930K(12416K)
[2947.749s][info ][gc             ] GC(192) Pause Young (Allocation Failure) 2404M->362M(2493M) 6.697ms
[2947.749s][info ][gc,cpu         ] GC(192) User=0.02s Sys=0.00s Real=0.01s
[2947.749s][info ][safepoint      ] Safepoint "ParallelGCFailedAllocation", Time since last: 1692024468 ns, Reaching safepoint: 27800 ns, At safepoint: 6764972 ns, Total: 6792772 ns
[2950.749s][info ][safepoint      ] Safepoint "Cleanup", Time since last: 3000217132 ns, Reaching safepoint: 124299 ns, At safepoint: 4900 ns, Total: 129199 ns
[2956.750s][info ][safepoint      ] Safepoint "Cleanup", Time since last: 6000448686 ns, Reaching safepoint: 109800 ns, At safepoint: 4600 ns, Total: 114400 ns
[2964.596s][info ][gc,start       ] GC(193) Pause Young (Allocation Failure)
[2964.600s][debug][gc,phases      ] GC(193) Scavenge 4.650ms
[2964.600s][debug][gc,ref         ] GC(193) Skipped phase 1 of Reference Processing: no references
[2964.600s][debug][gc,ref         ] GC(193) ReferenceProcessor::execute queues: 1, RefProcThreadModel::Single, marks_oops_alive: false
[2964.600s][debug][gc,ref         ] GC(193) ReferenceProcessor::execute queues: 4, RefProcThreadModel::Multi, marks_oops_alive: true
[2964.601s][debug][gc,ref         ] GC(193) ReferenceProcessor::execute queues: 1, RefProcThreadModel::Single, marks_oops_alive: false
[2964.601s][debug][gc,phases      ] GC(193) Reference Processing 0.345ms
[2964.601s][debug][gc,phases      ] GC(193)   VM Weak                        Min:  0.0, Avg:  0.0, Max:  0.0, Diff:  0.0, Sum:  0.0, Workers: 4
[2964.601s][debug][gc,phases      ] GC(193)     Dead                           Min: 0, Avg:  0.0, Max: 0, Diff: 0, Sum: 0, Workers: 4
[2964.601s][debug][gc,phases      ] GC(193)     Total                          Min: 0, Avg: 211.8, Max: 847, Diff: 847, Sum: 847, Workers: 4
[2964.601s][debug][gc,phases      ] GC(193)   ObjectSynchronizer Weak        Min:  0.0, Avg:  0.0, Max:  0.0, Diff:  0.0, Sum:  0.0, Workers: 4
[2964.601s][debug][gc,phases      ] GC(193)     Dead                           Min: 0, Avg:  0.0, Max: 0, Diff: 0, Sum: 0, Workers: 4
[2964.601s][debug][gc,phases      ] GC(193)     Total                          Min: 0, Avg: 14.8, Max: 59, Diff: 59, Sum: 59, Workers: 4
[2964.601s][debug][gc,phases      ] GC(193)   JVMTI Tag Weak OopStorage      Min:  0.0, Avg:  0.0, Max:  0.0, Diff:  0.0, Sum:  0.0, Workers: 4
[2964.601s][debug][gc,phases      ] GC(193)     Dead                           Min: 0, Avg:  0.0, Max: 0, Diff: 0, Sum: 0, Workers: 4
[2964.601s][debug][gc,phases      ] GC(193)     Total                          Min: 0, Avg:  0.0, Max: 0, Diff: 0, Sum: 0, Workers: 4
[2964.601s][debug][gc,phases      ] GC(193)   StringTable Weak               Min:  0.0, Avg:  0.1, Max:  0.1, Diff:  0.1, Sum:  0.4, Workers: 4
[2964.601s][debug][gc,phases      ] GC(193)     Dead                           Min: 0, Avg:  0.0, Max: 0, Diff: 0, Sum: 0, Workers: 4
[2964.601s][debug][gc,phases      ] GC(193)     Total                          Min: 0, Avg: 11216.2, Max: 16192, Diff: 16192, Sum: 44865, Workers: 4
[2964.601s][debug][gc,phases      ] GC(193)   ResolvedMethodTable Weak       Min:  0.0, Avg:  0.0, Max:  0.0, Diff:  0.0, Sum:  0.1, Workers: 4
[2964.601s][debug][gc,phases      ] GC(193)     Dead                           Min: 0, Avg:  0.0, Max: 0, Diff: 0, Sum: 0, Workers: 4
[2964.601s][debug][gc,phases      ] GC(193)     Total                          Min: 0, Avg: 2453.5, Max: 3578, Diff: 3578, Sum: 9814, Workers: 4
[2964.601s][debug][gc,phases      ] GC(193)   JNI Weak                       Min:  0.0, Avg:  0.0, Max:  0.0, Diff:  0.0, Sum:  0.0, Workers: 4
[2964.601s][debug][gc,phases      ] GC(193)     Dead                           Min: 0, Avg:  0.0, Max: 0, Diff: 0, Sum: 0, Workers: 4
[2964.601s][debug][gc,phases      ] GC(193)     Total                          Min: 0, Avg: 11.2, Max: 45, Diff: 45, Sum: 45, Workers: 4
[2964.601s][debug][gc,phases      ] GC(193)   StringDedup Table Weak         Min:  0.0, Avg:  0.0, Max:  0.0, Diff:  0.0, Sum:  0.0, Workers: 4
[2964.601s][debug][gc,phases      ] GC(193)     Dead                           Min: 0, Avg:  0.0, Max: 0, Diff: 0, Sum: 0, Workers: 4
[2964.601s][debug][gc,phases      ] GC(193)     Total                          Min: 0, Avg:  0.0, Max: 0, Diff: 0, Sum: 0, Workers: 4
[2964.601s][debug][gc,phases      ] GC(193)   StringDedup Requests0 Weak     Min:  0.0, Avg:  0.0, Max:  0.0, Diff:  0.0, Sum:  0.0, Workers: 4
[2964.601s][debug][gc,phases      ] GC(193)     Dead                           Min: 0, Avg:  0.0, Max: 0, Diff: 0, Sum: 0, Workers: 4
[2964.601s][debug][gc,phases      ] GC(193)     Total                          Min: 0, Avg:  0.0, Max: 0, Diff: 0, Sum: 0, Workers: 4
[2964.601s][debug][gc,phases      ] GC(193)   StringDedup Requests1 Weak     Min:  0.0, Avg:  0.0, Max:  0.0, Diff:  0.0, Sum:  0.0, Workers: 4
[2964.601s][debug][gc,phases      ] GC(193)     Dead                           Min: 0, Avg:  0.0, Max: 0, Diff: 0, Sum: 0, Workers: 4
[2964.601s][debug][gc,phases      ] GC(193)     Total                          Min: 0, Avg:  0.0, Max: 0, Diff: 0, Sum: 0, Workers: 4
[2964.601s][debug][gc,phases      ] GC(193)   Weak JFR Old Object Samples    Min:  0.0, Avg:  0.0, Max:  0.0, Diff:  0.0, Sum:  0.0, Workers: 4
[2964.601s][debug][gc,phases      ] GC(193)     Dead                           Min: 0, Avg:  0.0, Max: 0, Diff: 0, Sum: 0, Workers: 4
[2964.601s][debug][gc,phases      ] GC(193)     Total                          Min: 0, Avg:  0.0, Max: 0, Diff: 0, Sum: 0, Workers: 4
[2964.601s][debug][gc,phases      ] GC(193) Weak Processing 0.325ms
[2964.601s][debug][gc,age         ] GC(193) Desired survivor size 3145728 bytes, new threshold 15 (max threshold 15)
[2964.601s][info ][gc,heap        ] GC(193) PSYoungGen: 2092160K(2094080K)->1232K(2094080K) Eden: 2091008K(2091008K)->0K(2091008K) From: 1152K(3072K)->1232K(3072K)
[2964.601s][info ][gc,heap        ] GC(193) ParOldGen: 370399K(458752K)->370423K(458752K)
[2964.601s][info ][gc,metaspace   ] GC(193) Metaspace: 83419K(84480K)->83419K(84480K) NonClass: 71489K(72064K)->71489K(72064K) Class: 11930K(12416K)->11930K(12416K)
[2964.601s][info ][gc             ] GC(193) Pause Young (Allocation Failure) 2404M->362M(2493M) 5.417ms
[2964.601s][info ][gc,cpu         ] GC(193) User=0.01s Sys=0.00s Real=0.00s
[2964.601s][info ][safepoint      ] Safepoint "ParallelGCFailedAllocation", Time since last: 7845553419 ns, Reaching safepoint: 107400 ns, At safepoint: 5485977 ns, Total: 5593377 ns
[2981.606s][info ][safepoint      ] Safepoint "Cleanup", Time since last: 17004151870 ns, Reaching safepoint: 1048396 ns, At safepoint: 9000 ns, Total: 1057396 ns
[2982.246s][info ][gc,start       ] GC(194) Pause Young (Allocation Failure)
[2982.258s][debug][gc,phases      ] GC(194) Scavenge 11.662ms
[2982.258s][debug][gc,ref         ] GC(194) Skipped phase 1 of Reference Processing: no references
[2982.258s][debug][gc,ref         ] GC(194) ReferenceProcessor::execute queues: 1, RefProcThreadModel::Single, marks_oops_alive: false
[2982.258s][debug][gc,ref         ] GC(194) Skipped phase 3 of Reference Processing: no references
[2982.258s][debug][gc,ref         ] GC(194) ReferenceProcessor::execute queues: 1, RefProcThreadModel::Single, marks_oops_alive: false
[2982.258s][debug][gc,phases      ] GC(194) Reference Processing 0.124ms
[2982.259s][debug][gc,phases      ] GC(194)   VM Weak                        Min:  0.0, Avg:  0.0, Max:  0.0, Diff:  0.0, Sum:  0.0, Workers: 4
[2982.259s][debug][gc,phases      ] GC(194)     Dead                           Min: 0, Avg:  0.0, Max: 0, Diff: 0, Sum: 0, Workers: 4
[2982.259s][debug][gc,phases      ] GC(194)     Total                          Min: 0, Avg: 211.8, Max: 448, Diff: 448, Sum: 847, Workers: 4
[2982.259s][debug][gc,phases      ] GC(194)   ObjectSynchronizer Weak        Min:  0.0, Avg:  0.0, Max:  0.0, Diff:  0.0, Sum:  0.0, Workers: 4
[2982.259s][debug][gc,phases      ] GC(194)     Dead                           Min: 0, Avg:  0.0, Max: 0, Diff: 0, Sum: 0, Workers: 4
[2982.259s][debug][gc,phases      ] GC(194)     Total                          Min: 0, Avg: 14.8, Max: 59, Diff: 59, Sum: 59, Workers: 4
[2982.259s][debug][gc,phases      ] GC(194)   JVMTI Tag Weak OopStorage      Min:  0.0, Avg:  0.0, Max:  0.0, Diff:  0.0, Sum:  0.0, Workers: 4
[2982.259s][debug][gc,phases      ] GC(194)     Dead                           Min: 0, Avg:  0.0, Max: 0, Diff: 0, Sum: 0, Workers: 4
[2982.259s][debug][gc,phases      ] GC(194)     Total                          Min: 0, Avg:  0.0, Max: 0, Diff: 0, Sum: 0, Workers: 4
[2982.259s][debug][gc,phases      ] GC(194)   StringTable Weak               Min:  0.0, Avg:  0.1, Max:  0.2, Diff:  0.2, Sum:  0.4, Workers: 4
[2982.259s][debug][gc,phases      ] GC(194)     Dead                           Min: 0, Avg:  0.0, Max: 0, Diff: 0, Sum: 0, Workers: 4
[2982.259s][debug][gc,phases      ] GC(194)     Total                          Min: 0, Avg: 11217.0, Max: 23296, Diff: 23296, Sum: 44868, Workers: 4
[2982.259s][debug][gc,phases      ] GC(194)   ResolvedMethodTable Weak       Min:  0.0, Avg:  0.0, Max:  0.0, Diff:  0.0, Sum:  0.1, Workers: 4
[2982.259s][debug][gc,phases      ] GC(194)     Dead                           Min: 0, Avg:  0.0, Max: 0, Diff: 0, Sum: 0, Workers: 4
[2982.259s][debug][gc,phases      ] GC(194)     Total                          Min: 0, Avg: 2453.5, Max: 5056, Diff: 5056, Sum: 9814, Workers: 4
[2982.259s][debug][gc,phases      ] GC(194)   JNI Weak                       Min:  0.0, Avg:  0.0, Max:  0.0, Diff:  0.0, Sum:  0.0, Workers: 4
[2982.259s][debug][gc,phases      ] GC(194)     Dead                           Min: 0, Avg:  0.0, Max: 0, Diff: 0, Sum: 0, Workers: 4
[2982.259s][debug][gc,phases      ] GC(194)     Total                          Min: 0, Avg: 11.2, Max: 45, Diff: 45, Sum: 45, Workers: 4
[2982.259s][debug][gc,phases      ] GC(194)   StringDedup Table Weak         Min:  0.0, Avg:  0.0, Max:  0.0, Diff:  0.0, Sum:  0.0, Workers: 4
[2982.259s][debug][gc,phases      ] GC(194)     Dead                           Min: 0, Avg:  0.0, Max: 0, Diff: 0, Sum: 0, Workers: 4
[2982.259s][debug][gc,phases      ] GC(194)     Total                          Min: 0, Avg:  0.0, Max: 0, Diff: 0, Sum: 0, Workers: 4
[2982.259s][debug][gc,phases      ] GC(194)   StringDedup Requests0 Weak     Min:  0.0, Avg:  0.0, Max:  0.0, Diff:  0.0, Sum:  0.0, Workers: 4
[2982.259s][debug][gc,phases      ] GC(194)     Dead                           Min: 0, Avg:  0.0, Max: 0, Diff: 0, Sum: 0, Workers: 4
[2982.259s][debug][gc,phases      ] GC(194)     Total                          Min: 0, Avg:  0.0, Max: 0, Diff: 0, Sum: 0, Workers: 4
[2982.259s][debug][gc,phases      ] GC(194)   StringDedup Requests1 Weak     Min:  0.0, Avg:  0.0, Max:  0.0, Diff:  0.0, Sum:  0.0, Workers: 4
[2982.259s][debug][gc,phases      ] GC(194)     Dead                           Min: 0, Avg:  0.0, Max: 0, Diff: 0, Sum: 0, Workers: 4
[2982.259s][debug][gc,phases      ] GC(194)     Total                          Min: 0, Avg:  0.0, Max: 0, Diff: 0, Sum: 0, Workers: 4
[2982.259s][debug][gc,phases      ] GC(194)   Weak JFR Old Object Samples    Min:  0.0, Avg:  0.0, Max:  0.0, Diff:  0.0, Sum:  0.0, Workers: 4
[2982.259s][debug][gc,phases      ] GC(194)     Dead                           Min: 0, Avg:  0.0, Max: 0, Diff: 0, Sum: 0, Workers: 4
[2982.259s][debug][gc,phases      ] GC(194)     Total                          Min: 0, Avg:  0.0, Max: 0, Diff: 0, Sum: 0, Workers: 4
[2982.259s][debug][gc,phases      ] GC(194) Weak Processing 0.473ms
[2982.259s][debug][gc,age         ] GC(194) Desired survivor size 3145728 bytes, new threshold 15 (max threshold 15)
[2982.259s][info ][gc,heap        ] GC(194) PSYoungGen: 2092240K(2094080K)->1280K(2094080K) Eden: 2091008K(2091008K)->0K(2091008K) From: 1232K(3072K)->1280K(3072K)
[2982.259s][info ][gc,heap        ] GC(194) ParOldGen: 370423K(458752K)->370439K(458752K)
[2982.259s][info ][gc,metaspace   ] GC(194) Metaspace: 83426K(84480K)->83426K(84480K) NonClass: 71496K(72064K)->71496K(72064K) Class: 11930K(12416K)->11930K(12416K)
[2982.259s][info ][gc             ] GC(194) Pause Young (Allocation Failure) 2404M->363M(2493M) 12.406ms
[2982.259s][info ][gc,cpu         ] GC(194) User=0.02s Sys=0.00s Real=0.01s
[2982.259s][info ][safepoint      ] Safepoint "ParallelGCFailedAllocation", Time since last: 640066091 ns, Reaching safepoint: 109700 ns, At safepoint: 12494749 ns, Total: 12604449 ns
[2999.260s][info ][safepoint      ] Safepoint "Cleanup", Time since last: 17001134315 ns, Reaching safepoint: 34500 ns, At safepoint: 3800 ns, Total: 38300 ns
[2999.747s][info ][gc,start       ] GC(195) Pause Young (Allocation Failure)
[2999.753s][debug][gc,phases      ] GC(195) Scavenge 6.816ms
[2999.753s][debug][gc,ref         ] GC(195) Skipped phase 1 of Reference Processing: no references
[2999.754s][debug][gc,ref         ] GC(195) ReferenceProcessor::execute queues: 1, RefProcThreadModel::Single, marks_oops_alive: false
[2999.754s][debug][gc,ref         ] GC(195) ReferenceProcessor::execute queues: 4, RefProcThreadModel::Multi, marks_oops_alive: true
[2999.755s][debug][gc,ref         ] GC(195) ReferenceProcessor::execute queues: 1, RefProcThreadModel::Single, marks_oops_alive: false
[2999.755s][debug][gc,phases      ] GC(195) Reference Processing 1.435ms
[2999.755s][debug][gc,phases      ] GC(195)   VM Weak                        Min:  0.0, Avg:  0.0, Max:  0.0, Diff:  0.0, Sum:  0.0, Workers: 4
[2999.755s][debug][gc,phases      ] GC(195)     Dead                           Min: 0, Avg:  0.0, Max: 0, Diff: 0, Sum: 0, Workers: 4
[2999.755s][debug][gc,phases      ] GC(195)     Total                          Min: 0, Avg: 211.8, Max: 640, Diff: 640, Sum: 847, Workers: 4
[2999.755s][debug][gc,phases      ] GC(195)   ObjectSynchronizer Weak        Min:  0.0, Avg:  0.0, Max:  0.0, Diff:  0.0, Sum:  0.0, Workers: 4
[2999.755s][debug][gc,phases      ] GC(195)     Dead                           Min: 0, Avg:  0.0, Max: 0, Diff: 0, Sum: 0, Workers: 4
[2999.755s][debug][gc,phases      ] GC(195)     Total                          Min: 0, Avg: 14.8, Max: 59, Diff: 59, Sum: 59, Workers: 4
[2999.755s][debug][gc,phases      ] GC(195)   JVMTI Tag Weak OopStorage      Min:  0.0, Avg:  0.0, Max:  0.0, Diff:  0.0, Sum:  0.0, Workers: 4
[2999.755s][debug][gc,phases      ] GC(195)     Dead                           Min: 0, Avg:  0.0, Max: 0, Diff: 0, Sum: 0, Workers: 4
[2999.755s][debug][gc,phases      ] GC(195)     Total                          Min: 0, Avg:  0.0, Max: 0, Diff: 0, Sum: 0, Workers: 4
[2999.755s][debug][gc,phases      ] GC(195)   StringTable Weak               Min:  0.0, Avg:  0.1, Max:  0.2, Diff:  0.2, Sum:  0.4, Workers: 4
[2999.755s][debug][gc,phases      ] GC(195)     Dead                           Min: 0, Avg:  0.0, Max: 0, Diff: 0, Sum: 0, Workers: 4
[2999.755s][debug][gc,phases      ] GC(195)     Total                          Min: 0, Avg: 11217.5, Max: 22592, Diff: 22592, Sum: 44870, Workers: 4
[2999.755s][debug][gc,phases      ] GC(195)   ResolvedMethodTable Weak       Min:  0.0, Avg:  0.0, Max:  0.0, Diff:  0.0, Sum:  0.1, Workers: 4
[2999.755s][debug][gc,phases      ] GC(195)     Dead                           Min: 0, Avg:  0.0, Max: 0, Diff: 0, Sum: 0, Workers: 4
[2999.755s][debug][gc,phases      ] GC(195)     Total                          Min: 0, Avg: 2453.5, Max: 4956, Diff: 4956, Sum: 9814, Workers: 4
[2999.755s][debug][gc,phases      ] GC(195)   JNI Weak                       Min:  0.0, Avg:  0.0, Max:  0.0, Diff:  0.0, Sum:  0.0, Workers: 4
[2999.755s][debug][gc,phases      ] GC(195)     Dead                           Min: 0, Avg:  0.0, Max: 0, Diff: 0, Sum: 0, Workers: 4
[2999.755s][debug][gc,phases      ] GC(195)     Total                          Min: 0, Avg: 11.2, Max: 45, Diff: 45, Sum: 45, Workers: 4
[2999.755s][debug][gc,phases      ] GC(195)   StringDedup Table Weak         Min:  0.0, Avg:  0.0, Max:  0.0, Diff:  0.0, Sum:  0.0, Workers: 4
[2999.755s][debug][gc,phases      ] GC(195)     Dead                           Min: 0, Avg:  0.0, Max: 0, Diff: 0, Sum: 0, Workers: 4
[2999.755s][debug][gc,phases      ] GC(195)     Total                          Min: 0, Avg:  0.0, Max: 0, Diff: 0, Sum: 0, Workers: 4
[2999.755s][debug][gc,phases      ] GC(195)   StringDedup Requests0 Weak     Min:  0.0, Avg:  0.0, Max:  0.0, Diff:  0.0, Sum:  0.0, Workers: 4
[2999.755s][debug][gc,phases      ] GC(195)     Dead                           Min: 0, Avg:  0.0, Max: 0, Diff: 0, Sum: 0, Workers: 4
[2999.755s][debug][gc,phases      ] GC(195)     Total                          Min: 0, Avg:  0.0, Max: 0, Diff: 0, Sum: 0, Workers: 4
[2999.755s][debug][gc,phases      ] GC(195)   StringDedup Requests1 Weak     Min:  0.0, Avg:  0.0, Max:  0.0, Diff:  0.0, Sum:  0.0, Workers: 4
[2999.755s][debug][gc,phases      ] GC(195)     Dead                           Min: 0, Avg:  0.0, Max: 0, Diff: 0, Sum: 0, Workers: 4
[2999.755s][debug][gc,phases      ] GC(195)     Total                          Min: 0, Avg:  0.0, Max: 0, Diff: 0, Sum: 0, Workers: 4
[2999.755s][debug][gc,phases      ] GC(195)   Weak JFR Old Object Samples    Min:  0.0, Avg:  0.0, Max:  0.0, Diff:  0.0, Sum:  0.0, Workers: 4
[2999.755s][debug][gc,phases      ] GC(195)     Dead                           Min: 0, Avg:  0.0, Max: 0, Diff: 0, Sum: 0, Workers: 4
[2999.755s][debug][gc,phases      ] GC(195)     Total                          Min: 0, Avg:  0.0, Max: 0, Diff: 0, Sum: 0, Workers: 4
[2999.755s][debug][gc,phases      ] GC(195) Weak Processing 0.541ms
[2999.755s][debug][gc,age         ] GC(195) Desired survivor size 3145728 bytes, new threshold 15 (max threshold 15)
[2999.755s][info ][gc,heap        ] GC(195) PSYoungGen: 2092288K(2094080K)->1312K(2094080K) Eden: 2091008K(2091008K)->0K(2091008K) From: 1280K(3072K)->1312K(3072K)
[2999.755s][info ][gc,heap        ] GC(195) ParOldGen: 370439K(458752K)->370487K(458752K)
[2999.755s][info ][gc,metaspace   ] GC(195) Metaspace: 83437K(84480K)->83437K(84480K) NonClass: 71507K(72064K)->71507K(72064K) Class: 11930K(12416K)->11930K(12416K)
[2999.755s][info ][gc             ] GC(195) Pause Young (Allocation Failure) 2405M->363M(2493M) 8.909ms
[2999.755s][info ][gc,cpu         ] GC(195) User=0.01s Sys=0.01s Real=0.01s
[2999.756s][info ][safepoint      ] Safepoint "ParallelGCFailedAllocation", Time since last: 486458916 ns, Reaching safepoint: 39800 ns, At safepoint: 8986363 ns, Total: 9026163 ns
[3009.756s][info ][safepoint      ] Safepoint "Cleanup", Time since last: 10000685211 ns, Reaching safepoint: 36700 ns, At safepoint: 2600 ns, Total: 39300 ns
[3016.757s][info ][safepoint      ] Safepoint "Cleanup", Time since last: 7000525696 ns, Reaching safepoint: 47100 ns, At safepoint: 2800 ns, Total: 49900 ns
[3017.042s][info ][gc,start       ] GC(196) Pause Young (Allocation Failure)
[3017.047s][debug][gc,phases      ] GC(196) Scavenge 4.811ms
[3017.047s][debug][gc,ref         ] GC(196) Skipped phase 1 of Reference Processing: no references
[3017.047s][debug][gc,ref         ] GC(196) ReferenceProcessor::execute queues: 1, RefProcThreadModel::Single, marks_oops_alive: false
[3017.047s][debug][gc,ref         ] GC(196) ReferenceProcessor::execute queues: 4, RefProcThreadModel::Multi, marks_oops_alive: true
[3017.047s][debug][gc,ref         ] GC(196) ReferenceProcessor::execute queues: 1, RefProcThreadModel::Single, marks_oops_alive: false
[3017.047s][debug][gc,phases      ] GC(196) Reference Processing 0.193ms
[3017.047s][debug][gc,phases      ] GC(196)   VM Weak                        Min:  0.0, Avg:  0.0, Max:  0.0, Diff:  0.0, Sum:  0.0, Workers: 4
[3017.047s][debug][gc,phases      ] GC(196)     Dead                           Min: 0, Avg:  0.0, Max: 0, Diff: 0, Sum: 0, Workers: 4
[3017.047s][debug][gc,phases      ] GC(196)     Total                          Min: 0, Avg: 211.8, Max: 448, Diff: 448, Sum: 847, Workers: 4
[3017.047s][debug][gc,phases      ] GC(196)   ObjectSynchronizer Weak        Min:  0.0, Avg:  0.0, Max:  0.0, Diff:  0.0, Sum:  0.0, Workers: 4
[3017.047s][debug][gc,phases      ] GC(196)     Dead                           Min: 0, Avg:  0.0, Max: 0, Diff: 0, Sum: 0, Workers: 4
[3017.047s][debug][gc,phases      ] GC(196)     Total                          Min: 0, Avg: 14.8, Max: 59, Diff: 59, Sum: 59, Workers: 4
[3017.047s][debug][gc,phases      ] GC(196)   JVMTI Tag Weak OopStorage      Min:  0.0, Avg:  0.0, Max:  0.0, Diff:  0.0, Sum:  0.0, Workers: 4
[3017.047s][debug][gc,phases      ] GC(196)     Dead                           Min: 0, Avg:  0.0, Max: 0, Diff: 0, Sum: 0, Workers: 4
[3017.047s][debug][gc,phases      ] GC(196)     Total                          Min: 0, Avg:  0.0, Max: 0, Diff: 0, Sum: 0, Workers: 4
[3017.047s][debug][gc,phases      ] GC(196)   StringTable Weak               Min:  0.0, Avg:  0.1, Max:  0.1, Diff:  0.1, Sum:  0.4, Workers: 4
[3017.047s][debug][gc,phases      ] GC(196)     Dead                           Min: 0, Avg:  0.0, Max: 0, Diff: 0, Sum: 0, Workers: 4
[3017.047s][debug][gc,phases      ] GC(196)     Total                          Min: 0, Avg: 11218.2, Max: 15104, Diff: 15104, Sum: 44873, Workers: 4
[3017.047s][debug][gc,phases      ] GC(196)   ResolvedMethodTable Weak       Min:  0.0, Avg:  0.0, Max:  0.0, Diff:  0.0, Sum:  0.1, Workers: 4
[3017.047s][debug][gc,phases      ] GC(196)     Dead                           Min: 0, Avg:  0.0, Max: 0, Diff: 0, Sum: 0, Workers: 4
[3017.047s][debug][gc,phases      ] GC(196)     Total                          Min: 0, Avg: 2453.5, Max: 3392, Diff: 3392, Sum: 9814, Workers: 4
[3017.047s][debug][gc,phases      ] GC(196)   JNI Weak                       Min:  0.0, Avg:  0.0, Max:  0.0, Diff:  0.0, Sum:  0.0, Workers: 4
[3017.047s][debug][gc,phases      ] GC(196)     Dead                           Min: 0, Avg:  0.0, Max: 0, Diff: 0, Sum: 0, Workers: 4
[3017.047s][debug][gc,phases      ] GC(196)     Total                          Min: 0, Avg: 11.2, Max: 45, Diff: 45, Sum: 45, Workers: 4
[3017.047s][debug][gc,phases      ] GC(196)   StringDedup Table Weak         Min:  0.0, Avg:  0.0, Max:  0.0, Diff:  0.0, Sum:  0.0, Workers: 4
[3017.047s][debug][gc,phases      ] GC(196)     Dead                           Min: 0, Avg:  0.0, Max: 0, Diff: 0, Sum: 0, Workers: 4
[3017.047s][debug][gc,phases      ] GC(196)     Total                          Min: 0, Avg:  0.0, Max: 0, Diff: 0, Sum: 0, Workers: 4
[3017.047s][debug][gc,phases      ] GC(196)   StringDedup Requests0 Weak     Min:  0.0, Avg:  0.0, Max:  0.0, Diff:  0.0, Sum:  0.0, Workers: 4
[3017.047s][debug][gc,phases      ] GC(196)     Dead                           Min: 0, Avg:  0.0, Max: 0, Diff: 0, Sum: 0, Workers: 4
[3017.047s][debug][gc,phases      ] GC(196)     Total                          Min: 0, Avg:  0.0, Max: 0, Diff: 0, Sum: 0, Workers: 4
[3017.047s][debug][gc,phases      ] GC(196)   StringDedup Requests1 Weak     Min:  0.0, Avg:  0.0, Max:  0.0, Diff:  0.0, Sum:  0.0, Workers: 4
[3017.047s][debug][gc,phases      ] GC(196)     Dead                           Min: 0, Avg:  0.0, Max: 0, Diff: 0, Sum: 0, Workers: 4
[3017.047s][debug][gc,phases      ] GC(196)     Total                          Min: 0, Avg:  0.0, Max: 0, Diff: 0, Sum: 0, Workers: 4
[3017.047s][debug][gc,phases      ] GC(196)   Weak JFR Old Object Samples    Min:  0.0, Avg:  0.0, Max:  0.0, Diff:  0.0, Sum:  0.0, Workers: 4
[3017.047s][debug][gc,phases      ] GC(196)     Dead                           Min: 0, Avg:  0.0, Max: 0, Diff: 0, Sum: 0, Workers: 4
[3017.047s][debug][gc,phases      ] GC(196)     Total                          Min: 0, Avg:  0.0, Max: 0, Diff: 0, Sum: 0, Workers: 4
[3017.047s][debug][gc,phases      ] GC(196) Weak Processing 0.416ms
[3017.047s][debug][gc,age         ] GC(196) Desired survivor size 3145728 bytes, new threshold 15 (max threshold 15)
[3017.048s][info ][gc,heap        ] GC(196) PSYoungGen: 2092320K(2094080K)->1216K(2094080K) Eden: 2091008K(2091008K)->0K(2091008K) From: 1312K(3072K)->1216K(3072K)
[3017.048s][info ][gc,heap        ] GC(196) ParOldGen: 370487K(458752K)->370495K(458752K)
[3017.048s][info ][gc,metaspace   ] GC(196) Metaspace: 83456K(84480K)->83456K(84480K) NonClass: 71525K(72064K)->71525K(72064K) Class: 11930K(12416K)->11930K(12416K)
[3017.048s][info ][gc             ] GC(196) Pause Young (Allocation Failure) 2405M->362M(2493M) 5.547ms
[3017.048s][info ][gc,cpu         ] GC(196) User=0.01s Sys=0.00s Real=0.01s
[3017.048s][info ][safepoint      ] Safepoint "ParallelGCFailedAllocation", Time since last: 285087948 ns, Reaching safepoint: 37500 ns, At safepoint: 5624477 ns, Total: 5661977 ns
[3020.048s][info ][safepoint      ] Safepoint "Cleanup", Time since last: 3000223235 ns, Reaching safepoint: 104699 ns, At safepoint: 3200 ns, Total: 107899 ns
[3022.048s][info ][safepoint      ] Safepoint "Cleanup", Time since last: 2000181738 ns, Reaching safepoint: 104800 ns, At safepoint: 4300 ns, Total: 109100 ns
[3027.049s][info ][safepoint      ] Safepoint "Cleanup", Time since last: 5000389294 ns, Reaching safepoint: 37100 ns, At safepoint: 5700 ns, Total: 42800 ns
[3030.049s][info ][safepoint      ] Safepoint "Cleanup", Time since last: 3000255361 ns, Reaching safepoint: 102999 ns, At safepoint: 4700 ns, Total: 107699 ns
[3033.545s][info ][gc,start       ] GC(197) Pause Young (Allocation Failure)
[3033.549s][debug][gc,phases      ] GC(197) Scavenge 4.782ms
[3033.549s][debug][gc,ref         ] GC(197) Skipped phase 1 of Reference Processing: no references
[3033.550s][debug][gc,ref         ] GC(197) ReferenceProcessor::execute queues: 1, RefProcThreadModel::Single, marks_oops_alive: false
[3033.550s][debug][gc,ref         ] GC(197) ReferenceProcessor::execute queues: 4, RefProcThreadModel::Multi, marks_oops_alive: true
[3033.554s][debug][gc,ref         ] GC(197) ReferenceProcessor::execute queues: 1, RefProcThreadModel::Single, marks_oops_alive: false
[3033.554s][debug][gc,phases      ] GC(197) Reference Processing 4.730ms
[3033.554s][debug][gc,phases      ] GC(197)   VM Weak                        Min:  0.0, Avg:  0.0, Max:  0.0, Diff:  0.0, Sum:  0.0, Workers: 4
[3033.554s][debug][gc,phases      ] GC(197)     Dead                           Min: 0, Avg:  0.0, Max: 0, Diff: 0, Sum: 0, Workers: 4
[3033.554s][debug][gc,phases      ] GC(197)     Total                          Min: 0, Avg: 211.8, Max: 719, Diff: 719, Sum: 847, Workers: 4
[3033.554s][debug][gc,phases      ] GC(197)   ObjectSynchronizer Weak        Min:  0.0, Avg:  0.0, Max:  0.0, Diff:  0.0, Sum:  0.0, Workers: 4
[3033.554s][debug][gc,phases      ] GC(197)     Dead                           Min: 0, Avg:  0.0, Max: 0, Diff: 0, Sum: 0, Workers: 4
[3033.554s][debug][gc,phases      ] GC(197)     Total                          Min: 0, Avg: 14.8, Max: 59, Diff: 59, Sum: 59, Workers: 4
[3033.554s][debug][gc,phases      ] GC(197)   JVMTI Tag Weak OopStorage      Min:  0.0, Avg:  0.0, Max:  0.0, Diff:  0.0, Sum:  0.0, Workers: 4
[3033.554s][debug][gc,phases      ] GC(197)     Dead                           Min: 0, Avg:  0.0, Max: 0, Diff: 0, Sum: 0, Workers: 4
[3033.554s][debug][gc,phases      ] GC(197)     Total                          Min: 0, Avg:  0.0, Max: 0, Diff: 0, Sum: 0, Workers: 4
[3033.555s][debug][gc,phases      ] GC(197)   StringTable Weak               Min:  0.0, Avg:  0.1, Max:  0.2, Diff:  0.2, Sum:  0.4, Workers: 4
[3033.555s][debug][gc,phases      ] GC(197)     Dead                           Min: 0, Avg:  0.0, Max: 0, Diff: 0, Sum: 0, Workers: 4
[3033.555s][debug][gc,phases      ] GC(197)     Total                          Min: 0, Avg: 11219.2, Max: 22528, Diff: 22528, Sum: 44877, Workers: 4
[3033.555s][debug][gc,phases      ] GC(197)   ResolvedMethodTable Weak       Min:  0.0, Avg:  0.0, Max:  0.0, Diff:  0.0, Sum:  0.1, Workers: 4
[3033.555s][debug][gc,phases      ] GC(197)     Dead                           Min: 0, Avg:  0.0, Max: 0, Diff: 0, Sum: 0, Workers: 4
[3033.555s][debug][gc,phases      ] GC(197)     Total                          Min: 0, Avg: 2453.5, Max: 4992, Diff: 4992, Sum: 9814, Workers: 4
[3033.555s][debug][gc,phases      ] GC(197)   JNI Weak                       Min:  0.0, Avg:  0.0, Max:  0.0, Diff:  0.0, Sum:  0.0, Workers: 4
[3033.555s][debug][gc,phases      ] GC(197)     Dead                           Min: 0, Avg:  0.0, Max: 0, Diff: 0, Sum: 0, Workers: 4
[3033.555s][debug][gc,phases      ] GC(197)     Total                          Min: 0, Avg: 11.2, Max: 45, Diff: 45, Sum: 45, Workers: 4
[3033.555s][debug][gc,phases      ] GC(197)   StringDedup Table Weak         Min:  0.0, Avg:  0.0, Max:  0.0, Diff:  0.0, Sum:  0.0, Workers: 4
[3033.555s][debug][gc,phases      ] GC(197)     Dead                           Min: 0, Avg:  0.0, Max: 0, Diff: 0, Sum: 0, Workers: 4
[3033.555s][debug][gc,phases      ] GC(197)     Total                          Min: 0, Avg:  0.0, Max: 0, Diff: 0, Sum: 0, Workers: 4
[3033.555s][debug][gc,phases      ] GC(197)   StringDedup Requests0 Weak     Min:  0.0, Avg:  0.0, Max:  0.0, Diff:  0.0, Sum:  0.0, Workers: 4
[3033.555s][debug][gc,phases      ] GC(197)     Dead                           Min: 0, Avg:  0.0, Max: 0, Diff: 0, Sum: 0, Workers: 4
[3033.555s][debug][gc,phases      ] GC(197)     Total                          Min: 0, Avg:  0.0, Max: 0, Diff: 0, Sum: 0, Workers: 4
[3033.555s][debug][gc,phases      ] GC(197)   StringDedup Requests1 Weak     Min:  0.0, Avg:  0.0, Max:  0.0, Diff:  0.0, Sum:  0.0, Workers: 4
[3033.555s][debug][gc,phases      ] GC(197)     Dead                           Min: 0, Avg:  0.0, Max: 0, Diff: 0, Sum: 0, Workers: 4
[3033.555s][debug][gc,phases      ] GC(197)     Total                          Min: 0, Avg:  0.0, Max: 0, Diff: 0, Sum: 0, Workers: 4
[3033.555s][debug][gc,phases      ] GC(197)   Weak JFR Old Object Samples    Min:  0.0, Avg:  0.0, Max:  0.0, Diff:  0.0, Sum:  0.0, Workers: 4
[3033.555s][debug][gc,phases      ] GC(197)     Dead                           Min: 0, Avg:  0.0, Max: 0, Diff: 0, Sum: 0, Workers: 4
[3033.555s][debug][gc,phases      ] GC(197)     Total                          Min: 0, Avg:  0.0, Max: 0, Diff: 0, Sum: 0, Workers: 4
[3033.555s][debug][gc,phases      ] GC(197) Weak Processing 0.495ms
[3033.555s][debug][gc,age         ] GC(197) Desired survivor size 2621440 bytes, new threshold 15 (max threshold 15)
[3033.555s][info ][gc,heap        ] GC(197) PSYoungGen: 2092224K(2094080K)->1168K(2094592K) Eden: 2091008K(2091008K)->0K(2091520K) From: 1216K(3072K)->1168K(3072K)
[3033.555s][info ][gc,heap        ] GC(197) ParOldGen: 370495K(458752K)->370543K(458752K)
[3033.555s][info ][gc,metaspace   ] GC(197) Metaspace: 83457K(84480K)->83457K(84480K) NonClass: 71527K(72064K)->71527K(72064K) Class: 11930K(12416K)->11930K(12416K)
[3033.555s][info ][gc             ] GC(197) Pause Young (Allocation Failure) 2404M->362M(2493M) 10.133ms
[3033.555s][info ][gc,cpu         ] GC(197) User=0.01s Sys=0.00s Real=0.02s
[3033.555s][info ][safepoint      ] Safepoint "ParallelGCFailedAllocation", Time since last: 3495505241 ns, Reaching safepoint: 29900 ns, At safepoint: 10221358 ns, Total: 10251258 ns
[3034.555s][info ][safepoint      ] Safepoint "Cleanup", Time since last: 1000082520 ns, Reaching safepoint: 34100 ns, At safepoint: 5600 ns, Total: 39700 ns
[3039.559s][info ][safepoint      ] Safepoint "Cleanup", Time since last: 5000377423 ns, Reaching safepoint: 3248987 ns, At safepoint: 12800 ns, Total: 3261787 ns
[3040.559s][info ][safepoint      ] Safepoint "Cleanup", Time since last: 1000169724 ns, Reaching safepoint: 53700 ns, At safepoint: 2500 ns, Total: 56200 ns
[3041.559s][info ][safepoint      ] Safepoint "Cleanup", Time since last: 1000110124 ns, Reaching safepoint: 54200 ns, At safepoint: 2500 ns, Total: 56700 ns
[3044.559s][info ][safepoint      ] Safepoint "Cleanup", Time since last: 3000226375 ns, Reaching safepoint: 33800 ns, At safepoint: 2000 ns, Total: 35800 ns
[3049.909s][info ][gc,start       ] GC(198) Pause Young (Allocation Failure)
[3049.916s][debug][gc,phases      ] GC(198) Scavenge 7.505ms
[3049.916s][debug][gc,ref         ] GC(198) Skipped phase 1 of Reference Processing: no references
[3049.916s][debug][gc,ref         ] GC(198) ReferenceProcessor::execute queues: 1, RefProcThreadModel::Single, marks_oops_alive: false
[3049.916s][debug][gc,ref         ] GC(198) Skipped phase 3 of Reference Processing: no references
[3049.916s][debug][gc,ref         ] GC(198) ReferenceProcessor::execute queues: 1, RefProcThreadModel::Single, marks_oops_alive: false
[3049.916s][debug][gc,phases      ] GC(198) Reference Processing 0.116ms
[3049.917s][debug][gc,phases      ] GC(198)   VM Weak                        Min:  0.0, Avg:  0.0, Max:  0.0, Diff:  0.0, Sum:  0.0, Workers: 4
[3049.917s][debug][gc,phases      ] GC(198)     Dead                           Min: 0, Avg:  0.0, Max: 0, Diff: 0, Sum: 0, Workers: 4
[3049.917s][debug][gc,phases      ] GC(198)     Total                          Min: 0, Avg: 211.8, Max: 463, Diff: 463, Sum: 847, Workers: 4
[3049.917s][debug][gc,phases      ] GC(198)   ObjectSynchronizer Weak        Min:  0.0, Avg:  0.0, Max:  0.0, Diff:  0.0, Sum:  0.0, Workers: 4
[3049.917s][debug][gc,phases      ] GC(198)     Dead                           Min: 0, Avg:  0.0, Max: 0, Diff: 0, Sum: 0, Workers: 4
[3049.917s][debug][gc,phases      ] GC(198)     Total                          Min: 0, Avg: 14.8, Max: 59, Diff: 59, Sum: 59, Workers: 4
[3049.917s][debug][gc,phases      ] GC(198)   JVMTI Tag Weak OopStorage      Min:  0.0, Avg:  0.0, Max:  0.0, Diff:  0.0, Sum:  0.0, Workers: 4
[3049.917s][debug][gc,phases      ] GC(198)     Dead                           Min: 0, Avg:  0.0, Max: 0, Diff: 0, Sum: 0, Workers: 4
[3049.917s][debug][gc,phases      ] GC(198)     Total                          Min: 0, Avg:  0.0, Max: 0, Diff: 0, Sum: 0, Workers: 4
[3049.917s][debug][gc,phases      ] GC(198)   StringTable Weak               Min:  0.0, Avg:  0.1, Max:  0.2, Diff:  0.2, Sum:  0.4, Workers: 4
[3049.917s][debug][gc,phases      ] GC(198)     Dead                           Min: 0, Avg:  0.0, Max: 0, Diff: 0, Sum: 0, Workers: 4
[3049.917s][debug][gc,phases      ] GC(198)     Total                          Min: 0, Avg: 11219.2, Max: 22477, Diff: 22477, Sum: 44877, Workers: 4
[3049.917s][debug][gc,phases      ] GC(198)   ResolvedMethodTable Weak       Min:  0.0, Avg:  0.0, Max:  0.0, Diff:  0.0, Sum:  0.1, Workers: 4
[3049.917s][debug][gc,phases      ] GC(198)     Dead                           Min: 0, Avg:  0.0, Max: 0, Diff: 0, Sum: 0, Workers: 4
[3049.917s][debug][gc,phases      ] GC(198)     Total                          Min: 0, Avg: 2453.5, Max: 5142, Diff: 5142, Sum: 9814, Workers: 4
[3049.917s][debug][gc,phases      ] GC(198)   JNI Weak                       Min:  0.0, Avg:  0.0, Max:  0.0, Diff:  0.0, Sum:  0.0, Workers: 4
[3049.917s][debug][gc,phases      ] GC(198)     Dead                           Min: 0, Avg:  0.0, Max: 0, Diff: 0, Sum: 0, Workers: 4
[3049.917s][debug][gc,phases      ] GC(198)     Total                          Min: 0, Avg: 11.2, Max: 45, Diff: 45, Sum: 45, Workers: 4
[3049.917s][debug][gc,phases      ] GC(198)   StringDedup Table Weak         Min:  0.0, Avg:  0.0, Max:  0.0, Diff:  0.0, Sum:  0.0, Workers: 4
[3049.917s][debug][gc,phases      ] GC(198)     Dead                           Min: 0, Avg:  0.0, Max: 0, Diff: 0, Sum: 0, Workers: 4
[3049.917s][debug][gc,phases      ] GC(198)     Total                          Min: 0, Avg:  0.0, Max: 0, Diff: 0, Sum: 0, Workers: 4
[3049.917s][debug][gc,phases      ] GC(198)   StringDedup Requests0 Weak     Min:  0.0, Avg:  0.0, Max:  0.0, Diff:  0.0, Sum:  0.0, Workers: 4
[3049.917s][debug][gc,phases      ] GC(198)     Dead                           Min: 0, Avg:  0.0, Max: 0, Diff: 0, Sum: 0, Workers: 4
[3049.917s][debug][gc,phases      ] GC(198)     Total                          Min: 0, Avg:  0.0, Max: 0, Diff: 0, Sum: 0, Workers: 4
[3049.917s][debug][gc,phases      ] GC(198)   StringDedup Requests1 Weak     Min:  0.0, Avg:  0.0, Max:  0.0, Diff:  0.0, Sum:  0.0, Workers: 4
[3049.917s][debug][gc,phases      ] GC(198)     Dead                           Min: 0, Avg:  0.0, Max: 0, Diff: 0, Sum: 0, Workers: 4
[3049.917s][debug][gc,phases      ] GC(198)     Total                          Min: 0, Avg:  0.0, Max: 0, Diff: 0, Sum: 0, Workers: 4
[3049.917s][debug][gc,phases      ] GC(198)   Weak JFR Old Object Samples    Min:  0.0, Avg:  0.0, Max:  0.0, Diff:  0.0, Sum:  0.0, Workers: 4
[3049.917s][debug][gc,phases      ] GC(198)     Dead                           Min: 0, Avg:  0.0, Max: 0, Diff: 0, Sum: 0, Workers: 4
[3049.917s][debug][gc,phases      ] GC(198)     Total                          Min: 0, Avg:  0.0, Max: 0, Diff: 0, Sum: 0, Workers: 4
[3049.917s][debug][gc,phases      ] GC(198) Weak Processing 0.506ms
[3049.917s][debug][gc,age         ] GC(198) Desired survivor size 2621440 bytes, new threshold 15 (max threshold 15)
[3049.917s][info ][gc,heap        ] GC(198) PSYoungGen: 2092688K(2094592K)->1088K(2094080K) Eden: 2091520K(2091520K)->0K(2091520K) From: 1168K(3072K)->1088K(2560K)
[3049.917s][info ][gc,heap        ] GC(198) ParOldGen: 370543K(458752K)->370567K(458752K)
[3049.917s][info ][gc,metaspace   ] GC(198) Metaspace: 83487K(84480K)->83487K(84480K) NonClass: 71556K(72064K)->71556K(72064K) Class: 11930K(12416K)->11930K(12416K)
[3049.917s][info ][gc             ] GC(198) Pause Young (Allocation Failure) 2405M->362M(2493M) 8.268ms
[3049.917s][info ][gc,cpu         ] GC(198) User=0.01s Sys=0.00s Real=0.01s
[3049.917s][info ][safepoint      ] Safepoint "ParallelGCFailedAllocation", Time since last: 5349278702 ns, Reaching safepoint: 38200 ns, At safepoint: 8350166 ns, Total: 8388366 ns
[3055.917s][info ][safepoint      ] Safepoint "Cleanup", Time since last: 6000421531 ns, Reaching safepoint: 48200 ns, At safepoint: 7800 ns, Total: 56000 ns
[3056.917s][info ][safepoint      ] Safepoint "Cleanup", Time since last: 1000102121 ns, Reaching safepoint: 52800 ns, At safepoint: 5200 ns, Total: 58000 ns
[3057.918s][info ][safepoint      ] Safepoint "Cleanup", Time since last: 1000086421 ns, Reaching safepoint: 37400 ns, At safepoint: 3900 ns, Total: 41300 ns
[3058.918s][info ][safepoint      ] Safepoint "Cleanup", Time since last: 1000097621 ns, Reaching safepoint: 44400 ns, At safepoint: 3200 ns, Total: 47600 ns
[3059.918s][info ][safepoint      ] Safepoint "Cleanup", Time since last: 1000105942 ns, Reaching safepoint: 30700 ns, At safepoint: 1799 ns, Total: 32499 ns
[3062.918s][info ][safepoint      ] Safepoint "Cleanup", Time since last: 3000216218 ns, Reaching safepoint: 36900 ns, At safepoint: 2700 ns, Total: 39600 ns
[3066.092s][info ][gc,start       ] GC(199) Pause Young (Allocation Failure)
[3066.101s][debug][gc,phases      ] GC(199) Scavenge 9.438ms
[3066.101s][debug][gc,ref         ] GC(199) Skipped phase 1 of Reference Processing: no references
[3066.101s][debug][gc,ref         ] GC(199) ReferenceProcessor::execute queues: 1, RefProcThreadModel::Single, marks_oops_alive: false
[3066.101s][debug][gc,ref         ] GC(199) ReferenceProcessor::execute queues: 4, RefProcThreadModel::Multi, marks_oops_alive: true
[3066.101s][debug][gc,ref         ] GC(199) ReferenceProcessor::execute queues: 1, RefProcThreadModel::Single, marks_oops_alive: false
[3066.102s][debug][gc,phases      ] GC(199) Reference Processing 0.406ms
[3066.102s][debug][gc,phases      ] GC(199)   VM Weak                        Min:  0.0, Avg:  0.0, Max:  0.0, Diff:  0.0, Sum:  0.0, Workers: 4
[3066.102s][debug][gc,phases      ] GC(199)     Dead                           Min: 0, Avg:  0.0, Max: 0, Diff: 0, Sum: 0, Workers: 4
[3066.102s][debug][gc,phases      ] GC(199)     Total                          Min: 0, Avg: 211.8, Max: 847, Diff: 847, Sum: 847, Workers: 4
[3066.102s][debug][gc,phases      ] GC(199)   ObjectSynchronizer Weak        Min:  0.0, Avg:  0.0, Max:  0.0, Diff:  0.0, Sum:  0.0, Workers: 4
[3066.102s][debug][gc,phases      ] GC(199)     Dead                           Min: 0, Avg:  0.0, Max: 0, Diff: 0, Sum: 0, Workers: 4
[3066.102s][debug][gc,phases      ] GC(199)     Total                          Min: 0, Avg: 14.8, Max: 59, Diff: 59, Sum: 59, Workers: 4
[3066.102s][debug][gc,phases      ] GC(199)   JVMTI Tag Weak OopStorage      Min:  0.0, Avg:  0.0, Max:  0.0, Diff:  0.0, Sum:  0.0, Workers: 4
[3066.102s][debug][gc,phases      ] GC(199)     Dead                           Min: 0, Avg:  0.0, Max: 0, Diff: 0, Sum: 0, Workers: 4
[3066.102s][debug][gc,phases      ] GC(199)     Total                          Min: 0, Avg:  0.0, Max: 0, Diff: 0, Sum: 0, Workers: 4
[3066.102s][debug][gc,phases      ] GC(199)   StringTable Weak               Min:  0.0, Avg:  0.1, Max:  0.2, Diff:  0.2, Sum:  0.4, Workers: 4
[3066.102s][debug][gc,phases      ] GC(199)     Dead                           Min: 0, Avg:  0.0, Max: 0, Diff: 0, Sum: 0, Workers: 4
[3066.102s][debug][gc,phases      ] GC(199)     Total                          Min: 0, Avg: 11219.5, Max: 22990, Diff: 22990, Sum: 44878, Workers: 4
[3066.102s][debug][gc,phases      ] GC(199)   ResolvedMethodTable Weak       Min:  0.0, Avg:  0.0, Max:  0.0, Diff:  0.0, Sum:  0.1, Workers: 4
[3066.102s][debug][gc,phases      ] GC(199)     Dead                           Min: 0, Avg:  0.0, Max: 0, Diff: 0, Sum: 0, Workers: 4
[3066.102s][debug][gc,phases      ] GC(199)     Total                          Min: 0, Avg: 2453.5, Max: 5212, Diff: 5212, Sum: 9814, Workers: 4
[3066.102s][debug][gc,phases      ] GC(199)   JNI Weak                       Min:  0.0, Avg:  0.0, Max:  0.0, Diff:  0.0, Sum:  0.0, Workers: 4
[3066.102s][debug][gc,phases      ] GC(199)     Dead                           Min: 0, Avg:  0.0, Max: 0, Diff: 0, Sum: 0, Workers: 4
[3066.102s][debug][gc,phases      ] GC(199)     Total                          Min: 0, Avg: 11.2, Max: 45, Diff: 45, Sum: 45, Workers: 4
[3066.102s][debug][gc,phases      ] GC(199)   StringDedup Table Weak         Min:  0.0, Avg:  0.0, Max:  0.0, Diff:  0.0, Sum:  0.0, Workers: 4
[3066.102s][debug][gc,phases      ] GC(199)     Dead                           Min: 0, Avg:  0.0, Max: 0, Diff: 0, Sum: 0, Workers: 4
[3066.102s][debug][gc,phases      ] GC(199)     Total                          Min: 0, Avg:  0.0, Max: 0, Diff: 0, Sum: 0, Workers: 4
[3066.102s][debug][gc,phases      ] GC(199)   StringDedup Requests0 Weak     Min:  0.0, Avg:  0.0, Max:  0.0, Diff:  0.0, Sum:  0.0, Workers: 4
[3066.102s][debug][gc,phases      ] GC(199)     Dead                           Min: 0, Avg:  0.0, Max: 0, Diff: 0, Sum: 0, Workers: 4
[3066.102s][debug][gc,phases      ] GC(199)     Total                          Min: 0, Avg:  0.0, Max: 0, Diff: 0, Sum: 0, Workers: 4
[3066.102s][debug][gc,phases      ] GC(199)   StringDedup Requests1 Weak     Min:  0.0, Avg:  0.0, Max:  0.0, Diff:  0.0, Sum:  0.0, Workers: 4
[3066.102s][debug][gc,phases      ] GC(199)     Dead                           Min: 0, Avg:  0.0, Max: 0, Diff: 0, Sum: 0, Workers: 4
[3066.102s][debug][gc,phases      ] GC(199)     Total                          Min: 0, Avg:  0.0, Max: 0, Diff: 0, Sum: 0, Workers: 4
[3066.102s][debug][gc,phases      ] GC(199)   Weak JFR Old Object Samples    Min:  0.0, Avg:  0.0, Max:  0.0, Diff:  0.0, Sum:  0.0, Workers: 4
[3066.102s][debug][gc,phases      ] GC(199)     Dead                           Min: 0, Avg:  0.0, Max: 0, Diff: 0, Sum: 0, Workers: 4
[3066.102s][debug][gc,phases      ] GC(199)     Total                          Min: 0, Avg:  0.0, Max: 0, Diff: 0, Sum: 0, Workers: 4
[3066.102s][debug][gc,phases      ] GC(199) Weak Processing 0.468ms
[3066.102s][debug][gc,age         ] GC(199) Desired survivor size 2621440 bytes, new threshold 15 (max threshold 15)
[3066.102s][info ][gc,heap        ] GC(199) PSYoungGen: 2092608K(2094080K)->1152K(2094592K) Eden: 2091520K(2091520K)->0K(2092032K) From: 1088K(2560K)->1152K(2560K)
[3066.102s][info ][gc,heap        ] GC(199) ParOldGen: 370567K(458752K)->370599K(458752K)
[3066.102s][info ][gc,metaspace   ] GC(199) Metaspace: 83493K(84480K)->83493K(84480K) NonClass: 71562K(72064K)->71562K(72064K) Class: 11930K(12416K)->11930K(12416K)
[3066.102s][info ][gc             ] GC(199) Pause Young (Allocation Failure) 2405M->363M(2493M) 10.447ms
[3066.102s][info ][gc,cpu         ] GC(199) User=0.02s Sys=0.00s Real=0.01s
[3066.102s][info ][safepoint      ] Safepoint "ParallelGCFailedAllocation", Time since last: 3173370796 ns, Reaching safepoint: 30900 ns, At safepoint: 10556656 ns, Total: 10587556 ns
[3068.102s][info ][safepoint      ] Safepoint "Cleanup", Time since last: 2000150273 ns, Reaching safepoint: 44000 ns, At safepoint: 2300 ns, Total: 46300 ns
[3069.108s][info ][safepoint      ] Safepoint "Cleanup", Time since last: 1000108622 ns, Reaching safepoint: 5308878 ns, At safepoint: 8100 ns, Total: 5316978 ns
[3073.110s][info ][safepoint      ] Safepoint "Cleanup", Time since last: 4002310980 ns, Reaching safepoint: 38400 ns, At safepoint: 21000 ns, Total: 59400 ns
[3076.110s][info ][safepoint      ] Safepoint "Cleanup", Time since last: 3000181366 ns, Reaching safepoint: 44800 ns, At safepoint: 2900 ns, Total: 47700 ns
[3082.557s][info ][gc,start       ] GC(200) Pause Young (Allocation Failure)
[3082.569s][debug][gc,phases      ] GC(200) Scavenge 11.542ms
[3082.569s][debug][gc,ref         ] GC(200) Skipped phase 1 of Reference Processing: no references
[3082.569s][debug][gc,ref         ] GC(200) ReferenceProcessor::execute queues: 1, RefProcThreadModel::Single, marks_oops_alive: false
[3082.569s][debug][gc,ref         ] GC(200) Skipped phase 3 of Reference Processing: no references
[3082.569s][debug][gc,ref         ] GC(200) ReferenceProcessor::execute queues: 1, RefProcThreadModel::Single, marks_oops_alive: false
[3082.569s][debug][gc,phases      ] GC(200) Reference Processing 0.102ms
[3082.569s][debug][gc,phases      ] GC(200)   VM Weak                        Min:  0.0, Avg:  0.0, Max:  0.0, Diff:  0.0, Sum:  0.0, Workers: 4
[3082.569s][debug][gc,phases      ] GC(200)     Dead                           Min: 0, Avg:  0.0, Max: 0, Diff: 0, Sum: 0, Workers: 4
[3082.569s][debug][gc,phases      ] GC(200)     Total                          Min: 0, Avg: 211.8, Max: 448, Diff: 448, Sum: 847, Workers: 4
[3082.569s][debug][gc,phases      ] GC(200)   ObjectSynchronizer Weak        Min:  0.0, Avg:  0.0, Max:  0.0, Diff:  0.0, Sum:  0.0, Workers: 4
[3082.569s][debug][gc,phases      ] GC(200)     Dead                           Min: 0, Avg:  0.0, Max: 0, Diff: 0, Sum: 0, Workers: 4
[3082.569s][debug][gc,phases      ] GC(200)     Total                          Min: 0, Avg: 14.8, Max: 59, Diff: 59, Sum: 59, Workers: 4
[3082.569s][debug][gc,phases      ] GC(200)   JVMTI Tag Weak OopStorage      Min:  0.0, Avg:  0.0, Max:  0.0, Diff:  0.0, Sum:  0.0, Workers: 4
[3082.569s][debug][gc,phases      ] GC(200)     Dead                           Min: 0, Avg:  0.0, Max: 0, Diff: 0, Sum: 0, Workers: 4
[3082.569s][debug][gc,phases      ] GC(200)     Total                          Min: 0, Avg:  0.0, Max: 0, Diff: 0, Sum: 0, Workers: 4
[3082.569s][debug][gc,phases      ] GC(200)   StringTable Weak               Min:  0.0, Avg:  0.1, Max:  0.2, Diff:  0.2, Sum:  0.4, Workers: 4
[3082.569s][debug][gc,phases      ] GC(200)     Dead                           Min: 0, Avg:  0.0, Max: 0, Diff: 0, Sum: 0, Workers: 4
[3082.569s][debug][gc,phases      ] GC(200)     Total                          Min: 0, Avg: 11219.5, Max: 22848, Diff: 22848, Sum: 44878, Workers: 4
[3082.569s][debug][gc,phases      ] GC(200)   ResolvedMethodTable Weak       Min:  0.0, Avg:  0.0, Max:  0.0, Diff:  0.0, Sum:  0.1, Workers: 4
[3082.569s][debug][gc,phases      ] GC(200)     Dead                           Min: 0, Avg:  0.0, Max: 0, Diff: 0, Sum: 0, Workers: 4
[3082.569s][debug][gc,phases      ] GC(200)     Total                          Min: 0, Avg: 2453.5, Max: 4928, Diff: 4928, Sum: 9814, Workers: 4
[3082.569s][debug][gc,phases      ] GC(200)   JNI Weak                       Min:  0.0, Avg:  0.0, Max:  0.0, Diff:  0.0, Sum:  0.0, Workers: 4
[3082.569s][debug][gc,phases      ] GC(200)     Dead                           Min: 0, Avg:  0.0, Max: 0, Diff: 0, Sum: 0, Workers: 4
[3082.569s][debug][gc,phases      ] GC(200)     Total                          Min: 0, Avg: 11.2, Max: 45, Diff: 45, Sum: 45, Workers: 4
[3082.569s][debug][gc,phases      ] GC(200)   StringDedup Table Weak         Min:  0.0, Avg:  0.0, Max:  0.0, Diff:  0.0, Sum:  0.0, Workers: 4
[3082.569s][debug][gc,phases      ] GC(200)     Dead                           Min: 0, Avg:  0.0, Max: 0, Diff: 0, Sum: 0, Workers: 4
[3082.569s][debug][gc,phases      ] GC(200)     Total                          Min: 0, Avg:  0.0, Max: 0, Diff: 0, Sum: 0, Workers: 4
[3082.569s][debug][gc,phases      ] GC(200)   StringDedup Requests0 Weak     Min:  0.0, Avg:  0.0, Max:  0.0, Diff:  0.0, Sum:  0.0, Workers: 4
[3082.569s][debug][gc,phases      ] GC(200)     Dead                           Min: 0, Avg:  0.0, Max: 0, Diff: 0, Sum: 0, Workers: 4
[3082.569s][debug][gc,phases      ] GC(200)     Total                          Min: 0, Avg:  0.0, Max: 0, Diff: 0, Sum: 0, Workers: 4
[3082.569s][debug][gc,phases      ] GC(200)   StringDedup Requests1 Weak     Min:  0.0, Avg:  0.0, Max:  0.0, Diff:  0.0, Sum:  0.0, Workers: 4
[3082.569s][debug][gc,phases      ] GC(200)     Dead                           Min: 0, Avg:  0.0, Max: 0, Diff: 0, Sum: 0, Workers: 4
[3082.570s][debug][gc,phases      ] GC(200)     Total                          Min: 0, Avg:  0.0, Max: 0, Diff: 0, Sum: 0, Workers: 4
[3082.570s][debug][gc,phases      ] GC(200)   Weak JFR Old Object Samples    Min:  0.0, Avg:  0.0, Max:  0.0, Diff:  0.0, Sum:  0.0, Workers: 4
[3082.570s][debug][gc,phases      ] GC(200)     Dead                           Min: 0, Avg:  0.0, Max: 0, Diff: 0, Sum: 0, Workers: 4
[3082.570s][debug][gc,phases      ] GC(200)     Total                          Min: 0, Avg:  0.0, Max: 0, Diff: 0, Sum: 0, Workers: 4
[3082.570s][debug][gc,phases      ] GC(200) Weak Processing 0.396ms
[3082.570s][debug][gc,age         ] GC(200) Desired survivor size 2621440 bytes, new threshold 15 (max threshold 15)
[3082.570s][info ][gc,heap        ] GC(200) PSYoungGen: 2093184K(2094592K)->1120K(2094592K) Eden: 2092032K(2092032K)->0K(2092032K) From: 1152K(2560K)->1120K(2560K)
[3082.570s][info ][gc,heap        ] GC(200) ParOldGen: 370599K(458752K)->370615K(458752K)
[3082.570s][info ][gc,metaspace   ] GC(200) Metaspace: 83493K(84480K)->83493K(84480K) NonClass: 71562K(72064K)->71562K(72064K) Class: 11930K(12416K)->11930K(12416K)
[3082.570s][info ][gc             ] GC(200) Pause Young (Allocation Failure) 2406M->363M(2493M) 12.157ms
[3082.570s][info ][gc,cpu         ] GC(200) User=0.02s Sys=0.00s Real=0.01s
[3082.570s][info ][safepoint      ] Safepoint "ParallelGCFailedAllocation", Time since last: 6447012113 ns, Reaching safepoint: 36500 ns, At safepoint: 12238850 ns, Total: 12275350 ns
[3087.570s][info ][safepoint      ] Safepoint "Cleanup", Time since last: 5000337013 ns, Reaching safepoint: 38800 ns, At safepoint: 3500 ns, Total: 42300 ns
[3088.570s][info ][safepoint      ] Safepoint "Cleanup", Time since last: 1000104723 ns, Reaching safepoint: 37799 ns, At safepoint: 2500 ns, Total: 40299 ns
[3092.570s][info ][safepoint      ] Safepoint "Cleanup", Time since last: 4000251481 ns, Reaching safepoint: 42500 ns, At safepoint: 2200 ns, Total: 44700 ns
[3093.571s][info ][safepoint      ] Safepoint "Cleanup", Time since last: 1000098816 ns, Reaching safepoint: 32300 ns, At safepoint: 3400 ns, Total: 35700 ns
[3099.197s][info ][gc,start       ] GC(201) Pause Young (Allocation Failure)
[3099.205s][debug][gc,phases      ] GC(201) Scavenge 7.113ms
[3099.205s][debug][gc,ref         ] GC(201) Skipped phase 1 of Reference Processing: no references
[3099.205s][debug][gc,ref         ] GC(201) ReferenceProcessor::execute queues: 1, RefProcThreadModel::Single, marks_oops_alive: false
[3099.205s][debug][gc,ref         ] GC(201) Skipped phase 3 of Reference Processing: no references
[3099.205s][debug][gc,ref         ] GC(201) ReferenceProcessor::execute queues: 1, RefProcThreadModel::Single, marks_oops_alive: false
[3099.205s][debug][gc,phases      ] GC(201) Reference Processing 0.112ms
[3099.205s][debug][gc,phases      ] GC(201)   VM Weak                        Min:  0.0, Avg:  0.0, Max:  0.0, Diff:  0.0, Sum:  0.0, Workers: 4
[3099.205s][debug][gc,phases      ] GC(201)     Dead                           Min: 0, Avg:  0.0, Max: 0, Diff: 0, Sum: 0, Workers: 4
[3099.205s][debug][gc,phases      ] GC(201)     Total                          Min: 0, Avg: 211.8, Max: 576, Diff: 576, Sum: 847, Workers: 4
[3099.205s][debug][gc,phases      ] GC(201)   ObjectSynchronizer Weak        Min:  0.0, Avg:  0.0, Max:  0.0, Diff:  0.0, Sum:  0.0, Workers: 4
[3099.205s][debug][gc,phases      ] GC(201)     Dead                           Min: 0, Avg:  0.0, Max: 0, Diff: 0, Sum: 0, Workers: 4
[3099.205s][debug][gc,phases      ] GC(201)     Total                          Min: 0, Avg: 14.8, Max: 59, Diff: 59, Sum: 59, Workers: 4
[3099.205s][debug][gc,phases      ] GC(201)   JVMTI Tag Weak OopStorage      Min:  0.0, Avg:  0.0, Max:  0.0, Diff:  0.0, Sum:  0.0, Workers: 4
[3099.205s][debug][gc,phases      ] GC(201)     Dead                           Min: 0, Avg:  0.0, Max: 0, Diff: 0, Sum: 0, Workers: 4
[3099.205s][debug][gc,phases      ] GC(201)     Total                          Min: 0, Avg:  0.0, Max: 0, Diff: 0, Sum: 0, Workers: 4
[3099.205s][debug][gc,phases      ] GC(201)   StringTable Weak               Min:  0.0, Avg:  0.1, Max:  0.2, Diff:  0.2, Sum:  0.4, Workers: 4
[3099.205s][debug][gc,phases      ] GC(201)     Dead                           Min: 0, Avg:  0.0, Max: 0, Diff: 0, Sum: 0, Workers: 4
[3099.205s][debug][gc,phases      ] GC(201)     Total                          Min: 0, Avg: 11219.5, Max: 22528, Diff: 22528, Sum: 44878, Workers: 4
[3099.205s][debug][gc,phases      ] GC(201)   ResolvedMethodTable Weak       Min:  0.0, Avg:  0.0, Max:  0.0, Diff:  0.0, Sum:  0.1, Workers: 4
[3099.205s][debug][gc,phases      ] GC(201)     Dead                           Min: 0, Avg:  0.0, Max: 0, Diff: 0, Sum: 0, Workers: 4
[3099.205s][debug][gc,phases      ] GC(201)     Total                          Min: 0, Avg: 2453.5, Max: 5020, Diff: 5020, Sum: 9814, Workers: 4
[3099.205s][debug][gc,phases      ] GC(201)   JNI Weak                       Min:  0.0, Avg:  0.0, Max:  0.0, Diff:  0.0, Sum:  0.0, Workers: 4
[3099.205s][debug][gc,phases      ] GC(201)     Dead                           Min: 0, Avg:  0.0, Max: 0, Diff: 0, Sum: 0, Workers: 4
[3099.205s][debug][gc,phases      ] GC(201)     Total                          Min: 0, Avg: 11.2, Max: 45, Diff: 45, Sum: 45, Workers: 4
[3099.205s][debug][gc,phases      ] GC(201)   StringDedup Table Weak         Min:  0.0, Avg:  0.0, Max:  0.0, Diff:  0.0, Sum:  0.0, Workers: 4
[3099.205s][debug][gc,phases      ] GC(201)     Dead                           Min: 0, Avg:  0.0, Max: 0, Diff: 0, Sum: 0, Workers: 4
[3099.205s][debug][gc,phases      ] GC(201)     Total                          Min: 0, Avg:  0.0, Max: 0, Diff: 0, Sum: 0, Workers: 4
[3099.205s][debug][gc,phases      ] GC(201)   StringDedup Requests0 Weak     Min:  0.0, Avg:  0.0, Max:  0.0, Diff:  0.0, Sum:  0.0, Workers: 4
[3099.205s][debug][gc,phases      ] GC(201)     Dead                           Min: 0, Avg:  0.0, Max: 0, Diff: 0, Sum: 0, Workers: 4
[3099.205s][debug][gc,phases      ] GC(201)     Total                          Min: 0, Avg:  0.0, Max: 0, Diff: 0, Sum: 0, Workers: 4
[3099.205s][debug][gc,phases      ] GC(201)   StringDedup Requests1 Weak     Min:  0.0, Avg:  0.0, Max:  0.0, Diff:  0.0, Sum:  0.0, Workers: 4
[3099.205s][debug][gc,phases      ] GC(201)     Dead                           Min: 0, Avg:  0.0, Max: 0, Diff: 0, Sum: 0, Workers: 4
[3099.205s][debug][gc,phases      ] GC(201)     Total                          Min: 0, Avg:  0.0, Max: 0, Diff: 0, Sum: 0, Workers: 4
[3099.205s][debug][gc,phases      ] GC(201)   Weak JFR Old Object Samples    Min:  0.0, Avg:  0.0, Max:  0.0, Diff:  0.0, Sum:  0.0, Workers: 4
[3099.205s][debug][gc,phases      ] GC(201)     Dead                           Min: 0, Avg:  0.0, Max: 0, Diff: 0, Sum: 0, Workers: 4
[3099.205s][debug][gc,phases      ] GC(201)     Total                          Min: 0, Avg:  0.0, Max: 0, Diff: 0, Sum: 0, Workers: 4
[3099.205s][debug][gc,phases      ] GC(201) Weak Processing 0.466ms
[3099.205s][debug][gc,age         ] GC(201) Desired survivor size 2621440 bytes, new threshold 15 (max threshold 15)
[3099.205s][info ][gc,heap        ] GC(201) PSYoungGen: 2093152K(2094592K)->1088K(2094592K) Eden: 2092032K(2092032K)->0K(2092032K) From: 1120K(2560K)->1088K(2560K)
[3099.205s][info ][gc,heap        ] GC(201) ParOldGen: 370615K(458752K)->370639K(458752K)
[3099.205s][info ][gc,metaspace   ] GC(201) Metaspace: 83503K(84544K)->83503K(84544K) NonClass: 71573K(72128K)->71573K(72128K) Class: 11930K(12416K)->11930K(12416K)
[3099.205s][info ][gc             ] GC(201) Pause Young (Allocation Failure) 2406M->363M(2493M) 7.803ms
[3099.205s][info ][gc,cpu         ] GC(201) User=0.01s Sys=0.00s Real=0.00s
[3099.205s][info ][safepoint      ] Safepoint "ParallelGCFailedAllocation", Time since last: 5626852422 ns, Reaching safepoint: 38199 ns, At safepoint: 7884368 ns, Total: 7922567 ns
[3115.601s][info ][gc,start       ] GC(202) Pause Young (Allocation Failure)
[3115.611s][debug][gc,phases      ] GC(202) Scavenge 9.962ms
[3115.611s][debug][gc,ref         ] GC(202) Skipped phase 1 of Reference Processing: no references
[3115.611s][debug][gc,ref         ] GC(202) ReferenceProcessor::execute queues: 1, RefProcThreadModel::Single, marks_oops_alive: false
[3115.611s][debug][gc,ref         ] GC(202) Skipped phase 3 of Reference Processing: no references
[3115.611s][debug][gc,ref         ] GC(202) ReferenceProcessor::execute queues: 1, RefProcThreadModel::Single, marks_oops_alive: false
[3115.611s][debug][gc,phases      ] GC(202) Reference Processing 0.114ms
[3115.611s][debug][gc,phases      ] GC(202)   VM Weak                        Min:  0.0, Avg:  0.0, Max:  0.0, Diff:  0.0, Sum:  0.0, Workers: 4
[3115.612s][debug][gc,phases      ] GC(202)     Dead                           Min: 0, Avg:  0.0, Max: 0, Diff: 0, Sum: 0, Workers: 4
[3115.612s][debug][gc,phases      ] GC(202)     Total                          Min: 0, Avg: 211.8, Max: 847, Diff: 847, Sum: 847, Workers: 4
[3115.612s][debug][gc,phases      ] GC(202)   ObjectSynchronizer Weak        Min:  0.0, Avg:  0.0, Max:  0.0, Diff:  0.0, Sum:  0.0, Workers: 4
[3115.612s][debug][gc,phases      ] GC(202)     Dead                           Min: 0, Avg:  0.0, Max: 0, Diff: 0, Sum: 0, Workers: 4
[3115.612s][debug][gc,phases      ] GC(202)     Total                          Min: 0, Avg: 14.8, Max: 59, Diff: 59, Sum: 59, Workers: 4
[3115.612s][debug][gc,phases      ] GC(202)   JVMTI Tag Weak OopStorage      Min:  0.0, Avg:  0.0, Max:  0.0, Diff:  0.0, Sum:  0.0, Workers: 4
[3115.612s][debug][gc,phases      ] GC(202)     Dead                           Min: 0, Avg:  0.0, Max: 0, Diff: 0, Sum: 0, Workers: 4
[3115.612s][debug][gc,phases      ] GC(202)     Total                          Min: 0, Avg:  0.0, Max: 0, Diff: 0, Sum: 0, Workers: 4
[3115.612s][debug][gc,phases      ] GC(202)   StringTable Weak               Min:  0.0, Avg:  0.1, Max:  0.4, Diff:  0.4, Sum:  0.4, Workers: 4
[3115.612s][debug][gc,phases      ] GC(202)     Dead                           Min: 0, Avg:  0.0, Max: 0, Diff: 0, Sum: 0, Workers: 4
[3115.612s][debug][gc,phases      ] GC(202)     Total                          Min: 0, Avg: 11219.8, Max: 44879, Diff: 44879, Sum: 44879, Workers: 4
[3115.612s][debug][gc,phases      ] GC(202)   ResolvedMethodTable Weak       Min:  0.0, Avg:  0.0, Max:  0.1, Diff:  0.1, Sum:  0.1, Workers: 4
[3115.612s][debug][gc,phases      ] GC(202)     Dead                           Min: 0, Avg:  0.0, Max: 0, Diff: 0, Sum: 0, Workers: 4
[3115.612s][debug][gc,phases      ] GC(202)     Total                          Min: 0, Avg: 2453.5, Max: 9814, Diff: 9814, Sum: 9814, Workers: 4
[3115.612s][debug][gc,phases      ] GC(202)   JNI Weak                       Min:  0.0, Avg:  0.0, Max:  0.0, Diff:  0.0, Sum:  0.0, Workers: 4
[3115.612s][debug][gc,phases      ] GC(202)     Dead                           Min: 0, Avg:  0.0, Max: 0, Diff: 0, Sum: 0, Workers: 4
[3115.612s][debug][gc,phases      ] GC(202)     Total                          Min: 0, Avg: 11.2, Max: 45, Diff: 45, Sum: 45, Workers: 4
[3115.612s][debug][gc,phases      ] GC(202)   StringDedup Table Weak         Min:  0.0, Avg:  0.0, Max:  0.0, Diff:  0.0, Sum:  0.0, Workers: 4
[3115.612s][debug][gc,phases      ] GC(202)     Dead                           Min: 0, Avg:  0.0, Max: 0, Diff: 0, Sum: 0, Workers: 4
[3115.612s][debug][gc,phases      ] GC(202)     Total                          Min: 0, Avg:  0.0, Max: 0, Diff: 0, Sum: 0, Workers: 4
[3115.612s][debug][gc,phases      ] GC(202)   StringDedup Requests0 Weak     Min:  0.0, Avg:  0.0, Max:  0.0, Diff:  0.0, Sum:  0.0, Workers: 4
[3115.612s][debug][gc,phases      ] GC(202)     Dead                           Min: 0, Avg:  0.0, Max: 0, Diff: 0, Sum: 0, Workers: 4
[3115.612s][debug][gc,phases      ] GC(202)     Total                          Min: 0, Avg:  0.0, Max: 0, Diff: 0, Sum: 0, Workers: 4
[3115.612s][debug][gc,phases      ] GC(202)   StringDedup Requests1 Weak     Min:  0.0, Avg:  0.0, Max:  0.0, Diff:  0.0, Sum:  0.0, Workers: 4
[3115.612s][debug][gc,phases      ] GC(202)     Dead                           Min: 0, Avg:  0.0, Max: 0, Diff: 0, Sum: 0, Workers: 4
[3115.612s][debug][gc,phases      ] GC(202)     Total                          Min: 0, Avg:  0.0, Max: 0, Diff: 0, Sum: 0, Workers: 4
[3115.612s][debug][gc,phases      ] GC(202)   Weak JFR Old Object Samples    Min:  0.0, Avg:  0.0, Max:  0.0, Diff:  0.0, Sum:  0.0, Workers: 4
[3115.612s][debug][gc,phases      ] GC(202)     Dead                           Min: 0, Avg:  0.0, Max: 0, Diff: 0, Sum: 0, Workers: 4
[3115.612s][debug][gc,phases      ] GC(202)     Total                          Min: 0, Avg:  0.0, Max: 0, Diff: 0, Sum: 0, Workers: 4
[3115.612s][debug][gc,phases      ] GC(202) Weak Processing 0.683ms
[3115.612s][debug][gc,age         ] GC(202) Desired survivor size 2621440 bytes, new threshold 15 (max threshold 15)
[3115.612s][info ][gc,heap        ] GC(202) PSYoungGen: 2093120K(2094592K)->1152K(2094592K) Eden: 2092032K(2092032K)->0K(2092032K) From: 1088K(2560K)->1152K(2560K)
[3115.612s][info ][gc,heap        ] GC(202) ParOldGen: 370639K(458752K)->370647K(458752K)
[3115.612s][info ][gc,metaspace   ] GC(202) Metaspace: 83508K(84544K)->83508K(84544K) NonClass: 71577K(72128K)->71577K(72128K) Class: 11930K(12416K)->11930K(12416K)
[3115.612s][info ][gc             ] GC(202) Pause Young (Allocation Failure) 2406M->363M(2493M) 10.877ms
[3115.612s][info ][gc,cpu         ] GC(202) User=0.01s Sys=0.00s Real=0.01s
[3115.612s][info ][safepoint      ] Safepoint "ParallelGCFailedAllocation", Time since last: 16395359597 ns, Reaching safepoint: 116299 ns, At safepoint: 10960955 ns, Total: 11077254 ns
[3120.614s][info ][safepoint      ] Safepoint "Cleanup", Time since last: 5002389525 ns, Reaching safepoint: 43500 ns, At safepoint: 2100 ns, Total: 45600 ns
[3122.614s][info ][safepoint      ] Safepoint "Cleanup", Time since last: 2000212233 ns, Reaching safepoint: 65800 ns, At safepoint: 4899 ns, Total: 70699 ns
[3132.149s][info ][gc,start       ] GC(203) Pause Young (Allocation Failure)
[3132.162s][debug][gc,phases      ] GC(203) Scavenge 12.672ms
[3132.162s][debug][gc,ref         ] GC(203) Skipped phase 1 of Reference Processing: no references
[3132.162s][debug][gc,ref         ] GC(203) ReferenceProcessor::execute queues: 1, RefProcThreadModel::Single, marks_oops_alive: false
[3132.162s][debug][gc,ref         ] GC(203) Skipped phase 3 of Reference Processing: no references
[3132.162s][debug][gc,ref         ] GC(203) ReferenceProcessor::execute queues: 1, RefProcThreadModel::Single, marks_oops_alive: false
[3132.162s][debug][gc,phases      ] GC(203) Reference Processing 0.113ms
[3132.163s][debug][gc,phases      ] GC(203)   VM Weak                        Min:  0.0, Avg:  0.0, Max:  0.0, Diff:  0.0, Sum:  0.0, Workers: 4
[3132.163s][debug][gc,phases      ] GC(203)     Dead                           Min: 0, Avg:  0.0, Max: 0, Diff: 0, Sum: 0, Workers: 4
[3132.163s][debug][gc,phases      ] GC(203)     Total                          Min: 0, Avg: 211.8, Max: 448, Diff: 448, Sum: 847, Workers: 4
[3132.163s][debug][gc,phases      ] GC(203)   ObjectSynchronizer Weak        Min:  0.0, Avg:  0.0, Max:  0.0, Diff:  0.0, Sum:  0.0, Workers: 4
[3132.163s][debug][gc,phases      ] GC(203)     Dead                           Min: 0, Avg:  0.0, Max: 0, Diff: 0, Sum: 0, Workers: 4
[3132.163s][debug][gc,phases      ] GC(203)     Total                          Min: 0, Avg: 14.8, Max: 59, Diff: 59, Sum: 59, Workers: 4
[3132.163s][debug][gc,phases      ] GC(203)   JVMTI Tag Weak OopStorage      Min:  0.0, Avg:  0.0, Max:  0.0, Diff:  0.0, Sum:  0.0, Workers: 4
[3132.163s][debug][gc,phases      ] GC(203)     Dead                           Min: 0, Avg:  0.0, Max: 0, Diff: 0, Sum: 0, Workers: 4
[3132.163s][debug][gc,phases      ] GC(203)     Total                          Min: 0, Avg:  0.0, Max: 0, Diff: 0, Sum: 0, Workers: 4
[3132.163s][debug][gc,phases      ] GC(203)   StringTable Weak               Min:  0.0, Avg:  0.1, Max:  0.2, Diff:  0.2, Sum:  0.4, Workers: 4
[3132.163s][debug][gc,phases      ] GC(203)     Dead                           Min: 0, Avg:  0.0, Max: 0, Diff: 0, Sum: 0, Workers: 4
[3132.163s][debug][gc,phases      ] GC(203)     Total                          Min: 0, Avg: 11219.8, Max: 23040, Diff: 23040, Sum: 44879, Workers: 4
[3132.163s][debug][gc,phases      ] GC(203)   ResolvedMethodTable Weak       Min:  0.0, Avg:  0.0, Max:  0.0, Diff:  0.0, Sum:  0.1, Workers: 4
[3132.163s][debug][gc,phases      ] GC(203)     Dead                           Min: 0, Avg:  0.0, Max: 0, Diff: 0, Sum: 0, Workers: 4
[3132.163s][debug][gc,phases      ] GC(203)     Total                          Min: 0, Avg: 2453.5, Max: 5270, Diff: 5270, Sum: 9814, Workers: 4
[3132.163s][debug][gc,phases      ] GC(203)   JNI Weak                       Min:  0.0, Avg:  0.0, Max:  0.0, Diff:  0.0, Sum:  0.0, Workers: 4
[3132.163s][debug][gc,phases      ] GC(203)     Dead                           Min: 0, Avg:  0.0, Max: 0, Diff: 0, Sum: 0, Workers: 4
[3132.163s][debug][gc,phases      ] GC(203)     Total                          Min: 0, Avg: 11.2, Max: 45, Diff: 45, Sum: 45, Workers: 4
[3132.163s][debug][gc,phases      ] GC(203)   StringDedup Table Weak         Min:  0.0, Avg:  0.0, Max:  0.0, Diff:  0.0, Sum:  0.0, Workers: 4
[3132.163s][debug][gc,phases      ] GC(203)     Dead                           Min: 0, Avg:  0.0, Max: 0, Diff: 0, Sum: 0, Workers: 4
[3132.163s][debug][gc,phases      ] GC(203)     Total                          Min: 0, Avg:  0.0, Max: 0, Diff: 0, Sum: 0, Workers: 4
[3132.163s][debug][gc,phases      ] GC(203)   StringDedup Requests0 Weak     Min:  0.0, Avg:  0.0, Max:  0.0, Diff:  0.0, Sum:  0.0, Workers: 4
[3132.163s][debug][gc,phases      ] GC(203)     Dead                           Min: 0, Avg:  0.0, Max: 0, Diff: 0, Sum: 0, Workers: 4
[3132.163s][debug][gc,phases      ] GC(203)     Total                          Min: 0, Avg:  0.0, Max: 0, Diff: 0, Sum: 0, Workers: 4
[3132.163s][debug][gc,phases      ] GC(203)   StringDedup Requests1 Weak     Min:  0.0, Avg:  0.0, Max:  0.0, Diff:  0.0, Sum:  0.0, Workers: 4
[3132.163s][debug][gc,phases      ] GC(203)     Dead                           Min: 0, Avg:  0.0, Max: 0, Diff: 0, Sum: 0, Workers: 4
[3132.163s][debug][gc,phases      ] GC(203)     Total                          Min: 0, Avg:  0.0, Max: 0, Diff: 0, Sum: 0, Workers: 4
[3132.163s][debug][gc,phases      ] GC(203)   Weak JFR Old Object Samples    Min:  0.0, Avg:  0.0, Max:  0.0, Diff:  0.0, Sum:  0.0, Workers: 4
[3132.163s][debug][gc,phases      ] GC(203)     Dead                           Min: 0, Avg:  0.0, Max: 0, Diff: 0, Sum: 0, Workers: 4
[3132.163s][debug][gc,phases      ] GC(203)     Total                          Min: 0, Avg:  0.0, Max: 0, Diff: 0, Sum: 0, Workers: 4
[3132.163s][debug][gc,phases      ] GC(203) Weak Processing 0.452ms
[3132.163s][debug][gc,age         ] GC(203) Desired survivor size 2621440 bytes, new threshold 15 (max threshold 15)
[3132.163s][info ][gc,heap        ] GC(203) PSYoungGen: 2093184K(2094592K)->1120K(2094592K) Eden: 2092032K(2092032K)->0K(2092032K) From: 1152K(2560K)->1120K(2560K)
[3132.163s][info ][gc,heap        ] GC(203) ParOldGen: 370647K(458752K)->370663K(458752K)
[3132.163s][info ][gc,metaspace   ] GC(203) Metaspace: 83508K(84544K)->83508K(84544K) NonClass: 71578K(72128K)->71578K(72128K) Class: 11930K(12416K)->11930K(12416K)
[3132.163s][info ][gc             ] GC(203) Pause Young (Allocation Failure) 2406M->363M(2493M) 13.368ms
[3132.163s][info ][gc,cpu         ] GC(203) User=0.02s Sys=0.00s Real=0.01s
[3132.163s][info ][safepoint      ] Safepoint "ParallelGCFailedAllocation", Time since last: 9534858611 ns, Reaching safepoint: 25300 ns, At safepoint: 13455445 ns, Total: 13480745 ns
[3133.163s][info ][safepoint      ] Safepoint "Cleanup", Time since last: 1000083911 ns, Reaching safepoint: 37700 ns, At safepoint: 2900 ns, Total: 40600 ns
[3135.163s][info ][safepoint      ] Safepoint "Cleanup", Time since last: 2000169923 ns, Reaching safepoint: 40600 ns, At safepoint: 6499 ns, Total: 47099 ns
[3138.163s][info ][safepoint      ] Safepoint "Cleanup", Time since last: 3000237634 ns, Reaching safepoint: 39700 ns, At safepoint: 6300 ns, Total: 46000 ns
[3142.164s][info ][safepoint      ] Safepoint "Cleanup", Time since last: 4000342850 ns, Reaching safepoint: 42800 ns, At safepoint: 5900 ns, Total: 48700 ns
[3148.165s][info ][safepoint      ] Safepoint "Cleanup", Time since last: 6000430584 ns, Reaching safepoint: 255299 ns, At safepoint: 9100 ns, Total: 264399 ns
[3148.798s][info ][gc,start       ] GC(204) Pause Young (Allocation Failure)
[3148.806s][debug][gc,phases      ] GC(204) Scavenge 8.406ms
[3148.806s][debug][gc,ref         ] GC(204) Skipped phase 1 of Reference Processing: no references
[3148.806s][debug][gc,ref         ] GC(204) ReferenceProcessor::execute queues: 1, RefProcThreadModel::Single, marks_oops_alive: false
[3148.806s][debug][gc,ref         ] GC(204) Skipped phase 3 of Reference Processing: no references
[3148.806s][debug][gc,ref         ] GC(204) ReferenceProcessor::execute queues: 1, RefProcThreadModel::Single, marks_oops_alive: false
[3148.806s][debug][gc,phases      ] GC(204) Reference Processing 0.116ms
[3148.806s][debug][gc,phases      ] GC(204)   VM Weak                        Min:  0.0, Avg:  0.0, Max:  0.0, Diff:  0.0, Sum:  0.0, Workers: 4
[3148.807s][debug][gc,phases      ] GC(204)     Dead                           Min: 0, Avg:  0.0, Max: 0, Diff: 0, Sum: 0, Workers: 4
[3148.807s][debug][gc,phases      ] GC(204)     Total                          Min: 0, Avg: 211.8, Max: 640, Diff: 640, Sum: 847, Workers: 4
[3148.807s][debug][gc,phases      ] GC(204)   ObjectSynchronizer Weak        Min:  0.0, Avg:  0.0, Max:  0.0, Diff:  0.0, Sum:  0.0, Workers: 4
[3148.807s][debug][gc,phases      ] GC(204)     Dead                           Min: 0, Avg:  0.0, Max: 0, Diff: 0, Sum: 0, Workers: 4
[3148.807s][debug][gc,phases      ] GC(204)     Total                          Min: 0, Avg: 14.8, Max: 59, Diff: 59, Sum: 59, Workers: 4
[3148.807s][debug][gc,phases      ] GC(204)   JVMTI Tag Weak OopStorage      Min:  0.0, Avg:  0.0, Max:  0.0, Diff:  0.0, Sum:  0.0, Workers: 4
[3148.807s][debug][gc,phases      ] GC(204)     Dead                           Min: 0, Avg:  0.0, Max: 0, Diff: 0, Sum: 0, Workers: 4
[3148.807s][debug][gc,phases      ] GC(204)     Total                          Min: 0, Avg:  0.0, Max: 0, Diff: 0, Sum: 0, Workers: 4
[3148.807s][debug][gc,phases      ] GC(204)   StringTable Weak               Min:  0.0, Avg:  0.1, Max:  0.2, Diff:  0.2, Sum:  0.4, Workers: 4
[3148.807s][debug][gc,phases      ] GC(204)     Dead                           Min: 0, Avg:  0.0, Max: 0, Diff: 0, Sum: 0, Workers: 4
[3148.807s][debug][gc,phases      ] GC(204)     Total                          Min: 0, Avg: 11221.2, Max: 24320, Diff: 24320, Sum: 44885, Workers: 4
[3148.807s][debug][gc,phases      ] GC(204)   ResolvedMethodTable Weak       Min:  0.0, Avg:  0.0, Max:  0.0, Diff:  0.0, Sum:  0.1, Workers: 4
[3148.807s][debug][gc,phases      ] GC(204)     Dead                           Min: 0, Avg:  0.0, Max: 0, Diff: 0, Sum: 0, Workers: 4
[3148.807s][debug][gc,phases      ] GC(204)     Total                          Min: 0, Avg: 2453.5, Max: 5084, Diff: 5084, Sum: 9814, Workers: 4
[3148.807s][debug][gc,phases      ] GC(204)   JNI Weak                       Min:  0.0, Avg:  0.0, Max:  0.0, Diff:  0.0, Sum:  0.0, Workers: 4
[3148.807s][debug][gc,phases      ] GC(204)     Dead                           Min: 0, Avg:  0.0, Max: 0, Diff: 0, Sum: 0, Workers: 4
[3148.807s][debug][gc,phases      ] GC(204)     Total                          Min: 0, Avg: 11.2, Max: 45, Diff: 45, Sum: 45, Workers: 4
[3148.807s][debug][gc,phases      ] GC(204)   StringDedup Table Weak         Min:  0.0, Avg:  0.0, Max:  0.0, Diff:  0.0, Sum:  0.0, Workers: 4
[3148.807s][debug][gc,phases      ] GC(204)     Dead                           Min: 0, Avg:  0.0, Max: 0, Diff: 0, Sum: 0, Workers: 4
[3148.807s][debug][gc,phases      ] GC(204)     Total                          Min: 0, Avg:  0.0, Max: 0, Diff: 0, Sum: 0, Workers: 4
[3148.807s][debug][gc,phases      ] GC(204)   StringDedup Requests0 Weak     Min:  0.0, Avg:  0.0, Max:  0.0, Diff:  0.0, Sum:  0.0, Workers: 4
[3148.807s][debug][gc,phases      ] GC(204)     Dead                           Min: 0, Avg:  0.0, Max: 0, Diff: 0, Sum: 0, Workers: 4
[3148.807s][debug][gc,phases      ] GC(204)     Total                          Min: 0, Avg:  0.0, Max: 0, Diff: 0, Sum: 0, Workers: 4
[3148.807s][debug][gc,phases      ] GC(204)   StringDedup Requests1 Weak     Min:  0.0, Avg:  0.0, Max:  0.0, Diff:  0.0, Sum:  0.0, Workers: 4
[3148.807s][debug][gc,phases      ] GC(204)     Dead                           Min: 0, Avg:  0.0, Max: 0, Diff: 0, Sum: 0, Workers: 4
[3148.807s][debug][gc,phases      ] GC(204)     Total                          Min: 0, Avg:  0.0, Max: 0, Diff: 0, Sum: 0, Workers: 4
[3148.807s][debug][gc,phases      ] GC(204)   Weak JFR Old Object Samples    Min:  0.0, Avg:  0.0, Max:  0.0, Diff:  0.0, Sum:  0.0, Workers: 4
[3148.807s][debug][gc,phases      ] GC(204)     Dead                           Min: 0, Avg:  0.0, Max: 0, Diff: 0, Sum: 0, Workers: 4
[3148.807s][debug][gc,phases      ] GC(204)     Total                          Min: 0, Avg:  0.0, Max: 0, Diff: 0, Sum: 0, Workers: 4
[3148.807s][debug][gc,phases      ] GC(204) Weak Processing 0.493ms
[3148.807s][debug][gc,age         ] GC(204) Desired survivor size 2621440 bytes, new threshold 15 (max threshold 15)
[3148.807s][info ][gc,heap        ] GC(204) PSYoungGen: 2093152K(2094592K)->1120K(2094592K) Eden: 2092032K(2092032K)->0K(2092032K) From: 1120K(2560K)->1120K(2560K)
[3148.807s][info ][gc,heap        ] GC(204) ParOldGen: 370663K(458752K)->370687K(458752K)
[3148.807s][info ][gc,metaspace   ] GC(204) Metaspace: 83513K(84544K)->83513K(84544K) NonClass: 71582K(72128K)->71582K(72128K) Class: 11930K(12416K)->11930K(12416K)
[3148.807s][info ][gc             ] GC(204) Pause Young (Allocation Failure) 2406M->363M(2493M) 9.158ms
[3148.807s][info ][gc,cpu         ] GC(204) User=0.00s Sys=0.00s Real=0.01s
[3148.807s][info ][safepoint      ] Safepoint "ParallelGCFailedAllocation", Time since last: 632991517 ns, Reaching safepoint: 39000 ns, At safepoint: 9240563 ns, Total: 9279563 ns
[3165.346s][info ][gc,start       ] GC(205) Pause Young (Allocation Failure)
[3165.351s][debug][gc,phases      ] GC(205) Scavenge 5.089ms
[3165.351s][debug][gc,ref         ] GC(205) Skipped phase 1 of Reference Processing: no references
[3165.351s][debug][gc,ref         ] GC(205) Skipped phase 2 of Reference Processing: no references
[3165.351s][debug][gc,ref         ] GC(205) Skipped phase 3 of Reference Processing: no references
[3165.351s][debug][gc,ref         ] GC(205) ReferenceProcessor::execute queues: 1, RefProcThreadModel::Single, marks_oops_alive: false
[3165.351s][debug][gc,phases      ] GC(205) Reference Processing 0.098ms
[3165.351s][debug][gc,phases      ] GC(205)   VM Weak                        Min:  0.0, Avg:  0.0, Max:  0.0, Diff:  0.0, Sum:  0.0, Workers: 4
[3165.351s][debug][gc,phases      ] GC(205)     Dead                           Min: 0, Avg:  0.0, Max: 0, Diff: 0, Sum: 0, Workers: 4
[3165.351s][debug][gc,phases      ] GC(205)     Total                          Min: 0, Avg: 211.8, Max: 448, Diff: 448, Sum: 847, Workers: 4
[3165.351s][debug][gc,phases      ] GC(205)   ObjectSynchronizer Weak        Min:  0.0, Avg:  0.0, Max:  0.0, Diff:  0.0, Sum:  0.0, Workers: 4
[3165.351s][debug][gc,phases      ] GC(205)     Dead                           Min: 0, Avg:  0.0, Max: 0, Diff: 0, Sum: 0, Workers: 4
[3165.351s][debug][gc,phases      ] GC(205)     Total                          Min: 0, Avg: 14.8, Max: 59, Diff: 59, Sum: 59, Workers: 4
[3165.351s][debug][gc,phases      ] GC(205)   JVMTI Tag Weak OopStorage      Min:  0.0, Avg:  0.0, Max:  0.0, Diff:  0.0, Sum:  0.0, Workers: 4
[3165.351s][debug][gc,phases      ] GC(205)     Dead                           Min: 0, Avg:  0.0, Max: 0, Diff: 0, Sum: 0, Workers: 4
[3165.351s][debug][gc,phases      ] GC(205)     Total                          Min: 0, Avg:  0.0, Max: 0, Diff: 0, Sum: 0, Workers: 4
[3165.351s][debug][gc,phases      ] GC(205)   StringTable Weak               Min:  0.1, Avg:  0.1, Max:  0.1, Diff:  0.0, Sum:  0.4, Workers: 4
[3165.351s][debug][gc,phases      ] GC(205)     Dead                           Min: 0, Avg:  0.0, Max: 0, Diff: 0, Sum: 0, Workers: 4
[3165.351s][debug][gc,phases      ] GC(205)     Total                          Min: 11072, Avg: 11221.5, Max: 11392, Diff: 320, Sum: 44886, Workers: 4
[3165.351s][debug][gc,phases      ] GC(205)   ResolvedMethodTable Weak       Min:  0.0, Avg:  0.0, Max:  0.0, Diff:  0.0, Sum:  0.1, Workers: 4
[3165.351s][debug][gc,phases      ] GC(205)     Dead                           Min: 0, Avg:  0.0, Max: 0, Diff: 0, Sum: 0, Workers: 4
[3165.351s][debug][gc,phases      ] GC(205)     Total                          Min: 2426, Avg: 2453.5, Max: 2496, Diff: 70, Sum: 9814, Workers: 4
[3165.351s][debug][gc,phases      ] GC(205)   JNI Weak                       Min:  0.0, Avg:  0.0, Max:  0.0, Diff:  0.0, Sum:  0.0, Workers: 4
[3165.351s][debug][gc,phases      ] GC(205)     Dead                           Min: 0, Avg:  0.0, Max: 0, Diff: 0, Sum: 0, Workers: 4
[3165.351s][debug][gc,phases      ] GC(205)     Total                          Min: 0, Avg: 11.2, Max: 45, Diff: 45, Sum: 45, Workers: 4
[3165.351s][debug][gc,phases      ] GC(205)   StringDedup Table Weak         Min:  0.0, Avg:  0.0, Max:  0.0, Diff:  0.0, Sum:  0.0, Workers: 4
[3165.351s][debug][gc,phases      ] GC(205)     Dead                           Min: 0, Avg:  0.0, Max: 0, Diff: 0, Sum: 0, Workers: 4
[3165.351s][debug][gc,phases      ] GC(205)     Total                          Min: 0, Avg:  0.0, Max: 0, Diff: 0, Sum: 0, Workers: 4
[3165.351s][debug][gc,phases      ] GC(205)   StringDedup Requests0 Weak     Min:  0.0, Avg:  0.0, Max:  0.0, Diff:  0.0, Sum:  0.0, Workers: 4
[3165.351s][debug][gc,phases      ] GC(205)     Dead                           Min: 0, Avg:  0.0, Max: 0, Diff: 0, Sum: 0, Workers: 4
[3165.351s][debug][gc,phases      ] GC(205)     Total                          Min: 0, Avg:  0.0, Max: 0, Diff: 0, Sum: 0, Workers: 4
[3165.351s][debug][gc,phases      ] GC(205)   StringDedup Requests1 Weak     Min:  0.0, Avg:  0.0, Max:  0.0, Diff:  0.0, Sum:  0.0, Workers: 4
[3165.351s][debug][gc,phases      ] GC(205)     Dead                           Min: 0, Avg:  0.0, Max: 0, Diff: 0, Sum: 0, Workers: 4
[3165.351s][debug][gc,phases      ] GC(205)     Total                          Min: 0, Avg:  0.0, Max: 0, Diff: 0, Sum: 0, Workers: 4
[3165.351s][debug][gc,phases      ] GC(205)   Weak JFR Old Object Samples    Min:  0.0, Avg:  0.0, Max:  0.0, Diff:  0.0, Sum:  0.0, Workers: 4
[3165.351s][debug][gc,phases      ] GC(205)     Dead                           Min: 0, Avg:  0.0, Max: 0, Diff: 0, Sum: 0, Workers: 4
[3165.351s][debug][gc,phases      ] GC(205)     Total                          Min: 0, Avg:  0.0, Max: 0, Diff: 0, Sum: 0, Workers: 4
[3165.351s][debug][gc,phases      ] GC(205) Weak Processing 0.364ms
[3165.351s][debug][gc,age         ] GC(205) Desired survivor size 2621440 bytes, new threshold 15 (max threshold 15)
[3165.351s][info ][gc,heap        ] GC(205) PSYoungGen: 2093152K(2094592K)->1120K(2094592K) Eden: 2092032K(2092032K)->0K(2092032K) From: 1120K(2560K)->1120K(2560K)
[3165.351s][info ][gc,heap        ] GC(205) ParOldGen: 370687K(458752K)->370711K(458752K)
[3165.351s][info ][gc,metaspace   ] GC(205) Metaspace: 83513K(84544K)->83513K(84544K) NonClass: 71582K(72128K)->71582K(72128K) Class: 11930K(12416K)->11930K(12416K)
[3165.351s][info ][gc             ] GC(205) Pause Young (Allocation Failure) 2406M->363M(2493M) 5.678ms
[3165.351s][info ][gc,cpu         ] GC(205) User=0.01s Sys=0.00s Real=0.01s
[3165.351s][info ][safepoint      ] Safepoint "ParallelGCFailedAllocation", Time since last: 16538662209 ns, Reaching safepoint: 47300 ns, At safepoint: 5753077 ns, Total: 5800377 ns
[3167.351s][info ][safepoint      ] Safepoint "Cleanup", Time since last: 2000151038 ns, Reaching safepoint: 39000 ns, At safepoint: 4000 ns, Total: 43000 ns
[3171.490s][info ][safepoint      ] Safepoint "Cleanup", Time since last: 4138771608 ns, Reaching safepoint: 118099 ns, At safepoint: 9700 ns, Total: 127799 ns
[3172.491s][info ][safepoint      ] Safepoint "Cleanup", Time since last: 1000109707 ns, Reaching safepoint: 74700 ns, At safepoint: 3300 ns, Total: 78000 ns
[3176.491s][info ][safepoint      ] Safepoint "Cleanup", Time since last: 4000312829 ns, Reaching safepoint: 114700 ns, At safepoint: 8500 ns, Total: 123200 ns
[3178.491s][info ][safepoint      ] Safepoint "Cleanup", Time since last: 2000170614 ns, Reaching safepoint: 53400 ns, At safepoint: 7700 ns, Total: 61100 ns
[3181.492s][info ][safepoint      ] Safepoint "Cleanup", Time since last: 3000239213 ns, Reaching safepoint: 114600 ns, At safepoint: 10400 ns, Total: 125000 ns
[3183.496s][info ][gc,start       ] GC(206) Pause Young (Allocation Failure)
[3183.506s][debug][gc,phases      ] GC(206) Scavenge 9.934ms
[3183.507s][debug][gc,ref         ] GC(206) Skipped phase 1 of Reference Processing: no references
[3183.507s][debug][gc,ref         ] GC(206) ReferenceProcessor::execute queues: 1, RefProcThreadModel::Single, marks_oops_alive: false
[3183.507s][debug][gc,ref         ] GC(206) Skipped phase 3 of Reference Processing: no references
[3183.507s][debug][gc,ref         ] GC(206) ReferenceProcessor::execute queues: 1, RefProcThreadModel::Single, marks_oops_alive: false
[3183.507s][debug][gc,phases      ] GC(206) Reference Processing 0.128ms
[3183.507s][debug][gc,phases      ] GC(206)   VM Weak                        Min:  0.0, Avg:  0.0, Max:  0.0, Diff:  0.0, Sum:  0.0, Workers: 4
[3183.507s][debug][gc,phases      ] GC(206)     Dead                           Min: 0, Avg:  0.0, Max: 0, Diff: 0, Sum: 0, Workers: 4
[3183.507s][debug][gc,phases      ] GC(206)     Total                          Min: 0, Avg: 212.0, Max: 640, Diff: 640, Sum: 848, Workers: 4
[3183.507s][debug][gc,phases      ] GC(206)   ObjectSynchronizer Weak        Min:  0.0, Avg:  0.0, Max:  0.0, Diff:  0.0, Sum:  0.0, Workers: 4
[3183.507s][debug][gc,phases      ] GC(206)     Dead                           Min: 0, Avg:  0.0, Max: 0, Diff: 0, Sum: 0, Workers: 4
[3183.507s][debug][gc,phases      ] GC(206)     Total                          Min: 0, Avg: 14.8, Max: 59, Diff: 59, Sum: 59, Workers: 4
[3183.507s][debug][gc,phases      ] GC(206)   JVMTI Tag Weak OopStorage      Min:  0.0, Avg:  0.0, Max:  0.0, Diff:  0.0, Sum:  0.0, Workers: 4
[3183.507s][debug][gc,phases      ] GC(206)     Dead                           Min: 0, Avg:  0.0, Max: 0, Diff: 0, Sum: 0, Workers: 4
[3183.507s][debug][gc,phases      ] GC(206)     Total                          Min: 0, Avg:  0.0, Max: 0, Diff: 0, Sum: 0, Workers: 4
[3183.507s][debug][gc,phases      ] GC(206)   StringTable Weak               Min:  0.0, Avg:  0.1, Max:  0.2, Diff:  0.2, Sum:  0.4, Workers: 4
[3183.507s][debug][gc,phases      ] GC(206)     Dead                           Min: 0, Avg:  0.0, Max: 0, Diff: 0, Sum: 0, Workers: 4
[3183.507s][debug][gc,phases      ] GC(206)     Total                          Min: 0, Avg: 11222.0, Max: 22744, Diff: 22744, Sum: 44888, Workers: 4
[3183.507s][debug][gc,phases      ] GC(206)   ResolvedMethodTable Weak       Min:  0.0, Avg:  0.0, Max:  0.0, Diff:  0.0, Sum:  0.1, Workers: 4
[3183.507s][debug][gc,phases      ] GC(206)     Dead                           Min: 0, Avg:  0.0, Max: 0, Diff: 0, Sum: 0, Workers: 4
[3183.507s][debug][gc,phases      ] GC(206)     Total                          Min: 0, Avg: 2453.5, Max: 5242, Diff: 5242, Sum: 9814, Workers: 4
[3183.507s][debug][gc,phases      ] GC(206)   JNI Weak                       Min:  0.0, Avg:  0.0, Max:  0.0, Diff:  0.0, Sum:  0.0, Workers: 4
[3183.507s][debug][gc,phases      ] GC(206)     Dead                           Min: 0, Avg:  0.0, Max: 0, Diff: 0, Sum: 0, Workers: 4
[3183.507s][debug][gc,phases      ] GC(206)     Total                          Min: 0, Avg: 11.2, Max: 45, Diff: 45, Sum: 45, Workers: 4
[3183.507s][debug][gc,phases      ] GC(206)   StringDedup Table Weak         Min:  0.0, Avg:  0.0, Max:  0.0, Diff:  0.0, Sum:  0.0, Workers: 4
[3183.507s][debug][gc,phases      ] GC(206)     Dead                           Min: 0, Avg:  0.0, Max: 0, Diff: 0, Sum: 0, Workers: 4
[3183.507s][debug][gc,phases      ] GC(206)     Total                          Min: 0, Avg:  0.0, Max: 0, Diff: 0, Sum: 0, Workers: 4
[3183.507s][debug][gc,phases      ] GC(206)   StringDedup Requests0 Weak     Min:  0.0, Avg:  0.0, Max:  0.0, Diff:  0.0, Sum:  0.0, Workers: 4
[3183.507s][debug][gc,phases      ] GC(206)     Dead                           Min: 0, Avg:  0.0, Max: 0, Diff: 0, Sum: 0, Workers: 4
[3183.507s][debug][gc,phases      ] GC(206)     Total                          Min: 0, Avg:  0.0, Max: 0, Diff: 0, Sum: 0, Workers: 4
[3183.507s][debug][gc,phases      ] GC(206)   StringDedup Requests1 Weak     Min:  0.0, Avg:  0.0, Max:  0.0, Diff:  0.0, Sum:  0.0, Workers: 4
[3183.507s][debug][gc,phases      ] GC(206)     Dead                           Min: 0, Avg:  0.0, Max: 0, Diff: 0, Sum: 0, Workers: 4
[3183.507s][debug][gc,phases      ] GC(206)     Total                          Min: 0, Avg:  0.0, Max: 0, Diff: 0, Sum: 0, Workers: 4
[3183.507s][debug][gc,phases      ] GC(206)   Weak JFR Old Object Samples    Min:  0.0, Avg:  0.0, Max:  0.0, Diff:  0.0, Sum:  0.0, Workers: 4
[3183.507s][debug][gc,phases      ] GC(206)     Dead                           Min: 0, Avg:  0.0, Max: 0, Diff: 0, Sum: 0, Workers: 4
[3183.507s][debug][gc,phases      ] GC(206)     Total                          Min: 0, Avg:  0.0, Max: 0, Diff: 0, Sum: 0, Workers: 4
[3183.507s][debug][gc,phases      ] GC(206) Weak Processing 0.508ms
[3183.507s][debug][gc,age         ] GC(206) Desired survivor size 3145728 bytes, new threshold 14 (max threshold 15)
[3183.507s][info ][gc,heap        ] GC(206) PSYoungGen: 2093152K(2094592K)->2532K(2094592K) Eden: 2092032K(2092032K)->0K(2092032K) From: 1120K(2560K)->2532K(2560K)
[3183.507s][info ][gc,heap        ] GC(206) ParOldGen: 370711K(458752K)->370975K(458752K)
[3183.507s][info ][gc,metaspace   ] GC(206) Metaspace: 83553K(84544K)->83553K(84544K) NonClass: 71621K(72128K)->71621K(72128K) Class: 11931K(12416K)->11931K(12416K)
[3183.507s][info ][gc             ] GC(206) Pause Young (Allocation Failure) 2406M->364M(2493M) 10.720ms
[3183.507s][info ][gc,cpu         ] GC(206) User=0.02s Sys=0.00s Real=0.01s
[3183.507s][info ][safepoint      ] Safepoint "ParallelGCFailedAllocation", Time since last: 2004827788 ns, Reaching safepoint: 35000 ns, At safepoint: 10808156 ns, Total: 10843156 ns
[3199.994s][info ][gc,start       ] GC(207) Pause Young (Allocation Failure)
[3200.006s][debug][gc,phases      ] GC(207) Scavenge 12.229ms
[3200.006s][debug][gc,ref         ] GC(207) Skipped phase 1 of Reference Processing: no references
[3200.006s][debug][gc,ref         ] GC(207) ReferenceProcessor::execute queues: 1, RefProcThreadModel::Single, marks_oops_alive: false
[3200.006s][debug][gc,ref         ] GC(207) ReferenceProcessor::execute queues: 4, RefProcThreadModel::Multi, marks_oops_alive: true
[3200.006s][debug][gc,ref         ] GC(207) Skipped phase 4 of Reference Processing: no references
[3200.006s][debug][gc,phases      ] GC(207) Reference Processing 0.188ms
[3200.007s][debug][gc,phases      ] GC(207)   VM Weak                        Min:  0.0, Avg:  0.0, Max:  0.0, Diff:  0.0, Sum:  0.0, Workers: 4
[3200.007s][debug][gc,phases      ] GC(207)     Dead                           Min: 0, Avg:  0.0, Max: 0, Diff: 0, Sum: 0, Workers: 4
[3200.007s][debug][gc,phases      ] GC(207)     Total                          Min: 0, Avg: 212.0, Max: 640, Diff: 640, Sum: 848, Workers: 4
[3200.007s][debug][gc,phases      ] GC(207)   ObjectSynchronizer Weak        Min:  0.0, Avg:  0.0, Max:  0.0, Diff:  0.0, Sum:  0.0, Workers: 4
[3200.007s][debug][gc,phases      ] GC(207)     Dead                           Min: 0, Avg:  0.0, Max: 0, Diff: 0, Sum: 0, Workers: 4
[3200.007s][debug][gc,phases      ] GC(207)     Total                          Min: 0, Avg: 14.8, Max: 59, Diff: 59, Sum: 59, Workers: 4
[3200.007s][debug][gc,phases      ] GC(207)   JVMTI Tag Weak OopStorage      Min:  0.0, Avg:  0.0, Max:  0.0, Diff:  0.0, Sum:  0.0, Workers: 4
[3200.007s][debug][gc,phases      ] GC(207)     Dead                           Min: 0, Avg:  0.0, Max: 0, Diff: 0, Sum: 0, Workers: 4
[3200.007s][debug][gc,phases      ] GC(207)     Total                          Min: 0, Avg:  0.0, Max: 0, Diff: 0, Sum: 0, Workers: 4
[3200.007s][debug][gc,phases      ] GC(207)   StringTable Weak               Min:  0.0, Avg:  0.1, Max:  0.1, Diff:  0.1, Sum:  0.4, Workers: 4
[3200.007s][debug][gc,phases      ] GC(207)     Dead                           Min: 0, Avg:  0.0, Max: 0, Diff: 0, Sum: 0, Workers: 4
[3200.007s][debug][gc,phases      ] GC(207)     Total                          Min: 0, Avg: 11222.2, Max: 15257, Diff: 15257, Sum: 44889, Workers: 4
[3200.007s][debug][gc,phases      ] GC(207)   ResolvedMethodTable Weak       Min:  0.0, Avg:  0.0, Max:  0.0, Diff:  0.0, Sum:  0.1, Workers: 4
[3200.007s][debug][gc,phases      ] GC(207)     Dead                           Min: 0, Avg:  0.0, Max: 0, Diff: 0, Sum: 0, Workers: 4
[3200.007s][debug][gc,phases      ] GC(207)     Total                          Min: 0, Avg: 2453.5, Max: 3328, Diff: 3328, Sum: 9814, Workers: 4
[3200.007s][debug][gc,phases      ] GC(207)   JNI Weak                       Min:  0.0, Avg:  0.0, Max:  0.0, Diff:  0.0, Sum:  0.0, Workers: 4
[3200.007s][debug][gc,phases      ] GC(207)     Dead                           Min: 0, Avg:  0.0, Max: 0, Diff: 0, Sum: 0, Workers: 4
[3200.007s][debug][gc,phases      ] GC(207)     Total                          Min: 0, Avg: 11.2, Max: 45, Diff: 45, Sum: 45, Workers: 4
[3200.007s][debug][gc,phases      ] GC(207)   StringDedup Table Weak         Min:  0.0, Avg:  0.0, Max:  0.0, Diff:  0.0, Sum:  0.0, Workers: 4
[3200.007s][debug][gc,phases      ] GC(207)     Dead                           Min: 0, Avg:  0.0, Max: 0, Diff: 0, Sum: 0, Workers: 4
[3200.007s][debug][gc,phases      ] GC(207)     Total                          Min: 0, Avg:  0.0, Max: 0, Diff: 0, Sum: 0, Workers: 4
[3200.007s][debug][gc,phases      ] GC(207)   StringDedup Requests0 Weak     Min:  0.0, Avg:  0.0, Max:  0.0, Diff:  0.0, Sum:  0.0, Workers: 4
[3200.007s][debug][gc,phases      ] GC(207)     Dead                           Min: 0, Avg:  0.0, Max: 0, Diff: 0, Sum: 0, Workers: 4
[3200.007s][debug][gc,phases      ] GC(207)     Total                          Min: 0, Avg:  0.0, Max: 0, Diff: 0, Sum: 0, Workers: 4
[3200.007s][debug][gc,phases      ] GC(207)   StringDedup Requests1 Weak     Min:  0.0, Avg:  0.0, Max:  0.0, Diff:  0.0, Sum:  0.0, Workers: 4
[3200.007s][debug][gc,phases      ] GC(207)     Dead                           Min: 0, Avg:  0.0, Max: 0, Diff: 0, Sum: 0, Workers: 4
[3200.007s][debug][gc,phases      ] GC(207)     Total                          Min: 0, Avg:  0.0, Max: 0, Diff: 0, Sum: 0, Workers: 4
[3200.007s][debug][gc,phases      ] GC(207)   Weak JFR Old Object Samples    Min:  0.0, Avg:  0.0, Max:  0.0, Diff:  0.0, Sum:  0.0, Workers: 4
[3200.007s][debug][gc,phases      ] GC(207)     Dead                           Min: 0, Avg:  0.0, Max: 0, Diff: 0, Sum: 0, Workers: 4
[3200.007s][debug][gc,phases      ] GC(207)     Total                          Min: 0, Avg:  0.0, Max: 0, Diff: 0, Sum: 0, Workers: 4
[3200.007s][debug][gc,phases      ] GC(207) Weak Processing 0.381ms
[3200.007s][debug][gc,age         ] GC(207) Desired survivor size 3145728 bytes, new threshold 13 (max threshold 15)
[3200.007s][info ][gc,heap        ] GC(207) PSYoungGen: 2094564K(2094592K)->2548K(2093568K) Eden: 2092032K(2092032K)->0K(2091008K) From: 2532K(2560K)->2548K(2560K)
[3200.007s][info ][gc,heap        ] GC(207) ParOldGen: 370975K(458752K)->371031K(458752K)
[3200.007s][info ][gc,metaspace   ] GC(207) Metaspace: 83559K(84608K)->83559K(84608K) NonClass: 71627K(72192K)->71627K(72192K) Class: 11931K(12416K)->11931K(12416K)
[3200.007s][info ][gc             ] GC(207) Pause Young (Allocation Failure) 2407M->364M(2492M) 12.929ms
[3200.007s][info ][gc,cpu         ] GC(207) User=0.02s Sys=0.00s Real=0.02s
[3200.007s][info ][safepoint      ] Safepoint "ParallelGCFailedAllocation", Time since last: 16486507303 ns, Reaching safepoint: 36400 ns, At safepoint: 13039646 ns, Total: 13076046 ns
[3210.008s][info ][safepoint      ] Safepoint "Cleanup", Time since last: 10000686871 ns, Reaching safepoint: 44100 ns, At safepoint: 6500 ns, Total: 50600 ns
[3215.008s][info ][safepoint      ] Safepoint "Cleanup", Time since last: 5000371184 ns, Reaching safepoint: 45100 ns, At safepoint: 7700 ns, Total: 52800 ns
[3216.244s][info ][gc,start       ] GC(208) Pause Young (Allocation Failure)
[3216.252s][debug][gc,phases      ] GC(208) Scavenge 8.043ms
[3216.252s][debug][gc,ref         ] GC(208) Skipped phase 1 of Reference Processing: no references
[3216.252s][debug][gc,ref         ] GC(208) ReferenceProcessor::execute queues: 1, RefProcThreadModel::Single, marks_oops_alive: false
[3216.253s][debug][gc,ref         ] GC(208) Skipped phase 3 of Reference Processing: no references
[3216.253s][debug][gc,ref         ] GC(208) Skipped phase 4 of Reference Processing: no references
[3216.253s][debug][gc,phases      ] GC(208) Reference Processing 0.119ms
[3216.253s][debug][gc,phases      ] GC(208)   VM Weak                        Min:  0.0, Avg:  0.0, Max:  0.0, Diff:  0.0, Sum:  0.0, Workers: 4
[3216.253s][debug][gc,phases      ] GC(208)     Dead                           Min: 0, Avg:  0.0, Max: 0, Diff: 0, Sum: 0, Workers: 4
[3216.253s][debug][gc,phases      ] GC(208)     Total                          Min: 0, Avg: 212.0, Max: 848, Diff: 848, Sum: 848, Workers: 4
[3216.253s][debug][gc,phases      ] GC(208)   ObjectSynchronizer Weak        Min:  0.0, Avg:  0.0, Max:  0.0, Diff:  0.0, Sum:  0.0, Workers: 4
[3216.253s][debug][gc,phases      ] GC(208)     Dead                           Min: 0, Avg:  0.0, Max: 0, Diff: 0, Sum: 0, Workers: 4
[3216.253s][debug][gc,phases      ] GC(208)     Total                          Min: 0, Avg: 14.8, Max: 59, Diff: 59, Sum: 59, Workers: 4
[3216.253s][debug][gc,phases      ] GC(208)   JVMTI Tag Weak OopStorage      Min:  0.0, Avg:  0.0, Max:  0.0, Diff:  0.0, Sum:  0.0, Workers: 4
[3216.253s][debug][gc,phases      ] GC(208)     Dead                           Min: 0, Avg:  0.0, Max: 0, Diff: 0, Sum: 0, Workers: 4
[3216.253s][debug][gc,phases      ] GC(208)     Total                          Min: 0, Avg:  0.0, Max: 0, Diff: 0, Sum: 0, Workers: 4
[3216.253s][debug][gc,phases      ] GC(208)   StringTable Weak               Min:  0.0, Avg:  0.1, Max:  0.2, Diff:  0.2, Sum:  0.4, Workers: 4
[3216.253s][debug][gc,phases      ] GC(208)     Dead                           Min: 0, Avg:  0.0, Max: 0, Diff: 0, Sum: 0, Workers: 4
[3216.253s][debug][gc,phases      ] GC(208)     Total                          Min: 0, Avg: 11222.5, Max: 23424, Diff: 23424, Sum: 44890, Workers: 4
[3216.253s][debug][gc,phases      ] GC(208)   ResolvedMethodTable Weak       Min:  0.0, Avg:  0.0, Max:  0.0, Diff:  0.0, Sum:  0.1, Workers: 4
[3216.253s][debug][gc,phases      ] GC(208)     Dead                           Min: 0, Avg:  0.0, Max: 0, Diff: 0, Sum: 0, Workers: 4
[3216.253s][debug][gc,phases      ] GC(208)     Total                          Min: 0, Avg: 2453.5, Max: 5270, Diff: 5270, Sum: 9814, Workers: 4
[3216.253s][debug][gc,phases      ] GC(208)   JNI Weak                       Min:  0.0, Avg:  0.0, Max:  0.0, Diff:  0.0, Sum:  0.0, Workers: 4
[3216.253s][debug][gc,phases      ] GC(208)     Dead                           Min: 0, Avg:  0.0, Max: 0, Diff: 0, Sum: 0, Workers: 4
[3216.253s][debug][gc,phases      ] GC(208)     Total                          Min: 0, Avg: 11.2, Max: 45, Diff: 45, Sum: 45, Workers: 4
[3216.253s][debug][gc,phases      ] GC(208)   StringDedup Table Weak         Min:  0.0, Avg:  0.0, Max:  0.0, Diff:  0.0, Sum:  0.0, Workers: 4
[3216.253s][debug][gc,phases      ] GC(208)     Dead                           Min: 0, Avg:  0.0, Max: 0, Diff: 0, Sum: 0, Workers: 4
[3216.253s][debug][gc,phases      ] GC(208)     Total                          Min: 0, Avg:  0.0, Max: 0, Diff: 0, Sum: 0, Workers: 4
[3216.253s][debug][gc,phases      ] GC(208)   StringDedup Requests0 Weak     Min:  0.0, Avg:  0.0, Max:  0.0, Diff:  0.0, Sum:  0.0, Workers: 4
[3216.253s][debug][gc,phases      ] GC(208)     Dead                           Min: 0, Avg:  0.0, Max: 0, Diff: 0, Sum: 0, Workers: 4
[3216.253s][debug][gc,phases      ] GC(208)     Total                          Min: 0, Avg:  0.0, Max: 0, Diff: 0, Sum: 0, Workers: 4
[3216.253s][debug][gc,phases      ] GC(208)   StringDedup Requests1 Weak     Min:  0.0, Avg:  0.0, Max:  0.0, Diff:  0.0, Sum:  0.0, Workers: 4
[3216.253s][debug][gc,phases      ] GC(208)     Dead                           Min: 0, Avg:  0.0, Max: 0, Diff: 0, Sum: 0, Workers: 4
[3216.253s][debug][gc,phases      ] GC(208)     Total                          Min: 0, Avg:  0.0, Max: 0, Diff: 0, Sum: 0, Workers: 4
[3216.253s][debug][gc,phases      ] GC(208)   Weak JFR Old Object Samples    Min:  0.0, Avg:  0.0, Max:  0.0, Diff:  0.0, Sum:  0.0, Workers: 4
[3216.253s][debug][gc,phases      ] GC(208)     Dead                           Min: 0, Avg:  0.0, Max: 0, Diff: 0, Sum: 0, Workers: 4
[3216.253s][debug][gc,phases      ] GC(208)     Total                          Min: 0, Avg:  0.0, Max: 0, Diff: 0, Sum: 0, Workers: 4
[3216.253s][debug][gc,phases      ] GC(208) Weak Processing 0.467ms
[3216.253s][debug][gc,age         ] GC(208) Desired survivor size 3670016 bytes, new threshold 14 (max threshold 15)
[3216.253s][info ][gc,heap        ] GC(208) PSYoungGen: 2093556K(2093568K)->2548K(2093568K) Eden: 2091008K(2091008K)->0K(2091008K) From: 2548K(2560K)->2548K(2560K)
[3216.253s][info ][gc,heap        ] GC(208) ParOldGen: 371031K(458752K)->371063K(458752K)
[3216.253s][info ][gc,metaspace   ] GC(208) Metaspace: 83565K(84608K)->83565K(84608K) NonClass: 71633K(72192K)->71633K(72192K) Class: 11931K(12416K)->11931K(12416K)
[3216.253s][info ][gc             ] GC(208) Pause Young (Allocation Failure) 2406M->364M(2492M) 8.756ms
[3216.253s][info ][gc,cpu         ] GC(208) User=0.01s Sys=0.00s Real=0.01s
[3216.253s][info ][safepoint      ] Safepoint "ParallelGCFailedAllocation", Time since last: 1236215453 ns, Reaching safepoint: 37100 ns, At safepoint: 8832864 ns, Total: 8869964 ns
[3226.254s][info ][safepoint      ] Safepoint "Cleanup", Time since last: 10000714967 ns, Reaching safepoint: 39299 ns, At safepoint: 2300 ns, Total: 41599 ns
[3232.748s][info ][gc,start       ] GC(209) Pause Young (Allocation Failure)
[3232.757s][debug][gc,phases      ] GC(209) Scavenge 8.166ms
[3232.757s][debug][gc,ref         ] GC(209) Skipped phase 1 of Reference Processing: no references
[3232.757s][debug][gc,ref         ] GC(209) ReferenceProcessor::execute queues: 1, RefProcThreadModel::Single, marks_oops_alive: false
[3232.757s][debug][gc,ref         ] GC(209) Skipped phase 3 of Reference Processing: no references
[3232.757s][debug][gc,ref         ] GC(209) Skipped phase 4 of Reference Processing: no references
[3232.757s][debug][gc,phases      ] GC(209) Reference Processing 0.110ms
[3232.757s][debug][gc,phases      ] GC(209)   VM Weak                        Min:  0.0, Avg:  0.0, Max:  0.0, Diff:  0.0, Sum:  0.0, Workers: 4
[3232.757s][debug][gc,phases      ] GC(209)     Dead                           Min: 0, Avg:  0.0, Max: 0, Diff: 0, Sum: 0, Workers: 4
[3232.757s][debug][gc,phases      ] GC(209)     Total                          Min: 0, Avg: 212.0, Max: 704, Diff: 704, Sum: 848, Workers: 4
[3232.757s][debug][gc,phases      ] GC(209)   ObjectSynchronizer Weak        Min:  0.0, Avg:  0.0, Max:  0.0, Diff:  0.0, Sum:  0.0, Workers: 4
[3232.757s][debug][gc,phases      ] GC(209)     Dead                           Min: 0, Avg:  0.0, Max: 0, Diff: 0, Sum: 0, Workers: 4
[3232.757s][debug][gc,phases      ] GC(209)     Total                          Min: 0, Avg: 14.8, Max: 59, Diff: 59, Sum: 59, Workers: 4
[3232.757s][debug][gc,phases      ] GC(209)   JVMTI Tag Weak OopStorage      Min:  0.0, Avg:  0.0, Max:  0.0, Diff:  0.0, Sum:  0.0, Workers: 4
[3232.757s][debug][gc,phases      ] GC(209)     Dead                           Min: 0, Avg:  0.0, Max: 0, Diff: 0, Sum: 0, Workers: 4
[3232.757s][debug][gc,phases      ] GC(209)     Total                          Min: 0, Avg:  0.0, Max: 0, Diff: 0, Sum: 0, Workers: 4
[3232.757s][debug][gc,phases      ] GC(209)   StringTable Weak               Min:  0.0, Avg:  0.1, Max:  0.2, Diff:  0.2, Sum:  0.4, Workers: 4
[3232.757s][debug][gc,phases      ] GC(209)     Dead                           Min: 0, Avg:  0.0, Max: 0, Diff: 0, Sum: 0, Workers: 4
[3232.757s][debug][gc,phases      ] GC(209)     Total                          Min: 0, Avg: 11222.5, Max: 22874, Diff: 22874, Sum: 44890, Workers: 4
[3232.757s][debug][gc,phases      ] GC(209)   ResolvedMethodTable Weak       Min:  0.0, Avg:  0.0, Max:  0.0, Diff:  0.0, Sum:  0.1, Workers: 4
[3232.757s][debug][gc,phases      ] GC(209)     Dead                           Min: 0, Avg:  0.0, Max: 0, Diff: 0, Sum: 0, Workers: 4
[3232.757s][debug][gc,phases      ] GC(209)     Total                          Min: 0, Avg: 2453.5, Max: 5178, Diff: 5178, Sum: 9814, Workers: 4
[3232.757s][debug][gc,phases      ] GC(209)   JNI Weak                       Min:  0.0, Avg:  0.0, Max:  0.0, Diff:  0.0, Sum:  0.0, Workers: 4
[3232.757s][debug][gc,phases      ] GC(209)     Dead                           Min: 0, Avg:  0.0, Max: 0, Diff: 0, Sum: 0, Workers: 4
[3232.757s][debug][gc,phases      ] GC(209)     Total                          Min: 0, Avg: 11.2, Max: 45, Diff: 45, Sum: 45, Workers: 4
[3232.757s][debug][gc,phases      ] GC(209)   StringDedup Table Weak         Min:  0.0, Avg:  0.0, Max:  0.0, Diff:  0.0, Sum:  0.0, Workers: 4
[3232.757s][debug][gc,phases      ] GC(209)     Dead                           Min: 0, Avg:  0.0, Max: 0, Diff: 0, Sum: 0, Workers: 4
[3232.757s][debug][gc,phases      ] GC(209)     Total                          Min: 0, Avg:  0.0, Max: 0, Diff: 0, Sum: 0, Workers: 4
[3232.757s][debug][gc,phases      ] GC(209)   StringDedup Requests0 Weak     Min:  0.0, Avg:  0.0, Max:  0.0, Diff:  0.0, Sum:  0.0, Workers: 4
[3232.757s][debug][gc,phases      ] GC(209)     Dead                           Min: 0, Avg:  0.0, Max: 0, Diff: 0, Sum: 0, Workers: 4
[3232.757s][debug][gc,phases      ] GC(209)     Total                          Min: 0, Avg:  0.0, Max: 0, Diff: 0, Sum: 0, Workers: 4
[3232.757s][debug][gc,phases      ] GC(209)   StringDedup Requests1 Weak     Min:  0.0, Avg:  0.0, Max:  0.0, Diff:  0.0, Sum:  0.0, Workers: 4
[3232.757s][debug][gc,phases      ] GC(209)     Dead                           Min: 0, Avg:  0.0, Max: 0, Diff: 0, Sum: 0, Workers: 4
[3232.757s][debug][gc,phases      ] GC(209)     Total                          Min: 0, Avg:  0.0, Max: 0, Diff: 0, Sum: 0, Workers: 4
[3232.757s][debug][gc,phases      ] GC(209)   Weak JFR Old Object Samples    Min:  0.0, Avg:  0.0, Max:  0.0, Diff:  0.0, Sum:  0.0, Workers: 4
[3232.757s][debug][gc,phases      ] GC(209)     Dead                           Min: 0, Avg:  0.0, Max: 0, Diff: 0, Sum: 0, Workers: 4
[3232.757s][debug][gc,phases      ] GC(209)     Total                          Min: 0, Avg:  0.0, Max: 0, Diff: 0, Sum: 0, Workers: 4
[3232.757s][debug][gc,phases      ] GC(209) Weak Processing 0.472ms
[3232.757s][debug][gc,age         ] GC(209) Desired survivor size 3670016 bytes, new threshold 15 (max threshold 15)
[3232.757s][info ][gc,heap        ] GC(209) PSYoungGen: 2093556K(2093568K)->2516K(2093568K) Eden: 2091008K(2091008K)->0K(2089984K) From: 2548K(2560K)->2516K(3584K)
[3232.757s][info ][gc,heap        ] GC(209) ParOldGen: 371063K(458752K)->371063K(458752K)
[3232.757s][info ][gc,metaspace   ] GC(209) Metaspace: 83565K(84608K)->83565K(84608K) NonClass: 71633K(72192K)->71633K(72192K) Class: 11931K(12416K)->11931K(12416K)
[3232.757s][info ][gc             ] GC(209) Pause Young (Allocation Failure) 2406M->364M(2492M) 8.866ms
[3232.757s][info ][gc,cpu         ] GC(209) User=0.01s Sys=0.00s Real=0.01s
[3232.757s][info ][safepoint      ] Safepoint "ParallelGCFailedAllocation", Time since last: 6494445776 ns, Reaching safepoint: 108200 ns, At safepoint: 8966063 ns, Total: 9074263 ns
[3244.760s][info ][safepoint      ] Safepoint "Cleanup", Time since last: 12002581686 ns, Reaching safepoint: 40300 ns, At safepoint: 3500 ns, Total: 43800 ns
[3249.047s][info ][gc,start       ] GC(210) Pause Young (Allocation Failure)
[3249.057s][debug][gc,phases      ] GC(210) Scavenge 9.533ms
[3249.057s][debug][gc,ref         ] GC(210) Skipped phase 1 of Reference Processing: no references
[3249.057s][debug][gc,ref         ] GC(210) ReferenceProcessor::execute queues: 1, RefProcThreadModel::Single, marks_oops_alive: false
[3249.057s][debug][gc,ref         ] GC(210) Skipped phase 3 of Reference Processing: no references
[3249.057s][debug][gc,ref         ] GC(210) Skipped phase 4 of Reference Processing: no references
[3249.057s][debug][gc,phases      ] GC(210) Reference Processing 0.111ms
[3249.057s][debug][gc,phases      ] GC(210)   VM Weak                        Min:  0.0, Avg:  0.0, Max:  0.0, Diff:  0.0, Sum:  0.0, Workers: 4
[3249.057s][debug][gc,phases      ] GC(210)     Dead                           Min: 0, Avg:  0.0, Max: 0, Diff: 0, Sum: 0, Workers: 4
[3249.057s][debug][gc,phases      ] GC(210)     Total                          Min: 0, Avg: 212.0, Max: 464, Diff: 464, Sum: 848, Workers: 4
[3249.057s][debug][gc,phases      ] GC(210)   ObjectSynchronizer Weak        Min:  0.0, Avg:  0.0, Max:  0.0, Diff:  0.0, Sum:  0.0, Workers: 4
[3249.057s][debug][gc,phases      ] GC(210)     Dead                           Min: 0, Avg:  0.0, Max: 0, Diff: 0, Sum: 0, Workers: 4
[3249.057s][debug][gc,phases      ] GC(210)     Total                          Min: 0, Avg: 14.8, Max: 59, Diff: 59, Sum: 59, Workers: 4
[3249.057s][debug][gc,phases      ] GC(210)   JVMTI Tag Weak OopStorage      Min:  0.0, Avg:  0.0, Max:  0.0, Diff:  0.0, Sum:  0.0, Workers: 4
[3249.057s][debug][gc,phases      ] GC(210)     Dead                           Min: 0, Avg:  0.0, Max: 0, Diff: 0, Sum: 0, Workers: 4
[3249.057s][debug][gc,phases      ] GC(210)     Total                          Min: 0, Avg:  0.0, Max: 0, Diff: 0, Sum: 0, Workers: 4
[3249.057s][debug][gc,phases      ] GC(210)   StringTable Weak               Min:  0.0, Avg:  0.1, Max:  0.2, Diff:  0.2, Sum:  0.4, Workers: 4
[3249.057s][debug][gc,phases      ] GC(210)     Dead                           Min: 0, Avg:  0.0, Max: 0, Diff: 0, Sum: 0, Workers: 4
[3249.057s][debug][gc,phases      ] GC(210)     Total                          Min: 0, Avg: 11222.5, Max: 22464, Diff: 22464, Sum: 44890, Workers: 4
[3249.057s][debug][gc,phases      ] GC(210)   ResolvedMethodTable Weak       Min:  0.0, Avg:  0.0, Max:  0.0, Diff:  0.0, Sum:  0.1, Workers: 4
[3249.057s][debug][gc,phases      ] GC(210)     Dead                           Min: 0, Avg:  0.0, Max: 0, Diff: 0, Sum: 0, Workers: 4
[3249.057s][debug][gc,phases      ] GC(210)     Total                          Min: 0, Avg: 2453.5, Max: 5056, Diff: 5056, Sum: 9814, Workers: 4
[3249.057s][debug][gc,phases      ] GC(210)   JNI Weak                       Min:  0.0, Avg:  0.0, Max:  0.0, Diff:  0.0, Sum:  0.0, Workers: 4
[3249.057s][debug][gc,phases      ] GC(210)     Dead                           Min: 0, Avg:  0.0, Max: 0, Diff: 0, Sum: 0, Workers: 4
[3249.057s][debug][gc,phases      ] GC(210)     Total                          Min: 0, Avg: 11.5, Max: 46, Diff: 46, Sum: 46, Workers: 4
[3249.057s][debug][gc,phases      ] GC(210)   StringDedup Table Weak         Min:  0.0, Avg:  0.0, Max:  0.0, Diff:  0.0, Sum:  0.0, Workers: 4
[3249.057s][debug][gc,phases      ] GC(210)     Dead                           Min: 0, Avg:  0.0, Max: 0, Diff: 0, Sum: 0, Workers: 4
[3249.057s][debug][gc,phases      ] GC(210)     Total                          Min: 0, Avg:  0.0, Max: 0, Diff: 0, Sum: 0, Workers: 4
[3249.057s][debug][gc,phases      ] GC(210)   StringDedup Requests0 Weak     Min:  0.0, Avg:  0.0, Max:  0.0, Diff:  0.0, Sum:  0.0, Workers: 4
[3249.057s][debug][gc,phases      ] GC(210)     Dead                           Min: 0, Avg:  0.0, Max: 0, Diff: 0, Sum: 0, Workers: 4
[3249.057s][debug][gc,phases      ] GC(210)     Total                          Min: 0, Avg:  0.0, Max: 0, Diff: 0, Sum: 0, Workers: 4
[3249.057s][debug][gc,phases      ] GC(210)   StringDedup Requests1 Weak     Min:  0.0, Avg:  0.0, Max:  0.0, Diff:  0.0, Sum:  0.0, Workers: 4
[3249.057s][debug][gc,phases      ] GC(210)     Dead                           Min: 0, Avg:  0.0, Max: 0, Diff: 0, Sum: 0, Workers: 4
[3249.058s][debug][gc,phases      ] GC(210)     Total                          Min: 0, Avg:  0.0, Max: 0, Diff: 0, Sum: 0, Workers: 4
[3249.058s][debug][gc,phases      ] GC(210)   Weak JFR Old Object Samples    Min:  0.0, Avg:  0.0, Max:  0.0, Diff:  0.0, Sum:  0.0, Workers: 4
[3249.058s][debug][gc,phases      ] GC(210)     Dead                           Min: 0, Avg:  0.0, Max: 0, Diff: 0, Sum: 0, Workers: 4
[3249.058s][debug][gc,phases      ] GC(210)     Total                          Min: 0, Avg:  0.0, Max: 0, Diff: 0, Sum: 0, Workers: 4
[3249.058s][debug][gc,phases      ] GC(210) Weak Processing 0.496ms
[3249.058s][debug][gc,age         ] GC(210) Desired survivor size 3670016 bytes, new threshold 15 (max threshold 15)
[3249.058s][info ][gc,heap        ] GC(210) PSYoungGen: 2092500K(2093568K)->2484K(2093568K) Eden: 2089984K(2089984K)->0K(2089984K) From: 2516K(3584K)->2484K(3584K)
[3249.058s][info ][gc,heap        ] GC(210) ParOldGen: 371063K(458752K)->371063K(458752K)
[3249.058s][info ][gc,metaspace   ] GC(210) Metaspace: 83567K(84608K)->83567K(84608K) NonClass: 71636K(72192K)->71636K(72192K) Class: 11931K(12416K)->11931K(12416K)
[3249.058s][info ][gc             ] GC(210) Pause Young (Allocation Failure) 2405M->364M(2492M) 10.277ms
[3249.058s][info ][gc,cpu         ] GC(210) User=0.01s Sys=0.00s Real=0.01s
[3249.058s][info ][safepoint      ] Safepoint "ParallelGCFailedAllocation", Time since last: 4287232767 ns, Reaching safepoint: 37700 ns, At safepoint: 10358158 ns, Total: 10395858 ns
[3252.058s][info ][safepoint      ] Safepoint "Cleanup", Time since last: 3000203613 ns, Reaching safepoint: 43200 ns, At safepoint: 7300 ns, Total: 50500 ns
[3264.061s][info ][safepoint      ] Safepoint "Cleanup", Time since last: 12002971805 ns, Reaching safepoint: 29500 ns, At safepoint: 19800 ns, Total: 49300 ns
[3266.397s][info ][gc,start       ] GC(211) Pause Young (Allocation Failure)
[3266.402s][debug][gc,phases      ] GC(211) Scavenge 5.200ms
[3266.402s][debug][gc,ref         ] GC(211) Skipped phase 1 of Reference Processing: no references
[3266.402s][debug][gc,ref         ] GC(211) ReferenceProcessor::execute queues: 1, RefProcThreadModel::Single, marks_oops_alive: false
[3266.402s][debug][gc,ref         ] GC(211) Skipped phase 3 of Reference Processing: no references
[3266.403s][debug][gc,ref         ] GC(211) ReferenceProcessor::execute queues: 1, RefProcThreadModel::Single, marks_oops_alive: false
[3266.403s][debug][gc,phases      ] GC(211) Reference Processing 0.128ms
[3266.403s][debug][gc,phases      ] GC(211)   VM Weak                        Min:  0.0, Avg:  0.0, Max:  0.0, Diff:  0.0, Sum:  0.0, Workers: 4
[3266.403s][debug][gc,phases      ] GC(211)     Dead                           Min: 0, Avg:  0.0, Max: 0, Diff: 0, Sum: 0, Workers: 4
[3266.403s][debug][gc,phases      ] GC(211)     Total                          Min: 0, Avg: 212.0, Max: 640, Diff: 640, Sum: 848, Workers: 4
[3266.403s][debug][gc,phases      ] GC(211)   ObjectSynchronizer Weak        Min:  0.0, Avg:  0.0, Max:  0.0, Diff:  0.0, Sum:  0.0, Workers: 4
[3266.403s][debug][gc,phases      ] GC(211)     Dead                           Min: 0, Avg:  0.0, Max: 0, Diff: 0, Sum: 0, Workers: 4
[3266.403s][debug][gc,phases      ] GC(211)     Total                          Min: 0, Avg: 14.8, Max: 59, Diff: 59, Sum: 59, Workers: 4
[3266.403s][debug][gc,phases      ] GC(211)   JVMTI Tag Weak OopStorage      Min:  0.0, Avg:  0.0, Max:  0.0, Diff:  0.0, Sum:  0.0, Workers: 4
[3266.403s][debug][gc,phases      ] GC(211)     Dead                           Min: 0, Avg:  0.0, Max: 0, Diff: 0, Sum: 0, Workers: 4
[3266.403s][debug][gc,phases      ] GC(211)     Total                          Min: 0, Avg:  0.0, Max: 0, Diff: 0, Sum: 0, Workers: 4
[3266.403s][debug][gc,phases      ] GC(211)   StringTable Weak               Min:  0.0, Avg:  0.1, Max:  0.1, Diff:  0.1, Sum:  0.4, Workers: 4
[3266.403s][debug][gc,phases      ] GC(211)     Dead                           Min: 0, Avg:  0.0, Max: 0, Diff: 0, Sum: 0, Workers: 4
[3266.403s][debug][gc,phases      ] GC(211)     Total                          Min: 0, Avg: 11222.5, Max: 15322, Diff: 15322, Sum: 44890, Workers: 4
[3266.403s][debug][gc,phases      ] GC(211)   ResolvedMethodTable Weak       Min:  0.0, Avg:  0.0, Max:  0.0, Diff:  0.0, Sum:  0.1, Workers: 4
[3266.403s][debug][gc,phases      ] GC(211)     Dead                           Min: 0, Avg:  0.0, Max: 0, Diff: 0, Sum: 0, Workers: 4
[3266.403s][debug][gc,phases      ] GC(211)     Total                          Min: 0, Avg: 2453.5, Max: 3520, Diff: 3520, Sum: 9814, Workers: 4
[3266.403s][debug][gc,phases      ] GC(211)   JNI Weak                       Min:  0.0, Avg:  0.0, Max:  0.0, Diff:  0.0, Sum:  0.0, Workers: 4
[3266.403s][debug][gc,phases      ] GC(211)     Dead                           Min: 0, Avg:  0.0, Max: 0, Diff: 0, Sum: 0, Workers: 4
[3266.403s][debug][gc,phases      ] GC(211)     Total                          Min: 0, Avg: 11.2, Max: 45, Diff: 45, Sum: 45, Workers: 4
[3266.403s][debug][gc,phases      ] GC(211)   StringDedup Table Weak         Min:  0.0, Avg:  0.0, Max:  0.0, Diff:  0.0, Sum:  0.0, Workers: 4
[3266.403s][debug][gc,phases      ] GC(211)     Dead                           Min: 0, Avg:  0.0, Max: 0, Diff: 0, Sum: 0, Workers: 4
[3266.403s][debug][gc,phases      ] GC(211)     Total                          Min: 0, Avg:  0.0, Max: 0, Diff: 0, Sum: 0, Workers: 4
[3266.403s][debug][gc,phases      ] GC(211)   StringDedup Requests0 Weak     Min:  0.0, Avg:  0.0, Max:  0.0, Diff:  0.0, Sum:  0.0, Workers: 4
[3266.403s][debug][gc,phases      ] GC(211)     Dead                           Min: 0, Avg:  0.0, Max: 0, Diff: 0, Sum: 0, Workers: 4
[3266.403s][debug][gc,phases      ] GC(211)     Total                          Min: 0, Avg:  0.0, Max: 0, Diff: 0, Sum: 0, Workers: 4
[3266.403s][debug][gc,phases      ] GC(211)   StringDedup Requests1 Weak     Min:  0.0, Avg:  0.0, Max:  0.0, Diff:  0.0, Sum:  0.0, Workers: 4
[3266.403s][debug][gc,phases      ] GC(211)     Dead                           Min: 0, Avg:  0.0, Max: 0, Diff: 0, Sum: 0, Workers: 4
[3266.403s][debug][gc,phases      ] GC(211)     Total                          Min: 0, Avg:  0.0, Max: 0, Diff: 0, Sum: 0, Workers: 4
[3266.403s][debug][gc,phases      ] GC(211)   Weak JFR Old Object Samples    Min:  0.0, Avg:  0.0, Max:  0.0, Diff:  0.0, Sum:  0.0, Workers: 4
[3266.403s][debug][gc,phases      ] GC(211)     Dead                           Min: 0, Avg:  0.0, Max: 0, Diff: 0, Sum: 0, Workers: 4
[3266.403s][debug][gc,phases      ] GC(211)     Total                          Min: 0, Avg:  0.0, Max: 0, Diff: 0, Sum: 0, Workers: 4
[3266.403s][debug][gc,phases      ] GC(211) Weak Processing 0.408ms
[3266.403s][debug][gc,age         ] GC(211) Desired survivor size 3670016 bytes, new threshold 15 (max threshold 15)
[3266.403s][info ][gc,heap        ] GC(211) PSYoungGen: 2092468K(2093568K)->2436K(2093568K) Eden: 2089984K(2089984K)->0K(2089984K) From: 2484K(3584K)->2436K(3584K)
[3266.403s][info ][gc,heap        ] GC(211) ParOldGen: 371063K(458752K)->371095K(458752K)
[3266.403s][info ][gc,metaspace   ] GC(211) Metaspace: 83567K(84608K)->83567K(84608K) NonClass: 71636K(72192K)->71636K(72192K) Class: 11931K(12416K)->11931K(12416K)
[3266.403s][info ][gc             ] GC(211) Pause Young (Allocation Failure) 2405M->364M(2492M) 5.879ms
[3266.403s][info ][gc,cpu         ] GC(211) User=0.01s Sys=0.00s Real=0.00s
[3266.403s][info ][safepoint      ] Safepoint "ParallelGCFailedAllocation", Time since last: 2336064581 ns, Reaching safepoint: 107400 ns, At safepoint: 5971575 ns, Total: 6078975 ns
[3270.403s][info ][safepoint      ] Safepoint "Cleanup", Time since last: 4000259917 ns, Reaching safepoint: 36300 ns, At safepoint: 2700 ns, Total: 39000 ns
[3273.407s][info ][safepoint      ] Safepoint "Cleanup", Time since last: 3000241336 ns, Reaching safepoint: 3162388 ns, At safepoint: 9600 ns, Total: 3171988 ns
[3283.893s][info ][gc,start       ] GC(212) Pause Young (Allocation Failure)
[3283.896s][debug][gc,phases      ] GC(212) Scavenge 3.322ms
[3283.896s][debug][gc,ref         ] GC(212) Skipped phase 1 of Reference Processing: no references
[3283.896s][debug][gc,ref         ] GC(212) ReferenceProcessor::execute queues: 1, RefProcThreadModel::Single, marks_oops_alive: false
[3283.896s][debug][gc,ref         ] GC(212) Skipped phase 3 of Reference Processing: no references
[3283.896s][debug][gc,ref         ] GC(212) ReferenceProcessor::execute queues: 1, RefProcThreadModel::Single, marks_oops_alive: false
[3283.896s][debug][gc,phases      ] GC(212) Reference Processing 0.091ms
[3283.896s][debug][gc,phases      ] GC(212)   VM Weak                        Min:  0.0, Avg:  0.0, Max:  0.0, Diff:  0.0, Sum:  0.0, Workers: 4
[3283.896s][debug][gc,phases      ] GC(212)     Dead                           Min: 0, Avg:  0.0, Max: 0, Diff: 0, Sum: 0, Workers: 4
[3283.896s][debug][gc,phases      ] GC(212)     Total                          Min: 0, Avg: 212.0, Max: 576, Diff: 576, Sum: 848, Workers: 4
[3283.896s][debug][gc,phases      ] GC(212)   ObjectSynchronizer Weak        Min:  0.0, Avg:  0.0, Max:  0.0, Diff:  0.0, Sum:  0.0, Workers: 4
[3283.896s][debug][gc,phases      ] GC(212)     Dead                           Min: 0, Avg:  0.0, Max: 0, Diff: 0, Sum: 0, Workers: 4
[3283.896s][debug][gc,phases      ] GC(212)     Total                          Min: 0, Avg: 14.8, Max: 59, Diff: 59, Sum: 59, Workers: 4
[3283.896s][debug][gc,phases      ] GC(212)   JVMTI Tag Weak OopStorage      Min:  0.0, Avg:  0.0, Max:  0.0, Diff:  0.0, Sum:  0.0, Workers: 4
[3283.896s][debug][gc,phases      ] GC(212)     Dead                           Min: 0, Avg:  0.0, Max: 0, Diff: 0, Sum: 0, Workers: 4
[3283.896s][debug][gc,phases      ] GC(212)     Total                          Min: 0, Avg:  0.0, Max: 0, Diff: 0, Sum: 0, Workers: 4
[3283.896s][debug][gc,phases      ] GC(212)   StringTable Weak               Min:  0.0, Avg:  0.1, Max:  0.2, Diff:  0.2, Sum:  0.4, Workers: 4
[3283.896s][debug][gc,phases      ] GC(212)     Dead                           Min: 0, Avg:  0.0, Max: 0, Diff: 0, Sum: 0, Workers: 4
[3283.896s][debug][gc,phases      ] GC(212)     Total                          Min: 0, Avg: 11222.5, Max: 22874, Diff: 22874, Sum: 44890, Workers: 4
[3283.896s][debug][gc,phases      ] GC(212)   ResolvedMethodTable Weak       Min:  0.0, Avg:  0.0, Max:  0.0, Diff:  0.0, Sum:  0.1, Workers: 4
[3283.896s][debug][gc,phases      ] GC(212)     Dead                           Min: 0, Avg:  0.0, Max: 0, Diff: 0, Sum: 0, Workers: 4
[3283.896s][debug][gc,phases      ] GC(212)     Total                          Min: 0, Avg: 2453.5, Max: 4928, Diff: 4928, Sum: 9814, Workers: 4
[3283.896s][debug][gc,phases      ] GC(212)   JNI Weak                       Min:  0.0, Avg:  0.0, Max:  0.0, Diff:  0.0, Sum:  0.0, Workers: 4
[3283.896s][debug][gc,phases      ] GC(212)     Dead                           Min: 0, Avg:  0.0, Max: 0, Diff: 0, Sum: 0, Workers: 4
[3283.897s][debug][gc,phases      ] GC(212)     Total                          Min: 0, Avg: 11.2, Max: 45, Diff: 45, Sum: 45, Workers: 4
[3283.897s][debug][gc,phases      ] GC(212)   StringDedup Table Weak         Min:  0.0, Avg:  0.0, Max:  0.0, Diff:  0.0, Sum:  0.0, Workers: 4
[3283.897s][debug][gc,phases      ] GC(212)     Dead                           Min: 0, Avg:  0.0, Max: 0, Diff: 0, Sum: 0, Workers: 4
[3283.897s][debug][gc,phases      ] GC(212)     Total                          Min: 0, Avg:  0.0, Max: 0, Diff: 0, Sum: 0, Workers: 4
[3283.897s][debug][gc,phases      ] GC(212)   StringDedup Requests0 Weak     Min:  0.0, Avg:  0.0, Max:  0.0, Diff:  0.0, Sum:  0.0, Workers: 4
[3283.897s][debug][gc,phases      ] GC(212)     Dead                           Min: 0, Avg:  0.0, Max: 0, Diff: 0, Sum: 0, Workers: 4
[3283.897s][debug][gc,phases      ] GC(212)     Total                          Min: 0, Avg:  0.0, Max: 0, Diff: 0, Sum: 0, Workers: 4
[3283.897s][debug][gc,phases      ] GC(212)   StringDedup Requests1 Weak     Min:  0.0, Avg:  0.0, Max:  0.0, Diff:  0.0, Sum:  0.0, Workers: 4
[3283.897s][debug][gc,phases      ] GC(212)     Dead                           Min: 0, Avg:  0.0, Max: 0, Diff: 0, Sum: 0, Workers: 4
[3283.897s][debug][gc,phases      ] GC(212)     Total                          Min: 0, Avg:  0.0, Max: 0, Diff: 0, Sum: 0, Workers: 4
[3283.897s][debug][gc,phases      ] GC(212)   Weak JFR Old Object Samples    Min:  0.0, Avg:  0.0, Max:  0.0, Diff:  0.0, Sum:  0.0, Workers: 4
[3283.897s][debug][gc,phases      ] GC(212)     Dead                           Min: 0, Avg:  0.0, Max: 0, Diff: 0, Sum: 0, Workers: 4
[3283.897s][debug][gc,phases      ] GC(212)     Total                          Min: 0, Avg:  0.0, Max: 0, Diff: 0, Sum: 0, Workers: 4
[3283.897s][debug][gc,phases      ] GC(212) Weak Processing 0.390ms
[3283.897s][debug][gc,age         ] GC(212) Desired survivor size 3670016 bytes, new threshold 15 (max threshold 15)
[3283.897s][info ][gc,heap        ] GC(212) PSYoungGen: 2092420K(2093568K)->2500K(2093568K) Eden: 2089984K(2089984K)->0K(2089984K) From: 2436K(3584K)->2500K(3584K)
[3283.897s][info ][gc,heap        ] GC(212) ParOldGen: 371095K(458752K)->371103K(458752K)
[3283.897s][info ][gc,metaspace   ] GC(212) Metaspace: 83570K(84608K)->83570K(84608K) NonClass: 71639K(72192K)->71639K(72192K) Class: 11931K(12416K)->11931K(12416K)
[3283.897s][info ][gc             ] GC(212) Pause Young (Allocation Failure) 2405M->364M(2492M) 3.907ms
[3283.897s][info ][gc,cpu         ] GC(212) User=0.01s Sys=0.00s Real=0.01s
[3283.897s][info ][safepoint      ] Safepoint "ParallelGCFailedAllocation", Time since last: 10485899406 ns, Reaching safepoint: 27800 ns, At safepoint: 3968383 ns, Total: 3996183 ns
[3300.495s][info ][gc,start       ] GC(213) Pause Young (Allocation Failure)
[3300.502s][debug][gc,phases      ] GC(213) Scavenge 7.317ms
[3300.502s][debug][gc,ref         ] GC(213) Skipped phase 1 of Reference Processing: no references
[3300.502s][debug][gc,ref         ] GC(213) ReferenceProcessor::execute queues: 1, RefProcThreadModel::Single, marks_oops_alive: false
[3300.502s][debug][gc,ref         ] GC(213) Skipped phase 3 of Reference Processing: no references
[3300.503s][debug][gc,ref         ] GC(213) ReferenceProcessor::execute queues: 1, RefProcThreadModel::Single, marks_oops_alive: false
[3300.503s][debug][gc,phases      ] GC(213) Reference Processing 0.114ms
[3300.503s][debug][gc,phases      ] GC(213)   VM Weak                        Min:  0.0, Avg:  0.0, Max:  0.0, Diff:  0.0, Sum:  0.0, Workers: 4
[3300.503s][debug][gc,phases      ] GC(213)     Dead                           Min: 0, Avg:  0.0, Max: 0, Diff: 0, Sum: 0, Workers: 4
[3300.503s][debug][gc,phases      ] GC(213)     Total                          Min: 0, Avg: 212.0, Max: 848, Diff: 848, Sum: 848, Workers: 4
[3300.503s][debug][gc,phases      ] GC(213)   ObjectSynchronizer Weak        Min:  0.0, Avg:  0.0, Max:  0.0, Diff:  0.0, Sum:  0.0, Workers: 4
[3300.503s][debug][gc,phases      ] GC(213)     Dead                           Min: 0, Avg:  0.0, Max: 0, Diff: 0, Sum: 0, Workers: 4
[3300.503s][debug][gc,phases      ] GC(213)     Total                          Min: 0, Avg: 14.8, Max: 59, Diff: 59, Sum: 59, Workers: 4
[3300.503s][debug][gc,phases      ] GC(213)   JVMTI Tag Weak OopStorage      Min:  0.0, Avg:  0.0, Max:  0.0, Diff:  0.0, Sum:  0.0, Workers: 4
[3300.503s][debug][gc,phases      ] GC(213)     Dead                           Min: 0, Avg:  0.0, Max: 0, Diff: 0, Sum: 0, Workers: 4
[3300.503s][debug][gc,phases      ] GC(213)     Total                          Min: 0, Avg:  0.0, Max: 0, Diff: 0, Sum: 0, Workers: 4
[3300.503s][debug][gc,phases      ] GC(213)   StringTable Weak               Min:  0.0, Avg:  0.1, Max:  0.4, Diff:  0.4, Sum:  0.4, Workers: 4
[3300.503s][debug][gc,phases      ] GC(213)     Dead                           Min: 0, Avg:  0.0, Max: 0, Diff: 0, Sum: 0, Workers: 4
[3300.503s][debug][gc,phases      ] GC(213)     Total                          Min: 0, Avg: 11222.8, Max: 44891, Diff: 44891, Sum: 44891, Workers: 4
[3300.503s][debug][gc,phases      ] GC(213)   ResolvedMethodTable Weak       Min:  0.0, Avg:  0.0, Max:  0.1, Diff:  0.1, Sum:  0.1, Workers: 4
[3300.503s][debug][gc,phases      ] GC(213)     Dead                           Min: 0, Avg:  0.0, Max: 0, Diff: 0, Sum: 0, Workers: 4
[3300.503s][debug][gc,phases      ] GC(213)     Total                          Min: 0, Avg: 2453.5, Max: 9814, Diff: 9814, Sum: 9814, Workers: 4
[3300.503s][debug][gc,phases      ] GC(213)   JNI Weak                       Min:  0.0, Avg:  0.0, Max:  0.0, Diff:  0.0, Sum:  0.0, Workers: 4
[3300.503s][debug][gc,phases      ] GC(213)     Dead                           Min: 0, Avg:  0.0, Max: 0, Diff: 0, Sum: 0, Workers: 4
[3300.503s][debug][gc,phases      ] GC(213)     Total                          Min: 0, Avg: 11.2, Max: 45, Diff: 45, Sum: 45, Workers: 4
[3300.503s][debug][gc,phases      ] GC(213)   StringDedup Table Weak         Min:  0.0, Avg:  0.0, Max:  0.0, Diff:  0.0, Sum:  0.0, Workers: 4
[3300.503s][debug][gc,phases      ] GC(213)     Dead                           Min: 0, Avg:  0.0, Max: 0, Diff: 0, Sum: 0, Workers: 4
[3300.503s][debug][gc,phases      ] GC(213)     Total                          Min: 0, Avg:  0.0, Max: 0, Diff: 0, Sum: 0, Workers: 4
[3300.503s][debug][gc,phases      ] GC(213)   StringDedup Requests0 Weak     Min:  0.0, Avg:  0.0, Max:  0.0, Diff:  0.0, Sum:  0.0, Workers: 4
[3300.503s][debug][gc,phases      ] GC(213)     Dead                           Min: 0, Avg:  0.0, Max: 0, Diff: 0, Sum: 0, Workers: 4
[3300.503s][debug][gc,phases      ] GC(213)     Total                          Min: 0, Avg:  0.0, Max: 0, Diff: 0, Sum: 0, Workers: 4
[3300.503s][debug][gc,phases      ] GC(213)   StringDedup Requests1 Weak     Min:  0.0, Avg:  0.0, Max:  0.0, Diff:  0.0, Sum:  0.0, Workers: 4
[3300.503s][debug][gc,phases      ] GC(213)     Dead                           Min: 0, Avg:  0.0, Max: 0, Diff: 0, Sum: 0, Workers: 4
[3300.503s][debug][gc,phases      ] GC(213)     Total                          Min: 0, Avg:  0.0, Max: 0, Diff: 0, Sum: 0, Workers: 4
[3300.503s][debug][gc,phases      ] GC(213)   Weak JFR Old Object Samples    Min:  0.0, Avg:  0.0, Max:  0.0, Diff:  0.0, Sum:  0.0, Workers: 4
[3300.503s][debug][gc,phases      ] GC(213)     Dead                           Min: 0, Avg:  0.0, Max: 0, Diff: 0, Sum: 0, Workers: 4
[3300.503s][debug][gc,phases      ] GC(213)     Total                          Min: 0, Avg:  0.0, Max: 0, Diff: 0, Sum: 0, Workers: 4
[3300.503s][debug][gc,phases      ] GC(213) Weak Processing 0.681ms
[3300.503s][debug][gc,age         ] GC(213) Desired survivor size 4194304 bytes, new threshold 15 (max threshold 15)
[3300.503s][info ][gc,heap        ] GC(213) PSYoungGen: 2092484K(2093568K)->2516K(2092544K) Eden: 2089984K(2089984K)->0K(2088960K) From: 2500K(3584K)->2516K(3584K)
[3300.503s][info ][gc,heap        ] GC(213) ParOldGen: 371103K(458752K)->371135K(458752K)
[3300.503s][info ][gc,metaspace   ] GC(213) Metaspace: 83577K(84672K)->83577K(84672K) NonClass: 71646K(72256K)->71646K(72256K) Class: 11931K(12416K)->11931K(12416K)
[3300.503s][info ][gc             ] GC(213) Pause Young (Allocation Failure) 2405M->364M(2491M) 8.237ms
[3300.503s][info ][gc,cpu         ] GC(213) User=0.02s Sys=0.00s Real=0.00s
[3300.503s][info ][safepoint      ] Safepoint "ParallelGCFailedAllocation", Time since last: 16598311588 ns, Reaching safepoint: 33400 ns, At safepoint: 8309745 ns, Total: 8343145 ns
[3302.504s][info ][safepoint      ] Safepoint "Cleanup", Time since last: 2000159849 ns, Reaching safepoint: 465297 ns, At safepoint: 7900 ns, Total: 473197 ns
[3304.504s][info ][safepoint      ] Safepoint "Cleanup", Time since last: 2000165066 ns, Reaching safepoint: 51899 ns, At safepoint: 2500 ns, Total: 54399 ns
[3312.505s][info ][safepoint      ] Safepoint "Cleanup", Time since last: 8000537039 ns, Reaching safepoint: 42000 ns, At safepoint: 6900 ns, Total: 48900 ns
[3316.505s][info ][safepoint      ] Safepoint "Cleanup", Time since last: 4000291906 ns, Reaching safepoint: 48100 ns, At safepoint: 2500 ns, Total: 50600 ns
[3317.099s][info ][gc,start       ] GC(214) Pause Young (Allocation Failure)
[3317.110s][debug][gc,phases      ] GC(214) Scavenge 11.376ms
[3317.110s][debug][gc,ref         ] GC(214) Skipped phase 1 of Reference Processing: no references
[3317.110s][debug][gc,ref         ] GC(214) ReferenceProcessor::execute queues: 1, RefProcThreadModel::Single, marks_oops_alive: false
[3317.110s][debug][gc,ref         ] GC(214) Skipped phase 3 of Reference Processing: no references
[3317.110s][debug][gc,ref         ] GC(214) ReferenceProcessor::execute queues: 1, RefProcThreadModel::Single, marks_oops_alive: false
[3317.110s][debug][gc,phases      ] GC(214) Reference Processing 0.127ms
[3317.111s][debug][gc,phases      ] GC(214)   VM Weak                        Min:  0.0, Avg:  0.0, Max:  0.0, Diff:  0.0, Sum:  0.0, Workers: 4
[3317.111s][debug][gc,phases      ] GC(214)     Dead                           Min: 0, Avg:  0.0, Max: 0, Diff: 0, Sum: 0, Workers: 4
[3317.111s][debug][gc,phases      ] GC(214)     Total                          Min: 0, Avg: 212.0, Max: 704, Diff: 704, Sum: 848, Workers: 4
[3317.111s][debug][gc,phases      ] GC(214)   ObjectSynchronizer Weak        Min:  0.0, Avg:  0.0, Max:  0.0, Diff:  0.0, Sum:  0.0, Workers: 4
[3317.111s][debug][gc,phases      ] GC(214)     Dead                           Min: 0, Avg:  0.0, Max: 0, Diff: 0, Sum: 0, Workers: 4
[3317.111s][debug][gc,phases      ] GC(214)     Total                          Min: 0, Avg: 14.8, Max: 59, Diff: 59, Sum: 59, Workers: 4
[3317.111s][debug][gc,phases      ] GC(214)   JVMTI Tag Weak OopStorage      Min:  0.0, Avg:  0.0, Max:  0.0, Diff:  0.0, Sum:  0.0, Workers: 4
[3317.111s][debug][gc,phases      ] GC(214)     Dead                           Min: 0, Avg:  0.0, Max: 0, Diff: 0, Sum: 0, Workers: 4
[3317.111s][debug][gc,phases      ] GC(214)     Total                          Min: 0, Avg:  0.0, Max: 0, Diff: 0, Sum: 0, Workers: 4
[3317.111s][debug][gc,phases      ] GC(214)   StringTable Weak               Min:  0.0, Avg:  0.1, Max:  0.2, Diff:  0.2, Sum:  0.4, Workers: 4
[3317.111s][debug][gc,phases      ] GC(214)     Dead                           Min: 0, Avg:  0.0, Max: 0, Diff: 0, Sum: 0, Workers: 4
[3317.111s][debug][gc,phases      ] GC(214)     Total                          Min: 0, Avg: 11222.8, Max: 22784, Diff: 22784, Sum: 44891, Workers: 4
[3317.111s][debug][gc,phases      ] GC(214)   ResolvedMethodTable Weak       Min:  0.0, Avg:  0.0, Max:  0.0, Diff:  0.0, Sum:  0.1, Workers: 4
[3317.111s][debug][gc,phases      ] GC(214)     Dead                           Min: 0, Avg:  0.0, Max: 0, Diff: 0, Sum: 0, Workers: 4
[3317.111s][debug][gc,phases      ] GC(214)     Total                          Min: 0, Avg: 2453.5, Max: 5056, Diff: 5056, Sum: 9814, Workers: 4
[3317.111s][debug][gc,phases      ] GC(214)   JNI Weak                       Min:  0.0, Avg:  0.0, Max:  0.0, Diff:  0.0, Sum:  0.0, Workers: 4
[3317.111s][debug][gc,phases      ] GC(214)     Dead                           Min: 0, Avg:  0.0, Max: 0, Diff: 0, Sum: 0, Workers: 4
[3317.111s][debug][gc,phases      ] GC(214)     Total                          Min: 0, Avg: 11.2, Max: 45, Diff: 45, Sum: 45, Workers: 4
[3317.111s][debug][gc,phases      ] GC(214)   StringDedup Table Weak         Min:  0.0, Avg:  0.0, Max:  0.0, Diff:  0.0, Sum:  0.0, Workers: 4
[3317.111s][debug][gc,phases      ] GC(214)     Dead                           Min: 0, Avg:  0.0, Max: 0, Diff: 0, Sum: 0, Workers: 4
[3317.111s][debug][gc,phases      ] GC(214)     Total                          Min: 0, Avg:  0.0, Max: 0, Diff: 0, Sum: 0, Workers: 4
[3317.111s][debug][gc,phases      ] GC(214)   StringDedup Requests0 Weak     Min:  0.0, Avg:  0.0, Max:  0.0, Diff:  0.0, Sum:  0.0, Workers: 4
[3317.111s][debug][gc,phases      ] GC(214)     Dead                           Min: 0, Avg:  0.0, Max: 0, Diff: 0, Sum: 0, Workers: 4
[3317.111s][debug][gc,phases      ] GC(214)     Total                          Min: 0, Avg:  0.0, Max: 0, Diff: 0, Sum: 0, Workers: 4
[3317.111s][debug][gc,phases      ] GC(214)   StringDedup Requests1 Weak     Min:  0.0, Avg:  0.0, Max:  0.0, Diff:  0.0, Sum:  0.0, Workers: 4
[3317.111s][debug][gc,phases      ] GC(214)     Dead                           Min: 0, Avg:  0.0, Max: 0, Diff: 0, Sum: 0, Workers: 4
[3317.111s][debug][gc,phases      ] GC(214)     Total                          Min: 0, Avg:  0.0, Max: 0, Diff: 0, Sum: 0, Workers: 4
[3317.111s][debug][gc,phases      ] GC(214)   Weak JFR Old Object Samples    Min:  0.0, Avg:  0.0, Max:  0.0, Diff:  0.0, Sum:  0.0, Workers: 4
[3317.111s][debug][gc,phases      ] GC(214)     Dead                           Min: 0, Avg:  0.0, Max: 0, Diff: 0, Sum: 0, Workers: 4
[3317.111s][debug][gc,phases      ] GC(214)     Total                          Min: 0, Avg:  0.0, Max: 0, Diff: 0, Sum: 0, Workers: 4
[3317.111s][debug][gc,phases      ] GC(214) Weak Processing 0.503ms
[3317.111s][debug][gc,age         ] GC(214) Desired survivor size 4194304 bytes, new threshold 15 (max threshold 15)
[3317.111s][info ][gc,heap        ] GC(214) PSYoungGen: 2091476K(2092544K)->2484K(2093056K) Eden: 2088960K(2088960K)->0K(2088960K) From: 2516K(3584K)->2484K(4096K)
[3317.111s][info ][gc,heap        ] GC(214) ParOldGen: 371135K(458752K)->371151K(458752K)
[3317.111s][info ][gc,metaspace   ] GC(214) Metaspace: 83605K(84672K)->83605K(84672K) NonClass: 71674K(72256K)->71674K(72256K) Class: 11931K(12416K)->11931K(12416K)
[3317.111s][info ][gc             ] GC(214) Pause Young (Allocation Failure) 2404M->364M(2492M) 12.151ms
[3317.111s][info ][gc,cpu         ] GC(214) User=0.01s Sys=0.00s Real=0.01s
[3317.111s][info ][safepoint      ] Safepoint "ParallelGCFailedAllocation", Time since last: 593552910 ns, Reaching safepoint: 43800 ns, At safepoint: 12234582 ns, Total: 12278382 ns
[3319.111s][info ][safepoint      ] Safepoint "Cleanup", Time since last: 2000149301 ns, Reaching safepoint: 40300 ns, At safepoint: 3000 ns, Total: 43300 ns
[3323.111s][info ][safepoint      ] Safepoint "Cleanup", Time since last: 4000321575 ns, Reaching safepoint: 44000 ns, At safepoint: 2500 ns, Total: 46500 ns
[3329.112s][info ][safepoint      ] Safepoint "Cleanup", Time since last: 6000417564 ns, Reaching safepoint: 42200 ns, At safepoint: 2400 ns, Total: 44600 ns
[3333.745s][info ][gc,start       ] GC(215) Pause Young (Allocation Failure)
[3333.753s][debug][gc,phases      ] GC(215) Scavenge 7.871ms
[3333.753s][debug][gc,ref         ] GC(215) Skipped phase 1 of Reference Processing: no references
[3333.753s][debug][gc,ref         ] GC(215) ReferenceProcessor::execute queues: 1, RefProcThreadModel::Single, marks_oops_alive: false
[3333.753s][debug][gc,ref         ] GC(215) Skipped phase 3 of Reference Processing: no references
[3333.753s][debug][gc,ref         ] GC(215) ReferenceProcessor::execute queues: 1, RefProcThreadModel::Single, marks_oops_alive: false
[3333.753s][debug][gc,phases      ] GC(215) Reference Processing 0.095ms
[3333.753s][debug][gc,phases      ] GC(215)   VM Weak                        Min:  0.0, Avg:  0.0, Max:  0.0, Diff:  0.0, Sum:  0.0, Workers: 4
[3333.753s][debug][gc,phases      ] GC(215)     Dead                           Min: 0, Avg:  0.0, Max: 0, Diff: 0, Sum: 0, Workers: 4
[3333.753s][debug][gc,phases      ] GC(215)     Total                          Min: 0, Avg: 212.0, Max: 640, Diff: 640, Sum: 848, Workers: 4
[3333.753s][debug][gc,phases      ] GC(215)   ObjectSynchronizer Weak        Min:  0.0, Avg:  0.0, Max:  0.0, Diff:  0.0, Sum:  0.0, Workers: 4
[3333.753s][debug][gc,phases      ] GC(215)     Dead                           Min: 0, Avg:  0.0, Max: 0, Diff: 0, Sum: 0, Workers: 4
[3333.753s][debug][gc,phases      ] GC(215)     Total                          Min: 0, Avg: 14.8, Max: 59, Diff: 59, Sum: 59, Workers: 4
[3333.753s][debug][gc,phases      ] GC(215)   JVMTI Tag Weak OopStorage      Min:  0.0, Avg:  0.0, Max:  0.0, Diff:  0.0, Sum:  0.0, Workers: 4
[3333.753s][debug][gc,phases      ] GC(215)     Dead                           Min: 0, Avg:  0.0, Max: 0, Diff: 0, Sum: 0, Workers: 4
[3333.753s][debug][gc,phases      ] GC(215)     Total                          Min: 0, Avg:  0.0, Max: 0, Diff: 0, Sum: 0, Workers: 4
[3333.753s][debug][gc,phases      ] GC(215)   StringTable Weak               Min:  0.0, Avg:  0.1, Max:  0.2, Diff:  0.2, Sum:  0.4, Workers: 4
[3333.753s][debug][gc,phases      ] GC(215)     Dead                           Min: 0, Avg:  0.0, Max: 0, Diff: 0, Sum: 0, Workers: 4
[3333.753s][debug][gc,phases      ] GC(215)     Total                          Min: 0, Avg: 11222.8, Max: 22592, Diff: 22592, Sum: 44891, Workers: 4
[3333.753s][debug][gc,phases      ] GC(215)   ResolvedMethodTable Weak       Min:  0.0, Avg:  0.0, Max:  0.0, Diff:  0.0, Sum:  0.1, Workers: 4
[3333.753s][debug][gc,phases      ] GC(215)     Dead                           Min: 0, Avg:  0.0, Max: 0, Diff: 0, Sum: 0, Workers: 4
[3333.753s][debug][gc,phases      ] GC(215)     Total                          Min: 0, Avg: 2453.5, Max: 5334, Diff: 5334, Sum: 9814, Workers: 4
[3333.753s][debug][gc,phases      ] GC(215)   JNI Weak                       Min:  0.0, Avg:  0.0, Max:  0.0, Diff:  0.0, Sum:  0.0, Workers: 4
[3333.753s][debug][gc,phases      ] GC(215)     Dead                           Min: 0, Avg:  0.0, Max: 0, Diff: 0, Sum: 0, Workers: 4
[3333.753s][debug][gc,phases      ] GC(215)     Total                          Min: 0, Avg: 11.2, Max: 45, Diff: 45, Sum: 45, Workers: 4
[3333.753s][debug][gc,phases      ] GC(215)   StringDedup Table Weak         Min:  0.0, Avg:  0.0, Max:  0.0, Diff:  0.0, Sum:  0.0, Workers: 4
[3333.753s][debug][gc,phases      ] GC(215)     Dead                           Min: 0, Avg:  0.0, Max: 0, Diff: 0, Sum: 0, Workers: 4
[3333.753s][debug][gc,phases      ] GC(215)     Total                          Min: 0, Avg:  0.0, Max: 0, Diff: 0, Sum: 0, Workers: 4
[3333.753s][debug][gc,phases      ] GC(215)   StringDedup Requests0 Weak     Min:  0.0, Avg:  0.0, Max:  0.0, Diff:  0.0, Sum:  0.0, Workers: 4
[3333.753s][debug][gc,phases      ] GC(215)     Dead                           Min: 0, Avg:  0.0, Max: 0, Diff: 0, Sum: 0, Workers: 4
[3333.753s][debug][gc,phases      ] GC(215)     Total                          Min: 0, Avg:  0.0, Max: 0, Diff: 0, Sum: 0, Workers: 4
[3333.753s][debug][gc,phases      ] GC(215)   StringDedup Requests1 Weak     Min:  0.0, Avg:  0.0, Max:  0.0, Diff:  0.0, Sum:  0.0, Workers: 4
[3333.753s][debug][gc,phases      ] GC(215)     Dead                           Min: 0, Avg:  0.0, Max: 0, Diff: 0, Sum: 0, Workers: 4
[3333.753s][debug][gc,phases      ] GC(215)     Total                          Min: 0, Avg:  0.0, Max: 0, Diff: 0, Sum: 0, Workers: 4
[3333.753s][debug][gc,phases      ] GC(215)   Weak JFR Old Object Samples    Min:  0.0, Avg:  0.0, Max:  0.0, Diff:  0.0, Sum:  0.0, Workers: 4
[3333.753s][debug][gc,phases      ] GC(215)     Dead                           Min: 0, Avg:  0.0, Max: 0, Diff: 0, Sum: 0, Workers: 4
[3333.753s][debug][gc,phases      ] GC(215)     Total                          Min: 0, Avg:  0.0, Max: 0, Diff: 0, Sum: 0, Workers: 4
[3333.753s][debug][gc,phases      ] GC(215) Weak Processing 0.388ms
[3333.753s][debug][gc,age         ] GC(215) Desired survivor size 4194304 bytes, new threshold 15 (max threshold 15)
[3333.753s][info ][gc,heap        ] GC(215) PSYoungGen: 2091444K(2093056K)->2564K(2093056K) Eden: 2088960K(2088960K)->0K(2088960K) From: 2484K(4096K)->2564K(4096K)
[3333.753s][info ][gc,heap        ] GC(215) ParOldGen: 371151K(458752K)->371167K(458752K)
[3333.753s][info ][gc,metaspace   ] GC(215) Metaspace: 83610K(84672K)->83610K(84672K) NonClass: 71678K(72256K)->71678K(72256K) Class: 11931K(12416K)->11931K(12416K)
[3333.753s][info ][gc             ] GC(215) Pause Young (Allocation Failure) 2404M->364M(2492M) 8.476ms
[3333.753s][info ][gc,cpu         ] GC(215) User=0.01s Sys=0.01s Real=0.01s
[3333.753s][info ][safepoint      ] Safepoint "ParallelGCFailedAllocation", Time since last: 4632622112 ns, Reaching safepoint: 38800 ns, At safepoint: 8547700 ns, Total: 8586500 ns
[3337.754s][info ][safepoint      ] Safepoint "Cleanup", Time since last: 4000297512 ns, Reaching safepoint: 110000 ns, At safepoint: 5900 ns, Total: 115900 ns
[3345.754s][info ][safepoint      ] Safepoint "Cleanup", Time since last: 8000597945 ns, Reaching safepoint: 39700 ns, At safepoint: 2600 ns, Total: 42300 ns
[3350.494s][info ][gc,start       ] GC(216) Pause Young (Allocation Failure)
[3350.506s][debug][gc,phases      ] GC(216) Scavenge 12.150ms
[3350.506s][debug][gc,ref         ] GC(216) Skipped phase 1 of Reference Processing: no references
[3350.506s][debug][gc,ref         ] GC(216) ReferenceProcessor::execute queues: 1, RefProcThreadModel::Single, marks_oops_alive: false
[3350.506s][debug][gc,ref         ] GC(216) Skipped phase 3 of Reference Processing: no references
[3350.506s][debug][gc,ref         ] GC(216) ReferenceProcessor::execute queues: 1, RefProcThreadModel::Single, marks_oops_alive: false
[3350.506s][debug][gc,phases      ] GC(216) Reference Processing 0.115ms
[3350.507s][debug][gc,phases      ] GC(216)   VM Weak                        Min:  0.0, Avg:  0.0, Max:  0.0, Diff:  0.0, Sum:  0.0, Workers: 4
[3350.507s][debug][gc,phases      ] GC(216)     Dead                           Min: 0, Avg:  0.0, Max: 0, Diff: 0, Sum: 0, Workers: 4
[3350.507s][debug][gc,phases      ] GC(216)     Total                          Min: 0, Avg: 212.0, Max: 528, Diff: 528, Sum: 848, Workers: 4
[3350.507s][debug][gc,phases      ] GC(216)   ObjectSynchronizer Weak        Min:  0.0, Avg:  0.0, Max:  0.0, Diff:  0.0, Sum:  0.0, Workers: 4
[3350.507s][debug][gc,phases      ] GC(216)     Dead                           Min: 0, Avg:  0.0, Max: 0, Diff: 0, Sum: 0, Workers: 4
[3350.507s][debug][gc,phases      ] GC(216)     Total                          Min: 0, Avg: 14.8, Max: 59, Diff: 59, Sum: 59, Workers: 4
[3350.507s][debug][gc,phases      ] GC(216)   JVMTI Tag Weak OopStorage      Min:  0.0, Avg:  0.0, Max:  0.0, Diff:  0.0, Sum:  0.0, Workers: 4
[3350.507s][debug][gc,phases      ] GC(216)     Dead                           Min: 0, Avg:  0.0, Max: 0, Diff: 0, Sum: 0, Workers: 4
[3350.507s][debug][gc,phases      ] GC(216)     Total                          Min: 0, Avg:  0.0, Max: 0, Diff: 0, Sum: 0, Workers: 4
[3350.507s][debug][gc,phases      ] GC(216)   StringTable Weak               Min:  0.0, Avg:  0.1, Max:  0.2, Diff:  0.2, Sum:  0.4, Workers: 4
[3350.507s][debug][gc,phases      ] GC(216)     Dead                           Min: 0, Avg:  0.0, Max: 0, Diff: 0, Sum: 0, Workers: 4
[3350.507s][debug][gc,phases      ] GC(216)     Total                          Min: 0, Avg: 11222.8, Max: 23296, Diff: 23296, Sum: 44891, Workers: 4
[3350.507s][debug][gc,phases      ] GC(216)   ResolvedMethodTable Weak       Min:  0.0, Avg:  0.0, Max:  0.0, Diff:  0.0, Sum:  0.1, Workers: 4
[3350.507s][debug][gc,phases      ] GC(216)     Dead                           Min: 0, Avg:  0.0, Max: 0, Diff: 0, Sum: 0, Workers: 4
[3350.507s][debug][gc,phases      ] GC(216)     Total                          Min: 0, Avg: 2453.5, Max: 5306, Diff: 5306, Sum: 9814, Workers: 4
[3350.507s][debug][gc,phases      ] GC(216)   JNI Weak                       Min:  0.0, Avg:  0.0, Max:  0.0, Diff:  0.0, Sum:  0.0, Workers: 4
[3350.507s][debug][gc,phases      ] GC(216)     Dead                           Min: 0, Avg:  0.0, Max: 0, Diff: 0, Sum: 0, Workers: 4
[3350.507s][debug][gc,phases      ] GC(216)     Total                          Min: 0, Avg: 11.2, Max: 45, Diff: 45, Sum: 45, Workers: 4
[3350.507s][debug][gc,phases      ] GC(216)   StringDedup Table Weak         Min:  0.0, Avg:  0.0, Max:  0.0, Diff:  0.0, Sum:  0.0, Workers: 4
[3350.507s][debug][gc,phases      ] GC(216)     Dead                           Min: 0, Avg:  0.0, Max: 0, Diff: 0, Sum: 0, Workers: 4
[3350.507s][debug][gc,phases      ] GC(216)     Total                          Min: 0, Avg:  0.0, Max: 0, Diff: 0, Sum: 0, Workers: 4
[3350.507s][debug][gc,phases      ] GC(216)   StringDedup Requests0 Weak     Min:  0.0, Avg:  0.0, Max:  0.0, Diff:  0.0, Sum:  0.0, Workers: 4
[3350.507s][debug][gc,phases      ] GC(216)     Dead                           Min: 0, Avg:  0.0, Max: 0, Diff: 0, Sum: 0, Workers: 4
[3350.507s][debug][gc,phases      ] GC(216)     Total                          Min: 0, Avg:  0.0, Max: 0, Diff: 0, Sum: 0, Workers: 4
[3350.507s][debug][gc,phases      ] GC(216)   StringDedup Requests1 Weak     Min:  0.0, Avg:  0.0, Max:  0.0, Diff:  0.0, Sum:  0.0, Workers: 4
[3350.507s][debug][gc,phases      ] GC(216)     Dead                           Min: 0, Avg:  0.0, Max: 0, Diff: 0, Sum: 0, Workers: 4
[3350.507s][debug][gc,phases      ] GC(216)     Total                          Min: 0, Avg:  0.0, Max: 0, Diff: 0, Sum: 0, Workers: 4
[3350.507s][debug][gc,phases      ] GC(216)   Weak JFR Old Object Samples    Min:  0.0, Avg:  0.0, Max:  0.0, Diff:  0.0, Sum:  0.0, Workers: 4
[3350.507s][debug][gc,phases      ] GC(216)     Dead                           Min: 0, Avg:  0.0, Max: 0, Diff: 0, Sum: 0, Workers: 4
[3350.507s][debug][gc,phases      ] GC(216)     Total                          Min: 0, Avg:  0.0, Max: 0, Diff: 0, Sum: 0, Workers: 4
[3350.507s][debug][gc,phases      ] GC(216) Weak Processing 0.505ms
[3350.507s][debug][gc,age         ] GC(216) Desired survivor size 4194304 bytes, new threshold 15 (max threshold 15)
[3350.507s][info ][gc,heap        ] GC(216) PSYoungGen: 2091524K(2093056K)->2548K(2093056K) Eden: 2088960K(2088960K)->0K(2088960K) From: 2564K(4096K)->2548K(4096K)
[3350.507s][info ][gc,heap        ] GC(216) ParOldGen: 371167K(458752K)->371183K(458752K)
[3350.507s][info ][gc,metaspace   ] GC(216) Metaspace: 83620K(84672K)->83620K(84672K) NonClass: 71688K(72256K)->71688K(72256K) Class: 11931K(12416K)->11931K(12416K)
[3350.507s][info ][gc             ] GC(216) Pause Young (Allocation Failure) 2404M->364M(2492M) 12.909ms
[3350.507s][info ][gc,cpu         ] GC(216) User=0.01s Sys=0.00s Real=0.02s
[3350.507s][info ][safepoint      ] Safepoint "ParallelGCFailedAllocation", Time since last: 4739645459 ns, Reaching safepoint: 34099 ns, At safepoint: 13001837 ns, Total: 13035936 ns
[3355.507s][info ][safepoint      ] Safepoint "Cleanup", Time since last: 5000381744 ns, Reaching safepoint: 45500 ns, At safepoint: 2700 ns, Total: 48200 ns
[3362.508s][info ][safepoint      ] Safepoint "Cleanup", Time since last: 7000489016 ns, Reaching safepoint: 52600 ns, At safepoint: 3999 ns, Total: 56599 ns
[3364.508s][info ][safepoint      ] Safepoint "Cleanup", Time since last: 2000139409 ns, Reaching safepoint: 39700 ns, At safepoint: 4300 ns, Total: 44000 ns
[3369.843s][info ][gc,start       ] GC(217) Pause Young (Allocation Failure)
[3369.850s][debug][gc,phases      ] GC(217) Scavenge 6.946ms
[3369.850s][debug][gc,ref         ] GC(217) Skipped phase 1 of Reference Processing: no references
[3369.850s][debug][gc,ref         ] GC(217) ReferenceProcessor::execute queues: 1, RefProcThreadModel::Single, marks_oops_alive: false
[3369.850s][debug][gc,ref         ] GC(217) Skipped phase 3 of Reference Processing: no references
[3369.850s][debug][gc,ref         ] GC(217) ReferenceProcessor::execute queues: 1, RefProcThreadModel::Single, marks_oops_alive: false
[3369.850s][debug][gc,phases      ] GC(217) Reference Processing 0.094ms
[3369.850s][debug][gc,phases      ] GC(217)   VM Weak                        Min:  0.0, Avg:  0.0, Max:  0.0, Diff:  0.0, Sum:  0.0, Workers: 4
[3369.850s][debug][gc,phases      ] GC(217)     Dead                           Min: 0, Avg:  0.0, Max: 0, Diff: 0, Sum: 0, Workers: 4
[3369.850s][debug][gc,phases      ] GC(217)     Total                          Min: 0, Avg: 212.0, Max: 528, Diff: 528, Sum: 848, Workers: 4
[3369.850s][debug][gc,phases      ] GC(217)   ObjectSynchronizer Weak        Min:  0.0, Avg:  0.0, Max:  0.0, Diff:  0.0, Sum:  0.0, Workers: 4
[3369.850s][debug][gc,phases      ] GC(217)     Dead                           Min: 0, Avg:  0.0, Max: 0, Diff: 0, Sum: 0, Workers: 4
[3369.850s][debug][gc,phases      ] GC(217)     Total                          Min: 0, Avg: 14.8, Max: 59, Diff: 59, Sum: 59, Workers: 4
[3369.850s][debug][gc,phases      ] GC(217)   JVMTI Tag Weak OopStorage      Min:  0.0, Avg:  0.0, Max:  0.0, Diff:  0.0, Sum:  0.0, Workers: 4
[3369.850s][debug][gc,phases      ] GC(217)     Dead                           Min: 0, Avg:  0.0, Max: 0, Diff: 0, Sum: 0, Workers: 4
[3369.850s][debug][gc,phases      ] GC(217)     Total                          Min: 0, Avg:  0.0, Max: 0, Diff: 0, Sum: 0, Workers: 4
[3369.850s][debug][gc,phases      ] GC(217)   StringTable Weak               Min:  0.0, Avg:  0.1, Max:  0.2, Diff:  0.2, Sum:  0.3, Workers: 4
[3369.850s][debug][gc,phases      ] GC(217)     Dead                           Min: 0, Avg:  0.0, Max: 0, Diff: 0, Sum: 0, Workers: 4
[3369.850s][debug][gc,phases      ] GC(217)     Total                          Min: 0, Avg: 11222.8, Max: 27392, Diff: 27392, Sum: 44891, Workers: 4
[3369.850s][debug][gc,phases      ] GC(217)   ResolvedMethodTable Weak       Min:  0.0, Avg:  0.0, Max:  0.0, Diff:  0.0, Sum:  0.1, Workers: 4
[3369.850s][debug][gc,phases      ] GC(217)     Dead                           Min: 0, Avg:  0.0, Max: 0, Diff: 0, Sum: 0, Workers: 4
[3369.850s][debug][gc,phases      ] GC(217)     Total                          Min: 0, Avg: 2453.5, Max: 5946, Diff: 5946, Sum: 9814, Workers: 4
[3369.850s][debug][gc,phases      ] GC(217)   JNI Weak                       Min:  0.0, Avg:  0.0, Max:  0.0, Diff:  0.0, Sum:  0.0, Workers: 4
[3369.850s][debug][gc,phases      ] GC(217)     Dead                           Min: 0, Avg:  0.0, Max: 0, Diff: 0, Sum: 0, Workers: 4
[3369.850s][debug][gc,phases      ] GC(217)     Total                          Min: 0, Avg: 11.2, Max: 45, Diff: 45, Sum: 45, Workers: 4
[3369.850s][debug][gc,phases      ] GC(217)   StringDedup Table Weak         Min:  0.0, Avg:  0.0, Max:  0.0, Diff:  0.0, Sum:  0.0, Workers: 4
[3369.850s][debug][gc,phases      ] GC(217)     Dead                           Min: 0, Avg:  0.0, Max: 0, Diff: 0, Sum: 0, Workers: 4
[3369.850s][debug][gc,phases      ] GC(217)     Total                          Min: 0, Avg:  0.0, Max: 0, Diff: 0, Sum: 0, Workers: 4
[3369.850s][debug][gc,phases      ] GC(217)   StringDedup Requests0 Weak     Min:  0.0, Avg:  0.0, Max:  0.0, Diff:  0.0, Sum:  0.0, Workers: 4
[3369.850s][debug][gc,phases      ] GC(217)     Dead                           Min: 0, Avg:  0.0, Max: 0, Diff: 0, Sum: 0, Workers: 4
[3369.850s][debug][gc,phases      ] GC(217)     Total                          Min: 0, Avg:  0.0, Max: 0, Diff: 0, Sum: 0, Workers: 4
[3369.850s][debug][gc,phases      ] GC(217)   StringDedup Requests1 Weak     Min:  0.0, Avg:  0.0, Max:  0.0, Diff:  0.0, Sum:  0.0, Workers: 4
[3369.850s][debug][gc,phases      ] GC(217)     Dead                           Min: 0, Avg:  0.0, Max: 0, Diff: 0, Sum: 0, Workers: 4
[3369.850s][debug][gc,phases      ] GC(217)     Total                          Min: 0, Avg:  0.0, Max: 0, Diff: 0, Sum: 0, Workers: 4
[3369.850s][debug][gc,phases      ] GC(217)   Weak JFR Old Object Samples    Min:  0.0, Avg:  0.0, Max:  0.0, Diff:  0.0, Sum:  0.0, Workers: 4
[3369.850s][debug][gc,phases      ] GC(217)     Dead                           Min: 0, Avg:  0.0, Max: 0, Diff: 0, Sum: 0, Workers: 4
[3369.850s][debug][gc,phases      ] GC(217)     Total                          Min: 0, Avg:  0.0, Max: 0, Diff: 0, Sum: 0, Workers: 4
[3369.850s][debug][gc,phases      ] GC(217) Weak Processing 0.361ms
[3369.850s][debug][gc,age         ] GC(217) Desired survivor size 4194304 bytes, new threshold 15 (max threshold 15)
[3369.850s][info ][gc,heap        ] GC(217) PSYoungGen: 2091508K(2093056K)->2820K(2093056K) Eden: 2088960K(2088960K)->0K(2088960K) From: 2548K(4096K)->2820K(4096K)
[3369.850s][info ][gc,heap        ] GC(217) ParOldGen: 371183K(458752K)->371199K(458752K)
[3369.850s][info ][gc,metaspace   ] GC(217) Metaspace: 83628K(84672K)->83628K(84672K) NonClass: 71696K(72256K)->71696K(72256K) Class: 11931K(12416K)->11931K(12416K)
[3369.850s][info ][gc             ] GC(217) Pause Young (Allocation Failure) 2404M->365M(2492M) 7.551ms
[3369.850s][info ][gc,cpu         ] GC(217) User=0.02s Sys=0.00s Real=0.01s
[3369.850s][info ][safepoint      ] Safepoint "ParallelGCFailedAllocation", Time since last: 5334445059 ns, Reaching safepoint: 45400 ns, At safepoint: 7621469 ns, Total: 7666869 ns
[3370.850s][info ][safepoint      ] Safepoint "Cleanup", Time since last: 1000082049 ns, Reaching safepoint: 51700 ns, At safepoint: 2900 ns, Total: 54600 ns
[3372.851s][info ][safepoint      ] Safepoint "Cleanup", Time since last: 2000198698 ns, Reaching safepoint: 50800 ns, At safepoint: 29400 ns, Total: 80200 ns
[3373.851s][info ][safepoint      ] Safepoint "Cleanup", Time since last: 1000099449 ns, Reaching safepoint: 35200 ns, At safepoint: 3400 ns, Total: 38600 ns
[3374.851s][info ][safepoint      ] Safepoint "Cleanup", Time since last: 1000103149 ns, Reaching safepoint: 39000 ns, At safepoint: 6600 ns, Total: 45600 ns
[3375.851s][info ][safepoint      ] Safepoint "Cleanup", Time since last: 1000119849 ns, Reaching safepoint: 113700 ns, At safepoint: 7999 ns, Total: 121699 ns
[3383.852s][info ][safepoint      ] Safepoint "Cleanup", Time since last: 8000605211 ns, Reaching safepoint: 121700 ns, At safepoint: 5400 ns, Total: 127100 ns
[3384.852s][info ][safepoint      ] Safepoint "Cleanup", Time since last: 1000126153 ns, Reaching safepoint: 119399 ns, At safepoint: 5800 ns, Total: 125199 ns
[3387.456s][info ][gc,start       ] GC(218) Pause Young (Allocation Failure)
[3387.466s][debug][gc,phases      ] GC(218) Scavenge 9.828ms
[3387.466s][debug][gc,ref         ] GC(218) Skipped phase 1 of Reference Processing: no references
[3387.466s][debug][gc,ref         ] GC(218) ReferenceProcessor::execute queues: 1, RefProcThreadModel::Single, marks_oops_alive: false
[3387.466s][debug][gc,ref         ] GC(218) Skipped phase 3 of Reference Processing: no references
[3387.466s][debug][gc,ref         ] GC(218) ReferenceProcessor::execute queues: 1, RefProcThreadModel::Single, marks_oops_alive: false
[3387.466s][debug][gc,phases      ] GC(218) Reference Processing 0.110ms
[3387.466s][debug][gc,phases      ] GC(218)   VM Weak                        Min:  0.0, Avg:  0.0, Max:  0.0, Diff:  0.0, Sum:  0.0, Workers: 4
[3387.466s][debug][gc,phases      ] GC(218)     Dead                           Min: 0, Avg:  0.0, Max: 0, Diff: 0, Sum: 0, Workers: 4
[3387.466s][debug][gc,phases      ] GC(218)     Total                          Min: 0, Avg: 212.0, Max: 336, Diff: 336, Sum: 848, Workers: 4
[3387.466s][debug][gc,phases      ] GC(218)   ObjectSynchronizer Weak        Min:  0.0, Avg:  0.0, Max:  0.0, Diff:  0.0, Sum:  0.0, Workers: 4
[3387.466s][debug][gc,phases      ] GC(218)     Dead                           Min: 0, Avg:  0.0, Max: 0, Diff: 0, Sum: 0, Workers: 4
[3387.466s][debug][gc,phases      ] GC(218)     Total                          Min: 0, Avg: 14.8, Max: 59, Diff: 59, Sum: 59, Workers: 4
[3387.466s][debug][gc,phases      ] GC(218)   JVMTI Tag Weak OopStorage      Min:  0.0, Avg:  0.0, Max:  0.0, Diff:  0.0, Sum:  0.0, Workers: 4
[3387.466s][debug][gc,phases      ] GC(218)     Dead                           Min: 0, Avg:  0.0, Max: 0, Diff: 0, Sum: 0, Workers: 4
[3387.466s][debug][gc,phases      ] GC(218)     Total                          Min: 0, Avg:  0.0, Max: 0, Diff: 0, Sum: 0, Workers: 4
[3387.466s][debug][gc,phases      ] GC(218)   StringTable Weak               Min:  0.0, Avg:  0.1, Max:  0.2, Diff:  0.2, Sum:  0.5, Workers: 4
[3387.466s][debug][gc,phases      ] GC(218)     Dead                           Min: 0, Avg:  0.0, Max: 0, Diff: 0, Sum: 0, Workers: 4
[3387.466s][debug][gc,phases      ] GC(218)     Total                          Min: 0, Avg: 11222.8, Max: 16064, Diff: 16064, Sum: 44891, Workers: 4
[3387.466s][debug][gc,phases      ] GC(218)   ResolvedMethodTable Weak       Min:  0.0, Avg:  0.0, Max:  0.0, Diff:  0.0, Sum:  0.1, Workers: 4
[3387.466s][debug][gc,phases      ] GC(218)     Dead                           Min: 0, Avg:  0.0, Max: 0, Diff: 0, Sum: 0, Workers: 4
[3387.466s][debug][gc,phases      ] GC(218)     Total                          Min: 0, Avg: 2453.5, Max: 3392, Diff: 3392, Sum: 9814, Workers: 4
[3387.466s][debug][gc,phases      ] GC(218)   JNI Weak                       Min:  0.0, Avg:  0.0, Max:  0.0, Diff:  0.0, Sum:  0.0, Workers: 4
[3387.466s][debug][gc,phases      ] GC(218)     Dead                           Min: 0, Avg:  0.0, Max: 0, Diff: 0, Sum: 0, Workers: 4
[3387.466s][debug][gc,phases      ] GC(218)     Total                          Min: 0, Avg: 11.2, Max: 45, Diff: 45, Sum: 45, Workers: 4
[3387.466s][debug][gc,phases      ] GC(218)   StringDedup Table Weak         Min:  0.0, Avg:  0.0, Max:  0.0, Diff:  0.0, Sum:  0.0, Workers: 4
[3387.466s][debug][gc,phases      ] GC(218)     Dead                           Min: 0, Avg:  0.0, Max: 0, Diff: 0, Sum: 0, Workers: 4
[3387.466s][debug][gc,phases      ] GC(218)     Total                          Min: 0, Avg:  0.0, Max: 0, Diff: 0, Sum: 0, Workers: 4
[3387.466s][debug][gc,phases      ] GC(218)   StringDedup Requests0 Weak     Min:  0.0, Avg:  0.0, Max:  0.0, Diff:  0.0, Sum:  0.0, Workers: 4
[3387.466s][debug][gc,phases      ] GC(218)     Dead                           Min: 0, Avg:  0.0, Max: 0, Diff: 0, Sum: 0, Workers: 4
[3387.466s][debug][gc,phases      ] GC(218)     Total                          Min: 0, Avg:  0.0, Max: 0, Diff: 0, Sum: 0, Workers: 4
[3387.466s][debug][gc,phases      ] GC(218)   StringDedup Requests1 Weak     Min:  0.0, Avg:  0.0, Max:  0.0, Diff:  0.0, Sum:  0.0, Workers: 4
[3387.466s][debug][gc,phases      ] GC(218)     Dead                           Min: 0, Avg:  0.0, Max: 0, Diff: 0, Sum: 0, Workers: 4
[3387.466s][debug][gc,phases      ] GC(218)     Total                          Min: 0, Avg:  0.0, Max: 0, Diff: 0, Sum: 0, Workers: 4
[3387.466s][debug][gc,phases      ] GC(218)   Weak JFR Old Object Samples    Min:  0.0, Avg:  0.0, Max:  0.0, Diff:  0.0, Sum:  0.0, Workers: 4
[3387.466s][debug][gc,phases      ] GC(218)     Dead                           Min: 0, Avg:  0.0, Max: 0, Diff: 0, Sum: 0, Workers: 4
[3387.466s][debug][gc,phases      ] GC(218)     Total                          Min: 0, Avg:  0.0, Max: 0, Diff: 0, Sum: 0, Workers: 4
[3387.466s][debug][gc,phases      ] GC(218) Weak Processing 0.402ms
[3387.466s][debug][gc,age         ] GC(218) Desired survivor size 4194304 bytes, new threshold 15 (max threshold 15)
[3387.466s][info ][gc,heap        ] GC(218) PSYoungGen: 2091780K(2093056K)->3060K(2093056K) Eden: 2088960K(2088960K)->0K(2088960K) From: 2820K(4096K)->3060K(4096K)
[3387.466s][info ][gc,heap        ] GC(218) ParOldGen: 371199K(458752K)->371215K(458752K)
[3387.466s][info ][gc,metaspace   ] GC(218) Metaspace: 83643K(84736K)->83643K(84736K) NonClass: 71712K(72320K)->71712K(72320K) Class: 11931K(12416K)->11931K(12416K)
[3387.466s][info ][gc             ] GC(218) Pause Young (Allocation Failure) 2405M->365M(2492M) 10.464ms
[3387.466s][info ][gc,cpu         ] GC(218) User=0.02s Sys=0.00s Real=0.01s
[3387.466s][info ][safepoint      ] Safepoint "ParallelGCFailedAllocation", Time since last: 2603733154 ns, Reaching safepoint: 108800 ns, At safepoint: 10549959 ns, Total: 10658759 ns
[3391.467s][info ][safepoint      ] Safepoint "Cleanup", Time since last: 4000265982 ns, Reaching safepoint: 32300 ns, At safepoint: 2400 ns, Total: 34700 ns
[3394.467s][info ][safepoint      ] Safepoint "Cleanup", Time since last: 3000246262 ns, Reaching safepoint: 40799 ns, At safepoint: 3700 ns, Total: 44499 ns
[3398.468s][info ][safepoint      ] Safepoint "Cleanup", Time since last: 4000891764 ns, Reaching safepoint: 65599 ns, At safepoint: 3100 ns, Total: 68699 ns
[3404.147s][info ][gc,start       ] GC(219) Pause Young (Allocation Failure)
[3404.158s][debug][gc,phases      ] GC(219) Scavenge 10.235ms
[3404.158s][debug][gc,ref         ] GC(219) Skipped phase 1 of Reference Processing: no references
[3404.158s][debug][gc,ref         ] GC(219) ReferenceProcessor::execute queues: 1, RefProcThreadModel::Single, marks_oops_alive: false
[3404.158s][debug][gc,ref         ] GC(219) Skipped phase 3 of Reference Processing: no references
[3404.158s][debug][gc,ref         ] GC(219) ReferenceProcessor::execute queues: 1, RefProcThreadModel::Single, marks_oops_alive: false
[3404.158s][debug][gc,phases      ] GC(219) Reference Processing 0.128ms
[3404.158s][debug][gc,phases      ] GC(219)   VM Weak                        Min:  0.0, Avg:  0.0, Max:  0.0, Diff:  0.0, Sum:  0.0, Workers: 4
[3404.158s][debug][gc,phases      ] GC(219)     Dead                           Min: 0, Avg:  0.0, Max: 0, Diff: 0, Sum: 0, Workers: 4
[3404.158s][debug][gc,phases      ] GC(219)     Total                          Min: 0, Avg: 212.0, Max: 832, Diff: 832, Sum: 848, Workers: 4
[3404.158s][debug][gc,phases      ] GC(219)   ObjectSynchronizer Weak        Min:  0.0, Avg:  0.0, Max:  0.0, Diff:  0.0, Sum:  0.0, Workers: 4
[3404.158s][debug][gc,phases      ] GC(219)     Dead                           Min: 0, Avg:  0.0, Max: 0, Diff: 0, Sum: 0, Workers: 4
[3404.158s][debug][gc,phases      ] GC(219)     Total                          Min: 0, Avg: 14.8, Max: 59, Diff: 59, Sum: 59, Workers: 4
[3404.158s][debug][gc,phases      ] GC(219)   JVMTI Tag Weak OopStorage      Min:  0.0, Avg:  0.0, Max:  0.0, Diff:  0.0, Sum:  0.0, Workers: 4
[3404.158s][debug][gc,phases      ] GC(219)     Dead                           Min: 0, Avg:  0.0, Max: 0, Diff: 0, Sum: 0, Workers: 4
[3404.158s][debug][gc,phases      ] GC(219)     Total                          Min: 0, Avg:  0.0, Max: 0, Diff: 0, Sum: 0, Workers: 4
[3404.158s][debug][gc,phases      ] GC(219)   StringTable Weak               Min:  0.0, Avg:  0.1, Max:  0.2, Diff:  0.2, Sum:  0.4, Workers: 4
[3404.158s][debug][gc,phases      ] GC(219)     Dead                           Min: 0, Avg:  0.0, Max: 0, Diff: 0, Sum: 0, Workers: 4
[3404.158s][debug][gc,phases      ] GC(219)     Total                          Min: 0, Avg: 11222.8, Max: 23360, Diff: 23360, Sum: 44891, Workers: 4
[3404.158s][debug][gc,phases      ] GC(219)   ResolvedMethodTable Weak       Min:  0.0, Avg:  0.0, Max:  0.0, Diff:  0.0, Sum:  0.1, Workers: 4
[3404.158s][debug][gc,phases      ] GC(219)     Dead                           Min: 0, Avg:  0.0, Max: 0, Diff: 0, Sum: 0, Workers: 4
[3404.158s][debug][gc,phases      ] GC(219)     Total                          Min: 0, Avg: 2453.5, Max: 4922, Diff: 4922, Sum: 9814, Workers: 4
[3404.158s][debug][gc,phases      ] GC(219)   JNI Weak                       Min:  0.0, Avg:  0.0, Max:  0.0, Diff:  0.0, Sum:  0.0, Workers: 4
[3404.158s][debug][gc,phases      ] GC(219)     Dead                           Min: 0, Avg:  0.0, Max: 0, Diff: 0, Sum: 0, Workers: 4
[3404.158s][debug][gc,phases      ] GC(219)     Total                          Min: 0, Avg: 11.2, Max: 45, Diff: 45, Sum: 45, Workers: 4
[3404.158s][debug][gc,phases      ] GC(219)   StringDedup Table Weak         Min:  0.0, Avg:  0.0, Max:  0.0, Diff:  0.0, Sum:  0.0, Workers: 4
[3404.158s][debug][gc,phases      ] GC(219)     Dead                           Min: 0, Avg:  0.0, Max: 0, Diff: 0, Sum: 0, Workers: 4
[3404.158s][debug][gc,phases      ] GC(219)     Total                          Min: 0, Avg:  0.0, Max: 0, Diff: 0, Sum: 0, Workers: 4
[3404.158s][debug][gc,phases      ] GC(219)   StringDedup Requests0 Weak     Min:  0.0, Avg:  0.0, Max:  0.0, Diff:  0.0, Sum:  0.0, Workers: 4
[3404.158s][debug][gc,phases      ] GC(219)     Dead                           Min: 0, Avg:  0.0, Max: 0, Diff: 0, Sum: 0, Workers: 4
[3404.158s][debug][gc,phases      ] GC(219)     Total                          Min: 0, Avg:  0.0, Max: 0, Diff: 0, Sum: 0, Workers: 4
[3404.158s][debug][gc,phases      ] GC(219)   StringDedup Requests1 Weak     Min:  0.0, Avg:  0.0, Max:  0.0, Diff:  0.0, Sum:  0.0, Workers: 4
[3404.158s][debug][gc,phases      ] GC(219)     Dead                           Min: 0, Avg:  0.0, Max: 0, Diff: 0, Sum: 0, Workers: 4
[3404.158s][debug][gc,phases      ] GC(219)     Total                          Min: 0, Avg:  0.0, Max: 0, Diff: 0, Sum: 0, Workers: 4
[3404.158s][debug][gc,phases      ] GC(219)   Weak JFR Old Object Samples    Min:  0.0, Avg:  0.0, Max:  0.0, Diff:  0.0, Sum:  0.0, Workers: 4
[3404.158s][debug][gc,phases      ] GC(219)     Dead                           Min: 0, Avg:  0.0, Max: 0, Diff: 0, Sum: 0, Workers: 4
[3404.158s][debug][gc,phases      ] GC(219)     Total                          Min: 0, Avg:  0.0, Max: 0, Diff: 0, Sum: 0, Workers: 4
[3404.158s][debug][gc,phases      ] GC(219) Weak Processing 0.480ms
[3404.158s][debug][gc,age         ] GC(219) Desired survivor size 4194304 bytes, new threshold 15 (max threshold 15)
[3404.158s][info ][gc,heap        ] GC(219) PSYoungGen: 2092020K(2093056K)->3012K(2093056K) Eden: 2088960K(2088960K)->0K(2088960K) From: 3060K(4096K)->3012K(4096K)
[3404.158s][info ][gc,heap        ] GC(219) ParOldGen: 371215K(458752K)->371239K(458752K)
[3404.158s][info ][gc,metaspace   ] GC(219) Metaspace: 83651K(84736K)->83651K(84736K) NonClass: 71720K(72320K)->71720K(72320K) Class: 11931K(12416K)->11931K(12416K)
[3404.158s][info ][gc             ] GC(219) Pause Young (Allocation Failure) 2405M->365M(2492M) 10.978ms
[3404.158s][info ][gc,cpu         ] GC(219) User=0.01s Sys=0.00s Real=0.01s
[3404.158s][info ][safepoint      ] Safepoint "ParallelGCFailedAllocation", Time since last: 5679389027 ns, Reaching safepoint: 24200 ns, At safepoint: 11062054 ns, Total: 11086254 ns
[3414.159s][info ][safepoint      ] Safepoint "Cleanup", Time since last: 10000614704 ns, Reaching safepoint: 38300 ns, At safepoint: 2300 ns, Total: 40600 ns
[3415.159s][info ][safepoint      ] Safepoint "Cleanup", Time since last: 1000108562 ns, Reaching safepoint: 46899 ns, At safepoint: 2400 ns, Total: 49299 ns
[3420.895s][info ][gc,start       ] GC(220) Pause Young (Allocation Failure)
[3420.906s][debug][gc,phases      ] GC(220) Scavenge 11.453ms
[3420.906s][debug][gc,ref         ] GC(220) Skipped phase 1 of Reference Processing: no references
[3420.906s][debug][gc,ref         ] GC(220) ReferenceProcessor::execute queues: 1, RefProcThreadModel::Single, marks_oops_alive: false
[3420.906s][debug][gc,ref         ] GC(220) Skipped phase 3 of Reference Processing: no references
[3420.906s][debug][gc,ref         ] GC(220) ReferenceProcessor::execute queues: 1, RefProcThreadModel::Single, marks_oops_alive: false
[3420.906s][debug][gc,phases      ] GC(220) Reference Processing 0.118ms
[3420.907s][debug][gc,phases      ] GC(220)   VM Weak                        Min:  0.0, Avg:  0.0, Max:  0.0, Diff:  0.0, Sum:  0.0, Workers: 4
[3420.907s][debug][gc,phases      ] GC(220)     Dead                           Min: 0, Avg:  0.0, Max: 0, Diff: 0, Sum: 0, Workers: 4
[3420.907s][debug][gc,phases      ] GC(220)     Total                          Min: 0, Avg: 212.0, Max: 512, Diff: 512, Sum: 848, Workers: 4
[3420.907s][debug][gc,phases      ] GC(220)   ObjectSynchronizer Weak        Min:  0.0, Avg:  0.0, Max:  0.0, Diff:  0.0, Sum:  0.0, Workers: 4
[3420.907s][debug][gc,phases      ] GC(220)     Dead                           Min: 0, Avg:  0.0, Max: 0, Diff: 0, Sum: 0, Workers: 4
[3420.907s][debug][gc,phases      ] GC(220)     Total                          Min: 0, Avg: 14.8, Max: 59, Diff: 59, Sum: 59, Workers: 4
[3420.907s][debug][gc,phases      ] GC(220)   JVMTI Tag Weak OopStorage      Min:  0.0, Avg:  0.0, Max:  0.0, Diff:  0.0, Sum:  0.0, Workers: 4
[3420.907s][debug][gc,phases      ] GC(220)     Dead                           Min: 0, Avg:  0.0, Max: 0, Diff: 0, Sum: 0, Workers: 4
[3420.907s][debug][gc,phases      ] GC(220)     Total                          Min: 0, Avg:  0.0, Max: 0, Diff: 0, Sum: 0, Workers: 4
[3420.907s][debug][gc,phases      ] GC(220)   StringTable Weak               Min:  0.0, Avg:  0.1, Max:  0.2, Diff:  0.2, Sum:  0.4, Workers: 4
[3420.907s][debug][gc,phases      ] GC(220)     Dead                           Min: 0, Avg:  0.0, Max: 0, Diff: 0, Sum: 0, Workers: 4
[3420.907s][debug][gc,phases      ] GC(220)     Total                          Min: 0, Avg: 11223.0, Max: 22556, Diff: 22556, Sum: 44892, Workers: 4
[3420.907s][debug][gc,phases      ] GC(220)   ResolvedMethodTable Weak       Min:  0.0, Avg:  0.0, Max:  0.0, Diff:  0.0, Sum:  0.1, Workers: 4
[3420.907s][debug][gc,phases      ] GC(220)     Dead                           Min: 0, Avg:  0.0, Max: 0, Diff: 0, Sum: 0, Workers: 4
[3420.907s][debug][gc,phases      ] GC(220)     Total                          Min: 0, Avg: 2453.5, Max: 5212, Diff: 5212, Sum: 9814, Workers: 4
[3420.907s][debug][gc,phases      ] GC(220)   JNI Weak                       Min:  0.0, Avg:  0.0, Max:  0.0, Diff:  0.0, Sum:  0.0, Workers: 4
[3420.907s][debug][gc,phases      ] GC(220)     Dead                           Min: 0, Avg:  0.0, Max: 0, Diff: 0, Sum: 0, Workers: 4
[3420.907s][debug][gc,phases      ] GC(220)     Total                          Min: 0, Avg: 11.2, Max: 45, Diff: 45, Sum: 45, Workers: 4
[3420.907s][debug][gc,phases      ] GC(220)   StringDedup Table Weak         Min:  0.0, Avg:  0.0, Max:  0.0, Diff:  0.0, Sum:  0.0, Workers: 4
[3420.907s][debug][gc,phases      ] GC(220)     Dead                           Min: 0, Avg:  0.0, Max: 0, Diff: 0, Sum: 0, Workers: 4
[3420.907s][debug][gc,phases      ] GC(220)     Total                          Min: 0, Avg:  0.0, Max: 0, Diff: 0, Sum: 0, Workers: 4
[3420.907s][debug][gc,phases      ] GC(220)   StringDedup Requests0 Weak     Min:  0.0, Avg:  0.0, Max:  0.0, Diff:  0.0, Sum:  0.0, Workers: 4
[3420.907s][debug][gc,phases      ] GC(220)     Dead                           Min: 0, Avg:  0.0, Max: 0, Diff: 0, Sum: 0, Workers: 4
[3420.907s][debug][gc,phases      ] GC(220)     Total                          Min: 0, Avg:  0.0, Max: 0, Diff: 0, Sum: 0, Workers: 4
[3420.907s][debug][gc,phases      ] GC(220)   StringDedup Requests1 Weak     Min:  0.0, Avg:  0.0, Max:  0.0, Diff:  0.0, Sum:  0.0, Workers: 4
[3420.907s][debug][gc,phases      ] GC(220)     Dead                           Min: 0, Avg:  0.0, Max: 0, Diff: 0, Sum: 0, Workers: 4
[3420.907s][debug][gc,phases      ] GC(220)     Total                          Min: 0, Avg:  0.0, Max: 0, Diff: 0, Sum: 0, Workers: 4
[3420.907s][debug][gc,phases      ] GC(220)   Weak JFR Old Object Samples    Min:  0.0, Avg:  0.0, Max:  0.0, Diff:  0.0, Sum:  0.0, Workers: 4
[3420.907s][debug][gc,phases      ] GC(220)     Dead                           Min: 0, Avg:  0.0, Max: 0, Diff: 0, Sum: 0, Workers: 4
[3420.907s][debug][gc,phases      ] GC(220)     Total                          Min: 0, Avg:  0.0, Max: 0, Diff: 0, Sum: 0, Workers: 4
[3420.907s][debug][gc,phases      ] GC(220) Weak Processing 0.463ms
[3420.907s][debug][gc,age         ] GC(220) Desired survivor size 4718592 bytes, new threshold 15 (max threshold 15)
[3420.907s][info ][gc,heap        ] GC(220) PSYoungGen: 2091972K(2093056K)->3028K(2092032K) Eden: 2088960K(2088960K)->0K(2088960K) From: 3012K(4096K)->3028K(3072K)
[3420.907s][info ][gc,heap        ] GC(220) ParOldGen: 371239K(458752K)->371255K(458752K)
[3420.907s][info ][gc,metaspace   ] GC(220) Metaspace: 83651K(84736K)->83651K(84736K) NonClass: 71720K(72320K)->71720K(72320K) Class: 11931K(12416K)->11931K(12416K)
[3420.907s][info ][gc             ] GC(220) Pause Young (Allocation Failure) 2405M->365M(2491M) 12.161ms
[3420.907s][info ][gc,cpu         ] GC(220) User=0.02s Sys=0.00s Real=0.01s
[3420.907s][info ][safepoint      ] Safepoint "ParallelGCFailedAllocation", Time since last: 5735205936 ns, Reaching safepoint: 24400 ns, At safepoint: 12268850 ns, Total: 12293250 ns
[3432.908s][info ][safepoint      ] Safepoint "Cleanup", Time since last: 12000696925 ns, Reaching safepoint: 42300 ns, At safepoint: 2100 ns, Total: 44400 ns
[3433.908s][info ][safepoint      ] Safepoint "Cleanup", Time since last: 1000099690 ns, Reaching safepoint: 38400 ns, At safepoint: 2400 ns, Total: 40800 ns
[3437.447s][info ][gc,start       ] GC(221) Pause Young (Allocation Failure)
[3437.455s][debug][gc,phases      ] GC(221) Scavenge 8.451ms
[3437.455s][debug][gc,ref         ] GC(221) Skipped phase 1 of Reference Processing: no references
[3437.455s][debug][gc,ref         ] GC(221) ReferenceProcessor::execute queues: 1, RefProcThreadModel::Single, marks_oops_alive: false
[3437.455s][debug][gc,ref         ] GC(221) Skipped phase 3 of Reference Processing: no references
[3437.455s][debug][gc,ref         ] GC(221) ReferenceProcessor::execute queues: 1, RefProcThreadModel::Single, marks_oops_alive: false
[3437.455s][debug][gc,phases      ] GC(221) Reference Processing 0.124ms
[3437.456s][debug][gc,phases      ] GC(221)   VM Weak                        Min:  0.0, Avg:  0.0, Max:  0.0, Diff:  0.0, Sum:  0.0, Workers: 4
[3437.456s][debug][gc,phases      ] GC(221)     Dead                           Min: 0, Avg:  0.0, Max: 0, Diff: 0, Sum: 0, Workers: 4
[3437.456s][debug][gc,phases      ] GC(221)     Total                          Min: 0, Avg: 212.0, Max: 640, Diff: 640, Sum: 848, Workers: 4
[3437.456s][debug][gc,phases      ] GC(221)   ObjectSynchronizer Weak        Min:  0.0, Avg:  0.0, Max:  0.0, Diff:  0.0, Sum:  0.0, Workers: 4
[3437.456s][debug][gc,phases      ] GC(221)     Dead                           Min: 0, Avg:  0.0, Max: 0, Diff: 0, Sum: 0, Workers: 4
[3437.456s][debug][gc,phases      ] GC(221)     Total                          Min: 0, Avg: 14.8, Max: 59, Diff: 59, Sum: 59, Workers: 4
[3437.456s][debug][gc,phases      ] GC(221)   JVMTI Tag Weak OopStorage      Min:  0.0, Avg:  0.0, Max:  0.0, Diff:  0.0, Sum:  0.0, Workers: 4
[3437.456s][debug][gc,phases      ] GC(221)     Dead                           Min: 0, Avg:  0.0, Max: 0, Diff: 0, Sum: 0, Workers: 4
[3437.456s][debug][gc,phases      ] GC(221)     Total                          Min: 0, Avg:  0.0, Max: 0, Diff: 0, Sum: 0, Workers: 4
[3437.456s][debug][gc,phases      ] GC(221)   StringTable Weak               Min:  0.0, Avg:  0.1, Max:  0.2, Diff:  0.2, Sum:  0.4, Workers: 4
[3437.456s][debug][gc,phases      ] GC(221)     Dead                           Min: 0, Avg:  0.0, Max: 0, Diff: 0, Sum: 0, Workers: 4
[3437.456s][debug][gc,phases      ] GC(221)     Total                          Min: 0, Avg: 11223.0, Max: 22620, Diff: 22620, Sum: 44892, Workers: 4
[3437.456s][debug][gc,phases      ] GC(221)   ResolvedMethodTable Weak       Min:  0.0, Avg:  0.0, Max:  0.0, Diff:  0.0, Sum:  0.1, Workers: 4
[3437.456s][debug][gc,phases      ] GC(221)     Dead                           Min: 0, Avg:  0.0, Max: 0, Diff: 0, Sum: 0, Workers: 4
[3437.456s][debug][gc,phases      ] GC(221)     Total                          Min: 0, Avg: 2453.5, Max: 5178, Diff: 5178, Sum: 9814, Workers: 4
[3437.456s][debug][gc,phases      ] GC(221)   JNI Weak                       Min:  0.0, Avg:  0.0, Max:  0.0, Diff:  0.0, Sum:  0.0, Workers: 4
[3437.456s][debug][gc,phases      ] GC(221)     Dead                           Min: 0, Avg:  0.0, Max: 0, Diff: 0, Sum: 0, Workers: 4
[3437.456s][debug][gc,phases      ] GC(221)     Total                          Min: 0, Avg: 11.2, Max: 45, Diff: 45, Sum: 45, Workers: 4
[3437.456s][debug][gc,phases      ] GC(221)   StringDedup Table Weak         Min:  0.0, Avg:  0.0, Max:  0.0, Diff:  0.0, Sum:  0.0, Workers: 4
[3437.456s][debug][gc,phases      ] GC(221)     Dead                           Min: 0, Avg:  0.0, Max: 0, Diff: 0, Sum: 0, Workers: 4
[3437.456s][debug][gc,phases      ] GC(221)     Total                          Min: 0, Avg:  0.0, Max: 0, Diff: 0, Sum: 0, Workers: 4
[3437.456s][debug][gc,phases      ] GC(221)   StringDedup Requests0 Weak     Min:  0.0, Avg:  0.0, Max:  0.0, Diff:  0.0, Sum:  0.0, Workers: 4
[3437.456s][debug][gc,phases      ] GC(221)     Dead                           Min: 0, Avg:  0.0, Max: 0, Diff: 0, Sum: 0, Workers: 4
[3437.456s][debug][gc,phases      ] GC(221)     Total                          Min: 0, Avg:  0.0, Max: 0, Diff: 0, Sum: 0, Workers: 4
[3437.456s][debug][gc,phases      ] GC(221)   StringDedup Requests1 Weak     Min:  0.0, Avg:  0.0, Max:  0.0, Diff:  0.0, Sum:  0.0, Workers: 4
[3437.456s][debug][gc,phases      ] GC(221)     Dead                           Min: 0, Avg:  0.0, Max: 0, Diff: 0, Sum: 0, Workers: 4
[3437.456s][debug][gc,phases      ] GC(221)     Total                          Min: 0, Avg:  0.0, Max: 0, Diff: 0, Sum: 0, Workers: 4
[3437.456s][debug][gc,phases      ] GC(221)   Weak JFR Old Object Samples    Min:  0.0, Avg:  0.0, Max:  0.0, Diff:  0.0, Sum:  0.0, Workers: 4
[3437.456s][debug][gc,phases      ] GC(221)     Dead                           Min: 0, Avg:  0.0, Max: 0, Diff: 0, Sum: 0, Workers: 4
[3437.456s][debug][gc,phases      ] GC(221)     Total                          Min: 0, Avg:  0.0, Max: 0, Diff: 0, Sum: 0, Workers: 4
[3437.456s][debug][gc,phases      ] GC(221) Weak Processing 0.472ms
[3437.456s][debug][gc,age         ] GC(221) Desired survivor size 4194304 bytes, new threshold 15 (max threshold 15)
[3437.456s][info ][gc,heap        ] GC(221) PSYoungGen: 2091988K(2092032K)->1616K(2093056K) Eden: 2088960K(2088960K)->0K(2088448K) From: 3028K(3072K)->1616K(4608K)
[3437.456s][info ][gc,heap        ] GC(221) ParOldGen: 371255K(458752K)->372667K(458752K)
[3437.456s][info ][gc,metaspace   ] GC(221) Metaspace: 83672K(84736K)->83672K(84736K) NonClass: 71739K(72320K)->71739K(72320K) Class: 11932K(12416K)->11932K(12416K)
[3437.456s][info ][gc             ] GC(221) Pause Young (Allocation Failure) 2405M->365M(2492M) 9.167ms
[3437.456s][info ][gc,cpu         ] GC(221) User=0.02s Sys=0.00s Real=0.01s
[3437.456s][info ][safepoint      ] Safepoint "ParallelGCFailedAllocation", Time since last: 3538906204 ns, Reaching safepoint: 38100 ns, At safepoint: 9246662 ns, Total: 9284762 ns
[3445.456s][info ][safepoint      ] Safepoint "Cleanup", Time since last: 8000498075 ns, Reaching safepoint: 50300 ns, At safepoint: 4800 ns, Total: 55100 ns
[3450.457s][info ][safepoint      ] Safepoint "Cleanup", Time since last: 5000393768 ns, Reaching safepoint: 34900 ns, At safepoint: 3400 ns, Total: 38300 ns
[3455.457s][info ][safepoint      ] Safepoint "Cleanup", Time since last: 5000376256 ns, Reaching safepoint: 44100 ns, At safepoint: 3600 ns, Total: 47700 ns
[3455.801s][info ][gc,start       ] GC(222) Pause Young (Allocation Failure)
[3455.811s][debug][gc,phases      ] GC(222) Scavenge 9.660ms
[3455.811s][debug][gc,ref         ] GC(222) Skipped phase 1 of Reference Processing: no references
[3455.811s][debug][gc,ref         ] GC(222) ReferenceProcessor::execute queues: 1, RefProcThreadModel::Single, marks_oops_alive: false
[3455.811s][debug][gc,ref         ] GC(222) Skipped phase 3 of Reference Processing: no references
[3455.811s][debug][gc,ref         ] GC(222) ReferenceProcessor::execute queues: 1, RefProcThreadModel::Single, marks_oops_alive: false
[3455.811s][debug][gc,phases      ] GC(222) Reference Processing 0.114ms
[3455.811s][debug][gc,phases      ] GC(222)   VM Weak                        Min:  0.0, Avg:  0.0, Max:  0.0, Diff:  0.0, Sum:  0.0, Workers: 4
[3455.811s][debug][gc,phases      ] GC(222)     Dead                           Min: 0, Avg:  0.0, Max: 0, Diff: 0, Sum: 0, Workers: 4
[3455.811s][debug][gc,phases      ] GC(222)     Total                          Min: 0, Avg: 212.0, Max: 848, Diff: 848, Sum: 848, Workers: 4
[3455.811s][debug][gc,phases      ] GC(222)   ObjectSynchronizer Weak        Min:  0.0, Avg:  0.0, Max:  0.0, Diff:  0.0, Sum:  0.0, Workers: 4
[3455.811s][debug][gc,phases      ] GC(222)     Dead                           Min: 0, Avg:  0.0, Max: 0, Diff: 0, Sum: 0, Workers: 4
[3455.811s][debug][gc,phases      ] GC(222)     Total                          Min: 0, Avg: 14.8, Max: 59, Diff: 59, Sum: 59, Workers: 4
[3455.811s][debug][gc,phases      ] GC(222)   JVMTI Tag Weak OopStorage      Min:  0.0, Avg:  0.0, Max:  0.0, Diff:  0.0, Sum:  0.0, Workers: 4
[3455.811s][debug][gc,phases      ] GC(222)     Dead                           Min: 0, Avg:  0.0, Max: 0, Diff: 0, Sum: 0, Workers: 4
[3455.811s][debug][gc,phases      ] GC(222)     Total                          Min: 0, Avg:  0.0, Max: 0, Diff: 0, Sum: 0, Workers: 4
[3455.811s][debug][gc,phases      ] GC(222)   StringTable Weak               Min:  0.0, Avg:  0.1, Max:  0.2, Diff:  0.2, Sum:  0.4, Workers: 4
[3455.811s][debug][gc,phases      ] GC(222)     Dead                           Min: 0, Avg:  0.0, Max: 0, Diff: 0, Sum: 0, Workers: 4
[3455.811s][debug][gc,phases      ] GC(222)     Total                          Min: 0, Avg: 11223.0, Max: 25664, Diff: 25664, Sum: 44892, Workers: 4
[3455.811s][debug][gc,phases      ] GC(222)   ResolvedMethodTable Weak       Min:  0.0, Avg:  0.0, Max:  0.0, Diff:  0.0, Sum:  0.1, Workers: 4
[3455.811s][debug][gc,phases      ] GC(222)     Dead                           Min: 0, Avg:  0.0, Max: 0, Diff: 0, Sum: 0, Workers: 4
[3455.811s][debug][gc,phases      ] GC(222)     Total                          Min: 0, Avg: 2453.5, Max: 5014, Diff: 5014, Sum: 9814, Workers: 4
[3455.811s][debug][gc,phases      ] GC(222)   JNI Weak                       Min:  0.0, Avg:  0.0, Max:  0.0, Diff:  0.0, Sum:  0.0, Workers: 4
[3455.811s][debug][gc,phases      ] GC(222)     Dead                           Min: 0, Avg:  0.0, Max: 0, Diff: 0, Sum: 0, Workers: 4
[3455.811s][debug][gc,phases      ] GC(222)     Total                          Min: 0, Avg: 11.2, Max: 45, Diff: 45, Sum: 45, Workers: 4
[3455.811s][debug][gc,phases      ] GC(222)   StringDedup Table Weak         Min:  0.0, Avg:  0.0, Max:  0.0, Diff:  0.0, Sum:  0.0, Workers: 4
[3455.811s][debug][gc,phases      ] GC(222)     Dead                           Min: 0, Avg:  0.0, Max: 0, Diff: 0, Sum: 0, Workers: 4
[3455.811s][debug][gc,phases      ] GC(222)     Total                          Min: 0, Avg:  0.0, Max: 0, Diff: 0, Sum: 0, Workers: 4
[3455.812s][debug][gc,phases      ] GC(222)   StringDedup Requests0 Weak     Min:  0.0, Avg:  0.0, Max:  0.0, Diff:  0.0, Sum:  0.0, Workers: 4
[3455.812s][debug][gc,phases      ] GC(222)     Dead                           Min: 0, Avg:  0.0, Max: 0, Diff: 0, Sum: 0, Workers: 4
[3455.812s][debug][gc,phases      ] GC(222)     Total                          Min: 0, Avg:  0.0, Max: 0, Diff: 0, Sum: 0, Workers: 4
[3455.812s][debug][gc,phases      ] GC(222)   StringDedup Requests1 Weak     Min:  0.0, Avg:  0.0, Max:  0.0, Diff:  0.0, Sum:  0.0, Workers: 4
[3455.812s][debug][gc,phases      ] GC(222)     Dead                           Min: 0, Avg:  0.0, Max: 0, Diff: 0, Sum: 0, Workers: 4
[3455.812s][debug][gc,phases      ] GC(222)     Total                          Min: 0, Avg:  0.0, Max: 0, Diff: 0, Sum: 0, Workers: 4
[3455.812s][debug][gc,phases      ] GC(222)   Weak JFR Old Object Samples    Min:  0.0, Avg:  0.0, Max:  0.0, Diff:  0.0, Sum:  0.0, Workers: 4
[3455.812s][debug][gc,phases      ] GC(222)     Dead                           Min: 0, Avg:  0.0, Max: 0, Diff: 0, Sum: 0, Workers: 4
[3455.812s][debug][gc,phases      ] GC(222)     Total                          Min: 0, Avg:  0.0, Max: 0, Diff: 0, Sum: 0, Workers: 4
[3455.812s][debug][gc,phases      ] GC(222) Weak Processing 0.498ms
[3455.812s][debug][gc,age         ] GC(222) Desired survivor size 4194304 bytes, new threshold 15 (max threshold 15)
[3455.812s][info ][gc,heap        ] GC(222) PSYoungGen: 2090064K(2093056K)->1632K(2092544K) Eden: 2088448K(2088448K)->0K(2088448K) From: 1616K(4608K)->1632K(4096K)
[3455.812s][info ][gc,heap        ] GC(222) ParOldGen: 372667K(458752K)->372699K(458752K)
[3455.812s][info ][gc,metaspace   ] GC(222) Metaspace: 83672K(84736K)->83672K(84736K) NonClass: 71739K(72320K)->71739K(72320K) Class: 11932K(12416K)->11932K(12416K)
[3455.812s][info ][gc             ] GC(222) Pause Young (Allocation Failure) 2405M->365M(2491M) 10.402ms
[3455.812s][info ][gc,cpu         ] GC(222) User=0.01s Sys=0.01s Real=0.01s
[3455.812s][info ][safepoint      ] Safepoint "ParallelGCFailedAllocation", Time since last: 343760153 ns, Reaching safepoint: 114899 ns, At safepoint: 10494759 ns, Total: 10609658 ns
[3460.201s][info ][safepoint      ] Safepoint "Cleanup", Time since last: 4389763642 ns, Reaching safepoint: 54400 ns, At safepoint: 3000 ns, Total: 57400 ns
[3465.206s][info ][safepoint      ] Safepoint "Cleanup", Time since last: 5004833102 ns, Reaching safepoint: 49800 ns, At safepoint: 7400 ns, Total: 57200 ns
[3471.793s][info ][gc,start       ] GC(223) Pause Young (Allocation Failure)
[3471.801s][debug][gc,phases      ] GC(223) Scavenge 7.519ms
[3471.801s][debug][gc,ref         ] GC(223) Skipped phase 1 of Reference Processing: no references
[3471.801s][debug][gc,ref         ] GC(223) ReferenceProcessor::execute queues: 1, RefProcThreadModel::Single, marks_oops_alive: false
[3471.801s][debug][gc,ref         ] GC(223) Skipped phase 3 of Reference Processing: no references
[3471.801s][debug][gc,ref         ] GC(223) ReferenceProcessor::execute queues: 1, RefProcThreadModel::Single, marks_oops_alive: false
[3471.801s][debug][gc,phases      ] GC(223) Reference Processing 0.132ms
[3471.801s][debug][gc,phases      ] GC(223)   VM Weak                        Min:  0.0, Avg:  0.0, Max:  0.0, Diff:  0.0, Sum:  0.0, Workers: 4
[3471.801s][debug][gc,phases      ] GC(223)     Dead                           Min: 0, Avg:  0.0, Max: 0, Diff: 0, Sum: 0, Workers: 4
[3471.801s][debug][gc,phases      ] GC(223)     Total                          Min: 0, Avg: 212.0, Max: 848, Diff: 848, Sum: 848, Workers: 4
[3471.801s][debug][gc,phases      ] GC(223)   ObjectSynchronizer Weak        Min:  0.0, Avg:  0.0, Max:  0.0, Diff:  0.0, Sum:  0.0, Workers: 4
[3471.801s][debug][gc,phases      ] GC(223)     Dead                           Min: 0, Avg:  0.0, Max: 0, Diff: 0, Sum: 0, Workers: 4
[3471.801s][debug][gc,phases      ] GC(223)     Total                          Min: 0, Avg: 14.8, Max: 59, Diff: 59, Sum: 59, Workers: 4
[3471.801s][debug][gc,phases      ] GC(223)   JVMTI Tag Weak OopStorage      Min:  0.0, Avg:  0.0, Max:  0.0, Diff:  0.0, Sum:  0.0, Workers: 4
[3471.801s][debug][gc,phases      ] GC(223)     Dead                           Min: 0, Avg:  0.0, Max: 0, Diff: 0, Sum: 0, Workers: 4
[3471.801s][debug][gc,phases      ] GC(223)     Total                          Min: 0, Avg:  0.0, Max: 0, Diff: 0, Sum: 0, Workers: 4
[3471.801s][debug][gc,phases      ] GC(223)   StringTable Weak               Min:  0.0, Avg:  0.1, Max:  0.3, Diff:  0.3, Sum:  0.3, Workers: 4
[3471.801s][debug][gc,phases      ] GC(223)     Dead                           Min: 0, Avg:  0.0, Max: 0, Diff: 0, Sum: 0, Workers: 4
[3471.801s][debug][gc,phases      ] GC(223)     Total                          Min: 0, Avg: 11223.0, Max: 44892, Diff: 44892, Sum: 44892, Workers: 4
[3471.801s][debug][gc,phases      ] GC(223)   ResolvedMethodTable Weak       Min:  0.0, Avg:  0.0, Max:  0.1, Diff:  0.1, Sum:  0.1, Workers: 4
[3471.801s][debug][gc,phases      ] GC(223)     Dead                           Min: 0, Avg:  0.0, Max: 0, Diff: 0, Sum: 0, Workers: 4
[3471.801s][debug][gc,phases      ] GC(223)     Total                          Min: 0, Avg: 2453.5, Max: 9814, Diff: 9814, Sum: 9814, Workers: 4
[3471.801s][debug][gc,phases      ] GC(223)   JNI Weak                       Min:  0.0, Avg:  0.0, Max:  0.0, Diff:  0.0, Sum:  0.0, Workers: 4
[3471.801s][debug][gc,phases      ] GC(223)     Dead                           Min: 0, Avg:  0.0, Max: 0, Diff: 0, Sum: 0, Workers: 4
[3471.801s][debug][gc,phases      ] GC(223)     Total                          Min: 0, Avg: 11.2, Max: 45, Diff: 45, Sum: 45, Workers: 4
[3471.801s][debug][gc,phases      ] GC(223)   StringDedup Table Weak         Min:  0.0, Avg:  0.0, Max:  0.0, Diff:  0.0, Sum:  0.0, Workers: 4
[3471.801s][debug][gc,phases      ] GC(223)     Dead                           Min: 0, Avg:  0.0, Max: 0, Diff: 0, Sum: 0, Workers: 4
[3471.801s][debug][gc,phases      ] GC(223)     Total                          Min: 0, Avg:  0.0, Max: 0, Diff: 0, Sum: 0, Workers: 4
[3471.801s][debug][gc,phases      ] GC(223)   StringDedup Requests0 Weak     Min:  0.0, Avg:  0.0, Max:  0.0, Diff:  0.0, Sum:  0.0, Workers: 4
[3471.801s][debug][gc,phases      ] GC(223)     Dead                           Min: 0, Avg:  0.0, Max: 0, Diff: 0, Sum: 0, Workers: 4
[3471.801s][debug][gc,phases      ] GC(223)     Total                          Min: 0, Avg:  0.0, Max: 0, Diff: 0, Sum: 0, Workers: 4
[3471.801s][debug][gc,phases      ] GC(223)   StringDedup Requests1 Weak     Min:  0.0, Avg:  0.0, Max:  0.0, Diff:  0.0, Sum:  0.0, Workers: 4
[3471.801s][debug][gc,phases      ] GC(223)     Dead                           Min: 0, Avg:  0.0, Max: 0, Diff: 0, Sum: 0, Workers: 4
[3471.801s][debug][gc,phases      ] GC(223)     Total                          Min: 0, Avg:  0.0, Max: 0, Diff: 0, Sum: 0, Workers: 4
[3471.801s][debug][gc,phases      ] GC(223)   Weak JFR Old Object Samples    Min:  0.0, Avg:  0.0, Max:  0.0, Diff:  0.0, Sum:  0.0, Workers: 4
[3471.801s][debug][gc,phases      ] GC(223)     Dead                           Min: 0, Avg:  0.0, Max: 0, Diff: 0, Sum: 0, Workers: 4
[3471.801s][debug][gc,phases      ] GC(223)     Total                          Min: 0, Avg:  0.0, Max: 0, Diff: 0, Sum: 0, Workers: 4
[3471.801s][debug][gc,phases      ] GC(223) Weak Processing 0.656ms
[3471.801s][debug][gc,age         ] GC(223) Desired survivor size 4194304 bytes, new threshold 15 (max threshold 15)
[3471.801s][info ][gc,heap        ] GC(223) PSYoungGen: 2090080K(2092544K)->1568K(2093056K) Eden: 2088448K(2088448K)->0K(2088960K) From: 1632K(4096K)->1568K(4096K)
[3471.801s][info ][gc,heap        ] GC(223) ParOldGen: 372699K(458752K)->372707K(458752K)
[3471.801s][info ][gc,metaspace   ] GC(223) Metaspace: 83676K(84736K)->83676K(84736K) NonClass: 71743K(72320K)->71743K(72320K) Class: 11932K(12416K)->11932K(12416K)
[3471.801s][info ][gc             ] GC(223) Pause Young (Allocation Failure) 2405M->365M(2492M) 8.433ms
[3471.801s][info ][gc,cpu         ] GC(223) User=0.02s Sys=0.00s Real=0.01s
[3471.802s][info ][safepoint      ] Safepoint "ParallelGCFailedAllocation", Time since last: 6586601430 ns, Reaching safepoint: 38300 ns, At safepoint: 8510665 ns, Total: 8548965 ns
[3486.803s][info ][safepoint      ] Safepoint "Cleanup", Time since last: 15001096981 ns, Reaching safepoint: 43500 ns, At safepoint: 3800 ns, Total: 47300 ns
[3488.093s][info ][gc,start       ] GC(224) Pause Young (Allocation Failure)
[3488.096s][debug][gc,phases      ] GC(224) Scavenge 2.813ms
[3488.096s][debug][gc,ref         ] GC(224) Skipped phase 1 of Reference Processing: no references
[3488.096s][debug][gc,ref         ] GC(224) ReferenceProcessor::execute queues: 1, RefProcThreadModel::Single, marks_oops_alive: false
[3488.096s][debug][gc,ref         ] GC(224) Skipped phase 3 of Reference Processing: no references
[3488.096s][debug][gc,ref         ] GC(224) ReferenceProcessor::execute queues: 1, RefProcThreadModel::Single, marks_oops_alive: false
[3488.096s][debug][gc,phases      ] GC(224) Reference Processing 0.116ms
[3488.102s][debug][gc,phases      ] GC(224)   VM Weak                        Min:  0.0, Avg:  0.0, Max:  0.0, Diff:  0.0, Sum:  0.0, Workers: 4
[3488.102s][debug][gc,phases      ] GC(224)     Dead                           Min: 0, Avg:  0.0, Max: 0, Diff: 0, Sum: 0, Workers: 4
[3488.102s][debug][gc,phases      ] GC(224)     Total                          Min: 0, Avg: 212.0, Max: 656, Diff: 656, Sum: 848, Workers: 4
[3488.102s][debug][gc,phases      ] GC(224)   ObjectSynchronizer Weak        Min:  0.0, Avg:  0.0, Max:  0.0, Diff:  0.0, Sum:  0.0, Workers: 4
[3488.102s][debug][gc,phases      ] GC(224)     Dead                           Min: 0, Avg:  0.0, Max: 0, Diff: 0, Sum: 0, Workers: 4
[3488.102s][debug][gc,phases      ] GC(224)     Total                          Min: 0, Avg: 14.8, Max: 59, Diff: 59, Sum: 59, Workers: 4
[3488.102s][debug][gc,phases      ] GC(224)   JVMTI Tag Weak OopStorage      Min:  0.0, Avg:  0.0, Max:  0.0, Diff:  0.0, Sum:  0.0, Workers: 4
[3488.102s][debug][gc,phases      ] GC(224)     Dead                           Min: 0, Avg:  0.0, Max: 0, Diff: 0, Sum: 0, Workers: 4
[3488.102s][debug][gc,phases      ] GC(224)     Total                          Min: 0, Avg:  0.0, Max: 0, Diff: 0, Sum: 0, Workers: 4
[3488.102s][debug][gc,phases      ] GC(224)   StringTable Weak               Min:  0.1, Avg:  0.1, Max:  0.1, Diff:  0.0, Sum:  0.4, Workers: 4
[3488.102s][debug][gc,phases      ] GC(224)     Dead                           Min: 0, Avg:  0.0, Max: 0, Diff: 0, Sum: 0, Workers: 4
[3488.102s][debug][gc,phases      ] GC(224)     Total                          Min: 10816, Avg: 11223.0, Max: 11584, Diff: 768, Sum: 44892, Workers: 4
[3488.102s][debug][gc,phases      ] GC(224)   ResolvedMethodTable Weak       Min:  0.0, Avg:  0.0, Max:  0.0, Diff:  0.0, Sum:  0.1, Workers: 4
[3488.102s][debug][gc,phases      ] GC(224)     Dead                           Min: 0, Avg:  0.0, Max: 0, Diff: 0, Sum: 0, Workers: 4
[3488.102s][debug][gc,phases      ] GC(224)     Total                          Min: 2234, Avg: 2453.5, Max: 2624, Diff: 390, Sum: 9814, Workers: 4
[3488.102s][debug][gc,phases      ] GC(224)   JNI Weak                       Min:  0.0, Avg:  0.0, Max:  0.0, Diff:  0.0, Sum:  0.0, Workers: 4
[3488.102s][debug][gc,phases      ] GC(224)     Dead                           Min: 0, Avg:  0.0, Max: 0, Diff: 0, Sum: 0, Workers: 4
[3488.102s][debug][gc,phases      ] GC(224)     Total                          Min: 0, Avg: 11.2, Max: 45, Diff: 45, Sum: 45, Workers: 4
[3488.102s][debug][gc,phases      ] GC(224)   StringDedup Table Weak         Min:  0.0, Avg:  0.0, Max:  0.0, Diff:  0.0, Sum:  0.0, Workers: 4
[3488.102s][debug][gc,phases      ] GC(224)     Dead                           Min: 0, Avg:  0.0, Max: 0, Diff: 0, Sum: 0, Workers: 4
[3488.102s][debug][gc,phases      ] GC(224)     Total                          Min: 0, Avg:  0.0, Max: 0, Diff: 0, Sum: 0, Workers: 4
[3488.102s][debug][gc,phases      ] GC(224)   StringDedup Requests0 Weak     Min:  0.0, Avg:  0.0, Max:  0.0, Diff:  0.0, Sum:  0.0, Workers: 4
[3488.102s][debug][gc,phases      ] GC(224)     Dead                           Min: 0, Avg:  0.0, Max: 0, Diff: 0, Sum: 0, Workers: 4
[3488.102s][debug][gc,phases      ] GC(224)     Total                          Min: 0, Avg:  0.0, Max: 0, Diff: 0, Sum: 0, Workers: 4
[3488.102s][debug][gc,phases      ] GC(224)   StringDedup Requests1 Weak     Min:  0.0, Avg:  0.0, Max:  0.0, Diff:  0.0, Sum:  0.0, Workers: 4
[3488.102s][debug][gc,phases      ] GC(224)     Dead                           Min: 0, Avg:  0.0, Max: 0, Diff: 0, Sum: 0, Workers: 4
[3488.102s][debug][gc,phases      ] GC(224)     Total                          Min: 0, Avg:  0.0, Max: 0, Diff: 0, Sum: 0, Workers: 4
[3488.102s][debug][gc,phases      ] GC(224)   Weak JFR Old Object Samples    Min:  0.0, Avg:  0.0, Max:  0.0, Diff:  0.0, Sum:  0.0, Workers: 4
[3488.102s][debug][gc,phases      ] GC(224)     Dead                           Min: 0, Avg:  0.0, Max: 0, Diff: 0, Sum: 0, Workers: 4
[3488.102s][debug][gc,phases      ] GC(224)     Total                          Min: 0, Avg:  0.0, Max: 0, Diff: 0, Sum: 0, Workers: 4
[3488.102s][debug][gc,phases      ] GC(224) Weak Processing 6.379ms
[3488.102s][debug][gc,age         ] GC(224) Desired survivor size 4194304 bytes, new threshold 15 (max threshold 15)
[3488.102s][info ][gc,heap        ] GC(224) PSYoungGen: 2090528K(2093056K)->1680K(2093056K) Eden: 2088960K(2088960K)->0K(2088960K) From: 1568K(4096K)->1680K(4096K)
[3488.102s][info ][gc,heap        ] GC(224) ParOldGen: 372707K(458752K)->372715K(458752K)
[3488.102s][info ][gc,metaspace   ] GC(224) Metaspace: 83676K(84736K)->83676K(84736K) NonClass: 71743K(72320K)->71743K(72320K) Class: 11932K(12416K)->11932K(12416K)
[3488.102s][info ][gc             ] GC(224) Pause Young (Allocation Failure) 2405M->365M(2492M) 9.423ms
[3488.102s][info ][gc,cpu         ] GC(224) User=0.01s Sys=0.00s Real=0.01s
[3488.102s][info ][safepoint      ] Safepoint "ParallelGCFailedAllocation", Time since last: 1290201518 ns, Reaching safepoint: 29800 ns, At safepoint: 9513161 ns, Total: 9542961 ns
[3491.103s][info ][safepoint      ] Safepoint "Cleanup", Time since last: 3000223517 ns, Reaching safepoint: 34800 ns, At safepoint: 3200 ns, Total: 38000 ns
[3498.106s][info ][safepoint      ] Safepoint "Cleanup", Time since last: 7000491748 ns, Reaching safepoint: 3199987 ns, At safepoint: 9500 ns, Total: 3209487 ns
[3504.300s][info ][safepoint      ] Safepoint "ParallelGCFailedAllocation", Time since last: 6193821648 ns, Reaching safepoint: 106399 ns, At safepoint: 13100 ns, Total: 119499 ns
[3504.301s][info ][gc,start       ] GC(225) Pause Young (GCLocker Initiated GC)
[3504.305s][debug][gc,phases      ] GC(225) Scavenge 4.707ms
[3504.305s][debug][gc,ref         ] GC(225) Skipped phase 1 of Reference Processing: no references
[3504.305s][debug][gc,ref         ] GC(225) ReferenceProcessor::execute queues: 1, RefProcThreadModel::Single, marks_oops_alive: false
[3504.305s][debug][gc,ref         ] GC(225) Skipped phase 3 of Reference Processing: no references
[3504.305s][debug][gc,ref         ] GC(225) ReferenceProcessor::execute queues: 1, RefProcThreadModel::Single, marks_oops_alive: false
[3504.305s][debug][gc,phases      ] GC(225) Reference Processing 0.108ms
[3504.306s][debug][gc,phases      ] GC(225)   VM Weak                        Min:  0.0, Avg:  0.0, Max:  0.0, Diff:  0.0, Sum:  0.0, Workers: 4
[3504.306s][debug][gc,phases      ] GC(225)     Dead                           Min: 0, Avg:  0.0, Max: 0, Diff: 0, Sum: 0, Workers: 4
[3504.306s][debug][gc,phases      ] GC(225)     Total                          Min: 0, Avg: 212.0, Max: 784, Diff: 784, Sum: 848, Workers: 4
[3504.306s][debug][gc,phases      ] GC(225)   ObjectSynchronizer Weak        Min:  0.0, Avg:  0.0, Max:  0.0, Diff:  0.0, Sum:  0.0, Workers: 4
[3504.306s][debug][gc,phases      ] GC(225)     Dead                           Min: 0, Avg:  0.0, Max: 0, Diff: 0, Sum: 0, Workers: 4
[3504.306s][debug][gc,phases      ] GC(225)     Total                          Min: 0, Avg: 14.8, Max: 59, Diff: 59, Sum: 59, Workers: 4
[3504.306s][debug][gc,phases      ] GC(225)   JVMTI Tag Weak OopStorage      Min:  0.0, Avg:  0.0, Max:  0.0, Diff:  0.0, Sum:  0.0, Workers: 4
[3504.306s][debug][gc,phases      ] GC(225)     Dead                           Min: 0, Avg:  0.0, Max: 0, Diff: 0, Sum: 0, Workers: 4
[3504.306s][debug][gc,phases      ] GC(225)     Total                          Min: 0, Avg:  0.0, Max: 0, Diff: 0, Sum: 0, Workers: 4
[3504.306s][debug][gc,phases      ] GC(225)   StringTable Weak               Min:  0.0, Avg:  0.1, Max:  0.1, Diff:  0.1, Sum:  0.3, Workers: 4
[3504.306s][debug][gc,phases      ] GC(225)     Dead                           Min: 0, Avg:  0.0, Max: 0, Diff: 0, Sum: 0, Workers: 4
[3504.306s][debug][gc,phases      ] GC(225)     Total                          Min: 0, Avg: 11223.0, Max: 19392, Diff: 19392, Sum: 44892, Workers: 4
[3504.306s][debug][gc,phases      ] GC(225)   ResolvedMethodTable Weak       Min:  0.0, Avg:  0.0, Max:  0.0, Diff:  0.0, Sum:  0.1, Workers: 4
[3504.306s][debug][gc,phases      ] GC(225)     Dead                           Min: 0, Avg:  0.0, Max: 0, Diff: 0, Sum: 0, Workers: 4
[3504.306s][debug][gc,phases      ] GC(225)     Total                          Min: 0, Avg: 2453.5, Max: 4282, Diff: 4282, Sum: 9814, Workers: 4
[3504.306s][debug][gc,phases      ] GC(225)   JNI Weak                       Min:  0.0, Avg:  0.0, Max:  0.0, Diff:  0.0, Sum:  0.0, Workers: 4
[3504.306s][debug][gc,phases      ] GC(225)     Dead                           Min: 0, Avg:  0.0, Max: 0, Diff: 0, Sum: 0, Workers: 4
[3504.306s][debug][gc,phases      ] GC(225)     Total                          Min: 0, Avg: 11.2, Max: 45, Diff: 45, Sum: 45, Workers: 4
[3504.306s][debug][gc,phases      ] GC(225)   StringDedup Table Weak         Min:  0.0, Avg:  0.0, Max:  0.0, Diff:  0.0, Sum:  0.0, Workers: 4
[3504.306s][debug][gc,phases      ] GC(225)     Dead                           Min: 0, Avg:  0.0, Max: 0, Diff: 0, Sum: 0, Workers: 4
[3504.306s][debug][gc,phases      ] GC(225)     Total                          Min: 0, Avg:  0.0, Max: 0, Diff: 0, Sum: 0, Workers: 4
[3504.306s][debug][gc,phases      ] GC(225)   StringDedup Requests0 Weak     Min:  0.0, Avg:  0.0, Max:  0.0, Diff:  0.0, Sum:  0.0, Workers: 4
[3504.306s][debug][gc,phases      ] GC(225)     Dead                           Min: 0, Avg:  0.0, Max: 0, Diff: 0, Sum: 0, Workers: 4
[3504.306s][debug][gc,phases      ] GC(225)     Total                          Min: 0, Avg:  0.0, Max: 0, Diff: 0, Sum: 0, Workers: 4
[3504.306s][debug][gc,phases      ] GC(225)   StringDedup Requests1 Weak     Min:  0.0, Avg:  0.0, Max:  0.0, Diff:  0.0, Sum:  0.0, Workers: 4
[3504.306s][debug][gc,phases      ] GC(225)     Dead                           Min: 0, Avg:  0.0, Max: 0, Diff: 0, Sum: 0, Workers: 4
[3504.306s][debug][gc,phases      ] GC(225)     Total                          Min: 0, Avg:  0.0, Max: 0, Diff: 0, Sum: 0, Workers: 4
[3504.306s][debug][gc,phases      ] GC(225)   Weak JFR Old Object Samples    Min:  0.0, Avg:  0.0, Max:  0.0, Diff:  0.0, Sum:  0.0, Workers: 4
[3504.306s][debug][gc,phases      ] GC(225)     Dead                           Min: 0, Avg:  0.0, Max: 0, Diff: 0, Sum: 0, Workers: 4
[3504.306s][debug][gc,phases      ] GC(225)     Total                          Min: 0, Avg:  0.0, Max: 0, Diff: 0, Sum: 0, Workers: 4
[3504.306s][debug][gc,phases      ] GC(225) Weak Processing 0.298ms
[3504.306s][debug][gc,age         ] GC(225) Desired survivor size 4194304 bytes, new threshold 15 (max threshold 15)
[3504.306s][info ][gc,heap        ] GC(225) PSYoungGen: 2090640K(2093056K)->1728K(2093056K) Eden: 2088960K(2088960K)->0K(2088960K) From: 1680K(4096K)->1728K(4096K)
[3504.306s][info ][gc,heap        ] GC(225) ParOldGen: 372717K(458752K)->372749K(458752K)
[3504.306s][info ][gc,metaspace   ] GC(225) Metaspace: 83676K(84736K)->83676K(84736K) NonClass: 71743K(72320K)->71743K(72320K) Class: 11932K(12416K)->11932K(12416K)
[3504.306s][info ][gc             ] GC(225) Pause Young (GCLocker Initiated GC) 2405M->365M(2492M) 5.197ms
[3504.306s][info ][gc,cpu         ] GC(225) User=0.01s Sys=0.00s Real=0.00s
[3504.306s][info ][safepoint      ] Safepoint "ParallelGCSystemGC", Time since last: 55700 ns, Reaching safepoint: 100100 ns, At safepoint: 5261878 ns, Total: 5361978 ns
[3520.748s][info ][gc,start       ] GC(226) Pause Young (Allocation Failure)
[3520.754s][debug][gc,phases      ] GC(226) Scavenge 5.341ms
[3520.754s][debug][gc,ref         ] GC(226) Skipped phase 1 of Reference Processing: no references
[3520.754s][debug][gc,ref         ] GC(226) ReferenceProcessor::execute queues: 1, RefProcThreadModel::Single, marks_oops_alive: false
[3520.754s][debug][gc,ref         ] GC(226) Skipped phase 3 of Reference Processing: no references
[3520.754s][debug][gc,ref         ] GC(226) ReferenceProcessor::execute queues: 1, RefProcThreadModel::Single, marks_oops_alive: false
[3520.754s][debug][gc,phases      ] GC(226) Reference Processing 0.102ms
[3520.754s][debug][gc,phases      ] GC(226)   VM Weak                        Min:  0.0, Avg:  0.0, Max:  0.0, Diff:  0.0, Sum:  0.0, Workers: 4
[3520.754s][debug][gc,phases      ] GC(226)     Dead                           Min: 0, Avg:  0.0, Max: 0, Diff: 0, Sum: 0, Workers: 4
[3520.754s][debug][gc,phases      ] GC(226)     Total                          Min: 0, Avg: 212.0, Max: 576, Diff: 576, Sum: 848, Workers: 4
[3520.754s][debug][gc,phases      ] GC(226)   ObjectSynchronizer Weak        Min:  0.0, Avg:  0.0, Max:  0.0, Diff:  0.0, Sum:  0.0, Workers: 4
[3520.754s][debug][gc,phases      ] GC(226)     Dead                           Min: 0, Avg:  0.0, Max: 0, Diff: 0, Sum: 0, Workers: 4
[3520.754s][debug][gc,phases      ] GC(226)     Total                          Min: 0, Avg: 14.8, Max: 59, Diff: 59, Sum: 59, Workers: 4
[3520.754s][debug][gc,phases      ] GC(226)   JVMTI Tag Weak OopStorage      Min:  0.0, Avg:  0.0, Max:  0.0, Diff:  0.0, Sum:  0.0, Workers: 4
[3520.754s][debug][gc,phases      ] GC(226)     Dead                           Min: 0, Avg:  0.0, Max: 0, Diff: 0, Sum: 0, Workers: 4
[3520.754s][debug][gc,phases      ] GC(226)     Total                          Min: 0, Avg:  0.0, Max: 0, Diff: 0, Sum: 0, Workers: 4
[3520.754s][debug][gc,phases      ] GC(226)   StringTable Weak               Min:  0.0, Avg:  0.1, Max:  0.1, Diff:  0.1, Sum:  0.4, Workers: 4
[3520.754s][debug][gc,phases      ] GC(226)     Dead                           Min: 0, Avg:  0.0, Max: 0, Diff: 0, Sum: 0, Workers: 4
[3520.754s][debug][gc,phases      ] GC(226)     Total                          Min: 0, Avg: 11223.2, Max: 15808, Diff: 15808, Sum: 44893, Workers: 4
[3520.754s][debug][gc,phases      ] GC(226)   ResolvedMethodTable Weak       Min:  0.0, Avg:  0.0, Max:  0.0, Diff:  0.0, Sum:  0.1, Workers: 4
[3520.754s][debug][gc,phases      ] GC(226)     Dead                           Min: 0, Avg:  0.0, Max: 0, Diff: 0, Sum: 0, Workers: 4
[3520.754s][debug][gc,phases      ] GC(226)     Total                          Min: 0, Avg: 2453.5, Max: 3450, Diff: 3450, Sum: 9814, Workers: 4
[3520.754s][debug][gc,phases      ] GC(226)   JNI Weak                       Min:  0.0, Avg:  0.0, Max:  0.0, Diff:  0.0, Sum:  0.0, Workers: 4
[3520.754s][debug][gc,phases      ] GC(226)     Dead                           Min: 0, Avg:  0.0, Max: 0, Diff: 0, Sum: 0, Workers: 4
[3520.754s][debug][gc,phases      ] GC(226)     Total                          Min: 0, Avg: 11.2, Max: 45, Diff: 45, Sum: 45, Workers: 4
[3520.754s][debug][gc,phases      ] GC(226)   StringDedup Table Weak         Min:  0.0, Avg:  0.0, Max:  0.0, Diff:  0.0, Sum:  0.0, Workers: 4
[3520.754s][debug][gc,phases      ] GC(226)     Dead                           Min: 0, Avg:  0.0, Max: 0, Diff: 0, Sum: 0, Workers: 4
[3520.754s][debug][gc,phases      ] GC(226)     Total                          Min: 0, Avg:  0.0, Max: 0, Diff: 0, Sum: 0, Workers: 4
[3520.754s][debug][gc,phases      ] GC(226)   StringDedup Requests0 Weak     Min:  0.0, Avg:  0.0, Max:  0.0, Diff:  0.0, Sum:  0.0, Workers: 4
[3520.754s][debug][gc,phases      ] GC(226)     Dead                           Min: 0, Avg:  0.0, Max: 0, Diff: 0, Sum: 0, Workers: 4
[3520.754s][debug][gc,phases      ] GC(226)     Total                          Min: 0, Avg:  0.0, Max: 0, Diff: 0, Sum: 0, Workers: 4
[3520.754s][debug][gc,phases      ] GC(226)   StringDedup Requests1 Weak     Min:  0.0, Avg:  0.0, Max:  0.0, Diff:  0.0, Sum:  0.0, Workers: 4
[3520.754s][debug][gc,phases      ] GC(226)     Dead                           Min: 0, Avg:  0.0, Max: 0, Diff: 0, Sum: 0, Workers: 4
[3520.754s][debug][gc,phases      ] GC(226)     Total                          Min: 0, Avg:  0.0, Max: 0, Diff: 0, Sum: 0, Workers: 4
[3520.754s][debug][gc,phases      ] GC(226)   Weak JFR Old Object Samples    Min:  0.0, Avg:  0.0, Max:  0.0, Diff:  0.0, Sum:  0.0, Workers: 4
[3520.754s][debug][gc,phases      ] GC(226)     Dead                           Min: 0, Avg:  0.0, Max: 0, Diff: 0, Sum: 0, Workers: 4
[3520.754s][debug][gc,phases      ] GC(226)     Total                          Min: 0, Avg:  0.0, Max: 0, Diff: 0, Sum: 0, Workers: 4
[3520.754s][debug][gc,phases      ] GC(226) Weak Processing 0.314ms
[3520.754s][debug][gc,age         ] GC(226) Desired survivor size 4194304 bytes, new threshold 15 (max threshold 15)
[3520.754s][info ][gc,heap        ] GC(226) PSYoungGen: 2090688K(2093056K)->1648K(2093056K) Eden: 2088960K(2088960K)->0K(2088960K) From: 1728K(4096K)->1648K(4096K)
[3520.754s][info ][gc,heap        ] GC(226) ParOldGen: 372751K(458752K)->372783K(458752K)
[3520.754s][info ][gc,metaspace   ] GC(226) Metaspace: 83677K(84736K)->83677K(84736K) NonClass: 71744K(72320K)->71744K(72320K) Class: 11932K(12416K)->11932K(12416K)
[3520.754s][info ][gc             ] GC(226) Pause Young (Allocation Failure) 2405M->365M(2492M) 5.857ms
[3520.754s][info ][gc,cpu         ] GC(226) User=0.01s Sys=0.00s Real=0.00s
[3520.754s][info ][safepoint      ] Safepoint "ParallelGCFailedAllocation", Time since last: 16442347540 ns, Reaching safepoint: 37899 ns, At safepoint: 5919876 ns, Total: 5957775 ns
[3537.294s][info ][gc,start       ] GC(227) Pause Young (Allocation Failure)
[3537.307s][debug][gc,phases      ] GC(227) Scavenge 12.450ms
[3537.307s][debug][gc,ref         ] GC(227) Skipped phase 1 of Reference Processing: no references
[3537.307s][debug][gc,ref         ] GC(227) ReferenceProcessor::execute queues: 1, RefProcThreadModel::Single, marks_oops_alive: false
[3537.307s][debug][gc,ref         ] GC(227) Skipped phase 3 of Reference Processing: no references
[3537.307s][debug][gc,ref         ] GC(227) ReferenceProcessor::execute queues: 1, RefProcThreadModel::Single, marks_oops_alive: false
[3537.307s][debug][gc,phases      ] GC(227) Reference Processing 0.097ms
[3537.307s][debug][gc,phases      ] GC(227)   VM Weak                        Min:  0.0, Avg:  0.0, Max:  0.0, Diff:  0.0, Sum:  0.0, Workers: 4
[3537.307s][debug][gc,phases      ] GC(227)     Dead                           Min: 0, Avg:  0.0, Max: 0, Diff: 0, Sum: 0, Workers: 4
[3537.307s][debug][gc,phases      ] GC(227)     Total                          Min: 0, Avg: 212.0, Max: 448, Diff: 448, Sum: 848, Workers: 4
[3537.307s][debug][gc,phases      ] GC(227)   ObjectSynchronizer Weak        Min:  0.0, Avg:  0.0, Max:  0.0, Diff:  0.0, Sum:  0.0, Workers: 4
[3537.307s][debug][gc,phases      ] GC(227)     Dead                           Min: 0, Avg:  0.0, Max: 0, Diff: 0, Sum: 0, Workers: 4
[3537.307s][debug][gc,phases      ] GC(227)     Total                          Min: 0, Avg: 14.8, Max: 59, Diff: 59, Sum: 59, Workers: 4
[3537.307s][debug][gc,phases      ] GC(227)   JVMTI Tag Weak OopStorage      Min:  0.0, Avg:  0.0, Max:  0.0, Diff:  0.0, Sum:  0.0, Workers: 4
[3537.307s][debug][gc,phases      ] GC(227)     Dead                           Min: 0, Avg:  0.0, Max: 0, Diff: 0, Sum: 0, Workers: 4
[3537.307s][debug][gc,phases      ] GC(227)     Total                          Min: 0, Avg:  0.0, Max: 0, Diff: 0, Sum: 0, Workers: 4
[3537.307s][debug][gc,phases      ] GC(227)   StringTable Weak               Min:  0.0, Avg:  0.1, Max:  0.2, Diff:  0.2, Sum:  0.4, Workers: 4
[3537.307s][debug][gc,phases      ] GC(227)     Dead                           Min: 0, Avg:  0.0, Max: 0, Diff: 0, Sum: 0, Workers: 4
[3537.307s][debug][gc,phases      ] GC(227)     Total                          Min: 0, Avg: 11223.2, Max: 22656, Diff: 22656, Sum: 44893, Workers: 4
[3537.307s][debug][gc,phases      ] GC(227)   ResolvedMethodTable Weak       Min:  0.0, Avg:  0.0, Max:  0.0, Diff:  0.0, Sum:  0.1, Workers: 4
[3537.307s][debug][gc,phases      ] GC(227)     Dead                           Min: 0, Avg:  0.0, Max: 0, Diff: 0, Sum: 0, Workers: 4
[3537.307s][debug][gc,phases      ] GC(227)     Total                          Min: 0, Avg: 2453.5, Max: 4992, Diff: 4992, Sum: 9814, Workers: 4
[3537.307s][debug][gc,phases      ] GC(227)   JNI Weak                       Min:  0.0, Avg:  0.0, Max:  0.0, Diff:  0.0, Sum:  0.0, Workers: 4
[3537.307s][debug][gc,phases      ] GC(227)     Dead                           Min: 0, Avg:  0.0, Max: 0, Diff: 0, Sum: 0, Workers: 4
[3537.307s][debug][gc,phases      ] GC(227)     Total                          Min: 0, Avg: 11.2, Max: 45, Diff: 45, Sum: 45, Workers: 4
[3537.307s][debug][gc,phases      ] GC(227)   StringDedup Table Weak         Min:  0.0, Avg:  0.0, Max:  0.0, Diff:  0.0, Sum:  0.0, Workers: 4
[3537.307s][debug][gc,phases      ] GC(227)     Dead                           Min: 0, Avg:  0.0, Max: 0, Diff: 0, Sum: 0, Workers: 4
[3537.307s][debug][gc,phases      ] GC(227)     Total                          Min: 0, Avg:  0.0, Max: 0, Diff: 0, Sum: 0, Workers: 4
[3537.307s][debug][gc,phases      ] GC(227)   StringDedup Requests0 Weak     Min:  0.0, Avg:  0.0, Max:  0.0, Diff:  0.0, Sum:  0.0, Workers: 4
[3537.307s][debug][gc,phases      ] GC(227)     Dead                           Min: 0, Avg:  0.0, Max: 0, Diff: 0, Sum: 0, Workers: 4
[3537.307s][debug][gc,phases      ] GC(227)     Total                          Min: 0, Avg:  0.0, Max: 0, Diff: 0, Sum: 0, Workers: 4
[3537.307s][debug][gc,phases      ] GC(227)   StringDedup Requests1 Weak     Min:  0.0, Avg:  0.0, Max:  0.0, Diff:  0.0, Sum:  0.0, Workers: 4
[3537.307s][debug][gc,phases      ] GC(227)     Dead                           Min: 0, Avg:  0.0, Max: 0, Diff: 0, Sum: 0, Workers: 4
[3537.307s][debug][gc,phases      ] GC(227)     Total                          Min: 0, Avg:  0.0, Max: 0, Diff: 0, Sum: 0, Workers: 4
[3537.307s][debug][gc,phases      ] GC(227)   Weak JFR Old Object Samples    Min:  0.0, Avg:  0.0, Max:  0.0, Diff:  0.0, Sum:  0.0, Workers: 4
[3537.307s][debug][gc,phases      ] GC(227)     Dead                           Min: 0, Avg:  0.0, Max: 0, Diff: 0, Sum: 0, Workers: 4
[3537.307s][debug][gc,phases      ] GC(227)     Total                          Min: 0, Avg:  0.0, Max: 0, Diff: 0, Sum: 0, Workers: 4
[3537.307s][debug][gc,phases      ] GC(227) Weak Processing 0.410ms
[3537.307s][debug][gc,age         ] GC(227) Desired survivor size 4194304 bytes, new threshold 15 (max threshold 15)
[3537.307s][info ][gc,heap        ] GC(227) PSYoungGen: 2090608K(2093056K)->1712K(2093056K) Eden: 2088960K(2088960K)->0K(2088960K) From: 1648K(4096K)->1712K(4096K)
[3537.307s][info ][gc,heap        ] GC(227) ParOldGen: 372783K(458752K)->372783K(458752K)
[3537.307s][info ][gc,metaspace   ] GC(227) Metaspace: 83677K(84736K)->83677K(84736K) NonClass: 71744K(72320K)->71744K(72320K) Class: 11932K(12416K)->11932K(12416K)
[3537.307s][info ][gc             ] GC(227) Pause Young (Allocation Failure) 2405M->365M(2492M) 13.101ms
[3537.307s][info ][gc,cpu         ] GC(227) User=0.01s Sys=0.00s Real=0.01s
[3537.307s][info ][safepoint      ] Safepoint "ParallelGCFailedAllocation", Time since last: 16539988757 ns, Reaching safepoint: 58300 ns, At safepoint: 13182247 ns, Total: 13240547 ns
[3555.651s][info ][gc,start       ] GC(228) Pause Young (Allocation Failure)
[3555.665s][debug][gc,phases      ] GC(228) Scavenge 13.488ms
[3555.665s][debug][gc,ref         ] GC(228) Skipped phase 1 of Reference Processing: no references
[3555.665s][debug][gc,ref         ] GC(228) ReferenceProcessor::execute queues: 1, RefProcThreadModel::Single, marks_oops_alive: false
[3555.665s][debug][gc,ref         ] GC(228) Skipped phase 3 of Reference Processing: no references
[3555.665s][debug][gc,ref         ] GC(228) ReferenceProcessor::execute queues: 1, RefProcThreadModel::Single, marks_oops_alive: false
[3555.665s][debug][gc,phases      ] GC(228) Reference Processing 0.110ms
[3555.665s][debug][gc,phases      ] GC(228)   VM Weak                        Min:  0.0, Avg:  0.0, Max:  0.0, Diff:  0.0, Sum:  0.0, Workers: 4
[3555.665s][debug][gc,phases      ] GC(228)     Dead                           Min: 0, Avg:  0.0, Max: 0, Diff: 0, Sum: 0, Workers: 4
[3555.665s][debug][gc,phases      ] GC(228)     Total                          Min: 0, Avg: 212.0, Max: 512, Diff: 512, Sum: 848, Workers: 4
[3555.665s][debug][gc,phases      ] GC(228)   ObjectSynchronizer Weak        Min:  0.0, Avg:  0.0, Max:  0.0, Diff:  0.0, Sum:  0.0, Workers: 4
[3555.665s][debug][gc,phases      ] GC(228)     Dead                           Min: 0, Avg:  0.0, Max: 0, Diff: 0, Sum: 0, Workers: 4
[3555.665s][debug][gc,phases      ] GC(228)     Total                          Min: 0, Avg: 14.8, Max: 59, Diff: 59, Sum: 59, Workers: 4
[3555.665s][debug][gc,phases      ] GC(228)   JVMTI Tag Weak OopStorage      Min:  0.0, Avg:  0.0, Max:  0.0, Diff:  0.0, Sum:  0.0, Workers: 4
[3555.665s][debug][gc,phases      ] GC(228)     Dead                           Min: 0, Avg:  0.0, Max: 0, Diff: 0, Sum: 0, Workers: 4
[3555.665s][debug][gc,phases      ] GC(228)     Total                          Min: 0, Avg:  0.0, Max: 0, Diff: 0, Sum: 0, Workers: 4
[3555.665s][debug][gc,phases      ] GC(228)   StringTable Weak               Min:  0.0, Avg:  0.1, Max:  0.2, Diff:  0.2, Sum:  0.4, Workers: 4
[3555.665s][debug][gc,phases      ] GC(228)     Dead                           Min: 0, Avg:  0.0, Max: 0, Diff: 0, Sum: 0, Workers: 4
[3555.665s][debug][gc,phases      ] GC(228)     Total                          Min: 0, Avg: 11223.2, Max: 22621, Diff: 22621, Sum: 44893, Workers: 4
[3555.665s][debug][gc,phases      ] GC(228)   ResolvedMethodTable Weak       Min:  0.0, Avg:  0.0, Max:  0.0, Diff:  0.0, Sum:  0.1, Workers: 4
[3555.665s][debug][gc,phases      ] GC(228)     Dead                           Min: 0, Avg:  0.0, Max: 0, Diff: 0, Sum: 0, Workers: 4
[3555.665s][debug][gc,phases      ] GC(228)     Total                          Min: 0, Avg: 2453.5, Max: 4950, Diff: 4950, Sum: 9814, Workers: 4
[3555.665s][debug][gc,phases      ] GC(228)   JNI Weak                       Min:  0.0, Avg:  0.0, Max:  0.0, Diff:  0.0, Sum:  0.0, Workers: 4
[3555.665s][debug][gc,phases      ] GC(228)     Dead                           Min: 0, Avg:  0.0, Max: 0, Diff: 0, Sum: 0, Workers: 4
[3555.666s][debug][gc,phases      ] GC(228)     Total                          Min: 0, Avg: 11.2, Max: 45, Diff: 45, Sum: 45, Workers: 4
[3555.666s][debug][gc,phases      ] GC(228)   StringDedup Table Weak         Min:  0.0, Avg:  0.0, Max:  0.0, Diff:  0.0, Sum:  0.0, Workers: 4
[3555.666s][debug][gc,phases      ] GC(228)     Dead                           Min: 0, Avg:  0.0, Max: 0, Diff: 0, Sum: 0, Workers: 4
[3555.666s][debug][gc,phases      ] GC(228)     Total                          Min: 0, Avg:  0.0, Max: 0, Diff: 0, Sum: 0, Workers: 4
[3555.666s][debug][gc,phases      ] GC(228)   StringDedup Requests0 Weak     Min:  0.0, Avg:  0.0, Max:  0.0, Diff:  0.0, Sum:  0.0, Workers: 4
[3555.666s][debug][gc,phases      ] GC(228)     Dead                           Min: 0, Avg:  0.0, Max: 0, Diff: 0, Sum: 0, Workers: 4
[3555.666s][debug][gc,phases      ] GC(228)     Total                          Min: 0, Avg:  0.0, Max: 0, Diff: 0, Sum: 0, Workers: 4
[3555.666s][debug][gc,phases      ] GC(228)   StringDedup Requests1 Weak     Min:  0.0, Avg:  0.0, Max:  0.0, Diff:  0.0, Sum:  0.0, Workers: 4
[3555.666s][debug][gc,phases      ] GC(228)     Dead                           Min: 0, Avg:  0.0, Max: 0, Diff: 0, Sum: 0, Workers: 4
[3555.666s][debug][gc,phases      ] GC(228)     Total                          Min: 0, Avg:  0.0, Max: 0, Diff: 0, Sum: 0, Workers: 4
[3555.666s][debug][gc,phases      ] GC(228)   Weak JFR Old Object Samples    Min:  0.0, Avg:  0.0, Max:  0.0, Diff:  0.0, Sum:  0.0, Workers: 4
[3555.666s][debug][gc,phases      ] GC(228)     Dead                           Min: 0, Avg:  0.0, Max: 0, Diff: 0, Sum: 0, Workers: 4
[3555.666s][debug][gc,phases      ] GC(228)     Total                          Min: 0, Avg:  0.0, Max: 0, Diff: 0, Sum: 0, Workers: 4
[3555.666s][debug][gc,phases      ] GC(228) Weak Processing 0.457ms
[3555.666s][debug][gc,age         ] GC(228) Desired survivor size 3670016 bytes, new threshold 15 (max threshold 15)
[3555.666s][info ][gc,heap        ] GC(228) PSYoungGen: 2090672K(2093056K)->1760K(2093056K) Eden: 2088960K(2088960K)->0K(2088960K) From: 1712K(4096K)->1760K(4096K)
[3555.666s][info ][gc,heap        ] GC(228) ParOldGen: 372783K(458752K)->372791K(458752K)
[3555.666s][info ][gc,metaspace   ] GC(228) Metaspace: 83679K(84736K)->83679K(84736K) NonClass: 71746K(72320K)->71746K(72320K) Class: 11932K(12416K)->11932K(12416K)
[3555.666s][info ][gc             ] GC(228) Pause Young (Allocation Failure) 2405M->365M(2492M) 14.178ms
[3555.666s][info ][gc,cpu         ] GC(228) User=0.02s Sys=0.01s Real=0.01s
[3555.666s][info ][safepoint      ] Safepoint "ParallelGCFailedAllocation", Time since last: 18344045505 ns, Reaching safepoint: 110199 ns, At safepoint: 14272942 ns, Total: 14383141 ns
[3556.666s][info ][safepoint      ] Safepoint "Cleanup", Time since last: 1000087201 ns, Reaching safepoint: 37400 ns, At safepoint: 2400 ns, Total: 39800 ns
[3561.666s][info ][safepoint      ] Safepoint "Cleanup", Time since last: 5000341309 ns, Reaching safepoint: 38899 ns, At safepoint: 7700 ns, Total: 46599 ns
[3571.952s][info ][gc,start       ] GC(229) Pause Young (Allocation Failure)
[3571.960s][debug][gc,phases      ] GC(229) Scavenge 8.154ms
[3571.960s][debug][gc,ref         ] GC(229) Skipped phase 1 of Reference Processing: no references
[3571.960s][debug][gc,ref         ] GC(229) ReferenceProcessor::execute queues: 1, RefProcThreadModel::Single, marks_oops_alive: false
[3571.960s][debug][gc,ref         ] GC(229) Skipped phase 3 of Reference Processing: no references
[3571.960s][debug][gc,ref         ] GC(229) ReferenceProcessor::execute queues: 1, RefProcThreadModel::Single, marks_oops_alive: false
[3571.960s][debug][gc,phases      ] GC(229) Reference Processing 0.082ms
[3571.960s][debug][gc,phases      ] GC(229)   VM Weak                        Min:  0.0, Avg:  0.0, Max:  0.0, Diff:  0.0, Sum:  0.0, Workers: 4
[3571.960s][debug][gc,phases      ] GC(229)     Dead                           Min: 0, Avg:  0.0, Max: 0, Diff: 0, Sum: 0, Workers: 4
[3571.960s][debug][gc,phases      ] GC(229)     Total                          Min: 0, Avg: 212.0, Max: 448, Diff: 448, Sum: 848, Workers: 4
[3571.960s][debug][gc,phases      ] GC(229)   ObjectSynchronizer Weak        Min:  0.0, Avg:  0.0, Max:  0.0, Diff:  0.0, Sum:  0.0, Workers: 4
[3571.960s][debug][gc,phases      ] GC(229)     Dead                           Min: 0, Avg:  0.0, Max: 0, Diff: 0, Sum: 0, Workers: 4
[3571.960s][debug][gc,phases      ] GC(229)     Total                          Min: 0, Avg: 14.8, Max: 59, Diff: 59, Sum: 59, Workers: 4
[3571.960s][debug][gc,phases      ] GC(229)   JVMTI Tag Weak OopStorage      Min:  0.0, Avg:  0.0, Max:  0.0, Diff:  0.0, Sum:  0.0, Workers: 4
[3571.960s][debug][gc,phases      ] GC(229)     Dead                           Min: 0, Avg:  0.0, Max: 0, Diff: 0, Sum: 0, Workers: 4
[3571.960s][debug][gc,phases      ] GC(229)     Total                          Min: 0, Avg:  0.0, Max: 0, Diff: 0, Sum: 0, Workers: 4
[3571.960s][debug][gc,phases      ] GC(229)   StringTable Weak               Min:  0.0, Avg:  0.1, Max:  0.2, Diff:  0.2, Sum:  0.4, Workers: 4
[3571.960s][debug][gc,phases      ] GC(229)     Dead                           Min: 0, Avg:  0.0, Max: 0, Diff: 0, Sum: 0, Workers: 4
[3571.960s][debug][gc,phases      ] GC(229)     Total                          Min: 0, Avg: 11223.8, Max: 22656, Diff: 22656, Sum: 44895, Workers: 4
[3571.960s][debug][gc,phases      ] GC(229)   ResolvedMethodTable Weak       Min:  0.0, Avg:  0.0, Max:  0.0, Diff:  0.0, Sum:  0.1, Workers: 4
[3571.960s][debug][gc,phases      ] GC(229)     Dead                           Min: 0, Avg:  0.0, Max: 0, Diff: 0, Sum: 0, Workers: 4
[3571.960s][debug][gc,phases      ] GC(229)     Total                          Min: 0, Avg: 2453.5, Max: 5014, Diff: 5014, Sum: 9814, Workers: 4
[3571.960s][debug][gc,phases      ] GC(229)   JNI Weak                       Min:  0.0, Avg:  0.0, Max:  0.0, Diff:  0.0, Sum:  0.0, Workers: 4
[3571.960s][debug][gc,phases      ] GC(229)     Dead                           Min: 0, Avg:  0.0, Max: 0, Diff: 0, Sum: 0, Workers: 4
[3571.960s][debug][gc,phases      ] GC(229)     Total                          Min: 0, Avg: 11.2, Max: 45, Diff: 45, Sum: 45, Workers: 4
[3571.960s][debug][gc,phases      ] GC(229)   StringDedup Table Weak         Min:  0.0, Avg:  0.0, Max:  0.0, Diff:  0.0, Sum:  0.0, Workers: 4
[3571.960s][debug][gc,phases      ] GC(229)     Dead                           Min: 0, Avg:  0.0, Max: 0, Diff: 0, Sum: 0, Workers: 4
[3571.960s][debug][gc,phases      ] GC(229)     Total                          Min: 0, Avg:  0.0, Max: 0, Diff: 0, Sum: 0, Workers: 4
[3571.960s][debug][gc,phases      ] GC(229)   StringDedup Requests0 Weak     Min:  0.0, Avg:  0.0, Max:  0.0, Diff:  0.0, Sum:  0.0, Workers: 4
[3571.960s][debug][gc,phases      ] GC(229)     Dead                           Min: 0, Avg:  0.0, Max: 0, Diff: 0, Sum: 0, Workers: 4
[3571.960s][debug][gc,phases      ] GC(229)     Total                          Min: 0, Avg:  0.0, Max: 0, Diff: 0, Sum: 0, Workers: 4
[3571.960s][debug][gc,phases      ] GC(229)   StringDedup Requests1 Weak     Min:  0.0, Avg:  0.0, Max:  0.0, Diff:  0.0, Sum:  0.0, Workers: 4
[3571.960s][debug][gc,phases      ] GC(229)     Dead                           Min: 0, Avg:  0.0, Max: 0, Diff: 0, Sum: 0, Workers: 4
[3571.960s][debug][gc,phases      ] GC(229)     Total                          Min: 0, Avg:  0.0, Max: 0, Diff: 0, Sum: 0, Workers: 4
[3571.960s][debug][gc,phases      ] GC(229)   Weak JFR Old Object Samples    Min:  0.0, Avg:  0.0, Max:  0.0, Diff:  0.0, Sum:  0.0, Workers: 4
[3571.960s][debug][gc,phases      ] GC(229)     Dead                           Min: 0, Avg:  0.0, Max: 0, Diff: 0, Sum: 0, Workers: 4
[3571.960s][debug][gc,phases      ] GC(229)     Total                          Min: 0, Avg:  0.0, Max: 0, Diff: 0, Sum: 0, Workers: 4
[3571.960s][debug][gc,phases      ] GC(229) Weak Processing 0.398ms
[3571.960s][debug][gc,age         ] GC(229) Desired survivor size 3670016 bytes, new threshold 15 (max threshold 15)
[3571.960s][info ][gc,heap        ] GC(229) PSYoungGen: 2090720K(2093056K)->1648K(2093568K) Eden: 2088960K(2088960K)->0K(2089984K) From: 1760K(4096K)->1648K(3584K)
[3571.960s][info ][gc,heap        ] GC(229) ParOldGen: 372791K(458752K)->372815K(458752K)
[3571.960s][info ][gc,metaspace   ] GC(229) Metaspace: 83679K(84736K)->83679K(84736K) NonClass: 71746K(72320K)->71746K(72320K) Class: 11932K(12416K)->11932K(12416K)
[3571.960s][info ][gc             ] GC(229) Pause Young (Allocation Failure) 2405M->365M(2492M) 8.757ms
[3571.960s][info ][gc,cpu         ] GC(229) User=0.01s Sys=0.00s Real=0.01s
[3571.960s][info ][safepoint      ] Safepoint "ParallelGCFailedAllocation", Time since last: 10285398293 ns, Reaching safepoint: 29600 ns, At safepoint: 8836164 ns, Total: 8865764 ns
[3588.150s][info ][safepoint      ] Safepoint "ParallelGCFailedAllocation", Time since last: 16189276005 ns, Reaching safepoint: 104499 ns, At safepoint: 12600 ns, Total: 117099 ns
[3588.150s][info ][gc,start       ] GC(230) Pause Young (GCLocker Initiated GC)
[3588.155s][debug][gc,phases      ] GC(230) Scavenge 5.302ms
[3588.155s][debug][gc,ref         ] GC(230) Skipped phase 1 of Reference Processing: no references
[3588.156s][debug][gc,ref         ] GC(230) ReferenceProcessor::execute queues: 1, RefProcThreadModel::Single, marks_oops_alive: false
[3588.156s][debug][gc,ref         ] GC(230) Skipped phase 3 of Reference Processing: no references
[3588.156s][debug][gc,ref         ] GC(230) ReferenceProcessor::execute queues: 1, RefProcThreadModel::Single, marks_oops_alive: false
[3588.156s][debug][gc,phases      ] GC(230) Reference Processing 0.107ms
[3588.156s][debug][gc,phases      ] GC(230)   VM Weak                        Min:  0.0, Avg:  0.0, Max:  0.0, Diff:  0.0, Sum:  0.0, Workers: 4
[3588.156s][debug][gc,phases      ] GC(230)     Dead                           Min: 0, Avg:  0.0, Max: 0, Diff: 0, Sum: 0, Workers: 4
[3588.156s][debug][gc,phases      ] GC(230)     Total                          Min: 0, Avg: 212.0, Max: 656, Diff: 656, Sum: 848, Workers: 4
[3588.156s][debug][gc,phases      ] GC(230)   ObjectSynchronizer Weak        Min:  0.0, Avg:  0.0, Max:  0.0, Diff:  0.0, Sum:  0.0, Workers: 4
[3588.156s][debug][gc,phases      ] GC(230)     Dead                           Min: 0, Avg:  0.0, Max: 0, Diff: 0, Sum: 0, Workers: 4
[3588.156s][debug][gc,phases      ] GC(230)     Total                          Min: 0, Avg: 14.8, Max: 59, Diff: 59, Sum: 59, Workers: 4
[3588.156s][debug][gc,phases      ] GC(230)   JVMTI Tag Weak OopStorage      Min:  0.0, Avg:  0.0, Max:  0.0, Diff:  0.0, Sum:  0.0, Workers: 4
[3588.156s][debug][gc,phases      ] GC(230)     Dead                           Min: 0, Avg:  0.0, Max: 0, Diff: 0, Sum: 0, Workers: 4
[3588.156s][debug][gc,phases      ] GC(230)     Total                          Min: 0, Avg:  0.0, Max: 0, Diff: 0, Sum: 0, Workers: 4
[3588.156s][debug][gc,phases      ] GC(230)   StringTable Weak               Min:  0.0, Avg:  0.1, Max:  0.1, Diff:  0.1, Sum:  0.4, Workers: 4
[3588.156s][debug][gc,phases      ] GC(230)     Dead                           Min: 0, Avg:  0.0, Max: 0, Diff: 0, Sum: 0, Workers: 4
[3588.156s][debug][gc,phases      ] GC(230)     Total                          Min: 0, Avg: 11223.8, Max: 16064, Diff: 16064, Sum: 44895, Workers: 4
[3588.156s][debug][gc,phases      ] GC(230)   ResolvedMethodTable Weak       Min:  0.0, Avg:  0.0, Max:  0.0, Diff:  0.0, Sum:  0.1, Workers: 4
[3588.156s][debug][gc,phases      ] GC(230)     Dead                           Min: 0, Avg:  0.0, Max: 0, Diff: 0, Sum: 0, Workers: 4
[3588.156s][debug][gc,phases      ] GC(230)     Total                          Min: 0, Avg: 2453.5, Max: 3578, Diff: 3578, Sum: 9814, Workers: 4
[3588.156s][debug][gc,phases      ] GC(230)   JNI Weak                       Min:  0.0, Avg:  0.0, Max:  0.0, Diff:  0.0, Sum:  0.0, Workers: 4
[3588.156s][debug][gc,phases      ] GC(230)     Dead                           Min: 0, Avg:  0.0, Max: 0, Diff: 0, Sum: 0, Workers: 4
[3588.156s][debug][gc,phases      ] GC(230)     Total                          Min: 0, Avg: 11.2, Max: 45, Diff: 45, Sum: 45, Workers: 4
[3588.156s][debug][gc,phases      ] GC(230)   StringDedup Table Weak         Min:  0.0, Avg:  0.0, Max:  0.0, Diff:  0.0, Sum:  0.0, Workers: 4
[3588.156s][debug][gc,phases      ] GC(230)     Dead                           Min: 0, Avg:  0.0, Max: 0, Diff: 0, Sum: 0, Workers: 4
[3588.156s][debug][gc,phases      ] GC(230)     Total                          Min: 0, Avg:  0.0, Max: 0, Diff: 0, Sum: 0, Workers: 4
[3588.156s][debug][gc,phases      ] GC(230)   StringDedup Requests0 Weak     Min:  0.0, Avg:  0.0, Max:  0.0, Diff:  0.0, Sum:  0.0, Workers: 4
[3588.156s][debug][gc,phases      ] GC(230)     Dead                           Min: 0, Avg:  0.0, Max: 0, Diff: 0, Sum: 0, Workers: 4
[3588.156s][debug][gc,phases      ] GC(230)     Total                          Min: 0, Avg:  0.0, Max: 0, Diff: 0, Sum: 0, Workers: 4
[3588.156s][debug][gc,phases      ] GC(230)   StringDedup Requests1 Weak     Min:  0.0, Avg:  0.0, Max:  0.0, Diff:  0.0, Sum:  0.0, Workers: 4
[3588.156s][debug][gc,phases      ] GC(230)     Dead                           Min: 0, Avg:  0.0, Max: 0, Diff: 0, Sum: 0, Workers: 4
[3588.156s][debug][gc,phases      ] GC(230)     Total                          Min: 0, Avg:  0.0, Max: 0, Diff: 0, Sum: 0, Workers: 4
[3588.156s][debug][gc,phases      ] GC(230)   Weak JFR Old Object Samples    Min:  0.0, Avg:  0.0, Max:  0.0, Diff:  0.0, Sum:  0.0, Workers: 4
[3588.156s][debug][gc,phases      ] GC(230)     Dead                           Min: 0, Avg:  0.0, Max: 0, Diff: 0, Sum: 0, Workers: 4
[3588.156s][debug][gc,phases      ] GC(230)     Total                          Min: 0, Avg:  0.0, Max: 0, Diff: 0, Sum: 0, Workers: 4
[3588.156s][debug][gc,phases      ] GC(230) Weak Processing 0.321ms
[3588.156s][debug][gc,age         ] GC(230) Desired survivor size 3670016 bytes, new threshold 15 (max threshold 15)
[3588.156s][info ][gc,heap        ] GC(230) PSYoungGen: 2091632K(2093568K)->1616K(2093568K) Eden: 2089984K(2089984K)->0K(2089984K) From: 1648K(3584K)->1616K(3584K)
[3588.156s][info ][gc,heap        ] GC(230) ParOldGen: 372816K(458752K)->372832K(458752K)
[3588.156s][info ][gc,metaspace   ] GC(230) Metaspace: 83679K(84736K)->83679K(84736K) NonClass: 71746K(72320K)->71746K(72320K) Class: 11932K(12416K)->11932K(12416K)
[3588.156s][info ][gc             ] GC(230) Pause Young (GCLocker Initiated GC) 2406M->365M(2492M) 5.827ms
[3588.156s][info ][gc,cpu         ] GC(230) User=0.01s Sys=0.01s Real=0.01s
[3588.156s][info ][safepoint      ] Safepoint "ParallelGCSystemGC", Time since last: 92600 ns, Reaching safepoint: 92599 ns, At safepoint: 5924576 ns, Total: 6017175 ns
[3598.157s][info ][safepoint      ] Safepoint "Cleanup", Time since last: 10000719892 ns, Reaching safepoint: 39399 ns, At safepoint: 3200 ns, Total: 42599 ns
[3602.157s][info ][safepoint      ] Safepoint "Cleanup", Time since last: 4000381544 ns, Reaching safepoint: 42200 ns, At safepoint: 2700 ns, Total: 44900 ns
[3603.157s][info ][safepoint      ] Safepoint "Cleanup", Time since last: 1000097711 ns, Reaching safepoint: 105700 ns, At safepoint: 5400 ns, Total: 111100 ns
[3604.162s][info ][safepoint      ] Safepoint "Cleanup", Time since last: 1000719511 ns, Reaching safepoint: 4020984 ns, At safepoint: 6800 ns, Total: 4027784 ns
[3606.162s][info ][safepoint      ] Safepoint "Cleanup", Time since last: 2000150532 ns, Reaching safepoint: 38600 ns, At safepoint: 2300 ns, Total: 40900 ns
[3606.697s][info ][gc,start       ] GC(231) Pause Young (Allocation Failure)
[3606.706s][debug][gc,phases      ] GC(231) Scavenge 8.922ms
[3606.706s][debug][gc,ref         ] GC(231) Skipped phase 1 of Reference Processing: no references
[3606.706s][debug][gc,ref         ] GC(231) ReferenceProcessor::execute queues: 1, RefProcThreadModel::Single, marks_oops_alive: false
[3606.706s][debug][gc,ref         ] GC(231) Skipped phase 3 of Reference Processing: no references
[3606.706s][debug][gc,ref         ] GC(231) ReferenceProcessor::execute queues: 1, RefProcThreadModel::Single, marks_oops_alive: false
[3606.706s][debug][gc,phases      ] GC(231) Reference Processing 0.127ms
[3606.706s][debug][gc,phases      ] GC(231)   VM Weak                        Min:  0.0, Avg:  0.0, Max:  0.0, Diff:  0.0, Sum:  0.0, Workers: 4
[3606.706s][debug][gc,phases      ] GC(231)     Dead                           Min: 0, Avg:  0.0, Max: 0, Diff: 0, Sum: 0, Workers: 4
[3606.706s][debug][gc,phases      ] GC(231)     Total                          Min: 0, Avg: 212.0, Max: 848, Diff: 848, Sum: 848, Workers: 4
[3606.706s][debug][gc,phases      ] GC(231)   ObjectSynchronizer Weak        Min:  0.0, Avg:  0.0, Max:  0.0, Diff:  0.0, Sum:  0.0, Workers: 4
[3606.706s][debug][gc,phases      ] GC(231)     Dead                           Min: 0, Avg:  0.0, Max: 0, Diff: 0, Sum: 0, Workers: 4
[3606.706s][debug][gc,phases      ] GC(231)     Total                          Min: 0, Avg: 14.8, Max: 59, Diff: 59, Sum: 59, Workers: 4
[3606.706s][debug][gc,phases      ] GC(231)   JVMTI Tag Weak OopStorage      Min:  0.0, Avg:  0.0, Max:  0.0, Diff:  0.0, Sum:  0.0, Workers: 4
[3606.706s][debug][gc,phases      ] GC(231)     Dead                           Min: 0, Avg:  0.0, Max: 0, Diff: 0, Sum: 0, Workers: 4
[3606.706s][debug][gc,phases      ] GC(231)     Total                          Min: 0, Avg:  0.0, Max: 0, Diff: 0, Sum: 0, Workers: 4
[3606.706s][debug][gc,phases      ] GC(231)   StringTable Weak               Min:  0.0, Avg:  0.1, Max:  0.5, Diff:  0.5, Sum:  0.6, Workers: 4
[3606.706s][debug][gc,phases      ] GC(231)     Dead                           Min: 0, Avg:  0.0, Max: 0, Diff: 0, Sum: 0, Workers: 4
[3606.706s][debug][gc,phases      ] GC(231)     Total                          Min: 0, Avg: 11223.8, Max: 32000, Diff: 32000, Sum: 44895, Workers: 4
[3606.706s][debug][gc,phases      ] GC(231)   ResolvedMethodTable Weak       Min:  0.0, Avg:  0.0, Max:  0.1, Diff:  0.1, Sum:  0.1, Workers: 4
[3606.706s][debug][gc,phases      ] GC(231)     Dead                           Min: 0, Avg:  0.0, Max: 0, Diff: 0, Sum: 0, Workers: 4
[3606.706s][debug][gc,phases      ] GC(231)     Total                          Min: 0, Avg: 2453.5, Max: 9814, Diff: 9814, Sum: 9814, Workers: 4
[3606.706s][debug][gc,phases      ] GC(231)   JNI Weak                       Min:  0.0, Avg:  0.0, Max:  0.0, Diff:  0.0, Sum:  0.0, Workers: 4
[3606.706s][debug][gc,phases      ] GC(231)     Dead                           Min: 0, Avg:  0.0, Max: 0, Diff: 0, Sum: 0, Workers: 4
[3606.706s][debug][gc,phases      ] GC(231)     Total                          Min: 0, Avg: 11.2, Max: 45, Diff: 45, Sum: 45, Workers: 4
[3606.706s][debug][gc,phases      ] GC(231)   StringDedup Table Weak         Min:  0.0, Avg:  0.0, Max:  0.0, Diff:  0.0, Sum:  0.0, Workers: 4
[3606.706s][debug][gc,phases      ] GC(231)     Dead                           Min: 0, Avg:  0.0, Max: 0, Diff: 0, Sum: 0, Workers: 4
[3606.706s][debug][gc,phases      ] GC(231)     Total                          Min: 0, Avg:  0.0, Max: 0, Diff: 0, Sum: 0, Workers: 4
[3606.706s][debug][gc,phases      ] GC(231)   StringDedup Requests0 Weak     Min:  0.0, Avg:  0.0, Max:  0.0, Diff:  0.0, Sum:  0.0, Workers: 4
[3606.706s][debug][gc,phases      ] GC(231)     Dead                           Min: 0, Avg:  0.0, Max: 0, Diff: 0, Sum: 0, Workers: 4
[3606.706s][debug][gc,phases      ] GC(231)     Total                          Min: 0, Avg:  0.0, Max: 0, Diff: 0, Sum: 0, Workers: 4
[3606.706s][debug][gc,phases      ] GC(231)   StringDedup Requests1 Weak     Min:  0.0, Avg:  0.0, Max:  0.0, Diff:  0.0, Sum:  0.0, Workers: 4
[3606.706s][debug][gc,phases      ] GC(231)     Dead                           Min: 0, Avg:  0.0, Max: 0, Diff: 0, Sum: 0, Workers: 4
[3606.706s][debug][gc,phases      ] GC(231)     Total                          Min: 0, Avg:  0.0, Max: 0, Diff: 0, Sum: 0, Workers: 4
[3606.706s][debug][gc,phases      ] GC(231)   Weak JFR Old Object Samples    Min:  0.0, Avg:  0.0, Max:  0.0, Diff:  0.0, Sum:  0.0, Workers: 4
[3606.707s][debug][gc,phases      ] GC(231)     Dead                           Min: 0, Avg:  0.0, Max: 0, Diff: 0, Sum: 0, Workers: 4
[3606.707s][debug][gc,phases      ] GC(231)     Total                          Min: 0, Avg:  0.0, Max: 0, Diff: 0, Sum: 0, Workers: 4
[3606.707s][debug][gc,phases      ] GC(231) Weak Processing 0.728ms
[3606.707s][debug][gc,age         ] GC(231) Desired survivor size 3670016 bytes, new threshold 15 (max threshold 15)
[3606.707s][info ][gc,heap        ] GC(231) PSYoungGen: 2091600K(2093568K)->1536K(2093568K) Eden: 2089984K(2089984K)->0K(2089984K) From: 1616K(3584K)->1536K(3584K)
[3606.707s][info ][gc,heap        ] GC(231) ParOldGen: 372938K(458752K)->372946K(458752K)
[3606.707s][info ][gc,metaspace   ] GC(231) Metaspace: 83691K(84736K)->83691K(84736K) NonClass: 71758K(72320K)->71758K(72320K) Class: 11932K(12416K)->11932K(12416K)
[3606.707s][info ][gc             ] GC(231) Pause Young (Allocation Failure) 2406M->365M(2492M) 9.916ms
[3606.707s][info ][gc,cpu         ] GC(231) User=0.01s Sys=0.00s Real=0.01s
[3606.707s][info ][safepoint      ] Safepoint "ParallelGCFailedAllocation", Time since last: 534284618 ns, Reaching safepoint: 38599 ns, At safepoint: 9998760 ns, Total: 10037359 ns
[3615.707s][info ][safepoint      ] Safepoint "Cleanup", Time since last: 9000589724 ns, Reaching safepoint: 36200 ns, At safepoint: 2400 ns, Total: 38600 ns
[3616.707s][info ][safepoint      ] Safepoint "Cleanup", Time since last: 1000101535 ns, Reaching safepoint: 47700 ns, At safepoint: 7300 ns, Total: 55000 ns
[3622.745s][info ][gc,start       ] GC(232) Pause Young (Allocation Failure)
[3622.749s][debug][gc,phases      ] GC(232) Scavenge 4.646ms
[3622.749s][debug][gc,ref         ] GC(232) Skipped phase 1 of Reference Processing: no references
[3622.749s][debug][gc,ref         ] GC(232) ReferenceProcessor::execute queues: 1, RefProcThreadModel::Single, marks_oops_alive: false
[3622.749s][debug][gc,ref         ] GC(232) Skipped phase 3 of Reference Processing: no references
[3622.749s][debug][gc,ref         ] GC(232) ReferenceProcessor::execute queues: 1, RefProcThreadModel::Single, marks_oops_alive: false
[3622.749s][debug][gc,phases      ] GC(232) Reference Processing 0.129ms
[3622.750s][debug][gc,phases      ] GC(232)   VM Weak                        Min:  0.0, Avg:  0.0, Max:  0.0, Diff:  0.0, Sum:  0.0, Workers: 4
[3622.750s][debug][gc,phases      ] GC(232)     Dead                           Min: 0, Avg:  0.0, Max: 0, Diff: 0, Sum: 0, Workers: 4
[3622.750s][debug][gc,phases      ] GC(232)     Total                          Min: 0, Avg: 212.0, Max: 448, Diff: 448, Sum: 848, Workers: 4
[3622.750s][debug][gc,phases      ] GC(232)   ObjectSynchronizer Weak        Min:  0.0, Avg:  0.0, Max:  0.0, Diff:  0.0, Sum:  0.0, Workers: 4
[3622.750s][debug][gc,phases      ] GC(232)     Dead                           Min: 0, Avg:  0.0, Max: 0, Diff: 0, Sum: 0, Workers: 4
[3622.750s][debug][gc,phases      ] GC(232)     Total                          Min: 0, Avg: 14.8, Max: 59, Diff: 59, Sum: 59, Workers: 4
[3622.750s][debug][gc,phases      ] GC(232)   JVMTI Tag Weak OopStorage      Min:  0.0, Avg:  0.0, Max:  0.0, Diff:  0.0, Sum:  0.0, Workers: 4
[3622.750s][debug][gc,phases      ] GC(232)     Dead                           Min: 0, Avg:  0.0, Max: 0, Diff: 0, Sum: 0, Workers: 4
[3622.750s][debug][gc,phases      ] GC(232)     Total                          Min: 0, Avg:  0.0, Max: 0, Diff: 0, Sum: 0, Workers: 4
[3622.750s][debug][gc,phases      ] GC(232)   StringTable Weak               Min:  0.0, Avg:  0.1, Max:  0.2, Diff:  0.2, Sum:  0.4, Workers: 4
[3622.750s][debug][gc,phases      ] GC(232)     Dead                           Min: 0, Avg:  0.0, Max: 0, Diff: 0, Sum: 0, Workers: 4
[3622.750s][debug][gc,phases      ] GC(232)     Total                          Min: 0, Avg: 11224.2, Max: 23040, Diff: 23040, Sum: 44897, Workers: 4
[3622.750s][debug][gc,phases      ] GC(232)   ResolvedMethodTable Weak       Min:  0.0, Avg:  0.0, Max:  0.0, Diff:  0.0, Sum:  0.1, Workers: 4
[3622.750s][debug][gc,phases      ] GC(232)     Dead                           Min: 0, Avg:  0.0, Max: 0, Diff: 0, Sum: 0, Workers: 4
[3622.750s][debug][gc,phases      ] GC(232)     Total                          Min: 0, Avg: 2453.5, Max: 5276, Diff: 5276, Sum: 9814, Workers: 4
[3622.750s][debug][gc,phases      ] GC(232)   JNI Weak                       Min:  0.0, Avg:  0.0, Max:  0.0, Diff:  0.0, Sum:  0.0, Workers: 4
[3622.750s][debug][gc,phases      ] GC(232)     Dead                           Min: 0, Avg:  0.0, Max: 0, Diff: 0, Sum: 0, Workers: 4
[3622.750s][debug][gc,phases      ] GC(232)     Total                          Min: 0, Avg: 11.2, Max: 45, Diff: 45, Sum: 45, Workers: 4
[3622.750s][debug][gc,phases      ] GC(232)   StringDedup Table Weak         Min:  0.0, Avg:  0.0, Max:  0.0, Diff:  0.0, Sum:  0.0, Workers: 4
[3622.750s][debug][gc,phases      ] GC(232)     Dead                           Min: 0, Avg:  0.0, Max: 0, Diff: 0, Sum: 0, Workers: 4
[3622.750s][debug][gc,phases      ] GC(232)     Total                          Min: 0, Avg:  0.0, Max: 0, Diff: 0, Sum: 0, Workers: 4
[3622.750s][debug][gc,phases      ] GC(232)   StringDedup Requests0 Weak     Min:  0.0, Avg:  0.0, Max:  0.0, Diff:  0.0, Sum:  0.0, Workers: 4
[3622.750s][debug][gc,phases      ] GC(232)     Dead                           Min: 0, Avg:  0.0, Max: 0, Diff: 0, Sum: 0, Workers: 4
[3622.750s][debug][gc,phases      ] GC(232)     Total                          Min: 0, Avg:  0.0, Max: 0, Diff: 0, Sum: 0, Workers: 4
[3622.750s][debug][gc,phases      ] GC(232)   StringDedup Requests1 Weak     Min:  0.0, Avg:  0.0, Max:  0.0, Diff:  0.0, Sum:  0.0, Workers: 4
[3622.750s][debug][gc,phases      ] GC(232)     Dead                           Min: 0, Avg:  0.0, Max: 0, Diff: 0, Sum: 0, Workers: 4
[3622.750s][debug][gc,phases      ] GC(232)     Total                          Min: 0, Avg:  0.0, Max: 0, Diff: 0, Sum: 0, Workers: 4
[3622.750s][debug][gc,phases      ] GC(232)   Weak JFR Old Object Samples    Min:  0.0, Avg:  0.0, Max:  0.0, Diff:  0.0, Sum:  0.0, Workers: 4
[3622.750s][debug][gc,phases      ] GC(232)     Dead                           Min: 0, Avg:  0.0, Max: 0, Diff: 0, Sum: 0, Workers: 4
[3622.750s][debug][gc,phases      ] GC(232)     Total                          Min: 0, Avg:  0.0, Max: 0, Diff: 0, Sum: 0, Workers: 4
[3622.750s][debug][gc,phases      ] GC(232) Weak Processing 0.464ms
[3622.750s][debug][gc,age         ] GC(232) Desired survivor size 3670016 bytes, new threshold 15 (max threshold 15)
[3622.750s][info ][gc,heap        ] GC(232) PSYoungGen: 2091520K(2093568K)->1616K(2093568K) Eden: 2089984K(2089984K)->0K(2089984K) From: 1536K(3584K)->1616K(3584K)
[3622.750s][info ][gc,heap        ] GC(232) ParOldGen: 372946K(458752K)->373074K(458752K)
[3622.750s][info ][gc,metaspace   ] GC(232) Metaspace: 83695K(84736K)->83695K(84736K) NonClass: 71763K(72320K)->71763K(72320K) Class: 11932K(12416K)->11932K(12416K)
[3622.750s][info ][gc             ] GC(232) Pause Young (Allocation Failure) 2406M->365M(2492M) 5.361ms
[3622.750s][info ][gc,cpu         ] GC(232) User=0.01s Sys=0.00s Real=0.01s
[3622.750s][info ][safepoint      ] Safepoint "ParallelGCFailedAllocation", Time since last: 6037095105 ns, Reaching safepoint: 20400 ns, At safepoint: 5441577 ns, Total: 5461977 ns
[3638.801s][info ][gc,start       ] GC(233) Pause Young (Allocation Failure)
[3638.806s][debug][gc,phases      ] GC(233) Scavenge 5.019ms
[3638.806s][debug][gc,ref         ] GC(233) Skipped phase 1 of Reference Processing: no references
[3638.806s][debug][gc,ref         ] GC(233) ReferenceProcessor::execute queues: 1, RefProcThreadModel::Single, marks_oops_alive: false
[3638.806s][debug][gc,ref         ] GC(233) Skipped phase 3 of Reference Processing: no references
[3638.806s][debug][gc,ref         ] GC(233) ReferenceProcessor::execute queues: 1, RefProcThreadModel::Single, marks_oops_alive: false
[3638.806s][debug][gc,phases      ] GC(233) Reference Processing 0.141ms
[3638.807s][debug][gc,phases      ] GC(233)   VM Weak                        Min:  0.0, Avg:  0.0, Max:  0.0, Diff:  0.0, Sum:  0.0, Workers: 4
[3638.807s][debug][gc,phases      ] GC(233)     Dead                           Min: 0, Avg:  0.0, Max: 0, Diff: 0, Sum: 0, Workers: 4
[3638.807s][debug][gc,phases      ] GC(233)     Total                          Min: 0, Avg: 212.0, Max: 848, Diff: 848, Sum: 848, Workers: 4
[3638.807s][debug][gc,phases      ] GC(233)   ObjectSynchronizer Weak        Min:  0.0, Avg:  0.0, Max:  0.0, Diff:  0.0, Sum:  0.0, Workers: 4
[3638.807s][debug][gc,phases      ] GC(233)     Dead                           Min: 0, Avg:  0.0, Max: 0, Diff: 0, Sum: 0, Workers: 4
[3638.807s][debug][gc,phases      ] GC(233)     Total                          Min: 0, Avg: 14.8, Max: 59, Diff: 59, Sum: 59, Workers: 4
[3638.807s][debug][gc,phases      ] GC(233)   JVMTI Tag Weak OopStorage      Min:  0.0, Avg:  0.0, Max:  0.0, Diff:  0.0, Sum:  0.0, Workers: 4
[3638.807s][debug][gc,phases      ] GC(233)     Dead                           Min: 0, Avg:  0.0, Max: 0, Diff: 0, Sum: 0, Workers: 4
[3638.807s][debug][gc,phases      ] GC(233)     Total                          Min: 0, Avg:  0.0, Max: 0, Diff: 0, Sum: 0, Workers: 4
[3638.807s][debug][gc,phases      ] GC(233)   StringTable Weak               Min:  0.0, Avg:  0.1, Max:  0.3, Diff:  0.3, Sum:  0.3, Workers: 4
[3638.807s][debug][gc,phases      ] GC(233)     Dead                           Min: 0, Avg:  0.0, Max: 0, Diff: 0, Sum: 0, Workers: 4
[3638.807s][debug][gc,phases      ] GC(233)     Total                          Min: 0, Avg: 11224.2, Max: 44897, Diff: 44897, Sum: 44897, Workers: 4
[3638.807s][debug][gc,phases      ] GC(233)   ResolvedMethodTable Weak       Min:  0.0, Avg:  0.0, Max:  0.1, Diff:  0.1, Sum:  0.1, Workers: 4
[3638.807s][debug][gc,phases      ] GC(233)     Dead                           Min: 0, Avg:  0.0, Max: 0, Diff: 0, Sum: 0, Workers: 4
[3638.807s][debug][gc,phases      ] GC(233)     Total                          Min: 0, Avg: 2453.5, Max: 9814, Diff: 9814, Sum: 9814, Workers: 4
[3638.807s][debug][gc,phases      ] GC(233)   JNI Weak                       Min:  0.0, Avg:  0.0, Max:  0.0, Diff:  0.0, Sum:  0.0, Workers: 4
[3638.807s][debug][gc,phases      ] GC(233)     Dead                           Min: 0, Avg:  0.0, Max: 0, Diff: 0, Sum: 0, Workers: 4
[3638.807s][debug][gc,phases      ] GC(233)     Total                          Min: 0, Avg: 11.2, Max: 45, Diff: 45, Sum: 45, Workers: 4
[3638.807s][debug][gc,phases      ] GC(233)   StringDedup Table Weak         Min:  0.0, Avg:  0.0, Max:  0.0, Diff:  0.0, Sum:  0.0, Workers: 4
[3638.807s][debug][gc,phases      ] GC(233)     Dead                           Min: 0, Avg:  0.0, Max: 0, Diff: 0, Sum: 0, Workers: 4
[3638.807s][debug][gc,phases      ] GC(233)     Total                          Min: 0, Avg:  0.0, Max: 0, Diff: 0, Sum: 0, Workers: 4
[3638.807s][debug][gc,phases      ] GC(233)   StringDedup Requests0 Weak     Min:  0.0, Avg:  0.0, Max:  0.0, Diff:  0.0, Sum:  0.0, Workers: 4
[3638.807s][debug][gc,phases      ] GC(233)     Dead                           Min: 0, Avg:  0.0, Max: 0, Diff: 0, Sum: 0, Workers: 4
[3638.807s][debug][gc,phases      ] GC(233)     Total                          Min: 0, Avg:  0.0, Max: 0, Diff: 0, Sum: 0, Workers: 4
[3638.807s][debug][gc,phases      ] GC(233)   StringDedup Requests1 Weak     Min:  0.0, Avg:  0.0, Max:  0.0, Diff:  0.0, Sum:  0.0, Workers: 4
[3638.807s][debug][gc,phases      ] GC(233)     Dead                           Min: 0, Avg:  0.0, Max: 0, Diff: 0, Sum: 0, Workers: 4
[3638.807s][debug][gc,phases      ] GC(233)     Total                          Min: 0, Avg:  0.0, Max: 0, Diff: 0, Sum: 0, Workers: 4
[3638.807s][debug][gc,phases      ] GC(233)   Weak JFR Old Object Samples    Min:  0.0, Avg:  0.0, Max:  0.0, Diff:  0.0, Sum:  0.0, Workers: 4
[3638.807s][debug][gc,phases      ] GC(233)     Dead                           Min: 0, Avg:  0.0, Max: 0, Diff: 0, Sum: 0, Workers: 4
[3638.807s][debug][gc,phases      ] GC(233)     Total                          Min: 0, Avg:  0.0, Max: 0, Diff: 0, Sum: 0, Workers: 4
[3638.807s][debug][gc,phases      ] GC(233) Weak Processing 0.705ms
[3638.807s][debug][gc,age         ] GC(233) Desired survivor size 3670016 bytes, new threshold 15 (max threshold 15)
[3638.807s][info ][gc,heap        ] GC(233) PSYoungGen: 2091600K(2093568K)->1248K(2093568K) Eden: 2089984K(2089984K)->0K(2089984K) From: 1616K(3584K)->1248K(3584K)
[3638.807s][info ][gc,heap        ] GC(233) ParOldGen: 373074K(458752K)->373511K(458752K)
[3638.807s][info ][gc,metaspace   ] GC(233) Metaspace: 83699K(84736K)->83699K(84736K) NonClass: 71766K(72320K)->71766K(72320K) Class: 11932K(12416K)->11932K(12416K)
[3638.807s][info ][gc             ] GC(233) Pause Young (Allocation Failure) 2406M->365M(2492M) 6.008ms
[3638.807s][info ][gc,cpu         ] GC(233) User=0.02s Sys=0.00s Real=0.01s
[3638.807s][info ][safepoint      ] Safepoint "ParallelGCFailedAllocation", Time since last: 16050937702 ns, Reaching safepoint: 109399 ns, At safepoint: 6105375 ns, Total: 6214774 ns
[3655.445s][info ][gc,start       ] GC(234) Pause Young (Allocation Failure)
[3655.450s][debug][gc,phases      ] GC(234) Scavenge 5.126ms
[3655.450s][debug][gc,ref         ] GC(234) Skipped phase 1 of Reference Processing: no references
[3655.450s][debug][gc,ref         ] GC(234) ReferenceProcessor::execute queues: 1, RefProcThreadModel::Single, marks_oops_alive: false
[3655.450s][debug][gc,ref         ] GC(234) Skipped phase 3 of Reference Processing: no references
[3655.450s][debug][gc,ref         ] GC(234) ReferenceProcessor::execute queues: 1, RefProcThreadModel::Single, marks_oops_alive: false
[3655.450s][debug][gc,phases      ] GC(234) Reference Processing 0.091ms
[3655.450s][debug][gc,phases      ] GC(234)   VM Weak                        Min:  0.0, Avg:  0.0, Max:  0.0, Diff:  0.0, Sum:  0.0, Workers: 4
[3655.450s][debug][gc,phases      ] GC(234)     Dead                           Min: 0, Avg:  0.0, Max: 0, Diff: 0, Sum: 0, Workers: 4
[3655.450s][debug][gc,phases      ] GC(234)     Total                          Min: 0, Avg: 212.0, Max: 384, Diff: 384, Sum: 848, Workers: 4
[3655.450s][debug][gc,phases      ] GC(234)   ObjectSynchronizer Weak        Min:  0.0, Avg:  0.0, Max:  0.0, Diff:  0.0, Sum:  0.0, Workers: 4
[3655.450s][debug][gc,phases      ] GC(234)     Dead                           Min: 0, Avg:  0.0, Max: 0, Diff: 0, Sum: 0, Workers: 4
[3655.450s][debug][gc,phases      ] GC(234)     Total                          Min: 0, Avg: 14.8, Max: 59, Diff: 59, Sum: 59, Workers: 4
[3655.450s][debug][gc,phases      ] GC(234)   JVMTI Tag Weak OopStorage      Min:  0.0, Avg:  0.0, Max:  0.0, Diff:  0.0, Sum:  0.0, Workers: 4
[3655.450s][debug][gc,phases      ] GC(234)     Dead                           Min: 0, Avg:  0.0, Max: 0, Diff: 0, Sum: 0, Workers: 4
[3655.450s][debug][gc,phases      ] GC(234)     Total                          Min: 0, Avg:  0.0, Max: 0, Diff: 0, Sum: 0, Workers: 4
[3655.450s][debug][gc,phases      ] GC(234)   StringTable Weak               Min:  0.0, Avg:  0.1, Max:  0.1, Diff:  0.1, Sum:  0.4, Workers: 4
[3655.450s][debug][gc,phases      ] GC(234)     Dead                           Min: 0, Avg:  0.0, Max: 0, Diff: 0, Sum: 0, Workers: 4
[3655.450s][debug][gc,phases      ] GC(234)     Total                          Min: 0, Avg: 11224.2, Max: 15424, Diff: 15424, Sum: 44897, Workers: 4
[3655.450s][debug][gc,phases      ] GC(234)   ResolvedMethodTable Weak       Min:  0.0, Avg:  0.0, Max:  0.0, Diff:  0.0, Sum:  0.1, Workers: 4
[3655.450s][debug][gc,phases      ] GC(234)     Dead                           Min: 0, Avg:  0.0, Max: 0, Diff: 0, Sum: 0, Workers: 4
[3655.450s][debug][gc,phases      ] GC(234)     Total                          Min: 0, Avg: 2453.5, Max: 3356, Diff: 3356, Sum: 9814, Workers: 4
[3655.450s][debug][gc,phases      ] GC(234)   JNI Weak                       Min:  0.0, Avg:  0.0, Max:  0.0, Diff:  0.0, Sum:  0.0, Workers: 4
[3655.450s][debug][gc,phases      ] GC(234)     Dead                           Min: 0, Avg:  0.0, Max: 0, Diff: 0, Sum: 0, Workers: 4
[3655.450s][debug][gc,phases      ] GC(234)     Total                          Min: 0, Avg: 11.2, Max: 45, Diff: 45, Sum: 45, Workers: 4
[3655.450s][debug][gc,phases      ] GC(234)   StringDedup Table Weak         Min:  0.0, Avg:  0.0, Max:  0.0, Diff:  0.0, Sum:  0.0, Workers: 4
[3655.450s][debug][gc,phases      ] GC(234)     Dead                           Min: 0, Avg:  0.0, Max: 0, Diff: 0, Sum: 0, Workers: 4
[3655.450s][debug][gc,phases      ] GC(234)     Total                          Min: 0, Avg:  0.0, Max: 0, Diff: 0, Sum: 0, Workers: 4
[3655.450s][debug][gc,phases      ] GC(234)   StringDedup Requests0 Weak     Min:  0.0, Avg:  0.0, Max:  0.0, Diff:  0.0, Sum:  0.0, Workers: 4
[3655.450s][debug][gc,phases      ] GC(234)     Dead                           Min: 0, Avg:  0.0, Max: 0, Diff: 0, Sum: 0, Workers: 4
[3655.450s][debug][gc,phases      ] GC(234)     Total                          Min: 0, Avg:  0.0, Max: 0, Diff: 0, Sum: 0, Workers: 4
[3655.450s][debug][gc,phases      ] GC(234)   StringDedup Requests1 Weak     Min:  0.0, Avg:  0.0, Max:  0.0, Diff:  0.0, Sum:  0.0, Workers: 4
[3655.450s][debug][gc,phases      ] GC(234)     Dead                           Min: 0, Avg:  0.0, Max: 0, Diff: 0, Sum: 0, Workers: 4
[3655.450s][debug][gc,phases      ] GC(234)     Total                          Min: 0, Avg:  0.0, Max: 0, Diff: 0, Sum: 0, Workers: 4
[3655.450s][debug][gc,phases      ] GC(234)   Weak JFR Old Object Samples    Min:  0.0, Avg:  0.0, Max:  0.0, Diff:  0.0, Sum:  0.0, Workers: 4
[3655.450s][debug][gc,phases      ] GC(234)     Dead                           Min: 0, Avg:  0.0, Max: 0, Diff: 0, Sum: 0, Workers: 4
[3655.450s][debug][gc,phases      ] GC(234)     Total                          Min: 0, Avg:  0.0, Max: 0, Diff: 0, Sum: 0, Workers: 4
[3655.450s][debug][gc,phases      ] GC(234) Weak Processing 0.343ms
[3655.450s][debug][gc,age         ] GC(234) Desired survivor size 3670016 bytes, new threshold 15 (max threshold 15)
[3655.450s][info ][gc,heap        ] GC(234) PSYoungGen: 2091232K(2093568K)->1248K(2093568K) Eden: 2089984K(2089984K)->0K(2089984K) From: 1248K(3584K)->1248K(3584K)
[3655.450s][info ][gc,heap        ] GC(234) ParOldGen: 373511K(458752K)->373519K(458752K)
[3655.450s][info ][gc,metaspace   ] GC(234) Metaspace: 83699K(84736K)->83699K(84736K) NonClass: 71766K(72320K)->71766K(72320K) Class: 11932K(12416K)->11932K(12416K)
[3655.450s][info ][gc             ] GC(234) Pause Young (Allocation Failure) 2406M->365M(2492M) 5.666ms
[3655.450s][info ][gc,cpu         ] GC(234) User=0.02s Sys=0.00s Real=0.01s
[3655.450s][info ][safepoint      ] Safepoint "ParallelGCFailedAllocation", Time since last: 16637340666 ns, Reaching safepoint: 40100 ns, At safepoint: 5730776 ns, Total: 5770876 ns
[3672.293s][info ][gc,start       ] GC(235) Pause Young (Allocation Failure)
[3672.298s][debug][gc,phases      ] GC(235) Scavenge 5.099ms
[3672.298s][debug][gc,ref         ] GC(235) Skipped phase 1 of Reference Processing: no references
[3672.298s][debug][gc,ref         ] GC(235) ReferenceProcessor::execute queues: 1, RefProcThreadModel::Single, marks_oops_alive: false
[3672.298s][debug][gc,ref         ] GC(235) Skipped phase 3 of Reference Processing: no references
[3672.298s][debug][gc,ref         ] GC(235) ReferenceProcessor::execute queues: 1, RefProcThreadModel::Single, marks_oops_alive: false
[3672.298s][debug][gc,phases      ] GC(235) Reference Processing 0.092ms
[3672.298s][debug][gc,phases      ] GC(235)   VM Weak                        Min:  0.0, Avg:  0.0, Max:  0.0, Diff:  0.0, Sum:  0.0, Workers: 4
[3672.298s][debug][gc,phases      ] GC(235)     Dead                           Min: 0, Avg:  0.0, Max: 0, Diff: 0, Sum: 0, Workers: 4
[3672.298s][debug][gc,phases      ] GC(235)     Total                          Min: 0, Avg: 212.0, Max: 576, Diff: 576, Sum: 848, Workers: 4
[3672.298s][debug][gc,phases      ] GC(235)   ObjectSynchronizer Weak        Min:  0.0, Avg:  0.0, Max:  0.0, Diff:  0.0, Sum:  0.0, Workers: 4
[3672.298s][debug][gc,phases      ] GC(235)     Dead                           Min: 0, Avg:  0.0, Max: 0, Diff: 0, Sum: 0, Workers: 4
[3672.298s][debug][gc,phases      ] GC(235)     Total                          Min: 0, Avg: 14.8, Max: 59, Diff: 59, Sum: 59, Workers: 4
[3672.298s][debug][gc,phases      ] GC(235)   JVMTI Tag Weak OopStorage      Min:  0.0, Avg:  0.0, Max:  0.0, Diff:  0.0, Sum:  0.0, Workers: 4
[3672.298s][debug][gc,phases      ] GC(235)     Dead                           Min: 0, Avg:  0.0, Max: 0, Diff: 0, Sum: 0, Workers: 4
[3672.298s][debug][gc,phases      ] GC(235)     Total                          Min: 0, Avg:  0.0, Max: 0, Diff: 0, Sum: 0, Workers: 4
[3672.298s][debug][gc,phases      ] GC(235)   StringTable Weak               Min:  0.0, Avg:  0.1, Max:  0.1, Diff:  0.1, Sum:  0.3, Workers: 4
[3672.298s][debug][gc,phases      ] GC(235)     Dead                           Min: 0, Avg:  0.0, Max: 0, Diff: 0, Sum: 0, Workers: 4
[3672.298s][debug][gc,phases      ] GC(235)     Total                          Min: 0, Avg: 11224.2, Max: 27361, Diff: 27361, Sum: 44897, Workers: 4
[3672.298s][debug][gc,phases      ] GC(235)   ResolvedMethodTable Weak       Min:  0.0, Avg:  0.0, Max:  0.0, Diff:  0.0, Sum:  0.1, Workers: 4
[3672.298s][debug][gc,phases      ] GC(235)     Dead                           Min: 0, Avg:  0.0, Max: 0, Diff: 0, Sum: 0, Workers: 4
[3672.298s][debug][gc,phases      ] GC(235)     Total                          Min: 0, Avg: 2453.5, Max: 5654, Diff: 5654, Sum: 9814, Workers: 4
[3672.298s][debug][gc,phases      ] GC(235)   JNI Weak                       Min:  0.0, Avg:  0.0, Max:  0.0, Diff:  0.0, Sum:  0.0, Workers: 4
[3672.298s][debug][gc,phases      ] GC(235)     Dead                           Min: 0, Avg:  0.0, Max: 0, Diff: 0, Sum: 0, Workers: 4
[3672.298s][debug][gc,phases      ] GC(235)     Total                          Min: 0, Avg: 11.2, Max: 45, Diff: 45, Sum: 45, Workers: 4
[3672.298s][debug][gc,phases      ] GC(235)   StringDedup Table Weak         Min:  0.0, Avg:  0.0, Max:  0.0, Diff:  0.0, Sum:  0.0, Workers: 4
[3672.299s][debug][gc,phases      ] GC(235)     Dead                           Min: 0, Avg:  0.0, Max: 0, Diff: 0, Sum: 0, Workers: 4
[3672.299s][debug][gc,phases      ] GC(235)     Total                          Min: 0, Avg:  0.0, Max: 0, Diff: 0, Sum: 0, Workers: 4
[3672.299s][debug][gc,phases      ] GC(235)   StringDedup Requests0 Weak     Min:  0.0, Avg:  0.0, Max:  0.0, Diff:  0.0, Sum:  0.0, Workers: 4
[3672.299s][debug][gc,phases      ] GC(235)     Dead                           Min: 0, Avg:  0.0, Max: 0, Diff: 0, Sum: 0, Workers: 4
[3672.299s][debug][gc,phases      ] GC(235)     Total                          Min: 0, Avg:  0.0, Max: 0, Diff: 0, Sum: 0, Workers: 4
[3672.299s][debug][gc,phases      ] GC(235)   StringDedup Requests1 Weak     Min:  0.0, Avg:  0.0, Max:  0.0, Diff:  0.0, Sum:  0.0, Workers: 4
[3672.299s][debug][gc,phases      ] GC(235)     Dead                           Min: 0, Avg:  0.0, Max: 0, Diff: 0, Sum: 0, Workers: 4
[3672.299s][debug][gc,phases      ] GC(235)     Total                          Min: 0, Avg:  0.0, Max: 0, Diff: 0, Sum: 0, Workers: 4
[3672.299s][debug][gc,phases      ] GC(235)   Weak JFR Old Object Samples    Min:  0.0, Avg:  0.0, Max:  0.0, Diff:  0.0, Sum:  0.0, Workers: 4
[3672.299s][debug][gc,phases      ] GC(235)     Dead                           Min: 0, Avg:  0.0, Max: 0, Diff: 0, Sum: 0, Workers: 4
[3672.299s][debug][gc,phases      ] GC(235)     Total                          Min: 0, Avg:  0.0, Max: 0, Diff: 0, Sum: 0, Workers: 4
[3672.299s][debug][gc,phases      ] GC(235) Weak Processing 0.350ms
[3672.299s][debug][gc,age         ] GC(235) Desired survivor size 3145728 bytes, new threshold 15 (max threshold 15)
[3672.299s][info ][gc,heap        ] GC(235) PSYoungGen: 2091232K(2093568K)->1312K(2094080K) Eden: 2089984K(2089984K)->0K(2090496K) From: 1248K(3584K)->1312K(3584K)
[3672.299s][info ][gc,heap        ] GC(235) ParOldGen: 373519K(458752K)->373527K(458752K)
[3672.299s][info ][gc,metaspace   ] GC(235) Metaspace: 83700K(84736K)->83700K(84736K) NonClass: 71767K(72320K)->71767K(72320K) Class: 11932K(12416K)->11932K(12416K)
[3672.299s][info ][gc             ] GC(235) Pause Young (Allocation Failure) 2406M->366M(2493M) 5.637ms
[3672.299s][info ][gc,cpu         ] GC(235) User=0.02s Sys=0.00s Real=0.01s
[3672.299s][info ][safepoint      ] Safepoint "ParallelGCFailedAllocation", Time since last: 16842628147 ns, Reaching safepoint: 35600 ns, At safepoint: 5699977 ns, Total: 5735577 ns
[3691.154s][info ][gc,start       ] GC(236) Pause Young (Allocation Failure)
[3691.161s][debug][gc,phases      ] GC(236) Scavenge 6.742ms
[3691.161s][debug][gc,ref         ] GC(236) Skipped phase 1 of Reference Processing: no references
[3691.161s][debug][gc,ref         ] GC(236) ReferenceProcessor::execute queues: 1, RefProcThreadModel::Single, marks_oops_alive: false
[3691.161s][debug][gc,ref         ] GC(236) Skipped phase 3 of Reference Processing: no references
[3691.161s][debug][gc,ref         ] GC(236) Skipped phase 4 of Reference Processing: no references
[3691.161s][debug][gc,phases      ] GC(236) Reference Processing 0.128ms
[3691.161s][debug][gc,phases      ] GC(236)   VM Weak                        Min:  0.0, Avg:  0.0, Max:  0.0, Diff:  0.0, Sum:  0.0, Workers: 4
[3691.161s][debug][gc,phases      ] GC(236)     Dead                           Min: 0, Avg:  0.0, Max: 0, Diff: 0, Sum: 0, Workers: 4
[3691.161s][debug][gc,phases      ] GC(236)     Total                          Min: 0, Avg: 212.0, Max: 848, Diff: 848, Sum: 848, Workers: 4
[3691.161s][debug][gc,phases      ] GC(236)   ObjectSynchronizer Weak        Min:  0.0, Avg:  0.0, Max:  0.0, Diff:  0.0, Sum:  0.0, Workers: 4
[3691.161s][debug][gc,phases      ] GC(236)     Dead                           Min: 0, Avg:  0.0, Max: 0, Diff: 0, Sum: 0, Workers: 4
[3691.161s][debug][gc,phases      ] GC(236)     Total                          Min: 0, Avg: 14.8, Max: 59, Diff: 59, Sum: 59, Workers: 4
[3691.161s][debug][gc,phases      ] GC(236)   JVMTI Tag Weak OopStorage      Min:  0.0, Avg:  0.0, Max:  0.0, Diff:  0.0, Sum:  0.0, Workers: 4
[3691.161s][debug][gc,phases      ] GC(236)     Dead                           Min: 0, Avg:  0.0, Max: 0, Diff: 0, Sum: 0, Workers: 4
[3691.161s][debug][gc,phases      ] GC(236)     Total                          Min: 0, Avg:  0.0, Max: 0, Diff: 0, Sum: 0, Workers: 4
[3691.161s][debug][gc,phases      ] GC(236)   StringTable Weak               Min:  0.0, Avg:  0.1, Max:  0.2, Diff:  0.2, Sum:  0.4, Workers: 4
[3691.161s][debug][gc,phases      ] GC(236)     Dead                           Min: 0, Avg:  0.0, Max: 0, Diff: 0, Sum: 0, Workers: 4
[3691.161s][debug][gc,phases      ] GC(236)     Total                          Min: 0, Avg: 11224.2, Max: 22720, Diff: 22720, Sum: 44897, Workers: 4
[3691.161s][debug][gc,phases      ] GC(236)   ResolvedMethodTable Weak       Min:  0.0, Avg:  0.0, Max:  0.0, Diff:  0.0, Sum:  0.1, Workers: 4
[3691.161s][debug][gc,phases      ] GC(236)     Dead                           Min: 0, Avg:  0.0, Max: 0, Diff: 0, Sum: 0, Workers: 4
[3691.161s][debug][gc,phases      ] GC(236)     Total                          Min: 0, Avg: 2453.5, Max: 5142, Diff: 5142, Sum: 9814, Workers: 4
[3691.161s][debug][gc,phases      ] GC(236)   JNI Weak                       Min:  0.0, Avg:  0.0, Max:  0.0, Diff:  0.0, Sum:  0.0, Workers: 4
[3691.161s][debug][gc,phases      ] GC(236)     Dead                           Min: 0, Avg:  0.0, Max: 0, Diff: 0, Sum: 0, Workers: 4
[3691.161s][debug][gc,phases      ] GC(236)     Total                          Min: 0, Avg: 11.2, Max: 45, Diff: 45, Sum: 45, Workers: 4
[3691.161s][debug][gc,phases      ] GC(236)   StringDedup Table Weak         Min:  0.0, Avg:  0.0, Max:  0.0, Diff:  0.0, Sum:  0.0, Workers: 4
[3691.161s][debug][gc,phases      ] GC(236)     Dead                           Min: 0, Avg:  0.0, Max: 0, Diff: 0, Sum: 0, Workers: 4
[3691.161s][debug][gc,phases      ] GC(236)     Total                          Min: 0, Avg:  0.0, Max: 0, Diff: 0, Sum: 0, Workers: 4
[3691.161s][debug][gc,phases      ] GC(236)   StringDedup Requests0 Weak     Min:  0.0, Avg:  0.0, Max:  0.0, Diff:  0.0, Sum:  0.0, Workers: 4
[3691.161s][debug][gc,phases      ] GC(236)     Dead                           Min: 0, Avg:  0.0, Max: 0, Diff: 0, Sum: 0, Workers: 4
[3691.161s][debug][gc,phases      ] GC(236)     Total                          Min: 0, Avg:  0.0, Max: 0, Diff: 0, Sum: 0, Workers: 4
[3691.161s][debug][gc,phases      ] GC(236)   StringDedup Requests1 Weak     Min:  0.0, Avg:  0.0, Max:  0.0, Diff:  0.0, Sum:  0.0, Workers: 4
[3691.161s][debug][gc,phases      ] GC(236)     Dead                           Min: 0, Avg:  0.0, Max: 0, Diff: 0, Sum: 0, Workers: 4
[3691.161s][debug][gc,phases      ] GC(236)     Total                          Min: 0, Avg:  0.0, Max: 0, Diff: 0, Sum: 0, Workers: 4
[3691.161s][debug][gc,phases      ] GC(236)   Weak JFR Old Object Samples    Min:  0.0, Avg:  0.0, Max:  0.0, Diff:  0.0, Sum:  0.0, Workers: 4
[3691.161s][debug][gc,phases      ] GC(236)     Dead                           Min: 0, Avg:  0.0, Max: 0, Diff: 0, Sum: 0, Workers: 4
[3691.161s][debug][gc,phases      ] GC(236)     Total                          Min: 0, Avg:  0.0, Max: 0, Diff: 0, Sum: 0, Workers: 4
[3691.161s][debug][gc,phases      ] GC(236) Weak Processing 0.484ms
[3691.161s][debug][gc,age         ] GC(236) Desired survivor size 3145728 bytes, new threshold 15 (max threshold 15)
[3691.161s][info ][gc,heap        ] GC(236) PSYoungGen: 2091808K(2094080K)->1232K(2093568K) Eden: 2090496K(2090496K)->0K(2090496K) From: 1312K(3584K)->1232K(3072K)
[3691.161s][info ][gc,heap        ] GC(236) ParOldGen: 373527K(458752K)->373535K(458752K)
[3691.161s][info ][gc,metaspace   ] GC(236) Metaspace: 83702K(84736K)->83702K(84736K) NonClass: 71769K(72320K)->71769K(72320K) Class: 11932K(12416K)->11932K(12416K)
[3691.161s][info ][gc             ] GC(236) Pause Young (Allocation Failure) 2407M->365M(2492M) 7.488ms
[3691.161s][info ][gc,cpu         ] GC(236) User=0.01s Sys=0.00s Real=0.01s
[3691.161s][info ][safepoint      ] Safepoint "ParallelGCFailedAllocation", Time since last: 18855201581 ns, Reaching safepoint: 34300 ns, At safepoint: 7577869 ns, Total: 7612169 ns
[3694.162s][info ][safepoint      ] Safepoint "Cleanup", Time since last: 3000213968 ns, Reaching safepoint: 42800 ns, At safepoint: 2400 ns, Total: 45200 ns
[3697.162s][info ][safepoint      ] Safepoint "Cleanup", Time since last: 3000236278 ns, Reaching safepoint: 35900 ns, At safepoint: 3400 ns, Total: 39300 ns
[3706.163s][info ][safepoint      ] Safepoint "Cleanup", Time since last: 9000644878 ns, Reaching safepoint: 37700 ns, At safepoint: 3600 ns, Total: 41300 ns
[3707.163s][info ][safepoint      ] Safepoint "Cleanup", Time since last: 1000091787 ns, Reaching safepoint: 37300 ns, At safepoint: 2900 ns, Total: 40200 ns
[3707.394s][info ][gc,start       ] GC(237) Pause Young (Allocation Failure)
[3707.399s][debug][gc,phases      ] GC(237) Scavenge 4.793ms
[3707.399s][debug][gc,ref         ] GC(237) Skipped phase 1 of Reference Processing: no references
[3707.399s][debug][gc,ref         ] GC(237) ReferenceProcessor::execute queues: 1, RefProcThreadModel::Single, marks_oops_alive: false
[3707.399s][debug][gc,ref         ] GC(237) Skipped phase 3 of Reference Processing: no references
[3707.399s][debug][gc,ref         ] GC(237) Skipped phase 4 of Reference Processing: no references
[3707.399s][debug][gc,phases      ] GC(237) Reference Processing 0.107ms
[3707.399s][debug][gc,phases      ] GC(237)   VM Weak                        Min:  0.0, Avg:  0.0, Max:  0.0, Diff:  0.0, Sum:  0.0, Workers: 4
[3707.399s][debug][gc,phases      ] GC(237)     Dead                           Min: 0, Avg:  0.0, Max: 0, Diff: 0, Sum: 0, Workers: 4
[3707.399s][debug][gc,phases      ] GC(237)     Total                          Min: 0, Avg: 212.0, Max: 832, Diff: 832, Sum: 848, Workers: 4
[3707.399s][debug][gc,phases      ] GC(237)   ObjectSynchronizer Weak        Min:  0.0, Avg:  0.0, Max:  0.0, Diff:  0.0, Sum:  0.0, Workers: 4
[3707.399s][debug][gc,phases      ] GC(237)     Dead                           Min: 0, Avg:  0.0, Max: 0, Diff: 0, Sum: 0, Workers: 4
[3707.399s][debug][gc,phases      ] GC(237)     Total                          Min: 0, Avg: 14.8, Max: 59, Diff: 59, Sum: 59, Workers: 4
[3707.399s][debug][gc,phases      ] GC(237)   JVMTI Tag Weak OopStorage      Min:  0.0, Avg:  0.0, Max:  0.0, Diff:  0.0, Sum:  0.0, Workers: 4
[3707.399s][debug][gc,phases      ] GC(237)     Dead                           Min: 0, Avg:  0.0, Max: 0, Diff: 0, Sum: 0, Workers: 4
[3707.399s][debug][gc,phases      ] GC(237)     Total                          Min: 0, Avg:  0.0, Max: 0, Diff: 0, Sum: 0, Workers: 4
[3707.399s][debug][gc,phases      ] GC(237)   StringTable Weak               Min:  0.0, Avg:  0.1, Max:  0.2, Diff:  0.2, Sum:  0.4, Workers: 4
[3707.399s][debug][gc,phases      ] GC(237)     Dead                           Min: 0, Avg:  0.0, Max: 0, Diff: 0, Sum: 0, Workers: 4
[3707.399s][debug][gc,phases      ] GC(237)     Total                          Min: 0, Avg: 11224.8, Max: 22627, Diff: 22627, Sum: 44899, Workers: 4
[3707.399s][debug][gc,phases      ] GC(237)   ResolvedMethodTable Weak       Min:  0.0, Avg:  0.0, Max:  0.0, Diff:  0.0, Sum:  0.1, Workers: 4
[3707.399s][debug][gc,phases      ] GC(237)     Dead                           Min: 0, Avg:  0.0, Max: 0, Diff: 0, Sum: 0, Workers: 4
[3707.399s][debug][gc,phases      ] GC(237)     Total                          Min: 0, Avg: 2453.5, Max: 5178, Diff: 5178, Sum: 9814, Workers: 4
[3707.399s][debug][gc,phases      ] GC(237)   JNI Weak                       Min:  0.0, Avg:  0.0, Max:  0.0, Diff:  0.0, Sum:  0.0, Workers: 4
[3707.399s][debug][gc,phases      ] GC(237)     Dead                           Min: 0, Avg:  0.0, Max: 0, Diff: 0, Sum: 0, Workers: 4
[3707.399s][debug][gc,phases      ] GC(237)     Total                          Min: 0, Avg: 11.2, Max: 45, Diff: 45, Sum: 45, Workers: 4
[3707.399s][debug][gc,phases      ] GC(237)   StringDedup Table Weak         Min:  0.0, Avg:  0.0, Max:  0.0, Diff:  0.0, Sum:  0.0, Workers: 4
[3707.399s][debug][gc,phases      ] GC(237)     Dead                           Min: 0, Avg:  0.0, Max: 0, Diff: 0, Sum: 0, Workers: 4
[3707.399s][debug][gc,phases      ] GC(237)     Total                          Min: 0, Avg:  0.0, Max: 0, Diff: 0, Sum: 0, Workers: 4
[3707.399s][debug][gc,phases      ] GC(237)   StringDedup Requests0 Weak     Min:  0.0, Avg:  0.0, Max:  0.0, Diff:  0.0, Sum:  0.0, Workers: 4
[3707.399s][debug][gc,phases      ] GC(237)     Dead                           Min: 0, Avg:  0.0, Max: 0, Diff: 0, Sum: 0, Workers: 4
[3707.399s][debug][gc,phases      ] GC(237)     Total                          Min: 0, Avg:  0.0, Max: 0, Diff: 0, Sum: 0, Workers: 4
[3707.399s][debug][gc,phases      ] GC(237)   StringDedup Requests1 Weak     Min:  0.0, Avg:  0.0, Max:  0.0, Diff:  0.0, Sum:  0.0, Workers: 4
[3707.399s][debug][gc,phases      ] GC(237)     Dead                           Min: 0, Avg:  0.0, Max: 0, Diff: 0, Sum: 0, Workers: 4
[3707.399s][debug][gc,phases      ] GC(237)     Total                          Min: 0, Avg:  0.0, Max: 0, Diff: 0, Sum: 0, Workers: 4
[3707.399s][debug][gc,phases      ] GC(237)   Weak JFR Old Object Samples    Min:  0.0, Avg:  0.0, Max:  0.0, Diff:  0.0, Sum:  0.0, Workers: 4
[3707.399s][debug][gc,phases      ] GC(237)     Dead                           Min: 0, Avg:  0.0, Max: 0, Diff: 0, Sum: 0, Workers: 4
[3707.399s][debug][gc,phases      ] GC(237)     Total                          Min: 0, Avg:  0.0, Max: 0, Diff: 0, Sum: 0, Workers: 4
[3707.399s][debug][gc,phases      ] GC(237) Weak Processing 0.468ms
[3707.399s][debug][gc,age         ] GC(237) Desired survivor size 3145728 bytes, new threshold 15 (max threshold 15)
[3707.399s][info ][gc,heap        ] GC(237) PSYoungGen: 2091728K(2093568K)->1328K(2094080K) Eden: 2090496K(2090496K)->0K(2091008K) From: 1232K(3072K)->1328K(3072K)
[3707.399s][info ][gc,heap        ] GC(237) ParOldGen: 373535K(458752K)->373567K(458752K)
[3707.399s][info ][gc,metaspace   ] GC(237) Metaspace: 83713K(84736K)->83713K(84736K) NonClass: 71780K(72320K)->71780K(72320K) Class: 11932K(12416K)->11932K(12416K)
[3707.399s][info ][gc             ] GC(237) Pause Young (Allocation Failure) 2407M->366M(2493M) 5.475ms
[3707.399s][info ][gc,cpu         ] GC(237) User=0.02s Sys=0.00s Real=0.01s
[3707.399s][info ][safepoint      ] Safepoint "ParallelGCFailedAllocation", Time since last: 230883851 ns, Reaching safepoint: 20100 ns, At safepoint: 5549877 ns, Total: 5569977 ns
[3718.400s][info ][safepoint      ] Safepoint "Cleanup", Time since last: 11000683491 ns, Reaching safepoint: 35500 ns, At safepoint: 2400 ns, Total: 37900 ns
[3723.747s][info ][gc,start       ] GC(238) Pause Young (Allocation Failure)
[3723.751s][debug][gc,phases      ] GC(238) Scavenge 4.406ms
[3723.751s][debug][gc,ref         ] GC(238) Skipped phase 1 of Reference Processing: no references
[3723.751s][debug][gc,ref         ] GC(238) ReferenceProcessor::execute queues: 1, RefProcThreadModel::Single, marks_oops_alive: false
[3723.751s][debug][gc,ref         ] GC(238) Skipped phase 3 of Reference Processing: no references
[3723.751s][debug][gc,ref         ] GC(238) Skipped phase 4 of Reference Processing: no references
[3723.751s][debug][gc,phases      ] GC(238) Reference Processing 0.112ms
[3723.752s][debug][gc,phases      ] GC(238)   VM Weak                        Min:  0.0, Avg:  0.0, Max:  0.0, Diff:  0.0, Sum:  0.0, Workers: 4
[3723.752s][debug][gc,phases      ] GC(238)     Dead                           Min: 0, Avg:  0.0, Max: 0, Diff: 0, Sum: 0, Workers: 4
[3723.752s][debug][gc,phases      ] GC(238)     Total                          Min: 0, Avg: 212.0, Max: 640, Diff: 640, Sum: 848, Workers: 4
[3723.752s][debug][gc,phases      ] GC(238)   ObjectSynchronizer Weak        Min:  0.0, Avg:  0.0, Max:  0.0, Diff:  0.0, Sum:  0.0, Workers: 4
[3723.752s][debug][gc,phases      ] GC(238)     Dead                           Min: 0, Avg:  0.0, Max: 0, Diff: 0, Sum: 0, Workers: 4
[3723.752s][debug][gc,phases      ] GC(238)     Total                          Min: 0, Avg: 14.8, Max: 59, Diff: 59, Sum: 59, Workers: 4
[3723.752s][debug][gc,phases      ] GC(238)   JVMTI Tag Weak OopStorage      Min:  0.0, Avg:  0.0, Max:  0.0, Diff:  0.0, Sum:  0.0, Workers: 4
[3723.752s][debug][gc,phases      ] GC(238)     Dead                           Min: 0, Avg:  0.0, Max: 0, Diff: 0, Sum: 0, Workers: 4
[3723.752s][debug][gc,phases      ] GC(238)     Total                          Min: 0, Avg:  0.0, Max: 0, Diff: 0, Sum: 0, Workers: 4
[3723.752s][debug][gc,phases      ] GC(238)   StringTable Weak               Min:  0.0, Avg:  0.1, Max:  0.1, Diff:  0.1, Sum:  0.4, Workers: 4
[3723.752s][debug][gc,phases      ] GC(238)     Dead                           Min: 0, Avg:  0.0, Max: 0, Diff: 0, Sum: 0, Workers: 4
[3723.752s][debug][gc,phases      ] GC(238)     Total                          Min: 0, Avg: 11224.8, Max: 15616, Diff: 15616, Sum: 44899, Workers: 4
[3723.752s][debug][gc,phases      ] GC(238)   ResolvedMethodTable Weak       Min:  0.0, Avg:  0.0, Max:  0.0, Diff:  0.0, Sum:  0.1, Workers: 4
[3723.752s][debug][gc,phases      ] GC(238)     Dead                           Min: 0, Avg:  0.0, Max: 0, Diff: 0, Sum: 0, Workers: 4
[3723.752s][debug][gc,phases      ] GC(238)     Total                          Min: 0, Avg: 2453.5, Max: 4288, Diff: 4288, Sum: 9814, Workers: 4
[3723.752s][debug][gc,phases      ] GC(238)   JNI Weak                       Min:  0.0, Avg:  0.0, Max:  0.0, Diff:  0.0, Sum:  0.0, Workers: 4
[3723.752s][debug][gc,phases      ] GC(238)     Dead                           Min: 0, Avg:  0.0, Max: 0, Diff: 0, Sum: 0, Workers: 4
[3723.752s][debug][gc,phases      ] GC(238)     Total                          Min: 0, Avg: 11.2, Max: 45, Diff: 45, Sum: 45, Workers: 4
[3723.752s][debug][gc,phases      ] GC(238)   StringDedup Table Weak         Min:  0.0, Avg:  0.0, Max:  0.0, Diff:  0.0, Sum:  0.0, Workers: 4
[3723.752s][debug][gc,phases      ] GC(238)     Dead                           Min: 0, Avg:  0.0, Max: 0, Diff: 0, Sum: 0, Workers: 4
[3723.752s][debug][gc,phases      ] GC(238)     Total                          Min: 0, Avg:  0.0, Max: 0, Diff: 0, Sum: 0, Workers: 4
[3723.752s][debug][gc,phases      ] GC(238)   StringDedup Requests0 Weak     Min:  0.0, Avg:  0.0, Max:  0.0, Diff:  0.0, Sum:  0.0, Workers: 4
[3723.752s][debug][gc,phases      ] GC(238)     Dead                           Min: 0, Avg:  0.0, Max: 0, Diff: 0, Sum: 0, Workers: 4
[3723.752s][debug][gc,phases      ] GC(238)     Total                          Min: 0, Avg:  0.0, Max: 0, Diff: 0, Sum: 0, Workers: 4
[3723.752s][debug][gc,phases      ] GC(238)   StringDedup Requests1 Weak     Min:  0.0, Avg:  0.0, Max:  0.0, Diff:  0.0, Sum:  0.0, Workers: 4
[3723.752s][debug][gc,phases      ] GC(238)     Dead                           Min: 0, Avg:  0.0, Max: 0, Diff: 0, Sum: 0, Workers: 4
[3723.752s][debug][gc,phases      ] GC(238)     Total                          Min: 0, Avg:  0.0, Max: 0, Diff: 0, Sum: 0, Workers: 4
[3723.752s][debug][gc,phases      ] GC(238)   Weak JFR Old Object Samples    Min:  0.0, Avg:  0.0, Max:  0.0, Diff:  0.0, Sum:  0.0, Workers: 4
[3723.752s][debug][gc,phases      ] GC(238)     Dead                           Min: 0, Avg:  0.0, Max: 0, Diff: 0, Sum: 0, Workers: 4
[3723.752s][debug][gc,phases      ] GC(238)     Total                          Min: 0, Avg:  0.0, Max: 0, Diff: 0, Sum: 0, Workers: 4
[3723.752s][debug][gc,phases      ] GC(238) Weak Processing 0.323ms
[3723.752s][debug][gc,age         ] GC(238) Desired survivor size 3145728 bytes, new threshold 15 (max threshold 15)
[3723.752s][info ][gc,heap        ] GC(238) PSYoungGen: 2092336K(2094080K)->1248K(2094080K) Eden: 2091008K(2091008K)->0K(2091008K) From: 1328K(3072K)->1248K(3072K)
[3723.752s][info ][gc,heap        ] GC(238) ParOldGen: 373567K(458752K)->373575K(458752K)
[3723.752s][info ][gc,metaspace   ] GC(238) Metaspace: 83714K(84736K)->83714K(84736K) NonClass: 71782K(72320K)->71782K(72320K) Class: 11932K(12416K)->11932K(12416K)
[3723.752s][info ][gc             ] GC(238) Pause Young (Allocation Failure) 2408M->366M(2493M) 4.948ms
[3723.752s][info ][gc,cpu         ] GC(238) User=0.02s Sys=0.00s Real=0.00s
[3723.752s][info ][safepoint      ] Safepoint "ParallelGCFailedAllocation", Time since last: 5346800575 ns, Reaching safepoint: 105300 ns, At safepoint: 5016379 ns, Total: 5121679 ns
[3733.753s][info ][safepoint      ] Safepoint "Cleanup", Time since last: 10000627639 ns, Reaching safepoint: 47800 ns, At safepoint: 3000 ns, Total: 50800 ns
[3736.753s][info ][safepoint      ] Safepoint "Cleanup", Time since last: 3000233341 ns, Reaching safepoint: 42400 ns, At safepoint: 2900 ns, Total: 45300 ns
[3737.753s][info ][safepoint      ] Safepoint "Cleanup", Time since last: 1000095214 ns, Reaching safepoint: 36900 ns, At safepoint: 2900 ns, Total: 39800 ns
[3740.399s][info ][gc,start       ] GC(239) Pause Young (Allocation Failure)
[3740.404s][debug][gc,phases      ] GC(239) Scavenge 5.000ms
[3740.404s][debug][gc,ref         ] GC(239) Skipped phase 1 of Reference Processing: no references
[3740.404s][debug][gc,ref         ] GC(239) ReferenceProcessor::execute queues: 1, RefProcThreadModel::Single, marks_oops_alive: false
[3740.404s][debug][gc,ref         ] GC(239) Skipped phase 3 of Reference Processing: no references
[3740.404s][debug][gc,ref         ] GC(239) Skipped phase 4 of Reference Processing: no references
[3740.404s][debug][gc,phases      ] GC(239) Reference Processing 0.093ms
[3740.404s][debug][gc,phases      ] GC(239)   VM Weak                        Min:  0.0, Avg:  0.0, Max:  0.0, Diff:  0.0, Sum:  0.0, Workers: 4
[3740.404s][debug][gc,phases      ] GC(239)     Dead                           Min: 0, Avg:  0.0, Max: 0, Diff: 0, Sum: 0, Workers: 4
[3740.404s][debug][gc,phases      ] GC(239)     Total                          Min: 0, Avg: 212.0, Max: 448, Diff: 448, Sum: 848, Workers: 4
[3740.404s][debug][gc,phases      ] GC(239)   ObjectSynchronizer Weak        Min:  0.0, Avg:  0.0, Max:  0.0, Diff:  0.0, Sum:  0.0, Workers: 4
[3740.404s][debug][gc,phases      ] GC(239)     Dead                           Min: 0, Avg:  0.0, Max: 0, Diff: 0, Sum: 0, Workers: 4
[3740.404s][debug][gc,phases      ] GC(239)     Total                          Min: 0, Avg: 14.8, Max: 59, Diff: 59, Sum: 59, Workers: 4
[3740.404s][debug][gc,phases      ] GC(239)   JVMTI Tag Weak OopStorage      Min:  0.0, Avg:  0.0, Max:  0.0, Diff:  0.0, Sum:  0.0, Workers: 4
[3740.404s][debug][gc,phases      ] GC(239)     Dead                           Min: 0, Avg:  0.0, Max: 0, Diff: 0, Sum: 0, Workers: 4
[3740.404s][debug][gc,phases      ] GC(239)     Total                          Min: 0, Avg:  0.0, Max: 0, Diff: 0, Sum: 0, Workers: 4
[3740.404s][debug][gc,phases      ] GC(239)   StringTable Weak               Min:  0.0, Avg:  0.1, Max:  0.1, Diff:  0.1, Sum:  0.3, Workers: 4
[3740.404s][debug][gc,phases      ] GC(239)     Dead                           Min: 0, Avg:  0.0, Max: 0, Diff: 0, Sum: 0, Workers: 4
[3740.404s][debug][gc,phases      ] GC(239)     Total                          Min: 0, Avg: 11225.0, Max: 19492, Diff: 19492, Sum: 44900, Workers: 4
[3740.404s][debug][gc,phases      ] GC(239)   ResolvedMethodTable Weak       Min:  0.0, Avg:  0.0, Max:  0.0, Diff:  0.0, Sum:  0.1, Workers: 4
[3740.404s][debug][gc,phases      ] GC(239)     Dead                           Min: 0, Avg:  0.0, Max: 0, Diff: 0, Sum: 0, Workers: 4
[3740.404s][debug][gc,phases      ] GC(239)     Total                          Min: 0, Avg: 2453.5, Max: 4282, Diff: 4282, Sum: 9814, Workers: 4
[3740.404s][debug][gc,phases      ] GC(239)   JNI Weak                       Min:  0.0, Avg:  0.0, Max:  0.0, Diff:  0.0, Sum:  0.0, Workers: 4
[3740.404s][debug][gc,phases      ] GC(239)     Dead                           Min: 0, Avg:  0.0, Max: 0, Diff: 0, Sum: 0, Workers: 4
[3740.404s][debug][gc,phases      ] GC(239)     Total                          Min: 0, Avg: 11.2, Max: 45, Diff: 45, Sum: 45, Workers: 4
[3740.404s][debug][gc,phases      ] GC(239)   StringDedup Table Weak         Min:  0.0, Avg:  0.0, Max:  0.0, Diff:  0.0, Sum:  0.0, Workers: 4
[3740.404s][debug][gc,phases      ] GC(239)     Dead                           Min: 0, Avg:  0.0, Max: 0, Diff: 0, Sum: 0, Workers: 4
[3740.404s][debug][gc,phases      ] GC(239)     Total                          Min: 0, Avg:  0.0, Max: 0, Diff: 0, Sum: 0, Workers: 4
[3740.404s][debug][gc,phases      ] GC(239)   StringDedup Requests0 Weak     Min:  0.0, Avg:  0.0, Max:  0.0, Diff:  0.0, Sum:  0.0, Workers: 4
[3740.404s][debug][gc,phases      ] GC(239)     Dead                           Min: 0, Avg:  0.0, Max: 0, Diff: 0, Sum: 0, Workers: 4
[3740.404s][debug][gc,phases      ] GC(239)     Total                          Min: 0, Avg:  0.0, Max: 0, Diff: 0, Sum: 0, Workers: 4
[3740.404s][debug][gc,phases      ] GC(239)   StringDedup Requests1 Weak     Min:  0.0, Avg:  0.0, Max:  0.0, Diff:  0.0, Sum:  0.0, Workers: 4
[3740.404s][debug][gc,phases      ] GC(239)     Dead                           Min: 0, Avg:  0.0, Max: 0, Diff: 0, Sum: 0, Workers: 4
[3740.404s][debug][gc,phases      ] GC(239)     Total                          Min: 0, Avg:  0.0, Max: 0, Diff: 0, Sum: 0, Workers: 4
[3740.404s][debug][gc,phases      ] GC(239)   Weak JFR Old Object Samples    Min:  0.0, Avg:  0.0, Max:  0.0, Diff:  0.0, Sum:  0.0, Workers: 4
[3740.404s][debug][gc,phases      ] GC(239)     Dead                           Min: 0, Avg:  0.0, Max: 0, Diff: 0, Sum: 0, Workers: 4
[3740.404s][debug][gc,phases      ] GC(239)     Total                          Min: 0, Avg:  0.0, Max: 0, Diff: 0, Sum: 0, Workers: 4
[3740.404s][debug][gc,phases      ] GC(239) Weak Processing 0.305ms
[3740.404s][debug][gc,age         ] GC(239) Desired survivor size 3145728 bytes, new threshold 15 (max threshold 15)
[3740.404s][info ][gc,heap        ] GC(239) PSYoungGen: 2092256K(2094080K)->1328K(2094080K) Eden: 2091008K(2091008K)->0K(2091008K) From: 1248K(3072K)->1328K(3072K)
[3740.404s][info ][gc,heap        ] GC(239) ParOldGen: 373575K(458752K)->373591K(458752K)
[3740.404s][info ][gc,metaspace   ] GC(239) Metaspace: 83728K(84800K)->83728K(84800K) NonClass: 71795K(72384K)->71795K(72384K) Class: 11932K(12416K)->11932K(12416K)
[3740.404s][info ][gc             ] GC(239) Pause Young (Allocation Failure) 2408M->366M(2493M) 5.511ms
[3740.404s][info ][gc,cpu         ] GC(239) User=0.02s Sys=0.00s Real=0.00s
[3740.404s][info ][safepoint      ] Safepoint "ParallelGCFailedAllocation", Time since last: 2645900989 ns, Reaching safepoint: 41600 ns, At safepoint: 5581577 ns, Total: 5623177 ns
[3742.405s][info ][safepoint      ] Safepoint "Cleanup", Time since last: 2000143729 ns, Reaching safepoint: 38700 ns, At safepoint: 2900 ns, Total: 41600 ns
[3756.406s][info ][safepoint      ] Safepoint "Cleanup", Time since last: 14000886762 ns, Reaching safepoint: 42600 ns, At safepoint: 3300 ns, Total: 45900 ns
[3756.556s][info ][safepoint      ] Safepoint "ParallelGCFailedAllocation", Time since last: 149980387 ns, Reaching safepoint: 58700 ns, At safepoint: 33300 ns, Total: 92000 ns
[3756.556s][info ][gc,start       ] GC(240) Pause Young (GCLocker Initiated GC)
[3756.560s][debug][gc,phases      ] GC(240) Scavenge 4.415ms
[3756.560s][debug][gc,ref         ] GC(240) Skipped phase 1 of Reference Processing: no references
[3756.560s][debug][gc,ref         ] GC(240) ReferenceProcessor::execute queues: 1, RefProcThreadModel::Single, marks_oops_alive: false
[3756.560s][debug][gc,ref         ] GC(240) Skipped phase 3 of Reference Processing: no references
[3756.560s][debug][gc,ref         ] GC(240) Skipped phase 4 of Reference Processing: no references
[3756.560s][debug][gc,phases      ] GC(240) Reference Processing 0.112ms
[3756.561s][debug][gc,phases      ] GC(240)   VM Weak                        Min:  0.0, Avg:  0.0, Max:  0.0, Diff:  0.0, Sum:  0.0, Workers: 4
[3756.561s][debug][gc,phases      ] GC(240)     Dead                           Min: 0, Avg:  0.0, Max: 0, Diff: 0, Sum: 0, Workers: 4
[3756.561s][debug][gc,phases      ] GC(240)     Total                          Min: 0, Avg: 212.0, Max: 512, Diff: 512, Sum: 848, Workers: 4
[3756.561s][debug][gc,phases      ] GC(240)   ObjectSynchronizer Weak        Min:  0.0, Avg:  0.0, Max:  0.0, Diff:  0.0, Sum:  0.0, Workers: 4
[3756.561s][debug][gc,phases      ] GC(240)     Dead                           Min: 0, Avg:  0.0, Max: 0, Diff: 0, Sum: 0, Workers: 4
[3756.561s][debug][gc,phases      ] GC(240)     Total                          Min: 0, Avg: 14.8, Max: 59, Diff: 59, Sum: 59, Workers: 4
[3756.561s][debug][gc,phases      ] GC(240)   JVMTI Tag Weak OopStorage      Min:  0.0, Avg:  0.0, Max:  0.0, Diff:  0.0, Sum:  0.0, Workers: 4
[3756.561s][debug][gc,phases      ] GC(240)     Dead                           Min: 0, Avg:  0.0, Max: 0, Diff: 0, Sum: 0, Workers: 4
[3756.561s][debug][gc,phases      ] GC(240)     Total                          Min: 0, Avg:  0.0, Max: 0, Diff: 0, Sum: 0, Workers: 4
[3756.561s][debug][gc,phases      ] GC(240)   StringTable Weak               Min:  0.0, Avg:  0.1, Max:  0.2, Diff:  0.2, Sum:  0.3, Workers: 4
[3756.561s][debug][gc,phases      ] GC(240)     Dead                           Min: 0, Avg:  0.0, Max: 0, Diff: 0, Sum: 0, Workers: 4
[3756.561s][debug][gc,phases      ] GC(240)     Total                          Min: 0, Avg: 11225.0, Max: 24804, Diff: 24804, Sum: 44900, Workers: 4
[3756.561s][debug][gc,phases      ] GC(240)   ResolvedMethodTable Weak       Min:  0.0, Avg:  0.0, Max:  0.0, Diff:  0.0, Sum:  0.1, Workers: 4
[3756.561s][debug][gc,phases      ] GC(240)     Dead                           Min: 0, Avg:  0.0, Max: 0, Diff: 0, Sum: 0, Workers: 4
[3756.561s][debug][gc,phases      ] GC(240)     Total                          Min: 0, Avg: 2453.5, Max: 5276, Diff: 5276, Sum: 9814, Workers: 4
[3756.561s][debug][gc,phases      ] GC(240)   JNI Weak                       Min:  0.0, Avg:  0.0, Max:  0.0, Diff:  0.0, Sum:  0.0, Workers: 4
[3756.561s][debug][gc,phases      ] GC(240)     Dead                           Min: 0, Avg:  0.0, Max: 0, Diff: 0, Sum: 0, Workers: 4
[3756.561s][debug][gc,phases      ] GC(240)     Total                          Min: 0, Avg: 11.2, Max: 45, Diff: 45, Sum: 45, Workers: 4
[3756.561s][debug][gc,phases      ] GC(240)   StringDedup Table Weak         Min:  0.0, Avg:  0.0, Max:  0.0, Diff:  0.0, Sum:  0.0, Workers: 4
[3756.561s][debug][gc,phases      ] GC(240)     Dead                           Min: 0, Avg:  0.0, Max: 0, Diff: 0, Sum: 0, Workers: 4
[3756.561s][debug][gc,phases      ] GC(240)     Total                          Min: 0, Avg:  0.0, Max: 0, Diff: 0, Sum: 0, Workers: 4
[3756.561s][debug][gc,phases      ] GC(240)   StringDedup Requests0 Weak     Min:  0.0, Avg:  0.0, Max:  0.0, Diff:  0.0, Sum:  0.0, Workers: 4
[3756.561s][debug][gc,phases      ] GC(240)     Dead                           Min: 0, Avg:  0.0, Max: 0, Diff: 0, Sum: 0, Workers: 4
[3756.561s][debug][gc,phases      ] GC(240)     Total                          Min: 0, Avg:  0.0, Max: 0, Diff: 0, Sum: 0, Workers: 4
[3756.561s][debug][gc,phases      ] GC(240)   StringDedup Requests1 Weak     Min:  0.0, Avg:  0.0, Max:  0.0, Diff:  0.0, Sum:  0.0, Workers: 4
[3756.561s][debug][gc,phases      ] GC(240)     Dead                           Min: 0, Avg:  0.0, Max: 0, Diff: 0, Sum: 0, Workers: 4
[3756.561s][debug][gc,phases      ] GC(240)     Total                          Min: 0, Avg:  0.0, Max: 0, Diff: 0, Sum: 0, Workers: 4
[3756.561s][debug][gc,phases      ] GC(240)   Weak JFR Old Object Samples    Min:  0.0, Avg:  0.0, Max:  0.0, Diff:  0.0, Sum:  0.0, Workers: 4
[3756.561s][debug][gc,phases      ] GC(240)     Dead                           Min: 0, Avg:  0.0, Max: 0, Diff: 0, Sum: 0, Workers: 4
[3756.561s][debug][gc,phases      ] GC(240)     Total                          Min: 0, Avg:  0.0, Max: 0, Diff: 0, Sum: 0, Workers: 4
[3756.561s][debug][gc,phases      ] GC(240) Weak Processing 0.621ms
[3756.561s][debug][gc,age         ] GC(240) Desired survivor size 3145728 bytes, new threshold 15 (max threshold 15)
[3756.561s][info ][gc,heap        ] GC(240) PSYoungGen: 2092336K(2094080K)->1328K(2094080K) Eden: 2091008K(2091008K)->0K(2091008K) From: 1328K(3072K)->1328K(3072K)
[3756.561s][info ][gc,heap        ] GC(240) ParOldGen: 373595K(458752K)->373635K(458752K)
[3756.561s][info ][gc,metaspace   ] GC(240) Metaspace: 83729K(84800K)->83729K(84800K) NonClass: 71796K(72384K)->71796K(72384K) Class: 11932K(12416K)->11932K(12416K)
[3756.561s][info ][gc             ] GC(240) Pause Young (GCLocker Initiated GC) 2408M->366M(2493M) 5.228ms
[3756.561s][info ][gc,cpu         ] GC(240) User=0.01s Sys=0.00s Real=0.00s
[3756.561s][info ][safepoint      ] Safepoint "ParallelGCSystemGC", Time since last: 72800 ns, Reaching safepoint: 52899 ns, At safepoint: 5289679 ns, Total: 5342578 ns
[3774.562s][info ][safepoint      ] Safepoint "Cleanup", Time since last: 18001207461 ns, Reaching safepoint: 47500 ns, At safepoint: 2400 ns, Total: 49900 ns
[3775.097s][info ][gc,start       ] GC(241) Pause Young (Allocation Failure)
[3775.103s][debug][gc,phases      ] GC(241) Scavenge 5.371ms
[3775.103s][debug][gc,ref         ] GC(241) Skipped phase 1 of Reference Processing: no references
[3775.103s][debug][gc,ref         ] GC(241) ReferenceProcessor::execute queues: 1, RefProcThreadModel::Single, marks_oops_alive: false
[3775.103s][debug][gc,ref         ] GC(241) Skipped phase 3 of Reference Processing: no references
[3775.103s][debug][gc,ref         ] GC(241) ReferenceProcessor::execute queues: 1, RefProcThreadModel::Single, marks_oops_alive: false
[3775.103s][debug][gc,phases      ] GC(241) Reference Processing 0.095ms
[3775.103s][debug][gc,phases      ] GC(241)   VM Weak                        Min:  0.0, Avg:  0.0, Max:  0.0, Diff:  0.0, Sum:  0.0, Workers: 4
[3775.103s][debug][gc,phases      ] GC(241)     Dead                           Min: 0, Avg:  0.0, Max: 0, Diff: 0, Sum: 0, Workers: 4
[3775.103s][debug][gc,phases      ] GC(241)     Total                          Min: 0, Avg: 212.2, Max: 448, Diff: 448, Sum: 849, Workers: 4
[3775.103s][debug][gc,phases      ] GC(241)   ObjectSynchronizer Weak        Min:  0.0, Avg:  0.0, Max:  0.0, Diff:  0.0, Sum:  0.0, Workers: 4
[3775.103s][debug][gc,phases      ] GC(241)     Dead                           Min: 0, Avg:  0.0, Max: 0, Diff: 0, Sum: 0, Workers: 4
[3775.103s][debug][gc,phases      ] GC(241)     Total                          Min: 0, Avg: 14.8, Max: 59, Diff: 59, Sum: 59, Workers: 4
[3775.103s][debug][gc,phases      ] GC(241)   JVMTI Tag Weak OopStorage      Min:  0.0, Avg:  0.0, Max:  0.0, Diff:  0.0, Sum:  0.0, Workers: 4
[3775.103s][debug][gc,phases      ] GC(241)     Dead                           Min: 0, Avg:  0.0, Max: 0, Diff: 0, Sum: 0, Workers: 4
[3775.103s][debug][gc,phases      ] GC(241)     Total                          Min: 0, Avg:  0.0, Max: 0, Diff: 0, Sum: 0, Workers: 4
[3775.103s][debug][gc,phases      ] GC(241)   StringTable Weak               Min:  0.0, Avg:  0.1, Max:  0.2, Diff:  0.2, Sum:  0.4, Workers: 4
[3775.103s][debug][gc,phases      ] GC(241)     Dead                           Min: 0, Avg:  0.0, Max: 0, Diff: 0, Sum: 0, Workers: 4
[3775.103s][debug][gc,phases      ] GC(241)     Total                          Min: 0, Avg: 11225.0, Max: 22948, Diff: 22948, Sum: 44900, Workers: 4
[3775.103s][debug][gc,phases      ] GC(241)   ResolvedMethodTable Weak       Min:  0.0, Avg:  0.0, Max:  0.0, Diff:  0.0, Sum:  0.1, Workers: 4
[3775.103s][debug][gc,phases      ] GC(241)     Dead                           Min: 0, Avg:  0.0, Max: 0, Diff: 0, Sum: 0, Workers: 4
[3775.103s][debug][gc,phases      ] GC(241)     Total                          Min: 0, Avg: 2453.5, Max: 5178, Diff: 5178, Sum: 9814, Workers: 4
[3775.103s][debug][gc,phases      ] GC(241)   JNI Weak                       Min:  0.0, Avg:  0.0, Max:  0.0, Diff:  0.0, Sum:  0.0, Workers: 4
[3775.103s][debug][gc,phases      ] GC(241)     Dead                           Min: 0, Avg:  0.0, Max: 0, Diff: 0, Sum: 0, Workers: 4
[3775.103s][debug][gc,phases      ] GC(241)     Total                          Min: 0, Avg: 11.2, Max: 45, Diff: 45, Sum: 45, Workers: 4
[3775.103s][debug][gc,phases      ] GC(241)   StringDedup Table Weak         Min:  0.0, Avg:  0.0, Max:  0.0, Diff:  0.0, Sum:  0.0, Workers: 4
[3775.103s][debug][gc,phases      ] GC(241)     Dead                           Min: 0, Avg:  0.0, Max: 0, Diff: 0, Sum: 0, Workers: 4
[3775.103s][debug][gc,phases      ] GC(241)     Total                          Min: 0, Avg:  0.0, Max: 0, Diff: 0, Sum: 0, Workers: 4
[3775.103s][debug][gc,phases      ] GC(241)   StringDedup Requests0 Weak     Min:  0.0, Avg:  0.0, Max:  0.0, Diff:  0.0, Sum:  0.0, Workers: 4
[3775.103s][debug][gc,phases      ] GC(241)     Dead                           Min: 0, Avg:  0.0, Max: 0, Diff: 0, Sum: 0, Workers: 4
[3775.103s][debug][gc,phases      ] GC(241)     Total                          Min: 0, Avg:  0.0, Max: 0, Diff: 0, Sum: 0, Workers: 4
[3775.103s][debug][gc,phases      ] GC(241)   StringDedup Requests1 Weak     Min:  0.0, Avg:  0.0, Max:  0.0, Diff:  0.0, Sum:  0.0, Workers: 4
[3775.103s][debug][gc,phases      ] GC(241)     Dead                           Min: 0, Avg:  0.0, Max: 0, Diff: 0, Sum: 0, Workers: 4
[3775.103s][debug][gc,phases      ] GC(241)     Total                          Min: 0, Avg:  0.0, Max: 0, Diff: 0, Sum: 0, Workers: 4
[3775.103s][debug][gc,phases      ] GC(241)   Weak JFR Old Object Samples    Min:  0.0, Avg:  0.0, Max:  0.0, Diff:  0.0, Sum:  0.0, Workers: 4
[3775.103s][debug][gc,phases      ] GC(241)     Dead                           Min: 0, Avg:  0.0, Max: 0, Diff: 0, Sum: 0, Workers: 4
[3775.103s][debug][gc,phases      ] GC(241)     Total                          Min: 0, Avg:  0.0, Max: 0, Diff: 0, Sum: 0, Workers: 4
[3775.103s][debug][gc,phases      ] GC(241) Weak Processing 0.389ms
[3775.103s][debug][gc,age         ] GC(241) Desired survivor size 3145728 bytes, new threshold 15 (max threshold 15)
[3775.103s][info ][gc,heap        ] GC(241) PSYoungGen: 2092336K(2094080K)->1392K(2094080K) Eden: 2091008K(2091008K)->0K(2091008K) From: 1328K(3072K)->1392K(3072K)
[3775.103s][info ][gc,heap        ] GC(241) ParOldGen: 373652K(458752K)->373668K(458752K)
[3775.103s][info ][gc,metaspace   ] GC(241) Metaspace: 83744K(84800K)->83744K(84800K) NonClass: 71810K(72384K)->71810K(72384K) Class: 11933K(12416K)->11933K(12416K)
[3775.103s][info ][gc             ] GC(241) Pause Young (Allocation Failure) 2408M->366M(2493M) 5.974ms
[3775.103s][info ][gc,cpu         ] GC(241) User=0.02s Sys=0.00s Real=0.00s
[3775.103s][info ][safepoint      ] Safepoint "ParallelGCFailedAllocation", Time since last: 534879598 ns, Reaching safepoint: 110400 ns, At safepoint: 6051575 ns, Total: 6161975 ns
[3779.106s][info ][safepoint      ] Safepoint "Cleanup", Time since last: 4002709427 ns, Reaching safepoint: 43899 ns, At safepoint: 2600 ns, Total: 46499 ns
[3785.107s][info ][safepoint      ] Safepoint "Cleanup", Time since last: 6000418318 ns, Reaching safepoint: 49999 ns, At safepoint: 6500 ns, Total: 56499 ns
[3791.843s][info ][gc,start       ] GC(242) Pause Young (Allocation Failure)
[3791.852s][debug][gc,phases      ] GC(242) Scavenge 8.455ms
[3791.852s][debug][gc,ref         ] GC(242) Skipped phase 1 of Reference Processing: no references
[3791.852s][debug][gc,ref         ] GC(242) ReferenceProcessor::execute queues: 1, RefProcThreadModel::Single, marks_oops_alive: false
[3791.852s][debug][gc,ref         ] GC(242) ReferenceProcessor::execute queues: 4, RefProcThreadModel::Multi, marks_oops_alive: true
[3791.852s][debug][gc,ref         ] GC(242) ReferenceProcessor::execute queues: 1, RefProcThreadModel::Single, marks_oops_alive: false
[3791.852s][debug][gc,phases      ] GC(242) Reference Processing 0.227ms
[3791.852s][debug][gc,phases      ] GC(242)   VM Weak                        Min:  0.0, Avg:  0.0, Max:  0.0, Diff:  0.0, Sum:  0.0, Workers: 4
[3791.852s][debug][gc,phases      ] GC(242)     Dead                           Min: 0, Avg:  0.0, Max: 0, Diff: 0, Sum: 0, Workers: 4
[3791.852s][debug][gc,phases      ] GC(242)     Total                          Min: 0, Avg: 212.2, Max: 640, Diff: 640, Sum: 849, Workers: 4
[3791.852s][debug][gc,phases      ] GC(242)   ObjectSynchronizer Weak        Min:  0.0, Avg:  0.0, Max:  0.0, Diff:  0.0, Sum:  0.0, Workers: 4
[3791.852s][debug][gc,phases      ] GC(242)     Dead                           Min: 0, Avg:  0.0, Max: 0, Diff: 0, Sum: 0, Workers: 4
[3791.852s][debug][gc,phases      ] GC(242)     Total                          Min: 0, Avg: 14.8, Max: 59, Diff: 59, Sum: 59, Workers: 4
[3791.852s][debug][gc,phases      ] GC(242)   JVMTI Tag Weak OopStorage      Min:  0.0, Avg:  0.0, Max:  0.0, Diff:  0.0, Sum:  0.0, Workers: 4
[3791.852s][debug][gc,phases      ] GC(242)     Dead                           Min: 0, Avg:  0.0, Max: 0, Diff: 0, Sum: 0, Workers: 4
[3791.852s][debug][gc,phases      ] GC(242)     Total                          Min: 0, Avg:  0.0, Max: 0, Diff: 0, Sum: 0, Workers: 4
[3791.852s][debug][gc,phases      ] GC(242)   StringTable Weak               Min:  0.0, Avg:  0.1, Max:  0.2, Diff:  0.2, Sum:  0.4, Workers: 4
[3791.852s][debug][gc,phases      ] GC(242)     Dead                           Min: 0, Avg:  0.0, Max: 0, Diff: 0, Sum: 0, Workers: 4
[3791.852s][debug][gc,phases      ] GC(242)     Total                          Min: 0, Avg: 11226.5, Max: 22848, Diff: 22848, Sum: 44906, Workers: 4
[3791.852s][debug][gc,phases      ] GC(242)   ResolvedMethodTable Weak       Min:  0.0, Avg:  0.0, Max:  0.0, Diff:  0.0, Sum:  0.1, Workers: 4
[3791.852s][debug][gc,phases      ] GC(242)     Dead                           Min: 0, Avg:  0.0, Max: 0, Diff: 0, Sum: 0, Workers: 4
[3791.852s][debug][gc,phases      ] GC(242)     Total                          Min: 0, Avg: 2453.5, Max: 4922, Diff: 4922, Sum: 9814, Workers: 4
[3791.852s][debug][gc,phases      ] GC(242)   JNI Weak                       Min:  0.0, Avg:  0.0, Max:  0.0, Diff:  0.0, Sum:  0.0, Workers: 4
[3791.852s][debug][gc,phases      ] GC(242)     Dead                           Min: 0, Avg:  0.0, Max: 0, Diff: 0, Sum: 0, Workers: 4
[3791.852s][debug][gc,phases      ] GC(242)     Total                          Min: 0, Avg: 11.2, Max: 45, Diff: 45, Sum: 45, Workers: 4
[3791.852s][debug][gc,phases      ] GC(242)   StringDedup Table Weak         Min:  0.0, Avg:  0.0, Max:  0.0, Diff:  0.0, Sum:  0.0, Workers: 4
[3791.852s][debug][gc,phases      ] GC(242)     Dead                           Min: 0, Avg:  0.0, Max: 0, Diff: 0, Sum: 0, Workers: 4
[3791.852s][debug][gc,phases      ] GC(242)     Total                          Min: 0, Avg:  0.0, Max: 0, Diff: 0, Sum: 0, Workers: 4
[3791.852s][debug][gc,phases      ] GC(242)   StringDedup Requests0 Weak     Min:  0.0, Avg:  0.0, Max:  0.0, Diff:  0.0, Sum:  0.0, Workers: 4
[3791.852s][debug][gc,phases      ] GC(242)     Dead                           Min: 0, Avg:  0.0, Max: 0, Diff: 0, Sum: 0, Workers: 4
[3791.852s][debug][gc,phases      ] GC(242)     Total                          Min: 0, Avg:  0.0, Max: 0, Diff: 0, Sum: 0, Workers: 4
[3791.852s][debug][gc,phases      ] GC(242)   StringDedup Requests1 Weak     Min:  0.0, Avg:  0.0, Max:  0.0, Diff:  0.0, Sum:  0.0, Workers: 4
[3791.852s][debug][gc,phases      ] GC(242)     Dead                           Min: 0, Avg:  0.0, Max: 0, Diff: 0, Sum: 0, Workers: 4
[3791.852s][debug][gc,phases      ] GC(242)     Total                          Min: 0, Avg:  0.0, Max: 0, Diff: 0, Sum: 0, Workers: 4
[3791.852s][debug][gc,phases      ] GC(242)   Weak JFR Old Object Samples    Min:  0.0, Avg:  0.0, Max:  0.0, Diff:  0.0, Sum:  0.0, Workers: 4
[3791.852s][debug][gc,phases      ] GC(242)     Dead                           Min: 0, Avg:  0.0, Max: 0, Diff: 0, Sum: 0, Workers: 4
[3791.852s][debug][gc,phases      ] GC(242)     Total                          Min: 0, Avg:  0.0, Max: 0, Diff: 0, Sum: 0, Workers: 4
[3791.852s][debug][gc,phases      ] GC(242) Weak Processing 0.484ms
[3791.852s][debug][gc,age         ] GC(242) Desired survivor size 2621440 bytes, new threshold 15 (max threshold 15)
[3791.852s][info ][gc,heap        ] GC(242) PSYoungGen: 2092400K(2094080K)->1408K(2094080K) Eden: 2091008K(2091008K)->0K(2091008K) From: 1392K(3072K)->1408K(3072K)
[3791.852s][info ][gc,heap        ] GC(242) ParOldGen: 373668K(458752K)->373700K(458752K)
[3791.852s][info ][gc,metaspace   ] GC(242) Metaspace: 83763K(84800K)->83763K(84800K) NonClass: 71830K(72384K)->71830K(72384K) Class: 11933K(12416K)->11933K(12416K)
[3791.852s][info ][gc             ] GC(242) Pause Young (Allocation Failure) 2408M->366M(2493M) 9.313ms
[3791.852s][info ][gc,cpu         ] GC(242) User=0.02s Sys=0.00s Real=0.01s
[3791.852s][info ][safepoint      ] Safepoint "ParallelGCFailedAllocation", Time since last: 6736380083 ns, Reaching safepoint: 32200 ns, At safepoint: 9437462 ns, Total: 9469662 ns
[3805.854s][info ][safepoint      ] Safepoint "Cleanup", Time since last: 14000965118 ns, Reaching safepoint: 122299 ns, At safepoint: 11900 ns, Total: 134199 ns
[3807.943s][info ][gc,start       ] GC(243) Pause Young (Allocation Failure)
[3807.950s][debug][gc,phases      ] GC(243) Scavenge 7.196ms
[3807.950s][debug][gc,ref         ] GC(243) Skipped phase 1 of Reference Processing: no references
[3807.950s][debug][gc,ref         ] GC(243) ReferenceProcessor::execute queues: 1, RefProcThreadModel::Single, marks_oops_alive: false
[3807.950s][debug][gc,ref         ] GC(243) ReferenceProcessor::execute queues: 4, RefProcThreadModel::Multi, marks_oops_alive: true
[3807.951s][debug][gc,ref         ] GC(243) Skipped phase 4 of Reference Processing: no references
[3807.951s][debug][gc,phases      ] GC(243) Reference Processing 0.409ms
[3807.951s][debug][gc,phases      ] GC(243)   VM Weak                        Min:  0.0, Avg:  0.0, Max:  0.0, Diff:  0.0, Sum:  0.0, Workers: 4
[3807.951s][debug][gc,phases      ] GC(243)     Dead                           Min: 0, Avg:  0.0, Max: 0, Diff: 0, Sum: 0, Workers: 4
[3807.951s][debug][gc,phases      ] GC(243)     Total                          Min: 0, Avg: 212.2, Max: 465, Diff: 465, Sum: 849, Workers: 4
[3807.951s][debug][gc,phases      ] GC(243)   ObjectSynchronizer Weak        Min:  0.0, Avg:  0.0, Max:  0.0, Diff:  0.0, Sum:  0.0, Workers: 4
[3807.951s][debug][gc,phases      ] GC(243)     Dead                           Min: 0, Avg:  0.0, Max: 0, Diff: 0, Sum: 0, Workers: 4
[3807.951s][debug][gc,phases      ] GC(243)     Total                          Min: 0, Avg: 14.8, Max: 59, Diff: 59, Sum: 59, Workers: 4
[3807.951s][debug][gc,phases      ] GC(243)   JVMTI Tag Weak OopStorage      Min:  0.0, Avg:  0.0, Max:  0.0, Diff:  0.0, Sum:  0.0, Workers: 4
[3807.951s][debug][gc,phases      ] GC(243)     Dead                           Min: 0, Avg:  0.0, Max: 0, Diff: 0, Sum: 0, Workers: 4
[3807.951s][debug][gc,phases      ] GC(243)     Total                          Min: 0, Avg:  0.0, Max: 0, Diff: 0, Sum: 0, Workers: 4
[3807.951s][debug][gc,phases      ] GC(243)   StringTable Weak               Min:  0.0, Avg:  0.1, Max:  0.2, Diff:  0.2, Sum:  0.4, Workers: 4
[3807.951s][debug][gc,phases      ] GC(243)     Dead                           Min: 0, Avg:  0.0, Max: 0, Diff: 0, Sum: 0, Workers: 4
[3807.951s][debug][gc,phases      ] GC(243)     Total                          Min: 0, Avg: 11231.8, Max: 22527, Diff: 22527, Sum: 44927, Workers: 4
[3807.951s][debug][gc,phases      ] GC(243)   ResolvedMethodTable Weak       Min:  0.0, Avg:  0.0, Max:  0.0, Diff:  0.0, Sum:  0.1, Workers: 4
[3807.951s][debug][gc,phases      ] GC(243)     Dead                           Min: 0, Avg:  0.0, Max: 0, Diff: 0, Sum: 0, Workers: 4
[3807.951s][debug][gc,phases      ] GC(243)     Total                          Min: 0, Avg: 2453.5, Max: 4992, Diff: 4992, Sum: 9814, Workers: 4
[3807.951s][debug][gc,phases      ] GC(243)   JNI Weak                       Min:  0.0, Avg:  0.0, Max:  0.0, Diff:  0.0, Sum:  0.0, Workers: 4
[3807.951s][debug][gc,phases      ] GC(243)     Dead                           Min: 0, Avg:  0.0, Max: 0, Diff: 0, Sum: 0, Workers: 4
[3807.951s][debug][gc,phases      ] GC(243)     Total                          Min: 0, Avg: 11.2, Max: 45, Diff: 45, Sum: 45, Workers: 4
[3807.951s][debug][gc,phases      ] GC(243)   StringDedup Table Weak         Min:  0.0, Avg:  0.0, Max:  0.0, Diff:  0.0, Sum:  0.0, Workers: 4
[3807.951s][debug][gc,phases      ] GC(243)     Dead                           Min: 0, Avg:  0.0, Max: 0, Diff: 0, Sum: 0, Workers: 4
[3807.951s][debug][gc,phases      ] GC(243)     Total                          Min: 0, Avg:  0.0, Max: 0, Diff: 0, Sum: 0, Workers: 4
[3807.951s][debug][gc,phases      ] GC(243)   StringDedup Requests0 Weak     Min:  0.0, Avg:  0.0, Max:  0.0, Diff:  0.0, Sum:  0.0, Workers: 4
[3807.951s][debug][gc,phases      ] GC(243)     Dead                           Min: 0, Avg:  0.0, Max: 0, Diff: 0, Sum: 0, Workers: 4
[3807.951s][debug][gc,phases      ] GC(243)     Total                          Min: 0, Avg:  0.0, Max: 0, Diff: 0, Sum: 0, Workers: 4
[3807.951s][debug][gc,phases      ] GC(243)   StringDedup Requests1 Weak     Min:  0.0, Avg:  0.0, Max:  0.0, Diff:  0.0, Sum:  0.0, Workers: 4
[3807.951s][debug][gc,phases      ] GC(243)     Dead                           Min: 0, Avg:  0.0, Max: 0, Diff: 0, Sum: 0, Workers: 4
[3807.951s][debug][gc,phases      ] GC(243)     Total                          Min: 0, Avg:  0.0, Max: 0, Diff: 0, Sum: 0, Workers: 4
[3807.951s][debug][gc,phases      ] GC(243)   Weak JFR Old Object Samples    Min:  0.0, Avg:  0.0, Max:  0.0, Diff:  0.0, Sum:  0.0, Workers: 4
[3807.951s][debug][gc,phases      ] GC(243)     Dead                           Min: 0, Avg:  0.0, Max: 0, Diff: 0, Sum: 0, Workers: 4
[3807.951s][debug][gc,phases      ] GC(243)     Total                          Min: 0, Avg:  0.0, Max: 0, Diff: 0, Sum: 0, Workers: 4
[3807.951s][debug][gc,phases      ] GC(243) Weak Processing 0.440ms
[3807.951s][debug][gc,age         ] GC(243) Desired survivor size 2621440 bytes, new threshold 15 (max threshold 15)
[3807.951s][info ][gc,heap        ] GC(243) PSYoungGen: 2092416K(2094080K)->1328K(2094592K) Eden: 2091008K(2091008K)->0K(2092032K) From: 1408K(3072K)->1328K(2560K)
[3807.951s][info ][gc,heap        ] GC(243) ParOldGen: 373700K(458752K)->373724K(458752K)
[3807.951s][info ][gc,metaspace   ] GC(243) Metaspace: 83763K(84800K)->83763K(84800K) NonClass: 71830K(72384K)->71830K(72384K) Class: 11933K(12416K)->11933K(12416K)
[3807.951s][info ][gc             ] GC(243) Pause Young (Allocation Failure) 2408M->366M(2493M) 8.166ms
[3807.951s][info ][gc,cpu         ] GC(243) User=0.01s Sys=0.00s Real=0.01s
[3807.951s][info ][safepoint      ] Safepoint "ParallelGCFailedAllocation", Time since last: 2089237363 ns, Reaching safepoint: 26100 ns, At safepoint: 8244367 ns, Total: 8270467 ns
[3815.952s][info ][safepoint      ] Safepoint "Cleanup", Time since last: 8000559412 ns, Reaching safepoint: 121600 ns, At safepoint: 4800 ns, Total: 126400 ns
[3824.252s][info ][gc,start       ] GC(244) Pause Young (Allocation Failure)
[3824.257s][debug][gc,phases      ] GC(244) Scavenge 5.093ms
[3824.257s][debug][gc,ref         ] GC(244) Skipped phase 1 of Reference Processing: no references
[3824.257s][debug][gc,ref         ] GC(244) ReferenceProcessor::execute queues: 1, RefProcThreadModel::Single, marks_oops_alive: false
[3824.257s][debug][gc,ref         ] GC(244) Skipped phase 3 of Reference Processing: no references
[3824.257s][debug][gc,ref         ] GC(244) Skipped phase 4 of Reference Processing: no references
[3824.257s][debug][gc,phases      ] GC(244) Reference Processing 0.142ms
[3824.257s][debug][gc,phases      ] GC(244)   VM Weak                        Min:  0.0, Avg:  0.0, Max:  0.0, Diff:  0.0, Sum:  0.0, Workers: 4
[3824.257s][debug][gc,phases      ] GC(244)     Dead                           Min: 0, Avg:  0.0, Max: 0, Diff: 0, Sum: 0, Workers: 4
[3824.257s][debug][gc,phases      ] GC(244)     Total                          Min: 0, Avg: 212.2, Max: 465, Diff: 465, Sum: 849, Workers: 4
[3824.257s][debug][gc,phases      ] GC(244)   ObjectSynchronizer Weak        Min:  0.0, Avg:  0.0, Max:  0.0, Diff:  0.0, Sum:  0.0, Workers: 4
[3824.257s][debug][gc,phases      ] GC(244)     Dead                           Min: 0, Avg:  0.0, Max: 0, Diff: 0, Sum: 0, Workers: 4
[3824.257s][debug][gc,phases      ] GC(244)     Total                          Min: 0, Avg: 14.8, Max: 59, Diff: 59, Sum: 59, Workers: 4
[3824.257s][debug][gc,phases      ] GC(244)   JVMTI Tag Weak OopStorage      Min:  0.0, Avg:  0.0, Max:  0.0, Diff:  0.0, Sum:  0.0, Workers: 4
[3824.257s][debug][gc,phases      ] GC(244)     Dead                           Min: 0, Avg:  0.0, Max: 0, Diff: 0, Sum: 0, Workers: 4
[3824.257s][debug][gc,phases      ] GC(244)     Total                          Min: 0, Avg:  0.0, Max: 0, Diff: 0, Sum: 0, Workers: 4
[3824.257s][debug][gc,phases      ] GC(244)   StringTable Weak               Min:  0.0, Avg:  0.1, Max:  0.2, Diff:  0.2, Sum:  0.4, Workers: 4
[3824.257s][debug][gc,phases      ] GC(244)     Dead                           Min: 0, Avg:  0.0, Max: 0, Diff: 0, Sum: 0, Workers: 4
[3824.257s][debug][gc,phases      ] GC(244)     Total                          Min: 0, Avg: 11231.8, Max: 23680, Diff: 23680, Sum: 44927, Workers: 4
[3824.257s][debug][gc,phases      ] GC(244)   ResolvedMethodTable Weak       Min:  0.0, Avg:  0.0, Max:  0.0, Diff:  0.0, Sum:  0.1, Workers: 4
[3824.257s][debug][gc,phases      ] GC(244)     Dead                           Min: 0, Avg:  0.0, Max: 0, Diff: 0, Sum: 0, Workers: 4
[3824.257s][debug][gc,phases      ] GC(244)     Total                          Min: 0, Avg: 2453.5, Max: 5014, Diff: 5014, Sum: 9814, Workers: 4
[3824.257s][debug][gc,phases      ] GC(244)   JNI Weak                       Min:  0.0, Avg:  0.0, Max:  0.0, Diff:  0.0, Sum:  0.0, Workers: 4
[3824.257s][debug][gc,phases      ] GC(244)     Dead                           Min: 0, Avg:  0.0, Max: 0, Diff: 0, Sum: 0, Workers: 4
[3824.257s][debug][gc,phases      ] GC(244)     Total                          Min: 0, Avg: 11.2, Max: 45, Diff: 45, Sum: 45, Workers: 4
[3824.257s][debug][gc,phases      ] GC(244)   StringDedup Table Weak         Min:  0.0, Avg:  0.0, Max:  0.0, Diff:  0.0, Sum:  0.0, Workers: 4
[3824.257s][debug][gc,phases      ] GC(244)     Dead                           Min: 0, Avg:  0.0, Max: 0, Diff: 0, Sum: 0, Workers: 4
[3824.257s][debug][gc,phases      ] GC(244)     Total                          Min: 0, Avg:  0.0, Max: 0, Diff: 0, Sum: 0, Workers: 4
[3824.257s][debug][gc,phases      ] GC(244)   StringDedup Requests0 Weak     Min:  0.0, Avg:  0.0, Max:  0.0, Diff:  0.0, Sum:  0.0, Workers: 4
[3824.257s][debug][gc,phases      ] GC(244)     Dead                           Min: 0, Avg:  0.0, Max: 0, Diff: 0, Sum: 0, Workers: 4
[3824.257s][debug][gc,phases      ] GC(244)     Total                          Min: 0, Avg:  0.0, Max: 0, Diff: 0, Sum: 0, Workers: 4
[3824.257s][debug][gc,phases      ] GC(244)   StringDedup Requests1 Weak     Min:  0.0, Avg:  0.0, Max:  0.0, Diff:  0.0, Sum:  0.0, Workers: 4
[3824.257s][debug][gc,phases      ] GC(244)     Dead                           Min: 0, Avg:  0.0, Max: 0, Diff: 0, Sum: 0, Workers: 4
[3824.257s][debug][gc,phases      ] GC(244)     Total                          Min: 0, Avg:  0.0, Max: 0, Diff: 0, Sum: 0, Workers: 4
[3824.257s][debug][gc,phases      ] GC(244)   Weak JFR Old Object Samples    Min:  0.0, Avg:  0.0, Max:  0.0, Diff:  0.0, Sum:  0.0, Workers: 4
[3824.257s][debug][gc,phases      ] GC(244)     Dead                           Min: 0, Avg:  0.0, Max: 0, Diff: 0, Sum: 0, Workers: 4
[3824.257s][debug][gc,phases      ] GC(244)     Total                          Min: 0, Avg:  0.0, Max: 0, Diff: 0, Sum: 0, Workers: 4
[3824.257s][debug][gc,phases      ] GC(244) Weak Processing 0.472ms
[3824.257s][debug][gc,age         ] GC(244) Desired survivor size 2621440 bytes, new threshold 15 (max threshold 15)
[3824.257s][info ][gc,heap        ] GC(244) PSYoungGen: 2093360K(2094592K)->1376K(2094592K) Eden: 2092032K(2092032K)->0K(2092032K) From: 1328K(2560K)->1376K(2560K)
[3824.257s][info ][gc,heap        ] GC(244) ParOldGen: 373724K(458752K)->373732K(458752K)
[3824.257s][info ][gc,metaspace   ] GC(244) Metaspace: 83763K(84800K)->83763K(84800K) NonClass: 71830K(72384K)->71830K(72384K) Class: 11933K(12416K)->11933K(12416K)
[3824.257s][info ][gc             ] GC(244) Pause Young (Allocation Failure) 2409M->366M(2493M) 5.834ms
[3824.257s][info ][gc,cpu         ] GC(244) User=0.01s Sys=0.00s Real=0.01s
[3824.257s][info ][safepoint      ] Safepoint "ParallelGCFailedAllocation", Time since last: 8299576846 ns, Reaching safepoint: 98800 ns, At safepoint: 5948476 ns, Total: 6047276 ns
[3840.732s][info ][gc,start       ] GC(245) Pause Young (Allocation Failure)
[3840.740s][debug][gc,phases      ] GC(245) Scavenge 7.820ms
[3840.740s][debug][gc,ref         ] GC(245) Skipped phase 1 of Reference Processing: no references
[3840.740s][debug][gc,ref         ] GC(245) ReferenceProcessor::execute queues: 1, RefProcThreadModel::Single, marks_oops_alive: false
[3840.740s][debug][gc,ref         ] GC(245) Skipped phase 3 of Reference Processing: no references
[3840.740s][debug][gc,ref         ] GC(245) Skipped phase 4 of Reference Processing: no references
[3840.740s][debug][gc,phases      ] GC(245) Reference Processing 0.120ms
[3840.741s][debug][gc,phases      ] GC(245)   VM Weak                        Min:  0.0, Avg:  0.0, Max:  0.0, Diff:  0.0, Sum:  0.0, Workers: 4
[3840.741s][debug][gc,phases      ] GC(245)     Dead                           Min: 0, Avg:  0.0, Max: 0, Diff: 0, Sum: 0, Workers: 4
[3840.741s][debug][gc,phases      ] GC(245)     Total                          Min: 0, Avg: 212.2, Max: 849, Diff: 849, Sum: 849, Workers: 4
[3840.741s][debug][gc,phases      ] GC(245)   ObjectSynchronizer Weak        Min:  0.0, Avg:  0.0, Max:  0.0, Diff:  0.0, Sum:  0.0, Workers: 4
[3840.741s][debug][gc,phases      ] GC(245)     Dead                           Min: 0, Avg:  0.0, Max: 0, Diff: 0, Sum: 0, Workers: 4
[3840.741s][debug][gc,phases      ] GC(245)     Total                          Min: 0, Avg: 14.8, Max: 59, Diff: 59, Sum: 59, Workers: 4
[3840.741s][debug][gc,phases      ] GC(245)   JVMTI Tag Weak OopStorage      Min:  0.0, Avg:  0.0, Max:  0.0, Diff:  0.0, Sum:  0.0, Workers: 4
[3840.741s][debug][gc,phases      ] GC(245)     Dead                           Min: 0, Avg:  0.0, Max: 0, Diff: 0, Sum: 0, Workers: 4
[3840.741s][debug][gc,phases      ] GC(245)     Total                          Min: 0, Avg:  0.0, Max: 0, Diff: 0, Sum: 0, Workers: 4
[3840.741s][debug][gc,phases      ] GC(245)   StringTable Weak               Min:  0.0, Avg:  0.1, Max:  0.3, Diff:  0.3, Sum:  0.3, Workers: 4
[3840.741s][debug][gc,phases      ] GC(245)     Dead                           Min: 0, Avg:  0.0, Max: 0, Diff: 0, Sum: 0, Workers: 4
[3840.741s][debug][gc,phases      ] GC(245)     Total                          Min: 0, Avg: 11231.8, Max: 44927, Diff: 44927, Sum: 44927, Workers: 4
[3840.741s][debug][gc,phases      ] GC(245)   ResolvedMethodTable Weak       Min:  0.0, Avg:  0.0, Max:  0.1, Diff:  0.1, Sum:  0.1, Workers: 4
[3840.741s][debug][gc,phases      ] GC(245)     Dead                           Min: 0, Avg:  0.0, Max: 0, Diff: 0, Sum: 0, Workers: 4
[3840.741s][debug][gc,phases      ] GC(245)     Total                          Min: 0, Avg: 2453.5, Max: 9814, Diff: 9814, Sum: 9814, Workers: 4
[3840.741s][debug][gc,phases      ] GC(245)   JNI Weak                       Min:  0.0, Avg:  0.0, Max:  0.0, Diff:  0.0, Sum:  0.0, Workers: 4
[3840.741s][debug][gc,phases      ] GC(245)     Dead                           Min: 0, Avg:  0.0, Max: 0, Diff: 0, Sum: 0, Workers: 4
[3840.741s][debug][gc,phases      ] GC(245)     Total                          Min: 0, Avg: 11.2, Max: 45, Diff: 45, Sum: 45, Workers: 4
[3840.741s][debug][gc,phases      ] GC(245)   StringDedup Table Weak         Min:  0.0, Avg:  0.0, Max:  0.0, Diff:  0.0, Sum:  0.0, Workers: 4
[3840.741s][debug][gc,phases      ] GC(245)     Dead                           Min: 0, Avg:  0.0, Max: 0, Diff: 0, Sum: 0, Workers: 4
[3840.741s][debug][gc,phases      ] GC(245)     Total                          Min: 0, Avg:  0.0, Max: 0, Diff: 0, Sum: 0, Workers: 4
[3840.741s][debug][gc,phases      ] GC(245)   StringDedup Requests0 Weak     Min:  0.0, Avg:  0.0, Max:  0.0, Diff:  0.0, Sum:  0.0, Workers: 4
[3840.741s][debug][gc,phases      ] GC(245)     Dead                           Min: 0, Avg:  0.0, Max: 0, Diff: 0, Sum: 0, Workers: 4
[3840.741s][debug][gc,phases      ] GC(245)     Total                          Min: 0, Avg:  0.0, Max: 0, Diff: 0, Sum: 0, Workers: 4
[3840.741s][debug][gc,phases      ] GC(245)   StringDedup Requests1 Weak     Min:  0.0, Avg:  0.0, Max:  0.0, Diff:  0.0, Sum:  0.0, Workers: 4
[3840.741s][debug][gc,phases      ] GC(245)     Dead                           Min: 0, Avg:  0.0, Max: 0, Diff: 0, Sum: 0, Workers: 4
[3840.741s][debug][gc,phases      ] GC(245)     Total                          Min: 0, Avg:  0.0, Max: 0, Diff: 0, Sum: 0, Workers: 4
[3840.741s][debug][gc,phases      ] GC(245)   Weak JFR Old Object Samples    Min:  0.0, Avg:  0.0, Max:  0.0, Diff:  0.0, Sum:  0.0, Workers: 4
[3840.741s][debug][gc,phases      ] GC(245)     Dead                           Min: 0, Avg:  0.0, Max: 0, Diff: 0, Sum: 0, Workers: 4
[3840.741s][debug][gc,phases      ] GC(245)     Total                          Min: 0, Avg:  0.0, Max: 0, Diff: 0, Sum: 0, Workers: 4
[3840.741s][debug][gc,phases      ] GC(245) Weak Processing 0.675ms
[3840.741s][debug][gc,age         ] GC(245) Desired survivor size 2621440 bytes, new threshold 15 (max threshold 15)
[3840.741s][info ][gc,heap        ] GC(245) PSYoungGen: 2093408K(2094592K)->1344K(2094592K) Eden: 2092032K(2092032K)->0K(2092032K) From: 1376K(2560K)->1344K(2560K)
[3840.741s][info ][gc,heap        ] GC(245) ParOldGen: 373732K(458752K)->373740K(458752K)
[3840.741s][info ][gc,metaspace   ] GC(245) Metaspace: 83765K(84800K)->83765K(84800K) NonClass: 71832K(72384K)->71832K(72384K) Class: 11933K(12416K)->11933K(12416K)
[3840.741s][info ][gc             ] GC(245) Pause Young (Allocation Failure) 2409M->366M(2493M) 8.758ms
[3840.741s][info ][gc,cpu         ] GC(245) User=0.01s Sys=0.00s Real=0.01s
[3840.741s][info ][safepoint      ] Safepoint "ParallelGCFailedAllocation", Time since last: 16474908251 ns, Reaching safepoint: 33000 ns, At safepoint: 8838064 ns, Total: 8871064 ns
[3857.400s][info ][gc,start       ] GC(246) Pause Young (Allocation Failure)
[3857.404s][debug][gc,phases      ] GC(246) Scavenge 4.717ms
[3857.405s][debug][gc,ref         ] GC(246) Skipped phase 1 of Reference Processing: no references
[3857.405s][debug][gc,ref         ] GC(246) ReferenceProcessor::execute queues: 1, RefProcThreadModel::Single, marks_oops_alive: false
[3857.405s][debug][gc,ref         ] GC(246) Skipped phase 3 of Reference Processing: no references
[3857.405s][debug][gc,ref         ] GC(246) Skipped phase 4 of Reference Processing: no references
[3857.405s][debug][gc,phases      ] GC(246) Reference Processing 0.095ms
[3857.405s][debug][gc,phases      ] GC(246)   VM Weak                        Min:  0.0, Avg:  0.0, Max:  0.0, Diff:  0.0, Sum:  0.0, Workers: 4
[3857.405s][debug][gc,phases      ] GC(246)     Dead                           Min: 0, Avg:  0.0, Max: 0, Diff: 0, Sum: 0, Workers: 4
[3857.405s][debug][gc,phases      ] GC(246)     Total                          Min: 0, Avg: 212.2, Max: 849, Diff: 849, Sum: 849, Workers: 4
[3857.405s][debug][gc,phases      ] GC(246)   ObjectSynchronizer Weak        Min:  0.0, Avg:  0.0, Max:  0.0, Diff:  0.0, Sum:  0.0, Workers: 4
[3857.405s][debug][gc,phases      ] GC(246)     Dead                           Min: 0, Avg:  0.0, Max: 0, Diff: 0, Sum: 0, Workers: 4
[3857.405s][debug][gc,phases      ] GC(246)     Total                          Min: 0, Avg: 14.8, Max: 59, Diff: 59, Sum: 59, Workers: 4
[3857.405s][debug][gc,phases      ] GC(246)   JVMTI Tag Weak OopStorage      Min:  0.0, Avg:  0.0, Max:  0.0, Diff:  0.0, Sum:  0.0, Workers: 4
[3857.405s][debug][gc,phases      ] GC(246)     Dead                           Min: 0, Avg:  0.0, Max: 0, Diff: 0, Sum: 0, Workers: 4
[3857.405s][debug][gc,phases      ] GC(246)     Total                          Min: 0, Avg:  0.0, Max: 0, Diff: 0, Sum: 0, Workers: 4
[3857.405s][debug][gc,phases      ] GC(246)   StringTable Weak               Min:  0.0, Avg:  0.1, Max:  0.3, Diff:  0.3, Sum:  0.3, Workers: 4
[3857.405s][debug][gc,phases      ] GC(246)     Dead                           Min: 0, Avg:  0.0, Max: 0, Diff: 0, Sum: 0, Workers: 4
[3857.405s][debug][gc,phases      ] GC(246)     Total                          Min: 0, Avg: 11231.8, Max: 44927, Diff: 44927, Sum: 44927, Workers: 4
[3857.405s][debug][gc,phases      ] GC(246)   ResolvedMethodTable Weak       Min:  0.0, Avg:  0.0, Max:  0.1, Diff:  0.1, Sum:  0.1, Workers: 4
[3857.405s][debug][gc,phases      ] GC(246)     Dead                           Min: 0, Avg:  0.0, Max: 0, Diff: 0, Sum: 0, Workers: 4
[3857.405s][debug][gc,phases      ] GC(246)     Total                          Min: 0, Avg: 2453.5, Max: 9814, Diff: 9814, Sum: 9814, Workers: 4
[3857.405s][debug][gc,phases      ] GC(246)   JNI Weak                       Min:  0.0, Avg:  0.0, Max:  0.0, Diff:  0.0, Sum:  0.0, Workers: 4
[3857.405s][debug][gc,phases      ] GC(246)     Dead                           Min: 0, Avg:  0.0, Max: 0, Diff: 0, Sum: 0, Workers: 4
[3857.405s][debug][gc,phases      ] GC(246)     Total                          Min: 0, Avg: 11.2, Max: 45, Diff: 45, Sum: 45, Workers: 4
[3857.405s][debug][gc,phases      ] GC(246)   StringDedup Table Weak         Min:  0.0, Avg:  0.0, Max:  0.0, Diff:  0.0, Sum:  0.0, Workers: 4
[3857.405s][debug][gc,phases      ] GC(246)     Dead                           Min: 0, Avg:  0.0, Max: 0, Diff: 0, Sum: 0, Workers: 4
[3857.405s][debug][gc,phases      ] GC(246)     Total                          Min: 0, Avg:  0.0, Max: 0, Diff: 0, Sum: 0, Workers: 4
[3857.405s][debug][gc,phases      ] GC(246)   StringDedup Requests0 Weak     Min:  0.0, Avg:  0.0, Max:  0.0, Diff:  0.0, Sum:  0.0, Workers: 4
[3857.405s][debug][gc,phases      ] GC(246)     Dead                           Min: 0, Avg:  0.0, Max: 0, Diff: 0, Sum: 0, Workers: 4
[3857.405s][debug][gc,phases      ] GC(246)     Total                          Min: 0, Avg:  0.0, Max: 0, Diff: 0, Sum: 0, Workers: 4
[3857.405s][debug][gc,phases      ] GC(246)   StringDedup Requests1 Weak     Min:  0.0, Avg:  0.0, Max:  0.0, Diff:  0.0, Sum:  0.0, Workers: 4
[3857.405s][debug][gc,phases      ] GC(246)     Dead                           Min: 0, Avg:  0.0, Max: 0, Diff: 0, Sum: 0, Workers: 4
[3857.405s][debug][gc,phases      ] GC(246)     Total                          Min: 0, Avg:  0.0, Max: 0, Diff: 0, Sum: 0, Workers: 4
[3857.405s][debug][gc,phases      ] GC(246)   Weak JFR Old Object Samples    Min:  0.0, Avg:  0.0, Max:  0.0, Diff:  0.0, Sum:  0.0, Workers: 4
[3857.405s][debug][gc,phases      ] GC(246)     Dead                           Min: 0, Avg:  0.0, Max: 0, Diff: 0, Sum: 0, Workers: 4
[3857.405s][debug][gc,phases      ] GC(246)     Total                          Min: 0, Avg:  0.0, Max: 0, Diff: 0, Sum: 0, Workers: 4
[3857.405s][debug][gc,phases      ] GC(246) Weak Processing 0.496ms
[3857.405s][debug][gc,age         ] GC(246) Desired survivor size 2621440 bytes, new threshold 15 (max threshold 15)
[3857.405s][info ][gc,heap        ] GC(246) PSYoungGen: 2093376K(2094592K)->1216K(2094592K) Eden: 2092032K(2092032K)->0K(2092032K) From: 1344K(2560K)->1216K(2560K)
[3857.405s][info ][gc,heap        ] GC(246) ParOldGen: 373740K(458752K)->373932K(458752K)
[3857.405s][info ][gc,metaspace   ] GC(246) Metaspace: 83765K(84800K)->83765K(84800K) NonClass: 71832K(72384K)->71832K(72384K) Class: 11933K(12416K)->11933K(12416K)
[3857.405s][info ][gc             ] GC(246) Pause Young (Allocation Failure) 2409M->366M(2493M) 5.443ms
[3857.405s][info ][gc,cpu         ] GC(246) User=0.02s Sys=0.00s Real=0.00s
[3857.405s][info ][safepoint      ] Safepoint "ParallelGCFailedAllocation", Time since last: 16658466324 ns, Reaching safepoint: 43900 ns, At safepoint: 5521678 ns, Total: 5565578 ns
[3874.196s][info ][gc,start       ] GC(247) Pause Young (Allocation Failure)
[3874.202s][debug][gc,phases      ] GC(247) Scavenge 6.790ms
[3874.203s][debug][gc,ref         ] GC(247) Skipped phase 1 of Reference Processing: no references
[3874.203s][debug][gc,ref         ] GC(247) ReferenceProcessor::execute queues: 1, RefProcThreadModel::Single, marks_oops_alive: false
[3874.203s][debug][gc,ref         ] GC(247) Skipped phase 3 of Reference Processing: no references
[3874.203s][debug][gc,ref         ] GC(247) Skipped phase 4 of Reference Processing: no references
[3874.203s][debug][gc,phases      ] GC(247) Reference Processing 0.111ms
[3874.203s][debug][gc,phases      ] GC(247)   VM Weak                        Min:  0.0, Avg:  0.0, Max:  0.0, Diff:  0.0, Sum:  0.0, Workers: 4
[3874.203s][debug][gc,phases      ] GC(247)     Dead                           Min: 0, Avg:  0.0, Max: 0, Diff: 0, Sum: 0, Workers: 4
[3874.203s][debug][gc,phases      ] GC(247)     Total                          Min: 0, Avg: 212.2, Max: 640, Diff: 640, Sum: 849, Workers: 4
[3874.203s][debug][gc,phases      ] GC(247)   ObjectSynchronizer Weak        Min:  0.0, Avg:  0.0, Max:  0.0, Diff:  0.0, Sum:  0.0, Workers: 4
[3874.203s][debug][gc,phases      ] GC(247)     Dead                           Min: 0, Avg:  0.0, Max: 0, Diff: 0, Sum: 0, Workers: 4
[3874.203s][debug][gc,phases      ] GC(247)     Total                          Min: 0, Avg: 14.8, Max: 59, Diff: 59, Sum: 59, Workers: 4
[3874.203s][debug][gc,phases      ] GC(247)   JVMTI Tag Weak OopStorage      Min:  0.0, Avg:  0.0, Max:  0.0, Diff:  0.0, Sum:  0.0, Workers: 4
[3874.203s][debug][gc,phases      ] GC(247)     Dead                           Min: 0, Avg:  0.0, Max: 0, Diff: 0, Sum: 0, Workers: 4
[3874.203s][debug][gc,phases      ] GC(247)     Total                          Min: 0, Avg:  0.0, Max: 0, Diff: 0, Sum: 0, Workers: 4
[3874.203s][debug][gc,phases      ] GC(247)   StringTable Weak               Min:  0.0, Avg:  0.1, Max:  0.2, Diff:  0.2, Sum:  0.4, Workers: 4
[3874.203s][debug][gc,phases      ] GC(247)     Dead                           Min: 0, Avg:  0.0, Max: 0, Diff: 0, Sum: 0, Workers: 4
[3874.203s][debug][gc,phases      ] GC(247)     Total                          Min: 0, Avg: 11231.8, Max: 23039, Diff: 23039, Sum: 44927, Workers: 4
[3874.203s][debug][gc,phases      ] GC(247)   ResolvedMethodTable Weak       Min:  0.0, Avg:  0.0, Max:  0.0, Diff:  0.0, Sum:  0.1, Workers: 4
[3874.203s][debug][gc,phases      ] GC(247)     Dead                           Min: 0, Avg:  0.0, Max: 0, Diff: 0, Sum: 0, Workers: 4
[3874.203s][debug][gc,phases      ] GC(247)     Total                          Min: 0, Avg: 2453.5, Max: 5212, Diff: 5212, Sum: 9814, Workers: 4
[3874.203s][debug][gc,phases      ] GC(247)   JNI Weak                       Min:  0.0, Avg:  0.0, Max:  0.0, Diff:  0.0, Sum:  0.0, Workers: 4
[3874.203s][debug][gc,phases      ] GC(247)     Dead                           Min: 0, Avg:  0.0, Max: 0, Diff: 0, Sum: 0, Workers: 4
[3874.203s][debug][gc,phases      ] GC(247)     Total                          Min: 0, Avg: 11.2, Max: 45, Diff: 45, Sum: 45, Workers: 4
[3874.203s][debug][gc,phases      ] GC(247)   StringDedup Table Weak         Min:  0.0, Avg:  0.0, Max:  0.0, Diff:  0.0, Sum:  0.0, Workers: 4
[3874.203s][debug][gc,phases      ] GC(247)     Dead                           Min: 0, Avg:  0.0, Max: 0, Diff: 0, Sum: 0, Workers: 4
[3874.203s][debug][gc,phases      ] GC(247)     Total                          Min: 0, Avg:  0.0, Max: 0, Diff: 0, Sum: 0, Workers: 4
[3874.203s][debug][gc,phases      ] GC(247)   StringDedup Requests0 Weak     Min:  0.0, Avg:  0.0, Max:  0.0, Diff:  0.0, Sum:  0.0, Workers: 4
[3874.203s][debug][gc,phases      ] GC(247)     Dead                           Min: 0, Avg:  0.0, Max: 0, Diff: 0, Sum: 0, Workers: 4
[3874.203s][debug][gc,phases      ] GC(247)     Total                          Min: 0, Avg:  0.0, Max: 0, Diff: 0, Sum: 0, Workers: 4
[3874.203s][debug][gc,phases      ] GC(247)   StringDedup Requests1 Weak     Min:  0.0, Avg:  0.0, Max:  0.0, Diff:  0.0, Sum:  0.0, Workers: 4
[3874.203s][debug][gc,phases      ] GC(247)     Dead                           Min: 0, Avg:  0.0, Max: 0, Diff: 0, Sum: 0, Workers: 4
[3874.203s][debug][gc,phases      ] GC(247)     Total                          Min: 0, Avg:  0.0, Max: 0, Diff: 0, Sum: 0, Workers: 4
[3874.203s][debug][gc,phases      ] GC(247)   Weak JFR Old Object Samples    Min:  0.0, Avg:  0.0, Max:  0.0, Diff:  0.0, Sum:  0.0, Workers: 4
[3874.203s][debug][gc,phases      ] GC(247)     Dead                           Min: 0, Avg:  0.0, Max: 0, Diff: 0, Sum: 0, Workers: 4
[3874.203s][debug][gc,phases      ] GC(247)     Total                          Min: 0, Avg:  0.0, Max: 0, Diff: 0, Sum: 0, Workers: 4
[3874.203s][debug][gc,phases      ] GC(247) Weak Processing 0.473ms
[3874.203s][debug][gc,age         ] GC(247) Desired survivor size 2621440 bytes, new threshold 15 (max threshold 15)
[3874.203s][info ][gc,heap        ] GC(247) PSYoungGen: 2093248K(2094592K)->1216K(2094592K) Eden: 2092032K(2092032K)->0K(2092032K) From: 1216K(2560K)->1216K(2560K)
[3874.203s][info ][gc,heap        ] GC(247) ParOldGen: 373932K(458752K)->373964K(458752K)
[3874.203s][info ][gc,metaspace   ] GC(247) Metaspace: 83765K(84800K)->83765K(84800K) NonClass: 71832K(72384K)->71832K(72384K) Class: 11933K(12416K)->11933K(12416K)
[3874.203s][info ][gc             ] GC(247) Pause Young (Allocation Failure) 2409M->366M(2493M) 7.486ms
[3874.203s][info ][gc,cpu         ] GC(247) User=0.01s Sys=0.00s Real=0.00s
[3874.203s][info ][safepoint      ] Safepoint "ParallelGCFailedAllocation", Time since last: 16790384401 ns, Reaching safepoint: 34400 ns, At safepoint: 7560369 ns, Total: 7594769 ns
[3880.204s][info ][safepoint      ] Safepoint "Cleanup", Time since last: 6000409649 ns, Reaching safepoint: 46300 ns, At safepoint: 5100 ns, Total: 51400 ns
[3885.204s][info ][safepoint      ] Safepoint "Cleanup", Time since last: 5000386803 ns, Reaching safepoint: 46300 ns, At safepoint: 6800 ns, Total: 53100 ns
[3892.747s][info ][gc,start       ] GC(248) Pause Young (Allocation Failure)
[3892.759s][debug][gc,phases      ] GC(248) Scavenge 12.469ms
[3892.759s][debug][gc,ref         ] GC(248) Skipped phase 1 of Reference Processing: no references
[3892.759s][debug][gc,ref         ] GC(248) ReferenceProcessor::execute queues: 1, RefProcThreadModel::Single, marks_oops_alive: false
[3892.759s][debug][gc,ref         ] GC(248) Skipped phase 3 of Reference Processing: no references
[3892.759s][debug][gc,ref         ] GC(248) ReferenceProcessor::execute queues: 1, RefProcThreadModel::Single, marks_oops_alive: false
[3892.759s][debug][gc,phases      ] GC(248) Reference Processing 0.120ms
[3892.760s][debug][gc,phases      ] GC(248)   VM Weak                        Min:  0.0, Avg:  0.0, Max:  0.0, Diff:  0.0, Sum:  0.0, Workers: 4
[3892.760s][debug][gc,phases      ] GC(248)     Dead                           Min: 0, Avg:  0.0, Max: 0, Diff: 0, Sum: 0, Workers: 4
[3892.760s][debug][gc,phases      ] GC(248)     Total                          Min: 0, Avg: 212.2, Max: 849, Diff: 849, Sum: 849, Workers: 4
[3892.760s][debug][gc,phases      ] GC(248)   ObjectSynchronizer Weak        Min:  0.0, Avg:  0.0, Max:  0.0, Diff:  0.0, Sum:  0.0, Workers: 4
[3892.760s][debug][gc,phases      ] GC(248)     Dead                           Min: 0, Avg:  0.0, Max: 0, Diff: 0, Sum: 0, Workers: 4
[3892.760s][debug][gc,phases      ] GC(248)     Total                          Min: 0, Avg: 14.8, Max: 59, Diff: 59, Sum: 59, Workers: 4
[3892.760s][debug][gc,phases      ] GC(248)   JVMTI Tag Weak OopStorage      Min:  0.0, Avg:  0.0, Max:  0.0, Diff:  0.0, Sum:  0.0, Workers: 4
[3892.760s][debug][gc,phases      ] GC(248)     Dead                           Min: 0, Avg:  0.0, Max: 0, Diff: 0, Sum: 0, Workers: 4
[3892.760s][debug][gc,phases      ] GC(248)     Total                          Min: 0, Avg:  0.0, Max: 0, Diff: 0, Sum: 0, Workers: 4
[3892.760s][debug][gc,phases      ] GC(248)   StringTable Weak               Min:  0.0, Avg:  0.1, Max:  0.3, Diff:  0.3, Sum:  0.3, Workers: 4
[3892.760s][debug][gc,phases      ] GC(248)     Dead                           Min: 0, Avg:  0.0, Max: 0, Diff: 0, Sum: 0, Workers: 4
[3892.760s][debug][gc,phases      ] GC(248)     Total                          Min: 0, Avg: 11232.5, Max: 44930, Diff: 44930, Sum: 44930, Workers: 4
[3892.760s][debug][gc,phases      ] GC(248)   ResolvedMethodTable Weak       Min:  0.0, Avg:  0.0, Max:  0.1, Diff:  0.1, Sum:  0.1, Workers: 4
[3892.760s][debug][gc,phases      ] GC(248)     Dead                           Min: 0, Avg:  0.0, Max: 0, Diff: 0, Sum: 0, Workers: 4
[3892.760s][debug][gc,phases      ] GC(248)     Total                          Min: 0, Avg: 2453.5, Max: 9814, Diff: 9814, Sum: 9814, Workers: 4
[3892.760s][debug][gc,phases      ] GC(248)   JNI Weak                       Min:  0.0, Avg:  0.0, Max:  0.0, Diff:  0.0, Sum:  0.0, Workers: 4
[3892.760s][debug][gc,phases      ] GC(248)     Dead                           Min: 0, Avg:  0.0, Max: 0, Diff: 0, Sum: 0, Workers: 4
[3892.760s][debug][gc,phases      ] GC(248)     Total                          Min: 0, Avg: 11.2, Max: 45, Diff: 45, Sum: 45, Workers: 4
[3892.760s][debug][gc,phases      ] GC(248)   StringDedup Table Weak         Min:  0.0, Avg:  0.0, Max:  0.0, Diff:  0.0, Sum:  0.0, Workers: 4
[3892.760s][debug][gc,phases      ] GC(248)     Dead                           Min: 0, Avg:  0.0, Max: 0, Diff: 0, Sum: 0, Workers: 4
[3892.760s][debug][gc,phases      ] GC(248)     Total                          Min: 0, Avg:  0.0, Max: 0, Diff: 0, Sum: 0, Workers: 4
[3892.760s][debug][gc,phases      ] GC(248)   StringDedup Requests0 Weak     Min:  0.0, Avg:  0.0, Max:  0.0, Diff:  0.0, Sum:  0.0, Workers: 4
[3892.760s][debug][gc,phases      ] GC(248)     Dead                           Min: 0, Avg:  0.0, Max: 0, Diff: 0, Sum: 0, Workers: 4
[3892.760s][debug][gc,phases      ] GC(248)     Total                          Min: 0, Avg:  0.0, Max: 0, Diff: 0, Sum: 0, Workers: 4
[3892.760s][debug][gc,phases      ] GC(248)   StringDedup Requests1 Weak     Min:  0.0, Avg:  0.0, Max:  0.0, Diff:  0.0, Sum:  0.0, Workers: 4
[3892.760s][debug][gc,phases      ] GC(248)     Dead                           Min: 0, Avg:  0.0, Max: 0, Diff: 0, Sum: 0, Workers: 4
[3892.760s][debug][gc,phases      ] GC(248)     Total                          Min: 0, Avg:  0.0, Max: 0, Diff: 0, Sum: 0, Workers: 4
[3892.760s][debug][gc,phases      ] GC(248)   Weak JFR Old Object Samples    Min:  0.0, Avg:  0.0, Max:  0.0, Diff:  0.0, Sum:  0.0, Workers: 4
[3892.760s][debug][gc,phases      ] GC(248)     Dead                           Min: 0, Avg:  0.0, Max: 0, Diff: 0, Sum: 0, Workers: 4
[3892.760s][debug][gc,phases      ] GC(248)     Total                          Min: 0, Avg:  0.0, Max: 0, Diff: 0, Sum: 0, Workers: 4
[3892.760s][debug][gc,phases      ] GC(248) Weak Processing 0.662ms
[3892.760s][debug][gc,age         ] GC(248) Desired survivor size 2621440 bytes, new threshold 15 (max threshold 15)
[3892.760s][info ][gc,heap        ] GC(248) PSYoungGen: 2093248K(2094592K)->1248K(2094592K) Eden: 2092032K(2092032K)->0K(2092032K) From: 1216K(2560K)->1248K(2560K)
[3892.760s][info ][gc,heap        ] GC(248) ParOldGen: 373964K(458752K)->373980K(458752K)
[3892.760s][info ][gc,metaspace   ] GC(248) Metaspace: 83774K(84800K)->83774K(84800K) NonClass: 71841K(72384K)->71841K(72384K) Class: 11933K(12416K)->11933K(12416K)
[3892.760s][info ][gc             ] GC(248) Pause Young (Allocation Failure) 2409M->366M(2493M) 13.386ms
[3892.760s][info ][gc,cpu         ] GC(248) User=0.02s Sys=0.00s Real=0.01s
[3892.760s][info ][safepoint      ] Safepoint "ParallelGCFailedAllocation", Time since last: 7542541415 ns, Reaching safepoint: 37000 ns, At safepoint: 13472144 ns, Total: 13509144 ns
[3908.995s][info ][gc,start       ] GC(249) Pause Young (Allocation Failure)
[3909.007s][debug][gc,phases      ] GC(249) Scavenge 11.301ms
[3909.007s][debug][gc,ref         ] GC(249) Skipped phase 1 of Reference Processing: no references
[3909.007s][debug][gc,ref         ] GC(249) ReferenceProcessor::execute queues: 1, RefProcThreadModel::Single, marks_oops_alive: false
[3909.007s][debug][gc,ref         ] GC(249) Skipped phase 3 of Reference Processing: no references
[3909.007s][debug][gc,ref         ] GC(249) Skipped phase 4 of Reference Processing: no references
[3909.007s][debug][gc,phases      ] GC(249) Reference Processing 0.116ms
[3909.007s][debug][gc,phases      ] GC(249)   VM Weak                        Min:  0.0, Avg:  0.0, Max:  0.0, Diff:  0.0, Sum:  0.0, Workers: 4
[3909.007s][debug][gc,phases      ] GC(249)     Dead                           Min: 0, Avg:  0.0, Max: 0, Diff: 0, Sum: 0, Workers: 4
[3909.007s][debug][gc,phases      ] GC(249)     Total                          Min: 0, Avg: 212.2, Max: 849, Diff: 849, Sum: 849, Workers: 4
[3909.007s][debug][gc,phases      ] GC(249)   ObjectSynchronizer Weak        Min:  0.0, Avg:  0.0, Max:  0.0, Diff:  0.0, Sum:  0.0, Workers: 4
[3909.007s][debug][gc,phases      ] GC(249)     Dead                           Min: 0, Avg:  0.0, Max: 0, Diff: 0, Sum: 0, Workers: 4
[3909.007s][debug][gc,phases      ] GC(249)     Total                          Min: 0, Avg: 14.8, Max: 59, Diff: 59, Sum: 59, Workers: 4
[3909.007s][debug][gc,phases      ] GC(249)   JVMTI Tag Weak OopStorage      Min:  0.0, Avg:  0.0, Max:  0.0, Diff:  0.0, Sum:  0.0, Workers: 4
[3909.007s][debug][gc,phases      ] GC(249)     Dead                           Min: 0, Avg:  0.0, Max: 0, Diff: 0, Sum: 0, Workers: 4
[3909.007s][debug][gc,phases      ] GC(249)     Total                          Min: 0, Avg:  0.0, Max: 0, Diff: 0, Sum: 0, Workers: 4
[3909.007s][debug][gc,phases      ] GC(249)   StringTable Weak               Min:  0.0, Avg:  0.1, Max:  0.3, Diff:  0.3, Sum:  0.3, Workers: 4
[3909.007s][debug][gc,phases      ] GC(249)     Dead                           Min: 0, Avg:  0.0, Max: 0, Diff: 0, Sum: 0, Workers: 4
[3909.007s][debug][gc,phases      ] GC(249)     Total                          Min: 0, Avg: 11232.5, Max: 44930, Diff: 44930, Sum: 44930, Workers: 4
[3909.007s][debug][gc,phases      ] GC(249)   ResolvedMethodTable Weak       Min:  0.0, Avg:  0.0, Max:  0.1, Diff:  0.1, Sum:  0.1, Workers: 4
[3909.007s][debug][gc,phases      ] GC(249)     Dead                           Min: 0, Avg:  0.0, Max: 0, Diff: 0, Sum: 0, Workers: 4
[3909.007s][debug][gc,phases      ] GC(249)     Total                          Min: 0, Avg: 2453.5, Max: 9814, Diff: 9814, Sum: 9814, Workers: 4
[3909.007s][debug][gc,phases      ] GC(249)   JNI Weak                       Min:  0.0, Avg:  0.0, Max:  0.0, Diff:  0.0, Sum:  0.0, Workers: 4
[3909.007s][debug][gc,phases      ] GC(249)     Dead                           Min: 0, Avg:  0.0, Max: 0, Diff: 0, Sum: 0, Workers: 4
[3909.007s][debug][gc,phases      ] GC(249)     Total                          Min: 0, Avg: 11.2, Max: 45, Diff: 45, Sum: 45, Workers: 4
[3909.007s][debug][gc,phases      ] GC(249)   StringDedup Table Weak         Min:  0.0, Avg:  0.0, Max:  0.0, Diff:  0.0, Sum:  0.0, Workers: 4
[3909.007s][debug][gc,phases      ] GC(249)     Dead                           Min: 0, Avg:  0.0, Max: 0, Diff: 0, Sum: 0, Workers: 4
[3909.007s][debug][gc,phases      ] GC(249)     Total                          Min: 0, Avg:  0.0, Max: 0, Diff: 0, Sum: 0, Workers: 4
[3909.007s][debug][gc,phases      ] GC(249)   StringDedup Requests0 Weak     Min:  0.0, Avg:  0.0, Max:  0.0, Diff:  0.0, Sum:  0.0, Workers: 4
[3909.007s][debug][gc,phases      ] GC(249)     Dead                           Min: 0, Avg:  0.0, Max: 0, Diff: 0, Sum: 0, Workers: 4
[3909.007s][debug][gc,phases      ] GC(249)     Total                          Min: 0, Avg:  0.0, Max: 0, Diff: 0, Sum: 0, Workers: 4
[3909.007s][debug][gc,phases      ] GC(249)   StringDedup Requests1 Weak     Min:  0.0, Avg:  0.0, Max:  0.0, Diff:  0.0, Sum:  0.0, Workers: 4
[3909.007s][debug][gc,phases      ] GC(249)     Dead                           Min: 0, Avg:  0.0, Max: 0, Diff: 0, Sum: 0, Workers: 4
[3909.007s][debug][gc,phases      ] GC(249)     Total                          Min: 0, Avg:  0.0, Max: 0, Diff: 0, Sum: 0, Workers: 4
[3909.007s][debug][gc,phases      ] GC(249)   Weak JFR Old Object Samples    Min:  0.0, Avg:  0.0, Max:  0.0, Diff:  0.0, Sum:  0.0, Workers: 4
[3909.007s][debug][gc,phases      ] GC(249)     Dead                           Min: 0, Avg:  0.0, Max: 0, Diff: 0, Sum: 0, Workers: 4
[3909.007s][debug][gc,phases      ] GC(249)     Total                          Min: 0, Avg:  0.0, Max: 0, Diff: 0, Sum: 0, Workers: 4
[3909.007s][debug][gc,phases      ] GC(249) Weak Processing 0.622ms
[3909.007s][debug][gc,age         ] GC(249) Desired survivor size 2621440 bytes, new threshold 15 (max threshold 15)
[3909.008s][info ][gc,heap        ] GC(249) PSYoungGen: 2093280K(2094592K)->1280K(2094592K) Eden: 2092032K(2092032K)->0K(2092032K) From: 1248K(2560K)->1280K(2560K)
[3909.008s][info ][gc,heap        ] GC(249) ParOldGen: 373980K(458752K)->373996K(458752K)
[3909.008s][info ][gc,metaspace   ] GC(249) Metaspace: 83774K(84800K)->83774K(84800K) NonClass: 71841K(72384K)->71841K(72384K) Class: 11933K(12416K)->11933K(12416K)
[3909.008s][info ][gc             ] GC(249) Pause Young (Allocation Failure) 2409M->366M(2493M) 12.189ms
[3909.008s][info ][gc,cpu         ] GC(249) User=0.01s Sys=0.00s Real=0.01s
[3909.008s][info ][safepoint      ] Safepoint "ParallelGCFailedAllocation", Time since last: 16235123195 ns, Reaching safepoint: 40300 ns, At safepoint: 12293549 ns, Total: 12333849 ns
[3918.008s][info ][safepoint      ] Safepoint "Cleanup", Time since last: 9000643844 ns, Reaching safepoint: 35900 ns, At safepoint: 2500 ns, Total: 38400 ns
[3923.009s][info ][safepoint      ] Safepoint "Cleanup", Time since last: 5000357932 ns, Reaching safepoint: 49600 ns, At safepoint: 2200 ns, Total: 51800 ns
[3925.193s][info ][gc,start       ] GC(250) Pause Young (Allocation Failure)
[3925.197s][debug][gc,phases      ] GC(250) Scavenge 4.833ms
[3925.197s][debug][gc,ref         ] GC(250) Skipped phase 1 of Reference Processing: no references
[3925.198s][debug][gc,ref         ] GC(250) ReferenceProcessor::execute queues: 1, RefProcThreadModel::Single, marks_oops_alive: false
[3925.198s][debug][gc,ref         ] GC(250) Skipped phase 3 of Reference Processing: no references
[3925.198s][debug][gc,ref         ] GC(250) Skipped phase 4 of Reference Processing: no references
[3925.198s][debug][gc,phases      ] GC(250) Reference Processing 0.106ms
[3925.198s][debug][gc,phases      ] GC(250)   VM Weak                        Min:  0.0, Avg:  0.0, Max:  0.0, Diff:  0.0, Sum:  0.0, Workers: 4
[3925.198s][debug][gc,phases      ] GC(250)     Dead                           Min: 0, Avg:  0.0, Max: 0, Diff: 0, Sum: 0, Workers: 4
[3925.198s][debug][gc,phases      ] GC(250)     Total                          Min: 0, Avg: 212.2, Max: 657, Diff: 657, Sum: 849, Workers: 4
[3925.198s][debug][gc,phases      ] GC(250)   ObjectSynchronizer Weak        Min:  0.0, Avg:  0.0, Max:  0.0, Diff:  0.0, Sum:  0.0, Workers: 4
[3925.198s][debug][gc,phases      ] GC(250)     Dead                           Min: 0, Avg:  0.0, Max: 0, Diff: 0, Sum: 0, Workers: 4
[3925.198s][debug][gc,phases      ] GC(250)     Total                          Min: 0, Avg: 14.8, Max: 59, Diff: 59, Sum: 59, Workers: 4
[3925.198s][debug][gc,phases      ] GC(250)   JVMTI Tag Weak OopStorage      Min:  0.0, Avg:  0.0, Max:  0.0, Diff:  0.0, Sum:  0.0, Workers: 4
[3925.198s][debug][gc,phases      ] GC(250)     Dead                           Min: 0, Avg:  0.0, Max: 0, Diff: 0, Sum: 0, Workers: 4
[3925.198s][debug][gc,phases      ] GC(250)     Total                          Min: 0, Avg:  0.0, Max: 0, Diff: 0, Sum: 0, Workers: 4
[3925.198s][debug][gc,phases      ] GC(250)   StringTable Weak               Min:  0.1, Avg:  0.1, Max:  0.1, Diff:  0.1, Sum:  0.4, Workers: 4
[3925.198s][debug][gc,phases      ] GC(250)     Dead                           Min: 0, Avg:  0.0, Max: 0, Diff: 0, Sum: 0, Workers: 4
[3925.198s][debug][gc,phases      ] GC(250)     Total                          Min: 5312, Avg: 11232.5, Max: 13698, Diff: 8386, Sum: 44930, Workers: 4
[3925.198s][debug][gc,phases      ] GC(250)   ResolvedMethodTable Weak       Min:  0.0, Avg:  0.0, Max:  0.0, Diff:  0.0, Sum:  0.1, Workers: 4
[3925.198s][debug][gc,phases      ] GC(250)     Dead                           Min: 0, Avg:  0.0, Max: 0, Diff: 0, Sum: 0, Workers: 4
[3925.198s][debug][gc,phases      ] GC(250)     Total                          Min: 2368, Avg: 2453.5, Max: 2624, Diff: 256, Sum: 9814, Workers: 4
[3925.198s][debug][gc,phases      ] GC(250)   JNI Weak                       Min:  0.0, Avg:  0.0, Max:  0.0, Diff:  0.0, Sum:  0.0, Workers: 4
[3925.198s][debug][gc,phases      ] GC(250)     Dead                           Min: 0, Avg:  0.0, Max: 0, Diff: 0, Sum: 0, Workers: 4
[3925.198s][debug][gc,phases      ] GC(250)     Total                          Min: 0, Avg: 11.2, Max: 45, Diff: 45, Sum: 45, Workers: 4
[3925.198s][debug][gc,phases      ] GC(250)   StringDedup Table Weak         Min:  0.0, Avg:  0.0, Max:  0.0, Diff:  0.0, Sum:  0.0, Workers: 4
[3925.198s][debug][gc,phases      ] GC(250)     Dead                           Min: 0, Avg:  0.0, Max: 0, Diff: 0, Sum: 0, Workers: 4
[3925.198s][debug][gc,phases      ] GC(250)     Total                          Min: 0, Avg:  0.0, Max: 0, Diff: 0, Sum: 0, Workers: 4
[3925.198s][debug][gc,phases      ] GC(250)   StringDedup Requests0 Weak     Min:  0.0, Avg:  0.0, Max:  0.0, Diff:  0.0, Sum:  0.0, Workers: 4
[3925.198s][debug][gc,phases      ] GC(250)     Dead                           Min: 0, Avg:  0.0, Max: 0, Diff: 0, Sum: 0, Workers: 4
[3925.198s][debug][gc,phases      ] GC(250)     Total                          Min: 0, Avg:  0.0, Max: 0, Diff: 0, Sum: 0, Workers: 4
[3925.198s][debug][gc,phases      ] GC(250)   StringDedup Requests1 Weak     Min:  0.0, Avg:  0.0, Max:  0.0, Diff:  0.0, Sum:  0.0, Workers: 4
[3925.198s][debug][gc,phases      ] GC(250)     Dead                           Min: 0, Avg:  0.0, Max: 0, Diff: 0, Sum: 0, Workers: 4
[3925.198s][debug][gc,phases      ] GC(250)     Total                          Min: 0, Avg:  0.0, Max: 0, Diff: 0, Sum: 0, Workers: 4
[3925.198s][debug][gc,phases      ] GC(250)   Weak JFR Old Object Samples    Min:  0.0, Avg:  0.0, Max:  0.0, Diff:  0.0, Sum:  0.0, Workers: 4
[3925.198s][debug][gc,phases      ] GC(250)     Dead                           Min: 0, Avg:  0.0, Max: 0, Diff: 0, Sum: 0, Workers: 4
[3925.198s][debug][gc,phases      ] GC(250)     Total                          Min: 0, Avg:  0.0, Max: 0, Diff: 0, Sum: 0, Workers: 4
[3925.198s][debug][gc,phases      ] GC(250) Weak Processing 0.313ms
[3925.198s][debug][gc,age         ] GC(250) Desired survivor size 2621440 bytes, new threshold 15 (max threshold 15)
[3925.198s][info ][gc,heap        ] GC(250) PSYoungGen: 2093312K(2094592K)->1232K(2094592K) Eden: 2092032K(2092032K)->0K(2092032K) From: 1280K(2560K)->1232K(2560K)
[3925.198s][info ][gc,heap        ] GC(250) ParOldGen: 373996K(458752K)->374020K(458752K)
[3925.198s][info ][gc,metaspace   ] GC(250) Metaspace: 83780K(84800K)->83780K(84800K) NonClass: 71846K(72384K)->71846K(72384K) Class: 11933K(12416K)->11933K(12416K)
[3925.198s][info ][gc             ] GC(250) Pause Young (Allocation Failure) 2409M->366M(2493M) 5.358ms
[3925.198s][info ][gc,cpu         ] GC(250) User=0.01s Sys=0.00s Real=0.01s
[3925.198s][info ][safepoint      ] Safepoint "ParallelGCFailedAllocation", Time since last: 2183772433 ns, Reaching safepoint: 34900 ns, At safepoint: 5420978 ns, Total: 5455878 ns
[3941.643s][info ][gc,start       ] GC(251) Pause Young (Allocation Failure)
[3941.648s][debug][gc,phases      ] GC(251) Scavenge 4.727ms
[3941.648s][debug][gc,ref         ] GC(251) Skipped phase 1 of Reference Processing: no references
[3941.648s][debug][gc,ref         ] GC(251) ReferenceProcessor::execute queues: 1, RefProcThreadModel::Single, marks_oops_alive: false
[3941.648s][debug][gc,ref         ] GC(251) Skipped phase 3 of Reference Processing: no references
[3941.648s][debug][gc,ref         ] GC(251) Skipped phase 4 of Reference Processing: no references
[3941.648s][debug][gc,phases      ] GC(251) Reference Processing 0.102ms
[3941.648s][debug][gc,phases      ] GC(251)   VM Weak                        Min:  0.0, Avg:  0.0, Max:  0.0, Diff:  0.0, Sum:  0.0, Workers: 4
[3941.648s][debug][gc,phases      ] GC(251)     Dead                           Min: 0, Avg:  0.0, Max: 0, Diff: 0, Sum: 0, Workers: 4
[3941.648s][debug][gc,phases      ] GC(251)     Total                          Min: 0, Avg: 212.2, Max: 320, Diff: 320, Sum: 849, Workers: 4
[3941.648s][debug][gc,phases      ] GC(251)   ObjectSynchronizer Weak        Min:  0.0, Avg:  0.0, Max:  0.0, Diff:  0.0, Sum:  0.0, Workers: 4
[3941.648s][debug][gc,phases      ] GC(251)     Dead                           Min: 0, Avg:  0.0, Max: 0, Diff: 0, Sum: 0, Workers: 4
[3941.648s][debug][gc,phases      ] GC(251)     Total                          Min: 0, Avg: 14.8, Max: 59, Diff: 59, Sum: 59, Workers: 4
[3941.648s][debug][gc,phases      ] GC(251)   JVMTI Tag Weak OopStorage      Min:  0.0, Avg:  0.0, Max:  0.0, Diff:  0.0, Sum:  0.0, Workers: 4
[3941.648s][debug][gc,phases      ] GC(251)     Dead                           Min: 0, Avg:  0.0, Max: 0, Diff: 0, Sum: 0, Workers: 4
[3941.648s][debug][gc,phases      ] GC(251)     Total                          Min: 0, Avg:  0.0, Max: 0, Diff: 0, Sum: 0, Workers: 4
[3941.648s][debug][gc,phases      ] GC(251)   StringTable Weak               Min:  0.0, Avg:  0.1, Max:  0.1, Diff:  0.1, Sum:  0.4, Workers: 4
[3941.648s][debug][gc,phases      ] GC(251)     Dead                           Min: 0, Avg:  0.0, Max: 0, Diff: 0, Sum: 0, Workers: 4
[3941.648s][debug][gc,phases      ] GC(251)     Total                          Min: 0, Avg: 11232.5, Max: 15936, Diff: 15936, Sum: 44930, Workers: 4
[3941.648s][debug][gc,phases      ] GC(251)   ResolvedMethodTable Weak       Min:  0.0, Avg:  0.0, Max:  0.0, Diff:  0.0, Sum:  0.1, Workers: 4
[3941.648s][debug][gc,phases      ] GC(251)     Dead                           Min: 0, Avg:  0.0, Max: 0, Diff: 0, Sum: 0, Workers: 4
[3941.648s][debug][gc,phases      ] GC(251)     Total                          Min: 0, Avg: 2453.5, Max: 3520, Diff: 3520, Sum: 9814, Workers: 4
[3941.648s][debug][gc,phases      ] GC(251)   JNI Weak                       Min:  0.0, Avg:  0.0, Max:  0.0, Diff:  0.0, Sum:  0.0, Workers: 4
[3941.648s][debug][gc,phases      ] GC(251)     Dead                           Min: 0, Avg:  0.0, Max: 0, Diff: 0, Sum: 0, Workers: 4
[3941.648s][debug][gc,phases      ] GC(251)     Total                          Min: 0, Avg: 11.2, Max: 45, Diff: 45, Sum: 45, Workers: 4
[3941.648s][debug][gc,phases      ] GC(251)   StringDedup Table Weak         Min:  0.0, Avg:  0.0, Max:  0.0, Diff:  0.0, Sum:  0.0, Workers: 4
[3941.648s][debug][gc,phases      ] GC(251)     Dead                           Min: 0, Avg:  0.0, Max: 0, Diff: 0, Sum: 0, Workers: 4
[3941.648s][debug][gc,phases      ] GC(251)     Total                          Min: 0, Avg:  0.0, Max: 0, Diff: 0, Sum: 0, Workers: 4
[3941.648s][debug][gc,phases      ] GC(251)   StringDedup Requests0 Weak     Min:  0.0, Avg:  0.0, Max:  0.0, Diff:  0.0, Sum:  0.0, Workers: 4
[3941.648s][debug][gc,phases      ] GC(251)     Dead                           Min: 0, Avg:  0.0, Max: 0, Diff: 0, Sum: 0, Workers: 4
[3941.648s][debug][gc,phases      ] GC(251)     Total                          Min: 0, Avg:  0.0, Max: 0, Diff: 0, Sum: 0, Workers: 4
[3941.648s][debug][gc,phases      ] GC(251)   StringDedup Requests1 Weak     Min:  0.0, Avg:  0.0, Max:  0.0, Diff:  0.0, Sum:  0.0, Workers: 4
[3941.648s][debug][gc,phases      ] GC(251)     Dead                           Min: 0, Avg:  0.0, Max: 0, Diff: 0, Sum: 0, Workers: 4
[3941.648s][debug][gc,phases      ] GC(251)     Total                          Min: 0, Avg:  0.0, Max: 0, Diff: 0, Sum: 0, Workers: 4
[3941.648s][debug][gc,phases      ] GC(251)   Weak JFR Old Object Samples    Min:  0.0, Avg:  0.0, Max:  0.0, Diff:  0.0, Sum:  0.0, Workers: 4
[3941.648s][debug][gc,phases      ] GC(251)     Dead                           Min: 0, Avg:  0.0, Max: 0, Diff: 0, Sum: 0, Workers: 4
[3941.648s][debug][gc,phases      ] GC(251)     Total                          Min: 0, Avg:  0.0, Max: 0, Diff: 0, Sum: 0, Workers: 4
[3941.648s][debug][gc,phases      ] GC(251) Weak Processing 0.303ms
[3941.648s][debug][gc,age         ] GC(251) Desired survivor size 2097152 bytes, new threshold 15 (max threshold 15)
[3941.648s][info ][gc,heap        ] GC(251) PSYoungGen: 2093264K(2094592K)->1264K(2095104K) Eden: 2092032K(2092032K)->0K(2092544K) From: 1232K(2560K)->1264K(2560K)
[3941.648s][info ][gc,heap        ] GC(251) ParOldGen: 374020K(458752K)->374028K(458752K)
[3941.648s][info ][gc,metaspace   ] GC(251) Metaspace: 83781K(84800K)->83781K(84800K) NonClass: 71847K(72384K)->71847K(72384K) Class: 11933K(12416K)->11933K(12416K)
[3941.648s][info ][gc             ] GC(251) Pause Young (Allocation Failure) 2409M->366M(2494M) 5.230ms
[3941.648s][info ][gc,cpu         ] GC(251) User=0.01s Sys=0.00s Real=0.01s
[3941.648s][info ][safepoint      ] Safepoint "ParallelGCFailedAllocation", Time since last: 16445055131 ns, Reaching safepoint: 35699 ns, At safepoint: 5314679 ns, Total: 5350378 ns
[3947.649s][info ][safepoint      ] Safepoint "Cleanup", Time since last: 6000397987 ns, Reaching safepoint: 109899 ns, At safepoint: 7700 ns, Total: 117599 ns
[3948.649s][info ][safepoint      ] Safepoint "Cleanup", Time since last: 1000101417 ns, Reaching safepoint: 103899 ns, At safepoint: 5600 ns, Total: 109499 ns
[3954.649s][info ][safepoint      ] Safepoint "Cleanup", Time since last: 6000414803 ns, Reaching safepoint: 42200 ns, At safepoint: 2300 ns, Total: 44500 ns
[3957.894s][info ][gc,start       ] GC(252) Pause Young (Allocation Failure)
[3957.899s][debug][gc,phases      ] GC(252) Scavenge 4.578ms
[3957.899s][debug][gc,ref         ] GC(252) Skipped phase 1 of Reference Processing: no references
[3957.899s][debug][gc,ref         ] GC(252) ReferenceProcessor::execute queues: 1, RefProcThreadModel::Single, marks_oops_alive: false
[3957.899s][debug][gc,ref         ] GC(252) Skipped phase 3 of Reference Processing: no references
[3957.899s][debug][gc,ref         ] GC(252) Skipped phase 4 of Reference Processing: no references
[3957.899s][debug][gc,phases      ] GC(252) Reference Processing 0.086ms
[3957.899s][debug][gc,phases      ] GC(252)   VM Weak                        Min:  0.0, Avg:  0.0, Max:  0.0, Diff:  0.0, Sum:  0.0, Workers: 4
[3957.899s][debug][gc,phases      ] GC(252)     Dead                           Min: 0, Avg:  0.0, Max: 0, Diff: 0, Sum: 0, Workers: 4
[3957.899s][debug][gc,phases      ] GC(252)     Total                          Min: 0, Avg: 212.2, Max: 657, Diff: 657, Sum: 849, Workers: 4
[3957.899s][debug][gc,phases      ] GC(252)   ObjectSynchronizer Weak        Min:  0.0, Avg:  0.0, Max:  0.0, Diff:  0.0, Sum:  0.0, Workers: 4
[3957.899s][debug][gc,phases      ] GC(252)     Dead                           Min: 0, Avg:  0.0, Max: 0, Diff: 0, Sum: 0, Workers: 4
[3957.899s][debug][gc,phases      ] GC(252)     Total                          Min: 0, Avg: 14.8, Max: 59, Diff: 59, Sum: 59, Workers: 4
[3957.899s][debug][gc,phases      ] GC(252)   JVMTI Tag Weak OopStorage      Min:  0.0, Avg:  0.0, Max:  0.0, Diff:  0.0, Sum:  0.0, Workers: 4
[3957.899s][debug][gc,phases      ] GC(252)     Dead                           Min: 0, Avg:  0.0, Max: 0, Diff: 0, Sum: 0, Workers: 4
[3957.899s][debug][gc,phases      ] GC(252)     Total                          Min: 0, Avg:  0.0, Max: 0, Diff: 0, Sum: 0, Workers: 4
[3957.899s][debug][gc,phases      ] GC(252)   StringTable Weak               Min:  0.0, Avg:  0.1, Max:  0.2, Diff:  0.2, Sum:  0.4, Workers: 4
[3957.899s][debug][gc,phases      ] GC(252)     Dead                           Min: 0, Avg:  0.0, Max: 0, Diff: 0, Sum: 0, Workers: 4
[3957.899s][debug][gc,phases      ] GC(252)     Total                          Min: 0, Avg: 11232.5, Max: 15552, Diff: 15552, Sum: 44930, Workers: 4
[3957.899s][debug][gc,phases      ] GC(252)   ResolvedMethodTable Weak       Min:  0.0, Avg:  0.0, Max:  0.0, Diff:  0.0, Sum:  0.1, Workers: 4
[3957.899s][debug][gc,phases      ] GC(252)     Dead                           Min: 0, Avg:  0.0, Max: 0, Diff: 0, Sum: 0, Workers: 4
[3957.899s][debug][gc,phases      ] GC(252)     Total                          Min: 0, Avg: 2453.5, Max: 4416, Diff: 4416, Sum: 9814, Workers: 4
[3957.899s][debug][gc,phases      ] GC(252)   JNI Weak                       Min:  0.0, Avg:  0.0, Max:  0.0, Diff:  0.0, Sum:  0.0, Workers: 4
[3957.899s][debug][gc,phases      ] GC(252)     Dead                           Min: 0, Avg:  0.0, Max: 0, Diff: 0, Sum: 0, Workers: 4
[3957.899s][debug][gc,phases      ] GC(252)     Total                          Min: 0, Avg: 11.2, Max: 45, Diff: 45, Sum: 45, Workers: 4
[3957.899s][debug][gc,phases      ] GC(252)   StringDedup Table Weak         Min:  0.0, Avg:  0.0, Max:  0.0, Diff:  0.0, Sum:  0.0, Workers: 4
[3957.899s][debug][gc,phases      ] GC(252)     Dead                           Min: 0, Avg:  0.0, Max: 0, Diff: 0, Sum: 0, Workers: 4
[3957.899s][debug][gc,phases      ] GC(252)     Total                          Min: 0, Avg:  0.0, Max: 0, Diff: 0, Sum: 0, Workers: 4
[3957.899s][debug][gc,phases      ] GC(252)   StringDedup Requests0 Weak     Min:  0.0, Avg:  0.0, Max:  0.0, Diff:  0.0, Sum:  0.0, Workers: 4
[3957.899s][debug][gc,phases      ] GC(252)     Dead                           Min: 0, Avg:  0.0, Max: 0, Diff: 0, Sum: 0, Workers: 4
[3957.899s][debug][gc,phases      ] GC(252)     Total                          Min: 0, Avg:  0.0, Max: 0, Diff: 0, Sum: 0, Workers: 4
[3957.899s][debug][gc,phases      ] GC(252)   StringDedup Requests1 Weak     Min:  0.0, Avg:  0.0, Max:  0.0, Diff:  0.0, Sum:  0.0, Workers: 4
[3957.899s][debug][gc,phases      ] GC(252)     Dead                           Min: 0, Avg:  0.0, Max: 0, Diff: 0, Sum: 0, Workers: 4
[3957.899s][debug][gc,phases      ] GC(252)     Total                          Min: 0, Avg:  0.0, Max: 0, Diff: 0, Sum: 0, Workers: 4
[3957.899s][debug][gc,phases      ] GC(252)   Weak JFR Old Object Samples    Min:  0.0, Avg:  0.0, Max:  0.0, Diff:  0.0, Sum:  0.0, Workers: 4
[3957.899s][debug][gc,phases      ] GC(252)     Dead                           Min: 0, Avg:  0.0, Max: 0, Diff: 0, Sum: 0, Workers: 4
[3957.899s][debug][gc,phases      ] GC(252)     Total                          Min: 0, Avg:  0.0, Max: 0, Diff: 0, Sum: 0, Workers: 4
[3957.899s][debug][gc,phases      ] GC(252) Weak Processing 0.336ms
[3957.899s][debug][gc,age         ] GC(252) Desired survivor size 2097152 bytes, new threshold 15 (max threshold 15)
[3957.899s][info ][gc,heap        ] GC(252) PSYoungGen: 2093808K(2095104K)->1216K(2094592K) Eden: 2092544K(2092544K)->0K(2092544K) From: 1264K(2560K)->1216K(2048K)
[3957.899s][info ][gc,heap        ] GC(252) ParOldGen: 374028K(458752K)->374036K(458752K)
[3957.899s][info ][gc,metaspace   ] GC(252) Metaspace: 83784K(84800K)->83784K(84800K) NonClass: 71850K(72384K)->71850K(72384K) Class: 11933K(12416K)->11933K(12416K)
[3957.899s][info ][gc             ] GC(252) Pause Young (Allocation Failure) 2409M->366M(2493M) 5.093ms
[3957.899s][info ][gc,cpu         ] GC(252) User=0.01s Sys=0.00s Real=0.00s
[3957.899s][info ][safepoint      ] Safepoint "ParallelGCFailedAllocation", Time since last: 3244649644 ns, Reaching safepoint: 33900 ns, At safepoint: 5156179 ns, Total: 5190079 ns
[3964.900s][info ][safepoint      ] Safepoint "Cleanup", Time since last: 7000493494 ns, Reaching safepoint: 58600 ns, At safepoint: 5300 ns, Total: 63900 ns
[3965.900s][info ][safepoint      ] Safepoint "Cleanup", Time since last: 1000106617 ns, Reaching safepoint: 50400 ns, At safepoint: 2200 ns, Total: 52600 ns
[3966.900s][info ][safepoint      ] Safepoint "Cleanup", Time since last: 1000117817 ns, Reaching safepoint: 72900 ns, At safepoint: 33099 ns, Total: 105999 ns
[3974.445s][info ][gc,start       ] GC(253) Pause Young (Allocation Failure)
[3974.450s][debug][gc,phases      ] GC(253) Scavenge 4.522ms
[3974.450s][debug][gc,ref         ] GC(253) Skipped phase 1 of Reference Processing: no references
[3974.450s][debug][gc,ref         ] GC(253) ReferenceProcessor::execute queues: 1, RefProcThreadModel::Single, marks_oops_alive: false
[3974.450s][debug][gc,ref         ] GC(253) Skipped phase 3 of Reference Processing: no references
[3974.450s][debug][gc,ref         ] GC(253) Skipped phase 4 of Reference Processing: no references
[3974.450s][debug][gc,phases      ] GC(253) Reference Processing 0.109ms
[3974.450s][debug][gc,phases      ] GC(253)   VM Weak                        Min:  0.0, Avg:  0.0, Max:  0.0, Diff:  0.0, Sum:  0.0, Workers: 4
[3974.450s][debug][gc,phases      ] GC(253)     Dead                           Min: 0, Avg:  0.0, Max: 0, Diff: 0, Sum: 0, Workers: 4
[3974.450s][debug][gc,phases      ] GC(253)     Total                          Min: 0, Avg: 212.2, Max: 640, Diff: 640, Sum: 849, Workers: 4
[3974.450s][debug][gc,phases      ] GC(253)   ObjectSynchronizer Weak        Min:  0.0, Avg:  0.0, Max:  0.0, Diff:  0.0, Sum:  0.0, Workers: 4
[3974.450s][debug][gc,phases      ] GC(253)     Dead                           Min: 0, Avg:  0.0, Max: 0, Diff: 0, Sum: 0, Workers: 4
[3974.450s][debug][gc,phases      ] GC(253)     Total                          Min: 0, Avg: 14.8, Max: 59, Diff: 59, Sum: 59, Workers: 4
[3974.450s][debug][gc,phases      ] GC(253)   JVMTI Tag Weak OopStorage      Min:  0.0, Avg:  0.0, Max:  0.0, Diff:  0.0, Sum:  0.0, Workers: 4
[3974.450s][debug][gc,phases      ] GC(253)     Dead                           Min: 0, Avg:  0.0, Max: 0, Diff: 0, Sum: 0, Workers: 4
[3974.450s][debug][gc,phases      ] GC(253)     Total                          Min: 0, Avg:  0.0, Max: 0, Diff: 0, Sum: 0, Workers: 4
[3974.450s][debug][gc,phases      ] GC(253)   StringTable Weak               Min:  0.1, Avg:  0.1, Max:  0.1, Diff:  0.0, Sum:  0.4, Workers: 4
[3974.450s][debug][gc,phases      ] GC(253)     Dead                           Min: 0, Avg:  0.0, Max: 0, Diff: 0, Sum: 0, Workers: 4
[3974.450s][debug][gc,phases      ] GC(253)     Total                          Min: 10944, Avg: 11232.5, Max: 11586, Diff: 642, Sum: 44930, Workers: 4
[3974.450s][debug][gc,phases      ] GC(253)   ResolvedMethodTable Weak       Min:  0.0, Avg:  0.0, Max:  0.0, Diff:  0.0, Sum:  0.1, Workers: 4
[3974.450s][debug][gc,phases      ] GC(253)     Dead                           Min: 0, Avg:  0.0, Max: 0, Diff: 0, Sum: 0, Workers: 4
[3974.450s][debug][gc,phases      ] GC(253)     Total                          Min: 2368, Avg: 2453.5, Max: 2518, Diff: 150, Sum: 9814, Workers: 4
[3974.450s][debug][gc,phases      ] GC(253)   JNI Weak                       Min:  0.0, Avg:  0.0, Max:  0.0, Diff:  0.0, Sum:  0.0, Workers: 4
[3974.450s][debug][gc,phases      ] GC(253)     Dead                           Min: 0, Avg:  0.0, Max: 0, Diff: 0, Sum: 0, Workers: 4
[3974.450s][debug][gc,phases      ] GC(253)     Total                          Min: 0, Avg: 11.2, Max: 45, Diff: 45, Sum: 45, Workers: 4
[3974.450s][debug][gc,phases      ] GC(253)   StringDedup Table Weak         Min:  0.0, Avg:  0.0, Max:  0.0, Diff:  0.0, Sum:  0.0, Workers: 4
[3974.450s][debug][gc,phases      ] GC(253)     Dead                           Min: 0, Avg:  0.0, Max: 0, Diff: 0, Sum: 0, Workers: 4
[3974.450s][debug][gc,phases      ] GC(253)     Total                          Min: 0, Avg:  0.0, Max: 0, Diff: 0, Sum: 0, Workers: 4
[3974.450s][debug][gc,phases      ] GC(253)   StringDedup Requests0 Weak     Min:  0.0, Avg:  0.0, Max:  0.0, Diff:  0.0, Sum:  0.0, Workers: 4
[3974.450s][debug][gc,phases      ] GC(253)     Dead                           Min: 0, Avg:  0.0, Max: 0, Diff: 0, Sum: 0, Workers: 4
[3974.450s][debug][gc,phases      ] GC(253)     Total                          Min: 0, Avg:  0.0, Max: 0, Diff: 0, Sum: 0, Workers: 4
[3974.450s][debug][gc,phases      ] GC(253)   StringDedup Requests1 Weak     Min:  0.0, Avg:  0.0, Max:  0.0, Diff:  0.0, Sum:  0.0, Workers: 4
[3974.450s][debug][gc,phases      ] GC(253)     Dead                           Min: 0, Avg:  0.0, Max: 0, Diff: 0, Sum: 0, Workers: 4
[3974.450s][debug][gc,phases      ] GC(253)     Total                          Min: 0, Avg:  0.0, Max: 0, Diff: 0, Sum: 0, Workers: 4
[3974.450s][debug][gc,phases      ] GC(253)   Weak JFR Old Object Samples    Min:  0.0, Avg:  0.0, Max:  0.0, Diff:  0.0, Sum:  0.0, Workers: 4
[3974.450s][debug][gc,phases      ] GC(253)     Dead                           Min: 0, Avg:  0.0, Max: 0, Diff: 0, Sum: 0, Workers: 4
[3974.450s][debug][gc,phases      ] GC(253)     Total                          Min: 0, Avg:  0.0, Max: 0, Diff: 0, Sum: 0, Workers: 4
[3974.450s][debug][gc,phases      ] GC(253) Weak Processing 0.280ms
[3974.450s][debug][gc,age         ] GC(253) Desired survivor size 2097152 bytes, new threshold 15 (max threshold 15)
[3974.450s][info ][gc,heap        ] GC(253) PSYoungGen: 2093760K(2094592K)->1280K(2095104K) Eden: 2092544K(2092544K)->0K(2093056K) From: 1216K(2048K)->1280K(2048K)
[3974.450s][info ][gc,heap        ] GC(253) ParOldGen: 374036K(458752K)->374036K(458752K)
[3974.450s][info ][gc,metaspace   ] GC(253) Metaspace: 83784K(84800K)->83784K(84800K) NonClass: 71851K(72384K)->71851K(72384K) Class: 11933K(12416K)->11933K(12416K)
[3974.450s][info ][gc             ] GC(253) Pause Young (Allocation Failure) 2409M->366M(2494M) 5.016ms
[3974.450s][info ][gc,cpu         ] GC(253) User=0.01s Sys=0.00s Real=0.01s
[3974.450s][info ][safepoint      ] Safepoint "ParallelGCFailedAllocation", Time since last: 7544603792 ns, Reaching safepoint: 31300 ns, At safepoint: 5097779 ns, Total: 5129079 ns
[3984.451s][info ][safepoint      ] Safepoint "Cleanup", Time since last: 10000658923 ns, Reaching safepoint: 41699 ns, At safepoint: 4800 ns, Total: 46499 ns
[3990.451s][info ][safepoint      ] Safepoint "Cleanup", Time since last: 6000474089 ns, Reaching safepoint: 39000 ns, At safepoint: 2700 ns, Total: 41700 ns
[3990.541s][info ][gc,start       ] GC(254) Pause Young (Allocation Failure)
[3990.547s][debug][gc,phases      ] GC(254) Scavenge 5.222ms
[3990.547s][debug][gc,ref         ] GC(254) Skipped phase 1 of Reference Processing: no references
[3990.547s][debug][gc,ref         ] GC(254) ReferenceProcessor::execute queues: 1, RefProcThreadModel::Single, marks_oops_alive: false
[3990.547s][debug][gc,ref         ] GC(254) Skipped phase 3 of Reference Processing: no references
[3990.547s][debug][gc,ref         ] GC(254) Skipped phase 4 of Reference Processing: no references
[3990.547s][debug][gc,phases      ] GC(254) Reference Processing 0.089ms
[3990.547s][debug][gc,phases      ] GC(254)   VM Weak                        Min:  0.0, Avg:  0.0, Max:  0.0, Diff:  0.0, Sum:  0.0, Workers: 4
[3990.547s][debug][gc,phases      ] GC(254)     Dead                           Min: 0, Avg:  0.0, Max: 0, Diff: 0, Sum: 0, Workers: 4
[3990.547s][debug][gc,phases      ] GC(254)     Total                          Min: 0, Avg: 212.2, Max: 401, Diff: 401, Sum: 849, Workers: 4
[3990.547s][debug][gc,phases      ] GC(254)   ObjectSynchronizer Weak        Min:  0.0, Avg:  0.0, Max:  0.0, Diff:  0.0, Sum:  0.0, Workers: 4
[3990.547s][debug][gc,phases      ] GC(254)     Dead                           Min: 0, Avg:  0.0, Max: 0, Diff: 0, Sum: 0, Workers: 4
[3990.547s][debug][gc,phases      ] GC(254)     Total                          Min: 0, Avg: 14.8, Max: 59, Diff: 59, Sum: 59, Workers: 4
[3990.547s][debug][gc,phases      ] GC(254)   JVMTI Tag Weak OopStorage      Min:  0.0, Avg:  0.0, Max:  0.0, Diff:  0.0, Sum:  0.0, Workers: 4
[3990.547s][debug][gc,phases      ] GC(254)     Dead                           Min: 0, Avg:  0.0, Max: 0, Diff: 0, Sum: 0, Workers: 4
[3990.547s][debug][gc,phases      ] GC(254)     Total                          Min: 0, Avg:  0.0, Max: 0, Diff: 0, Sum: 0, Workers: 4
[3990.547s][debug][gc,phases      ] GC(254)   StringTable Weak               Min:  0.0, Avg:  0.1, Max:  0.1, Diff:  0.1, Sum:  0.4, Workers: 4
[3990.547s][debug][gc,phases      ] GC(254)     Dead                           Min: 0, Avg:  0.0, Max: 0, Diff: 0, Sum: 0, Workers: 4
[3990.547s][debug][gc,phases      ] GC(254)     Total                          Min: 0, Avg: 11232.5, Max: 15232, Diff: 15232, Sum: 44930, Workers: 4
[3990.547s][debug][gc,phases      ] GC(254)   ResolvedMethodTable Weak       Min:  0.0, Avg:  0.0, Max:  0.0, Diff:  0.0, Sum:  0.1, Workers: 4
[3990.547s][debug][gc,phases      ] GC(254)     Dead                           Min: 0, Avg:  0.0, Max: 0, Diff: 0, Sum: 0, Workers: 4
[3990.547s][debug][gc,phases      ] GC(254)     Total                          Min: 0, Avg: 2453.5, Max: 3520, Diff: 3520, Sum: 9814, Workers: 4
[3990.547s][debug][gc,phases      ] GC(254)   JNI Weak                       Min:  0.0, Avg:  0.0, Max:  0.0, Diff:  0.0, Sum:  0.0, Workers: 4
[3990.547s][debug][gc,phases      ] GC(254)     Dead                           Min: 0, Avg:  0.0, Max: 0, Diff: 0, Sum: 0, Workers: 4
[3990.547s][debug][gc,phases      ] GC(254)     Total                          Min: 0, Avg: 11.2, Max: 45, Diff: 45, Sum: 45, Workers: 4
[3990.547s][debug][gc,phases      ] GC(254)   StringDedup Table Weak         Min:  0.0, Avg:  0.0, Max:  0.0, Diff:  0.0, Sum:  0.0, Workers: 4
[3990.547s][debug][gc,phases      ] GC(254)     Dead                           Min: 0, Avg:  0.0, Max: 0, Diff: 0, Sum: 0, Workers: 4
[3990.547s][debug][gc,phases      ] GC(254)     Total                          Min: 0, Avg:  0.0, Max: 0, Diff: 0, Sum: 0, Workers: 4
[3990.547s][debug][gc,phases      ] GC(254)   StringDedup Requests0 Weak     Min:  0.0, Avg:  0.0, Max:  0.0, Diff:  0.0, Sum:  0.0, Workers: 4
[3990.547s][debug][gc,phases      ] GC(254)     Dead                           Min: 0, Avg:  0.0, Max: 0, Diff: 0, Sum: 0, Workers: 4
[3990.547s][debug][gc,phases      ] GC(254)     Total                          Min: 0, Avg:  0.0, Max: 0, Diff: 0, Sum: 0, Workers: 4
[3990.547s][debug][gc,phases      ] GC(254)   StringDedup Requests1 Weak     Min:  0.0, Avg:  0.0, Max:  0.0, Diff:  0.0, Sum:  0.0, Workers: 4
[3990.547s][debug][gc,phases      ] GC(254)     Dead                           Min: 0, Avg:  0.0, Max: 0, Diff: 0, Sum: 0, Workers: 4
[3990.547s][debug][gc,phases      ] GC(254)     Total                          Min: 0, Avg:  0.0, Max: 0, Diff: 0, Sum: 0, Workers: 4
[3990.547s][debug][gc,phases      ] GC(254)   Weak JFR Old Object Samples    Min:  0.0, Avg:  0.0, Max:  0.0, Diff:  0.0, Sum:  0.0, Workers: 4
[3990.547s][debug][gc,phases      ] GC(254)     Dead                           Min: 0, Avg:  0.0, Max: 0, Diff: 0, Sum: 0, Workers: 4
[3990.547s][debug][gc,phases      ] GC(254)     Total                          Min: 0, Avg:  0.0, Max: 0, Diff: 0, Sum: 0, Workers: 4
[3990.547s][debug][gc,phases      ] GC(254) Weak Processing 0.312ms
[3990.547s][debug][gc,age         ] GC(254) Desired survivor size 2097152 bytes, new threshold 15 (max threshold 15)
[3990.547s][info ][gc,heap        ] GC(254) PSYoungGen: 2094336K(2095104K)->1264K(2095104K) Eden: 2093056K(2093056K)->0K(2093056K) From: 1280K(2048K)->1264K(2048K)
[3990.547s][info ][gc,heap        ] GC(254) ParOldGen: 374036K(458752K)->374044K(458752K)
[3990.547s][info ][gc,metaspace   ] GC(254) Metaspace: 83784K(84800K)->83784K(84800K) NonClass: 71851K(72384K)->71851K(72384K) Class: 11933K(12416K)->11933K(12416K)
[3990.547s][info ][gc             ] GC(254) Pause Young (Allocation Failure) 2410M->366M(2494M) 5.733ms
[3990.547s][info ][gc,cpu         ] GC(254) User=0.01s Sys=0.00s Real=0.01s
[3990.547s][info ][safepoint      ] Safepoint "ParallelGCFailedAllocation", Time since last: 90088232 ns, Reaching safepoint: 27800 ns, At safepoint: 5798277 ns, Total: 5826077 ns
[4006.548s][info ][safepoint      ] Safepoint "Cleanup", Time since last: 16001112227 ns, Reaching safepoint: 60000 ns, At safepoint: 2700 ns, Total: 62700 ns
[4007.392s][info ][gc,start       ] GC(255) Pause Young (Allocation Failure)
[4007.397s][debug][gc,phases      ] GC(255) Scavenge 4.625ms
[4007.397s][debug][gc,ref         ] GC(255) Skipped phase 1 of Reference Processing: no references
[4007.397s][debug][gc,ref         ] GC(255) ReferenceProcessor::execute queues: 1, RefProcThreadModel::Single, marks_oops_alive: false
[4007.397s][debug][gc,ref         ] GC(255) Skipped phase 3 of Reference Processing: no references
[4007.397s][debug][gc,ref         ] GC(255) Skipped phase 4 of Reference Processing: no references
[4007.397s][debug][gc,phases      ] GC(255) Reference Processing 0.127ms
[4007.397s][debug][gc,phases      ] GC(255)   VM Weak                        Min:  0.0, Avg:  0.0, Max:  0.0, Diff:  0.0, Sum:  0.0, Workers: 4
[4007.397s][debug][gc,phases      ] GC(255)     Dead                           Min: 0, Avg:  0.0, Max: 0, Diff: 0, Sum: 0, Workers: 4
[4007.397s][debug][gc,phases      ] GC(255)     Total                          Min: 0, Avg: 212.2, Max: 704, Diff: 704, Sum: 849, Workers: 4
[4007.397s][debug][gc,phases      ] GC(255)   ObjectSynchronizer Weak        Min:  0.0, Avg:  0.0, Max:  0.0, Diff:  0.0, Sum:  0.0, Workers: 4
[4007.397s][debug][gc,phases      ] GC(255)     Dead                           Min: 0, Avg:  0.0, Max: 0, Diff: 0, Sum: 0, Workers: 4
[4007.397s][debug][gc,phases      ] GC(255)     Total                          Min: 0, Avg: 14.8, Max: 59, Diff: 59, Sum: 59, Workers: 4
[4007.397s][debug][gc,phases      ] GC(255)   JVMTI Tag Weak OopStorage      Min:  0.0, Avg:  0.0, Max:  0.0, Diff:  0.0, Sum:  0.0, Workers: 4
[4007.397s][debug][gc,phases      ] GC(255)     Dead                           Min: 0, Avg:  0.0, Max: 0, Diff: 0, Sum: 0, Workers: 4
[4007.397s][debug][gc,phases      ] GC(255)     Total                          Min: 0, Avg:  0.0, Max: 0, Diff: 0, Sum: 0, Workers: 4
[4007.397s][debug][gc,phases      ] GC(255)   StringTable Weak               Min:  0.0, Avg:  0.1, Max:  0.2, Diff:  0.2, Sum:  0.4, Workers: 4
[4007.397s][debug][gc,phases      ] GC(255)     Dead                           Min: 0, Avg:  0.0, Max: 0, Diff: 0, Sum: 0, Workers: 4
[4007.397s][debug][gc,phases      ] GC(255)     Total                          Min: 0, Avg: 11232.5, Max: 22466, Diff: 22466, Sum: 44930, Workers: 4
[4007.397s][debug][gc,phases      ] GC(255)   ResolvedMethodTable Weak       Min:  0.0, Avg:  0.0, Max:  0.0, Diff:  0.0, Sum:  0.1, Workers: 4
[4007.397s][debug][gc,phases      ] GC(255)     Dead                           Min: 0, Avg:  0.0, Max: 0, Diff: 0, Sum: 0, Workers: 4
[4007.397s][debug][gc,phases      ] GC(255)     Total                          Min: 0, Avg: 2453.5, Max: 5206, Diff: 5206, Sum: 9814, Workers: 4
[4007.397s][debug][gc,phases      ] GC(255)   JNI Weak                       Min:  0.0, Avg:  0.0, Max:  0.0, Diff:  0.0, Sum:  0.0, Workers: 4
[4007.397s][debug][gc,phases      ] GC(255)     Dead                           Min: 0, Avg:  0.0, Max: 0, Diff: 0, Sum: 0, Workers: 4
[4007.397s][debug][gc,phases      ] GC(255)     Total                          Min: 0, Avg: 11.2, Max: 45, Diff: 45, Sum: 45, Workers: 4
[4007.397s][debug][gc,phases      ] GC(255)   StringDedup Table Weak         Min:  0.0, Avg:  0.0, Max:  0.0, Diff:  0.0, Sum:  0.0, Workers: 4
[4007.397s][debug][gc,phases      ] GC(255)     Dead                           Min: 0, Avg:  0.0, Max: 0, Diff: 0, Sum: 0, Workers: 4
[4007.397s][debug][gc,phases      ] GC(255)     Total                          Min: 0, Avg:  0.0, Max: 0, Diff: 0, Sum: 0, Workers: 4
[4007.397s][debug][gc,phases      ] GC(255)   StringDedup Requests0 Weak     Min:  0.0, Avg:  0.0, Max:  0.0, Diff:  0.0, Sum:  0.0, Workers: 4
[4007.397s][debug][gc,phases      ] GC(255)     Dead                           Min: 0, Avg:  0.0, Max: 0, Diff: 0, Sum: 0, Workers: 4
[4007.397s][debug][gc,phases      ] GC(255)     Total                          Min: 0, Avg:  0.0, Max: 0, Diff: 0, Sum: 0, Workers: 4
[4007.397s][debug][gc,phases      ] GC(255)   StringDedup Requests1 Weak     Min:  0.0, Avg:  0.0, Max:  0.0, Diff:  0.0, Sum:  0.0, Workers: 4
[4007.397s][debug][gc,phases      ] GC(255)     Dead                           Min: 0, Avg:  0.0, Max: 0, Diff: 0, Sum: 0, Workers: 4
[4007.397s][debug][gc,phases      ] GC(255)     Total                          Min: 0, Avg:  0.0, Max: 0, Diff: 0, Sum: 0, Workers: 4
[4007.397s][debug][gc,phases      ] GC(255)   Weak JFR Old Object Samples    Min:  0.0, Avg:  0.0, Max:  0.0, Diff:  0.0, Sum:  0.0, Workers: 4
[4007.397s][debug][gc,phases      ] GC(255)     Dead                           Min: 0, Avg:  0.0, Max: 0, Diff: 0, Sum: 0, Workers: 4
[4007.397s][debug][gc,phases      ] GC(255)     Total                          Min: 0, Avg:  0.0, Max: 0, Diff: 0, Sum: 0, Workers: 4
[4007.397s][debug][gc,phases      ] GC(255) Weak Processing 0.478ms
[4007.397s][debug][gc,age         ] GC(255) Desired survivor size 2097152 bytes, new threshold 15 (max threshold 15)
[4007.397s][info ][gc,heap        ] GC(255) PSYoungGen: 2094320K(2095104K)->1248K(2095104K) Eden: 2093056K(2093056K)->0K(2093056K) From: 1264K(2048K)->1248K(2048K)
[4007.397s][info ][gc,heap        ] GC(255) ParOldGen: 374044K(458752K)->374068K(458752K)
[4007.397s][info ][gc,metaspace   ] GC(255) Metaspace: 83784K(84800K)->83784K(84800K) NonClass: 71851K(72384K)->71851K(72384K) Class: 11933K(12416K)->11933K(12416K)
[4007.397s][info ][gc             ] GC(255) Pause Young (Allocation Failure) 2410M->366M(2494M) 5.341ms
[4007.397s][info ][gc,cpu         ] GC(255) User=0.01s Sys=0.00s Real=0.01s
[4007.397s][info ][safepoint      ] Safepoint "ParallelGCFailedAllocation", Time since last: 843508468 ns, Reaching safepoint: 32900 ns, At safepoint: 5423378 ns, Total: 5456278 ns
[4010.398s][info ][safepoint      ] Safepoint "Cleanup", Time since last: 3000234294 ns, Reaching safepoint: 110100 ns, At safepoint: 5600 ns, Total: 115700 ns
[4011.398s][info ][safepoint      ] Safepoint "Cleanup", Time since last: 1000121631 ns, Reaching safepoint: 111600 ns, At safepoint: 9099 ns, Total: 120699 ns
[4016.398s][info ][safepoint      ] Safepoint "Cleanup", Time since last: 5000392650 ns, Reaching safepoint: 136399 ns, At safepoint: 6800 ns, Total: 143199 ns
[4019.399s][info ][safepoint      ] Safepoint "Cleanup", Time since last: 3000241955 ns, Reaching safepoint: 111100 ns, At safepoint: 5599 ns, Total: 116699 ns
[4020.399s][info ][safepoint      ] Safepoint "Cleanup", Time since last: 1000115456 ns, Reaching safepoint: 59400 ns, At safepoint: 2300 ns, Total: 61700 ns
[4026.399s][info ][safepoint      ] Safepoint "Cleanup", Time since last: 6000443260 ns, Reaching safepoint: 39000 ns, At safepoint: 3700 ns, Total: 42700 ns
[4029.193s][info ][gc,start       ] GC(256) Pause Young (Allocation Failure)
[4029.199s][debug][gc,phases      ] GC(256) Scavenge 5.716ms
[4029.199s][debug][gc,ref         ] GC(256) Skipped phase 1 of Reference Processing: no references
[4029.199s][debug][gc,ref         ] GC(256) ReferenceProcessor::execute queues: 1, RefProcThreadModel::Single, marks_oops_alive: false
[4029.199s][debug][gc,ref         ] GC(256) Skipped phase 3 of Reference Processing: no references
[4029.199s][debug][gc,ref         ] GC(256) ReferenceProcessor::execute queues: 1, RefProcThreadModel::Single, marks_oops_alive: false
[4029.199s][debug][gc,phases      ] GC(256) Reference Processing 0.110ms
[4029.199s][debug][gc,phases      ] GC(256)   VM Weak                        Min:  0.0, Avg:  0.0, Max:  0.0, Diff:  0.0, Sum:  0.0, Workers: 4
[4029.199s][debug][gc,phases      ] GC(256)     Dead                           Min: 0, Avg:  0.0, Max: 0, Diff: 0, Sum: 0, Workers: 4
[4029.199s][debug][gc,phases      ] GC(256)     Total                          Min: 0, Avg: 212.2, Max: 448, Diff: 448, Sum: 849, Workers: 4
[4029.199s][debug][gc,phases      ] GC(256)   ObjectSynchronizer Weak        Min:  0.0, Avg:  0.0, Max:  0.0, Diff:  0.0, Sum:  0.0, Workers: 4
[4029.199s][debug][gc,phases      ] GC(256)     Dead                           Min: 0, Avg:  0.0, Max: 0, Diff: 0, Sum: 0, Workers: 4
[4029.199s][debug][gc,phases      ] GC(256)     Total                          Min: 0, Avg: 14.8, Max: 59, Diff: 59, Sum: 59, Workers: 4
[4029.199s][debug][gc,phases      ] GC(256)   JVMTI Tag Weak OopStorage      Min:  0.0, Avg:  0.0, Max:  0.0, Diff:  0.0, Sum:  0.0, Workers: 4
[4029.199s][debug][gc,phases      ] GC(256)     Dead                           Min: 0, Avg:  0.0, Max: 0, Diff: 0, Sum: 0, Workers: 4
[4029.199s][debug][gc,phases      ] GC(256)     Total                          Min: 0, Avg:  0.0, Max: 0, Diff: 0, Sum: 0, Workers: 4
[4029.199s][debug][gc,phases      ] GC(256)   StringTable Weak               Min:  0.0, Avg:  0.1, Max:  0.2, Diff:  0.2, Sum:  0.4, Workers: 4
[4029.199s][debug][gc,phases      ] GC(256)     Dead                           Min: 0, Avg:  0.0, Max: 0, Diff: 0, Sum: 0, Workers: 4
[4029.199s][debug][gc,phases      ] GC(256)     Total                          Min: 0, Avg: 11233.0, Max: 22720, Diff: 22720, Sum: 44932, Workers: 4
[4029.199s][debug][gc,phases      ] GC(256)   ResolvedMethodTable Weak       Min:  0.0, Avg:  0.0, Max:  0.0, Diff:  0.0, Sum:  0.1, Workers: 4
[4029.199s][debug][gc,phases      ] GC(256)     Dead                           Min: 0, Avg:  0.0, Max: 0, Diff: 0, Sum: 0, Workers: 4
[4029.199s][debug][gc,phases      ] GC(256)     Total                          Min: 0, Avg: 2453.5, Max: 5014, Diff: 5014, Sum: 9814, Workers: 4
[4029.200s][debug][gc,phases      ] GC(256)   JNI Weak                       Min:  0.0, Avg:  0.0, Max:  0.0, Diff:  0.0, Sum:  0.0, Workers: 4
[4029.200s][debug][gc,phases      ] GC(256)     Dead                           Min: 0, Avg:  0.0, Max: 0, Diff: 0, Sum: 0, Workers: 4
[4029.200s][debug][gc,phases      ] GC(256)     Total                          Min: 0, Avg: 11.2, Max: 45, Diff: 45, Sum: 45, Workers: 4
[4029.200s][debug][gc,phases      ] GC(256)   StringDedup Table Weak         Min:  0.0, Avg:  0.0, Max:  0.0, Diff:  0.0, Sum:  0.0, Workers: 4
[4029.200s][debug][gc,phases      ] GC(256)     Dead                           Min: 0, Avg:  0.0, Max: 0, Diff: 0, Sum: 0, Workers: 4
[4029.200s][debug][gc,phases      ] GC(256)     Total                          Min: 0, Avg:  0.0, Max: 0, Diff: 0, Sum: 0, Workers: 4
[4029.200s][debug][gc,phases      ] GC(256)   StringDedup Requests0 Weak     Min:  0.0, Avg:  0.0, Max:  0.0, Diff:  0.0, Sum:  0.0, Workers: 4
[4029.200s][debug][gc,phases      ] GC(256)     Dead                           Min: 0, Avg:  0.0, Max: 0, Diff: 0, Sum: 0, Workers: 4
[4029.200s][debug][gc,phases      ] GC(256)     Total                          Min: 0, Avg:  0.0, Max: 0, Diff: 0, Sum: 0, Workers: 4
[4029.200s][debug][gc,phases      ] GC(256)   StringDedup Requests1 Weak     Min:  0.0, Avg:  0.0, Max:  0.0, Diff:  0.0, Sum:  0.0, Workers: 4
[4029.200s][debug][gc,phases      ] GC(256)     Dead                           Min: 0, Avg:  0.0, Max: 0, Diff: 0, Sum: 0, Workers: 4
[4029.200s][debug][gc,phases      ] GC(256)     Total                          Min: 0, Avg:  0.0, Max: 0, Diff: 0, Sum: 0, Workers: 4
[4029.200s][debug][gc,phases      ] GC(256)   Weak JFR Old Object Samples    Min:  0.0, Avg:  0.0, Max:  0.0, Diff:  0.0, Sum:  0.0, Workers: 4
[4029.200s][debug][gc,phases      ] GC(256)     Dead                           Min: 0, Avg:  0.0, Max: 0, Diff: 0, Sum: 0, Workers: 4
[4029.200s][debug][gc,phases      ] GC(256)     Total                          Min: 0, Avg:  0.0, Max: 0, Diff: 0, Sum: 0, Workers: 4
[4029.200s][debug][gc,phases      ] GC(256) Weak Processing 0.448ms
[4029.200s][debug][gc,age         ] GC(256) Desired survivor size 2097152 bytes, new threshold 15 (max threshold 15)
[4029.200s][info ][gc,heap        ] GC(256) PSYoungGen: 2094304K(2095104K)->1472K(2095104K) Eden: 2093056K(2093056K)->0K(2093056K) From: 1248K(2048K)->1472K(2048K)
[4029.200s][info ][gc,heap        ] GC(256) ParOldGen: 374068K(458752K)->374124K(458752K)
[4029.200s][info ][gc,metaspace   ] GC(256) Metaspace: 83787K(84800K)->83787K(84800K) NonClass: 71853K(72384K)->71853K(72384K) Class: 11933K(12416K)->11933K(12416K)
[4029.200s][info ][gc             ] GC(256) Pause Young (Allocation Failure) 2410M->366M(2494M) 6.402ms
[4029.200s][info ][gc,cpu         ] GC(256) User=0.01s Sys=0.00s Real=0.01s
[4029.200s][info ][safepoint      ] Safepoint "ParallelGCFailedAllocation", Time since last: 2793654712 ns, Reaching safepoint: 110100 ns, At safepoint: 6482274 ns, Total: 6592374 ns
[4047.201s][info ][safepoint      ] Safepoint "Cleanup", Time since last: 18001206551 ns, Reaching safepoint: 36400 ns, At safepoint: 2000 ns, Total: 38400 ns
[4051.201s][info ][safepoint      ] Safepoint "Cleanup", Time since last: 4000316999 ns, Reaching safepoint: 107699 ns, At safepoint: 10300 ns, Total: 117999 ns
[4057.093s][info ][gc,start       ] GC(257) Pause Young (Allocation Failure)
[4057.099s][debug][gc,phases      ] GC(257) Scavenge 5.843ms
[4057.099s][debug][gc,ref         ] GC(257) Skipped phase 1 of Reference Processing: no references
[4057.099s][debug][gc,ref         ] GC(257) ReferenceProcessor::execute queues: 1, RefProcThreadModel::Single, marks_oops_alive: false
[4057.099s][debug][gc,ref         ] GC(257) ReferenceProcessor::execute queues: 4, RefProcThreadModel::Multi, marks_oops_alive: true
[4057.099s][debug][gc,ref         ] GC(257) ReferenceProcessor::execute queues: 1, RefProcThreadModel::Single, marks_oops_alive: false
[4057.100s][debug][gc,phases      ] GC(257) Reference Processing 0.418ms
[4057.100s][debug][gc,phases      ] GC(257)   VM Weak                        Min:  0.0, Avg:  0.0, Max:  0.0, Diff:  0.0, Sum:  0.0, Workers: 4
[4057.100s][debug][gc,phases      ] GC(257)     Dead                           Min: 0, Avg:  0.0, Max: 0, Diff: 0, Sum: 0, Workers: 4
[4057.100s][debug][gc,phases      ] GC(257)     Total                          Min: 0, Avg: 212.2, Max: 849, Diff: 849, Sum: 849, Workers: 4
[4057.100s][debug][gc,phases      ] GC(257)   ObjectSynchronizer Weak        Min:  0.0, Avg:  0.0, Max:  0.0, Diff:  0.0, Sum:  0.0, Workers: 4
[4057.100s][debug][gc,phases      ] GC(257)     Dead                           Min: 0, Avg:  0.0, Max: 0, Diff: 0, Sum: 0, Workers: 4
[4057.100s][debug][gc,phases      ] GC(257)     Total                          Min: 0, Avg: 14.8, Max: 59, Diff: 59, Sum: 59, Workers: 4
[4057.100s][debug][gc,phases      ] GC(257)   JVMTI Tag Weak OopStorage      Min:  0.0, Avg:  0.0, Max:  0.0, Diff:  0.0, Sum:  0.0, Workers: 4
[4057.100s][debug][gc,phases      ] GC(257)     Dead                           Min: 0, Avg:  0.0, Max: 0, Diff: 0, Sum: 0, Workers: 4
[4057.100s][debug][gc,phases      ] GC(257)     Total                          Min: 0, Avg:  0.0, Max: 0, Diff: 0, Sum: 0, Workers: 4
[4057.100s][debug][gc,phases      ] GC(257)   StringTable Weak               Min:  0.0, Avg:  0.1, Max:  0.3, Diff:  0.3, Sum:  0.4, Workers: 4
[4057.100s][debug][gc,phases      ] GC(257)     Dead                           Min: 0, Avg:  0.0, Max: 0, Diff: 0, Sum: 0, Workers: 4
[4057.100s][debug][gc,phases      ] GC(257)     Total                          Min: 0, Avg: 11233.5, Max: 36032, Diff: 36032, Sum: 44934, Workers: 4
[4057.100s][debug][gc,phases      ] GC(257)   ResolvedMethodTable Weak       Min:  0.0, Avg:  0.0, Max:  0.0, Diff:  0.0, Sum:  0.1, Workers: 4
[4057.100s][debug][gc,phases      ] GC(257)     Dead                           Min: 0, Avg:  0.0, Max: 0, Diff: 0, Sum: 0, Workers: 4
[4057.100s][debug][gc,phases      ] GC(257)     Total                          Min: 0, Avg: 2453.5, Max: 4950, Diff: 4950, Sum: 9814, Workers: 4
[4057.100s][debug][gc,phases      ] GC(257)   JNI Weak                       Min:  0.0, Avg:  0.0, Max:  0.0, Diff:  0.0, Sum:  0.0, Workers: 4
[4057.100s][debug][gc,phases      ] GC(257)     Dead                           Min: 0, Avg:  0.0, Max: 0, Diff: 0, Sum: 0, Workers: 4
[4057.100s][debug][gc,phases      ] GC(257)     Total                          Min: 0, Avg: 11.2, Max: 45, Diff: 45, Sum: 45, Workers: 4
[4057.100s][debug][gc,phases      ] GC(257)   StringDedup Table Weak         Min:  0.0, Avg:  0.0, Max:  0.0, Diff:  0.0, Sum:  0.0, Workers: 4
[4057.100s][debug][gc,phases      ] GC(257)     Dead                           Min: 0, Avg:  0.0, Max: 0, Diff: 0, Sum: 0, Workers: 4
[4057.100s][debug][gc,phases      ] GC(257)     Total                          Min: 0, Avg:  0.0, Max: 0, Diff: 0, Sum: 0, Workers: 4
[4057.100s][debug][gc,phases      ] GC(257)   StringDedup Requests0 Weak     Min:  0.0, Avg:  0.0, Max:  0.0, Diff:  0.0, Sum:  0.0, Workers: 4
[4057.100s][debug][gc,phases      ] GC(257)     Dead                           Min: 0, Avg:  0.0, Max: 0, Diff: 0, Sum: 0, Workers: 4
[4057.100s][debug][gc,phases      ] GC(257)     Total                          Min: 0, Avg:  0.0, Max: 0, Diff: 0, Sum: 0, Workers: 4
[4057.100s][debug][gc,phases      ] GC(257)   StringDedup Requests1 Weak     Min:  0.0, Avg:  0.0, Max:  0.0, Diff:  0.0, Sum:  0.0, Workers: 4
[4057.100s][debug][gc,phases      ] GC(257)     Dead                           Min: 0, Avg:  0.0, Max: 0, Diff: 0, Sum: 0, Workers: 4
[4057.100s][debug][gc,phases      ] GC(257)     Total                          Min: 0, Avg:  0.0, Max: 0, Diff: 0, Sum: 0, Workers: 4
[4057.100s][debug][gc,phases      ] GC(257)   Weak JFR Old Object Samples    Min:  0.0, Avg:  0.0, Max:  0.0, Diff:  0.0, Sum:  0.0, Workers: 4
[4057.100s][debug][gc,phases      ] GC(257)     Dead                           Min: 0, Avg:  0.0, Max: 0, Diff: 0, Sum: 0, Workers: 4
[4057.100s][debug][gc,phases      ] GC(257)     Total                          Min: 0, Avg:  0.0, Max: 0, Diff: 0, Sum: 0, Workers: 4
[4057.100s][debug][gc,phases      ] GC(257) Weak Processing 0.526ms
[4057.100s][debug][gc,age         ] GC(257) Desired survivor size 2097152 bytes, new threshold 15 (max threshold 15)
[4057.100s][info ][gc,heap        ] GC(257) PSYoungGen: 2094528K(2095104K)->1568K(2095104K) Eden: 2093056K(2093056K)->0K(2093056K) From: 1472K(2048K)->1568K(2048K)
[4057.100s][info ][gc,heap        ] GC(257) ParOldGen: 374124K(458752K)->374148K(458752K)
[4057.100s][info ][gc,metaspace   ] GC(257) Metaspace: 83809K(84800K)->83809K(84800K) NonClass: 71876K(72384K)->71876K(72384K) Class: 11933K(12416K)->11933K(12416K)
[4057.100s][info ][gc             ] GC(257) Pause Young (Allocation Failure) 2410M->366M(2494M) 6.907ms
[4057.100s][info ][gc,cpu         ] GC(257) User=0.01s Sys=0.00s Real=0.01s
[4057.100s][info ][safepoint      ] Safepoint "ParallelGCFailedAllocation", Time since last: 5891761661 ns, Reaching safepoint: 28000 ns, At safepoint: 6986972 ns, Total: 7014972 ns
[4064.101s][info ][safepoint      ] Safepoint "Cleanup", Time since last: 7000502345 ns, Reaching safepoint: 39200 ns, At safepoint: 2300 ns, Total: 41500 ns
[4065.101s][info ][safepoint      ] Safepoint "Cleanup", Time since last: 1000103322 ns, Reaching safepoint: 38400 ns, At safepoint: 2900 ns, Total: 41300 ns
[4084.641s][info ][gc,start       ] GC(258) Pause Young (Allocation Failure)
[4084.651s][debug][gc,phases      ] GC(258) Scavenge 9.841ms
[4084.651s][debug][gc,ref         ] GC(258) Skipped phase 1 of Reference Processing: no references
[4084.651s][debug][gc,ref         ] GC(258) ReferenceProcessor::execute queues: 1, RefProcThreadModel::Single, marks_oops_alive: false
[4084.651s][debug][gc,ref         ] GC(258) ReferenceProcessor::execute queues: 4, RefProcThreadModel::Multi, marks_oops_alive: true
[4084.652s][debug][gc,ref         ] GC(258) ReferenceProcessor::execute queues: 1, RefProcThreadModel::Single, marks_oops_alive: false
[4084.652s][debug][gc,phases      ] GC(258) Reference Processing 0.437ms
[4084.652s][debug][gc,phases      ] GC(258)   VM Weak                        Min:  0.0, Avg:  0.0, Max:  0.0, Diff:  0.0, Sum:  0.0, Workers: 4
[4084.652s][debug][gc,phases      ] GC(258)     Dead                           Min: 0, Avg:  0.0, Max: 0, Diff: 0, Sum: 0, Workers: 4
[4084.652s][debug][gc,phases      ] GC(258)     Total                          Min: 0, Avg: 212.2, Max: 576, Diff: 576, Sum: 849, Workers: 4
[4084.652s][debug][gc,phases      ] GC(258)   ObjectSynchronizer Weak        Min:  0.0, Avg:  0.0, Max:  0.0, Diff:  0.0, Sum:  0.0, Workers: 4
[4084.652s][debug][gc,phases      ] GC(258)     Dead                           Min: 0, Avg:  0.0, Max: 0, Diff: 0, Sum: 0, Workers: 4
[4084.652s][debug][gc,phases      ] GC(258)     Total                          Min: 0, Avg: 14.8, Max: 59, Diff: 59, Sum: 59, Workers: 4
[4084.652s][debug][gc,phases      ] GC(258)   JVMTI Tag Weak OopStorage      Min:  0.0, Avg:  0.0, Max:  0.0, Diff:  0.0, Sum:  0.0, Workers: 4
[4084.652s][debug][gc,phases      ] GC(258)     Dead                           Min: 0, Avg:  0.0, Max: 0, Diff: 0, Sum: 0, Workers: 4
[4084.652s][debug][gc,phases      ] GC(258)     Total                          Min: 0, Avg:  0.0, Max: 0, Diff: 0, Sum: 0, Workers: 4
[4084.652s][debug][gc,phases      ] GC(258)   StringTable Weak               Min:  0.0, Avg:  0.1, Max:  0.2, Diff:  0.2, Sum:  0.4, Workers: 4
[4084.652s][debug][gc,phases      ] GC(258)     Dead                           Min: 0, Avg:  0.0, Max: 0, Diff: 0, Sum: 0, Workers: 4
[4084.652s][debug][gc,phases      ] GC(258)     Total                          Min: 0, Avg: 11238.8, Max: 23451, Diff: 23451, Sum: 44955, Workers: 4
[4084.652s][debug][gc,phases      ] GC(258)   ResolvedMethodTable Weak       Min:  0.0, Avg:  0.0, Max:  0.0, Diff:  0.0, Sum:  0.1, Workers: 4
[4084.652s][debug][gc,phases      ] GC(258)     Dead                           Min: 0, Avg:  0.0, Max: 0, Diff: 0, Sum: 0, Workers: 4
[4084.652s][debug][gc,phases      ] GC(258)     Total                          Min: 0, Avg: 2453.5, Max: 5270, Diff: 5270, Sum: 9814, Workers: 4
[4084.652s][debug][gc,phases      ] GC(258)   JNI Weak                       Min:  0.0, Avg:  0.0, Max:  0.0, Diff:  0.0, Sum:  0.0, Workers: 4
[4084.652s][debug][gc,phases      ] GC(258)     Dead                           Min: 0, Avg:  0.0, Max: 0, Diff: 0, Sum: 0, Workers: 4
[4084.652s][debug][gc,phases      ] GC(258)     Total                          Min: 0, Avg: 11.2, Max: 45, Diff: 45, Sum: 45, Workers: 4
[4084.652s][debug][gc,phases      ] GC(258)   StringDedup Table Weak         Min:  0.0, Avg:  0.0, Max:  0.0, Diff:  0.0, Sum:  0.0, Workers: 4
[4084.652s][debug][gc,phases      ] GC(258)     Dead                           Min: 0, Avg:  0.0, Max: 0, Diff: 0, Sum: 0, Workers: 4
[4084.652s][debug][gc,phases      ] GC(258)     Total                          Min: 0, Avg:  0.0, Max: 0, Diff: 0, Sum: 0, Workers: 4
[4084.652s][debug][gc,phases      ] GC(258)   StringDedup Requests0 Weak     Min:  0.0, Avg:  0.0, Max:  0.0, Diff:  0.0, Sum:  0.0, Workers: 4
[4084.652s][debug][gc,phases      ] GC(258)     Dead                           Min: 0, Avg:  0.0, Max: 0, Diff: 0, Sum: 0, Workers: 4
[4084.652s][debug][gc,phases      ] GC(258)     Total                          Min: 0, Avg:  0.0, Max: 0, Diff: 0, Sum: 0, Workers: 4
[4084.652s][debug][gc,phases      ] GC(258)   StringDedup Requests1 Weak     Min:  0.0, Avg:  0.0, Max:  0.0, Diff:  0.0, Sum:  0.0, Workers: 4
[4084.652s][debug][gc,phases      ] GC(258)     Dead                           Min: 0, Avg:  0.0, Max: 0, Diff: 0, Sum: 0, Workers: 4
[4084.652s][debug][gc,phases      ] GC(258)     Total                          Min: 0, Avg:  0.0, Max: 0, Diff: 0, Sum: 0, Workers: 4
[4084.652s][debug][gc,phases      ] GC(258)   Weak JFR Old Object Samples    Min:  0.0, Avg:  0.0, Max:  0.0, Diff:  0.0, Sum:  0.0, Workers: 4
[4084.652s][debug][gc,phases      ] GC(258)     Dead                           Min: 0, Avg:  0.0, Max: 0, Diff: 0, Sum: 0, Workers: 4
[4084.652s][debug][gc,phases      ] GC(258)     Total                          Min: 0, Avg:  0.0, Max: 0, Diff: 0, Sum: 0, Workers: 4
[4084.652s][debug][gc,phases      ] GC(258) Weak Processing 0.529ms
[4084.652s][debug][gc,age         ] GC(258) Desired survivor size 2097152 bytes, new threshold 15 (max threshold 15)
[4084.652s][info ][gc,heap        ] GC(258) PSYoungGen: 2094624K(2095104K)->1680K(2095104K) Eden: 2093056K(2093056K)->0K(2093056K) From: 1568K(2048K)->1680K(2048K)
[4084.652s][info ][gc,heap        ] GC(258) ParOldGen: 374148K(458752K)->374196K(458752K)
[4084.652s][info ][gc,metaspace   ] GC(258) Metaspace: 83879K(84864K)->83879K(84864K) NonClass: 71945K(72448K)->71945K(72448K) Class: 11933K(12416K)->11933K(12416K)
[4084.652s][info ][gc             ] GC(258) Pause Young (Allocation Failure) 2410M->367M(2494M) 10.931ms
[4084.652s][info ][gc,cpu         ] GC(258) User=0.01s Sys=0.00s Real=0.01s
[4084.652s][info ][safepoint      ] Safepoint "ParallelGCFailedAllocation", Time since last: 19540353108 ns, Reaching safepoint: 37900 ns, At safepoint: 11010855 ns, Total: 11048755 ns
[4095.653s][info ][safepoint      ] Safepoint "Cleanup", Time since last: 11000780866 ns, Reaching safepoint: 50800 ns, At safepoint: 5000 ns, Total: 55800 ns
[4097.653s][info ][safepoint      ] Safepoint "Cleanup", Time since last: 2000185156 ns, Reaching safepoint: 58800 ns, At safepoint: 3700 ns, Total: 62500 ns
[4110.654s][info ][safepoint      ] Safepoint "Cleanup", Time since last: 13000904188 ns, Reaching safepoint: 39200 ns, At safepoint: 2800 ns, Total: 42000 ns
[4110.894s][info ][gc,start       ] GC(259) Pause Young (Allocation Failure)
[4110.910s][debug][gc,phases      ] GC(259) Scavenge 15.956ms
[4110.910s][debug][gc,ref         ] GC(259) Skipped phase 1 of Reference Processing: no references
[4110.910s][debug][gc,ref         ] GC(259) ReferenceProcessor::execute queues: 1, RefProcThreadModel::Single, marks_oops_alive: false
[4110.910s][debug][gc,ref         ] GC(259) ReferenceProcessor::execute queues: 4, RefProcThreadModel::Multi, marks_oops_alive: true
[4110.911s][debug][gc,ref         ] GC(259) ReferenceProcessor::execute queues: 1, RefProcThreadModel::Single, marks_oops_alive: false
[4110.911s][debug][gc,phases      ] GC(259) Reference Processing 0.434ms
[4110.911s][debug][gc,phases      ] GC(259)   VM Weak                        Min:  0.0, Avg:  0.0, Max:  0.0, Diff:  0.0, Sum:  0.0, Workers: 4
[4110.911s][debug][gc,phases      ] GC(259)     Dead                           Min: 0, Avg:  0.0, Max: 0, Diff: 0, Sum: 0, Workers: 4
[4110.911s][debug][gc,phases      ] GC(259)     Total                          Min: 0, Avg: 212.2, Max: 465, Diff: 465, Sum: 849, Workers: 4
[4110.911s][debug][gc,phases      ] GC(259)   ObjectSynchronizer Weak        Min:  0.0, Avg:  0.0, Max:  0.0, Diff:  0.0, Sum:  0.0, Workers: 4
[4110.911s][debug][gc,phases      ] GC(259)     Dead                           Min: 0, Avg:  0.0, Max: 0, Diff: 0, Sum: 0, Workers: 4
[4110.911s][debug][gc,phases      ] GC(259)     Total                          Min: 0, Avg: 14.8, Max: 59, Diff: 59, Sum: 59, Workers: 4
[4110.911s][debug][gc,phases      ] GC(259)   JVMTI Tag Weak OopStorage      Min:  0.0, Avg:  0.0, Max:  0.0, Diff:  0.0, Sum:  0.0, Workers: 4
[4110.911s][debug][gc,phases      ] GC(259)     Dead                           Min: 0, Avg:  0.0, Max: 0, Diff: 0, Sum: 0, Workers: 4
[4110.911s][debug][gc,phases      ] GC(259)     Total                          Min: 0, Avg:  0.0, Max: 0, Diff: 0, Sum: 0, Workers: 4
[4110.911s][debug][gc,phases      ] GC(259)   StringTable Weak               Min:  0.0, Avg:  0.1, Max:  0.2, Diff:  0.2, Sum:  0.4, Workers: 4
[4110.911s][debug][gc,phases      ] GC(259)     Dead                           Min: 0, Avg:  0.0, Max: 0, Diff: 0, Sum: 0, Workers: 4
[4110.911s][debug][gc,phases      ] GC(259)     Total                          Min: 0, Avg: 11244.5, Max: 23680, Diff: 23680, Sum: 44978, Workers: 4
[4110.911s][debug][gc,phases      ] GC(259)   ResolvedMethodTable Weak       Min:  0.0, Avg:  0.0, Max:  0.0, Diff:  0.0, Sum:  0.1, Workers: 4
[4110.911s][debug][gc,phases      ] GC(259)     Dead                           Min: 0, Avg:  0.0, Max: 0, Diff: 0, Sum: 0, Workers: 4
[4110.911s][debug][gc,phases      ] GC(259)     Total                          Min: 0, Avg: 2453.5, Max: 5212, Diff: 5212, Sum: 9814, Workers: 4
[4110.911s][debug][gc,phases      ] GC(259)   JNI Weak                       Min:  0.0, Avg:  0.0, Max:  0.0, Diff:  0.0, Sum:  0.0, Workers: 4
[4110.911s][debug][gc,phases      ] GC(259)     Dead                           Min: 0, Avg:  0.0, Max: 0, Diff: 0, Sum: 0, Workers: 4
[4110.911s][debug][gc,phases      ] GC(259)     Total                          Min: 0, Avg: 11.2, Max: 45, Diff: 45, Sum: 45, Workers: 4
[4110.911s][debug][gc,phases      ] GC(259)   StringDedup Table Weak         Min:  0.0, Avg:  0.0, Max:  0.0, Diff:  0.0, Sum:  0.0, Workers: 4
[4110.911s][debug][gc,phases      ] GC(259)     Dead                           Min: 0, Avg:  0.0, Max: 0, Diff: 0, Sum: 0, Workers: 4
[4110.911s][debug][gc,phases      ] GC(259)     Total                          Min: 0, Avg:  0.0, Max: 0, Diff: 0, Sum: 0, Workers: 4
[4110.911s][debug][gc,phases      ] GC(259)   StringDedup Requests0 Weak     Min:  0.0, Avg:  0.0, Max:  0.0, Diff:  0.0, Sum:  0.0, Workers: 4
[4110.911s][debug][gc,phases      ] GC(259)     Dead                           Min: 0, Avg:  0.0, Max: 0, Diff: 0, Sum: 0, Workers: 4
[4110.911s][debug][gc,phases      ] GC(259)     Total                          Min: 0, Avg:  0.0, Max: 0, Diff: 0, Sum: 0, Workers: 4
[4110.911s][debug][gc,phases      ] GC(259)   StringDedup Requests1 Weak     Min:  0.0, Avg:  0.0, Max:  0.0, Diff:  0.0, Sum:  0.0, Workers: 4
[4110.911s][debug][gc,phases      ] GC(259)     Dead                           Min: 0, Avg:  0.0, Max: 0, Diff: 0, Sum: 0, Workers: 4
[4110.911s][debug][gc,phases      ] GC(259)     Total                          Min: 0, Avg:  0.0, Max: 0, Diff: 0, Sum: 0, Workers: 4
[4110.911s][debug][gc,phases      ] GC(259)   Weak JFR Old Object Samples    Min:  0.0, Avg:  0.0, Max:  0.0, Diff:  0.0, Sum:  0.0, Workers: 4
[4110.911s][debug][gc,phases      ] GC(259)     Dead                           Min: 0, Avg:  0.0, Max: 0, Diff: 0, Sum: 0, Workers: 4
[4110.911s][debug][gc,phases      ] GC(259)     Total                          Min: 0, Avg:  0.0, Max: 0, Diff: 0, Sum: 0, Workers: 4
[4110.911s][debug][gc,phases      ] GC(259) Weak Processing 0.461ms
[4110.911s][debug][gc,age         ] GC(259) Desired survivor size 2621440 bytes, new threshold 15 (max threshold 15)
[4110.911s][info ][gc,heap        ] GC(259) PSYoungGen: 2094736K(2095104K)->1888K(2094080K) Eden: 2093056K(2093056K)->0K(2092032K) From: 1680K(2048K)->1888K(2048K)
[4110.911s][info ][gc,heap        ] GC(259) ParOldGen: 374196K(458752K)->374204K(458752K)
[4110.911s][info ][gc,metaspace   ] GC(259) Metaspace: 83917K(84992K)->83917K(84992K) NonClass: 71984K(72576K)->71984K(72576K) Class: 11933K(12416K)->11933K(12416K)
[4110.911s][info ][gc             ] GC(259) Pause Young (Allocation Failure) 2411M->367M(2493M) 16.972ms
[4110.911s][info ][gc,cpu         ] GC(259) User=0.02s Sys=0.00s Real=0.01s
[4110.911s][info ][safepoint      ] Safepoint "ParallelGCFailedAllocation", Time since last: 239750526 ns, Reaching safepoint: 37300 ns, At safepoint: 17058830 ns, Total: 17096130 ns
[4112.715s][info ][safepoint      ] Safepoint "Cleanup", Time since last: 1803741075 ns, Reaching safepoint: 75099 ns, At safepoint: 2400 ns, Total: 77499 ns
[4113.715s][info ][safepoint      ] Safepoint "Cleanup", Time since last: 1000096839 ns, Reaching safepoint: 51499 ns, At safepoint: 6500 ns, Total: 57999 ns
[4115.715s][info ][safepoint      ] Safepoint "Cleanup", Time since last: 2000171277 ns, Reaching safepoint: 59200 ns, At safepoint: 2200 ns, Total: 61400 ns
[4116.716s][info ][safepoint      ] Safepoint "Cleanup", Time since last: 1000123327 ns, Reaching safepoint: 64200 ns, At safepoint: 2600 ns, Total: 66800 ns
[4118.503s][info ][safepoint      ] Safepoint "Cleanup", Time since last: 1787251917 ns, Reaching safepoint: 42899 ns, At safepoint: 1400 ns, Total: 44299 ns
[4119.503s][info ][safepoint      ] Safepoint "Cleanup", Time since last: 1000106025 ns, Reaching safepoint: 116899 ns, At safepoint: 6400 ns, Total: 123299 ns
[4125.507s][info ][safepoint      ] Safepoint "Cleanup", Time since last: 6000463749 ns, Reaching safepoint: 3219987 ns, At safepoint: 10400 ns, Total: 3230387 ns
[4126.507s][info ][safepoint      ] Safepoint "Cleanup", Time since last: 1000099726 ns, Reaching safepoint: 51500 ns, At safepoint: 2300 ns, Total: 53800 ns
[4127.195s][info ][gc,start       ] GC(260) Pause Young (Allocation Failure)
[4127.207s][debug][gc,phases      ] GC(260) Scavenge 11.692ms
[4127.207s][debug][gc,ref         ] GC(260) Skipped phase 1 of Reference Processing: no references
[4127.207s][debug][gc,ref         ] GC(260) ReferenceProcessor::execute queues: 1, RefProcThreadModel::Single, marks_oops_alive: false
[4127.207s][debug][gc,ref         ] GC(260) ReferenceProcessor::execute queues: 4, RefProcThreadModel::Multi, marks_oops_alive: true
[4127.208s][debug][gc,ref         ] GC(260) ReferenceProcessor::execute queues: 1, RefProcThreadModel::Single, marks_oops_alive: false
[4127.208s][debug][gc,phases      ] GC(260) Reference Processing 0.410ms
[4127.208s][debug][gc,phases      ] GC(260)   VM Weak                        Min:  0.0, Avg:  0.0, Max:  0.0, Diff:  0.0, Sum:  0.0, Workers: 4
[4127.208s][debug][gc,phases      ] GC(260)     Dead                           Min: 0, Avg:  0.0, Max: 0, Diff: 0, Sum: 0, Workers: 4
[4127.208s][debug][gc,phases      ] GC(260)     Total                          Min: 0, Avg: 212.2, Max: 849, Diff: 849, Sum: 849, Workers: 4
[4127.208s][debug][gc,phases      ] GC(260)   ObjectSynchronizer Weak        Min:  0.0, Avg:  0.0, Max:  0.0, Diff:  0.0, Sum:  0.0, Workers: 4
[4127.208s][debug][gc,phases      ] GC(260)     Dead                           Min: 0, Avg:  0.0, Max: 0, Diff: 0, Sum: 0, Workers: 4
[4127.208s][debug][gc,phases      ] GC(260)     Total                          Min: 0, Avg: 14.8, Max: 59, Diff: 59, Sum: 59, Workers: 4
[4127.208s][debug][gc,phases      ] GC(260)   JVMTI Tag Weak OopStorage      Min:  0.0, Avg:  0.0, Max:  0.0, Diff:  0.0, Sum:  0.0, Workers: 4
[4127.208s][debug][gc,phases      ] GC(260)     Dead                           Min: 0, Avg:  0.0, Max: 0, Diff: 0, Sum: 0, Workers: 4
[4127.208s][debug][gc,phases      ] GC(260)     Total                          Min: 0, Avg:  0.0, Max: 0, Diff: 0, Sum: 0, Workers: 4
[4127.208s][debug][gc,phases      ] GC(260)   StringTable Weak               Min:  0.0, Avg:  0.1, Max:  0.3, Diff:  0.3, Sum:  0.3, Workers: 4
[4127.208s][debug][gc,phases      ] GC(260)     Dead                           Min: 0, Avg:  0.5, Max: 2, Diff: 2, Sum: 2, Workers: 4
[4127.208s][debug][gc,phases      ] GC(260)     Total                          Min: 0, Avg: 11246.5, Max: 44986, Diff: 44986, Sum: 44986, Workers: 4
[4127.208s][debug][gc,phases      ] GC(260)   ResolvedMethodTable Weak       Min:  0.0, Avg:  0.0, Max:  0.1, Diff:  0.1, Sum:  0.1, Workers: 4
[4127.208s][debug][gc,phases      ] GC(260)     Dead                           Min: 0, Avg:  4.2, Max: 17, Diff: 17, Sum: 17, Workers: 4
[4127.208s][debug][gc,phases      ] GC(260)     Total                          Min: 0, Avg: 2456.8, Max: 9827, Diff: 9827, Sum: 9827, Workers: 4
[4127.208s][debug][gc,phases      ] GC(260)   JNI Weak                       Min:  0.0, Avg:  0.0, Max:  0.0, Diff:  0.0, Sum:  0.0, Workers: 4
[4127.208s][debug][gc,phases      ] GC(260)     Dead                           Min: 0, Avg:  0.0, Max: 0, Diff: 0, Sum: 0, Workers: 4
[4127.208s][debug][gc,phases      ] GC(260)     Total                          Min: 0, Avg: 11.2, Max: 45, Diff: 45, Sum: 45, Workers: 4
[4127.208s][debug][gc,phases      ] GC(260)   StringDedup Table Weak         Min:  0.0, Avg:  0.0, Max:  0.0, Diff:  0.0, Sum:  0.0, Workers: 4
[4127.208s][debug][gc,phases      ] GC(260)     Dead                           Min: 0, Avg:  0.0, Max: 0, Diff: 0, Sum: 0, Workers: 4
[4127.208s][debug][gc,phases      ] GC(260)     Total                          Min: 0, Avg:  0.0, Max: 0, Diff: 0, Sum: 0, Workers: 4
[4127.208s][debug][gc,phases      ] GC(260)   StringDedup Requests0 Weak     Min:  0.0, Avg:  0.0, Max:  0.0, Diff:  0.0, Sum:  0.0, Workers: 4
[4127.208s][debug][gc,phases      ] GC(260)     Dead                           Min: 0, Avg:  0.0, Max: 0, Diff: 0, Sum: 0, Workers: 4
[4127.208s][debug][gc,phases      ] GC(260)     Total                          Min: 0, Avg:  0.0, Max: 0, Diff: 0, Sum: 0, Workers: 4
[4127.208s][debug][gc,phases      ] GC(260)   StringDedup Requests1 Weak     Min:  0.0, Avg:  0.0, Max:  0.0, Diff:  0.0, Sum:  0.0, Workers: 4
[4127.208s][debug][gc,phases      ] GC(260)     Dead                           Min: 0, Avg:  0.0, Max: 0, Diff: 0, Sum: 0, Workers: 4
[4127.208s][debug][gc,phases      ] GC(260)     Total                          Min: 0, Avg:  0.0, Max: 0, Diff: 0, Sum: 0, Workers: 4
[4127.208s][debug][gc,phases      ] GC(260)   Weak JFR Old Object Samples    Min:  0.0, Avg:  0.0, Max:  0.0, Diff:  0.0, Sum:  0.0, Workers: 4
[4127.208s][debug][gc,phases      ] GC(260)     Dead                           Min: 0, Avg:  0.0, Max: 0, Diff: 0, Sum: 0, Workers: 4
[4127.208s][debug][gc,phases      ] GC(260)     Total                          Min: 0, Avg:  0.0, Max: 0, Diff: 0, Sum: 0, Workers: 4
[4127.208s][debug][gc,phases      ] GC(260) Weak Processing 0.675ms
[4127.208s][debug][gc,age         ] GC(260) Desired survivor size 2621440 bytes, new threshold 15 (max threshold 15)
[4127.208s][info ][gc,heap        ] GC(260) PSYoungGen: 2093920K(2094080K)->1776K(2094592K) Eden: 2092032K(2092032K)->0K(2092032K) From: 1888K(2048K)->1776K(2560K)
[4127.208s][info ][gc,heap        ] GC(260) ParOldGen: 374204K(458752K)->374244K(458752K)
[4127.208s][info ][gc,metaspace   ] GC(260) Metaspace: 83957K(84992K)->83957K(84992K) NonClass: 72020K(72576K)->72020K(72576K) Class: 11937K(12416K)->11937K(12416K)
[4127.208s][info ][gc             ] GC(260) Pause Young (Allocation Failure) 2410M->367M(2493M) 12.893ms
[4127.208s][info ][gc,cpu         ] GC(260) User=0.02s Sys=0.00s Real=0.01s
[4127.208s][info ][safepoint      ] Safepoint "ParallelGCFailedAllocation", Time since last: 688467395 ns, Reaching safepoint: 34400 ns, At safepoint: 12962947 ns, Total: 12997347 ns
[4129.209s][info ][safepoint      ] Safepoint "Cleanup", Time since last: 2000172053 ns, Reaching safepoint: 52399 ns, At safepoint: 2800 ns, Total: 55199 ns
[4130.692s][info ][safepoint      ] Safepoint "Cleanup", Time since last: 1483603357 ns, Reaching safepoint: 187399 ns, At safepoint: 3900 ns, Total: 191299 ns
[4131.693s][info ][safepoint      ] Safepoint "Cleanup", Time since last: 1000104626 ns, Reaching safepoint: 148700 ns, At safepoint: 6300 ns, Total: 155000 ns
[4132.693s][info ][safepoint      ] Safepoint "Cleanup", Time since last: 1000104416 ns, Reaching safepoint: 133799 ns, At safepoint: 7200 ns, Total: 140999 ns
[4133.693s][info ][safepoint      ] Safepoint "Cleanup", Time since last: 1000128312 ns, Reaching safepoint: 103500 ns, At safepoint: 9100 ns, Total: 112600 ns
[4135.693s][info ][safepoint      ] Safepoint "Cleanup", Time since last: 2000172924 ns, Reaching safepoint: 115000 ns, At safepoint: 6400 ns, Total: 121400 ns
[4136.694s][info ][safepoint      ] Safepoint "Cleanup", Time since last: 1000109212 ns, Reaching safepoint: 114399 ns, At safepoint: 7700 ns, Total: 122099 ns
[4138.694s][info ][safepoint      ] Safepoint "Cleanup", Time since last: 2000172025 ns, Reaching safepoint: 103499 ns, At safepoint: 3300 ns, Total: 106799 ns
[4139.694s][info ][safepoint      ] Safepoint "Cleanup", Time since last: 1000115012 ns, Reaching safepoint: 77100 ns, At safepoint: 6400 ns, Total: 83500 ns
[4140.694s][info ][safepoint      ] Safepoint "Cleanup", Time since last: 1000098718 ns, Reaching safepoint: 122200 ns, At safepoint: 6400 ns, Total: 128600 ns
[4141.549s][info ][gc,start       ] GC(261) Pause Young (Allocation Failure)
[4141.559s][debug][gc,phases      ] GC(261) Scavenge 10.198ms
[4141.559s][debug][gc,ref         ] GC(261) Skipped phase 1 of Reference Processing: no references
[4141.559s][debug][gc,ref         ] GC(261) ReferenceProcessor::execute queues: 1, RefProcThreadModel::Single, marks_oops_alive: false
[4141.559s][debug][gc,ref         ] GC(261) Skipped phase 3 of Reference Processing: no references
[4141.559s][debug][gc,ref         ] GC(261) ReferenceProcessor::execute queues: 1, RefProcThreadModel::Single, marks_oops_alive: false
[4141.559s][debug][gc,phases      ] GC(261) Reference Processing 0.116ms
[4141.560s][debug][gc,phases      ] GC(261)   VM Weak                        Min:  0.0, Avg:  0.0, Max:  0.0, Diff:  0.0, Sum:  0.0, Workers: 4
[4141.560s][debug][gc,phases      ] GC(261)     Dead                           Min: 0, Avg:  0.0, Max: 0, Diff: 0, Sum: 0, Workers: 4
[4141.560s][debug][gc,phases      ] GC(261)     Total                          Min: 0, Avg: 212.2, Max: 832, Diff: 832, Sum: 849, Workers: 4
[4141.560s][debug][gc,phases      ] GC(261)   ObjectSynchronizer Weak        Min:  0.0, Avg:  0.0, Max:  0.0, Diff:  0.0, Sum:  0.0, Workers: 4
[4141.560s][debug][gc,phases      ] GC(261)     Dead                           Min: 0, Avg:  0.0, Max: 0, Diff: 0, Sum: 0, Workers: 4
[4141.560s][debug][gc,phases      ] GC(261)     Total                          Min: 0, Avg: 14.8, Max: 59, Diff: 59, Sum: 59, Workers: 4
[4141.560s][debug][gc,phases      ] GC(261)   JVMTI Tag Weak OopStorage      Min:  0.0, Avg:  0.0, Max:  0.0, Diff:  0.0, Sum:  0.0, Workers: 4
[4141.560s][debug][gc,phases      ] GC(261)     Dead                           Min: 0, Avg:  0.0, Max: 0, Diff: 0, Sum: 0, Workers: 4
[4141.560s][debug][gc,phases      ] GC(261)     Total                          Min: 0, Avg:  0.0, Max: 0, Diff: 0, Sum: 0, Workers: 4
[4141.560s][debug][gc,phases      ] GC(261)   StringTable Weak               Min:  0.0, Avg:  0.1, Max:  0.2, Diff:  0.2, Sum:  0.4, Workers: 4
[4141.560s][debug][gc,phases      ] GC(261)     Dead                           Min: 0, Avg:  0.2, Max: 1, Diff: 1, Sum: 1, Workers: 4
[4141.560s][debug][gc,phases      ] GC(261)     Total                          Min: 0, Avg: 11251.5, Max: 22543, Diff: 22543, Sum: 45006, Workers: 4
[4141.560s][debug][gc,phases      ] GC(261)   ResolvedMethodTable Weak       Min:  0.0, Avg:  0.0, Max:  0.0, Diff:  0.0, Sum:  0.1, Workers: 4
[4141.560s][debug][gc,phases      ] GC(261)     Dead                           Min: 0, Avg:  0.0, Max: 0, Diff: 0, Sum: 0, Workers: 4
[4141.560s][debug][gc,phases      ] GC(261)     Total                          Min: 0, Avg: 2460.0, Max: 5303, Diff: 5303, Sum: 9840, Workers: 4
[4141.560s][debug][gc,phases      ] GC(261)   JNI Weak                       Min:  0.0, Avg:  0.0, Max:  0.0, Diff:  0.0, Sum:  0.0, Workers: 4
[4141.560s][debug][gc,phases      ] GC(261)     Dead                           Min: 0, Avg:  0.0, Max: 0, Diff: 0, Sum: 0, Workers: 4
[4141.560s][debug][gc,phases      ] GC(261)     Total                          Min: 0, Avg: 11.2, Max: 45, Diff: 45, Sum: 45, Workers: 4
[4141.560s][debug][gc,phases      ] GC(261)   StringDedup Table Weak         Min:  0.0, Avg:  0.0, Max:  0.0, Diff:  0.0, Sum:  0.0, Workers: 4
[4141.560s][debug][gc,phases      ] GC(261)     Dead                           Min: 0, Avg:  0.0, Max: 0, Diff: 0, Sum: 0, Workers: 4
[4141.560s][debug][gc,phases      ] GC(261)     Total                          Min: 0, Avg:  0.0, Max: 0, Diff: 0, Sum: 0, Workers: 4
[4141.560s][debug][gc,phases      ] GC(261)   StringDedup Requests0 Weak     Min:  0.0, Avg:  0.0, Max:  0.0, Diff:  0.0, Sum:  0.0, Workers: 4
[4141.560s][debug][gc,phases      ] GC(261)     Dead                           Min: 0, Avg:  0.0, Max: 0, Diff: 0, Sum: 0, Workers: 4
[4141.560s][debug][gc,phases      ] GC(261)     Total                          Min: 0, Avg:  0.0, Max: 0, Diff: 0, Sum: 0, Workers: 4
[4141.560s][debug][gc,phases      ] GC(261)   StringDedup Requests1 Weak     Min:  0.0, Avg:  0.0, Max:  0.0, Diff:  0.0, Sum:  0.0, Workers: 4
[4141.560s][debug][gc,phases      ] GC(261)     Dead                           Min: 0, Avg:  0.0, Max: 0, Diff: 0, Sum: 0, Workers: 4
[4141.560s][debug][gc,phases      ] GC(261)     Total                          Min: 0, Avg:  0.0, Max: 0, Diff: 0, Sum: 0, Workers: 4
[4141.560s][debug][gc,phases      ] GC(261)   Weak JFR Old Object Samples    Min:  0.0, Avg:  0.0, Max:  0.0, Diff:  0.0, Sum:  0.0, Workers: 4
[4141.560s][debug][gc,phases      ] GC(261)     Dead                           Min: 0, Avg:  0.0, Max: 0, Diff: 0, Sum: 0, Workers: 4
[4141.560s][debug][gc,phases      ] GC(261)     Total                          Min: 0, Avg:  0.0, Max: 0, Diff: 0, Sum: 0, Workers: 4
[4141.560s][debug][gc,phases      ] GC(261) Weak Processing 0.472ms
[4141.560s][debug][gc,age         ] GC(261) Desired survivor size 2621440 bytes, new threshold 15 (max threshold 15)
[4141.560s][info ][gc,heap        ] GC(261) PSYoungGen: 2093808K(2094592K)->1872K(2094592K) Eden: 2092032K(2092032K)->0K(2092032K) From: 1776K(2560K)->1872K(2560K)
[4141.560s][info ][gc,heap        ] GC(261) ParOldGen: 374244K(458752K)->374252K(458752K)
[4141.560s][info ][gc,metaspace   ] GC(261) Metaspace: 84005K(85056K)->84005K(85056K) NonClass: 72062K(72640K)->72062K(72640K) Class: 11942K(12416K)->11942K(12416K)
[4141.560s][info ][gc             ] GC(261) Pause Young (Allocation Failure) 2410M->367M(2493M) 10.903ms
[4141.560s][info ][gc,cpu         ] GC(261) User=0.01s Sys=0.00s Real=0.01s
[4141.560s][info ][safepoint      ] Safepoint "ParallelGCFailedAllocation", Time since last: 854470014 ns, Reaching safepoint: 39500 ns, At safepoint: 10979355 ns, Total: 11018855 ns
[4143.560s][info ][safepoint      ] Safepoint "Cleanup", Time since last: 2000148941 ns, Reaching safepoint: 33200 ns, At safepoint: 2400 ns, Total: 35600 ns
[4145.560s][info ][safepoint      ] Safepoint "Cleanup", Time since last: 2000173041 ns, Reaching safepoint: 42300 ns, At safepoint: 2200 ns, Total: 44500 ns
[4147.560s][info ][safepoint      ] Safepoint "Cleanup", Time since last: 2000175841 ns, Reaching safepoint: 42600 ns, At safepoint: 2300 ns, Total: 44900 ns
[4148.561s][info ][safepoint      ] Safepoint "Cleanup", Time since last: 1000106121 ns, Reaching safepoint: 48500 ns, At safepoint: 2300 ns, Total: 50800 ns
[4150.561s][info ][safepoint      ] Safepoint "Cleanup", Time since last: 2000175644 ns, Reaching safepoint: 41399 ns, At safepoint: 4000 ns, Total: 45399 ns
[4152.416s][info ][safepoint      ] Safepoint "Cleanup", Time since last: 1854930136 ns, Reaching safepoint: 52800 ns, At safepoint: 2400 ns, Total: 55200 ns
[4156.416s][info ][safepoint      ] Safepoint "Cleanup", Time since last: 4000303588 ns, Reaching safepoint: 69200 ns, At safepoint: 2500 ns, Total: 71700 ns
[4157.296s][info ][gc,start       ] GC(262) Pause Young (Allocation Failure)
[4157.306s][debug][gc,phases      ] GC(262) Scavenge 10.191ms
[4157.306s][debug][gc,ref         ] GC(262) Skipped phase 1 of Reference Processing: no references
[4157.306s][debug][gc,ref         ] GC(262) ReferenceProcessor::execute queues: 1, RefProcThreadModel::Single, marks_oops_alive: false
[4157.306s][debug][gc,ref         ] GC(262) Skipped phase 3 of Reference Processing: no references
[4157.306s][debug][gc,ref         ] GC(262) ReferenceProcessor::execute queues: 1, RefProcThreadModel::Single, marks_oops_alive: false
[4157.306s][debug][gc,phases      ] GC(262) Reference Processing 0.126ms
[4157.307s][debug][gc,phases      ] GC(262)   VM Weak                        Min:  0.0, Avg:  0.0, Max:  0.0, Diff:  0.0, Sum:  0.0, Workers: 4
[4157.307s][debug][gc,phases      ] GC(262)     Dead                           Min: 0, Avg:  0.0, Max: 0, Diff: 0, Sum: 0, Workers: 4
[4157.307s][debug][gc,phases      ] GC(262)     Total                          Min: 0, Avg: 212.2, Max: 576, Diff: 576, Sum: 849, Workers: 4
[4157.307s][debug][gc,phases      ] GC(262)   ObjectSynchronizer Weak        Min:  0.0, Avg:  0.0, Max:  0.0, Diff:  0.0, Sum:  0.0, Workers: 4
[4157.307s][debug][gc,phases      ] GC(262)     Dead                           Min: 0, Avg:  0.0, Max: 0, Diff: 0, Sum: 0, Workers: 4
[4157.307s][debug][gc,phases      ] GC(262)     Total                          Min: 0, Avg: 14.8, Max: 59, Diff: 59, Sum: 59, Workers: 4
[4157.307s][debug][gc,phases      ] GC(262)   JVMTI Tag Weak OopStorage      Min:  0.0, Avg:  0.0, Max:  0.0, Diff:  0.0, Sum:  0.0, Workers: 4
[4157.307s][debug][gc,phases      ] GC(262)     Dead                           Min: 0, Avg:  0.0, Max: 0, Diff: 0, Sum: 0, Workers: 4
[4157.307s][debug][gc,phases      ] GC(262)     Total                          Min: 0, Avg:  0.0, Max: 0, Diff: 0, Sum: 0, Workers: 4
[4157.307s][debug][gc,phases      ] GC(262)   StringTable Weak               Min:  0.0, Avg:  0.1, Max:  0.2, Diff:  0.2, Sum:  0.4, Workers: 4
[4157.307s][debug][gc,phases      ] GC(262)     Dead                           Min: 0, Avg:  0.0, Max: 0, Diff: 0, Sum: 0, Workers: 4
[4157.307s][debug][gc,phases      ] GC(262)     Total                          Min: 0, Avg: 11251.5, Max: 23039, Diff: 23039, Sum: 45006, Workers: 4
[4157.307s][debug][gc,phases      ] GC(262)   ResolvedMethodTable Weak       Min:  0.0, Avg:  0.0, Max:  0.0, Diff:  0.0, Sum:  0.1, Workers: 4
[4157.307s][debug][gc,phases      ] GC(262)     Dead                           Min: 0, Avg:  0.0, Max: 0, Diff: 0, Sum: 0, Workers: 4
[4157.307s][debug][gc,phases      ] GC(262)     Total                          Min: 0, Avg: 2460.0, Max: 5361, Diff: 5361, Sum: 9840, Workers: 4
[4157.307s][debug][gc,phases      ] GC(262)   JNI Weak                       Min:  0.0, Avg:  0.0, Max:  0.0, Diff:  0.0, Sum:  0.0, Workers: 4
[4157.307s][debug][gc,phases      ] GC(262)     Dead                           Min: 0, Avg:  0.0, Max: 0, Diff: 0, Sum: 0, Workers: 4
[4157.307s][debug][gc,phases      ] GC(262)     Total                          Min: 0, Avg: 11.2, Max: 45, Diff: 45, Sum: 45, Workers: 4
[4157.307s][debug][gc,phases      ] GC(262)   StringDedup Table Weak         Min:  0.0, Avg:  0.0, Max:  0.0, Diff:  0.0, Sum:  0.0, Workers: 4
[4157.307s][debug][gc,phases      ] GC(262)     Dead                           Min: 0, Avg:  0.0, Max: 0, Diff: 0, Sum: 0, Workers: 4
[4157.307s][debug][gc,phases      ] GC(262)     Total                          Min: 0, Avg:  0.0, Max: 0, Diff: 0, Sum: 0, Workers: 4
[4157.307s][debug][gc,phases      ] GC(262)   StringDedup Requests0 Weak     Min:  0.0, Avg:  0.0, Max:  0.0, Diff:  0.0, Sum:  0.0, Workers: 4
[4157.307s][debug][gc,phases      ] GC(262)     Dead                           Min: 0, Avg:  0.0, Max: 0, Diff: 0, Sum: 0, Workers: 4
[4157.307s][debug][gc,phases      ] GC(262)     Total                          Min: 0, Avg:  0.0, Max: 0, Diff: 0, Sum: 0, Workers: 4
[4157.307s][debug][gc,phases      ] GC(262)   StringDedup Requests1 Weak     Min:  0.0, Avg:  0.0, Max:  0.0, Diff:  0.0, Sum:  0.0, Workers: 4
[4157.307s][debug][gc,phases      ] GC(262)     Dead                           Min: 0, Avg:  0.0, Max: 0, Diff: 0, Sum: 0, Workers: 4
[4157.307s][debug][gc,phases      ] GC(262)     Total                          Min: 0, Avg:  0.0, Max: 0, Diff: 0, Sum: 0, Workers: 4
[4157.307s][debug][gc,phases      ] GC(262)   Weak JFR Old Object Samples    Min:  0.0, Avg:  0.0, Max:  0.0, Diff:  0.0, Sum:  0.0, Workers: 4
[4157.307s][debug][gc,phases      ] GC(262)     Dead                           Min: 0, Avg:  0.0, Max: 0, Diff: 0, Sum: 0, Workers: 4
[4157.307s][debug][gc,phases      ] GC(262)     Total                          Min: 0, Avg:  0.0, Max: 0, Diff: 0, Sum: 0, Workers: 4
[4157.307s][debug][gc,phases      ] GC(262) Weak Processing 0.461ms
[4157.307s][debug][gc,age         ] GC(262) Desired survivor size 2621440 bytes, new threshold 15 (max threshold 15)
[4157.307s][info ][gc,heap        ] GC(262) PSYoungGen: 2093904K(2094592K)->1968K(2094592K) Eden: 2092032K(2092032K)->0K(2092032K) From: 1872K(2560K)->1968K(2560K)
[4157.307s][info ][gc,heap        ] GC(262) ParOldGen: 374252K(458752K)->374260K(458752K)
[4157.307s][info ][gc,metaspace   ] GC(262) Metaspace: 84016K(85056K)->84016K(85056K) NonClass: 72074K(72640K)->72074K(72640K) Class: 11942K(12416K)->11942K(12416K)
[4157.307s][info ][gc             ] GC(262) Pause Young (Allocation Failure) 2410M->367M(2493M) 10.903ms
[4157.307s][info ][gc,cpu         ] GC(262) User=0.02s Sys=0.00s Real=0.01s
[4157.307s][info ][safepoint      ] Safepoint "ParallelGCFailedAllocation", Time since last: 879585315 ns, Reaching safepoint: 35700 ns, At safepoint: 10987855 ns, Total: 11023555 ns
[4158.307s][info ][safepoint      ] Safepoint "Cleanup", Time since last: 1000092124 ns, Reaching safepoint: 44200 ns, At safepoint: 7000 ns, Total: 51200 ns
[4159.307s][info ][safepoint      ] Safepoint "Cleanup", Time since last: 1000111224 ns, Reaching safepoint: 42100 ns, At safepoint: 2500 ns, Total: 44600 ns
[4160.307s][info ][safepoint      ] Safepoint "Cleanup", Time since last: 1000108424 ns, Reaching safepoint: 48300 ns, At safepoint: 2900 ns, Total: 51200 ns
[4161.307s][info ][safepoint      ] Safepoint "Cleanup", Time since last: 1000100124 ns, Reaching safepoint: 60600 ns, At safepoint: 21800 ns, Total: 82400 ns
[4162.308s][info ][safepoint      ] Safepoint "Cleanup", Time since last: 1000103724 ns, Reaching safepoint: 50000 ns, At safepoint: 7200 ns, Total: 57200 ns
[4168.308s][info ][safepoint      ] Safepoint "Cleanup", Time since last: 6000437986 ns, Reaching safepoint: 51200 ns, At safepoint: 2500 ns, Total: 53700 ns
[4176.146s][info ][gc,start       ] GC(263) Pause Young (Allocation Failure)
[4176.153s][debug][gc,phases      ] GC(263) Scavenge 6.799ms
[4176.153s][debug][gc,ref         ] GC(263) Skipped phase 1 of Reference Processing: no references
[4176.153s][debug][gc,ref         ] GC(263) ReferenceProcessor::execute queues: 1, RefProcThreadModel::Single, marks_oops_alive: false
[4176.153s][debug][gc,ref         ] GC(263) ReferenceProcessor::execute queues: 4, RefProcThreadModel::Multi, marks_oops_alive: true
[4176.153s][debug][gc,ref         ] GC(263) ReferenceProcessor::execute queues: 1, RefProcThreadModel::Single, marks_oops_alive: false
[4176.153s][debug][gc,phases      ] GC(263) Reference Processing 0.537ms
[4176.154s][debug][gc,phases      ] GC(263)   VM Weak                        Min:  0.0, Avg:  0.0, Max:  0.0, Diff:  0.0, Sum:  0.0, Workers: 4
[4176.154s][debug][gc,phases      ] GC(263)     Dead                           Min: 0, Avg:  0.0, Max: 0, Diff: 0, Sum: 0, Workers: 4
[4176.154s][debug][gc,phases      ] GC(263)     Total                          Min: 0, Avg: 212.2, Max: 849, Diff: 849, Sum: 849, Workers: 4
[4176.154s][debug][gc,phases      ] GC(263)   ObjectSynchronizer Weak        Min:  0.0, Avg:  0.0, Max:  0.0, Diff:  0.0, Sum:  0.0, Workers: 4
[4176.154s][debug][gc,phases      ] GC(263)     Dead                           Min: 0, Avg:  0.0, Max: 0, Diff: 0, Sum: 0, Workers: 4
[4176.154s][debug][gc,phases      ] GC(263)     Total                          Min: 0, Avg: 14.8, Max: 59, Diff: 59, Sum: 59, Workers: 4
[4176.154s][debug][gc,phases      ] GC(263)   JVMTI Tag Weak OopStorage      Min:  0.0, Avg:  0.0, Max:  0.0, Diff:  0.0, Sum:  0.0, Workers: 4
[4176.154s][debug][gc,phases      ] GC(263)     Dead                           Min: 0, Avg:  0.0, Max: 0, Diff: 0, Sum: 0, Workers: 4
[4176.154s][debug][gc,phases      ] GC(263)     Total                          Min: 0, Avg:  0.0, Max: 0, Diff: 0, Sum: 0, Workers: 4
[4176.154s][debug][gc,phases      ] GC(263)   StringTable Weak               Min:  0.0, Avg:  0.1, Max:  0.2, Diff:  0.2, Sum:  0.4, Workers: 4
[4176.154s][debug][gc,phases      ] GC(263)     Dead                           Min: 0, Avg:  0.0, Max: 0, Diff: 0, Sum: 0, Workers: 4
[4176.154s][debug][gc,phases      ] GC(263)     Total                          Min: 0, Avg: 11253.5, Max: 25687, Diff: 25687, Sum: 45014, Workers: 4
[4176.154s][debug][gc,phases      ] GC(263)   ResolvedMethodTable Weak       Min:  0.0, Avg:  0.0, Max:  0.0, Diff:  0.0, Sum:  0.1, Workers: 4
[4176.154s][debug][gc,phases      ] GC(263)     Dead                           Min: 0, Avg:  0.0, Max: 0, Diff: 0, Sum: 0, Workers: 4
[4176.154s][debug][gc,phases      ] GC(263)     Total                          Min: 0, Avg: 2460.0, Max: 4991, Diff: 4991, Sum: 9840, Workers: 4
[4176.154s][debug][gc,phases      ] GC(263)   JNI Weak                       Min:  0.0, Avg:  0.0, Max:  0.0, Diff:  0.0, Sum:  0.0, Workers: 4
[4176.154s][debug][gc,phases      ] GC(263)     Dead                           Min: 0, Avg:  0.0, Max: 0, Diff: 0, Sum: 0, Workers: 4
[4176.154s][debug][gc,phases      ] GC(263)     Total                          Min: 0, Avg: 11.2, Max: 45, Diff: 45, Sum: 45, Workers: 4
[4176.154s][debug][gc,phases      ] GC(263)   StringDedup Table Weak         Min:  0.0, Avg:  0.0, Max:  0.0, Diff:  0.0, Sum:  0.0, Workers: 4
[4176.154s][debug][gc,phases      ] GC(263)     Dead                           Min: 0, Avg:  0.0, Max: 0, Diff: 0, Sum: 0, Workers: 4
[4176.154s][debug][gc,phases      ] GC(263)     Total                          Min: 0, Avg:  0.0, Max: 0, Diff: 0, Sum: 0, Workers: 4
[4176.154s][debug][gc,phases      ] GC(263)   StringDedup Requests0 Weak     Min:  0.0, Avg:  0.0, Max:  0.0, Diff:  0.0, Sum:  0.0, Workers: 4
[4176.154s][debug][gc,phases      ] GC(263)     Dead                           Min: 0, Avg:  0.0, Max: 0, Diff: 0, Sum: 0, Workers: 4
[4176.154s][debug][gc,phases      ] GC(263)     Total                          Min: 0, Avg:  0.0, Max: 0, Diff: 0, Sum: 0, Workers: 4
[4176.154s][debug][gc,phases      ] GC(263)   StringDedup Requests1 Weak     Min:  0.0, Avg:  0.0, Max:  0.0, Diff:  0.0, Sum:  0.0, Workers: 4
[4176.154s][debug][gc,phases      ] GC(263)     Dead                           Min: 0, Avg:  0.0, Max: 0, Diff: 0, Sum: 0, Workers: 4
[4176.154s][debug][gc,phases      ] GC(263)     Total                          Min: 0, Avg:  0.0, Max: 0, Diff: 0, Sum: 0, Workers: 4
[4176.154s][debug][gc,phases      ] GC(263)   Weak JFR Old Object Samples    Min:  0.0, Avg:  0.0, Max:  0.0, Diff:  0.0, Sum:  0.0, Workers: 4
[4176.154s][debug][gc,phases      ] GC(263)     Dead                           Min: 0, Avg:  0.0, Max: 0, Diff: 0, Sum: 0, Workers: 4
[4176.154s][debug][gc,phases      ] GC(263)     Total                          Min: 0, Avg:  0.0, Max: 0, Diff: 0, Sum: 0, Workers: 4
[4176.154s][debug][gc,phases      ] GC(263) Weak Processing 0.501ms
[4176.154s][debug][gc,age         ] GC(263) Desired survivor size 2621440 bytes, new threshold 15 (max threshold 15)
[4176.154s][info ][gc,heap        ] GC(263) PSYoungGen: 2094000K(2094592K)->2048K(2094592K) Eden: 2092032K(2092032K)->0K(2092032K) From: 1968K(2560K)->2048K(2560K)
[4176.154s][info ][gc,heap        ] GC(263) ParOldGen: 374260K(458752K)->374292K(458752K)
[4176.154s][info ][gc,metaspace   ] GC(263) Metaspace: 84021K(85056K)->84021K(85056K) NonClass: 72078K(72640K)->72078K(72640K) Class: 11942K(12416K)->11942K(12416K)
[4176.154s][info ][gc             ] GC(263) Pause Young (Allocation Failure) 2410M->367M(2493M) 7.973ms
[4176.154s][info ][gc,cpu         ] GC(263) User=0.01s Sys=0.00s Real=0.01s
[4176.154s][info ][safepoint      ] Safepoint "ParallelGCFailedAllocation", Time since last: 7837616930 ns, Reaching safepoint: 125200 ns, At safepoint: 8059569 ns, Total: 8184769 ns
[4186.155s][info ][safepoint      ] Safepoint "Cleanup", Time since last: 10000638785 ns, Reaching safepoint: 37700 ns, At safepoint: 2100 ns, Total: 39800 ns
[4191.155s][info ][safepoint      ] Safepoint "Cleanup", Time since last: 5000376690 ns, Reaching safepoint: 45700 ns, At safepoint: 2800 ns, Total: 48500 ns
[4193.246s][info ][gc,start       ] GC(264) Pause Young (Allocation Failure)
[4193.254s][debug][gc,phases      ] GC(264) Scavenge 8.577ms
[4193.254s][debug][gc,ref         ] GC(264) Skipped phase 1 of Reference Processing: no references
[4193.254s][debug][gc,ref         ] GC(264) ReferenceProcessor::execute queues: 1, RefProcThreadModel::Single, marks_oops_alive: false
[4193.254s][debug][gc,ref         ] GC(264) ReferenceProcessor::execute queues: 4, RefProcThreadModel::Multi, marks_oops_alive: true
[4193.256s][debug][gc,ref         ] GC(264) ReferenceProcessor::execute queues: 1, RefProcThreadModel::Single, marks_oops_alive: false
[4193.256s][debug][gc,phases      ] GC(264) Reference Processing 2.269ms
[4193.257s][debug][gc,phases      ] GC(264)   VM Weak                        Min:  0.0, Avg:  0.0, Max:  0.0, Diff:  0.0, Sum:  0.0, Workers: 4
[4193.257s][debug][gc,phases      ] GC(264)     Dead                           Min: 0, Avg:  0.0, Max: 0, Diff: 0, Sum: 0, Workers: 4
[4193.257s][debug][gc,phases      ] GC(264)     Total                          Min: 0, Avg: 212.2, Max: 448, Diff: 448, Sum: 849, Workers: 4
[4193.257s][debug][gc,phases      ] GC(264)   ObjectSynchronizer Weak        Min:  0.0, Avg:  0.0, Max:  0.0, Diff:  0.0, Sum:  0.0, Workers: 4
[4193.257s][debug][gc,phases      ] GC(264)     Dead                           Min: 0, Avg:  0.0, Max: 0, Diff: 0, Sum: 0, Workers: 4
[4193.257s][debug][gc,phases      ] GC(264)     Total                          Min: 0, Avg: 14.8, Max: 59, Diff: 59, Sum: 59, Workers: 4
[4193.257s][debug][gc,phases      ] GC(264)   JVMTI Tag Weak OopStorage      Min:  0.0, Avg:  0.0, Max:  0.0, Diff:  0.0, Sum:  0.0, Workers: 4
[4193.257s][debug][gc,phases      ] GC(264)     Dead                           Min: 0, Avg:  0.0, Max: 0, Diff: 0, Sum: 0, Workers: 4
[4193.257s][debug][gc,phases      ] GC(264)     Total                          Min: 0, Avg:  0.0, Max: 0, Diff: 0, Sum: 0, Workers: 4
[4193.257s][debug][gc,phases      ] GC(264)   StringTable Weak               Min:  0.0, Avg:  0.1, Max:  0.1, Diff:  0.1, Sum:  0.4, Workers: 4
[4193.257s][debug][gc,phases      ] GC(264)     Dead                           Min: 0, Avg:  0.0, Max: 0, Diff: 0, Sum: 0, Workers: 4
[4193.257s][debug][gc,phases      ] GC(264)     Total                          Min: 0, Avg: 11253.5, Max: 15767, Diff: 15767, Sum: 45014, Workers: 4
[4193.257s][debug][gc,phases      ] GC(264)   ResolvedMethodTable Weak       Min:  0.0, Avg:  0.0, Max:  0.0, Diff:  0.0, Sum:  0.1, Workers: 4
[4193.257s][debug][gc,phases      ] GC(264)     Dead                           Min: 0, Avg:  0.0, Max: 0, Diff: 0, Sum: 0, Workers: 4
[4193.257s][debug][gc,phases      ] GC(264)     Total                          Min: 0, Avg: 2460.0, Max: 3519, Diff: 3519, Sum: 9840, Workers: 4
[4193.257s][debug][gc,phases      ] GC(264)   JNI Weak                       Min:  0.0, Avg:  0.0, Max:  0.0, Diff:  0.0, Sum:  0.0, Workers: 4
[4193.257s][debug][gc,phases      ] GC(264)     Dead                           Min: 0, Avg:  0.0, Max: 0, Diff: 0, Sum: 0, Workers: 4
[4193.257s][debug][gc,phases      ] GC(264)     Total                          Min: 0, Avg: 11.2, Max: 45, Diff: 45, Sum: 45, Workers: 4
[4193.257s][debug][gc,phases      ] GC(264)   StringDedup Table Weak         Min:  0.0, Avg:  0.0, Max:  0.0, Diff:  0.0, Sum:  0.0, Workers: 4
[4193.257s][debug][gc,phases      ] GC(264)     Dead                           Min: 0, Avg:  0.0, Max: 0, Diff: 0, Sum: 0, Workers: 4
[4193.257s][debug][gc,phases      ] GC(264)     Total                          Min: 0, Avg:  0.0, Max: 0, Diff: 0, Sum: 0, Workers: 4
[4193.257s][debug][gc,phases      ] GC(264)   StringDedup Requests0 Weak     Min:  0.0, Avg:  0.0, Max:  0.0, Diff:  0.0, Sum:  0.0, Workers: 4
[4193.257s][debug][gc,phases      ] GC(264)     Dead                           Min: 0, Avg:  0.0, Max: 0, Diff: 0, Sum: 0, Workers: 4
[4193.257s][debug][gc,phases      ] GC(264)     Total                          Min: 0, Avg:  0.0, Max: 0, Diff: 0, Sum: 0, Workers: 4
[4193.257s][debug][gc,phases      ] GC(264)   StringDedup Requests1 Weak     Min:  0.0, Avg:  0.0, Max:  0.0, Diff:  0.0, Sum:  0.0, Workers: 4
[4193.257s][debug][gc,phases      ] GC(264)     Dead                           Min: 0, Avg:  0.0, Max: 0, Diff: 0, Sum: 0, Workers: 4
[4193.257s][debug][gc,phases      ] GC(264)     Total                          Min: 0, Avg:  0.0, Max: 0, Diff: 0, Sum: 0, Workers: 4
[4193.257s][debug][gc,phases      ] GC(264)   Weak JFR Old Object Samples    Min:  0.0, Avg:  0.0, Max:  0.0, Diff:  0.0, Sum:  0.0, Workers: 4
[4193.257s][debug][gc,phases      ] GC(264)     Dead                           Min: 0, Avg:  0.0, Max: 0, Diff: 0, Sum: 0, Workers: 4
[4193.257s][debug][gc,phases      ] GC(264)     Total                          Min: 0, Avg:  0.0, Max: 0, Diff: 0, Sum: 0, Workers: 4
[4193.257s][debug][gc,phases      ] GC(264) Weak Processing 0.405ms
[4193.257s][debug][gc,age         ] GC(264) Desired survivor size 2621440 bytes, new threshold 15 (max threshold 15)
[4193.257s][info ][gc,heap        ] GC(264) PSYoungGen: 2094080K(2094592K)->1984K(2094592K) Eden: 2092032K(2092032K)->0K(2092032K) From: 2048K(2560K)->1984K(2560K)
[4193.257s][info ][gc,heap        ] GC(264) ParOldGen: 374292K(458752K)->374300K(458752K)
[4193.257s][info ][gc,metaspace   ] GC(264) Metaspace: 84028K(85056K)->84028K(85056K) NonClass: 72086K(72640K)->72086K(72640K) Class: 11942K(12416K)->11942K(12416K)
[4193.257s][info ][gc             ] GC(264) Pause Young (Allocation Failure) 2410M->367M(2493M) 11.376ms
[4193.257s][info ][gc,cpu         ] GC(264) User=0.02s Sys=0.00s Real=0.02s
[4193.257s][info ][safepoint      ] Safepoint "ParallelGCFailedAllocation", Time since last: 2090474290 ns, Reaching safepoint: 23600 ns, At safepoint: 11487053 ns, Total: 11510653 ns
[4194.257s][info ][safepoint      ] Safepoint "Cleanup", Time since last: 1000092229 ns, Reaching safepoint: 47200 ns, At safepoint: 2900 ns, Total: 50100 ns
[4199.258s][info ][safepoint      ] Safepoint "Cleanup", Time since last: 5000389213 ns, Reaching safepoint: 119099 ns, At safepoint: 7100 ns, Total: 126199 ns
[4203.258s][info ][safepoint      ] Safepoint "Cleanup", Time since last: 4000324078 ns, Reaching safepoint: 119299 ns, At safepoint: 16100 ns, Total: 135399 ns
[4206.258s][info ][safepoint      ] Safepoint "Cleanup", Time since last: 3000230117 ns, Reaching safepoint: 36299 ns, At safepoint: 2900 ns, Total: 39199 ns
[4209.394s][info ][gc,start       ] GC(265) Pause Young (Allocation Failure)
[4209.403s][debug][gc,phases      ] GC(265) Scavenge 8.716ms
[4209.403s][debug][gc,ref         ] GC(265) Skipped phase 1 of Reference Processing: no references
[4209.403s][debug][gc,ref         ] GC(265) ReferenceProcessor::execute queues: 1, RefProcThreadModel::Single, marks_oops_alive: false
[4209.403s][debug][gc,ref         ] GC(265) ReferenceProcessor::execute queues: 4, RefProcThreadModel::Multi, marks_oops_alive: true
[4209.403s][debug][gc,ref         ] GC(265) ReferenceProcessor::execute queues: 1, RefProcThreadModel::Single, marks_oops_alive: false
[4209.403s][debug][gc,phases      ] GC(265) Reference Processing 0.415ms
[4209.404s][debug][gc,phases      ] GC(265)   VM Weak                        Min:  0.0, Avg:  0.0, Max:  0.0, Diff:  0.0, Sum:  0.0, Workers: 4
[4209.404s][debug][gc,phases      ] GC(265)     Dead                           Min: 0, Avg:  0.0, Max: 0, Diff: 0, Sum: 0, Workers: 4
[4209.404s][debug][gc,phases      ] GC(265)     Total                          Min: 0, Avg: 212.2, Max: 448, Diff: 448, Sum: 849, Workers: 4
[4209.404s][debug][gc,phases      ] GC(265)   ObjectSynchronizer Weak        Min:  0.0, Avg:  0.0, Max:  0.0, Diff:  0.0, Sum:  0.0, Workers: 4
[4209.404s][debug][gc,phases      ] GC(265)     Dead                           Min: 0, Avg:  0.0, Max: 0, Diff: 0, Sum: 0, Workers: 4
[4209.404s][debug][gc,phases      ] GC(265)     Total                          Min: 0, Avg: 14.8, Max: 59, Diff: 59, Sum: 59, Workers: 4
[4209.404s][debug][gc,phases      ] GC(265)   JVMTI Tag Weak OopStorage      Min:  0.0, Avg:  0.0, Max:  0.0, Diff:  0.0, Sum:  0.0, Workers: 4
[4209.404s][debug][gc,phases      ] GC(265)     Dead                           Min: 0, Avg:  0.0, Max: 0, Diff: 0, Sum: 0, Workers: 4
[4209.404s][debug][gc,phases      ] GC(265)     Total                          Min: 0, Avg:  0.0, Max: 0, Diff: 0, Sum: 0, Workers: 4
[4209.404s][debug][gc,phases      ] GC(265)   StringTable Weak               Min:  0.0, Avg:  0.1, Max:  0.2, Diff:  0.2, Sum:  0.4, Workers: 4
[4209.404s][debug][gc,phases      ] GC(265)     Dead                           Min: 0, Avg:  0.0, Max: 0, Diff: 0, Sum: 0, Workers: 4
[4209.404s][debug][gc,phases      ] GC(265)     Total                          Min: 0, Avg: 11253.5, Max: 22655, Diff: 22655, Sum: 45014, Workers: 4
[4209.404s][debug][gc,phases      ] GC(265)   ResolvedMethodTable Weak       Min:  0.0, Avg:  0.0, Max:  0.0, Diff:  0.0, Sum:  0.1, Workers: 4
[4209.404s][debug][gc,phases      ] GC(265)     Dead                           Min: 0, Avg:  0.0, Max: 0, Diff: 0, Sum: 0, Workers: 4
[4209.404s][debug][gc,phases      ] GC(265)     Total                          Min: 0, Avg: 2460.0, Max: 5112, Diff: 5112, Sum: 9840, Workers: 4
[4209.404s][debug][gc,phases      ] GC(265)   JNI Weak                       Min:  0.0, Avg:  0.0, Max:  0.0, Diff:  0.0, Sum:  0.0, Workers: 4
[4209.404s][debug][gc,phases      ] GC(265)     Dead                           Min: 0, Avg:  0.0, Max: 0, Diff: 0, Sum: 0, Workers: 4
[4209.404s][debug][gc,phases      ] GC(265)     Total                          Min: 0, Avg: 11.2, Max: 45, Diff: 45, Sum: 45, Workers: 4
[4209.404s][debug][gc,phases      ] GC(265)   StringDedup Table Weak         Min:  0.0, Avg:  0.0, Max:  0.0, Diff:  0.0, Sum:  0.0, Workers: 4
[4209.404s][debug][gc,phases      ] GC(265)     Dead                           Min: 0, Avg:  0.0, Max: 0, Diff: 0, Sum: 0, Workers: 4
[4209.404s][debug][gc,phases      ] GC(265)     Total                          Min: 0, Avg:  0.0, Max: 0, Diff: 0, Sum: 0, Workers: 4
[4209.404s][debug][gc,phases      ] GC(265)   StringDedup Requests0 Weak     Min:  0.0, Avg:  0.0, Max:  0.0, Diff:  0.0, Sum:  0.0, Workers: 4
[4209.404s][debug][gc,phases      ] GC(265)     Dead                           Min: 0, Avg:  0.0, Max: 0, Diff: 0, Sum: 0, Workers: 4
[4209.404s][debug][gc,phases      ] GC(265)     Total                          Min: 0, Avg:  0.0, Max: 0, Diff: 0, Sum: 0, Workers: 4
[4209.404s][debug][gc,phases      ] GC(265)   StringDedup Requests1 Weak     Min:  0.0, Avg:  0.0, Max:  0.0, Diff:  0.0, Sum:  0.0, Workers: 4
[4209.404s][debug][gc,phases      ] GC(265)     Dead                           Min: 0, Avg:  0.0, Max: 0, Diff: 0, Sum: 0, Workers: 4
[4209.404s][debug][gc,phases      ] GC(265)     Total                          Min: 0, Avg:  0.0, Max: 0, Diff: 0, Sum: 0, Workers: 4
[4209.404s][debug][gc,phases      ] GC(265)   Weak JFR Old Object Samples    Min:  0.0, Avg:  0.0, Max:  0.0, Diff:  0.0, Sum:  0.0, Workers: 4
[4209.404s][debug][gc,phases      ] GC(265)     Dead                           Min: 0, Avg:  0.0, Max: 0, Diff: 0, Sum: 0, Workers: 4
[4209.404s][debug][gc,phases      ] GC(265)     Total                          Min: 0, Avg:  0.0, Max: 0, Diff: 0, Sum: 0, Workers: 4
[4209.404s][debug][gc,phases      ] GC(265) Weak Processing 0.456ms
[4209.404s][debug][gc,age         ] GC(265) Desired survivor size 2621440 bytes, new threshold 15 (max threshold 15)
[4209.404s][info ][gc,heap        ] GC(265) PSYoungGen: 2094016K(2094592K)->2096K(2094592K) Eden: 2092032K(2092032K)->0K(2092032K) From: 1984K(2560K)->2096K(2560K)
[4209.404s][info ][gc,heap        ] GC(265) ParOldGen: 374300K(458752K)->374324K(458752K)
[4209.404s][info ][gc,metaspace   ] GC(265) Metaspace: 84038K(85056K)->84038K(85056K) NonClass: 72095K(72640K)->72095K(72640K) Class: 11942K(12416K)->11942K(12416K)
[4209.404s][info ][gc             ] GC(265) Pause Young (Allocation Failure) 2410M->367M(2493M) 9.727ms
[4209.404s][info ][gc,cpu         ] GC(265) User=0.01s Sys=0.00s Real=0.00s
[4209.404s][info ][safepoint      ] Safepoint "ParallelGCFailedAllocation", Time since last: 3135834646 ns, Reaching safepoint: 32600 ns, At safepoint: 9816260 ns, Total: 9848860 ns
[4220.410s][info ][safepoint      ] Safepoint "Cleanup", Time since last: 11000726255 ns, Reaching safepoint: 5338678 ns, At safepoint: 7900 ns, Total: 5346578 ns
[4223.496s][info ][gc,start       ] GC(266) Pause Young (Allocation Failure)
[4223.506s][debug][gc,phases      ] GC(266) Scavenge 9.191ms
[4223.506s][debug][gc,ref         ] GC(266) Skipped phase 1 of Reference Processing: no references
[4223.506s][debug][gc,ref         ] GC(266) ReferenceProcessor::execute queues: 1, RefProcThreadModel::Single, marks_oops_alive: false
[4223.506s][debug][gc,ref         ] GC(266) Skipped phase 3 of Reference Processing: no references
[4223.506s][debug][gc,ref         ] GC(266) ReferenceProcessor::execute queues: 1, RefProcThreadModel::Single, marks_oops_alive: false
[4223.506s][debug][gc,phases      ] GC(266) Reference Processing 0.129ms
[4223.506s][debug][gc,phases      ] GC(266)   VM Weak                        Min:  0.0, Avg:  0.0, Max:  0.0, Diff:  0.0, Sum:  0.0, Workers: 4
[4223.506s][debug][gc,phases      ] GC(266)     Dead                           Min: 0, Avg:  0.0, Max: 0, Diff: 0, Sum: 0, Workers: 4
[4223.506s][debug][gc,phases      ] GC(266)     Total                          Min: 0, Avg: 212.2, Max: 529, Diff: 529, Sum: 849, Workers: 4
[4223.506s][debug][gc,phases      ] GC(266)   ObjectSynchronizer Weak        Min:  0.0, Avg:  0.0, Max:  0.0, Diff:  0.0, Sum:  0.0, Workers: 4
[4223.506s][debug][gc,phases      ] GC(266)     Dead                           Min: 0, Avg:  0.0, Max: 0, Diff: 0, Sum: 0, Workers: 4
[4223.506s][debug][gc,phases      ] GC(266)     Total                          Min: 0, Avg: 14.8, Max: 59, Diff: 59, Sum: 59, Workers: 4
[4223.506s][debug][gc,phases      ] GC(266)   JVMTI Tag Weak OopStorage      Min:  0.0, Avg:  0.0, Max:  0.0, Diff:  0.0, Sum:  0.0, Workers: 4
[4223.506s][debug][gc,phases      ] GC(266)     Dead                           Min: 0, Avg:  0.0, Max: 0, Diff: 0, Sum: 0, Workers: 4
[4223.506s][debug][gc,phases      ] GC(266)     Total                          Min: 0, Avg:  0.0, Max: 0, Diff: 0, Sum: 0, Workers: 4
[4223.506s][debug][gc,phases      ] GC(266)   StringTable Weak               Min:  0.0, Avg:  0.1, Max:  0.2, Diff:  0.2, Sum:  0.4, Workers: 4
[4223.506s][debug][gc,phases      ] GC(266)     Dead                           Min: 0, Avg:  0.0, Max: 0, Diff: 0, Sum: 0, Workers: 4
[4223.506s][debug][gc,phases      ] GC(266)     Total                          Min: 0, Avg: 11253.5, Max: 22783, Diff: 22783, Sum: 45014, Workers: 4
[4223.506s][debug][gc,phases      ] GC(266)   ResolvedMethodTable Weak       Min:  0.0, Avg:  0.0, Max:  0.0, Diff:  0.0, Sum:  0.1, Workers: 4
[4223.506s][debug][gc,phases      ] GC(266)     Dead                           Min: 0, Avg:  0.0, Max: 0, Diff: 0, Sum: 0, Workers: 4
[4223.506s][debug][gc,phases      ] GC(266)     Total                          Min: 0, Avg: 2460.0, Max: 5168, Diff: 5168, Sum: 9840, Workers: 4
[4223.506s][debug][gc,phases      ] GC(266)   JNI Weak                       Min:  0.0, Avg:  0.0, Max:  0.0, Diff:  0.0, Sum:  0.0, Workers: 4
[4223.506s][debug][gc,phases      ] GC(266)     Dead                           Min: 0, Avg:  0.0, Max: 0, Diff: 0, Sum: 0, Workers: 4
[4223.506s][debug][gc,phases      ] GC(266)     Total                          Min: 0, Avg: 11.2, Max: 45, Diff: 45, Sum: 45, Workers: 4
[4223.506s][debug][gc,phases      ] GC(266)   StringDedup Table Weak         Min:  0.0, Avg:  0.0, Max:  0.0, Diff:  0.0, Sum:  0.0, Workers: 4
[4223.506s][debug][gc,phases      ] GC(266)     Dead                           Min: 0, Avg:  0.0, Max: 0, Diff: 0, Sum: 0, Workers: 4
[4223.506s][debug][gc,phases      ] GC(266)     Total                          Min: 0, Avg:  0.0, Max: 0, Diff: 0, Sum: 0, Workers: 4
[4223.506s][debug][gc,phases      ] GC(266)   StringDedup Requests0 Weak     Min:  0.0, Avg:  0.0, Max:  0.0, Diff:  0.0, Sum:  0.0, Workers: 4
[4223.506s][debug][gc,phases      ] GC(266)     Dead                           Min: 0, Avg:  0.0, Max: 0, Diff: 0, Sum: 0, Workers: 4
[4223.506s][debug][gc,phases      ] GC(266)     Total                          Min: 0, Avg:  0.0, Max: 0, Diff: 0, Sum: 0, Workers: 4
[4223.506s][debug][gc,phases      ] GC(266)   StringDedup Requests1 Weak     Min:  0.0, Avg:  0.0, Max:  0.0, Diff:  0.0, Sum:  0.0, Workers: 4
[4223.506s][debug][gc,phases      ] GC(266)     Dead                           Min: 0, Avg:  0.0, Max: 0, Diff: 0, Sum: 0, Workers: 4
[4223.506s][debug][gc,phases      ] GC(266)     Total                          Min: 0, Avg:  0.0, Max: 0, Diff: 0, Sum: 0, Workers: 4
[4223.506s][debug][gc,phases      ] GC(266)   Weak JFR Old Object Samples    Min:  0.0, Avg:  0.0, Max:  0.0, Diff:  0.0, Sum:  0.0, Workers: 4
[4223.506s][debug][gc,phases      ] GC(266)     Dead                           Min: 0, Avg:  0.0, Max: 0, Diff: 0, Sum: 0, Workers: 4
[4223.506s][debug][gc,phases      ] GC(266)     Total                          Min: 0, Avg:  0.0, Max: 0, Diff: 0, Sum: 0, Workers: 4
[4223.506s][debug][gc,phases      ] GC(266) Weak Processing 0.501ms
[4223.506s][debug][gc,age         ] GC(266) Desired survivor size 3145728 bytes, new threshold 15 (max threshold 15)
[4223.506s][info ][gc,heap        ] GC(266) PSYoungGen: 2094128K(2094592K)->1968K(2094080K) Eden: 2092032K(2092032K)->0K(2092032K) From: 2096K(2560K)->1968K(2048K)
[4223.506s][info ][gc,heap        ] GC(266) ParOldGen: 374324K(458752K)->374332K(458752K)
[4223.506s][info ][gc,metaspace   ] GC(266) Metaspace: 84043K(85056K)->84043K(85056K) NonClass: 72100K(72640K)->72100K(72640K) Class: 11942K(12416K)->11942K(12416K)
[4223.506s][info ][gc             ] GC(266) Pause Young (Allocation Failure) 2410M->367M(2493M) 9.955ms
[4223.506s][info ][gc,cpu         ] GC(266) User=0.02s Sys=0.00s Real=0.01s
[4223.506s][info ][safepoint      ] Safepoint "ParallelGCFailedAllocation", Time since last: 3086142712 ns, Reaching safepoint: 33900 ns, At safepoint: 10062759 ns, Total: 10096659 ns
[4227.507s][info ][safepoint      ] Safepoint "Cleanup", Time since last: 4000285583 ns, Reaching safepoint: 46299 ns, At safepoint: 9400 ns, Total: 55699 ns
[4228.507s][info ][safepoint      ] Safepoint "Cleanup", Time since last: 1000107020 ns, Reaching safepoint: 418998 ns, At safepoint: 6200 ns, Total: 425198 ns
[4230.508s][info ][safepoint      ] Safepoint "Cleanup", Time since last: 2000195837 ns, Reaching safepoint: 111299 ns, At safepoint: 12600 ns, Total: 123899 ns
[4231.508s][info ][safepoint      ] Safepoint "Cleanup", Time since last: 1000133018 ns, Reaching safepoint: 44800 ns, At safepoint: 3000 ns, Total: 47800 ns
[4234.508s][info ][safepoint      ] Safepoint "Cleanup", Time since last: 3000240855 ns, Reaching safepoint: 37700 ns, At safepoint: 4500 ns, Total: 42200 ns
[4239.603s][info ][gc,start       ] GC(267) Pause Young (Allocation Failure)
[4239.609s][debug][gc,phases      ] GC(267) Scavenge 5.481ms
[4239.609s][debug][gc,ref         ] GC(267) Skipped phase 1 of Reference Processing: no references
[4239.609s][debug][gc,ref         ] GC(267) ReferenceProcessor::execute queues: 1, RefProcThreadModel::Single, marks_oops_alive: false
[4239.609s][debug][gc,ref         ] GC(267) Skipped phase 3 of Reference Processing: no references
[4239.609s][debug][gc,ref         ] GC(267) ReferenceProcessor::execute queues: 1, RefProcThreadModel::Single, marks_oops_alive: false
[4239.609s][debug][gc,phases      ] GC(267) Reference Processing 0.103ms
[4239.609s][debug][gc,phases      ] GC(267)   VM Weak                        Min:  0.0, Avg:  0.0, Max:  0.0, Diff:  0.0, Sum:  0.0, Workers: 4
[4239.609s][debug][gc,phases      ] GC(267)     Dead                           Min: 0, Avg:  0.0, Max: 0, Diff: 0, Sum: 0, Workers: 4
[4239.609s][debug][gc,phases      ] GC(267)     Total                          Min: 0, Avg: 212.2, Max: 640, Diff: 640, Sum: 849, Workers: 4
[4239.609s][debug][gc,phases      ] GC(267)   ObjectSynchronizer Weak        Min:  0.0, Avg:  0.0, Max:  0.0, Diff:  0.0, Sum:  0.0, Workers: 4
[4239.609s][debug][gc,phases      ] GC(267)     Dead                           Min: 0, Avg:  0.0, Max: 0, Diff: 0, Sum: 0, Workers: 4
[4239.609s][debug][gc,phases      ] GC(267)     Total                          Min: 0, Avg: 14.8, Max: 59, Diff: 59, Sum: 59, Workers: 4
[4239.609s][debug][gc,phases      ] GC(267)   JVMTI Tag Weak OopStorage      Min:  0.0, Avg:  0.0, Max:  0.0, Diff:  0.0, Sum:  0.0, Workers: 4
[4239.609s][debug][gc,phases      ] GC(267)     Dead                           Min: 0, Avg:  0.0, Max: 0, Diff: 0, Sum: 0, Workers: 4
[4239.609s][debug][gc,phases      ] GC(267)     Total                          Min: 0, Avg:  0.0, Max: 0, Diff: 0, Sum: 0, Workers: 4
[4239.609s][debug][gc,phases      ] GC(267)   StringTable Weak               Min:  0.0, Avg:  0.1, Max:  0.1, Diff:  0.1, Sum:  0.3, Workers: 4
[4239.609s][debug][gc,phases      ] GC(267)     Dead                           Min: 0, Avg:  0.0, Max: 0, Diff: 0, Sum: 0, Workers: 4
[4239.609s][debug][gc,phases      ] GC(267)     Total                          Min: 0, Avg: 11253.5, Max: 19136, Diff: 19136, Sum: 45014, Workers: 4
[4239.609s][debug][gc,phases      ] GC(267)   ResolvedMethodTable Weak       Min:  0.0, Avg:  0.0, Max:  0.0, Diff:  0.0, Sum:  0.1, Workers: 4
[4239.609s][debug][gc,phases      ] GC(267)     Dead                           Min: 0, Avg:  0.0, Max: 0, Diff: 0, Sum: 0, Workers: 4
[4239.609s][debug][gc,phases      ] GC(267)     Total                          Min: 0, Avg: 2460.0, Max: 4339, Diff: 4339, Sum: 9840, Workers: 4
[4239.609s][debug][gc,phases      ] GC(267)   JNI Weak                       Min:  0.0, Avg:  0.0, Max:  0.0, Diff:  0.0, Sum:  0.0, Workers: 4
[4239.609s][debug][gc,phases      ] GC(267)     Dead                           Min: 0, Avg:  0.0, Max: 0, Diff: 0, Sum: 0, Workers: 4
[4239.609s][debug][gc,phases      ] GC(267)     Total                          Min: 0, Avg: 11.2, Max: 45, Diff: 45, Sum: 45, Workers: 4
[4239.609s][debug][gc,phases      ] GC(267)   StringDedup Table Weak         Min:  0.0, Avg:  0.0, Max:  0.0, Diff:  0.0, Sum:  0.0, Workers: 4
[4239.609s][debug][gc,phases      ] GC(267)     Dead                           Min: 0, Avg:  0.0, Max: 0, Diff: 0, Sum: 0, Workers: 4
[4239.609s][debug][gc,phases      ] GC(267)     Total                          Min: 0, Avg:  0.0, Max: 0, Diff: 0, Sum: 0, Workers: 4
[4239.609s][debug][gc,phases      ] GC(267)   StringDedup Requests0 Weak     Min:  0.0, Avg:  0.0, Max:  0.0, Diff:  0.0, Sum:  0.0, Workers: 4
[4239.609s][debug][gc,phases      ] GC(267)     Dead                           Min: 0, Avg:  0.0, Max: 0, Diff: 0, Sum: 0, Workers: 4
[4239.609s][debug][gc,phases      ] GC(267)     Total                          Min: 0, Avg:  0.0, Max: 0, Diff: 0, Sum: 0, Workers: 4
[4239.609s][debug][gc,phases      ] GC(267)   StringDedup Requests1 Weak     Min:  0.0, Avg:  0.0, Max:  0.0, Diff:  0.0, Sum:  0.0, Workers: 4
[4239.609s][debug][gc,phases      ] GC(267)     Dead                           Min: 0, Avg:  0.0, Max: 0, Diff: 0, Sum: 0, Workers: 4
[4239.609s][debug][gc,phases      ] GC(267)     Total                          Min: 0, Avg:  0.0, Max: 0, Diff: 0, Sum: 0, Workers: 4
[4239.609s][debug][gc,phases      ] GC(267)   Weak JFR Old Object Samples    Min:  0.0, Avg:  0.0, Max:  0.0, Diff:  0.0, Sum:  0.0, Workers: 4
[4239.609s][debug][gc,phases      ] GC(267)     Dead                           Min: 0, Avg:  0.0, Max: 0, Diff: 0, Sum: 0, Workers: 4
[4239.609s][debug][gc,phases      ] GC(267)     Total                          Min: 0, Avg:  0.0, Max: 0, Diff: 0, Sum: 0, Workers: 4
[4239.609s][debug][gc,phases      ] GC(267) Weak Processing 0.314ms
[4239.609s][debug][gc,age         ] GC(267) Desired survivor size 3145728 bytes, new threshold 15 (max threshold 15)
[4239.609s][info ][gc,heap        ] GC(267) PSYoungGen: 2094000K(2094080K)->2016K(2094080K) Eden: 2092032K(2092032K)->0K(2091008K) From: 1968K(2048K)->2016K(3072K)
[4239.609s][info ][gc,heap        ] GC(267) ParOldGen: 374332K(458752K)->374348K(458752K)
[4239.609s][info ][gc,metaspace   ] GC(267) Metaspace: 84056K(85056K)->84056K(85056K) NonClass: 72113K(72640K)->72113K(72640K) Class: 11942K(12416K)->11942K(12416K)
[4239.609s][info ][gc             ] GC(267) Pause Young (Allocation Failure) 2410M->367M(2493M) 6.004ms
[4239.609s][info ][gc,cpu         ] GC(267) User=0.02s Sys=0.00s Real=0.01s
[4239.609s][info ][safepoint      ] Safepoint "ParallelGCFailedAllocation", Time since last: 5095237109 ns, Reaching safepoint: 34400 ns, At safepoint: 6066175 ns, Total: 6100575 ns
[4246.610s][info ][safepoint      ] Safepoint "Cleanup", Time since last: 7000447446 ns, Reaching safepoint: 43500 ns, At safepoint: 6300 ns, Total: 49800 ns
[4247.610s][info ][safepoint      ] Safepoint "Cleanup", Time since last: 1000100823 ns, Reaching safepoint: 38200 ns, At safepoint: 5600 ns, Total: 43800 ns
[4248.610s][info ][safepoint      ] Safepoint "Cleanup", Time since last: 1000096623 ns, Reaching safepoint: 39700 ns, At safepoint: 2100 ns, Total: 41800 ns
[4249.610s][info ][safepoint      ] Safepoint "Cleanup", Time since last: 1000105823 ns, Reaching safepoint: 30300 ns, At safepoint: 2500 ns, Total: 32800 ns
[4250.610s][info ][safepoint      ] Safepoint "Cleanup", Time since last: 1000105623 ns, Reaching safepoint: 38200 ns, At safepoint: 4800 ns, Total: 43000 ns
[4252.611s][info ][safepoint      ] Safepoint "Cleanup", Time since last: 2000171248 ns, Reaching safepoint: 40700 ns, At safepoint: 2200 ns, Total: 42900 ns
[4254.611s][info ][safepoint      ] Safepoint "Cleanup", Time since last: 2000127055 ns, Reaching safepoint: 48700 ns, At safepoint: 4800 ns, Total: 53500 ns
[4255.611s][info ][safepoint      ] Safepoint "Cleanup", Time since last: 1000104027 ns, Reaching safepoint: 37100 ns, At safepoint: 2900 ns, Total: 40000 ns
[4258.142s][info ][gc,start       ] GC(268) Pause Young (Allocation Failure)
[4258.148s][debug][gc,phases      ] GC(268) Scavenge 5.483ms
[4258.148s][debug][gc,ref         ] GC(268) Skipped phase 1 of Reference Processing: no references
[4258.148s][debug][gc,ref         ] GC(268) ReferenceProcessor::execute queues: 1, RefProcThreadModel::Single, marks_oops_alive: false
[4258.148s][debug][gc,ref         ] GC(268) Skipped phase 3 of Reference Processing: no references
[4258.148s][debug][gc,ref         ] GC(268) ReferenceProcessor::execute queues: 1, RefProcThreadModel::Single, marks_oops_alive: false
[4258.148s][debug][gc,phases      ] GC(268) Reference Processing 0.090ms
[4258.148s][debug][gc,phases      ] GC(268)   VM Weak                        Min:  0.0, Avg:  0.0, Max:  0.0, Diff:  0.0, Sum:  0.0, Workers: 4
[4258.148s][debug][gc,phases      ] GC(268)     Dead                           Min: 0, Avg:  0.0, Max: 0, Diff: 0, Sum: 0, Workers: 4
[4258.148s][debug][gc,phases      ] GC(268)     Total                          Min: 0, Avg: 212.2, Max: 785, Diff: 785, Sum: 849, Workers: 4
[4258.148s][debug][gc,phases      ] GC(268)   ObjectSynchronizer Weak        Min:  0.0, Avg:  0.0, Max:  0.0, Diff:  0.0, Sum:  0.0, Workers: 4
[4258.148s][debug][gc,phases      ] GC(268)     Dead                           Min: 0, Avg:  0.0, Max: 0, Diff: 0, Sum: 0, Workers: 4
[4258.148s][debug][gc,phases      ] GC(268)     Total                          Min: 0, Avg: 14.8, Max: 59, Diff: 59, Sum: 59, Workers: 4
[4258.148s][debug][gc,phases      ] GC(268)   JVMTI Tag Weak OopStorage      Min:  0.0, Avg:  0.0, Max:  0.0, Diff:  0.0, Sum:  0.0, Workers: 4
[4258.148s][debug][gc,phases      ] GC(268)     Dead                           Min: 0, Avg:  0.0, Max: 0, Diff: 0, Sum: 0, Workers: 4
[4258.148s][debug][gc,phases      ] GC(268)     Total                          Min: 0, Avg:  0.0, Max: 0, Diff: 0, Sum: 0, Workers: 4
[4258.148s][debug][gc,phases      ] GC(268)   StringTable Weak               Min:  0.1, Avg:  0.1, Max:  0.1, Diff:  0.0, Sum:  0.4, Workers: 4
[4258.148s][debug][gc,phases      ] GC(268)     Dead                           Min: 0, Avg:  0.0, Max: 0, Diff: 0, Sum: 0, Workers: 4
[4258.148s][debug][gc,phases      ] GC(268)     Total                          Min: 10879, Avg: 11255.8, Max: 11488, Diff: 609, Sum: 45023, Workers: 4
[4258.148s][debug][gc,phases      ] GC(268)   ResolvedMethodTable Weak       Min:  0.0, Avg:  0.0, Max:  0.0, Diff:  0.0, Sum:  0.1, Workers: 4
[4258.148s][debug][gc,phases      ] GC(268)     Dead                           Min: 0, Avg:  0.0, Max: 0, Diff: 0, Sum: 0, Workers: 4
[4258.148s][debug][gc,phases      ] GC(268)     Total                          Min: 2360, Avg: 2460.0, Max: 2554, Diff: 194, Sum: 9840, Workers: 4
[4258.148s][debug][gc,phases      ] GC(268)   JNI Weak                       Min:  0.0, Avg:  0.0, Max:  0.0, Diff:  0.0, Sum:  0.0, Workers: 4
[4258.148s][debug][gc,phases      ] GC(268)     Dead                           Min: 0, Avg:  0.0, Max: 0, Diff: 0, Sum: 0, Workers: 4
[4258.148s][debug][gc,phases      ] GC(268)     Total                          Min: 0, Avg: 11.2, Max: 45, Diff: 45, Sum: 45, Workers: 4
[4258.148s][debug][gc,phases      ] GC(268)   StringDedup Table Weak         Min:  0.0, Avg:  0.0, Max:  0.0, Diff:  0.0, Sum:  0.0, Workers: 4
[4258.148s][debug][gc,phases      ] GC(268)     Dead                           Min: 0, Avg:  0.0, Max: 0, Diff: 0, Sum: 0, Workers: 4
[4258.148s][debug][gc,phases      ] GC(268)     Total                          Min: 0, Avg:  0.0, Max: 0, Diff: 0, Sum: 0, Workers: 4
[4258.148s][debug][gc,phases      ] GC(268)   StringDedup Requests0 Weak     Min:  0.0, Avg:  0.0, Max:  0.0, Diff:  0.0, Sum:  0.0, Workers: 4
[4258.148s][debug][gc,phases      ] GC(268)     Dead                           Min: 0, Avg:  0.0, Max: 0, Diff: 0, Sum: 0, Workers: 4
[4258.148s][debug][gc,phases      ] GC(268)     Total                          Min: 0, Avg:  0.0, Max: 0, Diff: 0, Sum: 0, Workers: 4
[4258.148s][debug][gc,phases      ] GC(268)   StringDedup Requests1 Weak     Min:  0.0, Avg:  0.0, Max:  0.0, Diff:  0.0, Sum:  0.0, Workers: 4
[4258.148s][debug][gc,phases      ] GC(268)     Dead                           Min: 0, Avg:  0.0, Max: 0, Diff: 0, Sum: 0, Workers: 4
[4258.148s][debug][gc,phases      ] GC(268)     Total                          Min: 0, Avg:  0.0, Max: 0, Diff: 0, Sum: 0, Workers: 4
[4258.148s][debug][gc,phases      ] GC(268)   Weak JFR Old Object Samples    Min:  0.0, Avg:  0.0, Max:  0.0, Diff:  0.0, Sum:  0.0, Workers: 4
[4258.148s][debug][gc,phases      ] GC(268)     Dead                           Min: 0, Avg:  0.0, Max: 0, Diff: 0, Sum: 0, Workers: 4
[4258.148s][debug][gc,phases      ] GC(268)     Total                          Min: 0, Avg:  0.0, Max: 0, Diff: 0, Sum: 0, Workers: 4
[4258.148s][debug][gc,phases      ] GC(268) Weak Processing 0.280ms
[4258.148s][debug][gc,age         ] GC(268) Desired survivor size 3145728 bytes, new threshold 15 (max threshold 15)
[4258.148s][info ][gc,heap        ] GC(268) PSYoungGen: 2093024K(2094080K)->1888K(2094080K) Eden: 2091008K(2091008K)->0K(2091008K) From: 2016K(3072K)->1888K(3072K)
[4258.148s][info ][gc,heap        ] GC(268) ParOldGen: 374348K(458752K)->374380K(458752K)
[4258.148s][info ][gc,metaspace   ] GC(268) Metaspace: 84066K(85056K)->84066K(85056K) NonClass: 72123K(72640K)->72123K(72640K) Class: 11943K(12416K)->11943K(12416K)
[4258.148s][info ][gc             ] GC(268) Pause Young (Allocation Failure) 2409M->367M(2493M) 5.941ms
[4258.148s][info ][gc,cpu         ] GC(268) User=0.01s Sys=0.00s Real=0.01s
[4258.148s][info ][safepoint      ] Safepoint "ParallelGCFailedAllocation", Time since last: 2531271591 ns, Reaching safepoint: 35400 ns, At safepoint: 6007775 ns, Total: 6043175 ns
[4259.148s][info ][safepoint      ] Safepoint "Cleanup", Time since last: 1000088328 ns, Reaching safepoint: 114399 ns, At safepoint: 4200 ns, Total: 118599 ns
[4260.149s][info ][safepoint      ] Safepoint "Cleanup", Time since last: 1000114727 ns, Reaching safepoint: 36100 ns, At safepoint: 2200 ns, Total: 38300 ns
[4261.149s][info ][safepoint      ] Safepoint "Cleanup", Time since last: 1000067827 ns, Reaching safepoint: 39800 ns, At safepoint: 8200 ns, Total: 48000 ns
[4263.149s][info ][safepoint      ] Safepoint "Cleanup", Time since last: 2000155253 ns, Reaching safepoint: 40300 ns, At safepoint: 3600 ns, Total: 43900 ns
[4269.149s][info ][safepoint      ] Safepoint "Cleanup", Time since last: 6000358164 ns, Reaching safepoint: 38400 ns, At safepoint: 2400 ns, Total: 40800 ns
[4271.150s][info ][safepoint      ] Safepoint "Cleanup", Time since last: 2000168657 ns, Reaching safepoint: 41100 ns, At safepoint: 2900 ns, Total: 44000 ns
[4273.150s][info ][safepoint      ] Safepoint "Cleanup", Time since last: 2000170657 ns, Reaching safepoint: 41500 ns, At safepoint: 2900 ns, Total: 44400 ns
[4274.150s][info ][safepoint      ] Safepoint "Cleanup", Time since last: 1000108129 ns, Reaching safepoint: 37200 ns, At safepoint: 2300 ns, Total: 39500 ns
[4274.251s][info ][gc,start       ] GC(269) Pause Young (Allocation Failure)
[4274.257s][debug][gc,phases      ] GC(269) Scavenge 5.071ms
[4274.257s][debug][gc,ref         ] GC(269) Skipped phase 1 of Reference Processing: no references
[4274.257s][debug][gc,ref         ] GC(269) ReferenceProcessor::execute queues: 1, RefProcThreadModel::Single, marks_oops_alive: false
[4274.257s][debug][gc,ref         ] GC(269) ReferenceProcessor::execute queues: 4, RefProcThreadModel::Multi, marks_oops_alive: true
[4274.257s][debug][gc,ref         ] GC(269) ReferenceProcessor::execute queues: 1, RefProcThreadModel::Single, marks_oops_alive: false
[4274.257s][debug][gc,phases      ] GC(269) Reference Processing 0.351ms
[4274.257s][debug][gc,phases      ] GC(269)   VM Weak                        Min:  0.0, Avg:  0.0, Max:  0.0, Diff:  0.0, Sum:  0.0, Workers: 4
[4274.257s][debug][gc,phases      ] GC(269)     Dead                           Min: 0, Avg:  0.0, Max: 0, Diff: 0, Sum: 0, Workers: 4
[4274.257s][debug][gc,phases      ] GC(269)     Total                          Min: 0, Avg: 212.2, Max: 448, Diff: 448, Sum: 849, Workers: 4
[4274.257s][debug][gc,phases      ] GC(269)   ObjectSynchronizer Weak        Min:  0.0, Avg:  0.0, Max:  0.0, Diff:  0.0, Sum:  0.0, Workers: 4
[4274.257s][debug][gc,phases      ] GC(269)     Dead                           Min: 0, Avg:  0.0, Max: 0, Diff: 0, Sum: 0, Workers: 4
[4274.257s][debug][gc,phases      ] GC(269)     Total                          Min: 0, Avg: 14.8, Max: 59, Diff: 59, Sum: 59, Workers: 4
[4274.257s][debug][gc,phases      ] GC(269)   JVMTI Tag Weak OopStorage      Min:  0.0, Avg:  0.0, Max:  0.0, Diff:  0.0, Sum:  0.0, Workers: 4
[4274.257s][debug][gc,phases      ] GC(269)     Dead                           Min: 0, Avg:  0.0, Max: 0, Diff: 0, Sum: 0, Workers: 4
[4274.257s][debug][gc,phases      ] GC(269)     Total                          Min: 0, Avg:  0.0, Max: 0, Diff: 0, Sum: 0, Workers: 4
[4274.257s][debug][gc,phases      ] GC(269)   StringTable Weak               Min:  0.1, Avg:  0.1, Max:  0.1, Diff:  0.0, Sum:  0.4, Workers: 4
[4274.257s][debug][gc,phases      ] GC(269)     Dead                           Min: 0, Avg:  0.0, Max: 0, Diff: 0, Sum: 0, Workers: 4
[4274.257s][debug][gc,phases      ] GC(269)     Total                          Min: 10368, Avg: 11255.8, Max: 12223, Diff: 1855, Sum: 45023, Workers: 4
[4274.257s][debug][gc,phases      ] GC(269)   ResolvedMethodTable Weak       Min:  0.0, Avg:  0.0, Max:  0.0, Diff:  0.0, Sum:  0.1, Workers: 4
[4274.257s][debug][gc,phases      ] GC(269)     Dead                           Min: 0, Avg:  0.0, Max: 0, Diff: 0, Sum: 0, Workers: 4
[4274.257s][debug][gc,phases      ] GC(269)     Total                          Min: 2366, Avg: 2460.0, Max: 2682, Diff: 316, Sum: 9840, Workers: 4
[4274.257s][debug][gc,phases      ] GC(269)   JNI Weak                       Min:  0.0, Avg:  0.0, Max:  0.0, Diff:  0.0, Sum:  0.0, Workers: 4
[4274.257s][debug][gc,phases      ] GC(269)     Dead                           Min: 0, Avg:  0.0, Max: 0, Diff: 0, Sum: 0, Workers: 4
[4274.257s][debug][gc,phases      ] GC(269)     Total                          Min: 0, Avg: 11.2, Max: 45, Diff: 45, Sum: 45, Workers: 4
[4274.257s][debug][gc,phases      ] GC(269)   StringDedup Table Weak         Min:  0.0, Avg:  0.0, Max:  0.0, Diff:  0.0, Sum:  0.0, Workers: 4
[4274.257s][debug][gc,phases      ] GC(269)     Dead                           Min: 0, Avg:  0.0, Max: 0, Diff: 0, Sum: 0, Workers: 4
[4274.257s][debug][gc,phases      ] GC(269)     Total                          Min: 0, Avg:  0.0, Max: 0, Diff: 0, Sum: 0, Workers: 4
[4274.257s][debug][gc,phases      ] GC(269)   StringDedup Requests0 Weak     Min:  0.0, Avg:  0.0, Max:  0.0, Diff:  0.0, Sum:  0.0, Workers: 4
[4274.257s][debug][gc,phases      ] GC(269)     Dead                           Min: 0, Avg:  0.0, Max: 0, Diff: 0, Sum: 0, Workers: 4
[4274.257s][debug][gc,phases      ] GC(269)     Total                          Min: 0, Avg:  0.0, Max: 0, Diff: 0, Sum: 0, Workers: 4
[4274.257s][debug][gc,phases      ] GC(269)   StringDedup Requests1 Weak     Min:  0.0, Avg:  0.0, Max:  0.0, Diff:  0.0, Sum:  0.0, Workers: 4
[4274.257s][debug][gc,phases      ] GC(269)     Dead                           Min: 0, Avg:  0.0, Max: 0, Diff: 0, Sum: 0, Workers: 4
[4274.257s][debug][gc,phases      ] GC(269)     Total                          Min: 0, Avg:  0.0, Max: 0, Diff: 0, Sum: 0, Workers: 4
[4274.257s][debug][gc,phases      ] GC(269)   Weak JFR Old Object Samples    Min:  0.0, Avg:  0.0, Max:  0.0, Diff:  0.0, Sum:  0.0, Workers: 4
[4274.257s][debug][gc,phases      ] GC(269)     Dead                           Min: 0, Avg:  0.0, Max: 0, Diff: 0, Sum: 0, Workers: 4
[4274.257s][debug][gc,phases      ] GC(269)     Total                          Min: 0, Avg:  0.0, Max: 0, Diff: 0, Sum: 0, Workers: 4
[4274.257s][debug][gc,phases      ] GC(269) Weak Processing 0.274ms
[4274.257s][debug][gc,age         ] GC(269) Desired survivor size 3145728 bytes, new threshold 15 (max threshold 15)
[4274.257s][info ][gc,heap        ] GC(269) PSYoungGen: 2092896K(2094080K)->2016K(2094080K) Eden: 2091008K(2091008K)->0K(2091008K) From: 1888K(3072K)->2016K(3072K)
[4274.257s][info ][gc,heap        ] GC(269) ParOldGen: 374380K(458752K)->374396K(458752K)
[4274.257s][info ][gc,metaspace   ] GC(269) Metaspace: 84070K(85056K)->84070K(85056K) NonClass: 72127K(72640K)->72127K(72640K) Class: 11943K(12416K)->11943K(12416K)
[4274.257s][info ][gc             ] GC(269) Pause Young (Allocation Failure) 2409M->367M(2493M) 5.793ms
[4274.257s][info ][gc,cpu         ] GC(269) User=0.02s Sys=0.00s Real=0.01s
[4274.257s][info ][safepoint      ] Safepoint "ParallelGCFailedAllocation", Time since last: 101450987 ns, Reaching safepoint: 29600 ns, At safepoint: 5854976 ns, Total: 5884576 ns
[4276.257s][info ][safepoint      ] Safepoint "Cleanup", Time since last: 2000142458 ns, Reaching safepoint: 50300 ns, At safepoint: 3200 ns, Total: 53500 ns
[4277.258s][info ][safepoint      ] Safepoint "Cleanup", Time since last: 1000123332 ns, Reaching safepoint: 47100 ns, At safepoint: 2200 ns, Total: 49300 ns
[4279.258s][info ][safepoint      ] Safepoint "Cleanup", Time since last: 2000166064 ns, Reaching safepoint: 40700 ns, At safepoint: 2500 ns, Total: 43200 ns
[4280.258s][info ][safepoint      ] Safepoint "Cleanup", Time since last: 1000091232 ns, Reaching safepoint: 41900 ns, At safepoint: 2200 ns, Total: 44100 ns
[4281.258s][info ][safepoint      ] Safepoint "Cleanup", Time since last: 1000108232 ns, Reaching safepoint: 28400 ns, At safepoint: 2700 ns, Total: 31100 ns
[4282.258s][info ][safepoint      ] Safepoint "Cleanup", Time since last: 1000106732 ns, Reaching safepoint: 44800 ns, At safepoint: 2100 ns, Total: 46900 ns
[4284.258s][info ][safepoint      ] Safepoint "Cleanup", Time since last: 2000111665 ns, Reaching safepoint: 40899 ns, At safepoint: 20500 ns, Total: 61399 ns
[4286.259s][info ][safepoint      ] Safepoint "Cleanup", Time since last: 2000169070 ns, Reaching safepoint: 37900 ns, At safepoint: 3000 ns, Total: 40900 ns
[4288.259s][info ][safepoint      ] Safepoint "Cleanup", Time since last: 2000131970 ns, Reaching safepoint: 62700 ns, At safepoint: 7700 ns, Total: 70400 ns
[4289.045s][info ][gc,start       ] GC(270) Pause Young (Allocation Failure)
[4289.050s][debug][gc,phases      ] GC(270) Scavenge 5.162ms
[4289.050s][debug][gc,ref         ] GC(270) Skipped phase 1 of Reference Processing: no references
[4289.050s][debug][gc,ref         ] GC(270) ReferenceProcessor::execute queues: 1, RefProcThreadModel::Single, marks_oops_alive: false
[4289.050s][debug][gc,ref         ] GC(270) ReferenceProcessor::execute queues: 4, RefProcThreadModel::Multi, marks_oops_alive: true
[4289.051s][debug][gc,ref         ] GC(270) ReferenceProcessor::execute queues: 1, RefProcThreadModel::Single, marks_oops_alive: false
[4289.051s][debug][gc,phases      ] GC(270) Reference Processing 0.435ms
[4289.051s][debug][gc,phases      ] GC(270)   VM Weak                        Min:  0.0, Avg:  0.0, Max:  0.0, Diff:  0.0, Sum:  0.0, Workers: 4
[4289.051s][debug][gc,phases      ] GC(270)     Dead                           Min: 0, Avg:  0.0, Max: 0, Diff: 0, Sum: 0, Workers: 4
[4289.051s][debug][gc,phases      ] GC(270)     Total                          Min: 0, Avg: 212.2, Max: 721, Diff: 721, Sum: 849, Workers: 4
[4289.051s][debug][gc,phases      ] GC(270)   ObjectSynchronizer Weak        Min:  0.0, Avg:  0.0, Max:  0.0, Diff:  0.0, Sum:  0.0, Workers: 4
[4289.051s][debug][gc,phases      ] GC(270)     Dead                           Min: 0, Avg:  0.0, Max: 0, Diff: 0, Sum: 0, Workers: 4
[4289.051s][debug][gc,phases      ] GC(270)     Total                          Min: 0, Avg: 14.8, Max: 59, Diff: 59, Sum: 59, Workers: 4
[4289.051s][debug][gc,phases      ] GC(270)   JVMTI Tag Weak OopStorage      Min:  0.0, Avg:  0.0, Max:  0.0, Diff:  0.0, Sum:  0.0, Workers: 4
[4289.051s][debug][gc,phases      ] GC(270)     Dead                           Min: 0, Avg:  0.0, Max: 0, Diff: 0, Sum: 0, Workers: 4
[4289.051s][debug][gc,phases      ] GC(270)     Total                          Min: 0, Avg:  0.0, Max: 0, Diff: 0, Sum: 0, Workers: 4
[4289.051s][debug][gc,phases      ] GC(270)   StringTable Weak               Min:  0.1, Avg:  0.1, Max:  0.1, Diff:  0.0, Sum:  0.4, Workers: 4
[4289.051s][debug][gc,phases      ] GC(270)     Dead                           Min: 0, Avg:  0.0, Max: 0, Diff: 0, Sum: 0, Workers: 4
[4289.051s][debug][gc,phases      ] GC(270)     Total                          Min: 10304, Avg: 11255.8, Max: 12000, Diff: 1696, Sum: 45023, Workers: 4
[4289.051s][debug][gc,phases      ] GC(270)   ResolvedMethodTable Weak       Min:  0.0, Avg:  0.0, Max:  0.0, Diff:  0.0, Sum:  0.1, Workers: 4
[4289.051s][debug][gc,phases      ] GC(270)     Dead                           Min: 0, Avg:  0.0, Max: 0, Diff: 0, Sum: 0, Workers: 4
[4289.051s][debug][gc,phases      ] GC(270)     Total                          Min: 1600, Avg: 2460.0, Max: 2816, Diff: 1216, Sum: 9840, Workers: 4
[4289.051s][debug][gc,phases      ] GC(270)   JNI Weak                       Min:  0.0, Avg:  0.0, Max:  0.0, Diff:  0.0, Sum:  0.0, Workers: 4
[4289.051s][debug][gc,phases      ] GC(270)     Dead                           Min: 0, Avg:  0.0, Max: 0, Diff: 0, Sum: 0, Workers: 4
[4289.051s][debug][gc,phases      ] GC(270)     Total                          Min: 0, Avg: 11.2, Max: 45, Diff: 45, Sum: 45, Workers: 4
[4289.051s][debug][gc,phases      ] GC(270)   StringDedup Table Weak         Min:  0.0, Avg:  0.0, Max:  0.0, Diff:  0.0, Sum:  0.0, Workers: 4
[4289.051s][debug][gc,phases      ] GC(270)     Dead                           Min: 0, Avg:  0.0, Max: 0, Diff: 0, Sum: 0, Workers: 4
[4289.051s][debug][gc,phases      ] GC(270)     Total                          Min: 0, Avg:  0.0, Max: 0, Diff: 0, Sum: 0, Workers: 4
[4289.051s][debug][gc,phases      ] GC(270)   StringDedup Requests0 Weak     Min:  0.0, Avg:  0.0, Max:  0.0, Diff:  0.0, Sum:  0.0, Workers: 4
[4289.051s][debug][gc,phases      ] GC(270)     Dead                           Min: 0, Avg:  0.0, Max: 0, Diff: 0, Sum: 0, Workers: 4
[4289.051s][debug][gc,phases      ] GC(270)     Total                          Min: 0, Avg:  0.0, Max: 0, Diff: 0, Sum: 0, Workers: 4
[4289.051s][debug][gc,phases      ] GC(270)   StringDedup Requests1 Weak     Min:  0.0, Avg:  0.0, Max:  0.0, Diff:  0.0, Sum:  0.0, Workers: 4
[4289.051s][debug][gc,phases      ] GC(270)     Dead                           Min: 0, Avg:  0.0, Max: 0, Diff: 0, Sum: 0, Workers: 4
[4289.051s][debug][gc,phases      ] GC(270)     Total                          Min: 0, Avg:  0.0, Max: 0, Diff: 0, Sum: 0, Workers: 4
[4289.051s][debug][gc,phases      ] GC(270)   Weak JFR Old Object Samples    Min:  0.0, Avg:  0.0, Max:  0.0, Diff:  0.0, Sum:  0.0, Workers: 4
[4289.051s][debug][gc,phases      ] GC(270)     Dead                           Min: 0, Avg:  0.0, Max: 0, Diff: 0, Sum: 0, Workers: 4
[4289.051s][debug][gc,phases      ] GC(270)     Total                          Min: 0, Avg:  0.0, Max: 0, Diff: 0, Sum: 0, Workers: 4
[4289.051s][debug][gc,phases      ] GC(270) Weak Processing 0.296ms
[4289.051s][debug][gc,age         ] GC(270) Desired survivor size 3145728 bytes, new threshold 15 (max threshold 15)
[4289.051s][info ][gc,heap        ] GC(270) PSYoungGen: 2093024K(2094080K)->2032K(2094080K) Eden: 2091008K(2091008K)->0K(2091008K) From: 2016K(3072K)->2032K(3072K)
[4289.051s][info ][gc,heap        ] GC(270) ParOldGen: 374396K(458752K)->374420K(458752K)
[4289.051s][info ][gc,metaspace   ] GC(270) Metaspace: 84077K(85120K)->84077K(85120K) NonClass: 72134K(72704K)->72134K(72704K) Class: 11943K(12416K)->11943K(12416K)
[4289.051s][info ][gc             ] GC(270) Pause Young (Allocation Failure) 2409M->367M(2493M) 6.019ms
[4289.051s][info ][gc,cpu         ] GC(270) User=0.01s Sys=0.01s Real=0.01s
[4289.051s][info ][safepoint      ] Safepoint "ParallelGCFailedAllocation", Time since last: 785933205 ns, Reaching safepoint: 37300 ns, At safepoint: 6096576 ns, Total: 6133876 ns
[4298.052s][info ][safepoint      ] Safepoint "Cleanup", Time since last: 9000588494 ns, Reaching safepoint: 43100 ns, At safepoint: 2300 ns, Total: 45400 ns
[4301.052s][info ][safepoint      ] Safepoint "Cleanup", Time since last: 3000228136 ns, Reaching safepoint: 45301 ns, At safepoint: 3100 ns, Total: 48401 ns
[4305.052s][info ][safepoint      ] Safepoint "Cleanup", Time since last: 4000296953 ns, Reaching safepoint: 43200 ns, At safepoint: 6000 ns, Total: 49200 ns
[4305.094s][info ][gc,start       ] GC(271) Pause Young (Allocation Failure)
[4305.099s][debug][gc,phases      ] GC(271) Scavenge 4.919ms
[4305.099s][debug][gc,ref         ] GC(271) Skipped phase 1 of Reference Processing: no references
[4305.099s][debug][gc,ref         ] GC(271) ReferenceProcessor::execute queues: 1, RefProcThreadModel::Single, marks_oops_alive: false
[4305.099s][debug][gc,ref         ] GC(271) Skipped phase 3 of Reference Processing: no references
[4305.099s][debug][gc,ref         ] GC(271) ReferenceProcessor::execute queues: 1, RefProcThreadModel::Single, marks_oops_alive: false
[4305.099s][debug][gc,phases      ] GC(271) Reference Processing 0.103ms
[4305.100s][debug][gc,phases      ] GC(271)   VM Weak                        Min:  0.0, Avg:  0.0, Max:  0.0, Diff:  0.0, Sum:  0.0, Workers: 4
[4305.100s][debug][gc,phases      ] GC(271)     Dead                           Min: 0, Avg:  0.0, Max: 0, Diff: 0, Sum: 0, Workers: 4
[4305.100s][debug][gc,phases      ] GC(271)     Total                          Min: 0, Avg: 212.2, Max: 640, Diff: 640, Sum: 849, Workers: 4
[4305.100s][debug][gc,phases      ] GC(271)   ObjectSynchronizer Weak        Min:  0.0, Avg:  0.0, Max:  0.0, Diff:  0.0, Sum:  0.0, Workers: 4
[4305.100s][debug][gc,phases      ] GC(271)     Dead                           Min: 0, Avg:  0.0, Max: 0, Diff: 0, Sum: 0, Workers: 4
[4305.100s][debug][gc,phases      ] GC(271)     Total                          Min: 0, Avg: 14.8, Max: 59, Diff: 59, Sum: 59, Workers: 4
[4305.100s][debug][gc,phases      ] GC(271)   JVMTI Tag Weak OopStorage      Min:  0.0, Avg:  0.0, Max:  0.0, Diff:  0.0, Sum:  0.0, Workers: 4
[4305.100s][debug][gc,phases      ] GC(271)     Dead                           Min: 0, Avg:  0.0, Max: 0, Diff: 0, Sum: 0, Workers: 4
[4305.100s][debug][gc,phases      ] GC(271)     Total                          Min: 0, Avg:  0.0, Max: 0, Diff: 0, Sum: 0, Workers: 4
[4305.100s][debug][gc,phases      ] GC(271)   StringTable Weak               Min:  0.0, Avg:  0.1, Max:  0.1, Diff:  0.1, Sum:  0.4, Workers: 4
[4305.100s][debug][gc,phases      ] GC(271)     Dead                           Min: 0, Avg:  0.0, Max: 0, Diff: 0, Sum: 0, Workers: 4
[4305.100s][debug][gc,phases      ] GC(271)     Total                          Min: 0, Avg: 11255.8, Max: 16640, Diff: 16640, Sum: 45023, Workers: 4
[4305.100s][debug][gc,phases      ] GC(271)   ResolvedMethodTable Weak       Min:  0.0, Avg:  0.0, Max:  0.0, Diff:  0.0, Sum:  0.1, Workers: 4
[4305.100s][debug][gc,phases      ] GC(271)     Dead                           Min: 0, Avg:  0.0, Max: 0, Diff: 0, Sum: 0, Workers: 4
[4305.100s][debug][gc,phases      ] GC(271)     Total                          Min: 0, Avg: 2460.0, Max: 3704, Diff: 3704, Sum: 9840, Workers: 4
[4305.100s][debug][gc,phases      ] GC(271)   JNI Weak                       Min:  0.0, Avg:  0.0, Max:  0.0, Diff:  0.0, Sum:  0.0, Workers: 4
[4305.100s][debug][gc,phases      ] GC(271)     Dead                           Min: 0, Avg:  0.0, Max: 0, Diff: 0, Sum: 0, Workers: 4
[4305.100s][debug][gc,phases      ] GC(271)     Total                          Min: 0, Avg: 11.2, Max: 45, Diff: 45, Sum: 45, Workers: 4
[4305.100s][debug][gc,phases      ] GC(271)   StringDedup Table Weak         Min:  0.0, Avg:  0.0, Max:  0.0, Diff:  0.0, Sum:  0.0, Workers: 4
[4305.100s][debug][gc,phases      ] GC(271)     Dead                           Min: 0, Avg:  0.0, Max: 0, Diff: 0, Sum: 0, Workers: 4
[4305.100s][debug][gc,phases      ] GC(271)     Total                          Min: 0, Avg:  0.0, Max: 0, Diff: 0, Sum: 0, Workers: 4
[4305.100s][debug][gc,phases      ] GC(271)   StringDedup Requests0 Weak     Min:  0.0, Avg:  0.0, Max:  0.0, Diff:  0.0, Sum:  0.0, Workers: 4
[4305.100s][debug][gc,phases      ] GC(271)     Dead                           Min: 0, Avg:  0.0, Max: 0, Diff: 0, Sum: 0, Workers: 4
[4305.100s][debug][gc,phases      ] GC(271)     Total                          Min: 0, Avg:  0.0, Max: 0, Diff: 0, Sum: 0, Workers: 4
[4305.100s][debug][gc,phases      ] GC(271)   StringDedup Requests1 Weak     Min:  0.0, Avg:  0.0, Max:  0.0, Diff:  0.0, Sum:  0.0, Workers: 4
[4305.100s][debug][gc,phases      ] GC(271)     Dead                           Min: 0, Avg:  0.0, Max: 0, Diff: 0, Sum: 0, Workers: 4
[4305.100s][debug][gc,phases      ] GC(271)     Total                          Min: 0, Avg:  0.0, Max: 0, Diff: 0, Sum: 0, Workers: 4
[4305.100s][debug][gc,phases      ] GC(271)   Weak JFR Old Object Samples    Min:  0.0, Avg:  0.0, Max:  0.0, Diff:  0.0, Sum:  0.0, Workers: 4
[4305.100s][debug][gc,phases      ] GC(271)     Dead                           Min: 0, Avg:  0.0, Max: 0, Diff: 0, Sum: 0, Workers: 4
[4305.100s][debug][gc,phases      ] GC(271)     Total                          Min: 0, Avg:  0.0, Max: 0, Diff: 0, Sum: 0, Workers: 4
[4305.100s][debug][gc,phases      ] GC(271) Weak Processing 0.323ms
[4305.100s][debug][gc,age         ] GC(271) Desired survivor size 2621440 bytes, new threshold 15 (max threshold 15)
[4305.100s][info ][gc,heap        ] GC(271) PSYoungGen: 2093040K(2094080K)->1824K(2094592K) Eden: 2091008K(2091008K)->0K(2091520K) From: 2032K(3072K)->1824K(3072K)
[4305.100s][info ][gc,heap        ] GC(271) ParOldGen: 374420K(458752K)->374604K(458752K)
[4305.100s][info ][gc,metaspace   ] GC(271) Metaspace: 84080K(85120K)->84080K(85120K) NonClass: 72137K(72704K)->72137K(72704K) Class: 11943K(12416K)->11943K(12416K)
[4305.100s][info ][gc             ] GC(271) Pause Young (Allocation Failure) 2409M->367M(2493M) 5.463ms
[4305.100s][info ][gc,cpu         ] GC(271) User=0.01s Sys=0.00s Real=0.00s
[4305.100s][info ][safepoint      ] Safepoint "ParallelGCFailedAllocation", Time since last: 42110129 ns, Reaching safepoint: 32000 ns, At safepoint: 5524578 ns, Total: 5556578 ns
[4307.100s][info ][safepoint      ] Safepoint "Cleanup", Time since last: 2000146678 ns, Reaching safepoint: 37400 ns, At safepoint: 2700 ns, Total: 40100 ns
[4308.100s][info ][safepoint      ] Safepoint "Cleanup", Time since last: 1000096840 ns, Reaching safepoint: 36299 ns, At safepoint: 4600 ns, Total: 40899 ns
[4314.101s][info ][safepoint      ] Safepoint "Cleanup", Time since last: 6000423069 ns, Reaching safepoint: 105899 ns, At safepoint: 7200 ns, Total: 113099 ns
[4315.101s][info ][safepoint      ] Safepoint "Cleanup", Time since last: 1000125599 ns, Reaching safepoint: 117700 ns, At safepoint: 23500 ns, Total: 141200 ns
[4316.101s][info ][safepoint      ] Safepoint "Cleanup", Time since last: 1000099099 ns, Reaching safepoint: 28699 ns, At safepoint: 3000 ns, Total: 31699 ns
[4319.101s][info ][safepoint      ] Safepoint "Cleanup", Time since last: 3000218535 ns, Reaching safepoint: 36100 ns, At safepoint: 4400 ns, Total: 40500 ns
[4320.101s][info ][safepoint      ] Safepoint "Cleanup", Time since last: 1000071647 ns, Reaching safepoint: 40600 ns, At safepoint: 2100 ns, Total: 42700 ns
[4323.794s][info ][gc,start       ] GC(272) Pause Young (Allocation Failure)
[4323.797s][debug][gc,phases      ] GC(272) Scavenge 3.142ms
[4323.797s][debug][gc,ref         ] GC(272) Skipped phase 1 of Reference Processing: no references
[4323.797s][debug][gc,ref         ] GC(272) ReferenceProcessor::execute queues: 1, RefProcThreadModel::Single, marks_oops_alive: false
[4323.797s][debug][gc,ref         ] GC(272) Skipped phase 3 of Reference Processing: no references
[4323.797s][debug][gc,ref         ] GC(272) Skipped phase 4 of Reference Processing: no references
[4323.797s][debug][gc,phases      ] GC(272) Reference Processing 0.106ms
[4323.797s][debug][gc,phases      ] GC(272)   VM Weak                        Min:  0.0, Avg:  0.0, Max:  0.0, Diff:  0.0, Sum:  0.0, Workers: 4
[4323.797s][debug][gc,phases      ] GC(272)     Dead                           Min: 0, Avg:  0.0, Max: 0, Diff: 0, Sum: 0, Workers: 4
[4323.797s][debug][gc,phases      ] GC(272)     Total                          Min: 0, Avg: 212.2, Max: 448, Diff: 448, Sum: 849, Workers: 4
[4323.797s][debug][gc,phases      ] GC(272)   ObjectSynchronizer Weak        Min:  0.0, Avg:  0.0, Max:  0.0, Diff:  0.0, Sum:  0.0, Workers: 4
[4323.797s][debug][gc,phases      ] GC(272)     Dead                           Min: 0, Avg:  0.0, Max: 0, Diff: 0, Sum: 0, Workers: 4
[4323.797s][debug][gc,phases      ] GC(272)     Total                          Min: 0, Avg: 14.8, Max: 59, Diff: 59, Sum: 59, Workers: 4
[4323.797s][debug][gc,phases      ] GC(272)   JVMTI Tag Weak OopStorage      Min:  0.0, Avg:  0.0, Max:  0.0, Diff:  0.0, Sum:  0.0, Workers: 4
[4323.797s][debug][gc,phases      ] GC(272)     Dead                           Min: 0, Avg:  0.0, Max: 0, Diff: 0, Sum: 0, Workers: 4
[4323.797s][debug][gc,phases      ] GC(272)     Total                          Min: 0, Avg:  0.0, Max: 0, Diff: 0, Sum: 0, Workers: 4
[4323.797s][debug][gc,phases      ] GC(272)   StringTable Weak               Min:  0.1, Avg:  0.1, Max:  0.1, Diff:  0.0, Sum:  0.4, Workers: 4
[4323.797s][debug][gc,phases      ] GC(272)     Dead                           Min: 0, Avg:  0.0, Max: 0, Diff: 0, Sum: 0, Workers: 4
[4323.797s][debug][gc,phases      ] GC(272)     Total                          Min: 11072, Avg: 11255.8, Max: 11455, Diff: 383, Sum: 45023, Workers: 4
[4323.797s][debug][gc,phases      ] GC(272)   ResolvedMethodTable Weak       Min:  0.0, Avg:  0.0, Max:  0.0, Diff:  0.0, Sum:  0.1, Workers: 4
[4323.797s][debug][gc,phases      ] GC(272)     Dead                           Min: 0, Avg:  0.0, Max: 0, Diff: 0, Sum: 0, Workers: 4
[4323.797s][debug][gc,phases      ] GC(272)     Total                          Min: 1920, Avg: 2460.0, Max: 2686, Diff: 766, Sum: 9840, Workers: 4
[4323.797s][debug][gc,phases      ] GC(272)   JNI Weak                       Min:  0.0, Avg:  0.0, Max:  0.0, Diff:  0.0, Sum:  0.0, Workers: 4
[4323.797s][debug][gc,phases      ] GC(272)     Dead                           Min: 0, Avg:  0.0, Max: 0, Diff: 0, Sum: 0, Workers: 4
[4323.797s][debug][gc,phases      ] GC(272)     Total                          Min: 0, Avg: 11.2, Max: 45, Diff: 45, Sum: 45, Workers: 4
[4323.797s][debug][gc,phases      ] GC(272)   StringDedup Table Weak         Min:  0.0, Avg:  0.0, Max:  0.0, Diff:  0.0, Sum:  0.0, Workers: 4
[4323.797s][debug][gc,phases      ] GC(272)     Dead                           Min: 0, Avg:  0.0, Max: 0, Diff: 0, Sum: 0, Workers: 4
[4323.797s][debug][gc,phases      ] GC(272)     Total                          Min: 0, Avg:  0.0, Max: 0, Diff: 0, Sum: 0, Workers: 4
[4323.797s][debug][gc,phases      ] GC(272)   StringDedup Requests0 Weak     Min:  0.0, Avg:  0.0, Max:  0.0, Diff:  0.0, Sum:  0.0, Workers: 4
[4323.797s][debug][gc,phases      ] GC(272)     Dead                           Min: 0, Avg:  0.0, Max: 0, Diff: 0, Sum: 0, Workers: 4
[4323.797s][debug][gc,phases      ] GC(272)     Total                          Min: 0, Avg:  0.0, Max: 0, Diff: 0, Sum: 0, Workers: 4
[4323.797s][debug][gc,phases      ] GC(272)   StringDedup Requests1 Weak     Min:  0.0, Avg:  0.0, Max:  0.0, Diff:  0.0, Sum:  0.0, Workers: 4
[4323.797s][debug][gc,phases      ] GC(272)     Dead                           Min: 0, Avg:  0.0, Max: 0, Diff: 0, Sum: 0, Workers: 4
[4323.797s][debug][gc,phases      ] GC(272)     Total                          Min: 0, Avg:  0.0, Max: 0, Diff: 0, Sum: 0, Workers: 4
[4323.797s][debug][gc,phases      ] GC(272)   Weak JFR Old Object Samples    Min:  0.0, Avg:  0.0, Max:  0.0, Diff:  0.0, Sum:  0.0, Workers: 4
[4323.797s][debug][gc,phases      ] GC(272)     Dead                           Min: 0, Avg:  0.0, Max: 0, Diff: 0, Sum: 0, Workers: 4
[4323.797s][debug][gc,phases      ] GC(272)     Total                          Min: 0, Avg:  0.0, Max: 0, Diff: 0, Sum: 0, Workers: 4
[4323.797s][debug][gc,phases      ] GC(272) Weak Processing 0.282ms
[4323.797s][debug][gc,age         ] GC(272) Desired survivor size 2621440 bytes, new threshold 15 (max threshold 15)
[4323.797s][info ][gc,heap        ] GC(272) PSYoungGen: 2093344K(2094592K)->1680K(2094080K) Eden: 2091520K(2091520K)->0K(2091520K) From: 1824K(3072K)->1680K(2560K)
[4323.797s][info ][gc,heap        ] GC(272) ParOldGen: 374604K(458752K)->374636K(458752K)
[4323.797s][info ][gc,metaspace   ] GC(272) Metaspace: 84081K(85120K)->84081K(85120K) NonClass: 72138K(72704K)->72138K(72704K) Class: 11943K(12416K)->11943K(12416K)
[4323.797s][info ][gc             ] GC(272) Pause Young (Allocation Failure) 2410M->367M(2493M) 3.618ms
[4323.797s][info ][gc,cpu         ] GC(272) User=0.01s Sys=0.00s Real=0.01s
[4323.797s][info ][safepoint      ] Safepoint "ParallelGCFailedAllocation", Time since last: 3692018514 ns, Reaching safepoint: 22100 ns, At safepoint: 3676187 ns, Total: 3698287 ns
[4325.797s][info ][safepoint      ] Safepoint "Cleanup", Time since last: 2000114278 ns, Reaching safepoint: 117299 ns, At safepoint: 6100 ns, Total: 123399 ns
[4326.798s][info ][safepoint      ] Safepoint "Cleanup", Time since last: 1000108437 ns, Reaching safepoint: 111800 ns, At safepoint: 5500 ns, Total: 117300 ns
[4328.798s][info ][safepoint      ] Safepoint "Cleanup", Time since last: 2000141874 ns, Reaching safepoint: 40800 ns, At safepoint: 2700 ns, Total: 43500 ns
[4330.798s][info ][safepoint      ] Safepoint "Cleanup", Time since last: 2000151674 ns, Reaching safepoint: 57700 ns, At safepoint: 3000 ns, Total: 60700 ns
[4331.798s][info ][safepoint      ] Safepoint "Cleanup", Time since last: 1000110337 ns, Reaching safepoint: 37000 ns, At safepoint: 2800 ns, Total: 39800 ns
[4332.896s][info ][safepoint      ] Safepoint "Cleanup", Time since last: 1097339447 ns, Reaching safepoint: 118000 ns, At safepoint: 10300 ns, Total: 128300 ns
[4334.896s][info ][safepoint      ] Safepoint "Cleanup", Time since last: 2000172221 ns, Reaching safepoint: 102900 ns, At safepoint: 6100 ns, Total: 109000 ns
[4339.896s][info ][safepoint      ] Safepoint "Cleanup", Time since last: 5000328144 ns, Reaching safepoint: 109800 ns, At safepoint: 5900 ns, Total: 115700 ns
[4340.146s][info ][gc,start       ] GC(273) Pause Young (Allocation Failure)
[4340.149s][debug][gc,phases      ] GC(273) Scavenge 3.012ms
[4340.149s][debug][gc,ref         ] GC(273) Skipped phase 1 of Reference Processing: no references
[4340.149s][debug][gc,ref         ] GC(273) ReferenceProcessor::execute queues: 1, RefProcThreadModel::Single, marks_oops_alive: false
[4340.149s][debug][gc,ref         ] GC(273) ReferenceProcessor::execute queues: 4, RefProcThreadModel::Multi, marks_oops_alive: true
[4340.149s][debug][gc,ref         ] GC(273) ReferenceProcessor::execute queues: 1, RefProcThreadModel::Single, marks_oops_alive: false
[4340.149s][debug][gc,phases      ] GC(273) Reference Processing 0.162ms
[4340.149s][debug][gc,phases      ] GC(273)   VM Weak                        Min:  0.0, Avg:  0.0, Max:  0.0, Diff:  0.0, Sum:  0.0, Workers: 4
[4340.149s][debug][gc,phases      ] GC(273)     Dead                           Min: 0, Avg:  0.0, Max: 0, Diff: 0, Sum: 0, Workers: 4
[4340.149s][debug][gc,phases      ] GC(273)     Total                          Min: 0, Avg: 212.2, Max: 785, Diff: 785, Sum: 849, Workers: 4
[4340.149s][debug][gc,phases      ] GC(273)   ObjectSynchronizer Weak        Min:  0.0, Avg:  0.0, Max:  0.0, Diff:  0.0, Sum:  0.0, Workers: 4
[4340.149s][debug][gc,phases      ] GC(273)     Dead                           Min: 0, Avg:  0.0, Max: 0, Diff: 0, Sum: 0, Workers: 4
[4340.149s][debug][gc,phases      ] GC(273)     Total                          Min: 0, Avg: 14.8, Max: 59, Diff: 59, Sum: 59, Workers: 4
[4340.149s][debug][gc,phases      ] GC(273)   JVMTI Tag Weak OopStorage      Min:  0.0, Avg:  0.0, Max:  0.0, Diff:  0.0, Sum:  0.0, Workers: 4
[4340.149s][debug][gc,phases      ] GC(273)     Dead                           Min: 0, Avg:  0.0, Max: 0, Diff: 0, Sum: 0, Workers: 4
[4340.149s][debug][gc,phases      ] GC(273)     Total                          Min: 0, Avg:  0.0, Max: 0, Diff: 0, Sum: 0, Workers: 4
[4340.149s][debug][gc,phases      ] GC(273)   StringTable Weak               Min:  0.1, Avg:  0.1, Max:  0.1, Diff:  0.0, Sum:  0.4, Workers: 4
[4340.149s][debug][gc,phases      ] GC(273)     Dead                           Min: 0, Avg:  0.0, Max: 0, Diff: 0, Sum: 0, Workers: 4
[4340.149s][debug][gc,phases      ] GC(273)     Total                          Min: 10944, Avg: 11256.2, Max: 11583, Diff: 639, Sum: 45025, Workers: 4
[4340.149s][debug][gc,phases      ] GC(273)   ResolvedMethodTable Weak       Min:  0.0, Avg:  0.0, Max:  0.0, Diff:  0.0, Sum:  0.1, Workers: 4
[4340.149s][debug][gc,phases      ] GC(273)     Dead                           Min: 0, Avg:  0.0, Max: 0, Diff: 0, Sum: 0, Workers: 4
[4340.149s][debug][gc,phases      ] GC(273)     Total                          Min: 2366, Avg: 2460.0, Max: 2623, Diff: 257, Sum: 9840, Workers: 4
[4340.149s][debug][gc,phases      ] GC(273)   JNI Weak                       Min:  0.0, Avg:  0.0, Max:  0.0, Diff:  0.0, Sum:  0.0, Workers: 4
[4340.149s][debug][gc,phases      ] GC(273)     Dead                           Min: 0, Avg:  0.0, Max: 0, Diff: 0, Sum: 0, Workers: 4
[4340.149s][debug][gc,phases      ] GC(273)     Total                          Min: 0, Avg: 11.2, Max: 45, Diff: 45, Sum: 45, Workers: 4
[4340.149s][debug][gc,phases      ] GC(273)   StringDedup Table Weak         Min:  0.0, Avg:  0.0, Max:  0.0, Diff:  0.0, Sum:  0.0, Workers: 4
[4340.149s][debug][gc,phases      ] GC(273)     Dead                           Min: 0, Avg:  0.0, Max: 0, Diff: 0, Sum: 0, Workers: 4
[4340.149s][debug][gc,phases      ] GC(273)     Total                          Min: 0, Avg:  0.0, Max: 0, Diff: 0, Sum: 0, Workers: 4
[4340.149s][debug][gc,phases      ] GC(273)   StringDedup Requests0 Weak     Min:  0.0, Avg:  0.0, Max:  0.0, Diff:  0.0, Sum:  0.0, Workers: 4
[4340.149s][debug][gc,phases      ] GC(273)     Dead                           Min: 0, Avg:  0.0, Max: 0, Diff: 0, Sum: 0, Workers: 4
[4340.149s][debug][gc,phases      ] GC(273)     Total                          Min: 0, Avg:  0.0, Max: 0, Diff: 0, Sum: 0, Workers: 4
[4340.149s][debug][gc,phases      ] GC(273)   StringDedup Requests1 Weak     Min:  0.0, Avg:  0.0, Max:  0.0, Diff:  0.0, Sum:  0.0, Workers: 4
[4340.149s][debug][gc,phases      ] GC(273)     Dead                           Min: 0, Avg:  0.0, Max: 0, Diff: 0, Sum: 0, Workers: 4
[4340.149s][debug][gc,phases      ] GC(273)     Total                          Min: 0, Avg:  0.0, Max: 0, Diff: 0, Sum: 0, Workers: 4
[4340.149s][debug][gc,phases      ] GC(273)   Weak JFR Old Object Samples    Min:  0.0, Avg:  0.0, Max:  0.0, Diff:  0.0, Sum:  0.0, Workers: 4
[4340.149s][debug][gc,phases      ] GC(273)     Dead                           Min: 0, Avg:  0.0, Max: 0, Diff: 0, Sum: 0, Workers: 4
[4340.149s][debug][gc,phases      ] GC(273)     Total                          Min: 0, Avg:  0.0, Max: 0, Diff: 0, Sum: 0, Workers: 4
[4340.149s][debug][gc,phases      ] GC(273) Weak Processing 0.315ms
[4340.149s][debug][gc,age         ] GC(273) Desired survivor size 2621440 bytes, new threshold 15 (max threshold 15)
[4340.149s][info ][gc,heap        ] GC(273) PSYoungGen: 2093200K(2094080K)->1824K(2094592K) Eden: 2091520K(2091520K)->0K(2092032K) From: 1680K(2560K)->1824K(2560K)
[4340.149s][info ][gc,heap        ] GC(273) ParOldGen: 374636K(458752K)->374684K(458752K)
[4340.149s][info ][gc,metaspace   ] GC(273) Metaspace: 84083K(85120K)->84083K(85120K) NonClass: 72139K(72704K)->72139K(72704K) Class: 11943K(12416K)->11943K(12416K)
[4340.149s][info ][gc             ] GC(273) Pause Young (Allocation Failure) 2409M->367M(2493M) 3.596ms
[4340.149s][info ][gc,cpu         ] GC(273) User=0.02s Sys=0.00s Real=0.01s
[4340.149s][info ][safepoint      ] Safepoint "ParallelGCFailedAllocation", Time since last: 249048078 ns, Reaching safepoint: 41900 ns, At safepoint: 3670086 ns, Total: 3711986 ns
[4346.150s][info ][safepoint      ] Safepoint "Cleanup", Time since last: 6000323058 ns, Reaching safepoint: 46800 ns, At safepoint: 7100 ns, Total: 53900 ns
[4349.150s][info ][safepoint      ] Safepoint "Cleanup", Time since last: 3000227985 ns, Reaching safepoint: 30000 ns, At safepoint: 4000 ns, Total: 34000 ns
[4356.150s][info ][safepoint      ] Safepoint "Cleanup", Time since last: 7000423499 ns, Reaching safepoint: 46500 ns, At safepoint: 2400 ns, Total: 48900 ns
[4356.493s][info ][gc,start       ] GC(274) Pause Young (Allocation Failure)
[4356.498s][debug][gc,phases      ] GC(274) Scavenge 5.022ms
[4356.498s][debug][gc,ref         ] GC(274) Skipped phase 1 of Reference Processing: no references
[4356.499s][debug][gc,ref         ] GC(274) ReferenceProcessor::execute queues: 1, RefProcThreadModel::Single, marks_oops_alive: false
[4356.499s][debug][gc,ref         ] GC(274) ReferenceProcessor::execute queues: 4, RefProcThreadModel::Multi, marks_oops_alive: true
[4356.499s][debug][gc,ref         ] GC(274) ReferenceProcessor::execute queues: 1, RefProcThreadModel::Single, marks_oops_alive: false
[4356.499s][debug][gc,phases      ] GC(274) Reference Processing 0.379ms
[4356.499s][debug][gc,phases      ] GC(274)   VM Weak                        Min:  0.0, Avg:  0.0, Max:  0.0, Diff:  0.0, Sum:  0.0, Workers: 4
[4356.499s][debug][gc,phases      ] GC(274)     Dead                           Min: 0, Avg:  0.0, Max: 0, Diff: 0, Sum: 0, Workers: 4
[4356.499s][debug][gc,phases      ] GC(274)     Total                          Min: 0, Avg: 212.2, Max: 657, Diff: 657, Sum: 849, Workers: 4
[4356.499s][debug][gc,phases      ] GC(274)   ObjectSynchronizer Weak        Min:  0.0, Avg:  0.0, Max:  0.0, Diff:  0.0, Sum:  0.0, Workers: 4
[4356.499s][debug][gc,phases      ] GC(274)     Dead                           Min: 0, Avg:  0.0, Max: 0, Diff: 0, Sum: 0, Workers: 4
[4356.499s][debug][gc,phases      ] GC(274)     Total                          Min: 0, Avg: 14.8, Max: 59, Diff: 59, Sum: 59, Workers: 4
[4356.499s][debug][gc,phases      ] GC(274)   JVMTI Tag Weak OopStorage      Min:  0.0, Avg:  0.0, Max:  0.0, Diff:  0.0, Sum:  0.0, Workers: 4
[4356.499s][debug][gc,phases      ] GC(274)     Dead                           Min: 0, Avg:  0.0, Max: 0, Diff: 0, Sum: 0, Workers: 4
[4356.499s][debug][gc,phases      ] GC(274)     Total                          Min: 0, Avg:  0.0, Max: 0, Diff: 0, Sum: 0, Workers: 4
[4356.499s][debug][gc,phases      ] GC(274)   StringTable Weak               Min:  0.0, Avg:  0.1, Max:  0.1, Diff:  0.1, Sum:  0.3, Workers: 4
[4356.499s][debug][gc,phases      ] GC(274)     Dead                           Min: 0, Avg:  0.0, Max: 0, Diff: 0, Sum: 0, Workers: 4
[4356.499s][debug][gc,phases      ] GC(274)     Total                          Min: 0, Avg: 11256.2, Max: 19873, Diff: 19873, Sum: 45025, Workers: 4
[4356.499s][debug][gc,phases      ] GC(274)   ResolvedMethodTable Weak       Min:  0.0, Avg:  0.0, Max:  0.0, Diff:  0.0, Sum:  0.1, Workers: 4
[4356.499s][debug][gc,phases      ] GC(274)     Dead                           Min: 0, Avg:  0.0, Max: 0, Diff: 0, Sum: 0, Workers: 4
[4356.499s][debug][gc,phases      ] GC(274)     Total                          Min: 0, Avg: 2460.0, Max: 4283, Diff: 4283, Sum: 9840, Workers: 4
[4356.499s][debug][gc,phases      ] GC(274)   JNI Weak                       Min:  0.0, Avg:  0.0, Max:  0.0, Diff:  0.0, Sum:  0.0, Workers: 4
[4356.499s][debug][gc,phases      ] GC(274)     Dead                           Min: 0, Avg:  0.0, Max: 0, Diff: 0, Sum: 0, Workers: 4
[4356.499s][debug][gc,phases      ] GC(274)     Total                          Min: 0, Avg: 11.2, Max: 45, Diff: 45, Sum: 45, Workers: 4
[4356.499s][debug][gc,phases      ] GC(274)   StringDedup Table Weak         Min:  0.0, Avg:  0.0, Max:  0.0, Diff:  0.0, Sum:  0.0, Workers: 4
[4356.499s][debug][gc,phases      ] GC(274)     Dead                           Min: 0, Avg:  0.0, Max: 0, Diff: 0, Sum: 0, Workers: 4
[4356.499s][debug][gc,phases      ] GC(274)     Total                          Min: 0, Avg:  0.0, Max: 0, Diff: 0, Sum: 0, Workers: 4
[4356.499s][debug][gc,phases      ] GC(274)   StringDedup Requests0 Weak     Min:  0.0, Avg:  0.0, Max:  0.0, Diff:  0.0, Sum:  0.0, Workers: 4
[4356.499s][debug][gc,phases      ] GC(274)     Dead                           Min: 0, Avg:  0.0, Max: 0, Diff: 0, Sum: 0, Workers: 4
[4356.499s][debug][gc,phases      ] GC(274)     Total                          Min: 0, Avg:  0.0, Max: 0, Diff: 0, Sum: 0, Workers: 4
[4356.499s][debug][gc,phases      ] GC(274)   StringDedup Requests1 Weak     Min:  0.0, Avg:  0.0, Max:  0.0, Diff:  0.0, Sum:  0.0, Workers: 4
[4356.499s][debug][gc,phases      ] GC(274)     Dead                           Min: 0, Avg:  0.0, Max: 0, Diff: 0, Sum: 0, Workers: 4
[4356.499s][debug][gc,phases      ] GC(274)     Total                          Min: 0, Avg:  0.0, Max: 0, Diff: 0, Sum: 0, Workers: 4
[4356.499s][debug][gc,phases      ] GC(274)   Weak JFR Old Object Samples    Min:  0.0, Avg:  0.0, Max:  0.0, Diff:  0.0, Sum:  0.0, Workers: 4
[4356.499s][debug][gc,phases      ] GC(274)     Dead                           Min: 0, Avg:  0.0, Max: 0, Diff: 0, Sum: 0, Workers: 4
[4356.499s][debug][gc,phases      ] GC(274)     Total                          Min: 0, Avg:  0.0, Max: 0, Diff: 0, Sum: 0, Workers: 4
[4356.499s][debug][gc,phases      ] GC(274) Weak Processing 0.308ms
[4356.499s][debug][gc,age         ] GC(274) Desired survivor size 2621440 bytes, new threshold 15 (max threshold 15)
[4356.499s][info ][gc,heap        ] GC(274) PSYoungGen: 2093856K(2094592K)->1472K(2094592K) Eden: 2092032K(2092032K)->0K(2092032K) From: 1824K(2560K)->1472K(2560K)
[4356.499s][info ][gc,heap        ] GC(274) ParOldGen: 374684K(458752K)->375140K(458752K)
[4356.499s][info ][gc,metaspace   ] GC(274) Metaspace: 84083K(85120K)->84083K(85120K) NonClass: 72140K(72704K)->72140K(72704K) Class: 11943K(12416K)->11943K(12416K)
[4356.499s][info ][gc             ] GC(274) Pause Young (Allocation Failure) 2410M->367M(2493M) 5.818ms
[4356.499s][info ][gc,cpu         ] GC(274) User=0.00s Sys=0.00s Real=0.01s
[4356.499s][info ][safepoint      ] Safepoint "ParallelGCFailedAllocation", Time since last: 343044461 ns, Reaching safepoint: 35899 ns, At safepoint: 5884474 ns, Total: 5920373 ns
[4360.500s][info ][safepoint      ] Safepoint "Cleanup", Time since last: 4000259443 ns, Reaching safepoint: 36300 ns, At safepoint: 2800 ns, Total: 39100 ns
[4361.500s][info ][safepoint      ] Safepoint "Cleanup", Time since last: 1000105736 ns, Reaching safepoint: 38200 ns, At safepoint: 2400 ns, Total: 40600 ns
[4369.500s][info ][safepoint      ] Safepoint "Cleanup", Time since last: 8000504860 ns, Reaching safepoint: 37600 ns, At safepoint: 3300 ns, Total: 40900 ns
[4373.501s][info ][safepoint      ] Safepoint "Cleanup", Time since last: 4000239508 ns, Reaching safepoint: 32200 ns, At safepoint: 2300 ns, Total: 34500 ns
[4374.601s][info ][gc,start       ] GC(275) Pause Young (Allocation Failure)
[4374.605s][debug][gc,phases      ] GC(275) Scavenge 3.841ms
[4374.605s][debug][gc,ref         ] GC(275) Skipped phase 1 of Reference Processing: no references
[4374.605s][debug][gc,ref         ] GC(275) ReferenceProcessor::execute queues: 1, RefProcThreadModel::Single, marks_oops_alive: false
[4374.605s][debug][gc,ref         ] GC(275) Skipped phase 3 of Reference Processing: no references
[4374.605s][debug][gc,ref         ] GC(275) ReferenceProcessor::execute queues: 1, RefProcThreadModel::Single, marks_oops_alive: false
[4374.605s][debug][gc,phases      ] GC(275) Reference Processing 0.087ms
[4374.605s][debug][gc,phases      ] GC(275)   VM Weak                        Min:  0.0, Avg:  0.0, Max:  0.0, Diff:  0.0, Sum:  0.0, Workers: 4
[4374.605s][debug][gc,phases      ] GC(275)     Dead                           Min: 0, Avg:  0.0, Max: 0, Diff: 0, Sum: 0, Workers: 4
[4374.605s][debug][gc,phases      ] GC(275)     Total                          Min: 0, Avg: 212.2, Max: 337, Diff: 337, Sum: 849, Workers: 4
[4374.605s][debug][gc,phases      ] GC(275)   ObjectSynchronizer Weak        Min:  0.0, Avg:  0.0, Max:  0.0, Diff:  0.0, Sum:  0.0, Workers: 4
[4374.605s][debug][gc,phases      ] GC(275)     Dead                           Min: 0, Avg:  0.0, Max: 0, Diff: 0, Sum: 0, Workers: 4
[4374.605s][debug][gc,phases      ] GC(275)     Total                          Min: 0, Avg: 14.8, Max: 59, Diff: 59, Sum: 59, Workers: 4
[4374.605s][debug][gc,phases      ] GC(275)   JVMTI Tag Weak OopStorage      Min:  0.0, Avg:  0.0, Max:  0.0, Diff:  0.0, Sum:  0.0, Workers: 4
[4374.605s][debug][gc,phases      ] GC(275)     Dead                           Min: 0, Avg:  0.0, Max: 0, Diff: 0, Sum: 0, Workers: 4
[4374.605s][debug][gc,phases      ] GC(275)     Total                          Min: 0, Avg:  0.0, Max: 0, Diff: 0, Sum: 0, Workers: 4
[4374.605s][debug][gc,phases      ] GC(275)   StringTable Weak               Min:  0.0, Avg:  0.1, Max:  0.1, Diff:  0.1, Sum:  0.3, Workers: 4
[4374.605s][debug][gc,phases      ] GC(275)     Dead                           Min: 0, Avg:  0.0, Max: 0, Diff: 0, Sum: 0, Workers: 4
[4374.605s][debug][gc,phases      ] GC(275)     Total                          Min: 0, Avg: 11256.2, Max: 18687, Diff: 18687, Sum: 45025, Workers: 4
[4374.605s][debug][gc,phases      ] GC(275)   ResolvedMethodTable Weak       Min:  0.0, Avg:  0.0, Max:  0.0, Diff:  0.0, Sum:  0.1, Workers: 4
[4374.605s][debug][gc,phases      ] GC(275)     Dead                           Min: 0, Avg:  0.0, Max: 0, Diff: 0, Sum: 0, Workers: 4
[4374.605s][debug][gc,phases      ] GC(275)     Total                          Min: 0, Avg: 2460.0, Max: 4159, Diff: 4159, Sum: 9840, Workers: 4
[4374.605s][debug][gc,phases      ] GC(275)   JNI Weak                       Min:  0.0, Avg:  0.0, Max:  0.0, Diff:  0.0, Sum:  0.0, Workers: 4
[4374.605s][debug][gc,phases      ] GC(275)     Dead                           Min: 0, Avg:  0.0, Max: 0, Diff: 0, Sum: 0, Workers: 4
[4374.605s][debug][gc,phases      ] GC(275)     Total                          Min: 0, Avg: 11.2, Max: 45, Diff: 45, Sum: 45, Workers: 4
[4374.605s][debug][gc,phases      ] GC(275)   StringDedup Table Weak         Min:  0.0, Avg:  0.0, Max:  0.0, Diff:  0.0, Sum:  0.0, Workers: 4
[4374.605s][debug][gc,phases      ] GC(275)     Dead                           Min: 0, Avg:  0.0, Max: 0, Diff: 0, Sum: 0, Workers: 4
[4374.605s][debug][gc,phases      ] GC(275)     Total                          Min: 0, Avg:  0.0, Max: 0, Diff: 0, Sum: 0, Workers: 4
[4374.605s][debug][gc,phases      ] GC(275)   StringDedup Requests0 Weak     Min:  0.0, Avg:  0.0, Max:  0.0, Diff:  0.0, Sum:  0.0, Workers: 4
[4374.605s][debug][gc,phases      ] GC(275)     Dead                           Min: 0, Avg:  0.0, Max: 0, Diff: 0, Sum: 0, Workers: 4
[4374.605s][debug][gc,phases      ] GC(275)     Total                          Min: 0, Avg:  0.0, Max: 0, Diff: 0, Sum: 0, Workers: 4
[4374.605s][debug][gc,phases      ] GC(275)   StringDedup Requests1 Weak     Min:  0.0, Avg:  0.0, Max:  0.0, Diff:  0.0, Sum:  0.0, Workers: 4
[4374.605s][debug][gc,phases      ] GC(275)     Dead                           Min: 0, Avg:  0.0, Max: 0, Diff: 0, Sum: 0, Workers: 4
[4374.605s][debug][gc,phases      ] GC(275)     Total                          Min: 0, Avg:  0.0, Max: 0, Diff: 0, Sum: 0, Workers: 4
[4374.605s][debug][gc,phases      ] GC(275)   Weak JFR Old Object Samples    Min:  0.0, Avg:  0.0, Max:  0.0, Diff:  0.0, Sum:  0.0, Workers: 4
[4374.605s][debug][gc,phases      ] GC(275)     Dead                           Min: 0, Avg:  0.0, Max: 0, Diff: 0, Sum: 0, Workers: 4
[4374.605s][debug][gc,phases      ] GC(275)     Total                          Min: 0, Avg:  0.0, Max: 0, Diff: 0, Sum: 0, Workers: 4
[4374.605s][debug][gc,phases      ] GC(275) Weak Processing 0.310ms
[4374.605s][debug][gc,age         ] GC(275) Desired survivor size 2621440 bytes, new threshold 15 (max threshold 15)
[4374.605s][info ][gc,heap        ] GC(275) PSYoungGen: 2093504K(2094592K)->1936K(2094592K) Eden: 2092032K(2092032K)->0K(2092032K) From: 1472K(2560K)->1936K(2560K)
[4374.605s][info ][gc,heap        ] GC(275) ParOldGen: 375140K(458752K)->375180K(458752K)
[4374.605s][info ][gc,metaspace   ] GC(275) Metaspace: 84097K(85120K)->84097K(85120K) NonClass: 72154K(72704K)->72154K(72704K) Class: 11943K(12416K)->11943K(12416K)
[4374.605s][info ][gc             ] GC(275) Pause Young (Allocation Failure) 2410M->368M(2493M) 4.349ms
[4374.605s][info ][gc,cpu         ] GC(275) User=0.02s Sys=0.00s Real=0.00s
[4374.605s][info ][safepoint      ] Safepoint "ParallelGCFailedAllocation", Time since last: 1100175801 ns, Reaching safepoint: 31700 ns, At safepoint: 4414984 ns, Total: 4446684 ns
[4376.605s][info ][safepoint      ] Safepoint "Cleanup", Time since last: 2000107594 ns, Reaching safepoint: 30100 ns, At safepoint: 2600 ns, Total: 32700 ns
[4390.447s][info ][gc,start       ] GC(276) Pause Young (Allocation Failure)
[4390.452s][debug][gc,phases      ] GC(276) Scavenge 4.445ms
[4390.452s][debug][gc,ref         ] GC(276) Skipped phase 1 of Reference Processing: no references
[4390.452s][debug][gc,ref         ] GC(276) ReferenceProcessor::execute queues: 1, RefProcThreadModel::Single, marks_oops_alive: false
[4390.452s][debug][gc,ref         ] GC(276) Skipped phase 3 of Reference Processing: no references
[4390.452s][debug][gc,ref         ] GC(276) ReferenceProcessor::execute queues: 1, RefProcThreadModel::Single, marks_oops_alive: false
[4390.452s][debug][gc,phases      ] GC(276) Reference Processing 0.096ms
[4390.452s][debug][gc,phases      ] GC(276)   VM Weak                        Min:  0.0, Avg:  0.0, Max:  0.0, Diff:  0.0, Sum:  0.0, Workers: 4
[4390.452s][debug][gc,phases      ] GC(276)     Dead                           Min: 0, Avg:  0.0, Max: 0, Diff: 0, Sum: 0, Workers: 4
[4390.452s][debug][gc,phases      ] GC(276)     Total                          Min: 0, Avg: 212.2, Max: 849, Diff: 849, Sum: 849, Workers: 4
[4390.452s][debug][gc,phases      ] GC(276)   ObjectSynchronizer Weak        Min:  0.0, Avg:  0.0, Max:  0.0, Diff:  0.0, Sum:  0.0, Workers: 4
[4390.452s][debug][gc,phases      ] GC(276)     Dead                           Min: 0, Avg:  0.0, Max: 0, Diff: 0, Sum: 0, Workers: 4
[4390.452s][debug][gc,phases      ] GC(276)     Total                          Min: 0, Avg: 14.8, Max: 59, Diff: 59, Sum: 59, Workers: 4
[4390.452s][debug][gc,phases      ] GC(276)   JVMTI Tag Weak OopStorage      Min:  0.0, Avg:  0.0, Max:  0.0, Diff:  0.0, Sum:  0.0, Workers: 4
[4390.452s][debug][gc,phases      ] GC(276)     Dead                           Min: 0, Avg:  0.0, Max: 0, Diff: 0, Sum: 0, Workers: 4
[4390.452s][debug][gc,phases      ] GC(276)     Total                          Min: 0, Avg:  0.0, Max: 0, Diff: 0, Sum: 0, Workers: 4
[4390.452s][debug][gc,phases      ] GC(276)   StringTable Weak               Min:  0.0, Avg:  0.1, Max:  0.1, Diff:  0.1, Sum:  0.2, Workers: 4
[4390.452s][debug][gc,phases      ] GC(276)     Dead                           Min: 0, Avg:  0.0, Max: 0, Diff: 0, Sum: 0, Workers: 4
[4390.452s][debug][gc,phases      ] GC(276)     Total                          Min: 0, Avg: 11256.2, Max: 22784, Diff: 22784, Sum: 45025, Workers: 4
[4390.452s][debug][gc,phases      ] GC(276)   ResolvedMethodTable Weak       Min:  0.0, Avg:  0.0, Max:  0.0, Diff:  0.0, Sum:  0.1, Workers: 4
[4390.452s][debug][gc,phases      ] GC(276)     Dead                           Min: 0, Avg:  0.0, Max: 0, Diff: 0, Sum: 0, Workers: 4
[4390.452s][debug][gc,phases      ] GC(276)     Total                          Min: 0, Avg: 2460.0, Max: 5493, Diff: 5493, Sum: 9840, Workers: 4
[4390.452s][debug][gc,phases      ] GC(276)   JNI Weak                       Min:  0.0, Avg:  0.0, Max:  0.0, Diff:  0.0, Sum:  0.0, Workers: 4
[4390.452s][debug][gc,phases      ] GC(276)     Dead                           Min: 0, Avg:  0.0, Max: 0, Diff: 0, Sum: 0, Workers: 4
[4390.452s][debug][gc,phases      ] GC(276)     Total                          Min: 0, Avg: 11.2, Max: 45, Diff: 45, Sum: 45, Workers: 4
[4390.452s][debug][gc,phases      ] GC(276)   StringDedup Table Weak         Min:  0.0, Avg:  0.0, Max:  0.0, Diff:  0.0, Sum:  0.0, Workers: 4
[4390.452s][debug][gc,phases      ] GC(276)     Dead                           Min: 0, Avg:  0.0, Max: 0, Diff: 0, Sum: 0, Workers: 4
[4390.452s][debug][gc,phases      ] GC(276)     Total                          Min: 0, Avg:  0.0, Max: 0, Diff: 0, Sum: 0, Workers: 4
[4390.452s][debug][gc,phases      ] GC(276)   StringDedup Requests0 Weak     Min:  0.0, Avg:  0.0, Max:  0.0, Diff:  0.0, Sum:  0.0, Workers: 4
[4390.452s][debug][gc,phases      ] GC(276)     Dead                           Min: 0, Avg:  0.0, Max: 0, Diff: 0, Sum: 0, Workers: 4
[4390.452s][debug][gc,phases      ] GC(276)     Total                          Min: 0, Avg:  0.0, Max: 0, Diff: 0, Sum: 0, Workers: 4
[4390.452s][debug][gc,phases      ] GC(276)   StringDedup Requests1 Weak     Min:  0.0, Avg:  0.0, Max:  0.0, Diff:  0.0, Sum:  0.0, Workers: 4
[4390.452s][debug][gc,phases      ] GC(276)     Dead                           Min: 0, Avg:  0.0, Max: 0, Diff: 0, Sum: 0, Workers: 4
[4390.452s][debug][gc,phases      ] GC(276)     Total                          Min: 0, Avg:  0.0, Max: 0, Diff: 0, Sum: 0, Workers: 4
[4390.452s][debug][gc,phases      ] GC(276)   Weak JFR Old Object Samples    Min:  0.0, Avg:  0.0, Max:  0.0, Diff:  0.0, Sum:  0.0, Workers: 4
[4390.452s][debug][gc,phases      ] GC(276)     Dead                           Min: 0, Avg:  0.0, Max: 0, Diff: 0, Sum: 0, Workers: 4
[4390.452s][debug][gc,phases      ] GC(276)     Total                          Min: 0, Avg:  0.0, Max: 0, Diff: 0, Sum: 0, Workers: 4
[4390.452s][debug][gc,phases      ] GC(276) Weak Processing 0.314ms
[4390.452s][debug][gc,age         ] GC(276) Desired survivor size 2621440 bytes, new threshold 15 (max threshold 15)
[4390.452s][info ][gc,heap        ] GC(276) PSYoungGen: 2093968K(2094592K)->1280K(2094592K) Eden: 2092032K(2092032K)->0K(2092032K) From: 1936K(2560K)->1280K(2560K)
[4390.452s][info ][gc,heap        ] GC(276) ParOldGen: 375180K(458752K)->375308K(458752K)
[4390.452s][info ][gc,metaspace   ] GC(276) Metaspace: 84102K(85120K)->84102K(85120K) NonClass: 72159K(72704K)->72159K(72704K) Class: 11943K(12416K)->11943K(12416K)
[4390.452s][info ][gc             ] GC(276) Pause Young (Allocation Failure) 2411M->367M(2493M) 4.965ms
[4390.452s][info ][gc,cpu         ] GC(276) User=0.01s Sys=0.00s Real=0.00s
[4390.452s][info ][safepoint      ] Safepoint "ParallelGCFailedAllocation", Time since last: 13841704408 ns, Reaching safepoint: 36600 ns, At safepoint: 5024084 ns, Total: 5060684 ns
[4394.452s][info ][safepoint      ] Safepoint "Cleanup", Time since last: 4000241648 ns, Reaching safepoint: 37700 ns, At safepoint: 2500 ns, Total: 40200 ns
[4395.452s][info ][safepoint      ] Safepoint "Cleanup", Time since last: 1000115362 ns, Reaching safepoint: 38500 ns, At safepoint: 2700 ns, Total: 41200 ns
[4396.453s][info ][safepoint      ] Safepoint "Cleanup", Time since last: 1000096046 ns, Reaching safepoint: 35100 ns, At safepoint: 2200 ns, Total: 37300 ns
[4406.743s][info ][gc,start       ] GC(277) Pause Young (Allocation Failure)
[4406.748s][debug][gc,phases      ] GC(277) Scavenge 4.314ms
[4406.748s][debug][gc,ref         ] GC(277) Skipped phase 1 of Reference Processing: no references
[4406.748s][debug][gc,ref         ] GC(277) ReferenceProcessor::execute queues: 1, RefProcThreadModel::Single, marks_oops_alive: false
[4406.748s][debug][gc,ref         ] GC(277) Skipped phase 3 of Reference Processing: no references
[4406.748s][debug][gc,ref         ] GC(277) ReferenceProcessor::execute queues: 1, RefProcThreadModel::Single, marks_oops_alive: false
[4406.748s][debug][gc,phases      ] GC(277) Reference Processing 0.088ms
[4406.748s][debug][gc,phases      ] GC(277)   VM Weak                        Min:  0.0, Avg:  0.0, Max:  0.0, Diff:  0.0, Sum:  0.0, Workers: 4
[4406.748s][debug][gc,phases      ] GC(277)     Dead                           Min: 0, Avg:  0.0, Max: 0, Diff: 0, Sum: 0, Workers: 4
[4406.748s][debug][gc,phases      ] GC(277)     Total                          Min: 0, Avg: 212.2, Max: 465, Diff: 465, Sum: 849, Workers: 4
[4406.748s][debug][gc,phases      ] GC(277)   ObjectSynchronizer Weak        Min:  0.0, Avg:  0.0, Max:  0.0, Diff:  0.0, Sum:  0.0, Workers: 4
[4406.748s][debug][gc,phases      ] GC(277)     Dead                           Min: 0, Avg:  0.0, Max: 0, Diff: 0, Sum: 0, Workers: 4
[4406.748s][debug][gc,phases      ] GC(277)     Total                          Min: 0, Avg: 14.8, Max: 59, Diff: 59, Sum: 59, Workers: 4
[4406.748s][debug][gc,phases      ] GC(277)   JVMTI Tag Weak OopStorage      Min:  0.0, Avg:  0.0, Max:  0.0, Diff:  0.0, Sum:  0.0, Workers: 4
[4406.748s][debug][gc,phases      ] GC(277)     Dead                           Min: 0, Avg:  0.0, Max: 0, Diff: 0, Sum: 0, Workers: 4
[4406.748s][debug][gc,phases      ] GC(277)     Total                          Min: 0, Avg:  0.0, Max: 0, Diff: 0, Sum: 0, Workers: 4
[4406.748s][debug][gc,phases      ] GC(277)   StringTable Weak               Min:  0.0, Avg:  0.1, Max:  0.1, Diff:  0.1, Sum:  0.3, Workers: 4
[4406.748s][debug][gc,phases      ] GC(277)     Dead                           Min: 0, Avg:  0.0, Max: 0, Diff: 0, Sum: 0, Workers: 4
[4406.748s][debug][gc,phases      ] GC(277)     Total                          Min: 0, Avg: 11256.2, Max: 18559, Diff: 18559, Sum: 45025, Workers: 4
[4406.748s][debug][gc,phases      ] GC(277)   ResolvedMethodTable Weak       Min:  0.0, Avg:  0.0, Max:  0.0, Diff:  0.0, Sum:  0.1, Workers: 4
[4406.748s][debug][gc,phases      ] GC(277)     Dead                           Min: 0, Avg:  0.0, Max: 0, Diff: 0, Sum: 0, Workers: 4
[4406.748s][debug][gc,phases      ] GC(277)     Total                          Min: 0, Avg: 2460.0, Max: 4339, Diff: 4339, Sum: 9840, Workers: 4
[4406.748s][debug][gc,phases      ] GC(277)   JNI Weak                       Min:  0.0, Avg:  0.0, Max:  0.0, Diff:  0.0, Sum:  0.0, Workers: 4
[4406.748s][debug][gc,phases      ] GC(277)     Dead                           Min: 0, Avg:  0.0, Max: 0, Diff: 0, Sum: 0, Workers: 4
[4406.748s][debug][gc,phases      ] GC(277)     Total                          Min: 0, Avg: 11.2, Max: 45, Diff: 45, Sum: 45, Workers: 4
[4406.748s][debug][gc,phases      ] GC(277)   StringDedup Table Weak         Min:  0.0, Avg:  0.0, Max:  0.0, Diff:  0.0, Sum:  0.0, Workers: 4
[4406.748s][debug][gc,phases      ] GC(277)     Dead                           Min: 0, Avg:  0.0, Max: 0, Diff: 0, Sum: 0, Workers: 4
[4406.748s][debug][gc,phases      ] GC(277)     Total                          Min: 0, Avg:  0.0, Max: 0, Diff: 0, Sum: 0, Workers: 4
[4406.748s][debug][gc,phases      ] GC(277)   StringDedup Requests0 Weak     Min:  0.0, Avg:  0.0, Max:  0.0, Diff:  0.0, Sum:  0.0, Workers: 4
[4406.748s][debug][gc,phases      ] GC(277)     Dead                           Min: 0, Avg:  0.0, Max: 0, Diff: 0, Sum: 0, Workers: 4
[4406.748s][debug][gc,phases      ] GC(277)     Total                          Min: 0, Avg:  0.0, Max: 0, Diff: 0, Sum: 0, Workers: 4
[4406.748s][debug][gc,phases      ] GC(277)   StringDedup Requests1 Weak     Min:  0.0, Avg:  0.0, Max:  0.0, Diff:  0.0, Sum:  0.0, Workers: 4
[4406.748s][debug][gc,phases      ] GC(277)     Dead                           Min: 0, Avg:  0.0, Max: 0, Diff: 0, Sum: 0, Workers: 4
[4406.748s][debug][gc,phases      ] GC(277)     Total                          Min: 0, Avg:  0.0, Max: 0, Diff: 0, Sum: 0, Workers: 4
[4406.748s][debug][gc,phases      ] GC(277)   Weak JFR Old Object Samples    Min:  0.0, Avg:  0.0, Max:  0.0, Diff:  0.0, Sum:  0.0, Workers: 4
[4406.748s][debug][gc,phases      ] GC(277)     Dead                           Min: 0, Avg:  0.0, Max: 0, Diff: 0, Sum: 0, Workers: 4
[4406.748s][debug][gc,phases      ] GC(277)     Total                          Min: 0, Avg:  0.0, Max: 0, Diff: 0, Sum: 0, Workers: 4
[4406.748s][debug][gc,phases      ] GC(277) Weak Processing 0.309ms
[4406.748s][debug][gc,age         ] GC(277) Desired survivor size 2621440 bytes, new threshold 15 (max threshold 15)
[4406.748s][info ][gc,heap        ] GC(277) PSYoungGen: 2093312K(2094592K)->1312K(2094592K) Eden: 2092032K(2092032K)->0K(2092032K) From: 1280K(2560K)->1312K(2560K)
[4406.748s][info ][gc,heap        ] GC(277) ParOldGen: 375308K(458752K)->375340K(458752K)
[4406.748s][info ][gc,metaspace   ] GC(277) Metaspace: 84102K(85120K)->84102K(85120K) NonClass: 72159K(72704K)->72159K(72704K) Class: 11943K(12416K)->11943K(12416K)
[4406.748s][info ][gc             ] GC(277) Pause Young (Allocation Failure) 2410M->367M(2493M) 4.812ms
[4406.748s][info ][gc,cpu         ] GC(277) User=0.01s Sys=0.00s Real=0.01s
[4406.748s][info ][safepoint      ] Safepoint "ParallelGCFailedAllocation", Time since last: 10290694805 ns, Reaching safepoint: 37300 ns, At safepoint: 4871174 ns, Total: 4908474 ns
[4409.749s][info ][safepoint      ] Safepoint "Cleanup", Time since last: 3000207247 ns, Reaching safepoint: 114599 ns, At safepoint: 9800 ns, Total: 124399 ns
[4414.749s][info ][safepoint      ] Safepoint "Cleanup", Time since last: 5000374579 ns, Reaching safepoint: 45900 ns, At safepoint: 5300 ns, Total: 51200 ns
[4415.749s][info ][safepoint      ] Safepoint "Cleanup", Time since last: 1000102712 ns, Reaching safepoint: 41200 ns, At safepoint: 6000 ns, Total: 47200 ns
[4422.750s][info ][safepoint      ] Safepoint "Cleanup", Time since last: 7000484775 ns, Reaching safepoint: 112400 ns, At safepoint: 22099 ns, Total: 134499 ns
[4422.897s][info ][gc,start       ] GC(278) Pause Young (Allocation Failure)
[4422.901s][debug][gc,phases      ] GC(278) Scavenge 3.488ms
[4422.901s][debug][gc,ref         ] GC(278) Skipped phase 1 of Reference Processing: no references
[4422.901s][debug][gc,ref         ] GC(278) ReferenceProcessor::execute queues: 1, RefProcThreadModel::Single, marks_oops_alive: false
[4422.901s][debug][gc,ref         ] GC(278) Skipped phase 3 of Reference Processing: no references
[4422.901s][debug][gc,ref         ] GC(278) ReferenceProcessor::execute queues: 1, RefProcThreadModel::Single, marks_oops_alive: false
[4422.901s][debug][gc,phases      ] GC(278) Reference Processing 0.119ms
[4422.901s][debug][gc,phases      ] GC(278)   VM Weak                        Min:  0.0, Avg:  0.0, Max:  0.0, Diff:  0.0, Sum:  0.0, Workers: 4
[4422.901s][debug][gc,phases      ] GC(278)     Dead                           Min: 0, Avg:  0.0, Max: 0, Diff: 0, Sum: 0, Workers: 4
[4422.901s][debug][gc,phases      ] GC(278)     Total                          Min: 0, Avg: 212.2, Max: 721, Diff: 721, Sum: 849, Workers: 4
[4422.901s][debug][gc,phases      ] GC(278)   ObjectSynchronizer Weak        Min:  0.0, Avg:  0.0, Max:  0.0, Diff:  0.0, Sum:  0.0, Workers: 4
[4422.901s][debug][gc,phases      ] GC(278)     Dead                           Min: 0, Avg:  0.0, Max: 0, Diff: 0, Sum: 0, Workers: 4
[4422.901s][debug][gc,phases      ] GC(278)     Total                          Min: 0, Avg: 14.8, Max: 59, Diff: 59, Sum: 59, Workers: 4
[4422.901s][debug][gc,phases      ] GC(278)   JVMTI Tag Weak OopStorage      Min:  0.0, Avg:  0.0, Max:  0.0, Diff:  0.0, Sum:  0.0, Workers: 4
[4422.901s][debug][gc,phases      ] GC(278)     Dead                           Min: 0, Avg:  0.0, Max: 0, Diff: 0, Sum: 0, Workers: 4
[4422.901s][debug][gc,phases      ] GC(278)     Total                          Min: 0, Avg:  0.0, Max: 0, Diff: 0, Sum: 0, Workers: 4
[4422.901s][debug][gc,phases      ] GC(278)   StringTable Weak               Min:  0.0, Avg:  0.1, Max:  0.1, Diff:  0.1, Sum:  0.4, Workers: 4
[4422.901s][debug][gc,phases      ] GC(278)     Dead                           Min: 0, Avg:  0.0, Max: 0, Diff: 0, Sum: 0, Workers: 4
[4422.901s][debug][gc,phases      ] GC(278)     Total                          Min: 0, Avg: 11256.2, Max: 16512, Diff: 16512, Sum: 45025, Workers: 4
[4422.901s][debug][gc,phases      ] GC(278)   ResolvedMethodTable Weak       Min:  0.0, Avg:  0.0, Max:  0.0, Diff:  0.0, Sum:  0.1, Workers: 4
[4422.901s][debug][gc,phases      ] GC(278)     Dead                           Min: 0, Avg:  0.0, Max: 0, Diff: 0, Sum: 0, Workers: 4
[4422.901s][debug][gc,phases      ] GC(278)     Total                          Min: 0, Avg: 2460.0, Max: 3583, Diff: 3583, Sum: 9840, Workers: 4
[4422.901s][debug][gc,phases      ] GC(278)   JNI Weak                       Min:  0.0, Avg:  0.0, Max:  0.0, Diff:  0.0, Sum:  0.0, Workers: 4
[4422.901s][debug][gc,phases      ] GC(278)     Dead                           Min: 0, Avg:  0.0, Max: 0, Diff: 0, Sum: 0, Workers: 4
[4422.901s][debug][gc,phases      ] GC(278)     Total                          Min: 0, Avg: 11.2, Max: 45, Diff: 45, Sum: 45, Workers: 4
[4422.901s][debug][gc,phases      ] GC(278)   StringDedup Table Weak         Min:  0.0, Avg:  0.0, Max:  0.0, Diff:  0.0, Sum:  0.0, Workers: 4
[4422.901s][debug][gc,phases      ] GC(278)     Dead                           Min: 0, Avg:  0.0, Max: 0, Diff: 0, Sum: 0, Workers: 4
[4422.901s][debug][gc,phases      ] GC(278)     Total                          Min: 0, Avg:  0.0, Max: 0, Diff: 0, Sum: 0, Workers: 4
[4422.901s][debug][gc,phases      ] GC(278)   StringDedup Requests0 Weak     Min:  0.0, Avg:  0.0, Max:  0.0, Diff:  0.0, Sum:  0.0, Workers: 4
[4422.901s][debug][gc,phases      ] GC(278)     Dead                           Min: 0, Avg:  0.0, Max: 0, Diff: 0, Sum: 0, Workers: 4
[4422.901s][debug][gc,phases      ] GC(278)     Total                          Min: 0, Avg:  0.0, Max: 0, Diff: 0, Sum: 0, Workers: 4
[4422.901s][debug][gc,phases      ] GC(278)   StringDedup Requests1 Weak     Min:  0.0, Avg:  0.0, Max:  0.0, Diff:  0.0, Sum:  0.0, Workers: 4
[4422.901s][debug][gc,phases      ] GC(278)     Dead                           Min: 0, Avg:  0.0, Max: 0, Diff: 0, Sum: 0, Workers: 4
[4422.901s][debug][gc,phases      ] GC(278)     Total                          Min: 0, Avg:  0.0, Max: 0, Diff: 0, Sum: 0, Workers: 4
[4422.901s][debug][gc,phases      ] GC(278)   Weak JFR Old Object Samples    Min:  0.0, Avg:  0.0, Max:  0.0, Diff:  0.0, Sum:  0.0, Workers: 4
[4422.901s][debug][gc,phases      ] GC(278)     Dead                           Min: 0, Avg:  0.0, Max: 0, Diff: 0, Sum: 0, Workers: 4
[4422.901s][debug][gc,phases      ] GC(278)     Total                          Min: 0, Avg:  0.0, Max: 0, Diff: 0, Sum: 0, Workers: 4
[4422.901s][debug][gc,phases      ] GC(278) Weak Processing 0.340ms
[4422.901s][debug][gc,age         ] GC(278) Desired survivor size 2621440 bytes, new threshold 15 (max threshold 15)
[4422.901s][info ][gc,heap        ] GC(278) PSYoungGen: 2093344K(2094592K)->1360K(2094592K) Eden: 2092032K(2092032K)->0K(2092032K) From: 1312K(2560K)->1360K(2560K)
[4422.901s][info ][gc,heap        ] GC(278) ParOldGen: 375340K(458752K)->375376K(458752K)
[4422.901s][info ][gc,metaspace   ] GC(278) Metaspace: 84103K(85120K)->84103K(85120K) NonClass: 72160K(72704K)->72160K(72704K) Class: 11943K(12416K)->11943K(12416K)
[4422.901s][info ][gc             ] GC(278) Pause Young (Allocation Failure) 2410M->367M(2493M) 4.052ms
[4422.901s][info ][gc,cpu         ] GC(278) User=0.01s Sys=0.00s Real=0.00s
[4422.901s][info ][safepoint      ] Safepoint "ParallelGCFailedAllocation", Time since last: 147530124 ns, Reaching safepoint: 36099 ns, At safepoint: 4112284 ns, Total: 4148383 ns
[4426.902s][info ][safepoint      ] Safepoint "Cleanup", Time since last: 4000275558 ns, Reaching safepoint: 38300 ns, At safepoint: 3100 ns, Total: 41400 ns
[4427.902s][info ][safepoint      ] Safepoint "Cleanup", Time since last: 1000103590 ns, Reaching safepoint: 37400 ns, At safepoint: 2300 ns, Total: 39700 ns
[4428.902s][info ][safepoint      ] Safepoint "Cleanup", Time since last: 1000110719 ns, Reaching safepoint: 45200 ns, At safepoint: 2300 ns, Total: 47500 ns
[4430.902s][info ][safepoint      ] Safepoint "Cleanup", Time since last: 2000171669 ns, Reaching safepoint: 56700 ns, At safepoint: 5700 ns, Total: 62400 ns
[4435.903s][info ][safepoint      ] Safepoint "Cleanup", Time since last: 5000320774 ns, Reaching safepoint: 35600 ns, At safepoint: 2300 ns, Total: 37900 ns
[4437.995s][info ][gc,start       ] GC(279) Pause Young (Allocation Failure)
[4438.000s][debug][gc,phases      ] GC(279) Scavenge 4.452ms
[4438.000s][debug][gc,ref         ] GC(279) Skipped phase 1 of Reference Processing: no references
[4438.000s][debug][gc,ref         ] GC(279) ReferenceProcessor::execute queues: 1, RefProcThreadModel::Single, marks_oops_alive: false
[4438.000s][debug][gc,ref         ] GC(279) Skipped phase 3 of Reference Processing: no references
[4438.000s][debug][gc,ref         ] GC(279) ReferenceProcessor::execute queues: 1, RefProcThreadModel::Single, marks_oops_alive: false
[4438.000s][debug][gc,phases      ] GC(279) Reference Processing 0.105ms
[4438.000s][debug][gc,phases      ] GC(279)   VM Weak                        Min:  0.0, Avg:  0.0, Max:  0.0, Diff:  0.0, Sum:  0.0, Workers: 4
[4438.000s][debug][gc,phases      ] GC(279)     Dead                           Min: 0, Avg:  0.0, Max: 0, Diff: 0, Sum: 0, Workers: 4
[4438.000s][debug][gc,phases      ] GC(279)     Total                          Min: 0, Avg: 212.2, Max: 657, Diff: 657, Sum: 849, Workers: 4
[4438.000s][debug][gc,phases      ] GC(279)   ObjectSynchronizer Weak        Min:  0.0, Avg:  0.0, Max:  0.0, Diff:  0.0, Sum:  0.0, Workers: 4
[4438.000s][debug][gc,phases      ] GC(279)     Dead                           Min: 0, Avg:  0.0, Max: 0, Diff: 0, Sum: 0, Workers: 4
[4438.000s][debug][gc,phases      ] GC(279)     Total                          Min: 0, Avg: 14.8, Max: 59, Diff: 59, Sum: 59, Workers: 4
[4438.000s][debug][gc,phases      ] GC(279)   JVMTI Tag Weak OopStorage      Min:  0.0, Avg:  0.0, Max:  0.0, Diff:  0.0, Sum:  0.0, Workers: 4
[4438.000s][debug][gc,phases      ] GC(279)     Dead                           Min: 0, Avg:  0.0, Max: 0, Diff: 0, Sum: 0, Workers: 4
[4438.000s][debug][gc,phases      ] GC(279)     Total                          Min: 0, Avg:  0.0, Max: 0, Diff: 0, Sum: 0, Workers: 4
[4438.000s][debug][gc,phases      ] GC(279)   StringTable Weak               Min:  0.0, Avg:  0.1, Max:  0.1, Diff:  0.1, Sum:  0.3, Workers: 4
[4438.000s][debug][gc,phases      ] GC(279)     Dead                           Min: 0, Avg:  0.0, Max: 0, Diff: 0, Sum: 0, Workers: 4
[4438.000s][debug][gc,phases      ] GC(279)     Total                          Min: 0, Avg: 11256.2, Max: 18688, Diff: 18688, Sum: 45025, Workers: 4
[4438.000s][debug][gc,phases      ] GC(279)   ResolvedMethodTable Weak       Min:  0.0, Avg:  0.0, Max:  0.0, Diff:  0.0, Sum:  0.1, Workers: 4
[4438.000s][debug][gc,phases      ] GC(279)     Dead                           Min: 0, Avg:  0.0, Max: 0, Diff: 0, Sum: 0, Workers: 4
[4438.000s][debug][gc,phases      ] GC(279)     Total                          Min: 0, Avg: 2460.0, Max: 4283, Diff: 4283, Sum: 9840, Workers: 4
[4438.000s][debug][gc,phases      ] GC(279)   JNI Weak                       Min:  0.0, Avg:  0.0, Max:  0.0, Diff:  0.0, Sum:  0.0, Workers: 4
[4438.000s][debug][gc,phases      ] GC(279)     Dead                           Min: 0, Avg:  0.0, Max: 0, Diff: 0, Sum: 0, Workers: 4
[4438.000s][debug][gc,phases      ] GC(279)     Total                          Min: 0, Avg: 11.2, Max: 45, Diff: 45, Sum: 45, Workers: 4
[4438.000s][debug][gc,phases      ] GC(279)   StringDedup Table Weak         Min:  0.0, Avg:  0.0, Max:  0.0, Diff:  0.0, Sum:  0.0, Workers: 4
[4438.000s][debug][gc,phases      ] GC(279)     Dead                           Min: 0, Avg:  0.0, Max: 0, Diff: 0, Sum: 0, Workers: 4
[4438.000s][debug][gc,phases      ] GC(279)     Total                          Min: 0, Avg:  0.0, Max: 0, Diff: 0, Sum: 0, Workers: 4
[4438.000s][debug][gc,phases      ] GC(279)   StringDedup Requests0 Weak     Min:  0.0, Avg:  0.0, Max:  0.0, Diff:  0.0, Sum:  0.0, Workers: 4
[4438.000s][debug][gc,phases      ] GC(279)     Dead                           Min: 0, Avg:  0.0, Max: 0, Diff: 0, Sum: 0, Workers: 4
[4438.000s][debug][gc,phases      ] GC(279)     Total                          Min: 0, Avg:  0.0, Max: 0, Diff: 0, Sum: 0, Workers: 4
[4438.000s][debug][gc,phases      ] GC(279)   StringDedup Requests1 Weak     Min:  0.0, Avg:  0.0, Max:  0.0, Diff:  0.0, Sum:  0.0, Workers: 4
[4438.000s][debug][gc,phases      ] GC(279)     Dead                           Min: 0, Avg:  0.0, Max: 0, Diff: 0, Sum: 0, Workers: 4
[4438.000s][debug][gc,phases      ] GC(279)     Total                          Min: 0, Avg:  0.0, Max: 0, Diff: 0, Sum: 0, Workers: 4
[4438.000s][debug][gc,phases      ] GC(279)   Weak JFR Old Object Samples    Min:  0.0, Avg:  0.0, Max:  0.0, Diff:  0.0, Sum:  0.0, Workers: 4
[4438.000s][debug][gc,phases      ] GC(279)     Dead                           Min: 0, Avg:  0.0, Max: 0, Diff: 0, Sum: 0, Workers: 4
[4438.000s][debug][gc,phases      ] GC(279)     Total                          Min: 0, Avg:  0.0, Max: 0, Diff: 0, Sum: 0, Workers: 4
[4438.000s][debug][gc,phases      ] GC(279) Weak Processing 0.314ms
[4438.000s][debug][gc,age         ] GC(279) Desired survivor size 2621440 bytes, new threshold 15 (max threshold 15)
[4438.000s][info ][gc,heap        ] GC(279) PSYoungGen: 2093392K(2094592K)->1360K(2094592K) Eden: 2092032K(2092032K)->0K(2092032K) From: 1360K(2560K)->1360K(2560K)
[4438.000s][info ][gc,heap        ] GC(279) ParOldGen: 375376K(458752K)->375400K(458752K)
[4438.000s][info ][gc,metaspace   ] GC(279) Metaspace: 84104K(85120K)->84104K(85120K) NonClass: 72160K(72704K)->72160K(72704K) Class: 11943K(12416K)->11943K(12416K)
[4438.000s][info ][gc             ] GC(279) Pause Young (Allocation Failure) 2410M->367M(2493M) 4.980ms
[4438.000s][info ][gc,cpu         ] GC(279) User=0.01s Sys=0.00s Real=0.00s
[4438.000s][info ][safepoint      ] Safepoint "ParallelGCFailedAllocation", Time since last: 2092637386 ns, Reaching safepoint: 21900 ns, At safepoint: 5049981 ns, Total: 5071881 ns
[4454.001s][info ][safepoint      ] Safepoint "Cleanup", Time since last: 16001006114 ns, Reaching safepoint: 38600 ns, At safepoint: 5800 ns, Total: 44400 ns
[4455.442s][info ][gc,start       ] GC(280) Pause Young (Allocation Failure)
[4455.445s][debug][gc,phases      ] GC(280) Scavenge 2.532ms
[4455.445s][debug][gc,ref         ] GC(280) Skipped phase 1 of Reference Processing: no references
[4455.445s][debug][gc,ref         ] GC(280) ReferenceProcessor::execute queues: 1, RefProcThreadModel::Single, marks_oops_alive: false
[4455.445s][debug][gc,ref         ] GC(280) Skipped phase 3 of Reference Processing: no references
[4455.445s][debug][gc,ref         ] GC(280) ReferenceProcessor::execute queues: 1, RefProcThreadModel::Single, marks_oops_alive: false
[4455.445s][debug][gc,phases      ] GC(280) Reference Processing 0.106ms
[4455.445s][debug][gc,phases      ] GC(280)   VM Weak                        Min:  0.0, Avg:  0.0, Max:  0.0, Diff:  0.0, Sum:  0.0, Workers: 4
[4455.445s][debug][gc,phases      ] GC(280)     Dead                           Min: 0, Avg:  0.0, Max: 0, Diff: 0, Sum: 0, Workers: 4
[4455.445s][debug][gc,phases      ] GC(280)     Total                          Min: 0, Avg: 212.2, Max: 529, Diff: 529, Sum: 849, Workers: 4
[4455.445s][debug][gc,phases      ] GC(280)   ObjectSynchronizer Weak        Min:  0.0, Avg:  0.0, Max:  0.0, Diff:  0.0, Sum:  0.0, Workers: 4
[4455.445s][debug][gc,phases      ] GC(280)     Dead                           Min: 0, Avg:  0.0, Max: 0, Diff: 0, Sum: 0, Workers: 4
[4455.445s][debug][gc,phases      ] GC(280)     Total                          Min: 0, Avg: 14.8, Max: 59, Diff: 59, Sum: 59, Workers: 4
[4455.445s][debug][gc,phases      ] GC(280)   JVMTI Tag Weak OopStorage      Min:  0.0, Avg:  0.0, Max:  0.0, Diff:  0.0, Sum:  0.0, Workers: 4
[4455.445s][debug][gc,phases      ] GC(280)     Dead                           Min: 0, Avg:  0.0, Max: 0, Diff: 0, Sum: 0, Workers: 4
[4455.445s][debug][gc,phases      ] GC(280)     Total                          Min: 0, Avg:  0.0, Max: 0, Diff: 0, Sum: 0, Workers: 4
[4455.445s][debug][gc,phases      ] GC(280)   StringTable Weak               Min:  0.1, Avg:  0.1, Max:  0.1, Diff:  0.0, Sum:  0.4, Workers: 4
[4455.445s][debug][gc,phases      ] GC(280)     Dead                           Min: 0, Avg:  0.0, Max: 0, Diff: 0, Sum: 0, Workers: 4
[4455.445s][debug][gc,phases      ] GC(280)     Total                          Min: 11008, Avg: 11257.0, Max: 11519, Diff: 511, Sum: 45028, Workers: 4
[4455.445s][debug][gc,phases      ] GC(280)   ResolvedMethodTable Weak       Min:  0.0, Avg:  0.0, Max:  0.0, Diff:  0.0, Sum:  0.1, Workers: 4
[4455.445s][debug][gc,phases      ] GC(280)     Dead                           Min: 0, Avg:  0.0, Max: 0, Diff: 0, Sum: 0, Workers: 4
[4455.445s][debug][gc,phases      ] GC(280)     Total                          Min: 2360, Avg: 2460.0, Max: 2554, Diff: 194, Sum: 9840, Workers: 4
[4455.445s][debug][gc,phases      ] GC(280)   JNI Weak                       Min:  0.0, Avg:  0.0, Max:  0.0, Diff:  0.0, Sum:  0.0, Workers: 4
[4455.445s][debug][gc,phases      ] GC(280)     Dead                           Min: 0, Avg:  0.0, Max: 0, Diff: 0, Sum: 0, Workers: 4
[4455.445s][debug][gc,phases      ] GC(280)     Total                          Min: 0, Avg: 11.2, Max: 45, Diff: 45, Sum: 45, Workers: 4
[4455.445s][debug][gc,phases      ] GC(280)   StringDedup Table Weak         Min:  0.0, Avg:  0.0, Max:  0.0, Diff:  0.0, Sum:  0.0, Workers: 4
[4455.445s][debug][gc,phases      ] GC(280)     Dead                           Min: 0, Avg:  0.0, Max: 0, Diff: 0, Sum: 0, Workers: 4
[4455.445s][debug][gc,phases      ] GC(280)     Total                          Min: 0, Avg:  0.0, Max: 0, Diff: 0, Sum: 0, Workers: 4
[4455.445s][debug][gc,phases      ] GC(280)   StringDedup Requests0 Weak     Min:  0.0, Avg:  0.0, Max:  0.0, Diff:  0.0, Sum:  0.0, Workers: 4
[4455.445s][debug][gc,phases      ] GC(280)     Dead                           Min: 0, Avg:  0.0, Max: 0, Diff: 0, Sum: 0, Workers: 4
[4455.445s][debug][gc,phases      ] GC(280)     Total                          Min: 0, Avg:  0.0, Max: 0, Diff: 0, Sum: 0, Workers: 4
[4455.445s][debug][gc,phases      ] GC(280)   StringDedup Requests1 Weak     Min:  0.0, Avg:  0.0, Max:  0.0, Diff:  0.0, Sum:  0.0, Workers: 4
[4455.445s][debug][gc,phases      ] GC(280)     Dead                           Min: 0, Avg:  0.0, Max: 0, Diff: 0, Sum: 0, Workers: 4
[4455.445s][debug][gc,phases      ] GC(280)     Total                          Min: 0, Avg:  0.0, Max: 0, Diff: 0, Sum: 0, Workers: 4
[4455.445s][debug][gc,phases      ] GC(280)   Weak JFR Old Object Samples    Min:  0.0, Avg:  0.0, Max:  0.0, Diff:  0.0, Sum:  0.0, Workers: 4
[4455.445s][debug][gc,phases      ] GC(280)     Dead                           Min: 0, Avg:  0.0, Max: 0, Diff: 0, Sum: 0, Workers: 4
[4455.445s][debug][gc,phases      ] GC(280)     Total                          Min: 0, Avg:  0.0, Max: 0, Diff: 0, Sum: 0, Workers: 4
[4455.445s][debug][gc,phases      ] GC(280) Weak Processing 0.346ms
[4455.446s][debug][gc,age         ] GC(280) Desired survivor size 2621440 bytes, new threshold 15 (max threshold 15)
[4455.446s][info ][gc,heap        ] GC(280) PSYoungGen: 2093392K(2094592K)->1200K(2094592K) Eden: 2092032K(2092032K)->0K(2092032K) From: 1360K(2560K)->1200K(2560K)
[4455.446s][info ][gc,heap        ] GC(280) ParOldGen: 375400K(458752K)->375416K(458752K)
[4455.446s][info ][gc,metaspace   ] GC(280) Metaspace: 84122K(85120K)->84122K(85120K) NonClass: 72179K(72704K)->72179K(72704K) Class: 11943K(12416K)->11943K(12416K)
[4455.446s][info ][gc             ] GC(280) Pause Young (Allocation Failure) 2410M->367M(2493M) 3.082ms
[4455.446s][info ][gc,cpu         ] GC(280) User=0.01s Sys=0.00s Real=0.00s
[4455.446s][info ][safepoint      ] Safepoint "ParallelGCFailedAllocation", Time since last: 1440946891 ns, Reaching safepoint: 94800 ns, At safepoint: 3159388 ns, Total: 3254188 ns
[4461.446s][info ][safepoint      ] Safepoint "Cleanup", Time since last: 6000411222 ns, Reaching safepoint: 119100 ns, At safepoint: 4100 ns, Total: 123200 ns
[4466.447s][info ][safepoint      ] Safepoint "Cleanup", Time since last: 5000366643 ns, Reaching safepoint: 127899 ns, At safepoint: 5800 ns, Total: 133699 ns
[4471.895s][info ][gc,start       ] GC(281) Pause Young (Allocation Failure)
[4471.902s][debug][gc,phases      ] GC(281) Scavenge 6.784ms
[4471.902s][debug][gc,ref         ] GC(281) Skipped phase 1 of Reference Processing: no references
[4471.902s][debug][gc,ref         ] GC(281) ReferenceProcessor::execute queues: 1, RefProcThreadModel::Single, marks_oops_alive: false
[4471.902s][debug][gc,ref         ] GC(281) ReferenceProcessor::execute queues: 4, RefProcThreadModel::Multi, marks_oops_alive: true
[4471.902s][debug][gc,ref         ] GC(281) ReferenceProcessor::execute queues: 1, RefProcThreadModel::Single, marks_oops_alive: false
[4471.902s][debug][gc,phases      ] GC(281) Reference Processing 0.176ms
[4471.902s][debug][gc,phases      ] GC(281)   VM Weak                        Min:  0.0, Avg:  0.0, Max:  0.0, Diff:  0.0, Sum:  0.0, Workers: 4
[4471.902s][debug][gc,phases      ] GC(281)     Dead                           Min: 0, Avg:  0.0, Max: 0, Diff: 0, Sum: 0, Workers: 4
[4471.902s][debug][gc,phases      ] GC(281)     Total                          Min: 0, Avg: 212.2, Max: 576, Diff: 576, Sum: 849, Workers: 4
[4471.902s][debug][gc,phases      ] GC(281)   ObjectSynchronizer Weak        Min:  0.0, Avg:  0.0, Max:  0.0, Diff:  0.0, Sum:  0.0, Workers: 4
[4471.902s][debug][gc,phases      ] GC(281)     Dead                           Min: 0, Avg:  0.0, Max: 0, Diff: 0, Sum: 0, Workers: 4
[4471.902s][debug][gc,phases      ] GC(281)     Total                          Min: 0, Avg: 14.8, Max: 59, Diff: 59, Sum: 59, Workers: 4
[4471.902s][debug][gc,phases      ] GC(281)   JVMTI Tag Weak OopStorage      Min:  0.0, Avg:  0.0, Max:  0.0, Diff:  0.0, Sum:  0.0, Workers: 4
[4471.903s][debug][gc,phases      ] GC(281)     Dead                           Min: 0, Avg:  0.0, Max: 0, Diff: 0, Sum: 0, Workers: 4
[4471.903s][debug][gc,phases      ] GC(281)     Total                          Min: 0, Avg:  0.0, Max: 0, Diff: 0, Sum: 0, Workers: 4
[4471.903s][debug][gc,phases      ] GC(281)   StringTable Weak               Min:  0.1, Avg:  0.1, Max:  0.1, Diff:  0.0, Sum:  0.4, Workers: 4
[4471.903s][debug][gc,phases      ] GC(281)     Dead                           Min: 0, Avg:  0.0, Max: 0, Diff: 0, Sum: 0, Workers: 4
[4471.903s][debug][gc,phases      ] GC(281)     Total                          Min: 11048, Avg: 11257.8, Max: 11456, Diff: 408, Sum: 45031, Workers: 4
[4471.903s][debug][gc,phases      ] GC(281)   ResolvedMethodTable Weak       Min:  0.0, Avg:  0.0, Max:  0.0, Diff:  0.0, Sum:  0.1, Workers: 4
[4471.903s][debug][gc,phases      ] GC(281)     Dead                           Min: 0, Avg:  0.0, Max: 0, Diff: 0, Sum: 0, Workers: 4
[4471.903s][debug][gc,phases      ] GC(281)     Total                          Min: 2366, Avg: 2460.0, Max: 2623, Diff: 257, Sum: 9840, Workers: 4
[4471.903s][debug][gc,phases      ] GC(281)   JNI Weak                       Min:  0.0, Avg:  0.0, Max:  0.0, Diff:  0.0, Sum:  0.0, Workers: 4
[4471.903s][debug][gc,phases      ] GC(281)     Dead                           Min: 0, Avg:  0.0, Max: 0, Diff: 0, Sum: 0, Workers: 4
[4471.903s][debug][gc,phases      ] GC(281)     Total                          Min: 0, Avg: 11.2, Max: 45, Diff: 45, Sum: 45, Workers: 4
[4471.903s][debug][gc,phases      ] GC(281)   StringDedup Table Weak         Min:  0.0, Avg:  0.0, Max:  0.0, Diff:  0.0, Sum:  0.0, Workers: 4
[4471.903s][debug][gc,phases      ] GC(281)     Dead                           Min: 0, Avg:  0.0, Max: 0, Diff: 0, Sum: 0, Workers: 4
[4471.903s][debug][gc,phases      ] GC(281)     Total                          Min: 0, Avg:  0.0, Max: 0, Diff: 0, Sum: 0, Workers: 4
[4471.903s][debug][gc,phases      ] GC(281)   StringDedup Requests0 Weak     Min:  0.0, Avg:  0.0, Max:  0.0, Diff:  0.0, Sum:  0.0, Workers: 4
[4471.903s][debug][gc,phases      ] GC(281)     Dead                           Min: 0, Avg:  0.0, Max: 0, Diff: 0, Sum: 0, Workers: 4
[4471.903s][debug][gc,phases      ] GC(281)     Total                          Min: 0, Avg:  0.0, Max: 0, Diff: 0, Sum: 0, Workers: 4
[4471.903s][debug][gc,phases      ] GC(281)   StringDedup Requests1 Weak     Min:  0.0, Avg:  0.0, Max:  0.0, Diff:  0.0, Sum:  0.0, Workers: 4
[4471.903s][debug][gc,phases      ] GC(281)     Dead                           Min: 0, Avg:  0.0, Max: 0, Diff: 0, Sum: 0, Workers: 4
[4471.903s][debug][gc,phases      ] GC(281)     Total                          Min: 0, Avg:  0.0, Max: 0, Diff: 0, Sum: 0, Workers: 4
[4471.903s][debug][gc,phases      ] GC(281)   Weak JFR Old Object Samples    Min:  0.0, Avg:  0.0, Max:  0.0, Diff:  0.0, Sum:  0.0, Workers: 4
[4471.903s][debug][gc,phases      ] GC(281)     Dead                           Min: 0, Avg:  0.0, Max: 0, Diff: 0, Sum: 0, Workers: 4
[4471.903s][debug][gc,phases      ] GC(281)     Total                          Min: 0, Avg:  0.0, Max: 0, Diff: 0, Sum: 0, Workers: 4
[4471.903s][debug][gc,phases      ] GC(281) Weak Processing 0.346ms
[4471.903s][debug][gc,age         ] GC(281) Desired survivor size 2621440 bytes, new threshold 15 (max threshold 15)
[4471.903s][info ][gc,heap        ] GC(281) PSYoungGen: 2093232K(2094592K)->1376K(2094592K) Eden: 2092032K(2092032K)->0K(2092032K) From: 1200K(2560K)->1376K(2560K)
[4471.903s][info ][gc,heap        ] GC(281) ParOldGen: 375416K(458752K)->375440K(458752K)
[4471.903s][info ][gc,metaspace   ] GC(281) Metaspace: 84130K(85120K)->84130K(85120K) NonClass: 72187K(72704K)->72187K(72704K) Class: 11943K(12416K)->11943K(12416K)
[4471.903s][info ][gc             ] GC(281) Pause Young (Allocation Failure) 2410M->367M(2493M) 7.417ms
[4471.903s][info ][gc,cpu         ] GC(281) User=0.01s Sys=0.00s Real=0.00s
[4471.903s][info ][safepoint      ] Safepoint "ParallelGCFailedAllocation", Time since last: 5448520180 ns, Reaching safepoint: 96200 ns, At safepoint: 7499372 ns, Total: 7595572 ns
[4482.904s][info ][safepoint      ] Safepoint "Cleanup", Time since last: 11000736587 ns, Reaching safepoint: 107099 ns, At safepoint: 2700 ns, Total: 109799 ns
[4487.598s][info ][gc,start       ] GC(282) Pause Young (Allocation Failure)
[4487.603s][debug][gc,phases      ] GC(282) Scavenge 4.709ms
[4487.603s][debug][gc,ref         ] GC(282) Skipped phase 1 of Reference Processing: no references
[4487.603s][debug][gc,ref         ] GC(282) ReferenceProcessor::execute queues: 1, RefProcThreadModel::Single, marks_oops_alive: false
[4487.603s][debug][gc,ref         ] GC(282) Skipped phase 3 of Reference Processing: no references
[4487.603s][debug][gc,ref         ] GC(282) ReferenceProcessor::execute queues: 1, RefProcThreadModel::Single, marks_oops_alive: false
[4487.603s][debug][gc,phases      ] GC(282) Reference Processing 0.107ms
[4487.603s][debug][gc,phases      ] GC(282)   VM Weak                        Min:  0.0, Avg:  0.0, Max:  0.0, Diff:  0.0, Sum:  0.0, Workers: 4
[4487.603s][debug][gc,phases      ] GC(282)     Dead                           Min: 0, Avg:  0.0, Max: 0, Diff: 0, Sum: 0, Workers: 4
[4487.603s][debug][gc,phases      ] GC(282)     Total                          Min: 0, Avg: 212.2, Max: 576, Diff: 576, Sum: 849, Workers: 4
[4487.603s][debug][gc,phases      ] GC(282)   ObjectSynchronizer Weak        Min:  0.0, Avg:  0.0, Max:  0.0, Diff:  0.0, Sum:  0.0, Workers: 4
[4487.603s][debug][gc,phases      ] GC(282)     Dead                           Min: 0, Avg:  0.0, Max: 0, Diff: 0, Sum: 0, Workers: 4
[4487.603s][debug][gc,phases      ] GC(282)     Total                          Min: 0, Avg: 14.8, Max: 59, Diff: 59, Sum: 59, Workers: 4
[4487.603s][debug][gc,phases      ] GC(282)   JVMTI Tag Weak OopStorage      Min:  0.0, Avg:  0.0, Max:  0.0, Diff:  0.0, Sum:  0.0, Workers: 4
[4487.603s][debug][gc,phases      ] GC(282)     Dead                           Min: 0, Avg:  0.0, Max: 0, Diff: 0, Sum: 0, Workers: 4
[4487.603s][debug][gc,phases      ] GC(282)     Total                          Min: 0, Avg:  0.0, Max: 0, Diff: 0, Sum: 0, Workers: 4
[4487.603s][debug][gc,phases      ] GC(282)   StringTable Weak               Min:  0.0, Avg:  0.1, Max:  0.1, Diff:  0.1, Sum:  0.4, Workers: 4
[4487.603s][debug][gc,phases      ] GC(282)     Dead                           Min: 0, Avg:  0.0, Max: 0, Diff: 0, Sum: 0, Workers: 4
[4487.603s][debug][gc,phases      ] GC(282)     Total                          Min: 0, Avg: 11259.8, Max: 16000, Diff: 16000, Sum: 45039, Workers: 4
[4487.603s][debug][gc,phases      ] GC(282)   ResolvedMethodTable Weak       Min:  0.0, Avg:  0.0, Max:  0.0, Diff:  0.0, Sum:  0.1, Workers: 4
[4487.603s][debug][gc,phases      ] GC(282)     Dead                           Min: 0, Avg:  0.0, Max: 0, Diff: 0, Sum: 0, Workers: 4
[4487.603s][debug][gc,phases      ] GC(282)     Total                          Min: 0, Avg: 2460.0, Max: 3447, Diff: 3447, Sum: 9840, Workers: 4
[4487.603s][debug][gc,phases      ] GC(282)   JNI Weak                       Min:  0.0, Avg:  0.0, Max:  0.0, Diff:  0.0, Sum:  0.0, Workers: 4
[4487.603s][debug][gc,phases      ] GC(282)     Dead                           Min: 0, Avg:  0.0, Max: 0, Diff: 0, Sum: 0, Workers: 4
[4487.603s][debug][gc,phases      ] GC(282)     Total                          Min: 0, Avg: 11.2, Max: 45, Diff: 45, Sum: 45, Workers: 4
[4487.603s][debug][gc,phases      ] GC(282)   StringDedup Table Weak         Min:  0.0, Avg:  0.0, Max:  0.0, Diff:  0.0, Sum:  0.0, Workers: 4
[4487.603s][debug][gc,phases      ] GC(282)     Dead                           Min: 0, Avg:  0.0, Max: 0, Diff: 0, Sum: 0, Workers: 4
[4487.603s][debug][gc,phases      ] GC(282)     Total                          Min: 0, Avg:  0.0, Max: 0, Diff: 0, Sum: 0, Workers: 4
[4487.603s][debug][gc,phases      ] GC(282)   StringDedup Requests0 Weak     Min:  0.0, Avg:  0.0, Max:  0.0, Diff:  0.0, Sum:  0.0, Workers: 4
[4487.603s][debug][gc,phases      ] GC(282)     Dead                           Min: 0, Avg:  0.0, Max: 0, Diff: 0, Sum: 0, Workers: 4
[4487.603s][debug][gc,phases      ] GC(282)     Total                          Min: 0, Avg:  0.0, Max: 0, Diff: 0, Sum: 0, Workers: 4
[4487.603s][debug][gc,phases      ] GC(282)   StringDedup Requests1 Weak     Min:  0.0, Avg:  0.0, Max:  0.0, Diff:  0.0, Sum:  0.0, Workers: 4
[4487.603s][debug][gc,phases      ] GC(282)     Dead                           Min: 0, Avg:  0.0, Max: 0, Diff: 0, Sum: 0, Workers: 4
[4487.604s][debug][gc,phases      ] GC(282)     Total                          Min: 0, Avg:  0.0, Max: 0, Diff: 0, Sum: 0, Workers: 4
[4487.604s][debug][gc,phases      ] GC(282)   Weak JFR Old Object Samples    Min:  0.0, Avg:  0.0, Max:  0.0, Diff:  0.0, Sum:  0.0, Workers: 4
[4487.604s][debug][gc,phases      ] GC(282)     Dead                           Min: 0, Avg:  0.0, Max: 0, Diff: 0, Sum: 0, Workers: 4
[4487.604s][debug][gc,phases      ] GC(282)     Total                          Min: 0, Avg:  0.0, Max: 0, Diff: 0, Sum: 0, Workers: 4
[4487.604s][debug][gc,phases      ] GC(282) Weak Processing 0.393ms
[4487.604s][debug][gc,age         ] GC(282) Desired survivor size 2621440 bytes, new threshold 15 (max threshold 15)
[4487.604s][info ][gc,heap        ] GC(282) PSYoungGen: 2093408K(2094592K)->1344K(2094592K) Eden: 2092032K(2092032K)->0K(2092032K) From: 1376K(2560K)->1344K(2560K)
[4487.604s][info ][gc,heap        ] GC(282) ParOldGen: 375440K(458752K)->375464K(458752K)
[4487.604s][info ][gc,metaspace   ] GC(282) Metaspace: 84145K(85184K)->84145K(85184K) NonClass: 72201K(72768K)->72201K(72768K) Class: 11943K(12416K)->11943K(12416K)
[4487.604s][info ][gc             ] GC(282) Pause Young (Allocation Failure) 2410M->367M(2493M) 5.322ms
[4487.604s][info ][gc,cpu         ] GC(282) User=0.01s Sys=0.00s Real=0.00s
[4487.604s][info ][safepoint      ] Safepoint "ParallelGCFailedAllocation", Time since last: 4694623625 ns, Reaching safepoint: 20300 ns, At safepoint: 5387480 ns, Total: 5407780 ns
[4492.604s][info ][safepoint      ] Safepoint "Cleanup", Time since last: 5000341955 ns, Reaching safepoint: 43799 ns, At safepoint: 2400 ns, Total: 46199 ns
[4503.592s][info ][gc,start       ] GC(283) Pause Young (Allocation Failure)
[4503.597s][debug][gc,phases      ] GC(283) Scavenge 4.778ms
[4503.597s][debug][gc,ref         ] GC(283) Skipped phase 1 of Reference Processing: no references
[4503.597s][debug][gc,ref         ] GC(283) ReferenceProcessor::execute queues: 1, RefProcThreadModel::Single, marks_oops_alive: false
[4503.597s][debug][gc,ref         ] GC(283) Skipped phase 3 of Reference Processing: no references
[4503.597s][debug][gc,ref         ] GC(283) ReferenceProcessor::execute queues: 1, RefProcThreadModel::Single, marks_oops_alive: false
[4503.597s][debug][gc,phases      ] GC(283) Reference Processing 0.090ms
[4503.597s][debug][gc,phases      ] GC(283)   VM Weak                        Min:  0.0, Avg:  0.0, Max:  0.0, Diff:  0.0, Sum:  0.0, Workers: 4
[4503.597s][debug][gc,phases      ] GC(283)     Dead                           Min: 0, Avg:  0.0, Max: 0, Diff: 0, Sum: 0, Workers: 4
[4503.597s][debug][gc,phases      ] GC(283)     Total                          Min: 0, Avg: 212.2, Max: 384, Diff: 384, Sum: 849, Workers: 4
[4503.597s][debug][gc,phases      ] GC(283)   ObjectSynchronizer Weak        Min:  0.0, Avg:  0.0, Max:  0.0, Diff:  0.0, Sum:  0.0, Workers: 4
[4503.597s][debug][gc,phases      ] GC(283)     Dead                           Min: 0, Avg:  0.0, Max: 0, Diff: 0, Sum: 0, Workers: 4
[4503.597s][debug][gc,phases      ] GC(283)     Total                          Min: 0, Avg: 14.8, Max: 59, Diff: 59, Sum: 59, Workers: 4
[4503.597s][debug][gc,phases      ] GC(283)   JVMTI Tag Weak OopStorage      Min:  0.0, Avg:  0.0, Max:  0.0, Diff:  0.0, Sum:  0.0, Workers: 4
[4503.597s][debug][gc,phases      ] GC(283)     Dead                           Min: 0, Avg:  0.0, Max: 0, Diff: 0, Sum: 0, Workers: 4
[4503.597s][debug][gc,phases      ] GC(283)     Total                          Min: 0, Avg:  0.0, Max: 0, Diff: 0, Sum: 0, Workers: 4
[4503.597s][debug][gc,phases      ] GC(283)   StringTable Weak               Min:  0.0, Avg:  0.1, Max:  0.1, Diff:  0.1, Sum:  0.4, Workers: 4
[4503.597s][debug][gc,phases      ] GC(283)     Dead                           Min: 0, Avg:  0.0, Max: 0, Diff: 0, Sum: 0, Workers: 4
[4503.597s][debug][gc,phases      ] GC(283)     Total                          Min: 0, Avg: 11259.8, Max: 15488, Diff: 15488, Sum: 45039, Workers: 4
[4503.597s][debug][gc,phases      ] GC(283)   ResolvedMethodTable Weak       Min:  0.0, Avg:  0.0, Max:  0.0, Diff:  0.0, Sum:  0.1, Workers: 4
[4503.597s][debug][gc,phases      ] GC(283)     Dead                           Min: 0, Avg:  0.0, Max: 0, Diff: 0, Sum: 0, Workers: 4
[4503.597s][debug][gc,phases      ] GC(283)     Total                          Min: 0, Avg: 2460.0, Max: 3322, Diff: 3322, Sum: 9840, Workers: 4
[4503.597s][debug][gc,phases      ] GC(283)   JNI Weak                       Min:  0.0, Avg:  0.0, Max:  0.0, Diff:  0.0, Sum:  0.0, Workers: 4
[4503.597s][debug][gc,phases      ] GC(283)     Dead                           Min: 0, Avg:  0.0, Max: 0, Diff: 0, Sum: 0, Workers: 4
[4503.597s][debug][gc,phases      ] GC(283)     Total                          Min: 0, Avg: 11.2, Max: 45, Diff: 45, Sum: 45, Workers: 4
[4503.597s][debug][gc,phases      ] GC(283)   StringDedup Table Weak         Min:  0.0, Avg:  0.0, Max:  0.0, Diff:  0.0, Sum:  0.0, Workers: 4
[4503.597s][debug][gc,phases      ] GC(283)     Dead                           Min: 0, Avg:  0.0, Max: 0, Diff: 0, Sum: 0, Workers: 4
[4503.597s][debug][gc,phases      ] GC(283)     Total                          Min: 0, Avg:  0.0, Max: 0, Diff: 0, Sum: 0, Workers: 4
[4503.597s][debug][gc,phases      ] GC(283)   StringDedup Requests0 Weak     Min:  0.0, Avg:  0.0, Max:  0.0, Diff:  0.0, Sum:  0.0, Workers: 4
[4503.597s][debug][gc,phases      ] GC(283)     Dead                           Min: 0, Avg:  0.0, Max: 0, Diff: 0, Sum: 0, Workers: 4
[4503.597s][debug][gc,phases      ] GC(283)     Total                          Min: 0, Avg:  0.0, Max: 0, Diff: 0, Sum: 0, Workers: 4
[4503.597s][debug][gc,phases      ] GC(283)   StringDedup Requests1 Weak     Min:  0.0, Avg:  0.0, Max:  0.0, Diff:  0.0, Sum:  0.0, Workers: 4
[4503.597s][debug][gc,phases      ] GC(283)     Dead                           Min: 0, Avg:  0.0, Max: 0, Diff: 0, Sum: 0, Workers: 4
[4503.597s][debug][gc,phases      ] GC(283)     Total                          Min: 0, Avg:  0.0, Max: 0, Diff: 0, Sum: 0, Workers: 4
[4503.597s][debug][gc,phases      ] GC(283)   Weak JFR Old Object Samples    Min:  0.0, Avg:  0.0, Max:  0.0, Diff:  0.0, Sum:  0.0, Workers: 4
[4503.597s][debug][gc,phases      ] GC(283)     Dead                           Min: 0, Avg:  0.0, Max: 0, Diff: 0, Sum: 0, Workers: 4
[4503.597s][debug][gc,phases      ] GC(283)     Total                          Min: 0, Avg:  0.0, Max: 0, Diff: 0, Sum: 0, Workers: 4
[4503.597s][debug][gc,phases      ] GC(283) Weak Processing 0.358ms
[4503.597s][debug][gc,age         ] GC(283) Desired survivor size 2621440 bytes, new threshold 15 (max threshold 15)
[4503.597s][info ][gc,heap        ] GC(283) PSYoungGen: 2093376K(2094592K)->1328K(2094592K) Eden: 2092032K(2092032K)->0K(2092032K) From: 1344K(2560K)->1328K(2560K)
[4503.597s][info ][gc,heap        ] GC(283) ParOldGen: 375464K(458752K)->375504K(458752K)
[4503.597s][info ][gc,metaspace   ] GC(283) Metaspace: 84145K(85184K)->84145K(85184K) NonClass: 72202K(72768K)->72202K(72768K) Class: 11943K(12416K)->11943K(12416K)
[4503.597s][info ][gc             ] GC(283) Pause Young (Allocation Failure) 2410M->368M(2493M) 5.331ms
[4503.598s][info ][gc,cpu         ] GC(283) User=0.01s Sys=0.01s Real=0.01s
[4503.598s][info ][safepoint      ] Safepoint "ParallelGCFailedAllocation", Time since last: 10988020515 ns, Reaching safepoint: 116500 ns, At safepoint: 5403879 ns, Total: 5520379 ns
[4516.599s][info ][safepoint      ] Safepoint "Cleanup", Time since last: 13000927345 ns, Reaching safepoint: 44200 ns, At safepoint: 4700 ns, Total: 48900 ns
[4517.599s][info ][safepoint      ] Safepoint "Cleanup", Time since last: 1000084858 ns, Reaching safepoint: 41199 ns, At safepoint: 2300 ns, Total: 43499 ns
[4519.599s][info ][safepoint      ] Safepoint "Cleanup", Time since last: 2000169916 ns, Reaching safepoint: 43600 ns, At safepoint: 25600 ns, Total: 69200 ns
[4519.644s][info ][gc,start       ] GC(284) Pause Young (Allocation Failure)
[4519.647s][debug][gc,phases      ] GC(284) Scavenge 2.455ms
[4519.647s][debug][gc,ref         ] GC(284) Skipped phase 1 of Reference Processing: no references
[4519.647s][debug][gc,ref         ] GC(284) ReferenceProcessor::execute queues: 1, RefProcThreadModel::Single, marks_oops_alive: false
[4519.647s][debug][gc,ref         ] GC(284) Skipped phase 3 of Reference Processing: no references
[4519.647s][debug][gc,ref         ] GC(284) ReferenceProcessor::execute queues: 1, RefProcThreadModel::Single, marks_oops_alive: false
[4519.647s][debug][gc,phases      ] GC(284) Reference Processing 0.085ms
[4519.647s][debug][gc,phases      ] GC(284)   VM Weak                        Min:  0.0, Avg:  0.0, Max:  0.0, Diff:  0.0, Sum:  0.0, Workers: 4
[4519.647s][debug][gc,phases      ] GC(284)     Dead                           Min: 0, Avg:  0.0, Max: 0, Diff: 0, Sum: 0, Workers: 4
[4519.647s][debug][gc,phases      ] GC(284)     Total                          Min: 0, Avg: 212.2, Max: 529, Diff: 529, Sum: 849, Workers: 4
[4519.647s][debug][gc,phases      ] GC(284)   ObjectSynchronizer Weak        Min:  0.0, Avg:  0.0, Max:  0.0, Diff:  0.0, Sum:  0.0, Workers: 4
[4519.647s][debug][gc,phases      ] GC(284)     Dead                           Min: 0, Avg:  0.0, Max: 0, Diff: 0, Sum: 0, Workers: 4
[4519.647s][debug][gc,phases      ] GC(284)     Total                          Min: 0, Avg: 14.8, Max: 59, Diff: 59, Sum: 59, Workers: 4
[4519.647s][debug][gc,phases      ] GC(284)   JVMTI Tag Weak OopStorage      Min:  0.0, Avg:  0.0, Max:  0.0, Diff:  0.0, Sum:  0.0, Workers: 4
[4519.647s][debug][gc,phases      ] GC(284)     Dead                           Min: 0, Avg:  0.0, Max: 0, Diff: 0, Sum: 0, Workers: 4
[4519.647s][debug][gc,phases      ] GC(284)     Total                          Min: 0, Avg:  0.0, Max: 0, Diff: 0, Sum: 0, Workers: 4
[4519.647s][debug][gc,phases      ] GC(284)   StringTable Weak               Min:  0.0, Avg:  0.1, Max:  0.1, Diff:  0.1, Sum:  0.3, Workers: 4
[4519.647s][debug][gc,phases      ] GC(284)     Dead                           Min: 0, Avg:  0.0, Max: 0, Diff: 0, Sum: 0, Workers: 4
[4519.647s][debug][gc,phases      ] GC(284)     Total                          Min: 0, Avg: 11259.8, Max: 18751, Diff: 18751, Sum: 45039, Workers: 4
[4519.647s][debug][gc,phases      ] GC(284)   ResolvedMethodTable Weak       Min:  0.0, Avg:  0.0, Max:  0.0, Diff:  0.0, Sum:  0.1, Workers: 4
[4519.647s][debug][gc,phases      ] GC(284)     Dead                           Min: 0, Avg:  0.0, Max: 0, Diff: 0, Sum: 0, Workers: 4
[4519.647s][debug][gc,phases      ] GC(284)     Total                          Min: 0, Avg: 2460.0, Max: 4280, Diff: 4280, Sum: 9840, Workers: 4
[4519.647s][debug][gc,phases      ] GC(284)   JNI Weak                       Min:  0.0, Avg:  0.0, Max:  0.0, Diff:  0.0, Sum:  0.0, Workers: 4
[4519.647s][debug][gc,phases      ] GC(284)     Dead                           Min: 0, Avg:  0.0, Max: 0, Diff: 0, Sum: 0, Workers: 4
[4519.647s][debug][gc,phases      ] GC(284)     Total                          Min: 0, Avg: 11.2, Max: 45, Diff: 45, Sum: 45, Workers: 4
[4519.647s][debug][gc,phases      ] GC(284)   StringDedup Table Weak         Min:  0.0, Avg:  0.0, Max:  0.0, Diff:  0.0, Sum:  0.0, Workers: 4
[4519.647s][debug][gc,phases      ] GC(284)     Dead                           Min: 0, Avg:  0.0, Max: 0, Diff: 0, Sum: 0, Workers: 4
[4519.647s][debug][gc,phases      ] GC(284)     Total                          Min: 0, Avg:  0.0, Max: 0, Diff: 0, Sum: 0, Workers: 4
[4519.647s][debug][gc,phases      ] GC(284)   StringDedup Requests0 Weak     Min:  0.0, Avg:  0.0, Max:  0.0, Diff:  0.0, Sum:  0.0, Workers: 4
[4519.647s][debug][gc,phases      ] GC(284)     Dead                           Min: 0, Avg:  0.0, Max: 0, Diff: 0, Sum: 0, Workers: 4
[4519.647s][debug][gc,phases      ] GC(284)     Total                          Min: 0, Avg:  0.0, Max: 0, Diff: 0, Sum: 0, Workers: 4
[4519.647s][debug][gc,phases      ] GC(284)   StringDedup Requests1 Weak     Min:  0.0, Avg:  0.0, Max:  0.0, Diff:  0.0, Sum:  0.0, Workers: 4
[4519.647s][debug][gc,phases      ] GC(284)     Dead                           Min: 0, Avg:  0.0, Max: 0, Diff: 0, Sum: 0, Workers: 4
[4519.647s][debug][gc,phases      ] GC(284)     Total                          Min: 0, Avg:  0.0, Max: 0, Diff: 0, Sum: 0, Workers: 4
[4519.647s][debug][gc,phases      ] GC(284)   Weak JFR Old Object Samples    Min:  0.0, Avg:  0.0, Max:  0.0, Diff:  0.0, Sum:  0.0, Workers: 4
[4519.647s][debug][gc,phases      ] GC(284)     Dead                           Min: 0, Avg:  0.0, Max: 0, Diff: 0, Sum: 0, Workers: 4
[4519.647s][debug][gc,phases      ] GC(284)     Total                          Min: 0, Avg:  0.0, Max: 0, Diff: 0, Sum: 0, Workers: 4
[4519.647s][debug][gc,phases      ] GC(284) Weak Processing 0.292ms
[4519.647s][debug][gc,age         ] GC(284) Desired survivor size 2621440 bytes, new threshold 15 (max threshold 15)
[4519.647s][info ][gc,heap        ] GC(284) PSYoungGen: 2093360K(2094592K)->1296K(2094592K) Eden: 2092032K(2092032K)->0K(2092032K) From: 1328K(2560K)->1296K(2560K)
[4519.647s][info ][gc,heap        ] GC(284) ParOldGen: 375504K(458752K)->375560K(458752K)
[4519.647s][info ][gc,metaspace   ] GC(284) Metaspace: 84160K(85248K)->84160K(85248K) NonClass: 72217K(72832K)->72217K(72832K) Class: 11943K(12416K)->11943K(12416K)
[4519.647s][info ][gc             ] GC(284) Pause Young (Allocation Failure) 2411M->368M(2493M) 2.946ms
[4519.647s][info ][gc,cpu         ] GC(284) User=0.01s Sys=0.00s Real=0.01s
[4519.647s][info ][safepoint      ] Safepoint "ParallelGCFailedAllocation", Time since last: 45541624 ns, Reaching safepoint: 28500 ns, At safepoint: 3008982 ns, Total: 3037482 ns
[4520.648s][info ][safepoint      ] Safepoint "Cleanup", Time since last: 1000082184 ns, Reaching safepoint: 109600 ns, At safepoint: 6500 ns, Total: 116100 ns
[4530.648s][info ][safepoint      ] Safepoint "Cleanup", Time since last: 10000577990 ns, Reaching safepoint: 41500 ns, At safepoint: 22000 ns, Total: 63500 ns
[4531.648s][info ][safepoint      ] Safepoint "Cleanup", Time since last: 1000112868 ns, Reaching safepoint: 41400 ns, At safepoint: 1900 ns, Total: 43300 ns
[4537.644s][info ][gc,start       ] GC(285) Pause Young (Allocation Failure)
[4537.649s][debug][gc,phases      ] GC(285) Scavenge 4.245ms
[4537.649s][debug][gc,ref         ] GC(285) Skipped phase 1 of Reference Processing: no references
[4537.649s][debug][gc,ref         ] GC(285) ReferenceProcessor::execute queues: 1, RefProcThreadModel::Single, marks_oops_alive: false
[4537.649s][debug][gc,ref         ] GC(285) Skipped phase 3 of Reference Processing: no references
[4537.649s][debug][gc,ref         ] GC(285) ReferenceProcessor::execute queues: 1, RefProcThreadModel::Single, marks_oops_alive: false
[4537.649s][debug][gc,phases      ] GC(285) Reference Processing 0.087ms
[4537.649s][debug][gc,phases      ] GC(285)   VM Weak                        Min:  0.0, Avg:  0.0, Max:  0.0, Diff:  0.0, Sum:  0.0, Workers: 4
[4537.649s][debug][gc,phases      ] GC(285)     Dead                           Min: 0, Avg:  0.0, Max: 0, Diff: 0, Sum: 0, Workers: 4
[4537.649s][debug][gc,phases      ] GC(285)     Total                          Min: 0, Avg: 212.2, Max: 832, Diff: 832, Sum: 849, Workers: 4
[4537.649s][debug][gc,phases      ] GC(285)   ObjectSynchronizer Weak        Min:  0.0, Avg:  0.0, Max:  0.0, Diff:  0.0, Sum:  0.0, Workers: 4
[4537.649s][debug][gc,phases      ] GC(285)     Dead                           Min: 0, Avg:  0.0, Max: 0, Diff: 0, Sum: 0, Workers: 4
[4537.649s][debug][gc,phases      ] GC(285)     Total                          Min: 0, Avg: 14.8, Max: 59, Diff: 59, Sum: 59, Workers: 4
[4537.649s][debug][gc,phases      ] GC(285)   JVMTI Tag Weak OopStorage      Min:  0.0, Avg:  0.0, Max:  0.0, Diff:  0.0, Sum:  0.0, Workers: 4
[4537.649s][debug][gc,phases      ] GC(285)     Dead                           Min: 0, Avg:  0.0, Max: 0, Diff: 0, Sum: 0, Workers: 4
[4537.649s][debug][gc,phases      ] GC(285)     Total                          Min: 0, Avg:  0.0, Max: 0, Diff: 0, Sum: 0, Workers: 4
[4537.649s][debug][gc,phases      ] GC(285)   StringTable Weak               Min:  0.0, Avg:  0.1, Max:  0.1, Diff:  0.1, Sum:  0.3, Workers: 4
[4537.649s][debug][gc,phases      ] GC(285)     Dead                           Min: 0, Avg:  0.0, Max: 0, Diff: 0, Sum: 0, Workers: 4
[4537.649s][debug][gc,phases      ] GC(285)     Total                          Min: 0, Avg: 11259.8, Max: 19568, Diff: 19568, Sum: 45039, Workers: 4
[4537.649s][debug][gc,phases      ] GC(285)   ResolvedMethodTable Weak       Min:  0.0, Avg:  0.0, Max:  0.0, Diff:  0.0, Sum:  0.1, Workers: 4
[4537.649s][debug][gc,phases      ] GC(285)     Dead                           Min: 0, Avg:  0.0, Max: 0, Diff: 0, Sum: 0, Workers: 4
[4537.649s][debug][gc,phases      ] GC(285)     Total                          Min: 0, Avg: 2460.0, Max: 4094, Diff: 4094, Sum: 9840, Workers: 4
[4537.649s][debug][gc,phases      ] GC(285)   JNI Weak                       Min:  0.0, Avg:  0.0, Max:  0.0, Diff:  0.0, Sum:  0.0, Workers: 4
[4537.649s][debug][gc,phases      ] GC(285)     Dead                           Min: 0, Avg:  0.0, Max: 0, Diff: 0, Sum: 0, Workers: 4
[4537.649s][debug][gc,phases      ] GC(285)     Total                          Min: 0, Avg: 11.2, Max: 45, Diff: 45, Sum: 45, Workers: 4
[4537.649s][debug][gc,phases      ] GC(285)   StringDedup Table Weak         Min:  0.0, Avg:  0.0, Max:  0.0, Diff:  0.0, Sum:  0.0, Workers: 4
[4537.649s][debug][gc,phases      ] GC(285)     Dead                           Min: 0, Avg:  0.0, Max: 0, Diff: 0, Sum: 0, Workers: 4
[4537.649s][debug][gc,phases      ] GC(285)     Total                          Min: 0, Avg:  0.0, Max: 0, Diff: 0, Sum: 0, Workers: 4
[4537.649s][debug][gc,phases      ] GC(285)   StringDedup Requests0 Weak     Min:  0.0, Avg:  0.0, Max:  0.0, Diff:  0.0, Sum:  0.0, Workers: 4
[4537.649s][debug][gc,phases      ] GC(285)     Dead                           Min: 0, Avg:  0.0, Max: 0, Diff: 0, Sum: 0, Workers: 4
[4537.649s][debug][gc,phases      ] GC(285)     Total                          Min: 0, Avg:  0.0, Max: 0, Diff: 0, Sum: 0, Workers: 4
[4537.649s][debug][gc,phases      ] GC(285)   StringDedup Requests1 Weak     Min:  0.0, Avg:  0.0, Max:  0.0, Diff:  0.0, Sum:  0.0, Workers: 4
[4537.649s][debug][gc,phases      ] GC(285)     Dead                           Min: 0, Avg:  0.0, Max: 0, Diff: 0, Sum: 0, Workers: 4
[4537.649s][debug][gc,phases      ] GC(285)     Total                          Min: 0, Avg:  0.0, Max: 0, Diff: 0, Sum: 0, Workers: 4
[4537.649s][debug][gc,phases      ] GC(285)   Weak JFR Old Object Samples    Min:  0.0, Avg:  0.0, Max:  0.0, Diff:  0.0, Sum:  0.0, Workers: 4
[4537.649s][debug][gc,phases      ] GC(285)     Dead                           Min: 0, Avg:  0.0, Max: 0, Diff: 0, Sum: 0, Workers: 4
[4537.649s][debug][gc,phases      ] GC(285)     Total                          Min: 0, Avg:  0.0, Max: 0, Diff: 0, Sum: 0, Workers: 4
[4537.649s][debug][gc,phases      ] GC(285) Weak Processing 0.292ms
[4537.649s][debug][gc,age         ] GC(285) Desired survivor size 2621440 bytes, new threshold 15 (max threshold 15)
[4537.649s][info ][gc,heap        ] GC(285) PSYoungGen: 2093328K(2094592K)->1216K(2094592K) Eden: 2092032K(2092032K)->0K(2092032K) From: 1296K(2560K)->1216K(2560K)
[4537.649s][info ][gc,heap        ] GC(285) ParOldGen: 375560K(458752K)->375568K(458752K)
[4537.649s][info ][gc,metaspace   ] GC(285) Metaspace: 84162K(85248K)->84162K(85248K) NonClass: 72219K(72832K)->72219K(72832K) Class: 11943K(12416K)->11943K(12416K)
[4537.649s][info ][gc             ] GC(285) Pause Young (Allocation Failure) 2411M->367M(2493M) 4.729ms
[4537.649s][info ][gc,cpu         ] GC(285) User=0.01s Sys=0.00s Real=0.01s
[4537.649s][info ][safepoint      ] Safepoint "ParallelGCFailedAllocation", Time since last: 5995646716 ns, Reaching safepoint: 102099 ns, At safepoint: 4794884 ns, Total: 4896983 ns
[4545.650s][info ][safepoint      ] Safepoint "Cleanup", Time since last: 8000540572 ns, Reaching safepoint: 37100 ns, At safepoint: 2500 ns, Total: 39600 ns
[4549.650s][info ][safepoint      ] Safepoint "Cleanup", Time since last: 4000307996 ns, Reaching safepoint: 41100 ns, At safepoint: 2400 ns, Total: 43500 ns
[4551.650s][info ][safepoint      ] Safepoint "Cleanup", Time since last: 2000154889 ns, Reaching safepoint: 39700 ns, At safepoint: 3000 ns, Total: 42700 ns
[4552.650s][info ][safepoint      ] Safepoint "Cleanup", Time since last: 1000108744 ns, Reaching safepoint: 34600 ns, At safepoint: 2700 ns, Total: 37300 ns
[4553.945s][info ][gc,start       ] GC(286) Pause Young (Allocation Failure)
[4553.947s][debug][gc,phases      ] GC(286) Scavenge 2.423ms
[4553.947s][debug][gc,ref         ] GC(286) Skipped phase 1 of Reference Processing: no references
[4553.947s][debug][gc,ref         ] GC(286) ReferenceProcessor::execute queues: 1, RefProcThreadModel::Single, marks_oops_alive: false
[4553.947s][debug][gc,ref         ] GC(286) Skipped phase 3 of Reference Processing: no references
[4553.947s][debug][gc,ref         ] GC(286) ReferenceProcessor::execute queues: 1, RefProcThreadModel::Single, marks_oops_alive: false
[4553.947s][debug][gc,phases      ] GC(286) Reference Processing 0.090ms
[4553.948s][debug][gc,phases      ] GC(286)   VM Weak                        Min:  0.0, Avg:  0.0, Max:  0.0, Diff:  0.0, Sum:  0.0, Workers: 4
[4553.948s][debug][gc,phases      ] GC(286)     Dead                           Min: 0, Avg:  0.0, Max: 0, Diff: 0, Sum: 0, Workers: 4
[4553.948s][debug][gc,phases      ] GC(286)     Total                          Min: 0, Avg: 212.2, Max: 448, Diff: 448, Sum: 849, Workers: 4
[4553.948s][debug][gc,phases      ] GC(286)   ObjectSynchronizer Weak        Min:  0.0, Avg:  0.0, Max:  0.0, Diff:  0.0, Sum:  0.0, Workers: 4
[4553.948s][debug][gc,phases      ] GC(286)     Dead                           Min: 0, Avg:  0.0, Max: 0, Diff: 0, Sum: 0, Workers: 4
[4553.948s][debug][gc,phases      ] GC(286)     Total                          Min: 0, Avg: 14.8, Max: 59, Diff: 59, Sum: 59, Workers: 4
[4553.948s][debug][gc,phases      ] GC(286)   JVMTI Tag Weak OopStorage      Min:  0.0, Avg:  0.0, Max:  0.0, Diff:  0.0, Sum:  0.0, Workers: 4
[4553.948s][debug][gc,phases      ] GC(286)     Dead                           Min: 0, Avg:  0.0, Max: 0, Diff: 0, Sum: 0, Workers: 4
[4553.948s][debug][gc,phases      ] GC(286)     Total                          Min: 0, Avg:  0.0, Max: 0, Diff: 0, Sum: 0, Workers: 4
[4553.948s][debug][gc,phases      ] GC(286)   StringTable Weak               Min:  0.0, Avg:  0.1, Max:  0.1, Diff:  0.1, Sum:  0.3, Workers: 4
[4553.948s][debug][gc,phases      ] GC(286)     Dead                           Min: 0, Avg:  0.0, Max: 0, Diff: 0, Sum: 0, Workers: 4
[4553.948s][debug][gc,phases      ] GC(286)     Total                          Min: 0, Avg: 11259.8, Max: 19631, Diff: 19631, Sum: 45039, Workers: 4
[4553.948s][debug][gc,phases      ] GC(286)   ResolvedMethodTable Weak       Min:  0.0, Avg:  0.0, Max:  0.0, Diff:  0.0, Sum:  0.1, Workers: 4
[4553.948s][debug][gc,phases      ] GC(286)     Dead                           Min: 0, Avg:  0.0, Max: 0, Diff: 0, Sum: 0, Workers: 4
[4553.948s][debug][gc,phases      ] GC(286)     Total                          Min: 0, Avg: 2460.0, Max: 4155, Diff: 4155, Sum: 9840, Workers: 4
[4553.948s][debug][gc,phases      ] GC(286)   JNI Weak                       Min:  0.0, Avg:  0.0, Max:  0.0, Diff:  0.0, Sum:  0.0, Workers: 4
[4553.948s][debug][gc,phases      ] GC(286)     Dead                           Min: 0, Avg:  0.0, Max: 0, Diff: 0, Sum: 0, Workers: 4
[4553.948s][debug][gc,phases      ] GC(286)     Total                          Min: 0, Avg: 11.2, Max: 45, Diff: 45, Sum: 45, Workers: 4
[4553.948s][debug][gc,phases      ] GC(286)   StringDedup Table Weak         Min:  0.0, Avg:  0.0, Max:  0.0, Diff:  0.0, Sum:  0.0, Workers: 4
[4553.948s][debug][gc,phases      ] GC(286)     Dead                           Min: 0, Avg:  0.0, Max: 0, Diff: 0, Sum: 0, Workers: 4
[4553.948s][debug][gc,phases      ] GC(286)     Total                          Min: 0, Avg:  0.0, Max: 0, Diff: 0, Sum: 0, Workers: 4
[4553.948s][debug][gc,phases      ] GC(286)   StringDedup Requests0 Weak     Min:  0.0, Avg:  0.0, Max:  0.0, Diff:  0.0, Sum:  0.0, Workers: 4
[4553.948s][debug][gc,phases      ] GC(286)     Dead                           Min: 0, Avg:  0.0, Max: 0, Diff: 0, Sum: 0, Workers: 4
[4553.948s][debug][gc,phases      ] GC(286)     Total                          Min: 0, Avg:  0.0, Max: 0, Diff: 0, Sum: 0, Workers: 4
[4553.948s][debug][gc,phases      ] GC(286)   StringDedup Requests1 Weak     Min:  0.0, Avg:  0.0, Max:  0.0, Diff:  0.0, Sum:  0.0, Workers: 4
[4553.948s][debug][gc,phases      ] GC(286)     Dead                           Min: 0, Avg:  0.0, Max: 0, Diff: 0, Sum: 0, Workers: 4
[4553.948s][debug][gc,phases      ] GC(286)     Total                          Min: 0, Avg:  0.0, Max: 0, Diff: 0, Sum: 0, Workers: 4
[4553.948s][debug][gc,phases      ] GC(286)   Weak JFR Old Object Samples    Min:  0.0, Avg:  0.0, Max:  0.0, Diff:  0.0, Sum:  0.0, Workers: 4
[4553.948s][debug][gc,phases      ] GC(286)     Dead                           Min: 0, Avg:  0.0, Max: 0, Diff: 0, Sum: 0, Workers: 4
[4553.948s][debug][gc,phases      ] GC(286)     Total                          Min: 0, Avg:  0.0, Max: 0, Diff: 0, Sum: 0, Workers: 4
[4553.948s][debug][gc,phases      ] GC(286) Weak Processing 0.368ms
[4553.948s][debug][gc,age         ] GC(286) Desired survivor size 2621440 bytes, new threshold 15 (max threshold 15)
[4553.948s][info ][gc,heap        ] GC(286) PSYoungGen: 2093248K(2094592K)->1264K(2094592K) Eden: 2092032K(2092032K)->0K(2092032K) From: 1216K(2560K)->1264K(2560K)
[4553.948s][info ][gc,heap        ] GC(286) ParOldGen: 375568K(458752K)->375600K(458752K)
[4553.948s][info ][gc,metaspace   ] GC(286) Metaspace: 84162K(85248K)->84162K(85248K) NonClass: 72219K(72832K)->72219K(72832K) Class: 11943K(12416K)->11943K(12416K)
[4553.948s][info ][gc             ] GC(286) Pause Young (Allocation Failure) 2410M->368M(2493M) 2.975ms
[4553.948s][info ][gc,cpu         ] GC(286) User=0.01s Sys=0.00s Real=0.01s
[4553.948s][info ][safepoint      ] Safepoint "ParallelGCFailedAllocation", Time since last: 1294519080 ns, Reaching safepoint: 35600 ns, At safepoint: 3041588 ns, Total: 3077188 ns
[4558.948s][info ][safepoint      ] Safepoint "Cleanup", Time since last: 5000338155 ns, Reaching safepoint: 40800 ns, At safepoint: 2400 ns, Total: 43200 ns
[4568.397s][info ][gc,start       ] GC(287) Pause Young (Allocation Failure)
[4568.400s][debug][gc,phases      ] GC(287) Scavenge 2.423ms
[4568.400s][debug][gc,ref         ] GC(287) Skipped phase 1 of Reference Processing: no references
[4568.400s][debug][gc,ref         ] GC(287) ReferenceProcessor::execute queues: 1, RefProcThreadModel::Single, marks_oops_alive: false
[4568.400s][debug][gc,ref         ] GC(287) Skipped phase 3 of Reference Processing: no references
[4568.400s][debug][gc,ref         ] GC(287) ReferenceProcessor::execute queues: 1, RefProcThreadModel::Single, marks_oops_alive: false
[4568.400s][debug][gc,phases      ] GC(287) Reference Processing 0.087ms
[4568.400s][debug][gc,phases      ] GC(287)   VM Weak                        Min:  0.0, Avg:  0.0, Max:  0.0, Diff:  0.0, Sum:  0.0, Workers: 4
[4568.400s][debug][gc,phases      ] GC(287)     Dead                           Min: 0, Avg:  0.0, Max: 0, Diff: 0, Sum: 0, Workers: 4
[4568.400s][debug][gc,phases      ] GC(287)     Total                          Min: 0, Avg: 212.2, Max: 337, Diff: 337, Sum: 849, Workers: 4
[4568.400s][debug][gc,phases      ] GC(287)   ObjectSynchronizer Weak        Min:  0.0, Avg:  0.0, Max:  0.0, Diff:  0.0, Sum:  0.0, Workers: 4
[4568.400s][debug][gc,phases      ] GC(287)     Dead                           Min: 0, Avg:  0.0, Max: 0, Diff: 0, Sum: 0, Workers: 4
[4568.400s][debug][gc,phases      ] GC(287)     Total                          Min: 0, Avg: 14.8, Max: 59, Diff: 59, Sum: 59, Workers: 4
[4568.400s][debug][gc,phases      ] GC(287)   JVMTI Tag Weak OopStorage      Min:  0.0, Avg:  0.0, Max:  0.0, Diff:  0.0, Sum:  0.0, Workers: 4
[4568.400s][debug][gc,phases      ] GC(287)     Dead                           Min: 0, Avg:  0.0, Max: 0, Diff: 0, Sum: 0, Workers: 4
[4568.400s][debug][gc,phases      ] GC(287)     Total                          Min: 0, Avg:  0.0, Max: 0, Diff: 0, Sum: 0, Workers: 4
[4568.400s][debug][gc,phases      ] GC(287)   StringTable Weak               Min:  0.0, Avg:  0.1, Max:  0.1, Diff:  0.1, Sum:  0.3, Workers: 4
[4568.400s][debug][gc,phases      ] GC(287)     Dead                           Min: 0, Avg:  0.0, Max: 0, Diff: 0, Sum: 0, Workers: 4
[4568.400s][debug][gc,phases      ] GC(287)     Total                          Min: 0, Avg: 11259.8, Max: 19760, Diff: 19760, Sum: 45039, Workers: 4
[4568.400s][debug][gc,phases      ] GC(287)   ResolvedMethodTable Weak       Min:  0.0, Avg:  0.0, Max:  0.0, Diff:  0.0, Sum:  0.1, Workers: 4
[4568.400s][debug][gc,phases      ] GC(287)     Dead                           Min: 0, Avg:  0.0, Max: 0, Diff: 0, Sum: 0, Workers: 4
[4568.400s][debug][gc,phases      ] GC(287)     Total                          Min: 0, Avg: 2460.0, Max: 4339, Diff: 4339, Sum: 9840, Workers: 4
[4568.400s][debug][gc,phases      ] GC(287)   JNI Weak                       Min:  0.0, Avg:  0.0, Max:  0.0, Diff:  0.0, Sum:  0.0, Workers: 4
[4568.400s][debug][gc,phases      ] GC(287)     Dead                           Min: 0, Avg:  0.0, Max: 0, Diff: 0, Sum: 0, Workers: 4
[4568.400s][debug][gc,phases      ] GC(287)     Total                          Min: 0, Avg: 11.2, Max: 45, Diff: 45, Sum: 45, Workers: 4
[4568.400s][debug][gc,phases      ] GC(287)   StringDedup Table Weak         Min:  0.0, Avg:  0.0, Max:  0.0, Diff:  0.0, Sum:  0.0, Workers: 4
[4568.400s][debug][gc,phases      ] GC(287)     Dead                           Min: 0, Avg:  0.0, Max: 0, Diff: 0, Sum: 0, Workers: 4
[4568.400s][debug][gc,phases      ] GC(287)     Total                          Min: 0, Avg:  0.0, Max: 0, Diff: 0, Sum: 0, Workers: 4
[4568.400s][debug][gc,phases      ] GC(287)   StringDedup Requests0 Weak     Min:  0.0, Avg:  0.0, Max:  0.0, Diff:  0.0, Sum:  0.0, Workers: 4
[4568.400s][debug][gc,phases      ] GC(287)     Dead                           Min: 0, Avg:  0.0, Max: 0, Diff: 0, Sum: 0, Workers: 4
[4568.400s][debug][gc,phases      ] GC(287)     Total                          Min: 0, Avg:  0.0, Max: 0, Diff: 0, Sum: 0, Workers: 4
[4568.400s][debug][gc,phases      ] GC(287)   StringDedup Requests1 Weak     Min:  0.0, Avg:  0.0, Max:  0.0, Diff:  0.0, Sum:  0.0, Workers: 4
[4568.400s][debug][gc,phases      ] GC(287)     Dead                           Min: 0, Avg:  0.0, Max: 0, Diff: 0, Sum: 0, Workers: 4
[4568.400s][debug][gc,phases      ] GC(287)     Total                          Min: 0, Avg:  0.0, Max: 0, Diff: 0, Sum: 0, Workers: 4
[4568.400s][debug][gc,phases      ] GC(287)   Weak JFR Old Object Samples    Min:  0.0, Avg:  0.0, Max:  0.0, Diff:  0.0, Sum:  0.0, Workers: 4
[4568.400s][debug][gc,phases      ] GC(287)     Dead                           Min: 0, Avg:  0.0, Max: 0, Diff: 0, Sum: 0, Workers: 4
[4568.400s][debug][gc,phases      ] GC(287)     Total                          Min: 0, Avg:  0.0, Max: 0, Diff: 0, Sum: 0, Workers: 4
[4568.400s][debug][gc,phases      ] GC(287) Weak Processing 0.296ms
[4568.400s][debug][gc,age         ] GC(287) Desired survivor size 2621440 bytes, new threshold 15 (max threshold 15)
[4568.400s][info ][gc,heap        ] GC(287) PSYoungGen: 2093296K(2094592K)->1264K(2094592K) Eden: 2092032K(2092032K)->0K(2092032K) From: 1264K(2560K)->1264K(2560K)
[4568.400s][info ][gc,heap        ] GC(287) ParOldGen: 375600K(458752K)->375600K(458752K)
[4568.400s][info ][gc,metaspace   ] GC(287) Metaspace: 84162K(85248K)->84162K(85248K) NonClass: 72219K(72832K)->72219K(72832K) Class: 11943K(12416K)->11943K(12416K)
[4568.400s][info ][gc             ] GC(287) Pause Young (Allocation Failure) 2411M->368M(2493M) 2.902ms
[4568.400s][info ][gc,cpu         ] GC(287) User=0.01s Sys=0.00s Real=0.00s
[4568.400s][info ][safepoint      ] Safepoint "ParallelGCFailedAllocation", Time since last: 9449034393 ns, Reaching safepoint: 102699 ns, At safepoint: 2989588 ns, Total: 3092287 ns
[4569.401s][info ][safepoint      ] Safepoint "Cleanup", Time since last: 1000087706 ns, Reaching safepoint: 48400 ns, At safepoint: 3800 ns, Total: 52200 ns
[4570.401s][info ][safepoint      ] Safepoint "Cleanup", Time since last: 1000105206 ns, Reaching safepoint: 39800 ns, At safepoint: 2100 ns, Total: 41900 ns
[4572.401s][info ][safepoint      ] Safepoint "Cleanup", Time since last: 2000176414 ns, Reaching safepoint: 109499 ns, At safepoint: 4400 ns, Total: 113899 ns
[4575.401s][info ][safepoint      ] Safepoint "Cleanup", Time since last: 3000236673 ns, Reaching safepoint: 47100 ns, At safepoint: 2600 ns, Total: 49700 ns
[4577.401s][info ][safepoint      ] Safepoint "Cleanup", Time since last: 2000166082 ns, Reaching safepoint: 33500 ns, At safepoint: 4800 ns, Total: 38300 ns
[4578.402s][info ][safepoint      ] Safepoint "Cleanup", Time since last: 1000103291 ns, Reaching safepoint: 44100 ns, At safepoint: 2499 ns, Total: 46599 ns
[4583.402s][info ][safepoint      ] Safepoint "Cleanup", Time since last: 5000352764 ns, Reaching safepoint: 48899 ns, At safepoint: 5900 ns, Total: 54799 ns
[4590.403s][info ][safepoint      ] Safepoint "Cleanup", Time since last: 7000479711 ns, Reaching safepoint: 36599 ns, At safepoint: 2900 ns, Total: 39499 ns
[4591.142s][info ][gc,start       ] GC(288) Pause Young (Allocation Failure)
[4591.149s][debug][gc,phases      ] GC(288) Scavenge 6.809ms
[4591.149s][debug][gc,ref         ] GC(288) Skipped phase 1 of Reference Processing: no references
[4591.149s][debug][gc,ref         ] GC(288) ReferenceProcessor::execute queues: 1, RefProcThreadModel::Single, marks_oops_alive: false
[4591.149s][debug][gc,ref         ] GC(288) ReferenceProcessor::execute queues: 4, RefProcThreadModel::Multi, marks_oops_alive: true
[4591.149s][debug][gc,ref         ] GC(288) ReferenceProcessor::execute queues: 1, RefProcThreadModel::Single, marks_oops_alive: false
[4591.149s][debug][gc,phases      ] GC(288) Reference Processing 0.237ms
[4591.149s][debug][gc,phases      ] GC(288)   VM Weak                        Min:  0.0, Avg:  0.0, Max:  0.0, Diff:  0.0, Sum:  0.0, Workers: 4
[4591.149s][debug][gc,phases      ] GC(288)     Dead                           Min: 0, Avg:  0.0, Max: 0, Diff: 0, Sum: 0, Workers: 4
[4591.149s][debug][gc,phases      ] GC(288)     Total                          Min: 0, Avg: 212.2, Max: 512, Diff: 512, Sum: 849, Workers: 4
[4591.149s][debug][gc,phases      ] GC(288)   ObjectSynchronizer Weak        Min:  0.0, Avg:  0.0, Max:  0.0, Diff:  0.0, Sum:  0.0, Workers: 4
[4591.149s][debug][gc,phases      ] GC(288)     Dead                           Min: 0, Avg:  0.0, Max: 0, Diff: 0, Sum: 0, Workers: 4
[4591.149s][debug][gc,phases      ] GC(288)     Total                          Min: 0, Avg: 14.8, Max: 59, Diff: 59, Sum: 59, Workers: 4
[4591.149s][debug][gc,phases      ] GC(288)   JVMTI Tag Weak OopStorage      Min:  0.0, Avg:  0.0, Max:  0.0, Diff:  0.0, Sum:  0.0, Workers: 4
[4591.149s][debug][gc,phases      ] GC(288)     Dead                           Min: 0, Avg:  0.0, Max: 0, Diff: 0, Sum: 0, Workers: 4
[4591.149s][debug][gc,phases      ] GC(288)     Total                          Min: 0, Avg:  0.0, Max: 0, Diff: 0, Sum: 0, Workers: 4
[4591.149s][debug][gc,phases      ] GC(288)   StringTable Weak               Min:  0.0, Avg:  0.1, Max:  0.1, Diff:  0.1, Sum:  0.3, Workers: 4
[4591.149s][debug][gc,phases      ] GC(288)     Dead                           Min: 0, Avg:  0.0, Max: 0, Diff: 0, Sum: 0, Workers: 4
[4591.149s][debug][gc,phases      ] GC(288)     Total                          Min: 0, Avg: 11260.5, Max: 19827, Diff: 19827, Sum: 45042, Workers: 4
[4591.149s][debug][gc,phases      ] GC(288)   ResolvedMethodTable Weak       Min:  0.0, Avg:  0.0, Max:  0.0, Diff:  0.0, Sum:  0.1, Workers: 4
[4591.149s][debug][gc,phases      ] GC(288)     Dead                           Min: 0, Avg:  0.0, Max: 0, Diff: 0, Sum: 0, Workers: 4
[4591.149s][debug][gc,phases      ] GC(288)     Total                          Min: 0, Avg: 2460.0, Max: 4283, Diff: 4283, Sum: 9840, Workers: 4
[4591.149s][debug][gc,phases      ] GC(288)   JNI Weak                       Min:  0.0, Avg:  0.0, Max:  0.0, Diff:  0.0, Sum:  0.0, Workers: 4
[4591.149s][debug][gc,phases      ] GC(288)     Dead                           Min: 0, Avg:  0.0, Max: 0, Diff: 0, Sum: 0, Workers: 4
[4591.149s][debug][gc,phases      ] GC(288)     Total                          Min: 0, Avg: 11.2, Max: 45, Diff: 45, Sum: 45, Workers: 4
[4591.149s][debug][gc,phases      ] GC(288)   StringDedup Table Weak         Min:  0.0, Avg:  0.0, Max:  0.0, Diff:  0.0, Sum:  0.0, Workers: 4
[4591.149s][debug][gc,phases      ] GC(288)     Dead                           Min: 0, Avg:  0.0, Max: 0, Diff: 0, Sum: 0, Workers: 4
[4591.149s][debug][gc,phases      ] GC(288)     Total                          Min: 0, Avg:  0.0, Max: 0, Diff: 0, Sum: 0, Workers: 4
[4591.149s][debug][gc,phases      ] GC(288)   StringDedup Requests0 Weak     Min:  0.0, Avg:  0.0, Max:  0.0, Diff:  0.0, Sum:  0.0, Workers: 4
[4591.149s][debug][gc,phases      ] GC(288)     Dead                           Min: 0, Avg:  0.0, Max: 0, Diff: 0, Sum: 0, Workers: 4
[4591.149s][debug][gc,phases      ] GC(288)     Total                          Min: 0, Avg:  0.0, Max: 0, Diff: 0, Sum: 0, Workers: 4
[4591.149s][debug][gc,phases      ] GC(288)   StringDedup Requests1 Weak     Min:  0.0, Avg:  0.0, Max:  0.0, Diff:  0.0, Sum:  0.0, Workers: 4
[4591.149s][debug][gc,phases      ] GC(288)     Dead                           Min: 0, Avg:  0.0, Max: 0, Diff: 0, Sum: 0, Workers: 4
[4591.149s][debug][gc,phases      ] GC(288)     Total                          Min: 0, Avg:  0.0, Max: 0, Diff: 0, Sum: 0, Workers: 4
[4591.149s][debug][gc,phases      ] GC(288)   Weak JFR Old Object Samples    Min:  0.0, Avg:  0.0, Max:  0.0, Diff:  0.0, Sum:  0.0, Workers: 4
[4591.149s][debug][gc,phases      ] GC(288)     Dead                           Min: 0, Avg:  0.0, Max: 0, Diff: 0, Sum: 0, Workers: 4
[4591.149s][debug][gc,phases      ] GC(288)     Total                          Min: 0, Avg:  0.0, Max: 0, Diff: 0, Sum: 0, Workers: 4
[4591.149s][debug][gc,phases      ] GC(288) Weak Processing 0.295ms
[4591.149s][debug][gc,age         ] GC(288) Desired survivor size 2621440 bytes, new threshold 15 (max threshold 15)
[4591.149s][info ][gc,heap        ] GC(288) PSYoungGen: 2093296K(2094592K)->1904K(2094592K) Eden: 2092032K(2092032K)->0K(2092032K) From: 1264K(2560K)->1904K(2560K)
[4591.149s][info ][gc,heap        ] GC(288) ParOldGen: 375600K(458752K)->375616K(458752K)
[4591.149s][info ][gc,metaspace   ] GC(288) Metaspace: 84189K(85248K)->84189K(85248K) NonClass: 72246K(72832K)->72246K(72832K) Class: 11943K(12416K)->11943K(12416K)
[4591.149s][info ][gc             ] GC(288) Pause Young (Allocation Failure) 2411M->368M(2493M) 7.449ms
[4591.149s][info ][gc,cpu         ] GC(288) User=0.02s Sys=0.00s Real=0.01s
[4591.149s][info ][safepoint      ] Safepoint "ParallelGCFailedAllocation", Time since last: 739119666 ns, Reaching safepoint: 112100 ns, At safepoint: 7521773 ns, Total: 7633873 ns
[4594.150s][info ][safepoint      ] Safepoint "Cleanup", Time since last: 3000210506 ns, Reaching safepoint: 46300 ns, At safepoint: 5400 ns, Total: 51700 ns
[4601.150s][info ][safepoint      ] Safepoint "Cleanup", Time since last: 7000479609 ns, Reaching safepoint: 92600 ns, At safepoint: 4500 ns, Total: 97100 ns
[4606.943s][info ][gc,start       ] GC(289) Pause Young (Allocation Failure)
[4606.948s][debug][gc,phases      ] GC(289) Scavenge 5.130ms
[4606.948s][debug][gc,ref         ] GC(289) Skipped phase 1 of Reference Processing: no references
[4606.948s][debug][gc,ref         ] GC(289) ReferenceProcessor::execute queues: 1, RefProcThreadModel::Single, marks_oops_alive: false
[4606.948s][debug][gc,ref         ] GC(289) ReferenceProcessor::execute queues: 4, RefProcThreadModel::Multi, marks_oops_alive: true
[4606.948s][debug][gc,ref         ] GC(289) ReferenceProcessor::execute queues: 1, RefProcThreadModel::Single, marks_oops_alive: false
[4606.948s][debug][gc,phases      ] GC(289) Reference Processing 0.180ms
[4606.948s][debug][gc,phases      ] GC(289)   VM Weak                        Min:  0.0, Avg:  0.0, Max:  0.0, Diff:  0.0, Sum:  0.0, Workers: 4
[4606.948s][debug][gc,phases      ] GC(289)     Dead                           Min: 0, Avg:  0.0, Max: 0, Diff: 0, Sum: 0, Workers: 4
[4606.948s][debug][gc,phases      ] GC(289)     Total                          Min: 0, Avg: 212.2, Max: 704, Diff: 704, Sum: 849, Workers: 4
[4606.948s][debug][gc,phases      ] GC(289)   ObjectSynchronizer Weak        Min:  0.0, Avg:  0.0, Max:  0.0, Diff:  0.0, Sum:  0.0, Workers: 4
[4606.948s][debug][gc,phases      ] GC(289)     Dead                           Min: 0, Avg:  0.0, Max: 0, Diff: 0, Sum: 0, Workers: 4
[4606.948s][debug][gc,phases      ] GC(289)     Total                          Min: 0, Avg: 14.8, Max: 59, Diff: 59, Sum: 59, Workers: 4
[4606.948s][debug][gc,phases      ] GC(289)   JVMTI Tag Weak OopStorage      Min:  0.0, Avg:  0.0, Max:  0.0, Diff:  0.0, Sum:  0.0, Workers: 4
[4606.948s][debug][gc,phases      ] GC(289)     Dead                           Min: 0, Avg:  0.0, Max: 0, Diff: 0, Sum: 0, Workers: 4
[4606.948s][debug][gc,phases      ] GC(289)     Total                          Min: 0, Avg:  0.0, Max: 0, Diff: 0, Sum: 0, Workers: 4
[4606.948s][debug][gc,phases      ] GC(289)   StringTable Weak               Min:  0.1, Avg:  0.1, Max:  0.1, Diff:  0.0, Sum:  0.4, Workers: 4
[4606.948s][debug][gc,phases      ] GC(289)     Dead                           Min: 0, Avg:  0.0, Max: 0, Diff: 0, Sum: 0, Workers: 4
[4606.948s][debug][gc,phases      ] GC(289)     Total                          Min: 10944, Avg: 11260.5, Max: 11968, Diff: 1024, Sum: 45042, Workers: 4
[4606.948s][debug][gc,phases      ] GC(289)   ResolvedMethodTable Weak       Min:  0.0, Avg:  0.0, Max:  0.0, Diff:  0.0, Sum:  0.1, Workers: 4
[4606.948s][debug][gc,phases      ] GC(289)     Dead                           Min: 0, Avg:  0.0, Max: 0, Diff: 0, Sum: 0, Workers: 4
[4606.948s][debug][gc,phases      ] GC(289)     Total                          Min: 2304, Avg: 2460.0, Max: 2679, Diff: 375, Sum: 9840, Workers: 4
[4606.948s][debug][gc,phases      ] GC(289)   JNI Weak                       Min:  0.0, Avg:  0.0, Max:  0.0, Diff:  0.0, Sum:  0.0, Workers: 4
[4606.948s][debug][gc,phases      ] GC(289)     Dead                           Min: 0, Avg:  0.0, Max: 0, Diff: 0, Sum: 0, Workers: 4
[4606.948s][debug][gc,phases      ] GC(289)     Total                          Min: 0, Avg: 11.2, Max: 45, Diff: 45, Sum: 45, Workers: 4
[4606.948s][debug][gc,phases      ] GC(289)   StringDedup Table Weak         Min:  0.0, Avg:  0.0, Max:  0.0, Diff:  0.0, Sum:  0.0, Workers: 4
[4606.948s][debug][gc,phases      ] GC(289)     Dead                           Min: 0, Avg:  0.0, Max: 0, Diff: 0, Sum: 0, Workers: 4
[4606.948s][debug][gc,phases      ] GC(289)     Total                          Min: 0, Avg:  0.0, Max: 0, Diff: 0, Sum: 0, Workers: 4
[4606.948s][debug][gc,phases      ] GC(289)   StringDedup Requests0 Weak     Min:  0.0, Avg:  0.0, Max:  0.0, Diff:  0.0, Sum:  0.0, Workers: 4
[4606.948s][debug][gc,phases      ] GC(289)     Dead                           Min: 0, Avg:  0.0, Max: 0, Diff: 0, Sum: 0, Workers: 4
[4606.948s][debug][gc,phases      ] GC(289)     Total                          Min: 0, Avg:  0.0, Max: 0, Diff: 0, Sum: 0, Workers: 4
[4606.948s][debug][gc,phases      ] GC(289)   StringDedup Requests1 Weak     Min:  0.0, Avg:  0.0, Max:  0.0, Diff:  0.0, Sum:  0.0, Workers: 4
[4606.948s][debug][gc,phases      ] GC(289)     Dead                           Min: 0, Avg:  0.0, Max: 0, Diff: 0, Sum: 0, Workers: 4
[4606.948s][debug][gc,phases      ] GC(289)     Total                          Min: 0, Avg:  0.0, Max: 0, Diff: 0, Sum: 0, Workers: 4
[4606.948s][debug][gc,phases      ] GC(289)   Weak JFR Old Object Samples    Min:  0.0, Avg:  0.0, Max:  0.0, Diff:  0.0, Sum:  0.0, Workers: 4
[4606.948s][debug][gc,phases      ] GC(289)     Dead                           Min: 0, Avg:  0.0, Max: 0, Diff: 0, Sum: 0, Workers: 4
[4606.948s][debug][gc,phases      ] GC(289)     Total                          Min: 0, Avg:  0.0, Max: 0, Diff: 0, Sum: 0, Workers: 4
[4606.948s][debug][gc,phases      ] GC(289) Weak Processing 0.277ms
[4606.948s][debug][gc,age         ] GC(289) Desired survivor size 2621440 bytes, new threshold 15 (max threshold 15)
[4606.948s][info ][gc,heap        ] GC(289) PSYoungGen: 2093936K(2094592K)->1872K(2094592K) Eden: 2092032K(2092032K)->0K(2092032K) From: 1904K(2560K)->1872K(2560K)
[4606.948s][info ][gc,heap        ] GC(289) ParOldGen: 375616K(458752K)->375624K(458752K)
[4606.948s][info ][gc,metaspace   ] GC(289) Metaspace: 84191K(85248K)->84191K(85248K) NonClass: 72248K(72832K)->72248K(72832K) Class: 11943K(12416K)->11943K(12416K)
[4606.948s][info ][gc             ] GC(289) Pause Young (Allocation Failure) 2411M->368M(2493M) 5.696ms
[4606.948s][info ][gc,cpu         ] GC(289) User=0.02s Sys=0.00s Real=0.01s
[4606.948s][info ][safepoint      ] Safepoint "ParallelGCFailedAllocation", Time since last: 5792480237 ns, Reaching safepoint: 31000 ns, At safepoint: 5759979 ns, Total: 5790979 ns
[4622.594s][info ][gc,start       ] GC(290) Pause Young (Allocation Failure)
[4622.599s][debug][gc,phases      ] GC(290) Scavenge 5.094ms
[4622.599s][debug][gc,ref         ] GC(290) Skipped phase 1 of Reference Processing: no references
[4622.599s][debug][gc,ref         ] GC(290) ReferenceProcessor::execute queues: 1, RefProcThreadModel::Single, marks_oops_alive: false
[4622.599s][debug][gc,ref         ] GC(290) Skipped phase 3 of Reference Processing: no references
[4622.599s][debug][gc,ref         ] GC(290) ReferenceProcessor::execute queues: 1, RefProcThreadModel::Single, marks_oops_alive: false
[4622.599s][debug][gc,phases      ] GC(290) Reference Processing 0.090ms
[4622.599s][debug][gc,phases      ] GC(290)   VM Weak                        Min:  0.0, Avg:  0.0, Max:  0.0, Diff:  0.0, Sum:  0.0, Workers: 4
[4622.599s][debug][gc,phases      ] GC(290)     Dead                           Min: 0, Avg:  0.0, Max: 0, Diff: 0, Sum: 0, Workers: 4
[4622.599s][debug][gc,phases      ] GC(290)     Total                          Min: 81, Avg: 212.2, Max: 448, Diff: 367, Sum: 849, Workers: 4
[4622.599s][debug][gc,phases      ] GC(290)   ObjectSynchronizer Weak        Min:  0.0, Avg:  0.0, Max:  0.0, Diff:  0.0, Sum:  0.0, Workers: 4
[4622.599s][debug][gc,phases      ] GC(290)     Dead                           Min: 0, Avg:  0.0, Max: 0, Diff: 0, Sum: 0, Workers: 4
[4622.599s][debug][gc,phases      ] GC(290)     Total                          Min: 0, Avg: 14.8, Max: 59, Diff: 59, Sum: 59, Workers: 4
[4622.599s][debug][gc,phases      ] GC(290)   JVMTI Tag Weak OopStorage      Min:  0.0, Avg:  0.0, Max:  0.0, Diff:  0.0, Sum:  0.0, Workers: 4
[4622.599s][debug][gc,phases      ] GC(290)     Dead                           Min: 0, Avg:  0.0, Max: 0, Diff: 0, Sum: 0, Workers: 4
[4622.599s][debug][gc,phases      ] GC(290)     Total                          Min: 0, Avg:  0.0, Max: 0, Diff: 0, Sum: 0, Workers: 4
[4622.599s][debug][gc,phases      ] GC(290)   StringTable Weak               Min:  0.1, Avg:  0.1, Max:  0.1, Diff:  0.0, Sum:  0.4, Workers: 4
[4622.599s][debug][gc,phases      ] GC(290)     Dead                           Min: 0, Avg:  0.0, Max: 0, Diff: 0, Sum: 0, Workers: 4
[4622.599s][debug][gc,phases      ] GC(290)     Total                          Min: 10995, Avg: 11260.5, Max: 11776, Diff: 781, Sum: 45042, Workers: 4
[4622.599s][debug][gc,phases      ] GC(290)   ResolvedMethodTable Weak       Min:  0.0, Avg:  0.0, Max:  0.0, Diff:  0.0, Sum:  0.1, Workers: 4
[4622.599s][debug][gc,phases      ] GC(290)     Dead                           Min: 0, Avg:  0.0, Max: 0, Diff: 0, Sum: 0, Workers: 4
[4622.599s][debug][gc,phases      ] GC(290)     Total                          Min: 2176, Avg: 2460.0, Max: 2869, Diff: 693, Sum: 9840, Workers: 4
[4622.599s][debug][gc,phases      ] GC(290)   JNI Weak                       Min:  0.0, Avg:  0.0, Max:  0.0, Diff:  0.0, Sum:  0.0, Workers: 4
[4622.599s][debug][gc,phases      ] GC(290)     Dead                           Min: 0, Avg:  0.0, Max: 0, Diff: 0, Sum: 0, Workers: 4
[4622.599s][debug][gc,phases      ] GC(290)     Total                          Min: 0, Avg: 11.2, Max: 45, Diff: 45, Sum: 45, Workers: 4
[4622.599s][debug][gc,phases      ] GC(290)   StringDedup Table Weak         Min:  0.0, Avg:  0.0, Max:  0.0, Diff:  0.0, Sum:  0.0, Workers: 4
[4622.599s][debug][gc,phases      ] GC(290)     Dead                           Min: 0, Avg:  0.0, Max: 0, Diff: 0, Sum: 0, Workers: 4
[4622.599s][debug][gc,phases      ] GC(290)     Total                          Min: 0, Avg:  0.0, Max: 0, Diff: 0, Sum: 0, Workers: 4
[4622.599s][debug][gc,phases      ] GC(290)   StringDedup Requests0 Weak     Min:  0.0, Avg:  0.0, Max:  0.0, Diff:  0.0, Sum:  0.0, Workers: 4
[4622.599s][debug][gc,phases      ] GC(290)     Dead                           Min: 0, Avg:  0.0, Max: 0, Diff: 0, Sum: 0, Workers: 4
[4622.599s][debug][gc,phases      ] GC(290)     Total                          Min: 0, Avg:  0.0, Max: 0, Diff: 0, Sum: 0, Workers: 4
[4622.599s][debug][gc,phases      ] GC(290)   StringDedup Requests1 Weak     Min:  0.0, Avg:  0.0, Max:  0.0, Diff:  0.0, Sum:  0.0, Workers: 4
[4622.599s][debug][gc,phases      ] GC(290)     Dead                           Min: 0, Avg:  0.0, Max: 0, Diff: 0, Sum: 0, Workers: 4
[4622.599s][debug][gc,phases      ] GC(290)     Total                          Min: 0, Avg:  0.0, Max: 0, Diff: 0, Sum: 0, Workers: 4
[4622.599s][debug][gc,phases      ] GC(290)   Weak JFR Old Object Samples    Min:  0.0, Avg:  0.0, Max:  0.0, Diff:  0.0, Sum:  0.0, Workers: 4
[4622.599s][debug][gc,phases      ] GC(290)     Dead                           Min: 0, Avg:  0.0, Max: 0, Diff: 0, Sum: 0, Workers: 4
[4622.599s][debug][gc,phases      ] GC(290)     Total                          Min: 0, Avg:  0.0, Max: 0, Diff: 0, Sum: 0, Workers: 4
[4622.599s][debug][gc,phases      ] GC(290) Weak Processing 0.289ms
[4622.599s][debug][gc,age         ] GC(290) Desired survivor size 2621440 bytes, new threshold 15 (max threshold 15)
[4622.599s][info ][gc,heap        ] GC(290) PSYoungGen: 2093904K(2094592K)->1920K(2094592K) Eden: 2092032K(2092032K)->0K(2092032K) From: 1872K(2560K)->1920K(2560K)
[4622.599s][info ][gc,heap        ] GC(290) ParOldGen: 375624K(458752K)->375664K(458752K)
[4622.599s][info ][gc,metaspace   ] GC(290) Metaspace: 84191K(85248K)->84191K(85248K) NonClass: 72248K(72832K)->72248K(72832K) Class: 11943K(12416K)->11943K(12416K)
[4622.599s][info ][gc             ] GC(290) Pause Young (Allocation Failure) 2411M->368M(2493M) 5.590ms
[4622.599s][info ][gc,cpu         ] GC(290) User=0.02s Sys=0.00s Real=0.01s
[4622.599s][info ][safepoint      ] Safepoint "ParallelGCFailedAllocation", Time since last: 15645313699 ns, Reaching safepoint: 25800 ns, At safepoint: 5659376 ns, Total: 5685176 ns
[4638.543s][info ][gc,start       ] GC(291) Pause Young (Allocation Failure)
[4638.546s][debug][gc,phases      ] GC(291) Scavenge 2.912ms
[4638.546s][debug][gc,ref         ] GC(291) Skipped phase 1 of Reference Processing: no references
[4638.546s][debug][gc,ref         ] GC(291) ReferenceProcessor::execute queues: 1, RefProcThreadModel::Single, marks_oops_alive: false
[4638.546s][debug][gc,ref         ] GC(291) Skipped phase 3 of Reference Processing: no references
[4638.546s][debug][gc,ref         ] GC(291) ReferenceProcessor::execute queues: 1, RefProcThreadModel::Single, marks_oops_alive: false
[4638.546s][debug][gc,phases      ] GC(291) Reference Processing 0.085ms
[4638.546s][debug][gc,phases      ] GC(291)   VM Weak                        Min:  0.0, Avg:  0.0, Max:  0.0, Diff:  0.0, Sum:  0.0, Workers: 4
[4638.546s][debug][gc,phases      ] GC(291)     Dead                           Min: 0, Avg:  0.0, Max: 0, Diff: 0, Sum: 0, Workers: 4
[4638.546s][debug][gc,phases      ] GC(291)     Total                          Min: 0, Avg: 212.2, Max: 448, Diff: 448, Sum: 849, Workers: 4
[4638.546s][debug][gc,phases      ] GC(291)   ObjectSynchronizer Weak        Min:  0.0, Avg:  0.0, Max:  0.0, Diff:  0.0, Sum:  0.0, Workers: 4
[4638.546s][debug][gc,phases      ] GC(291)     Dead                           Min: 0, Avg:  0.0, Max: 0, Diff: 0, Sum: 0, Workers: 4
[4638.546s][debug][gc,phases      ] GC(291)     Total                          Min: 0, Avg: 14.8, Max: 59, Diff: 59, Sum: 59, Workers: 4
[4638.546s][debug][gc,phases      ] GC(291)   JVMTI Tag Weak OopStorage      Min:  0.0, Avg:  0.0, Max:  0.0, Diff:  0.0, Sum:  0.0, Workers: 4
[4638.547s][debug][gc,phases      ] GC(291)     Dead                           Min: 0, Avg:  0.0, Max: 0, Diff: 0, Sum: 0, Workers: 4
[4638.547s][debug][gc,phases      ] GC(291)     Total                          Min: 0, Avg:  0.0, Max: 0, Diff: 0, Sum: 0, Workers: 4
[4638.547s][debug][gc,phases      ] GC(291)   StringTable Weak               Min:  0.1, Avg:  0.1, Max:  0.1, Diff:  0.0, Sum:  0.4, Workers: 4
[4638.547s][debug][gc,phases      ] GC(291)     Dead                           Min: 0, Avg:  0.0, Max: 0, Diff: 0, Sum: 0, Workers: 4
[4638.547s][debug][gc,phases      ] GC(291)     Total                          Min: 10816, Avg: 11260.5, Max: 11776, Diff: 960, Sum: 45042, Workers: 4
[4638.547s][debug][gc,phases      ] GC(291)   ResolvedMethodTable Weak       Min:  0.0, Avg:  0.0, Max:  0.0, Diff:  0.0, Sum:  0.1, Workers: 4
[4638.547s][debug][gc,phases      ] GC(291)     Dead                           Min: 0, Avg:  0.0, Max: 0, Diff: 0, Sum: 0, Workers: 4
[4638.547s][debug][gc,phases      ] GC(291)     Total                          Min: 2424, Avg: 2460.0, Max: 2496, Diff: 72, Sum: 9840, Workers: 4
[4638.547s][debug][gc,phases      ] GC(291)   JNI Weak                       Min:  0.0, Avg:  0.0, Max:  0.0, Diff:  0.0, Sum:  0.0, Workers: 4
[4638.547s][debug][gc,phases      ] GC(291)     Dead                           Min: 0, Avg:  0.0, Max: 0, Diff: 0, Sum: 0, Workers: 4
[4638.547s][debug][gc,phases      ] GC(291)     Total                          Min: 0, Avg: 11.2, Max: 45, Diff: 45, Sum: 45, Workers: 4
[4638.547s][debug][gc,phases      ] GC(291)   StringDedup Table Weak         Min:  0.0, Avg:  0.0, Max:  0.0, Diff:  0.0, Sum:  0.0, Workers: 4
[4638.547s][debug][gc,phases      ] GC(291)     Dead                           Min: 0, Avg:  0.0, Max: 0, Diff: 0, Sum: 0, Workers: 4
[4638.547s][debug][gc,phases      ] GC(291)     Total                          Min: 0, Avg:  0.0, Max: 0, Diff: 0, Sum: 0, Workers: 4
[4638.547s][debug][gc,phases      ] GC(291)   StringDedup Requests0 Weak     Min:  0.0, Avg:  0.0, Max:  0.0, Diff:  0.0, Sum:  0.0, Workers: 4
[4638.547s][debug][gc,phases      ] GC(291)     Dead                           Min: 0, Avg:  0.0, Max: 0, Diff: 0, Sum: 0, Workers: 4
[4638.547s][debug][gc,phases      ] GC(291)     Total                          Min: 0, Avg:  0.0, Max: 0, Diff: 0, Sum: 0, Workers: 4
[4638.547s][debug][gc,phases      ] GC(291)   StringDedup Requests1 Weak     Min:  0.0, Avg:  0.0, Max:  0.0, Diff:  0.0, Sum:  0.0, Workers: 4
[4638.547s][debug][gc,phases      ] GC(291)     Dead                           Min: 0, Avg:  0.0, Max: 0, Diff: 0, Sum: 0, Workers: 4
[4638.547s][debug][gc,phases      ] GC(291)     Total                          Min: 0, Avg:  0.0, Max: 0, Diff: 0, Sum: 0, Workers: 4
[4638.547s][debug][gc,phases      ] GC(291)   Weak JFR Old Object Samples    Min:  0.0, Avg:  0.0, Max:  0.0, Diff:  0.0, Sum:  0.0, Workers: 4
[4638.547s][debug][gc,phases      ] GC(291)     Dead                           Min: 0, Avg:  0.0, Max: 0, Diff: 0, Sum: 0, Workers: 4
[4638.547s][debug][gc,phases      ] GC(291)     Total                          Min: 0, Avg:  0.0, Max: 0, Diff: 0, Sum: 0, Workers: 4
[4638.547s][debug][gc,phases      ] GC(291) Weak Processing 0.279ms
[4638.547s][debug][gc,age         ] GC(291) Desired survivor size 2621440 bytes, new threshold 15 (max threshold 15)
[4638.547s][info ][gc,heap        ] GC(291) PSYoungGen: 2093952K(2094592K)->1920K(2094592K) Eden: 2092032K(2092032K)->0K(2092032K) From: 1920K(2560K)->1920K(2560K)
[4638.547s][info ][gc,heap        ] GC(291) ParOldGen: 375664K(458752K)->375688K(458752K)
[4638.547s][info ][gc,metaspace   ] GC(291) Metaspace: 84191K(85248K)->84191K(85248K) NonClass: 72248K(72832K)->72248K(72832K) Class: 11943K(12416K)->11943K(12416K)
[4638.547s][info ][gc             ] GC(291) Pause Young (Allocation Failure) 2411M->368M(2493M) 3.381ms
[4638.547s][info ][gc,cpu         ] GC(291) User=0.01s Sys=0.00s Real=0.01s
[4638.547s][info ][safepoint      ] Safepoint "ParallelGCFailedAllocation", Time since last: 15943770582 ns, Reaching safepoint: 43099 ns, At safepoint: 3445586 ns, Total: 3488685 ns
[4654.646s][info ][gc,start       ] GC(292) Pause Young (Allocation Failure)
[4654.649s][debug][gc,phases      ] GC(292) Scavenge 2.884ms
[4654.649s][debug][gc,ref         ] GC(292) Skipped phase 1 of Reference Processing: no references
[4654.649s][debug][gc,ref         ] GC(292) ReferenceProcessor::execute queues: 1, RefProcThreadModel::Single, marks_oops_alive: false
[4654.649s][debug][gc,ref         ] GC(292) Skipped phase 3 of Reference Processing: no references
[4654.649s][debug][gc,ref         ] GC(292) ReferenceProcessor::execute queues: 1, RefProcThreadModel::Single, marks_oops_alive: false
[4654.649s][debug][gc,phases      ] GC(292) Reference Processing 0.091ms
[4654.649s][debug][gc,phases      ] GC(292)   VM Weak                        Min:  0.0, Avg:  0.0, Max:  0.0, Diff:  0.0, Sum:  0.0, Workers: 4
[4654.649s][debug][gc,phases      ] GC(292)     Dead                           Min: 0, Avg:  0.0, Max: 0, Diff: 0, Sum: 0, Workers: 4
[4654.649s][debug][gc,phases      ] GC(292)     Total                          Min: 0, Avg: 212.2, Max: 448, Diff: 448, Sum: 849, Workers: 4
[4654.649s][debug][gc,phases      ] GC(292)   ObjectSynchronizer Weak        Min:  0.0, Avg:  0.0, Max:  0.0, Diff:  0.0, Sum:  0.0, Workers: 4
[4654.649s][debug][gc,phases      ] GC(292)     Dead                           Min: 0, Avg:  0.0, Max: 0, Diff: 0, Sum: 0, Workers: 4
[4654.649s][debug][gc,phases      ] GC(292)     Total                          Min: 0, Avg: 14.8, Max: 59, Diff: 59, Sum: 59, Workers: 4
[4654.649s][debug][gc,phases      ] GC(292)   JVMTI Tag Weak OopStorage      Min:  0.0, Avg:  0.0, Max:  0.0, Diff:  0.0, Sum:  0.0, Workers: 4
[4654.649s][debug][gc,phases      ] GC(292)     Dead                           Min: 0, Avg:  0.0, Max: 0, Diff: 0, Sum: 0, Workers: 4
[4654.649s][debug][gc,phases      ] GC(292)     Total                          Min: 0, Avg:  0.0, Max: 0, Diff: 0, Sum: 0, Workers: 4
[4654.649s][debug][gc,phases      ] GC(292)   StringTable Weak               Min:  0.0, Avg:  0.1, Max:  0.1, Diff:  0.1, Sum:  0.3, Workers: 4
[4654.649s][debug][gc,phases      ] GC(292)     Dead                           Min: 0, Avg:  0.0, Max: 0, Diff: 0, Sum: 0, Workers: 4
[4654.649s][debug][gc,phases      ] GC(292)     Total                          Min: 0, Avg: 11260.5, Max: 19583, Diff: 19583, Sum: 45042, Workers: 4
[4654.649s][debug][gc,phases      ] GC(292)   ResolvedMethodTable Weak       Min:  0.0, Avg:  0.0, Max:  0.0, Diff:  0.0, Sum:  0.1, Workers: 4
[4654.649s][debug][gc,phases      ] GC(292)     Dead                           Min: 0, Avg:  0.0, Max: 0, Diff: 0, Sum: 0, Workers: 4
[4654.649s][debug][gc,phases      ] GC(292)     Total                          Min: 0, Avg: 2460.0, Max: 4344, Diff: 4344, Sum: 9840, Workers: 4
[4654.649s][debug][gc,phases      ] GC(292)   JNI Weak                       Min:  0.0, Avg:  0.0, Max:  0.0, Diff:  0.0, Sum:  0.0, Workers: 4
[4654.649s][debug][gc,phases      ] GC(292)     Dead                           Min: 0, Avg:  0.0, Max: 0, Diff: 0, Sum: 0, Workers: 4
[4654.649s][debug][gc,phases      ] GC(292)     Total                          Min: 0, Avg: 11.2, Max: 45, Diff: 45, Sum: 45, Workers: 4
[4654.649s][debug][gc,phases      ] GC(292)   StringDedup Table Weak         Min:  0.0, Avg:  0.0, Max:  0.0, Diff:  0.0, Sum:  0.0, Workers: 4
[4654.649s][debug][gc,phases      ] GC(292)     Dead                           Min: 0, Avg:  0.0, Max: 0, Diff: 0, Sum: 0, Workers: 4
[4654.649s][debug][gc,phases      ] GC(292)     Total                          Min: 0, Avg:  0.0, Max: 0, Diff: 0, Sum: 0, Workers: 4
[4654.649s][debug][gc,phases      ] GC(292)   StringDedup Requests0 Weak     Min:  0.0, Avg:  0.0, Max:  0.0, Diff:  0.0, Sum:  0.0, Workers: 4
[4654.649s][debug][gc,phases      ] GC(292)     Dead                           Min: 0, Avg:  0.0, Max: 0, Diff: 0, Sum: 0, Workers: 4
[4654.649s][debug][gc,phases      ] GC(292)     Total                          Min: 0, Avg:  0.0, Max: 0, Diff: 0, Sum: 0, Workers: 4
[4654.649s][debug][gc,phases      ] GC(292)   StringDedup Requests1 Weak     Min:  0.0, Avg:  0.0, Max:  0.0, Diff:  0.0, Sum:  0.0, Workers: 4
[4654.649s][debug][gc,phases      ] GC(292)     Dead                           Min: 0, Avg:  0.0, Max: 0, Diff: 0, Sum: 0, Workers: 4
[4654.649s][debug][gc,phases      ] GC(292)     Total                          Min: 0, Avg:  0.0, Max: 0, Diff: 0, Sum: 0, Workers: 4
[4654.649s][debug][gc,phases      ] GC(292)   Weak JFR Old Object Samples    Min:  0.0, Avg:  0.0, Max:  0.0, Diff:  0.0, Sum:  0.0, Workers: 4
[4654.649s][debug][gc,phases      ] GC(292)     Dead                           Min: 0, Avg:  0.0, Max: 0, Diff: 0, Sum: 0, Workers: 4
[4654.649s][debug][gc,phases      ] GC(292)     Total                          Min: 0, Avg:  0.0, Max: 0, Diff: 0, Sum: 0, Workers: 4
[4654.649s][debug][gc,phases      ] GC(292) Weak Processing 0.295ms
[4654.649s][debug][gc,age         ] GC(292) Desired survivor size 2621440 bytes, new threshold 15 (max threshold 15)
[4654.649s][info ][gc,heap        ] GC(292) PSYoungGen: 2093952K(2094592K)->1888K(2094592K) Eden: 2092032K(2092032K)->0K(2092032K) From: 1920K(2560K)->1888K(2560K)
[4654.649s][info ][gc,heap        ] GC(292) ParOldGen: 375688K(458752K)->375688K(458752K)
[4654.649s][info ][gc,metaspace   ] GC(292) Metaspace: 84192K(85248K)->84192K(85248K) NonClass: 72249K(72832K)->72249K(72832K) Class: 11943K(12416K)->11943K(12416K)
[4654.649s][info ][gc             ] GC(292) Pause Young (Allocation Failure) 2411M->368M(2493M) 3.386ms
[4654.649s][info ][gc,cpu         ] GC(292) User=0.01s Sys=0.00s Real=0.01s
[4654.649s][info ][safepoint      ] Safepoint "ParallelGCFailedAllocation", Time since last: 16099278063 ns, Reaching safepoint: 39900 ns, At safepoint: 3448888 ns, Total: 3488788 ns
[4670.644s][info ][gc,start       ] GC(293) Pause Young (Allocation Failure)
[4670.647s][debug][gc,phases      ] GC(293) Scavenge 2.995ms
[4670.647s][debug][gc,ref         ] GC(293) Skipped phase 1 of Reference Processing: no references
[4670.647s][debug][gc,ref         ] GC(293) ReferenceProcessor::execute queues: 1, RefProcThreadModel::Single, marks_oops_alive: false
[4670.647s][debug][gc,ref         ] GC(293) Skipped phase 3 of Reference Processing: no references
[4670.647s][debug][gc,ref         ] GC(293) ReferenceProcessor::execute queues: 1, RefProcThreadModel::Single, marks_oops_alive: false
[4670.647s][debug][gc,phases      ] GC(293) Reference Processing 0.092ms
[4670.647s][debug][gc,phases      ] GC(293)   VM Weak                        Min:  0.0, Avg:  0.0, Max:  0.0, Diff:  0.0, Sum:  0.0, Workers: 4
[4670.647s][debug][gc,phases      ] GC(293)     Dead                           Min: 0, Avg:  0.0, Max: 0, Diff: 0, Sum: 0, Workers: 4
[4670.647s][debug][gc,phases      ] GC(293)     Total                          Min: 0, Avg: 212.2, Max: 768, Diff: 768, Sum: 849, Workers: 4
[4670.647s][debug][gc,phases      ] GC(293)   ObjectSynchronizer Weak        Min:  0.0, Avg:  0.0, Max:  0.0, Diff:  0.0, Sum:  0.0, Workers: 4
[4670.647s][debug][gc,phases      ] GC(293)     Dead                           Min: 0, Avg:  0.0, Max: 0, Diff: 0, Sum: 0, Workers: 4
[4670.647s][debug][gc,phases      ] GC(293)     Total                          Min: 0, Avg: 14.8, Max: 59, Diff: 59, Sum: 59, Workers: 4
[4670.647s][debug][gc,phases      ] GC(293)   JVMTI Tag Weak OopStorage      Min:  0.0, Avg:  0.0, Max:  0.0, Diff:  0.0, Sum:  0.0, Workers: 4
[4670.647s][debug][gc,phases      ] GC(293)     Dead                           Min: 0, Avg:  0.0, Max: 0, Diff: 0, Sum: 0, Workers: 4
[4670.647s][debug][gc,phases      ] GC(293)     Total                          Min: 0, Avg:  0.0, Max: 0, Diff: 0, Sum: 0, Workers: 4
[4670.647s][debug][gc,phases      ] GC(293)   StringTable Weak               Min:  0.0, Avg:  0.1, Max:  0.1, Diff:  0.1, Sum:  0.3, Workers: 4
[4670.647s][debug][gc,phases      ] GC(293)     Dead                           Min: 0, Avg:  0.0, Max: 0, Diff: 0, Sum: 0, Workers: 4
[4670.647s][debug][gc,phases      ] GC(293)     Total                          Min: 0, Avg: 11260.5, Max: 19634, Diff: 19634, Sum: 45042, Workers: 4
[4670.647s][debug][gc,phases      ] GC(293)   ResolvedMethodTable Weak       Min:  0.0, Avg:  0.0, Max:  0.0, Diff:  0.0, Sum:  0.1, Workers: 4
[4670.647s][debug][gc,phases      ] GC(293)     Dead                           Min: 0, Avg:  0.0, Max: 0, Diff: 0, Sum: 0, Workers: 4
[4670.647s][debug][gc,phases      ] GC(293)     Total                          Min: 0, Avg: 2460.0, Max: 4286, Diff: 4286, Sum: 9840, Workers: 4
[4670.647s][debug][gc,phases      ] GC(293)   JNI Weak                       Min:  0.0, Avg:  0.0, Max:  0.0, Diff:  0.0, Sum:  0.0, Workers: 4
[4670.647s][debug][gc,phases      ] GC(293)     Dead                           Min: 0, Avg:  0.0, Max: 0, Diff: 0, Sum: 0, Workers: 4
[4670.647s][debug][gc,phases      ] GC(293)     Total                          Min: 0, Avg: 11.2, Max: 45, Diff: 45, Sum: 45, Workers: 4
[4670.647s][debug][gc,phases      ] GC(293)   StringDedup Table Weak         Min:  0.0, Avg:  0.0, Max:  0.0, Diff:  0.0, Sum:  0.0, Workers: 4
[4670.647s][debug][gc,phases      ] GC(293)     Dead                           Min: 0, Avg:  0.0, Max: 0, Diff: 0, Sum: 0, Workers: 4
[4670.647s][debug][gc,phases      ] GC(293)     Total                          Min: 0, Avg:  0.0, Max: 0, Diff: 0, Sum: 0, Workers: 4
[4670.647s][debug][gc,phases      ] GC(293)   StringDedup Requests0 Weak     Min:  0.0, Avg:  0.0, Max:  0.0, Diff:  0.0, Sum:  0.0, Workers: 4
[4670.647s][debug][gc,phases      ] GC(293)     Dead                           Min: 0, Avg:  0.0, Max: 0, Diff: 0, Sum: 0, Workers: 4
[4670.647s][debug][gc,phases      ] GC(293)     Total                          Min: 0, Avg:  0.0, Max: 0, Diff: 0, Sum: 0, Workers: 4
[4670.647s][debug][gc,phases      ] GC(293)   StringDedup Requests1 Weak     Min:  0.0, Avg:  0.0, Max:  0.0, Diff:  0.0, Sum:  0.0, Workers: 4
[4670.647s][debug][gc,phases      ] GC(293)     Dead                           Min: 0, Avg:  0.0, Max: 0, Diff: 0, Sum: 0, Workers: 4
[4670.647s][debug][gc,phases      ] GC(293)     Total                          Min: 0, Avg:  0.0, Max: 0, Diff: 0, Sum: 0, Workers: 4
[4670.647s][debug][gc,phases      ] GC(293)   Weak JFR Old Object Samples    Min:  0.0, Avg:  0.0, Max:  0.0, Diff:  0.0, Sum:  0.0, Workers: 4
[4670.647s][debug][gc,phases      ] GC(293)     Dead                           Min: 0, Avg:  0.0, Max: 0, Diff: 0, Sum: 0, Workers: 4
[4670.647s][debug][gc,phases      ] GC(293)     Total                          Min: 0, Avg:  0.0, Max: 0, Diff: 0, Sum: 0, Workers: 4
[4670.647s][debug][gc,phases      ] GC(293) Weak Processing 0.296ms
[4670.647s][debug][gc,age         ] GC(293) Desired survivor size 2621440 bytes, new threshold 15 (max threshold 15)
[4670.647s][info ][gc,heap        ] GC(293) PSYoungGen: 2093920K(2094592K)->1920K(2094592K) Eden: 2092032K(2092032K)->0K(2092032K) From: 1888K(2560K)->1920K(2560K)
[4670.647s][info ][gc,heap        ] GC(293) ParOldGen: 375688K(458752K)->375720K(458752K)
[4670.647s][info ][gc,metaspace   ] GC(293) Metaspace: 84193K(85248K)->84193K(85248K) NonClass: 72249K(72832K)->72249K(72832K) Class: 11943K(12416K)->11943K(12416K)
[4670.647s][info ][gc             ] GC(293) Pause Young (Allocation Failure) 2411M->368M(2493M) 3.492ms
[4670.647s][info ][gc,cpu         ] GC(293) User=0.01s Sys=0.00s Real=0.01s
[4670.647s][info ][safepoint      ] Safepoint "ParallelGCFailedAllocation", Time since last: 15994155302 ns, Reaching safepoint: 39700 ns, At safepoint: 3552588 ns, Total: 3592288 ns
[4683.648s][info ][safepoint      ] Safepoint "Cleanup", Time since last: 13000812054 ns, Reaching safepoint: 39600 ns, At safepoint: 2800 ns, Total: 42400 ns
[4688.893s][info ][gc,start       ] GC(294) Pause Young (Allocation Failure)
[4688.897s][debug][gc,phases      ] GC(294) Scavenge 4.098ms
[4688.897s][debug][gc,ref         ] GC(294) Skipped phase 1 of Reference Processing: no references
[4688.897s][debug][gc,ref         ] GC(294) ReferenceProcessor::execute queues: 1, RefProcThreadModel::Single, marks_oops_alive: false
[4688.897s][debug][gc,ref         ] GC(294) Skipped phase 3 of Reference Processing: no references
[4688.897s][debug][gc,ref         ] GC(294) ReferenceProcessor::execute queues: 1, RefProcThreadModel::Single, marks_oops_alive: false
[4688.897s][debug][gc,phases      ] GC(294) Reference Processing 0.104ms
[4688.897s][debug][gc,phases      ] GC(294)   VM Weak                        Min:  0.0, Avg:  0.0, Max:  0.0, Diff:  0.0, Sum:  0.0, Workers: 4
[4688.897s][debug][gc,phases      ] GC(294)     Dead                           Min: 0, Avg:  0.0, Max: 0, Diff: 0, Sum: 0, Workers: 4
[4688.897s][debug][gc,phases      ] GC(294)     Total                          Min: 0, Avg: 212.2, Max: 849, Diff: 849, Sum: 849, Workers: 4
[4688.897s][debug][gc,phases      ] GC(294)   ObjectSynchronizer Weak        Min:  0.0, Avg:  0.0, Max:  0.0, Diff:  0.0, Sum:  0.0, Workers: 4
[4688.897s][debug][gc,phases      ] GC(294)     Dead                           Min: 0, Avg:  0.0, Max: 0, Diff: 0, Sum: 0, Workers: 4
[4688.897s][debug][gc,phases      ] GC(294)     Total                          Min: 0, Avg: 14.8, Max: 59, Diff: 59, Sum: 59, Workers: 4
[4688.897s][debug][gc,phases      ] GC(294)   JVMTI Tag Weak OopStorage      Min:  0.0, Avg:  0.0, Max:  0.0, Diff:  0.0, Sum:  0.0, Workers: 4
[4688.897s][debug][gc,phases      ] GC(294)     Dead                           Min: 0, Avg:  0.0, Max: 0, Diff: 0, Sum: 0, Workers: 4
[4688.897s][debug][gc,phases      ] GC(294)     Total                          Min: 0, Avg:  0.0, Max: 0, Diff: 0, Sum: 0, Workers: 4
[4688.897s][debug][gc,phases      ] GC(294)   StringTable Weak               Min:  0.0, Avg:  0.1, Max:  0.1, Diff:  0.1, Sum:  0.3, Workers: 4
[4688.897s][debug][gc,phases      ] GC(294)     Dead                           Min: 0, Avg:  0.0, Max: 0, Diff: 0, Sum: 0, Workers: 4
[4688.897s][debug][gc,phases      ] GC(294)     Total                          Min: 0, Avg: 11260.5, Max: 18931, Diff: 18931, Sum: 45042, Workers: 4
[4688.897s][debug][gc,phases      ] GC(294)   ResolvedMethodTable Weak       Min:  0.0, Avg:  0.0, Max:  0.0, Diff:  0.0, Sum:  0.1, Workers: 4
[4688.897s][debug][gc,phases      ] GC(294)     Dead                           Min: 0, Avg:  0.0, Max: 0, Diff: 0, Sum: 0, Workers: 4
[4688.897s][debug][gc,phases      ] GC(294)     Total                          Min: 0, Avg: 2460.0, Max: 4224, Diff: 4224, Sum: 9840, Workers: 4
[4688.897s][debug][gc,phases      ] GC(294)   JNI Weak                       Min:  0.0, Avg:  0.0, Max:  0.0, Diff:  0.0, Sum:  0.0, Workers: 4
[4688.897s][debug][gc,phases      ] GC(294)     Dead                           Min: 0, Avg:  0.0, Max: 0, Diff: 0, Sum: 0, Workers: 4
[4688.897s][debug][gc,phases      ] GC(294)     Total                          Min: 0, Avg: 11.2, Max: 45, Diff: 45, Sum: 45, Workers: 4
[4688.897s][debug][gc,phases      ] GC(294)   StringDedup Table Weak         Min:  0.0, Avg:  0.0, Max:  0.0, Diff:  0.0, Sum:  0.0, Workers: 4
[4688.897s][debug][gc,phases      ] GC(294)     Dead                           Min: 0, Avg:  0.0, Max: 0, Diff: 0, Sum: 0, Workers: 4
[4688.897s][debug][gc,phases      ] GC(294)     Total                          Min: 0, Avg:  0.0, Max: 0, Diff: 0, Sum: 0, Workers: 4
[4688.897s][debug][gc,phases      ] GC(294)   StringDedup Requests0 Weak     Min:  0.0, Avg:  0.0, Max:  0.0, Diff:  0.0, Sum:  0.0, Workers: 4
[4688.897s][debug][gc,phases      ] GC(294)     Dead                           Min: 0, Avg:  0.0, Max: 0, Diff: 0, Sum: 0, Workers: 4
[4688.897s][debug][gc,phases      ] GC(294)     Total                          Min: 0, Avg:  0.0, Max: 0, Diff: 0, Sum: 0, Workers: 4
[4688.897s][debug][gc,phases      ] GC(294)   StringDedup Requests1 Weak     Min:  0.0, Avg:  0.0, Max:  0.0, Diff:  0.0, Sum:  0.0, Workers: 4
[4688.897s][debug][gc,phases      ] GC(294)     Dead                           Min: 0, Avg:  0.0, Max: 0, Diff: 0, Sum: 0, Workers: 4
[4688.897s][debug][gc,phases      ] GC(294)     Total                          Min: 0, Avg:  0.0, Max: 0, Diff: 0, Sum: 0, Workers: 4
[4688.897s][debug][gc,phases      ] GC(294)   Weak JFR Old Object Samples    Min:  0.0, Avg:  0.0, Max:  0.0, Diff:  0.0, Sum:  0.0, Workers: 4
[4688.897s][debug][gc,phases      ] GC(294)     Dead                           Min: 0, Avg:  0.0, Max: 0, Diff: 0, Sum: 0, Workers: 4
[4688.897s][debug][gc,phases      ] GC(294)     Total                          Min: 0, Avg:  0.0, Max: 0, Diff: 0, Sum: 0, Workers: 4
[4688.897s][debug][gc,phases      ] GC(294) Weak Processing 0.301ms
[4688.897s][debug][gc,age         ] GC(294) Desired survivor size 2621440 bytes, new threshold 15 (max threshold 15)
[4688.897s][info ][gc,heap        ] GC(294) PSYoungGen: 2093952K(2094592K)->1952K(2094592K) Eden: 2092032K(2092032K)->0K(2092032K) From: 1920K(2560K)->1952K(2560K)
[4688.897s][info ][gc,heap        ] GC(294) ParOldGen: 375720K(458752K)->375728K(458752K)
[4688.897s][info ][gc,metaspace   ] GC(294) Metaspace: 84194K(85248K)->84194K(85248K) NonClass: 72251K(72832K)->72251K(72832K) Class: 11943K(12416K)->11943K(12416K)
[4688.897s][info ][gc             ] GC(294) Pause Young (Allocation Failure) 2411M->368M(2493M) 4.607ms
[4688.897s][info ][gc,cpu         ] GC(294) User=0.01s Sys=0.00s Real=0.01s
[4688.897s][info ][safepoint      ] Safepoint "ParallelGCFailedAllocation", Time since last: 5244492545 ns, Reaching safepoint: 112099 ns, At safepoint: 4681282 ns, Total: 4793381 ns
[4705.203s][info ][gc,start       ] GC(295) Pause Young (Allocation Failure)
[4705.205s][debug][gc,phases      ] GC(295) Scavenge 2.826ms
[4705.205s][debug][gc,ref         ] GC(295) Skipped phase 1 of Reference Processing: no references
[4705.206s][debug][gc,ref         ] GC(295) ReferenceProcessor::execute queues: 1, RefProcThreadModel::Single, marks_oops_alive: false
[4705.206s][debug][gc,ref         ] GC(295) Skipped phase 3 of Reference Processing: no references
[4705.206s][debug][gc,ref         ] GC(295) ReferenceProcessor::execute queues: 1, RefProcThreadModel::Single, marks_oops_alive: false
[4705.206s][debug][gc,phases      ] GC(295) Reference Processing 0.090ms
[4705.206s][debug][gc,phases      ] GC(295)   VM Weak                        Min:  0.0, Avg:  0.0, Max:  0.0, Diff:  0.0, Sum:  0.0, Workers: 4
[4705.206s][debug][gc,phases      ] GC(295)     Dead                           Min: 0, Avg:  0.0, Max: 0, Diff: 0, Sum: 0, Workers: 4
[4705.206s][debug][gc,phases      ] GC(295)     Total                          Min: 0, Avg: 212.2, Max: 512, Diff: 512, Sum: 849, Workers: 4
[4705.206s][debug][gc,phases      ] GC(295)   ObjectSynchronizer Weak        Min:  0.0, Avg:  0.0, Max:  0.0, Diff:  0.0, Sum:  0.0, Workers: 4
[4705.206s][debug][gc,phases      ] GC(295)     Dead                           Min: 0, Avg:  0.0, Max: 0, Diff: 0, Sum: 0, Workers: 4
[4705.206s][debug][gc,phases      ] GC(295)     Total                          Min: 0, Avg: 14.8, Max: 59, Diff: 59, Sum: 59, Workers: 4
[4705.206s][debug][gc,phases      ] GC(295)   JVMTI Tag Weak OopStorage      Min:  0.0, Avg:  0.0, Max:  0.0, Diff:  0.0, Sum:  0.0, Workers: 4
[4705.206s][debug][gc,phases      ] GC(295)     Dead                           Min: 0, Avg:  0.0, Max: 0, Diff: 0, Sum: 0, Workers: 4
[4705.206s][debug][gc,phases      ] GC(295)     Total                          Min: 0, Avg:  0.0, Max: 0, Diff: 0, Sum: 0, Workers: 4
[4705.206s][debug][gc,phases      ] GC(295)   StringTable Weak               Min:  0.0, Avg:  0.1, Max:  0.1, Diff:  0.1, Sum:  0.3, Workers: 4
[4705.206s][debug][gc,phases      ] GC(295)     Dead                           Min: 0, Avg:  0.0, Max: 0, Diff: 0, Sum: 0, Workers: 4
[4705.206s][debug][gc,phases      ] GC(295)     Total                          Min: 0, Avg: 11260.5, Max: 18610, Diff: 18610, Sum: 45042, Workers: 4
[4705.206s][debug][gc,phases      ] GC(295)   ResolvedMethodTable Weak       Min:  0.0, Avg:  0.0, Max:  0.0, Diff:  0.0, Sum:  0.1, Workers: 4
[4705.206s][debug][gc,phases      ] GC(295)     Dead                           Min: 0, Avg:  0.0, Max: 0, Diff: 0, Sum: 0, Workers: 4
[4705.206s][debug][gc,phases      ] GC(295)     Total                          Min: 0, Avg: 2460.0, Max: 4339, Diff: 4339, Sum: 9840, Workers: 4
[4705.206s][debug][gc,phases      ] GC(295)   JNI Weak                       Min:  0.0, Avg:  0.0, Max:  0.0, Diff:  0.0, Sum:  0.0, Workers: 4
[4705.206s][debug][gc,phases      ] GC(295)     Dead                           Min: 0, Avg:  0.0, Max: 0, Diff: 0, Sum: 0, Workers: 4
[4705.206s][debug][gc,phases      ] GC(295)     Total                          Min: 0, Avg: 11.2, Max: 45, Diff: 45, Sum: 45, Workers: 4
[4705.206s][debug][gc,phases      ] GC(295)   StringDedup Table Weak         Min:  0.0, Avg:  0.0, Max:  0.0, Diff:  0.0, Sum:  0.0, Workers: 4
[4705.206s][debug][gc,phases      ] GC(295)     Dead                           Min: 0, Avg:  0.0, Max: 0, Diff: 0, Sum: 0, Workers: 4
[4705.206s][debug][gc,phases      ] GC(295)     Total                          Min: 0, Avg:  0.0, Max: 0, Diff: 0, Sum: 0, Workers: 4
[4705.206s][debug][gc,phases      ] GC(295)   StringDedup Requests0 Weak     Min:  0.0, Avg:  0.0, Max:  0.0, Diff:  0.0, Sum:  0.0, Workers: 4
[4705.206s][debug][gc,phases      ] GC(295)     Dead                           Min: 0, Avg:  0.0, Max: 0, Diff: 0, Sum: 0, Workers: 4
[4705.206s][debug][gc,phases      ] GC(295)     Total                          Min: 0, Avg:  0.0, Max: 0, Diff: 0, Sum: 0, Workers: 4
[4705.206s][debug][gc,phases      ] GC(295)   StringDedup Requests1 Weak     Min:  0.0, Avg:  0.0, Max:  0.0, Diff:  0.0, Sum:  0.0, Workers: 4
[4705.206s][debug][gc,phases      ] GC(295)     Dead                           Min: 0, Avg:  0.0, Max: 0, Diff: 0, Sum: 0, Workers: 4
[4705.206s][debug][gc,phases      ] GC(295)     Total                          Min: 0, Avg:  0.0, Max: 0, Diff: 0, Sum: 0, Workers: 4
[4705.206s][debug][gc,phases      ] GC(295)   Weak JFR Old Object Samples    Min:  0.0, Avg:  0.0, Max:  0.0, Diff:  0.0, Sum:  0.0, Workers: 4
[4705.206s][debug][gc,phases      ] GC(295)     Dead                           Min: 0, Avg:  0.0, Max: 0, Diff: 0, Sum: 0, Workers: 4
[4705.206s][debug][gc,phases      ] GC(295)     Total                          Min: 0, Avg:  0.0, Max: 0, Diff: 0, Sum: 0, Workers: 4
[4705.206s][debug][gc,phases      ] GC(295) Weak Processing 0.297ms
[4705.206s][debug][gc,age         ] GC(295) Desired survivor size 2621440 bytes, new threshold 15 (max threshold 15)
[4705.206s][info ][gc,heap        ] GC(295) PSYoungGen: 2093984K(2094592K)->1856K(2094592K) Eden: 2092032K(2092032K)->0K(2092032K) From: 1952K(2560K)->1856K(2560K)
[4705.206s][info ][gc,heap        ] GC(295) ParOldGen: 375728K(458752K)->375760K(458752K)
[4705.206s][info ][gc,metaspace   ] GC(295) Metaspace: 84194K(85248K)->84194K(85248K) NonClass: 72251K(72832K)->72251K(72832K) Class: 11943K(12416K)->11943K(12416K)
[4705.206s][info ][gc             ] GC(295) Pause Young (Allocation Failure) 2411M->368M(2493M) 3.320ms
[4705.206s][info ][gc,cpu         ] GC(295) User=0.01s Sys=0.00s Real=0.00s
[4705.206s][info ][safepoint      ] Safepoint "ParallelGCFailedAllocation", Time since last: 16305155326 ns, Reaching safepoint: 100000 ns, At safepoint: 3388587 ns, Total: 3488587 ns
[4719.207s][info ][safepoint      ] Safepoint "Cleanup", Time since last: 14000842036 ns, Reaching safepoint: 36800 ns, At safepoint: 23200 ns, Total: 60000 ns
[4722.391s][info ][gc,start       ] GC(296) Pause Young (Allocation Failure)
[4722.395s][debug][gc,phases      ] GC(296) Scavenge 3.562ms
[4722.395s][debug][gc,ref         ] GC(296) Skipped phase 1 of Reference Processing: no references
[4722.395s][debug][gc,ref         ] GC(296) Skipped phase 2 of Reference Processing: no references
[4722.395s][debug][gc,ref         ] GC(296) Skipped phase 3 of Reference Processing: no references
[4722.395s][debug][gc,ref         ] GC(296) ReferenceProcessor::execute queues: 1, RefProcThreadModel::Single, marks_oops_alive: false
[4722.395s][debug][gc,phases      ] GC(296) Reference Processing 0.085ms
[4722.395s][debug][gc,phases      ] GC(296)   VM Weak                        Min:  0.0, Avg:  0.0, Max:  0.0, Diff:  0.0, Sum:  0.0, Workers: 4
[4722.395s][debug][gc,phases      ] GC(296)     Dead                           Min: 0, Avg:  0.0, Max: 0, Diff: 0, Sum: 0, Workers: 4
[4722.395s][debug][gc,phases      ] GC(296)     Total                          Min: 0, Avg: 212.2, Max: 465, Diff: 465, Sum: 849, Workers: 4
[4722.395s][debug][gc,phases      ] GC(296)   ObjectSynchronizer Weak        Min:  0.0, Avg:  0.0, Max:  0.0, Diff:  0.0, Sum:  0.0, Workers: 4
[4722.395s][debug][gc,phases      ] GC(296)     Dead                           Min: 0, Avg:  0.0, Max: 0, Diff: 0, Sum: 0, Workers: 4
[4722.395s][debug][gc,phases      ] GC(296)     Total                          Min: 0, Avg: 14.8, Max: 59, Diff: 59, Sum: 59, Workers: 4
[4722.395s][debug][gc,phases      ] GC(296)   JVMTI Tag Weak OopStorage      Min:  0.0, Avg:  0.0, Max:  0.0, Diff:  0.0, Sum:  0.0, Workers: 4
[4722.395s][debug][gc,phases      ] GC(296)     Dead                           Min: 0, Avg:  0.0, Max: 0, Diff: 0, Sum: 0, Workers: 4
[4722.395s][debug][gc,phases      ] GC(296)     Total                          Min: 0, Avg:  0.0, Max: 0, Diff: 0, Sum: 0, Workers: 4
[4722.395s][debug][gc,phases      ] GC(296)   StringTable Weak               Min:  0.0, Avg:  0.1, Max:  0.1, Diff:  0.1, Sum:  0.3, Workers: 4
[4722.395s][debug][gc,phases      ] GC(296)     Dead                           Min: 0, Avg:  0.0, Max: 0, Diff: 0, Sum: 0, Workers: 4
[4722.395s][debug][gc,phases      ] GC(296)     Total                          Min: 0, Avg: 11260.5, Max: 19698, Diff: 19698, Sum: 45042, Workers: 4
[4722.395s][debug][gc,phases      ] GC(296)   ResolvedMethodTable Weak       Min:  0.0, Avg:  0.0, Max:  0.0, Diff:  0.0, Sum:  0.1, Workers: 4
[4722.395s][debug][gc,phases      ] GC(296)     Dead                           Min: 0, Avg:  0.0, Max: 0, Diff: 0, Sum: 0, Workers: 4
[4722.395s][debug][gc,phases      ] GC(296)     Total                          Min: 0, Avg: 2460.0, Max: 4224, Diff: 4224, Sum: 9840, Workers: 4
[4722.395s][debug][gc,phases      ] GC(296)   JNI Weak                       Min:  0.0, Avg:  0.0, Max:  0.0, Diff:  0.0, Sum:  0.0, Workers: 4
[4722.395s][debug][gc,phases      ] GC(296)     Dead                           Min: 0, Avg:  0.0, Max: 0, Diff: 0, Sum: 0, Workers: 4
[4722.395s][debug][gc,phases      ] GC(296)     Total                          Min: 0, Avg: 11.2, Max: 45, Diff: 45, Sum: 45, Workers: 4
[4722.395s][debug][gc,phases      ] GC(296)   StringDedup Table Weak         Min:  0.0, Avg:  0.0, Max:  0.0, Diff:  0.0, Sum:  0.0, Workers: 4
[4722.395s][debug][gc,phases      ] GC(296)     Dead                           Min: 0, Avg:  0.0, Max: 0, Diff: 0, Sum: 0, Workers: 4
[4722.395s][debug][gc,phases      ] GC(296)     Total                          Min: 0, Avg:  0.0, Max: 0, Diff: 0, Sum: 0, Workers: 4
[4722.395s][debug][gc,phases      ] GC(296)   StringDedup Requests0 Weak     Min:  0.0, Avg:  0.0, Max:  0.0, Diff:  0.0, Sum:  0.0, Workers: 4
[4722.395s][debug][gc,phases      ] GC(296)     Dead                           Min: 0, Avg:  0.0, Max: 0, Diff: 0, Sum: 0, Workers: 4
[4722.395s][debug][gc,phases      ] GC(296)     Total                          Min: 0, Avg:  0.0, Max: 0, Diff: 0, Sum: 0, Workers: 4
[4722.395s][debug][gc,phases      ] GC(296)   StringDedup Requests1 Weak     Min:  0.0, Avg:  0.0, Max:  0.0, Diff:  0.0, Sum:  0.0, Workers: 4
[4722.395s][debug][gc,phases      ] GC(296)     Dead                           Min: 0, Avg:  0.0, Max: 0, Diff: 0, Sum: 0, Workers: 4
[4722.395s][debug][gc,phases      ] GC(296)     Total                          Min: 0, Avg:  0.0, Max: 0, Diff: 0, Sum: 0, Workers: 4
[4722.395s][debug][gc,phases      ] GC(296)   Weak JFR Old Object Samples    Min:  0.0, Avg:  0.0, Max:  0.0, Diff:  0.0, Sum:  0.0, Workers: 4
[4722.395s][debug][gc,phases      ] GC(296)     Dead                           Min: 0, Avg:  0.0, Max: 0, Diff: 0, Sum: 0, Workers: 4
[4722.395s][debug][gc,phases      ] GC(296)     Total                          Min: 0, Avg:  0.0, Max: 0, Diff: 0, Sum: 0, Workers: 4
[4722.395s][debug][gc,phases      ] GC(296) Weak Processing 0.293ms
[4722.395s][debug][gc,age         ] GC(296) Desired survivor size 2621440 bytes, new threshold 15 (max threshold 15)
[4722.395s][info ][gc,heap        ] GC(296) PSYoungGen: 2093888K(2094592K)->1728K(2094592K) Eden: 2092032K(2092032K)->0K(2092032K) From: 1856K(2560K)->1728K(2560K)
[4722.395s][info ][gc,heap        ] GC(296) ParOldGen: 375760K(458752K)->375860K(458752K)
[4722.395s][info ][gc,metaspace   ] GC(296) Metaspace: 84194K(85248K)->84194K(85248K) NonClass: 72251K(72832K)->72251K(72832K) Class: 11943K(12416K)->11943K(12416K)
[4722.395s][info ][gc             ] GC(296) Pause Young (Allocation Failure) 2411M->368M(2493M) 4.046ms
[4722.395s][info ][gc,cpu         ] GC(296) User=0.01s Sys=0.00s Real=0.01s
[4722.395s][info ][safepoint      ] Safepoint "ParallelGCFailedAllocation", Time since last: 3184278051 ns, Reaching safepoint: 40900 ns, At safepoint: 4109384 ns, Total: 4150284 ns
[4723.395s][info ][safepoint      ] Safepoint "Cleanup", Time since last: 1000074727 ns, Reaching safepoint: 41600 ns, At safepoint: 2800 ns, Total: 44400 ns
[4727.396s][info ][safepoint      ] Safepoint "Cleanup", Time since last: 4000305554 ns, Reaching safepoint: 111700 ns, At safepoint: 10699 ns, Total: 122399 ns
[4739.199s][info ][gc,start       ] GC(297) Pause Young (Allocation Failure)
[4739.204s][debug][gc,phases      ] GC(297) Scavenge 4.594ms
[4739.204s][debug][gc,ref         ] GC(297) Skipped phase 1 of Reference Processing: no references
[4739.204s][debug][gc,ref         ] GC(297) ReferenceProcessor::execute queues: 1, RefProcThreadModel::Single, marks_oops_alive: false
[4739.204s][debug][gc,ref         ] GC(297) Skipped phase 3 of Reference Processing: no references
[4739.204s][debug][gc,ref         ] GC(297) ReferenceProcessor::execute queues: 1, RefProcThreadModel::Single, marks_oops_alive: false
[4739.204s][debug][gc,phases      ] GC(297) Reference Processing 0.086ms
[4739.204s][debug][gc,phases      ] GC(297)   VM Weak                        Min:  0.0, Avg:  0.0, Max:  0.0, Diff:  0.0, Sum:  0.0, Workers: 4
[4739.204s][debug][gc,phases      ] GC(297)     Dead                           Min: 0, Avg:  0.0, Max: 0, Diff: 0, Sum: 0, Workers: 4
[4739.204s][debug][gc,phases      ] GC(297)     Total                          Min: 0, Avg: 212.2, Max: 721, Diff: 721, Sum: 849, Workers: 4
[4739.204s][debug][gc,phases      ] GC(297)   ObjectSynchronizer Weak        Min:  0.0, Avg:  0.0, Max:  0.0, Diff:  0.0, Sum:  0.0, Workers: 4
[4739.204s][debug][gc,phases      ] GC(297)     Dead                           Min: 0, Avg:  0.0, Max: 0, Diff: 0, Sum: 0, Workers: 4
[4739.204s][debug][gc,phases      ] GC(297)     Total                          Min: 0, Avg: 14.8, Max: 59, Diff: 59, Sum: 59, Workers: 4
[4739.204s][debug][gc,phases      ] GC(297)   JVMTI Tag Weak OopStorage      Min:  0.0, Avg:  0.0, Max:  0.0, Diff:  0.0, Sum:  0.0, Workers: 4
[4739.204s][debug][gc,phases      ] GC(297)     Dead                           Min: 0, Avg:  0.0, Max: 0, Diff: 0, Sum: 0, Workers: 4
[4739.204s][debug][gc,phases      ] GC(297)     Total                          Min: 0, Avg:  0.0, Max: 0, Diff: 0, Sum: 0, Workers: 4
[4739.204s][debug][gc,phases      ] GC(297)   StringTable Weak               Min:  0.0, Avg:  0.1, Max:  0.1, Diff:  0.1, Sum:  0.3, Workers: 4
[4739.204s][debug][gc,phases      ] GC(297)     Dead                           Min: 0, Avg:  0.0, Max: 0, Diff: 0, Sum: 0, Workers: 4
[4739.204s][debug][gc,phases      ] GC(297)     Total                          Min: 0, Avg: 11260.5, Max: 19199, Diff: 19199, Sum: 45042, Workers: 4
[4739.204s][debug][gc,phases      ] GC(297)   ResolvedMethodTable Weak       Min:  0.0, Avg:  0.0, Max:  0.0, Diff:  0.0, Sum:  0.1, Workers: 4
[4739.204s][debug][gc,phases      ] GC(297)     Dead                           Min: 0, Avg:  0.0, Max: 0, Diff: 0, Sum: 0, Workers: 4
[4739.204s][debug][gc,phases      ] GC(297)     Total                          Min: 0, Avg: 2460.0, Max: 4279, Diff: 4279, Sum: 9840, Workers: 4
[4739.204s][debug][gc,phases      ] GC(297)   JNI Weak                       Min:  0.0, Avg:  0.0, Max:  0.0, Diff:  0.0, Sum:  0.0, Workers: 4
[4739.204s][debug][gc,phases      ] GC(297)     Dead                           Min: 0, Avg:  0.0, Max: 0, Diff: 0, Sum: 0, Workers: 4
[4739.204s][debug][gc,phases      ] GC(297)     Total                          Min: 0, Avg: 11.2, Max: 45, Diff: 45, Sum: 45, Workers: 4
[4739.204s][debug][gc,phases      ] GC(297)   StringDedup Table Weak         Min:  0.0, Avg:  0.0, Max:  0.0, Diff:  0.0, Sum:  0.0, Workers: 4
[4739.204s][debug][gc,phases      ] GC(297)     Dead                           Min: 0, Avg:  0.0, Max: 0, Diff: 0, Sum: 0, Workers: 4
[4739.204s][debug][gc,phases      ] GC(297)     Total                          Min: 0, Avg:  0.0, Max: 0, Diff: 0, Sum: 0, Workers: 4
[4739.204s][debug][gc,phases      ] GC(297)   StringDedup Requests0 Weak     Min:  0.0, Avg:  0.0, Max:  0.0, Diff:  0.0, Sum:  0.0, Workers: 4
[4739.204s][debug][gc,phases      ] GC(297)     Dead                           Min: 0, Avg:  0.0, Max: 0, Diff: 0, Sum: 0, Workers: 4
[4739.204s][debug][gc,phases      ] GC(297)     Total                          Min: 0, Avg:  0.0, Max: 0, Diff: 0, Sum: 0, Workers: 4
[4739.204s][debug][gc,phases      ] GC(297)   StringDedup Requests1 Weak     Min:  0.0, Avg:  0.0, Max:  0.0, Diff:  0.0, Sum:  0.0, Workers: 4
[4739.204s][debug][gc,phases      ] GC(297)     Dead                           Min: 0, Avg:  0.0, Max: 0, Diff: 0, Sum: 0, Workers: 4
[4739.204s][debug][gc,phases      ] GC(297)     Total                          Min: 0, Avg:  0.0, Max: 0, Diff: 0, Sum: 0, Workers: 4
[4739.204s][debug][gc,phases      ] GC(297)   Weak JFR Old Object Samples    Min:  0.0, Avg:  0.0, Max:  0.0, Diff:  0.0, Sum:  0.0, Workers: 4
[4739.204s][debug][gc,phases      ] GC(297)     Dead                           Min: 0, Avg:  0.0, Max: 0, Diff: 0, Sum: 0, Workers: 4
[4739.204s][debug][gc,phases      ] GC(297)     Total                          Min: 0, Avg:  0.0, Max: 0, Diff: 0, Sum: 0, Workers: 4
[4739.204s][debug][gc,phases      ] GC(297) Weak Processing 0.289ms
[4739.204s][debug][gc,age         ] GC(297) Desired survivor size 2621440 bytes, new threshold 15 (max threshold 15)
[4739.204s][info ][gc,heap        ] GC(297) PSYoungGen: 2093760K(2094592K)->1776K(2094592K) Eden: 2092032K(2092032K)->0K(2092032K) From: 1728K(2560K)->1776K(2560K)
[4739.204s][info ][gc,heap        ] GC(297) ParOldGen: 375860K(458752K)->375884K(458752K)
[4739.204s][info ][gc,metaspace   ] GC(297) Metaspace: 84196K(85248K)->84196K(85248K) NonClass: 72253K(72832K)->72253K(72832K) Class: 11943K(12416K)->11943K(12416K)
[4739.204s][info ][gc             ] GC(297) Pause Young (Allocation Failure) 2411M->368M(2493M) 5.071ms
[4739.204s][info ][gc,cpu         ] GC(297) User=0.02s Sys=0.00s Real=0.00s
[4739.204s][info ][safepoint      ] Safepoint "ParallelGCFailedAllocation", Time since last: 11803039865 ns, Reaching safepoint: 29600 ns, At safepoint: 5134877 ns, Total: 5164477 ns
[4743.204s][info ][safepoint      ] Safepoint "Cleanup", Time since last: 4000274848 ns, Reaching safepoint: 44099 ns, At safepoint: 3200 ns, Total: 47299 ns
[4744.204s][info ][safepoint      ] Safepoint "Cleanup", Time since last: 1000103514 ns, Reaching safepoint: 37700 ns, At safepoint: 3500 ns, Total: 41200 ns
[4745.205s][info ][safepoint      ] Safepoint "Cleanup", Time since last: 1000110413 ns, Reaching safepoint: 26700 ns, At safepoint: 2900 ns, Total: 29600 ns
[4754.694s][info ][gc,start       ] GC(298) Pause Young (Allocation Failure)
[4754.699s][debug][gc,phases      ] GC(298) Scavenge 5.246ms
[4754.699s][debug][gc,ref         ] GC(298) Skipped phase 1 of Reference Processing: no references
[4754.699s][debug][gc,ref         ] GC(298) ReferenceProcessor::execute queues: 1, RefProcThreadModel::Single, marks_oops_alive: false
[4754.699s][debug][gc,ref         ] GC(298) Skipped phase 3 of Reference Processing: no references
[4754.699s][debug][gc,ref         ] GC(298) ReferenceProcessor::execute queues: 1, RefProcThreadModel::Single, marks_oops_alive: false
[4754.699s][debug][gc,phases      ] GC(298) Reference Processing 0.084ms
[4754.699s][debug][gc,phases      ] GC(298)   VM Weak                        Min:  0.0, Avg:  0.0, Max:  0.0, Diff:  0.0, Sum:  0.0, Workers: 4
[4754.699s][debug][gc,phases      ] GC(298)     Dead                           Min: 0, Avg:  0.0, Max: 0, Diff: 0, Sum: 0, Workers: 4
[4754.699s][debug][gc,phases      ] GC(298)     Total                          Min: 0, Avg: 212.2, Max: 448, Diff: 448, Sum: 849, Workers: 4
[4754.699s][debug][gc,phases      ] GC(298)   ObjectSynchronizer Weak        Min:  0.0, Avg:  0.0, Max:  0.0, Diff:  0.0, Sum:  0.0, Workers: 4
[4754.699s][debug][gc,phases      ] GC(298)     Dead                           Min: 0, Avg:  0.0, Max: 0, Diff: 0, Sum: 0, Workers: 4
[4754.699s][debug][gc,phases      ] GC(298)     Total                          Min: 0, Avg: 14.8, Max: 59, Diff: 59, Sum: 59, Workers: 4
[4754.699s][debug][gc,phases      ] GC(298)   JVMTI Tag Weak OopStorage      Min:  0.0, Avg:  0.0, Max:  0.0, Diff:  0.0, Sum:  0.0, Workers: 4
[4754.699s][debug][gc,phases      ] GC(298)     Dead                           Min: 0, Avg:  0.0, Max: 0, Diff: 0, Sum: 0, Workers: 4
[4754.699s][debug][gc,phases      ] GC(298)     Total                          Min: 0, Avg:  0.0, Max: 0, Diff: 0, Sum: 0, Workers: 4
[4754.699s][debug][gc,phases      ] GC(298)   StringTable Weak               Min:  0.0, Avg:  0.1, Max:  0.1, Diff:  0.1, Sum:  0.3, Workers: 4
[4754.699s][debug][gc,phases      ] GC(298)     Dead                           Min: 0, Avg:  0.0, Max: 0, Diff: 0, Sum: 0, Workers: 4
[4754.699s][debug][gc,phases      ] GC(298)     Total                          Min: 0, Avg: 11260.5, Max: 18867, Diff: 18867, Sum: 45042, Workers: 4
[4754.699s][debug][gc,phases      ] GC(298)   ResolvedMethodTable Weak       Min:  0.0, Avg:  0.0, Max:  0.0, Diff:  0.0, Sum:  0.1, Workers: 4
[4754.699s][debug][gc,phases      ] GC(298)     Dead                           Min: 0, Avg:  0.0, Max: 0, Diff: 0, Sum: 0, Workers: 4
[4754.699s][debug][gc,phases      ] GC(298)     Total                          Min: 0, Avg: 2460.0, Max: 4224, Diff: 4224, Sum: 9840, Workers: 4
[4754.699s][debug][gc,phases      ] GC(298)   JNI Weak                       Min:  0.0, Avg:  0.0, Max:  0.0, Diff:  0.0, Sum:  0.0, Workers: 4
[4754.699s][debug][gc,phases      ] GC(298)     Dead                           Min: 0, Avg:  0.0, Max: 0, Diff: 0, Sum: 0, Workers: 4
[4754.699s][debug][gc,phases      ] GC(298)     Total                          Min: 0, Avg: 11.2, Max: 45, Diff: 45, Sum: 45, Workers: 4
[4754.699s][debug][gc,phases      ] GC(298)   StringDedup Table Weak         Min:  0.0, Avg:  0.0, Max:  0.0, Diff:  0.0, Sum:  0.0, Workers: 4
[4754.699s][debug][gc,phases      ] GC(298)     Dead                           Min: 0, Avg:  0.0, Max: 0, Diff: 0, Sum: 0, Workers: 4
[4754.699s][debug][gc,phases      ] GC(298)     Total                          Min: 0, Avg:  0.0, Max: 0, Diff: 0, Sum: 0, Workers: 4
[4754.699s][debug][gc,phases      ] GC(298)   StringDedup Requests0 Weak     Min:  0.0, Avg:  0.0, Max:  0.0, Diff:  0.0, Sum:  0.0, Workers: 4
[4754.699s][debug][gc,phases      ] GC(298)     Dead                           Min: 0, Avg:  0.0, Max: 0, Diff: 0, Sum: 0, Workers: 4
[4754.699s][debug][gc,phases      ] GC(298)     Total                          Min: 0, Avg:  0.0, Max: 0, Diff: 0, Sum: 0, Workers: 4
[4754.699s][debug][gc,phases      ] GC(298)   StringDedup Requests1 Weak     Min:  0.0, Avg:  0.0, Max:  0.0, Diff:  0.0, Sum:  0.0, Workers: 4
[4754.699s][debug][gc,phases      ] GC(298)     Dead                           Min: 0, Avg:  0.0, Max: 0, Diff: 0, Sum: 0, Workers: 4
[4754.699s][debug][gc,phases      ] GC(298)     Total                          Min: 0, Avg:  0.0, Max: 0, Diff: 0, Sum: 0, Workers: 4
[4754.699s][debug][gc,phases      ] GC(298)   Weak JFR Old Object Samples    Min:  0.0, Avg:  0.0, Max:  0.0, Diff:  0.0, Sum:  0.0, Workers: 4
[4754.699s][debug][gc,phases      ] GC(298)     Dead                           Min: 0, Avg:  0.0, Max: 0, Diff: 0, Sum: 0, Workers: 4
[4754.699s][debug][gc,phases      ] GC(298)     Total                          Min: 0, Avg:  0.0, Max: 0, Diff: 0, Sum: 0, Workers: 4
[4754.699s][debug][gc,phases      ] GC(298) Weak Processing 0.290ms
[4754.699s][debug][gc,age         ] GC(298) Desired survivor size 2621440 bytes, new threshold 15 (max threshold 15)
[4754.699s][info ][gc,heap        ] GC(298) PSYoungGen: 2093808K(2094592K)->1888K(2094592K) Eden: 2092032K(2092032K)->0K(2092032K) From: 1776K(2560K)->1888K(2560K)
[4754.699s][info ][gc,heap        ] GC(298) ParOldGen: 375884K(458752K)->375916K(458752K)
[4754.699s][info ][gc,metaspace   ] GC(298) Metaspace: 84196K(85248K)->84196K(85248K) NonClass: 72253K(72832K)->72253K(72832K) Class: 11943K(12416K)->11943K(12416K)
[4754.699s][info ][gc             ] GC(298) Pause Young (Allocation Failure) 2411M->368M(2493M) 5.714ms
[4754.699s][info ][gc,cpu         ] GC(298) User=0.01s Sys=0.01s Real=0.01s
[4754.699s][info ][safepoint      ] Safepoint "ParallelGCFailedAllocation", Time since last: 9489018232 ns, Reaching safepoint: 34600 ns, At safepoint: 5797277 ns, Total: 5831877 ns
[4758.700s][info ][safepoint      ] Safepoint "Cleanup", Time since last: 4000240081 ns, Reaching safepoint: 41400 ns, At safepoint: 3100 ns, Total: 44500 ns
[4768.700s][info ][safepoint      ] Safepoint "Cleanup", Time since last: 10000670452 ns, Reaching safepoint: 40100 ns, At safepoint: 2900 ns, Total: 43000 ns
[4770.719s][info ][gc,start       ] GC(299) Pause Young (Allocation Failure)
[4770.724s][debug][gc,phases      ] GC(299) Scavenge 4.907ms
[4770.724s][debug][gc,ref         ] GC(299) Skipped phase 1 of Reference Processing: no references
[4770.725s][debug][gc,ref         ] GC(299) ReferenceProcessor::execute queues: 1, RefProcThreadModel::Single, marks_oops_alive: false
[4770.725s][debug][gc,ref         ] GC(299) Skipped phase 3 of Reference Processing: no references
[4770.725s][debug][gc,ref         ] GC(299) ReferenceProcessor::execute queues: 1, RefProcThreadModel::Single, marks_oops_alive: false
[4770.725s][debug][gc,phases      ] GC(299) Reference Processing 0.088ms
[4770.725s][debug][gc,phases      ] GC(299)   VM Weak                        Min:  0.0, Avg:  0.0, Max:  0.0, Diff:  0.0, Sum:  0.0, Workers: 4
[4770.725s][debug][gc,phases      ] GC(299)     Dead                           Min: 0, Avg:  0.0, Max: 0, Diff: 0, Sum: 0, Workers: 4
[4770.725s][debug][gc,phases      ] GC(299)     Total                          Min: 0, Avg: 212.2, Max: 849, Diff: 849, Sum: 849, Workers: 4
[4770.725s][debug][gc,phases      ] GC(299)   ObjectSynchronizer Weak        Min:  0.0, Avg:  0.0, Max:  0.0, Diff:  0.0, Sum:  0.0, Workers: 4
[4770.725s][debug][gc,phases      ] GC(299)     Dead                           Min: 0, Avg:  0.0, Max: 0, Diff: 0, Sum: 0, Workers: 4
[4770.725s][debug][gc,phases      ] GC(299)     Total                          Min: 0, Avg: 14.8, Max: 59, Diff: 59, Sum: 59, Workers: 4
[4770.725s][debug][gc,phases      ] GC(299)   JVMTI Tag Weak OopStorage      Min:  0.0, Avg:  0.0, Max:  0.0, Diff:  0.0, Sum:  0.0, Workers: 4
[4770.725s][debug][gc,phases      ] GC(299)     Dead                           Min: 0, Avg:  0.0, Max: 0, Diff: 0, Sum: 0, Workers: 4
[4770.725s][debug][gc,phases      ] GC(299)     Total                          Min: 0, Avg:  0.0, Max: 0, Diff: 0, Sum: 0, Workers: 4
[4770.725s][debug][gc,phases      ] GC(299)   StringTable Weak               Min:  0.0, Avg:  0.1, Max:  0.1, Diff:  0.1, Sum:  0.3, Workers: 4
[4770.725s][debug][gc,phases      ] GC(299)     Dead                           Min: 0, Avg:  0.0, Max: 0, Diff: 0, Sum: 0, Workers: 4
[4770.725s][debug][gc,phases      ] GC(299)     Total                          Min: 0, Avg: 11260.5, Max: 19571, Diff: 19571, Sum: 45042, Workers: 4
[4770.725s][debug][gc,phases      ] GC(299)   ResolvedMethodTable Weak       Min:  0.0, Avg:  0.0, Max:  0.0, Diff:  0.0, Sum:  0.1, Workers: 4
[4770.725s][debug][gc,phases      ] GC(299)     Dead                           Min: 0, Avg:  0.0, Max: 0, Diff: 0, Sum: 0, Workers: 4
[4770.725s][debug][gc,phases      ] GC(299)     Total                          Min: 0, Avg: 2460.0, Max: 4283, Diff: 4283, Sum: 9840, Workers: 4
[4770.725s][debug][gc,phases      ] GC(299)   JNI Weak                       Min:  0.0, Avg:  0.0, Max:  0.0, Diff:  0.0, Sum:  0.0, Workers: 4
[4770.725s][debug][gc,phases      ] GC(299)     Dead                           Min: 0, Avg:  0.0, Max: 0, Diff: 0, Sum: 0, Workers: 4
[4770.725s][debug][gc,phases      ] GC(299)     Total                          Min: 0, Avg: 11.2, Max: 45, Diff: 45, Sum: 45, Workers: 4
[4770.725s][debug][gc,phases      ] GC(299)   StringDedup Table Weak         Min:  0.0, Avg:  0.0, Max:  0.0, Diff:  0.0, Sum:  0.0, Workers: 4
[4770.725s][debug][gc,phases      ] GC(299)     Dead                           Min: 0, Avg:  0.0, Max: 0, Diff: 0, Sum: 0, Workers: 4
[4770.725s][debug][gc,phases      ] GC(299)     Total                          Min: 0, Avg:  0.0, Max: 0, Diff: 0, Sum: 0, Workers: 4
[4770.725s][debug][gc,phases      ] GC(299)   StringDedup Requests0 Weak     Min:  0.0, Avg:  0.0, Max:  0.0, Diff:  0.0, Sum:  0.0, Workers: 4
[4770.725s][debug][gc,phases      ] GC(299)     Dead                           Min: 0, Avg:  0.0, Max: 0, Diff: 0, Sum: 0, Workers: 4
[4770.725s][debug][gc,phases      ] GC(299)     Total                          Min: 0, Avg:  0.0, Max: 0, Diff: 0, Sum: 0, Workers: 4
[4770.725s][debug][gc,phases      ] GC(299)   StringDedup Requests1 Weak     Min:  0.0, Avg:  0.0, Max:  0.0, Diff:  0.0, Sum:  0.0, Workers: 4
[4770.725s][debug][gc,phases      ] GC(299)     Dead                           Min: 0, Avg:  0.0, Max: 0, Diff: 0, Sum: 0, Workers: 4
[4770.725s][debug][gc,phases      ] GC(299)     Total                          Min: 0, Avg:  0.0, Max: 0, Diff: 0, Sum: 0, Workers: 4
[4770.725s][debug][gc,phases      ] GC(299)   Weak JFR Old Object Samples    Min:  0.0, Avg:  0.0, Max:  0.0, Diff:  0.0, Sum:  0.0, Workers: 4
[4770.725s][debug][gc,phases      ] GC(299)     Dead                           Min: 0, Avg:  0.0, Max: 0, Diff: 0, Sum: 0, Workers: 4
[4770.725s][debug][gc,phases      ] GC(299)     Total                          Min: 0, Avg:  0.0, Max: 0, Diff: 0, Sum: 0, Workers: 4
[4770.725s][debug][gc,phases      ] GC(299) Weak Processing 0.297ms
[4770.725s][debug][gc,age         ] GC(299) Desired survivor size 2621440 bytes, new threshold 15 (max threshold 15)
[4770.725s][info ][gc,heap        ] GC(299) PSYoungGen: 2093920K(2094592K)->1920K(2094592K) Eden: 2092032K(2092032K)->0K(2092032K) From: 1888K(2560K)->1920K(2560K)
[4770.725s][info ][gc,heap        ] GC(299) ParOldGen: 375916K(458752K)->375940K(458752K)
[4770.725s][info ][gc,metaspace   ] GC(299) Metaspace: 84197K(85248K)->84197K(85248K) NonClass: 72254K(72832K)->72254K(72832K) Class: 11943K(12416K)->11943K(12416K)
[4770.725s][info ][gc             ] GC(299) Pause Young (Allocation Failure) 2411M->369M(2493M) 5.411ms
[4770.725s][info ][gc,cpu         ] GC(299) User=0.01s Sys=0.00s Real=0.00s
[4770.725s][info ][safepoint      ] Safepoint "ParallelGCFailedAllocation", Time since last: 2018896471 ns, Reaching safepoint: 37500 ns, At safepoint: 5475678 ns, Total: 5513178 ns
[4786.642s][info ][gc,start       ] GC(300) Pause Young (Allocation Failure)
[4786.646s][debug][gc,phases      ] GC(300) Scavenge 4.572ms
[4786.646s][debug][gc,ref         ] GC(300) Skipped phase 1 of Reference Processing: no references
[4786.646s][debug][gc,ref         ] GC(300) ReferenceProcessor::execute queues: 1, RefProcThreadModel::Single, marks_oops_alive: false
[4786.646s][debug][gc,ref         ] GC(300) Skipped phase 3 of Reference Processing: no references
[4786.646s][debug][gc,ref         ] GC(300) ReferenceProcessor::execute queues: 1, RefProcThreadModel::Single, marks_oops_alive: false
[4786.646s][debug][gc,phases      ] GC(300) Reference Processing 0.083ms
[4786.647s][debug][gc,phases      ] GC(300)   VM Weak                        Min:  0.0, Avg:  0.0, Max:  0.0, Diff:  0.0, Sum:  0.0, Workers: 4
[4786.647s][debug][gc,phases      ] GC(300)     Dead                           Min: 0, Avg:  0.0, Max: 0, Diff: 0, Sum: 0, Workers: 4
[4786.647s][debug][gc,phases      ] GC(300)     Total                          Min: 0, Avg: 212.2, Max: 576, Diff: 576, Sum: 849, Workers: 4
[4786.647s][debug][gc,phases      ] GC(300)   ObjectSynchronizer Weak        Min:  0.0, Avg:  0.0, Max:  0.0, Diff:  0.0, Sum:  0.0, Workers: 4
[4786.647s][debug][gc,phases      ] GC(300)     Dead                           Min: 0, Avg:  0.0, Max: 0, Diff: 0, Sum: 0, Workers: 4
[4786.647s][debug][gc,phases      ] GC(300)     Total                          Min: 0, Avg: 14.8, Max: 59, Diff: 59, Sum: 59, Workers: 4
[4786.647s][debug][gc,phases      ] GC(300)   JVMTI Tag Weak OopStorage      Min:  0.0, Avg:  0.0, Max:  0.0, Diff:  0.0, Sum:  0.0, Workers: 4
[4786.647s][debug][gc,phases      ] GC(300)     Dead                           Min: 0, Avg:  0.0, Max: 0, Diff: 0, Sum: 0, Workers: 4
[4786.647s][debug][gc,phases      ] GC(300)     Total                          Min: 0, Avg:  0.0, Max: 0, Diff: 0, Sum: 0, Workers: 4
[4786.647s][debug][gc,phases      ] GC(300)   StringTable Weak               Min:  0.0, Avg:  0.1, Max:  0.1, Diff:  0.1, Sum:  0.3, Workers: 4
[4786.647s][debug][gc,phases      ] GC(300)     Dead                           Min: 0, Avg:  0.0, Max: 0, Diff: 0, Sum: 0, Workers: 4
[4786.647s][debug][gc,phases      ] GC(300)     Total                          Min: 0, Avg: 11260.5, Max: 18752, Diff: 18752, Sum: 45042, Workers: 4
[4786.647s][debug][gc,phases      ] GC(300)   ResolvedMethodTable Weak       Min:  0.0, Avg:  0.0, Max:  0.0, Diff:  0.0, Sum:  0.1, Workers: 4
[4786.647s][debug][gc,phases      ] GC(300)     Dead                           Min: 0, Avg:  0.0, Max: 0, Diff: 0, Sum: 0, Workers: 4
[4786.647s][debug][gc,phases      ] GC(300)     Total                          Min: 0, Avg: 2460.0, Max: 4224, Diff: 4224, Sum: 9840, Workers: 4
[4786.647s][debug][gc,phases      ] GC(300)   JNI Weak                       Min:  0.0, Avg:  0.0, Max:  0.0, Diff:  0.0, Sum:  0.0, Workers: 4
[4786.647s][debug][gc,phases      ] GC(300)     Dead                           Min: 0, Avg:  0.0, Max: 0, Diff: 0, Sum: 0, Workers: 4
[4786.647s][debug][gc,phases      ] GC(300)     Total                          Min: 0, Avg: 11.2, Max: 45, Diff: 45, Sum: 45, Workers: 4
[4786.647s][debug][gc,phases      ] GC(300)   StringDedup Table Weak         Min:  0.0, Avg:  0.0, Max:  0.0, Diff:  0.0, Sum:  0.0, Workers: 4
[4786.647s][debug][gc,phases      ] GC(300)     Dead                           Min: 0, Avg:  0.0, Max: 0, Diff: 0, Sum: 0, Workers: 4
[4786.647s][debug][gc,phases      ] GC(300)     Total                          Min: 0, Avg:  0.0, Max: 0, Diff: 0, Sum: 0, Workers: 4
[4786.647s][debug][gc,phases      ] GC(300)   StringDedup Requests0 Weak     Min:  0.0, Avg:  0.0, Max:  0.0, Diff:  0.0, Sum:  0.0, Workers: 4
[4786.647s][debug][gc,phases      ] GC(300)     Dead                           Min: 0, Avg:  0.0, Max: 0, Diff: 0, Sum: 0, Workers: 4
[4786.647s][debug][gc,phases      ] GC(300)     Total                          Min: 0, Avg:  0.0, Max: 0, Diff: 0, Sum: 0, Workers: 4
[4786.647s][debug][gc,phases      ] GC(300)   StringDedup Requests1 Weak     Min:  0.0, Avg:  0.0, Max:  0.0, Diff:  0.0, Sum:  0.0, Workers: 4
[4786.647s][debug][gc,phases      ] GC(300)     Dead                           Min: 0, Avg:  0.0, Max: 0, Diff: 0, Sum: 0, Workers: 4
[4786.647s][debug][gc,phases      ] GC(300)     Total                          Min: 0, Avg:  0.0, Max: 0, Diff: 0, Sum: 0, Workers: 4
[4786.647s][debug][gc,phases      ] GC(300)   Weak JFR Old Object Samples    Min:  0.0, Avg:  0.0, Max:  0.0, Diff:  0.0, Sum:  0.0, Workers: 4
[4786.647s][debug][gc,phases      ] GC(300)     Dead                           Min: 0, Avg:  0.0, Max: 0, Diff: 0, Sum: 0, Workers: 4
[4786.647s][debug][gc,phases      ] GC(300)     Total                          Min: 0, Avg:  0.0, Max: 0, Diff: 0, Sum: 0, Workers: 4
[4786.647s][debug][gc,phases      ] GC(300) Weak Processing 0.293ms
[4786.647s][debug][gc,age         ] GC(300) Desired survivor size 2621440 bytes, new threshold 15 (max threshold 15)
[4786.647s][info ][gc,heap        ] GC(300) PSYoungGen: 2093952K(2094592K)->1840K(2094592K) Eden: 2092032K(2092032K)->0K(2092032K) From: 1920K(2560K)->1840K(2560K)
[4786.647s][info ][gc,heap        ] GC(300) ParOldGen: 375940K(458752K)->375964K(458752K)
[4786.647s][info ][gc,metaspace   ] GC(300) Metaspace: 84197K(85248K)->84197K(85248K) NonClass: 72254K(72832K)->72254K(72832K) Class: 11943K(12416K)->11943K(12416K)
[4786.647s][info ][gc             ] GC(300) Pause Young (Allocation Failure) 2412M->368M(2493M) 5.044ms
[4786.647s][info ][gc,cpu         ] GC(300) User=0.02s Sys=0.00s Real=0.01s
[4786.647s][info ][safepoint      ] Safepoint "ParallelGCFailedAllocation", Time since last: 15916790841 ns, Reaching safepoint: 31100 ns, At safepoint: 5106080 ns, Total: 5137180 ns
[4802.845s][info ][gc,start       ] GC(301) Pause Young (Allocation Failure)
[4802.848s][debug][gc,phases      ] GC(301) Scavenge 3.914ms
[4802.849s][debug][gc,ref         ] GC(301) Skipped phase 1 of Reference Processing: no references
[4802.849s][debug][gc,ref         ] GC(301) Skipped phase 2 of Reference Processing: no references
[4802.849s][debug][gc,ref         ] GC(301) Skipped phase 3 of Reference Processing: no references
[4802.849s][debug][gc,ref         ] GC(301) ReferenceProcessor::execute queues: 1, RefProcThreadModel::Single, marks_oops_alive: false
[4802.849s][debug][gc,phases      ] GC(301) Reference Processing 0.089ms
[4802.849s][debug][gc,phases      ] GC(301)   VM Weak                        Min:  0.0, Avg:  0.0, Max:  0.0, Diff:  0.0, Sum:  0.0, Workers: 4
[4802.849s][debug][gc,phases      ] GC(301)     Dead                           Min: 0, Avg:  0.0, Max: 0, Diff: 0, Sum: 0, Workers: 4
[4802.849s][debug][gc,phases      ] GC(301)     Total                          Min: 0, Avg: 212.2, Max: 529, Diff: 529, Sum: 849, Workers: 4
[4802.849s][debug][gc,phases      ] GC(301)   ObjectSynchronizer Weak        Min:  0.0, Avg:  0.0, Max:  0.0, Diff:  0.0, Sum:  0.0, Workers: 4
[4802.849s][debug][gc,phases      ] GC(301)     Dead                           Min: 0, Avg:  0.0, Max: 0, Diff: 0, Sum: 0, Workers: 4
[4802.849s][debug][gc,phases      ] GC(301)     Total                          Min: 0, Avg: 14.8, Max: 59, Diff: 59, Sum: 59, Workers: 4
[4802.849s][debug][gc,phases      ] GC(301)   JVMTI Tag Weak OopStorage      Min:  0.0, Avg:  0.0, Max:  0.0, Diff:  0.0, Sum:  0.0, Workers: 4
[4802.849s][debug][gc,phases      ] GC(301)     Dead                           Min: 0, Avg:  0.0, Max: 0, Diff: 0, Sum: 0, Workers: 4
[4802.849s][debug][gc,phases      ] GC(301)     Total                          Min: 0, Avg:  0.0, Max: 0, Diff: 0, Sum: 0, Workers: 4
[4802.849s][debug][gc,phases      ] GC(301)   StringTable Weak               Min:  0.1, Avg:  0.1, Max:  0.1, Diff:  0.0, Sum:  0.4, Workers: 4
[4802.849s][debug][gc,phases      ] GC(301)     Dead                           Min: 0, Avg:  0.0, Max: 0, Diff: 0, Sum: 0, Workers: 4
[4802.849s][debug][gc,phases      ] GC(301)     Total                          Min: 11059, Avg: 11260.5, Max: 11584, Diff: 525, Sum: 45042, Workers: 4
[4802.849s][debug][gc,phases      ] GC(301)   ResolvedMethodTable Weak       Min:  0.0, Avg:  0.0, Max:  0.0, Diff:  0.0, Sum:  0.1, Workers: 4
[4802.849s][debug][gc,phases      ] GC(301)     Dead                           Min: 0, Avg:  0.0, Max: 0, Diff: 0, Sum: 0, Workers: 4
[4802.849s][debug][gc,phases      ] GC(301)     Total                          Min: 2304, Avg: 2460.0, Max: 2682, Diff: 378, Sum: 9840, Workers: 4
[4802.849s][debug][gc,phases      ] GC(301)   JNI Weak                       Min:  0.0, Avg:  0.0, Max:  0.0, Diff:  0.0, Sum:  0.0, Workers: 4
[4802.849s][debug][gc,phases      ] GC(301)     Dead                           Min: 0, Avg:  0.0, Max: 0, Diff: 0, Sum: 0, Workers: 4
[4802.849s][debug][gc,phases      ] GC(301)     Total                          Min: 0, Avg: 11.2, Max: 45, Diff: 45, Sum: 45, Workers: 4
[4802.849s][debug][gc,phases      ] GC(301)   StringDedup Table Weak         Min:  0.0, Avg:  0.0, Max:  0.0, Diff:  0.0, Sum:  0.0, Workers: 4
[4802.849s][debug][gc,phases      ] GC(301)     Dead                           Min: 0, Avg:  0.0, Max: 0, Diff: 0, Sum: 0, Workers: 4
[4802.849s][debug][gc,phases      ] GC(301)     Total                          Min: 0, Avg:  0.0, Max: 0, Diff: 0, Sum: 0, Workers: 4
[4802.849s][debug][gc,phases      ] GC(301)   StringDedup Requests0 Weak     Min:  0.0, Avg:  0.0, Max:  0.0, Diff:  0.0, Sum:  0.0, Workers: 4
[4802.849s][debug][gc,phases      ] GC(301)     Dead                           Min: 0, Avg:  0.0, Max: 0, Diff: 0, Sum: 0, Workers: 4
[4802.849s][debug][gc,phases      ] GC(301)     Total                          Min: 0, Avg:  0.0, Max: 0, Diff: 0, Sum: 0, Workers: 4
[4802.849s][debug][gc,phases      ] GC(301)   StringDedup Requests1 Weak     Min:  0.0, Avg:  0.0, Max:  0.0, Diff:  0.0, Sum:  0.0, Workers: 4
[4802.849s][debug][gc,phases      ] GC(301)     Dead                           Min: 0, Avg:  0.0, Max: 0, Diff: 0, Sum: 0, Workers: 4
[4802.849s][debug][gc,phases      ] GC(301)     Total                          Min: 0, Avg:  0.0, Max: 0, Diff: 0, Sum: 0, Workers: 4
[4802.849s][debug][gc,phases      ] GC(301)   Weak JFR Old Object Samples    Min:  0.0, Avg:  0.0, Max:  0.0, Diff:  0.0, Sum:  0.0, Workers: 4
[4802.849s][debug][gc,phases      ] GC(301)     Dead                           Min: 0, Avg:  0.0, Max: 0, Diff: 0, Sum: 0, Workers: 4
[4802.849s][debug][gc,phases      ] GC(301)     Total                          Min: 0, Avg:  0.0, Max: 0, Diff: 0, Sum: 0, Workers: 4
[4802.849s][debug][gc,phases      ] GC(301) Weak Processing 0.285ms
[4802.849s][debug][gc,age         ] GC(301) Desired survivor size 2621440 bytes, new threshold 15 (max threshold 15)
[4802.849s][info ][gc,heap        ] GC(301) PSYoungGen: 2093872K(2094592K)->1856K(2094592K) Eden: 2092032K(2092032K)->0K(2092032K) From: 1840K(2560K)->1856K(2560K)
[4802.849s][info ][gc,heap        ] GC(301) ParOldGen: 375964K(458752K)->376012K(458752K)
[4802.849s][info ][gc,metaspace   ] GC(301) Metaspace: 84197K(85248K)->84197K(85248K) NonClass: 72254K(72832K)->72254K(72832K) Class: 11943K(12416K)->11943K(12416K)
[4802.849s][info ][gc             ] GC(301) Pause Young (Allocation Failure) 2411M->369M(2493M) 4.400ms
[4802.849s][info ][gc,cpu         ] GC(301) User=0.01s Sys=0.00s Real=0.01s
[4802.849s][info ][safepoint      ] Safepoint "ParallelGCFailedAllocation", Time since last: 16197624939 ns, Reaching safepoint: 37200 ns, At safepoint: 4486682 ns, Total: 4523882 ns
[4808.849s][info ][safepoint      ] Safepoint "Cleanup", Time since last: 6000378335 ns, Reaching safepoint: 39400 ns, At safepoint: 2400 ns, Total: 41800 ns
[4816.850s][info ][safepoint      ] Safepoint "Cleanup", Time since last: 8000559309 ns, Reaching safepoint: 41200 ns, At safepoint: 2800 ns, Total: 44000 ns
[4818.645s][info ][gc,start       ] GC(302) Pause Young (Allocation Failure)
[4818.648s][debug][gc,phases      ] GC(302) Scavenge 3.093ms
[4818.648s][debug][gc,ref         ] GC(302) Skipped phase 1 of Reference Processing: no references
[4818.648s][debug][gc,ref         ] GC(302) Skipped phase 2 of Reference Processing: no references
[4818.648s][debug][gc,ref         ] GC(302) Skipped phase 3 of Reference Processing: no references
[4818.648s][debug][gc,ref         ] GC(302) ReferenceProcessor::execute queues: 1, RefProcThreadModel::Single, marks_oops_alive: false
[4818.648s][debug][gc,phases      ] GC(302) Reference Processing 0.090ms
[4818.648s][debug][gc,phases      ] GC(302)   VM Weak                        Min:  0.0, Avg:  0.0, Max:  0.0, Diff:  0.0, Sum:  0.0, Workers: 4
[4818.648s][debug][gc,phases      ] GC(302)     Dead                           Min: 0, Avg:  0.0, Max: 0, Diff: 0, Sum: 0, Workers: 4
[4818.649s][debug][gc,phases      ] GC(302)     Total                          Min: 0, Avg: 212.2, Max: 832, Diff: 832, Sum: 849, Workers: 4
[4818.649s][debug][gc,phases      ] GC(302)   ObjectSynchronizer Weak        Min:  0.0, Avg:  0.0, Max:  0.0, Diff:  0.0, Sum:  0.0, Workers: 4
[4818.649s][debug][gc,phases      ] GC(302)     Dead                           Min: 0, Avg:  0.0, Max: 0, Diff: 0, Sum: 0, Workers: 4
[4818.649s][debug][gc,phases      ] GC(302)     Total                          Min: 0, Avg: 14.8, Max: 59, Diff: 59, Sum: 59, Workers: 4
[4818.649s][debug][gc,phases      ] GC(302)   JVMTI Tag Weak OopStorage      Min:  0.0, Avg:  0.0, Max:  0.0, Diff:  0.0, Sum:  0.0, Workers: 4
[4818.649s][debug][gc,phases      ] GC(302)     Dead                           Min: 0, Avg:  0.0, Max: 0, Diff: 0, Sum: 0, Workers: 4
[4818.649s][debug][gc,phases      ] GC(302)     Total                          Min: 0, Avg:  0.0, Max: 0, Diff: 0, Sum: 0, Workers: 4
[4818.649s][debug][gc,phases      ] GC(302)   StringTable Weak               Min:  0.0, Avg:  0.1, Max:  0.1, Diff:  0.1, Sum:  0.3, Workers: 4
[4818.649s][debug][gc,phases      ] GC(302)     Dead                           Min: 0, Avg:  0.0, Max: 0, Diff: 0, Sum: 0, Workers: 4
[4818.649s][debug][gc,phases      ] GC(302)     Total                          Min: 0, Avg: 11260.5, Max: 19122, Diff: 19122, Sum: 45042, Workers: 4
[4818.649s][debug][gc,phases      ] GC(302)   ResolvedMethodTable Weak       Min:  0.0, Avg:  0.0, Max:  0.0, Diff:  0.0, Sum:  0.1, Workers: 4
[4818.649s][debug][gc,phases      ] GC(302)     Dead                           Min: 0, Avg:  0.0, Max: 0, Diff: 0, Sum: 0, Workers: 4
[4818.649s][debug][gc,phases      ] GC(302)     Total                          Min: 0, Avg: 2460.0, Max: 4283, Diff: 4283, Sum: 9840, Workers: 4
[4818.649s][debug][gc,phases      ] GC(302)   JNI Weak                       Min:  0.0, Avg:  0.0, Max:  0.0, Diff:  0.0, Sum:  0.0, Workers: 4
[4818.649s][debug][gc,phases      ] GC(302)     Dead                           Min: 0, Avg:  0.0, Max: 0, Diff: 0, Sum: 0, Workers: 4
[4818.649s][debug][gc,phases      ] GC(302)     Total                          Min: 0, Avg: 11.2, Max: 45, Diff: 45, Sum: 45, Workers: 4
[4818.649s][debug][gc,phases      ] GC(302)   StringDedup Table Weak         Min:  0.0, Avg:  0.0, Max:  0.0, Diff:  0.0, Sum:  0.0, Workers: 4
[4818.649s][debug][gc,phases      ] GC(302)     Dead                           Min: 0, Avg:  0.0, Max: 0, Diff: 0, Sum: 0, Workers: 4
[4818.649s][debug][gc,phases      ] GC(302)     Total                          Min: 0, Avg:  0.0, Max: 0, Diff: 0, Sum: 0, Workers: 4
[4818.649s][debug][gc,phases      ] GC(302)   StringDedup Requests0 Weak     Min:  0.0, Avg:  0.0, Max:  0.0, Diff:  0.0, Sum:  0.0, Workers: 4
[4818.649s][debug][gc,phases      ] GC(302)     Dead                           Min: 0, Avg:  0.0, Max: 0, Diff: 0, Sum: 0, Workers: 4
[4818.649s][debug][gc,phases      ] GC(302)     Total                          Min: 0, Avg:  0.0, Max: 0, Diff: 0, Sum: 0, Workers: 4
[4818.649s][debug][gc,phases      ] GC(302)   StringDedup Requests1 Weak     Min:  0.0, Avg:  0.0, Max:  0.0, Diff:  0.0, Sum:  0.0, Workers: 4
[4818.649s][debug][gc,phases      ] GC(302)     Dead                           Min: 0, Avg:  0.0, Max: 0, Diff: 0, Sum: 0, Workers: 4
[4818.649s][debug][gc,phases      ] GC(302)     Total                          Min: 0, Avg:  0.0, Max: 0, Diff: 0, Sum: 0, Workers: 4
[4818.649s][debug][gc,phases      ] GC(302)   Weak JFR Old Object Samples    Min:  0.0, Avg:  0.0, Max:  0.0, Diff:  0.0, Sum:  0.0, Workers: 4
[4818.649s][debug][gc,phases      ] GC(302)     Dead                           Min: 0, Avg:  0.0, Max: 0, Diff: 0, Sum: 0, Workers: 4
[4818.649s][debug][gc,phases      ] GC(302)     Total                          Min: 0, Avg:  0.0, Max: 0, Diff: 0, Sum: 0, Workers: 4
[4818.649s][debug][gc,phases      ] GC(302) Weak Processing 0.303ms
[4818.649s][debug][gc,age         ] GC(302) Desired survivor size 2621440 bytes, new threshold 15 (max threshold 15)
[4818.649s][info ][gc,heap        ] GC(302) PSYoungGen: 2093888K(2094592K)->1776K(2094592K) Eden: 2092032K(2092032K)->0K(2092032K) From: 1856K(2560K)->1776K(2560K)
[4818.649s][info ][gc,heap        ] GC(302) ParOldGen: 376012K(458752K)->376084K(458752K)
[4818.649s][info ][gc,metaspace   ] GC(302) Metaspace: 84201K(85248K)->84201K(85248K) NonClass: 72258K(72832K)->72258K(72832K) Class: 11943K(12416K)->11943K(12416K)
[4818.649s][info ][gc             ] GC(302) Pause Young (Allocation Failure) 2412M->369M(2493M) 3.601ms
[4818.649s][info ][gc,cpu         ] GC(302) User=0.01s Sys=0.00s Real=0.01s
[4818.649s][info ][safepoint      ] Safepoint "ParallelGCFailedAllocation", Time since last: 1794977985 ns, Reaching safepoint: 33800 ns, At safepoint: 3670284 ns, Total: 3704084 ns
[4836.800s][info ][gc,start       ] GC(303) Pause Young (Allocation Failure)
[4836.805s][debug][gc,phases      ] GC(303) Scavenge 5.024ms
[4836.805s][debug][gc,ref         ] GC(303) Skipped phase 1 of Reference Processing: no references
[4836.805s][debug][gc,ref         ] GC(303) Skipped phase 2 of Reference Processing: no references
[4836.805s][debug][gc,ref         ] GC(303) Skipped phase 3 of Reference Processing: no references
[4836.805s][debug][gc,ref         ] GC(303) Skipped phase 4 of Reference Processing: no references
[4836.805s][debug][gc,phases      ] GC(303) Reference Processing 0.022ms
[4836.805s][debug][gc,phases      ] GC(303)   VM Weak                        Min:  0.0, Avg:  0.0, Max:  0.0, Diff:  0.0, Sum:  0.0, Workers: 4
[4836.805s][debug][gc,phases      ] GC(303)     Dead                           Min: 0, Avg:  0.0, Max: 0, Diff: 0, Sum: 0, Workers: 4
[4836.805s][debug][gc,phases      ] GC(303)     Total                          Min: 0, Avg: 212.2, Max: 657, Diff: 657, Sum: 849, Workers: 4
[4836.805s][debug][gc,phases      ] GC(303)   ObjectSynchronizer Weak        Min:  0.0, Avg:  0.0, Max:  0.0, Diff:  0.0, Sum:  0.0, Workers: 4
[4836.805s][debug][gc,phases      ] GC(303)     Dead                           Min: 0, Avg:  0.0, Max: 0, Diff: 0, Sum: 0, Workers: 4
[4836.805s][debug][gc,phases      ] GC(303)     Total                          Min: 0, Avg: 14.8, Max: 59, Diff: 59, Sum: 59, Workers: 4
[4836.805s][debug][gc,phases      ] GC(303)   JVMTI Tag Weak OopStorage      Min:  0.0, Avg:  0.0, Max:  0.0, Diff:  0.0, Sum:  0.0, Workers: 4
[4836.805s][debug][gc,phases      ] GC(303)     Dead                           Min: 0, Avg:  0.0, Max: 0, Diff: 0, Sum: 0, Workers: 4
[4836.805s][debug][gc,phases      ] GC(303)     Total                          Min: 0, Avg:  0.0, Max: 0, Diff: 0, Sum: 0, Workers: 4
[4836.805s][debug][gc,phases      ] GC(303)   StringTable Weak               Min:  0.1, Avg:  0.1, Max:  0.1, Diff:  0.0, Sum:  0.4, Workers: 4
[4836.805s][debug][gc,phases      ] GC(303)     Dead                           Min: 0, Avg:  0.0, Max: 0, Diff: 0, Sum: 0, Workers: 4
[4836.805s][debug][gc,phases      ] GC(303)     Total                          Min: 11007, Avg: 11260.5, Max: 11840, Diff: 833, Sum: 45042, Workers: 4
[4836.805s][debug][gc,phases      ] GC(303)   ResolvedMethodTable Weak       Min:  0.0, Avg:  0.0, Max:  0.0, Diff:  0.0, Sum:  0.1, Workers: 4
[4836.805s][debug][gc,phases      ] GC(303)     Dead                           Min: 0, Avg:  0.0, Max: 0, Diff: 0, Sum: 0, Workers: 4
[4836.805s][debug][gc,phases      ] GC(303)     Total                          Min: 2235, Avg: 2460.0, Max: 2751, Diff: 516, Sum: 9840, Workers: 4
[4836.805s][debug][gc,phases      ] GC(303)   JNI Weak                       Min:  0.0, Avg:  0.0, Max:  0.0, Diff:  0.0, Sum:  0.0, Workers: 4
[4836.805s][debug][gc,phases      ] GC(303)     Dead                           Min: 0, Avg:  0.0, Max: 0, Diff: 0, Sum: 0, Workers: 4
[4836.805s][debug][gc,phases      ] GC(303)     Total                          Min: 0, Avg: 11.2, Max: 45, Diff: 45, Sum: 45, Workers: 4
[4836.805s][debug][gc,phases      ] GC(303)   StringDedup Table Weak         Min:  0.0, Avg:  0.0, Max:  0.0, Diff:  0.0, Sum:  0.0, Workers: 4
[4836.805s][debug][gc,phases      ] GC(303)     Dead                           Min: 0, Avg:  0.0, Max: 0, Diff: 0, Sum: 0, Workers: 4
[4836.805s][debug][gc,phases      ] GC(303)     Total                          Min: 0, Avg:  0.0, Max: 0, Diff: 0, Sum: 0, Workers: 4
[4836.805s][debug][gc,phases      ] GC(303)   StringDedup Requests0 Weak     Min:  0.0, Avg:  0.0, Max:  0.0, Diff:  0.0, Sum:  0.0, Workers: 4
[4836.805s][debug][gc,phases      ] GC(303)     Dead                           Min: 0, Avg:  0.0, Max: 0, Diff: 0, Sum: 0, Workers: 4
[4836.805s][debug][gc,phases      ] GC(303)     Total                          Min: 0, Avg:  0.0, Max: 0, Diff: 0, Sum: 0, Workers: 4
[4836.805s][debug][gc,phases      ] GC(303)   StringDedup Requests1 Weak     Min:  0.0, Avg:  0.0, Max:  0.0, Diff:  0.0, Sum:  0.0, Workers: 4
[4836.805s][debug][gc,phases      ] GC(303)     Dead                           Min: 0, Avg:  0.0, Max: 0, Diff: 0, Sum: 0, Workers: 4
[4836.805s][debug][gc,phases      ] GC(303)     Total                          Min: 0, Avg:  0.0, Max: 0, Diff: 0, Sum: 0, Workers: 4
[4836.805s][debug][gc,phases      ] GC(303)   Weak JFR Old Object Samples    Min:  0.0, Avg:  0.0, Max:  0.0, Diff:  0.0, Sum:  0.0, Workers: 4
[4836.805s][debug][gc,phases      ] GC(303)     Dead                           Min: 0, Avg:  0.0, Max: 0, Diff: 0, Sum: 0, Workers: 4
[4836.805s][debug][gc,phases      ] GC(303)     Total                          Min: 0, Avg:  0.0, Max: 0, Diff: 0, Sum: 0, Workers: 4
[4836.805s][debug][gc,phases      ] GC(303) Weak Processing 0.290ms
[4836.805s][debug][gc,age         ] GC(303) Desired survivor size 2621440 bytes, new threshold 15 (max threshold 15)
[4836.805s][info ][gc,heap        ] GC(303) PSYoungGen: 2093808K(2094592K)->1184K(2094592K) Eden: 2092032K(2092032K)->0K(2092032K) From: 1776K(2560K)->1184K(2560K)
[4836.805s][info ][gc,heap        ] GC(303) ParOldGen: 376084K(458752K)->376668K(458752K)
[4836.805s][info ][gc,metaspace   ] GC(303) Metaspace: 84201K(85248K)->84201K(85248K) NonClass: 72258K(72832K)->72258K(72832K) Class: 11943K(12416K)->11943K(12416K)
[4836.805s][info ][gc             ] GC(303) Pause Young (Allocation Failure) 2412M->368M(2493M) 5.436ms
[4836.805s][info ][gc,cpu         ] GC(303) User=0.02s Sys=0.00s Real=0.00s
[4836.805s][info ][safepoint      ] Safepoint "ParallelGCFailedAllocation", Time since last: 18150924192 ns, Reaching safepoint: 23300 ns, At safepoint: 5524378 ns, Total: 5547678 ns
[4853.045s][info ][gc,start       ] GC(304) Pause Young (Allocation Failure)
[4853.048s][debug][gc,phases      ] GC(304) Scavenge 3.242ms
[4853.048s][debug][gc,ref         ] GC(304) Skipped phase 1 of Reference Processing: no references
[4853.048s][debug][gc,ref         ] GC(304) Skipped phase 2 of Reference Processing: no references
[4853.048s][debug][gc,ref         ] GC(304) Skipped phase 3 of Reference Processing: no references
[4853.048s][debug][gc,ref         ] GC(304) Skipped phase 4 of Reference Processing: no references
[4853.048s][debug][gc,phases      ] GC(304) Reference Processing 0.021ms
[4853.048s][debug][gc,phases      ] GC(304)   VM Weak                        Min:  0.0, Avg:  0.0, Max:  0.0, Diff:  0.0, Sum:  0.0, Workers: 4
[4853.049s][debug][gc,phases      ] GC(304)     Dead                           Min: 0, Avg:  0.0, Max: 0, Diff: 0, Sum: 0, Workers: 4
[4853.049s][debug][gc,phases      ] GC(304)     Total                          Min: 0, Avg: 212.2, Max: 785, Diff: 785, Sum: 849, Workers: 4
[4853.049s][debug][gc,phases      ] GC(304)   ObjectSynchronizer Weak        Min:  0.0, Avg:  0.0, Max:  0.0, Diff:  0.0, Sum:  0.0, Workers: 4
[4853.049s][debug][gc,phases      ] GC(304)     Dead                           Min: 0, Avg:  0.0, Max: 0, Diff: 0, Sum: 0, Workers: 4
[4853.049s][debug][gc,phases      ] GC(304)     Total                          Min: 0, Avg: 14.8, Max: 59, Diff: 59, Sum: 59, Workers: 4
[4853.049s][debug][gc,phases      ] GC(304)   JVMTI Tag Weak OopStorage      Min:  0.0, Avg:  0.0, Max:  0.0, Diff:  0.0, Sum:  0.0, Workers: 4
[4853.049s][debug][gc,phases      ] GC(304)     Dead                           Min: 0, Avg:  0.0, Max: 0, Diff: 0, Sum: 0, Workers: 4
[4853.049s][debug][gc,phases      ] GC(304)     Total                          Min: 0, Avg:  0.0, Max: 0, Diff: 0, Sum: 0, Workers: 4
[4853.049s][debug][gc,phases      ] GC(304)   StringTable Weak               Min:  0.1, Avg:  0.1, Max:  0.1, Diff:  0.0, Sum:  0.4, Workers: 4
[4853.049s][debug][gc,phases      ] GC(304)     Dead                           Min: 0, Avg:  0.0, Max: 0, Diff: 0, Sum: 0, Workers: 4
[4853.049s][debug][gc,phases      ] GC(304)     Total                          Min: 10816, Avg: 11260.5, Max: 12031, Diff: 1215, Sum: 45042, Workers: 4
[4853.049s][debug][gc,phases      ] GC(304)   ResolvedMethodTable Weak       Min:  0.0, Avg:  0.0, Max:  0.0, Diff:  0.0, Sum:  0.1, Workers: 4
[4853.049s][debug][gc,phases      ] GC(304)     Dead                           Min: 0, Avg:  0.0, Max: 0, Diff: 0, Sum: 0, Workers: 4
[4853.049s][debug][gc,phases      ] GC(304)     Total                          Min: 2366, Avg: 2460.0, Max: 2623, Diff: 257, Sum: 9840, Workers: 4
[4853.049s][debug][gc,phases      ] GC(304)   JNI Weak                       Min:  0.0, Avg:  0.0, Max:  0.0, Diff:  0.0, Sum:  0.0, Workers: 4
[4853.049s][debug][gc,phases      ] GC(304)     Dead                           Min: 0, Avg:  0.0, Max: 0, Diff: 0, Sum: 0, Workers: 4
[4853.049s][debug][gc,phases      ] GC(304)     Total                          Min: 0, Avg: 11.2, Max: 45, Diff: 45, Sum: 45, Workers: 4
[4853.049s][debug][gc,phases      ] GC(304)   StringDedup Table Weak         Min:  0.0, Avg:  0.0, Max:  0.0, Diff:  0.0, Sum:  0.0, Workers: 4
[4853.049s][debug][gc,phases      ] GC(304)     Dead                           Min: 0, Avg:  0.0, Max: 0, Diff: 0, Sum: 0, Workers: 4
[4853.049s][debug][gc,phases      ] GC(304)     Total                          Min: 0, Avg:  0.0, Max: 0, Diff: 0, Sum: 0, Workers: 4
[4853.049s][debug][gc,phases      ] GC(304)   StringDedup Requests0 Weak     Min:  0.0, Avg:  0.0, Max:  0.0, Diff:  0.0, Sum:  0.0, Workers: 4
[4853.049s][debug][gc,phases      ] GC(304)     Dead                           Min: 0, Avg:  0.0, Max: 0, Diff: 0, Sum: 0, Workers: 4
[4853.049s][debug][gc,phases      ] GC(304)     Total                          Min: 0, Avg:  0.0, Max: 0, Diff: 0, Sum: 0, Workers: 4
[4853.049s][debug][gc,phases      ] GC(304)   StringDedup Requests1 Weak     Min:  0.0, Avg:  0.0, Max:  0.0, Diff:  0.0, Sum:  0.0, Workers: 4
[4853.049s][debug][gc,phases      ] GC(304)     Dead                           Min: 0, Avg:  0.0, Max: 0, Diff: 0, Sum: 0, Workers: 4
[4853.049s][debug][gc,phases      ] GC(304)     Total                          Min: 0, Avg:  0.0, Max: 0, Diff: 0, Sum: 0, Workers: 4
[4853.049s][debug][gc,phases      ] GC(304)   Weak JFR Old Object Samples    Min:  0.0, Avg:  0.0, Max:  0.0, Diff:  0.0, Sum:  0.0, Workers: 4
[4853.049s][debug][gc,phases      ] GC(304)     Dead                           Min: 0, Avg:  0.0, Max: 0, Diff: 0, Sum: 0, Workers: 4
[4853.049s][debug][gc,phases      ] GC(304)     Total                          Min: 0, Avg:  0.0, Max: 0, Diff: 0, Sum: 0, Workers: 4
[4853.049s][debug][gc,phases      ] GC(304) Weak Processing 0.284ms
[4853.049s][debug][gc,age         ] GC(304) Desired survivor size 2621440 bytes, new threshold 15 (max threshold 15)
[4853.049s][info ][gc,heap        ] GC(304) PSYoungGen: 2093216K(2094592K)->1200K(2094592K) Eden: 2092032K(2092032K)->0K(2092032K) From: 1184K(2560K)->1200K(2560K)
[4853.049s][info ][gc,heap        ] GC(304) ParOldGen: 376668K(458752K)->376692K(458752K)
[4853.049s][info ][gc,metaspace   ] GC(304) Metaspace: 84201K(85248K)->84201K(85248K) NonClass: 72258K(72832K)->72258K(72832K) Class: 11943K(12416K)->11943K(12416K)
[4853.049s][info ][gc             ] GC(304) Pause Young (Allocation Failure) 2411M->369M(2493M) 3.652ms
[4853.049s][info ][gc,cpu         ] GC(304) User=0.01s Sys=0.00s Real=0.01s
[4853.049s][info ][safepoint      ] Safepoint "ParallelGCFailedAllocation", Time since last: 16239782814 ns, Reaching safepoint: 38200 ns, At safepoint: 3720985 ns, Total: 3759185 ns
[4857.049s][info ][safepoint      ] Safepoint "Cleanup", Time since last: 4000269897 ns, Reaching safepoint: 40300 ns, At safepoint: 2200 ns, Total: 42500 ns
[4860.049s][info ][safepoint      ] Safepoint "Cleanup", Time since last: 3000203697 ns, Reaching safepoint: 42000 ns, At safepoint: 3400 ns, Total: 45400 ns
[4869.298s][info ][gc,start       ] GC(305) Pause Young (Allocation Failure)
[4869.300s][debug][gc,phases      ] GC(305) Scavenge 2.538ms
[4869.300s][debug][gc,ref         ] GC(305) Skipped phase 1 of Reference Processing: no references
[4869.300s][debug][gc,ref         ] GC(305) Skipped phase 2 of Reference Processing: no references
[4869.300s][debug][gc,ref         ] GC(305) Skipped phase 3 of Reference Processing: no references
[4869.300s][debug][gc,ref         ] GC(305) Skipped phase 4 of Reference Processing: no references
[4869.300s][debug][gc,phases      ] GC(305) Reference Processing 0.040ms
[4869.301s][debug][gc,phases      ] GC(305)   VM Weak                        Min:  0.0, Avg:  0.0, Max:  0.0, Diff:  0.0, Sum:  0.0, Workers: 4
[4869.301s][debug][gc,phases      ] GC(305)     Dead                           Min: 0, Avg:  0.0, Max: 0, Diff: 0, Sum: 0, Workers: 4
[4869.301s][debug][gc,phases      ] GC(305)     Total                          Min: 0, Avg: 212.2, Max: 465, Diff: 465, Sum: 849, Workers: 4
[4869.301s][debug][gc,phases      ] GC(305)   ObjectSynchronizer Weak        Min:  0.0, Avg:  0.0, Max:  0.0, Diff:  0.0, Sum:  0.0, Workers: 4
[4869.301s][debug][gc,phases      ] GC(305)     Dead                           Min: 0, Avg:  0.0, Max: 0, Diff: 0, Sum: 0, Workers: 4
[4869.301s][debug][gc,phases      ] GC(305)     Total                          Min: 0, Avg: 14.8, Max: 59, Diff: 59, Sum: 59, Workers: 4
[4869.301s][debug][gc,phases      ] GC(305)   JVMTI Tag Weak OopStorage      Min:  0.0, Avg:  0.0, Max:  0.0, Diff:  0.0, Sum:  0.0, Workers: 4
[4869.301s][debug][gc,phases      ] GC(305)     Dead                           Min: 0, Avg:  0.0, Max: 0, Diff: 0, Sum: 0, Workers: 4
[4869.301s][debug][gc,phases      ] GC(305)     Total                          Min: 0, Avg:  0.0, Max: 0, Diff: 0, Sum: 0, Workers: 4
[4869.301s][debug][gc,phases      ] GC(305)   StringTable Weak               Min:  0.1, Avg:  0.1, Max:  0.1, Diff:  0.0, Sum:  0.4, Workers: 4
[4869.301s][debug][gc,phases      ] GC(305)     Dead                           Min: 0, Avg:  0.0, Max: 0, Diff: 0, Sum: 0, Workers: 4
[4869.301s][debug][gc,phases      ] GC(305)     Total                          Min: 8511, Avg: 11260.5, Max: 12339, Diff: 3828, Sum: 45042, Workers: 4
[4869.301s][debug][gc,phases      ] GC(305)   ResolvedMethodTable Weak       Min:  0.0, Avg:  0.0, Max:  0.0, Diff:  0.0, Sum:  0.1, Workers: 4
[4869.301s][debug][gc,phases      ] GC(305)     Dead                           Min: 0, Avg:  0.0, Max: 0, Diff: 0, Sum: 0, Workers: 4
[4869.301s][debug][gc,phases      ] GC(305)     Total                          Min: 2424, Avg: 2460.0, Max: 2496, Diff: 72, Sum: 9840, Workers: 4
[4869.301s][debug][gc,phases      ] GC(305)   JNI Weak                       Min:  0.0, Avg:  0.0, Max:  0.0, Diff:  0.0, Sum:  0.0, Workers: 4
[4869.301s][debug][gc,phases      ] GC(305)     Dead                           Min: 0, Avg:  0.0, Max: 0, Diff: 0, Sum: 0, Workers: 4
[4869.301s][debug][gc,phases      ] GC(305)     Total                          Min: 0, Avg: 11.2, Max: 45, Diff: 45, Sum: 45, Workers: 4
[4869.301s][debug][gc,phases      ] GC(305)   StringDedup Table Weak         Min:  0.0, Avg:  0.0, Max:  0.0, Diff:  0.0, Sum:  0.0, Workers: 4
[4869.301s][debug][gc,phases      ] GC(305)     Dead                           Min: 0, Avg:  0.0, Max: 0, Diff: 0, Sum: 0, Workers: 4
[4869.301s][debug][gc,phases      ] GC(305)     Total                          Min: 0, Avg:  0.0, Max: 0, Diff: 0, Sum: 0, Workers: 4
[4869.301s][debug][gc,phases      ] GC(305)   StringDedup Requests0 Weak     Min:  0.0, Avg:  0.0, Max:  0.0, Diff:  0.0, Sum:  0.0, Workers: 4
[4869.301s][debug][gc,phases      ] GC(305)     Dead                           Min: 0, Avg:  0.0, Max: 0, Diff: 0, Sum: 0, Workers: 4
[4869.301s][debug][gc,phases      ] GC(305)     Total                          Min: 0, Avg:  0.0, Max: 0, Diff: 0, Sum: 0, Workers: 4
[4869.301s][debug][gc,phases      ] GC(305)   StringDedup Requests1 Weak     Min:  0.0, Avg:  0.0, Max:  0.0, Diff:  0.0, Sum:  0.0, Workers: 4
[4869.301s][debug][gc,phases      ] GC(305)     Dead                           Min: 0, Avg:  0.0, Max: 0, Diff: 0, Sum: 0, Workers: 4
[4869.301s][debug][gc,phases      ] GC(305)     Total                          Min: 0, Avg:  0.0, Max: 0, Diff: 0, Sum: 0, Workers: 4
[4869.301s][debug][gc,phases      ] GC(305)   Weak JFR Old Object Samples    Min:  0.0, Avg:  0.0, Max:  0.0, Diff:  0.0, Sum:  0.0, Workers: 4
[4869.301s][debug][gc,phases      ] GC(305)     Dead                           Min: 0, Avg:  0.0, Max: 0, Diff: 0, Sum: 0, Workers: 4
[4869.301s][debug][gc,phases      ] GC(305)     Total                          Min: 0, Avg:  0.0, Max: 0, Diff: 0, Sum: 0, Workers: 4
[4869.301s][debug][gc,phases      ] GC(305) Weak Processing 0.294ms
[4869.301s][debug][gc,age         ] GC(305) Desired survivor size 2621440 bytes, new threshold 15 (max threshold 15)
[4869.301s][info ][gc,heap        ] GC(305) PSYoungGen: 2093232K(2094592K)->1168K(2094592K) Eden: 2092032K(2092032K)->0K(2092032K) From: 1200K(2560K)->1168K(2560K)
[4869.301s][info ][gc,heap        ] GC(305) ParOldGen: 376692K(458752K)->376692K(458752K)
[4869.301s][info ][gc,metaspace   ] GC(305) Metaspace: 84204K(85248K)->84204K(85248K) NonClass: 72261K(72832K)->72261K(72832K) Class: 11943K(12416K)->11943K(12416K)
[4869.301s][info ][gc             ] GC(305) Pause Young (Allocation Failure) 2412M->369M(2493M) 2.991ms
[4869.301s][info ][gc,cpu         ] GC(305) User=0.01s Sys=0.00s Real=0.00s
[4869.301s][info ][safepoint      ] Safepoint "ParallelGCFailedAllocation", Time since last: 9248460052 ns, Reaching safepoint: 34400 ns, At safepoint: 3058988 ns, Total: 3093388 ns
[4885.644s][info ][gc,start       ] GC(306) Pause Young (Allocation Failure)
[4885.648s][debug][gc,phases      ] GC(306) Scavenge 4.020ms
[4885.648s][debug][gc,ref         ] GC(306) Skipped phase 1 of Reference Processing: no references
[4885.648s][debug][gc,ref         ] GC(306) Skipped phase 2 of Reference Processing: no references
[4885.648s][debug][gc,ref         ] GC(306) Skipped phase 3 of Reference Processing: no references
[4885.648s][debug][gc,ref         ] GC(306) Skipped phase 4 of Reference Processing: no references
[4885.648s][debug][gc,phases      ] GC(306) Reference Processing 0.022ms
[4885.649s][debug][gc,phases      ] GC(306)   VM Weak                        Min:  0.0, Avg:  0.0, Max:  0.0, Diff:  0.0, Sum:  0.0, Workers: 4
[4885.649s][debug][gc,phases      ] GC(306)     Dead                           Min: 0, Avg:  0.0, Max: 0, Diff: 0, Sum: 0, Workers: 4
[4885.649s][debug][gc,phases      ] GC(306)     Total                          Min: 64, Avg: 212.2, Max: 337, Diff: 273, Sum: 849, Workers: 4
[4885.649s][debug][gc,phases      ] GC(306)   ObjectSynchronizer Weak        Min:  0.0, Avg:  0.0, Max:  0.0, Diff:  0.0, Sum:  0.0, Workers: 4
[4885.649s][debug][gc,phases      ] GC(306)     Dead                           Min: 0, Avg:  0.0, Max: 0, Diff: 0, Sum: 0, Workers: 4
[4885.649s][debug][gc,phases      ] GC(306)     Total                          Min: 0, Avg: 14.8, Max: 59, Diff: 59, Sum: 59, Workers: 4
[4885.649s][debug][gc,phases      ] GC(306)   JVMTI Tag Weak OopStorage      Min:  0.0, Avg:  0.0, Max:  0.0, Diff:  0.0, Sum:  0.0, Workers: 4
[4885.649s][debug][gc,phases      ] GC(306)     Dead                           Min: 0, Avg:  0.0, Max: 0, Diff: 0, Sum: 0, Workers: 4
[4885.649s][debug][gc,phases      ] GC(306)     Total                          Min: 0, Avg:  0.0, Max: 0, Diff: 0, Sum: 0, Workers: 4
[4885.649s][debug][gc,phases      ] GC(306)   StringTable Weak               Min:  0.1, Avg:  0.1, Max:  0.1, Diff:  0.0, Sum:  0.4, Workers: 4
[4885.649s][debug][gc,phases      ] GC(306)     Dead                           Min: 0, Avg:  0.0, Max: 0, Diff: 0, Sum: 0, Workers: 4
[4885.649s][debug][gc,phases      ] GC(306)     Total                          Min: 10816, Avg: 11260.5, Max: 11954, Diff: 1138, Sum: 45042, Workers: 4
[4885.649s][debug][gc,phases      ] GC(306)   ResolvedMethodTable Weak       Min:  0.0, Avg:  0.0, Max:  0.0, Diff:  0.0, Sum:  0.1, Workers: 4
[4885.649s][debug][gc,phases      ] GC(306)     Dead                           Min: 0, Avg:  0.0, Max: 0, Diff: 0, Sum: 0, Workers: 4
[4885.649s][debug][gc,phases      ] GC(306)     Total                          Min: 2363, Avg: 2460.0, Max: 2551, Diff: 188, Sum: 9840, Workers: 4
[4885.649s][debug][gc,phases      ] GC(306)   JNI Weak                       Min:  0.0, Avg:  0.0, Max:  0.0, Diff:  0.0, Sum:  0.0, Workers: 4
[4885.649s][debug][gc,phases      ] GC(306)     Dead                           Min: 0, Avg:  0.0, Max: 0, Diff: 0, Sum: 0, Workers: 4
[4885.649s][debug][gc,phases      ] GC(306)     Total                          Min: 0, Avg: 11.2, Max: 45, Diff: 45, Sum: 45, Workers: 4
[4885.649s][debug][gc,phases      ] GC(306)   StringDedup Table Weak         Min:  0.0, Avg:  0.0, Max:  0.0, Diff:  0.0, Sum:  0.0, Workers: 4
[4885.649s][debug][gc,phases      ] GC(306)     Dead                           Min: 0, Avg:  0.0, Max: 0, Diff: 0, Sum: 0, Workers: 4
[4885.649s][debug][gc,phases      ] GC(306)     Total                          Min: 0, Avg:  0.0, Max: 0, Diff: 0, Sum: 0, Workers: 4
[4885.649s][debug][gc,phases      ] GC(306)   StringDedup Requests0 Weak     Min:  0.0, Avg:  0.0, Max:  0.0, Diff:  0.0, Sum:  0.0, Workers: 4
[4885.649s][debug][gc,phases      ] GC(306)     Dead                           Min: 0, Avg:  0.0, Max: 0, Diff: 0, Sum: 0, Workers: 4
[4885.649s][debug][gc,phases      ] GC(306)     Total                          Min: 0, Avg:  0.0, Max: 0, Diff: 0, Sum: 0, Workers: 4
[4885.649s][debug][gc,phases      ] GC(306)   StringDedup Requests1 Weak     Min:  0.0, Avg:  0.0, Max:  0.0, Diff:  0.0, Sum:  0.0, Workers: 4
[4885.649s][debug][gc,phases      ] GC(306)     Dead                           Min: 0, Avg:  0.0, Max: 0, Diff: 0, Sum: 0, Workers: 4
[4885.649s][debug][gc,phases      ] GC(306)     Total                          Min: 0, Avg:  0.0, Max: 0, Diff: 0, Sum: 0, Workers: 4
[4885.649s][debug][gc,phases      ] GC(306)   Weak JFR Old Object Samples    Min:  0.0, Avg:  0.0, Max:  0.0, Diff:  0.0, Sum:  0.0, Workers: 4
[4885.649s][debug][gc,phases      ] GC(306)     Dead                           Min: 0, Avg:  0.0, Max: 0, Diff: 0, Sum: 0, Workers: 4
[4885.649s][debug][gc,phases      ] GC(306)     Total                          Min: 0, Avg:  0.0, Max: 0, Diff: 0, Sum: 0, Workers: 4
[4885.649s][debug][gc,phases      ] GC(306) Weak Processing 0.295ms
[4885.649s][debug][gc,age         ] GC(306) Desired survivor size 2621440 bytes, new threshold 15 (max threshold 15)
[4885.649s][info ][gc,heap        ] GC(306) PSYoungGen: 2093200K(2094592K)->1184K(2094592K) Eden: 2092032K(2092032K)->0K(2092032K) From: 1168K(2560K)->1184K(2560K)
[4885.649s][info ][gc,heap        ] GC(306) ParOldGen: 376692K(458752K)->376724K(458752K)
[4885.649s][info ][gc,metaspace   ] GC(306) Metaspace: 84208K(85248K)->84208K(85248K) NonClass: 72265K(72832K)->72265K(72832K) Class: 11943K(12416K)->11943K(12416K)
[4885.649s][info ][gc             ] GC(306) Pause Young (Allocation Failure) 2412M->369M(2493M) 4.446ms
[4885.649s][info ][gc,cpu         ] GC(306) User=0.01s Sys=0.00s Real=0.01s
[4885.649s][info ][safepoint      ] Safepoint "ParallelGCFailedAllocation", Time since last: 16343401213 ns, Reaching safepoint: 40699 ns, At safepoint: 4535582 ns, Total: 4576281 ns
[4890.649s][info ][safepoint      ] Safepoint "Cleanup", Time since last: 5000334619 ns, Reaching safepoint: 107400 ns, At safepoint: 5400 ns, Total: 112800 ns
[4901.399s][info ][gc,start       ] GC(307) Pause Young (Allocation Failure)
[4901.404s][debug][gc,phases      ] GC(307) Scavenge 4.542ms
[4901.404s][debug][gc,ref         ] GC(307) Skipped phase 1 of Reference Processing: no references
[4901.404s][debug][gc,ref         ] GC(307) Skipped phase 2 of Reference Processing: no references
[4901.404s][debug][gc,ref         ] GC(307) Skipped phase 3 of Reference Processing: no references
[4901.404s][debug][gc,ref         ] GC(307) Skipped phase 4 of Reference Processing: no references
[4901.404s][debug][gc,phases      ] GC(307) Reference Processing 0.021ms
[4901.404s][debug][gc,phases      ] GC(307)   VM Weak                        Min:  0.0, Avg:  0.0, Max:  0.0, Diff:  0.0, Sum:  0.0, Workers: 4
[4901.404s][debug][gc,phases      ] GC(307)     Dead                           Min: 0, Avg:  0.0, Max: 0, Diff: 0, Sum: 0, Workers: 4
[4901.404s][debug][gc,phases      ] GC(307)     Total                          Min: 0, Avg: 212.2, Max: 640, Diff: 640, Sum: 849, Workers: 4
[4901.404s][debug][gc,phases      ] GC(307)   ObjectSynchronizer Weak        Min:  0.0, Avg:  0.0, Max:  0.0, Diff:  0.0, Sum:  0.0, Workers: 4
[4901.404s][debug][gc,phases      ] GC(307)     Dead                           Min: 0, Avg:  0.0, Max: 0, Diff: 0, Sum: 0, Workers: 4
[4901.404s][debug][gc,phases      ] GC(307)     Total                          Min: 0, Avg: 14.8, Max: 59, Diff: 59, Sum: 59, Workers: 4
[4901.404s][debug][gc,phases      ] GC(307)   JVMTI Tag Weak OopStorage      Min:  0.0, Avg:  0.0, Max:  0.0, Diff:  0.0, Sum:  0.0, Workers: 4
[4901.404s][debug][gc,phases      ] GC(307)     Dead                           Min: 0, Avg:  0.0, Max: 0, Diff: 0, Sum: 0, Workers: 4
[4901.404s][debug][gc,phases      ] GC(307)     Total                          Min: 0, Avg:  0.0, Max: 0, Diff: 0, Sum: 0, Workers: 4
[4901.404s][debug][gc,phases      ] GC(307)   StringTable Weak               Min:  0.0, Avg:  0.1, Max:  0.1, Diff:  0.1, Sum:  0.3, Workers: 4
[4901.404s][debug][gc,phases      ] GC(307)     Dead                           Min: 0, Avg:  0.0, Max: 0, Diff: 0, Sum: 0, Workers: 4
[4901.404s][debug][gc,phases      ] GC(307)     Total                          Min: 0, Avg: 11260.5, Max: 19890, Diff: 19890, Sum: 45042, Workers: 4
[4901.404s][debug][gc,phases      ] GC(307)   ResolvedMethodTable Weak       Min:  0.0, Avg:  0.0, Max:  0.0, Diff:  0.0, Sum:  0.1, Workers: 4
[4901.404s][debug][gc,phases      ] GC(307)     Dead                           Min: 0, Avg:  0.0, Max: 0, Diff: 0, Sum: 0, Workers: 4
[4901.404s][debug][gc,phases      ] GC(307)     Total                          Min: 0, Avg: 2460.0, Max: 4224, Diff: 4224, Sum: 9840, Workers: 4
[4901.404s][debug][gc,phases      ] GC(307)   JNI Weak                       Min:  0.0, Avg:  0.0, Max:  0.0, Diff:  0.0, Sum:  0.0, Workers: 4
[4901.404s][debug][gc,phases      ] GC(307)     Dead                           Min: 0, Avg:  0.0, Max: 0, Diff: 0, Sum: 0, Workers: 4
[4901.404s][debug][gc,phases      ] GC(307)     Total                          Min: 0, Avg: 11.2, Max: 45, Diff: 45, Sum: 45, Workers: 4
[4901.404s][debug][gc,phases      ] GC(307)   StringDedup Table Weak         Min:  0.0, Avg:  0.0, Max:  0.0, Diff:  0.0, Sum:  0.0, Workers: 4
[4901.404s][debug][gc,phases      ] GC(307)     Dead                           Min: 0, Avg:  0.0, Max: 0, Diff: 0, Sum: 0, Workers: 4
[4901.404s][debug][gc,phases      ] GC(307)     Total                          Min: 0, Avg:  0.0, Max: 0, Diff: 0, Sum: 0, Workers: 4
[4901.404s][debug][gc,phases      ] GC(307)   StringDedup Requests0 Weak     Min:  0.0, Avg:  0.0, Max:  0.0, Diff:  0.0, Sum:  0.0, Workers: 4
[4901.404s][debug][gc,phases      ] GC(307)     Dead                           Min: 0, Avg:  0.0, Max: 0, Diff: 0, Sum: 0, Workers: 4
[4901.404s][debug][gc,phases      ] GC(307)     Total                          Min: 0, Avg:  0.0, Max: 0, Diff: 0, Sum: 0, Workers: 4
[4901.404s][debug][gc,phases      ] GC(307)   StringDedup Requests1 Weak     Min:  0.0, Avg:  0.0, Max:  0.0, Diff:  0.0, Sum:  0.0, Workers: 4
[4901.404s][debug][gc,phases      ] GC(307)     Dead                           Min: 0, Avg:  0.0, Max: 0, Diff: 0, Sum: 0, Workers: 4
[4901.404s][debug][gc,phases      ] GC(307)     Total                          Min: 0, Avg:  0.0, Max: 0, Diff: 0, Sum: 0, Workers: 4
[4901.404s][debug][gc,phases      ] GC(307)   Weak JFR Old Object Samples    Min:  0.0, Avg:  0.0, Max:  0.0, Diff:  0.0, Sum:  0.0, Workers: 4
[4901.404s][debug][gc,phases      ] GC(307)     Dead                           Min: 0, Avg:  0.0, Max: 0, Diff: 0, Sum: 0, Workers: 4
[4901.404s][debug][gc,phases      ] GC(307)     Total                          Min: 0, Avg:  0.0, Max: 0, Diff: 0, Sum: 0, Workers: 4
[4901.404s][debug][gc,phases      ] GC(307) Weak Processing 0.306ms
[4901.404s][debug][gc,age         ] GC(307) Desired survivor size 2621440 bytes, new threshold 15 (max threshold 15)
[4901.404s][info ][gc,heap        ] GC(307) PSYoungGen: 2093216K(2094592K)->1216K(2094592K) Eden: 2092032K(2092032K)->0K(2092032K) From: 1184K(2560K)->1216K(2560K)
[4901.404s][info ][gc,heap        ] GC(307) ParOldGen: 376724K(458752K)->376732K(458752K)
[4901.404s][info ][gc,metaspace   ] GC(307) Metaspace: 84208K(85248K)->84208K(85248K) NonClass: 72265K(72832K)->72265K(72832K) Class: 11943K(12416K)->11943K(12416K)
[4901.404s][info ][gc             ] GC(307) Pause Young (Allocation Failure) 2412M->369M(2493M) 4.987ms
[4901.404s][info ][gc,cpu         ] GC(307) User=0.01s Sys=0.00s Real=0.00s
[4901.404s][info ][safepoint      ] Safepoint "ParallelGCFailedAllocation", Time since last: 10749753821 ns, Reaching safepoint: 107200 ns, At safepoint: 5052680 ns, Total: 5159880 ns
[4906.405s][info ][safepoint      ] Safepoint "Cleanup", Time since last: 5000339312 ns, Reaching safepoint: 36600 ns, At safepoint: 2500 ns, Total: 39100 ns
[4917.844s][info ][gc,start       ] GC(308) Pause Young (Allocation Failure)
[4917.848s][debug][gc,phases      ] GC(308) Scavenge 4.357ms
[4917.848s][debug][gc,ref         ] GC(308) Skipped phase 1 of Reference Processing: no references
[4917.848s][debug][gc,ref         ] GC(308) Skipped phase 2 of Reference Processing: no references
[4917.848s][debug][gc,ref         ] GC(308) Skipped phase 3 of Reference Processing: no references
[4917.848s][debug][gc,ref         ] GC(308) Skipped phase 4 of Reference Processing: no references
[4917.848s][debug][gc,phases      ] GC(308) Reference Processing 0.022ms
[4917.848s][debug][gc,phases      ] GC(308)   VM Weak                        Min:  0.0, Avg:  0.0, Max:  0.0, Diff:  0.0, Sum:  0.0, Workers: 4
[4917.848s][debug][gc,phases      ] GC(308)     Dead                           Min: 0, Avg:  0.0, Max: 0, Diff: 0, Sum: 0, Workers: 4
[4917.848s][debug][gc,phases      ] GC(308)     Total                          Min: 0, Avg: 212.2, Max: 529, Diff: 529, Sum: 849, Workers: 4
[4917.848s][debug][gc,phases      ] GC(308)   ObjectSynchronizer Weak        Min:  0.0, Avg:  0.0, Max:  0.0, Diff:  0.0, Sum:  0.0, Workers: 4
[4917.848s][debug][gc,phases      ] GC(308)     Dead                           Min: 0, Avg:  0.0, Max: 0, Diff: 0, Sum: 0, Workers: 4
[4917.848s][debug][gc,phases      ] GC(308)     Total                          Min: 0, Avg: 14.8, Max: 59, Diff: 59, Sum: 59, Workers: 4
[4917.848s][debug][gc,phases      ] GC(308)   JVMTI Tag Weak OopStorage      Min:  0.0, Avg:  0.0, Max:  0.0, Diff:  0.0, Sum:  0.0, Workers: 4
[4917.848s][debug][gc,phases      ] GC(308)     Dead                           Min: 0, Avg:  0.0, Max: 0, Diff: 0, Sum: 0, Workers: 4
[4917.848s][debug][gc,phases      ] GC(308)     Total                          Min: 0, Avg:  0.0, Max: 0, Diff: 0, Sum: 0, Workers: 4
[4917.848s][debug][gc,phases      ] GC(308)   StringTable Weak               Min:  0.1, Avg:  0.1, Max:  0.1, Diff:  0.0, Sum:  0.4, Workers: 4
[4917.848s][debug][gc,phases      ] GC(308)     Dead                           Min: 0, Avg:  0.0, Max: 0, Diff: 0, Sum: 0, Workers: 4
[4917.848s][debug][gc,phases      ] GC(308)     Total                          Min: 10560, Avg: 11260.5, Max: 11827, Diff: 1267, Sum: 45042, Workers: 4
[4917.849s][debug][gc,phases      ] GC(308)   ResolvedMethodTable Weak       Min:  0.0, Avg:  0.0, Max:  0.0, Diff:  0.0, Sum:  0.1, Workers: 4
[4917.849s][debug][gc,phases      ] GC(308)     Dead                           Min: 0, Avg:  0.0, Max: 0, Diff: 0, Sum: 0, Workers: 4
[4917.849s][debug][gc,phases      ] GC(308)     Total                          Min: 2366, Avg: 2460.0, Max: 2623, Diff: 257, Sum: 9840, Workers: 4
[4917.849s][debug][gc,phases      ] GC(308)   JNI Weak                       Min:  0.0, Avg:  0.0, Max:  0.0, Diff:  0.0, Sum:  0.0, Workers: 4
[4917.849s][debug][gc,phases      ] GC(308)     Dead                           Min: 0, Avg:  0.0, Max: 0, Diff: 0, Sum: 0, Workers: 4
[4917.849s][debug][gc,phases      ] GC(308)     Total                          Min: 0, Avg: 11.2, Max: 45, Diff: 45, Sum: 45, Workers: 4
[4917.849s][debug][gc,phases      ] GC(308)   StringDedup Table Weak         Min:  0.0, Avg:  0.0, Max:  0.0, Diff:  0.0, Sum:  0.0, Workers: 4
[4917.849s][debug][gc,phases      ] GC(308)     Dead                           Min: 0, Avg:  0.0, Max: 0, Diff: 0, Sum: 0, Workers: 4
[4917.849s][debug][gc,phases      ] GC(308)     Total                          Min: 0, Avg:  0.0, Max: 0, Diff: 0, Sum: 0, Workers: 4
[4917.849s][debug][gc,phases      ] GC(308)   StringDedup Requests0 Weak     Min:  0.0, Avg:  0.0, Max:  0.0, Diff:  0.0, Sum:  0.0, Workers: 4
[4917.849s][debug][gc,phases      ] GC(308)     Dead                           Min: 0, Avg:  0.0, Max: 0, Diff: 0, Sum: 0, Workers: 4
[4917.849s][debug][gc,phases      ] GC(308)     Total                          Min: 0, Avg:  0.0, Max: 0, Diff: 0, Sum: 0, Workers: 4
[4917.849s][debug][gc,phases      ] GC(308)   StringDedup Requests1 Weak     Min:  0.0, Avg:  0.0, Max:  0.0, Diff:  0.0, Sum:  0.0, Workers: 4
[4917.849s][debug][gc,phases      ] GC(308)     Dead                           Min: 0, Avg:  0.0, Max: 0, Diff: 0, Sum: 0, Workers: 4
[4917.849s][debug][gc,phases      ] GC(308)     Total                          Min: 0, Avg:  0.0, Max: 0, Diff: 0, Sum: 0, Workers: 4
[4917.849s][debug][gc,phases      ] GC(308)   Weak JFR Old Object Samples    Min:  0.0, Avg:  0.0, Max:  0.0, Diff:  0.0, Sum:  0.0, Workers: 4
[4917.849s][debug][gc,phases      ] GC(308)     Dead                           Min: 0, Avg:  0.0, Max: 0, Diff: 0, Sum: 0, Workers: 4
[4917.849s][debug][gc,phases      ] GC(308)     Total                          Min: 0, Avg:  0.0, Max: 0, Diff: 0, Sum: 0, Workers: 4
[4917.849s][debug][gc,phases      ] GC(308) Weak Processing 0.288ms
[4917.849s][debug][gc,age         ] GC(308) Desired survivor size 2621440 bytes, new threshold 15 (max threshold 15)
[4917.849s][info ][gc,heap        ] GC(308) PSYoungGen: 2093248K(2094592K)->1216K(2094592K) Eden: 2092032K(2092032K)->0K(2092032K) From: 1216K(2560K)->1216K(2560K)
[4917.849s][info ][gc,heap        ] GC(308) ParOldGen: 376732K(458752K)->376748K(458752K)
[4917.849s][info ][gc,metaspace   ] GC(308) Metaspace: 84226K(85248K)->84226K(85248K) NonClass: 72283K(72832K)->72283K(72832K) Class: 11943K(12416K)->11943K(12416K)
[4917.849s][info ][gc             ] GC(308) Pause Young (Allocation Failure) 2412M->369M(2493M) 4.770ms
[4917.849s][info ][gc,cpu         ] GC(308) User=0.02s Sys=0.00s Real=0.01s
[4917.849s][info ][safepoint      ] Safepoint "ParallelGCFailedAllocation", Time since last: 11439240615 ns, Reaching safepoint: 31000 ns, At safepoint: 4854681 ns, Total: 4885681 ns
[4919.849s][info ][safepoint      ] Safepoint "Cleanup", Time since last: 2000149884 ns, Reaching safepoint: 35200 ns, At safepoint: 2900 ns, Total: 38100 ns
[4927.849s][info ][safepoint      ] Safepoint "Cleanup", Time since last: 8000533012 ns, Reaching safepoint: 35099 ns, At safepoint: 2300 ns, Total: 37399 ns
[4932.850s][info ][safepoint      ] Safepoint "Cleanup", Time since last: 5000352516 ns, Reaching safepoint: 47500 ns, At safepoint: 2500 ns, Total: 50000 ns
[4934.850s][info ][safepoint      ] Safepoint "Cleanup", Time since last: 2000174596 ns, Reaching safepoint: 30300 ns, At safepoint: 2900 ns, Total: 33200 ns
[4935.845s][info ][gc,start       ] GC(309) Pause Young (Allocation Failure)
[4935.849s][debug][gc,phases      ] GC(309) Scavenge 3.512ms
[4935.849s][debug][gc,ref         ] GC(309) Skipped phase 1 of Reference Processing: no references
[4935.849s][debug][gc,ref         ] GC(309) ReferenceProcessor::execute queues: 1, RefProcThreadModel::Single, marks_oops_alive: false
[4935.849s][debug][gc,ref         ] GC(309) Skipped phase 3 of Reference Processing: no references
[4935.849s][debug][gc,ref         ] GC(309) Skipped phase 4 of Reference Processing: no references
[4935.849s][debug][gc,phases      ] GC(309) Reference Processing 0.086ms
[4935.849s][debug][gc,phases      ] GC(309)   VM Weak                        Min:  0.0, Avg:  0.0, Max:  0.0, Diff:  0.0, Sum:  0.0, Workers: 4
[4935.849s][debug][gc,phases      ] GC(309)     Dead                           Min: 0, Avg:  0.0, Max: 0, Diff: 0, Sum: 0, Workers: 4
[4935.849s][debug][gc,phases      ] GC(309)     Total                          Min: 0, Avg: 212.2, Max: 448, Diff: 448, Sum: 849, Workers: 4
[4935.849s][debug][gc,phases      ] GC(309)   ObjectSynchronizer Weak        Min:  0.0, Avg:  0.0, Max:  0.0, Diff:  0.0, Sum:  0.0, Workers: 4
[4935.849s][debug][gc,phases      ] GC(309)     Dead                           Min: 0, Avg:  0.0, Max: 0, Diff: 0, Sum: 0, Workers: 4
[4935.849s][debug][gc,phases      ] GC(309)     Total                          Min: 0, Avg: 14.8, Max: 59, Diff: 59, Sum: 59, Workers: 4
[4935.849s][debug][gc,phases      ] GC(309)   JVMTI Tag Weak OopStorage      Min:  0.0, Avg:  0.0, Max:  0.0, Diff:  0.0, Sum:  0.0, Workers: 4
[4935.849s][debug][gc,phases      ] GC(309)     Dead                           Min: 0, Avg:  0.0, Max: 0, Diff: 0, Sum: 0, Workers: 4
[4935.849s][debug][gc,phases      ] GC(309)     Total                          Min: 0, Avg:  0.0, Max: 0, Diff: 0, Sum: 0, Workers: 4
[4935.849s][debug][gc,phases      ] GC(309)   StringTable Weak               Min:  0.1, Avg:  0.1, Max:  0.1, Diff:  0.0, Sum:  0.4, Workers: 4
[4935.849s][debug][gc,phases      ] GC(309)     Dead                           Min: 0, Avg:  0.0, Max: 0, Diff: 0, Sum: 0, Workers: 4
[4935.849s][debug][gc,phases      ] GC(309)     Total                          Min: 11007, Avg: 11260.5, Max: 11584, Diff: 577, Sum: 45042, Workers: 4
[4935.849s][debug][gc,phases      ] GC(309)   ResolvedMethodTable Weak       Min:  0.0, Avg:  0.0, Max:  0.0, Diff:  0.0, Sum:  0.1, Workers: 4
[4935.849s][debug][gc,phases      ] GC(309)     Dead                           Min: 0, Avg:  0.0, Max: 0, Diff: 0, Sum: 0, Workers: 4
[4935.849s][debug][gc,phases      ] GC(309)     Total                          Min: 2419, Avg: 2460.0, Max: 2496, Diff: 77, Sum: 9840, Workers: 4
[4935.849s][debug][gc,phases      ] GC(309)   JNI Weak                       Min:  0.0, Avg:  0.0, Max:  0.0, Diff:  0.0, Sum:  0.0, Workers: 4
[4935.849s][debug][gc,phases      ] GC(309)     Dead                           Min: 0, Avg:  0.0, Max: 0, Diff: 0, Sum: 0, Workers: 4
[4935.849s][debug][gc,phases      ] GC(309)     Total                          Min: 0, Avg: 11.2, Max: 45, Diff: 45, Sum: 45, Workers: 4
[4935.849s][debug][gc,phases      ] GC(309)   StringDedup Table Weak         Min:  0.0, Avg:  0.0, Max:  0.0, Diff:  0.0, Sum:  0.0, Workers: 4
[4935.849s][debug][gc,phases      ] GC(309)     Dead                           Min: 0, Avg:  0.0, Max: 0, Diff: 0, Sum: 0, Workers: 4
[4935.849s][debug][gc,phases      ] GC(309)     Total                          Min: 0, Avg:  0.0, Max: 0, Diff: 0, Sum: 0, Workers: 4
[4935.849s][debug][gc,phases      ] GC(309)   StringDedup Requests0 Weak     Min:  0.0, Avg:  0.0, Max:  0.0, Diff:  0.0, Sum:  0.0, Workers: 4
[4935.849s][debug][gc,phases      ] GC(309)     Dead                           Min: 0, Avg:  0.0, Max: 0, Diff: 0, Sum: 0, Workers: 4
[4935.849s][debug][gc,phases      ] GC(309)     Total                          Min: 0, Avg:  0.0, Max: 0, Diff: 0, Sum: 0, Workers: 4
[4935.849s][debug][gc,phases      ] GC(309)   StringDedup Requests1 Weak     Min:  0.0, Avg:  0.0, Max:  0.0, Diff:  0.0, Sum:  0.0, Workers: 4
[4935.849s][debug][gc,phases      ] GC(309)     Dead                           Min: 0, Avg:  0.0, Max: 0, Diff: 0, Sum: 0, Workers: 4
[4935.849s][debug][gc,phases      ] GC(309)     Total                          Min: 0, Avg:  0.0, Max: 0, Diff: 0, Sum: 0, Workers: 4
[4935.849s][debug][gc,phases      ] GC(309)   Weak JFR Old Object Samples    Min:  0.0, Avg:  0.0, Max:  0.0, Diff:  0.0, Sum:  0.0, Workers: 4
[4935.849s][debug][gc,phases      ] GC(309)     Dead                           Min: 0, Avg:  0.0, Max: 0, Diff: 0, Sum: 0, Workers: 4
[4935.849s][debug][gc,phases      ] GC(309)     Total                          Min: 0, Avg:  0.0, Max: 0, Diff: 0, Sum: 0, Workers: 4
[4935.849s][debug][gc,phases      ] GC(309) Weak Processing 0.290ms
[4935.849s][debug][gc,age         ] GC(309) Desired survivor size 2621440 bytes, new threshold 15 (max threshold 15)
[4935.849s][info ][gc,heap        ] GC(309) PSYoungGen: 2093248K(2094592K)->1136K(2094592K) Eden: 2092032K(2092032K)->0K(2092032K) From: 1216K(2560K)->1136K(2560K)
[4935.849s][info ][gc,heap        ] GC(309) ParOldGen: 376748K(458752K)->376764K(458752K)
[4935.849s][info ][gc,metaspace   ] GC(309) Metaspace: 84226K(85248K)->84226K(85248K) NonClass: 72283K(72832K)->72283K(72832K) Class: 11943K(12416K)->11943K(12416K)
[4935.849s][info ][gc             ] GC(309) Pause Young (Allocation Failure) 2412M->369M(2493M) 3.986ms
[4935.849s][info ][gc,cpu         ] GC(309) User=0.01s Sys=0.00s Real=0.01s
[4935.849s][info ][safepoint      ] Safepoint "ParallelGCFailedAllocation", Time since last: 995208967 ns, Reaching safepoint: 32000 ns, At safepoint: 4048684 ns, Total: 4080684 ns
[4943.850s][info ][safepoint      ] Safepoint "Cleanup", Time since last: 8000534857 ns, Reaching safepoint: 38600 ns, At safepoint: 2400 ns, Total: 41000 ns
[4951.796s][info ][gc,start       ] GC(310) Pause Young (Allocation Failure)
[4951.800s][debug][gc,phases      ] GC(310) Scavenge 4.287ms
[4951.800s][debug][gc,ref         ] GC(310) Skipped phase 1 of Reference Processing: no references
[4951.800s][debug][gc,ref         ] GC(310) ReferenceProcessor::execute queues: 1, RefProcThreadModel::Single, marks_oops_alive: false
[4951.800s][debug][gc,ref         ] GC(310) Skipped phase 3 of Reference Processing: no references
[4951.800s][debug][gc,ref         ] GC(310) Skipped phase 4 of Reference Processing: no references
[4951.800s][debug][gc,phases      ] GC(310) Reference Processing 0.085ms
[4951.801s][debug][gc,phases      ] GC(310)   VM Weak                        Min:  0.0, Avg:  0.0, Max:  0.0, Diff:  0.0, Sum:  0.0, Workers: 4
[4951.801s][debug][gc,phases      ] GC(310)     Dead                           Min: 0, Avg:  0.0, Max: 0, Diff: 0, Sum: 0, Workers: 4
[4951.801s][debug][gc,phases      ] GC(310)     Total                          Min: 0, Avg: 212.2, Max: 448, Diff: 448, Sum: 849, Workers: 4
[4951.801s][debug][gc,phases      ] GC(310)   ObjectSynchronizer Weak        Min:  0.0, Avg:  0.0, Max:  0.0, Diff:  0.0, Sum:  0.0, Workers: 4
[4951.801s][debug][gc,phases      ] GC(310)     Dead                           Min: 0, Avg:  0.0, Max: 0, Diff: 0, Sum: 0, Workers: 4
[4951.801s][debug][gc,phases      ] GC(310)     Total                          Min: 0, Avg: 14.8, Max: 59, Diff: 59, Sum: 59, Workers: 4
[4951.801s][debug][gc,phases      ] GC(310)   JVMTI Tag Weak OopStorage      Min:  0.0, Avg:  0.0, Max:  0.0, Diff:  0.0, Sum:  0.0, Workers: 4
[4951.801s][debug][gc,phases      ] GC(310)     Dead                           Min: 0, Avg:  0.0, Max: 0, Diff: 0, Sum: 0, Workers: 4
[4951.801s][debug][gc,phases      ] GC(310)     Total                          Min: 0, Avg:  0.0, Max: 0, Diff: 0, Sum: 0, Workers: 4
[4951.801s][debug][gc,phases      ] GC(310)   StringTable Weak               Min:  0.0, Avg:  0.1, Max:  0.1, Diff:  0.1, Sum:  0.3, Workers: 4
[4951.801s][debug][gc,phases      ] GC(310)     Dead                           Min: 0, Avg:  0.0, Max: 0, Diff: 0, Sum: 0, Workers: 4
[4951.801s][debug][gc,phases      ] GC(310)     Total                          Min: 0, Avg: 11260.8, Max: 19763, Diff: 19763, Sum: 45043, Workers: 4
[4951.801s][debug][gc,phases      ] GC(310)   ResolvedMethodTable Weak       Min:  0.0, Avg:  0.0, Max:  0.0, Diff:  0.0, Sum:  0.1, Workers: 4
[4951.801s][debug][gc,phases      ] GC(310)     Dead                           Min: 0, Avg:  0.0, Max: 0, Diff: 0, Sum: 0, Workers: 4
[4951.801s][debug][gc,phases      ] GC(310)     Total                          Min: 0, Avg: 2460.0, Max: 4160, Diff: 4160, Sum: 9840, Workers: 4
[4951.801s][debug][gc,phases      ] GC(310)   JNI Weak                       Min:  0.0, Avg:  0.0, Max:  0.0, Diff:  0.0, Sum:  0.0, Workers: 4
[4951.801s][debug][gc,phases      ] GC(310)     Dead                           Min: 0, Avg:  0.0, Max: 0, Diff: 0, Sum: 0, Workers: 4
[4951.801s][debug][gc,phases      ] GC(310)     Total                          Min: 0, Avg: 11.2, Max: 45, Diff: 45, Sum: 45, Workers: 4
[4951.801s][debug][gc,phases      ] GC(310)   StringDedup Table Weak         Min:  0.0, Avg:  0.0, Max:  0.0, Diff:  0.0, Sum:  0.0, Workers: 4
[4951.801s][debug][gc,phases      ] GC(310)     Dead                           Min: 0, Avg:  0.0, Max: 0, Diff: 0, Sum: 0, Workers: 4
[4951.801s][debug][gc,phases      ] GC(310)     Total                          Min: 0, Avg:  0.0, Max: 0, Diff: 0, Sum: 0, Workers: 4
[4951.801s][debug][gc,phases      ] GC(310)   StringDedup Requests0 Weak     Min:  0.0, Avg:  0.0, Max:  0.0, Diff:  0.0, Sum:  0.0, Workers: 4
[4951.801s][debug][gc,phases      ] GC(310)     Dead                           Min: 0, Avg:  0.0, Max: 0, Diff: 0, Sum: 0, Workers: 4
[4951.801s][debug][gc,phases      ] GC(310)     Total                          Min: 0, Avg:  0.0, Max: 0, Diff: 0, Sum: 0, Workers: 4
[4951.801s][debug][gc,phases      ] GC(310)   StringDedup Requests1 Weak     Min:  0.0, Avg:  0.0, Max:  0.0, Diff:  0.0, Sum:  0.0, Workers: 4
[4951.801s][debug][gc,phases      ] GC(310)     Dead                           Min: 0, Avg:  0.0, Max: 0, Diff: 0, Sum: 0, Workers: 4
[4951.801s][debug][gc,phases      ] GC(310)     Total                          Min: 0, Avg:  0.0, Max: 0, Diff: 0, Sum: 0, Workers: 4
[4951.801s][debug][gc,phases      ] GC(310)   Weak JFR Old Object Samples    Min:  0.0, Avg:  0.0, Max:  0.0, Diff:  0.0, Sum:  0.0, Workers: 4
[4951.801s][debug][gc,phases      ] GC(310)     Dead                           Min: 0, Avg:  0.0, Max: 0, Diff: 0, Sum: 0, Workers: 4
[4951.801s][debug][gc,phases      ] GC(310)     Total                          Min: 0, Avg:  0.0, Max: 0, Diff: 0, Sum: 0, Workers: 4
[4951.801s][debug][gc,phases      ] GC(310) Weak Processing 0.305ms
[4951.801s][debug][gc,age         ] GC(310) Desired survivor size 2621440 bytes, new threshold 15 (max threshold 15)
[4951.801s][info ][gc,heap        ] GC(310) PSYoungGen: 2093168K(2094592K)->1216K(2094592K) Eden: 2092032K(2092032K)->0K(2092032K) From: 1136K(2560K)->1216K(2560K)
[4951.801s][info ][gc,heap        ] GC(310) ParOldGen: 376764K(458752K)->376764K(458752K)
[4951.801s][info ][gc,metaspace   ] GC(310) Metaspace: 84228K(85248K)->84228K(85248K) NonClass: 72285K(72832K)->72285K(72832K) Class: 11943K(12416K)->11943K(12416K)
[4951.801s][info ][gc             ] GC(310) Pause Young (Allocation Failure) 2412M->369M(2493M) 4.764ms
[4951.801s][info ][gc,cpu         ] GC(310) User=0.02s Sys=0.00s Real=0.00s
[4951.801s][info ][safepoint      ] Safepoint "ParallelGCFailedAllocation", Time since last: 7945957827 ns, Reaching safepoint: 22400 ns, At safepoint: 4842980 ns, Total: 4865380 ns
[4967.744s][info ][gc,start       ] GC(311) Pause Young (Allocation Failure)
[4967.747s][debug][gc,phases      ] GC(311) Scavenge 2.738ms
[4967.747s][debug][gc,ref         ] GC(311) Skipped phase 1 of Reference Processing: no references
[4967.747s][debug][gc,ref         ] GC(311) ReferenceProcessor::execute queues: 1, RefProcThreadModel::Single, marks_oops_alive: false
[4967.747s][debug][gc,ref         ] GC(311) Skipped phase 3 of Reference Processing: no references
[4967.747s][debug][gc,ref         ] GC(311) Skipped phase 4 of Reference Processing: no references
[4967.747s][debug][gc,phases      ] GC(311) Reference Processing 0.087ms
[4967.747s][debug][gc,phases      ] GC(311)   VM Weak                        Min:  0.0, Avg:  0.0, Max:  0.0, Diff:  0.0, Sum:  0.0, Workers: 4
[4967.747s][debug][gc,phases      ] GC(311)     Dead                           Min: 0, Avg:  0.0, Max: 0, Diff: 0, Sum: 0, Workers: 4
[4967.747s][debug][gc,phases      ] GC(311)     Total                          Min: 0, Avg: 212.2, Max: 512, Diff: 512, Sum: 849, Workers: 4
[4967.747s][debug][gc,phases      ] GC(311)   ObjectSynchronizer Weak        Min:  0.0, Avg:  0.0, Max:  0.0, Diff:  0.0, Sum:  0.0, Workers: 4
[4967.747s][debug][gc,phases      ] GC(311)     Dead                           Min: 0, Avg:  0.0, Max: 0, Diff: 0, Sum: 0, Workers: 4
[4967.747s][debug][gc,phases      ] GC(311)     Total                          Min: 0, Avg: 14.8, Max: 59, Diff: 59, Sum: 59, Workers: 4
[4967.747s][debug][gc,phases      ] GC(311)   JVMTI Tag Weak OopStorage      Min:  0.0, Avg:  0.0, Max:  0.0, Diff:  0.0, Sum:  0.0, Workers: 4
[4967.747s][debug][gc,phases      ] GC(311)     Dead                           Min: 0, Avg:  0.0, Max: 0, Diff: 0, Sum: 0, Workers: 4
[4967.747s][debug][gc,phases      ] GC(311)     Total                          Min: 0, Avg:  0.0, Max: 0, Diff: 0, Sum: 0, Workers: 4
[4967.747s][debug][gc,phases      ] GC(311)   StringTable Weak               Min:  0.1, Avg:  0.1, Max:  0.1, Diff:  0.0, Sum:  0.4, Workers: 4
[4967.747s][debug][gc,phases      ] GC(311)     Dead                           Min: 0, Avg:  0.0, Max: 0, Diff: 0, Sum: 0, Workers: 4
[4967.747s][debug][gc,phases      ] GC(311)     Total                          Min: 11008, Avg: 11261.0, Max: 11584, Diff: 576, Sum: 45044, Workers: 4
[4967.747s][debug][gc,phases      ] GC(311)   ResolvedMethodTable Weak       Min:  0.0, Avg:  0.0, Max:  0.0, Diff:  0.0, Sum:  0.1, Workers: 4
[4967.747s][debug][gc,phases      ] GC(311)     Dead                           Min: 0, Avg:  0.0, Max: 0, Diff: 0, Sum: 0, Workers: 4
[4967.747s][debug][gc,phases      ] GC(311)     Total                          Min: 2360, Avg: 2460.0, Max: 2554, Diff: 194, Sum: 9840, Workers: 4
[4967.747s][debug][gc,phases      ] GC(311)   JNI Weak                       Min:  0.0, Avg:  0.0, Max:  0.0, Diff:  0.0, Sum:  0.0, Workers: 4
[4967.747s][debug][gc,phases      ] GC(311)     Dead                           Min: 0, Avg:  0.0, Max: 0, Diff: 0, Sum: 0, Workers: 4
[4967.747s][debug][gc,phases      ] GC(311)     Total                          Min: 0, Avg: 11.2, Max: 45, Diff: 45, Sum: 45, Workers: 4
[4967.747s][debug][gc,phases      ] GC(311)   StringDedup Table Weak         Min:  0.0, Avg:  0.0, Max:  0.0, Diff:  0.0, Sum:  0.0, Workers: 4
[4967.747s][debug][gc,phases      ] GC(311)     Dead                           Min: 0, Avg:  0.0, Max: 0, Diff: 0, Sum: 0, Workers: 4
[4967.747s][debug][gc,phases      ] GC(311)     Total                          Min: 0, Avg:  0.0, Max: 0, Diff: 0, Sum: 0, Workers: 4
[4967.747s][debug][gc,phases      ] GC(311)   StringDedup Requests0 Weak     Min:  0.0, Avg:  0.0, Max:  0.0, Diff:  0.0, Sum:  0.0, Workers: 4
[4967.747s][debug][gc,phases      ] GC(311)     Dead                           Min: 0, Avg:  0.0, Max: 0, Diff: 0, Sum: 0, Workers: 4
[4967.747s][debug][gc,phases      ] GC(311)     Total                          Min: 0, Avg:  0.0, Max: 0, Diff: 0, Sum: 0, Workers: 4
[4967.747s][debug][gc,phases      ] GC(311)   StringDedup Requests1 Weak     Min:  0.0, Avg:  0.0, Max:  0.0, Diff:  0.0, Sum:  0.0, Workers: 4
[4967.747s][debug][gc,phases      ] GC(311)     Dead                           Min: 0, Avg:  0.0, Max: 0, Diff: 0, Sum: 0, Workers: 4
[4967.747s][debug][gc,phases      ] GC(311)     Total                          Min: 0, Avg:  0.0, Max: 0, Diff: 0, Sum: 0, Workers: 4
[4967.747s][debug][gc,phases      ] GC(311)   Weak JFR Old Object Samples    Min:  0.0, Avg:  0.0, Max:  0.0, Diff:  0.0, Sum:  0.0, Workers: 4
[4967.747s][debug][gc,phases      ] GC(311)     Dead                           Min: 0, Avg:  0.0, Max: 0, Diff: 0, Sum: 0, Workers: 4
[4967.747s][debug][gc,phases      ] GC(311)     Total                          Min: 0, Avg:  0.0, Max: 0, Diff: 0, Sum: 0, Workers: 4
[4967.747s][debug][gc,phases      ] GC(311) Weak Processing 0.275ms
[4967.747s][debug][gc,age         ] GC(311) Desired survivor size 2621440 bytes, new threshold 15 (max threshold 15)
[4967.747s][info ][gc,heap        ] GC(311) PSYoungGen: 2093248K(2094592K)->1184K(2094592K) Eden: 2092032K(2092032K)->0K(2092032K) From: 1216K(2560K)->1184K(2560K)
[4967.747s][info ][gc,heap        ] GC(311) ParOldGen: 376764K(458752K)->376804K(458752K)
[4967.747s][info ][gc,metaspace   ] GC(311) Metaspace: 84229K(85248K)->84229K(85248K) NonClass: 72286K(72832K)->72286K(72832K) Class: 11943K(12416K)->11943K(12416K)
[4967.747s][info ][gc             ] GC(311) Pause Young (Allocation Failure) 2412M->369M(2493M) 3.209ms
[4967.747s][info ][gc,cpu         ] GC(311) User=0.01s Sys=0.00s Real=0.01s
[4967.747s][info ][safepoint      ] Safepoint "ParallelGCFailedAllocation", Time since last: 15943137538 ns, Reaching safepoint: 107199 ns, At safepoint: 3289390 ns, Total: 3396589 ns
[4983.649s][info ][gc,start       ] GC(312) Pause Young (Allocation Failure)
[4983.653s][debug][gc,phases      ] GC(312) Scavenge 3.705ms
[4983.653s][debug][gc,ref         ] GC(312) Skipped phase 1 of Reference Processing: no references
[4983.653s][debug][gc,ref         ] GC(312) ReferenceProcessor::execute queues: 1, RefProcThreadModel::Single, marks_oops_alive: false
[4983.653s][debug][gc,ref         ] GC(312) Skipped phase 3 of Reference Processing: no references
[4983.653s][debug][gc,ref         ] GC(312) Skipped phase 4 of Reference Processing: no references
[4983.653s][debug][gc,phases      ] GC(312) Reference Processing 0.070ms
[4983.653s][debug][gc,phases      ] GC(312)   VM Weak                        Min:  0.0, Avg:  0.0, Max:  0.0, Diff:  0.0, Sum:  0.0, Workers: 4
[4983.653s][debug][gc,phases      ] GC(312)     Dead                           Min: 0, Avg:  0.0, Max: 0, Diff: 0, Sum: 0, Workers: 4
[4983.653s][debug][gc,phases      ] GC(312)     Total                          Min: 0, Avg: 212.2, Max: 768, Diff: 768, Sum: 849, Workers: 4
[4983.653s][debug][gc,phases      ] GC(312)   ObjectSynchronizer Weak        Min:  0.0, Avg:  0.0, Max:  0.0, Diff:  0.0, Sum:  0.0, Workers: 4
[4983.653s][debug][gc,phases      ] GC(312)     Dead                           Min: 0, Avg:  0.0, Max: 0, Diff: 0, Sum: 0, Workers: 4
[4983.653s][debug][gc,phases      ] GC(312)     Total                          Min: 0, Avg: 14.8, Max: 59, Diff: 59, Sum: 59, Workers: 4
[4983.653s][debug][gc,phases      ] GC(312)   JVMTI Tag Weak OopStorage      Min:  0.0, Avg:  0.0, Max:  0.0, Diff:  0.0, Sum:  0.0, Workers: 4
[4983.653s][debug][gc,phases      ] GC(312)     Dead                           Min: 0, Avg:  0.0, Max: 0, Diff: 0, Sum: 0, Workers: 4
[4983.653s][debug][gc,phases      ] GC(312)     Total                          Min: 0, Avg:  0.0, Max: 0, Diff: 0, Sum: 0, Workers: 4
[4983.653s][debug][gc,phases      ] GC(312)   StringTable Weak               Min:  0.1, Avg:  0.1, Max:  0.1, Diff:  0.0, Sum:  0.4, Workers: 4
[4983.653s][debug][gc,phases      ] GC(312)     Dead                           Min: 0, Avg:  0.0, Max: 0, Diff: 0, Sum: 0, Workers: 4
[4983.653s][debug][gc,phases      ] GC(312)     Total                          Min: 10804, Avg: 11261.0, Max: 11904, Diff: 1100, Sum: 45044, Workers: 4
[4983.653s][debug][gc,phases      ] GC(312)   ResolvedMethodTable Weak       Min:  0.0, Avg:  0.0, Max:  0.0, Diff:  0.0, Sum:  0.1, Workers: 4
[4983.653s][debug][gc,phases      ] GC(312)     Dead                           Min: 0, Avg:  0.0, Max: 0, Diff: 0, Sum: 0, Workers: 4
[4983.653s][debug][gc,phases      ] GC(312)     Total                          Min: 2235, Avg: 2460.0, Max: 2813, Diff: 578, Sum: 9840, Workers: 4
[4983.653s][debug][gc,phases      ] GC(312)   JNI Weak                       Min:  0.0, Avg:  0.0, Max:  0.0, Diff:  0.0, Sum:  0.0, Workers: 4
[4983.653s][debug][gc,phases      ] GC(312)     Dead                           Min: 0, Avg:  0.0, Max: 0, Diff: 0, Sum: 0, Workers: 4
[4983.653s][debug][gc,phases      ] GC(312)     Total                          Min: 0, Avg: 11.2, Max: 45, Diff: 45, Sum: 45, Workers: 4
[4983.653s][debug][gc,phases      ] GC(312)   StringDedup Table Weak         Min:  0.0, Avg:  0.0, Max:  0.0, Diff:  0.0, Sum:  0.0, Workers: 4
[4983.653s][debug][gc,phases      ] GC(312)     Dead                           Min: 0, Avg:  0.0, Max: 0, Diff: 0, Sum: 0, Workers: 4
[4983.653s][debug][gc,phases      ] GC(312)     Total                          Min: 0, Avg:  0.0, Max: 0, Diff: 0, Sum: 0, Workers: 4
[4983.653s][debug][gc,phases      ] GC(312)   StringDedup Requests0 Weak     Min:  0.0, Avg:  0.0, Max:  0.0, Diff:  0.0, Sum:  0.0, Workers: 4
[4983.653s][debug][gc,phases      ] GC(312)     Dead                           Min: 0, Avg:  0.0, Max: 0, Diff: 0, Sum: 0, Workers: 4
[4983.653s][debug][gc,phases      ] GC(312)     Total                          Min: 0, Avg:  0.0, Max: 0, Diff: 0, Sum: 0, Workers: 4
[4983.653s][debug][gc,phases      ] GC(312)   StringDedup Requests1 Weak     Min:  0.0, Avg:  0.0, Max:  0.0, Diff:  0.0, Sum:  0.0, Workers: 4
[4983.653s][debug][gc,phases      ] GC(312)     Dead                           Min: 0, Avg:  0.0, Max: 0, Diff: 0, Sum: 0, Workers: 4
[4983.653s][debug][gc,phases      ] GC(312)     Total                          Min: 0, Avg:  0.0, Max: 0, Diff: 0, Sum: 0, Workers: 4
[4983.653s][debug][gc,phases      ] GC(312)   Weak JFR Old Object Samples    Min:  0.0, Avg:  0.0, Max:  0.0, Diff:  0.0, Sum:  0.0, Workers: 4
[4983.653s][debug][gc,phases      ] GC(312)     Dead                           Min: 0, Avg:  0.0, Max: 0, Diff: 0, Sum: 0, Workers: 4
[4983.653s][debug][gc,phases      ] GC(312)     Total                          Min: 0, Avg:  0.0, Max: 0, Diff: 0, Sum: 0, Workers: 4
[4983.653s][debug][gc,phases      ] GC(312) Weak Processing 0.299ms
[4983.653s][debug][gc,age         ] GC(312) Desired survivor size 2621440 bytes, new threshold 15 (max threshold 15)
[4983.653s][info ][gc,heap        ] GC(312) PSYoungGen: 2093216K(2094592K)->1152K(2094592K) Eden: 2092032K(2092032K)->0K(2092032K) From: 1184K(2560K)->1152K(2560K)
[4983.653s][info ][gc,heap        ] GC(312) ParOldGen: 376804K(458752K)->376844K(458752K)
[4983.653s][info ][gc,metaspace   ] GC(312) Metaspace: 84229K(85248K)->84229K(85248K) NonClass: 72286K(72832K)->72286K(72832K) Class: 11943K(12416K)->11943K(12416K)
[4983.653s][info ][gc             ] GC(312) Pause Young (Allocation Failure) 2412M->369M(2493M) 4.189ms
[4983.653s][info ][gc,cpu         ] GC(312) User=0.01s Sys=0.00s Real=0.00s
[4983.653s][info ][safepoint      ] Safepoint "ParallelGCFailedAllocation", Time since last: 15901451996 ns, Reaching safepoint: 22700 ns, At safepoint: 4256076 ns, Total: 4278776 ns
[4999.543s][info ][gc,start       ] GC(313) Pause Young (Allocation Failure)
[4999.547s][debug][gc,phases      ] GC(313) Scavenge 4.433ms
[4999.547s][debug][gc,ref         ] GC(313) Skipped phase 1 of Reference Processing: no references
[4999.547s][debug][gc,ref         ] GC(313) ReferenceProcessor::execute queues: 1, RefProcThreadModel::Single, marks_oops_alive: false
[4999.547s][debug][gc,ref         ] GC(313) Skipped phase 3 of Reference Processing: no references
[4999.547s][debug][gc,ref         ] GC(313) Skipped phase 4 of Reference Processing: no references
[4999.547s][debug][gc,phases      ] GC(313) Reference Processing 0.084ms
[4999.547s][debug][gc,phases      ] GC(313)   VM Weak                        Min:  0.0, Avg:  0.0, Max:  0.0, Diff:  0.0, Sum:  0.0, Workers: 4
[4999.547s][debug][gc,phases      ] GC(313)     Dead                           Min: 0, Avg:  0.0, Max: 0, Diff: 0, Sum: 0, Workers: 4
[4999.547s][debug][gc,phases      ] GC(313)     Total                          Min: 0, Avg: 212.2, Max: 704, Diff: 704, Sum: 849, Workers: 4
[4999.547s][debug][gc,phases      ] GC(313)   ObjectSynchronizer Weak        Min:  0.0, Avg:  0.0, Max:  0.0, Diff:  0.0, Sum:  0.0, Workers: 4
[4999.547s][debug][gc,phases      ] GC(313)     Dead                           Min: 0, Avg:  0.0, Max: 0, Diff: 0, Sum: 0, Workers: 4
[4999.547s][debug][gc,phases      ] GC(313)     Total                          Min: 0, Avg: 14.8, Max: 59, Diff: 59, Sum: 59, Workers: 4
[4999.547s][debug][gc,phases      ] GC(313)   JVMTI Tag Weak OopStorage      Min:  0.0, Avg:  0.0, Max:  0.0, Diff:  0.0, Sum:  0.0, Workers: 4
[4999.547s][debug][gc,phases      ] GC(313)     Dead                           Min: 0, Avg:  0.0, Max: 0, Diff: 0, Sum: 0, Workers: 4
[4999.547s][debug][gc,phases      ] GC(313)     Total                          Min: 0, Avg:  0.0, Max: 0, Diff: 0, Sum: 0, Workers: 4
[4999.547s][debug][gc,phases      ] GC(313)   StringTable Weak               Min:  0.0, Avg:  0.1, Max:  0.1, Diff:  0.1, Sum:  0.3, Workers: 4
[4999.547s][debug][gc,phases      ] GC(313)     Dead                           Min: 0, Avg:  0.0, Max: 0, Diff: 0, Sum: 0, Workers: 4
[4999.547s][debug][gc,phases      ] GC(313)     Total                          Min: 0, Avg: 11261.0, Max: 19700, Diff: 19700, Sum: 45044, Workers: 4
[4999.547s][debug][gc,phases      ] GC(313)   ResolvedMethodTable Weak       Min:  0.0, Avg:  0.0, Max:  0.0, Diff:  0.0, Sum:  0.1, Workers: 4
[4999.547s][debug][gc,phases      ] GC(313)     Dead                           Min: 0, Avg:  0.0, Max: 0, Diff: 0, Sum: 0, Workers: 4
[4999.547s][debug][gc,phases      ] GC(313)     Total                          Min: 0, Avg: 2460.0, Max: 4273, Diff: 4273, Sum: 9840, Workers: 4
[4999.547s][debug][gc,phases      ] GC(313)   JNI Weak                       Min:  0.0, Avg:  0.0, Max:  0.0, Diff:  0.0, Sum:  0.0, Workers: 4
[4999.547s][debug][gc,phases      ] GC(313)     Dead                           Min: 0, Avg:  0.0, Max: 0, Diff: 0, Sum: 0, Workers: 4
[4999.547s][debug][gc,phases      ] GC(313)     Total                          Min: 0, Avg: 11.2, Max: 45, Diff: 45, Sum: 45, Workers: 4
[4999.547s][debug][gc,phases      ] GC(313)   StringDedup Table Weak         Min:  0.0, Avg:  0.0, Max:  0.0, Diff:  0.0, Sum:  0.0, Workers: 4
[4999.547s][debug][gc,phases      ] GC(313)     Dead                           Min: 0, Avg:  0.0, Max: 0, Diff: 0, Sum: 0, Workers: 4
[4999.547s][debug][gc,phases      ] GC(313)     Total                          Min: 0, Avg:  0.0, Max: 0, Diff: 0, Sum: 0, Workers: 4
[4999.547s][debug][gc,phases      ] GC(313)   StringDedup Requests0 Weak     Min:  0.0, Avg:  0.0, Max:  0.0, Diff:  0.0, Sum:  0.0, Workers: 4
[4999.547s][debug][gc,phases      ] GC(313)     Dead                           Min: 0, Avg:  0.0, Max: 0, Diff: 0, Sum: 0, Workers: 4
[4999.547s][debug][gc,phases      ] GC(313)     Total                          Min: 0, Avg:  0.0, Max: 0, Diff: 0, Sum: 0, Workers: 4
[4999.547s][debug][gc,phases      ] GC(313)   StringDedup Requests1 Weak     Min:  0.0, Avg:  0.0, Max:  0.0, Diff:  0.0, Sum:  0.0, Workers: 4
[4999.547s][debug][gc,phases      ] GC(313)     Dead                           Min: 0, Avg:  0.0, Max: 0, Diff: 0, Sum: 0, Workers: 4
[4999.547s][debug][gc,phases      ] GC(313)     Total                          Min: 0, Avg:  0.0, Max: 0, Diff: 0, Sum: 0, Workers: 4
[4999.547s][debug][gc,phases      ] GC(313)   Weak JFR Old Object Samples    Min:  0.0, Avg:  0.0, Max:  0.0, Diff:  0.0, Sum:  0.0, Workers: 4
[4999.547s][debug][gc,phases      ] GC(313)     Dead                           Min: 0, Avg:  0.0, Max: 0, Diff: 0, Sum: 0, Workers: 4
[4999.547s][debug][gc,phases      ] GC(313)     Total                          Min: 0, Avg:  0.0, Max: 0, Diff: 0, Sum: 0, Workers: 4
[4999.547s][debug][gc,phases      ] GC(313) Weak Processing 0.293ms
[4999.547s][debug][gc,age         ] GC(313) Desired survivor size 2621440 bytes, new threshold 15 (max threshold 15)
[4999.547s][info ][gc,heap        ] GC(313) PSYoungGen: 2093184K(2094592K)->1168K(2094592K) Eden: 2092032K(2092032K)->0K(2092032K) From: 1152K(2560K)->1168K(2560K)
[4999.547s][info ][gc,heap        ] GC(313) ParOldGen: 376844K(458752K)->376868K(458752K)
[4999.547s][info ][gc,metaspace   ] GC(313) Metaspace: 84229K(85248K)->84229K(85248K) NonClass: 72286K(72832K)->72286K(72832K) Class: 11943K(12416K)->11943K(12416K)
[4999.547s][info ][gc             ] GC(313) Pause Young (Allocation Failure) 2412M->369M(2493M) 4.904ms
[4999.547s][info ][gc,cpu         ] GC(313) User=0.01s Sys=0.00s Real=0.01s
[4999.547s][info ][safepoint      ] Safepoint "ParallelGCFailedAllocation", Time since last: 15889522938 ns, Reaching safepoint: 25700 ns, At safepoint: 4965175 ns, Total: 4990875 ns
[5005.548s][info ][safepoint      ] Safepoint "Cleanup", Time since last: 6000403051 ns, Reaching safepoint: 35700 ns, At safepoint: 2500 ns, Total: 38200 ns
[5016.749s][info ][gc,start       ] GC(314) Pause Young (Allocation Failure)
[5016.753s][debug][gc,phases      ] GC(314) Scavenge 3.297ms
[5016.753s][debug][gc,ref         ] GC(314) Skipped phase 1 of Reference Processing: no references
[5016.753s][debug][gc,ref         ] GC(314) ReferenceProcessor::execute queues: 1, RefProcThreadModel::Single, marks_oops_alive: false
[5016.753s][debug][gc,ref         ] GC(314) Skipped phase 3 of Reference Processing: no references
[5016.753s][debug][gc,ref         ] GC(314) Skipped phase 4 of Reference Processing: no references
[5016.753s][debug][gc,phases      ] GC(314) Reference Processing 0.090ms
[5016.753s][debug][gc,phases      ] GC(314)   VM Weak                        Min:  0.0, Avg:  0.0, Max:  0.0, Diff:  0.0, Sum:  0.0, Workers: 4
[5016.753s][debug][gc,phases      ] GC(314)     Dead                           Min: 0, Avg:  0.0, Max: 0, Diff: 0, Sum: 0, Workers: 4
[5016.753s][debug][gc,phases      ] GC(314)     Total                          Min: 0, Avg: 212.2, Max: 465, Diff: 465, Sum: 849, Workers: 4
[5016.753s][debug][gc,phases      ] GC(314)   ObjectSynchronizer Weak        Min:  0.0, Avg:  0.0, Max:  0.0, Diff:  0.0, Sum:  0.0, Workers: 4
[5016.753s][debug][gc,phases      ] GC(314)     Dead                           Min: 0, Avg:  0.0, Max: 0, Diff: 0, Sum: 0, Workers: 4
[5016.753s][debug][gc,phases      ] GC(314)     Total                          Min: 0, Avg: 14.8, Max: 59, Diff: 59, Sum: 59, Workers: 4
[5016.753s][debug][gc,phases      ] GC(314)   JVMTI Tag Weak OopStorage      Min:  0.0, Avg:  0.0, Max:  0.0, Diff:  0.0, Sum:  0.0, Workers: 4
