[0.003s][info][gc] Using Parallel
[0.004s][info][gc,init] Version: 16.0.1+9 (release)
[0.004s][info][gc,init] CPUs: 8 total, 8 available
[0.004s][info][gc,init] Memory: 32117M
[0.004s][info][gc,init] Large Page Support: Disabled
[0.004s][info][gc,init] NUMA Support: Disabled
[0.004s][info][gc,init] Compressed Oops: Enabled (Zero based)
[0.004s][info][gc,init] Alignments: Space 512K, Generation 512K, Heap 2M
[0.004s][info][gc,init] Heap Min Capacity: 2054M
[0.004s][info][gc,init] Heap Initial Capacity: 2054M
[0.004s][info][gc,init] Heap Max Capacity: 3G
[0.004s][info][gc,init] Pre-touch: Disabled
[0.004s][info][gc,init] Parallel Workers: 4
[0.004s][info][gc,metaspace] CDS disabled.
[0.004s][info][gc,metaspace] Compressed class space mapped at: 0x0000000800000000-0x0000000840000000, reserved size: 1073741824
[0.004s][info][gc,metaspace] Narrow klass base: 0x0000000800000000, Narrow klass shift: 0, Narrow klass range: 0x40000000
[0.537s][info][safepoint   ] Safepoint "ICBufferFull", Time since last: 511524140 ns, Reaching safepoint: 141602 ns, At safepoint: 3201 ns, Total: 144803 ns
[0.840s][info][gc,start    ] GC(0) Pause Young (Metadata GC Threshold)
[0.845s][debug][gc,phases   ] GC(0) Scavenge 5.079ms
[0.845s][debug][gc,ref      ] GC(0) Skipped phase 1 of Reference Processing: no references
[0.845s][debug][gc,ref      ] GC(0) Skipped phase 3 of Reference Processing: no references
[0.845s][debug][gc,phases   ] GC(0) Reference Processing 0.100ms
[0.846s][debug][gc,phases   ] GC(0) Weak Processing 0.232ms
[0.846s][debug][gc,age      ] GC(0) Desired survivor size 536870912 bytes, new threshold 7 (max threshold 15)
[0.846s][info ][gc,heap     ] GC(0) PSYoungGen: 167792K(1572864K)->7845K(1572864K) Eden: 167792K(1048576K)->0K(1048576K) From: 0K(524288K)->7845K(524288K)
[0.846s][info ][gc,heap     ] GC(0) ParOldGen: 0K(6144K)->88K(6144K)
[0.846s][info ][gc,metaspace] GC(0) Metaspace: 21009K(21248K)->21009K(21248K) NonClass: 18644K(18752K)->18644K(18752K) Class: 2365K(2496K)->2365K(2496K)
[0.846s][info ][gc          ] GC(0) Pause Young (Metadata GC Threshold) 163M->7M(1542M) 5.826ms
[0.846s][info ][gc,cpu      ] GC(0) User=0.03s Sys=0.00s Real=0.01s
[0.846s][debug][gc,phases   ] GC(1) Pre Compact 0.017ms
[0.846s][info ][gc,start    ] GC(1) Pause Full (Metadata GC Threshold)
[0.846s][info ][gc,phases,start] GC(1) Marking Phase
[0.849s][debug][gc,phases      ] GC(1) Par Mark 3.158ms
[0.849s][debug][gc,ref         ] GC(1) Skipped phase 1 of Reference Processing: no references
[0.849s][debug][gc,ref         ] GC(1) Skipped phase 3 of Reference Processing: no references
[0.849s][debug][gc,phases      ] GC(1) Reference Processing 0.051ms
[0.849s][debug][gc,phases      ] GC(1) Weak Processing 0.096ms
[0.849s][debug][gc,phases      ] GC(1) ClassLoaderData 0.011ms
[0.849s][debug][gc,phases      ] GC(1) Trigger cleanups 0.000ms
[0.851s][debug][gc,phases      ] GC(1) Class Unloading 1.714ms
[0.851s][info ][gc,phases      ] GC(1) Marking Phase 5.102ms
[0.851s][info ][gc,phases,start] GC(1) Summary Phase
[0.851s][info ][gc,phases      ] GC(1) Summary Phase 0.005ms
[0.851s][info ][gc,phases,start] GC(1) Adjust Roots
[0.853s][info ][gc,phases      ] GC(1) Adjust Roots 2.523ms
[0.853s][info ][gc,phases,start] GC(1) Compaction Phase
[0.858s][info ][gc,phases      ] GC(1) Compaction Phase 4.981ms
[0.858s][info ][gc,phases,start] GC(1) Post Compact
[0.859s][info ][gc,phases      ] GC(1) Post Compact 0.309ms
[0.859s][info ][gc,heap        ] GC(1) PSYoungGen: 7845K(1572864K)->2153K(1572864K) Eden: 0K(1048576K)->0K(1048576K) From: 7845K(524288K)->2153K(524288K)
[0.859s][info ][gc,heap        ] GC(1) ParOldGen: 88K(6144K)->5683K(6144K)
[0.859s][info ][gc,metaspace   ] GC(1) Metaspace: 21009K(21248K)->21009K(21248K) NonClass: 18644K(18752K)->18644K(18752K) Class: 2365K(2496K)->2365K(2496K)
[0.859s][info ][gc             ] GC(1) Pause Full (Metadata GC Threshold) 7M->7M(1542M) 13.043ms
[0.859s][info ][gc,cpu         ] GC(1) User=0.04s Sys=0.00s Real=0.01s
[0.859s][info ][safepoint      ] Safepoint "CollectForMetadataAllocation", Time since last: 302706335 ns, Reaching safepoint: 124002 ns, At safepoint: 18981409 ns, Total: 19105411 ns
[1.037s][info ][safepoint      ] Safepoint "ICBufferFull", Time since last: 178464110 ns, Reaching safepoint: 86801 ns, At safepoint: 9401 ns, Total: 96202 ns
[1.048s][info ][safepoint      ] Safepoint "ICBufferFull", Time since last: 10590172 ns, Reaching safepoint: 61401 ns, At safepoint: 5600 ns, Total: 67001 ns
[1.056s][info ][safepoint      ] Safepoint "ICBufferFull", Time since last: 8031031 ns, Reaching safepoint: 62001 ns, At safepoint: 7200 ns, Total: 69201 ns
[1.068s][info ][safepoint      ] Safepoint "ICBufferFull", Time since last: 11626890 ns, Reaching safepoint: 59301 ns, At safepoint: 2100 ns, Total: 61401 ns
[1.071s][info ][safepoint      ] Safepoint "ICBufferFull", Time since last: 3300954 ns, Reaching safepoint: 60101 ns, At safepoint: 10200 ns, Total: 70301 ns
[1.074s][info ][safepoint      ] Safepoint "ICBufferFull", Time since last: 3115851 ns, Reaching safepoint: 43400 ns, At safepoint: 1800 ns, Total: 45200 ns
[1.079s][info ][safepoint      ] Safepoint "ICBufferFull", Time since last: 4391472 ns, Reaching safepoint: 58401 ns, At safepoint: 2100 ns, Total: 60501 ns
[1.083s][info ][safepoint      ] Safepoint "ICBufferFull", Time since last: 4043966 ns, Reaching safepoint: 54601 ns, At safepoint: 4500 ns, Total: 59101 ns
[1.087s][info ][safepoint      ] Safepoint "ICBufferFull", Time since last: 4468173 ns, Reaching safepoint: 49001 ns, At safepoint: 2300 ns, Total: 51301 ns
[1.093s][info ][safepoint      ] Safepoint "ICBufferFull", Time since last: 5369387 ns, Reaching safepoint: 63701 ns, At safepoint: 1800 ns, Total: 65501 ns
[1.095s][info ][safepoint      ] Safepoint "ICBufferFull", Time since last: 1681328 ns, Reaching safepoint: 34200 ns, At safepoint: 1200 ns, Total: 35400 ns
[1.095s][info ][safepoint      ] Safepoint "ICBufferFull", Time since last: 556309 ns, Reaching safepoint: 22401 ns, At safepoint: 1100 ns, Total: 23501 ns
[1.172s][info ][safepoint      ] Safepoint "ICBufferFull", Time since last: 76763951 ns, Reaching safepoint: 381206 ns, At safepoint: 7201 ns, Total: 388407 ns
[1.174s][info ][safepoint      ] Safepoint "ICBufferFull", Time since last: 1227220 ns, Reaching safepoint: 43900 ns, At safepoint: 6200 ns, Total: 50100 ns
[1.175s][info ][safepoint      ] Safepoint "ICBufferFull", Time since last: 1258921 ns, Reaching safepoint: 23600 ns, At safepoint: 1300 ns, Total: 24900 ns
[1.176s][info ][safepoint      ] Safepoint "ICBufferFull", Time since last: 1285521 ns, Reaching safepoint: 27701 ns, At safepoint: 1400 ns, Total: 29101 ns
[1.178s][info ][safepoint      ] Safepoint "ICBufferFull", Time since last: 1572925 ns, Reaching safepoint: 26201 ns, At safepoint: 1400 ns, Total: 27601 ns
[1.179s][info ][safepoint      ] Safepoint "ICBufferFull", Time since last: 1210420 ns, Reaching safepoint: 44200 ns, At safepoint: 2200 ns, Total: 46400 ns
[1.181s][info ][safepoint      ] Safepoint "ICBufferFull", Time since last: 1627327 ns, Reaching safepoint: 25100 ns, At safepoint: 4600 ns, Total: 29700 ns
[1.182s][info ][safepoint      ] Safepoint "ICBufferFull", Time since last: 1129419 ns, Reaching safepoint: 31900 ns, At safepoint: 1500 ns, Total: 33400 ns
[1.183s][info ][safepoint      ] Safepoint "ICBufferFull", Time since last: 1470624 ns, Reaching safepoint: 24801 ns, At safepoint: 900 ns, Total: 25701 ns
[1.184s][info ][safepoint      ] Safepoint "ICBufferFull", Time since last: 1113818 ns, Reaching safepoint: 28800 ns, At safepoint: 1700 ns, Total: 30500 ns
[1.186s][info ][safepoint      ] Safepoint "ICBufferFull", Time since last: 1152319 ns, Reaching safepoint: 30001 ns, At safepoint: 1400 ns, Total: 31401 ns
[1.187s][info ][safepoint      ] Safepoint "ICBufferFull", Time since last: 1273620 ns, Reaching safepoint: 18401 ns, At safepoint: 1400 ns, Total: 19801 ns
[1.188s][info ][safepoint      ] Safepoint "ICBufferFull", Time since last: 539209 ns, Reaching safepoint: 16300 ns, At safepoint: 900 ns, Total: 17200 ns
[1.189s][info ][safepoint      ] Safepoint "ICBufferFull", Time since last: 1392823 ns, Reaching safepoint: 30600 ns, At safepoint: 4400 ns, Total: 35000 ns
[1.191s][info ][safepoint      ] Safepoint "ICBufferFull", Time since last: 1885831 ns, Reaching safepoint: 41501 ns, At safepoint: 2000 ns, Total: 43501 ns
[1.193s][info ][safepoint      ] Safepoint "ICBufferFull", Time since last: 1942231 ns, Reaching safepoint: 52301 ns, At safepoint: 1400 ns, Total: 53701 ns
[1.202s][info ][safepoint      ] Safepoint "ICBufferFull", Time since last: 8602340 ns, Reaching safepoint: 40601 ns, At safepoint: 1800 ns, Total: 42401 ns
[1.221s][info ][safepoint      ] Safepoint "ICBufferFull", Time since last: 19276814 ns, Reaching safepoint: 47401 ns, At safepoint: 1800 ns, Total: 49201 ns
[1.224s][info ][safepoint      ] Safepoint "ICBufferFull", Time since last: 3014349 ns, Reaching safepoint: 38701 ns, At safepoint: 1700 ns, Total: 40401 ns
[1.267s][info ][safepoint      ] Safepoint "ICBufferFull", Time since last: 42933000 ns, Reaching safepoint: 64501 ns, At safepoint: 8400 ns, Total: 72901 ns
[1.270s][info ][safepoint      ] Safepoint "ICBufferFull", Time since last: 3301954 ns, Reaching safepoint: 34601 ns, At safepoint: 4000 ns, Total: 38601 ns
[1.272s][info ][safepoint      ] Safepoint "ICBufferFull", Time since last: 2029633 ns, Reaching safepoint: 116002 ns, At safepoint: 6300 ns, Total: 122302 ns
[1.320s][info ][safepoint      ] Safepoint "ICBufferFull", Time since last: 47713478 ns, Reaching safepoint: 54501 ns, At safepoint: 1700 ns, Total: 56201 ns
[1.324s][info ][safepoint      ] Safepoint "ICBufferFull", Time since last: 4217668 ns, Reaching safepoint: 37001 ns, At safepoint: 1700 ns, Total: 38701 ns
[1.326s][info ][safepoint      ] Safepoint "ICBufferFull", Time since last: 1689628 ns, Reaching safepoint: 52900 ns, At safepoint: 1400 ns, Total: 54300 ns
[1.329s][info ][safepoint      ] Safepoint "ICBufferFull", Time since last: 2907648 ns, Reaching safepoint: 29700 ns, At safepoint: 6500 ns, Total: 36200 ns
[1.331s][info ][safepoint      ] Safepoint "ICBufferFull", Time since last: 1875731 ns, Reaching safepoint: 32201 ns, At safepoint: 1700 ns, Total: 33901 ns
[1.334s][info ][safepoint      ] Safepoint "ICBufferFull", Time since last: 3356854 ns, Reaching safepoint: 44701 ns, At safepoint: 1600 ns, Total: 46301 ns
[1.338s][info ][safepoint      ] Safepoint "ICBufferFull", Time since last: 3336554 ns, Reaching safepoint: 32301 ns, At safepoint: 6200 ns, Total: 38501 ns
[1.339s][info ][safepoint      ] Safepoint "ICBufferFull", Time since last: 1192019 ns, Reaching safepoint: 27801 ns, At safepoint: 6800 ns, Total: 34601 ns
[1.340s][info ][safepoint      ] Safepoint "ICBufferFull", Time since last: 540609 ns, Reaching safepoint: 22400 ns, At safepoint: 5300 ns, Total: 27700 ns
[1.341s][info ][safepoint      ] Safepoint "ICBufferFull", Time since last: 1159019 ns, Reaching safepoint: 42801 ns, At safepoint: 10200 ns, Total: 53001 ns
[1.344s][info ][safepoint      ] Safepoint "ICBufferFull", Time since last: 2854047 ns, Reaching safepoint: 94901 ns, At safepoint: 5000 ns, Total: 99901 ns
[1.345s][info ][safepoint      ] Safepoint "ICBufferFull", Time since last: 779713 ns, Reaching safepoint: 17500 ns, At safepoint: 1000 ns, Total: 18500 ns
[1.346s][info ][safepoint      ] Safepoint "ICBufferFull", Time since last: 953416 ns, Reaching safepoint: 20000 ns, At safepoint: 1700 ns, Total: 21700 ns
[1.347s][info ][safepoint      ] Safepoint "ICBufferFull", Time since last: 1124018 ns, Reaching safepoint: 17701 ns, At safepoint: 900 ns, Total: 18601 ns
[1.349s][info ][safepoint      ] Safepoint "ICBufferFull", Time since last: 2108034 ns, Reaching safepoint: 22201 ns, At safepoint: 3200 ns, Total: 25401 ns
[1.352s][info ][safepoint      ] Safepoint "ICBufferFull", Time since last: 2921147 ns, Reaching safepoint: 22301 ns, At safepoint: 3200 ns, Total: 25501 ns
[1.353s][info ][safepoint      ] Safepoint "ICBufferFull", Time since last: 1423423 ns, Reaching safepoint: 52001 ns, At safepoint: 5700 ns, Total: 57701 ns
[1.355s][info ][safepoint      ] Safepoint "ICBufferFull", Time since last: 1345022 ns, Reaching safepoint: 19600 ns, At safepoint: 1100 ns, Total: 20700 ns
[1.357s][info ][safepoint      ] Safepoint "ICBufferFull", Time since last: 2447740 ns, Reaching safepoint: 33900 ns, At safepoint: 1601 ns, Total: 35501 ns
[1.360s][info ][safepoint      ] Safepoint "ICBufferFull", Time since last: 2404939 ns, Reaching safepoint: 31300 ns, At safepoint: 1200 ns, Total: 32500 ns
[1.366s][info ][safepoint      ] Safepoint "ICBufferFull", Time since last: 6036899 ns, Reaching safepoint: 57301 ns, At safepoint: 1600 ns, Total: 58901 ns
[1.371s][info ][safepoint      ] Safepoint "ICBufferFull", Time since last: 5544890 ns, Reaching safepoint: 50101 ns, At safepoint: 2800 ns, Total: 52901 ns
[1.375s][info ][safepoint      ] Safepoint "ICBufferFull", Time since last: 4033266 ns, Reaching safepoint: 105101 ns, At safepoint: 9601 ns, Total: 114702 ns
[1.376s][info ][safepoint      ] Safepoint "ICBufferFull", Time since last: 731111 ns, Reaching safepoint: 23501 ns, At safepoint: 8400 ns, Total: 31901 ns
[1.379s][info ][safepoint      ] Safepoint "ICBufferFull", Time since last: 2687744 ns, Reaching safepoint: 46701 ns, At safepoint: 5800 ns, Total: 52501 ns
[1.381s][info ][safepoint      ] Safepoint "ICBufferFull", Time since last: 2490640 ns, Reaching safepoint: 36701 ns, At safepoint: 14600 ns, Total: 51301 ns
[1.383s][info ][safepoint      ] Safepoint "ICBufferFull", Time since last: 2014533 ns, Reaching safepoint: 52201 ns, At safepoint: 5000 ns, Total: 57201 ns
[1.385s][info ][safepoint      ] Safepoint "ICBufferFull", Time since last: 1822130 ns, Reaching safepoint: 25800 ns, At safepoint: 1700 ns, Total: 27500 ns
[1.387s][info ][safepoint      ] Safepoint "ICBufferFull", Time since last: 1682927 ns, Reaching safepoint: 39001 ns, At safepoint: 5900 ns, Total: 44901 ns
[1.390s][info ][safepoint      ] Safepoint "ICBufferFull", Time since last: 2833346 ns, Reaching safepoint: 55901 ns, At safepoint: 2400 ns, Total: 58301 ns
[1.392s][info ][safepoint      ] Safepoint "ICBufferFull", Time since last: 1705528 ns, Reaching safepoint: 33801 ns, At safepoint: 1700 ns, Total: 35501 ns
[1.393s][info ][safepoint      ] Safepoint "ICBufferFull", Time since last: 1602826 ns, Reaching safepoint: 22100 ns, At safepoint: 1100 ns, Total: 23200 ns
[1.395s][info ][safepoint      ] Safepoint "ICBufferFull", Time since last: 1650027 ns, Reaching safepoint: 19100 ns, At safepoint: 1200 ns, Total: 20300 ns
[1.397s][info ][safepoint      ] Safepoint "ICBufferFull", Time since last: 2081634 ns, Reaching safepoint: 107602 ns, At safepoint: 4500 ns, Total: 112102 ns
[1.400s][info ][safepoint      ] Safepoint "ICBufferFull", Time since last: 2231137 ns, Reaching safepoint: 97901 ns, At safepoint: 6100 ns, Total: 104001 ns
[1.402s][info ][safepoint      ] Safepoint "ICBufferFull", Time since last: 1910031 ns, Reaching safepoint: 91802 ns, At safepoint: 5200 ns, Total: 97002 ns
[1.404s][info ][safepoint      ] Safepoint "ICBufferFull", Time since last: 2641343 ns, Reaching safepoint: 38101 ns, At safepoint: 5600 ns, Total: 43701 ns
[1.414s][info ][safepoint      ] Safepoint "ICBufferFull", Time since last: 10139865 ns, Reaching safepoint: 45201 ns, At safepoint: 1500 ns, Total: 46701 ns
[1.416s][info ][safepoint      ] Safepoint "ICBufferFull", Time since last: 1104318 ns, Reaching safepoint: 14200 ns, At safepoint: 900 ns, Total: 15100 ns
[1.417s][info ][safepoint      ] Safepoint "ICBufferFull", Time since last: 1761529 ns, Reaching safepoint: 18100 ns, At safepoint: 1200 ns, Total: 19300 ns
[1.418s][info ][safepoint      ] Safepoint "ICBufferFull", Time since last: 509708 ns, Reaching safepoint: 44901 ns, At safepoint: 4400 ns, Total: 49301 ns
[1.420s][info ][safepoint      ] Safepoint "ICBufferFull", Time since last: 2177536 ns, Reaching safepoint: 15800 ns, At safepoint: 900 ns, Total: 16700 ns
[1.425s][info ][safepoint      ] Safepoint "ICBufferFull", Time since last: 4622175 ns, Reaching safepoint: 34301 ns, At safepoint: 1600 ns, Total: 35901 ns
[1.428s][info ][safepoint      ] Safepoint "ICBufferFull", Time since last: 3442556 ns, Reaching safepoint: 36701 ns, At safepoint: 2100 ns, Total: 38801 ns
[1.434s][info ][safepoint      ] Safepoint "ICBufferFull", Time since last: 5559890 ns, Reaching safepoint: 125002 ns, At safepoint: 21801 ns, Total: 146803 ns
[1.436s][info ][safepoint      ] Safepoint "ICBufferFull", Time since last: 2343038 ns, Reaching safepoint: 106402 ns, At safepoint: 6400 ns, Total: 112802 ns
[1.437s][info ][safepoint      ] Safepoint "ICBufferFull", Time since last: 587909 ns, Reaching safepoint: 32701 ns, At safepoint: 1200 ns, Total: 33901 ns
[1.441s][info ][safepoint      ] Safepoint "ICBufferFull", Time since last: 3980065 ns, Reaching safepoint: 28400 ns, At safepoint: 1800 ns, Total: 30200 ns
[1.442s][info ][safepoint      ] Safepoint "ICBufferFull", Time since last: 1177220 ns, Reaching safepoint: 33600 ns, At safepoint: 5600 ns, Total: 39200 ns
[1.446s][info ][safepoint      ] Safepoint "ICBufferFull", Time since last: 4050966 ns, Reaching safepoint: 31101 ns, At safepoint: 5400 ns, Total: 36501 ns
[1.447s][info ][safepoint      ] Safepoint "ICBufferFull", Time since last: 720312 ns, Reaching safepoint: 19000 ns, At safepoint: 1300 ns, Total: 20300 ns
[1.449s][info ][safepoint      ] Safepoint "ICBufferFull", Time since last: 2393639 ns, Reaching safepoint: 27300 ns, At safepoint: 1500 ns, Total: 28800 ns
[1.452s][info ][safepoint      ] Safepoint "ICBufferFull", Time since last: 2371739 ns, Reaching safepoint: 28601 ns, At safepoint: 900 ns, Total: 29501 ns
[1.453s][info ][safepoint      ] Safepoint "ICBufferFull", Time since last: 698411 ns, Reaching safepoint: 29200 ns, At safepoint: 1000 ns, Total: 30200 ns
[1.458s][info ][safepoint      ] Safepoint "ICBufferFull", Time since last: 5160185 ns, Reaching safepoint: 29000 ns, At safepoint: 2000 ns, Total: 31000 ns
[1.475s][info ][safepoint      ] Safepoint "ICBufferFull", Time since last: 16823474 ns, Reaching safepoint: 34101 ns, At safepoint: 2100 ns, Total: 36201 ns
[1.475s][info ][safepoint      ] Safepoint "ICBufferFull", Time since last: 583009 ns, Reaching safepoint: 36801 ns, At safepoint: 1700 ns, Total: 38501 ns
[1.493s][info ][safepoint      ] Safepoint "ICBufferFull", Time since last: 17984593 ns, Reaching safepoint: 32101 ns, At safepoint: 2100 ns, Total: 34201 ns
[1.494s][info ][safepoint      ] Safepoint "ICBufferFull", Time since last: 1182419 ns, Reaching safepoint: 36501 ns, At safepoint: 2900 ns, Total: 39401 ns
[1.495s][info ][safepoint      ] Safepoint "ICBufferFull", Time since last: 799913 ns, Reaching safepoint: 37400 ns, At safepoint: 1100 ns, Total: 38500 ns
[1.497s][info ][safepoint      ] Safepoint "ICBufferFull", Time since last: 1180320 ns, Reaching safepoint: 16900 ns, At safepoint: 1100 ns, Total: 18000 ns
[1.499s][info ][safepoint      ] Safepoint "ICBufferFull", Time since last: 2586542 ns, Reaching safepoint: 22701 ns, At safepoint: 1500 ns, Total: 24201 ns
[1.502s][info ][safepoint      ] Safepoint "ICBufferFull", Time since last: 2691343 ns, Reaching safepoint: 34001 ns, At safepoint: 1800 ns, Total: 35801 ns
[1.503s][info ][safepoint      ] Safepoint "ICBufferFull", Time since last: 1336122 ns, Reaching safepoint: 36000 ns, At safepoint: 900 ns, Total: 36900 ns
[1.505s][info ][safepoint      ] Safepoint "ICBufferFull", Time since last: 1412223 ns, Reaching safepoint: 28201 ns, At safepoint: 1300 ns, Total: 29501 ns
[1.507s][info ][safepoint      ] Safepoint "ICBufferFull", Time since last: 2328638 ns, Reaching safepoint: 21100 ns, At safepoint: 1500 ns, Total: 22600 ns
[1.508s][info ][safepoint      ] Safepoint "ICBufferFull", Time since last: 1293221 ns, Reaching safepoint: 26701 ns, At safepoint: 1200 ns, Total: 27901 ns
[1.510s][info ][safepoint      ] Safepoint "ICBufferFull", Time since last: 1105018 ns, Reaching safepoint: 38200 ns, At safepoint: 2201 ns, Total: 40401 ns
[1.511s][info ][safepoint      ] Safepoint "ICBufferFull", Time since last: 1118818 ns, Reaching safepoint: 18100 ns, At safepoint: 1000 ns, Total: 19100 ns
[1.515s][info ][safepoint      ] Safepoint "ICBufferFull", Time since last: 4099567 ns, Reaching safepoint: 23900 ns, At safepoint: 1100 ns, Total: 25000 ns
[1.516s][info ][safepoint      ] Safepoint "ICBufferFull", Time since last: 870014 ns, Reaching safepoint: 35501 ns, At safepoint: 800 ns, Total: 36301 ns
[1.517s][info ][safepoint      ] Safepoint "ICBufferFull", Time since last: 1600826 ns, Reaching safepoint: 16300 ns, At safepoint: 900 ns, Total: 17200 ns
[1.518s][info ][safepoint      ] Safepoint "ICBufferFull", Time since last: 559910 ns, Reaching safepoint: 14800 ns, At safepoint: 900 ns, Total: 15700 ns
[1.519s][info ][safepoint      ] Safepoint "ICBufferFull", Time since last: 1554525 ns, Reaching safepoint: 40001 ns, At safepoint: 1100 ns, Total: 41101 ns
[1.521s][info ][safepoint      ] Safepoint "ICBufferFull", Time since last: 1691527 ns, Reaching safepoint: 26001 ns, At safepoint: 1400 ns, Total: 27401 ns
[1.523s][info ][safepoint      ] Safepoint "ICBufferFull", Time since last: 1388423 ns, Reaching safepoint: 17200 ns, At safepoint: 900 ns, Total: 18100 ns
[1.524s][info ][safepoint      ] Safepoint "ICBufferFull", Time since last: 1382222 ns, Reaching safepoint: 23601 ns, At safepoint: 1200 ns, Total: 24801 ns
[1.526s][info ][safepoint      ] Safepoint "ICBufferFull", Time since last: 1809929 ns, Reaching safepoint: 43201 ns, At safepoint: 1500 ns, Total: 44701 ns
[1.528s][info ][safepoint      ] Safepoint "ICBufferFull", Time since last: 2065434 ns, Reaching safepoint: 40800 ns, At safepoint: 2300 ns, Total: 43100 ns
[1.530s][info ][safepoint      ] Safepoint "ICBufferFull", Time since last: 2145435 ns, Reaching safepoint: 37201 ns, At safepoint: 6000 ns, Total: 43201 ns
[1.532s][info ][safepoint      ] Safepoint "ICBufferFull", Time since last: 2307138 ns, Reaching safepoint: 36300 ns, At safepoint: 3300 ns, Total: 39600 ns
[1.535s][info ][safepoint      ] Safepoint "ICBufferFull", Time since last: 1984533 ns, Reaching safepoint: 114902 ns, At safepoint: 8000 ns, Total: 122902 ns
[1.536s][info ][safepoint      ] Safepoint "ICBufferFull", Time since last: 1770129 ns, Reaching safepoint: 35600 ns, At safepoint: 1100 ns, Total: 36700 ns
[1.539s][info ][safepoint      ] Safepoint "ICBufferFull", Time since last: 2187236 ns, Reaching safepoint: 45101 ns, At safepoint: 5000 ns, Total: 50101 ns
[1.540s][info ][safepoint      ] Safepoint "ICBufferFull", Time since last: 1617326 ns, Reaching safepoint: 26200 ns, At safepoint: 1300 ns, Total: 27500 ns
[1.542s][info ][safepoint      ] Safepoint "ICBufferFull", Time since last: 1817530 ns, Reaching safepoint: 34401 ns, At safepoint: 1700 ns, Total: 36101 ns
[1.544s][info ][safepoint      ] Safepoint "ICBufferFull", Time since last: 1420023 ns, Reaching safepoint: 21100 ns, At safepoint: 1100 ns, Total: 22200 ns
[1.545s][info ][safepoint      ] Safepoint "ICBufferFull", Time since last: 1382023 ns, Reaching safepoint: 18600 ns, At safepoint: 1100 ns, Total: 19700 ns
[1.546s][info ][safepoint      ] Safepoint "ICBufferFull", Time since last: 1334522 ns, Reaching safepoint: 14600 ns, At safepoint: 900 ns, Total: 15500 ns
[1.547s][info ][safepoint      ] Safepoint "ICBufferFull", Time since last: 529209 ns, Reaching safepoint: 14300 ns, At safepoint: 800 ns, Total: 15100 ns
[1.549s][info ][safepoint      ] Safepoint "ICBufferFull", Time since last: 1748428 ns, Reaching safepoint: 38701 ns, At safepoint: 1200 ns, Total: 39901 ns
[1.551s][info ][safepoint      ] Safepoint "ICBufferFull", Time since last: 2268137 ns, Reaching safepoint: 22800 ns, At safepoint: 12201 ns, Total: 35001 ns
[1.552s][info ][safepoint      ] Safepoint "ICBufferFull", Time since last: 1174519 ns, Reaching safepoint: 16100 ns, At safepoint: 1000 ns, Total: 17100 ns
[1.554s][info ][safepoint      ] Safepoint "ICBufferFull", Time since last: 1344122 ns, Reaching safepoint: 20300 ns, At safepoint: 1300 ns, Total: 21600 ns
[1.555s][info ][safepoint      ] Safepoint "ICBufferFull", Time since last: 1725528 ns, Reaching safepoint: 19901 ns, At safepoint: 900 ns, Total: 20801 ns
[1.557s][info ][safepoint      ] Safepoint "ICBufferFull", Time since last: 1512724 ns, Reaching safepoint: 18601 ns, At safepoint: 1000 ns, Total: 19601 ns
[1.557s][info ][safepoint      ] Safepoint "ICBufferFull", Time since last: 540209 ns, Reaching safepoint: 17000 ns, At safepoint: 1100 ns, Total: 18100 ns
[1.559s][info ][safepoint      ] Safepoint "ICBufferFull", Time since last: 1925131 ns, Reaching safepoint: 36301 ns, At safepoint: 5600 ns, Total: 41901 ns
[1.561s][info ][safepoint      ] Safepoint "ICBufferFull", Time since last: 1676427 ns, Reaching safepoint: 35901 ns, At safepoint: 1400 ns, Total: 37301 ns
[1.562s][info ][safepoint      ] Safepoint "ICBufferFull", Time since last: 1267221 ns, Reaching safepoint: 34600 ns, At safepoint: 1500 ns, Total: 36100 ns
[1.563s][info ][safepoint      ] Safepoint "ICBufferFull", Time since last: 996516 ns, Reaching safepoint: 36401 ns, At safepoint: 1700 ns, Total: 38101 ns
[1.565s][info ][safepoint      ] Safepoint "ICBufferFull", Time since last: 1107818 ns, Reaching safepoint: 28901 ns, At safepoint: 1800 ns, Total: 30701 ns
[1.565s][info ][safepoint      ] Safepoint "ICBufferFull", Time since last: 859114 ns, Reaching safepoint: 82201 ns, At safepoint: 5600 ns, Total: 87801 ns
[1.567s][info ][safepoint      ] Safepoint "ICBufferFull", Time since last: 1067917 ns, Reaching safepoint: 28301 ns, At safepoint: 3700 ns, Total: 32001 ns
[1.568s][info ][safepoint      ] Safepoint "ICBufferFull", Time since last: 1219220 ns, Reaching safepoint: 82901 ns, At safepoint: 4300 ns, Total: 87201 ns
[1.569s][info ][safepoint      ] Safepoint "ICBufferFull", Time since last: 917215 ns, Reaching safepoint: 18901 ns, At safepoint: 1300 ns, Total: 20201 ns
[1.570s][info ][safepoint      ] Safepoint "ICBufferFull", Time since last: 1209119 ns, Reaching safepoint: 22801 ns, At safepoint: 5300 ns, Total: 28101 ns
[1.571s][info ][safepoint      ] Safepoint "ICBufferFull", Time since last: 769212 ns, Reaching safepoint: 26301 ns, At safepoint: 3700 ns, Total: 30001 ns
[1.572s][info ][safepoint      ] Safepoint "ICBufferFull", Time since last: 724512 ns, Reaching safepoint: 18200 ns, At safepoint: 700 ns, Total: 18900 ns
[1.573s][info ][safepoint      ] Safepoint "ICBufferFull", Time since last: 897314 ns, Reaching safepoint: 41301 ns, At safepoint: 8600 ns, Total: 49901 ns
[1.573s][info ][safepoint      ] Safepoint "ICBufferFull", Time since last: 786913 ns, Reaching safepoint: 91102 ns, At safepoint: 6300 ns, Total: 97402 ns
[1.574s][info ][safepoint      ] Safepoint "ICBufferFull", Time since last: 560509 ns, Reaching safepoint: 27800 ns, At safepoint: 1200 ns, Total: 29000 ns
[1.576s][info ][safepoint      ] Safepoint "ICBufferFull", Time since last: 1500925 ns, Reaching safepoint: 50201 ns, At safepoint: 6500 ns, Total: 56701 ns
[1.577s][info ][safepoint      ] Safepoint "ICBufferFull", Time since last: 1563925 ns, Reaching safepoint: 49301 ns, At safepoint: 2000 ns, Total: 51301 ns
[1.578s][info ][safepoint      ] Safepoint "ICBufferFull", Time since last: 1046817 ns, Reaching safepoint: 32101 ns, At safepoint: 1500 ns, Total: 33601 ns
[1.579s][info ][safepoint      ] Safepoint "ICBufferFull", Time since last: 914415 ns, Reaching safepoint: 38500 ns, At safepoint: 1500 ns, Total: 40000 ns
[1.580s][info ][safepoint      ] Safepoint "ICBufferFull", Time since last: 876515 ns, Reaching safepoint: 28500 ns, At safepoint: 1400 ns, Total: 29900 ns
[1.658s][info ][safepoint      ] Safepoint "ICBufferFull", Time since last: 77943671 ns, Reaching safepoint: 73001 ns, At safepoint: 4700 ns, Total: 77701 ns
[1.906s][info ][safepoint      ] Safepoint "ICBufferFull", Time since last: 247941343 ns, Reaching safepoint: 146102 ns, At safepoint: 2700 ns, Total: 148802 ns
[2.146s][info ][safepoint      ] Safepoint "ICBufferFull", Time since last: 239890311 ns, Reaching safepoint: 159703 ns, At safepoint: 14200 ns, Total: 173903 ns
[2.349s][info ][gc,start       ] GC(2) Pause Young (Metadata GC Threshold)
[2.383s][debug][gc,phases      ] GC(2) Scavenge 33.490ms
[2.383s][debug][gc,ref         ] GC(2) Skipped phase 1 of Reference Processing: no references
[2.383s][debug][gc,ref         ] GC(2) Skipped phase 3 of Reference Processing: no references
[2.383s][debug][gc,phases      ] GC(2) Reference Processing 0.266ms
[2.385s][debug][gc,phases      ] GC(2) Weak Processing 1.197ms
[2.385s][debug][gc,age         ] GC(2) Desired survivor size 536870912 bytes, new threshold 7 (max threshold 15)
[2.385s][info ][gc,heap        ] GC(2) PSYoungGen: 470997K(1572864K)->53925K(1572864K) Eden: 468843K(1048576K)->0K(1048576K) From: 2153K(524288K)->53925K(524288K)
[2.385s][info ][gc,heap        ] GC(2) ParOldGen: 5683K(6144K)->5691K(6144K)
[2.385s][info ][gc,metaspace   ] GC(2) Metaspace: 35170K(35456K)->35170K(35456K) NonClass: 30746K(30912K)->30746K(30912K) Class: 4424K(4544K)->4424K(4544K)
[2.385s][info ][gc             ] GC(2) Pause Young (Metadata GC Threshold) 465M->58M(1542M) 35.115ms
[2.385s][info ][gc,cpu         ] GC(2) User=0.10s Sys=0.03s Real=0.04s
[2.385s][debug][gc,phases      ] GC(3) Pre Compact 0.013ms
[2.385s][info ][gc,start       ] GC(3) Pause Full (Metadata GC Threshold)
[2.385s][info ][gc,phases,start] GC(3) Marking Phase
[2.417s][debug][gc,phases      ] GC(3) Par Mark 32.224ms
[2.417s][debug][gc,ref         ] GC(3) Skipped phase 1 of Reference Processing: no references
[2.417s][debug][gc,ref         ] GC(3) Skipped phase 3 of Reference Processing: no references
[2.417s][debug][gc,phases      ] GC(3) Reference Processing 0.067ms
[2.417s][debug][gc,phases      ] GC(3) Weak Processing 0.276ms
[2.417s][debug][gc,phases      ] GC(3) ClassLoaderData 0.142ms
[2.417s][debug][gc,phases      ] GC(3) Trigger cleanups 0.001ms
[2.424s][debug][gc,phases      ] GC(3) Class Unloading 6.903ms
[2.424s][info ][gc,phases      ] GC(3) Marking Phase 39.587ms
[2.424s][info ][gc,phases,start] GC(3) Summary Phase
[2.424s][info ][gc,phases      ] GC(3) Summary Phase 0.007ms
[2.424s][info ][gc,phases,start] GC(3) Adjust Roots
[2.433s][info ][gc,phases      ] GC(3) Adjust Roots 8.833ms
[2.433s][info ][gc,phases,start] GC(3) Compaction Phase
[2.732s][info ][gc,phases      ] GC(3) Compaction Phase 299.176ms
[2.732s][info ][gc,phases,start] GC(3) Post Compact
[2.733s][info ][gc,phases      ] GC(3) Post Compact 0.730ms
[2.733s][info ][gc,heap        ] GC(3) PSYoungGen: 53925K(1572864K)->53241K(1572864K) Eden: 0K(1048576K)->0K(1048576K) From: 53925K(524288K)->53241K(524288K)
[2.733s][info ][gc,heap        ] GC(3) ParOldGen: 5691K(6144K)->6113K(6144K)
[2.733s][info ][gc,metaspace   ] GC(3) Metaspace: 35170K(35456K)->35146K(35456K) NonClass: 30746K(30912K)->30729K(30912K) Class: 4424K(4544K)->4417K(4544K)
[2.733s][info ][gc             ] GC(3) Pause Full (Metadata GC Threshold) 58M->57M(1542M) 348.477ms
[2.733s][info ][gc,cpu         ] GC(3) User=0.73s Sys=0.00s Real=0.34s
[2.733s][info ][safepoint      ] Safepoint "CollectForMetadataAllocation", Time since last: 203017210 ns, Reaching safepoint: 123402 ns, At safepoint: 383753357 ns, Total: 383876759 ns
[2.892s][info ][safepoint      ] Safepoint "ICBufferFull", Time since last: 158808689 ns, Reaching safepoint: 231104 ns, At safepoint: 24001 ns, Total: 255105 ns
[2.990s][info ][safepoint      ] Safepoint "ICBufferFull", Time since last: 98038998 ns, Reaching safepoint: 170003 ns, At safepoint: 12600 ns, Total: 182603 ns
[2.992s][info ][safepoint      ] Safepoint "ICBufferFull", Time since last: 1544425 ns, Reaching safepoint: 112002 ns, At safepoint: 12900 ns, Total: 124902 ns
[2.992s][info ][safepoint      ] Safepoint "ICBufferFull", Time since last: 49101 ns, Reaching safepoint: 82201 ns, At safepoint: 8101 ns, Total: 90302 ns
[2.999s][info ][safepoint      ] Safepoint "ICBufferFull", Time since last: 6116099 ns, Reaching safepoint: 112602 ns, At safepoint: 23701 ns, Total: 136303 ns
[3.330s][info ][safepoint      ] Safepoint "ICBufferFull", Time since last: 331459304 ns, Reaching safepoint: 253804 ns, At safepoint: 25801 ns, Total: 279605 ns
[3.456s][info ][safepoint      ] Safepoint "ICBufferFull", Time since last: 123753017 ns, Reaching safepoint: 2278537 ns, At safepoint: 23601 ns, Total: 2302138 ns
[3.466s][info ][safepoint      ] Safepoint "ICBufferFull", Time since last: 9902061 ns, Reaching safepoint: 116202 ns, At safepoint: 36401 ns, Total: 152603 ns
[3.469s][info ][safepoint      ] Safepoint "ICBufferFull", Time since last: 1983232 ns, Reaching safepoint: 101302 ns, At safepoint: 46601 ns, Total: 147903 ns
[3.470s][info ][safepoint      ] Safepoint "ICBufferFull", Time since last: 1784829 ns, Reaching safepoint: 99201 ns, At safepoint: 23401 ns, Total: 122602 ns
[3.483s][info ][safepoint      ] Safepoint "ICBufferFull", Time since last: 12192098 ns, Reaching safepoint: 25201 ns, At safepoint: 12600 ns, Total: 37801 ns
[3.483s][info ][safepoint      ] Safepoint "ICBufferFull", Time since last: 74401 ns, Reaching safepoint: 91102 ns, At safepoint: 26300 ns, Total: 117402 ns
[3.485s][info ][safepoint      ] Safepoint "ICBufferFull", Time since last: 1824930 ns, Reaching safepoint: 94101 ns, At safepoint: 19601 ns, Total: 113702 ns
[3.485s][info ][safepoint      ] Safepoint "ICBufferFull", Time since last: 84401 ns, Reaching safepoint: 100002 ns, At safepoint: 16000 ns, Total: 116002 ns
[3.485s][info ][safepoint      ] Safepoint "ICBufferFull", Time since last: 51501 ns, Reaching safepoint: 85401 ns, At safepoint: 20201 ns, Total: 105602 ns
[3.488s][info ][safepoint      ] Safepoint "ICBufferFull", Time since last: 3021149 ns, Reaching safepoint: 107702 ns, At safepoint: 22500 ns, Total: 130202 ns
[3.492s][info ][safepoint      ] Safepoint "ICBufferFull", Time since last: 3182452 ns, Reaching safepoint: 107402 ns, At safepoint: 12300 ns, Total: 119702 ns
[3.504s][info ][safepoint      ] Safepoint "ICBufferFull", Time since last: 12523704 ns, Reaching safepoint: 121702 ns, At safepoint: 18600 ns, Total: 140302 ns
[3.504s][info ][safepoint      ] Safepoint "ICBufferFull", Time since last: 64801 ns, Reaching safepoint: 84502 ns, At safepoint: 15600 ns, Total: 100102 ns
[3.505s][info ][safepoint      ] Safepoint "ICBufferFull", Time since last: 39701 ns, Reaching safepoint: 90801 ns, At safepoint: 17200 ns, Total: 108001 ns
[3.507s][info ][safepoint      ] Safepoint "ICBufferFull", Time since last: 1864531 ns, Reaching safepoint: 120002 ns, At safepoint: 22700 ns, Total: 142702 ns
[3.508s][info ][safepoint      ] Safepoint "ICBufferFull", Time since last: 1731428 ns, Reaching safepoint: 64201 ns, At safepoint: 21901 ns, Total: 86102 ns
[3.512s][info ][safepoint      ] Safepoint "ICBufferFull", Time since last: 2974848 ns, Reaching safepoint: 112302 ns, At safepoint: 27501 ns, Total: 139803 ns
[3.516s][info ][safepoint      ] Safepoint "ICBufferFull", Time since last: 4261269 ns, Reaching safepoint: 117402 ns, At safepoint: 25400 ns, Total: 142802 ns
[3.518s][info ][safepoint      ] Safepoint "ICBufferFull", Time since last: 1680428 ns, Reaching safepoint: 75701 ns, At safepoint: 22600 ns, Total: 98301 ns
[3.519s][info ][safepoint      ] Safepoint "ICBufferFull", Time since last: 1589226 ns, Reaching safepoint: 112002 ns, At safepoint: 23400 ns, Total: 135402 ns
[3.527s][info ][safepoint      ] Safepoint "ICBufferFull", Time since last: 7079716 ns, Reaching safepoint: 397506 ns, At safepoint: 25701 ns, Total: 423207 ns
[3.549s][info ][safepoint      ] Safepoint "ICBufferFull", Time since last: 21414649 ns, Reaching safepoint: 146902 ns, At safepoint: 24501 ns, Total: 171403 ns
[3.570s][info ][safepoint      ] Safepoint "ICBufferFull", Time since last: 21169045 ns, Reaching safepoint: 189903 ns, At safepoint: 24200 ns, Total: 214103 ns
[3.654s][info ][safepoint      ] Safepoint "ICBufferFull", Time since last: 84162573 ns, Reaching safepoint: 196803 ns, At safepoint: 23600 ns, Total: 220403 ns
[3.669s][info ][safepoint      ] Safepoint "ICBufferFull", Time since last: 14761641 ns, Reaching safepoint: 133302 ns, At safepoint: 25001 ns, Total: 158303 ns
[3.687s][info ][safepoint      ] Safepoint "ICBufferFull", Time since last: 16901975 ns, Reaching safepoint: 398407 ns, At safepoint: 23400 ns, Total: 421807 ns
[3.698s][info ][safepoint      ] Safepoint "ICBufferFull", Time since last: 11316685 ns, Reaching safepoint: 228403 ns, At safepoint: 41101 ns, Total: 269504 ns
[3.716s][info ][safepoint      ] Safepoint "ICBufferFull", Time since last: 15745857 ns, Reaching safepoint: 2153035 ns, At safepoint: 20500 ns, Total: 2173535 ns
[3.733s][info ][safepoint      ] Safepoint "ICBufferFull", Time since last: 13550621 ns, Reaching safepoint: 3170552 ns, At safepoint: 24400 ns, Total: 3194952 ns
[3.734s][info ][safepoint      ] Safepoint "ICBufferFull", Time since last: 1010617 ns, Reaching safepoint: 103801 ns, At safepoint: 18201 ns, Total: 122002 ns
[3.734s][info ][safepoint      ] Safepoint "ICBufferFull", Time since last: 49200 ns, Reaching safepoint: 97602 ns, At safepoint: 15000 ns, Total: 112602 ns
[3.738s][info ][safepoint      ] Safepoint "ICBufferFull", Time since last: 3612559 ns, Reaching safepoint: 121402 ns, At safepoint: 17900 ns, Total: 139302 ns
[3.738s][info ][safepoint      ] Safepoint "ICBufferFull", Time since last: 57001 ns, Reaching safepoint: 94002 ns, At safepoint: 18500 ns, Total: 112502 ns
[3.749s][info ][safepoint      ] Safepoint "ICBufferFull", Time since last: 11106781 ns, Reaching safepoint: 127002 ns, At safepoint: 28501 ns, Total: 155503 ns
[3.751s][info ][safepoint      ] Safepoint "ICBufferFull", Time since last: 2100834 ns, Reaching safepoint: 108602 ns, At safepoint: 25100 ns, Total: 133702 ns
[3.752s][info ][safepoint      ] Safepoint "ICBufferFull", Time since last: 357906 ns, Reaching safepoint: 347506 ns, At safepoint: 19600 ns, Total: 367106 ns
[3.758s][info ][safepoint      ] Safepoint "ICBufferFull", Time since last: 5757194 ns, Reaching safepoint: 253604 ns, At safepoint: 24900 ns, Total: 278504 ns
[3.769s][info ][safepoint      ] Safepoint "ICBufferFull", Time since last: 10653874 ns, Reaching safepoint: 126602 ns, At safepoint: 20301 ns, Total: 146903 ns
[3.780s][info ][safepoint      ] Safepoint "ICBufferFull", Time since last: 10788075 ns, Reaching safepoint: 146203 ns, At safepoint: 23800 ns, Total: 170003 ns
[3.790s][info ][safepoint      ] Safepoint "ICBufferFull", Time since last: 9998763 ns, Reaching safepoint: 136803 ns, At safepoint: 22900 ns, Total: 159703 ns
[3.798s][info ][safepoint      ] Safepoint "ICBufferFull", Time since last: 7723326 ns, Reaching safepoint: 115602 ns, At safepoint: 25100 ns, Total: 140702 ns
[3.804s][info ][safepoint      ] Safepoint "ICBufferFull", Time since last: 6136700 ns, Reaching safepoint: 124602 ns, At safepoint: 29001 ns, Total: 153603 ns
[3.820s][info ][safepoint      ] Safepoint "ICBufferFull", Time since last: 15462952 ns, Reaching safepoint: 115002 ns, At safepoint: 18100 ns, Total: 133102 ns
[3.826s][info ][safepoint      ] Safepoint "ICBufferFull", Time since last: 5498190 ns, Reaching safepoint: 118002 ns, At safepoint: 20700 ns, Total: 138702 ns
[3.834s][info ][safepoint      ] Safepoint "ICBufferFull", Time since last: 8483438 ns, Reaching safepoint: 126902 ns, At safepoint: 20901 ns, Total: 147803 ns
[3.844s][info ][safepoint      ] Safepoint "ICBufferFull", Time since last: 9589356 ns, Reaching safepoint: 206803 ns, At safepoint: 18801 ns, Total: 225604 ns
[3.848s][info ][safepoint      ] Safepoint "ICBufferFull", Time since last: 3731160 ns, Reaching safepoint: 116102 ns, At safepoint: 22101 ns, Total: 138203 ns
[3.848s][info ][safepoint      ] Safepoint "ICBufferFull", Time since last: 169702 ns, Reaching safepoint: 75202 ns, At safepoint: 18800 ns, Total: 94002 ns
[3.849s][info ][safepoint      ] Safepoint "ICBufferFull", Time since last: 421907 ns, Reaching safepoint: 97801 ns, At safepoint: 18301 ns, Total: 116102 ns
[3.853s][info ][safepoint      ] Safepoint "ICBufferFull", Time since last: 4107467 ns, Reaching safepoint: 129602 ns, At safepoint: 19000 ns, Total: 148602 ns
[3.859s][info ][safepoint      ] Safepoint "ICBufferFull", Time since last: 6185601 ns, Reaching safepoint: 257304 ns, At safepoint: 27401 ns, Total: 284705 ns
[3.865s][info ][safepoint      ] Safepoint "ICBufferFull", Time since last: 5669892 ns, Reaching safepoint: 112302 ns, At safepoint: 25500 ns, Total: 137802 ns
[3.870s][info ][safepoint      ] Safepoint "ICBufferFull", Time since last: 4152568 ns, Reaching safepoint: 123202 ns, At safepoint: 25701 ns, Total: 148903 ns
[3.876s][info ][safepoint      ] Safepoint "ICBufferFull", Time since last: 5949997 ns, Reaching safepoint: 123002 ns, At safepoint: 19300 ns, Total: 142302 ns
[3.882s][info ][safepoint      ] Safepoint "ICBufferFull", Time since last: 5902996 ns, Reaching safepoint: 130202 ns, At safepoint: 25501 ns, Total: 155703 ns
[3.887s][info ][safepoint      ] Safepoint "ICBufferFull", Time since last: 5431188 ns, Reaching safepoint: 108702 ns, At safepoint: 208603 ns, Total: 317305 ns
[3.896s][info ][safepoint      ] Safepoint "ICBufferFull", Time since last: 8237435 ns, Reaching safepoint: 119402 ns, At safepoint: 18600 ns, Total: 138002 ns
[3.904s][info ][safepoint      ] Safepoint "ICBufferFull", Time since last: 8203234 ns, Reaching safepoint: 133802 ns, At safepoint: 18700 ns, Total: 152502 ns
[3.913s][info ][safepoint      ] Safepoint "ICBufferFull", Time since last: 8398937 ns, Reaching safepoint: 129602 ns, At safepoint: 24301 ns, Total: 153903 ns
[3.921s][info ][safepoint      ] Safepoint "ICBufferFull", Time since last: 7761026 ns, Reaching safepoint: 123202 ns, At safepoint: 25701 ns, Total: 148903 ns
[3.926s][info ][safepoint      ] Safepoint "ICBufferFull", Time since last: 5188484 ns, Reaching safepoint: 124602 ns, At safepoint: 22401 ns, Total: 147003 ns
[3.935s][info ][safepoint      ] Safepoint "ICBufferFull", Time since last: 6251902 ns, Reaching safepoint: 3222652 ns, At safepoint: 29401 ns, Total: 3252053 ns
[3.940s][info ][safepoint      ] Safepoint "ICBufferFull", Time since last: 4555374 ns, Reaching safepoint: 196603 ns, At safepoint: 21900 ns, Total: 218503 ns
[3.945s][info ][safepoint      ] Safepoint "ICBufferFull", Time since last: 4698077 ns, Reaching safepoint: 108602 ns, At safepoint: 23800 ns, Total: 132402 ns
[3.948s][info ][safepoint      ] Safepoint "ICBufferFull", Time since last: 3117351 ns, Reaching safepoint: 101802 ns, At safepoint: 27100 ns, Total: 128902 ns
[3.954s][info ][safepoint      ] Safepoint "ICBufferFull", Time since last: 3230853 ns, Reaching safepoint: 2105234 ns, At safepoint: 30101 ns, Total: 2135335 ns
[3.957s][info ][safepoint      ] Safepoint "ICBufferFull", Time since last: 2886947 ns, Reaching safepoint: 105001 ns, At safepoint: 21901 ns, Total: 126902 ns
[3.960s][info ][safepoint      ] Safepoint "ICBufferFull", Time since last: 2797345 ns, Reaching safepoint: 186803 ns, At safepoint: 23001 ns, Total: 209804 ns
[3.963s][info ][safepoint      ] Safepoint "ICBufferFull", Time since last: 3180452 ns, Reaching safepoint: 103401 ns, At safepoint: 16601 ns, Total: 120002 ns
[3.966s][info ][safepoint      ] Safepoint "ICBufferFull", Time since last: 3147351 ns, Reaching safepoint: 237104 ns, At safepoint: 20900 ns, Total: 258004 ns
[3.970s][info ][safepoint      ] Safepoint "ICBufferFull", Time since last: 3483057 ns, Reaching safepoint: 108602 ns, At safepoint: 21800 ns, Total: 130402 ns
[3.973s][info ][safepoint      ] Safepoint "ICBufferFull", Time since last: 2714144 ns, Reaching safepoint: 270005 ns, At safepoint: 29200 ns, Total: 299205 ns
[3.976s][info ][safepoint      ] Safepoint "ICBufferFull", Time since last: 2863647 ns, Reaching safepoint: 119402 ns, At safepoint: 19800 ns, Total: 139202 ns
[3.980s][info ][safepoint      ] Safepoint "ICBufferFull", Time since last: 4034666 ns, Reaching safepoint: 97301 ns, At safepoint: 16901 ns, Total: 114202 ns
[3.991s][info ][safepoint      ] Safepoint "ICBufferFull", Time since last: 10667974 ns, Reaching safepoint: 123802 ns, At safepoint: 21800 ns, Total: 145602 ns
[3.998s][info ][safepoint      ] Safepoint "ICBufferFull", Time since last: 6851712 ns, Reaching safepoint: 122802 ns, At safepoint: 24500 ns, Total: 147302 ns
[4.045s][info ][safepoint      ] Safepoint "ICBufferFull", Time since last: 42613095 ns, Reaching safepoint: 4339471 ns, At safepoint: 24100 ns, Total: 4363571 ns
[4.182s][debug][gc,phases      ] GC(4) Pre Compact 0.023ms
[4.182s][info ][gc,start       ] GC(4) Pause Full (Ergonomics)
[4.182s][info ][gc,phases,start] GC(4) Marking Phase
[4.287s][debug][gc,phases      ] GC(4) Par Mark 104.234ms
[4.287s][debug][gc,ref         ] GC(4) Skipped phase 1 of Reference Processing: no references
[4.287s][debug][gc,ref         ] GC(4) Skipped phase 3 of Reference Processing: no references
[4.287s][debug][gc,phases      ] GC(4) Reference Processing 0.681ms
[4.288s][debug][gc,phases      ] GC(4) Weak Processing 0.430ms
[4.288s][debug][gc,phases      ] GC(4) ClassLoaderData 0.040ms
[4.288s][debug][gc,phases      ] GC(4) Trigger cleanups 0.000ms
[4.293s][debug][gc,phases      ] GC(4) Class Unloading 5.407ms
[4.293s][info ][gc,phases      ] GC(4) Marking Phase 110.882ms
[4.293s][info ][gc,phases,start] GC(4) Summary Phase
[4.293s][info ][gc,phases      ] GC(4) Summary Phase 0.025ms
[4.293s][info ][gc,phases,start] GC(4) Adjust Roots
[4.306s][info ][gc,phases      ] GC(4) Adjust Roots 12.283ms
[4.306s][info ][gc,phases,start] GC(4) Compaction Phase
[4.550s][info ][gc,phases      ] GC(4) Compaction Phase 244.187ms
[4.550s][info ][gc,phases,start] GC(4) Post Compact
[4.554s][info ][gc,phases      ] GC(4) Post Compact 4.274ms
[4.554s][info ][gc,heap        ] GC(4) PSYoungGen: 1101817K(1572864K)->147814K(1572864K) Eden: 1048576K(1048576K)->147814K(1048576K) From: 53241K(524288K)->0K(524288K)
[4.554s][info ][gc,heap        ] GC(4) ParOldGen: 6113K(6144K)->6140K(18944K)
[4.554s][info ][gc,metaspace   ] GC(4) Metaspace: 49042K(49472K)->49042K(49472K) NonClass: 41947K(42176K)->41947K(42176K) Class: 7095K(7296K)->7095K(7296K)
[4.554s][info ][gc             ] GC(4) Pause Full (Ergonomics) 1081M->150M(1554M) 371.924ms
[4.554s][info ][gc,cpu         ] GC(4) User=1.29s Sys=0.01s Real=0.37s
[4.568s][info ][safepoint      ] Safepoint "ParallelGCFailedAllocation", Time since last: 137111036 ns, Reaching safepoint: 302305 ns, At safepoint: 385738289 ns, Total: 386040594 ns
[4.753s][info ][gc,start       ] GC(5) Pause Young (Allocation Failure)
[4.849s][debug][gc,phases      ] GC(5) Scavenge 95.949ms
[4.849s][debug][gc,ref         ] GC(5) Skipped phase 1 of Reference Processing: no references
[4.849s][debug][gc,ref         ] GC(5) Skipped phase 3 of Reference Processing: no references
[4.849s][debug][gc,phases      ] GC(5) Reference Processing 0.303ms
[4.851s][debug][gc,phases      ] GC(5) Weak Processing 1.297ms
[4.851s][debug][gc,age         ] GC(5) Desired survivor size 536870912 bytes, new threshold 7 (max threshold 15)
[4.851s][info ][gc,heap        ] GC(5) PSYoungGen: 1048576K(1572864K)->153734K(1572864K) Eden: 1048576K(1048576K)->0K(1048576K) From: 0K(524288K)->153734K(524288K)
[4.851s][info ][gc,heap        ] GC(5) ParOldGen: 6140K(18944K)->6156K(18944K)
[4.851s][info ][gc,metaspace   ] GC(5) Metaspace: 51047K(51520K)->51047K(51520K) NonClass: 43532K(43776K)->43532K(43776K) Class: 7514K(7744K)->7514K(7744K)
[4.851s][info ][gc             ] GC(5) Pause Young (Allocation Failure) 1029M->156M(1554M) 97.694ms
[4.851s][info ][gc,cpu         ] GC(5) User=0.31s Sys=0.09s Real=0.10s
[4.851s][info ][safepoint      ] Safepoint "ParallelGCFailedAllocation", Time since last: 180553544 ns, Reaching safepoint: 4317871 ns, At safepoint: 97806394 ns, Total: 102124265 ns
[5.176s][info ][gc,start       ] GC(6) Pause Young (Allocation Failure)
[5.270s][debug][gc,phases      ] GC(6) Scavenge 93.859ms
[5.270s][debug][gc,ref         ] GC(6) Skipped phase 1 of Reference Processing: no references
[5.270s][debug][gc,ref         ] GC(6) Skipped phase 3 of Reference Processing: no references
[5.270s][debug][gc,phases      ] GC(6) Reference Processing 0.283ms
[5.271s][debug][gc,phases      ] GC(6) Weak Processing 1.302ms
[5.271s][debug][gc,age         ] GC(6) Desired survivor size 536870912 bytes, new threshold 7 (max threshold 15)
[5.271s][info ][gc,heap        ] GC(6) PSYoungGen: 1202310K(1572864K)->156818K(1572864K) Eden: 1048576K(1048576K)->0K(1048576K) From: 153734K(524288K)->156818K(524288K)
[5.271s][info ][gc,heap        ] GC(6) ParOldGen: 6156K(18944K)->6164K(18944K)
[5.271s][info ][gc,metaspace   ] GC(6) Metaspace: 51852K(52288K)->51852K(52288K) NonClass: 44218K(44416K)->44218K(44416K) Class: 7634K(7872K)->7634K(7872K)
[5.271s][info ][gc             ] GC(6) Pause Young (Allocation Failure) 1180M->159M(1554M) 95.581ms
[5.271s][info ][gc,cpu         ] GC(6) User=0.32s Sys=0.05s Real=0.10s
[5.271s][info ][safepoint      ] Safepoint "ParallelGCFailedAllocation", Time since last: 314988536 ns, Reaching safepoint: 9987463 ns, At safepoint: 95726861 ns, Total: 105714324 ns
[5.749s][info ][safepoint      ] Safepoint "ICBufferFull", Time since last: 477342784 ns, Reaching safepoint: 261404 ns, At safepoint: 24900 ns, Total: 286304 ns
[5.886s][info ][gc,start       ] GC(7) Pause Young (Allocation Failure)
[5.964s][debug][gc,phases      ] GC(7) Scavenge 78.282ms
[5.964s][debug][gc,ref         ] GC(7) Skipped phase 1 of Reference Processing: no references
[5.965s][debug][gc,ref         ] GC(7) Skipped phase 3 of Reference Processing: no references
[5.965s][debug][gc,phases      ] GC(7) Reference Processing 0.292ms
[5.966s][debug][gc,phases      ] GC(7) Weak Processing 1.350ms
[5.966s][debug][gc,age         ] GC(7) Desired survivor size 256901120 bytes, new threshold 8 (max threshold 15)
[5.966s][info ][gc,heap        ] GC(7) PSYoungGen: 1205394K(1572864K)->176226K(1846272K) Eden: 1048576K(1048576K)->0K(1321984K) From: 156818K(524288K)->176226K(524288K)
[5.966s][info ][gc,heap        ] GC(7) ParOldGen: 6164K(18944K)->6172K(18944K)
[5.966s][info ][gc,metaspace   ] GC(7) Metaspace: 52694K(53184K)->52694K(53184K) NonClass: 44977K(45248K)->44977K(45248K) Class: 7717K(7936K)->7717K(7936K)
[5.966s][info ][gc             ] GC(7) Pause Young (Allocation Failure) 1183M->178M(1821M) 80.038ms
[5.966s][info ][gc,cpu         ] GC(7) User=0.29s Sys=0.02s Real=0.08s
[5.966s][info ][safepoint      ] Safepoint "ParallelGCFailedAllocation", Time since last: 136644328 ns, Reaching safepoint: 155803 ns, At safepoint: 80150207 ns, Total: 80306010 ns
[6.668s][info ][gc,start       ] GC(8) Pause Young (Allocation Failure)
[6.820s][debug][gc,phases      ] GC(8) Scavenge 151.603ms
[6.820s][debug][gc,ref         ] GC(8) Skipped phase 1 of Reference Processing: no references
[6.820s][debug][gc,ref         ] GC(8) Skipped phase 3 of Reference Processing: no references
[6.820s][debug][gc,phases      ] GC(8) Reference Processing 0.348ms
[6.822s][debug][gc,phases      ] GC(8) Weak Processing 1.789ms
[6.822s][debug][gc,age         ] GC(8) Desired survivor size 277872640 bytes, new threshold 9 (max threshold 15)
[6.822s][info ][gc,heap        ] GC(8) PSYoungGen: 1498210K(1846272K)->185923K(1572864K) Eden: 1321984K(1321984K)->0K(1321984K) From: 176226K(524288K)->185923K(250880K)
[6.822s][info ][gc,heap        ] GC(8) ParOldGen: 6172K(18944K)->6180K(18944K)
[6.822s][info ][gc,metaspace   ] GC(8) Metaspace: 52899K(53312K)->52899K(53312K) NonClass: 45152K(45376K)->45152K(45376K) Class: 7747K(7936K)->7747K(7936K)
[6.822s][info ][gc             ] GC(8) Pause Young (Allocation Failure) 1469M->187M(1554M) 153.891ms
[6.822s][info ][gc,cpu         ] GC(8) User=0.30s Sys=0.10s Real=0.15s
[6.822s][info ][safepoint      ] Safepoint "ParallelGCFailedAllocation", Time since last: 686909600 ns, Reaching safepoint: 15117747 ns, At safepoint: 154009711 ns, Total: 169127458 ns
[7.288s][info ][gc,start       ] GC(9) Pause Young (Allocation Failure)
[7.423s][debug][gc,phases      ] GC(9) Scavenge 134.227ms
[7.423s][debug][gc,ref         ] GC(9) Skipped phase 1 of Reference Processing: no references
[7.423s][debug][gc,ref         ] GC(9) Skipped phase 3 of Reference Processing: no references
[7.423s][debug][gc,phases      ] GC(9) Reference Processing 0.442ms
[7.425s][debug][gc,phases      ] GC(9) Weak Processing 1.994ms
[7.425s][debug][gc,age         ] GC(9) Desired survivor size 290455552 bytes, new threshold 10 (max threshold 15)
[7.425s][info ][gc,heap        ] GC(9) PSYoungGen: 1507907K(1572864K)->187310K(1801216K) Eden: 1321984K(1321984K)->0K(1529856K) From: 185923K(250880K)->187310K(271360K)
[7.425s][info ][gc,heap        ] GC(9) ParOldGen: 6180K(18944K)->6188K(18944K)
[7.425s][info ][gc,metaspace   ] GC(9) Metaspace: 53603K(54144K)->53603K(54144K) NonClass: 45766K(46080K)->45766K(46080K) Class: 7836K(8064K)->7836K(8064K)
[7.425s][info ][gc             ] GC(9) Pause Young (Allocation Failure) 1478M->188M(1777M) 136.833ms
[7.425s][info ][gc,cpu         ] GC(9) User=0.38s Sys=0.03s Real=0.14s
[7.425s][info ][safepoint      ] Safepoint "ParallelGCFailedAllocation", Time since last: 457790565 ns, Reaching safepoint: 8331336 ns, At safepoint: 136957733 ns, Total: 145289069 ns
[7.992s][info ][safepoint      ] Safepoint "ICBufferFull", Time since last: 560668942 ns, Reaching safepoint: 6482706 ns, At safepoint: 27901 ns, Total: 6510607 ns
[8.062s][info ][gc,start       ] GC(10) Pause Young (Allocation Failure)
[8.164s][debug][gc,phases      ] GC(10) Scavenge 102.477ms
[8.164s][debug][gc,ref         ] GC(10) Skipped phase 1 of Reference Processing: no references
[8.165s][debug][gc,ref         ] GC(10) Skipped phase 3 of Reference Processing: no references
[8.165s][debug][gc,phases      ] GC(10) Reference Processing 0.663ms
[8.167s][debug][gc,phases      ] GC(10) Weak Processing 2.028ms
[8.167s][debug][gc,age         ] GC(10) Desired survivor size 293601280 bytes, new threshold 11 (max threshold 15)
[8.167s][info ][gc,heap        ] GC(10) PSYoungGen: 1717166K(1801216K)->180350K(1710592K) Eden: 1529856K(1529856K)->0K(1529856K) From: 187310K(271360K)->180350K(180736K)
[8.167s][info ][gc,heap        ] GC(10) ParOldGen: 6188K(18944K)->6196K(18944K)
[8.167s][info ][gc,metaspace   ] GC(10) Metaspace: 54549K(55104K)->54549K(55104K) NonClass: 46596K(46912K)->46596K(46912K) Class: 7953K(8192K)->7953K(8192K)
[8.167s][info ][gc             ] GC(10) Pause Young (Allocation Failure) 1682M->182M(1689M) 105.333ms
[8.167s][info ][gc,cpu         ] GC(10) User=0.33s Sys=0.01s Real=0.11s
[8.167s][info ][safepoint      ] Safepoint "ParallelGCFailedAllocation", Time since last: 67010592 ns, Reaching safepoint: 2297638 ns, At safepoint: 105455219 ns, Total: 107752857 ns
[8.388s][info ][safepoint      ] Safepoint "ICBufferFull", Time since last: 206663470 ns, Reaching safepoint: 14305434 ns, At safepoint: 32100 ns, Total: 14337534 ns
[8.778s][info ][gc,start       ] GC(11) Pause Young (Allocation Failure)
[8.905s][debug][gc,phases      ] GC(11) Scavenge 126.669ms
[8.905s][debug][gc,ref         ] GC(11) Skipped phase 1 of Reference Processing: no references
[8.906s][debug][gc,ref         ] GC(11) Skipped phase 3 of Reference Processing: no references
[8.906s][debug][gc,phases      ] GC(11) Reference Processing 0.543ms
[8.907s][debug][gc,phases      ] GC(11) Weak Processing 1.665ms
[8.907s][debug][gc,age         ] GC(11) Desired survivor size 295698432 bytes, new threshold 12 (max threshold 15)
[8.907s][info ][gc,heap        ] GC(11) PSYoungGen: 1710206K(1710592K)->182194K(1806336K) Eden: 1529856K(1529856K)->0K(1519616K) From: 180350K(180736K)->182194K(286720K)
[8.907s][info ][gc,heap        ] GC(11) ParOldGen: 6196K(18944K)->6204K(18944K)
[8.907s][info ][gc,metaspace   ] GC(11) Metaspace: 54879K(55360K)->54879K(55360K) NonClass: 46893K(47168K)->46893K(47168K) Class: 7986K(8192K)->7986K(8192K)
[8.907s][info ][gc             ] GC(11) Pause Young (Allocation Failure) 1676M->183M(1782M) 129.032ms
[8.907s][info ][gc,cpu         ] GC(11) User=0.34s Sys=0.00s Real=0.13s
[8.908s][info ][safepoint      ] Safepoint "ParallelGCFailedAllocation", Time since last: 387983927 ns, Reaching safepoint: 2256337 ns, At safepoint: 129139405 ns, Total: 131395742 ns
[9.381s][info ][safepoint      ] Safepoint "ICBufferFull", Time since last: 465294388 ns, Reaching safepoint: 7838428 ns, At safepoint: 40800 ns, Total: 7879228 ns
[9.570s][info ][gc,start       ] GC(12) Pause Young (Allocation Failure)
[9.704s][debug][gc,phases      ] GC(12) Scavenge 134.800ms
[9.704s][debug][gc,ref         ] GC(12) Skipped phase 1 of Reference Processing: no references
[9.705s][debug][gc,ref         ] GC(12) Skipped phase 3 of Reference Processing: no references
[9.705s][debug][gc,phases      ] GC(12) Reference Processing 0.557ms
[9.708s][debug][gc,phases      ] GC(12) Weak Processing 3.341ms
[9.708s][debug][gc,age         ] GC(12) Desired survivor size 297271296 bytes, new threshold 13 (max threshold 15)
[9.708s][info ][gc,heap        ] GC(12) PSYoungGen: 1701810K(1806336K)->185858K(1705984K) Eden: 1519616K(1519616K)->0K(1519616K) From: 182194K(286720K)->185858K(186368K)
[9.708s][info ][gc,heap        ] GC(12) ParOldGen: 6204K(18944K)->6204K(18944K)
[9.709s][info ][gc,metaspace   ] GC(12) Metaspace: 54894K(55360K)->54894K(55360K) NonClass: 46907K(47168K)->46907K(47168K) Class: 7987K(8192K)->7987K(8192K)
[9.709s][info ][gc             ] GC(12) Pause Young (Allocation Failure) 1667M->187M(1684M) 139.048ms
[9.709s][info ][gc,cpu         ] GC(12) User=0.34s Sys=0.00s Real=0.14s
[9.709s][info ][safepoint      ] Safepoint "ParallelGCFailedAllocation", Time since last: 184929916 ns, Reaching safepoint: 3906064 ns, At safepoint: 139154769 ns, Total: 143060833 ns
[10.220s][info ][gc,start       ] GC(13) Pause Young (Allocation Failure)
[10.344s][debug][gc,phases      ] GC(13) Scavenge 124.110ms
[10.344s][debug][gc,ref         ] GC(13) Skipped phase 1 of Reference Processing: no references
[10.345s][debug][gc,ref         ] GC(13) Skipped phase 3 of Reference Processing: no references
[10.345s][debug][gc,phases      ] GC(13) Reference Processing 0.497ms
[10.347s][debug][gc,phases      ] GC(13) Weak Processing 1.807ms
[10.347s][debug][gc,age         ] GC(13) Desired survivor size 298844160 bytes, new threshold 14 (max threshold 15)
[10.347s][info ][gc,heap        ] GC(13) PSYoungGen: 1705474K(1705984K)->189010K(1803776K) Eden: 1519616K(1519616K)->0K(1513472K) From: 185858K(186368K)->189010K(290304K)
[10.347s][info ][gc,heap        ] GC(13) ParOldGen: 6204K(18944K)->6212K(18944K)
[10.347s][info ][gc,metaspace   ] GC(13) Metaspace: 54912K(55360K)->54912K(55360K) NonClass: 46923K(47168K)->46923K(47168K) Class: 7989K(8192K)->7989K(8192K)
[10.347s][info ][gc             ] GC(13) Pause Young (Allocation Failure) 1671M->190M(1780M) 126.554ms
[10.347s][info ][gc,cpu         ] GC(13) User=0.35s Sys=0.00s Real=0.13s
[10.347s][info ][safepoint      ] Safepoint "ParallelGCFailedAllocation", Time since last: 510986433 ns, Reaching safepoint: 320505 ns, At safepoint: 126662965 ns, Total: 126983470 ns
[11.002s][info ][gc,start       ] GC(14) Pause Young (Allocation Failure)
[11.116s][debug][gc,phases      ] GC(14) Scavenge 114.697ms
[11.116s][debug][gc,ref         ] GC(14) Skipped phase 1 of Reference Processing: no references
[11.117s][debug][gc,ref         ] GC(14) Skipped phase 3 of Reference Processing: no references
[11.117s][debug][gc,phases      ] GC(14) Reference Processing 0.655ms
[11.120s][debug][gc,phases      ] GC(14) Weak Processing 2.730ms
[11.120s][debug][gc,age         ] GC(14) Desired survivor size 299368448 bytes, new threshold 15 (max threshold 15)
[11.120s][info ][gc,heap        ] GC(14) PSYoungGen: 1702482K(1803776K)->190642K(1704448K) Eden: 1513472K(1513472K)->0K(1513472K) From: 189010K(290304K)->190642K(190976K)
[11.120s][info ][gc,heap        ] GC(14) ParOldGen: 6212K(18944K)->6220K(18944K)
[11.120s][info ][gc,metaspace   ] GC(14) Metaspace: 56647K(57216K)->56647K(57216K) NonClass: 48387K(48704K)->48387K(48704K) Class: 8259K(8512K)->8259K(8512K)
[11.120s][info ][gc             ] GC(14) Pause Young (Allocation Failure) 1668M->192M(1683M) 118.241ms
[11.120s][info ][gc,cpu         ] GC(14) User=0.35s Sys=0.00s Real=0.12s
[11.130s][info ][safepoint      ] Safepoint "ParallelGCFailedAllocation", Time since last: 654607375 ns, Reaching safepoint: 270205 ns, At safepoint: 128732399 ns, Total: 129002604 ns
[11.759s][info ][gc,start       ] GC(15) Pause Young (Allocation Failure)
[11.884s][debug][gc,phases      ] GC(15) Scavenge 125.474ms
[11.884s][debug][gc,ref         ] GC(15) Skipped phase 1 of Reference Processing: no references
[11.885s][debug][gc,ref         ] GC(15) Skipped phase 3 of Reference Processing: no references
[11.885s][debug][gc,phases      ] GC(15) Reference Processing 0.385ms
[11.887s][debug][gc,phases      ] GC(15) Weak Processing 1.845ms
[11.887s][debug][gc,age         ] GC(15) Desired survivor size 300941312 bytes, new threshold 15 (max threshold 15)
[11.887s][info ][gc,heap        ] GC(15) PSYoungGen: 1704114K(1704448K)->196159K(1801728K) Eden: 1513472K(1513472K)->0K(1509376K) From: 190642K(190976K)->196159K(292352K)
[11.887s][info ][gc,heap        ] GC(15) ParOldGen: 6220K(18944K)->6220K(18944K)
[11.887s][info ][gc,metaspace   ] GC(15) Metaspace: 60284K(60864K)->60284K(60864K) NonClass: 51582K(51904K)->51582K(51904K) Class: 8702K(8960K)->8702K(8960K)
[11.887s][info ][gc             ] GC(15) Pause Young (Allocation Failure) 1670M->197M(1778M) 127.854ms
[11.887s][info ][gc,cpu         ] GC(15) User=0.47s Sys=0.00s Real=0.13s
[11.887s][info ][safepoint      ] Safepoint "ParallelGCFailedAllocation", Time since last: 617400268 ns, Reaching safepoint: 11079481 ns, At safepoint: 127973287 ns, Total: 139052768 ns
[12.458s][info ][gc,start       ] GC(16) Pause Young (Allocation Failure)
[12.592s][debug][gc,phases      ] GC(16) Scavenge 133.807ms
[12.592s][debug][gc,ref         ] GC(16) Skipped phase 1 of Reference Processing: no references
[12.593s][debug][gc,ref         ] GC(16) Skipped phase 3 of Reference Processing: no references
[12.593s][debug][gc,phases      ] GC(16) Reference Processing 0.671ms
[12.595s][debug][gc,phases      ] GC(16) Weak Processing 2.418ms
[12.595s][debug][gc,age         ] GC(16) Desired survivor size 319815680 bytes, new threshold 15 (max threshold 15)
[12.595s][info ][gc,heap        ] GC(16) PSYoungGen: 1705535K(1801728K)->244003K(1753600K) Eden: 1509376K(1509376K)->0K(1509376K) From: 196159K(292352K)->244003K(244224K)
[12.595s][info ][gc,heap        ] GC(16) ParOldGen: 6220K(18944K)->6228K(18944K)
[12.595s][info ][gc,metaspace   ] GC(16) Metaspace: 60796K(61312K)->60796K(61312K) NonClass: 52023K(52288K)->52023K(52288K) Class: 8772K(9024K)->8772K(9024K)
[12.595s][info ][gc             ] GC(16) Pause Young (Allocation Failure) 1671M->244M(1731M) 137.084ms
[12.595s][info ][gc,cpu         ] GC(16) User=0.53s Sys=0.00s Real=0.13s
[12.595s][info ][safepoint      ] Safepoint "ParallelGCFailedAllocation", Time since last: 571300217 ns, Reaching safepoint: 171002 ns, At safepoint: 137202138 ns, Total: 137373140 ns
[12.997s][info ][gc,start       ] GC(17) Pause Young (Allocation Failure)
[13.144s][debug][gc,phases      ] GC(17) Scavenge 146.460ms
[13.144s][debug][gc,ref         ] GC(17) Skipped phase 1 of Reference Processing: no references
[13.144s][debug][gc,ref         ] GC(17) Skipped phase 3 of Reference Processing: no references
[13.144s][debug][gc,phases      ] GC(17) Reference Processing 0.417ms
[13.146s][debug][gc,phases      ] GC(17) Weak Processing 2.502ms
[13.147s][debug][gc,age         ] GC(17) Desired survivor size 338165760 bytes, new threshold 15 (max threshold 15)
[13.147s][info ][gc,heap        ] GC(17) PSYoungGen: 1753379K(1753600K)->255155K(1748992K) Eden: 1509376K(1509376K)->0K(1436672K) From: 244003K(244224K)->255155K(312320K)
[13.147s][info ][gc,heap        ] GC(17) ParOldGen: 6228K(18944K)->6228K(18944K)
[13.147s][info ][gc,metaspace   ] GC(17) Metaspace: 61357K(61888K)->61357K(61888K) NonClass: 52520K(52800K)->52520K(52800K) Class: 8837K(9088K)->8837K(9088K)
[13.147s][info ][gc             ] GC(17) Pause Young (Allocation Failure) 1718M->255M(1726M) 149.561ms
[13.147s][info ][gc,cpu         ] GC(17) User=0.48s Sys=0.08s Real=0.15s
[13.147s][info ][safepoint      ] Safepoint "ParallelGCFailedAllocation", Time since last: 392856607 ns, Reaching safepoint: 8714142 ns, At safepoint: 149695641 ns, Total: 158409783 ns
[13.401s][info ][safepoint      ] Safepoint "ICBufferFull", Time since last: 252117011 ns, Reaching safepoint: 2237837 ns, At safepoint: 21000 ns, Total: 2258837 ns
[13.411s][info ][safepoint      ] Safepoint "ICBufferFull", Time since last: 1868731 ns, Reaching safepoint: 7648225 ns, At safepoint: 31800 ns, Total: 7680025 ns
[13.441s][info ][safepoint      ] Safepoint "ICBufferFull", Time since last: 20411733 ns, Reaching safepoint: 9521755 ns, At safepoint: 24901 ns, Total: 9546656 ns
[13.443s][info ][safepoint      ] Safepoint "ICBufferFull", Time since last: 1280420 ns, Reaching safepoint: 1501825 ns, At safepoint: 24800 ns, Total: 1526625 ns
[13.446s][info ][safepoint      ] Safepoint "ICBufferFull", Time since last: 2930748 ns, Reaching safepoint: 124002 ns, At safepoint: 18201 ns, Total: 142203 ns
[13.456s][info ][safepoint      ] Safepoint "ICBufferFull", Time since last: 5084182 ns, Reaching safepoint: 4576875 ns, At safepoint: 73901 ns, Total: 4650776 ns
[13.459s][info ][safepoint      ] Safepoint "ICBufferFull", Time since last: 2046734 ns, Reaching safepoint: 829913 ns, At safepoint: 19200 ns, Total: 849113 ns
[13.463s][info ][safepoint      ] Safepoint "ICBufferFull", Time since last: 2171536 ns, Reaching safepoint: 2200836 ns, At safepoint: 21900 ns, Total: 2222736 ns
[13.468s][info ][safepoint      ] Safepoint "ICBufferFull", Time since last: 1381723 ns, Reaching safepoint: 3232752 ns, At safepoint: 94602 ns, Total: 3327354 ns
[13.474s][info ][safepoint      ] Safepoint "ICBufferFull", Time since last: 1357022 ns, Reaching safepoint: 4084567 ns, At safepoint: 30300 ns, Total: 4114867 ns
[13.519s][info ][safepoint      ] Safepoint "ICBufferFull", Time since last: 38516828 ns, Reaching safepoint: 6613808 ns, At safepoint: 66401 ns, Total: 6680209 ns
[13.556s][info ][safepoint      ] Safepoint "ICBufferFull", Time since last: 34945570 ns, Reaching safepoint: 2505341 ns, At safepoint: 65601 ns, Total: 2570942 ns
[13.569s][info ][safepoint      ] Safepoint "ICBufferFull", Time since last: 11890394 ns, Reaching safepoint: 852514 ns, At safepoint: 21800 ns, Total: 874314 ns
[13.576s][info ][safepoint      ] Safepoint "ICBufferFull", Time since last: 4719777 ns, Reaching safepoint: 1789129 ns, At safepoint: 27001 ns, Total: 1816130 ns
[13.598s][info ][safepoint      ] Safepoint "ICBufferFull", Time since last: 22179462 ns, Reaching safepoint: 155702 ns, At safepoint: 28901 ns, Total: 184603 ns
[13.603s][info ][safepoint      ] Safepoint "ICBufferFull", Time since last: 2683743 ns, Reaching safepoint: 2215336 ns, At safepoint: 23701 ns, Total: 2239037 ns
[13.709s][info ][safepoint      ] Safepoint "ICBufferFull", Time since last: 102530672 ns, Reaching safepoint: 3308854 ns, At safepoint: 46401 ns, Total: 3355255 ns
[13.711s][info ][safepoint      ] Safepoint "ICBufferFull", Time since last: 1651427 ns, Reaching safepoint: 220803 ns, At safepoint: 13900 ns, Total: 234703 ns
[13.722s][info ][safepoint      ] Safepoint "ICBufferFull", Time since last: 5947497 ns, Reaching safepoint: 5303487 ns, At safepoint: 32300 ns, Total: 5335787 ns
[13.725s][info ][safepoint      ] Safepoint "ICBufferFull", Time since last: 3099651 ns, Reaching safepoint: 121802 ns, At safepoint: 26300 ns, Total: 148102 ns
[13.733s][info ][safepoint      ] Safepoint "ICBufferFull", Time since last: 7820828 ns, Reaching safepoint: 127502 ns, At safepoint: 22700 ns, Total: 150202 ns
[13.736s][info ][safepoint      ] Safepoint "ICBufferFull", Time since last: 3004249 ns, Reaching safepoint: 112902 ns, At safepoint: 19301 ns, Total: 132203 ns
[13.737s][info ][safepoint      ] Safepoint "ICBufferFull", Time since last: 829613 ns, Reaching safepoint: 104502 ns, At safepoint: 18300 ns, Total: 122802 ns
[13.741s][info ][safepoint      ] Safepoint "ICBufferFull", Time since last: 749812 ns, Reaching safepoint: 3194352 ns, At safepoint: 27701 ns, Total: 3222053 ns
[13.745s][info ][safepoint      ] Safepoint "ICBufferFull", Time since last: 1645827 ns, Reaching safepoint: 2155035 ns, At safepoint: 19400 ns, Total: 2174435 ns
[13.747s][info ][safepoint      ] Safepoint "ICBufferFull", Time since last: 1964532 ns, Reaching safepoint: 251104 ns, At safepoint: 27001 ns, Total: 278105 ns
[13.757s][info ][safepoint      ] Safepoint "ICBufferFull", Time since last: 5517190 ns, Reaching safepoint: 4299770 ns, At safepoint: 24100 ns, Total: 4323870 ns
[13.760s][info ][safepoint      ] Safepoint "ICBufferFull", Time since last: 937916 ns, Reaching safepoint: 2124534 ns, At safepoint: 23101 ns, Total: 2147635 ns
[13.761s][info ][safepoint      ] Safepoint "ICBufferFull", Time since last: 1078617 ns, Reaching safepoint: 110902 ns, At safepoint: 21200 ns, Total: 132102 ns
[13.773s][info ][safepoint      ] Safepoint "ICBufferFull", Time since last: 11413186 ns, Reaching safepoint: 115602 ns, At safepoint: 23101 ns, Total: 138703 ns
[13.774s][info ][safepoint      ] Safepoint "ICBufferFull", Time since last: 830913 ns, Reaching safepoint: 104002 ns, At safepoint: 27000 ns, Total: 131002 ns
[13.777s][info ][gc,start       ] GC(18) Pause Young (Allocation Failure)
[13.875s][debug][gc,phases      ] GC(18) Scavenge 97.912ms
[13.875s][debug][gc,ref         ] GC(18) Skipped phase 1 of Reference Processing: no references
[13.875s][debug][gc,ref         ] GC(18) Skipped phase 3 of Reference Processing: no references
[13.875s][debug][gc,phases      ] GC(18) Reference Processing 0.408ms
[13.877s][debug][gc,phases      ] GC(18) Weak Processing 1.801ms
[13.877s][debug][gc,age         ] GC(18) Desired survivor size 352321536 bytes, new threshold 15 (max threshold 15)
[13.877s][info ][gc,heap        ] GC(18) PSYoungGen: 1691827K(1748992K)->254835K(1691648K) Eden: 1436672K(1436672K)->0K(1436672K) From: 255155K(312320K)->254835K(254976K)
[13.877s][info ][gc,heap        ] GC(18) ParOldGen: 6228K(18944K)->8138K(18944K)
[13.877s][info ][gc,metaspace   ] GC(18) Metaspace: 61818K(62400K)->61818K(62400K) NonClass: 52899K(53248K)->52899K(53248K) Class: 8918K(9152K)->8918K(9152K)
[13.877s][info ][gc             ] GC(18) Pause Young (Allocation Failure) 1658M->256M(1670M) 100.268ms
[13.877s][info ][gc,cpu         ] GC(18) User=0.39s Sys=0.01s Real=0.10s
[13.877s][info ][safepoint      ] Safepoint "ParallelGCFailedAllocation", Time since last: 809714 ns, Reaching safepoint: 2121434 ns, At safepoint: 100381437 ns, Total: 102502871 ns
[13.896s][info ][safepoint      ] Safepoint "ICBufferFull", Time since last: 18859908 ns, Reaching safepoint: 212803 ns, At safepoint: 18901 ns, Total: 231704 ns
[13.897s][info ][safepoint      ] Safepoint "ICBufferFull", Time since last: 985416 ns, Reaching safepoint: 103801 ns, At safepoint: 20801 ns, Total: 124602 ns
[13.899s][info ][safepoint      ] Safepoint "ICBufferFull", Time since last: 1037217 ns, Reaching safepoint: 102801 ns, At safepoint: 27101 ns, Total: 129902 ns
[13.900s][info ][safepoint      ] Safepoint "ICBufferFull", Time since last: 1148918 ns, Reaching safepoint: 104102 ns, At safepoint: 24501 ns, Total: 128603 ns
[13.901s][info ][safepoint      ] Safepoint "ICBufferFull", Time since last: 1039316 ns, Reaching safepoint: 107702 ns, At safepoint: 30601 ns, Total: 138303 ns
[13.904s][info ][safepoint      ] Safepoint "ICBufferFull", Time since last: 2489640 ns, Reaching safepoint: 84402 ns, At safepoint: 22800 ns, Total: 107202 ns
[13.959s][info ][safepoint      ] Safepoint "ICBufferFull", Time since last: 54996197 ns, Reaching safepoint: 139002 ns, At safepoint: 24801 ns, Total: 163803 ns
[13.964s][info ][safepoint      ] Safepoint "ICBufferFull", Time since last: 5349587 ns, Reaching safepoint: 113302 ns, At safepoint: 25500 ns, Total: 138802 ns
[13.972s][info ][safepoint      ] Safepoint "ICBufferFull", Time since last: 7285919 ns, Reaching safepoint: 95102 ns, At safepoint: 25800 ns, Total: 120902 ns
[13.973s][info ][safepoint      ] Safepoint "ICBufferFull", Time since last: 1030217 ns, Reaching safepoint: 107101 ns, At safepoint: 22201 ns, Total: 129302 ns
[13.974s][info ][safepoint      ] Safepoint "ICBufferFull", Time since last: 815913 ns, Reaching safepoint: 98502 ns, At safepoint: 20600 ns, Total: 119102 ns
[13.976s][info ][safepoint      ] Safepoint "ICBufferFull", Time since last: 2094834 ns, Reaching safepoint: 260705 ns, At safepoint: 24100 ns, Total: 284805 ns
[13.978s][info ][safepoint      ] Safepoint "ICBufferFull", Time since last: 875414 ns, Reaching safepoint: 806113 ns, At safepoint: 26301 ns, Total: 832414 ns
[13.979s][info ][safepoint      ] Safepoint "ICBufferFull", Time since last: 890314 ns, Reaching safepoint: 173003 ns, At safepoint: 21100 ns, Total: 194103 ns
[13.985s][info ][safepoint      ] Safepoint "ICBufferFull", Time since last: 5771395 ns, Reaching safepoint: 126402 ns, At safepoint: 20600 ns, Total: 147002 ns
[13.996s][info ][safepoint      ] Safepoint "ICBufferFull", Time since last: 8257535 ns, Reaching safepoint: 3180752 ns, At safepoint: 28300 ns, Total: 3209052 ns
[14.003s][info ][safepoint      ] Safepoint "ICBufferFull", Time since last: 6291903 ns, Reaching safepoint: 103301 ns, At safepoint: 26901 ns, Total: 130202 ns
[14.005s][info ][safepoint      ] Safepoint "ICBufferFull", Time since last: 1976632 ns, Reaching safepoint: 105402 ns, At safepoint: 25100 ns, Total: 130502 ns
[14.045s][info ][safepoint      ] Safepoint "ICBufferFull", Time since last: 39498544 ns, Reaching safepoint: 138202 ns, At safepoint: 26201 ns, Total: 164403 ns
[14.047s][info ][safepoint      ] Safepoint "ICBufferFull", Time since last: 2241736 ns, Reaching safepoint: 120302 ns, At safepoint: 25001 ns, Total: 145303 ns
[14.048s][info ][safepoint      ] Safepoint "ICBufferFull", Time since last: 996916 ns, Reaching safepoint: 108502 ns, At safepoint: 23900 ns, Total: 132402 ns
[14.057s][info ][safepoint      ] Safepoint "ICBufferFull", Time since last: 3482957 ns, Reaching safepoint: 5304587 ns, At safepoint: 35600 ns, Total: 5340187 ns
[14.069s][info ][safepoint      ] Safepoint "ICBufferFull", Time since last: 12211199 ns, Reaching safepoint: 111702 ns, At safepoint: 27801 ns, Total: 139503 ns
[14.074s][info ][safepoint      ] Safepoint "ICBufferFull", Time since last: 4346070 ns, Reaching safepoint: 113502 ns, At safepoint: 29001 ns, Total: 142503 ns
[14.076s][info ][safepoint      ] Safepoint "ICBufferFull", Time since last: 1499824 ns, Reaching safepoint: 883215 ns, At safepoint: 24300 ns, Total: 907515 ns
[14.109s][info ][safepoint      ] Safepoint "ICBufferFull", Time since last: 29170676 ns, Reaching safepoint: 3195852 ns, At safepoint: 31300 ns, Total: 3227152 ns
[14.110s][info ][safepoint      ] Safepoint "ICBufferFull", Time since last: 1132219 ns, Reaching safepoint: 115202 ns, At safepoint: 26000 ns, Total: 141202 ns
[14.112s][info ][safepoint      ] Safepoint "ICBufferFull", Time since last: 2303838 ns, Reaching safepoint: 116502 ns, At safepoint: 22300 ns, Total: 138802 ns
[14.114s][info ][safepoint      ] Safepoint "ICBufferFull", Time since last: 1040517 ns, Reaching safepoint: 152602 ns, At safepoint: 24201 ns, Total: 176803 ns
[14.135s][info ][safepoint      ] Safepoint "ICBufferFull", Time since last: 19179413 ns, Reaching safepoint: 2178735 ns, At safepoint: 25001 ns, Total: 2203736 ns
[14.144s][info ][safepoint      ] Safepoint "ICBufferFull", Time since last: 8629040 ns, Reaching safepoint: 326206 ns, At safepoint: 25300 ns, Total: 351506 ns
[14.169s][info ][safepoint      ] Safepoint "ICBufferFull", Time since last: 24648102 ns, Reaching safepoint: 131202 ns, At safepoint: 31601 ns, Total: 162803 ns
[14.169s][info ][safepoint      ] Safepoint "ICBufferFull", Time since last: 68001 ns, Reaching safepoint: 48001 ns, At safepoint: 30300 ns, Total: 78301 ns
[14.169s][info ][safepoint      ] Safepoint "ICBufferFull", Time since last: 51001 ns, Reaching safepoint: 86701 ns, At safepoint: 41901 ns, Total: 128602 ns
[14.201s][info ][safepoint      ] Safepoint "ICBufferFull", Time since last: 32310527 ns, Reaching safepoint: 130902 ns, At safepoint: 19800 ns, Total: 150702 ns
[14.204s][info ][safepoint      ] Safepoint "ICBufferFull", Time since last: 2234137 ns, Reaching safepoint: 116802 ns, At safepoint: 26900 ns, Total: 143702 ns
[14.209s][info ][safepoint      ] Safepoint "ICBufferFull", Time since last: 3034650 ns, Reaching safepoint: 2158835 ns, At safepoint: 21700 ns, Total: 2180535 ns
[14.220s][info ][safepoint      ] Safepoint "ICBufferFull", Time since last: 11054281 ns, Reaching safepoint: 107701 ns, At safepoint: 24301 ns, Total: 132002 ns
[14.233s][info ][safepoint      ] Safepoint "ICBufferFull", Time since last: 7985830 ns, Reaching safepoint: 4291970 ns, At safepoint: 27200 ns, Total: 4319170 ns
[14.289s][info ][gc,start       ] GC(19) Pause Young (Allocation Failure)
[14.414s][debug][gc,phases      ] GC(19) Scavenge 124.626ms
[14.414s][debug][gc,ref         ] GC(19) Skipped phase 1 of Reference Processing: no references
[14.414s][debug][gc,ref         ] GC(19) Skipped phase 3 of Reference Processing: no references
[14.414s][debug][gc,phases      ] GC(19) Reference Processing 0.298ms
[14.415s][debug][gc,phases      ] GC(19) Weak Processing 1.313ms
[14.415s][debug][gc,age         ] GC(19) Desired survivor size 344457216 bytes, new threshold 15 (max threshold 15)
[14.416s][info ][gc,heap        ] GC(19) PSYoungGen: 1691507K(1691648K)->206433K(1760768K) Eden: 1436672K(1436672K)->0K(1416704K) From: 254835K(254976K)->206433K(344064K)
[14.416s][info ][gc,heap        ] GC(19) ParOldGen: 8138K(18944K)->59447K(59904K)
[14.416s][info ][gc,metaspace   ] GC(19) Metaspace: 61956K(62464K)->61956K(62464K) NonClass: 53037K(53312K)->53037K(53312K) Class: 8918K(9152K)->8918K(9152K)
[14.416s][info ][gc             ] GC(19) Pause Young (Allocation Failure) 1659M->259M(1778M) 126.404ms
[14.416s][info ][gc,cpu         ] GC(19) User=0.46s Sys=0.04s Real=0.12s
[14.416s][debug][gc,phases      ] GC(20) Pre Compact 0.015ms
[14.416s][info ][gc,start       ] GC(20) Pause Full (Ergonomics)
[14.416s][info ][gc,phases,start] GC(20) Marking Phase
[14.531s][debug][gc,phases      ] GC(20) Par Mark 115.205ms
[14.531s][debug][gc,ref         ] GC(20) Skipped phase 1 of Reference Processing: no references
[14.531s][debug][gc,ref         ] GC(20) Skipped phase 3 of Reference Processing: no references
[14.531s][debug][gc,phases      ] GC(20) Reference Processing 0.216ms
[14.532s][debug][gc,phases      ] GC(20) Weak Processing 0.511ms
[14.532s][debug][gc,phases      ] GC(20) ClassLoaderData 0.132ms
[14.532s][debug][gc,phases      ] GC(20) Trigger cleanups 0.008ms
[14.550s][debug][gc,phases      ] GC(20) Class Unloading 18.240ms
[14.550s][info ][gc,phases      ] GC(20) Marking Phase 134.335ms
[14.550s][info ][gc,phases,start] GC(20) Summary Phase
[14.550s][info ][gc,phases      ] GC(20) Summary Phase 0.014ms
[14.550s][info ][gc,phases,start] GC(20) Adjust Roots
[14.573s][info ][gc,phases      ] GC(20) Adjust Roots 23.178ms
[14.573s][info ][gc,phases,start] GC(20) Compaction Phase
[15.444s][info ][gc,phases      ] GC(20) Compaction Phase 870.330ms
[15.444s][info ][gc,phases,start] GC(20) Post Compact
[15.445s][info ][gc,phases      ] GC(20) Post Compact 1.259ms
[15.445s][info ][gc,heap        ] GC(20) PSYoungGen: 206433K(1760768K)->205330K(1760768K) Eden: 0K(1416704K)->0K(1416704K) From: 206433K(344064K)->205330K(344064K)
[15.445s][info ][gc,heap        ] GC(20) ParOldGen: 59447K(59904K)->59512K(97280K)
[15.445s][info ][gc,metaspace   ] GC(20) Metaspace: 61956K(62464K)->61954K(62464K) NonClass: 53037K(53312K)->53036K(53312K) Class: 8918K(9152K)->8917K(9152K)
[15.445s][info ][gc             ] GC(20) Pause Full (Ergonomics) 259M->258M(1814M) 1029.375ms
[15.445s][info ][gc,cpu         ] GC(20) User=2.86s Sys=0.03s Real=1.04s
[15.445s][info ][safepoint      ] Safepoint "ParallelGCFailedAllocation", Time since last: 56393420 ns, Reaching safepoint: 136302 ns, At safepoint: 1156062654 ns, Total: 1156198956 ns
[15.472s][info ][safepoint      ] Safepoint "ICBufferFull", Time since last: 26944940 ns, Reaching safepoint: 154902 ns, At safepoint: 19500 ns, Total: 174402 ns
[15.472s][info ][safepoint      ] Safepoint "ICBufferFull", Time since last: 65401 ns, Reaching safepoint: 85102 ns, At safepoint: 21200 ns, Total: 106302 ns
[15.477s][info ][safepoint      ] Safepoint "ICBufferFull", Time since last: 2414340 ns, Reaching safepoint: 2233036 ns, At safepoint: 34401 ns, Total: 2267437 ns
[15.480s][info ][safepoint      ] Safepoint "ICBufferFull", Time since last: 3133251 ns, Reaching safepoint: 130802 ns, At safepoint: 26700 ns, Total: 157502 ns
[15.482s][info ][safepoint      ] Safepoint "ICBufferFull", Time since last: 1418423 ns, Reaching safepoint: 109602 ns, At safepoint: 26001 ns, Total: 135603 ns
[15.495s][info ][safepoint      ] Safepoint "ICBufferFull", Time since last: 13229615 ns, Reaching safepoint: 134203 ns, At safepoint: 25200 ns, Total: 159403 ns
[15.517s][info ][safepoint      ] Safepoint "ICBufferFull", Time since last: 21094444 ns, Reaching safepoint: 150402 ns, At safepoint: 22101 ns, Total: 172503 ns
[15.518s][info ][safepoint      ] Safepoint "ICBufferFull", Time since last: 868114 ns, Reaching safepoint: 105502 ns, At safepoint: 22100 ns, Total: 127602 ns
[15.520s][info ][safepoint      ] Safepoint "ICBufferFull", Time since last: 1884831 ns, Reaching safepoint: 107602 ns, At safepoint: 21600 ns, Total: 129202 ns
[15.522s][info ][safepoint      ] Safepoint "ICBufferFull", Time since last: 2352138 ns, Reaching safepoint: 103902 ns, At safepoint: 23900 ns, Total: 127802 ns
[15.529s][info ][safepoint      ] Safepoint "ICBufferFull", Time since last: 2601943 ns, Reaching safepoint: 4304970 ns, At safepoint: 36301 ns, Total: 4341271 ns
[15.533s][info ][safepoint      ] Safepoint "ICBufferFull", Time since last: 3447556 ns, Reaching safepoint: 93601 ns, At safepoint: 25801 ns, Total: 119402 ns
[15.555s][info ][safepoint      ] Safepoint "ICBufferFull", Time since last: 21949258 ns, Reaching safepoint: 119302 ns, At safepoint: 27600 ns, Total: 146902 ns
[15.557s][info ][safepoint      ] Safepoint "ICBufferFull", Time since last: 1910331 ns, Reaching safepoint: 175303 ns, At safepoint: 23600 ns, Total: 198903 ns
[15.560s][info ][safepoint      ] Safepoint "ICBufferFull", Time since last: 2555442 ns, Reaching safepoint: 111402 ns, At safepoint: 23700 ns, Total: 135102 ns
[15.567s][info ][safepoint      ] Safepoint "ICBufferFull", Time since last: 7210318 ns, Reaching safepoint: 99402 ns, At safepoint: 26600 ns, Total: 126002 ns
[15.569s][info ][safepoint      ] Safepoint "ICBufferFull", Time since last: 2037833 ns, Reaching safepoint: 103302 ns, At safepoint: 23600 ns, Total: 126902 ns
[15.584s][info ][safepoint      ] Safepoint "ICBufferFull", Time since last: 13070013 ns, Reaching safepoint: 2129135 ns, At safepoint: 24801 ns, Total: 2153936 ns
[15.587s][info ][safepoint      ] Safepoint "ICBufferFull", Time since last: 2899647 ns, Reaching safepoint: 110002 ns, At safepoint: 25100 ns, Total: 135102 ns
[15.593s][info ][safepoint      ] Safepoint "ICBufferFull", Time since last: 2217736 ns, Reaching safepoint: 3227953 ns, At safepoint: 29200 ns, Total: 3257153 ns
[15.597s][info ][safepoint      ] Safepoint "ICBufferFull", Time since last: 4419072 ns, Reaching safepoint: 104602 ns, At safepoint: 33001 ns, Total: 137603 ns
[15.604s][info ][safepoint      ] Safepoint "ICBufferFull", Time since last: 6825011 ns, Reaching safepoint: 108302 ns, At safepoint: 30100 ns, Total: 138402 ns
[15.641s][info ][safepoint      ] Safepoint "ICBufferFull", Time since last: 29013673 ns, Reaching safepoint: 7607524 ns, At safepoint: 32401 ns, Total: 7639925 ns
[15.645s][info ][safepoint      ] Safepoint "ICBufferFull", Time since last: 3211952 ns, Reaching safepoint: 550109 ns, At safepoint: 35401 ns, Total: 585510 ns
[15.646s][info ][safepoint      ] Safepoint "ICBufferFull", Time since last: 1128318 ns, Reaching safepoint: 99002 ns, At safepoint: 28400 ns, Total: 127402 ns
[15.678s][info ][safepoint      ] Safepoint "ICBufferFull", Time since last: 32064423 ns, Reaching safepoint: 346906 ns, At safepoint: 25500 ns, Total: 372406 ns
[15.682s][info ][safepoint      ] Safepoint "ICBufferFull", Time since last: 2867247 ns, Reaching safepoint: 388307 ns, At safepoint: 25400 ns, Total: 413707 ns
[15.688s][info ][safepoint      ] Safepoint "ICBufferFull", Time since last: 6008898 ns, Reaching safepoint: 511708 ns, At safepoint: 21701 ns, Total: 533409 ns
[15.689s][info ][safepoint      ] Safepoint "ICBufferFull", Time since last: 943315 ns, Reaching safepoint: 91502 ns, At safepoint: 16800 ns, Total: 108302 ns
[15.691s][info ][safepoint      ] Safepoint "ICBufferFull", Time since last: 2055833 ns, Reaching safepoint: 102002 ns, At safepoint: 23500 ns, Total: 125502 ns
[15.695s][info ][safepoint      ] Safepoint "ICBufferFull", Time since last: 3749062 ns, Reaching safepoint: 102601 ns, At safepoint: 22301 ns, Total: 124902 ns
[15.699s][info ][safepoint      ] Safepoint "ICBufferFull", Time since last: 3368154 ns, Reaching safepoint: 100502 ns, At safepoint: 20000 ns, Total: 120502 ns
[15.703s][info ][safepoint      ] Safepoint "ICBufferFull", Time since last: 4260170 ns, Reaching safepoint: 98102 ns, At safepoint: 25900 ns, Total: 124002 ns
[15.712s][info ][safepoint      ] Safepoint "ICBufferFull", Time since last: 8187433 ns, Reaching safepoint: 101602 ns, At safepoint: 27001 ns, Total: 128603 ns
[15.721s][info ][safepoint      ] Safepoint "ICBufferFull", Time since last: 9484854 ns, Reaching safepoint: 304905 ns, At safepoint: 29201 ns, Total: 334106 ns
[15.781s][info ][gc,start       ] GC(21) Pause Young (Allocation Failure)
[15.905s][debug][gc,phases      ] GC(21) Scavenge 124.067ms
[15.905s][debug][gc,ref         ] GC(21) Skipped phase 1 of Reference Processing: no references
[15.905s][debug][gc,ref         ] GC(21) Skipped phase 3 of Reference Processing: no references
[15.905s][debug][gc,phases      ] GC(21) Reference Processing 0.136ms
[15.906s][debug][gc,phases      ] GC(21) Weak Processing 0.997ms
[15.906s][debug][gc,age         ] GC(21) Desired survivor size 342884352 bytes, new threshold 14 (max threshold 15)
[15.906s][info ][gc,heap        ] GC(21) PSYoungGen: 1622034K(1760768K)->107668K(1753088K) Eden: 1416704K(1416704K)->0K(1416704K) From: 205330K(344064K)->107668K(336384K)
[15.906s][info ][gc,heap        ] GC(21) ParOldGen: 59512K(97280K)->160025K(160256K)
[15.906s][info ][gc,metaspace   ] GC(21) Metaspace: 62040K(62592K)->62040K(62592K) NonClass: 53122K(53440K)->53122K(53440K) Class: 8917K(9152K)->8917K(9152K)
[15.906s][info ][gc             ] GC(21) Pause Young (Allocation Failure) 1642M->261M(1868M) 125.331ms
[15.907s][info ][gc,cpu         ] GC(21) User=0.46s Sys=0.04s Real=0.13s
[15.907s][debug][gc,phases      ] GC(22) Pre Compact 0.010ms
[15.907s][info ][gc,start       ] GC(22) Pause Full (Ergonomics)
[15.907s][info ][gc,phases,start] GC(22) Marking Phase
[16.025s][debug][gc,phases      ] GC(22) Par Mark 118.254ms
[16.025s][debug][gc,ref         ] GC(22) Skipped phase 1 of Reference Processing: no references
[16.025s][debug][gc,ref         ] GC(22) Skipped phase 3 of Reference Processing: no references
[16.025s][debug][gc,phases      ] GC(22) Reference Processing 0.101ms
[16.026s][debug][gc,phases      ] GC(22) Weak Processing 0.488ms
[16.026s][debug][gc,phases      ] GC(22) ClassLoaderData 0.055ms
[16.026s][debug][gc,phases      ] GC(22) Trigger cleanups 0.000ms
[16.034s][debug][gc,phases      ] GC(22) Class Unloading 8.264ms
[16.034s][info ][gc,phases      ] GC(22) Marking Phase 127.261ms
[16.034s][info ][gc,phases,start] GC(22) Summary Phase
[16.034s][info ][gc,phases      ] GC(22) Summary Phase 0.010ms
[16.034s][info ][gc,phases,start] GC(22) Adjust Roots
[16.053s][info ][gc,phases      ] GC(22) Adjust Roots 19.004ms
[16.053s][info ][gc,phases,start] GC(22) Compaction Phase
[16.660s][info ][gc,phases      ] GC(22) Compaction Phase 607.500ms
[16.660s][info ][gc,phases,start] GC(22) Post Compact
[16.661s][info ][gc,phases      ] GC(22) Post Compact 0.839ms
[16.661s][info ][gc,heap        ] GC(22) PSYoungGen: 107668K(1753088K)->106729K(1753088K) Eden: 0K(1416704K)->0K(1416704K) From: 107668K(336384K)->106729K(336384K)
[16.661s][info ][gc,heap        ] GC(22) ParOldGen: 160025K(160256K)->160176K(239104K)
[16.661s][info ][gc,metaspace   ] GC(22) Metaspace: 62040K(62592K)->62040K(62592K) NonClass: 53122K(53440K)->53122K(53440K) Class: 8917K(9152K)->8917K(9152K)
[16.661s][info ][gc             ] GC(22) Pause Full (Ergonomics) 261M->260M(1945M) 754.898ms
[16.661s][info ][gc,cpu         ] GC(22) User=2.15s Sys=0.00s Real=0.75s
[16.662s][info ][safepoint      ] Safepoint "ParallelGCFailedAllocation", Time since last: 54449488 ns, Reaching safepoint: 5318586 ns, At safepoint: 880406159 ns, Total: 885724745 ns
[16.797s][info ][safepoint      ] Safepoint "ICBufferFull", Time since last: 135018902 ns, Reaching safepoint: 279305 ns, At safepoint: 29600 ns, Total: 308905 ns
[16.818s][info ][safepoint      ] Safepoint "ICBufferFull", Time since last: 21179946 ns, Reaching safepoint: 123002 ns, At safepoint: 28800 ns, Total: 151802 ns
[16.848s][info ][safepoint      ] Safepoint "ICBufferFull", Time since last: 29828187 ns, Reaching safepoint: 116201 ns, At safepoint: 22901 ns, Total: 139102 ns
[16.877s][info ][safepoint      ] Safepoint "ICBufferFull", Time since last: 27912255 ns, Reaching safepoint: 493608 ns, At safepoint: 29901 ns, Total: 523509 ns
[16.909s][info ][safepoint      ] Safepoint "ICBufferFull", Time since last: 32187325 ns, Reaching safepoint: 125002 ns, At safepoint: 25700 ns, Total: 150702 ns
[16.947s][info ][safepoint      ] Safepoint "ICBufferFull", Time since last: 38275624 ns, Reaching safepoint: 137303 ns, At safepoint: 26900 ns, Total: 164203 ns
[16.963s][info ][safepoint      ] Safepoint "ICBufferFull", Time since last: 15626255 ns, Reaching safepoint: 138002 ns, At safepoint: 25400 ns, Total: 163402 ns
[16.980s][info ][safepoint      ] Safepoint "ICBufferFull", Time since last: 15867359 ns, Reaching safepoint: 626611 ns, At safepoint: 28400 ns, Total: 655011 ns
[17.006s][info ][safepoint      ] Safepoint "ICBufferFull", Time since last: 23781188 ns, Reaching safepoint: 2115534 ns, At safepoint: 27301 ns, Total: 2142835 ns
[17.057s][info ][safepoint      ] Safepoint "ICBufferFull", Time since last: 47052767 ns, Reaching safepoint: 4188068 ns, At safepoint: 31101 ns, Total: 4219169 ns
[17.070s][info ][gc,start       ] GC(23) Pause Young (Allocation Failure)
[17.151s][debug][gc,phases      ] GC(23) Scavenge 80.830ms
[17.151s][debug][gc,ref         ] GC(23) Skipped phase 1 of Reference Processing: no references
[17.151s][debug][gc,ref         ] GC(23) Skipped phase 3 of Reference Processing: no references
[17.151s][debug][gc,phases      ] GC(23) Reference Processing 0.090ms
[17.151s][debug][gc,phases      ] GC(23) Weak Processing 0.561ms
[17.151s][debug][gc,age         ] GC(23) Desired survivor size 340787200 bytes, new threshold 15 (max threshold 15)
[17.151s][info ][gc,heap        ] GC(23) PSYoungGen: 1523433K(1753088K)->96336K(1764352K) Eden: 1416704K(1416704K)->0K(1429504K) From: 106729K(336384K)->96336K(334848K)
[17.151s][info ][gc,heap        ] GC(23) ParOldGen: 160176K(239104K)->180048K(239104K)
[17.151s][info ][gc,metaspace   ] GC(23) Metaspace: 62159K(62656K)->62159K(62656K) NonClass: 53221K(53504K)->53221K(53504K) Class: 8938K(9152K)->8938K(9152K)
[17.151s][info ][gc             ] GC(23) Pause Young (Allocation Failure) 1644M->269M(1956M) 81.608ms
[17.151s][info ][gc,cpu         ] GC(23) User=0.28s Sys=0.02s Real=0.08s
[17.151s][info ][safepoint      ] Safepoint "ParallelGCFailedAllocation", Time since last: 12708407 ns, Reaching safepoint: 124602 ns, At safepoint: 81712533 ns, Total: 81837135 ns
[17.164s][info ][safepoint      ] Safepoint "ICBufferFull", Time since last: 12466903 ns, Reaching safepoint: 119002 ns, At safepoint: 26201 ns, Total: 145203 ns
[17.184s][info ][safepoint      ] Safepoint "ICBufferFull", Time since last: 19574219 ns, Reaching safepoint: 127202 ns, At safepoint: 24100 ns, Total: 151302 ns
[17.207s][info ][safepoint      ] Safepoint "ICBufferFull", Time since last: 22955575 ns, Reaching safepoint: 146802 ns, At safepoint: 28801 ns, Total: 175603 ns
[17.229s][info ][safepoint      ] Safepoint "ICBufferFull", Time since last: 21878156 ns, Reaching safepoint: 127203 ns, At safepoint: 25300 ns, Total: 152503 ns
[17.297s][info ][safepoint      ] Safepoint "ICBufferFull", Time since last: 67737605 ns, Reaching safepoint: 195203 ns, At safepoint: 26500 ns, Total: 221703 ns
[17.382s][info ][safepoint      ] Safepoint "ICBufferFull", Time since last: 85043287 ns, Reaching safepoint: 138403 ns, At safepoint: 26900 ns, Total: 165303 ns
[17.416s][info ][safepoint      ] Safepoint "ICBufferFull", Time since last: 34025455 ns, Reaching safepoint: 128302 ns, At safepoint: 21600 ns, Total: 149902 ns
[17.440s][info ][gc,start       ] GC(24) Pause Young (Allocation Failure)
[17.497s][debug][gc,phases      ] GC(24) Scavenge 56.330ms
[17.497s][debug][gc,ref         ] GC(24) Skipped phase 1 of Reference Processing: no references
[17.497s][debug][gc,ref         ] GC(24) Skipped phase 3 of Reference Processing: no references
[17.497s][debug][gc,phases      ] GC(24) Reference Processing 0.128ms
[17.498s][debug][gc,phases      ] GC(24) Weak Processing 0.729ms
[17.498s][debug][gc,age         ] GC(24) Desired survivor size 336068608 bytes, new threshold 15 (max threshold 15)
[17.498s][info ][gc,heap        ] GC(24) PSYoungGen: 1525840K(1764352K)->101552K(1762304K) Eden: 1429504K(1429504K)->0K(1429504K) From: 96336K(334848K)->101552K(332800K)
[17.498s][info ][gc,heap        ] GC(24) ParOldGen: 180048K(239104K)->180056K(239104K)
[17.498s][info ][gc,metaspace   ] GC(24) Metaspace: 62198K(62784K)->62198K(62784K) NonClass: 53249K(53568K)->53249K(53568K) Class: 8948K(9216K)->8948K(9216K)
[17.498s][info ][gc             ] GC(24) Pause Young (Allocation Failure) 1665M->275M(1954M) 57.366ms
[17.498s][info ][gc,cpu         ] GC(24) User=0.25s Sys=0.00s Real=0.06s
[17.498s][info ][safepoint      ] Safepoint "ParallelGCFailedAllocation", Time since last: 20894941 ns, Reaching safepoint: 3192252 ns, At safepoint: 57506338 ns, Total: 60698590 ns
[17.749s][info ][safepoint      ] Safepoint "ICBufferFull", Time since last: 250530586 ns, Reaching safepoint: 1025117 ns, At safepoint: 29600 ns, Total: 1054717 ns
[17.759s][info ][safepoint      ] Safepoint "ICBufferFull", Time since last: 9948563 ns, Reaching safepoint: 81401 ns, At safepoint: 22200 ns, Total: 103601 ns
[17.762s][info ][safepoint      ] Safepoint "ICBufferFull", Time since last: 2190736 ns, Reaching safepoint: 114202 ns, At safepoint: 24800 ns, Total: 139002 ns
[17.764s][info ][safepoint      ] Safepoint "ICBufferFull", Time since last: 2516441 ns, Reaching safepoint: 97802 ns, At safepoint: 23800 ns, Total: 121602 ns
[17.767s][info ][safepoint      ] Safepoint "ICBufferFull", Time since last: 2695144 ns, Reaching safepoint: 98302 ns, At safepoint: 18400 ns, Total: 116702 ns
[17.772s][info ][safepoint      ] Safepoint "ICBufferFull", Time since last: 4840679 ns, Reaching safepoint: 73101 ns, At safepoint: 27001 ns, Total: 100102 ns
[17.786s][info ][safepoint      ] Safepoint "ICBufferFull", Time since last: 13177815 ns, Reaching safepoint: 128702 ns, At safepoint: 27500 ns, Total: 156202 ns
[17.828s][info ][gc,start       ] GC(25) Pause Young (Allocation Failure)
[17.886s][debug][gc,phases      ] GC(25) Scavenge 58.205ms
[17.886s][debug][gc,ref         ] GC(25) Skipped phase 1 of Reference Processing: no references
[17.886s][debug][gc,ref         ] GC(25) Skipped phase 3 of Reference Processing: no references
[17.886s][debug][gc,phases      ] GC(25) Reference Processing 0.083ms
[17.886s][debug][gc,phases      ] GC(25) Weak Processing 0.543ms
[17.886s][debug][gc,age         ] GC(25) Desired survivor size 330825728 bytes, new threshold 15 (max threshold 15)
[17.886s][info ][gc,heap        ] GC(25) PSYoungGen: 1531056K(1762304K)->98816K(1774080K) Eden: 1429504K(1429504K)->0K(1445888K) From: 101552K(332800K)->98816K(328192K)
[17.886s][info ][gc,heap        ] GC(25) ParOldGen: 180056K(239104K)->183768K(239104K)
[17.886s][info ][gc,metaspace   ] GC(25) Metaspace: 62259K(62784K)->62259K(62784K) NonClass: 53304K(53568K)->53304K(53568K) Class: 8954K(9216K)->8954K(9216K)
[17.886s][info ][gc             ] GC(25) Pause Young (Allocation Failure) 1671M->275M(1966M) 58.969ms
[17.887s][info ][gc,cpu         ] GC(25) User=0.23s Sys=0.00s Real=0.06s
[17.887s][info ][safepoint      ] Safepoint "ParallelGCFailedAllocation", Time since last: 41795582 ns, Reaching safepoint: 140702 ns, At safepoint: 59086764 ns, Total: 59227466 ns
[18.221s][info ][gc,start       ] GC(26) Pause Young (Allocation Failure)
[18.267s][debug][gc,phases      ] GC(26) Scavenge 46.374ms
[18.267s][debug][gc,ref         ] GC(26) Skipped phase 1 of Reference Processing: no references
[18.267s][debug][gc,ref         ] GC(26) Skipped phase 3 of Reference Processing: no references
[18.267s][debug][gc,phases      ] GC(26) Reference Processing 0.088ms
[18.268s][debug][gc,phases      ] GC(26) Weak Processing 0.553ms
[18.268s][debug][gc,age         ] GC(26) Desired survivor size 323485696 bytes, new threshold 15 (max threshold 15)
[18.268s][info ][gc,heap        ] GC(26) PSYoungGen: 1544704K(1774080K)->100320K(1768960K) Eden: 1445888K(1445888K)->0K(1445888K) From: 98816K(328192K)->100320K(323072K)
[18.268s][info ][gc,heap        ] GC(26) ParOldGen: 183768K(239104K)->185000K(239104K)
[18.268s][info ][gc,metaspace   ] GC(26) Metaspace: 62337K(62848K)->62337K(62848K) NonClass: 53382K(53632K)->53382K(53632K) Class: 8955K(9216K)->8955K(9216K)
[18.268s][info ][gc             ] GC(26) Pause Young (Allocation Failure) 1687M->278M(1961M) 47.166ms
[18.268s][info ][gc,cpu         ] GC(26) User=0.18s Sys=0.00s Real=0.05s
[18.268s][info ][safepoint      ] Safepoint "ParallelGCFailedAllocation", Time since last: 333698443 ns, Reaching safepoint: 235203 ns, At safepoint: 47286272 ns, Total: 47521475 ns
[18.556s][info ][gc,start       ] GC(27) Pause Young (Allocation Failure)
[18.604s][debug][gc,phases      ] GC(27) Scavenge 47.929ms
[18.604s][debug][gc,ref         ] GC(27) Skipped phase 1 of Reference Processing: no references
[18.604s][debug][gc,ref         ] GC(27) Skipped phase 3 of Reference Processing: no references
[18.604s][debug][gc,ref         ] GC(27) Skipped phase 4 of Reference Processing: no references
[18.604s][debug][gc,phases      ] GC(27) Reference Processing 0.075ms
[18.604s][debug][gc,phases      ] GC(27) Weak Processing 0.584ms
[18.604s][debug][gc,age         ] GC(27) Desired survivor size 314572800 bytes, new threshold 15 (max threshold 15)
[18.604s][info ][gc,heap        ] GC(27) PSYoungGen: 1546208K(1768960K)->104352K(1789952K) Eden: 1445888K(1445888K)->0K(1474048K) From: 100320K(323072K)->104352K(315904K)
[18.604s][info ][gc,heap        ] GC(27) ParOldGen: 185000K(239104K)->186428K(239104K)
[18.604s][info ][gc,metaspace   ] GC(27) Metaspace: 62361K(62912K)->62361K(62912K) NonClass: 53405K(53696K)->53405K(53696K) Class: 8956K(9216K)->8956K(9216K)
[18.604s][info ][gc             ] GC(27) Pause Young (Allocation Failure) 1690M->283M(1981M) 48.724ms
[18.604s][info ][gc,cpu         ] GC(27) User=0.18s Sys=0.00s Real=0.06s
[18.604s][info ][safepoint      ] Safepoint "ParallelGCFailedAllocation", Time since last: 287714292 ns, Reaching safepoint: 154303 ns, At safepoint: 48827196 ns, Total: 48981499 ns
[18.960s][info ][gc,start       ] GC(28) Pause Young (Allocation Failure)
[19.006s][debug][gc,phases      ] GC(28) Scavenge 45.823ms
[19.006s][debug][gc,ref         ] GC(28) Skipped phase 1 of Reference Processing: no references
[19.006s][debug][gc,ref         ] GC(28) Skipped phase 3 of Reference Processing: no references
[19.006s][debug][gc,phases      ] GC(28) Reference Processing 0.074ms
[19.006s][debug][gc,phases      ] GC(28) Weak Processing 0.571ms
[19.006s][debug][gc,age         ] GC(28) Desired survivor size 305659904 bytes, new threshold 15 (max threshold 15)
[19.006s][info ][gc,heap        ] GC(28) PSYoungGen: 1578400K(1789952K)->105744K(1781248K) Eden: 1474048K(1474048K)->0K(1474048K) From: 104352K(315904K)->105744K(307200K)
[19.006s][info ][gc,heap        ] GC(28) ParOldGen: 186428K(239104K)->188244K(239104K)
[19.006s][info ][gc,metaspace   ] GC(28) Metaspace: 62488K(63040K)->62488K(63040K) NonClass: 53525K(53824K)->53525K(53824K) Class: 8963K(9216K)->8963K(9216K)
[19.006s][info ][gc             ] GC(28) Pause Young (Allocation Failure) 1723M->287M(1973M) 46.614ms
[19.006s][info ][gc,cpu         ] GC(28) User=0.18s Sys=0.00s Real=0.05s
[19.006s][info ][safepoint      ] Safepoint "ParallelGCFailedAllocation", Time since last: 355033391 ns, Reaching safepoint: 227003 ns, At safepoint: 46726162 ns, Total: 46953165 ns
[19.350s][info ][gc,start       ] GC(29) Pause Young (Allocation Failure)
[19.400s][debug][gc,phases      ] GC(29) Scavenge 49.507ms
[19.400s][debug][gc,ref         ] GC(29) Skipped phase 1 of Reference Processing: no references
[19.400s][debug][gc,ref         ] GC(29) Skipped phase 3 of Reference Processing: no references
[19.400s][debug][gc,phases      ] GC(29) Reference Processing 0.095ms
[19.401s][debug][gc,phases      ] GC(29) Weak Processing 0.562ms
[19.401s][debug][gc,age         ] GC(29) Desired survivor size 295174144 bytes, new threshold 15 (max threshold 15)
[19.401s][info ][gc,heap        ] GC(29) PSYoungGen: 1579792K(1781248K)->108608K(1808896K) Eden: 1474048K(1474048K)->0K(1510400K) From: 105744K(307200K)->108608K(298496K)
[19.401s][info ][gc,heap        ] GC(29) ParOldGen: 188244K(239104K)->191964K(239104K)
[19.401s][info ][gc,metaspace   ] GC(29) Metaspace: 62510K(63104K)->62510K(63104K) NonClass: 53547K(53888K)->53547K(53888K) Class: 8963K(9216K)->8963K(9216K)
[19.401s][info ][gc             ] GC(29) Pause Young (Allocation Failure) 1726M->293M(2000M) 50.317ms
[19.401s][info ][gc,cpu         ] GC(29) User=0.19s Sys=0.00s Real=0.05s
[19.401s][info ][safepoint      ] Safepoint "ParallelGCFailedAllocation", Time since last: 343607505 ns, Reaching safepoint: 154102 ns, At safepoint: 50420723 ns, Total: 50574825 ns
[19.724s][info ][gc,start       ] GC(30) Pause Young (Allocation Failure)
[19.765s][debug][gc,phases      ] GC(30) Scavenge 41.117ms
[19.765s][debug][gc,ref         ] GC(30) Skipped phase 1 of Reference Processing: no references
[19.765s][debug][gc,ref         ] GC(30) Skipped phase 3 of Reference Processing: no references
[19.765s][debug][gc,phases      ] GC(30) Reference Processing 0.080ms
[19.766s][debug][gc,phases      ] GC(30) Weak Processing 0.512ms
[19.766s][debug][gc,age         ] GC(30) Desired survivor size 285736960 bytes, new threshold 15 (max threshold 15)
[19.766s][info ][gc,heap        ] GC(30) PSYoungGen: 1619008K(1808896K)->106016K(1798656K) Eden: 1510400K(1510400K)->0K(1510400K) From: 108608K(298496K)->106016K(288256K)
[19.766s][info ][gc,heap        ] GC(30) ParOldGen: 191964K(239104K)->195092K(239104K)
[19.766s][info ][gc,metaspace   ] GC(30) Metaspace: 62516K(63104K)->62516K(63104K) NonClass: 53553K(53888K)->53553K(53888K) Class: 8963K(9216K)->8963K(9216K)
[19.766s][info ][gc             ] GC(30) Pause Young (Allocation Failure) 1768M->294M(1990M) 41.836ms
[19.766s][info ][gc,cpu         ] GC(30) User=0.17s Sys=0.00s Real=0.04s
[19.766s][info ][safepoint      ] Safepoint "ParallelGCFailedAllocation", Time since last: 323369174 ns, Reaching safepoint: 140002 ns, At safepoint: 41941884 ns, Total: 42081886 ns
[20.157s][info ][gc,start       ] GC(31) Pause Young (Allocation Failure)
[20.195s][debug][gc,phases      ] GC(31) Scavenge 38.163ms
[20.195s][debug][gc,ref         ] GC(31) Skipped phase 1 of Reference Processing: no references
[20.195s][debug][gc,ref         ] GC(31) Skipped phase 3 of Reference Processing: no references
[20.195s][debug][gc,phases      ] GC(31) Reference Processing 0.078ms
[20.196s][debug][gc,phases      ] GC(31) Weak Processing 0.931ms
[20.196s][debug][gc,age         ] GC(31) Desired survivor size 276824064 bytes, new threshold 15 (max threshold 15)
[20.196s][info ][gc,heap        ] GC(31) PSYoungGen: 1616416K(1798656K)->101872K(1826816K) Eden: 1510400K(1510400K)->0K(1547776K) From: 106016K(288256K)->101872K(279040K)
[20.196s][info ][gc,heap        ] GC(31) ParOldGen: 195092K(239104K)->196744K(239104K)
[20.196s][info ][gc,metaspace   ] GC(31) Metaspace: 62663K(63232K)->62663K(63232K) NonClass: 53679K(54016K)->53679K(54016K) Class: 8983K(9216K)->8983K(9216K)
[20.196s][info ][gc             ] GC(31) Pause Young (Allocation Failure) 1769M->291M(2017M) 39.348ms
[20.196s][info ][gc,cpu         ] GC(31) User=0.15s Sys=0.00s Real=0.04s
[20.196s][info ][safepoint      ] Safepoint "ParallelGCFailedAllocation", Time since last: 386215199 ns, Reaching safepoint: 4387372 ns, At safepoint: 39674347 ns, Total: 44061719 ns
[20.544s][info ][gc,start       ] GC(32) Pause Young (Allocation Failure)
[20.576s][debug][gc,phases      ] GC(32) Scavenge 32.450ms
[20.576s][debug][gc,ref         ] GC(32) Skipped phase 1 of Reference Processing: no references
[20.576s][debug][gc,ref         ] GC(32) Skipped phase 3 of Reference Processing: no references
[20.576s][debug][gc,phases      ] GC(32) Reference Processing 0.074ms
[20.577s][debug][gc,phases      ] GC(32) Weak Processing 0.712ms
[20.577s][debug][gc,age         ] GC(32) Desired survivor size 268435456 bytes, new threshold 15 (max threshold 15)
[20.577s][info ][gc,heap        ] GC(32) PSYoungGen: 1649648K(1826816K)->99984K(1818112K) Eden: 1547776K(1547776K)->0K(1547776K) From: 101872K(279040K)->99984K(270336K)
[20.577s][info ][gc,heap        ] GC(32) ParOldGen: 196744K(239104K)->199339K(239104K)
[20.577s][info ][gc,metaspace   ] GC(32) Metaspace: 62674K(63232K)->62674K(63232K) NonClass: 53690K(54016K)->53690K(54016K) Class: 8983K(9216K)->8983K(9216K)
[20.577s][info ][gc             ] GC(32) Pause Young (Allocation Failure) 1803M->292M(2009M) 33.416ms
[20.577s][info ][gc,cpu         ] GC(32) User=0.13s Sys=0.00s Real=0.04s
[20.577s][info ][safepoint      ] Safepoint "ParallelGCFailedAllocation", Time since last: 343946510 ns, Reaching safepoint: 3250553 ns, At safepoint: 33546647 ns, Total: 36797200 ns
[20.906s][info ][gc,start       ] GC(33) Pause Young (Allocation Failure)
[20.942s][debug][gc,phases      ] GC(33) Scavenge 36.055ms
[20.942s][debug][gc,ref         ] GC(33) Skipped phase 1 of Reference Processing: no references
[20.942s][debug][gc,ref         ] GC(33) Skipped phase 3 of Reference Processing: no references
[20.942s][debug][gc,phases      ] GC(33) Reference Processing 0.047ms
[20.943s][debug][gc,phases      ] GC(33) Weak Processing 0.504ms
[20.943s][debug][gc,age         ] GC(33) Desired survivor size 264241152 bytes, new threshold 15 (max threshold 15)
[20.943s][info ][gc,heap        ] GC(33) PSYoungGen: 1647760K(1818112K)->76768K(1839104K) Eden: 1547776K(1547776K)->0K(1576960K) From: 99984K(270336K)->76768K(262144K)
[20.943s][info ][gc,heap        ] GC(33) ParOldGen: 199339K(239104K)->219956K(239104K)
[20.943s][info ][gc,metaspace   ] GC(33) Metaspace: 62687K(63232K)->62687K(63232K) NonClass: 53704K(54016K)->53704K(54016K) Class: 8983K(9216K)->8983K(9216K)
[20.943s][info ][gc             ] GC(33) Pause Young (Allocation Failure) 1803M->289M(2029M) 36.747ms
[20.943s][info ][gc,cpu         ] GC(33) User=0.14s Sys=0.01s Real=0.03s
[20.943s][debug][gc,phases      ] GC(34) Pre Compact 0.011ms
[20.943s][info ][gc,start       ] GC(34) Pause Full (Ergonomics)
[20.943s][info ][gc,phases,start] GC(34) Marking Phase
[21.048s][debug][gc,phases      ] GC(34) Par Mark 105.154ms
[21.048s][debug][gc,ref         ] GC(34) Skipped phase 1 of Reference Processing: no references
[21.048s][debug][gc,ref         ] GC(34) Skipped phase 3 of Reference Processing: no references
[21.048s][debug][gc,phases      ] GC(34) Reference Processing 0.351ms
[21.049s][debug][gc,phases      ] GC(34) Weak Processing 0.489ms
[21.049s][debug][gc,phases      ] GC(34) ClassLoaderData 0.054ms
[21.049s][debug][gc,phases      ] GC(34) Trigger cleanups 0.000ms
[21.056s][debug][gc,phases      ] GC(34) Class Unloading 7.598ms
[21.056s][info ][gc,phases      ] GC(34) Marking Phase 113.730ms
[21.056s][info ][gc,phases,start] GC(34) Summary Phase
[21.056s][info ][gc,phases      ] GC(34) Summary Phase 0.009ms
[21.056s][info ][gc,phases,start] GC(34) Adjust Roots
[21.068s][info ][gc,phases      ] GC(34) Adjust Roots 11.315ms
[21.068s][info ][gc,phases,start] GC(34) Compaction Phase
[21.251s][info ][gc,phases      ] GC(34) Compaction Phase 182.692ms
[21.251s][info ][gc,phases,start] GC(34) Post Compact
[21.252s][info ][gc,phases      ] GC(34) Post Compact 0.971ms
[21.252s][info ][gc,heap        ] GC(34) PSYoungGen: 76768K(1839104K)->55724K(1839104K) Eden: 0K(1576960K)->0K(1576960K) From: 76768K(262144K)->55724K(262144K)
[21.252s][info ][gc,heap        ] GC(34) ParOldGen: 219956K(239104K)->239006K(312320K)
[21.252s][info ][gc,metaspace   ] GC(34) Metaspace: 62687K(63232K)->62687K(63232K) NonClass: 53704K(54016K)->53704K(54016K) Class: 8983K(9216K)->8983K(9216K)
[21.252s][info ][gc             ] GC(34) Pause Full (Ergonomics) 289M->287M(2101M) 308.950ms
[21.252s][info ][gc,cpu         ] GC(34) User=1.15s Sys=0.01s Real=0.31s
[21.254s][info ][safepoint      ] Safepoint "ParallelGCFailedAllocation", Time since last: 328606560 ns, Reaching safepoint: 158203 ns, At safepoint: 348002676 ns, Total: 348160879 ns
[21.646s][info ][gc,start       ] GC(35) Pause Young (Allocation Failure)
[21.728s][debug][gc,phases      ] GC(35) Scavenge 81.825ms
[21.728s][debug][gc,ref         ] GC(35) Skipped phase 1 of Reference Processing: no references
[21.728s][debug][gc,ref         ] GC(35) Skipped phase 3 of Reference Processing: no references
[21.728s][debug][gc,ref         ] GC(35) Skipped phase 4 of Reference Processing: no references
[21.728s][debug][gc,phases      ] GC(35) Reference Processing 0.045ms
[21.728s][debug][gc,phases      ] GC(35) Weak Processing 0.543ms
[21.728s][debug][gc,age         ] GC(35) Desired survivor size 251658240 bytes, new threshold 15 (max threshold 15)
[21.728s][info ][gc,heap        ] GC(35) PSYoungGen: 1632684K(1839104K)->115216K(1835008K) Eden: 1576960K(1576960K)->0K(1576960K) From: 55724K(262144K)->115216K(258048K)
[21.728s][info ][gc,heap        ] GC(35) ParOldGen: 239006K(312320K)->245918K(312320K)
[21.728s][info ][gc,metaspace   ] GC(35) Metaspace: 62733K(63296K)->62733K(63296K) NonClass: 53750K(54080K)->53750K(54080K) Class: 8983K(9216K)->8983K(9216K)
[21.728s][info ][gc             ] GC(35) Pause Young (Allocation Failure) 1827M->352M(2097M) 82.554ms
[21.728s][info ][gc,cpu         ] GC(35) User=0.40s Sys=0.00s Real=0.08s
[21.728s][info ][safepoint      ] Safepoint "ParallelGCFailedAllocation", Time since last: 391783890 ns, Reaching safepoint: 114502 ns, At safepoint: 82658048 ns, Total: 82772550 ns
[22.083s][info ][gc,start       ] GC(36) Pause Young (Allocation Failure)
[22.166s][debug][gc,phases      ] GC(36) Scavenge 82.741ms
[22.166s][debug][gc,ref         ] GC(36) Skipped phase 1 of Reference Processing: no references
[22.166s][debug][gc,ref         ] GC(36) Skipped phase 3 of Reference Processing: no references
[22.166s][debug][gc,ref         ] GC(36) Skipped phase 4 of Reference Processing: no references
[22.166s][debug][gc,phases      ] GC(36) Reference Processing 0.024ms
[22.166s][debug][gc,phases      ] GC(36) Weak Processing 0.470ms
[22.166s][debug][gc,age         ] GC(36) Desired survivor size 260571136 bytes, new threshold 15 (max threshold 15)
[22.166s][info ][gc,heap        ] GC(36) PSYoungGen: 1692176K(1835008K)->179584K(1833984K) Eden: 1576960K(1576960K)->0K(1588224K) From: 115216K(258048K)->179584K(245760K)
[22.166s][info ][gc,heap        ] GC(36) ParOldGen: 245918K(312320K)->245982K(312320K)
[22.166s][info ][gc,metaspace   ] GC(36) Metaspace: 62748K(63296K)->62748K(63296K) NonClass: 53765K(54080K)->53765K(54080K) Class: 8983K(9216K)->8983K(9216K)
[22.166s][info ][gc             ] GC(36) Pause Young (Allocation Failure) 1892M->415M(2096M) 83.370ms
[22.167s][info ][gc,cpu         ] GC(36) User=0.33s Sys=0.00s Real=0.09s
[22.167s][info ][safepoint      ] Safepoint "ParallelGCFailedAllocation", Time since last: 354469682 ns, Reaching safepoint: 162003 ns, At safepoint: 83482061 ns, Total: 83644064 ns
[22.467s][info ][safepoint      ] Safepoint "ICBufferFull", Time since last: 300170196 ns, Reaching safepoint: 206904 ns, At safepoint: 29400 ns, Total: 236304 ns
[22.524s][info ][gc,start       ] GC(37) Pause Young (Allocation Failure)
[22.653s][debug][gc,phases      ] GC(37) Scavenge 128.592ms
[22.653s][debug][gc,ref         ] GC(37) Skipped phase 1 of Reference Processing: no references
[22.653s][debug][gc,ref         ] GC(37) Skipped phase 3 of Reference Processing: no references
[22.653s][debug][gc,phases      ] GC(37) Reference Processing 0.036ms
[22.653s][debug][gc,phases      ] GC(37) Weak Processing 0.478ms
[22.653s][debug][gc,age         ] GC(37) Desired survivor size 286785536 bytes, new threshold 15 (max threshold 15)
[22.653s][info ][gc,heap        ] GC(37) PSYoungGen: 1767808K(1833984K)->230720K(1819136K) Eden: 1588224K(1588224K)->0K(1588224K) From: 179584K(245760K)->230720K(230912K)
[22.653s][info ][gc,heap        ] GC(37) ParOldGen: 245982K(312320K)->246022K(312320K)
[22.653s][info ][gc,metaspace   ] GC(37) Metaspace: 63106K(63616K)->63106K(63616K) NonClass: 54064K(54336K)->54064K(54336K) Class: 9041K(9280K)->9041K(9280K)
[22.653s][info ][gc             ] GC(37) Pause Young (Allocation Failure) 1966M->465M(2081M) 129.239ms
[22.653s][info ][gc,cpu         ] GC(37) User=0.51s Sys=0.01s Real=0.13s
[22.653s][info ][safepoint      ] Safepoint "ParallelGCFailedAllocation", Time since last: 56760526 ns, Reaching safepoint: 128302 ns, At safepoint: 129346410 ns, Total: 129474712 ns
[22.959s][info ][safepoint      ] Safepoint "ICBufferFull", Time since last: 305425882 ns, Reaching safepoint: 196903 ns, At safepoint: 28700 ns, Total: 225603 ns
[22.961s][info ][safepoint      ] Safepoint "ICBufferFull", Time since last: 2480841 ns, Reaching safepoint: 93801 ns, At safepoint: 24801 ns, Total: 118602 ns
[22.974s][info ][safepoint      ] Safepoint "ICBufferFull", Time since last: 11854893 ns, Reaching safepoint: 999817 ns, At safepoint: 28900 ns, Total: 1028717 ns
[22.996s][info ][safepoint      ] Safepoint "ICBufferFull", Time since last: 21167845 ns, Reaching safepoint: 139503 ns, At safepoint: 26500 ns, Total: 166003 ns
[23.000s][info ][safepoint      ] Safepoint "ICBufferFull", Time since last: 1293821 ns, Reaching safepoint: 3189452 ns, At safepoint: 33401 ns, Total: 3222853 ns
[23.002s][info ][safepoint      ] Safepoint "ICBufferFull", Time since last: 1377322 ns, Reaching safepoint: 167303 ns, At safepoint: 23400 ns, Total: 190703 ns
[23.003s][info ][safepoint      ] Safepoint "ICBufferFull", Time since last: 1261321 ns, Reaching safepoint: 92101 ns, At safepoint: 20901 ns, Total: 113002 ns
[23.004s][info ][safepoint      ] Safepoint "ICBufferFull", Time since last: 842513 ns, Reaching safepoint: 115802 ns, At safepoint: 20801 ns, Total: 136603 ns
[23.005s][info ][safepoint      ] Safepoint "ICBufferFull", Time since last: 859714 ns, Reaching safepoint: 105101 ns, At safepoint: 23501 ns, Total: 128602 ns
[23.006s][info ][safepoint      ] Safepoint "ICBufferFull", Time since last: 826413 ns, Reaching safepoint: 172703 ns, At safepoint: 26300 ns, Total: 199003 ns
[23.008s][info ][safepoint      ] Safepoint "ICBufferFull", Time since last: 1554626 ns, Reaching safepoint: 104002 ns, At safepoint: 24900 ns, Total: 128902 ns
[23.009s][info ][safepoint      ] Safepoint "ICBufferFull", Time since last: 1061717 ns, Reaching safepoint: 102702 ns, At safepoint: 20000 ns, Total: 122702 ns
[23.012s][info ][safepoint      ] Safepoint "ICBufferFull", Time since last: 2497641 ns, Reaching safepoint: 114802 ns, At safepoint: 18700 ns, Total: 133502 ns
[23.013s][info ][safepoint      ] Safepoint "ICBufferFull", Time since last: 1579426 ns, Reaching safepoint: 92901 ns, At safepoint: 21301 ns, Total: 114202 ns
[23.016s][info ][safepoint      ] Safepoint "ICBufferFull", Time since last: 2932548 ns, Reaching safepoint: 116002 ns, At safepoint: 23900 ns, Total: 139902 ns
[23.045s][info ][gc,start       ] GC(38) Pause Young (Allocation Failure)
[23.152s][debug][gc,phases      ] GC(38) Scavenge 106.427ms
[23.152s][debug][gc,ref         ] GC(38) Skipped phase 1 of Reference Processing: no references
[23.152s][debug][gc,ref         ] GC(38) Skipped phase 3 of Reference Processing: no references
[23.152s][debug][gc,phases      ] GC(38) Reference Processing 0.047ms
[23.152s][debug][gc,phases      ] GC(38) Weak Processing 0.497ms
[23.152s][debug][gc,age         ] GC(38) Desired survivor size 306184192 bytes, new threshold 15 (max threshold 15)
[23.152s][info ][gc,heap        ] GC(38) PSYoungGen: 1818944K(1819136K)->228768K(1777152K) Eden: 1588224K(1588224K)->0K(1499136K) From: 230720K(230912K)->228768K(278016K)
[23.152s][info ][gc,heap        ] GC(38) ParOldGen: 246022K(312320K)->246334K(312320K)
[23.152s][info ][gc,metaspace   ] GC(38) Metaspace: 63725K(64320K)->63725K(64320K) NonClass: 54611K(54976K)->54611K(54976K) Class: 9113K(9344K)->9113K(9344K)
[23.152s][info ][gc             ] GC(38) Pause Young (Allocation Failure) 2016M->463M(2040M) 107.117ms
[23.152s][info ][gc,cpu         ] GC(38) User=0.42s Sys=0.00s Real=0.10s
[23.152s][info ][safepoint      ] Safepoint "ParallelGCFailedAllocation", Time since last: 24402098 ns, Reaching safepoint: 4325171 ns, At safepoint: 107230749 ns, Total: 111555920 ns
[23.257s][info ][safepoint      ] Safepoint "ICBufferFull", Time since last: 100038831 ns, Reaching safepoint: 4337271 ns, At safepoint: 32501 ns, Total: 4369772 ns
[23.293s][info ][safepoint      ] Safepoint "ICBufferFull", Time since last: 31429312 ns, Reaching safepoint: 4297870 ns, At safepoint: 34701 ns, Total: 4332571 ns
[23.320s][info ][safepoint      ] Safepoint "ICBufferFull", Time since last: 27622651 ns, Reaching safepoint: 176502 ns, At safepoint: 22501 ns, Total: 199003 ns
[23.354s][info ][safepoint      ] Safepoint "ICBufferFull", Time since last: 33642749 ns, Reaching safepoint: 133902 ns, At safepoint: 24900 ns, Total: 158802 ns
[23.413s][info ][safepoint      ] Safepoint "ICBufferFull", Time since last: 59043663 ns, Reaching safepoint: 125802 ns, At safepoint: 23501 ns, Total: 149303 ns
[23.472s][info ][safepoint      ] Safepoint "ICBufferFull", Time since last: 58475954 ns, Reaching safepoint: 141202 ns, At safepoint: 31000 ns, Total: 172202 ns
[23.560s][info ][safepoint      ] Safepoint "ICBufferFull", Time since last: 87954335 ns, Reaching safepoint: 114502 ns, At safepoint: 44901 ns, Total: 159403 ns
[23.565s][info ][gc,start       ] GC(39) Pause Young (Allocation Failure)
[23.678s][debug][gc,phases      ] GC(39) Scavenge 113.483ms
[23.678s][debug][gc,ref         ] GC(39) Skipped phase 1 of Reference Processing: no references
[23.678s][debug][gc,ref         ] GC(39) Skipped phase 3 of Reference Processing: no references
[23.678s][debug][gc,phases      ] GC(39) Reference Processing 0.057ms
[23.679s][debug][gc,phases      ] GC(39) Weak Processing 0.495ms
[23.679s][debug][gc,age         ] GC(39) Desired survivor size 318767104 bytes, new threshold 15 (max threshold 15)
[23.679s][info ][gc,heap        ] GC(39) PSYoungGen: 1727904K(1777152K)->222240K(1721856K) Eden: 1499136K(1499136K)->0K(1499136K) From: 228768K(278016K)->222240K(222720K)
[23.679s][info ][gc,heap        ] GC(39) ParOldGen: 246334K(312320K)->252982K(312320K)
[23.679s][info ][gc,metaspace   ] GC(39) Metaspace: 64046K(64640K)->64046K(64640K) NonClass: 54908K(55232K)->54908K(55232K) Class: 9137K(9408K)->9137K(9408K)
[23.679s][info ][gc             ] GC(39) Pause Young (Allocation Failure) 1927M->464M(1986M) 114.169ms
[23.679s][info ][gc,cpu         ] GC(39) User=0.45s Sys=0.00s Real=0.11s
[23.679s][info ][safepoint      ] Safepoint "ParallelGCFailedAllocation", Time since last: 4520573 ns, Reaching safepoint: 127102 ns, At safepoint: 114275864 ns, Total: 114402966 ns
[23.706s][info ][safepoint      ] Safepoint "ICBufferFull", Time since last: 26731036 ns, Reaching safepoint: 134803 ns, At safepoint: 26900 ns, Total: 161703 ns
[23.740s][info ][safepoint      ] Safepoint "ICBufferFull", Time since last: 34065656 ns, Reaching safepoint: 125402 ns, At safepoint: 23000 ns, Total: 148402 ns
[23.776s][info ][safepoint      ] Safepoint "ICBufferFull", Time since last: 36064188 ns, Reaching safepoint: 133203 ns, At safepoint: 25900 ns, Total: 159103 ns
[23.792s][info ][safepoint      ] Safepoint "ICBufferFull", Time since last: 15271749 ns, Reaching safepoint: 139902 ns, At safepoint: 27201 ns, Total: 167103 ns
[23.804s][info ][safepoint      ] Safepoint "ICBufferFull", Time since last: 12532004 ns, Reaching safepoint: 124702 ns, At safepoint: 27401 ns, Total: 152103 ns
[23.822s][info ][safepoint      ] Safepoint "ICBufferFull", Time since last: 17386583 ns, Reaching safepoint: 134703 ns, At safepoint: 30900 ns, Total: 165603 ns
[23.835s][info ][safepoint      ] Safepoint "ICBufferFull", Time since last: 10797676 ns, Reaching safepoint: 2117535 ns, At safepoint: 29100 ns, Total: 2146635 ns
[23.856s][info ][safepoint      ] Safepoint "ICBufferFull", Time since last: 20285431 ns, Reaching safepoint: 922415 ns, At safepoint: 38701 ns, Total: 961116 ns
[23.865s][info ][safepoint      ] Safepoint "ICBufferFull", Time since last: 8150933 ns, Reaching safepoint: 112802 ns, At safepoint: 26800 ns, Total: 139602 ns
[23.970s][info ][safepoint      ] Safepoint "ICBufferFull", Time since last: 105263817 ns, Reaching safepoint: 128702 ns, At safepoint: 37401 ns, Total: 166103 ns
[23.996s][info ][safepoint      ] Safepoint "ICBufferFull", Time since last: 25968123 ns, Reaching safepoint: 146803 ns, At safepoint: 42400 ns, Total: 189203 ns
[24.004s][info ][gc,start       ] GC(40) Pause Young (Allocation Failure)
[24.118s][debug][gc,phases      ] GC(40) Scavenge 114.679ms
[24.118s][debug][gc,ref         ] GC(40) Skipped phase 1 of Reference Processing: no references
[24.118s][debug][gc,ref         ] GC(40) Skipped phase 3 of Reference Processing: no references
[24.118s][debug][gc,phases      ] GC(40) Reference Processing 0.058ms
[24.119s][debug][gc,phases      ] GC(40) Weak Processing 0.462ms
[24.119s][debug][gc,age         ] GC(40) Desired survivor size 327155712 bytes, new threshold 15 (max threshold 15)
[24.119s][info ][gc,heap        ] GC(40) PSYoungGen: 1721376K(1721856K)->218768K(1769472K) Eden: 1499136K(1499136K)->0K(1458176K) From: 222240K(222720K)->218768K(311296K)
[24.119s][info ][gc,heap        ] GC(40) ParOldGen: 252982K(312320K)->256630K(312320K)
[24.119s][info ][gc,metaspace   ] GC(40) Metaspace: 64225K(64832K)->64225K(64832K) NonClass: 55087K(55424K)->55087K(55424K) Class: 9137K(9408K)->9137K(9408K)
[24.119s][info ][gc             ] GC(40) Pause Young (Allocation Failure) 1928M->464M(2033M) 115.319ms
[24.119s][info ][gc,cpu         ] GC(40) User=0.46s Sys=0.00s Real=0.12s
[24.119s][info ][safepoint      ] Safepoint "ParallelGCFailedAllocation", Time since last: 7361320 ns, Reaching safepoint: 129003 ns, At safepoint: 115426582 ns, Total: 115555585 ns
[24.129s][info ][safepoint      ] Safepoint "ICBufferFull", Time since last: 6819412 ns, Reaching safepoint: 3187952 ns, At safepoint: 29700 ns, Total: 3217652 ns
[24.157s][info ][safepoint      ] Safepoint "ICBufferFull", Time since last: 27467848 ns, Reaching safepoint: 156803 ns, At safepoint: 27600 ns, Total: 184403 ns
[24.161s][info ][safepoint      ] Safepoint "ICBufferFull", Time since last: 4086567 ns, Reaching safepoint: 267104 ns, At safepoint: 33901 ns, Total: 301005 ns
[24.174s][info ][safepoint      ] Safepoint "ICBufferFull", Time since last: 12946811 ns, Reaching safepoint: 186203 ns, At safepoint: 23900 ns, Total: 210103 ns
[24.197s][info ][safepoint      ] Safepoint "ICBufferFull", Time since last: 22847773 ns, Reaching safepoint: 127002 ns, At safepoint: 23200 ns, Total: 150202 ns
[24.207s][info ][safepoint      ] Safepoint "ICBufferFull", Time since last: 9383454 ns, Reaching safepoint: 123002 ns, At safepoint: 25900 ns, Total: 148902 ns
[24.221s][info ][safepoint      ] Safepoint "ICBufferFull", Time since last: 14280533 ns, Reaching safepoint: 128902 ns, At safepoint: 25000 ns, Total: 153902 ns
[24.246s][info ][safepoint      ] Safepoint "ICBufferFull", Time since last: 24835906 ns, Reaching safepoint: 128802 ns, At safepoint: 24200 ns, Total: 153002 ns
[24.268s][info ][safepoint      ] Safepoint "ICBufferFull", Time since last: 21910957 ns, Reaching safepoint: 111802 ns, At safepoint: 25401 ns, Total: 137203 ns
[24.287s][info ][safepoint      ] Safepoint "ICBufferFull", Time since last: 18276298 ns, Reaching safepoint: 133302 ns, At safepoint: 24900 ns, Total: 158202 ns
[24.295s][info ][safepoint      ] Safepoint "ICBufferFull", Time since last: 7838828 ns, Reaching safepoint: 116102 ns, At safepoint: 22600 ns, Total: 138702 ns
[24.341s][info ][safepoint      ] Safepoint "ICBufferFull", Time since last: 46204854 ns, Reaching safepoint: 156003 ns, At safepoint: 25900 ns, Total: 181903 ns
[24.363s][info ][safepoint      ] Safepoint "ICBufferFull", Time since last: 21514251 ns, Reaching safepoint: 190103 ns, At safepoint: 23701 ns, Total: 213804 ns
[24.371s][info ][safepoint      ] Safepoint "ICBufferFull", Time since last: 8439237 ns, Reaching safepoint: 105902 ns, At safepoint: 23600 ns, Total: 129502 ns
[24.392s][info ][safepoint      ] Safepoint "ICBufferFull", Time since last: 20081028 ns, Reaching safepoint: 428007 ns, At safepoint: 23400 ns, Total: 451407 ns
[24.411s][info ][safepoint      ] Safepoint "ICBufferFull", Time since last: 19152013 ns, Reaching safepoint: 147802 ns, At safepoint: 33201 ns, Total: 181003 ns
[24.418s][info ][safepoint      ] Safepoint "ICBufferFull", Time since last: 5934196 ns, Reaching safepoint: 453308 ns, At safepoint: 28800 ns, Total: 482108 ns
[24.424s][info ][safepoint      ] Safepoint "ICBufferFull", Time since last: 6254102 ns, Reaching safepoint: 116702 ns, At safepoint: 30001 ns, Total: 146703 ns
[24.463s][info ][safepoint      ] Safepoint "ICBufferFull", Time since last: 38898634 ns, Reaching safepoint: 124602 ns, At safepoint: 26401 ns, Total: 151003 ns
[24.484s][info ][safepoint      ] Safepoint "ICBufferFull", Time since last: 20558535 ns, Reaching safepoint: 190903 ns, At safepoint: 20800 ns, Total: 211703 ns
[24.491s][info ][safepoint      ] Safepoint "ICBufferFull", Time since last: 6993415 ns, Reaching safepoint: 112601 ns, At safepoint: 27801 ns, Total: 140402 ns
[24.512s][info ][safepoint      ] Safepoint "ICBufferFull", Time since last: 20446333 ns, Reaching safepoint: 131702 ns, At safepoint: 29401 ns, Total: 161103 ns
[24.531s][info ][safepoint      ] Safepoint "ICBufferFull", Time since last: 18962109 ns, Reaching safepoint: 128802 ns, At safepoint: 32401 ns, Total: 161203 ns
[24.534s][info ][gc,start       ] GC(41) Pause Young (Allocation Failure)
[24.642s][debug][gc,phases      ] GC(41) Scavenge 107.592ms
[24.642s][debug][gc,ref         ] GC(41) Skipped phase 1 of Reference Processing: no references
[24.642s][debug][gc,ref         ] GC(41) Skipped phase 3 of Reference Processing: no references
[24.642s][debug][gc,phases      ] GC(41) Reference Processing 0.048ms
[24.643s][debug][gc,phases      ] GC(41) Weak Processing 0.653ms
[24.643s][debug][gc,age         ] GC(41) Desired survivor size 332398592 bytes, new threshold 15 (max threshold 15)
[24.643s][info ][gc,heap        ] GC(41) PSYoungGen: 1676944K(1769472K)->218112K(1676800K) Eden: 1458176K(1458176K)->0K(1458176K) From: 218768K(311296K)->218112K(218624K)
[24.643s][info ][gc,heap        ] GC(41) ParOldGen: 256630K(312320K)->257506K(312320K)
[24.643s][info ][gc,metaspace   ] GC(41) Metaspace: 64450K(65024K)->64450K(65024K) NonClass: 55311K(55616K)->55311K(55616K) Class: 9138K(9408K)->9138K(9408K)
[24.643s][info ][gc             ] GC(41) Pause Young (Allocation Failure) 1888M->464M(1942M) 108.451ms
[24.643s][info ][gc,cpu         ] GC(41) User=0.43s Sys=0.00s Real=0.11s
[24.643s][info ][safepoint      ] Safepoint "ParallelGCFailedAllocation", Time since last: 3083750 ns, Reaching safepoint: 307805 ns, At safepoint: 108577371 ns, Total: 108885176 ns
[24.680s][info ][safepoint      ] Safepoint "ICBufferFull", Time since last: 36765400 ns, Reaching safepoint: 741612 ns, At safepoint: 22700 ns, Total: 764312 ns
[24.686s][info ][safepoint      ] Safepoint "ICBufferFull", Time since last: 5382088 ns, Reaching safepoint: 117402 ns, At safepoint: 22401 ns, Total: 139803 ns
[24.708s][info ][safepoint      ] Safepoint "ICBufferFull", Time since last: 22375865 ns, Reaching safepoint: 120502 ns, At safepoint: 26300 ns, Total: 146802 ns
[24.735s][info ][safepoint      ] Safepoint "ICBufferFull", Time since last: 26067725 ns, Reaching safepoint: 193203 ns, At safepoint: 21001 ns, Total: 214204 ns
[24.741s][info ][safepoint      ] Safepoint "ICBufferFull", Time since last: 5581891 ns, Reaching safepoint: 853014 ns, At safepoint: 22700 ns, Total: 875714 ns
[24.760s][info ][safepoint      ] Safepoint "ICBufferFull", Time since last: 19111112 ns, Reaching safepoint: 122402 ns, At safepoint: 22500 ns, Total: 144902 ns
[24.766s][info ][safepoint      ] Safepoint "ICBufferFull", Time since last: 5913897 ns, Reaching safepoint: 129302 ns, At safepoint: 27800 ns, Total: 157102 ns
[24.773s][info ][safepoint      ] Safepoint "ICBufferFull", Time since last: 6351804 ns, Reaching safepoint: 177003 ns, At safepoint: 29000 ns, Total: 206003 ns
[24.800s][info ][safepoint      ] Safepoint "ICBufferFull", Time since last: 26813637 ns, Reaching safepoint: 128503 ns, At safepoint: 27900 ns, Total: 156403 ns
[24.805s][info ][safepoint      ] Safepoint "ICBufferFull", Time since last: 4976381 ns, Reaching safepoint: 109302 ns, At safepoint: 25100 ns, Total: 134402 ns
[24.812s][info ][safepoint      ] Safepoint "ICBufferFull", Time since last: 6353504 ns, Reaching safepoint: 880714 ns, At safepoint: 23701 ns, Total: 904415 ns
[24.818s][info ][safepoint      ] Safepoint "ICBufferFull", Time since last: 5630192 ns, Reaching safepoint: 116201 ns, At safepoint: 23701 ns, Total: 139902 ns
[24.825s][info ][safepoint      ] Safepoint "ICBufferFull", Time since last: 7235918 ns, Reaching safepoint: 116802 ns, At safepoint: 21900 ns, Total: 138702 ns
[24.834s][info ][safepoint      ] Safepoint "ICBufferFull", Time since last: 8557440 ns, Reaching safepoint: 111802 ns, At safepoint: 22200 ns, Total: 134002 ns
[24.843s][info ][safepoint      ] Safepoint "ICBufferFull", Time since last: 9098348 ns, Reaching safepoint: 156203 ns, At safepoint: 23500 ns, Total: 179703 ns
[24.850s][info ][safepoint      ] Safepoint "ICBufferFull", Time since last: 6580508 ns, Reaching safepoint: 117202 ns, At safepoint: 22300 ns, Total: 139502 ns
[24.854s][info ][safepoint      ] Safepoint "ICBufferFull", Time since last: 4232269 ns, Reaching safepoint: 107502 ns, At safepoint: 22700 ns, Total: 130202 ns
[24.861s][info ][safepoint      ] Safepoint "ICBufferFull", Time since last: 5763594 ns, Reaching safepoint: 811513 ns, At safepoint: 29001 ns, Total: 840514 ns
[24.886s][info ][safepoint      ] Safepoint "ICBufferFull", Time since last: 25036308 ns, Reaching safepoint: 212804 ns, At safepoint: 26400 ns, Total: 239204 ns
[24.892s][info ][safepoint      ] Safepoint "ICBufferFull", Time since last: 5608292 ns, Reaching safepoint: 125002 ns, At safepoint: 27700 ns, Total: 152702 ns
[24.900s][info ][safepoint      ] Safepoint "ICBufferFull", Time since last: 7172317 ns, Reaching safepoint: 1013417 ns, At safepoint: 31100 ns, Total: 1044517 ns
[24.909s][info ][safepoint      ] Safepoint "ICBufferFull", Time since last: 5296286 ns, Reaching safepoint: 3229753 ns, At safepoint: 26501 ns, Total: 3256254 ns
[24.914s][info ][safepoint      ] Safepoint "ICBufferFull", Time since last: 4573574 ns, Reaching safepoint: 112202 ns, At safepoint: 29501 ns, Total: 141703 ns
[24.921s][info ][safepoint      ] Safepoint "ICBufferFull", Time since last: 7337619 ns, Reaching safepoint: 502508 ns, At safepoint: 31401 ns, Total: 533909 ns
[24.926s][info ][safepoint      ] Safepoint "ICBufferFull", Time since last: 4245569 ns, Reaching safepoint: 646611 ns, At safepoint: 25300 ns, Total: 671911 ns
[24.953s][info ][safepoint      ] Safepoint "ICBufferFull", Time since last: 25775921 ns, Reaching safepoint: 385006 ns, At safepoint: 26600 ns, Total: 411606 ns
[24.958s][info ][safepoint      ] Safepoint "ICBufferFull", Time since last: 4855379 ns, Reaching safepoint: 117302 ns, At safepoint: 24201 ns, Total: 141503 ns
[24.963s][info ][safepoint      ] Safepoint "ICBufferFull", Time since last: 5546290 ns, Reaching safepoint: 116902 ns, At safepoint: 26301 ns, Total: 143203 ns
[24.999s][info ][safepoint      ] Safepoint "ICBufferFull", Time since last: 35403077 ns, Reaching safepoint: 130402 ns, At safepoint: 30001 ns, Total: 160403 ns
[25.008s][info ][gc,start       ] GC(42) Pause Young (Allocation Failure)
[25.122s][debug][gc,phases      ] GC(42) Scavenge 114.381ms
[25.122s][debug][gc,ref         ] GC(42) Skipped phase 1 of Reference Processing: no references
[25.122s][debug][gc,ref         ] GC(42) Skipped phase 3 of Reference Processing: no references
[25.122s][debug][gc,phases      ] GC(42) Reference Processing 0.040ms
[25.123s][debug][gc,phases      ] GC(42) Weak Processing 0.560ms
[25.123s][debug][gc,age         ] GC(42) Desired survivor size 334495744 bytes, new threshold 15 (max threshold 15)
[25.123s][info ][gc,heap        ] GC(42) PSYoungGen: 1676288K(1676800K)->215840K(1768448K) Eden: 1458176K(1458176K)->0K(1443840K) From: 218112K(218624K)->215840K(324608K)
[25.123s][info ][gc,heap        ] GC(42) ParOldGen: 257506K(312320K)->260035K(312320K)
[25.123s][info ][gc,metaspace   ] GC(42) Metaspace: 64536K(65088K)->64536K(65088K) NonClass: 55397K(55680K)->55397K(55680K) Class: 9138K(9408K)->9138K(9408K)
[25.123s][info ][gc             ] GC(42) Pause Young (Allocation Failure) 1888M->464M(2032M) 115.116ms
[25.123s][info ][gc,cpu         ] GC(42) User=0.45s Sys=0.00s Real=0.11s
[25.123s][info ][safepoint      ] Safepoint "ParallelGCFailedAllocation", Time since last: 8753143 ns, Reaching safepoint: 132402 ns, At safepoint: 115217779 ns, Total: 115350181 ns
[25.131s][info ][safepoint      ] Safepoint "ICBufferFull", Time since last: 7614624 ns, Reaching safepoint: 480708 ns, At safepoint: 26901 ns, Total: 507609 ns
[25.153s][info ][safepoint      ] Safepoint "ICBufferFull", Time since last: 22162361 ns, Reaching safepoint: 137902 ns, At safepoint: 27701 ns, Total: 165603 ns
[25.167s][info ][safepoint      ] Safepoint "ICBufferFull", Time since last: 12825009 ns, Reaching safepoint: 919415 ns, At safepoint: 25600 ns, Total: 945015 ns
[25.186s][info ][safepoint      ] Safepoint "ICBufferFull", Time since last: 19018611 ns, Reaching safepoint: 117502 ns, At safepoint: 21400 ns, Total: 138902 ns
[25.194s][info ][safepoint      ] Safepoint "ICBufferFull", Time since last: 6049099 ns, Reaching safepoint: 2157935 ns, At safepoint: 28100 ns, Total: 2186035 ns
[25.212s][info ][safepoint      ] Safepoint "ICBufferFull", Time since last: 16790474 ns, Reaching safepoint: 580510 ns, At safepoint: 27300 ns, Total: 607810 ns
[25.244s][info ][safepoint      ] Safepoint "ICBufferFull", Time since last: 31912621 ns, Reaching safepoint: 135802 ns, At safepoint: 26200 ns, Total: 162002 ns
[25.249s][info ][safepoint      ] Safepoint "ICBufferFull", Time since last: 5308987 ns, Reaching safepoint: 74601 ns, At safepoint: 24300 ns, Total: 98901 ns
[25.322s][info ][safepoint      ] Safepoint "ICBufferFull", Time since last: 72625785 ns, Reaching safepoint: 120302 ns, At safepoint: 23901 ns, Total: 144203 ns
[25.351s][info ][safepoint      ] Safepoint "ICBufferFull", Time since last: 29170775 ns, Reaching safepoint: 126302 ns, At safepoint: 23701 ns, Total: 150003 ns
[25.371s][info ][safepoint      ] Safepoint "ICBufferFull", Time since last: 19874424 ns, Reaching safepoint: 118802 ns, At safepoint: 25900 ns, Total: 144702 ns
[25.392s][info ][safepoint      ] Safepoint "ICBufferFull", Time since last: 18537303 ns, Reaching safepoint: 2140035 ns, At safepoint: 31500 ns, Total: 2171535 ns
[25.398s][info ][safepoint      ] Safepoint "ICBufferFull", Time since last: 5264686 ns, Reaching safepoint: 115802 ns, At safepoint: 24700 ns, Total: 140502 ns
[25.435s][info ][safepoint      ] Safepoint "ICBufferFull", Time since last: 37423311 ns, Reaching safepoint: 137702 ns, At safepoint: 27300 ns, Total: 165002 ns
[25.441s][info ][safepoint      ] Safepoint "ICBufferFull", Time since last: 5562791 ns, Reaching safepoint: 118302 ns, At safepoint: 25401 ns, Total: 143703 ns
[25.447s][info ][gc,start       ] GC(43) Pause Young (Allocation Failure)
[25.542s][debug][gc,phases      ] GC(43) Scavenge 95.243ms
[25.542s][debug][gc,ref         ] GC(43) Skipped phase 1 of Reference Processing: no references
[25.542s][debug][gc,ref         ] GC(43) Skipped phase 3 of Reference Processing: no references
[25.542s][debug][gc,phases      ] GC(43) Reference Processing 0.038ms
[25.543s][debug][gc,phases      ] GC(43) Weak Processing 0.507ms
[25.543s][debug][gc,age         ] GC(43) Desired survivor size 333971456 bytes, new threshold 15 (max threshold 15)
[25.543s][info ][gc,heap        ] GC(43) PSYoungGen: 1659680K(1768448K)->212496K(1770496K) Eden: 1443840K(1443840K)->0K(1443840K) From: 215840K(324608K)->212496K(326656K)
[25.543s][info ][gc,heap        ] GC(43) ParOldGen: 260035K(312320K)->263623K(312320K)
[25.543s][info ][gc,metaspace   ] GC(43) Metaspace: 64547K(65088K)->64547K(65088K) NonClass: 55408K(55680K)->55408K(55680K) Class: 9138K(9408K)->9138K(9408K)
[25.543s][info ][gc             ] GC(43) Pause Young (Allocation Failure) 1874M->464M(2034M) 95.910ms
[25.543s][info ][gc,cpu         ] GC(43) User=0.38s Sys=0.00s Real=0.09s
[25.543s][info ][safepoint      ] Safepoint "ParallelGCFailedAllocation", Time since last: 5911496 ns, Reaching safepoint: 110902 ns, At safepoint: 96019166 ns, Total: 96130068 ns
[25.560s][info ][safepoint      ] Safepoint "ICBufferFull", Time since last: 17314983 ns, Reaching safepoint: 122602 ns, At safepoint: 23100 ns, Total: 145702 ns
[25.564s][info ][safepoint      ] Safepoint "ICBufferFull", Time since last: 3983765 ns, Reaching safepoint: 52901 ns, At safepoint: 19800 ns, Total: 72701 ns
[25.868s][info ][gc,start       ] GC(44) Pause Young (Allocation Failure)
[25.967s][debug][gc,phases      ] GC(44) Scavenge 99.263ms
[25.967s][debug][gc,ref         ] GC(44) Skipped phase 1 of Reference Processing: no references
[25.967s][debug][gc,ref         ] GC(44) Skipped phase 3 of Reference Processing: no references
[25.967s][debug][gc,phases      ] GC(44) Reference Processing 0.032ms
[25.968s][debug][gc,phases      ] GC(44) Weak Processing 0.502ms
[25.968s][debug][gc,age         ] GC(44) Desired survivor size 331350016 bytes, new threshold 15 (max threshold 15)
[25.968s][info ][gc,heap        ] GC(44) PSYoungGen: 1656336K(1770496K)->209984K(1773568K) Eden: 1443840K(1443840K)->0K(1447424K) From: 212496K(326656K)->209984K(326144K)
[25.968s][info ][gc,heap        ] GC(44) ParOldGen: 263623K(312320K)->266508K(312320K)
[25.968s][info ][gc,metaspace   ] GC(44) Metaspace: 64552K(65152K)->64552K(65152K) NonClass: 55414K(55744K)->55414K(55744K) Class: 9138K(9408K)->9138K(9408K)
[25.968s][info ][gc             ] GC(44) Pause Young (Allocation Failure) 1874M->465M(2037M) 99.954ms
[25.968s][info ][gc,cpu         ] GC(44) User=0.41s Sys=0.00s Real=0.10s
[25.968s][info ][safepoint      ] Safepoint "ParallelGCFailedAllocation", Time since last: 303302648 ns, Reaching safepoint: 153402 ns, At safepoint: 100062632 ns, Total: 100216034 ns
[26.268s][info ][gc,start       ] GC(45) Pause Young (Allocation Failure)
[26.372s][debug][gc,phases      ] GC(45) Scavenge 103.526ms
[26.372s][debug][gc,ref         ] GC(45) Skipped phase 1 of Reference Processing: no references
[26.372s][debug][gc,ref         ] GC(45) Skipped phase 3 of Reference Processing: no references
[26.372s][debug][gc,phases      ] GC(45) Reference Processing 0.040ms
[26.373s][debug][gc,phases      ] GC(45) Weak Processing 0.512ms
[26.373s][debug][gc,age         ] GC(45) Desired survivor size 327155712 bytes, new threshold 15 (max threshold 15)
[26.373s][info ][gc,heap        ] GC(45) PSYoungGen: 1657408K(1773568K)->206736K(1771008K) Eden: 1447424K(1447424K)->0K(1447424K) From: 209984K(326144K)->206736K(323584K)
[26.373s][info ][gc,heap        ] GC(45) ParOldGen: 266508K(312320K)->270138K(312320K)
[26.373s][info ][gc,metaspace   ] GC(45) Metaspace: 64568K(65152K)->64568K(65152K) NonClass: 55429K(55744K)->55429K(55744K) Class: 9138K(9408K)->9138K(9408K)
[26.373s][info ][gc             ] GC(45) Pause Young (Allocation Failure) 1878M->465M(2034M) 104.212ms
[26.373s][info ][gc,cpu         ] GC(45) User=0.42s Sys=0.00s Real=0.10s
[26.373s][info ][safepoint      ] Safepoint "ParallelGCFailedAllocation", Time since last: 299590787 ns, Reaching safepoint: 745513 ns, At safepoint: 104323601 ns, Total: 105069114 ns
[26.688s][info ][gc,start       ] GC(46) Pause Young (Allocation Failure)
[26.791s][debug][gc,phases      ] GC(46) Scavenge 102.378ms
[26.791s][debug][gc,ref         ] GC(46) Skipped phase 1 of Reference Processing: no references
[26.791s][debug][gc,ref         ] GC(46) Skipped phase 3 of Reference Processing: no references
[26.791s][debug][gc,phases      ] GC(46) Reference Processing 0.039ms
[26.791s][debug][gc,phases      ] GC(46) Weak Processing 0.584ms
[26.791s][debug][gc,age         ] GC(46) Desired survivor size 321388544 bytes, new threshold 15 (max threshold 15)
[26.791s][info ][gc,heap        ] GC(46) PSYoungGen: 1654160K(1771008K)->204016K(1783296K) Eden: 1447424K(1447424K)->0K(1463808K) From: 206736K(323584K)->204016K(319488K)
[26.791s][info ][gc,heap        ] GC(46) ParOldGen: 270138K(312320K)->273436K(312320K)
[26.791s][info ][gc,metaspace   ] GC(46) Metaspace: 64573K(65152K)->64573K(65152K) NonClass: 55434K(55744K)->55434K(55744K) Class: 9138K(9408K)->9138K(9408K)
[26.791s][info ][gc             ] GC(46) Pause Young (Allocation Failure) 1879M->466M(2046M) 103.161ms
[26.791s][info ][gc,cpu         ] GC(46) User=0.41s Sys=0.00s Real=0.10s
[26.791s][info ][safepoint      ] Safepoint "ParallelGCFailedAllocation", Time since last: 314796235 ns, Reaching safepoint: 789813 ns, At safepoint: 103277785 ns, Total: 104067598 ns
[27.092s][info ][gc,start       ] GC(47) Pause Young (Allocation Failure)
[27.165s][debug][gc,phases      ] GC(47) Scavenge 72.724ms
[27.165s][debug][gc,ref         ] GC(47) Skipped phase 1 of Reference Processing: no references
[27.165s][debug][gc,ref         ] GC(47) Skipped phase 3 of Reference Processing: no references
[27.165s][debug][gc,phases      ] GC(47) Reference Processing 0.034ms
[27.165s][debug][gc,phases      ] GC(47) Weak Processing 0.466ms
[27.165s][debug][gc,age         ] GC(47) Desired survivor size 313524224 bytes, new threshold 15 (max threshold 15)
[27.165s][info ][gc,heap        ] GC(47) PSYoungGen: 1667824K(1783296K)->198944K(1777664K) Eden: 1463808K(1463808K)->0K(1463808K) From: 204016K(319488K)->198944K(313856K)
[27.165s][info ][gc,heap        ] GC(47) ParOldGen: 273436K(312320K)->278986K(312320K)
[27.165s][info ][gc,metaspace   ] GC(47) Metaspace: 64599K(65152K)->64599K(65152K) NonClass: 55460K(55744K)->55460K(55744K) Class: 9138K(9408K)->9138K(9408K)
[27.165s][info ][gc             ] GC(47) Pause Young (Allocation Failure) 1895M->466M(2041M) 73.374ms
[27.165s][info ][gc,cpu         ] GC(47) User=0.29s Sys=0.00s Real=0.08s
[27.165s][info ][safepoint      ] Safepoint "ParallelGCFailedAllocation", Time since last: 299456285 ns, Reaching safepoint: 942715 ns, At safepoint: 73499099 ns, Total: 74441814 ns
[27.364s][info ][safepoint      ] Safepoint "ICBufferFull", Time since last: 198436537 ns, Reaching safepoint: 249504 ns, At safepoint: 33401 ns, Total: 282905 ns
[27.480s][info ][gc,start       ] GC(48) Pause Young (Allocation Failure)
[27.549s][debug][gc,phases      ] GC(48) Scavenge 68.633ms
[27.549s][debug][gc,ref         ] GC(48) Skipped phase 1 of Reference Processing: no references
[27.549s][debug][gc,ref         ] GC(48) Skipped phase 3 of Reference Processing: no references
[27.549s][debug][gc,phases      ] GC(48) Reference Processing 0.036ms
[27.549s][debug][gc,phases      ] GC(48) Weak Processing 0.463ms
[27.549s][debug][gc,age         ] GC(48) Desired survivor size 304611328 bytes, new threshold 15 (max threshold 15)
[27.549s][info ][gc,heap        ] GC(48) PSYoungGen: 1662752K(1777664K)->195104K(1799680K) Eden: 1463808K(1463808K)->0K(1493504K) From: 198944K(313856K)->195104K(306176K)
[27.549s][info ][gc,heap        ] GC(48) ParOldGen: 278986K(312320K)->283039K(312320K)
[27.549s][info ][gc,metaspace   ] GC(48) Metaspace: 64648K(65216K)->64648K(65216K) NonClass: 55509K(55808K)->55509K(55808K) Class: 9138K(9408K)->9138K(9408K)
[27.549s][info ][gc             ] GC(48) Pause Young (Allocation Failure) 1896M->466M(2062M) 69.268ms
[27.549s][info ][gc,cpu         ] GC(48) User=0.27s Sys=0.00s Real=0.07s
[27.549s][info ][safepoint      ] Safepoint "ParallelGCFailedAllocation", Time since last: 115541285 ns, Reaching safepoint: 186803 ns, At safepoint: 69379132 ns, Total: 69565935 ns
[27.891s][info ][gc,start       ] GC(49) Pause Young (Allocation Failure)
[27.946s][debug][gc,phases      ] GC(49) Scavenge 55.237ms
[27.946s][debug][gc,ref         ] GC(49) Skipped phase 1 of Reference Processing: no references
[27.946s][debug][gc,ref         ] GC(49) Skipped phase 3 of Reference Processing: no references
[27.946s][debug][gc,phases      ] GC(49) Reference Processing 0.044ms
[27.947s][debug][gc,phases      ] GC(49) Weak Processing 0.471ms
[27.947s][debug][gc,age         ] GC(49) Desired survivor size 294125568 bytes, new threshold 15 (max threshold 15)
[27.947s][info ][gc,heap        ] GC(49) PSYoungGen: 1688608K(1799680K)->188768K(1790976K) Eden: 1493504K(1493504K)->0K(1493504K) From: 195104K(306176K)->188768K(297472K)
[27.947s][info ][gc,heap        ] GC(49) ParOldGen: 283039K(312320K)->289606K(312320K)
[27.947s][info ][gc,metaspace   ] GC(49) Metaspace: 64653K(65216K)->64653K(65216K) NonClass: 55514K(55808K)->55514K(55808K) Class: 9138K(9408K)->9138K(9408K)
[27.947s][info ][gc             ] GC(49) Pause Young (Allocation Failure) 1925M->467M(2054M) 55.882ms
[27.947s][info ][gc,cpu         ] GC(49) User=0.22s Sys=0.00s Real=0.06s
[27.947s][info ][safepoint      ] Safepoint "ParallelGCFailedAllocation", Time since last: 340778359 ns, Reaching safepoint: 907014 ns, At safepoint: 55983914 ns, Total: 56890928 ns
[28.288s][info ][gc,start       ] GC(50) Pause Young (Allocation Failure)
[28.344s][debug][gc,phases      ] GC(50) Scavenge 55.234ms
[28.344s][debug][gc,ref         ] GC(50) Skipped phase 1 of Reference Processing: no references
[28.344s][debug][gc,ref         ] GC(50) Skipped phase 3 of Reference Processing: no references
[28.344s][debug][gc,phases      ] GC(50) Reference Processing 0.033ms
[28.344s][debug][gc,phases      ] GC(50) Weak Processing 0.534ms
[28.344s][debug][gc,age         ] GC(50) Desired survivor size 295174144 bytes, new threshold 15 (max threshold 15)
[28.344s][info ][gc,heap        ] GC(50) PSYoungGen: 1682272K(1790976K)->122192K(1807872K) Eden: 1493504K(1493504K)->0K(1520640K) From: 188768K(297472K)->122192K(287232K)
[28.344s][info ][gc,heap        ] GC(50) ParOldGen: 289606K(312320K)->359119K(359424K)
[28.344s][info ][gc,metaspace   ] GC(50) Metaspace: 64659K(65216K)->64659K(65216K) NonClass: 55520K(55808K)->55520K(55808K) Class: 9138K(9408K)->9138K(9408K)
[28.344s][info ][gc             ] GC(50) Pause Young (Allocation Failure) 1925M->470M(2116M) 55.943ms
[28.344s][info ][gc,cpu         ] GC(50) User=0.20s Sys=0.02s Real=0.06s
[28.344s][debug][gc,phases      ] GC(51) Pre Compact 0.008ms
[28.344s][info ][gc,start       ] GC(51) Pause Full (Ergonomics)
[28.344s][info ][gc,phases,start] GC(51) Marking Phase
[28.449s][debug][gc,phases      ] GC(51) Par Mark 104.654ms
[28.449s][debug][gc,ref         ] GC(51) Skipped phase 1 of Reference Processing: no references
[28.449s][debug][gc,ref         ] GC(51) Skipped phase 3 of Reference Processing: no references
[28.449s][debug][gc,phases      ] GC(51) Reference Processing 0.285ms
[28.450s][debug][gc,phases      ] GC(51) Weak Processing 0.500ms
[28.450s][debug][gc,phases      ] GC(51) ClassLoaderData 0.056ms
[28.450s][debug][gc,phases      ] GC(51) Trigger cleanups 0.000ms
[28.460s][debug][gc,phases      ] GC(51) Class Unloading 10.128ms
[28.460s][info ][gc,phases      ] GC(51) Marking Phase 115.674ms
[28.460s][info ][gc,phases,start] GC(51) Summary Phase
[28.460s][info ][gc,phases      ] GC(51) Summary Phase 0.016ms
[28.460s][info ][gc,phases,start] GC(51) Adjust Roots
[28.469s][info ][gc,phases      ] GC(51) Adjust Roots 8.659ms
[28.469s][info ][gc,phases,start] GC(51) Compaction Phase
[28.549s][info ][gc,phases      ] GC(51) Compaction Phase 79.977ms
[28.549s][info ][gc,phases,start] GC(51) Post Compact
[28.550s][info ][gc,phases      ] GC(51) Post Compact 1.569ms
[28.551s][info ][gc,heap        ] GC(51) PSYoungGen: 122192K(1807872K)->0K(1808896K) Eden: 0K(1520640K)->0K(1520640K) From: 122192K(287232K)->0K(288256K)
[28.551s][info ][gc,heap        ] GC(51) ParOldGen: 359119K(359424K)->274117K(356352K)
[28.551s][info ][gc,metaspace   ] GC(51) Metaspace: 64659K(65216K)->64659K(65216K) NonClass: 55520K(55808K)->55520K(55808K) Class: 9138K(9408K)->9138K(9408K)
[28.551s][info ][gc             ] GC(51) Pause Full (Ergonomics) 470M->267M(2114M) 206.217ms
[28.551s][info ][gc,cpu         ] GC(51) User=0.76s Sys=0.00s Real=0.20s
[28.564s][info ][safepoint      ] Safepoint "ParallelGCFailedAllocation", Time since last: 339347935 ns, Reaching safepoint: 2184036 ns, At safepoint: 275748998 ns, Total: 277933034 ns
[28.847s][info ][gc,start       ] GC(52) Pause Young (Allocation Failure)
[28.849s][debug][gc,phases      ] GC(52) Scavenge 1.545ms
[28.849s][debug][gc,ref         ] GC(52) Skipped phase 1 of Reference Processing: no references
[28.849s][debug][gc,ref         ] GC(52) Skipped phase 2 of Reference Processing: no references
[28.849s][debug][gc,ref         ] GC(52) Skipped phase 3 of Reference Processing: no references
[28.849s][debug][gc,ref         ] GC(52) Skipped phase 4 of Reference Processing: no references
[28.849s][debug][gc,phases      ] GC(52) Reference Processing 0.020ms
[28.850s][debug][gc,phases      ] GC(52) Weak Processing 0.457ms
[28.850s][debug][gc,age         ] GC(52) Desired survivor size 315621376 bytes, new threshold 15 (max threshold 15)
[28.850s][info ][gc,heap        ] GC(52) PSYoungGen: 1520640K(1808896K)->672K(1768960K) Eden: 1520640K(1520640K)->0K(1480704K) From: 0K(288256K)->672K(288256K)
[28.850s][info ][gc,heap        ] GC(52) ParOldGen: 274117K(356352K)->274117K(356352K)
[28.850s][info ][gc,metaspace   ] GC(52) Metaspace: 64659K(65216K)->64659K(65216K) NonClass: 55520K(55808K)->55520K(55808K) Class: 9138K(9408K)->9138K(9408K)
[28.850s][info ][gc             ] GC(52) Pause Young (Allocation Failure) 1752M->268M(2075M) 2.170ms
[28.850s][info ][gc,cpu         ] GC(52) User=0.01s Sys=0.00s Real=0.00s
[28.850s][info ][safepoint      ] Safepoint "ParallelGCFailedAllocation", Time since last: 283103319 ns, Reaching safepoint: 153602 ns, At safepoint: 2273737 ns, Total: 2427339 ns
[29.181s][info ][gc,start       ] GC(53) Pause Young (Allocation Failure)
[29.184s][debug][gc,phases      ] GC(53) Scavenge 3.197ms
[29.184s][debug][gc,ref         ] GC(53) Skipped phase 1 of Reference Processing: no references
[29.184s][debug][gc,ref         ] GC(53) Skipped phase 2 of Reference Processing: no references
[29.184s][debug][gc,ref         ] GC(53) Skipped phase 3 of Reference Processing: no references
[29.184s][debug][gc,ref         ] GC(53) Skipped phase 4 of Reference Processing: no references
[29.184s][debug][gc,phases      ] GC(53) Reference Processing 0.023ms
[29.185s][debug][gc,phases      ] GC(53) Weak Processing 0.443ms
[29.185s][debug][gc,age         ] GC(53) Desired survivor size 328728576 bytes, new threshold 15 (max threshold 15)
[29.185s][info ][gc,heap        ] GC(53) PSYoungGen: 1481376K(1768960K)->2272K(1483264K) Eden: 1480704K(1480704K)->0K(1480704K) From: 672K(288256K)->2272K(2560K)
[29.185s][info ][gc,heap        ] GC(53) ParOldGen: 274117K(356352K)->274117K(356352K)
[29.185s][info ][gc,metaspace   ] GC(53) Metaspace: 64663K(65216K)->64663K(65216K) NonClass: 55524K(55808K)->55524K(55808K) Class: 9138K(9408K)->9138K(9408K)
[29.185s][info ][gc             ] GC(53) Pause Young (Allocation Failure) 1714M->269M(1796M) 3.815ms
[29.185s][info ][gc,cpu         ] GC(53) User=0.00s Sys=0.01s Real=0.01s
[29.185s][info ][safepoint      ] Safepoint "ParallelGCFailedAllocation", Time since last: 330977300 ns, Reaching safepoint: 142902 ns, At safepoint: 3926264 ns, Total: 4069166 ns
[29.469s][info ][gc,start       ] GC(54) Pause Young (Allocation Failure)
[29.471s][debug][gc,phases      ] GC(54) Scavenge 2.254ms
[29.471s][debug][gc,ref         ] GC(54) Skipped phase 1 of Reference Processing: no references
[29.471s][debug][gc,ref         ] GC(54) Skipped phase 2 of Reference Processing: no references
[29.471s][debug][gc,ref         ] GC(54) Skipped phase 3 of Reference Processing: no references
[29.471s][debug][gc,ref         ] GC(54) Skipped phase 4 of Reference Processing: no references
[29.471s][debug][gc,phases      ] GC(54) Reference Processing 0.030ms
[29.472s][debug][gc,phases      ] GC(54) Weak Processing 0.492ms
[29.472s][debug][gc,age         ] GC(54) Desired survivor size 336068608 bytes, new threshold 15 (max threshold 15)
[29.472s][info ][gc,heap        ] GC(54) PSYoungGen: 1482976K(1483264K)->2400K(1761792K) Eden: 1480704K(1480704K)->0K(1440768K) From: 2272K(2560K)->2400K(321024K)
[29.472s][info ][gc,heap        ] GC(54) ParOldGen: 274117K(356352K)->274117K(356352K)
[29.472s][info ][gc,metaspace   ] GC(54) Metaspace: 64673K(65216K)->64673K(65216K) NonClass: 55534K(55808K)->55534K(55808K) Class: 9138K(9408K)->9138K(9408K)
[29.472s][info ][gc             ] GC(54) Pause Young (Allocation Failure) 1715M->270M(2068M) 2.900ms
[29.472s][info ][gc,cpu         ] GC(54) User=0.01s Sys=0.00s Real=0.00s
[29.472s][info ][safepoint      ] Safepoint "ParallelGCFailedAllocation", Time since last: 284187036 ns, Reaching safepoint: 65501 ns, At safepoint: 3002249 ns, Total: 3067750 ns
[29.801s][info ][gc,start       ] GC(55) Pause Young (Allocation Failure)
[29.803s][debug][gc,phases      ] GC(55) Scavenge 2.639ms
[29.803s][debug][gc,ref         ] GC(55) Skipped phase 1 of Reference Processing: no references
[29.803s][debug][gc,ref         ] GC(55) Skipped phase 2 of Reference Processing: no references
[29.803s][debug][gc,ref         ] GC(55) Skipped phase 3 of Reference Processing: no references
[29.803s][debug][gc,ref         ] GC(55) Skipped phase 4 of Reference Processing: no references
[29.803s][debug][gc,phases      ] GC(55) Reference Processing 0.039ms
[29.804s][debug][gc,phases      ] GC(55) Weak Processing 0.498ms
[29.804s][debug][gc,age         ] GC(55) Desired survivor size 338165760 bytes, new threshold 15 (max threshold 15)
[29.804s][info ][gc,heap        ] GC(55) PSYoungGen: 1443168K(1761792K)->2592K(1443840K) Eden: 1440768K(1440768K)->0K(1440768K) From: 2400K(321024K)->2592K(3072K)
[29.804s][info ][gc,heap        ] GC(55) ParOldGen: 274117K(356352K)->274117K(356352K)
[29.804s][info ][gc,metaspace   ] GC(55) Metaspace: 64674K(65216K)->64674K(65216K) NonClass: 55535K(55808K)->55535K(55808K) Class: 9138K(9408K)->9138K(9408K)
[29.804s][info ][gc             ] GC(55) Pause Young (Allocation Failure) 1677M->270M(1758M) 3.313ms
[29.804s][info ][gc,cpu         ] GC(55) User=0.01s Sys=0.00s Real=0.00s
[29.804s][info ][safepoint      ] Safepoint "ParallelGCFailedAllocation", Time since last: 325276406 ns, Reaching safepoint: 3191252 ns, At safepoint: 3422756 ns, Total: 6614008 ns
[30.099s][info ][gc,start       ] GC(56) Pause Young (Allocation Failure)
[30.102s][debug][gc,phases      ] GC(56) Scavenge 3.105ms
[30.102s][debug][gc,ref         ] GC(56) Skipped phase 1 of Reference Processing: no references
[30.102s][debug][gc,ref         ] GC(56) Skipped phase 2 of Reference Processing: no references
[30.102s][debug][gc,ref         ] GC(56) Skipped phase 3 of Reference Processing: no references
[30.102s][debug][gc,ref         ] GC(56) Skipped phase 4 of Reference Processing: no references
[30.102s][debug][gc,phases      ] GC(56) Reference Processing 0.209ms
[30.103s][debug][gc,phases      ] GC(56) Weak Processing 0.503ms
[30.103s][debug][gc,age         ] GC(56) Desired survivor size 337117184 bytes, new threshold 15 (max threshold 15)
[30.103s][info ][gc,heap        ] GC(56) PSYoungGen: 1443360K(1443840K)->2752K(1767936K) Eden: 1440768K(1440768K)->0K(1437696K) From: 2592K(3072K)->2752K(330240K)
[30.103s][info ][gc,heap        ] GC(56) ParOldGen: 274117K(356352K)->274117K(356352K)
[30.103s][info ][gc,metaspace   ] GC(56) Metaspace: 64675K(65216K)->64675K(65216K) NonClass: 55536K(55808K)->55536K(55808K) Class: 9138K(9408K)->9138K(9408K)
[30.103s][info ][gc             ] GC(56) Pause Young (Allocation Failure) 1677M->270M(2074M) 3.955ms
[30.103s][info ][gc,cpu         ] GC(56) User=0.02s Sys=0.00s Real=0.00s
[30.103s][info ][safepoint      ] Safepoint "ParallelGCFailedAllocation", Time since last: 294698808 ns, Reaching safepoint: 141102 ns, At safepoint: 4061066 ns, Total: 4202168 ns
[30.385s][info ][gc,start       ] GC(57) Pause Young (Allocation Failure)
[30.388s][debug][gc,phases      ] GC(57) Scavenge 2.918ms
[30.388s][debug][gc,ref         ] GC(57) Skipped phase 1 of Reference Processing: no references
[30.388s][debug][gc,ref         ] GC(57) Skipped phase 2 of Reference Processing: no references
[30.388s][debug][gc,ref         ] GC(57) Skipped phase 3 of Reference Processing: no references
[30.388s][debug][gc,ref         ] GC(57) Skipped phase 4 of Reference Processing: no references
[30.388s][debug][gc,phases      ] GC(57) Reference Processing 0.030ms
[30.389s][debug][gc,phases      ] GC(57) Weak Processing 0.611ms
[30.389s][debug][gc,age         ] GC(57) Desired survivor size 332398592 bytes, new threshold 15 (max threshold 15)
[30.389s][info ][gc,heap        ] GC(57) PSYoungGen: 1440448K(1767936K)->2880K(1766912K) Eden: 1437696K(1437696K)->0K(1437696K) From: 2752K(330240K)->2880K(329216K)
[30.389s][info ][gc,heap        ] GC(57) ParOldGen: 274117K(356352K)->274117K(356352K)
[30.389s][info ][gc,metaspace   ] GC(57) Metaspace: 64675K(65216K)->64675K(65216K) NonClass: 55536K(55808K)->55536K(55808K) Class: 9138K(9408K)->9138K(9408K)
[30.389s][info ][gc             ] GC(57) Pause Young (Allocation Failure) 1674M->270M(2073M) 3.714ms
[30.389s][info ][gc,cpu         ] GC(57) User=0.01s Sys=0.00s Real=0.00s
[30.389s][info ][safepoint      ] Safepoint "ParallelGCFailedAllocation", Time since last: 279202755 ns, Reaching safepoint: 3216953 ns, At safepoint: 3830962 ns, Total: 7047915 ns
[30.705s][info ][gc,start       ] GC(58) Pause Young (Allocation Failure)
[30.709s][debug][gc,phases      ] GC(58) Scavenge 3.904ms
[30.709s][debug][gc,ref         ] GC(58) Skipped phase 1 of Reference Processing: no references
[30.709s][debug][gc,ref         ] GC(58) Skipped phase 3 of Reference Processing: no references
[30.709s][debug][gc,phases      ] GC(58) Reference Processing 0.039ms
[30.710s][debug][gc,phases      ] GC(58) Weak Processing 0.603ms
[30.710s][debug][gc,age         ] GC(58) Desired survivor size 325582848 bytes, new threshold 15 (max threshold 15)
[30.710s][info ][gc,heap        ] GC(58) PSYoungGen: 1440576K(1766912K)->3456K(1779200K) Eden: 1437696K(1437696K)->0K(1454592K) From: 2880K(329216K)->3456K(324608K)
[30.710s][info ][gc,heap        ] GC(58) ParOldGen: 274117K(356352K)->274117K(356352K)
[30.710s][info ][gc,metaspace   ] GC(58) Metaspace: 65973K(66496K)->65973K(66496K) NonClass: 56592K(56896K)->56592K(56896K) Class: 9381K(9600K)->9381K(9600K)
[30.710s][info ][gc             ] GC(58) Pause Young (Allocation Failure) 1674M->271M(2085M) 4.706ms
[30.710s][info ][gc,cpu         ] GC(58) User=0.02s Sys=0.00s Real=0.00s
[30.710s][info ][safepoint      ] Safepoint "ParallelGCFailedAllocation", Time since last: 313943222 ns, Reaching safepoint: 2151235 ns, At safepoint: 4819679 ns, Total: 6970914 ns
[31.096s][info ][gc,start       ] GC(59) Pause Young (Allocation Failure)
[31.100s][debug][gc,phases      ] GC(59) Scavenge 3.668ms
[31.100s][debug][gc,ref         ] GC(59) Skipped phase 1 of Reference Processing: no references
[31.100s][debug][gc,ref         ] GC(59) Skipped phase 3 of Reference Processing: no references
[31.100s][debug][gc,phases      ] GC(59) Reference Processing 0.059ms
[31.101s][debug][gc,phases      ] GC(59) Weak Processing 0.614ms
[31.101s][debug][gc,age         ] GC(59) Desired survivor size 316669952 bytes, new threshold 15 (max threshold 15)
[31.101s][info ][gc,heap        ] GC(59) PSYoungGen: 1458048K(1779200K)->4352K(1772544K) Eden: 1454592K(1454592K)->0K(1454592K) From: 3456K(324608K)->4352K(317952K)
[31.101s][info ][gc,heap        ] GC(59) ParOldGen: 274117K(356352K)->274125K(356352K)
[31.101s][info ][gc,metaspace   ] GC(59) Metaspace: 67282K(67904K)->67282K(67904K) NonClass: 57733K(58048K)->57733K(58048K) Class: 9548K(9856K)->9548K(9856K)
[31.101s][info ][gc             ] GC(59) Pause Young (Allocation Failure) 1691M->271M(2079M) 4.485ms
[31.101s][info ][gc,cpu         ] GC(59) User=0.01s Sys=0.00s Real=0.00s
[31.101s][info ][safepoint      ] Safepoint "ParallelGCFailedAllocation", Time since last: 384132666 ns, Reaching safepoint: 2185836 ns, At safepoint: 4613375 ns, Total: 6799211 ns
[31.391s][info ][gc,start       ] GC(60) Pause Young (Allocation Failure)
[31.396s][debug][gc,phases      ] GC(60) Scavenge 5.475ms
[31.396s][debug][gc,ref         ] GC(60) Skipped phase 1 of Reference Processing: no references
[31.396s][debug][gc,ref         ] GC(60) Skipped phase 3 of Reference Processing: no references
[31.396s][debug][gc,phases      ] GC(60) Reference Processing 0.046ms
[31.397s][debug][gc,phases      ] GC(60) Weak Processing 0.593ms
[31.397s][debug][gc,age         ] GC(60) Desired survivor size 305659904 bytes, new threshold 15 (max threshold 15)
[31.397s][info ][gc,heap        ] GC(60) PSYoungGen: 1458944K(1772544K)->6325K(1798656K) Eden: 1454592K(1454592K)->0K(1489408K) From: 4352K(317952K)->6325K(309248K)
[31.397s][info ][gc,heap        ] GC(60) ParOldGen: 274125K(356352K)->274133K(356352K)
[31.397s][info ][gc,metaspace   ] GC(60) Metaspace: 69941K(70528K)->69941K(70528K) NonClass: 60091K(60416K)->60091K(60416K) Class: 9850K(10112K)->9850K(10112K)
[31.397s][info ][gc             ] GC(60) Pause Young (Allocation Failure) 1692M->273M(2104M) 6.252ms
[31.397s][info ][gc,cpu         ] GC(60) User=0.03s Sys=0.00s Real=0.01s
[31.397s][info ][safepoint      ] Safepoint "ParallelGCFailedAllocation", Time since last: 289522923 ns, Reaching safepoint: 257105 ns, At safepoint: 6366304 ns, Total: 6623409 ns
[31.773s][info ][gc,start       ] GC(61) Pause Young (Allocation Failure)
[31.782s][debug][gc,phases      ] GC(61) Scavenge 8.370ms
[31.782s][debug][gc,ref         ] GC(61) Skipped phase 1 of Reference Processing: no references
[31.782s][debug][gc,ref         ] GC(61) Skipped phase 3 of Reference Processing: no references
[31.782s][debug][gc,phases      ] GC(61) Reference Processing 0.040ms
[31.782s][debug][gc,phases      ] GC(61) Weak Processing 0.632ms
[31.782s][debug][gc,age         ] GC(61) Desired survivor size 293601280 bytes, new threshold 15 (max threshold 15)
[31.782s][info ][gc,heap        ] GC(61) PSYoungGen: 1495733K(1798656K)->7364K(1787904K) Eden: 1489408K(1489408K)->0K(1489408K) From: 6325K(309248K)->7364K(298496K)
[31.782s][info ][gc,heap        ] GC(61) ParOldGen: 274133K(356352K)->274141K(356352K)
[31.782s][info ][gc,metaspace   ] GC(61) Metaspace: 71940K(72576K)->71940K(72576K) NonClass: 61814K(62144K)->61814K(62144K) Class: 10126K(10432K)->10126K(10432K)
[31.782s][info ][gc             ] GC(61) Pause Young (Allocation Failure) 1728M->274M(2094M) 9.195ms
[31.782s][info ][gc,cpu         ] GC(61) User=0.03s Sys=0.00s Real=0.01s
[31.782s][info ][safepoint      ] Safepoint "ParallelGCFailedAllocation", Time since last: 372695380 ns, Reaching safepoint: 3343254 ns, At safepoint: 9325952 ns, Total: 12669206 ns
[32.044s][info ][safepoint      ] Safepoint "ICBufferFull", Time since last: 260748554 ns, Reaching safepoint: 1219620 ns, At safepoint: 35801 ns, Total: 1255421 ns
[32.125s][info ][gc,start       ] GC(62) Pause Young (Allocation Failure)
[32.133s][debug][gc,phases      ] GC(62) Scavenge 8.142ms
[32.133s][debug][gc,ref         ] GC(62) Skipped phase 1 of Reference Processing: no references
[32.133s][debug][gc,ref         ] GC(62) Skipped phase 3 of Reference Processing: no references
[32.133s][debug][gc,phases      ] GC(62) Reference Processing 0.060ms
[32.133s][debug][gc,phases      ] GC(62) Weak Processing 0.578ms
[32.133s][debug][gc,age         ] GC(62) Desired survivor size 279969792 bytes, new threshold 15 (max threshold 15)
[32.133s][info ][gc,heap        ] GC(62) PSYoungGen: 1496772K(1787904K)->16354K(1823744K) Eden: 1489408K(1489408K)->0K(1537024K) From: 7364K(298496K)->16354K(286720K)
[32.133s][info ][gc,heap        ] GC(62) ParOldGen: 274141K(356352K)->274149K(356352K)
[32.133s][info ][gc,metaspace   ] GC(62) Metaspace: 72518K(73152K)->72518K(73152K) NonClass: 62320K(62656K)->62320K(62656K) Class: 10197K(10496K)->10197K(10496K)
[32.133s][info ][gc             ] GC(62) Pause Young (Allocation Failure) 1729M->283M(2129M) 8.918ms
[32.133s][info ][gc,cpu         ] GC(62) User=0.03s Sys=0.00s Real=0.00s
[32.134s][info ][safepoint      ] Safepoint "ParallelGCFailedAllocation", Time since last: 79897703 ns, Reaching safepoint: 186103 ns, At safepoint: 9029248 ns, Total: 9215351 ns
[32.360s][info ][safepoint      ] Safepoint "ICBufferFull", Time since last: 226014087 ns, Reaching safepoint: 500208 ns, At safepoint: 28600 ns, Total: 528808 ns
[32.621s][info ][gc,start       ] GC(63) Pause Young (Allocation Failure)
[32.632s][debug][gc,phases      ] GC(63) Scavenge 10.993ms
[32.632s][debug][gc,ref         ] GC(63) Skipped phase 1 of Reference Processing: no references
[32.632s][debug][gc,ref         ] GC(63) Skipped phase 3 of Reference Processing: no references
[32.632s][debug][gc,phases      ] GC(63) Reference Processing 0.072ms
[32.633s][debug][gc,phases      ] GC(63) Weak Processing 0.623ms
[32.633s][debug][gc,age         ] GC(63) Desired survivor size 265289728 bytes, new threshold 15 (max threshold 15)
[32.633s][info ][gc,heap        ] GC(63) PSYoungGen: 1553378K(1823744K)->18665K(1810432K) Eden: 1537024K(1537024K)->0K(1537024K) From: 16354K(286720K)->18665K(273408K)
[32.633s][info ][gc,heap        ] GC(63) ParOldGen: 274149K(356352K)->274157K(356352K)
[32.633s][info ][gc,metaspace   ] GC(63) Metaspace: 73168K(73792K)->73168K(73792K) NonClass: 62896K(63232K)->62896K(63232K) Class: 10272K(10560K)->10272K(10560K)
[32.633s][info ][gc             ] GC(63) Pause Young (Allocation Failure) 1784M->285M(2116M) 11.848ms
[32.633s][info ][gc,cpu         ] GC(63) User=0.04s Sys=0.01s Real=0.01s
[32.633s][info ][safepoint      ] Safepoint "ParallelGCFailedAllocation", Time since last: 260787955 ns, Reaching safepoint: 254804 ns, At safepoint: 11974396 ns, Total: 12229200 ns
[32.950s][info ][gc,start       ] GC(64) Pause Young (Allocation Failure)
[32.963s][debug][gc,phases      ] GC(64) Scavenge 13.334ms
[32.963s][debug][gc,ref         ] GC(64) Skipped phase 1 of Reference Processing: no references
[32.963s][debug][gc,ref         ] GC(64) Skipped phase 3 of Reference Processing: no references
[32.963s][debug][gc,phases      ] GC(64) Reference Processing 0.063ms
[32.964s][debug][gc,phases      ] GC(64) Weak Processing 0.636ms
[32.964s][debug][gc,age         ] GC(64) Desired survivor size 246415360 bytes, new threshold 15 (max threshold 15)
[32.964s][info ][gc,heap        ] GC(64) PSYoungGen: 1555689K(1810432K)->46581K(1856512K) Eden: 1537024K(1537024K)->0K(1597440K) From: 18665K(273408K)->46581K(259072K)
[32.964s][info ][gc,heap        ] GC(64) ParOldGen: 274157K(356352K)->274165K(356352K)
[32.964s][info ][gc,metaspace   ] GC(64) Metaspace: 73196K(73856K)->73196K(73856K) NonClass: 62920K(63296K)->62920K(63296K) Class: 10275K(10560K)->10275K(10560K)
[32.964s][info ][gc             ] GC(64) Pause Young (Allocation Failure) 1786M->313M(2161M) 14.197ms
[32.964s][info ][gc,cpu         ] GC(64) User=0.06s Sys=0.00s Real=0.02s
[32.964s][info ][safepoint      ] Safepoint "ParallelGCFailedAllocation", Time since last: 316723967 ns, Reaching safepoint: 157202 ns, At safepoint: 14320934 ns, Total: 14478136 ns
[33.179s][info ][safepoint      ] Safepoint "ICBufferFull", Time since last: 214294796 ns, Reaching safepoint: 279405 ns, At safepoint: 25700 ns, Total: 305105 ns
[33.207s][info ][safepoint      ] Safepoint "ICBufferFull", Time since last: 27922256 ns, Reaching safepoint: 128902 ns, At safepoint: 25800 ns, Total: 154702 ns
[33.219s][info ][safepoint      ] Safepoint "ICBufferFull", Time since last: 11971195 ns, Reaching safepoint: 143903 ns, At safepoint: 30100 ns, Total: 174003 ns
[33.269s][info ][safepoint      ] Safepoint "ICBufferFull", Time since last: 49355405 ns, Reaching safepoint: 139303 ns, At safepoint: 23000 ns, Total: 162303 ns
[33.309s][info ][safepoint      ] Safepoint "ICBufferFull", Time since last: 39706448 ns, Reaching safepoint: 367506 ns, At safepoint: 24600 ns, Total: 392106 ns
[33.345s][info ][safepoint      ] Safepoint "ICBufferFull", Time since last: 36454595 ns, Reaching safepoint: 128802 ns, At safepoint: 26701 ns, Total: 155503 ns
[33.358s][info ][safepoint      ] Safepoint "ICBufferFull", Time since last: 12714207 ns, Reaching safepoint: 136202 ns, At safepoint: 26201 ns, Total: 162403 ns
[33.380s][info ][safepoint      ] Safepoint "ICBufferFull", Time since last: 21433649 ns, Reaching safepoint: 585510 ns, At safepoint: 26300 ns, Total: 611810 ns
[33.417s][info ][safepoint      ] Safepoint "ICBufferFull", Time since last: 36843701 ns, Reaching safepoint: 135603 ns, At safepoint: 27500 ns, Total: 163103 ns
[33.420s][info ][gc,start       ] GC(65) Pause Young (Allocation Failure)
[33.439s][debug][gc,phases      ] GC(65) Scavenge 18.404ms
[33.439s][debug][gc,ref         ] GC(65) Skipped phase 1 of Reference Processing: no references
[33.439s][debug][gc,ref         ] GC(65) Skipped phase 3 of Reference Processing: no references
[33.439s][debug][gc,phases      ] GC(65) Reference Processing 0.100ms
[33.440s][debug][gc,phases      ] GC(65) Weak Processing 0.764ms
[33.440s][debug][gc,age         ] GC(65) Desired survivor size 228065280 bytes, new threshold 15 (max threshold 15)
[33.440s][info ][gc,heap        ] GC(65) PSYoungGen: 1644021K(1856512K)->51132K(1838080K) Eden: 1597440K(1597440K)->0K(1597440K) From: 46581K(259072K)->51132K(240640K)
[33.440s][info ][gc,heap        ] GC(65) ParOldGen: 274165K(356352K)->274173K(356352K)
[33.440s][info ][gc,metaspace   ] GC(65) Metaspace: 73582K(74240K)->73582K(74240K) NonClass: 63257K(63616K)->63257K(63616K) Class: 10325K(10624K)->10325K(10624K)
[33.440s][info ][gc             ] GC(65) Pause Young (Allocation Failure) 1873M->317M(2143M) 19.428ms
[33.440s][info ][gc,cpu         ] GC(65) User=0.09s Sys=0.01s Real=0.02s
[33.440s][info ][safepoint      ] Safepoint "ParallelGCFailedAllocation", Time since last: 2879447 ns, Reaching safepoint: 99402 ns, At safepoint: 19528518 ns, Total: 19627920 ns
[33.459s][info ][safepoint      ] Safepoint "ICBufferFull", Time since last: 19041011 ns, Reaching safepoint: 129302 ns, At safepoint: 27300 ns, Total: 156602 ns
[33.459s][info ][safepoint      ] Safepoint "ICBufferFull", Time since last: 89802 ns, Reaching safepoint: 70001 ns, At safepoint: 26501 ns, Total: 96502 ns
[33.470s][info ][safepoint      ] Safepoint "ICBufferFull", Time since last: 10261367 ns, Reaching safepoint: 144902 ns, At safepoint: 29001 ns, Total: 173903 ns
[33.491s][info ][safepoint      ] Safepoint "ICBufferFull", Time since last: 14310133 ns, Reaching safepoint: 6657909 ns, At safepoint: 35000 ns, Total: 6692909 ns
[33.506s][info ][safepoint      ] Safepoint "ICBufferFull", Time since last: 11750192 ns, Reaching safepoint: 3187852 ns, At safepoint: 19000 ns, Total: 3206852 ns
[33.514s][info ][safepoint      ] Safepoint "ICBufferFull", Time since last: 8208834 ns, Reaching safepoint: 109902 ns, At safepoint: 24201 ns, Total: 134103 ns
[33.537s][info ][safepoint      ] Safepoint "ICBufferFull", Time since last: 20077527 ns, Reaching safepoint: 3256853 ns, At safepoint: 28701 ns, Total: 3285554 ns
[33.552s][info ][safepoint      ] Safepoint "ICBufferFull", Time since last: 11610289 ns, Reaching safepoint: 3193252 ns, At safepoint: 31301 ns, Total: 3224553 ns
[33.574s][info ][safepoint      ] Safepoint "ICBufferFull", Time since last: 21506551 ns, Reaching safepoint: 116802 ns, At safepoint: 27700 ns, Total: 144502 ns
[33.589s][info ][safepoint      ] Safepoint "ICBufferFull", Time since last: 9736059 ns, Reaching safepoint: 5348487 ns, At safepoint: 37201 ns, Total: 5385688 ns
[33.595s][info ][safepoint      ] Safepoint "ICBufferFull", Time since last: 5534890 ns, Reaching safepoint: 126602 ns, At safepoint: 23700 ns, Total: 150302 ns
[33.607s][info ][safepoint      ] Safepoint "ICBufferFull", Time since last: 12019497 ns, Reaching safepoint: 198603 ns, At safepoint: 25700 ns, Total: 224303 ns
[33.616s][info ][safepoint      ] Safepoint "ICBufferFull", Time since last: 9204350 ns, Reaching safepoint: 126202 ns, At safepoint: 22801 ns, Total: 149003 ns
[33.631s][info ][safepoint      ] Safepoint "ICBufferFull", Time since last: 12504104 ns, Reaching safepoint: 2148135 ns, At safepoint: 26700 ns, Total: 2174835 ns
[33.637s][info ][safepoint      ] Safepoint "ICBufferFull", Time since last: 5704293 ns, Reaching safepoint: 115802 ns, At safepoint: 22101 ns, Total: 137903 ns
[33.653s][info ][safepoint      ] Safepoint "ICBufferFull", Time since last: 12639906 ns, Reaching safepoint: 3197152 ns, At safepoint: 26600 ns, Total: 3223752 ns
[33.666s][info ][safepoint      ] Safepoint "ICBufferFull", Time since last: 13715024 ns, Reaching safepoint: 118802 ns, At safepoint: 24500 ns, Total: 143302 ns
[33.813s][info ][safepoint      ] Safepoint "ICBufferFull", Time since last: 143384340 ns, Reaching safepoint: 3155151 ns, At safepoint: 24301 ns, Total: 3179452 ns
[33.823s][info ][safepoint      ] Safepoint "ICBufferFull", Time since last: 9807060 ns, Reaching safepoint: 113701 ns, At safepoint: 21801 ns, Total: 135502 ns
[33.836s][info ][safepoint      ] Safepoint "ICBufferFull", Time since last: 10252767 ns, Reaching safepoint: 3226353 ns, At safepoint: 28700 ns, Total: 3255053 ns
[33.858s][info ][safepoint      ] Safepoint "ICBufferFull", Time since last: 21698454 ns, Reaching safepoint: 283405 ns, At safepoint: 28600 ns, Total: 312005 ns
[33.869s][info ][safepoint      ] Safepoint "ICBufferFull", Time since last: 10136066 ns, Reaching safepoint: 109701 ns, At safepoint: 22601 ns, Total: 132302 ns
[33.881s][info ][safepoint      ] Safepoint "ICBufferFull", Time since last: 8661841 ns, Reaching safepoint: 3220453 ns, At safepoint: 35800 ns, Total: 3256253 ns
[33.905s][info ][safepoint      ] Safepoint "ICBufferFull", Time since last: 24281796 ns, Reaching safepoint: 105302 ns, At safepoint: 20100 ns, Total: 125402 ns
[33.920s][info ][safepoint      ] Safepoint "ICBufferFull", Time since last: 15272950 ns, Reaching safepoint: 125002 ns, At safepoint: 24200 ns, Total: 149202 ns
[33.929s][info ][safepoint      ] Safepoint "ICBufferFull", Time since last: 5138284 ns, Reaching safepoint: 3187152 ns, At safepoint: 31200 ns, Total: 3218352 ns
[33.943s][info ][gc,start       ] GC(66) Pause Young (Allocation Failure)
[33.962s][debug][gc,phases      ] GC(66) Scavenge 19.081ms
[33.962s][debug][gc,ref         ] GC(66) Skipped phase 1 of Reference Processing: no references
[33.962s][debug][gc,ref         ] GC(66) Skipped phase 3 of Reference Processing: no references
[33.962s][debug][gc,phases      ] GC(66) Reference Processing 0.093ms
[33.963s][debug][gc,phases      ] GC(66) Weak Processing 0.823ms
[33.963s][debug][gc,age         ] GC(66) Desired survivor size 211288064 bytes, new threshold 15 (max threshold 15)
[33.963s][info ][gc,heap        ] GC(66) PSYoungGen: 1648572K(1838080K)->56010K(1890816K) Eden: 1597440K(1597440K)->0K(1668096K) From: 51132K(240640K)->56010K(222720K)
[33.963s][info ][gc,heap        ] GC(66) ParOldGen: 274173K(356352K)->274181K(356352K)
[33.963s][info ][gc,metaspace   ] GC(66) Metaspace: 73730K(74304K)->73730K(74304K) NonClass: 63392K(63680K)->63392K(63680K) Class: 10338K(10624K)->10338K(10624K)
[33.963s][info ][gc             ] GC(66) Pause Young (Allocation Failure) 1877M->322M(2194M) 20.146ms
[33.963s][info ][gc,cpu         ] GC(66) User=0.08s Sys=0.00s Real=0.02s
[33.963s][info ][safepoint      ] Safepoint "ParallelGCFailedAllocation", Time since last: 13622723 ns, Reaching safepoint: 211103 ns, At safepoint: 20262531 ns, Total: 20473634 ns
[33.972s][info ][safepoint      ] Safepoint "ICBufferFull", Time since last: 9300751 ns, Reaching safepoint: 111502 ns, At safepoint: 21701 ns, Total: 133203 ns
[34.017s][info ][safepoint      ] Safepoint "ICBufferFull", Time since last: 44481325 ns, Reaching safepoint: 126902 ns, At safepoint: 25501 ns, Total: 152403 ns
[34.029s][info ][safepoint      ] Safepoint "ICBufferFull", Time since last: 12332601 ns, Reaching safepoint: 126702 ns, At safepoint: 24300 ns, Total: 151002 ns
[34.051s][info ][safepoint      ] Safepoint "ICBufferFull", Time since last: 21586753 ns, Reaching safepoint: 126002 ns, At safepoint: 20400 ns, Total: 146402 ns
[34.059s][info ][safepoint      ] Safepoint "ICBufferFull", Time since last: 8118232 ns, Reaching safepoint: 90002 ns, At safepoint: 29000 ns, Total: 119002 ns
[34.068s][info ][safepoint      ] Safepoint "ICBufferFull", Time since last: 8198534 ns, Reaching safepoint: 123802 ns, At safepoint: 21201 ns, Total: 145003 ns
[34.089s][info ][safepoint      ] Safepoint "ICBufferFull", Time since last: 21184545 ns, Reaching safepoint: 111502 ns, At safepoint: 24200 ns, Total: 135702 ns
[34.106s][info ][safepoint      ] Safepoint "ICBufferFull", Time since last: 16902276 ns, Reaching safepoint: 121802 ns, At safepoint: 23801 ns, Total: 145603 ns
[34.121s][info ][safepoint      ] Safepoint "ICBufferFull", Time since last: 14349834 ns, Reaching safepoint: 119802 ns, At safepoint: 24500 ns, Total: 144302 ns
[34.133s][info ][safepoint      ] Safepoint "ICBufferFull", Time since last: 7837228 ns, Reaching safepoint: 4252869 ns, At safepoint: 29301 ns, Total: 4282170 ns
[34.155s][info ][safepoint      ] Safepoint "ICBufferFull", Time since last: 21491950 ns, Reaching safepoint: 280005 ns, At safepoint: 26800 ns, Total: 306805 ns
[34.163s][info ][safepoint      ] Safepoint "ICBufferFull", Time since last: 7756127 ns, Reaching safepoint: 330705 ns, At safepoint: 25401 ns, Total: 356106 ns
[34.171s][info ][safepoint      ] Safepoint "ICBufferFull", Time since last: 7641324 ns, Reaching safepoint: 259505 ns, At safepoint: 26100 ns, Total: 285605 ns
[34.197s][info ][safepoint      ] Safepoint "ICBufferFull", Time since last: 23236579 ns, Reaching safepoint: 3226853 ns, At safepoint: 34900 ns, Total: 3261753 ns
[34.206s][info ][safepoint      ] Safepoint "ICBufferFull", Time since last: 8844945 ns, Reaching safepoint: 129002 ns, At safepoint: 20900 ns, Total: 149902 ns
[34.213s][info ][safepoint      ] Safepoint "ICBufferFull", Time since last: 6805511 ns, Reaching safepoint: 289705 ns, At safepoint: 26600 ns, Total: 316305 ns
[34.226s][info ][safepoint      ] Safepoint "ICBufferFull", Time since last: 11679591 ns, Reaching safepoint: 716012 ns, At safepoint: 19500 ns, Total: 735512 ns
[34.250s][info ][safepoint      ] Safepoint "ICBufferFull", Time since last: 23501283 ns, Reaching safepoint: 399407 ns, At safepoint: 24600 ns, Total: 424007 ns
[34.255s][info ][safepoint      ] Safepoint "ICBufferFull", Time since last: 5015582 ns, Reaching safepoint: 116902 ns, At safepoint: 21600 ns, Total: 138502 ns
[34.264s][info ][safepoint      ] Safepoint "ICBufferFull", Time since last: 9222951 ns, Reaching safepoint: 118902 ns, At safepoint: 28000 ns, Total: 146902 ns
[34.270s][info ][safepoint      ] Safepoint "ICBufferFull", Time since last: 5797895 ns, Reaching safepoint: 115802 ns, At safepoint: 24800 ns, Total: 140602 ns
[34.281s][info ][safepoint      ] Safepoint "ICBufferFull", Time since last: 8828444 ns, Reaching safepoint: 2145235 ns, At safepoint: 28501 ns, Total: 2173736 ns
[34.293s][info ][safepoint      ] Safepoint "ICBufferFull", Time since last: 12351201 ns, Reaching safepoint: 123702 ns, At safepoint: 21200 ns, Total: 144902 ns
[34.332s][info ][safepoint      ] Safepoint "ICBufferFull", Time since last: 37945320 ns, Reaching safepoint: 762612 ns, At safepoint: 28800 ns, Total: 791412 ns
[34.349s][info ][safepoint      ] Safepoint "ICBufferFull", Time since last: 16548270 ns, Reaching safepoint: 126602 ns, At safepoint: 22601 ns, Total: 149203 ns
[34.362s][info ][safepoint      ] Safepoint "ICBufferFull", Time since last: 12786908 ns, Reaching safepoint: 115902 ns, At safepoint: 23201 ns, Total: 139103 ns
[34.367s][info ][safepoint      ] Safepoint "ICBufferFull", Time since last: 4812878 ns, Reaching safepoint: 123702 ns, At safepoint: 22901 ns, Total: 146603 ns
[34.389s][info ][safepoint      ] Safepoint "ICBufferFull", Time since last: 17762189 ns, Reaching safepoint: 4251870 ns, At safepoint: 30200 ns, Total: 4282070 ns
[34.394s][info ][safepoint      ] Safepoint "ICBufferFull", Time since last: 4994582 ns, Reaching safepoint: 254804 ns, At safepoint: 28700 ns, Total: 283504 ns
[34.421s][info ][safepoint      ] Safepoint "ICBufferFull", Time since last: 23550185 ns, Reaching safepoint: 3233252 ns, At safepoint: 27101 ns, Total: 3260353 ns
[34.433s][info ][safepoint      ] Safepoint "ICBufferFull", Time since last: 9404753 ns, Reaching safepoint: 2154835 ns, At safepoint: 32601 ns, Total: 2187436 ns
[34.445s][info ][gc,start       ] GC(67) Pause Young (Allocation Failure)
[34.464s][debug][gc,phases      ] GC(67) Scavenge 18.645ms
[34.464s][debug][gc,ref         ] GC(67) Skipped phase 1 of Reference Processing: no references
[34.464s][debug][gc,ref         ] GC(67) Skipped phase 3 of Reference Processing: no references
[34.464s][debug][gc,phases      ] GC(67) Reference Processing 0.090ms
[34.465s][debug][gc,phases      ] GC(67) Weak Processing 0.657ms
[34.465s][debug][gc,age         ] GC(67) Desired survivor size 196083712 bytes, new threshold 15 (max threshold 15)
[34.465s][info ][gc,heap        ] GC(67) PSYoungGen: 1724106K(1890816K)->56265K(1874432K) Eden: 1668096K(1668096K)->0K(1668096K) From: 56010K(222720K)->56265K(206336K)
[34.465s][info ][gc,heap        ] GC(67) ParOldGen: 274181K(356352K)->274701K(356352K)
[34.465s][info ][gc,metaspace   ] GC(67) Metaspace: 73815K(74368K)->73815K(74368K) NonClass: 63477K(63744K)->63477K(63744K) Class: 10338K(10624K)->10338K(10624K)
[34.465s][info ][gc             ] GC(67) Pause Young (Allocation Failure) 1951M->323M(2178M) 19.540ms
[34.465s][info ][gc,cpu         ] GC(67) User=0.08s Sys=0.00s Real=0.02s
[34.465s][info ][safepoint      ] Safepoint "ParallelGCFailedAllocation", Time since last: 12369102 ns, Reaching safepoint: 118502 ns, At safepoint: 19644020 ns, Total: 19762522 ns
[34.473s][info ][safepoint      ] Safepoint "ICBufferFull", Time since last: 8210534 ns, Reaching safepoint: 119102 ns, At safepoint: 26100 ns, Total: 145202 ns
[34.504s][info ][safepoint      ] Safepoint "ICBufferFull", Time since last: 31130308 ns, Reaching safepoint: 126702 ns, At safepoint: 22001 ns, Total: 148703 ns
[34.511s][info ][safepoint      ] Safepoint "ICBufferFull", Time since last: 5955297 ns, Reaching safepoint: 547709 ns, At safepoint: 30000 ns, Total: 577709 ns
[34.529s][info ][safepoint      ] Safepoint "ICBufferFull", Time since last: 14568838 ns, Reaching safepoint: 3213253 ns, At safepoint: 31700 ns, Total: 3244953 ns
[34.553s][info ][safepoint      ] Safepoint "ICBufferFull", Time since last: 20191429 ns, Reaching safepoint: 4261270 ns, At safepoint: 27900 ns, Total: 4289170 ns
[34.571s][info ][safepoint      ] Safepoint "ICBufferFull", Time since last: 17774190 ns, Reaching safepoint: 125902 ns, At safepoint: 27001 ns, Total: 152903 ns
[34.581s][info ][safepoint      ] Safepoint "ICBufferFull", Time since last: 4447972 ns, Reaching safepoint: 5316287 ns, At safepoint: 30201 ns, Total: 5346488 ns
[34.589s][info ][safepoint      ] Safepoint "ICBufferFull", Time since last: 8498338 ns, Reaching safepoint: 113302 ns, At safepoint: 24901 ns, Total: 138203 ns
[34.596s][info ][safepoint      ] Safepoint "ICBufferFull", Time since last: 6729009 ns, Reaching safepoint: 103702 ns, At safepoint: 24000 ns, Total: 127702 ns
[34.604s][info ][safepoint      ] Safepoint "ICBufferFull", Time since last: 7198418 ns, Reaching safepoint: 113202 ns, At safepoint: 23900 ns, Total: 137102 ns
[34.609s][info ][safepoint      ] Safepoint "ICBufferFull", Time since last: 5209785 ns, Reaching safepoint: 258704 ns, At safepoint: 28701 ns, Total: 287405 ns
[34.618s][info ][safepoint      ] Safepoint "ICBufferFull", Time since last: 8788343 ns, Reaching safepoint: 108402 ns, At safepoint: 28800 ns, Total: 137202 ns
[34.633s][info ][safepoint      ] Safepoint "ICBufferFull", Time since last: 12841010 ns, Reaching safepoint: 2134435 ns, At safepoint: 29100 ns, Total: 2163535 ns
[34.643s][info ][safepoint      ] Safepoint "ICBufferFull", Time since last: 9783460 ns, Reaching safepoint: 156302 ns, At safepoint: 19301 ns, Total: 175603 ns
[34.663s][info ][safepoint      ] Safepoint "ICBufferFull", Time since last: 19582519 ns, Reaching safepoint: 123002 ns, At safepoint: 26401 ns, Total: 149403 ns
[34.672s][info ][safepoint      ] Safepoint "ICBufferFull", Time since last: 8472438 ns, Reaching safepoint: 261004 ns, At safepoint: 25101 ns, Total: 286105 ns
[34.685s][info ][safepoint      ] Safepoint "ICBufferFull", Time since last: 8671141 ns, Reaching safepoint: 4274470 ns, At safepoint: 29800 ns, Total: 4304270 ns
[34.707s][info ][safepoint      ] Safepoint "ICBufferFull", Time since last: 22067060 ns, Reaching safepoint: 133902 ns, At safepoint: 23901 ns, Total: 157803 ns
[34.714s][info ][safepoint      ] Safepoint "ICBufferFull", Time since last: 6800411 ns, Reaching safepoint: 127702 ns, At safepoint: 24300 ns, Total: 152002 ns
[34.733s][info ][safepoint      ] Safepoint "ICBufferFull", Time since last: 14480037 ns, Reaching safepoint: 4294570 ns, At safepoint: 29900 ns, Total: 4324470 ns
[34.740s][info ][safepoint      ] Safepoint "ICBufferFull", Time since last: 7222118 ns, Reaching safepoint: 492908 ns, At safepoint: 27000 ns, Total: 519908 ns
[34.760s][info ][safepoint      ] Safepoint "ICBufferFull", Time since last: 19895825 ns, Reaching safepoint: 115102 ns, At safepoint: 28900 ns, Total: 144002 ns
[34.767s][info ][safepoint      ] Safepoint "ICBufferFull", Time since last: 6967814 ns, Reaching safepoint: 115202 ns, At safepoint: 24400 ns, Total: 139602 ns
[34.772s][info ][safepoint      ] Safepoint "ICBufferFull", Time since last: 4351071 ns, Reaching safepoint: 115702 ns, At safepoint: 27001 ns, Total: 142703 ns
[34.784s][info ][safepoint      ] Safepoint "ICBufferFull", Time since last: 10448570 ns, Reaching safepoint: 2137835 ns, At safepoint: 24700 ns, Total: 2162535 ns
[34.815s][info ][safepoint      ] Safepoint "ICBufferFull", Time since last: 30770002 ns, Reaching safepoint: 111002 ns, At safepoint: 24401 ns, Total: 135403 ns
[34.822s][info ][safepoint      ] Safepoint "ICBufferFull", Time since last: 6691709 ns, Reaching safepoint: 109602 ns, At safepoint: 24400 ns, Total: 134002 ns
[34.833s][info ][safepoint      ] Safepoint "ICBufferFull", Time since last: 10374669 ns, Reaching safepoint: 128402 ns, At safepoint: 24601 ns, Total: 153003 ns
[34.861s][info ][safepoint      ] Safepoint "ICBufferFull", Time since last: 25009708 ns, Reaching safepoint: 3416855 ns, At safepoint: 28101 ns, Total: 3444956 ns
[34.866s][info ][safepoint      ] Safepoint "ICBufferFull", Time since last: 4933080 ns, Reaching safepoint: 125402 ns, At safepoint: 24601 ns, Total: 150003 ns
[34.874s][info ][safepoint      ] Safepoint "ICBufferFull", Time since last: 7226218 ns, Reaching safepoint: 133102 ns, At safepoint: 21200 ns, Total: 154302 ns
[34.878s][info ][safepoint      ] Safepoint "ICBufferFull", Time since last: 4312271 ns, Reaching safepoint: 118002 ns, At safepoint: 22700 ns, Total: 140702 ns
[34.886s][info ][safepoint      ] Safepoint "ICBufferFull", Time since last: 7247418 ns, Reaching safepoint: 124502 ns, At safepoint: 23201 ns, Total: 147703 ns
[34.897s][info ][safepoint      ] Safepoint "ICBufferFull", Time since last: 5639292 ns, Reaching safepoint: 5377187 ns, At safepoint: 39301 ns, Total: 5416488 ns
[34.912s][info ][safepoint      ] Safepoint "ICBufferFull", Time since last: 15023245 ns, Reaching safepoint: 113302 ns, At safepoint: 26200 ns, Total: 139502 ns
[34.923s][info ][safepoint      ] Safepoint "ICBufferFull", Time since last: 10708075 ns, Reaching safepoint: 86401 ns, At safepoint: 23501 ns, Total: 109902 ns
[34.949s][info ][safepoint      ] Safepoint "ICBufferFull", Time since last: 21689154 ns, Reaching safepoint: 4263869 ns, At safepoint: 28301 ns, Total: 4292170 ns
[34.960s][info ][safepoint      ] Safepoint "ICBufferFull", Time since last: 11374285 ns, Reaching safepoint: 118802 ns, At safepoint: 24101 ns, Total: 142903 ns
[34.962s][info ][safepoint      ] Safepoint "ICBufferFull", Time since last: 2282037 ns, Reaching safepoint: 109002 ns, At safepoint: 24000 ns, Total: 133002 ns
[34.974s][info ][safepoint      ] Safepoint "ICBufferFull", Time since last: 11116781 ns, Reaching safepoint: 117002 ns, At safepoint: 25301 ns, Total: 142303 ns
[34.997s][info ][gc,start       ] GC(68) Pause Young (Allocation Failure)
[35.015s][debug][gc,phases      ] GC(68) Scavenge 17.392ms
[35.015s][debug][gc,ref         ] GC(68) Skipped phase 1 of Reference Processing: no references
[35.015s][debug][gc,ref         ] GC(68) Skipped phase 3 of Reference Processing: no references
[35.015s][debug][gc,phases      ] GC(68) Reference Processing 0.069ms
[35.015s][debug][gc,phases      ] GC(68) Weak Processing 0.674ms
[35.015s][debug][gc,age         ] GC(68) Desired survivor size 182452224 bytes, new threshold 15 (max threshold 15)
[35.015s][info ][gc,heap        ] GC(68) PSYoungGen: 1724361K(1874432K)->55029K(1918976K) Eden: 1668096K(1668096K)->0K(1727488K) From: 56265K(206336K)->55029K(191488K)
[35.015s][info ][gc,heap        ] GC(68) ParOldGen: 274701K(356352K)->276261K(356352K)
[35.015s][info ][gc,metaspace   ] GC(68) Metaspace: 73935K(74560K)->73935K(74560K) NonClass: 63595K(63936K)->63595K(63936K) Class: 10339K(10624K)->10339K(10624K)
[35.015s][info ][gc             ] GC(68) Pause Young (Allocation Failure) 1952M->323M(2222M) 18.273ms
[35.015s][info ][gc,cpu         ] GC(68) User=0.07s Sys=0.00s Real=0.01s
[35.016s][info ][safepoint      ] Safepoint "ParallelGCFailedAllocation", Time since last: 23312880 ns, Reaching safepoint: 110602 ns, At safepoint: 18384300 ns, Total: 18494902 ns
[35.028s][info ][safepoint      ] Safepoint "ICBufferFull", Time since last: 9463754 ns, Reaching safepoint: 3219253 ns, At safepoint: 33600 ns, Total: 3252853 ns
[35.054s][info ][safepoint      ] Safepoint "ICBufferFull", Time since last: 25767821 ns, Reaching safepoint: 129002 ns, At safepoint: 34000 ns, Total: 163002 ns
[35.061s][info ][safepoint      ] Safepoint "ICBufferFull", Time since last: 6225102 ns, Reaching safepoint: 75701 ns, At safepoint: 33301 ns, Total: 109002 ns
[35.065s][info ][safepoint      ] Safepoint "ICBufferFull", Time since last: 4059866 ns, Reaching safepoint: 114102 ns, At safepoint: 27200 ns, Total: 141302 ns
[35.085s][info ][safepoint      ] Safepoint "ICBufferFull", Time since last: 18007794 ns, Reaching safepoint: 2151635 ns, At safepoint: 32501 ns, Total: 2184136 ns
[35.100s][info ][safepoint      ] Safepoint "ICBufferFull", Time since last: 15227048 ns, Reaching safepoint: 123202 ns, At safepoint: 21100 ns, Total: 144302 ns
[35.121s][info ][safepoint      ] Safepoint "ICBufferFull", Time since last: 21050144 ns, Reaching safepoint: 124302 ns, At safepoint: 26100 ns, Total: 150402 ns
[35.133s][info ][safepoint      ] Safepoint "ICBufferFull", Time since last: 6998515 ns, Reaching safepoint: 4252069 ns, At safepoint: 29400 ns, Total: 4281469 ns
[35.140s][info ][safepoint      ] Safepoint "ICBufferFull", Time since last: 6970314 ns, Reaching safepoint: 120902 ns, At safepoint: 26201 ns, Total: 147103 ns
[35.165s][info ][safepoint      ] Safepoint "ICBufferFull", Time since last: 25051308 ns, Reaching safepoint: 123602 ns, At safepoint: 25501 ns, Total: 149103 ns
[35.173s][info ][safepoint      ] Safepoint "ICBufferFull", Time since last: 7368220 ns, Reaching safepoint: 117402 ns, At safepoint: 24400 ns, Total: 141802 ns
[35.196s][info ][safepoint      ] Safepoint "ICBufferFull", Time since last: 23544784 ns, Reaching safepoint: 106002 ns, At safepoint: 24100 ns, Total: 130102 ns
[35.205s][info ][safepoint      ] Safepoint "ICBufferFull", Time since last: 8270535 ns, Reaching safepoint: 106502 ns, At safepoint: 24201 ns, Total: 130703 ns
[35.211s][info ][safepoint      ] Safepoint "ICBufferFull", Time since last: 5887096 ns, Reaching safepoint: 113201 ns, At safepoint: 55201 ns, Total: 168402 ns
[35.237s][info ][safepoint      ] Safepoint "ICBufferFull", Time since last: 22845073 ns, Reaching safepoint: 3203452 ns, At safepoint: 26901 ns, Total: 3230353 ns
[35.242s][info ][safepoint      ] Safepoint "ICBufferFull", Time since last: 5178784 ns, Reaching safepoint: 131902 ns, At safepoint: 20701 ns, Total: 152603 ns
[35.265s][info ][safepoint      ] Safepoint "ICBufferFull", Time since last: 23117777 ns, Reaching safepoint: 145502 ns, At safepoint: 26101 ns, Total: 171603 ns
[35.270s][info ][safepoint      ] Safepoint "ICBufferFull", Time since last: 4397771 ns, Reaching safepoint: 109802 ns, At safepoint: 25401 ns, Total: 135203 ns
[35.295s][info ][safepoint      ] Safepoint "ICBufferFull", Time since last: 24655602 ns, Reaching safepoint: 120002 ns, At safepoint: 22800 ns, Total: 142802 ns
[35.309s][info ][safepoint      ] Safepoint "ICBufferFull", Time since last: 13926928 ns, Reaching safepoint: 144002 ns, At safepoint: 24600 ns, Total: 168602 ns
[35.324s][info ][safepoint      ] Safepoint "ICBufferFull", Time since last: 15317050 ns, Reaching safepoint: 127202 ns, At safepoint: 29901 ns, Total: 157103 ns
[35.346s][info ][safepoint      ] Safepoint "ICBufferFull", Time since last: 14494136 ns, Reaching safepoint: 7471122 ns, At safepoint: 38201 ns, Total: 7509323 ns
[35.364s][info ][safepoint      ] Safepoint "ICBufferFull", Time since last: 17796290 ns, Reaching safepoint: 127202 ns, At safepoint: 29801 ns, Total: 157003 ns
[35.378s][info ][safepoint      ] Safepoint "ICBufferFull", Time since last: 13007112 ns, Reaching safepoint: 214103 ns, At safepoint: 24801 ns, Total: 238904 ns
[35.394s][info ][safepoint      ] Safepoint "ICBufferFull", Time since last: 16327066 ns, Reaching safepoint: 130302 ns, At safepoint: 28201 ns, Total: 158503 ns
[35.410s][info ][safepoint      ] Safepoint "ICBufferFull", Time since last: 16132463 ns, Reaching safepoint: 130002 ns, At safepoint: 31401 ns, Total: 161403 ns
[35.440s][info ][safepoint      ] Safepoint "ICBufferFull", Time since last: 27909355 ns, Reaching safepoint: 2191836 ns, At safepoint: 33900 ns, Total: 2225736 ns
[35.447s][info ][safepoint      ] Safepoint "ICBufferFull", Time since last: 6723410 ns, Reaching safepoint: 116502 ns, At safepoint: 22800 ns, Total: 139302 ns
[35.484s][info ][gc,start       ] GC(69) Pause Young (Allocation Failure)
[35.501s][debug][gc,phases      ] GC(69) Scavenge 17.449ms
[35.501s][debug][gc,ref         ] GC(69) Skipped phase 1 of Reference Processing: no references
[35.501s][debug][gc,ref         ] GC(69) Skipped phase 3 of Reference Processing: no references
[35.501s][debug][gc,phases      ] GC(69) Reference Processing 0.098ms
[35.502s][debug][gc,phases      ] GC(69) Weak Processing 0.825ms
[35.502s][debug][gc,age         ] GC(69) Desired survivor size 169869312 bytes, new threshold 15 (max threshold 15)
[35.502s][info ][gc,heap        ] GC(69) PSYoungGen: 1782517K(1918976K)->54714K(1905664K) Eden: 1727488K(1727488K)->0K(1727488K) From: 55029K(191488K)->54714K(178176K)
[35.502s][info ][gc,heap        ] GC(69) ParOldGen: 276261K(356352K)->276437K(356352K)
[35.502s][info ][gc,metaspace   ] GC(69) Metaspace: 73980K(74624K)->73980K(74624K) NonClass: 63639K(64000K)->63639K(64000K) Class: 10340K(10624K)->10340K(10624K)
[35.502s][info ][gc             ] GC(69) Pause Young (Allocation Failure) 2010M->323M(2209M) 18.528ms
[35.502s][info ][gc,cpu         ] GC(69) User=0.07s Sys=0.00s Real=0.02s
[35.502s][info ][safepoint      ] Safepoint "ParallelGCFailedAllocation", Time since last: 36287492 ns, Reaching safepoint: 126502 ns, At safepoint: 18651605 ns, Total: 18778107 ns
[35.503s][info ][safepoint      ] Safepoint "ICBufferFull", Time since last: 42900 ns, Reaching safepoint: 97802 ns, At safepoint: 25700 ns, Total: 123502 ns
[35.512s][info ][safepoint      ] Safepoint "ICBufferFull", Time since last: 8749043 ns, Reaching safepoint: 453407 ns, At safepoint: 24401 ns, Total: 477808 ns
[35.575s][info ][safepoint      ] Safepoint "ICBufferFull", Time since last: 59865077 ns, Reaching safepoint: 3179551 ns, At safepoint: 33801 ns, Total: 3213352 ns
[35.594s][info ][safepoint      ] Safepoint "ICBufferFull", Time since last: 18851908 ns, Reaching safepoint: 112401 ns, At safepoint: 21901 ns, Total: 134302 ns
[35.599s][info ][safepoint      ] Safepoint "ICBufferFull", Time since last: 5012982 ns, Reaching safepoint: 104201 ns, At safepoint: 27301 ns, Total: 131502 ns
[35.612s][info ][safepoint      ] Safepoint "ICBufferFull", Time since last: 13279116 ns, Reaching safepoint: 109702 ns, At safepoint: 30601 ns, Total: 140303 ns
[35.646s][info ][safepoint      ] Safepoint "ICBufferFull", Time since last: 33430745 ns, Reaching safepoint: 114702 ns, At safepoint: 28700 ns, Total: 143402 ns
[35.664s][info ][safepoint      ] Safepoint "ICBufferFull", Time since last: 17484486 ns, Reaching safepoint: 123602 ns, At safepoint: 23600 ns, Total: 147202 ns
[35.719s][info ][safepoint      ] Safepoint "ICBufferFull", Time since last: 54983097 ns, Reaching safepoint: 132602 ns, At safepoint: 27101 ns, Total: 159703 ns
[35.744s][info ][safepoint      ] Safepoint "ICBufferFull", Time since last: 21403549 ns, Reaching safepoint: 4035766 ns, At safepoint: 36000 ns, Total: 4071766 ns
[35.749s][info ][safepoint      ] Safepoint "ICBufferFull", Time since last: 5016382 ns, Reaching safepoint: 132102 ns, At safepoint: 24701 ns, Total: 156803 ns
[35.759s][info ][safepoint      ] Safepoint "ICBufferFull", Time since last: 9731059 ns, Reaching safepoint: 159102 ns, At safepoint: 27101 ns, Total: 186203 ns
[35.785s][info ][safepoint      ] Safepoint "ICBufferFull", Time since last: 25186511 ns, Reaching safepoint: 130302 ns, At safepoint: 28500 ns, Total: 158802 ns
[35.793s][info ][safepoint      ] Safepoint "ICBufferFull", Time since last: 7811628 ns, Reaching safepoint: 121602 ns, At safepoint: 23100 ns, Total: 144702 ns
[35.933s][info ][gc,start       ] GC(70) Pause Young (Allocation Failure)
[35.950s][debug][gc,phases      ] GC(70) Scavenge 16.994ms
[35.950s][debug][gc,ref         ] GC(70) Skipped phase 1 of Reference Processing: no references
[35.950s][debug][gc,ref         ] GC(70) Skipped phase 3 of Reference Processing: no references
[35.950s][debug][gc,phases      ] GC(70) Reference Processing 0.073ms
[35.951s][debug][gc,phases      ] GC(70) Weak Processing 0.587ms
[35.951s][debug][gc,age         ] GC(70) Desired survivor size 158859264 bytes, new threshold 15 (max threshold 15)
[35.951s][info ][gc,heap        ] GC(70) PSYoungGen: 1782202K(1905664K)->54805K(1942016K) Eden: 1727488K(1727488K)->0K(1776128K) From: 54714K(178176K)->54805K(165888K)
[35.951s][info ][gc,heap        ] GC(70) ParOldGen: 276437K(356352K)->276629K(356352K)
[35.951s][info ][gc,metaspace   ] GC(70) Metaspace: 74039K(74688K)->74039K(74688K) NonClass: 63698K(64064K)->63698K(64064K) Class: 10340K(10624K)->10340K(10624K)
[35.951s][info ][gc             ] GC(70) Pause Young (Allocation Failure) 2010M->323M(2244M) 17.806ms
[35.951s][info ][gc,cpu         ] GC(70) User=0.07s Sys=0.00s Real=0.02s
[35.951s][info ][safepoint      ] Safepoint "ParallelGCFailedAllocation", Time since last: 138316557 ns, Reaching safepoint: 2191235 ns, At safepoint: 17932493 ns, Total: 20123728 ns
[36.391s][info ][gc,start       ] GC(71) Pause Young (Allocation Failure)
[36.409s][debug][gc,phases      ] GC(71) Scavenge 17.391ms
[36.409s][debug][gc,ref         ] GC(71) Skipped phase 1 of Reference Processing: no references
[36.409s][debug][gc,ref         ] GC(71) Skipped phase 3 of Reference Processing: no references
[36.409s][debug][gc,phases      ] GC(71) Reference Processing 0.067ms
[36.409s][debug][gc,phases      ] GC(71) Weak Processing 0.628ms
[36.409s][debug][gc,age         ] GC(71) Desired survivor size 148373504 bytes, new threshold 15 (max threshold 15)
[36.409s][info ][gc,heap        ] GC(71) PSYoungGen: 1830933K(1942016K)->54874K(1931264K) Eden: 1776128K(1776128K)->0K(1776128K) From: 54805K(165888K)->54874K(155136K)
[36.409s][info ][gc,heap        ] GC(71) ParOldGen: 276629K(356352K)->276821K(356352K)
[36.409s][info ][gc,metaspace   ] GC(71) Metaspace: 74057K(74688K)->74057K(74688K) NonClass: 63714K(64064K)->63714K(64064K) Class: 10342K(10624K)->10342K(10624K)
[36.409s][info ][gc             ] GC(71) Pause Young (Allocation Failure) 2058M->323M(2234M) 18.233ms
[36.409s][info ][gc,cpu         ] GC(71) User=0.07s Sys=0.00s Real=0.02s
[36.409s][info ][safepoint      ] Safepoint "ParallelGCFailedAllocation", Time since last: 439875477 ns, Reaching safepoint: 175803 ns, At safepoint: 18351699 ns, Total: 18527502 ns
[36.859s][info ][gc,start       ] GC(72) Pause Young (Allocation Failure)
[36.878s][debug][gc,phases      ] GC(72) Scavenge 19.283ms
[36.878s][debug][gc,ref         ] GC(72) Skipped phase 1 of Reference Processing: no references
[36.878s][debug][gc,ref         ] GC(72) Skipped phase 3 of Reference Processing: no references
[36.878s][debug][gc,phases      ] GC(72) Reference Processing 0.071ms
[36.879s][debug][gc,phases      ] GC(72) Weak Processing 0.807ms
[36.879s][debug][gc,age         ] GC(72) Desired survivor size 139460608 bytes, new threshold 15 (max threshold 15)
[36.879s][info ][gc,heap        ] GC(72) PSYoungGen: 1831002K(1931264K)->54983K(1960960K) Eden: 1776128K(1776128K)->0K(1816064K) From: 54874K(155136K)->54983K(144896K)
[36.879s][info ][gc,heap        ] GC(72) ParOldGen: 276821K(356352K)->277029K(356352K)
[36.879s][info ][gc,metaspace   ] GC(72) Metaspace: 74071K(74688K)->74071K(74688K) NonClass: 63728K(64064K)->63728K(64064K) Class: 10342K(10624K)->10342K(10624K)
[36.879s][info ][gc             ] GC(72) Pause Young (Allocation Failure) 2058M->324M(2263M) 20.337ms
[36.879s][info ][gc,cpu         ] GC(72) User=0.07s Sys=0.00s Real=0.02s
[36.879s][info ][safepoint      ] Safepoint "ParallelGCFailedAllocation", Time since last: 449037826 ns, Reaching safepoint: 175003 ns, At safepoint: 20477634 ns, Total: 20652637 ns
[37.357s][info ][gc,start       ] GC(73) Pause Young (Allocation Failure)
[37.374s][debug][gc,phases      ] GC(73) Scavenge 16.814ms
[37.374s][debug][gc,ref         ] GC(73) Skipped phase 1 of Reference Processing: no references
[37.374s][debug][gc,ref         ] GC(73) Skipped phase 3 of Reference Processing: no references
[37.374s][debug][gc,phases      ] GC(73) Reference Processing 0.073ms
[37.374s][debug][gc,phases      ] GC(73) Weak Processing 0.605ms
[37.374s][debug][gc,age         ] GC(73) Desired survivor size 131072000 bytes, new threshold 15 (max threshold 15)
[37.374s][info ][gc,heap        ] GC(73) PSYoungGen: 1871047K(1960960K)->54901K(1952256K) Eden: 1816064K(1816064K)->0K(1816064K) From: 54983K(144896K)->54901K(136192K)
[37.374s][info ][gc,heap        ] GC(73) ParOldGen: 277029K(356352K)->277533K(356352K)
[37.374s][info ][gc,metaspace   ] GC(73) Metaspace: 74076K(74688K)->74076K(74688K) NonClass: 63734K(64064K)->63734K(64064K) Class: 10342K(10624K)->10342K(10624K)
[37.374s][info ][gc             ] GC(73) Pause Young (Allocation Failure) 2097M->324M(2254M) 17.655ms
[37.374s][info ][gc,cpu         ] GC(73) User=0.06s Sys=0.01s Real=0.01s
[37.375s][info ][safepoint      ] Safepoint "ParallelGCFailedAllocation", Time since last: 477462191 ns, Reaching safepoint: 167702 ns, At safepoint: 17757290 ns, Total: 17924992 ns
[37.809s][info ][gc,start       ] GC(74) Pause Young (Allocation Failure)
[37.828s][debug][gc,phases      ] GC(74) Scavenge 19.193ms
[37.828s][debug][gc,ref         ] GC(74) Skipped phase 1 of Reference Processing: no references
[37.828s][debug][gc,ref         ] GC(74) Skipped phase 3 of Reference Processing: no references
[37.828s][debug][gc,phases      ] GC(74) Reference Processing 0.089ms
[37.829s][debug][gc,phases      ] GC(74) Weak Processing 0.808ms
[37.829s][debug][gc,age         ] GC(74) Desired survivor size 123731968 bytes, new threshold 15 (max threshold 15)
[37.829s][info ][gc,heap        ] GC(74) PSYoungGen: 1870965K(1952256K)->54229K(1976320K) Eden: 1816064K(1816064K)->0K(1848320K) From: 54901K(136192K)->54229K(128000K)
[37.829s][info ][gc,heap        ] GC(74) ParOldGen: 277533K(356352K)->278545K(356352K)
[37.829s][info ][gc,metaspace   ] GC(74) Metaspace: 74085K(74688K)->74085K(74688K) NonClass: 63743K(64064K)->63743K(64064K) Class: 10342K(10624K)->10342K(10624K)
[37.829s][info ][gc             ] GC(74) Pause Young (Allocation Failure) 2098M->324M(2278M) 20.252ms
[37.829s][info ][gc,cpu         ] GC(74) User=0.06s Sys=0.00s Real=0.02s
[37.829s][info ][safepoint      ] Safepoint "ParallelGCFailedAllocation", Time since last: 434348987 ns, Reaching safepoint: 97701 ns, At safepoint: 20370933 ns, Total: 20468634 ns
[38.270s][info ][gc,start       ] GC(75) Pause Young (Allocation Failure)
[38.287s][debug][gc,phases      ] GC(75) Scavenge 17.051ms
[38.287s][debug][gc,ref         ] GC(75) Skipped phase 1 of Reference Processing: no references
[38.287s][debug][gc,ref         ] GC(75) Skipped phase 3 of Reference Processing: no references
[38.287s][debug][gc,phases      ] GC(75) Reference Processing 0.056ms
[38.287s][debug][gc,phases      ] GC(75) Weak Processing 0.545ms
[38.287s][debug][gc,age         ] GC(75) Desired survivor size 117440512 bytes, new threshold 15 (max threshold 15)
[38.287s][info ][gc,heap        ] GC(75) PSYoungGen: 1902549K(1976320K)->52739K(1969152K) Eden: 1848320K(1848320K)->0K(1848320K) From: 54229K(128000K)->52739K(120832K)
[38.287s][info ][gc,heap        ] GC(75) ParOldGen: 278545K(356352K)->280435K(356352K)
[38.287s][info ][gc,metaspace   ] GC(75) Metaspace: 74103K(74688K)->74103K(74688K) NonClass: 63761K(64064K)->63761K(64064K) Class: 10342K(10624K)->10342K(10624K)
[38.287s][info ][gc             ] GC(75) Pause Young (Allocation Failure) 2129M->325M(2271M) 17.800ms
[38.287s][info ][gc,cpu         ] GC(75) User=0.07s Sys=0.00s Real=0.02s
[38.288s][info ][safepoint      ] Safepoint "ParallelGCFailedAllocation", Time since last: 440103181 ns, Reaching safepoint: 168302 ns, At safepoint: 17922293 ns, Total: 18090595 ns
[38.740s][info ][gc,start       ] GC(76) Pause Young (Allocation Failure)
[38.756s][debug][gc,phases      ] GC(76) Scavenge 15.648ms
[38.756s][debug][gc,ref         ] GC(76) Skipped phase 1 of Reference Processing: no references
[38.756s][debug][gc,ref         ] GC(76) Skipped phase 3 of Reference Processing: no references
[38.756s][debug][gc,phases      ] GC(76) Reference Processing 0.047ms
[38.757s][debug][gc,phases      ] GC(76) Weak Processing 0.708ms
[38.757s][debug][gc,age         ] GC(76) Desired survivor size 111673344 bytes, new threshold 15 (max threshold 15)
[38.757s][info ][gc,heap        ] GC(76) PSYoungGen: 1901059K(1969152K)->52051K(1988096K) Eden: 1848320K(1848320K)->0K(1873408K) From: 52739K(120832K)->52051K(114688K)
[38.757s][info ][gc,heap        ] GC(76) ParOldGen: 280435K(356352K)->281556K(356352K)
[38.757s][info ][gc,metaspace   ] GC(76) Metaspace: 74112K(74752K)->74112K(74752K) NonClass: 63769K(64128K)->63769K(64128K) Class: 10343K(10624K)->10343K(10624K)
[38.757s][info ][gc             ] GC(76) Pause Young (Allocation Failure) 2130M->325M(2289M) 16.559ms
[38.757s][info ][gc,cpu         ] GC(76) User=0.06s Sys=0.01s Real=0.02s
[38.757s][info ][safepoint      ] Safepoint "ParallelGCFailedAllocation", Time since last: 451804071 ns, Reaching safepoint: 882215 ns, At safepoint: 16668972 ns, Total: 17551187 ns
[39.187s][info ][gc,start       ] GC(77) Pause Young (Allocation Failure)
[39.204s][debug][gc,phases      ] GC(77) Scavenge 16.369ms
[39.204s][debug][gc,ref         ] GC(77) Skipped phase 1 of Reference Processing: no references
[39.204s][debug][gc,ref         ] GC(77) Skipped phase 3 of Reference Processing: no references
[39.204s][debug][gc,phases      ] GC(77) Reference Processing 0.043ms
[39.204s][debug][gc,phases      ] GC(77) Weak Processing 0.583ms
[39.204s][debug][gc,age         ] GC(77) Desired survivor size 106954752 bytes, new threshold 15 (max threshold 15)
[39.204s][info ][gc,heap        ] GC(77) PSYoungGen: 1925459K(1988096K)->50496K(1982464K) Eden: 1873408K(1873408K)->0K(1873408K) From: 52051K(114688K)->50496K(109056K)
[39.204s][info ][gc,heap        ] GC(77) ParOldGen: 281556K(356352K)->283589K(356352K)
[39.204s][info ][gc,metaspace   ] GC(77) Metaspace: 74113K(74752K)->74113K(74752K) NonClass: 63769K(64128K)->63769K(64128K) Class: 10343K(10624K)->10343K(10624K)
[39.205s][info ][gc             ] GC(77) Pause Young (Allocation Failure) 2155M->326M(2284M) 17.132ms
[39.205s][info ][gc,cpu         ] GC(77) User=0.07s Sys=0.00s Real=0.02s
[39.205s][info ][safepoint      ] Safepoint "ParallelGCFailedAllocation", Time since last: 430302921 ns, Reaching safepoint: 152202 ns, At safepoint: 17243982 ns, Total: 17396184 ns
[39.674s][info ][gc,start       ] GC(78) Pause Young (Allocation Failure)
[39.690s][debug][gc,phases      ] GC(78) Scavenge 15.876ms
[39.690s][debug][gc,ref         ] GC(78) Skipped phase 1 of Reference Processing: no references
[39.690s][debug][gc,ref         ] GC(78) Skipped phase 3 of Reference Processing: no references
[39.690s][debug][gc,phases      ] GC(78) Reference Processing 0.030ms
[39.691s][debug][gc,phases      ] GC(78) Weak Processing 0.594ms
[39.691s][debug][gc,age         ] GC(78) Desired survivor size 103284736 bytes, new threshold 15 (max threshold 15)
[39.691s][info ][gc,heap        ] GC(78) PSYoungGen: 1923904K(1982464K)->44976K(1996288K) Eden: 1873408K(1873408K)->0K(1891840K) From: 50496K(109056K)->44976K(104448K)
[39.691s][info ][gc,heap        ] GC(78) ParOldGen: 283589K(356352K)->289651K(356352K)
[39.691s][info ][gc,metaspace   ] GC(78) Metaspace: 74127K(74752K)->74127K(74752K) NonClass: 63783K(64128K)->63783K(64128K) Class: 10343K(10624K)->10343K(10624K)
[39.691s][info ][gc             ] GC(78) Pause Young (Allocation Failure) 2155M->326M(2297M) 16.667ms
[39.691s][info ][gc,cpu         ] GC(78) User=0.07s Sys=0.00s Real=0.02s
[39.691s][info ][safepoint      ] Safepoint "ParallelGCFailedAllocation", Time since last: 469653263 ns, Reaching safepoint: 156602 ns, At safepoint: 16784074 ns, Total: 16940676 ns
[40.180s][info ][gc,start       ] GC(79) Pause Young (Allocation Failure)
[40.195s][debug][gc,phases      ] GC(79) Scavenge 15.250ms
[40.195s][debug][gc,ref         ] GC(79) Skipped phase 1 of Reference Processing: no references
[40.195s][debug][gc,ref         ] GC(79) Skipped phase 3 of Reference Processing: no references
[40.195s][debug][gc,phases      ] GC(79) Reference Processing 0.027ms
[40.196s][debug][gc,phases      ] GC(79) Weak Processing 0.510ms
[40.196s][debug][gc,age         ] GC(79) Desired survivor size 104857600 bytes, new threshold 15 (max threshold 15)
[40.196s][info ][gc,heap        ] GC(79) PSYoungGen: 1936816K(1996288K)->16592K(1992704K) Eden: 1891840K(1891840K)->0K(1891840K) From: 44976K(104448K)->16592K(100864K)
[40.196s][info ][gc,heap        ] GC(79) ParOldGen: 289651K(356352K)->319158K(356352K)
[40.196s][info ][gc,metaspace   ] GC(79) Metaspace: 74133K(74752K)->74133K(74752K) NonClass: 63790K(64128K)->63790K(64128K) Class: 10343K(10624K)->10343K(10624K)
[40.196s][info ][gc             ] GC(79) Pause Young (Allocation Failure) 2174M->327M(2294M) 15.972ms
[40.196s][info ][gc,cpu         ] GC(79) User=0.05s Sys=0.00s Real=0.01s
[40.196s][info ][safepoint      ] Safepoint "ParallelGCFailedAllocation", Time since last: 488579072 ns, Reaching safepoint: 238304 ns, At safepoint: 16105463 ns, Total: 16343767 ns
[40.634s][info ][gc,start       ] GC(80) Pause Young (Allocation Failure)
[40.645s][debug][gc,phases      ] GC(80) Scavenge 11.046ms
[40.645s][debug][gc,ref         ] GC(80) Skipped phase 1 of Reference Processing: no references
[40.645s][debug][gc,ref         ] GC(80) Skipped phase 3 of Reference Processing: no references
[40.645s][debug][gc,ref         ] GC(80) Skipped phase 4 of Reference Processing: no references
[40.645s][debug][gc,phases      ] GC(80) Reference Processing 0.024ms
[40.645s][debug][gc,phases      ] GC(80) Weak Processing 0.560ms
[40.645s][debug][gc,age         ] GC(80) Desired survivor size 106430464 bytes, new threshold 15 (max threshold 15)
[40.645s][info ][gc,heap        ] GC(80) PSYoungGen: 1908432K(1992704K)->10640K(1991680K) Eden: 1891840K(1891840K)->0K(1889280K) From: 16592K(100864K)->10640K(102400K)
[40.645s][info ][gc,heap        ] GC(80) ParOldGen: 319158K(356352K)->325663K(356352K)
[40.645s][info ][gc,metaspace   ] GC(80) Metaspace: 74134K(74752K)->74134K(74752K) NonClass: 63790K(64128K)->63790K(64128K) Class: 10343K(10624K)->10343K(10624K)
[40.645s][info ][gc             ] GC(80) Pause Young (Allocation Failure) 2175M->328M(2293M) 11.772ms
[40.645s][info ][gc,cpu         ] GC(80) User=0.04s Sys=0.00s Real=0.02s
[40.645s][info ][safepoint      ] Safepoint "ParallelGCFailedAllocation", Time since last: 437260335 ns, Reaching safepoint: 162002 ns, At safepoint: 11879994 ns, Total: 12041996 ns
[41.122s][info ][gc,start       ] GC(81) Pause Young (Allocation Failure)
[41.132s][debug][gc,phases      ] GC(81) Scavenge 9.884ms
[41.132s][debug][gc,ref         ] GC(81) Skipped phase 1 of Reference Processing: no references
[41.132s][debug][gc,ref         ] GC(81) Skipped phase 3 of Reference Processing: no references
[41.132s][debug][gc,ref         ] GC(81) Skipped phase 4 of Reference Processing: no references
[41.132s][debug][gc,phases      ] GC(81) Reference Processing 0.028ms
[41.133s][debug][gc,phases      ] GC(81) Weak Processing 0.630ms
[41.133s][debug][gc,age         ] GC(81) Desired survivor size 107479040 bytes, new threshold 15 (max threshold 15)
[41.133s][info ][gc,heap        ] GC(81) PSYoungGen: 1899920K(1991680K)->6304K(1895936K) Eden: 1889280K(1889280K)->0K(1889280K) From: 10640K(102400K)->6304K(6656K)
[41.133s][info ][gc,heap        ] GC(81) ParOldGen: 325663K(356352K)->330647K(356352K)
[41.133s][info ][gc,metaspace   ] GC(81) Metaspace: 74135K(74752K)->74135K(74752K) NonClass: 63791K(64128K)->63791K(64128K) Class: 10343K(10624K)->10343K(10624K)
[41.133s][info ][gc             ] GC(81) Pause Young (Allocation Failure) 2173M->329M(2199M) 10.696ms
[41.133s][info ][gc,cpu         ] GC(81) User=0.02s Sys=0.01s Real=0.01s
[41.133s][info ][safepoint      ] Safepoint "ParallelGCFailedAllocation", Time since last: 476392673 ns, Reaching safepoint: 307805 ns, At safepoint: 10826477 ns, Total: 11134282 ns
[41.649s][info ][gc,start       ] GC(82) Pause Young (Allocation Failure)
[41.653s][debug][gc,phases      ] GC(82) Scavenge 4.179ms
[41.653s][debug][gc,ref         ] GC(82) Skipped phase 1 of Reference Processing: no references
[41.653s][debug][gc,ref         ] GC(82) Skipped phase 2 of Reference Processing: no references
[41.653s][debug][gc,ref         ] GC(82) Skipped phase 3 of Reference Processing: no references
[41.653s][debug][gc,ref         ] GC(82) Skipped phase 4 of Reference Processing: no references
[41.653s][debug][gc,phases      ] GC(82) Reference Processing 0.050ms
[41.654s][debug][gc,phases      ] GC(82) Weak Processing 0.493ms
[41.654s][debug][gc,age         ] GC(82) Desired survivor size 106954752 bytes, new threshold 15 (max threshold 15)
[41.654s][info ][gc,heap        ] GC(82) PSYoungGen: 1895584K(1895936K)->6208K(1992704K) Eden: 1889280K(1889280K)->0K(1887744K) From: 6304K(6656K)->6208K(104960K)
[41.654s][info ][gc,heap        ] GC(82) ParOldGen: 330647K(356352K)->331479K(356352K)
[41.654s][info ][gc,metaspace   ] GC(82) Metaspace: 74150K(74752K)->74150K(74752K) NonClass: 63807K(64128K)->63807K(64128K) Class: 10343K(10624K)->10343K(10624K)
[41.654s][info ][gc             ] GC(82) Pause Young (Allocation Failure) 2174M->329M(2294M) 4.858ms
[41.654s][info ][gc,cpu         ] GC(82) User=0.01s Sys=0.00s Real=0.00s
[41.654s][info ][safepoint      ] Safepoint "ParallelGCFailedAllocation", Time since last: 512698466 ns, Reaching safepoint: 3227553 ns, At safepoint: 4965781 ns, Total: 8193334 ns
[42.125s][info ][gc,start       ] GC(83) Pause Young (Allocation Failure)
[42.130s][debug][gc,phases      ] GC(83) Scavenge 4.957ms
[42.130s][debug][gc,ref         ] GC(83) Skipped phase 1 of Reference Processing: no references
[42.130s][debug][gc,ref         ] GC(83) Skipped phase 2 of Reference Processing: no references
[42.130s][debug][gc,ref         ] GC(83) Skipped phase 3 of Reference Processing: no references
[42.130s][debug][gc,ref         ] GC(83) Skipped phase 4 of Reference Processing: no references
[42.130s][debug][gc,phases      ] GC(83) Reference Processing 0.025ms
[42.130s][debug][gc,phases      ] GC(83) Weak Processing 0.619ms
[42.130s][debug][gc,age         ] GC(83) Desired survivor size 105381888 bytes, new threshold 15 (max threshold 15)
[42.130s][info ][gc,heap        ] GC(83) PSYoungGen: 1893952K(1992704K)->7424K(1992192K) Eden: 1887744K(1887744K)->0K(1887744K) From: 6208K(104960K)->7424K(104448K)
[42.131s][info ][gc,heap        ] GC(83) ParOldGen: 331479K(356352K)->331751K(356352K)
[42.131s][info ][gc,metaspace   ] GC(83) Metaspace: 74202K(74816K)->74202K(74816K) NonClass: 63856K(64192K)->63856K(64192K) Class: 10346K(10624K)->10346K(10624K)
[42.131s][info ][gc             ] GC(83) Pause Young (Allocation Failure) 2173M->331M(2293M) 5.763ms
[42.131s][info ][gc,cpu         ] GC(83) User=0.03s Sys=0.00s Real=0.00s
[42.131s][info ][safepoint      ] Safepoint "ParallelGCFailedAllocation", Time since last: 467701631 ns, Reaching safepoint: 3199352 ns, At safepoint: 5873496 ns, Total: 9072848 ns
[43.131s][info ][safepoint      ] Safepoint "Cleanup", Time since last: 1000088419 ns, Reaching safepoint: 107502 ns, At safepoint: 10300 ns, Total: 117802 ns
[44.131s][info ][safepoint      ] Safepoint "Cleanup", Time since last: 1000109720 ns, Reaching safepoint: 155702 ns, At safepoint: 10300 ns, Total: 166002 ns
[45.131s][info ][safepoint      ] Safepoint "Cleanup", Time since last: 1000120321 ns, Reaching safepoint: 147202 ns, At safepoint: 12400 ns, Total: 159602 ns
[45.333s][info ][safepoint      ] Safepoint "ICBufferFull", Time since last: 201193783 ns, Reaching safepoint: 258905 ns, At safepoint: 16000 ns, Total: 274905 ns
[45.443s][info ][safepoint      ] Safepoint "ICBufferFull", Time since last: 109998395 ns, Reaching safepoint: 319805 ns, At safepoint: 7300 ns, Total: 327105 ns
[45.643s][info ][safepoint      ] Safepoint "ICBufferFull", Time since last: 199919463 ns, Reaching safepoint: 250804 ns, At safepoint: 10900 ns, Total: 261704 ns
[46.438s][info ][safepoint      ] Safepoint "ICBufferFull", Time since last: 794842871 ns, Reaching safepoint: 215903 ns, At safepoint: 13200 ns, Total: 229103 ns
[46.892s][info ][safepoint      ] Safepoint "ICBufferFull", Time since last: 453805706 ns, Reaching safepoint: 153102 ns, At safepoint: 8400 ns, Total: 161502 ns
[47.595s][info ][safepoint      ] Safepoint "ICBufferFull", Time since last: 702682968 ns, Reaching safepoint: 173602 ns, At safepoint: 21701 ns, Total: 195303 ns
[48.442s][info ][safepoint      ] Safepoint "ICBufferFull", Time since last: 846810619 ns, Reaching safepoint: 212604 ns, At safepoint: 17000 ns, Total: 229604 ns
[48.838s][info ][safepoint      ] Safepoint "ICBufferFull", Time since last: 395274350 ns, Reaching safepoint: 209804 ns, At safepoint: 3200 ns, Total: 213004 ns
[49.736s][info ][safepoint      ] Safepoint "ICBufferFull", Time since last: 897965354 ns, Reaching safepoint: 190403 ns, At safepoint: 8101 ns, Total: 198504 ns
[50.736s][info ][safepoint      ] Safepoint "Cleanup", Time since last: 1000111021 ns, Reaching safepoint: 127902 ns, At safepoint: 9601 ns, Total: 137503 ns
[51.733s][info ][safepoint      ] Safepoint "ICBufferFull", Time since last: 996919969 ns, Reaching safepoint: 179903 ns, At safepoint: 8201 ns, Total: 188104 ns
[52.734s][info ][safepoint      ] Safepoint "Cleanup", Time since last: 1000114322 ns, Reaching safepoint: 221703 ns, At safepoint: 14301 ns, Total: 236004 ns
[53.687s][info ][safepoint      ] Safepoint "ICBufferFull", Time since last: 953544262 ns, Reaching safepoint: 199304 ns, At safepoint: 16300 ns, Total: 215604 ns
[54.718s][info ][safepoint      ] Safepoint "Cleanup", Time since last: 1030810024 ns, Reaching safepoint: 157302 ns, At safepoint: 11601 ns, Total: 168903 ns
[55.719s][info ][safepoint      ] Safepoint "Cleanup", Time since last: 1000115123 ns, Reaching safepoint: 116402 ns, At safepoint: 10800 ns, Total: 127202 ns
[56.719s][info ][safepoint      ] Safepoint "Cleanup", Time since last: 1000111723 ns, Reaching safepoint: 112202 ns, At safepoint: 8100 ns, Total: 120302 ns
[57.719s][info ][safepoint      ] Safepoint "Cleanup", Time since last: 1000102924 ns, Reaching safepoint: 97402 ns, At safepoint: 8300 ns, Total: 105702 ns
[58.719s][info ][safepoint      ] Safepoint "Cleanup", Time since last: 1000104224 ns, Reaching safepoint: 107102 ns, At safepoint: 9900 ns, Total: 117002 ns
[58.887s][info ][gc,start       ] GC(84) Pause Young (Allocation Failure)
[58.900s][debug][gc,phases      ] GC(84) Scavenge 12.463ms
[58.900s][debug][gc,ref         ] GC(84) Skipped phase 1 of Reference Processing: no references
[58.900s][debug][gc,ref         ] GC(84) Skipped phase 3 of Reference Processing: no references
[58.900s][debug][gc,phases      ] GC(84) Reference Processing 0.058ms
[58.901s][debug][gc,phases      ] GC(84) Weak Processing 0.655ms
[58.901s][debug][gc,age         ] GC(84) Desired survivor size 99614720 bytes, new threshold 15 (max threshold 15)
[58.901s][info ][gc,heap        ] GC(84) PSYoungGen: 1895168K(1992192K)->37760K(1999872K) Eden: 1887744K(1887744K)->0K(1896960K) From: 7424K(104448K)->37760K(102912K)
[58.901s][info ][gc,heap        ] GC(84) ParOldGen: 331751K(356352K)->331999K(356352K)
[58.901s][info ][gc,metaspace   ] GC(84) Metaspace: 75421K(76096K)->75421K(76096K) NonClass: 64985K(65344K)->64985K(65344K) Class: 10436K(10752K)->10436K(10752K)
[58.901s][info ][gc             ] GC(84) Pause Young (Allocation Failure) 2174M->361M(2301M) 13.322ms
[58.901s][info ][gc,cpu         ] GC(84) User=0.05s Sys=0.00s Real=0.01s
[58.901s][info ][safepoint      ] Safepoint "ParallelGCFailedAllocation", Time since last: 167908340 ns, Reaching safepoint: 53301 ns, At safepoint: 13405719 ns, Total: 13459020 ns
[59.599s][info ][safepoint      ] Safepoint "ICBufferFull", Time since last: 697932792 ns, Reaching safepoint: 189703 ns, At safepoint: 9700 ns, Total: 199403 ns
[60.088s][info ][safepoint      ] Safepoint "ICBufferFull", Time since last: 488928581 ns, Reaching safepoint: 204003 ns, At safepoint: 2701 ns, Total: 206704 ns
[61.088s][info ][safepoint      ] Safepoint "Cleanup", Time since last: 1000112824 ns, Reaching safepoint: 140503 ns, At safepoint: 8200 ns, Total: 148703 ns
[62.088s][info ][safepoint      ] Safepoint "Cleanup", Time since last: 1000151826 ns, Reaching safepoint: 129802 ns, At safepoint: 16700 ns, Total: 146502 ns
[63.089s][info ][safepoint      ] Safepoint "Cleanup", Time since last: 1000109825 ns, Reaching safepoint: 181903 ns, At safepoint: 16701 ns, Total: 198604 ns
[64.089s][info ][safepoint      ] Safepoint "Cleanup", Time since last: 1000113025 ns, Reaching safepoint: 94902 ns, At safepoint: 14500 ns, Total: 109402 ns
[65.089s][info ][safepoint      ] Safepoint "Cleanup", Time since last: 1000111026 ns, Reaching safepoint: 94802 ns, At safepoint: 11100 ns, Total: 105902 ns
[66.089s][info ][safepoint      ] Safepoint "Cleanup", Time since last: 1000107126 ns, Reaching safepoint: 59301 ns, At safepoint: 5800 ns, Total: 65101 ns
[67.090s][info ][safepoint      ] Safepoint "Cleanup", Time since last: 1000116827 ns, Reaching safepoint: 58501 ns, At safepoint: 10200 ns, Total: 68701 ns
[68.090s][info ][safepoint      ] Safepoint "Cleanup", Time since last: 1000105927 ns, Reaching safepoint: 137102 ns, At safepoint: 12200 ns, Total: 149302 ns
[69.090s][info ][safepoint      ] Safepoint "Cleanup", Time since last: 1000118328 ns, Reaching safepoint: 61501 ns, At safepoint: 8100 ns, Total: 69601 ns
[70.090s][info ][safepoint      ] Safepoint "Cleanup", Time since last: 1000117327 ns, Reaching safepoint: 64902 ns, At safepoint: 12600 ns, Total: 77502 ns
[71.090s][info ][safepoint      ] Safepoint "Cleanup", Time since last: 1000124328 ns, Reaching safepoint: 90801 ns, At safepoint: 12500 ns, Total: 103301 ns
[72.091s][info ][safepoint      ] Safepoint "Cleanup", Time since last: 1000108128 ns, Reaching safepoint: 61902 ns, At safepoint: 8000 ns, Total: 69902 ns
[73.247s][info ][safepoint      ] Safepoint "Cleanup", Time since last: 1156360479 ns, Reaching safepoint: 149303 ns, At safepoint: 10100 ns, Total: 159403 ns
[74.395s][info ][safepoint      ] Safepoint "Cleanup", Time since last: 1147842340 ns, Reaching safepoint: 113002 ns, At safepoint: 13701 ns, Total: 126703 ns
[75.395s][info ][safepoint      ] Safepoint "Cleanup", Time since last: 1000117729 ns, Reaching safepoint: 80101 ns, At safepoint: 5100 ns, Total: 85201 ns
[76.396s][info ][safepoint      ] Safepoint "Cleanup", Time since last: 1000109229 ns, Reaching safepoint: 63601 ns, At safepoint: 6301 ns, Total: 69902 ns
[77.396s][info ][safepoint      ] Safepoint "Cleanup", Time since last: 1000113029 ns, Reaching safepoint: 67301 ns, At safepoint: 3200 ns, Total: 70501 ns
[78.396s][info ][safepoint      ] Safepoint "Cleanup", Time since last: 1000105630 ns, Reaching safepoint: 58401 ns, At safepoint: 8000 ns, Total: 66401 ns
[79.396s][info ][safepoint      ] Safepoint "Cleanup", Time since last: 1000107230 ns, Reaching safepoint: 146303 ns, At safepoint: 9100 ns, Total: 155403 ns
[80.396s][info ][safepoint      ] Safepoint "Cleanup", Time since last: 1000116531 ns, Reaching safepoint: 76401 ns, At safepoint: 3000 ns, Total: 79401 ns
[80.532s][info ][gc,start       ] GC(85) Pause Young (Allocation Failure)
[80.544s][debug][gc,phases      ] GC(85) Scavenge 11.707ms
[80.544s][debug][gc,ref         ] GC(85) Skipped phase 1 of Reference Processing: no references
[80.544s][debug][gc,phases      ] GC(85) Reference Processing 0.078ms
[80.545s][debug][gc,phases      ] GC(85) Weak Processing 0.626ms
[80.545s][debug][gc,age         ] GC(85) Desired survivor size 101711872 bytes, new threshold 15 (max threshold 15)
[80.545s][info ][gc,heap        ] GC(85) PSYoungGen: 1934720K(1999872K)->57477K(1994240K) Eden: 1896960K(1896960K)->0K(1896960K) From: 37760K(102912K)->57477K(97280K)
[80.545s][info ][gc,heap        ] GC(85) ParOldGen: 331999K(356352K)->332271K(356352K)
[80.545s][info ][gc,metaspace   ] GC(85) Metaspace: 75889K(76480K)->75889K(76480K) NonClass: 65418K(65728K)->65418K(65728K) Class: 10470K(10752K)->10470K(10752K)
[80.545s][info ][gc             ] GC(85) Pause Young (Allocation Failure) 2213M->380M(2295M) 12.582ms
[80.545s][info ][gc,cpu         ] GC(85) User=0.04s Sys=0.01s Real=0.02s
[80.545s][info ][safepoint      ] Safepoint "ParallelGCFailedAllocation", Time since last: 135887019 ns, Reaching safepoint: 32500 ns, At safepoint: 12670607 ns, Total: 12703107 ns
[81.545s][info ][safepoint      ] Safepoint "Cleanup", Time since last: 1000084231 ns, Reaching safepoint: 46000 ns, At safepoint: 14901 ns, Total: 60901 ns
[82.545s][info ][safepoint      ] Safepoint "Cleanup", Time since last: 1000120031 ns, Reaching safepoint: 56401 ns, At safepoint: 13200 ns, Total: 69601 ns
[83.247s][info ][safepoint      ] Safepoint "ICBufferFull", Time since last: 701372053 ns, Reaching safepoint: 143402 ns, At safepoint: 6001 ns, Total: 149403 ns
[83.789s][info ][safepoint      ] Safepoint "ICBufferFull", Time since last: 542095952 ns, Reaching safepoint: 158302 ns, At safepoint: 5601 ns, Total: 163903 ns
[84.789s][info ][safepoint      ] Safepoint "Cleanup", Time since last: 1000117331 ns, Reaching safepoint: 68002 ns, At safepoint: 9600 ns, Total: 77602 ns
[85.789s][info ][safepoint      ] Safepoint "Cleanup", Time since last: 1000108232 ns, Reaching safepoint: 77401 ns, At safepoint: 10000 ns, Total: 87401 ns
[86.835s][info ][safepoint      ] Safepoint "Cleanup", Time since last: 1045049266 ns, Reaching safepoint: 196104 ns, At safepoint: 11200 ns, Total: 207304 ns
[87.835s][info ][safepoint      ] Safepoint "Cleanup", Time since last: 1000106132 ns, Reaching safepoint: 134702 ns, At safepoint: 8601 ns, Total: 143303 ns
[88.835s][info ][safepoint      ] Safepoint "Cleanup", Time since last: 1000113533 ns, Reaching safepoint: 66201 ns, At safepoint: 8500 ns, Total: 74701 ns
[89.835s][info ][safepoint      ] Safepoint "Cleanup", Time since last: 1000102733 ns, Reaching safepoint: 114802 ns, At safepoint: 10600 ns, Total: 125402 ns
[90.836s][info ][safepoint      ] Safepoint "Cleanup", Time since last: 1000133734 ns, Reaching safepoint: 67701 ns, At safepoint: 12100 ns, Total: 79801 ns
[92.836s][info ][safepoint      ] Safepoint "Cleanup", Time since last: 2000185067 ns, Reaching safepoint: 129802 ns, At safepoint: 8801 ns, Total: 138603 ns
[93.836s][info ][safepoint      ] Safepoint "Cleanup", Time since last: 1000113834 ns, Reaching safepoint: 98502 ns, At safepoint: 14700 ns, Total: 113202 ns
[94.836s][info ][safepoint      ] Safepoint "Cleanup", Time since last: 1000108634 ns, Reaching safepoint: 130003 ns, At safepoint: 9300 ns, Total: 139303 ns
[95.837s][info ][safepoint      ] Safepoint "Cleanup", Time since last: 1000114535 ns, Reaching safepoint: 119802 ns, At safepoint: 8000 ns, Total: 127802 ns
[96.837s][info ][safepoint      ] Safepoint "Cleanup", Time since last: 1000112935 ns, Reaching safepoint: 117402 ns, At safepoint: 11300 ns, Total: 128702 ns
[97.837s][info ][safepoint      ] Safepoint "Cleanup", Time since last: 1000109936 ns, Reaching safepoint: 116901 ns, At safepoint: 6701 ns, Total: 123602 ns
[98.837s][info ][safepoint      ] Safepoint "Cleanup", Time since last: 1000110735 ns, Reaching safepoint: 122002 ns, At safepoint: 5900 ns, Total: 127902 ns
[99.838s][info ][safepoint      ] Safepoint "Cleanup", Time since last: 1000127437 ns, Reaching safepoint: 60001 ns, At safepoint: 13700 ns, Total: 73701 ns
[100.838s][info ][safepoint      ] Safepoint "Cleanup", Time since last: 1000111036 ns, Reaching safepoint: 66801 ns, At safepoint: 17701 ns, Total: 84502 ns
[101.838s][info ][safepoint      ] Safepoint "Cleanup", Time since last: 1000122736 ns, Reaching safepoint: 57401 ns, At safepoint: 9000 ns, Total: 66401 ns
[102.487s][info ][gc,start       ] GC(86) Pause Young (Allocation Failure)
[102.500s][debug][gc,phases      ] GC(86) Scavenge 13.323ms
[102.500s][debug][gc,ref         ] GC(86) Skipped phase 1 of Reference Processing: no references
[102.500s][debug][gc,ref         ] GC(86) Skipped phase 3 of Reference Processing: no references
[102.500s][debug][gc,phases      ] GC(86) Reference Processing 0.042ms
[102.501s][debug][gc,phases      ] GC(86) Weak Processing 0.647ms
[102.501s][debug][gc,age         ] GC(86) Desired survivor size 102760448 bytes, new threshold 15 (max threshold 15)
[102.501s][info ][gc,heap        ] GC(86) PSYoungGen: 1954437K(1994240K)->56611K(1995776K) Eden: 1896960K(1896960K)->0K(1896448K) From: 57477K(97280K)->56611K(99328K)
[102.501s][info ][gc,heap        ] GC(86) ParOldGen: 332271K(356352K)->332583K(356352K)
[102.501s][info ][gc,metaspace   ] GC(86) Metaspace: 76163K(76800K)->76163K(76800K) NonClass: 65669K(65984K)->65669K(65984K) Class: 10494K(10816K)->10494K(10816K)
[102.501s][info ][gc             ] GC(86) Pause Young (Allocation Failure) 2233M->380M(2297M) 14.185ms
[102.501s][info ][gc,cpu         ] GC(86) User=0.05s Sys=0.00s Real=0.01s
[102.501s][info ][safepoint      ] Safepoint "ParallelGCFailedAllocation", Time since last: 648620096 ns, Reaching safepoint: 45900 ns, At safepoint: 14270333 ns, Total: 14316233 ns
[103.501s][info ][safepoint      ] Safepoint "Cleanup", Time since last: 1000088037 ns, Reaching safepoint: 51201 ns, At safepoint: 11300 ns, Total: 62501 ns
[104.501s][info ][safepoint      ] Safepoint "Cleanup", Time since last: 1000099537 ns, Reaching safepoint: 55201 ns, At safepoint: 7700 ns, Total: 62901 ns
[105.501s][info ][safepoint      ] Safepoint "Cleanup", Time since last: 1000091438 ns, Reaching safepoint: 75001 ns, At safepoint: 8100 ns, Total: 83101 ns
[106.502s][info ][safepoint      ] Safepoint "Cleanup", Time since last: 1000102638 ns, Reaching safepoint: 190903 ns, At safepoint: 8400 ns, Total: 199303 ns
[107.502s][info ][safepoint      ] Safepoint "Cleanup", Time since last: 1000094938 ns, Reaching safepoint: 178003 ns, At safepoint: 12800 ns, Total: 190803 ns
[108.502s][info ][safepoint      ] Safepoint "Cleanup", Time since last: 1000108438 ns, Reaching safepoint: 63301 ns, At safepoint: 5800 ns, Total: 69101 ns
[109.502s][info ][safepoint      ] Safepoint "Cleanup", Time since last: 1000108339 ns, Reaching safepoint: 67901 ns, At safepoint: 6200 ns, Total: 74101 ns
[111.352s][info ][safepoint      ] Safepoint "Cleanup", Time since last: 1849497216 ns, Reaching safepoint: 133302 ns, At safepoint: 16600 ns, Total: 149902 ns
[113.071s][info ][safepoint      ] Safepoint "Cleanup", Time since last: 1719249789 ns, Reaching safepoint: 66201 ns, At safepoint: 10200 ns, Total: 76401 ns
[114.071s][info ][safepoint      ] Safepoint "Cleanup", Time since last: 1000101340 ns, Reaching safepoint: 115902 ns, At safepoint: 8700 ns, Total: 124602 ns
[115.072s][info ][safepoint      ] Safepoint "Cleanup", Time since last: 1000099540 ns, Reaching safepoint: 75301 ns, At safepoint: 5500 ns, Total: 80801 ns
[116.072s][info ][safepoint      ] Safepoint "Cleanup", Time since last: 1000111241 ns, Reaching safepoint: 59301 ns, At safepoint: 6300 ns, Total: 65601 ns
[117.072s][info ][safepoint      ] Safepoint "Cleanup", Time since last: 1000109541 ns, Reaching safepoint: 60001 ns, At safepoint: 7700 ns, Total: 67701 ns
[118.072s][info ][safepoint      ] Safepoint "Cleanup", Time since last: 1000106241 ns, Reaching safepoint: 76701 ns, At safepoint: 12100 ns, Total: 88801 ns
[119.072s][info ][safepoint      ] Safepoint "Cleanup", Time since last: 1000114541 ns, Reaching safepoint: 47901 ns, At safepoint: 7300 ns, Total: 55201 ns
[120.034s][info ][gc,start       ] GC(87) Pause Young (Allocation Failure)
[120.047s][debug][gc,phases      ] GC(87) Scavenge 12.846ms
[120.047s][debug][gc,ref         ] GC(87) Skipped phase 1 of Reference Processing: no references
[120.047s][debug][gc,phases      ] GC(87) Reference Processing 0.075ms
[120.047s][debug][gc,phases      ] GC(87) Weak Processing 0.613ms
[120.047s][debug][gc,age         ] GC(87) Desired survivor size 108527616 bytes, new threshold 15 (max threshold 15)
[120.047s][info ][gc,heap        ] GC(87) PSYoungGen: 1953059K(1995776K)->71784K(1968640K) Eden: 1896448K(1896448K)->0K(1896448K) From: 56611K(99328K)->71784K(72192K)
[120.047s][info ][gc,heap        ] GC(87) ParOldGen: 332583K(356352K)->332927K(356352K)
[120.047s][info ][gc,metaspace   ] GC(87) Metaspace: 76344K(76992K)->76344K(76992K) NonClass: 65841K(66176K)->65841K(66176K) Class: 10503K(10816K)->10503K(10816K)
[120.047s][info ][gc             ] GC(87) Pause Young (Allocation Failure) 2232M->395M(2270M) 13.690ms
[120.047s][info ][gc,cpu         ] GC(87) User=0.05s Sys=0.00s Real=0.02s
[120.048s][info ][safepoint      ] Safepoint "ParallelGCFailedAllocation", Time since last: 961289508 ns, Reaching safepoint: 62501 ns, At safepoint: 13787925 ns, Total: 13850426 ns
[121.048s][info ][safepoint      ] Safepoint "Cleanup", Time since last: 1000103342 ns, Reaching safepoint: 56400 ns, At safepoint: 8101 ns, Total: 64501 ns
[125.048s][info ][safepoint      ] Safepoint "Cleanup", Time since last: 4000273167 ns, Reaching safepoint: 95101 ns, At safepoint: 8300 ns, Total: 103401 ns
[126.048s][info ][safepoint      ] Safepoint "Cleanup", Time since last: 1000069643 ns, Reaching safepoint: 71801 ns, At safepoint: 7600 ns, Total: 79401 ns
[128.048s][info ][safepoint      ] Safepoint "Cleanup", Time since last: 2000163986 ns, Reaching safepoint: 68301 ns, At safepoint: 7800 ns, Total: 76101 ns
[130.049s][info ][safepoint      ] Safepoint "Cleanup", Time since last: 2000183088 ns, Reaching safepoint: 123702 ns, At safepoint: 9600 ns, Total: 133302 ns
[131.049s][info ][safepoint      ] Safepoint "Cleanup", Time since last: 1000117345 ns, Reaching safepoint: 66201 ns, At safepoint: 7900 ns, Total: 74101 ns
[132.049s][info ][safepoint      ] Safepoint "Cleanup", Time since last: 1000119145 ns, Reaching safepoint: 53900 ns, At safepoint: 10801 ns, Total: 64701 ns
[134.049s][info ][safepoint      ] Safepoint "Cleanup", Time since last: 2000176089 ns, Reaching safepoint: 65801 ns, At safepoint: 5900 ns, Total: 71701 ns
[135.050s][info ][safepoint      ] Safepoint "Cleanup", Time since last: 1000102446 ns, Reaching safepoint: 110701 ns, At safepoint: 12001 ns, Total: 122702 ns
[136.050s][info ][safepoint      ] Safepoint "Cleanup", Time since last: 1000116045 ns, Reaching safepoint: 50701 ns, At safepoint: 2700 ns, Total: 53401 ns
[137.050s][info ][safepoint      ] Safepoint "Cleanup", Time since last: 1000105646 ns, Reaching safepoint: 81001 ns, At safepoint: 5801 ns, Total: 86802 ns
[138.050s][info ][safepoint      ] Safepoint "Cleanup", Time since last: 1000105646 ns, Reaching safepoint: 65701 ns, At safepoint: 8500 ns, Total: 74201 ns
[138.932s][info ][gc,start       ] GC(88) Pause Young (Allocation Failure)
[138.946s][debug][gc,phases      ] GC(88) Scavenge 14.016ms
[138.946s][debug][gc,ref         ] GC(88) Skipped phase 1 of Reference Processing: no references
[138.946s][debug][gc,ref         ] GC(88) Skipped phase 3 of Reference Processing: no references
[138.946s][debug][gc,phases      ] GC(88) Reference Processing 0.031ms
[138.947s][debug][gc,phases      ] GC(88) Weak Processing 0.655ms
[138.947s][debug][gc,age         ] GC(88) Desired survivor size 113246208 bytes, new threshold 15 (max threshold 15)
[138.947s][info ][gc,heap        ] GC(88) PSYoungGen: 1968232K(1968640K)->71416K(1981952K) Eden: 1896448K(1896448K)->0K(1875968K) From: 71784K(72192K)->71416K(105984K)
[138.947s][info ][gc,heap        ] GC(88) ParOldGen: 332927K(356352K)->333295K(356352K)
[138.947s][info ][gc,metaspace   ] GC(88) Metaspace: 76361K(76992K)->76361K(76992K) NonClass: 65858K(66176K)->65858K(66176K) Class: 10503K(10816K)->10503K(10816K)
[138.947s][info ][gc             ] GC(88) Pause Young (Allocation Failure) 2247M->395M(2283M) 14.859ms
[138.947s][info ][gc,cpu         ] GC(88) User=0.05s Sys=0.00s Real=0.02s
[138.947s][info ][safepoint      ] Safepoint "ParallelGCFailedAllocation", Time since last: 881512308 ns, Reaching safepoint: 59201 ns, At safepoint: 14943144 ns, Total: 15002345 ns
[139.947s][info ][safepoint      ] Safepoint "Cleanup", Time since last: 1000083546 ns, Reaching safepoint: 46701 ns, At safepoint: 6300 ns, Total: 53001 ns
[140.947s][info ][safepoint      ] Safepoint "Cleanup", Time since last: 1000097347 ns, Reaching safepoint: 53301 ns, At safepoint: 3200 ns, Total: 56501 ns
[141.947s][info ][safepoint      ] Safepoint "Cleanup", Time since last: 1000118147 ns, Reaching safepoint: 63201 ns, At safepoint: 7701 ns, Total: 70902 ns
[143.434s][info ][safepoint      ] Safepoint "Cleanup", Time since last: 1486620500 ns, Reaching safepoint: 113001 ns, At safepoint: 13101 ns, Total: 126102 ns
[144.434s][info ][safepoint      ] Safepoint "Cleanup", Time since last: 1000122148 ns, Reaching safepoint: 98401 ns, At safepoint: 9500 ns, Total: 107901 ns
[145.434s][info ][safepoint      ] Safepoint "Cleanup", Time since last: 1000122449 ns, Reaching safepoint: 118702 ns, At safepoint: 8900 ns, Total: 127602 ns
[146.435s][info ][safepoint      ] Safepoint "Cleanup", Time since last: 1000131049 ns, Reaching safepoint: 129802 ns, At safepoint: 7500 ns, Total: 137302 ns
[147.435s][info ][safepoint      ] Safepoint "Cleanup", Time since last: 1000081448 ns, Reaching safepoint: 57701 ns, At safepoint: 8300 ns, Total: 66001 ns
[150.435s][info ][safepoint      ] Safepoint "Cleanup", Time since last: 3000249846 ns, Reaching safepoint: 116402 ns, At safepoint: 8400 ns, Total: 124802 ns
[151.435s][info ][safepoint      ] Safepoint "Cleanup", Time since last: 1000120150 ns, Reaching safepoint: 126302 ns, At safepoint: 8500 ns, Total: 134802 ns
[152.436s][info ][safepoint      ] Safepoint "Cleanup", Time since last: 1000114350 ns, Reaching safepoint: 126102 ns, At safepoint: 10200 ns, Total: 136302 ns
[154.436s][info ][safepoint      ] Safepoint "Cleanup", Time since last: 2000182500 ns, Reaching safepoint: 117502 ns, At safepoint: 8100 ns, Total: 125602 ns
[155.436s][info ][safepoint      ] Safepoint "Cleanup", Time since last: 1000109251 ns, Reaching safepoint: 89201 ns, At safepoint: 10701 ns, Total: 99902 ns
[156.436s][info ][safepoint      ] Safepoint "Cleanup", Time since last: 1000102450 ns, Reaching safepoint: 51201 ns, At safepoint: 6700 ns, Total: 57901 ns
[157.187s][info ][gc,start       ] GC(89) Pause Young (Allocation Failure)
[157.200s][debug][gc,phases      ] GC(89) Scavenge 12.577ms
[157.200s][debug][gc,ref         ] GC(89) Skipped phase 1 of Reference Processing: no references
[157.200s][debug][gc,ref         ] GC(89) Skipped phase 3 of Reference Processing: no references
[157.200s][debug][gc,phases      ] GC(89) Reference Processing 0.042ms
[157.201s][debug][gc,phases      ] GC(89) Weak Processing 0.765ms
[157.201s][debug][gc,age         ] GC(89) Desired survivor size 115867648 bytes, new threshold 15 (max threshold 15)
[157.201s][info ][gc,heap        ] GC(89) PSYoungGen: 1947384K(1981952K)->71003K(1947136K) Eden: 1875968K(1875968K)->0K(1875968K) From: 71416K(105984K)->71003K(71168K)
[157.201s][info ][gc,heap        ] GC(89) ParOldGen: 333295K(356352K)->333655K(356352K)
[157.201s][info ][gc,metaspace   ] GC(89) Metaspace: 76405K(77056K)->76405K(77056K) NonClass: 65902K(66240K)->65902K(66240K) Class: 10503K(10816K)->10503K(10816K)
[157.201s][info ][gc             ] GC(89) Pause Young (Allocation Failure) 2227M->395M(2249M) 13.537ms
[157.201s][info ][gc,cpu         ] GC(89) User=0.05s Sys=0.00s Real=0.01s
[157.201s][info ][safepoint      ] Safepoint "ParallelGCFailedAllocation", Time since last: 750609672 ns, Reaching safepoint: 50901 ns, At safepoint: 13630823 ns, Total: 13681724 ns
[158.201s][info ][safepoint      ] Safepoint "Cleanup", Time since last: 1000089351 ns, Reaching safepoint: 64001 ns, At safepoint: 9800 ns, Total: 73801 ns
[160.201s][info ][safepoint      ] Safepoint "Cleanup", Time since last: 2000181203 ns, Reaching safepoint: 59201 ns, At safepoint: 10100 ns, Total: 69301 ns
[161.201s][info ][safepoint      ] Safepoint "Cleanup", Time since last: 1000103352 ns, Reaching safepoint: 48001 ns, At safepoint: 2500 ns, Total: 50501 ns
[164.201s][info ][safepoint      ] Safepoint "Cleanup", Time since last: 3000201756 ns, Reaching safepoint: 46400 ns, At safepoint: 5500 ns, Total: 51900 ns
[167.202s][info ][safepoint      ] Safepoint "Cleanup", Time since last: 3000206358 ns, Reaching safepoint: 50401 ns, At safepoint: 12800 ns, Total: 63201 ns
[168.202s][info ][safepoint      ] Safepoint "Cleanup", Time since last: 1000118354 ns, Reaching safepoint: 48701 ns, At safepoint: 2700 ns, Total: 51401 ns
[170.202s][info ][safepoint      ] Safepoint "Cleanup", Time since last: 2000155207 ns, Reaching safepoint: 50501 ns, At safepoint: 9300 ns, Total: 59801 ns
[172.202s][info ][safepoint      ] Safepoint "Cleanup", Time since last: 2000173709 ns, Reaching safepoint: 51401 ns, At safepoint: 7000 ns, Total: 58401 ns
[173.202s][info ][safepoint      ] Safepoint "Cleanup", Time since last: 1000108255 ns, Reaching safepoint: 40000 ns, At safepoint: 2800 ns, Total: 42800 ns
[174.203s][info ][safepoint      ] Safepoint "Cleanup", Time since last: 1000119156 ns, Reaching safepoint: 60501 ns, At safepoint: 10700 ns, Total: 71201 ns
[175.203s][info ][safepoint      ] Safepoint "Cleanup", Time since last: 1000113255 ns, Reaching safepoint: 64602 ns, At safepoint: 10900 ns, Total: 75502 ns
[176.084s][info ][gc,start       ] GC(90) Pause Young (Allocation Failure)
[176.096s][debug][gc,phases      ] GC(90) Scavenge 12.488ms
[176.096s][debug][gc,ref         ] GC(90) Skipped phase 1 of Reference Processing: no references
[176.096s][debug][gc,ref         ] GC(90) Skipped phase 3 of Reference Processing: no references
[176.096s][debug][gc,phases      ] GC(90) Reference Processing 0.031ms
[176.097s][debug][gc,phases      ] GC(90) Weak Processing 0.657ms
[176.097s][debug][gc,age         ] GC(90) Desired survivor size 117964800 bytes, new threshold 15 (max threshold 15)
[176.097s][info ][gc,heap        ] GC(90) PSYoungGen: 1946971K(1947136K)->70651K(1979904K) Eden: 1875968K(1875968K)->0K(1866752K) From: 71003K(71168K)->70651K(113152K)
[176.097s][info ][gc,heap        ] GC(90) ParOldGen: 333655K(356352K)->334055K(356352K)
[176.097s][info ][gc,metaspace   ] GC(90) Metaspace: 76421K(77056K)->76421K(77056K) NonClass: 65917K(66240K)->65917K(66240K) Class: 10503K(10816K)->10503K(10816K)
[176.097s][info ][gc             ] GC(90) Pause Young (Allocation Failure) 2227M->395M(2281M) 13.312ms
[176.097s][info ][gc,cpu         ] GC(90) User=0.05s Sys=0.01s Real=0.02s
[176.097s][info ][safepoint      ] Safepoint "ParallelGCFailedAllocation", Time since last: 880617201 ns, Reaching safepoint: 114102 ns, At safepoint: 13401719 ns, Total: 13515821 ns
[178.097s][info ][safepoint      ] Safepoint "Cleanup", Time since last: 2000103110 ns, Reaching safepoint: 54001 ns, At safepoint: 5900 ns, Total: 59901 ns
[179.097s][info ][safepoint      ] Safepoint "Cleanup", Time since last: 1000065856 ns, Reaching safepoint: 51001 ns, At safepoint: 2300 ns, Total: 53301 ns
[180.097s][info ][safepoint      ] Safepoint "Cleanup", Time since last: 1000118657 ns, Reaching safepoint: 51201 ns, At safepoint: 6500 ns, Total: 57701 ns
[181.098s][info ][safepoint      ] Safepoint "Cleanup", Time since last: 1000104557 ns, Reaching safepoint: 50900 ns, At safepoint: 9001 ns, Total: 59901 ns
[183.098s][info ][safepoint      ] Safepoint "Cleanup", Time since last: 2000171313 ns, Reaching safepoint: 44101 ns, At safepoint: 5200 ns, Total: 49301 ns
[184.098s][info ][safepoint      ] Safepoint "Cleanup", Time since last: 1000112158 ns, Reaching safepoint: 55001 ns, At safepoint: 9400 ns, Total: 64401 ns
[185.098s][info ][safepoint      ] Safepoint "Cleanup", Time since last: 1000107957 ns, Reaching safepoint: 49501 ns, At safepoint: 5300 ns, Total: 54801 ns
[186.098s][info ][safepoint      ] Safepoint "Cleanup", Time since last: 1000104058 ns, Reaching safepoint: 73702 ns, At safepoint: 2700 ns, Total: 76402 ns
[187.099s][info ][safepoint      ] Safepoint "Cleanup", Time since last: 1000110358 ns, Reaching safepoint: 55501 ns, At safepoint: 3200 ns, Total: 58701 ns
[188.099s][info ][safepoint      ] Safepoint "Cleanup", Time since last: 1000104858 ns, Reaching safepoint: 54001 ns, At safepoint: 7800 ns, Total: 61801 ns
[189.099s][info ][safepoint      ] Safepoint "Cleanup", Time since last: 1000086359 ns, Reaching safepoint: 45900 ns, At safepoint: 2300 ns, Total: 48200 ns
[192.099s][info ][safepoint      ] Safepoint "Cleanup", Time since last: 3000203276 ns, Reaching safepoint: 67501 ns, At safepoint: 10900 ns, Total: 78401 ns
[193.099s][info ][safepoint      ] Safepoint "Cleanup", Time since last: 1000113060 ns, Reaching safepoint: 51201 ns, At safepoint: 2800 ns, Total: 54001 ns
[194.099s][info ][safepoint      ] Safepoint "Cleanup", Time since last: 1000102560 ns, Reaching safepoint: 52801 ns, At safepoint: 13700 ns, Total: 66501 ns
[195.100s][info ][safepoint      ] Safepoint "Cleanup", Time since last: 1000083160 ns, Reaching safepoint: 56101 ns, At safepoint: 4100 ns, Total: 60201 ns
[195.684s][info ][gc,start       ] GC(91) Pause Young (Allocation Failure)
[195.698s][debug][gc,phases      ] GC(91) Scavenge 14.218ms
[195.699s][debug][gc,ref         ] GC(91) Skipped phase 1 of Reference Processing: no references
[195.699s][debug][gc,ref         ] GC(91) Skipped phase 3 of Reference Processing: no references
[195.699s][debug][gc,phases      ] GC(91) Reference Processing 0.039ms
[195.699s][debug][gc,phases      ] GC(91) Weak Processing 0.707ms
[195.699s][debug][gc,age         ] GC(91) Desired survivor size 119013376 bytes, new threshold 15 (max threshold 15)
[195.699s][info ][gc,heap        ] GC(91) PSYoungGen: 1937403K(1979904K)->70309K(1937408K) Eden: 1866752K(1866752K)->0K(1866752K) From: 70651K(113152K)->70309K(70656K)
[195.699s][info ][gc,heap        ] GC(91) ParOldGen: 334055K(356352K)->334463K(356352K)
[195.699s][info ][gc,metaspace   ] GC(91) Metaspace: 76446K(77056K)->76446K(77056K) NonClass: 65942K(66240K)->65942K(66240K) Class: 10503K(10816K)->10503K(10816K)
[195.699s][info ][gc             ] GC(91) Pause Young (Allocation Failure) 2218M->395M(2240M) 15.151ms
[195.699s][info ][gc,cpu         ] GC(91) User=0.05s Sys=0.00s Real=0.01s
[195.699s][info ][safepoint      ] Safepoint "ParallelGCFailedAllocation", Time since last: 584435660 ns, Reaching safepoint: 115702 ns, At safepoint: 15263350 ns, Total: 15379052 ns
[196.700s][info ][safepoint      ] Safepoint "Cleanup", Time since last: 1000092860 ns, Reaching safepoint: 50801 ns, At safepoint: 4400 ns, Total: 55201 ns
[197.700s][info ][safepoint      ] Safepoint "Cleanup", Time since last: 1000108561 ns, Reaching safepoint: 104901 ns, At safepoint: 13501 ns, Total: 118402 ns
[198.700s][info ][safepoint      ] Safepoint "Cleanup", Time since last: 1000108960 ns, Reaching safepoint: 51901 ns, At safepoint: 8700 ns, Total: 60601 ns
[199.700s][info ][safepoint      ] Safepoint "Cleanup", Time since last: 1000108562 ns, Reaching safepoint: 68301 ns, At safepoint: 4000 ns, Total: 72301 ns
[200.700s][info ][safepoint      ] Safepoint "Cleanup", Time since last: 1000114461 ns, Reaching safepoint: 53101 ns, At safepoint: 11100 ns, Total: 64201 ns
[201.700s][info ][safepoint      ] Safepoint "Cleanup", Time since last: 1000114162 ns, Reaching safepoint: 45001 ns, At safepoint: 2700 ns, Total: 47701 ns
[202.701s][info ][safepoint      ] Safepoint "Cleanup", Time since last: 1000110562 ns, Reaching safepoint: 59601 ns, At safepoint: 7100 ns, Total: 66701 ns
[203.701s][info ][safepoint      ] Safepoint "Cleanup", Time since last: 1000113262 ns, Reaching safepoint: 51801 ns, At safepoint: 8800 ns, Total: 60601 ns
[204.701s][info ][safepoint      ] Safepoint "Cleanup", Time since last: 1000101662 ns, Reaching safepoint: 74702 ns, At safepoint: 5900 ns, Total: 80602 ns
[206.551s][info ][safepoint      ] Safepoint "Cleanup", Time since last: 1850345673 ns, Reaching safepoint: 102702 ns, At safepoint: 5200 ns, Total: 107902 ns
[208.398s][info ][safepoint      ] Safepoint "Cleanup", Time since last: 1846273007 ns, Reaching safepoint: 140602 ns, At safepoint: 5800 ns, Total: 146402 ns
[209.398s][info ][safepoint      ] Safepoint "Cleanup", Time since last: 1000072263 ns, Reaching safepoint: 50801 ns, At safepoint: 2600 ns, Total: 53401 ns
[210.398s][info ][safepoint      ] Safepoint "Cleanup", Time since last: 1000088363 ns, Reaching safepoint: 49701 ns, At safepoint: 2800 ns, Total: 52501 ns
[211.398s][info ][safepoint      ] Safepoint "Cleanup", Time since last: 1000108364 ns, Reaching safepoint: 49301 ns, At safepoint: 7700 ns, Total: 57001 ns
[212.398s][info ][safepoint      ] Safepoint "Cleanup", Time since last: 1000113764 ns, Reaching safepoint: 52601 ns, At safepoint: 6000 ns, Total: 58601 ns
[213.399s][info ][safepoint      ] Safepoint "Cleanup", Time since last: 1000087364 ns, Reaching safepoint: 53201 ns, At safepoint: 7300 ns, Total: 60501 ns
[214.399s][info ][safepoint      ] Safepoint "Cleanup", Time since last: 1000103165 ns, Reaching safepoint: 58900 ns, At safepoint: 5201 ns, Total: 64101 ns
[214.985s][info ][gc,start       ] GC(92) Pause Young (Allocation Failure)
[214.998s][debug][gc,phases      ] GC(92) Scavenge 12.575ms
[214.998s][debug][gc,ref         ] GC(92) Skipped phase 1 of Reference Processing: no references
[214.998s][debug][gc,ref         ] GC(92) Skipped phase 3 of Reference Processing: no references
[214.998s][debug][gc,phases      ] GC(92) Reference Processing 0.031ms
[214.999s][debug][gc,phases      ] GC(92) Weak Processing 0.569ms
[214.999s][debug][gc,age         ] GC(92) Desired survivor size 119013376 bytes, new threshold 15 (max threshold 15)
[214.999s][info ][gc,heap        ] GC(92) PSYoungGen: 1937061K(1937408K)->69992K(1980928K) Eden: 1866752K(1866752K)->0K(1864704K) From: 70309K(70656K)->69992K(116224K)
[214.999s][info ][gc,heap        ] GC(92) ParOldGen: 334463K(356352K)->334871K(356352K)
[214.999s][info ][gc,metaspace   ] GC(92) Metaspace: 76469K(77120K)->76469K(77120K) NonClass: 65966K(66304K)->65966K(66304K) Class: 10503K(10816K)->10503K(10816K)
[214.999s][info ][gc             ] GC(92) Pause Young (Allocation Failure) 2218M->395M(2282M) 13.330ms
[214.999s][info ][gc,cpu         ] GC(92) User=0.05s Sys=0.00s Real=0.01s
[214.999s][info ][safepoint      ] Safepoint "ParallelGCFailedAllocation", Time since last: 586582498 ns, Reaching safepoint: 29200 ns, At safepoint: 13408020 ns, Total: 13437220 ns
[217.999s][info ][safepoint      ] Safepoint "Cleanup", Time since last: 3000201893 ns, Reaching safepoint: 80101 ns, At safepoint: 10600 ns, Total: 90701 ns
[218.999s][info ][safepoint      ] Safepoint "Cleanup", Time since last: 1000107066 ns, Reaching safepoint: 44901 ns, At safepoint: 2900 ns, Total: 47801 ns
[222.000s][info ][safepoint      ] Safepoint "Cleanup", Time since last: 3000205695 ns, Reaching safepoint: 57401 ns, At safepoint: 5401 ns, Total: 62802 ns
[224.000s][info ][safepoint      ] Safepoint "Cleanup", Time since last: 2000175432 ns, Reaching safepoint: 84101 ns, At safepoint: 9600 ns, Total: 93701 ns
[227.000s][info ][safepoint      ] Safepoint "Cleanup", Time since last: 3000243200 ns, Reaching safepoint: 63401 ns, At safepoint: 4400 ns, Total: 67801 ns
[230.000s][info ][safepoint      ] Safepoint "Cleanup", Time since last: 3000219002 ns, Reaching safepoint: 55101 ns, At safepoint: 3100 ns, Total: 58201 ns
[232.001s][info ][safepoint      ] Safepoint "Cleanup", Time since last: 2000180335 ns, Reaching safepoint: 64102 ns, At safepoint: 17700 ns, Total: 81802 ns
[233.001s][info ][safepoint      ] Safepoint "Cleanup", Time since last: 1000113668 ns, Reaching safepoint: 50401 ns, At safepoint: 5700 ns, Total: 56101 ns
[234.241s][info ][gc,start       ] GC(93) Pause Young (Allocation Failure)
[234.253s][debug][gc,phases      ] GC(93) Scavenge 12.075ms
[234.253s][debug][gc,ref         ] GC(93) Skipped phase 1 of Reference Processing: no references
[234.253s][debug][gc,ref         ] GC(93) Skipped phase 3 of Reference Processing: no references
[234.253s][debug][gc,phases      ] GC(93) Reference Processing 0.047ms
[234.254s][debug][gc,phases      ] GC(93) Weak Processing 0.776ms
[234.254s][debug][gc,age         ] GC(93) Desired survivor size 118489088 bytes, new threshold 15 (max threshold 15)
[234.254s][info ][gc,heap        ] GC(93) PSYoungGen: 1934696K(1980928K)->69544K(1980928K) Eden: 1864704K(1864704K)->0K(1864704K) From: 69992K(116224K)->69544K(116224K)
[234.254s][info ][gc,heap        ] GC(93) ParOldGen: 334871K(356352K)->335327K(356352K)
[234.254s][info ][gc,metaspace   ] GC(93) Metaspace: 76471K(77120K)->76471K(77120K) NonClass: 65967K(66304K)->65967K(66304K) Class: 10503K(10816K)->10503K(10816K)
[234.254s][info ][gc             ] GC(93) Pause Young (Allocation Failure) 2216M->395M(2282M) 13.078ms
[234.254s][info ][gc,cpu         ] GC(93) User=0.05s Sys=0.00s Real=0.01s
[234.254s][info ][safepoint      ] Safepoint "ParallelGCFailedAllocation", Time since last: 1239617689 ns, Reaching safepoint: 33501 ns, At safepoint: 13183016 ns, Total: 13216517 ns
[241.254s][info ][safepoint      ] Safepoint "Cleanup", Time since last: 7000501083 ns, Reaching safepoint: 72001 ns, At safepoint: 10700 ns, Total: 82701 ns
[244.255s][info ][safepoint      ] Safepoint "Cleanup", Time since last: 3000250911 ns, Reaching safepoint: 46501 ns, At safepoint: 2400 ns, Total: 48901 ns
[246.255s][info ][safepoint      ] Safepoint "Cleanup", Time since last: 2000177342 ns, Reaching safepoint: 57401 ns, At safepoint: 2600 ns, Total: 60001 ns
[250.255s][info ][safepoint      ] Safepoint "Cleanup", Time since last: 4000298985 ns, Reaching safepoint: 79802 ns, At safepoint: 19000 ns, Total: 98802 ns
[253.255s][info ][safepoint      ] Safepoint "Cleanup", Time since last: 3000237916 ns, Reaching safepoint: 51701 ns, At safepoint: 5300 ns, Total: 57001 ns
[254.183s][info ][gc,start       ] GC(94) Pause Young (Allocation Failure)
[254.196s][debug][gc,phases      ] GC(94) Scavenge 12.153ms
[254.196s][debug][gc,ref         ] GC(94) Skipped phase 1 of Reference Processing: no references
[254.196s][debug][gc,ref         ] GC(94) Skipped phase 3 of Reference Processing: no references
[254.196s][debug][gc,phases      ] GC(94) Reference Processing 0.049ms
[254.196s][debug][gc,phases      ] GC(94) Weak Processing 0.604ms
[254.196s][debug][gc,age         ] GC(94) Desired survivor size 117440512 bytes, new threshold 15 (max threshold 15)
[254.196s][info ][gc,heap        ] GC(94) PSYoungGen: 1934248K(1980928K)->69080K(1982464K) Eden: 1864704K(1864704K)->0K(1866752K) From: 69544K(116224K)->69080K(115712K)
[254.196s][info ][gc,heap        ] GC(94) ParOldGen: 335327K(356352K)->335863K(356352K)
[254.196s][info ][gc,metaspace   ] GC(94) Metaspace: 76493K(77120K)->76493K(77120K) NonClass: 65989K(66304K)->65989K(66304K) Class: 10503K(10816K)->10503K(10816K)
[254.196s][info ][gc             ] GC(94) Pause Young (Allocation Failure) 2216M->395M(2284M) 12.947ms
[254.196s][info ][gc,cpu         ] GC(94) User=0.05s Sys=0.00s Real=0.02s
[254.196s][info ][safepoint      ] Safepoint "ParallelGCFailedAllocation", Time since last: 927746689 ns, Reaching safepoint: 53401 ns, At safepoint: 13031713 ns, Total: 13085114 ns
[258.197s][info ][safepoint      ] Safepoint "Cleanup", Time since last: 4000263191 ns, Reaching safepoint: 47101 ns, At safepoint: 3400 ns, Total: 50501 ns
[259.197s][info ][safepoint      ] Safepoint "Cleanup", Time since last: 1000104274 ns, Reaching safepoint: 56401 ns, At safepoint: 3700 ns, Total: 60101 ns
[261.197s][info ][safepoint      ] Safepoint "Cleanup", Time since last: 2000145047 ns, Reaching safepoint: 51301 ns, At safepoint: 6000 ns, Total: 57301 ns
[269.198s][info ][safepoint      ] Safepoint "Cleanup", Time since last: 8000563698 ns, Reaching safepoint: 59001 ns, At safepoint: 8600 ns, Total: 67601 ns
[272.198s][info ][safepoint      ] Safepoint "Cleanup", Time since last: 3000248428 ns, Reaching safepoint: 51801 ns, At safepoint: 4300 ns, Total: 56101 ns
[273.198s][info ][safepoint      ] Safepoint "Cleanup", Time since last: 1000092977 ns, Reaching safepoint: 55101 ns, At safepoint: 7500 ns, Total: 62601 ns
[273.936s][info ][gc,start       ] GC(95) Pause Young (Allocation Failure)
[273.948s][debug][gc,phases      ] GC(95) Scavenge 11.388ms
[273.948s][debug][gc,ref         ] GC(95) Skipped phase 1 of Reference Processing: no references
[273.948s][debug][gc,ref         ] GC(95) Skipped phase 3 of Reference Processing: no references
[273.948s][debug][gc,phases      ] GC(95) Reference Processing 0.035ms
[273.948s][debug][gc,phases      ] GC(95) Weak Processing 0.604ms
[273.948s][debug][gc,age         ] GC(95) Desired survivor size 115867648 bytes, new threshold 15 (max threshold 15)
[273.948s][info ][gc,heap        ] GC(95) PSYoungGen: 1935832K(1982464K)->68555K(1981440K) Eden: 1866752K(1866752K)->0K(1866752K) From: 69080K(115712K)->68555K(114688K)
[273.948s][info ][gc,heap        ] GC(95) ParOldGen: 335863K(356352K)->336399K(356352K)
[273.948s][info ][gc,metaspace   ] GC(95) Metaspace: 76508K(77120K)->76508K(77120K) NonClass: 66004K(66304K)->66004K(66304K) Class: 10503K(10816K)->10503K(10816K)
[273.948s][info ][gc             ] GC(95) Pause Young (Allocation Failure) 2218M->395M(2283M) 12.175ms
[273.948s][info ][gc,cpu         ] GC(95) User=0.04s Sys=0.01s Real=0.02s
[273.948s][info ][safepoint      ] Safepoint "ParallelGCFailedAllocation", Time since last: 737884683 ns, Reaching safepoint: 55001 ns, At safepoint: 12257501 ns, Total: 12312502 ns
[277.949s][info ][safepoint      ] Safepoint "Cleanup", Time since last: 4000310807 ns, Reaching safepoint: 65302 ns, At safepoint: 5600 ns, Total: 70902 ns
[278.949s][info ][safepoint      ] Safepoint "Cleanup", Time since last: 1000103878 ns, Reaching safepoint: 47200 ns, At safepoint: 7000 ns, Total: 54200 ns
[279.949s][info ][safepoint      ] Safepoint "Cleanup", Time since last: 1000104379 ns, Reaching safepoint: 50000 ns, At safepoint: 4100 ns, Total: 54100 ns
[281.949s][info ][safepoint      ] Safepoint "Cleanup", Time since last: 2000168857 ns, Reaching safepoint: 55700 ns, At safepoint: 9101 ns, Total: 64801 ns
[282.949s][info ][safepoint      ] Safepoint "Cleanup", Time since last: 1000115778 ns, Reaching safepoint: 60301 ns, At safepoint: 7701 ns, Total: 68002 ns
[293.587s][info ][gc,start       ] GC(96) Pause Young (Allocation Failure)
[293.599s][debug][gc,phases      ] GC(96) Scavenge 11.850ms
[293.599s][debug][gc,ref         ] GC(96) Skipped phase 1 of Reference Processing: no references
[293.599s][debug][gc,ref         ] GC(96) Skipped phase 3 of Reference Processing: no references
[293.599s][debug][gc,phases      ] GC(96) Reference Processing 0.031ms
[293.599s][debug][gc,phases      ] GC(96) Weak Processing 0.553ms
[293.600s][debug][gc,age         ] GC(96) Desired survivor size 114294784 bytes, new threshold 15 (max threshold 15)
[293.600s][info ][gc,heap        ] GC(96) PSYoungGen: 1935307K(1981440K)->67877K(1985536K) Eden: 1866752K(1866752K)->0K(1872384K) From: 68555K(114688K)->67877K(113152K)
[293.600s][info ][gc,heap        ] GC(96) ParOldGen: 336399K(356352K)->337055K(356352K)
[293.600s][info ][gc,metaspace   ] GC(96) Metaspace: 76573K(77184K)->76573K(77184K) NonClass: 66069K(66368K)->66069K(66368K) Class: 10503K(10816K)->10503K(10816K)
[293.600s][info ][gc             ] GC(96) Pause Young (Allocation Failure) 2218M->395M(2287M) 12.596ms
[293.600s][info ][gc,cpu         ] GC(96) User=0.05s Sys=0.00s Real=0.01s
[293.600s][info ][safepoint      ] Safepoint "ParallelGCFailedAllocation", Time since last: 10637485321 ns, Reaching safepoint: 50801 ns, At safepoint: 12685508 ns, Total: 12736309 ns
[295.600s][info ][safepoint      ] Safepoint "Cleanup", Time since last: 2000154061 ns, Reaching safepoint: 52201 ns, At safepoint: 2700 ns, Total: 54901 ns
[296.600s][info ][safepoint      ] Safepoint "Cleanup", Time since last: 1000108181 ns, Reaching safepoint: 51301 ns, At safepoint: 7100 ns, Total: 58401 ns
[298.600s][info ][safepoint      ] Safepoint "Cleanup", Time since last: 2000180663 ns, Reaching safepoint: 52101 ns, At safepoint: 7300 ns, Total: 59401 ns
[299.853s][info ][safepoint      ] Safepoint "Cleanup", Time since last: 1252414115 ns, Reaching safepoint: 138402 ns, At safepoint: 10600 ns, Total: 149002 ns
[300.856s][info ][safepoint      ] Safepoint "Cleanup", Time since last: 1002803927 ns, Reaching safepoint: 254604 ns, At safepoint: 11500 ns, Total: 266104 ns
[301.856s][info ][safepoint      ] Safepoint "Cleanup", Time since last: 1000106682 ns, Reaching safepoint: 66001 ns, At safepoint: 11101 ns, Total: 77102 ns
[302.856s][info ][safepoint      ] Safepoint "Cleanup", Time since last: 1000116582 ns, Reaching safepoint: 48301 ns, At safepoint: 7400 ns, Total: 55701 ns
[303.856s][info ][safepoint      ] Safepoint "Cleanup", Time since last: 1000106383 ns, Reaching safepoint: 52201 ns, At safepoint: 8300 ns, Total: 60501 ns
[304.857s][info ][safepoint      ] Safepoint "Cleanup", Time since last: 1000105783 ns, Reaching safepoint: 143702 ns, At safepoint: 9600 ns, Total: 153302 ns
[305.857s][info ][safepoint      ] Safepoint "Cleanup", Time since last: 1000109883 ns, Reaching safepoint: 88402 ns, At safepoint: 9000 ns, Total: 97402 ns
[307.362s][info ][safepoint      ] Safepoint "Cleanup", Time since last: 1504967654 ns, Reaching safepoint: 173403 ns, At safepoint: 9400 ns, Total: 182803 ns
[307.633s][info ][gc,start       ] GC(97) Pause Young (Allocation Failure)
[307.647s][debug][gc,phases      ] GC(97) Scavenge 13.223ms
[307.647s][debug][gc,ref         ] GC(97) Skipped phase 1 of Reference Processing: no references
[307.647s][debug][gc,ref         ] GC(97) Skipped phase 3 of Reference Processing: no references
[307.647s][debug][gc,phases      ] GC(97) Reference Processing 0.044ms
[307.647s][debug][gc,phases      ] GC(97) Weak Processing 0.581ms
[307.647s][debug][gc,age         ] GC(97) Desired survivor size 113770496 bytes, new threshold 15 (max threshold 15)
[307.647s][info ][gc,heap        ] GC(97) PSYoungGen: 1940261K(1985536K)->72261K(1984000K) Eden: 1872384K(1872384K)->0K(1872384K) From: 67877K(113152K)->72261K(111616K)
[307.647s][info ][gc,heap        ] GC(97) ParOldGen: 337055K(356352K)->337783K(356352K)
[307.647s][info ][gc,metaspace   ] GC(97) Metaspace: 76790K(77376K)->76790K(77376K) NonClass: 66256K(66560K)->66256K(66560K) Class: 10533K(10816K)->10533K(10816K)
[307.647s][info ][gc             ] GC(97) Pause Young (Allocation Failure) 2223M->400M(2285M) 13.985ms
[307.647s][info ][gc,cpu         ] GC(97) User=0.05s Sys=0.00s Real=0.02s
[307.647s][info ][safepoint      ] Safepoint "ParallelGCFailedAllocation", Time since last: 271287044 ns, Reaching safepoint: 119002 ns, At safepoint: 14078930 ns, Total: 14197932 ns
[308.648s][info ][safepoint      ] Safepoint "Cleanup", Time since last: 1000083584 ns, Reaching safepoint: 100301 ns, At safepoint: 8800 ns, Total: 109101 ns
[309.648s][info ][safepoint      ] Safepoint "Cleanup", Time since last: 1000108784 ns, Reaching safepoint: 69601 ns, At safepoint: 7400 ns, Total: 77001 ns
[310.648s][info ][safepoint      ] Safepoint "Cleanup", Time since last: 1000085184 ns, Reaching safepoint: 58801 ns, At safepoint: 7400 ns, Total: 66201 ns
[311.648s][info ][safepoint      ] Safepoint "Cleanup", Time since last: 1000103984 ns, Reaching safepoint: 49201 ns, At safepoint: 2800 ns, Total: 52001 ns
[312.648s][info ][safepoint      ] Safepoint "Cleanup", Time since last: 1000112085 ns, Reaching safepoint: 58200 ns, At safepoint: 8501 ns, Total: 66701 ns
[313.649s][info ][safepoint      ] Safepoint "Cleanup", Time since last: 1000115884 ns, Reaching safepoint: 47201 ns, At safepoint: 3300 ns, Total: 50501 ns
[314.649s][info ][safepoint      ] Safepoint "Cleanup", Time since last: 1000107785 ns, Reaching safepoint: 128302 ns, At safepoint: 7600 ns, Total: 135902 ns
[315.649s][info ][safepoint      ] Safepoint "Cleanup", Time since last: 1000118385 ns, Reaching safepoint: 126802 ns, At safepoint: 13200 ns, Total: 140002 ns
[316.649s][info ][safepoint      ] Safepoint "Cleanup", Time since last: 1000103985 ns, Reaching safepoint: 56801 ns, At safepoint: 4600 ns, Total: 61401 ns
[317.649s][info ][safepoint      ] Safepoint "Cleanup", Time since last: 1000115986 ns, Reaching safepoint: 66501 ns, At safepoint: 7800 ns, Total: 74301 ns
[318.650s][info ][safepoint      ] Safepoint "Cleanup", Time since last: 1000081385 ns, Reaching safepoint: 65401 ns, At safepoint: 6100 ns, Total: 71501 ns
[319.650s][info ][safepoint      ] Safepoint "Cleanup", Time since last: 1000098786 ns, Reaching safepoint: 54101 ns, At safepoint: 23400 ns, Total: 77501 ns
[320.650s][info ][safepoint      ] Safepoint "Cleanup", Time since last: 1000092886 ns, Reaching safepoint: 47800 ns, At safepoint: 7300 ns, Total: 55100 ns
[321.650s][info ][safepoint      ] Safepoint "Cleanup", Time since last: 1000201888 ns, Reaching safepoint: 53601 ns, At safepoint: 5800 ns, Total: 59401 ns
[322.650s][info ][safepoint      ] Safepoint "Cleanup", Time since last: 1000102886 ns, Reaching safepoint: 65601 ns, At safepoint: 5100 ns, Total: 70701 ns
[323.110s][info ][gc,start       ] GC(98) Pause Young (Allocation Failure)
[323.124s][debug][gc,phases      ] GC(98) Scavenge 13.605ms
[323.124s][debug][gc,ref         ] GC(98) Skipped phase 1 of Reference Processing: no references
[323.124s][debug][gc,ref         ] GC(98) Skipped phase 3 of Reference Processing: no references
[323.124s][debug][gc,phases      ] GC(98) Reference Processing 0.050ms
[323.125s][debug][gc,phases      ] GC(98) Weak Processing 0.655ms
[323.125s][debug][gc,age         ] GC(98) Desired survivor size 112197632 bytes, new threshold 15 (max threshold 15)
[323.125s][info ][gc,heap        ] GC(98) PSYoungGen: 1944645K(1984000K)->69525K(1987584K) Eden: 1872384K(1872384K)->0K(1876480K) From: 72261K(111616K)->69525K(111104K)
[323.125s][info ][gc,heap        ] GC(98) ParOldGen: 337783K(356352K)->339223K(356352K)
[323.125s][info ][gc,metaspace   ] GC(98) Metaspace: 77019K(77696K)->77019K(77696K) NonClass: 66463K(66816K)->66463K(66816K) Class: 10556K(10880K)->10556K(10880K)
[323.125s][info ][gc             ] GC(98) Pause Young (Allocation Failure) 2228M->399M(2289M) 14.482ms
[323.125s][info ][gc,cpu         ] GC(98) User=0.05s Sys=0.00s Real=0.02s
[323.125s][info ][safepoint      ] Safepoint "ParallelGCFailedAllocation", Time since last: 459734633 ns, Reaching safepoint: 140202 ns, At safepoint: 14577539 ns, Total: 14717741 ns
[324.125s][info ][safepoint      ] Safepoint "Cleanup", Time since last: 1000084686 ns, Reaching safepoint: 53201 ns, At safepoint: 3600 ns, Total: 56801 ns
[325.125s][info ][safepoint      ] Safepoint "Cleanup", Time since last: 1000111387 ns, Reaching safepoint: 49000 ns, At safepoint: 2600 ns, Total: 51600 ns
[326.125s][info ][safepoint      ] Safepoint "Cleanup", Time since last: 1000114887 ns, Reaching safepoint: 58501 ns, At safepoint: 11500 ns, Total: 70001 ns
[327.125s][info ][safepoint      ] Safepoint "Cleanup", Time since last: 1000124888 ns, Reaching safepoint: 57501 ns, At safepoint: 6000 ns, Total: 63501 ns
[328.126s][info ][safepoint      ] Safepoint "Cleanup", Time since last: 1000103087 ns, Reaching safepoint: 62001 ns, At safepoint: 6500 ns, Total: 68501 ns
[329.126s][info ][safepoint      ] Safepoint "Cleanup", Time since last: 1000103587 ns, Reaching safepoint: 76401 ns, At safepoint: 9901 ns, Total: 86302 ns
[330.126s][info ][safepoint      ] Safepoint "Cleanup", Time since last: 1000110787 ns, Reaching safepoint: 65001 ns, At safepoint: 8600 ns, Total: 73601 ns
[331.126s][info ][safepoint      ] Safepoint "Cleanup", Time since last: 1000128588 ns, Reaching safepoint: 67501 ns, At safepoint: 13301 ns, Total: 80802 ns
[332.126s][info ][safepoint      ] Safepoint "Cleanup", Time since last: 1000121788 ns, Reaching safepoint: 68601 ns, At safepoint: 13200 ns, Total: 81801 ns
[333.546s][info ][safepoint      ] Safepoint "Cleanup", Time since last: 1419893967 ns, Reaching safepoint: 115102 ns, At safepoint: 12700 ns, Total: 127802 ns
[334.547s][info ][safepoint      ] Safepoint "Cleanup", Time since last: 1000063888 ns, Reaching safepoint: 123802 ns, At safepoint: 9400 ns, Total: 133202 ns
[335.547s][info ][safepoint      ] Safepoint "Cleanup", Time since last: 1000105188 ns, Reaching safepoint: 80301 ns, At safepoint: 8301 ns, Total: 88602 ns
[336.547s][info ][safepoint      ] Safepoint "Cleanup", Time since last: 1000112188 ns, Reaching safepoint: 56401 ns, At safepoint: 7500 ns, Total: 63901 ns
[337.547s][info ][safepoint      ] Safepoint "Cleanup", Time since last: 1000103489 ns, Reaching safepoint: 49101 ns, At safepoint: 4300 ns, Total: 53401 ns
[338.547s][info ][safepoint      ] Safepoint "Cleanup", Time since last: 1000106989 ns, Reaching safepoint: 53201 ns, At safepoint: 2500 ns, Total: 55701 ns
[339.548s][info ][safepoint      ] Safepoint "Cleanup", Time since last: 1000115789 ns, Reaching safepoint: 89102 ns, At safepoint: 10600 ns, Total: 99702 ns
[340.083s][info ][gc,start       ] GC(99) Pause Young (Allocation Failure)
[340.096s][debug][gc,phases      ] GC(99) Scavenge 13.368ms
[340.096s][debug][gc,ref         ] GC(99) Skipped phase 1 of Reference Processing: no references
[340.096s][debug][gc,ref         ] GC(99) Skipped phase 3 of Reference Processing: no references
[340.096s][debug][gc,phases      ] GC(99) Reference Processing 0.031ms
[340.097s][debug][gc,phases      ] GC(99) Weak Processing 0.655ms
[340.097s][debug][gc,age         ] GC(99) Desired survivor size 110100480 bytes, new threshold 15 (max threshold 15)
[340.097s][info ][gc,heap        ] GC(99) PSYoungGen: 1946005K(1987584K)->44942K(1986048K) Eden: 1876480K(1876480K)->0K(1876480K) From: 69525K(111104K)->44942K(109568K)
[340.097s][info ][gc,heap        ] GC(99) ParOldGen: 339223K(356352K)->364511K(365056K)
[340.097s][info ][gc,metaspace   ] GC(99) Metaspace: 77078K(77760K)->77078K(77760K) NonClass: 66522K(66880K)->66522K(66880K) Class: 10556K(10880K)->10556K(10880K)
[340.097s][info ][gc             ] GC(99) Pause Young (Allocation Failure) 2231M->399M(2296M) 14.224ms
[340.097s][info ][gc,cpu         ] GC(99) User=0.04s Sys=0.01s Real=0.02s
[340.097s][debug][gc,phases      ] GC(100) Pre Compact 0.011ms
[340.097s][info ][gc,start       ] GC(100) Pause Full (Ergonomics)
[340.097s][info ][gc,phases,start] GC(100) Marking Phase
[340.236s][debug][gc,phases      ] GC(100) Par Mark 139.189ms
[340.236s][debug][gc,ref         ] GC(100) Skipped phase 1 of Reference Processing: no references
[340.237s][debug][gc,phases      ] GC(100) Reference Processing 0.470ms
[340.237s][debug][gc,phases      ] GC(100) Weak Processing 0.557ms
[340.238s][debug][gc,phases      ] GC(100) ClassLoaderData 0.149ms
[340.238s][debug][gc,phases      ] GC(100) Trigger cleanups 0.001ms
[340.264s][debug][gc,phases      ] GC(100) Class Unloading 26.117ms
[340.264s][info ][gc,phases      ] GC(100) Marking Phase 166.504ms
[340.264s][info ][gc,phases,start] GC(100) Summary Phase
[340.264s][info ][gc,phases      ] GC(100) Summary Phase 0.010ms
[340.264s][info ][gc,phases,start] GC(100) Adjust Roots
[340.292s][info ][gc,phases      ] GC(100) Adjust Roots 28.852ms
[340.292s][info ][gc,phases,start] GC(100) Compaction Phase
[340.579s][info ][gc,phases      ] GC(100) Compaction Phase 286.558ms
[340.579s][info ][gc,phases,start] GC(100) Post Compact
[340.580s][info ][gc,phases      ] GC(100) Post Compact 1.351ms
[340.581s][info ][gc,heap        ] GC(100) PSYoungGen: 44942K(1986048K)->44492K(1986048K) Eden: 0K(1876480K)->0K(1876480K) From: 44942K(109568K)->44492K(109568K)
[340.581s][info ][gc,heap        ] GC(100) ParOldGen: 364511K(365056K)->349053K(425472K)
[340.581s][info ][gc,metaspace   ] GC(100) Metaspace: 77078K(77760K)->77075K(77760K) NonClass: 66522K(66880K)->66519K(66880K) Class: 10556K(10880K)->10555K(10880K)
[340.581s][info ][gc             ] GC(100) Pause Full (Ergonomics) 399M->384M(2355M) 483.558ms
[340.581s][info ][gc,cpu         ] GC(100) User=1.72s Sys=0.01s Real=0.48s
[340.581s][info ][safepoint      ] Safepoint "ParallelGCFailedAllocation", Time since last: 535128369 ns, Reaching safepoint: 123502 ns, At safepoint: 497953160 ns, Total: 498076662 ns
[340.589s][info ][safepoint      ] Safepoint "ICBufferFull", Time since last: 8267336 ns, Reaching safepoint: 413207 ns, At safepoint: 6000 ns, Total: 419207 ns
[341.590s][info ][safepoint      ] Safepoint "Cleanup", Time since last: 1000121690 ns, Reaching safepoint: 222503 ns, At safepoint: 9500 ns, Total: 232003 ns
[342.590s][info ][safepoint      ] Safepoint "Cleanup", Time since last: 1000072289 ns, Reaching safepoint: 136203 ns, At safepoint: 2300 ns, Total: 138503 ns
[343.590s][info ][safepoint      ] Safepoint "Cleanup", Time since last: 1000107890 ns, Reaching safepoint: 130002 ns, At safepoint: 7600 ns, Total: 137602 ns
[344.590s][info ][safepoint      ] Safepoint "Cleanup", Time since last: 1000105990 ns, Reaching safepoint: 67901 ns, At safepoint: 23200 ns, Total: 91101 ns
[345.591s][info ][safepoint      ] Safepoint "Cleanup", Time since last: 1000124691 ns, Reaching safepoint: 78301 ns, At safepoint: 11300 ns, Total: 89601 ns
[347.591s][info ][safepoint      ] Safepoint "Cleanup", Time since last: 2000189881 ns, Reaching safepoint: 73501 ns, At safepoint: 9300 ns, Total: 82801 ns
[349.591s][info ][safepoint      ] Safepoint "Cleanup", Time since last: 2000184681 ns, Reaching safepoint: 69401 ns, At safepoint: 8900 ns, Total: 78301 ns
[350.591s][info ][safepoint      ] Safepoint "Cleanup", Time since last: 1000112592 ns, Reaching safepoint: 45200 ns, At safepoint: 2400 ns, Total: 47600 ns
[351.591s][info ][safepoint      ] Safepoint "Cleanup", Time since last: 1000106992 ns, Reaching safepoint: 53000 ns, At safepoint: 3200 ns, Total: 56200 ns
[352.592s][info ][safepoint      ] Safepoint "Cleanup", Time since last: 1000138092 ns, Reaching safepoint: 154503 ns, At safepoint: 11800 ns, Total: 166303 ns
[353.592s][info ][safepoint      ] Safepoint "Cleanup", Time since last: 1000112392 ns, Reaching safepoint: 77001 ns, At safepoint: 8700 ns, Total: 85701 ns
[353.943s][info ][safepoint      ] Safepoint "ICBufferFull", Time since last: 350865051 ns, Reaching safepoint: 223103 ns, At safepoint: 2500 ns, Total: 225603 ns
[354.943s][info ][safepoint      ] Safepoint "Cleanup", Time since last: 1000136193 ns, Reaching safepoint: 62401 ns, At safepoint: 7000 ns, Total: 69401 ns
[355.938s][info ][gc,start       ] GC(101) Pause Young (Allocation Failure)
[355.989s][debug][gc,phases      ] GC(101) Scavenge 51.038ms
[355.989s][debug][gc,ref         ] GC(101) Skipped phase 1 of Reference Processing: no references
[355.989s][debug][gc,ref         ] GC(101) Skipped phase 3 of Reference Processing: no references
[355.989s][debug][gc,phases      ] GC(101) Reference Processing 0.039ms
[355.990s][debug][gc,phases      ] GC(101) Weak Processing 0.580ms
[355.990s][debug][gc,age         ] GC(101) Desired survivor size 108003328 bytes, new threshold 15 (max threshold 15)
[355.990s][info ][gc,heap        ] GC(101) PSYoungGen: 1920972K(1986048K)->44040K(1991680K) Eden: 1876480K(1876480K)->0K(1884160K) From: 44492K(109568K)->44040K(107520K)
[355.990s][info ][gc,heap        ] GC(101) ParOldGen: 349053K(425472K)->367242K(425472K)
[355.990s][info ][gc,metaspace   ] GC(101) Metaspace: 77170K(77824K)->77170K(77824K) NonClass: 66613K(66944K)->66613K(66944K) Class: 10556K(10880K)->10556K(10880K)
[355.990s][info ][gc             ] GC(101) Pause Young (Allocation Failure) 2216M->401M(2360M) 51.807ms
[355.990s][info ][gc,cpu         ] GC(101) User=0.20s Sys=0.00s Real=0.05s
[355.990s][info ][safepoint      ] Safepoint "ParallelGCFailedAllocation", Time since last: 994638502 ns, Reaching safepoint: 50001 ns, At safepoint: 51919351 ns, Total: 51969352 ns
[356.990s][info ][safepoint      ] Safepoint "Cleanup", Time since last: 1000092892 ns, Reaching safepoint: 139902 ns, At safepoint: 11100 ns, Total: 151002 ns
[358.990s][info ][safepoint      ] Safepoint "Cleanup", Time since last: 2000179985 ns, Reaching safepoint: 101501 ns, At safepoint: 8100 ns, Total: 109601 ns
[359.991s][info ][safepoint      ] Safepoint "Cleanup", Time since last: 1000121293 ns, Reaching safepoint: 38601 ns, At safepoint: 2700 ns, Total: 41301 ns
[361.991s][info ][safepoint      ] Safepoint "Cleanup", Time since last: 2000195485 ns, Reaching safepoint: 66101 ns, At safepoint: 13701 ns, Total: 79802 ns
[363.990s][info ][safepoint      ] Safepoint "Cleanup", Time since last: 1999040867 ns, Reaching safepoint: 169003 ns, At safepoint: 5800 ns, Total: 174803 ns
[364.990s][info ][safepoint      ] Safepoint "Cleanup", Time since last: 1000117393 ns, Reaching safepoint: 130102 ns, At safepoint: 9301 ns, Total: 139403 ns
[365.991s][info ][safepoint      ] Safepoint "Cleanup", Time since last: 1000118593 ns, Reaching safepoint: 73802 ns, At safepoint: 9300 ns, Total: 83102 ns
[367.504s][info ][safepoint      ] Safepoint "Cleanup", Time since last: 1513794414 ns, Reaching safepoint: 72201 ns, At safepoint: 7100 ns, Total: 79301 ns
[368.505s][info ][safepoint      ] Safepoint "Cleanup", Time since last: 1000096994 ns, Reaching safepoint: 48701 ns, At safepoint: 5500 ns, Total: 54201 ns
[369.505s][info ][safepoint      ] Safepoint "Cleanup", Time since last: 1000099794 ns, Reaching safepoint: 63901 ns, At safepoint: 7800 ns, Total: 71701 ns
[370.505s][info ][safepoint      ] Safepoint "Cleanup", Time since last: 1000057794 ns, Reaching safepoint: 107102 ns, At safepoint: 5400 ns, Total: 112502 ns
[370.738s][info ][gc,start       ] GC(102) Pause Young (Allocation Failure)
[370.748s][debug][gc,phases      ] GC(102) Scavenge 9.937ms
[370.748s][debug][gc,ref         ] GC(102) Skipped phase 1 of Reference Processing: no references
[370.749s][debug][gc,phases      ] GC(102) Reference Processing 0.054ms
[370.749s][debug][gc,phases      ] GC(102) Weak Processing 0.566ms
[370.749s][debug][gc,age         ] GC(102) Desired survivor size 105381888 bytes, new threshold 15 (max threshold 15)
[370.749s][info ][gc,heap        ] GC(102) PSYoungGen: 1928200K(1991680K)->43893K(1989632K) Eden: 1884160K(1884160K)->0K(1884160K) From: 44040K(107520K)->43893K(105472K)
[370.749s][info ][gc,heap        ] GC(102) ParOldGen: 367242K(425472K)->367418K(425472K)
[370.749s][info ][gc,metaspace   ] GC(102) Metaspace: 77212K(77824K)->77212K(77824K) NonClass: 66651K(66944K)->66651K(66944K) Class: 10560K(10880K)->10560K(10880K)
[370.749s][info ][gc             ] GC(102) Pause Young (Allocation Failure) 2241M->401M(2358M) 10.730ms
[370.749s][info ][gc,cpu         ] GC(102) User=0.04s Sys=0.01s Real=0.01s
[370.749s][info ][safepoint      ] Safepoint "ParallelGCFailedAllocation", Time since last: 233476527 ns, Reaching safepoint: 31601 ns, At safepoint: 10829577 ns, Total: 10861178 ns
[371.749s][info ][safepoint      ] Safepoint "Cleanup", Time since last: 1000091194 ns, Reaching safepoint: 59501 ns, At safepoint: 16801 ns, Total: 76302 ns
[374.750s][info ][safepoint      ] Safepoint "Cleanup", Time since last: 3000245183 ns, Reaching safepoint: 58701 ns, At safepoint: 5200 ns, Total: 63901 ns
[376.750s][info ][safepoint      ] Safepoint "Cleanup", Time since last: 2000172590 ns, Reaching safepoint: 48301 ns, At safepoint: 5300 ns, Total: 53601 ns
[377.750s][info ][safepoint      ] Safepoint "Cleanup", Time since last: 1000105895 ns, Reaching safepoint: 48101 ns, At safepoint: 7000 ns, Total: 55101 ns
[378.750s][info ][safepoint      ] Safepoint "Cleanup", Time since last: 1000091096 ns, Reaching safepoint: 45201 ns, At safepoint: 5700 ns, Total: 50901 ns
[379.750s][info ][safepoint      ] Safepoint "Cleanup", Time since last: 1000118596 ns, Reaching safepoint: 56501 ns, At safepoint: 7900 ns, Total: 64401 ns
[381.751s][info ][safepoint      ] Safepoint "Cleanup", Time since last: 2000183591 ns, Reaching safepoint: 49601 ns, At safepoint: 5400 ns, Total: 55001 ns
[383.751s][info ][safepoint      ] Safepoint "Cleanup", Time since last: 2000186093 ns, Reaching safepoint: 58901 ns, At safepoint: 3700 ns, Total: 62601 ns
[384.751s][info ][safepoint      ] Safepoint "Cleanup", Time since last: 1000123097 ns, Reaching safepoint: 63201 ns, At safepoint: 5500 ns, Total: 68701 ns
[385.751s][info ][safepoint      ] Safepoint "Cleanup", Time since last: 1000111997 ns, Reaching safepoint: 54201 ns, At safepoint: 7200 ns, Total: 61401 ns
[386.088s][info ][gc,start       ] GC(103) Pause Young (Allocation Failure)
[386.097s][debug][gc,phases      ] GC(103) Scavenge 8.815ms
[386.097s][debug][gc,ref         ] GC(103) Skipped phase 1 of Reference Processing: no references
[386.097s][debug][gc,ref         ] GC(103) Skipped phase 3 of Reference Processing: no references
[386.097s][debug][gc,phases      ] GC(103) Reference Processing 0.027ms
[386.098s][debug][gc,phases      ] GC(103) Weak Processing 0.525ms
[386.098s][debug][gc,age         ] GC(103) Desired survivor size 105906176 bytes, new threshold 15 (max threshold 15)
[386.098s][info ][gc,heap        ] GC(103) PSYoungGen: 1928053K(1989632K)->26210K(1993216K) Eden: 1884160K(1884160K)->0K(1890304K) From: 43893K(105472K)->26210K(102912K)
[386.098s][info ][gc,heap        ] GC(103) ParOldGen: 367418K(425472K)->385151K(425472K)
[386.098s][info ][gc,metaspace   ] GC(103) Metaspace: 77246K(77952K)->77246K(77952K) NonClass: 66684K(67072K)->66684K(67072K) Class: 10561K(10880K)->10561K(10880K)
[386.098s][info ][gc             ] GC(103) Pause Young (Allocation Failure) 2241M->401M(2362M) 9.502ms
[386.098s][info ][gc,cpu         ] GC(103) User=0.02s Sys=0.01s Real=0.01s
[386.098s][info ][safepoint      ] Safepoint "ParallelGCFailedAllocation", Time since last: 337045126 ns, Reaching safepoint: 28400 ns, At safepoint: 9577957 ns, Total: 9606357 ns
[387.098s][info ][safepoint      ] Safepoint "Cleanup", Time since last: 1000085997 ns, Reaching safepoint: 44401 ns, At safepoint: 3000 ns, Total: 47401 ns
[389.098s][info ][safepoint      ] Safepoint "Cleanup", Time since last: 2000168493 ns, Reaching safepoint: 64401 ns, At safepoint: 8801 ns, Total: 73202 ns
[390.098s][info ][safepoint      ] Safepoint "Cleanup", Time since last: 1000103797 ns, Reaching safepoint: 47701 ns, At safepoint: 9600 ns, Total: 57301 ns
[391.099s][info ][safepoint      ] Safepoint "Cleanup", Time since last: 1000117298 ns, Reaching safepoint: 89001 ns, At safepoint: 6100 ns, Total: 95101 ns
[392.099s][info ][safepoint      ] Safepoint "Cleanup", Time since last: 1000113998 ns, Reaching safepoint: 157203 ns, At safepoint: 13900 ns, Total: 171103 ns
[393.099s][info ][safepoint      ] Safepoint "Cleanup", Time since last: 1000114198 ns, Reaching safepoint: 146703 ns, At safepoint: 23200 ns, Total: 169903 ns
[394.099s][info ][safepoint      ] Safepoint "Cleanup", Time since last: 1000109698 ns, Reaching safepoint: 55701 ns, At safepoint: 6500 ns, Total: 62201 ns
[396.100s][info ][safepoint      ] Safepoint "Cleanup", Time since last: 2000166996 ns, Reaching safepoint: 54301 ns, At safepoint: 3500 ns, Total: 57801 ns
[397.100s][info ][safepoint      ] Safepoint "Cleanup", Time since last: 1000091298 ns, Reaching safepoint: 54301 ns, At safepoint: 10701 ns, Total: 65002 ns
[400.935s][info ][gc,start       ] GC(104) Pause Young (Allocation Failure)
[400.940s][debug][gc,phases      ] GC(104) Scavenge 4.991ms
[400.940s][debug][gc,ref         ] GC(104) Skipped phase 1 of Reference Processing: no references
[400.940s][debug][gc,ref         ] GC(104) Skipped phase 3 of Reference Processing: no references
[400.940s][debug][gc,phases      ] GC(104) Reference Processing 0.030ms
[400.941s][debug][gc,phases      ] GC(104) Weak Processing 0.512ms
[400.941s][debug][gc,age         ] GC(104) Desired survivor size 106430464 bytes, new threshold 15 (max threshold 15)
[400.941s][info ][gc,heap        ] GC(104) PSYoungGen: 1916514K(1993216K)->23077K(1913856K) Eden: 1890304K(1890304K)->0K(1890304K) From: 26210K(102912K)->23077K(23552K)
[400.941s][info ][gc,heap        ] GC(104) ParOldGen: 385151K(425472K)->385183K(425472K)
[400.941s][info ][gc,metaspace   ] GC(104) Metaspace: 77368K(78016K)->77368K(78016K) NonClass: 66794K(67136K)->66794K(67136K) Class: 10574K(10880K)->10574K(10880K)
[400.941s][info ][gc             ] GC(104) Pause Young (Allocation Failure) 2247M->398M(2284M) 5.657ms
[400.941s][info ][gc,cpu         ] GC(104) User=0.02s Sys=0.00s Real=0.01s
[400.941s][info ][safepoint      ] Safepoint "ParallelGCFailedAllocation", Time since last: 3835247287 ns, Reaching safepoint: 86201 ns, At safepoint: 5739094 ns, Total: 5825295 ns
[403.941s][info ][safepoint      ] Safepoint "Cleanup", Time since last: 3000168296 ns, Reaching safepoint: 63302 ns, At safepoint: 7900 ns, Total: 71202 ns
[404.941s][info ][safepoint      ] Safepoint "Cleanup", Time since last: 1000113500 ns, Reaching safepoint: 50600 ns, At safepoint: 8301 ns, Total: 58901 ns
[406.941s][info ][safepoint      ] Safepoint "Cleanup", Time since last: 2000174399 ns, Reaching safepoint: 45901 ns, At safepoint: 2600 ns, Total: 48501 ns
[407.942s][info ][safepoint      ] Safepoint "Cleanup", Time since last: 1000108000 ns, Reaching safepoint: 61601 ns, At safepoint: 6300 ns, Total: 67901 ns
[409.942s][info ][safepoint      ] Safepoint "Cleanup", Time since last: 2000166000 ns, Reaching safepoint: 52001 ns, At safepoint: 6100 ns, Total: 58101 ns
[413.942s][info ][safepoint      ] Safepoint "Cleanup", Time since last: 4000323102 ns, Reaching safepoint: 63301 ns, At safepoint: 7901 ns, Total: 71202 ns
[414.942s][info ][safepoint      ] Safepoint "Cleanup", Time since last: 1000124301 ns, Reaching safepoint: 60601 ns, At safepoint: 12900 ns, Total: 73501 ns
[415.943s][info ][safepoint      ] Safepoint "Cleanup", Time since last: 1000119702 ns, Reaching safepoint: 87602 ns, At safepoint: 11600 ns, Total: 99202 ns
[417.737s][info ][gc,start       ] GC(105) Pause Young (Allocation Failure)
[417.743s][debug][gc,phases      ] GC(105) Scavenge 5.616ms
[417.743s][debug][gc,ref         ] GC(105) Skipped phase 1 of Reference Processing: no references
[417.743s][debug][gc,ref         ] GC(105) Skipped phase 3 of Reference Processing: no references
[417.743s][debug][gc,phases      ] GC(105) Reference Processing 0.046ms
[417.743s][debug][gc,phases      ] GC(105) Weak Processing 0.518ms
[417.743s][debug][gc,age         ] GC(105) Desired survivor size 105906176 bytes, new threshold 15 (max threshold 15)
[417.743s][info ][gc,heap        ] GC(105) PSYoungGen: 1913381K(1913856K)->22498K(1993728K) Eden: 1890304K(1890304K)->0K(1889792K) From: 23077K(23552K)->22498K(103936K)
[417.743s][info ][gc,heap        ] GC(105) ParOldGen: 385183K(425472K)->385215K(425472K)
[417.743s][info ][gc,metaspace   ] GC(105) Metaspace: 77380K(78016K)->77380K(78016K) NonClass: 66804K(67136K)->66804K(67136K) Class: 10575K(10880K)->10575K(10880K)
[417.743s][info ][gc             ] GC(105) Pause Young (Allocation Failure) 2244M->398M(2362M) 6.318ms
[417.743s][info ][gc,cpu         ] GC(105) User=0.02s Sys=0.00s Real=0.00s
[417.743s][info ][safepoint      ] Safepoint "ParallelGCFailedAllocation", Time since last: 1794239625 ns, Reaching safepoint: 50401 ns, At safepoint: 6403105 ns, Total: 6453506 ns
[419.744s][info ][safepoint      ] Safepoint "Cleanup", Time since last: 2000149203 ns, Reaching safepoint: 51101 ns, At safepoint: 8000 ns, Total: 59101 ns
[422.744s][info ][safepoint      ] Safepoint "Cleanup", Time since last: 3000257806 ns, Reaching safepoint: 66101 ns, At safepoint: 7600 ns, Total: 73701 ns
[423.744s][info ][safepoint      ] Safepoint "Cleanup", Time since last: 1000117603 ns, Reaching safepoint: 68301 ns, At safepoint: 8800 ns, Total: 77101 ns
[424.744s][info ][safepoint      ] Safepoint "Cleanup", Time since last: 1000117203 ns, Reaching safepoint: 49901 ns, At safepoint: 7100 ns, Total: 57001 ns
[425.744s][info ][safepoint      ] Safepoint "Cleanup", Time since last: 1000104303 ns, Reaching safepoint: 64701 ns, At safepoint: 9900 ns, Total: 74601 ns
[426.745s][info ][safepoint      ] Safepoint "Cleanup", Time since last: 1000291806 ns, Reaching safepoint: 56201 ns, At safepoint: 5000 ns, Total: 61201 ns
[429.745s][info ][safepoint      ] Safepoint "Cleanup", Time since last: 3000249109 ns, Reaching safepoint: 84002 ns, At safepoint: 9500 ns, Total: 93502 ns
[430.745s][info ][safepoint      ] Safepoint "Cleanup", Time since last: 1000120004 ns, Reaching safepoint: 54001 ns, At safepoint: 13700 ns, Total: 67701 ns
[432.746s][info ][safepoint      ] Safepoint "Cleanup", Time since last: 2000181707 ns, Reaching safepoint: 52801 ns, At safepoint: 8400 ns, Total: 61201 ns
[432.884s][info ][gc,start       ] GC(106) Pause Young (Allocation Failure)
[432.889s][debug][gc,phases      ] GC(106) Scavenge 5.085ms
[432.889s][debug][gc,ref         ] GC(106) Skipped phase 1 of Reference Processing: no references
[432.889s][debug][gc,ref         ] GC(106) Skipped phase 3 of Reference Processing: no references
[432.889s][debug][gc,phases      ] GC(106) Reference Processing 0.043ms
[432.889s][debug][gc,phases      ] GC(106) Weak Processing 0.505ms
[432.889s][debug][gc,age         ] GC(106) Desired survivor size 104333312 bytes, new threshold 15 (max threshold 15)
[432.889s][info ][gc,heap        ] GC(106) PSYoungGen: 1912290K(1993728K)->22549K(1993216K) Eden: 1889792K(1889792K)->0K(1889792K) From: 22498K(103936K)->22549K(103424K)
[432.889s][info ][gc,heap        ] GC(106) ParOldGen: 385215K(425472K)->385247K(425472K)
[432.889s][info ][gc,metaspace   ] GC(106) Metaspace: 77399K(78080K)->77399K(78080K) NonClass: 66823K(67200K)->66823K(67200K) Class: 10575K(10880K)->10575K(10880K)
[432.889s][info ][gc             ] GC(106) Pause Young (Allocation Failure) 2243M->398M(2362M) 5.765ms
[432.889s][info ][gc,cpu         ] GC(106) User=0.02s Sys=0.00s Real=0.01s
[432.889s][info ][safepoint      ] Safepoint "ParallelGCFailedAllocation", Time since last: 137960663 ns, Reaching safepoint: 31600 ns, At safepoint: 5848196 ns, Total: 5879796 ns
[435.890s][info ][safepoint      ] Safepoint "Cleanup", Time since last: 3000220311 ns, Reaching safepoint: 57701 ns, At safepoint: 4000 ns, Total: 61701 ns
[436.890s][info ][safepoint      ] Safepoint "Cleanup", Time since last: 1000126005 ns, Reaching safepoint: 48001 ns, At safepoint: 2600 ns, Total: 50601 ns
[439.890s][info ][safepoint      ] Safepoint "Cleanup", Time since last: 3000206513 ns, Reaching safepoint: 55201 ns, At safepoint: 3100 ns, Total: 58301 ns
[441.890s][info ][safepoint      ] Safepoint "Cleanup", Time since last: 2000183210 ns, Reaching safepoint: 72701 ns, At safepoint: 10600 ns, Total: 83301 ns
[442.891s][info ][safepoint      ] Safepoint "Cleanup", Time since last: 1000115706 ns, Reaching safepoint: 47100 ns, At safepoint: 14501 ns, Total: 61601 ns
[445.891s][info ][safepoint      ] Safepoint "Cleanup", Time since last: 3000248816 ns, Reaching safepoint: 129702 ns, At safepoint: 13500 ns, Total: 143202 ns
[446.891s][info ][safepoint      ] Safepoint "Cleanup", Time since last: 1000086405 ns, Reaching safepoint: 72302 ns, At safepoint: 6000 ns, Total: 78302 ns
[447.689s][info ][gc,start       ] GC(107) Pause Young (Allocation Failure)
[447.695s][debug][gc,phases      ] GC(107) Scavenge 5.709ms
[447.695s][debug][gc,ref         ] GC(107) Skipped phase 1 of Reference Processing: no references
[447.695s][debug][gc,ref         ] GC(107) Skipped phase 3 of Reference Processing: no references
[447.695s][debug][gc,phases      ] GC(107) Reference Processing 0.025ms
[447.696s][debug][gc,phases      ] GC(107) Weak Processing 0.693ms
[447.696s][debug][gc,age         ] GC(107) Desired survivor size 102760448 bytes, new threshold 15 (max threshold 15)
[447.696s][info ][gc,heap        ] GC(107) PSYoungGen: 1912341K(1993216K)->22501K(1996800K) Eden: 1889792K(1889792K)->0K(1894912K) From: 22549K(103424K)->22501K(101888K)
[447.696s][info ][gc,heap        ] GC(107) ParOldGen: 385247K(425472K)->385271K(425472K)
[447.696s][info ][gc,metaspace   ] GC(107) Metaspace: 77421K(78080K)->77421K(78080K) NonClass: 66845K(67200K)->66845K(67200K) Class: 10575K(10880K)->10575K(10880K)
[447.696s][info ][gc             ] GC(107) Pause Young (Allocation Failure) 2243M->398M(2365M) 6.549ms
[447.696s][info ][gc,cpu         ] GC(107) User=0.02s Sys=0.00s Real=0.00s
[447.696s][info ][safepoint      ] Safepoint "ParallelGCFailedAllocation", Time since last: 797866788 ns, Reaching safepoint: 52101 ns, At safepoint: 6628609 ns, Total: 6680710 ns
[448.696s][info ][safepoint      ] Safepoint "Cleanup", Time since last: 1000083106 ns, Reaching safepoint: 50301 ns, At safepoint: 2500 ns, Total: 52801 ns
[449.696s][info ][safepoint      ] Safepoint "Cleanup", Time since last: 1000116906 ns, Reaching safepoint: 60801 ns, At safepoint: 10000 ns, Total: 70801 ns
[451.696s][info ][safepoint      ] Safepoint "Cleanup", Time since last: 2000190113 ns, Reaching safepoint: 51401 ns, At safepoint: 3000 ns, Total: 54401 ns
[454.444s][info ][safepoint      ] Safepoint "Cleanup", Time since last: 2748064782 ns, Reaching safepoint: 118402 ns, At safepoint: 13901 ns, Total: 132303 ns
[455.445s][info ][safepoint      ] Safepoint "Cleanup", Time since last: 1000110107 ns, Reaching safepoint: 84301 ns, At safepoint: 5200 ns, Total: 89501 ns
[457.445s][info ][safepoint      ] Safepoint "Cleanup", Time since last: 2000171914 ns, Reaching safepoint: 61301 ns, At safepoint: 15801 ns, Total: 77102 ns
[462.438s][info ][gc,start       ] GC(108) Pause Young (Allocation Failure)
[462.444s][debug][gc,phases      ] GC(108) Scavenge 6.000ms
[462.444s][debug][gc,ref         ] GC(108) Skipped phase 1 of Reference Processing: no references
[462.444s][debug][gc,ref         ] GC(108) Skipped phase 3 of Reference Processing: no references
[462.444s][debug][gc,phases      ] GC(108) Reference Processing 0.025ms
[462.444s][debug][gc,phases      ] GC(108) Weak Processing 0.528ms
[462.444s][debug][gc,age         ] GC(108) Desired survivor size 100663296 bytes, new threshold 15 (max threshold 15)
[462.444s][info ][gc,heap        ] GC(108) PSYoungGen: 1917413K(1996800K)->22354K(1995264K) Eden: 1894912K(1894912K)->0K(1894912K) From: 22501K(101888K)->22354K(100352K)
[462.444s][info ][gc,heap        ] GC(108) ParOldGen: 385271K(425472K)->385436K(425472K)
[462.444s][info ][gc,metaspace   ] GC(108) Metaspace: 77432K(78080K)->77432K(78080K) NonClass: 66856K(67200K)->66856K(67200K) Class: 10575K(10880K)->10575K(10880K)
[462.444s][info ][gc             ] GC(108) Pause Young (Allocation Failure) 2248M->398M(2364M) 6.688ms
[462.444s][info ][gc,cpu         ] GC(108) User=0.03s Sys=0.00s Real=0.01s
[462.444s][info ][safepoint      ] Safepoint "ParallelGCFailedAllocation", Time since last: 4992462006 ns, Reaching safepoint: 73002 ns, At safepoint: 6769511 ns, Total: 6842513 ns
[463.444s][info ][safepoint      ] Safepoint "Cleanup", Time since last: 1000087708 ns, Reaching safepoint: 49501 ns, At safepoint: 6500 ns, Total: 56001 ns
[465.445s][info ][safepoint      ] Safepoint "Cleanup", Time since last: 2000152816 ns, Reaching safepoint: 51500 ns, At safepoint: 6501 ns, Total: 58001 ns
[466.445s][info ][safepoint      ] Safepoint "Cleanup", Time since last: 1000108108 ns, Reaching safepoint: 49401 ns, At safepoint: 10700 ns, Total: 60101 ns
[467.445s][info ][safepoint      ] Safepoint "Cleanup", Time since last: 1000099809 ns, Reaching safepoint: 50601 ns, At safepoint: 5400 ns, Total: 56001 ns
[477.686s][info ][gc,start       ] GC(109) Pause Young (Allocation Failure)
[477.692s][debug][gc,phases      ] GC(109) Scavenge 5.540ms
[477.692s][debug][gc,ref         ] GC(109) Skipped phase 1 of Reference Processing: no references
[477.692s][debug][gc,ref         ] GC(109) Skipped phase 3 of Reference Processing: no references
[477.692s][debug][gc,phases      ] GC(109) Reference Processing 0.027ms
[477.692s][debug][gc,phases      ] GC(109) Weak Processing 0.637ms
[477.692s][debug][gc,age         ] GC(109) Desired survivor size 98041856 bytes, new threshold 15 (max threshold 15)
[477.692s][info ][gc,heap        ] GC(109) PSYoungGen: 1917266K(1995264K)->22435K(2001408K) Eden: 1894912K(1894912K)->0K(1903104K) From: 22354K(100352K)->22435K(98304K)
[477.692s][info ][gc,heap        ] GC(109) ParOldGen: 385436K(425472K)->385452K(425472K)
[477.692s][info ][gc,metaspace   ] GC(109) Metaspace: 77439K(78080K)->77439K(78080K) NonClass: 66863K(67200K)->66863K(67200K) Class: 10575K(10880K)->10575K(10880K)
[477.692s][info ][gc             ] GC(109) Pause Young (Allocation Failure) 2248M->398M(2370M) 6.360ms
[477.692s][info ][gc,cpu         ] GC(109) User=0.03s Sys=0.00s Real=0.00s
[477.692s][info ][safepoint      ] Safepoint "ParallelGCFailedAllocation", Time since last: 10241047133 ns, Reaching safepoint: 48901 ns, At safepoint: 6472606 ns, Total: 6521507 ns
[481.693s][info ][safepoint      ] Safepoint "Cleanup", Time since last: 4000288740 ns, Reaching safepoint: 56201 ns, At safepoint: 10200 ns, Total: 66401 ns
[485.693s][info ][safepoint      ] Safepoint "Cleanup", Time since last: 4000322042 ns, Reaching safepoint: 62501 ns, At safepoint: 9801 ns, Total: 72302 ns
[488.694s][info ][safepoint      ] Safepoint "Cleanup", Time since last: 3000251133 ns, Reaching safepoint: 118402 ns, At safepoint: 6900 ns, Total: 125302 ns
[490.694s][info ][safepoint      ] Safepoint "Cleanup", Time since last: 2000185823 ns, Reaching safepoint: 58501 ns, At safepoint: 8000 ns, Total: 66501 ns
[492.633s][info ][gc,start       ] GC(110) Pause Young (Allocation Failure)
[492.639s][debug][gc,phases      ] GC(110) Scavenge 5.762ms
[492.639s][debug][gc,ref         ] GC(110) Skipped phase 1 of Reference Processing: no references
[492.639s][debug][gc,ref         ] GC(110) Skipped phase 3 of Reference Processing: no references
[492.639s][debug][gc,phases      ] GC(110) Reference Processing 0.028ms
[492.639s][debug][gc,phases      ] GC(110) Weak Processing 0.592ms
[492.639s][debug][gc,age         ] GC(110) Desired survivor size 94896128 bytes, new threshold 15 (max threshold 15)
[492.639s][info ][gc,heap        ] GC(110) PSYoungGen: 1925539K(2001408K)->22498K(1998848K) Eden: 1903104K(1903104K)->0K(1903104K) From: 22435K(98304K)->22498K(95744K)
[492.639s][info ][gc,heap        ] GC(110) ParOldGen: 385452K(425472K)->385468K(425472K)
[492.639s][info ][gc,metaspace   ] GC(110) Metaspace: 77466K(78144K)->77466K(78144K) NonClass: 66889K(67264K)->66889K(67264K) Class: 10576K(10880K)->10576K(10880K)
[492.639s][info ][gc             ] GC(110) Pause Young (Allocation Failure) 2256M->398M(2367M) 6.537ms
[492.639s][info ][gc,cpu         ] GC(110) User=0.02s Sys=0.00s Real=0.01s
[492.639s][info ][safepoint      ] Safepoint "ParallelGCFailedAllocation", Time since last: 1938814117 ns, Reaching safepoint: 142302 ns, At safepoint: 6629209 ns, Total: 6771511 ns
[493.640s][info ][safepoint      ] Safepoint "Cleanup", Time since last: 1000090112 ns, Reaching safepoint: 84401 ns, At safepoint: 14601 ns, Total: 99002 ns
[502.640s][info ][safepoint      ] Safepoint "Cleanup", Time since last: 9000677611 ns, Reaching safepoint: 128202 ns, At safepoint: 7901 ns, Total: 136103 ns
[503.641s][info ][safepoint      ] Safepoint "Cleanup", Time since last: 1000114813 ns, Reaching safepoint: 34401 ns, At safepoint: 3500 ns, Total: 37901 ns
[504.641s][info ][safepoint      ] Safepoint "Cleanup", Time since last: 1000182115 ns, Reaching safepoint: 66101 ns, At safepoint: 8900 ns, Total: 75001 ns
[505.641s][info ][safepoint      ] Safepoint "Cleanup", Time since last: 1000101514 ns, Reaching safepoint: 75101 ns, At safepoint: 9400 ns, Total: 84501 ns
[506.635s][info ][gc,start       ] GC(111) Pause Young (Allocation Failure)
[506.641s][debug][gc,phases      ] GC(111) Scavenge 5.762ms
[506.641s][debug][gc,ref         ] GC(111) Skipped phase 1 of Reference Processing: no references
[506.641s][debug][gc,ref         ] GC(111) Skipped phase 3 of Reference Processing: no references
[506.641s][debug][gc,phases      ] GC(111) Reference Processing 0.026ms
[506.641s][debug][gc,phases      ] GC(111) Weak Processing 0.511ms
[506.641s][debug][gc,age         ] GC(111) Desired survivor size 91750400 bytes, new threshold 15 (max threshold 15)
[506.641s][info ][gc,heap        ] GC(111) PSYoungGen: 1925602K(1998848K)->22533K(2007552K) Eden: 1903104K(1903104K)->0K(1914880K) From: 22498K(95744K)->22533K(92672K)
[506.641s][info ][gc,heap        ] GC(111) ParOldGen: 385468K(425472K)->385492K(425472K)
[506.641s][info ][gc,metaspace   ] GC(111) Metaspace: 77494K(78144K)->77494K(78144K) NonClass: 66917K(67264K)->66917K(67264K) Class: 10576K(10880K)->10576K(10880K)
[506.641s][info ][gc             ] GC(111) Pause Young (Allocation Failure) 2256M->398M(2376M) 6.427ms
[506.641s][info ][gc,cpu         ] GC(111) User=0.02s Sys=0.00s Real=0.01s
[506.641s][info ][safepoint      ] Safepoint "ParallelGCFailedAllocation", Time since last: 993501806 ns, Reaching safepoint: 119402 ns, At safepoint: 6590408 ns, Total: 6709810 ns
[507.641s][info ][safepoint      ] Safepoint "Cleanup", Time since last: 1000086613 ns, Reaching safepoint: 42901 ns, At safepoint: 3100 ns, Total: 46001 ns
[509.642s][info ][safepoint      ] Safepoint "Cleanup", Time since last: 2000194628 ns, Reaching safepoint: 69202 ns, At safepoint: 10000 ns, Total: 79202 ns
[510.642s][info ][safepoint      ] Safepoint "Cleanup", Time since last: 1000116314 ns, Reaching safepoint: 47301 ns, At safepoint: 4500 ns, Total: 51801 ns
[512.642s][info ][safepoint      ] Safepoint "Cleanup", Time since last: 2000190729 ns, Reaching safepoint: 89701 ns, At safepoint: 15401 ns, Total: 105102 ns
[513.642s][info ][safepoint      ] Safepoint "Cleanup", Time since last: 1000125415 ns, Reaching safepoint: 55201 ns, At safepoint: 7700 ns, Total: 62901 ns
[514.643s][info ][safepoint      ] Safepoint "Cleanup", Time since last: 1000116415 ns, Reaching safepoint: 66801 ns, At safepoint: 10000 ns, Total: 76801 ns
[515.643s][info ][safepoint      ] Safepoint "Cleanup", Time since last: 1000119515 ns, Reaching safepoint: 54001 ns, At safepoint: 8100 ns, Total: 62101 ns
[516.643s][info ][safepoint      ] Safepoint "Cleanup", Time since last: 1000111316 ns, Reaching safepoint: 53301 ns, At safepoint: 5700 ns, Total: 59001 ns
[518.789s][info ][gc,start       ] GC(112) Pause Young (Allocation Failure)
[518.795s][debug][gc,phases      ] GC(112) Scavenge 6.084ms
[518.795s][debug][gc,ref         ] GC(112) Skipped phase 1 of Reference Processing: no references
[518.795s][debug][gc,ref         ] GC(112) Skipped phase 3 of Reference Processing: no references
[518.795s][debug][gc,phases      ] GC(112) Reference Processing 0.050ms
[518.795s][debug][gc,phases      ] GC(112) Weak Processing 0.552ms
[518.795s][debug][gc,age         ] GC(112) Desired survivor size 88604672 bytes, new threshold 15 (max threshold 15)
[518.795s][info ][gc,heap        ] GC(112) PSYoungGen: 1937413K(2007552K)->22674K(2004480K) Eden: 1914880K(1914880K)->0K(1914880K) From: 22533K(92672K)->22674K(89600K)
[518.795s][info ][gc,heap        ] GC(112) ParOldGen: 385492K(425472K)->385524K(425472K)
[518.795s][info ][gc,metaspace   ] GC(112) Metaspace: 77497K(78144K)->77497K(78144K) NonClass: 66920K(67264K)->66920K(67264K) Class: 10576K(10880K)->10576K(10880K)
[518.795s][info ][gc             ] GC(112) Pause Young (Allocation Failure) 2268M->398M(2373M) 6.817ms
[518.795s][info ][gc,cpu         ] GC(112) User=0.02s Sys=0.00s Real=0.00s
[518.795s][info ][safepoint      ] Safepoint "ParallelGCFailedAllocation", Time since last: 2145560816 ns, Reaching safepoint: 59001 ns, At safepoint: 6893813 ns, Total: 6952814 ns
[520.796s][info ][safepoint      ] Safepoint "Cleanup", Time since last: 2000147830 ns, Reaching safepoint: 51201 ns, At safepoint: 4900 ns, Total: 56101 ns
[525.796s][info ][safepoint      ] Safepoint "Cleanup", Time since last: 5000380478 ns, Reaching safepoint: 162303 ns, At safepoint: 12200 ns, Total: 174503 ns
[526.796s][info ][safepoint      ] Safepoint "Cleanup", Time since last: 1000103216 ns, Reaching safepoint: 65901 ns, At safepoint: 10300 ns, Total: 76201 ns
[528.797s][info ][safepoint      ] Safepoint "Cleanup", Time since last: 2000169633 ns, Reaching safepoint: 42501 ns, At safepoint: 2300 ns, Total: 44801 ns
[530.797s][info ][safepoint      ] Safepoint "Cleanup", Time since last: 2000185533 ns, Reaching safepoint: 53101 ns, At safepoint: 9800 ns, Total: 62901 ns
[531.797s][info ][safepoint      ] Safepoint "Cleanup", Time since last: 1000117417 ns, Reaching safepoint: 59901 ns, At safepoint: 8700 ns, Total: 68601 ns
[532.591s][info ][gc,start       ] GC(113) Pause Young (Allocation Failure)
[532.597s][debug][gc,phases      ] GC(113) Scavenge 5.974ms
[532.597s][debug][gc,ref         ] GC(113) Skipped phase 1 of Reference Processing: no references
[532.597s][debug][gc,ref         ] GC(113) Skipped phase 3 of Reference Processing: no references
[532.597s][debug][gc,phases      ] GC(113) Reference Processing 0.029ms
[532.597s][debug][gc,phases      ] GC(113) Weak Processing 0.537ms
[532.597s][debug][gc,age         ] GC(113) Desired survivor size 85983232 bytes, new threshold 15 (max threshold 15)
[532.597s][info ][gc,heap        ] GC(113) PSYoungGen: 1937554K(2004480K)->18882K(2013184K) Eden: 1914880K(1914880K)->0K(1926656K) From: 22674K(89600K)->18882K(86528K)
[532.597s][info ][gc,heap        ] GC(113) ParOldGen: 385524K(425472K)->389558K(425472K)
[532.597s][info ][gc,metaspace   ] GC(113) Metaspace: 77498K(78144K)->77498K(78144K) NonClass: 66921K(67264K)->66921K(67264K) Class: 10576K(10880K)->10576K(10880K)
[532.597s][info ][gc             ] GC(113) Pause Young (Allocation Failure) 2268M->398M(2381M) 6.690ms
[532.597s][info ][gc,cpu         ] GC(113) User=0.02s Sys=0.00s Real=0.01s
[532.597s][info ][safepoint      ] Safepoint "ParallelGCFailedAllocation", Time since last: 793373824 ns, Reaching safepoint: 134802 ns, At safepoint: 6782211 ns, Total: 6917013 ns
[533.597s][info ][safepoint      ] Safepoint "Cleanup", Time since last: 1000086817 ns, Reaching safepoint: 54101 ns, At safepoint: 7100 ns, Total: 61201 ns
[535.598s][info ][safepoint      ] Safepoint "Cleanup", Time since last: 2000164034 ns, Reaching safepoint: 57601 ns, At safepoint: 8600 ns, Total: 66201 ns
[537.598s][info ][safepoint      ] Safepoint "Cleanup", Time since last: 2000157235 ns, Reaching safepoint: 48300 ns, At safepoint: 6000 ns, Total: 54300 ns
[538.598s][info ][safepoint      ] Safepoint "Cleanup", Time since last: 1000112218 ns, Reaching safepoint: 59001 ns, At safepoint: 8300 ns, Total: 67301 ns
[539.598s][info ][safepoint      ] Safepoint "Cleanup", Time since last: 1000105418 ns, Reaching safepoint: 65701 ns, At safepoint: 8501 ns, Total: 74202 ns
[546.599s][info ][safepoint      ] Safepoint "Cleanup", Time since last: 7000489024 ns, Reaching safepoint: 81001 ns, At safepoint: 11001 ns, Total: 92002 ns
[546.989s][info ][gc,start       ] GC(114) Pause Young (Allocation Failure)
[547.003s][debug][gc,phases      ] GC(114) Scavenge 13.782ms
[547.003s][debug][gc,ref         ] GC(114) Skipped phase 1 of Reference Processing: no references
[547.003s][debug][gc,ref         ] GC(114) Skipped phase 3 of Reference Processing: no references
[547.003s][debug][gc,phases      ] GC(114) Reference Processing 0.026ms
[547.004s][debug][gc,phases      ] GC(114) Weak Processing 0.644ms
[547.004s][debug][gc,age         ] GC(114) Desired survivor size 83361792 bytes, new threshold 15 (max threshold 15)
[547.004s][info ][gc,heap        ] GC(114) PSYoungGen: 1945538K(2013184K)->18869K(2010624K) Eden: 1926656K(1926656K)->0K(1926656K) From: 18882K(86528K)->18869K(83968K)
[547.004s][info ][gc,heap        ] GC(114) ParOldGen: 389558K(425472K)->389670K(425472K)
[547.004s][info ][gc,metaspace   ] GC(114) Metaspace: 77503K(78144K)->77503K(78144K) NonClass: 66926K(67264K)->66926K(67264K) Class: 10576K(10880K)->10576K(10880K)
[547.004s][info ][gc             ] GC(114) Pause Young (Allocation Failure) 2280M->398M(2379M) 14.594ms
[547.004s][info ][gc,cpu         ] GC(114) User=0.01s Sys=0.01s Real=0.01s
[547.004s][info ][safepoint      ] Safepoint "ParallelGCFailedAllocation", Time since last: 390018603 ns, Reaching safepoint: 111001 ns, At safepoint: 14689042 ns, Total: 14800043 ns
[548.004s][info ][safepoint      ] Safepoint "Cleanup", Time since last: 1000091118 ns, Reaching safepoint: 40101 ns, At safepoint: 2300 ns, Total: 42401 ns
[549.004s][info ][safepoint      ] Safepoint "Cleanup", Time since last: 1000101719 ns, Reaching safepoint: 47601 ns, At safepoint: 14200 ns, Total: 61801 ns
[551.004s][info ][safepoint      ] Safepoint "Cleanup", Time since last: 2000164837 ns, Reaching safepoint: 64802 ns, At safepoint: 7700 ns, Total: 72502 ns
[554.004s][info ][safepoint      ] Safepoint "Cleanup", Time since last: 3000219156 ns, Reaching safepoint: 54601 ns, At safepoint: 2400 ns, Total: 57001 ns
[555.005s][info ][safepoint      ] Safepoint "Cleanup", Time since last: 1000091520 ns, Reaching safepoint: 73101 ns, At safepoint: 5700 ns, Total: 78801 ns
[556.005s][info ][safepoint      ] Safepoint "Cleanup", Time since last: 1000093720 ns, Reaching safepoint: 48001 ns, At safepoint: 5700 ns, Total: 53701 ns
[560.005s][info ][safepoint      ] Safepoint "Cleanup", Time since last: 4000243377 ns, Reaching safepoint: 48901 ns, At safepoint: 7100 ns, Total: 56001 ns
[561.034s][info ][gc,start       ] GC(115) Pause Young (Allocation Failure)
[561.040s][debug][gc,phases      ] GC(115) Scavenge 5.222ms
[561.040s][debug][gc,ref         ] GC(115) Skipped phase 1 of Reference Processing: no references
[561.040s][debug][gc,ref         ] GC(115) Skipped phase 3 of Reference Processing: no references
[561.040s][debug][gc,phases      ] GC(115) Reference Processing 0.022ms
[561.040s][debug][gc,phases      ] GC(115) Weak Processing 0.524ms
[561.040s][debug][gc,age         ] GC(115) Desired survivor size 80740352 bytes, new threshold 15 (max threshold 15)
[561.040s][info ][gc,heap        ] GC(115) PSYoungGen: 1945525K(2010624K)->18805K(2018304K) Eden: 1926656K(1926656K)->0K(1936896K) From: 18869K(83968K)->18805K(81408K)
[561.040s][info ][gc,heap        ] GC(115) ParOldGen: 389670K(425472K)->389790K(425472K)
[561.040s][info ][gc,metaspace   ] GC(115) Metaspace: 77518K(78144K)->77518K(78144K) NonClass: 66942K(67264K)->66942K(67264K) Class: 10576K(10880K)->10576K(10880K)
[561.040s][info ][gc             ] GC(115) Pause Young (Allocation Failure) 2280M->399M(2386M) 5.908ms
[561.040s][info ][gc,cpu         ] GC(115) User=0.02s Sys=0.00s Real=0.01s
[561.040s][info ][safepoint      ] Safepoint "ParallelGCFailedAllocation", Time since last: 1029191898 ns, Reaching safepoint: 102802 ns, At safepoint: 5994098 ns, Total: 6096900 ns
[562.041s][info ][safepoint      ] Safepoint "Cleanup", Time since last: 1000105721 ns, Reaching safepoint: 95401 ns, At safepoint: 11500 ns, Total: 106901 ns
[568.041s][info ][safepoint      ] Safepoint "Cleanup", Time since last: 6000419622 ns, Reaching safepoint: 121402 ns, At safepoint: 11800 ns, Total: 133202 ns
[575.432s][info ][gc,start       ] GC(116) Pause Young (Allocation Failure)
[575.437s][debug][gc,phases      ] GC(116) Scavenge 5.474ms
[575.437s][debug][gc,ref         ] GC(116) Skipped phase 1 of Reference Processing: no references
[575.437s][debug][gc,ref         ] GC(116) Skipped phase 3 of Reference Processing: no references
[575.437s][debug][gc,ref         ] GC(116) Skipped phase 4 of Reference Processing: no references
[575.437s][debug][gc,phases      ] GC(116) Reference Processing 0.023ms
[575.438s][debug][gc,phases      ] GC(116) Weak Processing 0.517ms
[575.438s][debug][gc,age         ] GC(116) Desired survivor size 80740352 bytes, new threshold 15 (max threshold 15)
[575.438s][info ][gc,heap        ] GC(116) PSYoungGen: 1955701K(2018304K)->1536K(2015744K) Eden: 1936896K(1936896K)->0K(1936896K) From: 18805K(81408K)->1536K(78848K)
[575.438s][info ][gc,heap        ] GC(116) ParOldGen: 389790K(425472K)->407091K(425472K)
[575.438s][info ][gc,metaspace   ] GC(116) Metaspace: 77518K(78144K)->77518K(78144K) NonClass: 66942K(67264K)->66942K(67264K) Class: 10576K(10880K)->10576K(10880K)
[575.438s][info ][gc             ] GC(116) Pause Young (Allocation Failure) 2290M->399M(2384M) 6.151ms
[575.438s][info ][gc,cpu         ] GC(116) User=0.03s Sys=0.00s Real=0.01s
[575.438s][info ][safepoint      ] Safepoint "ParallelGCFailedAllocation", Time since last: 7390740556 ns, Reaching safepoint: 40800 ns, At safepoint: 6227102 ns, Total: 6267902 ns
[576.438s][info ][safepoint      ] Safepoint "Cleanup", Time since last: 1000084922 ns, Reaching safepoint: 124702 ns, At safepoint: 8500 ns, Total: 133202 ns
[577.439s][info ][safepoint      ] Safepoint "Cleanup", Time since last: 1000112023 ns, Reaching safepoint: 129602 ns, At safepoint: 7100 ns, Total: 136702 ns
[578.439s][info ][safepoint      ] Safepoint "Cleanup", Time since last: 1000120423 ns, Reaching safepoint: 120801 ns, At safepoint: 6401 ns, Total: 127202 ns
[581.439s][info ][safepoint      ] Safepoint "Cleanup", Time since last: 3000257766 ns, Reaching safepoint: 139803 ns, At safepoint: 9100 ns, Total: 148903 ns
[584.440s][info ][safepoint      ] Safepoint "Cleanup", Time since last: 3000252267 ns, Reaching safepoint: 119702 ns, At safepoint: 11200 ns, Total: 130902 ns
[585.440s][info ][safepoint      ] Safepoint "Cleanup", Time since last: 1000113324 ns, Reaching safepoint: 162902 ns, At safepoint: 11100 ns, Total: 174002 ns
[586.440s][info ][safepoint      ] Safepoint "Cleanup", Time since last: 1000107624 ns, Reaching safepoint: 127502 ns, At safepoint: 6600 ns, Total: 134102 ns
[587.440s][info ][safepoint      ] Safepoint "Cleanup", Time since last: 1000097623 ns, Reaching safepoint: 125102 ns, At safepoint: 7700 ns, Total: 132802 ns
[589.488s][info ][gc,start       ] GC(117) Pause Young (Allocation Failure)
[589.491s][debug][gc,phases      ] GC(117) Scavenge 2.717ms
[589.491s][debug][gc,ref         ] GC(117) Skipped phase 1 of Reference Processing: no references
[589.491s][debug][gc,ref         ] GC(117) Skipped phase 3 of Reference Processing: no references
[589.491s][debug][gc,ref         ] GC(117) Skipped phase 4 of Reference Processing: no references
[589.491s][debug][gc,phases      ] GC(117) Reference Processing 0.023ms
[589.491s][debug][gc,phases      ] GC(117) Weak Processing 0.567ms
[589.491s][debug][gc,age         ] GC(117) Desired survivor size 80216064 bytes, new threshold 15 (max threshold 15)
[589.491s][info ][gc,heap        ] GC(117) PSYoungGen: 1938432K(2015744K)->1408K(2018816K) Eden: 1936896K(1936896K)->0K(1939968K) From: 1536K(78848K)->1408K(78848K)
[589.491s][info ][gc,heap        ] GC(117) ParOldGen: 407091K(425472K)->407179K(425472K)
[589.491s][info ][gc,metaspace   ] GC(117) Metaspace: 77541K(78208K)->77541K(78208K) NonClass: 66964K(67328K)->66964K(67328K) Class: 10576K(10880K)->10576K(10880K)
[589.491s][info ][gc             ] GC(117) Pause Young (Allocation Failure) 2290M->399M(2387M) 3.455ms
[589.491s][info ][gc,cpu         ] GC(117) User=0.02s Sys=0.00s Real=0.00s
[589.491s][info ][safepoint      ] Safepoint "ParallelGCFailedAllocation", Time since last: 2047244419 ns, Reaching safepoint: 103402 ns, At safepoint: 3538658 ns, Total: 3642060 ns
[597.492s][info ][safepoint      ] Safepoint "Cleanup", Time since last: 8000562687 ns, Reaching safepoint: 55301 ns, At safepoint: 3800 ns, Total: 59101 ns
[598.492s][info ][safepoint      ] Safepoint "Cleanup", Time since last: 1000120125 ns, Reaching safepoint: 58601 ns, At safepoint: 7800 ns, Total: 66401 ns
[600.492s][info ][safepoint      ] Safepoint "Cleanup", Time since last: 2000187349 ns, Reaching safepoint: 48001 ns, At safepoint: 5900 ns, Total: 53901 ns
[604.485s][info ][gc,start       ] GC(118) Pause Young (Allocation Failure)
[604.489s][debug][gc,phases      ] GC(118) Scavenge 3.243ms
[604.489s][debug][gc,ref         ] GC(118) Skipped phase 1 of Reference Processing: no references
[604.489s][debug][gc,ref         ] GC(118) Skipped phase 3 of Reference Processing: no references
[604.489s][debug][gc,ref         ] GC(118) Skipped phase 4 of Reference Processing: no references
[604.489s][debug][gc,phases      ] GC(118) Reference Processing 0.022ms
[604.489s][debug][gc,phases      ] GC(118) Weak Processing 0.501ms
[604.489s][debug][gc,age         ] GC(118) Desired survivor size 78643200 bytes, new threshold 15 (max threshold 15)
[604.489s][info ][gc,heap        ] GC(118) PSYoungGen: 1941376K(2018816K)->1424K(2018304K) Eden: 1939968K(1939968K)->0K(1939968K) From: 1408K(78848K)->1424K(78336K)
[604.489s][info ][gc,heap        ] GC(118) ParOldGen: 407179K(425472K)->407203K(425472K)
[604.489s][info ][gc,metaspace   ] GC(118) Metaspace: 77542K(78208K)->77542K(78208K) NonClass: 66966K(67328K)->66966K(67328K) Class: 10576K(10880K)->10576K(10880K)
[604.489s][info ][gc             ] GC(118) Pause Young (Allocation Failure) 2293M->399M(2386M) 3.896ms
[604.489s][info ][gc,cpu         ] GC(118) User=0.01s Sys=0.00s Real=0.00s
[604.489s][info ][safepoint      ] Safepoint "ParallelGCFailedAllocation", Time since last: 3992963277 ns, Reaching safepoint: 45301 ns, At safepoint: 3973865 ns, Total: 4019166 ns
[607.490s][info ][safepoint      ] Safepoint "Cleanup", Time since last: 3000266075 ns, Reaching safepoint: 142902 ns, At safepoint: 11401 ns, Total: 154303 ns
[613.490s][info ][safepoint      ] Safepoint "Cleanup", Time since last: 6000447851 ns, Reaching safepoint: 44901 ns, At safepoint: 3200 ns, Total: 48101 ns
[619.383s][info ][gc,start       ] GC(119) Pause Young (Allocation Failure)
[619.386s][debug][gc,phases      ] GC(119) Scavenge 3.178ms
[619.386s][debug][gc,ref         ] GC(119) Skipped phase 1 of Reference Processing: no references
[619.386s][debug][gc,ref         ] GC(119) Skipped phase 3 of Reference Processing: no references
[619.386s][debug][gc,ref         ] GC(119) Skipped phase 4 of Reference Processing: no references
[619.386s][debug][gc,phases      ] GC(119) Reference Processing 0.023ms
[619.386s][debug][gc,phases      ] GC(119) Weak Processing 0.533ms
[619.386s][debug][gc,age         ] GC(119) Desired survivor size 76546048 bytes, new threshold 15 (max threshold 15)
[619.386s][info ][gc,heap        ] GC(119) PSYoungGen: 1941392K(2018304K)->1384K(2022400K) Eden: 1939968K(1939968K)->0K(1945600K) From: 1424K(78336K)->1384K(76800K)
[619.386s][info ][gc,heap        ] GC(119) ParOldGen: 407203K(425472K)->407279K(425472K)
[619.386s][info ][gc,metaspace   ] GC(119) Metaspace: 77558K(78208K)->77558K(78208K) NonClass: 66982K(67328K)->66982K(67328K) Class: 10576K(10880K)->10576K(10880K)
[619.387s][info ][gc             ] GC(119) Pause Young (Allocation Failure) 2293M->399M(2390M) 3.858ms
[619.387s][info ][gc,cpu         ] GC(119) User=0.02s Sys=0.00s Real=0.01s
[619.387s][info ][safepoint      ] Safepoint "ParallelGCFailedAllocation", Time since last: 5892333079 ns, Reaching safepoint: 72201 ns, At safepoint: 3938765 ns, Total: 4010966 ns
[623.387s][info ][safepoint      ] Safepoint "Cleanup", Time since last: 4000316006 ns, Reaching safepoint: 211703 ns, At safepoint: 12500 ns, Total: 224203 ns
[629.940s][info ][safepoint      ] Safepoint "Cleanup", Time since last: 6552409028 ns, Reaching safepoint: 72601 ns, At safepoint: 10900 ns, Total: 83501 ns
[631.456s][info ][safepoint      ] Safepoint "Cleanup", Time since last: 1516573612 ns, Reaching safepoint: 113902 ns, At safepoint: 10100 ns, Total: 124002 ns
[633.039s][info ][safepoint      ] Safepoint "Cleanup", Time since last: 1582034587 ns, Reaching safepoint: 188603 ns, At safepoint: 17700 ns, Total: 206303 ns
[633.994s][info ][gc,start       ] GC(120) Pause Young (Allocation Failure)
[633.997s][debug][gc,phases      ] GC(120) Scavenge 3.478ms
[633.997s][debug][gc,ref         ] GC(120) Skipped phase 1 of Reference Processing: no references
[633.997s][debug][gc,ref         ] GC(120) Skipped phase 3 of Reference Processing: no references
[633.997s][debug][gc,phases      ] GC(120) Reference Processing 0.029ms
[633.998s][debug][gc,phases      ] GC(120) Weak Processing 0.485ms
[633.998s][debug][gc,age         ] GC(120) Desired survivor size 74448896 bytes, new threshold 15 (max threshold 15)
[633.998s][info ][gc,heap        ] GC(120) PSYoungGen: 1946984K(2022400K)->1152K(2020352K) Eden: 1945600K(1945600K)->0K(1945600K) From: 1384K(76800K)->1152K(74752K)
[633.998s][info ][gc,heap        ] GC(120) ParOldGen: 407279K(425472K)->407559K(425472K)
[633.998s][info ][gc,metaspace   ] GC(120) Metaspace: 77584K(78208K)->77584K(78208K) NonClass: 67004K(67328K)->67004K(67328K) Class: 10579K(10880K)->10579K(10880K)
[633.998s][info ][gc             ] GC(120) Pause Young (Allocation Failure) 2299M->399M(2388M) 4.131ms
[633.998s][info ][gc,cpu         ] GC(120) User=0.01s Sys=0.00s Real=0.01s
[633.998s][info ][safepoint      ] Safepoint "ParallelGCFailedAllocation", Time since last: 955173390 ns, Reaching safepoint: 119302 ns, At safepoint: 4209569 ns, Total: 4328871 ns
[634.998s][info ][safepoint      ] Safepoint "Cleanup", Time since last: 1000040327 ns, Reaching safepoint: 100702 ns, At safepoint: 6700 ns, Total: 107402 ns
[635.998s][info ][safepoint      ] Safepoint "Cleanup", Time since last: 1000107528 ns, Reaching safepoint: 90202 ns, At safepoint: 11800 ns, Total: 102002 ns
[636.999s][info ][safepoint      ] Safepoint "Cleanup", Time since last: 1000110928 ns, Reaching safepoint: 75201 ns, At safepoint: 12101 ns, Total: 87302 ns
[637.999s][info ][safepoint      ] Safepoint "Cleanup", Time since last: 1000117828 ns, Reaching safepoint: 77802 ns, At safepoint: 11300 ns, Total: 89102 ns
[638.999s][info ][safepoint      ] Safepoint "Cleanup", Time since last: 1000307432 ns, Reaching safepoint: 47200 ns, At safepoint: 2800 ns, Total: 50000 ns
[639.999s][info ][safepoint      ] Safepoint "Cleanup", Time since last: 1000083429 ns, Reaching safepoint: 70301 ns, At safepoint: 8900 ns, Total: 79201 ns
[640.999s][info ][safepoint      ] Safepoint "Cleanup", Time since last: 1000060628 ns, Reaching safepoint: 70101 ns, At safepoint: 7300 ns, Total: 77401 ns
[642.000s][info ][safepoint      ] Safepoint "Cleanup", Time since last: 1000115329 ns, Reaching safepoint: 87202 ns, At safepoint: 10700 ns, Total: 97902 ns
[643.000s][info ][safepoint      ] Safepoint "Cleanup", Time since last: 1000109429 ns, Reaching safepoint: 57701 ns, At safepoint: 5600 ns, Total: 63301 ns
[644.000s][info ][safepoint      ] Safepoint "Cleanup", Time since last: 1000113229 ns, Reaching safepoint: 49201 ns, At safepoint: 3400 ns, Total: 52601 ns
[646.901s][info ][gc,start       ] GC(121) Pause Young (Allocation Failure)
[646.904s][debug][gc,phases      ] GC(121) Scavenge 3.345ms
[646.904s][debug][gc,ref         ] GC(121) Skipped phase 1 of Reference Processing: no references
[646.904s][debug][gc,ref         ] GC(121) Skipped phase 3 of Reference Processing: no references
[646.904s][debug][gc,phases      ] GC(121) Reference Processing 0.023ms
[646.905s][debug][gc,phases      ] GC(121) Weak Processing 0.576ms
[646.905s][debug][gc,age         ] GC(121) Desired survivor size 71827456 bytes, new threshold 15 (max threshold 15)
[646.905s][info ][gc,heap        ] GC(121) PSYoungGen: 1946752K(2020352K)->1253K(2027008K) Eden: 1945600K(1945600K)->0K(1954304K) From: 1152K(74752K)->1253K(72704K)
[646.905s][info ][gc,heap        ] GC(121) ParOldGen: 407559K(425472K)->407599K(425472K)
[646.905s][info ][gc,metaspace   ] GC(121) Metaspace: 77638K(78272K)->77638K(78272K) NonClass: 67055K(67392K)->67055K(67392K) Class: 10583K(10880K)->10583K(10880K)
[646.905s][info ][gc             ] GC(121) Pause Young (Allocation Failure) 2299M->399M(2395M) 4.084ms
[646.905s][info ][gc,cpu         ] GC(121) User=0.02s Sys=0.00s Real=0.01s
[646.905s][info ][safepoint      ] Safepoint "ParallelGCFailedAllocation", Time since last: 2900913555 ns, Reaching safepoint: 76301 ns, At safepoint: 4177068 ns, Total: 4253369 ns
[647.905s][info ][safepoint      ] Safepoint "Cleanup", Time since last: 1000089730 ns, Reaching safepoint: 47700 ns, At safepoint: 2300 ns, Total: 50000 ns
[648.905s][info ][safepoint      ] Safepoint "Cleanup", Time since last: 1000109730 ns, Reaching safepoint: 53001 ns, At safepoint: 8400 ns, Total: 61401 ns
[651.906s][info ][safepoint      ] Safepoint "Cleanup", Time since last: 3000290089 ns, Reaching safepoint: 118302 ns, At safepoint: 13000 ns, Total: 131302 ns
[652.906s][info ][safepoint      ] Safepoint "Cleanup", Time since last: 1000117430 ns, Reaching safepoint: 49601 ns, At safepoint: 8700 ns, Total: 58301 ns
[655.906s][info ][safepoint      ] Safepoint "Cleanup", Time since last: 3000237089 ns, Reaching safepoint: 63601 ns, At safepoint: 7000 ns, Total: 70601 ns
[656.333s][info ][gc,start       ] GC(122) Pause Young (Allocation Failure)
[656.336s][debug][gc,phases      ] GC(122) Scavenge 3.068ms
[656.336s][debug][gc,ref         ] GC(122) Skipped phase 1 of Reference Processing: no references
[656.336s][debug][gc,ref         ] GC(122) Skipped phase 3 of Reference Processing: no references
[656.336s][debug][gc,phases      ] GC(122) Reference Processing 0.022ms
[656.337s][debug][gc,phases      ] GC(122) Weak Processing 0.561ms
[656.337s][debug][gc,age         ] GC(122) Desired survivor size 69206016 bytes, new threshold 15 (max threshold 15)
[656.337s][info ][gc,heap        ] GC(122) PSYoungGen: 1955557K(2027008K)->1168K(2024448K) Eden: 1954304K(1954304K)->0K(1954304K) From: 1253K(72704K)->1168K(70144K)
[656.337s][info ][gc,heap        ] GC(122) ParOldGen: 407599K(425472K)->407631K(425472K)
[656.337s][info ][gc,metaspace   ] GC(122) Metaspace: 77644K(78272K)->77644K(78272K) NonClass: 67061K(67392K)->67061K(67392K) Class: 10583K(10880K)->10583K(10880K)
[656.337s][info ][gc             ] GC(122) Pause Young (Allocation Failure) 2307M->399M(2392M) 3.782ms
[656.337s][info ][gc,cpu         ] GC(122) User=0.02s Sys=0.00s Real=0.01s
[656.337s][info ][safepoint      ] Safepoint "ParallelGCFailedAllocation", Time since last: 426775811 ns, Reaching safepoint: 101902 ns, At safepoint: 3869163 ns, Total: 3971065 ns
[659.337s][info ][safepoint      ] Safepoint "Cleanup", Time since last: 3000223290 ns, Reaching safepoint: 116502 ns, At safepoint: 11300 ns, Total: 127802 ns
[664.884s][info ][gc,start       ] GC(123) Pause Young (Allocation Failure)
[664.887s][debug][gc,phases      ] GC(123) Scavenge 3.054ms
[664.887s][debug][gc,ref         ] GC(123) Skipped phase 1 of Reference Processing: no references
[664.887s][debug][gc,ref         ] GC(123) Skipped phase 3 of Reference Processing: no references
[664.887s][debug][gc,phases      ] GC(123) Reference Processing 0.021ms
[664.887s][debug][gc,phases      ] GC(123) Weak Processing 0.545ms
[664.887s][debug][gc,age         ] GC(123) Desired survivor size 66584576 bytes, new threshold 15 (max threshold 15)
[664.887s][info ][gc,heap        ] GC(123) PSYoungGen: 1955472K(2024448K)->1184K(2032128K) Eden: 1954304K(1954304K)->0K(1964544K) From: 1168K(70144K)->1184K(67584K)
[664.887s][info ][gc,heap        ] GC(123) ParOldGen: 407631K(425472K)->407663K(425472K)
[664.887s][info ][gc,metaspace   ] GC(123) Metaspace: 77644K(78272K)->77644K(78272K) NonClass: 67061K(67392K)->67061K(67392K) Class: 10583K(10880K)->10583K(10880K)
[664.887s][info ][gc             ] GC(123) Pause Young (Allocation Failure) 2307M->399M(2400M) 3.782ms
[664.887s][info ][gc,cpu         ] GC(123) User=0.01s Sys=0.00s Real=0.01s
[664.888s][info ][safepoint      ] Safepoint "ParallelGCFailedAllocation", Time since last: 5546064216 ns, Reaching safepoint: 113302 ns, At safepoint: 3870764 ns, Total: 3984066 ns
[671.888s][info ][safepoint      ] Safepoint "Cleanup", Time since last: 7000489015 ns, Reaching safepoint: 54801 ns, At safepoint: 8000 ns, Total: 62801 ns
[679.837s][info ][gc,start       ] GC(124) Pause Young (Allocation Failure)
[679.840s][debug][gc,phases      ] GC(124) Scavenge 2.511ms
[679.840s][debug][gc,ref         ] GC(124) Skipped phase 1 of Reference Processing: no references
[679.840s][debug][gc,ref         ] GC(124) Skipped phase 3 of Reference Processing: no references
[679.840s][debug][gc,phases      ] GC(124) Reference Processing 0.024ms
[679.841s][debug][gc,phases      ] GC(124) Weak Processing 0.550ms
[679.841s][debug][gc,age         ] GC(124) Desired survivor size 63438848 bytes, new threshold 15 (max threshold 15)
[679.841s][info ][gc,heap        ] GC(124) PSYoungGen: 1965728K(2032128K)->1280K(2029568K) Eden: 1964544K(1964544K)->0K(1964544K) From: 1184K(67584K)->1280K(65024K)
[679.841s][info ][gc,heap        ] GC(124) ParOldGen: 407663K(425472K)->407687K(425472K)
[679.841s][info ][gc,metaspace   ] GC(124) Metaspace: 77647K(78272K)->77647K(78272K) NonClass: 67064K(67392K)->67064K(67392K) Class: 10583K(10880K)->10583K(10880K)
[679.841s][info ][gc             ] GC(124) Pause Young (Allocation Failure) 2317M->399M(2397M) 3.213ms
[679.841s][info ][gc,cpu         ] GC(124) User=0.01s Sys=0.00s Real=0.00s
[679.841s][info ][safepoint      ] Safepoint "ParallelGCFailedAllocation", Time since last: 7949240709 ns, Reaching safepoint: 80601 ns, At safepoint: 3300254 ns, Total: 3380855 ns
[684.841s][info ][safepoint      ] Safepoint "Cleanup", Time since last: 5000358960 ns, Reaching safepoint: 57501 ns, At safepoint: 9401 ns, Total: 66902 ns
[687.841s][info ][safepoint      ] Safepoint "Cleanup", Time since last: 3000218597 ns, Reaching safepoint: 50801 ns, At safepoint: 2900 ns, Total: 53701 ns
[691.842s][info ][safepoint      ] Safepoint "Cleanup", Time since last: 4000314531 ns, Reaching safepoint: 50401 ns, At safepoint: 3200 ns, Total: 53601 ns
[692.398s][info ][gc,start       ] GC(125) Pause Young (Allocation Failure)
[692.401s][debug][gc,phases      ] GC(125) Scavenge 3.259ms
[692.402s][debug][gc,ref         ] GC(125) Skipped phase 1 of Reference Processing: no references
[692.402s][debug][gc,ref         ] GC(125) Skipped phase 3 of Reference Processing: no references
[692.402s][debug][gc,phases      ] GC(125) Reference Processing 0.022ms
[692.402s][debug][gc,phases      ] GC(125) Weak Processing 0.527ms
[692.402s][debug][gc,age         ] GC(125) Desired survivor size 60293120 bytes, new threshold 15 (max threshold 15)
[692.402s][info ][gc,heap        ] GC(125) PSYoungGen: 1965824K(2029568K)->1177K(2038272K) Eden: 1964544K(1964544K)->0K(1976320K) From: 1280K(65024K)->1177K(61952K)
[692.402s][info ][gc,heap        ] GC(125) ParOldGen: 407687K(425472K)->407888K(425472K)
[692.402s][info ][gc,metaspace   ] GC(125) Metaspace: 77653K(78272K)->77653K(78272K) NonClass: 67070K(67392K)->67070K(67392K) Class: 10583K(10880K)->10583K(10880K)
[692.402s][info ][gc             ] GC(125) Pause Young (Allocation Failure) 2317M->399M(2406M) 3.937ms
[692.402s][info ][gc,cpu         ] GC(125) User=0.01s Sys=0.00s Real=0.00s
[692.402s][info ][safepoint      ] Safepoint "ParallelGCFailedAllocation", Time since last: 556317941 ns, Reaching safepoint: 51501 ns, At safepoint: 4013866 ns, Total: 4065367 ns
[700.738s][info ][gc,start       ] GC(126) Pause Young (Allocation Failure)
[700.741s][debug][gc,phases      ] GC(126) Scavenge 2.688ms
[700.741s][debug][gc,ref         ] GC(126) Skipped phase 1 of Reference Processing: no references
[700.741s][debug][gc,ref         ] GC(126) Skipped phase 3 of Reference Processing: no references
[700.741s][debug][gc,phases      ] GC(126) Reference Processing 0.042ms
[700.742s][debug][gc,phases      ] GC(126) Weak Processing 0.547ms
[700.742s][debug][gc,age         ] GC(126) Desired survivor size 57147392 bytes, new threshold 15 (max threshold 15)
[700.742s][info ][gc,heap        ] GC(126) PSYoungGen: 1977497K(2038272K)->976K(2035200K) Eden: 1976320K(1976320K)->0K(1976320K) From: 1177K(61952K)->976K(58880K)
[700.742s][info ][gc,heap        ] GC(126) ParOldGen: 407888K(425472K)->407920K(425472K)
[700.742s][info ][gc,metaspace   ] GC(126) Metaspace: 77657K(78272K)->77657K(78272K) NonClass: 67073K(67392K)->67073K(67392K) Class: 10583K(10880K)->10583K(10880K)
[700.742s][info ][gc             ] GC(126) Pause Young (Allocation Failure) 2329M->399M(2403M) 3.410ms
[700.742s][info ][gc,cpu         ] GC(126) User=0.01s Sys=0.00s Real=0.00s
[700.742s][info ][safepoint      ] Safepoint "ParallelGCFailedAllocation", Time since last: 8336191681 ns, Reaching safepoint: 39001 ns, At safepoint: 3494057 ns, Total: 3533058 ns
[705.742s][info ][safepoint      ] Safepoint "Cleanup", Time since last: 5000378070 ns, Reaching safepoint: 70301 ns, At safepoint: 7500 ns, Total: 77801 ns
[710.743s][info ][safepoint      ] Safepoint "Cleanup", Time since last: 5000396772 ns, Reaching safepoint: 82202 ns, At safepoint: 19100 ns, Total: 101302 ns
[714.743s][info ][safepoint      ] Safepoint "Cleanup", Time since last: 4000265238 ns, Reaching safepoint: 47401 ns, At safepoint: 7000 ns, Total: 54401 ns
[716.036s][info ][gc,start       ] GC(127) Pause Young (Allocation Failure)
[716.039s][debug][gc,phases      ] GC(127) Scavenge 2.998ms
[716.039s][debug][gc,ref         ] GC(127) Skipped phase 1 of Reference Processing: no references
[716.039s][debug][gc,ref         ] GC(127) Skipped phase 3 of Reference Processing: no references
[716.039s][debug][gc,phases      ] GC(127) Reference Processing 0.022ms
[716.039s][debug][gc,phases      ] GC(127) Weak Processing 0.507ms
[716.039s][debug][gc,age         ] GC(127) Desired survivor size 54525952 bytes, new threshold 15 (max threshold 15)
[716.040s][info ][gc,heap        ] GC(127) PSYoungGen: 1977296K(2035200K)->880K(2043904K) Eden: 1976320K(1976320K)->0K(1988096K) From: 976K(58880K)->880K(55808K)
[716.040s][info ][gc,heap        ] GC(127) ParOldGen: 407920K(425472K)->408032K(425472K)
[716.040s][info ][gc,metaspace   ] GC(127) Metaspace: 77660K(78272K)->77660K(78272K) NonClass: 67076K(67392K)->67076K(67392K) Class: 10583K(10880K)->10583K(10880K)
[716.040s][info ][gc             ] GC(127) Pause Young (Allocation Failure) 2329M->399M(2411M) 3.654ms
[716.040s][info ][gc,cpu         ] GC(127) User=0.01s Sys=0.00s Real=0.01s
[716.040s][info ][safepoint      ] Safepoint "ParallelGCFailedAllocation", Time since last: 1292646743 ns, Reaching safepoint: 47101 ns, At safepoint: 3728961 ns, Total: 3776062 ns
[719.040s][info ][safepoint      ] Safepoint "Cleanup", Time since last: 3000235006 ns, Reaching safepoint: 122102 ns, At safepoint: 6500 ns, Total: 128602 ns
[721.040s][info ][safepoint      ] Safepoint "Cleanup", Time since last: 2000178871 ns, Reaching safepoint: 71401 ns, At safepoint: 9100 ns, Total: 80501 ns
[722.040s][info ][safepoint      ] Safepoint "Cleanup", Time since last: 1000134837 ns, Reaching safepoint: 126402 ns, At safepoint: 12600 ns, Total: 139002 ns
[724.041s][info ][safepoint      ] Safepoint "Cleanup", Time since last: 2000185872 ns, Reaching safepoint: 48301 ns, At safepoint: 3400 ns, Total: 51701 ns
[726.041s][info ][safepoint      ] Safepoint "Cleanup", Time since last: 2000189972 ns, Reaching safepoint: 131302 ns, At safepoint: 10900 ns, Total: 142202 ns
[727.041s][info ][safepoint      ] Safepoint "Cleanup", Time since last: 1000115337 ns, Reaching safepoint: 120502 ns, At safepoint: 10400 ns, Total: 130902 ns
[728.041s][info ][safepoint      ] Safepoint "Cleanup", Time since last: 1000124337 ns, Reaching safepoint: 84601 ns, At safepoint: 5800 ns, Total: 90401 ns
[729.042s][info ][safepoint      ] Safepoint "Cleanup", Time since last: 1000121937 ns, Reaching safepoint: 132502 ns, At safepoint: 11100 ns, Total: 143602 ns
[731.042s][info ][safepoint      ] Safepoint "Cleanup", Time since last: 2000154973 ns, Reaching safepoint: 60001 ns, At safepoint: 11000 ns, Total: 71001 ns
[731.238s][info ][gc,start       ] GC(128) Pause Young (Allocation Failure)
[731.241s][debug][gc,phases      ] GC(128) Scavenge 2.778ms
[731.241s][debug][gc,ref         ] GC(128) Skipped phase 1 of Reference Processing: no references
[731.241s][debug][gc,ref         ] GC(128) Skipped phase 3 of Reference Processing: no references
[731.241s][debug][gc,phases      ] GC(128) Reference Processing 0.023ms
[731.241s][debug][gc,phases      ] GC(128) Weak Processing 0.509ms
[731.241s][debug][gc,age         ] GC(128) Desired survivor size 51380224 bytes, new threshold 15 (max threshold 15)
[731.241s][info ][gc,heap        ] GC(128) PSYoungGen: 1988976K(2043904K)->928K(2041344K) Eden: 1988096K(1988096K)->0K(1988096K) From: 880K(55808K)->928K(53248K)
[731.241s][info ][gc,heap        ] GC(128) ParOldGen: 408032K(425472K)->408064K(425472K)
[731.241s][info ][gc,metaspace   ] GC(128) Metaspace: 77669K(78272K)->77669K(78272K) NonClass: 67085K(67392K)->67085K(67392K) Class: 10583K(10880K)->10583K(10880K)
[731.241s][info ][gc             ] GC(128) Pause Young (Allocation Failure) 2340M->399M(2409M) 3.430ms
[731.241s][info ][gc,cpu         ] GC(128) User=0.01s Sys=0.00s Real=0.00s
[731.241s][info ][safepoint      ] Safepoint "ParallelGCFailedAllocation", Time since last: 195591514 ns, Reaching safepoint: 109602 ns, At safepoint: 3514358 ns, Total: 3623960 ns
[732.241s][info ][safepoint      ] Safepoint "Cleanup", Time since last: 1000087837 ns, Reaching safepoint: 45800 ns, At safepoint: 2600 ns, Total: 48400 ns
[733.242s][info ][safepoint      ] Safepoint "Cleanup", Time since last: 1000115137 ns, Reaching safepoint: 56101 ns, At safepoint: 10800 ns, Total: 66901 ns
[735.244s][info ][safepoint      ] Safepoint "Cleanup", Time since last: 2002629414 ns, Reaching safepoint: 53401 ns, At safepoint: 5500 ns, Total: 58901 ns
[736.244s][info ][safepoint      ] Safepoint "Cleanup", Time since last: 1000104537 ns, Reaching safepoint: 44501 ns, At safepoint: 11300 ns, Total: 55801 ns
[737.245s][info ][safepoint      ] Safepoint "Cleanup", Time since last: 1000114038 ns, Reaching safepoint: 67701 ns, At safepoint: 7900 ns, Total: 75601 ns
[738.245s][info ][safepoint      ] Safepoint "Cleanup", Time since last: 1000119237 ns, Reaching safepoint: 55501 ns, At safepoint: 2700 ns, Total: 58201 ns
[739.245s][info ][safepoint      ] Safepoint "Cleanup", Time since last: 1000119538 ns, Reaching safepoint: 51401 ns, At safepoint: 27700 ns, Total: 79101 ns
[746.887s][info ][gc,start       ] GC(129) Pause Young (Allocation Failure)
[746.890s][debug][gc,phases      ] GC(129) Scavenge 2.630ms
[746.890s][debug][gc,ref         ] GC(129) Skipped phase 1 of Reference Processing: no references
[746.890s][debug][gc,ref         ] GC(129) Skipped phase 3 of Reference Processing: no references
[746.890s][debug][gc,phases      ] GC(129) Reference Processing 0.022ms
[746.891s][debug][gc,phases      ] GC(129) Weak Processing 0.508ms
[746.891s][debug][gc,age         ] GC(129) Desired survivor size 48234496 bytes, new threshold 15 (max threshold 15)
[746.891s][info ][gc,heap        ] GC(129) PSYoungGen: 1989024K(2041344K)->896K(2050048K) Eden: 1988096K(1988096K)->0K(1999872K) From: 928K(53248K)->896K(50176K)
[746.891s][info ][gc,heap        ] GC(129) ParOldGen: 408064K(425472K)->408096K(425472K)
[746.891s][info ][gc,metaspace   ] GC(129) Metaspace: 77674K(78272K)->77674K(78272K) NonClass: 67090K(67392K)->67090K(67392K) Class: 10584K(10880K)->10584K(10880K)
[746.891s][info ][gc             ] GC(129) Pause Young (Allocation Failure) 2340M->399M(2417M) 3.288ms
[746.891s][info ][gc,cpu         ] GC(129) User=0.01s Sys=0.00s Real=0.00s
[746.891s][info ][safepoint      ] Safepoint "ParallelGCFailedAllocation", Time since last: 7642345409 ns, Reaching safepoint: 47401 ns, At safepoint: 3371456 ns, Total: 3418857 ns
[748.891s][info ][safepoint      ] Safepoint "Cleanup", Time since last: 2000185075 ns, Reaching safepoint: 39501 ns, At safepoint: 3700 ns, Total: 43201 ns
[750.891s][info ][safepoint      ] Safepoint "Cleanup", Time since last: 2000178476 ns, Reaching safepoint: 47701 ns, At safepoint: 4200 ns, Total: 51901 ns
[751.891s][info ][safepoint      ] Safepoint "Cleanup", Time since last: 1000106838 ns, Reaching safepoint: 56001 ns, At safepoint: 3100 ns, Total: 59101 ns
[753.892s][info ][safepoint      ] Safepoint "Cleanup", Time since last: 2000202277 ns, Reaching safepoint: 41501 ns, At safepoint: 8100 ns, Total: 49601 ns
[755.892s][info ][safepoint      ] Safepoint "Cleanup", Time since last: 2000185377 ns, Reaching safepoint: 54300 ns, At safepoint: 15101 ns, Total: 69401 ns
[758.892s][info ][safepoint      ] Safepoint "Cleanup", Time since last: 3000199614 ns, Reaching safepoint: 70501 ns, At safepoint: 5600 ns, Total: 76101 ns
[762.686s][info ][gc,start       ] GC(130) Pause Young (Allocation Failure)
[762.689s][debug][gc,phases      ] GC(130) Scavenge 2.980ms
[762.689s][debug][gc,ref         ] GC(130) Skipped phase 1 of Reference Processing: no references
[762.689s][debug][gc,ref         ] GC(130) Skipped phase 3 of Reference Processing: no references
[762.689s][debug][gc,ref         ] GC(130) Skipped phase 4 of Reference Processing: no references
[762.689s][debug][gc,phases      ] GC(130) Reference Processing 0.028ms
[762.689s][debug][gc,phases      ] GC(130) Weak Processing 0.672ms
[762.689s][debug][gc,age         ] GC(130) Desired survivor size 45613056 bytes, new threshold 15 (max threshold 15)
[762.689s][info ][gc,heap        ] GC(130) PSYoungGen: 2000768K(2050048K)->880K(2046976K) Eden: 1999872K(1999872K)->0K(1999872K) From: 896K(50176K)->880K(47104K)
[762.689s][info ][gc,heap        ] GC(130) ParOldGen: 408096K(425472K)->408136K(425472K)
[762.689s][info ][gc,metaspace   ] GC(130) Metaspace: 77676K(78272K)->77676K(78272K) NonClass: 67092K(67392K)->67092K(67392K) Class: 10584K(10880K)->10584K(10880K)
[762.690s][info ][gc             ] GC(130) Pause Young (Allocation Failure) 2352M->399M(2414M) 3.851ms
[762.690s][info ][gc,cpu         ] GC(130) User=0.01s Sys=0.00s Real=0.00s
[762.690s][info ][safepoint      ] Safepoint "ParallelGCFailedAllocation", Time since last: 3793465555 ns, Reaching safepoint: 34601 ns, At safepoint: 3941964 ns, Total: 3976565 ns
[773.690s][info ][safepoint      ] Safepoint "Cleanup", Time since last: 11000792030 ns, Reaching safepoint: 147803 ns, At safepoint: 6600 ns, Total: 154403 ns
[778.586s][info ][gc,start       ] GC(131) Pause Young (Allocation Failure)
[778.589s][debug][gc,phases      ] GC(131) Scavenge 3.041ms
[778.589s][debug][gc,ref         ] GC(131) Skipped phase 1 of Reference Processing: no references
[778.589s][debug][gc,ref         ] GC(131) Skipped phase 3 of Reference Processing: no references
[778.589s][debug][gc,ref         ] GC(131) Skipped phase 4 of Reference Processing: no references
[778.589s][debug][gc,phases      ] GC(131) Reference Processing 0.024ms
[778.590s][debug][gc,phases      ] GC(131) Weak Processing 0.537ms
[778.590s][debug][gc,age         ] GC(131) Desired survivor size 42991616 bytes, new threshold 15 (max threshold 15)
[778.590s][info ][gc,heap        ] GC(131) PSYoungGen: 2000752K(2046976K)->880K(2055168K) Eden: 1999872K(1999872K)->0K(2010624K) From: 880K(47104K)->880K(44544K)
[778.590s][info ][gc,heap        ] GC(131) ParOldGen: 408136K(425472K)->408168K(425472K)
[778.590s][info ][gc,metaspace   ] GC(131) Metaspace: 77677K(78272K)->77677K(78272K) NonClass: 67093K(67392K)->67093K(67392K) Class: 10584K(10880K)->10584K(10880K)
[778.590s][info ][gc             ] GC(131) Pause Young (Allocation Failure) 2352M->399M(2422M) 3.749ms
[778.590s][info ][gc,cpu         ] GC(131) User=0.01s Sys=0.00s Real=0.00s
[778.590s][info ][safepoint      ] Safepoint "ParallelGCFailedAllocation", Time since last: 4895705878 ns, Reaching safepoint: 51501 ns, At safepoint: 3831863 ns, Total: 3883364 ns
[780.590s][info ][safepoint      ] Safepoint "Cleanup", Time since last: 2000154880 ns, Reaching safepoint: 63801 ns, At safepoint: 7900 ns, Total: 71701 ns
[783.061s][info ][safepoint      ] Safepoint "Cleanup", Time since last: 2470705616 ns, Reaching safepoint: 76101 ns, At safepoint: 7100 ns, Total: 83201 ns
[794.484s][info ][gc,start       ] GC(132) Pause Young (Allocation Failure)
[794.487s][debug][gc,phases      ] GC(132) Scavenge 3.132ms
[794.487s][debug][gc,ref         ] GC(132) Skipped phase 1 of Reference Processing: no references
[794.487s][debug][gc,ref         ] GC(132) Skipped phase 3 of Reference Processing: no references
[794.487s][debug][gc,ref         ] GC(132) Skipped phase 4 of Reference Processing: no references
[794.487s][debug][gc,phases      ] GC(132) Reference Processing 0.033ms
[794.488s][debug][gc,phases      ] GC(132) Weak Processing 0.486ms
[794.488s][debug][gc,age         ] GC(132) Desired survivor size 40370176 bytes, new threshold 15 (max threshold 15)
[794.488s][info ][gc,heap        ] GC(132) PSYoungGen: 2011504K(2055168K)->848K(2052608K) Eden: 2010624K(2010624K)->0K(2010624K) From: 880K(44544K)->848K(41984K)
[794.488s][info ][gc,heap        ] GC(132) ParOldGen: 408168K(425472K)->408200K(425472K)
[794.488s][info ][gc,metaspace   ] GC(132) Metaspace: 77677K(78272K)->77677K(78272K) NonClass: 67093K(67392K)->67093K(67392K) Class: 10584K(10880K)->10584K(10880K)
[794.488s][info ][gc             ] GC(132) Pause Young (Allocation Failure) 2362M->399M(2420M) 3.777ms
[794.488s][info ][gc,cpu         ] GC(132) User=0.01s Sys=0.00s Real=0.01s
[794.488s][info ][safepoint      ] Safepoint "ParallelGCFailedAllocation", Time since last: 11422738683 ns, Reaching safepoint: 134502 ns, At safepoint: 3864864 ns, Total: 3999366 ns
[795.488s][info ][safepoint      ] Safepoint "Cleanup", Time since last: 1000086841 ns, Reaching safepoint: 119002 ns, At safepoint: 6900 ns, Total: 125902 ns
[796.488s][info ][safepoint      ] Safepoint "Cleanup", Time since last: 1000124442 ns, Reaching safepoint: 56201 ns, At safepoint: 11100 ns, Total: 67301 ns
[800.489s][info ][safepoint      ] Safepoint "Cleanup", Time since last: 4000322666 ns, Reaching safepoint: 148802 ns, At safepoint: 12701 ns, Total: 161503 ns
[803.489s][info ][safepoint      ] Safepoint "Cleanup", Time since last: 3000245025 ns, Reaching safepoint: 131802 ns, At safepoint: 13600 ns, Total: 145402 ns
[804.489s][info ][safepoint      ] Safepoint "Cleanup", Time since last: 1000114742 ns, Reaching safepoint: 141003 ns, At safepoint: 8200 ns, Total: 149203 ns
[805.490s][info ][safepoint      ] Safepoint "Cleanup", Time since last: 1000100942 ns, Reaching safepoint: 52801 ns, At safepoint: 2900 ns, Total: 55701 ns
[808.490s][info ][safepoint      ] Safepoint "Cleanup", Time since last: 3000242226 ns, Reaching safepoint: 46001 ns, At safepoint: 5700 ns, Total: 51701 ns
[809.384s][info ][gc,start       ] GC(133) Pause Young (Allocation Failure)
[809.387s][debug][gc,phases      ] GC(133) Scavenge 3.151ms
[809.387s][debug][gc,ref         ] GC(133) Skipped phase 1 of Reference Processing: no references
[809.387s][debug][gc,ref         ] GC(133) Skipped phase 3 of Reference Processing: no references
[809.387s][debug][gc,ref         ] GC(133) Skipped phase 4 of Reference Processing: no references
[809.387s][debug][gc,phases      ] GC(133) Reference Processing 0.023ms
[809.388s][debug][gc,phases      ] GC(133) Weak Processing 0.534ms
[809.388s][debug][gc,age         ] GC(133) Desired survivor size 37748736 bytes, new threshold 15 (max threshold 15)
[809.388s][info ][gc,heap        ] GC(133) PSYoungGen: 2011472K(2052608K)->1200K(2060288K) Eden: 2010624K(2010624K)->0K(2020864K) From: 848K(41984K)->1200K(39424K)
[809.388s][info ][gc,heap        ] GC(133) ParOldGen: 408200K(425472K)->408232K(425472K)
[809.388s][info ][gc,metaspace   ] GC(133) Metaspace: 77690K(78336K)->77690K(78336K) NonClass: 67106K(67456K)->67106K(67456K) Class: 10584K(10880K)->10584K(10880K)
[809.388s][info ][gc             ] GC(133) Pause Young (Allocation Failure) 2362M->399M(2427M) 3.849ms
[809.388s][info ][gc,cpu         ] GC(133) User=0.02s Sys=0.00s Real=0.01s
[809.388s][info ][safepoint      ] Safepoint "ParallelGCFailedAllocation", Time since last: 893814495 ns, Reaching safepoint: 101602 ns, At safepoint: 3950865 ns, Total: 4052467 ns
[810.388s][info ][safepoint      ] Safepoint "Cleanup", Time since last: 1000092042 ns, Reaching safepoint: 121502 ns, At safepoint: 11400 ns, Total: 132902 ns
[823.389s][info ][safepoint      ] Safepoint "Cleanup", Time since last: 13000929154 ns, Reaching safepoint: 123902 ns, At safepoint: 10300 ns, Total: 134202 ns
[825.436s][info ][gc,start       ] GC(134) Pause Young (Allocation Failure)
[825.439s][debug][gc,phases      ] GC(134) Scavenge 3.094ms
[825.439s][debug][gc,ref         ] GC(134) Skipped phase 1 of Reference Processing: no references
[825.439s][debug][gc,ref         ] GC(134) Skipped phase 3 of Reference Processing: no references
[825.439s][debug][gc,ref         ] GC(134) Skipped phase 4 of Reference Processing: no references
[825.439s][debug][gc,phases      ] GC(134) Reference Processing 0.022ms
[825.440s][debug][gc,phases      ] GC(134) Weak Processing 0.573ms
[825.440s][debug][gc,age         ] GC(134) Desired survivor size 35127296 bytes, new threshold 15 (max threshold 15)
[825.440s][info ][gc,heap        ] GC(134) PSYoungGen: 2022064K(2060288K)->1232K(2057728K) Eden: 2020864K(2020864K)->0K(2020864K) From: 1200K(39424K)->1232K(36864K)
[825.440s][info ][gc,heap        ] GC(134) ParOldGen: 408232K(425472K)->408264K(425472K)
[825.440s][info ][gc,metaspace   ] GC(134) Metaspace: 77699K(78336K)->77699K(78336K) NonClass: 67114K(67456K)->67114K(67456K) Class: 10584K(10880K)->10584K(10880K)
[825.440s][info ][gc             ] GC(134) Pause Young (Allocation Failure) 2373M->399M(2425M) 3.843ms
[825.440s][info ][gc,cpu         ] GC(134) User=0.02s Sys=0.00s Real=0.00s
[825.440s][info ][safepoint      ] Safepoint "ParallelGCFailedAllocation", Time since last: 2047213660 ns, Reaching safepoint: 42101 ns, At safepoint: 3926164 ns, Total: 3968265 ns
[826.440s][info ][safepoint      ] Safepoint "Cleanup", Time since last: 1000094944 ns, Reaching safepoint: 61501 ns, At safepoint: 14100 ns, Total: 75601 ns
[828.441s][info ][safepoint      ] Safepoint "Cleanup", Time since last: 2000182487 ns, Reaching safepoint: 57001 ns, At safepoint: 8900 ns, Total: 65901 ns
[831.441s][info ][safepoint      ] Safepoint "Cleanup", Time since last: 3000249531 ns, Reaching safepoint: 52901 ns, At safepoint: 7800 ns, Total: 60701 ns
[832.441s][info ][safepoint      ] Safepoint "Cleanup", Time since last: 1000116244 ns, Reaching safepoint: 49101 ns, At safepoint: 3500 ns, Total: 52601 ns
[834.441s][info ][safepoint      ] Safepoint "Cleanup", Time since last: 2000193189 ns, Reaching safepoint: 118701 ns, At safepoint: 8401 ns, Total: 127102 ns
[841.439s][info ][gc,start       ] GC(135) Pause Young (Allocation Failure)
[841.442s][debug][gc,phases      ] GC(135) Scavenge 2.971ms
[841.442s][debug][gc,ref         ] GC(135) Skipped phase 1 of Reference Processing: no references
[841.442s][debug][gc,ref         ] GC(135) Skipped phase 3 of Reference Processing: no references
[841.442s][debug][gc,phases      ] GC(135) Reference Processing 0.024ms
[841.443s][debug][gc,phases      ] GC(135) Weak Processing 0.641ms
[841.443s][debug][gc,age         ] GC(135) Desired survivor size 33030144 bytes, new threshold 15 (max threshold 15)
[841.443s][info ][gc,heap        ] GC(135) PSYoungGen: 2022096K(2057728K)->1168K(2064896K) Eden: 2020864K(2020864K)->0K(2030592K) From: 1232K(36864K)->1168K(34304K)
[841.443s][info ][gc,heap        ] GC(135) ParOldGen: 408264K(425472K)->408320K(425472K)
[841.443s][info ][gc,metaspace   ] GC(135) Metaspace: 77710K(78336K)->77710K(78336K) NonClass: 67125K(67456K)->67125K(67456K) Class: 10584K(10880K)->10584K(10880K)
[841.443s][info ][gc             ] GC(135) Pause Young (Allocation Failure) 2373M->399M(2432M) 3.772ms
[841.443s][info ][gc,cpu         ] GC(135) User=0.01s Sys=0.00s Real=0.00s
[841.443s][info ][safepoint      ] Safepoint "ParallelGCFailedAllocation", Time since last: 6997701161 ns, Reaching safepoint: 45201 ns, At safepoint: 3858664 ns, Total: 3903865 ns
[849.444s][info ][safepoint      ] Safepoint "Cleanup", Time since last: 8000564955 ns, Reaching safepoint: 53801 ns, At safepoint: 7900 ns, Total: 61701 ns
[852.444s][info ][safepoint      ] Safepoint "Cleanup", Time since last: 3000251035 ns, Reaching safepoint: 54401 ns, At safepoint: 8100 ns, Total: 62501 ns
[859.834s][info ][gc,start       ] GC(136) Pause Young (Allocation Failure)
[859.837s][debug][gc,phases      ] GC(136) Scavenge 3.177ms
[859.838s][debug][gc,ref         ] GC(136) Skipped phase 1 of Reference Processing: no references
[859.838s][debug][gc,ref         ] GC(136) Skipped phase 3 of Reference Processing: no references
[859.838s][debug][gc,ref         ] GC(136) Skipped phase 4 of Reference Processing: no references
[859.838s][debug][gc,phases      ] GC(136) Reference Processing 0.024ms
[859.838s][debug][gc,phases      ] GC(136) Weak Processing 0.704ms
[859.838s][debug][gc,age         ] GC(136) Desired survivor size 30932992 bytes, new threshold 15 (max threshold 15)
[859.838s][info ][gc,heap        ] GC(136) PSYoungGen: 2031760K(2064896K)->880K(2062848K) Eden: 2030592K(2030592K)->0K(2030592K) From: 1168K(34304K)->880K(32256K)
[859.838s][info ][gc,heap        ] GC(136) ParOldGen: 408320K(425472K)->408344K(425472K)
[859.838s][info ][gc,metaspace   ] GC(136) Metaspace: 77717K(78336K)->77717K(78336K) NonClass: 67132K(67456K)->67132K(67456K) Class: 10584K(10880K)->10584K(10880K)
[859.838s][info ][gc             ] GC(136) Pause Young (Allocation Failure) 2382M->399M(2430M) 4.059ms
[859.838s][info ][gc,cpu         ] GC(136) User=0.01s Sys=0.00s Real=0.01s
[859.838s][info ][safepoint      ] Safepoint "ParallelGCFailedAllocation", Time since last: 7390163824 ns, Reaching safepoint: 120402 ns, At safepoint: 4164768 ns, Total: 4285170 ns
[863.839s][info ][safepoint      ] Safepoint "Cleanup", Time since last: 4000292082 ns, Reaching safepoint: 79302 ns, At safepoint: 3200 ns, Total: 82502 ns
[864.839s][info ][safepoint      ] Safepoint "Cleanup", Time since last: 1000087746 ns, Reaching safepoint: 48701 ns, At safepoint: 2800 ns, Total: 51501 ns
[867.839s][info ][safepoint      ] Safepoint "Cleanup", Time since last: 3000242937 ns, Reaching safepoint: 49401 ns, At safepoint: 3600 ns, Total: 53001 ns
[868.839s][info ][safepoint      ] Safepoint "Cleanup", Time since last: 1000115147 ns, Reaching safepoint: 67101 ns, At safepoint: 8000 ns, Total: 75101 ns
[869.840s][info ][safepoint      ] Safepoint "Cleanup", Time since last: 1000126647 ns, Reaching safepoint: 140002 ns, At safepoint: 10901 ns, Total: 150903 ns
[873.840s][info ][safepoint      ] Safepoint "Cleanup", Time since last: 4000302684 ns, Reaching safepoint: 56801 ns, At safepoint: 3100 ns, Total: 59901 ns
[877.584s][info ][gc,start       ] GC(137) Pause Young (Allocation Failure)
[877.587s][debug][gc,phases      ] GC(137) Scavenge 2.944ms
[877.587s][debug][gc,ref         ] GC(137) Skipped phase 1 of Reference Processing: no references
[877.587s][debug][gc,ref         ] GC(137) Skipped phase 3 of Reference Processing: no references
[877.587s][debug][gc,ref         ] GC(137) Skipped phase 4 of Reference Processing: no references
[877.587s][debug][gc,phases      ] GC(137) Reference Processing 0.023ms
[877.587s][debug][gc,phases      ] GC(137) Weak Processing 0.511ms
[877.587s][debug][gc,age         ] GC(137) Desired survivor size 28835840 bytes, new threshold 15 (max threshold 15)
[877.587s][info ][gc,heap        ] GC(137) PSYoungGen: 2031472K(2062848K)->1200K(2068992K) Eden: 2030592K(2030592K)->0K(2038784K) From: 880K(32256K)->1200K(30208K)
[877.587s][info ][gc,heap        ] GC(137) ParOldGen: 408344K(425472K)->408352K(425472K)
[877.587s][info ][gc,metaspace   ] GC(137) Metaspace: 77725K(78336K)->77725K(78336K) NonClass: 67140K(67456K)->67140K(67456K) Class: 10584K(10880K)->10584K(10880K)
[877.587s][info ][gc             ] GC(137) Pause Young (Allocation Failure) 2382M->399M(2436M) 3.611ms
[877.587s][info ][gc,cpu         ] GC(137) User=0.02s Sys=0.00s Real=0.01s
[877.587s][info ][safepoint      ] Safepoint "ParallelGCFailedAllocation", Time since last: 3743487963 ns, Reaching safepoint: 123602 ns, At safepoint: 3702561 ns, Total: 3826163 ns
[880.588s][info ][safepoint      ] Safepoint "Cleanup", Time since last: 3000238440 ns, Reaching safepoint: 124602 ns, At safepoint: 12600 ns, Total: 137202 ns
[883.588s][info ][safepoint      ] Safepoint "Cleanup", Time since last: 3000258341 ns, Reaching safepoint: 119502 ns, At safepoint: 8300 ns, Total: 127802 ns
[893.786s][info ][gc,start       ] GC(138) Pause Young (Allocation Failure)
[893.788s][debug][gc,phases      ] GC(138) Scavenge 2.497ms
[893.788s][debug][gc,ref         ] GC(138) Skipped phase 1 of Reference Processing: no references
[893.788s][debug][gc,ref         ] GC(138) Skipped phase 3 of Reference Processing: no references
[893.788s][debug][gc,ref         ] GC(138) Skipped phase 4 of Reference Processing: no references
[893.788s][debug][gc,phases      ] GC(138) Reference Processing 0.027ms
[893.789s][debug][gc,phases      ] GC(138) Weak Processing 0.511ms
[893.789s][debug][gc,age         ] GC(138) Desired survivor size 26738688 bytes, new threshold 15 (max threshold 15)
[893.789s][info ][gc,heap        ] GC(138) PSYoungGen: 2039984K(2068992K)->1232K(2066944K) Eden: 2038784K(2038784K)->0K(2038784K) From: 1200K(30208K)->1232K(28160K)
[893.789s][info ][gc,heap        ] GC(138) ParOldGen: 408352K(425472K)->408352K(425472K)
[893.789s][info ][gc,metaspace   ] GC(138) Metaspace: 77731K(78336K)->77731K(78336K) NonClass: 67146K(67456K)->67146K(67456K) Class: 10584K(10880K)->10584K(10880K)
[893.789s][info ][gc             ] GC(138) Pause Young (Allocation Failure) 2390M->399M(2434M) 3.167ms
[893.789s][info ][gc,cpu         ] GC(138) User=0.01s Sys=0.00s Real=0.00s
[893.789s][info ][safepoint      ] Safepoint "ParallelGCFailedAllocation", Time since last: 10197319605 ns, Reaching safepoint: 59201 ns, At safepoint: 3241953 ns, Total: 3301154 ns
[910.034s][info ][gc,start       ] GC(139) Pause Young (Allocation Failure)
[910.037s][debug][gc,phases      ] GC(139) Scavenge 3.072ms
[910.037s][debug][gc,ref         ] GC(139) Skipped phase 1 of Reference Processing: no references
[910.037s][debug][gc,ref         ] GC(139) Skipped phase 3 of Reference Processing: no references
[910.037s][debug][gc,phases      ] GC(139) Reference Processing 0.030ms
[910.037s][debug][gc,phases      ] GC(139) Weak Processing 0.535ms
[910.037s][debug][gc,age         ] GC(139) Desired survivor size 25165824 bytes, new threshold 15 (max threshold 15)
[910.037s][info ][gc,heap        ] GC(139) PSYoungGen: 2040016K(2066944K)->1200K(2072576K) Eden: 2038784K(2038784K)->0K(2046464K) From: 1232K(28160K)->1200K(26112K)
[910.037s][info ][gc,heap        ] GC(139) ParOldGen: 408352K(425472K)->408384K(425472K)
[910.037s][info ][gc,metaspace   ] GC(139) Metaspace: 77751K(78336K)->77751K(78336K) NonClass: 67163K(67456K)->67163K(67456K) Class: 10587K(10880K)->10587K(10880K)
[910.037s][info ][gc             ] GC(139) Pause Young (Allocation Failure) 2390M->399M(2439M) 3.771ms
[910.037s][info ][gc,cpu         ] GC(139) User=0.02s Sys=0.00s Real=0.01s
[910.037s][info ][safepoint      ] Safepoint "ParallelGCFailedAllocation", Time since last: 16244693172 ns, Reaching safepoint: 119302 ns, At safepoint: 3853864 ns, Total: 3973166 ns
[913.038s][info ][safepoint      ] Safepoint "Cleanup", Time since last: 3000201145 ns, Reaching safepoint: 114302 ns, At safepoint: 13000 ns, Total: 127302 ns
[923.039s][info ][safepoint      ] Safepoint "Cleanup", Time since last: 10000706988 ns, Reaching safepoint: 90702 ns, At safepoint: 10300 ns, Total: 101002 ns
[926.087s][info ][gc,start       ] GC(140) Pause Young (Allocation Failure)
[926.090s][debug][gc,phases      ] GC(140) Scavenge 3.085ms
[926.091s][debug][gc,ref         ] GC(140) Skipped phase 1 of Reference Processing: no references
[926.091s][debug][gc,ref         ] GC(140) Skipped phase 3 of Reference Processing: no references
[926.091s][debug][gc,phases      ] GC(140) Reference Processing 0.027ms
[926.091s][debug][gc,phases      ] GC(140) Weak Processing 0.635ms
[926.091s][debug][gc,age         ] GC(140) Desired survivor size 23068672 bytes, new threshold 15 (max threshold 15)
[926.091s][info ][gc,heap        ] GC(140) PSYoungGen: 2047664K(2072576K)->1200K(2071040K) Eden: 2046464K(2046464K)->0K(2046464K) From: 1200K(26112K)->1200K(24576K)
[926.091s][info ][gc,heap        ] GC(140) ParOldGen: 408384K(425472K)->408424K(425472K)
[926.091s][info ][gc,metaspace   ] GC(140) Metaspace: 77756K(78336K)->77756K(78336K) NonClass: 67169K(67456K)->67169K(67456K) Class: 10587K(10880K)->10587K(10880K)
[926.091s][info ][gc             ] GC(140) Pause Young (Allocation Failure) 2398M->400M(2438M) 3.929ms
[926.091s][info ][gc,cpu         ] GC(140) User=0.01s Sys=0.00s Real=0.00s
[926.091s][info ][safepoint      ] Safepoint "ParallelGCFailedAllocation", Time since last: 3048669744 ns, Reaching safepoint: 119202 ns, At safepoint: 4025767 ns, Total: 4144969 ns
[937.092s][info ][safepoint      ] Safepoint "Cleanup", Time since last: 11000706544 ns, Reaching safepoint: 68501 ns, At safepoint: 7600 ns, Total: 76101 ns
[942.084s][info ][gc,start       ] GC(141) Pause Young (Allocation Failure)
[942.087s][debug][gc,phases      ] GC(141) Scavenge 3.316ms
[942.087s][debug][gc,ref         ] GC(141) Skipped phase 1 of Reference Processing: no references
[942.087s][debug][gc,ref         ] GC(141) Skipped phase 3 of Reference Processing: no references
[942.087s][debug][gc,phases      ] GC(141) Reference Processing 0.022ms
[942.088s][debug][gc,phases      ] GC(141) Weak Processing 0.507ms
[942.088s][debug][gc,age         ] GC(141) Desired survivor size 21495808 bytes, new threshold 15 (max threshold 15)
[942.088s][info ][gc,heap        ] GC(141) PSYoungGen: 2047664K(2071040K)->1200K(2076160K) Eden: 2046464K(2046464K)->0K(2053632K) From: 1200K(24576K)->1200K(22528K)
[942.088s][info ][gc,heap        ] GC(141) ParOldGen: 408424K(425472K)->408456K(425472K)
[942.088s][info ][gc,metaspace   ] GC(141) Metaspace: 77766K(78400K)->77766K(78400K) NonClass: 67177K(67520K)->67177K(67520K) Class: 10588K(10880K)->10588K(10880K)
[942.088s][info ][gc             ] GC(141) Pause Young (Allocation Failure) 2398M->400M(2443M) 3.981ms
[942.088s][info ][gc,cpu         ] GC(141) User=0.01s Sys=0.00s Real=0.01s
[942.088s][info ][safepoint      ] Safepoint "ParallelGCFailedAllocation", Time since last: 4991346402 ns, Reaching safepoint: 128802 ns, At safepoint: 4066667 ns, Total: 4195469 ns
[946.088s][info ][safepoint      ] Safepoint "Cleanup", Time since last: 4000311801 ns, Reaching safepoint: 72101 ns, At safepoint: 8501 ns, Total: 80602 ns
[947.088s][info ][safepoint      ] Safepoint "Cleanup", Time since last: 1000129651 ns, Reaching safepoint: 73501 ns, At safepoint: 9500 ns, Total: 83001 ns
[948.089s][info ][safepoint      ] Safepoint "Cleanup", Time since last: 1000110551 ns, Reaching safepoint: 119602 ns, At safepoint: 8600 ns, Total: 128202 ns
[950.089s][info ][safepoint      ] Safepoint "Cleanup", Time since last: 2000179902 ns, Reaching safepoint: 54701 ns, At safepoint: 5900 ns, Total: 60601 ns
[952.089s][info ][safepoint      ] Safepoint "Cleanup", Time since last: 2000181902 ns, Reaching safepoint: 56601 ns, At safepoint: 11300 ns, Total: 67901 ns
[953.089s][info ][safepoint      ] Safepoint "Cleanup", Time since last: 1000127252 ns, Reaching safepoint: 129102 ns, At safepoint: 10800 ns, Total: 139902 ns
[954.089s][info ][safepoint      ] Safepoint "Cleanup", Time since last: 1000118852 ns, Reaching safepoint: 93101 ns, At safepoint: 8800 ns, Total: 101901 ns
[956.090s][info ][safepoint      ] Safepoint "Cleanup", Time since last: 2000159002 ns, Reaching safepoint: 46801 ns, At safepoint: 2700 ns, Total: 49501 ns
[957.090s][info ][safepoint      ] Safepoint "Cleanup", Time since last: 1000107652 ns, Reaching safepoint: 47800 ns, At safepoint: 4000 ns, Total: 51800 ns
[958.040s][info ][gc,start       ] GC(142) Pause Young (Allocation Failure)
[958.042s][debug][gc,phases      ] GC(142) Scavenge 2.508ms
[958.042s][debug][gc,ref         ] GC(142) Skipped phase 1 of Reference Processing: no references
[958.042s][debug][gc,ref         ] GC(142) Skipped phase 3 of Reference Processing: no references
[958.042s][debug][gc,phases      ] GC(142) Reference Processing 0.040ms
[958.043s][debug][gc,phases      ] GC(142) Weak Processing 0.477ms
[958.043s][debug][gc,age         ] GC(142) Desired survivor size 19922944 bytes, new threshold 15 (max threshold 15)
[958.043s][info ][gc,heap        ] GC(142) PSYoungGen: 2054832K(2076160K)->1200K(2074624K) Eden: 2053632K(2053632K)->0K(2053632K) From: 1200K(22528K)->1200K(20992K)
[958.043s][info ][gc,heap        ] GC(142) ParOldGen: 408456K(425472K)->408488K(425472K)
[958.043s][info ][gc,metaspace   ] GC(142) Metaspace: 77787K(78400K)->77787K(78400K) NonClass: 67193K(67520K)->67193K(67520K) Class: 10594K(10880K)->10594K(10880K)
[958.043s][info ][gc             ] GC(142) Pause Young (Allocation Failure) 2405M->400M(2441M) 3.165ms
[958.043s][info ][gc,cpu         ] GC(142) User=0.01s Sys=0.00s Real=0.00s
[958.043s][info ][safepoint      ] Safepoint "ParallelGCFailedAllocation", Time since last: 949707823 ns, Reaching safepoint: 118902 ns, At safepoint: 3246153 ns, Total: 3365055 ns
[959.043s][info ][safepoint      ] Safepoint "Cleanup", Time since last: 1000086952 ns, Reaching safepoint: 43500 ns, At safepoint: 3200 ns, Total: 46700 ns
[961.043s][info ][safepoint      ] Safepoint "Cleanup", Time since last: 2000168503 ns, Reaching safepoint: 52301 ns, At safepoint: 7200 ns, Total: 59501 ns
[964.044s][info ][safepoint      ] Safepoint "Cleanup", Time since last: 3000306255 ns, Reaching safepoint: 52801 ns, At safepoint: 4300 ns, Total: 57101 ns
[973.978s][info ][gc,start       ] GC(143) Pause Young (Allocation Failure)
[973.981s][debug][gc,phases      ] GC(143) Scavenge 3.465ms
[973.981s][debug][gc,ref         ] GC(143) Skipped phase 1 of Reference Processing: no references
[973.981s][debug][gc,ref         ] GC(143) Skipped phase 3 of Reference Processing: no references
[973.981s][debug][gc,phases      ] GC(143) Reference Processing 0.022ms
[973.982s][debug][gc,phases      ] GC(143) Weak Processing 0.561ms
[973.982s][debug][gc,age         ] GC(143) Desired survivor size 18874368 bytes, new threshold 15 (max threshold 15)
[973.982s][info ][gc,heap        ] GC(143) PSYoungGen: 2054832K(2074624K)->1200K(2078720K) Eden: 2053632K(2053632K)->0K(2059264K) From: 1200K(20992K)->1200K(19456K)
[973.982s][info ][gc,heap        ] GC(143) ParOldGen: 408488K(425472K)->408536K(425472K)
[973.982s][info ][gc,metaspace   ] GC(143) Metaspace: 77797K(78400K)->77797K(78400K) NonClass: 67202K(67520K)->67202K(67520K) Class: 10594K(10880K)->10594K(10880K)
[973.982s][info ][gc             ] GC(143) Pause Young (Allocation Failure) 2405M->400M(2445M) 4.192ms
[973.982s][info ][gc,cpu         ] GC(143) User=0.01s Sys=0.00s Real=0.00s
[973.982s][info ][safepoint      ] Safepoint "ParallelGCFailedAllocation", Time since last: 9933778214 ns, Reaching safepoint: 62001 ns, At safepoint: 4284771 ns, Total: 4346772 ns
[980.982s][info ][safepoint      ] Safepoint "Cleanup", Time since last: 7000522064 ns, Reaching safepoint: 51201 ns, At safepoint: 7800 ns, Total: 59001 ns
[982.983s][info ][safepoint      ] Safepoint "Cleanup", Time since last: 2000184805 ns, Reaching safepoint: 106102 ns, At safepoint: 16700 ns, Total: 122802 ns
[987.983s][info ][safepoint      ] Safepoint "Cleanup", Time since last: 5000381163 ns, Reaching safepoint: 147202 ns, At safepoint: 8300 ns, Total: 155502 ns
[990.137s][info ][gc,start       ] GC(144) Pause Young (Allocation Failure)
[990.139s][debug][gc,phases      ] GC(144) Scavenge 2.695ms
[990.139s][debug][gc,ref         ] GC(144) Skipped phase 1 of Reference Processing: no references
[990.139s][debug][gc,ref         ] GC(144) Skipped phase 3 of Reference Processing: no references
[990.139s][debug][gc,ref         ] GC(144) Skipped phase 4 of Reference Processing: no references
[990.139s][debug][gc,phases      ] GC(144) Reference Processing 0.021ms
[990.140s][debug][gc,phases      ] GC(144) Weak Processing 0.538ms
[990.140s][debug][gc,age         ] GC(144) Desired survivor size 17301504 bytes, new threshold 15 (max threshold 15)
[990.140s][info ][gc,heap        ] GC(144) PSYoungGen: 2060464K(2078720K)->1264K(2077696K) Eden: 2059264K(2059264K)->0K(2059264K) From: 1200K(19456K)->1264K(18432K)
[990.140s][info ][gc,heap        ] GC(144) ParOldGen: 408536K(425472K)->408560K(425472K)
[990.140s][info ][gc,metaspace   ] GC(144) Metaspace: 77798K(78400K)->77798K(78400K) NonClass: 67203K(67520K)->67203K(67520K) Class: 10594K(10880K)->10594K(10880K)
[990.140s][info ][gc             ] GC(144) Pause Young (Allocation Failure) 2411M->400M(2444M) 3.401ms
[990.140s][info ][gc,cpu         ] GC(144) User=0.01s Sys=0.00s Real=0.00s
[990.140s][info ][safepoint      ] Safepoint "ParallelGCFailedAllocation", Time since last: 2153354526 ns, Reaching safepoint: 45201 ns, At safepoint: 3475557 ns, Total: 3520758 ns
[996.141s][info ][safepoint      ] Safepoint "Cleanup", Time since last: 6000405716 ns, Reaching safepoint: 129602 ns, At safepoint: 9700 ns, Total: 139302 ns
[1006.283s][info ][gc,start       ] GC(145) Pause Young (Allocation Failure)
[1006.287s][debug][gc,phases      ] GC(145) Scavenge 3.212ms
[1006.287s][debug][gc,ref         ] GC(145) Skipped phase 1 of Reference Processing: no references
[1006.287s][debug][gc,ref         ] GC(145) Skipped phase 3 of Reference Processing: no references
[1006.287s][debug][gc,ref         ] GC(145) Skipped phase 4 of Reference Processing: no references
[1006.287s][debug][gc,phases      ] GC(145) Reference Processing 0.023ms
[1006.287s][debug][gc,phases      ] GC(145) Weak Processing 0.486ms
[1006.287s][debug][gc,age         ] GC(145) Desired survivor size 16252928 bytes, new threshold 15 (max threshold 15)
[1006.287s][info ][gc,heap        ] GC(145) PSYoungGen: 2060528K(2077696K)->1136K(2081280K) Eden: 2059264K(2059264K)->0K(2064384K) From: 1264K(18432K)->1136K(16896K)
[1006.287s][info ][gc,heap        ] GC(145) ParOldGen: 408560K(425472K)->408584K(425472K)
[1006.287s][info ][gc,metaspace   ] GC(145) Metaspace: 77798K(78400K)->77798K(78400K) NonClass: 67204K(67520K)->67204K(67520K) Class: 10594K(10880K)->10594K(10880K)
[1006.287s][info ][gc             ] GC(145) Pause Young (Allocation Failure) 2411M->400M(2448M) 3.853ms
[1006.287s][info ][gc,cpu         ] GC(145) User=0.01s Sys=0.00s Real=0.01s
[1006.287s][info ][safepoint      ] Safepoint "ParallelGCFailedAllocation", Time since last: 10142704668 ns, Reaching safepoint: 137902 ns, At safepoint: 3939365 ns, Total: 4077267 ns
[1013.288s][info ][safepoint      ] Safepoint "Cleanup", Time since last: 7000535375 ns, Reaching safepoint: 86801 ns, At safepoint: 15301 ns, Total: 102102 ns
[1022.484s][info ][gc,start       ] GC(146) Pause Young (Allocation Failure)
[1022.487s][debug][gc,phases      ] GC(146) Scavenge 3.090ms
[1022.487s][debug][gc,ref         ] GC(146) Skipped phase 1 of Reference Processing: no references
[1022.487s][debug][gc,ref         ] GC(146) Skipped phase 3 of Reference Processing: no references
[1022.487s][debug][gc,ref         ] GC(146) Skipped phase 4 of Reference Processing: no references
[1022.487s][debug][gc,phases      ] GC(146) Reference Processing 0.023ms
[1022.488s][debug][gc,phases      ] GC(146) Weak Processing 0.614ms
[1022.488s][debug][gc,age         ] GC(146) Desired survivor size 15204352 bytes, new threshold 15 (max threshold 15)
[1022.488s][info ][gc,heap        ] GC(146) PSYoungGen: 2065520K(2081280K)->1136K(2080256K) Eden: 2064384K(2064384K)->0K(2064384K) From: 1136K(16896K)->1136K(15872K)
[1022.488s][info ][gc,heap        ] GC(146) ParOldGen: 408584K(425472K)->408592K(425472K)
[1022.488s][info ][gc,metaspace   ] GC(146) Metaspace: 77801K(78400K)->77801K(78400K) NonClass: 67207K(67520K)->67207K(67520K) Class: 10594K(10880K)->10594K(10880K)
[1022.488s][info ][gc             ] GC(146) Pause Young (Allocation Failure) 2416M->400M(2447M) 3.862ms
[1022.488s][info ][gc,cpu         ] GC(146) User=0.01s Sys=0.00s Real=0.00s
[1022.488s][info ][safepoint      ] Safepoint "ParallelGCFailedAllocation", Time since last: 9196034100 ns, Reaching safepoint: 89601 ns, At safepoint: 3977766 ns, Total: 4067367 ns
[1032.489s][info ][safepoint      ] Safepoint "Cleanup", Time since last: 10000730343 ns, Reaching safepoint: 54201 ns, At safepoint: 11001 ns, Total: 65202 ns
[1034.323s][info ][safepoint      ] Safepoint "Cleanup", Time since last: 1834365981 ns, Reaching safepoint: 44201 ns, At safepoint: 5500 ns, Total: 49701 ns
[1038.633s][info ][gc,start       ] GC(147) Pause Young (Allocation Failure)
[1038.637s][debug][gc,phases      ] GC(147) Scavenge 3.259ms
[1038.637s][debug][gc,ref         ] GC(147) Skipped phase 1 of Reference Processing: no references
[1038.637s][debug][gc,ref         ] GC(147) Skipped phase 3 of Reference Processing: no references
[1038.637s][debug][gc,ref         ] GC(147) Skipped phase 4 of Reference Processing: no references
[1038.637s][debug][gc,phases      ] GC(147) Reference Processing 0.021ms
[1038.637s][debug][gc,phases      ] GC(147) Weak Processing 0.494ms
[1038.637s][debug][gc,age         ] GC(147) Desired survivor size 14155776 bytes, new threshold 15 (max threshold 15)
[1038.637s][info ][gc,heap        ] GC(147) PSYoungGen: 2065520K(2080256K)->1168K(2083328K) Eden: 2064384K(2064384K)->0K(2068480K) From: 1136K(15872K)->1168K(14848K)
[1038.637s][info ][gc,heap        ] GC(147) ParOldGen: 408592K(425472K)->408592K(425472K)
[1038.637s][info ][gc,metaspace   ] GC(147) Metaspace: 77813K(78400K)->77813K(78400K) NonClass: 67218K(67520K)->67218K(67520K) Class: 10594K(10880K)->10594K(10880K)
[1038.637s][info ][gc             ] GC(147) Pause Young (Allocation Failure) 2416M->400M(2450M) 3.915ms
[1038.637s][info ][gc,cpu         ] GC(147) User=0.02s Sys=0.00s Real=0.01s
[1038.637s][info ][safepoint      ] Safepoint "ParallelGCFailedAllocation", Time since last: 4309954514 ns, Reaching safepoint: 48001 ns, At safepoint: 4001566 ns, Total: 4049567 ns
[1045.638s][info ][safepoint      ] Safepoint "Cleanup", Time since last: 7000503885 ns, Reaching safepoint: 112202 ns, At safepoint: 9600 ns, Total: 121802 ns
[1047.638s][info ][safepoint      ] Safepoint "Cleanup", Time since last: 2000178511 ns, Reaching safepoint: 145102 ns, At safepoint: 11901 ns, Total: 157003 ns
[1052.639s][info ][safepoint      ] Safepoint "Cleanup", Time since last: 5000375877 ns, Reaching safepoint: 123002 ns, At safepoint: 9900 ns, Total: 132902 ns
[1053.639s][info ][safepoint      ] Safepoint "Cleanup", Time since last: 1000121556 ns, Reaching safepoint: 119202 ns, At safepoint: 9800 ns, Total: 129002 ns
[1054.488s][info ][gc,start       ] GC(148) Pause Young (Allocation Failure)
[1054.490s][debug][gc,phases      ] GC(148) Scavenge 2.813ms
[1054.491s][debug][gc,ref         ] GC(148) Skipped phase 1 of Reference Processing: no references
[1054.491s][debug][gc,ref         ] GC(148) Skipped phase 3 of Reference Processing: no references
[1054.491s][debug][gc,ref         ] GC(148) Skipped phase 4 of Reference Processing: no references
[1054.491s][debug][gc,phases      ] GC(148) Reference Processing 0.036ms
[1054.491s][debug][gc,phases      ] GC(148) Weak Processing 0.658ms
[1054.491s][debug][gc,age         ] GC(148) Desired survivor size 13107200 bytes, new threshold 15 (max threshold 15)
[1054.491s][info ][gc,heap        ] GC(148) PSYoungGen: 2069648K(2083328K)->1072K(2082304K) Eden: 2068480K(2068480K)->0K(2068480K) From: 1168K(14848K)->1072K(13824K)
[1054.491s][info ][gc,heap        ] GC(148) ParOldGen: 408592K(425472K)->408696K(425472K)
[1054.491s][info ][gc,metaspace   ] GC(148) Metaspace: 77824K(78400K)->77824K(78400K) NonClass: 67229K(67520K)->67229K(67520K) Class: 10594K(10880K)->10594K(10880K)
[1054.491s][info ][gc             ] GC(148) Pause Young (Allocation Failure) 2420M->400M(2449M) 3.660ms
[1054.491s][info ][gc,cpu         ] GC(148) User=0.01s Sys=0.00s Real=0.00s
[1054.491s][info ][safepoint      ] Safepoint "ParallelGCFailedAllocation", Time since last: 848457461 ns, Reaching safepoint: 38701 ns, At safepoint: 3755162 ns, Total: 3793863 ns
[1068.492s][info ][safepoint      ] Safepoint "Cleanup", Time since last: 14000914480 ns, Reaching safepoint: 52101 ns, At safepoint: 6500 ns, Total: 58601 ns
[1070.534s][info ][gc,start       ] GC(149) Pause Young (Allocation Failure)
[1070.537s][debug][gc,phases      ] GC(149) Scavenge 3.012ms
[1070.537s][debug][gc,ref         ] GC(149) Skipped phase 1 of Reference Processing: no references
[1070.537s][debug][gc,ref         ] GC(149) Skipped phase 3 of Reference Processing: no references
[1070.537s][debug][gc,ref         ] GC(149) Skipped phase 4 of Reference Processing: no references
[1070.537s][debug][gc,phases      ] GC(149) Reference Processing 0.022ms
[1070.537s][debug][gc,phases      ] GC(149) Weak Processing 0.538ms
[1070.537s][debug][gc,age         ] GC(149) Desired survivor size 12058624 bytes, new threshold 15 (max threshold 15)
[1070.537s][info ][gc,heap        ] GC(149) PSYoungGen: 2069552K(2082304K)->1040K(2085376K) Eden: 2068480K(2068480K)->0K(2072576K) From: 1072K(13824K)->1040K(12800K)
[1070.537s][info ][gc,heap        ] GC(149) ParOldGen: 408696K(425472K)->408712K(425472K)
[1070.537s][info ][gc,metaspace   ] GC(149) Metaspace: 77826K(78400K)->77826K(78400K) NonClass: 67231K(67520K)->67231K(67520K) Class: 10594K(10880K)->10594K(10880K)
[1070.537s][info ][gc             ] GC(149) Pause Young (Allocation Failure) 2420M->400M(2452M) 3.721ms
[1070.537s][info ][gc,cpu         ] GC(149) User=0.02s Sys=0.00s Real=0.01s
[1070.537s][info ][safepoint      ] Safepoint "ParallelGCFailedAllocation", Time since last: 2041224488 ns, Reaching safepoint: 51401 ns, At safepoint: 3808563 ns, Total: 3859964 ns
[1073.538s][info ][safepoint      ] Safepoint "Cleanup", Time since last: 3000223269 ns, Reaching safepoint: 118802 ns, At safepoint: 11900 ns, Total: 130702 ns
[1074.538s][info ][safepoint      ] Safepoint "Cleanup", Time since last: 1000114157 ns, Reaching safepoint: 40101 ns, At safepoint: 7100 ns, Total: 47201 ns
[1086.534s][info ][gc,start       ] GC(150) Pause Young (Allocation Failure)
[1086.537s][debug][gc,phases      ] GC(150) Scavenge 2.774ms
[1086.537s][debug][gc,ref         ] GC(150) Skipped phase 1 of Reference Processing: no references
[1086.537s][debug][gc,ref         ] GC(150) Skipped phase 3 of Reference Processing: no references
[1086.537s][debug][gc,ref         ] GC(150) Skipped phase 4 of Reference Processing: no references
[1086.537s][debug][gc,phases      ] GC(150) Reference Processing 0.022ms
[1086.537s][debug][gc,phases      ] GC(150) Weak Processing 0.516ms
[1086.537s][debug][gc,age         ] GC(150) Desired survivor size 11534336 bytes, new threshold 15 (max threshold 15)
[1086.537s][info ][gc,heap        ] GC(150) PSYoungGen: 2073616K(2085376K)->1072K(2084352K) Eden: 2072576K(2072576K)->0K(2072576K) From: 1040K(12800K)->1072K(11776K)
[1086.537s][info ][gc,heap        ] GC(150) ParOldGen: 408712K(425472K)->408744K(425472K)
[1086.537s][info ][gc,metaspace   ] GC(150) Metaspace: 77826K(78400K)->77826K(78400K) NonClass: 67231K(67520K)->67231K(67520K) Class: 10594K(10880K)->10594K(10880K)
[1086.537s][info ][gc             ] GC(150) Pause Young (Allocation Failure) 2424M->400M(2451M) 3.441ms
[1086.537s][info ][gc,cpu         ] GC(150) User=0.01s Sys=0.00s Real=0.01s
[1086.537s][info ][safepoint      ] Safepoint "ParallelGCFailedAllocation", Time since last: 11995672494 ns, Reaching safepoint: 128302 ns, At safepoint: 3524558 ns, Total: 3652860 ns
[1095.538s][info ][safepoint      ] Safepoint "Cleanup", Time since last: 9000654614 ns, Reaching safepoint: 114302 ns, At safepoint: 10500 ns, Total: 124802 ns
[1100.539s][info ][safepoint      ] Safepoint "Cleanup", Time since last: 5000415888 ns, Reaching safepoint: 123702 ns, At safepoint: 14700 ns, Total: 138402 ns
[1101.539s][info ][safepoint      ] Safepoint "Cleanup", Time since last: 1000131459 ns, Reaching safepoint: 131702 ns, At safepoint: 7500 ns, Total: 139202 ns
[1102.652s][info ][gc,start       ] GC(151) Pause Young (Allocation Failure)
[1102.655s][debug][gc,phases      ] GC(151) Scavenge 2.281ms
[1102.655s][debug][gc,ref         ] GC(151) Skipped phase 1 of Reference Processing: no references
[1102.655s][debug][gc,ref         ] GC(151) Skipped phase 3 of Reference Processing: no references
[1102.655s][debug][gc,ref         ] GC(151) Skipped phase 4 of Reference Processing: no references
[1102.655s][debug][gc,phases      ] GC(151) Reference Processing 0.048ms
[1102.655s][debug][gc,phases      ] GC(151) Weak Processing 0.507ms
[1102.655s][debug][gc,age         ] GC(151) Desired survivor size 10485760 bytes, new threshold 15 (max threshold 15)
[1102.655s][info ][gc,heap        ] GC(151) PSYoungGen: 2073648K(2084352K)->1104K(2086912K) Eden: 2072576K(2072576K)->0K(2075648K) From: 1072K(11776K)->1104K(11264K)
[1102.655s][info ][gc,heap        ] GC(151) ParOldGen: 408744K(425472K)->408784K(425472K)
[1102.655s][info ][gc,metaspace   ] GC(151) Metaspace: 77830K(78464K)->77830K(78464K) NonClass: 67235K(67584K)->67235K(67584K) Class: 10594K(10880K)->10594K(10880K)
[1102.655s][info ][gc             ] GC(151) Pause Young (Allocation Failure) 2424M->400M(2453M) 2.968ms
[1102.655s][info ][gc,cpu         ] GC(151) User=0.01s Sys=0.00s Real=0.00s
[1102.655s][info ][safepoint      ] Safepoint "ParallelGCFailedAllocation", Time since last: 1113350022 ns, Reaching safepoint: 144202 ns, At safepoint: 3066250 ns, Total: 3210452 ns
[1103.656s][info ][safepoint      ] Safepoint "Cleanup", Time since last: 1000090158 ns, Reaching safepoint: 48601 ns, At safepoint: 6800 ns, Total: 55401 ns
[1110.656s][info ][safepoint      ] Safepoint "Cleanup", Time since last: 7000456303 ns, Reaching safepoint: 100402 ns, At safepoint: 4000 ns, Total: 104402 ns
[1114.765s][info ][safepoint      ] Safepoint "Cleanup", Time since last: 4108999421 ns, Reaching safepoint: 42301 ns, At safepoint: 8600 ns, Total: 50901 ns
[1118.765s][info ][safepoint      ] Safepoint "Cleanup", Time since last: 4000281732 ns, Reaching safepoint: 51901 ns, At safepoint: 8100 ns, Total: 60001 ns
[1118.988s][info ][gc,start       ] GC(152) Pause Young (Allocation Failure)
[1118.991s][debug][gc,phases      ] GC(152) Scavenge 2.331ms
[1118.991s][debug][gc,ref         ] GC(152) Skipped phase 1 of Reference Processing: no references
[1118.991s][debug][gc,ref         ] GC(152) Skipped phase 3 of Reference Processing: no references
[1118.991s][debug][gc,ref         ] GC(152) Skipped phase 4 of Reference Processing: no references
[1118.991s][debug][gc,phases      ] GC(152) Reference Processing 0.037ms
[1118.991s][debug][gc,phases      ] GC(152) Weak Processing 0.551ms
[1118.991s][debug][gc,age         ] GC(152) Desired survivor size 9961472 bytes, new threshold 15 (max threshold 15)
[1118.991s][info ][gc,heap        ] GC(152) PSYoungGen: 2076752K(2086912K)->656K(2085888K) Eden: 2075648K(2075648K)->0K(2075648K) From: 1104K(11264K)->656K(10240K)
[1118.991s][info ][gc,heap        ] GC(152) ParOldGen: 408784K(425472K)->409196K(425472K)
[1118.992s][info ][gc,metaspace   ] GC(152) Metaspace: 77838K(78464K)->77838K(78464K) NonClass: 67243K(67584K)->67243K(67584K) Class: 10594K(10880K)->10594K(10880K)
[1118.992s][info ][gc             ] GC(152) Pause Young (Allocation Failure) 2427M->400M(2452M) 3.054ms
[1118.992s][info ][gc,cpu         ] GC(152) User=0.01s Sys=0.00s Real=0.00s
[1118.992s][info ][safepoint      ] Safepoint "ParallelGCFailedAllocation", Time since last: 222908168 ns, Reaching safepoint: 33301 ns, At safepoint: 3132551 ns, Total: 3165852 ns
[1126.992s][info ][safepoint      ] Safepoint "Cleanup", Time since last: 8000562767 ns, Reaching safepoint: 60001 ns, At safepoint: 5500 ns, Total: 65501 ns
[1128.778s][info ][safepoint      ] Safepoint "Cleanup", Time since last: 1785894791 ns, Reaching safepoint: 154802 ns, At safepoint: 12300 ns, Total: 167102 ns
[1129.778s][info ][safepoint      ] Safepoint "Cleanup", Time since last: 1000118060 ns, Reaching safepoint: 55401 ns, At safepoint: 3700 ns, Total: 59101 ns
[1130.779s][info ][safepoint      ] Safepoint "Cleanup", Time since last: 1000114159 ns, Reaching safepoint: 51001 ns, At safepoint: 7800 ns, Total: 58801 ns
[1135.288s][info ][gc,start       ] GC(153) Pause Young (Allocation Failure)
[1135.290s][debug][gc,phases      ] GC(153) Scavenge 2.742ms
[1135.290s][debug][gc,ref         ] GC(153) Skipped phase 1 of Reference Processing: no references
[1135.291s][debug][gc,ref         ] GC(153) Skipped phase 3 of Reference Processing: no references
[1135.291s][debug][gc,phases      ] GC(153) Reference Processing 0.040ms
[1135.291s][debug][gc,phases      ] GC(153) Weak Processing 0.501ms
[1135.291s][debug][gc,age         ] GC(153) Desired survivor size 9437184 bytes, new threshold 15 (max threshold 15)
[1135.291s][info ][gc,heap        ] GC(153) PSYoungGen: 2076304K(2085888K)->720K(2087936K) Eden: 2075648K(2075648K)->0K(2078208K) From: 656K(10240K)->720K(9728K)
[1135.291s][info ][gc,heap        ] GC(153) ParOldGen: 409196K(425472K)->409204K(425472K)
[1135.291s][info ][gc,metaspace   ] GC(153) Metaspace: 77854K(78464K)->77854K(78464K) NonClass: 67256K(67584K)->67256K(67584K) Class: 10598K(10880K)->10598K(10880K)
[1135.291s][info ][gc             ] GC(153) Pause Young (Allocation Failure) 2427M->400M(2454M) 3.410ms
[1135.291s][info ][gc,cpu         ] GC(153) User=0.01s Sys=0.00s Real=0.00s
[1135.291s][info ][safepoint      ] Safepoint "ParallelGCFailedAllocation", Time since last: 4509004307 ns, Reaching safepoint: 28600 ns, At safepoint: 3484458 ns, Total: 3513058 ns
[1138.291s][info ][safepoint      ] Safepoint "Cleanup", Time since last: 3000235877 ns, Reaching safepoint: 75901 ns, At safepoint: 10800 ns, Total: 86701 ns
[1150.292s][info ][safepoint      ] Safepoint "Cleanup", Time since last: 12000793808 ns, Reaching safepoint: 47401 ns, At safepoint: 5300 ns, Total: 52701 ns
[1151.766s][info ][gc,start       ] GC(154) Pause Young (Allocation Failure)
[1151.768s][debug][gc,phases      ] GC(154) Scavenge 2.208ms
[1151.768s][debug][gc,ref         ] GC(154) Skipped phase 1 of Reference Processing: no references
[1151.768s][debug][gc,ref         ] GC(154) Skipped phase 3 of Reference Processing: no references
[1151.768s][debug][gc,ref         ] GC(154) Skipped phase 4 of Reference Processing: no references
[1151.768s][debug][gc,phases      ] GC(154) Reference Processing 0.022ms
[1151.769s][debug][gc,phases      ] GC(154) Weak Processing 0.489ms
[1151.769s][debug][gc,age         ] GC(154) Desired survivor size 8388608 bytes, new threshold 15 (max threshold 15)
[1151.769s][info ][gc,heap        ] GC(154) PSYoungGen: 2078928K(2087936K)->784K(2087424K) Eden: 2078208K(2078208K)->0K(2078208K) From: 720K(9728K)->784K(9216K)
[1151.769s][info ][gc,heap        ] GC(154) ParOldGen: 409204K(425472K)->409236K(425472K)
[1151.769s][info ][gc,metaspace   ] GC(154) Metaspace: 77859K(78464K)->77859K(78464K) NonClass: 67260K(67584K)->67260K(67584K) Class: 10598K(10880K)->10598K(10880K)
[1151.769s][info ][gc             ] GC(154) Pause Young (Allocation Failure) 2429M->400M(2454M) 2.851ms
[1151.769s][info ][gc,cpu         ] GC(154) User=0.01s Sys=0.00s Real=0.00s
[1151.769s][info ][safepoint      ] Safepoint "ParallelGCFailedAllocation", Time since last: 1473528851 ns, Reaching safepoint: 105802 ns, At safepoint: 2928048 ns, Total: 3033850 ns
[1152.769s][info ][safepoint      ] Safepoint "Cleanup", Time since last: 1000082860 ns, Reaching safepoint: 47501 ns, At safepoint: 8200 ns, Total: 55701 ns
[1156.769s][info ][safepoint      ] Safepoint "Cleanup", Time since last: 4000294138 ns, Reaching safepoint: 46001 ns, At safepoint: 4800 ns, Total: 50801 ns
[1161.770s][info ][safepoint      ] Safepoint "Cleanup", Time since last: 5000363998 ns, Reaching safepoint: 53101 ns, At safepoint: 2700 ns, Total: 55801 ns
[1163.770s][info ][safepoint      ] Safepoint "Cleanup", Time since last: 2000176520 ns, Reaching safepoint: 53001 ns, At safepoint: 5500 ns, Total: 58501 ns
[1164.770s][info ][safepoint      ] Safepoint "Cleanup", Time since last: 1000106460 ns, Reaching safepoint: 43201 ns, At safepoint: 3200 ns, Total: 46401 ns
[1169.771s][info ][safepoint      ] Safepoint "Cleanup", Time since last: 5000337799 ns, Reaching safepoint: 80301 ns, At safepoint: 13101 ns, Total: 93402 ns
[1170.687s][info ][gc,start       ] GC(155) Pause Young (Allocation Failure)
[1170.690s][debug][gc,phases      ] GC(155) Scavenge 3.018ms
[1170.690s][debug][gc,ref         ] GC(155) Skipped phase 1 of Reference Processing: no references
[1170.690s][debug][gc,ref         ] GC(155) Skipped phase 3 of Reference Processing: no references
[1170.690s][debug][gc,phases      ] GC(155) Reference Processing 0.039ms
[1170.691s][debug][gc,phases      ] GC(155) Weak Processing 0.499ms
[1170.691s][debug][gc,age         ] GC(155) Desired survivor size 7864320 bytes, new threshold 15 (max threshold 15)
[1170.691s][info ][gc,heap        ] GC(155) PSYoungGen: 2078992K(2087424K)->1216K(2089472K) Eden: 2078208K(2078208K)->0K(2081280K) From: 784K(9216K)->1216K(8192K)
[1170.691s][info ][gc,heap        ] GC(155) ParOldGen: 409236K(425472K)->409268K(425472K)
[1170.691s][info ][gc,metaspace   ] GC(155) Metaspace: 77872K(78464K)->77872K(78464K) NonClass: 67270K(67584K)->67270K(67584K) Class: 10601K(10880K)->10601K(10880K)
[1170.691s][info ][gc             ] GC(155) Pause Young (Allocation Failure) 2429M->400M(2456M) 3.695ms
[1170.691s][info ][gc,cpu         ] GC(155) User=0.01s Sys=0.00s Real=0.00s
[1170.691s][info ][safepoint      ] Safepoint "ParallelGCFailedAllocation", Time since last: 916276080 ns, Reaching safepoint: 49501 ns, At safepoint: 3783663 ns, Total: 3833164 ns
[1172.691s][info ][safepoint      ] Safepoint "Cleanup", Time since last: 2000150020 ns, Reaching safepoint: 46801 ns, At safepoint: 8900 ns, Total: 55701 ns
[1173.691s][info ][safepoint      ] Safepoint "Cleanup", Time since last: 1000114160 ns, Reaching safepoint: 58101 ns, At safepoint: 4800 ns, Total: 62901 ns
[1174.691s][info ][safepoint      ] Safepoint "Cleanup", Time since last: 1000107261 ns, Reaching safepoint: 48001 ns, At safepoint: 5700 ns, Total: 53701 ns
[1175.691s][info ][safepoint      ] Safepoint "Cleanup", Time since last: 1000100361 ns, Reaching safepoint: 59501 ns, At safepoint: 8200 ns, Total: 67701 ns
[1176.692s][info ][safepoint      ] Safepoint "Cleanup", Time since last: 1000107161 ns, Reaching safepoint: 70501 ns, At safepoint: 9600 ns, Total: 80101 ns
[1177.692s][info ][safepoint      ] Safepoint "Cleanup", Time since last: 1000112561 ns, Reaching safepoint: 59001 ns, At safepoint: 10300 ns, Total: 69301 ns
[1178.692s][info ][safepoint      ] Safepoint "Cleanup", Time since last: 1000125061 ns, Reaching safepoint: 132502 ns, At safepoint: 10901 ns, Total: 143403 ns
[1179.692s][info ][safepoint      ] Safepoint "Cleanup", Time since last: 1000113661 ns, Reaching safepoint: 52200 ns, At safepoint: 4100 ns, Total: 56300 ns
[1180.692s][info ][safepoint      ] Safepoint "Cleanup", Time since last: 1000107161 ns, Reaching safepoint: 48701 ns, At safepoint: 5500 ns, Total: 54201 ns
[1181.693s][info ][safepoint      ] Safepoint "Cleanup", Time since last: 1000116561 ns, Reaching safepoint: 55001 ns, At safepoint: 4000 ns, Total: 59001 ns
[1182.693s][info ][safepoint      ] Safepoint "Cleanup", Time since last: 1000121362 ns, Reaching safepoint: 116001 ns, At safepoint: 10201 ns, Total: 126202 ns
[1183.693s][info ][safepoint      ] Safepoint "Cleanup", Time since last: 1000093460 ns, Reaching safepoint: 127803 ns, At safepoint: 11000 ns, Total: 138803 ns
[1184.693s][info ][safepoint      ] Safepoint "Cleanup", Time since last: 1000112661 ns, Reaching safepoint: 47601 ns, At safepoint: 7900 ns, Total: 55501 ns
[1186.693s][info ][safepoint      ] Safepoint "Cleanup", Time since last: 2000125521 ns, Reaching safepoint: 62001 ns, At safepoint: 6800 ns, Total: 68801 ns
[1188.983s][info ][gc,start       ] GC(156) Pause Young (Allocation Failure)
[1188.986s][debug][gc,phases      ] GC(156) Scavenge 3.122ms
[1188.986s][debug][gc,ref         ] GC(156) Skipped phase 1 of Reference Processing: no references
[1188.986s][debug][gc,ref         ] GC(156) Skipped phase 3 of Reference Processing: no references
[1188.987s][debug][gc,phases      ] GC(156) Reference Processing 0.021ms
[1188.987s][debug][gc,phases      ] GC(156) Weak Processing 0.552ms
[1188.987s][debug][gc,age         ] GC(156) Desired survivor size 7340032 bytes, new threshold 15 (max threshold 15)
[1188.987s][info ][gc,heap        ] GC(156) PSYoungGen: 2082496K(2089472K)->1136K(2088960K) Eden: 2081280K(2081280K)->0K(2081280K) From: 1216K(8192K)->1136K(7680K)
[1188.987s][info ][gc,heap        ] GC(156) ParOldGen: 409268K(425472K)->409300K(425472K)
[1188.987s][info ][gc,metaspace   ] GC(156) Metaspace: 77928K(78592K)->77928K(78592K) NonClass: 67323K(67648K)->67323K(67648K) Class: 10604K(10944K)->10604K(10944K)
[1188.987s][info ][gc             ] GC(156) Pause Young (Allocation Failure) 2433M->400M(2455M) 3.851ms
[1188.987s][info ][gc,cpu         ] GC(156) User=0.01s Sys=0.00s Real=0.01s
[1188.987s][info ][safepoint      ] Safepoint "ParallelGCFailedAllocation", Time since last: 2289817189 ns, Reaching safepoint: 46701 ns, At safepoint: 3929564 ns, Total: 3976265 ns
[1189.987s][info ][safepoint      ] Safepoint "Cleanup", Time since last: 1000085561 ns, Reaching safepoint: 48801 ns, At safepoint: 9700 ns, Total: 58501 ns
[1190.988s][info ][safepoint      ] Safepoint "Cleanup", Time since last: 1000118361 ns, Reaching safepoint: 120102 ns, At safepoint: 11601 ns, Total: 131703 ns
[1192.988s][info ][safepoint      ] Safepoint "Cleanup", Time since last: 2000186222 ns, Reaching safepoint: 126402 ns, At safepoint: 13900 ns, Total: 140302 ns
[1193.988s][info ][safepoint      ] Safepoint "Cleanup", Time since last: 1000116762 ns, Reaching safepoint: 117402 ns, At safepoint: 8600 ns, Total: 126002 ns
[1194.988s][info ][safepoint      ] Safepoint "Cleanup", Time since last: 1000111961 ns, Reaching safepoint: 123702 ns, At safepoint: 11400 ns, Total: 135102 ns
[1196.989s][info ][safepoint      ] Safepoint "Cleanup", Time since last: 2000157722 ns, Reaching safepoint: 110902 ns, At safepoint: 9600 ns, Total: 120502 ns
[1198.989s][info ][safepoint      ] Safepoint "Cleanup", Time since last: 2000182223 ns, Reaching safepoint: 120702 ns, At safepoint: 10000 ns, Total: 130702 ns
[1200.989s][info ][safepoint      ] Safepoint "Cleanup", Time since last: 2000176223 ns, Reaching safepoint: 67401 ns, At safepoint: 7600 ns, Total: 75001 ns
[1201.989s][info ][safepoint      ] Safepoint "Cleanup", Time since last: 1000097561 ns, Reaching safepoint: 50101 ns, At safepoint: 2600 ns, Total: 52701 ns
[1206.839s][info ][gc,start       ] GC(157) Pause Young (Allocation Failure)
[1206.842s][debug][gc,phases      ] GC(157) Scavenge 2.958ms
[1206.843s][debug][gc,ref         ] GC(157) Skipped phase 1 of Reference Processing: no references
[1206.843s][debug][gc,ref         ] GC(157) Skipped phase 3 of Reference Processing: no references
[1206.843s][debug][gc,phases      ] GC(157) Reference Processing 0.028ms
[1206.843s][debug][gc,phases      ] GC(157) Weak Processing 0.673ms
[1206.843s][debug][gc,age         ] GC(157) Desired survivor size 6815744 bytes, new threshold 15 (max threshold 15)
[1206.843s][info ][gc,heap        ] GC(157) PSYoungGen: 2082416K(2088960K)->1168K(2090496K) Eden: 2081280K(2081280K)->0K(2083328K) From: 1136K(7680K)->1168K(7168K)
[1206.843s][info ][gc,heap        ] GC(157) ParOldGen: 409300K(425472K)->409332K(425472K)
[1206.843s][info ][gc,metaspace   ] GC(157) Metaspace: 77962K(78592K)->77962K(78592K) NonClass: 67356K(67648K)->67356K(67648K) Class: 10605K(10944K)->10605K(10944K)
[1206.843s][info ][gc             ] GC(157) Pause Young (Allocation Failure) 2433M->400M(2457M) 3.810ms
[1206.843s][info ][gc,cpu         ] GC(157) User=0.02s Sys=0.00s Real=0.00s
[1206.843s][info ][safepoint      ] Safepoint "ParallelGCFailedAllocation", Time since last: 4849966430 ns, Reaching safepoint: 87002 ns, At safepoint: 3908664 ns, Total: 3995666 ns
[1208.844s][info ][safepoint      ] Safepoint "Cleanup", Time since last: 2000148323 ns, Reaching safepoint: 44100 ns, At safepoint: 3200 ns, Total: 47300 ns
[1209.844s][info ][safepoint      ] Safepoint "Cleanup", Time since last: 1000110862 ns, Reaching safepoint: 44801 ns, At safepoint: 2600 ns, Total: 47401 ns
[1211.844s][info ][safepoint      ] Safepoint "Cleanup", Time since last: 2000181023 ns, Reaching safepoint: 54801 ns, At safepoint: 2900 ns, Total: 57701 ns
[1215.844s][info ][safepoint      ] Safepoint "Cleanup", Time since last: 4000256446 ns, Reaching safepoint: 53401 ns, At safepoint: 2900 ns, Total: 56301 ns
[1217.844s][info ][safepoint      ] Safepoint "Cleanup", Time since last: 2000153923 ns, Reaching safepoint: 50101 ns, At safepoint: 2900 ns, Total: 53001 ns
[1222.845s][info ][safepoint      ] Safepoint "Cleanup", Time since last: 5000384608 ns, Reaching safepoint: 55601 ns, At safepoint: 8100 ns, Total: 63701 ns
[1226.083s][info ][gc,start       ] GC(158) Pause Young (Allocation Failure)
[1226.086s][debug][gc,phases      ] GC(158) Scavenge 2.806ms
[1226.086s][debug][gc,ref         ] GC(158) Skipped phase 1 of Reference Processing: no references
[1226.086s][debug][gc,ref         ] GC(158) Skipped phase 3 of Reference Processing: no references
[1226.086s][debug][gc,phases      ] GC(158) Reference Processing 0.022ms
[1226.087s][debug][gc,phases      ] GC(158) Weak Processing 0.484ms
[1226.087s][debug][gc,age         ] GC(158) Desired survivor size 6291456 bytes, new threshold 15 (max threshold 15)
[1226.087s][info ][gc,heap        ] GC(158) PSYoungGen: 2084496K(2090496K)->960K(2089984K) Eden: 2083328K(2083328K)->0K(2083328K) From: 1168K(7168K)->960K(6656K)
[1226.087s][info ][gc,heap        ] GC(158) ParOldGen: 409332K(425472K)->409364K(425472K)
[1226.087s][info ][gc,metaspace   ] GC(158) Metaspace: 77975K(78656K)->77975K(78656K) NonClass: 67369K(67712K)->67369K(67712K) Class: 10605K(10944K)->10605K(10944K)
[1226.087s][info ][gc             ] GC(158) Pause Young (Allocation Failure) 2435M->400M(2456M) 3.447ms
[1226.087s][info ][gc,cpu         ] GC(158) User=0.02s Sys=0.00s Real=0.01s
[1226.087s][info ][safepoint      ] Safepoint "ParallelGCFailedAllocation", Time since last: 3238445507 ns, Reaching safepoint: 103902 ns, At safepoint: 3530758 ns, Total: 3634660 ns
[1228.087s][info ][safepoint      ] Safepoint "Cleanup", Time since last: 2000160524 ns, Reaching safepoint: 51301 ns, At safepoint: 7000 ns, Total: 58301 ns
[1230.088s][info ][safepoint      ] Safepoint "Cleanup", Time since last: 2000184624 ns, Reaching safepoint: 124602 ns, At safepoint: 7400 ns, Total: 132002 ns
[1231.088s][info ][safepoint      ] Safepoint "Cleanup", Time since last: 1000109063 ns, Reaching safepoint: 143202 ns, At safepoint: 8501 ns, Total: 151703 ns
[1232.088s][info ][safepoint      ] Safepoint "Cleanup", Time since last: 1000110862 ns, Reaching safepoint: 127202 ns, At safepoint: 11600 ns, Total: 138802 ns
[1248.339s][info ][gc,start       ] GC(159) Pause Young (Allocation Failure)
[1248.342s][debug][gc,phases      ] GC(159) Scavenge 3.135ms
[1248.342s][debug][gc,ref         ] GC(159) Skipped phase 1 of Reference Processing: no references
[1248.342s][debug][gc,ref         ] GC(159) Skipped phase 3 of Reference Processing: no references
[1248.342s][debug][gc,phases      ] GC(159) Reference Processing 0.098ms
[1248.343s][debug][gc,phases      ] GC(159) Weak Processing 0.480ms
[1248.343s][debug][gc,age         ] GC(159) Desired survivor size 6291456 bytes, new threshold 15 (max threshold 15)
[1248.343s][info ][gc,heap        ] GC(159) PSYoungGen: 2084288K(2089984K)->960K(2091008K) Eden: 2083328K(2083328K)->0K(2084864K) From: 960K(6656K)->960K(6144K)
[1248.343s][info ][gc,heap        ] GC(159) ParOldGen: 409364K(425472K)->409372K(425472K)
[1248.343s][info ][gc,metaspace   ] GC(159) Metaspace: 77980K(78656K)->77980K(78656K) NonClass: 67374K(67712K)->67374K(67712K) Class: 10605K(10944K)->10605K(10944K)
[1248.343s][info ][gc             ] GC(159) Pause Young (Allocation Failure) 2435M->400M(2457M) 3.862ms
[1248.343s][info ][gc,cpu         ] GC(159) User=0.01s Sys=0.00s Real=0.00s
[1248.343s][info ][safepoint      ] Safepoint "ParallelGCFailedAllocation", Time since last: 16250571802 ns, Reaching safepoint: 77901 ns, At safepoint: 3953765 ns, Total: 4031666 ns
[1265.344s][info ][safepoint      ] Safepoint "Cleanup", Time since last: 17001044864 ns, Reaching safepoint: 79201 ns, At safepoint: 5600 ns, Total: 84801 ns
[1266.344s][info ][safepoint      ] Safepoint "Cleanup", Time since last: 1000104464 ns, Reaching safepoint: 61201 ns, At safepoint: 3300 ns, Total: 64501 ns
[1268.344s][info ][safepoint      ] Safepoint "Cleanup", Time since last: 2000179927 ns, Reaching safepoint: 124102 ns, At safepoint: 10600 ns, Total: 134702 ns
[1268.536s][info ][gc,start       ] GC(160) Pause Young (Allocation Failure)
[1268.540s][debug][gc,phases      ] GC(160) Scavenge 3.684ms
[1268.540s][debug][gc,ref         ] GC(160) Skipped phase 1 of Reference Processing: no references
[1268.540s][debug][gc,ref         ] GC(160) Skipped phase 3 of Reference Processing: no references
[1268.540s][debug][gc,phases      ] GC(160) Reference Processing 0.032ms
[1268.541s][debug][gc,phases      ] GC(160) Weak Processing 0.620ms
[1268.541s][debug][gc,age         ] GC(160) Desired survivor size 5767168 bytes, new threshold 15 (max threshold 15)
[1268.541s][info ][gc,heap        ] GC(160) PSYoungGen: 2085824K(2091008K)->1184K(2091008K) Eden: 2084864K(2084864K)->0K(2084864K) From: 960K(6144K)->1184K(6144K)
[1268.541s][info ][gc,heap        ] GC(160) ParOldGen: 409372K(425472K)->409388K(425472K)
[1268.541s][info ][gc,metaspace   ] GC(160) Metaspace: 77981K(78656K)->77981K(78656K) NonClass: 67376K(67712K)->67376K(67712K) Class: 10605K(10944K)->10605K(10944K)
[1268.541s][info ][gc             ] GC(160) Pause Young (Allocation Failure) 2436M->400M(2457M) 4.474ms
[1268.541s][info ][gc,cpu         ] GC(160) User=0.02s Sys=0.00s Real=0.00s
[1268.541s][info ][safepoint      ] Safepoint "ParallelGCFailedAllocation", Time since last: 191985460 ns, Reaching safepoint: 35201 ns, At safepoint: 4550675 ns, Total: 4585876 ns
[1272.541s][info ][safepoint      ] Safepoint "Cleanup", Time since last: 4000301553 ns, Reaching safepoint: 54300 ns, At safepoint: 6001 ns, Total: 60301 ns
[1275.541s][info ][safepoint      ] Safepoint "Cleanup", Time since last: 3000229689 ns, Reaching safepoint: 36901 ns, At safepoint: 2700 ns, Total: 39601 ns
[1284.542s][info ][safepoint      ] Safepoint "Cleanup", Time since last: 9000628170 ns, Reaching safepoint: 66601 ns, At safepoint: 6901 ns, Total: 73502 ns
[1286.333s][info ][gc,start       ] GC(161) Pause Young (Allocation Failure)
[1286.337s][debug][gc,phases      ] GC(161) Scavenge 3.161ms
[1286.337s][debug][gc,ref         ] GC(161) Skipped phase 1 of Reference Processing: no references
[1286.337s][debug][gc,ref         ] GC(161) Skipped phase 3 of Reference Processing: no references
[1286.337s][debug][gc,ref         ] GC(161) Skipped phase 4 of Reference Processing: no references
[1286.337s][debug][gc,phases      ] GC(161) Reference Processing 0.026ms
[1286.337s][debug][gc,phases      ] GC(161) Weak Processing 0.561ms
[1286.337s][debug][gc,age         ] GC(161) Desired survivor size 5242880 bytes, new threshold 15 (max threshold 15)
[1286.337s][info ][gc,heap        ] GC(161) PSYoungGen: 2086048K(2091008K)->1184K(2092032K) Eden: 2084864K(2084864K)->0K(2086400K) From: 1184K(6144K)->1184K(5632K)
[1286.337s][info ][gc,heap        ] GC(161) ParOldGen: 409388K(425472K)->409404K(425472K)
[1286.337s][info ][gc,metaspace   ] GC(161) Metaspace: 77996K(78656K)->77996K(78656K) NonClass: 67391K(67712K)->67391K(67712K) Class: 10605K(10944K)->10605K(10944K)
[1286.337s][info ][gc             ] GC(161) Pause Young (Allocation Failure) 2436M->400M(2458M) 3.880ms
[1286.337s][info ][gc,cpu         ] GC(161) User=0.01s Sys=0.00s Real=0.01s
[1286.337s][info ][safepoint      ] Safepoint "ParallelGCFailedAllocation", Time since last: 1791156786 ns, Reaching safepoint: 122302 ns, At safepoint: 3973666 ns, Total: 4095968 ns
[1288.338s][info ][safepoint      ] Safepoint "Cleanup", Time since last: 2000122326 ns, Reaching safepoint: 46001 ns, At safepoint: 7100 ns, Total: 53101 ns
[1289.338s][info ][safepoint      ] Safepoint "Cleanup", Time since last: 1000113265 ns, Reaching safepoint: 38600 ns, At safepoint: 5800 ns, Total: 44400 ns
[1295.338s][info ][safepoint      ] Safepoint "Cleanup", Time since last: 6000449883 ns, Reaching safepoint: 105902 ns, At safepoint: 15700 ns, Total: 121602 ns
[1299.339s][info ][safepoint      ] Safepoint "Cleanup", Time since last: 4000295056 ns, Reaching safepoint: 125502 ns, At safepoint: 10800 ns, Total: 136302 ns
[1301.339s][info ][safepoint      ] Safepoint "Cleanup", Time since last: 2000189628 ns, Reaching safepoint: 146503 ns, At safepoint: 10000 ns, Total: 156503 ns
[1302.339s][info ][safepoint      ] Safepoint "Cleanup", Time since last: 1000121465 ns, Reaching safepoint: 78701 ns, At safepoint: 12400 ns, Total: 91101 ns
[1302.534s][info ][gc,start       ] GC(162) Pause Young (Allocation Failure)
[1302.537s][debug][gc,phases      ] GC(162) Scavenge 3.419ms
[1302.537s][debug][gc,ref         ] GC(162) Skipped phase 1 of Reference Processing: no references
[1302.537s][debug][gc,ref         ] GC(162) Skipped phase 3 of Reference Processing: no references
[1302.537s][debug][gc,ref         ] GC(162) Skipped phase 4 of Reference Processing: no references
[1302.537s][debug][gc,phases      ] GC(162) Reference Processing 0.021ms
[1302.538s][debug][gc,phases      ] GC(162) Weak Processing 0.488ms
[1302.538s][debug][gc,age         ] GC(162) Desired survivor size 4718592 bytes, new threshold 15 (max threshold 15)
[1302.538s][info ][gc,heap        ] GC(162) PSYoungGen: 2087584K(2092032K)->1232K(2091520K) Eden: 2086400K(2086400K)->0K(2086400K) From: 1184K(5632K)->1232K(5120K)
[1302.538s][info ][gc,heap        ] GC(162) ParOldGen: 409404K(425472K)->409436K(425472K)
[1302.538s][info ][gc,metaspace   ] GC(162) Metaspace: 78008K(78656K)->78008K(78656K) NonClass: 67402K(67712K)->67402K(67712K) Class: 10605K(10944K)->10605K(10944K)
[1302.538s][info ][gc             ] GC(162) Pause Young (Allocation Failure) 2438M->401M(2458M) 4.057ms
[1302.538s][info ][gc,cpu         ] GC(162) User=0.01s Sys=0.00s Real=0.01s
[1302.538s][info ][safepoint      ] Safepoint "ParallelGCFailedAllocation", Time since last: 194330000 ns, Reaching safepoint: 30400 ns, At safepoint: 4129768 ns, Total: 4160168 ns
[1306.538s][info ][safepoint      ] Safepoint "Cleanup", Time since last: 4000300056 ns, Reaching safepoint: 51301 ns, At safepoint: 3900 ns, Total: 55201 ns
[1309.539s][info ][safepoint      ] Safepoint "Cleanup", Time since last: 3000253393 ns, Reaching safepoint: 130903 ns, At safepoint: 12500 ns, Total: 143403 ns
[1311.539s][info ][safepoint      ] Safepoint "Cleanup", Time since last: 2000185029 ns, Reaching safepoint: 117402 ns, At safepoint: 7100 ns, Total: 124502 ns
[1316.539s][info ][safepoint      ] Safepoint "Cleanup", Time since last: 5000396122 ns, Reaching safepoint: 36401 ns, At safepoint: 2700 ns, Total: 39101 ns
[1318.784s][info ][gc,start       ] GC(163) Pause Young (Allocation Failure)
[1318.787s][debug][gc,phases      ] GC(163) Scavenge 3.220ms
[1318.787s][debug][gc,ref         ] GC(163) Skipped phase 1 of Reference Processing: no references
[1318.787s][debug][gc,ref         ] GC(163) Skipped phase 3 of Reference Processing: no references
[1318.787s][debug][gc,ref         ] GC(163) Skipped phase 4 of Reference Processing: no references
[1318.787s][debug][gc,phases      ] GC(163) Reference Processing 0.023ms
[1318.788s][debug][gc,phases      ] GC(163) Weak Processing 0.553ms
[1318.788s][debug][gc,age         ] GC(163) Desired survivor size 4718592 bytes, new threshold 15 (max threshold 15)
[1318.788s][info ][gc,heap        ] GC(163) PSYoungGen: 2087632K(2091520K)->1232K(2092544K) Eden: 2086400K(2086400K)->0K(2087936K) From: 1232K(5120K)->1232K(4608K)
[1318.788s][info ][gc,heap        ] GC(163) ParOldGen: 409436K(425472K)->409444K(425472K)
[1318.788s][info ][gc,metaspace   ] GC(163) Metaspace: 78011K(78656K)->78011K(78656K) NonClass: 67405K(67712K)->67405K(67712K) Class: 10605K(10944K)->10605K(10944K)
[1318.788s][info ][gc             ] GC(163) Pause Young (Allocation Failure) 2438M->401M(2459M) 3.937ms
[1318.788s][info ][gc,cpu         ] GC(163) User=0.01s Sys=0.00s Real=0.01s
[1318.788s][info ][safepoint      ] Safepoint "ParallelGCFailedAllocation", Time since last: 2244259247 ns, Reaching safepoint: 110902 ns, At safepoint: 4031567 ns, Total: 4142469 ns
[1322.788s][info ][safepoint      ] Safepoint "Cleanup", Time since last: 4000285957 ns, Reaching safepoint: 73102 ns, At safepoint: 17800 ns, Total: 90902 ns
[1327.789s][info ][safepoint      ] Safepoint "Cleanup", Time since last: 5000403024 ns, Reaching safepoint: 120702 ns, At safepoint: 9500 ns, Total: 130202 ns
[1330.789s][info ][safepoint      ] Safepoint "Cleanup", Time since last: 3000261695 ns, Reaching safepoint: 40900 ns, At safepoint: 7900 ns, Total: 48800 ns
[1333.789s][info ][safepoint      ] Safepoint "Cleanup", Time since last: 3000250995 ns, Reaching safepoint: 52301 ns, At safepoint: 8400 ns, Total: 60701 ns
[1335.184s][info ][gc,start       ] GC(164) Pause Young (Allocation Failure)
[1335.188s][debug][gc,phases      ] GC(164) Scavenge 3.519ms
[1335.188s][debug][gc,ref         ] GC(164) Skipped phase 1 of Reference Processing: no references
[1335.188s][debug][gc,ref         ] GC(164) Skipped phase 3 of Reference Processing: no references
[1335.188s][debug][gc,ref         ] GC(164) Skipped phase 4 of Reference Processing: no references
[1335.188s][debug][gc,phases      ] GC(164) Reference Processing 0.023ms
[1335.188s][debug][gc,phases      ] GC(164) Weak Processing 0.506ms
[1335.188s][debug][gc,age         ] GC(164) Desired survivor size 4194304 bytes, new threshold 15 (max threshold 15)
[1335.189s][info ][gc,heap        ] GC(164) PSYoungGen: 2089168K(2092544K)->1632K(2092544K) Eden: 2087936K(2087936K)->0K(2087936K) From: 1232K(4608K)->1632K(4608K)
[1335.189s][info ][gc,heap        ] GC(164) ParOldGen: 409444K(425472K)->409476K(425472K)
[1335.189s][info ][gc,metaspace   ] GC(164) Metaspace: 78011K(78656K)->78011K(78656K) NonClass: 67406K(67712K)->67406K(67712K) Class: 10605K(10944K)->10605K(10944K)
[1335.189s][info ][gc             ] GC(164) Pause Young (Allocation Failure) 2440M->401M(2459M) 4.168ms
[1335.189s][info ][gc,cpu         ] GC(164) User=0.01s Sys=0.00s Real=0.00s
[1335.189s][info ][safepoint      ] Safepoint "ParallelGCFailedAllocation", Time since last: 1395017467 ns, Reaching safepoint: 97502 ns, At safepoint: 4248670 ns, Total: 4346172 ns
[1337.189s][info ][safepoint      ] Safepoint "Cleanup", Time since last: 2000165430 ns, Reaching safepoint: 128302 ns, At safepoint: 10600 ns, Total: 138902 ns
[1337.516s][info ][safepoint      ] Safepoint "ICBufferFull", Time since last: 326878282 ns, Reaching safepoint: 132002 ns, At safepoint: 1800 ns, Total: 133802 ns
[1337.518s][info ][safepoint      ] Safepoint "ICBufferFull", Time since last: 2119435 ns, Reaching safepoint: 27100 ns, At safepoint: 1400 ns, Total: 28500 ns
[1337.520s][info ][safepoint      ] Safepoint "ICBufferFull", Time since last: 1480925 ns, Reaching safepoint: 23900 ns, At safepoint: 1300 ns, Total: 25200 ns
[1337.522s][info ][safepoint      ] Safepoint "ICBufferFull", Time since last: 1938832 ns, Reaching safepoint: 30401 ns, At safepoint: 4200 ns, Total: 34601 ns
[1337.524s][info ][safepoint      ] Safepoint "ICBufferFull", Time since last: 2315838 ns, Reaching safepoint: 50801 ns, At safepoint: 4100 ns, Total: 54901 ns
[1337.525s][info ][safepoint      ] Safepoint "ICBufferFull", Time since last: 843714 ns, Reaching safepoint: 38000 ns, At safepoint: 1200 ns, Total: 39200 ns
[1337.526s][info ][safepoint      ] Safepoint "ICBufferFull", Time since last: 775313 ns, Reaching safepoint: 27900 ns, At safepoint: 1300 ns, Total: 29200 ns
[1337.527s][info ][safepoint      ] Safepoint "ICBufferFull", Time since last: 951316 ns, Reaching safepoint: 36001 ns, At safepoint: 5500 ns, Total: 41501 ns
[1337.528s][info ][safepoint      ] Safepoint "ICBufferFull", Time since last: 1058917 ns, Reaching safepoint: 33301 ns, At safepoint: 1900 ns, Total: 35201 ns
[1337.529s][info ][safepoint      ] Safepoint "ICBufferFull", Time since last: 795013 ns, Reaching safepoint: 46801 ns, At safepoint: 3000 ns, Total: 49801 ns
[1337.529s][info ][safepoint      ] Safepoint "ICBufferFull", Time since last: 848314 ns, Reaching safepoint: 19100 ns, At safepoint: 2000 ns, Total: 21100 ns
[1337.530s][info ][safepoint      ] Safepoint "ICBufferFull", Time since last: 878815 ns, Reaching safepoint: 17900 ns, At safepoint: 7400 ns, Total: 25300 ns
[1337.531s][info ][safepoint      ] Safepoint "ICBufferFull", Time since last: 800513 ns, Reaching safepoint: 18100 ns, At safepoint: 1500 ns, Total: 19600 ns
[1337.532s][info ][safepoint      ] Safepoint "ICBufferFull", Time since last: 846014 ns, Reaching safepoint: 37101 ns, At safepoint: 1500 ns, Total: 38601 ns
[1337.533s][info ][safepoint      ] Safepoint "ICBufferFull", Time since last: 800813 ns, Reaching safepoint: 17500 ns, At safepoint: 1601 ns, Total: 19101 ns
[1337.534s][info ][safepoint      ] Safepoint "ICBufferFull", Time since last: 950115 ns, Reaching safepoint: 20000 ns, At safepoint: 1801 ns, Total: 21801 ns
[1337.535s][info ][safepoint      ] Safepoint "ICBufferFull", Time since last: 966015 ns, Reaching safepoint: 19401 ns, At safepoint: 1500 ns, Total: 20901 ns
[1337.536s][info ][safepoint      ] Safepoint "ICBufferFull", Time since last: 804713 ns, Reaching safepoint: 30101 ns, At safepoint: 2600 ns, Total: 32701 ns
[1337.538s][info ][safepoint      ] Safepoint "ICBufferFull", Time since last: 1974332 ns, Reaching safepoint: 31701 ns, At safepoint: 5300 ns, Total: 37001 ns
[1337.540s][info ][safepoint      ] Safepoint "ICBufferFull", Time since last: 2340138 ns, Reaching safepoint: 107602 ns, At safepoint: 6400 ns, Total: 114002 ns
[1337.543s][info ][safepoint      ] Safepoint "ICBufferFull", Time since last: 2814346 ns, Reaching safepoint: 40201 ns, At safepoint: 2900 ns, Total: 43101 ns
[1337.546s][info ][safepoint      ] Safepoint "ICBufferFull", Time since last: 2826047 ns, Reaching safepoint: 33100 ns, At safepoint: 5000 ns, Total: 38100 ns
[1337.548s][info ][safepoint      ] Safepoint "ICBufferFull", Time since last: 2329239 ns, Reaching safepoint: 37300 ns, At safepoint: 1700 ns, Total: 39000 ns
[1337.560s][info ][safepoint      ] Safepoint "ICBufferFull", Time since last: 12121200 ns, Reaching safepoint: 26500 ns, At safepoint: 2400 ns, Total: 28900 ns
[1337.562s][info ][safepoint      ] Safepoint "ICBufferFull", Time since last: 1591927 ns, Reaching safepoint: 30900 ns, At safepoint: 4700 ns, Total: 35600 ns
[1337.564s][info ][safepoint      ] Safepoint "ICBufferFull", Time since last: 2201636 ns, Reaching safepoint: 24001 ns, At safepoint: 1700 ns, Total: 25701 ns
[1337.565s][info ][safepoint      ] Safepoint "ICBufferFull", Time since last: 1174119 ns, Reaching safepoint: 22200 ns, At safepoint: 1600 ns, Total: 23800 ns
[1337.623s][info ][safepoint      ] Safepoint "ICBufferFull", Time since last: 57083940 ns, Reaching safepoint: 77802 ns, At safepoint: 2300 ns, Total: 80102 ns
[1338.623s][info ][safepoint      ] Safepoint "Cleanup", Time since last: 1000103865 ns, Reaching safepoint: 68101 ns, At safepoint: 7000 ns, Total: 75101 ns
[1339.623s][info ][safepoint      ] Safepoint "Cleanup", Time since last: 1000125466 ns, Reaching safepoint: 59601 ns, At safepoint: 11700 ns, Total: 71301 ns
[1342.844s][info ][safepoint      ] Safepoint "Cleanup", Time since last: 3221050331 ns, Reaching safepoint: 65601 ns, At safepoint: 6200 ns, Total: 71801 ns
[1343.844s][info ][safepoint      ] Safepoint "Cleanup", Time since last: 1000101966 ns, Reaching safepoint: 41900 ns, At safepoint: 4000 ns, Total: 45900 ns
[1346.844s][info ][safepoint      ] Safepoint "Cleanup", Time since last: 3000201395 ns, Reaching safepoint: 110302 ns, At safepoint: 11601 ns, Total: 121903 ns
[1347.845s][info ][safepoint      ] Safepoint "Cleanup", Time since last: 1000120765 ns, Reaching safepoint: 58501 ns, At safepoint: 7701 ns, Total: 66202 ns
[1349.845s][info ][safepoint      ] Safepoint "Cleanup", Time since last: 2000157930 ns, Reaching safepoint: 31401 ns, At safepoint: 6700 ns, Total: 38101 ns
[1350.634s][info ][gc,start       ] GC(165) Pause Young (Allocation Failure)
[1350.639s][debug][gc,phases      ] GC(165) Scavenge 4.996ms
[1350.639s][debug][gc,ref         ] GC(165) Skipped phase 1 of Reference Processing: no references
[1350.639s][debug][gc,ref         ] GC(165) Skipped phase 3 of Reference Processing: no references
[1350.639s][debug][gc,phases      ] GC(165) Reference Processing 0.033ms
[1350.640s][debug][gc,phases      ] GC(165) Weak Processing 0.530ms
[1350.640s][debug][gc,age         ] GC(165) Desired survivor size 5767168 bytes, new threshold 14 (max threshold 15)
[1350.640s][info ][gc,heap        ] GC(165) PSYoungGen: 2089568K(2092544K)->4064K(2089984K) Eden: 2087936K(2087936K)->0K(2085888K) From: 1632K(4608K)->4064K(4096K)
[1350.640s][info ][gc,heap        ] GC(165) ParOldGen: 409476K(425472K)->410536K(425472K)
[1350.640s][info ][gc,metaspace   ] GC(165) Metaspace: 78149K(78848K)->78149K(78848K) NonClass: 67519K(67904K)->67519K(67904K) Class: 10630K(10944K)->10630K(10944K)
[1350.640s][info ][gc             ] GC(165) Pause Young (Allocation Failure) 2440M->404M(2456M) 5.722ms
[1350.640s][info ][gc,cpu         ] GC(165) User=0.02s Sys=0.00s Real=0.01s
[1350.640s][info ][safepoint      ] Safepoint "ParallelGCFailedAllocation", Time since last: 789153592 ns, Reaching safepoint: 99602 ns, At safepoint: 5828396 ns, Total: 5927998 ns
[1358.641s][info ][safepoint      ] Safepoint "Cleanup", Time since last: 8000479621 ns, Reaching safepoint: 146002 ns, At safepoint: 11100 ns, Total: 157102 ns
[1367.634s][info ][gc,start       ] GC(166) Pause Young (Allocation Failure)
[1367.638s][debug][gc,phases      ] GC(166) Scavenge 3.375ms
[1367.638s][debug][gc,ref         ] GC(166) Skipped phase 1 of Reference Processing: no references
[1367.638s][debug][gc,ref         ] GC(166) Skipped phase 3 of Reference Processing: no references
[1367.638s][debug][gc,phases      ] GC(166) Reference Processing 0.023ms
[1367.638s][debug][gc,phases      ] GC(166) Weak Processing 0.495ms
[1367.638s][debug][gc,age         ] GC(166) Desired survivor size 6291456 bytes, new threshold 15 (max threshold 15)
[1367.638s][info ][gc,heap        ] GC(166) PSYoungGen: 2089952K(2089984K)->4192K(2090496K) Eden: 2085888K(2085888K)->0K(2085888K) From: 4064K(4096K)->4192K(4608K)
[1367.638s][info ][gc,heap        ] GC(166) ParOldGen: 410536K(425472K)->410568K(425472K)
[1367.638s][info ][gc,metaspace   ] GC(166) Metaspace: 78151K(78848K)->78151K(78848K) NonClass: 67521K(67904K)->67521K(67904K) Class: 10630K(10944K)->10630K(10944K)
[1367.638s][info ][gc             ] GC(166) Pause Young (Allocation Failure) 2441M->405M(2457M) 4.022ms
[1367.638s][info ][gc,cpu         ] GC(166) User=0.02s Sys=0.00s Real=0.01s
[1367.638s][info ][safepoint      ] Safepoint "ParallelGCFailedAllocation", Time since last: 8993655575 ns, Reaching safepoint: 38301 ns, At safepoint: 4113467 ns, Total: 4151768 ns
[1371.639s][info ][safepoint      ] Safepoint "Cleanup", Time since last: 4000296463 ns, Reaching safepoint: 107702 ns, At safepoint: 11900 ns, Total: 119602 ns
[1380.640s][info ][safepoint      ] Safepoint "Cleanup", Time since last: 9000653992 ns, Reaching safepoint: 57901 ns, At safepoint: 11801 ns, Total: 69702 ns
[1384.935s][info ][gc,start       ] GC(167) Pause Young (Allocation Failure)
[1384.939s][debug][gc,phases      ] GC(167) Scavenge 3.961ms
[1384.939s][debug][gc,ref         ] GC(167) Skipped phase 1 of Reference Processing: no references
[1384.939s][debug][gc,ref         ] GC(167) Skipped phase 3 of Reference Processing: no references
[1384.939s][debug][gc,phases      ] GC(167) Reference Processing 0.024ms
[1384.940s][debug][gc,phases      ] GC(167) Weak Processing 0.550ms
[1384.940s][debug][gc,age         ] GC(167) Desired survivor size 6815744 bytes, new threshold 15 (max threshold 15)
[1384.940s][info ][gc,heap        ] GC(167) PSYoungGen: 2090080K(2090496K)->4272K(2089984K) Eden: 2085888K(2085888K)->0K(2083840K) From: 4192K(4608K)->4272K(6144K)
[1384.940s][info ][gc,heap        ] GC(167) ParOldGen: 410568K(425472K)->410568K(425472K)
[1384.940s][info ][gc,metaspace   ] GC(167) Metaspace: 78151K(78848K)->78151K(78848K) NonClass: 67521K(67904K)->67521K(67904K) Class: 10630K(10944K)->10630K(10944K)
[1384.940s][info ][gc             ] GC(167) Pause Young (Allocation Failure) 2442M->405M(2456M) 4.664ms
[1384.940s][info ][gc,cpu         ] GC(167) User=0.01s Sys=0.00s Real=0.01s
[1384.940s][info ][safepoint      ] Safepoint "ParallelGCFailedAllocation", Time since last: 4295704327 ns, Reaching safepoint: 70902 ns, At safepoint: 4780378 ns, Total: 4851280 ns
[1385.940s][info ][safepoint      ] Safepoint "Cleanup", Time since last: 1000096267 ns, Reaching safepoint: 69201 ns, At safepoint: 5300 ns, Total: 74501 ns
[1401.941s][info ][safepoint      ] Safepoint "Cleanup", Time since last: 16001098358 ns, Reaching safepoint: 65202 ns, At safepoint: 7500 ns, Total: 72702 ns
[1402.033s][info ][gc,start       ] GC(168) Pause Young (Allocation Failure)
[1402.037s][debug][gc,phases      ] GC(168) Scavenge 3.533ms
[1402.037s][debug][gc,ref         ] GC(168) Skipped phase 1 of Reference Processing: no references
[1402.037s][debug][gc,ref         ] GC(168) Skipped phase 3 of Reference Processing: no references
[1402.037s][debug][gc,phases      ] GC(168) Reference Processing 0.021ms
[1402.037s][debug][gc,phases      ] GC(168) Weak Processing 0.521ms
[1402.037s][debug][gc,age         ] GC(168) Desired survivor size 6815744 bytes, new threshold 15 (max threshold 15)
[1402.037s][info ][gc,heap        ] GC(168) PSYoungGen: 2088112K(2089984K)->4248K(2090496K) Eden: 2083840K(2083840K)->0K(2083840K) From: 4272K(6144K)->4248K(6656K)
[1402.037s][info ][gc,heap        ] GC(168) ParOldGen: 410568K(425472K)->410600K(425472K)
[1402.037s][info ][gc,metaspace   ] GC(168) Metaspace: 78154K(78848K)->78154K(78848K) NonClass: 67524K(67904K)->67524K(67904K) Class: 10630K(10944K)->10630K(10944K)
[1402.037s][info ][gc             ] GC(168) Pause Young (Allocation Failure) 2440M->405M(2457M) 4.199ms
[1402.037s][info ][gc,cpu         ] GC(168) User=0.01s Sys=0.00s Real=0.01s
[1402.037s][info ][safepoint      ] Safepoint "ParallelGCFailedAllocation", Time since last: 91428305 ns, Reaching safepoint: 90402 ns, At safepoint: 4277170 ns, Total: 4367572 ns
[1404.038s][info ][safepoint      ] Safepoint "Cleanup", Time since last: 2000156233 ns, Reaching safepoint: 115402 ns, At safepoint: 5500 ns, Total: 120902 ns
[1408.038s][info ][safepoint      ] Safepoint "Cleanup", Time since last: 4000308566 ns, Reaching safepoint: 62001 ns, At safepoint: 12200 ns, Total: 74201 ns
[1416.039s][info ][safepoint      ] Safepoint "Cleanup", Time since last: 8000486932 ns, Reaching safepoint: 139502 ns, At safepoint: 9900 ns, Total: 149402 ns
[1418.833s][info ][gc,start       ] GC(169) Pause Young (Allocation Failure)
[1418.837s][debug][gc,phases      ] GC(169) Scavenge 3.500ms
[1418.837s][debug][gc,ref         ] GC(169) Skipped phase 1 of Reference Processing: no references
[1418.837s][debug][gc,ref         ] GC(169) Skipped phase 3 of Reference Processing: no references
[1418.837s][debug][gc,ref         ] GC(169) Skipped phase 4 of Reference Processing: no references
[1418.837s][debug][gc,phases      ] GC(169) Reference Processing 0.024ms
[1418.837s][debug][gc,phases      ] GC(169) Weak Processing 0.524ms
[1418.837s][debug][gc,age         ] GC(169) Desired survivor size 7340032 bytes, new threshold 15 (max threshold 15)
[1418.837s][info ][gc,heap        ] GC(169) PSYoungGen: 2088088K(2090496K)->4272K(2089472K) Eden: 2083840K(2083840K)->0K(2082816K) From: 4248K(6656K)->4272K(6656K)
[1418.837s][info ][gc,heap        ] GC(169) ParOldGen: 410600K(425472K)->410624K(425472K)
[1418.838s][info ][gc,metaspace   ] GC(169) Metaspace: 78157K(78848K)->78157K(78848K) NonClass: 67527K(67904K)->67527K(67904K) Class: 10630K(10944K)->10630K(10944K)
[1418.838s][info ][gc             ] GC(169) Pause Young (Allocation Failure) 2440M->405M(2456M) 4.182ms
[1418.838s][info ][gc,cpu         ] GC(169) User=0.01s Sys=0.00s Real=0.01s
[1418.838s][info ][safepoint      ] Safepoint "ParallelGCFailedAllocation", Time since last: 2794646816 ns, Reaching safepoint: 116202 ns, At safepoint: 4269770 ns, Total: 4385972 ns
[1420.838s][info ][safepoint      ] Safepoint "Cleanup", Time since last: 2000153834 ns, Reaching safepoint: 117502 ns, At safepoint: 7700 ns, Total: 125202 ns
[1424.838s][info ][safepoint      ] Safepoint "Cleanup", Time since last: 4000357868 ns, Reaching safepoint: 120302 ns, At safepoint: 9900 ns, Total: 130202 ns
[1432.839s][info ][safepoint      ] Safepoint "Cleanup", Time since last: 8000601936 ns, Reaching safepoint: 126802 ns, At safepoint: 14101 ns, Total: 140903 ns
[1434.839s][info ][safepoint      ] Safepoint "Cleanup", Time since last: 2000193535 ns, Reaching safepoint: 57201 ns, At safepoint: 8200 ns, Total: 65401 ns
[1435.088s][info ][gc,start       ] GC(170) Pause Young (Allocation Failure)
[1435.091s][debug][gc,phases      ] GC(170) Scavenge 3.314ms
[1435.091s][debug][gc,ref         ] GC(170) Skipped phase 1 of Reference Processing: no references
[1435.091s][debug][gc,ref         ] GC(170) Skipped phase 3 of Reference Processing: no references
[1435.091s][debug][gc,ref         ] GC(170) Skipped phase 4 of Reference Processing: no references
[1435.091s][debug][gc,phases      ] GC(170) Reference Processing 0.023ms
[1435.091s][debug][gc,phases      ] GC(170) Weak Processing 0.534ms
[1435.092s][debug][gc,age         ] GC(170) Desired survivor size 7340032 bytes, new threshold 15 (max threshold 15)
[1435.092s][info ][gc,heap        ] GC(170) PSYoungGen: 2087088K(2089472K)->4240K(2089984K) Eden: 2082816K(2082816K)->0K(2082816K) From: 4272K(6656K)->4240K(7168K)
[1435.092s][info ][gc,heap        ] GC(170) ParOldGen: 410624K(425472K)->410685K(425472K)
[1435.092s][info ][gc,metaspace   ] GC(170) Metaspace: 78164K(78848K)->78164K(78848K) NonClass: 67534K(67904K)->67534K(67904K) Class: 10630K(10944K)->10630K(10944K)
[1435.092s][info ][gc             ] GC(170) Pause Young (Allocation Failure) 2439M->405M(2456M) 4.002ms
[1435.092s][info ][gc,cpu         ] GC(170) User=0.01s Sys=0.00s Real=0.00s
[1435.092s][info ][safepoint      ] Safepoint "ParallelGCFailedAllocation", Time since last: 248058084 ns, Reaching safepoint: 104202 ns, At safepoint: 4092767 ns, Total: 4196969 ns
[1442.092s][info ][safepoint      ] Safepoint "Cleanup", Time since last: 7000505870 ns, Reaching safepoint: 52901 ns, At safepoint: 9700 ns, Total: 62601 ns
[1451.448s][info ][gc,start       ] GC(171) Pause Young (Allocation Failure)
[1451.451s][debug][gc,phases      ] GC(171) Scavenge 3.042ms
[1451.451s][debug][gc,ref         ] GC(171) Skipped phase 1 of Reference Processing: no references
[1451.451s][debug][gc,ref         ] GC(171) Skipped phase 3 of Reference Processing: no references
[1451.451s][debug][gc,ref         ] GC(171) Skipped phase 4 of Reference Processing: no references
[1451.451s][debug][gc,phases      ] GC(171) Reference Processing 0.024ms
[1451.452s][debug][gc,phases      ] GC(171) Weak Processing 0.554ms
[1451.452s][debug][gc,age         ] GC(171) Desired survivor size 7864320 bytes, new threshold 15 (max threshold 15)
[1451.452s][info ][gc,heap        ] GC(171) PSYoungGen: 2087056K(2089984K)->4256K(2088960K) Eden: 2082816K(2082816K)->0K(2081792K) From: 4240K(7168K)->4256K(7168K)
[1451.452s][info ][gc,heap        ] GC(171) ParOldGen: 410685K(425472K)->410717K(425472K)
[1451.452s][info ][gc,metaspace   ] GC(171) Metaspace: 78172K(78848K)->78172K(78848K) NonClass: 67542K(67904K)->67542K(67904K) Class: 10630K(10944K)->10630K(10944K)
[1451.452s][info ][gc             ] GC(171) Pause Young (Allocation Failure) 2439M->405M(2455M) 3.746ms
[1451.452s][info ][gc,cpu         ] GC(171) User=0.01s Sys=0.00s Real=0.00s
[1451.452s][info ][safepoint      ] Safepoint "ParallelGCFailedAllocation", Time since last: 9355721553 ns, Reaching safepoint: 60301 ns, At safepoint: 3824363 ns, Total: 3884664 ns
[1455.452s][info ][safepoint      ] Safepoint "Cleanup", Time since last: 4000234069 ns, Reaching safepoint: 45501 ns, At safepoint: 8900 ns, Total: 54401 ns
[1460.452s][info ][safepoint      ] Safepoint "Cleanup", Time since last: 5000355738 ns, Reaching safepoint: 40300 ns, At safepoint: 10100 ns, Total: 50400 ns
[1461.453s][info ][safepoint      ] Safepoint "Cleanup", Time since last: 1000234771 ns, Reaching safepoint: 49200 ns, At safepoint: 5701 ns, Total: 54901 ns
[1462.453s][info ][safepoint      ] Safepoint "Cleanup", Time since last: 1000105368 ns, Reaching safepoint: 49201 ns, At safepoint: 7900 ns, Total: 57101 ns
[1466.453s][info ][safepoint      ] Safepoint "Cleanup", Time since last: 4000301371 ns, Reaching safepoint: 43200 ns, At safepoint: 3300 ns, Total: 46500 ns
[1467.134s][info ][gc,start       ] GC(172) Pause Young (Allocation Failure)
[1467.137s][debug][gc,phases      ] GC(172) Scavenge 3.227ms
[1467.137s][debug][gc,ref         ] GC(172) Skipped phase 1 of Reference Processing: no references
[1467.137s][debug][gc,ref         ] GC(172) Skipped phase 3 of Reference Processing: no references
[1467.137s][debug][gc,ref         ] GC(172) Skipped phase 4 of Reference Processing: no references
[1467.137s][debug][gc,phases      ] GC(172) Reference Processing 0.023ms
[1467.138s][debug][gc,phases      ] GC(172) Weak Processing 0.575ms
[1467.138s][debug][gc,age         ] GC(172) Desired survivor size 7864320 bytes, new threshold 15 (max threshold 15)
[1467.138s][info ][gc,heap        ] GC(172) PSYoungGen: 2086048K(2088960K)->4272K(2089472K) Eden: 2081792K(2081792K)->0K(2081792K) From: 4256K(7168K)->4272K(7680K)
[1467.138s][info ][gc,heap        ] GC(172) ParOldGen: 410717K(425472K)->410749K(425472K)
[1467.138s][info ][gc,metaspace   ] GC(172) Metaspace: 78189K(78848K)->78189K(78848K) NonClass: 67559K(67904K)->67559K(67904K) Class: 10630K(10944K)->10630K(10944K)
[1467.138s][info ][gc             ] GC(172) Pause Young (Allocation Failure) 2438M->405M(2456M) 3.979ms
[1467.138s][info ][gc,cpu         ] GC(172) User=0.01s Sys=0.00s Real=0.01s
[1467.138s][info ][safepoint      ] Safepoint "ParallelGCFailedAllocation", Time since last: 680283702 ns, Reaching safepoint: 111602 ns, At safepoint: 4071367 ns, Total: 4182969 ns
[1469.138s][info ][safepoint      ] Safepoint "Cleanup", Time since last: 2000155236 ns, Reaching safepoint: 126102 ns, At safepoint: 8100 ns, Total: 134202 ns
[1470.138s][info ][safepoint      ] Safepoint "Cleanup", Time since last: 1000113568 ns, Reaching safepoint: 140603 ns, At safepoint: 13900 ns, Total: 154503 ns
[1471.139s][info ][safepoint      ] Safepoint "Cleanup", Time since last: 1000109168 ns, Reaching safepoint: 117202 ns, At safepoint: 11101 ns, Total: 128303 ns
[1472.139s][info ][safepoint      ] Safepoint "Cleanup", Time since last: 1000105468 ns, Reaching safepoint: 53101 ns, At safepoint: 7200 ns, Total: 60301 ns
[1473.139s][info ][safepoint      ] Safepoint "Cleanup", Time since last: 1000125869 ns, Reaching safepoint: 131502 ns, At safepoint: 9500 ns, Total: 141002 ns
[1474.139s][info ][safepoint      ] Safepoint "Cleanup", Time since last: 1000114168 ns, Reaching safepoint: 126403 ns, At safepoint: 11000 ns, Total: 137403 ns
[1478.140s][info ][safepoint      ] Safepoint "Cleanup", Time since last: 4000329572 ns, Reaching safepoint: 80701 ns, At safepoint: 24101 ns, Total: 104802 ns
[1479.140s][info ][safepoint      ] Safepoint "Cleanup", Time since last: 1000100568 ns, Reaching safepoint: 63601 ns, At safepoint: 5600 ns, Total: 69201 ns
[1480.140s][info ][safepoint      ] Safepoint "Cleanup", Time since last: 1000114469 ns, Reaching safepoint: 51301 ns, At safepoint: 6800 ns, Total: 58101 ns
[1482.140s][info ][safepoint      ] Safepoint "Cleanup", Time since last: 2000179336 ns, Reaching safepoint: 50201 ns, At safepoint: 12600 ns, Total: 62801 ns
[1483.083s][info ][gc,start       ] GC(173) Pause Young (Allocation Failure)
[1483.087s][debug][gc,phases      ] GC(173) Scavenge 4.079ms
[1483.087s][debug][gc,ref         ] GC(173) Skipped phase 1 of Reference Processing: no references
[1483.087s][debug][gc,ref         ] GC(173) Skipped phase 3 of Reference Processing: no references
[1483.087s][debug][gc,phases      ] GC(173) Reference Processing 0.023ms
[1483.087s][debug][gc,phases      ] GC(173) Weak Processing 0.508ms
[1483.087s][debug][gc,age         ] GC(173) Desired survivor size 7864320 bytes, new threshold 15 (max threshold 15)
[1483.087s][info ][gc,heap        ] GC(173) PSYoungGen: 2086064K(2089472K)->4256K(2089472K) Eden: 2081792K(2081792K)->0K(2081792K) From: 4272K(7680K)->4256K(7680K)
[1483.087s][info ][gc,heap        ] GC(173) ParOldGen: 410749K(425472K)->410805K(425472K)
[1483.087s][info ][gc,metaspace   ] GC(173) Metaspace: 78225K(78912K)->78225K(78912K) NonClass: 67590K(67968K)->67590K(67968K) Class: 10634K(10944K)->10634K(10944K)
[1483.088s][info ][gc             ] GC(173) Pause Young (Allocation Failure) 2438M->405M(2456M) 4.752ms
[1483.088s][info ][gc,cpu         ] GC(173) User=0.02s Sys=0.00s Real=0.01s
[1483.088s][info ][safepoint      ] Safepoint "ParallelGCFailedAllocation", Time since last: 942355118 ns, Reaching safepoint: 121002 ns, At safepoint: 4871680 ns, Total: 4992682 ns
[1484.088s][info ][safepoint      ] Safepoint "Cleanup", Time since last: 1000092969 ns, Reaching safepoint: 113901 ns, At safepoint: 6401 ns, Total: 120302 ns
[1485.088s][info ][safepoint      ] Safepoint "Cleanup", Time since last: 1000114868 ns, Reaching safepoint: 114002 ns, At safepoint: 7100 ns, Total: 121102 ns
[1488.088s][info ][safepoint      ] Safepoint "Cleanup", Time since last: 3000238305 ns, Reaching safepoint: 118802 ns, At safepoint: 7900 ns, Total: 126702 ns
[1489.089s][info ][safepoint      ] Safepoint "Cleanup", Time since last: 1000107969 ns, Reaching safepoint: 148702 ns, At safepoint: 11100 ns, Total: 159802 ns
[1490.089s][info ][safepoint      ] Safepoint "Cleanup", Time since last: 1000112469 ns, Reaching safepoint: 119702 ns, At safepoint: 7400 ns, Total: 127102 ns
[1491.089s][info ][safepoint      ] Safepoint "Cleanup", Time since last: 1000113469 ns, Reaching safepoint: 54201 ns, At safepoint: 4000 ns, Total: 58201 ns
[1493.089s][info ][safepoint      ] Safepoint "Cleanup", Time since last: 2000162237 ns, Reaching safepoint: 49301 ns, At safepoint: 2600 ns, Total: 51901 ns
[1495.090s][info ][safepoint      ] Safepoint "Cleanup", Time since last: 2000192737 ns, Reaching safepoint: 114502 ns, At safepoint: 5700 ns, Total: 120202 ns
[1498.090s][info ][safepoint      ] Safepoint "Cleanup", Time since last: 3000244405 ns, Reaching safepoint: 57901 ns, At safepoint: 2900 ns, Total: 60801 ns
[1499.889s][info ][gc,start       ] GC(174) Pause Young (Allocation Failure)
[1499.892s][debug][gc,phases      ] GC(174) Scavenge 3.464ms
[1499.892s][debug][gc,ref         ] GC(174) Skipped phase 1 of Reference Processing: no references
[1499.892s][debug][gc,ref         ] GC(174) Skipped phase 3 of Reference Processing: no references
[1499.892s][debug][gc,ref         ] GC(174) Skipped phase 4 of Reference Processing: no references
[1499.892s][debug][gc,phases      ] GC(174) Reference Processing 0.023ms
[1499.893s][debug][gc,phases      ] GC(174) Weak Processing 0.563ms
[1499.893s][debug][gc,age         ] GC(174) Desired survivor size 7864320 bytes, new threshold 15 (max threshold 15)
[1499.893s][info ][gc,heap        ] GC(174) PSYoungGen: 2086048K(2089472K)->4192K(2089472K) Eden: 2081792K(2081792K)->0K(2081792K) From: 4256K(7680K)->4192K(7680K)
[1499.893s][info ][gc,heap        ] GC(174) ParOldGen: 410805K(425472K)->410837K(425472K)
[1499.893s][info ][gc,metaspace   ] GC(174) Metaspace: 78235K(78912K)->78235K(78912K) NonClass: 67600K(67968K)->67600K(67968K) Class: 10634K(10944K)->10634K(10944K)
[1499.893s][info ][gc             ] GC(174) Pause Young (Allocation Failure) 2438M->405M(2456M) 4.189ms
[1499.893s][info ][gc,cpu         ] GC(174) User=0.01s Sys=0.00s Real=0.00s
[1499.893s][info ][safepoint      ] Safepoint "ParallelGCFailedAllocation", Time since last: 1798844122 ns, Reaching safepoint: 35501 ns, At safepoint: 4261170 ns, Total: 4296671 ns
[1501.893s][info ][safepoint      ] Safepoint "Cleanup", Time since last: 2000112936 ns, Reaching safepoint: 47801 ns, At safepoint: 2600 ns, Total: 50401 ns
[1508.894s][info ][safepoint      ] Safepoint "Cleanup", Time since last: 7000489178 ns, Reaching safepoint: 81702 ns, At safepoint: 5400 ns, Total: 87102 ns
[1511.894s][info ][safepoint      ] Safepoint "Cleanup", Time since last: 3000226606 ns, Reaching safepoint: 50200 ns, At safepoint: 8901 ns, Total: 59101 ns
[1512.894s][info ][safepoint      ] Safepoint "Cleanup", Time since last: 1000105869 ns, Reaching safepoint: 46000 ns, At safepoint: 2401 ns, Total: 48401 ns
[1513.894s][info ][safepoint      ] Safepoint "Cleanup", Time since last: 1000106169 ns, Reaching safepoint: 52201 ns, At safepoint: 8400 ns, Total: 60601 ns
[1514.895s][info ][safepoint      ] Safepoint "Cleanup", Time since last: 1000103769 ns, Reaching safepoint: 48201 ns, At safepoint: 6300 ns, Total: 54501 ns
[1516.738s][info ][gc,start       ] GC(175) Pause Young (Allocation Failure)
[1516.741s][debug][gc,phases      ] GC(175) Scavenge 3.410ms
[1516.741s][debug][gc,ref         ] GC(175) Skipped phase 1 of Reference Processing: no references
[1516.741s][debug][gc,ref         ] GC(175) Skipped phase 3 of Reference Processing: no references
[1516.741s][debug][gc,phases      ] GC(175) Reference Processing 0.028ms
[1516.742s][debug][gc,phases      ] GC(175) Weak Processing 0.679ms
[1516.742s][debug][gc,age         ] GC(175) Desired survivor size 7340032 bytes, new threshold 15 (max threshold 15)
[1516.742s][info ][gc,heap        ] GC(175) PSYoungGen: 2085984K(2089472K)->4064K(2089984K) Eden: 2081792K(2081792K)->0K(2082304K) From: 4192K(7680K)->4064K(7680K)
[1516.742s][info ][gc,heap        ] GC(175) ParOldGen: 410837K(425472K)->411085K(425472K)
[1516.742s][info ][gc,metaspace   ] GC(175) Metaspace: 78303K(78976K)->78303K(78976K) NonClass: 67654K(68032K)->67654K(68032K) Class: 10649K(10944K)->10649K(10944K)
[1516.742s][info ][gc             ] GC(175) Pause Young (Allocation Failure) 2438M->405M(2456M) 4.287ms
[1516.742s][info ][gc,cpu         ] GC(175) User=0.01s Sys=0.00s Real=0.00s
[1516.742s][info ][safepoint      ] Safepoint "ParallelGCFailedAllocation", Time since last: 1843267754 ns, Reaching safepoint: 45400 ns, At safepoint: 4386073 ns, Total: 4431473 ns
[1518.742s][info ][safepoint      ] Safepoint "Cleanup", Time since last: 2000157137 ns, Reaching safepoint: 52101 ns, At safepoint: 2700 ns, Total: 54801 ns
[1521.743s][info ][safepoint      ] Safepoint "Cleanup", Time since last: 3000216006 ns, Reaching safepoint: 54701 ns, At safepoint: 7400 ns, Total: 62101 ns
[1522.743s][info ][safepoint      ] Safepoint "Cleanup", Time since last: 1000114969 ns, Reaching safepoint: 45101 ns, At safepoint: 7500 ns, Total: 52601 ns
[1523.743s][info ][safepoint      ] Safepoint "Cleanup", Time since last: 1000216571 ns, Reaching safepoint: 71602 ns, At safepoint: 5800 ns, Total: 77402 ns
[1526.743s][info ][safepoint      ] Safepoint "Cleanup", Time since last: 3000225706 ns, Reaching safepoint: 54301 ns, At safepoint: 13800 ns, Total: 68101 ns
[1530.744s][info ][safepoint      ] Safepoint "Cleanup", Time since last: 4000296176 ns, Reaching safepoint: 45401 ns, At safepoint: 4000 ns, Total: 49401 ns
[1533.037s][info ][gc,start       ] GC(176) Pause Young (Allocation Failure)
[1533.040s][debug][gc,phases      ] GC(176) Scavenge 3.100ms
[1533.040s][debug][gc,ref         ] GC(176) Skipped phase 1 of Reference Processing: no references
[1533.040s][debug][gc,ref         ] GC(176) Skipped phase 3 of Reference Processing: no references
[1533.040s][debug][gc,phases      ] GC(176) Reference Processing 0.036ms
[1533.041s][debug][gc,phases      ] GC(176) Weak Processing 0.760ms
[1533.041s][debug][gc,age         ] GC(176) Desired survivor size 7340032 bytes, new threshold 15 (max threshold 15)
[1533.041s][info ][gc,heap        ] GC(176) PSYoungGen: 2086368K(2089984K)->4112K(2089472K) Eden: 2082304K(2082304K)->0K(2082304K) From: 4064K(7680K)->4112K(7168K)
[1533.041s][info ][gc,heap        ] GC(176) ParOldGen: 411085K(425472K)->411117K(425472K)
[1533.041s][info ][gc,metaspace   ] GC(176) Metaspace: 78336K(78976K)->78336K(78976K) NonClass: 67682K(68032K)->67682K(68032K) Class: 10653K(10944K)->10653K(10944K)
[1533.041s][info ][gc             ] GC(176) Pause Young (Allocation Failure) 2438M->405M(2456M) 4.050ms
[1533.041s][info ][gc,cpu         ] GC(176) User=0.02s Sys=0.00s Real=0.00s
[1533.041s][info ][safepoint      ] Safepoint "ParallelGCFailedAllocation", Time since last: 2292569953 ns, Reaching safepoint: 109902 ns, At safepoint: 4144568 ns, Total: 4254470 ns
[1537.041s][info ][safepoint      ] Safepoint "Cleanup", Time since last: 4000289676 ns, Reaching safepoint: 54401 ns, At safepoint: 8200 ns, Total: 62601 ns
[1540.041s][info ][safepoint      ] Safepoint "Cleanup", Time since last: 3000242307 ns, Reaching safepoint: 74501 ns, At safepoint: 3301 ns, Total: 77802 ns
[1541.041s][info ][safepoint      ] Safepoint "Cleanup", Time since last: 1000092769 ns, Reaching safepoint: 47901 ns, At safepoint: 2800 ns, Total: 50701 ns
[1549.684s][info ][gc,start       ] GC(177) Pause Young (Allocation Failure)
[1549.687s][debug][gc,phases      ] GC(177) Scavenge 2.968ms
[1549.687s][debug][gc,ref         ] GC(177) Skipped phase 1 of Reference Processing: no references
[1549.687s][debug][gc,ref         ] GC(177) Skipped phase 3 of Reference Processing: no references
[1549.687s][debug][gc,phases      ] GC(177) Reference Processing 0.024ms
[1549.687s][debug][gc,phases      ] GC(177) Weak Processing 0.507ms
[1549.687s][debug][gc,age         ] GC(177) Desired survivor size 7340032 bytes, new threshold 15 (max threshold 15)
[1549.687s][info ][gc,heap        ] GC(177) PSYoungGen: 2086416K(2089472K)->4096K(2089984K) Eden: 2082304K(2082304K)->0K(2082816K) From: 4112K(7168K)->4096K(7168K)
[1549.687s][info ][gc,heap        ] GC(177) ParOldGen: 411117K(425472K)->411157K(425472K)
[1549.687s][info ][gc,metaspace   ] GC(177) Metaspace: 78341K(78976K)->78341K(78976K) NonClass: 67688K(68032K)->67688K(68032K) Class: 10653K(10944K)->10653K(10944K)
[1549.687s][info ][gc             ] GC(177) Pause Young (Allocation Failure) 2438M->405M(2456M) 3.630ms
[1549.687s][info ][gc,cpu         ] GC(177) User=0.01s Sys=0.00s Real=0.01s
[1549.687s][info ][safepoint      ] Safepoint "ParallelGCFailedAllocation", Time since last: 8642180219 ns, Reaching safepoint: 118401 ns, At safepoint: 3714162 ns, Total: 3832563 ns
[1550.688s][info ][safepoint      ] Safepoint "Cleanup", Time since last: 1000087369 ns, Reaching safepoint: 52201 ns, At safepoint: 7800 ns, Total: 60001 ns
[1551.688s][info ][safepoint      ] Safepoint "Cleanup", Time since last: 1000104970 ns, Reaching safepoint: 120102 ns, At safepoint: 7700 ns, Total: 127802 ns
[1552.688s][info ][safepoint      ] Safepoint "Cleanup", Time since last: 1000106670 ns, Reaching safepoint: 54701 ns, At safepoint: 2800 ns, Total: 57501 ns
[1568.689s][info ][safepoint      ] Safepoint "Cleanup", Time since last: 16001115709 ns, Reaching safepoint: 75601 ns, At safepoint: 11400 ns, Total: 87001 ns
[1569.689s][info ][safepoint      ] Safepoint "Cleanup", Time since last: 1000101370 ns, Reaching safepoint: 65401 ns, At safepoint: 8101 ns, Total: 73502 ns
[1571.886s][info ][gc,start       ] GC(178) Pause Young (Allocation Failure)
[1571.889s][debug][gc,phases      ] GC(178) Scavenge 3.277ms
[1571.890s][debug][gc,ref         ] GC(178) Skipped phase 1 of Reference Processing: no references
[1571.890s][debug][gc,ref         ] GC(178) Skipped phase 3 of Reference Processing: no references
[1571.890s][debug][gc,phases      ] GC(178) Reference Processing 0.030ms
[1571.890s][debug][gc,phases      ] GC(178) Weak Processing 0.683ms
[1571.890s][debug][gc,age         ] GC(178) Desired survivor size 7340032 bytes, new threshold 15 (max threshold 15)
[1571.890s][info ][gc,heap        ] GC(178) PSYoungGen: 2086912K(2089984K)->4128K(2089984K) Eden: 2082816K(2082816K)->0K(2082816K) From: 4096K(7168K)->4128K(7168K)
[1571.890s][info ][gc,heap        ] GC(178) ParOldGen: 411157K(425472K)->411189K(425472K)
[1571.890s][info ][gc,metaspace   ] GC(178) Metaspace: 78344K(78976K)->78344K(78976K) NonClass: 67691K(68032K)->67691K(68032K) Class: 10653K(10944K)->10653K(10944K)
[1571.890s][info ][gc             ] GC(178) Pause Young (Allocation Failure) 2439M->405M(2456M) 4.141ms
[1571.890s][info ][gc,cpu         ] GC(178) User=0.01s Sys=0.00s Real=0.00s
[1571.890s][info ][safepoint      ] Safepoint "ParallelGCFailedAllocation", Time since last: 2196578773 ns, Reaching safepoint: 113802 ns, At safepoint: 4236270 ns, Total: 4350072 ns
[1572.890s][info ][safepoint      ] Safepoint "Cleanup", Time since last: 1000091870 ns, Reaching safepoint: 45101 ns, At safepoint: 2500 ns, Total: 47601 ns
[1573.891s][info ][safepoint      ] Safepoint "Cleanup", Time since last: 1000093670 ns, Reaching safepoint: 61701 ns, At safepoint: 7600 ns, Total: 69301 ns
[1577.891s][info ][safepoint      ] Safepoint "Cleanup", Time since last: 4000306879 ns, Reaching safepoint: 54400 ns, At safepoint: 7101 ns, Total: 61501 ns
[1588.892s][info ][safepoint      ] Safepoint "Cleanup", Time since last: 11000747966 ns, Reaching safepoint: 52401 ns, At safepoint: 8800 ns, Total: 61201 ns
[1593.784s][info ][gc,start       ] GC(179) Pause Young (Allocation Failure)
[1593.787s][debug][gc,phases      ] GC(179) Scavenge 3.387ms
[1593.787s][debug][gc,ref         ] GC(179) Skipped phase 1 of Reference Processing: no references
[1593.787s][debug][gc,ref         ] GC(179) Skipped phase 3 of Reference Processing: no references
[1593.787s][debug][gc,phases      ] GC(179) Reference Processing 0.023ms
[1593.788s][debug][gc,phases      ] GC(179) Weak Processing 0.525ms
[1593.788s][debug][gc,age         ] GC(179) Desired survivor size 6815744 bytes, new threshold 15 (max threshold 15)
[1593.788s][info ][gc,heap        ] GC(179) PSYoungGen: 2086944K(2089984K)->3920K(2090496K) Eden: 2082816K(2082816K)->0K(2083328K) From: 4128K(7168K)->3920K(7168K)
[1593.788s][info ][gc,heap        ] GC(179) ParOldGen: 411189K(425472K)->411517K(425472K)
[1593.788s][info ][gc,metaspace   ] GC(179) Metaspace: 78349K(78976K)->78349K(78976K) NonClass: 67695K(68032K)->67695K(68032K) Class: 10653K(10944K)->10653K(10944K)
[1593.788s][info ][gc             ] GC(179) Pause Young (Allocation Failure) 2439M->405M(2457M) 4.064ms
[1593.788s][info ][gc,cpu         ] GC(179) User=0.01s Sys=0.00s Real=0.01s
[1593.788s][info ][safepoint      ] Safepoint "ParallelGCFailedAllocation", Time since last: 4891656459 ns, Reaching safepoint: 115602 ns, At safepoint: 4157268 ns, Total: 4272870 ns
[1600.788s][info ][safepoint      ] Safepoint "Cleanup", Time since last: 7000500289 ns, Reaching safepoint: 72302 ns, At safepoint: 10600 ns, Total: 82902 ns
[1604.789s][info ][safepoint      ] Safepoint "Cleanup", Time since last: 4000297180 ns, Reaching safepoint: 113602 ns, At safepoint: 11500 ns, Total: 125102 ns
[1609.789s][info ][safepoint      ] Safepoint "Cleanup", Time since last: 5000333750 ns, Reaching safepoint: 118002 ns, At safepoint: 6800 ns, Total: 124802 ns
[1611.790s][info ][safepoint      ] Safepoint "Cleanup", Time since last: 2000124240 ns, Reaching safepoint: 183503 ns, At safepoint: 10000 ns, Total: 193503 ns
[1611.943s][info ][gc,start       ] GC(180) Pause Young (Allocation Failure)
[1611.947s][debug][gc,phases      ] GC(180) Scavenge 3.893ms
[1611.947s][debug][gc,ref         ] GC(180) Skipped phase 1 of Reference Processing: no references
[1611.947s][debug][gc,ref         ] GC(180) Skipped phase 3 of Reference Processing: no references
[1611.947s][debug][gc,ref         ] GC(180) Skipped phase 4 of Reference Processing: no references
[1611.947s][debug][gc,phases      ] GC(180) Reference Processing 0.028ms
[1611.948s][debug][gc,phases      ] GC(180) Weak Processing 0.619ms
[1611.948s][debug][gc,age         ] GC(180) Desired survivor size 7340032 bytes, new threshold 15 (max threshold 15)
[1611.948s][info ][gc,heap        ] GC(180) PSYoungGen: 2087248K(2090496K)->1296K(2089984K) Eden: 2083328K(2083328K)->0K(2083328K) From: 3920K(7168K)->1296K(6656K)
[1611.948s][info ][gc,heap        ] GC(180) ParOldGen: 411517K(425472K)->414529K(425472K)
[1611.948s][info ][gc,metaspace   ] GC(180) Metaspace: 78361K(79040K)->78361K(79040K) NonClass: 67707K(68096K)->67707K(68096K) Class: 10653K(10944K)->10653K(10944K)
[1611.948s][info ][gc             ] GC(180) Pause Young (Allocation Failure) 2440M->406M(2456M) 4.696ms
[1611.948s][info ][gc,cpu         ] GC(180) User=0.02s Sys=0.00s Real=0.01s
[1611.948s][info ][safepoint      ] Safepoint "ParallelGCFailedAllocation", Time since last: 153370926 ns, Reaching safepoint: 40701 ns, At safepoint: 4785378 ns, Total: 4826079 ns
[1612.948s][info ][safepoint      ] Safepoint "Cleanup", Time since last: 1000090871 ns, Reaching safepoint: 56601 ns, At safepoint: 11500 ns, Total: 68101 ns
[1616.948s][info ][safepoint      ] Safepoint "Cleanup", Time since last: 4000286081 ns, Reaching safepoint: 50901 ns, At safepoint: 5600 ns, Total: 56501 ns
[1622.949s][info ][safepoint      ] Safepoint "Cleanup", Time since last: 6000437821 ns, Reaching safepoint: 46801 ns, At safepoint: 2300 ns, Total: 49101 ns
[1624.949s][info ][safepoint      ] Safepoint "Cleanup", Time since last: 2000210742 ns, Reaching safepoint: 61901 ns, At safepoint: 7200 ns, Total: 69101 ns
[1626.117s][info ][safepoint      ] Safepoint "Cleanup", Time since last: 1168200439 ns, Reaching safepoint: 75401 ns, At safepoint: 6601 ns, Total: 82002 ns
[1628.983s][info ][gc,start       ] GC(181) Pause Young (Allocation Failure)
[1628.987s][debug][gc,phases      ] GC(181) Scavenge 3.271ms
[1628.987s][debug][gc,ref         ] GC(181) Skipped phase 1 of Reference Processing: no references
[1628.987s][debug][gc,ref         ] GC(181) Skipped phase 3 of Reference Processing: no references
[1628.987s][debug][gc,phases      ] GC(181) Reference Processing 0.020ms
[1628.987s][debug][gc,phases      ] GC(181) Weak Processing 0.480ms
[1628.987s][debug][gc,age         ] GC(181) Desired survivor size 7340032 bytes, new threshold 15 (max threshold 15)
[1628.987s][info ][gc,heap        ] GC(181) PSYoungGen: 2084624K(2089984K)->1360K(2089984K) Eden: 2083328K(2083328K)->0K(2082816K) From: 1296K(6656K)->1360K(7168K)
[1628.987s][info ][gc,heap        ] GC(181) ParOldGen: 414529K(425472K)->414569K(425472K)
[1628.987s][info ][gc,metaspace   ] GC(181) Metaspace: 78370K(79040K)->78370K(79040K) NonClass: 67715K(68096K)->67715K(68096K) Class: 10654K(10944K)->10654K(10944K)
[1628.987s][info ][gc             ] GC(181) Pause Young (Allocation Failure) 2440M->406M(2456M) 3.901ms
[1628.987s][info ][gc,cpu         ] GC(181) User=0.01s Sys=0.00s Real=0.01s
[1628.987s][info ][safepoint      ] Safepoint "ParallelGCFailedAllocation", Time since last: 2866116202 ns, Reaching safepoint: 37501 ns, At safepoint: 3980765 ns, Total: 4018266 ns
[1630.988s][info ][safepoint      ] Safepoint "Cleanup", Time since last: 2000144741 ns, Reaching safepoint: 153903 ns, At safepoint: 13200 ns, Total: 167103 ns
[1634.988s][info ][safepoint      ] Safepoint "Cleanup", Time since last: 4000321682 ns, Reaching safepoint: 68701 ns, At safepoint: 10900 ns, Total: 79601 ns
[1636.988s][info ][safepoint      ] Safepoint "Cleanup", Time since last: 2000143841 ns, Reaching safepoint: 122402 ns, At safepoint: 9601 ns, Total: 132003 ns
[1648.239s][info ][gc,start       ] GC(182) Pause Young (Allocation Failure)
[1648.241s][debug][gc,phases      ] GC(182) Scavenge 2.713ms
[1648.241s][debug][gc,ref         ] GC(182) Skipped phase 1 of Reference Processing: no references
[1648.241s][debug][gc,ref         ] GC(182) Skipped phase 3 of Reference Processing: no references
[1648.241s][debug][gc,ref         ] GC(182) Skipped phase 4 of Reference Processing: no references
[1648.241s][debug][gc,phases      ] GC(182) Reference Processing 0.023ms
[1648.242s][debug][gc,phases      ] GC(182) Weak Processing 0.500ms
[1648.242s][debug][gc,age         ] GC(182) Desired survivor size 7340032 bytes, new threshold 15 (max threshold 15)
[1648.242s][info ][gc,heap        ] GC(182) PSYoungGen: 2084176K(2089984K)->1312K(2089984K) Eden: 2082816K(2082816K)->0K(2082816K) From: 1360K(7168K)->1312K(7168K)
[1648.242s][info ][gc,heap        ] GC(182) ParOldGen: 414569K(425472K)->414601K(425472K)
[1648.242s][info ][gc,metaspace   ] GC(182) Metaspace: 78379K(79040K)->78379K(79040K) NonClass: 67724K(68096K)->67724K(68096K) Class: 10654K(10944K)->10654K(10944K)
[1648.242s][info ][gc             ] GC(182) Pause Young (Allocation Failure) 2440M->406M(2456M) 3.355ms
[1648.242s][info ][gc,cpu         ] GC(182) User=0.01s Sys=0.00s Real=0.00s
[1648.242s][info ][safepoint      ] Safepoint "ParallelGCFailedAllocation", Time since last: 11250033581 ns, Reaching safepoint: 35300 ns, At safepoint: 3435157 ns, Total: 3470457 ns
[1657.242s][info ][safepoint      ] Safepoint "Cleanup", Time since last: 9000527834 ns, Reaching safepoint: 48701 ns, At safepoint: 5800 ns, Total: 54501 ns
[1661.039s][info ][safepoint      ] Safepoint "Cleanup", Time since last: 3796591129 ns, Reaching safepoint: 70601 ns, At safepoint: 7600 ns, Total: 78201 ns
[1666.439s][info ][gc,start       ] GC(183) Pause Young (Allocation Failure)
[1666.443s][debug][gc,phases      ] GC(183) Scavenge 3.113ms
[1666.443s][debug][gc,ref         ] GC(183) Skipped phase 1 of Reference Processing: no references
[1666.443s][debug][gc,ref         ] GC(183) Skipped phase 3 of Reference Processing: no references
[1666.443s][debug][gc,ref         ] GC(183) Skipped phase 4 of Reference Processing: no references
[1666.443s][debug][gc,phases      ] GC(183) Reference Processing 0.023ms
[1666.443s][debug][gc,phases      ] GC(183) Weak Processing 0.578ms
[1666.443s][debug][gc,age         ] GC(183) Desired survivor size 6815744 bytes, new threshold 15 (max threshold 15)
[1666.443s][info ][gc,heap        ] GC(183) PSYoungGen: 2084128K(2089984K)->1344K(2090496K) Eden: 2082816K(2082816K)->0K(2083328K) From: 1312K(7168K)->1344K(7168K)
[1666.443s][info ][gc,heap        ] GC(183) ParOldGen: 414601K(425472K)->414625K(425472K)
[1666.443s][info ][gc,metaspace   ] GC(183) Metaspace: 78382K(79040K)->78382K(79040K) NonClass: 67727K(68096K)->67727K(68096K) Class: 10654K(10944K)->10654K(10944K)
[1666.443s][info ][gc             ] GC(183) Pause Young (Allocation Failure) 2440M->406M(2457M) 3.873ms
[1666.443s][info ][gc,cpu         ] GC(183) User=0.02s Sys=0.00s Real=0.00s
[1666.443s][info ][safepoint      ] Safepoint "ParallelGCFailedAllocation", Time since last: 5400172439 ns, Reaching safepoint: 46501 ns, At safepoint: 3960165 ns, Total: 4006666 ns
[1669.444s][info ][safepoint      ] Safepoint "Cleanup", Time since last: 3000145311 ns, Reaching safepoint: 44001 ns, At safepoint: 2500 ns, Total: 46501 ns
[1675.444s][info ][safepoint      ] Safepoint "Cleanup", Time since last: 6000362325 ns, Reaching safepoint: 44600 ns, At safepoint: 3601 ns, Total: 48201 ns
[1680.734s][info ][safepoint      ] Safepoint "Cleanup", Time since last: 5290219129 ns, Reaching safepoint: 119902 ns, At safepoint: 9800 ns, Total: 129702 ns
[1682.735s][info ][safepoint      ] Safepoint "Cleanup", Time since last: 2000172842 ns, Reaching safepoint: 121802 ns, At safepoint: 11501 ns, Total: 133303 ns
[1684.085s][info ][gc,start       ] GC(184) Pause Young (Allocation Failure)
[1684.088s][debug][gc,phases      ] GC(184) Scavenge 3.173ms
[1684.088s][debug][gc,ref         ] GC(184) Skipped phase 1 of Reference Processing: no references
[1684.088s][debug][gc,ref         ] GC(184) Skipped phase 3 of Reference Processing: no references
[1684.088s][debug][gc,ref         ] GC(184) Skipped phase 4 of Reference Processing: no references
[1684.088s][debug][gc,phases      ] GC(184) Reference Processing 0.034ms
[1684.089s][debug][gc,phases      ] GC(184) Weak Processing 0.509ms
[1684.089s][debug][gc,age         ] GC(184) Desired survivor size 6815744 bytes, new threshold 15 (max threshold 15)
[1684.089s][info ][gc,heap        ] GC(184) PSYoungGen: 2084672K(2090496K)->1376K(2089984K) Eden: 2083328K(2083328K)->0K(2083328K) From: 1344K(7168K)->1376K(6656K)
[1684.089s][info ][gc,heap        ] GC(184) ParOldGen: 414625K(425472K)->414657K(425472K)
[1684.089s][info ][gc,metaspace   ] GC(184) Metaspace: 78393K(79040K)->78393K(79040K) NonClass: 67738K(68096K)->67738K(68096K) Class: 10654K(10944K)->10654K(10944K)
[1684.089s][info ][gc             ] GC(184) Pause Young (Allocation Failure) 2440M->406M(2456M) 3.846ms
[1684.089s][info ][gc,cpu         ] GC(184) User=0.01s Sys=0.00s Real=0.00s
[1684.089s][info ][safepoint      ] Safepoint "ParallelGCFailedAllocation", Time since last: 1350302939 ns, Reaching safepoint: 43501 ns, At safepoint: 3923564 ns, Total: 3967065 ns
[1685.089s][info ][safepoint      ] Safepoint "Cleanup", Time since last: 1000079672 ns, Reaching safepoint: 119102 ns, At safepoint: 4900 ns, Total: 124002 ns
[1699.090s][info ][safepoint      ] Safepoint "Cleanup", Time since last: 14000970496 ns, Reaching safepoint: 70601 ns, At safepoint: 3100 ns, Total: 73701 ns
[1702.132s][info ][gc,start       ] GC(185) Pause Young (Allocation Failure)
[1702.135s][debug][gc,phases      ] GC(185) Scavenge 3.115ms
[1702.136s][debug][gc,ref         ] GC(185) Skipped phase 1 of Reference Processing: no references
[1702.136s][debug][gc,ref         ] GC(185) Skipped phase 3 of Reference Processing: no references
[1702.136s][debug][gc,ref         ] GC(185) Skipped phase 4 of Reference Processing: no references
[1702.136s][debug][gc,phases      ] GC(185) Reference Processing 0.040ms
[1702.136s][debug][gc,phases      ] GC(185) Weak Processing 0.580ms
[1702.136s][debug][gc,age         ] GC(185) Desired survivor size 6815744 bytes, new threshold 15 (max threshold 15)
[1702.136s][info ][gc,heap        ] GC(185) PSYoungGen: 2084704K(2089984K)->1392K(2090496K) Eden: 2083328K(2083328K)->0K(2083840K) From: 1376K(6656K)->1392K(6656K)
[1702.136s][info ][gc,heap        ] GC(185) ParOldGen: 414657K(425472K)->414697K(425472K)
[1702.136s][info ][gc,metaspace   ] GC(185) Metaspace: 78393K(79040K)->78393K(79040K) NonClass: 67738K(68096K)->67738K(68096K) Class: 10654K(10944K)->10654K(10944K)
[1702.136s][info ][gc             ] GC(185) Pause Young (Allocation Failure) 2440M->406M(2457M) 3.867ms
[1702.136s][info ][gc,cpu         ] GC(185) User=0.02s Sys=0.00s Real=0.01s
[1702.136s][info ][safepoint      ] Safepoint "ParallelGCFailedAllocation", Time since last: 3042058703 ns, Reaching safepoint: 116402 ns, At safepoint: 3948865 ns, Total: 4065267 ns
[1706.137s][info ][safepoint      ] Safepoint "Cleanup", Time since last: 4000280286 ns, Reaching safepoint: 117401 ns, At safepoint: 10901 ns, Total: 128302 ns
[1719.138s][info ][safepoint      ] Safepoint "Cleanup", Time since last: 13000795726 ns, Reaching safepoint: 126402 ns, At safepoint: 8300 ns, Total: 134702 ns
[1720.387s][info ][gc,start       ] GC(186) Pause Young (Allocation Failure)
[1720.390s][debug][gc,phases      ] GC(186) Scavenge 3.264ms
[1720.390s][debug][gc,ref         ] GC(186) Skipped phase 1 of Reference Processing: no references
[1720.390s][debug][gc,ref         ] GC(186) Skipped phase 3 of Reference Processing: no references
[1720.390s][debug][gc,ref         ] GC(186) Skipped phase 4 of Reference Processing: no references
[1720.390s][debug][gc,phases      ] GC(186) Reference Processing 0.021ms
[1720.391s][debug][gc,phases      ] GC(186) Weak Processing 0.502ms
[1720.391s][debug][gc,age         ] GC(186) Desired survivor size 6291456 bytes, new threshold 15 (max threshold 15)
[1720.391s][info ][gc,heap        ] GC(186) PSYoungGen: 2085232K(2090496K)->1392K(2090496K) Eden: 2083840K(2083840K)->0K(2083840K) From: 1392K(6656K)->1392K(6656K)
[1720.391s][info ][gc,heap        ] GC(186) ParOldGen: 414697K(425472K)->414721K(425472K)
[1720.391s][info ][gc,metaspace   ] GC(186) Metaspace: 78407K(79040K)->78407K(79040K) NonClass: 67752K(68096K)->67752K(68096K) Class: 10654K(10944K)->10654K(10944K)
[1720.391s][info ][gc             ] GC(186) Pause Young (Allocation Failure) 2441M->406M(2457M) 3.920ms
[1720.391s][info ][gc,cpu         ] GC(186) User=0.01s Sys=0.00s Real=0.00s
[1720.391s][info ][safepoint      ] Safepoint "ParallelGCFailedAllocation", Time since last: 1248961271 ns, Reaching safepoint: 217304 ns, At safepoint: 4002966 ns, Total: 4220270 ns
[1722.391s][info ][safepoint      ] Safepoint "Cleanup", Time since last: 2000152143 ns, Reaching safepoint: 65501 ns, At safepoint: 2700 ns, Total: 68201 ns
[1723.391s][info ][safepoint      ] Safepoint "Cleanup", Time since last: 1000098472 ns, Reaching safepoint: 50901 ns, At safepoint: 7500 ns, Total: 58401 ns
[1724.391s][info ][safepoint      ] Safepoint "Cleanup", Time since last: 1000106072 ns, Reaching safepoint: 121602 ns, At safepoint: 9301 ns, Total: 130903 ns
[1726.392s][info ][safepoint      ] Safepoint "Cleanup", Time since last: 2000163343 ns, Reaching safepoint: 46601 ns, At safepoint: 2900 ns, Total: 49501 ns
[1727.392s][info ][safepoint      ] Safepoint "Cleanup", Time since last: 1000115072 ns, Reaching safepoint: 46201 ns, At safepoint: 3800 ns, Total: 50001 ns
[1731.392s][info ][safepoint      ] Safepoint "Cleanup", Time since last: 4000307887 ns, Reaching safepoint: 64101 ns, At safepoint: 4400 ns, Total: 68501 ns
[1741.634s][info ][gc,start       ] GC(187) Pause Young (Allocation Failure)
[1741.637s][debug][gc,phases      ] GC(187) Scavenge 2.915ms
[1741.637s][debug][gc,ref         ] GC(187) Skipped phase 1 of Reference Processing: no references
[1741.638s][debug][gc,ref         ] GC(187) Skipped phase 3 of Reference Processing: no references
[1741.638s][debug][gc,ref         ] GC(187) Skipped phase 4 of Reference Processing: no references
[1741.638s][debug][gc,phases      ] GC(187) Reference Processing 0.042ms
[1741.638s][debug][gc,phases      ] GC(187) Weak Processing 0.528ms
[1741.638s][debug][gc,age         ] GC(187) Desired survivor size 6291456 bytes, new threshold 15 (max threshold 15)
[1741.638s][info ][gc,heap        ] GC(187) PSYoungGen: 2085232K(2090496K)->1184K(2091008K) Eden: 2083840K(2083840K)->0K(2084864K) From: 1392K(6656K)->1184K(6144K)
[1741.638s][info ][gc,heap        ] GC(187) ParOldGen: 414721K(425472K)->414769K(425472K)
[1741.638s][info ][gc,metaspace   ] GC(187) Metaspace: 78412K(79040K)->78412K(79040K) NonClass: 67757K(68096K)->67757K(68096K) Class: 10654K(10944K)->10654K(10944K)
[1741.638s][info ][gc             ] GC(187) Pause Young (Allocation Failure) 2441M->406M(2457M) 3.614ms
[1741.638s][info ][gc,cpu         ] GC(187) User=0.01s Sys=0.00s Real=0.01s
[1741.638s][info ][safepoint      ] Safepoint "ParallelGCFailedAllocation", Time since last: 10242287896 ns, Reaching safepoint: 44501 ns, At safepoint: 3694861 ns, Total: 3739362 ns
[1748.639s][info ][safepoint      ] Safepoint "Cleanup", Time since last: 7000446002 ns, Reaching safepoint: 42100 ns, At safepoint: 2300 ns, Total: 44400 ns
[1766.736s][info ][gc,start       ] GC(188) Pause Young (Allocation Failure)
[1766.738s][debug][gc,phases      ] GC(188) Scavenge 2.735ms
[1766.738s][debug][gc,ref         ] GC(188) Skipped phase 1 of Reference Processing: no references
[1766.738s][debug][gc,ref         ] GC(188) Skipped phase 3 of Reference Processing: no references
[1766.738s][debug][gc,phases      ] GC(188) Reference Processing 0.021ms
[1766.739s][debug][gc,phases      ] GC(188) Weak Processing 0.500ms
[1766.739s][debug][gc,age         ] GC(188) Desired survivor size 6291456 bytes, new threshold 15 (max threshold 15)
[1766.739s][info ][gc,heap        ] GC(188) PSYoungGen: 2086048K(2091008K)->1168K(2091008K) Eden: 2084864K(2084864K)->0K(2084864K) From: 1184K(6144K)->1168K(6144K)
[1766.739s][info ][gc,heap        ] GC(188) ParOldGen: 414769K(425472K)->414853K(425472K)
[1766.739s][info ][gc,metaspace   ] GC(188) Metaspace: 78415K(79040K)->78415K(79040K) NonClass: 67759K(68096K)->67759K(68096K) Class: 10656K(10944K)->10656K(10944K)
[1766.739s][info ][gc             ] GC(188) Pause Young (Allocation Failure) 2442M->406M(2457M) 3.368ms
[1766.739s][info ][gc,cpu         ] GC(188) User=0.01s Sys=0.00s Real=0.01s
[1766.739s][info ][safepoint      ] Safepoint "ParallelGCFailedAllocation", Time since last: 18096743568 ns, Reaching safepoint: 88501 ns, At safepoint: 3452057 ns, Total: 3540558 ns
[1768.739s][info ][safepoint      ] Safepoint "Cleanup", Time since last: 2000068743 ns, Reaching safepoint: 39601 ns, At safepoint: 2500 ns, Total: 42101 ns
[1792.084s][info ][gc,start       ] GC(189) Pause Young (Allocation Failure)
[1792.087s][debug][gc,phases      ] GC(189) Scavenge 3.110ms
[1792.087s][debug][gc,ref         ] GC(189) Skipped phase 1 of Reference Processing: no references
[1792.087s][debug][gc,ref         ] GC(189) Skipped phase 3 of Reference Processing: no references
[1792.087s][debug][gc,ref         ] GC(189) Skipped phase 4 of Reference Processing: no references
[1792.087s][debug][gc,phases      ] GC(189) Reference Processing 0.021ms
[1792.087s][debug][gc,phases      ] GC(189) Weak Processing 0.577ms
[1792.087s][debug][gc,age         ] GC(189) Desired survivor size 5767168 bytes, new threshold 15 (max threshold 15)
[1792.087s][info ][gc,heap        ] GC(189) PSYoungGen: 2086032K(2091008K)->1088K(2091520K) Eden: 2084864K(2084864K)->0K(2085376K) From: 1168K(6144K)->1088K(6144K)
[1792.087s][info ][gc,heap        ] GC(189) ParOldGen: 414853K(425472K)->414885K(425472K)
[1792.087s][info ][gc,metaspace   ] GC(189) Metaspace: 78417K(79040K)->78417K(79040K) NonClass: 67761K(68096K)->67761K(68096K) Class: 10656K(10944K)->10656K(10944K)
[1792.087s][info ][gc             ] GC(189) Pause Young (Allocation Failure) 2442M->406M(2458M) 3.846ms
[1792.087s][info ][gc,cpu         ] GC(189) User=0.01s Sys=0.00s Real=0.01s
[1792.087s][info ][safepoint      ] Safepoint "ParallelGCFailedAllocation", Time since last: 23344382806 ns, Reaching safepoint: 150602 ns, At safepoint: 3930165 ns, Total: 4080767 ns
[1808.089s][info ][safepoint      ] Safepoint "Cleanup", Time since last: 16000996074 ns, Reaching safepoint: 138903 ns, At safepoint: 9700 ns, Total: 148603 ns
[1809.089s][info ][safepoint      ] Safepoint "Cleanup", Time since last: 1000106867 ns, Reaching safepoint: 38700 ns, At safepoint: 7000 ns, Total: 45700 ns
[1811.089s][info ][safepoint      ] Safepoint "Cleanup", Time since last: 2000167732 ns, Reaching safepoint: 46401 ns, At safepoint: 3600 ns, Total: 50001 ns
[1815.234s][info ][gc,start       ] GC(190) Pause Young (Allocation Failure)
[1815.244s][debug][gc,phases      ] GC(190) Scavenge 9.869ms
[1815.244s][debug][gc,ref         ] GC(190) Skipped phase 1 of Reference Processing: no references
[1815.244s][debug][gc,ref         ] GC(190) Skipped phase 3 of Reference Processing: no references
[1815.244s][debug][gc,phases      ] GC(190) Reference Processing 0.028ms
[1815.245s][debug][gc,phases      ] GC(190) Weak Processing 0.674ms
[1815.245s][debug][gc,age         ] GC(190) Desired survivor size 5767168 bytes, new threshold 15 (max threshold 15)
[1815.245s][info ][gc,heap        ] GC(190) PSYoungGen: 2086464K(2091520K)->1973K(2091008K) Eden: 2085376K(2085376K)->0K(2085376K) From: 1088K(6144K)->1973K(5632K)
[1815.245s][info ][gc,heap        ] GC(190) ParOldGen: 414885K(425472K)->431317K(442368K)
[1815.245s][info ][gc,metaspace   ] GC(190) Metaspace: 78443K(79104K)->78443K(79104K) NonClass: 67787K(68160K)->67787K(68160K) Class: 10656K(10944K)->10656K(10944K)
[1815.245s][info ][gc             ] GC(190) Pause Young (Allocation Failure) 2442M->423M(2474M) 10.709ms
[1815.245s][info ][gc,cpu         ] GC(190) User=0.03s Sys=0.00s Real=0.02s
[1815.245s][info ][safepoint      ] Safepoint "ParallelGCFailedAllocation", Time since last: 4145045971 ns, Reaching safepoint: 105801 ns, At safepoint: 10818281 ns, Total: 10924082 ns
[1823.246s][info ][safepoint      ] Safepoint "Cleanup", Time since last: 8000543400 ns, Reaching safepoint: 60101 ns, At safepoint: 10601 ns, Total: 70702 ns
[1836.836s][info ][gc,start       ] GC(191) Pause Young (Allocation Failure)
[1836.840s][debug][gc,phases      ] GC(191) Scavenge 3.377ms
[1836.840s][debug][gc,ref         ] GC(191) Skipped phase 1 of Reference Processing: no references
[1836.840s][debug][gc,phases      ] GC(191) Reference Processing 0.055ms
[1836.840s][debug][gc,phases      ] GC(191) Weak Processing 0.665ms
[1836.840s][debug][gc,age         ] GC(191) Desired survivor size 5242880 bytes, new threshold 15 (max threshold 15)
[1836.840s][info ][gc,heap        ] GC(191) PSYoungGen: 2087349K(2091008K)->2021K(2092032K) Eden: 2085376K(2085376K)->0K(2086400K) From: 1973K(5632K)->2021K(5632K)
[1836.840s][info ][gc,heap        ] GC(191) ParOldGen: 431317K(442368K)->431349K(442368K)
[1836.840s][info ][gc,metaspace   ] GC(191) Metaspace: 78446K(79104K)->78446K(79104K) NonClass: 67790K(68160K)->67790K(68160K) Class: 10656K(10944K)->10656K(10944K)
[1836.840s][info ][gc             ] GC(191) Pause Young (Allocation Failure) 2459M->423M(2475M) 4.245ms
[1836.840s][info ][gc,cpu         ] GC(191) User=0.02s Sys=0.00s Real=0.00s
[1836.840s][info ][safepoint      ] Safepoint "ParallelGCFailedAllocation", Time since last: 13590302088 ns, Reaching safepoint: 162602 ns, At safepoint: 4364273 ns, Total: 4526875 ns
[1845.845s][info ][safepoint      ] Safepoint "Cleanup", Time since last: 9004402064 ns, Reaching safepoint: 57901 ns, At safepoint: 7400 ns, Total: 65301 ns
[1859.884s][info ][gc,start       ] GC(192) Pause Young (Allocation Failure)
[1859.895s][debug][gc,phases      ] GC(192) Scavenge 11.580ms
[1859.895s][debug][gc,ref         ] GC(192) Skipped phase 1 of Reference Processing: no references
[1859.895s][debug][gc,ref         ] GC(192) Skipped phase 3 of Reference Processing: no references
[1859.895s][debug][gc,phases      ] GC(192) Reference Processing 0.049ms
[1859.896s][debug][gc,phases      ] GC(192) Weak Processing 0.792ms
[1859.896s][debug][gc,age         ] GC(192) Desired survivor size 5242880 bytes, new threshold 15 (max threshold 15)
[1859.896s][info ][gc,heap        ] GC(192) PSYoungGen: 2088421K(2092032K)->1909K(2091520K) Eden: 2086400K(2086400K)->0K(2086400K) From: 2021K(5632K)->1909K(5120K)
[1859.896s][info ][gc,heap        ] GC(192) ParOldGen: 431349K(442368K)->431373K(442368K)
[1859.896s][info ][gc,metaspace   ] GC(192) Metaspace: 78448K(79104K)->78448K(79104K) NonClass: 67792K(68160K)->67792K(68160K) Class: 10656K(10944K)->10656K(10944K)
[1859.896s][info ][gc             ] GC(192) Pause Young (Allocation Failure) 2460M->423M(2474M) 12.571ms
[1859.896s][info ][gc,cpu         ] GC(192) User=0.02s Sys=0.00s Real=0.02s
[1859.896s][info ][safepoint      ] Safepoint "ParallelGCFailedAllocation", Time since last: 14038594158 ns, Reaching safepoint: 69001 ns, At safepoint: 12678811 ns, Total: 12747812 ns
[1883.027s][info ][gc,start       ] GC(193) Pause Young (Allocation Failure)
[1883.030s][debug][gc,phases      ] GC(193) Scavenge 3.139ms
[1883.030s][debug][gc,ref         ] GC(193) Skipped phase 1 of Reference Processing: no references
[1883.030s][debug][gc,ref         ] GC(193) Skipped phase 3 of Reference Processing: no references
[1883.030s][debug][gc,phases      ] GC(193) Reference Processing 0.030ms
[1883.031s][debug][gc,phases      ] GC(193) Weak Processing 0.698ms
[1883.031s][debug][gc,age         ] GC(193) Desired survivor size 4718592 bytes, new threshold 15 (max threshold 15)
[1883.031s][info ][gc,heap        ] GC(193) PSYoungGen: 2088309K(2091520K)->1845K(2092544K) Eden: 2086400K(2086400K)->0K(2087424K) From: 1909K(5120K)->1845K(5120K)
[1883.031s][info ][gc,heap        ] GC(193) ParOldGen: 431373K(442368K)->431437K(442368K)
[1883.031s][info ][gc,metaspace   ] GC(193) Metaspace: 78448K(79104K)->78448K(79104K) NonClass: 67792K(68160K)->67792K(68160K) Class: 10656K(10944K)->10656K(10944K)
[1883.031s][info ][gc             ] GC(193) Pause Young (Allocation Failure) 2460M->423M(2475M) 4.028ms
[1883.031s][info ][gc,cpu         ] GC(193) User=0.01s Sys=0.00s Real=0.00s
[1883.031s][info ][safepoint      ] Safepoint "ParallelGCFailedAllocation", Time since last: 23130577322 ns, Reaching safepoint: 33900 ns, At safepoint: 4126369 ns, Total: 4160269 ns
[1884.031s][info ][safepoint      ] Safepoint "Cleanup", Time since last: 1000090443 ns, Reaching safepoint: 49501 ns, At safepoint: 8900 ns, Total: 58401 ns
[1885.031s][info ][safepoint      ] Safepoint "Cleanup", Time since last: 1000102944 ns, Reaching safepoint: 62001 ns, At safepoint: 10500 ns, Total: 72501 ns
[1898.032s][info ][safepoint      ] Safepoint "Cleanup", Time since last: 13000895733 ns, Reaching safepoint: 84602 ns, At safepoint: 11900 ns, Total: 96502 ns
[1906.033s][info ][safepoint      ] Safepoint "Cleanup", Time since last: 8000602506 ns, Reaching safepoint: 58500 ns, At safepoint: 9001 ns, Total: 67501 ns
[1906.133s][info ][gc,start       ] GC(194) Pause Young (Allocation Failure)
[1906.137s][debug][gc,phases      ] GC(194) Scavenge 3.566ms
[1906.137s][debug][gc,ref         ] GC(194) Skipped phase 1 of Reference Processing: no references
[1906.137s][debug][gc,ref         ] GC(194) Skipped phase 3 of Reference Processing: no references
[1906.137s][debug][gc,phases      ] GC(194) Reference Processing 0.023ms
[1906.137s][debug][gc,phases      ] GC(194) Weak Processing 0.681ms
[1906.137s][debug][gc,age         ] GC(194) Desired survivor size 4718592 bytes, new threshold 15 (max threshold 15)
[1906.137s][info ][gc,heap        ] GC(194) PSYoungGen: 2089269K(2092544K)->1845K(2092032K) Eden: 2087424K(2087424K)->0K(2087424K) From: 1845K(5120K)->1845K(4608K)
[1906.137s][info ][gc,heap        ] GC(194) ParOldGen: 431437K(442368K)->431501K(442368K)
[1906.137s][info ][gc,metaspace   ] GC(194) Metaspace: 78457K(79104K)->78457K(79104K) NonClass: 67801K(68160K)->67801K(68160K) Class: 10656K(10944K)->10656K(10944K)
[1906.137s][info ][gc             ] GC(194) Pause Young (Allocation Failure) 2461M->423M(2475M) 4.432ms
[1906.137s][info ][gc,cpu         ] GC(194) User=0.01s Sys=0.00s Real=0.01s
[1906.137s][info ][safepoint      ] Safepoint "ParallelGCFailedAllocation", Time since last: 99966963 ns, Reaching safepoint: 46700 ns, At safepoint: 4508775 ns, Total: 4555475 ns
[1910.138s][info ][safepoint      ] Safepoint "Cleanup", Time since last: 4000290346 ns, Reaching safepoint: 131703 ns, At safepoint: 15200 ns, Total: 146903 ns
[1911.138s][info ][safepoint      ] Safepoint "Cleanup", Time since last: 1000113736 ns, Reaching safepoint: 121602 ns, At safepoint: 11201 ns, Total: 132803 ns
[1918.139s][info ][safepoint      ] Safepoint "Cleanup", Time since last: 7000504143 ns, Reaching safepoint: 134602 ns, At safepoint: 8300 ns, Total: 142902 ns
[1924.139s][info ][safepoint      ] Safepoint "Cleanup", Time since last: 6000464699 ns, Reaching safepoint: 86402 ns, At safepoint: 8500 ns, Total: 94902 ns
[1929.336s][info ][gc,start       ] GC(195) Pause Young (Allocation Failure)
[1929.339s][debug][gc,phases      ] GC(195) Scavenge 3.204ms
[1929.339s][debug][gc,ref         ] GC(195) Skipped phase 1 of Reference Processing: no references
[1929.339s][debug][gc,ref         ] GC(195) Skipped phase 3 of Reference Processing: no references
[1929.339s][debug][gc,phases      ] GC(195) Reference Processing 0.032ms
[1929.340s][debug][gc,phases      ] GC(195) Weak Processing 0.588ms
[1929.340s][debug][gc,age         ] GC(195) Desired survivor size 4194304 bytes, new threshold 15 (max threshold 15)
[1929.340s][info ][gc,heap        ] GC(195) PSYoungGen: 2089269K(2092032K)->1826K(2093056K) Eden: 2087424K(2087424K)->0K(2088448K) From: 1845K(4608K)->1826K(4608K)
[1929.340s][info ][gc,heap        ] GC(195) ParOldGen: 431501K(442368K)->431581K(442368K)
[1929.340s][info ][gc,metaspace   ] GC(195) Metaspace: 78459K(79104K)->78459K(79104K) NonClass: 67803K(68160K)->67803K(68160K) Class: 10656K(10944K)->10656K(10944K)
[1929.340s][info ][gc             ] GC(195) Pause Young (Allocation Failure) 2461M->423M(2476M) 3.964ms
[1929.340s][info ][gc,cpu         ] GC(195) User=0.01s Sys=0.00s Real=0.01s
[1929.340s][info ][safepoint      ] Safepoint "ParallelGCFailedAllocation", Time since last: 5196325717 ns, Reaching safepoint: 102101 ns, At safepoint: 4053368 ns, Total: 4155469 ns
[1930.340s][info ][safepoint      ] Safepoint "Cleanup", Time since last: 1000087631 ns, Reaching safepoint: 53801 ns, At safepoint: 9700 ns, Total: 63501 ns
[1936.341s][info ][safepoint      ] Safepoint "Cleanup", Time since last: 6000459080 ns, Reaching safepoint: 49900 ns, At safepoint: 10201 ns, Total: 60101 ns
[1937.341s][info ][safepoint      ] Safepoint "Cleanup", Time since last: 1000118529 ns, Reaching safepoint: 47301 ns, At safepoint: 7700 ns, Total: 55001 ns
[1938.341s][info ][safepoint      ] Safepoint "Cleanup", Time since last: 1000116930 ns, Reaching safepoint: 51201 ns, At safepoint: 4200 ns, Total: 55401 ns
[1945.341s][info ][safepoint      ] Safepoint "Cleanup", Time since last: 7000511894 ns, Reaching safepoint: 60901 ns, At safepoint: 10500 ns, Total: 71401 ns
[1952.340s][info ][gc,start       ] GC(196) Pause Young (Allocation Failure)
[1952.343s][debug][gc,phases      ] GC(196) Scavenge 3.102ms
[1952.343s][debug][gc,ref         ] GC(196) Skipped phase 1 of Reference Processing: no references
[1952.343s][debug][gc,ref         ] GC(196) Skipped phase 3 of Reference Processing: no references
[1952.343s][debug][gc,phases      ] GC(196) Reference Processing 0.023ms
[1952.344s][debug][gc,phases      ] GC(196) Weak Processing 0.550ms
[1952.344s][debug][gc,age         ] GC(196) Desired survivor size 4194304 bytes, new threshold 15 (max threshold 15)
[1952.344s][info ][gc,heap        ] GC(196) PSYoungGen: 2090274K(2093056K)->1765K(2092544K) Eden: 2088448K(2088448K)->0K(2088448K) From: 1826K(4608K)->1765K(4096K)
[1952.344s][info ][gc,heap        ] GC(196) ParOldGen: 431581K(442368K)->431613K(442368K)
[1952.344s][info ][gc,metaspace   ] GC(196) Metaspace: 78460K(79104K)->78460K(79104K) NonClass: 67804K(68160K)->67804K(68160K) Class: 10656K(10944K)->10656K(10944K)
[1952.344s][info ][gc             ] GC(196) Pause Young (Allocation Failure) 2462M->423M(2475M) 3.818ms
[1952.344s][info ][gc,cpu         ] GC(196) User=0.01s Sys=0.00s Real=0.00s
[1952.344s][info ][safepoint      ] Safepoint "ParallelGCFailedAllocation", Time since last: 6998600250 ns, Reaching safepoint: 148202 ns, At safepoint: 3943866 ns, Total: 4092068 ns
[1960.345s][info ][safepoint      ] Safepoint "Cleanup", Time since last: 8000541092 ns, Reaching safepoint: 43601 ns, At safepoint: 3000 ns, Total: 46601 ns
[1965.345s][info ][safepoint      ] Safepoint "Cleanup", Time since last: 5000372113 ns, Reaching safepoint: 52201 ns, At safepoint: 7900 ns, Total: 60101 ns
[1975.590s][info ][gc,start       ] GC(197) Pause Young (Allocation Failure)
[1975.593s][debug][gc,phases      ] GC(197) Scavenge 2.931ms
[1975.593s][debug][gc,ref         ] GC(197) Skipped phase 1 of Reference Processing: no references
[1975.593s][debug][gc,ref         ] GC(197) Skipped phase 3 of Reference Processing: no references
[1975.593s][debug][gc,phases      ] GC(197) Reference Processing 0.035ms
[1975.594s][debug][gc,phases      ] GC(197) Weak Processing 0.702ms
[1975.594s][debug][gc,age         ] GC(197) Desired survivor size 4194304 bytes, new threshold 15 (max threshold 15)
[1975.594s][info ][gc,heap        ] GC(197) PSYoungGen: 2090213K(2092544K)->1813K(2093056K) Eden: 2088448K(2088448K)->0K(2088960K) From: 1765K(4096K)->1813K(4096K)
[1975.594s][info ][gc,heap        ] GC(197) ParOldGen: 431613K(442368K)->431629K(442368K)
[1975.594s][info ][gc,metaspace   ] GC(197) Metaspace: 78463K(79104K)->78463K(79104K) NonClass: 67806K(68160K)->67806K(68160K) Class: 10657K(10944K)->10657K(10944K)
[1975.594s][info ][gc             ] GC(197) Pause Young (Allocation Failure) 2462M->423M(2476M) 3.831ms
[1975.594s][info ][gc,cpu         ] GC(197) User=0.02s Sys=0.00s Real=0.00s
[1975.594s][info ][safepoint      ] Safepoint "ParallelGCFailedAllocation", Time since last: 10245075068 ns, Reaching safepoint: 111302 ns, At safepoint: 3955665 ns, Total: 4066967 ns
[1999.183s][info ][gc,start       ] GC(198) Pause Young (Allocation Failure)
[1999.186s][debug][gc,phases      ] GC(198) Scavenge 2.962ms
[1999.186s][debug][gc,ref         ] GC(198) Skipped phase 1 of Reference Processing: no references
[1999.186s][debug][gc,ref         ] GC(198) Skipped phase 3 of Reference Processing: no references
[1999.186s][debug][gc,phases      ] GC(198) Reference Processing 0.033ms
[1999.187s][debug][gc,phases      ] GC(198) Weak Processing 0.651ms
[1999.187s][debug][gc,age         ] GC(198) Desired survivor size 4194304 bytes, new threshold 15 (max threshold 15)
[1999.187s][info ][gc,heap        ] GC(198) PSYoungGen: 2090773K(2093056K)->1701K(2093056K) Eden: 2088960K(2088960K)->0K(2088960K) From: 1813K(4096K)->1701K(4096K)
[1999.187s][info ][gc,heap        ] GC(198) ParOldGen: 431629K(442368K)->431661K(442368K)
[1999.187s][info ][gc,metaspace   ] GC(198) Metaspace: 78475K(79104K)->78475K(79104K) NonClass: 67815K(68160K)->67815K(68160K) Class: 10659K(10944K)->10659K(10944K)
[1999.187s][info ][gc             ] GC(198) Pause Young (Allocation Failure) 2463M->423M(2476M) 3.812ms
[1999.187s][info ][gc,cpu         ] GC(198) User=0.01s Sys=0.00s Real=0.01s
[1999.187s][info ][safepoint      ] Safepoint "ParallelGCFailedAllocation", Time since last: 23588803141 ns, Reaching safepoint: 116902 ns, At safepoint: 3916465 ns, Total: 4033367 ns
[2021.189s][info ][safepoint      ] Safepoint "Cleanup", Time since last: 22001412551 ns, Reaching safepoint: 48301 ns, At safepoint: 5200 ns, Total: 53501 ns
[2022.189s][info ][safepoint      ] Safepoint "Cleanup", Time since last: 1000109510 ns, Reaching safepoint: 54301 ns, At safepoint: 9500 ns, Total: 63801 ns
[2023.134s][info ][gc,start       ] GC(199) Pause Young (Allocation Failure)
[2023.136s][debug][gc,phases      ] GC(199) Scavenge 2.853ms
[2023.136s][debug][gc,ref         ] GC(199) Skipped phase 1 of Reference Processing: no references
[2023.136s][debug][gc,ref         ] GC(199) Skipped phase 3 of Reference Processing: no references
[2023.136s][debug][gc,phases      ] GC(199) Reference Processing 0.041ms
[2023.137s][debug][gc,phases      ] GC(199) Weak Processing 0.504ms
[2023.137s][debug][gc,age         ] GC(199) Desired survivor size 3670016 bytes, new threshold 15 (max threshold 15)
[2023.137s][info ][gc,heap        ] GC(199) PSYoungGen: 2090661K(2093056K)->1797K(2093568K) Eden: 2088960K(2088960K)->0K(2089472K) From: 1701K(4096K)->1797K(4096K)
[2023.137s][info ][gc,heap        ] GC(199) ParOldGen: 431661K(442368K)->431705K(442368K)
[2023.137s][info ][gc,metaspace   ] GC(199) Metaspace: 78554K(79232K)->78554K(79232K) NonClass: 67887K(68224K)->67887K(68224K) Class: 10667K(11008K)->10667K(11008K)
[2023.137s][info ][gc             ] GC(199) Pause Young (Allocation Failure) 2463M->423M(2476M) 3.524ms
[2023.137s][info ][gc,cpu         ] GC(199) User=0.00s Sys=0.01s Real=0.01s
[2023.137s][info ][safepoint      ] Safepoint "ParallelGCFailedAllocation", Time since last: 944573887 ns, Reaching safepoint: 128802 ns, At safepoint: 3607360 ns, Total: 3736162 ns
[2024.137s][info ][safepoint      ] Safepoint "Cleanup", Time since last: 1000073809 ns, Reaching safepoint: 122902 ns, At safepoint: 14400 ns, Total: 137302 ns
[2027.138s][info ][safepoint      ] Safepoint "Cleanup", Time since last: 3000258825 ns, Reaching safepoint: 53701 ns, At safepoint: 8700 ns, Total: 62401 ns
[2036.138s][info ][safepoint      ] Safepoint "Cleanup", Time since last: 9000636862 ns, Reaching safepoint: 52301 ns, At safepoint: 9600 ns, Total: 61901 ns
[2044.139s][info ][safepoint      ] Safepoint "Cleanup", Time since last: 8000575742 ns, Reaching safepoint: 78001 ns, At safepoint: 4400 ns, Total: 82401 ns
[2047.186s][info ][gc,start       ] GC(200) Pause Young (Allocation Failure)
[2047.189s][debug][gc,phases      ] GC(200) Scavenge 2.584ms
[2047.189s][debug][gc,ref         ] GC(200) Skipped phase 1 of Reference Processing: no references
[2047.189s][debug][gc,ref         ] GC(200) Skipped phase 3 of Reference Processing: no references
[2047.189s][debug][gc,phases      ] GC(200) Reference Processing 0.021ms
[2047.190s][debug][gc,phases      ] GC(200) Weak Processing 0.516ms
[2047.190s][debug][gc,age         ] GC(200) Desired survivor size 3670016 bytes, new threshold 15 (max threshold 15)
[2047.190s][info ][gc,heap        ] GC(200) PSYoungGen: 2091269K(2093568K)->1717K(2093056K) Eden: 2089472K(2089472K)->0K(2089472K) From: 1797K(4096K)->1717K(3584K)
[2047.190s][info ][gc,heap        ] GC(200) ParOldGen: 431705K(442368K)->431754K(442368K)
[2047.190s][info ][gc,metaspace   ] GC(200) Metaspace: 78560K(79232K)->78560K(79232K) NonClass: 67893K(68224K)->67893K(68224K) Class: 10667K(11008K)->10667K(11008K)
[2047.190s][info ][gc             ] GC(200) Pause Young (Allocation Failure) 2463M->423M(2476M) 3.249ms
[2047.190s][info ][gc,cpu         ] GC(200) User=0.01s Sys=0.00s Real=0.00s
[2047.190s][info ][safepoint      ] Safepoint "ParallelGCFailedAllocation", Time since last: 3047259093 ns, Reaching safepoint: 47601 ns, At safepoint: 3326255 ns, Total: 3373856 ns
[2056.190s][info ][safepoint      ] Safepoint "Cleanup", Time since last: 9000601724 ns, Reaching safepoint: 50201 ns, At safepoint: 6100 ns, Total: 56301 ns
[2057.190s][info ][safepoint      ] Safepoint "Cleanup", Time since last: 1000112102 ns, Reaching safepoint: 60401 ns, At safepoint: 5600 ns, Total: 66001 ns
[2063.191s][info ][safepoint      ] Safepoint "Cleanup", Time since last: 6000440407 ns, Reaching safepoint: 52001 ns, At safepoint: 8000 ns, Total: 60001 ns
[2071.083s][info ][gc,start       ] GC(201) Pause Young (Allocation Failure)
[2071.086s][debug][gc,phases      ] GC(201) Scavenge 2.591ms
[2071.086s][debug][gc,ref         ] GC(201) Skipped phase 1 of Reference Processing: no references
[2071.086s][debug][gc,ref         ] GC(201) Skipped phase 3 of Reference Processing: no references
[2071.086s][debug][gc,phases      ] GC(201) Reference Processing 0.022ms
[2071.087s][debug][gc,phases      ] GC(201) Weak Processing 0.560ms
[2071.087s][debug][gc,age         ] GC(201) Desired survivor size 3670016 bytes, new threshold 15 (max threshold 15)
[2071.087s][info ][gc,heap        ] GC(201) PSYoungGen: 2091189K(2093056K)->1685K(2093568K) Eden: 2089472K(2089472K)->0K(2089984K) From: 1717K(3584K)->1685K(3584K)
[2071.087s][info ][gc,heap        ] GC(201) ParOldGen: 431754K(442368K)->431834K(442368K)
[2071.087s][info ][gc,metaspace   ] GC(201) Metaspace: 78563K(79232K)->78563K(79232K) NonClass: 67895K(68224K)->67895K(68224K) Class: 10667K(11008K)->10667K(11008K)
[2071.087s][info ][gc             ] GC(201) Pause Young (Allocation Failure) 2463M->423M(2476M) 3.341ms
[2071.087s][info ][gc,cpu         ] GC(201) User=0.01s Sys=0.00s Real=0.01s
[2071.087s][info ][safepoint      ] Safepoint "ParallelGCFailedAllocation", Time since last: 7892378101 ns, Reaching safepoint: 120802 ns, At safepoint: 3435257 ns, Total: 3556059 ns
[2072.087s][info ][safepoint      ] Safepoint "Cleanup", Time since last: 1000094899 ns, Reaching safepoint: 59501 ns, At safepoint: 7500 ns, Total: 67001 ns
[2075.087s][info ][safepoint      ] Safepoint "Cleanup", Time since last: 3000232696 ns, Reaching safepoint: 128602 ns, At safepoint: 11100 ns, Total: 139702 ns
[2095.089s][info ][safepoint      ] Safepoint "Cleanup", Time since last: 20001473424 ns, Reaching safepoint: 58301 ns, At safepoint: 7701 ns, Total: 66002 ns
[2095.238s][info ][gc,start       ] GC(202) Pause Young (Allocation Failure)
[2095.242s][debug][gc,phases      ] GC(202) Scavenge 3.323ms
[2095.242s][debug][gc,ref         ] GC(202) Skipped phase 1 of Reference Processing: no references
[2095.242s][debug][gc,ref         ] GC(202) Skipped phase 3 of Reference Processing: no references
[2095.242s][debug][gc,phases      ] GC(202) Reference Processing 0.026ms
[2095.243s][debug][gc,phases      ] GC(202) Weak Processing 0.685ms
[2095.243s][debug][gc,age         ] GC(202) Desired survivor size 3670016 bytes, new threshold 15 (max threshold 15)
[2095.243s][info ][gc,heap        ] GC(202) PSYoungGen: 2091669K(2093568K)->1589K(2093568K) Eden: 2089984K(2089984K)->0K(2089984K) From: 1685K(3584K)->1589K(3584K)
[2095.243s][info ][gc,heap        ] GC(202) ParOldGen: 431834K(442368K)->431962K(442368K)
[2095.243s][info ][gc,metaspace   ] GC(202) Metaspace: 78563K(79232K)->78563K(79232K) NonClass: 67896K(68224K)->67896K(68224K) Class: 10667K(11008K)->10667K(11008K)
[2095.243s][info ][gc             ] GC(202) Pause Young (Allocation Failure) 2464M->423M(2476M) 4.178ms
[2095.243s][info ][gc,cpu         ] GC(202) User=0.02s Sys=0.00s Real=0.00s
[2095.243s][info ][safepoint      ] Safepoint "ParallelGCFailedAllocation", Time since last: 149367378 ns, Reaching safepoint: 35401 ns, At safepoint: 4273170 ns, Total: 4308571 ns
[2118.244s][info ][safepoint      ] Safepoint "Cleanup", Time since last: 23001540818 ns, Reaching safepoint: 74701 ns, At safepoint: 13300 ns, Total: 88001 ns
[2118.787s][info ][gc,start       ] GC(203) Pause Young (Allocation Failure)
[2118.791s][debug][gc,phases      ] GC(203) Scavenge 3.393ms
[2118.791s][debug][gc,ref         ] GC(203) Skipped phase 1 of Reference Processing: no references
[2118.791s][debug][gc,ref         ] GC(203) Skipped phase 3 of Reference Processing: no references
[2118.791s][debug][gc,phases      ] GC(203) Reference Processing 0.045ms
[2118.792s][debug][gc,phases      ] GC(203) Weak Processing 0.757ms
[2118.792s][debug][gc,age         ] GC(203) Desired survivor size 3145728 bytes, new threshold 15 (max threshold 15)
[2118.792s][info ][gc,heap        ] GC(203) PSYoungGen: 2091573K(2093568K)->1602K(2094080K) Eden: 2089984K(2089984K)->0K(2090496K) From: 1589K(3584K)->1602K(3584K)
[2118.792s][info ][gc,heap        ] GC(203) ParOldGen: 431962K(442368K)->431994K(442368K)
[2118.792s][info ][gc,metaspace   ] GC(203) Metaspace: 78565K(79232K)->78565K(79232K) NonClass: 67897K(68224K)->67897K(68224K) Class: 10667K(11008K)->10667K(11008K)
[2118.792s][info ][gc             ] GC(203) Pause Young (Allocation Failure) 2464M->423M(2477M) 4.381ms
[2118.792s][info ][gc,cpu         ] GC(203) User=0.01s Sys=0.00s Real=0.00s
[2118.792s][info ][safepoint      ] Safepoint "ParallelGCFailedAllocation", Time since last: 542893206 ns, Reaching safepoint: 107802 ns, At safepoint: 4522475 ns, Total: 4630277 ns
[2122.792s][info ][safepoint      ] Safepoint "Cleanup", Time since last: 4000311959 ns, Reaching safepoint: 121902 ns, At safepoint: 12900 ns, Total: 134802 ns
[2123.792s][info ][safepoint      ] Safepoint "Cleanup", Time since last: 1000101190 ns, Reaching safepoint: 52700 ns, At safepoint: 9101 ns, Total: 61801 ns
[2128.793s][info ][safepoint      ] Safepoint "Cleanup", Time since last: 5000409344 ns, Reaching safepoint: 56400 ns, At safepoint: 3300 ns, Total: 59700 ns
[2131.793s][info ][safepoint      ] Safepoint "Cleanup", Time since last: 3000243365 ns, Reaching safepoint: 61401 ns, At safepoint: 6200 ns, Total: 67601 ns
[2141.532s][info ][gc,start       ] GC(204) Pause Young (Allocation Failure)
[2141.535s][debug][gc,phases      ] GC(204) Scavenge 2.797ms
[2141.535s][debug][gc,ref         ] GC(204) Skipped phase 1 of Reference Processing: no references
[2141.535s][debug][gc,ref         ] GC(204) Skipped phase 3 of Reference Processing: no references
[2141.535s][debug][gc,phases      ] GC(204) Reference Processing 0.021ms
[2141.536s][debug][gc,phases      ] GC(204) Weak Processing 0.538ms
[2141.536s][debug][gc,age         ] GC(204) Desired survivor size 3145728 bytes, new threshold 15 (max threshold 15)
[2141.536s][info ][gc,heap        ] GC(204) PSYoungGen: 2092098K(2094080K)->1589K(2093568K) Eden: 2090496K(2090496K)->0K(2090496K) From: 1602K(3584K)->1589K(3072K)
[2141.536s][info ][gc,heap        ] GC(204) ParOldGen: 431994K(442368K)->432018K(442368K)
[2141.536s][info ][gc,metaspace   ] GC(204) Metaspace: 78566K(79232K)->78566K(79232K) NonClass: 67899K(68224K)->67899K(68224K) Class: 10667K(11008K)->10667K(11008K)
[2141.536s][info ][gc             ] GC(204) Pause Young (Allocation Failure) 2464M->423M(2476M) 3.473ms
[2141.536s][info ][gc,cpu         ] GC(204) User=0.01s Sys=0.00s Real=0.00s
[2141.536s][info ][safepoint      ] Safepoint "ParallelGCFailedAllocation", Time since last: 9739063428 ns, Reaching safepoint: 136403 ns, At safepoint: 3554058 ns, Total: 3690461 ns
[2164.984s][info ][gc,start       ] GC(205) Pause Young (Allocation Failure)
[2164.987s][debug][gc,phases      ] GC(205) Scavenge 3.219ms
[2164.987s][debug][gc,ref         ] GC(205) Skipped phase 1 of Reference Processing: no references
[2164.987s][debug][gc,ref         ] GC(205) Skipped phase 3 of Reference Processing: no references
[2164.987s][debug][gc,phases      ] GC(205) Reference Processing 0.024ms
[2164.988s][debug][gc,phases      ] GC(205) Weak Processing 0.564ms
[2164.988s][debug][gc,age         ] GC(205) Desired survivor size 3145728 bytes, new threshold 15 (max threshold 15)
[2164.988s][info ][gc,heap        ] GC(205) PSYoungGen: 2092085K(2093568K)->816K(2094080K) Eden: 2090496K(2090496K)->0K(2091008K) From: 1589K(3072K)->816K(3072K)
[2164.988s][info ][gc,heap        ] GC(205) ParOldGen: 432018K(442368K)->432875K(442368K)
[2164.988s][info ][gc,metaspace   ] GC(205) Metaspace: 78566K(79232K)->78566K(79232K) NonClass: 67899K(68224K)->67899K(68224K) Class: 10667K(11008K)->10667K(11008K)
[2164.988s][info ][gc             ] GC(205) Pause Young (Allocation Failure) 2464M->423M(2477M) 3.953ms
[2164.988s][info ][gc,cpu         ] GC(205) User=0.01s Sys=0.00s Real=0.01s
[2164.988s][info ][safepoint      ] Safepoint "ParallelGCFailedAllocation", Time since last: 23447612428 ns, Reaching safepoint: 99201 ns, At safepoint: 4046868 ns, Total: 4146069 ns
[2182.989s][info ][safepoint      ] Safepoint "Cleanup", Time since last: 18001221049 ns, Reaching safepoint: 44901 ns, At safepoint: 8400 ns, Total: 53301 ns
[2188.435s][info ][gc,start       ] GC(206) Pause Young (Allocation Failure)
[2188.438s][debug][gc,phases      ] GC(206) Scavenge 2.739ms
[2188.438s][debug][gc,ref         ] GC(206) Skipped phase 1 of Reference Processing: no references
[2188.438s][debug][gc,ref         ] GC(206) Skipped phase 3 of Reference Processing: no references
[2188.438s][debug][gc,ref         ] GC(206) Skipped phase 4 of Reference Processing: no references
[2188.438s][debug][gc,phases      ] GC(206) Reference Processing 0.054ms
[2188.438s][debug][gc,phases      ] GC(206) Weak Processing 0.545ms
[2188.438s][debug][gc,age         ] GC(206) Desired survivor size 3145728 bytes, new threshold 15 (max threshold 15)
[2188.438s][info ][gc,heap        ] GC(206) PSYoungGen: 2091824K(2094080K)->752K(2094080K) Eden: 2091008K(2091008K)->0K(2091008K) From: 816K(3072K)->752K(3072K)
[2188.438s][info ][gc,heap        ] GC(206) ParOldGen: 432875K(442368K)->432907K(442368K)
[2188.438s][info ][gc,metaspace   ] GC(206) Metaspace: 78569K(79232K)->78569K(79232K) NonClass: 67902K(68224K)->67902K(68224K) Class: 10667K(11008K)->10667K(11008K)
[2188.438s][info ][gc             ] GC(206) Pause Young (Allocation Failure) 2465M->423M(2477M) 3.459ms
[2188.438s][info ][gc,cpu         ] GC(206) User=0.01s Sys=0.00s Real=0.01s
[2188.438s][info ][safepoint      ] Safepoint "ParallelGCFailedAllocation", Time since last: 5445714177 ns, Reaching safepoint: 39300 ns, At safepoint: 3534859 ns, Total: 3574159 ns
[2193.439s][info ][safepoint      ] Safepoint "Cleanup", Time since last: 5000369190 ns, Reaching safepoint: 123802 ns, At safepoint: 14600 ns, Total: 138402 ns
[2198.439s][info ][safepoint      ] Safepoint "Cleanup", Time since last: 5000396587 ns, Reaching safepoint: 141002 ns, At safepoint: 8700 ns, Total: 149702 ns
[2200.440s][info ][safepoint      ] Safepoint "Cleanup", Time since last: 2000182554 ns, Reaching safepoint: 46101 ns, At safepoint: 2500 ns, Total: 48601 ns
[2207.440s][info ][safepoint      ] Safepoint "Cleanup", Time since last: 7000496431 ns, Reaching safepoint: 85102 ns, At safepoint: 11700 ns, Total: 96802 ns
[2209.684s][info ][gc,start       ] GC(207) Pause Young (Allocation Failure)
[2209.687s][debug][gc,phases      ] GC(207) Scavenge 2.788ms
[2209.687s][debug][gc,ref         ] GC(207) Skipped phase 1 of Reference Processing: no references
[2209.687s][debug][gc,ref         ] GC(207) Skipped phase 3 of Reference Processing: no references
[2209.687s][debug][gc,ref         ] GC(207) Skipped phase 4 of Reference Processing: no references
[2209.687s][debug][gc,phases      ] GC(207) Reference Processing 0.024ms
[2209.687s][debug][gc,phases      ] GC(207) Weak Processing 0.532ms
[2209.687s][debug][gc,age         ] GC(207) Desired survivor size 3145728 bytes, new threshold 15 (max threshold 15)
[2209.687s][info ][gc,heap        ] GC(207) PSYoungGen: 2091760K(2094080K)->896K(2094080K) Eden: 2091008K(2091008K)->0K(2091008K) From: 752K(3072K)->896K(3072K)
[2209.687s][info ][gc,heap        ] GC(207) ParOldGen: 432907K(442368K)->432955K(442368K)
[2209.687s][info ][gc,metaspace   ] GC(207) Metaspace: 78571K(79232K)->78571K(79232K) NonClass: 67904K(68224K)->67904K(68224K) Class: 10667K(11008K)->10667K(11008K)
[2209.687s][info ][gc             ] GC(207) Pause Young (Allocation Failure) 2465M->423M(2477M) 3.472ms
[2209.687s][info ][gc,cpu         ] GC(207) User=0.01s Sys=0.00s Real=0.01s
[2209.687s][info ][safepoint      ] Safepoint "ParallelGCFailedAllocation", Time since last: 2243459783 ns, Reaching safepoint: 53001 ns, At safepoint: 3556959 ns, Total: 3609960 ns
[2226.689s][info ][safepoint      ] Safepoint "Cleanup", Time since last: 17001573361 ns, Reaching safepoint: 144602 ns, At safepoint: 13300 ns, Total: 157902 ns
[2228.689s][info ][safepoint      ] Safepoint "Cleanup", Time since last: 2000174446 ns, Reaching safepoint: 43800 ns, At safepoint: 3100 ns, Total: 46900 ns
[2232.238s][info ][gc,start       ] GC(208) Pause Young (Allocation Failure)
[2232.241s][debug][gc,phases      ] GC(208) Scavenge 2.364ms
[2232.241s][debug][gc,ref         ] GC(208) Skipped phase 1 of Reference Processing: no references
[2232.241s][debug][gc,ref         ] GC(208) Skipped phase 3 of Reference Processing: no references
[2232.241s][debug][gc,ref         ] GC(208) Skipped phase 4 of Reference Processing: no references
[2232.241s][debug][gc,phases      ] GC(208) Reference Processing 0.059ms
[2232.241s][debug][gc,phases      ] GC(208) Weak Processing 0.507ms
[2232.241s][debug][gc,age         ] GC(208) Desired survivor size 3145728 bytes, new threshold 15 (max threshold 15)
[2232.242s][info ][gc,heap        ] GC(208) PSYoungGen: 2091904K(2094080K)->880K(2094080K) Eden: 2091008K(2091008K)->0K(2091008K) From: 896K(3072K)->880K(3072K)
[2232.242s][info ][gc,heap        ] GC(208) ParOldGen: 432955K(442368K)->432963K(442368K)
[2232.242s][info ][gc,metaspace   ] GC(208) Metaspace: 78572K(79232K)->78572K(79232K) NonClass: 67905K(68224K)->67905K(68224K) Class: 10667K(11008K)->10667K(11008K)
[2232.242s][info ][gc             ] GC(208) Pause Young (Allocation Failure) 2465M->423M(2477M) 3.076ms
[2232.242s][info ][gc,cpu         ] GC(208) User=0.01s Sys=0.00s Real=0.00s
[2232.242s][info ][safepoint      ] Safepoint "ParallelGCFailedAllocation", Time since last: 3549224014 ns, Reaching safepoint: 31401 ns, At safepoint: 3162952 ns, Total: 3194353 ns
[2234.242s][info ][safepoint      ] Safepoint "Cleanup", Time since last: 2000170444 ns, Reaching safepoint: 74301 ns, At safepoint: 7300 ns, Total: 81601 ns
[2255.586s][info ][gc,start       ] GC(209) Pause Young (Allocation Failure)
[2255.589s][debug][gc,phases      ] GC(209) Scavenge 2.860ms
[2255.589s][debug][gc,ref         ] GC(209) Skipped phase 1 of Reference Processing: no references
[2255.589s][debug][gc,ref         ] GC(209) Skipped phase 3 of Reference Processing: no references
[2255.589s][debug][gc,ref         ] GC(209) Skipped phase 4 of Reference Processing: no references
[2255.589s][debug][gc,phases      ] GC(209) Reference Processing 0.024ms
[2255.590s][debug][gc,phases      ] GC(209) Weak Processing 0.581ms
[2255.590s][debug][gc,age         ] GC(209) Desired survivor size 3145728 bytes, new threshold 15 (max threshold 15)
[2255.590s][info ][gc,heap        ] GC(209) PSYoungGen: 2091888K(2094080K)->912K(2094080K) Eden: 2091008K(2091008K)->0K(2091008K) From: 880K(3072K)->912K(3072K)
[2255.590s][info ][gc,heap        ] GC(209) ParOldGen: 432963K(442368K)->432979K(442368K)
[2255.590s][info ][gc,metaspace   ] GC(209) Metaspace: 78572K(79232K)->78572K(79232K) NonClass: 67905K(68224K)->67905K(68224K) Class: 10667K(11008K)->10667K(11008K)
[2255.590s][info ][gc             ] GC(209) Pause Young (Allocation Failure) 2465M->423M(2477M) 3.620ms
[2255.590s][info ][gc,cpu         ] GC(209) User=0.01s Sys=0.00s Real=0.00s
[2255.590s][info ][safepoint      ] Safepoint "ParallelGCFailedAllocation", Time since last: 21344299249 ns, Reaching safepoint: 47701 ns, At safepoint: 3709962 ns, Total: 3757663 ns
[2278.734s][info ][gc,start       ] GC(210) Pause Young (Allocation Failure)
[2278.736s][debug][gc,phases      ] GC(210) Scavenge 2.358ms
[2278.736s][debug][gc,ref         ] GC(210) Skipped phase 1 of Reference Processing: no references
[2278.736s][debug][gc,ref         ] GC(210) Skipped phase 3 of Reference Processing: no references
[2278.736s][debug][gc,ref         ] GC(210) Skipped phase 4 of Reference Processing: no references
[2278.736s][debug][gc,phases      ] GC(210) Reference Processing 0.022ms
[2278.737s][debug][gc,phases      ] GC(210) Weak Processing 0.634ms
[2278.737s][debug][gc,age         ] GC(210) Desired survivor size 3145728 bytes, new threshold 15 (max threshold 15)
[2278.737s][info ][gc,heap        ] GC(210) PSYoungGen: 2091920K(2094080K)->848K(2094080K) Eden: 2091008K(2091008K)->0K(2091008K) From: 912K(3072K)->848K(3072K)
[2278.737s][info ][gc,heap        ] GC(210) ParOldGen: 432979K(442368K)->433011K(442368K)
[2278.737s][info ][gc,metaspace   ] GC(210) Metaspace: 78572K(79232K)->78572K(79232K) NonClass: 67905K(68224K)->67905K(68224K) Class: 10667K(11008K)->10667K(11008K)
[2278.737s][info ][gc             ] GC(210) Pause Young (Allocation Failure) 2465M->423M(2477M) 3.149ms
[2278.737s][info ][gc,cpu         ] GC(210) User=0.01s Sys=0.00s Real=0.01s
[2278.737s][info ][safepoint      ] Safepoint "ParallelGCFailedAllocation", Time since last: 23143676592 ns, Reaching safepoint: 152303 ns, At safepoint: 3234653 ns, Total: 3386956 ns
[2302.187s][info ][gc,start       ] GC(211) Pause Young (Allocation Failure)
[2302.189s][debug][gc,phases      ] GC(211) Scavenge 2.750ms
[2302.189s][debug][gc,ref         ] GC(211) Skipped phase 1 of Reference Processing: no references
[2302.189s][debug][gc,ref         ] GC(211) Skipped phase 3 of Reference Processing: no references
[2302.189s][debug][gc,ref         ] GC(211) Skipped phase 4 of Reference Processing: no references
[2302.189s][debug][gc,phases      ] GC(211) Reference Processing 0.021ms
[2302.190s][debug][gc,phases      ] GC(211) Weak Processing 0.505ms
[2302.190s][debug][gc,age         ] GC(211) Desired survivor size 3145728 bytes, new threshold 15 (max threshold 15)
[2302.190s][info ][gc,heap        ] GC(211) PSYoungGen: 2091856K(2094080K)->848K(2094080K) Eden: 2091008K(2091008K)->0K(2091008K) From: 848K(3072K)->848K(3072K)
[2302.190s][info ][gc,heap        ] GC(211) ParOldGen: 433011K(442368K)->433035K(442368K)
[2302.190s][info ][gc,metaspace   ] GC(211) Metaspace: 78572K(79232K)->78572K(79232K) NonClass: 67905K(68224K)->67905K(68224K) Class: 10667K(11008K)->10667K(11008K)
[2302.190s][info ][gc             ] GC(211) Pause Young (Allocation Failure) 2465M->423M(2477M) 3.395ms
[2302.190s][info ][gc,cpu         ] GC(211) User=0.01s Sys=0.00s Real=0.00s
[2302.190s][info ][safepoint      ] Safepoint "ParallelGCFailedAllocation", Time since last: 23449471987 ns, Reaching safepoint: 120802 ns, At safepoint: 3468858 ns, Total: 3589660 ns
[2303.190s][info ][safepoint      ] Safepoint "Cleanup", Time since last: 1000091163 ns, Reaching safepoint: 56300 ns, At safepoint: 4301 ns, Total: 60601 ns
[2317.191s][info ][safepoint      ] Safepoint "Cleanup", Time since last: 14000935758 ns, Reaching safepoint: 50501 ns, At safepoint: 5300 ns, Total: 55801 ns
[2324.642s][info ][gc,start       ] GC(212) Pause Young (Allocation Failure)
[2324.645s][debug][gc,phases      ] GC(212) Scavenge 2.732ms
[2324.645s][debug][gc,ref         ] GC(212) Skipped phase 1 of Reference Processing: no references
[2324.645s][debug][gc,ref         ] GC(212) Skipped phase 3 of Reference Processing: no references
[2324.645s][debug][gc,ref         ] GC(212) Skipped phase 4 of Reference Processing: no references
[2324.645s][debug][gc,phases      ] GC(212) Reference Processing 0.021ms
[2324.645s][debug][gc,phases      ] GC(212) Weak Processing 0.507ms
[2324.645s][debug][gc,age         ] GC(212) Desired survivor size 3145728 bytes, new threshold 15 (max threshold 15)
[2324.645s][info ][gc,heap        ] GC(212) PSYoungGen: 2091856K(2094080K)->816K(2094080K) Eden: 2091008K(2091008K)->0K(2091008K) From: 848K(3072K)->816K(3072K)
[2324.645s][info ][gc,heap        ] GC(212) ParOldGen: 433035K(442368K)->433067K(442368K)
[2324.645s][info ][gc,metaspace   ] GC(212) Metaspace: 78572K(79232K)->78572K(79232K) NonClass: 67905K(68224K)->67905K(68224K) Class: 10667K(11008K)->10667K(11008K)
[2324.645s][info ][gc             ] GC(212) Pause Young (Allocation Failure) 2465M->423M(2477M) 3.376ms
[2324.645s][info ][gc,cpu         ] GC(212) User=0.01s Sys=0.00s Real=0.01s
[2324.645s][info ][safepoint      ] Safepoint "ParallelGCFailedAllocation", Time since last: 7450774177 ns, Reaching safepoint: 68701 ns, At safepoint: 3459058 ns, Total: 3527759 ns
[2348.087s][info ][gc,start       ] GC(213) Pause Young (Allocation Failure)
[2348.096s][debug][gc,phases      ] GC(213) Scavenge 9.419ms
[2348.096s][debug][gc,ref         ] GC(213) Skipped phase 1 of Reference Processing: no references
[2348.096s][debug][gc,ref         ] GC(213) Skipped phase 3 of Reference Processing: no references
[2348.096s][debug][gc,ref         ] GC(213) Skipped phase 4 of Reference Processing: no references
[2348.096s][debug][gc,phases      ] GC(213) Reference Processing 0.040ms
[2348.097s][debug][gc,phases      ] GC(213) Weak Processing 0.917ms
[2348.097s][debug][gc,age         ] GC(213) Desired survivor size 3145728 bytes, new threshold 15 (max threshold 15)
[2348.097s][info ][gc,heap        ] GC(213) PSYoungGen: 2091824K(2094080K)->864K(2094080K) Eden: 2091008K(2091008K)->0K(2091008K) From: 816K(3072K)->864K(3072K)
[2348.097s][info ][gc,heap        ] GC(213) ParOldGen: 433067K(442368K)->433091K(442368K)
[2348.097s][info ][gc,metaspace   ] GC(213) Metaspace: 78572K(79232K)->78572K(79232K) NonClass: 67905K(68224K)->67905K(68224K) Class: 10667K(11008K)->10667K(11008K)
[2348.097s][info ][gc             ] GC(213) Pause Young (Allocation Failure) 2465M->423M(2477M) 10.622ms
[2348.097s][info ][gc,cpu         ] GC(213) User=0.02s Sys=0.00s Real=0.01s
[2348.097s][info ][safepoint      ] Safepoint "ParallelGCFailedAllocation", Time since last: 23441183318 ns, Reaching safepoint: 45701 ns, At safepoint: 10759478 ns, Total: 10805179 ns
[2371.683s][info ][gc,start       ] GC(214) Pause Young (Allocation Failure)
[2371.685s][debug][gc,phases      ] GC(214) Scavenge 2.165ms
[2371.685s][debug][gc,ref         ] GC(214) Skipped phase 1 of Reference Processing: no references
[2371.685s][debug][gc,ref         ] GC(214) Skipped phase 2 of Reference Processing: no references
[2371.685s][debug][gc,ref         ] GC(214) Skipped phase 3 of Reference Processing: no references
[2371.685s][debug][gc,ref         ] GC(214) Skipped phase 4 of Reference Processing: no references
[2371.685s][debug][gc,phases      ] GC(214) Reference Processing 0.021ms
[2371.686s][debug][gc,phases      ] GC(214) Weak Processing 0.476ms
[2371.686s][debug][gc,age         ] GC(214) Desired survivor size 3145728 bytes, new threshold 15 (max threshold 15)
[2371.686s][info ][gc,heap        ] GC(214) PSYoungGen: 2091872K(2094080K)->800K(2094080K) Eden: 2091008K(2091008K)->0K(2091008K) From: 864K(3072K)->800K(3072K)
[2371.686s][info ][gc,heap        ] GC(214) ParOldGen: 433091K(442368K)->433163K(442368K)
[2371.686s][info ][gc,metaspace   ] GC(214) Metaspace: 78572K(79232K)->78572K(79232K) NonClass: 67905K(68224K)->67905K(68224K) Class: 10667K(11008K)->10667K(11008K)
[2371.686s][info ][gc             ] GC(214) Pause Young (Allocation Failure) 2465M->423M(2477M) 2.769ms
[2371.686s][info ][gc,cpu         ] GC(214) User=0.01s Sys=0.00s Real=0.01s
[2371.686s][info ][safepoint      ] Safepoint "ParallelGCFailedAllocation", Time since last: 23585545545 ns, Reaching safepoint: 147303 ns, At safepoint: 2847147 ns, Total: 2994450 ns
[2376.686s][info ][safepoint      ] Safepoint "Cleanup", Time since last: 5000328469 ns, Reaching safepoint: 105202 ns, At safepoint: 8300 ns, Total: 113502 ns
[2383.687s][info ][safepoint      ] Safepoint "Cleanup", Time since last: 7000456773 ns, Reaching safepoint: 135703 ns, At safepoint: 11700 ns, Total: 147403 ns
[2395.234s][info ][gc,start       ] GC(215) Pause Young (Allocation Failure)
[2395.236s][debug][gc,phases      ] GC(215) Scavenge 2.045ms
[2395.236s][debug][gc,ref         ] GC(215) Skipped phase 1 of Reference Processing: no references
[2395.236s][debug][gc,ref         ] GC(215) Skipped phase 2 of Reference Processing: no references
[2395.236s][debug][gc,ref         ] GC(215) Skipped phase 3 of Reference Processing: no references
[2395.236s][debug][gc,ref         ] GC(215) Skipped phase 4 of Reference Processing: no references
[2395.236s][debug][gc,phases      ] GC(215) Reference Processing 0.023ms
[2395.236s][debug][gc,phases      ] GC(215) Weak Processing 0.573ms
[2395.236s][debug][gc,age         ] GC(215) Desired survivor size 2621440 bytes, new threshold 15 (max threshold 15)
[2395.236s][info ][gc,heap        ] GC(215) PSYoungGen: 2091808K(2094080K)->784K(2094592K) Eden: 2091008K(2091008K)->0K(2091520K) From: 800K(3072K)->784K(3072K)
[2395.236s][info ][gc,heap        ] GC(215) ParOldGen: 433163K(442368K)->433227K(442368K)
[2395.236s][info ][gc,metaspace   ] GC(215) Metaspace: 78573K(79232K)->78573K(79232K) NonClass: 67905K(68224K)->67905K(68224K) Class: 10667K(11008K)->10667K(11008K)
[2395.236s][info ][gc             ] GC(215) Pause Young (Allocation Failure) 2465M->423M(2477M) 2.761ms
[2395.236s][info ][gc,cpu         ] GC(215) User=0.01s Sys=0.00s Real=0.01s
[2395.236s][info ][safepoint      ] Safepoint "ParallelGCFailedAllocation", Time since last: 11546338606 ns, Reaching safepoint: 97001 ns, At safepoint: 2840947 ns, Total: 2937948 ns
[2401.237s][info ][safepoint      ] Safepoint "Cleanup", Time since last: 6000416009 ns, Reaching safepoint: 45001 ns, At safepoint: 7300 ns, Total: 52301 ns
[2404.237s][info ][safepoint      ] Safepoint "Cleanup", Time since last: 3000267554 ns, Reaching safepoint: 87701 ns, At safepoint: 13501 ns, Total: 101202 ns
[2418.734s][info ][gc,start       ] GC(216) Pause Young (Allocation Failure)
[2418.736s][debug][gc,phases      ] GC(216) Scavenge 2.667ms
[2418.736s][debug][gc,ref         ] GC(216) Skipped phase 1 of Reference Processing: no references
[2418.736s][debug][gc,ref         ] GC(216) Skipped phase 2 of Reference Processing: no references
[2418.736s][debug][gc,ref         ] GC(216) Skipped phase 3 of Reference Processing: no references
[2418.736s][debug][gc,ref         ] GC(216) Skipped phase 4 of Reference Processing: no references
[2418.736s][debug][gc,phases      ] GC(216) Reference Processing 0.022ms
[2418.737s][debug][gc,phases      ] GC(216) Weak Processing 0.527ms
[2418.737s][debug][gc,age         ] GC(216) Desired survivor size 2621440 bytes, new threshold 15 (max threshold 15)
[2418.737s][info ][gc,heap        ] GC(216) PSYoungGen: 2092304K(2094592K)->720K(2094080K) Eden: 2091520K(2091520K)->0K(2091520K) From: 784K(3072K)->720K(2560K)
[2418.737s][info ][gc,heap        ] GC(216) ParOldGen: 433227K(442368K)->433267K(442368K)
[2418.737s][info ][gc,metaspace   ] GC(216) Metaspace: 78573K(79232K)->78573K(79232K) NonClass: 67906K(68224K)->67906K(68224K) Class: 10667K(11008K)->10667K(11008K)
[2418.737s][info ][gc             ] GC(216) Pause Young (Allocation Failure) 2466M->423M(2477M) 3.327ms
[2418.737s][info ][gc,cpu         ] GC(216) User=0.01s Sys=0.00s Real=0.01s
[2418.737s][info ][safepoint      ] Safepoint "ParallelGCFailedAllocation", Time since last: 14496296598 ns, Reaching safepoint: 77701 ns, At safepoint: 3407657 ns, Total: 3485358 ns
[2423.737s][info ][safepoint      ] Safepoint "Cleanup", Time since last: 5000359546 ns, Reaching safepoint: 47601 ns, At safepoint: 10500 ns, Total: 58101 ns
[2441.983s][info ][gc,start       ] GC(217) Pause Young (Allocation Failure)
[2441.986s][debug][gc,phases      ] GC(217) Scavenge 2.616ms
[2441.986s][debug][gc,ref         ] GC(217) Skipped phase 1 of Reference Processing: no references
[2441.986s][debug][gc,ref         ] GC(217) Skipped phase 3 of Reference Processing: no references
[2441.986s][debug][gc,phases      ] GC(217) Reference Processing 0.021ms
[2441.986s][debug][gc,phases      ] GC(217) Weak Processing 0.528ms
[2441.986s][debug][gc,age         ] GC(217) Desired survivor size 2621440 bytes, new threshold 15 (max threshold 15)
[2441.986s][info ][gc,heap        ] GC(217) PSYoungGen: 2092240K(2094080K)->720K(2094592K) Eden: 2091520K(2091520K)->0K(2092032K) From: 720K(2560K)->720K(2560K)
[2441.986s][info ][gc,heap        ] GC(217) ParOldGen: 433267K(442368K)->433307K(442368K)
[2441.986s][info ][gc,metaspace   ] GC(217) Metaspace: 78575K(79232K)->78575K(79232K) NonClass: 67908K(68224K)->67908K(68224K) Class: 10667K(11008K)->10667K(11008K)
[2441.986s][info ][gc             ] GC(217) Pause Young (Allocation Failure) 2466M->423M(2477M) 3.285ms
[2441.986s][info ][gc,cpu         ] GC(217) User=0.01s Sys=0.00s Real=0.01s
[2441.986s][info ][safepoint      ] Safepoint "ParallelGCFailedAllocation", Time since last: 18245612807 ns, Reaching safepoint: 64901 ns, At safepoint: 3362956 ns, Total: 3427857 ns
[2465.584s][info ][gc,start       ] GC(218) Pause Young (Allocation Failure)
[2465.586s][debug][gc,phases      ] GC(218) Scavenge 2.672ms
[2465.586s][debug][gc,ref         ] GC(218) Skipped phase 1 of Reference Processing: no references
[2465.586s][debug][gc,ref         ] GC(218) Skipped phase 3 of Reference Processing: no references
[2465.586s][debug][gc,phases      ] GC(218) Reference Processing 0.019ms
[2465.587s][debug][gc,phases      ] GC(218) Weak Processing 0.520ms
[2465.587s][debug][gc,age         ] GC(218) Desired survivor size 2621440 bytes, new threshold 15 (max threshold 15)
[2465.587s][info ][gc,heap        ] GC(218) PSYoungGen: 2092752K(2094592K)->720K(2094592K) Eden: 2092032K(2092032K)->0K(2092032K) From: 720K(2560K)->720K(2560K)
[2465.587s][info ][gc,heap        ] GC(218) ParOldGen: 433307K(442368K)->433315K(442368K)
[2465.587s][info ][gc,metaspace   ] GC(218) Metaspace: 78576K(79232K)->78576K(79232K) NonClass: 67909K(68224K)->67909K(68224K) Class: 10667K(11008K)->10667K(11008K)
[2465.587s][info ][gc             ] GC(218) Pause Young (Allocation Failure) 2466M->423M(2477M) 3.354ms
[2465.587s][info ][gc,cpu         ] GC(218) User=0.01s Sys=0.00s Real=0.01s
[2465.587s][info ][safepoint      ] Safepoint "ParallelGCFailedAllocation", Time since last: 23597050910 ns, Reaching safepoint: 106002 ns, At safepoint: 3433356 ns, Total: 3539358 ns
[2469.587s][info ][safepoint      ] Safepoint "Cleanup", Time since last: 4000274479 ns, Reaching safepoint: 111402 ns, At safepoint: 5900 ns, Total: 117302 ns
[2470.588s][info ][safepoint      ] Safepoint "Cleanup", Time since last: 1000105245 ns, Reaching safepoint: 106102 ns, At safepoint: 7900 ns, Total: 114002 ns
[2488.837s][info ][gc,start       ] GC(219) Pause Young (Allocation Failure)
[2488.839s][debug][gc,phases      ] GC(219) Scavenge 2.099ms
[2488.839s][debug][gc,ref         ] GC(219) Skipped phase 1 of Reference Processing: no references
[2488.839s][debug][gc,ref         ] GC(219) Skipped phase 2 of Reference Processing: no references
[2488.839s][debug][gc,ref         ] GC(219) Skipped phase 3 of Reference Processing: no references
[2488.839s][debug][gc,ref         ] GC(219) Skipped phase 4 of Reference Processing: no references
[2488.839s][debug][gc,phases      ] GC(219) Reference Processing 0.032ms
[2488.840s][debug][gc,phases      ] GC(219) Weak Processing 0.509ms
[2488.840s][debug][gc,age         ] GC(219) Desired survivor size 2621440 bytes, new threshold 15 (max threshold 15)
[2488.840s][info ][gc,heap        ] GC(219) PSYoungGen: 2092752K(2094592K)->656K(2094592K) Eden: 2092032K(2092032K)->0K(2092032K) From: 720K(2560K)->656K(2560K)
[2488.840s][info ][gc,heap        ] GC(219) ParOldGen: 433315K(442368K)->433347K(442368K)
[2488.840s][info ][gc,metaspace   ] GC(219) Metaspace: 78576K(79232K)->78576K(79232K) NonClass: 67909K(68224K)->67909K(68224K) Class: 10667K(11008K)->10667K(11008K)
[2488.840s][info ][gc             ] GC(219) Pause Young (Allocation Failure) 2466M->423M(2477M) 2.751ms
[2488.840s][info ][gc,cpu         ] GC(219) User=0.01s Sys=0.00s Real=0.00s
[2488.840s][info ][safepoint      ] Safepoint "ParallelGCFailedAllocation", Time since last: 18249146987 ns, Reaching safepoint: 27801 ns, At safepoint: 2857647 ns, Total: 2885448 ns
[2508.843s][info ][safepoint      ] Safepoint "Cleanup", Time since last: 20003723379 ns, Reaching safepoint: 69701 ns, At safepoint: 2600 ns, Total: 72301 ns
[2509.844s][info ][safepoint      ] Safepoint "Cleanup", Time since last: 1000101442 ns, Reaching safepoint: 49900 ns, At safepoint: 2700 ns, Total: 52600 ns
[2512.337s][info ][gc,start       ] GC(220) Pause Young (Allocation Failure)
[2512.340s][debug][gc,phases      ] GC(220) Scavenge 2.684ms
[2512.340s][debug][gc,ref         ] GC(220) Skipped phase 1 of Reference Processing: no references
[2512.340s][debug][gc,ref         ] GC(220) Skipped phase 2 of Reference Processing: no references
[2512.340s][debug][gc,ref         ] GC(220) Skipped phase 3 of Reference Processing: no references
[2512.340s][debug][gc,ref         ] GC(220) Skipped phase 4 of Reference Processing: no references
[2512.340s][debug][gc,phases      ] GC(220) Reference Processing 0.023ms
[2512.341s][debug][gc,phases      ] GC(220) Weak Processing 0.594ms
[2512.341s][debug][gc,age         ] GC(220) Desired survivor size 2621440 bytes, new threshold 15 (max threshold 15)
[2512.341s][info ][gc,heap        ] GC(220) PSYoungGen: 2092688K(2094592K)->688K(2094592K) Eden: 2092032K(2092032K)->0K(2092032K) From: 656K(2560K)->688K(2560K)
[2512.341s][info ][gc,heap        ] GC(220) ParOldGen: 433347K(442368K)->433355K(442368K)
[2512.341s][info ][gc,metaspace   ] GC(220) Metaspace: 78578K(79232K)->78578K(79232K) NonClass: 67910K(68224K)->67910K(68224K) Class: 10667K(11008K)->10667K(11008K)
[2512.341s][info ][gc             ] GC(220) Pause Young (Allocation Failure) 2466M->423M(2477M) 3.435ms
[2512.341s][info ][gc,cpu         ] GC(220) User=0.01s Sys=0.00s Real=0.00s
[2512.341s][info ][safepoint      ] Safepoint "ParallelGCFailedAllocation", Time since last: 2493570844 ns, Reaching safepoint: 48400 ns, At safepoint: 3541259 ns, Total: 3589659 ns
[2527.342s][info ][safepoint      ] Safepoint "Cleanup", Time since last: 15000924102 ns, Reaching safepoint: 52201 ns, At safepoint: 4300 ns, Total: 56501 ns
[2535.784s][info ][gc,start       ] GC(221) Pause Young (Allocation Failure)
[2535.787s][debug][gc,phases      ] GC(221) Scavenge 2.766ms
[2535.787s][debug][gc,ref         ] GC(221) Skipped phase 1 of Reference Processing: no references
[2535.787s][debug][gc,ref         ] GC(221) Skipped phase 2 of Reference Processing: no references
[2535.787s][debug][gc,ref         ] GC(221) Skipped phase 3 of Reference Processing: no references
[2535.787s][debug][gc,ref         ] GC(221) Skipped phase 4 of Reference Processing: no references
[2535.787s][debug][gc,phases      ] GC(221) Reference Processing 0.030ms
[2535.788s][debug][gc,phases      ] GC(221) Weak Processing 0.706ms
[2535.788s][debug][gc,age         ] GC(221) Desired survivor size 2621440 bytes, new threshold 15 (max threshold 15)
[2535.788s][info ][gc,heap        ] GC(221) PSYoungGen: 2092720K(2094592K)->736K(2094592K) Eden: 2092032K(2092032K)->0K(2092032K) From: 688K(2560K)->736K(2560K)
[2535.788s][info ][gc,heap        ] GC(221) ParOldGen: 433355K(442368K)->433379K(442368K)
[2535.788s][info ][gc,metaspace   ] GC(221) Metaspace: 78579K(79232K)->78579K(79232K) NonClass: 67912K(68224K)->67912K(68224K) Class: 10667K(11008K)->10667K(11008K)
[2535.788s][info ][gc             ] GC(221) Pause Young (Allocation Failure) 2466M->423M(2477M) 3.664ms
[2535.788s][info ][gc,cpu         ] GC(221) User=0.01s Sys=0.01s Real=0.01s
[2535.788s][info ][safepoint      ] Safepoint "ParallelGCFailedAllocation", Time since last: 8442229119 ns, Reaching safepoint: 80901 ns, At safepoint: 3747462 ns, Total: 3828363 ns
[2542.788s][info ][safepoint      ] Safepoint "Cleanup", Time since last: 7000474571 ns, Reaching safepoint: 47301 ns, At safepoint: 3100 ns, Total: 50401 ns
[2558.536s][info ][gc,start       ] GC(222) Pause Young (Allocation Failure)
[2558.538s][debug][gc,phases      ] GC(222) Scavenge 2.237ms
[2558.538s][debug][gc,ref         ] GC(222) Skipped phase 1 of Reference Processing: no references
[2558.538s][debug][gc,ref         ] GC(222) Skipped phase 2 of Reference Processing: no references
[2558.538s][debug][gc,ref         ] GC(222) Skipped phase 3 of Reference Processing: no references
[2558.538s][debug][gc,ref         ] GC(222) Skipped phase 4 of Reference Processing: no references
[2558.538s][debug][gc,phases      ] GC(222) Reference Processing 0.022ms
[2558.539s][debug][gc,phases      ] GC(222) Weak Processing 0.516ms
[2558.539s][debug][gc,age         ] GC(222) Desired survivor size 2097152 bytes, new threshold 15 (max threshold 15)
[2558.539s][info ][gc,heap        ] GC(222) PSYoungGen: 2092768K(2094592K)->624K(2094592K) Eden: 2092032K(2092032K)->0K(2092032K) From: 736K(2560K)->624K(2560K)
[2558.539s][info ][gc,heap        ] GC(222) ParOldGen: 433379K(442368K)->433435K(442368K)
[2558.539s][info ][gc,metaspace   ] GC(222) Metaspace: 78579K(79232K)->78579K(79232K) NonClass: 67912K(68224K)->67912K(68224K) Class: 10667K(11008K)->10667K(11008K)
[2558.539s][info ][gc             ] GC(222) Pause Young (Allocation Failure) 2466M->423M(2477M) 2.923ms
[2558.539s][info ][gc,cpu         ] GC(222) User=0.01s Sys=0.00s Real=0.01s
[2558.539s][info ][safepoint      ] Safepoint "ParallelGCFailedAllocation", Time since last: 15747491011 ns, Reaching safepoint: 47701 ns, At safepoint: 3010550 ns, Total: 3058251 ns
[2566.540s][info ][safepoint      ] Safepoint "Cleanup", Time since last: 8000579595 ns, Reaching safepoint: 142403 ns, At safepoint: 11000 ns, Total: 153403 ns
[2580.883s][info ][gc,start       ] GC(223) Pause Young (Allocation Failure)
[2580.886s][debug][gc,phases      ] GC(223) Scavenge 2.093ms
[2580.886s][debug][gc,ref         ] GC(223) Skipped phase 1 of Reference Processing: no references
[2580.886s][debug][gc,ref         ] GC(223) Skipped phase 2 of Reference Processing: no references
[2580.886s][debug][gc,ref         ] GC(223) Skipped phase 3 of Reference Processing: no references
[2580.886s][debug][gc,ref         ] GC(223) Skipped phase 4 of Reference Processing: no references
[2580.886s][debug][gc,phases      ] GC(223) Reference Processing 0.041ms
[2580.886s][debug][gc,phases      ] GC(223) Weak Processing 0.529ms
[2580.886s][debug][gc,age         ] GC(223) Desired survivor size 2097152 bytes, new threshold 15 (max threshold 15)
[2580.886s][info ][gc,heap        ] GC(223) PSYoungGen: 2092656K(2094592K)->640K(2095104K) Eden: 2092032K(2092032K)->0K(2093056K) From: 624K(2560K)->640K(2048K)
[2580.886s][info ][gc,heap        ] GC(223) ParOldGen: 433435K(442368K)->433451K(442368K)
[2580.886s][info ][gc,metaspace   ] GC(223) Metaspace: 78581K(79232K)->78581K(79232K) NonClass: 67914K(68224K)->67914K(68224K) Class: 10667K(11008K)->10667K(11008K)
[2580.886s][info ][gc             ] GC(223) Pause Young (Allocation Failure) 2466M->423M(2478M) 2.800ms
[2580.886s][info ][gc,cpu         ] GC(223) User=0.01s Sys=0.00s Real=0.01s
[2580.886s][info ][safepoint      ] Safepoint "ParallelGCFailedAllocation", Time since last: 14343786374 ns, Reaching safepoint: 40000 ns, At safepoint: 2874548 ns, Total: 2914548 ns
[2604.683s][info ][gc,start       ] GC(224) Pause Young (Allocation Failure)
[2604.686s][debug][gc,phases      ] GC(224) Scavenge 2.198ms
[2604.686s][debug][gc,ref         ] GC(224) Skipped phase 1 of Reference Processing: no references
[2604.686s][debug][gc,ref         ] GC(224) Skipped phase 2 of Reference Processing: no references
[2604.686s][debug][gc,ref         ] GC(224) Skipped phase 3 of Reference Processing: no references
[2604.686s][debug][gc,ref         ] GC(224) Skipped phase 4 of Reference Processing: no references
[2604.686s][debug][gc,phases      ] GC(224) Reference Processing 0.021ms
[2604.686s][debug][gc,phases      ] GC(224) Weak Processing 0.522ms
[2604.686s][debug][gc,age         ] GC(224) Desired survivor size 2097152 bytes, new threshold 15 (max threshold 15)
[2604.686s][info ][gc,heap        ] GC(224) PSYoungGen: 2093696K(2095104K)->640K(2095104K) Eden: 2093056K(2093056K)->0K(2093056K) From: 640K(2048K)->640K(2048K)
[2604.686s][info ][gc,heap        ] GC(224) ParOldGen: 433451K(442368K)->433467K(442368K)
[2604.686s][info ][gc,metaspace   ] GC(224) Metaspace: 78582K(79232K)->78582K(79232K) NonClass: 67915K(68224K)->67915K(68224K) Class: 10667K(11008K)->10667K(11008K)
[2604.686s][info ][gc             ] GC(224) Pause Young (Allocation Failure) 2467M->423M(2478M) 2.857ms
[2604.686s][info ][gc,cpu         ] GC(224) User=0.00s Sys=0.00s Real=0.01s
[2604.686s][info ][safepoint      ] Safepoint "ParallelGCFailedAllocation", Time since last: 23797025950 ns, Reaching safepoint: 124302 ns, At safepoint: 2932748 ns, Total: 3057050 ns
[2628.433s][info ][gc,start       ] GC(225) Pause Young (Allocation Failure)
[2628.436s][debug][gc,phases      ] GC(225) Scavenge 2.112ms
[2628.436s][debug][gc,ref         ] GC(225) Skipped phase 1 of Reference Processing: no references
[2628.436s][debug][gc,ref         ] GC(225) Skipped phase 2 of Reference Processing: no references
[2628.436s][debug][gc,ref         ] GC(225) Skipped phase 3 of Reference Processing: no references
[2628.436s][debug][gc,ref         ] GC(225) Skipped phase 4 of Reference Processing: no references
[2628.436s][debug][gc,phases      ] GC(225) Reference Processing 0.031ms
[2628.436s][debug][gc,phases      ] GC(225) Weak Processing 0.504ms
[2628.436s][debug][gc,age         ] GC(225) Desired survivor size 2097152 bytes, new threshold 15 (max threshold 15)
[2628.436s][info ][gc,heap        ] GC(225) PSYoungGen: 2093696K(2095104K)->640K(2095104K) Eden: 2093056K(2093056K)->0K(2093056K) From: 640K(2048K)->640K(2048K)
[2628.436s][info ][gc,heap        ] GC(225) ParOldGen: 433467K(442368K)->433499K(442368K)
[2628.436s][info ][gc,metaspace   ] GC(225) Metaspace: 78585K(79296K)->78585K(79296K) NonClass: 67917K(68288K)->67917K(68288K) Class: 10667K(11008K)->10667K(11008K)
[2628.436s][info ][gc             ] GC(225) Pause Young (Allocation Failure) 2467M->423M(2478M) 2.775ms
[2628.436s][info ][gc,cpu         ] GC(225) User=0.00s Sys=0.00s Real=0.01s
[2628.436s][info ][safepoint      ] Safepoint "ParallelGCFailedAllocation", Time since last: 23746893482 ns, Reaching safepoint: 137303 ns, At safepoint: 2857047 ns, Total: 2994350 ns
[2652.234s][info ][gc,start       ] GC(226) Pause Young (Allocation Failure)
[2652.236s][debug][gc,phases      ] GC(226) Scavenge 2.054ms
[2652.236s][debug][gc,ref         ] GC(226) Skipped phase 1 of Reference Processing: no references
[2652.236s][debug][gc,ref         ] GC(226) Skipped phase 2 of Reference Processing: no references
[2652.236s][debug][gc,ref         ] GC(226) Skipped phase 3 of Reference Processing: no references
[2652.236s][debug][gc,ref         ] GC(226) Skipped phase 4 of Reference Processing: no references
[2652.236s][debug][gc,phases      ] GC(226) Reference Processing 0.022ms
[2652.236s][debug][gc,phases      ] GC(226) Weak Processing 0.571ms
[2652.236s][debug][gc,age         ] GC(226) Desired survivor size 2097152 bytes, new threshold 15 (max threshold 15)
[2652.236s][info ][gc,heap        ] GC(226) PSYoungGen: 2093696K(2095104K)->640K(2095104K) Eden: 2093056K(2093056K)->0K(2093056K) From: 640K(2048K)->640K(2048K)
[2652.236s][info ][gc,heap        ] GC(226) ParOldGen: 433499K(442368K)->433515K(442368K)
[2652.236s][info ][gc,metaspace   ] GC(226) Metaspace: 78603K(79296K)->78603K(79296K) NonClass: 67936K(68288K)->67936K(68288K) Class: 10667K(11008K)->10667K(11008K)
[2652.236s][info ][gc             ] GC(226) Pause Young (Allocation Failure) 2467M->423M(2478M) 2.767ms
[2652.236s][info ][gc,cpu         ] GC(226) User=0.01s Sys=0.00s Real=0.01s
[2652.236s][info ][safepoint      ] Safepoint "ParallelGCFailedAllocation", Time since last: 23797230577 ns, Reaching safepoint: 46800 ns, At safepoint: 2841647 ns, Total: 2888447 ns
[2659.237s][info ][safepoint      ] Safepoint "Cleanup", Time since last: 7000453414 ns, Reaching safepoint: 146902 ns, At safepoint: 11300 ns, Total: 158202 ns
[2666.238s][info ][safepoint      ] Safepoint "Cleanup", Time since last: 7000509911 ns, Reaching safepoint: 119302 ns, At safepoint: 8500 ns, Total: 127802 ns
[2676.235s][info ][gc,start       ] GC(227) Pause Young (Allocation Failure)
[2676.238s][debug][gc,phases      ] GC(227) Scavenge 2.160ms
[2676.238s][debug][gc,ref         ] GC(227) Skipped phase 1 of Reference Processing: no references
[2676.238s][debug][gc,ref         ] GC(227) Skipped phase 2 of Reference Processing: no references
[2676.238s][debug][gc,ref         ] GC(227) Skipped phase 3 of Reference Processing: no references
[2676.238s][debug][gc,ref         ] GC(227) Skipped phase 4 of Reference Processing: no references
[2676.238s][debug][gc,phases      ] GC(227) Reference Processing 0.036ms
[2676.238s][debug][gc,phases      ] GC(227) Weak Processing 0.530ms
[2676.238s][debug][gc,age         ] GC(227) Desired survivor size 2097152 bytes, new threshold 15 (max threshold 15)
[2676.238s][info ][gc,heap        ] GC(227) PSYoungGen: 2093696K(2095104K)->640K(2095104K) Eden: 2093056K(2093056K)->0K(2093056K) From: 640K(2048K)->640K(2048K)
[2676.238s][info ][gc,heap        ] GC(227) ParOldGen: 433515K(442368K)->433531K(442368K)
[2676.238s][info ][gc,metaspace   ] GC(227) Metaspace: 78609K(79296K)->78609K(79296K) NonClass: 67942K(68288K)->67942K(68288K) Class: 10667K(11008K)->10667K(11008K)
[2676.238s][info ][gc             ] GC(227) Pause Young (Allocation Failure) 2467M->423M(2478M) 2.858ms
[2676.238s][info ][gc,cpu         ] GC(227) User=0.01s Sys=0.00s Real=0.01s
[2676.238s][info ][safepoint      ] Safepoint "ParallelGCFailedAllocation", Time since last: 9997766948 ns, Reaching safepoint: 28500 ns, At safepoint: 2937549 ns, Total: 2966049 ns
[2679.239s][info ][safepoint      ] Safepoint "Cleanup", Time since last: 3000219188 ns, Reaching safepoint: 39600 ns, At safepoint: 2400 ns, Total: 42000 ns
[2682.239s][info ][safepoint      ] Safepoint "Cleanup", Time since last: 3000229488 ns, Reaching safepoint: 54400 ns, At safepoint: 10201 ns, Total: 64601 ns
[2695.240s][info ][safepoint      ] Safepoint "Cleanup", Time since last: 13000883470 ns, Reaching safepoint: 93302 ns, At safepoint: 15200 ns, Total: 108502 ns
[2698.240s][info ][safepoint      ] Safepoint "Cleanup", Time since last: 3000215384 ns, Reaching safepoint: 54501 ns, At safepoint: 9900 ns, Total: 64401 ns
[2699.335s][info ][gc,start       ] GC(228) Pause Young (Allocation Failure)
[2699.338s][debug][gc,phases      ] GC(228) Scavenge 2.082ms
[2699.338s][debug][gc,ref         ] GC(228) Skipped phase 1 of Reference Processing: no references
[2699.338s][debug][gc,ref         ] GC(228) Skipped phase 2 of Reference Processing: no references
[2699.338s][debug][gc,ref         ] GC(228) Skipped phase 3 of Reference Processing: no references
[2699.338s][debug][gc,ref         ] GC(228) Skipped phase 4 of Reference Processing: no references
[2699.338s][debug][gc,phases      ] GC(228) Reference Processing 0.021ms
[2699.338s][debug][gc,phases      ] GC(228) Weak Processing 0.514ms
[2699.338s][debug][gc,age         ] GC(228) Desired survivor size 2097152 bytes, new threshold 15 (max threshold 15)
[2699.338s][info ][gc,heap        ] GC(228) PSYoungGen: 2093696K(2095104K)->688K(2095104K) Eden: 2093056K(2093056K)->0K(2093056K) From: 640K(2048K)->688K(2048K)
[2699.338s][info ][gc,heap        ] GC(228) ParOldGen: 433531K(442368K)->433563K(442368K)
[2699.338s][info ][gc,metaspace   ] GC(228) Metaspace: 78618K(79296K)->78618K(79296K) NonClass: 67951K(68288K)->67951K(68288K) Class: 10667K(11008K)->10667K(11008K)
[2699.338s][info ][gc             ] GC(228) Pause Young (Allocation Failure) 2467M->424M(2478M) 2.740ms
[2699.338s][info ][gc,cpu         ] GC(228) User=0.01s Sys=0.00s Real=0.01s
[2699.338s][info ][safepoint      ] Safepoint "ParallelGCFailedAllocation", Time since last: 1095208601 ns, Reaching safepoint: 59001 ns, At safepoint: 2819946 ns, Total: 2878947 ns
[2714.339s][info ][safepoint      ] Safepoint "Cleanup", Time since last: 15000928211 ns, Reaching safepoint: 48701 ns, At safepoint: 3500 ns, Total: 52201 ns
[2717.340s][info ][safepoint      ] Safepoint "Cleanup", Time since last: 3000240381 ns, Reaching safepoint: 52801 ns, At safepoint: 5700 ns, Total: 58501 ns
[2720.340s][info ][safepoint      ] Safepoint "Cleanup", Time since last: 3000240181 ns, Reaching safepoint: 88102 ns, At safepoint: 11100 ns, Total: 99202 ns
[2722.239s][info ][gc,start       ] GC(229) Pause Young (Allocation Failure)
[2722.241s][debug][gc,phases      ] GC(229) Scavenge 2.610ms
[2722.242s][debug][gc,ref         ] GC(229) Skipped phase 1 of Reference Processing: no references
[2722.242s][debug][gc,ref         ] GC(229) Skipped phase 2 of Reference Processing: no references
[2722.242s][debug][gc,ref         ] GC(229) Skipped phase 3 of Reference Processing: no references
[2722.242s][debug][gc,ref         ] GC(229) Skipped phase 4 of Reference Processing: no references
[2722.242s][debug][gc,phases      ] GC(229) Reference Processing 0.029ms
[2722.242s][debug][gc,phases      ] GC(229) Weak Processing 0.681ms
[2722.242s][debug][gc,age         ] GC(229) Desired survivor size 2097152 bytes, new threshold 15 (max threshold 15)
[2722.242s][info ][gc,heap        ] GC(229) PSYoungGen: 2093744K(2095104K)->720K(2095104K) Eden: 2093056K(2093056K)->0K(2093056K) From: 688K(2048K)->720K(2048K)
[2722.242s][info ][gc,heap        ] GC(229) ParOldGen: 433563K(442368K)->433571K(442368K)
[2722.242s][info ][gc,metaspace   ] GC(229) Metaspace: 78619K(79296K)->78619K(79296K) NonClass: 67951K(68288K)->67951K(68288K) Class: 10667K(11008K)->10667K(11008K)
[2722.242s][info ][gc             ] GC(229) Pause Young (Allocation Failure) 2468M->424M(2478M) 3.486ms
[2722.242s][info ][gc,cpu         ] GC(229) User=0.01s Sys=0.00s Real=0.00s
[2722.242s][info ][safepoint      ] Safepoint "ParallelGCFailedAllocation", Time since last: 1898856779 ns, Reaching safepoint: 36601 ns, At safepoint: 3589659 ns, Total: 3626260 ns
[2723.243s][info ][safepoint      ] Safepoint "Cleanup", Time since last: 1000074727 ns, Reaching safepoint: 60501 ns, At safepoint: 7000 ns, Total: 67501 ns
[2727.243s][info ][safepoint      ] Safepoint "Cleanup", Time since last: 4000270606 ns, Reaching safepoint: 31900 ns, At safepoint: 3000 ns, Total: 34900 ns
[2731.243s][info ][safepoint      ] Safepoint "Cleanup", Time since last: 4000303006 ns, Reaching safepoint: 45501 ns, At safepoint: 8000 ns, Total: 53501 ns
[2744.244s][info ][safepoint      ] Safepoint "Cleanup", Time since last: 13000856534 ns, Reaching safepoint: 47901 ns, At safepoint: 4100 ns, Total: 52001 ns
[2744.839s][info ][gc,start       ] GC(230) Pause Young (Allocation Failure)
[2744.841s][debug][gc,phases      ] GC(230) Scavenge 2.363ms
[2744.841s][debug][gc,ref         ] GC(230) Skipped phase 1 of Reference Processing: no references
[2744.841s][debug][gc,ref         ] GC(230) Skipped phase 3 of Reference Processing: no references
[2744.841s][debug][gc,phases      ] GC(230) Reference Processing 0.043ms
[2744.842s][debug][gc,phases      ] GC(230) Weak Processing 0.682ms
[2744.842s][debug][gc,age         ] GC(230) Desired survivor size 1572864 bytes, new threshold 15 (max threshold 15)
[2744.842s][info ][gc,heap        ] GC(230) PSYoungGen: 2093776K(2095104K)->784K(2095104K) Eden: 2093056K(2093056K)->0K(2093056K) From: 720K(2048K)->784K(2048K)
[2744.842s][info ][gc,heap        ] GC(230) ParOldGen: 433571K(442368K)->433603K(442368K)
[2744.842s][info ][gc,metaspace   ] GC(230) Metaspace: 78627K(79296K)->78627K(79296K) NonClass: 67960K(68288K)->67960K(68288K) Class: 10667K(11008K)->10667K(11008K)
[2744.842s][info ][gc             ] GC(230) Pause Young (Allocation Failure) 2468M->424M(2478M) 3.236ms
[2744.842s][info ][gc,cpu         ] GC(230) User=0.01s Sys=0.00s Real=0.00s
[2744.842s][info ][safepoint      ] Safepoint "ParallelGCFailedAllocation", Time since last: 594531524 ns, Reaching safepoint: 32801 ns, At safepoint: 3338455 ns, Total: 3371256 ns
[2758.843s][info ][safepoint      ] Safepoint "Cleanup", Time since last: 14000928650 ns, Reaching safepoint: 61001 ns, At safepoint: 5500 ns, Total: 66501 ns
[2767.934s][info ][gc,start       ] GC(231) Pause Young (Allocation Failure)
[2767.936s][debug][gc,phases      ] GC(231) Scavenge 2.354ms
[2767.936s][debug][gc,ref         ] GC(231) Skipped phase 1 of Reference Processing: no references
[2767.936s][debug][gc,ref         ] GC(231) Skipped phase 3 of Reference Processing: no references
[2767.936s][debug][gc,phases      ] GC(231) Reference Processing 0.020ms
[2767.937s][debug][gc,phases      ] GC(231) Weak Processing 0.510ms
[2767.937s][debug][gc,age         ] GC(231) Desired survivor size 1572864 bytes, new threshold 15 (max threshold 15)
[2767.937s][info ][gc,heap        ] GC(231) PSYoungGen: 2093840K(2095104K)->784K(2095616K) Eden: 2093056K(2093056K)->0K(2094080K) From: 784K(2048K)->784K(1536K)
[2767.937s][info ][gc,heap        ] GC(231) ParOldGen: 433603K(442368K)->433635K(442368K)
[2767.937s][info ][gc,metaspace   ] GC(231) Metaspace: 78627K(79296K)->78627K(79296K) NonClass: 67960K(68288K)->67960K(68288K) Class: 10667K(11008K)->10667K(11008K)
[2767.937s][info ][gc             ] GC(231) Pause Young (Allocation Failure) 2468M->424M(2478M) 3.025ms
[2767.937s][info ][gc,cpu         ] GC(231) User=0.01s Sys=0.00s Real=0.01s
[2767.937s][info ][safepoint      ] Safepoint "ParallelGCFailedAllocation", Time since last: 9090496305 ns, Reaching safepoint: 116302 ns, At safepoint: 3113452 ns, Total: 3229754 ns
[2790.740s][info ][gc,start       ] GC(232) Pause Young (Allocation Failure)
[2790.743s][debug][gc,phases      ] GC(232) Scavenge 2.243ms
[2790.743s][debug][gc,ref         ] GC(232) Skipped phase 1 of Reference Processing: no references
[2790.743s][debug][gc,ref         ] GC(232) Skipped phase 2 of Reference Processing: no references
[2790.743s][debug][gc,ref         ] GC(232) Skipped phase 3 of Reference Processing: no references
[2790.743s][debug][gc,ref         ] GC(232) Skipped phase 4 of Reference Processing: no references
[2790.743s][debug][gc,phases      ] GC(232) Reference Processing 0.022ms
[2790.743s][debug][gc,phases      ] GC(232) Weak Processing 0.499ms
[2790.743s][debug][gc,age         ] GC(232) Desired survivor size 1572864 bytes, new threshold 15 (max threshold 15)
[2790.743s][info ][gc,heap        ] GC(232) PSYoungGen: 2094864K(2095616K)->752K(2095616K) Eden: 2094080K(2094080K)->0K(2094080K) From: 784K(1536K)->752K(1536K)
[2790.743s][info ][gc,heap        ] GC(232) ParOldGen: 433635K(442368K)->433659K(442368K)
[2790.743s][info ][gc,metaspace   ] GC(232) Metaspace: 78627K(79296K)->78627K(79296K) NonClass: 67960K(68288K)->67960K(68288K) Class: 10667K(11008K)->10667K(11008K)
[2790.743s][info ][gc             ] GC(232) Pause Young (Allocation Failure) 2469M->424M(2478M) 2.894ms
[2790.743s][info ][gc,cpu         ] GC(232) User=0.01s Sys=0.00s Real=0.00s
[2790.743s][info ][safepoint      ] Safepoint "ParallelGCFailedAllocation", Time since last: 22803400369 ns, Reaching safepoint: 111002 ns, At safepoint: 2998450 ns, Total: 3109452 ns
[2814.383s][info ][gc,start       ] GC(233) Pause Young (Allocation Failure)
[2814.386s][debug][gc,phases      ] GC(233) Scavenge 2.460ms
[2814.386s][debug][gc,ref         ] GC(233) Skipped phase 1 of Reference Processing: no references
[2814.386s][debug][gc,ref         ] GC(233) Skipped phase 2 of Reference Processing: no references
[2814.386s][debug][gc,ref         ] GC(233) Skipped phase 3 of Reference Processing: no references
[2814.386s][debug][gc,ref         ] GC(233) Skipped phase 4 of Reference Processing: no references
[2814.386s][debug][gc,phases      ] GC(233) Reference Processing 0.024ms
[2814.387s][debug][gc,phases      ] GC(233) Weak Processing 0.575ms
[2814.387s][debug][gc,age         ] GC(233) Desired survivor size 1572864 bytes, new threshold 15 (max threshold 15)
[2814.387s][info ][gc,heap        ] GC(233) PSYoungGen: 2094832K(2095616K)->784K(2095616K) Eden: 2094080K(2094080K)->0K(2094080K) From: 752K(1536K)->784K(1536K)
[2814.387s][info ][gc,heap        ] GC(233) ParOldGen: 433659K(442368K)->433667K(442368K)
[2814.387s][info ][gc,metaspace   ] GC(233) Metaspace: 78627K(79296K)->78627K(79296K) NonClass: 67960K(68288K)->67960K(68288K) Class: 10667K(11008K)->10667K(11008K)
[2814.387s][info ][gc             ] GC(233) Pause Young (Allocation Failure) 2469M->424M(2478M) 3.191ms
[2814.387s][info ][gc,cpu         ] GC(233) User=0.01s Sys=0.00s Real=0.01s
[2814.387s][info ][safepoint      ] Safepoint "ParallelGCFailedAllocation", Time since last: 23640137568 ns, Reaching safepoint: 94502 ns, At safepoint: 3293354 ns, Total: 3387856 ns
[2834.388s][info ][safepoint      ] Safepoint "Cleanup", Time since last: 20001360731 ns, Reaching safepoint: 49500 ns, At safepoint: 2701 ns, Total: 52201 ns
[2837.388s][info ][safepoint      ] Safepoint "Cleanup", Time since last: 3000237963 ns, Reaching safepoint: 39301 ns, At safepoint: 11000 ns, Total: 50301 ns
[2838.383s][info ][gc,start       ] GC(234) Pause Young (Allocation Failure)
[2838.386s][debug][gc,phases      ] GC(234) Scavenge 2.787ms
[2838.386s][debug][gc,ref         ] GC(234) Skipped phase 1 of Reference Processing: no references
[2838.386s][debug][gc,ref         ] GC(234) Skipped phase 2 of Reference Processing: no references
[2838.386s][debug][gc,ref         ] GC(234) Skipped phase 3 of Reference Processing: no references
[2838.386s][debug][gc,phases      ] GC(234) Reference Processing 0.022ms
[2838.386s][debug][gc,phases      ] GC(234) Weak Processing 0.498ms
[2838.386s][debug][gc,age         ] GC(234) Desired survivor size 1572864 bytes, new threshold 15 (max threshold 15)
[2838.386s][info ][gc,heap        ] GC(234) PSYoungGen: 2094864K(2095616K)->752K(2095616K) Eden: 2094080K(2094080K)->0K(2094080K) From: 784K(1536K)->752K(1536K)
[2838.386s][info ][gc,heap        ] GC(234) ParOldGen: 433667K(442368K)->433667K(442368K)
[2838.386s][info ][gc,metaspace   ] GC(234) Metaspace: 78645K(79296K)->78645K(79296K) NonClass: 67975K(68288K)->67975K(68288K) Class: 10669K(11008K)->10669K(11008K)
[2838.386s][info ][gc             ] GC(234) Pause Young (Allocation Failure) 2469M->424M(2478M) 3.435ms
[2838.386s][info ][gc,cpu         ] GC(234) User=0.01s Sys=0.00s Real=0.01s
[2838.386s][info ][safepoint      ] Safepoint "ParallelGCFailedAllocation", Time since last: 994284325 ns, Reaching safepoint: 83202 ns, At safepoint: 3538758 ns, Total: 3621960 ns
[2852.387s][info ][safepoint      ] Safepoint "Cleanup", Time since last: 14000897888 ns, Reaching safepoint: 145002 ns, At safepoint: 11100 ns, Total: 156102 ns
[2855.388s][info ][safepoint      ] Safepoint "Cleanup", Time since last: 3000244062 ns, Reaching safepoint: 35900 ns, At safepoint: 2700 ns, Total: 38600 ns
[2862.387s][info ][gc,start       ] GC(235) Pause Young (Allocation Failure)
[2862.390s][debug][gc,phases      ] GC(235) Scavenge 2.681ms
[2862.390s][debug][gc,ref         ] GC(235) Skipped phase 1 of Reference Processing: no references
[2862.390s][debug][gc,ref         ] GC(235) Skipped phase 2 of Reference Processing: no references
[2862.390s][debug][gc,ref         ] GC(235) Skipped phase 3 of Reference Processing: no references
[2862.390s][debug][gc,ref         ] GC(235) Skipped phase 4 of Reference Processing: no references
[2862.390s][debug][gc,phases      ] GC(235) Reference Processing 0.023ms
[2862.390s][debug][gc,phases      ] GC(235) Weak Processing 0.591ms
[2862.390s][debug][gc,age         ] GC(235) Desired survivor size 1572864 bytes, new threshold 15 (max threshold 15)
[2862.390s][info ][gc,heap        ] GC(235) PSYoungGen: 2094832K(2095616K)->784K(2095616K) Eden: 2094080K(2094080K)->0K(2094080K) From: 752K(1536K)->784K(1536K)
[2862.390s][info ][gc,heap        ] GC(235) ParOldGen: 433667K(442368K)->433667K(442368K)
[2862.390s][info ][gc,metaspace   ] GC(235) Metaspace: 78647K(79296K)->78647K(79296K) NonClass: 67977K(68288K)->67977K(68288K) Class: 10669K(11008K)->10669K(11008K)
[2862.390s][info ][gc             ] GC(235) Pause Young (Allocation Failure) 2469M->424M(2478M) 3.428ms
[2862.390s][info ][gc,cpu         ] GC(235) User=0.01s Sys=0.00s Real=0.00s
[2862.390s][info ][safepoint      ] Safepoint "ParallelGCFailedAllocation", Time since last: 6999122918 ns, Reaching safepoint: 27301 ns, At safepoint: 3506558 ns, Total: 3533859 ns
[2875.391s][info ][safepoint      ] Safepoint "Cleanup", Time since last: 13000830754 ns, Reaching safepoint: 157402 ns, At safepoint: 16000 ns, Total: 173402 ns
[2880.392s][info ][safepoint      ] Safepoint "Cleanup", Time since last: 5000385797 ns, Reaching safepoint: 40401 ns, At safepoint: 2300 ns, Total: 42701 ns
[2885.986s][info ][gc,start       ] GC(236) Pause Young (Allocation Failure)
[2885.989s][debug][gc,phases      ] GC(236) Scavenge 3.059ms
[2885.989s][debug][gc,ref         ] GC(236) Skipped phase 1 of Reference Processing: no references
[2885.989s][debug][gc,ref         ] GC(236) Skipped phase 2 of Reference Processing: no references
[2885.989s][debug][gc,ref         ] GC(236) Skipped phase 3 of Reference Processing: no references
[2885.989s][debug][gc,ref         ] GC(236) Skipped phase 4 of Reference Processing: no references
[2885.989s][debug][gc,phases      ] GC(236) Reference Processing 0.023ms
[2885.990s][debug][gc,phases      ] GC(236) Weak Processing 0.525ms
[2885.990s][debug][gc,age         ] GC(236) Desired survivor size 1572864 bytes, new threshold 15 (max threshold 15)
[2885.990s][info ][gc,heap        ] GC(236) PSYoungGen: 2094864K(2095616K)->880K(2095616K) Eden: 2094080K(2094080K)->0K(2094080K) From: 784K(1536K)->880K(1536K)
[2885.990s][info ][gc,heap        ] GC(236) ParOldGen: 433667K(442368K)->433683K(442368K)
[2885.990s][info ][gc,metaspace   ] GC(236) Metaspace: 78647K(79296K)->78647K(79296K) NonClass: 67977K(68288K)->67977K(68288K) Class: 10669K(11008K)->10669K(11008K)
[2885.990s][info ][gc             ] GC(236) Pause Young (Allocation Failure) 2469M->424M(2478M) 3.757ms
[2885.990s][info ][gc,cpu         ] GC(236) User=0.01s Sys=0.00s Real=0.00s
[2885.990s][info ][safepoint      ] Safepoint "ParallelGCFailedAllocation", Time since last: 5593985801 ns, Reaching safepoint: 115102 ns, At safepoint: 3850764 ns, Total: 3965866 ns
[2904.991s][info ][safepoint      ] Safepoint "Cleanup", Time since last: 19001248251 ns, Reaching safepoint: 84602 ns, At safepoint: 4700 ns, Total: 89302 ns
[2909.735s][info ][gc,start       ] GC(237) Pause Young (Allocation Failure)
[2909.738s][debug][gc,phases      ] GC(237) Scavenge 2.694ms
[2909.738s][debug][gc,ref         ] GC(237) Skipped phase 1 of Reference Processing: no references
[2909.738s][debug][gc,ref         ] GC(237) Skipped phase 2 of Reference Processing: no references
[2909.738s][debug][gc,ref         ] GC(237) Skipped phase 3 of Reference Processing: no references
[2909.738s][debug][gc,ref         ] GC(237) Skipped phase 4 of Reference Processing: no references
[2909.738s][debug][gc,phases      ] GC(237) Reference Processing 0.022ms
[2909.739s][debug][gc,phases      ] GC(237) Weak Processing 0.568ms
[2909.739s][debug][gc,age         ] GC(237) Desired survivor size 1572864 bytes, new threshold 15 (max threshold 15)
[2909.739s][info ][gc,heap        ] GC(237) PSYoungGen: 2094960K(2095616K)->752K(2095616K) Eden: 2094080K(2094080K)->0K(2094080K) From: 880K(1536K)->752K(1536K)
[2909.739s][info ][gc,heap        ] GC(237) ParOldGen: 433683K(442368K)->433715K(442368K)
[2909.739s][info ][gc,metaspace   ] GC(237) Metaspace: 78647K(79296K)->78647K(79296K) NonClass: 67977K(68288K)->67977K(68288K) Class: 10669K(11008K)->10669K(11008K)
[2909.739s][info ][gc             ] GC(237) Pause Young (Allocation Failure) 2469M->424M(2478M) 3.420ms
[2909.739s][info ][gc,cpu         ] GC(237) User=0.01s Sys=0.00s Real=0.01s
[2909.739s][info ][safepoint      ] Safepoint "ParallelGCFailedAllocation", Time since last: 4744275461 ns, Reaching safepoint: 104501 ns, At safepoint: 3502158 ns, Total: 3606659 ns
[2910.739s][info ][safepoint      ] Safepoint "Cleanup", Time since last: 1000054218 ns, Reaching safepoint: 42701 ns, At safepoint: 2500 ns, Total: 45201 ns
[2913.739s][info ][safepoint      ] Safepoint "Cleanup", Time since last: 3000245654 ns, Reaching safepoint: 45201 ns, At safepoint: 2500 ns, Total: 47701 ns
[2916.298s][info ][safepoint      ] Safepoint "Cleanup", Time since last: 2558969165 ns, Reaching safepoint: 38701 ns, At safepoint: 5900 ns, Total: 44601 ns
[2917.298s][info ][safepoint      ] Safepoint "Cleanup", Time since last: 1000109419 ns, Reaching safepoint: 40100 ns, At safepoint: 2500 ns, Total: 42600 ns
[2921.299s][info ][safepoint      ] Safepoint "Cleanup", Time since last: 4000304971 ns, Reaching safepoint: 40701 ns, At safepoint: 2600 ns, Total: 43301 ns
[2933.786s][info ][gc,start       ] GC(238) Pause Young (Allocation Failure)
[2933.788s][debug][gc,phases      ] GC(238) Scavenge 2.080ms
[2933.788s][debug][gc,ref         ] GC(238) Skipped phase 1 of Reference Processing: no references
[2933.788s][debug][gc,ref         ] GC(238) Skipped phase 2 of Reference Processing: no references
[2933.788s][debug][gc,ref         ] GC(238) Skipped phase 3 of Reference Processing: no references
[2933.788s][debug][gc,ref         ] GC(238) Skipped phase 4 of Reference Processing: no references
[2933.789s][debug][gc,phases      ] GC(238) Reference Processing 0.023ms
[2933.789s][debug][gc,phases      ] GC(238) Weak Processing 0.535ms
[2933.789s][debug][gc,age         ] GC(238) Desired survivor size 1572864 bytes, new threshold 15 (max threshold 15)
[2933.789s][info ][gc,heap        ] GC(238) PSYoungGen: 2094832K(2095616K)->688K(2095616K) Eden: 2094080K(2094080K)->0K(2094080K) From: 752K(1536K)->688K(1536K)
[2933.789s][info ][gc,heap        ] GC(238) ParOldGen: 433715K(442368K)->433763K(442368K)
[2933.789s][info ][gc,metaspace   ] GC(238) Metaspace: 78655K(79360K)->78655K(79360K) NonClass: 67984K(68352K)->67984K(68352K) Class: 10670K(11008K)->10670K(11008K)
[2933.789s][info ][gc             ] GC(238) Pause Young (Allocation Failure) 2469M->424M(2478M) 2.761ms
[2933.789s][info ][gc,cpu         ] GC(238) User=0.01s Sys=0.00s Real=0.00s
[2933.789s][info ][safepoint      ] Safepoint "ParallelGCFailedAllocation", Time since last: 12487389344 ns, Reaching safepoint: 66201 ns, At safepoint: 2842447 ns, Total: 2908648 ns
[2946.790s][info ][safepoint      ] Safepoint "Cleanup", Time since last: 13001033322 ns, Reaching safepoint: 38301 ns, At safepoint: 2800 ns, Total: 41101 ns
[2957.735s][info ][gc,start       ] GC(239) Pause Young (Allocation Failure)
[2957.737s][debug][gc,phases      ] GC(239) Scavenge 2.163ms
[2957.737s][debug][gc,ref         ] GC(239) Skipped phase 1 of Reference Processing: no references
[2957.737s][debug][gc,ref         ] GC(239) Skipped phase 2 of Reference Processing: no references
[2957.737s][debug][gc,ref         ] GC(239) Skipped phase 3 of Reference Processing: no references
[2957.737s][debug][gc,ref         ] GC(239) Skipped phase 4 of Reference Processing: no references
[2957.737s][debug][gc,phases      ] GC(239) Reference Processing 0.022ms
[2957.738s][debug][gc,phases      ] GC(239) Weak Processing 0.544ms
[2957.738s][debug][gc,age         ] GC(239) Desired survivor size 1572864 bytes, new threshold 15 (max threshold 15)
[2957.738s][info ][gc,heap        ] GC(239) PSYoungGen: 2094768K(2095616K)->736K(2095616K) Eden: 2094080K(2094080K)->0K(2094080K) From: 688K(1536K)->736K(1536K)
[2957.738s][info ][gc,heap        ] GC(239) ParOldGen: 433763K(442368K)->433771K(442368K)
[2957.738s][info ][gc,metaspace   ] GC(239) Metaspace: 78655K(79360K)->78655K(79360K) NonClass: 67984K(68352K)->67984K(68352K) Class: 10670K(11008K)->10670K(11008K)
[2957.738s][info ][gc             ] GC(239) Pause Young (Allocation Failure) 2469M->424M(2478M) 2.854ms
[2957.738s][info ][gc,cpu         ] GC(239) User=0.01s Sys=0.00s Real=0.01s
[2957.738s][info ][safepoint      ] Safepoint "ParallelGCFailedAllocation", Time since last: 10944882158 ns, Reaching safepoint: 41401 ns, At safepoint: 2931748 ns, Total: 2973149 ns
[2958.738s][info ][safepoint      ] Safepoint "Cleanup", Time since last: 1000088817 ns, Reaching safepoint: 48400 ns, At safepoint: 3401 ns, Total: 51801 ns
[2959.738s][info ][safepoint      ] Safepoint "Cleanup", Time since last: 1000107716 ns, Reaching safepoint: 28901 ns, At safepoint: 2400 ns, Total: 31301 ns
[2980.740s][info ][safepoint      ] Safepoint "Cleanup", Time since last: 21001387031 ns, Reaching safepoint: 74202 ns, At safepoint: 18800 ns, Total: 93002 ns
[2981.737s][info ][gc,start       ] GC(240) Pause Young (Allocation Failure)
[2981.740s][debug][gc,phases      ] GC(240) Scavenge 2.764ms
[2981.740s][debug][gc,ref         ] GC(240) Skipped phase 1 of Reference Processing: no references
[2981.740s][debug][gc,ref         ] GC(240) Skipped phase 3 of Reference Processing: no references
[2981.740s][debug][gc,phases      ] GC(240) Reference Processing 0.029ms
[2981.740s][debug][gc,phases      ] GC(240) Weak Processing 0.539ms
[2981.740s][debug][gc,age         ] GC(240) Desired survivor size 1572864 bytes, new threshold 15 (max threshold 15)
[2981.740s][info ][gc,heap        ] GC(240) PSYoungGen: 2094816K(2095616K)->736K(2095616K) Eden: 2094080K(2094080K)->0K(2094080K) From: 736K(1536K)->736K(1536K)
[2981.740s][info ][gc,heap        ] GC(240) ParOldGen: 433771K(442368K)->433787K(442368K)
[2981.740s][info ][gc,metaspace   ] GC(240) Metaspace: 78664K(79360K)->78664K(79360K) NonClass: 67992K(68352K)->67992K(68352K) Class: 10672K(11008K)->10672K(11008K)
[2981.740s][info ][gc             ] GC(240) Pause Young (Allocation Failure) 2469M->424M(2478M) 3.457ms
[2981.740s][info ][gc,cpu         ] GC(240) User=0.01s Sys=0.00s Real=0.00s
[2981.741s][info ][safepoint      ] Safepoint "ParallelGCFailedAllocation", Time since last: 997090466 ns, Reaching safepoint: 53001 ns, At safepoint: 3537259 ns, Total: 3590260 ns
[2984.741s][info ][safepoint      ] Safepoint "Cleanup", Time since last: 3000234446 ns, Reaching safepoint: 56401 ns, At safepoint: 9700 ns, Total: 66101 ns
[2989.741s][info ][safepoint      ] Safepoint "Cleanup", Time since last: 5000359677 ns, Reaching safepoint: 58801 ns, At safepoint: 8900 ns, Total: 67701 ns
[2997.742s][info ][safepoint      ] Safepoint "Cleanup", Time since last: 8000532420 ns, Reaching safepoint: 86802 ns, At safepoint: 7000 ns, Total: 93802 ns
[3005.884s][info ][gc,start       ] GC(241) Pause Young (Allocation Failure)
[3005.887s][debug][gc,phases      ] GC(241) Scavenge 2.692ms
[3005.887s][debug][gc,ref         ] GC(241) Skipped phase 1 of Reference Processing: no references
[3005.887s][debug][gc,ref         ] GC(241) Skipped phase 3 of Reference Processing: no references
[3005.887s][debug][gc,ref         ] GC(241) Skipped phase 4 of Reference Processing: no references
[3005.887s][debug][gc,phases      ] GC(241) Reference Processing 0.034ms
[3005.887s][debug][gc,phases      ] GC(241) Weak Processing 0.502ms
[3005.887s][debug][gc,age         ] GC(241) Desired survivor size 1572864 bytes, new threshold 15 (max threshold 15)
[3005.887s][info ][gc,heap        ] GC(241) PSYoungGen: 2094816K(2095616K)->736K(2095616K) Eden: 2094080K(2094080K)->0K(2094080K) From: 736K(1536K)->736K(1536K)
[3005.887s][info ][gc,heap        ] GC(241) ParOldGen: 433787K(442368K)->433795K(442368K)
[3005.887s][info ][gc,metaspace   ] GC(241) Metaspace: 78666K(79360K)->78666K(79360K) NonClass: 67994K(68352K)->67994K(68352K) Class: 10672K(11008K)->10672K(11008K)
[3005.887s][info ][gc             ] GC(241) Pause Young (Allocation Failure) 2469M->424M(2478M) 3.382ms
[3005.887s][info ][gc,cpu         ] GC(241) User=0.01s Sys=0.00s Real=0.01s
[3005.887s][info ][safepoint      ] Safepoint "ParallelGCFailedAllocation", Time since last: 8141917653 ns, Reaching safepoint: 29300 ns, At safepoint: 3451757 ns, Total: 3481057 ns
[3024.889s][info ][safepoint      ] Safepoint "Cleanup", Time since last: 19001297873 ns, Reaching safepoint: 45101 ns, At safepoint: 4700 ns, Total: 49801 ns
[3029.447s][info ][gc,start       ] GC(242) Pause Young (Allocation Failure)
[3029.450s][debug][gc,phases      ] GC(242) Scavenge 2.693ms
[3029.450s][debug][gc,ref         ] GC(242) Skipped phase 1 of Reference Processing: no references
[3029.450s][debug][gc,ref         ] GC(242) Skipped phase 3 of Reference Processing: no references
[3029.450s][debug][gc,phases      ] GC(242) Reference Processing 0.019ms
[3029.451s][debug][gc,phases      ] GC(242) Weak Processing 0.551ms
[3029.451s][debug][gc,age         ] GC(242) Desired survivor size 1572864 bytes, new threshold 15 (max threshold 15)
[3029.451s][info ][gc,heap        ] GC(242) PSYoungGen: 2094816K(2095616K)->768K(2095616K) Eden: 2094080K(2094080K)->0K(2094080K) From: 736K(1536K)->768K(1536K)
[3029.451s][info ][gc,heap        ] GC(242) ParOldGen: 433795K(442368K)->433803K(442368K)
[3029.451s][info ][gc,metaspace   ] GC(242) Metaspace: 78668K(79360K)->78668K(79360K) NonClass: 67996K(68352K)->67996K(68352K) Class: 10672K(11008K)->10672K(11008K)
[3029.451s][info ][gc             ] GC(242) Pause Young (Allocation Failure) 2469M->424M(2478M) 3.376ms
[3029.451s][info ][gc,cpu         ] GC(242) User=0.01s Sys=0.00s Real=0.00s
[3029.451s][info ][safepoint      ] Safepoint "ParallelGCFailedAllocation", Time since last: 4558478374 ns, Reaching safepoint: 59801 ns, At safepoint: 3456357 ns, Total: 3516158 ns
[3052.633s][info ][gc,start       ] GC(243) Pause Young (Allocation Failure)
[3052.636s][debug][gc,phases      ] GC(243) Scavenge 2.214ms
[3052.636s][debug][gc,ref         ] GC(243) Skipped phase 1 of Reference Processing: no references
[3052.636s][debug][gc,ref         ] GC(243) Skipped phase 3 of Reference Processing: no references
[3052.636s][debug][gc,phases      ] GC(243) Reference Processing 0.032ms
[3052.636s][debug][gc,phases      ] GC(243) Weak Processing 0.549ms
[3052.636s][debug][gc,age         ] GC(243) Desired survivor size 1048576 bytes, new threshold 15 (max threshold 15)
[3052.636s][info ][gc,heap        ] GC(243) PSYoungGen: 2094848K(2095616K)->736K(2096128K) Eden: 2094080K(2094080K)->0K(2094592K) From: 768K(1536K)->736K(1536K)
[3052.636s][info ][gc,heap        ] GC(243) ParOldGen: 433803K(442368K)->433859K(442368K)
[3052.636s][info ][gc,metaspace   ] GC(243) Metaspace: 78679K(79360K)->78679K(79360K) NonClass: 68006K(68352K)->68006K(68352K) Class: 10672K(11008K)->10672K(11008K)
[3052.636s][info ][gc             ] GC(243) Pause Young (Allocation Failure) 2469M->424M(2479M) 2.922ms
[3052.636s][info ][gc,cpu         ] GC(243) User=0.01s Sys=0.00s Real=0.01s
[3052.636s][info ][safepoint      ] Safepoint "ParallelGCFailedAllocation", Time since last: 23182654702 ns, Reaching safepoint: 52101 ns, At safepoint: 3000850 ns, Total: 3052951 ns
[3066.637s][info ][safepoint      ] Safepoint "Cleanup", Time since last: 14000930482 ns, Reaching safepoint: 140302 ns, At safepoint: 10901 ns, Total: 151203 ns
[3069.256s][info ][safepoint      ] Safepoint "Cleanup", Time since last: 2618870742 ns, Reaching safepoint: 85001 ns, At safepoint: 9900 ns, Total: 94901 ns
[3076.257s][info ][safepoint      ] Safepoint "Cleanup", Time since last: 7000448988 ns, Reaching safepoint: 56801 ns, At safepoint: 6201 ns, Total: 63002 ns
[3076.286s][info ][gc,start       ] GC(244) Pause Young (Allocation Failure)
[3076.289s][debug][gc,phases      ] GC(244) Scavenge 2.186ms
[3076.289s][debug][gc,ref         ] GC(244) Skipped phase 1 of Reference Processing: no references
[3076.289s][debug][gc,ref         ] GC(244) Skipped phase 3 of Reference Processing: no references
[3076.289s][debug][gc,phases      ] GC(244) Reference Processing 0.021ms
[3076.289s][debug][gc,phases      ] GC(244) Weak Processing 0.496ms
[3076.289s][debug][gc,age         ] GC(244) Desired survivor size 1048576 bytes, new threshold 15 (max threshold 15)
[3076.289s][info ][gc,heap        ] GC(244) PSYoungGen: 2095328K(2096128K)->752K(2095616K) Eden: 2094592K(2094592K)->0K(2094592K) From: 736K(1536K)->752K(1024K)
[3076.289s][info ][gc,heap        ] GC(244) ParOldGen: 433859K(442368K)->433907K(442368K)
[3076.289s][info ][gc,metaspace   ] GC(244) Metaspace: 78679K(79360K)->78679K(79360K) NonClass: 68007K(68352K)->68007K(68352K) Class: 10672K(11008K)->10672K(11008K)
[3076.289s][info ][gc             ] GC(244) Pause Young (Allocation Failure) 2469M->424M(2478M) 2.835ms
[3076.289s][info ][gc,cpu         ] GC(244) User=0.01s Sys=0.00s Real=0.00s
[3076.289s][info ][safepoint      ] Safepoint "ParallelGCFailedAllocation", Time since last: 29339984 ns, Reaching safepoint: 28700 ns, At safepoint: 2912649 ns, Total: 2941349 ns
[3090.290s][info ][safepoint      ] Safepoint "Cleanup", Time since last: 14000861672 ns, Reaching safepoint: 51600 ns, At safepoint: 4900 ns, Total: 56500 ns
[3099.983s][info ][gc,start       ] GC(245) Pause Young (Allocation Failure)
[3099.986s][debug][gc,phases      ] GC(245) Scavenge 2.706ms
[3099.986s][debug][gc,ref         ] GC(245) Skipped phase 1 of Reference Processing: no references
[3099.986s][debug][gc,ref         ] GC(245) Skipped phase 3 of Reference Processing: no references
[3099.986s][debug][gc,ref         ] GC(245) Skipped phase 4 of Reference Processing: no references
[3099.986s][debug][gc,phases      ] GC(245) Reference Processing 0.021ms
[3099.986s][debug][gc,phases      ] GC(245) Weak Processing 0.531ms
[3099.986s][debug][gc,age         ] GC(245) Desired survivor size 1048576 bytes, new threshold 15 (max threshold 15)
[3099.986s][info ][gc,heap        ] GC(245) PSYoungGen: 2095344K(2095616K)->688K(2096128K) Eden: 2094592K(2094592K)->0K(2095104K) From: 752K(1024K)->688K(1024K)
[3099.986s][info ][gc,heap        ] GC(245) ParOldGen: 433907K(442368K)->433947K(442368K)
[3099.986s][info ][gc,metaspace   ] GC(245) Metaspace: 78679K(79360K)->78679K(79360K) NonClass: 68007K(68352K)->68007K(68352K) Class: 10672K(11008K)->10672K(11008K)
[3099.986s][info ][gc             ] GC(245) Pause Young (Allocation Failure) 2469M->424M(2479M) 3.377ms
[3099.986s][info ][gc,cpu         ] GC(245) User=0.01s Sys=0.00s Real=0.01s
[3099.986s][info ][safepoint      ] Safepoint "ParallelGCFailedAllocation", Time since last: 9692834738 ns, Reaching safepoint: 78702 ns, At safepoint: 3468157 ns, Total: 3546859 ns
[3116.988s][info ][safepoint      ] Safepoint "Cleanup", Time since last: 17001158899 ns, Reaching safepoint: 62401 ns, At safepoint: 13401 ns, Total: 75802 ns
[3118.988s][info ][safepoint      ] Safepoint "Cleanup", Time since last: 2000174323 ns, Reaching safepoint: 70801 ns, At safepoint: 7901 ns, Total: 78702 ns
[3119.988s][info ][safepoint      ] Safepoint "Cleanup", Time since last: 1000095811 ns, Reaching safepoint: 65901 ns, At safepoint: 8701 ns, Total: 74602 ns
[3120.988s][info ][safepoint      ] Safepoint "Cleanup", Time since last: 1000120212 ns, Reaching safepoint: 119302 ns, At safepoint: 8100 ns, Total: 127402 ns
[3121.988s][info ][safepoint      ] Safepoint "Cleanup", Time since last: 1000075912 ns, Reaching safepoint: 47900 ns, At safepoint: 4700 ns, Total: 52600 ns
[3122.989s][info ][safepoint      ] Safepoint "Cleanup", Time since last: 1000117813 ns, Reaching safepoint: 54901 ns, At safepoint: 10100 ns, Total: 65001 ns
[3123.833s][info ][gc,start       ] GC(246) Pause Young (Allocation Failure)
[3123.836s][debug][gc,phases      ] GC(246) Scavenge 2.145ms
[3123.836s][debug][gc,ref         ] GC(246) Skipped phase 1 of Reference Processing: no references
[3123.836s][debug][gc,ref         ] GC(246) Skipped phase 3 of Reference Processing: no references
[3123.836s][debug][gc,ref         ] GC(246) Skipped phase 4 of Reference Processing: no references
[3123.836s][debug][gc,phases      ] GC(246) Reference Processing 0.030ms
[3123.836s][debug][gc,phases      ] GC(246) Weak Processing 0.496ms
[3123.836s][debug][gc,age         ] GC(246) Desired survivor size 1048576 bytes, new threshold 15 (max threshold 15)
[3123.836s][info ][gc,heap        ] GC(246) PSYoungGen: 2095792K(2096128K)->656K(2096128K) Eden: 2095104K(2095104K)->0K(2095104K) From: 688K(1024K)->656K(1024K)
[3123.836s][info ][gc,heap        ] GC(246) ParOldGen: 433947K(442368K)->433979K(442368K)
[3123.836s][info ][gc,metaspace   ] GC(246) Metaspace: 78682K(79360K)->78682K(79360K) NonClass: 68010K(68352K)->68010K(68352K) Class: 10672K(11008K)->10672K(11008K)
[3123.836s][info ][gc             ] GC(246) Pause Young (Allocation Failure) 2470M->424M(2479M) 2.784ms
[3123.836s][info ][gc,cpu         ] GC(246) User=0.01s Sys=0.00s Real=0.01s
[3123.836s][info ][safepoint      ] Safepoint "ParallelGCFailedAllocation", Time since last: 844733346 ns, Reaching safepoint: 48101 ns, At safepoint: 2862147 ns, Total: 2910248 ns
[3124.836s][info ][safepoint      ] Safepoint "Cleanup", Time since last: 1000089812 ns, Reaching safepoint: 45101 ns, At safepoint: 5700 ns, Total: 50801 ns
[3125.837s][info ][safepoint      ] Safepoint "Cleanup", Time since last: 1000069811 ns, Reaching safepoint: 119702 ns, At safepoint: 7700 ns, Total: 127402 ns
[3126.837s][info ][safepoint      ] Safepoint "Cleanup", Time since last: 1000102012 ns, Reaching safepoint: 99602 ns, At safepoint: 6500 ns, Total: 106102 ns
[3129.837s][info ][safepoint      ] Safepoint "Cleanup", Time since last: 3000235734 ns, Reaching safepoint: 50801 ns, At safepoint: 11500 ns, Total: 62301 ns
[3138.838s][info ][safepoint      ] Safepoint "Cleanup", Time since last: 9000587400 ns, Reaching safepoint: 44300 ns, At safepoint: 2700 ns, Total: 47000 ns
[3147.133s][info ][gc,start       ] GC(247) Pause Young (Allocation Failure)
[3147.136s][debug][gc,phases      ] GC(247) Scavenge 2.742ms
[3147.136s][debug][gc,ref         ] GC(247) Skipped phase 1 of Reference Processing: no references
[3147.136s][debug][gc,ref         ] GC(247) Skipped phase 3 of Reference Processing: no references
[3147.136s][debug][gc,ref         ] GC(247) Skipped phase 4 of Reference Processing: no references
[3147.136s][debug][gc,phases      ] GC(247) Reference Processing 0.022ms
[3147.136s][debug][gc,phases      ] GC(247) Weak Processing 0.580ms
[3147.136s][debug][gc,age         ] GC(247) Desired survivor size 1048576 bytes, new threshold 15 (max threshold 15)
[3147.136s][info ][gc,heap        ] GC(247) PSYoungGen: 2095760K(2096128K)->704K(2096128K) Eden: 2095104K(2095104K)->0K(2095104K) From: 656K(1024K)->704K(1024K)
[3147.136s][info ][gc,heap        ] GC(247) ParOldGen: 433979K(442368K)->434003K(442368K)
[3147.136s][info ][gc,metaspace   ] GC(247) Metaspace: 78684K(79360K)->78684K(79360K) NonClass: 68012K(68352K)->68012K(68352K) Class: 10672K(11008K)->10672K(11008K)
[3147.136s][info ][gc             ] GC(247) Pause Young (Allocation Failure) 2470M->424M(2479M) 3.468ms
[3147.136s][info ][gc,cpu         ] GC(247) User=0.01s Sys=0.00s Real=0.01s
[3147.136s][info ][safepoint      ] Safepoint "ParallelGCFailedAllocation", Time since last: 8294897247 ns, Reaching safepoint: 36301 ns, At safepoint: 3535658 ns, Total: 3571959 ns
[3149.137s][info ][safepoint      ] Safepoint "Cleanup", Time since last: 2000173222 ns, Reaching safepoint: 137902 ns, At safepoint: 12900 ns, Total: 150802 ns
[3152.137s][info ][safepoint      ] Safepoint "Cleanup", Time since last: 3000232933 ns, Reaching safepoint: 116602 ns, At safepoint: 7000 ns, Total: 123602 ns
[3162.138s][info ][safepoint      ] Safepoint "Cleanup", Time since last: 10000675305 ns, Reaching safepoint: 74101 ns, At safepoint: 7901 ns, Total: 82002 ns
[3163.138s][info ][safepoint      ] Safepoint "Cleanup", Time since last: 1000108611 ns, Reaching safepoint: 147902 ns, At safepoint: 11800 ns, Total: 159702 ns
[3165.138s][info ][safepoint      ] Safepoint "Cleanup", Time since last: 2000168722 ns, Reaching safepoint: 45800 ns, At safepoint: 2700 ns, Total: 48500 ns
[3170.635s][info ][gc,start       ] GC(248) Pause Young (Allocation Failure)
[3170.638s][debug][gc,phases      ] GC(248) Scavenge 2.741ms
[3170.638s][debug][gc,ref         ] GC(248) Skipped phase 1 of Reference Processing: no references
[3170.638s][debug][gc,ref         ] GC(248) Skipped phase 3 of Reference Processing: no references
[3170.638s][debug][gc,ref         ] GC(248) Skipped phase 4 of Reference Processing: no references
[3170.638s][debug][gc,phases      ] GC(248) Reference Processing 0.021ms
[3170.638s][debug][gc,phases      ] GC(248) Weak Processing 0.555ms
[3170.638s][debug][gc,age         ] GC(248) Desired survivor size 1048576 bytes, new threshold 15 (max threshold 15)
[3170.638s][info ][gc,heap        ] GC(248) PSYoungGen: 2095808K(2096128K)->688K(2096128K) Eden: 2095104K(2095104K)->0K(2095104K) From: 704K(1024K)->688K(1024K)
[3170.638s][info ][gc,heap        ] GC(248) ParOldGen: 434003K(442368K)->434035K(442368K)
[3170.638s][info ][gc,metaspace   ] GC(248) Metaspace: 78686K(79360K)->78686K(79360K) NonClass: 68014K(68352K)->68014K(68352K) Class: 10672K(11008K)->10672K(11008K)
[3170.638s][info ][gc             ] GC(248) Pause Young (Allocation Failure) 2470M->424M(2479M) 3.422ms
[3170.638s][info ][gc,cpu         ] GC(248) User=0.01s Sys=0.00s Real=0.01s
[3170.638s][info ][safepoint      ] Safepoint "ParallelGCFailedAllocation", Time since last: 5496484942 ns, Reaching safepoint: 51901 ns, At safepoint: 3498756 ns, Total: 3550657 ns
[3174.639s][info ][safepoint      ] Safepoint "Cleanup", Time since last: 4000276667 ns, Reaching safepoint: 47301 ns, At safepoint: 2500 ns, Total: 49801 ns
[3194.640s][info ][safepoint      ] Safepoint "Cleanup", Time since last: 20001306325 ns, Reaching safepoint: 73201 ns, At safepoint: 2900 ns, Total: 76101 ns
[3194.733s][info ][gc,start       ] GC(249) Pause Young (Allocation Failure)
[3194.736s][debug][gc,phases      ] GC(249) Scavenge 2.005ms
[3194.736s][debug][gc,ref         ] GC(249) Skipped phase 1 of Reference Processing: no references
[3194.736s][debug][gc,ref         ] GC(249) Skipped phase 3 of Reference Processing: no references
[3194.736s][debug][gc,ref         ] GC(249) Skipped phase 4 of Reference Processing: no references
[3194.736s][debug][gc,phases      ] GC(249) Reference Processing 0.022ms
[3194.736s][debug][gc,phases      ] GC(249) Weak Processing 0.478ms
[3194.736s][debug][gc,age         ] GC(249) Desired survivor size 1048576 bytes, new threshold 15 (max threshold 15)
[3194.736s][info ][gc,heap        ] GC(249) PSYoungGen: 2095792K(2096128K)->688K(2096128K) Eden: 2095104K(2095104K)->0K(2095104K) From: 688K(1024K)->688K(1024K)
[3194.736s][info ][gc,heap        ] GC(249) ParOldGen: 434035K(442368K)->434067K(442368K)
[3194.736s][info ][gc,metaspace   ] GC(249) Metaspace: 78690K(79360K)->78690K(79360K) NonClass: 68018K(68352K)->68018K(68352K) Class: 10672K(11008K)->10672K(11008K)
[3194.736s][info ][gc             ] GC(249) Pause Young (Allocation Failure) 2470M->424M(2479M) 2.621ms
[3194.736s][info ][gc,cpu         ] GC(249) User=0.01s Sys=0.00s Real=0.01s
[3194.736s][info ][safepoint      ] Safepoint "ParallelGCFailedAllocation", Time since last: 93384700 ns, Reaching safepoint: 102801 ns, At safepoint: 2722444 ns, Total: 2825245 ns
[3217.454s][info ][gc,start       ] GC(250) Pause Young (Allocation Failure)
[3217.456s][debug][gc,phases      ] GC(250) Scavenge 2.137ms
[3217.456s][debug][gc,ref         ] GC(250) Skipped phase 1 of Reference Processing: no references
[3217.456s][debug][gc,ref         ] GC(250) Skipped phase 3 of Reference Processing: no references
[3217.456s][debug][gc,ref         ] GC(250) Skipped phase 4 of Reference Processing: no references
[3217.456s][debug][gc,phases      ] GC(250) Reference Processing 0.021ms
[3217.457s][debug][gc,phases      ] GC(250) Weak Processing 0.486ms
[3217.457s][debug][gc,age         ] GC(250) Desired survivor size 1048576 bytes, new threshold 15 (max threshold 15)
[3217.457s][info ][gc,heap        ] GC(250) PSYoungGen: 2095792K(2096128K)->688K(2096128K) Eden: 2095104K(2095104K)->0K(2095104K) From: 688K(1024K)->688K(1024K)
[3217.457s][info ][gc,heap        ] GC(250) ParOldGen: 434067K(442368K)->434099K(442368K)
[3217.457s][info ][gc,metaspace   ] GC(250) Metaspace: 78690K(79360K)->78690K(79360K) NonClass: 68018K(68352K)->68018K(68352K) Class: 10672K(11008K)->10672K(11008K)
[3217.457s][info ][gc             ] GC(250) Pause Young (Allocation Failure) 2470M->424M(2479M) 2.771ms
[3217.457s][info ][gc,cpu         ] GC(250) User=0.01s Sys=0.00s Real=0.01s
[3217.457s][info ][safepoint      ] Safepoint "ParallelGCFailedAllocation", Time since last: 22717964498 ns, Reaching safepoint: 114501 ns, At safepoint: 2873447 ns, Total: 2987948 ns
[3230.458s][info ][safepoint      ] Safepoint "Cleanup", Time since last: 13000827647 ns, Reaching safepoint: 26800 ns, At safepoint: 3800 ns, Total: 30600 ns
[3231.458s][info ][safepoint      ] Safepoint "Cleanup", Time since last: 1000108486 ns, Reaching safepoint: 44801 ns, At safepoint: 2700 ns, Total: 47501 ns
[3241.083s][info ][gc,start       ] GC(251) Pause Young (Allocation Failure)
[3241.086s][debug][gc,phases      ] GC(251) Scavenge 2.169ms
[3241.086s][debug][gc,ref         ] GC(251) Skipped phase 1 of Reference Processing: no references
[3241.086s][debug][gc,ref         ] GC(251) Skipped phase 3 of Reference Processing: no references
[3241.086s][debug][gc,phases      ] GC(251) Reference Processing 0.021ms
[3241.086s][debug][gc,phases      ] GC(251) Weak Processing 0.555ms
[3241.086s][debug][gc,age         ] GC(251) Desired survivor size 1048576 bytes, new threshold 15 (max threshold 15)
[3241.086s][info ][gc,heap        ] GC(251) PSYoungGen: 2095792K(2096128K)->720K(2096128K) Eden: 2095104K(2095104K)->0K(2095104K) From: 688K(1024K)->720K(1024K)
[3241.086s][info ][gc,heap        ] GC(251) ParOldGen: 434099K(442368K)->434131K(442368K)
[3241.086s][info ][gc,metaspace   ] GC(251) Metaspace: 78694K(79360K)->78694K(79360K) NonClass: 68020K(68352K)->68020K(68352K) Class: 10673K(11008K)->10673K(11008K)
[3241.086s][info ][gc             ] GC(251) Pause Young (Allocation Failure) 2470M->424M(2479M) 2.870ms
[3241.086s][info ][gc,cpu         ] GC(251) User=0.01s Sys=0.00s Real=0.01s
[3241.086s][info ][safepoint      ] Safepoint "ParallelGCFailedAllocation", Time since last: 9625065951 ns, Reaching safepoint: 112901 ns, At safepoint: 2949148 ns, Total: 3062049 ns
[3245.087s][info ][safepoint      ] Safepoint "Cleanup", Time since last: 4000284376 ns, Reaching safepoint: 54401 ns, At safepoint: 5900 ns, Total: 60301 ns
[3257.088s][info ][safepoint      ] Safepoint "Cleanup", Time since last: 12000863696 ns, Reaching safepoint: 152402 ns, At safepoint: 10301 ns, Total: 162703 ns
[3264.787s][info ][gc,start       ] GC(252) Pause Young (Allocation Failure)
[3264.790s][debug][gc,phases      ] GC(252) Scavenge 3.299ms
[3264.790s][debug][gc,ref         ] GC(252) Skipped phase 1 of Reference Processing: no references
[3264.790s][debug][gc,ref         ] GC(252) Skipped phase 3 of Reference Processing: no references
[3264.790s][debug][gc,ref         ] GC(252) Skipped phase 4 of Reference Processing: no references
[3264.790s][debug][gc,phases      ] GC(252) Reference Processing 0.032ms
[3264.791s][debug][gc,phases      ] GC(252) Weak Processing 0.677ms
[3264.791s][debug][gc,age         ] GC(252) Desired survivor size 1048576 bytes, new threshold 15 (max threshold 15)
[3264.791s][info ][gc,heap        ] GC(252) PSYoungGen: 2095824K(2096128K)->752K(2096128K) Eden: 2095104K(2095104K)->0K(2095104K) From: 720K(1024K)->752K(1024K)
[3264.791s][info ][gc,heap        ] GC(252) ParOldGen: 434131K(442368K)->434163K(442368K)
[3264.791s][info ][gc,metaspace   ] GC(252) Metaspace: 78697K(79360K)->78697K(79360K) NonClass: 68023K(68352K)->68023K(68352K) Class: 10673K(11008K)->10673K(11008K)
[3264.791s][info ][gc             ] GC(252) Pause Young (Allocation Failure) 2470M->424M(2479M) 4.184ms
[3264.791s][info ][gc,cpu         ] GC(252) User=0.02s Sys=0.00s Real=0.00s
[3264.791s][info ][safepoint      ] Safepoint "ParallelGCFailedAllocation", Time since last: 7699057494 ns, Reaching safepoint: 49501 ns, At safepoint: 4277668 ns, Total: 4327169 ns
[3279.792s][info ][safepoint      ] Safepoint "Cleanup", Time since last: 15001103907 ns, Reaching safepoint: 139402 ns, At safepoint: 4700 ns, Total: 144102 ns
[3287.733s][info ][gc,start       ] GC(253) Pause Young (Allocation Failure)
[3287.735s][debug][gc,phases      ] GC(253) Scavenge 2.669ms
[3287.735s][debug][gc,ref         ] GC(253) Skipped phase 1 of Reference Processing: no references
[3287.735s][debug][gc,ref         ] GC(253) Skipped phase 3 of Reference Processing: no references
[3287.735s][debug][gc,phases      ] GC(253) Reference Processing 0.024ms
[3287.736s][debug][gc,phases      ] GC(253) Weak Processing 0.591ms
[3287.736s][debug][gc,age         ] GC(253) Desired survivor size 1048576 bytes, new threshold 15 (max threshold 15)
[3287.736s][info ][gc,heap        ] GC(253) PSYoungGen: 2095856K(2096128K)->752K(2096128K) Eden: 2095104K(2095104K)->0K(2095104K) From: 752K(1024K)->752K(1024K)
[3287.736s][info ][gc,heap        ] GC(253) ParOldGen: 434163K(442368K)->434195K(442368K)
[3287.736s][info ][gc,metaspace   ] GC(253) Metaspace: 78774K(79424K)->78774K(79424K) NonClass: 68094K(68416K)->68094K(68416K) Class: 10680K(11008K)->10680K(11008K)
[3287.736s][info ][gc             ] GC(253) Pause Young (Allocation Failure) 2470M->424M(2479M) 3.417ms
[3287.736s][info ][gc,cpu         ] GC(253) User=0.00s Sys=0.01s Real=0.01s
[3287.736s][info ][safepoint      ] Safepoint "ParallelGCFailedAllocation", Time since last: 7940297298 ns, Reaching safepoint: 142202 ns, At safepoint: 3494757 ns, Total: 3636959 ns
[3289.736s][info ][safepoint      ] Safepoint "Cleanup", Time since last: 2000152748 ns, Reaching safepoint: 120402 ns, At safepoint: 10800 ns, Total: 131202 ns
[3291.737s][info ][safepoint      ] Safepoint "Cleanup", Time since last: 2000183852 ns, Reaching safepoint: 76701 ns, At safepoint: 8601 ns, Total: 85302 ns
[3292.737s][info ][safepoint      ] Safepoint "Cleanup", Time since last: 1000107927 ns, Reaching safepoint: 47300 ns, At safepoint: 16001 ns, Total: 63301 ns
[3294.737s][info ][safepoint      ] Safepoint "Cleanup", Time since last: 2000190355 ns, Reaching safepoint: 55801 ns, At safepoint: 11100 ns, Total: 66901 ns
[3306.738s][info ][safepoint      ] Safepoint "Cleanup", Time since last: 12000891183 ns, Reaching safepoint: 45600 ns, At safepoint: 3200 ns, Total: 48800 ns
[3307.783s][info ][gc,start       ] GC(254) Pause Young (Allocation Failure)
[3307.786s][debug][gc,phases      ] GC(254) Scavenge 3.296ms
[3307.786s][debug][gc,ref         ] GC(254) Skipped phase 1 of Reference Processing: no references
[3307.786s][debug][gc,ref         ] GC(254) Skipped phase 3 of Reference Processing: no references
[3307.786s][debug][gc,phases      ] GC(254) Reference Processing 0.021ms
[3307.787s][debug][gc,phases      ] GC(254) Weak Processing 0.547ms
[3307.787s][debug][gc,age         ] GC(254) Desired survivor size 2097152 bytes, new threshold 14 (max threshold 15)
[3307.787s][info ][gc,heap        ] GC(254) PSYoungGen: 2095856K(2096128K)->1008K(2096128K) Eden: 2095104K(2095104K)->0K(2095104K) From: 752K(1024K)->1008K(1024K)
[3307.787s][info ][gc,heap        ] GC(254) ParOldGen: 434195K(442368K)->435980K(442368K)
[3307.787s][info ][gc,metaspace   ] GC(254) Metaspace: 78775K(79424K)->78775K(79424K) NonClass: 68095K(68416K)->68095K(68416K) Class: 10680K(11008K)->10680K(11008K)
[3307.787s][info ][gc             ] GC(254) Pause Young (Allocation Failure) 2470M->426M(2479M) 4.018ms
[3307.787s][info ][gc,cpu         ] GC(254) User=0.02s Sys=0.00s Real=0.01s
[3307.787s][info ][safepoint      ] Safepoint "ParallelGCFailedAllocation", Time since last: 1044887459 ns, Reaching safepoint: 28601 ns, At safepoint: 4092066 ns, Total: 4120667 ns
[3314.788s][info ][safepoint      ] Safepoint "Cleanup", Time since last: 7000581769 ns, Reaching safepoint: 34900 ns, At safepoint: 3200 ns, Total: 38100 ns
[3322.788s][info ][safepoint      ] Safepoint "Cleanup", Time since last: 8000586543 ns, Reaching safepoint: 75101 ns, At safepoint: 6400 ns, Total: 81501 ns
[3323.789s][info ][safepoint      ] Safepoint "Cleanup", Time since last: 1000094746 ns, Reaching safepoint: 46400 ns, At safepoint: 5901 ns, Total: 52301 ns
[3331.086s][info ][gc,start       ] GC(255) Pause Young (Allocation Failure)
[3331.092s][debug][gc,phases      ] GC(255) Scavenge 6.192ms
[3331.092s][debug][gc,ref         ] GC(255) Skipped phase 1 of Reference Processing: no references
[3331.092s][debug][gc,ref         ] GC(255) Skipped phase 3 of Reference Processing: no references
[3331.092s][debug][gc,phases      ] GC(255) Reference Processing 0.034ms
[3331.093s][debug][gc,phases      ] GC(255) Weak Processing 0.667ms
[3331.093s][debug][gc,age         ] GC(255) Desired survivor size 2097152 bytes, new threshold 13 (max threshold 15)
[3331.093s][info ][gc,heap        ] GC(255) PSYoungGen: 2096112K(2096128K)->1008K(2094080K) Eden: 2095104K(2095104K)->0K(2093056K) From: 1008K(1024K)->1008K(1024K)
[3331.093s][info ][gc,heap        ] GC(255) ParOldGen: 435980K(442368K)->436236K(442368K)
[3331.093s][info ][gc,metaspace   ] GC(255) Metaspace: 78775K(79424K)->78775K(79424K) NonClass: 68095K(68416K)->68095K(68416K) Class: 10680K(11008K)->10680K(11008K)
[3331.093s][info ][gc             ] GC(255) Pause Young (Allocation Failure) 2472M->426M(2477M) 7.037ms
[3331.093s][info ][gc,cpu         ] GC(255) User=0.01s Sys=0.00s Real=0.00s
[3331.093s][info ][safepoint      ] Safepoint "ParallelGCFailedAllocation", Time since last: 7297477830 ns, Reaching safepoint: 40400 ns, At safepoint: 7136116 ns, Total: 7176516 ns
[3338.094s][info ][safepoint      ] Safepoint "Cleanup", Time since last: 7000487764 ns, Reaching safepoint: 50400 ns, At safepoint: 5801 ns, Total: 56201 ns
[3354.784s][info ][gc,start       ] GC(256) Pause Young (Allocation Failure)
[3354.787s][debug][gc,phases      ] GC(256) Scavenge 2.911ms
[3354.787s][debug][gc,ref         ] GC(256) Skipped phase 1 of Reference Processing: no references
[3354.787s][debug][gc,ref         ] GC(256) Skipped phase 3 of Reference Processing: no references
[3354.787s][debug][gc,phases      ] GC(256) Reference Processing 0.021ms
[3354.787s][debug][gc,phases      ] GC(256) Weak Processing 0.497ms
[3354.787s][debug][gc,age         ] GC(256) Desired survivor size 2097152 bytes, new threshold 14 (max threshold 15)
[3354.787s][info ][gc,heap        ] GC(256) PSYoungGen: 2094064K(2094080K)->1120K(2095104K) Eden: 2093056K(2093056K)->0K(2093056K) From: 1008K(1024K)->1120K(2048K)
[3354.787s][info ][gc,heap        ] GC(256) ParOldGen: 436236K(442368K)->436244K(442368K)
[3354.787s][info ][gc,metaspace   ] GC(256) Metaspace: 78775K(79424K)->78775K(79424K) NonClass: 68095K(68416K)->68095K(68416K) Class: 10680K(11008K)->10680K(11008K)
[3354.787s][info ][gc             ] GC(256) Pause Young (Allocation Failure) 2470M->427M(2478M) 3.549ms
[3354.787s][info ][gc,cpu         ] GC(256) User=0.02s Sys=0.00s Real=0.01s
[3354.787s][info ][safepoint      ] Safepoint "ParallelGCFailedAllocation", Time since last: 16689776667 ns, Reaching safepoint: 126702 ns, At safepoint: 3630858 ns, Total: 3757560 ns
[3360.788s][info ][safepoint      ] Safepoint "Cleanup", Time since last: 6000464644 ns, Reaching safepoint: 89401 ns, At safepoint: 11601 ns, Total: 101002 ns
[3378.385s][info ][gc,start       ] GC(257) Pause Young (Allocation Failure)
[3378.388s][debug][gc,phases      ] GC(257) Scavenge 2.856ms
[3378.388s][debug][gc,ref         ] GC(257) Skipped phase 1 of Reference Processing: no references
[3378.388s][debug][gc,ref         ] GC(257) Skipped phase 3 of Reference Processing: no references
[3378.388s][debug][gc,phases      ] GC(257) Reference Processing 0.022ms
[3378.389s][debug][gc,phases      ] GC(257) Weak Processing 0.543ms
[3378.389s][debug][gc,age         ] GC(257) Desired survivor size 2097152 bytes, new threshold 15 (max threshold 15)
[3378.389s][info ][gc,heap        ] GC(257) PSYoungGen: 2094176K(2095104K)->1216K(2095104K) Eden: 2093056K(2093056K)->0K(2093056K) From: 1120K(2048K)->1216K(2048K)
[3378.389s][info ][gc,heap        ] GC(257) ParOldGen: 436244K(442368K)->436244K(442368K)
[3378.389s][info ][gc,metaspace   ] GC(257) Metaspace: 78775K(79424K)->78775K(79424K) NonClass: 68095K(68416K)->68095K(68416K) Class: 10680K(11008K)->10680K(11008K)
[3378.389s][info ][gc             ] GC(257) Pause Young (Allocation Failure) 2471M->427M(2478M) 3.545ms
[3378.389s][info ][gc,cpu         ] GC(257) User=0.01s Sys=0.00s Real=0.00s
[3378.389s][info ][safepoint      ] Safepoint "ParallelGCFailedAllocation", Time since last: 17597101451 ns, Reaching safepoint: 45401 ns, At safepoint: 3628559 ns, Total: 3673960 ns
[3401.937s][info ][gc,start       ] GC(258) Pause Young (Allocation Failure)
[3401.944s][debug][gc,phases      ] GC(258) Scavenge 7.286ms
[3401.944s][debug][gc,ref         ] GC(258) Skipped phase 1 of Reference Processing: no references
[3401.944s][debug][gc,ref         ] GC(258) Skipped phase 3 of Reference Processing: no references
[3401.944s][debug][gc,ref         ] GC(258) Skipped phase 4 of Reference Processing: no references
[3401.944s][debug][gc,phases      ] GC(258) Reference Processing 0.038ms
[3401.945s][debug][gc,phases      ] GC(258) Weak Processing 1.085ms
[3401.945s][debug][gc,age         ] GC(258) Desired survivor size 2097152 bytes, new threshold 15 (max threshold 15)
[3401.945s][info ][gc,heap        ] GC(258) PSYoungGen: 2094272K(2095104K)->1184K(2095104K) Eden: 2093056K(2093056K)->0K(2093056K) From: 1216K(2048K)->1184K(2048K)
[3401.945s][info ][gc,heap        ] GC(258) ParOldGen: 436244K(442368K)->436244K(442368K)
[3401.945s][info ][gc,metaspace   ] GC(258) Metaspace: 78775K(79424K)->78775K(79424K) NonClass: 68095K(68416K)->68095K(68416K) Class: 10680K(11008K)->10680K(11008K)
[3401.945s][info ][gc             ] GC(258) Pause Young (Allocation Failure) 2471M->427M(2478M) 8.584ms
[3401.945s][info ][gc,cpu         ] GC(258) User=0.02s Sys=0.00s Real=0.01s
[3401.945s][info ][safepoint      ] Safepoint "ParallelGCFailedAllocation", Time since last: 23548061877 ns, Reaching safepoint: 96002 ns, At safepoint: 8687441 ns, Total: 8783443 ns
[3417.956s][info ][safepoint      ] Safepoint "Cleanup", Time since last: 16001182715 ns, Reaching safepoint: 9602756 ns, At safepoint: 16400 ns, Total: 9619156 ns
[3421.963s][info ][safepoint      ] Safepoint "Cleanup", Time since last: 4000338470 ns, Reaching safepoint: 6377103 ns, At safepoint: 12600 ns, Total: 6389703 ns
[3423.964s][info ][safepoint      ] Safepoint "Cleanup", Time since last: 2001120903 ns, Reaching safepoint: 52600 ns, At safepoint: 9901 ns, Total: 62501 ns
[3424.886s][info ][gc,start       ] GC(259) Pause Young (Allocation Failure)
[3424.895s][debug][gc,phases      ] GC(259) Scavenge 8.737ms
[3424.895s][debug][gc,ref         ] GC(259) Skipped phase 1 of Reference Processing: no references
[3424.895s][debug][gc,ref         ] GC(259) Skipped phase 3 of Reference Processing: no references
[3424.895s][debug][gc,ref         ] GC(259) Skipped phase 4 of Reference Processing: no references
[3424.895s][debug][gc,phases      ] GC(259) Reference Processing 0.030ms
[3424.896s][debug][gc,phases      ] GC(259) Weak Processing 0.755ms
[3424.896s][debug][gc,age         ] GC(259) Desired survivor size 2097152 bytes, new threshold 15 (max threshold 15)
[3424.896s][info ][gc,heap        ] GC(259) PSYoungGen: 2094240K(2095104K)->1184K(2095104K) Eden: 2093056K(2093056K)->0K(2093056K) From: 1184K(2048K)->1184K(2048K)
[3424.896s][info ][gc,heap        ] GC(259) ParOldGen: 436244K(442368K)->436252K(442368K)
[3424.896s][info ][gc,metaspace   ] GC(259) Metaspace: 78775K(79424K)->78775K(79424K) NonClass: 68095K(68416K)->68095K(68416K) Class: 10680K(11008K)->10680K(11008K)
[3424.896s][info ][gc             ] GC(259) Pause Young (Allocation Failure) 2471M->427M(2478M) 9.718ms
[3424.896s][info ][gc,cpu         ] GC(259) User=0.02s Sys=0.00s Real=0.00s
[3424.896s][info ][safepoint      ] Safepoint "ParallelGCFailedAllocation", Time since last: 921990375 ns, Reaching safepoint: 52901 ns, At safepoint: 9811559 ns, Total: 9864460 ns
[3425.896s][info ][safepoint      ] Safepoint "Cleanup", Time since last: 1000090945 ns, Reaching safepoint: 46001 ns, At safepoint: 3100 ns, Total: 49101 ns
[3430.897s][info ][safepoint      ] Safepoint "Cleanup", Time since last: 5000373726 ns, Reaching safepoint: 77901 ns, At safepoint: 9700 ns, Total: 87601 ns
[3441.897s][info ][safepoint      ] Safepoint "Cleanup", Time since last: 11000760628 ns, Reaching safepoint: 77302 ns, At safepoint: 8500 ns, Total: 85802 ns
[3447.589s][info ][gc,start       ] GC(260) Pause Young (Allocation Failure)
[3447.592s][debug][gc,phases      ] GC(260) Scavenge 2.637ms
[3447.592s][debug][gc,ref         ] GC(260) Skipped phase 1 of Reference Processing: no references
[3447.592s][debug][gc,ref         ] GC(260) Skipped phase 3 of Reference Processing: no references
[3447.592s][debug][gc,ref         ] GC(260) Skipped phase 4 of Reference Processing: no references
[3447.592s][debug][gc,phases      ] GC(260) Reference Processing 0.022ms
[3447.592s][debug][gc,phases      ] GC(260) Weak Processing 0.663ms
[3447.592s][debug][gc,age         ] GC(260) Desired survivor size 2097152 bytes, new threshold 15 (max threshold 15)
[3447.592s][info ][gc,heap        ] GC(260) PSYoungGen: 2094240K(2095104K)->1184K(2095104K) Eden: 2093056K(2093056K)->0K(2093056K) From: 1184K(2048K)->1184K(2048K)
[3447.592s][info ][gc,heap        ] GC(260) ParOldGen: 436252K(442368K)->436252K(442368K)
[3447.592s][info ][gc,metaspace   ] GC(260) Metaspace: 78776K(79424K)->78776K(79424K) NonClass: 68096K(68416K)->68096K(68416K) Class: 10680K(11008K)->10680K(11008K)
[3447.592s][info ][gc             ] GC(260) Pause Young (Allocation Failure) 2471M->427M(2478M) 3.454ms
[3447.592s][info ][gc,cpu         ] GC(260) User=0.01s Sys=0.00s Real=0.00s
[3447.592s][info ][safepoint      ] Safepoint "ParallelGCFailedAllocation", Time since last: 5691302983 ns, Reaching safepoint: 176003 ns, At safepoint: 3534557 ns, Total: 3710560 ns
[3453.593s][info ][safepoint      ] Safepoint "Cleanup", Time since last: 6000377317 ns, Reaching safepoint: 111502 ns, At safepoint: 10800 ns, Total: 122302 ns
[3454.593s][info ][safepoint      ] Safepoint "Cleanup", Time since last: 1000112755 ns, Reaching safepoint: 48601 ns, At safepoint: 9300 ns, Total: 57901 ns
[3458.594s][info ][safepoint      ] Safepoint "Cleanup", Time since last: 4000450823 ns, Reaching safepoint: 52701 ns, At safepoint: 9800 ns, Total: 62501 ns
[3459.594s][info ][safepoint      ] Safepoint "Cleanup", Time since last: 1000124057 ns, Reaching safepoint: 62401 ns, At safepoint: 10000 ns, Total: 72401 ns
[3460.594s][info ][safepoint      ] Safepoint "Cleanup", Time since last: 1000109357 ns, Reaching safepoint: 82602 ns, At safepoint: 14800 ns, Total: 97402 ns
[3464.594s][info ][safepoint      ] Safepoint "Cleanup", Time since last: 4000309229 ns, Reaching safepoint: 42601 ns, At safepoint: 2700 ns, Total: 45301 ns
[3465.389s][info ][gc,start       ] GC(261) Pause Young (Allocation Failure)
[3465.392s][debug][gc,phases      ] GC(261) Scavenge 3.239ms
[3465.392s][debug][gc,ref         ] GC(261) Skipped phase 1 of Reference Processing: no references
[3465.392s][debug][gc,ref         ] GC(261) Skipped phase 3 of Reference Processing: no references
[3465.392s][debug][gc,ref         ] GC(261) Skipped phase 4 of Reference Processing: no references
[3465.392s][debug][gc,phases      ] GC(261) Reference Processing 0.023ms
[3465.393s][debug][gc,phases      ] GC(261) Weak Processing 0.524ms
[3465.393s][debug][gc,age         ] GC(261) Desired survivor size 2097152 bytes, new threshold 15 (max threshold 15)
[3465.393s][info ][gc,heap        ] GC(261) PSYoungGen: 2094240K(2095104K)->1712K(2095104K) Eden: 2093056K(2093056K)->0K(2093056K) From: 1184K(2048K)->1712K(2048K)
[3465.393s][info ][gc,heap        ] GC(261) ParOldGen: 436252K(442368K)->436260K(442368K)
[3465.393s][info ][gc,metaspace   ] GC(261) Metaspace: 78781K(79424K)->78781K(79424K) NonClass: 68100K(68416K)->68100K(68416K) Class: 10680K(11008K)->10680K(11008K)
[3465.393s][info ][gc             ] GC(261) Pause Young (Allocation Failure) 2471M->427M(2478M) 3.932ms
[3465.393s][info ][gc,cpu         ] GC(261) User=0.01s Sys=0.00s Real=0.00s
[3465.393s][info ][safepoint      ] Safepoint "ParallelGCFailedAllocation", Time since last: 794335413 ns, Reaching safepoint: 29800 ns, At safepoint: 4008466 ns, Total: 4038266 ns
[3470.393s][info ][safepoint      ] Safepoint "Cleanup", Time since last: 5000351194 ns, Reaching safepoint: 60801 ns, At safepoint: 10400 ns, Total: 71201 ns
[3473.394s][info ][safepoint      ] Safepoint "Cleanup", Time since last: 3000259282 ns, Reaching safepoint: 51201 ns, At safepoint: 12500 ns, Total: 63701 ns
[3477.400s][info ][safepoint      ] Safepoint "Cleanup", Time since last: 4000325546 ns, Reaching safepoint: 6329503 ns, At safepoint: 19600 ns, Total: 6349103 ns
[3478.400s][info ][safepoint      ] Safepoint "Cleanup", Time since last: 1000110163 ns, Reaching safepoint: 57601 ns, At safepoint: 4500 ns, Total: 62101 ns
[3480.401s][info ][safepoint      ] Safepoint "Cleanup", Time since last: 2000184126 ns, Reaching safepoint: 47601 ns, At safepoint: 5700 ns, Total: 53301 ns
[3481.333s][info ][gc,start       ] GC(262) Pause Young (Allocation Failure)
[3481.340s][debug][gc,phases      ] GC(262) Scavenge 6.937ms
[3481.340s][debug][gc,ref         ] GC(262) Skipped phase 1 of Reference Processing: no references
[3481.340s][debug][gc,ref         ] GC(262) Skipped phase 3 of Reference Processing: no references
[3481.340s][debug][gc,ref         ] GC(262) Skipped phase 4 of Reference Processing: no references
[3481.340s][debug][gc,phases      ] GC(262) Reference Processing 0.032ms
[3481.341s][debug][gc,phases      ] GC(262) Weak Processing 0.684ms
[3481.341s][debug][gc,age         ] GC(262) Desired survivor size 2097152 bytes, new threshold 15 (max threshold 15)
[3481.341s][info ][gc,heap        ] GC(262) PSYoungGen: 2094768K(2095104K)->1768K(2095104K) Eden: 2093056K(2093056K)->0K(2093056K) From: 1712K(2048K)->1768K(2048K)
[3481.341s][info ][gc,heap        ] GC(262) ParOldGen: 436260K(442368K)->436260K(442368K)
[3481.341s][info ][gc,metaspace   ] GC(262) Metaspace: 78787K(79424K)->78787K(79424K) NonClass: 68106K(68416K)->68106K(68416K) Class: 10680K(11008K)->10680K(11008K)
[3481.341s][info ][gc             ] GC(262) Pause Young (Allocation Failure) 2471M->427M(2478M) 7.806ms
[3481.341s][info ][gc,cpu         ] GC(262) User=0.01s Sys=0.00s Real=0.01s
[3481.341s][info ][safepoint      ] Safepoint "ParallelGCFailedAllocation", Time since last: 932325862 ns, Reaching safepoint: 123502 ns, At safepoint: 7934229 ns, Total: 8057731 ns
[3482.341s][info ][safepoint      ] Safepoint "Cleanup", Time since last: 1000090164 ns, Reaching safepoint: 124902 ns, At safepoint: 7100 ns, Total: 132002 ns
[3483.342s][info ][safepoint      ] Safepoint "Cleanup", Time since last: 1000117364 ns, Reaching safepoint: 137903 ns, At safepoint: 12500 ns, Total: 150403 ns
[3485.342s][info ][safepoint      ] Safepoint "Cleanup", Time since last: 2000182729 ns, Reaching safepoint: 59101 ns, At safepoint: 14700 ns, Total: 73801 ns
[3491.342s][info ][safepoint      ] Safepoint "Cleanup", Time since last: 6000444994 ns, Reaching safepoint: 89502 ns, At safepoint: 14300 ns, Total: 103802 ns
[3493.343s][info ][safepoint      ] Safepoint "Cleanup", Time since last: 2000149934 ns, Reaching safepoint: 137402 ns, At safepoint: 10000 ns, Total: 147402 ns
[3494.343s][info ][safepoint      ] Safepoint "Cleanup", Time since last: 1000113568 ns, Reaching safepoint: 74902 ns, At safepoint: 8400 ns, Total: 83302 ns
[3495.343s][info ][safepoint      ] Safepoint "Cleanup", Time since last: 1000131668 ns, Reaching safepoint: 54001 ns, At safepoint: 20001 ns, Total: 74002 ns
[3497.634s][info ][gc,start       ] GC(263) Pause Young (Allocation Failure)
[3497.638s][debug][gc,phases      ] GC(263) Scavenge 3.403ms
[3497.638s][debug][gc,ref         ] GC(263) Skipped phase 1 of Reference Processing: no references
[3497.638s][debug][gc,ref         ] GC(263) Skipped phase 3 of Reference Processing: no references
[3497.638s][debug][gc,ref         ] GC(263) Skipped phase 4 of Reference Processing: no references
[3497.638s][debug][gc,phases      ] GC(263) Reference Processing 0.036ms
[3497.638s][debug][gc,phases      ] GC(263) Weak Processing 0.575ms
[3497.638s][debug][gc,age         ] GC(263) Desired survivor size 2621440 bytes, new threshold 15 (max threshold 15)
[3497.638s][info ][gc,heap        ] GC(263) PSYoungGen: 2094824K(2095104K)->1776K(2094080K) Eden: 2093056K(2093056K)->0K(2092032K) From: 1768K(2048K)->1776K(2048K)
[3497.638s][info ][gc,heap        ] GC(263) ParOldGen: 436260K(442368K)->436284K(442368K)
[3497.638s][info ][gc,metaspace   ] GC(263) Metaspace: 78791K(79424K)->78791K(79424K) NonClass: 68110K(68416K)->68110K(68416K) Class: 10680K(11008K)->10680K(11008K)
[3497.638s][info ][gc             ] GC(263) Pause Young (Allocation Failure) 2471M->427M(2477M) 4.161ms
[3497.638s][info ][gc,cpu         ] GC(263) User=0.01s Sys=0.00s Real=0.01s
[3497.638s][info ][safepoint      ] Safepoint "ParallelGCFailedAllocation", Time since last: 2291073969 ns, Reaching safepoint: 49301 ns, At safepoint: 4258469 ns, Total: 4307770 ns
[3499.639s][info ][safepoint      ] Safepoint "Cleanup", Time since last: 2000146938 ns, Reaching safepoint: 113901 ns, At safepoint: 9901 ns, Total: 123802 ns
[3500.639s][info ][safepoint      ] Safepoint "Cleanup", Time since last: 1000114770 ns, Reaching safepoint: 64201 ns, At safepoint: 7100 ns, Total: 71301 ns
[3501.639s][info ][safepoint      ] Safepoint "Cleanup", Time since last: 1000116570 ns, Reaching safepoint: 64901 ns, At safepoint: 7000 ns, Total: 71901 ns
[3502.639s][info ][safepoint      ] Safepoint "Cleanup", Time since last: 1000123671 ns, Reaching safepoint: 118502 ns, At safepoint: 9500 ns, Total: 128002 ns
[3507.640s][info ][safepoint      ] Safepoint "Cleanup", Time since last: 5000416656 ns, Reaching safepoint: 121502 ns, At safepoint: 6700 ns, Total: 128202 ns
[3508.640s][info ][safepoint      ] Safepoint "Cleanup", Time since last: 1000117073 ns, Reaching safepoint: 155402 ns, At safepoint: 12700 ns, Total: 168102 ns
[3509.640s][info ][safepoint      ] Safepoint "Cleanup", Time since last: 1000111673 ns, Reaching safepoint: 140603 ns, At safepoint: 10800 ns, Total: 151403 ns
[3513.884s][info ][gc,start       ] GC(264) Pause Young (Allocation Failure)
[3513.887s][debug][gc,phases      ] GC(264) Scavenge 3.355ms
[3513.887s][debug][gc,ref         ] GC(264) Skipped phase 1 of Reference Processing: no references
[3513.887s][debug][gc,ref         ] GC(264) Skipped phase 3 of Reference Processing: no references
[3513.887s][debug][gc,ref         ] GC(264) Skipped phase 4 of Reference Processing: no references
[3513.887s][debug][gc,phases      ] GC(264) Reference Processing 0.023ms
[3513.888s][debug][gc,phases      ] GC(264) Weak Processing 0.545ms
[3513.888s][debug][gc,age         ] GC(264) Desired survivor size 2621440 bytes, new threshold 15 (max threshold 15)
[3513.888s][info ][gc,heap        ] GC(264) PSYoungGen: 2093808K(2094080K)->1776K(2094592K) Eden: 2092032K(2092032K)->0K(2092032K) From: 1776K(2048K)->1776K(2560K)
[3513.888s][info ][gc,heap        ] GC(264) ParOldGen: 436284K(442368K)->436284K(442368K)
[3513.888s][info ][gc,metaspace   ] GC(264) Metaspace: 78810K(79488K)->78810K(79488K) NonClass: 68129K(68480K)->68129K(68480K) Class: 10680K(11008K)->10680K(11008K)
[3513.888s][info ][gc             ] GC(264) Pause Young (Allocation Failure) 2470M->427M(2477M) 4.055ms
[3513.888s][info ][gc,cpu         ] GC(264) User=0.01s Sys=0.00s Real=0.01s
[3513.888s][info ][safepoint      ] Safepoint "ParallelGCFailedAllocation", Time since last: 4243027842 ns, Reaching safepoint: 110101 ns, At safepoint: 4155668 ns, Total: 4265769 ns
[3514.888s][info ][safepoint      ] Safepoint "Cleanup", Time since last: 1000099174 ns, Reaching safepoint: 123802 ns, At safepoint: 13600 ns, Total: 137402 ns
[3517.888s][info ][safepoint      ] Safepoint "Cleanup", Time since last: 3000271525 ns, Reaching safepoint: 149202 ns, At safepoint: 9600 ns, Total: 158802 ns
[3536.582s][info ][gc,start       ] GC(265) Pause Young (Allocation Failure)
[3536.586s][debug][gc,phases      ] GC(265) Scavenge 4.429ms
[3536.586s][debug][gc,ref         ] GC(265) Skipped phase 1 of Reference Processing: no references
[3536.586s][debug][gc,ref         ] GC(265) Skipped phase 3 of Reference Processing: no references
[3536.586s][debug][gc,ref         ] GC(265) Skipped phase 4 of Reference Processing: no references
[3536.586s][debug][gc,phases      ] GC(265) Reference Processing 0.023ms
[3536.587s][debug][gc,phases      ] GC(265) Weak Processing 0.559ms
[3536.587s][debug][gc,age         ] GC(265) Desired survivor size 2621440 bytes, new threshold 15 (max threshold 15)
[3536.587s][info ][gc,heap        ] GC(265) PSYoungGen: 2093808K(2094592K)->1520K(2094592K) Eden: 2092032K(2092032K)->0K(2092032K) From: 1776K(2560K)->1520K(2560K)
[3536.587s][info ][gc,heap        ] GC(265) ParOldGen: 436284K(442368K)->436300K(442368K)
[3536.587s][info ][gc,metaspace   ] GC(265) Metaspace: 78810K(79488K)->78810K(79488K) NonClass: 68129K(68480K)->68129K(68480K) Class: 10680K(11008K)->10680K(11008K)
[3536.587s][info ][gc             ] GC(265) Pause Young (Allocation Failure) 2470M->427M(2477M) 5.135ms
[3536.587s][info ][gc,cpu         ] GC(265) User=0.01s Sys=0.00s Real=0.01s
[3536.587s][info ][safepoint      ] Safepoint "ParallelGCFailedAllocation", Time since last: 18693307661 ns, Reaching safepoint: 63602 ns, At safepoint: 5218784 ns, Total: 5282386 ns
[3559.772s][info ][safepoint      ] Safepoint "ParallelGCFailedAllocation", Time since last: 23184517004 ns, Reaching safepoint: 128903 ns, At safepoint: 14100 ns, Total: 143003 ns
[3559.772s][info ][gc,start       ] GC(266) Pause Young (GCLocker Initiated GC)
[3559.774s][debug][gc,phases      ] GC(266) Scavenge 2.416ms
[3559.774s][debug][gc,ref         ] GC(266) Skipped phase 1 of Reference Processing: no references
[3559.774s][debug][gc,ref         ] GC(266) Skipped phase 3 of Reference Processing: no references
[3559.774s][debug][gc,ref         ] GC(266) Skipped phase 4 of Reference Processing: no references
[3559.774s][debug][gc,phases      ] GC(266) Reference Processing 0.022ms
[3559.775s][debug][gc,phases      ] GC(266) Weak Processing 0.530ms
[3559.775s][debug][gc,age         ] GC(266) Desired survivor size 2621440 bytes, new threshold 15 (max threshold 15)
[3559.775s][info ][gc,heap        ] GC(266) PSYoungGen: 2093552K(2094592K)->1488K(2094592K) Eden: 2092032K(2092032K)->0K(2092032K) From: 1520K(2560K)->1488K(2560K)
[3559.775s][info ][gc,heap        ] GC(266) ParOldGen: 436300K(442368K)->436332K(442368K)
[3559.775s][info ][gc,metaspace   ] GC(266) Metaspace: 78810K(79488K)->78810K(79488K) NonClass: 68129K(68480K)->68129K(68480K) Class: 10680K(11008K)->10680K(11008K)
[3559.775s][info ][gc             ] GC(266) Pause Young (GCLocker Initiated GC) 2470M->427M(2477M) 3.083ms
[3559.775s][info ][gc,cpu         ] GC(266) User=0.01s Sys=0.00s Real=0.00s
[3559.775s][info ][safepoint      ] Safepoint "ParallelGCSystemGC", Time since last: 60801 ns, Reaching safepoint: 16900 ns, At safepoint: 3153651 ns, Total: 3170551 ns
[3583.135s][info ][gc,start       ] GC(267) Pause Young (Allocation Failure)
[3583.139s][debug][gc,phases      ] GC(267) Scavenge 4.167ms
[3583.139s][debug][gc,ref         ] GC(267) Skipped phase 1 of Reference Processing: no references
[3583.139s][debug][gc,ref         ] GC(267) Skipped phase 3 of Reference Processing: no references
[3583.139s][debug][gc,ref         ] GC(267) Skipped phase 4 of Reference Processing: no references
[3583.139s][debug][gc,phases      ] GC(267) Reference Processing 0.044ms
[3583.140s][debug][gc,phases      ] GC(267) Weak Processing 0.621ms
[3583.140s][debug][gc,age         ] GC(267) Desired survivor size 2621440 bytes, new threshold 15 (max threshold 15)
[3583.140s][info ][gc,heap        ] GC(267) PSYoungGen: 2093520K(2094592K)->1520K(2094592K) Eden: 2092032K(2092032K)->0K(2092032K) From: 1488K(2560K)->1520K(2560K)
[3583.140s][info ][gc,heap        ] GC(267) ParOldGen: 436334K(442368K)->436366K(442368K)
[3583.140s][info ][gc,metaspace   ] GC(267) Metaspace: 78810K(79488K)->78810K(79488K) NonClass: 68129K(68480K)->68129K(68480K) Class: 10680K(11008K)->10680K(11008K)
[3583.140s][info ][gc             ] GC(267) Pause Young (Allocation Failure) 2470M->427M(2477M) 5.201ms
[3583.140s][info ][gc,cpu         ] GC(267) User=0.02s Sys=0.00s Real=0.01s
[3583.140s][info ][safepoint      ] Safepoint "ParallelGCFailedAllocation", Time since last: 23360115816 ns, Reaching safepoint: 56800 ns, At safepoint: 5288187 ns, Total: 5344987 ns
[3596.141s][info ][safepoint      ] Safepoint "Cleanup", Time since last: 13000921436 ns, Reaching safepoint: 78902 ns, At safepoint: 7800 ns, Total: 86702 ns
[3597.141s][info ][safepoint      ] Safepoint "Cleanup", Time since last: 1000098997 ns, Reaching safepoint: 49801 ns, At safepoint: 4200 ns, Total: 54001 ns
[3606.138s][info ][gc,start       ] GC(268) Pause Young (Allocation Failure)
[3606.141s][debug][gc,phases      ] GC(268) Scavenge 3.248ms
[3606.141s][debug][gc,ref         ] GC(268) Skipped phase 1 of Reference Processing: no references
[3606.141s][debug][gc,ref         ] GC(268) Skipped phase 2 of Reference Processing: no references
[3606.141s][debug][gc,ref         ] GC(268) Skipped phase 3 of Reference Processing: no references
[3606.141s][debug][gc,ref         ] GC(268) Skipped phase 4 of Reference Processing: no references
[3606.141s][debug][gc,phases      ] GC(268) Reference Processing 0.030ms
[3606.142s][debug][gc,phases      ] GC(268) Weak Processing 0.693ms
[3606.142s][debug][gc,age         ] GC(268) Desired survivor size 2621440 bytes, new threshold 15 (max threshold 15)
[3606.142s][info ][gc,heap        ] GC(268) PSYoungGen: 2093552K(2094592K)->1456K(2094592K) Eden: 2092032K(2092032K)->0K(2092032K) From: 1520K(2560K)->1456K(2560K)
[3606.142s][info ][gc,heap        ] GC(268) ParOldGen: 436366K(442368K)->436382K(442368K)
[3606.142s][info ][gc,metaspace   ] GC(268) Metaspace: 78810K(79488K)->78810K(79488K) NonClass: 68129K(68480K)->68129K(68480K) Class: 10680K(11008K)->10680K(11008K)
[3606.142s][info ][gc             ] GC(268) Pause Young (Allocation Failure) 2470M->427M(2477M) 4.130ms
[3606.142s][info ][gc,cpu         ] GC(268) User=0.01s Sys=0.00s Real=0.00s
[3606.142s][info ][safepoint      ] Safepoint "ParallelGCFailedAllocation", Time since last: 8996431016 ns, Reaching safepoint: 41801 ns, At safepoint: 4220068 ns, Total: 4261869 ns
[3612.143s][info ][safepoint      ] Safepoint "Cleanup", Time since last: 6000412801 ns, Reaching safepoint: 50401 ns, At safepoint: 2800 ns, Total: 53201 ns
[3623.143s][info ][safepoint      ] Safepoint "Cleanup", Time since last: 11000777926 ns, Reaching safepoint: 61101 ns, At safepoint: 8000 ns, Total: 69101 ns
[3628.786s][info ][gc,start       ] GC(269) Pause Young (Allocation Failure)
[3628.790s][debug][gc,phases      ] GC(269) Scavenge 2.956ms
[3628.790s][debug][gc,ref         ] GC(269) Skipped phase 1 of Reference Processing: no references
[3628.790s][debug][gc,ref         ] GC(269) Skipped phase 3 of Reference Processing: no references
[3628.790s][debug][gc,phases      ] GC(269) Reference Processing 0.023ms
[3628.790s][debug][gc,phases      ] GC(269) Weak Processing 0.556ms
[3628.790s][debug][gc,age         ] GC(269) Desired survivor size 2621440 bytes, new threshold 15 (max threshold 15)
[3628.790s][info ][gc,heap        ] GC(269) PSYoungGen: 2093488K(2094592K)->992K(2094592K) Eden: 2092032K(2092032K)->0K(2092032K) From: 1456K(2560K)->992K(2560K)
[3628.790s][info ][gc,heap        ] GC(269) ParOldGen: 436382K(442368K)->436983K(442368K)
[3628.790s][info ][gc,metaspace   ] GC(269) Metaspace: 78810K(79488K)->78810K(79488K) NonClass: 68129K(68480K)->68129K(68480K) Class: 10680K(11008K)->10680K(11008K)
[3628.790s][info ][gc             ] GC(269) Pause Young (Allocation Failure) 2470M->427M(2477M) 3.698ms
[3628.790s][info ][gc,cpu         ] GC(269) User=0.01s Sys=0.00s Real=0.00s
[3628.790s][info ][safepoint      ] Safepoint "ParallelGCFailedAllocation", Time since last: 5642962698 ns, Reaching safepoint: 38601 ns, At safepoint: 3780261 ns, Total: 3818862 ns
[3641.791s][info ][safepoint      ] Safepoint "Cleanup", Time since last: 13000934987 ns, Reaching safepoint: 55101 ns, At safepoint: 3100 ns, Total: 58201 ns
[3645.792s][info ][safepoint      ] Safepoint "Cleanup", Time since last: 4000315935 ns, Reaching safepoint: 72701 ns, At safepoint: 7001 ns, Total: 79702 ns
[3646.792s][info ][safepoint      ] Safepoint "Cleanup", Time since last: 1000106609 ns, Reaching safepoint: 62801 ns, At safepoint: 9901 ns, Total: 72702 ns
[3651.950s][info ][gc,start       ] GC(270) Pause Young (Allocation Failure)
[3651.953s][debug][gc,phases      ] GC(270) Scavenge 2.586ms
[3651.953s][debug][gc,ref         ] GC(270) Skipped phase 1 of Reference Processing: no references
[3651.953s][debug][gc,ref         ] GC(270) Skipped phase 3 of Reference Processing: no references
[3651.953s][debug][gc,phases      ] GC(270) Reference Processing 0.021ms
[3651.953s][debug][gc,phases      ] GC(270) Weak Processing 0.486ms
[3651.953s][debug][gc,age         ] GC(270) Desired survivor size 2621440 bytes, new threshold 15 (max threshold 15)
[3651.953s][info ][gc,heap        ] GC(270) PSYoungGen: 2093024K(2094592K)->1024K(2094592K) Eden: 2092032K(2092032K)->0K(2092032K) From: 992K(2560K)->1024K(2560K)
[3651.953s][info ][gc,heap        ] GC(270) ParOldGen: 436983K(442368K)->437007K(442368K)
[3651.953s][info ][gc,metaspace   ] GC(270) Metaspace: 78811K(79488K)->78811K(79488K) NonClass: 68130K(68480K)->68130K(68480K) Class: 10680K(11008K)->10680K(11008K)
[3651.953s][info ][gc             ] GC(270) Pause Young (Allocation Failure) 2470M->427M(2477M) 3.213ms
[3651.953s][info ][gc,cpu         ] GC(270) User=0.01s Sys=0.00s Real=0.00s
[3651.953s][info ][safepoint      ] Safepoint "ParallelGCFailedAllocation", Time since last: 5158069022 ns, Reaching safepoint: 30200 ns, At safepoint: 3292554 ns, Total: 3322754 ns
[3659.954s][info ][safepoint      ] Safepoint "Cleanup", Time since last: 8000551892 ns, Reaching safepoint: 67901 ns, At safepoint: 8700 ns, Total: 76601 ns
[3660.954s][info ][safepoint      ] Safepoint "Cleanup", Time since last: 1000100113 ns, Reaching safepoint: 45801 ns, At safepoint: 8100 ns, Total: 53901 ns
[3664.954s][info ][safepoint      ] Safepoint "Cleanup", Time since last: 4000264752 ns, Reaching safepoint: 61801 ns, At safepoint: 2700 ns, Total: 64501 ns
[3674.341s][info ][gc,start       ] GC(271) Pause Young (Allocation Failure)
[3674.344s][debug][gc,phases      ] GC(271) Scavenge 2.548ms
[3674.344s][debug][gc,ref         ] GC(271) Skipped phase 1 of Reference Processing: no references
[3674.344s][debug][gc,ref         ] GC(271) Skipped phase 3 of Reference Processing: no references
[3674.344s][debug][gc,phases      ] GC(271) Reference Processing 0.024ms
[3674.344s][debug][gc,phases      ] GC(271) Weak Processing 0.538ms
[3674.344s][debug][gc,age         ] GC(271) Desired survivor size 2621440 bytes, new threshold 15 (max threshold 15)
[3674.344s][info ][gc,heap        ] GC(271) PSYoungGen: 2093056K(2094592K)->1024K(2094592K) Eden: 2092032K(2092032K)->0K(2092032K) From: 1024K(2560K)->1024K(2560K)
[3674.344s][info ][gc,heap        ] GC(271) ParOldGen: 437007K(442368K)->437047K(442368K)
[3674.344s][info ][gc,metaspace   ] GC(271) Metaspace: 78812K(79488K)->78812K(79488K) NonClass: 68131K(68480K)->68131K(68480K) Class: 10680K(11008K)->10680K(11008K)
[3674.344s][info ][gc             ] GC(271) Pause Young (Allocation Failure) 2470M->427M(2477M) 3.264ms
[3674.344s][info ][gc,cpu         ] GC(271) User=0.01s Sys=0.01s Real=0.01s
[3674.344s][info ][safepoint      ] Safepoint "ParallelGCFailedAllocation", Time since last: 9386532628 ns, Reaching safepoint: 26700 ns, At safepoint: 3362955 ns, Total: 3389655 ns
[3683.345s][info ][safepoint      ] Safepoint "Cleanup", Time since last: 9000624350 ns, Reaching safepoint: 53701 ns, At safepoint: 5600 ns, Total: 59301 ns
[3685.345s][info ][safepoint      ] Safepoint "Cleanup", Time since last: 2000193037 ns, Reaching safepoint: 46400 ns, At safepoint: 2601 ns, Total: 49001 ns
[3696.684s][info ][gc,start       ] GC(272) Pause Young (Allocation Failure)
[3696.690s][debug][gc,phases      ] GC(272) Scavenge 5.874ms
[3696.690s][debug][gc,ref         ] GC(272) Skipped phase 1 of Reference Processing: no references
[3696.690s][debug][gc,ref         ] GC(272) Skipped phase 3 of Reference Processing: no references
[3696.690s][debug][gc,phases      ] GC(272) Reference Processing 0.032ms
[3696.691s][debug][gc,phases      ] GC(272) Weak Processing 0.730ms
[3696.691s][debug][gc,age         ] GC(272) Desired survivor size 2097152 bytes, new threshold 15 (max threshold 15)
[3696.691s][info ][gc,heap        ] GC(272) PSYoungGen: 2093056K(2094592K)->992K(2094592K) Eden: 2092032K(2092032K)->0K(2092032K) From: 1024K(2560K)->992K(2560K)
[3696.691s][info ][gc,heap        ] GC(272) ParOldGen: 437047K(442368K)->437071K(442368K)
[3696.691s][info ][gc,metaspace   ] GC(272) Metaspace: 78814K(79488K)->78814K(79488K) NonClass: 68133K(68480K)->68133K(68480K) Class: 10680K(11008K)->10680K(11008K)
[3696.691s][info ][gc             ] GC(272) Pause Young (Allocation Failure) 2470M->427M(2477M) 6.818ms
[3696.691s][info ][gc,cpu         ] GC(272) User=0.02s Sys=0.00s Real=0.01s
[3696.691s][info ][safepoint      ] Safepoint "ParallelGCFailedAllocation", Time since last: 11338671626 ns, Reaching safepoint: 109602 ns, At safepoint: 6921913 ns, Total: 7031515 ns
[3719.737s][info ][gc,start       ] GC(273) Pause Young (Allocation Failure)
[3719.744s][debug][gc,phases      ] GC(273) Scavenge 7.457ms
[3719.744s][debug][gc,ref         ] GC(273) Skipped phase 1 of Reference Processing: no references
[3719.744s][debug][gc,ref         ] GC(273) Skipped phase 3 of Reference Processing: no references
[3719.744s][debug][gc,phases      ] GC(273) Reference Processing 0.042ms
[3719.745s][debug][gc,phases      ] GC(273) Weak Processing 0.555ms
[3719.745s][debug][gc,age         ] GC(273) Desired survivor size 2097152 bytes, new threshold 15 (max threshold 15)
[3719.745s][info ][gc,heap        ] GC(273) PSYoungGen: 2093024K(2094592K)->1024K(2095104K) Eden: 2092032K(2092032K)->0K(2093056K) From: 992K(2560K)->1024K(2048K)
[3719.745s][info ][gc,heap        ] GC(273) ParOldGen: 437071K(442368K)->437103K(442368K)
[3719.745s][info ][gc,metaspace   ] GC(273) Metaspace: 78816K(79488K)->78816K(79488K) NonClass: 68135K(68480K)->68135K(68480K) Class: 10680K(11008K)->10680K(11008K)
[3719.745s][info ][gc             ] GC(273) Pause Young (Allocation Failure) 2470M->427M(2478M) 8.186ms
[3719.745s][info ][gc,cpu         ] GC(273) User=0.02s Sys=0.00s Real=0.01s
[3719.745s][info ][safepoint      ] Safepoint "ParallelGCFailedAllocation", Time since last: 23045528846 ns, Reaching safepoint: 103302 ns, At safepoint: 8282335 ns, Total: 8385637 ns
[3742.934s][info ][gc,start       ] GC(274) Pause Young (Allocation Failure)
[3742.938s][debug][gc,phases      ] GC(274) Scavenge 3.702ms
[3742.938s][debug][gc,ref         ] GC(274) Skipped phase 1 of Reference Processing: no references
[3742.938s][debug][gc,ref         ] GC(274) Skipped phase 3 of Reference Processing: no references
[3742.938s][debug][gc,phases      ] GC(274) Reference Processing 0.022ms
[3742.938s][debug][gc,phases      ] GC(274) Weak Processing 0.560ms
[3742.938s][debug][gc,age         ] GC(274) Desired survivor size 2097152 bytes, new threshold 15 (max threshold 15)
[3742.938s][info ][gc,heap        ] GC(274) PSYoungGen: 2094080K(2095104K)->928K(2095104K) Eden: 2093056K(2093056K)->0K(2093056K) From: 1024K(2048K)->928K(2048K)
[3742.938s][info ][gc,heap        ] GC(274) ParOldGen: 437103K(442368K)->437143K(442368K)
[3742.938s][info ][gc,metaspace   ] GC(274) Metaspace: 78816K(79488K)->78816K(79488K) NonClass: 68135K(68480K)->68135K(68480K) Class: 10680K(11008K)->10680K(11008K)
[3742.938s][info ][gc             ] GC(274) Pause Young (Allocation Failure) 2471M->427M(2478M) 4.431ms
[3742.938s][info ][gc,cpu         ] GC(274) User=0.02s Sys=0.00s Real=0.01s
[3742.938s][info ][safepoint      ] Safepoint "ParallelGCFailedAllocation", Time since last: 23189085399 ns, Reaching safepoint: 56001 ns, At safepoint: 4525173 ns, Total: 4581174 ns
[3766.134s][info ][gc,start       ] GC(275) Pause Young (Allocation Failure)
[3766.137s][debug][gc,phases      ] GC(275) Scavenge 3.262ms
[3766.137s][debug][gc,ref         ] GC(275) Skipped phase 1 of Reference Processing: no references
[3766.137s][debug][gc,ref         ] GC(275) Skipped phase 2 of Reference Processing: no references
[3766.137s][debug][gc,ref         ] GC(275) Skipped phase 3 of Reference Processing: no references
[3766.137s][debug][gc,ref         ] GC(275) Skipped phase 4 of Reference Processing: no references
[3766.137s][debug][gc,phases      ] GC(275) Reference Processing 0.031ms
[3766.138s][debug][gc,phases      ] GC(275) Weak Processing 0.693ms
[3766.138s][debug][gc,age         ] GC(275) Desired survivor size 2097152 bytes, new threshold 15 (max threshold 15)
[3766.138s][info ][gc,heap        ] GC(275) PSYoungGen: 2093984K(2095104K)->960K(2095104K) Eden: 2093056K(2093056K)->0K(2093056K) From: 928K(2048K)->960K(2048K)
[3766.138s][info ][gc,heap        ] GC(275) ParOldGen: 437143K(442368K)->437175K(442368K)
[3766.138s][info ][gc,metaspace   ] GC(275) Metaspace: 78816K(79488K)->78816K(79488K) NonClass: 68135K(68480K)->68135K(68480K) Class: 10680K(11008K)->10680K(11008K)
[3766.138s][info ][gc             ] GC(275) Pause Young (Allocation Failure) 2471M->427M(2478M) 4.146ms
[3766.138s][info ][gc,cpu         ] GC(275) User=0.02s Sys=0.00s Real=0.01s
[3766.138s][info ][safepoint      ] Safepoint "ParallelGCFailedAllocation", Time since last: 23194946900 ns, Reaching safepoint: 121302 ns, At safepoint: 4248269 ns, Total: 4369571 ns
[3789.033s][info ][gc,start       ] GC(276) Pause Young (Allocation Failure)
[3789.037s][debug][gc,phases      ] GC(276) Scavenge 3.318ms
[3789.037s][debug][gc,ref         ] GC(276) Skipped phase 1 of Reference Processing: no references
[3789.037s][debug][gc,ref         ] GC(276) Skipped phase 2 of Reference Processing: no references
[3789.037s][debug][gc,ref         ] GC(276) Skipped phase 3 of Reference Processing: no references
[3789.037s][debug][gc,ref         ] GC(276) Skipped phase 4 of Reference Processing: no references
[3789.037s][debug][gc,phases      ] GC(276) Reference Processing 0.032ms
[3789.038s][debug][gc,phases      ] GC(276) Weak Processing 0.716ms
[3789.038s][debug][gc,age         ] GC(276) Desired survivor size 2097152 bytes, new threshold 15 (max threshold 15)
[3789.038s][info ][gc,heap        ] GC(276) PSYoungGen: 2094016K(2095104K)->896K(2095104K) Eden: 2093056K(2093056K)->0K(2093056K) From: 960K(2048K)->896K(2048K)
[3789.038s][info ][gc,heap        ] GC(276) ParOldGen: 437175K(442368K)->437267K(442368K)
[3789.038s][info ][gc,metaspace   ] GC(276) Metaspace: 78816K(79488K)->78816K(79488K) NonClass: 68135K(68480K)->68135K(68480K) Class: 10680K(11008K)->10680K(11008K)
[3789.038s][info ][gc             ] GC(276) Pause Young (Allocation Failure) 2471M->427M(2478M) 4.221ms
[3789.038s][info ][gc,cpu         ] GC(276) User=0.01s Sys=0.01s Real=0.01s
[3789.038s][info ][safepoint      ] Safepoint "ParallelGCFailedAllocation", Time since last: 22895451307 ns, Reaching safepoint: 147003 ns, At safepoint: 4326170 ns, Total: 4473173 ns
[3812.037s][info ][gc,start       ] GC(277) Pause Young (Allocation Failure)
[3812.040s][debug][gc,phases      ] GC(277) Scavenge 2.990ms
[3812.040s][debug][gc,ref         ] GC(277) Skipped phase 1 of Reference Processing: no references
[3812.040s][debug][gc,ref         ] GC(277) Skipped phase 2 of Reference Processing: no references
[3812.040s][debug][gc,ref         ] GC(277) Skipped phase 3 of Reference Processing: no references
[3812.040s][debug][gc,ref         ] GC(277) Skipped phase 4 of Reference Processing: no references
[3812.040s][debug][gc,phases      ] GC(277) Reference Processing 0.041ms
[3812.040s][debug][gc,phases      ] GC(277) Weak Processing 0.684ms
[3812.040s][debug][gc,age         ] GC(277) Desired survivor size 2097152 bytes, new threshold 15 (max threshold 15)
[3812.040s][info ][gc,heap        ] GC(277) PSYoungGen: 2093952K(2095104K)->832K(2095104K) Eden: 2093056K(2093056K)->0K(2093056K) From: 896K(2048K)->832K(2048K)
[3812.040s][info ][gc,heap        ] GC(277) ParOldGen: 437267K(442368K)->437299K(442368K)
[3812.040s][info ][gc,metaspace   ] GC(277) Metaspace: 78816K(79488K)->78816K(79488K) NonClass: 68136K(68480K)->68136K(68480K) Class: 10680K(11008K)->10680K(11008K)
[3812.040s][info ][gc             ] GC(277) Pause Young (Allocation Failure) 2471M->427M(2478M) 3.844ms
[3812.040s][info ][gc,cpu         ] GC(277) User=0.01s Sys=0.01s Real=0.00s
[3812.040s][info ][safepoint      ] Safepoint "ParallelGCFailedAllocation", Time since last: 22998624187 ns, Reaching safepoint: 153002 ns, At safepoint: 3939165 ns, Total: 4092167 ns
[3835.287s][info ][gc,start       ] GC(278) Pause Young (Allocation Failure)
[3835.291s][debug][gc,phases      ] GC(278) Scavenge 3.098ms
[3835.291s][debug][gc,ref         ] GC(278) Skipped phase 1 of Reference Processing: no references
[3835.291s][debug][gc,ref         ] GC(278) Skipped phase 2 of Reference Processing: no references
[3835.291s][debug][gc,ref         ] GC(278) Skipped phase 3 of Reference Processing: no references
[3835.291s][debug][gc,ref         ] GC(278) Skipped phase 4 of Reference Processing: no references
[3835.291s][debug][gc,phases      ] GC(278) Reference Processing 0.023ms
[3835.291s][debug][gc,phases      ] GC(278) Weak Processing 0.520ms
[3835.291s][debug][gc,age         ] GC(278) Desired survivor size 2097152 bytes, new threshold 15 (max threshold 15)
[3835.291s][info ][gc,heap        ] GC(278) PSYoungGen: 2093888K(2095104K)->784K(2095104K) Eden: 2093056K(2093056K)->0K(2093056K) From: 832K(2048K)->784K(2048K)
[3835.291s][info ][gc,heap        ] GC(278) ParOldGen: 437299K(442368K)->437379K(442368K)
[3835.291s][info ][gc,metaspace   ] GC(278) Metaspace: 78817K(79488K)->78817K(79488K) NonClass: 68136K(68480K)->68136K(68480K) Class: 10680K(11008K)->10680K(11008K)
[3835.291s][info ][gc             ] GC(278) Pause Young (Allocation Failure) 2471M->427M(2478M) 3.763ms
[3835.291s][info ][gc,cpu         ] GC(278) User=0.01s Sys=0.00s Real=0.00s
[3835.291s][info ][safepoint      ] Safepoint "ParallelGCFailedAllocation", Time since last: 23246940335 ns, Reaching safepoint: 76401 ns, At safepoint: 3845263 ns, Total: 3921664 ns
[3858.483s][info ][gc,start       ] GC(279) Pause Young (Allocation Failure)
[3858.486s][debug][gc,phases      ] GC(279) Scavenge 2.892ms
[3858.486s][debug][gc,ref         ] GC(279) Skipped phase 1 of Reference Processing: no references
[3858.486s][debug][gc,ref         ] GC(279) Skipped phase 2 of Reference Processing: no references
[3858.486s][debug][gc,ref         ] GC(279) Skipped phase 3 of Reference Processing: no references
[3858.486s][debug][gc,ref         ] GC(279) Skipped phase 4 of Reference Processing: no references
[3858.486s][debug][gc,phases      ] GC(279) Reference Processing 0.023ms
[3858.487s][debug][gc,phases      ] GC(279) Weak Processing 0.499ms
[3858.487s][debug][gc,age         ] GC(279) Desired survivor size 2097152 bytes, new threshold 15 (max threshold 15)
[3858.487s][info ][gc,heap        ] GC(279) PSYoungGen: 2093840K(2095104K)->752K(2095104K) Eden: 2093056K(2093056K)->0K(2093056K) From: 784K(2048K)->752K(2048K)
[3858.487s][info ][gc,heap        ] GC(279) ParOldGen: 437379K(442368K)->437459K(442368K)
[3858.487s][info ][gc,metaspace   ] GC(279) Metaspace: 78817K(79488K)->78817K(79488K) NonClass: 68137K(68480K)->68137K(68480K) Class: 10680K(11008K)->10680K(11008K)
[3858.487s][info ][gc             ] GC(279) Pause Young (Allocation Failure) 2471M->427M(2478M) 3.542ms
[3858.487s][info ][gc,cpu         ] GC(279) User=0.01s Sys=0.00s Real=0.01s
[3858.487s][info ][safepoint      ] Safepoint "ParallelGCFailedAllocation", Time since last: 23192108327 ns, Reaching safepoint: 59301 ns, At safepoint: 3644260 ns, Total: 3703561 ns
[3870.488s][info ][safepoint      ] Safepoint "Cleanup", Time since last: 12000827914 ns, Reaching safepoint: 140502 ns, At safepoint: 9400 ns, Total: 149902 ns
[3881.585s][info ][gc,start       ] GC(280) Pause Young (Allocation Failure)
[3881.589s][debug][gc,phases      ] GC(280) Scavenge 2.997ms
[3881.589s][debug][gc,ref         ] GC(280) Skipped phase 1 of Reference Processing: no references
[3881.589s][debug][gc,ref         ] GC(280) Skipped phase 2 of Reference Processing: no references
[3881.589s][debug][gc,ref         ] GC(280) Skipped phase 3 of Reference Processing: no references
[3881.589s][debug][gc,ref         ] GC(280) Skipped phase 4 of Reference Processing: no references
[3881.589s][debug][gc,phases      ] GC(280) Reference Processing 0.023ms
[3881.589s][debug][gc,phases      ] GC(280) Weak Processing 0.529ms
[3881.589s][debug][gc,age         ] GC(280) Desired survivor size 2097152 bytes, new threshold 15 (max threshold 15)
[3881.589s][info ][gc,heap        ] GC(280) PSYoungGen: 2093808K(2095104K)->784K(2095104K) Eden: 2093056K(2093056K)->0K(2093056K) From: 752K(2048K)->784K(2048K)
[3881.589s][info ][gc,heap        ] GC(280) ParOldGen: 437459K(442368K)->437555K(442368K)
[3881.589s][info ][gc,metaspace   ] GC(280) Metaspace: 78818K(79488K)->78818K(79488K) NonClass: 68137K(68480K)->68137K(68480K) Class: 10680K(11008K)->10680K(11008K)
[3881.589s][info ][gc             ] GC(280) Pause Young (Allocation Failure) 2471M->428M(2478M) 3.685ms
[3881.589s][info ][gc,cpu         ] GC(280) User=0.01s Sys=0.00s Real=0.00s
[3881.589s][info ][safepoint      ] Safepoint "ParallelGCFailedAllocation", Time since last: 11097345661 ns, Reaching safepoint: 56801 ns, At safepoint: 3767262 ns, Total: 3824063 ns
[3904.234s][info ][gc,start       ] GC(281) Pause Young (Allocation Failure)
[3904.238s][debug][gc,phases      ] GC(281) Scavenge 4.165ms
[3904.238s][debug][gc,ref         ] GC(281) Skipped phase 1 of Reference Processing: no references
[3904.238s][debug][gc,ref         ] GC(281) Skipped phase 2 of Reference Processing: no references
[3904.238s][debug][gc,ref         ] GC(281) Skipped phase 3 of Reference Processing: no references
[3904.238s][debug][gc,ref         ] GC(281) Skipped phase 4 of Reference Processing: no references
[3904.238s][debug][gc,phases      ] GC(281) Reference Processing 0.024ms
[3904.239s][debug][gc,phases      ] GC(281) Weak Processing 0.522ms
[3904.239s][debug][gc,age         ] GC(281) Desired survivor size 2097152 bytes, new threshold 15 (max threshold 15)
[3904.239s][info ][gc,heap        ] GC(281) PSYoungGen: 2093840K(2095104K)->688K(2095104K) Eden: 2093056K(2093056K)->0K(2093056K) From: 784K(2048K)->688K(2048K)
[3904.239s][info ][gc,heap        ] GC(281) ParOldGen: 437555K(442368K)->437603K(442368K)
[3904.239s][info ][gc,metaspace   ] GC(281) Metaspace: 78818K(79488K)->78818K(79488K) NonClass: 68137K(68480K)->68137K(68480K) Class: 10680K(11008K)->10680K(11008K)
[3904.239s][info ][gc             ] GC(281) Pause Young (Allocation Failure) 2472M->428M(2478M) 4.843ms
[3904.239s][info ][gc,cpu         ] GC(281) User=0.01s Sys=0.01s Real=0.01s
[3904.239s][info ][safepoint      ] Safepoint "ParallelGCFailedAllocation", Time since last: 22644634336 ns, Reaching safepoint: 143903 ns, At safepoint: 4931780 ns, Total: 5075683 ns
[3923.240s][info ][safepoint      ] Safepoint "Cleanup", Time since last: 19001514513 ns, Reaching safepoint: 42700 ns, At safepoint: 8001 ns, Total: 50701 ns
[3926.583s][info ][gc,start       ] GC(282) Pause Young (Allocation Failure)
[3926.586s][debug][gc,phases      ] GC(282) Scavenge 2.956ms
[3926.586s][debug][gc,ref         ] GC(282) Skipped phase 1 of Reference Processing: no references
[3926.586s][debug][gc,ref         ] GC(282) Skipped phase 3 of Reference Processing: no references
[3926.586s][debug][gc,phases      ] GC(282) Reference Processing 0.022ms
[3926.586s][debug][gc,phases      ] GC(282) Weak Processing 0.495ms
[3926.586s][debug][gc,age         ] GC(282) Desired survivor size 2097152 bytes, new threshold 15 (max threshold 15)
[3926.586s][info ][gc,heap        ] GC(282) PSYoungGen: 2093744K(2095104K)->656K(2095104K) Eden: 2093056K(2093056K)->0K(2093056K) From: 688K(2048K)->656K(2048K)
[3926.586s][info ][gc,heap        ] GC(282) ParOldGen: 437603K(442368K)->437635K(442368K)
[3926.586s][info ][gc,metaspace   ] GC(282) Metaspace: 78823K(79488K)->78823K(79488K) NonClass: 68143K(68480K)->68143K(68480K) Class: 10680K(11008K)->10680K(11008K)
[3926.586s][info ][gc             ] GC(282) Pause Young (Allocation Failure) 2472M->428M(2478M) 3.619ms
[3926.586s][info ][gc,cpu         ] GC(282) User=0.01s Sys=0.00s Real=0.01s
[3926.586s][info ][safepoint      ] Safepoint "ParallelGCFailedAllocation", Time since last: 3342037771 ns, Reaching safepoint: 113602 ns, At safepoint: 3721061 ns, Total: 3834663 ns
[3935.587s][info ][safepoint      ] Safepoint "Cleanup", Time since last: 9000699448 ns, Reaching safepoint: 118402 ns, At safepoint: 9700 ns, Total: 128102 ns
[3949.133s][info ][gc,start       ] GC(283) Pause Young (Allocation Failure)
[3949.137s][debug][gc,phases      ] GC(283) Scavenge 3.190ms
[3949.137s][debug][gc,ref         ] GC(283) Skipped phase 1 of Reference Processing: no references
[3949.137s][debug][gc,ref         ] GC(283) Skipped phase 3 of Reference Processing: no references
[3949.137s][debug][gc,phases      ] GC(283) Reference Processing 0.028ms
[3949.137s][debug][gc,phases      ] GC(283) Weak Processing 0.672ms
[3949.137s][debug][gc,age         ] GC(283) Desired survivor size 2097152 bytes, new threshold 15 (max threshold 15)
[3949.137s][info ][gc,heap        ] GC(283) PSYoungGen: 2093712K(2095104K)->624K(2095104K) Eden: 2093056K(2093056K)->0K(2093056K) From: 656K(2048K)->624K(2048K)
[3949.137s][info ][gc,heap        ] GC(283) ParOldGen: 437635K(442368K)->437667K(442368K)
[3949.137s][info ][gc,metaspace   ] GC(283) Metaspace: 78824K(79488K)->78824K(79488K) NonClass: 68143K(68480K)->68143K(68480K) Class: 10680K(11008K)->10680K(11008K)
[3949.137s][info ][gc             ] GC(283) Pause Young (Allocation Failure) 2472M->428M(2478M) 4.067ms
[3949.137s][info ][gc,cpu         ] GC(283) User=0.01s Sys=0.00s Real=0.01s
[3949.138s][info ][safepoint      ] Safepoint "ParallelGCFailedAllocation", Time since last: 13546109330 ns, Reaching safepoint: 49201 ns, At safepoint: 4190368 ns, Total: 4239569 ns
[3971.433s][info ][gc,start       ] GC(284) Pause Young (Allocation Failure)
[3971.436s][debug][gc,phases      ] GC(284) Scavenge 2.854ms
[3971.436s][debug][gc,ref         ] GC(284) Skipped phase 1 of Reference Processing: no references
[3971.436s][debug][gc,ref         ] GC(284) Skipped phase 3 of Reference Processing: no references
[3971.436s][debug][gc,phases      ] GC(284) Reference Processing 0.022ms
[3971.437s][debug][gc,phases      ] GC(284) Weak Processing 0.581ms
[3971.437s][debug][gc,age         ] GC(284) Desired survivor size 2097152 bytes, new threshold 15 (max threshold 15)
[3971.437s][info ][gc,heap        ] GC(284) PSYoungGen: 2093680K(2095104K)->624K(2095104K) Eden: 2093056K(2093056K)->0K(2093056K) From: 624K(2048K)->624K(2048K)
[3971.437s][info ][gc,heap        ] GC(284) ParOldGen: 437667K(442368K)->437699K(442368K)
[3971.437s][info ][gc,metaspace   ] GC(284) Metaspace: 78824K(79488K)->78824K(79488K) NonClass: 68143K(68480K)->68143K(68480K) Class: 10680K(11008K)->10680K(11008K)
[3971.437s][info ][gc             ] GC(284) Pause Young (Allocation Failure) 2472M->428M(2478M) 3.587ms
[3971.437s][info ][gc,cpu         ] GC(284) User=0.01s Sys=0.01s Real=0.01s
[3971.437s][info ][safepoint      ] Safepoint "ParallelGCFailedAllocation", Time since last: 22295687135 ns, Reaching safepoint: 67501 ns, At safepoint: 3675160 ns, Total: 3742661 ns
[3975.437s][info ][safepoint      ] Safepoint "Cleanup", Time since last: 4000308866 ns, Reaching safepoint: 125802 ns, At safepoint: 7700 ns, Total: 133502 ns
[3981.438s][info ][safepoint      ] Safepoint "Cleanup", Time since last: 6000486302 ns, Reaching safepoint: 129802 ns, At safepoint: 10901 ns, Total: 140703 ns
[3994.137s][info ][gc,start       ] GC(285) Pause Young (Allocation Failure)
[3994.140s][debug][gc,phases      ] GC(285) Scavenge 2.736ms
[3994.140s][debug][gc,ref         ] GC(285) Skipped phase 1 of Reference Processing: no references
[3994.140s][debug][gc,ref         ] GC(285) Skipped phase 2 of Reference Processing: no references
[3994.140s][debug][gc,ref         ] GC(285) Skipped phase 3 of Reference Processing: no references
[3994.140s][debug][gc,ref         ] GC(285) Skipped phase 4 of Reference Processing: no references
[3994.140s][debug][gc,phases      ] GC(285) Reference Processing 0.022ms
[3994.140s][debug][gc,phases      ] GC(285) Weak Processing 0.575ms
[3994.140s][debug][gc,age         ] GC(285) Desired survivor size 2097152 bytes, new threshold 15 (max threshold 15)
[3994.140s][info ][gc,heap        ] GC(285) PSYoungGen: 2093680K(2095104K)->624K(2095104K) Eden: 2093056K(2093056K)->0K(2093056K) From: 624K(2048K)->624K(2048K)
[3994.140s][info ][gc,heap        ] GC(285) ParOldGen: 437699K(442368K)->437715K(442368K)
[3994.140s][info ][gc,metaspace   ] GC(285) Metaspace: 78829K(79488K)->78829K(79488K) NonClass: 68148K(68480K)->68148K(68480K) Class: 10680K(11008K)->10680K(11008K)
[3994.140s][info ][gc             ] GC(285) Pause Young (Allocation Failure) 2472M->428M(2478M) 3.484ms
[3994.140s][info ][gc,cpu         ] GC(285) User=0.01s Sys=0.00s Real=0.00s
[3994.140s][info ][safepoint      ] Safepoint "ParallelGCFailedAllocation", Time since last: 12698594936 ns, Reaching safepoint: 46001 ns, At safepoint: 3575558 ns, Total: 3621559 ns
[4016.904s][info ][gc,start       ] GC(286) Pause Young (Allocation Failure)
[4016.906s][debug][gc,phases      ] GC(286) Scavenge 2.311ms
[4016.906s][debug][gc,ref         ] GC(286) Skipped phase 1 of Reference Processing: no references
[4016.906s][debug][gc,ref         ] GC(286) Skipped phase 2 of Reference Processing: no references
[4016.906s][debug][gc,ref         ] GC(286) Skipped phase 3 of Reference Processing: no references
[4016.906s][debug][gc,ref         ] GC(286) Skipped phase 4 of Reference Processing: no references
[4016.906s][debug][gc,phases      ] GC(286) Reference Processing 0.022ms
[4016.906s][debug][gc,phases      ] GC(286) Weak Processing 0.525ms
[4016.907s][debug][gc,age         ] GC(286) Desired survivor size 2097152 bytes, new threshold 15 (max threshold 15)
[4016.907s][info ][gc,heap        ] GC(286) PSYoungGen: 2093680K(2095104K)->592K(2095104K) Eden: 2093056K(2093056K)->0K(2093056K) From: 624K(2048K)->592K(2048K)
[4016.907s][info ][gc,heap        ] GC(286) ParOldGen: 437715K(442368K)->437739K(442368K)
[4016.907s][info ][gc,metaspace   ] GC(286) Metaspace: 78830K(79488K)->78830K(79488K) NonClass: 68149K(68480K)->68149K(68480K) Class: 10680K(11008K)->10680K(11008K)
[4016.907s][info ][gc             ] GC(286) Pause Young (Allocation Failure) 2472M->428M(2478M) 2.963ms
[4016.907s][info ][gc,cpu         ] GC(286) User=0.01s Sys=0.00s Real=0.01s
[4016.907s][info ][safepoint      ] Safepoint "ParallelGCFailedAllocation", Time since last: 22763226611 ns, Reaching safepoint: 62301 ns, At safepoint: 3038150 ns, Total: 3100451 ns
[4039.934s][info ][gc,start       ] GC(287) Pause Young (Allocation Failure)
[4039.938s][debug][gc,phases      ] GC(287) Scavenge 3.185ms
[4039.938s][debug][gc,ref         ] GC(287) Skipped phase 1 of Reference Processing: no references
[4039.938s][debug][gc,ref         ] GC(287) Skipped phase 2 of Reference Processing: no references
[4039.938s][debug][gc,ref         ] GC(287) Skipped phase 3 of Reference Processing: no references
[4039.938s][debug][gc,ref         ] GC(287) Skipped phase 4 of Reference Processing: no references
[4039.938s][debug][gc,phases      ] GC(287) Reference Processing 0.022ms
[4039.938s][debug][gc,phases      ] GC(287) Weak Processing 0.526ms
[4039.938s][debug][gc,age         ] GC(287) Desired survivor size 2097152 bytes, new threshold 15 (max threshold 15)
[4039.938s][info ][gc,heap        ] GC(287) PSYoungGen: 2093648K(2095104K)->688K(2095104K) Eden: 2093056K(2093056K)->0K(2093056K) From: 592K(2048K)->688K(2048K)
[4039.938s][info ][gc,heap        ] GC(287) ParOldGen: 437739K(442368K)->437763K(442368K)
[4039.938s][info ][gc,metaspace   ] GC(287) Metaspace: 78830K(79488K)->78830K(79488K) NonClass: 68150K(68480K)->68150K(68480K) Class: 10680K(11008K)->10680K(11008K)
[4039.938s][info ][gc             ] GC(287) Pause Young (Allocation Failure) 2472M->428M(2478M) 3.889ms
[4039.938s][info ][gc,cpu         ] GC(287) User=0.01s Sys=0.00s Real=0.01s
[4039.938s][info ][safepoint      ] Safepoint "ParallelGCFailedAllocation", Time since last: 23027720801 ns, Reaching safepoint: 35400 ns, At safepoint: 3977465 ns, Total: 4012865 ns
[4062.483s][info ][gc,start       ] GC(288) Pause Young (Allocation Failure)
[4062.486s][debug][gc,phases      ] GC(288) Scavenge 2.830ms
[4062.486s][debug][gc,ref         ] GC(288) Skipped phase 1 of Reference Processing: no references
[4062.486s][debug][gc,ref         ] GC(288) Skipped phase 2 of Reference Processing: no references
[4062.486s][debug][gc,ref         ] GC(288) Skipped phase 3 of Reference Processing: no references
[4062.486s][debug][gc,ref         ] GC(288) Skipped phase 4 of Reference Processing: no references
[4062.486s][debug][gc,phases      ] GC(288) Reference Processing 0.021ms
[4062.486s][debug][gc,phases      ] GC(288) Weak Processing 0.512ms
[4062.486s][debug][gc,age         ] GC(288) Desired survivor size 1572864 bytes, new threshold 15 (max threshold 15)
[4062.486s][info ][gc,heap        ] GC(288) PSYoungGen: 2093744K(2095104K)->624K(2095104K) Eden: 2093056K(2093056K)->0K(2093056K) From: 688K(2048K)->624K(2048K)
[4062.486s][info ][gc,heap        ] GC(288) ParOldGen: 437763K(442368K)->437771K(442368K)
[4062.486s][info ][gc,metaspace   ] GC(288) Metaspace: 78831K(79488K)->78831K(79488K) NonClass: 68150K(68480K)->68150K(68480K) Class: 10680K(11008K)->10680K(11008K)
[4062.486s][info ][gc             ] GC(288) Pause Young (Allocation Failure) 2472M->428M(2478M) 3.485ms
[4062.486s][info ][gc,cpu         ] GC(288) User=0.01s Sys=0.00s Real=0.01s
[4062.486s][info ][safepoint      ] Safepoint "ParallelGCFailedAllocation", Time since last: 22544272543 ns, Reaching safepoint: 146802 ns, At safepoint: 3572158 ns, Total: 3718960 ns
[4074.487s][info ][safepoint      ] Safepoint "Cleanup", Time since last: 12000801925 ns, Reaching safepoint: 123802 ns, At safepoint: 9900 ns, Total: 133702 ns
[4085.235s][info ][gc,start       ] GC(289) Pause Young (Allocation Failure)
[4085.237s][debug][gc,phases      ] GC(289) Scavenge 2.467ms
[4085.237s][debug][gc,ref         ] GC(289) Skipped phase 1 of Reference Processing: no references
[4085.237s][debug][gc,ref         ] GC(289) Skipped phase 2 of Reference Processing: no references
[4085.237s][debug][gc,ref         ] GC(289) Skipped phase 3 of Reference Processing: no references
[4085.237s][debug][gc,ref         ] GC(289) Skipped phase 4 of Reference Processing: no references
[4085.237s][debug][gc,phases      ] GC(289) Reference Processing 0.024ms
[4085.238s][debug][gc,phases      ] GC(289) Weak Processing 0.527ms
[4085.238s][debug][gc,age         ] GC(289) Desired survivor size 1572864 bytes, new threshold 15 (max threshold 15)
[4085.238s][info ][gc,heap        ] GC(289) PSYoungGen: 2093680K(2095104K)->624K(2095616K) Eden: 2093056K(2093056K)->0K(2094080K) From: 624K(2048K)->624K(1536K)
[4085.238s][info ][gc,heap        ] GC(289) ParOldGen: 437771K(442368K)->437787K(442368K)
[4085.238s][info ][gc,metaspace   ] GC(289) Metaspace: 78833K(79488K)->78833K(79488K) NonClass: 68152K(68480K)->68152K(68480K) Class: 10680K(11008K)->10680K(11008K)
[4085.238s][info ][gc             ] GC(289) Pause Young (Allocation Failure) 2472M->428M(2478M) 3.143ms
[4085.238s][info ][gc,cpu         ] GC(289) User=0.01s Sys=0.00s Real=0.01s
[4085.238s][info ][safepoint      ] Safepoint "ParallelGCFailedAllocation", Time since last: 10747466212 ns, Reaching safepoint: 102302 ns, At safepoint: 3231252 ns, Total: 3333554 ns
[4108.137s][info ][gc,start       ] GC(290) Pause Young (Allocation Failure)
[4108.140s][debug][gc,phases      ] GC(290) Scavenge 2.865ms
[4108.140s][debug][gc,ref         ] GC(290) Skipped phase 1 of Reference Processing: no references
[4108.140s][debug][gc,ref         ] GC(290) Skipped phase 2 of Reference Processing: no references
[4108.140s][debug][gc,ref         ] GC(290) Skipped phase 3 of Reference Processing: no references
[4108.140s][debug][gc,ref         ] GC(290) Skipped phase 4 of Reference Processing: no references
[4108.140s][debug][gc,phases      ] GC(290) Reference Processing 0.021ms
[4108.141s][debug][gc,phases      ] GC(290) Weak Processing 0.508ms
[4108.141s][debug][gc,age         ] GC(290) Desired survivor size 1572864 bytes, new threshold 15 (max threshold 15)
[4108.141s][info ][gc,heap        ] GC(290) PSYoungGen: 2094704K(2095616K)->656K(2095616K) Eden: 2094080K(2094080K)->0K(2094080K) From: 624K(1536K)->656K(1536K)
[4108.141s][info ][gc,heap        ] GC(290) ParOldGen: 437787K(442368K)->437803K(442368K)
[4108.141s][info ][gc,metaspace   ] GC(290) Metaspace: 78839K(79488K)->78839K(79488K) NonClass: 68158K(68480K)->68158K(68480K) Class: 10680K(11008K)->10680K(11008K)
[4108.141s][info ][gc             ] GC(290) Pause Young (Allocation Failure) 2473M->428M(2478M) 3.523ms
[4108.141s][info ][gc,cpu         ] GC(290) User=0.01s Sys=0.00s Real=0.00s
[4108.141s][info ][safepoint      ] Safepoint "ParallelGCFailedAllocation", Time since last: 22899144260 ns, Reaching safepoint: 83301 ns, At safepoint: 3601559 ns, Total: 3684860 ns
[4126.142s][info ][safepoint      ] Safepoint "Cleanup", Time since last: 18001118871 ns, Reaching safepoint: 54601 ns, At safepoint: 5900 ns, Total: 60501 ns
[4130.784s][info ][gc,start       ] GC(291) Pause Young (Allocation Failure)
[4130.788s][debug][gc,phases      ] GC(291) Scavenge 3.513ms
[4130.788s][debug][gc,ref         ] GC(291) Skipped phase 1 of Reference Processing: no references
[4130.788s][debug][gc,ref         ] GC(291) Skipped phase 2 of Reference Processing: no references
[4130.788s][debug][gc,ref         ] GC(291) Skipped phase 3 of Reference Processing: no references
[4130.788s][debug][gc,ref         ] GC(291) Skipped phase 4 of Reference Processing: no references
[4130.788s][debug][gc,phases      ] GC(291) Reference Processing 0.022ms
[4130.788s][debug][gc,phases      ] GC(291) Weak Processing 0.530ms
[4130.788s][debug][gc,age         ] GC(291) Desired survivor size 1572864 bytes, new threshold 15 (max threshold 15)
[4130.788s][info ][gc,heap        ] GC(291) PSYoungGen: 2094736K(2095616K)->656K(2095616K) Eden: 2094080K(2094080K)->0K(2094080K) From: 656K(1536K)->656K(1536K)
[4130.788s][info ][gc,heap        ] GC(291) ParOldGen: 437803K(442368K)->437835K(442368K)
[4130.788s][info ][gc,metaspace   ] GC(291) Metaspace: 78839K(79488K)->78839K(79488K) NonClass: 68158K(68480K)->68158K(68480K) Class: 10680K(11008K)->10680K(11008K)
[4130.788s][info ][gc             ] GC(291) Pause Young (Allocation Failure) 2473M->428M(2478M) 4.207ms
[4130.788s][info ][gc,cpu         ] GC(291) User=0.02s Sys=0.00s Real=0.01s
[4130.788s][info ][safepoint      ] Safepoint "ParallelGCFailedAllocation", Time since last: 4641789841 ns, Reaching safepoint: 56901 ns, At safepoint: 4294370 ns, Total: 4351271 ns
[4153.183s][info ][gc,start       ] GC(292) Pause Young (Allocation Failure)
[4153.187s][debug][gc,phases      ] GC(292) Scavenge 3.887ms
[4153.187s][debug][gc,ref         ] GC(292) Skipped phase 1 of Reference Processing: no references
[4153.187s][debug][gc,ref         ] GC(292) Skipped phase 2 of Reference Processing: no references
[4153.187s][debug][gc,ref         ] GC(292) Skipped phase 3 of Reference Processing: no references
[4153.187s][debug][gc,ref         ] GC(292) Skipped phase 4 of Reference Processing: no references
[4153.187s][debug][gc,phases      ] GC(292) Reference Processing 0.025ms
[4153.188s][debug][gc,phases      ] GC(292) Weak Processing 0.505ms
[4153.188s][debug][gc,age         ] GC(292) Desired survivor size 1572864 bytes, new threshold 15 (max threshold 15)
[4153.188s][info ][gc,heap        ] GC(292) PSYoungGen: 2094736K(2095616K)->688K(2095616K) Eden: 2094080K(2094080K)->0K(2094080K) From: 656K(1536K)->688K(1536K)
[4153.188s][info ][gc,heap        ] GC(292) ParOldGen: 437835K(442368K)->437867K(442368K)
[4153.188s][info ][gc,metaspace   ] GC(292) Metaspace: 78839K(79488K)->78839K(79488K) NonClass: 68158K(68480K)->68158K(68480K) Class: 10680K(11008K)->10680K(11008K)
[4153.188s][info ][gc             ] GC(292) Pause Young (Allocation Failure) 2473M->428M(2478M) 4.616ms
[4153.188s][info ][gc,cpu         ] GC(292) User=0.01s Sys=0.00s Real=0.01s
[4153.188s][info ][safepoint      ] Safepoint "ParallelGCFailedAllocation", Time since last: 22394935896 ns, Reaching safepoint: 160303 ns, At safepoint: 4705477 ns, Total: 4865780 ns
[4175.285s][info ][gc,start       ] GC(293) Pause Young (Allocation Failure)
[4175.288s][debug][gc,phases      ] GC(293) Scavenge 2.934ms
[4175.288s][debug][gc,ref         ] GC(293) Skipped phase 1 of Reference Processing: no references
[4175.288s][debug][gc,ref         ] GC(293) Skipped phase 2 of Reference Processing: no references
[4175.288s][debug][gc,ref         ] GC(293) Skipped phase 3 of Reference Processing: no references
[4175.288s][debug][gc,ref         ] GC(293) Skipped phase 4 of Reference Processing: no references
[4175.288s][debug][gc,phases      ] GC(293) Reference Processing 0.022ms
[4175.289s][debug][gc,phases      ] GC(293) Weak Processing 0.551ms
[4175.289s][debug][gc,age         ] GC(293) Desired survivor size 1572864 bytes, new threshold 15 (max threshold 15)
[4175.289s][info ][gc,heap        ] GC(293) PSYoungGen: 2094768K(2095616K)->816K(2095616K) Eden: 2094080K(2094080K)->0K(2094080K) From: 688K(1536K)->816K(1536K)
[4175.289s][info ][gc,heap        ] GC(293) ParOldGen: 437867K(442368K)->437891K(442368K)
[4175.289s][info ][gc,metaspace   ] GC(293) Metaspace: 78839K(79488K)->78839K(79488K) NonClass: 68158K(68480K)->68158K(68480K) Class: 10680K(11008K)->10680K(11008K)
[4175.289s][info ][gc             ] GC(293) Pause Young (Allocation Failure) 2473M->428M(2478M) 3.631ms
[4175.289s][info ][gc,cpu         ] GC(293) User=0.01s Sys=0.00s Real=0.00s
[4175.289s][info ][safepoint      ] Safepoint "ParallelGCFailedAllocation", Time since last: 22097260862 ns, Reaching safepoint: 61701 ns, At safepoint: 3712361 ns, Total: 3774062 ns
[4187.290s][info ][safepoint      ] Safepoint "Cleanup", Time since last: 12000797150 ns, Reaching safepoint: 50600 ns, At safepoint: 5001 ns, Total: 55601 ns
[4196.291s][info ][safepoint      ] Safepoint "Cleanup", Time since last: 9000633195 ns, Reaching safepoint: 44201 ns, At safepoint: 10300 ns, Total: 54501 ns
[4197.383s][info ][gc,start       ] GC(294) Pause Young (Allocation Failure)
[4197.386s][debug][gc,phases      ] GC(294) Scavenge 2.916ms
[4197.386s][debug][gc,ref         ] GC(294) Skipped phase 1 of Reference Processing: no references
[4197.386s][debug][gc,ref         ] GC(294) Skipped phase 3 of Reference Processing: no references
[4197.386s][debug][gc,phases      ] GC(294) Reference Processing 0.021ms
[4197.387s][debug][gc,phases      ] GC(294) Weak Processing 0.518ms
[4197.387s][debug][gc,age         ] GC(294) Desired survivor size 1572864 bytes, new threshold 15 (max threshold 15)
[4197.387s][info ][gc,heap        ] GC(294) PSYoungGen: 2094896K(2095616K)->720K(2095616K) Eden: 2094080K(2094080K)->0K(2094080K) From: 816K(1536K)->720K(1536K)
[4197.387s][info ][gc,heap        ] GC(294) ParOldGen: 437891K(442368K)->437923K(442368K)
[4197.387s][info ][gc,metaspace   ] GC(294) Metaspace: 78840K(79488K)->78840K(79488K) NonClass: 68159K(68480K)->68159K(68480K) Class: 10681K(11008K)->10681K(11008K)
[4197.387s][info ][gc             ] GC(294) Pause Young (Allocation Failure) 2473M->428M(2478M) 3.584ms
[4197.387s][info ][gc,cpu         ] GC(294) User=0.01s Sys=0.00s Real=0.01s
[4197.387s][info ][safepoint      ] Safepoint "ParallelGCFailedAllocation", Time since last: 1092336601 ns, Reaching safepoint: 32200 ns, At safepoint: 3661360 ns, Total: 3693560 ns
[4205.387s][info ][safepoint      ] Safepoint "Cleanup", Time since last: 8000599414 ns, Reaching safepoint: 79701 ns, At safepoint: 9501 ns, Total: 89202 ns
[4215.388s][info ][safepoint      ] Safepoint "Cleanup", Time since last: 10000705398 ns, Reaching safepoint: 139903 ns, At safepoint: 8000 ns, Total: 147903 ns
[4217.838s][info ][gc,start       ] GC(295) Pause Young (Allocation Failure)
[4217.840s][debug][gc,phases      ] GC(295) Scavenge 2.379ms
[4217.840s][debug][gc,ref         ] GC(295) Skipped phase 1 of Reference Processing: no references
[4217.840s][debug][gc,ref         ] GC(295) Skipped phase 2 of Reference Processing: no references
[4217.840s][debug][gc,ref         ] GC(295) Skipped phase 3 of Reference Processing: no references
[4217.840s][debug][gc,ref         ] GC(295) Skipped phase 4 of Reference Processing: no references
[4217.840s][debug][gc,phases      ] GC(295) Reference Processing 0.028ms
[4217.841s][debug][gc,phases      ] GC(295) Weak Processing 0.684ms
[4217.841s][debug][gc,age         ] GC(295) Desired survivor size 1572864 bytes, new threshold 15 (max threshold 15)
[4217.841s][info ][gc,heap        ] GC(295) PSYoungGen: 2094800K(2095616K)->880K(2095616K) Eden: 2094080K(2094080K)->0K(2094080K) From: 720K(1536K)->880K(1536K)
[4217.841s][info ][gc,heap        ] GC(295) ParOldGen: 437923K(442368K)->437955K(442368K)
[4217.841s][info ][gc,metaspace   ] GC(295) Metaspace: 78843K(79488K)->78843K(79488K) NonClass: 68162K(68480K)->68162K(68480K) Class: 10681K(11008K)->10681K(11008K)
[4217.841s][info ][gc             ] GC(295) Pause Young (Allocation Failure) 2473M->428M(2478M) 3.230ms
[4217.841s][info ][gc,cpu         ] GC(295) User=0.01s Sys=0.00s Real=0.00s
[4217.841s][info ][safepoint      ] Safepoint "ParallelGCFailedAllocation", Time since last: 2449597547 ns, Reaching safepoint: 113202 ns, At safepoint: 3363755 ns, Total: 3476957 ns
[4222.842s][info ][safepoint      ] Safepoint "Cleanup", Time since last: 5000356553 ns, Reaching safepoint: 118602 ns, At safepoint: 13100 ns, Total: 131702 ns
[4225.842s][info ][safepoint      ] Safepoint "Cleanup", Time since last: 3000242974 ns, Reaching safepoint: 50800 ns, At safepoint: 4001 ns, Total: 54801 ns
[4238.433s][info ][gc,start       ] GC(296) Pause Young (Allocation Failure)
[4238.436s][debug][gc,phases      ] GC(296) Scavenge 2.997ms
[4238.436s][debug][gc,ref         ] GC(296) Skipped phase 1 of Reference Processing: no references
[4238.436s][debug][gc,ref         ] GC(296) Skipped phase 3 of Reference Processing: no references
[4238.436s][debug][gc,phases      ] GC(296) Reference Processing 0.019ms
[4238.437s][debug][gc,phases      ] GC(296) Weak Processing 0.494ms
[4238.437s][debug][gc,age         ] GC(296) Desired survivor size 1572864 bytes, new threshold 15 (max threshold 15)
[4238.437s][info ][gc,heap        ] GC(296) PSYoungGen: 2094960K(2095616K)->848K(2095616K) Eden: 2094080K(2094080K)->0K(2094080K) From: 880K(1536K)->848K(1536K)
[4238.437s][info ][gc,heap        ] GC(296) ParOldGen: 437955K(442368K)->437979K(442368K)
[4238.437s][info ][gc,metaspace   ] GC(296) Metaspace: 78846K(79488K)->78846K(79488K) NonClass: 68165K(68480K)->68165K(68480K) Class: 10681K(11008K)->10681K(11008K)
[4238.437s][info ][gc             ] GC(296) Pause Young (Allocation Failure) 2473M->428M(2478M) 3.783ms
[4238.437s][info ][gc,cpu         ] GC(296) User=0.01s Sys=0.00s Real=0.01s
[4238.437s][info ][safepoint      ] Safepoint "ParallelGCFailedAllocation", Time since last: 12591259075 ns, Reaching safepoint: 84102 ns, At safepoint: 3882963 ns, Total: 3967065 ns
[4240.437s][info ][safepoint      ] Safepoint "Cleanup", Time since last: 2000167285 ns, Reaching safepoint: 54901 ns, At safepoint: 10200 ns, Total: 65101 ns
[4244.438s][info ][safepoint      ] Safepoint "Cleanup", Time since last: 4000326270 ns, Reaching safepoint: 118402 ns, At safepoint: 5700 ns, Total: 124102 ns
[4260.035s][info ][gc,start       ] GC(297) Pause Young (Allocation Failure)
[4260.038s][debug][gc,phases      ] GC(297) Scavenge 2.485ms
[4260.038s][debug][gc,ref         ] GC(297) Skipped phase 1 of Reference Processing: no references
[4260.038s][debug][gc,ref         ] GC(297) Skipped phase 3 of Reference Processing: no references
[4260.038s][debug][gc,phases      ] GC(297) Reference Processing 0.020ms
[4260.038s][debug][gc,phases      ] GC(297) Weak Processing 0.542ms
[4260.038s][debug][gc,age         ] GC(297) Desired survivor size 1572864 bytes, new threshold 15 (max threshold 15)
[4260.038s][info ][gc,heap        ] GC(297) PSYoungGen: 2094928K(2095616K)->912K(2095616K) Eden: 2094080K(2094080K)->0K(2094080K) From: 848K(1536K)->912K(1536K)
[4260.038s][info ][gc,heap        ] GC(297) ParOldGen: 437979K(442368K)->438011K(442368K)
[4260.038s][info ][gc,metaspace   ] GC(297) Metaspace: 78846K(79488K)->78846K(79488K) NonClass: 68165K(68480K)->68165K(68480K) Class: 10681K(11008K)->10681K(11008K)
[4260.038s][info ][gc             ] GC(297) Pause Young (Allocation Failure) 2473M->428M(2478M) 3.179ms
[4260.038s][info ][gc,cpu         ] GC(297) User=0.01s Sys=0.00s Real=0.01s
[4260.038s][info ][safepoint      ] Safepoint "ParallelGCFailedAllocation", Time since last: 15597070865 ns, Reaching safepoint: 73901 ns, At safepoint: 3259254 ns, Total: 3333155 ns
[4261.038s][info ][safepoint      ] Safepoint "Cleanup", Time since last: 1000087394 ns, Reaching safepoint: 52000 ns, At safepoint: 15401 ns, Total: 67401 ns
[4281.334s][info ][gc,start       ] GC(298) Pause Young (Allocation Failure)
[4281.338s][debug][gc,phases      ] GC(298) Scavenge 3.335ms
[4281.338s][debug][gc,ref         ] GC(298) Skipped phase 1 of Reference Processing: no references
[4281.338s][debug][gc,ref         ] GC(298) Skipped phase 3 of Reference Processing: no references
[4281.338s][debug][gc,phases      ] GC(298) Reference Processing 0.021ms
[4281.338s][debug][gc,phases      ] GC(298) Weak Processing 0.681ms
[4281.338s][debug][gc,age         ] GC(298) Desired survivor size 1572864 bytes, new threshold 15 (max threshold 15)
[4281.338s][info ][gc,heap        ] GC(298) PSYoungGen: 2094992K(2095616K)->832K(2095616K) Eden: 2094080K(2094080K)->0K(2094080K) From: 912K(1536K)->832K(1536K)
[4281.338s][info ][gc,heap        ] GC(298) ParOldGen: 438011K(442368K)->438027K(442368K)
[4281.338s][info ][gc,metaspace   ] GC(298) Metaspace: 78846K(79488K)->78846K(79488K) NonClass: 68165K(68480K)->68165K(68480K) Class: 10681K(11008K)->10681K(11008K)
[4281.339s][info ][gc             ] GC(298) Pause Young (Allocation Failure) 2473M->428M(2478M) 4.155ms
[4281.339s][info ][gc,cpu         ] GC(298) User=0.01s Sys=0.00s Real=0.01s
[4281.339s][info ][safepoint      ] Safepoint "ParallelGCFailedAllocation", Time since last: 20295786613 ns, Reaching safepoint: 60801 ns, At safepoint: 4231569 ns, Total: 4292370 ns
[4288.339s][info ][safepoint      ] Safepoint "Cleanup", Time since last: 7000490267 ns, Reaching safepoint: 53801 ns, At safepoint: 7500 ns, Total: 61301 ns
[4303.837s][info ][gc,start       ] GC(299) Pause Young (Allocation Failure)
[4303.839s][debug][gc,phases      ] GC(299) Scavenge 2.245ms
[4303.839s][debug][gc,ref         ] GC(299) Skipped phase 1 of Reference Processing: no references
[4303.839s][debug][gc,ref         ] GC(299) Skipped phase 2 of Reference Processing: no references
[4303.839s][debug][gc,ref         ] GC(299) Skipped phase 3 of Reference Processing: no references
[4303.839s][debug][gc,ref         ] GC(299) Skipped phase 4 of Reference Processing: no references
[4303.839s][debug][gc,phases      ] GC(299) Reference Processing 0.032ms
[4303.840s][debug][gc,phases      ] GC(299) Weak Processing 0.490ms
[4303.840s][debug][gc,age         ] GC(299) Desired survivor size 1572864 bytes, new threshold 15 (max threshold 15)
[4303.840s][info ][gc,heap        ] GC(299) PSYoungGen: 2094912K(2095616K)->848K(2095616K) Eden: 2094080K(2094080K)->0K(2094080K) From: 832K(1536K)->848K(1536K)
[4303.840s][info ][gc,heap        ] GC(299) ParOldGen: 438027K(442368K)->438051K(442368K)
[4303.840s][info ][gc,metaspace   ] GC(299) Metaspace: 78846K(79488K)->78846K(79488K) NonClass: 68165K(68480K)->68165K(68480K) Class: 10681K(11008K)->10681K(11008K)
[4303.840s][info ][gc             ] GC(299) Pause Young (Allocation Failure) 2473M->428M(2478M) 2.878ms
[4303.840s][info ][gc,cpu         ] GC(299) User=0.01s Sys=0.00s Real=0.00s
[4303.840s][info ][safepoint      ] Safepoint "ParallelGCFailedAllocation", Time since last: 15497717784 ns, Reaching safepoint: 61701 ns, At safepoint: 2952448 ns, Total: 3014149 ns
[4325.984s][info ][gc,start       ] GC(300) Pause Young (Allocation Failure)
[4325.987s][debug][gc,phases      ] GC(300) Scavenge 3.156ms
[4325.987s][debug][gc,ref         ] GC(300) Skipped phase 1 of Reference Processing: no references
[4325.987s][debug][gc,ref         ] GC(300) Skipped phase 2 of Reference Processing: no references
[4325.987s][debug][gc,ref         ] GC(300) Skipped phase 3 of Reference Processing: no references
[4325.987s][debug][gc,ref         ] GC(300) Skipped phase 4 of Reference Processing: no references
[4325.987s][debug][gc,phases      ] GC(300) Reference Processing 0.033ms
[4325.987s][debug][gc,phases      ] GC(300) Weak Processing 0.510ms
[4325.987s][debug][gc,age         ] GC(300) Desired survivor size 1572864 bytes, new threshold 15 (max threshold 15)
[4325.987s][info ][gc,heap        ] GC(300) PSYoungGen: 2094928K(2095616K)->928K(2095616K) Eden: 2094080K(2094080K)->0K(2094080K) From: 848K(1536K)->928K(1536K)
[4325.987s][info ][gc,heap        ] GC(300) ParOldGen: 438051K(442368K)->438075K(442368K)
[4325.987s][info ][gc,metaspace   ] GC(300) Metaspace: 78846K(79488K)->78846K(79488K) NonClass: 68165K(68480K)->68165K(68480K) Class: 10681K(11008K)->10681K(11008K)
[4325.987s][info ][gc             ] GC(300) Pause Young (Allocation Failure) 2473M->428M(2478M) 3.813ms
[4325.987s][info ][gc,cpu         ] GC(300) User=0.01s Sys=0.00s Real=0.01s
[4325.987s][info ][safepoint      ] Safepoint "ParallelGCFailedAllocation", Time since last: 22143487267 ns, Reaching safepoint: 154803 ns, At safepoint: 3887864 ns, Total: 4042667 ns
[4348.284s][info ][gc,start       ] GC(301) Pause Young (Allocation Failure)
[4348.287s][debug][gc,phases      ] GC(301) Scavenge 2.518ms
[4348.287s][debug][gc,ref         ] GC(301) Skipped phase 1 of Reference Processing: no references
[4348.287s][debug][gc,ref         ] GC(301) Skipped phase 2 of Reference Processing: no references
[4348.287s][debug][gc,ref         ] GC(301) Skipped phase 3 of Reference Processing: no references
[4348.287s][debug][gc,ref         ] GC(301) Skipped phase 4 of Reference Processing: no references
[4348.287s][debug][gc,phases      ] GC(301) Reference Processing 0.023ms
[4348.287s][debug][gc,phases      ] GC(301) Weak Processing 0.501ms
[4348.287s][debug][gc,age         ] GC(301) Desired survivor size 1572864 bytes, new threshold 15 (max threshold 15)
[4348.287s][info ][gc,heap        ] GC(301) PSYoungGen: 2095008K(2095616K)->928K(2095616K) Eden: 2094080K(2094080K)->0K(2094080K) From: 928K(1536K)->928K(1536K)
[4348.287s][info ][gc,heap        ] GC(301) ParOldGen: 438075K(442368K)->438083K(442368K)
[4348.287s][info ][gc,metaspace   ] GC(301) Metaspace: 78846K(79488K)->78846K(79488K) NonClass: 68165K(68480K)->68165K(68480K) Class: 10681K(11008K)->10681K(11008K)
[4348.287s][info ][gc             ] GC(301) Pause Young (Allocation Failure) 2473M->428M(2478M) 3.169ms
[4348.287s][info ][gc,cpu         ] GC(301) User=0.01s Sys=0.00s Real=0.01s
[4348.287s][info ][safepoint      ] Safepoint "ParallelGCFailedAllocation", Time since last: 22296421605 ns, Reaching safepoint: 119302 ns, At safepoint: 3250454 ns, Total: 3369756 ns
[4370.434s][info ][gc,start       ] GC(302) Pause Young (Allocation Failure)
[4370.437s][debug][gc,phases      ] GC(302) Scavenge 3.449ms
[4370.437s][debug][gc,ref         ] GC(302) Skipped phase 1 of Reference Processing: no references
[4370.437s][debug][gc,ref         ] GC(302) Skipped phase 2 of Reference Processing: no references
[4370.437s][debug][gc,ref         ] GC(302) Skipped phase 3 of Reference Processing: no references
[4370.437s][debug][gc,ref         ] GC(302) Skipped phase 4 of Reference Processing: no references
[4370.437s][debug][gc,phases      ] GC(302) Reference Processing 0.032ms
[4370.440s][debug][gc,phases      ] GC(302) Weak Processing 2.622ms
[4370.440s][debug][gc,age         ] GC(302) Desired survivor size 1572864 bytes, new threshold 15 (max threshold 15)
[4370.440s][info ][gc,heap        ] GC(302) PSYoungGen: 2095008K(2095616K)->960K(2095616K) Eden: 2094080K(2094080K)->0K(2094080K) From: 928K(1536K)->960K(1536K)
[4370.440s][info ][gc,heap        ] GC(302) ParOldGen: 438083K(442368K)->438091K(442368K)
[4370.440s][info ][gc,metaspace   ] GC(302) Metaspace: 78846K(79488K)->78846K(79488K) NonClass: 68165K(68480K)->68165K(68480K) Class: 10681K(11008K)->10681K(11008K)
[4370.440s][info ][gc             ] GC(302) Pause Young (Allocation Failure) 2473M->428M(2478M) 6.351ms
[4370.440s][info ][gc,cpu         ] GC(302) User=0.02s Sys=0.00s Real=0.01s
[4370.440s][info ][safepoint      ] Safepoint "ParallelGCFailedAllocation", Time since last: 22146272673 ns, Reaching safepoint: 156002 ns, At safepoint: 6466806 ns, Total: 6622808 ns
[4386.441s][info ][safepoint      ] Safepoint "Cleanup", Time since last: 16001078217 ns, Reaching safepoint: 58901 ns, At safepoint: 5100 ns, Total: 64001 ns
[4392.442s][info ][safepoint      ] Safepoint "Cleanup", Time since last: 6000433211 ns, Reaching safepoint: 71401 ns, At safepoint: 3000 ns, Total: 74401 ns
[4393.184s][info ][gc,start       ] GC(303) Pause Young (Allocation Failure)
[4393.189s][debug][gc,phases      ] GC(303) Scavenge 5.124ms
[4393.189s][debug][gc,ref         ] GC(303) Skipped phase 1 of Reference Processing: no references
[4393.189s][debug][gc,ref         ] GC(303) Skipped phase 3 of Reference Processing: no references
[4393.189s][debug][gc,phases      ] GC(303) Reference Processing 0.022ms
[4393.190s][debug][gc,phases      ] GC(303) Weak Processing 0.524ms
[4393.190s][debug][gc,age         ] GC(303) Desired survivor size 1572864 bytes, new threshold 15 (max threshold 15)
[4393.190s][info ][gc,heap        ] GC(303) PSYoungGen: 2095040K(2095616K)->928K(2095616K) Eden: 2094080K(2094080K)->0K(2094080K) From: 960K(1536K)->928K(1536K)
[4393.190s][info ][gc,heap        ] GC(303) ParOldGen: 438091K(442368K)->438115K(442368K)
[4393.190s][info ][gc,metaspace   ] GC(303) Metaspace: 78851K(79488K)->78851K(79488K) NonClass: 68169K(68480K)->68169K(68480K) Class: 10682K(11008K)->10682K(11008K)
[4393.190s][info ][gc             ] GC(303) Pause Young (Allocation Failure) 2473M->428M(2478M) 5.810ms
[4393.190s][info ][gc,cpu         ] GC(303) User=0.02s Sys=0.00s Real=0.01s
[4393.190s][info ][safepoint      ] Safepoint "ParallelGCFailedAllocation", Time since last: 742015969 ns, Reaching safepoint: 109702 ns, At safepoint: 5892997 ns, Total: 6002699 ns
[4398.190s][info ][safepoint      ] Safepoint "Cleanup", Time since last: 5000349310 ns, Reaching safepoint: 48301 ns, At safepoint: 4300 ns, Total: 52601 ns
[4411.191s][info ][safepoint      ] Safepoint "Cleanup", Time since last: 13000865332 ns, Reaching safepoint: 60101 ns, At safepoint: 7400 ns, Total: 67501 ns
[4415.887s][info ][gc,start       ] GC(304) Pause Young (Allocation Failure)
[4415.890s][debug][gc,phases      ] GC(304) Scavenge 2.907ms
[4415.890s][debug][gc,ref         ] GC(304) Skipped phase 1 of Reference Processing: no references
[4415.890s][debug][gc,ref         ] GC(304) Skipped phase 3 of Reference Processing: no references
[4415.890s][debug][gc,phases      ] GC(304) Reference Processing 0.020ms
[4415.891s][debug][gc,phases      ] GC(304) Weak Processing 0.495ms
[4415.891s][debug][gc,age         ] GC(304) Desired survivor size 1572864 bytes, new threshold 15 (max threshold 15)
[4415.891s][info ][gc,heap        ] GC(304) PSYoungGen: 2095008K(2095616K)->960K(2095616K) Eden: 2094080K(2094080K)->0K(2094080K) From: 928K(1536K)->960K(1536K)
[4415.891s][info ][gc,heap        ] GC(304) ParOldGen: 438115K(442368K)->438139K(442368K)
[4415.891s][info ][gc,metaspace   ] GC(304) Metaspace: 78854K(79488K)->78854K(79488K) NonClass: 68171K(68480K)->68171K(68480K) Class: 10683K(11008K)->10683K(11008K)
[4415.891s][info ][gc             ] GC(304) Pause Young (Allocation Failure) 2473M->428M(2478M) 3.536ms
[4415.891s][info ][gc,cpu         ] GC(304) User=0.01s Sys=0.00s Real=0.00s
[4415.891s][info ][safepoint      ] Safepoint "ParallelGCFailedAllocation", Time since last: 4696234127 ns, Reaching safepoint: 50801 ns, At safepoint: 3627159 ns, Total: 3677960 ns
[4438.534s][info ][gc,start       ] GC(305) Pause Young (Allocation Failure)
[4438.544s][debug][gc,phases      ] GC(305) Scavenge 9.458ms
[4438.544s][debug][gc,ref         ] GC(305) Skipped phase 1 of Reference Processing: no references
[4438.544s][debug][gc,ref         ] GC(305) Skipped phase 3 of Reference Processing: no references
[4438.544s][debug][gc,ref         ] GC(305) Skipped phase 4 of Reference Processing: no references
[4438.544s][debug][gc,phases      ] GC(305) Reference Processing 0.030ms
[4438.545s][debug][gc,phases      ] GC(305) Weak Processing 0.707ms
[4438.545s][debug][gc,age         ] GC(305) Desired survivor size 1572864 bytes, new threshold 15 (max threshold 15)
[4438.545s][info ][gc,heap        ] GC(305) PSYoungGen: 2095040K(2095616K)->960K(2095616K) Eden: 2094080K(2094080K)->0K(2094080K) From: 960K(1536K)->960K(1536K)
[4438.545s][info ][gc,heap        ] GC(305) ParOldGen: 438139K(442368K)->438163K(442368K)
[4438.545s][info ][gc,metaspace   ] GC(305) Metaspace: 78855K(79488K)->78855K(79488K) NonClass: 68171K(68480K)->68171K(68480K) Class: 10683K(11008K)->10683K(11008K)
[4438.545s][info ][gc             ] GC(305) Pause Young (Allocation Failure) 2473M->428M(2478M) 10.349ms
[4438.545s][info ][gc,cpu         ] GC(305) User=0.02s Sys=0.00s Real=0.02s
[4438.545s][info ][safepoint      ] Safepoint "ParallelGCFailedAllocation", Time since last: 22643370010 ns, Reaching safepoint: 76301 ns, At safepoint: 10446571 ns, Total: 10522872 ns
[4461.087s][info ][gc,start       ] GC(306) Pause Young (Allocation Failure)
[4461.090s][debug][gc,phases      ] GC(306) Scavenge 2.960ms
[4461.090s][debug][gc,ref         ] GC(306) Skipped phase 1 of Reference Processing: no references
[4461.090s][debug][gc,ref         ] GC(306) Skipped phase 3 of Reference Processing: no references
[4461.090s][debug][gc,ref         ] GC(306) Skipped phase 4 of Reference Processing: no references
[4461.090s][debug][gc,phases      ] GC(306) Reference Processing 0.023ms
[4461.090s][debug][gc,phases      ] GC(306) Weak Processing 0.555ms
[4461.091s][debug][gc,age         ] GC(306) Desired survivor size 1572864 bytes, new threshold 15 (max threshold 15)
[4461.091s][info ][gc,heap        ] GC(306) PSYoungGen: 2095040K(2095616K)->1056K(2095616K) Eden: 2094080K(2094080K)->0K(2094080K) From: 960K(1536K)->1056K(1536K)
[4461.091s][info ][gc,heap        ] GC(306) ParOldGen: 438163K(442368K)->438171K(442368K)
[4461.091s][info ][gc,metaspace   ] GC(306) Metaspace: 78855K(79488K)->78855K(79488K) NonClass: 68172K(68480K)->68172K(68480K) Class: 10683K(11008K)->10683K(11008K)
[4461.091s][info ][gc             ] GC(306) Pause Young (Allocation Failure) 2473M->428M(2478M) 3.683ms
[4461.091s][info ][gc,cpu         ] GC(306) User=0.02s Sys=0.00s Real=0.00s
[4461.091s][info ][safepoint      ] Safepoint "ParallelGCFailedAllocation", Time since last: 22541900370 ns, Reaching safepoint: 70102 ns, At safepoint: 3762461 ns, Total: 3832563 ns
[4472.091s][info ][safepoint      ] Safepoint "Cleanup", Time since last: 11000724662 ns, Reaching safepoint: 49101 ns, At safepoint: 10900 ns, Total: 60001 ns
[4483.035s][info ][gc,start       ] GC(307) Pause Young (Allocation Failure)
[4483.038s][debug][gc,phases      ] GC(307) Scavenge 2.911ms
[4483.038s][debug][gc,ref         ] GC(307) Skipped phase 1 of Reference Processing: no references
[4483.038s][debug][gc,ref         ] GC(307) Skipped phase 3 of Reference Processing: no references
[4483.038s][debug][gc,ref         ] GC(307) Skipped phase 4 of Reference Processing: no references
[4483.038s][debug][gc,phases      ] GC(307) Reference Processing 0.038ms
[4483.039s][debug][gc,phases      ] GC(307) Weak Processing 0.554ms
[4483.039s][debug][gc,age         ] GC(307) Desired survivor size 1572864 bytes, new threshold 15 (max threshold 15)
[4483.039s][info ][gc,heap        ] GC(307) PSYoungGen: 2095136K(2095616K)->1024K(2095616K) Eden: 2094080K(2094080K)->0K(2094080K) From: 1056K(1536K)->1024K(1536K)
[4483.039s][info ][gc,heap        ] GC(307) ParOldGen: 438171K(442368K)->438211K(442368K)
[4483.039s][info ][gc,metaspace   ] GC(307) Metaspace: 78858K(79488K)->78858K(79488K) NonClass: 68174K(68480K)->68174K(68480K) Class: 10683K(11008K)->10683K(11008K)
[4483.039s][info ][gc             ] GC(307) Pause Young (Allocation Failure) 2473M->428M(2478M) 3.637ms
[4483.039s][info ][gc,cpu         ] GC(307) User=0.02s Sys=0.00s Real=0.01s
[4483.039s][info ][safepoint      ] Safepoint "ParallelGCFailedAllocation", Time since last: 10943616730 ns, Reaching safepoint: 55001 ns, At safepoint: 3716661 ns, Total: 3771662 ns
[4505.785s][info ][gc,start       ] GC(308) Pause Young (Allocation Failure)
[4505.791s][debug][gc,phases      ] GC(308) Scavenge 6.378ms
[4505.791s][debug][gc,ref         ] GC(308) Skipped phase 1 of Reference Processing: no references
[4505.791s][debug][gc,ref         ] GC(308) Skipped phase 3 of Reference Processing: no references
[4505.791s][debug][gc,ref         ] GC(308) Skipped phase 4 of Reference Processing: no references
[4505.791s][debug][gc,phases      ] GC(308) Reference Processing 0.032ms
[4505.792s][debug][gc,phases      ] GC(308) Weak Processing 0.776ms
[4505.792s][debug][gc,age         ] GC(308) Desired survivor size 1572864 bytes, new threshold 15 (max threshold 15)
[4505.792s][info ][gc,heap        ] GC(308) PSYoungGen: 2095104K(2095616K)->1024K(2095616K) Eden: 2094080K(2094080K)->0K(2094080K) From: 1024K(1536K)->1024K(1536K)
[4505.792s][info ][gc,heap        ] GC(308) ParOldGen: 438211K(442368K)->438243K(442368K)
[4505.792s][info ][gc,metaspace   ] GC(308) Metaspace: 78858K(79488K)->78858K(79488K) NonClass: 68175K(68480K)->68175K(68480K) Class: 10683K(11008K)->10683K(11008K)
[4505.792s][info ][gc             ] GC(308) Pause Young (Allocation Failure) 2473M->428M(2478M) 7.360ms
[4505.792s][info ][gc,cpu         ] GC(308) User=0.01s Sys=0.00s Real=0.00s
[4505.792s][info ][safepoint      ] Safepoint "ParallelGCFailedAllocation", Time since last: 22745960165 ns, Reaching safepoint: 150803 ns, At safepoint: 7466722 ns, Total: 7617525 ns
[4523.007s][info ][safepoint      ] Safepoint "Cleanup", Time since last: 17214880739 ns, Reaching safepoint: 37401 ns, At safepoint: 5800 ns, Total: 43201 ns
[4524.007s][info ][safepoint      ] Safepoint "Cleanup", Time since last: 1000105008 ns, Reaching safepoint: 73002 ns, At safepoint: 5300 ns, Total: 78302 ns
[4527.684s][info ][gc,start       ] GC(309) Pause Young (Allocation Failure)
[4527.687s][debug][gc,phases      ] GC(309) Scavenge 2.976ms
[4527.687s][debug][gc,ref         ] GC(309) Skipped phase 1 of Reference Processing: no references
[4527.687s][debug][gc,ref         ] GC(309) Skipped phase 3 of Reference Processing: no references
[4527.687s][debug][gc,phases      ] GC(309) Reference Processing 0.022ms
[4527.687s][debug][gc,phases      ] GC(309) Weak Processing 0.498ms
[4527.687s][debug][gc,age         ] GC(309) Desired survivor size 1572864 bytes, new threshold 15 (max threshold 15)
[4527.687s][info ][gc,heap        ] GC(309) PSYoungGen: 2095104K(2095616K)->1056K(2095616K) Eden: 2094080K(2094080K)->0K(2094080K) From: 1024K(1536K)->1056K(1536K)
[4527.687s][info ][gc,heap        ] GC(309) ParOldGen: 438243K(442368K)->438267K(442368K)
[4527.687s][info ][gc,metaspace   ] GC(309) Metaspace: 78866K(79488K)->78866K(79488K) NonClass: 68183K(68480K)->68183K(68480K) Class: 10683K(11008K)->10683K(11008K)
[4527.687s][info ][gc             ] GC(309) Pause Young (Allocation Failure) 2473M->429M(2478M) 3.632ms
[4527.687s][info ][gc,cpu         ] GC(309) User=0.01s Sys=0.00s Real=0.01s
[4527.687s][info ][safepoint      ] Safepoint "ParallelGCFailedAllocation", Time since last: 3676253717 ns, Reaching safepoint: 77801 ns, At safepoint: 3717261 ns, Total: 3795062 ns
[4550.133s][info ][gc,start       ] GC(310) Pause Young (Allocation Failure)
[4550.137s][debug][gc,phases      ] GC(310) Scavenge 3.158ms
[4550.137s][debug][gc,ref         ] GC(310) Skipped phase 1 of Reference Processing: no references
[4550.137s][debug][gc,ref         ] GC(310) Skipped phase 3 of Reference Processing: no references
[4550.137s][debug][gc,phases      ] GC(310) Reference Processing 0.030ms
[4550.137s][debug][gc,phases      ] GC(310) Weak Processing 0.690ms
[4550.137s][debug][gc,age         ] GC(310) Desired survivor size 1572864 bytes, new threshold 15 (max threshold 15)
[4550.137s][info ][gc,heap        ] GC(310) PSYoungGen: 2095136K(2095616K)->960K(2095616K) Eden: 2094080K(2094080K)->0K(2094080K) From: 1056K(1536K)->960K(1536K)
[4550.137s][info ][gc,heap        ] GC(310) ParOldGen: 438267K(442368K)->438375K(442368K)
[4550.137s][info ][gc,metaspace   ] GC(310) Metaspace: 78866K(79488K)->78866K(79488K) NonClass: 68183K(68480K)->68183K(68480K) Class: 10683K(11008K)->10683K(11008K)
[4550.137s][info ][gc             ] GC(310) Pause Young (Allocation Failure) 2474M->429M(2478M) 4.049ms
[4550.137s][info ][gc,cpu         ] GC(310) User=0.02s Sys=0.00s Real=0.01s
[4550.137s][info ][safepoint      ] Safepoint "ParallelGCFailedAllocation", Time since last: 22445729783 ns, Reaching safepoint: 69801 ns, At safepoint: 4151568 ns, Total: 4221369 ns
[4571.887s][info ][gc,start       ] GC(311) Pause Young (Allocation Failure)
[4571.891s][debug][gc,phases      ] GC(311) Scavenge 3.029ms
[4571.891s][debug][gc,ref         ] GC(311) Skipped phase 1 of Reference Processing: no references
[4571.891s][debug][gc,ref         ] GC(311) Skipped phase 3 of Reference Processing: no references
[4571.891s][debug][gc,phases      ] GC(311) Reference Processing 0.021ms
[4571.891s][debug][gc,phases      ] GC(311) Weak Processing 0.502ms
[4571.891s][debug][gc,age         ] GC(311) Desired survivor size 1572864 bytes, new threshold 15 (max threshold 15)
[4571.891s][info ][gc,heap        ] GC(311) PSYoungGen: 2095040K(2095616K)->928K(2095616K) Eden: 2094080K(2094080K)->0K(2094080K) From: 960K(1536K)->928K(1536K)
[4571.891s][info ][gc,heap        ] GC(311) ParOldGen: 438375K(442368K)->438419K(442368K)
[4571.891s][info ][gc,metaspace   ] GC(311) Metaspace: 78866K(79488K)->78866K(79488K) NonClass: 68183K(68480K)->68183K(68480K) Class: 10683K(11008K)->10683K(11008K)
[4571.891s][info ][gc             ] GC(311) Pause Young (Allocation Failure) 2474M->429M(2478M) 3.674ms
[4571.891s][info ][gc,cpu         ] GC(311) User=0.01s Sys=0.00s Real=0.00s
[4571.891s][info ][safepoint      ] Safepoint "ParallelGCFailedAllocation", Time since last: 21749961286 ns, Reaching safepoint: 36601 ns, At safepoint: 3762661 ns, Total: 3799262 ns
[4594.549s][info ][gc,start       ] GC(312) Pause Young (Allocation Failure)
[4594.551s][debug][gc,phases      ] GC(312) Scavenge 2.351ms
[4594.551s][debug][gc,ref         ] GC(312) Skipped phase 1 of Reference Processing: no references
[4594.551s][debug][gc,ref         ] GC(312) Skipped phase 3 of Reference Processing: no references
[4594.551s][debug][gc,ref         ] GC(312) Skipped phase 4 of Reference Processing: no references
[4594.551s][debug][gc,phases      ] GC(312) Reference Processing 0.022ms
[4594.552s][debug][gc,phases      ] GC(312) Weak Processing 0.490ms
[4594.552s][debug][gc,age         ] GC(312) Desired survivor size 1572864 bytes, new threshold 15 (max threshold 15)
[4594.552s][info ][gc,heap        ] GC(312) PSYoungGen: 2095008K(2095616K)->928K(2095616K) Eden: 2094080K(2094080K)->0K(2094080K) From: 928K(1536K)->928K(1536K)
[4594.552s][info ][gc,heap        ] GC(312) ParOldGen: 438419K(442368K)->438435K(442368K)
[4594.552s][info ][gc,metaspace   ] GC(312) Metaspace: 78868K(79488K)->78868K(79488K) NonClass: 68185K(68480K)->68185K(68480K) Class: 10683K(11008K)->10683K(11008K)
[4594.552s][info ][gc             ] GC(312) Pause Young (Allocation Failure) 2474M->429M(2478M) 2.986ms
[4594.552s][info ][gc,cpu         ] GC(312) User=0.01s Sys=0.01s Real=0.00s
[4594.552s][info ][safepoint      ] Safepoint "ParallelGCFailedAllocation", Time since last: 22657379396 ns, Reaching safepoint: 105101 ns, At safepoint: 3089351 ns, Total: 3194452 ns
[4599.552s][info ][safepoint      ] Safepoint "Cleanup", Time since last: 5000311155 ns, Reaching safepoint: 57001 ns, At safepoint: 2600 ns, Total: 59601 ns
[4617.095s][info ][gc,start       ] GC(313) Pause Young (Allocation Failure)
[4617.097s][debug][gc,phases      ] GC(313) Scavenge 2.273ms
[4617.097s][debug][gc,ref         ] GC(313) Skipped phase 1 of Reference Processing: no references
[4617.097s][debug][gc,ref         ] GC(313) Skipped phase 3 of Reference Processing: no references
[4617.097s][debug][gc,ref         ] GC(313) Skipped phase 4 of Reference Processing: no references
[4617.097s][debug][gc,phases      ] GC(313) Reference Processing 0.021ms
[4617.098s][debug][gc,phases      ] GC(313) Weak Processing 0.502ms
[4617.098s][debug][gc,age         ] GC(313) Desired survivor size 1572864 bytes, new threshold 15 (max threshold 15)
[4617.098s][info ][gc,heap        ] GC(313) PSYoungGen: 2095008K(2095616K)->944K(2095616K) Eden: 2094080K(2094080K)->0K(2094080K) From: 928K(1536K)->944K(1536K)
[4617.098s][info ][gc,heap        ] GC(313) ParOldGen: 438435K(442368K)->438435K(442368K)
[4617.098s][info ][gc,metaspace   ] GC(313) Metaspace: 78869K(79488K)->78869K(79488K) NonClass: 68186K(68480K)->68186K(68480K) Class: 10683K(11008K)->10683K(11008K)
[4617.098s][info ][gc             ] GC(313) Pause Young (Allocation Failure) 2474M->429M(2478M) 2.921ms
[4617.098s][info ][gc,cpu         ] GC(313) User=0.01s Sys=0.00s Real=0.01s
[4617.098s][info ][safepoint      ] Safepoint "ParallelGCFailedAllocation", Time since last: 17542577580 ns, Reaching safepoint: 65601 ns, At safepoint: 2997549 ns, Total: 3063150 ns
[4626.989s][info ][safepoint      ] Safepoint "Cleanup", Time since last: 9891058321 ns, Reaching safepoint: 59201 ns, At safepoint: 10700 ns, Total: 69901 ns
[4629.989s][info ][safepoint      ] Safepoint "Cleanup", Time since last: 3000253538 ns, Reaching safepoint: 45901 ns, At safepoint: 6900 ns, Total: 52801 ns
[4639.800s][info ][gc,start       ] GC(314) Pause Young (Allocation Failure)
[4639.802s][debug][gc,phases      ] GC(314) Scavenge 2.251ms
[4639.802s][debug][gc,ref         ] GC(314) Skipped phase 1 of Reference Processing: no references
[4639.802s][debug][gc,ref         ] GC(314) Skipped phase 3 of Reference Processing: no references
[4639.802s][debug][gc,ref         ] GC(314) Skipped phase 4 of Reference Processing: no references
[4639.802s][debug][gc,phases      ] GC(314) Reference Processing 0.021ms
[4639.803s][debug][gc,phases      ] GC(314) Weak Processing 0.492ms
[4639.803s][debug][gc,age         ] GC(314) Desired survivor size 1572864 bytes, new threshold 15 (max threshold 15)
[4639.803s][info ][gc,heap        ] GC(314) PSYoungGen: 2095024K(2095616K)->912K(2095616K) Eden: 2094080K(2094080K)->0K(2094080K) From: 944K(1536K)->912K(1536K)
[4639.803s][info ][gc,heap        ] GC(314) ParOldGen: 438435K(442368K)->438451K(442368K)
[4639.803s][info ][gc,metaspace   ] GC(314) Metaspace: 78871K(79552K)->78871K(79552K) NonClass: 68188K(68544K)->68188K(68544K) Class: 10683K(11008K)->10683K(11008K)
[4639.803s][info ][gc             ] GC(314) Pause Young (Allocation Failure) 2474M->429M(2478M) 2.868ms
[4639.803s][info ][gc,cpu         ] GC(314) User=0.00s Sys=0.01s Real=0.00s
[4639.803s][info ][safepoint      ] Safepoint "ParallelGCFailedAllocation", Time since last: 9810696006 ns, Reaching safepoint: 78201 ns, At safepoint: 2945449 ns, Total: 3023650 ns
[4661.986s][info ][gc,start       ] GC(315) Pause Young (Allocation Failure)
[4661.989s][debug][gc,phases      ] GC(315) Scavenge 2.866ms
[4661.989s][debug][gc,ref         ] GC(315) Skipped phase 1 of Reference Processing: no references
[4661.989s][debug][gc,ref         ] GC(315) Skipped phase 3 of Reference Processing: no references
[4661.989s][debug][gc,ref         ] GC(315) Skipped phase 4 of Reference Processing: no references
[4661.989s][debug][gc,phases      ] GC(315) Reference Processing 0.023ms
[4661.990s][debug][gc,phases      ] GC(315) Weak Processing 0.494ms
[4661.990s][debug][gc,age         ] GC(315) Desired survivor size 1572864 bytes, new threshold 15 (max threshold 15)
[4661.990s][info ][gc,heap        ] GC(315) PSYoungGen: 2094992K(2095616K)->992K(2095616K) Eden: 2094080K(2094080K)->0K(2094080K) From: 912K(1536K)->992K(1536K)
[4661.990s][info ][gc,heap        ] GC(315) ParOldGen: 438451K(442368K)->438507K(442368K)
[4661.990s][info ][gc,metaspace   ] GC(315) Metaspace: 78871K(79552K)->78871K(79552K) NonClass: 68188K(68544K)->68188K(68544K) Class: 10683K(11008K)->10683K(11008K)
[4661.990s][info ][gc             ] GC(315) Pause Young (Allocation Failure) 2474M->429M(2478M) 3.542ms
[4661.990s][info ][gc,cpu         ] GC(315) User=0.01s Sys=0.00s Real=0.00s
[4661.990s][info ][safepoint      ] Safepoint "ParallelGCFailedAllocation", Time since last: 22183073965 ns, Reaching safepoint: 48501 ns, At safepoint: 3616359 ns, Total: 3664860 ns
[4684.486s][info ][gc,start       ] GC(316) Pause Young (Allocation Failure)
[4684.488s][debug][gc,phases      ] GC(316) Scavenge 2.284ms
[4684.488s][debug][gc,ref         ] GC(316) Skipped phase 1 of Reference Processing: no references
[4684.488s][debug][gc,ref         ] GC(316) Skipped phase 3 of Reference Processing: no references
[4684.488s][debug][gc,ref         ] GC(316) Skipped phase 4 of Reference Processing: no references
[4684.488s][debug][gc,phases      ] GC(316) Reference Processing 0.021ms
[4684.489s][debug][gc,phases      ] GC(316) Weak Processing 0.536ms
[4684.489s][debug][gc,age         ] GC(316) Desired survivor size 1572864 bytes, new threshold 15 (max threshold 15)
[4684.489s][info ][gc,heap        ] GC(316) PSYoungGen: 2095072K(2095616K)->1056K(2095616K) Eden: 2094080K(2094080K)->0K(2094080K) From: 992K(1536K)->1056K(1536K)
[4684.489s][info ][gc,heap        ] GC(316) ParOldGen: 438507K(442368K)->438539K(442368K)
[4684.489s][info ][gc,metaspace   ] GC(316) Metaspace: 78871K(79552K)->78871K(79552K) NonClass: 68188K(68544K)->68188K(68544K) Class: 10683K(11008K)->10683K(11008K)
[4684.489s][info ][gc             ] GC(316) Pause Young (Allocation Failure) 2474M->429M(2478M) 2.953ms
[4684.489s][info ][gc,cpu         ] GC(316) User=0.01s Sys=0.00s Real=0.00s
[4684.489s][info ][safepoint      ] Safepoint "ParallelGCFailedAllocation", Time since last: 22496123019 ns, Reaching safepoint: 56301 ns, At safepoint: 3023250 ns, Total: 3079551 ns
[4707.033s][info ][gc,start       ] GC(317) Pause Young (Allocation Failure)
[4707.036s][debug][gc,phases      ] GC(317) Scavenge 2.847ms
[4707.036s][debug][gc,ref         ] GC(317) Skipped phase 1 of Reference Processing: no references
[4707.036s][debug][gc,ref         ] GC(317) Skipped phase 3 of Reference Processing: no references
[4707.036s][debug][gc,ref         ] GC(317) Skipped phase 4 of Reference Processing: no references
[4707.036s][debug][gc,phases      ] GC(317) Reference Processing 0.022ms
[4707.036s][debug][gc,phases      ] GC(317) Weak Processing 0.509ms
[4707.036s][debug][gc,age         ] GC(317) Desired survivor size 1572864 bytes, new threshold 15 (max threshold 15)
[4707.036s][info ][gc,heap        ] GC(317) PSYoungGen: 2095136K(2095616K)->816K(2095616K) Eden: 2094080K(2094080K)->0K(2094080K) From: 1056K(1536K)->816K(1536K)
[4707.036s][info ][gc,heap        ] GC(317) ParOldGen: 438539K(442368K)->438647K(442368K)
[4707.036s][info ][gc,metaspace   ] GC(317) Metaspace: 78871K(79552K)->78871K(79552K) NonClass: 68188K(68544K)->68188K(68544K) Class: 10683K(11008K)->10683K(11008K)
[4707.036s][info ][gc             ] GC(317) Pause Young (Allocation Failure) 2474M->429M(2478M) 3.497ms
[4707.036s][info ][gc,cpu         ] GC(317) User=0.01s Sys=0.00s Real=0.01s
[4707.036s][info ][safepoint      ] Safepoint "ParallelGCFailedAllocation", Time since last: 22543622814 ns, Reaching safepoint: 134502 ns, At safepoint: 3575659 ns, Total: 3710161 ns
[4729.466s][info ][gc,start       ] GC(318) Pause Young (Allocation Failure)
[4729.468s][debug][gc,phases      ] GC(318) Scavenge 2.701ms
[4729.468s][debug][gc,ref         ] GC(318) Skipped phase 1 of Reference Processing: no references
[4729.468s][debug][gc,ref         ] GC(318) Skipped phase 2 of Reference Processing: no references
[4729.468s][debug][gc,ref         ] GC(318) Skipped phase 3 of Reference Processing: no references
[4729.468s][debug][gc,ref         ] GC(318) Skipped phase 4 of Reference Processing: no references
[4729.468s][debug][gc,phases      ] GC(318) Reference Processing 0.022ms
[4729.469s][debug][gc,phases      ] GC(318) Weak Processing 0.581ms
[4729.469s][debug][gc,age         ] GC(318) Desired survivor size 1572864 bytes, new threshold 15 (max threshold 15)
[4729.469s][info ][gc,heap        ] GC(318) PSYoungGen: 2094896K(2095616K)->896K(2095616K) Eden: 2094080K(2094080K)->0K(2094080K) From: 816K(1536K)->896K(1536K)
[4729.469s][info ][gc,heap        ] GC(318) ParOldGen: 438647K(442368K)->438679K(442368K)
[4729.469s][info ][gc,metaspace   ] GC(318) Metaspace: 78871K(79552K)->78871K(79552K) NonClass: 68188K(68544K)->68188K(68544K) Class: 10683K(11008K)->10683K(11008K)
[4729.469s][info ][gc             ] GC(318) Pause Young (Allocation Failure) 2474M->429M(2478M) 3.429ms
[4729.469s][info ][gc,cpu         ] GC(318) User=0.01s Sys=0.00s Real=0.00s
[4729.469s][info ][safepoint      ] Safepoint "ParallelGCFailedAllocation", Time since last: 22429179051 ns, Reaching safepoint: 133402 ns, At safepoint: 3523458 ns, Total: 3656860 ns
[4734.469s][info ][safepoint      ] Safepoint "Cleanup", Time since last: 5000229175 ns, Reaching safepoint: 45501 ns, At safepoint: 3500 ns, Total: 49001 ns
[4751.688s][info ][gc,start       ] GC(319) Pause Young (Allocation Failure)
[4751.691s][debug][gc,phases      ] GC(319) Scavenge 2.233ms
[4751.691s][debug][gc,ref         ] GC(319) Skipped phase 1 of Reference Processing: no references
[4751.691s][debug][gc,ref         ] GC(319) Skipped phase 2 of Reference Processing: no references
[4751.691s][debug][gc,ref         ] GC(319) Skipped phase 3 of Reference Processing: no references
[4751.691s][debug][gc,ref         ] GC(319) Skipped phase 4 of Reference Processing: no references
[4751.691s][debug][gc,phases      ] GC(319) Reference Processing 0.031ms
[4751.691s][debug][gc,phases      ] GC(319) Weak Processing 0.487ms
[4751.691s][debug][gc,age         ] GC(319) Desired survivor size 1572864 bytes, new threshold 15 (max threshold 15)
[4751.691s][info ][gc,heap        ] GC(319) PSYoungGen: 2094976K(2095616K)->896K(2095616K) Eden: 2094080K(2094080K)->0K(2094080K) From: 896K(1536K)->896K(1536K)
[4751.691s][info ][gc,heap        ] GC(319) ParOldGen: 438679K(442368K)->438711K(442368K)
[4751.691s][info ][gc,metaspace   ] GC(319) Metaspace: 78872K(79552K)->78872K(79552K) NonClass: 68189K(68544K)->68189K(68544K) Class: 10683K(11008K)->10683K(11008K)
[4751.691s][info ][gc             ] GC(319) Pause Young (Allocation Failure) 2474M->429M(2478M) 2.881ms
[4751.691s][info ][gc,cpu         ] GC(319) User=0.00s Sys=0.00s Real=0.00s
[4751.691s][info ][safepoint      ] Safepoint "ParallelGCFailedAllocation", Time since last: 17219008244 ns, Reaching safepoint: 37600 ns, At safepoint: 2951049 ns, Total: 2988649 ns
[4763.692s][info ][safepoint      ] Safepoint "Cleanup", Time since last: 12000730092 ns, Reaching safepoint: 80502 ns, At safepoint: 8400 ns, Total: 88902 ns
[4773.432s][info ][gc,start       ] GC(320) Pause Young (Allocation Failure)
[4773.435s][debug][gc,phases      ] GC(320) Scavenge 2.786ms
[4773.435s][debug][gc,ref         ] GC(320) Skipped phase 1 of Reference Processing: no references
[4773.435s][debug][gc,ref         ] GC(320) Skipped phase 2 of Reference Processing: no references
[4773.435s][debug][gc,ref         ] GC(320) Skipped phase 3 of Reference Processing: no references
[4773.435s][debug][gc,ref         ] GC(320) Skipped phase 4 of Reference Processing: no references
[4773.435s][debug][gc,phases      ] GC(320) Reference Processing 0.024ms
[4773.436s][debug][gc,phases      ] GC(320) Weak Processing 0.556ms
[4773.436s][debug][gc,age         ] GC(320) Desired survivor size 1572864 bytes, new threshold 15 (max threshold 15)
[4773.436s][info ][gc,heap        ] GC(320) PSYoungGen: 2094976K(2095616K)->864K(2095616K) Eden: 2094080K(2094080K)->0K(2094080K) From: 896K(1536K)->864K(1536K)
[4773.436s][info ][gc,heap        ] GC(320) ParOldGen: 438711K(442368K)->438735K(442368K)
[4773.436s][info ][gc,metaspace   ] GC(320) Metaspace: 78873K(79552K)->78873K(79552K) NonClass: 68190K(68544K)->68190K(68544K) Class: 10683K(11008K)->10683K(11008K)
[4773.436s][info ][gc             ] GC(320) Pause Young (Allocation Failure) 2474M->429M(2478M) 3.498ms
[4773.436s][info ][gc,cpu         ] GC(320) User=0.00s Sys=0.00s Real=0.00s
[4773.436s][info ][safepoint      ] Safepoint "ParallelGCFailedAllocation", Time since last: 9740026185 ns, Reaching safepoint: 118902 ns, At safepoint: 3602759 ns, Total: 3721661 ns
[4777.436s][info ][safepoint      ] Safepoint "Cleanup", Time since last: 4000299867 ns, Reaching safepoint: 130203 ns, At safepoint: 11800 ns, Total: 142003 ns
[4795.833s][info ][gc,start       ] GC(321) Pause Young (Allocation Failure)
[4795.836s][debug][gc,phases      ] GC(321) Scavenge 2.606ms
[4795.836s][debug][gc,ref         ] GC(321) Skipped phase 1 of Reference Processing: no references
[4795.836s][debug][gc,ref         ] GC(321) Skipped phase 2 of Reference Processing: no references
[4795.836s][debug][gc,ref         ] GC(321) Skipped phase 3 of Reference Processing: no references
[4795.836s][debug][gc,ref         ] GC(321) Skipped phase 4 of Reference Processing: no references
[4795.836s][debug][gc,phases      ] GC(321) Reference Processing 0.028ms
[4795.837s][debug][gc,phases      ] GC(321) Weak Processing 0.621ms
[4795.837s][debug][gc,age         ] GC(321) Desired survivor size 1572864 bytes, new threshold 15 (max threshold 15)
[4795.837s][info ][gc,heap        ] GC(321) PSYoungGen: 2094944K(2095616K)->896K(2095616K) Eden: 2094080K(2094080K)->0K(2094080K) From: 864K(1536K)->896K(1536K)
[4795.837s][info ][gc,heap        ] GC(321) ParOldGen: 438735K(442368K)->438751K(442368K)
[4795.837s][info ][gc,metaspace   ] GC(321) Metaspace: 78873K(79552K)->78873K(79552K) NonClass: 68190K(68544K)->68190K(68544K) Class: 10683K(11008K)->10683K(11008K)
[4795.837s][info ][gc             ] GC(321) Pause Young (Allocation Failure) 2474M->429M(2478M) 3.375ms
[4795.837s][info ][gc,cpu         ] GC(321) User=0.01s Sys=0.00s Real=0.01s
[4795.837s][info ][safepoint      ] Safepoint "ParallelGCFailedAllocation", Time since last: 18396840598 ns, Reaching safepoint: 125702 ns, At safepoint: 3464857 ns, Total: 3590559 ns
[4812.436s][info ][safepoint      ] Safepoint "Cleanup", Time since last: 16599498201 ns, Reaching safepoint: 119302 ns, At safepoint: 6201 ns, Total: 125503 ns
[4818.136s][info ][gc,start       ] GC(322) Pause Young (Allocation Failure)
[4818.139s][debug][gc,phases      ] GC(322) Scavenge 3.279ms
[4818.139s][debug][gc,ref         ] GC(322) Skipped phase 1 of Reference Processing: no references
[4818.139s][debug][gc,ref         ] GC(322) Skipped phase 2 of Reference Processing: no references
[4818.139s][debug][gc,ref         ] GC(322) Skipped phase 3 of Reference Processing: no references
[4818.139s][debug][gc,ref         ] GC(322) Skipped phase 4 of Reference Processing: no references
[4818.139s][debug][gc,phases      ] GC(322) Reference Processing 0.022ms
[4818.140s][debug][gc,phases      ] GC(322) Weak Processing 0.530ms
[4818.140s][debug][gc,age         ] GC(322) Desired survivor size 1572864 bytes, new threshold 15 (max threshold 15)
[4818.140s][info ][gc,heap        ] GC(322) PSYoungGen: 2094976K(2095616K)->928K(2095616K) Eden: 2094080K(2094080K)->0K(2094080K) From: 896K(1536K)->928K(1536K)
[4818.140s][info ][gc,heap        ] GC(322) ParOldGen: 438751K(442368K)->438767K(442368K)
[4818.140s][info ][gc,metaspace   ] GC(322) Metaspace: 78873K(79552K)->78873K(79552K) NonClass: 68190K(68544K)->68190K(68544K) Class: 10683K(11008K)->10683K(11008K)
[4818.140s][info ][gc             ] GC(322) Pause Young (Allocation Failure) 2474M->429M(2478M) 3.960ms
[4818.140s][info ][gc,cpu         ] GC(322) User=0.01s Sys=0.00s Real=0.01s
[4818.140s][info ][safepoint      ] Safepoint "ParallelGCFailedAllocation", Time since last: 5699479265 ns, Reaching safepoint: 31101 ns, At safepoint: 4034166 ns, Total: 4065267 ns
[4823.140s][info ][safepoint      ] Safepoint "Cleanup", Time since last: 5000366989 ns, Reaching safepoint: 49801 ns, At safepoint: 5800 ns, Total: 55601 ns
[4839.883s][info ][gc,start       ] GC(323) Pause Young (Allocation Failure)
[4839.886s][debug][gc,phases      ] GC(323) Scavenge 2.887ms
[4839.886s][debug][gc,ref         ] GC(323) Skipped phase 1 of Reference Processing: no references
[4839.886s][debug][gc,ref         ] GC(323) Skipped phase 3 of Reference Processing: no references
[4839.886s][debug][gc,phases      ] GC(323) Reference Processing 0.033ms
[4839.887s][debug][gc,phases      ] GC(323) Weak Processing 0.494ms
[4839.887s][debug][gc,age         ] GC(323) Desired survivor size 1572864 bytes, new threshold 15 (max threshold 15)
[4839.887s][info ][gc,heap        ] GC(323) PSYoungGen: 2095008K(2095616K)->880K(2095616K) Eden: 2094080K(2094080K)->0K(2094080K) From: 928K(1536K)->880K(1536K)
[4839.887s][info ][gc,heap        ] GC(323) ParOldGen: 438767K(442368K)->438807K(442368K)
[4839.887s][info ][gc,metaspace   ] GC(323) Metaspace: 78876K(79552K)->78876K(79552K) NonClass: 68192K(68544K)->68192K(68544K) Class: 10683K(11008K)->10683K(11008K)
[4839.887s][info ][gc             ] GC(323) Pause Young (Allocation Failure) 2474M->429M(2478M) 3.556ms
[4839.887s][info ][gc,cpu         ] GC(323) User=0.00s Sys=0.01s Real=0.01s
[4839.887s][info ][safepoint      ] Safepoint "ParallelGCFailedAllocation", Time since last: 16742529960 ns, Reaching safepoint: 103502 ns, At safepoint: 3634759 ns, Total: 3738261 ns
[4856.888s][info ][safepoint      ] Safepoint "Cleanup", Time since last: 17001493618 ns, Reaching safepoint: 147003 ns, At safepoint: 10800 ns, Total: 157803 ns
[4857.888s][info ][safepoint      ] Safepoint "Cleanup", Time since last: 1000100219 ns, Reaching safepoint: 65001 ns, At safepoint: 7500 ns, Total: 72501 ns
[4859.850s][info ][gc,start       ] GC(324) Pause Young (Allocation Failure)
[4859.857s][debug][gc,phases      ] GC(324) Scavenge 6.054ms
[4859.857s][debug][gc,ref         ] GC(324) Skipped phase 1 of Reference Processing: no references
[4859.857s][debug][gc,ref         ] GC(324) Skipped phase 3 of Reference Processing: no references
[4859.857s][debug][gc,phases      ] GC(324) Reference Processing 0.023ms
[4859.857s][debug][gc,phases      ] GC(324) Weak Processing 0.527ms
[4859.857s][debug][gc,age         ] GC(324) Desired survivor size 5767168 bytes, new threshold 14 (max threshold 15)
[4859.857s][info ][gc,heap        ] GC(324) PSYoungGen: 2094960K(2095616K)->1504K(2095616K) Eden: 2094080K(2094080K)->0K(2094080K) From: 880K(1536K)->1504K(1536K)
[4859.857s][info ][gc,heap        ] GC(324) ParOldGen: 438807K(442368K)->449977K(450560K)
[4859.857s][info ][gc,metaspace   ] GC(324) Metaspace: 78876K(79552K)->78876K(79552K) NonClass: 68192K(68544K)->68192K(68544K) Class: 10683K(11008K)->10683K(11008K)
[4859.857s][info ][gc             ] GC(324) Pause Young (Allocation Failure) 2474M->440M(2486M) 6.742ms
[4859.857s][info ][gc,cpu         ] GC(324) User=0.02s Sys=0.00s Real=0.01s
[4859.857s][debug][gc,phases      ] GC(325) Pre Compact 0.010ms
[4859.857s][info ][gc,start       ] GC(325) Pause Full (Ergonomics)
[4859.857s][info ][gc,phases,start] GC(325) Marking Phase
[4859.969s][debug][gc,phases      ] GC(325) Par Mark 111.894ms
[4859.970s][debug][gc,ref         ] GC(325) Skipped phase 3 of Reference Processing: no references
[4859.970s][debug][gc,phases      ] GC(325) Reference Processing 0.861ms
[4859.971s][debug][gc,phases      ] GC(325) Weak Processing 0.558ms
[4859.971s][debug][gc,phases      ] GC(325) ClassLoaderData 0.451ms
[4859.971s][debug][gc,phases      ] GC(325) Trigger cleanups 0.001ms
[4860.001s][debug][gc,phases      ] GC(325) Class Unloading 30.508ms
[4860.001s][info ][gc,phases      ] GC(325) Marking Phase 143.987ms
[4860.001s][info ][gc,phases,start] GC(325) Summary Phase
[4860.001s][info ][gc,phases      ] GC(325) Summary Phase 0.016ms
[4860.001s][info ][gc,phases,start] GC(325) Adjust Roots
[4860.020s][info ][gc,phases      ] GC(325) Adjust Roots 18.839ms
[4860.020s][info ][gc,phases,start] GC(325) Compaction Phase
[4860.127s][info ][gc,phases      ] GC(325) Compaction Phase 106.508ms
[4860.127s][info ][gc,phases,start] GC(325) Post Compact
[4860.128s][info ][gc,phases      ] GC(325) Post Compact 1.528ms
[4860.128s][info ][gc,heap        ] GC(325) PSYoungGen: 1504K(2095616K)->0K(2087424K) Eden: 0K(2094080K)->0K(2085888K) From: 1504K(1536K)->0K(1536K)
[4860.128s][info ][gc,heap        ] GC(325) ParOldGen: 449977K(450560K)->423861K(507904K)
[4860.128s][info ][gc,metaspace   ] GC(325) Metaspace: 78876K(79552K)->78699K(79552K) NonClass: 68192K(68544K)->68055K(68544K) Class: 10683K(11008K)->10644K(11008K)
[4860.128s][info ][gc             ] GC(325) Pause Full (Ergonomics) 440M->413M(2534M) 271.170ms
[4860.128s][info ][gc,cpu         ] GC(325) User=0.92s Sys=0.00s Real=0.27s
[4860.128s][info ][safepoint      ] Safepoint "ParallelGCFailedAllocation", Time since last: 1961867209 ns, Reaching safepoint: 37601 ns, At safepoint: 278065965 ns, Total: 278103566 ns
[4860.137s][info ][safepoint      ] Safepoint "ICBufferFull", Time since last: 8267836 ns, Reaching safepoint: 462207 ns, At safepoint: 6500 ns, Total: 468707 ns
[4861.047s][info ][safepoint      ] Safepoint "ICBufferFull", Time since last: 909246428 ns, Reaching safepoint: 232704 ns, At safepoint: 12900 ns, Total: 245604 ns
[4862.047s][info ][safepoint      ] Safepoint "Cleanup", Time since last: 1000113719 ns, Reaching safepoint: 68202 ns, At safepoint: 7700 ns, Total: 75902 ns
[4863.047s][info ][safepoint      ] Safepoint "Cleanup", Time since last: 1000104619 ns, Reaching safepoint: 62301 ns, At safepoint: 6700 ns, Total: 69001 ns
[4864.047s][info ][safepoint      ] Safepoint "Cleanup", Time since last: 1000108519 ns, Reaching safepoint: 76902 ns, At safepoint: 2500 ns, Total: 79402 ns
[4866.048s][info ][safepoint      ] Safepoint "Cleanup", Time since last: 2000169038 ns, Reaching safepoint: 278804 ns, At safepoint: 11401 ns, Total: 290205 ns
[4867.048s][info ][safepoint      ] Safepoint "Cleanup", Time since last: 1000073618 ns, Reaching safepoint: 42401 ns, At safepoint: 2400 ns, Total: 44801 ns
[4869.048s][info ][safepoint      ] Safepoint "Cleanup", Time since last: 2000126538 ns, Reaching safepoint: 41800 ns, At safepoint: 2600 ns, Total: 44400 ns
[4870.048s][info ][safepoint      ] Safepoint "Cleanup", Time since last: 1000076819 ns, Reaching safepoint: 61701 ns, At safepoint: 5000 ns, Total: 66701 ns
[4871.048s][info ][safepoint      ] Safepoint "Cleanup", Time since last: 1000111120 ns, Reaching safepoint: 62401 ns, At safepoint: 2500 ns, Total: 64901 ns
[4872.048s][info ][safepoint      ] Safepoint "Cleanup", Time since last: 1000104620 ns, Reaching safepoint: 101501 ns, At safepoint: 9200 ns, Total: 110701 ns
[4873.049s][info ][safepoint      ] Safepoint "Cleanup", Time since last: 1000100820 ns, Reaching safepoint: 46101 ns, At safepoint: 2500 ns, Total: 48601 ns
[4874.517s][info ][gc,start       ] GC(326) Pause Young (Allocation Failure)
[4874.519s][debug][gc,phases      ] GC(326) Scavenge 1.754ms
[4874.519s][debug][gc,ref         ] GC(326) Skipped phase 1 of Reference Processing: no references
[4874.519s][debug][gc,ref         ] GC(326) Skipped phase 2 of Reference Processing: no references
[4874.519s][debug][gc,ref         ] GC(326) Skipped phase 3 of Reference Processing: no references
[4874.519s][debug][gc,ref         ] GC(326) Skipped phase 4 of Reference Processing: no references
[4874.519s][debug][gc,phases      ] GC(326) Reference Processing 0.022ms
[4874.519s][debug][gc,phases      ] GC(326) Weak Processing 0.555ms
[4874.519s][debug][gc,age         ] GC(326) Desired survivor size 5767168 bytes, new threshold 15 (max threshold 15)
[4874.519s][info ][gc,heap        ] GC(326) PSYoungGen: 2085888K(2087424K)->1072K(2091520K) Eden: 2085888K(2085888K)->0K(2085888K) From: 0K(1536K)->1072K(5632K)
[4874.519s][info ][gc,heap        ] GC(326) ParOldGen: 423861K(507904K)->423861K(507904K)
[4874.519s][info ][gc,metaspace   ] GC(326) Metaspace: 78708K(79552K)->78708K(79552K) NonClass: 68064K(68544K)->68064K(68544K) Class: 10644K(11008K)->10644K(11008K)
[4874.520s][info ][gc             ] GC(326) Pause Young (Allocation Failure) 2450M->414M(2538M) 2.438ms
[4874.520s][info ][gc,cpu         ] GC(326) User=0.00s Sys=0.00s Real=0.00s
[4874.520s][info ][safepoint      ] Safepoint "ParallelGCFailedAllocation", Time since last: 1468363707 ns, Reaching safepoint: 35701 ns, At safepoint: 2512541 ns, Total: 2548242 ns
[4875.520s][info ][safepoint      ] Safepoint "Cleanup", Time since last: 1000075319 ns, Reaching safepoint: 72901 ns, At safepoint: 8000 ns, Total: 80901 ns
[4876.520s][info ][safepoint      ] Safepoint "Cleanup", Time since last: 1000108720 ns, Reaching safepoint: 50301 ns, At safepoint: 5600 ns, Total: 55901 ns
[4877.520s][info ][safepoint      ] Safepoint "Cleanup", Time since last: 1000103219 ns, Reaching safepoint: 47501 ns, At safepoint: 3500 ns, Total: 51001 ns
[4878.520s][info ][safepoint      ] Safepoint "Cleanup", Time since last: 1000102820 ns, Reaching safepoint: 84701 ns, At safepoint: 2700 ns, Total: 87401 ns
[4880.520s][info ][safepoint      ] Safepoint "Cleanup", Time since last: 2000169639 ns, Reaching safepoint: 51101 ns, At safepoint: 10500 ns, Total: 61601 ns
[4881.521s][info ][safepoint      ] Safepoint "Cleanup", Time since last: 1000103820 ns, Reaching safepoint: 106501 ns, At safepoint: 6401 ns, Total: 112902 ns
[4882.521s][info ][safepoint      ] Safepoint "Cleanup", Time since last: 1000093219 ns, Reaching safepoint: 66501 ns, At safepoint: 9600 ns, Total: 76101 ns
[4883.521s][info ][safepoint      ] Safepoint "Cleanup", Time since last: 1000113220 ns, Reaching safepoint: 44801 ns, At safepoint: 7300 ns, Total: 52101 ns
[4886.521s][info ][safepoint      ] Safepoint "Cleanup", Time since last: 3000237558 ns, Reaching safepoint: 56501 ns, At safepoint: 22600 ns, Total: 79101 ns
[4886.721s][info ][gc,start       ] GC(327) Pause Young (Allocation Failure)
[4886.723s][debug][gc,phases      ] GC(327) Scavenge 1.829ms
[4886.723s][debug][gc,ref         ] GC(327) Skipped phase 1 of Reference Processing: no references
[4886.723s][debug][gc,ref         ] GC(327) Skipped phase 2 of Reference Processing: no references
[4886.723s][debug][gc,ref         ] GC(327) Skipped phase 3 of Reference Processing: no references
[4886.723s][debug][gc,ref         ] GC(327) Skipped phase 4 of Reference Processing: no references
[4886.723s][debug][gc,phases      ] GC(327) Reference Processing 0.021ms
[4886.723s][debug][gc,phases      ] GC(327) Weak Processing 0.491ms
[4886.723s][debug][gc,age         ] GC(327) Desired survivor size 5242880 bytes, new threshold 15 (max threshold 15)
[4886.723s][info ][gc,heap        ] GC(327) PSYoungGen: 2086960K(2091520K)->1184K(2092032K) Eden: 2085888K(2085888K)->0K(2086400K) From: 1072K(5632K)->1184K(5632K)
[4886.723s][info ][gc,heap        ] GC(327) ParOldGen: 423861K(507904K)->423861K(507904K)
[4886.723s][info ][gc,metaspace   ] GC(327) Metaspace: 78717K(79552K)->78717K(79552K) NonClass: 68073K(68544K)->68073K(68544K) Class: 10644K(11008K)->10644K(11008K)
[4886.723s][info ][gc             ] GC(327) Pause Young (Allocation Failure) 2451M->415M(2539M) 2.465ms
[4886.723s][info ][gc,cpu         ] GC(327) User=0.00s Sys=0.01s Real=0.00s
[4886.723s][info ][safepoint      ] Safepoint "ParallelGCFailedAllocation", Time since last: 199242272 ns, Reaching safepoint: 53100 ns, At safepoint: 2545142 ns, Total: 2598242 ns
[4887.723s][info ][safepoint      ] Safepoint "Cleanup", Time since last: 1000086120 ns, Reaching safepoint: 48201 ns, At safepoint: 7400 ns, Total: 55601 ns
[4888.724s][info ][safepoint      ] Safepoint "Cleanup", Time since last: 1000157520 ns, Reaching safepoint: 138303 ns, At safepoint: 33000 ns, Total: 171303 ns
[4889.724s][info ][safepoint      ] Safepoint "Cleanup", Time since last: 1000131721 ns, Reaching safepoint: 35500 ns, At safepoint: 2500 ns, Total: 38000 ns
[4890.724s][info ][safepoint      ] Safepoint "Cleanup", Time since last: 1000113420 ns, Reaching safepoint: 47701 ns, At safepoint: 2600 ns, Total: 50301 ns
[4891.724s][info ][safepoint      ] Safepoint "Cleanup", Time since last: 1000158521 ns, Reaching safepoint: 49401 ns, At safepoint: 5400 ns, Total: 54801 ns
[4892.724s][info ][safepoint      ] Safepoint "Cleanup", Time since last: 1000105120 ns, Reaching safepoint: 44000 ns, At safepoint: 6900 ns, Total: 50900 ns
[4897.725s][info ][safepoint      ] Safepoint "Cleanup", Time since last: 5000333697 ns, Reaching safepoint: 49901 ns, At safepoint: 7200 ns, Total: 57101 ns
[4899.742s][info ][gc,start       ] GC(328) Pause Young (Allocation Failure)
[4899.744s][debug][gc,phases      ] GC(328) Scavenge 1.947ms
[4899.744s][debug][gc,ref         ] GC(328) Skipped phase 1 of Reference Processing: no references
[4899.744s][debug][gc,ref         ] GC(328) Skipped phase 2 of Reference Processing: no references
[4899.744s][debug][gc,ref         ] GC(328) Skipped phase 3 of Reference Processing: no references
[4899.744s][debug][gc,ref         ] GC(328) Skipped phase 4 of Reference Processing: no references
[4899.744s][debug][gc,phases      ] GC(328) Reference Processing 0.033ms
[4899.745s][debug][gc,phases      ] GC(328) Weak Processing 0.505ms
[4899.745s][debug][gc,age         ] GC(328) Desired survivor size 5242880 bytes, new threshold 15 (max threshold 15)
[4899.745s][info ][gc,heap        ] GC(328) PSYoungGen: 2087584K(2092032K)->1184K(2091520K) Eden: 2086400K(2086400K)->0K(2086400K) From: 1184K(5632K)->1184K(5120K)
[4899.745s][info ][gc,heap        ] GC(328) ParOldGen: 423861K(507904K)->423861K(507904K)
[4899.745s][info ][gc,metaspace   ] GC(328) Metaspace: 78718K(79552K)->78718K(79552K) NonClass: 68074K(68544K)->68074K(68544K) Class: 10644K(11008K)->10644K(11008K)
[4899.745s][info ][gc             ] GC(328) Pause Young (Allocation Failure) 2452M->415M(2538M) 2.605ms
[4899.745s][info ][gc,cpu         ] GC(328) User=0.01s Sys=0.00s Real=0.01s
[4899.745s][info ][safepoint      ] Safepoint "ParallelGCFailedAllocation", Time since last: 2017362622 ns, Reaching safepoint: 58701 ns, At safepoint: 2681144 ns, Total: 2739845 ns
[4900.745s][info ][safepoint      ] Safepoint "Cleanup", Time since last: 1000074820 ns, Reaching safepoint: 37400 ns, At safepoint: 6000 ns, Total: 43400 ns
[4901.745s][info ][safepoint      ] Safepoint "Cleanup", Time since last: 1000108620 ns, Reaching safepoint: 60701 ns, At safepoint: 10001 ns, Total: 70702 ns
[4902.745s][info ][safepoint      ] Safepoint "Cleanup", Time since last: 1000114920 ns, Reaching safepoint: 48401 ns, At safepoint: 2500 ns, Total: 50901 ns
[4903.745s][info ][safepoint      ] Safepoint "Cleanup", Time since last: 1000107320 ns, Reaching safepoint: 59901 ns, At safepoint: 5700 ns, Total: 65601 ns
[4910.746s][info ][safepoint      ] Safepoint "Cleanup", Time since last: 7000489538 ns, Reaching safepoint: 45600 ns, At safepoint: 2701 ns, Total: 48301 ns
[4912.040s][info ][gc,start       ] GC(329) Pause Young (Allocation Failure)
[4912.041s][debug][gc,phases      ] GC(329) Scavenge 1.646ms
[4912.041s][debug][gc,ref         ] GC(329) Skipped phase 1 of Reference Processing: no references
[4912.041s][debug][gc,ref         ] GC(329) Skipped phase 2 of Reference Processing: no references
[4912.041s][debug][gc,ref         ] GC(329) Skipped phase 3 of Reference Processing: no references
[4912.041s][debug][gc,ref         ] GC(329) Skipped phase 4 of Reference Processing: no references
[4912.041s][debug][gc,phases      ] GC(329) Reference Processing 0.033ms
[4912.042s][debug][gc,phases      ] GC(329) Weak Processing 0.548ms
[4912.042s][debug][gc,age         ] GC(329) Desired survivor size 5242880 bytes, new threshold 15 (max threshold 15)
[4912.042s][info ][gc,heap        ] GC(329) PSYoungGen: 2087584K(2091520K)->1200K(2092032K) Eden: 2086400K(2086400K)->0K(2086912K) From: 1184K(5120K)->1200K(5120K)
[4912.042s][info ][gc,heap        ] GC(329) ParOldGen: 423861K(507904K)->423861K(507904K)
[4912.042s][info ][gc,metaspace   ] GC(329) Metaspace: 78735K(79552K)->78735K(79552K) NonClass: 68091K(68544K)->68091K(68544K) Class: 10644K(11008K)->10644K(11008K)
[4912.042s][info ][gc             ] GC(329) Pause Young (Allocation Failure) 2452M->415M(2539M) 2.342ms
[4912.042s][info ][gc,cpu         ] GC(329) User=0.01s Sys=0.00s Real=0.00s
[4912.042s][info ][safepoint      ] Safepoint "ParallelGCFailedAllocation", Time since last: 1293561938 ns, Reaching safepoint: 82401 ns, At safepoint: 2420940 ns, Total: 2503341 ns
[4913.042s][info ][safepoint      ] Safepoint "Cleanup", Time since last: 1000087820 ns, Reaching safepoint: 47801 ns, At safepoint: 13400 ns, Total: 61201 ns
[4916.043s][info ][safepoint      ] Safepoint "Cleanup", Time since last: 3000265760 ns, Reaching safepoint: 48701 ns, At safepoint: 6100 ns, Total: 54801 ns
[4917.043s][info ][safepoint      ] Safepoint "Cleanup", Time since last: 1000094021 ns, Reaching safepoint: 120902 ns, At safepoint: 13300 ns, Total: 134202 ns
[4920.043s][info ][safepoint      ] Safepoint "Cleanup", Time since last: 3000260560 ns, Reaching safepoint: 50301 ns, At safepoint: 3600 ns, Total: 53901 ns
[4923.043s][info ][safepoint      ] Safepoint "Cleanup", Time since last: 3000243561 ns, Reaching safepoint: 126602 ns, At safepoint: 8900 ns, Total: 135502 ns
[4923.251s][info ][gc,start       ] GC(330) Pause Young (Allocation Failure)
[4923.254s][debug][gc,phases      ] GC(330) Scavenge 3.766ms
[4923.254s][debug][gc,ref         ] GC(330) Skipped phase 1 of Reference Processing: no references
[4923.254s][debug][gc,ref         ] GC(330) Skipped phase 3 of Reference Processing: no references
[4923.254s][debug][gc,phases      ] GC(330) Reference Processing 0.031ms
[4923.255s][debug][gc,phases      ] GC(330) Weak Processing 0.664ms
[4923.255s][debug][gc,age         ] GC(330) Desired survivor size 4718592 bytes, new threshold 15 (max threshold 15)
[4923.255s][info ][gc,heap        ] GC(330) PSYoungGen: 2088112K(2092032K)->1296K(2092032K) Eden: 2086912K(2086912K)->0K(2086912K) From: 1200K(5120K)->1296K(5120K)
[4923.255s][info ][gc,heap        ] GC(330) ParOldGen: 423861K(507904K)->423861K(507904K)
[4923.255s][info ][gc,metaspace   ] GC(330) Metaspace: 78746K(79552K)->78746K(79552K) NonClass: 68100K(68544K)->68100K(68544K) Class: 10645K(11008K)->10645K(11008K)
[4923.255s][info ][gc             ] GC(330) Pause Young (Allocation Failure) 2453M->415M(2539M) 4.598ms
[4923.255s][info ][gc,cpu         ] GC(330) User=0.01s Sys=0.00s Real=0.00s
[4923.255s][info ][safepoint      ] Safepoint "ParallelGCFailedAllocation", Time since last: 207020499 ns, Reaching safepoint: 72501 ns, At safepoint: 4691777 ns, Total: 4764278 ns
[4925.255s][info ][safepoint      ] Safepoint "Cleanup", Time since last: 2000114040 ns, Reaching safepoint: 93901 ns, At safepoint: 9300 ns, Total: 103201 ns
[4926.256s][info ][safepoint      ] Safepoint "Cleanup", Time since last: 1000114121 ns, Reaching safepoint: 58001 ns, At safepoint: 9700 ns, Total: 67701 ns
[4930.256s][info ][safepoint      ] Safepoint "Cleanup", Time since last: 4000302181 ns, Reaching safepoint: 39001 ns, At safepoint: 2300 ns, Total: 41301 ns
[4933.046s][info ][gc,start       ] GC(331) Pause Young (Allocation Failure)
[4933.048s][debug][gc,phases      ] GC(331) Scavenge 2.025ms
[4933.048s][debug][gc,ref         ] GC(331) Skipped phase 1 of Reference Processing: no references
[4933.048s][debug][gc,ref         ] GC(331) Skipped phase 2 of Reference Processing: no references
[4933.048s][debug][gc,ref         ] GC(331) Skipped phase 3 of Reference Processing: no references
[4933.048s][debug][gc,ref         ] GC(331) Skipped phase 4 of Reference Processing: no references
[4933.048s][debug][gc,phases      ] GC(331) Reference Processing 0.023ms
[4933.048s][debug][gc,phases      ] GC(331) Weak Processing 0.545ms
[4933.048s][debug][gc,age         ] GC(331) Desired survivor size 4718592 bytes, new threshold 15 (max threshold 15)
[4933.048s][info ][gc,heap        ] GC(331) PSYoungGen: 2088208K(2092032K)->1328K(2092544K) Eden: 2086912K(2086912K)->0K(2087936K) From: 1296K(5120K)->1328K(4608K)
[4933.048s][info ][gc,heap        ] GC(331) ParOldGen: 423861K(507904K)->423861K(507904K)
[4933.048s][info ][gc,metaspace   ] GC(331) Metaspace: 78757K(79552K)->78757K(79552K) NonClass: 68112K(68544K)->68112K(68544K) Class: 10645K(11008K)->10645K(11008K)
[4933.048s][info ][gc             ] GC(331) Pause Young (Allocation Failure) 2453M->415M(2539M) 2.712ms
[4933.048s][info ][gc,cpu         ] GC(331) User=0.01s Sys=0.00s Real=0.00s
[4933.048s][info ][safepoint      ] Safepoint "ParallelGCFailedAllocation", Time since last: 2789580202 ns, Reaching safepoint: 107601 ns, At safepoint: 2792646 ns, Total: 2900247 ns
[4936.049s][info ][safepoint      ] Safepoint "Cleanup", Time since last: 3000232561 ns, Reaching safepoint: 114502 ns, At safepoint: 7800 ns, Total: 122302 ns
[4938.049s][info ][safepoint      ] Safepoint "Cleanup", Time since last: 2000175241 ns, Reaching safepoint: 49201 ns, At safepoint: 14100 ns, Total: 63301 ns
[4939.049s][info ][safepoint      ] Safepoint "Cleanup", Time since last: 1000104421 ns, Reaching safepoint: 48801 ns, At safepoint: 4400 ns, Total: 53201 ns
[4940.049s][info ][safepoint      ] Safepoint "Cleanup", Time since last: 1000107021 ns, Reaching safepoint: 43801 ns, At safepoint: 14300 ns, Total: 58101 ns
[4943.088s][info ][gc,start       ] GC(332) Pause Young (Allocation Failure)
[4943.090s][debug][gc,phases      ] GC(332) Scavenge 2.011ms
[4943.090s][debug][gc,ref         ] GC(332) Skipped phase 1 of Reference Processing: no references
[4943.090s][debug][gc,ref         ] GC(332) Skipped phase 2 of Reference Processing: no references
[4943.090s][debug][gc,ref         ] GC(332) Skipped phase 3 of Reference Processing: no references
[4943.090s][debug][gc,ref         ] GC(332) Skipped phase 4 of Reference Processing: no references
[4943.090s][debug][gc,phases      ] GC(332) Reference Processing 0.021ms
[4943.091s][debug][gc,phases      ] GC(332) Weak Processing 0.491ms
[4943.091s][debug][gc,age         ] GC(332) Desired survivor size 4194304 bytes, new threshold 15 (max threshold 15)
[4943.091s][info ][gc,heap        ] GC(332) PSYoungGen: 2089264K(2092544K)->1280K(2092544K) Eden: 2087936K(2087936K)->0K(2087936K) From: 1328K(4608K)->1280K(4608K)
[4943.091s][info ][gc,heap        ] GC(332) ParOldGen: 423861K(507904K)->423861K(507904K)
[4943.091s][info ][gc,metaspace   ] GC(332) Metaspace: 78759K(79552K)->78759K(79552K) NonClass: 68114K(68544K)->68114K(68544K) Class: 10645K(11008K)->10645K(11008K)
[4943.091s][info ][gc             ] GC(332) Pause Young (Allocation Failure) 2454M->415M(2539M) 2.659ms
[4943.091s][info ][gc,cpu         ] GC(332) User=0.01s Sys=0.00s Real=0.00s
[4943.091s][info ][safepoint      ] Safepoint "ParallelGCFailedAllocation", Time since last: 3038560491 ns, Reaching safepoint: 66601 ns, At safepoint: 2748045 ns, Total: 2814646 ns
[4944.091s][info ][safepoint      ] Safepoint "Cleanup", Time since last: 1000089721 ns, Reaching safepoint: 94301 ns, At safepoint: 10400 ns, Total: 104701 ns
[4946.091s][info ][safepoint      ] Safepoint "Cleanup", Time since last: 2000176942 ns, Reaching safepoint: 65001 ns, At safepoint: 11000 ns, Total: 76001 ns
[4951.092s][info ][safepoint      ] Safepoint "Cleanup", Time since last: 5000383903 ns, Reaching safepoint: 129502 ns, At safepoint: 10000 ns, Total: 139502 ns
[4952.788s][info ][gc,start       ] GC(333) Pause Young (Allocation Failure)
[4952.790s][debug][gc,phases      ] GC(333) Scavenge 1.983ms
[4952.790s][debug][gc,ref         ] GC(333) Skipped phase 1 of Reference Processing: no references
[4952.790s][debug][gc,ref         ] GC(333) Skipped phase 2 of Reference Processing: no references
[4952.790s][debug][gc,ref         ] GC(333) Skipped phase 3 of Reference Processing: no references
[4952.790s][debug][gc,ref         ] GC(333) Skipped phase 4 of Reference Processing: no references
[4952.790s][debug][gc,phases      ] GC(333) Reference Processing 0.022ms
[4952.791s][debug][gc,phases      ] GC(333) Weak Processing 0.554ms
[4952.791s][debug][gc,age         ] GC(333) Desired survivor size 4194304 bytes, new threshold 15 (max threshold 15)
[4952.791s][info ][gc,heap        ] GC(333) PSYoungGen: 2089216K(2092544K)->1376K(2093056K) Eden: 2087936K(2087936K)->0K(2088960K) From: 1280K(4608K)->1376K(4096K)
[4952.791s][info ][gc,heap        ] GC(333) ParOldGen: 423861K(507904K)->423861K(507904K)
[4952.791s][info ][gc,metaspace   ] GC(333) Metaspace: 78764K(79552K)->78764K(79552K) NonClass: 68118K(68544K)->68118K(68544K) Class: 10645K(11008K)->10645K(11008K)
[4952.791s][info ][gc             ] GC(333) Pause Young (Allocation Failure) 2454M->415M(2540M) 2.682ms
[4952.791s][info ][gc,cpu         ] GC(333) User=0.01s Sys=0.00s Real=0.00s
[4952.791s][info ][safepoint      ] Safepoint "ParallelGCFailedAllocation", Time since last: 1696111949 ns, Reaching safepoint: 60301 ns, At safepoint: 2790146 ns, Total: 2850447 ns
[4955.791s][info ][safepoint      ] Safepoint "Cleanup", Time since last: 3000224262 ns, Reaching safepoint: 56701 ns, At safepoint: 3300 ns, Total: 60001 ns
[4956.791s][info ][safepoint      ] Safepoint "Cleanup", Time since last: 1000126921 ns, Reaching safepoint: 57801 ns, At safepoint: 10601 ns, Total: 68402 ns
[4957.791s][info ][safepoint      ] Safepoint "Cleanup", Time since last: 1000080920 ns, Reaching safepoint: 66601 ns, At safepoint: 9001 ns, Total: 75602 ns
[4958.791s][info ][safepoint      ] Safepoint "Cleanup", Time since last: 1000104221 ns, Reaching safepoint: 56501 ns, At safepoint: 9300 ns, Total: 65801 ns
[4959.792s][info ][safepoint      ] Safepoint "Cleanup", Time since last: 1000111221 ns, Reaching safepoint: 56601 ns, At safepoint: 8000 ns, Total: 64601 ns
[4962.792s][info ][safepoint      ] Safepoint "Cleanup", Time since last: 3000257163 ns, Reaching safepoint: 46401 ns, At safepoint: 3100 ns, Total: 49501 ns
[4963.789s][info ][gc,start       ] GC(334) Pause Young (Allocation Failure)
[4963.791s][debug][gc,phases      ] GC(334) Scavenge 1.881ms
[4963.791s][debug][gc,ref         ] GC(334) Skipped phase 1 of Reference Processing: no references
[4963.791s][debug][gc,ref         ] GC(334) Skipped phase 2 of Reference Processing: no references
[4963.791s][debug][gc,ref         ] GC(334) Skipped phase 3 of Reference Processing: no references
[4963.791s][debug][gc,ref         ] GC(334) Skipped phase 4 of Reference Processing: no references
[4963.791s][debug][gc,phases      ] GC(334) Reference Processing 0.022ms
[4963.791s][debug][gc,phases      ] GC(334) Weak Processing 0.500ms
[4963.791s][debug][gc,age         ] GC(334) Desired survivor size 4194304 bytes, new threshold 15 (max threshold 15)
[4963.791s][info ][gc,heap        ] GC(334) PSYoungGen: 2090336K(2093056K)->1360K(2093056K) Eden: 2088960K(2088960K)->0K(2088960K) From: 1376K(4096K)->1360K(4096K)
[4963.791s][info ][gc,heap        ] GC(334) ParOldGen: 423861K(507904K)->423861K(507904K)
[4963.791s][info ][gc,metaspace   ] GC(334) Metaspace: 78767K(79552K)->78767K(79552K) NonClass: 68122K(68544K)->68122K(68544K) Class: 10645K(11008K)->10645K(11008K)
[4963.792s][info ][gc             ] GC(334) Pause Young (Allocation Failure) 2455M->415M(2540M) 2.527ms
[4963.792s][info ][gc,cpu         ] GC(334) User=0.01s Sys=0.00s Real=0.00s
[4963.792s][info ][safepoint      ] Safepoint "ParallelGCFailedAllocation", Time since last: 996873668 ns, Reaching safepoint: 80302 ns, At safepoint: 2612242 ns, Total: 2692544 ns
[4966.792s][info ][safepoint      ] Safepoint "Cleanup", Time since last: 3000234563 ns, Reaching safepoint: 56401 ns, At safepoint: 8700 ns, Total: 65101 ns
[4967.792s][info ][safepoint      ] Safepoint "Cleanup", Time since last: 1000060921 ns, Reaching safepoint: 49001 ns, At safepoint: 7700 ns, Total: 56701 ns
[4970.792s][info ][safepoint      ] Safepoint "Cleanup", Time since last: 3000251563 ns, Reaching safepoint: 65401 ns, At safepoint: 5500 ns, Total: 70901 ns
[4971.792s][info ][safepoint      ] Safepoint "Cleanup", Time since last: 1000116622 ns, Reaching safepoint: 48201 ns, At safepoint: 7600 ns, Total: 55801 ns
[4972.793s][info ][safepoint      ] Safepoint "Cleanup", Time since last: 1000110121 ns, Reaching safepoint: 56801 ns, At safepoint: 2700 ns, Total: 59501 ns
[4976.793s][info ][safepoint      ] Safepoint "Cleanup", Time since last: 4000299184 ns, Reaching safepoint: 68201 ns, At safepoint: 7201 ns, Total: 75402 ns
[4977.793s][info ][safepoint      ] Safepoint "Cleanup", Time since last: 1000105221 ns, Reaching safepoint: 47701 ns, At safepoint: 6900 ns, Total: 54601 ns
[4978.932s][info ][gc,start       ] GC(335) Pause Young (Allocation Failure)
[4978.934s][debug][gc,phases      ] GC(335) Scavenge 2.112ms
[4978.934s][debug][gc,ref         ] GC(335) Skipped phase 1 of Reference Processing: no references
[4978.934s][debug][gc,ref         ] GC(335) Skipped phase 2 of Reference Processing: no references
[4978.934s][debug][gc,ref         ] GC(335) Skipped phase 3 of Reference Processing: no references
[4978.934s][debug][gc,ref         ] GC(335) Skipped phase 4 of Reference Processing: no references
[4978.934s][debug][gc,phases      ] GC(335) Reference Processing 0.050ms
[4978.935s][debug][gc,phases      ] GC(335) Weak Processing 0.496ms
[4978.935s][debug][gc,age         ] GC(335) Desired survivor size 3670016 bytes, new threshold 15 (max threshold 15)
[4978.935s][info ][gc,heap        ] GC(335) PSYoungGen: 2090320K(2093056K)->1312K(2093568K) Eden: 2088960K(2088960K)->0K(2089472K) From: 1360K(4096K)->1312K(4096K)
[4978.935s][info ][gc,heap        ] GC(335) ParOldGen: 423861K(507904K)->423861K(507904K)
[4978.935s][info ][gc,metaspace   ] GC(335) Metaspace: 78769K(79552K)->78769K(79552K) NonClass: 68123K(68544K)->68123K(68544K) Class: 10645K(11008K)->10645K(11008K)
[4978.935s][info ][gc             ] GC(335) Pause Young (Allocation Failure) 2455M->415M(2540M) 2.785ms
[4978.935s][info ][gc,cpu         ] GC(335) User=0.01s Sys=0.00s Real=0.00s
[4978.935s][info ][safepoint      ] Safepoint "ParallelGCFailedAllocation", Time since last: 1138918401 ns, Reaching safepoint: 111602 ns, At safepoint: 2864647 ns, Total: 2976249 ns
[4984.936s][info ][safepoint      ] Safepoint "Cleanup", Time since last: 6000461627 ns, Reaching safepoint: 118502 ns, At safepoint: 9700 ns, Total: 128202 ns
[4991.936s][info ][safepoint      ] Safepoint "Cleanup", Time since last: 7000546506 ns, Reaching safepoint: 140503 ns, At safepoint: 6600 ns, Total: 147103 ns
[4995.937s][info ][safepoint      ] Safepoint "Cleanup", Time since last: 4000318272 ns, Reaching safepoint: 38800 ns, At safepoint: 7601 ns, Total: 46401 ns
[4997.839s][info ][gc,start       ] GC(336) Pause Young (Allocation Failure)
[4997.841s][debug][gc,phases      ] GC(336) Scavenge 2.050ms
[4997.841s][debug][gc,ref         ] GC(336) Skipped phase 1 of Reference Processing: no references
[4997.841s][debug][gc,ref         ] GC(336) Skipped phase 2 of Reference Processing: no references
[4997.841s][debug][gc,ref         ] GC(336) Skipped phase 3 of Reference Processing: no references
[4997.841s][debug][gc,ref         ] GC(336) Skipped phase 4 of Reference Processing: no references
[4997.841s][debug][gc,phases      ] GC(336) Reference Processing 0.029ms
[4997.841s][debug][gc,phases      ] GC(336) Weak Processing 0.678ms
[4997.842s][debug][gc,age         ] GC(336) Desired survivor size 3670016 bytes, new threshold 15 (max threshold 15)
[4997.842s][info ][gc,heap        ] GC(336) PSYoungGen: 2090784K(2093568K)->1328K(2093056K) Eden: 2089472K(2089472K)->0K(2089472K) From: 1312K(4096K)->1328K(3584K)
[4997.842s][info ][gc,heap        ] GC(336) ParOldGen: 423861K(507904K)->423861K(507904K)
[4997.842s][info ][gc,metaspace   ] GC(336) Metaspace: 78770K(79552K)->78770K(79552K) NonClass: 68125K(68544K)->68125K(68544K) Class: 10645K(11008K)->10645K(11008K)
[4997.842s][info ][gc             ] GC(336) Pause Young (Allocation Failure) 2455M->415M(2540M) 2.906ms
[4997.842s][info ][gc,cpu         ] GC(336) User=0.01s Sys=0.00s Real=0.00s
[4997.842s][info ][safepoint      ] Safepoint "ParallelGCFailedAllocation", Time since last: 1901876271 ns, Reaching safepoint: 31701 ns, At safepoint: 2986348 ns, Total: 3018049 ns
[5000.842s][info ][safepoint      ] Safepoint "Cleanup", Time since last: 3000225018 ns, Reaching safepoint: 58101 ns, At safepoint: 2900 ns, Total: 61001 ns
[5007.842s][info ][safepoint      ] Safepoint "Cleanup", Time since last: 7000535739 ns, Reaching safepoint: 47800 ns, At safepoint: 8401 ns, Total: 56201 ns
[5012.843s][info ][safepoint      ] Safepoint "Cleanup", Time since last: 5000367110 ns, Reaching safepoint: 52201 ns, At safepoint: 6400 ns, Total: 58601 ns
[5013.843s][info ][safepoint      ] Safepoint "Cleanup", Time since last: 1000112285 ns, Reaching safepoint: 137702 ns, At safepoint: 18900 ns, Total: 156602 ns
[5015.843s][info ][safepoint      ] Safepoint "Cleanup", Time since last: 2000181173 ns, Reaching safepoint: 57401 ns, At safepoint: 3400 ns, Total: 60801 ns
[5016.476s][info ][gc,start       ] GC(337) Pause Young (Allocation Failure)
[5016.478s][debug][gc,phases      ] GC(337) Scavenge 1.950ms
[5016.478s][debug][gc,ref         ] GC(337) Skipped phase 1 of Reference Processing: no references
[5016.478s][debug][gc,ref         ] GC(337) Skipped phase 2 of Reference Processing: no references
[5016.478s][debug][gc,ref         ] GC(337) Skipped phase 3 of Reference Processing: no references
[5016.478s][debug][gc,ref         ] GC(337) Skipped phase 4 of Reference Processing: no references
[5016.478s][debug][gc,phases      ] GC(337) Reference Processing 0.030ms
[5016.479s][debug][gc,phases      ] GC(337) Weak Processing 0.698ms
[5016.479s][debug][gc,age         ] GC(337) Desired survivor size 3670016 bytes, new threshold 15 (max threshold 15)
[5016.479s][info ][gc,heap        ] GC(337) PSYoungGen: 2090799K(2093056K)->1776K(2093568K) Eden: 2089471K(2089472K)->0K(2089984K) From: 1328K(3584K)->1776K(3584K)
[5016.479s][info ][gc,heap        ] GC(337) ParOldGen: 423861K(507904K)->423861K(507904K)
[5016.479s][info ][gc,metaspace   ] GC(337) Metaspace: 78771K(79552K)->78771K(79552K) NonClass: 68126K(68544K)->68126K(68544K) Class: 10645K(11008K)->10645K(11008K)
[5016.479s][info ][gc             ] GC(337) Pause Young (Allocation Failure) 2455M->415M(2540M) 2.852ms
[5016.479s][info ][gc,cpu         ] GC(337) User=0.00s Sys=0.00s Real=0.00s
[5016.479s][info ][safepoint      ] Safepoint "ParallelGCFailedAllocation", Time since last: 632892117 ns, Reaching safepoint: 46201 ns, At safepoint: 2952847 ns, Total: 2999048 ns
[5027.480s][info ][safepoint      ] Safepoint "Cleanup", Time since last: 11000773109 ns, Reaching safepoint: 79201 ns, At safepoint: 10701 ns, Total: 89902 ns
[5037.487s][info ][gc,start       ] GC(338) Pause Young (Allocation Failure)
[5037.489s][debug][gc,phases      ] GC(338) Scavenge 2.040ms
[5037.489s][debug][gc,ref         ] GC(338) Skipped phase 1 of Reference Processing: no references
[5037.489s][debug][gc,ref         ] GC(338) Skipped phase 2 of Reference Processing: no references
[5037.489s][debug][gc,ref         ] GC(338) Skipped phase 3 of Reference Processing: no references
[5037.489s][debug][gc,ref         ] GC(338) Skipped phase 4 of Reference Processing: no references
[5037.489s][debug][gc,phases      ] GC(338) Reference Processing 0.023ms
[5037.489s][debug][gc,phases      ] GC(338) Weak Processing 0.494ms
[5037.489s][debug][gc,age         ] GC(338) Desired survivor size 3670016 bytes, new threshold 15 (max threshold 15)
[5037.489s][info ][gc,heap        ] GC(338) PSYoungGen: 2091760K(2093568K)->1344K(2093568K) Eden: 2089984K(2089984K)->0K(2089984K) From: 1776K(3584K)->1344K(3584K)
[5037.489s][info ][gc,heap        ] GC(338) ParOldGen: 423861K(507904K)->423861K(507904K)
[5037.489s][info ][gc,metaspace   ] GC(338) Metaspace: 78772K(79552K)->78772K(79552K) NonClass: 68127K(68544K)->68127K(68544K) Class: 10645K(11008K)->10645K(11008K)
[5037.489s][info ][gc             ] GC(338) Pause Young (Allocation Failure) 2456M->415M(2540M) 2.682ms
[5037.489s][info ][gc,cpu         ] GC(338) User=0.01s Sys=0.00s Real=0.00s
[5037.489s][info ][safepoint      ] Safepoint "ParallelGCFailedAllocation", Time since last: 10006338193 ns, Reaching safepoint: 28500 ns, At safepoint: 2753944 ns, Total: 2782444 ns
[5042.490s][info ][safepoint      ] Safepoint "Cleanup", Time since last: 5000369633 ns, Reaching safepoint: 123102 ns, At safepoint: 12000 ns, Total: 135102 ns
[5056.491s][info ][safepoint      ] Safepoint "Cleanup", Time since last: 14000970494 ns, Reaching safepoint: 65001 ns, At safepoint: 8300 ns, Total: 73301 ns
[5058.818s][info ][gc,start       ] GC(339) Pause Young (Allocation Failure)
[5058.820s][debug][gc,phases      ] GC(339) Scavenge 2.107ms
[5058.820s][debug][gc,ref         ] GC(339) Skipped phase 1 of Reference Processing: no references
[5058.820s][debug][gc,ref         ] GC(339) Skipped phase 2 of Reference Processing: no references
[5058.820s][debug][gc,ref         ] GC(339) Skipped phase 3 of Reference Processing: no references
[5058.820s][debug][gc,ref         ] GC(339) Skipped phase 4 of Reference Processing: no references
[5058.820s][debug][gc,phases      ] GC(339) Reference Processing 0.039ms
[5058.820s][debug][gc,phases      ] GC(339) Weak Processing 0.647ms
[5058.820s][debug][gc,age         ] GC(339) Desired survivor size 3145728 bytes, new threshold 15 (max threshold 15)
[5058.820s][info ][gc,heap        ] GC(339) PSYoungGen: 2091328K(2093568K)->1456K(2094080K) Eden: 2089984K(2089984K)->0K(2090496K) From: 1344K(3584K)->1456K(3584K)
[5058.820s][info ][gc,heap        ] GC(339) ParOldGen: 423861K(507904K)->423861K(507904K)
[5058.820s][info ][gc,metaspace   ] GC(339) Metaspace: 78772K(79552K)->78772K(79552K) NonClass: 68127K(68544K)->68127K(68544K) Class: 10645K(11008K)->10645K(11008K)
[5058.820s][info ][gc             ] GC(339) Pause Young (Allocation Failure) 2456M->415M(2541M) 2.914ms
[5058.820s][info ][gc,cpu         ] GC(339) User=0.00s Sys=0.01s Real=0.00s
[5058.821s][info ][safepoint      ] Safepoint "ParallelGCFailedAllocation", Time since last: 2326645471 ns, Reaching safepoint: 27900 ns, At safepoint: 2997848 ns, Total: 3025748 ns
[5065.821s][info ][safepoint      ] Safepoint "Cleanup", Time since last: 7000482467 ns, Reaching safepoint: 65301 ns, At safepoint: 3700 ns, Total: 69001 ns
[5079.884s][info ][gc,start       ] GC(340) Pause Young (Allocation Failure)
[5079.890s][debug][gc,phases      ] GC(340) Scavenge 5.729ms
[5079.890s][debug][gc,ref         ] GC(340) Skipped phase 1 of Reference Processing: no references
[5079.890s][debug][gc,ref         ] GC(340) Skipped phase 2 of Reference Processing: no references
[5079.890s][debug][gc,ref         ] GC(340) Skipped phase 3 of Reference Processing: no references
[5079.890s][debug][gc,ref         ] GC(340) Skipped phase 4 of Reference Processing: no references
[5079.890s][debug][gc,phases      ] GC(340) Reference Processing 0.029ms
[5079.891s][debug][gc,phases      ] GC(340) Weak Processing 0.702ms
[5079.891s][debug][gc,age         ] GC(340) Desired survivor size 3145728 bytes, new threshold 15 (max threshold 15)
[5079.891s][info ][gc,heap        ] GC(340) PSYoungGen: 2091952K(2094080K)->1504K(2093568K) Eden: 2090496K(2090496K)->0K(2090496K) From: 1456K(3584K)->1504K(3072K)
[5079.891s][info ][gc,heap        ] GC(340) ParOldGen: 423861K(507904K)->423861K(507904K)
[5079.891s][info ][gc,metaspace   ] GC(340) Metaspace: 78772K(79552K)->78772K(79552K) NonClass: 68127K(68544K)->68127K(68544K) Class: 10645K(11008K)->10645K(11008K)
[5079.891s][info ][gc             ] GC(340) Pause Young (Allocation Failure) 2456M->415M(2540M) 6.643ms
[5079.891s][info ][gc,cpu         ] GC(340) User=0.01s Sys=0.00s Real=0.00s
[5079.891s][info ][safepoint      ] Safepoint "ParallelGCFailedAllocation", Time since last: 14063252443 ns, Reaching safepoint: 61501 ns, At safepoint: 6757408 ns, Total: 6818909 ns
[5082.908s][info ][safepoint      ] Safepoint "Cleanup", Time since last: 3000230115 ns, Reaching safepoint: 17020273 ns, At safepoint: 44900 ns, Total: 17065173 ns
[5093.909s][info ][safepoint      ] Safepoint "Cleanup", Time since last: 11000788476 ns, Reaching safepoint: 109302 ns, At safepoint: 11700 ns, Total: 121002 ns
[5100.532s][info ][gc,start       ] GC(341) Pause Young (Allocation Failure)
[5100.537s][debug][gc,phases      ] GC(341) Scavenge 4.182ms
[5100.537s][debug][gc,ref         ] GC(341) Skipped phase 1 of Reference Processing: no references
[5100.537s][debug][gc,ref         ] GC(341) Skipped phase 3 of Reference Processing: no references
[5100.537s][debug][gc,phases      ] GC(341) Reference Processing 0.022ms
[5100.537s][debug][gc,phases      ] GC(341) Weak Processing 0.566ms
[5100.537s][debug][gc,age         ] GC(341) Desired survivor size 5767168 bytes, new threshold 14 (max threshold 15)
[5100.537s][info ][gc,heap        ] GC(341) PSYoungGen: 2092000K(2093568K)->3056K(2088960K) Eden: 2090496K(2090496K)->0K(2085888K) From: 1504K(3072K)->3056K(3072K)
[5100.537s][info ][gc,heap        ] GC(341) ParOldGen: 423861K(507904K)->429520K(507904K)
[5100.537s][info ][gc,metaspace   ] GC(341) Metaspace: 78773K(79552K)->78773K(79552K) NonClass: 68128K(68544K)->68128K(68544K) Class: 10645K(11008K)->10645K(11008K)
[5100.537s][info ][gc             ] GC(341) Pause Young (Allocation Failure) 2456M->422M(2536M) 4.921ms
[5100.537s][info ][gc,cpu         ] GC(341) User=0.02s Sys=0.00s Real=0.01s
[5100.537s][info ][safepoint      ] Safepoint "ParallelGCFailedAllocation", Time since last: 6622881687 ns, Reaching safepoint: 101102 ns, At safepoint: 5002080 ns, Total: 5103182 ns
[5101.537s][info ][safepoint      ] Safepoint "Cleanup", Time since last: 1000058452 ns, Reaching safepoint: 47701 ns, At safepoint: 7700 ns, Total: 55401 ns
[5102.538s][info ][safepoint      ] Safepoint "Cleanup", Time since last: 1000106954 ns, Reaching safepoint: 113301 ns, At safepoint: 5200 ns, Total: 118501 ns
[5105.538s][info ][safepoint      ] Safepoint "Cleanup", Time since last: 3000236564 ns, Reaching safepoint: 39901 ns, At safepoint: 15200 ns, Total: 55101 ns
[5110.538s][info ][safepoint      ] Safepoint "Cleanup", Time since last: 5000400687 ns, Reaching safepoint: 49001 ns, At safepoint: 7900 ns, Total: 56901 ns
[5112.539s][info ][safepoint      ] Safepoint "Cleanup", Time since last: 2000205620 ns, Reaching safepoint: 67701 ns, At safepoint: 11700 ns, Total: 79401 ns
[5121.717s][info ][gc,start       ] GC(342) Pause Young (Allocation Failure)
[5121.719s][debug][gc,phases      ] GC(342) Scavenge 1.977ms
[5121.719s][debug][gc,ref         ] GC(342) Skipped phase 1 of Reference Processing: no references
[5121.719s][debug][gc,ref         ] GC(342) Skipped phase 3 of Reference Processing: no references
[5121.719s][debug][gc,phases      ] GC(342) Reference Processing 0.020ms
[5121.720s][debug][gc,phases      ] GC(342) Weak Processing 0.491ms
[5121.720s][debug][gc,age         ] GC(342) Desired survivor size 5767168 bytes, new threshold 15 (max threshold 15)
[5121.720s][info ][gc,heap        ] GC(342) PSYoungGen: 2088944K(2088960K)->3440K(2091520K) Eden: 2085888K(2085888K)->0K(2085888K) From: 3056K(3072K)->3440K(5632K)
[5121.720s][info ][gc,heap        ] GC(342) ParOldGen: 429520K(507904K)->429544K(507904K)
[5121.720s][info ][gc,metaspace   ] GC(342) Metaspace: 78775K(79552K)->78775K(79552K) NonClass: 68129K(68544K)->68129K(68544K) Class: 10645K(11008K)->10645K(11008K)
[5121.720s][info ][gc             ] GC(342) Pause Young (Allocation Failure) 2459M->422M(2538M) 2.609ms
[5121.720s][info ][gc,cpu         ] GC(342) User=0.01s Sys=0.00s Real=0.00s
[5121.720s][info ][safepoint      ] Safepoint "ParallelGCFailedAllocation", Time since last: 9178468928 ns, Reaching safepoint: 28901 ns, At safepoint: 2680543 ns, Total: 2709444 ns
[5123.720s][info ][safepoint      ] Safepoint "Cleanup", Time since last: 2000140735 ns, Reaching safepoint: 128302 ns, At safepoint: 7300 ns, Total: 135602 ns
[5142.686s][info ][gc,start       ] GC(343) Pause Young (Allocation Failure)
[5142.688s][debug][gc,phases      ] GC(343) Scavenge 1.991ms
[5142.688s][debug][gc,ref         ] GC(343) Skipped phase 1 of Reference Processing: no references
[5142.688s][debug][gc,ref         ] GC(343) Skipped phase 3 of Reference Processing: no references
[5142.688s][debug][gc,phases      ] GC(343) Reference Processing 0.023ms
[5142.689s][debug][gc,phases      ] GC(343) Weak Processing 0.482ms
[5142.689s][debug][gc,age         ] GC(343) Desired survivor size 5767168 bytes, new threshold 15 (max threshold 15)
[5142.689s][info ][gc,heap        ] GC(343) PSYoungGen: 2089328K(2091520K)->3472K(2091520K) Eden: 2085888K(2085888K)->0K(2085888K) From: 3440K(5632K)->3472K(5632K)
[5142.689s][info ][gc,heap        ] GC(343) ParOldGen: 429544K(507904K)->429544K(507904K)
[5142.689s][info ][gc,metaspace   ] GC(343) Metaspace: 78777K(79552K)->78777K(79552K) NonClass: 68131K(68544K)->68131K(68544K) Class: 10645K(11008K)->10645K(11008K)
[5142.689s][info ][gc             ] GC(343) Pause Young (Allocation Failure) 2459M->422M(2538M) 2.624ms
[5142.689s][info ][gc,cpu         ] GC(343) User=0.00s Sys=0.00s Real=0.00s
[5142.689s][info ][safepoint      ] Safepoint "ParallelGCFailedAllocation", Time since last: 18966072546 ns, Reaching safepoint: 48301 ns, At safepoint: 2704143 ns, Total: 2752444 ns
[5149.690s][info ][safepoint      ] Safepoint "Cleanup", Time since last: 7000862286 ns, Reaching safepoint: 75002 ns, At safepoint: 6400 ns, Total: 81402 ns
[5164.134s][info ][gc,start       ] GC(344) Pause Young (Allocation Failure)
[5164.136s][debug][gc,phases      ] GC(344) Scavenge 2.302ms
[5164.136s][debug][gc,ref         ] GC(344) Skipped phase 1 of Reference Processing: no references
[5164.136s][debug][gc,ref         ] GC(344) Skipped phase 3 of Reference Processing: no references
[5164.136s][debug][gc,phases      ] GC(344) Reference Processing 0.029ms
[5164.137s][debug][gc,phases      ] GC(344) Weak Processing 0.689ms
[5164.137s][debug][gc,age         ] GC(344) Desired survivor size 6291456 bytes, new threshold 15 (max threshold 15)
[5164.137s][info ][gc,heap        ] GC(344) PSYoungGen: 2089360K(2091520K)->3472K(2089472K) Eden: 2085888K(2085888K)->0K(2085888K) From: 3472K(5632K)->3472K(3584K)
[5164.137s][info ][gc,heap        ] GC(344) ParOldGen: 429544K(507904K)->429560K(507904K)
[5164.137s][info ][gc,metaspace   ] GC(344) Metaspace: 78779K(79552K)->78779K(79552K) NonClass: 68134K(68544K)->68134K(68544K) Class: 10645K(11008K)->10645K(11008K)
[5164.137s][info ][gc             ] GC(344) Pause Young (Allocation Failure) 2459M->422M(2536M) 3.183ms
[5164.137s][info ][gc,cpu         ] GC(344) User=0.01s Sys=0.00s Real=0.01s
[5164.137s][info ][safepoint      ] Safepoint "ParallelGCFailedAllocation", Time since last: 14443850982 ns, Reaching safepoint: 108601 ns, At safepoint: 3287153 ns, Total: 3395754 ns
[5178.138s][info ][safepoint      ] Safepoint "Cleanup", Time since last: 14001048083 ns, Reaching safepoint: 66901 ns, At safepoint: 6700 ns, Total: 73601 ns
[5179.138s][info ][safepoint      ] Safepoint "Cleanup", Time since last: 1000102204 ns, Reaching safepoint: 45401 ns, At safepoint: 3200 ns, Total: 48601 ns
[5181.139s][info ][safepoint      ] Safepoint "Cleanup", Time since last: 2000181909 ns, Reaching safepoint: 141802 ns, At safepoint: 7300 ns, Total: 149102 ns
[5182.666s][info ][gc,start       ] GC(345) Pause Young (Allocation Failure)
[5182.668s][debug][gc,phases      ] GC(345) Scavenge 2.425ms
[5182.668s][debug][gc,ref         ] GC(345) Skipped phase 1 of Reference Processing: no references
[5182.668s][debug][gc,ref         ] GC(345) Skipped phase 3 of Reference Processing: no references
[5182.669s][debug][gc,phases      ] GC(345) Reference Processing 0.021ms
[5182.669s][debug][gc,phases      ] GC(345) Weak Processing 0.506ms
[5182.669s][debug][gc,age         ] GC(345) Desired survivor size 6291456 bytes, new threshold 15 (max threshold 15)
[5182.669s][info ][gc,heap        ] GC(345) PSYoungGen: 2089360K(2089472K)->3840K(2091008K) Eden: 2085888K(2085888K)->0K(2084864K) From: 3472K(3584K)->3840K(6144K)
[5182.669s][info ][gc,heap        ] GC(345) ParOldGen: 429560K(507904K)->429584K(507904K)
[5182.669s][info ][gc,metaspace   ] GC(345) Metaspace: 78781K(79552K)->78781K(79552K) NonClass: 68136K(68544K)->68136K(68544K) Class: 10645K(11008K)->10645K(11008K)
[5182.669s][info ][gc             ] GC(345) Pause Young (Allocation Failure) 2459M->423M(2538M) 3.077ms
[5182.669s][info ][gc,cpu         ] GC(345) User=0.01s Sys=0.00s Real=0.00s
[5182.669s][info ][safepoint      ] Safepoint "ParallelGCFailedAllocation", Time since last: 1527111293 ns, Reaching safepoint: 72001 ns, At safepoint: 3156751 ns, Total: 3228752 ns
[5184.669s][info ][safepoint      ] Safepoint "Cleanup", Time since last: 2000140413 ns, Reaching safepoint: 49600 ns, At safepoint: 5601 ns, Total: 55201 ns
[5189.670s][info ][safepoint      ] Safepoint "Cleanup", Time since last: 5000413343 ns, Reaching safepoint: 40300 ns, At safepoint: 2900 ns, Total: 43200 ns
[5192.647s][info ][gc,start       ] GC(346) Pause Young (Allocation Failure)
[5192.649s][debug][gc,phases      ] GC(346) Scavenge 2.065ms
[5192.649s][debug][gc,ref         ] GC(346) Skipped phase 1 of Reference Processing: no references
[5192.649s][debug][gc,ref         ] GC(346) Skipped phase 2 of Reference Processing: no references
[5192.649s][debug][gc,ref         ] GC(346) Skipped phase 3 of Reference Processing: no references
[5192.649s][debug][gc,ref         ] GC(346) Skipped phase 4 of Reference Processing: no references
[5192.649s][debug][gc,phases      ] GC(346) Reference Processing 0.040ms
[5192.650s][debug][gc,phases      ] GC(346) Weak Processing 0.487ms
[5192.650s][debug][gc,age         ] GC(346) Desired survivor size 6291456 bytes, new threshold 15 (max threshold 15)
[5192.650s][info ][gc,heap        ] GC(346) PSYoungGen: 2088704K(2091008K)->3865K(2091008K) Eden: 2084864K(2084864K)->0K(2084864K) From: 3840K(6144K)->3865K(6144K)
[5192.650s][info ][gc,heap        ] GC(346) ParOldGen: 429584K(507904K)->429600K(507904K)
[5192.650s][info ][gc,metaspace   ] GC(346) Metaspace: 78782K(79552K)->78782K(79552K) NonClass: 68137K(68544K)->68137K(68544K) Class: 10645K(11008K)->10645K(11008K)
[5192.650s][info ][gc             ] GC(346) Pause Young (Allocation Failure) 2459M->423M(2538M) 2.714ms
[5192.650s][info ][gc,cpu         ] GC(346) User=0.01s Sys=0.00s Real=0.00s
[5192.650s][info ][safepoint      ] Safepoint "ParallelGCFailedAllocation", Time since last: 2977124261 ns, Reaching safepoint: 106402 ns, At safepoint: 2795145 ns, Total: 2901547 ns
[5193.650s][info ][safepoint      ] Safepoint "Cleanup", Time since last: 1000085712 ns, Reaching safepoint: 37801 ns, At safepoint: 7200 ns, Total: 45001 ns
[5195.650s][info ][safepoint      ] Safepoint "Cleanup", Time since last: 2000156726 ns, Reaching safepoint: 51201 ns, At safepoint: 2800 ns, Total: 54001 ns
[5199.650s][info ][safepoint      ] Safepoint "Cleanup", Time since last: 4000308059 ns, Reaching safepoint: 32800 ns, At safepoint: 7200 ns, Total: 40000 ns
[5200.735s][info ][gc,start       ] GC(347) Pause Young (Allocation Failure)
[5200.737s][debug][gc,phases      ] GC(347) Scavenge 2.364ms
[5200.737s][debug][gc,ref         ] GC(347) Skipped phase 1 of Reference Processing: no references
[5200.737s][debug][gc,ref         ] GC(347) Skipped phase 2 of Reference Processing: no references
[5200.737s][debug][gc,ref         ] GC(347) Skipped phase 3 of Reference Processing: no references
[5200.737s][debug][gc,ref         ] GC(347) Skipped phase 4 of Reference Processing: no references
[5200.737s][debug][gc,phases      ] GC(347) Reference Processing 0.023ms
[5200.738s][debug][gc,phases      ] GC(347) Weak Processing 0.525ms
[5200.738s][debug][gc,age         ] GC(347) Desired survivor size 6291456 bytes, new threshold 15 (max threshold 15)
[5200.738s][info ][gc,heap        ] GC(347) PSYoungGen: 2088729K(2091008K)->3856K(2091008K) Eden: 2084864K(2084864K)->0K(2084864K) From: 3865K(6144K)->3856K(6144K)
[5200.738s][info ][gc,heap        ] GC(347) ParOldGen: 429600K(507904K)->429632K(507904K)
[5200.738s][info ][gc,metaspace   ] GC(347) Metaspace: 78785K(79552K)->78785K(79552K) NonClass: 68140K(68544K)->68140K(68544K) Class: 10645K(11008K)->10645K(11008K)
[5200.738s][info ][gc             ] GC(347) Pause Young (Allocation Failure) 2459M->423M(2538M) 3.046ms
[5200.738s][info ][gc,cpu         ] GC(347) User=0.01s Sys=0.00s Real=0.01s
[5200.738s][info ][safepoint      ] Safepoint "ParallelGCFailedAllocation", Time since last: 1084380675 ns, Reaching safepoint: 30301 ns, At safepoint: 3120950 ns, Total: 3151251 ns
[5207.739s][info ][safepoint      ] Safepoint "Cleanup", Time since last: 7000458229 ns, Reaching safepoint: 118302 ns, At safepoint: 7400 ns, Total: 125702 ns
[5208.739s][info ][safepoint      ] Safepoint "Cleanup", Time since last: 1000100821 ns, Reaching safepoint: 119702 ns, At safepoint: 8200 ns, Total: 127902 ns
[5211.247s][info ][gc,start       ] GC(348) Pause Young (Allocation Failure)
[5211.251s][debug][gc,phases      ] GC(348) Scavenge 4.295ms
[5211.251s][debug][gc,ref         ] GC(348) Skipped phase 1 of Reference Processing: no references
[5211.251s][debug][gc,ref         ] GC(348) Skipped phase 3 of Reference Processing: no references
[5211.251s][debug][gc,phases      ] GC(348) Reference Processing 0.020ms
[5211.252s][debug][gc,phases      ] GC(348) Weak Processing 0.511ms
[5211.252s][debug][gc,age         ] GC(348) Desired survivor size 8912896 bytes, new threshold 14 (max threshold 15)
[5211.252s][info ][gc,heap        ] GC(348) PSYoungGen: 2088720K(2091008K)->6112K(2091008K) Eden: 2084864K(2084864K)->0K(2084864K) From: 3856K(6144K)->6112K(6144K)
[5211.252s][info ][gc,heap        ] GC(348) ParOldGen: 429632K(507904K)->434107K(507904K)
[5211.252s][info ][gc,metaspace   ] GC(348) Metaspace: 78786K(79552K)->78786K(79552K) NonClass: 68140K(68544K)->68140K(68544K) Class: 10645K(11008K)->10645K(11008K)
[5211.252s][info ][gc             ] GC(348) Pause Young (Allocation Failure) 2459M->429M(2538M) 4.994ms
[5211.252s][info ][gc,cpu         ] GC(348) User=0.02s Sys=0.00s Real=0.00s
[5211.252s][info ][safepoint      ] Safepoint "ParallelGCFailedAllocation", Time since last: 2507754227 ns, Reaching safepoint: 56101 ns, At safepoint: 5090782 ns, Total: 5146883 ns
[5215.252s][info ][safepoint      ] Safepoint "Cleanup", Time since last: 4000296695 ns, Reaching safepoint: 103701 ns, At safepoint: 8501 ns, Total: 112202 ns
[5216.252s][info ][safepoint      ] Safepoint "Cleanup", Time since last: 1000115525 ns, Reaching safepoint: 46801 ns, At safepoint: 9900 ns, Total: 56701 ns
[5219.989s][info ][gc,start       ] GC(349) Pause Young (Allocation Failure)
[5219.992s][debug][gc,phases      ] GC(349) Scavenge 2.782ms
[5219.992s][debug][gc,ref         ] GC(349) Skipped phase 1 of Reference Processing: no references
[5219.992s][debug][gc,ref         ] GC(349) Skipped phase 3 of Reference Processing: no references
[5219.992s][debug][gc,phases      ] GC(349) Reference Processing 0.024ms
[5219.993s][debug][gc,phases      ] GC(349) Weak Processing 0.537ms
[5219.993s][debug][gc,age         ] GC(349) Desired survivor size 9437184 bytes, new threshold 13 (max threshold 15)
[5219.993s][info ][gc,heap        ] GC(349) PSYoungGen: 2090976K(2091008K)->6128K(2084864K) Eden: 2084864K(2084864K)->0K(2078720K) From: 6112K(6144K)->6128K(6144K)
[5219.993s][info ][gc,heap        ] GC(349) ParOldGen: 434107K(507904K)->434483K(507904K)
[5219.993s][info ][gc,metaspace   ] GC(349) Metaspace: 78791K(79552K)->78791K(79552K) NonClass: 68146K(68544K)->68146K(68544K) Class: 10645K(11008K)->10645K(11008K)
[5219.993s][info ][gc             ] GC(349) Pause Young (Allocation Failure) 2465M->430M(2532M) 3.484ms
[5219.993s][info ][gc,cpu         ] GC(349) User=0.01s Sys=0.00s Real=0.00s
[5219.993s][info ][safepoint      ] Safepoint "ParallelGCFailedAllocation", Time since last: 3736884358 ns, Reaching safepoint: 58301 ns, At safepoint: 3573558 ns, Total: 3631859 ns
[5220.993s][info ][safepoint      ] Safepoint "Cleanup", Time since last: 1000084728 ns, Reaching safepoint: 43401 ns, At safepoint: 2400 ns, Total: 45801 ns
[5221.993s][info ][safepoint      ] Safepoint "Cleanup", Time since last: 1000112529 ns, Reaching safepoint: 118802 ns, At safepoint: 6900 ns, Total: 125702 ns
[5223.993s][info ][safepoint      ] Safepoint "Cleanup", Time since last: 2000182259 ns, Reaching safepoint: 43500 ns, At safepoint: 2601 ns, Total: 46101 ns
[5226.994s][info ][safepoint      ] Safepoint "Cleanup", Time since last: 3000227391 ns, Reaching safepoint: 49701 ns, At safepoint: 3000 ns, Total: 52701 ns
[5227.994s][info ][safepoint      ] Safepoint "Cleanup", Time since last: 1000104032 ns, Reaching safepoint: 42201 ns, At safepoint: 3000 ns, Total: 45201 ns
[5229.189s][info ][gc,start       ] GC(350) Pause Young (Allocation Failure)
[5229.192s][debug][gc,phases      ] GC(350) Scavenge 2.576ms
[5229.192s][debug][gc,ref         ] GC(350) Skipped phase 1 of Reference Processing: no references
[5229.192s][debug][gc,ref         ] GC(350) Skipped phase 3 of Reference Processing: no references
[5229.192s][debug][gc,phases      ] GC(350) Reference Processing 0.025ms
[5229.192s][debug][gc,phases      ] GC(350) Weak Processing 0.649ms
[5229.192s][debug][gc,age         ] GC(350) Desired survivor size 9961472 bytes, new threshold 14 (max threshold 15)
[5229.192s][info ][gc,heap        ] GC(350) PSYoungGen: 2084848K(2084864K)->6288K(2085376K) Eden: 2078720K(2078720K)->0K(2078720K) From: 6128K(6144K)->6288K(6656K)
[5229.192s][info ][gc,heap        ] GC(350) ParOldGen: 434483K(507904K)->434523K(507904K)
[5229.192s][info ][gc,metaspace   ] GC(350) Metaspace: 78800K(79552K)->78800K(79552K) NonClass: 68154K(68544K)->68154K(68544K) Class: 10645K(11008K)->10645K(11008K)
[5229.192s][info ][gc             ] GC(350) Pause Young (Allocation Failure) 2460M->430M(2532M) 3.420ms
[5229.192s][info ][gc,cpu         ] GC(350) User=0.01s Sys=0.00s Real=0.00s
[5229.192s][info ][safepoint      ] Safepoint "ParallelGCFailedAllocation", Time since last: 1194902775 ns, Reaching safepoint: 119102 ns, At safepoint: 3522557 ns, Total: 3641659 ns
[5230.193s][info ][safepoint      ] Safepoint "Cleanup", Time since last: 1000069933 ns, Reaching safepoint: 43301 ns, At safepoint: 2700 ns, Total: 46001 ns
[5240.493s][info ][gc,start       ] GC(351) Pause Young (Allocation Failure)
[5240.495s][debug][gc,phases      ] GC(351) Scavenge 2.540ms
[5240.495s][debug][gc,ref         ] GC(351) Skipped phase 1 of Reference Processing: no references
[5240.495s][debug][gc,ref         ] GC(351) Skipped phase 3 of Reference Processing: no references
[5240.495s][debug][gc,phases      ] GC(351) Reference Processing 0.021ms
[5240.496s][debug][gc,phases      ] GC(351) Weak Processing 0.573ms
[5240.496s][debug][gc,age         ] GC(351) Desired survivor size 9961472 bytes, new threshold 15 (max threshold 15)
[5240.496s][info ][gc,heap        ] GC(351) PSYoungGen: 2085008K(2085376K)->6288K(2087424K) Eden: 2078720K(2078720K)->0K(2077696K) From: 6288K(6656K)->6288K(9728K)
[5240.496s][info ][gc,heap        ] GC(351) ParOldGen: 434523K(507904K)->434523K(507904K)
[5240.496s][info ][gc,metaspace   ] GC(351) Metaspace: 78800K(79552K)->78800K(79552K) NonClass: 68154K(68544K)->68154K(68544K) Class: 10645K(11008K)->10645K(11008K)
[5240.496s][info ][gc             ] GC(351) Pause Young (Allocation Failure) 2460M->430M(2534M) 3.255ms
[5240.496s][info ][gc,cpu         ] GC(351) User=0.01s Sys=0.00s Real=0.00s
[5240.496s][info ][safepoint      ] Safepoint "ParallelGCFailedAllocation", Time since last: 10299902187 ns, Reaching safepoint: 127302 ns, At safepoint: 3339054 ns, Total: 3466356 ns
[5245.496s][info ][safepoint      ] Safepoint "Cleanup", Time since last: 5000393801 ns, Reaching safepoint: 49901 ns, At safepoint: 6000 ns, Total: 55901 ns
[5249.497s][info ][safepoint      ] Safepoint "Cleanup", Time since last: 4000308270 ns, Reaching safepoint: 39801 ns, At safepoint: 2500 ns, Total: 42301 ns
[5252.935s][info ][gc,start       ] GC(352) Pause Young (Allocation Failure)
[5252.938s][debug][gc,phases      ] GC(352) Scavenge 2.554ms
[5252.938s][debug][gc,ref         ] GC(352) Skipped phase 1 of Reference Processing: no references
[5252.938s][debug][gc,ref         ] GC(352) Skipped phase 3 of Reference Processing: no references
[5252.938s][debug][gc,phases      ] GC(352) Reference Processing 0.022ms
[5252.938s][debug][gc,phases      ] GC(352) Weak Processing 0.610ms
[5252.938s][debug][gc,age         ] GC(352) Desired survivor size 10485760 bytes, new threshold 15 (max threshold 15)
[5252.938s][info ][gc,heap        ] GC(352) PSYoungGen: 2083984K(2087424K)->6400K(2084352K) Eden: 2077696K(2077696K)->0K(2077696K) From: 6288K(9728K)->6400K(6656K)
[5252.938s][info ][gc,heap        ] GC(352) ParOldGen: 434523K(507904K)->434523K(507904K)
[5252.938s][info ][gc,metaspace   ] GC(352) Metaspace: 78800K(79552K)->78800K(79552K) NonClass: 68154K(68544K)->68154K(68544K) Class: 10645K(11008K)->10645K(11008K)
[5252.938s][info ][gc             ] GC(352) Pause Young (Allocation Failure) 2459M->430M(2531M) 3.328ms
[5252.938s][info ][gc,cpu         ] GC(352) User=0.01s Sys=0.00s Real=0.01s
[5252.939s][info ][safepoint      ] Safepoint "ParallelGCFailedAllocation", Time since last: 3438346306 ns, Reaching safepoint: 106902 ns, At safepoint: 3410555 ns, Total: 3517457 ns
[5253.939s][info ][safepoint      ] Safepoint "Cleanup", Time since last: 1000083146 ns, Reaching safepoint: 113602 ns, At safepoint: 9600 ns, Total: 123202 ns
[5255.117s][info ][safepoint      ] Safepoint "Cleanup", Time since last: 1178517827 ns, Reaching safepoint: 61901 ns, At safepoint: 9200 ns, Total: 71101 ns
[5259.118s][info ][safepoint      ] Safepoint "Cleanup", Time since last: 4000237890 ns, Reaching safepoint: 44000 ns, At safepoint: 6501 ns, Total: 50501 ns
[5261.489s][info ][gc,start       ] GC(353) Pause Young (Allocation Failure)
[5261.492s][debug][gc,phases      ] GC(353) Scavenge 2.652ms
[5261.492s][debug][gc,ref         ] GC(353) Skipped phase 1 of Reference Processing: no references
[5261.492s][debug][gc,ref         ] GC(353) Skipped phase 3 of Reference Processing: no references
[5261.492s][debug][gc,phases      ] GC(353) Reference Processing 0.029ms
[5261.493s][debug][gc,phases      ] GC(353) Weak Processing 0.581ms
[5261.493s][debug][gc,age         ] GC(353) Desired survivor size 10485760 bytes, new threshold 15 (max threshold 15)
[5261.493s][info ][gc,heap        ] GC(353) PSYoungGen: 2084096K(2084352K)->6416K(2086912K) Eden: 2077696K(2077696K)->0K(2076672K) From: 6400K(6656K)->6416K(10240K)
[5261.493s][info ][gc,heap        ] GC(353) ParOldGen: 434523K(507904K)->434531K(507904K)
[5261.493s][info ][gc,metaspace   ] GC(353) Metaspace: 78804K(79552K)->78804K(79552K) NonClass: 68158K(68544K)->68158K(68544K) Class: 10645K(11008K)->10645K(11008K)
[5261.493s][info ][gc             ] GC(353) Pause Young (Allocation Failure) 2459M->430M(2534M) 3.384ms
[5261.493s][info ][gc,cpu         ] GC(353) User=0.01s Sys=0.00s Real=0.00s
[5261.493s][info ][safepoint      ] Safepoint "ParallelGCFailedAllocation", Time since last: 2371520795 ns, Reaching safepoint: 43201 ns, At safepoint: 3460956 ns, Total: 3504157 ns
[5264.493s][info ][safepoint      ] Safepoint "Cleanup", Time since last: 3000245752 ns, Reaching safepoint: 47601 ns, At safepoint: 11000 ns, Total: 58601 ns
[5270.634s][info ][gc,start       ] GC(354) Pause Young (Allocation Failure)
[5270.636s][debug][gc,phases      ] GC(354) Scavenge 2.776ms
[5270.637s][debug][gc,ref         ] GC(354) Skipped phase 1 of Reference Processing: no references
[5270.637s][debug][gc,ref         ] GC(354) Skipped phase 2 of Reference Processing: no references
[5270.637s][debug][gc,ref         ] GC(354) Skipped phase 3 of Reference Processing: no references
[5270.637s][debug][gc,ref         ] GC(354) Skipped phase 4 of Reference Processing: no references
[5270.637s][debug][gc,phases      ] GC(354) Reference Processing 0.022ms
[5270.637s][debug][gc,phases      ] GC(354) Weak Processing 0.503ms
[5270.637s][debug][gc,age         ] GC(354) Desired survivor size 10485760 bytes, new threshold 15 (max threshold 15)
[5270.637s][info ][gc,heap        ] GC(354) PSYoungGen: 2083088K(2086912K)->6432K(2086912K) Eden: 2076672K(2076672K)->0K(2076672K) From: 6416K(10240K)->6432K(10240K)
[5270.637s][info ][gc,heap        ] GC(354) ParOldGen: 434531K(507904K)->434539K(507904K)
[5270.637s][info ][gc,metaspace   ] GC(354) Metaspace: 78808K(79552K)->78808K(79552K) NonClass: 68162K(68544K)->68162K(68544K) Class: 10645K(11008K)->10645K(11008K)
[5270.637s][info ][gc             ] GC(354) Pause Young (Allocation Failure) 2458M->430M(2534M) 3.447ms
[5270.637s][info ][gc,cpu         ] GC(354) User=0.01s Sys=0.00s Real=0.01s
[5270.637s][info ][safepoint      ] Safepoint "ParallelGCFailedAllocation", Time since last: 6140623782 ns, Reaching safepoint: 48201 ns, At safepoint: 3531657 ns, Total: 3579858 ns
[5276.638s][info ][safepoint      ] Safepoint "Cleanup", Time since last: 6000413736 ns, Reaching safepoint: 120802 ns, At safepoint: 11901 ns, Total: 132703 ns
[5279.234s][info ][gc,start       ] GC(355) Pause Young (Allocation Failure)
[5279.237s][debug][gc,phases      ] GC(355) Scavenge 2.675ms
[5279.237s][debug][gc,ref         ] GC(355) Skipped phase 1 of Reference Processing: no references
[5279.237s][debug][gc,ref         ] GC(355) Skipped phase 2 of Reference Processing: no references
[5279.237s][debug][gc,ref         ] GC(355) Skipped phase 3 of Reference Processing: no references
[5279.237s][debug][gc,ref         ] GC(355) Skipped phase 4 of Reference Processing: no references
[5279.237s][debug][gc,phases      ] GC(355) Reference Processing 0.041ms
[5279.237s][debug][gc,phases      ] GC(355) Weak Processing 0.519ms
[5279.237s][debug][gc,age         ] GC(355) Desired survivor size 10485760 bytes, new threshold 15 (max threshold 15)
[5279.237s][info ][gc,heap        ] GC(355) PSYoungGen: 2083104K(2086912K)->6352K(2086912K) Eden: 2076672K(2076672K)->0K(2076672K) From: 6432K(10240K)->6352K(10240K)
[5279.237s][info ][gc,heap        ] GC(355) ParOldGen: 434539K(507904K)->434539K(507904K)
[5279.237s][info ][gc,metaspace   ] GC(355) Metaspace: 78809K(79552K)->78809K(79552K) NonClass: 68163K(68544K)->68163K(68544K) Class: 10645K(11008K)->10645K(11008K)
[5279.237s][info ][gc             ] GC(355) Pause Young (Allocation Failure) 2458M->430M(2534M) 3.375ms
[5279.237s][info ][gc,cpu         ] GC(355) User=0.01s Sys=0.00s Real=0.01s
[5279.237s][info ][safepoint      ] Safepoint "ParallelGCFailedAllocation", Time since last: 2596166446 ns, Reaching safepoint: 52001 ns, At safepoint: 3455856 ns, Total: 3507857 ns
[5284.238s][info ][safepoint      ] Safepoint "Cleanup", Time since last: 5000318200 ns, Reaching safepoint: 84501 ns, At safepoint: 11000 ns, Total: 95501 ns
[5290.583s][info ][gc,start       ] GC(356) Pause Young (Allocation Failure)
[5290.586s][debug][gc,phases      ] GC(356) Scavenge 2.773ms
[5290.586s][debug][gc,ref         ] GC(356) Skipped phase 1 of Reference Processing: no references
[5290.586s][debug][gc,ref         ] GC(356) Skipped phase 2 of Reference Processing: no references
[5290.586s][debug][gc,ref         ] GC(356) Skipped phase 3 of Reference Processing: no references
[5290.586s][debug][gc,ref         ] GC(356) Skipped phase 4 of Reference Processing: no references
[5290.586s][debug][gc,phases      ] GC(356) Reference Processing 0.029ms
[5290.587s][debug][gc,phases      ] GC(356) Weak Processing 0.659ms
[5290.587s][debug][gc,age         ] GC(356) Desired survivor size 10485760 bytes, new threshold 15 (max threshold 15)
[5290.587s][info ][gc,heap        ] GC(356) PSYoungGen: 2083024K(2086912K)->4192K(2086912K) Eden: 2076672K(2076672K)->0K(2076672K) From: 6352K(10240K)->4192K(10240K)
[5290.587s][info ][gc,heap        ] GC(356) ParOldGen: 434539K(507904K)->437019K(507904K)
[5290.587s][info ][gc,metaspace   ] GC(356) Metaspace: 78809K(79552K)->78809K(79552K) NonClass: 68163K(68544K)->68163K(68544K) Class: 10645K(11008K)->10645K(11008K)
[5290.587s][info ][gc             ] GC(356) Pause Young (Allocation Failure) 2458M->430M(2534M) 3.587ms
[5290.587s][info ][gc,cpu         ] GC(356) User=0.01s Sys=0.00s Real=0.01s
[5290.587s][info ][safepoint      ] Safepoint "ParallelGCFailedAllocation", Time since last: 6345220050 ns, Reaching safepoint: 117402 ns, At safepoint: 3691560 ns, Total: 3808962 ns
[5294.588s][info ][safepoint      ] Safepoint "Cleanup", Time since last: 4000745569 ns, Reaching safepoint: 126202 ns, At safepoint: 7600 ns, Total: 133802 ns
[5296.588s][info ][safepoint      ] Safepoint "Cleanup", Time since last: 2000191535 ns, Reaching safepoint: 176503 ns, At safepoint: 13900 ns, Total: 190403 ns
[5301.639s][info ][gc,start       ] GC(357) Pause Young (Allocation Failure)
[5301.641s][debug][gc,phases      ] GC(357) Scavenge 2.407ms
[5301.641s][debug][gc,ref         ] GC(357) Skipped phase 1 of Reference Processing: no references
[5301.641s][debug][gc,ref         ] GC(357) Skipped phase 2 of Reference Processing: no references
[5301.641s][debug][gc,ref         ] GC(357) Skipped phase 3 of Reference Processing: no references
[5301.641s][debug][gc,ref         ] GC(357) Skipped phase 4 of Reference Processing: no references
[5301.641s][debug][gc,phases      ] GC(357) Reference Processing 0.033ms
[5301.642s][debug][gc,phases      ] GC(357) Weak Processing 0.639ms
[5301.642s][debug][gc,age         ] GC(357) Desired survivor size 9961472 bytes, new threshold 15 (max threshold 15)
[5301.642s][info ][gc,heap        ] GC(357) PSYoungGen: 2080864K(2086912K)->4128K(2087424K) Eden: 2076672K(2076672K)->0K(2077184K) From: 4192K(10240K)->4128K(10240K)
[5301.642s][info ][gc,heap        ] GC(357) ParOldGen: 437019K(507904K)->437059K(507904K)
[5301.642s][info ][gc,metaspace   ] GC(357) Metaspace: 78809K(79552K)->78809K(79552K) NonClass: 68163K(68544K)->68163K(68544K) Class: 10645K(11008K)->10645K(11008K)
[5301.642s][info ][gc             ] GC(357) Pause Young (Allocation Failure) 2458M->430M(2534M) 3.240ms
[5301.642s][info ][gc,cpu         ] GC(357) User=0.01s Sys=0.00s Real=0.00s
[5301.642s][info ][safepoint      ] Safepoint "ParallelGCFailedAllocation", Time since last: 5050694157 ns, Reaching safepoint: 36301 ns, At safepoint: 3326254 ns, Total: 3362555 ns
[5306.643s][info ][safepoint      ] Safepoint "Cleanup", Time since last: 5000359555 ns, Reaching safepoint: 48001 ns, At safepoint: 5800 ns, Total: 53801 ns
[5312.933s][info ][gc,start       ] GC(358) Pause Young (Allocation Failure)
[5312.935s][debug][gc,phases      ] GC(358) Scavenge 2.315ms
[5312.935s][debug][gc,ref         ] GC(358) Skipped phase 1 of Reference Processing: no references
[5312.935s][debug][gc,ref         ] GC(358) Skipped phase 2 of Reference Processing: no references
[5312.935s][debug][gc,ref         ] GC(358) Skipped phase 3 of Reference Processing: no references
[5312.935s][debug][gc,ref         ] GC(358) Skipped phase 4 of Reference Processing: no references
[5312.935s][debug][gc,phases      ] GC(358) Reference Processing 0.022ms
[5312.936s][debug][gc,phases      ] GC(358) Weak Processing 0.515ms
[5312.936s][debug][gc,age         ] GC(358) Desired survivor size 9437184 bytes, new threshold 15 (max threshold 15)
[5312.936s][info ][gc,heap        ] GC(358) PSYoungGen: 2081312K(2087424K)->4176K(2086912K) Eden: 2077184K(2077184K)->0K(2077184K) From: 4128K(10240K)->4176K(9728K)
[5312.936s][info ][gc,heap        ] GC(358) ParOldGen: 437059K(507904K)->437099K(507904K)
[5312.936s][info ][gc,metaspace   ] GC(358) Metaspace: 78809K(79552K)->78809K(79552K) NonClass: 68164K(68544K)->68164K(68544K) Class: 10645K(11008K)->10645K(11008K)
[5312.936s][info ][gc             ] GC(358) Pause Young (Allocation Failure) 2459M->430M(2534M) 2.984ms
[5312.936s][info ][gc,cpu         ] GC(358) User=0.01s Sys=0.00s Real=0.00s
[5312.936s][info ][safepoint      ] Safepoint "ParallelGCFailedAllocation", Time since last: 6290360631 ns, Reaching safepoint: 123102 ns, At safepoint: 3115250 ns, Total: 3238352 ns
[5317.937s][info ][safepoint      ] Safepoint "Cleanup", Time since last: 5000378982 ns, Reaching safepoint: 125002 ns, At safepoint: 7500 ns, Total: 132502 ns
[5324.191s][info ][gc,start       ] GC(359) Pause Young (Allocation Failure)
[5324.193s][debug][gc,phases      ] GC(359) Scavenge 2.314ms
[5324.194s][debug][gc,ref         ] GC(359) Skipped phase 1 of Reference Processing: no references
[5324.194s][debug][gc,ref         ] GC(359) Skipped phase 2 of Reference Processing: no references
[5324.194s][debug][gc,ref         ] GC(359) Skipped phase 3 of Reference Processing: no references
[5324.194s][debug][gc,ref         ] GC(359) Skipped phase 4 of Reference Processing: no references
[5324.194s][debug][gc,phases      ] GC(359) Reference Processing 0.024ms
[5324.194s][debug][gc,phases      ] GC(359) Weak Processing 0.540ms
[5324.194s][debug][gc,age         ] GC(359) Desired survivor size 9437184 bytes, new threshold 15 (max threshold 15)
[5324.194s][info ][gc,heap        ] GC(359) PSYoungGen: 2081360K(2086912K)->4272K(2087936K) Eden: 2077184K(2077184K)->0K(2078720K) From: 4176K(9728K)->4272K(9216K)
[5324.194s][info ][gc,heap        ] GC(359) ParOldGen: 437099K(507904K)->437131K(507904K)
[5324.194s][info ][gc,metaspace   ] GC(359) Metaspace: 78809K(79552K)->78809K(79552K) NonClass: 68164K(68544K)->68164K(68544K) Class: 10645K(11008K)->10645K(11008K)
[5324.194s][info ][gc             ] GC(359) Pause Young (Allocation Failure) 2459M->431M(2535M) 3.020ms
[5324.194s][info ][gc,cpu         ] GC(359) User=0.01s Sys=0.00s Real=0.00s
[5324.194s][info ][safepoint      ] Safepoint "ParallelGCFailedAllocation", Time since last: 6254341282 ns, Reaching safepoint: 97602 ns, At safepoint: 3107850 ns, Total: 3205452 ns
[5335.234s][info ][gc,start       ] GC(360) Pause Young (Allocation Failure)
[5335.236s][debug][gc,phases      ] GC(360) Scavenge 2.426ms
[5335.236s][debug][gc,ref         ] GC(360) Skipped phase 1 of Reference Processing: no references
[5335.236s][debug][gc,ref         ] GC(360) Skipped phase 2 of Reference Processing: no references
[5335.236s][debug][gc,ref         ] GC(360) Skipped phase 3 of Reference Processing: no references
[5335.236s][debug][gc,ref         ] GC(360) Skipped phase 4 of Reference Processing: no references
[5335.236s][debug][gc,phases      ] GC(360) Reference Processing 0.021ms
[5335.237s][debug][gc,phases      ] GC(360) Weak Processing 0.498ms
[5335.237s][debug][gc,age         ] GC(360) Desired survivor size 8912896 bytes, new threshold 15 (max threshold 15)
[5335.237s][info ][gc,heap        ] GC(360) PSYoungGen: 2082992K(2087936K)->3952K(2087936K) Eden: 2078720K(2078720K)->0K(2078720K) From: 4272K(9216K)->3952K(9216K)
[5335.237s][info ][gc,heap        ] GC(360) ParOldGen: 437131K(507904K)->437339K(507904K)
[5335.237s][info ][gc,metaspace   ] GC(360) Metaspace: 78809K(79552K)->78809K(79552K) NonClass: 68164K(68544K)->68164K(68544K) Class: 10645K(11008K)->10645K(11008K)
[5335.237s][info ][gc             ] GC(360) Pause Young (Allocation Failure) 2461M->430M(2535M) 3.079ms
[5335.237s][info ][gc,cpu         ] GC(360) User=0.01s Sys=0.00s Real=0.01s
[5335.237s][info ][safepoint      ] Safepoint "ParallelGCFailedAllocation", Time since last: 11039323636 ns, Reaching safepoint: 152602 ns, At safepoint: 3170051 ns, Total: 3322653 ns
[5346.237s][info ][gc,start       ] GC(361) Pause Young (Allocation Failure)
[5346.239s][debug][gc,phases      ] GC(361) Scavenge 1.975ms
[5346.240s][debug][gc,ref         ] GC(361) Skipped phase 1 of Reference Processing: no references
[5346.240s][debug][gc,ref         ] GC(361) Skipped phase 2 of Reference Processing: no references
[5346.240s][debug][gc,ref         ] GC(361) Skipped phase 3 of Reference Processing: no references
[5346.240s][debug][gc,ref         ] GC(361) Skipped phase 4 of Reference Processing: no references
[5346.240s][debug][gc,phases      ] GC(361) Reference Processing 0.033ms
[5346.240s][debug][gc,phases      ] GC(361) Weak Processing 0.615ms
[5346.240s][debug][gc,age         ] GC(361) Desired survivor size 8912896 bytes, new threshold 15 (max threshold 15)
[5346.240s][info ][gc,heap        ] GC(361) PSYoungGen: 2082672K(2087936K)->4016K(2088448K) Eden: 2078720K(2078720K)->0K(2079744K) From: 3952K(9216K)->4016K(8704K)
[5346.240s][info ][gc,heap        ] GC(361) ParOldGen: 437339K(507904K)->437371K(507904K)
[5346.240s][info ][gc,metaspace   ] GC(361) Metaspace: 78809K(79552K)->78809K(79552K) NonClass: 68164K(68544K)->68164K(68544K) Class: 10645K(11008K)->10645K(11008K)
[5346.240s][info ][gc             ] GC(361) Pause Young (Allocation Failure) 2460M->431M(2535M) 2.753ms
[5346.240s][info ][gc,cpu         ] GC(361) User=0.01s Sys=0.00s Real=0.00s
[5346.240s][info ][safepoint      ] Safepoint "ParallelGCFailedAllocation", Time since last: 11000519962 ns, Reaching safepoint: 48401 ns, At safepoint: 2836046 ns, Total: 2884447 ns
[5349.241s][info ][safepoint      ] Safepoint "Cleanup", Time since last: 3000220273 ns, Reaching safepoint: 129702 ns, At safepoint: 8900 ns, Total: 138602 ns
[5352.241s][info ][safepoint      ] Safepoint "Cleanup", Time since last: 3000231077 ns, Reaching safepoint: 55701 ns, At safepoint: 2900 ns, Total: 58601 ns
[5353.241s][info ][safepoint      ] Safepoint "Cleanup", Time since last: 1000119294 ns, Reaching safepoint: 130002 ns, At safepoint: 11600 ns, Total: 141602 ns
[5354.534s][info ][gc,start       ] GC(362) Pause Young (Allocation Failure)
[5354.536s][debug][gc,phases      ] GC(362) Scavenge 2.286ms
[5354.536s][debug][gc,ref         ] GC(362) Skipped phase 1 of Reference Processing: no references
[5354.536s][debug][gc,ref         ] GC(362) Skipped phase 2 of Reference Processing: no references
[5354.536s][debug][gc,ref         ] GC(362) Skipped phase 3 of Reference Processing: no references
[5354.536s][debug][gc,ref         ] GC(362) Skipped phase 4 of Reference Processing: no references
[5354.536s][debug][gc,phases      ] GC(362) Reference Processing 0.039ms
[5354.537s][debug][gc,phases      ] GC(362) Weak Processing 0.498ms
[5354.537s][debug][gc,age         ] GC(362) Desired survivor size 8388608 bytes, new threshold 15 (max threshold 15)
[5354.537s][info ][gc,heap        ] GC(362) PSYoungGen: 2083760K(2088448K)->3984K(2088448K) Eden: 2079744K(2079744K)->0K(2079744K) From: 4016K(8704K)->3984K(8704K)
[5354.537s][info ][gc,heap        ] GC(362) ParOldGen: 437371K(507904K)->437387K(507904K)
[5354.537s][info ][gc,metaspace   ] GC(362) Metaspace: 78809K(79552K)->78809K(79552K) NonClass: 68164K(68544K)->68164K(68544K) Class: 10645K(11008K)->10645K(11008K)
[5354.537s][info ][gc             ] GC(362) Pause Young (Allocation Failure) 2462M->431M(2535M) 2.950ms
[5354.537s][info ][gc,cpu         ] GC(362) User=0.01s Sys=0.00s Real=0.01s
[5354.537s][info ][safepoint      ] Safepoint "ParallelGCFailedAllocation", Time since last: 1292591731 ns, Reaching safepoint: 106701 ns, At safepoint: 3030749 ns, Total: 3137450 ns
[5363.884s][info ][gc,start       ] GC(363) Pause Young (Allocation Failure)
[5363.886s][debug][gc,phases      ] GC(363) Scavenge 2.291ms
[5363.886s][debug][gc,ref         ] GC(363) Skipped phase 1 of Reference Processing: no references
[5363.886s][debug][gc,ref         ] GC(363) Skipped phase 2 of Reference Processing: no references
[5363.886s][debug][gc,ref         ] GC(363) Skipped phase 3 of Reference Processing: no references
[5363.886s][debug][gc,ref         ] GC(363) Skipped phase 4 of Reference Processing: no references
[5363.886s][debug][gc,phases      ] GC(363) Reference Processing 0.023ms
[5363.887s][debug][gc,phases      ] GC(363) Weak Processing 0.524ms
[5363.887s][debug][gc,age         ] GC(363) Desired survivor size 8912896 bytes, new threshold 15 (max threshold 15)
[5363.887s][info ][gc,heap        ] GC(363) PSYoungGen: 2083728K(2088448K)->944K(2087936K) Eden: 2079744K(2079744K)->0K(2079744K) From: 3984K(8704K)->944K(8192K)
[5363.887s][info ][gc,heap        ] GC(363) ParOldGen: 437387K(507904K)->440712K(507904K)
[5363.887s][info ][gc,metaspace   ] GC(363) Metaspace: 78812K(79552K)->78812K(79552K) NonClass: 68166K(68544K)->68166K(68544K) Class: 10645K(11008K)->10645K(11008K)
[5363.887s][info ][gc             ] GC(363) Pause Young (Allocation Failure) 2462M->431M(2535M) 2.955ms
[5363.887s][info ][gc,cpu         ] GC(363) User=0.01s Sys=0.00s Real=0.01s
[5363.887s][info ][safepoint      ] Safepoint "ParallelGCFailedAllocation", Time since last: 9346600966 ns, Reaching safepoint: 146603 ns, At safepoint: 3039549 ns, Total: 3186152 ns
[5373.019s][info ][gc,start       ] GC(364) Pause Young (Allocation Failure)
[5373.020s][debug][gc,phases      ] GC(364) Scavenge 1.808ms
[5373.020s][debug][gc,ref         ] GC(364) Skipped phase 1 of Reference Processing: no references
[5373.020s][debug][gc,ref         ] GC(364) Skipped phase 2 of Reference Processing: no references
[5373.020s][debug][gc,ref         ] GC(364) Skipped phase 3 of Reference Processing: no references
[5373.020s][debug][gc,ref         ] GC(364) Skipped phase 4 of Reference Processing: no references
[5373.020s][debug][gc,phases      ] GC(364) Reference Processing 0.023ms
[5373.021s][debug][gc,phases      ] GC(364) Weak Processing 0.494ms
[5373.021s][debug][gc,age         ] GC(364) Desired survivor size 8912896 bytes, new threshold 15 (max threshold 15)
[5373.021s][info ][gc,heap        ] GC(364) PSYoungGen: 2080688K(2087936K)->896K(2088448K) Eden: 2079744K(2079744K)->0K(2079744K) From: 944K(8192K)->896K(8704K)
[5373.021s][info ][gc,heap        ] GC(364) ParOldGen: 440712K(507904K)->440752K(507904K)
[5373.021s][info ][gc,metaspace   ] GC(364) Metaspace: 78813K(79552K)->78813K(79552K) NonClass: 68167K(68544K)->68167K(68544K) Class: 10645K(11008K)->10645K(11008K)
[5373.021s][info ][gc             ] GC(364) Pause Young (Allocation Failure) 2462M->431M(2535M) 2.456ms
[5373.021s][info ][gc,cpu         ] GC(364) User=0.00s Sys=0.00s Real=0.00s
[5373.021s][info ][safepoint      ] Safepoint "ParallelGCFailedAllocation", Time since last: 9131788422 ns, Reaching safepoint: 42001 ns, At safepoint: 2529341 ns, Total: 2571342 ns
[5383.899s][info ][gc,start       ] GC(365) Pause Young (Allocation Failure)
[5383.901s][debug][gc,phases      ] GC(365) Scavenge 2.226ms
[5383.901s][debug][gc,ref         ] GC(365) Skipped phase 1 of Reference Processing: no references
[5383.901s][debug][gc,ref         ] GC(365) Skipped phase 2 of Reference Processing: no references
[5383.901s][debug][gc,ref         ] GC(365) Skipped phase 3 of Reference Processing: no references
[5383.901s][debug][gc,ref         ] GC(365) Skipped phase 4 of Reference Processing: no references
[5383.901s][debug][gc,phases      ] GC(365) Reference Processing 0.023ms
[5383.902s][debug][gc,phases      ] GC(365) Weak Processing 0.507ms
[5383.902s][debug][gc,age         ] GC(365) Desired survivor size 8912896 bytes, new threshold 15 (max threshold 15)
[5383.902s][info ][gc,heap        ] GC(365) PSYoungGen: 2080640K(2088448K)->1129K(2088448K) Eden: 2079744K(2079744K)->0K(2079744K) From: 896K(8704K)->1129K(8704K)
[5383.902s][info ][gc,heap        ] GC(365) ParOldGen: 440752K(507904K)->440833K(507904K)
[5383.902s][info ][gc,metaspace   ] GC(365) Metaspace: 78813K(79552K)->78813K(79552K) NonClass: 68167K(68544K)->68167K(68544K) Class: 10645K(11008K)->10645K(11008K)
[5383.902s][info ][gc             ] GC(365) Pause Young (Allocation Failure) 2462M->431M(2535M) 2.891ms
[5383.902s][info ][gc,cpu         ] GC(365) User=0.01s Sys=0.00s Real=0.00s
[5383.902s][info ][safepoint      ] Safepoint "ParallelGCFailedAllocation", Time since last: 10877768051 ns, Reaching safepoint: 36100 ns, At safepoint: 2966748 ns, Total: 3002848 ns
[5385.902s][info ][safepoint      ] Safepoint "Cleanup", Time since last: 2000161014 ns, Reaching safepoint: 127002 ns, At safepoint: 10800 ns, Total: 137802 ns
[5387.785s][info ][gc,start       ] GC(366) Pause Young (Allocation Failure)
[5387.787s][debug][gc,phases      ] GC(366) Scavenge 1.835ms
[5387.787s][debug][gc,ref         ] GC(366) Skipped phase 1 of Reference Processing: no references
[5387.787s][debug][gc,ref         ] GC(366) Skipped phase 2 of Reference Processing: no references
[5387.787s][debug][gc,ref         ] GC(366) Skipped phase 3 of Reference Processing: no references
[5387.787s][debug][gc,ref         ] GC(366) Skipped phase 4 of Reference Processing: no references
[5387.787s][debug][gc,phases      ] GC(366) Reference Processing 0.032ms
[5387.788s][debug][gc,phases      ] GC(366) Weak Processing 0.684ms
[5387.788s][debug][gc,age         ] GC(366) Desired survivor size 8912896 bytes, new threshold 15 (max threshold 15)
[5387.788s][info ][gc,heap        ] GC(366) PSYoungGen: 2080873K(2088448K)->912K(2088448K) Eden: 2079744K(2079744K)->0K(2079744K) From: 1129K(8704K)->912K(8704K)
[5387.788s][info ][gc,heap        ] GC(366) ParOldGen: 440833K(507904K)->440873K(507904K)
[5387.788s][info ][gc,metaspace   ] GC(366) Metaspace: 78813K(79552K)->78813K(79552K) NonClass: 68168K(68544K)->68168K(68544K) Class: 10645K(11008K)->10645K(11008K)
[5387.788s][info ][gc             ] GC(366) Pause Young (Allocation Failure) 2462M->431M(2535M) 2.719ms
[5387.788s][info ][gc,cpu         ] GC(366) User=0.00s Sys=0.00s Real=0.00s
[5387.788s][info ][safepoint      ] Safepoint "ParallelGCFailedAllocation", Time since last: 1882815013 ns, Reaching safepoint: 135403 ns, At safepoint: 2829045 ns, Total: 2964448 ns
[5389.788s][info ][safepoint      ] Safepoint "Cleanup", Time since last: 2000168617 ns, Reaching safepoint: 147703 ns, At safepoint: 11900 ns, Total: 159603 ns
[5398.639s][info ][gc,start       ] GC(367) Pause Young (Allocation Failure)
[5398.641s][debug][gc,phases      ] GC(367) Scavenge 1.767ms
[5398.641s][debug][gc,ref         ] GC(367) Skipped phase 1 of Reference Processing: no references
[5398.641s][debug][gc,ref         ] GC(367) Skipped phase 2 of Reference Processing: no references
[5398.641s][debug][gc,ref         ] GC(367) Skipped phase 3 of Reference Processing: no references
[5398.641s][debug][gc,ref         ] GC(367) Skipped phase 4 of Reference Processing: no references
[5398.641s][debug][gc,phases      ] GC(367) Reference Processing 0.042ms
[5398.642s][debug][gc,phases      ] GC(367) Weak Processing 0.567ms
[5398.642s][debug][gc,age         ] GC(367) Desired survivor size 8912896 bytes, new threshold 15 (max threshold 15)
[5398.642s][info ][gc,heap        ] GC(367) PSYoungGen: 2080656K(2088448K)->832K(2088448K) Eden: 2079744K(2079744K)->0K(2079744K) From: 912K(8704K)->832K(8704K)
[5398.642s][info ][gc,heap        ] GC(367) ParOldGen: 440873K(507904K)->440905K(507904K)
[5398.642s][info ][gc,metaspace   ] GC(367) Metaspace: 78813K(79552K)->78813K(79552K) NonClass: 68168K(68544K)->68168K(68544K) Class: 10645K(11008K)->10645K(11008K)
[5398.642s][info ][gc             ] GC(367) Pause Young (Allocation Failure) 2462M->431M(2535M) 2.498ms
[5398.642s][info ][gc,cpu         ] GC(367) User=0.01s Sys=0.00s Real=0.00s
[5398.642s][info ][safepoint      ] Safepoint "ParallelGCFailedAllocation", Time since last: 8850896266 ns, Reaching safepoint: 47501 ns, At safepoint: 2603242 ns, Total: 2650743 ns
[5408.019s][info ][gc,start       ] GC(368) Pause Young (Allocation Failure)
[5408.020s][debug][gc,phases      ] GC(368) Scavenge 1.617ms
[5408.020s][debug][gc,ref         ] GC(368) Skipped phase 1 of Reference Processing: no references
[5408.020s][debug][gc,ref         ] GC(368) Skipped phase 2 of Reference Processing: no references
[5408.020s][debug][gc,ref         ] GC(368) Skipped phase 3 of Reference Processing: no references
[5408.020s][debug][gc,ref         ] GC(368) Skipped phase 4 of Reference Processing: no references
[5408.020s][debug][gc,phases      ] GC(368) Reference Processing 0.020ms
[5408.021s][debug][gc,phases      ] GC(368) Weak Processing 0.533ms
[5408.021s][debug][gc,age         ] GC(368) Desired survivor size 8388608 bytes, new threshold 15 (max threshold 15)
[5408.021s][info ][gc,heap        ] GC(368) PSYoungGen: 2080576K(2088448K)->912K(2088448K) Eden: 2079744K(2079744K)->0K(2079744K) From: 832K(8704K)->912K(8704K)
[5408.021s][info ][gc,heap        ] GC(368) ParOldGen: 440905K(507904K)->440929K(507904K)
[5408.021s][info ][gc,metaspace   ] GC(368) Metaspace: 78813K(79552K)->78813K(79552K) NonClass: 68168K(68544K)->68168K(68544K) Class: 10645K(11008K)->10645K(11008K)
[5408.021s][info ][gc             ] GC(368) Pause Young (Allocation Failure) 2462M->431M(2535M) 2.275ms
[5408.021s][info ][gc,cpu         ] GC(368) User=0.00s Sys=0.01s Real=0.00s
[5408.021s][info ][safepoint      ] Safepoint "ParallelGCFailedAllocation", Time since last: 9376788524 ns, Reaching safepoint: 113302 ns, At safepoint: 2369138 ns, Total: 2482440 ns
[5417.022s][info ][safepoint      ] Safepoint "Cleanup", Time since last: 9000596857 ns, Reaching safepoint: 45101 ns, At safepoint: 5800 ns, Total: 50901 ns
[5419.344s][info ][gc,start       ] GC(369) Pause Young (Allocation Failure)
[5419.345s][debug][gc,phases      ] GC(369) Scavenge 1.485ms
[5419.345s][debug][gc,ref         ] GC(369) Skipped phase 1 of Reference Processing: no references
[5419.345s][debug][gc,ref         ] GC(369) Skipped phase 2 of Reference Processing: no references
[5419.345s][debug][gc,ref         ] GC(369) Skipped phase 3 of Reference Processing: no references
[5419.345s][debug][gc,ref         ] GC(369) Skipped phase 4 of Reference Processing: no references
[5419.345s][debug][gc,phases      ] GC(369) Reference Processing 0.026ms
[5419.346s][debug][gc,phases      ] GC(369) Weak Processing 0.539ms
[5419.346s][debug][gc,age         ] GC(369) Desired survivor size 8388608 bytes, new threshold 15 (max threshold 15)
[5419.346s][info ][gc,heap        ] GC(369) PSYoungGen: 2080656K(2088448K)->816K(2088960K) Eden: 2079744K(2079744K)->0K(2080768K) From: 912K(8704K)->816K(8192K)
[5419.346s][info ][gc,heap        ] GC(369) ParOldGen: 440929K(507904K)->440961K(507904K)
[5419.346s][info ][gc,metaspace   ] GC(369) Metaspace: 78814K(79552K)->78814K(79552K) NonClass: 68169K(68544K)->68169K(68544K) Class: 10645K(11008K)->10645K(11008K)
[5419.346s][info ][gc             ] GC(369) Pause Young (Allocation Failure) 2462M->431M(2536M) 2.169ms
[5419.346s][info ][gc,cpu         ] GC(369) User=0.01s Sys=0.00s Real=0.01s
[5419.346s][info ][safepoint      ] Safepoint "ParallelGCFailedAllocation", Time since last: 2321949959 ns, Reaching safepoint: 61201 ns, At safepoint: 2279137 ns, Total: 2340338 ns
[5423.346s][info ][safepoint      ] Safepoint "Cleanup", Time since last: 4000279283 ns, Reaching safepoint: 54701 ns, At safepoint: 6200 ns, Total: 60901 ns
[5433.347s][info ][safepoint      ] Safepoint "Cleanup", Time since last: 10000711436 ns, Reaching safepoint: 40600 ns, At safepoint: 3100 ns, Total: 43700 ns
[5437.321s][info ][gc,start       ] GC(370) Pause Young (Allocation Failure)
[5437.323s][debug][gc,phases      ] GC(370) Scavenge 1.544ms
[5437.323s][debug][gc,ref         ] GC(370) Skipped phase 1 of Reference Processing: no references
[5437.323s][debug][gc,ref         ] GC(370) Skipped phase 3 of Reference Processing: no references
[5437.323s][debug][gc,phases      ] GC(370) Reference Processing 0.018ms
[5437.323s][debug][gc,phases      ] GC(370) Weak Processing 0.486ms
[5437.323s][debug][gc,age         ] GC(370) Desired survivor size 8388608 bytes, new threshold 15 (max threshold 15)
[5437.323s][info ][gc,heap        ] GC(370) PSYoungGen: 2081584K(2088960K)->928K(2088960K) Eden: 2080768K(2080768K)->0K(2080768K) From: 816K(8192K)->928K(8192K)
[5437.323s][info ][gc,heap        ] GC(370) ParOldGen: 440961K(507904K)->440977K(507904K)
[5437.323s][info ][gc,metaspace   ] GC(370) Metaspace: 78820K(79552K)->78820K(79552K) NonClass: 68175K(68544K)->68175K(68544K) Class: 10645K(11008K)->10645K(11008K)
[5437.323s][info ][gc             ] GC(370) Pause Young (Allocation Failure) 2463M->431M(2536M) 2.163ms
[5437.323s][info ][gc,cpu         ] GC(370) User=0.00s Sys=0.00s Real=0.00s
[5437.323s][info ][safepoint      ] Safepoint "ParallelGCFailedAllocation", Time since last: 3974124280 ns, Reaching safepoint: 32501 ns, At safepoint: 2239036 ns, Total: 2271537 ns
[5441.324s][info ][safepoint      ] Safepoint "Cleanup", Time since last: 4000232510 ns, Reaching safepoint: 46501 ns, At safepoint: 2700 ns, Total: 49201 ns
[5442.324s][info ][safepoint      ] Safepoint "Cleanup", Time since last: 1000103229 ns, Reaching safepoint: 50101 ns, At safepoint: 3100 ns, Total: 53201 ns
[5458.734s][info ][gc,start       ] GC(371) Pause Young (Allocation Failure)
[5458.737s][debug][gc,phases      ] GC(371) Scavenge 3.532ms
[5458.737s][debug][gc,ref         ] GC(371) Skipped phase 1 of Reference Processing: no references
[5458.737s][debug][gc,ref         ] GC(371) Skipped phase 3 of Reference Processing: no references
[5458.737s][debug][gc,phases      ] GC(371) Reference Processing 0.027ms
[5458.738s][debug][gc,phases      ] GC(371) Weak Processing 0.702ms
[5458.738s][debug][gc,age         ] GC(371) Desired survivor size 7864320 bytes, new threshold 15 (max threshold 15)
[5458.738s][info ][gc,heap        ] GC(371) PSYoungGen: 2081696K(2088960K)->960K(2089472K) Eden: 2080768K(2080768K)->0K(2081280K) From: 928K(8192K)->960K(8192K)
[5458.738s][info ][gc,heap        ] GC(371) ParOldGen: 440977K(507904K)->440993K(507904K)
[5458.738s][info ][gc,metaspace   ] GC(371) Metaspace: 78820K(79552K)->78820K(79552K) NonClass: 68175K(68544K)->68175K(68544K) Class: 10645K(11008K)->10645K(11008K)
[5458.738s][info ][gc             ] GC(371) Pause Young (Allocation Failure) 2463M->431M(2536M) 4.393ms
[5458.738s][info ][gc,cpu         ] GC(371) User=0.01s Sys=0.00s Real=0.01s
[5458.738s][info ][safepoint      ] Safepoint "ParallelGCFailedAllocation", Time since last: 16409505234 ns, Reaching safepoint: 143502 ns, At safepoint: 4510473 ns, Total: 4653975 ns
[5461.738s][info ][safepoint      ] Safepoint "Cleanup", Time since last: 3000235806 ns, Reaching safepoint: 59801 ns, At safepoint: 6200 ns, Total: 66001 ns
[5479.584s][info ][gc,start       ] GC(372) Pause Young (Allocation Failure)
[5479.585s][debug][gc,phases      ] GC(372) Scavenge 1.693ms
[5479.585s][debug][gc,ref         ] GC(372) Skipped phase 1 of Reference Processing: no references
[5479.585s][debug][gc,ref         ] GC(372) Skipped phase 3 of Reference Processing: no references
[5479.585s][debug][gc,phases      ] GC(372) Reference Processing 0.036ms
[5479.586s][debug][gc,phases      ] GC(372) Weak Processing 0.484ms
[5479.586s][debug][gc,age         ] GC(372) Desired survivor size 7864320 bytes, new threshold 15 (max threshold 15)
[5479.586s][info ][gc,heap        ] GC(372) PSYoungGen: 2082240K(2089472K)->944K(2088960K) Eden: 2081280K(2081280K)->0K(2081280K) From: 960K(8192K)->944K(7680K)
[5479.586s][info ][gc,heap        ] GC(372) ParOldGen: 440993K(507904K)->441009K(507904K)
[5479.586s][info ][gc,metaspace   ] GC(372) Metaspace: 78821K(79552K)->78821K(79552K) NonClass: 68175K(68544K)->68175K(68544K) Class: 10645K(11008K)->10645K(11008K)
[5479.586s][info ][gc             ] GC(372) Pause Young (Allocation Failure) 2464M->431M(2536M) 2.331ms
[5479.586s][info ][gc,cpu         ] GC(372) User=0.01s Sys=0.00s Real=0.01s
[5479.586s][info ][safepoint      ] Safepoint "ParallelGCFailedAllocation", Time since last: 17845011359 ns, Reaching safepoint: 112302 ns, At safepoint: 2423140 ns, Total: 2535442 ns
[5482.586s][info ][safepoint      ] Safepoint "Cleanup", Time since last: 3000239427 ns, Reaching safepoint: 73801 ns, At safepoint: 10700 ns, Total: 84501 ns
[5485.587s][info ][safepoint      ] Safepoint "Cleanup", Time since last: 3000248130 ns, Reaching safepoint: 66202 ns, At safepoint: 18400 ns, Total: 84602 ns
[5489.587s][info ][safepoint      ] Safepoint "Cleanup", Time since last: 4000330878 ns, Reaching safepoint: 121202 ns, At safepoint: 12001 ns, Total: 133203 ns
[5499.588s][info ][safepoint      ] Safepoint "Cleanup", Time since last: 10000745268 ns, Reaching safepoint: 52300 ns, At safepoint: 3400 ns, Total: 55700 ns
[5500.776s][info ][gc,start       ] GC(373) Pause Young (Allocation Failure)
[5500.778s][debug][gc,phases      ] GC(373) Scavenge 1.604ms
[5500.778s][debug][gc,ref         ] GC(373) Skipped phase 1 of Reference Processing: no references
[5500.778s][debug][gc,ref         ] GC(373) Skipped phase 3 of Reference Processing: no references
[5500.778s][debug][gc,phases      ] GC(373) Reference Processing 0.020ms
[5500.778s][debug][gc,phases      ] GC(373) Weak Processing 0.513ms
[5500.778s][debug][gc,age         ] GC(373) Desired survivor size 7340032 bytes, new threshold 15 (max threshold 15)
[5500.778s][info ][gc,heap        ] GC(373) PSYoungGen: 2082224K(2088960K)->1104K(2089984K) Eden: 2081280K(2081280K)->0K(2082304K) From: 944K(7680K)->1104K(7680K)
[5500.778s][info ][gc,heap        ] GC(373) ParOldGen: 441009K(507904K)->441017K(507904K)
[5500.778s][info ][gc,metaspace   ] GC(373) Metaspace: 78828K(79616K)->78828K(79616K) NonClass: 68182K(68608K)->68182K(68608K) Class: 10645K(11008K)->10645K(11008K)
[5500.778s][info ][gc             ] GC(373) Pause Young (Allocation Failure) 2464M->431M(2537M) 2.244ms
[5500.778s][info ][gc,cpu         ] GC(373) User=0.01s Sys=0.00s Real=0.01s
[5500.778s][info ][safepoint      ] Safepoint "ParallelGCFailedAllocation", Time since last: 1187888401 ns, Reaching safepoint: 105501 ns, At safepoint: 2344838 ns, Total: 2450339 ns
[5501.778s][info ][safepoint      ] Safepoint "Cleanup", Time since last: 1000090250 ns, Reaching safepoint: 41700 ns, At safepoint: 2900 ns, Total: 44600 ns
[5502.778s][info ][safepoint      ] Safepoint "Cleanup", Time since last: 1000108850 ns, Reaching safepoint: 29901 ns, At safepoint: 2900 ns, Total: 32801 ns
[5508.779s][info ][safepoint      ] Safepoint "Cleanup", Time since last: 6000454802 ns, Reaching safepoint: 49901 ns, At safepoint: 2700 ns, Total: 52601 ns
[5509.779s][info ][safepoint      ] Safepoint "Cleanup", Time since last: 1000114862 ns, Reaching safepoint: 66401 ns, At safepoint: 9600 ns, Total: 76001 ns
[5510.779s][info ][safepoint      ] Safepoint "Cleanup", Time since last: 1000100182 ns, Reaching safepoint: 51601 ns, At safepoint: 27300 ns, Total: 78901 ns
[5511.779s][info ][safepoint      ] Safepoint "Cleanup", Time since last: 1000094438 ns, Reaching safepoint: 56101 ns, At safepoint: 4300 ns, Total: 60401 ns
[5513.780s][info ][safepoint      ] Safepoint "Cleanup", Time since last: 2000172973 ns, Reaching safepoint: 49701 ns, At safepoint: 3000 ns, Total: 52701 ns
[5515.780s][info ][safepoint      ] Safepoint "Cleanup", Time since last: 2000193372 ns, Reaching safepoint: 48801 ns, At safepoint: 2800 ns, Total: 51601 ns
[5517.780s][info ][safepoint      ] Safepoint "Cleanup", Time since last: 2000185470 ns, Reaching safepoint: 50401 ns, At safepoint: 4700 ns, Total: 55101 ns
[5522.934s][info ][gc,start       ] GC(374) Pause Young (Allocation Failure)
[5522.936s][debug][gc,phases      ] GC(374) Scavenge 2.035ms
[5522.936s][debug][gc,ref         ] GC(374) Skipped phase 1 of Reference Processing: no references
[5522.936s][debug][gc,ref         ] GC(374) Skipped phase 3 of Reference Processing: no references
[5522.936s][debug][gc,phases      ] GC(374) Reference Processing 0.029ms
[5522.937s][debug][gc,phases      ] GC(374) Weak Processing 0.525ms
[5522.937s][debug][gc,age         ] GC(374) Desired survivor size 6815744 bytes, new threshold 15 (max threshold 15)
[5522.937s][info ][gc,heap        ] GC(374) PSYoungGen: 2083408K(2089984K)->1088K(2089472K) Eden: 2082304K(2082304K)->0K(2082304K) From: 1104K(7680K)->1088K(7168K)
[5522.937s][info ][gc,heap        ] GC(374) ParOldGen: 441017K(507904K)->441025K(507904K)
[5522.937s][info ][gc,metaspace   ] GC(374) Metaspace: 78831K(79616K)->78831K(79616K) NonClass: 68185K(68608K)->68185K(68608K) Class: 10645K(11008K)->10645K(11008K)
[5522.937s][info ][gc             ] GC(374) Pause Young (Allocation Failure) 2465M->431M(2536M) 2.711ms
[5522.937s][info ][gc,cpu         ] GC(374) User=0.01s Sys=0.00s Real=0.01s
[5522.937s][info ][safepoint      ] Safepoint "ParallelGCFailedAllocation", Time since last: 5153518615 ns, Reaching safepoint: 111301 ns, At safepoint: 2794047 ns, Total: 2905348 ns
[5542.938s][info ][safepoint      ] Safepoint "Cleanup", Time since last: 20001405767 ns, Reaching safepoint: 74302 ns, At safepoint: 17600 ns, Total: 91902 ns
[5545.639s][info ][gc,start       ] GC(375) Pause Young (Allocation Failure)
[5545.641s][debug][gc,phases      ] GC(375) Scavenge 1.841ms
[5545.641s][debug][gc,ref         ] GC(375) Skipped phase 1 of Reference Processing: no references
[5545.641s][debug][gc,ref         ] GC(375) Skipped phase 2 of Reference Processing: no references
[5545.641s][debug][gc,ref         ] GC(375) Skipped phase 3 of Reference Processing: no references
[5545.641s][debug][gc,ref         ] GC(375) Skipped phase 4 of Reference Processing: no references
[5545.641s][debug][gc,phases      ] GC(375) Reference Processing 0.022ms
[5545.642s][debug][gc,phases      ] GC(375) Weak Processing 0.611ms
[5545.642s][debug][gc,age         ] GC(375) Desired survivor size 6815744 bytes, new threshold 15 (max threshold 15)
[5545.642s][info ][gc,heap        ] GC(375) PSYoungGen: 2083392K(2089472K)->1072K(2090496K) Eden: 2082304K(2082304K)->0K(2083840K) From: 1088K(7168K)->1072K(6656K)
[5545.642s][info ][gc,heap        ] GC(375) ParOldGen: 441025K(507904K)->441053K(507904K)
[5545.642s][info ][gc,metaspace   ] GC(375) Metaspace: 78831K(79616K)->78831K(79616K) NonClass: 68185K(68608K)->68185K(68608K) Class: 10645K(11008K)->10645K(11008K)
[5545.642s][info ][gc             ] GC(375) Pause Young (Allocation Failure) 2465M->431M(2537M) 2.601ms
[5545.642s][info ][gc,cpu         ] GC(375) User=0.01s Sys=0.00s Real=0.00s
[5545.642s][info ][safepoint      ] Safepoint "ParallelGCFailedAllocation", Time since last: 2701242202 ns, Reaching safepoint: 35701 ns, At safepoint: 2675044 ns, Total: 2710745 ns
[5555.643s][info ][safepoint      ] Safepoint "Cleanup", Time since last: 10000655315 ns, Reaching safepoint: 110002 ns, At safepoint: 13400 ns, Total: 123402 ns
[5567.983s][info ][gc,start       ] GC(376) Pause Young (Allocation Failure)
[5567.985s][debug][gc,phases      ] GC(376) Scavenge 1.626ms
[5567.985s][debug][gc,ref         ] GC(376) Skipped phase 1 of Reference Processing: no references
[5567.985s][debug][gc,ref         ] GC(376) Skipped phase 2 of Reference Processing: no references
[5567.985s][debug][gc,ref         ] GC(376) Skipped phase 3 of Reference Processing: no references
[5567.985s][debug][gc,ref         ] GC(376) Skipped phase 4 of Reference Processing: no references
[5567.985s][debug][gc,phases      ] GC(376) Reference Processing 0.049ms
[5567.986s][debug][gc,phases      ] GC(376) Weak Processing 0.692ms
[5567.986s][debug][gc,age         ] GC(376) Desired survivor size 6291456 bytes, new threshold 15 (max threshold 15)
[5567.986s][info ][gc,heap        ] GC(376) PSYoungGen: 2084912K(2090496K)->1056K(2090496K) Eden: 2083840K(2083840K)->0K(2083840K) From: 1072K(6656K)->1056K(6656K)
[5567.986s][info ][gc,heap        ] GC(376) ParOldGen: 441053K(507904K)->441085K(507904K)
[5567.986s][info ][gc,metaspace   ] GC(376) Metaspace: 78831K(79616K)->78831K(79616K) NonClass: 68185K(68608K)->68185K(68608K) Class: 10645K(11008K)->10645K(11008K)
[5567.986s][info ][gc             ] GC(376) Pause Young (Allocation Failure) 2466M->431M(2537M) 2.568ms
[5567.986s][info ][gc,cpu         ] GC(376) User=0.01s Sys=0.00s Real=0.01s
[5567.986s][info ][safepoint      ] Safepoint "ParallelGCFailedAllocation", Time since last: 12340371650 ns, Reaching safepoint: 126702 ns, At safepoint: 2666844 ns, Total: 2793546 ns
[5590.334s][info ][gc,start       ] GC(377) Pause Young (Allocation Failure)
[5590.337s][debug][gc,phases      ] GC(377) Scavenge 1.998ms
[5590.337s][debug][gc,ref         ] GC(377) Skipped phase 1 of Reference Processing: no references
[5590.337s][debug][gc,ref         ] GC(377) Skipped phase 2 of Reference Processing: no references
[5590.337s][debug][gc,ref         ] GC(377) Skipped phase 3 of Reference Processing: no references
[5590.337s][debug][gc,ref         ] GC(377) Skipped phase 4 of Reference Processing: no references
[5590.337s][debug][gc,phases      ] GC(377) Reference Processing 0.031ms
[5590.337s][debug][gc,phases      ] GC(377) Weak Processing 0.697ms
[5590.337s][debug][gc,age         ] GC(377) Desired survivor size 6291456 bytes, new threshold 15 (max threshold 15)
[5590.337s][info ][gc,heap        ] GC(377) PSYoungGen: 2084896K(2090496K)->1088K(2091008K) Eden: 2083840K(2083840K)->0K(2084864K) From: 1056K(6656K)->1088K(6144K)
[5590.337s][info ][gc,heap        ] GC(377) ParOldGen: 441085K(507904K)->441101K(507904K)
[5590.337s][info ][gc,metaspace   ] GC(377) Metaspace: 78831K(79616K)->78831K(79616K) NonClass: 68185K(68608K)->68185K(68608K) Class: 10645K(11008K)->10645K(11008K)
[5590.337s][info ][gc             ] GC(377) Pause Young (Allocation Failure) 2466M->431M(2538M) 2.858ms
[5590.337s][info ][gc,cpu         ] GC(377) User=0.01s Sys=0.00s Real=0.01s
[5590.337s][info ][safepoint      ] Safepoint "ParallelGCFailedAllocation", Time since last: 22348283302 ns, Reaching safepoint: 157303 ns, At safepoint: 2962349 ns, Total: 3119652 ns
[5601.349s][info ][safepoint      ] Safepoint "Cleanup", Time since last: 11000811158 ns, Reaching safepoint: 10866280 ns, At safepoint: 13800 ns, Total: 10880080 ns
[5612.928s][info ][gc,start       ] GC(378) Pause Young (Allocation Failure)
[5612.932s][debug][gc,phases      ] GC(378) Scavenge 3.428ms
[5612.932s][debug][gc,ref         ] GC(378) Skipped phase 1 of Reference Processing: no references
[5612.932s][debug][gc,ref         ] GC(378) Skipped phase 2 of Reference Processing: no references
[5612.932s][debug][gc,ref         ] GC(378) Skipped phase 3 of Reference Processing: no references
[5612.932s][debug][gc,ref         ] GC(378) Skipped phase 4 of Reference Processing: no references
[5612.932s][debug][gc,phases      ] GC(378) Reference Processing 0.030ms
[5612.933s][debug][gc,phases      ] GC(378) Weak Processing 0.745ms
[5612.933s][debug][gc,age         ] GC(378) Desired survivor size 5767168 bytes, new threshold 15 (max threshold 15)
[5612.933s][info ][gc,heap        ] GC(378) PSYoungGen: 2085952K(2091008K)->1104K(2091008K) Eden: 2084864K(2084864K)->0K(2084864K) From: 1088K(6144K)->1104K(6144K)
[5612.933s][info ][gc,heap        ] GC(378) ParOldGen: 441101K(507904K)->441133K(507904K)
[5612.933s][info ][gc,metaspace   ] GC(378) Metaspace: 78831K(79616K)->78831K(79616K) NonClass: 68185K(68608K)->68185K(68608K) Class: 10645K(11008K)->10645K(11008K)
[5612.933s][info ][gc             ] GC(378) Pause Young (Allocation Failure) 2467M->431M(2538M) 4.378ms
[5612.933s][info ][gc,cpu         ] GC(378) User=0.01s Sys=0.00s Real=0.00s
[5612.933s][info ][safepoint      ] Safepoint "ParallelGCFailedAllocation", Time since last: 11575817960 ns, Reaching safepoint: 3259554 ns, At safepoint: 4474975 ns, Total: 7734529 ns
[5623.940s][info ][safepoint      ] Safepoint "Cleanup", Time since last: 11002928708 ns, Reaching safepoint: 4791979 ns, At safepoint: 10701 ns, Total: 4802680 ns
[5635.583s][info ][gc,start       ] GC(379) Pause Young (Allocation Failure)
[5635.585s][debug][gc,phases      ] GC(379) Scavenge 1.988ms
[5635.585s][debug][gc,ref         ] GC(379) Skipped phase 1 of Reference Processing: no references
[5635.585s][debug][gc,ref         ] GC(379) Skipped phase 2 of Reference Processing: no references
[5635.585s][debug][gc,ref         ] GC(379) Skipped phase 3 of Reference Processing: no references
[5635.585s][debug][gc,ref         ] GC(379) Skipped phase 4 of Reference Processing: no references
[5635.585s][debug][gc,phases      ] GC(379) Reference Processing 0.029ms
[5635.586s][debug][gc,phases      ] GC(379) Weak Processing 0.725ms
[5635.586s][debug][gc,age         ] GC(379) Desired survivor size 5767168 bytes, new threshold 15 (max threshold 15)
[5635.586s][info ][gc,heap        ] GC(379) PSYoungGen: 2085968K(2091008K)->1088K(2091520K) Eden: 2084864K(2084864K)->0K(2085888K) From: 1104K(6144K)->1088K(5632K)
[5635.586s][info ][gc,heap        ] GC(379) ParOldGen: 441133K(507904K)->441133K(507904K)
[5635.586s][info ][gc,metaspace   ] GC(379) Metaspace: 78831K(79616K)->78831K(79616K) NonClass: 68185K(68608K)->68185K(68608K) Class: 10645K(11008K)->10645K(11008K)
[5635.586s][info ][gc             ] GC(379) Pause Young (Allocation Failure) 2467M->431M(2538M) 2.887ms
[5635.586s][info ][gc,cpu         ] GC(379) User=0.01s Sys=0.00s Real=0.01s
[5635.586s][info ][safepoint      ] Safepoint "ParallelGCFailedAllocation", Time since last: 11642793084 ns, Reaching safepoint: 72901 ns, At safepoint: 2989050 ns, Total: 3061951 ns
[5642.587s][info ][safepoint      ] Safepoint "Cleanup", Time since last: 7000516236 ns, Reaching safepoint: 91701 ns, At safepoint: 10900 ns, Total: 102601 ns
[5650.588s][info ][safepoint      ] Safepoint "Cleanup", Time since last: 8000591108 ns, Reaching safepoint: 138302 ns, At safepoint: 9600 ns, Total: 147902 ns
[5652.588s][info ][safepoint      ] Safepoint "Cleanup", Time since last: 2000183575 ns, Reaching safepoint: 110902 ns, At safepoint: 6200 ns, Total: 117102 ns
[5657.588s][info ][safepoint      ] Safepoint "Cleanup", Time since last: 5000396829 ns, Reaching safepoint: 128702 ns, At safepoint: 11001 ns, Total: 139703 ns
[5658.435s][info ][gc,start       ] GC(380) Pause Young (Allocation Failure)
[5658.437s][debug][gc,phases      ] GC(380) Scavenge 1.730ms
[5658.437s][debug][gc,ref         ] GC(380) Skipped phase 1 of Reference Processing: no references
[5658.437s][debug][gc,ref         ] GC(380) Skipped phase 2 of Reference Processing: no references
[5658.437s][debug][gc,ref         ] GC(380) Skipped phase 3 of Reference Processing: no references
[5658.437s][debug][gc,ref         ] GC(380) Skipped phase 4 of Reference Processing: no references
[5658.437s][debug][gc,phases      ] GC(380) Reference Processing 0.022ms
[5658.437s][debug][gc,phases      ] GC(380) Weak Processing 0.497ms
[5658.437s][debug][gc,age         ] GC(380) Desired survivor size 5242880 bytes, new threshold 15 (max threshold 15)
[5658.437s][info ][gc,heap        ] GC(380) PSYoungGen: 2086976K(2091520K)->1200K(2091520K) Eden: 2085888K(2085888K)->0K(2085888K) From: 1088K(5632K)->1200K(5632K)
[5658.437s][info ][gc,heap        ] GC(380) ParOldGen: 441133K(507904K)->441149K(507904K)
[5658.437s][info ][gc,metaspace   ] GC(380) Metaspace: 78831K(79616K)->78831K(79616K) NonClass: 68185K(68608K)->68185K(68608K) Class: 10645K(11008K)->10645K(11008K)
[5658.437s][info ][gc             ] GC(380) Pause Young (Allocation Failure) 2468M->431M(2538M) 2.384ms
[5658.437s][info ][gc,cpu         ] GC(380) User=0.01s Sys=0.00s Real=0.01s
[5658.437s][info ][safepoint      ] Safepoint "ParallelGCFailedAllocation", Time since last: 846478837 ns, Reaching safepoint: 45401 ns, At safepoint: 2473441 ns, Total: 2518842 ns
[5662.438s][info ][safepoint      ] Safepoint "Cleanup", Time since last: 4000284437 ns, Reaching safepoint: 122102 ns, At safepoint: 7300 ns, Total: 129402 ns
[5680.873s][info ][gc,start       ] GC(381) Pause Young (Allocation Failure)
[5680.875s][debug][gc,phases      ] GC(381) Scavenge 1.834ms
[5680.875s][debug][gc,ref         ] GC(381) Skipped phase 1 of Reference Processing: no references
[5680.875s][debug][gc,ref         ] GC(381) Skipped phase 2 of Reference Processing: no references
[5680.875s][debug][gc,ref         ] GC(381) Skipped phase 3 of Reference Processing: no references
[5680.875s][debug][gc,ref         ] GC(381) Skipped phase 4 of Reference Processing: no references
[5680.875s][debug][gc,phases      ] GC(381) Reference Processing 0.022ms
[5680.875s][debug][gc,phases      ] GC(381) Weak Processing 0.578ms
[5680.875s][debug][gc,age         ] GC(381) Desired survivor size 4718592 bytes, new threshold 15 (max threshold 15)
[5680.875s][info ][gc,heap        ] GC(381) PSYoungGen: 2087088K(2091520K)->1088K(2092544K) Eden: 2085888K(2085888K)->0K(2087424K) From: 1200K(5632K)->1088K(5120K)
[5680.875s][info ][gc,heap        ] GC(381) ParOldGen: 441149K(507904K)->441173K(507904K)
[5680.875s][info ][gc,metaspace   ] GC(381) Metaspace: 78831K(79616K)->78831K(79616K) NonClass: 68185K(68608K)->68185K(68608K) Class: 10645K(11008K)->10645K(11008K)
[5680.875s][info ][gc             ] GC(381) Pause Young (Allocation Failure) 2468M->431M(2539M) 2.564ms
[5680.875s][info ][gc,cpu         ] GC(381) User=0.01s Sys=0.00s Real=0.00s
[5680.875s][info ][safepoint      ] Safepoint "ParallelGCFailedAllocation", Time since last: 18434732840 ns, Reaching safepoint: 55201 ns, At safepoint: 2658244 ns, Total: 2713445 ns
[5702.833s][info ][gc,start       ] GC(382) Pause Young (Allocation Failure)
[5702.835s][debug][gc,phases      ] GC(382) Scavenge 1.823ms
[5702.835s][debug][gc,ref         ] GC(382) Skipped phase 1 of Reference Processing: no references
[5702.835s][debug][gc,ref         ] GC(382) Skipped phase 2 of Reference Processing: no references
[5702.835s][debug][gc,ref         ] GC(382) Skipped phase 3 of Reference Processing: no references
[5702.835s][debug][gc,ref         ] GC(382) Skipped phase 4 of Reference Processing: no references
[5702.835s][debug][gc,phases      ] GC(382) Reference Processing 0.032ms
[5702.836s][debug][gc,phases      ] GC(382) Weak Processing 0.664ms
[5702.836s][debug][gc,age         ] GC(382) Desired survivor size 4718592 bytes, new threshold 15 (max threshold 15)
[5702.836s][info ][gc,heap        ] GC(382) PSYoungGen: 2088512K(2092544K)->1088K(2092032K) Eden: 2087424K(2087424K)->0K(2087424K) From: 1088K(5120K)->1088K(4608K)
[5702.836s][info ][gc,heap        ] GC(382) ParOldGen: 441173K(507904K)->441197K(507904K)
[5702.836s][info ][gc,metaspace   ] GC(382) Metaspace: 78831K(79616K)->78831K(79616K) NonClass: 68185K(68608K)->68185K(68608K) Class: 10645K(11008K)->10645K(11008K)
[5702.836s][info ][gc             ] GC(382) Pause Young (Allocation Failure) 2470M->431M(2539M) 2.678ms
[5702.836s][info ][gc,cpu         ] GC(382) User=0.01s Sys=0.00s Real=0.00s
[5702.836s][info ][safepoint      ] Safepoint "ParallelGCFailedAllocation", Time since last: 21957868722 ns, Reaching safepoint: 95801 ns, At safepoint: 2783446 ns, Total: 2879247 ns
[5705.836s][info ][safepoint      ] Safepoint "Cleanup", Time since last: 3000184514 ns, Reaching safepoint: 119802 ns, At safepoint: 7300 ns, Total: 127102 ns
[5709.837s][info ][safepoint      ] Safepoint "Cleanup", Time since last: 4000260381 ns, Reaching safepoint: 46000 ns, At safepoint: 5401 ns, Total: 51401 ns
[5717.837s][info ][safepoint      ] Safepoint "Cleanup", Time since last: 8000596449 ns, Reaching safepoint: 63201 ns, At safepoint: 10000 ns, Total: 73201 ns
[5722.838s][info ][safepoint      ] Safepoint "Cleanup", Time since last: 5000397435 ns, Reaching safepoint: 120102 ns, At safepoint: 12701 ns, Total: 132803 ns
[5725.082s][info ][gc,start       ] GC(383) Pause Young (Allocation Failure)
[5725.084s][debug][gc,phases      ] GC(383) Scavenge 1.706ms
[5725.084s][debug][gc,ref         ] GC(383) Skipped phase 1 of Reference Processing: no references
[5725.084s][debug][gc,ref         ] GC(383) Skipped phase 3 of Reference Processing: no references
[5725.084s][debug][gc,phases      ] GC(383) Reference Processing 0.020ms
[5725.084s][debug][gc,phases      ] GC(383) Weak Processing 0.581ms
[5725.084s][debug][gc,age         ] GC(383) Desired survivor size 4718592 bytes, new threshold 15 (max threshold 15)
[5725.084s][info ][gc,heap        ] GC(383) PSYoungGen: 2088512K(2092032K)->1120K(2092544K) Eden: 2087424K(2087424K)->0K(2087936K) From: 1088K(4608K)->1120K(4608K)
[5725.084s][info ][gc,heap        ] GC(383) ParOldGen: 441197K(507904K)->441245K(507904K)
[5725.084s][info ][gc,metaspace   ] GC(383) Metaspace: 78838K(79616K)->78838K(79616K) NonClass: 68192K(68608K)->68192K(68608K) Class: 10645K(11008K)->10645K(11008K)
[5725.085s][info ][gc             ] GC(383) Pause Young (Allocation Failure) 2470M->431M(2539M) 2.422ms
[5725.085s][info ][gc,cpu         ] GC(383) User=0.01s Sys=0.00s Real=0.01s
[5725.085s][info ][safepoint      ] Safepoint "ParallelGCFailedAllocation", Time since last: 2244033071 ns, Reaching safepoint: 143103 ns, At safepoint: 2508741 ns, Total: 2651844 ns
[5735.085s][info ][safepoint      ] Safepoint "Cleanup", Time since last: 10000681042 ns, Reaching safepoint: 138202 ns, At safepoint: 17201 ns, Total: 155403 ns
[5736.086s][info ][safepoint      ] Safepoint "Cleanup", Time since last: 1000122063 ns, Reaching safepoint: 78002 ns, At safepoint: 9500 ns, Total: 87502 ns
[5740.086s][info ][safepoint      ] Safepoint "Cleanup", Time since last: 4000319249 ns, Reaching safepoint: 126002 ns, At safepoint: 12600 ns, Total: 138602 ns
[5743.086s][info ][safepoint      ] Safepoint "Cleanup", Time since last: 3000255384 ns, Reaching safepoint: 134703 ns, At safepoint: 9800 ns, Total: 144503 ns
[5745.087s][info ][safepoint      ] Safepoint "Cleanup", Time since last: 2000189122 ns, Reaching safepoint: 39000 ns, At safepoint: 7600 ns, Total: 46600 ns
[5746.087s][info ][safepoint      ] Safepoint "Cleanup", Time since last: 1000110761 ns, Reaching safepoint: 108502 ns, At safepoint: 6800 ns, Total: 115302 ns
[5748.038s][info ][gc,start       ] GC(384) Pause Young (Allocation Failure)
[5748.040s][debug][gc,phases      ] GC(384) Scavenge 1.422ms
[5748.040s][debug][gc,ref         ] GC(384) Skipped phase 1 of Reference Processing: no references
[5748.040s][debug][gc,ref         ] GC(384) Skipped phase 3 of Reference Processing: no references
[5748.040s][debug][gc,phases      ] GC(384) Reference Processing 0.020ms
[5748.040s][debug][gc,phases      ] GC(384) Weak Processing 0.593ms
[5748.040s][debug][gc,age         ] GC(384) Desired survivor size 4194304 bytes, new threshold 15 (max threshold 15)
[5748.041s][info ][gc,heap        ] GC(384) PSYoungGen: 2089056K(2092544K)->1056K(2092544K) Eden: 2087936K(2087936K)->0K(2087936K) From: 1120K(4608K)->1056K(4608K)
[5748.041s][info ][gc,heap        ] GC(384) ParOldGen: 441245K(507904K)->441333K(507904K)
[5748.041s][info ][gc,metaspace   ] GC(384) Metaspace: 78838K(79616K)->78838K(79616K) NonClass: 68192K(68608K)->68192K(68608K) Class: 10645K(11008K)->10645K(11008K)
[5748.041s][info ][gc             ] GC(384) Pause Young (Allocation Failure) 2470M->432M(2539M) 2.163ms
[5748.041s][info ][gc,cpu         ] GC(384) User=0.01s Sys=0.00s Real=0.00s
[5748.041s][info ][safepoint      ] Safepoint "ParallelGCFailedAllocation", Time since last: 1951391112 ns, Reaching safepoint: 30701 ns, At safepoint: 2243937 ns, Total: 2274638 ns
[5749.041s][info ][safepoint      ] Safepoint "Cleanup", Time since last: 1000086060 ns, Reaching safepoint: 52101 ns, At safepoint: 3900 ns, Total: 56001 ns
[5762.042s][info ][safepoint      ] Safepoint "Cleanup", Time since last: 13000911348 ns, Reaching safepoint: 67902 ns, At safepoint: 5200 ns, Total: 73102 ns
[5770.733s][info ][gc,start       ] GC(385) Pause Young (Allocation Failure)
[5770.735s][debug][gc,phases      ] GC(385) Scavenge 1.577ms
[5770.735s][debug][gc,ref         ] GC(385) Skipped phase 1 of Reference Processing: no references
[5770.735s][debug][gc,ref         ] GC(385) Skipped phase 3 of Reference Processing: no references
[5770.735s][debug][gc,phases      ] GC(385) Reference Processing 0.020ms
[5770.735s][debug][gc,phases      ] GC(385) Weak Processing 0.537ms
[5770.735s][debug][gc,age         ] GC(385) Desired survivor size 4194304 bytes, new threshold 15 (max threshold 15)
[5770.736s][info ][gc,heap        ] GC(385) PSYoungGen: 2088992K(2092544K)->896K(2093056K) Eden: 2087936K(2087936K)->0K(2088960K) From: 1056K(4608K)->896K(4096K)
[5770.736s][info ][gc,heap        ] GC(385) ParOldGen: 441333K(507904K)->441501K(507904K)
[5770.736s][info ][gc,metaspace   ] GC(385) Metaspace: 78838K(79616K)->78838K(79616K) NonClass: 68192K(68608K)->68192K(68608K) Class: 10645K(11008K)->10645K(11008K)
[5770.736s][info ][gc             ] GC(385) Pause Young (Allocation Failure) 2471M->432M(2540M) 2.254ms
[5770.736s][info ][gc,cpu         ] GC(385) User=0.01s Sys=0.01s Real=0.00s
[5770.736s][info ][safepoint      ] Safepoint "ParallelGCFailedAllocation", Time since last: 8691405375 ns, Reaching safepoint: 118202 ns, At safepoint: 2346038 ns, Total: 2464240 ns
[5793.586s][info ][gc,start       ] GC(386) Pause Young (Allocation Failure)
[5793.587s][debug][gc,phases      ] GC(386) Scavenge 1.233ms
[5793.587s][debug][gc,ref         ] GC(386) Skipped phase 1 of Reference Processing: no references
[5793.587s][debug][gc,ref         ] GC(386) Skipped phase 2 of Reference Processing: no references
[5793.587s][debug][gc,ref         ] GC(386) Skipped phase 3 of Reference Processing: no references
[5793.587s][debug][gc,ref         ] GC(386) Skipped phase 4 of Reference Processing: no references
[5793.587s][debug][gc,phases      ] GC(386) Reference Processing 0.021ms
[5793.587s][debug][gc,phases      ] GC(386) Weak Processing 0.476ms
[5793.587s][debug][gc,age         ] GC(386) Desired survivor size 4194304 bytes, new threshold 15 (max threshold 15)
[5793.587s][info ][gc,heap        ] GC(386) PSYoungGen: 2089856K(2093056K)->864K(2093056K) Eden: 2088960K(2088960K)->0K(2088960K) From: 896K(4096K)->864K(4096K)
[5793.587s][info ][gc,heap        ] GC(386) ParOldGen: 441501K(507904K)->441549K(507904K)
[5793.587s][info ][gc,metaspace   ] GC(386) Metaspace: 78838K(79616K)->78838K(79616K) NonClass: 68192K(68608K)->68192K(68608K) Class: 10645K(11008K)->10645K(11008K)
[5793.587s][info ][gc             ] GC(386) Pause Young (Allocation Failure) 2472M->432M(2540M) 1.837ms
[5793.587s][info ][gc,cpu         ] GC(386) User=0.00s Sys=0.00s Real=0.00s
[5793.587s][info ][safepoint      ] Safepoint "ParallelGCFailedAllocation", Time since last: 22849870163 ns, Reaching safepoint: 128102 ns, At safepoint: 1916032 ns, Total: 2044134 ns
[5806.588s][info ][safepoint      ] Safepoint "Cleanup", Time since last: 13000797006 ns, Reaching safepoint: 56601 ns, At safepoint: 7200 ns, Total: 63801 ns
[5816.333s][info ][gc,start       ] GC(387) Pause Young (Allocation Failure)
[5816.335s][debug][gc,phases      ] GC(387) Scavenge 1.341ms
[5816.335s][debug][gc,ref         ] GC(387) Skipped phase 1 of Reference Processing: no references
[5816.335s][debug][gc,ref         ] GC(387) Skipped phase 2 of Reference Processing: no references
[5816.335s][debug][gc,ref         ] GC(387) Skipped phase 3 of Reference Processing: no references
[5816.335s][debug][gc,ref         ] GC(387) Skipped phase 4 of Reference Processing: no references
[5816.335s][debug][gc,phases      ] GC(387) Reference Processing 0.022ms
[5816.335s][debug][gc,phases      ] GC(387) Weak Processing 0.482ms
[5816.335s][debug][gc,age         ] GC(387) Desired survivor size 3670016 bytes, new threshold 15 (max threshold 15)
[5816.335s][info ][gc,heap        ] GC(387) PSYoungGen: 2089824K(2093056K)->848K(2093568K) Eden: 2088960K(2088960K)->0K(2089472K) From: 864K(4096K)->848K(4096K)
[5816.335s][info ][gc,heap        ] GC(387) ParOldGen: 441549K(507904K)->441565K(507904K)
[5816.335s][info ][gc,metaspace   ] GC(387) Metaspace: 78839K(79616K)->78839K(79616K) NonClass: 68193K(68608K)->68193K(68608K) Class: 10645K(11008K)->10645K(11008K)
[5816.335s][info ][gc             ] GC(387) Pause Young (Allocation Failure) 2472M->432M(2540M) 1.976ms
[5816.335s][info ][gc,cpu         ] GC(387) User=0.00s Sys=0.01s Real=0.00s
[5816.335s][info ][safepoint      ] Safepoint "ParallelGCFailedAllocation", Time since last: 9744808108 ns, Reaching safepoint: 114602 ns, At safepoint: 2069234 ns, Total: 2183836 ns
[5839.039s][info ][gc,start       ] GC(388) Pause Young (Allocation Failure)
[5839.040s][debug][gc,phases      ] GC(388) Scavenge 1.160ms
[5839.040s][debug][gc,ref         ] GC(388) Skipped phase 1 of Reference Processing: no references
[5839.040s][debug][gc,ref         ] GC(388) Skipped phase 2 of Reference Processing: no references
[5839.040s][debug][gc,ref         ] GC(388) Skipped phase 3 of Reference Processing: no references
[5839.040s][debug][gc,ref         ] GC(388) Skipped phase 4 of Reference Processing: no references
[5839.040s][debug][gc,phases      ] GC(388) Reference Processing 0.030ms
[5839.040s][debug][gc,phases      ] GC(388) Weak Processing 0.496ms
[5839.040s][debug][gc,age         ] GC(388) Desired survivor size 3670016 bytes, new threshold 15 (max threshold 15)
[5839.040s][info ][gc,heap        ] GC(388) PSYoungGen: 2090320K(2093568K)->848K(2093056K) Eden: 2089472K(2089472K)->0K(2089472K) From: 848K(4096K)->848K(3584K)
[5839.040s][info ][gc,heap        ] GC(388) ParOldGen: 441565K(507904K)->441589K(507904K)
[5839.040s][info ][gc,metaspace   ] GC(388) Metaspace: 78839K(79616K)->78839K(79616K) NonClass: 68193K(68608K)->68193K(68608K) Class: 10645K(11008K)->10645K(11008K)
[5839.040s][info ][gc             ] GC(388) Pause Young (Allocation Failure) 2472M->432M(2540M) 1.781ms
[5839.040s][info ][gc,cpu         ] GC(388) User=0.00s Sys=0.00s Real=0.00s
[5839.040s][info ][safepoint      ] Safepoint "ParallelGCFailedAllocation", Time since last: 22703178797 ns, Reaching safepoint: 47600 ns, At safepoint: 1848331 ns, Total: 1895931 ns
[5854.041s][info ][safepoint      ] Safepoint "Cleanup", Time since last: 15000974745 ns, Reaching safepoint: 85902 ns, At safepoint: 5300 ns, Total: 91202 ns
[5861.782s][info ][gc,start       ] GC(389) Pause Young (Allocation Failure)
[5861.783s][debug][gc,phases      ] GC(389) Scavenge 1.381ms
[5861.783s][debug][gc,ref         ] GC(389) Skipped phase 1 of Reference Processing: no references
[5861.783s][debug][gc,ref         ] GC(389) Skipped phase 2 of Reference Processing: no references
[5861.783s][debug][gc,ref         ] GC(389) Skipped phase 3 of Reference Processing: no references
[5861.783s][debug][gc,ref         ] GC(389) Skipped phase 4 of Reference Processing: no references
[5861.783s][debug][gc,phases      ] GC(389) Reference Processing 0.022ms
[5861.784s][debug][gc,phases      ] GC(389) Weak Processing 0.490ms
[5861.784s][debug][gc,age         ] GC(389) Desired survivor size 3670016 bytes, new threshold 15 (max threshold 15)
[5861.784s][info ][gc,heap        ] GC(389) PSYoungGen: 2090320K(2093056K)->848K(2093568K) Eden: 2089472K(2089472K)->0K(2089984K) From: 848K(3584K)->848K(3584K)
[5861.784s][info ][gc,heap        ] GC(389) ParOldGen: 441589K(507904K)->441621K(507904K)
[5861.784s][info ][gc,metaspace   ] GC(389) Metaspace: 78839K(79616K)->78839K(79616K) NonClass: 68193K(68608K)->68193K(68608K) Class: 10645K(11008K)->10645K(11008K)
[5861.784s][info ][gc             ] GC(389) Pause Young (Allocation Failure) 2472M->432M(2540M) 2.020ms
[5861.784s][info ][gc,cpu         ] GC(389) User=0.01s Sys=0.00s Real=0.00s
[5861.784s][info ][safepoint      ] Safepoint "ParallelGCFailedAllocation", Time since last: 7740257869 ns, Reaching safepoint: 26100 ns, At safepoint: 2092835 ns, Total: 2118935 ns
[5884.433s][info ][gc,start       ] GC(390) Pause Young (Allocation Failure)
[5884.434s][debug][gc,phases      ] GC(390) Scavenge 1.319ms
[5884.434s][debug][gc,ref         ] GC(390) Skipped phase 1 of Reference Processing: no references
[5884.434s][debug][gc,ref         ] GC(390) Skipped phase 2 of Reference Processing: no references
[5884.434s][debug][gc,ref         ] GC(390) Skipped phase 3 of Reference Processing: no references
[5884.434s][debug][gc,ref         ] GC(390) Skipped phase 4 of Reference Processing: no references
[5884.434s][debug][gc,phases      ] GC(390) Reference Processing 0.042ms
[5884.435s][debug][gc,phases      ] GC(390) Weak Processing 0.554ms
[5884.435s][debug][gc,age         ] GC(390) Desired survivor size 3145728 bytes, new threshold 15 (max threshold 15)
[5884.435s][info ][gc,heap        ] GC(390) PSYoungGen: 2090832K(2093568K)->864K(2093568K) Eden: 2089984K(2089984K)->0K(2089984K) From: 848K(3584K)->864K(3584K)
[5884.435s][info ][gc,heap        ] GC(390) ParOldGen: 441621K(507904K)->441645K(507904K)
[5884.435s][info ][gc,metaspace   ] GC(390) Metaspace: 78839K(79616K)->78839K(79616K) NonClass: 68193K(68608K)->68193K(68608K) Class: 10645K(11008K)->10645K(11008K)
[5884.435s][info ][gc             ] GC(390) Pause Young (Allocation Failure) 2473M->432M(2540M) 2.026ms
[5884.435s][info ][gc,cpu         ] GC(390) User=0.00s Sys=0.00s Real=0.00s
[5884.435s][info ][safepoint      ] Safepoint "ParallelGCFailedAllocation", Time since last: 22648708078 ns, Reaching safepoint: 66002 ns, At safepoint: 2097734 ns, Total: 2163736 ns
[5906.727s][info ][gc,start       ] GC(391) Pause Young (Allocation Failure)
[5906.728s][debug][gc,phases      ] GC(391) Scavenge 1.394ms
[5906.728s][debug][gc,ref         ] GC(391) Skipped phase 1 of Reference Processing: no references
[5906.728s][debug][gc,ref         ] GC(391) Skipped phase 2 of Reference Processing: no references
[5906.728s][debug][gc,ref         ] GC(391) Skipped phase 3 of Reference Processing: no references
[5906.728s][debug][gc,ref         ] GC(391) Skipped phase 4 of Reference Processing: no references
[5906.728s][debug][gc,phases      ] GC(391) Reference Processing 0.041ms
[5906.729s][debug][gc,phases      ] GC(391) Weak Processing 0.673ms
[5906.729s][debug][gc,age         ] GC(391) Desired survivor size 3145728 bytes, new threshold 15 (max threshold 15)
[5906.729s][info ][gc,heap        ] GC(391) PSYoungGen: 2090848K(2093568K)->784K(2094080K) Eden: 2089984K(2089984K)->0K(2091008K) From: 864K(3584K)->784K(3072K)
[5906.729s][info ][gc,heap        ] GC(391) ParOldGen: 441645K(507904K)->441689K(507904K)
[5906.729s][info ][gc,metaspace   ] GC(391) Metaspace: 78840K(79616K)->78840K(79616K) NonClass: 68194K(68608K)->68194K(68608K) Class: 10645K(11008K)->10645K(11008K)
[5906.729s][info ][gc             ] GC(391) Pause Young (Allocation Failure) 2473M->432M(2541M) 2.270ms
[5906.729s][info ][gc,cpu         ] GC(391) User=0.01s Sys=0.01s Real=0.00s
[5906.729s][info ][safepoint      ] Safepoint "ParallelGCFailedAllocation", Time since last: 22291805080 ns, Reaching safepoint: 28801 ns, At safepoint: 2357639 ns, Total: 2386440 ns
[5919.730s][info ][safepoint      ] Safepoint "Cleanup", Time since last: 13000886101 ns, Reaching safepoint: 125402 ns, At safepoint: 6900 ns, Total: 132302 ns
[5920.730s][info ][safepoint      ] Safepoint "Cleanup", Time since last: 1000126523 ns, Reaching safepoint: 76701 ns, At safepoint: 5300 ns, Total: 82001 ns
[5923.730s][info ][safepoint      ] Safepoint "Cleanup", Time since last: 3000237665 ns, Reaching safepoint: 48201 ns, At safepoint: 2700 ns, Total: 50901 ns
[5929.290s][info ][gc,start       ] GC(392) Pause Young (Allocation Failure)
[5929.291s][debug][gc,phases      ] GC(392) Scavenge 1.149ms
[5929.291s][debug][gc,ref         ] GC(392) Skipped phase 1 of Reference Processing: no references
[5929.291s][debug][gc,ref         ] GC(392) Skipped phase 2 of Reference Processing: no references
[5929.291s][debug][gc,ref         ] GC(392) Skipped phase 3 of Reference Processing: no references
[5929.291s][debug][gc,ref         ] GC(392) Skipped phase 4 of Reference Processing: no references
[5929.291s][debug][gc,phases      ] GC(392) Reference Processing 0.021ms
[5929.291s][debug][gc,phases      ] GC(392) Weak Processing 0.535ms
[5929.291s][debug][gc,age         ] GC(392) Desired survivor size 3145728 bytes, new threshold 15 (max threshold 15)
[5929.291s][info ][gc,heap        ] GC(392) PSYoungGen: 2091792K(2094080K)->800K(2094080K) Eden: 2091008K(2091008K)->0K(2091008K) From: 784K(3072K)->800K(3072K)
[5929.291s][info ][gc,heap        ] GC(392) ParOldGen: 441689K(507904K)->441757K(507904K)
[5929.291s][info ][gc,metaspace   ] GC(392) Metaspace: 78841K(79616K)->78841K(79616K) NonClass: 68195K(68608K)->68195K(68608K) Class: 10645K(11008K)->10645K(11008K)
[5929.291s][info ][gc             ] GC(392) Pause Young (Allocation Failure) 2474M->432M(2541M) 1.834ms
[5929.291s][info ][gc,cpu         ] GC(392) User=0.01s Sys=0.00s Real=0.00s
[5929.292s][info ][safepoint      ] Safepoint "ParallelGCFailedAllocation", Time since last: 5559121334 ns, Reaching safepoint: 38801 ns, At safepoint: 1963632 ns, Total: 2002433 ns
[5952.026s][info ][gc,start       ] GC(393) Pause Young (Allocation Failure)
[5952.027s][debug][gc,phases      ] GC(393) Scavenge 1.422ms
[5952.027s][debug][gc,ref         ] GC(393) Skipped phase 1 of Reference Processing: no references
[5952.027s][debug][gc,ref         ] GC(393) Skipped phase 2 of Reference Processing: no references
[5952.027s][debug][gc,ref         ] GC(393) Skipped phase 3 of Reference Processing: no references
[5952.027s][debug][gc,ref         ] GC(393) Skipped phase 4 of Reference Processing: no references
[5952.027s][debug][gc,phases      ] GC(393) Reference Processing 0.033ms
[5952.028s][debug][gc,phases      ] GC(393) Weak Processing 0.532ms
[5952.028s][debug][gc,age         ] GC(393) Desired survivor size 3145728 bytes, new threshold 15 (max threshold 15)
[5952.028s][info ][gc,heap        ] GC(393) PSYoungGen: 2091808K(2094080K)->800K(2094080K) Eden: 2091008K(2091008K)->0K(2091008K) From: 800K(3072K)->800K(3072K)
[5952.028s][info ][gc,heap        ] GC(393) ParOldGen: 441757K(507904K)->441789K(507904K)
[5952.028s][info ][gc,metaspace   ] GC(393) Metaspace: 78841K(79616K)->78841K(79616K) NonClass: 68195K(68608K)->68195K(68608K) Class: 10645K(11008K)->10645K(11008K)
[5952.028s][info ][gc             ] GC(393) Pause Young (Allocation Failure) 2474M->432M(2541M) 2.093ms
[5952.028s][info ][gc,cpu         ] GC(393) User=0.00s Sys=0.00s Real=0.00s
[5952.028s][info ][safepoint      ] Safepoint "ParallelGCFailedAllocation", Time since last: 22734228702 ns, Reaching safepoint: 60301 ns, At safepoint: 2169836 ns, Total: 2230137 ns
[5968.029s][info ][safepoint      ] Safepoint "Cleanup", Time since last: 16001023536 ns, Reaching safepoint: 42900 ns, At safepoint: 7201 ns, Total: 50101 ns
[5969.029s][info ][safepoint      ] Safepoint "Cleanup", Time since last: 1000114814 ns, Reaching safepoint: 40100 ns, At safepoint: 6401 ns, Total: 46501 ns
[5974.030s][info ][safepoint      ] Safepoint "Cleanup", Time since last: 5000373664 ns, Reaching safepoint: 73502 ns, At safepoint: 9100 ns, Total: 82602 ns
[5974.735s][info ][gc,start       ] GC(394) Pause Young (Allocation Failure)
[5974.736s][debug][gc,phases      ] GC(394) Scavenge 1.334ms
[5974.736s][debug][gc,ref         ] GC(394) Skipped phase 1 of Reference Processing: no references
[5974.736s][debug][gc,ref         ] GC(394) Skipped phase 2 of Reference Processing: no references
[5974.736s][debug][gc,ref         ] GC(394) Skipped phase 3 of Reference Processing: no references
[5974.736s][debug][gc,ref         ] GC(394) Skipped phase 4 of Reference Processing: no references
[5974.736s][debug][gc,phases      ] GC(394) Reference Processing 0.021ms
[5974.737s][debug][gc,phases      ] GC(394) Weak Processing 0.546ms
[5974.737s][debug][gc,age         ] GC(394) Desired survivor size 2621440 bytes, new threshold 15 (max threshold 15)
[5974.737s][info ][gc,heap        ] GC(394) PSYoungGen: 2091808K(2094080K)->816K(2094080K) Eden: 2091008K(2091008K)->0K(2091008K) From: 800K(3072K)->816K(3072K)
[5974.737s][info ][gc,heap        ] GC(394) ParOldGen: 441789K(507904K)->441805K(507904K)
[5974.737s][info ][gc,metaspace   ] GC(394) Metaspace: 78841K(79616K)->78841K(79616K) NonClass: 68196K(68608K)->68196K(68608K) Class: 10645K(11008K)->10645K(11008K)
[5974.737s][info ][gc             ] GC(394) Pause Young (Allocation Failure) 2474M->432M(2541M) 2.053ms
[5974.737s][info ][gc,cpu         ] GC(394) User=0.00s Sys=0.00s Real=0.01s
[5974.737s][info ][safepoint      ] Safepoint "ParallelGCFailedAllocation", Time since last: 705053541 ns, Reaching safepoint: 26300 ns, At safepoint: 2124336 ns, Total: 2150636 ns
[5987.738s][info ][safepoint      ] Safepoint "Cleanup", Time since last: 13000915047 ns, Reaching safepoint: 42700 ns, At safepoint: 9100 ns, Total: 51800 ns
[5994.739s][info ][safepoint      ] Safepoint "Cleanup", Time since last: 7000562569 ns, Reaching safepoint: 126002 ns, At safepoint: 11201 ns, Total: 137203 ns
[5997.584s][info ][gc,start       ] GC(395) Pause Young (Allocation Failure)
[5997.585s][debug][gc,phases      ] GC(395) Scavenge 1.413ms
[5997.585s][debug][gc,ref         ] GC(395) Skipped phase 1 of Reference Processing: no references
[5997.585s][debug][gc,ref         ] GC(395) Skipped phase 2 of Reference Processing: no references
[5997.585s][debug][gc,ref         ] GC(395) Skipped phase 3 of Reference Processing: no references
[5997.585s][debug][gc,ref         ] GC(395) Skipped phase 4 of Reference Processing: no references
[5997.585s][debug][gc,phases      ] GC(395) Reference Processing 0.029ms
[5997.586s][debug][gc,phases      ] GC(395) Weak Processing 0.667ms
[5997.586s][debug][gc,age         ] GC(395) Desired survivor size 2621440 bytes, new threshold 15 (max threshold 15)
[5997.586s][info ][gc,heap        ] GC(395) PSYoungGen: 2091824K(2094080K)->800K(2094592K) Eden: 2091008K(2091008K)->0K(2092032K) From: 816K(3072K)->800K(2560K)
[5997.586s][info ][gc,heap        ] GC(395) ParOldGen: 441805K(507904K)->441829K(507904K)
[5997.586s][info ][gc,metaspace   ] GC(395) Metaspace: 78843K(79616K)->78843K(79616K) NonClass: 68197K(68608K)->68197K(68608K) Class: 10645K(11008K)->10645K(11008K)
[5997.586s][info ][gc             ] GC(395) Pause Young (Allocation Failure) 2474M->432M(2541M) 2.255ms
[5997.586s][info ][gc,cpu         ] GC(395) User=0.00s Sys=0.00s Real=0.01s
[5997.586s][info ][safepoint      ] Safepoint "ParallelGCFailedAllocation", Time since last: 2845017564 ns, Reaching safepoint: 38901 ns, At safepoint: 2340139 ns, Total: 2379040 ns
[6004.587s][info ][safepoint      ] Safepoint "Cleanup", Time since last: 7000528957 ns, Reaching safepoint: 138102 ns, At safepoint: 7501 ns, Total: 145603 ns
[6020.333s][info ][gc,start       ] GC(396) Pause Young (Allocation Failure)
[6020.335s][debug][gc,phases      ] GC(396) Scavenge 1.543ms
[6020.335s][debug][gc,ref         ] GC(396) Skipped phase 1 of Reference Processing: no references
[6020.335s][debug][gc,ref         ] GC(396) Skipped phase 2 of Reference Processing: no references
[6020.335s][debug][gc,ref         ] GC(396) Skipped phase 3 of Reference Processing: no references
[6020.335s][debug][gc,ref         ] GC(396) Skipped phase 4 of Reference Processing: no references
[6020.335s][debug][gc,phases      ] GC(396) Reference Processing 0.021ms
[6020.336s][debug][gc,phases      ] GC(396) Weak Processing 0.473ms
[6020.336s][debug][gc,age         ] GC(396) Desired survivor size 2621440 bytes, new threshold 15 (max threshold 15)
[6020.336s][info ][gc,heap        ] GC(396) PSYoungGen: 2092832K(2094592K)->784K(2094592K) Eden: 2092032K(2092032K)->0K(2092032K) From: 800K(2560K)->784K(2560K)
[6020.336s][info ][gc,heap        ] GC(396) ParOldGen: 441829K(507904K)->441861K(507904K)
[6020.336s][info ][gc,metaspace   ] GC(396) Metaspace: 78843K(79616K)->78843K(79616K) NonClass: 68197K(68608K)->68197K(68608K) Class: 10645K(11008K)->10645K(11008K)
[6020.336s][info ][gc             ] GC(396) Pause Young (Allocation Failure) 2475M->432M(2541M) 2.153ms
[6020.336s][info ][gc,cpu         ] GC(396) User=0.00s Sys=0.00s Real=0.00s
[6020.336s][info ][safepoint      ] Safepoint "ParallelGCFailedAllocation", Time since last: 15746621001 ns, Reaching safepoint: 113302 ns, At safepoint: 2231536 ns, Total: 2344838 ns
[6024.336s][info ][safepoint      ] Safepoint "Cleanup", Time since last: 4000301620 ns, Reaching safepoint: 124202 ns, At safepoint: 11200 ns, Total: 135402 ns
[6042.986s][info ][gc,start       ] GC(397) Pause Young (Allocation Failure)
[6042.995s][debug][gc,phases      ] GC(397) Scavenge 9.776ms
[6042.996s][debug][gc,ref         ] GC(397) Skipped phase 1 of Reference Processing: no references
[6042.996s][debug][gc,ref         ] GC(397) Skipped phase 3 of Reference Processing: no references
[6042.996s][debug][gc,phases      ] GC(397) Reference Processing 0.038ms
[6042.996s][debug][gc,phases      ] GC(397) Weak Processing 0.668ms
[6042.996s][debug][gc,age         ] GC(397) Desired survivor size 2621440 bytes, new threshold 15 (max threshold 15)
[6042.996s][info ][gc,heap        ] GC(397) PSYoungGen: 2092816K(2094592K)->784K(2094592K) Eden: 2092032K(2092032K)->0K(2092032K) From: 784K(2560K)->784K(2560K)
[6042.996s][info ][gc,heap        ] GC(397) ParOldGen: 441861K(507904K)->441909K(507904K)
[6042.996s][info ][gc,metaspace   ] GC(397) Metaspace: 78849K(79616K)->78849K(79616K) NonClass: 68203K(68608K)->68203K(68608K) Class: 10645K(11008K)->10645K(11008K)
[6042.996s][info ][gc             ] GC(397) Pause Young (Allocation Failure) 2475M->432M(2541M) 10.624ms
[6042.996s][info ][gc,cpu         ] GC(397) User=0.00s Sys=0.00s Real=0.01s
[6042.996s][info ][safepoint      ] Safepoint "ParallelGCFailedAllocation", Time since last: 18649467654 ns, Reaching safepoint: 91302 ns, At safepoint: 10728577 ns, Total: 10819879 ns
[6065.834s][info ][gc,start       ] GC(398) Pause Young (Allocation Failure)
[6065.836s][debug][gc,phases      ] GC(398) Scavenge 1.386ms
[6065.836s][debug][gc,ref         ] GC(398) Skipped phase 1 of Reference Processing: no references
[6065.836s][debug][gc,ref         ] GC(398) Skipped phase 3 of Reference Processing: no references
[6065.836s][debug][gc,phases      ] GC(398) Reference Processing 0.025ms
[6065.836s][debug][gc,phases      ] GC(398) Weak Processing 0.692ms
[6065.836s][debug][gc,age         ] GC(398) Desired survivor size 2621440 bytes, new threshold 15 (max threshold 15)
[6065.836s][info ][gc,heap        ] GC(398) PSYoungGen: 2092816K(2094592K)->752K(2094592K) Eden: 2092032K(2092032K)->0K(2092032K) From: 784K(2560K)->752K(2560K)
[6065.836s][info ][gc,heap        ] GC(398) ParOldGen: 441909K(507904K)->441941K(507904K)
[6065.836s][info ][gc,metaspace   ] GC(398) Metaspace: 78850K(79616K)->78850K(79616K) NonClass: 68204K(68608K)->68204K(68608K) Class: 10645K(11008K)->10645K(11008K)
[6065.836s][info ][gc             ] GC(398) Pause Young (Allocation Failure) 2475M->432M(2541M) 2.240ms
[6065.836s][info ][gc,cpu         ] GC(398) User=0.00s Sys=0.00s Real=0.01s
[6065.836s][info ][safepoint      ] Safepoint "ParallelGCFailedAllocation", Time since last: 22837540897 ns, Reaching safepoint: 152902 ns, At safepoint: 2346439 ns, Total: 2499341 ns
[6083.838s][info ][safepoint      ] Safepoint "Cleanup", Time since last: 18001258352 ns, Reaching safepoint: 60001 ns, At safepoint: 3300 ns, Total: 63301 ns
[6087.838s][info ][safepoint      ] Safepoint "Cleanup", Time since last: 4000302684 ns, Reaching safepoint: 45001 ns, At safepoint: 5200 ns, Total: 50201 ns
[6088.633s][info ][gc,start       ] GC(399) Pause Young (Allocation Failure)
[6088.634s][debug][gc,phases      ] GC(399) Scavenge 1.272ms
[6088.634s][debug][gc,ref         ] GC(399) Skipped phase 1 of Reference Processing: no references
[6088.634s][debug][gc,ref         ] GC(399) Skipped phase 2 of Reference Processing: no references
[6088.634s][debug][gc,ref         ] GC(399) Skipped phase 3 of Reference Processing: no references
[6088.634s][debug][gc,ref         ] GC(399) Skipped phase 4 of Reference Processing: no references
[6088.634s][debug][gc,phases      ] GC(399) Reference Processing 0.022ms
[6088.635s][debug][gc,phases      ] GC(399) Weak Processing 0.516ms
[6088.635s][debug][gc,age         ] GC(399) Desired survivor size 2097152 bytes, new threshold 15 (max threshold 15)
[6088.635s][info ][gc,heap        ] GC(399) PSYoungGen: 2092784K(2094592K)->752K(2095104K) Eden: 2092032K(2092032K)->0K(2092544K) From: 752K(2560K)->752K(2560K)
[6088.635s][info ][gc,heap        ] GC(399) ParOldGen: 441941K(507904K)->441949K(507904K)
[6088.635s][info ][gc,metaspace   ] GC(399) Metaspace: 78851K(79616K)->78851K(79616K) NonClass: 68205K(68608K)->68205K(68608K) Class: 10645K(11008K)->10645K(11008K)
[6088.635s][info ][gc             ] GC(399) Pause Young (Allocation Failure) 2475M->432M(2542M) 1.942ms
[6088.635s][info ][gc,cpu         ] GC(399) User=0.00s Sys=0.00s Real=0.00s
[6088.635s][info ][safepoint      ] Safepoint "ParallelGCFailedAllocation", Time since last: 794687308 ns, Reaching safepoint: 34500 ns, At safepoint: 2013033 ns, Total: 2047533 ns
[6104.636s][info ][safepoint      ] Safepoint "Cleanup", Time since last: 16001117111 ns, Reaching safepoint: 165103 ns, At safepoint: 19700 ns, Total: 184803 ns
[6111.284s][info ][gc,start       ] GC(400) Pause Young (Allocation Failure)
[6111.286s][debug][gc,phases      ] GC(400) Scavenge 1.528ms
[6111.286s][debug][gc,ref         ] GC(400) Skipped phase 1 of Reference Processing: no references
[6111.286s][debug][gc,ref         ] GC(400) Skipped phase 2 of Reference Processing: no references
[6111.286s][debug][gc,ref         ] GC(400) Skipped phase 3 of Reference Processing: no references
[6111.286s][debug][gc,ref         ] GC(400) Skipped phase 4 of Reference Processing: no references
[6111.286s][debug][gc,phases      ] GC(400) Reference Processing 0.021ms
[6111.286s][debug][gc,phases      ] GC(400) Weak Processing 0.529ms
[6111.286s][debug][gc,age         ] GC(400) Desired survivor size 2097152 bytes, new threshold 15 (max threshold 15)
[6111.286s][info ][gc,heap        ] GC(400) PSYoungGen: 2093296K(2095104K)->864K(2094592K) Eden: 2092544K(2092544K)->0K(2092544K) From: 752K(2560K)->864K(2048K)
[6111.286s][info ][gc,heap        ] GC(400) ParOldGen: 441949K(507904K)->441981K(507904K)
[6111.286s][info ][gc,metaspace   ] GC(400) Metaspace: 78851K(79616K)->78851K(79616K) NonClass: 68205K(68608K)->68205K(68608K) Class: 10645K(11008K)->10645K(11008K)
[6111.286s][info ][gc             ] GC(400) Pause Young (Allocation Failure) 2475M->432M(2541M) 2.197ms
[6111.286s][info ][gc,cpu         ] GC(400) User=0.01s Sys=0.00s Real=0.01s
[6111.286s][info ][safepoint      ] Safepoint "ParallelGCFailedAllocation", Time since last: 6647762734 ns, Reaching safepoint: 57401 ns, At safepoint: 2272038 ns, Total: 2329439 ns
[6125.287s][info ][safepoint      ] Safepoint "Cleanup", Time since last: 14001009684 ns, Reaching safepoint: 134102 ns, At safepoint: 7800 ns, Total: 141902 ns
[6133.288s][info ][gc,start       ] GC(401) Pause Young (Allocation Failure)
[6133.290s][debug][gc,phases      ] GC(401) Scavenge 1.301ms
[6133.290s][debug][gc,ref         ] GC(401) Skipped phase 1 of Reference Processing: no references
[6133.290s][debug][gc,ref         ] GC(401) Skipped phase 2 of Reference Processing: no references
[6133.290s][debug][gc,ref         ] GC(401) Skipped phase 3 of Reference Processing: no references
[6133.290s][debug][gc,ref         ] GC(401) Skipped phase 4 of Reference Processing: no references
[6133.290s][debug][gc,phases      ] GC(401) Reference Processing 0.070ms
[6133.290s][debug][gc,phases      ] GC(401) Weak Processing 0.533ms
[6133.290s][debug][gc,age         ] GC(401) Desired survivor size 2097152 bytes, new threshold 15 (max threshold 15)
[6133.290s][info ][gc,heap        ] GC(401) PSYoungGen: 2093408K(2094592K)->752K(2095104K) Eden: 2092544K(2092544K)->0K(2093056K) From: 864K(2048K)->752K(2048K)
[6133.290s][info ][gc,heap        ] GC(401) ParOldGen: 441981K(507904K)->442005K(507904K)
[6133.290s][info ][gc,metaspace   ] GC(401) Metaspace: 78851K(79616K)->78851K(79616K) NonClass: 68205K(68608K)->68205K(68608K) Class: 10645K(11008K)->10645K(11008K)
[6133.290s][info ][gc             ] GC(401) Pause Young (Allocation Failure) 2475M->432M(2542M) 2.038ms
[6133.290s][info ][gc,cpu         ] GC(401) User=0.00s Sys=0.00s Real=0.00s
[6133.290s][info ][safepoint      ] Safepoint "ParallelGCFailedAllocation", Time since last: 8000885228 ns, Reaching safepoint: 37100 ns, At safepoint: 2117335 ns, Total: 2154435 ns
[6137.291s][info ][safepoint      ] Safepoint "Cleanup", Time since last: 4000314659 ns, Reaching safepoint: 51201 ns, At safepoint: 3200 ns, Total: 54401 ns
[6139.291s][info ][safepoint      ] Safepoint "Cleanup", Time since last: 2000175079 ns, Reaching safepoint: 25101 ns, At safepoint: 3400 ns, Total: 28501 ns
[6155.887s][info ][gc,start       ] GC(402) Pause Young (Allocation Failure)
[6155.888s][debug][gc,phases      ] GC(402) Scavenge 1.401ms
[6155.888s][debug][gc,ref         ] GC(402) Skipped phase 1 of Reference Processing: no references
[6155.888s][debug][gc,ref         ] GC(402) Skipped phase 2 of Reference Processing: no references
[6155.888s][debug][gc,ref         ] GC(402) Skipped phase 3 of Reference Processing: no references
[6155.888s][debug][gc,ref         ] GC(402) Skipped phase 4 of Reference Processing: no references
[6155.888s][debug][gc,phases      ] GC(402) Reference Processing 0.029ms
[6155.889s][debug][gc,phases      ] GC(402) Weak Processing 0.671ms
[6155.889s][debug][gc,age         ] GC(402) Desired survivor size 2097152 bytes, new threshold 15 (max threshold 15)
[6155.889s][info ][gc,heap        ] GC(402) PSYoungGen: 2093808K(2095104K)->768K(2095104K) Eden: 2093056K(2093056K)->0K(2093056K) From: 752K(2048K)->768K(2048K)
[6155.889s][info ][gc,heap        ] GC(402) ParOldGen: 442005K(507904K)->442037K(507904K)
[6155.889s][info ][gc,metaspace   ] GC(402) Metaspace: 78854K(79616K)->78854K(79616K) NonClass: 68208K(68608K)->68208K(68608K) Class: 10645K(11008K)->10645K(11008K)
[6155.889s][info ][gc             ] GC(402) Pause Young (Allocation Failure) 2476M->432M(2542M) 2.227ms
[6155.889s][info ][gc,cpu         ] GC(402) User=0.01s Sys=0.00s Real=0.00s
[6155.889s][info ][safepoint      ] Safepoint "ParallelGCFailedAllocation", Time since last: 16595800514 ns, Reaching safepoint: 106502 ns, At safepoint: 2322838 ns, Total: 2429340 ns
[6178.636s][info ][gc,start       ] GC(403) Pause Young (Allocation Failure)
[6178.638s][debug][gc,phases      ] GC(403) Scavenge 1.377ms
[6178.638s][debug][gc,ref         ] GC(403) Skipped phase 1 of Reference Processing: no references
[6178.638s][debug][gc,ref         ] GC(403) Skipped phase 2 of Reference Processing: no references
[6178.638s][debug][gc,ref         ] GC(403) Skipped phase 3 of Reference Processing: no references
[6178.638s][debug][gc,ref         ] GC(403) Skipped phase 4 of Reference Processing: no references
[6178.638s][debug][gc,phases      ] GC(403) Reference Processing 0.027ms
[6178.638s][debug][gc,phases      ] GC(403) Weak Processing 0.559ms
[6178.638s][debug][gc,age         ] GC(403) Desired survivor size 2097152 bytes, new threshold 15 (max threshold 15)
[6178.638s][info ][gc,heap        ] GC(403) PSYoungGen: 2093824K(2095104K)->784K(2095104K) Eden: 2093056K(2093056K)->0K(2093056K) From: 768K(2048K)->784K(2048K)
[6178.638s][info ][gc,heap        ] GC(403) ParOldGen: 442037K(507904K)->442061K(507904K)
[6178.638s][info ][gc,metaspace   ] GC(403) Metaspace: 78854K(79616K)->78854K(79616K) NonClass: 68208K(68608K)->68208K(68608K) Class: 10645K(11008K)->10645K(11008K)
[6178.638s][info ][gc             ] GC(403) Pause Young (Allocation Failure) 2476M->432M(2542M) 2.078ms
[6178.638s][info ][gc,cpu         ] GC(403) User=0.00s Sys=0.01s Real=0.00s
[6178.638s][info ][safepoint      ] Safepoint "ParallelGCFailedAllocation", Time since last: 22747085579 ns, Reaching safepoint: 42701 ns, At safepoint: 2171035 ns, Total: 2213736 ns
[6182.639s][info ][safepoint      ] Safepoint "Cleanup", Time since last: 4000287538 ns, Reaching safepoint: 96902 ns, At safepoint: 5700 ns, Total: 102602 ns
[6184.386s][info ][safepoint      ] Safepoint "Cleanup", Time since last: 1746983395 ns, Reaching safepoint: 87501 ns, At safepoint: 10001 ns, Total: 97502 ns
[6185.386s][info ][safepoint      ] Safepoint "Cleanup", Time since last: 1000111484 ns, Reaching safepoint: 113702 ns, At safepoint: 8400 ns, Total: 122102 ns
[6186.386s][info ][safepoint      ] Safepoint "Cleanup", Time since last: 1000110485 ns, Reaching safepoint: 78001 ns, At safepoint: 10200 ns, Total: 88201 ns
[6188.387s][info ][safepoint      ] Safepoint "Cleanup", Time since last: 2000194268 ns, Reaching safepoint: 122802 ns, At safepoint: 8700 ns, Total: 131502 ns
[6189.580s][info ][safepoint      ] Safepoint "Cleanup", Time since last: 1193556473 ns, Reaching safepoint: 144702 ns, At safepoint: 15500 ns, Total: 160202 ns
[6190.581s][info ][safepoint      ] Safepoint "Cleanup", Time since last: 1000107784 ns, Reaching safepoint: 51001 ns, At safepoint: 3400 ns, Total: 54401 ns
[6192.581s][info ][safepoint      ] Safepoint "Cleanup", Time since last: 2000188467 ns, Reaching safepoint: 48201 ns, At safepoint: 2800 ns, Total: 51001 ns
[6196.581s][info ][safepoint      ] Safepoint "Cleanup", Time since last: 4000306132 ns, Reaching safepoint: 49201 ns, At safepoint: 3200 ns, Total: 52401 ns
[6198.581s][info ][safepoint      ] Safepoint "Cleanup", Time since last: 2000165065 ns, Reaching safepoint: 35201 ns, At safepoint: 3400 ns, Total: 38601 ns
[6200.582s][info ][safepoint      ] Safepoint "Cleanup", Time since last: 2000175365 ns, Reaching safepoint: 126302 ns, At safepoint: 8200 ns, Total: 134502 ns
[6200.886s][info ][gc,start       ] GC(404) Pause Young (Allocation Failure)
[6200.887s][debug][gc,phases      ] GC(404) Scavenge 1.210ms
[6200.887s][debug][gc,ref         ] GC(404) Skipped phase 1 of Reference Processing: no references
[6200.887s][debug][gc,ref         ] GC(404) Skipped phase 2 of Reference Processing: no references
[6200.887s][debug][gc,ref         ] GC(404) Skipped phase 3 of Reference Processing: no references
[6200.887s][debug][gc,ref         ] GC(404) Skipped phase 4 of Reference Processing: no references
[6200.887s][debug][gc,phases      ] GC(404) Reference Processing 0.026ms
[6200.887s][debug][gc,phases      ] GC(404) Weak Processing 0.499ms
[6200.887s][debug][gc,age         ] GC(404) Desired survivor size 2097152 bytes, new threshold 15 (max threshold 15)
[6200.887s][info ][gc,heap        ] GC(404) PSYoungGen: 2093840K(2095104K)->768K(2095104K) Eden: 2093056K(2093056K)->0K(2093056K) From: 784K(2048K)->768K(2048K)
[6200.887s][info ][gc,heap        ] GC(404) ParOldGen: 442061K(507904K)->442069K(507904K)
[6200.887s][info ][gc,metaspace   ] GC(404) Metaspace: 78867K(79616K)->78867K(79616K) NonClass: 68222K(68608K)->68222K(68608K) Class: 10645K(11008K)->10645K(11008K)
[6200.887s][info ][gc             ] GC(404) Pause Young (Allocation Failure) 2476M->432M(2542M) 1.850ms
[6200.887s][info ][gc,cpu         ] GC(404) User=0.01s Sys=0.00s Real=0.00s
[6200.887s][info ][safepoint      ] Safepoint "ParallelGCFailedAllocation", Time since last: 303819308 ns, Reaching safepoint: 31500 ns, At safepoint: 1918932 ns, Total: 1950432 ns
[6208.888s][info ][safepoint      ] Safepoint "Cleanup", Time since last: 8000515853 ns, Reaching safepoint: 55401 ns, At safepoint: 9000 ns, Total: 64401 ns
[6209.888s][info ][safepoint      ] Safepoint "Cleanup", Time since last: 1000113782 ns, Reaching safepoint: 41301 ns, At safepoint: 5500 ns, Total: 46801 ns
[6223.483s][info ][gc,start       ] GC(405) Pause Young (Allocation Failure)
[6223.485s][debug][gc,phases      ] GC(405) Scavenge 1.291ms
[6223.485s][debug][gc,ref         ] GC(405) Skipped phase 1 of Reference Processing: no references
[6223.485s][debug][gc,ref         ] GC(405) Skipped phase 2 of Reference Processing: no references
[6223.485s][debug][gc,ref         ] GC(405) Skipped phase 3 of Reference Processing: no references
[6223.485s][debug][gc,ref         ] GC(405) Skipped phase 4 of Reference Processing: no references
[6223.485s][debug][gc,phases      ] GC(405) Reference Processing 0.022ms
[6223.485s][debug][gc,phases      ] GC(405) Weak Processing 0.489ms
[6223.485s][debug][gc,age         ] GC(405) Desired survivor size 2097152 bytes, new threshold 15 (max threshold 15)
[6223.485s][info ][gc,heap        ] GC(405) PSYoungGen: 2093824K(2095104K)->768K(2095104K) Eden: 2093056K(2093056K)->0K(2093056K) From: 768K(2048K)->768K(2048K)
[6223.485s][info ][gc,heap        ] GC(405) ParOldGen: 442069K(507904K)->442101K(507904K)
[6223.485s][info ][gc,metaspace   ] GC(405) Metaspace: 78867K(79616K)->78867K(79616K) NonClass: 68222K(68608K)->68222K(68608K) Class: 10645K(11008K)->10645K(11008K)
[6223.485s][info ][gc             ] GC(405) Pause Young (Allocation Failure) 2476M->432M(2542M) 1.925ms
[6223.485s][info ][gc,cpu         ] GC(405) User=0.00s Sys=0.00s Real=0.01s
[6223.485s][info ][safepoint      ] Safepoint "ParallelGCFailedAllocation", Time since last: 13595062137 ns, Reaching safepoint: 88102 ns, At safepoint: 2006733 ns, Total: 2094835 ns
[6246.233s][info ][gc,start       ] GC(406) Pause Young (Allocation Failure)
[6246.234s][debug][gc,phases      ] GC(406) Scavenge 1.160ms
[6246.234s][debug][gc,ref         ] GC(406) Skipped phase 1 of Reference Processing: no references
[6246.234s][debug][gc,ref         ] GC(406) Skipped phase 2 of Reference Processing: no references
[6246.234s][debug][gc,ref         ] GC(406) Skipped phase 3 of Reference Processing: no references
[6246.234s][debug][gc,ref         ] GC(406) Skipped phase 4 of Reference Processing: no references
[6246.234s][debug][gc,phases      ] GC(406) Reference Processing 0.027ms
[6246.234s][debug][gc,phases      ] GC(406) Weak Processing 0.500ms
[6246.234s][debug][gc,age         ] GC(406) Desired survivor size 1572864 bytes, new threshold 15 (max threshold 15)
[6246.234s][info ][gc,heap        ] GC(406) PSYoungGen: 2093824K(2095104K)->768K(2095104K) Eden: 2093056K(2093056K)->0K(2093056K) From: 768K(2048K)->768K(2048K)
[6246.234s][info ][gc,heap        ] GC(406) ParOldGen: 442101K(507904K)->442109K(507904K)
[6246.234s][info ][gc,metaspace   ] GC(406) Metaspace: 78867K(79616K)->78867K(79616K) NonClass: 68222K(68608K)->68222K(68608K) Class: 10645K(11008K)->10645K(11008K)
[6246.234s][info ][gc             ] GC(406) Pause Young (Allocation Failure) 2476M->432M(2542M) 1.798ms
[6246.234s][info ][gc,cpu         ] GC(406) User=0.00s Sys=0.00s Real=0.00s
[6246.234s][info ][safepoint      ] Safepoint "ParallelGCFailedAllocation", Time since last: 22746979414 ns, Reaching safepoint: 123302 ns, At safepoint: 1887531 ns, Total: 2010833 ns
[6262.236s][info ][safepoint      ] Safepoint "Cleanup", Time since last: 16001057427 ns, Reaching safepoint: 138302 ns, At safepoint: 8600 ns, Total: 146902 ns
[6264.236s][info ][safepoint      ] Safepoint "Cleanup", Time since last: 2000181153 ns, Reaching safepoint: 117002 ns, At safepoint: 8600 ns, Total: 125602 ns
[6269.084s][info ][gc,start       ] GC(407) Pause Young (Allocation Failure)
[6269.085s][debug][gc,phases      ] GC(407) Scavenge 1.191ms
[6269.085s][debug][gc,ref         ] GC(407) Skipped phase 1 of Reference Processing: no references
[6269.085s][debug][gc,ref         ] GC(407) Skipped phase 2 of Reference Processing: no references
[6269.085s][debug][gc,ref         ] GC(407) Skipped phase 3 of Reference Processing: no references
[6269.085s][debug][gc,ref         ] GC(407) Skipped phase 4 of Reference Processing: no references
[6269.085s][debug][gc,phases      ] GC(407) Reference Processing 0.023ms
[6269.086s][debug][gc,phases      ] GC(407) Weak Processing 0.474ms
[6269.086s][debug][gc,age         ] GC(407) Desired survivor size 1572864 bytes, new threshold 15 (max threshold 15)
[6269.086s][info ][gc,heap        ] GC(407) PSYoungGen: 2093824K(2095104K)->768K(2095616K) Eden: 2093056K(2093056K)->0K(2094080K) From: 768K(2048K)->768K(1536K)
[6269.086s][info ][gc,heap        ] GC(407) ParOldGen: 442109K(507904K)->442141K(507904K)
[6269.086s][info ][gc,metaspace   ] GC(407) Metaspace: 78868K(79616K)->78868K(79616K) NonClass: 68223K(68608K)->68223K(68608K) Class: 10645K(11008K)->10645K(11008K)
[6269.086s][info ][gc             ] GC(407) Pause Young (Allocation Failure) 2476M->432M(2542M) 1.793ms
[6269.086s][info ][gc,cpu         ] GC(407) User=0.00s Sys=0.00s Real=0.01s
[6269.086s][info ][safepoint      ] Safepoint "ParallelGCFailedAllocation", Time since last: 4847776064 ns, Reaching safepoint: 118802 ns, At safepoint: 1866231 ns, Total: 1985033 ns
[6291.733s][info ][gc,start       ] GC(408) Pause Young (Allocation Failure)
[6291.734s][debug][gc,phases      ] GC(408) Scavenge 1.203ms
[6291.735s][debug][gc,ref         ] GC(408) Skipped phase 1 of Reference Processing: no references
[6291.735s][debug][gc,ref         ] GC(408) Skipped phase 2 of Reference Processing: no references
[6291.735s][debug][gc,ref         ] GC(408) Skipped phase 3 of Reference Processing: no references
[6291.735s][debug][gc,ref         ] GC(408) Skipped phase 4 of Reference Processing: no references
[6291.735s][debug][gc,phases      ] GC(408) Reference Processing 0.020ms
[6291.735s][debug][gc,phases      ] GC(408) Weak Processing 0.492ms
[6291.735s][debug][gc,age         ] GC(408) Desired survivor size 1572864 bytes, new threshold 15 (max threshold 15)
[6291.735s][info ][gc,heap        ] GC(408) PSYoungGen: 2094848K(2095616K)->784K(2095616K) Eden: 2094080K(2094080K)->0K(2094080K) From: 768K(1536K)->784K(1536K)
[6291.735s][info ][gc,heap        ] GC(408) ParOldGen: 442141K(507904K)->442165K(507904K)
[6291.735s][info ][gc,metaspace   ] GC(408) Metaspace: 78868K(79616K)->78868K(79616K) NonClass: 68223K(68608K)->68223K(68608K) Class: 10645K(11008K)->10645K(11008K)
[6291.735s][info ][gc             ] GC(408) Pause Young (Allocation Failure) 2477M->432M(2542M) 1.828ms
[6291.735s][info ][gc,cpu         ] GC(408) User=0.00s Sys=0.00s Real=0.00s
[6291.735s][info ][safepoint      ] Safepoint "ParallelGCFailedAllocation", Time since last: 22647447476 ns, Reaching safepoint: 136902 ns, At safepoint: 1903231 ns, Total: 2040133 ns
[6302.736s][info ][safepoint      ] Safepoint "Cleanup", Time since last: 11000768901 ns, Reaching safepoint: 118202 ns, At safepoint: 6300 ns, Total: 124502 ns
[6314.433s][info ][gc,start       ] GC(409) Pause Young (Allocation Failure)
[6314.435s][debug][gc,phases      ] GC(409) Scavenge 1.273ms
[6314.435s][debug][gc,ref         ] GC(409) Skipped phase 1 of Reference Processing: no references
[6314.435s][debug][gc,ref         ] GC(409) Skipped phase 2 of Reference Processing: no references
[6314.435s][debug][gc,ref         ] GC(409) Skipped phase 3 of Reference Processing: no references
[6314.435s][debug][gc,ref         ] GC(409) Skipped phase 4 of Reference Processing: no references
[6314.435s][debug][gc,phases      ] GC(409) Reference Processing 0.032ms
[6314.435s][debug][gc,phases      ] GC(409) Weak Processing 0.683ms
[6314.436s][debug][gc,age         ] GC(409) Desired survivor size 1572864 bytes, new threshold 15 (max threshold 15)
[6314.436s][info ][gc,heap        ] GC(409) PSYoungGen: 2094864K(2095616K)->784K(2095616K) Eden: 2094080K(2094080K)->0K(2094080K) From: 784K(1536K)->784K(1536K)
[6314.436s][info ][gc,heap        ] GC(409) ParOldGen: 442165K(507904K)->442205K(507904K)
[6314.436s][info ][gc,metaspace   ] GC(409) Metaspace: 78868K(79616K)->78868K(79616K) NonClass: 68223K(68608K)->68223K(68608K) Class: 10645K(11008K)->10645K(11008K)
[6314.436s][info ][gc             ] GC(409) Pause Young (Allocation Failure) 2477M->432M(2542M) 2.117ms
[6314.436s][info ][gc,cpu         ] GC(409) User=0.01s Sys=0.00s Real=0.00s
[6314.436s][info ][safepoint      ] Safepoint "ParallelGCFailedAllocation", Time since last: 11697236862 ns, Reaching safepoint: 133802 ns, At safepoint: 2211337 ns, Total: 2345139 ns
[6336.383s][info ][gc,start       ] GC(410) Pause Young (Allocation Failure)
[6336.385s][debug][gc,phases      ] GC(410) Scavenge 1.503ms
[6336.385s][debug][gc,ref         ] GC(410) Skipped phase 1 of Reference Processing: no references
[6336.385s][debug][gc,ref         ] GC(410) Skipped phase 3 of Reference Processing: no references
[6336.385s][debug][gc,phases      ] GC(410) Reference Processing 0.020ms
[6336.386s][debug][gc,phases      ] GC(410) Weak Processing 0.596ms
[6336.386s][debug][gc,age         ] GC(410) Desired survivor size 1572864 bytes, new threshold 15 (max threshold 15)
[6336.386s][info ][gc,heap        ] GC(410) PSYoungGen: 2094864K(2095616K)->864K(2095616K) Eden: 2094080K(2094080K)->0K(2094080K) From: 784K(1536K)->864K(1536K)
[6336.386s][info ][gc,heap        ] GC(410) ParOldGen: 442205K(507904K)->442205K(507904K)
[6336.386s][info ][gc,metaspace   ] GC(410) Metaspace: 78870K(79616K)->78870K(79616K) NonClass: 68224K(68608K)->68224K(68608K) Class: 10645K(11008K)->10645K(11008K)
[6336.386s][info ][gc             ] GC(410) Pause Young (Allocation Failure) 2477M->432M(2542M) 2.262ms
[6336.386s][info ][gc,cpu         ] GC(410) User=0.01s Sys=0.00s Real=0.01s
[6336.386s][info ][safepoint      ] Safepoint "ParallelGCFailedAllocation", Time since last: 21947612561 ns, Reaching safepoint: 119802 ns, At safepoint: 2341738 ns, Total: 2461540 ns
[6358.688s][info ][gc,start       ] GC(411) Pause Young (Allocation Failure)
[6358.689s][debug][gc,phases      ] GC(411) Scavenge 1.465ms
[6358.689s][debug][gc,ref         ] GC(411) Skipped phase 1 of Reference Processing: no references
[6358.689s][debug][gc,ref         ] GC(411) Skipped phase 3 of Reference Processing: no references
[6358.689s][debug][gc,phases      ] GC(411) Reference Processing 0.025ms
[6358.690s][debug][gc,phases      ] GC(411) Weak Processing 0.671ms
[6358.690s][debug][gc,age         ] GC(411) Desired survivor size 1572864 bytes, new threshold 15 (max threshold 15)
[6358.690s][info ][gc,heap        ] GC(411) PSYoungGen: 2094944K(2095616K)->960K(2095616K) Eden: 2094080K(2094080K)->0K(2094080K) From: 864K(1536K)->960K(1536K)
[6358.690s][info ][gc,heap        ] GC(411) ParOldGen: 442205K(507904K)->442229K(507904K)
[6358.690s][info ][gc,metaspace   ] GC(411) Metaspace: 78870K(79616K)->78870K(79616K) NonClass: 68224K(68608K)->68224K(68608K) Class: 10645K(11008K)->10645K(11008K)
[6358.690s][info ][gc             ] GC(411) Pause Young (Allocation Failure) 2477M->432M(2542M) 2.288ms
[6358.690s][info ][gc,cpu         ] GC(411) User=0.01s Sys=0.00s Real=0.00s
[6358.690s][info ][safepoint      ] Safepoint "ParallelGCFailedAllocation", Time since last: 22301909956 ns, Reaching safepoint: 52001 ns, At safepoint: 2379139 ns, Total: 2431140 ns
[6364.690s][info ][safepoint      ] Safepoint "Cleanup", Time since last: 6000405905 ns, Reaching safepoint: 41600 ns, At safepoint: 10301 ns, Total: 51901 ns
[6365.691s][info ][safepoint      ] Safepoint "Cleanup", Time since last: 1000093867 ns, Reaching safepoint: 49901 ns, At safepoint: 2800 ns, Total: 52701 ns
[6366.691s][info ][safepoint      ] Safepoint "Cleanup", Time since last: 1000105968 ns, Reaching safepoint: 46201 ns, At safepoint: 3000 ns, Total: 49201 ns
[6369.691s][info ][safepoint      ] Safepoint "Cleanup", Time since last: 3000238801 ns, Reaching safepoint: 48201 ns, At safepoint: 3000 ns, Total: 51201 ns
[6381.133s][info ][gc,start       ] GC(412) Pause Young (Allocation Failure)
[6381.135s][debug][gc,phases      ] GC(412) Scavenge 1.724ms
[6381.135s][debug][gc,ref         ] GC(412) Skipped phase 1 of Reference Processing: no references
[6381.135s][debug][gc,ref         ] GC(412) Skipped phase 3 of Reference Processing: no references
[6381.135s][debug][gc,phases      ] GC(412) Reference Processing 0.027ms
[6381.136s][debug][gc,phases      ] GC(412) Weak Processing 0.632ms
[6381.136s][debug][gc,age         ] GC(412) Desired survivor size 1572864 bytes, new threshold 15 (max threshold 15)
[6381.136s][info ][gc,heap        ] GC(412) PSYoungGen: 2095040K(2095616K)->976K(2095616K) Eden: 2094080K(2094080K)->0K(2094080K) From: 960K(1536K)->976K(1536K)
[6381.136s][info ][gc,heap        ] GC(412) ParOldGen: 442229K(507904K)->442253K(507904K)
[6381.136s][info ][gc,metaspace   ] GC(412) Metaspace: 78870K(79616K)->78870K(79616K) NonClass: 68224K(68608K)->68224K(68608K) Class: 10645K(11008K)->10645K(11008K)
[6381.136s][info ][gc             ] GC(412) Pause Young (Allocation Failure) 2477M->432M(2542M) 2.519ms
[6381.136s][info ][gc,cpu         ] GC(412) User=0.00s Sys=0.00s Real=0.00s
[6381.136s][info ][safepoint      ] Safepoint "ParallelGCFailedAllocation", Time since last: 11442185299 ns, Reaching safepoint: 83001 ns, At safepoint: 2618943 ns, Total: 2701944 ns
[6403.733s][info ][gc,start       ] GC(413) Pause Young (Allocation Failure)
[6403.734s][debug][gc,phases      ] GC(413) Scavenge 1.395ms
[6403.734s][debug][gc,ref         ] GC(413) Skipped phase 1 of Reference Processing: no references
[6403.734s][debug][gc,ref         ] GC(413) Skipped phase 3 of Reference Processing: no references
[6403.734s][debug][gc,phases      ] GC(413) Reference Processing 0.035ms
[6403.735s][debug][gc,phases      ] GC(413) Weak Processing 0.545ms
[6403.735s][debug][gc,age         ] GC(413) Desired survivor size 1572864 bytes, new threshold 15 (max threshold 15)
[6403.735s][info ][gc,heap        ] GC(413) PSYoungGen: 2095056K(2095616K)->1008K(2095616K) Eden: 2094080K(2094080K)->0K(2094080K) From: 976K(1536K)->1008K(1536K)
[6403.735s][info ][gc,heap        ] GC(413) ParOldGen: 442253K(507904K)->442277K(507904K)
[6403.735s][info ][gc,metaspace   ] GC(413) Metaspace: 78871K(79616K)->78871K(79616K) NonClass: 68225K(68608K)->68225K(68608K) Class: 10645K(11008K)->10645K(11008K)
[6403.735s][info ][gc             ] GC(413) Pause Young (Allocation Failure) 2477M->432M(2542M) 2.086ms
[6403.735s][info ][gc,cpu         ] GC(413) User=0.01s Sys=0.00s Real=0.00s
[6403.735s][info ][safepoint      ] Safepoint "ParallelGCFailedAllocation", Time since last: 22596640332 ns, Reaching safepoint: 134102 ns, At safepoint: 2188236 ns, Total: 2322338 ns
[6425.737s][info ][safepoint      ] Safepoint "Cleanup", Time since last: 22001522799 ns, Reaching safepoint: 121902 ns, At safepoint: 11000 ns, Total: 132902 ns
[6425.936s][info ][gc,start       ] GC(414) Pause Young (Allocation Failure)
[6425.938s][debug][gc,phases      ] GC(414) Scavenge 1.717ms
[6425.938s][debug][gc,ref         ] GC(414) Skipped phase 1 of Reference Processing: no references
[6425.938s][debug][gc,ref         ] GC(414) Skipped phase 2 of Reference Processing: no references
[6425.938s][debug][gc,ref         ] GC(414) Skipped phase 3 of Reference Processing: no references
[6425.938s][debug][gc,ref         ] GC(414) Skipped phase 4 of Reference Processing: no references
[6425.938s][debug][gc,phases      ] GC(414) Reference Processing 0.023ms
[6425.938s][debug][gc,phases      ] GC(414) Weak Processing 0.532ms
[6425.938s][debug][gc,age         ] GC(414) Desired survivor size 1572864 bytes, new threshold 15 (max threshold 15)
[6425.939s][info ][gc,heap        ] GC(414) PSYoungGen: 2095088K(2095616K)->912K(2095616K) Eden: 2094080K(2094080K)->0K(2094080K) From: 1008K(1536K)->912K(1536K)
[6425.939s][info ][gc,heap        ] GC(414) ParOldGen: 442277K(507904K)->442301K(507904K)
[6425.939s][info ][gc,metaspace   ] GC(414) Metaspace: 78906K(79616K)->78906K(79616K) NonClass: 68259K(68608K)->68259K(68608K) Class: 10646K(11008K)->10646K(11008K)
[6425.939s][info ][gc             ] GC(414) Pause Young (Allocation Failure) 2477M->432M(2542M) 2.509ms
[6425.939s][info ][gc,cpu         ] GC(414) User=0.01s Sys=0.00s Real=0.01s
[6425.939s][info ][safepoint      ] Safepoint "ParallelGCFailedAllocation", Time since last: 199425983 ns, Reaching safepoint: 32201 ns, At safepoint: 2585742 ns, Total: 2617943 ns
[6443.940s][info ][safepoint      ] Safepoint "Cleanup", Time since last: 18001238820 ns, Reaching safepoint: 85201 ns, At safepoint: 11600 ns, Total: 96801 ns
[6448.833s][info ][gc,start       ] GC(415) Pause Young (Allocation Failure)
[6448.835s][debug][gc,phases      ] GC(415) Scavenge 1.457ms
[6448.835s][debug][gc,ref         ] GC(415) Skipped phase 1 of Reference Processing: no references
[6448.835s][debug][gc,ref         ] GC(415) Skipped phase 2 of Reference Processing: no references
[6448.835s][debug][gc,ref         ] GC(415) Skipped phase 3 of Reference Processing: no references
[6448.835s][debug][gc,ref         ] GC(415) Skipped phase 4 of Reference Processing: no references
[6448.835s][debug][gc,phases      ] GC(415) Reference Processing 0.021ms
[6448.835s][debug][gc,phases      ] GC(415) Weak Processing 0.483ms
[6448.835s][debug][gc,age         ] GC(415) Desired survivor size 1572864 bytes, new threshold 15 (max threshold 15)
[6448.835s][info ][gc,heap        ] GC(415) PSYoungGen: 2094992K(2095616K)->928K(2095616K) Eden: 2094080K(2094080K)->0K(2094080K) From: 912K(1536K)->928K(1536K)
[6448.835s][info ][gc,heap        ] GC(415) ParOldGen: 442301K(507904K)->442325K(507904K)
[6448.835s][info ][gc,metaspace   ] GC(415) Metaspace: 78906K(79616K)->78906K(79616K) NonClass: 68259K(68608K)->68259K(68608K) Class: 10646K(11008K)->10646K(11008K)
[6448.835s][info ][gc             ] GC(415) Pause Young (Allocation Failure) 2477M->432M(2542M) 2.096ms
[6448.835s][info ][gc,cpu         ] GC(415) User=0.00s Sys=0.00s Real=0.00s
[6448.836s][info ][safepoint      ] Safepoint "ParallelGCFailedAllocation", Time since last: 4893283145 ns, Reaching safepoint: 101702 ns, At safepoint: 2171636 ns, Total: 2273338 ns
[6454.836s][info ][safepoint      ] Safepoint "Cleanup", Time since last: 6000422066 ns, Reaching safepoint: 104302 ns, At safepoint: 6300 ns, Total: 110602 ns
[6471.183s][info ][gc,start       ] GC(416) Pause Young (Allocation Failure)
[6471.185s][debug][gc,phases      ] GC(416) Scavenge 1.701ms
[6471.185s][debug][gc,ref         ] GC(416) Skipped phase 1 of Reference Processing: no references
[6471.185s][debug][gc,ref         ] GC(416) Skipped phase 2 of Reference Processing: no references
[6471.185s][debug][gc,ref         ] GC(416) Skipped phase 3 of Reference Processing: no references
[6471.185s][debug][gc,ref         ] GC(416) Skipped phase 4 of Reference Processing: no references
[6471.185s][debug][gc,phases      ] GC(416) Reference Processing 0.022ms
[6471.186s][debug][gc,phases      ] GC(416) Weak Processing 0.480ms
[6471.186s][debug][gc,age         ] GC(416) Desired survivor size 1572864 bytes, new threshold 15 (max threshold 15)
[6471.186s][info ][gc,heap        ] GC(416) PSYoungGen: 2095008K(2095616K)->960K(2095616K) Eden: 2094080K(2094080K)->0K(2094080K) From: 928K(1536K)->960K(1536K)
[6471.186s][info ][gc,heap        ] GC(416) ParOldGen: 442325K(507904K)->442357K(507904K)
[6471.186s][info ][gc,metaspace   ] GC(416) Metaspace: 78906K(79616K)->78906K(79616K) NonClass: 68259K(68608K)->68259K(68608K) Class: 10646K(11008K)->10646K(11008K)
[6471.186s][info ][gc             ] GC(416) Pause Young (Allocation Failure) 2477M->432M(2542M) 2.315ms
[6471.186s][info ][gc,cpu         ] GC(416) User=0.01s Sys=0.00s Real=0.01s
[6471.186s][info ][safepoint      ] Safepoint "ParallelGCFailedAllocation", Time since last: 16347166462 ns, Reaching safepoint: 124502 ns, At safepoint: 2400639 ns, Total: 2525141 ns
[6493.833s][info ][gc,start       ] GC(417) Pause Young (Allocation Failure)
[6493.835s][debug][gc,phases      ] GC(417) Scavenge 1.450ms
[6493.835s][debug][gc,ref         ] GC(417) Skipped phase 1 of Reference Processing: no references
[6493.835s][debug][gc,ref         ] GC(417) Skipped phase 2 of Reference Processing: no references
[6493.835s][debug][gc,ref         ] GC(417) Skipped phase 3 of Reference Processing: no references
[6493.835s][debug][gc,ref         ] GC(417) Skipped phase 4 of Reference Processing: no references
[6493.835s][debug][gc,phases      ] GC(417) Reference Processing 0.022ms
[6493.836s][debug][gc,phases      ] GC(417) Weak Processing 0.558ms
[6493.836s][debug][gc,age         ] GC(417) Desired survivor size 1572864 bytes, new threshold 15 (max threshold 15)
[6493.836s][info ][gc,heap        ] GC(417) PSYoungGen: 2095040K(2095616K)->944K(2095616K) Eden: 2094080K(2094080K)->0K(2094080K) From: 960K(1536K)->944K(1536K)
[6493.836s][info ][gc,heap        ] GC(417) ParOldGen: 442357K(507904K)->442357K(507904K)
[6493.836s][info ][gc,metaspace   ] GC(417) Metaspace: 78906K(79616K)->78906K(79616K) NonClass: 68259K(68608K)->68259K(68608K) Class: 10646K(11008K)->10646K(11008K)
[6493.836s][info ][gc             ] GC(417) Pause Young (Allocation Failure) 2477M->432M(2542M) 2.147ms
[6493.836s][info ][gc,cpu         ] GC(417) User=0.01s Sys=0.00s Real=0.00s
[6493.836s][info ][safepoint      ] Safepoint "ParallelGCFailedAllocation", Time since last: 22647485232 ns, Reaching safepoint: 149803 ns, At safepoint: 2240137 ns, Total: 2389940 ns
[6494.836s][info ][safepoint      ] Safepoint "Cleanup", Time since last: 1000091459 ns, Reaching safepoint: 115801 ns, At safepoint: 5201 ns, Total: 121002 ns
[6516.533s][info ][gc,start       ] GC(418) Pause Young (Allocation Failure)
[6516.535s][debug][gc,phases      ] GC(418) Scavenge 1.529ms
[6516.535s][debug][gc,ref         ] GC(418) Skipped phase 1 of Reference Processing: no references
[6516.535s][debug][gc,ref         ] GC(418) Skipped phase 2 of Reference Processing: no references
[6516.535s][debug][gc,ref         ] GC(418) Skipped phase 3 of Reference Processing: no references
[6516.535s][debug][gc,ref         ] GC(418) Skipped phase 4 of Reference Processing: no references
[6516.535s][debug][gc,phases      ] GC(418) Reference Processing 0.041ms
[6516.536s][debug][gc,phases      ] GC(418) Weak Processing 0.548ms
[6516.536s][debug][gc,age         ] GC(418) Desired survivor size 1572864 bytes, new threshold 15 (max threshold 15)
[6516.536s][info ][gc,heap        ] GC(418) PSYoungGen: 2095024K(2095616K)->944K(2095616K) Eden: 2094080K(2094080K)->0K(2094080K) From: 944K(1536K)->944K(1536K)
[6516.536s][info ][gc,heap        ] GC(418) ParOldGen: 442357K(507904K)->442381K(507904K)
[6516.536s][info ][gc,metaspace   ] GC(418) Metaspace: 78906K(79616K)->78906K(79616K) NonClass: 68259K(68608K)->68259K(68608K) Class: 10646K(11008K)->10646K(11008K)
[6516.536s][info ][gc             ] GC(418) Pause Young (Allocation Failure) 2477M->432M(2542M) 2.256ms
[6516.536s][info ][gc,cpu         ] GC(418) User=0.01s Sys=0.00s Real=0.00s
[6516.536s][info ][safepoint      ] Safepoint "ParallelGCFailedAllocation", Time since last: 21697383865 ns, Reaching safepoint: 109502 ns, At safepoint: 2336438 ns, Total: 2445940 ns
[6539.034s][info ][gc,start       ] GC(419) Pause Young (Allocation Failure)
[6539.035s][debug][gc,phases      ] GC(419) Scavenge 1.473ms
[6539.035s][debug][gc,ref         ] GC(419) Skipped phase 1 of Reference Processing: no references
[6539.035s][debug][gc,ref         ] GC(419) Skipped phase 2 of Reference Processing: no references
[6539.035s][debug][gc,ref         ] GC(419) Skipped phase 3 of Reference Processing: no references
[6539.035s][debug][gc,ref         ] GC(419) Skipped phase 4 of Reference Processing: no references
[6539.035s][debug][gc,phases      ] GC(419) Reference Processing 0.021ms
[6539.036s][debug][gc,phases      ] GC(419) Weak Processing 0.484ms
[6539.036s][debug][gc,age         ] GC(419) Desired survivor size 1572864 bytes, new threshold 15 (max threshold 15)
[6539.036s][info ][gc,heap        ] GC(419) PSYoungGen: 2095024K(2095616K)->992K(2095616K) Eden: 2094080K(2094080K)->0K(2094080K) From: 944K(1536K)->992K(1536K)
[6539.036s][info ][gc,heap        ] GC(419) ParOldGen: 442381K(507904K)->442405K(507904K)
[6539.036s][info ][gc,metaspace   ] GC(419) Metaspace: 78906K(79616K)->78906K(79616K) NonClass: 68259K(68608K)->68259K(68608K) Class: 10646K(11008K)->10646K(11008K)
[6539.036s][info ][gc             ] GC(419) Pause Young (Allocation Failure) 2477M->433M(2542M) 2.088ms
[6539.036s][info ][gc,cpu         ] GC(419) User=0.00s Sys=0.00s Real=0.00s
[6539.036s][info ][safepoint      ] Safepoint "ParallelGCFailedAllocation", Time since last: 22498050313 ns, Reaching safepoint: 93602 ns, At safepoint: 2195336 ns, Total: 2288938 ns
[6561.684s][info ][gc,start       ] GC(420) Pause Young (Allocation Failure)
[6561.686s][debug][gc,phases      ] GC(420) Scavenge 2.121ms
[6561.686s][debug][gc,ref         ] GC(420) Skipped phase 1 of Reference Processing: no references
[6561.686s][debug][gc,ref         ] GC(420) Skipped phase 2 of Reference Processing: no references
[6561.686s][debug][gc,ref         ] GC(420) Skipped phase 3 of Reference Processing: no references
[6561.686s][debug][gc,ref         ] GC(420) Skipped phase 4 of Reference Processing: no references
[6561.686s][debug][gc,phases      ] GC(420) Reference Processing 0.023ms
[6561.687s][debug][gc,phases      ] GC(420) Weak Processing 0.493ms
[6561.687s][debug][gc,age         ] GC(420) Desired survivor size 1572864 bytes, new threshold 15 (max threshold 15)
[6561.687s][info ][gc,heap        ] GC(420) PSYoungGen: 2095072K(2095616K)->832K(2095616K) Eden: 2094080K(2094080K)->0K(2094080K) From: 992K(1536K)->832K(1536K)
[6561.687s][info ][gc,heap        ] GC(420) ParOldGen: 442405K(507904K)->442557K(507904K)
[6561.687s][info ][gc,metaspace   ] GC(420) Metaspace: 78906K(79616K)->78906K(79616K) NonClass: 68259K(68608K)->68259K(68608K) Class: 10646K(11008K)->10646K(11008K)
[6561.687s][info ][gc             ] GC(420) Pause Young (Allocation Failure) 2478M->432M(2542M) 2.769ms
[6561.687s][info ][gc,cpu         ] GC(420) User=0.00s Sys=0.00s Real=0.01s
[6561.687s][info ][safepoint      ] Safepoint "ParallelGCFailedAllocation", Time since last: 22647751549 ns, Reaching safepoint: 59901 ns, At safepoint: 2866347 ns, Total: 2926248 ns
[6584.234s][info ][gc,start       ] GC(421) Pause Young (Allocation Failure)
[6584.237s][debug][gc,phases      ] GC(421) Scavenge 2.194ms
[6584.237s][debug][gc,ref         ] GC(421) Skipped phase 1 of Reference Processing: no references
[6584.237s][debug][gc,ref         ] GC(421) Skipped phase 2 of Reference Processing: no references
[6584.237s][debug][gc,ref         ] GC(421) Skipped phase 3 of Reference Processing: no references
[6584.237s][debug][gc,ref         ] GC(421) Skipped phase 4 of Reference Processing: no references
[6584.237s][debug][gc,phases      ] GC(421) Reference Processing 0.023ms
[6584.237s][debug][gc,phases      ] GC(421) Weak Processing 0.690ms
[6584.237s][debug][gc,age         ] GC(421) Desired survivor size 1572864 bytes, new threshold 15 (max threshold 15)
[6584.237s][info ][gc,heap        ] GC(421) PSYoungGen: 2094912K(2095616K)->896K(2095616K) Eden: 2094080K(2094080K)->0K(2094080K) From: 832K(1536K)->896K(1536K)
[6584.237s][info ][gc,heap        ] GC(421) ParOldGen: 442557K(507904K)->442565K(507904K)
[6584.237s][info ][gc,metaspace   ] GC(421) Metaspace: 78910K(79616K)->78910K(79616K) NonClass: 68263K(68608K)->68263K(68608K) Class: 10646K(11008K)->10646K(11008K)
[6584.237s][info ][gc             ] GC(421) Pause Young (Allocation Failure) 2477M->433M(2542M) 3.047ms
[6584.237s][info ][gc,cpu         ] GC(421) User=0.01s Sys=0.00s Real=0.01s
[6584.237s][info ][safepoint      ] Safepoint "ParallelGCFailedAllocation", Time since last: 22547527073 ns, Reaching safepoint: 56600 ns, At safepoint: 3133252 ns, Total: 3189852 ns
[6595.238s][info ][safepoint      ] Safepoint "Cleanup", Time since last: 11000766885 ns, Reaching safepoint: 124302 ns, At safepoint: 10201 ns, Total: 134503 ns
[6606.438s][info ][gc,start       ] GC(422) Pause Young (Allocation Failure)
[6606.440s][debug][gc,phases      ] GC(422) Scavenge 1.411ms
[6606.440s][debug][gc,ref         ] GC(422) Skipped phase 1 of Reference Processing: no references
[6606.440s][debug][gc,ref         ] GC(422) Skipped phase 2 of Reference Processing: no references
[6606.440s][debug][gc,ref         ] GC(422) Skipped phase 3 of Reference Processing: no references
[6606.440s][debug][gc,ref         ] GC(422) Skipped phase 4 of Reference Processing: no references
[6606.440s][debug][gc,phases      ] GC(422) Reference Processing 0.030ms
[6606.441s][debug][gc,phases      ] GC(422) Weak Processing 0.671ms
[6606.441s][debug][gc,age         ] GC(422) Desired survivor size 1572864 bytes, new threshold 15 (max threshold 15)
[6606.441s][info ][gc,heap        ] GC(422) PSYoungGen: 2094976K(2095616K)->800K(2095616K) Eden: 2094080K(2094080K)->0K(2094080K) From: 896K(1536K)->800K(1536K)
[6606.441s][info ][gc,heap        ] GC(422) ParOldGen: 442565K(507904K)->442597K(507904K)
[6606.441s][info ][gc,metaspace   ] GC(422) Metaspace: 78910K(79616K)->78910K(79616K) NonClass: 68263K(68608K)->68263K(68608K) Class: 10646K(11008K)->10646K(11008K)
[6606.441s][info ][gc             ] GC(422) Pause Young (Allocation Failure) 2478M->433M(2542M) 2.271ms
[6606.441s][info ][gc,cpu         ] GC(422) User=0.00s Sys=0.00s Real=0.00s
[6606.441s][info ][safepoint      ] Safepoint "ParallelGCFailedAllocation", Time since last: 11200048658 ns, Reaching safepoint: 56201 ns, At safepoint: 2364338 ns, Total: 2420539 ns
[6623.442s][info ][safepoint      ] Safepoint "Cleanup", Time since last: 17001112783 ns, Reaching safepoint: 46301 ns, At safepoint: 7900 ns, Total: 54201 ns
[6628.883s][info ][gc,start       ] GC(423) Pause Young (Allocation Failure)
[6628.885s][debug][gc,phases      ] GC(423) Scavenge 1.798ms
[6628.885s][debug][gc,ref         ] GC(423) Skipped phase 1 of Reference Processing: no references
[6628.885s][debug][gc,ref         ] GC(423) Skipped phase 3 of Reference Processing: no references
[6628.885s][debug][gc,phases      ] GC(423) Reference Processing 0.041ms
[6628.886s][debug][gc,phases      ] GC(423) Weak Processing 0.529ms
[6628.886s][debug][gc,age         ] GC(423) Desired survivor size 1572864 bytes, new threshold 15 (max threshold 15)
[6628.886s][info ][gc,heap        ] GC(423) PSYoungGen: 2094880K(2095616K)->848K(2095616K) Eden: 2094080K(2094080K)->0K(2094080K) From: 800K(1536K)->848K(1536K)
[6628.886s][info ][gc,heap        ] GC(423) ParOldGen: 442597K(507904K)->442613K(507904K)
[6628.886s][info ][gc,metaspace   ] GC(423) Metaspace: 78910K(79616K)->78910K(79616K) NonClass: 68263K(68608K)->68263K(68608K) Class: 10646K(11008K)->10646K(11008K)
[6628.886s][info ][gc             ] GC(423) Pause Young (Allocation Failure) 2478M->433M(2542M) 2.506ms
[6628.886s][info ][gc,cpu         ] GC(423) User=0.01s Sys=0.00s Real=0.01s
[6628.886s][info ][safepoint      ] Safepoint "ParallelGCFailedAllocation", Time since last: 5441497715 ns, Reaching safepoint: 39000 ns, At safepoint: 2595043 ns, Total: 2634043 ns
[6643.887s][info ][safepoint      ] Safepoint "Cleanup", Time since last: 15000973664 ns, Reaching safepoint: 110902 ns, At safepoint: 7200 ns, Total: 118102 ns
[6650.933s][info ][gc,start       ] GC(424) Pause Young (Allocation Failure)
[6650.935s][debug][gc,phases      ] GC(424) Scavenge 1.601ms
[6650.935s][debug][gc,ref         ] GC(424) Skipped phase 1 of Reference Processing: no references
[6650.935s][debug][gc,ref         ] GC(424) Skipped phase 3 of Reference Processing: no references
[6650.935s][debug][gc,phases      ] GC(424) Reference Processing 0.021ms
[6650.935s][debug][gc,phases      ] GC(424) Weak Processing 0.537ms
[6650.935s][debug][gc,age         ] GC(424) Desired survivor size 1572864 bytes, new threshold 15 (max threshold 15)
[6650.935s][info ][gc,heap        ] GC(424) PSYoungGen: 2094928K(2095616K)->992K(2095616K) Eden: 2094080K(2094080K)->0K(2094080K) From: 848K(1536K)->992K(1536K)
[6650.935s][info ][gc,heap        ] GC(424) ParOldGen: 442613K(507904K)->442645K(507904K)
[6650.935s][info ][gc,metaspace   ] GC(424) Metaspace: 78910K(79616K)->78910K(79616K) NonClass: 68263K(68608K)->68263K(68608K) Class: 10646K(11008K)->10646K(11008K)
[6650.936s][info ][gc             ] GC(424) Pause Young (Allocation Failure) 2478M->433M(2542M) 2.335ms
[6650.936s][info ][gc,cpu         ] GC(424) User=0.01s Sys=0.00s Real=0.00s
[6650.936s][info ][safepoint      ] Safepoint "ParallelGCFailedAllocation", Time since last: 7045954601 ns, Reaching safepoint: 69001 ns, At safepoint: 2417340 ns, Total: 2486341 ns
[6673.583s][info ][gc,start       ] GC(425) Pause Young (Allocation Failure)
[6673.585s][debug][gc,phases      ] GC(425) Scavenge 1.534ms
[6673.585s][debug][gc,ref         ] GC(425) Skipped phase 1 of Reference Processing: no references
[6673.585s][debug][gc,ref         ] GC(425) Skipped phase 3 of Reference Processing: no references
[6673.585s][debug][gc,phases      ] GC(425) Reference Processing 0.026ms
[6673.585s][debug][gc,phases      ] GC(425) Weak Processing 0.556ms
[6673.585s][debug][gc,age         ] GC(425) Desired survivor size 1572864 bytes, new threshold 15 (max threshold 15)
[6673.585s][info ][gc,heap        ] GC(425) PSYoungGen: 2095072K(2095616K)->976K(2095616K) Eden: 2094080K(2094080K)->0K(2094080K) From: 992K(1536K)->976K(1536K)
[6673.585s][info ][gc,heap        ] GC(425) ParOldGen: 442645K(507904K)->442709K(507904K)
[6673.585s][info ][gc,metaspace   ] GC(425) Metaspace: 78910K(79616K)->78910K(79616K) NonClass: 68263K(68608K)->68263K(68608K) Class: 10646K(11008K)->10646K(11008K)
[6673.585s][info ][gc             ] GC(425) Pause Young (Allocation Failure) 2478M->433M(2542M) 2.242ms
[6673.585s][info ][gc,cpu         ] GC(425) User=0.01s Sys=0.00s Real=0.01s
[6673.586s][info ][safepoint      ] Safepoint "ParallelGCFailedAllocation", Time since last: 22647496422 ns, Reaching safepoint: 104802 ns, At safepoint: 2326738 ns, Total: 2431540 ns
[6696.229s][info ][gc,start       ] GC(426) Pause Young (Allocation Failure)
[6696.231s][debug][gc,phases      ] GC(426) Scavenge 1.232ms
[6696.231s][debug][gc,ref         ] GC(426) Skipped phase 1 of Reference Processing: no references
[6696.231s][debug][gc,ref         ] GC(426) Skipped phase 2 of Reference Processing: no references
[6696.231s][debug][gc,ref         ] GC(426) Skipped phase 3 of Reference Processing: no references
[6696.231s][debug][gc,ref         ] GC(426) Skipped phase 4 of Reference Processing: no references
[6696.231s][debug][gc,phases      ] GC(426) Reference Processing 0.020ms
[6696.231s][debug][gc,phases      ] GC(426) Weak Processing 0.528ms
[6696.231s][debug][gc,age         ] GC(426) Desired survivor size 1572864 bytes, new threshold 15 (max threshold 15)
[6696.231s][info ][gc,heap        ] GC(426) PSYoungGen: 2095056K(2095616K)->832K(2095616K) Eden: 2094080K(2094080K)->0K(2094080K) From: 976K(1536K)->832K(1536K)
[6696.231s][info ][gc,heap        ] GC(426) ParOldGen: 442709K(507904K)->442805K(507904K)
[6696.231s][info ][gc,metaspace   ] GC(426) Metaspace: 78910K(79616K)->78910K(79616K) NonClass: 68263K(68608K)->68263K(68608K) Class: 10646K(11008K)->10646K(11008K)
[6696.231s][info ][gc             ] GC(426) Pause Young (Allocation Failure) 2478M->433M(2542M) 1.887ms
[6696.231s][info ][gc,cpu         ] GC(426) User=0.01s Sys=0.01s Real=0.00s
[6696.231s][info ][safepoint      ] Safepoint "ParallelGCFailedAllocation", Time since last: 22643826441 ns, Reaching safepoint: 26600 ns, At safepoint: 1998533 ns, Total: 2025133 ns
[6719.033s][info ][gc,start       ] GC(427) Pause Young (Allocation Failure)
[6719.034s][debug][gc,phases      ] GC(427) Scavenge 1.347ms
[6719.034s][debug][gc,ref         ] GC(427) Skipped phase 1 of Reference Processing: no references
[6719.035s][debug][gc,ref         ] GC(427) Skipped phase 2 of Reference Processing: no references
[6719.035s][debug][gc,ref         ] GC(427) Skipped phase 3 of Reference Processing: no references
[6719.035s][debug][gc,ref         ] GC(427) Skipped phase 4 of Reference Processing: no references
[6719.035s][debug][gc,phases      ] GC(427) Reference Processing 0.027ms
[6719.035s][debug][gc,phases      ] GC(427) Weak Processing 0.680ms
[6719.035s][debug][gc,age         ] GC(427) Desired survivor size 1572864 bytes, new threshold 15 (max threshold 15)
[6719.035s][info ][gc,heap        ] GC(427) PSYoungGen: 2094912K(2095616K)->832K(2095616K) Eden: 2094080K(2094080K)->0K(2094080K) From: 832K(1536K)->832K(1536K)
[6719.035s][info ][gc,heap        ] GC(427) ParOldGen: 442805K(507904K)->442845K(507904K)
[6719.035s][info ][gc,metaspace   ] GC(427) Metaspace: 78910K(79616K)->78910K(79616K) NonClass: 68263K(68608K)->68263K(68608K) Class: 10646K(11008K)->10646K(11008K)
[6719.035s][info ][gc             ] GC(427) Pause Young (Allocation Failure) 2478M->433M(2542M) 2.176ms
[6719.035s][info ][gc,cpu         ] GC(427) User=0.00s Sys=0.00s Real=0.00s
[6719.035s][info ][safepoint      ] Safepoint "ParallelGCFailedAllocation", Time since last: 22801642115 ns, Reaching safepoint: 54701 ns, At safepoint: 2271537 ns, Total: 2326238 ns
[6741.883s][info ][gc,start       ] GC(428) Pause Young (Allocation Failure)
[6741.885s][debug][gc,phases      ] GC(428) Scavenge 1.584ms
[6741.885s][debug][gc,ref         ] GC(428) Skipped phase 1 of Reference Processing: no references
[6741.885s][debug][gc,ref         ] GC(428) Skipped phase 2 of Reference Processing: no references
[6741.885s][debug][gc,ref         ] GC(428) Skipped phase 3 of Reference Processing: no references
[6741.885s][debug][gc,ref         ] GC(428) Skipped phase 4 of Reference Processing: no references
[6741.885s][debug][gc,phases      ] GC(428) Reference Processing 0.029ms
[6741.886s][debug][gc,phases      ] GC(428) Weak Processing 0.660ms
[6741.886s][debug][gc,age         ] GC(428) Desired survivor size 1572864 bytes, new threshold 15 (max threshold 15)
[6741.886s][info ][gc,heap        ] GC(428) PSYoungGen: 2094912K(2095616K)->848K(2095616K) Eden: 2094080K(2094080K)->0K(2094080K) From: 832K(1536K)->848K(1536K)
[6741.886s][info ][gc,heap        ] GC(428) ParOldGen: 442845K(507904K)->442869K(507904K)
[6741.886s][info ][gc,metaspace   ] GC(428) Metaspace: 78910K(79616K)->78910K(79616K) NonClass: 68263K(68608K)->68263K(68608K) Class: 10646K(11008K)->10646K(11008K)
[6741.886s][info ][gc             ] GC(428) Pause Young (Allocation Failure) 2478M->433M(2542M) 2.430ms
[6741.886s][info ][gc,cpu         ] GC(428) User=0.00s Sys=0.00s Real=0.01s
[6741.886s][info ][safepoint      ] Safepoint "ParallelGCFailedAllocation", Time since last: 22847883256 ns, Reaching safepoint: 127002 ns, At safepoint: 2522541 ns, Total: 2649543 ns
[6752.887s][info ][safepoint      ] Safepoint "Cleanup", Time since last: 11000787212 ns, Reaching safepoint: 133502 ns, At safepoint: 7400 ns, Total: 140902 ns
[6764.582s][info ][gc,start       ] GC(429) Pause Young (Allocation Failure)
[6764.583s][debug][gc,phases      ] GC(429) Scavenge 1.335ms
[6764.583s][debug][gc,ref         ] GC(429) Skipped phase 1 of Reference Processing: no references
[6764.583s][debug][gc,ref         ] GC(429) Skipped phase 2 of Reference Processing: no references
[6764.583s][debug][gc,ref         ] GC(429) Skipped phase 3 of Reference Processing: no references
[6764.583s][debug][gc,ref         ] GC(429) Skipped phase 4 of Reference Processing: no references
[6764.583s][debug][gc,phases      ] GC(429) Reference Processing 0.021ms
[6764.584s][debug][gc,phases      ] GC(429) Weak Processing 0.539ms
[6764.584s][debug][gc,age         ] GC(429) Desired survivor size 1572864 bytes, new threshold 15 (max threshold 15)
[6764.584s][info ][gc,heap        ] GC(429) PSYoungGen: 2094928K(2095616K)->816K(2095616K) Eden: 2094080K(2094080K)->0K(2094080K) From: 848K(1536K)->816K(1536K)
[6764.584s][info ][gc,heap        ] GC(429) ParOldGen: 442869K(507904K)->442933K(507904K)
[6764.584s][info ][gc,metaspace   ] GC(429) Metaspace: 78910K(79616K)->78910K(79616K) NonClass: 68263K(68608K)->68263K(68608K) Class: 10646K(11008K)->10646K(11008K)
[6764.584s][info ][gc             ] GC(429) Pause Young (Allocation Failure) 2478M->433M(2542M) 2.006ms
[6764.584s][info ][gc,cpu         ] GC(429) User=0.01s Sys=0.00s Real=0.00s
[6764.584s][info ][safepoint      ] Safepoint "ParallelGCFailedAllocation", Time since last: 11694960323 ns, Reaching safepoint: 29001 ns, At safepoint: 2077634 ns, Total: 2106635 ns
[6788.433s][info ][gc,start       ] GC(430) Pause Young (Allocation Failure)
[6788.434s][debug][gc,phases      ] GC(430) Scavenge 1.494ms
[6788.434s][debug][gc,ref         ] GC(430) Skipped phase 1 of Reference Processing: no references
[6788.434s][debug][gc,ref         ] GC(430) Skipped phase 2 of Reference Processing: no references
[6788.434s][debug][gc,ref         ] GC(430) Skipped phase 3 of Reference Processing: no references
[6788.434s][debug][gc,ref         ] GC(430) Skipped phase 4 of Reference Processing: no references
[6788.434s][debug][gc,phases      ] GC(430) Reference Processing 0.022ms
[6788.435s][debug][gc,phases      ] GC(430) Weak Processing 0.486ms
[6788.435s][debug][gc,age         ] GC(430) Desired survivor size 1572864 bytes, new threshold 15 (max threshold 15)
[6788.435s][info ][gc,heap        ] GC(430) PSYoungGen: 2094896K(2095616K)->832K(2095616K) Eden: 2094080K(2094080K)->0K(2094080K) From: 816K(1536K)->832K(1536K)
[6788.435s][info ][gc,heap        ] GC(430) ParOldGen: 442933K(507904K)->442941K(507904K)
[6788.435s][info ][gc,metaspace   ] GC(430) Metaspace: 78910K(79616K)->78910K(79616K) NonClass: 68263K(68608K)->68263K(68608K) Class: 10646K(11008K)->10646K(11008K)
[6788.435s][info ][gc             ] GC(430) Pause Young (Allocation Failure) 2478M->433M(2542M) 2.115ms
[6788.435s][info ][gc,cpu         ] GC(430) User=0.00s Sys=0.00s Real=0.00s
[6788.435s][info ][safepoint      ] Safepoint "ParallelGCFailedAllocation", Time since last: 23848723675 ns, Reaching safepoint: 122402 ns, At safepoint: 2190737 ns, Total: 2313139 ns
[6813.586s][info ][gc,start       ] GC(431) Pause Young (Allocation Failure)
[6813.587s][debug][gc,phases      ] GC(431) Scavenge 1.274ms
[6813.587s][debug][gc,ref         ] GC(431) Skipped phase 1 of Reference Processing: no references
[6813.587s][debug][gc,ref         ] GC(431) Skipped phase 2 of Reference Processing: no references
[6813.587s][debug][gc,ref         ] GC(431) Skipped phase 3 of Reference Processing: no references
[6813.587s][debug][gc,ref         ] GC(431) Skipped phase 4 of Reference Processing: no references
[6813.587s][debug][gc,phases      ] GC(431) Reference Processing 0.036ms
[6813.588s][debug][gc,phases      ] GC(431) Weak Processing 0.537ms
[6813.588s][debug][gc,age         ] GC(431) Desired survivor size 1572864 bytes, new threshold 15 (max threshold 15)
[6813.588s][info ][gc,heap        ] GC(431) PSYoungGen: 2094912K(2095616K)->848K(2095616K) Eden: 2094080K(2094080K)->0K(2094080K) From: 832K(1536K)->848K(1536K)
[6813.588s][info ][gc,heap        ] GC(431) ParOldGen: 442941K(507904K)->442957K(507904K)
[6813.588s][info ][gc,metaspace   ] GC(431) Metaspace: 78910K(79616K)->78910K(79616K) NonClass: 68263K(68608K)->68263K(68608K) Class: 10646K(11008K)->10646K(11008K)
[6813.588s][info ][gc             ] GC(431) Pause Young (Allocation Failure) 2478M->433M(2542M) 1.950ms
[6813.588s][info ][gc,cpu         ] GC(431) User=0.01s Sys=0.00s Real=0.00s
[6813.588s][info ][safepoint      ] Safepoint "ParallelGCFailedAllocation", Time since last: 25150850867 ns, Reaching safepoint: 54701 ns, At safepoint: 2021033 ns, Total: 2075734 ns
[6816.124s][info ][safepoint      ] Safepoint "ICBufferFull", Time since last: 2536245204 ns, Reaching safepoint: 233204 ns, At safepoint: 5000 ns, Total: 238204 ns
[6817.124s][info ][safepoint      ] Safepoint "Cleanup", Time since last: 1000111544 ns, Reaching safepoint: 52201 ns, At safepoint: 5900 ns, Total: 58101 ns
[6826.125s][info ][safepoint      ] Safepoint "Cleanup", Time since last: 9000741898 ns, Reaching safepoint: 158903 ns, At safepoint: 5700 ns, Total: 164603 ns
[6834.682s][info ][gc,start       ] GC(432) Pause Young (Allocation Failure)
[6834.686s][debug][gc,phases      ] GC(432) Scavenge 4.183ms
[6834.686s][debug][gc,ref         ] GC(432) Skipped phase 1 of Reference Processing: no references
[6834.686s][debug][gc,phases      ] GC(432) Reference Processing 0.062ms
[6834.687s][debug][gc,phases      ] GC(432) Weak Processing 0.655ms
[6834.687s][debug][gc,age         ] GC(432) Desired survivor size 7864320 bytes, new threshold 14 (max threshold 15)
[6834.687s][info ][gc,heap        ] GC(432) PSYoungGen: 2094928K(2095616K)->1525K(2095616K) Eden: 2094080K(2094080K)->0K(2094080K) From: 848K(1536K)->1525K(1536K)
[6834.687s][info ][gc,heap        ] GC(432) ParOldGen: 442957K(507904K)->459599K(507904K)
[6834.687s][info ][gc,metaspace   ] GC(432) Metaspace: 78983K(79680K)->78983K(79680K) NonClass: 68335K(68672K)->68335K(68672K) Class: 10647K(11008K)->10647K(11008K)
[6834.687s][info ][gc             ] GC(432) Pause Young (Allocation Failure) 2478M->450M(2542M) 5.018ms
[6834.687s][info ][gc,cpu         ] GC(432) User=0.01s Sys=0.01s Real=0.01s
[6834.687s][info ][safepoint      ] Safepoint "ParallelGCFailedAllocation", Time since last: 8556601592 ns, Reaching safepoint: 133702 ns, At safepoint: 5150385 ns, Total: 5284087 ns
[6857.532s][info ][gc,start       ] GC(433) Pause Young (Allocation Failure)
[6857.534s][debug][gc,phases      ] GC(433) Scavenge 1.686ms
[6857.534s][debug][gc,ref         ] GC(433) Skipped phase 1 of Reference Processing: no references
[6857.534s][debug][gc,ref         ] GC(433) Skipped phase 3 of Reference Processing: no references
[6857.534s][debug][gc,phases      ] GC(433) Reference Processing 0.021ms
[6857.534s][debug][gc,phases      ] GC(433) Weak Processing 0.485ms
[6857.534s][debug][gc,age         ] GC(433) Desired survivor size 7340032 bytes, new threshold 13 (max threshold 15)
[6857.534s][info ][gc,heap        ] GC(433) PSYoungGen: 2095605K(2095616K)->1509K(2084352K) Eden: 2094080K(2094080K)->0K(2082816K) From: 1525K(1536K)->1509K(1536K)
[6857.534s][info ][gc,heap        ] GC(433) ParOldGen: 459599K(507904K)->459783K(507904K)
[6857.534s][info ][gc,metaspace   ] GC(433) Metaspace: 78983K(79680K)->78983K(79680K) NonClass: 68335K(68672K)->68335K(68672K) Class: 10647K(11008K)->10647K(11008K)
[6857.534s][info ][gc             ] GC(433) Pause Young (Allocation Failure) 2495M->450M(2531M) 2.321ms
[6857.534s][info ][gc,cpu         ] GC(433) User=0.01s Sys=0.00s Real=0.00s
[6857.534s][info ][safepoint      ] Safepoint "ParallelGCFailedAllocation", Time since last: 22844582712 ns, Reaching safepoint: 102902 ns, At safepoint: 2416539 ns, Total: 2519441 ns
[6879.933s][info ][gc,start       ] GC(434) Pause Young (Allocation Failure)
[6879.935s][debug][gc,phases      ] GC(434) Scavenge 1.927ms
[6879.935s][debug][gc,ref         ] GC(434) Skipped phase 1 of Reference Processing: no references
[6879.935s][debug][gc,ref         ] GC(434) Skipped phase 3 of Reference Processing: no references
[6879.935s][debug][gc,phases      ] GC(434) Reference Processing 0.020ms
[6879.935s][debug][gc,phases      ] GC(434) Weak Processing 0.497ms
[6879.935s][debug][gc,age         ] GC(434) Desired survivor size 7340032 bytes, new threshold 14 (max threshold 15)
[6879.935s][info ][gc,heap        ] GC(434) PSYoungGen: 2084325K(2084352K)->1621K(2089984K) Eden: 2082816K(2082816K)->0K(2082816K) From: 1509K(1536K)->1621K(7168K)
[6879.935s][info ][gc,heap        ] GC(434) ParOldGen: 459783K(507904K)->459791K(507904K)
[6879.935s][info ][gc,metaspace   ] GC(434) Metaspace: 78983K(79680K)->78983K(79680K) NonClass: 68335K(68672K)->68335K(68672K) Class: 10647K(11008K)->10647K(11008K)
[6879.935s][info ][gc             ] GC(434) Pause Young (Allocation Failure) 2484M->450M(2537M) 2.556ms
[6879.935s][info ][gc,cpu         ] GC(434) User=0.01s Sys=0.01s Real=0.00s
[6879.935s][info ][safepoint      ] Safepoint "ParallelGCFailedAllocation", Time since last: 22398134157 ns, Reaching safepoint: 133802 ns, At safepoint: 2633343 ns, Total: 2767145 ns
[6901.178s][info ][gc,start       ] GC(435) Pause Young (Allocation Failure)
[6901.180s][debug][gc,phases      ] GC(435) Scavenge 1.589ms
[6901.180s][debug][gc,ref         ] GC(435) Skipped phase 1 of Reference Processing: no references
[6901.180s][debug][gc,ref         ] GC(435) Skipped phase 3 of Reference Processing: no references
[6901.180s][debug][gc,phases      ] GC(435) Reference Processing 0.020ms
[6901.180s][debug][gc,phases      ] GC(435) Weak Processing 0.543ms
[6901.180s][debug][gc,age         ] GC(435) Desired survivor size 6815744 bytes, new threshold 15 (max threshold 15)
[6901.180s][info ][gc,heap        ] GC(435) PSYoungGen: 2084437K(2089984K)->1701K(2090496K) Eden: 2082816K(2082816K)->0K(2083328K) From: 1621K(7168K)->1701K(7168K)
[6901.180s][info ][gc,heap        ] GC(435) ParOldGen: 459791K(507904K)->459791K(507904K)
[6901.180s][info ][gc,metaspace   ] GC(435) Metaspace: 78983K(79680K)->78983K(79680K) NonClass: 68335K(68672K)->68335K(68672K) Class: 10647K(11008K)->10647K(11008K)
[6901.180s][info ][gc             ] GC(435) Pause Young (Allocation Failure) 2484M->450M(2537M) 2.260ms
[6901.180s][info ][gc,cpu         ] GC(435) User=0.01s Sys=0.00s Real=0.00s
[6901.180s][info ][safepoint      ] Safepoint "ParallelGCFailedAllocation", Time since last: 21242746948 ns, Reaching safepoint: 43600 ns, At safepoint: 2336539 ns, Total: 2380139 ns
[6916.181s][info ][safepoint      ] Safepoint "Cleanup", Time since last: 15000902819 ns, Reaching safepoint: 52101 ns, At safepoint: 6300 ns, Total: 58401 ns
[6922.284s][info ][gc,start       ] GC(436) Pause Young (Allocation Failure)
[6922.285s][debug][gc,phases      ] GC(436) Scavenge 1.676ms
[6922.285s][debug][gc,ref         ] GC(436) Skipped phase 1 of Reference Processing: no references
[6922.285s][debug][gc,ref         ] GC(436) Skipped phase 3 of Reference Processing: no references
[6922.285s][debug][gc,phases      ] GC(436) Reference Processing 0.026ms
[6922.286s][debug][gc,phases      ] GC(436) Weak Processing 0.538ms
[6922.286s][debug][gc,age         ] GC(436) Desired survivor size 6815744 bytes, new threshold 15 (max threshold 15)
[6922.286s][info ][gc,heap        ] GC(436) PSYoungGen: 2085029K(2090496K)->1717K(2089984K) Eden: 2083328K(2083328K)->0K(2083328K) From: 1701K(7168K)->1717K(6656K)
[6922.286s][info ][gc,heap        ] GC(436) ParOldGen: 459791K(507904K)->459791K(507904K)
[6922.286s][info ][gc,metaspace   ] GC(436) Metaspace: 78983K(79680K)->78983K(79680K) NonClass: 68335K(68672K)->68335K(68672K) Class: 10647K(11008K)->10647K(11008K)
[6922.286s][info ][gc             ] GC(436) Pause Young (Allocation Failure) 2485M->450M(2537M) 2.384ms
[6922.286s][info ][gc,cpu         ] GC(436) User=0.01s Sys=0.00s Real=0.01s
[6922.286s][info ][safepoint      ] Safepoint "ParallelGCFailedAllocation", Time since last: 6102198420 ns, Reaching safepoint: 102002 ns, At safepoint: 2473541 ns, Total: 2575543 ns
[6923.286s][info ][safepoint      ] Safepoint "Cleanup", Time since last: 1000087341 ns, Reaching safepoint: 82001 ns, At safepoint: 9900 ns, Total: 91901 ns
[6943.370s][info ][gc,start       ] GC(437) Pause Young (Allocation Failure)
[6943.372s][debug][gc,phases      ] GC(437) Scavenge 1.584ms
[6943.372s][debug][gc,ref         ] GC(437) Skipped phase 1 of Reference Processing: no references
[6943.372s][debug][gc,ref         ] GC(437) Skipped phase 3 of Reference Processing: no references
[6943.372s][debug][gc,phases      ] GC(437) Reference Processing 0.020ms
[6943.372s][debug][gc,phases      ] GC(437) Weak Processing 0.513ms
[6943.372s][debug][gc,age         ] GC(437) Desired survivor size 6291456 bytes, new threshold 15 (max threshold 15)
[6943.372s][info ][gc,heap        ] GC(437) PSYoungGen: 2085045K(2089984K)->1781K(2091008K) Eden: 2083328K(2083328K)->0K(2084352K) From: 1717K(6656K)->1781K(6656K)
[6943.372s][info ][gc,heap        ] GC(437) ParOldGen: 459791K(507904K)->459807K(507904K)
[6943.372s][info ][gc,metaspace   ] GC(437) Metaspace: 78983K(79680K)->78983K(79680K) NonClass: 68335K(68672K)->68335K(68672K) Class: 10647K(11008K)->10647K(11008K)
[6943.372s][info ][gc             ] GC(437) Pause Young (Allocation Failure) 2485M->450M(2538M) 2.239ms
[6943.372s][info ][gc,cpu         ] GC(437) User=0.01s Sys=0.00s Real=0.00s
[6943.372s][info ][safepoint      ] Safepoint "ParallelGCFailedAllocation", Time since last: 20083595468 ns, Reaching safepoint: 22100 ns, At safepoint: 2310738 ns, Total: 2332838 ns
[6964.855s][info ][gc,start       ] GC(438) Pause Young (Allocation Failure)
[6964.857s][debug][gc,phases      ] GC(438) Scavenge 1.595ms
[6964.857s][debug][gc,ref         ] GC(438) Skipped phase 1 of Reference Processing: no references
[6964.857s][debug][gc,ref         ] GC(438) Skipped phase 3 of Reference Processing: no references
[6964.857s][debug][gc,phases      ] GC(438) Reference Processing 0.019ms
[6964.857s][debug][gc,phases      ] GC(438) Weak Processing 0.472ms
[6964.857s][debug][gc,age         ] GC(438) Desired survivor size 5767168 bytes, new threshold 15 (max threshold 15)
[6964.857s][info ][gc,heap        ] GC(438) PSYoungGen: 2086133K(2091008K)->1797K(2090496K) Eden: 2084352K(2084352K)->0K(2084352K) From: 1781K(6656K)->1797K(6144K)
[6964.857s][info ][gc,heap        ] GC(438) ParOldGen: 459807K(507904K)->459839K(507904K)
[6964.857s][info ][gc,metaspace   ] GC(438) Metaspace: 78983K(79680K)->78983K(79680K) NonClass: 68335K(68672K)->68335K(68672K) Class: 10647K(11008K)->10647K(11008K)
[6964.857s][info ][gc             ] GC(438) Pause Young (Allocation Failure) 2486M->450M(2537M) 2.190ms
[6964.857s][info ][gc,cpu         ] GC(438) User=0.01s Sys=0.00s Real=0.01s
[6964.857s][info ][safepoint      ] Safepoint "ParallelGCFailedAllocation", Time since last: 21482918661 ns, Reaching safepoint: 58400 ns, At safepoint: 2269738 ns, Total: 2328138 ns
[6985.623s][info ][gc,start       ] GC(439) Pause Young (Allocation Failure)
[6985.625s][debug][gc,phases      ] GC(439) Scavenge 1.746ms
[6985.625s][debug][gc,ref         ] GC(439) Skipped phase 1 of Reference Processing: no references
[6985.625s][debug][gc,ref         ] GC(439) Skipped phase 3 of Reference Processing: no references
[6985.625s][debug][gc,phases      ] GC(439) Reference Processing 0.020ms
[6985.625s][debug][gc,phases      ] GC(439) Weak Processing 0.546ms
[6985.626s][debug][gc,age         ] GC(439) Desired survivor size 5767168 bytes, new threshold 15 (max threshold 15)
[6985.626s][info ][gc,heap        ] GC(439) PSYoungGen: 2086149K(2090496K)->1797K(2091520K) Eden: 2084352K(2084352K)->0K(2085888K) From: 1797K(6144K)->1797K(5632K)
[6985.626s][info ][gc,heap        ] GC(439) ParOldGen: 459839K(507904K)->459871K(507904K)
[6985.626s][info ][gc,metaspace   ] GC(439) Metaspace: 78983K(79680K)->78983K(79680K) NonClass: 68335K(68672K)->68335K(68672K) Class: 10647K(11008K)->10647K(11008K)
[6985.626s][info ][gc             ] GC(439) Pause Young (Allocation Failure) 2486M->450M(2538M) 2.438ms
[6985.626s][info ][gc,cpu         ] GC(439) User=0.01s Sys=0.00s Real=0.01s
[6985.626s][info ][safepoint      ] Safepoint "ParallelGCFailedAllocation", Time since last: 20765513156 ns, Reaching safepoint: 85902 ns, At safepoint: 2519541 ns, Total: 2605443 ns
[7007.627s][info ][safepoint      ] Safepoint "Cleanup", Time since last: 22001499564 ns, Reaching safepoint: 53801 ns, At safepoint: 7200 ns, Total: 61001 ns
[7007.736s][info ][gc,start       ] GC(440) Pause Young (Allocation Failure)
[7007.737s][debug][gc,phases      ] GC(440) Scavenge 1.660ms
[7007.737s][debug][gc,ref         ] GC(440) Skipped phase 1 of Reference Processing: no references
[7007.737s][debug][gc,ref         ] GC(440) Skipped phase 3 of Reference Processing: no references
[7007.737s][debug][gc,phases      ] GC(440) Reference Processing 0.021ms
[7007.738s][debug][gc,phases      ] GC(440) Weak Processing 0.482ms
[7007.738s][debug][gc,age         ] GC(440) Desired survivor size 5242880 bytes, new threshold 15 (max threshold 15)
[7007.738s][info ][gc,heap        ] GC(440) PSYoungGen: 2087685K(2091520K)->1829K(2091520K) Eden: 2085888K(2085888K)->0K(2085888K) From: 1797K(5632K)->1829K(5632K)
[7007.738s][info ][gc,heap        ] GC(440) ParOldGen: 459871K(507904K)->459879K(507904K)
[7007.738s][info ][gc,metaspace   ] GC(440) Metaspace: 78983K(79680K)->78983K(79680K) NonClass: 68335K(68672K)->68335K(68672K) Class: 10647K(11008K)->10647K(11008K)
[7007.738s][info ][gc             ] GC(440) Pause Young (Allocation Failure) 2487M->450M(2538M) 2.296ms
[7007.738s][info ][gc,cpu         ] GC(440) User=0.01s Sys=0.00s Real=0.01s
[7007.738s][info ][safepoint      ] Safepoint "ParallelGCFailedAllocation", Time since last: 108392782 ns, Reaching safepoint: 36500 ns, At safepoint: 2366839 ns, Total: 2403339 ns
[7012.738s][info ][safepoint      ] Safepoint "Cleanup", Time since last: 5000347595 ns, Reaching safepoint: 50101 ns, At safepoint: 9400 ns, Total: 59501 ns
[7029.985s][info ][gc,start       ] GC(441) Pause Young (Allocation Failure)
[7029.987s][debug][gc,phases      ] GC(441) Scavenge 1.609ms
[7029.987s][debug][gc,ref         ] GC(441) Skipped phase 1 of Reference Processing: no references
[7029.987s][debug][gc,ref         ] GC(441) Skipped phase 3 of Reference Processing: no references
[7029.987s][debug][gc,phases      ] GC(441) Reference Processing 0.019ms
[7029.987s][debug][gc,phases      ] GC(441) Weak Processing 0.520ms
[7029.987s][debug][gc,age         ] GC(441) Desired survivor size 5242880 bytes, new threshold 15 (max threshold 15)
[7029.987s][info ][gc,heap        ] GC(441) PSYoungGen: 2087717K(2091520K)->1749K(2092032K) Eden: 2085888K(2085888K)->0K(2086912K) From: 1829K(5632K)->1749K(5120K)
[7029.987s][info ][gc,heap        ] GC(441) ParOldGen: 459879K(507904K)->459887K(507904K)
[7029.987s][info ][gc,metaspace   ] GC(441) Metaspace: 78983K(79680K)->78983K(79680K) NonClass: 68335K(68672K)->68335K(68672K) Class: 10647K(11008K)->10647K(11008K)
[7029.987s][info ][gc             ] GC(441) Pause Young (Allocation Failure) 2487M->450M(2539M) 2.246ms
[7029.987s][info ][gc,cpu         ] GC(441) User=0.01s Sys=0.01s Real=0.00s
[7029.987s][info ][safepoint      ] Safepoint "ParallelGCFailedAllocation", Time since last: 17246448090 ns, Reaching safepoint: 88002 ns, At safepoint: 2320838 ns, Total: 2408840 ns
[7052.185s][info ][gc,start       ] GC(442) Pause Young (Allocation Failure)
[7052.187s][debug][gc,phases      ] GC(442) Scavenge 1.522ms
[7052.187s][debug][gc,ref         ] GC(442) Skipped phase 1 of Reference Processing: no references
[7052.187s][debug][gc,ref         ] GC(442) Skipped phase 3 of Reference Processing: no references
[7052.187s][debug][gc,phases      ] GC(442) Reference Processing 0.032ms
[7052.187s][debug][gc,phases      ] GC(442) Weak Processing 0.520ms
[7052.187s][debug][gc,age         ] GC(442) Desired survivor size 4718592 bytes, new threshold 15 (max threshold 15)
[7052.187s][info ][gc,heap        ] GC(442) PSYoungGen: 2088661K(2092032K)->1781K(2092032K) Eden: 2086912K(2086912K)->0K(2086912K) From: 1749K(5120K)->1781K(5120K)
[7052.187s][info ][gc,heap        ] GC(442) ParOldGen: 459887K(507904K)->459895K(507904K)
[7052.187s][info ][gc,metaspace   ] GC(442) Metaspace: 78983K(79680K)->78983K(79680K) NonClass: 68335K(68672K)->68335K(68672K) Class: 10647K(11008K)->10647K(11008K)
[7052.187s][info ][gc             ] GC(442) Pause Young (Allocation Failure) 2488M->450M(2539M) 2.169ms
[7052.187s][info ][gc,cpu         ] GC(442) User=0.01s Sys=0.00s Real=0.00s
[7052.187s][info ][safepoint      ] Safepoint "ParallelGCFailedAllocation", Time since last: 22197890871 ns, Reaching safepoint: 71701 ns, At safepoint: 2243237 ns, Total: 2314938 ns
[7074.882s][info ][gc,start       ] GC(443) Pause Young (Allocation Failure)
[7074.884s][debug][gc,phases      ] GC(443) Scavenge 1.667ms
[7074.884s][debug][gc,ref         ] GC(443) Skipped phase 1 of Reference Processing: no references
[7074.884s][debug][gc,ref         ] GC(443) Skipped phase 3 of Reference Processing: no references
[7074.884s][debug][gc,phases      ] GC(443) Reference Processing 0.020ms
[7074.885s][debug][gc,phases      ] GC(443) Weak Processing 0.530ms
[7074.885s][debug][gc,age         ] GC(443) Desired survivor size 4718592 bytes, new threshold 15 (max threshold 15)
[7074.885s][info ][gc,heap        ] GC(443) PSYoungGen: 2088693K(2092032K)->1733K(2092544K) Eden: 2086912K(2086912K)->0K(2087936K) From: 1781K(5120K)->1733K(4608K)
[7074.885s][info ][gc,heap        ] GC(443) ParOldGen: 459895K(507904K)->459903K(507904K)
[7074.885s][info ][gc,metaspace   ] GC(443) Metaspace: 78983K(79680K)->78983K(79680K) NonClass: 68335K(68672K)->68335K(68672K) Class: 10647K(11008K)->10647K(11008K)
[7074.885s][info ][gc             ] GC(443) Pause Young (Allocation Failure) 2488M->450M(2539M) 2.328ms
[7074.885s][info ][gc,cpu         ] GC(443) User=0.00s Sys=0.00s Real=0.01s
[7074.885s][info ][safepoint      ] Safepoint "ParallelGCFailedAllocation", Time since last: 22694906430 ns, Reaching safepoint: 53901 ns, At safepoint: 2405439 ns, Total: 2459340 ns
[7097.288s][info ][gc,start       ] GC(444) Pause Young (Allocation Failure)
[7097.290s][debug][gc,phases      ] GC(444) Scavenge 1.746ms
[7097.290s][debug][gc,ref         ] GC(444) Skipped phase 1 of Reference Processing: no references
[7097.290s][debug][gc,ref         ] GC(444) Skipped phase 3 of Reference Processing: no references
[7097.290s][debug][gc,phases      ] GC(444) Reference Processing 0.024ms
[7097.291s][debug][gc,phases      ] GC(444) Weak Processing 0.632ms
[7097.291s][debug][gc,age         ] GC(444) Desired survivor size 4718592 bytes, new threshold 15 (max threshold 15)
[7097.291s][info ][gc,heap        ] GC(444) PSYoungGen: 2089669K(2092544K)->1781K(2092544K) Eden: 2087936K(2087936K)->0K(2087936K) From: 1733K(4608K)->1781K(4608K)
[7097.291s][info ][gc,heap        ] GC(444) ParOldGen: 459903K(507904K)->459911K(507904K)
[7097.291s][info ][gc,metaspace   ] GC(444) Metaspace: 78983K(79680K)->78983K(79680K) NonClass: 68335K(68672K)->68335K(68672K) Class: 10647K(11008K)->10647K(11008K)
[7097.291s][info ][gc             ] GC(444) Pause Young (Allocation Failure) 2489M->450M(2539M) 2.521ms
[7097.291s][info ][gc,cpu         ] GC(444) User=0.01s Sys=0.00s Real=0.00s
[7097.291s][info ][safepoint      ] Safepoint "ParallelGCFailedAllocation", Time since last: 22403296727 ns, Reaching safepoint: 51001 ns, At safepoint: 2601643 ns, Total: 2652644 ns
[7118.487s][info ][gc,start       ] GC(445) Pause Young (Allocation Failure)
[7118.490s][debug][gc,phases      ] GC(445) Scavenge 2.787ms
[7118.490s][debug][gc,ref         ] GC(445) Skipped phase 1 of Reference Processing: no references
[7118.490s][debug][gc,ref         ] GC(445) Skipped phase 3 of Reference Processing: no references
[7118.490s][debug][gc,phases      ] GC(445) Reference Processing 0.044ms
[7118.491s][debug][gc,phases      ] GC(445) Weak Processing 0.681ms
[7118.491s][debug][gc,age         ] GC(445) Desired survivor size 4194304 bytes, new threshold 15 (max threshold 15)
[7118.491s][info ][gc,heap        ] GC(445) PSYoungGen: 2089717K(2092544K)->1749K(2093056K) Eden: 2087936K(2087936K)->0K(2088448K) From: 1781K(4608K)->1749K(4608K)
[7118.491s][info ][gc,heap        ] GC(445) ParOldGen: 459911K(507904K)->459951K(507904K)
[7118.491s][info ][gc,metaspace   ] GC(445) Metaspace: 78983K(79680K)->78983K(79680K) NonClass: 68335K(68672K)->68335K(68672K) Class: 10647K(11008K)->10647K(11008K)
[7118.491s][info ][gc             ] GC(445) Pause Young (Allocation Failure) 2489M->450M(2540M) 3.672ms
[7118.491s][info ][gc,cpu         ] GC(445) User=0.01s Sys=0.00s Real=0.00s
[7118.491s][info ][safepoint      ] Safepoint "ParallelGCFailedAllocation", Time since last: 21196316680 ns, Reaching safepoint: 159203 ns, At safepoint: 3777462 ns, Total: 3936665 ns
[7129.505s][info ][safepoint      ] Safepoint "Cleanup", Time since last: 11000802305 ns, Reaching safepoint: 12984013 ns, At safepoint: 11801 ns, Total: 12995814 ns
[7140.444s][info ][gc,start       ] GC(446) Pause Young (Allocation Failure)
[7140.452s][debug][gc,phases      ] GC(446) Scavenge 8.203ms
[7140.452s][debug][gc,ref         ] GC(446) Skipped phase 1 of Reference Processing: no references
[7140.452s][debug][gc,ref         ] GC(446) Skipped phase 3 of Reference Processing: no references
[7140.452s][debug][gc,phases      ] GC(446) Reference Processing 0.022ms
[7140.453s][debug][gc,phases      ] GC(446) Weak Processing 0.552ms
[7140.453s][debug][gc,age         ] GC(446) Desired survivor size 4194304 bytes, new threshold 15 (max threshold 15)
[7140.453s][info ][gc,heap        ] GC(446) PSYoungGen: 2090197K(2093056K)->1765K(2092544K) Eden: 2088448K(2088448K)->0K(2088448K) From: 1749K(4608K)->1765K(4096K)
[7140.453s][info ][gc,heap        ] GC(446) ParOldGen: 459951K(507904K)->459967K(507904K)
[7140.453s][info ][gc,metaspace   ] GC(446) Metaspace: 78983K(79680K)->78983K(79680K) NonClass: 68335K(68672K)->68335K(68672K) Class: 10647K(11008K)->10647K(11008K)
[7140.453s][info ][gc             ] GC(446) Pause Young (Allocation Failure) 2490M->450M(2539M) 8.934ms
[7140.453s][info ][gc,cpu         ] GC(446) User=0.01s Sys=0.00s Real=0.01s
[7140.453s][info ][safepoint      ] Safepoint "ParallelGCFailedAllocation", Time since last: 10939024087 ns, Reaching safepoint: 47201 ns, At safepoint: 9025648 ns, Total: 9072849 ns
[7154.454s][info ][safepoint      ] Safepoint "Cleanup", Time since last: 14000982409 ns, Reaching safepoint: 48001 ns, At safepoint: 5100 ns, Total: 53101 ns
[7158.454s][info ][safepoint      ] Safepoint "Cleanup", Time since last: 4000338746 ns, Reaching safepoint: 70801 ns, At safepoint: 11700 ns, Total: 82501 ns
[7159.455s][info ][safepoint      ] Safepoint "Cleanup", Time since last: 1000106637 ns, Reaching safepoint: 56701 ns, At safepoint: 8700 ns, Total: 65401 ns
[7160.455s][info ][safepoint      ] Safepoint "Cleanup", Time since last: 1000068736 ns, Reaching safepoint: 60501 ns, At safepoint: 5100 ns, Total: 65601 ns
[7160.933s][info ][safepoint      ] Safepoint "ParallelGCFailedAllocation", Time since last: 478162659 ns, Reaching safepoint: 102702 ns, At safepoint: 24400 ns, Total: 127102 ns
[7160.933s][info ][gc,start       ] GC(447) Pause Young (GCLocker Initiated GC)
[7160.935s][debug][gc,phases      ] GC(447) Scavenge 2.192ms
[7160.935s][debug][gc,ref         ] GC(447) Skipped phase 1 of Reference Processing: no references
[7160.935s][debug][gc,ref         ] GC(447) Skipped phase 2 of Reference Processing: no references
[7160.935s][debug][gc,ref         ] GC(447) Skipped phase 3 of Reference Processing: no references
[7160.935s][debug][gc,ref         ] GC(447) Skipped phase 4 of Reference Processing: no references
[7160.935s][debug][gc,phases      ] GC(447) Reference Processing 0.048ms
[7160.936s][debug][gc,phases      ] GC(447) Weak Processing 0.730ms
[7160.936s][debug][gc,age         ] GC(447) Desired survivor size 4194304 bytes, new threshold 15 (max threshold 15)
[7160.936s][info ][gc,heap        ] GC(447) PSYoungGen: 2090213K(2092544K)->1344K(2092544K) Eden: 2088448K(2088448K)->0K(2088448K) From: 1765K(4096K)->1344K(4096K)
[7160.936s][info ][gc,heap        ] GC(447) ParOldGen: 459973K(507904K)->460874K(507904K)
[7160.936s][info ][gc,metaspace   ] GC(447) Metaspace: 78983K(79680K)->78983K(79680K) NonClass: 68335K(68672K)->68335K(68672K) Class: 10647K(11008K)->10647K(11008K)
[7160.936s][info ][gc             ] GC(447) Pause Young (GCLocker Initiated GC) 2490M->451M(2539M) 3.087ms
[7160.936s][info ][gc,cpu         ] GC(447) User=0.01s Sys=0.00s Real=0.01s
[7160.936s][info ][safepoint      ] Safepoint "ParallelGCSystemGC", Time since last: 102702 ns, Reaching safepoint: 92301 ns, At safepoint: 3172852 ns, Total: 3265153 ns
[7161.937s][info ][safepoint      ] Safepoint "Cleanup", Time since last: 1000088337 ns, Reaching safepoint: 128002 ns, At safepoint: 7800 ns, Total: 135802 ns
[7167.937s][info ][safepoint      ] Safepoint "Cleanup", Time since last: 6000340015 ns, Reaching safepoint: 99102 ns, At safepoint: 7600 ns, Total: 106702 ns
[7180.684s][info ][gc,start       ] GC(448) Pause Young (Allocation Failure)
[7180.685s][debug][gc,phases      ] GC(448) Scavenge 1.754ms
[7180.685s][debug][gc,ref         ] GC(448) Skipped phase 1 of Reference Processing: no references
[7180.685s][debug][gc,ref         ] GC(448) Skipped phase 2 of Reference Processing: no references
[7180.685s][debug][gc,ref         ] GC(448) Skipped phase 3 of Reference Processing: no references
[7180.685s][debug][gc,ref         ] GC(448) Skipped phase 4 of Reference Processing: no references
[7180.685s][debug][gc,phases      ] GC(448) Reference Processing 0.030ms
[7180.686s][debug][gc,phases      ] GC(448) Weak Processing 0.684ms
[7180.686s][debug][gc,age         ] GC(448) Desired survivor size 4194304 bytes, new threshold 15 (max threshold 15)
[7180.686s][info ][gc,heap        ] GC(448) PSYoungGen: 2089792K(2092544K)->1104K(2092544K) Eden: 2088448K(2088448K)->0K(2088448K) From: 1344K(4096K)->1104K(4096K)
[7180.686s][info ][gc,heap        ] GC(448) ParOldGen: 460877K(507904K)->460909K(507904K)
[7180.686s][info ][gc,metaspace   ] GC(448) Metaspace: 78983K(79680K)->78983K(79680K) NonClass: 68335K(68672K)->68335K(68672K) Class: 10647K(11008K)->10647K(11008K)
[7180.686s][info ][gc             ] GC(448) Pause Young (Allocation Failure) 2490M->451M(2539M) 2.623ms
[7180.686s][info ][gc,cpu         ] GC(448) User=0.01s Sys=0.00s Real=0.01s
[7180.686s][info ][safepoint      ] Safepoint "ParallelGCFailedAllocation", Time since last: 12746456885 ns, Reaching safepoint: 71601 ns, At safepoint: 2729745 ns, Total: 2801346 ns
[7189.687s][info ][safepoint      ] Safepoint "Cleanup", Time since last: 9000659322 ns, Reaching safepoint: 46101 ns, At safepoint: 9000 ns, Total: 55101 ns
[7203.185s][info ][gc,start       ] GC(449) Pause Young (Allocation Failure)
[7203.187s][debug][gc,phases      ] GC(449) Scavenge 1.736ms
[7203.187s][debug][gc,ref         ] GC(449) Skipped phase 1 of Reference Processing: no references
[7203.187s][debug][gc,ref         ] GC(449) Skipped phase 2 of Reference Processing: no references
[7203.187s][debug][gc,ref         ] GC(449) Skipped phase 3 of Reference Processing: no references
[7203.187s][debug][gc,ref         ] GC(449) Skipped phase 4 of Reference Processing: no references
[7203.187s][debug][gc,phases      ] GC(449) Reference Processing 0.031ms
[7203.187s][debug][gc,phases      ] GC(449) Weak Processing 0.649ms
[7203.187s][debug][gc,age         ] GC(449) Desired survivor size 4194304 bytes, new threshold 15 (max threshold 15)
[7203.187s][info ][gc,heap        ] GC(449) PSYoungGen: 2089552K(2092544K)->1136K(2093056K) Eden: 2088448K(2088448K)->0K(2088960K) From: 1104K(4096K)->1136K(4096K)
[7203.187s][info ][gc,heap        ] GC(449) ParOldGen: 460909K(507904K)->460941K(507904K)
[7203.188s][info ][gc,metaspace   ] GC(449) Metaspace: 78983K(79680K)->78983K(79680K) NonClass: 68335K(68672K)->68335K(68672K) Class: 10647K(11008K)->10647K(11008K)
[7203.188s][info ][gc             ] GC(449) Pause Young (Allocation Failure) 2490M->451M(2540M) 2.595ms
[7203.188s][info ][gc,cpu         ] GC(449) User=0.01s Sys=0.00s Real=0.00s
[7203.188s][info ][safepoint      ] Safepoint "ParallelGCFailedAllocation", Time since last: 13497888630 ns, Reaching safepoint: 36001 ns, At safepoint: 2679344 ns, Total: 2715345 ns
[7205.188s][info ][safepoint      ] Safepoint "Cleanup", Time since last: 2000159471 ns, Reaching safepoint: 36601 ns, At safepoint: 25900 ns, Total: 62501 ns
[7223.189s][info ][safepoint      ] Safepoint "Cleanup", Time since last: 18001128334 ns, Reaching safepoint: 48201 ns, At safepoint: 8200 ns, Total: 56401 ns
[7225.487s][info ][gc,start       ] GC(450) Pause Young (Allocation Failure)
[7225.488s][debug][gc,phases      ] GC(450) Scavenge 1.585ms
[7225.488s][debug][gc,ref         ] GC(450) Skipped phase 1 of Reference Processing: no references
[7225.488s][debug][gc,ref         ] GC(450) Skipped phase 3 of Reference Processing: no references
[7225.488s][debug][gc,phases      ] GC(450) Reference Processing 0.019ms
[7225.489s][debug][gc,phases      ] GC(450) Weak Processing 0.474ms
[7225.489s][debug][gc,age         ] GC(450) Desired survivor size 3670016 bytes, new threshold 15 (max threshold 15)
[7225.489s][info ][gc,heap        ] GC(450) PSYoungGen: 2090096K(2093056K)->1120K(2093056K) Eden: 2088960K(2088960K)->0K(2088960K) From: 1136K(4096K)->1120K(4096K)
[7225.489s][info ][gc,heap        ] GC(450) ParOldGen: 460941K(507904K)->460957K(507904K)
[7225.489s][info ][gc,metaspace   ] GC(450) Metaspace: 78990K(79680K)->78990K(79680K) NonClass: 68341K(68672K)->68341K(68672K) Class: 10648K(11008K)->10648K(11008K)
[7225.489s][info ][gc             ] GC(450) Pause Young (Allocation Failure) 2491M->451M(2540M) 2.193ms
[7225.489s][info ][gc,cpu         ] GC(450) User=0.01s Sys=0.00s Real=0.00s
[7225.489s][info ][safepoint      ] Safepoint "ParallelGCFailedAllocation", Time since last: 2297668760 ns, Reaching safepoint: 28900 ns, At safepoint: 2263637 ns, Total: 2292537 ns
[7247.684s][info ][gc,start       ] GC(451) Pause Young (Allocation Failure)
[7247.686s][debug][gc,phases      ] GC(451) Scavenge 1.808ms
[7247.686s][debug][gc,ref         ] GC(451) Skipped phase 1 of Reference Processing: no references
[7247.686s][debug][gc,ref         ] GC(451) Skipped phase 3 of Reference Processing: no references
[7247.686s][debug][gc,phases      ] GC(451) Reference Processing 0.028ms
[7247.687s][debug][gc,phases      ] GC(451) Weak Processing 0.686ms
[7247.687s][debug][gc,age         ] GC(451) Desired survivor size 3670016 bytes, new threshold 15 (max threshold 15)
[7247.687s][info ][gc,heap        ] GC(451) PSYoungGen: 2090080K(2093056K)->1072K(2093568K) Eden: 2088960K(2088960K)->0K(2089984K) From: 1120K(4096K)->1072K(3584K)
[7247.687s][info ][gc,heap        ] GC(451) ParOldGen: 460957K(507904K)->461005K(507904K)
[7247.687s][info ][gc,metaspace   ] GC(451) Metaspace: 78990K(79680K)->78990K(79680K) NonClass: 68341K(68672K)->68341K(68672K) Class: 10648K(11008K)->10648K(11008K)
[7247.687s][info ][gc             ] GC(451) Pause Young (Allocation Failure) 2491M->451M(2540M) 2.655ms
[7247.687s][info ][gc,cpu         ] GC(451) User=0.01s Sys=0.01s Real=0.00s
[7247.687s][info ][safepoint      ] Safepoint "ParallelGCFailedAllocation", Time since last: 22195064851 ns, Reaching safepoint: 64201 ns, At safepoint: 2770145 ns, Total: 2834346 ns
[7269.916s][info ][gc,start       ] GC(452) Pause Young (Allocation Failure)
[7269.918s][debug][gc,phases      ] GC(452) Scavenge 1.646ms
[7269.918s][debug][gc,ref         ] GC(452) Skipped phase 1 of Reference Processing: no references
[7269.918s][debug][gc,ref         ] GC(452) Skipped phase 3 of Reference Processing: no references
[7269.918s][debug][gc,phases      ] GC(452) Reference Processing 0.018ms
[7269.919s][debug][gc,phases      ] GC(452) Weak Processing 0.501ms
[7269.919s][debug][gc,age         ] GC(452) Desired survivor size 3670016 bytes, new threshold 15 (max threshold 15)
[7269.919s][info ][gc,heap        ] GC(452) PSYoungGen: 2091056K(2093568K)->1040K(2093568K) Eden: 2089984K(2089984K)->0K(2089984K) From: 1072K(3584K)->1040K(3584K)
[7269.919s][info ][gc,heap        ] GC(452) ParOldGen: 461005K(507904K)->461077K(507904K)
[7269.919s][info ][gc,metaspace   ] GC(452) Metaspace: 78990K(79680K)->78990K(79680K) NonClass: 68341K(68672K)->68341K(68672K) Class: 10648K(11008K)->10648K(11008K)
[7269.919s][info ][gc             ] GC(452) Pause Young (Allocation Failure) 2492M->451M(2540M) 2.279ms
[7269.919s][info ][gc,cpu         ] GC(452) User=0.01s Sys=0.00s Real=0.00s
[7269.919s][info ][safepoint      ] Safepoint "ParallelGCFailedAllocation", Time since last: 22229403808 ns, Reaching safepoint: 25000 ns, At safepoint: 2376739 ns, Total: 2401739 ns
[7285.920s][info ][safepoint      ] Safepoint "Cleanup", Time since last: 16001047650 ns, Reaching safepoint: 51501 ns, At safepoint: 3900 ns, Total: 55401 ns
[7288.920s][info ][safepoint      ] Safepoint "Cleanup", Time since last: 3000181303 ns, Reaching safepoint: 46000 ns, At safepoint: 3900 ns, Total: 49900 ns
[7292.287s][info ][gc,start       ] GC(453) Pause Young (Allocation Failure)
[7292.289s][debug][gc,phases      ] GC(453) Scavenge 1.831ms
[7292.289s][debug][gc,ref         ] GC(453) Skipped phase 1 of Reference Processing: no references
[7292.289s][debug][gc,ref         ] GC(453) Skipped phase 3 of Reference Processing: no references
[7292.289s][debug][gc,phases      ] GC(453) Reference Processing 0.022ms
[7292.290s][debug][gc,phases      ] GC(453) Weak Processing 0.478ms
[7292.290s][debug][gc,age         ] GC(453) Desired survivor size 3670016 bytes, new threshold 15 (max threshold 15)
[7292.290s][info ][gc,heap        ] GC(453) PSYoungGen: 2091024K(2093568K)->1072K(2093568K) Eden: 2089984K(2089984K)->0K(2089984K) From: 1040K(3584K)->1072K(3584K)
[7292.290s][info ][gc,heap        ] GC(453) ParOldGen: 461077K(507904K)->461109K(507904K)
[7292.290s][info ][gc,metaspace   ] GC(453) Metaspace: 78994K(79680K)->78994K(79680K) NonClass: 68345K(68672K)->68345K(68672K) Class: 10648K(11008K)->10648K(11008K)
[7292.290s][info ][gc             ] GC(453) Pause Young (Allocation Failure) 2492M->451M(2540M) 2.458ms
[7292.290s][info ][gc,cpu         ] GC(453) User=0.00s Sys=0.00s Real=0.00s
[7292.290s][info ][safepoint      ] Safepoint "ParallelGCFailedAllocation", Time since last: 3367087532 ns, Reaching safepoint: 28301 ns, At safepoint: 2539441 ns, Total: 2567742 ns
[7314.783s][info ][gc,start       ] GC(454) Pause Young (Allocation Failure)
[7314.784s][debug][gc,phases      ] GC(454) Scavenge 1.710ms
[7314.784s][debug][gc,ref         ] GC(454) Skipped phase 1 of Reference Processing: no references
[7314.784s][debug][gc,ref         ] GC(454) Skipped phase 3 of Reference Processing: no references
[7314.784s][debug][gc,phases      ] GC(454) Reference Processing 0.029ms
[7314.785s][debug][gc,phases      ] GC(454) Weak Processing 0.652ms
[7314.785s][debug][gc,age         ] GC(454) Desired survivor size 3670016 bytes, new threshold 15 (max threshold 15)
[7314.785s][info ][gc,heap        ] GC(454) PSYoungGen: 2091056K(2093568K)->1008K(2093568K) Eden: 2089984K(2089984K)->0K(2089984K) From: 1072K(3584K)->1008K(3584K)
[7314.785s][info ][gc,heap        ] GC(454) ParOldGen: 461109K(507904K)->461141K(507904K)
[7314.785s][info ][gc,metaspace   ] GC(454) Metaspace: 78994K(79680K)->78994K(79680K) NonClass: 68345K(68672K)->68345K(68672K) Class: 10648K(11008K)->10648K(11008K)
[7314.785s][info ][gc             ] GC(454) Pause Young (Allocation Failure) 2492M->451M(2540M) 2.528ms
[7314.785s][info ][gc,cpu         ] GC(454) User=0.00s Sys=0.00s Real=0.01s
[7314.785s][info ][safepoint      ] Safepoint "ParallelGCFailedAllocation", Time since last: 22492830924 ns, Reaching safepoint: 126502 ns, At safepoint: 2607443 ns, Total: 2733945 ns
[7319.786s][info ][safepoint      ] Safepoint "Cleanup", Time since last: 5000358370 ns, Reaching safepoint: 136802 ns, At safepoint: 11301 ns, Total: 148103 ns
[7326.786s][info ][safepoint      ] Safepoint "Cleanup", Time since last: 7000566138 ns, Reaching safepoint: 84801 ns, At safepoint: 17801 ns, Total: 102602 ns
[7332.787s][info ][safepoint      ] Safepoint "Cleanup", Time since last: 6000459503 ns, Reaching safepoint: 59201 ns, At safepoint: 10600 ns, Total: 69801 ns
[7334.787s][info ][safepoint      ] Safepoint "Cleanup", Time since last: 2000133168 ns, Reaching safepoint: 98701 ns, At safepoint: 7300 ns, Total: 106001 ns
[7336.938s][info ][gc,start       ] GC(455) Pause Young (Allocation Failure)
[7336.940s][debug][gc,phases      ] GC(455) Scavenge 1.751ms
[7336.940s][debug][gc,ref         ] GC(455) Skipped phase 1 of Reference Processing: no references
[7336.940s][debug][gc,ref         ] GC(455) Skipped phase 3 of Reference Processing: no references
[7336.940s][debug][gc,phases      ] GC(455) Reference Processing 0.031ms
[7336.940s][debug][gc,phases      ] GC(455) Weak Processing 0.527ms
[7336.940s][debug][gc,age         ] GC(455) Desired survivor size 3145728 bytes, new threshold 15 (max threshold 15)
[7336.940s][info ][gc,heap        ] GC(455) PSYoungGen: 2090992K(2093568K)->1200K(2094080K) Eden: 2089984K(2089984K)->0K(2090496K) From: 1008K(3584K)->1200K(3584K)
[7336.940s][info ][gc,heap        ] GC(455) ParOldGen: 461141K(507904K)->461165K(507904K)
[7336.940s][info ][gc,metaspace   ] GC(455) Metaspace: 79030K(79680K)->79030K(79680K) NonClass: 68372K(68672K)->68372K(68672K) Class: 10658K(11008K)->10658K(11008K)
[7336.940s][info ][gc             ] GC(455) Pause Young (Allocation Failure) 2492M->451M(2541M) 2.434ms
[7336.940s][info ][gc,cpu         ] GC(455) User=0.00s Sys=0.00s Real=0.00s
[7336.940s][info ][safepoint      ] Safepoint "ParallelGCFailedAllocation", Time since last: 2150514039 ns, Reaching safepoint: 48301 ns, At safepoint: 2555942 ns, Total: 2604243 ns
[7358.233s][info ][gc,start       ] GC(456) Pause Young (Allocation Failure)
[7358.235s][debug][gc,phases      ] GC(456) Scavenge 2.183ms
[7358.235s][debug][gc,ref         ] GC(456) Skipped phase 1 of Reference Processing: no references
[7358.235s][debug][gc,ref         ] GC(456) Skipped phase 3 of Reference Processing: no references
[7358.235s][debug][gc,phases      ] GC(456) Reference Processing 0.020ms
[7358.236s][debug][gc,phases      ] GC(456) Weak Processing 0.544ms
[7358.236s][debug][gc,age         ] GC(456) Desired survivor size 3145728 bytes, new threshold 15 (max threshold 15)
[7358.236s][info ][gc,heap        ] GC(456) PSYoungGen: 2091696K(2094080K)->1104K(2093568K) Eden: 2090496K(2090496K)->0K(2090496K) From: 1200K(3584K)->1104K(3072K)
[7358.236s][info ][gc,heap        ] GC(456) ParOldGen: 461165K(507904K)->461181K(507904K)
[7358.236s][info ][gc,metaspace   ] GC(456) Metaspace: 79032K(79680K)->79032K(79680K) NonClass: 68373K(68672K)->68373K(68672K) Class: 10658K(11008K)->10658K(11008K)
[7358.236s][info ][gc             ] GC(456) Pause Young (Allocation Failure) 2493M->451M(2540M) 2.866ms
[7358.236s][info ][gc,cpu         ] GC(456) User=0.00s Sys=0.00s Real=0.00s
[7358.236s][info ][safepoint      ] Safepoint "ParallelGCFailedAllocation", Time since last: 21292571589 ns, Reaching safepoint: 67201 ns, At safepoint: 2952548 ns, Total: 3019749 ns
[7380.333s][info ][gc,start       ] GC(457) Pause Young (Allocation Failure)
[7380.336s][debug][gc,phases      ] GC(457) Scavenge 2.299ms
[7380.336s][debug][gc,ref         ] GC(457) Skipped phase 1 of Reference Processing: no references
[7380.336s][debug][gc,ref         ] GC(457) Skipped phase 3 of Reference Processing: no references
[7380.336s][debug][gc,phases      ] GC(457) Reference Processing 0.021ms
[7380.336s][debug][gc,phases      ] GC(457) Weak Processing 0.536ms
[7380.336s][debug][gc,age         ] GC(457) Desired survivor size 3145728 bytes, new threshold 15 (max threshold 15)
[7380.336s][info ][gc,heap        ] GC(457) PSYoungGen: 2091600K(2093568K)->1120K(2094080K) Eden: 2090496K(2090496K)->0K(2091008K) From: 1104K(3072K)->1120K(3072K)
[7380.336s][info ][gc,heap        ] GC(457) ParOldGen: 461181K(507904K)->461205K(507904K)
[7380.336s][info ][gc,metaspace   ] GC(457) Metaspace: 79032K(79680K)->79032K(79680K) NonClass: 68373K(68672K)->68373K(68672K) Class: 10658K(11008K)->10658K(11008K)
[7380.336s][info ][gc             ] GC(457) Pause Young (Allocation Failure) 2492M->451M(2541M) 3.004ms
[7380.336s][info ][gc,cpu         ] GC(457) User=0.01s Sys=0.00s Real=0.01s
[7380.336s][info ][safepoint      ] Safepoint "ParallelGCFailedAllocation", Time since last: 22097401909 ns, Reaching safepoint: 107702 ns, At safepoint: 3089551 ns, Total: 3197253 ns
[7402.836s][info ][gc,start       ] GC(458) Pause Young (Allocation Failure)
[7402.837s][debug][gc,phases      ] GC(458) Scavenge 1.560ms
[7402.837s][debug][gc,ref         ] GC(458) Skipped phase 1 of Reference Processing: no references
[7402.837s][debug][gc,ref         ] GC(458) Skipped phase 3 of Reference Processing: no references
[7402.837s][debug][gc,ref         ] GC(458) Skipped phase 4 of Reference Processing: no references
[7402.837s][debug][gc,phases      ] GC(458) Reference Processing 0.028ms
[7402.838s][debug][gc,phases      ] GC(458) Weak Processing 0.528ms
[7402.838s][debug][gc,age         ] GC(458) Desired survivor size 3145728 bytes, new threshold 15 (max threshold 15)
[7402.838s][info ][gc,heap        ] GC(458) PSYoungGen: 2092128K(2094080K)->1072K(2094080K) Eden: 2091008K(2091008K)->0K(2091008K) From: 1120K(3072K)->1072K(3072K)
[7402.838s][info ][gc,heap        ] GC(458) ParOldGen: 461205K(507904K)->461213K(507904K)
[7402.838s][info ][gc,metaspace   ] GC(458) Metaspace: 79032K(79680K)->79032K(79680K) NonClass: 68373K(68672K)->68373K(68672K) Class: 10658K(11008K)->10658K(11008K)
[7402.838s][info ][gc             ] GC(458) Pause Young (Allocation Failure) 2493M->451M(2541M) 2.224ms
[7402.838s][info ][gc,cpu         ] GC(458) User=0.01s Sys=0.00s Real=0.01s
[7402.838s][info ][safepoint      ] Safepoint "ParallelGCFailedAllocation", Time since last: 22499125305 ns, Reaching safepoint: 104902 ns, At safepoint: 2322238 ns, Total: 2427140 ns
[7424.833s][info ][gc,start       ] GC(459) Pause Young (Allocation Failure)
[7424.835s][debug][gc,phases      ] GC(459) Scavenge 2.213ms
[7424.835s][debug][gc,ref         ] GC(459) Skipped phase 1 of Reference Processing: no references
[7424.835s][debug][gc,ref         ] GC(459) Skipped phase 3 of Reference Processing: no references
[7424.835s][debug][gc,ref         ] GC(459) Skipped phase 4 of Reference Processing: no references
[7424.835s][debug][gc,phases      ] GC(459) Reference Processing 0.022ms
[7424.836s][debug][gc,phases      ] GC(459) Weak Processing 0.574ms
[7424.836s][debug][gc,age         ] GC(459) Desired survivor size 3145728 bytes, new threshold 15 (max threshold 15)
[7424.836s][info ][gc,heap        ] GC(459) PSYoungGen: 2092080K(2094080K)->1072K(2094080K) Eden: 2091008K(2091008K)->0K(2091008K) From: 1072K(3072K)->1072K(3072K)
[7424.836s][info ][gc,heap        ] GC(459) ParOldGen: 461213K(507904K)->461237K(507904K)
[7424.836s][info ][gc,metaspace   ] GC(459) Metaspace: 79032K(79680K)->79032K(79680K) NonClass: 68373K(68672K)->68373K(68672K) Class: 10658K(11008K)->10658K(11008K)
[7424.836s][info ][gc             ] GC(459) Pause Young (Allocation Failure) 2493M->451M(2541M) 2.955ms
[7424.836s][info ][gc,cpu         ] GC(459) User=0.00s Sys=0.00s Real=0.00s
[7424.836s][info ][safepoint      ] Safepoint "ParallelGCFailedAllocation", Time since last: 21994612910 ns, Reaching safepoint: 136502 ns, At safepoint: 3046050 ns, Total: 3182552 ns
[7447.094s][info ][gc,start       ] GC(460) Pause Young (Allocation Failure)
[7447.096s][debug][gc,phases      ] GC(460) Scavenge 1.780ms
[7447.096s][debug][gc,ref         ] GC(460) Skipped phase 1 of Reference Processing: no references
[7447.096s][debug][gc,ref         ] GC(460) Skipped phase 3 of Reference Processing: no references
[7447.096s][debug][gc,ref         ] GC(460) Skipped phase 4 of Reference Processing: no references
[7447.096s][debug][gc,phases      ] GC(460) Reference Processing 0.029ms
[7447.096s][debug][gc,phases      ] GC(460) Weak Processing 0.681ms
[7447.096s][debug][gc,age         ] GC(460) Desired survivor size 3145728 bytes, new threshold 15 (max threshold 15)
[7447.096s][info ][gc,heap        ] GC(460) PSYoungGen: 2092080K(2094080K)->1088K(2094080K) Eden: 2091008K(2091008K)->0K(2091008K) From: 1072K(3072K)->1088K(3072K)
[7447.096s][info ][gc,heap        ] GC(460) ParOldGen: 461237K(507904K)->461253K(507904K)
[7447.096s][info ][gc,metaspace   ] GC(460) Metaspace: 79032K(79680K)->79032K(79680K) NonClass: 68373K(68672K)->68373K(68672K) Class: 10658K(11008K)->10658K(11008K)
[7447.096s][info ][gc             ] GC(460) Pause Young (Allocation Failure) 2493M->451M(2541M) 2.671ms
[7447.096s][info ][gc,cpu         ] GC(460) User=0.01s Sys=0.00s Real=0.01s
[7447.097s][info ][safepoint      ] Safepoint "ParallelGCFailedAllocation", Time since last: 22257916731 ns, Reaching safepoint: 31601 ns, At safepoint: 2765845 ns, Total: 2797446 ns
[7469.083s][info ][gc,start       ] GC(461) Pause Young (Allocation Failure)
[7469.086s][debug][gc,phases      ] GC(461) Scavenge 2.313ms
[7469.086s][debug][gc,ref         ] GC(461) Skipped phase 1 of Reference Processing: no references
[7469.086s][debug][gc,ref         ] GC(461) Skipped phase 3 of Reference Processing: no references
[7469.086s][debug][gc,ref         ] GC(461) Skipped phase 4 of Reference Processing: no references
[7469.086s][debug][gc,phases      ] GC(461) Reference Processing 0.020ms
[7469.086s][debug][gc,phases      ] GC(461) Weak Processing 0.522ms
[7469.086s][debug][gc,age         ] GC(461) Desired survivor size 2621440 bytes, new threshold 15 (max threshold 15)
[7469.086s][info ][gc,heap        ] GC(461) PSYoungGen: 2092096K(2094080K)->1104K(2094592K) Eden: 2091008K(2091008K)->0K(2091520K) From: 1088K(3072K)->1104K(3072K)
[7469.086s][info ][gc,heap        ] GC(461) ParOldGen: 461253K(507904K)->461277K(507904K)
[7469.086s][info ][gc,metaspace   ] GC(461) Metaspace: 79032K(79680K)->79032K(79680K) NonClass: 68373K(68672K)->68373K(68672K) Class: 10658K(11008K)->10658K(11008K)
[7469.086s][info ][gc             ] GC(461) Pause Young (Allocation Failure) 2493M->451M(2541M) 2.982ms
[7469.086s][info ][gc,cpu         ] GC(461) User=0.01s Sys=0.00s Real=0.01s
[7469.086s][info ][safepoint      ] Safepoint "ParallelGCFailedAllocation", Time since last: 21986594269 ns, Reaching safepoint: 127602 ns, At safepoint: 3068751 ns, Total: 3196353 ns
[7484.088s][info ][safepoint      ] Safepoint "Cleanup", Time since last: 15001076885 ns, Reaching safepoint: 139802 ns, At safepoint: 13000 ns, Total: 152802 ns
[7491.583s][info ][gc,start       ] GC(462) Pause Young (Allocation Failure)
[7491.585s][debug][gc,phases      ] GC(462) Scavenge 1.677ms
[7491.585s][debug][gc,ref         ] GC(462) Skipped phase 1 of Reference Processing: no references
[7491.585s][debug][gc,ref         ] GC(462) Skipped phase 3 of Reference Processing: no references
[7491.585s][debug][gc,ref         ] GC(462) Skipped phase 4 of Reference Processing: no references
[7491.585s][debug][gc,phases      ] GC(462) Reference Processing 0.024ms
[7491.586s][debug][gc,phases      ] GC(462) Weak Processing 0.490ms
[7491.586s][debug][gc,age         ] GC(462) Desired survivor size 2621440 bytes, new threshold 15 (max threshold 15)
[7491.586s][info ][gc,heap        ] GC(462) PSYoungGen: 2092624K(2094592K)->992K(2094080K) Eden: 2091520K(2091520K)->0K(2091520K) From: 1104K(3072K)->992K(2560K)
[7491.586s][info ][gc,heap        ] GC(462) ParOldGen: 461277K(507904K)->461357K(507904K)
[7491.586s][info ][gc,metaspace   ] GC(462) Metaspace: 79032K(79680K)->79032K(79680K) NonClass: 68373K(68672K)->68373K(68672K) Class: 10658K(11008K)->10658K(11008K)
[7491.586s][info ][gc             ] GC(462) Pause Young (Allocation Failure) 2494M->451M(2541M) 2.314ms
[7491.586s][info ][gc,cpu         ] GC(462) User=0.01s Sys=0.00s Real=0.01s
[7491.586s][info ][safepoint      ] Safepoint "ParallelGCFailedAllocation", Time since last: 7495667062 ns, Reaching safepoint: 108702 ns, At safepoint: 2394939 ns, Total: 2503641 ns
[7495.586s][info ][safepoint      ] Safepoint "Cleanup", Time since last: 4000258329 ns, Reaching safepoint: 50100 ns, At safepoint: 15401 ns, Total: 65501 ns
[7496.586s][info ][safepoint      ] Safepoint "Cleanup", Time since last: 1000132133 ns, Reaching safepoint: 116102 ns, At safepoint: 5300 ns, Total: 121402 ns
[7506.587s][info ][safepoint      ] Safepoint "Cleanup", Time since last: 10000718921 ns, Reaching safepoint: 48601 ns, At safepoint: 9900 ns, Total: 58501 ns
[7513.983s][info ][gc,start       ] GC(463) Pause Young (Allocation Failure)
[7513.985s][debug][gc,phases      ] GC(463) Scavenge 1.699ms
[7513.985s][debug][gc,ref         ] GC(463) Skipped phase 1 of Reference Processing: no references
[7513.985s][debug][gc,ref         ] GC(463) Skipped phase 3 of Reference Processing: no references
[7513.985s][debug][gc,ref         ] GC(463) Skipped phase 4 of Reference Processing: no references
[7513.985s][debug][gc,phases      ] GC(463) Reference Processing 0.042ms
[7513.986s][debug][gc,phases      ] GC(463) Weak Processing 0.494ms
[7513.986s][debug][gc,age         ] GC(463) Desired survivor size 2621440 bytes, new threshold 15 (max threshold 15)
[7513.986s][info ][gc,heap        ] GC(463) PSYoungGen: 2092512K(2094080K)->944K(2094592K) Eden: 2091520K(2091520K)->0K(2092032K) From: 992K(2560K)->944K(2560K)
[7513.986s][info ][gc,heap        ] GC(463) ParOldGen: 461357K(507904K)->461501K(507904K)
[7513.986s][info ][gc,metaspace   ] GC(463) Metaspace: 79042K(79680K)->79042K(79680K) NonClass: 68383K(68672K)->68383K(68672K) Class: 10658K(11008K)->10658K(11008K)
[7513.986s][info ][gc             ] GC(463) Pause Young (Allocation Failure) 2494M->451M(2541M) 2.349ms
[7513.986s][info ][gc,cpu         ] GC(463) User=0.01s Sys=0.00s Real=0.01s
[7513.986s][info ][safepoint      ] Safepoint "ParallelGCFailedAllocation", Time since last: 7396226826 ns, Reaching safepoint: 61001 ns, At safepoint: 2428040 ns, Total: 2489041 ns
[7522.987s][info ][safepoint      ] Safepoint "Cleanup", Time since last: 9000716089 ns, Reaching safepoint: 55401 ns, At safepoint: 10400 ns, Total: 65801 ns
[7536.438s][info ][gc,start       ] GC(464) Pause Young (Allocation Failure)
[7536.441s][debug][gc,phases      ] GC(464) Scavenge 2.286ms
[7536.441s][debug][gc,ref         ] GC(464) Skipped phase 1 of Reference Processing: no references
[7536.441s][debug][gc,ref         ] GC(464) Skipped phase 3 of Reference Processing: no references
[7536.441s][debug][gc,phases      ] GC(464) Reference Processing 0.021ms
[7536.441s][debug][gc,phases      ] GC(464) Weak Processing 0.532ms
[7536.441s][debug][gc,age         ] GC(464) Desired survivor size 2621440 bytes, new threshold 15 (max threshold 15)
[7536.441s][info ][gc,heap        ] GC(464) PSYoungGen: 2092976K(2094592K)->992K(2094592K) Eden: 2092032K(2092032K)->0K(2092032K) From: 944K(2560K)->992K(2560K)
[7536.441s][info ][gc,heap        ] GC(464) ParOldGen: 461501K(507904K)->461525K(507904K)
[7536.441s][info ][gc,metaspace   ] GC(464) Metaspace: 79044K(79680K)->79044K(79680K) NonClass: 68385K(68672K)->68385K(68672K) Class: 10658K(11008K)->10658K(11008K)
[7536.441s][info ][gc             ] GC(464) Pause Young (Allocation Failure) 2494M->451M(2541M) 2.973ms
[7536.441s][info ][gc,cpu         ] GC(464) User=0.00s Sys=0.00s Real=0.00s
[7536.441s][info ][safepoint      ] Safepoint "ParallelGCFailedAllocation", Time since last: 13451852724 ns, Reaching safepoint: 35701 ns, At safepoint: 3060250 ns, Total: 3095951 ns
[7538.442s][info ][safepoint      ] Safepoint "Cleanup", Time since last: 2000153464 ns, Reaching safepoint: 44700 ns, At safepoint: 5401 ns, Total: 50101 ns
[7540.795s][info ][safepoint      ] Safepoint "Cleanup", Time since last: 2353387467 ns, Reaching safepoint: 70101 ns, At safepoint: 7900 ns, Total: 78001 ns
[7551.796s][info ][safepoint      ] Safepoint "Cleanup", Time since last: 11000832351 ns, Reaching safepoint: 75601 ns, At safepoint: 4100 ns, Total: 79701 ns
[7558.288s][info ][gc,start       ] GC(465) Pause Young (Allocation Failure)
[7558.290s][debug][gc,phases      ] GC(465) Scavenge 2.600ms
[7558.290s][debug][gc,ref         ] GC(465) Skipped phase 1 of Reference Processing: no references
[7558.290s][debug][gc,ref         ] GC(465) Skipped phase 3 of Reference Processing: no references
[7558.291s][debug][gc,phases      ] GC(465) Reference Processing 0.047ms
[7558.291s][debug][gc,phases      ] GC(465) Weak Processing 0.731ms
[7558.291s][debug][gc,age         ] GC(465) Desired survivor size 2621440 bytes, new threshold 15 (max threshold 15)
[7558.291s][info ][gc,heap        ] GC(465) PSYoungGen: 2093024K(2094592K)->1216K(2094592K) Eden: 2092032K(2092032K)->0K(2092032K) From: 992K(2560K)->1216K(2560K)
[7558.291s][info ][gc,heap        ] GC(465) ParOldGen: 461525K(507904K)->461549K(507904K)
[7558.291s][info ][gc,metaspace   ] GC(465) Metaspace: 79047K(79680K)->79047K(79680K) NonClass: 68387K(68672K)->68387K(68672K) Class: 10659K(11008K)->10659K(11008K)
[7558.291s][info ][gc             ] GC(465) Pause Young (Allocation Failure) 2494M->451M(2541M) 3.524ms
[7558.291s][info ][gc,cpu         ] GC(465) User=0.01s Sys=0.00s Real=0.00s
[7558.291s][info ][safepoint      ] Safepoint "ParallelGCFailedAllocation", Time since last: 6491595421 ns, Reaching safepoint: 60401 ns, At safepoint: 3614060 ns, Total: 3674461 ns
[7561.292s][info ][safepoint      ] Safepoint "Cleanup", Time since last: 3000241411 ns, Reaching safepoint: 48400 ns, At safepoint: 16201 ns, Total: 64601 ns
[7564.292s][info ][safepoint      ] Safepoint "Cleanup", Time since last: 3000190111 ns, Reaching safepoint: 38001 ns, At safepoint: 2700 ns, Total: 40701 ns
[7580.512s][info ][gc,start       ] GC(466) Pause Young (Allocation Failure)
[7580.514s][debug][gc,phases      ] GC(466) Scavenge 1.426ms
[7580.514s][debug][gc,ref         ] GC(466) Skipped phase 1 of Reference Processing: no references
[7580.514s][debug][gc,ref         ] GC(466) Skipped phase 3 of Reference Processing: no references
[7580.514s][debug][gc,phases      ] GC(466) Reference Processing 0.019ms
[7580.514s][debug][gc,phases      ] GC(466) Weak Processing 0.487ms
[7580.514s][debug][gc,age         ] GC(466) Desired survivor size 2621440 bytes, new threshold 15 (max threshold 15)
[7580.514s][info ][gc,heap        ] GC(466) PSYoungGen: 2093248K(2094592K)->1232K(2094592K) Eden: 2092032K(2092032K)->0K(2092032K) From: 1216K(2560K)->1232K(2560K)
[7580.514s][info ][gc,heap        ] GC(466) ParOldGen: 461549K(507904K)->461581K(507904K)
[7580.514s][info ][gc,metaspace   ] GC(466) Metaspace: 79065K(79680K)->79065K(79680K) NonClass: 68401K(68672K)->68401K(68672K) Class: 10664K(11008K)->10664K(11008K)
[7580.514s][info ][gc             ] GC(466) Pause Young (Allocation Failure) 2494M->451M(2541M) 2.017ms
[7580.514s][info ][gc,cpu         ] GC(466) User=0.00s Sys=0.00s Real=0.00s
[7580.514s][info ][safepoint      ] Safepoint "ParallelGCFailedAllocation", Time since last: 16220382804 ns, Reaching safepoint: 65601 ns, At safepoint: 2105234 ns, Total: 2170835 ns
[7591.515s][info ][safepoint      ] Safepoint "Cleanup", Time since last: 11000697249 ns, Reaching safepoint: 55801 ns, At safepoint: 2300 ns, Total: 58101 ns
[7595.516s][info ][safepoint      ] Safepoint "Cleanup", Time since last: 4000287769 ns, Reaching safepoint: 38500 ns, At safepoint: 8000 ns, Total: 46500 ns
[7596.516s][info ][safepoint      ] Safepoint "Cleanup", Time since last: 1000067743 ns, Reaching safepoint: 46600 ns, At safepoint: 2401 ns, Total: 49001 ns
[7602.383s][info ][gc,start       ] GC(467) Pause Young (Allocation Failure)
[7602.384s][debug][gc,phases      ] GC(467) Scavenge 1.718ms
[7602.384s][debug][gc,ref         ] GC(467) Skipped phase 1 of Reference Processing: no references
[7602.384s][debug][gc,ref         ] GC(467) Skipped phase 3 of Reference Processing: no references
[7602.384s][debug][gc,ref         ] GC(467) Skipped phase 4 of Reference Processing: no references
[7602.384s][debug][gc,phases      ] GC(467) Reference Processing 0.030ms
[7602.385s][debug][gc,phases      ] GC(467) Weak Processing 0.646ms
[7602.385s][debug][gc,age         ] GC(467) Desired survivor size 2097152 bytes, new threshold 15 (max threshold 15)
[7602.385s][info ][gc,heap        ] GC(467) PSYoungGen: 2093264K(2094592K)->1216K(2095104K) Eden: 2092032K(2092032K)->0K(2092544K) From: 1232K(2560K)->1216K(2560K)
[7602.385s][info ][gc,heap        ] GC(467) ParOldGen: 461581K(507904K)->461597K(507904K)
[7602.385s][info ][gc,metaspace   ] GC(467) Metaspace: 79065K(79680K)->79065K(79680K) NonClass: 68401K(68672K)->68401K(68672K) Class: 10664K(11008K)->10664K(11008K)
[7602.385s][info ][gc             ] GC(467) Pause Young (Allocation Failure) 2494M->451M(2542M) 2.539ms
[7602.385s][info ][gc,cpu         ] GC(467) User=0.01s Sys=0.00s Real=0.01s
[7602.385s][info ][safepoint      ] Safepoint "ParallelGCFailedAllocation", Time since last: 5866778773 ns, Reaching safepoint: 70801 ns, At safepoint: 2624043 ns, Total: 2694844 ns
[7605.385s][info ][safepoint      ] Safepoint "Cleanup", Time since last: 3000191430 ns, Reaching safepoint: 78202 ns, At safepoint: 9700 ns, Total: 87902 ns
[7608.386s][info ][safepoint      ] Safepoint "Cleanup", Time since last: 3000241632 ns, Reaching safepoint: 140203 ns, At safepoint: 15100 ns, Total: 155303 ns
[7609.386s][info ][safepoint      ] Safepoint "Cleanup", Time since last: 1000113945 ns, Reaching safepoint: 61201 ns, At safepoint: 10900 ns, Total: 72101 ns
[7614.387s][info ][safepoint      ] Safepoint "Cleanup", Time since last: 5000396624 ns, Reaching safepoint: 125602 ns, At safepoint: 14801 ns, Total: 140403 ns
[7624.683s][info ][gc,start       ] GC(468) Pause Young (Allocation Failure)
[7624.684s][debug][gc,phases      ] GC(468) Scavenge 1.670ms
[7624.684s][debug][gc,ref         ] GC(468) Skipped phase 1 of Reference Processing: no references
[7624.684s][debug][gc,ref         ] GC(468) Skipped phase 3 of Reference Processing: no references
[7624.684s][debug][gc,ref         ] GC(468) Skipped phase 4 of Reference Processing: no references
[7624.684s][debug][gc,phases      ] GC(468) Reference Processing 0.025ms
[7624.685s][debug][gc,phases      ] GC(468) Weak Processing 0.545ms
[7624.685s][debug][gc,age         ] GC(468) Desired survivor size 2097152 bytes, new threshold 15 (max threshold 15)
[7624.685s][info ][gc,heap        ] GC(468) PSYoungGen: 2093760K(2095104K)->1248K(2094592K) Eden: 2092544K(2092544K)->0K(2092544K) From: 1216K(2560K)->1248K(2048K)
[7624.685s][info ][gc,heap        ] GC(468) ParOldGen: 461597K(507904K)->461629K(507904K)
[7624.685s][info ][gc,metaspace   ] GC(468) Metaspace: 79065K(79680K)->79065K(79680K) NonClass: 68401K(68672K)->68401K(68672K) Class: 10664K(11008K)->10664K(11008K)
[7624.685s][info ][gc             ] GC(468) Pause Young (Allocation Failure) 2495M->452M(2541M) 2.364ms
[7624.685s][info ][gc,cpu         ] GC(468) User=0.00s Sys=0.00s Real=0.01s
[7624.685s][info ][safepoint      ] Safepoint "ParallelGCFailedAllocation", Time since last: 10296034085 ns, Reaching safepoint: 37800 ns, At safepoint: 2449540 ns, Total: 2487340 ns
[7628.685s][info ][safepoint      ] Safepoint "Cleanup", Time since last: 4000294488 ns, Reaching safepoint: 120702 ns, At safepoint: 5500 ns, Total: 126202 ns
[7637.686s][info ][safepoint      ] Safepoint "Cleanup", Time since last: 9000659929 ns, Reaching safepoint: 137503 ns, At safepoint: 9400 ns, Total: 146903 ns
[7640.687s][info ][safepoint      ] Safepoint "Cleanup", Time since last: 3000199545 ns, Reaching safepoint: 118102 ns, At safepoint: 11800 ns, Total: 129902 ns
[7642.687s][info ][safepoint      ] Safepoint "Cleanup", Time since last: 2000183099 ns, Reaching safepoint: 123802 ns, At safepoint: 12600 ns, Total: 136402 ns
[7643.687s][info ][safepoint      ] Safepoint "Cleanup", Time since last: 1000106750 ns, Reaching safepoint: 127202 ns, At safepoint: 8000 ns, Total: 135202 ns
[7644.687s][info ][safepoint      ] Safepoint "Cleanup", Time since last: 1000107650 ns, Reaching safepoint: 125902 ns, At safepoint: 6800 ns, Total: 132702 ns
[7646.887s][info ][gc,start       ] GC(469) Pause Young (Allocation Failure)
[7646.888s][debug][gc,phases      ] GC(469) Scavenge 1.621ms
[7646.889s][debug][gc,ref         ] GC(469) Skipped phase 1 of Reference Processing: no references
[7646.889s][debug][gc,ref         ] GC(469) Skipped phase 3 of Reference Processing: no references
[7646.889s][debug][gc,ref         ] GC(469) Skipped phase 4 of Reference Processing: no references
[7646.889s][debug][gc,phases      ] GC(469) Reference Processing 0.052ms
[7646.889s][debug][gc,phases      ] GC(469) Weak Processing 0.538ms
[7646.889s][debug][gc,age         ] GC(469) Desired survivor size 2097152 bytes, new threshold 15 (max threshold 15)
[7646.889s][info ][gc,heap        ] GC(469) PSYoungGen: 2093792K(2094592K)->1280K(2095104K) Eden: 2092544K(2092544K)->0K(2093056K) From: 1248K(2048K)->1280K(2048K)
[7646.889s][info ][gc,heap        ] GC(469) ParOldGen: 461629K(507904K)->461669K(507904K)
[7646.889s][info ][gc,metaspace   ] GC(469) Metaspace: 79067K(79680K)->79067K(79680K) NonClass: 68403K(68672K)->68403K(68672K) Class: 10664K(11008K)->10664K(11008K)
[7646.889s][info ][gc             ] GC(469) Pause Young (Allocation Failure) 2495M->452M(2542M) 2.329ms
[7646.889s][info ][gc,cpu         ] GC(469) User=0.01s Sys=0.00s Real=0.00s
[7646.889s][info ][safepoint      ] Safepoint "ParallelGCFailedAllocation", Time since last: 2199338955 ns, Reaching safepoint: 34001 ns, At safepoint: 2397639 ns, Total: 2431640 ns
[7649.890s][info ][safepoint      ] Safepoint "Cleanup", Time since last: 3000211649 ns, Reaching safepoint: 122202 ns, At safepoint: 10000 ns, Total: 132202 ns
[7668.935s][info ][gc,start       ] GC(470) Pause Young (Allocation Failure)
[7668.936s][debug][gc,phases      ] GC(470) Scavenge 1.690ms
[7668.936s][debug][gc,ref         ] GC(470) Skipped phase 1 of Reference Processing: no references
[7668.936s][debug][gc,ref         ] GC(470) Skipped phase 3 of Reference Processing: no references
[7668.936s][debug][gc,ref         ] GC(470) Skipped phase 4 of Reference Processing: no references
[7668.936s][debug][gc,phases      ] GC(470) Reference Processing 0.041ms
[7668.937s][debug][gc,phases      ] GC(470) Weak Processing 0.471ms
[7668.937s][debug][gc,age         ] GC(470) Desired survivor size 2097152 bytes, new threshold 15 (max threshold 15)
[7668.937s][info ][gc,heap        ] GC(470) PSYoungGen: 2094336K(2095104K)->1280K(2095104K) Eden: 2093056K(2093056K)->0K(2093056K) From: 1280K(2048K)->1280K(2048K)
[7668.937s][info ][gc,heap        ] GC(470) ParOldGen: 461669K(507904K)->461717K(507904K)
[7668.937s][info ][gc,metaspace   ] GC(470) Metaspace: 79067K(79680K)->79067K(79680K) NonClass: 68403K(68672K)->68403K(68672K) Class: 10664K(11008K)->10664K(11008K)
[7668.937s][info ][gc             ] GC(470) Pause Young (Allocation Failure) 2496M->452M(2542M) 2.309ms
[7668.937s][info ][gc,cpu         ] GC(470) User=0.01s Sys=0.00s Real=0.01s
[7668.937s][info ][safepoint      ] Safepoint "ParallelGCFailedAllocation", Time since last: 19044984286 ns, Reaching safepoint: 68202 ns, At safepoint: 2394739 ns, Total: 2462941 ns
[7689.939s][info ][safepoint      ] Safepoint "Cleanup", Time since last: 21001561630 ns, Reaching safepoint: 49800 ns, At safepoint: 6000 ns, Total: 55800 ns
[7690.938s][info ][gc,start       ] GC(471) Pause Young (Allocation Failure)
[7690.939s][debug][gc,phases      ] GC(471) Scavenge 1.539ms
[7690.939s][debug][gc,ref         ] GC(471) Skipped phase 1 of Reference Processing: no references
[7690.939s][debug][gc,ref         ] GC(471) Skipped phase 3 of Reference Processing: no references
[7690.939s][debug][gc,ref         ] GC(471) Skipped phase 4 of Reference Processing: no references
[7690.939s][debug][gc,phases      ] GC(471) Reference Processing 0.026ms
[7690.940s][debug][gc,phases      ] GC(471) Weak Processing 0.523ms
[7690.940s][debug][gc,age         ] GC(471) Desired survivor size 2097152 bytes, new threshold 15 (max threshold 15)
[7690.940s][info ][gc,heap        ] GC(471) PSYoungGen: 2094336K(2095104K)->1184K(2095104K) Eden: 2093056K(2093056K)->0K(2093056K) From: 1280K(2048K)->1184K(2048K)
[7690.940s][info ][gc,heap        ] GC(471) ParOldGen: 461717K(507904K)->461781K(507904K)
[7690.940s][info ][gc,metaspace   ] GC(471) Metaspace: 79070K(79680K)->79070K(79680K) NonClass: 68406K(68672K)->68406K(68672K) Class: 10664K(11008K)->10664K(11008K)
[7690.940s][info ][gc             ] GC(471) Pause Young (Allocation Failure) 2496M->452M(2542M) 2.202ms
[7690.940s][info ][gc,cpu         ] GC(471) User=0.01s Sys=0.00s Real=0.00s
[7690.940s][info ][safepoint      ] Safepoint "ParallelGCFailedAllocation", Time since last: 998828935 ns, Reaching safepoint: 94502 ns, At safepoint: 2302837 ns, Total: 2397339 ns
[7695.940s][info ][safepoint      ] Safepoint "Cleanup", Time since last: 5000318977 ns, Reaching safepoint: 66001 ns, At safepoint: 12301 ns, Total: 78302 ns
[7712.083s][info ][gc,start       ] GC(472) Pause Young (Allocation Failure)
[7712.085s][debug][gc,phases      ] GC(472) Scavenge 1.566ms
[7712.085s][debug][gc,ref         ] GC(472) Skipped phase 1 of Reference Processing: no references
[7712.085s][debug][gc,ref         ] GC(472) Skipped phase 3 of Reference Processing: no references
[7712.085s][debug][gc,ref         ] GC(472) Skipped phase 4 of Reference Processing: no references
[7712.085s][debug][gc,phases      ] GC(472) Reference Processing 0.041ms
[7712.085s][debug][gc,phases      ] GC(472) Weak Processing 0.479ms
[7712.085s][debug][gc,age         ] GC(472) Desired survivor size 2097152 bytes, new threshold 15 (max threshold 15)
[7712.085s][info ][gc,heap        ] GC(472) PSYoungGen: 2094240K(2095104K)->1232K(2095104K) Eden: 2093056K(2093056K)->0K(2093056K) From: 1184K(2048K)->1232K(2048K)
[7712.085s][info ][gc,heap        ] GC(472) ParOldGen: 461781K(507904K)->461797K(507904K)
[7712.085s][info ][gc,metaspace   ] GC(472) Metaspace: 79071K(79680K)->79071K(79680K) NonClass: 68407K(68672K)->68407K(68672K) Class: 10664K(11008K)->10664K(11008K)
[7712.086s][info ][gc             ] GC(472) Pause Young (Allocation Failure) 2496M->452M(2542M) 2.212ms
[7712.086s][info ][gc,cpu         ] GC(472) User=0.00s Sys=0.00s Real=0.01s
[7712.086s][info ][safepoint      ] Safepoint "ParallelGCFailedAllocation", Time since last: 16142943227 ns, Reaching safepoint: 119402 ns, At safepoint: 2294737 ns, Total: 2414139 ns
[7725.397s][info ][safepoint      ] Safepoint "Cleanup", Time since last: 13311767245 ns, Reaching safepoint: 117802 ns, At safepoint: 13200 ns, Total: 131002 ns
[7726.398s][info ][safepoint      ] Safepoint "Cleanup", Time since last: 1000111960 ns, Reaching safepoint: 102702 ns, At safepoint: 5500 ns, Total: 108202 ns
[7733.398s][info ][safepoint      ] Safepoint "Cleanup", Time since last: 7000542119 ns, Reaching safepoint: 64501 ns, At safepoint: 9300 ns, Total: 73801 ns
[7737.337s][info ][gc,start       ] GC(473) Pause Young (Allocation Failure)
[7737.339s][debug][gc,phases      ] GC(473) Scavenge 1.304ms
[7737.339s][debug][gc,ref         ] GC(473) Skipped phase 1 of Reference Processing: no references
[7737.339s][debug][gc,ref         ] GC(473) Skipped phase 3 of Reference Processing: no references
[7737.339s][debug][gc,ref         ] GC(473) Skipped phase 4 of Reference Processing: no references
[7737.339s][debug][gc,phases      ] GC(473) Reference Processing 0.033ms
[7737.339s][debug][gc,phases      ] GC(473) Weak Processing 0.471ms
[7737.339s][debug][gc,age         ] GC(473) Desired survivor size 2097152 bytes, new threshold 15 (max threshold 15)
[7737.339s][info ][gc,heap        ] GC(473) PSYoungGen: 2094288K(2095104K)->1232K(2095104K) Eden: 2093056K(2093056K)->0K(2093056K) From: 1232K(2048K)->1232K(2048K)
[7737.339s][info ][gc,heap        ] GC(473) ParOldGen: 461797K(507904K)->461813K(507904K)
[7737.339s][info ][gc,metaspace   ] GC(473) Metaspace: 79072K(79680K)->79072K(79680K) NonClass: 68407K(68672K)->68407K(68672K) Class: 10664K(11008K)->10664K(11008K)
[7737.339s][info ][gc             ] GC(473) Pause Young (Allocation Failure) 2496M->452M(2542M) 1.915ms
[7737.339s][info ][gc,cpu         ] GC(473) User=0.00s Sys=0.00s Real=0.00s
[7737.339s][info ][safepoint      ] Safepoint "ParallelGCFailedAllocation", Time since last: 3938927738 ns, Reaching safepoint: 28801 ns, At safepoint: 1988132 ns, Total: 2016933 ns
[7741.340s][info ][safepoint      ] Safepoint "Cleanup", Time since last: 4000296344 ns, Reaching safepoint: 121902 ns, At safepoint: 7500 ns, Total: 129402 ns
[7743.340s][info ][safepoint      ] Safepoint "Cleanup", Time since last: 2000164322 ns, Reaching safepoint: 50101 ns, At safepoint: 9300 ns, Total: 59401 ns
[7745.340s][info ][safepoint      ] Safepoint "Cleanup", Time since last: 2000207024 ns, Reaching safepoint: 125702 ns, At safepoint: 12201 ns, Total: 137903 ns
[7746.340s][info ][safepoint      ] Safepoint "Cleanup", Time since last: 1000110362 ns, Reaching safepoint: 45100 ns, At safepoint: 6801 ns, Total: 51901 ns
[7756.633s][info ][gc,start       ] GC(474) Pause Young (Allocation Failure)
[7756.635s][debug][gc,phases      ] GC(474) Scavenge 1.601ms
[7756.635s][debug][gc,ref         ] GC(474) Skipped phase 1 of Reference Processing: no references
[7756.635s][debug][gc,ref         ] GC(474) Skipped phase 3 of Reference Processing: no references
[7756.635s][debug][gc,ref         ] GC(474) Skipped phase 4 of Reference Processing: no references
[7756.635s][debug][gc,phases      ] GC(474) Reference Processing 0.036ms
[7756.635s][debug][gc,phases      ] GC(474) Weak Processing 0.547ms
[7756.635s][debug][gc,age         ] GC(474) Desired survivor size 2097152 bytes, new threshold 15 (max threshold 15)
[7756.635s][info ][gc,heap        ] GC(474) PSYoungGen: 2094288K(2095104K)->1360K(2095104K) Eden: 2093056K(2093056K)->0K(2093056K) From: 1232K(2048K)->1360K(2048K)
[7756.635s][info ][gc,heap        ] GC(474) ParOldGen: 461813K(507904K)->461821K(507904K)
[7756.635s][info ][gc,metaspace   ] GC(474) Metaspace: 79086K(79680K)->79086K(79680K) NonClass: 68421K(68672K)->68421K(68672K) Class: 10664K(11008K)->10664K(11008K)
[7756.635s][info ][gc             ] GC(474) Pause Young (Allocation Failure) 2496M->452M(2542M) 2.310ms
[7756.635s][info ][gc,cpu         ] GC(474) User=0.00s Sys=0.00s Real=0.00s
[7756.635s][info ][safepoint      ] Safepoint "ParallelGCFailedAllocation", Time since last: 10292514595 ns, Reaching safepoint: 120802 ns, At safepoint: 2385639 ns, Total: 2506441 ns
[7766.636s][info ][safepoint      ] Safepoint "Cleanup", Time since last: 10000706933 ns, Reaching safepoint: 132702 ns, At safepoint: 7100 ns, Total: 139802 ns
[7768.637s][info ][safepoint      ] Safepoint "Cleanup", Time since last: 2000181828 ns, Reaching safepoint: 121302 ns, At safepoint: 6501 ns, Total: 127803 ns
[7769.637s][info ][safepoint      ] Safepoint "Cleanup", Time since last: 1000124564 ns, Reaching safepoint: 123602 ns, At safepoint: 8201 ns, Total: 131803 ns
[7781.883s][info ][gc,start       ] GC(475) Pause Young (Allocation Failure)
[7781.885s][debug][gc,phases      ] GC(475) Scavenge 1.514ms
[7781.885s][debug][gc,ref         ] GC(475) Skipped phase 1 of Reference Processing: no references
[7781.885s][debug][gc,ref         ] GC(475) Skipped phase 3 of Reference Processing: no references
[7781.885s][debug][gc,ref         ] GC(475) Skipped phase 4 of Reference Processing: no references
[7781.885s][debug][gc,phases      ] GC(475) Reference Processing 0.022ms
[7781.885s][debug][gc,phases      ] GC(475) Weak Processing 0.489ms
[7781.885s][debug][gc,age         ] GC(475) Desired survivor size 2097152 bytes, new threshold 15 (max threshold 15)
[7781.885s][info ][gc,heap        ] GC(475) PSYoungGen: 2094416K(2095104K)->1312K(2095104K) Eden: 2093056K(2093056K)->0K(2093056K) From: 1360K(2048K)->1312K(2048K)
[7781.885s][info ][gc,heap        ] GC(475) ParOldGen: 461821K(507904K)->461869K(507904K)
[7781.885s][info ][gc,metaspace   ] GC(475) Metaspace: 79092K(79744K)->79092K(79744K) NonClass: 68428K(68736K)->68428K(68736K) Class: 10664K(11008K)->10664K(11008K)
[7781.885s][info ][gc             ] GC(475) Pause Young (Allocation Failure) 2496M->452M(2542M) 2.149ms
[7781.885s][info ][gc,cpu         ] GC(475) User=0.00s Sys=0.00s Real=0.01s
[7781.885s][info ][safepoint      ] Safepoint "ParallelGCFailedAllocation", Time since last: 12246352994 ns, Reaching safepoint: 37300 ns, At safepoint: 2235437 ns, Total: 2272737 ns
[7796.887s][info ][safepoint      ] Safepoint "Cleanup", Time since last: 15001021391 ns, Reaching safepoint: 148002 ns, At safepoint: 6700 ns, Total: 154702 ns
[7804.471s][info ][gc,start       ] GC(476) Pause Young (Allocation Failure)
[7804.475s][debug][gc,phases      ] GC(476) Scavenge 4.887ms
[7804.476s][debug][gc,ref         ] GC(476) Skipped phase 1 of Reference Processing: no references
[7804.476s][debug][gc,ref         ] GC(476) Skipped phase 3 of Reference Processing: no references
[7804.476s][debug][gc,phases      ] GC(476) Reference Processing 0.021ms
[7804.476s][debug][gc,phases      ] GC(476) Weak Processing 0.570ms
[7804.476s][debug][gc,age         ] GC(476) Desired survivor size 8388608 bytes, new threshold 14 (max threshold 15)
[7804.476s][info ][gc,heap        ] GC(476) PSYoungGen: 2094368K(2095104K)->2037K(2095104K) Eden: 2093056K(2093056K)->0K(2093056K) From: 1312K(2048K)->2037K(2048K)
[7804.476s][info ][gc,heap        ] GC(476) ParOldGen: 461869K(507904K)->478389K(507904K)
[7804.476s][info ][gc,metaspace   ] GC(476) Metaspace: 79124K(79808K)->79124K(79808K) NonClass: 68459K(68800K)->68459K(68800K) Class: 10664K(11008K)->10664K(11008K)
[7804.476s][info ][gc             ] GC(476) Pause Young (Allocation Failure) 2496M->469M(2542M) 5.639ms
[7804.476s][info ][gc,cpu         ] GC(476) User=0.01s Sys=0.01s Real=0.01s
[7804.476s][info ][safepoint      ] Safepoint "ParallelGCFailedAllocation", Time since last: 7583823118 ns, Reaching safepoint: 38701 ns, At safepoint: 5729393 ns, Total: 5768094 ns
[7823.477s][info ][safepoint      ] Safepoint "Cleanup", Time since last: 19001146999 ns, Reaching safepoint: 46001 ns, At safepoint: 3100 ns, Total: 49101 ns
[7825.434s][info ][gc,start       ] GC(477) Pause Young (Allocation Failure)
[7825.436s][debug][gc,phases      ] GC(477) Scavenge 1.811ms
[7825.436s][debug][gc,ref         ] GC(477) Skipped phase 1 of Reference Processing: no references
[7825.436s][debug][gc,ref         ] GC(477) Skipped phase 3 of Reference Processing: no references
[7825.436s][debug][gc,phases      ] GC(477) Reference Processing 0.022ms
[7825.436s][debug][gc,phases      ] GC(477) Weak Processing 0.546ms
[7825.436s][debug][gc,age         ] GC(477) Desired survivor size 8388608 bytes, new threshold 13 (max threshold 15)
[7825.436s][info ][gc,heap        ] GC(477) PSYoungGen: 2095093K(2095104K)->2037K(2082816K) Eden: 2093056K(2093056K)->0K(2080768K) From: 2037K(2048K)->2037K(2048K)
[7825.436s][info ][gc,heap        ] GC(477) ParOldGen: 478389K(507904K)->478465K(507904K)
[7825.436s][info ][gc,metaspace   ] GC(477) Metaspace: 79126K(79808K)->79126K(79808K) NonClass: 68461K(68800K)->68461K(68800K) Class: 10664K(11008K)->10664K(11008K)
[7825.436s][info ][gc             ] GC(477) Pause Young (Allocation Failure) 2513M->469M(2530M) 2.517ms
[7825.436s][info ][gc,cpu         ] GC(477) User=0.01s Sys=0.00s Real=0.01s
[7825.436s][info ][safepoint      ] Safepoint "ParallelGCFailedAllocation", Time since last: 1956348322 ns, Reaching safepoint: 119202 ns, At safepoint: 2597243 ns, Total: 2716445 ns
[7837.437s][info ][safepoint      ] Safepoint "Cleanup", Time since last: 12000766041 ns, Reaching safepoint: 131902 ns, At safepoint: 10200 ns, Total: 142102 ns
[7839.438s][info ][safepoint      ] Safepoint "Cleanup", Time since last: 2000184643 ns, Reaching safepoint: 123702 ns, At safepoint: 11100 ns, Total: 134802 ns
[7842.888s][info ][gc,start       ] GC(478) Pause Young (Allocation Failure)
[7842.890s][debug][gc,phases      ] GC(478) Scavenge 1.874ms
[7842.890s][debug][gc,ref         ] GC(478) Skipped phase 1 of Reference Processing: no references
[7842.890s][debug][gc,ref         ] GC(478) Skipped phase 3 of Reference Processing: no references
[7842.890s][debug][gc,phases      ] GC(478) Reference Processing 0.028ms
[7842.891s][debug][gc,phases      ] GC(478) Weak Processing 0.484ms
[7842.891s][debug][gc,age         ] GC(478) Desired survivor size 7864320 bytes, new threshold 14 (max threshold 15)
[7842.891s][info ][gc,heap        ] GC(478) PSYoungGen: 2082805K(2082816K)->2469K(2088960K) Eden: 2080768K(2080768K)->0K(2080768K) From: 2037K(2048K)->2469K(8192K)
[7842.891s][info ][gc,heap        ] GC(478) ParOldGen: 478465K(507904K)->478481K(507904K)
[7842.891s][info ][gc,metaspace   ] GC(478) Metaspace: 79126K(79808K)->79126K(79808K) NonClass: 68461K(68800K)->68461K(68800K) Class: 10664K(11008K)->10664K(11008K)
[7842.891s][info ][gc             ] GC(478) Pause Young (Allocation Failure) 2501M->469M(2536M) 2.516ms
[7842.891s][info ][gc,cpu         ] GC(478) User=0.01s Sys=0.00s Real=0.00s
[7842.891s][info ][safepoint      ] Safepoint "ParallelGCFailedAllocation", Time since last: 3450518885 ns, Reaching safepoint: 37800 ns, At safepoint: 2592043 ns, Total: 2629843 ns
[7853.892s][info ][safepoint      ] Safepoint "Cleanup", Time since last: 11000774389 ns, Reaching safepoint: 156802 ns, At safepoint: 8000 ns, Total: 164802 ns
[7854.892s][info ][safepoint      ] Safepoint "Cleanup", Time since last: 1000106973 ns, Reaching safepoint: 116702 ns, At safepoint: 10000 ns, Total: 126702 ns
[7856.892s][info ][safepoint      ] Safepoint "Cleanup", Time since last: 2000192646 ns, Reaching safepoint: 136602 ns, At safepoint: 47501 ns, Total: 184103 ns
[7859.083s][info ][gc,start       ] GC(479) Pause Young (Allocation Failure)
[7859.085s][debug][gc,phases      ] GC(479) Scavenge 1.984ms
[7859.085s][debug][gc,ref         ] GC(479) Skipped phase 1 of Reference Processing: no references
[7859.085s][debug][gc,ref         ] GC(479) Skipped phase 3 of Reference Processing: no references
[7859.085s][debug][gc,phases      ] GC(479) Reference Processing 0.054ms
[7859.086s][debug][gc,phases      ] GC(479) Weak Processing 0.598ms
[7859.086s][debug][gc,age         ] GC(479) Desired survivor size 7340032 bytes, new threshold 15 (max threshold 15)
[7859.086s][info ][gc,heap        ] GC(479) PSYoungGen: 2083237K(2088960K)->2437K(2089984K) Eden: 2080768K(2080768K)->0K(2082304K) From: 2469K(8192K)->2437K(7680K)
[7859.086s][info ][gc,heap        ] GC(479) ParOldGen: 478481K(507904K)->478481K(507904K)
[7859.086s][info ][gc,metaspace   ] GC(479) Metaspace: 79127K(79808K)->79127K(79808K) NonClass: 68463K(68800K)->68463K(68800K) Class: 10664K(11008K)->10664K(11008K)
[7859.086s][info ][gc             ] GC(479) Pause Young (Allocation Failure) 2501M->469M(2537M) 2.773ms
[7859.086s][info ][gc,cpu         ] GC(479) User=0.01s Sys=0.00s Real=0.01s
[7859.086s][info ][safepoint      ] Safepoint "ParallelGCFailedAllocation", Time since last: 2190787966 ns, Reaching safepoint: 110202 ns, At safepoint: 2858047 ns, Total: 2968249 ns
[7866.087s][info ][safepoint      ] Safepoint "Cleanup", Time since last: 7000522711 ns, Reaching safepoint: 56401 ns, At safepoint: 13100 ns, Total: 69501 ns
[7870.218s][info ][gc,start       ] GC(480) Pause Young (Allocation Failure)
[7870.221s][debug][gc,phases      ] GC(480) Scavenge 2.230ms
[7870.221s][debug][gc,ref         ] GC(480) Skipped phase 1 of Reference Processing: no references
[7870.221s][debug][gc,ref         ] GC(480) Skipped phase 3 of Reference Processing: no references
[7870.221s][debug][gc,phases      ] GC(480) Reference Processing 0.040ms
[7870.221s][debug][gc,phases      ] GC(480) Weak Processing 0.521ms
[7870.221s][debug][gc,age         ] GC(480) Desired survivor size 7340032 bytes, new threshold 15 (max threshold 15)
[7870.221s][info ][gc,heap        ] GC(480) PSYoungGen: 2084741K(2089984K)->4629K(2089472K) Eden: 2082304K(2082304K)->0K(2082304K) From: 2437K(7680K)->4629K(7168K)
[7870.221s][info ][gc,heap        ] GC(480) ParOldGen: 478481K(507904K)->478481K(507904K)
[7870.221s][info ][gc,metaspace   ] GC(480) Metaspace: 79130K(79808K)->79130K(79808K) NonClass: 68465K(68800K)->68465K(68800K) Class: 10665K(11008K)->10665K(11008K)
[7870.221s][info ][gc             ] GC(480) Pause Young (Allocation Failure) 2503M->471M(2536M) 2.916ms
[7870.221s][info ][gc,cpu         ] GC(480) User=0.01s Sys=0.00s Real=0.00s
[7870.221s][info ][safepoint      ] Safepoint "ParallelGCFailedAllocation", Time since last: 4131397841 ns, Reaching safepoint: 55101 ns, At safepoint: 2998449 ns, Total: 3053550 ns
[7871.221s][info ][safepoint      ] Safepoint "Cleanup", Time since last: 1000089374 ns, Reaching safepoint: 119002 ns, At safepoint: 8700 ns, Total: 127702 ns
[7877.222s][info ][safepoint      ] Safepoint "Cleanup", Time since last: 6000448445 ns, Reaching safepoint: 52700 ns, At safepoint: 6101 ns, Total: 58801 ns
[7878.283s][info ][gc,start       ] GC(481) Pause Young (Allocation Failure)
[7878.285s][debug][gc,phases      ] GC(481) Scavenge 1.862ms
[7878.285s][debug][gc,ref         ] GC(481) Skipped phase 1 of Reference Processing: no references
[7878.285s][debug][gc,ref         ] GC(481) Skipped phase 3 of Reference Processing: no references
[7878.285s][debug][gc,phases      ] GC(481) Reference Processing 0.042ms
[7878.286s][debug][gc,phases      ] GC(481) Weak Processing 0.717ms
[7878.286s][debug][gc,age         ] GC(481) Desired survivor size 7340032 bytes, new threshold 15 (max threshold 15)
[7878.286s][info ][gc,heap        ] GC(481) PSYoungGen: 2086933K(2089472K)->2565K(2089984K) Eden: 2082304K(2082304K)->0K(2082816K) From: 4629K(7168K)->2565K(7168K)
[7878.286s][info ][gc,heap        ] GC(481) ParOldGen: 478481K(507904K)->478513K(507904K)
[7878.286s][info ][gc,metaspace   ] GC(481) Metaspace: 79130K(79808K)->79130K(79808K) NonClass: 68465K(68800K)->68465K(68800K) Class: 10665K(11008K)->10665K(11008K)
[7878.286s][info ][gc             ] GC(481) Pause Young (Allocation Failure) 2505M->469M(2537M) 2.762ms
[7878.286s][info ][gc,cpu         ] GC(481) User=0.01s Sys=0.00s Real=0.01s
[7878.286s][info ][safepoint      ] Safepoint "ParallelGCFailedAllocation", Time since last: 1061364777 ns, Reaching safepoint: 43401 ns, At safepoint: 2860747 ns, Total: 2904148 ns
[7890.683s][info ][gc,start       ] GC(482) Pause Young (Allocation Failure)
[7890.687s][debug][gc,phases      ] GC(482) Scavenge 3.757ms
[7890.687s][debug][gc,ref         ] GC(482) Skipped phase 1 of Reference Processing: no references
[7890.687s][debug][gc,ref         ] GC(482) Skipped phase 3 of Reference Processing: no references
[7890.687s][debug][gc,phases      ] GC(482) Reference Processing 0.099ms
[7890.687s][debug][gc,phases      ] GC(482) Weak Processing 0.596ms
[7890.687s][debug][gc,age         ] GC(482) Desired survivor size 8388608 bytes, new threshold 14 (max threshold 15)
[7890.687s][info ][gc,heap        ] GC(482) PSYoungGen: 2085381K(2089984K)->7157K(2089984K) Eden: 2082816K(2082816K)->0K(2082816K) From: 2565K(7168K)->7157K(7168K)
[7890.687s][info ][gc,heap        ] GC(482) ParOldGen: 478513K(507904K)->478609K(507904K)
[7890.687s][info ][gc,metaspace   ] GC(482) Metaspace: 79130K(79808K)->79130K(79808K) NonClass: 68465K(68800K)->68465K(68800K) Class: 10665K(11008K)->10665K(11008K)
[7890.687s][info ][gc             ] GC(482) Pause Young (Allocation Failure) 2503M->474M(2537M) 4.630ms
[7890.687s][info ][gc,cpu         ] GC(482) User=0.02s Sys=0.00s Real=0.01s
[7890.688s][info ][safepoint      ] Safepoint "ParallelGCFailedAllocation", Time since last: 12396529677 ns, Reaching safepoint: 51301 ns, At safepoint: 4723877 ns, Total: 4775178 ns
[7892.688s][info ][safepoint      ] Safepoint "Cleanup", Time since last: 2000160552 ns, Reaching safepoint: 130102 ns, At safepoint: 6900 ns, Total: 137002 ns
[7894.806s][info ][gc,start       ] GC(483) Pause Young (Allocation Failure)
[7894.808s][debug][gc,phases      ] GC(483) Scavenge 2.157ms
[7894.808s][debug][gc,ref         ] GC(483) Skipped phase 1 of Reference Processing: no references
[7894.808s][debug][gc,ref         ] GC(483) Skipped phase 3 of Reference Processing: no references
[7894.808s][debug][gc,phases      ] GC(483) Reference Processing 0.054ms
[7894.809s][debug][gc,phases      ] GC(483) Weak Processing 0.471ms
[7894.809s][debug][gc,age         ] GC(483) Desired survivor size 7864320 bytes, new threshold 15 (max threshold 15)
[7894.809s][info ][gc,heap        ] GC(483) PSYoungGen: 2089973K(2089984K)->2773K(2088960K) Eden: 2082816K(2082816K)->0K(2081792K) From: 7157K(7168K)->2773K(7168K)
[7894.809s][info ][gc,heap        ] GC(483) ParOldGen: 478609K(507904K)->478649K(507904K)
[7894.809s][info ][gc,metaspace   ] GC(483) Metaspace: 79130K(79808K)->79130K(79808K) NonClass: 68465K(68800K)->68465K(68800K) Class: 10665K(11008K)->10665K(11008K)
[7894.809s][info ][gc             ] GC(483) Pause Young (Allocation Failure) 2508M->470M(2536M) 2.807ms
[7894.809s][info ][gc,cpu         ] GC(483) User=0.01s Sys=0.00s Real=0.00s
[7894.809s][info ][safepoint      ] Safepoint "ParallelGCFailedAllocation", Time since last: 2118139483 ns, Reaching safepoint: 39501 ns, At safepoint: 2895247 ns, Total: 2934748 ns
[7915.433s][info ][gc,start       ] GC(484) Pause Young (Allocation Failure)
[7915.435s][debug][gc,phases      ] GC(484) Scavenge 2.058ms
[7915.435s][debug][gc,ref         ] GC(484) Skipped phase 1 of Reference Processing: no references
[7915.435s][debug][gc,ref         ] GC(484) Skipped phase 3 of Reference Processing: no references
[7915.435s][debug][gc,phases      ] GC(484) Reference Processing 0.035ms
[7915.436s][debug][gc,phases      ] GC(484) Weak Processing 0.705ms
[7915.436s][debug][gc,age         ] GC(484) Desired survivor size 7864320 bytes, new threshold 15 (max threshold 15)
[7915.436s][info ][gc,heap        ] GC(484) PSYoungGen: 2084565K(2088960K)->2469K(2089472K) Eden: 2081792K(2081792K)->0K(2081792K) From: 2773K(7168K)->2469K(7680K)
[7915.436s][info ][gc,heap        ] GC(484) ParOldGen: 478649K(507904K)->478649K(507904K)
[7915.436s][info ][gc,metaspace   ] GC(484) Metaspace: 79130K(79808K)->79130K(79808K) NonClass: 68465K(68800K)->68465K(68800K) Class: 10665K(11008K)->10665K(11008K)
[7915.436s][info ][gc             ] GC(484) Pause Young (Allocation Failure) 2503M->469M(2536M) 2.950ms
[7915.436s][info ][gc,cpu         ] GC(484) User=0.01s Sys=0.00s Real=0.01s
[7915.436s][info ][safepoint      ] Safepoint "ParallelGCFailedAllocation", Time since last: 20624171830 ns, Reaching safepoint: 68801 ns, At safepoint: 3043750 ns, Total: 3112551 ns
[7924.437s][info ][safepoint      ] Safepoint "Cleanup", Time since last: 9000640699 ns, Reaching safepoint: 122202 ns, At safepoint: 6300 ns, Total: 128502 ns
[7937.366s][info ][gc,start       ] GC(485) Pause Young (Allocation Failure)
[7937.368s][debug][gc,phases      ] GC(485) Scavenge 1.829ms
[7937.368s][debug][gc,ref         ] GC(485) Skipped phase 1 of Reference Processing: no references
[7937.368s][debug][gc,ref         ] GC(485) Skipped phase 3 of Reference Processing: no references
[7937.368s][debug][gc,phases      ] GC(485) Reference Processing 0.019ms
[7937.369s][debug][gc,phases      ] GC(485) Weak Processing 0.474ms
[7937.369s][debug][gc,age         ] GC(485) Desired survivor size 7340032 bytes, new threshold 15 (max threshold 15)
[7937.369s][info ][gc,heap        ] GC(485) PSYoungGen: 2084261K(2089472K)->2613K(2089984K) Eden: 2081792K(2081792K)->0K(2082304K) From: 2469K(7680K)->2613K(7680K)
[7937.369s][info ][gc,heap        ] GC(485) ParOldGen: 478649K(507904K)->478665K(507904K)
[7937.369s][info ][gc,metaspace   ] GC(485) Metaspace: 79130K(79808K)->79130K(79808K) NonClass: 68465K(68800K)->68465K(68800K) Class: 10665K(11008K)->10665K(11008K)
[7937.369s][info ][gc             ] GC(485) Pause Young (Allocation Failure) 2502M->469M(2537M) 2.444ms
[7937.369s][info ][gc,cpu         ] GC(485) User=0.01s Sys=0.00s Real=0.00s
[7937.369s][info ][safepoint      ] Safepoint "ParallelGCFailedAllocation", Time since last: 12929114046 ns, Reaching safepoint: 54001 ns, At safepoint: 2523041 ns, Total: 2577042 ns
[7959.182s][info ][gc,start       ] GC(486) Pause Young (Allocation Failure)
[7959.184s][debug][gc,phases      ] GC(486) Scavenge 1.924ms
[7959.184s][debug][gc,ref         ] GC(486) Skipped phase 1 of Reference Processing: no references
[7959.184s][debug][gc,ref         ] GC(486) Skipped phase 3 of Reference Processing: no references
[7959.184s][debug][gc,phases      ] GC(486) Reference Processing 0.019ms
[7959.185s][debug][gc,phases      ] GC(486) Weak Processing 0.475ms
[7959.185s][debug][gc,age         ] GC(486) Desired survivor size 7340032 bytes, new threshold 15 (max threshold 15)
[7959.185s][info ][gc,heap        ] GC(486) PSYoungGen: 2084917K(2089984K)->2613K(2089472K) Eden: 2082304K(2082304K)->0K(2082304K) From: 2613K(7680K)->2613K(7168K)
[7959.185s][info ][gc,heap        ] GC(486) ParOldGen: 478665K(507904K)->478665K(507904K)
[7959.185s][info ][gc,metaspace   ] GC(486) Metaspace: 79130K(79808K)->79130K(79808K) NonClass: 68465K(68800K)->68465K(68800K) Class: 10665K(11008K)->10665K(11008K)
[7959.185s][info ][gc             ] GC(486) Pause Young (Allocation Failure) 2503M->469M(2536M) 2.549ms
[7959.185s][info ][gc,cpu         ] GC(486) User=0.00s Sys=0.01s Real=0.01s
[7959.185s][info ][safepoint      ] Safepoint "ParallelGCFailedAllocation", Time since last: 21813419477 ns, Reaching safepoint: 106901 ns, At safepoint: 2625743 ns, Total: 2732644 ns
[7972.186s][info ][safepoint      ] Safepoint "Cleanup", Time since last: 13000832079 ns, Reaching safepoint: 113102 ns, At safepoint: 10500 ns, Total: 123602 ns
[7975.186s][info ][safepoint      ] Safepoint "Cleanup", Time since last: 3000243579 ns, Reaching safepoint: 113601 ns, At safepoint: 5601 ns, Total: 119202 ns
[7979.187s][info ][safepoint      ] Safepoint "Cleanup", Time since last: 4000292036 ns, Reaching safepoint: 145302 ns, At safepoint: 9400 ns, Total: 154702 ns
[7980.750s][info ][gc,start       ] GC(487) Pause Young (Allocation Failure)
[7980.752s][debug][gc,phases      ] GC(487) Scavenge 1.812ms
[7980.752s][debug][gc,ref         ] GC(487) Skipped phase 1 of Reference Processing: no references
[7980.752s][debug][gc,ref         ] GC(487) Skipped phase 3 of Reference Processing: no references
[7980.752s][debug][gc,phases      ] GC(487) Reference Processing 0.029ms
[7980.753s][debug][gc,phases      ] GC(487) Weak Processing 0.572ms
[7980.753s][debug][gc,age         ] GC(487) Desired survivor size 6815744 bytes, new threshold 15 (max threshold 15)
[7980.753s][info ][gc,heap        ] GC(487) PSYoungGen: 2084917K(2089472K)->2421K(2090496K) Eden: 2082304K(2082304K)->0K(2083328K) From: 2613K(7168K)->2421K(7168K)
[7980.753s][info ][gc,heap        ] GC(487) ParOldGen: 478665K(507904K)->478921K(507904K)
[7980.753s][info ][gc,metaspace   ] GC(487) Metaspace: 79130K(79808K)->79130K(79808K) NonClass: 68465K(68800K)->68465K(68800K) Class: 10665K(11008K)->10665K(11008K)
[7980.753s][info ][gc             ] GC(487) Pause Young (Allocation Failure) 2503M->470M(2537M) 2.548ms
[7980.753s][info ][gc,cpu         ] GC(487) User=0.01s Sys=0.00s Real=0.00s
[7980.753s][info ][safepoint      ] Safepoint "ParallelGCFailedAllocation", Time since last: 1563399530 ns, Reaching safepoint: 106302 ns, At safepoint: 2654544 ns, Total: 2760846 ns
[7981.753s][info ][safepoint      ] Safepoint "Cleanup", Time since last: 1000085659 ns, Reaching safepoint: 48701 ns, At safepoint: 7100 ns, Total: 55801 ns
[8002.736s][info ][gc,start       ] GC(488) Pause Young (Allocation Failure)
[8002.738s][debug][gc,phases      ] GC(488) Scavenge 1.744ms
[8002.738s][debug][gc,ref         ] GC(488) Skipped phase 1 of Reference Processing: no references
[8002.738s][debug][gc,ref         ] GC(488) Skipped phase 3 of Reference Processing: no references
[8002.738s][debug][gc,phases      ] GC(488) Reference Processing 0.019ms
[8002.738s][debug][gc,phases      ] GC(488) Weak Processing 0.532ms
[8002.738s][debug][gc,age         ] GC(488) Desired survivor size 6815744 bytes, new threshold 15 (max threshold 15)
[8002.738s][info ][gc,heap        ] GC(488) PSYoungGen: 2085749K(2090496K)->2357K(2089984K) Eden: 2083328K(2083328K)->0K(2083328K) From: 2421K(7168K)->2357K(6656K)
[8002.738s][info ][gc,heap        ] GC(488) ParOldGen: 478921K(507904K)->478921K(507904K)
[8002.738s][info ][gc,metaspace   ] GC(488) Metaspace: 79130K(79808K)->79130K(79808K) NonClass: 68465K(68800K)->68465K(68800K) Class: 10665K(11008K)->10665K(11008K)
[8002.738s][info ][gc             ] GC(488) Pause Young (Allocation Failure) 2504M->469M(2537M) 2.413ms
[8002.738s][info ][gc,cpu         ] GC(488) User=0.01s Sys=0.00s Real=0.01s
[8002.738s][info ][safepoint      ] Safepoint "ParallelGCFailedAllocation", Time since last: 20982779306 ns, Reaching safepoint: 113702 ns, At safepoint: 2495641 ns, Total: 2609343 ns
[8009.739s][info ][safepoint      ] Safepoint "Cleanup", Time since last: 7000480997 ns, Reaching safepoint: 67501 ns, At safepoint: 7300 ns, Total: 74801 ns
[8024.833s][info ][gc,start       ] GC(489) Pause Young (Allocation Failure)
[8024.835s][debug][gc,phases      ] GC(489) Scavenge 1.591ms
[8024.835s][debug][gc,ref         ] GC(489) Skipped phase 1 of Reference Processing: no references
[8024.835s][debug][gc,ref         ] GC(489) Skipped phase 3 of Reference Processing: no references
[8024.835s][debug][gc,phases      ] GC(489) Reference Processing 0.019ms
[8024.835s][debug][gc,phases      ] GC(489) Weak Processing 0.533ms
[8024.835s][debug][gc,age         ] GC(489) Desired survivor size 6291456 bytes, new threshold 15 (max threshold 15)
[8024.835s][info ][gc,heap        ] GC(489) PSYoungGen: 2085685K(2089984K)->2341K(2091008K) Eden: 2083328K(2083328K)->0K(2084352K) From: 2357K(6656K)->2341K(6656K)
[8024.835s][info ][gc,heap        ] GC(489) ParOldGen: 478921K(507904K)->479041K(507904K)
[8024.835s][info ][gc,metaspace   ] GC(489) Metaspace: 79130K(79808K)->79130K(79808K) NonClass: 68465K(68800K)->68465K(68800K) Class: 10665K(11008K)->10665K(11008K)
[8024.835s][info ][gc             ] GC(489) Pause Young (Allocation Failure) 2504M->470M(2538M) 2.265ms
[8024.835s][info ][gc,cpu         ] GC(489) User=0.01s Sys=0.00s Real=0.00s
[8024.836s][info ][safepoint      ] Safepoint "ParallelGCFailedAllocation", Time since last: 15094280373 ns, Reaching safepoint: 98901 ns, At safepoint: 2342139 ns, Total: 2441040 ns
[8028.836s][info ][safepoint      ] Safepoint "Cleanup", Time since last: 4000277120 ns, Reaching safepoint: 69502 ns, At safepoint: 6800 ns, Total: 76302 ns
[8050.333s][info ][gc,start       ] GC(490) Pause Young (Allocation Failure)
[8050.335s][debug][gc,phases      ] GC(490) Scavenge 1.708ms
[8050.335s][debug][gc,ref         ] GC(490) Skipped phase 1 of Reference Processing: no references
[8050.335s][debug][gc,ref         ] GC(490) Skipped phase 3 of Reference Processing: no references
[8050.335s][debug][gc,phases      ] GC(490) Reference Processing 0.019ms
[8050.336s][debug][gc,phases      ] GC(490) Weak Processing 0.534ms
[8050.336s][debug][gc,age         ] GC(490) Desired survivor size 6291456 bytes, new threshold 15 (max threshold 15)
[8050.336s][info ][gc,heap        ] GC(490) PSYoungGen: 2086693K(2091008K)->2341K(2090496K) Eden: 2084352K(2084352K)->0K(2084352K) From: 2341K(6656K)->2341K(6144K)
[8050.336s][info ][gc,heap        ] GC(490) ParOldGen: 479041K(507904K)->479073K(507904K)
[8050.336s][info ][gc,metaspace   ] GC(490) Metaspace: 79132K(79808K)->79132K(79808K) NonClass: 68467K(68800K)->68467K(68800K) Class: 10665K(11008K)->10665K(11008K)
[8050.336s][info ][gc             ] GC(490) Pause Young (Allocation Failure) 2505M->470M(2537M) 2.388ms
[8050.336s][info ][gc,cpu         ] GC(490) User=0.00s Sys=0.00s Real=0.00s
[8050.336s][info ][safepoint      ] Safepoint "ParallelGCFailedAllocation", Time since last: 21497151194 ns, Reaching safepoint: 139502 ns, At safepoint: 2480741 ns, Total: 2620243 ns
[8076.385s][info ][gc,start       ] GC(491) Pause Young (Allocation Failure)
[8076.387s][debug][gc,phases      ] GC(491) Scavenge 2.624ms
[8076.387s][debug][gc,ref         ] GC(491) Skipped phase 1 of Reference Processing: no references
[8076.387s][debug][gc,ref         ] GC(491) Skipped phase 3 of Reference Processing: no references
[8076.387s][debug][gc,ref         ] GC(491) Skipped phase 4 of Reference Processing: no references
[8076.387s][debug][gc,phases      ] GC(491) Reference Processing 0.031ms
[8076.388s][debug][gc,phases      ] GC(491) Weak Processing 0.764ms
[8076.388s][debug][gc,age         ] GC(491) Desired survivor size 6291456 bytes, new threshold 15 (max threshold 15)
[8076.388s][info ][gc,heap        ] GC(491) PSYoungGen: 2086693K(2090496K)->1488K(2091008K) Eden: 2084352K(2084352K)->0K(2084864K) From: 2341K(6144K)->1488K(6144K)
[8076.388s][info ][gc,heap        ] GC(491) ParOldGen: 479073K(507904K)->479911K(507904K)
[8076.388s][info ][gc,metaspace   ] GC(491) Metaspace: 79133K(79808K)->79133K(79808K) NonClass: 68468K(68800K)->68468K(68800K) Class: 10665K(11008K)->10665K(11008K)
[8076.388s][info ][gc             ] GC(491) Pause Young (Allocation Failure) 2505M->470M(2538M) 3.606ms
[8076.388s][info ][gc,cpu         ] GC(491) User=0.01s Sys=0.00s Real=0.00s
[8076.388s][info ][safepoint      ] Safepoint "ParallelGCFailedAllocation", Time since last: 26048747338 ns, Reaching safepoint: 87602 ns, At safepoint: 3721661 ns, Total: 3809263 ns
[8085.389s][info ][safepoint      ] Safepoint "Cleanup", Time since last: 9000643862 ns, Reaching safepoint: 56201 ns, At safepoint: 5900 ns, Total: 62101 ns
[8087.389s][info ][safepoint      ] Safepoint "Cleanup", Time since last: 2000194303 ns, Reaching safepoint: 94102 ns, At safepoint: 7800 ns, Total: 101902 ns
[8092.390s][info ][safepoint      ] Safepoint "Cleanup", Time since last: 5000382154 ns, Reaching safepoint: 62201 ns, At safepoint: 7000 ns, Total: 69201 ns
[8097.485s][info ][gc,start       ] GC(492) Pause Young (Allocation Failure)
[8097.490s][debug][gc,phases      ] GC(492) Scavenge 5.077ms
[8097.490s][debug][gc,ref         ] GC(492) Skipped phase 1 of Reference Processing: no references
[8097.490s][debug][gc,phases      ] GC(492) Reference Processing 0.059ms
[8097.491s][debug][gc,phases      ] GC(492) Weak Processing 0.544ms
[8097.491s][debug][gc,age         ] GC(492) Desired survivor size 6815744 bytes, new threshold 15 (max threshold 15)
[8097.491s][info ][gc,heap        ] GC(492) PSYoungGen: 2086352K(2091008K)->5605K(2090496K) Eden: 2084864K(2084864K)->0K(2084864K) From: 1488K(6144K)->5605K(5632K)
[8097.491s][info ][gc,heap        ] GC(492) ParOldGen: 479911K(507904K)->496351K(507904K)
[8097.491s][info ][gc,metaspace   ] GC(492) Metaspace: 79150K(79808K)->79150K(79808K) NonClass: 68484K(68800K)->68484K(68800K) Class: 10665K(11008K)->10665K(11008K)
[8097.491s][info ][gc             ] GC(492) Pause Young (Allocation Failure) 2506M->490M(2537M) 5.825ms
[8097.491s][info ][gc,cpu         ] GC(492) User=0.02s Sys=0.00s Real=0.00s
[8097.491s][info ][safepoint      ] Safepoint "ParallelGCFailedAllocation", Time since last: 5095487817 ns, Reaching safepoint: 26801 ns, At safepoint: 5913397 ns, Total: 5940198 ns
[8115.492s][info ][safepoint      ] Safepoint "Cleanup", Time since last: 18001216294 ns, Reaching safepoint: 75201 ns, At safepoint: 5800 ns, Total: 81001 ns
[8120.587s][info ][gc,start       ] GC(493) Pause Young (Allocation Failure)
[8120.590s][debug][gc,phases      ] GC(493) Scavenge 2.718ms
[8120.590s][debug][gc,ref         ] GC(493) Skipped phase 1 of Reference Processing: no references
[8120.590s][debug][gc,ref         ] GC(493) Skipped phase 3 of Reference Processing: no references
[8120.590s][debug][gc,phases      ] GC(493) Reference Processing 0.022ms
[8120.591s][debug][gc,phases      ] GC(493) Weak Processing 0.488ms
[8120.591s][debug][gc,age         ] GC(493) Desired survivor size 7340032 bytes, new threshold 15 (max threshold 15)
[8120.591s][info ][gc,heap        ] GC(493) PSYoungGen: 2090469K(2090496K)->5301K(2089472K) Eden: 2084864K(2084864K)->0K(2082816K) From: 5605K(5632K)->5301K(6656K)
[8120.591s][info ][gc,heap        ] GC(493) ParOldGen: 496351K(507904K)->496631K(507904K)
[8120.591s][info ][gc,metaspace   ] GC(493) Metaspace: 79150K(79808K)->79150K(79808K) NonClass: 68484K(68800K)->68484K(68800K) Class: 10665K(11008K)->10665K(11008K)
[8120.591s][info ][gc             ] GC(493) Pause Young (Allocation Failure) 2526M->490M(2536M) 3.377ms
[8120.591s][info ][gc,cpu         ] GC(493) User=0.01s Sys=0.00s Real=0.00s
[8120.591s][info ][safepoint      ] Safepoint "ParallelGCFailedAllocation", Time since last: 5094866699 ns, Reaching safepoint: 55201 ns, At safepoint: 3461257 ns, Total: 3516458 ns
[8123.591s][info ][safepoint      ] Safepoint "Cleanup", Time since last: 3000196446 ns, Reaching safepoint: 54601 ns, At safepoint: 9500 ns, Total: 64101 ns
[8141.035s][info ][gc,start       ] GC(494) Pause Young (Allocation Failure)
[8141.037s][debug][gc,phases      ] GC(494) Scavenge 2.322ms
[8141.037s][debug][gc,ref         ] GC(494) Skipped phase 1 of Reference Processing: no references
[8141.037s][debug][gc,ref         ] GC(494) Skipped phase 3 of Reference Processing: no references
[8141.037s][debug][gc,phases      ] GC(494) Reference Processing 0.032ms
[8141.038s][debug][gc,phases      ] GC(494) Weak Processing 0.688ms
[8141.038s][debug][gc,age         ] GC(494) Desired survivor size 7864320 bytes, new threshold 15 (max threshold 15)
[8141.038s][info ][gc,heap        ] GC(494) PSYoungGen: 2088117K(2089472K)->5317K(2088448K) Eden: 2082816K(2082816K)->0K(2082816K) From: 5301K(6656K)->5317K(5632K)
[8141.038s][info ][gc,heap        ] GC(494) ParOldGen: 496631K(507904K)->496647K(507904K)
[8141.038s][info ][gc,metaspace   ] GC(494) Metaspace: 79153K(79808K)->79153K(79808K) NonClass: 68487K(68800K)->68487K(68800K) Class: 10665K(11008K)->10665K(11008K)
[8141.038s][info ][gc             ] GC(494) Pause Young (Allocation Failure) 2524M->490M(2535M) 3.295ms
[8141.038s][info ][gc,cpu         ] GC(494) User=0.01s Sys=0.00s Real=0.01s
[8141.038s][info ][safepoint      ] Safepoint "ParallelGCFailedAllocation", Time since last: 17443492792 ns, Reaching safepoint: 63601 ns, At safepoint: 3387556 ns, Total: 3451157 ns
[8143.038s][info ][safepoint      ] Safepoint "Cleanup", Time since last: 2000116195 ns, Reaching safepoint: 112301 ns, At safepoint: 10001 ns, Total: 122302 ns
[8146.039s][info ][safepoint      ] Safepoint "Cleanup", Time since last: 3000245742 ns, Reaching safepoint: 140502 ns, At safepoint: 8101 ns, Total: 148603 ns
[8159.338s][info ][gc,start       ] GC(495) Pause Young (Allocation Failure)
[8159.340s][debug][gc,phases      ] GC(495) Scavenge 2.385ms
[8159.340s][debug][gc,ref         ] GC(495) Skipped phase 1 of Reference Processing: no references
[8159.340s][debug][gc,ref         ] GC(495) Skipped phase 3 of Reference Processing: no references
[8159.340s][debug][gc,phases      ] GC(495) Reference Processing 0.024ms
[8159.341s][debug][gc,phases      ] GC(495) Weak Processing 0.518ms
[8159.341s][debug][gc,age         ] GC(495) Desired survivor size 8388608 bytes, new threshold 15 (max threshold 15)
[8159.341s][info ][gc,heap        ] GC(495) PSYoungGen: 2088133K(2088448K)->5621K(2088448K) Eden: 2082816K(2082816K)->0K(2080768K) From: 5317K(5632K)->5621K(7680K)
[8159.341s][info ][gc,heap        ] GC(495) ParOldGen: 496647K(507904K)->496759K(507904K)
[8159.341s][info ][gc,metaspace   ] GC(495) Metaspace: 79153K(79808K)->79153K(79808K) NonClass: 68487K(68800K)->68487K(68800K) Class: 10665K(11008K)->10665K(11008K)
[8159.341s][info ][gc             ] GC(495) Pause Young (Allocation Failure) 2524M->490M(2535M) 3.062ms
[8159.341s][info ][gc,cpu         ] GC(495) User=0.01s Sys=0.00s Real=0.00s
[8159.341s][info ][safepoint      ] Safepoint "ParallelGCFailedAllocation", Time since last: 13299112513 ns, Reaching safepoint: 41401 ns, At safepoint: 3155852 ns, Total: 3197253 ns
[8179.833s][info ][gc,start       ] GC(496) Pause Young (Allocation Failure)
[8179.836s][debug][gc,phases      ] GC(496) Scavenge 2.757ms
[8179.836s][debug][gc,ref         ] GC(496) Skipped phase 1 of Reference Processing: no references
[8179.836s][debug][gc,ref         ] GC(496) Skipped phase 3 of Reference Processing: no references
[8179.836s][debug][gc,phases      ] GC(496) Reference Processing 0.034ms
[8179.837s][debug][gc,phases      ] GC(496) Weak Processing 0.708ms
[8179.837s][debug][gc,age         ] GC(496) Desired survivor size 8388608 bytes, new threshold 15 (max threshold 15)
[8179.837s][info ][gc,heap        ] GC(496) PSYoungGen: 2086389K(2088448K)->5557K(2088960K) Eden: 2080768K(2080768K)->0K(2080768K) From: 5621K(7680K)->5557K(8192K)
[8179.837s][info ][gc,heap        ] GC(496) ParOldGen: 496759K(507904K)->496783K(507904K)
[8179.837s][info ][gc,metaspace   ] GC(496) Metaspace: 79153K(79808K)->79153K(79808K) NonClass: 68487K(68800K)->68487K(68800K) Class: 10665K(11008K)->10665K(11008K)
[8179.837s][info ][gc             ] GC(496) Pause Young (Allocation Failure) 2522M->490M(2536M) 3.656ms
[8179.837s][info ][gc,cpu         ] GC(496) User=0.01s Sys=0.00s Real=0.01s
[8179.837s][info ][safepoint      ] Safepoint "ParallelGCFailedAllocation", Time since last: 20492347291 ns, Reaching safepoint: 86302 ns, At safepoint: 3765362 ns, Total: 3851664 ns
[8202.784s][info ][gc,start       ] GC(497) Pause Young (Allocation Failure)
[8202.786s][debug][gc,phases      ] GC(497) Scavenge 2.395ms
[8202.786s][debug][gc,ref         ] GC(497) Skipped phase 1 of Reference Processing: no references
[8202.786s][debug][gc,ref         ] GC(497) Skipped phase 3 of Reference Processing: no references
[8202.786s][debug][gc,phases      ] GC(497) Reference Processing 0.027ms
[8202.787s][debug][gc,phases      ] GC(497) Weak Processing 0.656ms
[8202.787s][debug][gc,age         ] GC(497) Desired survivor size 8388608 bytes, new threshold 15 (max threshold 15)
[8202.787s][info ][gc,heap        ] GC(497) PSYoungGen: 2086325K(2088960K)->4197K(2088960K) Eden: 2080768K(2080768K)->0K(2080768K) From: 5557K(8192K)->4197K(8192K)
[8202.787s][info ][gc,heap        ] GC(497) ParOldGen: 496783K(507904K)->496975K(507904K)
[8202.787s][info ][gc,metaspace   ] GC(497) Metaspace: 79153K(79808K)->79153K(79808K) NonClass: 68487K(68800K)->68487K(68800K) Class: 10665K(11008K)->10665K(11008K)
[8202.787s][info ][gc             ] GC(497) Pause Young (Allocation Failure) 2522M->489M(2536M) 3.255ms
[8202.787s][info ][gc,cpu         ] GC(497) User=0.01s Sys=0.00s Real=0.01s
[8202.787s][info ][safepoint      ] Safepoint "ParallelGCFailedAllocation", Time since last: 22946435621 ns, Reaching safepoint: 82201 ns, At safepoint: 3355556 ns, Total: 3437757 ns
[8225.877s][info ][gc,start       ] GC(498) Pause Young (Allocation Failure)
[8225.880s][debug][gc,phases      ] GC(498) Scavenge 2.757ms
[8225.880s][debug][gc,ref         ] GC(498) Skipped phase 1 of Reference Processing: no references
[8225.880s][debug][gc,ref         ] GC(498) Skipped phase 3 of Reference Processing: no references
[8225.880s][debug][gc,phases      ] GC(498) Reference Processing 0.020ms
[8225.880s][debug][gc,phases      ] GC(498) Weak Processing 0.568ms
[8225.880s][debug][gc,age         ] GC(498) Desired survivor size 8388608 bytes, new threshold 15 (max threshold 15)
[8225.880s][info ][gc,heap        ] GC(498) PSYoungGen: 2084965K(2088960K)->5061K(2088960K) Eden: 2080768K(2080768K)->0K(2080768K) From: 4197K(8192K)->5061K(8192K)
[8225.880s][info ][gc,heap        ] GC(498) ParOldGen: 496975K(507904K)->497035K(507904K)
[8225.880s][info ][gc,metaspace   ] GC(498) Metaspace: 79153K(79808K)->79153K(79808K) NonClass: 68487K(68800K)->68487K(68800K) Class: 10665K(11008K)->10665K(11008K)
[8225.880s][info ][gc             ] GC(498) Pause Young (Allocation Failure) 2521M->490M(2536M) 3.466ms
[8225.880s][info ][gc,cpu         ] GC(498) User=0.01s Sys=0.01s Real=0.00s
[8225.880s][info ][safepoint      ] Safepoint "ParallelGCFailedAllocation", Time since last: 23089658248 ns, Reaching safepoint: 100301 ns, At safepoint: 3543759 ns, Total: 3644060 ns
[8226.880s][info ][safepoint      ] Safepoint "Cleanup", Time since last: 1000085743 ns, Reaching safepoint: 51701 ns, At safepoint: 2700 ns, Total: 54401 ns
[8247.786s][info ][gc,start       ] GC(499) Pause Young (Allocation Failure)
[8247.791s][debug][gc,phases      ] GC(499) Scavenge 4.470ms
[8247.791s][debug][gc,ref         ] GC(499) Skipped phase 1 of Reference Processing: no references
[8247.791s][debug][gc,ref         ] GC(499) Skipped phase 3 of Reference Processing: no references
[8247.791s][debug][gc,phases      ] GC(499) Reference Processing 0.024ms
[8247.791s][debug][gc,phases      ] GC(499) Weak Processing 0.550ms
[8247.792s][debug][gc,age         ] GC(499) Desired survivor size 10485760 bytes, new threshold 14 (max threshold 15)
[8247.792s][info ][gc,heap        ] GC(499) PSYoungGen: 2085829K(2088960K)->8181K(2084864K) Eden: 2080768K(2080768K)->0K(2076672K) From: 5061K(8192K)->8181K(8192K)
[8247.792s][info ][gc,heap        ] GC(499) ParOldGen: 497035K(507904K)->500036K(507904K)
[8247.792s][info ][gc,metaspace   ] GC(499) Metaspace: 79153K(79808K)->79153K(79808K) NonClass: 68488K(68800K)->68488K(68800K) Class: 10665K(11008K)->10665K(11008K)
[8247.792s][info ][gc             ] GC(499) Pause Young (Allocation Failure) 2522M->496M(2532M) 5.198ms
[8247.792s][info ][gc,cpu         ] GC(499) User=0.02s Sys=0.00s Real=0.00s
[8247.792s][info ][safepoint      ] Safepoint "ParallelGCFailedAllocation", Time since last: 20905863617 ns, Reaching safepoint: 42901 ns, At safepoint: 5284087 ns, Total: 5326988 ns
[8271.034s][info ][gc,start       ] GC(500) Pause Young (Allocation Failure)
[8271.037s][debug][gc,phases      ] GC(500) Scavenge 2.806ms
[8271.037s][debug][gc,ref         ] GC(500) Skipped phase 1 of Reference Processing: no references
[8271.037s][debug][gc,ref         ] GC(500) Skipped phase 3 of Reference Processing: no references
[8271.037s][debug][gc,phases      ] GC(500) Reference Processing 0.021ms
[8271.038s][debug][gc,phases      ] GC(500) Weak Processing 0.486ms
[8271.038s][debug][gc,age         ] GC(500) Desired survivor size 11534336 bytes, new threshold 15 (max threshold 15)
[8271.038s][info ][gc,heap        ] GC(500) PSYoungGen: 2084853K(2084864K)->8453K(2085376K) Eden: 2076672K(2076672K)->0K(2076672K) From: 8181K(8192K)->8453K(8704K)
[8271.038s][info ][gc,heap        ] GC(500) ParOldGen: 500036K(507904K)->500068K(507904K)
[8271.038s][info ][gc,metaspace   ] GC(500) Metaspace: 79153K(79808K)->79153K(79808K) NonClass: 68488K(68800K)->68488K(68800K) Class: 10665K(11008K)->10665K(11008K)
[8271.038s][info ][gc             ] GC(500) Pause Young (Allocation Failure) 2524M->496M(2532M) 3.431ms
[8271.038s][info ][gc,cpu         ] GC(500) User=0.01s Sys=0.00s Real=0.01s
[8271.038s][info ][safepoint      ] Safepoint "ParallelGCFailedAllocation", Time since last: 23242673512 ns, Reaching safepoint: 74502 ns, At safepoint: 3517957 ns, Total: 3592459 ns
[8272.038s][info ][safepoint      ] Safepoint "Cleanup", Time since last: 1000078541 ns, Reaching safepoint: 42501 ns, At safepoint: 3200 ns, Total: 45701 ns
[8294.086s][info ][gc,start       ] GC(501) Pause Young (Allocation Failure)
[8294.089s][debug][gc,phases      ] GC(501) Scavenge 3.092ms
[8294.089s][debug][gc,ref         ] GC(501) Skipped phase 1 of Reference Processing: no references
[8294.089s][debug][gc,ref         ] GC(501) Skipped phase 3 of Reference Processing: no references
[8294.089s][debug][gc,phases      ] GC(501) Reference Processing 0.024ms
[8294.089s][debug][gc,phases      ] GC(501) Weak Processing 0.488ms
[8294.089s][debug][gc,age         ] GC(501) Desired survivor size 12058624 bytes, new threshold 15 (max threshold 15)
[8294.089s][info ][gc,heap        ] GC(501) PSYoungGen: 2085125K(2085376K)->8437K(2084864K) Eden: 2076672K(2076672K)->0K(2073600K) From: 8453K(8704K)->8437K(11264K)
[8294.089s][info ][gc,heap        ] GC(501) ParOldGen: 500068K(507904K)->500068K(507904K)
[8294.089s][info ][gc,metaspace   ] GC(501) Metaspace: 79153K(79808K)->79153K(79808K) NonClass: 68488K(68800K)->68488K(68800K) Class: 10665K(11008K)->10665K(11008K)
[8294.089s][info ][gc             ] GC(501) Pause Young (Allocation Failure) 2524M->496M(2532M) 3.726ms
[8294.089s][info ][gc,cpu         ] GC(501) User=0.01s Sys=0.00s Real=0.00s
[8294.089s][info ][safepoint      ] Safepoint "ParallelGCFailedAllocation", Time since last: 22047570641 ns, Reaching safepoint: 91401 ns, At safepoint: 3835663 ns, Total: 3927064 ns
[8317.286s][info ][gc,start       ] GC(502) Pause Young (Allocation Failure)
[8317.289s][debug][gc,phases      ] GC(502) Scavenge 3.107ms
[8317.289s][debug][gc,ref         ] GC(502) Skipped phase 1 of Reference Processing: no references
[8317.289s][debug][gc,ref         ] GC(502) Skipped phase 3 of Reference Processing: no references
[8317.289s][debug][gc,phases      ] GC(502) Reference Processing 0.026ms
[8317.290s][debug][gc,phases      ] GC(502) Weak Processing 0.755ms
[8317.290s][debug][gc,age         ] GC(502) Desired survivor size 12582912 bytes, new threshold 15 (max threshold 15)
[8317.290s][info ][gc,heap        ] GC(502) PSYoungGen: 2082037K(2084864K)->8405K(2082304K) Eden: 2073600K(2073600K)->0K(2073600K) From: 8437K(11264K)->8405K(8704K)
[8317.290s][info ][gc,heap        ] GC(502) ParOldGen: 500068K(507904K)->500141K(507904K)
[8317.290s][info ][gc,metaspace   ] GC(502) Metaspace: 79153K(79808K)->79153K(79808K) NonClass: 68488K(68800K)->68488K(68800K) Class: 10665K(11008K)->10665K(11008K)
[8317.290s][info ][gc             ] GC(502) Pause Young (Allocation Failure) 2521M->496M(2529M) 4.032ms
[8317.290s][info ][gc,cpu         ] GC(502) User=0.01s Sys=0.00s Real=0.00s
[8317.290s][info ][safepoint      ] Safepoint "ParallelGCFailedAllocation", Time since last: 23195952197 ns, Reaching safepoint: 71601 ns, At safepoint: 4141268 ns, Total: 4212869 ns
[8340.582s][info ][gc,start       ] GC(503) Pause Young (Allocation Failure)
[8340.585s][debug][gc,phases      ] GC(503) Scavenge 2.982ms
[8340.585s][debug][gc,ref         ] GC(503) Skipped phase 1 of Reference Processing: no references
[8340.585s][debug][gc,ref         ] GC(503) Skipped phase 3 of Reference Processing: no references
[8340.585s][debug][gc,phases      ] GC(503) Reference Processing 0.021ms
[8340.586s][debug][gc,phases      ] GC(503) Weak Processing 0.487ms
[8340.586s][debug][gc,age         ] GC(503) Desired survivor size 13107200 bytes, new threshold 15 (max threshold 15)
[8340.586s][info ][gc,heap        ] GC(503) PSYoungGen: 2082005K(2082304K)->8229K(2083840K) Eden: 2073600K(2073600K)->0K(2071552K) From: 8405K(8704K)->8229K(12288K)
[8340.586s][info ][gc,heap        ] GC(503) ParOldGen: 500141K(507904K)->500285K(507904K)
[8340.586s][info ][gc,metaspace   ] GC(503) Metaspace: 79153K(79808K)->79153K(79808K) NonClass: 68488K(68800K)->68488K(68800K) Class: 10665K(11008K)->10665K(11008K)
[8340.586s][info ][gc             ] GC(503) Pause Young (Allocation Failure) 2521M->496M(2531M) 3.624ms
[8340.586s][info ][gc,cpu         ] GC(503) User=0.01s Sys=0.00s Real=0.01s
[8340.586s][info ][safepoint      ] Safepoint "ParallelGCFailedAllocation", Time since last: 23292523261 ns, Reaching safepoint: 73501 ns, At safepoint: 3709161 ns, Total: 3782662 ns
[8365.282s][info ][gc,start       ] GC(504) Pause Young (Allocation Failure)
[8365.285s][debug][gc,phases      ] GC(504) Scavenge 2.799ms
[8365.285s][debug][gc,ref         ] GC(504) Skipped phase 1 of Reference Processing: no references
[8365.285s][debug][gc,ref         ] GC(504) Skipped phase 3 of Reference Processing: no references
[8365.285s][debug][gc,phases      ] GC(504) Reference Processing 0.020ms
[8365.286s][debug][gc,phases      ] GC(504) Weak Processing 0.537ms
[8365.286s][debug][gc,age         ] GC(504) Desired survivor size 13107200 bytes, new threshold 15 (max threshold 15)
[8365.286s][info ][gc,heap        ] GC(504) PSYoungGen: 2079781K(2083840K)->8178K(2084352K) Eden: 2071552K(2071552K)->0K(2071552K) From: 8229K(12288K)->8178K(12800K)
[8365.286s][info ][gc,heap        ] GC(504) ParOldGen: 500285K(507904K)->500309K(507904K)
[8365.286s][info ][gc,metaspace   ] GC(504) Metaspace: 79153K(79808K)->79153K(79808K) NonClass: 68488K(68800K)->68488K(68800K) Class: 10665K(11008K)->10665K(11008K)
[8365.286s][info ][gc             ] GC(504) Pause Young (Allocation Failure) 2519M->496M(2531M) 3.493ms
[8365.286s][info ][gc,cpu         ] GC(504) User=0.01s Sys=0.00s Real=0.01s
[8365.286s][info ][safepoint      ] Safepoint "ParallelGCFailedAllocation", Time since last: 24696114478 ns, Reaching safepoint: 110302 ns, At safepoint: 3596457 ns, Total: 3706759 ns
[8389.933s][info ][gc,start       ] GC(505) Pause Young (Allocation Failure)
[8389.936s][debug][gc,phases      ] GC(505) Scavenge 2.835ms
[8389.936s][debug][gc,ref         ] GC(505) Skipped phase 1 of Reference Processing: no references
[8389.936s][debug][gc,ref         ] GC(505) Skipped phase 3 of Reference Processing: no references
[8389.936s][debug][gc,phases      ] GC(505) Reference Processing 0.022ms
[8389.937s][debug][gc,phases      ] GC(505) Weak Processing 0.546ms
[8389.937s][debug][gc,age         ] GC(505) Desired survivor size 13107200 bytes, new threshold 15 (max threshold 15)
[8389.937s][info ][gc,heap        ] GC(505) PSYoungGen: 2079730K(2084352K)->8261K(2084352K) Eden: 2071552K(2071552K)->0K(2071552K) From: 8178K(12800K)->8261K(12800K)
[8389.937s][info ][gc,heap        ] GC(505) ParOldGen: 500309K(507904K)->500325K(507904K)
[8389.937s][info ][gc,metaspace   ] GC(505) Metaspace: 79153K(79808K)->79153K(79808K) NonClass: 68488K(68800K)->68488K(68800K) Class: 10665K(11008K)->10665K(11008K)
[8389.937s][info ][gc             ] GC(505) Pause Young (Allocation Failure) 2519M->496M(2531M) 3.511ms
[8389.937s][info ][gc,cpu         ] GC(505) User=0.01s Sys=0.00s Real=0.01s
[8389.937s][info ][safepoint      ] Safepoint "ParallelGCFailedAllocation", Time since last: 24647401273 ns, Reaching safepoint: 117301 ns, At safepoint: 3613658 ns, Total: 3730959 ns
[8414.270s][info ][gc,start       ] GC(506) Pause Young (Allocation Failure)
[8414.273s][debug][gc,phases      ] GC(506) Scavenge 2.684ms
[8414.273s][debug][gc,ref         ] GC(506) Skipped phase 1 of Reference Processing: no references
[8414.273s][debug][gc,ref         ] GC(506) Skipped phase 3 of Reference Processing: no references
[8414.273s][debug][gc,phases      ] GC(506) Reference Processing 0.019ms
[8414.274s][debug][gc,phases      ] GC(506) Weak Processing 0.538ms
[8414.274s][debug][gc,age         ] GC(506) Desired survivor size 13107200 bytes, new threshold 15 (max threshold 15)
[8414.274s][info ][gc,heap        ] GC(506) PSYoungGen: 2079813K(2084352K)->8197K(2084352K) Eden: 2071552K(2071552K)->0K(2071552K) From: 8261K(12800K)->8197K(12800K)
[8414.274s][info ][gc,heap        ] GC(506) ParOldGen: 500325K(507904K)->500373K(507904K)
[8414.274s][info ][gc,metaspace   ] GC(506) Metaspace: 79153K(79808K)->79153K(79808K) NonClass: 68488K(68800K)->68488K(68800K) Class: 10665K(11008K)->10665K(11008K)
[8414.274s][info ][gc             ] GC(506) Pause Young (Allocation Failure) 2519M->496M(2531M) 3.355ms
[8414.274s][info ][gc,cpu         ] GC(506) User=0.01s Sys=0.00s Real=0.00s
[8414.274s][info ][safepoint      ] Safepoint "ParallelGCFailedAllocation", Time since last: 24333266977 ns, Reaching safepoint: 50301 ns, At safepoint: 3440254 ns, Total: 3490555 ns
[8438.466s][info ][gc,start       ] GC(507) Pause Young (Allocation Failure)
[8438.470s][debug][gc,phases      ] GC(507) Scavenge 3.619ms
[8438.470s][debug][gc,ref         ] GC(507) Skipped phase 1 of Reference Processing: no references
[8438.470s][debug][gc,ref         ] GC(507) Skipped phase 3 of Reference Processing: no references
[8438.470s][debug][gc,phases      ] GC(507) Reference Processing 0.023ms
[8438.471s][debug][gc,phases      ] GC(507) Weak Processing 0.528ms
[8438.471s][debug][gc,age         ] GC(507) Desired survivor size 12582912 bytes, new threshold 15 (max threshold 15)
[8438.471s][info ][gc,heap        ] GC(507) PSYoungGen: 2079749K(2084352K)->5760K(2084864K) Eden: 2071552K(2071552K)->0K(2072064K) From: 8197K(12800K)->5760K(12800K)
[8438.471s][info ][gc,heap        ] GC(507) ParOldGen: 500373K(507904K)->502934K(507904K)
[8438.471s][info ][gc,metaspace   ] GC(507) Metaspace: 79164K(79808K)->79164K(79808K) NonClass: 68498K(68800K)->68498K(68800K) Class: 10665K(11008K)->10665K(11008K)
[8438.471s][info ][gc             ] GC(507) Pause Young (Allocation Failure) 2519M->496M(2532M) 4.316ms
[8438.471s][info ][gc,cpu         ] GC(507) User=0.00s Sys=0.01s Real=0.00s
[8438.471s][debug][gc,phases      ] GC(508) Pre Compact 0.008ms
[8438.471s][info ][gc,start       ] GC(508) Pause Full (Ergonomics)
[8438.471s][info ][gc,phases,start] GC(508) Marking Phase
[8438.584s][debug][gc,phases      ] GC(508) Par Mark 113.531ms
[8438.585s][debug][gc,phases      ] GC(508) Reference Processing 0.442ms
[8438.585s][debug][gc,phases      ] GC(508) Weak Processing 0.528ms
[8438.585s][debug][gc,phases      ] GC(508) ClassLoaderData 0.052ms
[8438.585s][debug][gc,phases      ] GC(508) Trigger cleanups 0.000ms
[8438.604s][debug][gc,phases      ] GC(508) Class Unloading 18.592ms
[8438.604s][info ][gc,phases      ] GC(508) Marking Phase 133.199ms
[8438.604s][info ][gc,phases,start] GC(508) Summary Phase
[8438.604s][info ][gc,phases      ] GC(508) Summary Phase 0.017ms
[8438.604s][info ][gc,phases,start] GC(508) Adjust Roots
[8438.618s][info ][gc,phases      ] GC(508) Adjust Roots 14.300ms
[8438.618s][info ][gc,phases,start] GC(508) Compaction Phase
[8438.704s][info ][gc,phases      ] GC(508) Compaction Phase 85.794ms
[8438.704s][info ][gc,phases,start] GC(508) Post Compact
[8438.706s][info ][gc,phases      ] GC(508) Post Compact 1.412ms
[8438.706s][info ][gc,heap        ] GC(508) PSYoungGen: 5760K(2084864K)->0K(2084352K) Eden: 0K(2072064K)->0K(2072064K) From: 5760K(12800K)->0K(12288K)
[8438.706s][info ][gc,heap        ] GC(508) ParOldGen: 502934K(507904K)->465883K(574464K)
[8438.706s][info ][gc,metaspace   ] GC(508) Metaspace: 79164K(79808K)->79164K(79808K) NonClass: 68498K(68800K)->68498K(68800K) Class: 10665K(11008K)->10665K(11008K)
[8438.706s][info ][gc             ] GC(508) Pause Full (Ergonomics) 496M->454M(2596M) 235.009ms
[8438.706s][info ][gc,cpu         ] GC(508) User=0.83s Sys=0.00s Real=0.24s
[8438.706s][info ][safepoint      ] Safepoint "ParallelGCFailedAllocation", Time since last: 24192723882 ns, Reaching safepoint: 46601 ns, At safepoint: 239497704 ns, Total: 239544305 ns
[8463.183s][info ][gc,start       ] GC(509) Pause Young (Allocation Failure)
[8463.185s][debug][gc,phases      ] GC(509) Scavenge 1.241ms
[8463.185s][debug][gc,ref         ] GC(509) Skipped phase 1 of Reference Processing: no references
[8463.185s][debug][gc,ref         ] GC(509) Skipped phase 2 of Reference Processing: no references
[8463.185s][debug][gc,ref         ] GC(509) Skipped phase 3 of Reference Processing: no references
[8463.185s][debug][gc,ref         ] GC(509) Skipped phase 4 of Reference Processing: no references
[8463.185s][debug][gc,phases      ] GC(509) Reference Processing 0.020ms
[8463.185s][debug][gc,phases      ] GC(509) Weak Processing 0.527ms
[8463.185s][debug][gc,age         ] GC(509) Desired survivor size 13107200 bytes, new threshold 15 (max threshold 15)
[8463.185s][info ][gc,heap        ] GC(509) PSYoungGen: 2072064K(2084352K)->480K(2083840K) Eden: 2072064K(2072064K)->0K(2071552K) From: 0K(12288K)->480K(12288K)
[8463.185s][info ][gc,heap        ] GC(509) ParOldGen: 465883K(574464K)->465883K(574464K)
[8463.185s][info ][gc,metaspace   ] GC(509) Metaspace: 79164K(79808K)->79164K(79808K) NonClass: 68498K(68800K)->68498K(68800K) Class: 10665K(11008K)->10665K(11008K)
[8463.185s][info ][gc             ] GC(509) Pause Young (Allocation Failure) 2478M->455M(2596M) 1.878ms
[8463.185s][info ][gc,cpu         ] GC(509) User=0.01s Sys=0.00s Real=0.01s
[8463.185s][info ][safepoint      ] Safepoint "ParallelGCFailedAllocation", Time since last: 24477252316 ns, Reaching safepoint: 85902 ns, At safepoint: 1947831 ns, Total: 2033733 ns
[8483.187s][info ][safepoint      ] Safepoint "Cleanup", Time since last: 20001524301 ns, Reaching safepoint: 122902 ns, At safepoint: 5900 ns, Total: 128802 ns
[8487.785s][info ][gc,start       ] GC(510) Pause Young (Allocation Failure)
[8487.786s][debug][gc,phases      ] GC(510) Scavenge 1.085ms
[8487.786s][debug][gc,ref         ] GC(510) Skipped phase 1 of Reference Processing: no references
[8487.786s][debug][gc,ref         ] GC(510) Skipped phase 2 of Reference Processing: no references
[8487.786s][debug][gc,ref         ] GC(510) Skipped phase 3 of Reference Processing: no references
[8487.786s][debug][gc,ref         ] GC(510) Skipped phase 4 of Reference Processing: no references
[8487.786s][debug][gc,phases      ] GC(510) Reference Processing 0.026ms
[8487.786s][debug][gc,phases      ] GC(510) Weak Processing 0.480ms
[8487.786s][debug][gc,age         ] GC(510) Desired survivor size 13631488 bytes, new threshold 15 (max threshold 15)
[8487.786s][info ][gc,heap        ] GC(510) PSYoungGen: 2072032K(2083840K)->512K(2072576K) Eden: 2071552K(2071552K)->0K(2071552K) From: 480K(12288K)->512K(1024K)
[8487.786s][info ][gc,heap        ] GC(510) ParOldGen: 465883K(574464K)->465891K(574464K)
[8487.786s][info ][gc,metaspace   ] GC(510) Metaspace: 79167K(79808K)->79167K(79808K) NonClass: 68502K(68800K)->68502K(68800K) Class: 10665K(11008K)->10665K(11008K)
[8487.786s][info ][gc             ] GC(510) Pause Young (Allocation Failure) 2478M->455M(2585M) 1.694ms
[8487.786s][info ][gc,cpu         ] GC(510) User=0.00s Sys=0.00s Real=0.00s
[8487.786s][info ][safepoint      ] Safepoint "ParallelGCFailedAllocation", Time since last: 4597670444 ns, Reaching safepoint: 37500 ns, At safepoint: 1756028 ns, Total: 1793528 ns
[8498.787s][info ][safepoint      ] Safepoint "Cleanup", Time since last: 11000783029 ns, Reaching safepoint: 120602 ns, At safepoint: 7900 ns, Total: 128502 ns
[8512.436s][info ][gc,start       ] GC(511) Pause Young (Allocation Failure)
[8512.437s][debug][gc,phases      ] GC(511) Scavenge 1.024ms
[8512.437s][debug][gc,ref         ] GC(511) Skipped phase 1 of Reference Processing: no references
[8512.437s][debug][gc,ref         ] GC(511) Skipped phase 2 of Reference Processing: no references
[8512.437s][debug][gc,ref         ] GC(511) Skipped phase 3 of Reference Processing: no references
[8512.437s][debug][gc,ref         ] GC(511) Skipped phase 4 of Reference Processing: no references
[8512.437s][debug][gc,phases      ] GC(511) Reference Processing 0.019ms
[8512.437s][debug][gc,phases      ] GC(511) Weak Processing 0.472ms
[8512.437s][debug][gc,age         ] GC(511) Desired survivor size 13631488 bytes, new threshold 15 (max threshold 15)
[8512.437s][info ][gc,heap        ] GC(511) PSYoungGen: 2072064K(2072576K)->544K(2083840K) Eden: 2071552K(2071552K)->0K(2070528K) From: 512K(1024K)->544K(13312K)
[8512.437s][info ][gc,heap        ] GC(511) ParOldGen: 465891K(574464K)->465891K(574464K)
[8512.437s][info ][gc,metaspace   ] GC(511) Metaspace: 79167K(79808K)->79167K(79808K) NonClass: 68502K(68800K)->68502K(68800K) Class: 10665K(11008K)->10665K(11008K)
[8512.437s][info ][gc             ] GC(511) Pause Young (Allocation Failure) 2478M->455M(2596M) 1.599ms
[8512.437s][info ][gc,cpu         ] GC(511) User=0.01s Sys=0.00s Real=0.01s
[8512.437s][info ][safepoint      ] Safepoint "ParallelGCFailedAllocation", Time since last: 13648242676 ns, Reaching safepoint: 54901 ns, At safepoint: 1667427 ns, Total: 1722328 ns
[8537.586s][info ][gc,start       ] GC(512) Pause Young (Allocation Failure)
[8537.587s][debug][gc,phases      ] GC(512) Scavenge 1.162ms
[8537.587s][debug][gc,ref         ] GC(512) Skipped phase 1 of Reference Processing: no references
[8537.587s][debug][gc,ref         ] GC(512) Skipped phase 2 of Reference Processing: no references
[8537.587s][debug][gc,ref         ] GC(512) Skipped phase 3 of Reference Processing: no references
[8537.587s][debug][gc,ref         ] GC(512) Skipped phase 4 of Reference Processing: no references
[8537.587s][debug][gc,phases      ] GC(512) Reference Processing 0.021ms
[8537.588s][debug][gc,phases      ] GC(512) Weak Processing 0.480ms
[8537.588s][debug][gc,age         ] GC(512) Desired survivor size 13631488 bytes, new threshold 15 (max threshold 15)
[8537.588s][info ][gc,heap        ] GC(512) PSYoungGen: 2071072K(2083840K)->512K(2083840K) Eden: 2070528K(2070528K)->0K(2070528K) From: 544K(13312K)->512K(13312K)
[8537.588s][info ][gc,heap        ] GC(512) ParOldGen: 465891K(574464K)->465891K(574464K)
[8537.588s][info ][gc,metaspace   ] GC(512) Metaspace: 79168K(79808K)->79168K(79808K) NonClass: 68502K(68800K)->68502K(68800K) Class: 10665K(11008K)->10665K(11008K)
[8537.588s][info ][gc             ] GC(512) Pause Young (Allocation Failure) 2477M->455M(2596M) 1.749ms
[8537.588s][info ][gc,cpu         ] GC(512) User=0.01s Sys=0.00s Real=0.00s
[8537.588s][info ][safepoint      ] Safepoint "ParallelGCFailedAllocation", Time since last: 25148523778 ns, Reaching safepoint: 63301 ns, At safepoint: 1817530 ns, Total: 1880831 ns
[8554.589s][info ][safepoint      ] Safepoint "Cleanup", Time since last: 17001198467 ns, Reaching safepoint: 44301 ns, At safepoint: 2500 ns, Total: 46801 ns
[8558.589s][info ][safepoint      ] Safepoint "Cleanup", Time since last: 4000344278 ns, Reaching safepoint: 50001 ns, At safepoint: 9600 ns, Total: 59601 ns
[8559.188s][info ][gc,start       ] GC(513) Pause Young (Allocation Failure)
[8559.189s][debug][gc,phases      ] GC(513) Scavenge 1.512ms
[8559.189s][debug][gc,ref         ] GC(513) Skipped phase 1 of Reference Processing: no references
[8559.189s][debug][gc,ref         ] GC(513) Skipped phase 2 of Reference Processing: no references
[8559.189s][debug][gc,ref         ] GC(513) Skipped phase 3 of Reference Processing: no references
[8559.189s][debug][gc,ref         ] GC(513) Skipped phase 4 of Reference Processing: no references
[8559.189s][debug][gc,phases      ] GC(513) Reference Processing 0.038ms
[8559.190s][debug][gc,phases      ] GC(513) Weak Processing 0.486ms
[8559.190s][debug][gc,age         ] GC(513) Desired survivor size 13107200 bytes, new threshold 15 (max threshold 15)
[8559.190s][info ][gc,heap        ] GC(513) PSYoungGen: 2071040K(2083840K)->1168K(2084352K) Eden: 2070528K(2070528K)->0K(2071040K) From: 512K(13312K)->1168K(13312K)
[8559.190s][info ][gc,heap        ] GC(513) ParOldGen: 465891K(574464K)->465891K(574464K)
[8559.190s][info ][gc,metaspace   ] GC(513) Metaspace: 79168K(79808K)->79168K(79808K) NonClass: 68502K(68800K)->68502K(68800K) Class: 10665K(11008K)->10665K(11008K)
[8559.190s][info ][gc             ] GC(513) Pause Young (Allocation Failure) 2477M->456M(2596M) 2.134ms
[8559.190s][info ][gc,cpu         ] GC(513) User=0.00s Sys=0.00s Real=0.00s
[8559.190s][info ][safepoint      ] Safepoint "ParallelGCFailedAllocation", Time since last: 598518587 ns, Reaching safepoint: 56901 ns, At safepoint: 2209836 ns, Total: 2266737 ns
[8575.191s][info ][safepoint      ] Safepoint "Cleanup", Time since last: 16001087775 ns, Reaching safepoint: 53701 ns, At safepoint: 2900 ns, Total: 56601 ns
[8578.133s][info ][gc,start       ] GC(514) Pause Young (Allocation Failure)
[8578.135s][debug][gc,phases      ] GC(514) Scavenge 1.451ms
[8578.135s][debug][gc,ref         ] GC(514) Skipped phase 1 of Reference Processing: no references
[8578.135s][debug][gc,ref         ] GC(514) Skipped phase 2 of Reference Processing: no references
[8578.135s][debug][gc,ref         ] GC(514) Skipped phase 3 of Reference Processing: no references
[8578.135s][debug][gc,phases      ] GC(514) Reference Processing 0.022ms
[8578.135s][debug][gc,phases      ] GC(514) Weak Processing 0.476ms
[8578.135s][debug][gc,age         ] GC(514) Desired survivor size 12582912 bytes, new threshold 15 (max threshold 15)
[8578.135s][info ][gc,heap        ] GC(514) PSYoungGen: 2072208K(2084352K)->1184K(2083840K) Eden: 2071040K(2071040K)->0K(2071040K) From: 1168K(13312K)->1184K(12800K)
[8578.135s][info ][gc,heap        ] GC(514) ParOldGen: 465891K(574464K)->465891K(574464K)
[8578.135s][info ][gc,metaspace   ] GC(514) Metaspace: 79173K(79808K)->79173K(79808K) NonClass: 68507K(68800K)->68507K(68800K) Class: 10666K(11008K)->10666K(11008K)
[8578.135s][info ][gc             ] GC(514) Pause Young (Allocation Failure) 2478M->456M(2596M) 2.060ms
[8578.135s][info ][gc,cpu         ] GC(514) User=0.01s Sys=0.00s Real=0.00s
[8578.135s][info ][safepoint      ] Safepoint "ParallelGCFailedAllocation", Time since last: 2941980484 ns, Reaching safepoint: 106402 ns, At safepoint: 2135735 ns, Total: 2242137 ns
[8592.137s][info ][safepoint      ] Safepoint "Cleanup", Time since last: 14001025992 ns, Reaching safepoint: 146502 ns, At safepoint: 8200 ns, Total: 154702 ns
[8593.137s][info ][safepoint      ] Safepoint "Cleanup", Time since last: 1000099513 ns, Reaching safepoint: 114402 ns, At safepoint: 6700 ns, Total: 121102 ns
[8596.788s][info ][gc,start       ] GC(515) Pause Young (Allocation Failure)
[8596.789s][debug][gc,phases      ] GC(515) Scavenge 1.726ms
[8596.789s][debug][gc,ref         ] GC(515) Skipped phase 1 of Reference Processing: no references
[8596.789s][debug][gc,ref         ] GC(515) Skipped phase 2 of Reference Processing: no references
[8596.789s][debug][gc,ref         ] GC(515) Skipped phase 3 of Reference Processing: no references
[8596.789s][debug][gc,ref         ] GC(515) Skipped phase 4 of Reference Processing: no references
[8596.790s][debug][gc,phases      ] GC(515) Reference Processing 0.020ms
[8596.790s][debug][gc,phases      ] GC(515) Weak Processing 0.493ms
[8596.790s][debug][gc,age         ] GC(515) Desired survivor size 12582912 bytes, new threshold 15 (max threshold 15)
[8596.790s][info ][gc,heap        ] GC(515) PSYoungGen: 2072224K(2083840K)->1168K(2084864K) Eden: 2071040K(2071040K)->0K(2072576K) From: 1184K(12800K)->1168K(12288K)
[8596.790s][info ][gc,heap        ] GC(515) ParOldGen: 465891K(574464K)->465891K(574464K)
[8596.790s][info ][gc,metaspace   ] GC(515) Metaspace: 79174K(79808K)->79174K(79808K) NonClass: 68508K(68800K)->68508K(68800K) Class: 10666K(11008K)->10666K(11008K)
[8596.790s][info ][gc             ] GC(515) Pause Young (Allocation Failure) 2478M->456M(2597M) 2.353ms
[8596.790s][info ][gc,cpu         ] GC(515) User=0.01s Sys=0.00s Real=0.00s
[8596.790s][info ][safepoint      ] Safepoint "ParallelGCFailedAllocation", Time since last: 3650810877 ns, Reaching safepoint: 34600 ns, At safepoint: 2417240 ns, Total: 2451840 ns
[8608.791s][info ][safepoint      ] Safepoint "Cleanup", Time since last: 12000784722 ns, Reaching safepoint: 48901 ns, At safepoint: 3600 ns, Total: 52501 ns
[8609.791s][info ][safepoint      ] Safepoint "Cleanup", Time since last: 1000120410 ns, Reaching safepoint: 59401 ns, At safepoint: 10800 ns, Total: 70201 ns
[8613.791s][info ][safepoint      ] Safepoint "Cleanup", Time since last: 4000303734 ns, Reaching safepoint: 48501 ns, At safepoint: 3900 ns, Total: 52401 ns
[8615.435s][info ][gc,start       ] GC(516) Pause Young (Allocation Failure)
[8615.436s][debug][gc,phases      ] GC(516) Scavenge 1.452ms
[8615.436s][debug][gc,ref         ] GC(516) Skipped phase 1 of Reference Processing: no references
[8615.436s][debug][gc,ref         ] GC(516) Skipped phase 2 of Reference Processing: no references
[8615.436s][debug][gc,ref         ] GC(516) Skipped phase 3 of Reference Processing: no references
[8615.436s][debug][gc,ref         ] GC(516) Skipped phase 4 of Reference Processing: no references
[8615.436s][debug][gc,phases      ] GC(516) Reference Processing 0.022ms
[8615.437s][debug][gc,phases      ] GC(516) Weak Processing 0.472ms
[8615.437s][debug][gc,age         ] GC(516) Desired survivor size 12058624 bytes, new threshold 15 (max threshold 15)
[8615.437s][info ][gc,heap        ] GC(516) PSYoungGen: 2073744K(2084864K)->1232K(2084864K) Eden: 2072576K(2072576K)->0K(2072576K) From: 1168K(12288K)->1232K(12288K)
[8615.437s][info ][gc,heap        ] GC(516) ParOldGen: 465891K(574464K)->465891K(574464K)
[8615.437s][info ][gc,metaspace   ] GC(516) Metaspace: 79178K(79808K)->79178K(79808K) NonClass: 68511K(68800K)->68511K(68800K) Class: 10666K(11008K)->10666K(11008K)
[8615.437s][info ][gc             ] GC(516) Pause Young (Allocation Failure) 2480M->456M(2597M) 2.058ms
[8615.437s][info ][gc,cpu         ] GC(516) User=0.00s Sys=0.00s Real=0.01s
[8615.437s][info ][safepoint      ] Safepoint "ParallelGCFailedAllocation", Time since last: 1643336526 ns, Reaching safepoint: 28801 ns, At safepoint: 2128235 ns, Total: 2157036 ns
[8619.437s][info ][safepoint      ] Safepoint "Cleanup", Time since last: 4000306330 ns, Reaching safepoint: 110302 ns, At safepoint: 7900 ns, Total: 118202 ns
[8626.438s][info ][safepoint      ] Safepoint "Cleanup", Time since last: 7000506346 ns, Reaching safepoint: 141302 ns, At safepoint: 11100 ns, Total: 152402 ns
[8633.137s][info ][gc,start       ] GC(517) Pause Young (Allocation Failure)
[8633.139s][debug][gc,phases      ] GC(517) Scavenge 1.458ms
[8633.139s][debug][gc,ref         ] GC(517) Skipped phase 1 of Reference Processing: no references
[8633.139s][debug][gc,ref         ] GC(517) Skipped phase 2 of Reference Processing: no references
[8633.139s][debug][gc,ref         ] GC(517) Skipped phase 3 of Reference Processing: no references
[8633.139s][debug][gc,ref         ] GC(517) Skipped phase 4 of Reference Processing: no references
[8633.139s][debug][gc,phases      ] GC(517) Reference Processing 0.023ms
[8633.139s][debug][gc,phases      ] GC(517) Weak Processing 0.497ms
[8633.139s][debug][gc,age         ] GC(517) Desired survivor size 11534336 bytes, new threshold 15 (max threshold 15)
[8633.139s][info ][gc,heap        ] GC(517) PSYoungGen: 2073808K(2084864K)->1216K(2085888K) Eden: 2072576K(2072576K)->0K(2074112K) From: 1232K(12288K)->1216K(11776K)
[8633.139s][info ][gc,heap        ] GC(517) ParOldGen: 465891K(574464K)->465891K(574464K)
[8633.139s][info ][gc,metaspace   ] GC(517) Metaspace: 79178K(79808K)->79178K(79808K) NonClass: 68511K(68800K)->68511K(68800K) Class: 10666K(11008K)->10666K(11008K)
[8633.139s][info ][gc             ] GC(517) Pause Young (Allocation Failure) 2480M->456M(2598M) 2.087ms
[8633.139s][info ][gc,cpu         ] GC(517) User=0.00s Sys=0.00s Real=0.00s
[8633.140s][info ][safepoint      ] Safepoint "ParallelGCFailedAllocation", Time since last: 6699181264 ns, Reaching safepoint: 110702 ns, At safepoint: 2191736 ns, Total: 2302438 ns
[8648.802s][info ][gc,start       ] GC(518) Pause Young (Allocation Failure)
[8648.803s][debug][gc,phases      ] GC(518) Scavenge 1.853ms
[8648.803s][debug][gc,ref         ] GC(518) Skipped phase 1 of Reference Processing: no references
[8648.803s][debug][gc,ref         ] GC(518) Skipped phase 2 of Reference Processing: no references
[8648.803s][debug][gc,ref         ] GC(518) Skipped phase 3 of Reference Processing: no references
[8648.803s][debug][gc,ref         ] GC(518) Skipped phase 4 of Reference Processing: no references
[8648.803s][debug][gc,phases      ] GC(518) Reference Processing 0.021ms
[8648.804s][debug][gc,phases      ] GC(518) Weak Processing 0.504ms
[8648.804s][debug][gc,age         ] GC(518) Desired survivor size 11010048 bytes, new threshold 15 (max threshold 15)
[8648.804s][info ][gc,heap        ] GC(518) PSYoungGen: 2075328K(2085888K)->2501K(2085376K) Eden: 2074112K(2074112K)->0K(2074112K) From: 1216K(11776K)->2501K(11264K)
[8648.804s][info ][gc,heap        ] GC(518) ParOldGen: 465891K(574464K)->465891K(574464K)
[8648.804s][info ][gc,metaspace   ] GC(518) Metaspace: 79178K(79808K)->79178K(79808K) NonClass: 68512K(68800K)->68512K(68800K) Class: 10666K(11008K)->10666K(11008K)
[8648.804s][info ][gc             ] GC(518) Pause Young (Allocation Failure) 2481M->457M(2597M) 2.500ms
[8648.804s][info ][gc,cpu         ] GC(518) User=0.01s Sys=0.00s Real=0.00s
[8648.804s][info ][safepoint      ] Safepoint "ParallelGCFailedAllocation", Time since last: 15661840553 ns, Reaching safepoint: 115002 ns, At safepoint: 2574443 ns, Total: 2689445 ns
[8664.437s][info ][gc,start       ] GC(519) Pause Young (Allocation Failure)
[8664.439s][debug][gc,phases      ] GC(519) Scavenge 1.531ms
[8664.439s][debug][gc,ref         ] GC(519) Skipped phase 1 of Reference Processing: no references
[8664.439s][debug][gc,ref         ] GC(519) Skipped phase 2 of Reference Processing: no references
[8664.439s][debug][gc,ref         ] GC(519) Skipped phase 3 of Reference Processing: no references
[8664.439s][debug][gc,ref         ] GC(519) Skipped phase 4 of Reference Processing: no references
[8664.439s][debug][gc,phases      ] GC(519) Reference Processing 0.024ms
[8664.439s][debug][gc,phases      ] GC(519) Weak Processing 0.482ms
[8664.439s][debug][gc,age         ] GC(519) Desired survivor size 10485760 bytes, new threshold 15 (max threshold 15)
[8664.439s][info ][gc,heap        ] GC(519) PSYoungGen: 2076613K(2085376K)->1152K(2086912K) Eden: 2074112K(2074112K)->0K(2076160K) From: 2501K(11264K)->1152K(10752K)
[8664.439s][info ][gc,heap        ] GC(519) ParOldGen: 465891K(574464K)->465891K(574464K)
[8664.439s][info ][gc,metaspace   ] GC(519) Metaspace: 79181K(79808K)->79181K(79808K) NonClass: 68515K(68800K)->68515K(68800K) Class: 10666K(11008K)->10666K(11008K)
[8664.439s][info ][gc             ] GC(519) Pause Young (Allocation Failure) 2482M->456M(2599M) 2.147ms
[8664.439s][info ][gc,cpu         ] GC(519) User=0.01s Sys=0.01s Real=0.00s
[8664.439s][info ][safepoint      ] Safepoint "ParallelGCFailedAllocation", Time since last: 15632786431 ns, Reaching safepoint: 72601 ns, At safepoint: 2223137 ns, Total: 2295738 ns
[8677.440s][info ][safepoint      ] Safepoint "Cleanup", Time since last: 13000960676 ns, Reaching safepoint: 37600 ns, At safepoint: 2700 ns, Total: 40300 ns
[8681.436s][info ][gc,start       ] GC(520) Pause Young (Allocation Failure)
[8681.438s][debug][gc,phases      ] GC(520) Scavenge 1.760ms
[8681.438s][debug][gc,ref         ] GC(520) Skipped phase 1 of Reference Processing: no references
[8681.438s][debug][gc,ref         ] GC(520) Skipped phase 2 of Reference Processing: no references
[8681.438s][debug][gc,ref         ] GC(520) Skipped phase 3 of Reference Processing: no references
[8681.438s][debug][gc,ref         ] GC(520) Skipped phase 4 of Reference Processing: no references
[8681.438s][debug][gc,phases      ] GC(520) Reference Processing 0.038ms
[8681.438s][debug][gc,phases      ] GC(520) Weak Processing 0.531ms
[8681.438s][debug][gc,age         ] GC(520) Desired survivor size 9961472 bytes, new threshold 15 (max threshold 15)
[8681.438s][info ][gc,heap        ] GC(520) PSYoungGen: 2077312K(2086912K)->1280K(2086400K) Eden: 2076160K(2076160K)->0K(2076160K) From: 1152K(10752K)->1280K(10240K)
[8681.438s][info ][gc,heap        ] GC(520) ParOldGen: 465891K(574464K)->465891K(574464K)
[8681.438s][info ][gc,metaspace   ] GC(520) Metaspace: 79181K(79808K)->79181K(79808K) NonClass: 68515K(68800K)->68515K(68800K) Class: 10666K(11008K)->10666K(11008K)
[8681.438s][info ][gc             ] GC(520) Pause Young (Allocation Failure) 2483M->456M(2598M) 2.443ms
[8681.438s][info ][gc,cpu         ] GC(520) User=0.01s Sys=0.00s Real=0.01s
[8681.438s][info ][safepoint      ] Safepoint "ParallelGCFailedAllocation", Time since last: 3995658611 ns, Reaching safepoint: 58701 ns, At safepoint: 2518542 ns, Total: 2577243 ns
[8696.485s][info ][gc,start       ] GC(521) Pause Young (Allocation Failure)
[8696.486s][debug][gc,phases      ] GC(521) Scavenge 1.467ms
[8696.486s][debug][gc,ref         ] GC(521) Skipped phase 1 of Reference Processing: no references
[8696.486s][debug][gc,ref         ] GC(521) Skipped phase 2 of Reference Processing: no references
[8696.486s][debug][gc,ref         ] GC(521) Skipped phase 3 of Reference Processing: no references
[8696.486s][debug][gc,ref         ] GC(521) Skipped phase 4 of Reference Processing: no references
[8696.486s][debug][gc,phases      ] GC(521) Reference Processing 0.022ms
[8696.487s][debug][gc,phases      ] GC(521) Weak Processing 0.510ms
[8696.487s][debug][gc,age         ] GC(521) Desired survivor size 9437184 bytes, new threshold 15 (max threshold 15)
[8696.487s][info ][gc,heap        ] GC(521) PSYoungGen: 2077440K(2086400K)->1296K(2087936K) Eden: 2076160K(2076160K)->0K(2078208K) From: 1280K(10240K)->1296K(9728K)
[8696.487s][info ][gc,heap        ] GC(521) ParOldGen: 465891K(574464K)->465891K(574464K)
[8696.487s][info ][gc,metaspace   ] GC(521) Metaspace: 79181K(79808K)->79181K(79808K) NonClass: 68515K(68800K)->68515K(68800K) Class: 10666K(11008K)->10666K(11008K)
[8696.487s][info ][gc             ] GC(521) Pause Young (Allocation Failure) 2483M->456M(2600M) 2.112ms
[8696.487s][info ][gc,cpu         ] GC(521) User=0.01s Sys=0.00s Real=0.00s
[8696.487s][info ][safepoint      ] Safepoint "ParallelGCFailedAllocation", Time since last: 15046078370 ns, Reaching safepoint: 29800 ns, At safepoint: 2179636 ns, Total: 2209436 ns
[8700.487s][info ][safepoint      ] Safepoint "Cleanup", Time since last: 4000285175 ns, Reaching safepoint: 113702 ns, At safepoint: 7700 ns, Total: 121402 ns
[8707.488s][info ][safepoint      ] Safepoint "Cleanup", Time since last: 7000559151 ns, Reaching safepoint: 52501 ns, At safepoint: 4800 ns, Total: 57301 ns
[8713.933s][info ][gc,start       ] GC(522) Pause Young (Allocation Failure)
[8713.935s][debug][gc,phases      ] GC(522) Scavenge 1.412ms
[8713.935s][debug][gc,ref         ] GC(522) Skipped phase 1 of Reference Processing: no references
[8713.935s][debug][gc,ref         ] GC(522) Skipped phase 2 of Reference Processing: no references
[8713.935s][debug][gc,ref         ] GC(522) Skipped phase 3 of Reference Processing: no references
[8713.935s][debug][gc,ref         ] GC(522) Skipped phase 4 of Reference Processing: no references
[8713.935s][debug][gc,phases      ] GC(522) Reference Processing 0.022ms
[8713.935s][debug][gc,phases      ] GC(522) Weak Processing 0.509ms
[8713.935s][debug][gc,age         ] GC(522) Desired survivor size 8912896 bytes, new threshold 15 (max threshold 15)
[8713.935s][info ][gc,heap        ] GC(522) PSYoungGen: 2079504K(2087936K)->944K(2087424K) Eden: 2078208K(2078208K)->0K(2078208K) From: 1296K(9728K)->944K(9216K)
[8713.935s][info ][gc,heap        ] GC(522) ParOldGen: 465891K(574464K)->465891K(574464K)
[8713.935s][info ][gc,metaspace   ] GC(522) Metaspace: 79185K(79808K)->79185K(79808K) NonClass: 68518K(68800K)->68518K(68800K) Class: 10666K(11008K)->10666K(11008K)
[8713.935s][info ][gc             ] GC(522) Pause Young (Allocation Failure) 2485M->455M(2599M) 2.072ms
[8713.935s][info ][gc,cpu         ] GC(522) User=0.01s Sys=0.00s Real=0.00s
[8713.935s][info ][safepoint      ] Safepoint "ParallelGCFailedAllocation", Time since last: 6445269686 ns, Reaching safepoint: 118602 ns, At safepoint: 2150436 ns, Total: 2269038 ns
[8722.936s][info ][safepoint      ] Safepoint "Cleanup", Time since last: 9000655715 ns, Reaching safepoint: 124902 ns, At safepoint: 10101 ns, Total: 135003 ns
[8738.433s][info ][gc,start       ] GC(523) Pause Young (Allocation Failure)
[8738.435s][debug][gc,phases      ] GC(523) Scavenge 1.405ms
[8738.435s][debug][gc,ref         ] GC(523) Skipped phase 1 of Reference Processing: no references
[8738.435s][debug][gc,ref         ] GC(523) Skipped phase 3 of Reference Processing: no references
[8738.435s][debug][gc,phases      ] GC(523) Reference Processing 0.019ms
[8738.435s][debug][gc,phases      ] GC(523) Weak Processing 0.474ms
[8738.435s][debug][gc,age         ] GC(523) Desired survivor size 8912896 bytes, new threshold 15 (max threshold 15)
[8738.435s][info ][gc,heap        ] GC(523) PSYoungGen: 2079152K(2087424K)->976K(2088448K) Eden: 2078208K(2078208K)->0K(2079744K) From: 944K(9216K)->976K(8704K)
[8738.435s][info ][gc,heap        ] GC(523) ParOldGen: 465891K(574464K)->465891K(574464K)
[8738.435s][info ][gc,metaspace   ] GC(523) Metaspace: 79190K(79808K)->79190K(79808K) NonClass: 68524K(68800K)->68524K(68800K) Class: 10666K(11008K)->10666K(11008K)
[8738.435s][info ][gc             ] GC(523) Pause Young (Allocation Failure) 2485M->455M(2600M) 2.015ms
[8738.435s][info ][gc,cpu         ] GC(523) User=0.00s Sys=0.00s Real=0.00s
[8738.435s][info ][safepoint      ] Safepoint "ParallelGCFailedAllocation", Time since last: 15496996108 ns, Reaching safepoint: 97201 ns, At safepoint: 2093935 ns, Total: 2191136 ns
[8763.784s][info ][gc,start       ] GC(524) Pause Young (Allocation Failure)
[8763.785s][debug][gc,phases      ] GC(524) Scavenge 1.436ms
[8763.785s][debug][gc,ref         ] GC(524) Skipped phase 1 of Reference Processing: no references
[8763.785s][debug][gc,ref         ] GC(524) Skipped phase 3 of Reference Processing: no references
[8763.785s][debug][gc,phases      ] GC(524) Reference Processing 0.019ms
[8763.786s][debug][gc,phases      ] GC(524) Weak Processing 0.478ms
[8763.786s][debug][gc,age         ] GC(524) Desired survivor size 8388608 bytes, new threshold 15 (max threshold 15)
[8763.786s][info ][gc,heap        ] GC(524) PSYoungGen: 2080720K(2088448K)->1024K(2088448K) Eden: 2079744K(2079744K)->0K(2079744K) From: 976K(8704K)->1024K(8704K)
[8763.786s][info ][gc,heap        ] GC(524) ParOldGen: 465891K(574464K)->465923K(574464K)
[8763.786s][info ][gc,metaspace   ] GC(524) Metaspace: 79190K(79808K)->79190K(79808K) NonClass: 68524K(68800K)->68524K(68800K) Class: 10666K(11008K)->10666K(11008K)
[8763.786s][info ][gc             ] GC(524) Pause Young (Allocation Failure) 2486M->456M(2600M) 2.035ms
[8763.786s][info ][gc,cpu         ] GC(524) User=0.00s Sys=0.00s Real=0.01s
[8763.786s][info ][safepoint      ] Safepoint "ParallelGCFailedAllocation", Time since last: 25348452760 ns, Reaching safepoint: 63801 ns, At safepoint: 2108835 ns, Total: 2172636 ns
[8764.786s][info ][safepoint      ] Safepoint "Cleanup", Time since last: 1000079684 ns, Reaching safepoint: 112102 ns, At safepoint: 15900 ns, Total: 128002 ns
[8765.786s][info ][safepoint      ] Safepoint "Cleanup", Time since last: 1000106885 ns, Reaching safepoint: 51901 ns, At safepoint: 6200 ns, Total: 58101 ns
[8788.035s][info ][gc,start       ] GC(525) Pause Young (Allocation Failure)
[8788.038s][debug][gc,phases      ] GC(525) Scavenge 3.239ms
[8788.038s][debug][gc,ref         ] GC(525) Skipped phase 1 of Reference Processing: no references
[8788.038s][debug][gc,ref         ] GC(525) Skipped phase 3 of Reference Processing: no references
[8788.038s][debug][gc,phases      ] GC(525) Reference Processing 0.022ms
[8788.039s][debug][gc,phases      ] GC(525) Weak Processing 0.509ms
[8788.039s][debug][gc,age         ] GC(525) Desired survivor size 9961472 bytes, new threshold 15 (max threshold 15)
[8788.039s][info ][gc,heap        ] GC(525) PSYoungGen: 2080768K(2088448K)->7856K(2085888K) Eden: 2079744K(2079744K)->0K(2077696K) From: 1024K(8704K)->7856K(8192K)
[8788.039s][info ][gc,heap        ] GC(525) ParOldGen: 465923K(574464K)->465955K(574464K)
[8788.039s][info ][gc,metaspace   ] GC(525) Metaspace: 79191K(79808K)->79191K(79808K) NonClass: 68525K(68800K)->68525K(68800K) Class: 10666K(11008K)->10666K(11008K)
[8788.039s][info ][gc             ] GC(525) Pause Young (Allocation Failure) 2487M->462M(2598M) 3.922ms
[8788.039s][info ][gc,cpu         ] GC(525) User=0.01s Sys=0.00s Real=0.01s
[8788.039s][info ][safepoint      ] Safepoint "ParallelGCFailedAllocation", Time since last: 22248869485 ns, Reaching safepoint: 30100 ns, At safepoint: 3997266 ns, Total: 4027366 ns
[8811.041s][info ][safepoint      ] Safepoint "Cleanup", Time since last: 23001651223 ns, Reaching safepoint: 87002 ns, At safepoint: 9600 ns, Total: 96602 ns
[8812.041s][info ][safepoint      ] Safepoint "Cleanup", Time since last: 1000106478 ns, Reaching safepoint: 58701 ns, At safepoint: 5800 ns, Total: 64501 ns
[8812.087s][info ][gc,start       ] GC(526) Pause Young (Allocation Failure)
[8812.090s][debug][gc,phases      ] GC(526) Scavenge 3.104ms
[8812.091s][debug][gc,ref         ] GC(526) Skipped phase 1 of Reference Processing: no references
[8812.091s][debug][gc,ref         ] GC(526) Skipped phase 3 of Reference Processing: no references
[8812.091s][debug][gc,phases      ] GC(526) Reference Processing 0.022ms
[8812.091s][debug][gc,phases      ] GC(526) Weak Processing 0.508ms
[8812.091s][debug][gc,age         ] GC(526) Desired survivor size 11534336 bytes, new threshold 15 (max threshold 15)
[8812.091s][info ][gc,heap        ] GC(526) PSYoungGen: 2085552K(2085888K)->8112K(2085888K) Eden: 2077696K(2077696K)->0K(2077696K) From: 7856K(8192K)->8112K(8192K)
[8812.091s][info ][gc,heap        ] GC(526) ParOldGen: 465955K(574464K)->466027K(574464K)
[8812.091s][info ][gc,metaspace   ] GC(526) Metaspace: 79203K(79872K)->79203K(79872K) NonClass: 68536K(68864K)->68536K(68864K) Class: 10666K(11008K)->10666K(11008K)
[8812.091s][info ][gc             ] GC(526) Pause Young (Allocation Failure) 2491M->463M(2598M) 3.765ms
[8812.091s][info ][gc,cpu         ] GC(526) User=0.01s Sys=0.00s Real=0.00s
[8812.091s][info ][safepoint      ] Safepoint "ParallelGCFailedAllocation", Time since last: 46226062 ns, Reaching safepoint: 34601 ns, At safepoint: 3839563 ns, Total: 3874164 ns
[8813.091s][info ][safepoint      ] Safepoint "Cleanup", Time since last: 1000089378 ns, Reaching safepoint: 125702 ns, At safepoint: 5700 ns, Total: 131402 ns
[8819.092s][info ][safepoint      ] Safepoint "Cleanup", Time since last: 6000509564 ns, Reaching safepoint: 56701 ns, At safepoint: 8300 ns, Total: 65001 ns
[8825.092s][info ][safepoint      ] Safepoint "Cleanup", Time since last: 6000442159 ns, Reaching safepoint: 55001 ns, At safepoint: 2900 ns, Total: 57901 ns
[8826.093s][info ][safepoint      ] Safepoint "Cleanup", Time since last: 1000124077 ns, Reaching safepoint: 54501 ns, At safepoint: 3200 ns, Total: 57701 ns
[8828.093s][info ][safepoint      ] Safepoint "Cleanup", Time since last: 2000180552 ns, Reaching safepoint: 54301 ns, At safepoint: 5700 ns, Total: 60001 ns
[8829.093s][info ][safepoint      ] Safepoint "Cleanup", Time since last: 1000120476 ns, Reaching safepoint: 55701 ns, At safepoint: 7500 ns, Total: 63201 ns
[8829.683s][info ][gc,start       ] GC(527) Pause Young (Allocation Failure)
[8829.686s][debug][gc,phases      ] GC(527) Scavenge 2.880ms
[8829.686s][debug][gc,ref         ] GC(527) Skipped phase 1 of Reference Processing: no references
[8829.686s][debug][gc,ref         ] GC(527) Skipped phase 2 of Reference Processing: no references
[8829.686s][debug][gc,ref         ] GC(527) Skipped phase 3 of Reference Processing: no references
[8829.686s][debug][gc,ref         ] GC(527) Skipped phase 4 of Reference Processing: no references
[8829.686s][debug][gc,phases      ] GC(527) Reference Processing 0.041ms
[8829.687s][debug][gc,phases      ] GC(527) Weak Processing 0.489ms
[8829.687s][debug][gc,age         ] GC(527) Desired survivor size 12058624 bytes, new threshold 15 (max threshold 15)
[8829.687s][info ][gc,heap        ] GC(527) PSYoungGen: 2085808K(2085888K)->7616K(2084864K) Eden: 2077696K(2077696K)->0K(2073600K) From: 8112K(8192K)->7616K(11264K)
[8829.687s][info ][gc,heap        ] GC(527) ParOldGen: 466027K(574464K)->466059K(574464K)
[8829.687s][info ][gc,metaspace   ] GC(527) Metaspace: 79220K(79872K)->79220K(79872K) NonClass: 68554K(68864K)->68554K(68864K) Class: 10666K(11008K)->10666K(11008K)
[8829.687s][info ][gc             ] GC(527) Pause Young (Allocation Failure) 2492M->462M(2597M) 3.543ms
[8829.687s][info ][gc,cpu         ] GC(527) User=0.01s Sys=0.00s Real=0.01s
[8829.687s][info ][safepoint      ] Safepoint "ParallelGCFailedAllocation", Time since last: 590065721 ns, Reaching safepoint: 119202 ns, At safepoint: 3626160 ns, Total: 3745362 ns
[8830.687s][info ][safepoint      ] Safepoint "Cleanup", Time since last: 1000086376 ns, Reaching safepoint: 117902 ns, At safepoint: 6200 ns, Total: 124102 ns
[8840.688s][info ][safepoint      ] Safepoint "Cleanup", Time since last: 10000716447 ns, Reaching safepoint: 75402 ns, At safepoint: 2800 ns, Total: 78202 ns
[8852.115s][info ][gc,start       ] GC(528) Pause Young (Allocation Failure)
[8852.117s][debug][gc,phases      ] GC(528) Scavenge 2.602ms
[8852.117s][debug][gc,ref         ] GC(528) Skipped phase 1 of Reference Processing: no references
[8852.117s][debug][gc,ref         ] GC(528) Skipped phase 2 of Reference Processing: no references
[8852.117s][debug][gc,ref         ] GC(528) Skipped phase 3 of Reference Processing: no references
[8852.117s][debug][gc,ref         ] GC(528) Skipped phase 4 of Reference Processing: no references
[8852.117s][debug][gc,phases      ] GC(528) Reference Processing 0.023ms
[8852.118s][debug][gc,phases      ] GC(528) Weak Processing 0.551ms
[8852.118s][debug][gc,age         ] GC(528) Desired survivor size 13107200 bytes, new threshold 15 (max threshold 15)
[8852.118s][info ][gc,heap        ] GC(528) PSYoungGen: 2081216K(2084864K)->7712K(2081792K) Eden: 2073600K(2073600K)->0K(2073600K) From: 7616K(11264K)->7712K(8192K)
[8852.118s][info ][gc,heap        ] GC(528) ParOldGen: 466059K(574464K)->466139K(574464K)
[8852.118s][info ][gc,metaspace   ] GC(528) Metaspace: 79221K(79872K)->79221K(79872K) NonClass: 68554K(68864K)->68554K(68864K) Class: 10666K(11008K)->10666K(11008K)
[8852.118s][info ][gc             ] GC(528) Pause Young (Allocation Failure) 2487M->462M(2594M) 3.319ms
[8852.118s][info ][gc,cpu         ] GC(528) User=0.01s Sys=0.00s Real=0.01s
[8852.118s][info ][safepoint      ] Safepoint "ParallelGCFailedAllocation", Time since last: 11426775025 ns, Reaching safepoint: 51501 ns, At safepoint: 3405256 ns, Total: 3456757 ns
[8852.751s][info ][gc,heap,exit   ] Heap
[8852.751s][info ][gc,heap,exit   ]  PSYoungGen      total 2081792K, used 177557K [0x0000000780000000, 0x0000000800000000, 0x0000000800000000)
[8852.751s][info ][gc,heap,exit   ]   eden space 2073600K, 8% used [0x0000000780000000,0x000000078a5dd450,0x00000007fe900000)
[8852.751s][info ][gc,heap,exit   ]   from space 8192K, 94% used [0x00000007fe900000,0x00000007ff0880a8,0x00000007ff100000)
[8852.751s][info ][gc,heap,exit   ]   to   space 12800K, 0% used [0x00000007ff380000,0x00000007ff380000,0x0000000800000000)
[8852.751s][info ][gc,heap,exit   ]  ParOldGen       total 574464K, used 466139K [0x0000000740000000, 0x0000000763100000, 0x0000000780000000)
[8852.751s][info ][gc,heap,exit   ]   object space 574464K, 81% used [0x0000000740000000,0x000000075c736dc8,0x0000000763100000)
[8852.751s][info ][gc,heap,exit   ]  Metaspace       used 79261K, committed 79872K, reserved 1122304K
[8852.751s][info ][gc,heap,exit   ]   class space    used 10672K, committed 11008K, reserved 1048576K
