[0.003s][info][gc] Using Parallel
[0.004s][info][gc,init] Version: 17.0.2+8-LTS (release)
[0.004s][info][gc,init] CPUs: 8 total, 8 available
[0.004s][info][gc,init] Memory: 32112M
[0.004s][info][gc,init] Large Page Support: Disabled
[0.004s][info][gc,init] NUMA Support: Disabled
[0.004s][info][gc,init] Compressed Oops: Enabled (Zero based)
[0.004s][info][gc,init] Alignments: Space 512K, Generation 512K, Heap 2M
[0.004s][info][gc,init] Heap Min Capacity: 2054M
[0.004s][info][gc,init] Heap Initial Capacity: 2054M
[0.004s][info][gc,init] Heap Max Capacity: 3G
[0.004s][info][gc,init] Pre-touch: Disabled
[0.004s][info][gc,init] Parallel Workers: 4
[0.004s][info][gc,metaspace] CDS archive(s) not mapped
[0.004s][info][gc,metaspace] Compressed class space mapped at: 0x0000000800000000-0x0000000840000000, reserved size: 1073741824
[0.004s][info][gc,metaspace] Narrow klass base: 0x0000000800000000, Narrow klass shift: 0, Narrow klass range: 0x40000000
[0.744s][info][safepoint   ] Safepoint "ICBufferFull", Time since last: 722654596 ns, Reaching safepoint: 157604 ns, At safepoint: 2700 ns, Total: 160304 ns
[1.030s][info][safepoint   ] Safepoint "ICBufferFull", Time since last: 286274569 ns, Reaching safepoint: 221606 ns, At safepoint: 7500 ns, Total: 229106 ns
[1.215s][info][gc,start    ] GC(0) Pause Young (Metadata GC Threshold)
[1.227s][debug][gc,phases   ] GC(0) Scavenge 11.296ms
[1.227s][debug][gc,ref      ] GC(0) Skipped phase 1 of Reference Processing: no references
[1.227s][debug][gc,ref      ] GC(0) ReferenceProcessor::execute queues: 1, RefProcThreadModel::Single, marks_oops_alive: false
[1.228s][debug][gc,ref      ] GC(0) Skipped phase 3 of Reference Processing: no references
[1.228s][debug][gc,ref      ] GC(0) ReferenceProcessor::execute queues: 1, RefProcThreadModel::Single, marks_oops_alive: false
[1.228s][debug][gc,phases   ] GC(0) Reference Processing 0.234ms
[1.228s][debug][gc,phases   ] GC(0)   VM Weak                        Min:  0.0, Avg:  0.0, Max:  0.0, Diff:  0.0, Sum:  0.0, Workers: 4
[1.228s][debug][gc,phases   ] GC(0)     Dead                           Min: 0, Avg:  0.0, Max: 0, Diff: 0, Sum: 0, Workers: 4
[1.228s][debug][gc,phases   ] GC(0)     Total                          Min: 0, Avg: 31.8, Max: 64, Diff: 64, Sum: 127, Workers: 4
[1.228s][debug][gc,phases   ] GC(0)   ObjectSynchronizer Weak        Min:  0.0, Avg:  0.0, Max:  0.0, Diff:  0.0, Sum:  0.0, Workers: 4
[1.228s][debug][gc,phases   ] GC(0)     Dead                           Min: 0, Avg:  0.2, Max: 1, Diff: 1, Sum: 1, Workers: 4
[1.228s][debug][gc,phases   ] GC(0)     Total                          Min: 0, Avg:  2.2, Max: 9, Diff: 9, Sum: 9, Workers: 4
[1.228s][debug][gc,phases   ] GC(0)   JVMTI Tag Weak OopStorage      Min:  0.0, Avg:  0.0, Max:  0.0, Diff:  0.0, Sum:  0.0, Workers: 4
[1.228s][debug][gc,phases   ] GC(0)     Dead                           Min: 0, Avg:  0.0, Max: 0, Diff: 0, Sum: 0, Workers: 4
[1.228s][debug][gc,phases   ] GC(0)     Total                          Min: 0, Avg:  0.0, Max: 0, Diff: 0, Sum: 0, Workers: 4
[1.228s][debug][gc,phases   ] GC(0)   StringTable Weak               Min:  0.1, Avg:  0.1, Max:  0.1, Diff:  0.0, Sum:  0.5, Workers: 4
[1.228s][debug][gc,phases   ] GC(0)     Dead                           Min: 2, Avg:  7.5, Max: 13, Diff: 11, Sum: 30, Workers: 4
[1.228s][debug][gc,phases   ] GC(0)     Total                          Min: 1984, Avg: 2867.0, Max: 3904, Diff: 1920, Sum: 11468, Workers: 4
[1.228s][debug][gc,phases   ] GC(0)   ResolvedMethodTable Weak       Min:  0.0, Avg:  0.0, Max:  0.0, Diff:  0.0, Sum:  0.0, Workers: 4
[1.228s][debug][gc,phases   ] GC(0)     Dead                           Min: 2, Avg:  7.0, Max: 14, Diff: 12, Sum: 28, Workers: 4
[1.228s][debug][gc,phases   ] GC(0)     Total                          Min: 64, Avg: 157.8, Max: 192, Diff: 128, Sum: 631, Workers: 4
[1.228s][debug][gc,phases   ] GC(0)   JNI Weak                       Min:  0.0, Avg:  0.0, Max:  0.0, Diff:  0.0, Sum:  0.0, Workers: 4
[1.228s][debug][gc,phases   ] GC(0)     Dead                           Min: 0, Avg:  0.0, Max: 0, Diff: 0, Sum: 0, Workers: 4
[1.228s][debug][gc,phases   ] GC(0)     Total                          Min: 0, Avg:  0.0, Max: 0, Diff: 0, Sum: 0, Workers: 4
[1.228s][debug][gc,phases   ] GC(0)   StringDedup Table Weak         Min:  0.0, Avg:  0.0, Max:  0.0, Diff:  0.0, Sum:  0.0, Workers: 4
[1.228s][debug][gc,phases   ] GC(0)     Dead                           Min: 0, Avg:  0.0, Max: 0, Diff: 0, Sum: 0, Workers: 4
[1.228s][debug][gc,phases   ] GC(0)     Total                          Min: 0, Avg:  0.0, Max: 0, Diff: 0, Sum: 0, Workers: 4
[1.228s][debug][gc,phases   ] GC(0)   StringDedup Requests0 Weak     Min:  0.0, Avg:  0.0, Max:  0.0, Diff:  0.0, Sum:  0.0, Workers: 4
[1.228s][debug][gc,phases   ] GC(0)     Dead                           Min: 0, Avg:  0.0, Max: 0, Diff: 0, Sum: 0, Workers: 4
[1.228s][debug][gc,phases   ] GC(0)     Total                          Min: 0, Avg:  0.0, Max: 0, Diff: 0, Sum: 0, Workers: 4
[1.228s][debug][gc,phases   ] GC(0)   StringDedup Requests1 Weak     Min:  0.0, Avg:  0.0, Max:  0.0, Diff:  0.0, Sum:  0.0, Workers: 4
[1.228s][debug][gc,phases   ] GC(0)     Dead                           Min: 0, Avg:  0.0, Max: 0, Diff: 0, Sum: 0, Workers: 4
[1.228s][debug][gc,phases   ] GC(0)     Total                          Min: 0, Avg:  0.0, Max: 0, Diff: 0, Sum: 0, Workers: 4
[1.228s][debug][gc,phases   ] GC(0)   Weak JFR Old Object Samples    Min:  0.0, Avg:  0.0, Max:  0.0, Diff:  0.0, Sum:  0.0, Workers: 4
[1.228s][debug][gc,phases   ] GC(0)     Dead                           Min: 0, Avg:  0.0, Max: 0, Diff: 0, Sum: 0, Workers: 4
[1.228s][debug][gc,phases   ] GC(0)     Total                          Min: 0, Avg:  0.0, Max: 0, Diff: 0, Sum: 0, Workers: 4
[1.228s][debug][gc,phases   ] GC(0) Weak Processing 0.334ms
[1.228s][debug][gc,age      ] GC(0) Desired survivor size 536870912 bytes, new threshold 7 (max threshold 15)
[1.228s][info ][gc,heap     ] GC(0) PSYoungGen: 316473K(1572864K)->16948K(1572864K) Eden: 316473K(1048576K)->0K(1048576K) From: 0K(524288K)->16948K(524288K)
[1.228s][info ][gc,heap     ] GC(0) ParOldGen: 0K(6144K)->88K(6144K)
[1.228s][info ][gc,metaspace] GC(0) Metaspace: 21295K(21504K)->21295K(21504K) NonClass: 18804K(18880K)->18804K(18880K) Class: 2491K(2624K)->2491K(2624K)
[1.228s][info ][gc          ] GC(0) Pause Young (Metadata GC Threshold) 309M->16M(1542M) 12.689ms
[1.228s][info ][gc,cpu      ] GC(0) User=0.04s Sys=0.01s Real=0.01s
[1.228s][debug][gc,phases   ] GC(1) Pre Compact 0.011ms
[1.228s][info ][gc,start    ] GC(1) Pause Full (Metadata GC Threshold)
[1.228s][info ][gc,phases,start] GC(1) Marking Phase
[1.234s][debug][gc,phases      ] GC(1) Par Mark 5.647ms
[1.234s][debug][gc,ref         ] GC(1) Skipped phase 1 of Reference Processing: no references
[1.234s][debug][gc,ref         ] GC(1) ReferenceProcessor::execute queues: 1, RefProcThreadModel::Single, marks_oops_alive: false
[1.234s][debug][gc,ref         ] GC(1) Skipped phase 3 of Reference Processing: no references
[1.234s][debug][gc,ref         ] GC(1) ReferenceProcessor::execute queues: 1, RefProcThreadModel::Single, marks_oops_alive: false
[1.234s][debug][gc,phases      ] GC(1) Reference Processing 0.062ms
[1.234s][debug][gc,phases      ] GC(1)   VM Weak                        Min:  0.0, Avg:  0.0, Max:  0.0, Diff:  0.0, Sum:  0.0, Workers: 4
[1.234s][debug][gc,phases      ] GC(1)     Dead                           Min: 0, Avg:  0.0, Max: 0, Diff: 0, Sum: 0, Workers: 4
[1.234s][debug][gc,phases      ] GC(1)     Total                          Min: 0, Avg: 31.8, Max: 127, Diff: 127, Sum: 127, Workers: 4
[1.234s][debug][gc,phases      ] GC(1)   ObjectSynchronizer Weak        Min:  0.0, Avg:  0.0, Max:  0.0, Diff:  0.0, Sum:  0.0, Workers: 4
[1.234s][debug][gc,phases      ] GC(1)     Dead                           Min: 0, Avg:  0.0, Max: 0, Diff: 0, Sum: 0, Workers: 4
[1.234s][debug][gc,phases      ] GC(1)     Total                          Min: 0, Avg:  2.2, Max: 9, Diff: 9, Sum: 9, Workers: 4
[1.234s][debug][gc,phases      ] GC(1)   JVMTI Tag Weak OopStorage      Min:  0.0, Avg:  0.0, Max:  0.0, Diff:  0.0, Sum:  0.0, Workers: 4
[1.234s][debug][gc,phases      ] GC(1)     Dead                           Min: 0, Avg:  0.0, Max: 0, Diff: 0, Sum: 0, Workers: 4
[1.234s][debug][gc,phases      ] GC(1)     Total                          Min: 0, Avg:  0.0, Max: 0, Diff: 0, Sum: 0, Workers: 4
[1.234s][debug][gc,phases      ] GC(1)   StringTable Weak               Min:  0.0, Avg:  0.0, Max:  0.0, Diff:  0.0, Sum:  0.2, Workers: 4
[1.234s][debug][gc,phases      ] GC(1)     Dead                           Min: 0, Avg:  0.0, Max: 0, Diff: 0, Sum: 0, Workers: 4
[1.234s][debug][gc,phases      ] GC(1)     Total                          Min: 2688, Avg: 2867.0, Max: 3084, Diff: 396, Sum: 11468, Workers: 4
[1.234s][debug][gc,phases      ] GC(1)   ResolvedMethodTable Weak       Min:  0.0, Avg:  0.0, Max:  0.0, Diff:  0.0, Sum:  0.0, Workers: 4
[1.234s][debug][gc,phases      ] GC(1)     Dead                           Min: 0, Avg:  0.0, Max: 0, Diff: 0, Sum: 0, Workers: 4
[1.234s][debug][gc,phases      ] GC(1)     Total                          Min: 128, Avg: 157.8, Max: 192, Diff: 64, Sum: 631, Workers: 4
[1.234s][debug][gc,phases      ] GC(1)   JNI Weak                       Min:  0.0, Avg:  0.0, Max:  0.0, Diff:  0.0, Sum:  0.0, Workers: 4
[1.234s][debug][gc,phases      ] GC(1)     Dead                           Min: 0, Avg:  0.0, Max: 0, Diff: 0, Sum: 0, Workers: 4
[1.234s][debug][gc,phases      ] GC(1)     Total                          Min: 0, Avg:  0.0, Max: 0, Diff: 0, Sum: 0, Workers: 4
[1.234s][debug][gc,phases      ] GC(1)   StringDedup Table Weak         Min:  0.0, Avg:  0.0, Max:  0.0, Diff:  0.0, Sum:  0.0, Workers: 4
[1.234s][debug][gc,phases      ] GC(1)     Dead                           Min: 0, Avg:  0.0, Max: 0, Diff: 0, Sum: 0, Workers: 4
[1.234s][debug][gc,phases      ] GC(1)     Total                          Min: 0, Avg:  0.0, Max: 0, Diff: 0, Sum: 0, Workers: 4
[1.234s][debug][gc,phases      ] GC(1)   StringDedup Requests0 Weak     Min:  0.0, Avg:  0.0, Max:  0.0, Diff:  0.0, Sum:  0.0, Workers: 4
[1.234s][debug][gc,phases      ] GC(1)     Dead                           Min: 0, Avg:  0.0, Max: 0, Diff: 0, Sum: 0, Workers: 4
[1.234s][debug][gc,phases      ] GC(1)     Total                          Min: 0, Avg:  0.0, Max: 0, Diff: 0, Sum: 0, Workers: 4
[1.234s][debug][gc,phases      ] GC(1)   StringDedup Requests1 Weak     Min:  0.0, Avg:  0.0, Max:  0.0, Diff:  0.0, Sum:  0.0, Workers: 4
[1.234s][debug][gc,phases      ] GC(1)     Dead                           Min: 0, Avg:  0.0, Max: 0, Diff: 0, Sum: 0, Workers: 4
[1.234s][debug][gc,phases      ] GC(1)     Total                          Min: 0, Avg:  0.0, Max: 0, Diff: 0, Sum: 0, Workers: 4
[1.234s][debug][gc,phases      ] GC(1)   Weak JFR Old Object Samples    Min:  0.0, Avg:  0.0, Max:  0.0, Diff:  0.0, Sum:  0.0, Workers: 4
[1.234s][debug][gc,phases      ] GC(1)     Dead                           Min: 0, Avg:  0.0, Max: 0, Diff: 0, Sum: 0, Workers: 4
[1.234s][debug][gc,phases      ] GC(1)     Total                          Min: 0, Avg:  0.0, Max: 0, Diff: 0, Sum: 0, Workers: 4
[1.234s][debug][gc,phases      ] GC(1) Weak Processing 0.220ms
[1.234s][debug][gc,phases      ] GC(1) ClassLoaderData 0.019ms
[1.234s][debug][gc,phases      ] GC(1) Trigger cleanups 0.000ms
[1.236s][debug][gc,phases      ] GC(1) Class Unloading 2.199ms
[1.236s][info ][gc,phases      ] GC(1) Marking Phase 8.227ms
[1.236s][info ][gc,phases,start] GC(1) Summary Phase
[1.236s][info ][gc,phases      ] GC(1) Summary Phase 0.005ms
[1.236s][info ][gc,phases,start] GC(1) Adjust Roots
[1.239s][info ][gc,phases      ] GC(1) Adjust Roots 3.132ms
[1.239s][info ][gc,phases,start] GC(1) Compaction Phase
[1.249s][info ][gc,phases      ] GC(1) Compaction Phase 9.826ms
[1.249s][info ][gc,phases,start] GC(1) Post Compact
[1.250s][info ][gc,phases      ] GC(1) Post Compact 0.528ms
[1.250s][info ][gc,heap        ] GC(1) PSYoungGen: 16948K(1572864K)->11224K(1572864K) Eden: 0K(1048576K)->0K(1048576K) From: 16948K(524288K)->11224K(524288K)
[1.250s][info ][gc,heap        ] GC(1) ParOldGen: 88K(6144K)->5678K(6144K)
[1.250s][info ][gc,metaspace   ] GC(1) Metaspace: 21295K(21504K)->21295K(21504K) NonClass: 18804K(18880K)->18804K(18880K) Class: 2491K(2624K)->2491K(2624K)
[1.250s][info ][gc             ] GC(1) Pause Full (Metadata GC Threshold) 16M->16M(1542M) 21.863ms
[1.250s][info ][gc,cpu         ] GC(1) User=0.09s Sys=0.00s Real=0.02s
[1.250s][info ][safepoint      ] Safepoint "CollectForMetadataAllocation", Time since last: 184695525 ns, Reaching safepoint: 125103 ns, At safepoint: 34671868 ns, Total: 34796971 ns
[1.655s][info ][safepoint      ] Safepoint "ICBufferFull", Time since last: 405243247 ns, Reaching safepoint: 109403 ns, At safepoint: 7800 ns, Total: 117203 ns
[1.671s][info ][safepoint      ] Safepoint "ICBufferFull", Time since last: 15562490 ns, Reaching safepoint: 32400 ns, At safepoint: 6201 ns, Total: 38601 ns
[1.678s][info ][safepoint      ] Safepoint "ICBufferFull", Time since last: 6853571 ns, Reaching safepoint: 44801 ns, At safepoint: 4600 ns, Total: 49401 ns
[1.688s][info ][safepoint      ] Safepoint "ICBufferFull", Time since last: 10156055 ns, Reaching safepoint: 137903 ns, At safepoint: 5400 ns, Total: 143303 ns
[1.691s][info ][safepoint      ] Safepoint "ICBufferFull", Time since last: 3170780 ns, Reaching safepoint: 121003 ns, At safepoint: 5900 ns, Total: 126903 ns
[1.694s][info ][safepoint      ] Safepoint "ICBufferFull", Time since last: 2919673 ns, Reaching safepoint: 53101 ns, At safepoint: 1500 ns, Total: 54601 ns
[1.697s][info ][safepoint      ] Safepoint "ICBufferFull", Time since last: 2776070 ns, Reaching safepoint: 39501 ns, At safepoint: 3500 ns, Total: 43001 ns
[1.701s][info ][safepoint      ] Safepoint "ICBufferFull", Time since last: 3640591 ns, Reaching safepoint: 45101 ns, At safepoint: 4500 ns, Total: 49601 ns
[1.703s][info ][safepoint      ] Safepoint "ICBufferFull", Time since last: 2440261 ns, Reaching safepoint: 95603 ns, At safepoint: 8000 ns, Total: 103603 ns
[1.710s][info ][safepoint      ] Safepoint "ICBufferFull", Time since last: 6082252 ns, Reaching safepoint: 48902 ns, At safepoint: 1800 ns, Total: 50702 ns
[1.711s][info ][safepoint      ] Safepoint "ICBufferFull", Time since last: 1408835 ns, Reaching safepoint: 36101 ns, At safepoint: 4400 ns, Total: 40501 ns
[1.712s][info ][safepoint      ] Safepoint "ICBufferFull", Time since last: 514613 ns, Reaching safepoint: 24900 ns, At safepoint: 1000 ns, Total: 25900 ns
[1.780s][info ][safepoint      ] Safepoint "ICBufferFull", Time since last: 68181508 ns, Reaching safepoint: 92202 ns, At safepoint: 5000 ns, Total: 97202 ns
[1.781s][info ][safepoint      ] Safepoint "ICBufferFull", Time since last: 1186830 ns, Reaching safepoint: 41001 ns, At safepoint: 1400 ns, Total: 42401 ns
[1.782s][info ][safepoint      ] Safepoint "ICBufferFull", Time since last: 1327133 ns, Reaching safepoint: 27901 ns, At safepoint: 1000 ns, Total: 28901 ns
[1.784s][info ][safepoint      ] Safepoint "ICBufferFull", Time since last: 1354634 ns, Reaching safepoint: 36501 ns, At safepoint: 5400 ns, Total: 41901 ns
[1.785s][info ][safepoint      ] Safepoint "ICBufferFull", Time since last: 904522 ns, Reaching safepoint: 20201 ns, At safepoint: 6500 ns, Total: 26701 ns
[1.786s][info ][safepoint      ] Safepoint "ICBufferFull", Time since last: 1353734 ns, Reaching safepoint: 36901 ns, At safepoint: 4700 ns, Total: 41601 ns
[1.787s][info ][safepoint      ] Safepoint "ICBufferFull", Time since last: 836321 ns, Reaching safepoint: 33801 ns, At safepoint: 4100 ns, Total: 37901 ns
[1.788s][info ][safepoint      ] Safepoint "ICBufferFull", Time since last: 1197230 ns, Reaching safepoint: 33101 ns, At safepoint: 1200 ns, Total: 34301 ns
[1.789s][info ][safepoint      ] Safepoint "ICBufferFull", Time since last: 854521 ns, Reaching safepoint: 34801 ns, At safepoint: 1000 ns, Total: 35801 ns
[1.790s][info ][safepoint      ] Safepoint "ICBufferFull", Time since last: 1120528 ns, Reaching safepoint: 22801 ns, At safepoint: 1000 ns, Total: 23801 ns
[1.791s][info ][safepoint      ] Safepoint "ICBufferFull", Time since last: 817020 ns, Reaching safepoint: 24301 ns, At safepoint: 1000 ns, Total: 25301 ns
[1.793s][info ][safepoint      ] Safepoint "ICBufferFull", Time since last: 1489337 ns, Reaching safepoint: 33501 ns, At safepoint: 1200 ns, Total: 34701 ns
[1.793s][info ][safepoint      ] Safepoint "ICBufferFull", Time since last: 497212 ns, Reaching safepoint: 27101 ns, At safepoint: 600 ns, Total: 27701 ns
[1.795s][info ][safepoint      ] Safepoint "ICBufferFull", Time since last: 1511338 ns, Reaching safepoint: 30201 ns, At safepoint: 1200 ns, Total: 31401 ns
[1.797s][info ][safepoint      ] Safepoint "ICBufferFull", Time since last: 2137353 ns, Reaching safepoint: 28101 ns, At safepoint: 1000 ns, Total: 29101 ns
[1.798s][info ][safepoint      ] Safepoint "ICBufferFull", Time since last: 1508338 ns, Reaching safepoint: 43401 ns, At safepoint: 2400 ns, Total: 45801 ns
[1.805s][info ][safepoint      ] Safepoint "ICBufferFull", Time since last: 6933574 ns, Reaching safepoint: 46001 ns, At safepoint: 1200 ns, Total: 47201 ns
[1.829s][info ][safepoint      ] Safepoint "ICBufferFull", Time since last: 23067677 ns, Reaching safepoint: 54302 ns, At safepoint: 1800 ns, Total: 56102 ns
[1.833s][info ][safepoint      ] Safepoint "ICBufferFull", Time since last: 4872022 ns, Reaching safepoint: 43001 ns, At safepoint: 7100 ns, Total: 50101 ns
[1.883s][info ][safepoint      ] Safepoint "ICBufferFull", Time since last: 49727745 ns, Reaching safepoint: 97303 ns, At safepoint: 6600 ns, Total: 103903 ns
[1.884s][info ][safepoint      ] Safepoint "ICBufferFull", Time since last: 633216 ns, Reaching safepoint: 17000 ns, At safepoint: 1300 ns, Total: 18300 ns
[1.889s][info ][safepoint      ] Safepoint "ICBufferFull", Time since last: 4913423 ns, Reaching safepoint: 44201 ns, At safepoint: 4700 ns, Total: 48901 ns
[1.898s][info ][safepoint      ] Safepoint "ICBufferFull", Time since last: 8586415 ns, Reaching safepoint: 41901 ns, At safepoint: 4500 ns, Total: 46401 ns
[1.930s][info ][safepoint      ] Safepoint "ICBufferFull", Time since last: 32378911 ns, Reaching safepoint: 72702 ns, At safepoint: 2900 ns, Total: 75602 ns
[1.932s][info ][safepoint      ] Safepoint "ICBufferFull", Time since last: 2178855 ns, Reaching safepoint: 36601 ns, At safepoint: 7700 ns, Total: 44301 ns
[1.935s][info ][safepoint      ] Safepoint "ICBufferFull", Time since last: 2449761 ns, Reaching safepoint: 44801 ns, At safepoint: 1700 ns, Total: 46501 ns
[1.936s][info ][safepoint      ] Safepoint "ICBufferFull", Time since last: 1071827 ns, Reaching safepoint: 103203 ns, At safepoint: 7300 ns, Total: 110503 ns
[1.938s][info ][safepoint      ] Safepoint "ICBufferFull", Time since last: 1839046 ns, Reaching safepoint: 18900 ns, At safepoint: 1500 ns, Total: 20400 ns
[1.940s][info ][safepoint      ] Safepoint "ICBufferFull", Time since last: 1793745 ns, Reaching safepoint: 20701 ns, At safepoint: 5300 ns, Total: 26001 ns
[1.940s][info ][safepoint      ] Safepoint "ICBufferFull", Time since last: 824321 ns, Reaching safepoint: 23300 ns, At safepoint: 1600 ns, Total: 24900 ns
[1.941s][info ][safepoint      ] Safepoint "ICBufferFull", Time since last: 501013 ns, Reaching safepoint: 17100 ns, At safepoint: 1400 ns, Total: 18500 ns
[1.942s][info ][safepoint      ] Safepoint "ICBufferFull", Time since last: 918623 ns, Reaching safepoint: 20001 ns, At safepoint: 1800 ns, Total: 21801 ns
[1.944s][info ][safepoint      ] Safepoint "ICBufferFull", Time since last: 1930048 ns, Reaching safepoint: 23001 ns, At safepoint: 1500 ns, Total: 24501 ns
[1.945s][info ][safepoint      ] Safepoint "ICBufferFull", Time since last: 1015425 ns, Reaching safepoint: 20201 ns, At safepoint: 1800 ns, Total: 22001 ns
[1.946s][info ][safepoint      ] Safepoint "ICBufferFull", Time since last: 828120 ns, Reaching safepoint: 18101 ns, At safepoint: 10300 ns, Total: 28401 ns
[1.947s][info ][safepoint      ] Safepoint "ICBufferFull", Time since last: 1019526 ns, Reaching safepoint: 25800 ns, At safepoint: 1300 ns, Total: 27100 ns
[1.949s][info ][safepoint      ] Safepoint "ICBufferFull", Time since last: 1892648 ns, Reaching safepoint: 21600 ns, At safepoint: 1600 ns, Total: 23200 ns
[1.950s][info ][safepoint      ] Safepoint "ICBufferFull", Time since last: 1568540 ns, Reaching safepoint: 20300 ns, At safepoint: 6800 ns, Total: 27100 ns
[1.951s][info ][safepoint      ] Safepoint "ICBufferFull", Time since last: 906223 ns, Reaching safepoint: 31101 ns, At safepoint: 1800 ns, Total: 32901 ns
[1.953s][info ][safepoint      ] Safepoint "ICBufferFull", Time since last: 1429936 ns, Reaching safepoint: 21000 ns, At safepoint: 1600 ns, Total: 22600 ns
[1.955s][info ][safepoint      ] Safepoint "ICBufferFull", Time since last: 1935049 ns, Reaching safepoint: 31700 ns, At safepoint: 1400 ns, Total: 33100 ns
[1.957s][info ][safepoint      ] Safepoint "ICBufferFull", Time since last: 2087953 ns, Reaching safepoint: 19600 ns, At safepoint: 1400 ns, Total: 21000 ns
[1.961s][info ][safepoint      ] Safepoint "ICBufferFull", Time since last: 4208006 ns, Reaching safepoint: 50601 ns, At safepoint: 2000 ns, Total: 52601 ns
[1.966s][info ][safepoint      ] Safepoint "ICBufferFull", Time since last: 4519613 ns, Reaching safepoint: 49101 ns, At safepoint: 2100 ns, Total: 51201 ns
[1.968s][info ][safepoint      ] Safepoint "ICBufferFull", Time since last: 2893773 ns, Reaching safepoint: 34201 ns, At safepoint: 2200 ns, Total: 36401 ns
[1.970s][info ][safepoint      ] Safepoint "ICBufferFull", Time since last: 1780144 ns, Reaching safepoint: 38001 ns, At safepoint: 2400 ns, Total: 40401 ns
[1.971s][info ][safepoint      ] Safepoint "ICBufferFull", Time since last: 536314 ns, Reaching safepoint: 24900 ns, At safepoint: 1200 ns, Total: 26100 ns
[1.973s][info ][safepoint      ] Safepoint "ICBufferFull", Time since last: 1715543 ns, Reaching safepoint: 39001 ns, At safepoint: 3200 ns, Total: 42201 ns
[1.975s][info ][safepoint      ] Safepoint "ICBufferFull", Time since last: 2533564 ns, Reaching safepoint: 26000 ns, At safepoint: 1801 ns, Total: 27801 ns
[1.977s][info ][safepoint      ] Safepoint "ICBufferFull", Time since last: 2233455 ns, Reaching safepoint: 21801 ns, At safepoint: 1400 ns, Total: 23201 ns
[1.980s][info ][safepoint      ] Safepoint "ICBufferFull", Time since last: 2281357 ns, Reaching safepoint: 35501 ns, At safepoint: 1500 ns, Total: 37001 ns
[1.983s][info ][safepoint      ] Safepoint "ICBufferFull", Time since last: 3356084 ns, Reaching safepoint: 31201 ns, At safepoint: 1600 ns, Total: 32801 ns
[1.985s][info ][safepoint      ] Safepoint "ICBufferFull", Time since last: 1566739 ns, Reaching safepoint: 35101 ns, At safepoint: 1500 ns, Total: 36601 ns
[1.986s][info ][safepoint      ] Safepoint "ICBufferFull", Time since last: 1431836 ns, Reaching safepoint: 18900 ns, At safepoint: 1100 ns, Total: 20000 ns
[1.988s][info ][safepoint      ] Safepoint "ICBufferFull", Time since last: 1701243 ns, Reaching safepoint: 85102 ns, At safepoint: 5700 ns, Total: 90802 ns
[1.990s][info ][safepoint      ] Safepoint "ICBufferFull", Time since last: 1903148 ns, Reaching safepoint: 35301 ns, At safepoint: 1500 ns, Total: 36801 ns
[1.992s][info ][safepoint      ] Safepoint "ICBufferFull", Time since last: 2211055 ns, Reaching safepoint: 40501 ns, At safepoint: 2600 ns, Total: 43101 ns
[1.994s][info ][safepoint      ] Safepoint "ICBufferFull", Time since last: 1690643 ns, Reaching safepoint: 35701 ns, At safepoint: 1800 ns, Total: 37501 ns
[1.996s][info ][safepoint      ] Safepoint "ICBufferFull", Time since last: 2296257 ns, Reaching safepoint: 38001 ns, At safepoint: 1500 ns, Total: 39501 ns
[2.005s][info ][safepoint      ] Safepoint "ICBufferFull", Time since last: 8597215 ns, Reaching safepoint: 49202 ns, At safepoint: 1900 ns, Total: 51102 ns
[2.006s][info ][safepoint      ] Safepoint "ICBufferFull", Time since last: 992624 ns, Reaching safepoint: 31201 ns, At safepoint: 1100 ns, Total: 32301 ns
[2.007s][info ][safepoint      ] Safepoint "ICBufferFull", Time since last: 1512838 ns, Reaching safepoint: 27401 ns, At safepoint: 1400 ns, Total: 28801 ns
[2.008s][info ][safepoint      ] Safepoint "ICBufferFull", Time since last: 480812 ns, Reaching safepoint: 30201 ns, At safepoint: 2000 ns, Total: 32201 ns
[2.010s][info ][safepoint      ] Safepoint "ICBufferFull", Time since last: 1714943 ns, Reaching safepoint: 31300 ns, At safepoint: 1600 ns, Total: 32900 ns
[2.012s][info ][safepoint      ] Safepoint "ICBufferFull", Time since last: 2548564 ns, Reaching safepoint: 33001 ns, At safepoint: 1500 ns, Total: 34501 ns
[2.018s][info ][safepoint      ] Safepoint "ICBufferFull", Time since last: 5968250 ns, Reaching safepoint: 27800 ns, At safepoint: 1500 ns, Total: 29300 ns
[2.024s][info ][safepoint      ] Safepoint "ICBufferFull", Time since last: 5380035 ns, Reaching safepoint: 51001 ns, At safepoint: 2400 ns, Total: 53401 ns
[2.025s][info ][safepoint      ] Safepoint "ICBufferFull", Time since last: 1564139 ns, Reaching safepoint: 40501 ns, At safepoint: 3201 ns, Total: 43702 ns
[2.026s][info ][safepoint      ] Safepoint "ICBufferFull", Time since last: 503112 ns, Reaching safepoint: 20001 ns, At safepoint: 1500 ns, Total: 21501 ns
[2.029s][info ][safepoint      ] Safepoint "ICBufferFull", Time since last: 3432886 ns, Reaching safepoint: 31400 ns, At safepoint: 2800 ns, Total: 34200 ns
[2.030s][info ][safepoint      ] Safepoint "ICBufferFull", Time since last: 920224 ns, Reaching safepoint: 19900 ns, At safepoint: 2400 ns, Total: 22300 ns
[2.033s][info ][safepoint      ] Safepoint "ICBufferFull", Time since last: 2979875 ns, Reaching safepoint: 35601 ns, At safepoint: 7400 ns, Total: 43001 ns
[2.034s][info ][safepoint      ] Safepoint "ICBufferFull", Time since last: 586914 ns, Reaching safepoint: 18201 ns, At safepoint: 1200 ns, Total: 19401 ns
[2.036s][info ][safepoint      ] Safepoint "ICBufferFull", Time since last: 1994450 ns, Reaching safepoint: 40901 ns, At safepoint: 2300 ns, Total: 43201 ns
[2.038s][info ][safepoint      ] Safepoint "ICBufferFull", Time since last: 1840346 ns, Reaching safepoint: 21101 ns, At safepoint: 1600 ns, Total: 22701 ns
[2.038s][info ][safepoint      ] Safepoint "ICBufferFull", Time since last: 489412 ns, Reaching safepoint: 15500 ns, At safepoint: 1000 ns, Total: 16500 ns
[2.042s][info ][safepoint      ] Safepoint "ICBufferFull", Time since last: 3871597 ns, Reaching safepoint: 28301 ns, At safepoint: 3000 ns, Total: 31301 ns
[2.058s][info ][safepoint      ] Safepoint "ICBufferFull", Time since last: 15600191 ns, Reaching safepoint: 50301 ns, At safepoint: 2100 ns, Total: 52401 ns
[2.058s][info ][safepoint      ] Safepoint "ICBufferFull", Time since last: 524213 ns, Reaching safepoint: 17500 ns, At safepoint: 1100 ns, Total: 18600 ns
[2.074s][info ][safepoint      ] Safepoint "ICBufferFull", Time since last: 15949600 ns, Reaching safepoint: 28801 ns, At safepoint: 6500 ns, Total: 35301 ns
[2.076s][info ][safepoint      ] Safepoint "ICBufferFull", Time since last: 1451036 ns, Reaching safepoint: 45301 ns, At safepoint: 7100 ns, Total: 52401 ns
[2.077s][info ][safepoint      ] Safepoint "ICBufferFull", Time since last: 785720 ns, Reaching safepoint: 22501 ns, At safepoint: 6100 ns, Total: 28601 ns
[2.078s][info ][safepoint      ] Safepoint "ICBufferFull", Time since last: 773419 ns, Reaching safepoint: 33201 ns, At safepoint: 2100 ns, Total: 35301 ns
[2.079s][info ][safepoint      ] Safepoint "ICBufferFull", Time since last: 1769344 ns, Reaching safepoint: 18801 ns, At safepoint: 1500 ns, Total: 20301 ns
[2.081s][info ][safepoint      ] Safepoint "ICBufferFull", Time since last: 1902147 ns, Reaching safepoint: 102903 ns, At safepoint: 5700 ns, Total: 108603 ns
[2.082s][info ][safepoint      ] Safepoint "ICBufferFull", Time since last: 878622 ns, Reaching safepoint: 18101 ns, At safepoint: 1300 ns, Total: 19401 ns
[2.083s][info ][safepoint      ] Safepoint "ICBufferFull", Time since last: 1010725 ns, Reaching safepoint: 89402 ns, At safepoint: 5600 ns, Total: 95002 ns
[2.086s][info ][safepoint      ] Safepoint "ICBufferFull", Time since last: 2432561 ns, Reaching safepoint: 21301 ns, At safepoint: 1300 ns, Total: 22601 ns
[2.087s][info ][safepoint      ] Safepoint "ICBufferFull", Time since last: 1404835 ns, Reaching safepoint: 19200 ns, At safepoint: 1600 ns, Total: 20800 ns
[2.088s][info ][safepoint      ] Safepoint "ICBufferFull", Time since last: 1249532 ns, Reaching safepoint: 18700 ns, At safepoint: 1300 ns, Total: 20000 ns
[2.090s][info ][safepoint      ] Safepoint "ICBufferFull", Time since last: 997925 ns, Reaching safepoint: 18301 ns, At safepoint: 6500 ns, Total: 24801 ns
[2.093s][info ][safepoint      ] Safepoint "ICBufferFull", Time since last: 3645091 ns, Reaching safepoint: 20401 ns, At safepoint: 1600 ns, Total: 22001 ns
[2.094s][info ][safepoint      ] Safepoint "ICBufferFull", Time since last: 892022 ns, Reaching safepoint: 18100 ns, At safepoint: 1500 ns, Total: 19600 ns
[2.096s][info ][safepoint      ] Safepoint "ICBufferFull", Time since last: 1521439 ns, Reaching safepoint: 18100 ns, At safepoint: 1400 ns, Total: 19500 ns
[2.096s][info ][safepoint      ] Safepoint "ICBufferFull", Time since last: 485212 ns, Reaching safepoint: 16401 ns, At safepoint: 1200 ns, Total: 17601 ns
[2.098s][info ][safepoint      ] Safepoint "ICBufferFull", Time since last: 1518038 ns, Reaching safepoint: 18500 ns, At safepoint: 1400 ns, Total: 19900 ns
[2.099s][info ][safepoint      ] Safepoint "ICBufferFull", Time since last: 1294733 ns, Reaching safepoint: 18100 ns, At safepoint: 1600 ns, Total: 19700 ns
[2.100s][info ][safepoint      ] Safepoint "ICBufferFull", Time since last: 1242231 ns, Reaching safepoint: 17501 ns, At safepoint: 1600 ns, Total: 19101 ns
[2.101s][info ][safepoint      ] Safepoint "ICBufferFull", Time since last: 1216730 ns, Reaching safepoint: 17501 ns, At safepoint: 1400 ns, Total: 18901 ns
[2.103s][info ][safepoint      ] Safepoint "ICBufferFull", Time since last: 1223930 ns, Reaching safepoint: 18101 ns, At safepoint: 1300 ns, Total: 19401 ns
[2.104s][info ][safepoint      ] Safepoint "ICBufferFull", Time since last: 1227430 ns, Reaching safepoint: 18601 ns, At safepoint: 1200 ns, Total: 19801 ns
[2.105s][info ][safepoint      ] Safepoint "ICBufferFull", Time since last: 1236531 ns, Reaching safepoint: 17600 ns, At safepoint: 5000 ns, Total: 22600 ns
[2.107s][info ][safepoint      ] Safepoint "ICBufferFull", Time since last: 1211431 ns, Reaching safepoint: 89202 ns, At safepoint: 6800 ns, Total: 96002 ns
[2.108s][info ][safepoint      ] Safepoint "ICBufferFull", Time since last: 1272932 ns, Reaching safepoint: 92802 ns, At safepoint: 9101 ns, Total: 101903 ns
[2.109s][info ][safepoint      ] Safepoint "ICBufferFull", Time since last: 1226430 ns, Reaching safepoint: 31601 ns, At safepoint: 5600 ns, Total: 37201 ns
[2.111s][info ][safepoint      ] Safepoint "ICBufferFull", Time since last: 1895948 ns, Reaching safepoint: 24900 ns, At safepoint: 6500 ns, Total: 31400 ns
[2.112s][info ][safepoint      ] Safepoint "ICBufferFull", Time since last: 1215531 ns, Reaching safepoint: 96302 ns, At safepoint: 4000 ns, Total: 100302 ns
[2.114s][info ][safepoint      ] Safepoint "ICBufferFull", Time since last: 1307933 ns, Reaching safepoint: 28601 ns, At safepoint: 1200 ns, Total: 29801 ns
[2.115s][info ][safepoint      ] Safepoint "ICBufferFull", Time since last: 1170429 ns, Reaching safepoint: 27201 ns, At safepoint: 1100 ns, Total: 28301 ns
[2.116s][info ][safepoint      ] Safepoint "ICBufferFull", Time since last: 1191330 ns, Reaching safepoint: 94402 ns, At safepoint: 4300 ns, Total: 98702 ns
[2.117s][info ][safepoint      ] Safepoint "ICBufferFull", Time since last: 1187130 ns, Reaching safepoint: 16500 ns, At safepoint: 1100 ns, Total: 17600 ns
[2.118s][info ][safepoint      ] Safepoint "ICBufferFull", Time since last: 480712 ns, Reaching safepoint: 12601 ns, At safepoint: 1200 ns, Total: 13801 ns
[2.120s][info ][safepoint      ] Safepoint "ICBufferFull", Time since last: 1853746 ns, Reaching safepoint: 40101 ns, At safepoint: 1500 ns, Total: 41601 ns
[2.122s][info ][safepoint      ] Safepoint "ICBufferFull", Time since last: 2440961 ns, Reaching safepoint: 37501 ns, At safepoint: 1900 ns, Total: 39401 ns
[2.123s][info ][safepoint      ] Safepoint "ICBufferFull", Time since last: 1105528 ns, Reaching safepoint: 23001 ns, At safepoint: 18300 ns, Total: 41301 ns
[2.125s][info ][safepoint      ] Safepoint "ICBufferFull", Time since last: 1434236 ns, Reaching safepoint: 31901 ns, At safepoint: 4100 ns, Total: 36001 ns
[2.126s][info ][safepoint      ] Safepoint "ICBufferFull", Time since last: 1449036 ns, Reaching safepoint: 36601 ns, At safepoint: 4200 ns, Total: 40801 ns
[2.128s][info ][safepoint      ] Safepoint "ICBufferFull", Time since last: 1417336 ns, Reaching safepoint: 30000 ns, At safepoint: 4101 ns, Total: 34101 ns
[2.128s][info ][safepoint      ] Safepoint "ICBufferFull", Time since last: 482812 ns, Reaching safepoint: 14900 ns, At safepoint: 900 ns, Total: 15800 ns
[2.130s][info ][safepoint      ] Safepoint "ICBufferFull", Time since last: 1643741 ns, Reaching safepoint: 18801 ns, At safepoint: 1100 ns, Total: 19901 ns
[2.132s][info ][safepoint      ] Safepoint "ICBufferFull", Time since last: 1432135 ns, Reaching safepoint: 39901 ns, At safepoint: 5701 ns, Total: 45602 ns
[2.133s][info ][safepoint      ] Safepoint "ICBufferFull", Time since last: 1256131 ns, Reaching safepoint: 18001 ns, At safepoint: 1500 ns, Total: 19501 ns
[2.134s][info ][safepoint      ] Safepoint "ICBufferFull", Time since last: 868021 ns, Reaching safepoint: 32201 ns, At safepoint: 2200 ns, Total: 34401 ns
[2.135s][info ][safepoint      ] Safepoint "ICBufferFull", Time since last: 1002125 ns, Reaching safepoint: 92103 ns, At safepoint: 5500 ns, Total: 97603 ns
[2.136s][info ][safepoint      ] Safepoint "ICBufferFull", Time since last: 1029325 ns, Reaching safepoint: 17801 ns, At safepoint: 5400 ns, Total: 23201 ns
[2.137s][info ][safepoint      ] Safepoint "ICBufferFull", Time since last: 1022426 ns, Reaching safepoint: 16700 ns, At safepoint: 1400 ns, Total: 18100 ns
[2.138s][info ][safepoint      ] Safepoint "ICBufferFull", Time since last: 1016726 ns, Reaching safepoint: 29600 ns, At safepoint: 1300 ns, Total: 30900 ns
[2.139s][info ][safepoint      ] Safepoint "ICBufferFull", Time since last: 1189130 ns, Reaching safepoint: 17001 ns, At safepoint: 1500 ns, Total: 18501 ns
[2.140s][info ][safepoint      ] Safepoint "ICBufferFull", Time since last: 700017 ns, Reaching safepoint: 17401 ns, At safepoint: 1400 ns, Total: 18801 ns
[2.141s][info ][safepoint      ] Safepoint "ICBufferFull", Time since last: 645316 ns, Reaching safepoint: 16700 ns, At safepoint: 5000 ns, Total: 21700 ns
[2.141s][info ][safepoint      ] Safepoint "ICBufferFull", Time since last: 694518 ns, Reaching safepoint: 87802 ns, At safepoint: 5200 ns, Total: 93002 ns
[2.142s][info ][safepoint      ] Safepoint "ICBufferFull", Time since last: 647916 ns, Reaching safepoint: 17101 ns, At safepoint: 1400 ns, Total: 18501 ns
[2.143s][info ][safepoint      ] Safepoint "ICBufferFull", Time since last: 687617 ns, Reaching safepoint: 16300 ns, At safepoint: 1600 ns, Total: 17900 ns
[2.143s][info ][safepoint      ] Safepoint "ICBufferFull", Time since last: 479612 ns, Reaching safepoint: 15101 ns, At safepoint: 1000 ns, Total: 16101 ns
[2.145s][info ][safepoint      ] Safepoint "ICBufferFull", Time since last: 1657441 ns, Reaching safepoint: 17701 ns, At safepoint: 1500 ns, Total: 19201 ns
[2.146s][info ][safepoint      ] Safepoint "ICBufferFull", Time since last: 633116 ns, Reaching safepoint: 16400 ns, At safepoint: 1400 ns, Total: 17800 ns
[2.146s][info ][safepoint      ] Safepoint "ICBufferFull", Time since last: 688617 ns, Reaching safepoint: 18101 ns, At safepoint: 1600 ns, Total: 19701 ns
[2.147s][info ][safepoint      ] Safepoint "ICBufferFull", Time since last: 630616 ns, Reaching safepoint: 15900 ns, At safepoint: 1200 ns, Total: 17100 ns
[2.148s][info ][safepoint      ] Safepoint "ICBufferFull", Time since last: 646316 ns, Reaching safepoint: 16001 ns, At safepoint: 1200 ns, Total: 17201 ns
[2.148s][info ][safepoint      ] Safepoint "ICBufferFull", Time since last: 663516 ns, Reaching safepoint: 16901 ns, At safepoint: 1300 ns, Total: 18201 ns
[2.149s][info ][safepoint      ] Safepoint "ICBufferFull", Time since last: 606515 ns, Reaching safepoint: 16000 ns, At safepoint: 1200 ns, Total: 17200 ns
[2.149s][info ][safepoint      ] Safepoint "ICBufferFull", Time since last: 609316 ns, Reaching safepoint: 16100 ns, At safepoint: 1300 ns, Total: 17400 ns
[2.150s][info ][safepoint      ] Safepoint "ICBufferFull", Time since last: 637816 ns, Reaching safepoint: 16300 ns, At safepoint: 1300 ns, Total: 17600 ns
[2.151s][info ][safepoint      ] Safepoint "ICBufferFull", Time since last: 652417 ns, Reaching safepoint: 16400 ns, At safepoint: 1300 ns, Total: 17700 ns
[2.152s][info ][safepoint      ] Safepoint "ICBufferFull", Time since last: 819821 ns, Reaching safepoint: 23800 ns, At safepoint: 1200 ns, Total: 25000 ns
[2.153s][info ][safepoint      ] Safepoint "ICBufferFull", Time since last: 1073827 ns, Reaching safepoint: 17101 ns, At safepoint: 1600 ns, Total: 18701 ns
[2.154s][info ][safepoint      ] Safepoint "ICBufferFull", Time since last: 797420 ns, Reaching safepoint: 19500 ns, At safepoint: 1700 ns, Total: 21200 ns
[2.154s][info ][safepoint      ] Safepoint "ICBufferFull", Time since last: 797320 ns, Reaching safepoint: 15600 ns, At safepoint: 1101 ns, Total: 16701 ns
[2.157s][info ][safepoint      ] Safepoint "ICBufferFull", Time since last: 2536963 ns, Reaching safepoint: 45601 ns, At safepoint: 4800 ns, Total: 50401 ns
[2.160s][info ][safepoint      ] Safepoint "ICBufferFull", Time since last: 2521763 ns, Reaching safepoint: 18501 ns, At safepoint: 1700 ns, Total: 20201 ns
[2.162s][info ][safepoint      ] Safepoint "ICBufferFull", Time since last: 2506863 ns, Reaching safepoint: 18100 ns, At safepoint: 1700 ns, Total: 19800 ns
[2.165s][info ][safepoint      ] Safepoint "ICBufferFull", Time since last: 2489163 ns, Reaching safepoint: 24400 ns, At safepoint: 1700 ns, Total: 26100 ns
[2.167s][info ][safepoint      ] Safepoint "ICBufferFull", Time since last: 2476862 ns, Reaching safepoint: 29701 ns, At safepoint: 1200 ns, Total: 30901 ns
[2.168s][info ][safepoint      ] Safepoint "ICBufferFull", Time since last: 1191030 ns, Reaching safepoint: 17100 ns, At safepoint: 1500 ns, Total: 18600 ns
[2.170s][info ][safepoint      ] Safepoint "ICBufferFull", Time since last: 1573340 ns, Reaching safepoint: 23200 ns, At safepoint: 1600 ns, Total: 24800 ns
[2.171s][info ][safepoint      ] Safepoint "ICBufferFull", Time since last: 1212031 ns, Reaching safepoint: 23200 ns, At safepoint: 1500 ns, Total: 24700 ns
[2.172s][info ][safepoint      ] Safepoint "ICBufferFull", Time since last: 1208130 ns, Reaching safepoint: 21901 ns, At safepoint: 1400 ns, Total: 23301 ns
[2.174s][info ][safepoint      ] Safepoint "ICBufferFull", Time since last: 1723443 ns, Reaching safepoint: 22501 ns, At safepoint: 2100 ns, Total: 24601 ns
[2.178s][info ][safepoint      ] Safepoint "ICBufferFull", Time since last: 3608490 ns, Reaching safepoint: 34301 ns, At safepoint: 2400 ns, Total: 36701 ns
[2.178s][info ][safepoint      ] Safepoint "ICBufferFull", Time since last: 551414 ns, Reaching safepoint: 23700 ns, At safepoint: 701 ns, Total: 24401 ns
[2.181s][info ][safepoint      ] Safepoint "ICBufferFull", Time since last: 2490062 ns, Reaching safepoint: 20100 ns, At safepoint: 1800 ns, Total: 21900 ns
[2.183s][info ][safepoint      ] Safepoint "ICBufferFull", Time since last: 1831446 ns, Reaching safepoint: 52802 ns, At safepoint: 3400 ns, Total: 56202 ns
[2.184s][info ][safepoint      ] Safepoint "ICBufferFull", Time since last: 1464636 ns, Reaching safepoint: 20901 ns, At safepoint: 1200 ns, Total: 22101 ns
[2.185s][info ][safepoint      ] Safepoint "ICBufferFull", Time since last: 708818 ns, Reaching safepoint: 40201 ns, At safepoint: 1900 ns, Total: 42101 ns
[2.186s][info ][safepoint      ] Safepoint "ICBufferFull", Time since last: 650416 ns, Reaching safepoint: 27501 ns, At safepoint: 1000 ns, Total: 28501 ns
[2.186s][info ][safepoint      ] Safepoint "ICBufferFull", Time since last: 688317 ns, Reaching safepoint: 15600 ns, At safepoint: 900 ns, Total: 16500 ns
[2.187s][info ][safepoint      ] Safepoint "ICBufferFull", Time since last: 656017 ns, Reaching safepoint: 16700 ns, At safepoint: 900 ns, Total: 17600 ns
[2.188s][info ][safepoint      ] Safepoint "ICBufferFull", Time since last: 613616 ns, Reaching safepoint: 28600 ns, At safepoint: 1100 ns, Total: 29700 ns
[2.188s][info ][safepoint      ] Safepoint "ICBufferFull", Time since last: 701518 ns, Reaching safepoint: 15300 ns, At safepoint: 1000 ns, Total: 16300 ns
[2.189s][info ][safepoint      ] Safepoint "ICBufferFull", Time since last: 776720 ns, Reaching safepoint: 18100 ns, At safepoint: 1300 ns, Total: 19400 ns
[2.190s][info ][safepoint      ] Safepoint "ICBufferFull", Time since last: 844921 ns, Reaching safepoint: 16301 ns, At safepoint: 1100 ns, Total: 17401 ns
[2.191s][info ][safepoint      ] Safepoint "ICBufferFull", Time since last: 647216 ns, Reaching safepoint: 31301 ns, At safepoint: 1100 ns, Total: 32401 ns
[2.191s][info ][safepoint      ] Safepoint "ICBufferFull", Time since last: 691517 ns, Reaching safepoint: 32101 ns, At safepoint: 1700 ns, Total: 33801 ns
[2.193s][info ][safepoint      ] Safepoint "ICBufferFull", Time since last: 1321533 ns, Reaching safepoint: 88402 ns, At safepoint: 6600 ns, Total: 95002 ns
[2.196s][info ][safepoint      ] Safepoint "ICBufferFull", Time since last: 3116678 ns, Reaching safepoint: 45502 ns, At safepoint: 6300 ns, Total: 51802 ns
[2.197s][info ][safepoint      ] Safepoint "ICBufferFull", Time since last: 676917 ns, Reaching safepoint: 22300 ns, At safepoint: 4200 ns, Total: 26500 ns
[2.197s][info ][safepoint      ] Safepoint "ICBufferFull", Time since last: 624116 ns, Reaching safepoint: 20101 ns, At safepoint: 1300 ns, Total: 21401 ns
[2.198s][info ][safepoint      ] Safepoint "ICBufferFull", Time since last: 618115 ns, Reaching safepoint: 24801 ns, At safepoint: 1300 ns, Total: 26101 ns
[2.199s][info ][safepoint      ] Safepoint "ICBufferFull", Time since last: 832621 ns, Reaching safepoint: 30300 ns, At safepoint: 1500 ns, Total: 31800 ns
[2.200s][info ][safepoint      ] Safepoint "ICBufferFull", Time since last: 718118 ns, Reaching safepoint: 18501 ns, At safepoint: 1700 ns, Total: 20201 ns
[2.200s][info ][safepoint      ] Safepoint "ICBufferFull", Time since last: 667817 ns, Reaching safepoint: 33400 ns, At safepoint: 1400 ns, Total: 34800 ns
[2.201s][info ][safepoint      ] Safepoint "ICBufferFull", Time since last: 636516 ns, Reaching safepoint: 17301 ns, At safepoint: 1000 ns, Total: 18301 ns
[2.202s][info ][safepoint      ] Safepoint "ICBufferFull", Time since last: 680217 ns, Reaching safepoint: 17600 ns, At safepoint: 1200 ns, Total: 18800 ns
[2.202s][info ][safepoint      ] Safepoint "ICBufferFull", Time since last: 632716 ns, Reaching safepoint: 19101 ns, At safepoint: 1100 ns, Total: 20201 ns
[2.203s][info ][safepoint      ] Safepoint "ICBufferFull", Time since last: 560614 ns, Reaching safepoint: 27300 ns, At safepoint: 1300 ns, Total: 28600 ns
[2.205s][info ][safepoint      ] Safepoint "ICBufferFull", Time since last: 1872347 ns, Reaching safepoint: 19001 ns, At safepoint: 1200 ns, Total: 20201 ns
[2.206s][info ][safepoint      ] Safepoint "ICBufferFull", Time since last: 893022 ns, Reaching safepoint: 27201 ns, At safepoint: 1300 ns, Total: 28501 ns
[2.207s][info ][safepoint      ] Safepoint "ICBufferFull", Time since last: 1256731 ns, Reaching safepoint: 25501 ns, At safepoint: 1100 ns, Total: 26601 ns
[2.208s][info ][safepoint      ] Safepoint "ICBufferFull", Time since last: 501413 ns, Reaching safepoint: 16600 ns, At safepoint: 1000 ns, Total: 17600 ns
[2.209s][info ][safepoint      ] Safepoint "ICBufferFull", Time since last: 1461937 ns, Reaching safepoint: 19300 ns, At safepoint: 1100 ns, Total: 20400 ns
[2.210s][info ][safepoint      ] Safepoint "ICBufferFull", Time since last: 1232431 ns, Reaching safepoint: 22901 ns, At safepoint: 4500 ns, Total: 27401 ns
[2.212s][info ][safepoint      ] Safepoint "ICBufferFull", Time since last: 1257231 ns, Reaching safepoint: 19501 ns, At safepoint: 1600 ns, Total: 21101 ns
[2.212s][info ][safepoint      ] Safepoint "ICBufferFull", Time since last: 484912 ns, Reaching safepoint: 20100 ns, At safepoint: 1300 ns, Total: 21400 ns
[2.214s][info ][safepoint      ] Safepoint "ICBufferFull", Time since last: 1455337 ns, Reaching safepoint: 20900 ns, At safepoint: 1500 ns, Total: 22400 ns
[2.215s][info ][safepoint      ] Safepoint "ICBufferFull", Time since last: 1245931 ns, Reaching safepoint: 165105 ns, At safepoint: 4300 ns, Total: 169405 ns
[2.215s][info ][safepoint      ] Safepoint "ICBufferFull", Time since last: 485812 ns, Reaching safepoint: 20200 ns, At safepoint: 1400 ns, Total: 21600 ns
[2.217s][info ][safepoint      ] Safepoint "ICBufferFull", Time since last: 1242832 ns, Reaching safepoint: 20900 ns, At safepoint: 1300 ns, Total: 22200 ns
[2.218s][info ][safepoint      ] Safepoint "ICBufferFull", Time since last: 1431636 ns, Reaching safepoint: 27101 ns, At safepoint: 1400 ns, Total: 28501 ns
[2.219s][info ][safepoint      ] Safepoint "ICBufferFull", Time since last: 1217830 ns, Reaching safepoint: 18701 ns, At safepoint: 1500 ns, Total: 20201 ns
[2.220s][info ][safepoint      ] Safepoint "ICBufferFull", Time since last: 531113 ns, Reaching safepoint: 80202 ns, At safepoint: 2400 ns, Total: 82602 ns
[2.222s][info ][safepoint      ] Safepoint "ICBufferFull", Time since last: 1609340 ns, Reaching safepoint: 105303 ns, At safepoint: 4900 ns, Total: 110203 ns
[2.223s][info ][safepoint      ] Safepoint "ICBufferFull", Time since last: 1257732 ns, Reaching safepoint: 28000 ns, At safepoint: 800 ns, Total: 28800 ns
[2.224s][info ][safepoint      ] Safepoint "ICBufferFull", Time since last: 500713 ns, Reaching safepoint: 14900 ns, At safepoint: 900 ns, Total: 15800 ns
[2.225s][info ][safepoint      ] Safepoint "ICBufferFull", Time since last: 1361534 ns, Reaching safepoint: 14601 ns, At safepoint: 900 ns, Total: 15501 ns
[2.226s][info ][safepoint      ] Safepoint "ICBufferFull", Time since last: 1459036 ns, Reaching safepoint: 16001 ns, At safepoint: 1300 ns, Total: 17301 ns
[2.228s][info ][safepoint      ] Safepoint "ICBufferFull", Time since last: 1230630 ns, Reaching safepoint: 23601 ns, At safepoint: 900 ns, Total: 24501 ns
[2.276s][info ][safepoint      ] Safepoint "ICBufferFull", Time since last: 48277309 ns, Reaching safepoint: 72102 ns, At safepoint: 1800 ns, Total: 73902 ns
[2.518s][info ][safepoint      ] Safepoint "ICBufferFull", Time since last: 241816254 ns, Reaching safepoint: 242606 ns, At safepoint: 5600 ns, Total: 248206 ns
[2.572s][info ][gc,start       ] GC(2) Pause Young (Metadata GC Threshold)
[2.602s][debug][gc,phases      ] GC(2) Scavenge 29.978ms
[2.602s][debug][gc,ref         ] GC(2) Skipped phase 1 of Reference Processing: no references
[2.602s][debug][gc,ref         ] GC(2) ReferenceProcessor::execute queues: 1, RefProcThreadModel::Single, marks_oops_alive: false
[2.602s][debug][gc,ref         ] GC(2) Skipped phase 3 of Reference Processing: no references
[2.602s][debug][gc,ref         ] GC(2) ReferenceProcessor::execute queues: 1, RefProcThreadModel::Single, marks_oops_alive: false
[2.602s][debug][gc,phases      ] GC(2) Reference Processing 0.206ms
[2.602s][debug][gc,phases      ] GC(2)   VM Weak                        Min:  0.0, Avg:  0.0, Max:  0.0, Diff:  0.0, Sum:  0.0, Workers: 4
[2.602s][debug][gc,phases      ] GC(2)     Dead                           Min: 0, Avg:  0.0, Max: 0, Diff: 0, Sum: 0, Workers: 4
[2.602s][debug][gc,phases      ] GC(2)     Total                          Min: 0, Avg: 68.2, Max: 192, Diff: 192, Sum: 273, Workers: 4
[2.602s][debug][gc,phases      ] GC(2)   ObjectSynchronizer Weak        Min:  0.0, Avg:  0.0, Max:  0.0, Diff:  0.0, Sum:  0.0, Workers: 4
[2.602s][debug][gc,phases      ] GC(2)     Dead                           Min: 0, Avg:  0.2, Max: 1, Diff: 1, Sum: 1, Workers: 4
[2.602s][debug][gc,phases      ] GC(2)     Total                          Min: 0, Avg:  2.8, Max: 11, Diff: 11, Sum: 11, Workers: 4
[2.602s][debug][gc,phases      ] GC(2)   JVMTI Tag Weak OopStorage      Min:  0.0, Avg:  0.0, Max:  0.0, Diff:  0.0, Sum:  0.0, Workers: 4
[2.602s][debug][gc,phases      ] GC(2)     Dead                           Min: 0, Avg:  0.0, Max: 0, Diff: 0, Sum: 0, Workers: 4
[2.602s][debug][gc,phases      ] GC(2)     Total                          Min: 0, Avg:  0.0, Max: 0, Diff: 0, Sum: 0, Workers: 4
[2.602s][debug][gc,phases      ] GC(2)   StringTable Weak               Min:  0.2, Avg:  0.2, Max:  0.2, Diff:  0.0, Sum:  0.6, Workers: 4
[2.602s][debug][gc,phases      ] GC(2)     Dead                           Min: 1, Avg:  6.0, Max: 16, Diff: 15, Sum: 24, Workers: 4
[2.602s][debug][gc,phases      ] GC(2)     Total                          Min: 3584, Avg: 4929.5, Max: 6080, Diff: 2496, Sum: 19718, Workers: 4
[2.602s][debug][gc,phases      ] GC(2)   ResolvedMethodTable Weak       Min:  0.0, Avg:  0.0, Max:  0.0, Diff:  0.0, Sum:  0.1, Workers: 4
[2.602s][debug][gc,phases      ] GC(2)     Dead                           Min: 10, Avg: 18.2, Max: 33, Diff: 23, Sum: 73, Workers: 4
[2.602s][debug][gc,phases      ] GC(2)     Total                          Min: 256, Avg: 472.8, Max: 640, Diff: 384, Sum: 1891, Workers: 4
[2.602s][debug][gc,phases      ] GC(2)   JNI Weak                       Min:  0.0, Avg:  0.0, Max:  0.0, Diff:  0.0, Sum:  0.0, Workers: 4
[2.602s][debug][gc,phases      ] GC(2)     Dead                           Min: 0, Avg:  0.0, Max: 0, Diff: 0, Sum: 0, Workers: 4
[2.602s][debug][gc,phases      ] GC(2)     Total                          Min: 0, Avg:  0.0, Max: 0, Diff: 0, Sum: 0, Workers: 4
[2.602s][debug][gc,phases      ] GC(2)   StringDedup Table Weak         Min:  0.0, Avg:  0.0, Max:  0.0, Diff:  0.0, Sum:  0.0, Workers: 4
[2.602s][debug][gc,phases      ] GC(2)     Dead                           Min: 0, Avg:  0.0, Max: 0, Diff: 0, Sum: 0, Workers: 4
[2.602s][debug][gc,phases      ] GC(2)     Total                          Min: 0, Avg:  0.0, Max: 0, Diff: 0, Sum: 0, Workers: 4
[2.602s][debug][gc,phases      ] GC(2)   StringDedup Requests0 Weak     Min:  0.0, Avg:  0.0, Max:  0.0, Diff:  0.0, Sum:  0.0, Workers: 4
[2.602s][debug][gc,phases      ] GC(2)     Dead                           Min: 0, Avg:  0.0, Max: 0, Diff: 0, Sum: 0, Workers: 4
[2.602s][debug][gc,phases      ] GC(2)     Total                          Min: 0, Avg:  0.0, Max: 0, Diff: 0, Sum: 0, Workers: 4
[2.602s][debug][gc,phases      ] GC(2)   StringDedup Requests1 Weak     Min:  0.0, Avg:  0.0, Max:  0.0, Diff:  0.0, Sum:  0.0, Workers: 4
[2.602s][debug][gc,phases      ] GC(2)     Dead                           Min: 0, Avg:  0.0, Max: 0, Diff: 0, Sum: 0, Workers: 4
[2.602s][debug][gc,phases      ] GC(2)     Total                          Min: 0, Avg:  0.0, Max: 0, Diff: 0, Sum: 0, Workers: 4
[2.602s][debug][gc,phases      ] GC(2)   Weak JFR Old Object Samples    Min:  0.0, Avg:  0.0, Max:  0.0, Diff:  0.0, Sum:  0.0, Workers: 4
[2.602s][debug][gc,phases      ] GC(2)     Dead                           Min: 0, Avg:  0.0, Max: 0, Diff: 0, Sum: 0, Workers: 4
[2.602s][debug][gc,phases      ] GC(2)     Total                          Min: 0, Avg:  0.0, Max: 0, Diff: 0, Sum: 0, Workers: 4
[2.602s][debug][gc,phases      ] GC(2) Weak Processing 0.358ms
[2.602s][debug][gc,age         ] GC(2) Desired survivor size 536870912 bytes, new threshold 7 (max threshold 15)
[2.602s][info ][gc,heap        ] GC(2) PSYoungGen: 455122K(1572864K)->56582K(1572864K) Eden: 443898K(1048576K)->0K(1048576K) From: 11224K(524288K)->56582K(524288K)
[2.602s][info ][gc,heap        ] GC(2) ParOldGen: 5678K(6144K)->5686K(6144K)
[2.602s][info ][gc,metaspace   ] GC(2) Metaspace: 35430K(35840K)->35430K(35840K) NonClass: 30961K(31168K)->30961K(31168K) Class: 4468K(4672K)->4468K(4672K)
[2.602s][info ][gc             ] GC(2) Pause Young (Metadata GC Threshold) 450M->60M(1542M) 30.666ms
[2.602s][info ][gc,cpu         ] GC(2) User=0.10s Sys=0.02s Real=0.02s
[2.602s][debug][gc,phases      ] GC(3) Pre Compact 0.008ms
[2.602s][info ][gc,start       ] GC(3) Pause Full (Metadata GC Threshold)
[2.602s][info ][gc,phases,start] GC(3) Marking Phase
[2.620s][debug][gc,phases      ] GC(3) Par Mark 17.289ms
[2.620s][debug][gc,ref         ] GC(3) Skipped phase 1 of Reference Processing: no references
[2.620s][debug][gc,ref         ] GC(3) ReferenceProcessor::execute queues: 2, RefProcThreadModel::Multi, marks_oops_alive: false
[2.620s][debug][gc,ref         ] GC(3) Skipped phase 3 of Reference Processing: no references
[2.620s][debug][gc,ref         ] GC(3) ReferenceProcessor::execute queues: 1, RefProcThreadModel::Single, marks_oops_alive: false
[2.620s][debug][gc,phases      ] GC(3) Reference Processing 0.155ms
[2.620s][debug][gc,phases      ] GC(3)   VM Weak                        Min:  0.0, Avg:  0.0, Max:  0.0, Diff:  0.0, Sum:  0.0, Workers: 4
[2.620s][debug][gc,phases      ] GC(3)     Dead                           Min: 0, Avg:  0.0, Max: 0, Diff: 0, Sum: 0, Workers: 4
[2.620s][debug][gc,phases      ] GC(3)     Total                          Min: 0, Avg: 68.2, Max: 209, Diff: 209, Sum: 273, Workers: 4
[2.620s][debug][gc,phases      ] GC(3)   ObjectSynchronizer Weak        Min:  0.0, Avg:  0.0, Max:  0.0, Diff:  0.0, Sum:  0.0, Workers: 4
[2.620s][debug][gc,phases      ] GC(3)     Dead                           Min: 0, Avg:  0.0, Max: 0, Diff: 0, Sum: 0, Workers: 4
[2.620s][debug][gc,phases      ] GC(3)     Total                          Min: 0, Avg:  2.8, Max: 11, Diff: 11, Sum: 11, Workers: 4
[2.620s][debug][gc,phases      ] GC(3)   JVMTI Tag Weak OopStorage      Min:  0.0, Avg:  0.0, Max:  0.0, Diff:  0.0, Sum:  0.0, Workers: 4
[2.620s][debug][gc,phases      ] GC(3)     Dead                           Min: 0, Avg:  0.0, Max: 0, Diff: 0, Sum: 0, Workers: 4
[2.620s][debug][gc,phases      ] GC(3)     Total                          Min: 0, Avg:  0.0, Max: 0, Diff: 0, Sum: 0, Workers: 4
[2.620s][debug][gc,phases      ] GC(3)   StringTable Weak               Min:  0.1, Avg:  0.1, Max:  0.1, Diff:  0.1, Sum:  0.3, Workers: 4
[2.620s][debug][gc,phases      ] GC(3)     Dead                           Min: 0, Avg:  0.0, Max: 0, Diff: 0, Sum: 0, Workers: 4
[2.620s][debug][gc,phases      ] GC(3)     Total                          Min: 4096, Avg: 4929.5, Max: 6080, Diff: 1984, Sum: 19718, Workers: 4
[2.620s][debug][gc,phases      ] GC(3)   ResolvedMethodTable Weak       Min:  0.0, Avg:  0.0, Max:  0.0, Diff:  0.0, Sum:  0.0, Workers: 4
[2.620s][debug][gc,phases      ] GC(3)     Dead                           Min: 0, Avg:  0.0, Max: 0, Diff: 0, Sum: 0, Workers: 4
[2.620s][debug][gc,phases      ] GC(3)     Total                          Min: 0, Avg: 472.8, Max: 704, Diff: 704, Sum: 1891, Workers: 4
[2.620s][debug][gc,phases      ] GC(3)   JNI Weak                       Min:  0.0, Avg:  0.0, Max:  0.0, Diff:  0.0, Sum:  0.0, Workers: 4
[2.620s][debug][gc,phases      ] GC(3)     Dead                           Min: 0, Avg:  0.0, Max: 0, Diff: 0, Sum: 0, Workers: 4
[2.620s][debug][gc,phases      ] GC(3)     Total                          Min: 0, Avg:  0.0, Max: 0, Diff: 0, Sum: 0, Workers: 4
[2.620s][debug][gc,phases      ] GC(3)   StringDedup Table Weak         Min:  0.0, Avg:  0.0, Max:  0.0, Diff:  0.0, Sum:  0.0, Workers: 4
[2.620s][debug][gc,phases      ] GC(3)     Dead                           Min: 0, Avg:  0.0, Max: 0, Diff: 0, Sum: 0, Workers: 4
[2.620s][debug][gc,phases      ] GC(3)     Total                          Min: 0, Avg:  0.0, Max: 0, Diff: 0, Sum: 0, Workers: 4
[2.620s][debug][gc,phases      ] GC(3)   StringDedup Requests0 Weak     Min:  0.0, Avg:  0.0, Max:  0.0, Diff:  0.0, Sum:  0.0, Workers: 4
[2.620s][debug][gc,phases      ] GC(3)     Dead                           Min: 0, Avg:  0.0, Max: 0, Diff: 0, Sum: 0, Workers: 4
[2.620s][debug][gc,phases      ] GC(3)     Total                          Min: 0, Avg:  0.0, Max: 0, Diff: 0, Sum: 0, Workers: 4
[2.620s][debug][gc,phases      ] GC(3)   StringDedup Requests1 Weak     Min:  0.0, Avg:  0.0, Max:  0.0, Diff:  0.0, Sum:  0.0, Workers: 4
[2.620s][debug][gc,phases      ] GC(3)     Dead                           Min: 0, Avg:  0.0, Max: 0, Diff: 0, Sum: 0, Workers: 4
[2.620s][debug][gc,phases      ] GC(3)     Total                          Min: 0, Avg:  0.0, Max: 0, Diff: 0, Sum: 0, Workers: 4
[2.620s][debug][gc,phases      ] GC(3)   Weak JFR Old Object Samples    Min:  0.0, Avg:  0.0, Max:  0.0, Diff:  0.0, Sum:  0.0, Workers: 4
[2.620s][debug][gc,phases      ] GC(3)     Dead                           Min: 0, Avg:  0.0, Max: 0, Diff: 0, Sum: 0, Workers: 4
[2.620s][debug][gc,phases      ] GC(3)     Total                          Min: 0, Avg:  0.0, Max: 0, Diff: 0, Sum: 0, Workers: 4
[2.620s][debug][gc,phases      ] GC(3) Weak Processing 0.319ms
[2.620s][debug][gc,phases      ] GC(3) ClassLoaderData 0.036ms
[2.620s][debug][gc,phases      ] GC(3) Trigger cleanups 0.000ms
[2.624s][debug][gc,phases      ] GC(3) Class Unloading 3.734ms
[2.624s][info ][gc,phases      ] GC(3) Marking Phase 21.609ms
[2.624s][info ][gc,phases,start] GC(3) Summary Phase
[2.624s][info ][gc,phases      ] GC(3) Summary Phase 0.006ms
[2.624s][info ][gc,phases,start] GC(3) Adjust Roots
[2.628s][info ][gc,phases      ] GC(3) Adjust Roots 3.966ms
[2.628s][info ][gc,phases,start] GC(3) Compaction Phase
[2.878s][info ][gc,phases      ] GC(3) Compaction Phase 250.090ms
[2.878s][info ][gc,phases,start] GC(3) Post Compact
[2.879s][info ][gc,phases      ] GC(3) Post Compact 0.589ms
[2.879s][info ][gc,heap        ] GC(3) PSYoungGen: 56582K(1572864K)->56409K(1572864K) Eden: 0K(1048576K)->0K(1048576K) From: 56582K(524288K)->56409K(524288K)
[2.879s][info ][gc,heap        ] GC(3) ParOldGen: 5686K(6144K)->5634K(6144K)
[2.879s][info ][gc,metaspace   ] GC(3) Metaspace: 35430K(35840K)->35430K(35840K) NonClass: 30961K(31168K)->30961K(31168K) Class: 4468K(4672K)->4468K(4672K)
[2.879s][info ][gc             ] GC(3) Pause Full (Metadata GC Threshold) 60M->60M(1542M) 276.370ms
[2.879s][info ][gc,cpu         ] GC(3) User=0.59s Sys=0.00s Real=0.28s
[2.879s][info ][safepoint      ] Safepoint "CollectForMetadataAllocation", Time since last: 53415638 ns, Reaching safepoint: 79502 ns, At safepoint: 307157890 ns, Total: 307237392 ns
[3.138s][info ][safepoint      ] Safepoint "ICBufferFull", Time since last: 259047585 ns, Reaching safepoint: 156604 ns, At safepoint: 8000 ns, Total: 164604 ns
[3.187s][info ][safepoint      ] Safepoint "ICBufferFull", Time since last: 48928225 ns, Reaching safepoint: 148804 ns, At safepoint: 11500 ns, Total: 160304 ns
[3.359s][info ][safepoint      ] Safepoint "ICBufferFull", Time since last: 172084008 ns, Reaching safepoint: 223406 ns, At safepoint: 9600 ns, Total: 233006 ns
[3.360s][info ][safepoint      ] Safepoint "ICBufferFull", Time since last: 64401 ns, Reaching safepoint: 96503 ns, At safepoint: 16300 ns, Total: 112803 ns
[3.360s][info ][safepoint      ] Safepoint "ICBufferFull", Time since last: 29601 ns, Reaching safepoint: 93402 ns, At safepoint: 13401 ns, Total: 106803 ns
[3.400s][info ][safepoint      ] Safepoint "ICBufferFull", Time since last: 40441712 ns, Reaching safepoint: 213405 ns, At safepoint: 23001 ns, Total: 236406 ns
[3.542s][info ][safepoint      ] Safepoint "ICBufferFull", Time since last: 141370539 ns, Reaching safepoint: 209705 ns, At safepoint: 17301 ns, Total: 227006 ns
[3.641s][info ][safepoint      ] Safepoint "ICBufferFull", Time since last: 99033979 ns, Reaching safepoint: 212105 ns, At safepoint: 19901 ns, Total: 232006 ns
[3.716s][info ][safepoint      ] Safepoint "ICBufferFull", Time since last: 74342061 ns, Reaching safepoint: 196305 ns, At safepoint: 27801 ns, Total: 224106 ns
[3.716s][info ][safepoint      ] Safepoint "ICBufferFull", Time since last: 63101 ns, Reaching safepoint: 102703 ns, At safepoint: 20800 ns, Total: 123503 ns
[3.904s][info ][safepoint      ] Safepoint "ICBufferFull", Time since last: 187766701 ns, Reaching safepoint: 188605 ns, At safepoint: 22100 ns, Total: 210705 ns
[3.904s][info ][safepoint      ] Safepoint "ICBufferFull", Time since last: 59802 ns, Reaching safepoint: 90802 ns, At safepoint: 16500 ns, Total: 107302 ns
[4.116s][info ][safepoint      ] Safepoint "ICBufferFull", Time since last: 211827503 ns, Reaching safepoint: 217005 ns, At safepoint: 24001 ns, Total: 241006 ns
[4.246s][info ][safepoint      ] Safepoint "ICBufferFull", Time since last: 129528542 ns, Reaching safepoint: 239206 ns, At safepoint: 29201 ns, Total: 268407 ns
[4.311s][info ][safepoint      ] Safepoint "ICBufferFull", Time since last: 64494214 ns, Reaching safepoint: 143504 ns, At safepoint: 24100 ns, Total: 167604 ns
[4.313s][info ][safepoint      ] Safepoint "ICBufferFull", Time since last: 2483363 ns, Reaching safepoint: 119103 ns, At safepoint: 25100 ns, Total: 144203 ns
[4.316s][info ][safepoint      ] Safepoint "ICBufferFull", Time since last: 2648367 ns, Reaching safepoint: 117902 ns, At safepoint: 26901 ns, Total: 144803 ns
[4.321s][info ][safepoint      ] Safepoint "ICBufferFull", Time since last: 2427761 ns, Reaching safepoint: 2123353 ns, At safepoint: 27001 ns, Total: 2150354 ns
[4.323s][info ][safepoint      ] Safepoint "ICBufferFull", Time since last: 2500662 ns, Reaching safepoint: 122303 ns, At safepoint: 26201 ns, Total: 148504 ns
[4.326s][info ][safepoint      ] Safepoint "ICBufferFull", Time since last: 2808670 ns, Reaching safepoint: 113703 ns, At safepoint: 23601 ns, Total: 137304 ns
[4.341s][info ][safepoint      ] Safepoint "ICBufferFull", Time since last: 14783370 ns, Reaching safepoint: 120603 ns, At safepoint: 24200 ns, Total: 144803 ns
[4.343s][info ][safepoint      ] Safepoint "ICBufferFull", Time since last: 2042352 ns, Reaching safepoint: 128803 ns, At safepoint: 24300 ns, Total: 153103 ns
[4.345s][info ][safepoint      ] Safepoint "ICBufferFull", Time since last: 1965850 ns, Reaching safepoint: 128603 ns, At safepoint: 27801 ns, Total: 156404 ns
[4.380s][info ][gc,start       ] GC(4) Pause Young (Allocation Failure)
[4.501s][debug][gc,phases      ] GC(4) Scavenge 120.012ms
[4.501s][debug][gc,ref         ] GC(4) Skipped phase 1 of Reference Processing: no references
[4.501s][debug][gc,ref         ] GC(4) ReferenceProcessor::execute queues: 4, RefProcThreadModel::Multi, marks_oops_alive: false
[4.501s][debug][gc,ref         ] GC(4) Skipped phase 3 of Reference Processing: no references
[4.501s][debug][gc,ref         ] GC(4) ReferenceProcessor::execute queues: 3, RefProcThreadModel::Multi, marks_oops_alive: false
[4.501s][debug][gc,phases      ] GC(4) Reference Processing 0.385ms
[4.501s][debug][gc,phases      ] GC(4)   VM Weak                        Min:  0.0, Avg:  0.0, Max:  0.0, Diff:  0.0, Sum:  0.0, Workers: 4
[4.501s][debug][gc,phases      ] GC(4)     Dead                           Min: 0, Avg:  0.0, Max: 0, Diff: 0, Sum: 0, Workers: 4
[4.501s][debug][gc,phases      ] GC(4)     Total                          Min: 0, Avg: 106.0, Max: 232, Diff: 232, Sum: 424, Workers: 4
[4.501s][debug][gc,phases      ] GC(4)   ObjectSynchronizer Weak        Min:  0.0, Avg:  0.0, Max:  0.0, Diff:  0.0, Sum:  0.0, Workers: 4
[4.501s][debug][gc,phases      ] GC(4)     Dead                           Min: 25, Avg: 74.8, Max: 121, Diff: 96, Sum: 299, Workers: 4
[4.501s][debug][gc,phases      ] GC(4)     Total                          Min: 27, Avg: 86.8, Max: 128, Diff: 101, Sum: 347, Workers: 4
[4.501s][debug][gc,phases      ] GC(4)   JVMTI Tag Weak OopStorage      Min:  0.0, Avg:  0.0, Max:  0.0, Diff:  0.0, Sum:  0.0, Workers: 4
[4.501s][debug][gc,phases      ] GC(4)     Dead                           Min: 0, Avg:  0.0, Max: 0, Diff: 0, Sum: 0, Workers: 4
[4.501s][debug][gc,phases      ] GC(4)     Total                          Min: 0, Avg:  0.0, Max: 0, Diff: 0, Sum: 0, Workers: 4
[4.501s][debug][gc,phases      ] GC(4)   StringTable Weak               Min:  0.4, Avg:  0.4, Max:  0.4, Diff:  0.0, Sum:  1.4, Workers: 4
[4.501s][debug][gc,phases      ] GC(4)     Dead                           Min: 1, Avg:  6.5, Max: 16, Diff: 15, Sum: 26, Workers: 4
[4.501s][debug][gc,phases      ] GC(4)     Total                          Min: 8269, Avg: 9555.2, Max: 10304, Diff: 2035, Sum: 38221, Workers: 4
[4.501s][debug][gc,phases      ] GC(4)   ResolvedMethodTable Weak       Min:  0.0, Avg:  0.0, Max:  0.0, Diff:  0.0, Sum:  0.2, Workers: 4
[4.501s][debug][gc,phases      ] GC(4)     Dead                           Min: 40, Avg: 43.8, Max: 54, Diff: 14, Sum: 175, Workers: 4
[4.501s][debug][gc,phases      ] GC(4)     Total                          Min: 1088, Avg: 1231.2, Max: 1469, Diff: 381, Sum: 4925, Workers: 4
[4.501s][debug][gc,phases      ] GC(4)   JNI Weak                       Min:  0.0, Avg:  0.0, Max:  0.0, Diff:  0.0, Sum:  0.0, Workers: 4
[4.501s][debug][gc,phases      ] GC(4)     Dead                           Min: 0, Avg:  0.0, Max: 0, Diff: 0, Sum: 0, Workers: 4
[4.502s][debug][gc,phases      ] GC(4)     Total                          Min: 0, Avg:  1.8, Max: 7, Diff: 7, Sum: 7, Workers: 4
[4.502s][debug][gc,phases      ] GC(4)   StringDedup Table Weak         Min:  0.0, Avg:  0.0, Max:  0.0, Diff:  0.0, Sum:  0.0, Workers: 4
[4.502s][debug][gc,phases      ] GC(4)     Dead                           Min: 0, Avg:  0.0, Max: 0, Diff: 0, Sum: 0, Workers: 4
[4.502s][debug][gc,phases      ] GC(4)     Total                          Min: 0, Avg:  0.0, Max: 0, Diff: 0, Sum: 0, Workers: 4
[4.502s][debug][gc,phases      ] GC(4)   StringDedup Requests0 Weak     Min:  0.0, Avg:  0.0, Max:  0.0, Diff:  0.0, Sum:  0.0, Workers: 4
[4.502s][debug][gc,phases      ] GC(4)     Dead                           Min: 0, Avg:  0.0, Max: 0, Diff: 0, Sum: 0, Workers: 4
[4.502s][debug][gc,phases      ] GC(4)     Total                          Min: 0, Avg:  0.0, Max: 0, Diff: 0, Sum: 0, Workers: 4
[4.502s][debug][gc,phases      ] GC(4)   StringDedup Requests1 Weak     Min:  0.0, Avg:  0.0, Max:  0.0, Diff:  0.0, Sum:  0.0, Workers: 4
[4.502s][debug][gc,phases      ] GC(4)     Dead                           Min: 0, Avg:  0.0, Max: 0, Diff: 0, Sum: 0, Workers: 4
[4.502s][debug][gc,phases      ] GC(4)     Total                          Min: 0, Avg:  0.0, Max: 0, Diff: 0, Sum: 0, Workers: 4
[4.502s][debug][gc,phases      ] GC(4)   Weak JFR Old Object Samples    Min:  0.0, Avg:  0.0, Max:  0.0, Diff:  0.0, Sum:  0.0, Workers: 4
[4.502s][debug][gc,phases      ] GC(4)     Dead                           Min: 0, Avg:  0.0, Max: 0, Diff: 0, Sum: 0, Workers: 4
[4.502s][debug][gc,phases      ] GC(4)     Total                          Min: 0, Avg:  0.0, Max: 0, Diff: 0, Sum: 0, Workers: 4
[4.502s][debug][gc,phases      ] GC(4) Weak Processing 0.587ms
[4.502s][debug][gc,age         ] GC(4) Desired survivor size 536870912 bytes, new threshold 7 (max threshold 15)
[4.502s][info ][gc,heap        ] GC(4) PSYoungGen: 1104985K(1572864K)->173443K(1572864K) Eden: 1048576K(1048576K)->0K(1048576K) From: 56409K(524288K)->173443K(524288K)
[4.502s][info ][gc,heap        ] GC(4) ParOldGen: 5634K(6144K)->5642K(6144K)
[4.502s][info ][gc,metaspace   ] GC(4) Metaspace: 53590K(54208K)->53590K(54208K) NonClass: 45668K(46016K)->45668K(46016K) Class: 7922K(8192K)->7922K(8192K)
[4.502s][info ][gc             ] GC(4) Pause Young (Allocation Failure) 1084M->174M(1542M) 121.126ms
[4.502s][info ][gc,cpu         ] GC(4) User=0.43s Sys=0.05s Real=0.12s
[4.502s][info ][safepoint      ] Safepoint "ParallelGCFailedAllocation", Time since last: 30655767 ns, Reaching safepoint: 4319608 ns, At safepoint: 121237535 ns, Total: 125557143 ns
[4.659s][info ][safepoint      ] Safepoint "ICBufferFull", Time since last: 157270237 ns, Reaching safepoint: 240006 ns, At safepoint: 25500 ns, Total: 265506 ns
[4.690s][info ][gc,start       ] GC(5) Pause Young (Allocation Failure)
[4.779s][debug][gc,phases      ] GC(5) Scavenge 89.558ms
[4.779s][debug][gc,ref         ] GC(5) Skipped phase 1 of Reference Processing: no references
[4.780s][debug][gc,ref         ] GC(5) ReferenceProcessor::execute queues: 4, RefProcThreadModel::Multi, marks_oops_alive: false
[4.780s][debug][gc,ref         ] GC(5) Skipped phase 3 of Reference Processing: no references
[4.780s][debug][gc,ref         ] GC(5) ReferenceProcessor::execute queues: 1, RefProcThreadModel::Single, marks_oops_alive: false
[4.780s][debug][gc,phases      ] GC(5) Reference Processing 0.367ms
[4.780s][debug][gc,phases      ] GC(5)   VM Weak                        Min:  0.0, Avg:  0.0, Max:  0.0, Diff:  0.0, Sum:  0.0, Workers: 4
[4.780s][debug][gc,phases      ] GC(5)     Dead                           Min: 0, Avg:  0.0, Max: 0, Diff: 0, Sum: 0, Workers: 4
[4.780s][debug][gc,phases      ] GC(5)     Total                          Min: 0, Avg: 110.5, Max: 378, Diff: 378, Sum: 442, Workers: 4
[4.780s][debug][gc,phases      ] GC(5)   ObjectSynchronizer Weak        Min:  0.0, Avg:  0.0, Max:  0.0, Diff:  0.0, Sum:  0.0, Workers: 4
[4.780s][debug][gc,phases      ] GC(5)     Dead                           Min: 0, Avg:  0.0, Max: 0, Diff: 0, Sum: 0, Workers: 4
[4.780s][debug][gc,phases      ] GC(5)     Total                          Min: 0, Avg: 86.8, Max: 128, Diff: 128, Sum: 347, Workers: 4
[4.780s][debug][gc,phases      ] GC(5)   JVMTI Tag Weak OopStorage      Min:  0.0, Avg:  0.0, Max:  0.0, Diff:  0.0, Sum:  0.0, Workers: 4
[4.780s][debug][gc,phases      ] GC(5)     Dead                           Min: 0, Avg:  0.0, Max: 0, Diff: 0, Sum: 0, Workers: 4
[4.780s][debug][gc,phases      ] GC(5)     Total                          Min: 0, Avg:  0.0, Max: 0, Diff: 0, Sum: 0, Workers: 4
[4.780s][debug][gc,phases      ] GC(5)   StringTable Weak               Min:  0.0, Avg:  0.3, Max:  0.5, Diff:  0.5, Sum:  1.4, Workers: 4
[4.780s][debug][gc,phases      ] GC(5)     Dead                           Min: 0, Avg:  3.5, Max: 13, Diff: 13, Sum: 14, Workers: 4
[4.780s][debug][gc,phases      ] GC(5)     Total                          Min: 0, Avg: 9593.5, Max: 14656, Diff: 14656, Sum: 38374, Workers: 4
[4.780s][debug][gc,phases      ] GC(5)   ResolvedMethodTable Weak       Min:  0.0, Avg:  0.0, Max:  0.1, Diff:  0.1, Sum:  0.2, Workers: 4
[4.780s][debug][gc,phases      ] GC(5)     Dead                           Min: 0, Avg:  0.0, Max: 0, Diff: 0, Sum: 0, Workers: 4
[4.780s][debug][gc,phases      ] GC(5)     Total                          Min: 0, Avg: 1226.0, Max: 1983, Diff: 1983, Sum: 4904, Workers: 4
[4.780s][debug][gc,phases      ] GC(5)   JNI Weak                       Min:  0.0, Avg:  0.0, Max:  0.0, Diff:  0.0, Sum:  0.0, Workers: 4
[4.780s][debug][gc,phases      ] GC(5)     Dead                           Min: 0, Avg:  0.0, Max: 0, Diff: 0, Sum: 0, Workers: 4
[4.780s][debug][gc,phases      ] GC(5)     Total                          Min: 0, Avg:  0.8, Max: 3, Diff: 3, Sum: 3, Workers: 4
[4.780s][debug][gc,phases      ] GC(5)   StringDedup Table Weak         Min:  0.0, Avg:  0.0, Max:  0.0, Diff:  0.0, Sum:  0.0, Workers: 4
[4.780s][debug][gc,phases      ] GC(5)     Dead                           Min: 0, Avg:  0.0, Max: 0, Diff: 0, Sum: 0, Workers: 4
[4.780s][debug][gc,phases      ] GC(5)     Total                          Min: 0, Avg:  0.0, Max: 0, Diff: 0, Sum: 0, Workers: 4
[4.780s][debug][gc,phases      ] GC(5)   StringDedup Requests0 Weak     Min:  0.0, Avg:  0.0, Max:  0.0, Diff:  0.0, Sum:  0.0, Workers: 4
[4.780s][debug][gc,phases      ] GC(5)     Dead                           Min: 0, Avg:  0.0, Max: 0, Diff: 0, Sum: 0, Workers: 4
[4.780s][debug][gc,phases      ] GC(5)     Total                          Min: 0, Avg:  0.0, Max: 0, Diff: 0, Sum: 0, Workers: 4
[4.780s][debug][gc,phases      ] GC(5)   StringDedup Requests1 Weak     Min:  0.0, Avg:  0.0, Max:  0.0, Diff:  0.0, Sum:  0.0, Workers: 4
[4.780s][debug][gc,phases      ] GC(5)     Dead                           Min: 0, Avg:  0.0, Max: 0, Diff: 0, Sum: 0, Workers: 4
[4.780s][debug][gc,phases      ] GC(5)     Total                          Min: 0, Avg:  0.0, Max: 0, Diff: 0, Sum: 0, Workers: 4
[4.780s][debug][gc,phases      ] GC(5)   Weak JFR Old Object Samples    Min:  0.0, Avg:  0.0, Max:  0.0, Diff:  0.0, Sum:  0.0, Workers: 4
[4.780s][debug][gc,phases      ] GC(5)     Dead                           Min: 0, Avg:  0.0, Max: 0, Diff: 0, Sum: 0, Workers: 4
[4.780s][debug][gc,phases      ] GC(5)     Total                          Min: 0, Avg:  0.0, Max: 0, Diff: 0, Sum: 0, Workers: 4
[4.780s][debug][gc,phases      ] GC(5) Weak Processing 0.710ms
[4.780s][debug][gc,age         ] GC(5) Desired survivor size 536870912 bytes, new threshold 7 (max threshold 15)
[4.780s][info ][gc,heap        ] GC(5) PSYoungGen: 1222019K(1572864K)->180651K(1572864K) Eden: 1048576K(1048576K)->0K(1048576K) From: 173443K(524288K)->180651K(524288K)
[4.780s][info ][gc,heap        ] GC(5) ParOldGen: 5642K(6144K)->5650K(6144K)
[4.780s][info ][gc,metaspace   ] GC(5) Metaspace: 54054K(54656K)->54054K(54656K) NonClass: 46053K(46400K)->46053K(46400K) Class: 8000K(8256K)->8000K(8256K)
[4.780s][info ][gc             ] GC(5) Pause Young (Allocation Failure) 1198M->181M(1542M) 90.775ms
[4.780s][info ][gc,cpu         ] GC(5) User=0.33s Sys=0.03s Real=0.09s
[4.781s][info ][safepoint      ] Safepoint "ParallelGCFailedAllocation", Time since last: 30301559 ns, Reaching safepoint: 177304 ns, At safepoint: 90885075 ns, Total: 91062379 ns
[4.790s][info ][safepoint      ] Safepoint "ICBufferFull", Time since last: 9605641 ns, Reaching safepoint: 119103 ns, At safepoint: 28000 ns, Total: 147103 ns
[4.816s][info ][safepoint      ] Safepoint "ICBufferFull", Time since last: 25590241 ns, Reaching safepoint: 145503 ns, At safepoint: 24701 ns, Total: 170204 ns
[4.826s][info ][safepoint      ] Safepoint "ICBufferFull", Time since last: 10080552 ns, Reaching safepoint: 146704 ns, At safepoint: 19701 ns, Total: 166405 ns
[4.859s][info ][safepoint      ] Safepoint "ICBufferFull", Time since last: 32360510 ns, Reaching safepoint: 121503 ns, At safepoint: 25400 ns, Total: 146903 ns
[4.900s][info ][safepoint      ] Safepoint "ICBufferFull", Time since last: 39695194 ns, Reaching safepoint: 1014425 ns, At safepoint: 24101 ns, Total: 1038526 ns
[4.916s][info ][safepoint      ] Safepoint "ICBufferFull", Time since last: 16586915 ns, Reaching safepoint: 139104 ns, At safepoint: 21700 ns, Total: 160804 ns
[4.928s][info ][safepoint      ] Safepoint "ICBufferFull", Time since last: 11361985 ns, Reaching safepoint: 139903 ns, At safepoint: 29701 ns, Total: 169604 ns
[4.938s][info ][safepoint      ] Safepoint "ICBufferFull", Time since last: 10461462 ns, Reaching safepoint: 138403 ns, At safepoint: 23201 ns, Total: 161604 ns
[4.945s][info ][safepoint      ] Safepoint "ICBufferFull", Time since last: 6276257 ns, Reaching safepoint: 114803 ns, At safepoint: 25700 ns, Total: 140503 ns
[4.954s][info ][safepoint      ] Safepoint "ICBufferFull", Time since last: 8711118 ns, Reaching safepoint: 122803 ns, At safepoint: 22601 ns, Total: 145404 ns
[4.963s][info ][safepoint      ] Safepoint "ICBufferFull", Time since last: 8701318 ns, Reaching safepoint: 116103 ns, At safepoint: 23700 ns, Total: 139803 ns
[4.972s][info ][safepoint      ] Safepoint "ICBufferFull", Time since last: 6192855 ns, Reaching safepoint: 3204980 ns, At safepoint: 25301 ns, Total: 3230281 ns
[4.980s][info ][safepoint      ] Safepoint "ICBufferFull", Time since last: 7004375 ns, Reaching safepoint: 536614 ns, At safepoint: 28901 ns, Total: 565515 ns
[4.986s][info ][safepoint      ] Safepoint "ICBufferFull", Time since last: 6593465 ns, Reaching safepoint: 120103 ns, At safepoint: 20200 ns, Total: 140303 ns
[4.993s][info ][safepoint      ] Safepoint "ICBufferFull", Time since last: 6820371 ns, Reaching safepoint: 132503 ns, At safepoint: 35201 ns, Total: 167704 ns
[4.997s][info ][gc,start       ] GC(6) Pause Young (Allocation Failure)
[5.070s][debug][gc,phases      ] GC(6) Scavenge 72.980ms
[5.070s][debug][gc,ref         ] GC(6) Skipped phase 1 of Reference Processing: no references
[5.070s][debug][gc,ref         ] GC(6) ReferenceProcessor::execute queues: 4, RefProcThreadModel::Multi, marks_oops_alive: false
[5.070s][debug][gc,ref         ] GC(6) Skipped phase 3 of Reference Processing: no references
[5.070s][debug][gc,ref         ] GC(6) ReferenceProcessor::execute queues: 1, RefProcThreadModel::Single, marks_oops_alive: false
[5.070s][debug][gc,phases      ] GC(6) Reference Processing 0.328ms
[5.071s][debug][gc,phases      ] GC(6)   VM Weak                        Min:  0.0, Avg:  0.0, Max:  0.0, Diff:  0.0, Sum:  0.0, Workers: 4
[5.071s][debug][gc,phases      ] GC(6)     Dead                           Min: 0, Avg:  0.0, Max: 0, Diff: 0, Sum: 0, Workers: 4
[5.071s][debug][gc,phases      ] GC(6)     Total                          Min: 0, Avg: 110.5, Max: 250, Diff: 250, Sum: 442, Workers: 4
[5.071s][debug][gc,phases      ] GC(6)   ObjectSynchronizer Weak        Min:  0.0, Avg:  0.0, Max:  0.0, Diff:  0.0, Sum:  0.0, Workers: 4
[5.071s][debug][gc,phases      ] GC(6)     Dead                           Min: 0, Avg:  0.0, Max: 0, Diff: 0, Sum: 0, Workers: 4
[5.071s][debug][gc,phases      ] GC(6)     Total                          Min: 0, Avg: 86.8, Max: 128, Diff: 128, Sum: 347, Workers: 4
[5.071s][debug][gc,phases      ] GC(6)   JVMTI Tag Weak OopStorage      Min:  0.0, Avg:  0.0, Max:  0.0, Diff:  0.0, Sum:  0.0, Workers: 4
[5.071s][debug][gc,phases      ] GC(6)     Dead                           Min: 0, Avg:  0.0, Max: 0, Diff: 0, Sum: 0, Workers: 4
[5.071s][debug][gc,phases      ] GC(6)     Total                          Min: 0, Avg:  0.0, Max: 0, Diff: 0, Sum: 0, Workers: 4
[5.071s][debug][gc,phases      ] GC(6)   StringTable Weak               Min:  0.5, Avg:  0.5, Max:  0.5, Diff:  0.0, Sum:  1.9, Workers: 4
[5.071s][debug][gc,phases      ] GC(6)     Dead                           Min: 0, Avg:  0.0, Max: 0, Diff: 0, Sum: 0, Workers: 4
[5.071s][debug][gc,phases      ] GC(6)     Total                          Min: 8636, Avg: 9599.0, Max: 11328, Diff: 2692, Sum: 38396, Workers: 4
[5.071s][debug][gc,phases      ] GC(6)   ResolvedMethodTable Weak       Min:  0.1, Avg:  0.1, Max:  0.1, Diff:  0.0, Sum:  0.3, Workers: 4
[5.071s][debug][gc,phases      ] GC(6)     Dead                           Min: 0, Avg:  0.0, Max: 0, Diff: 0, Sum: 0, Workers: 4
[5.071s][debug][gc,phases      ] GC(6)     Total                          Min: 1024, Avg: 1230.0, Max: 1663, Diff: 639, Sum: 4920, Workers: 4
[5.071s][debug][gc,phases      ] GC(6)   JNI Weak                       Min:  0.0, Avg:  0.0, Max:  0.0, Diff:  0.0, Sum:  0.0, Workers: 4
[5.071s][debug][gc,phases      ] GC(6)     Dead                           Min: 0, Avg:  0.0, Max: 0, Diff: 0, Sum: 0, Workers: 4
[5.071s][debug][gc,phases      ] GC(6)     Total                          Min: 0, Avg:  1.0, Max: 4, Diff: 4, Sum: 4, Workers: 4
[5.071s][debug][gc,phases      ] GC(6)   StringDedup Table Weak         Min:  0.0, Avg:  0.0, Max:  0.0, Diff:  0.0, Sum:  0.0, Workers: 4
[5.071s][debug][gc,phases      ] GC(6)     Dead                           Min: 0, Avg:  0.0, Max: 0, Diff: 0, Sum: 0, Workers: 4
[5.071s][debug][gc,phases      ] GC(6)     Total                          Min: 0, Avg:  0.0, Max: 0, Diff: 0, Sum: 0, Workers: 4
[5.071s][debug][gc,phases      ] GC(6)   StringDedup Requests0 Weak     Min:  0.0, Avg:  0.0, Max:  0.0, Diff:  0.0, Sum:  0.0, Workers: 4
[5.071s][debug][gc,phases      ] GC(6)     Dead                           Min: 0, Avg:  0.0, Max: 0, Diff: 0, Sum: 0, Workers: 4
[5.071s][debug][gc,phases      ] GC(6)     Total                          Min: 0, Avg:  0.0, Max: 0, Diff: 0, Sum: 0, Workers: 4
[5.071s][debug][gc,phases      ] GC(6)   StringDedup Requests1 Weak     Min:  0.0, Avg:  0.0, Max:  0.0, Diff:  0.0, Sum:  0.0, Workers: 4
[5.071s][debug][gc,phases      ] GC(6)     Dead                           Min: 0, Avg:  0.0, Max: 0, Diff: 0, Sum: 0, Workers: 4
[5.071s][debug][gc,phases      ] GC(6)     Total                          Min: 0, Avg:  0.0, Max: 0, Diff: 0, Sum: 0, Workers: 4
[5.071s][debug][gc,phases      ] GC(6)   Weak JFR Old Object Samples    Min:  0.0, Avg:  0.0, Max:  0.0, Diff:  0.0, Sum:  0.0, Workers: 4
[5.071s][debug][gc,phases      ] GC(6)     Dead                           Min: 0, Avg:  0.0, Max: 0, Diff: 0, Sum: 0, Workers: 4
[5.071s][debug][gc,phases      ] GC(6)     Total                          Min: 0, Avg:  0.0, Max: 0, Diff: 0, Sum: 0, Workers: 4
[5.071s][debug][gc,phases      ] GC(6) Weak Processing 0.743ms
[5.071s][debug][gc,age         ] GC(6) Desired survivor size 274726912 bytes, new threshold 6 (max threshold 15)
[5.071s][info ][gc,heap        ] GC(6) PSYoungGen: 1229227K(1572864K)->181450K(1572864K) Eden: 1048576K(1048576K)->0K(1048576K) From: 180651K(524288K)->181450K(524288K)
[5.071s][info ][gc,heap        ] GC(6) ParOldGen: 5650K(6144K)->5658K(6144K)
[5.071s][info ][gc,metaspace   ] GC(6) Metaspace: 54238K(54784K)->54238K(54784K) NonClass: 46227K(46528K)->46227K(46528K) Class: 8011K(8256K)->8011K(8256K)
[5.071s][info ][gc             ] GC(6) Pause Young (Allocation Failure) 1205M->182M(1542M) 74.183ms
[5.071s][info ][gc,cpu         ] GC(6) User=0.29s Sys=0.00s Real=0.07s
[5.071s][info ][safepoint      ] Safepoint "ParallelGCFailedAllocation", Time since last: 3018176 ns, Reaching safepoint: 378009 ns, At safepoint: 74295560 ns, Total: 74673569 ns
[5.089s][info ][safepoint      ] Safepoint "ICBufferFull", Time since last: 18292657 ns, Reaching safepoint: 134304 ns, At safepoint: 26500 ns, Total: 160804 ns
[5.095s][info ][safepoint      ] Safepoint "ICBufferFull", Time since last: 5707843 ns, Reaching safepoint: 120403 ns, At safepoint: 22801 ns, Total: 143204 ns
[5.102s][info ][safepoint      ] Safepoint "ICBufferFull", Time since last: 6724168 ns, Reaching safepoint: 121503 ns, At safepoint: 27701 ns, Total: 149204 ns
[5.107s][info ][safepoint      ] Safepoint "ICBufferFull", Time since last: 5097728 ns, Reaching safepoint: 112202 ns, At safepoint: 24401 ns, Total: 136603 ns
[5.116s][info ][safepoint      ] Safepoint "ICBufferFull", Time since last: 8839521 ns, Reaching safepoint: 112703 ns, At safepoint: 25801 ns, Total: 138504 ns
[5.132s][info ][safepoint      ] Safepoint "ICBufferFull", Time since last: 15032376 ns, Reaching safepoint: 170604 ns, At safepoint: 23601 ns, Total: 194205 ns
[5.139s][info ][safepoint      ] Safepoint "ICBufferFull", Time since last: 7371084 ns, Reaching safepoint: 116603 ns, At safepoint: 29601 ns, Total: 146204 ns
[5.147s][info ][safepoint      ] Safepoint "ICBufferFull", Time since last: 7742894 ns, Reaching safepoint: 106202 ns, At safepoint: 19801 ns, Total: 126003 ns
[5.155s][info ][safepoint      ] Safepoint "ICBufferFull", Time since last: 7712093 ns, Reaching safepoint: 118203 ns, At safepoint: 26100 ns, Total: 144303 ns
[5.161s][info ][safepoint      ] Safepoint "ICBufferFull", Time since last: 6095653 ns, Reaching safepoint: 96902 ns, At safepoint: 24101 ns, Total: 121003 ns
[5.186s][info ][safepoint      ] Safepoint "ICBufferFull", Time since last: 24335109 ns, Reaching safepoint: 421611 ns, At safepoint: 28800 ns, Total: 450411 ns
[5.194s][info ][safepoint      ] Safepoint "ICBufferFull", Time since last: 7865297 ns, Reaching safepoint: 185405 ns, At safepoint: 26501 ns, Total: 211906 ns
[5.201s][info ][safepoint      ] Safepoint "ICBufferFull", Time since last: 7265481 ns, Reaching safepoint: 106703 ns, At safepoint: 24601 ns, Total: 131304 ns
[5.215s][info ][safepoint      ] Safepoint "ICBufferFull", Time since last: 13132528 ns, Reaching safepoint: 69502 ns, At safepoint: 21301 ns, Total: 90803 ns
[5.228s][info ][safepoint      ] Safepoint "ICBufferFull", Time since last: 12000600 ns, Reaching safepoint: 1004825 ns, At safepoint: 26401 ns, Total: 1031226 ns
[5.249s][info ][safepoint      ] Safepoint "ICBufferFull", Time since last: 21265532 ns, Reaching safepoint: 148204 ns, At safepoint: 32101 ns, Total: 180305 ns
[5.290s][info ][safepoint      ] Safepoint "ICBufferFull", Time since last: 37539239 ns, Reaching safepoint: 3221781 ns, At safepoint: 28301 ns, Total: 3250082 ns
[5.313s][info ][safepoint      ] Safepoint "ICBufferFull", Time since last: 23149979 ns, Reaching safepoint: 138903 ns, At safepoint: 27201 ns, Total: 166104 ns
[5.340s][info ][safepoint      ] Safepoint "ICBufferFull", Time since last: 24778920 ns, Reaching safepoint: 2126354 ns, At safepoint: 30900 ns, Total: 2157254 ns
[5.363s][info ][safepoint      ] Safepoint "ICBufferFull", Time since last: 22590466 ns, Reaching safepoint: 124403 ns, At safepoint: 24800 ns, Total: 149203 ns
[5.452s][info ][gc,start       ] GC(7) Pause Young (Allocation Failure)
[5.550s][debug][gc,phases      ] GC(7) Scavenge 97.726ms
[5.550s][debug][gc,ref         ] GC(7) Skipped phase 1 of Reference Processing: no references
[5.550s][debug][gc,ref         ] GC(7) ReferenceProcessor::execute queues: 4, RefProcThreadModel::Multi, marks_oops_alive: false
[5.551s][debug][gc,ref         ] GC(7) Skipped phase 3 of Reference Processing: no references
[5.551s][debug][gc,ref         ] GC(7) ReferenceProcessor::execute queues: 1, RefProcThreadModel::Single, marks_oops_alive: false
[5.551s][debug][gc,phases      ] GC(7) Reference Processing 0.374ms
[5.551s][debug][gc,phases      ] GC(7)   VM Weak                        Min:  0.0, Avg:  0.0, Max:  0.0, Diff:  0.0, Sum:  0.0, Workers: 4
[5.551s][debug][gc,phases      ] GC(7)     Dead                           Min: 0, Avg:  0.0, Max: 0, Diff: 0, Sum: 0, Workers: 4
[5.551s][debug][gc,phases      ] GC(7)     Total                          Min: 0, Avg: 124.0, Max: 320, Diff: 320, Sum: 496, Workers: 4
[5.551s][debug][gc,phases      ] GC(7)   ObjectSynchronizer Weak        Min:  0.0, Avg:  0.0, Max:  0.0, Diff:  0.0, Sum:  0.0, Workers: 4
[5.551s][debug][gc,phases      ] GC(7)     Dead                           Min: 0, Avg:  0.5, Max: 2, Diff: 2, Sum: 2, Workers: 4
[5.551s][debug][gc,phases      ] GC(7)     Total                          Min: 0, Avg: 86.8, Max: 219, Diff: 219, Sum: 347, Workers: 4
[5.551s][debug][gc,phases      ] GC(7)   JVMTI Tag Weak OopStorage      Min:  0.0, Avg:  0.0, Max:  0.0, Diff:  0.0, Sum:  0.0, Workers: 4
[5.551s][debug][gc,phases      ] GC(7)     Dead                           Min: 0, Avg:  0.0, Max: 0, Diff: 0, Sum: 0, Workers: 4
[5.551s][debug][gc,phases      ] GC(7)     Total                          Min: 0, Avg:  0.0, Max: 0, Diff: 0, Sum: 0, Workers: 4
[5.551s][debug][gc,phases      ] GC(7)   StringTable Weak               Min:  0.4, Avg:  0.4, Max:  0.4, Diff:  0.0, Sum:  1.7, Workers: 4
[5.551s][debug][gc,phases      ] GC(7)     Dead                           Min: 0, Avg:  4.0, Max: 9, Diff: 9, Sum: 16, Workers: 4
[5.551s][debug][gc,phases      ] GC(7)     Total                          Min: 7488, Avg: 9620.5, Max: 12288, Diff: 4800, Sum: 38482, Workers: 4
[5.551s][debug][gc,phases      ] GC(7)   ResolvedMethodTable Weak       Min:  0.1, Avg:  0.1, Max:  0.1, Diff:  0.0, Sum:  0.2, Workers: 4
[5.551s][debug][gc,phases      ] GC(7)     Dead                           Min: 0, Avg:  3.5, Max: 14, Diff: 14, Sum: 14, Workers: 4
[5.551s][debug][gc,phases      ] GC(7)     Total                          Min: 960, Avg: 1270.2, Max: 1600, Diff: 640, Sum: 5081, Workers: 4
[5.551s][debug][gc,phases      ] GC(7)   JNI Weak                       Min:  0.0, Avg:  0.0, Max:  0.0, Diff:  0.0, Sum:  0.0, Workers: 4
[5.551s][debug][gc,phases      ] GC(7)     Dead                           Min: 0, Avg:  0.0, Max: 0, Diff: 0, Sum: 0, Workers: 4
[5.551s][debug][gc,phases      ] GC(7)     Total                          Min: 0, Avg:  3.2, Max: 13, Diff: 13, Sum: 13, Workers: 4
[5.551s][debug][gc,phases      ] GC(7)   StringDedup Table Weak         Min:  0.0, Avg:  0.0, Max:  0.0, Diff:  0.0, Sum:  0.0, Workers: 4
[5.551s][debug][gc,phases      ] GC(7)     Dead                           Min: 0, Avg:  0.0, Max: 0, Diff: 0, Sum: 0, Workers: 4
[5.551s][debug][gc,phases      ] GC(7)     Total                          Min: 0, Avg:  0.0, Max: 0, Diff: 0, Sum: 0, Workers: 4
[5.551s][debug][gc,phases      ] GC(7)   StringDedup Requests0 Weak     Min:  0.0, Avg:  0.0, Max:  0.0, Diff:  0.0, Sum:  0.0, Workers: 4
[5.551s][debug][gc,phases      ] GC(7)     Dead                           Min: 0, Avg:  0.0, Max: 0, Diff: 0, Sum: 0, Workers: 4
[5.551s][debug][gc,phases      ] GC(7)     Total                          Min: 0, Avg:  0.0, Max: 0, Diff: 0, Sum: 0, Workers: 4
[5.551s][debug][gc,phases      ] GC(7)   StringDedup Requests1 Weak     Min:  0.0, Avg:  0.0, Max:  0.0, Diff:  0.0, Sum:  0.0, Workers: 4
[5.551s][debug][gc,phases      ] GC(7)     Dead                           Min: 0, Avg:  0.0, Max: 0, Diff: 0, Sum: 0, Workers: 4
[5.551s][debug][gc,phases      ] GC(7)     Total                          Min: 0, Avg:  0.0, Max: 0, Diff: 0, Sum: 0, Workers: 4
[5.551s][debug][gc,phases      ] GC(7)   Weak JFR Old Object Samples    Min:  0.0, Avg:  0.0, Max:  0.0, Diff:  0.0, Sum:  0.0, Workers: 4
[5.551s][debug][gc,phases      ] GC(7)     Dead                           Min: 0, Avg:  0.0, Max: 0, Diff: 0, Sum: 0, Workers: 4
[5.551s][debug][gc,phases      ] GC(7)     Total                          Min: 0, Avg:  0.0, Max: 0, Diff: 0, Sum: 0, Workers: 4
[5.551s][debug][gc,phases      ] GC(7) Weak Processing 0.676ms
[5.551s][debug][gc,age         ] GC(7) Desired survivor size 284164096 bytes, new threshold 5 (max threshold 15)
[5.551s][info ][gc,heap        ] GC(7) PSYoungGen: 1230026K(1572864K)->179587K(1810432K) Eden: 1048576K(1048576K)->0K(1542144K) From: 181450K(524288K)->179587K(268288K)
[5.551s][info ][gc,heap        ] GC(7) ParOldGen: 5658K(6144K)->5666K(6144K)
[5.551s][info ][gc,metaspace   ] GC(7) Metaspace: 54797K(55488K)->54797K(55488K) NonClass: 46700K(47040K)->46700K(47040K) Class: 8097K(8448K)->8097K(8448K)
[5.551s][info ][gc             ] GC(7) Pause Young (Allocation Failure) 1206M->180M(1774M) 98.916ms
[5.551s][info ][gc,cpu         ] GC(7) User=0.37s Sys=0.12s Real=0.09s
[5.551s][info ][safepoint      ] Safepoint "ParallelGCFailedAllocation", Time since last: 86305561 ns, Reaching safepoint: 3266081 ns, At safepoint: 99029379 ns, Total: 102295460 ns
[6.064s][info ][gc,start       ] GC(8) Pause Young (Allocation Failure)
[6.149s][debug][gc,phases      ] GC(8) Scavenge 85.036ms
[6.149s][debug][gc,ref         ] GC(8) Skipped phase 1 of Reference Processing: no references
[6.149s][debug][gc,ref         ] GC(8) ReferenceProcessor::execute queues: 3, RefProcThreadModel::Multi, marks_oops_alive: false
[6.150s][debug][gc,ref         ] GC(8) Skipped phase 3 of Reference Processing: no references
[6.150s][debug][gc,ref         ] GC(8) ReferenceProcessor::execute queues: 1, RefProcThreadModel::Single, marks_oops_alive: false
[6.150s][debug][gc,phases      ] GC(8) Reference Processing 0.309ms
[6.150s][debug][gc,phases      ] GC(8)   VM Weak                        Min:  0.0, Avg:  0.0, Max:  0.0, Diff:  0.0, Sum:  0.0, Workers: 4
[6.150s][debug][gc,phases      ] GC(8)     Dead                           Min: 0, Avg:  0.0, Max: 0, Diff: 0, Sum: 0, Workers: 4
[6.150s][debug][gc,phases      ] GC(8)     Total                          Min: 0, Avg: 131.2, Max: 256, Diff: 256, Sum: 525, Workers: 4
[6.150s][debug][gc,phases      ] GC(8)   ObjectSynchronizer Weak        Min:  0.0, Avg:  0.0, Max:  0.0, Diff:  0.0, Sum:  0.0, Workers: 4
[6.150s][debug][gc,phases      ] GC(8)     Dead                           Min: 0, Avg:  0.0, Max: 0, Diff: 0, Sum: 0, Workers: 4
[6.150s][debug][gc,phases      ] GC(8)     Total                          Min: 27, Avg: 86.8, Max: 128, Diff: 101, Sum: 347, Workers: 4
[6.150s][debug][gc,phases      ] GC(8)   JVMTI Tag Weak OopStorage      Min:  0.0, Avg:  0.0, Max:  0.0, Diff:  0.0, Sum:  0.0, Workers: 4
[6.150s][debug][gc,phases      ] GC(8)     Dead                           Min: 0, Avg:  0.0, Max: 0, Diff: 0, Sum: 0, Workers: 4
[6.150s][debug][gc,phases      ] GC(8)     Total                          Min: 0, Avg:  0.0, Max: 0, Diff: 0, Sum: 0, Workers: 4
[6.150s][debug][gc,phases      ] GC(8)   StringTable Weak               Min:  0.3, Avg:  0.3, Max:  0.3, Diff:  0.0, Sum:  1.3, Workers: 4
[6.150s][debug][gc,phases      ] GC(8)     Dead                           Min: 0, Avg:  4.5, Max: 14, Diff: 14, Sum: 18, Workers: 4
[6.150s][debug][gc,phases      ] GC(8)     Total                          Min: 8768, Avg: 9849.5, Max: 10470, Diff: 1702, Sum: 39398, Workers: 4
[6.150s][debug][gc,phases      ] GC(8)   ResolvedMethodTable Weak       Min:  0.1, Avg:  0.1, Max:  0.1, Diff:  0.0, Sum:  0.2, Workers: 4
[6.150s][debug][gc,phases      ] GC(8)     Dead                           Min: 3, Avg:  9.0, Max: 18, Diff: 15, Sum: 36, Workers: 4
[6.150s][debug][gc,phases      ] GC(8)     Total                          Min: 1344, Avg: 1456.0, Max: 1536, Diff: 192, Sum: 5824, Workers: 4
[6.150s][debug][gc,phases      ] GC(8)   JNI Weak                       Min:  0.0, Avg:  0.0, Max:  0.0, Diff:  0.0, Sum:  0.0, Workers: 4
[6.150s][debug][gc,phases      ] GC(8)     Dead                           Min: 0, Avg:  0.0, Max: 0, Diff: 0, Sum: 0, Workers: 4
[6.150s][debug][gc,phases      ] GC(8)     Total                          Min: 0, Avg:  0.0, Max: 0, Diff: 0, Sum: 0, Workers: 4
[6.150s][debug][gc,phases      ] GC(8)   StringDedup Table Weak         Min:  0.0, Avg:  0.0, Max:  0.0, Diff:  0.0, Sum:  0.0, Workers: 4
[6.150s][debug][gc,phases      ] GC(8)     Dead                           Min: 0, Avg:  0.0, Max: 0, Diff: 0, Sum: 0, Workers: 4
[6.150s][debug][gc,phases      ] GC(8)     Total                          Min: 0, Avg:  0.0, Max: 0, Diff: 0, Sum: 0, Workers: 4
[6.150s][debug][gc,phases      ] GC(8)   StringDedup Requests0 Weak     Min:  0.0, Avg:  0.0, Max:  0.0, Diff:  0.0, Sum:  0.0, Workers: 4
[6.150s][debug][gc,phases      ] GC(8)     Dead                           Min: 0, Avg:  0.0, Max: 0, Diff: 0, Sum: 0, Workers: 4
[6.150s][debug][gc,phases      ] GC(8)     Total                          Min: 0, Avg:  0.0, Max: 0, Diff: 0, Sum: 0, Workers: 4
[6.150s][debug][gc,phases      ] GC(8)   StringDedup Requests1 Weak     Min:  0.0, Avg:  0.0, Max:  0.0, Diff:  0.0, Sum:  0.0, Workers: 4
[6.150s][debug][gc,phases      ] GC(8)     Dead                           Min: 0, Avg:  0.0, Max: 0, Diff: 0, Sum: 0, Workers: 4
[6.150s][debug][gc,phases      ] GC(8)     Total                          Min: 0, Avg:  0.0, Max: 0, Diff: 0, Sum: 0, Workers: 4
[6.150s][debug][gc,phases      ] GC(8)   Weak JFR Old Object Samples    Min:  0.0, Avg:  0.0, Max:  0.0, Diff:  0.0, Sum:  0.0, Workers: 4
[6.150s][debug][gc,phases      ] GC(8)     Dead                           Min: 0, Avg:  0.0, Max: 0, Diff: 0, Sum: 0, Workers: 4
[6.150s][debug][gc,phases      ] GC(8)     Total                          Min: 0, Avg:  0.0, Max: 0, Diff: 0, Sum: 0, Workers: 4
[6.150s][debug][gc,phases      ] GC(8) Weak Processing 0.561ms
[6.150s][debug][gc,age         ] GC(8) Desired survivor size 264241152 bytes, new threshold 4 (max threshold 15)
[6.150s][info ][gc,heap        ] GC(8) PSYoungGen: 1721731K(1810432K)->127452K(1819648K) Eden: 1542144K(1542144K)->0K(1542144K) From: 179587K(268288K)->127452K(277504K)
[6.150s][info ][gc,heap        ] GC(8) ParOldGen: 5666K(6144K)->61876K(61952K)
[6.150s][info ][gc,metaspace   ] GC(8) Metaspace: 57584K(58304K)->57584K(58304K) NonClass: 48976K(49344K)->48976K(49344K) Class: 8607K(8960K)->8607K(8960K)
[6.150s][info ][gc             ] GC(8) Pause Young (Allocation Failure) 1686M->184M(1837M) 86.037ms
[6.150s][info ][gc,cpu         ] GC(8) User=0.32s Sys=0.03s Real=0.08s
[6.150s][debug][gc,phases      ] GC(9) Pre Compact 0.009ms
[6.150s][info ][gc,start       ] GC(9) Pause Full (Ergonomics)
[6.150s][info ][gc,phases,start] GC(9) Marking Phase
[6.223s][debug][gc,phases      ] GC(9) Par Mark 72.371ms
[6.223s][debug][gc,ref         ] GC(9) Skipped phase 1 of Reference Processing: no references
[6.223s][debug][gc,ref         ] GC(9) ReferenceProcessor::execute queues: 4, RefProcThreadModel::Multi, marks_oops_alive: false
[6.223s][debug][gc,ref         ] GC(9) Skipped phase 3 of Reference Processing: no references
[6.223s][debug][gc,ref         ] GC(9) ReferenceProcessor::execute queues: 1, RefProcThreadModel::Single, marks_oops_alive: false
[6.223s][debug][gc,phases      ] GC(9) Reference Processing 0.304ms
[6.223s][debug][gc,phases      ] GC(9)   VM Weak                        Min:  0.0, Avg:  0.0, Max:  0.0, Diff:  0.0, Sum:  0.0, Workers: 4
[6.223s][debug][gc,phases      ] GC(9)     Dead                           Min: 0, Avg:  1.2, Max: 5, Diff: 5, Sum: 5, Workers: 4
[6.223s][debug][gc,phases      ] GC(9)     Total                          Min: 0, Avg: 131.2, Max: 256, Diff: 256, Sum: 525, Workers: 4
[6.223s][debug][gc,phases      ] GC(9)   ObjectSynchronizer Weak        Min:  0.0, Avg:  0.0, Max:  0.0, Diff:  0.0, Sum:  0.0, Workers: 4
[6.223s][debug][gc,phases      ] GC(9)     Dead                           Min: 0, Avg:  0.0, Max: 0, Diff: 0, Sum: 0, Workers: 4
[6.223s][debug][gc,phases      ] GC(9)     Total                          Min: 0, Avg: 86.8, Max: 128, Diff: 128, Sum: 347, Workers: 4
[6.223s][debug][gc,phases      ] GC(9)   JVMTI Tag Weak OopStorage      Min:  0.0, Avg:  0.0, Max:  0.0, Diff:  0.0, Sum:  0.0, Workers: 4
[6.223s][debug][gc,phases      ] GC(9)     Dead                           Min: 0, Avg:  0.0, Max: 0, Diff: 0, Sum: 0, Workers: 4
[6.223s][debug][gc,phases      ] GC(9)     Total                          Min: 0, Avg:  0.0, Max: 0, Diff: 0, Sum: 0, Workers: 4
[6.223s][debug][gc,phases      ] GC(9)   StringTable Weak               Min:  0.1, Avg:  0.1, Max:  0.1, Diff:  0.0, Sum:  0.5, Workers: 4
[6.223s][debug][gc,phases      ] GC(9)     Dead                           Min: 0, Avg:  0.0, Max: 0, Diff: 0, Sum: 0, Workers: 4
[6.223s][debug][gc,phases      ] GC(9)     Total                          Min: 8384, Avg: 9849.5, Max: 11072, Diff: 2688, Sum: 39398, Workers: 4
[6.223s][debug][gc,phases      ] GC(9)   ResolvedMethodTable Weak       Min:  0.0, Avg:  0.0, Max:  0.0, Diff:  0.0, Sum:  0.1, Workers: 4
[6.223s][debug][gc,phases      ] GC(9)     Dead                           Min: 0, Avg:  1.2, Max: 5, Diff: 5, Sum: 5, Workers: 4
[6.223s][debug][gc,phases      ] GC(9)     Total                          Min: 1216, Avg: 1456.0, Max: 1600, Diff: 384, Sum: 5824, Workers: 4
[6.223s][debug][gc,phases      ] GC(9)   JNI Weak                       Min:  0.0, Avg:  0.0, Max:  0.0, Diff:  0.0, Sum:  0.0, Workers: 4
[6.223s][debug][gc,phases      ] GC(9)     Dead                           Min: 0, Avg:  0.0, Max: 0, Diff: 0, Sum: 0, Workers: 4
[6.223s][debug][gc,phases      ] GC(9)     Total                          Min: 0, Avg:  0.0, Max: 0, Diff: 0, Sum: 0, Workers: 4
[6.223s][debug][gc,phases      ] GC(9)   StringDedup Table Weak         Min:  0.0, Avg:  0.0, Max:  0.0, Diff:  0.0, Sum:  0.0, Workers: 4
[6.223s][debug][gc,phases      ] GC(9)     Dead                           Min: 0, Avg:  0.0, Max: 0, Diff: 0, Sum: 0, Workers: 4
[6.223s][debug][gc,phases      ] GC(9)     Total                          Min: 0, Avg:  0.0, Max: 0, Diff: 0, Sum: 0, Workers: 4
[6.223s][debug][gc,phases      ] GC(9)   StringDedup Requests0 Weak     Min:  0.0, Avg:  0.0, Max:  0.0, Diff:  0.0, Sum:  0.0, Workers: 4
[6.223s][debug][gc,phases      ] GC(9)     Dead                           Min: 0, Avg:  0.0, Max: 0, Diff: 0, Sum: 0, Workers: 4
[6.223s][debug][gc,phases      ] GC(9)     Total                          Min: 0, Avg:  0.0, Max: 0, Diff: 0, Sum: 0, Workers: 4
[6.223s][debug][gc,phases      ] GC(9)   StringDedup Requests1 Weak     Min:  0.0, Avg:  0.0, Max:  0.0, Diff:  0.0, Sum:  0.0, Workers: 4
[6.223s][debug][gc,phases      ] GC(9)     Dead                           Min: 0, Avg:  0.0, Max: 0, Diff: 0, Sum: 0, Workers: 4
[6.223s][debug][gc,phases      ] GC(9)     Total                          Min: 0, Avg:  0.0, Max: 0, Diff: 0, Sum: 0, Workers: 4
[6.223s][debug][gc,phases      ] GC(9)   Weak JFR Old Object Samples    Min:  0.0, Avg:  0.0, Max:  0.0, Diff:  0.0, Sum:  0.0, Workers: 4
[6.223s][debug][gc,phases      ] GC(9)     Dead                           Min: 0, Avg:  0.0, Max: 0, Diff: 0, Sum: 0, Workers: 4
[6.223s][debug][gc,phases      ] GC(9)     Total                          Min: 0, Avg:  0.0, Max: 0, Diff: 0, Sum: 0, Workers: 4
[6.223s][debug][gc,phases      ] GC(9) Weak Processing 0.326ms
[6.224s][debug][gc,phases      ] GC(9) ClassLoaderData 0.196ms
[6.224s][debug][gc,phases      ] GC(9) Trigger cleanups 0.001ms
[6.234s][debug][gc,phases      ] GC(9) Class Unloading 11.016ms
[6.235s][info ][gc,phases      ] GC(9) Marking Phase 84.187ms
[6.235s][info ][gc,phases,start] GC(9) Summary Phase
[6.235s][info ][gc,phases      ] GC(9) Summary Phase 0.009ms
[6.235s][info ][gc,phases,start] GC(9) Adjust Roots
[6.243s][info ][gc,phases      ] GC(9) Adjust Roots 8.530ms
[6.243s][info ][gc,phases,start] GC(9) Compaction Phase
[6.965s][info ][gc,phases      ] GC(9) Compaction Phase 721.739ms
[6.965s][info ][gc,phases,start] GC(9) Post Compact
[6.966s][info ][gc,phases      ] GC(9) Post Compact 0.925ms
[6.966s][info ][gc,heap        ] GC(9) PSYoungGen: 127452K(1819648K)->127254K(1819648K) Eden: 0K(1542144K)->0K(1542144K) From: 127452K(277504K)->127254K(277504K)
[6.966s][info ][gc,heap        ] GC(9) ParOldGen: 61876K(61952K)->61597K(99840K)
[6.966s][info ][gc,metaspace   ] GC(9) Metaspace: 57584K(58304K)->57575K(58304K) NonClass: 48976K(49344K)->48970K(49344K) Class: 8607K(8960K)->8605K(8960K)
[6.966s][info ][gc             ] GC(9) Pause Full (Ergonomics) 184M->184M(1874M) 815.610ms
[6.966s][info ][gc,cpu         ] GC(9) User=1.93s Sys=0.02s Real=0.82s
[6.966s][info ][safepoint      ] Safepoint "ParallelGCFailedAllocation", Time since last: 512573229 ns, Reaching safepoint: 215905 ns, At safepoint: 901804169 ns, Total: 902020074 ns
[7.217s][info ][gc,start       ] GC(10) Pause Young (Allocation Failure)
[7.327s][debug][gc,phases      ] GC(10) Scavenge 110.182ms
[7.327s][debug][gc,ref         ] GC(10) Skipped phase 1 of Reference Processing: no references
[7.327s][debug][gc,ref         ] GC(10) ReferenceProcessor::execute queues: 1, RefProcThreadModel::Single, marks_oops_alive: false
[7.327s][debug][gc,ref         ] GC(10) Skipped phase 3 of Reference Processing: no references
[7.327s][debug][gc,ref         ] GC(10) ReferenceProcessor::execute queues: 1, RefProcThreadModel::Single, marks_oops_alive: false
[7.327s][debug][gc,phases      ] GC(10) Reference Processing 0.162ms
[7.327s][debug][gc,phases      ] GC(10)   VM Weak                        Min:  0.0, Avg:  0.0, Max:  0.0, Diff:  0.0, Sum:  0.0, Workers: 4
[7.327s][debug][gc,phases      ] GC(10)     Dead                           Min: 0, Avg:  0.0, Max: 0, Diff: 0, Sum: 0, Workers: 4
[7.327s][debug][gc,phases      ] GC(10)     Total                          Min: 0, Avg: 130.8, Max: 320, Diff: 320, Sum: 523, Workers: 4
[7.327s][debug][gc,phases      ] GC(10)   ObjectSynchronizer Weak        Min:  0.0, Avg:  0.0, Max:  0.0, Diff:  0.0, Sum:  0.0, Workers: 4
[7.327s][debug][gc,phases      ] GC(10)     Dead                           Min: 0, Avg:  0.0, Max: 0, Diff: 0, Sum: 0, Workers: 4
[7.327s][debug][gc,phases      ] GC(10)     Total                          Min: 28, Avg: 87.0, Max: 128, Diff: 100, Sum: 348, Workers: 4
[7.327s][debug][gc,phases      ] GC(10)   JVMTI Tag Weak OopStorage      Min:  0.0, Avg:  0.0, Max:  0.0, Diff:  0.0, Sum:  0.0, Workers: 4
[7.327s][debug][gc,phases      ] GC(10)     Dead                           Min: 0, Avg:  0.0, Max: 0, Diff: 0, Sum: 0, Workers: 4
[7.327s][debug][gc,phases      ] GC(10)     Total                          Min: 0, Avg:  0.0, Max: 0, Diff: 0, Sum: 0, Workers: 4
[7.327s][debug][gc,phases      ] GC(10)   StringTable Weak               Min:  0.2, Avg:  0.2, Max:  0.2, Diff:  0.0, Sum:  0.9, Workers: 4
[7.327s][debug][gc,phases      ] GC(10)     Dead                           Min: 0, Avg:  4.0, Max: 13, Diff: 13, Sum: 16, Workers: 4
[7.327s][debug][gc,phases      ] GC(10)     Total                          Min: 7360, Avg: 9901.8, Max: 11191, Diff: 3831, Sum: 39607, Workers: 4
[7.327s][debug][gc,phases      ] GC(10)   ResolvedMethodTable Weak       Min:  0.0, Avg:  0.0, Max:  0.0, Diff:  0.0, Sum:  0.2, Workers: 4
[7.327s][debug][gc,phases      ] GC(10)     Dead                           Min: 0, Avg:  6.8, Max: 21, Diff: 21, Sum: 27, Workers: 4
[7.327s][debug][gc,phases      ] GC(10)     Total                          Min: 1344, Avg: 1502.5, Max: 1658, Diff: 314, Sum: 6010, Workers: 4
[7.327s][debug][gc,phases      ] GC(10)   JNI Weak                       Min:  0.0, Avg:  0.0, Max:  0.0, Diff:  0.0, Sum:  0.0, Workers: 4
[7.327s][debug][gc,phases      ] GC(10)     Dead                           Min: 0, Avg:  0.0, Max: 0, Diff: 0, Sum: 0, Workers: 4
[7.327s][debug][gc,phases      ] GC(10)     Total                          Min: 0, Avg:  0.8, Max: 3, Diff: 3, Sum: 3, Workers: 4
[7.327s][debug][gc,phases      ] GC(10)   StringDedup Table Weak         Min:  0.0, Avg:  0.0, Max:  0.0, Diff:  0.0, Sum:  0.0, Workers: 4
[7.327s][debug][gc,phases      ] GC(10)     Dead                           Min: 0, Avg:  0.0, Max: 0, Diff: 0, Sum: 0, Workers: 4
[7.327s][debug][gc,phases      ] GC(10)     Total                          Min: 0, Avg:  0.0, Max: 0, Diff: 0, Sum: 0, Workers: 4
[7.327s][debug][gc,phases      ] GC(10)   StringDedup Requests0 Weak     Min:  0.0, Avg:  0.0, Max:  0.0, Diff:  0.0, Sum:  0.0, Workers: 4
[7.327s][debug][gc,phases      ] GC(10)     Dead                           Min: 0, Avg:  0.0, Max: 0, Diff: 0, Sum: 0, Workers: 4
[7.327s][debug][gc,phases      ] GC(10)     Total                          Min: 0, Avg:  0.0, Max: 0, Diff: 0, Sum: 0, Workers: 4
[7.327s][debug][gc,phases      ] GC(10)   StringDedup Requests1 Weak     Min:  0.0, Avg:  0.0, Max:  0.0, Diff:  0.0, Sum:  0.0, Workers: 4
[7.327s][debug][gc,phases      ] GC(10)     Dead                           Min: 0, Avg:  0.0, Max: 0, Diff: 0, Sum: 0, Workers: 4
[7.327s][debug][gc,phases      ] GC(10)     Total                          Min: 0, Avg:  0.0, Max: 0, Diff: 0, Sum: 0, Workers: 4
[7.327s][debug][gc,phases      ] GC(10)   Weak JFR Old Object Samples    Min:  0.0, Avg:  0.0, Max:  0.0, Diff:  0.0, Sum:  0.0, Workers: 4
[7.327s][debug][gc,phases      ] GC(10)     Dead                           Min: 0, Avg:  0.0, Max: 0, Diff: 0, Sum: 0, Workers: 4
[7.327s][debug][gc,phases      ] GC(10)     Total                          Min: 0, Avg:  0.0, Max: 0, Diff: 0, Sum: 0, Workers: 4
[7.327s][debug][gc,phases      ] GC(10) Weak Processing 0.506ms
[7.327s][debug][gc,age         ] GC(10) Desired survivor size 272629760 bytes, new threshold 5 (max threshold 15)
[7.328s][info ][gc,heap        ] GC(10) PSYoungGen: 1669398K(1819648K)->9856K(1822720K) Eden: 1542144K(1542144K)->0K(1564672K) From: 127254K(277504K)->9856K(258048K)
[7.328s][info ][gc,heap        ] GC(10) ParOldGen: 61597K(99840K)->181858K(182272K)
[7.328s][info ][gc,metaspace   ] GC(10) Metaspace: 58162K(58816K)->58162K(58816K) NonClass: 49441K(49792K)->49441K(49792K) Class: 8721K(9024K)->8721K(9024K)
[7.328s][info ][gc             ] GC(10) Pause Young (Allocation Failure) 1690M->187M(1958M) 110.983ms
[7.328s][info ][gc,cpu         ] GC(10) User=0.39s Sys=0.05s Real=0.11s
[7.328s][debug][gc,phases      ] GC(11) Pre Compact 0.010ms
[7.328s][info ][gc,start       ] GC(11) Pause Full (Ergonomics)
[7.328s][info ][gc,phases,start] GC(11) Marking Phase
[7.402s][debug][gc,phases      ] GC(11) Par Mark 74.698ms
[7.402s][debug][gc,ref         ] GC(11) Skipped phase 1 of Reference Processing: no references
[7.403s][debug][gc,ref         ] GC(11) ReferenceProcessor::execute queues: 4, RefProcThreadModel::Multi, marks_oops_alive: false
[7.403s][debug][gc,ref         ] GC(11) Skipped phase 3 of Reference Processing: no references
[7.403s][debug][gc,ref         ] GC(11) ReferenceProcessor::execute queues: 1, RefProcThreadModel::Single, marks_oops_alive: false
[7.403s][debug][gc,phases      ] GC(11) Reference Processing 0.442ms
[7.403s][debug][gc,phases      ] GC(11)   VM Weak                        Min:  0.0, Avg:  0.0, Max:  0.0, Diff:  0.0, Sum:  0.0, Workers: 4
[7.403s][debug][gc,phases      ] GC(11)     Dead                           Min: 0, Avg:  0.0, Max: 0, Diff: 0, Sum: 0, Workers: 4
[7.403s][debug][gc,phases      ] GC(11)     Total                          Min: 0, Avg: 130.8, Max: 446, Diff: 446, Sum: 523, Workers: 4
[7.403s][debug][gc,phases      ] GC(11)   ObjectSynchronizer Weak        Min:  0.0, Avg:  0.0, Max:  0.0, Diff:  0.0, Sum:  0.0, Workers: 4
[7.403s][debug][gc,phases      ] GC(11)     Dead                           Min: 0, Avg:  0.0, Max: 0, Diff: 0, Sum: 0, Workers: 4
[7.403s][debug][gc,phases      ] GC(11)     Total                          Min: 0, Avg: 87.0, Max: 128, Diff: 128, Sum: 348, Workers: 4
[7.403s][debug][gc,phases      ] GC(11)   JVMTI Tag Weak OopStorage      Min:  0.0, Avg:  0.0, Max:  0.0, Diff:  0.0, Sum:  0.0, Workers: 4
[7.403s][debug][gc,phases      ] GC(11)     Dead                           Min: 0, Avg:  0.0, Max: 0, Diff: 0, Sum: 0, Workers: 4
[7.403s][debug][gc,phases      ] GC(11)     Total                          Min: 0, Avg:  0.0, Max: 0, Diff: 0, Sum: 0, Workers: 4
[7.403s][debug][gc,phases      ] GC(11)   StringTable Weak               Min:  0.1, Avg:  0.1, Max:  0.1, Diff:  0.0, Sum:  0.5, Workers: 4
[7.403s][debug][gc,phases      ] GC(11)     Dead                           Min: 0, Avg:  0.0, Max: 0, Diff: 0, Sum: 0, Workers: 4
[7.403s][debug][gc,phases      ] GC(11)     Total                          Min: 8887, Avg: 9901.8, Max: 10752, Diff: 1865, Sum: 39607, Workers: 4
[7.403s][debug][gc,phases      ] GC(11)   ResolvedMethodTable Weak       Min:  0.0, Avg:  0.0, Max:  0.0, Diff:  0.0, Sum:  0.1, Workers: 4
[7.403s][debug][gc,phases      ] GC(11)     Dead                           Min: 0, Avg:  0.0, Max: 0, Diff: 0, Sum: 0, Workers: 4
[7.403s][debug][gc,phases      ] GC(11)     Total                          Min: 1344, Avg: 1502.5, Max: 1594, Diff: 250, Sum: 6010, Workers: 4
[7.403s][debug][gc,phases      ] GC(11)   JNI Weak                       Min:  0.0, Avg:  0.0, Max:  0.0, Diff:  0.0, Sum:  0.0, Workers: 4
[7.403s][debug][gc,phases      ] GC(11)     Dead                           Min: 0, Avg:  0.0, Max: 0, Diff: 0, Sum: 0, Workers: 4
[7.403s][debug][gc,phases      ] GC(11)     Total                          Min: 0, Avg:  0.8, Max: 3, Diff: 3, Sum: 3, Workers: 4
[7.403s][debug][gc,phases      ] GC(11)   StringDedup Table Weak         Min:  0.0, Avg:  0.0, Max:  0.0, Diff:  0.0, Sum:  0.0, Workers: 4
[7.403s][debug][gc,phases      ] GC(11)     Dead                           Min: 0, Avg:  0.0, Max: 0, Diff: 0, Sum: 0, Workers: 4
[7.403s][debug][gc,phases      ] GC(11)     Total                          Min: 0, Avg:  0.0, Max: 0, Diff: 0, Sum: 0, Workers: 4
[7.403s][debug][gc,phases      ] GC(11)   StringDedup Requests0 Weak     Min:  0.0, Avg:  0.0, Max:  0.0, Diff:  0.0, Sum:  0.0, Workers: 4
[7.403s][debug][gc,phases      ] GC(11)     Dead                           Min: 0, Avg:  0.0, Max: 0, Diff: 0, Sum: 0, Workers: 4
[7.403s][debug][gc,phases      ] GC(11)     Total                          Min: 0, Avg:  0.0, Max: 0, Diff: 0, Sum: 0, Workers: 4
[7.403s][debug][gc,phases      ] GC(11)   StringDedup Requests1 Weak     Min:  0.0, Avg:  0.0, Max:  0.0, Diff:  0.0, Sum:  0.0, Workers: 4
[7.403s][debug][gc,phases      ] GC(11)     Dead                           Min: 0, Avg:  0.0, Max: 0, Diff: 0, Sum: 0, Workers: 4
[7.403s][debug][gc,phases      ] GC(11)     Total                          Min: 0, Avg:  0.0, Max: 0, Diff: 0, Sum: 0, Workers: 4
[7.403s][debug][gc,phases      ] GC(11)   Weak JFR Old Object Samples    Min:  0.0, Avg:  0.0, Max:  0.0, Diff:  0.0, Sum:  0.0, Workers: 4
[7.403s][debug][gc,phases      ] GC(11)     Dead                           Min: 0, Avg:  0.0, Max: 0, Diff: 0, Sum: 0, Workers: 4
[7.403s][debug][gc,phases      ] GC(11)     Total                          Min: 0, Avg:  0.0, Max: 0, Diff: 0, Sum: 0, Workers: 4
[7.403s][debug][gc,phases      ] GC(11) Weak Processing 0.321ms
[7.403s][debug][gc,phases      ] GC(11) ClassLoaderData 0.073ms
[7.403s][debug][gc,phases      ] GC(11) Trigger cleanups 0.000ms
[7.409s][debug][gc,phases      ] GC(11) Class Unloading 5.731ms
[7.409s][info ][gc,phases      ] GC(11) Marking Phase 81.332ms
[7.409s][info ][gc,phases,start] GC(11) Summary Phase
[7.409s][info ][gc,phases      ] GC(11) Summary Phase 0.006ms
[7.409s][info ][gc,phases,start] GC(11) Adjust Roots
[7.415s][info ][gc,phases      ] GC(11) Adjust Roots 6.486ms
[7.415s][info ][gc,phases,start] GC(11) Compaction Phase
[7.669s][info ][gc,phases      ] GC(11) Compaction Phase 253.294ms
[7.669s][info ][gc,phases,start] GC(11) Post Compact
[7.669s][info ][gc,phases      ] GC(11) Post Compact 0.603ms
[7.670s][info ][gc,heap        ] GC(11) PSYoungGen: 9856K(1822720K)->9239K(1822720K) Eden: 0K(1564672K)->0K(1564672K) From: 9856K(258048K)->9239K(258048K)
[7.670s][info ][gc,heap        ] GC(11) ParOldGen: 181858K(182272K)->181920K(273920K)
[7.670s][info ][gc,metaspace   ] GC(11) Metaspace: 58162K(58816K)->58162K(58816K) NonClass: 49441K(49792K)->49441K(49792K) Class: 8721K(9024K)->8721K(9024K)
[7.670s][info ][gc             ] GC(11) Pause Full (Ergonomics) 187M->186M(2047M) 341.970ms
[7.670s][info ][gc,cpu         ] GC(11) User=1.17s Sys=0.01s Real=0.34s
[7.670s][info ][safepoint      ] Safepoint "ParallelGCFailedAllocation", Time since last: 250278063 ns, Reaching safepoint: 242006 ns, At safepoint: 453119539 ns, Total: 453361545 ns
[8.177s][info ][gc,start       ] GC(12) Pause Young (Allocation Failure)
[8.218s][debug][gc,phases      ] GC(12) Scavenge 40.344ms
[8.218s][debug][gc,ref         ] GC(12) Skipped phase 1 of Reference Processing: no references
[8.218s][debug][gc,ref         ] GC(12) ReferenceProcessor::execute queues: 1, RefProcThreadModel::Single, marks_oops_alive: false
[8.218s][debug][gc,ref         ] GC(12) Skipped phase 3 of Reference Processing: no references
[8.218s][debug][gc,ref         ] GC(12) ReferenceProcessor::execute queues: 1, RefProcThreadModel::Single, marks_oops_alive: false
[8.218s][debug][gc,phases      ] GC(12) Reference Processing 0.252ms
[8.218s][debug][gc,phases      ] GC(12)   VM Weak                        Min:  0.0, Avg:  0.0, Max:  0.0, Diff:  0.0, Sum:  0.0, Workers: 4
[8.218s][debug][gc,phases      ] GC(12)     Dead                           Min: 0, Avg:  0.0, Max: 0, Diff: 0, Sum: 0, Workers: 4
[8.218s][debug][gc,phases      ] GC(12)     Total                          Min: 0, Avg: 132.8, Max: 384, Diff: 384, Sum: 531, Workers: 4
[8.218s][debug][gc,phases      ] GC(12)   ObjectSynchronizer Weak        Min:  0.0, Avg:  0.0, Max:  0.0, Diff:  0.0, Sum:  0.0, Workers: 4
[8.218s][debug][gc,phases      ] GC(12)     Dead                           Min: 0, Avg:  0.0, Max: 0, Diff: 0, Sum: 0, Workers: 4
[8.218s][debug][gc,phases      ] GC(12)     Total                          Min: 0, Avg: 92.8, Max: 192, Diff: 192, Sum: 371, Workers: 4
[8.218s][debug][gc,phases      ] GC(12)   JVMTI Tag Weak OopStorage      Min:  0.0, Avg:  0.0, Max:  0.0, Diff:  0.0, Sum:  0.0, Workers: 4
[8.218s][debug][gc,phases      ] GC(12)     Dead                           Min: 0, Avg:  0.0, Max: 0, Diff: 0, Sum: 0, Workers: 4
[8.218s][debug][gc,phases      ] GC(12)     Total                          Min: 0, Avg:  0.0, Max: 0, Diff: 0, Sum: 0, Workers: 4
[8.218s][debug][gc,phases      ] GC(12)   StringTable Weak               Min:  0.1, Avg:  0.1, Max:  0.1, Diff:  0.0, Sum:  0.4, Workers: 4
[8.218s][debug][gc,phases      ] GC(12)     Dead                           Min: 0, Avg:  4.0, Max: 14, Diff: 14, Sum: 16, Workers: 4
[8.218s][debug][gc,phases      ] GC(12)     Total                          Min: 9216, Avg: 9958.2, Max: 10688, Diff: 1472, Sum: 39833, Workers: 4
[8.218s][debug][gc,phases      ] GC(12)   ResolvedMethodTable Weak       Min:  0.0, Avg:  0.0, Max:  0.0, Diff:  0.0, Sum:  0.1, Workers: 4
[8.218s][debug][gc,phases      ] GC(12)     Dead                           Min: 0, Avg:  5.8, Max: 21, Diff: 21, Sum: 23, Workers: 4
[8.218s][debug][gc,phases      ] GC(12)     Total                          Min: 1408, Avg: 1535.0, Max: 1600, Diff: 192, Sum: 6140, Workers: 4
[8.218s][debug][gc,phases      ] GC(12)   JNI Weak                       Min:  0.0, Avg:  0.0, Max:  0.0, Diff:  0.0, Sum:  0.0, Workers: 4
[8.218s][debug][gc,phases      ] GC(12)     Dead                           Min: 0, Avg:  0.0, Max: 0, Diff: 0, Sum: 0, Workers: 4
[8.218s][debug][gc,phases      ] GC(12)     Total                          Min: 0, Avg:  9.5, Max: 38, Diff: 38, Sum: 38, Workers: 4
[8.218s][debug][gc,phases      ] GC(12)   StringDedup Table Weak         Min:  0.0, Avg:  0.0, Max:  0.0, Diff:  0.0, Sum:  0.0, Workers: 4
[8.218s][debug][gc,phases      ] GC(12)     Dead                           Min: 0, Avg:  0.0, Max: 0, Diff: 0, Sum: 0, Workers: 4
[8.218s][debug][gc,phases      ] GC(12)     Total                          Min: 0, Avg:  0.0, Max: 0, Diff: 0, Sum: 0, Workers: 4
[8.218s][debug][gc,phases      ] GC(12)   StringDedup Requests0 Weak     Min:  0.0, Avg:  0.0, Max:  0.0, Diff:  0.0, Sum:  0.0, Workers: 4
[8.218s][debug][gc,phases      ] GC(12)     Dead                           Min: 0, Avg:  0.0, Max: 0, Diff: 0, Sum: 0, Workers: 4
[8.218s][debug][gc,phases      ] GC(12)     Total                          Min: 0, Avg:  0.0, Max: 0, Diff: 0, Sum: 0, Workers: 4
[8.218s][debug][gc,phases      ] GC(12)   StringDedup Requests1 Weak     Min:  0.0, Avg:  0.0, Max:  0.0, Diff:  0.0, Sum:  0.0, Workers: 4
[8.218s][debug][gc,phases      ] GC(12)     Dead                           Min: 0, Avg:  0.0, Max: 0, Diff: 0, Sum: 0, Workers: 4
[8.218s][debug][gc,phases      ] GC(12)     Total                          Min: 0, Avg:  0.0, Max: 0, Diff: 0, Sum: 0, Workers: 4
[8.218s][debug][gc,phases      ] GC(12)   Weak JFR Old Object Samples    Min:  0.0, Avg:  0.0, Max:  0.0, Diff:  0.0, Sum:  0.0, Workers: 4
[8.218s][debug][gc,phases      ] GC(12)     Dead                           Min: 0, Avg:  0.0, Max: 0, Diff: 0, Sum: 0, Workers: 4
[8.218s][debug][gc,phases      ] GC(12)     Total                          Min: 0, Avg:  0.0, Max: 0, Diff: 0, Sum: 0, Workers: 4
[8.218s][debug][gc,phases      ] GC(12) Weak Processing 0.391ms
[8.218s][debug][gc,age         ] GC(12) Desired survivor size 271581184 bytes, new threshold 6 (max threshold 15)
[8.218s][info ][gc,heap        ] GC(12) PSYoungGen: 1573911K(1822720K)->32512K(1830912K) Eden: 1564672K(1564672K)->0K(1564672K) From: 9239K(258048K)->32512K(266240K)
[8.218s][info ][gc,heap        ] GC(12) ParOldGen: 181920K(273920K)->181928K(273920K)
[8.218s][info ][gc,metaspace   ] GC(12) Metaspace: 58793K(59456K)->58793K(59456K) NonClass: 50009K(50368K)->50009K(50368K) Class: 8784K(9088K)->8784K(9088K)
[8.218s][info ][gc             ] GC(12) Pause Young (Allocation Failure) 1714M->209M(2055M) 41.145ms
[8.218s][info ][gc,cpu         ] GC(12) User=0.17s Sys=0.00s Real=0.04s
[8.218s][info ][safepoint      ] Safepoint "ParallelGCFailedAllocation", Time since last: 506530774 ns, Reaching safepoint: 954224 ns, At safepoint: 41279833 ns, Total: 42234057 ns
[8.560s][info ][gc,start       ] GC(13) Pause Young (Allocation Failure)
[8.574s][debug][gc,phases      ] GC(13) Scavenge 14.314ms
[8.574s][debug][gc,ref         ] GC(13) Skipped phase 1 of Reference Processing: no references
[8.574s][debug][gc,ref         ] GC(13) ReferenceProcessor::execute queues: 1, RefProcThreadModel::Single, marks_oops_alive: false
[8.574s][debug][gc,ref         ] GC(13) Skipped phase 3 of Reference Processing: no references
[8.574s][debug][gc,ref         ] GC(13) ReferenceProcessor::execute queues: 1, RefProcThreadModel::Single, marks_oops_alive: false
[8.574s][debug][gc,phases      ] GC(13) Reference Processing 0.254ms
[8.575s][debug][gc,phases      ] GC(13)   VM Weak                        Min:  0.0, Avg:  0.0, Max:  0.0, Diff:  0.0, Sum:  0.0, Workers: 4
[8.575s][debug][gc,phases      ] GC(13)     Dead                           Min: 0, Avg:  0.0, Max: 0, Diff: 0, Sum: 0, Workers: 4
[8.575s][debug][gc,phases      ] GC(13)     Total                          Min: 0, Avg: 132.8, Max: 339, Diff: 339, Sum: 531, Workers: 4
[8.575s][debug][gc,phases      ] GC(13)   ObjectSynchronizer Weak        Min:  0.0, Avg:  0.0, Max:  0.0, Diff:  0.0, Sum:  0.0, Workers: 4
[8.575s][debug][gc,phases      ] GC(13)     Dead                           Min: 0, Avg:  0.0, Max: 0, Diff: 0, Sum: 0, Workers: 4
[8.575s][debug][gc,phases      ] GC(13)     Total                          Min: 0, Avg: 92.8, Max: 192, Diff: 192, Sum: 371, Workers: 4
[8.575s][debug][gc,phases      ] GC(13)   JVMTI Tag Weak OopStorage      Min:  0.0, Avg:  0.0, Max:  0.0, Diff:  0.0, Sum:  0.0, Workers: 4
[8.575s][debug][gc,phases      ] GC(13)     Dead                           Min: 0, Avg:  0.0, Max: 0, Diff: 0, Sum: 0, Workers: 4
[8.575s][debug][gc,phases      ] GC(13)     Total                          Min: 0, Avg:  0.0, Max: 0, Diff: 0, Sum: 0, Workers: 4
[8.575s][debug][gc,phases      ] GC(13)   StringTable Weak               Min:  0.1, Avg:  0.2, Max:  0.3, Diff:  0.2, Sum:  0.7, Workers: 4
[8.575s][debug][gc,phases      ] GC(13)     Dead                           Min: 0, Avg:  0.8, Max: 2, Diff: 2, Sum: 3, Workers: 4
[8.575s][debug][gc,phases      ] GC(13)     Total                          Min: 7552, Avg: 10006.0, Max: 11904, Diff: 4352, Sum: 40024, Workers: 4
[8.575s][debug][gc,phases      ] GC(13)   ResolvedMethodTable Weak       Min:  0.0, Avg:  0.0, Max:  0.0, Diff:  0.0, Sum:  0.1, Workers: 4
[8.575s][debug][gc,phases      ] GC(13)     Dead                           Min: 0, Avg:  8.2, Max: 18, Diff: 18, Sum: 33, Workers: 4
[8.575s][debug][gc,phases      ] GC(13)     Total                          Min: 1344, Avg: 1558.5, Max: 1728, Diff: 384, Sum: 6234, Workers: 4
[8.575s][debug][gc,phases      ] GC(13)   JNI Weak                       Min:  0.0, Avg:  0.0, Max:  0.0, Diff:  0.0, Sum:  0.0, Workers: 4
[8.575s][debug][gc,phases      ] GC(13)     Dead                           Min: 0, Avg:  0.0, Max: 0, Diff: 0, Sum: 0, Workers: 4
[8.575s][debug][gc,phases      ] GC(13)     Total                          Min: 0, Avg:  2.2, Max: 9, Diff: 9, Sum: 9, Workers: 4
[8.575s][debug][gc,phases      ] GC(13)   StringDedup Table Weak         Min:  0.0, Avg:  0.0, Max:  0.0, Diff:  0.0, Sum:  0.0, Workers: 4
[8.575s][debug][gc,phases      ] GC(13)     Dead                           Min: 0, Avg:  0.0, Max: 0, Diff: 0, Sum: 0, Workers: 4
[8.575s][debug][gc,phases      ] GC(13)     Total                          Min: 0, Avg:  0.0, Max: 0, Diff: 0, Sum: 0, Workers: 4
[8.575s][debug][gc,phases      ] GC(13)   StringDedup Requests0 Weak     Min:  0.0, Avg:  0.0, Max:  0.0, Diff:  0.0, Sum:  0.0, Workers: 4
[8.575s][debug][gc,phases      ] GC(13)     Dead                           Min: 0, Avg:  0.0, Max: 0, Diff: 0, Sum: 0, Workers: 4
[8.575s][debug][gc,phases      ] GC(13)     Total                          Min: 0, Avg:  0.0, Max: 0, Diff: 0, Sum: 0, Workers: 4
[8.575s][debug][gc,phases      ] GC(13)   StringDedup Requests1 Weak     Min:  0.0, Avg:  0.0, Max:  0.0, Diff:  0.0, Sum:  0.0, Workers: 4
[8.575s][debug][gc,phases      ] GC(13)     Dead                           Min: 0, Avg:  0.0, Max: 0, Diff: 0, Sum: 0, Workers: 4
[8.575s][debug][gc,phases      ] GC(13)     Total                          Min: 0, Avg:  0.0, Max: 0, Diff: 0, Sum: 0, Workers: 4
[8.575s][debug][gc,phases      ] GC(13)   Weak JFR Old Object Samples    Min:  0.0, Avg:  0.0, Max:  0.0, Diff:  0.0, Sum:  0.0, Workers: 4
[8.575s][debug][gc,phases      ] GC(13)     Dead                           Min: 0, Avg:  0.0, Max: 0, Diff: 0, Sum: 0, Workers: 4
[8.575s][debug][gc,phases      ] GC(13)     Total                          Min: 0, Avg:  0.0, Max: 0, Diff: 0, Sum: 0, Workers: 4
[8.575s][debug][gc,phases      ] GC(13) Weak Processing 0.562ms
[8.575s][debug][gc,age         ] GC(13) Desired survivor size 267911168 bytes, new threshold 7 (max threshold 15)
[8.575s][info ][gc,heap        ] GC(13) PSYoungGen: 1597184K(1830912K)->35208K(1835520K) Eden: 1564672K(1564672K)->0K(1570304K) From: 32512K(266240K)->35208K(265216K)
[8.575s][info ][gc,heap        ] GC(13) ParOldGen: 181928K(273920K)->181936K(273920K)
[8.575s][info ][gc,metaspace   ] GC(13) Metaspace: 59442K(60160K)->59442K(60160K) NonClass: 50572K(50944K)->50572K(50944K) Class: 8869K(9216K)->8869K(9216K)
[8.575s][info ][gc             ] GC(13) Pause Young (Allocation Failure) 1737M->212M(2060M) 15.302ms
[8.575s][info ][gc,cpu         ] GC(13) User=0.06s Sys=0.00s Real=0.02s
[8.575s][info ][safepoint      ] Safepoint "ParallelGCFailedAllocation", Time since last: 340926431 ns, Reaching safepoint: 203205 ns, At safepoint: 15422086 ns, Total: 15625291 ns
[8.906s][info ][gc,start       ] GC(14) Pause Young (Allocation Failure)
[8.920s][debug][gc,phases      ] GC(14) Scavenge 13.872ms
[8.920s][debug][gc,ref         ] GC(14) Skipped phase 1 of Reference Processing: no references
[8.920s][debug][gc,ref         ] GC(14) ReferenceProcessor::execute queues: 1, RefProcThreadModel::Single, marks_oops_alive: false
[8.920s][debug][gc,ref         ] GC(14) Skipped phase 3 of Reference Processing: no references
[8.920s][debug][gc,ref         ] GC(14) ReferenceProcessor::execute queues: 1, RefProcThreadModel::Single, marks_oops_alive: false
[8.920s][debug][gc,phases      ] GC(14) Reference Processing 0.276ms
[8.920s][debug][gc,phases      ] GC(14)   VM Weak                        Min:  0.0, Avg:  0.0, Max:  0.0, Diff:  0.0, Sum:  0.0, Workers: 4
[8.920s][debug][gc,phases      ] GC(14)     Dead                           Min: 0, Avg:  0.0, Max: 0, Diff: 0, Sum: 0, Workers: 4
[8.920s][debug][gc,phases      ] GC(14)     Total                          Min: 0, Avg: 133.5, Max: 278, Diff: 278, Sum: 534, Workers: 4
[8.920s][debug][gc,phases      ] GC(14)   ObjectSynchronizer Weak        Min:  0.0, Avg:  0.0, Max:  0.0, Diff:  0.0, Sum:  0.0, Workers: 4
[8.920s][debug][gc,phases      ] GC(14)     Dead                           Min: 0, Avg:  0.0, Max: 0, Diff: 0, Sum: 0, Workers: 4
[8.920s][debug][gc,phases      ] GC(14)     Total                          Min: 0, Avg: 92.8, Max: 128, Diff: 128, Sum: 371, Workers: 4
[8.920s][debug][gc,phases      ] GC(14)   JVMTI Tag Weak OopStorage      Min:  0.0, Avg:  0.0, Max:  0.0, Diff:  0.0, Sum:  0.0, Workers: 4
[8.920s][debug][gc,phases      ] GC(14)     Dead                           Min: 0, Avg:  0.0, Max: 0, Diff: 0, Sum: 0, Workers: 4
[8.920s][debug][gc,phases      ] GC(14)     Total                          Min: 0, Avg:  0.0, Max: 0, Diff: 0, Sum: 0, Workers: 4
[8.920s][debug][gc,phases      ] GC(14)   StringTable Weak               Min:  0.1, Avg:  0.1, Max:  0.1, Diff:  0.0, Sum:  0.5, Workers: 4
[8.920s][debug][gc,phases      ] GC(14)     Dead                           Min: 0, Avg:  3.8, Max: 12, Diff: 12, Sum: 15, Workers: 4
[8.920s][debug][gc,phases      ] GC(14)     Total                          Min: 9472, Avg: 10083.2, Max: 10624, Diff: 1152, Sum: 40333, Workers: 4
[8.920s][debug][gc,phases      ] GC(14)   ResolvedMethodTable Weak       Min:  0.0, Avg:  0.0, Max:  0.0, Diff:  0.0, Sum:  0.1, Workers: 4
[8.920s][debug][gc,phases      ] GC(14)     Dead                           Min: 0, Avg:  8.8, Max: 28, Diff: 28, Sum: 35, Workers: 4
[8.920s][debug][gc,phases      ] GC(14)     Total                          Min: 1408, Avg: 1586.0, Max: 1672, Diff: 264, Sum: 6344, Workers: 4
[8.920s][debug][gc,phases      ] GC(14)   JNI Weak                       Min:  0.0, Avg:  0.0, Max:  0.0, Diff:  0.0, Sum:  0.0, Workers: 4
[8.920s][debug][gc,phases      ] GC(14)     Dead                           Min: 0, Avg:  0.0, Max: 0, Diff: 0, Sum: 0, Workers: 4
[8.920s][debug][gc,phases      ] GC(14)     Total                          Min: 0, Avg:  4.0, Max: 16, Diff: 16, Sum: 16, Workers: 4
[8.920s][debug][gc,phases      ] GC(14)   StringDedup Table Weak         Min:  0.0, Avg:  0.0, Max:  0.0, Diff:  0.0, Sum:  0.0, Workers: 4
[8.920s][debug][gc,phases      ] GC(14)     Dead                           Min: 0, Avg:  0.0, Max: 0, Diff: 0, Sum: 0, Workers: 4
[8.920s][debug][gc,phases      ] GC(14)     Total                          Min: 0, Avg:  0.0, Max: 0, Diff: 0, Sum: 0, Workers: 4
[8.920s][debug][gc,phases      ] GC(14)   StringDedup Requests0 Weak     Min:  0.0, Avg:  0.0, Max:  0.0, Diff:  0.0, Sum:  0.0, Workers: 4
[8.920s][debug][gc,phases      ] GC(14)     Dead                           Min: 0, Avg:  0.0, Max: 0, Diff: 0, Sum: 0, Workers: 4
[8.920s][debug][gc,phases      ] GC(14)     Total                          Min: 0, Avg:  0.0, Max: 0, Diff: 0, Sum: 0, Workers: 4
[8.920s][debug][gc,phases      ] GC(14)   StringDedup Requests1 Weak     Min:  0.0, Avg:  0.0, Max:  0.0, Diff:  0.0, Sum:  0.0, Workers: 4
[8.920s][debug][gc,phases      ] GC(14)     Dead                           Min: 0, Avg:  0.0, Max: 0, Diff: 0, Sum: 0, Workers: 4
[8.920s][debug][gc,phases      ] GC(14)     Total                          Min: 0, Avg:  0.0, Max: 0, Diff: 0, Sum: 0, Workers: 4
[8.920s][debug][gc,phases      ] GC(14)   Weak JFR Old Object Samples    Min:  0.0, Avg:  0.0, Max:  0.0, Diff:  0.0, Sum:  0.0, Workers: 4
[8.920s][debug][gc,phases      ] GC(14)     Dead                           Min: 0, Avg:  0.0, Max: 0, Diff: 0, Sum: 0, Workers: 4
[8.920s][debug][gc,phases      ] GC(14)     Total                          Min: 0, Avg:  0.0, Max: 0, Diff: 0, Sum: 0, Workers: 4
[8.920s][debug][gc,phases      ] GC(14) Weak Processing 0.394ms
[8.920s][debug][gc,age         ] GC(14) Desired survivor size 263192576 bytes, new threshold 8 (max threshold 15)
[8.920s][info ][gc,heap        ] GC(14) PSYoungGen: 1605512K(1835520K)->31880K(1831936K) Eden: 1570304K(1570304K)->0K(1570304K) From: 35208K(265216K)->31880K(261632K)
[8.920s][info ][gc,heap        ] GC(14) ParOldGen: 181936K(273920K)->181944K(273920K)
[8.920s][info ][gc,metaspace   ] GC(14) Metaspace: 60249K(60928K)->60249K(60928K) NonClass: 51266K(51648K)->51266K(51648K) Class: 8982K(9280K)->8982K(9280K)
[8.920s][info ][gc             ] GC(14) Pause Young (Allocation Failure) 1745M->208M(2056M) 14.699ms
[8.920s][info ][gc,cpu         ] GC(14) User=0.07s Sys=0.00s Real=0.01s
[8.920s][info ][safepoint      ] Safepoint "ParallelGCFailedAllocation", Time since last: 330427367 ns, Reaching safepoint: 191305 ns, At safepoint: 14806470 ns, Total: 14997775 ns
[9.177s][info ][safepoint      ] Safepoint "ICBufferFull", Time since last: 256400715 ns, Reaching safepoint: 269407 ns, At safepoint: 20901 ns, Total: 290308 ns
[9.293s][info ][gc,start       ] GC(15) Pause Young (Allocation Failure)
[9.309s][debug][gc,phases      ] GC(15) Scavenge 16.083ms
[9.309s][debug][gc,ref         ] GC(15) Skipped phase 1 of Reference Processing: no references
[9.309s][debug][gc,ref         ] GC(15) ReferenceProcessor::execute queues: 2, RefProcThreadModel::Multi, marks_oops_alive: false
[9.309s][debug][gc,ref         ] GC(15) Skipped phase 3 of Reference Processing: no references
[9.309s][debug][gc,ref         ] GC(15) ReferenceProcessor::execute queues: 1, RefProcThreadModel::Single, marks_oops_alive: false
[9.309s][debug][gc,phases      ] GC(15) Reference Processing 0.257ms
[9.309s][debug][gc,phases      ] GC(15)   VM Weak                        Min:  0.0, Avg:  0.0, Max:  0.0, Diff:  0.0, Sum:  0.0, Workers: 4
[9.309s][debug][gc,phases      ] GC(15)     Dead                           Min: 0, Avg:  0.0, Max: 0, Diff: 0, Sum: 0, Workers: 4
[9.309s][debug][gc,phases      ] GC(15)     Total                          Min: 0, Avg: 137.0, Max: 384, Diff: 384, Sum: 548, Workers: 4
[9.309s][debug][gc,phases      ] GC(15)   ObjectSynchronizer Weak        Min:  0.0, Avg:  0.0, Max:  0.0, Diff:  0.0, Sum:  0.0, Workers: 4
[9.309s][debug][gc,phases      ] GC(15)     Dead                           Min: 0, Avg:  0.0, Max: 0, Diff: 0, Sum: 0, Workers: 4
[9.309s][debug][gc,phases      ] GC(15)     Total                          Min: 0, Avg: 92.8, Max: 128, Diff: 128, Sum: 371, Workers: 4
[9.309s][debug][gc,phases      ] GC(15)   JVMTI Tag Weak OopStorage      Min:  0.0, Avg:  0.0, Max:  0.0, Diff:  0.0, Sum:  0.0, Workers: 4
[9.309s][debug][gc,phases      ] GC(15)     Dead                           Min: 0, Avg:  0.0, Max: 0, Diff: 0, Sum: 0, Workers: 4
[9.309s][debug][gc,phases      ] GC(15)     Total                          Min: 0, Avg:  0.0, Max: 0, Diff: 0, Sum: 0, Workers: 4
[9.309s][debug][gc,phases      ] GC(15)   StringTable Weak               Min:  0.1, Avg:  0.1, Max:  0.1, Diff:  0.0, Sum:  0.5, Workers: 4
[9.309s][debug][gc,phases      ] GC(15)     Dead                           Min: 0, Avg:  3.0, Max: 12, Diff: 12, Sum: 12, Workers: 4
[9.309s][debug][gc,phases      ] GC(15)     Total                          Min: 9984, Avg: 10107.8, Max: 10176, Diff: 192, Sum: 40431, Workers: 4
[9.309s][debug][gc,phases      ] GC(15)   ResolvedMethodTable Weak       Min:  0.0, Avg:  0.0, Max:  0.0, Diff:  0.0, Sum:  0.1, Workers: 4
[9.309s][debug][gc,phases      ] GC(15)     Dead                           Min: 0, Avg:  0.5, Max: 2, Diff: 2, Sum: 2, Workers: 4
[9.309s][debug][gc,phases      ] GC(15)     Total                          Min: 1023, Avg: 1594.5, Max: 2235, Diff: 1212, Sum: 6378, Workers: 4
[9.309s][debug][gc,phases      ] GC(15)   JNI Weak                       Min:  0.0, Avg:  0.0, Max:  0.0, Diff:  0.0, Sum:  0.0, Workers: 4
[9.309s][debug][gc,phases      ] GC(15)     Dead                           Min: 0, Avg:  0.0, Max: 0, Diff: 0, Sum: 0, Workers: 4
[9.309s][debug][gc,phases      ] GC(15)     Total                          Min: 0, Avg:  3.5, Max: 14, Diff: 14, Sum: 14, Workers: 4
[9.309s][debug][gc,phases      ] GC(15)   StringDedup Table Weak         Min:  0.0, Avg:  0.0, Max:  0.0, Diff:  0.0, Sum:  0.0, Workers: 4
[9.309s][debug][gc,phases      ] GC(15)     Dead                           Min: 0, Avg:  0.0, Max: 0, Diff: 0, Sum: 0, Workers: 4
[9.309s][debug][gc,phases      ] GC(15)     Total                          Min: 0, Avg:  0.0, Max: 0, Diff: 0, Sum: 0, Workers: 4
[9.309s][debug][gc,phases      ] GC(15)   StringDedup Requests0 Weak     Min:  0.0, Avg:  0.0, Max:  0.0, Diff:  0.0, Sum:  0.0, Workers: 4
[9.309s][debug][gc,phases      ] GC(15)     Dead                           Min: 0, Avg:  0.0, Max: 0, Diff: 0, Sum: 0, Workers: 4
[9.309s][debug][gc,phases      ] GC(15)     Total                          Min: 0, Avg:  0.0, Max: 0, Diff: 0, Sum: 0, Workers: 4
[9.309s][debug][gc,phases      ] GC(15)   StringDedup Requests1 Weak     Min:  0.0, Avg:  0.0, Max:  0.0, Diff:  0.0, Sum:  0.0, Workers: 4
[9.309s][debug][gc,phases      ] GC(15)     Dead                           Min: 0, Avg:  0.0, Max: 0, Diff: 0, Sum: 0, Workers: 4
[9.309s][debug][gc,phases      ] GC(15)     Total                          Min: 0, Avg:  0.0, Max: 0, Diff: 0, Sum: 0, Workers: 4
[9.309s][debug][gc,phases      ] GC(15)   Weak JFR Old Object Samples    Min:  0.0, Avg:  0.0, Max:  0.0, Diff:  0.0, Sum:  0.0, Workers: 4
[9.309s][debug][gc,phases      ] GC(15)     Dead                           Min: 0, Avg:  0.0, Max: 0, Diff: 0, Sum: 0, Workers: 4
[9.309s][debug][gc,phases      ] GC(15)     Total                          Min: 0, Avg:  0.0, Max: 0, Diff: 0, Sum: 0, Workers: 4
[9.309s][debug][gc,phases      ] GC(15) Weak Processing 0.339ms
[9.309s][debug][gc,age         ] GC(15) Desired survivor size 256901120 bytes, new threshold 9 (max threshold 15)
[9.309s][info ][gc,heap        ] GC(15) PSYoungGen: 1602184K(1831936K)->32624K(1846272K) Eden: 1570304K(1570304K)->0K(1589248K) From: 31880K(261632K)->32624K(257024K)
[9.309s][info ][gc,heap        ] GC(15) ParOldGen: 181944K(273920K)->181952K(273920K)
[9.309s][info ][gc,metaspace   ] GC(15) Metaspace: 60673K(61376K)->60673K(61376K) NonClass: 51640K(52032K)->51640K(52032K) Class: 9033K(9344K)->9033K(9344K)
[9.309s][info ][gc             ] GC(15) Pause Young (Allocation Failure) 1742M->209M(2070M) 16.830ms
[9.309s][info ][gc,cpu         ] GC(15) User=0.08s Sys=0.00s Real=0.01s
[9.309s][info ][safepoint      ] Safepoint "ParallelGCFailedAllocation", Time since last: 115277884 ns, Reaching safepoint: 200205 ns, At safepoint: 16932423 ns, Total: 17132628 ns
[9.634s][info ][gc,start       ] GC(16) Pause Young (Allocation Failure)
[9.648s][debug][gc,phases      ] GC(16) Scavenge 13.818ms
[9.648s][debug][gc,ref         ] GC(16) Skipped phase 1 of Reference Processing: no references
[9.648s][debug][gc,ref         ] GC(16) ReferenceProcessor::execute queues: 2, RefProcThreadModel::Multi, marks_oops_alive: false
[9.648s][debug][gc,ref         ] GC(16) Skipped phase 3 of Reference Processing: no references
[9.648s][debug][gc,ref         ] GC(16) ReferenceProcessor::execute queues: 1, RefProcThreadModel::Single, marks_oops_alive: false
[9.648s][debug][gc,phases      ] GC(16) Reference Processing 0.212ms
[9.648s][debug][gc,phases      ] GC(16)   VM Weak                        Min:  0.0, Avg:  0.0, Max:  0.0, Diff:  0.0, Sum:  0.0, Workers: 4
[9.648s][debug][gc,phases      ] GC(16)     Dead                           Min: 0, Avg:  0.0, Max: 0, Diff: 0, Sum: 0, Workers: 4
[9.648s][debug][gc,phases      ] GC(16)     Total                          Min: 0, Avg: 137.0, Max: 356, Diff: 356, Sum: 548, Workers: 4
[9.648s][debug][gc,phases      ] GC(16)   ObjectSynchronizer Weak        Min:  0.0, Avg:  0.0, Max:  0.0, Diff:  0.0, Sum:  0.0, Workers: 4
[9.648s][debug][gc,phases      ] GC(16)     Dead                           Min: 0, Avg:  0.0, Max: 0, Diff: 0, Sum: 0, Workers: 4
[9.648s][debug][gc,phases      ] GC(16)     Total                          Min: 0, Avg: 92.8, Max: 179, Diff: 179, Sum: 371, Workers: 4
[9.648s][debug][gc,phases      ] GC(16)   JVMTI Tag Weak OopStorage      Min:  0.0, Avg:  0.0, Max:  0.0, Diff:  0.0, Sum:  0.0, Workers: 4
[9.648s][debug][gc,phases      ] GC(16)     Dead                           Min: 0, Avg:  0.0, Max: 0, Diff: 0, Sum: 0, Workers: 4
[9.648s][debug][gc,phases      ] GC(16)     Total                          Min: 0, Avg:  0.0, Max: 0, Diff: 0, Sum: 0, Workers: 4
[9.648s][debug][gc,phases      ] GC(16)   StringTable Weak               Min:  0.1, Avg:  0.1, Max:  0.1, Diff:  0.0, Sum:  0.5, Workers: 4
[9.648s][debug][gc,phases      ] GC(16)     Dead                           Min: 0, Avg:  0.0, Max: 0, Diff: 0, Sum: 0, Workers: 4
[9.648s][debug][gc,phases      ] GC(16)     Total                          Min: 9408, Avg: 10139.2, Max: 10816, Diff: 1408, Sum: 40557, Workers: 4
[9.648s][debug][gc,phases      ] GC(16)   ResolvedMethodTable Weak       Min:  0.0, Avg:  0.0, Max:  0.0, Diff:  0.0, Sum:  0.1, Workers: 4
[9.648s][debug][gc,phases      ] GC(16)     Dead                           Min: 0, Avg:  0.0, Max: 0, Diff: 0, Sum: 0, Workers: 4
[9.648s][debug][gc,phases      ] GC(16)     Total                          Min: 1402, Avg: 1596.8, Max: 1790, Diff: 388, Sum: 6387, Workers: 4
[9.648s][debug][gc,phases      ] GC(16)   JNI Weak                       Min:  0.0, Avg:  0.0, Max:  0.0, Diff:  0.0, Sum:  0.0, Workers: 4
[9.648s][debug][gc,phases      ] GC(16)     Dead                           Min: 0, Avg:  0.0, Max: 0, Diff: 0, Sum: 0, Workers: 4
[9.648s][debug][gc,phases      ] GC(16)     Total                          Min: 0, Avg:  5.5, Max: 22, Diff: 22, Sum: 22, Workers: 4
[9.648s][debug][gc,phases      ] GC(16)   StringDedup Table Weak         Min:  0.0, Avg:  0.0, Max:  0.0, Diff:  0.0, Sum:  0.0, Workers: 4
[9.648s][debug][gc,phases      ] GC(16)     Dead                           Min: 0, Avg:  0.0, Max: 0, Diff: 0, Sum: 0, Workers: 4
[9.648s][debug][gc,phases      ] GC(16)     Total                          Min: 0, Avg:  0.0, Max: 0, Diff: 0, Sum: 0, Workers: 4
[9.648s][debug][gc,phases      ] GC(16)   StringDedup Requests0 Weak     Min:  0.0, Avg:  0.0, Max:  0.0, Diff:  0.0, Sum:  0.0, Workers: 4
[9.648s][debug][gc,phases      ] GC(16)     Dead                           Min: 0, Avg:  0.0, Max: 0, Diff: 0, Sum: 0, Workers: 4
[9.648s][debug][gc,phases      ] GC(16)     Total                          Min: 0, Avg:  0.0, Max: 0, Diff: 0, Sum: 0, Workers: 4
[9.648s][debug][gc,phases      ] GC(16)   StringDedup Requests1 Weak     Min:  0.0, Avg:  0.0, Max:  0.0, Diff:  0.0, Sum:  0.0, Workers: 4
[9.648s][debug][gc,phases      ] GC(16)     Dead                           Min: 0, Avg:  0.0, Max: 0, Diff: 0, Sum: 0, Workers: 4
[9.648s][debug][gc,phases      ] GC(16)     Total                          Min: 0, Avg:  0.0, Max: 0, Diff: 0, Sum: 0, Workers: 4
[9.648s][debug][gc,phases      ] GC(16)   Weak JFR Old Object Samples    Min:  0.0, Avg:  0.0, Max:  0.0, Diff:  0.0, Sum:  0.0, Workers: 4
[9.648s][debug][gc,phases      ] GC(16)     Dead                           Min: 0, Avg:  0.0, Max: 0, Diff: 0, Sum: 0, Workers: 4
[9.648s][debug][gc,phases      ] GC(16)     Total                          Min: 0, Avg:  0.0, Max: 0, Diff: 0, Sum: 0, Workers: 4
[9.648s][debug][gc,phases      ] GC(16) Weak Processing 0.349ms
[9.648s][debug][gc,age         ] GC(16) Desired survivor size 249036800 bytes, new threshold 10 (max threshold 15)
[9.649s][info ][gc,heap        ] GC(16) PSYoungGen: 1621872K(1846272K)->34608K(1840128K) Eden: 1589248K(1589248K)->0K(1589248K) From: 32624K(257024K)->34608K(250880K)
[9.649s][info ][gc,heap        ] GC(16) ParOldGen: 181952K(273920K)->181952K(273920K)
[9.649s][info ][gc,metaspace   ] GC(16) Metaspace: 60913K(61632K)->60913K(61632K) NonClass: 51855K(52224K)->51855K(52224K) Class: 9058K(9408K)->9058K(9408K)
[9.649s][info ][gc             ] GC(16) Pause Young (Allocation Failure) 1761M->211M(2064M) 14.525ms
[9.649s][info ][gc,cpu         ] GC(16) User=0.05s Sys=0.00s Real=0.01s
[9.649s][info ][safepoint      ] Safepoint "ParallelGCFailedAllocation", Time since last: 324211312 ns, Reaching safepoint: 264306 ns, At safepoint: 14642667 ns, Total: 14906973 ns
[10.048s][info ][gc,start       ] GC(17) Pause Young (Allocation Failure)
[10.065s][debug][gc,phases      ] GC(17) Scavenge 16.835ms
[10.065s][debug][gc,ref         ] GC(17) Skipped phase 1 of Reference Processing: no references
[10.065s][debug][gc,ref         ] GC(17) ReferenceProcessor::execute queues: 2, RefProcThreadModel::Multi, marks_oops_alive: false
[10.065s][debug][gc,ref         ] GC(17) Skipped phase 3 of Reference Processing: no references
[10.065s][debug][gc,ref         ] GC(17) ReferenceProcessor::execute queues: 1, RefProcThreadModel::Single, marks_oops_alive: false
[10.065s][debug][gc,phases      ] GC(17) Reference Processing 0.316ms
[10.065s][debug][gc,phases      ] GC(17)   VM Weak                        Min:  0.0, Avg:  0.0, Max:  0.0, Diff:  0.0, Sum:  0.0, Workers: 4
[10.065s][debug][gc,phases      ] GC(17)     Dead                           Min: 0, Avg:  0.0, Max: 0, Diff: 0, Sum: 0, Workers: 4
[10.065s][debug][gc,phases      ] GC(17)     Total                          Min: 0, Avg: 137.0, Max: 484, Diff: 484, Sum: 548, Workers: 4
[10.065s][debug][gc,phases      ] GC(17)   ObjectSynchronizer Weak        Min:  0.0, Avg:  0.0, Max:  0.0, Diff:  0.0, Sum:  0.0, Workers: 4
[10.065s][debug][gc,phases      ] GC(17)     Dead                           Min: 0, Avg:  0.0, Max: 0, Diff: 0, Sum: 0, Workers: 4
[10.065s][debug][gc,phases      ] GC(17)     Total                          Min: 0, Avg: 92.8, Max: 128, Diff: 128, Sum: 371, Workers: 4
[10.065s][debug][gc,phases      ] GC(17)   JVMTI Tag Weak OopStorage      Min:  0.0, Avg:  0.0, Max:  0.0, Diff:  0.0, Sum:  0.0, Workers: 4
[10.065s][debug][gc,phases      ] GC(17)     Dead                           Min: 0, Avg:  0.0, Max: 0, Diff: 0, Sum: 0, Workers: 4
[10.065s][debug][gc,phases      ] GC(17)     Total                          Min: 0, Avg:  0.0, Max: 0, Diff: 0, Sum: 0, Workers: 4
[10.065s][debug][gc,phases      ] GC(17)   StringTable Weak               Min:  0.1, Avg:  0.1, Max:  0.1, Diff:  0.0, Sum:  0.5, Workers: 4
[10.065s][debug][gc,phases      ] GC(17)     Dead                           Min: 0, Avg:  3.0, Max: 12, Diff: 12, Sum: 12, Workers: 4
[10.065s][debug][gc,phases      ] GC(17)     Total                          Min: 9600, Avg: 10140.0, Max: 10688, Diff: 1088, Sum: 40560, Workers: 4
[10.065s][debug][gc,phases      ] GC(17)   ResolvedMethodTable Weak       Min:  0.0, Avg:  0.0, Max:  0.0, Diff:  0.0, Sum:  0.1, Workers: 4
[10.065s][debug][gc,phases      ] GC(17)     Dead                           Min: 0, Avg:  0.0, Max: 0, Diff: 0, Sum: 0, Workers: 4
[10.065s][debug][gc,phases      ] GC(17)     Total                          Min: 951, Avg: 1596.8, Max: 2046, Diff: 1095, Sum: 6387, Workers: 4
[10.065s][debug][gc,phases      ] GC(17)   JNI Weak                       Min:  0.0, Avg:  0.0, Max:  0.0, Diff:  0.0, Sum:  0.0, Workers: 4
[10.065s][debug][gc,phases      ] GC(17)     Dead                           Min: 0, Avg:  0.0, Max: 0, Diff: 0, Sum: 0, Workers: 4
[10.065s][debug][gc,phases      ] GC(17)     Total                          Min: 0, Avg:  4.2, Max: 17, Diff: 17, Sum: 17, Workers: 4
[10.065s][debug][gc,phases      ] GC(17)   StringDedup Table Weak         Min:  0.0, Avg:  0.0, Max:  0.0, Diff:  0.0, Sum:  0.0, Workers: 4
[10.065s][debug][gc,phases      ] GC(17)     Dead                           Min: 0, Avg:  0.0, Max: 0, Diff: 0, Sum: 0, Workers: 4
[10.065s][debug][gc,phases      ] GC(17)     Total                          Min: 0, Avg:  0.0, Max: 0, Diff: 0, Sum: 0, Workers: 4
[10.065s][debug][gc,phases      ] GC(17)   StringDedup Requests0 Weak     Min:  0.0, Avg:  0.0, Max:  0.0, Diff:  0.0, Sum:  0.0, Workers: 4
[10.065s][debug][gc,phases      ] GC(17)     Dead                           Min: 0, Avg:  0.0, Max: 0, Diff: 0, Sum: 0, Workers: 4
[10.065s][debug][gc,phases      ] GC(17)     Total                          Min: 0, Avg:  0.0, Max: 0, Diff: 0, Sum: 0, Workers: 4
[10.065s][debug][gc,phases      ] GC(17)   StringDedup Requests1 Weak     Min:  0.0, Avg:  0.0, Max:  0.0, Diff:  0.0, Sum:  0.0, Workers: 4
[10.065s][debug][gc,phases      ] GC(17)     Dead                           Min: 0, Avg:  0.0, Max: 0, Diff: 0, Sum: 0, Workers: 4
[10.065s][debug][gc,phases      ] GC(17)     Total                          Min: 0, Avg:  0.0, Max: 0, Diff: 0, Sum: 0, Workers: 4
[10.065s][debug][gc,phases      ] GC(17)   Weak JFR Old Object Samples    Min:  0.0, Avg:  0.0, Max:  0.0, Diff:  0.0, Sum:  0.0, Workers: 4
[10.065s][debug][gc,phases      ] GC(17)     Dead                           Min: 0, Avg:  0.0, Max: 0, Diff: 0, Sum: 0, Workers: 4
[10.065s][debug][gc,phases      ] GC(17)     Total                          Min: 0, Avg:  0.0, Max: 0, Diff: 0, Sum: 0, Workers: 4
[10.065s][debug][gc,phases      ] GC(17) Weak Processing 0.354ms
[10.065s][debug][gc,age         ] GC(17) Desired survivor size 240123904 bytes, new threshold 11 (max threshold 15)
[10.065s][info ][gc,heap        ] GC(17) PSYoungGen: 1623856K(1840128K)->38520K(1862656K) Eden: 1589248K(1589248K)->0K(1619456K) From: 34608K(250880K)->38520K(243200K)
[10.065s][info ][gc,heap        ] GC(17) ParOldGen: 181952K(273920K)->181952K(273920K)
[10.065s][info ][gc,metaspace   ] GC(17) Metaspace: 60921K(61632K)->60921K(61632K) NonClass: 51863K(52224K)->51863K(52224K) Class: 9058K(9408K)->9058K(9408K)
[10.065s][info ][gc             ] GC(17) Pause Young (Allocation Failure) 1763M->215M(2086M) 17.656ms
[10.066s][info ][gc,cpu         ] GC(17) User=0.06s Sys=0.00s Real=0.02s
[10.066s][info ][safepoint      ] Safepoint "ParallelGCFailedAllocation", Time since last: 398979781 ns, Reaching safepoint: 215206 ns, At safepoint: 17761244 ns, Total: 17976450 ns
[10.348s][info ][safepoint      ] Safepoint "ICBufferFull", Time since last: 282621670 ns, Reaching safepoint: 257806 ns, At safepoint: 29901 ns, Total: 287707 ns
[10.400s][info ][gc,start       ] GC(18) Pause Young (Allocation Failure)
[10.419s][debug][gc,phases      ] GC(18) Scavenge 18.057ms
[10.419s][debug][gc,ref         ] GC(18) Skipped phase 1 of Reference Processing: no references
[10.419s][debug][gc,ref         ] GC(18) ReferenceProcessor::execute queues: 1, RefProcThreadModel::Single, marks_oops_alive: false
[10.419s][debug][gc,ref         ] GC(18) Skipped phase 3 of Reference Processing: no references
[10.419s][debug][gc,ref         ] GC(18) ReferenceProcessor::execute queues: 1, RefProcThreadModel::Single, marks_oops_alive: false
[10.419s][debug][gc,phases      ] GC(18) Reference Processing 0.196ms
[10.419s][debug][gc,phases      ] GC(18)   VM Weak                        Min:  0.0, Avg:  0.0, Max:  0.0, Diff:  0.0, Sum:  0.0, Workers: 4
[10.419s][debug][gc,phases      ] GC(18)     Dead                           Min: 0, Avg:  0.0, Max: 0, Diff: 0, Sum: 0, Workers: 4
[10.419s][debug][gc,phases      ] GC(18)     Total                          Min: 0, Avg: 137.8, Max: 320, Diff: 320, Sum: 551, Workers: 4
[10.419s][debug][gc,phases      ] GC(18)   ObjectSynchronizer Weak        Min:  0.0, Avg:  0.0, Max:  0.0, Diff:  0.0, Sum:  0.0, Workers: 4
[10.419s][debug][gc,phases      ] GC(18)     Dead                           Min: 0, Avg:  0.0, Max: 0, Diff: 0, Sum: 0, Workers: 4
[10.419s][debug][gc,phases      ] GC(18)     Total                          Min: 0, Avg: 92.8, Max: 243, Diff: 243, Sum: 371, Workers: 4
[10.419s][debug][gc,phases      ] GC(18)   JVMTI Tag Weak OopStorage      Min:  0.0, Avg:  0.0, Max:  0.0, Diff:  0.0, Sum:  0.0, Workers: 4
[10.419s][debug][gc,phases      ] GC(18)     Dead                           Min: 0, Avg:  0.0, Max: 0, Diff: 0, Sum: 0, Workers: 4
[10.419s][debug][gc,phases      ] GC(18)     Total                          Min: 0, Avg:  0.0, Max: 0, Diff: 0, Sum: 0, Workers: 4
[10.419s][debug][gc,phases      ] GC(18)   StringTable Weak               Min:  0.1, Avg:  0.1, Max:  0.1, Diff:  0.0, Sum:  0.5, Workers: 4
[10.419s][debug][gc,phases      ] GC(18)     Dead                           Min: 0, Avg:  3.0, Max: 12, Diff: 12, Sum: 12, Workers: 4
[10.419s][debug][gc,phases      ] GC(18)     Total                          Min: 9472, Avg: 10144.8, Max: 10880, Diff: 1408, Sum: 40579, Workers: 4
[10.419s][debug][gc,phases      ] GC(18)   ResolvedMethodTable Weak       Min:  0.0, Avg:  0.0, Max:  0.0, Diff:  0.0, Sum:  0.1, Workers: 4
[10.419s][debug][gc,phases      ] GC(18)     Dead                           Min: 0, Avg:  0.0, Max: 0, Diff: 0, Sum: 0, Workers: 4
[10.419s][debug][gc,phases      ] GC(18)     Total                          Min: 1406, Avg: 1596.8, Max: 1717, Diff: 311, Sum: 6387, Workers: 4
[10.419s][debug][gc,phases      ] GC(18)   JNI Weak                       Min:  0.0, Avg:  0.0, Max:  0.0, Diff:  0.0, Sum:  0.0, Workers: 4
[10.419s][debug][gc,phases      ] GC(18)     Dead                           Min: 0, Avg:  0.0, Max: 0, Diff: 0, Sum: 0, Workers: 4
[10.419s][debug][gc,phases      ] GC(18)     Total                          Min: 0, Avg:  1.2, Max: 5, Diff: 5, Sum: 5, Workers: 4
[10.419s][debug][gc,phases      ] GC(18)   StringDedup Table Weak         Min:  0.0, Avg:  0.0, Max:  0.0, Diff:  0.0, Sum:  0.0, Workers: 4
[10.419s][debug][gc,phases      ] GC(18)     Dead                           Min: 0, Avg:  0.0, Max: 0, Diff: 0, Sum: 0, Workers: 4
[10.419s][debug][gc,phases      ] GC(18)     Total                          Min: 0, Avg:  0.0, Max: 0, Diff: 0, Sum: 0, Workers: 4
[10.419s][debug][gc,phases      ] GC(18)   StringDedup Requests0 Weak     Min:  0.0, Avg:  0.0, Max:  0.0, Diff:  0.0, Sum:  0.0, Workers: 4
[10.419s][debug][gc,phases      ] GC(18)     Dead                           Min: 0, Avg:  0.0, Max: 0, Diff: 0, Sum: 0, Workers: 4
[10.419s][debug][gc,phases      ] GC(18)     Total                          Min: 0, Avg:  0.0, Max: 0, Diff: 0, Sum: 0, Workers: 4
[10.419s][debug][gc,phases      ] GC(18)   StringDedup Requests1 Weak     Min:  0.0, Avg:  0.0, Max:  0.0, Diff:  0.0, Sum:  0.0, Workers: 4
[10.419s][debug][gc,phases      ] GC(18)     Dead                           Min: 0, Avg:  0.0, Max: 0, Diff: 0, Sum: 0, Workers: 4
[10.419s][debug][gc,phases      ] GC(18)     Total                          Min: 0, Avg:  0.0, Max: 0, Diff: 0, Sum: 0, Workers: 4
[10.419s][debug][gc,phases      ] GC(18)   Weak JFR Old Object Samples    Min:  0.0, Avg:  0.0, Max:  0.0, Diff:  0.0, Sum:  0.0, Workers: 4
[10.419s][debug][gc,phases      ] GC(18)     Dead                           Min: 0, Avg:  0.0, Max: 0, Diff: 0, Sum: 0, Workers: 4
[10.419s][debug][gc,phases      ] GC(18)     Total                          Min: 0, Avg:  0.0, Max: 0, Diff: 0, Sum: 0, Workers: 4
[10.419s][debug][gc,phases      ] GC(18) Weak Processing 0.351ms
[10.419s][debug][gc,age         ] GC(18) Desired survivor size 230162432 bytes, new threshold 12 (max threshold 15)
[10.419s][info ][gc,heap        ] GC(18) PSYoungGen: 1657976K(1862656K)->41592K(1853952K) Eden: 1619456K(1619456K)->0K(1619456K) From: 38520K(243200K)->41592K(234496K)
[10.419s][info ][gc,heap        ] GC(18) ParOldGen: 181952K(273920K)->181952K(273920K)
[10.419s][info ][gc,metaspace   ] GC(18) Metaspace: 60954K(61696K)->60954K(61696K) NonClass: 51891K(52288K)->51891K(52288K) Class: 9062K(9408K)->9062K(9408K)
[10.419s][info ][gc             ] GC(18) Pause Young (Allocation Failure) 1796M->218M(2078M) 18.747ms
[10.419s][info ][gc,cpu         ] GC(18) User=0.07s Sys=0.00s Real=0.02s
[10.419s][info ][safepoint      ] Safepoint "ParallelGCFailedAllocation", Time since last: 51773595 ns, Reaching safepoint: 149404 ns, At safepoint: 18853372 ns, Total: 19002776 ns
[10.461s][info ][safepoint      ] Safepoint "ICBufferFull", Time since last: 41646942 ns, Reaching safepoint: 119102 ns, At safepoint: 28301 ns, Total: 147403 ns
[10.463s][info ][safepoint      ] Safepoint "ICBufferFull", Time since last: 1531739 ns, Reaching safepoint: 88302 ns, At safepoint: 23900 ns, Total: 112202 ns
[10.464s][info ][safepoint      ] Safepoint "ICBufferFull", Time since last: 695518 ns, Reaching safepoint: 108202 ns, At safepoint: 22701 ns, Total: 130903 ns
[10.464s][info ][safepoint      ] Safepoint "ICBufferFull", Time since last: 715118 ns, Reaching safepoint: 99302 ns, At safepoint: 22201 ns, Total: 121503 ns
[10.476s][info ][safepoint      ] Safepoint "ICBufferFull", Time since last: 11144779 ns, Reaching safepoint: 117803 ns, At safepoint: 25700 ns, Total: 143503 ns
[10.477s][info ][safepoint      ] Safepoint "ICBufferFull", Time since last: 764719 ns, Reaching safepoint: 94603 ns, At safepoint: 23000 ns, Total: 117603 ns
[10.492s][info ][safepoint      ] Safepoint "ICBufferFull", Time since last: 15696193 ns, Reaching safepoint: 117703 ns, At safepoint: 25301 ns, Total: 143004 ns
[10.493s][info ][safepoint      ] Safepoint "ICBufferFull", Time since last: 735418 ns, Reaching safepoint: 95002 ns, At safepoint: 20101 ns, Total: 115103 ns
[10.494s][info ][safepoint      ] Safepoint "ICBufferFull", Time since last: 667517 ns, Reaching safepoint: 87602 ns, At safepoint: 23000 ns, Total: 110602 ns
[10.495s][info ][safepoint      ] Safepoint "ICBufferFull", Time since last: 671017 ns, Reaching safepoint: 87602 ns, At safepoint: 20201 ns, Total: 107803 ns
[10.496s][info ][safepoint      ] Safepoint "ICBufferFull", Time since last: 748219 ns, Reaching safepoint: 97202 ns, At safepoint: 19700 ns, Total: 116902 ns
[10.496s][info ][safepoint      ] Safepoint "ICBufferFull", Time since last: 708618 ns, Reaching safepoint: 100803 ns, At safepoint: 22800 ns, Total: 123603 ns
[10.497s][info ][safepoint      ] Safepoint "ICBufferFull", Time since last: 773420 ns, Reaching safepoint: 104402 ns, At safepoint: 20001 ns, Total: 124403 ns
[10.498s][info ][safepoint      ] Safepoint "ICBufferFull", Time since last: 670817 ns, Reaching safepoint: 103502 ns, At safepoint: 21901 ns, Total: 125403 ns
[10.499s][info ][safepoint      ] Safepoint "ICBufferFull", Time since last: 702317 ns, Reaching safepoint: 98403 ns, At safepoint: 19700 ns, Total: 118103 ns
[10.500s][info ][safepoint      ] Safepoint "ICBufferFull", Time since last: 727018 ns, Reaching safepoint: 100603 ns, At safepoint: 25301 ns, Total: 125904 ns
[10.501s][info ][safepoint      ] Safepoint "ICBufferFull", Time since last: 702817 ns, Reaching safepoint: 87202 ns, At safepoint: 18901 ns, Total: 106103 ns
[10.501s][info ][safepoint      ] Safepoint "ICBufferFull", Time since last: 657116 ns, Reaching safepoint: 88302 ns, At safepoint: 27701 ns, Total: 116003 ns
[10.502s][info ][safepoint      ] Safepoint "ICBufferFull", Time since last: 654216 ns, Reaching safepoint: 86103 ns, At safepoint: 21100 ns, Total: 107203 ns
[10.503s][info ][safepoint      ] Safepoint "ICBufferFull", Time since last: 682717 ns, Reaching safepoint: 92503 ns, At safepoint: 24100 ns, Total: 116603 ns
[10.504s][info ][safepoint      ] Safepoint "ICBufferFull", Time since last: 681717 ns, Reaching safepoint: 100703 ns, At safepoint: 26300 ns, Total: 127003 ns
[10.505s][info ][safepoint      ] Safepoint "ICBufferFull", Time since last: 653317 ns, Reaching safepoint: 98702 ns, At safepoint: 24901 ns, Total: 123603 ns
[10.505s][info ][safepoint      ] Safepoint "ICBufferFull", Time since last: 652316 ns, Reaching safepoint: 98003 ns, At safepoint: 24700 ns, Total: 122703 ns
[10.506s][info ][safepoint      ] Safepoint "ICBufferFull", Time since last: 665817 ns, Reaching safepoint: 106303 ns, At safepoint: 18400 ns, Total: 124703 ns
[10.507s][info ][safepoint      ] Safepoint "ICBufferFull", Time since last: 654316 ns, Reaching safepoint: 97003 ns, At safepoint: 23300 ns, Total: 120303 ns
[10.512s][info ][safepoint      ] Safepoint "ICBufferFull", Time since last: 5129729 ns, Reaching safepoint: 106902 ns, At safepoint: 24101 ns, Total: 131003 ns
[10.513s][info ][safepoint      ] Safepoint "ICBufferFull", Time since last: 705518 ns, Reaching safepoint: 57801 ns, At safepoint: 25201 ns, Total: 83002 ns
[10.604s][info ][safepoint      ] Safepoint "ICBufferFull", Time since last: 91187981 ns, Reaching safepoint: 124203 ns, At safepoint: 27701 ns, Total: 151904 ns
[10.606s][info ][safepoint      ] Safepoint "ICBufferFull", Time since last: 1109927 ns, Reaching safepoint: 98303 ns, At safepoint: 20500 ns, Total: 118803 ns
[10.620s][info ][safepoint      ] Safepoint "ICBufferFull", Time since last: 14011751 ns, Reaching safepoint: 113103 ns, At safepoint: 23700 ns, Total: 136803 ns
[10.636s][info ][safepoint      ] Safepoint "ICBufferFull", Time since last: 15835196 ns, Reaching safepoint: 130604 ns, At safepoint: 23500 ns, Total: 154104 ns
[10.637s][info ][safepoint      ] Safepoint "ICBufferFull", Time since last: 753319 ns, Reaching safepoint: 101503 ns, At safepoint: 21000 ns, Total: 122503 ns
[10.637s][info ][safepoint      ] Safepoint "ICBufferFull", Time since last: 680417 ns, Reaching safepoint: 89102 ns, At safepoint: 22501 ns, Total: 111603 ns
[10.638s][info ][safepoint      ] Safepoint "ICBufferFull", Time since last: 691517 ns, Reaching safepoint: 88603 ns, At safepoint: 19600 ns, Total: 108203 ns
[10.639s][info ][safepoint      ] Safepoint "ICBufferFull", Time since last: 753819 ns, Reaching safepoint: 96102 ns, At safepoint: 25301 ns, Total: 121403 ns
[10.640s][info ][safepoint      ] Safepoint "ICBufferFull", Time since last: 779619 ns, Reaching safepoint: 98703 ns, At safepoint: 19400 ns, Total: 118103 ns
[10.641s][info ][safepoint      ] Safepoint "ICBufferFull", Time since last: 725619 ns, Reaching safepoint: 90502 ns, At safepoint: 20100 ns, Total: 110602 ns
[10.642s][info ][safepoint      ] Safepoint "ICBufferFull", Time since last: 732119 ns, Reaching safepoint: 88702 ns, At safepoint: 20400 ns, Total: 109102 ns
[10.642s][info ][safepoint      ] Safepoint "ICBufferFull", Time since last: 749519 ns, Reaching safepoint: 91002 ns, At safepoint: 23401 ns, Total: 114403 ns
[10.643s][info ][safepoint      ] Safepoint "ICBufferFull", Time since last: 700617 ns, Reaching safepoint: 88303 ns, At safepoint: 23400 ns, Total: 111703 ns
[10.644s][info ][safepoint      ] Safepoint "ICBufferFull", Time since last: 865522 ns, Reaching safepoint: 96802 ns, At safepoint: 23701 ns, Total: 120503 ns
[10.645s][info ][safepoint      ] Safepoint "ICBufferFull", Time since last: 691617 ns, Reaching safepoint: 100903 ns, At safepoint: 23900 ns, Total: 124803 ns
[10.646s][info ][safepoint      ] Safepoint "ICBufferFull", Time since last: 694718 ns, Reaching safepoint: 89902 ns, At safepoint: 18300 ns, Total: 108202 ns
[10.647s][info ][safepoint      ] Safepoint "ICBufferFull", Time since last: 651917 ns, Reaching safepoint: 90202 ns, At safepoint: 17900 ns, Total: 108102 ns
[10.647s][info ][safepoint      ] Safepoint "ICBufferFull", Time since last: 704418 ns, Reaching safepoint: 89302 ns, At safepoint: 16601 ns, Total: 105903 ns
[10.648s][info ][safepoint      ] Safepoint "ICBufferFull", Time since last: 717218 ns, Reaching safepoint: 67901 ns, At safepoint: 24401 ns, Total: 92302 ns
[10.649s][info ][safepoint      ] Safepoint "ICBufferFull", Time since last: 721418 ns, Reaching safepoint: 155804 ns, At safepoint: 20000 ns, Total: 175804 ns
[10.776s][info ][gc,start       ] GC(19) Pause Young (Allocation Failure)
[10.795s][debug][gc,phases      ] GC(19) Scavenge 18.839ms
[10.795s][debug][gc,ref         ] GC(19) Skipped phase 1 of Reference Processing: no references
[10.795s][debug][gc,ref         ] GC(19) ReferenceProcessor::execute queues: 2, RefProcThreadModel::Multi, marks_oops_alive: false
[10.795s][debug][gc,ref         ] GC(19) Skipped phase 3 of Reference Processing: no references
[10.795s][debug][gc,ref         ] GC(19) ReferenceProcessor::execute queues: 1, RefProcThreadModel::Single, marks_oops_alive: false
[10.795s][debug][gc,phases      ] GC(19) Reference Processing 0.201ms
[10.795s][debug][gc,phases      ] GC(19)   VM Weak                        Min:  0.0, Avg:  0.0, Max:  0.0, Diff:  0.0, Sum:  0.0, Workers: 4
[10.796s][debug][gc,phases      ] GC(19)     Dead                           Min: 0, Avg:  0.0, Max: 0, Diff: 0, Sum: 0, Workers: 4
[10.796s][debug][gc,phases      ] GC(19)     Total                          Min: 0, Avg: 138.0, Max: 512, Diff: 512, Sum: 552, Workers: 4
[10.796s][debug][gc,phases      ] GC(19)   ObjectSynchronizer Weak        Min:  0.0, Avg:  0.0, Max:  0.0, Diff:  0.0, Sum:  0.0, Workers: 4
[10.796s][debug][gc,phases      ] GC(19)     Dead                           Min: 0, Avg:  0.0, Max: 0, Diff: 0, Sum: 0, Workers: 4
[10.796s][debug][gc,phases      ] GC(19)     Total                          Min: 0, Avg: 92.8, Max: 192, Diff: 192, Sum: 371, Workers: 4
[10.796s][debug][gc,phases      ] GC(19)   JVMTI Tag Weak OopStorage      Min:  0.0, Avg:  0.0, Max:  0.0, Diff:  0.0, Sum:  0.0, Workers: 4
[10.796s][debug][gc,phases      ] GC(19)     Dead                           Min: 0, Avg:  0.0, Max: 0, Diff: 0, Sum: 0, Workers: 4
[10.796s][debug][gc,phases      ] GC(19)     Total                          Min: 0, Avg:  0.0, Max: 0, Diff: 0, Sum: 0, Workers: 4
[10.796s][debug][gc,phases      ] GC(19)   StringTable Weak               Min:  0.1, Avg:  0.1, Max:  0.1, Diff:  0.0, Sum:  0.4, Workers: 4
[10.796s][debug][gc,phases      ] GC(19)     Dead                           Min: 0, Avg:  3.0, Max: 12, Diff: 12, Sum: 12, Workers: 4
[10.796s][debug][gc,phases      ] GC(19)     Total                          Min: 8895, Avg: 10152.5, Max: 11509, Diff: 2614, Sum: 40610, Workers: 4
[10.796s][debug][gc,phases      ] GC(19)   ResolvedMethodTable Weak       Min:  0.0, Avg:  0.0, Max:  0.0, Diff:  0.0, Sum:  0.1, Workers: 4
[10.796s][debug][gc,phases      ] GC(19)     Dead                           Min: 0, Avg:  0.0, Max: 0, Diff: 0, Sum: 0, Workers: 4
[10.796s][debug][gc,phases      ] GC(19)     Total                          Min: 1344, Avg: 1599.2, Max: 1728, Diff: 384, Sum: 6397, Workers: 4
[10.796s][debug][gc,phases      ] GC(19)   JNI Weak                       Min:  0.0, Avg:  0.0, Max:  0.0, Diff:  0.0, Sum:  0.0, Workers: 4
[10.796s][debug][gc,phases      ] GC(19)     Dead                           Min: 0, Avg:  0.0, Max: 0, Diff: 0, Sum: 0, Workers: 4
[10.796s][debug][gc,phases      ] GC(19)     Total                          Min: 0, Avg:  0.8, Max: 3, Diff: 3, Sum: 3, Workers: 4
[10.796s][debug][gc,phases      ] GC(19)   StringDedup Table Weak         Min:  0.0, Avg:  0.0, Max:  0.0, Diff:  0.0, Sum:  0.0, Workers: 4
[10.796s][debug][gc,phases      ] GC(19)     Dead                           Min: 0, Avg:  0.0, Max: 0, Diff: 0, Sum: 0, Workers: 4
[10.796s][debug][gc,phases      ] GC(19)     Total                          Min: 0, Avg:  0.0, Max: 0, Diff: 0, Sum: 0, Workers: 4
[10.796s][debug][gc,phases      ] GC(19)   StringDedup Requests0 Weak     Min:  0.0, Avg:  0.0, Max:  0.0, Diff:  0.0, Sum:  0.0, Workers: 4
[10.796s][debug][gc,phases      ] GC(19)     Dead                           Min: 0, Avg:  0.0, Max: 0, Diff: 0, Sum: 0, Workers: 4
[10.796s][debug][gc,phases      ] GC(19)     Total                          Min: 0, Avg:  0.0, Max: 0, Diff: 0, Sum: 0, Workers: 4
[10.796s][debug][gc,phases      ] GC(19)   StringDedup Requests1 Weak     Min:  0.0, Avg:  0.0, Max:  0.0, Diff:  0.0, Sum:  0.0, Workers: 4
[10.796s][debug][gc,phases      ] GC(19)     Dead                           Min: 0, Avg:  0.0, Max: 0, Diff: 0, Sum: 0, Workers: 4
[10.796s][debug][gc,phases      ] GC(19)     Total                          Min: 0, Avg:  0.0, Max: 0, Diff: 0, Sum: 0, Workers: 4
[10.796s][debug][gc,phases      ] GC(19)   Weak JFR Old Object Samples    Min:  0.0, Avg:  0.0, Max:  0.0, Diff:  0.0, Sum:  0.0, Workers: 4
[10.796s][debug][gc,phases      ] GC(19)     Dead                           Min: 0, Avg:  0.0, Max: 0, Diff: 0, Sum: 0, Workers: 4
[10.796s][debug][gc,phases      ] GC(19)     Total                          Min: 0, Avg:  0.0, Max: 0, Diff: 0, Sum: 0, Workers: 4
[10.796s][debug][gc,phases      ] GC(19) Weak Processing 0.350ms
[10.796s][debug][gc,age         ] GC(19) Desired survivor size 219676672 bytes, new threshold 13 (max threshold 15)
[10.796s][info ][gc,heap        ] GC(19) PSYoungGen: 1661048K(1853952K)->43937K(1882624K) Eden: 1619456K(1619456K)->0K(1657856K) From: 41592K(234496K)->43937K(224768K)
[10.796s][info ][gc,heap        ] GC(19) ParOldGen: 181952K(273920K)->181960K(273920K)
[10.796s][info ][gc,metaspace   ] GC(19) Metaspace: 61016K(61760K)->61016K(61760K) NonClass: 51951K(52352K)->51951K(52352K) Class: 9065K(9408K)->9065K(9408K)
[10.796s][info ][gc             ] GC(19) Pause Young (Allocation Failure) 1799M->220M(2106M) 19.524ms
[10.796s][info ][gc,cpu         ] GC(19) User=0.08s Sys=0.01s Real=0.02s
[10.796s][info ][safepoint      ] Safepoint "ParallelGCFailedAllocation", Time since last: 126842974 ns, Reaching safepoint: 151203 ns, At safepoint: 19628891 ns, Total: 19780094 ns
[11.154s][info ][gc,start       ] GC(20) Pause Young (Allocation Failure)
[11.174s][debug][gc,phases      ] GC(20) Scavenge 19.602ms
[11.174s][debug][gc,ref         ] GC(20) Skipped phase 1 of Reference Processing: no references
[11.174s][debug][gc,ref         ] GC(20) ReferenceProcessor::execute queues: 2, RefProcThreadModel::Multi, marks_oops_alive: false
[11.174s][debug][gc,ref         ] GC(20) Skipped phase 3 of Reference Processing: no references
[11.174s][debug][gc,ref         ] GC(20) ReferenceProcessor::execute queues: 1, RefProcThreadModel::Single, marks_oops_alive: false
[11.174s][debug][gc,phases      ] GC(20) Reference Processing 0.230ms
[11.174s][debug][gc,phases      ] GC(20)   VM Weak                        Min:  0.0, Avg:  0.0, Max:  0.0, Diff:  0.0, Sum:  0.0, Workers: 4
[11.174s][debug][gc,phases      ] GC(20)     Dead                           Min: 0, Avg:  0.0, Max: 0, Diff: 0, Sum: 0, Workers: 4
[11.174s][debug][gc,phases      ] GC(20)     Total                          Min: 0, Avg: 138.8, Max: 512, Diff: 512, Sum: 555, Workers: 4
[11.174s][debug][gc,phases      ] GC(20)   ObjectSynchronizer Weak        Min:  0.0, Avg:  0.0, Max:  0.0, Diff:  0.0, Sum:  0.0, Workers: 4
[11.174s][debug][gc,phases      ] GC(20)     Dead                           Min: 0, Avg:  0.0, Max: 0, Diff: 0, Sum: 0, Workers: 4
[11.174s][debug][gc,phases      ] GC(20)     Total                          Min: 0, Avg: 93.0, Max: 244, Diff: 244, Sum: 372, Workers: 4
[11.174s][debug][gc,phases      ] GC(20)   JVMTI Tag Weak OopStorage      Min:  0.0, Avg:  0.0, Max:  0.0, Diff:  0.0, Sum:  0.0, Workers: 4
[11.174s][debug][gc,phases      ] GC(20)     Dead                           Min: 0, Avg:  0.0, Max: 0, Diff: 0, Sum: 0, Workers: 4
[11.174s][debug][gc,phases      ] GC(20)     Total                          Min: 0, Avg:  0.0, Max: 0, Diff: 0, Sum: 0, Workers: 4
[11.174s][debug][gc,phases      ] GC(20)   StringTable Weak               Min:  0.1, Avg:  0.1, Max:  0.1, Diff:  0.0, Sum:  0.5, Workers: 4
[11.174s][debug][gc,phases      ] GC(20)     Dead                           Min: 0, Avg:  1.0, Max: 2, Diff: 2, Sum: 4, Workers: 4
[11.174s][debug][gc,phases      ] GC(20)     Total                          Min: 8320, Avg: 10183.8, Max: 12255, Diff: 3935, Sum: 40735, Workers: 4
[11.174s][debug][gc,phases      ] GC(20)   ResolvedMethodTable Weak       Min:  0.0, Avg:  0.0, Max:  0.0, Diff:  0.0, Sum:  0.1, Workers: 4
[11.174s][debug][gc,phases      ] GC(20)     Dead                           Min: 0, Avg:  4.8, Max: 18, Diff: 18, Sum: 19, Workers: 4
[11.174s][debug][gc,phases      ] GC(20)     Total                          Min: 1019, Avg: 1612.0, Max: 2294, Diff: 1275, Sum: 6448, Workers: 4
[11.174s][debug][gc,phases      ] GC(20)   JNI Weak                       Min:  0.0, Avg:  0.0, Max:  0.0, Diff:  0.0, Sum:  0.0, Workers: 4
[11.174s][debug][gc,phases      ] GC(20)     Dead                           Min: 0, Avg:  0.0, Max: 0, Diff: 0, Sum: 0, Workers: 4
[11.174s][debug][gc,phases      ] GC(20)     Total                          Min: 0, Avg:  0.0, Max: 0, Diff: 0, Sum: 0, Workers: 4
[11.174s][debug][gc,phases      ] GC(20)   StringDedup Table Weak         Min:  0.0, Avg:  0.0, Max:  0.0, Diff:  0.0, Sum:  0.0, Workers: 4
[11.174s][debug][gc,phases      ] GC(20)     Dead                           Min: 0, Avg:  0.0, Max: 0, Diff: 0, Sum: 0, Workers: 4
[11.174s][debug][gc,phases      ] GC(20)     Total                          Min: 0, Avg:  0.0, Max: 0, Diff: 0, Sum: 0, Workers: 4
[11.174s][debug][gc,phases      ] GC(20)   StringDedup Requests0 Weak     Min:  0.0, Avg:  0.0, Max:  0.0, Diff:  0.0, Sum:  0.0, Workers: 4
[11.174s][debug][gc,phases      ] GC(20)     Dead                           Min: 0, Avg:  0.0, Max: 0, Diff: 0, Sum: 0, Workers: 4
[11.174s][debug][gc,phases      ] GC(20)     Total                          Min: 0, Avg:  0.0, Max: 0, Diff: 0, Sum: 0, Workers: 4
[11.174s][debug][gc,phases      ] GC(20)   StringDedup Requests1 Weak     Min:  0.0, Avg:  0.0, Max:  0.0, Diff:  0.0, Sum:  0.0, Workers: 4
[11.174s][debug][gc,phases      ] GC(20)     Dead                           Min: 0, Avg:  0.0, Max: 0, Diff: 0, Sum: 0, Workers: 4
[11.174s][debug][gc,phases      ] GC(20)     Total                          Min: 0, Avg:  0.0, Max: 0, Diff: 0, Sum: 0, Workers: 4
[11.174s][debug][gc,phases      ] GC(20)   Weak JFR Old Object Samples    Min:  0.0, Avg:  0.0, Max:  0.0, Diff:  0.0, Sum:  0.0, Workers: 4
[11.174s][debug][gc,phases      ] GC(20)     Dead                           Min: 0, Avg:  0.0, Max: 0, Diff: 0, Sum: 0, Workers: 4
[11.174s][debug][gc,phases      ] GC(20)     Total                          Min: 0, Avg:  0.0, Max: 0, Diff: 0, Sum: 0, Workers: 4
[11.174s][debug][gc,phases      ] GC(20) Weak Processing 0.314ms
[11.174s][debug][gc,age         ] GC(20) Desired survivor size 209715200 bytes, new threshold 14 (max threshold 15)
[11.174s][info ][gc,heap        ] GC(20) PSYoungGen: 1701793K(1882624K)->44272K(1872384K) Eden: 1657856K(1657856K)->0K(1657856K) From: 43937K(224768K)->44272K(214528K)
[11.174s][info ][gc,heap        ] GC(20) ParOldGen: 181960K(273920K)->181968K(273920K)
[11.174s][info ][gc,metaspace   ] GC(20) Metaspace: 61651K(62400K)->61651K(62400K) NonClass: 52513K(52928K)->52513K(52928K) Class: 9137K(9472K)->9137K(9472K)
[11.174s][info ][gc             ] GC(20) Pause Young (Allocation Failure) 1839M->220M(2096M) 20.280ms
[11.174s][info ][gc,cpu         ] GC(20) User=0.09s Sys=0.00s Real=0.02s
[11.174s][info ][safepoint      ] Safepoint "ParallelGCFailedAllocation", Time since last: 358137359 ns, Reaching safepoint: 206605 ns, At safepoint: 20386410 ns, Total: 20593015 ns
[11.541s][info ][gc,start       ] GC(21) Pause Young (Allocation Failure)
[11.561s][debug][gc,phases      ] GC(21) Scavenge 19.591ms
[11.561s][debug][gc,ref         ] GC(21) Skipped phase 1 of Reference Processing: no references
[11.561s][debug][gc,ref         ] GC(21) ReferenceProcessor::execute queues: 2, RefProcThreadModel::Multi, marks_oops_alive: false
[11.561s][debug][gc,ref         ] GC(21) Skipped phase 3 of Reference Processing: no references
[11.561s][debug][gc,ref         ] GC(21) ReferenceProcessor::execute queues: 1, RefProcThreadModel::Single, marks_oops_alive: false
[11.561s][debug][gc,phases      ] GC(21) Reference Processing 0.208ms
[11.561s][debug][gc,phases      ] GC(21)   VM Weak                        Min:  0.0, Avg:  0.0, Max:  0.0, Diff:  0.0, Sum:  0.0, Workers: 4
[11.561s][debug][gc,phases      ] GC(21)     Dead                           Min: 0, Avg:  0.0, Max: 0, Diff: 0, Sum: 0, Workers: 4
[11.561s][debug][gc,phases      ] GC(21)     Total                          Min: 0, Avg: 138.8, Max: 363, Diff: 363, Sum: 555, Workers: 4
[11.561s][debug][gc,phases      ] GC(21)   ObjectSynchronizer Weak        Min:  0.0, Avg:  0.0, Max:  0.0, Diff:  0.0, Sum:  0.0, Workers: 4
[11.561s][debug][gc,phases      ] GC(21)     Dead                           Min: 0, Avg:  0.0, Max: 0, Diff: 0, Sum: 0, Workers: 4
[11.561s][debug][gc,phases      ] GC(21)     Total                          Min: 0, Avg: 93.0, Max: 180, Diff: 180, Sum: 372, Workers: 4
[11.561s][debug][gc,phases      ] GC(21)   JVMTI Tag Weak OopStorage      Min:  0.0, Avg:  0.0, Max:  0.0, Diff:  0.0, Sum:  0.0, Workers: 4
[11.561s][debug][gc,phases      ] GC(21)     Dead                           Min: 0, Avg:  0.0, Max: 0, Diff: 0, Sum: 0, Workers: 4
[11.561s][debug][gc,phases      ] GC(21)     Total                          Min: 0, Avg:  0.0, Max: 0, Diff: 0, Sum: 0, Workers: 4
[11.561s][debug][gc,phases      ] GC(21)   StringTable Weak               Min:  0.1, Avg:  0.1, Max:  0.1, Diff:  0.0, Sum:  0.5, Workers: 4
[11.561s][debug][gc,phases      ] GC(21)     Dead                           Min: 0, Avg:  3.0, Max: 11, Diff: 11, Sum: 12, Workers: 4
[11.561s][debug][gc,phases      ] GC(21)     Total                          Min: 9920, Avg: 10443.5, Max: 11200, Diff: 1280, Sum: 41774, Workers: 4
[11.561s][debug][gc,phases      ] GC(21)   ResolvedMethodTable Weak       Min:  0.0, Avg:  0.0, Max:  0.0, Diff:  0.0, Sum:  0.1, Workers: 4
[11.561s][debug][gc,phases      ] GC(21)     Dead                           Min: 1, Avg: 25.0, Max: 64, Diff: 63, Sum: 100, Workers: 4
[11.561s][debug][gc,phases      ] GC(21)     Total                          Min: 1420, Avg: 1635.0, Max: 1792, Diff: 372, Sum: 6540, Workers: 4
[11.561s][debug][gc,phases      ] GC(21)   JNI Weak                       Min:  0.0, Avg:  0.0, Max:  0.0, Diff:  0.0, Sum:  0.0, Workers: 4
[11.561s][debug][gc,phases      ] GC(21)     Dead                           Min: 0, Avg:  0.0, Max: 0, Diff: 0, Sum: 0, Workers: 4
[11.561s][debug][gc,phases      ] GC(21)     Total                          Min: 0, Avg:  0.0, Max: 0, Diff: 0, Sum: 0, Workers: 4
[11.561s][debug][gc,phases      ] GC(21)   StringDedup Table Weak         Min:  0.0, Avg:  0.0, Max:  0.0, Diff:  0.0, Sum:  0.0, Workers: 4
[11.561s][debug][gc,phases      ] GC(21)     Dead                           Min: 0, Avg:  0.0, Max: 0, Diff: 0, Sum: 0, Workers: 4
[11.561s][debug][gc,phases      ] GC(21)     Total                          Min: 0, Avg:  0.0, Max: 0, Diff: 0, Sum: 0, Workers: 4
[11.561s][debug][gc,phases      ] GC(21)   StringDedup Requests0 Weak     Min:  0.0, Avg:  0.0, Max:  0.0, Diff:  0.0, Sum:  0.0, Workers: 4
[11.561s][debug][gc,phases      ] GC(21)     Dead                           Min: 0, Avg:  0.0, Max: 0, Diff: 0, Sum: 0, Workers: 4
[11.561s][debug][gc,phases      ] GC(21)     Total                          Min: 0, Avg:  0.0, Max: 0, Diff: 0, Sum: 0, Workers: 4
[11.561s][debug][gc,phases      ] GC(21)   StringDedup Requests1 Weak     Min:  0.0, Avg:  0.0, Max:  0.0, Diff:  0.0, Sum:  0.0, Workers: 4
[11.561s][debug][gc,phases      ] GC(21)     Dead                           Min: 0, Avg:  0.0, Max: 0, Diff: 0, Sum: 0, Workers: 4
[11.561s][debug][gc,phases      ] GC(21)     Total                          Min: 0, Avg:  0.0, Max: 0, Diff: 0, Sum: 0, Workers: 4
[11.561s][debug][gc,phases      ] GC(21)   Weak JFR Old Object Samples    Min:  0.0, Avg:  0.0, Max:  0.0, Diff:  0.0, Sum:  0.0, Workers: 4
[11.561s][debug][gc,phases      ] GC(21)     Dead                           Min: 0, Avg:  0.0, Max: 0, Diff: 0, Sum: 0, Workers: 4
[11.561s][debug][gc,phases      ] GC(21)     Total                          Min: 0, Avg:  0.0, Max: 0, Diff: 0, Sum: 0, Workers: 4
[11.561s][debug][gc,phases      ] GC(21) Weak Processing 0.347ms
[11.561s][debug][gc,age         ] GC(21) Desired survivor size 199753728 bytes, new threshold 15 (max threshold 15)
[11.561s][info ][gc,heap        ] GC(21) PSYoungGen: 1702128K(1872384K)->45752K(1902080K) Eden: 1657856K(1657856K)->0K(1697280K) From: 44272K(214528K)->45752K(204800K)
[11.561s][info ][gc,heap        ] GC(21) ParOldGen: 181968K(273920K)->181968K(273920K)
[11.561s][info ][gc,metaspace   ] GC(21) Metaspace: 64445K(65216K)->64445K(65216K) NonClass: 54960K(55360K)->54960K(55360K) Class: 9485K(9856K)->9485K(9856K)
[11.562s][info ][gc             ] GC(21) Pause Young (Allocation Failure) 1839M->222M(2125M) 20.282ms
[11.562s][info ][gc,cpu         ] GC(21) User=0.08s Sys=0.00s Real=0.02s
[11.562s][info ][safepoint      ] Safepoint "ParallelGCFailedAllocation", Time since last: 366530368 ns, Reaching safepoint: 178805 ns, At safepoint: 20389410 ns, Total: 20568215 ns
[11.879s][info ][gc,start       ] GC(22) Pause Young (Allocation Failure)
[11.903s][debug][gc,phases      ] GC(22) Scavenge 23.674ms
[11.903s][debug][gc,ref         ] GC(22) Skipped phase 1 of Reference Processing: no references
[11.903s][debug][gc,ref         ] GC(22) ReferenceProcessor::execute queues: 1, RefProcThreadModel::Single, marks_oops_alive: false
[11.903s][debug][gc,ref         ] GC(22) Skipped phase 3 of Reference Processing: no references
[11.903s][debug][gc,ref         ] GC(22) ReferenceProcessor::execute queues: 1, RefProcThreadModel::Single, marks_oops_alive: false
[11.903s][debug][gc,phases      ] GC(22) Reference Processing 0.182ms
[11.903s][debug][gc,phases      ] GC(22)   VM Weak                        Min:  0.0, Avg:  0.0, Max:  0.0, Diff:  0.0, Sum:  0.0, Workers: 4
[11.903s][debug][gc,phases      ] GC(22)     Dead                           Min: 0, Avg:  0.0, Max: 0, Diff: 0, Sum: 0, Workers: 4
[11.903s][debug][gc,phases      ] GC(22)     Total                          Min: 0, Avg: 141.0, Max: 500, Diff: 500, Sum: 564, Workers: 4
[11.903s][debug][gc,phases      ] GC(22)   ObjectSynchronizer Weak        Min:  0.0, Avg:  0.0, Max:  0.0, Diff:  0.0, Sum:  0.0, Workers: 4
[11.903s][debug][gc,phases      ] GC(22)     Dead                           Min: 0, Avg:  0.0, Max: 0, Diff: 0, Sum: 0, Workers: 4
[11.903s][debug][gc,phases      ] GC(22)     Total                          Min: 53, Avg: 93.2, Max: 128, Diff: 75, Sum: 373, Workers: 4
[11.903s][debug][gc,phases      ] GC(22)   JVMTI Tag Weak OopStorage      Min:  0.0, Avg:  0.0, Max:  0.0, Diff:  0.0, Sum:  0.0, Workers: 4
[11.903s][debug][gc,phases      ] GC(22)     Dead                           Min: 0, Avg:  0.0, Max: 0, Diff: 0, Sum: 0, Workers: 4
[11.903s][debug][gc,phases      ] GC(22)     Total                          Min: 0, Avg:  0.0, Max: 0, Diff: 0, Sum: 0, Workers: 4
[11.903s][debug][gc,phases      ] GC(22)   StringTable Weak               Min:  0.1, Avg:  0.1, Max:  0.1, Diff:  0.0, Sum:  0.6, Workers: 4
[11.903s][debug][gc,phases      ] GC(22)     Dead                           Min: 0, Avg:  4.0, Max: 13, Diff: 13, Sum: 16, Workers: 4
[11.903s][debug][gc,phases      ] GC(22)     Total                          Min: 9852, Avg: 10542.8, Max: 11456, Diff: 1604, Sum: 42171, Workers: 4
[11.903s][debug][gc,phases      ] GC(22)   ResolvedMethodTable Weak       Min:  0.0, Avg:  0.0, Max:  0.0, Diff:  0.0, Sum:  0.1, Workers: 4
[11.903s][debug][gc,phases      ] GC(22)     Dead                           Min: 1, Avg: 11.5, Max: 21, Diff: 20, Sum: 46, Workers: 4
[11.903s][debug][gc,phases      ] GC(22)     Total                          Min: 1534, Avg: 1671.8, Max: 1919, Diff: 385, Sum: 6687, Workers: 4
[11.903s][debug][gc,phases      ] GC(22)   JNI Weak                       Min:  0.0, Avg:  0.0, Max:  0.0, Diff:  0.0, Sum:  0.0, Workers: 4
[11.903s][debug][gc,phases      ] GC(22)     Dead                           Min: 0, Avg:  0.0, Max: 0, Diff: 0, Sum: 0, Workers: 4
[11.903s][debug][gc,phases      ] GC(22)     Total                          Min: 0, Avg:  3.8, Max: 15, Diff: 15, Sum: 15, Workers: 4
[11.903s][debug][gc,phases      ] GC(22)   StringDedup Table Weak         Min:  0.0, Avg:  0.0, Max:  0.0, Diff:  0.0, Sum:  0.0, Workers: 4
[11.903s][debug][gc,phases      ] GC(22)     Dead                           Min: 0, Avg:  0.0, Max: 0, Diff: 0, Sum: 0, Workers: 4
[11.903s][debug][gc,phases      ] GC(22)     Total                          Min: 0, Avg:  0.0, Max: 0, Diff: 0, Sum: 0, Workers: 4
[11.903s][debug][gc,phases      ] GC(22)   StringDedup Requests0 Weak     Min:  0.0, Avg:  0.0, Max:  0.0, Diff:  0.0, Sum:  0.0, Workers: 4
[11.903s][debug][gc,phases      ] GC(22)     Dead                           Min: 0, Avg:  0.0, Max: 0, Diff: 0, Sum: 0, Workers: 4
[11.903s][debug][gc,phases      ] GC(22)     Total                          Min: 0, Avg:  0.0, Max: 0, Diff: 0, Sum: 0, Workers: 4
[11.903s][debug][gc,phases      ] GC(22)   StringDedup Requests1 Weak     Min:  0.0, Avg:  0.0, Max:  0.0, Diff:  0.0, Sum:  0.0, Workers: 4
[11.903s][debug][gc,phases      ] GC(22)     Dead                           Min: 0, Avg:  0.0, Max: 0, Diff: 0, Sum: 0, Workers: 4
[11.903s][debug][gc,phases      ] GC(22)     Total                          Min: 0, Avg:  0.0, Max: 0, Diff: 0, Sum: 0, Workers: 4
[11.903s][debug][gc,phases      ] GC(22)   Weak JFR Old Object Samples    Min:  0.0, Avg:  0.0, Max:  0.0, Diff:  0.0, Sum:  0.0, Workers: 4
[11.903s][debug][gc,phases      ] GC(22)     Dead                           Min: 0, Avg:  0.0, Max: 0, Diff: 0, Sum: 0, Workers: 4
[11.903s][debug][gc,phases      ] GC(22)     Total                          Min: 0, Avg:  0.0, Max: 0, Diff: 0, Sum: 0, Workers: 4
[11.903s][debug][gc,phases      ] GC(22) Weak Processing 0.369ms
[11.903s][debug][gc,age         ] GC(22) Desired survivor size 189267968 bytes, new threshold 15 (max threshold 15)
[11.903s][info ][gc,heap        ] GC(22) PSYoungGen: 1743032K(1902080K)->49558K(1892352K) Eden: 1697280K(1697280K)->0K(1697280K) From: 45752K(204800K)->49558K(195072K)
[11.903s][info ][gc,heap        ] GC(22) ParOldGen: 181968K(273920K)->181976K(273920K)
[11.903s][info ][gc,metaspace   ] GC(22) Metaspace: 66420K(67136K)->66420K(67136K) NonClass: 56698K(57088K)->56698K(57088K) Class: 9722K(10048K)->9722K(10048K)
[11.903s][info ][gc             ] GC(22) Pause Young (Allocation Failure) 1879M->226M(2115M) 24.375ms
[11.903s][info ][gc,cpu         ] GC(22) User=0.11s Sys=0.00s Real=0.02s
[11.904s][info ][safepoint      ] Safepoint "ParallelGCFailedAllocation", Time since last: 317185734 ns, Reaching safepoint: 260506 ns, At safepoint: 24512213 ns, Total: 24772719 ns
[12.311s][info ][gc,start       ] GC(23) Pause Young (Allocation Failure)
[12.370s][debug][gc,phases      ] GC(23) Scavenge 58.846ms
[12.370s][debug][gc,ref         ] GC(23) Skipped phase 1 of Reference Processing: no references
[12.370s][debug][gc,ref         ] GC(23) ReferenceProcessor::execute queues: 2, RefProcThreadModel::Multi, marks_oops_alive: false
[12.370s][debug][gc,ref         ] GC(23) Skipped phase 3 of Reference Processing: no references
[12.370s][debug][gc,ref         ] GC(23) ReferenceProcessor::execute queues: 1, RefProcThreadModel::Single, marks_oops_alive: false
[12.370s][debug][gc,phases      ] GC(23) Reference Processing 0.308ms
[12.370s][debug][gc,phases      ] GC(23)   VM Weak                        Min:  0.0, Avg:  0.0, Max:  0.0, Diff:  0.0, Sum:  0.0, Workers: 4
[12.370s][debug][gc,phases      ] GC(23)     Dead                           Min: 0, Avg:  0.0, Max: 0, Diff: 0, Sum: 0, Workers: 4
[12.370s][debug][gc,phases      ] GC(23)     Total                          Min: 0, Avg: 143.5, Max: 512, Diff: 512, Sum: 574, Workers: 4
[12.370s][debug][gc,phases      ] GC(23)   ObjectSynchronizer Weak        Min:  0.0, Avg:  0.0, Max:  0.0, Diff:  0.0, Sum:  0.0, Workers: 4
[12.370s][debug][gc,phases      ] GC(23)     Dead                           Min: 0, Avg:  0.0, Max: 0, Diff: 0, Sum: 0, Workers: 4
[12.370s][debug][gc,phases      ] GC(23)     Total                          Min: 0, Avg: 93.2, Max: 128, Diff: 128, Sum: 373, Workers: 4
[12.370s][debug][gc,phases      ] GC(23)   JVMTI Tag Weak OopStorage      Min:  0.0, Avg:  0.0, Max:  0.0, Diff:  0.0, Sum:  0.0, Workers: 4
[12.370s][debug][gc,phases      ] GC(23)     Dead                           Min: 0, Avg:  0.0, Max: 0, Diff: 0, Sum: 0, Workers: 4
[12.370s][debug][gc,phases      ] GC(23)     Total                          Min: 0, Avg:  0.0, Max: 0, Diff: 0, Sum: 0, Workers: 4
[12.370s][debug][gc,phases      ] GC(23)   StringTable Weak               Min:  0.2, Avg:  0.2, Max:  0.2, Diff:  0.0, Sum:  0.7, Workers: 4
[12.370s][debug][gc,phases      ] GC(23)     Dead                           Min: 0, Avg:  3.2, Max: 13, Diff: 13, Sum: 13, Workers: 4
[12.370s][debug][gc,phases      ] GC(23)     Total                          Min: 6152, Avg: 10562.0, Max: 12672, Diff: 6520, Sum: 42248, Workers: 4
[12.370s][debug][gc,phases      ] GC(23)   ResolvedMethodTable Weak       Min:  0.0, Avg:  0.0, Max:  0.0, Diff:  0.0, Sum:  0.1, Workers: 4
[12.370s][debug][gc,phases      ] GC(23)     Dead                           Min: 0, Avg:  0.0, Max: 0, Diff: 0, Sum: 0, Workers: 4
[12.370s][debug][gc,phases      ] GC(23)     Total                          Min: 1087, Avg: 1687.0, Max: 2077, Diff: 990, Sum: 6748, Workers: 4
[12.370s][debug][gc,phases      ] GC(23)   JNI Weak                       Min:  0.0, Avg:  0.0, Max:  0.0, Diff:  0.0, Sum:  0.0, Workers: 4
[12.370s][debug][gc,phases      ] GC(23)     Dead                           Min: 0, Avg:  0.0, Max: 0, Diff: 0, Sum: 0, Workers: 4
[12.370s][debug][gc,phases      ] GC(23)     Total                          Min: 0, Avg:  3.8, Max: 15, Diff: 15, Sum: 15, Workers: 4
[12.370s][debug][gc,phases      ] GC(23)   StringDedup Table Weak         Min:  0.0, Avg:  0.0, Max:  0.0, Diff:  0.0, Sum:  0.0, Workers: 4
[12.370s][debug][gc,phases      ] GC(23)     Dead                           Min: 0, Avg:  0.0, Max: 0, Diff: 0, Sum: 0, Workers: 4
[12.370s][debug][gc,phases      ] GC(23)     Total                          Min: 0, Avg:  0.0, Max: 0, Diff: 0, Sum: 0, Workers: 4
[12.370s][debug][gc,phases      ] GC(23)   StringDedup Requests0 Weak     Min:  0.0, Avg:  0.0, Max:  0.0, Diff:  0.0, Sum:  0.0, Workers: 4
[12.370s][debug][gc,phases      ] GC(23)     Dead                           Min: 0, Avg:  0.0, Max: 0, Diff: 0, Sum: 0, Workers: 4
[12.370s][debug][gc,phases      ] GC(23)     Total                          Min: 0, Avg:  0.0, Max: 0, Diff: 0, Sum: 0, Workers: 4
[12.371s][debug][gc,phases      ] GC(23)   StringDedup Requests1 Weak     Min:  0.0, Avg:  0.0, Max:  0.0, Diff:  0.0, Sum:  0.0, Workers: 4
[12.371s][debug][gc,phases      ] GC(23)     Dead                           Min: 0, Avg:  0.0, Max: 0, Diff: 0, Sum: 0, Workers: 4
[12.371s][debug][gc,phases      ] GC(23)     Total                          Min: 0, Avg:  0.0, Max: 0, Diff: 0, Sum: 0, Workers: 4
[12.371s][debug][gc,phases      ] GC(23)   Weak JFR Old Object Samples    Min:  0.0, Avg:  0.0, Max:  0.0, Diff:  0.0, Sum:  0.0, Workers: 4
[12.371s][debug][gc,phases      ] GC(23)     Dead                           Min: 0, Avg:  0.0, Max: 0, Diff: 0, Sum: 0, Workers: 4
[12.371s][debug][gc,phases      ] GC(23)     Total                          Min: 0, Avg:  0.0, Max: 0, Diff: 0, Sum: 0, Workers: 4
[12.371s][debug][gc,phases      ] GC(23) Weak Processing 0.464ms
[12.371s][debug][gc,age         ] GC(23) Desired survivor size 190840832 bytes, new threshold 15 (max threshold 15)
[12.371s][info ][gc,heap        ] GC(23) PSYoungGen: 1746838K(1892352K)->100166K(1909248K) Eden: 1697280K(1697280K)->0K(1724416K) From: 49558K(195072K)->100166K(184832K)
[12.371s][info ][gc,heap        ] GC(23) ParOldGen: 181976K(273920K)->182736K(273920K)
[12.371s][info ][gc,metaspace   ] GC(23) Metaspace: 66541K(67264K)->66541K(67264K) NonClass: 56797K(57152K)->56797K(57152K) Class: 9744K(10112K)->9744K(10112K)
[12.371s][info ][gc             ] GC(23) Pause Young (Allocation Failure) 1883M->276M(2132M) 59.785ms
[12.371s][info ][gc,cpu         ] GC(23) User=0.29s Sys=0.00s Real=0.06s
[12.371s][info ][safepoint      ] Safepoint "ParallelGCFailedAllocation", Time since last: 403992605 ns, Reaching safepoint: 3246781 ns, At safepoint: 59910798 ns, Total: 63157579 ns
[12.736s][info ][gc,start       ] GC(24) Pause Young (Allocation Failure)
[12.829s][debug][gc,phases      ] GC(24) Scavenge 93.656ms
[12.829s][debug][gc,ref         ] GC(24) Skipped phase 1 of Reference Processing: no references
[12.830s][debug][gc,ref         ] GC(24) ReferenceProcessor::execute queues: 2, RefProcThreadModel::Multi, marks_oops_alive: false
[12.830s][debug][gc,ref         ] GC(24) Skipped phase 3 of Reference Processing: no references
[12.830s][debug][gc,ref         ] GC(24) ReferenceProcessor::execute queues: 1, RefProcThreadModel::Single, marks_oops_alive: false
[12.830s][debug][gc,phases      ] GC(24) Reference Processing 0.224ms
[12.830s][debug][gc,phases      ] GC(24)   VM Weak                        Min:  0.0, Avg:  0.0, Max:  0.0, Diff:  0.0, Sum:  0.0, Workers: 4
[12.830s][debug][gc,phases      ] GC(24)     Dead                           Min: 0, Avg:  0.0, Max: 0, Diff: 0, Sum: 0, Workers: 4
[12.830s][debug][gc,phases      ] GC(24)     Total                          Min: 0, Avg: 143.5, Max: 384, Diff: 384, Sum: 574, Workers: 4
[12.830s][debug][gc,phases      ] GC(24)   ObjectSynchronizer Weak        Min:  0.0, Avg:  0.0, Max:  0.0, Diff:  0.0, Sum:  0.0, Workers: 4
[12.830s][debug][gc,phases      ] GC(24)     Dead                           Min: 0, Avg:  0.0, Max: 0, Diff: 0, Sum: 0, Workers: 4
[12.830s][debug][gc,phases      ] GC(24)     Total                          Min: 53, Avg: 93.2, Max: 128, Diff: 75, Sum: 373, Workers: 4
[12.830s][debug][gc,phases      ] GC(24)   JVMTI Tag Weak OopStorage      Min:  0.0, Avg:  0.0, Max:  0.0, Diff:  0.0, Sum:  0.0, Workers: 4
[12.830s][debug][gc,phases      ] GC(24)     Dead                           Min: 0, Avg:  0.0, Max: 0, Diff: 0, Sum: 0, Workers: 4
[12.830s][debug][gc,phases      ] GC(24)     Total                          Min: 0, Avg:  0.0, Max: 0, Diff: 0, Sum: 0, Workers: 4
[12.830s][debug][gc,phases      ] GC(24)   StringTable Weak               Min:  0.1, Avg:  0.1, Max:  0.1, Diff:  0.0, Sum:  0.5, Workers: 4
[12.830s][debug][gc,phases      ] GC(24)     Dead                           Min: 0, Avg:  2.8, Max: 11, Diff: 11, Sum: 11, Workers: 4
[12.830s][debug][gc,phases      ] GC(24)     Total                          Min: 9909, Avg: 10562.0, Max: 11712, Diff: 1803, Sum: 42248, Workers: 4
[12.830s][debug][gc,phases      ] GC(24)   ResolvedMethodTable Weak       Min:  0.0, Avg:  0.0, Max:  0.0, Diff:  0.0, Sum:  0.1, Workers: 4
[12.830s][debug][gc,phases      ] GC(24)     Dead                           Min: 0, Avg:  0.0, Max: 0, Diff: 0, Sum: 0, Workers: 4
[12.830s][debug][gc,phases      ] GC(24)     Total                          Min: 1535, Avg: 1687.0, Max: 1885, Diff: 350, Sum: 6748, Workers: 4
[12.830s][debug][gc,phases      ] GC(24)   JNI Weak                       Min:  0.0, Avg:  0.0, Max:  0.0, Diff:  0.0, Sum:  0.0, Workers: 4
[12.830s][debug][gc,phases      ] GC(24)     Dead                           Min: 0, Avg:  0.0, Max: 0, Diff: 0, Sum: 0, Workers: 4
[12.830s][debug][gc,phases      ] GC(24)     Total                          Min: 0, Avg:  3.0, Max: 12, Diff: 12, Sum: 12, Workers: 4
[12.830s][debug][gc,phases      ] GC(24)   StringDedup Table Weak         Min:  0.0, Avg:  0.0, Max:  0.0, Diff:  0.0, Sum:  0.0, Workers: 4
[12.830s][debug][gc,phases      ] GC(24)     Dead                           Min: 0, Avg:  0.0, Max: 0, Diff: 0, Sum: 0, Workers: 4
[12.830s][debug][gc,phases      ] GC(24)     Total                          Min: 0, Avg:  0.0, Max: 0, Diff: 0, Sum: 0, Workers: 4
[12.830s][debug][gc,phases      ] GC(24)   StringDedup Requests0 Weak     Min:  0.0, Avg:  0.0, Max:  0.0, Diff:  0.0, Sum:  0.0, Workers: 4
[12.830s][debug][gc,phases      ] GC(24)     Dead                           Min: 0, Avg:  0.0, Max: 0, Diff: 0, Sum: 0, Workers: 4
[12.830s][debug][gc,phases      ] GC(24)     Total                          Min: 0, Avg:  0.0, Max: 0, Diff: 0, Sum: 0, Workers: 4
[12.830s][debug][gc,phases      ] GC(24)   StringDedup Requests1 Weak     Min:  0.0, Avg:  0.0, Max:  0.0, Diff:  0.0, Sum:  0.0, Workers: 4
[12.830s][debug][gc,phases      ] GC(24)     Dead                           Min: 0, Avg:  0.0, Max: 0, Diff: 0, Sum: 0, Workers: 4
[12.830s][debug][gc,phases      ] GC(24)     Total                          Min: 0, Avg:  0.0, Max: 0, Diff: 0, Sum: 0, Workers: 4
[12.830s][debug][gc,phases      ] GC(24)   Weak JFR Old Object Samples    Min:  0.0, Avg:  0.0, Max:  0.0, Diff:  0.0, Sum:  0.0, Workers: 4
[12.830s][debug][gc,phases      ] GC(24)     Dead                           Min: 0, Avg:  0.0, Max: 0, Diff: 0, Sum: 0, Workers: 4
[12.830s][debug][gc,phases      ] GC(24)     Total                          Min: 0, Avg:  0.0, Max: 0, Diff: 0, Sum: 0, Workers: 4
[12.830s][debug][gc,phases      ] GC(24) Weak Processing 0.343ms
[12.830s][debug][gc,age         ] GC(24) Desired survivor size 205520896 bytes, new threshold 15 (max threshold 15)
[12.830s][info ][gc,heap        ] GC(24) PSYoungGen: 1824582K(1909248K)->138438K(1863168K) Eden: 1724416K(1724416K)->0K(1724416K) From: 100166K(184832K)->138438K(138752K)
[12.830s][info ][gc,heap        ] GC(24) ParOldGen: 182736K(273920K)->185284K(273920K)
[12.830s][info ][gc,metaspace   ] GC(24) Metaspace: 66544K(67264K)->66544K(67264K) NonClass: 56799K(57152K)->56799K(57152K) Class: 9744K(10112K)->9744K(10112K)
[12.830s][info ][gc             ] GC(24) Pause Young (Allocation Failure) 1960M->316M(2087M) 94.371ms
[12.830s][info ][gc,cpu         ] GC(24) User=0.40s Sys=0.03s Real=0.09s
[12.830s][info ][safepoint      ] Safepoint "ParallelGCFailedAllocation", Time since last: 364798824 ns, Reaching safepoint: 135103 ns, At safepoint: 94484064 ns, Total: 94619167 ns
[13.172s][info ][gc,start       ] GC(25) Pause Young (Allocation Failure)
[13.263s][debug][gc,phases      ] GC(25) Scavenge 90.887ms
[13.263s][debug][gc,ref         ] GC(25) Skipped phase 1 of Reference Processing: no references
[13.263s][debug][gc,ref         ] GC(25) ReferenceProcessor::execute queues: 1, RefProcThreadModel::Single, marks_oops_alive: false
[13.263s][debug][gc,ref         ] GC(25) Skipped phase 3 of Reference Processing: no references
[13.263s][debug][gc,ref         ] GC(25) ReferenceProcessor::execute queues: 1, RefProcThreadModel::Single, marks_oops_alive: false
[13.263s][debug][gc,phases      ] GC(25) Reference Processing 0.166ms
[13.263s][debug][gc,phases      ] GC(25)   VM Weak                        Min:  0.0, Avg:  0.0, Max:  0.0, Diff:  0.0, Sum:  0.0, Workers: 4
[13.263s][debug][gc,phases      ] GC(25)     Dead                           Min: 0, Avg:  0.0, Max: 0, Diff: 0, Sum: 0, Workers: 4
[13.263s][debug][gc,phases      ] GC(25)     Total                          Min: 0, Avg: 143.5, Max: 446, Diff: 446, Sum: 574, Workers: 4
[13.263s][debug][gc,phases      ] GC(25)   ObjectSynchronizer Weak        Min:  0.0, Avg:  0.0, Max:  0.0, Diff:  0.0, Sum:  0.0, Workers: 4
[13.263s][debug][gc,phases      ] GC(25)     Dead                           Min: 0, Avg:  0.0, Max: 0, Diff: 0, Sum: 0, Workers: 4
[13.263s][debug][gc,phases      ] GC(25)     Total                          Min: 0, Avg: 93.2, Max: 128, Diff: 128, Sum: 373, Workers: 4
[13.263s][debug][gc,phases      ] GC(25)   JVMTI Tag Weak OopStorage      Min:  0.0, Avg:  0.0, Max:  0.0, Diff:  0.0, Sum:  0.0, Workers: 4
[13.263s][debug][gc,phases      ] GC(25)     Dead                           Min: 0, Avg:  0.0, Max: 0, Diff: 0, Sum: 0, Workers: 4
[13.263s][debug][gc,phases      ] GC(25)     Total                          Min: 0, Avg:  0.0, Max: 0, Diff: 0, Sum: 0, Workers: 4
[13.263s][debug][gc,phases      ] GC(25)   StringTable Weak               Min:  0.1, Avg:  0.1, Max:  0.1, Diff:  0.0, Sum:  0.5, Workers: 4
[13.263s][debug][gc,phases      ] GC(25)     Dead                           Min: 0, Avg:  0.0, Max: 0, Diff: 0, Sum: 0, Workers: 4
[13.263s][debug][gc,phases      ] GC(25)     Total                          Min: 10067, Avg: 10562.0, Max: 11328, Diff: 1261, Sum: 42248, Workers: 4
[13.263s][debug][gc,phases      ] GC(25)   ResolvedMethodTable Weak       Min:  0.0, Avg:  0.0, Max:  0.0, Diff:  0.0, Sum:  0.1, Workers: 4
[13.263s][debug][gc,phases      ] GC(25)     Dead                           Min: 0, Avg:  0.0, Max: 0, Diff: 0, Sum: 0, Workers: 4
[13.263s][debug][gc,phases      ] GC(25)     Total                          Min: 1535, Avg: 1687.0, Max: 1792, Diff: 257, Sum: 6748, Workers: 4
[13.263s][debug][gc,phases      ] GC(25)   JNI Weak                       Min:  0.0, Avg:  0.0, Max:  0.0, Diff:  0.0, Sum:  0.0, Workers: 4
[13.263s][debug][gc,phases      ] GC(25)     Dead                           Min: 0, Avg:  0.0, Max: 0, Diff: 0, Sum: 0, Workers: 4
[13.263s][debug][gc,phases      ] GC(25)     Total                          Min: 0, Avg:  0.8, Max: 3, Diff: 3, Sum: 3, Workers: 4
[13.263s][debug][gc,phases      ] GC(25)   StringDedup Table Weak         Min:  0.0, Avg:  0.0, Max:  0.0, Diff:  0.0, Sum:  0.0, Workers: 4
[13.263s][debug][gc,phases      ] GC(25)     Dead                           Min: 0, Avg:  0.0, Max: 0, Diff: 0, Sum: 0, Workers: 4
[13.263s][debug][gc,phases      ] GC(25)     Total                          Min: 0, Avg:  0.0, Max: 0, Diff: 0, Sum: 0, Workers: 4
[13.263s][debug][gc,phases      ] GC(25)   StringDedup Requests0 Weak     Min:  0.0, Avg:  0.0, Max:  0.0, Diff:  0.0, Sum:  0.0, Workers: 4
[13.263s][debug][gc,phases      ] GC(25)     Dead                           Min: 0, Avg:  0.0, Max: 0, Diff: 0, Sum: 0, Workers: 4
[13.263s][debug][gc,phases      ] GC(25)     Total                          Min: 0, Avg:  0.0, Max: 0, Diff: 0, Sum: 0, Workers: 4
[13.263s][debug][gc,phases      ] GC(25)   StringDedup Requests1 Weak     Min:  0.0, Avg:  0.0, Max:  0.0, Diff:  0.0, Sum:  0.0, Workers: 4
[13.263s][debug][gc,phases      ] GC(25)     Dead                           Min: 0, Avg:  0.0, Max: 0, Diff: 0, Sum: 0, Workers: 4
[13.263s][debug][gc,phases      ] GC(25)     Total                          Min: 0, Avg:  0.0, Max: 0, Diff: 0, Sum: 0, Workers: 4
[13.263s][debug][gc,phases      ] GC(25)   Weak JFR Old Object Samples    Min:  0.0, Avg:  0.0, Max:  0.0, Diff:  0.0, Sum:  0.0, Workers: 4
[13.263s][debug][gc,phases      ] GC(25)     Dead                           Min: 0, Avg:  0.0, Max: 0, Diff: 0, Sum: 0, Workers: 4
[13.263s][debug][gc,phases      ] GC(25)     Total                          Min: 0, Avg:  0.0, Max: 0, Diff: 0, Sum: 0, Workers: 4
[13.263s][debug][gc,phases      ] GC(25) Weak Processing 0.337ms
[13.263s][debug][gc,age         ] GC(25) Desired survivor size 229113856 bytes, new threshold 15 (max threshold 15)
[13.263s][info ][gc,heap        ] GC(25) PSYoungGen: 1862854K(1863168K)->171862K(1850368K) Eden: 1724416K(1724416K)->0K(1649664K) From: 138438K(138752K)->171862K(200704K)
[13.263s][info ][gc,heap        ] GC(25) ParOldGen: 185284K(273920K)->189244K(273920K)
[13.263s][info ][gc,metaspace   ] GC(25) Metaspace: 66544K(67328K)->66544K(67328K) NonClass: 56800K(57216K)->56800K(57216K) Class: 9744K(10112K)->9744K(10112K)
[13.263s][info ][gc             ] GC(25) Pause Young (Allocation Failure) 2000M->352M(2074M) 91.528ms
[13.263s][info ][gc,cpu         ] GC(25) User=0.33s Sys=0.03s Real=0.08s
[13.263s][info ][safepoint      ] Safepoint "ParallelGCFailedAllocation", Time since last: 341008128 ns, Reaching safepoint: 458611 ns, At safepoint: 91639492 ns, Total: 92098103 ns
[13.557s][info ][gc,start       ] GC(26) Pause Young (Allocation Failure)
[13.762s][debug][gc,phases      ] GC(26) Scavenge 204.935ms
[13.762s][debug][gc,ref         ] GC(26) Skipped phase 1 of Reference Processing: no references
[13.762s][debug][gc,ref         ] GC(26) ReferenceProcessor::execute queues: 1, RefProcThreadModel::Single, marks_oops_alive: false
[13.762s][debug][gc,ref         ] GC(26) Skipped phase 3 of Reference Processing: no references
[13.762s][debug][gc,ref         ] GC(26) ReferenceProcessor::execute queues: 1, RefProcThreadModel::Single, marks_oops_alive: false
[13.762s][debug][gc,phases      ] GC(26) Reference Processing 0.144ms
[13.762s][debug][gc,phases      ] GC(26)   VM Weak                        Min:  0.0, Avg:  0.0, Max:  0.0, Diff:  0.0, Sum:  0.0, Workers: 4
[13.762s][debug][gc,phases      ] GC(26)     Dead                           Min: 0, Avg:  0.0, Max: 0, Diff: 0, Sum: 0, Workers: 4
[13.762s][debug][gc,phases      ] GC(26)     Total                          Min: 0, Avg: 143.5, Max: 574, Diff: 574, Sum: 574, Workers: 4
[13.762s][debug][gc,phases      ] GC(26)   ObjectSynchronizer Weak        Min:  0.0, Avg:  0.0, Max:  0.0, Diff:  0.0, Sum:  0.0, Workers: 4
[13.762s][debug][gc,phases      ] GC(26)     Dead                           Min: 0, Avg:  0.0, Max: 0, Diff: 0, Sum: 0, Workers: 4
[13.762s][debug][gc,phases      ] GC(26)     Total                          Min: 0, Avg: 93.2, Max: 245, Diff: 245, Sum: 373, Workers: 4
[13.762s][debug][gc,phases      ] GC(26)   JVMTI Tag Weak OopStorage      Min:  0.0, Avg:  0.0, Max:  0.0, Diff:  0.0, Sum:  0.0, Workers: 4
[13.762s][debug][gc,phases      ] GC(26)     Dead                           Min: 0, Avg:  0.0, Max: 0, Diff: 0, Sum: 0, Workers: 4
[13.762s][debug][gc,phases      ] GC(26)     Total                          Min: 0, Avg:  0.0, Max: 0, Diff: 0, Sum: 0, Workers: 4
[13.762s][debug][gc,phases      ] GC(26)   StringTable Weak               Min:  0.1, Avg:  0.1, Max:  0.1, Diff:  0.0, Sum:  0.4, Workers: 4
[13.762s][debug][gc,phases      ] GC(26)     Dead                           Min: 0, Avg:  2.8, Max: 11, Diff: 11, Sum: 11, Workers: 4
[13.762s][debug][gc,phases      ] GC(26)     Total                          Min: 9427, Avg: 10562.0, Max: 11584, Diff: 2157, Sum: 42248, Workers: 4
[13.762s][debug][gc,phases      ] GC(26)   ResolvedMethodTable Weak       Min:  0.0, Avg:  0.0, Max:  0.0, Diff:  0.0, Sum:  0.1, Workers: 4
[13.762s][debug][gc,phases      ] GC(26)     Dead                           Min: 0, Avg:  0.0, Max: 0, Diff: 0, Sum: 0, Workers: 4
[13.762s][debug][gc,phases      ] GC(26)     Total                          Min: 1472, Avg: 1687.0, Max: 1983, Diff: 511, Sum: 6748, Workers: 4
[13.762s][debug][gc,phases      ] GC(26)   JNI Weak                       Min:  0.0, Avg:  0.0, Max:  0.0, Diff:  0.0, Sum:  0.0, Workers: 4
[13.762s][debug][gc,phases      ] GC(26)     Dead                           Min: 0, Avg:  0.0, Max: 0, Diff: 0, Sum: 0, Workers: 4
[13.762s][debug][gc,phases      ] GC(26)     Total                          Min: 0, Avg:  0.0, Max: 0, Diff: 0, Sum: 0, Workers: 4
[13.762s][debug][gc,phases      ] GC(26)   StringDedup Table Weak         Min:  0.0, Avg:  0.0, Max:  0.0, Diff:  0.0, Sum:  0.0, Workers: 4
[13.762s][debug][gc,phases      ] GC(26)     Dead                           Min: 0, Avg:  0.0, Max: 0, Diff: 0, Sum: 0, Workers: 4
[13.762s][debug][gc,phases      ] GC(26)     Total                          Min: 0, Avg:  0.0, Max: 0, Diff: 0, Sum: 0, Workers: 4
[13.762s][debug][gc,phases      ] GC(26)   StringDedup Requests0 Weak     Min:  0.0, Avg:  0.0, Max:  0.0, Diff:  0.0, Sum:  0.0, Workers: 4
[13.762s][debug][gc,phases      ] GC(26)     Dead                           Min: 0, Avg:  0.0, Max: 0, Diff: 0, Sum: 0, Workers: 4
[13.762s][debug][gc,phases      ] GC(26)     Total                          Min: 0, Avg:  0.0, Max: 0, Diff: 0, Sum: 0, Workers: 4
[13.762s][debug][gc,phases      ] GC(26)   StringDedup Requests1 Weak     Min:  0.0, Avg:  0.0, Max:  0.0, Diff:  0.0, Sum:  0.0, Workers: 4
[13.762s][debug][gc,phases      ] GC(26)     Dead                           Min: 0, Avg:  0.0, Max: 0, Diff: 0, Sum: 0, Workers: 4
[13.763s][debug][gc,phases      ] GC(26)     Total                          Min: 0, Avg:  0.0, Max: 0, Diff: 0, Sum: 0, Workers: 4
[13.763s][debug][gc,phases      ] GC(26)   Weak JFR Old Object Samples    Min:  0.0, Avg:  0.0, Max:  0.0, Diff:  0.0, Sum:  0.0, Workers: 4
[13.763s][debug][gc,phases      ] GC(26)     Dead                           Min: 0, Avg:  0.0, Max: 0, Diff: 0, Sum: 0, Workers: 4
[13.763s][debug][gc,phases      ] GC(26)     Total                          Min: 0, Avg:  0.0, Max: 0, Diff: 0, Sum: 0, Workers: 4
[13.763s][debug][gc,phases      ] GC(26) Weak Processing 0.302ms
[13.763s][debug][gc,age         ] GC(26) Desired survivor size 306708480 bytes, new threshold 14 (max threshold 15)
[13.763s][info ][gc,heap        ] GC(26) PSYoungGen: 1821526K(1850368K)->223726K(1873408K) Eden: 1649664K(1649664K)->0K(1649664K) From: 171862K(200704K)->223726K(223744K)
[13.763s][info ][gc,heap        ] GC(26) ParOldGen: 189244K(273920K)->291672K(291840K)
[13.763s][info ][gc,metaspace   ] GC(26) Metaspace: 66571K(67392K)->66571K(67392K) NonClass: 56827K(57280K)->56827K(57280K) Class: 9744K(10112K)->9744K(10112K)
[13.763s][info ][gc             ] GC(26) Pause Young (Allocation Failure) 1963M->503M(2114M) 205.513ms
[13.763s][info ][gc,cpu         ] GC(26) User=0.74s Sys=0.07s Real=0.20s
[13.763s][debug][gc,phases      ] GC(27) Pre Compact 0.009ms
[13.763s][info ][gc,start       ] GC(27) Pause Full (Ergonomics)
[13.763s][info ][gc,phases,start] GC(27) Marking Phase
[13.945s][debug][gc,phases      ] GC(27) Par Mark 182.593ms
[13.945s][debug][gc,ref         ] GC(27) Skipped phase 1 of Reference Processing: no references
[13.945s][debug][gc,ref         ] GC(27) ReferenceProcessor::execute queues: 1, RefProcThreadModel::Single, marks_oops_alive: false
[13.945s][debug][gc,ref         ] GC(27) Skipped phase 3 of Reference Processing: no references
[13.945s][debug][gc,ref         ] GC(27) ReferenceProcessor::execute queues: 1, RefProcThreadModel::Single, marks_oops_alive: false
[13.946s][debug][gc,phases      ] GC(27) Reference Processing 0.163ms
[13.946s][debug][gc,phases      ] GC(27)   VM Weak                        Min:  0.0, Avg:  0.0, Max:  0.0, Diff:  0.0, Sum:  0.0, Workers: 4
[13.946s][debug][gc,phases      ] GC(27)     Dead                           Min: 0, Avg:  0.8, Max: 2, Diff: 2, Sum: 3, Workers: 4
[13.946s][debug][gc,phases      ] GC(27)     Total                          Min: 0, Avg: 143.5, Max: 448, Diff: 448, Sum: 574, Workers: 4
[13.946s][debug][gc,phases      ] GC(27)   ObjectSynchronizer Weak        Min:  0.0, Avg:  0.0, Max:  0.0, Diff:  0.0, Sum:  0.0, Workers: 4
[13.946s][debug][gc,phases      ] GC(27)     Dead                           Min: 0, Avg:  0.2, Max: 1, Diff: 1, Sum: 1, Workers: 4
[13.946s][debug][gc,phases      ] GC(27)     Total                          Min: 0, Avg: 93.2, Max: 181, Diff: 181, Sum: 373, Workers: 4
[13.946s][debug][gc,phases      ] GC(27)   JVMTI Tag Weak OopStorage      Min:  0.0, Avg:  0.0, Max:  0.0, Diff:  0.0, Sum:  0.0, Workers: 4
[13.946s][debug][gc,phases      ] GC(27)     Dead                           Min: 0, Avg:  0.0, Max: 0, Diff: 0, Sum: 0, Workers: 4
[13.946s][debug][gc,phases      ] GC(27)     Total                          Min: 0, Avg:  0.0, Max: 0, Diff: 0, Sum: 0, Workers: 4
[13.946s][debug][gc,phases      ] GC(27)   StringTable Weak               Min:  0.1, Avg:  0.2, Max:  0.2, Diff:  0.0, Sum:  0.6, Workers: 4
[13.946s][debug][gc,phases      ] GC(27)     Dead                           Min: 0, Avg:  0.0, Max: 0, Diff: 0, Sum: 0, Workers: 4
[13.946s][debug][gc,phases      ] GC(27)     Total                          Min: 8512, Avg: 10562.0, Max: 11968, Diff: 3456, Sum: 42248, Workers: 4
[13.946s][debug][gc,phases      ] GC(27)   ResolvedMethodTable Weak       Min:  0.0, Avg:  0.0, Max:  0.0, Diff:  0.0, Sum:  0.1, Workers: 4
[13.946s][debug][gc,phases      ] GC(27)     Dead                           Min: 0, Avg:  1.0, Max: 4, Diff: 4, Sum: 4, Workers: 4
[13.946s][debug][gc,phases      ] GC(27)     Total                          Min: 1437, Avg: 1687.0, Max: 2048, Diff: 611, Sum: 6748, Workers: 4
[13.946s][debug][gc,phases      ] GC(27)   JNI Weak                       Min:  0.0, Avg:  0.0, Max:  0.0, Diff:  0.0, Sum:  0.0, Workers: 4
[13.946s][debug][gc,phases      ] GC(27)     Dead                           Min: 0, Avg:  0.0, Max: 0, Diff: 0, Sum: 0, Workers: 4
[13.946s][debug][gc,phases      ] GC(27)     Total                          Min: 0, Avg:  0.0, Max: 0, Diff: 0, Sum: 0, Workers: 4
[13.946s][debug][gc,phases      ] GC(27)   StringDedup Table Weak         Min:  0.0, Avg:  0.0, Max:  0.0, Diff:  0.0, Sum:  0.0, Workers: 4
[13.946s][debug][gc,phases      ] GC(27)     Dead                           Min: 0, Avg:  0.0, Max: 0, Diff: 0, Sum: 0, Workers: 4
[13.946s][debug][gc,phases      ] GC(27)     Total                          Min: 0, Avg:  0.0, Max: 0, Diff: 0, Sum: 0, Workers: 4
[13.946s][debug][gc,phases      ] GC(27)   StringDedup Requests0 Weak     Min:  0.0, Avg:  0.0, Max:  0.0, Diff:  0.0, Sum:  0.0, Workers: 4
[13.946s][debug][gc,phases      ] GC(27)     Dead                           Min: 0, Avg:  0.0, Max: 0, Diff: 0, Sum: 0, Workers: 4
[13.946s][debug][gc,phases      ] GC(27)     Total                          Min: 0, Avg:  0.0, Max: 0, Diff: 0, Sum: 0, Workers: 4
[13.946s][debug][gc,phases      ] GC(27)   StringDedup Requests1 Weak     Min:  0.0, Avg:  0.0, Max:  0.0, Diff:  0.0, Sum:  0.0, Workers: 4
[13.946s][debug][gc,phases      ] GC(27)     Dead                           Min: 0, Avg:  0.0, Max: 0, Diff: 0, Sum: 0, Workers: 4
[13.946s][debug][gc,phases      ] GC(27)     Total                          Min: 0, Avg:  0.0, Max: 0, Diff: 0, Sum: 0, Workers: 4
[13.946s][debug][gc,phases      ] GC(27)   Weak JFR Old Object Samples    Min:  0.0, Avg:  0.0, Max:  0.0, Diff:  0.0, Sum:  0.0, Workers: 4
[13.946s][debug][gc,phases      ] GC(27)     Dead                           Min: 0, Avg:  0.0, Max: 0, Diff: 0, Sum: 0, Workers: 4
[13.946s][debug][gc,phases      ] GC(27)     Total                          Min: 0, Avg:  0.0, Max: 0, Diff: 0, Sum: 0, Workers: 4
[13.946s][debug][gc,phases      ] GC(27) Weak Processing 0.365ms
[13.946s][debug][gc,phases      ] GC(27) ClassLoaderData 0.178ms
[13.946s][debug][gc,phases      ] GC(27) Trigger cleanups 0.001ms
[13.961s][debug][gc,phases      ] GC(27) Class Unloading 14.624ms
[13.961s][info ][gc,phases      ] GC(27) Marking Phase 197.923ms
[13.961s][info ][gc,phases,start] GC(27) Summary Phase
[13.961s][info ][gc,phases      ] GC(27) Summary Phase 0.011ms
[13.961s][info ][gc,phases,start] GC(27) Adjust Roots
[13.972s][info ][gc,phases      ] GC(27) Adjust Roots 11.152ms
[13.972s][info ][gc,phases,start] GC(27) Compaction Phase
[14.714s][info ][gc,phases      ] GC(27) Compaction Phase 742.474ms
[14.714s][info ][gc,phases,start] GC(27) Post Compact
[14.716s][info ][gc,phases      ] GC(27) Post Compact 1.798ms
[14.716s][info ][gc,heap        ] GC(27) PSYoungGen: 223726K(1873408K)->222241K(1872384K) Eden: 0K(1649664K)->0K(1649664K) From: 223726K(223744K)->222241K(222720K)
[14.716s][info ][gc,heap        ] GC(27) ParOldGen: 291672K(291840K)->291560K(387584K)
[14.716s][info ][gc,metaspace   ] GC(27) Metaspace: 66571K(67392K)->66566K(67392K) NonClass: 56827K(57280K)->56823K(57280K) Class: 9744K(10112K)->9742K(10112K)
[14.716s][info ][gc             ] GC(27) Pause Full (Ergonomics) 503M->501M(2207M) 953.696ms
[14.716s][info ][gc,cpu         ] GC(27) User=3.61s Sys=0.01s Real=0.96s
[14.716s][info ][safepoint      ] Safepoint "ParallelGCFailedAllocation", Time since last: 293654444 ns, Reaching safepoint: 144303 ns, At safepoint: 1159384493 ns, Total: 1159528796 ns
[15.044s][info ][safepoint      ] Safepoint "ICBufferFull", Time since last: 326896774 ns, Reaching safepoint: 197405 ns, At safepoint: 22500 ns, Total: 219905 ns
[15.076s][info ][safepoint      ] Safepoint "ICBufferFull", Time since last: 32020301 ns, Reaching safepoint: 140403 ns, At safepoint: 26301 ns, Total: 166704 ns
[15.102s][info ][gc,start       ] GC(28) Pause Young (Allocation Failure)
[15.281s][debug][gc,phases      ] GC(28) Scavenge 178.905ms
[15.281s][debug][gc,ref         ] GC(28) Skipped phase 1 of Reference Processing: no references
[15.281s][debug][gc,ref         ] GC(28) ReferenceProcessor::execute queues: 1, RefProcThreadModel::Single, marks_oops_alive: false
[15.281s][debug][gc,ref         ] GC(28) Skipped phase 3 of Reference Processing: no references
[15.281s][debug][gc,ref         ] GC(28) ReferenceProcessor::execute queues: 1, RefProcThreadModel::Single, marks_oops_alive: false
[15.281s][debug][gc,phases      ] GC(28) Reference Processing 0.148ms
[15.281s][debug][gc,phases      ] GC(28)   VM Weak                        Min:  0.0, Avg:  0.0, Max:  0.0, Diff:  0.0, Sum:  0.0, Workers: 4
[15.281s][debug][gc,phases      ] GC(28)     Dead                           Min: 0, Avg:  0.0, Max: 0, Diff: 0, Sum: 0, Workers: 4
[15.281s][debug][gc,phases      ] GC(28)     Total                          Min: 0, Avg: 145.0, Max: 452, Diff: 452, Sum: 580, Workers: 4
[15.281s][debug][gc,phases      ] GC(28)   ObjectSynchronizer Weak        Min:  0.0, Avg:  0.0, Max:  0.0, Diff:  0.0, Sum:  0.0, Workers: 4
[15.281s][debug][gc,phases      ] GC(28)     Dead                           Min: 0, Avg:  0.0, Max: 0, Diff: 0, Sum: 0, Workers: 4
[15.281s][debug][gc,phases      ] GC(28)     Total                          Min: 0, Avg: 93.2, Max: 128, Diff: 128, Sum: 373, Workers: 4
[15.281s][debug][gc,phases      ] GC(28)   JVMTI Tag Weak OopStorage      Min:  0.0, Avg:  0.0, Max:  0.0, Diff:  0.0, Sum:  0.0, Workers: 4
[15.281s][debug][gc,phases      ] GC(28)     Dead                           Min: 0, Avg:  0.0, Max: 0, Diff: 0, Sum: 0, Workers: 4
[15.281s][debug][gc,phases      ] GC(28)     Total                          Min: 0, Avg:  0.0, Max: 0, Diff: 0, Sum: 0, Workers: 4
[15.281s][debug][gc,phases      ] GC(28)   StringTable Weak               Min:  0.1, Avg:  0.1, Max:  0.1, Diff:  0.0, Sum:  0.5, Workers: 4
[15.281s][debug][gc,phases      ] GC(28)     Dead                           Min: 0, Avg:  4.0, Max: 10, Diff: 10, Sum: 16, Workers: 4
[15.281s][debug][gc,phases      ] GC(28)     Total                          Min: 9672, Avg: 10610.0, Max: 11776, Diff: 2104, Sum: 42440, Workers: 4
[15.281s][debug][gc,phases      ] GC(28)   ResolvedMethodTable Weak       Min:  0.0, Avg:  0.0, Max:  0.0, Diff:  0.0, Sum:  0.1, Workers: 4
[15.281s][debug][gc,phases      ] GC(28)     Dead                           Min: 0, Avg:  9.0, Max: 25, Diff: 25, Sum: 36, Workers: 4
[15.281s][debug][gc,phases      ] GC(28)     Total                          Min: 1536, Avg: 1726.0, Max: 1920, Diff: 384, Sum: 6904, Workers: 4
[15.281s][debug][gc,phases      ] GC(28)   JNI Weak                       Min:  0.0, Avg:  0.0, Max:  0.0, Diff:  0.0, Sum:  0.0, Workers: 4
[15.281s][debug][gc,phases      ] GC(28)     Dead                           Min: 0, Avg:  0.0, Max: 0, Diff: 0, Sum: 0, Workers: 4
[15.281s][debug][gc,phases      ] GC(28)     Total                          Min: 0, Avg:  1.5, Max: 6, Diff: 6, Sum: 6, Workers: 4
[15.281s][debug][gc,phases      ] GC(28)   StringDedup Table Weak         Min:  0.0, Avg:  0.0, Max:  0.0, Diff:  0.0, Sum:  0.0, Workers: 4
[15.281s][debug][gc,phases      ] GC(28)     Dead                           Min: 0, Avg:  0.0, Max: 0, Diff: 0, Sum: 0, Workers: 4
[15.281s][debug][gc,phases      ] GC(28)     Total                          Min: 0, Avg:  0.0, Max: 0, Diff: 0, Sum: 0, Workers: 4
[15.281s][debug][gc,phases      ] GC(28)   StringDedup Requests0 Weak     Min:  0.0, Avg:  0.0, Max:  0.0, Diff:  0.0, Sum:  0.0, Workers: 4
[15.281s][debug][gc,phases      ] GC(28)     Dead                           Min: 0, Avg:  0.0, Max: 0, Diff: 0, Sum: 0, Workers: 4
[15.281s][debug][gc,phases      ] GC(28)     Total                          Min: 0, Avg:  0.0, Max: 0, Diff: 0, Sum: 0, Workers: 4
[15.281s][debug][gc,phases      ] GC(28)   StringDedup Requests1 Weak     Min:  0.0, Avg:  0.0, Max:  0.0, Diff:  0.0, Sum:  0.0, Workers: 4
[15.281s][debug][gc,phases      ] GC(28)     Dead                           Min: 0, Avg:  0.0, Max: 0, Diff: 0, Sum: 0, Workers: 4
[15.281s][debug][gc,phases      ] GC(28)     Total                          Min: 0, Avg:  0.0, Max: 0, Diff: 0, Sum: 0, Workers: 4
[15.281s][debug][gc,phases      ] GC(28)   Weak JFR Old Object Samples    Min:  0.0, Avg:  0.0, Max:  0.0, Diff:  0.0, Sum:  0.0, Workers: 4
[15.281s][debug][gc,phases      ] GC(28)     Dead                           Min: 0, Avg:  0.0, Max: 0, Diff: 0, Sum: 0, Workers: 4
[15.281s][debug][gc,phases      ] GC(28)     Total                          Min: 0, Avg:  0.0, Max: 0, Diff: 0, Sum: 0, Workers: 4
[15.281s][debug][gc,phases      ] GC(28) Weak Processing 0.331ms
[15.281s][debug][gc,age         ] GC(28) Desired survivor size 341835776 bytes, new threshold 13 (max threshold 15)
[15.281s][info ][gc,heap        ] GC(28) PSYoungGen: 1871905K(1872384K)->224736K(1654272K) Eden: 1649664K(1649664K)->0K(1429504K) From: 222241K(222720K)->224736K(224768K)
[15.281s][info ][gc,heap        ] GC(28) ParOldGen: 291560K(387584K)->320678K(387584K)
[15.281s][info ][gc,metaspace   ] GC(28) Metaspace: 67237K(67968K)->67237K(67968K) NonClass: 57388K(57792K)->57388K(57792K) Class: 9849K(10176K)->9849K(10176K)
[15.281s][info ][gc             ] GC(28) Pause Young (Allocation Failure) 2112M->532M(1994M) 179.521ms
[15.281s][info ][gc,cpu         ] GC(28) User=0.69s Sys=0.02s Real=0.18s
[15.282s][debug][gc,phases      ] GC(29) Pre Compact 0.010ms
[15.282s][info ][gc,start       ] GC(29) Pause Full (Ergonomics)
[15.282s][info ][gc,phases,start] GC(29) Marking Phase
[15.483s][debug][gc,phases      ] GC(29) Par Mark 201.510ms
[15.483s][debug][gc,ref         ] GC(29) Skipped phase 1 of Reference Processing: no references
[15.484s][debug][gc,ref         ] GC(29) ReferenceProcessor::execute queues: 4, RefProcThreadModel::Multi, marks_oops_alive: false
[15.484s][debug][gc,ref         ] GC(29) Skipped phase 3 of Reference Processing: no references
[15.484s][debug][gc,ref         ] GC(29) ReferenceProcessor::execute queues: 1, RefProcThreadModel::Single, marks_oops_alive: false
[15.484s][debug][gc,phases      ] GC(29) Reference Processing 0.921ms
[15.484s][debug][gc,phases      ] GC(29)   VM Weak                        Min:  0.0, Avg:  0.0, Max:  0.0, Diff:  0.0, Sum:  0.0, Workers: 4
[15.484s][debug][gc,phases      ] GC(29)     Dead                           Min: 0, Avg:  0.0, Max: 0, Diff: 0, Sum: 0, Workers: 4
[15.484s][debug][gc,phases      ] GC(29)     Total                          Min: 0, Avg: 145.0, Max: 388, Diff: 388, Sum: 580, Workers: 4
[15.484s][debug][gc,phases      ] GC(29)   ObjectSynchronizer Weak        Min:  0.0, Avg:  0.0, Max:  0.0, Diff:  0.0, Sum:  0.0, Workers: 4
[15.484s][debug][gc,phases      ] GC(29)     Dead                           Min: 0, Avg:  0.0, Max: 0, Diff: 0, Sum: 0, Workers: 4
[15.484s][debug][gc,phases      ] GC(29)     Total                          Min: 0, Avg: 93.2, Max: 128, Diff: 128, Sum: 373, Workers: 4
[15.484s][debug][gc,phases      ] GC(29)   JVMTI Tag Weak OopStorage      Min:  0.0, Avg:  0.0, Max:  0.0, Diff:  0.0, Sum:  0.0, Workers: 4
[15.484s][debug][gc,phases      ] GC(29)     Dead                           Min: 0, Avg:  0.0, Max: 0, Diff: 0, Sum: 0, Workers: 4
[15.484s][debug][gc,phases      ] GC(29)     Total                          Min: 0, Avg:  0.0, Max: 0, Diff: 0, Sum: 0, Workers: 4
[15.484s][debug][gc,phases      ] GC(29)   StringTable Weak               Min:  0.2, Avg:  0.2, Max:  0.2, Diff:  0.0, Sum:  0.6, Workers: 4
[15.484s][debug][gc,phases      ] GC(29)     Dead                           Min: 0, Avg:  0.0, Max: 0, Diff: 0, Sum: 0, Workers: 4
[15.484s][debug][gc,phases      ] GC(29)     Total                          Min: 9224, Avg: 10610.0, Max: 11392, Diff: 2168, Sum: 42440, Workers: 4
[15.484s][debug][gc,phases      ] GC(29)   ResolvedMethodTable Weak       Min:  0.0, Avg:  0.0, Max:  0.0, Diff:  0.0, Sum:  0.1, Workers: 4
[15.484s][debug][gc,phases      ] GC(29)     Dead                           Min: 0, Avg:  0.0, Max: 0, Diff: 0, Sum: 0, Workers: 4
[15.484s][debug][gc,phases      ] GC(29)     Total                          Min: 1536, Avg: 1726.0, Max: 1982, Diff: 446, Sum: 6904, Workers: 4
[15.484s][debug][gc,phases      ] GC(29)   JNI Weak                       Min:  0.0, Avg:  0.0, Max:  0.0, Diff:  0.0, Sum:  0.0, Workers: 4
[15.484s][debug][gc,phases      ] GC(29)     Dead                           Min: 0, Avg:  0.0, Max: 0, Diff: 0, Sum: 0, Workers: 4
[15.484s][debug][gc,phases      ] GC(29)     Total                          Min: 0, Avg:  1.5, Max: 6, Diff: 6, Sum: 6, Workers: 4
[15.484s][debug][gc,phases      ] GC(29)   StringDedup Table Weak         Min:  0.0, Avg:  0.0, Max:  0.0, Diff:  0.0, Sum:  0.0, Workers: 4
[15.484s][debug][gc,phases      ] GC(29)     Dead                           Min: 0, Avg:  0.0, Max: 0, Diff: 0, Sum: 0, Workers: 4
[15.484s][debug][gc,phases      ] GC(29)     Total                          Min: 0, Avg:  0.0, Max: 0, Diff: 0, Sum: 0, Workers: 4
[15.484s][debug][gc,phases      ] GC(29)   StringDedup Requests0 Weak     Min:  0.0, Avg:  0.0, Max:  0.0, Diff:  0.0, Sum:  0.0, Workers: 4
[15.484s][debug][gc,phases      ] GC(29)     Dead                           Min: 0, Avg:  0.0, Max: 0, Diff: 0, Sum: 0, Workers: 4
[15.484s][debug][gc,phases      ] GC(29)     Total                          Min: 0, Avg:  0.0, Max: 0, Diff: 0, Sum: 0, Workers: 4
[15.484s][debug][gc,phases      ] GC(29)   StringDedup Requests1 Weak     Min:  0.0, Avg:  0.0, Max:  0.0, Diff:  0.0, Sum:  0.0, Workers: 4
[15.484s][debug][gc,phases      ] GC(29)     Dead                           Min: 0, Avg:  0.0, Max: 0, Diff: 0, Sum: 0, Workers: 4
[15.484s][debug][gc,phases      ] GC(29)     Total                          Min: 0, Avg:  0.0, Max: 0, Diff: 0, Sum: 0, Workers: 4
[15.484s][debug][gc,phases      ] GC(29)   Weak JFR Old Object Samples    Min:  0.0, Avg:  0.0, Max:  0.0, Diff:  0.0, Sum:  0.0, Workers: 4
[15.484s][debug][gc,phases      ] GC(29)     Dead                           Min: 0, Avg:  0.0, Max: 0, Diff: 0, Sum: 0, Workers: 4
[15.484s][debug][gc,phases      ] GC(29)     Total                          Min: 0, Avg:  0.0, Max: 0, Diff: 0, Sum: 0, Workers: 4
[15.484s][debug][gc,phases      ] GC(29) Weak Processing 0.395ms
[15.485s][debug][gc,phases      ] GC(29) ClassLoaderData 0.087ms
[15.485s][debug][gc,phases      ] GC(29) Trigger cleanups 0.000ms
[15.493s][debug][gc,phases      ] GC(29) Class Unloading 8.921ms
[15.493s][info ][gc,phases      ] GC(29) Marking Phase 211.922ms
[15.493s][info ][gc,phases,start] GC(29) Summary Phase
[15.493s][info ][gc,phases      ] GC(29) Summary Phase 0.023ms
[15.493s][info ][gc,phases,start] GC(29) Adjust Roots
[15.502s][info ][gc,phases      ] GC(29) Adjust Roots 8.757ms
[15.502s][info ][gc,phases,start] GC(29) Compaction Phase
[16.047s][info ][gc,phases      ] GC(29) Compaction Phase 545.083ms
[16.047s][info ][gc,phases,start] GC(29) Post Compact
[16.049s][info ][gc,phases      ] GC(29) Post Compact 1.840ms
[16.049s][info ][gc,heap        ] GC(29) PSYoungGen: 224736K(1654272K)->157450K(1654272K) Eden: 0K(1429504K)->0K(1429504K) From: 224736K(224768K)->157450K(224768K)
[16.049s][info ][gc,heap        ] GC(29) ParOldGen: 320678K(387584K)->387169K(491520K)
[16.049s][info ][gc,metaspace   ] GC(29) Metaspace: 67237K(67968K)->67237K(67968K) NonClass: 57388K(57792K)->57388K(57792K) Class: 9849K(10176K)->9849K(10176K)
[16.049s][info ][gc             ] GC(29) Pause Full (Ergonomics) 532M->531M(2095M) 767.922ms
[16.049s][info ][gc,cpu         ] GC(29) User=2.99s Sys=0.01s Real=0.77s
[16.061s][info ][safepoint      ] Safepoint "ParallelGCFailedAllocation", Time since last: 26071152 ns, Reaching safepoint: 135203 ns, At safepoint: 959201983 ns, Total: 959337186 ns
[16.084s][info ][safepoint      ] Safepoint "ICBufferFull", Time since last: 22511663 ns, Reaching safepoint: 138903 ns, At safepoint: 27601 ns, Total: 166504 ns
[16.101s][info ][safepoint      ] Safepoint "ICBufferFull", Time since last: 16903222 ns, Reaching safepoint: 135104 ns, At safepoint: 24700 ns, Total: 159804 ns
[16.130s][info ][safepoint      ] Safepoint "ICBufferFull", Time since last: 29277632 ns, Reaching safepoint: 123603 ns, At safepoint: 20801 ns, Total: 144404 ns
[16.141s][info ][safepoint      ] Safepoint "ICBufferFull", Time since last: 10611565 ns, Reaching safepoint: 124403 ns, At safepoint: 26601 ns, Total: 151004 ns
[16.161s][info ][safepoint      ] Safepoint "ICBufferFull", Time since last: 19730693 ns, Reaching safepoint: 124403 ns, At safepoint: 22201 ns, Total: 146604 ns
[16.169s][info ][safepoint      ] Safepoint "ICBufferFull", Time since last: 8059701 ns, Reaching safepoint: 131304 ns, At safepoint: 26100 ns, Total: 157404 ns
[16.193s][info ][safepoint      ] Safepoint "ICBufferFull", Time since last: 21313333 ns, Reaching safepoint: 2128253 ns, At safepoint: 31501 ns, Total: 2159754 ns
[16.204s][info ][safepoint      ] Safepoint "ICBufferFull", Time since last: 11434686 ns, Reaching safepoint: 126503 ns, At safepoint: 28401 ns, Total: 154904 ns
[16.220s][info ][safepoint      ] Safepoint "ICBufferFull", Time since last: 12272607 ns, Reaching safepoint: 3216380 ns, At safepoint: 27801 ns, Total: 3244181 ns
[16.243s][info ][safepoint      ] Safepoint "ICBufferFull", Time since last: 23465986 ns, Reaching safepoint: 126204 ns, At safepoint: 32100 ns, Total: 158304 ns
[16.260s][info ][safepoint      ] Safepoint "ICBufferFull", Time since last: 16389110 ns, Reaching safepoint: 120703 ns, At safepoint: 24201 ns, Total: 144904 ns
[16.276s][info ][safepoint      ] Safepoint "ICBufferFull", Time since last: 15416585 ns, Reaching safepoint: 302908 ns, At safepoint: 32701 ns, Total: 335609 ns
[16.296s][info ][safepoint      ] Safepoint "ICBufferFull", Time since last: 17623540 ns, Reaching safepoint: 3193680 ns, At safepoint: 38701 ns, Total: 3232381 ns
[16.302s][info ][safepoint      ] Safepoint "ICBufferFull", Time since last: 5392835 ns, Reaching safepoint: 110903 ns, At safepoint: 24200 ns, Total: 135103 ns
[16.318s][info ][safepoint      ] Safepoint "ICBufferFull", Time since last: 15643791 ns, Reaching safepoint: 121803 ns, At safepoint: 21501 ns, Total: 143304 ns
[16.332s][info ][safepoint      ] Safepoint "ICBufferFull", Time since last: 14370459 ns, Reaching safepoint: 90902 ns, At safepoint: 26301 ns, Total: 117203 ns
[16.353s][info ][safepoint      ] Safepoint "ICBufferFull", Time since last: 20902823 ns, Reaching safepoint: 84102 ns, At safepoint: 22600 ns, Total: 106702 ns
[16.383s][info ][gc,start       ] GC(30) Pause Young (Allocation Failure)
[16.476s][debug][gc,phases      ] GC(30) Scavenge 92.851ms
[16.476s][debug][gc,ref         ] GC(30) Skipped phase 1 of Reference Processing: no references
[16.476s][debug][gc,ref         ] GC(30) ReferenceProcessor::execute queues: 1, RefProcThreadModel::Single, marks_oops_alive: false
[16.476s][debug][gc,ref         ] GC(30) Skipped phase 3 of Reference Processing: no references
[16.476s][debug][gc,ref         ] GC(30) ReferenceProcessor::execute queues: 1, RefProcThreadModel::Single, marks_oops_alive: false
[16.476s][debug][gc,phases      ] GC(30) Reference Processing 0.103ms
[16.476s][debug][gc,phases      ] GC(30)   VM Weak                        Min:  0.0, Avg:  0.0, Max:  0.0, Diff:  0.0, Sum:  0.0, Workers: 4
[16.476s][debug][gc,phases      ] GC(30)     Dead                           Min: 0, Avg:  0.0, Max: 0, Diff: 0, Sum: 0, Workers: 4
[16.476s][debug][gc,phases      ] GC(30)     Total                          Min: 0, Avg: 145.8, Max: 583, Diff: 583, Sum: 583, Workers: 4
[16.476s][debug][gc,phases      ] GC(30)   ObjectSynchronizer Weak        Min:  0.0, Avg:  0.0, Max:  0.0, Diff:  0.0, Sum:  0.0, Workers: 4
[16.476s][debug][gc,phases      ] GC(30)     Dead                           Min: 0, Avg:  0.0, Max: 0, Diff: 0, Sum: 0, Workers: 4
[16.476s][debug][gc,phases      ] GC(30)     Total                          Min: 0, Avg: 93.2, Max: 245, Diff: 245, Sum: 373, Workers: 4
[16.476s][debug][gc,phases      ] GC(30)   JVMTI Tag Weak OopStorage      Min:  0.0, Avg:  0.0, Max:  0.0, Diff:  0.0, Sum:  0.0, Workers: 4
[16.476s][debug][gc,phases      ] GC(30)     Dead                           Min: 0, Avg:  0.0, Max: 0, Diff: 0, Sum: 0, Workers: 4
[16.476s][debug][gc,phases      ] GC(30)     Total                          Min: 0, Avg:  0.0, Max: 0, Diff: 0, Sum: 0, Workers: 4
[16.476s][debug][gc,phases      ] GC(30)   StringTable Weak               Min:  0.1, Avg:  0.1, Max:  0.1, Diff:  0.0, Sum:  0.4, Workers: 4
[16.476s][debug][gc,phases      ] GC(30)     Dead                           Min: 0, Avg:  2.8, Max: 11, Diff: 11, Sum: 11, Workers: 4
[16.476s][debug][gc,phases      ] GC(30)     Total                          Min: 8640, Avg: 10618.2, Max: 11904, Diff: 3264, Sum: 42473, Workers: 4
[16.476s][debug][gc,phases      ] GC(30)   ResolvedMethodTable Weak       Min:  0.0, Avg:  0.0, Max:  0.0, Diff:  0.0, Sum:  0.1, Workers: 4
[16.476s][debug][gc,phases      ] GC(30)     Dead                           Min: 0, Avg:  0.0, Max: 0, Diff: 0, Sum: 0, Workers: 4
[16.476s][debug][gc,phases      ] GC(30)     Total                          Min: 1536, Avg: 1728.8, Max: 1923, Diff: 387, Sum: 6915, Workers: 4
[16.476s][debug][gc,phases      ] GC(30)   JNI Weak                       Min:  0.0, Avg:  0.0, Max:  0.0, Diff:  0.0, Sum:  0.0, Workers: 4
[16.476s][debug][gc,phases      ] GC(30)     Dead                           Min: 0, Avg:  0.0, Max: 0, Diff: 0, Sum: 0, Workers: 4
[16.476s][debug][gc,phases      ] GC(30)     Total                          Min: 0, Avg:  1.5, Max: 6, Diff: 6, Sum: 6, Workers: 4
[16.476s][debug][gc,phases      ] GC(30)   StringDedup Table Weak         Min:  0.0, Avg:  0.0, Max:  0.0, Diff:  0.0, Sum:  0.0, Workers: 4
[16.476s][debug][gc,phases      ] GC(30)     Dead                           Min: 0, Avg:  0.0, Max: 0, Diff: 0, Sum: 0, Workers: 4
[16.476s][debug][gc,phases      ] GC(30)     Total                          Min: 0, Avg:  0.0, Max: 0, Diff: 0, Sum: 0, Workers: 4
[16.476s][debug][gc,phases      ] GC(30)   StringDedup Requests0 Weak     Min:  0.0, Avg:  0.0, Max:  0.0, Diff:  0.0, Sum:  0.0, Workers: 4
[16.476s][debug][gc,phases      ] GC(30)     Dead                           Min: 0, Avg:  0.0, Max: 0, Diff: 0, Sum: 0, Workers: 4
[16.476s][debug][gc,phases      ] GC(30)     Total                          Min: 0, Avg:  0.0, Max: 0, Diff: 0, Sum: 0, Workers: 4
[16.476s][debug][gc,phases      ] GC(30)   StringDedup Requests1 Weak     Min:  0.0, Avg:  0.0, Max:  0.0, Diff:  0.0, Sum:  0.0, Workers: 4
[16.476s][debug][gc,phases      ] GC(30)     Dead                           Min: 0, Avg:  0.0, Max: 0, Diff: 0, Sum: 0, Workers: 4
[16.476s][debug][gc,phases      ] GC(30)     Total                          Min: 0, Avg:  0.0, Max: 0, Diff: 0, Sum: 0, Workers: 4
[16.476s][debug][gc,phases      ] GC(30)   Weak JFR Old Object Samples    Min:  0.0, Avg:  0.0, Max:  0.0, Diff:  0.0, Sum:  0.0, Workers: 4
[16.476s][debug][gc,phases      ] GC(30)     Dead                           Min: 0, Avg:  0.0, Max: 0, Diff: 0, Sum: 0, Workers: 4
[16.476s][debug][gc,phases      ] GC(30)     Total                          Min: 0, Avg:  0.0, Max: 0, Diff: 0, Sum: 0, Workers: 4
[16.476s][debug][gc,phases      ] GC(30) Weak Processing 0.304ms
[16.476s][debug][gc,age         ] GC(30) Desired survivor size 333447168 bytes, new threshold 14 (max threshold 15)
[16.477s][info ][gc,heap        ] GC(30) PSYoungGen: 1586954K(1654272K)->157536K(1763328K) Eden: 1429504K(1429504K)->0K(1429504K) From: 157450K(224768K)->157536K(333824K)
[16.477s][info ][gc,heap        ] GC(30) ParOldGen: 387169K(491520K)->387201K(491520K)
[16.477s][info ][gc,metaspace   ] GC(30) Metaspace: 67397K(68160K)->67397K(68160K) NonClass: 57543K(57984K)->57543K(57984K) Class: 9853K(10176K)->9853K(10176K)
[16.477s][info ][gc             ] GC(30) Pause Young (Allocation Failure) 1927M->531M(2202M) 93.391ms
[16.477s][info ][gc,cpu         ] GC(30) User=0.37s Sys=0.00s Real=0.10s
[16.477s][info ][safepoint      ] Safepoint "ParallelGCFailedAllocation", Time since last: 29332234 ns, Reaching safepoint: 479512 ns, At safepoint: 93501437 ns, Total: 93980949 ns
[16.752s][info ][safepoint      ] Safepoint "ParallelGCFailedAllocation", Time since last: 274633166 ns, Reaching safepoint: 235206 ns, At safepoint: 41201 ns, Total: 276407 ns
[16.752s][info ][gc,start       ] GC(31) Pause Young (GCLocker Initiated GC)
[16.818s][debug][gc,phases      ] GC(31) Scavenge 66.266ms
[16.818s][debug][gc,ref         ] GC(31) Skipped phase 1 of Reference Processing: no references
[16.818s][debug][gc,ref         ] GC(31) ReferenceProcessor::execute queues: 1, RefProcThreadModel::Single, marks_oops_alive: false
[16.818s][debug][gc,ref         ] GC(31) Skipped phase 3 of Reference Processing: no references
[16.818s][debug][gc,ref         ] GC(31) ReferenceProcessor::execute queues: 1, RefProcThreadModel::Single, marks_oops_alive: false
[16.818s][debug][gc,phases      ] GC(31) Reference Processing 0.106ms
[16.818s][debug][gc,phases      ] GC(31)   VM Weak                        Min:  0.0, Avg:  0.0, Max:  0.0, Diff:  0.0, Sum:  0.0, Workers: 4
[16.818s][debug][gc,phases      ] GC(31)     Dead                           Min: 0, Avg:  0.0, Max: 0, Diff: 0, Sum: 0, Workers: 4
[16.818s][debug][gc,phases      ] GC(31)     Total                          Min: 0, Avg: 145.8, Max: 583, Diff: 583, Sum: 583, Workers: 4
[16.818s][debug][gc,phases      ] GC(31)   ObjectSynchronizer Weak        Min:  0.0, Avg:  0.0, Max:  0.0, Diff:  0.0, Sum:  0.0, Workers: 4
[16.818s][debug][gc,phases      ] GC(31)     Dead                           Min: 0, Avg:  0.0, Max: 0, Diff: 0, Sum: 0, Workers: 4
[16.818s][debug][gc,phases      ] GC(31)     Total                          Min: 0, Avg: 93.2, Max: 181, Diff: 181, Sum: 373, Workers: 4
[16.818s][debug][gc,phases      ] GC(31)   JVMTI Tag Weak OopStorage      Min:  0.0, Avg:  0.0, Max:  0.0, Diff:  0.0, Sum:  0.0, Workers: 4
[16.818s][debug][gc,phases      ] GC(31)     Dead                           Min: 0, Avg:  0.0, Max: 0, Diff: 0, Sum: 0, Workers: 4
[16.818s][debug][gc,phases      ] GC(31)     Total                          Min: 0, Avg:  0.0, Max: 0, Diff: 0, Sum: 0, Workers: 4
[16.818s][debug][gc,phases      ] GC(31)   StringTable Weak               Min:  0.1, Avg:  0.1, Max:  0.1, Diff:  0.0, Sum:  0.4, Workers: 4
[16.818s][debug][gc,phases      ] GC(31)     Dead                           Min: 0, Avg:  2.8, Max: 11, Diff: 11, Sum: 11, Workers: 4
[16.818s][debug][gc,phases      ] GC(31)     Total                          Min: 9536, Avg: 10621.8, Max: 12352, Diff: 2816, Sum: 42487, Workers: 4
[16.818s][debug][gc,phases      ] GC(31)   ResolvedMethodTable Weak       Min:  0.0, Avg:  0.0, Max:  0.0, Diff:  0.0, Sum:  0.1, Workers: 4
[16.818s][debug][gc,phases      ] GC(31)     Dead                           Min: 0, Avg:  0.0, Max: 0, Diff: 0, Sum: 0, Workers: 4
[16.818s][debug][gc,phases      ] GC(31)     Total                          Min: 1540, Avg: 1728.8, Max: 1920, Diff: 380, Sum: 6915, Workers: 4
[16.818s][debug][gc,phases      ] GC(31)   JNI Weak                       Min:  0.0, Avg:  0.0, Max:  0.0, Diff:  0.0, Sum:  0.0, Workers: 4
[16.818s][debug][gc,phases      ] GC(31)     Dead                           Min: 0, Avg:  0.0, Max: 0, Diff: 0, Sum: 0, Workers: 4
[16.818s][debug][gc,phases      ] GC(31)     Total                          Min: 0, Avg:  0.8, Max: 3, Diff: 3, Sum: 3, Workers: 4
[16.818s][debug][gc,phases      ] GC(31)   StringDedup Table Weak         Min:  0.0, Avg:  0.0, Max:  0.0, Diff:  0.0, Sum:  0.0, Workers: 4
[16.818s][debug][gc,phases      ] GC(31)     Dead                           Min: 0, Avg:  0.0, Max: 0, Diff: 0, Sum: 0, Workers: 4
[16.818s][debug][gc,phases      ] GC(31)     Total                          Min: 0, Avg:  0.0, Max: 0, Diff: 0, Sum: 0, Workers: 4
[16.818s][debug][gc,phases      ] GC(31)   StringDedup Requests0 Weak     Min:  0.0, Avg:  0.0, Max:  0.0, Diff:  0.0, Sum:  0.0, Workers: 4
[16.818s][debug][gc,phases      ] GC(31)     Dead                           Min: 0, Avg:  0.0, Max: 0, Diff: 0, Sum: 0, Workers: 4
[16.818s][debug][gc,phases      ] GC(31)     Total                          Min: 0, Avg:  0.0, Max: 0, Diff: 0, Sum: 0, Workers: 4
[16.818s][debug][gc,phases      ] GC(31)   StringDedup Requests1 Weak     Min:  0.0, Avg:  0.0, Max:  0.0, Diff:  0.0, Sum:  0.0, Workers: 4
[16.818s][debug][gc,phases      ] GC(31)     Dead                           Min: 0, Avg:  0.0, Max: 0, Diff: 0, Sum: 0, Workers: 4
[16.818s][debug][gc,phases      ] GC(31)     Total                          Min: 0, Avg:  0.0, Max: 0, Diff: 0, Sum: 0, Workers: 4
[16.818s][debug][gc,phases      ] GC(31)   Weak JFR Old Object Samples    Min:  0.0, Avg:  0.0, Max:  0.0, Diff:  0.0, Sum:  0.0, Workers: 4
[16.818s][debug][gc,phases      ] GC(31)     Dead                           Min: 0, Avg:  0.0, Max: 0, Diff: 0, Sum: 0, Workers: 4
[16.818s][debug][gc,phases      ] GC(31)     Total                          Min: 0, Avg:  0.0, Max: 0, Diff: 0, Sum: 0, Workers: 4
[16.818s][debug][gc,phases      ] GC(31) Weak Processing 0.293ms
[16.818s][debug][gc,age         ] GC(31) Desired survivor size 324009984 bytes, new threshold 15 (max threshold 15)
[16.818s][info ][gc,heap        ] GC(31) PSYoungGen: 1587040K(1763328K)->155712K(1780736K) Eden: 1429504K(1429504K)->0K(1455104K) From: 157536K(333824K)->155712K(325632K)
[16.818s][info ][gc,heap        ] GC(31) ParOldGen: 387201K(491520K)->387201K(491520K)
[16.818s][info ][gc,metaspace   ] GC(31) Metaspace: 67443K(68160K)->67443K(68160K) NonClass: 57589K(57984K)->57589K(57984K) Class: 9853K(10176K)->9853K(10176K)
[16.818s][info ][gc             ] GC(31) Pause Young (GCLocker Initiated GC) 1927M->530M(2219M) 66.773ms
[16.818s][info ][gc,cpu         ] GC(31) User=0.26s Sys=0.00s Real=0.06s
[16.819s][info ][safepoint      ] Safepoint "ParallelGCSystemGC", Time since last: 64702 ns, Reaching safepoint: 87402 ns, At safepoint: 66872772 ns, Total: 66960174 ns
[17.160s][info ][gc,start       ] GC(32) Pause Young (Allocation Failure)
[17.228s][debug][gc,phases      ] GC(32) Scavenge 68.837ms
[17.228s][debug][gc,ref         ] GC(32) Skipped phase 1 of Reference Processing: no references
[17.229s][debug][gc,ref         ] GC(32) ReferenceProcessor::execute queues: 1, RefProcThreadModel::Single, marks_oops_alive: false
[17.229s][debug][gc,ref         ] GC(32) Skipped phase 3 of Reference Processing: no references
[17.229s][debug][gc,ref         ] GC(32) ReferenceProcessor::execute queues: 1, RefProcThreadModel::Single, marks_oops_alive: false
[17.229s][debug][gc,phases      ] GC(32) Reference Processing 0.124ms
[17.229s][debug][gc,phases      ] GC(32)   VM Weak                        Min:  0.0, Avg:  0.0, Max:  0.0, Diff:  0.0, Sum:  0.0, Workers: 4
[17.229s][debug][gc,phases      ] GC(32)     Dead                           Min: 0, Avg:  0.0, Max: 0, Diff: 0, Sum: 0, Workers: 4
[17.229s][debug][gc,phases      ] GC(32)     Total                          Min: 0, Avg: 146.2, Max: 393, Diff: 393, Sum: 585, Workers: 4
[17.229s][debug][gc,phases      ] GC(32)   ObjectSynchronizer Weak        Min:  0.0, Avg:  0.0, Max:  0.0, Diff:  0.0, Sum:  0.0, Workers: 4
[17.229s][debug][gc,phases      ] GC(32)     Dead                           Min: 0, Avg:  0.0, Max: 0, Diff: 0, Sum: 0, Workers: 4
[17.229s][debug][gc,phases      ] GC(32)     Total                          Min: 0, Avg: 93.2, Max: 181, Diff: 181, Sum: 373, Workers: 4
[17.229s][debug][gc,phases      ] GC(32)   JVMTI Tag Weak OopStorage      Min:  0.0, Avg:  0.0, Max:  0.0, Diff:  0.0, Sum:  0.0, Workers: 4
[17.229s][debug][gc,phases      ] GC(32)     Dead                           Min: 0, Avg:  0.0, Max: 0, Diff: 0, Sum: 0, Workers: 4
[17.229s][debug][gc,phases      ] GC(32)     Total                          Min: 0, Avg:  0.0, Max: 0, Diff: 0, Sum: 0, Workers: 4
[17.229s][debug][gc,phases      ] GC(32)   StringTable Weak               Min:  0.1, Avg:  0.1, Max:  0.1, Diff:  0.0, Sum:  0.4, Workers: 4
[17.229s][debug][gc,phases      ] GC(32)     Dead                           Min: 0, Avg:  3.0, Max: 12, Diff: 12, Sum: 12, Workers: 4
[17.229s][debug][gc,phases      ] GC(32)     Total                          Min: 9207, Avg: 10653.8, Max: 11648, Diff: 2441, Sum: 42615, Workers: 4
[17.229s][debug][gc,phases      ] GC(32)   ResolvedMethodTable Weak       Min:  0.0, Avg:  0.0, Max:  0.0, Diff:  0.0, Sum:  0.1, Workers: 4
[17.229s][debug][gc,phases      ] GC(32)     Dead                           Min: 0, Avg:  0.0, Max: 0, Diff: 0, Sum: 0, Workers: 4
[17.229s][debug][gc,phases      ] GC(32)     Total                          Min: 1534, Avg: 1755.2, Max: 1856, Diff: 322, Sum: 7021, Workers: 4
[17.229s][debug][gc,phases      ] GC(32)   JNI Weak                       Min:  0.0, Avg:  0.0, Max:  0.0, Diff:  0.0, Sum:  0.0, Workers: 4
[17.229s][debug][gc,phases      ] GC(32)     Dead                           Min: 0, Avg:  0.0, Max: 0, Diff: 0, Sum: 0, Workers: 4
[17.229s][debug][gc,phases      ] GC(32)     Total                          Min: 0, Avg:  0.0, Max: 0, Diff: 0, Sum: 0, Workers: 4
[17.229s][debug][gc,phases      ] GC(32)   StringDedup Table Weak         Min:  0.0, Avg:  0.0, Max:  0.0, Diff:  0.0, Sum:  0.0, Workers: 4
[17.229s][debug][gc,phases      ] GC(32)     Dead                           Min: 0, Avg:  0.0, Max: 0, Diff: 0, Sum: 0, Workers: 4
[17.229s][debug][gc,phases      ] GC(32)     Total                          Min: 0, Avg:  0.0, Max: 0, Diff: 0, Sum: 0, Workers: 4
[17.229s][debug][gc,phases      ] GC(32)   StringDedup Requests0 Weak     Min:  0.0, Avg:  0.0, Max:  0.0, Diff:  0.0, Sum:  0.0, Workers: 4
[17.229s][debug][gc,phases      ] GC(32)     Dead                           Min: 0, Avg:  0.0, Max: 0, Diff: 0, Sum: 0, Workers: 4
[17.229s][debug][gc,phases      ] GC(32)     Total                          Min: 0, Avg:  0.0, Max: 0, Diff: 0, Sum: 0, Workers: 4
[17.229s][debug][gc,phases      ] GC(32)   StringDedup Requests1 Weak     Min:  0.0, Avg:  0.0, Max:  0.0, Diff:  0.0, Sum:  0.0, Workers: 4
[17.229s][debug][gc,phases      ] GC(32)     Dead                           Min: 0, Avg:  0.0, Max: 0, Diff: 0, Sum: 0, Workers: 4
[17.229s][debug][gc,phases      ] GC(32)     Total                          Min: 0, Avg:  0.0, Max: 0, Diff: 0, Sum: 0, Workers: 4
[17.229s][debug][gc,phases      ] GC(32)   Weak JFR Old Object Samples    Min:  0.0, Avg:  0.0, Max:  0.0, Diff:  0.0, Sum:  0.0, Workers: 4
[17.229s][debug][gc,phases      ] GC(32)     Dead                           Min: 0, Avg:  0.0, Max: 0, Diff: 0, Sum: 0, Workers: 4
[17.229s][debug][gc,phases      ] GC(32)     Total                          Min: 0, Avg:  0.0, Max: 0, Diff: 0, Sum: 0, Workers: 4
[17.229s][debug][gc,phases      ] GC(32) Weak Processing 0.293ms
[17.229s][debug][gc,age         ] GC(32) Desired survivor size 313524224 bytes, new threshold 15 (max threshold 15)
[17.229s][info ][gc,heap        ] GC(32) PSYoungGen: 1610816K(1780736K)->152064K(1771520K) Eden: 1455104K(1455104K)->0K(1455104K) From: 155712K(325632K)->152064K(316416K)
[17.229s][info ][gc,heap        ] GC(32) ParOldGen: 387202K(491520K)->387202K(491520K)
[17.229s][info ][gc,metaspace   ] GC(32) Metaspace: 67783K(68544K)->67783K(68544K) NonClass: 57863K(58240K)->57863K(58240K) Class: 9920K(10304K)->9920K(10304K)
[17.229s][info ][gc             ] GC(32) Pause Young (Allocation Failure) 1951M->526M(2210M) 69.390ms
[17.229s][info ][gc,cpu         ] GC(32) User=0.27s Sys=0.01s Real=0.07s
[17.229s][info ][safepoint      ] Safepoint "ParallelGCFailedAllocation", Time since last: 340724718 ns, Reaching safepoint: 194904 ns, At safepoint: 69515238 ns, Total: 69710142 ns
[17.355s][info ][safepoint      ] Safepoint "ICBufferFull", Time since last: 125488837 ns, Reaching safepoint: 379710 ns, At safepoint: 27800 ns, Total: 407510 ns
[17.369s][info ][safepoint      ] Safepoint "ICBufferFull", Time since last: 13930849 ns, Reaching safepoint: 147403 ns, At safepoint: 24101 ns, Total: 171504 ns
[17.384s][info ][safepoint      ] Safepoint "ICBufferFull", Time since last: 13957149 ns, Reaching safepoint: 687817 ns, At safepoint: 20800 ns, Total: 708617 ns
[17.386s][info ][safepoint      ] Safepoint "ICBufferFull", Time since last: 2026751 ns, Reaching safepoint: 130003 ns, At safepoint: 23201 ns, Total: 153204 ns
[17.394s][info ][safepoint      ] Safepoint "ICBufferFull", Time since last: 8015900 ns, Reaching safepoint: 136804 ns, At safepoint: 20200 ns, Total: 157004 ns
[17.399s][info ][safepoint      ] Safepoint "ICBufferFull", Time since last: 4660317 ns, Reaching safepoint: 136803 ns, At safepoint: 27101 ns, Total: 163904 ns
[17.400s][info ][safepoint      ] Safepoint "ICBufferFull", Time since last: 816220 ns, Reaching safepoint: 172605 ns, At safepoint: 20900 ns, Total: 193505 ns
[17.407s][info ][safepoint      ] Safepoint "ICBufferFull", Time since last: 7062077 ns, Reaching safepoint: 124803 ns, At safepoint: 31901 ns, Total: 156704 ns
[17.410s][info ][safepoint      ] Safepoint "ICBufferFull", Time since last: 2726768 ns, Reaching safepoint: 115403 ns, At safepoint: 34300 ns, Total: 149703 ns
[17.414s][info ][safepoint      ] Safepoint "ICBufferFull", Time since last: 3660092 ns, Reaching safepoint: 115003 ns, At safepoint: 25300 ns, Total: 140303 ns
[17.416s][info ][safepoint      ] Safepoint "ICBufferFull", Time since last: 1187130 ns, Reaching safepoint: 638916 ns, At safepoint: 24601 ns, Total: 663517 ns
[17.445s][info ][safepoint      ] Safepoint "ICBufferFull", Time since last: 25782644 ns, Reaching safepoint: 3197180 ns, At safepoint: 30301 ns, Total: 3227481 ns
[17.446s][info ][safepoint      ] Safepoint "ICBufferFull", Time since last: 1125728 ns, Reaching safepoint: 104803 ns, At safepoint: 26800 ns, Total: 131603 ns
[17.462s][info ][safepoint      ] Safepoint "ICBufferFull", Time since last: 15877897 ns, Reaching safepoint: 126703 ns, At safepoint: 36501 ns, Total: 163204 ns
[17.465s][info ][safepoint      ] Safepoint "ICBufferFull", Time since last: 2669467 ns, Reaching safepoint: 112203 ns, At safepoint: 24500 ns, Total: 136703 ns
[17.474s][info ][safepoint      ] Safepoint "ICBufferFull", Time since last: 9045027 ns, Reaching safepoint: 147203 ns, At safepoint: 34701 ns, Total: 181904 ns
[17.476s][info ][safepoint      ] Safepoint "ICBufferFull", Time since last: 1738244 ns, Reaching safepoint: 117402 ns, At safepoint: 25601 ns, Total: 143003 ns
[17.485s][info ][safepoint      ] Safepoint "ICBufferFull", Time since last: 5544639 ns, Reaching safepoint: 3254281 ns, At safepoint: 36101 ns, Total: 3290382 ns
[17.489s][info ][safepoint      ] Safepoint "ICBufferFull", Time since last: 3790595 ns, Reaching safepoint: 125903 ns, At safepoint: 29701 ns, Total: 155604 ns
[17.500s][info ][safepoint      ] Safepoint "ICBufferFull", Time since last: 11793894 ns, Reaching safepoint: 93203 ns, At safepoint: 27100 ns, Total: 120303 ns
[17.503s][info ][safepoint      ] Safepoint "ICBufferFull", Time since last: 2528164 ns, Reaching safepoint: 98102 ns, At safepoint: 33601 ns, Total: 131703 ns
[17.505s][info ][safepoint      ] Safepoint "ICBufferFull", Time since last: 1994850 ns, Reaching safepoint: 100302 ns, At safepoint: 22601 ns, Total: 122903 ns
[17.508s][info ][safepoint      ] Safepoint "ICBufferFull", Time since last: 2595765 ns, Reaching safepoint: 106102 ns, At safepoint: 29701 ns, Total: 135803 ns
[17.509s][info ][safepoint      ] Safepoint "ICBufferFull", Time since last: 864322 ns, Reaching safepoint: 97002 ns, At safepoint: 24501 ns, Total: 121503 ns
[17.524s][info ][gc,start       ] GC(33) Pause Young (Allocation Failure)
[17.585s][debug][gc,phases      ] GC(33) Scavenge 60.820ms
[17.585s][debug][gc,ref         ] GC(33) Skipped phase 1 of Reference Processing: no references
[17.585s][debug][gc,ref         ] GC(33) ReferenceProcessor::execute queues: 1, RefProcThreadModel::Single, marks_oops_alive: false
[17.585s][debug][gc,ref         ] GC(33) Skipped phase 3 of Reference Processing: no references
[17.585s][debug][gc,ref         ] GC(33) ReferenceProcessor::execute queues: 1, RefProcThreadModel::Single, marks_oops_alive: false
[17.585s][debug][gc,phases      ] GC(33) Reference Processing 0.155ms
[17.585s][debug][gc,phases      ] GC(33)   VM Weak                        Min:  0.0, Avg:  0.0, Max:  0.0, Diff:  0.0, Sum:  0.0, Workers: 4
[17.585s][debug][gc,phases      ] GC(33)     Dead                           Min: 0, Avg:  0.0, Max: 0, Diff: 0, Sum: 0, Workers: 4
[17.585s][debug][gc,phases      ] GC(33)     Total                          Min: 0, Avg: 151.0, Max: 348, Diff: 348, Sum: 604, Workers: 4
[17.585s][debug][gc,phases      ] GC(33)   ObjectSynchronizer Weak        Min:  0.0, Avg:  0.0, Max:  0.0, Diff:  0.0, Sum:  0.0, Workers: 4
[17.585s][debug][gc,phases      ] GC(33)     Dead                           Min: 0, Avg:  0.0, Max: 0, Diff: 0, Sum: 0, Workers: 4
[17.585s][debug][gc,phases      ] GC(33)     Total                          Min: 0, Avg: 93.2, Max: 192, Diff: 192, Sum: 373, Workers: 4
[17.585s][debug][gc,phases      ] GC(33)   JVMTI Tag Weak OopStorage      Min:  0.0, Avg:  0.0, Max:  0.0, Diff:  0.0, Sum:  0.0, Workers: 4
[17.585s][debug][gc,phases      ] GC(33)     Dead                           Min: 0, Avg:  0.0, Max: 0, Diff: 0, Sum: 0, Workers: 4
[17.585s][debug][gc,phases      ] GC(33)     Total                          Min: 0, Avg:  0.0, Max: 0, Diff: 0, Sum: 0, Workers: 4
[17.585s][debug][gc,phases      ] GC(33)   StringTable Weak               Min:  0.1, Avg:  0.1, Max:  0.1, Diff:  0.0, Sum:  0.4, Workers: 4
[17.585s][debug][gc,phases      ] GC(33)     Dead                           Min: 0, Avg:  0.2, Max: 1, Diff: 1, Sum: 1, Workers: 4
[17.585s][debug][gc,phases      ] GC(33)     Total                          Min: 10304, Avg: 10687.8, Max: 11456, Diff: 1152, Sum: 42751, Workers: 4
[17.585s][debug][gc,phases      ] GC(33)   ResolvedMethodTable Weak       Min:  0.0, Avg:  0.0, Max:  0.0, Diff:  0.0, Sum:  0.1, Workers: 4
[17.585s][debug][gc,phases      ] GC(33)     Dead                           Min: 0, Avg:  0.0, Max: 0, Diff: 0, Sum: 0, Workers: 4
[17.585s][debug][gc,phases      ] GC(33)     Total                          Min: 1408, Avg: 1809.0, Max: 2053, Diff: 645, Sum: 7236, Workers: 4
[17.585s][debug][gc,phases      ] GC(33)   JNI Weak                       Min:  0.0, Avg:  0.0, Max:  0.0, Diff:  0.0, Sum:  0.0, Workers: 4
[17.585s][debug][gc,phases      ] GC(33)     Dead                           Min: 0, Avg:  0.0, Max: 0, Diff: 0, Sum: 0, Workers: 4
[17.585s][debug][gc,phases      ] GC(33)     Total                          Min: 0, Avg:  0.8, Max: 3, Diff: 3, Sum: 3, Workers: 4
[17.585s][debug][gc,phases      ] GC(33)   StringDedup Table Weak         Min:  0.0, Avg:  0.0, Max:  0.0, Diff:  0.0, Sum:  0.0, Workers: 4
[17.585s][debug][gc,phases      ] GC(33)     Dead                           Min: 0, Avg:  0.0, Max: 0, Diff: 0, Sum: 0, Workers: 4
[17.585s][debug][gc,phases      ] GC(33)     Total                          Min: 0, Avg:  0.0, Max: 0, Diff: 0, Sum: 0, Workers: 4
[17.585s][debug][gc,phases      ] GC(33)   StringDedup Requests0 Weak     Min:  0.0, Avg:  0.0, Max:  0.0, Diff:  0.0, Sum:  0.0, Workers: 4
[17.585s][debug][gc,phases      ] GC(33)     Dead                           Min: 0, Avg:  0.0, Max: 0, Diff: 0, Sum: 0, Workers: 4
[17.585s][debug][gc,phases      ] GC(33)     Total                          Min: 0, Avg:  0.0, Max: 0, Diff: 0, Sum: 0, Workers: 4
[17.585s][debug][gc,phases      ] GC(33)   StringDedup Requests1 Weak     Min:  0.0, Avg:  0.0, Max:  0.0, Diff:  0.0, Sum:  0.0, Workers: 4
[17.585s][debug][gc,phases      ] GC(33)     Dead                           Min: 0, Avg:  0.0, Max: 0, Diff: 0, Sum: 0, Workers: 4
[17.585s][debug][gc,phases      ] GC(33)     Total                          Min: 0, Avg:  0.0, Max: 0, Diff: 0, Sum: 0, Workers: 4
[17.585s][debug][gc,phases      ] GC(33)   Weak JFR Old Object Samples    Min:  0.0, Avg:  0.0, Max:  0.0, Diff:  0.0, Sum:  0.0, Workers: 4
[17.585s][debug][gc,phases      ] GC(33)     Dead                           Min: 0, Avg:  0.0, Max: 0, Diff: 0, Sum: 0, Workers: 4
[17.585s][debug][gc,phases      ] GC(33)     Total                          Min: 0, Avg:  0.0, Max: 0, Diff: 0, Sum: 0, Workers: 4
[17.585s][debug][gc,phases      ] GC(33) Weak Processing 0.329ms
[17.585s][debug][gc,age         ] GC(33) Desired survivor size 303562752 bytes, new threshold 15 (max threshold 15)
[17.585s][info ][gc,heap        ] GC(33) PSYoungGen: 1607168K(1771520K)->152432K(1800704K) Eden: 1455104K(1455104K)->0K(1494528K) From: 152064K(316416K)->152432K(306176K)
[17.585s][info ][gc,heap        ] GC(33) ParOldGen: 387202K(491520K)->387210K(491520K)
[17.585s][info ][gc,metaspace   ] GC(33) Metaspace: 68337K(69120K)->68337K(69120K) NonClass: 58313K(58752K)->58313K(58752K) Class: 10023K(10368K)->10023K(10368K)
[17.585s][info ][gc             ] GC(33) Pause Young (Allocation Failure) 1947M->526M(2238M) 61.441ms
[17.585s][info ][gc,cpu         ] GC(33) User=0.24s Sys=0.00s Real=0.06s
[17.585s][info ][safepoint      ] Safepoint "ParallelGCFailedAllocation", Time since last: 14620365 ns, Reaching safepoint: 134204 ns, At safepoint: 61557138 ns, Total: 61691342 ns
[17.593s][info ][safepoint      ] Safepoint "ICBufferFull", Time since last: 7108978 ns, Reaching safepoint: 127903 ns, At safepoint: 30801 ns, Total: 158704 ns
[17.594s][info ][safepoint      ] Safepoint "ICBufferFull", Time since last: 868922 ns, Reaching safepoint: 103002 ns, At safepoint: 26701 ns, Total: 129703 ns
[17.608s][info ][safepoint      ] Safepoint "ICBufferFull", Time since last: 14400260 ns, Reaching safepoint: 130603 ns, At safepoint: 26601 ns, Total: 157204 ns
[17.612s][info ][safepoint      ] Safepoint "ICBufferFull", Time since last: 3753694 ns, Reaching safepoint: 113603 ns, At safepoint: 29300 ns, Total: 142903 ns
[17.613s][info ][safepoint      ] Safepoint "ICBufferFull", Time since last: 850722 ns, Reaching safepoint: 102102 ns, At safepoint: 22901 ns, Total: 125003 ns
[17.622s][info ][safepoint      ] Safepoint "ICBufferFull", Time since last: 8484312 ns, Reaching safepoint: 616415 ns, At safepoint: 24501 ns, Total: 640916 ns
[17.625s][info ][safepoint      ] Safepoint "ICBufferFull", Time since last: 1087927 ns, Reaching safepoint: 2144454 ns, At safepoint: 35501 ns, Total: 2179955 ns
[17.636s][info ][safepoint      ] Safepoint "ICBufferFull", Time since last: 6536063 ns, Reaching safepoint: 4243306 ns, At safepoint: 32901 ns, Total: 4276207 ns
[17.646s][info ][safepoint      ] Safepoint "ICBufferFull", Time since last: 10071852 ns, Reaching safepoint: 125703 ns, At safepoint: 34201 ns, Total: 159904 ns
[17.653s][info ][safepoint      ] Safepoint "ICBufferFull", Time since last: 6371059 ns, Reaching safepoint: 128903 ns, At safepoint: 28501 ns, Total: 157404 ns
[17.668s][info ][safepoint      ] Safepoint "ICBufferFull", Time since last: 14538463 ns, Reaching safepoint: 114703 ns, At safepoint: 24701 ns, Total: 139404 ns
[17.676s][info ][safepoint      ] Safepoint "ICBufferFull", Time since last: 7970399 ns, Reaching safepoint: 154604 ns, At safepoint: 23800 ns, Total: 178404 ns
[17.677s][info ][safepoint      ] Safepoint "ICBufferFull", Time since last: 830321 ns, Reaching safepoint: 67902 ns, At safepoint: 23301 ns, Total: 91203 ns
[17.679s][info ][safepoint      ] Safepoint "ICBufferFull", Time since last: 1939648 ns, Reaching safepoint: 121803 ns, At safepoint: 21301 ns, Total: 143104 ns
[17.686s][info ][safepoint      ] Safepoint "ICBufferFull", Time since last: 7106377 ns, Reaching safepoint: 117103 ns, At safepoint: 28701 ns, Total: 145804 ns
[17.687s][info ][safepoint      ] Safepoint "ICBufferFull", Time since last: 1252031 ns, Reaching safepoint: 97503 ns, At safepoint: 24600 ns, Total: 122103 ns
[17.700s][info ][safepoint      ] Safepoint "ICBufferFull", Time since last: 12382910 ns, Reaching safepoint: 125803 ns, At safepoint: 26701 ns, Total: 152504 ns
[17.710s][info ][safepoint      ] Safepoint "ICBufferFull", Time since last: 10000250 ns, Reaching safepoint: 121003 ns, At safepoint: 21400 ns, Total: 142403 ns
[17.729s][info ][safepoint      ] Safepoint "ICBufferFull", Time since last: 14252356 ns, Reaching safepoint: 4243406 ns, At safepoint: 29001 ns, Total: 4272407 ns
[17.756s][info ][safepoint      ] Safepoint "ICBufferFull", Time since last: 27723693 ns, Reaching safepoint: 65102 ns, At safepoint: 28801 ns, Total: 93903 ns
[17.779s][info ][safepoint      ] Safepoint "ICBufferFull", Time since last: 19464086 ns, Reaching safepoint: 3189480 ns, At safepoint: 29801 ns, Total: 3219281 ns
[17.798s][info ][safepoint      ] Safepoint "ICBufferFull", Time since last: 19122678 ns, Reaching safepoint: 97502 ns, At safepoint: 30401 ns, Total: 127903 ns
[17.832s][info ][safepoint      ] Safepoint "ICBufferFull", Time since last: 30368259 ns, Reaching safepoint: 3213380 ns, At safepoint: 33301 ns, Total: 3246681 ns
[17.858s][info ][safepoint      ] Safepoint "ICBufferFull", Time since last: 25704843 ns, Reaching safepoint: 128403 ns, At safepoint: 28701 ns, Total: 157104 ns
[17.865s][info ][safepoint      ] Safepoint "ICBufferFull", Time since last: 6810370 ns, Reaching safepoint: 118303 ns, At safepoint: 29101 ns, Total: 147404 ns
[17.902s][info ][safepoint      ] Safepoint "ICBufferFull", Time since last: 36841321 ns, Reaching safepoint: 144803 ns, At safepoint: 34001 ns, Total: 178804 ns
[17.915s][info ][safepoint      ] Safepoint "ICBufferFull", Time since last: 12908523 ns, Reaching safepoint: 141703 ns, At safepoint: 30301 ns, Total: 172004 ns
[17.936s][info ][safepoint      ] Safepoint "ICBufferFull", Time since last: 18924273 ns, Reaching safepoint: 2172454 ns, At safepoint: 23901 ns, Total: 2196355 ns
[17.943s][info ][safepoint      ] Safepoint "ICBufferFull", Time since last: 6370959 ns, Reaching safepoint: 115103 ns, At safepoint: 23501 ns, Total: 138604 ns
[17.959s][info ][safepoint      ] Safepoint "ICBufferFull", Time since last: 16575314 ns, Reaching safepoint: 122403 ns, At safepoint: 23701 ns, Total: 146104 ns
[17.972s][info ][gc,start       ] GC(34) Pause Young (Allocation Failure)
[18.031s][debug][gc,phases      ] GC(34) Scavenge 59.574ms
[18.031s][debug][gc,ref         ] GC(34) Skipped phase 1 of Reference Processing: no references
[18.031s][debug][gc,ref         ] GC(34) ReferenceProcessor::execute queues: 1, RefProcThreadModel::Single, marks_oops_alive: false
[18.031s][debug][gc,ref         ] GC(34) Skipped phase 3 of Reference Processing: no references
[18.031s][debug][gc,ref         ] GC(34) ReferenceProcessor::execute queues: 1, RefProcThreadModel::Single, marks_oops_alive: false
[18.031s][debug][gc,phases      ] GC(34) Reference Processing 0.130ms
[18.032s][debug][gc,phases      ] GC(34)   VM Weak                        Min:  0.0, Avg:  0.0, Max:  0.0, Diff:  0.0, Sum:  0.0, Workers: 4
[18.032s][debug][gc,phases      ] GC(34)     Dead                           Min: 0, Avg:  0.0, Max: 0, Diff: 0, Sum: 0, Workers: 4
[18.032s][debug][gc,phases      ] GC(34)     Total                          Min: 0, Avg: 151.0, Max: 604, Diff: 604, Sum: 604, Workers: 4
[18.032s][debug][gc,phases      ] GC(34)   ObjectSynchronizer Weak        Min:  0.0, Avg:  0.0, Max:  0.0, Diff:  0.0, Sum:  0.0, Workers: 4
[18.032s][debug][gc,phases      ] GC(34)     Dead                           Min: 0, Avg:  0.0, Max: 0, Diff: 0, Sum: 0, Workers: 4
[18.032s][debug][gc,phases      ] GC(34)     Total                          Min: 0, Avg: 93.2, Max: 192, Diff: 192, Sum: 373, Workers: 4
[18.032s][debug][gc,phases      ] GC(34)   JVMTI Tag Weak OopStorage      Min:  0.0, Avg:  0.0, Max:  0.0, Diff:  0.0, Sum:  0.0, Workers: 4
[18.032s][debug][gc,phases      ] GC(34)     Dead                           Min: 0, Avg:  0.0, Max: 0, Diff: 0, Sum: 0, Workers: 4
[18.032s][debug][gc,phases      ] GC(34)     Total                          Min: 0, Avg:  0.0, Max: 0, Diff: 0, Sum: 0, Workers: 4
[18.032s][debug][gc,phases      ] GC(34)   StringTable Weak               Min:  0.1, Avg:  0.1, Max:  0.1, Diff:  0.0, Sum:  0.4, Workers: 4
[18.032s][debug][gc,phases      ] GC(34)     Dead                           Min: 0, Avg:  2.8, Max: 10, Diff: 10, Sum: 11, Workers: 4
[18.032s][debug][gc,phases      ] GC(34)     Total                          Min: 10183, Avg: 10689.8, Max: 11648, Diff: 1465, Sum: 42759, Workers: 4
[18.032s][debug][gc,phases      ] GC(34)   ResolvedMethodTable Weak       Min:  0.0, Avg:  0.0, Max:  0.0, Diff:  0.0, Sum:  0.1, Workers: 4
[18.032s][debug][gc,phases      ] GC(34)     Dead                           Min: 0, Avg:  0.0, Max: 0, Diff: 0, Sum: 0, Workers: 4
[18.032s][debug][gc,phases      ] GC(34)     Total                          Min: 1540, Avg: 1809.0, Max: 2112, Diff: 572, Sum: 7236, Workers: 4
[18.032s][debug][gc,phases      ] GC(34)   JNI Weak                       Min:  0.0, Avg:  0.0, Max:  0.0, Diff:  0.0, Sum:  0.0, Workers: 4
[18.032s][debug][gc,phases      ] GC(34)     Dead                           Min: 0, Avg:  0.0, Max: 0, Diff: 0, Sum: 0, Workers: 4
[18.032s][debug][gc,phases      ] GC(34)     Total                          Min: 0, Avg:  0.8, Max: 3, Diff: 3, Sum: 3, Workers: 4
[18.032s][debug][gc,phases      ] GC(34)   StringDedup Table Weak         Min:  0.0, Avg:  0.0, Max:  0.0, Diff:  0.0, Sum:  0.0, Workers: 4
[18.032s][debug][gc,phases      ] GC(34)     Dead                           Min: 0, Avg:  0.0, Max: 0, Diff: 0, Sum: 0, Workers: 4
[18.032s][debug][gc,phases      ] GC(34)     Total                          Min: 0, Avg:  0.0, Max: 0, Diff: 0, Sum: 0, Workers: 4
[18.032s][debug][gc,phases      ] GC(34)   StringDedup Requests0 Weak     Min:  0.0, Avg:  0.0, Max:  0.0, Diff:  0.0, Sum:  0.0, Workers: 4
[18.032s][debug][gc,phases      ] GC(34)     Dead                           Min: 0, Avg:  0.0, Max: 0, Diff: 0, Sum: 0, Workers: 4
[18.032s][debug][gc,phases      ] GC(34)     Total                          Min: 0, Avg:  0.0, Max: 0, Diff: 0, Sum: 0, Workers: 4
[18.032s][debug][gc,phases      ] GC(34)   StringDedup Requests1 Weak     Min:  0.0, Avg:  0.0, Max:  0.0, Diff:  0.0, Sum:  0.0, Workers: 4
[18.032s][debug][gc,phases      ] GC(34)     Dead                           Min: 0, Avg:  0.0, Max: 0, Diff: 0, Sum: 0, Workers: 4
[18.032s][debug][gc,phases      ] GC(34)     Total                          Min: 0, Avg:  0.0, Max: 0, Diff: 0, Sum: 0, Workers: 4
[18.032s][debug][gc,phases      ] GC(34)   Weak JFR Old Object Samples    Min:  0.0, Avg:  0.0, Max:  0.0, Diff:  0.0, Sum:  0.0, Workers: 4
[18.032s][debug][gc,phases      ] GC(34)     Dead                           Min: 0, Avg:  0.0, Max: 0, Diff: 0, Sum: 0, Workers: 4
[18.032s][debug][gc,phases      ] GC(34)     Total                          Min: 0, Avg:  0.0, Max: 0, Diff: 0, Sum: 0, Workers: 4
[18.032s][debug][gc,phases      ] GC(34) Weak Processing 0.308ms
[18.032s][debug][gc,age         ] GC(34) Desired survivor size 293601280 bytes, new threshold 15 (max threshold 15)
[18.032s][info ][gc,heap        ] GC(34) PSYoungGen: 1646960K(1800704K)->152272K(1790976K) Eden: 1494528K(1494528K)->0K(1494528K) From: 152432K(306176K)->152272K(296448K)
[18.032s][info ][gc,heap        ] GC(34) ParOldGen: 387210K(491520K)->387218K(491520K)
[18.032s][info ][gc,metaspace   ] GC(34) Metaspace: 68446K(69184K)->68446K(69184K) NonClass: 58422K(58816K)->58422K(58816K) Class: 10023K(10368K)->10023K(10368K)
[18.032s][info ][gc             ] GC(34) Pause Young (Allocation Failure) 1986M->526M(2229M) 60.179ms
[18.032s][info ][gc,cpu         ] GC(34) User=0.23s Sys=0.00s Real=0.06s
[18.032s][info ][safepoint      ] Safepoint "ParallelGCFailedAllocation", Time since last: 11539788 ns, Reaching safepoint: 832021 ns, At safepoint: 60296607 ns, Total: 61128628 ns
[18.054s][info ][safepoint      ] Safepoint "ICBufferFull", Time since last: 21992550 ns, Reaching safepoint: 107802 ns, At safepoint: 20601 ns, Total: 128403 ns
[18.067s][info ][safepoint      ] Safepoint "ICBufferFull", Time since last: 13203730 ns, Reaching safepoint: 131003 ns, At safepoint: 26601 ns, Total: 157604 ns
[18.084s][info ][safepoint      ] Safepoint "ICBufferFull", Time since last: 16757119 ns, Reaching safepoint: 128703 ns, At safepoint: 21501 ns, Total: 150204 ns
[18.105s][info ][safepoint      ] Safepoint "ICBufferFull", Time since last: 20934123 ns, Reaching safepoint: 128903 ns, At safepoint: 30201 ns, Total: 159104 ns
[18.110s][info ][safepoint      ] Safepoint "ICBufferFull", Time since last: 4379209 ns, Reaching safepoint: 109703 ns, At safepoint: 26801 ns, Total: 136504 ns
[18.117s][info ][safepoint      ] Safepoint "ICBufferFull", Time since last: 7219780 ns, Reaching safepoint: 133003 ns, At safepoint: 26601 ns, Total: 159604 ns
[18.149s][info ][safepoint      ] Safepoint "ICBufferFull", Time since last: 31526688 ns, Reaching safepoint: 163204 ns, At safepoint: 32101 ns, Total: 195305 ns
[18.162s][info ][safepoint      ] Safepoint "ICBufferFull", Time since last: 12512313 ns, Reaching safepoint: 788219 ns, At safepoint: 28901 ns, Total: 817120 ns
[18.168s][info ][safepoint      ] Safepoint "ICBufferFull", Time since last: 4365209 ns, Reaching safepoint: 839921 ns, At safepoint: 23901 ns, Total: 863822 ns
[18.176s][info ][safepoint      ] Safepoint "ICBufferFull", Time since last: 8223805 ns, Reaching safepoint: 126204 ns, At safepoint: 27800 ns, Total: 154004 ns
[18.192s][info ][safepoint      ] Safepoint "ICBufferFull", Time since last: 14133654 ns, Reaching safepoint: 2126353 ns, At safepoint: 28400 ns, Total: 2154753 ns
[18.200s][info ][safepoint      ] Safepoint "ICBufferFull", Time since last: 7142379 ns, Reaching safepoint: 211105 ns, At safepoint: 36101 ns, Total: 247206 ns
[18.207s][info ][safepoint      ] Safepoint "ICBufferFull", Time since last: 7083177 ns, Reaching safepoint: 119303 ns, At safepoint: 40101 ns, Total: 159404 ns
[18.234s][info ][safepoint      ] Safepoint "ICBufferFull", Time since last: 27248981 ns, Reaching safepoint: 157304 ns, At safepoint: 21701 ns, Total: 179005 ns
[18.252s][info ][safepoint      ] Safepoint "ICBufferFull", Time since last: 17783044 ns, Reaching safepoint: 131003 ns, At safepoint: 25301 ns, Total: 156304 ns
[18.265s][info ][safepoint      ] Safepoint "ICBufferFull", Time since last: 12887222 ns, Reaching safepoint: 119803 ns, At safepoint: 26601 ns, Total: 146404 ns
[18.268s][info ][safepoint      ] Safepoint "ICBufferFull", Time since last: 3049376 ns, Reaching safepoint: 119903 ns, At safepoint: 26801 ns, Total: 146704 ns
[18.292s][info ][safepoint      ] Safepoint "ICBufferFull", Time since last: 21037726 ns, Reaching safepoint: 2173554 ns, At safepoint: 24701 ns, Total: 2198255 ns
[18.296s][info ][gc,start       ] GC(35) Pause Young (Allocation Failure)
[18.365s][debug][gc,phases      ] GC(35) Scavenge 68.775ms
[18.365s][debug][gc,ref         ] GC(35) Skipped phase 1 of Reference Processing: no references
[18.365s][debug][gc,ref         ] GC(35) ReferenceProcessor::execute queues: 1, RefProcThreadModel::Single, marks_oops_alive: false
[18.365s][debug][gc,ref         ] GC(35) Skipped phase 3 of Reference Processing: no references
[18.365s][debug][gc,ref         ] GC(35) ReferenceProcessor::execute queues: 1, RefProcThreadModel::Single, marks_oops_alive: false
[18.365s][debug][gc,phases      ] GC(35) Reference Processing 0.128ms
[18.366s][debug][gc,phases      ] GC(35)   VM Weak                        Min:  0.0, Avg:  0.0, Max:  0.0, Diff:  0.0, Sum:  0.0, Workers: 4
[18.366s][debug][gc,phases      ] GC(35)     Dead                           Min: 0, Avg:  0.0, Max: 0, Diff: 0, Sum: 0, Workers: 4
[18.366s][debug][gc,phases      ] GC(35)     Total                          Min: 0, Avg: 151.0, Max: 604, Diff: 604, Sum: 604, Workers: 4
[18.366s][debug][gc,phases      ] GC(35)   ObjectSynchronizer Weak        Min:  0.0, Avg:  0.0, Max:  0.0, Diff:  0.0, Sum:  0.0, Workers: 4
[18.366s][debug][gc,phases      ] GC(35)     Dead                           Min: 0, Avg:  0.0, Max: 0, Diff: 0, Sum: 0, Workers: 4
[18.366s][debug][gc,phases      ] GC(35)     Total                          Min: 0, Avg: 93.2, Max: 309, Diff: 309, Sum: 373, Workers: 4
[18.366s][debug][gc,phases      ] GC(35)   JVMTI Tag Weak OopStorage      Min:  0.0, Avg:  0.0, Max:  0.0, Diff:  0.0, Sum:  0.0, Workers: 4
[18.366s][debug][gc,phases      ] GC(35)     Dead                           Min: 0, Avg:  0.0, Max: 0, Diff: 0, Sum: 0, Workers: 4
[18.366s][debug][gc,phases      ] GC(35)     Total                          Min: 0, Avg:  0.0, Max: 0, Diff: 0, Sum: 0, Workers: 4
[18.366s][debug][gc,phases      ] GC(35)   StringTable Weak               Min:  0.1, Avg:  0.1, Max:  0.1, Diff:  0.0, Sum:  0.4, Workers: 4
[18.366s][debug][gc,phases      ] GC(35)     Dead                           Min: 0, Avg:  2.8, Max: 11, Diff: 11, Sum: 11, Workers: 4
[18.366s][debug][gc,phases      ] GC(35)     Total                          Min: 10176, Avg: 10690.2, Max: 11135, Diff: 959, Sum: 42761, Workers: 4
[18.366s][debug][gc,phases      ] GC(35)   ResolvedMethodTable Weak       Min:  0.0, Avg:  0.0, Max:  0.0, Diff:  0.0, Sum:  0.1, Workers: 4
[18.366s][debug][gc,phases      ] GC(35)     Dead                           Min: 0, Avg:  0.0, Max: 0, Diff: 0, Sum: 0, Workers: 4
[18.366s][debug][gc,phases      ] GC(35)     Total                          Min: 1663, Avg: 1809.0, Max: 1920, Diff: 257, Sum: 7236, Workers: 4
[18.366s][debug][gc,phases      ] GC(35)   JNI Weak                       Min:  0.0, Avg:  0.0, Max:  0.0, Diff:  0.0, Sum:  0.0, Workers: 4
[18.366s][debug][gc,phases      ] GC(35)     Dead                           Min: 0, Avg:  0.0, Max: 0, Diff: 0, Sum: 0, Workers: 4
[18.366s][debug][gc,phases      ] GC(35)     Total                          Min: 0, Avg:  0.8, Max: 3, Diff: 3, Sum: 3, Workers: 4
[18.366s][debug][gc,phases      ] GC(35)   StringDedup Table Weak         Min:  0.0, Avg:  0.0, Max:  0.0, Diff:  0.0, Sum:  0.0, Workers: 4
[18.366s][debug][gc,phases      ] GC(35)     Dead                           Min: 0, Avg:  0.0, Max: 0, Diff: 0, Sum: 0, Workers: 4
[18.366s][debug][gc,phases      ] GC(35)     Total                          Min: 0, Avg:  0.0, Max: 0, Diff: 0, Sum: 0, Workers: 4
[18.366s][debug][gc,phases      ] GC(35)   StringDedup Requests0 Weak     Min:  0.0, Avg:  0.0, Max:  0.0, Diff:  0.0, Sum:  0.0, Workers: 4
[18.366s][debug][gc,phases      ] GC(35)     Dead                           Min: 0, Avg:  0.0, Max: 0, Diff: 0, Sum: 0, Workers: 4
[18.366s][debug][gc,phases      ] GC(35)     Total                          Min: 0, Avg:  0.0, Max: 0, Diff: 0, Sum: 0, Workers: 4
[18.366s][debug][gc,phases      ] GC(35)   StringDedup Requests1 Weak     Min:  0.0, Avg:  0.0, Max:  0.0, Diff:  0.0, Sum:  0.0, Workers: 4
[18.366s][debug][gc,phases      ] GC(35)     Dead                           Min: 0, Avg:  0.0, Max: 0, Diff: 0, Sum: 0, Workers: 4
[18.366s][debug][gc,phases      ] GC(35)     Total                          Min: 0, Avg:  0.0, Max: 0, Diff: 0, Sum: 0, Workers: 4
[18.366s][debug][gc,phases      ] GC(35)   Weak JFR Old Object Samples    Min:  0.0, Avg:  0.0, Max:  0.0, Diff:  0.0, Sum:  0.0, Workers: 4
[18.366s][debug][gc,phases      ] GC(35)     Dead                           Min: 0, Avg:  0.0, Max: 0, Diff: 0, Sum: 0, Workers: 4
[18.366s][debug][gc,phases      ] GC(35)     Total                          Min: 0, Avg:  0.0, Max: 0, Diff: 0, Sum: 0, Workers: 4
[18.366s][debug][gc,phases      ] GC(35) Weak Processing 0.327ms
[18.366s][debug][gc,age         ] GC(35) Desired survivor size 284688384 bytes, new threshold 15 (max threshold 15)
[18.366s][info ][gc,heap        ] GC(35) PSYoungGen: 1646800K(1790976K)->152064K(1819136K) Eden: 1494528K(1494528K)->0K(1532416K) From: 152272K(296448K)->152064K(286720K)
[18.366s][info ][gc,heap        ] GC(35) ParOldGen: 387218K(491520K)->387234K(491520K)
[18.366s][info ][gc,metaspace   ] GC(35) Metaspace: 68499K(69312K)->68499K(69312K) NonClass: 58475K(58944K)->58475K(58944K) Class: 10023K(10368K)->10023K(10368K)
[18.366s][info ][gc             ] GC(35) Pause Young (Allocation Failure) 1986M->526M(2256M) 69.367ms
[18.366s][info ][gc,cpu         ] GC(35) User=0.27s Sys=0.01s Real=0.07s
[18.366s][info ][safepoint      ] Safepoint "ParallelGCFailedAllocation", Time since last: 4619515 ns, Reaching safepoint: 118103 ns, At safepoint: 69468136 ns, Total: 69586239 ns
[18.389s][info ][safepoint      ] Safepoint "ICBufferFull", Time since last: 22498763 ns, Reaching safepoint: 148103 ns, At safepoint: 29401 ns, Total: 177504 ns
[18.406s][info ][safepoint      ] Safepoint "ICBufferFull", Time since last: 17042726 ns, Reaching safepoint: 137504 ns, At safepoint: 35200 ns, Total: 172704 ns
[18.450s][info ][safepoint      ] Safepoint "ICBufferFull", Time since last: 43037476 ns, Reaching safepoint: 976825 ns, At safepoint: 28100 ns, Total: 1004925 ns
[18.454s][info ][safepoint      ] Safepoint "ICBufferFull", Time since last: 3672192 ns, Reaching safepoint: 478712 ns, At safepoint: 22001 ns, Total: 500713 ns
[18.464s][info ][safepoint      ] Safepoint "ICBufferFull", Time since last: 10141253 ns, Reaching safepoint: 138204 ns, At safepoint: 21200 ns, Total: 159404 ns
[18.480s][info ][safepoint      ] Safepoint "ICBufferFull", Time since last: 11208080 ns, Reaching safepoint: 4238306 ns, At safepoint: 35401 ns, Total: 4273707 ns
[18.505s][info ][safepoint      ] Safepoint "ICBufferFull", Time since last: 25314233 ns, Reaching safepoint: 122603 ns, At safepoint: 23100 ns, Total: 145703 ns
[18.509s][info ][safepoint      ] Safepoint "ICBufferFull", Time since last: 3305083 ns, Reaching safepoint: 98503 ns, At safepoint: 22800 ns, Total: 121303 ns
[18.519s][info ][safepoint      ] Safepoint "ICBufferFull", Time since last: 8537814 ns, Reaching safepoint: 2125053 ns, At safepoint: 34400 ns, Total: 2159453 ns
[18.530s][info ][safepoint      ] Safepoint "ICBufferFull", Time since last: 10494063 ns, Reaching safepoint: 148404 ns, At safepoint: 24100 ns, Total: 172504 ns
[18.546s][info ][safepoint      ] Safepoint "ICBufferFull", Time since last: 15590990 ns, Reaching safepoint: 135403 ns, At safepoint: 25301 ns, Total: 160704 ns
[18.550s][info ][safepoint      ] Safepoint "ICBufferFull", Time since last: 4262406 ns, Reaching safepoint: 138304 ns, At safepoint: 31701 ns, Total: 170005 ns
[18.561s][info ][safepoint      ] Safepoint "ICBufferFull", Time since last: 10836470 ns, Reaching safepoint: 115503 ns, At safepoint: 31301 ns, Total: 146804 ns
[18.607s][info ][safepoint      ] Safepoint "ICBufferFull", Time since last: 45280232 ns, Reaching safepoint: 132803 ns, At safepoint: 23901 ns, Total: 156704 ns
[18.636s][info ][safepoint      ] Safepoint "ICBufferFull", Time since last: 25807445 ns, Reaching safepoint: 3178579 ns, At safepoint: 35001 ns, Total: 3213580 ns
[18.641s][info ][safepoint      ] Safepoint "ICBufferFull", Time since last: 5067827 ns, Reaching safepoint: 114103 ns, At safepoint: 26200 ns, Total: 140303 ns
[18.658s][info ][safepoint      ] Safepoint "ICBufferFull", Time since last: 16687218 ns, Reaching safepoint: 111602 ns, At safepoint: 28501 ns, Total: 140103 ns
[18.703s][info ][safepoint      ] Safepoint "ICBufferFull", Time since last: 42434061 ns, Reaching safepoint: 3184379 ns, At safepoint: 26801 ns, Total: 3211180 ns
[18.726s][info ][safepoint      ] Safepoint "ICBufferFull", Time since last: 22084352 ns, Reaching safepoint: 115803 ns, At safepoint: 24700 ns, Total: 140503 ns
[18.762s][info ][gc,start       ] GC(36) Pause Young (Allocation Failure)
[18.831s][debug][gc,phases      ] GC(36) Scavenge 69.574ms
[18.831s][debug][gc,ref         ] GC(36) Skipped phase 1 of Reference Processing: no references
[18.832s][debug][gc,ref         ] GC(36) ReferenceProcessor::execute queues: 1, RefProcThreadModel::Single, marks_oops_alive: false
[18.832s][debug][gc,ref         ] GC(36) Skipped phase 3 of Reference Processing: no references
[18.832s][debug][gc,ref         ] GC(36) ReferenceProcessor::execute queues: 1, RefProcThreadModel::Single, marks_oops_alive: false
[18.832s][debug][gc,phases      ] GC(36) Reference Processing 0.166ms
[18.832s][debug][gc,phases      ] GC(36)   VM Weak                        Min:  0.0, Avg:  0.0, Max:  0.0, Diff:  0.0, Sum:  0.0, Workers: 4
[18.832s][debug][gc,phases      ] GC(36)     Dead                           Min: 0, Avg:  0.0, Max: 0, Diff: 0, Sum: 0, Workers: 4
[18.832s][debug][gc,phases      ] GC(36)     Total                          Min: 0, Avg: 151.0, Max: 476, Diff: 476, Sum: 604, Workers: 4
[18.832s][debug][gc,phases      ] GC(36)   ObjectSynchronizer Weak        Min:  0.0, Avg:  0.0, Max:  0.0, Diff:  0.0, Sum:  0.0, Workers: 4
[18.832s][debug][gc,phases      ] GC(36)     Dead                           Min: 0, Avg:  0.0, Max: 0, Diff: 0, Sum: 0, Workers: 4
[18.832s][debug][gc,phases      ] GC(36)     Total                          Min: 0, Avg: 93.2, Max: 192, Diff: 192, Sum: 373, Workers: 4
[18.832s][debug][gc,phases      ] GC(36)   JVMTI Tag Weak OopStorage      Min:  0.0, Avg:  0.0, Max:  0.0, Diff:  0.0, Sum:  0.0, Workers: 4
[18.832s][debug][gc,phases      ] GC(36)     Dead                           Min: 0, Avg:  0.0, Max: 0, Diff: 0, Sum: 0, Workers: 4
[18.832s][debug][gc,phases      ] GC(36)     Total                          Min: 0, Avg:  0.0, Max: 0, Diff: 0, Sum: 0, Workers: 4
[18.832s][debug][gc,phases      ] GC(36)   StringTable Weak               Min:  0.1, Avg:  0.1, Max:  0.1, Diff:  0.0, Sum:  0.4, Workers: 4
[18.832s][debug][gc,phases      ] GC(36)     Dead                           Min: 0, Avg:  2.8, Max: 10, Diff: 10, Sum: 11, Workers: 4
[18.832s][debug][gc,phases      ] GC(36)     Total                          Min: 10112, Avg: 10692.0, Max: 11472, Diff: 1360, Sum: 42768, Workers: 4
[18.832s][debug][gc,phases      ] GC(36)   ResolvedMethodTable Weak       Min:  0.0, Avg:  0.0, Max:  0.0, Diff:  0.0, Sum:  0.1, Workers: 4
[18.832s][debug][gc,phases      ] GC(36)     Dead                           Min: 0, Avg:  0.0, Max: 0, Diff: 0, Sum: 0, Workers: 4
[18.832s][debug][gc,phases      ] GC(36)     Total                          Min: 1599, Avg: 1809.8, Max: 1984, Diff: 385, Sum: 7239, Workers: 4
[18.832s][debug][gc,phases      ] GC(36)   JNI Weak                       Min:  0.0, Avg:  0.0, Max:  0.0, Diff:  0.0, Sum:  0.0, Workers: 4
[18.832s][debug][gc,phases      ] GC(36)     Dead                           Min: 0, Avg:  0.0, Max: 0, Diff: 0, Sum: 0, Workers: 4
[18.832s][debug][gc,phases      ] GC(36)     Total                          Min: 0, Avg:  0.8, Max: 3, Diff: 3, Sum: 3, Workers: 4
[18.832s][debug][gc,phases      ] GC(36)   StringDedup Table Weak         Min:  0.0, Avg:  0.0, Max:  0.0, Diff:  0.0, Sum:  0.0, Workers: 4
[18.832s][debug][gc,phases      ] GC(36)     Dead                           Min: 0, Avg:  0.0, Max: 0, Diff: 0, Sum: 0, Workers: 4
[18.832s][debug][gc,phases      ] GC(36)     Total                          Min: 0, Avg:  0.0, Max: 0, Diff: 0, Sum: 0, Workers: 4
[18.832s][debug][gc,phases      ] GC(36)   StringDedup Requests0 Weak     Min:  0.0, Avg:  0.0, Max:  0.0, Diff:  0.0, Sum:  0.0, Workers: 4
[18.832s][debug][gc,phases      ] GC(36)     Dead                           Min: 0, Avg:  0.0, Max: 0, Diff: 0, Sum: 0, Workers: 4
[18.832s][debug][gc,phases      ] GC(36)     Total                          Min: 0, Avg:  0.0, Max: 0, Diff: 0, Sum: 0, Workers: 4
[18.832s][debug][gc,phases      ] GC(36)   StringDedup Requests1 Weak     Min:  0.0, Avg:  0.0, Max:  0.0, Diff:  0.0, Sum:  0.0, Workers: 4
[18.832s][debug][gc,phases      ] GC(36)     Dead                           Min: 0, Avg:  0.0, Max: 0, Diff: 0, Sum: 0, Workers: 4
[18.832s][debug][gc,phases      ] GC(36)     Total                          Min: 0, Avg:  0.0, Max: 0, Diff: 0, Sum: 0, Workers: 4
[18.832s][debug][gc,phases      ] GC(36)   Weak JFR Old Object Samples    Min:  0.0, Avg:  0.0, Max:  0.0, Diff:  0.0, Sum:  0.0, Workers: 4
[18.832s][debug][gc,phases      ] GC(36)     Dead                           Min: 0, Avg:  0.0, Max: 0, Diff: 0, Sum: 0, Workers: 4
[18.832s][debug][gc,phases      ] GC(36)     Total                          Min: 0, Avg:  0.0, Max: 0, Diff: 0, Sum: 0, Workers: 4
[18.832s][debug][gc,phases      ] GC(36) Weak Processing 0.312ms
[18.832s][debug][gc,age         ] GC(36) Desired survivor size 275775488 bytes, new threshold 15 (max threshold 15)
[18.832s][info ][gc,heap        ] GC(36) PSYoungGen: 1684480K(1819136K)->151904K(1810432K) Eden: 1532416K(1532416K)->0K(1532416K) From: 152064K(286720K)->151904K(278016K)
[18.832s][info ][gc,heap        ] GC(36) ParOldGen: 387234K(491520K)->387250K(491520K)
[18.832s][info ][gc,metaspace   ] GC(36) Metaspace: 68551K(69312K)->68551K(69312K) NonClass: 58526K(58944K)->58526K(58944K) Class: 10024K(10368K)->10024K(10368K)
[18.832s][info ][gc             ] GC(36) Pause Young (Allocation Failure) 2023M->526M(2248M) 70.184ms
[18.832s][info ][gc,cpu         ] GC(36) User=0.29s Sys=0.00s Real=0.08s
[18.832s][info ][safepoint      ] Safepoint "ParallelGCFailedAllocation", Time since last: 36012901 ns, Reaching safepoint: 123803 ns, At safepoint: 70289457 ns, Total: 70413260 ns
[18.838s][info ][safepoint      ] Safepoint "ICBufferFull", Time since last: 6210655 ns, Reaching safepoint: 116603 ns, At safepoint: 26500 ns, Total: 143103 ns
[18.902s][info ][safepoint      ] Safepoint "ICBufferFull", Time since last: 63165279 ns, Reaching safepoint: 140004 ns, At safepoint: 28100 ns, Total: 168104 ns
[18.916s][info ][safepoint      ] Safepoint "ICBufferFull", Time since last: 14585365 ns, Reaching safepoint: 129603 ns, At safepoint: 25501 ns, Total: 155104 ns
[18.942s][info ][safepoint      ] Safepoint "ICBufferFull", Time since last: 25510238 ns, Reaching safepoint: 129803 ns, At safepoint: 19700 ns, Total: 149503 ns
[18.951s][info ][safepoint      ] Safepoint "ICBufferFull", Time since last: 8921723 ns, Reaching safepoint: 131004 ns, At safepoint: 26000 ns, Total: 157004 ns
[18.967s][info ][safepoint      ] Safepoint "ICBufferFull", Time since last: 15264882 ns, Reaching safepoint: 815420 ns, At safepoint: 27301 ns, Total: 842721 ns
[19.056s][info ][safepoint      ] Safepoint "ICBufferFull", Time since last: 88220505 ns, Reaching safepoint: 152203 ns, At safepoint: 25101 ns, Total: 177304 ns
[19.158s][info ][gc,start       ] GC(37) Pause Young (Allocation Failure)
[19.218s][debug][gc,phases      ] GC(37) Scavenge 59.487ms
[19.218s][debug][gc,ref         ] GC(37) Skipped phase 1 of Reference Processing: no references
[19.218s][debug][gc,ref         ] GC(37) ReferenceProcessor::execute queues: 1, RefProcThreadModel::Single, marks_oops_alive: false
[19.218s][debug][gc,ref         ] GC(37) Skipped phase 3 of Reference Processing: no references
[19.218s][debug][gc,ref         ] GC(37) ReferenceProcessor::execute queues: 1, RefProcThreadModel::Single, marks_oops_alive: false
[19.218s][debug][gc,phases      ] GC(37) Reference Processing 0.128ms
[19.218s][debug][gc,phases      ] GC(37)   VM Weak                        Min:  0.0, Avg:  0.0, Max:  0.0, Diff:  0.0, Sum:  0.0, Workers: 4
[19.218s][debug][gc,phases      ] GC(37)     Dead                           Min: 0, Avg:  0.0, Max: 0, Diff: 0, Sum: 0, Workers: 4
[19.218s][debug][gc,phases      ] GC(37)     Total                          Min: 0, Avg: 151.0, Max: 604, Diff: 604, Sum: 604, Workers: 4
[19.218s][debug][gc,phases      ] GC(37)   ObjectSynchronizer Weak        Min:  0.0, Avg:  0.0, Max:  0.0, Diff:  0.0, Sum:  0.0, Workers: 4
[19.218s][debug][gc,phases      ] GC(37)     Dead                           Min: 0, Avg:  0.0, Max: 0, Diff: 0, Sum: 0, Workers: 4
[19.218s][debug][gc,phases      ] GC(37)     Total                          Min: 0, Avg: 93.2, Max: 320, Diff: 320, Sum: 373, Workers: 4
[19.218s][debug][gc,phases      ] GC(37)   JVMTI Tag Weak OopStorage      Min:  0.0, Avg:  0.0, Max:  0.0, Diff:  0.0, Sum:  0.0, Workers: 4
[19.218s][debug][gc,phases      ] GC(37)     Dead                           Min: 0, Avg:  0.0, Max: 0, Diff: 0, Sum: 0, Workers: 4
[19.218s][debug][gc,phases      ] GC(37)     Total                          Min: 0, Avg:  0.0, Max: 0, Diff: 0, Sum: 0, Workers: 4
[19.218s][debug][gc,phases      ] GC(37)   StringTable Weak               Min:  0.1, Avg:  0.1, Max:  0.1, Diff:  0.0, Sum:  0.4, Workers: 4
[19.218s][debug][gc,phases      ] GC(37)     Dead                           Min: 0, Avg:  2.8, Max: 11, Diff: 11, Sum: 11, Workers: 4
[19.218s][debug][gc,phases      ] GC(37)     Total                          Min: 10048, Avg: 10692.8, Max: 11135, Diff: 1087, Sum: 42771, Workers: 4
[19.218s][debug][gc,phases      ] GC(37)   ResolvedMethodTable Weak       Min:  0.0, Avg:  0.0, Max:  0.0, Diff:  0.0, Sum:  0.1, Workers: 4
[19.218s][debug][gc,phases      ] GC(37)     Dead                           Min: 0, Avg:  0.0, Max: 0, Diff: 0, Sum: 0, Workers: 4
[19.218s][debug][gc,phases      ] GC(37)     Total                          Min: 1599, Avg: 1810.2, Max: 1984, Diff: 385, Sum: 7241, Workers: 4
[19.218s][debug][gc,phases      ] GC(37)   JNI Weak                       Min:  0.0, Avg:  0.0, Max:  0.0, Diff:  0.0, Sum:  0.0, Workers: 4
[19.218s][debug][gc,phases      ] GC(37)     Dead                           Min: 0, Avg:  0.0, Max: 0, Diff: 0, Sum: 0, Workers: 4
[19.218s][debug][gc,phases      ] GC(37)     Total                          Min: 0, Avg:  1.2, Max: 5, Diff: 5, Sum: 5, Workers: 4
[19.218s][debug][gc,phases      ] GC(37)   StringDedup Table Weak         Min:  0.0, Avg:  0.0, Max:  0.0, Diff:  0.0, Sum:  0.0, Workers: 4
[19.218s][debug][gc,phases      ] GC(37)     Dead                           Min: 0, Avg:  0.0, Max: 0, Diff: 0, Sum: 0, Workers: 4
[19.218s][debug][gc,phases      ] GC(37)     Total                          Min: 0, Avg:  0.0, Max: 0, Diff: 0, Sum: 0, Workers: 4
[19.218s][debug][gc,phases      ] GC(37)   StringDedup Requests0 Weak     Min:  0.0, Avg:  0.0, Max:  0.0, Diff:  0.0, Sum:  0.0, Workers: 4
[19.218s][debug][gc,phases      ] GC(37)     Dead                           Min: 0, Avg:  0.0, Max: 0, Diff: 0, Sum: 0, Workers: 4
[19.218s][debug][gc,phases      ] GC(37)     Total                          Min: 0, Avg:  0.0, Max: 0, Diff: 0, Sum: 0, Workers: 4
[19.218s][debug][gc,phases      ] GC(37)   StringDedup Requests1 Weak     Min:  0.0, Avg:  0.0, Max:  0.0, Diff:  0.0, Sum:  0.0, Workers: 4
[19.218s][debug][gc,phases      ] GC(37)     Dead                           Min: 0, Avg:  0.0, Max: 0, Diff: 0, Sum: 0, Workers: 4
[19.218s][debug][gc,phases      ] GC(37)     Total                          Min: 0, Avg:  0.0, Max: 0, Diff: 0, Sum: 0, Workers: 4
[19.219s][debug][gc,phases      ] GC(37)   Weak JFR Old Object Samples    Min:  0.0, Avg:  0.0, Max:  0.0, Diff:  0.0, Sum:  0.0, Workers: 4
[19.219s][debug][gc,phases      ] GC(37)     Dead                           Min: 0, Avg:  0.0, Max: 0, Diff: 0, Sum: 0, Workers: 4
[19.219s][debug][gc,phases      ] GC(37)     Total                          Min: 0, Avg:  0.0, Max: 0, Diff: 0, Sum: 0, Workers: 4
[19.219s][debug][gc,phases      ] GC(37) Weak Processing 0.331ms
[19.219s][debug][gc,age         ] GC(37) Desired survivor size 266862592 bytes, new threshold 15 (max threshold 15)
[19.219s][info ][gc,heap        ] GC(37) PSYoungGen: 1684320K(1810432K)->150656K(1836544K) Eden: 1532416K(1532416K)->0K(1567232K) From: 151904K(278016K)->150656K(269312K)
[19.219s][info ][gc,heap        ] GC(37) ParOldGen: 387250K(491520K)->387274K(491520K)
[19.219s][info ][gc,metaspace   ] GC(37) Metaspace: 68577K(69376K)->68577K(69376K) NonClass: 58549K(59008K)->58549K(59008K) Class: 10027K(10368K)->10027K(10368K)
[19.219s][info ][gc             ] GC(37) Pause Young (Allocation Failure) 2023M->525M(2273M) 60.072ms
[19.219s][info ][gc,cpu         ] GC(37) User=0.24s Sys=0.00s Real=0.06s
[19.219s][info ][safepoint      ] Safepoint "ParallelGCFailedAllocation", Time since last: 102629365 ns, Reaching safepoint: 120203 ns, At safepoint: 60191404 ns, Total: 60311607 ns
[19.229s][info ][safepoint      ] Safepoint "ICBufferFull", Time since last: 10114153 ns, Reaching safepoint: 729218 ns, At safepoint: 28401 ns, Total: 757619 ns
[19.248s][info ][safepoint      ] Safepoint "ICBufferFull", Time since last: 18732168 ns, Reaching safepoint: 126004 ns, At safepoint: 29000 ns, Total: 155004 ns
[19.260s][info ][safepoint      ] Safepoint "ICBufferFull", Time since last: 11919298 ns, Reaching safepoint: 125503 ns, At safepoint: 26901 ns, Total: 152404 ns
[19.286s][info ][safepoint      ] Safepoint "ICBufferFull", Time since last: 25860946 ns, Reaching safepoint: 86902 ns, At safepoint: 22101 ns, Total: 109003 ns
[19.355s][info ][safepoint      ] Safepoint "ICBufferFull", Time since last: 68599114 ns, Reaching safepoint: 142604 ns, At safepoint: 23801 ns, Total: 166405 ns
[19.368s][info ][safepoint      ] Safepoint "ICBufferFull", Time since last: 11310082 ns, Reaching safepoint: 1035526 ns, At safepoint: 29401 ns, Total: 1064927 ns
[19.407s][info ][safepoint      ] Safepoint "ICBufferFull", Time since last: 39193179 ns, Reaching safepoint: 124004 ns, At safepoint: 34200 ns, Total: 158204 ns
[19.411s][info ][safepoint      ] Safepoint "ICBufferFull", Time since last: 3526989 ns, Reaching safepoint: 116502 ns, At safepoint: 23201 ns, Total: 139703 ns
[19.428s][info ][safepoint      ] Safepoint "ICBufferFull", Time since last: 15704493 ns, Reaching safepoint: 2184254 ns, At safepoint: 23801 ns, Total: 2208055 ns
[19.453s][info ][safepoint      ] Safepoint "ICBufferFull", Time since last: 24606715 ns, Reaching safepoint: 131203 ns, At safepoint: 24901 ns, Total: 156104 ns
[19.464s][info ][safepoint      ] Safepoint "ICBufferFull", Time since last: 10081852 ns, Reaching safepoint: 127503 ns, At safepoint: 30701 ns, Total: 158204 ns
[19.468s][info ][safepoint      ] Safepoint "ICBufferFull", Time since last: 3035475 ns, Reaching safepoint: 1055527 ns, At safepoint: 23200 ns, Total: 1078727 ns
[19.476s][info ][safepoint      ] Safepoint "ICBufferFull", Time since last: 8688318 ns, Reaching safepoint: 133303 ns, At safepoint: 22000 ns, Total: 155303 ns
[19.555s][info ][gc,start       ] GC(38) Pause Young (Allocation Failure)
[19.623s][debug][gc,phases      ] GC(38) Scavenge 67.943ms
[19.623s][debug][gc,ref         ] GC(38) Skipped phase 1 of Reference Processing: no references
[19.623s][debug][gc,ref         ] GC(38) ReferenceProcessor::execute queues: 1, RefProcThreadModel::Single, marks_oops_alive: false
[19.623s][debug][gc,ref         ] GC(38) Skipped phase 3 of Reference Processing: no references
[19.623s][debug][gc,ref         ] GC(38) ReferenceProcessor::execute queues: 1, RefProcThreadModel::Single, marks_oops_alive: false
[19.623s][debug][gc,phases      ] GC(38) Reference Processing 0.136ms
[19.623s][debug][gc,phases      ] GC(38)   VM Weak                        Min:  0.0, Avg:  0.0, Max:  0.0, Diff:  0.0, Sum:  0.0, Workers: 4
[19.623s][debug][gc,phases      ] GC(38)     Dead                           Min: 0, Avg:  0.0, Max: 0, Diff: 0, Sum: 0, Workers: 4
[19.623s][debug][gc,phases      ] GC(38)     Total                          Min: 0, Avg: 151.0, Max: 448, Diff: 448, Sum: 604, Workers: 4
[19.623s][debug][gc,phases      ] GC(38)   ObjectSynchronizer Weak        Min:  0.0, Avg:  0.0, Max:  0.0, Diff:  0.0, Sum:  0.0, Workers: 4
[19.623s][debug][gc,phases      ] GC(38)     Dead                           Min: 0, Avg:  0.0, Max: 0, Diff: 0, Sum: 0, Workers: 4
[19.623s][debug][gc,phases      ] GC(38)     Total                          Min: 0, Avg: 93.2, Max: 192, Diff: 192, Sum: 373, Workers: 4
[19.623s][debug][gc,phases      ] GC(38)   JVMTI Tag Weak OopStorage      Min:  0.0, Avg:  0.0, Max:  0.0, Diff:  0.0, Sum:  0.0, Workers: 4
[19.623s][debug][gc,phases      ] GC(38)     Dead                           Min: 0, Avg:  0.0, Max: 0, Diff: 0, Sum: 0, Workers: 4
[19.623s][debug][gc,phases      ] GC(38)     Total                          Min: 0, Avg:  0.0, Max: 0, Diff: 0, Sum: 0, Workers: 4
[19.623s][debug][gc,phases      ] GC(38)   StringTable Weak               Min:  0.1, Avg:  0.1, Max:  0.1, Diff:  0.0, Sum:  0.4, Workers: 4
[19.623s][debug][gc,phases      ] GC(38)     Dead                           Min: 0, Avg:  0.0, Max: 0, Diff: 0, Sum: 0, Workers: 4
[19.623s][debug][gc,phases      ] GC(38)     Total                          Min: 9088, Avg: 10696.5, Max: 11328, Diff: 2240, Sum: 42786, Workers: 4
[19.623s][debug][gc,phases      ] GC(38)   ResolvedMethodTable Weak       Min:  0.0, Avg:  0.0, Max:  0.0, Diff:  0.0, Sum:  0.1, Workers: 4
[19.623s][debug][gc,phases      ] GC(38)     Dead                           Min: 0, Avg:  0.0, Max: 0, Diff: 0, Sum: 0, Workers: 4
[19.623s][debug][gc,phases      ] GC(38)     Total                          Min: 1599, Avg: 1810.2, Max: 1984, Diff: 385, Sum: 7241, Workers: 4
[19.623s][debug][gc,phases      ] GC(38)   JNI Weak                       Min:  0.0, Avg:  0.0, Max:  0.0, Diff:  0.0, Sum:  0.0, Workers: 4
[19.623s][debug][gc,phases      ] GC(38)     Dead                           Min: 0, Avg:  0.0, Max: 0, Diff: 0, Sum: 0, Workers: 4
[19.623s][debug][gc,phases      ] GC(38)     Total                          Min: 0, Avg:  1.2, Max: 5, Diff: 5, Sum: 5, Workers: 4
[19.623s][debug][gc,phases      ] GC(38)   StringDedup Table Weak         Min:  0.0, Avg:  0.0, Max:  0.0, Diff:  0.0, Sum:  0.0, Workers: 4
[19.623s][debug][gc,phases      ] GC(38)     Dead                           Min: 0, Avg:  0.0, Max: 0, Diff: 0, Sum: 0, Workers: 4
[19.623s][debug][gc,phases      ] GC(38)     Total                          Min: 0, Avg:  0.0, Max: 0, Diff: 0, Sum: 0, Workers: 4
[19.623s][debug][gc,phases      ] GC(38)   StringDedup Requests0 Weak     Min:  0.0, Avg:  0.0, Max:  0.0, Diff:  0.0, Sum:  0.0, Workers: 4
[19.623s][debug][gc,phases      ] GC(38)     Dead                           Min: 0, Avg:  0.0, Max: 0, Diff: 0, Sum: 0, Workers: 4
[19.623s][debug][gc,phases      ] GC(38)     Total                          Min: 0, Avg:  0.0, Max: 0, Diff: 0, Sum: 0, Workers: 4
[19.623s][debug][gc,phases      ] GC(38)   StringDedup Requests1 Weak     Min:  0.0, Avg:  0.0, Max:  0.0, Diff:  0.0, Sum:  0.0, Workers: 4
[19.623s][debug][gc,phases      ] GC(38)     Dead                           Min: 0, Avg:  0.0, Max: 0, Diff: 0, Sum: 0, Workers: 4
[19.623s][debug][gc,phases      ] GC(38)     Total                          Min: 0, Avg:  0.0, Max: 0, Diff: 0, Sum: 0, Workers: 4
[19.623s][debug][gc,phases      ] GC(38)   Weak JFR Old Object Samples    Min:  0.0, Avg:  0.0, Max:  0.0, Diff:  0.0, Sum:  0.0, Workers: 4
[19.623s][debug][gc,phases      ] GC(38)     Dead                           Min: 0, Avg:  0.0, Max: 0, Diff: 0, Sum: 0, Workers: 4
[19.623s][debug][gc,phases      ] GC(38)     Total                          Min: 0, Avg:  0.0, Max: 0, Diff: 0, Sum: 0, Workers: 4
[19.623s][debug][gc,phases      ] GC(38) Weak Processing 0.298ms
[19.623s][debug][gc,age         ] GC(38) Desired survivor size 257949696 bytes, new threshold 15 (max threshold 15)
[19.623s][info ][gc,heap        ] GC(38) PSYoungGen: 1717888K(1836544K)->149584K(1827840K) Eden: 1567232K(1567232K)->0K(1567232K) From: 150656K(269312K)->149584K(260608K)
[19.623s][info ][gc,heap        ] GC(38) ParOldGen: 387274K(491520K)->387290K(491520K)
[19.623s][info ][gc,metaspace   ] GC(38) Metaspace: 68616K(69376K)->68616K(69376K) NonClass: 58588K(59008K)->58588K(59008K) Class: 10027K(10368K)->10027K(10368K)
[19.623s][info ][gc             ] GC(38) Pause Young (Allocation Failure) 2055M->524M(2265M) 68.505ms
[19.623s][info ][gc,cpu         ] GC(38) User=0.28s Sys=0.00s Real=0.06s
[19.623s][info ][safepoint      ] Safepoint "ParallelGCFailedAllocation", Time since last: 77988250 ns, Reaching safepoint: 117403 ns, At safepoint: 68612014 ns, Total: 68729417 ns
[19.793s][info ][safepoint      ] Safepoint "ICBufferFull", Time since last: 169447635 ns, Reaching safepoint: 163204 ns, At safepoint: 24901 ns, Total: 188105 ns
[19.805s][info ][safepoint      ] Safepoint "ICBufferFull", Time since last: 12259406 ns, Reaching safepoint: 108203 ns, At safepoint: 22701 ns, Total: 130904 ns
[19.812s][info ][safepoint      ] Safepoint "ICBufferFull", Time since last: 6286057 ns, Reaching safepoint: 120403 ns, At safepoint: 27000 ns, Total: 147403 ns
[19.862s][info ][safepoint      ] Safepoint "ICBufferFull", Time since last: 49338134 ns, Reaching safepoint: 554513 ns, At safepoint: 28401 ns, Total: 582914 ns
[19.885s][info ][safepoint      ] Safepoint "ICBufferFull", Time since last: 23225181 ns, Reaching safepoint: 153503 ns, At safepoint: 22801 ns, Total: 176304 ns
[19.908s][info ][safepoint      ] Safepoint "ICBufferFull", Time since last: 22540463 ns, Reaching safepoint: 132004 ns, At safepoint: 34901 ns, Total: 166905 ns
[19.914s][info ][safepoint      ] Safepoint "ICBufferFull", Time since last: 6201254 ns, Reaching safepoint: 141604 ns, At safepoint: 46001 ns, Total: 187605 ns
[19.939s][info ][safepoint      ] Safepoint "ICBufferFull", Time since last: 25203130 ns, Reaching safepoint: 143204 ns, At safepoint: 26900 ns, Total: 170104 ns
[19.960s][info ][safepoint      ] Safepoint "ICBufferFull", Time since last: 20048601 ns, Reaching safepoint: 129904 ns, At safepoint: 30100 ns, Total: 160004 ns
[19.992s][info ][safepoint      ] Safepoint "ICBufferFull", Time since last: 31767894 ns, Reaching safepoint: 122803 ns, At safepoint: 23901 ns, Total: 146704 ns
[19.997s][info ][safepoint      ] Safepoint "ICBufferFull", Time since last: 5398435 ns, Reaching safepoint: 126003 ns, At safepoint: 22101 ns, Total: 148104 ns
[20.008s][info ][safepoint      ] Safepoint "ICBufferFull", Time since last: 10799669 ns, Reaching safepoint: 92503 ns, At safepoint: 18800 ns, Total: 111303 ns
[20.015s][info ][safepoint      ] Safepoint "ICBufferFull", Time since last: 6902273 ns, Reaching safepoint: 125303 ns, At safepoint: 30101 ns, Total: 155404 ns
[20.029s][info ][gc,start       ] GC(39) Pause Young (Allocation Failure)
[20.094s][debug][gc,phases      ] GC(39) Scavenge 65.787ms
[20.094s][debug][gc,ref         ] GC(39) Skipped phase 1 of Reference Processing: no references
[20.095s][debug][gc,ref         ] GC(39) ReferenceProcessor::execute queues: 1, RefProcThreadModel::Single, marks_oops_alive: false
[20.095s][debug][gc,ref         ] GC(39) Skipped phase 3 of Reference Processing: no references
[20.095s][debug][gc,ref         ] GC(39) ReferenceProcessor::execute queues: 1, RefProcThreadModel::Single, marks_oops_alive: false
[20.095s][debug][gc,phases      ] GC(39) Reference Processing 0.163ms
[20.095s][debug][gc,phases      ] GC(39)   VM Weak                        Min:  0.0, Avg:  0.0, Max:  0.0, Diff:  0.0, Sum:  0.0, Workers: 4
[20.095s][debug][gc,phases      ] GC(39)     Dead                           Min: 0, Avg:  0.0, Max: 0, Diff: 0, Sum: 0, Workers: 4
[20.095s][debug][gc,phases      ] GC(39)     Total                          Min: 0, Avg: 151.0, Max: 540, Diff: 540, Sum: 604, Workers: 4
[20.095s][debug][gc,phases      ] GC(39)   ObjectSynchronizer Weak        Min:  0.0, Avg:  0.0, Max:  0.0, Diff:  0.0, Sum:  0.0, Workers: 4
[20.095s][debug][gc,phases      ] GC(39)     Dead                           Min: 0, Avg:  0.0, Max: 0, Diff: 0, Sum: 0, Workers: 4
[20.095s][debug][gc,phases      ] GC(39)     Total                          Min: 0, Avg: 93.2, Max: 181, Diff: 181, Sum: 373, Workers: 4
[20.095s][debug][gc,phases      ] GC(39)   JVMTI Tag Weak OopStorage      Min:  0.0, Avg:  0.0, Max:  0.0, Diff:  0.0, Sum:  0.0, Workers: 4
[20.095s][debug][gc,phases      ] GC(39)     Dead                           Min: 0, Avg:  0.0, Max: 0, Diff: 0, Sum: 0, Workers: 4
[20.095s][debug][gc,phases      ] GC(39)     Total                          Min: 0, Avg:  0.0, Max: 0, Diff: 0, Sum: 0, Workers: 4
[20.095s][debug][gc,phases      ] GC(39)   StringTable Weak               Min:  0.1, Avg:  0.1, Max:  0.1, Diff:  0.0, Sum:  0.3, Workers: 4
[20.095s][debug][gc,phases      ] GC(39)     Dead                           Min: 0, Avg:  2.8, Max: 11, Diff: 11, Sum: 11, Workers: 4
[20.095s][debug][gc,phases      ] GC(39)     Total                          Min: 10304, Avg: 10697.0, Max: 11008, Diff: 704, Sum: 42788, Workers: 4
[20.095s][debug][gc,phases      ] GC(39)   ResolvedMethodTable Weak       Min:  0.0, Avg:  0.0, Max:  0.0, Diff:  0.0, Sum:  0.1, Workers: 4
[20.095s][debug][gc,phases      ] GC(39)     Dead                           Min: 0, Avg:  0.0, Max: 0, Diff: 0, Sum: 0, Workers: 4
[20.095s][debug][gc,phases      ] GC(39)     Total                          Min: 1663, Avg: 1810.2, Max: 1931, Diff: 268, Sum: 7241, Workers: 4
[20.095s][debug][gc,phases      ] GC(39)   JNI Weak                       Min:  0.0, Avg:  0.0, Max:  0.0, Diff:  0.0, Sum:  0.0, Workers: 4
[20.095s][debug][gc,phases      ] GC(39)     Dead                           Min: 0, Avg:  0.0, Max: 0, Diff: 0, Sum: 0, Workers: 4
[20.095s][debug][gc,phases      ] GC(39)     Total                          Min: 0, Avg:  0.8, Max: 3, Diff: 3, Sum: 3, Workers: 4
[20.095s][debug][gc,phases      ] GC(39)   StringDedup Table Weak         Min:  0.0, Avg:  0.0, Max:  0.0, Diff:  0.0, Sum:  0.0, Workers: 4
[20.095s][debug][gc,phases      ] GC(39)     Dead                           Min: 0, Avg:  0.0, Max: 0, Diff: 0, Sum: 0, Workers: 4
[20.095s][debug][gc,phases      ] GC(39)     Total                          Min: 0, Avg:  0.0, Max: 0, Diff: 0, Sum: 0, Workers: 4
[20.095s][debug][gc,phases      ] GC(39)   StringDedup Requests0 Weak     Min:  0.0, Avg:  0.0, Max:  0.0, Diff:  0.0, Sum:  0.0, Workers: 4
[20.095s][debug][gc,phases      ] GC(39)     Dead                           Min: 0, Avg:  0.0, Max: 0, Diff: 0, Sum: 0, Workers: 4
[20.095s][debug][gc,phases      ] GC(39)     Total                          Min: 0, Avg:  0.0, Max: 0, Diff: 0, Sum: 0, Workers: 4
[20.095s][debug][gc,phases      ] GC(39)   StringDedup Requests1 Weak     Min:  0.0, Avg:  0.0, Max:  0.0, Diff:  0.0, Sum:  0.0, Workers: 4
[20.095s][debug][gc,phases      ] GC(39)     Dead                           Min: 0, Avg:  0.0, Max: 0, Diff: 0, Sum: 0, Workers: 4
[20.095s][debug][gc,phases      ] GC(39)     Total                          Min: 0, Avg:  0.0, Max: 0, Diff: 0, Sum: 0, Workers: 4
[20.095s][debug][gc,phases      ] GC(39)   Weak JFR Old Object Samples    Min:  0.0, Avg:  0.0, Max:  0.0, Diff:  0.0, Sum:  0.0, Workers: 4
[20.095s][debug][gc,phases      ] GC(39)     Dead                           Min: 0, Avg:  0.0, Max: 0, Diff: 0, Sum: 0, Workers: 4
[20.095s][debug][gc,phases      ] GC(39)     Total                          Min: 0, Avg:  0.0, Max: 0, Diff: 0, Sum: 0, Workers: 4
[20.095s][debug][gc,phases      ] GC(39) Weak Processing 0.356ms
[20.095s][debug][gc,age         ] GC(39) Desired survivor size 248512512 bytes, new threshold 15 (max threshold 15)
[20.095s][info ][gc,heap        ] GC(39) PSYoungGen: 1716816K(1827840K)->144912K(1854464K) Eden: 1567232K(1567232K)->0K(1602560K) From: 149584K(260608K)->144912K(251904K)
[20.095s][info ][gc,heap        ] GC(39) ParOldGen: 387290K(491520K)->389023K(491520K)
[20.095s][info ][gc,metaspace   ] GC(39) Metaspace: 68646K(69440K)->68646K(69440K) NonClass: 58618K(59072K)->58618K(59072K) Class: 10027K(10368K)->10027K(10368K)
[20.095s][info ][gc             ] GC(39) Pause Young (Allocation Failure) 2054M->521M(2291M) 66.458ms
[20.095s][info ][gc,cpu         ] GC(39) User=0.27s Sys=0.00s Real=0.07s
[20.095s][info ][safepoint      ] Safepoint "ParallelGCFailedAllocation", Time since last: 9206830 ns, Reaching safepoint: 4232805 ns, At safepoint: 66589465 ns, Total: 70822270 ns
[20.125s][info ][safepoint      ] Safepoint "ICBufferFull", Time since last: 29631840 ns, Reaching safepoint: 155904 ns, At safepoint: 25301 ns, Total: 181205 ns
[20.148s][info ][safepoint      ] Safepoint "ICBufferFull", Time since last: 22887872 ns, Reaching safepoint: 122603 ns, At safepoint: 27500 ns, Total: 150103 ns
[20.151s][info ][safepoint      ] Safepoint "ICBufferFull", Time since last: 3043876 ns, Reaching safepoint: 93403 ns, At safepoint: 32901 ns, Total: 126304 ns
[20.231s][info ][safepoint      ] Safepoint "ICBufferFull", Time since last: 76610714 ns, Reaching safepoint: 3222681 ns, At safepoint: 38501 ns, Total: 3261182 ns
[20.298s][info ][safepoint      ] Safepoint "ICBufferFull", Time since last: 67118677 ns, Reaching safepoint: 156204 ns, At safepoint: 21600 ns, Total: 177804 ns
[20.323s][info ][safepoint      ] Safepoint "ICBufferFull", Time since last: 24315908 ns, Reaching safepoint: 150804 ns, At safepoint: 26900 ns, Total: 177704 ns
[20.352s][info ][safepoint      ] Safepoint "ICBufferFull", Time since last: 28594415 ns, Reaching safepoint: 119103 ns, At safepoint: 26501 ns, Total: 145604 ns
[20.355s][info ][safepoint      ] Safepoint "ICBufferFull", Time since last: 3509887 ns, Reaching safepoint: 110103 ns, At safepoint: 22901 ns, Total: 133004 ns
[20.362s][info ][safepoint      ] Safepoint "ICBufferFull", Time since last: 6407960 ns, Reaching safepoint: 102002 ns, At safepoint: 26801 ns, Total: 128803 ns
[20.401s][info ][safepoint      ] Safepoint "ICBufferFull", Time since last: 38289557 ns, Reaching safepoint: 666717 ns, At safepoint: 30000 ns, Total: 696717 ns
[20.415s][info ][gc,start       ] GC(40) Pause Young (Allocation Failure)
[20.493s][debug][gc,phases      ] GC(40) Scavenge 77.859ms
[20.493s][debug][gc,ref         ] GC(40) Skipped phase 1 of Reference Processing: no references
[20.493s][debug][gc,ref         ] GC(40) ReferenceProcessor::execute queues: 1, RefProcThreadModel::Single, marks_oops_alive: false
[20.493s][debug][gc,ref         ] GC(40) Skipped phase 3 of Reference Processing: no references
[20.493s][debug][gc,ref         ] GC(40) ReferenceProcessor::execute queues: 1, RefProcThreadModel::Single, marks_oops_alive: false
[20.493s][debug][gc,phases      ] GC(40) Reference Processing 0.181ms
[20.493s][debug][gc,phases      ] GC(40)   VM Weak                        Min:  0.0, Avg:  0.0, Max:  0.0, Diff:  0.0, Sum:  0.0, Workers: 4
[20.493s][debug][gc,phases      ] GC(40)     Dead                           Min: 0, Avg:  0.0, Max: 0, Diff: 0, Sum: 0, Workers: 4
[20.493s][debug][gc,phases      ] GC(40)     Total                          Min: 0, Avg: 151.0, Max: 512, Diff: 512, Sum: 604, Workers: 4
[20.493s][debug][gc,phases      ] GC(40)   ObjectSynchronizer Weak        Min:  0.0, Avg:  0.0, Max:  0.0, Diff:  0.0, Sum:  0.0, Workers: 4
[20.493s][debug][gc,phases      ] GC(40)     Dead                           Min: 0, Avg:  0.0, Max: 0, Diff: 0, Sum: 0, Workers: 4
[20.493s][debug][gc,phases      ] GC(40)     Total                          Min: 0, Avg: 93.2, Max: 181, Diff: 181, Sum: 373, Workers: 4
[20.493s][debug][gc,phases      ] GC(40)   JVMTI Tag Weak OopStorage      Min:  0.0, Avg:  0.0, Max:  0.0, Diff:  0.0, Sum:  0.0, Workers: 4
[20.493s][debug][gc,phases      ] GC(40)     Dead                           Min: 0, Avg:  0.0, Max: 0, Diff: 0, Sum: 0, Workers: 4
[20.493s][debug][gc,phases      ] GC(40)     Total                          Min: 0, Avg:  0.0, Max: 0, Diff: 0, Sum: 0, Workers: 4
[20.493s][debug][gc,phases      ] GC(40)   StringTable Weak               Min:  0.1, Avg:  0.1, Max:  0.1, Diff:  0.0, Sum:  0.4, Workers: 4
[20.493s][debug][gc,phases      ] GC(40)     Dead                           Min: 0, Avg:  2.8, Max: 11, Diff: 11, Sum: 11, Workers: 4
[20.493s][debug][gc,phases      ] GC(40)     Total                          Min: 10049, Avg: 10704.2, Max: 11008, Diff: 959, Sum: 42817, Workers: 4
[20.493s][debug][gc,phases      ] GC(40)   ResolvedMethodTable Weak       Min:  0.0, Avg:  0.0, Max:  0.0, Diff:  0.0, Sum:  0.1, Workers: 4
[20.493s][debug][gc,phases      ] GC(40)     Dead                           Min: 0, Avg:  0.0, Max: 0, Diff: 0, Sum: 0, Workers: 4
[20.493s][debug][gc,phases      ] GC(40)     Total                          Min: 1596, Avg: 1822.5, Max: 1984, Diff: 388, Sum: 7290, Workers: 4
[20.493s][debug][gc,phases      ] GC(40)   JNI Weak                       Min:  0.0, Avg:  0.0, Max:  0.0, Diff:  0.0, Sum:  0.0, Workers: 4
[20.493s][debug][gc,phases      ] GC(40)     Dead                           Min: 0, Avg:  0.0, Max: 0, Diff: 0, Sum: 0, Workers: 4
[20.493s][debug][gc,phases      ] GC(40)     Total                          Min: 0, Avg:  0.0, Max: 0, Diff: 0, Sum: 0, Workers: 4
[20.493s][debug][gc,phases      ] GC(40)   StringDedup Table Weak         Min:  0.0, Avg:  0.0, Max:  0.0, Diff:  0.0, Sum:  0.0, Workers: 4
[20.493s][debug][gc,phases      ] GC(40)     Dead                           Min: 0, Avg:  0.0, Max: 0, Diff: 0, Sum: 0, Workers: 4
[20.493s][debug][gc,phases      ] GC(40)     Total                          Min: 0, Avg:  0.0, Max: 0, Diff: 0, Sum: 0, Workers: 4
[20.493s][debug][gc,phases      ] GC(40)   StringDedup Requests0 Weak     Min:  0.0, Avg:  0.0, Max:  0.0, Diff:  0.0, Sum:  0.0, Workers: 4
[20.493s][debug][gc,phases      ] GC(40)     Dead                           Min: 0, Avg:  0.0, Max: 0, Diff: 0, Sum: 0, Workers: 4
[20.493s][debug][gc,phases      ] GC(40)     Total                          Min: 0, Avg:  0.0, Max: 0, Diff: 0, Sum: 0, Workers: 4
[20.493s][debug][gc,phases      ] GC(40)   StringDedup Requests1 Weak     Min:  0.0, Avg:  0.0, Max:  0.0, Diff:  0.0, Sum:  0.0, Workers: 4
[20.493s][debug][gc,phases      ] GC(40)     Dead                           Min: 0, Avg:  0.0, Max: 0, Diff: 0, Sum: 0, Workers: 4
[20.493s][debug][gc,phases      ] GC(40)     Total                          Min: 0, Avg:  0.0, Max: 0, Diff: 0, Sum: 0, Workers: 4
[20.493s][debug][gc,phases      ] GC(40)   Weak JFR Old Object Samples    Min:  0.0, Avg:  0.0, Max:  0.0, Diff:  0.0, Sum:  0.0, Workers: 4
[20.493s][debug][gc,phases      ] GC(40)     Dead                           Min: 0, Avg:  0.0, Max: 0, Diff: 0, Sum: 0, Workers: 4
[20.493s][debug][gc,phases      ] GC(40)     Total                          Min: 0, Avg:  0.0, Max: 0, Diff: 0, Sum: 0, Workers: 4
[20.493s][debug][gc,phases      ] GC(40) Weak Processing 0.366ms
[20.493s][debug][gc,age         ] GC(40) Desired survivor size 239599616 bytes, new threshold 15 (max threshold 15)
[20.493s][info ][gc,heap        ] GC(40) PSYoungGen: 1747472K(1854464K)->131472K(1845248K) Eden: 1602560K(1602560K)->0K(1602560K) From: 144912K(251904K)->131472K(242688K)
[20.493s][info ][gc,heap        ] GC(40) ParOldGen: 389023K(491520K)->402319K(491520K)
[20.493s][info ][gc,metaspace   ] GC(40) Metaspace: 68723K(69504K)->68723K(69504K) NonClass: 58676K(59136K)->58676K(59136K) Class: 10046K(10368K)->10046K(10368K)
[20.494s][info ][gc             ] GC(40) Pause Young (Allocation Failure) 2086M->521M(2282M) 78.566ms
[20.494s][info ][gc,cpu         ] GC(40) User=0.31s Sys=0.00s Real=0.08s
[20.494s][info ][safepoint      ] Safepoint "ParallelGCFailedAllocation", Time since last: 14095053 ns, Reaching safepoint: 125903 ns, At safepoint: 78683466 ns, Total: 78809369 ns
[20.523s][info ][safepoint      ] Safepoint "ICBufferFull", Time since last: 29058826 ns, Reaching safepoint: 153004 ns, At safepoint: 26101 ns, Total: 179105 ns
[20.540s][info ][safepoint      ] Safepoint "ICBufferFull", Time since last: 17043726 ns, Reaching safepoint: 134503 ns, At safepoint: 24201 ns, Total: 158704 ns
[20.596s][info ][safepoint      ] Safepoint "ICBufferFull", Time since last: 55468686 ns, Reaching safepoint: 217205 ns, At safepoint: 28901 ns, Total: 246106 ns
[20.615s][info ][safepoint      ] Safepoint "ICBufferFull", Time since last: 19384984 ns, Reaching safepoint: 136204 ns, At safepoint: 27100 ns, Total: 163304 ns
[20.658s][info ][safepoint      ] Safepoint "ICBufferFull", Time since last: 42544664 ns, Reaching safepoint: 126603 ns, At safepoint: 25900 ns, Total: 152503 ns
[20.740s][info ][safepoint      ] Safepoint "ICBufferFull", Time since last: 80122003 ns, Reaching safepoint: 2124953 ns, At safepoint: 29701 ns, Total: 2154654 ns
[20.763s][info ][safepoint      ] Safepoint "ICBufferFull", Time since last: 21672841 ns, Reaching safepoint: 543714 ns, At safepoint: 43901 ns, Total: 587615 ns
[20.836s][info ][gc,start       ] GC(41) Pause Young (Allocation Failure)
[20.901s][debug][gc,phases      ] GC(41) Scavenge 64.944ms
[20.901s][debug][gc,ref         ] GC(41) Skipped phase 1 of Reference Processing: no references
[20.901s][debug][gc,ref         ] GC(41) ReferenceProcessor::execute queues: 1, RefProcThreadModel::Single, marks_oops_alive: false
[20.901s][debug][gc,ref         ] GC(41) Skipped phase 3 of Reference Processing: no references
[20.901s][debug][gc,ref         ] GC(41) ReferenceProcessor::execute queues: 1, RefProcThreadModel::Single, marks_oops_alive: false
[20.901s][debug][gc,phases      ] GC(41) Reference Processing 0.134ms
[20.901s][debug][gc,phases      ] GC(41)   VM Weak                        Min:  0.0, Avg:  0.0, Max:  0.0, Diff:  0.0, Sum:  0.0, Workers: 4
[20.901s][debug][gc,phases      ] GC(41)     Dead                           Min: 0, Avg:  0.0, Max: 0, Diff: 0, Sum: 0, Workers: 4
[20.901s][debug][gc,phases      ] GC(41)     Total                          Min: 0, Avg: 151.0, Max: 604, Diff: 604, Sum: 604, Workers: 4
[20.901s][debug][gc,phases      ] GC(41)   ObjectSynchronizer Weak        Min:  0.0, Avg:  0.0, Max:  0.0, Diff:  0.0, Sum:  0.0, Workers: 4
[20.901s][debug][gc,phases      ] GC(41)     Dead                           Min: 0, Avg:  0.0, Max: 0, Diff: 0, Sum: 0, Workers: 4
[20.901s][debug][gc,phases      ] GC(41)     Total                          Min: 0, Avg: 93.2, Max: 245, Diff: 245, Sum: 373, Workers: 4
[20.901s][debug][gc,phases      ] GC(41)   JVMTI Tag Weak OopStorage      Min:  0.0, Avg:  0.0, Max:  0.0, Diff:  0.0, Sum:  0.0, Workers: 4
[20.901s][debug][gc,phases      ] GC(41)     Dead                           Min: 0, Avg:  0.0, Max: 0, Diff: 0, Sum: 0, Workers: 4
[20.901s][debug][gc,phases      ] GC(41)     Total                          Min: 0, Avg:  0.0, Max: 0, Diff: 0, Sum: 0, Workers: 4
[20.901s][debug][gc,phases      ] GC(41)   StringTable Weak               Min:  0.1, Avg:  0.1, Max:  0.1, Diff:  0.0, Sum:  0.4, Workers: 4
[20.901s][debug][gc,phases      ] GC(41)     Dead                           Min: 0, Avg:  2.8, Max: 11, Diff: 11, Sum: 11, Workers: 4
[20.901s][debug][gc,phases      ] GC(41)     Total                          Min: 9344, Avg: 10705.5, Max: 12608, Diff: 3264, Sum: 42822, Workers: 4
[20.901s][debug][gc,phases      ] GC(41)   ResolvedMethodTable Weak       Min:  0.0, Avg:  0.0, Max:  0.0, Diff:  0.0, Sum:  0.1, Workers: 4
[20.901s][debug][gc,phases      ] GC(41)     Dead                           Min: 0, Avg:  0.0, Max: 0, Diff: 0, Sum: 0, Workers: 4
[20.901s][debug][gc,phases      ] GC(41)     Total                          Min: 1596, Avg: 1822.5, Max: 2111, Diff: 515, Sum: 7290, Workers: 4
[20.901s][debug][gc,phases      ] GC(41)   JNI Weak                       Min:  0.0, Avg:  0.0, Max:  0.0, Diff:  0.0, Sum:  0.0, Workers: 4
[20.901s][debug][gc,phases      ] GC(41)     Dead                           Min: 0, Avg:  0.0, Max: 0, Diff: 0, Sum: 0, Workers: 4
[20.901s][debug][gc,phases      ] GC(41)     Total                          Min: 0, Avg:  0.2, Max: 1, Diff: 1, Sum: 1, Workers: 4
[20.901s][debug][gc,phases      ] GC(41)   StringDedup Table Weak         Min:  0.0, Avg:  0.0, Max:  0.0, Diff:  0.0, Sum:  0.0, Workers: 4
[20.901s][debug][gc,phases      ] GC(41)     Dead                           Min: 0, Avg:  0.0, Max: 0, Diff: 0, Sum: 0, Workers: 4
[20.901s][debug][gc,phases      ] GC(41)     Total                          Min: 0, Avg:  0.0, Max: 0, Diff: 0, Sum: 0, Workers: 4
[20.901s][debug][gc,phases      ] GC(41)   StringDedup Requests0 Weak     Min:  0.0, Avg:  0.0, Max:  0.0, Diff:  0.0, Sum:  0.0, Workers: 4
[20.901s][debug][gc,phases      ] GC(41)     Dead                           Min: 0, Avg:  0.0, Max: 0, Diff: 0, Sum: 0, Workers: 4
[20.901s][debug][gc,phases      ] GC(41)     Total                          Min: 0, Avg:  0.0, Max: 0, Diff: 0, Sum: 0, Workers: 4
[20.901s][debug][gc,phases      ] GC(41)   StringDedup Requests1 Weak     Min:  0.0, Avg:  0.0, Max:  0.0, Diff:  0.0, Sum:  0.0, Workers: 4
[20.901s][debug][gc,phases      ] GC(41)     Dead                           Min: 0, Avg:  0.0, Max: 0, Diff: 0, Sum: 0, Workers: 4
[20.901s][debug][gc,phases      ] GC(41)     Total                          Min: 0, Avg:  0.0, Max: 0, Diff: 0, Sum: 0, Workers: 4
[20.901s][debug][gc,phases      ] GC(41)   Weak JFR Old Object Samples    Min:  0.0, Avg:  0.0, Max:  0.0, Diff:  0.0, Sum:  0.0, Workers: 4
[20.901s][debug][gc,phases      ] GC(41)     Dead                           Min: 0, Avg:  0.0, Max: 0, Diff: 0, Sum: 0, Workers: 4
[20.901s][debug][gc,phases      ] GC(41)     Total                          Min: 0, Avg:  0.0, Max: 0, Diff: 0, Sum: 0, Workers: 4
[20.901s][debug][gc,phases      ] GC(41) Weak Processing 0.293ms
[20.901s][debug][gc,age         ] GC(41) Desired survivor size 234881024 bytes, new threshold 15 (max threshold 15)
[20.901s][info ][gc,heap        ] GC(41) PSYoungGen: 1734032K(1845248K)->114304K(1867776K) Eden: 1602560K(1602560K)->0K(1633792K) From: 131472K(242688K)->114304K(233984K)
[20.901s][info ][gc,heap        ] GC(41) ParOldGen: 402319K(491520K)->420855K(491520K)
[20.901s][info ][gc,metaspace   ] GC(41) Metaspace: 68773K(69504K)->68773K(69504K) NonClass: 58727K(59136K)->58727K(59136K) Class: 10046K(10368K)->10046K(10368K)
[20.901s][info ][gc             ] GC(41) Pause Young (Allocation Failure) 2086M->522M(2304M) 65.496ms
[20.901s][info ][gc,cpu         ] GC(41) User=0.25s Sys=0.02s Real=0.06s
[20.901s][info ][safepoint      ] Safepoint "ParallelGCFailedAllocation", Time since last: 72986524 ns, Reaching safepoint: 142403 ns, At safepoint: 65585939 ns, Total: 65728342 ns
[21.219s][info ][gc,start       ] GC(42) Pause Young (Allocation Failure)
[21.271s][debug][gc,phases      ] GC(42) Scavenge 52.081ms
[21.271s][debug][gc,ref         ] GC(42) Skipped phase 1 of Reference Processing: no references
[21.272s][debug][gc,ref         ] GC(42) ReferenceProcessor::execute queues: 1, RefProcThreadModel::Single, marks_oops_alive: false
[21.272s][debug][gc,ref         ] GC(42) Skipped phase 3 of Reference Processing: no references
[21.272s][debug][gc,ref         ] GC(42) ReferenceProcessor::execute queues: 1, RefProcThreadModel::Single, marks_oops_alive: false
[21.272s][debug][gc,phases      ] GC(42) Reference Processing 0.162ms
[21.272s][debug][gc,phases      ] GC(42)   VM Weak                        Min:  0.0, Avg:  0.0, Max:  0.0, Diff:  0.0, Sum:  0.0, Workers: 4
[21.272s][debug][gc,phases      ] GC(42)     Dead                           Min: 0, Avg:  0.0, Max: 0, Diff: 0, Sum: 0, Workers: 4
[21.272s][debug][gc,phases      ] GC(42)     Total                          Min: 0, Avg: 151.0, Max: 576, Diff: 576, Sum: 604, Workers: 4
[21.272s][debug][gc,phases      ] GC(42)   ObjectSynchronizer Weak        Min:  0.0, Avg:  0.0, Max:  0.0, Diff:  0.0, Sum:  0.0, Workers: 4
[21.272s][debug][gc,phases      ] GC(42)     Dead                           Min: 0, Avg:  0.0, Max: 0, Diff: 0, Sum: 0, Workers: 4
[21.272s][debug][gc,phases      ] GC(42)     Total                          Min: 0, Avg: 93.2, Max: 192, Diff: 192, Sum: 373, Workers: 4
[21.272s][debug][gc,phases      ] GC(42)   JVMTI Tag Weak OopStorage      Min:  0.0, Avg:  0.0, Max:  0.0, Diff:  0.0, Sum:  0.0, Workers: 4
[21.272s][debug][gc,phases      ] GC(42)     Dead                           Min: 0, Avg:  0.0, Max: 0, Diff: 0, Sum: 0, Workers: 4
[21.272s][debug][gc,phases      ] GC(42)     Total                          Min: 0, Avg:  0.0, Max: 0, Diff: 0, Sum: 0, Workers: 4
[21.272s][debug][gc,phases      ] GC(42)   StringTable Weak               Min:  0.1, Avg:  0.1, Max:  0.1, Diff:  0.0, Sum:  0.4, Workers: 4
[21.272s][debug][gc,phases      ] GC(42)     Dead                           Min: 0, Avg:  3.0, Max: 12, Diff: 12, Sum: 12, Workers: 4
[21.272s][debug][gc,phases      ] GC(42)     Total                          Min: 9630, Avg: 10708.5, Max: 11328, Diff: 1698, Sum: 42834, Workers: 4
[21.272s][debug][gc,phases      ] GC(42)   ResolvedMethodTable Weak       Min:  0.0, Avg:  0.0, Max:  0.0, Diff:  0.0, Sum:  0.1, Workers: 4
[21.272s][debug][gc,phases      ] GC(42)     Dead                           Min: 0, Avg:  0.0, Max: 0, Diff: 0, Sum: 0, Workers: 4
[21.272s][debug][gc,phases      ] GC(42)     Total                          Min: 1613, Avg: 1827.2, Max: 2112, Diff: 499, Sum: 7309, Workers: 4
[21.272s][debug][gc,phases      ] GC(42)   JNI Weak                       Min:  0.0, Avg:  0.0, Max:  0.0, Diff:  0.0, Sum:  0.0, Workers: 4
[21.272s][debug][gc,phases      ] GC(42)     Dead                           Min: 0, Avg:  0.0, Max: 0, Diff: 0, Sum: 0, Workers: 4
[21.272s][debug][gc,phases      ] GC(42)     Total                          Min: 0, Avg:  1.0, Max: 4, Diff: 4, Sum: 4, Workers: 4
[21.272s][debug][gc,phases      ] GC(42)   StringDedup Table Weak         Min:  0.0, Avg:  0.0, Max:  0.0, Diff:  0.0, Sum:  0.0, Workers: 4
[21.272s][debug][gc,phases      ] GC(42)     Dead                           Min: 0, Avg:  0.0, Max: 0, Diff: 0, Sum: 0, Workers: 4
[21.272s][debug][gc,phases      ] GC(42)     Total                          Min: 0, Avg:  0.0, Max: 0, Diff: 0, Sum: 0, Workers: 4
[21.272s][debug][gc,phases      ] GC(42)   StringDedup Requests0 Weak     Min:  0.0, Avg:  0.0, Max:  0.0, Diff:  0.0, Sum:  0.0, Workers: 4
[21.272s][debug][gc,phases      ] GC(42)     Dead                           Min: 0, Avg:  0.0, Max: 0, Diff: 0, Sum: 0, Workers: 4
[21.272s][debug][gc,phases      ] GC(42)     Total                          Min: 0, Avg:  0.0, Max: 0, Diff: 0, Sum: 0, Workers: 4
[21.272s][debug][gc,phases      ] GC(42)   StringDedup Requests1 Weak     Min:  0.0, Avg:  0.0, Max:  0.0, Diff:  0.0, Sum:  0.0, Workers: 4
[21.272s][debug][gc,phases      ] GC(42)     Dead                           Min: 0, Avg:  0.0, Max: 0, Diff: 0, Sum: 0, Workers: 4
[21.272s][debug][gc,phases      ] GC(42)     Total                          Min: 0, Avg:  0.0, Max: 0, Diff: 0, Sum: 0, Workers: 4
[21.272s][debug][gc,phases      ] GC(42)   Weak JFR Old Object Samples    Min:  0.0, Avg:  0.0, Max:  0.0, Diff:  0.0, Sum:  0.0, Workers: 4
[21.272s][debug][gc,phases      ] GC(42)     Dead                           Min: 0, Avg:  0.0, Max: 0, Diff: 0, Sum: 0, Workers: 4
[21.272s][debug][gc,phases      ] GC(42)     Total                          Min: 0, Avg:  0.0, Max: 0, Diff: 0, Sum: 0, Workers: 4
[21.272s][debug][gc,phases      ] GC(42) Weak Processing 0.432ms
[21.272s][debug][gc,age         ] GC(42) Desired survivor size 232259584 bytes, new threshold 15 (max threshold 15)
[21.272s][info ][gc,heap        ] GC(42) PSYoungGen: 1748096K(1867776K)->98240K(1863168K) Eden: 1633792K(1633792K)->0K(1633792K) From: 114304K(233984K)->98240K(229376K)
[21.272s][info ][gc,heap        ] GC(42) ParOldGen: 420855K(491520K)->437279K(491520K)
[21.272s][info ][gc,metaspace   ] GC(42) Metaspace: 68795K(69568K)->68795K(69568K) NonClass: 58742K(59136K)->58742K(59136K) Class: 10052K(10432K)->10052K(10432K)
[21.272s][info ][gc             ] GC(42) Pause Young (Allocation Failure) 2118M->522M(2299M) 52.840ms
[21.272s][info ][gc,cpu         ] GC(42) User=0.19s Sys=0.03s Real=0.06s
[21.272s][info ][safepoint      ] Safepoint "ParallelGCFailedAllocation", Time since last: 317844043 ns, Reaching safepoint: 169604 ns, At safepoint: 52966823 ns, Total: 53136427 ns
[21.299s][info ][safepoint      ] Safepoint "ICBufferFull", Time since last: 26277157 ns, Reaching safepoint: 123203 ns, At safepoint: 28301 ns, Total: 151504 ns
[21.355s][info ][safepoint      ] Safepoint "ICBufferFull", Time since last: 56328707 ns, Reaching safepoint: 129004 ns, At safepoint: 28400 ns, Total: 157404 ns
[21.355s][info ][safepoint      ] Safepoint "ICBufferFull", Time since last: 62402 ns, Reaching safepoint: 86302 ns, At safepoint: 28501 ns, Total: 114803 ns
[21.398s][info ][safepoint      ] Safepoint "ICBufferFull", Time since last: 42923172 ns, Reaching safepoint: 153104 ns, At safepoint: 29601 ns, Total: 182705 ns
[21.413s][info ][safepoint      ] Safepoint "ICBufferFull", Time since last: 14424460 ns, Reaching safepoint: 123203 ns, At safepoint: 27301 ns, Total: 150504 ns
[21.429s][info ][safepoint      ] Safepoint "ICBufferFull", Time since last: 15360084 ns, Reaching safepoint: 124603 ns, At safepoint: 25401 ns, Total: 150004 ns
[21.489s][info ][safepoint      ] Safepoint "ICBufferFull", Time since last: 60775518 ns, Reaching safepoint: 137504 ns, At safepoint: 26200 ns, Total: 163704 ns
[21.505s][info ][safepoint      ] Safepoint "ICBufferFull", Time since last: 14910373 ns, Reaching safepoint: 131203 ns, At safepoint: 30101 ns, Total: 161304 ns
[21.564s][info ][gc,start       ] GC(43) Pause Young (Allocation Failure)
[21.625s][debug][gc,phases      ] GC(43) Scavenge 61.920ms
[21.626s][debug][gc,ref         ] GC(43) Skipped phase 1 of Reference Processing: no references
[21.626s][debug][gc,ref         ] GC(43) ReferenceProcessor::execute queues: 1, RefProcThreadModel::Single, marks_oops_alive: false
[21.626s][debug][gc,ref         ] GC(43) Skipped phase 3 of Reference Processing: no references
[21.626s][debug][gc,ref         ] GC(43) ReferenceProcessor::execute queues: 1, RefProcThreadModel::Single, marks_oops_alive: false
[21.626s][debug][gc,phases      ] GC(43) Reference Processing 0.133ms
[21.626s][debug][gc,phases      ] GC(43)   VM Weak                        Min:  0.0, Avg:  0.0, Max:  0.0, Diff:  0.0, Sum:  0.0, Workers: 4
[21.626s][debug][gc,phases      ] GC(43)     Dead                           Min: 0, Avg:  0.0, Max: 0, Diff: 0, Sum: 0, Workers: 4
[21.626s][debug][gc,phases      ] GC(43)     Total                          Min: 0, Avg: 151.0, Max: 476, Diff: 476, Sum: 604, Workers: 4
[21.626s][debug][gc,phases      ] GC(43)   ObjectSynchronizer Weak        Min:  0.0, Avg:  0.0, Max:  0.0, Diff:  0.0, Sum:  0.0, Workers: 4
[21.626s][debug][gc,phases      ] GC(43)     Dead                           Min: 0, Avg:  0.0, Max: 0, Diff: 0, Sum: 0, Workers: 4
[21.626s][debug][gc,phases      ] GC(43)     Total                          Min: 0, Avg: 93.2, Max: 128, Diff: 128, Sum: 373, Workers: 4
[21.626s][debug][gc,phases      ] GC(43)   JVMTI Tag Weak OopStorage      Min:  0.0, Avg:  0.0, Max:  0.0, Diff:  0.0, Sum:  0.0, Workers: 4
[21.626s][debug][gc,phases      ] GC(43)     Dead                           Min: 0, Avg:  0.0, Max: 0, Diff: 0, Sum: 0, Workers: 4
[21.626s][debug][gc,phases      ] GC(43)     Total                          Min: 0, Avg:  0.0, Max: 0, Diff: 0, Sum: 0, Workers: 4
[21.626s][debug][gc,phases      ] GC(43)   StringTable Weak               Min:  0.1, Avg:  0.1, Max:  0.1, Diff:  0.0, Sum:  0.4, Workers: 4
[21.626s][debug][gc,phases      ] GC(43)     Dead                           Min: 0, Avg:  0.0, Max: 0, Diff: 0, Sum: 0, Workers: 4
[21.626s][debug][gc,phases      ] GC(43)     Total                          Min: 9337, Avg: 10709.5, Max: 11614, Diff: 2277, Sum: 42838, Workers: 4
[21.626s][debug][gc,phases      ] GC(43)   ResolvedMethodTable Weak       Min:  0.0, Avg:  0.0, Max:  0.0, Diff:  0.0, Sum:  0.1, Workers: 4
[21.626s][debug][gc,phases      ] GC(43)     Dead                           Min: 0, Avg:  0.0, Max: 0, Diff: 0, Sum: 0, Workers: 4
[21.626s][debug][gc,phases      ] GC(43)     Total                          Min: 1536, Avg: 1827.2, Max: 1997, Diff: 461, Sum: 7309, Workers: 4
[21.626s][debug][gc,phases      ] GC(43)   JNI Weak                       Min:  0.0, Avg:  0.0, Max:  0.0, Diff:  0.0, Sum:  0.0, Workers: 4
[21.626s][debug][gc,phases      ] GC(43)     Dead                           Min: 0, Avg:  0.0, Max: 0, Diff: 0, Sum: 0, Workers: 4
[21.626s][debug][gc,phases      ] GC(43)     Total                          Min: 0, Avg:  1.0, Max: 4, Diff: 4, Sum: 4, Workers: 4
[21.626s][debug][gc,phases      ] GC(43)   StringDedup Table Weak         Min:  0.0, Avg:  0.0, Max:  0.0, Diff:  0.0, Sum:  0.0, Workers: 4
[21.626s][debug][gc,phases      ] GC(43)     Dead                           Min: 0, Avg:  0.0, Max: 0, Diff: 0, Sum: 0, Workers: 4
[21.626s][debug][gc,phases      ] GC(43)     Total                          Min: 0, Avg:  0.0, Max: 0, Diff: 0, Sum: 0, Workers: 4
[21.626s][debug][gc,phases      ] GC(43)   StringDedup Requests0 Weak     Min:  0.0, Avg:  0.0, Max:  0.0, Diff:  0.0, Sum:  0.0, Workers: 4
[21.626s][debug][gc,phases      ] GC(43)     Dead                           Min: 0, Avg:  0.0, Max: 0, Diff: 0, Sum: 0, Workers: 4
[21.626s][debug][gc,phases      ] GC(43)     Total                          Min: 0, Avg:  0.0, Max: 0, Diff: 0, Sum: 0, Workers: 4
[21.626s][debug][gc,phases      ] GC(43)   StringDedup Requests1 Weak     Min:  0.0, Avg:  0.0, Max:  0.0, Diff:  0.0, Sum:  0.0, Workers: 4
[21.626s][debug][gc,phases      ] GC(43)     Dead                           Min: 0, Avg:  0.0, Max: 0, Diff: 0, Sum: 0, Workers: 4
[21.626s][debug][gc,phases      ] GC(43)     Total                          Min: 0, Avg:  0.0, Max: 0, Diff: 0, Sum: 0, Workers: 4
[21.626s][debug][gc,phases      ] GC(43)   Weak JFR Old Object Samples    Min:  0.0, Avg:  0.0, Max:  0.0, Diff:  0.0, Sum:  0.0, Workers: 4
[21.626s][debug][gc,phases      ] GC(43)     Dead                           Min: 0, Avg:  0.0, Max: 0, Diff: 0, Sum: 0, Workers: 4
[21.626s][debug][gc,phases      ] GC(43)     Total                          Min: 0, Avg:  0.0, Max: 0, Diff: 0, Sum: 0, Workers: 4
[21.626s][debug][gc,phases      ] GC(43) Weak Processing 0.294ms
[21.626s][debug][gc,age         ] GC(43) Desired survivor size 239599616 bytes, new threshold 15 (max threshold 15)
[21.626s][info ][gc,heap        ] GC(43) PSYoungGen: 1732032K(1863168K)->36640K(1856000K) Eden: 1633792K(1633792K)->0K(1629184K) From: 98240K(229376K)->36640K(226816K)
[21.626s][info ][gc,heap        ] GC(43) ParOldGen: 437279K(491520K)->498911K(499200K)
[21.626s][info ][gc,metaspace   ] GC(43) Metaspace: 68800K(69632K)->68800K(69632K) NonClass: 58747K(59200K)->58747K(59200K) Class: 10052K(10432K)->10052K(10432K)
[21.626s][info ][gc             ] GC(43) Pause Young (Allocation Failure) 2118M->522M(2300M) 62.486ms
[21.626s][info ][gc,cpu         ] GC(43) User=0.21s Sys=0.04s Real=0.06s
[21.626s][debug][gc,phases      ] GC(44) Pre Compact 0.008ms
[21.626s][info ][gc,start       ] GC(44) Pause Full (Ergonomics)
[21.626s][info ][gc,phases,start] GC(44) Marking Phase
[21.809s][debug][gc,phases      ] GC(44) Par Mark 183.264ms
[21.809s][debug][gc,ref         ] GC(44) Skipped phase 1 of Reference Processing: no references
[21.810s][debug][gc,ref         ] GC(44) ReferenceProcessor::execute queues: 1, RefProcThreadModel::Single, marks_oops_alive: false
[21.810s][debug][gc,ref         ] GC(44) Skipped phase 3 of Reference Processing: no references
[21.810s][debug][gc,ref         ] GC(44) ReferenceProcessor::execute queues: 1, RefProcThreadModel::Single, marks_oops_alive: false
[21.810s][debug][gc,phases      ] GC(44) Reference Processing 0.157ms
[21.810s][debug][gc,phases      ] GC(44)   VM Weak                        Min:  0.0, Avg:  0.0, Max:  0.0, Diff:  0.0, Sum:  0.0, Workers: 4
[21.810s][debug][gc,phases      ] GC(44)     Dead                           Min: 0, Avg:  0.0, Max: 0, Diff: 0, Sum: 0, Workers: 4
[21.810s][debug][gc,phases      ] GC(44)     Total                          Min: 28, Avg: 151.0, Max: 320, Diff: 292, Sum: 604, Workers: 4
[21.810s][debug][gc,phases      ] GC(44)   ObjectSynchronizer Weak        Min:  0.0, Avg:  0.0, Max:  0.0, Diff:  0.0, Sum:  0.0, Workers: 4
[21.810s][debug][gc,phases      ] GC(44)     Dead                           Min: 0, Avg:  0.8, Max: 1, Diff: 1, Sum: 3, Workers: 4
[21.810s][debug][gc,phases      ] GC(44)     Total                          Min: 53, Avg: 93.2, Max: 128, Diff: 75, Sum: 373, Workers: 4
[21.810s][debug][gc,phases      ] GC(44)   JVMTI Tag Weak OopStorage      Min:  0.0, Avg:  0.0, Max:  0.0, Diff:  0.0, Sum:  0.0, Workers: 4
[21.810s][debug][gc,phases      ] GC(44)     Dead                           Min: 0, Avg:  0.0, Max: 0, Diff: 0, Sum: 0, Workers: 4
[21.810s][debug][gc,phases      ] GC(44)     Total                          Min: 0, Avg:  0.0, Max: 0, Diff: 0, Sum: 0, Workers: 4
[21.810s][debug][gc,phases      ] GC(44)   StringTable Weak               Min:  0.2, Avg:  0.2, Max:  0.2, Diff:  0.0, Sum:  0.6, Workers: 4
[21.810s][debug][gc,phases      ] GC(44)     Dead                           Min: 0, Avg:  0.0, Max: 0, Diff: 0, Sum: 0, Workers: 4
[21.810s][debug][gc,phases      ] GC(44)     Total                          Min: 9728, Avg: 10709.5, Max: 11677, Diff: 1949, Sum: 42838, Workers: 4
[21.810s][debug][gc,phases      ] GC(44)   ResolvedMethodTable Weak       Min:  0.0, Avg:  0.0, Max:  0.0, Diff:  0.0, Sum:  0.1, Workers: 4
[21.810s][debug][gc,phases      ] GC(44)     Dead                           Min: 0, Avg:  0.0, Max: 0, Diff: 0, Sum: 0, Workers: 4
[21.810s][debug][gc,phases      ] GC(44)     Total                          Min: 1677, Avg: 1827.2, Max: 1984, Diff: 307, Sum: 7309, Workers: 4
[21.810s][debug][gc,phases      ] GC(44)   JNI Weak                       Min:  0.0, Avg:  0.0, Max:  0.0, Diff:  0.0, Sum:  0.0, Workers: 4
[21.810s][debug][gc,phases      ] GC(44)     Dead                           Min: 0, Avg:  0.0, Max: 0, Diff: 0, Sum: 0, Workers: 4
[21.810s][debug][gc,phases      ] GC(44)     Total                          Min: 0, Avg:  1.0, Max: 4, Diff: 4, Sum: 4, Workers: 4
[21.810s][debug][gc,phases      ] GC(44)   StringDedup Table Weak         Min:  0.0, Avg:  0.0, Max:  0.0, Diff:  0.0, Sum:  0.0, Workers: 4
[21.810s][debug][gc,phases      ] GC(44)     Dead                           Min: 0, Avg:  0.0, Max: 0, Diff: 0, Sum: 0, Workers: 4
[21.810s][debug][gc,phases      ] GC(44)     Total                          Min: 0, Avg:  0.0, Max: 0, Diff: 0, Sum: 0, Workers: 4
[21.810s][debug][gc,phases      ] GC(44)   StringDedup Requests0 Weak     Min:  0.0, Avg:  0.0, Max:  0.0, Diff:  0.0, Sum:  0.0, Workers: 4
[21.810s][debug][gc,phases      ] GC(44)     Dead                           Min: 0, Avg:  0.0, Max: 0, Diff: 0, Sum: 0, Workers: 4
[21.810s][debug][gc,phases      ] GC(44)     Total                          Min: 0, Avg:  0.0, Max: 0, Diff: 0, Sum: 0, Workers: 4
[21.810s][debug][gc,phases      ] GC(44)   StringDedup Requests1 Weak     Min:  0.0, Avg:  0.0, Max:  0.0, Diff:  0.0, Sum:  0.0, Workers: 4
[21.810s][debug][gc,phases      ] GC(44)     Dead                           Min: 0, Avg:  0.0, Max: 0, Diff: 0, Sum: 0, Workers: 4
[21.810s][debug][gc,phases      ] GC(44)     Total                          Min: 0, Avg:  0.0, Max: 0, Diff: 0, Sum: 0, Workers: 4
[21.810s][debug][gc,phases      ] GC(44)   Weak JFR Old Object Samples    Min:  0.0, Avg:  0.0, Max:  0.0, Diff:  0.0, Sum:  0.0, Workers: 4
[21.810s][debug][gc,phases      ] GC(44)     Dead                           Min: 0, Avg:  0.0, Max: 0, Diff: 0, Sum: 0, Workers: 4
[21.810s][debug][gc,phases      ] GC(44)     Total                          Min: 0, Avg:  0.0, Max: 0, Diff: 0, Sum: 0, Workers: 4
[21.810s][debug][gc,phases      ] GC(44) Weak Processing 0.360ms
[21.810s][debug][gc,phases      ] GC(44) ClassLoaderData 0.086ms
[21.810s][debug][gc,phases      ] GC(44) Trigger cleanups 0.000ms
[21.820s][debug][gc,phases      ] GC(44) Class Unloading 10.265ms
[21.820s][info ][gc,phases      ] GC(44) Marking Phase 194.191ms
[21.820s][info ][gc,phases,start] GC(44) Summary Phase
[21.820s][info ][gc,phases      ] GC(44) Summary Phase 0.014ms
[21.820s][info ][gc,phases,start] GC(44) Adjust Roots
[21.831s][info ][gc,phases      ] GC(44) Adjust Roots 11.146ms
[21.831s][info ][gc,phases,start] GC(44) Compaction Phase
[22.354s][info ][gc,phases      ] GC(44) Compaction Phase 523.010ms
[22.355s][info ][gc,phases,start] GC(44) Post Compact
[22.356s][info ][gc,phases      ] GC(44) Post Compact 1.686ms
[22.356s][info ][gc,heap        ] GC(44) PSYoungGen: 36640K(1856000K)->4215K(1856000K) Eden: 0K(1629184K)->0K(1629184K) From: 36640K(226816K)->4215K(226816K)
[22.356s][info ][gc,heap        ] GC(44) ParOldGen: 498911K(499200K)->498823K(599040K)
[22.356s][info ][gc,metaspace   ] GC(44) Metaspace: 68800K(69632K)->68800K(69632K) NonClass: 58747K(59200K)->58747K(59200K) Class: 10052K(10432K)->10052K(10432K)
[22.356s][info ][gc             ] GC(44) Pause Full (Ergonomics) 522M->491M(2397M) 730.383ms
[22.356s][info ][gc,cpu         ] GC(44) User=2.84s Sys=0.01s Real=0.73s
[22.357s][info ][safepoint      ] Safepoint "ParallelGCFailedAllocation", Time since last: 58814870 ns, Reaching safepoint: 147403 ns, At safepoint: 793051716 ns, Total: 793199119 ns
[22.405s][info ][safepoint      ] Safepoint "ICBufferFull", Time since last: 48614614 ns, Reaching safepoint: 142604 ns, At safepoint: 25901 ns, Total: 168505 ns
[22.449s][info ][safepoint      ] Safepoint "ICBufferFull", Time since last: 43297481 ns, Reaching safepoint: 136304 ns, At safepoint: 21300 ns, Total: 157604 ns
[22.688s][info ][gc,start       ] GC(45) Pause Young (Allocation Failure)
[22.761s][debug][gc,phases      ] GC(45) Scavenge 73.869ms
[22.761s][debug][gc,ref         ] GC(45) Skipped phase 1 of Reference Processing: no references
[22.762s][debug][gc,ref         ] GC(45) ReferenceProcessor::execute queues: 1, RefProcThreadModel::Single, marks_oops_alive: false
[22.762s][debug][gc,ref         ] GC(45) Skipped phase 3 of Reference Processing: no references
[22.762s][debug][gc,ref         ] GC(45) Skipped phase 4 of Reference Processing: no references
[22.762s][debug][gc,phases      ] GC(45) Reference Processing 0.103ms
[22.762s][debug][gc,phases      ] GC(45)   VM Weak                        Min:  0.0, Avg:  0.0, Max:  0.0, Diff:  0.0, Sum:  0.0, Workers: 4
[22.762s][debug][gc,phases      ] GC(45)     Dead                           Min: 0, Avg:  0.0, Max: 0, Diff: 0, Sum: 0, Workers: 4
[22.762s][debug][gc,phases      ] GC(45)     Total                          Min: 0, Avg: 151.0, Max: 540, Diff: 540, Sum: 604, Workers: 4
[22.762s][debug][gc,phases      ] GC(45)   ObjectSynchronizer Weak        Min:  0.0, Avg:  0.0, Max:  0.0, Diff:  0.0, Sum:  0.0, Workers: 4
[22.762s][debug][gc,phases      ] GC(45)     Dead                           Min: 0, Avg:  0.0, Max: 0, Diff: 0, Sum: 0, Workers: 4
[22.762s][debug][gc,phases      ] GC(45)     Total                          Min: 0, Avg: 93.2, Max: 192, Diff: 192, Sum: 373, Workers: 4
[22.762s][debug][gc,phases      ] GC(45)   JVMTI Tag Weak OopStorage      Min:  0.0, Avg:  0.0, Max:  0.0, Diff:  0.0, Sum:  0.0, Workers: 4
[22.762s][debug][gc,phases      ] GC(45)     Dead                           Min: 0, Avg:  0.0, Max: 0, Diff: 0, Sum: 0, Workers: 4
[22.762s][debug][gc,phases      ] GC(45)     Total                          Min: 0, Avg:  0.0, Max: 0, Diff: 0, Sum: 0, Workers: 4
[22.762s][debug][gc,phases      ] GC(45)   StringTable Weak               Min:  0.1, Avg:  0.1, Max:  0.1, Diff:  0.0, Sum:  0.4, Workers: 4
[22.762s][debug][gc,phases      ] GC(45)     Dead                           Min: 0, Avg:  2.8, Max: 11, Diff: 11, Sum: 11, Workers: 4
[22.762s][debug][gc,phases      ] GC(45)     Total                          Min: 9536, Avg: 10711.2, Max: 11968, Diff: 2432, Sum: 42845, Workers: 4
[22.762s][debug][gc,phases      ] GC(45)   ResolvedMethodTable Weak       Min:  0.0, Avg:  0.0, Max:  0.0, Diff:  0.0, Sum:  0.1, Workers: 4
[22.762s][debug][gc,phases      ] GC(45)     Dead                           Min: 0, Avg:  0.0, Max: 0, Diff: 0, Sum: 0, Workers: 4
[22.762s][debug][gc,phases      ] GC(45)     Total                          Min: 1600, Avg: 1827.2, Max: 2112, Diff: 512, Sum: 7309, Workers: 4
[22.762s][debug][gc,phases      ] GC(45)   JNI Weak                       Min:  0.0, Avg:  0.0, Max:  0.0, Diff:  0.0, Sum:  0.0, Workers: 4
[22.762s][debug][gc,phases      ] GC(45)     Dead                           Min: 0, Avg:  0.0, Max: 0, Diff: 0, Sum: 0, Workers: 4
[22.762s][debug][gc,phases      ] GC(45)     Total                          Min: 0, Avg:  0.2, Max: 1, Diff: 1, Sum: 1, Workers: 4
[22.762s][debug][gc,phases      ] GC(45)   StringDedup Table Weak         Min:  0.0, Avg:  0.0, Max:  0.0, Diff:  0.0, Sum:  0.0, Workers: 4
[22.762s][debug][gc,phases      ] GC(45)     Dead                           Min: 0, Avg:  0.0, Max: 0, Diff: 0, Sum: 0, Workers: 4
[22.762s][debug][gc,phases      ] GC(45)     Total                          Min: 0, Avg:  0.0, Max: 0, Diff: 0, Sum: 0, Workers: 4
[22.762s][debug][gc,phases      ] GC(45)   StringDedup Requests0 Weak     Min:  0.0, Avg:  0.0, Max:  0.0, Diff:  0.0, Sum:  0.0, Workers: 4
[22.762s][debug][gc,phases      ] GC(45)     Dead                           Min: 0, Avg:  0.0, Max: 0, Diff: 0, Sum: 0, Workers: 4
[22.762s][debug][gc,phases      ] GC(45)     Total                          Min: 0, Avg:  0.0, Max: 0, Diff: 0, Sum: 0, Workers: 4
[22.762s][debug][gc,phases      ] GC(45)   StringDedup Requests1 Weak     Min:  0.0, Avg:  0.0, Max:  0.0, Diff:  0.0, Sum:  0.0, Workers: 4
[22.762s][debug][gc,phases      ] GC(45)     Dead                           Min: 0, Avg:  0.0, Max: 0, Diff: 0, Sum: 0, Workers: 4
[22.762s][debug][gc,phases      ] GC(45)     Total                          Min: 0, Avg:  0.0, Max: 0, Diff: 0, Sum: 0, Workers: 4
[22.762s][debug][gc,phases      ] GC(45)   Weak JFR Old Object Samples    Min:  0.0, Avg:  0.0, Max:  0.0, Diff:  0.0, Sum:  0.0, Workers: 4
[22.762s][debug][gc,phases      ] GC(45)     Dead                           Min: 0, Avg:  0.0, Max: 0, Diff: 0, Sum: 0, Workers: 4
[22.762s][debug][gc,phases      ] GC(45)     Total                          Min: 0, Avg:  0.0, Max: 0, Diff: 0, Sum: 0, Workers: 4
[22.762s][debug][gc,phases      ] GC(45) Weak Processing 0.304ms
[22.762s][debug][gc,age         ] GC(45) Desired survivor size 249561088 bytes, new threshold 15 (max threshold 15)
[22.762s][info ][gc,heap        ] GC(45) PSYoungGen: 1633399K(1856000K)->2752K(1632256K) Eden: 1629184K(1629184K)->0K(1629184K) From: 4215K(226816K)->2752K(3072K)
[22.762s][info ][gc,heap        ] GC(45) ParOldGen: 498823K(599040K)->502527K(599040K)
[22.762s][info ][gc,metaspace   ] GC(45) Metaspace: 68822K(69632K)->68822K(69632K) NonClass: 58769K(59200K)->58769K(59200K) Class: 10052K(10432K)->10052K(10432K)
[22.762s][info ][gc             ] GC(45) Pause Young (Allocation Failure) 2082M->493M(2179M) 74.421ms
[22.762s][info ][gc,cpu         ] GC(45) User=0.28s Sys=0.00s Real=0.07s
[22.762s][info ][safepoint      ] Safepoint "ParallelGCFailedAllocation", Time since last: 238407457 ns, Reaching safepoint: 266307 ns, At safepoint: 74552862 ns, Total: 74819169 ns
[22.808s][info ][safepoint      ] Safepoint "ICBufferFull", Time since last: 45593040 ns, Reaching safepoint: 117202 ns, At safepoint: 26601 ns, Total: 143803 ns
[22.838s][info ][safepoint      ] Safepoint "ICBufferFull", Time since last: 30335858 ns, Reaching safepoint: 128303 ns, At safepoint: 29001 ns, Total: 157304 ns
[22.854s][info ][safepoint      ] Safepoint "ICBufferFull", Time since last: 16009400 ns, Reaching safepoint: 105203 ns, At safepoint: 33000 ns, Total: 138203 ns
[22.872s][info ][safepoint      ] Safepoint "ICBufferFull", Time since last: 16342909 ns, Reaching safepoint: 887922 ns, At safepoint: 19900 ns, Total: 907822 ns
[22.891s][info ][safepoint      ] Safepoint "ICBufferFull", Time since last: 19236381 ns, Reaching safepoint: 127503 ns, At safepoint: 26301 ns, Total: 153804 ns
[22.919s][info ][safepoint      ] Safepoint "ICBufferFull", Time since last: 28133203 ns, Reaching safepoint: 185305 ns, At safepoint: 23500 ns, Total: 208805 ns
[22.946s][info ][safepoint      ] Safepoint "ICBufferFull", Time since last: 24202705 ns, Reaching safepoint: 2129953 ns, At safepoint: 27501 ns, Total: 2157454 ns
[23.028s][info ][safepoint      ] Safepoint "ICBufferFull", Time since last: 81796043 ns, Reaching safepoint: 213006 ns, At safepoint: 26900 ns, Total: 239906 ns
[23.107s][info ][gc,start       ] GC(46) Pause Young (Allocation Failure)
[23.113s][debug][gc,phases      ] GC(46) Scavenge 5.339ms
[23.113s][debug][gc,ref         ] GC(46) Skipped phase 1 of Reference Processing: no references
[23.113s][debug][gc,ref         ] GC(46) ReferenceProcessor::execute queues: 1, RefProcThreadModel::Single, marks_oops_alive: false
[23.113s][debug][gc,ref         ] GC(46) Skipped phase 3 of Reference Processing: no references
[23.113s][debug][gc,ref         ] GC(46) ReferenceProcessor::execute queues: 1, RefProcThreadModel::Single, marks_oops_alive: false
[23.113s][debug][gc,phases      ] GC(46) Reference Processing 0.114ms
[23.113s][debug][gc,phases      ] GC(46)   VM Weak                        Min:  0.0, Avg:  0.0, Max:  0.0, Diff:  0.0, Sum:  0.0, Workers: 4
[23.113s][debug][gc,phases      ] GC(46)     Dead                           Min: 0, Avg:  0.0, Max: 0, Diff: 0, Sum: 0, Workers: 4
[23.113s][debug][gc,phases      ] GC(46)     Total                          Min: 0, Avg: 151.0, Max: 604, Diff: 604, Sum: 604, Workers: 4
[23.113s][debug][gc,phases      ] GC(46)   ObjectSynchronizer Weak        Min:  0.0, Avg:  0.0, Max:  0.0, Diff:  0.0, Sum:  0.0, Workers: 4
[23.113s][debug][gc,phases      ] GC(46)     Dead                           Min: 0, Avg:  0.0, Max: 0, Diff: 0, Sum: 0, Workers: 4
[23.113s][debug][gc,phases      ] GC(46)     Total                          Min: 0, Avg: 93.2, Max: 373, Diff: 373, Sum: 373, Workers: 4
[23.113s][debug][gc,phases      ] GC(46)   JVMTI Tag Weak OopStorage      Min:  0.0, Avg:  0.0, Max:  0.0, Diff:  0.0, Sum:  0.0, Workers: 4
[23.113s][debug][gc,phases      ] GC(46)     Dead                           Min: 0, Avg:  0.0, Max: 0, Diff: 0, Sum: 0, Workers: 4
[23.113s][debug][gc,phases      ] GC(46)     Total                          Min: 0, Avg:  0.0, Max: 0, Diff: 0, Sum: 0, Workers: 4
[23.113s][debug][gc,phases      ] GC(46)   StringTable Weak               Min:  0.1, Avg:  0.1, Max:  0.1, Diff:  0.0, Sum:  0.3, Workers: 4
[23.113s][debug][gc,phases      ] GC(46)     Dead                           Min: 0, Avg:  2.8, Max: 11, Diff: 11, Sum: 11, Workers: 4
[23.113s][debug][gc,phases      ] GC(46)     Total                          Min: 10220, Avg: 10715.0, Max: 11584, Diff: 1364, Sum: 42860, Workers: 4
[23.113s][debug][gc,phases      ] GC(46)   ResolvedMethodTable Weak       Min:  0.0, Avg:  0.0, Max:  0.0, Diff:  0.0, Sum:  0.1, Workers: 4
[23.113s][debug][gc,phases      ] GC(46)     Dead                           Min: 0, Avg:  0.0, Max: 0, Diff: 0, Sum: 0, Workers: 4
[23.113s][debug][gc,phases      ] GC(46)     Total                          Min: 1615, Avg: 1827.8, Max: 1984, Diff: 369, Sum: 7311, Workers: 4
[23.113s][debug][gc,phases      ] GC(46)   JNI Weak                       Min:  0.0, Avg:  0.0, Max:  0.0, Diff:  0.0, Sum:  0.0, Workers: 4
[23.113s][debug][gc,phases      ] GC(46)     Dead                           Min: 0, Avg:  0.0, Max: 0, Diff: 0, Sum: 0, Workers: 4
[23.113s][debug][gc,phases      ] GC(46)     Total                          Min: 0, Avg:  0.2, Max: 1, Diff: 1, Sum: 1, Workers: 4
[23.113s][debug][gc,phases      ] GC(46)   StringDedup Table Weak         Min:  0.0, Avg:  0.0, Max:  0.0, Diff:  0.0, Sum:  0.0, Workers: 4
[23.113s][debug][gc,phases      ] GC(46)     Dead                           Min: 0, Avg:  0.0, Max: 0, Diff: 0, Sum: 0, Workers: 4
[23.113s][debug][gc,phases      ] GC(46)     Total                          Min: 0, Avg:  0.0, Max: 0, Diff: 0, Sum: 0, Workers: 4
[23.113s][debug][gc,phases      ] GC(46)   StringDedup Requests0 Weak     Min:  0.0, Avg:  0.0, Max:  0.0, Diff:  0.0, Sum:  0.0, Workers: 4
[23.113s][debug][gc,phases      ] GC(46)     Dead                           Min: 0, Avg:  0.0, Max: 0, Diff: 0, Sum: 0, Workers: 4
[23.113s][debug][gc,phases      ] GC(46)     Total                          Min: 0, Avg:  0.0, Max: 0, Diff: 0, Sum: 0, Workers: 4
[23.113s][debug][gc,phases      ] GC(46)   StringDedup Requests1 Weak     Min:  0.0, Avg:  0.0, Max:  0.0, Diff:  0.0, Sum:  0.0, Workers: 4
[23.113s][debug][gc,phases      ] GC(46)     Dead                           Min: 0, Avg:  0.0, Max: 0, Diff: 0, Sum: 0, Workers: 4
[23.113s][debug][gc,phases      ] GC(46)     Total                          Min: 0, Avg:  0.0, Max: 0, Diff: 0, Sum: 0, Workers: 4
[23.113s][debug][gc,phases      ] GC(46)   Weak JFR Old Object Samples    Min:  0.0, Avg:  0.0, Max:  0.0, Diff:  0.0, Sum:  0.0, Workers: 4
[23.113s][debug][gc,phases      ] GC(46)     Dead                           Min: 0, Avg:  0.0, Max: 0, Diff: 0, Sum: 0, Workers: 4
[23.113s][debug][gc,phases      ] GC(46)     Total                          Min: 0, Avg:  0.0, Max: 0, Diff: 0, Sum: 0, Workers: 4
[23.113s][debug][gc,phases      ] GC(46) Weak Processing 0.290ms
[23.113s][debug][gc,age         ] GC(46) Desired survivor size 254803968 bytes, new threshold 15 (max threshold 15)
[23.113s][info ][gc,heap        ] GC(46) PSYoungGen: 1631936K(1632256K)->4272K(1843200K) Eden: 1629184K(1629184K)->0K(1599488K) From: 2752K(3072K)->4272K(243712K)
[23.113s][info ][gc,heap        ] GC(46) ParOldGen: 502527K(599040K)->502559K(599040K)
[23.113s][info ][gc,metaspace   ] GC(46) Metaspace: 68849K(69632K)->68849K(69632K) NonClass: 58795K(59200K)->58795K(59200K) Class: 10054K(10432K)->10054K(10432K)
[23.113s][info ][gc             ] GC(46) Pause Young (Allocation Failure) 2084M->494M(2385M) 5.873ms
[23.113s][info ][gc,cpu         ] GC(46) User=0.02s Sys=0.00s Real=0.01s
[23.113s][info ][safepoint      ] Safepoint "ParallelGCFailedAllocation", Time since last: 79198579 ns, Reaching safepoint: 136103 ns, At safepoint: 5993450 ns, Total: 6129553 ns
[23.367s][info ][gc,start       ] GC(47) Pause Young (Allocation Failure)
[23.373s][debug][gc,phases      ] GC(47) Scavenge 5.948ms
[23.373s][debug][gc,ref         ] GC(47) Skipped phase 1 of Reference Processing: no references
[23.373s][debug][gc,ref         ] GC(47) ReferenceProcessor::execute queues: 1, RefProcThreadModel::Single, marks_oops_alive: false
[23.373s][debug][gc,ref         ] GC(47) Skipped phase 3 of Reference Processing: no references
[23.373s][debug][gc,ref         ] GC(47) Skipped phase 4 of Reference Processing: no references
[23.373s][debug][gc,phases      ] GC(47) Reference Processing 0.102ms
[23.373s][debug][gc,phases      ] GC(47)   VM Weak                        Min:  0.0, Avg:  0.0, Max:  0.0, Diff:  0.0, Sum:  0.0, Workers: 4
[23.373s][debug][gc,phases      ] GC(47)     Dead                           Min: 0, Avg:  0.0, Max: 0, Diff: 0, Sum: 0, Workers: 4
[23.373s][debug][gc,phases      ] GC(47)     Total                          Min: 0, Avg: 151.0, Max: 512, Diff: 512, Sum: 604, Workers: 4
[23.373s][debug][gc,phases      ] GC(47)   ObjectSynchronizer Weak        Min:  0.0, Avg:  0.0, Max:  0.0, Diff:  0.0, Sum:  0.0, Workers: 4
[23.373s][debug][gc,phases      ] GC(47)     Dead                           Min: 0, Avg:  0.0, Max: 0, Diff: 0, Sum: 0, Workers: 4
[23.373s][debug][gc,phases      ] GC(47)     Total                          Min: 0, Avg: 93.2, Max: 192, Diff: 192, Sum: 373, Workers: 4
[23.373s][debug][gc,phases      ] GC(47)   JVMTI Tag Weak OopStorage      Min:  0.0, Avg:  0.0, Max:  0.0, Diff:  0.0, Sum:  0.0, Workers: 4
[23.373s][debug][gc,phases      ] GC(47)     Dead                           Min: 0, Avg:  0.0, Max: 0, Diff: 0, Sum: 0, Workers: 4
[23.373s][debug][gc,phases      ] GC(47)     Total                          Min: 0, Avg:  0.0, Max: 0, Diff: 0, Sum: 0, Workers: 4
[23.373s][debug][gc,phases      ] GC(47)   StringTable Weak               Min:  0.1, Avg:  0.1, Max:  0.1, Diff:  0.0, Sum:  0.4, Workers: 4
[23.373s][debug][gc,phases      ] GC(47)     Dead                           Min: 0, Avg:  2.8, Max: 11, Diff: 11, Sum: 11, Workers: 4
[23.373s][debug][gc,phases      ] GC(47)     Total                          Min: 9280, Avg: 10715.2, Max: 11712, Diff: 2432, Sum: 42861, Workers: 4
[23.373s][debug][gc,phases      ] GC(47)   ResolvedMethodTable Weak       Min:  0.0, Avg:  0.0, Max:  0.0, Diff:  0.0, Sum:  0.1, Workers: 4
[23.373s][debug][gc,phases      ] GC(47)     Dead                           Min: 0, Avg:  0.0, Max: 0, Diff: 0, Sum: 0, Workers: 4
[23.373s][debug][gc,phases      ] GC(47)     Total                          Min: 1615, Avg: 1827.8, Max: 1984, Diff: 369, Sum: 7311, Workers: 4
[23.373s][debug][gc,phases      ] GC(47)   JNI Weak                       Min:  0.0, Avg:  0.0, Max:  0.0, Diff:  0.0, Sum:  0.0, Workers: 4
[23.373s][debug][gc,phases      ] GC(47)     Dead                           Min: 0, Avg:  0.0, Max: 0, Diff: 0, Sum: 0, Workers: 4
[23.373s][debug][gc,phases      ] GC(47)     Total                          Min: 0, Avg:  0.2, Max: 1, Diff: 1, Sum: 1, Workers: 4
[23.373s][debug][gc,phases      ] GC(47)   StringDedup Table Weak         Min:  0.0, Avg:  0.0, Max:  0.0, Diff:  0.0, Sum:  0.0, Workers: 4
[23.373s][debug][gc,phases      ] GC(47)     Dead                           Min: 0, Avg:  0.0, Max: 0, Diff: 0, Sum: 0, Workers: 4
[23.373s][debug][gc,phases      ] GC(47)     Total                          Min: 0, Avg:  0.0, Max: 0, Diff: 0, Sum: 0, Workers: 4
[23.373s][debug][gc,phases      ] GC(47)   StringDedup Requests0 Weak     Min:  0.0, Avg:  0.0, Max:  0.0, Diff:  0.0, Sum:  0.0, Workers: 4
[23.373s][debug][gc,phases      ] GC(47)     Dead                           Min: 0, Avg:  0.0, Max: 0, Diff: 0, Sum: 0, Workers: 4
[23.373s][debug][gc,phases      ] GC(47)     Total                          Min: 0, Avg:  0.0, Max: 0, Diff: 0, Sum: 0, Workers: 4
[23.373s][debug][gc,phases      ] GC(47)   StringDedup Requests1 Weak     Min:  0.0, Avg:  0.0, Max:  0.0, Diff:  0.0, Sum:  0.0, Workers: 4
[23.373s][debug][gc,phases      ] GC(47)     Dead                           Min: 0, Avg:  0.0, Max: 0, Diff: 0, Sum: 0, Workers: 4
[23.373s][debug][gc,phases      ] GC(47)     Total                          Min: 0, Avg:  0.0, Max: 0, Diff: 0, Sum: 0, Workers: 4
[23.373s][debug][gc,phases      ] GC(47)   Weak JFR Old Object Samples    Min:  0.0, Avg:  0.0, Max:  0.0, Diff:  0.0, Sum:  0.0, Workers: 4
[23.373s][debug][gc,phases      ] GC(47)     Dead                           Min: 0, Avg:  0.0, Max: 0, Diff: 0, Sum: 0, Workers: 4
[23.373s][debug][gc,phases      ] GC(47)     Total                          Min: 0, Avg:  0.0, Max: 0, Diff: 0, Sum: 0, Workers: 4
[23.374s][debug][gc,phases      ] GC(47) Weak Processing 0.298ms
[23.374s][debug][gc,age         ] GC(47) Desired survivor size 256376832 bytes, new threshold 15 (max threshold 15)
[23.374s][info ][gc,heap        ] GC(47) PSYoungGen: 1603760K(1843200K)->5520K(1605120K) Eden: 1599488K(1599488K)->0K(1599488K) From: 4272K(243712K)->5520K(5632K)
[23.374s][info ][gc,heap        ] GC(47) ParOldGen: 502559K(599040K)->502583K(599040K)
[23.374s][info ][gc,metaspace   ] GC(47) Metaspace: 68853K(69632K)->68853K(69632K) NonClass: 58799K(59200K)->58799K(59200K) Class: 10054K(10432K)->10054K(10432K)
[23.374s][info ][gc             ] GC(47) Pause Young (Allocation Failure) 2056M->496M(2152M) 6.483ms
[23.374s][info ][gc,cpu         ] GC(47) User=0.02s Sys=0.00s Real=0.01s
[23.374s][info ][safepoint      ] Safepoint "ParallelGCFailedAllocation", Time since last: 253799841 ns, Reaching safepoint: 149003 ns, At safepoint: 6586265 ns, Total: 6735268 ns
[23.760s][info ][gc,start       ] GC(48) Pause Young (Allocation Failure)
[23.766s][debug][gc,phases      ] GC(48) Scavenge 5.954ms
[23.766s][debug][gc,ref         ] GC(48) Skipped phase 1 of Reference Processing: no references
[23.767s][debug][gc,ref         ] GC(48) ReferenceProcessor::execute queues: 1, RefProcThreadModel::Single, marks_oops_alive: false
[23.767s][debug][gc,ref         ] GC(48) Skipped phase 3 of Reference Processing: no references
[23.767s][debug][gc,ref         ] GC(48) Skipped phase 4 of Reference Processing: no references
[23.767s][debug][gc,phases      ] GC(48) Reference Processing 0.128ms
[23.767s][debug][gc,phases      ] GC(48)   VM Weak                        Min:  0.0, Avg:  0.0, Max:  0.0, Diff:  0.0, Sum:  0.0, Workers: 4
[23.767s][debug][gc,phases      ] GC(48)     Dead                           Min: 0, Avg:  0.0, Max: 0, Diff: 0, Sum: 0, Workers: 4
[23.767s][debug][gc,phases      ] GC(48)     Total                          Min: 0, Avg: 151.0, Max: 604, Diff: 604, Sum: 604, Workers: 4
[23.767s][debug][gc,phases      ] GC(48)   ObjectSynchronizer Weak        Min:  0.0, Avg:  0.0, Max:  0.0, Diff:  0.0, Sum:  0.0, Workers: 4
[23.767s][debug][gc,phases      ] GC(48)     Dead                           Min: 0, Avg:  0.0, Max: 0, Diff: 0, Sum: 0, Workers: 4
[23.767s][debug][gc,phases      ] GC(48)     Total                          Min: 0, Avg: 93.2, Max: 245, Diff: 245, Sum: 373, Workers: 4
[23.767s][debug][gc,phases      ] GC(48)   JVMTI Tag Weak OopStorage      Min:  0.0, Avg:  0.0, Max:  0.0, Diff:  0.0, Sum:  0.0, Workers: 4
[23.767s][debug][gc,phases      ] GC(48)     Dead                           Min: 0, Avg:  0.0, Max: 0, Diff: 0, Sum: 0, Workers: 4
[23.767s][debug][gc,phases      ] GC(48)     Total                          Min: 0, Avg:  0.0, Max: 0, Diff: 0, Sum: 0, Workers: 4
[23.767s][debug][gc,phases      ] GC(48)   StringTable Weak               Min:  0.1, Avg:  0.1, Max:  0.1, Diff:  0.0, Sum:  0.3, Workers: 4
[23.767s][debug][gc,phases      ] GC(48)     Dead                           Min: 0, Avg:  0.0, Max: 0, Diff: 0, Sum: 0, Workers: 4
[23.767s][debug][gc,phases      ] GC(48)     Total                          Min: 10158, Avg: 10715.5, Max: 11520, Diff: 1362, Sum: 42862, Workers: 4
[23.767s][debug][gc,phases      ] GC(48)   ResolvedMethodTable Weak       Min:  0.0, Avg:  0.0, Max:  0.0, Diff:  0.0, Sum:  0.1, Workers: 4
[23.767s][debug][gc,phases      ] GC(48)     Dead                           Min: 0, Avg:  0.0, Max: 0, Diff: 0, Sum: 0, Workers: 4
[23.767s][debug][gc,phases      ] GC(48)     Total                          Min: 1487, Avg: 1827.8, Max: 2176, Diff: 689, Sum: 7311, Workers: 4
[23.767s][debug][gc,phases      ] GC(48)   JNI Weak                       Min:  0.0, Avg:  0.0, Max:  0.0, Diff:  0.0, Sum:  0.0, Workers: 4
[23.767s][debug][gc,phases      ] GC(48)     Dead                           Min: 0, Avg:  0.0, Max: 0, Diff: 0, Sum: 0, Workers: 4
[23.767s][debug][gc,phases      ] GC(48)     Total                          Min: 0, Avg:  0.0, Max: 0, Diff: 0, Sum: 0, Workers: 4
[23.767s][debug][gc,phases      ] GC(48)   StringDedup Table Weak         Min:  0.0, Avg:  0.0, Max:  0.0, Diff:  0.0, Sum:  0.0, Workers: 4
[23.767s][debug][gc,phases      ] GC(48)     Dead                           Min: 0, Avg:  0.0, Max: 0, Diff: 0, Sum: 0, Workers: 4
[23.767s][debug][gc,phases      ] GC(48)     Total                          Min: 0, Avg:  0.0, Max: 0, Diff: 0, Sum: 0, Workers: 4
[23.767s][debug][gc,phases      ] GC(48)   StringDedup Requests0 Weak     Min:  0.0, Avg:  0.0, Max:  0.0, Diff:  0.0, Sum:  0.0, Workers: 4
[23.767s][debug][gc,phases      ] GC(48)     Dead                           Min: 0, Avg:  0.0, Max: 0, Diff: 0, Sum: 0, Workers: 4
[23.767s][debug][gc,phases      ] GC(48)     Total                          Min: 0, Avg:  0.0, Max: 0, Diff: 0, Sum: 0, Workers: 4
[23.767s][debug][gc,phases      ] GC(48)   StringDedup Requests1 Weak     Min:  0.0, Avg:  0.0, Max:  0.0, Diff:  0.0, Sum:  0.0, Workers: 4
[23.767s][debug][gc,phases      ] GC(48)     Dead                           Min: 0, Avg:  0.0, Max: 0, Diff: 0, Sum: 0, Workers: 4
[23.767s][debug][gc,phases      ] GC(48)     Total                          Min: 0, Avg:  0.0, Max: 0, Diff: 0, Sum: 0, Workers: 4
[23.767s][debug][gc,phases      ] GC(48)   Weak JFR Old Object Samples    Min:  0.0, Avg:  0.0, Max:  0.0, Diff:  0.0, Sum:  0.0, Workers: 4
[23.767s][debug][gc,phases      ] GC(48)     Dead                           Min: 0, Avg:  0.0, Max: 0, Diff: 0, Sum: 0, Workers: 4
[23.767s][debug][gc,phases      ] GC(48)     Total                          Min: 0, Avg:  0.0, Max: 0, Diff: 0, Sum: 0, Workers: 4
[23.767s][debug][gc,phases      ] GC(48) Weak Processing 0.319ms
[23.767s][debug][gc,age         ] GC(48) Desired survivor size 254803968 bytes, new threshold 15 (max threshold 15)
[23.767s][info ][gc,heap        ] GC(48) PSYoungGen: 1605008K(1605120K)->7248K(1848320K) Eden: 1599488K(1599488K)->0K(1597952K) From: 5520K(5632K)->7248K(250368K)
[23.767s][info ][gc,heap        ] GC(48) ParOldGen: 502583K(599040K)->502623K(599040K)
[23.767s][info ][gc,metaspace   ] GC(48) Metaspace: 68856K(69632K)->68856K(69632K) NonClass: 58802K(59200K)->58802K(59200K) Class: 10054K(10432K)->10054K(10432K)
[23.767s][info ][gc             ] GC(48) Pause Young (Allocation Failure) 2058M->497M(2390M) 6.545ms
[23.767s][info ][gc,cpu         ] GC(48) User=0.02s Sys=0.00s Real=0.01s
[23.767s][info ][safepoint      ] Safepoint "ParallelGCFailedAllocation", Time since last: 386550657 ns, Reaching safepoint: 165504 ns, At safepoint: 6669667 ns, Total: 6835171 ns
[24.044s][info ][gc,start       ] GC(49) Pause Young (Allocation Failure)
[24.050s][debug][gc,phases      ] GC(49) Scavenge 6.114ms
[24.050s][debug][gc,ref         ] GC(49) Skipped phase 1 of Reference Processing: no references
[24.050s][debug][gc,ref         ] GC(49) ReferenceProcessor::execute queues: 1, RefProcThreadModel::Single, marks_oops_alive: false
[24.050s][debug][gc,ref         ] GC(49) Skipped phase 3 of Reference Processing: no references
[24.050s][debug][gc,ref         ] GC(49) Skipped phase 4 of Reference Processing: no references
[24.050s][debug][gc,phases      ] GC(49) Reference Processing 0.106ms
[24.051s][debug][gc,phases      ] GC(49)   VM Weak                        Min:  0.0, Avg:  0.0, Max:  0.0, Diff:  0.0, Sum:  0.0, Workers: 4
[24.051s][debug][gc,phases      ] GC(49)     Dead                           Min: 0, Avg:  0.0, Max: 0, Diff: 0, Sum: 0, Workers: 4
[24.051s][debug][gc,phases      ] GC(49)     Total                          Min: 0, Avg: 151.0, Max: 604, Diff: 604, Sum: 604, Workers: 4
[24.051s][debug][gc,phases      ] GC(49)   ObjectSynchronizer Weak        Min:  0.0, Avg:  0.0, Max:  0.0, Diff:  0.0, Sum:  0.0, Workers: 4
[24.051s][debug][gc,phases      ] GC(49)     Dead                           Min: 0, Avg:  0.0, Max: 0, Diff: 0, Sum: 0, Workers: 4
[24.051s][debug][gc,phases      ] GC(49)     Total                          Min: 0, Avg: 93.2, Max: 320, Diff: 320, Sum: 373, Workers: 4
[24.051s][debug][gc,phases      ] GC(49)   JVMTI Tag Weak OopStorage      Min:  0.0, Avg:  0.0, Max:  0.0, Diff:  0.0, Sum:  0.0, Workers: 4
[24.051s][debug][gc,phases      ] GC(49)     Dead                           Min: 0, Avg:  0.0, Max: 0, Diff: 0, Sum: 0, Workers: 4
[24.051s][debug][gc,phases      ] GC(49)     Total                          Min: 0, Avg:  0.0, Max: 0, Diff: 0, Sum: 0, Workers: 4
[24.051s][debug][gc,phases      ] GC(49)   StringTable Weak               Min:  0.1, Avg:  0.1, Max:  0.1, Diff:  0.0, Sum:  0.4, Workers: 4
[24.051s][debug][gc,phases      ] GC(49)     Dead                           Min: 0, Avg:  2.8, Max: 11, Diff: 11, Sum: 11, Workers: 4
[24.051s][debug][gc,phases      ] GC(49)     Total                          Min: 9390, Avg: 10715.5, Max: 12352, Diff: 2962, Sum: 42862, Workers: 4
[24.051s][debug][gc,phases      ] GC(49)   ResolvedMethodTable Weak       Min:  0.0, Avg:  0.0, Max:  0.0, Diff:  0.0, Sum:  0.1, Workers: 4
[24.051s][debug][gc,phases      ] GC(49)     Dead                           Min: 0, Avg:  0.0, Max: 0, Diff: 0, Sum: 0, Workers: 4
[24.051s][debug][gc,phases      ] GC(49)     Total                          Min: 1536, Avg: 1827.8, Max: 1999, Diff: 463, Sum: 7311, Workers: 4
[24.051s][debug][gc,phases      ] GC(49)   JNI Weak                       Min:  0.0, Avg:  0.0, Max:  0.0, Diff:  0.0, Sum:  0.0, Workers: 4
[24.051s][debug][gc,phases      ] GC(49)     Dead                           Min: 0, Avg:  0.0, Max: 0, Diff: 0, Sum: 0, Workers: 4
[24.051s][debug][gc,phases      ] GC(49)     Total                          Min: 0, Avg:  0.0, Max: 0, Diff: 0, Sum: 0, Workers: 4
[24.051s][debug][gc,phases      ] GC(49)   StringDedup Table Weak         Min:  0.0, Avg:  0.0, Max:  0.0, Diff:  0.0, Sum:  0.0, Workers: 4
[24.051s][debug][gc,phases      ] GC(49)     Dead                           Min: 0, Avg:  0.0, Max: 0, Diff: 0, Sum: 0, Workers: 4
[24.051s][debug][gc,phases      ] GC(49)     Total                          Min: 0, Avg:  0.0, Max: 0, Diff: 0, Sum: 0, Workers: 4
[24.051s][debug][gc,phases      ] GC(49)   StringDedup Requests0 Weak     Min:  0.0, Avg:  0.0, Max:  0.0, Diff:  0.0, Sum:  0.0, Workers: 4
[24.051s][debug][gc,phases      ] GC(49)     Dead                           Min: 0, Avg:  0.0, Max: 0, Diff: 0, Sum: 0, Workers: 4
[24.051s][debug][gc,phases      ] GC(49)     Total                          Min: 0, Avg:  0.0, Max: 0, Diff: 0, Sum: 0, Workers: 4
[24.051s][debug][gc,phases      ] GC(49)   StringDedup Requests1 Weak     Min:  0.0, Avg:  0.0, Max:  0.0, Diff:  0.0, Sum:  0.0, Workers: 4
[24.051s][debug][gc,phases      ] GC(49)     Dead                           Min: 0, Avg:  0.0, Max: 0, Diff: 0, Sum: 0, Workers: 4
[24.051s][debug][gc,phases      ] GC(49)     Total                          Min: 0, Avg:  0.0, Max: 0, Diff: 0, Sum: 0, Workers: 4
[24.051s][debug][gc,phases      ] GC(49)   Weak JFR Old Object Samples    Min:  0.0, Avg:  0.0, Max:  0.0, Diff:  0.0, Sum:  0.0, Workers: 4
[24.051s][debug][gc,phases      ] GC(49)     Dead                           Min: 0, Avg:  0.0, Max: 0, Diff: 0, Sum: 0, Workers: 4
[24.051s][debug][gc,phases      ] GC(49)     Total                          Min: 0, Avg:  0.0, Max: 0, Diff: 0, Sum: 0, Workers: 4
[24.051s][debug][gc,phases      ] GC(49) Weak Processing 0.296ms
[24.051s][debug][gc,age         ] GC(49) Desired survivor size 251133952 bytes, new threshold 15 (max threshold 15)
[24.051s][info ][gc,heap        ] GC(49) PSYoungGen: 1605200K(1848320K)->7968K(1846784K) Eden: 1597952K(1597952K)->0K(1597952K) From: 7248K(250368K)->7968K(248832K)
[24.051s][info ][gc,heap        ] GC(49) ParOldGen: 502623K(599040K)->502671K(599040K)
[24.051s][info ][gc,metaspace   ] GC(49) Metaspace: 68861K(69632K)->68861K(69632K) NonClass: 58807K(59200K)->58807K(59200K) Class: 10054K(10432K)->10054K(10432K)
[24.051s][info ][gc             ] GC(49) Pause Young (Allocation Failure) 2058M->498M(2388M) 6.645ms
[24.051s][info ][gc,cpu         ] GC(49) User=0.03s Sys=0.00s Real=0.00s
[24.051s][info ][safepoint      ] Safepoint "ParallelGCFailedAllocation", Time since last: 277022420 ns, Reaching safepoint: 131103 ns, At safepoint: 6755369 ns, Total: 6886472 ns
[24.313s][info ][gc,start       ] GC(50) Pause Young (Allocation Failure)
[24.319s][debug][gc,phases      ] GC(50) Scavenge 6.589ms
[24.319s][debug][gc,ref         ] GC(50) Skipped phase 1 of Reference Processing: no references
[24.319s][debug][gc,ref         ] GC(50) ReferenceProcessor::execute queues: 1, RefProcThreadModel::Single, marks_oops_alive: false
[24.319s][debug][gc,ref         ] GC(50) Skipped phase 3 of Reference Processing: no references
[24.319s][debug][gc,ref         ] GC(50) Skipped phase 4 of Reference Processing: no references
[24.319s][debug][gc,phases      ] GC(50) Reference Processing 0.157ms
[24.320s][debug][gc,phases      ] GC(50)   VM Weak                        Min:  0.0, Avg:  0.0, Max:  0.0, Diff:  0.0, Sum:  0.0, Workers: 4
[24.320s][debug][gc,phases      ] GC(50)     Dead                           Min: 0, Avg:  0.0, Max: 0, Diff: 0, Sum: 0, Workers: 4
[24.320s][debug][gc,phases      ] GC(50)     Total                          Min: 0, Avg: 151.0, Max: 604, Diff: 604, Sum: 604, Workers: 4
[24.320s][debug][gc,phases      ] GC(50)   ObjectSynchronizer Weak        Min:  0.0, Avg:  0.0, Max:  0.0, Diff:  0.0, Sum:  0.0, Workers: 4
[24.320s][debug][gc,phases      ] GC(50)     Dead                           Min: 0, Avg:  0.0, Max: 0, Diff: 0, Sum: 0, Workers: 4
[24.320s][debug][gc,phases      ] GC(50)     Total                          Min: 0, Avg: 93.2, Max: 309, Diff: 309, Sum: 373, Workers: 4
[24.320s][debug][gc,phases      ] GC(50)   JVMTI Tag Weak OopStorage      Min:  0.0, Avg:  0.0, Max:  0.0, Diff:  0.0, Sum:  0.0, Workers: 4
[24.320s][debug][gc,phases      ] GC(50)     Dead                           Min: 0, Avg:  0.0, Max: 0, Diff: 0, Sum: 0, Workers: 4
[24.320s][debug][gc,phases      ] GC(50)     Total                          Min: 0, Avg:  0.0, Max: 0, Diff: 0, Sum: 0, Workers: 4
[24.320s][debug][gc,phases      ] GC(50)   StringTable Weak               Min:  0.0, Avg:  0.1, Max:  0.1, Diff:  0.1, Sum:  0.4, Workers: 4
[24.320s][debug][gc,phases      ] GC(50)     Dead                           Min: 0, Avg:  0.0, Max: 0, Diff: 0, Sum: 0, Workers: 4
[24.320s][debug][gc,phases      ] GC(50)     Total                          Min: 0, Avg: 10716.5, Max: 15090, Diff: 15090, Sum: 42866, Workers: 4
[24.320s][debug][gc,phases      ] GC(50)   ResolvedMethodTable Weak       Min:  0.0, Avg:  0.0, Max:  0.0, Diff:  0.0, Sum:  0.1, Workers: 4
[24.320s][debug][gc,phases      ] GC(50)     Dead                           Min: 0, Avg:  0.0, Max: 0, Diff: 0, Sum: 0, Workers: 4
[24.320s][debug][gc,phases      ] GC(50)     Total                          Min: 0, Avg: 1827.8, Max: 2703, Diff: 2703, Sum: 7311, Workers: 4
[24.320s][debug][gc,phases      ] GC(50)   JNI Weak                       Min:  0.0, Avg:  0.0, Max:  0.0, Diff:  0.0, Sum:  0.0, Workers: 4
[24.320s][debug][gc,phases      ] GC(50)     Dead                           Min: 0, Avg:  0.0, Max: 0, Diff: 0, Sum: 0, Workers: 4
[24.320s][debug][gc,phases      ] GC(50)     Total                          Min: 0, Avg:  0.0, Max: 0, Diff: 0, Sum: 0, Workers: 4
[24.320s][debug][gc,phases      ] GC(50)   StringDedup Table Weak         Min:  0.0, Avg:  0.0, Max:  0.0, Diff:  0.0, Sum:  0.0, Workers: 4
[24.320s][debug][gc,phases      ] GC(50)     Dead                           Min: 0, Avg:  0.0, Max: 0, Diff: 0, Sum: 0, Workers: 4
[24.320s][debug][gc,phases      ] GC(50)     Total                          Min: 0, Avg:  0.0, Max: 0, Diff: 0, Sum: 0, Workers: 4
[24.320s][debug][gc,phases      ] GC(50)   StringDedup Requests0 Weak     Min:  0.0, Avg:  0.0, Max:  0.0, Diff:  0.0, Sum:  0.0, Workers: 4
[24.320s][debug][gc,phases      ] GC(50)     Dead                           Min: 0, Avg:  0.0, Max: 0, Diff: 0, Sum: 0, Workers: 4
[24.320s][debug][gc,phases      ] GC(50)     Total                          Min: 0, Avg:  0.0, Max: 0, Diff: 0, Sum: 0, Workers: 4
[24.320s][debug][gc,phases      ] GC(50)   StringDedup Requests1 Weak     Min:  0.0, Avg:  0.0, Max:  0.0, Diff:  0.0, Sum:  0.0, Workers: 4
[24.320s][debug][gc,phases      ] GC(50)     Dead                           Min: 0, Avg:  0.0, Max: 0, Diff: 0, Sum: 0, Workers: 4
[24.320s][debug][gc,phases      ] GC(50)     Total                          Min: 0, Avg:  0.0, Max: 0, Diff: 0, Sum: 0, Workers: 4
[24.320s][debug][gc,phases      ] GC(50)   Weak JFR Old Object Samples    Min:  0.0, Avg:  0.0, Max:  0.0, Diff:  0.0, Sum:  0.0, Workers: 4
[24.320s][debug][gc,phases      ] GC(50)     Dead                           Min: 0, Avg:  0.0, Max: 0, Diff: 0, Sum: 0, Workers: 4
[24.320s][debug][gc,phases      ] GC(50)     Total                          Min: 0, Avg:  0.0, Max: 0, Diff: 0, Sum: 0, Workers: 4
[24.320s][debug][gc,phases      ] GC(50) Weak Processing 0.388ms
[24.320s][debug][gc,age         ] GC(50) Desired survivor size 245366784 bytes, new threshold 15 (max threshold 15)
[24.320s][info ][gc,heap        ] GC(50) PSYoungGen: 1605920K(1846784K)->9200K(1857536K) Eden: 1597952K(1597952K)->0K(1612288K) From: 7968K(248832K)->9200K(245248K)
[24.320s][info ][gc,heap        ] GC(50) ParOldGen: 502671K(599040K)->502695K(599040K)
[24.320s][info ][gc,metaspace   ] GC(50) Metaspace: 68870K(69632K)->68870K(69632K) NonClass: 58816K(59200K)->58816K(59200K) Class: 10054K(10432K)->10054K(10432K)
[24.320s][info ][gc             ] GC(50) Pause Young (Allocation Failure) 2059M->499M(2399M) 7.275ms
[24.320s][info ][gc,cpu         ] GC(50) User=0.03s Sys=0.00s Real=0.00s
[24.320s][info ][safepoint      ] Safepoint "ParallelGCFailedAllocation", Time since last: 261501833 ns, Reaching safepoint: 139003 ns, At safepoint: 7382784 ns, Total: 7521787 ns
[24.632s][info ][gc,start       ] GC(51) Pause Young (Allocation Failure)
[24.640s][debug][gc,phases      ] GC(51) Scavenge 7.105ms
[24.640s][debug][gc,ref         ] GC(51) Skipped phase 1 of Reference Processing: no references
[24.640s][debug][gc,ref         ] GC(51) ReferenceProcessor::execute queues: 1, RefProcThreadModel::Single, marks_oops_alive: false
[24.640s][debug][gc,ref         ] GC(51) Skipped phase 3 of Reference Processing: no references
[24.640s][debug][gc,ref         ] GC(51) Skipped phase 4 of Reference Processing: no references
[24.640s][debug][gc,phases      ] GC(51) Reference Processing 0.101ms
[24.640s][debug][gc,phases      ] GC(51)   VM Weak                        Min:  0.0, Avg:  0.0, Max:  0.0, Diff:  0.0, Sum:  0.0, Workers: 4
[24.640s][debug][gc,phases      ] GC(51)     Dead                           Min: 0, Avg:  0.0, Max: 0, Diff: 0, Sum: 0, Workers: 4
[24.640s][debug][gc,phases      ] GC(51)     Total                          Min: 0, Avg: 151.0, Max: 604, Diff: 604, Sum: 604, Workers: 4
[24.640s][debug][gc,phases      ] GC(51)   ObjectSynchronizer Weak        Min:  0.0, Avg:  0.0, Max:  0.0, Diff:  0.0, Sum:  0.0, Workers: 4
[24.640s][debug][gc,phases      ] GC(51)     Dead                           Min: 0, Avg:  0.0, Max: 0, Diff: 0, Sum: 0, Workers: 4
[24.640s][debug][gc,phases      ] GC(51)     Total                          Min: 0, Avg: 93.2, Max: 373, Diff: 373, Sum: 373, Workers: 4
[24.640s][debug][gc,phases      ] GC(51)   JVMTI Tag Weak OopStorage      Min:  0.0, Avg:  0.0, Max:  0.0, Diff:  0.0, Sum:  0.0, Workers: 4
[24.640s][debug][gc,phases      ] GC(51)     Dead                           Min: 0, Avg:  0.0, Max: 0, Diff: 0, Sum: 0, Workers: 4
[24.640s][debug][gc,phases      ] GC(51)     Total                          Min: 0, Avg:  0.0, Max: 0, Diff: 0, Sum: 0, Workers: 4
[24.640s][debug][gc,phases      ] GC(51)   StringTable Weak               Min:  0.1, Avg:  0.1, Max:  0.1, Diff:  0.0, Sum:  0.4, Workers: 4
[24.640s][debug][gc,phases      ] GC(51)     Dead                           Min: 0, Avg:  2.8, Max: 11, Diff: 11, Sum: 11, Workers: 4
[24.640s][debug][gc,phases      ] GC(51)     Total                          Min: 9152, Avg: 10716.8, Max: 11891, Diff: 2739, Sum: 42867, Workers: 4
[24.640s][debug][gc,phases      ] GC(51)   ResolvedMethodTable Weak       Min:  0.0, Avg:  0.0, Max:  0.0, Diff:  0.0, Sum:  0.1, Workers: 4
[24.640s][debug][gc,phases      ] GC(51)     Dead                           Min: 0, Avg:  0.0, Max: 0, Diff: 0, Sum: 0, Workers: 4
[24.640s][debug][gc,phases      ] GC(51)     Total                          Min: 1664, Avg: 1827.8, Max: 1999, Diff: 335, Sum: 7311, Workers: 4
[24.640s][debug][gc,phases      ] GC(51)   JNI Weak                       Min:  0.0, Avg:  0.0, Max:  0.0, Diff:  0.0, Sum:  0.0, Workers: 4
[24.640s][debug][gc,phases      ] GC(51)     Dead                           Min: 0, Avg:  0.0, Max: 0, Diff: 0, Sum: 0, Workers: 4
[24.640s][debug][gc,phases      ] GC(51)     Total                          Min: 0, Avg:  0.0, Max: 0, Diff: 0, Sum: 0, Workers: 4
[24.640s][debug][gc,phases      ] GC(51)   StringDedup Table Weak         Min:  0.0, Avg:  0.0, Max:  0.0, Diff:  0.0, Sum:  0.0, Workers: 4
[24.640s][debug][gc,phases      ] GC(51)     Dead                           Min: 0, Avg:  0.0, Max: 0, Diff: 0, Sum: 0, Workers: 4
[24.640s][debug][gc,phases      ] GC(51)     Total                          Min: 0, Avg:  0.0, Max: 0, Diff: 0, Sum: 0, Workers: 4
[24.640s][debug][gc,phases      ] GC(51)   StringDedup Requests0 Weak     Min:  0.0, Avg:  0.0, Max:  0.0, Diff:  0.0, Sum:  0.0, Workers: 4
[24.640s][debug][gc,phases      ] GC(51)     Dead                           Min: 0, Avg:  0.0, Max: 0, Diff: 0, Sum: 0, Workers: 4
[24.640s][debug][gc,phases      ] GC(51)     Total                          Min: 0, Avg:  0.0, Max: 0, Diff: 0, Sum: 0, Workers: 4
[24.640s][debug][gc,phases      ] GC(51)   StringDedup Requests1 Weak     Min:  0.0, Avg:  0.0, Max:  0.0, Diff:  0.0, Sum:  0.0, Workers: 4
[24.640s][debug][gc,phases      ] GC(51)     Dead                           Min: 0, Avg:  0.0, Max: 0, Diff: 0, Sum: 0, Workers: 4
[24.640s][debug][gc,phases      ] GC(51)     Total                          Min: 0, Avg:  0.0, Max: 0, Diff: 0, Sum: 0, Workers: 4
[24.640s][debug][gc,phases      ] GC(51)   Weak JFR Old Object Samples    Min:  0.0, Avg:  0.0, Max:  0.0, Diff:  0.0, Sum:  0.0, Workers: 4
[24.640s][debug][gc,phases      ] GC(51)     Dead                           Min: 0, Avg:  0.0, Max: 0, Diff: 0, Sum: 0, Workers: 4
[24.640s][debug][gc,phases      ] GC(51)     Total                          Min: 0, Avg:  0.0, Max: 0, Diff: 0, Sum: 0, Workers: 4
[24.640s][debug][gc,phases      ] GC(51) Weak Processing 0.315ms
[24.640s][debug][gc,age         ] GC(51) Desired survivor size 238026752 bytes, new threshold 15 (max threshold 15)
[24.640s][info ][gc,heap        ] GC(51) PSYoungGen: 1621488K(1857536K)->10400K(1851904K) Eden: 1612288K(1612288K)->0K(1612288K) From: 9200K(245248K)->10400K(239616K)
[24.640s][info ][gc,heap        ] GC(51) ParOldGen: 502695K(599040K)->502703K(599040K)
[24.640s][info ][gc,metaspace   ] GC(51) Metaspace: 68879K(69696K)->68879K(69696K) NonClass: 58825K(59264K)->58825K(59264K) Class: 10054K(10432K)->10054K(10432K)
[24.640s][info ][gc             ] GC(51) Pause Young (Allocation Failure) 2074M->501M(2393M) 7.654ms
[24.640s][info ][gc,cpu         ] GC(51) User=0.03s Sys=0.01s Real=0.00s
[24.640s][info ][safepoint      ] Safepoint "ParallelGCFailedAllocation", Time since last: 312140398 ns, Reaching safepoint: 230005 ns, At safepoint: 7769095 ns, Total: 7999100 ns
[24.923s][info ][gc,start       ] GC(52) Pause Young (Allocation Failure)
[24.930s][debug][gc,phases      ] GC(52) Scavenge 7.490ms
[24.930s][debug][gc,ref         ] GC(52) Skipped phase 1 of Reference Processing: no references
[24.931s][debug][gc,ref         ] GC(52) ReferenceProcessor::execute queues: 1, RefProcThreadModel::Single, marks_oops_alive: false
[24.931s][debug][gc,ref         ] GC(52) Skipped phase 3 of Reference Processing: no references
[24.931s][debug][gc,ref         ] GC(52) Skipped phase 4 of Reference Processing: no references
[24.931s][debug][gc,phases      ] GC(52) Reference Processing 0.101ms
[24.931s][debug][gc,phases      ] GC(52)   VM Weak                        Min:  0.0, Avg:  0.0, Max:  0.0, Diff:  0.0, Sum:  0.0, Workers: 4
[24.931s][debug][gc,phases      ] GC(52)     Dead                           Min: 0, Avg:  0.0, Max: 0, Diff: 0, Sum: 0, Workers: 4
[24.931s][debug][gc,phases      ] GC(52)     Total                          Min: 0, Avg: 151.0, Max: 320, Diff: 320, Sum: 604, Workers: 4
[24.931s][debug][gc,phases      ] GC(52)   ObjectSynchronizer Weak        Min:  0.0, Avg:  0.0, Max:  0.0, Diff:  0.0, Sum:  0.0, Workers: 4
[24.931s][debug][gc,phases      ] GC(52)     Dead                           Min: 0, Avg:  0.0, Max: 0, Diff: 0, Sum: 0, Workers: 4
[24.931s][debug][gc,phases      ] GC(52)     Total                          Min: 0, Avg: 93.2, Max: 192, Diff: 192, Sum: 373, Workers: 4
[24.931s][debug][gc,phases      ] GC(52)   JVMTI Tag Weak OopStorage      Min:  0.0, Avg:  0.0, Max:  0.0, Diff:  0.0, Sum:  0.0, Workers: 4
[24.931s][debug][gc,phases      ] GC(52)     Dead                           Min: 0, Avg:  0.0, Max: 0, Diff: 0, Sum: 0, Workers: 4
[24.931s][debug][gc,phases      ] GC(52)     Total                          Min: 0, Avg:  0.0, Max: 0, Diff: 0, Sum: 0, Workers: 4
[24.931s][debug][gc,phases      ] GC(52)   StringTable Weak               Min:  0.1, Avg:  0.1, Max:  0.1, Diff:  0.0, Sum:  0.4, Workers: 4
[24.931s][debug][gc,phases      ] GC(52)     Dead                           Min: 0, Avg:  2.8, Max: 11, Diff: 11, Sum: 11, Workers: 4
[24.931s][debug][gc,phases      ] GC(52)     Total                          Min: 9600, Avg: 10719.5, Max: 12030, Diff: 2430, Sum: 42878, Workers: 4
[24.931s][debug][gc,phases      ] GC(52)   ResolvedMethodTable Weak       Min:  0.0, Avg:  0.0, Max:  0.0, Diff:  0.0, Sum:  0.1, Workers: 4
[24.931s][debug][gc,phases      ] GC(52)     Dead                           Min: 0, Avg:  0.0, Max: 0, Diff: 0, Sum: 0, Workers: 4
[24.931s][debug][gc,phases      ] GC(52)     Total                          Min: 1679, Avg: 1827.8, Max: 1920, Diff: 241, Sum: 7311, Workers: 4
[24.931s][debug][gc,phases      ] GC(52)   JNI Weak                       Min:  0.0, Avg:  0.0, Max:  0.0, Diff:  0.0, Sum:  0.0, Workers: 4
[24.931s][debug][gc,phases      ] GC(52)     Dead                           Min: 0, Avg:  0.0, Max: 0, Diff: 0, Sum: 0, Workers: 4
[24.931s][debug][gc,phases      ] GC(52)     Total                          Min: 0, Avg:  0.0, Max: 0, Diff: 0, Sum: 0, Workers: 4
[24.931s][debug][gc,phases      ] GC(52)   StringDedup Table Weak         Min:  0.0, Avg:  0.0, Max:  0.0, Diff:  0.0, Sum:  0.0, Workers: 4
[24.931s][debug][gc,phases      ] GC(52)     Dead                           Min: 0, Avg:  0.0, Max: 0, Diff: 0, Sum: 0, Workers: 4
[24.931s][debug][gc,phases      ] GC(52)     Total                          Min: 0, Avg:  0.0, Max: 0, Diff: 0, Sum: 0, Workers: 4
[24.931s][debug][gc,phases      ] GC(52)   StringDedup Requests0 Weak     Min:  0.0, Avg:  0.0, Max:  0.0, Diff:  0.0, Sum:  0.0, Workers: 4
[24.931s][debug][gc,phases      ] GC(52)     Dead                           Min: 0, Avg:  0.0, Max: 0, Diff: 0, Sum: 0, Workers: 4
[24.931s][debug][gc,phases      ] GC(52)     Total                          Min: 0, Avg:  0.0, Max: 0, Diff: 0, Sum: 0, Workers: 4
[24.931s][debug][gc,phases      ] GC(52)   StringDedup Requests1 Weak     Min:  0.0, Avg:  0.0, Max:  0.0, Diff:  0.0, Sum:  0.0, Workers: 4
[24.931s][debug][gc,phases      ] GC(52)     Dead                           Min: 0, Avg:  0.0, Max: 0, Diff: 0, Sum: 0, Workers: 4
[24.931s][debug][gc,phases      ] GC(52)     Total                          Min: 0, Avg:  0.0, Max: 0, Diff: 0, Sum: 0, Workers: 4
[24.931s][debug][gc,phases      ] GC(52)   Weak JFR Old Object Samples    Min:  0.0, Avg:  0.0, Max:  0.0, Diff:  0.0, Sum:  0.0, Workers: 4
[24.931s][debug][gc,phases      ] GC(52)     Dead                           Min: 0, Avg:  0.0, Max: 0, Diff: 0, Sum: 0, Workers: 4
[24.931s][debug][gc,phases      ] GC(52)     Total                          Min: 0, Avg:  0.0, Max: 0, Diff: 0, Sum: 0, Workers: 4
[24.931s][debug][gc,phases      ] GC(52) Weak Processing 0.310ms
[24.931s][debug][gc,age         ] GC(52) Desired survivor size 229638144 bytes, new threshold 15 (max threshold 15)
[24.931s][info ][gc,heap        ] GC(52) PSYoungGen: 1622688K(1851904K)->11088K(1872896K) Eden: 1612288K(1612288K)->0K(1640448K) From: 10400K(239616K)->11088K(232448K)
[24.931s][info ][gc,heap        ] GC(52) ParOldGen: 502703K(599040K)->502711K(599040K)
[24.931s][info ][gc,metaspace   ] GC(52) Metaspace: 68903K(69696K)->68903K(69696K) NonClass: 58849K(59264K)->58849K(59264K) Class: 10054K(10432K)->10054K(10432K)
[24.931s][info ][gc             ] GC(52) Pause Young (Allocation Failure) 2075M->501M(2414M) 8.045ms
[24.931s][info ][gc,cpu         ] GC(52) User=0.03s Sys=0.00s Real=0.01s
[24.931s][info ][safepoint      ] Safepoint "ParallelGCFailedAllocation", Time since last: 282397854 ns, Reaching safepoint: 336508 ns, At safepoint: 8153004 ns, Total: 8489512 ns
[25.226s][info ][gc,start       ] GC(53) Pause Young (Allocation Failure)
[25.234s][debug][gc,phases      ] GC(53) Scavenge 7.855ms
[25.234s][debug][gc,ref         ] GC(53) Skipped phase 1 of Reference Processing: no references
[25.234s][debug][gc,ref         ] GC(53) ReferenceProcessor::execute queues: 1, RefProcThreadModel::Single, marks_oops_alive: false
[25.234s][debug][gc,ref         ] GC(53) Skipped phase 3 of Reference Processing: no references
[25.234s][debug][gc,ref         ] GC(53) Skipped phase 4 of Reference Processing: no references
[25.234s][debug][gc,phases      ] GC(53) Reference Processing 0.134ms
[25.234s][debug][gc,phases      ] GC(53)   VM Weak                        Min:  0.0, Avg:  0.0, Max:  0.0, Diff:  0.0, Sum:  0.0, Workers: 4
[25.234s][debug][gc,phases      ] GC(53)     Dead                           Min: 0, Avg:  0.0, Max: 0, Diff: 0, Sum: 0, Workers: 4
[25.234s][debug][gc,phases      ] GC(53)     Total                          Min: 0, Avg: 151.0, Max: 384, Diff: 384, Sum: 604, Workers: 4
[25.234s][debug][gc,phases      ] GC(53)   ObjectSynchronizer Weak        Min:  0.0, Avg:  0.0, Max:  0.0, Diff:  0.0, Sum:  0.0, Workers: 4
[25.234s][debug][gc,phases      ] GC(53)     Dead                           Min: 0, Avg:  0.0, Max: 0, Diff: 0, Sum: 0, Workers: 4
[25.234s][debug][gc,phases      ] GC(53)     Total                          Min: 0, Avg: 93.2, Max: 192, Diff: 192, Sum: 373, Workers: 4
[25.234s][debug][gc,phases      ] GC(53)   JVMTI Tag Weak OopStorage      Min:  0.0, Avg:  0.0, Max:  0.0, Diff:  0.0, Sum:  0.0, Workers: 4
[25.234s][debug][gc,phases      ] GC(53)     Dead                           Min: 0, Avg:  0.0, Max: 0, Diff: 0, Sum: 0, Workers: 4
[25.234s][debug][gc,phases      ] GC(53)     Total                          Min: 0, Avg:  0.0, Max: 0, Diff: 0, Sum: 0, Workers: 4
[25.234s][debug][gc,phases      ] GC(53)   StringTable Weak               Min:  0.1, Avg:  0.1, Max:  0.1, Diff:  0.0, Sum:  0.4, Workers: 4
[25.234s][debug][gc,phases      ] GC(53)     Dead                           Min: 0, Avg:  0.0, Max: 0, Diff: 0, Sum: 0, Workers: 4
[25.234s][debug][gc,phases      ] GC(53)     Total                          Min: 9856, Avg: 10719.8, Max: 11648, Diff: 1792, Sum: 42879, Workers: 4
[25.234s][debug][gc,phases      ] GC(53)   ResolvedMethodTable Weak       Min:  0.0, Avg:  0.0, Max:  0.0, Diff:  0.0, Sum:  0.1, Workers: 4
[25.234s][debug][gc,phases      ] GC(53)     Dead                           Min: 0, Avg:  0.0, Max: 0, Diff: 0, Sum: 0, Workers: 4
[25.234s][debug][gc,phases      ] GC(53)     Total                          Min: 1664, Avg: 1827.8, Max: 1984, Diff: 320, Sum: 7311, Workers: 4
[25.234s][debug][gc,phases      ] GC(53)   JNI Weak                       Min:  0.0, Avg:  0.0, Max:  0.0, Diff:  0.0, Sum:  0.0, Workers: 4
[25.234s][debug][gc,phases      ] GC(53)     Dead                           Min: 0, Avg:  0.0, Max: 0, Diff: 0, Sum: 0, Workers: 4
[25.234s][debug][gc,phases      ] GC(53)     Total                          Min: 0, Avg:  0.0, Max: 0, Diff: 0, Sum: 0, Workers: 4
[25.234s][debug][gc,phases      ] GC(53)   StringDedup Table Weak         Min:  0.0, Avg:  0.0, Max:  0.0, Diff:  0.0, Sum:  0.0, Workers: 4
[25.234s][debug][gc,phases      ] GC(53)     Dead                           Min: 0, Avg:  0.0, Max: 0, Diff: 0, Sum: 0, Workers: 4
[25.234s][debug][gc,phases      ] GC(53)     Total                          Min: 0, Avg:  0.0, Max: 0, Diff: 0, Sum: 0, Workers: 4
[25.234s][debug][gc,phases      ] GC(53)   StringDedup Requests0 Weak     Min:  0.0, Avg:  0.0, Max:  0.0, Diff:  0.0, Sum:  0.0, Workers: 4
[25.234s][debug][gc,phases      ] GC(53)     Dead                           Min: 0, Avg:  0.0, Max: 0, Diff: 0, Sum: 0, Workers: 4
[25.234s][debug][gc,phases      ] GC(53)     Total                          Min: 0, Avg:  0.0, Max: 0, Diff: 0, Sum: 0, Workers: 4
[25.234s][debug][gc,phases      ] GC(53)   StringDedup Requests1 Weak     Min:  0.0, Avg:  0.0, Max:  0.0, Diff:  0.0, Sum:  0.0, Workers: 4
[25.234s][debug][gc,phases      ] GC(53)     Dead                           Min: 0, Avg:  0.0, Max: 0, Diff: 0, Sum: 0, Workers: 4
[25.234s][debug][gc,phases      ] GC(53)     Total                          Min: 0, Avg:  0.0, Max: 0, Diff: 0, Sum: 0, Workers: 4
[25.234s][debug][gc,phases      ] GC(53)   Weak JFR Old Object Samples    Min:  0.0, Avg:  0.0, Max:  0.0, Diff:  0.0, Sum:  0.0, Workers: 4
[25.234s][debug][gc,phases      ] GC(53)     Dead                           Min: 0, Avg:  0.0, Max: 0, Diff: 0, Sum: 0, Workers: 4
[25.234s][debug][gc,phases      ] GC(53)     Total                          Min: 0, Avg:  0.0, Max: 0, Diff: 0, Sum: 0, Workers: 4
[25.234s][debug][gc,phases      ] GC(53) Weak Processing 0.314ms
[25.234s][debug][gc,age         ] GC(53) Desired survivor size 220725248 bytes, new threshold 15 (max threshold 15)
[25.235s][info ][gc,heap        ] GC(53) PSYoungGen: 1651536K(1872896K)->11952K(1864704K) Eden: 1640448K(1640448K)->0K(1640448K) From: 11088K(232448K)->11952K(224256K)
[25.235s][info ][gc,heap        ] GC(53) ParOldGen: 502711K(599040K)->502727K(599040K)
[25.235s][info ][gc,metaspace   ] GC(53) Metaspace: 68903K(69696K)->68903K(69696K) NonClass: 58849K(59264K)->58849K(59264K) Class: 10054K(10432K)->10054K(10432K)
[25.235s][info ][gc             ] GC(53) Pause Young (Allocation Failure) 2103M->502M(2406M) 8.448ms
[25.235s][info ][gc,cpu         ] GC(53) User=0.03s Sys=0.00s Real=0.01s
[25.235s][info ][safepoint      ] Safepoint "ParallelGCFailedAllocation", Time since last: 294940267 ns, Reaching safepoint: 145204 ns, At safepoint: 8548413 ns, Total: 8693617 ns
[25.523s][info ][gc,start       ] GC(54) Pause Young (Allocation Failure)
[25.531s][debug][gc,phases      ] GC(54) Scavenge 7.760ms
[25.531s][debug][gc,ref         ] GC(54) Skipped phase 1 of Reference Processing: no references
[25.531s][debug][gc,ref         ] GC(54) ReferenceProcessor::execute queues: 1, RefProcThreadModel::Single, marks_oops_alive: false
[25.531s][debug][gc,ref         ] GC(54) Skipped phase 3 of Reference Processing: no references
[25.531s][debug][gc,ref         ] GC(54) Skipped phase 4 of Reference Processing: no references
[25.531s][debug][gc,phases      ] GC(54) Reference Processing 0.109ms
[25.531s][debug][gc,phases      ] GC(54)   VM Weak                        Min:  0.0, Avg:  0.0, Max:  0.0, Diff:  0.0, Sum:  0.0, Workers: 4
[25.531s][debug][gc,phases      ] GC(54)     Dead                           Min: 0, Avg:  0.0, Max: 0, Diff: 0, Sum: 0, Workers: 4
[25.531s][debug][gc,phases      ] GC(54)     Total                          Min: 0, Avg: 151.0, Max: 512, Diff: 512, Sum: 604, Workers: 4
[25.531s][debug][gc,phases      ] GC(54)   ObjectSynchronizer Weak        Min:  0.0, Avg:  0.0, Max:  0.0, Diff:  0.0, Sum:  0.0, Workers: 4
[25.531s][debug][gc,phases      ] GC(54)     Dead                           Min: 0, Avg:  0.0, Max: 0, Diff: 0, Sum: 0, Workers: 4
[25.531s][debug][gc,phases      ] GC(54)     Total                          Min: 0, Avg: 93.2, Max: 192, Diff: 192, Sum: 373, Workers: 4
[25.531s][debug][gc,phases      ] GC(54)   JVMTI Tag Weak OopStorage      Min:  0.0, Avg:  0.0, Max:  0.0, Diff:  0.0, Sum:  0.0, Workers: 4
[25.531s][debug][gc,phases      ] GC(54)     Dead                           Min: 0, Avg:  0.0, Max: 0, Diff: 0, Sum: 0, Workers: 4
[25.531s][debug][gc,phases      ] GC(54)     Total                          Min: 0, Avg:  0.0, Max: 0, Diff: 0, Sum: 0, Workers: 4
[25.531s][debug][gc,phases      ] GC(54)   StringTable Weak               Min:  0.1, Avg:  0.1, Max:  0.1, Diff:  0.0, Sum:  0.4, Workers: 4
[25.531s][debug][gc,phases      ] GC(54)     Dead                           Min: 0, Avg:  2.8, Max: 11, Diff: 11, Sum: 11, Workers: 4
[25.531s][debug][gc,phases      ] GC(54)     Total                          Min: 9269, Avg: 10720.5, Max: 12109, Diff: 2840, Sum: 42882, Workers: 4
[25.531s][debug][gc,phases      ] GC(54)   ResolvedMethodTable Weak       Min:  0.0, Avg:  0.0, Max:  0.0, Diff:  0.0, Sum:  0.1, Workers: 4
[25.531s][debug][gc,phases      ] GC(54)     Dead                           Min: 0, Avg:  0.0, Max: 0, Diff: 0, Sum: 0, Workers: 4
[25.531s][debug][gc,phases      ] GC(54)     Total                          Min: 1664, Avg: 1827.8, Max: 2048, Diff: 384, Sum: 7311, Workers: 4
[25.531s][debug][gc,phases      ] GC(54)   JNI Weak                       Min:  0.0, Avg:  0.0, Max:  0.0, Diff:  0.0, Sum:  0.0, Workers: 4
[25.531s][debug][gc,phases      ] GC(54)     Dead                           Min: 0, Avg:  0.0, Max: 0, Diff: 0, Sum: 0, Workers: 4
[25.531s][debug][gc,phases      ] GC(54)     Total                          Min: 0, Avg:  0.0, Max: 0, Diff: 0, Sum: 0, Workers: 4
[25.531s][debug][gc,phases      ] GC(54)   StringDedup Table Weak         Min:  0.0, Avg:  0.0, Max:  0.0, Diff:  0.0, Sum:  0.0, Workers: 4
[25.531s][debug][gc,phases      ] GC(54)     Dead                           Min: 0, Avg:  0.0, Max: 0, Diff: 0, Sum: 0, Workers: 4
[25.531s][debug][gc,phases      ] GC(54)     Total                          Min: 0, Avg:  0.0, Max: 0, Diff: 0, Sum: 0, Workers: 4
[25.531s][debug][gc,phases      ] GC(54)   StringDedup Requests0 Weak     Min:  0.0, Avg:  0.0, Max:  0.0, Diff:  0.0, Sum:  0.0, Workers: 4
[25.531s][debug][gc,phases      ] GC(54)     Dead                           Min: 0, Avg:  0.0, Max: 0, Diff: 0, Sum: 0, Workers: 4
[25.531s][debug][gc,phases      ] GC(54)     Total                          Min: 0, Avg:  0.0, Max: 0, Diff: 0, Sum: 0, Workers: 4
[25.531s][debug][gc,phases      ] GC(54)   StringDedup Requests1 Weak     Min:  0.0, Avg:  0.0, Max:  0.0, Diff:  0.0, Sum:  0.0, Workers: 4
[25.531s][debug][gc,phases      ] GC(54)     Dead                           Min: 0, Avg:  0.0, Max: 0, Diff: 0, Sum: 0, Workers: 4
[25.531s][debug][gc,phases      ] GC(54)     Total                          Min: 0, Avg:  0.0, Max: 0, Diff: 0, Sum: 0, Workers: 4
[25.531s][debug][gc,phases      ] GC(54)   Weak JFR Old Object Samples    Min:  0.0, Avg:  0.0, Max:  0.0, Diff:  0.0, Sum:  0.0, Workers: 4
[25.531s][debug][gc,phases      ] GC(54)     Dead                           Min: 0, Avg:  0.0, Max: 0, Diff: 0, Sum: 0, Workers: 4
[25.531s][debug][gc,phases      ] GC(54)     Total                          Min: 0, Avg:  0.0, Max: 0, Diff: 0, Sum: 0, Workers: 4
[25.532s][debug][gc,phases      ] GC(54) Weak Processing 0.319ms
[25.532s][debug][gc,age         ] GC(54) Desired survivor size 211288064 bytes, new threshold 15 (max threshold 15)
[25.532s][info ][gc,heap        ] GC(54) PSYoungGen: 1652400K(1864704K)->13744K(1890816K) Eden: 1640448K(1640448K)->0K(1675264K) From: 11952K(224256K)->13744K(215552K)
[25.532s][info ][gc,heap        ] GC(54) ParOldGen: 502727K(599040K)->502743K(599040K)
[25.532s][info ][gc,metaspace   ] GC(54) Metaspace: 68904K(69696K)->68904K(69696K) NonClass: 58850K(59264K)->58850K(59264K) Class: 10054K(10432K)->10054K(10432K)
[25.532s][info ][gc             ] GC(54) Pause Young (Allocation Failure) 2104M->504M(2431M) 8.322ms
[25.532s][info ][gc,cpu         ] GC(54) User=0.03s Sys=0.00s Real=0.02s
[25.532s][info ][safepoint      ] Safepoint "ParallelGCFailedAllocation", Time since last: 288363403 ns, Reaching safepoint: 227405 ns, At safepoint: 8435511 ns, Total: 8662916 ns
[25.845s][info ][gc,start       ] GC(55) Pause Young (Allocation Failure)
[25.853s][debug][gc,phases      ] GC(55) Scavenge 8.251ms
[25.853s][debug][gc,ref         ] GC(55) Skipped phase 1 of Reference Processing: no references
[25.853s][debug][gc,ref         ] GC(55) ReferenceProcessor::execute queues: 1, RefProcThreadModel::Single, marks_oops_alive: false
[25.853s][debug][gc,ref         ] GC(55) Skipped phase 3 of Reference Processing: no references
[25.853s][debug][gc,ref         ] GC(55) Skipped phase 4 of Reference Processing: no references
[25.853s][debug][gc,phases      ] GC(55) Reference Processing 0.116ms
[25.853s][debug][gc,phases      ] GC(55)   VM Weak                        Min:  0.0, Avg:  0.0, Max:  0.0, Diff:  0.0, Sum:  0.0, Workers: 4
[25.853s][debug][gc,phases      ] GC(55)     Dead                           Min: 0, Avg:  0.0, Max: 0, Diff: 0, Sum: 0, Workers: 4
[25.853s][debug][gc,phases      ] GC(55)     Total                          Min: 0, Avg: 151.0, Max: 604, Diff: 604, Sum: 604, Workers: 4
[25.853s][debug][gc,phases      ] GC(55)   ObjectSynchronizer Weak        Min:  0.0, Avg:  0.0, Max:  0.0, Diff:  0.0, Sum:  0.0, Workers: 4
[25.853s][debug][gc,phases      ] GC(55)     Dead                           Min: 0, Avg:  0.0, Max: 0, Diff: 0, Sum: 0, Workers: 4
[25.853s][debug][gc,phases      ] GC(55)     Total                          Min: 0, Avg: 93.2, Max: 245, Diff: 245, Sum: 373, Workers: 4
[25.853s][debug][gc,phases      ] GC(55)   JVMTI Tag Weak OopStorage      Min:  0.0, Avg:  0.0, Max:  0.0, Diff:  0.0, Sum:  0.0, Workers: 4
[25.853s][debug][gc,phases      ] GC(55)     Dead                           Min: 0, Avg:  0.0, Max: 0, Diff: 0, Sum: 0, Workers: 4
[25.853s][debug][gc,phases      ] GC(55)     Total                          Min: 0, Avg:  0.0, Max: 0, Diff: 0, Sum: 0, Workers: 4
[25.853s][debug][gc,phases      ] GC(55)   StringTable Weak               Min:  0.1, Avg:  0.1, Max:  0.1, Diff:  0.0, Sum:  0.3, Workers: 4
[25.853s][debug][gc,phases      ] GC(55)     Dead                           Min: 0, Avg:  0.0, Max: 0, Diff: 0, Sum: 0, Workers: 4
[25.853s][debug][gc,phases      ] GC(55)     Total                          Min: 9856, Avg: 10720.8, Max: 11469, Diff: 1613, Sum: 42883, Workers: 4
[25.853s][debug][gc,phases      ] GC(55)   ResolvedMethodTable Weak       Min:  0.0, Avg:  0.0, Max:  0.0, Diff:  0.0, Sum:  0.1, Workers: 4
[25.853s][debug][gc,phases      ] GC(55)     Dead                           Min: 0, Avg:  0.0, Max: 0, Diff: 0, Sum: 0, Workers: 4
[25.853s][debug][gc,phases      ] GC(55)     Total                          Min: 1679, Avg: 1827.8, Max: 1920, Diff: 241, Sum: 7311, Workers: 4
[25.853s][debug][gc,phases      ] GC(55)   JNI Weak                       Min:  0.0, Avg:  0.0, Max:  0.0, Diff:  0.0, Sum:  0.0, Workers: 4
[25.853s][debug][gc,phases      ] GC(55)     Dead                           Min: 0, Avg:  0.0, Max: 0, Diff: 0, Sum: 0, Workers: 4
[25.853s][debug][gc,phases      ] GC(55)     Total                          Min: 0, Avg:  0.0, Max: 0, Diff: 0, Sum: 0, Workers: 4
[25.853s][debug][gc,phases      ] GC(55)   StringDedup Table Weak         Min:  0.0, Avg:  0.0, Max:  0.0, Diff:  0.0, Sum:  0.0, Workers: 4
[25.853s][debug][gc,phases      ] GC(55)     Dead                           Min: 0, Avg:  0.0, Max: 0, Diff: 0, Sum: 0, Workers: 4
[25.853s][debug][gc,phases      ] GC(55)     Total                          Min: 0, Avg:  0.0, Max: 0, Diff: 0, Sum: 0, Workers: 4
[25.853s][debug][gc,phases      ] GC(55)   StringDedup Requests0 Weak     Min:  0.0, Avg:  0.0, Max:  0.0, Diff:  0.0, Sum:  0.0, Workers: 4
[25.853s][debug][gc,phases      ] GC(55)     Dead                           Min: 0, Avg:  0.0, Max: 0, Diff: 0, Sum: 0, Workers: 4
[25.853s][debug][gc,phases      ] GC(55)     Total                          Min: 0, Avg:  0.0, Max: 0, Diff: 0, Sum: 0, Workers: 4
[25.853s][debug][gc,phases      ] GC(55)   StringDedup Requests1 Weak     Min:  0.0, Avg:  0.0, Max:  0.0, Diff:  0.0, Sum:  0.0, Workers: 4
[25.853s][debug][gc,phases      ] GC(55)     Dead                           Min: 0, Avg:  0.0, Max: 0, Diff: 0, Sum: 0, Workers: 4
[25.853s][debug][gc,phases      ] GC(55)     Total                          Min: 0, Avg:  0.0, Max: 0, Diff: 0, Sum: 0, Workers: 4
[25.853s][debug][gc,phases      ] GC(55)   Weak JFR Old Object Samples    Min:  0.0, Avg:  0.0, Max:  0.0, Diff:  0.0, Sum:  0.0, Workers: 4
[25.853s][debug][gc,phases      ] GC(55)     Dead                           Min: 0, Avg:  0.0, Max: 0, Diff: 0, Sum: 0, Workers: 4
[25.853s][debug][gc,phases      ] GC(55)     Total                          Min: 0, Avg:  0.0, Max: 0, Diff: 0, Sum: 0, Workers: 4
[25.853s][debug][gc,phases      ] GC(55) Weak Processing 0.273ms
[25.853s][debug][gc,age         ] GC(55) Desired survivor size 200802304 bytes, new threshold 15 (max threshold 15)
[25.853s][info ][gc,heap        ] GC(55) PSYoungGen: 1689008K(1890816K)->15072K(1881600K) Eden: 1675264K(1675264K)->0K(1675264K) From: 13744K(215552K)->15072K(206336K)
[25.853s][info ][gc,heap        ] GC(55) ParOldGen: 502743K(599040K)->502775K(599040K)
[25.853s][info ][gc,metaspace   ] GC(55) Metaspace: 68904K(69696K)->68904K(69696K) NonClass: 58850K(59264K)->58850K(59264K) Class: 10054K(10432K)->10054K(10432K)
[25.853s][info ][gc             ] GC(55) Pause Young (Allocation Failure) 2140M->505M(2422M) 8.788ms
[25.853s][info ][gc,cpu         ] GC(55) User=0.03s Sys=0.00s Real=0.01s
[25.854s][info ][safepoint      ] Safepoint "ParallelGCFailedAllocation", Time since last: 312849514 ns, Reaching safepoint: 156604 ns, At safepoint: 8894522 ns, Total: 9051126 ns
[26.197s][info ][gc,start       ] GC(56) Pause Young (Allocation Failure)
[26.208s][debug][gc,phases      ] GC(56) Scavenge 11.249ms
[26.208s][debug][gc,ref         ] GC(56) Skipped phase 1 of Reference Processing: no references
[26.208s][debug][gc,ref         ] GC(56) ReferenceProcessor::execute queues: 1, RefProcThreadModel::Single, marks_oops_alive: false
[26.208s][debug][gc,ref         ] GC(56) Skipped phase 3 of Reference Processing: no references
[26.208s][debug][gc,ref         ] GC(56) ReferenceProcessor::execute queues: 1, RefProcThreadModel::Single, marks_oops_alive: false
[26.208s][debug][gc,phases      ] GC(56) Reference Processing 0.104ms
[26.209s][debug][gc,phases      ] GC(56)   VM Weak                        Min:  0.0, Avg:  0.0, Max:  0.0, Diff:  0.0, Sum:  0.0, Workers: 4
[26.209s][debug][gc,phases      ] GC(56)     Dead                           Min: 0, Avg:  0.0, Max: 0, Diff: 0, Sum: 0, Workers: 4
[26.209s][debug][gc,phases      ] GC(56)     Total                          Min: 0, Avg: 151.0, Max: 348, Diff: 348, Sum: 604, Workers: 4
[26.209s][debug][gc,phases      ] GC(56)   ObjectSynchronizer Weak        Min:  0.0, Avg:  0.0, Max:  0.0, Diff:  0.0, Sum:  0.0, Workers: 4
[26.209s][debug][gc,phases      ] GC(56)     Dead                           Min: 0, Avg:  0.0, Max: 0, Diff: 0, Sum: 0, Workers: 4
[26.209s][debug][gc,phases      ] GC(56)     Total                          Min: 0, Avg: 93.2, Max: 181, Diff: 181, Sum: 373, Workers: 4
[26.209s][debug][gc,phases      ] GC(56)   JVMTI Tag Weak OopStorage      Min:  0.0, Avg:  0.0, Max:  0.0, Diff:  0.0, Sum:  0.0, Workers: 4
[26.209s][debug][gc,phases      ] GC(56)     Dead                           Min: 0, Avg:  0.0, Max: 0, Diff: 0, Sum: 0, Workers: 4
[26.209s][debug][gc,phases      ] GC(56)     Total                          Min: 0, Avg:  0.0, Max: 0, Diff: 0, Sum: 0, Workers: 4
[26.209s][debug][gc,phases      ] GC(56)   StringTable Weak               Min:  0.1, Avg:  0.1, Max:  0.1, Diff:  0.0, Sum:  0.4, Workers: 4
[26.209s][debug][gc,phases      ] GC(56)     Dead                           Min: 0, Avg:  2.8, Max: 11, Diff: 11, Sum: 11, Workers: 4
[26.209s][debug][gc,phases      ] GC(56)     Total                          Min: 10176, Avg: 10724.8, Max: 11200, Diff: 1024, Sum: 42899, Workers: 4
[26.209s][debug][gc,phases      ] GC(56)   ResolvedMethodTable Weak       Min:  0.0, Avg:  0.0, Max:  0.0, Diff:  0.0, Sum:  0.1, Workers: 4
[26.209s][debug][gc,phases      ] GC(56)     Dead                           Min: 0, Avg:  0.2, Max: 1, Diff: 1, Sum: 1, Workers: 4
[26.209s][debug][gc,phases      ] GC(56)     Total                          Min: 1615, Avg: 1827.8, Max: 2048, Diff: 433, Sum: 7311, Workers: 4
[26.209s][debug][gc,phases      ] GC(56)   JNI Weak                       Min:  0.0, Avg:  0.0, Max:  0.0, Diff:  0.0, Sum:  0.0, Workers: 4
[26.209s][debug][gc,phases      ] GC(56)     Dead                           Min: 0, Avg:  0.0, Max: 0, Diff: 0, Sum: 0, Workers: 4
[26.209s][debug][gc,phases      ] GC(56)     Total                          Min: 0, Avg:  0.0, Max: 0, Diff: 0, Sum: 0, Workers: 4
[26.209s][debug][gc,phases      ] GC(56)   StringDedup Table Weak         Min:  0.0, Avg:  0.0, Max:  0.0, Diff:  0.0, Sum:  0.0, Workers: 4
[26.209s][debug][gc,phases      ] GC(56)     Dead                           Min: 0, Avg:  0.0, Max: 0, Diff: 0, Sum: 0, Workers: 4
[26.209s][debug][gc,phases      ] GC(56)     Total                          Min: 0, Avg:  0.0, Max: 0, Diff: 0, Sum: 0, Workers: 4
[26.209s][debug][gc,phases      ] GC(56)   StringDedup Requests0 Weak     Min:  0.0, Avg:  0.0, Max:  0.0, Diff:  0.0, Sum:  0.0, Workers: 4
[26.209s][debug][gc,phases      ] GC(56)     Dead                           Min: 0, Avg:  0.0, Max: 0, Diff: 0, Sum: 0, Workers: 4
[26.209s][debug][gc,phases      ] GC(56)     Total                          Min: 0, Avg:  0.0, Max: 0, Diff: 0, Sum: 0, Workers: 4
[26.209s][debug][gc,phases      ] GC(56)   StringDedup Requests1 Weak     Min:  0.0, Avg:  0.0, Max:  0.0, Diff:  0.0, Sum:  0.0, Workers: 4
[26.209s][debug][gc,phases      ] GC(56)     Dead                           Min: 0, Avg:  0.0, Max: 0, Diff: 0, Sum: 0, Workers: 4
[26.209s][debug][gc,phases      ] GC(56)     Total                          Min: 0, Avg:  0.0, Max: 0, Diff: 0, Sum: 0, Workers: 4
[26.209s][debug][gc,phases      ] GC(56)   Weak JFR Old Object Samples    Min:  0.0, Avg:  0.0, Max:  0.0, Diff:  0.0, Sum:  0.0, Workers: 4
[26.209s][debug][gc,phases      ] GC(56)     Dead                           Min: 0, Avg:  0.0, Max: 0, Diff: 0, Sum: 0, Workers: 4
[26.209s][debug][gc,phases      ] GC(56)     Total                          Min: 0, Avg:  0.0, Max: 0, Diff: 0, Sum: 0, Workers: 4
[26.209s][debug][gc,phases      ] GC(56) Weak Processing 0.297ms
[26.209s][debug][gc,age         ] GC(56) Desired survivor size 190316544 bytes, new threshold 15 (max threshold 15)
[26.209s][info ][gc,heap        ] GC(56) PSYoungGen: 1690336K(1881600K)->18288K(1911296K) Eden: 1675264K(1675264K)->0K(1715200K) From: 15072K(206336K)->18288K(196096K)
[26.209s][info ][gc,heap        ] GC(56) ParOldGen: 502775K(599040K)->502807K(599040K)
[26.209s][info ][gc,metaspace   ] GC(56) Metaspace: 68913K(69696K)->68913K(69696K) NonClass: 58858K(59264K)->58858K(59264K) Class: 10054K(10432K)->10054K(10432K)
[26.209s][info ][gc             ] GC(56) Pause Young (Allocation Failure) 2141M->508M(2451M) 11.783ms
[26.209s][info ][gc,cpu         ] GC(56) User=0.05s Sys=0.00s Real=0.01s
[26.209s][info ][safepoint      ] Safepoint "ParallelGCFailedAllocation", Time since last: 343189772 ns, Reaching safepoint: 164804 ns, At safepoint: 11899597 ns, Total: 12064401 ns
[26.514s][info ][gc,start       ] GC(57) Pause Young (Allocation Failure)
[26.526s][debug][gc,phases      ] GC(57) Scavenge 12.250ms
[26.526s][debug][gc,ref         ] GC(57) Skipped phase 1 of Reference Processing: no references
[26.526s][debug][gc,ref         ] GC(57) ReferenceProcessor::execute queues: 1, RefProcThreadModel::Single, marks_oops_alive: false
[26.526s][debug][gc,ref         ] GC(57) Skipped phase 3 of Reference Processing: no references
[26.526s][debug][gc,ref         ] GC(57) ReferenceProcessor::execute queues: 1, RefProcThreadModel::Single, marks_oops_alive: false
[26.526s][debug][gc,phases      ] GC(57) Reference Processing 0.098ms
[26.526s][debug][gc,phases      ] GC(57)   VM Weak                        Min:  0.0, Avg:  0.0, Max:  0.0, Diff:  0.0, Sum:  0.0, Workers: 4
[26.526s][debug][gc,phases      ] GC(57)     Dead                           Min: 0, Avg:  0.0, Max: 0, Diff: 0, Sum: 0, Workers: 4
[26.526s][debug][gc,phases      ] GC(57)     Total                          Min: 0, Avg: 151.0, Max: 604, Diff: 604, Sum: 604, Workers: 4
[26.526s][debug][gc,phases      ] GC(57)   ObjectSynchronizer Weak        Min:  0.0, Avg:  0.0, Max:  0.0, Diff:  0.0, Sum:  0.0, Workers: 4
[26.526s][debug][gc,phases      ] GC(57)     Dead                           Min: 0, Avg:  0.0, Max: 0, Diff: 0, Sum: 0, Workers: 4
[26.526s][debug][gc,phases      ] GC(57)     Total                          Min: 0, Avg: 93.2, Max: 192, Diff: 192, Sum: 373, Workers: 4
[26.526s][debug][gc,phases      ] GC(57)   JVMTI Tag Weak OopStorage      Min:  0.0, Avg:  0.0, Max:  0.0, Diff:  0.0, Sum:  0.0, Workers: 4
[26.526s][debug][gc,phases      ] GC(57)     Dead                           Min: 0, Avg:  0.0, Max: 0, Diff: 0, Sum: 0, Workers: 4
[26.526s][debug][gc,phases      ] GC(57)     Total                          Min: 0, Avg:  0.0, Max: 0, Diff: 0, Sum: 0, Workers: 4
[26.526s][debug][gc,phases      ] GC(57)   StringTable Weak               Min:  0.1, Avg:  0.1, Max:  0.1, Diff:  0.0, Sum:  0.4, Workers: 4
[26.526s][debug][gc,phases      ] GC(57)     Dead                           Min: 0, Avg:  2.8, Max: 11, Diff: 11, Sum: 11, Workers: 4
[26.526s][debug][gc,phases      ] GC(57)     Total                          Min: 9634, Avg: 10728.5, Max: 11648, Diff: 2014, Sum: 42914, Workers: 4
[26.526s][debug][gc,phases      ] GC(57)   ResolvedMethodTable Weak       Min:  0.0, Avg:  0.0, Max:  0.0, Diff:  0.0, Sum:  0.1, Workers: 4
[26.526s][debug][gc,phases      ] GC(57)     Dead                           Min: 0, Avg:  0.0, Max: 0, Diff: 0, Sum: 0, Workers: 4
[26.526s][debug][gc,phases      ] GC(57)     Total                          Min: 1551, Avg: 1827.8, Max: 1984, Diff: 433, Sum: 7311, Workers: 4
[26.526s][debug][gc,phases      ] GC(57)   JNI Weak                       Min:  0.0, Avg:  0.0, Max:  0.0, Diff:  0.0, Sum:  0.0, Workers: 4
[26.526s][debug][gc,phases      ] GC(57)     Dead                           Min: 0, Avg:  0.0, Max: 0, Diff: 0, Sum: 0, Workers: 4
[26.526s][debug][gc,phases      ] GC(57)     Total                          Min: 0, Avg:  0.0, Max: 0, Diff: 0, Sum: 0, Workers: 4
[26.526s][debug][gc,phases      ] GC(57)   StringDedup Table Weak         Min:  0.0, Avg:  0.0, Max:  0.0, Diff:  0.0, Sum:  0.0, Workers: 4
[26.526s][debug][gc,phases      ] GC(57)     Dead                           Min: 0, Avg:  0.0, Max: 0, Diff: 0, Sum: 0, Workers: 4
[26.526s][debug][gc,phases      ] GC(57)     Total                          Min: 0, Avg:  0.0, Max: 0, Diff: 0, Sum: 0, Workers: 4
[26.526s][debug][gc,phases      ] GC(57)   StringDedup Requests0 Weak     Min:  0.0, Avg:  0.0, Max:  0.0, Diff:  0.0, Sum:  0.0, Workers: 4
[26.526s][debug][gc,phases      ] GC(57)     Dead                           Min: 0, Avg:  0.0, Max: 0, Diff: 0, Sum: 0, Workers: 4
[26.526s][debug][gc,phases      ] GC(57)     Total                          Min: 0, Avg:  0.0, Max: 0, Diff: 0, Sum: 0, Workers: 4
[26.526s][debug][gc,phases      ] GC(57)   StringDedup Requests1 Weak     Min:  0.0, Avg:  0.0, Max:  0.0, Diff:  0.0, Sum:  0.0, Workers: 4
[26.526s][debug][gc,phases      ] GC(57)     Dead                           Min: 0, Avg:  0.0, Max: 0, Diff: 0, Sum: 0, Workers: 4
[26.526s][debug][gc,phases      ] GC(57)     Total                          Min: 0, Avg:  0.0, Max: 0, Diff: 0, Sum: 0, Workers: 4
[26.526s][debug][gc,phases      ] GC(57)   Weak JFR Old Object Samples    Min:  0.0, Avg:  0.0, Max:  0.0, Diff:  0.0, Sum:  0.0, Workers: 4
[26.526s][debug][gc,phases      ] GC(57)     Dead                           Min: 0, Avg:  0.0, Max: 0, Diff: 0, Sum: 0, Workers: 4
[26.526s][debug][gc,phases      ] GC(57)     Total                          Min: 0, Avg:  0.0, Max: 0, Diff: 0, Sum: 0, Workers: 4
[26.527s][debug][gc,phases      ] GC(57) Weak Processing 0.313ms
[26.527s][debug][gc,age         ] GC(57) Desired survivor size 179830784 bytes, new threshold 15 (max threshold 15)
[26.527s][info ][gc,heap        ] GC(57) PSYoungGen: 1733488K(1911296K)->21040K(1901056K) Eden: 1715200K(1715200K)->0K(1715200K) From: 18288K(196096K)->21040K(185856K)
[26.527s][info ][gc,heap        ] GC(57) ParOldGen: 502807K(599040K)->502839K(599040K)
[26.527s][info ][gc,metaspace   ] GC(57) Metaspace: 68943K(69760K)->68943K(69760K) NonClass: 58889K(59328K)->58889K(59328K) Class: 10054K(10432K)->10054K(10432K)
[26.527s][info ][gc             ] GC(57) Pause Young (Allocation Failure) 2183M->511M(2441M) 12.788ms
[26.527s][info ][gc,cpu         ] GC(57) User=0.05s Sys=0.00s Real=0.01s
[26.527s][info ][safepoint      ] Safepoint "ParallelGCFailedAllocation", Time since last: 304793812 ns, Reaching safepoint: 147504 ns, At safepoint: 12898522 ns, Total: 13046026 ns
[26.808s][info ][gc,start       ] GC(58) Pause Young (Allocation Failure)
[26.822s][debug][gc,phases      ] GC(58) Scavenge 14.095ms
[26.822s][debug][gc,ref         ] GC(58) Skipped phase 1 of Reference Processing: no references
[26.822s][debug][gc,ref         ] GC(58) Skipped phase 2 of Reference Processing: no references
[26.822s][debug][gc,ref         ] GC(58) Skipped phase 3 of Reference Processing: no references
[26.822s][debug][gc,ref         ] GC(58) ReferenceProcessor::execute queues: 1, RefProcThreadModel::Single, marks_oops_alive: false
[26.822s][debug][gc,phases      ] GC(58) Reference Processing 0.105ms
[26.822s][debug][gc,phases      ] GC(58)   VM Weak                        Min:  0.0, Avg:  0.0, Max:  0.0, Diff:  0.0, Sum:  0.0, Workers: 4
[26.822s][debug][gc,phases      ] GC(58)     Dead                           Min: 0, Avg:  0.0, Max: 0, Diff: 0, Sum: 0, Workers: 4
[26.822s][debug][gc,phases      ] GC(58)     Total                          Min: 0, Avg: 151.0, Max: 512, Diff: 512, Sum: 604, Workers: 4
[26.822s][debug][gc,phases      ] GC(58)   ObjectSynchronizer Weak        Min:  0.0, Avg:  0.0, Max:  0.0, Diff:  0.0, Sum:  0.0, Workers: 4
[26.822s][debug][gc,phases      ] GC(58)     Dead                           Min: 0, Avg:  0.0, Max: 0, Diff: 0, Sum: 0, Workers: 4
[26.822s][debug][gc,phases      ] GC(58)     Total                          Min: 0, Avg: 93.2, Max: 245, Diff: 245, Sum: 373, Workers: 4
[26.822s][debug][gc,phases      ] GC(58)   JVMTI Tag Weak OopStorage      Min:  0.0, Avg:  0.0, Max:  0.0, Diff:  0.0, Sum:  0.0, Workers: 4
[26.822s][debug][gc,phases      ] GC(58)     Dead                           Min: 0, Avg:  0.0, Max: 0, Diff: 0, Sum: 0, Workers: 4
[26.822s][debug][gc,phases      ] GC(58)     Total                          Min: 0, Avg:  0.0, Max: 0, Diff: 0, Sum: 0, Workers: 4
[26.822s][debug][gc,phases      ] GC(58)   StringTable Weak               Min:  0.1, Avg:  0.1, Max:  0.1, Diff:  0.0, Sum:  0.4, Workers: 4
[26.822s][debug][gc,phases      ] GC(58)     Dead                           Min: 0, Avg:  0.0, Max: 0, Diff: 0, Sum: 0, Workers: 4
[26.822s][debug][gc,phases      ] GC(58)     Total                          Min: 10112, Avg: 10728.5, Max: 11490, Diff: 1378, Sum: 42914, Workers: 4
[26.822s][debug][gc,phases      ] GC(58)   ResolvedMethodTable Weak       Min:  0.0, Avg:  0.0, Max:  0.0, Diff:  0.0, Sum:  0.1, Workers: 4
[26.822s][debug][gc,phases      ] GC(58)     Dead                           Min: 0, Avg:  0.0, Max: 0, Diff: 0, Sum: 0, Workers: 4
[26.822s][debug][gc,phases      ] GC(58)     Total                          Min: 1599, Avg: 1827.8, Max: 2048, Diff: 449, Sum: 7311, Workers: 4
[26.822s][debug][gc,phases      ] GC(58)   JNI Weak                       Min:  0.0, Avg:  0.0, Max:  0.0, Diff:  0.0, Sum:  0.0, Workers: 4
[26.822s][debug][gc,phases      ] GC(58)     Dead                           Min: 0, Avg:  0.0, Max: 0, Diff: 0, Sum: 0, Workers: 4
[26.822s][debug][gc,phases      ] GC(58)     Total                          Min: 0, Avg:  0.5, Max: 2, Diff: 2, Sum: 2, Workers: 4
[26.822s][debug][gc,phases      ] GC(58)   StringDedup Table Weak         Min:  0.0, Avg:  0.0, Max:  0.0, Diff:  0.0, Sum:  0.0, Workers: 4
[26.822s][debug][gc,phases      ] GC(58)     Dead                           Min: 0, Avg:  0.0, Max: 0, Diff: 0, Sum: 0, Workers: 4
[26.822s][debug][gc,phases      ] GC(58)     Total                          Min: 0, Avg:  0.0, Max: 0, Diff: 0, Sum: 0, Workers: 4
[26.822s][debug][gc,phases      ] GC(58)   StringDedup Requests0 Weak     Min:  0.0, Avg:  0.0, Max:  0.0, Diff:  0.0, Sum:  0.0, Workers: 4
[26.822s][debug][gc,phases      ] GC(58)     Dead                           Min: 0, Avg:  0.0, Max: 0, Diff: 0, Sum: 0, Workers: 4
[26.822s][debug][gc,phases      ] GC(58)     Total                          Min: 0, Avg:  0.0, Max: 0, Diff: 0, Sum: 0, Workers: 4
[26.822s][debug][gc,phases      ] GC(58)   StringDedup Requests1 Weak     Min:  0.0, Avg:  0.0, Max:  0.0, Diff:  0.0, Sum:  0.0, Workers: 4
[26.822s][debug][gc,phases      ] GC(58)     Dead                           Min: 0, Avg:  0.0, Max: 0, Diff: 0, Sum: 0, Workers: 4
[26.822s][debug][gc,phases      ] GC(58)     Total                          Min: 0, Avg:  0.0, Max: 0, Diff: 0, Sum: 0, Workers: 4
[26.822s][debug][gc,phases      ] GC(58)   Weak JFR Old Object Samples    Min:  0.0, Avg:  0.0, Max:  0.0, Diff:  0.0, Sum:  0.0, Workers: 4
[26.822s][debug][gc,phases      ] GC(58)     Dead                           Min: 0, Avg:  0.0, Max: 0, Diff: 0, Sum: 0, Workers: 4
[26.822s][debug][gc,phases      ] GC(58)     Total                          Min: 0, Avg:  0.0, Max: 0, Diff: 0, Sum: 0, Workers: 4
[26.822s][debug][gc,phases      ] GC(58) Weak Processing 0.301ms
[26.822s][debug][gc,age         ] GC(58) Desired survivor size 168820736 bytes, new threshold 15 (max threshold 15)
[26.822s][info ][gc,heap        ] GC(58) PSYoungGen: 1736240K(1901056K)->23369K(1932288K) Eden: 1715200K(1715200K)->0K(1756672K) From: 21040K(185856K)->23369K(175616K)
[26.822s][info ][gc,heap        ] GC(58) ParOldGen: 502839K(599040K)->502871K(599040K)
[26.822s][info ][gc,metaspace   ] GC(58) Metaspace: 68943K(69760K)->68943K(69760K) NonClass: 58889K(59328K)->58889K(59328K) Class: 10054K(10432K)->10054K(10432K)
[26.822s][info ][gc             ] GC(58) Pause Young (Allocation Failure) 2186M->513M(2472M) 14.635ms
[26.822s][info ][gc,cpu         ] GC(58) User=0.07s Sys=0.00s Real=0.01s
[26.822s][info ][safepoint      ] Safepoint "ParallelGCFailedAllocation", Time since last: 280847114 ns, Reaching safepoint: 78802 ns, At safepoint: 14749769 ns, Total: 14828571 ns
[27.160s][info ][gc,start       ] GC(59) Pause Young (Allocation Failure)
[27.174s][debug][gc,phases      ] GC(59) Scavenge 13.682ms
[27.174s][debug][gc,ref         ] GC(59) Skipped phase 1 of Reference Processing: no references
[27.174s][debug][gc,ref         ] GC(59) Skipped phase 2 of Reference Processing: no references
[27.174s][debug][gc,ref         ] GC(59) Skipped phase 3 of Reference Processing: no references
[27.174s][debug][gc,ref         ] GC(59) ReferenceProcessor::execute queues: 1, RefProcThreadModel::Single, marks_oops_alive: false
[27.174s][debug][gc,phases      ] GC(59) Reference Processing 0.106ms
[27.174s][debug][gc,phases      ] GC(59)   VM Weak                        Min:  0.0, Avg:  0.0, Max:  0.0, Diff:  0.0, Sum:  0.0, Workers: 4
[27.174s][debug][gc,phases      ] GC(59)     Dead                           Min: 0, Avg:  0.0, Max: 0, Diff: 0, Sum: 0, Workers: 4
[27.174s][debug][gc,phases      ] GC(59)     Total                          Min: 0, Avg: 151.0, Max: 540, Diff: 540, Sum: 604, Workers: 4
[27.174s][debug][gc,phases      ] GC(59)   ObjectSynchronizer Weak        Min:  0.0, Avg:  0.0, Max:  0.0, Diff:  0.0, Sum:  0.0, Workers: 4
[27.174s][debug][gc,phases      ] GC(59)     Dead                           Min: 0, Avg:  0.0, Max: 0, Diff: 0, Sum: 0, Workers: 4
[27.174s][debug][gc,phases      ] GC(59)     Total                          Min: 0, Avg: 93.2, Max: 128, Diff: 128, Sum: 373, Workers: 4
[27.174s][debug][gc,phases      ] GC(59)   JVMTI Tag Weak OopStorage      Min:  0.0, Avg:  0.0, Max:  0.0, Diff:  0.0, Sum:  0.0, Workers: 4
[27.174s][debug][gc,phases      ] GC(59)     Dead                           Min: 0, Avg:  0.0, Max: 0, Diff: 0, Sum: 0, Workers: 4
[27.174s][debug][gc,phases      ] GC(59)     Total                          Min: 0, Avg:  0.0, Max: 0, Diff: 0, Sum: 0, Workers: 4
[27.174s][debug][gc,phases      ] GC(59)   StringTable Weak               Min:  0.1, Avg:  0.1, Max:  0.1, Diff:  0.0, Sum:  0.4, Workers: 4
[27.174s][debug][gc,phases      ] GC(59)     Dead                           Min: 0, Avg:  2.8, Max: 11, Diff: 11, Sum: 11, Workers: 4
[27.174s][debug][gc,phases      ] GC(59)     Total                          Min: 8960, Avg: 10730.8, Max: 11712, Diff: 2752, Sum: 42923, Workers: 4
[27.174s][debug][gc,phases      ] GC(59)   ResolvedMethodTable Weak       Min:  0.0, Avg:  0.0, Max:  0.0, Diff:  0.0, Sum:  0.1, Workers: 4
[27.174s][debug][gc,phases      ] GC(59)     Dead                           Min: 0, Avg:  0.0, Max: 0, Diff: 0, Sum: 0, Workers: 4
[27.174s][debug][gc,phases      ] GC(59)     Total                          Min: 1232, Avg: 1827.8, Max: 2176, Diff: 944, Sum: 7311, Workers: 4
[27.174s][debug][gc,phases      ] GC(59)   JNI Weak                       Min:  0.0, Avg:  0.0, Max:  0.0, Diff:  0.0, Sum:  0.0, Workers: 4
[27.174s][debug][gc,phases      ] GC(59)     Dead                           Min: 0, Avg:  0.0, Max: 0, Diff: 0, Sum: 0, Workers: 4
[27.174s][debug][gc,phases      ] GC(59)     Total                          Min: 0, Avg:  1.8, Max: 7, Diff: 7, Sum: 7, Workers: 4
[27.174s][debug][gc,phases      ] GC(59)   StringDedup Table Weak         Min:  0.0, Avg:  0.0, Max:  0.0, Diff:  0.0, Sum:  0.0, Workers: 4
[27.174s][debug][gc,phases      ] GC(59)     Dead                           Min: 0, Avg:  0.0, Max: 0, Diff: 0, Sum: 0, Workers: 4
[27.174s][debug][gc,phases      ] GC(59)     Total                          Min: 0, Avg:  0.0, Max: 0, Diff: 0, Sum: 0, Workers: 4
[27.174s][debug][gc,phases      ] GC(59)   StringDedup Requests0 Weak     Min:  0.0, Avg:  0.0, Max:  0.0, Diff:  0.0, Sum:  0.0, Workers: 4
[27.174s][debug][gc,phases      ] GC(59)     Dead                           Min: 0, Avg:  0.0, Max: 0, Diff: 0, Sum: 0, Workers: 4
[27.174s][debug][gc,phases      ] GC(59)     Total                          Min: 0, Avg:  0.0, Max: 0, Diff: 0, Sum: 0, Workers: 4
[27.174s][debug][gc,phases      ] GC(59)   StringDedup Requests1 Weak     Min:  0.0, Avg:  0.0, Max:  0.0, Diff:  0.0, Sum:  0.0, Workers: 4
[27.174s][debug][gc,phases      ] GC(59)     Dead                           Min: 0, Avg:  0.0, Max: 0, Diff: 0, Sum: 0, Workers: 4
[27.174s][debug][gc,phases      ] GC(59)     Total                          Min: 0, Avg:  0.0, Max: 0, Diff: 0, Sum: 0, Workers: 4
[27.174s][debug][gc,phases      ] GC(59)   Weak JFR Old Object Samples    Min:  0.0, Avg:  0.0, Max:  0.0, Diff:  0.0, Sum:  0.0, Workers: 4
[27.174s][debug][gc,phases      ] GC(59)     Dead                           Min: 0, Avg:  0.0, Max: 0, Diff: 0, Sum: 0, Workers: 4
[27.174s][debug][gc,phases      ] GC(59)     Total                          Min: 0, Avg:  0.0, Max: 0, Diff: 0, Sum: 0, Workers: 4
[27.174s][debug][gc,phases      ] GC(59) Weak Processing 0.315ms
[27.174s][debug][gc,age         ] GC(59) Desired survivor size 158859264 bytes, new threshold 15 (max threshold 15)
[27.174s][info ][gc,heap        ] GC(59) PSYoungGen: 1780041K(1932288K)->24848K(1921536K) Eden: 1756672K(1756672K)->0K(1756672K) From: 23369K(175616K)->24848K(164864K)
[27.174s][info ][gc,heap        ] GC(59) ParOldGen: 502871K(599040K)->503111K(599040K)
[27.174s][info ][gc,metaspace   ] GC(59) Metaspace: 68965K(69760K)->68965K(69760K) NonClass: 58911K(59328K)->58911K(59328K) Class: 10054K(10432K)->10054K(10432K)
[27.174s][info ][gc             ] GC(59) Pause Young (Allocation Failure) 2229M->515M(2461M) 14.238ms
[27.174s][info ][gc,cpu         ] GC(59) User=0.07s Sys=0.00s Real=0.02s
[27.174s][info ][safepoint      ] Safepoint "ParallelGCFailedAllocation", Time since last: 337644232 ns, Reaching safepoint: 126103 ns, At safepoint: 14341458 ns, Total: 14467561 ns
[27.513s][info ][gc,start       ] GC(60) Pause Young (Allocation Failure)
[27.527s][debug][gc,phases      ] GC(60) Scavenge 14.226ms
[27.527s][debug][gc,ref         ] GC(60) Skipped phase 1 of Reference Processing: no references
[27.527s][debug][gc,ref         ] GC(60) ReferenceProcessor::execute queues: 1, RefProcThreadModel::Single, marks_oops_alive: false
[27.527s][debug][gc,ref         ] GC(60) Skipped phase 3 of Reference Processing: no references
[27.527s][debug][gc,ref         ] GC(60) ReferenceProcessor::execute queues: 1, RefProcThreadModel::Single, marks_oops_alive: false
[27.527s][debug][gc,phases      ] GC(60) Reference Processing 0.131ms
[27.527s][debug][gc,phases      ] GC(60)   VM Weak                        Min:  0.0, Avg:  0.0, Max:  0.0, Diff:  0.0, Sum:  0.0, Workers: 4
[27.527s][debug][gc,phases      ] GC(60)     Dead                           Min: 0, Avg:  0.0, Max: 0, Diff: 0, Sum: 0, Workers: 4
[27.527s][debug][gc,phases      ] GC(60)     Total                          Min: 0, Avg: 151.0, Max: 604, Diff: 604, Sum: 604, Workers: 4
[27.527s][debug][gc,phases      ] GC(60)   ObjectSynchronizer Weak        Min:  0.0, Avg:  0.0, Max:  0.0, Diff:  0.0, Sum:  0.0, Workers: 4
[27.527s][debug][gc,phases      ] GC(60)     Dead                           Min: 0, Avg:  0.0, Max: 0, Diff: 0, Sum: 0, Workers: 4
[27.527s][debug][gc,phases      ] GC(60)     Total                          Min: 0, Avg: 93.2, Max: 320, Diff: 320, Sum: 373, Workers: 4
[27.527s][debug][gc,phases      ] GC(60)   JVMTI Tag Weak OopStorage      Min:  0.0, Avg:  0.0, Max:  0.0, Diff:  0.0, Sum:  0.0, Workers: 4
[27.527s][debug][gc,phases      ] GC(60)     Dead                           Min: 0, Avg:  0.0, Max: 0, Diff: 0, Sum: 0, Workers: 4
[27.527s][debug][gc,phases      ] GC(60)     Total                          Min: 0, Avg:  0.0, Max: 0, Diff: 0, Sum: 0, Workers: 4
[27.527s][debug][gc,phases      ] GC(60)   StringTable Weak               Min:  0.1, Avg:  0.1, Max:  0.1, Diff:  0.0, Sum:  0.4, Workers: 4
[27.527s][debug][gc,phases      ] GC(60)     Dead                           Min: 0, Avg:  2.8, Max: 11, Diff: 11, Sum: 11, Workers: 4
[27.527s][debug][gc,phases      ] GC(60)     Total                          Min: 8704, Avg: 10730.8, Max: 11947, Diff: 3243, Sum: 42923, Workers: 4
[27.527s][debug][gc,phases      ] GC(60)   ResolvedMethodTable Weak       Min:  0.0, Avg:  0.0, Max:  0.0, Diff:  0.0, Sum:  0.1, Workers: 4
[27.527s][debug][gc,phases      ] GC(60)     Dead                           Min: 0, Avg:  0.0, Max: 0, Diff: 0, Sum: 0, Workers: 4
[27.527s][debug][gc,phases      ] GC(60)     Total                          Min: 1535, Avg: 1827.8, Max: 2128, Diff: 593, Sum: 7311, Workers: 4
[27.527s][debug][gc,phases      ] GC(60)   JNI Weak                       Min:  0.0, Avg:  0.0, Max:  0.0, Diff:  0.0, Sum:  0.0, Workers: 4
[27.527s][debug][gc,phases      ] GC(60)     Dead                           Min: 0, Avg:  0.0, Max: 0, Diff: 0, Sum: 0, Workers: 4
[27.527s][debug][gc,phases      ] GC(60)     Total                          Min: 0, Avg:  0.0, Max: 0, Diff: 0, Sum: 0, Workers: 4
[27.527s][debug][gc,phases      ] GC(60)   StringDedup Table Weak         Min:  0.0, Avg:  0.0, Max:  0.0, Diff:  0.0, Sum:  0.0, Workers: 4
[27.527s][debug][gc,phases      ] GC(60)     Dead                           Min: 0, Avg:  0.0, Max: 0, Diff: 0, Sum: 0, Workers: 4
[27.527s][debug][gc,phases      ] GC(60)     Total                          Min: 0, Avg:  0.0, Max: 0, Diff: 0, Sum: 0, Workers: 4
[27.528s][debug][gc,phases      ] GC(60)   StringDedup Requests0 Weak     Min:  0.0, Avg:  0.0, Max:  0.0, Diff:  0.0, Sum:  0.0, Workers: 4
[27.528s][debug][gc,phases      ] GC(60)     Dead                           Min: 0, Avg:  0.0, Max: 0, Diff: 0, Sum: 0, Workers: 4
[27.528s][debug][gc,phases      ] GC(60)     Total                          Min: 0, Avg:  0.0, Max: 0, Diff: 0, Sum: 0, Workers: 4
[27.528s][debug][gc,phases      ] GC(60)   StringDedup Requests1 Weak     Min:  0.0, Avg:  0.0, Max:  0.0, Diff:  0.0, Sum:  0.0, Workers: 4
[27.528s][debug][gc,phases      ] GC(60)     Dead                           Min: 0, Avg:  0.0, Max: 0, Diff: 0, Sum: 0, Workers: 4
[27.528s][debug][gc,phases      ] GC(60)     Total                          Min: 0, Avg:  0.0, Max: 0, Diff: 0, Sum: 0, Workers: 4
[27.528s][debug][gc,phases      ] GC(60)   Weak JFR Old Object Samples    Min:  0.0, Avg:  0.0, Max:  0.0, Diff:  0.0, Sum:  0.0, Workers: 4
[27.528s][debug][gc,phases      ] GC(60)     Dead                           Min: 0, Avg:  0.0, Max: 0, Diff: 0, Sum: 0, Workers: 4
[27.528s][debug][gc,phases      ] GC(60)     Total                          Min: 0, Avg:  0.0, Max: 0, Diff: 0, Sum: 0, Workers: 4
[27.528s][debug][gc,phases      ] GC(60) Weak Processing 0.432ms
[27.528s][debug][gc,age         ] GC(60) Desired survivor size 148897792 bytes, new threshold 15 (max threshold 15)
[27.528s][info ][gc,heap        ] GC(60) PSYoungGen: 1781520K(1921536K)->24912K(1951744K) Eden: 1756672K(1756672K)->0K(1796608K) From: 24848K(164864K)->24912K(155136K)
[27.528s][info ][gc,heap        ] GC(60) ParOldGen: 503111K(599040K)->505367K(599040K)
[27.528s][info ][gc,metaspace   ] GC(60) Metaspace: 68968K(69760K)->68968K(69760K) NonClass: 58913K(59328K)->58913K(59328K) Class: 10054K(10432K)->10054K(10432K)
[27.528s][info ][gc             ] GC(60) Pause Young (Allocation Failure) 2231M->517M(2491M) 14.943ms
[27.528s][info ][gc,cpu         ] GC(60) User=0.05s Sys=0.01s Real=0.01s
[27.528s][info ][safepoint      ] Safepoint "ParallelGCFailedAllocation", Time since last: 338085643 ns, Reaching safepoint: 148404 ns, At safepoint: 15067076 ns, Total: 15215480 ns
[27.893s][info ][gc,start       ] GC(61) Pause Young (Allocation Failure)
[27.907s][debug][gc,phases      ] GC(61) Scavenge 14.526ms
[27.907s][debug][gc,ref         ] GC(61) Skipped phase 1 of Reference Processing: no references
[27.907s][debug][gc,ref         ] GC(61) Skipped phase 2 of Reference Processing: no references
[27.907s][debug][gc,ref         ] GC(61) Skipped phase 3 of Reference Processing: no references
[27.908s][debug][gc,ref         ] GC(61) ReferenceProcessor::execute queues: 1, RefProcThreadModel::Single, marks_oops_alive: false
[27.908s][debug][gc,phases      ] GC(61) Reference Processing 0.129ms
[27.908s][debug][gc,phases      ] GC(61)   VM Weak                        Min:  0.0, Avg:  0.0, Max:  0.0, Diff:  0.0, Sum:  0.0, Workers: 4
[27.908s][debug][gc,phases      ] GC(61)     Dead                           Min: 0, Avg:  0.0, Max: 0, Diff: 0, Sum: 0, Workers: 4
[27.908s][debug][gc,phases      ] GC(61)     Total                          Min: 0, Avg: 151.0, Max: 604, Diff: 604, Sum: 604, Workers: 4
[27.908s][debug][gc,phases      ] GC(61)   ObjectSynchronizer Weak        Min:  0.0, Avg:  0.0, Max:  0.0, Diff:  0.0, Sum:  0.0, Workers: 4
[27.908s][debug][gc,phases      ] GC(61)     Dead                           Min: 0, Avg:  0.0, Max: 0, Diff: 0, Sum: 0, Workers: 4
[27.908s][debug][gc,phases      ] GC(61)     Total                          Min: 0, Avg: 93.2, Max: 373, Diff: 373, Sum: 373, Workers: 4
[27.908s][debug][gc,phases      ] GC(61)   JVMTI Tag Weak OopStorage      Min:  0.0, Avg:  0.0, Max:  0.0, Diff:  0.0, Sum:  0.0, Workers: 4
[27.908s][debug][gc,phases      ] GC(61)     Dead                           Min: 0, Avg:  0.0, Max: 0, Diff: 0, Sum: 0, Workers: 4
[27.908s][debug][gc,phases      ] GC(61)     Total                          Min: 0, Avg:  0.0, Max: 0, Diff: 0, Sum: 0, Workers: 4
[27.908s][debug][gc,phases      ] GC(61)   StringTable Weak               Min:  0.1, Avg:  0.1, Max:  0.1, Diff:  0.0, Sum:  0.4, Workers: 4
[27.908s][debug][gc,phases      ] GC(61)     Dead                           Min: 0, Avg:  0.0, Max: 0, Diff: 0, Sum: 0, Workers: 4
[27.908s][debug][gc,phases      ] GC(61)     Total                          Min: 9664, Avg: 10730.8, Max: 11520, Diff: 1856, Sum: 42923, Workers: 4
[27.908s][debug][gc,phases      ] GC(61)   ResolvedMethodTable Weak       Min:  0.0, Avg:  0.0, Max:  0.0, Diff:  0.0, Sum:  0.1, Workers: 4
[27.908s][debug][gc,phases      ] GC(61)     Dead                           Min: 0, Avg:  0.0, Max: 0, Diff: 0, Sum: 0, Workers: 4
[27.908s][debug][gc,phases      ] GC(61)     Total                          Min: 1599, Avg: 1827.8, Max: 2000, Diff: 401, Sum: 7311, Workers: 4
[27.908s][debug][gc,phases      ] GC(61)   JNI Weak                       Min:  0.0, Avg:  0.0, Max:  0.0, Diff:  0.0, Sum:  0.0, Workers: 4
[27.908s][debug][gc,phases      ] GC(61)     Dead                           Min: 0, Avg:  0.0, Max: 0, Diff: 0, Sum: 0, Workers: 4
[27.908s][debug][gc,phases      ] GC(61)     Total                          Min: 0, Avg:  0.2, Max: 1, Diff: 1, Sum: 1, Workers: 4
[27.908s][debug][gc,phases      ] GC(61)   StringDedup Table Weak         Min:  0.0, Avg:  0.0, Max:  0.0, Diff:  0.0, Sum:  0.0, Workers: 4
[27.908s][debug][gc,phases      ] GC(61)     Dead                           Min: 0, Avg:  0.0, Max: 0, Diff: 0, Sum: 0, Workers: 4
[27.908s][debug][gc,phases      ] GC(61)     Total                          Min: 0, Avg:  0.0, Max: 0, Diff: 0, Sum: 0, Workers: 4
[27.908s][debug][gc,phases      ] GC(61)   StringDedup Requests0 Weak     Min:  0.0, Avg:  0.0, Max:  0.0, Diff:  0.0, Sum:  0.0, Workers: 4
[27.908s][debug][gc,phases      ] GC(61)     Dead                           Min: 0, Avg:  0.0, Max: 0, Diff: 0, Sum: 0, Workers: 4
[27.908s][debug][gc,phases      ] GC(61)     Total                          Min: 0, Avg:  0.0, Max: 0, Diff: 0, Sum: 0, Workers: 4
[27.908s][debug][gc,phases      ] GC(61)   StringDedup Requests1 Weak     Min:  0.0, Avg:  0.0, Max:  0.0, Diff:  0.0, Sum:  0.0, Workers: 4
[27.908s][debug][gc,phases      ] GC(61)     Dead                           Min: 0, Avg:  0.0, Max: 0, Diff: 0, Sum: 0, Workers: 4
[27.908s][debug][gc,phases      ] GC(61)     Total                          Min: 0, Avg:  0.0, Max: 0, Diff: 0, Sum: 0, Workers: 4
[27.908s][debug][gc,phases      ] GC(61)   Weak JFR Old Object Samples    Min:  0.0, Avg:  0.0, Max:  0.0, Diff:  0.0, Sum:  0.0, Workers: 4
[27.908s][debug][gc,phases      ] GC(61)     Dead                           Min: 0, Avg:  0.0, Max: 0, Diff: 0, Sum: 0, Workers: 4
[27.908s][debug][gc,phases      ] GC(61)     Total                          Min: 0, Avg:  0.0, Max: 0, Diff: 0, Sum: 0, Workers: 4
[27.908s][debug][gc,phases      ] GC(61) Weak Processing 0.311ms
[27.908s][debug][gc,age         ] GC(61) Desired survivor size 139460608 bytes, new threshold 15 (max threshold 15)
[27.908s][info ][gc,heap        ] GC(61) PSYoungGen: 1821520K(1951744K)->26128K(1942016K) Eden: 1796608K(1796608K)->0K(1796608K) From: 24912K(155136K)->26128K(145408K)
[27.908s][info ][gc,heap        ] GC(61) ParOldGen: 505367K(599040K)->506999K(599040K)
[27.908s][info ][gc,metaspace   ] GC(61) Metaspace: 68980K(69760K)->68980K(69760K) NonClass: 58926K(59328K)->58926K(59328K) Class: 10054K(10432K)->10054K(10432K)
[27.908s][info ][gc             ] GC(61) Pause Young (Allocation Failure) 2272M->520M(2481M) 15.108ms
[27.908s][info ][gc,cpu         ] GC(61) User=0.05s Sys=0.00s Real=0.01s
[27.908s][info ][safepoint      ] Safepoint "ParallelGCFailedAllocation", Time since last: 362874362 ns, Reaching safepoint: 2158054 ns, At safepoint: 15233380 ns, Total: 17391434 ns
[28.227s][info ][gc,start       ] GC(62) Pause Young (Allocation Failure)
[28.243s][debug][gc,phases      ] GC(62) Scavenge 15.911ms
[28.243s][debug][gc,ref         ] GC(62) Skipped phase 1 of Reference Processing: no references
[28.243s][debug][gc,ref         ] GC(62) ReferenceProcessor::execute queues: 1, RefProcThreadModel::Single, marks_oops_alive: false
[28.243s][debug][gc,ref         ] GC(62) Skipped phase 3 of Reference Processing: no references
[28.243s][debug][gc,ref         ] GC(62) Skipped phase 4 of Reference Processing: no references
[28.243s][debug][gc,phases      ] GC(62) Reference Processing 0.102ms
[28.244s][debug][gc,phases      ] GC(62)   VM Weak                        Min:  0.0, Avg:  0.0, Max:  0.0, Diff:  0.0, Sum:  0.0, Workers: 4
[28.244s][debug][gc,phases      ] GC(62)     Dead                           Min: 0, Avg:  0.0, Max: 0, Diff: 0, Sum: 0, Workers: 4
[28.244s][debug][gc,phases      ] GC(62)     Total                          Min: 0, Avg: 151.0, Max: 604, Diff: 604, Sum: 604, Workers: 4
[28.244s][debug][gc,phases      ] GC(62)   ObjectSynchronizer Weak        Min:  0.0, Avg:  0.0, Max:  0.0, Diff:  0.0, Sum:  0.0, Workers: 4
[28.244s][debug][gc,phases      ] GC(62)     Dead                           Min: 0, Avg:  0.0, Max: 0, Diff: 0, Sum: 0, Workers: 4
[28.244s][debug][gc,phases      ] GC(62)     Total                          Min: 0, Avg: 93.2, Max: 373, Diff: 373, Sum: 373, Workers: 4
[28.244s][debug][gc,phases      ] GC(62)   JVMTI Tag Weak OopStorage      Min:  0.0, Avg:  0.0, Max:  0.0, Diff:  0.0, Sum:  0.0, Workers: 4
[28.244s][debug][gc,phases      ] GC(62)     Dead                           Min: 0, Avg:  0.0, Max: 0, Diff: 0, Sum: 0, Workers: 4
[28.244s][debug][gc,phases      ] GC(62)     Total                          Min: 0, Avg:  0.0, Max: 0, Diff: 0, Sum: 0, Workers: 4
[28.244s][debug][gc,phases      ] GC(62)   StringTable Weak               Min:  0.1, Avg:  0.1, Max:  0.1, Diff:  0.0, Sum:  0.4, Workers: 4
[28.244s][debug][gc,phases      ] GC(62)     Dead                           Min: 0, Avg:  2.8, Max: 11, Diff: 11, Sum: 11, Workers: 4
[28.244s][debug][gc,phases      ] GC(62)     Total                          Min: 9344, Avg: 10730.8, Max: 12608, Diff: 3264, Sum: 42923, Workers: 4
[28.244s][debug][gc,phases      ] GC(62)   ResolvedMethodTable Weak       Min:  0.0, Avg:  0.0, Max:  0.0, Diff:  0.0, Sum:  0.1, Workers: 4
[28.244s][debug][gc,phases      ] GC(62)     Dead                           Min: 0, Avg:  0.0, Max: 0, Diff: 0, Sum: 0, Workers: 4
[28.244s][debug][gc,phases      ] GC(62)     Total                          Min: 1599, Avg: 1827.8, Max: 2000, Diff: 401, Sum: 7311, Workers: 4
[28.244s][debug][gc,phases      ] GC(62)   JNI Weak                       Min:  0.0, Avg:  0.0, Max:  0.0, Diff:  0.0, Sum:  0.0, Workers: 4
[28.244s][debug][gc,phases      ] GC(62)     Dead                           Min: 0, Avg:  0.0, Max: 0, Diff: 0, Sum: 0, Workers: 4
[28.244s][debug][gc,phases      ] GC(62)     Total                          Min: 0, Avg:  1.0, Max: 4, Diff: 4, Sum: 4, Workers: 4
[28.244s][debug][gc,phases      ] GC(62)   StringDedup Table Weak         Min:  0.0, Avg:  0.0, Max:  0.0, Diff:  0.0, Sum:  0.0, Workers: 4
[28.244s][debug][gc,phases      ] GC(62)     Dead                           Min: 0, Avg:  0.0, Max: 0, Diff: 0, Sum: 0, Workers: 4
[28.244s][debug][gc,phases      ] GC(62)     Total                          Min: 0, Avg:  0.0, Max: 0, Diff: 0, Sum: 0, Workers: 4
[28.244s][debug][gc,phases      ] GC(62)   StringDedup Requests0 Weak     Min:  0.0, Avg:  0.0, Max:  0.0, Diff:  0.0, Sum:  0.0, Workers: 4
[28.244s][debug][gc,phases      ] GC(62)     Dead                           Min: 0, Avg:  0.0, Max: 0, Diff: 0, Sum: 0, Workers: 4
[28.244s][debug][gc,phases      ] GC(62)     Total                          Min: 0, Avg:  0.0, Max: 0, Diff: 0, Sum: 0, Workers: 4
[28.244s][debug][gc,phases      ] GC(62)   StringDedup Requests1 Weak     Min:  0.0, Avg:  0.0, Max:  0.0, Diff:  0.0, Sum:  0.0, Workers: 4
[28.244s][debug][gc,phases      ] GC(62)     Dead                           Min: 0, Avg:  0.0, Max: 0, Diff: 0, Sum: 0, Workers: 4
[28.244s][debug][gc,phases      ] GC(62)     Total                          Min: 0, Avg:  0.0, Max: 0, Diff: 0, Sum: 0, Workers: 4
[28.244s][debug][gc,phases      ] GC(62)   Weak JFR Old Object Samples    Min:  0.0, Avg:  0.0, Max:  0.0, Diff:  0.0, Sum:  0.0, Workers: 4
[28.244s][debug][gc,phases      ] GC(62)     Dead                           Min: 0, Avg:  0.0, Max: 0, Diff: 0, Sum: 0, Workers: 4
[28.244s][debug][gc,phases      ] GC(62)     Total                          Min: 0, Avg:  0.0, Max: 0, Diff: 0, Sum: 0, Workers: 4
[28.244s][debug][gc,phases      ] GC(62) Weak Processing 0.309ms
[28.244s][debug][gc,age         ] GC(62) Desired survivor size 130547712 bytes, new threshold 15 (max threshold 15)
[28.244s][info ][gc,heap        ] GC(62) PSYoungGen: 1822736K(1942016K)->26848K(1969664K) Eden: 1796608K(1796608K)->0K(1833472K) From: 26128K(145408K)->26848K(136192K)
[28.244s][info ][gc,heap        ] GC(62) ParOldGen: 506999K(599040K)->508287K(599040K)
[28.244s][info ][gc,metaspace   ] GC(62) Metaspace: 68988K(69824K)->68988K(69824K) NonClass: 58934K(59392K)->58934K(59392K) Class: 10054K(10432K)->10054K(10432K)
[28.244s][info ][gc             ] GC(62) Pause Young (Allocation Failure) 2275M->522M(2508M) 16.459ms
[28.244s][info ][gc,cpu         ] GC(62) User=0.06s Sys=0.00s Real=0.02s
[28.244s][info ][safepoint      ] Safepoint "ParallelGCFailedAllocation", Time since last: 319079668 ns, Reaching safepoint: 148004 ns, At safepoint: 16576013 ns, Total: 16724017 ns
[28.557s][info ][gc,start       ] GC(63) Pause Young (Allocation Failure)
[28.572s][debug][gc,phases      ] GC(63) Scavenge 14.684ms
[28.572s][debug][gc,ref         ] GC(63) Skipped phase 1 of Reference Processing: no references
[28.572s][debug][gc,ref         ] GC(63) Skipped phase 2 of Reference Processing: no references
[28.572s][debug][gc,ref         ] GC(63) Skipped phase 3 of Reference Processing: no references
[28.572s][debug][gc,ref         ] GC(63) ReferenceProcessor::execute queues: 1, RefProcThreadModel::Single, marks_oops_alive: false
[28.572s][debug][gc,phases      ] GC(63) Reference Processing 0.122ms
[28.572s][debug][gc,phases      ] GC(63)   VM Weak                        Min:  0.0, Avg:  0.0, Max:  0.0, Diff:  0.0, Sum:  0.0, Workers: 4
[28.572s][debug][gc,phases      ] GC(63)     Dead                           Min: 0, Avg:  0.0, Max: 0, Diff: 0, Sum: 0, Workers: 4
[28.572s][debug][gc,phases      ] GC(63)     Total                          Min: 0, Avg: 151.0, Max: 320, Diff: 320, Sum: 604, Workers: 4
[28.572s][debug][gc,phases      ] GC(63)   ObjectSynchronizer Weak        Min:  0.0, Avg:  0.0, Max:  0.0, Diff:  0.0, Sum:  0.0, Workers: 4
[28.572s][debug][gc,phases      ] GC(63)     Dead                           Min: 0, Avg:  0.0, Max: 0, Diff: 0, Sum: 0, Workers: 4
[28.572s][debug][gc,phases      ] GC(63)     Total                          Min: 0, Avg: 93.2, Max: 128, Diff: 128, Sum: 373, Workers: 4
[28.572s][debug][gc,phases      ] GC(63)   JVMTI Tag Weak OopStorage      Min:  0.0, Avg:  0.0, Max:  0.0, Diff:  0.0, Sum:  0.0, Workers: 4
[28.572s][debug][gc,phases      ] GC(63)     Dead                           Min: 0, Avg:  0.0, Max: 0, Diff: 0, Sum: 0, Workers: 4
[28.572s][debug][gc,phases      ] GC(63)     Total                          Min: 0, Avg:  0.0, Max: 0, Diff: 0, Sum: 0, Workers: 4
[28.572s][debug][gc,phases      ] GC(63)   StringTable Weak               Min:  0.1, Avg:  0.1, Max:  0.1, Diff:  0.0, Sum:  0.4, Workers: 4
[28.572s][debug][gc,phases      ] GC(63)     Dead                           Min: 0, Avg:  2.8, Max: 11, Diff: 11, Sum: 11, Workers: 4
[28.572s][debug][gc,phases      ] GC(63)     Total                          Min: 9856, Avg: 10731.0, Max: 12076, Diff: 2220, Sum: 42924, Workers: 4
[28.572s][debug][gc,phases      ] GC(63)   ResolvedMethodTable Weak       Min:  0.0, Avg:  0.0, Max:  0.0, Diff:  0.0, Sum:  0.1, Workers: 4
[28.573s][debug][gc,phases      ] GC(63)     Dead                           Min: 0, Avg:  0.0, Max: 0, Diff: 0, Sum: 0, Workers: 4
[28.573s][debug][gc,phases      ] GC(63)     Total                          Min: 1727, Avg: 1827.8, Max: 1984, Diff: 257, Sum: 7311, Workers: 4
[28.573s][debug][gc,phases      ] GC(63)   JNI Weak                       Min:  0.0, Avg:  0.0, Max:  0.0, Diff:  0.0, Sum:  0.0, Workers: 4
[28.573s][debug][gc,phases      ] GC(63)     Dead                           Min: 0, Avg:  0.0, Max: 0, Diff: 0, Sum: 0, Workers: 4
[28.573s][debug][gc,phases      ] GC(63)     Total                          Min: 0, Avg:  0.0, Max: 0, Diff: 0, Sum: 0, Workers: 4
[28.573s][debug][gc,phases      ] GC(63)   StringDedup Table Weak         Min:  0.0, Avg:  0.0, Max:  0.0, Diff:  0.0, Sum:  0.0, Workers: 4
[28.573s][debug][gc,phases      ] GC(63)     Dead                           Min: 0, Avg:  0.0, Max: 0, Diff: 0, Sum: 0, Workers: 4
[28.573s][debug][gc,phases      ] GC(63)     Total                          Min: 0, Avg:  0.0, Max: 0, Diff: 0, Sum: 0, Workers: 4
[28.573s][debug][gc,phases      ] GC(63)   StringDedup Requests0 Weak     Min:  0.0, Avg:  0.0, Max:  0.0, Diff:  0.0, Sum:  0.0, Workers: 4
[28.573s][debug][gc,phases      ] GC(63)     Dead                           Min: 0, Avg:  0.0, Max: 0, Diff: 0, Sum: 0, Workers: 4
[28.573s][debug][gc,phases      ] GC(63)     Total                          Min: 0, Avg:  0.0, Max: 0, Diff: 0, Sum: 0, Workers: 4
[28.573s][debug][gc,phases      ] GC(63)   StringDedup Requests1 Weak     Min:  0.0, Avg:  0.0, Max:  0.0, Diff:  0.0, Sum:  0.0, Workers: 4
[28.573s][debug][gc,phases      ] GC(63)     Dead                           Min: 0, Avg:  0.0, Max: 0, Diff: 0, Sum: 0, Workers: 4
[28.573s][debug][gc,phases      ] GC(63)     Total                          Min: 0, Avg:  0.0, Max: 0, Diff: 0, Sum: 0, Workers: 4
[28.573s][debug][gc,phases      ] GC(63)   Weak JFR Old Object Samples    Min:  0.0, Avg:  0.0, Max:  0.0, Diff:  0.0, Sum:  0.0, Workers: 4
[28.573s][debug][gc,phases      ] GC(63)     Dead                           Min: 0, Avg:  0.0, Max: 0, Diff: 0, Sum: 0, Workers: 4
[28.573s][debug][gc,phases      ] GC(63)     Total                          Min: 0, Avg:  0.0, Max: 0, Diff: 0, Sum: 0, Workers: 4
[28.573s][debug][gc,phases      ] GC(63) Weak Processing 0.304ms
[28.573s][debug][gc,age         ] GC(63) Desired survivor size 122683392 bytes, new threshold 15 (max threshold 15)
[28.573s][info ][gc,heap        ] GC(63) PSYoungGen: 1860320K(1969664K)->27061K(1960960K) Eden: 1833472K(1833472K)->0K(1833472K) From: 26848K(136192K)->27061K(127488K)
[28.573s][info ][gc,heap        ] GC(63) ParOldGen: 508287K(599040K)->510103K(599040K)
[28.573s][info ][gc,metaspace   ] GC(63) Metaspace: 69002K(69824K)->69002K(69824K) NonClass: 58948K(59392K)->58948K(59392K) Class: 10054K(10432K)->10054K(10432K)
[28.573s][info ][gc             ] GC(63) Pause Young (Allocation Failure) 2313M->524M(2500M) 15.254ms
[28.573s][info ][gc,cpu         ] GC(63) User=0.06s Sys=0.00s Real=0.02s
[28.573s][info ][safepoint      ] Safepoint "ParallelGCFailedAllocation", Time since last: 313395326 ns, Reaching safepoint: 145904 ns, At safepoint: 15371283 ns, Total: 15517187 ns
[28.907s][info ][gc,start       ] GC(64) Pause Young (Allocation Failure)
[28.922s][debug][gc,phases      ] GC(64) Scavenge 14.966ms
[28.922s][debug][gc,ref         ] GC(64) Skipped phase 1 of Reference Processing: no references
[28.922s][debug][gc,ref         ] GC(64) ReferenceProcessor::execute queues: 1, RefProcThreadModel::Single, marks_oops_alive: false
[28.922s][debug][gc,ref         ] GC(64) Skipped phase 3 of Reference Processing: no references
[28.922s][debug][gc,ref         ] GC(64) Skipped phase 4 of Reference Processing: no references
[28.922s][debug][gc,phases      ] GC(64) Reference Processing 0.104ms
[28.922s][debug][gc,phases      ] GC(64)   VM Weak                        Min:  0.0, Avg:  0.0, Max:  0.0, Diff:  0.0, Sum:  0.0, Workers: 4
[28.922s][debug][gc,phases      ] GC(64)     Dead                           Min: 0, Avg:  0.0, Max: 0, Diff: 0, Sum: 0, Workers: 4
[28.922s][debug][gc,phases      ] GC(64)     Total                          Min: 0, Avg: 151.0, Max: 604, Diff: 604, Sum: 604, Workers: 4
[28.922s][debug][gc,phases      ] GC(64)   ObjectSynchronizer Weak        Min:  0.0, Avg:  0.0, Max:  0.0, Diff:  0.0, Sum:  0.0, Workers: 4
[28.922s][debug][gc,phases      ] GC(64)     Dead                           Min: 0, Avg:  0.0, Max: 0, Diff: 0, Sum: 0, Workers: 4
[28.922s][debug][gc,phases      ] GC(64)     Total                          Min: 0, Avg: 93.2, Max: 245, Diff: 245, Sum: 373, Workers: 4
[28.922s][debug][gc,phases      ] GC(64)   JVMTI Tag Weak OopStorage      Min:  0.0, Avg:  0.0, Max:  0.0, Diff:  0.0, Sum:  0.0, Workers: 4
[28.922s][debug][gc,phases      ] GC(64)     Dead                           Min: 0, Avg:  0.0, Max: 0, Diff: 0, Sum: 0, Workers: 4
[28.922s][debug][gc,phases      ] GC(64)     Total                          Min: 0, Avg:  0.0, Max: 0, Diff: 0, Sum: 0, Workers: 4
[28.922s][debug][gc,phases      ] GC(64)   StringTable Weak               Min:  0.1, Avg:  0.1, Max:  0.1, Diff:  0.0, Sum:  0.4, Workers: 4
[28.922s][debug][gc,phases      ] GC(64)     Dead                           Min: 0, Avg:  0.0, Max: 0, Diff: 0, Sum: 0, Workers: 4
[28.922s][debug][gc,phases      ] GC(64)     Total                          Min: 7744, Avg: 10731.5, Max: 13696, Diff: 5952, Sum: 42926, Workers: 4
[28.922s][debug][gc,phases      ] GC(64)   ResolvedMethodTable Weak       Min:  0.0, Avg:  0.0, Max:  0.0, Diff:  0.0, Sum:  0.1, Workers: 4
[28.922s][debug][gc,phases      ] GC(64)     Dead                           Min: 0, Avg:  0.0, Max: 0, Diff: 0, Sum: 0, Workers: 4
[28.922s][debug][gc,phases      ] GC(64)     Total                          Min: 1599, Avg: 1827.8, Max: 2192, Diff: 593, Sum: 7311, Workers: 4
[28.922s][debug][gc,phases      ] GC(64)   JNI Weak                       Min:  0.0, Avg:  0.0, Max:  0.0, Diff:  0.0, Sum:  0.0, Workers: 4
[28.922s][debug][gc,phases      ] GC(64)     Dead                           Min: 0, Avg:  0.0, Max: 0, Diff: 0, Sum: 0, Workers: 4
[28.922s][debug][gc,phases      ] GC(64)     Total                          Min: 0, Avg:  0.0, Max: 0, Diff: 0, Sum: 0, Workers: 4
[28.922s][debug][gc,phases      ] GC(64)   StringDedup Table Weak         Min:  0.0, Avg:  0.0, Max:  0.0, Diff:  0.0, Sum:  0.0, Workers: 4
[28.922s][debug][gc,phases      ] GC(64)     Dead                           Min: 0, Avg:  0.0, Max: 0, Diff: 0, Sum: 0, Workers: 4
[28.922s][debug][gc,phases      ] GC(64)     Total                          Min: 0, Avg:  0.0, Max: 0, Diff: 0, Sum: 0, Workers: 4
[28.922s][debug][gc,phases      ] GC(64)   StringDedup Requests0 Weak     Min:  0.0, Avg:  0.0, Max:  0.0, Diff:  0.0, Sum:  0.0, Workers: 4
[28.922s][debug][gc,phases      ] GC(64)     Dead                           Min: 0, Avg:  0.0, Max: 0, Diff: 0, Sum: 0, Workers: 4
[28.922s][debug][gc,phases      ] GC(64)     Total                          Min: 0, Avg:  0.0, Max: 0, Diff: 0, Sum: 0, Workers: 4
[28.922s][debug][gc,phases      ] GC(64)   StringDedup Requests1 Weak     Min:  0.0, Avg:  0.0, Max:  0.0, Diff:  0.0, Sum:  0.0, Workers: 4
[28.922s][debug][gc,phases      ] GC(64)     Dead                           Min: 0, Avg:  0.0, Max: 0, Diff: 0, Sum: 0, Workers: 4
[28.922s][debug][gc,phases      ] GC(64)     Total                          Min: 0, Avg:  0.0, Max: 0, Diff: 0, Sum: 0, Workers: 4
[28.922s][debug][gc,phases      ] GC(64)   Weak JFR Old Object Samples    Min:  0.0, Avg:  0.0, Max:  0.0, Diff:  0.0, Sum:  0.0, Workers: 4
[28.922s][debug][gc,phases      ] GC(64)     Dead                           Min: 0, Avg:  0.0, Max: 0, Diff: 0, Sum: 0, Workers: 4
[28.922s][debug][gc,phases      ] GC(64)     Total                          Min: 0, Avg:  0.0, Max: 0, Diff: 0, Sum: 0, Workers: 4
[28.922s][debug][gc,phases      ] GC(64) Weak Processing 0.302ms
[28.922s][debug][gc,age         ] GC(64) Desired survivor size 114819072 bytes, new threshold 15 (max threshold 15)
[28.922s][info ][gc,heap        ] GC(64) PSYoungGen: 1860533K(1960960K)->27856K(1985024K) Eden: 1833472K(1833472K)->0K(1865216K) From: 27061K(127488K)->27856K(119808K)
[28.922s][info ][gc,heap        ] GC(64) ParOldGen: 510103K(599040K)->510991K(599040K)
[28.922s][info ][gc,metaspace   ] GC(64) Metaspace: 69015K(69824K)->69015K(69824K) NonClass: 58959K(59392K)->58959K(59392K) Class: 10055K(10432K)->10055K(10432K)
[28.922s][info ][gc             ] GC(64) Pause Young (Allocation Failure) 2315M->526M(2523M) 15.501ms
[28.922s][info ][gc,cpu         ] GC(64) User=0.06s Sys=0.00s Real=0.01s
[28.923s][info ][safepoint      ] Safepoint "ParallelGCFailedAllocation", Time since last: 334118043 ns, Reaching safepoint: 131004 ns, At safepoint: 15615990 ns, Total: 15746994 ns
[29.248s][info ][gc,start       ] GC(65) Pause Young (Allocation Failure)
[29.262s][debug][gc,phases      ] GC(65) Scavenge 13.600ms
[29.262s][debug][gc,ref         ] GC(65) Skipped phase 1 of Reference Processing: no references
[29.262s][debug][gc,ref         ] GC(65) ReferenceProcessor::execute queues: 1, RefProcThreadModel::Single, marks_oops_alive: false
[29.262s][debug][gc,ref         ] GC(65) Skipped phase 3 of Reference Processing: no references
[29.262s][debug][gc,ref         ] GC(65) Skipped phase 4 of Reference Processing: no references
[29.262s][debug][gc,phases      ] GC(65) Reference Processing 0.106ms
[29.262s][debug][gc,phases      ] GC(65)   VM Weak                        Min:  0.0, Avg:  0.0, Max:  0.0, Diff:  0.0, Sum:  0.0, Workers: 4
[29.262s][debug][gc,phases      ] GC(65)     Dead                           Min: 0, Avg:  0.0, Max: 0, Diff: 0, Sum: 0, Workers: 4
[29.262s][debug][gc,phases      ] GC(65)     Total                          Min: 0, Avg: 151.0, Max: 448, Diff: 448, Sum: 604, Workers: 4
[29.262s][debug][gc,phases      ] GC(65)   ObjectSynchronizer Weak        Min:  0.0, Avg:  0.0, Max:  0.0, Diff:  0.0, Sum:  0.0, Workers: 4
[29.262s][debug][gc,phases      ] GC(65)     Dead                           Min: 0, Avg:  0.0, Max: 0, Diff: 0, Sum: 0, Workers: 4
[29.262s][debug][gc,phases      ] GC(65)     Total                          Min: 0, Avg: 93.2, Max: 192, Diff: 192, Sum: 373, Workers: 4
[29.262s][debug][gc,phases      ] GC(65)   JVMTI Tag Weak OopStorage      Min:  0.0, Avg:  0.0, Max:  0.0, Diff:  0.0, Sum:  0.0, Workers: 4
[29.262s][debug][gc,phases      ] GC(65)     Dead                           Min: 0, Avg:  0.0, Max: 0, Diff: 0, Sum: 0, Workers: 4
[29.262s][debug][gc,phases      ] GC(65)     Total                          Min: 0, Avg:  0.0, Max: 0, Diff: 0, Sum: 0, Workers: 4
[29.262s][debug][gc,phases      ] GC(65)   StringTable Weak               Min:  0.1, Avg:  0.1, Max:  0.1, Diff:  0.0, Sum:  0.3, Workers: 4
[29.262s][debug][gc,phases      ] GC(65)     Dead                           Min: 0, Avg:  2.8, Max: 11, Diff: 11, Sum: 11, Workers: 4
[29.262s][debug][gc,phases      ] GC(65)     Total                          Min: 10048, Avg: 10733.0, Max: 11252, Diff: 1204, Sum: 42932, Workers: 4
[29.262s][debug][gc,phases      ] GC(65)   ResolvedMethodTable Weak       Min:  0.0, Avg:  0.0, Max:  0.0, Diff:  0.0, Sum:  0.1, Workers: 4
[29.262s][debug][gc,phases      ] GC(65)     Dead                           Min: 0, Avg:  0.0, Max: 0, Diff: 0, Sum: 0, Workers: 4
[29.262s][debug][gc,phases      ] GC(65)     Total                          Min: 1727, Avg: 1827.8, Max: 1920, Diff: 193, Sum: 7311, Workers: 4
[29.262s][debug][gc,phases      ] GC(65)   JNI Weak                       Min:  0.0, Avg:  0.0, Max:  0.0, Diff:  0.0, Sum:  0.0, Workers: 4
[29.262s][debug][gc,phases      ] GC(65)     Dead                           Min: 0, Avg:  0.0, Max: 0, Diff: 0, Sum: 0, Workers: 4
[29.262s][debug][gc,phases      ] GC(65)     Total                          Min: 0, Avg:  0.2, Max: 1, Diff: 1, Sum: 1, Workers: 4
[29.262s][debug][gc,phases      ] GC(65)   StringDedup Table Weak         Min:  0.0, Avg:  0.0, Max:  0.0, Diff:  0.0, Sum:  0.0, Workers: 4
[29.262s][debug][gc,phases      ] GC(65)     Dead                           Min: 0, Avg:  0.0, Max: 0, Diff: 0, Sum: 0, Workers: 4
[29.262s][debug][gc,phases      ] GC(65)     Total                          Min: 0, Avg:  0.0, Max: 0, Diff: 0, Sum: 0, Workers: 4
[29.262s][debug][gc,phases      ] GC(65)   StringDedup Requests0 Weak     Min:  0.0, Avg:  0.0, Max:  0.0, Diff:  0.0, Sum:  0.0, Workers: 4
[29.262s][debug][gc,phases      ] GC(65)     Dead                           Min: 0, Avg:  0.0, Max: 0, Diff: 0, Sum: 0, Workers: 4
[29.262s][debug][gc,phases      ] GC(65)     Total                          Min: 0, Avg:  0.0, Max: 0, Diff: 0, Sum: 0, Workers: 4
[29.262s][debug][gc,phases      ] GC(65)   StringDedup Requests1 Weak     Min:  0.0, Avg:  0.0, Max:  0.0, Diff:  0.0, Sum:  0.0, Workers: 4
[29.262s][debug][gc,phases      ] GC(65)     Dead                           Min: 0, Avg:  0.0, Max: 0, Diff: 0, Sum: 0, Workers: 4
[29.262s][debug][gc,phases      ] GC(65)     Total                          Min: 0, Avg:  0.0, Max: 0, Diff: 0, Sum: 0, Workers: 4
[29.262s][debug][gc,phases      ] GC(65)   Weak JFR Old Object Samples    Min:  0.0, Avg:  0.0, Max:  0.0, Diff:  0.0, Sum:  0.0, Workers: 4
[29.262s][debug][gc,phases      ] GC(65)     Dead                           Min: 0, Avg:  0.0, Max: 0, Diff: 0, Sum: 0, Workers: 4
[29.262s][debug][gc,phases      ] GC(65)     Total                          Min: 0, Avg:  0.0, Max: 0, Diff: 0, Sum: 0, Workers: 4
[29.262s][debug][gc,phases      ] GC(65) Weak Processing 0.282ms
[29.262s][debug][gc,age         ] GC(65) Desired survivor size 107479040 bytes, new threshold 15 (max threshold 15)
[29.262s][info ][gc,heap        ] GC(65) PSYoungGen: 1893072K(1985024K)->28992K(1977344K) Eden: 1865216K(1865216K)->0K(1865216K) From: 27856K(119808K)->28992K(112128K)
[29.262s][info ][gc,heap        ] GC(65) ParOldGen: 510991K(599040K)->512199K(599040K)
[29.262s][info ][gc,metaspace   ] GC(65) Metaspace: 69030K(69824K)->69030K(69824K) NonClass: 58974K(59392K)->58974K(59392K) Class: 10055K(10432K)->10055K(10432K)
[29.262s][info ][gc             ] GC(65) Pause Young (Allocation Failure) 2347M->528M(2516M) 14.114ms
[29.262s][info ][gc,cpu         ] GC(65) User=0.06s Sys=0.00s Real=0.01s
[29.262s][info ][safepoint      ] Safepoint "ParallelGCFailedAllocation", Time since last: 325519727 ns, Reaching safepoint: 153204 ns, At safepoint: 14222455 ns, Total: 14375659 ns
[29.685s][info ][gc,start       ] GC(66) Pause Young (Allocation Failure)
[29.704s][debug][gc,phases      ] GC(66) Scavenge 18.880ms
[29.704s][debug][gc,ref         ] GC(66) Skipped phase 1 of Reference Processing: no references
[29.704s][debug][gc,ref         ] GC(66) Skipped phase 2 of Reference Processing: no references
[29.704s][debug][gc,ref         ] GC(66) Skipped phase 3 of Reference Processing: no references
[29.704s][debug][gc,ref         ] GC(66) Skipped phase 4 of Reference Processing: no references
[29.704s][debug][gc,phases      ] GC(66) Reference Processing 0.024ms
[29.705s][debug][gc,phases      ] GC(66)   VM Weak                        Min:  0.0, Avg:  0.0, Max:  0.0, Diff:  0.0, Sum:  0.0, Workers: 4
[29.705s][debug][gc,phases      ] GC(66)     Dead                           Min: 0, Avg:  0.0, Max: 0, Diff: 0, Sum: 0, Workers: 4
[29.705s][debug][gc,phases      ] GC(66)     Total                          Min: 0, Avg: 151.0, Max: 540, Diff: 540, Sum: 604, Workers: 4
[29.705s][debug][gc,phases      ] GC(66)   ObjectSynchronizer Weak        Min:  0.0, Avg:  0.0, Max:  0.0, Diff:  0.0, Sum:  0.0, Workers: 4
[29.705s][debug][gc,phases      ] GC(66)     Dead                           Min: 0, Avg:  0.0, Max: 0, Diff: 0, Sum: 0, Workers: 4
[29.705s][debug][gc,phases      ] GC(66)     Total                          Min: 0, Avg: 93.2, Max: 192, Diff: 192, Sum: 373, Workers: 4
[29.705s][debug][gc,phases      ] GC(66)   JVMTI Tag Weak OopStorage      Min:  0.0, Avg:  0.0, Max:  0.0, Diff:  0.0, Sum:  0.0, Workers: 4
[29.705s][debug][gc,phases      ] GC(66)     Dead                           Min: 0, Avg:  0.0, Max: 0, Diff: 0, Sum: 0, Workers: 4
[29.705s][debug][gc,phases      ] GC(66)     Total                          Min: 0, Avg:  0.0, Max: 0, Diff: 0, Sum: 0, Workers: 4
[29.705s][debug][gc,phases      ] GC(66)   StringTable Weak               Min:  0.1, Avg:  0.1, Max:  0.1, Diff:  0.0, Sum:  0.4, Workers: 4
[29.705s][debug][gc,phases      ] GC(66)     Dead                           Min: 0, Avg:  2.8, Max: 11, Diff: 11, Sum: 11, Workers: 4
[29.705s][debug][gc,phases      ] GC(66)     Total                          Min: 9588, Avg: 10733.0, Max: 12992, Diff: 3404, Sum: 42932, Workers: 4
[29.705s][debug][gc,phases      ] GC(66)   ResolvedMethodTable Weak       Min:  0.0, Avg:  0.0, Max:  0.0, Diff:  0.0, Sum:  0.1, Workers: 4
[29.705s][debug][gc,phases      ] GC(66)     Dead                           Min: 0, Avg:  0.0, Max: 0, Diff: 0, Sum: 0, Workers: 4
[29.705s][debug][gc,phases      ] GC(66)     Total                          Min: 1551, Avg: 1827.8, Max: 2176, Diff: 625, Sum: 7311, Workers: 4
[29.705s][debug][gc,phases      ] GC(66)   JNI Weak                       Min:  0.0, Avg:  0.0, Max:  0.0, Diff:  0.0, Sum:  0.0, Workers: 4
[29.705s][debug][gc,phases      ] GC(66)     Dead                           Min: 0, Avg:  0.0, Max: 0, Diff: 0, Sum: 0, Workers: 4
[29.705s][debug][gc,phases      ] GC(66)     Total                          Min: 0, Avg:  0.0, Max: 0, Diff: 0, Sum: 0, Workers: 4
[29.705s][debug][gc,phases      ] GC(66)   StringDedup Table Weak         Min:  0.0, Avg:  0.0, Max:  0.0, Diff:  0.0, Sum:  0.0, Workers: 4
[29.705s][debug][gc,phases      ] GC(66)     Dead                           Min: 0, Avg:  0.0, Max: 0, Diff: 0, Sum: 0, Workers: 4
[29.705s][debug][gc,phases      ] GC(66)     Total                          Min: 0, Avg:  0.0, Max: 0, Diff: 0, Sum: 0, Workers: 4
[29.705s][debug][gc,phases      ] GC(66)   StringDedup Requests0 Weak     Min:  0.0, Avg:  0.0, Max:  0.0, Diff:  0.0, Sum:  0.0, Workers: 4
[29.705s][debug][gc,phases      ] GC(66)     Dead                           Min: 0, Avg:  0.0, Max: 0, Diff: 0, Sum: 0, Workers: 4
[29.705s][debug][gc,phases      ] GC(66)     Total                          Min: 0, Avg:  0.0, Max: 0, Diff: 0, Sum: 0, Workers: 4
[29.705s][debug][gc,phases      ] GC(66)   StringDedup Requests1 Weak     Min:  0.0, Avg:  0.0, Max:  0.0, Diff:  0.0, Sum:  0.0, Workers: 4
[29.705s][debug][gc,phases      ] GC(66)     Dead                           Min: 0, Avg:  0.0, Max: 0, Diff: 0, Sum: 0, Workers: 4
[29.705s][debug][gc,phases      ] GC(66)     Total                          Min: 0, Avg:  0.0, Max: 0, Diff: 0, Sum: 0, Workers: 4
[29.705s][debug][gc,phases      ] GC(66)   Weak JFR Old Object Samples    Min:  0.0, Avg:  0.0, Max:  0.0, Diff:  0.0, Sum:  0.0, Workers: 4
[29.705s][debug][gc,phases      ] GC(66)     Dead                           Min: 0, Avg:  0.0, Max: 0, Diff: 0, Sum: 0, Workers: 4
[29.705s][debug][gc,phases      ] GC(66)     Total                          Min: 0, Avg:  0.0, Max: 0, Diff: 0, Sum: 0, Workers: 4
[29.705s][debug][gc,phases      ] GC(66) Weak Processing 0.304ms
[29.705s][debug][gc,age         ] GC(66) Desired survivor size 100139008 bytes, new threshold 15 (max threshold 15)
[29.705s][info ][gc,heap        ] GC(66) PSYoungGen: 1894208K(1977344K)->31744K(1999360K) Eden: 1865216K(1865216K)->0K(1894400K) From: 28992K(112128K)->31744K(104960K)
[29.705s][info ][gc,heap        ] GC(66) ParOldGen: 512199K(599040K)->513479K(599040K)
[29.705s][info ][gc,metaspace   ] GC(66) Metaspace: 69048K(69824K)->69048K(69824K) NonClass: 58992K(59392K)->58992K(59392K) Class: 10055K(10432K)->10055K(10432K)
[29.705s][info ][gc             ] GC(66) Pause Young (Allocation Failure) 2350M->532M(2537M) 19.360ms
[29.705s][info ][gc,cpu         ] GC(66) User=0.07s Sys=0.00s Real=0.02s
[29.705s][info ][safepoint      ] Safepoint "ParallelGCFailedAllocation", Time since last: 422723154 ns, Reaching safepoint: 162804 ns, At safepoint: 19474087 ns, Total: 19636891 ns
[30.096s][info ][gc,start       ] GC(67) Pause Young (Allocation Failure)
[30.111s][debug][gc,phases      ] GC(67) Scavenge 14.783ms
[30.111s][debug][gc,ref         ] GC(67) Skipped phase 1 of Reference Processing: no references
[30.111s][debug][gc,ref         ] GC(67) ReferenceProcessor::execute queues: 1, RefProcThreadModel::Single, marks_oops_alive: false
[30.111s][debug][gc,ref         ] GC(67) Skipped phase 3 of Reference Processing: no references
[30.111s][debug][gc,ref         ] GC(67) ReferenceProcessor::execute queues: 1, RefProcThreadModel::Single, marks_oops_alive: false
[30.111s][debug][gc,phases      ] GC(67) Reference Processing 0.107ms
[30.111s][debug][gc,phases      ] GC(67)   VM Weak                        Min:  0.0, Avg:  0.0, Max:  0.0, Diff:  0.0, Sum:  0.0, Workers: 4
[30.111s][debug][gc,phases      ] GC(67)     Dead                           Min: 0, Avg:  0.0, Max: 0, Diff: 0, Sum: 0, Workers: 4
[30.111s][debug][gc,phases      ] GC(67)     Total                          Min: 0, Avg: 151.0, Max: 604, Diff: 604, Sum: 604, Workers: 4
[30.111s][debug][gc,phases      ] GC(67)   ObjectSynchronizer Weak        Min:  0.0, Avg:  0.0, Max:  0.0, Diff:  0.0, Sum:  0.0, Workers: 4
[30.111s][debug][gc,phases      ] GC(67)     Dead                           Min: 0, Avg:  0.0, Max: 0, Diff: 0, Sum: 0, Workers: 4
[30.111s][debug][gc,phases      ] GC(67)     Total                          Min: 0, Avg: 93.2, Max: 128, Diff: 128, Sum: 373, Workers: 4
[30.111s][debug][gc,phases      ] GC(67)   JVMTI Tag Weak OopStorage      Min:  0.0, Avg:  0.0, Max:  0.0, Diff:  0.0, Sum:  0.0, Workers: 4
[30.111s][debug][gc,phases      ] GC(67)     Dead                           Min: 0, Avg:  0.0, Max: 0, Diff: 0, Sum: 0, Workers: 4
[30.111s][debug][gc,phases      ] GC(67)     Total                          Min: 0, Avg:  0.0, Max: 0, Diff: 0, Sum: 0, Workers: 4
[30.111s][debug][gc,phases      ] GC(67)   StringTable Weak               Min:  0.1, Avg:  0.1, Max:  0.1, Diff:  0.0, Sum:  0.3, Workers: 4
[30.111s][debug][gc,phases      ] GC(67)     Dead                           Min: 0, Avg:  2.8, Max: 11, Diff: 11, Sum: 11, Workers: 4
[30.111s][debug][gc,phases      ] GC(67)     Total                          Min: 9532, Avg: 10735.0, Max: 11968, Diff: 2436, Sum: 42940, Workers: 4
[30.111s][debug][gc,phases      ] GC(67)   ResolvedMethodTable Weak       Min:  0.0, Avg:  0.0, Max:  0.0, Diff:  0.0, Sum:  0.1, Workers: 4
[30.111s][debug][gc,phases      ] GC(67)     Dead                           Min: 0, Avg:  0.0, Max: 0, Diff: 0, Sum: 0, Workers: 4
[30.111s][debug][gc,phases      ] GC(67)     Total                          Min: 1496, Avg: 1829.8, Max: 2175, Diff: 679, Sum: 7319, Workers: 4
[30.111s][debug][gc,phases      ] GC(67)   JNI Weak                       Min:  0.0, Avg:  0.0, Max:  0.0, Diff:  0.0, Sum:  0.0, Workers: 4
[30.111s][debug][gc,phases      ] GC(67)     Dead                           Min: 0, Avg:  0.0, Max: 0, Diff: 0, Sum: 0, Workers: 4
[30.111s][debug][gc,phases      ] GC(67)     Total                          Min: 0, Avg:  0.5, Max: 2, Diff: 2, Sum: 2, Workers: 4
[30.111s][debug][gc,phases      ] GC(67)   StringDedup Table Weak         Min:  0.0, Avg:  0.0, Max:  0.0, Diff:  0.0, Sum:  0.0, Workers: 4
[30.111s][debug][gc,phases      ] GC(67)     Dead                           Min: 0, Avg:  0.0, Max: 0, Diff: 0, Sum: 0, Workers: 4
[30.111s][debug][gc,phases      ] GC(67)     Total                          Min: 0, Avg:  0.0, Max: 0, Diff: 0, Sum: 0, Workers: 4
[30.111s][debug][gc,phases      ] GC(67)   StringDedup Requests0 Weak     Min:  0.0, Avg:  0.0, Max:  0.0, Diff:  0.0, Sum:  0.0, Workers: 4
[30.111s][debug][gc,phases      ] GC(67)     Dead                           Min: 0, Avg:  0.0, Max: 0, Diff: 0, Sum: 0, Workers: 4
[30.111s][debug][gc,phases      ] GC(67)     Total                          Min: 0, Avg:  0.0, Max: 0, Diff: 0, Sum: 0, Workers: 4
[30.111s][debug][gc,phases      ] GC(67)   StringDedup Requests1 Weak     Min:  0.0, Avg:  0.0, Max:  0.0, Diff:  0.0, Sum:  0.0, Workers: 4
[30.111s][debug][gc,phases      ] GC(67)     Dead                           Min: 0, Avg:  0.0, Max: 0, Diff: 0, Sum: 0, Workers: 4
[30.111s][debug][gc,phases      ] GC(67)     Total                          Min: 0, Avg:  0.0, Max: 0, Diff: 0, Sum: 0, Workers: 4
[30.111s][debug][gc,phases      ] GC(67)   Weak JFR Old Object Samples    Min:  0.0, Avg:  0.0, Max:  0.0, Diff:  0.0, Sum:  0.0, Workers: 4
[30.111s][debug][gc,phases      ] GC(67)     Dead                           Min: 0, Avg:  0.0, Max: 0, Diff: 0, Sum: 0, Workers: 4
[30.111s][debug][gc,phases      ] GC(67)     Total                          Min: 0, Avg:  0.0, Max: 0, Diff: 0, Sum: 0, Workers: 4
[30.111s][debug][gc,phases      ] GC(67) Weak Processing 0.279ms
[30.111s][debug][gc,age         ] GC(67) Desired survivor size 94371840 bytes, new threshold 15 (max threshold 15)
[30.111s][info ][gc,heap        ] GC(67) PSYoungGen: 1926144K(1999360K)->33872K(1992192K) Eden: 1894400K(1894400K)->0K(1894400K) From: 31744K(104960K)->33872K(97792K)
[30.111s][info ][gc,heap        ] GC(67) ParOldGen: 513479K(599040K)->514135K(599040K)
[30.111s][info ][gc,metaspace   ] GC(67) Metaspace: 69056K(69824K)->69056K(69824K) NonClass: 58998K(59392K)->58998K(59392K) Class: 10058K(10432K)->10058K(10432K)
[30.111s][info ][gc             ] GC(67) Pause Young (Allocation Failure) 2382M->535M(2530M) 15.305ms
[30.111s][info ][gc,cpu         ] GC(67) User=0.06s Sys=0.00s Real=0.01s
[30.111s][info ][safepoint      ] Safepoint "ParallelGCFailedAllocation", Time since last: 390654053 ns, Reaching safepoint: 157404 ns, At safepoint: 15422185 ns, Total: 15579589 ns
[30.433s][info ][gc,start       ] GC(68) Pause Young (Allocation Failure)
[30.452s][debug][gc,phases      ] GC(68) Scavenge 18.461ms
[30.452s][debug][gc,ref         ] GC(68) Skipped phase 1 of Reference Processing: no references
[30.452s][debug][gc,ref         ] GC(68) ReferenceProcessor::execute queues: 1, RefProcThreadModel::Single, marks_oops_alive: false
[30.452s][debug][gc,ref         ] GC(68) Skipped phase 3 of Reference Processing: no references
[30.452s][debug][gc,ref         ] GC(68) Skipped phase 4 of Reference Processing: no references
[30.452s][debug][gc,phases      ] GC(68) Reference Processing 0.100ms
[30.452s][debug][gc,phases      ] GC(68)   VM Weak                        Min:  0.0, Avg:  0.0, Max:  0.0, Diff:  0.0, Sum:  0.0, Workers: 4
[30.452s][debug][gc,phases      ] GC(68)     Dead                           Min: 0, Avg:  0.0, Max: 0, Diff: 0, Sum: 0, Workers: 4
[30.452s][debug][gc,phases      ] GC(68)     Total                          Min: 0, Avg: 151.0, Max: 604, Diff: 604, Sum: 604, Workers: 4
[30.452s][debug][gc,phases      ] GC(68)   ObjectSynchronizer Weak        Min:  0.0, Avg:  0.0, Max:  0.0, Diff:  0.0, Sum:  0.0, Workers: 4
[30.452s][debug][gc,phases      ] GC(68)     Dead                           Min: 0, Avg:  0.0, Max: 0, Diff: 0, Sum: 0, Workers: 4
[30.452s][debug][gc,phases      ] GC(68)     Total                          Min: 0, Avg: 93.5, Max: 374, Diff: 374, Sum: 374, Workers: 4
[30.452s][debug][gc,phases      ] GC(68)   JVMTI Tag Weak OopStorage      Min:  0.0, Avg:  0.0, Max:  0.0, Diff:  0.0, Sum:  0.0, Workers: 4
[30.452s][debug][gc,phases      ] GC(68)     Dead                           Min: 0, Avg:  0.0, Max: 0, Diff: 0, Sum: 0, Workers: 4
[30.452s][debug][gc,phases      ] GC(68)     Total                          Min: 0, Avg:  0.0, Max: 0, Diff: 0, Sum: 0, Workers: 4
[30.452s][debug][gc,phases      ] GC(68)   StringTable Weak               Min:  0.1, Avg:  0.1, Max:  0.1, Diff:  0.0, Sum:  0.4, Workers: 4
[30.452s][debug][gc,phases      ] GC(68)     Dead                           Min: 0, Avg:  0.0, Max: 0, Diff: 0, Sum: 0, Workers: 4
[30.452s][debug][gc,phases      ] GC(68)     Total                          Min: 10048, Avg: 10735.0, Max: 11776, Diff: 1728, Sum: 42940, Workers: 4
[30.452s][debug][gc,phases      ] GC(68)   ResolvedMethodTable Weak       Min:  0.0, Avg:  0.0, Max:  0.0, Diff:  0.0, Sum:  0.1, Workers: 4
[30.452s][debug][gc,phases      ] GC(68)     Dead                           Min: 0, Avg:  0.0, Max: 0, Diff: 0, Sum: 0, Workers: 4
[30.452s][debug][gc,phases      ] GC(68)     Total                          Min: 1728, Avg: 1829.8, Max: 1920, Diff: 192, Sum: 7319, Workers: 4
[30.452s][debug][gc,phases      ] GC(68)   JNI Weak                       Min:  0.0, Avg:  0.0, Max:  0.0, Diff:  0.0, Sum:  0.0, Workers: 4
[30.452s][debug][gc,phases      ] GC(68)     Dead                           Min: 0, Avg:  0.0, Max: 0, Diff: 0, Sum: 0, Workers: 4
[30.452s][debug][gc,phases      ] GC(68)     Total                          Min: 0, Avg:  0.0, Max: 0, Diff: 0, Sum: 0, Workers: 4
[30.452s][debug][gc,phases      ] GC(68)   StringDedup Table Weak         Min:  0.0, Avg:  0.0, Max:  0.0, Diff:  0.0, Sum:  0.0, Workers: 4
[30.452s][debug][gc,phases      ] GC(68)     Dead                           Min: 0, Avg:  0.0, Max: 0, Diff: 0, Sum: 0, Workers: 4
[30.452s][debug][gc,phases      ] GC(68)     Total                          Min: 0, Avg:  0.0, Max: 0, Diff: 0, Sum: 0, Workers: 4
[30.452s][debug][gc,phases      ] GC(68)   StringDedup Requests0 Weak     Min:  0.0, Avg:  0.0, Max:  0.0, Diff:  0.0, Sum:  0.0, Workers: 4
[30.452s][debug][gc,phases      ] GC(68)     Dead                           Min: 0, Avg:  0.0, Max: 0, Diff: 0, Sum: 0, Workers: 4
[30.452s][debug][gc,phases      ] GC(68)     Total                          Min: 0, Avg:  0.0, Max: 0, Diff: 0, Sum: 0, Workers: 4
[30.452s][debug][gc,phases      ] GC(68)   StringDedup Requests1 Weak     Min:  0.0, Avg:  0.0, Max:  0.0, Diff:  0.0, Sum:  0.0, Workers: 4
[30.452s][debug][gc,phases      ] GC(68)     Dead                           Min: 0, Avg:  0.0, Max: 0, Diff: 0, Sum: 0, Workers: 4
[30.452s][debug][gc,phases      ] GC(68)     Total                          Min: 0, Avg:  0.0, Max: 0, Diff: 0, Sum: 0, Workers: 4
[30.452s][debug][gc,phases      ] GC(68)   Weak JFR Old Object Samples    Min:  0.0, Avg:  0.0, Max:  0.0, Diff:  0.0, Sum:  0.0, Workers: 4
[30.452s][debug][gc,phases      ] GC(68)     Dead                           Min: 0, Avg:  0.0, Max: 0, Diff: 0, Sum: 0, Workers: 4
[30.452s][debug][gc,phases      ] GC(68)     Total                          Min: 0, Avg:  0.0, Max: 0, Diff: 0, Sum: 0, Workers: 4
[30.452s][debug][gc,phases      ] GC(68) Weak Processing 0.323ms
[30.452s][debug][gc,age         ] GC(68) Desired survivor size 89128960 bytes, new threshold 15 (max threshold 15)
[30.452s][info ][gc,heap        ] GC(68) PSYoungGen: 1928272K(1992192K)->35120K(2010112K) Eden: 1894400K(1894400K)->0K(1917952K) From: 33872K(97792K)->35120K(92160K)
[30.452s][info ][gc,heap        ] GC(68) ParOldGen: 514135K(599040K)->515159K(599040K)
[30.452s][info ][gc,metaspace   ] GC(68) Metaspace: 69067K(69824K)->69067K(69824K) NonClass: 59008K(59392K)->59008K(59392K) Class: 10058K(10432K)->10058K(10432K)
[30.452s][info ][gc             ] GC(68) Pause Young (Allocation Failure) 2385M->537M(2548M) 19.036ms
[30.452s][info ][gc,cpu         ] GC(68) User=0.08s Sys=0.00s Real=0.02s
[30.452s][info ][safepoint      ] Safepoint "ParallelGCFailedAllocation", Time since last: 321742032 ns, Reaching safepoint: 215906 ns, At safepoint: 19151278 ns, Total: 19367184 ns
[30.788s][info ][gc,start       ] GC(69) Pause Young (Allocation Failure)
[30.808s][debug][gc,phases      ] GC(69) Scavenge 20.430ms
[30.808s][debug][gc,ref         ] GC(69) Skipped phase 1 of Reference Processing: no references
[30.808s][debug][gc,ref         ] GC(69) ReferenceProcessor::execute queues: 1, RefProcThreadModel::Single, marks_oops_alive: false
[30.808s][debug][gc,ref         ] GC(69) Skipped phase 3 of Reference Processing: no references
[30.808s][debug][gc,ref         ] GC(69) Skipped phase 4 of Reference Processing: no references
[30.808s][debug][gc,phases      ] GC(69) Reference Processing 0.090ms
[30.808s][debug][gc,phases      ] GC(69)   VM Weak                        Min:  0.0, Avg:  0.0, Max:  0.0, Diff:  0.0, Sum:  0.0, Workers: 4
[30.808s][debug][gc,phases      ] GC(69)     Dead                           Min: 0, Avg:  0.0, Max: 0, Diff: 0, Sum: 0, Workers: 4
[30.809s][debug][gc,phases      ] GC(69)     Total                          Min: 0, Avg: 151.0, Max: 540, Diff: 540, Sum: 604, Workers: 4
[30.809s][debug][gc,phases      ] GC(69)   ObjectSynchronizer Weak        Min:  0.0, Avg:  0.0, Max:  0.0, Diff:  0.0, Sum:  0.0, Workers: 4
[30.809s][debug][gc,phases      ] GC(69)     Dead                           Min: 0, Avg:  0.0, Max: 0, Diff: 0, Sum: 0, Workers: 4
[30.809s][debug][gc,phases      ] GC(69)     Total                          Min: 0, Avg: 93.5, Max: 192, Diff: 192, Sum: 374, Workers: 4
[30.809s][debug][gc,phases      ] GC(69)   JVMTI Tag Weak OopStorage      Min:  0.0, Avg:  0.0, Max:  0.0, Diff:  0.0, Sum:  0.0, Workers: 4
[30.809s][debug][gc,phases      ] GC(69)     Dead                           Min: 0, Avg:  0.0, Max: 0, Diff: 0, Sum: 0, Workers: 4
[30.809s][debug][gc,phases      ] GC(69)     Total                          Min: 0, Avg:  0.0, Max: 0, Diff: 0, Sum: 0, Workers: 4
[30.809s][debug][gc,phases      ] GC(69)   StringTable Weak               Min:  0.1, Avg:  0.1, Max:  0.1, Diff:  0.0, Sum:  0.4, Workers: 4
[30.809s][debug][gc,phases      ] GC(69)     Dead                           Min: 0, Avg:  2.8, Max: 11, Diff: 11, Sum: 11, Workers: 4
[30.809s][debug][gc,phases      ] GC(69)     Total                          Min: 10304, Avg: 10735.0, Max: 11520, Diff: 1216, Sum: 42940, Workers: 4
[30.809s][debug][gc,phases      ] GC(69)   ResolvedMethodTable Weak       Min:  0.0, Avg:  0.0, Max:  0.0, Diff:  0.0, Sum:  0.1, Workers: 4
[30.809s][debug][gc,phases      ] GC(69)     Dead                           Min: 0, Avg:  0.0, Max: 0, Diff: 0, Sum: 0, Workers: 4
[30.809s][debug][gc,phases      ] GC(69)     Total                          Min: 1664, Avg: 1829.8, Max: 2047, Diff: 383, Sum: 7319, Workers: 4
[30.809s][debug][gc,phases      ] GC(69)   JNI Weak                       Min:  0.0, Avg:  0.0, Max:  0.0, Diff:  0.0, Sum:  0.0, Workers: 4
[30.809s][debug][gc,phases      ] GC(69)     Dead                           Min: 0, Avg:  0.0, Max: 0, Diff: 0, Sum: 0, Workers: 4
[30.809s][debug][gc,phases      ] GC(69)     Total                          Min: 0, Avg:  0.0, Max: 0, Diff: 0, Sum: 0, Workers: 4
[30.809s][debug][gc,phases      ] GC(69)   StringDedup Table Weak         Min:  0.0, Avg:  0.0, Max:  0.0, Diff:  0.0, Sum:  0.0, Workers: 4
[30.809s][debug][gc,phases      ] GC(69)     Dead                           Min: 0, Avg:  0.0, Max: 0, Diff: 0, Sum: 0, Workers: 4
[30.809s][debug][gc,phases      ] GC(69)     Total                          Min: 0, Avg:  0.0, Max: 0, Diff: 0, Sum: 0, Workers: 4
[30.809s][debug][gc,phases      ] GC(69)   StringDedup Requests0 Weak     Min:  0.0, Avg:  0.0, Max:  0.0, Diff:  0.0, Sum:  0.0, Workers: 4
[30.809s][debug][gc,phases      ] GC(69)     Dead                           Min: 0, Avg:  0.0, Max: 0, Diff: 0, Sum: 0, Workers: 4
[30.809s][debug][gc,phases      ] GC(69)     Total                          Min: 0, Avg:  0.0, Max: 0, Diff: 0, Sum: 0, Workers: 4
[30.809s][debug][gc,phases      ] GC(69)   StringDedup Requests1 Weak     Min:  0.0, Avg:  0.0, Max:  0.0, Diff:  0.0, Sum:  0.0, Workers: 4
[30.809s][debug][gc,phases      ] GC(69)     Dead                           Min: 0, Avg:  0.0, Max: 0, Diff: 0, Sum: 0, Workers: 4
[30.809s][debug][gc,phases      ] GC(69)     Total                          Min: 0, Avg:  0.0, Max: 0, Diff: 0, Sum: 0, Workers: 4
[30.809s][debug][gc,phases      ] GC(69)   Weak JFR Old Object Samples    Min:  0.0, Avg:  0.0, Max:  0.0, Diff:  0.0, Sum:  0.0, Workers: 4
[30.809s][debug][gc,phases      ] GC(69)     Dead                           Min: 0, Avg:  0.0, Max: 0, Diff: 0, Sum: 0, Workers: 4
[30.809s][debug][gc,phases      ] GC(69)     Total                          Min: 0, Avg:  0.0, Max: 0, Diff: 0, Sum: 0, Workers: 4
[30.809s][debug][gc,phases      ] GC(69) Weak Processing 0.286ms
[30.809s][debug][gc,age         ] GC(69) Desired survivor size 84410368 bytes, new threshold 15 (max threshold 15)
[30.809s][info ][gc,heap        ] GC(69) PSYoungGen: 1953072K(2010112K)->35328K(2004992K) Eden: 1917952K(1917952K)->0K(1917952K) From: 35120K(92160K)->35328K(87040K)
[30.809s][info ][gc,heap        ] GC(69) ParOldGen: 515159K(599040K)->517047K(599040K)
[30.809s][info ][gc,metaspace   ] GC(69) Metaspace: 69069K(69824K)->69069K(69824K) NonClass: 59010K(59392K)->59010K(59392K) Class: 10058K(10432K)->10058K(10432K)
[30.809s][info ][gc             ] GC(69) Pause Young (Allocation Failure) 2410M->539M(2543M) 20.926ms
[30.809s][info ][gc,cpu         ] GC(69) User=0.07s Sys=0.01s Real=0.02s
[30.809s][info ][safepoint      ] Safepoint "ParallelGCFailedAllocation", Time since last: 333412623 ns, Reaching safepoint: 2136554 ns, At safepoint: 21033825 ns, Total: 23170379 ns
[31.167s][info ][gc,start       ] GC(70) Pause Young (Allocation Failure)
[31.189s][debug][gc,phases      ] GC(70) Scavenge 21.363ms
[31.189s][debug][gc,ref         ] GC(70) Skipped phase 1 of Reference Processing: no references
[31.189s][debug][gc,ref         ] GC(70) ReferenceProcessor::execute queues: 1, RefProcThreadModel::Single, marks_oops_alive: false
[31.189s][debug][gc,ref         ] GC(70) Skipped phase 3 of Reference Processing: no references
[31.189s][debug][gc,ref         ] GC(70) Skipped phase 4 of Reference Processing: no references
[31.189s][debug][gc,phases      ] GC(70) Reference Processing 0.101ms
[31.189s][debug][gc,phases      ] GC(70)   VM Weak                        Min:  0.0, Avg:  0.0, Max:  0.0, Diff:  0.0, Sum:  0.0, Workers: 4
[31.189s][debug][gc,phases      ] GC(70)     Dead                           Min: 0, Avg:  0.0, Max: 0, Diff: 0, Sum: 0, Workers: 4
[31.189s][debug][gc,phases      ] GC(70)     Total                          Min: 0, Avg: 151.0, Max: 540, Diff: 540, Sum: 604, Workers: 4
[31.189s][debug][gc,phases      ] GC(70)   ObjectSynchronizer Weak        Min:  0.0, Avg:  0.0, Max:  0.0, Diff:  0.0, Sum:  0.0, Workers: 4
[31.189s][debug][gc,phases      ] GC(70)     Dead                           Min: 0, Avg:  0.0, Max: 0, Diff: 0, Sum: 0, Workers: 4
[31.189s][debug][gc,phases      ] GC(70)     Total                          Min: 0, Avg: 93.5, Max: 192, Diff: 192, Sum: 374, Workers: 4
[31.189s][debug][gc,phases      ] GC(70)   JVMTI Tag Weak OopStorage      Min:  0.0, Avg:  0.0, Max:  0.0, Diff:  0.0, Sum:  0.0, Workers: 4
[31.189s][debug][gc,phases      ] GC(70)     Dead                           Min: 0, Avg:  0.0, Max: 0, Diff: 0, Sum: 0, Workers: 4
[31.189s][debug][gc,phases      ] GC(70)     Total                          Min: 0, Avg:  0.0, Max: 0, Diff: 0, Sum: 0, Workers: 4
[31.189s][debug][gc,phases      ] GC(70)   StringTable Weak               Min:  0.1, Avg:  0.1, Max:  0.1, Diff:  0.0, Sum:  0.4, Workers: 4
[31.189s][debug][gc,phases      ] GC(70)     Dead                           Min: 0, Avg:  2.8, Max: 11, Diff: 11, Sum: 11, Workers: 4
[31.189s][debug][gc,phases      ] GC(70)     Total                          Min: 9792, Avg: 10737.5, Max: 11264, Diff: 1472, Sum: 42950, Workers: 4
[31.189s][debug][gc,phases      ] GC(70)   ResolvedMethodTable Weak       Min:  0.0, Avg:  0.0, Max:  0.0, Diff:  0.0, Sum:  0.1, Workers: 4
[31.189s][debug][gc,phases      ] GC(70)     Dead                           Min: 0, Avg:  0.0, Max: 0, Diff: 0, Sum: 0, Workers: 4
[31.189s][debug][gc,phases      ] GC(70)     Total                          Min: 1664, Avg: 1829.8, Max: 1943, Diff: 279, Sum: 7319, Workers: 4
[31.189s][debug][gc,phases      ] GC(70)   JNI Weak                       Min:  0.0, Avg:  0.0, Max:  0.0, Diff:  0.0, Sum:  0.0, Workers: 4
[31.189s][debug][gc,phases      ] GC(70)     Dead                           Min: 0, Avg:  0.0, Max: 0, Diff: 0, Sum: 0, Workers: 4
[31.189s][debug][gc,phases      ] GC(70)     Total                          Min: 0, Avg:  0.0, Max: 0, Diff: 0, Sum: 0, Workers: 4
[31.189s][debug][gc,phases      ] GC(70)   StringDedup Table Weak         Min:  0.0, Avg:  0.0, Max:  0.0, Diff:  0.0, Sum:  0.0, Workers: 4
[31.189s][debug][gc,phases      ] GC(70)     Dead                           Min: 0, Avg:  0.0, Max: 0, Diff: 0, Sum: 0, Workers: 4
[31.189s][debug][gc,phases      ] GC(70)     Total                          Min: 0, Avg:  0.0, Max: 0, Diff: 0, Sum: 0, Workers: 4
[31.189s][debug][gc,phases      ] GC(70)   StringDedup Requests0 Weak     Min:  0.0, Avg:  0.0, Max:  0.0, Diff:  0.0, Sum:  0.0, Workers: 4
[31.189s][debug][gc,phases      ] GC(70)     Dead                           Min: 0, Avg:  0.0, Max: 0, Diff: 0, Sum: 0, Workers: 4
[31.189s][debug][gc,phases      ] GC(70)     Total                          Min: 0, Avg:  0.0, Max: 0, Diff: 0, Sum: 0, Workers: 4
[31.189s][debug][gc,phases      ] GC(70)   StringDedup Requests1 Weak     Min:  0.0, Avg:  0.0, Max:  0.0, Diff:  0.0, Sum:  0.0, Workers: 4
[31.189s][debug][gc,phases      ] GC(70)     Dead                           Min: 0, Avg:  0.0, Max: 0, Diff: 0, Sum: 0, Workers: 4
[31.189s][debug][gc,phases      ] GC(70)     Total                          Min: 0, Avg:  0.0, Max: 0, Diff: 0, Sum: 0, Workers: 4
[31.189s][debug][gc,phases      ] GC(70)   Weak JFR Old Object Samples    Min:  0.0, Avg:  0.0, Max:  0.0, Diff:  0.0, Sum:  0.0, Workers: 4
[31.189s][debug][gc,phases      ] GC(70)     Dead                           Min: 0, Avg:  0.0, Max: 0, Diff: 0, Sum: 0, Workers: 4
[31.189s][debug][gc,phases      ] GC(70)     Total                          Min: 0, Avg:  0.0, Max: 0, Diff: 0, Sum: 0, Workers: 4
[31.189s][debug][gc,phases      ] GC(70) Weak Processing 0.303ms
[31.189s][debug][gc,age         ] GC(70) Desired survivor size 80740352 bytes, new threshold 15 (max threshold 15)
[31.189s][info ][gc,heap        ] GC(70) PSYoungGen: 1953280K(2004992K)->37123K(2018304K) Eden: 1917952K(1917952K)->0K(1935872K) From: 35328K(87040K)->37123K(82432K)
[31.189s][info ][gc,heap        ] GC(70) ParOldGen: 517047K(599040K)->518351K(599040K)
[31.189s][info ][gc,metaspace   ] GC(70) Metaspace: 69075K(69824K)->69075K(69824K) NonClass: 59016K(59392K)->59016K(59392K) Class: 10058K(10432K)->10058K(10432K)
[31.189s][info ][gc             ] GC(70) Pause Young (Allocation Failure) 2412M->542M(2556M) 21.908ms
[31.189s][info ][gc,cpu         ] GC(70) User=0.09s Sys=0.00s Real=0.02s
[31.189s][info ][safepoint      ] Safepoint "ParallelGCFailedAllocation", Time since last: 358413747 ns, Reaching safepoint: 271907 ns, At safepoint: 22017350 ns, Total: 22289257 ns
[31.550s][info ][gc,start       ] GC(71) Pause Young (Allocation Failure)
[31.570s][debug][gc,phases      ] GC(71) Scavenge 20.006ms
[31.570s][debug][gc,ref         ] GC(71) Skipped phase 1 of Reference Processing: no references
[31.570s][debug][gc,ref         ] GC(71) ReferenceProcessor::execute queues: 1, RefProcThreadModel::Single, marks_oops_alive: false
[31.570s][debug][gc,ref         ] GC(71) Skipped phase 3 of Reference Processing: no references
[31.570s][debug][gc,ref         ] GC(71) Skipped phase 4 of Reference Processing: no references
[31.570s][debug][gc,phases      ] GC(71) Reference Processing 0.128ms
[31.570s][debug][gc,phases      ] GC(71)   VM Weak                        Min:  0.0, Avg:  0.0, Max:  0.0, Diff:  0.0, Sum:  0.0, Workers: 4
[31.570s][debug][gc,phases      ] GC(71)     Dead                           Min: 0, Avg:  0.0, Max: 0, Diff: 0, Sum: 0, Workers: 4
[31.570s][debug][gc,phases      ] GC(71)     Total                          Min: 0, Avg: 151.0, Max: 604, Diff: 604, Sum: 604, Workers: 4
[31.570s][debug][gc,phases      ] GC(71)   ObjectSynchronizer Weak        Min:  0.0, Avg:  0.0, Max:  0.0, Diff:  0.0, Sum:  0.0, Workers: 4
[31.570s][debug][gc,phases      ] GC(71)     Dead                           Min: 0, Avg:  0.0, Max: 0, Diff: 0, Sum: 0, Workers: 4
[31.570s][debug][gc,phases      ] GC(71)     Total                          Min: 0, Avg: 93.8, Max: 247, Diff: 247, Sum: 375, Workers: 4
[31.570s][debug][gc,phases      ] GC(71)   JVMTI Tag Weak OopStorage      Min:  0.0, Avg:  0.0, Max:  0.0, Diff:  0.0, Sum:  0.0, Workers: 4
[31.570s][debug][gc,phases      ] GC(71)     Dead                           Min: 0, Avg:  0.0, Max: 0, Diff: 0, Sum: 0, Workers: 4
[31.570s][debug][gc,phases      ] GC(71)     Total                          Min: 0, Avg:  0.0, Max: 0, Diff: 0, Sum: 0, Workers: 4
[31.570s][debug][gc,phases      ] GC(71)   StringTable Weak               Min:  0.1, Avg:  0.1, Max:  0.1, Diff:  0.0, Sum:  0.4, Workers: 4
[31.570s][debug][gc,phases      ] GC(71)     Dead                           Min: 0, Avg:  2.8, Max: 11, Diff: 11, Sum: 11, Workers: 4
[31.570s][debug][gc,phases      ] GC(71)     Total                          Min: 9920, Avg: 10741.5, Max: 11509, Diff: 1589, Sum: 42966, Workers: 4
[31.570s][debug][gc,phases      ] GC(71)   ResolvedMethodTable Weak       Min:  0.0, Avg:  0.0, Max:  0.0, Diff:  0.0, Sum:  0.1, Workers: 4
[31.570s][debug][gc,phases      ] GC(71)     Dead                           Min: 0, Avg:  0.0, Max: 0, Diff: 0, Sum: 0, Workers: 4
[31.570s][debug][gc,phases      ] GC(71)     Total                          Min: 1624, Avg: 1829.8, Max: 2047, Diff: 423, Sum: 7319, Workers: 4
[31.570s][debug][gc,phases      ] GC(71)   JNI Weak                       Min:  0.0, Avg:  0.0, Max:  0.0, Diff:  0.0, Sum:  0.0, Workers: 4
[31.570s][debug][gc,phases      ] GC(71)     Dead                           Min: 0, Avg:  0.0, Max: 0, Diff: 0, Sum: 0, Workers: 4
[31.570s][debug][gc,phases      ] GC(71)     Total                          Min: 0, Avg:  0.0, Max: 0, Diff: 0, Sum: 0, Workers: 4
[31.570s][debug][gc,phases      ] GC(71)   StringDedup Table Weak         Min:  0.0, Avg:  0.0, Max:  0.0, Diff:  0.0, Sum:  0.0, Workers: 4
[31.570s][debug][gc,phases      ] GC(71)     Dead                           Min: 0, Avg:  0.0, Max: 0, Diff: 0, Sum: 0, Workers: 4
[31.570s][debug][gc,phases      ] GC(71)     Total                          Min: 0, Avg:  0.0, Max: 0, Diff: 0, Sum: 0, Workers: 4
[31.570s][debug][gc,phases      ] GC(71)   StringDedup Requests0 Weak     Min:  0.0, Avg:  0.0, Max:  0.0, Diff:  0.0, Sum:  0.0, Workers: 4
[31.570s][debug][gc,phases      ] GC(71)     Dead                           Min: 0, Avg:  0.0, Max: 0, Diff: 0, Sum: 0, Workers: 4
[31.570s][debug][gc,phases      ] GC(71)     Total                          Min: 0, Avg:  0.0, Max: 0, Diff: 0, Sum: 0, Workers: 4
[31.570s][debug][gc,phases      ] GC(71)   StringDedup Requests1 Weak     Min:  0.0, Avg:  0.0, Max:  0.0, Diff:  0.0, Sum:  0.0, Workers: 4
[31.570s][debug][gc,phases      ] GC(71)     Dead                           Min: 0, Avg:  0.0, Max: 0, Diff: 0, Sum: 0, Workers: 4
[31.570s][debug][gc,phases      ] GC(71)     Total                          Min: 0, Avg:  0.0, Max: 0, Diff: 0, Sum: 0, Workers: 4
[31.570s][debug][gc,phases      ] GC(71)   Weak JFR Old Object Samples    Min:  0.0, Avg:  0.0, Max:  0.0, Diff:  0.0, Sum:  0.0, Workers: 4
[31.570s][debug][gc,phases      ] GC(71)     Dead                           Min: 0, Avg:  0.0, Max: 0, Diff: 0, Sum: 0, Workers: 4
[31.570s][debug][gc,phases      ] GC(71)     Total                          Min: 0, Avg:  0.0, Max: 0, Diff: 0, Sum: 0, Workers: 4
[31.570s][debug][gc,phases      ] GC(71) Weak Processing 0.351ms
[31.570s][debug][gc,age         ] GC(71) Desired survivor size 77070336 bytes, new threshold 15 (max threshold 15)
[31.570s][info ][gc,heap        ] GC(71) PSYoungGen: 1972995K(2018304K)->35952K(2014720K) Eden: 1935872K(1935872K)->0K(1935872K) From: 37123K(82432K)->35952K(78848K)
[31.570s][info ][gc,heap        ] GC(71) ParOldGen: 518351K(599040K)->521791K(599040K)
[31.570s][info ][gc,metaspace   ] GC(71) Metaspace: 69076K(69824K)->69076K(69824K) NonClass: 59018K(59392K)->59018K(59392K) Class: 10058K(10432K)->10058K(10432K)
[31.570s][info ][gc             ] GC(71) Pause Young (Allocation Failure) 2432M->544M(2552M) 20.679ms
[31.570s][info ][gc,cpu         ] GC(71) User=0.10s Sys=0.00s Real=0.02s
[31.571s][info ][safepoint      ] Safepoint "ParallelGCFailedAllocation", Time since last: 360148990 ns, Reaching safepoint: 124203 ns, At safepoint: 20808019 ns, Total: 20932222 ns
[31.996s][info ][gc,start       ] GC(72) Pause Young (Allocation Failure)
[32.015s][debug][gc,phases      ] GC(72) Scavenge 18.147ms
[32.015s][debug][gc,ref         ] GC(72) Skipped phase 1 of Reference Processing: no references
[32.015s][debug][gc,ref         ] GC(72) ReferenceProcessor::execute queues: 1, RefProcThreadModel::Single, marks_oops_alive: false
[32.015s][debug][gc,ref         ] GC(72) Skipped phase 3 of Reference Processing: no references
[32.015s][debug][gc,ref         ] GC(72) Skipped phase 4 of Reference Processing: no references
[32.015s][debug][gc,phases      ] GC(72) Reference Processing 0.122ms
[32.015s][debug][gc,phases      ] GC(72)   VM Weak                        Min:  0.0, Avg:  0.0, Max:  0.0, Diff:  0.0, Sum:  0.0, Workers: 4
[32.015s][debug][gc,phases      ] GC(72)     Dead                           Min: 0, Avg:  0.0, Max: 0, Diff: 0, Sum: 0, Workers: 4
[32.015s][debug][gc,phases      ] GC(72)     Total                          Min: 0, Avg: 151.0, Max: 604, Diff: 604, Sum: 604, Workers: 4
[32.015s][debug][gc,phases      ] GC(72)   ObjectSynchronizer Weak        Min:  0.0, Avg:  0.0, Max:  0.0, Diff:  0.0, Sum:  0.0, Workers: 4
[32.015s][debug][gc,phases      ] GC(72)     Dead                           Min: 0, Avg:  0.0, Max: 0, Diff: 0, Sum: 0, Workers: 4
[32.015s][debug][gc,phases      ] GC(72)     Total                          Min: 0, Avg: 93.8, Max: 311, Diff: 311, Sum: 375, Workers: 4
[32.015s][debug][gc,phases      ] GC(72)   JVMTI Tag Weak OopStorage      Min:  0.0, Avg:  0.0, Max:  0.0, Diff:  0.0, Sum:  0.0, Workers: 4
[32.015s][debug][gc,phases      ] GC(72)     Dead                           Min: 0, Avg:  0.0, Max: 0, Diff: 0, Sum: 0, Workers: 4
[32.015s][debug][gc,phases      ] GC(72)     Total                          Min: 0, Avg:  0.0, Max: 0, Diff: 0, Sum: 0, Workers: 4
[32.015s][debug][gc,phases      ] GC(72)   StringTable Weak               Min:  0.1, Avg:  0.1, Max:  0.1, Diff:  0.0, Sum:  0.4, Workers: 4
[32.015s][debug][gc,phases      ] GC(72)     Dead                           Min: 0, Avg:  2.8, Max: 11, Diff: 11, Sum: 11, Workers: 4
[32.015s][debug][gc,phases      ] GC(72)     Total                          Min: 10229, Avg: 10758.5, Max: 11200, Diff: 971, Sum: 43034, Workers: 4
[32.015s][debug][gc,phases      ] GC(72)   ResolvedMethodTable Weak       Min:  0.0, Avg:  0.0, Max:  0.0, Diff:  0.0, Sum:  0.1, Workers: 4
[32.015s][debug][gc,phases      ] GC(72)     Dead                           Min: 0, Avg:  0.0, Max: 0, Diff: 0, Sum: 0, Workers: 4
[32.015s][debug][gc,phases      ] GC(72)     Total                          Min: 1624, Avg: 1829.8, Max: 1983, Diff: 359, Sum: 7319, Workers: 4
[32.015s][debug][gc,phases      ] GC(72)   JNI Weak                       Min:  0.0, Avg:  0.0, Max:  0.0, Diff:  0.0, Sum:  0.0, Workers: 4
[32.015s][debug][gc,phases      ] GC(72)     Dead                           Min: 0, Avg:  0.0, Max: 0, Diff: 0, Sum: 0, Workers: 4
[32.015s][debug][gc,phases      ] GC(72)     Total                          Min: 0, Avg:  0.0, Max: 0, Diff: 0, Sum: 0, Workers: 4
[32.015s][debug][gc,phases      ] GC(72)   StringDedup Table Weak         Min:  0.0, Avg:  0.0, Max:  0.0, Diff:  0.0, Sum:  0.0, Workers: 4
[32.015s][debug][gc,phases      ] GC(72)     Dead                           Min: 0, Avg:  0.0, Max: 0, Diff: 0, Sum: 0, Workers: 4
[32.015s][debug][gc,phases      ] GC(72)     Total                          Min: 0, Avg:  0.0, Max: 0, Diff: 0, Sum: 0, Workers: 4
[32.015s][debug][gc,phases      ] GC(72)   StringDedup Requests0 Weak     Min:  0.0, Avg:  0.0, Max:  0.0, Diff:  0.0, Sum:  0.0, Workers: 4
[32.015s][debug][gc,phases      ] GC(72)     Dead                           Min: 0, Avg:  0.0, Max: 0, Diff: 0, Sum: 0, Workers: 4
[32.015s][debug][gc,phases      ] GC(72)     Total                          Min: 0, Avg:  0.0, Max: 0, Diff: 0, Sum: 0, Workers: 4
[32.015s][debug][gc,phases      ] GC(72)   StringDedup Requests1 Weak     Min:  0.0, Avg:  0.0, Max:  0.0, Diff:  0.0, Sum:  0.0, Workers: 4
[32.015s][debug][gc,phases      ] GC(72)     Dead                           Min: 0, Avg:  0.0, Max: 0, Diff: 0, Sum: 0, Workers: 4
[32.015s][debug][gc,phases      ] GC(72)     Total                          Min: 0, Avg:  0.0, Max: 0, Diff: 0, Sum: 0, Workers: 4
[32.015s][debug][gc,phases      ] GC(72)   Weak JFR Old Object Samples    Min:  0.0, Avg:  0.0, Max:  0.0, Diff:  0.0, Sum:  0.0, Workers: 4
[32.015s][debug][gc,phases      ] GC(72)     Dead                           Min: 0, Avg:  0.0, Max: 0, Diff: 0, Sum: 0, Workers: 4
[32.015s][debug][gc,phases      ] GC(72)     Total                          Min: 0, Avg:  0.0, Max: 0, Diff: 0, Sum: 0, Workers: 4
[32.015s][debug][gc,phases      ] GC(72) Weak Processing 0.289ms
[32.015s][debug][gc,age         ] GC(72) Desired survivor size 74448896 bytes, new threshold 15 (max threshold 15)
[32.015s][info ][gc,heap        ] GC(72) PSYoungGen: 1971824K(2014720K)->38176K(2024448K) Eden: 1935872K(1935872K)->0K(1949184K) From: 35952K(78848K)->38176K(75264K)
[32.015s][info ][gc,heap        ] GC(72) ParOldGen: 521791K(599040K)->524599K(599040K)
[32.015s][info ][gc,metaspace   ] GC(72) Metaspace: 69078K(69824K)->69078K(69824K) NonClass: 59020K(59392K)->59020K(59392K) Class: 10058K(10432K)->10058K(10432K)
[32.015s][info ][gc             ] GC(72) Pause Young (Allocation Failure) 2435M->549M(2562M) 18.693ms
[32.015s][info ][gc,cpu         ] GC(72) User=0.07s Sys=0.00s Real=0.02s
[32.015s][info ][safepoint      ] Safepoint "ParallelGCFailedAllocation", Time since last: 425785329 ns, Reaching safepoint: 131803 ns, At safepoint: 18803770 ns, Total: 18935573 ns
[32.403s][info ][gc,start       ] GC(73) Pause Young (Allocation Failure)
[32.428s][debug][gc,phases      ] GC(73) Scavenge 25.022ms
[32.428s][debug][gc,ref         ] GC(73) Skipped phase 1 of Reference Processing: no references
[32.428s][debug][gc,ref         ] GC(73) ReferenceProcessor::execute queues: 1, RefProcThreadModel::Single, marks_oops_alive: false
[32.428s][debug][gc,ref         ] GC(73) Skipped phase 3 of Reference Processing: no references
[32.428s][debug][gc,ref         ] GC(73) Skipped phase 4 of Reference Processing: no references
[32.428s][debug][gc,phases      ] GC(73) Reference Processing 0.129ms
[32.428s][debug][gc,phases      ] GC(73)   VM Weak                        Min:  0.0, Avg:  0.0, Max:  0.0, Diff:  0.0, Sum:  0.0, Workers: 4
[32.428s][debug][gc,phases      ] GC(73)     Dead                           Min: 0, Avg:  0.0, Max: 0, Diff: 0, Sum: 0, Workers: 4
[32.428s][debug][gc,phases      ] GC(73)     Total                          Min: 0, Avg: 151.0, Max: 412, Diff: 412, Sum: 604, Workers: 4
[32.428s][debug][gc,phases      ] GC(73)   ObjectSynchronizer Weak        Min:  0.0, Avg:  0.0, Max:  0.0, Diff:  0.0, Sum:  0.0, Workers: 4
[32.428s][debug][gc,phases      ] GC(73)     Dead                           Min: 0, Avg:  0.0, Max: 0, Diff: 0, Sum: 0, Workers: 4
[32.428s][debug][gc,phases      ] GC(73)     Total                          Min: 0, Avg: 93.8, Max: 183, Diff: 183, Sum: 375, Workers: 4
[32.428s][debug][gc,phases      ] GC(73)   JVMTI Tag Weak OopStorage      Min:  0.0, Avg:  0.0, Max:  0.0, Diff:  0.0, Sum:  0.0, Workers: 4
[32.428s][debug][gc,phases      ] GC(73)     Dead                           Min: 0, Avg:  0.0, Max: 0, Diff: 0, Sum: 0, Workers: 4
[32.428s][debug][gc,phases      ] GC(73)     Total                          Min: 0, Avg:  0.0, Max: 0, Diff: 0, Sum: 0, Workers: 4
[32.428s][debug][gc,phases      ] GC(73)   StringTable Weak               Min:  0.1, Avg:  0.1, Max:  0.1, Diff:  0.0, Sum:  0.4, Workers: 4
[32.428s][debug][gc,phases      ] GC(73)     Dead                           Min: 0, Avg:  0.0, Max: 0, Diff: 0, Sum: 0, Workers: 4
[32.428s][debug][gc,phases      ] GC(73)     Total                          Min: 9852, Avg: 10760.2, Max: 11584, Diff: 1732, Sum: 43041, Workers: 4
[32.428s][debug][gc,phases      ] GC(73)   ResolvedMethodTable Weak       Min:  0.0, Avg:  0.0, Max:  0.0, Diff:  0.0, Sum:  0.1, Workers: 4
[32.428s][debug][gc,phases      ] GC(73)     Dead                           Min: 0, Avg:  0.0, Max: 0, Diff: 0, Sum: 0, Workers: 4
[32.428s][debug][gc,phases      ] GC(73)     Total                          Min: 1688, Avg: 1829.8, Max: 2047, Diff: 359, Sum: 7319, Workers: 4
[32.428s][debug][gc,phases      ] GC(73)   JNI Weak                       Min:  0.0, Avg:  0.0, Max:  0.0, Diff:  0.0, Sum:  0.0, Workers: 4
[32.428s][debug][gc,phases      ] GC(73)     Dead                           Min: 0, Avg:  0.0, Max: 0, Diff: 0, Sum: 0, Workers: 4
[32.428s][debug][gc,phases      ] GC(73)     Total                          Min: 0, Avg:  2.5, Max: 10, Diff: 10, Sum: 10, Workers: 4
[32.428s][debug][gc,phases      ] GC(73)   StringDedup Table Weak         Min:  0.0, Avg:  0.0, Max:  0.0, Diff:  0.0, Sum:  0.0, Workers: 4
[32.428s][debug][gc,phases      ] GC(73)     Dead                           Min: 0, Avg:  0.0, Max: 0, Diff: 0, Sum: 0, Workers: 4
[32.428s][debug][gc,phases      ] GC(73)     Total                          Min: 0, Avg:  0.0, Max: 0, Diff: 0, Sum: 0, Workers: 4
[32.428s][debug][gc,phases      ] GC(73)   StringDedup Requests0 Weak     Min:  0.0, Avg:  0.0, Max:  0.0, Diff:  0.0, Sum:  0.0, Workers: 4
[32.428s][debug][gc,phases      ] GC(73)     Dead                           Min: 0, Avg:  0.0, Max: 0, Diff: 0, Sum: 0, Workers: 4
[32.428s][debug][gc,phases      ] GC(73)     Total                          Min: 0, Avg:  0.0, Max: 0, Diff: 0, Sum: 0, Workers: 4
[32.428s][debug][gc,phases      ] GC(73)   StringDedup Requests1 Weak     Min:  0.0, Avg:  0.0, Max:  0.0, Diff:  0.0, Sum:  0.0, Workers: 4
[32.428s][debug][gc,phases      ] GC(73)     Dead                           Min: 0, Avg:  0.0, Max: 0, Diff: 0, Sum: 0, Workers: 4
[32.428s][debug][gc,phases      ] GC(73)     Total                          Min: 0, Avg:  0.0, Max: 0, Diff: 0, Sum: 0, Workers: 4
[32.428s][debug][gc,phases      ] GC(73)   Weak JFR Old Object Samples    Min:  0.0, Avg:  0.0, Max:  0.0, Diff:  0.0, Sum:  0.0, Workers: 4
[32.428s][debug][gc,phases      ] GC(73)     Dead                           Min: 0, Avg:  0.0, Max: 0, Diff: 0, Sum: 0, Workers: 4
[32.428s][debug][gc,phases      ] GC(73)     Total                          Min: 0, Avg:  0.0, Max: 0, Diff: 0, Sum: 0, Workers: 4
[32.428s][debug][gc,phases      ] GC(73) Weak Processing 0.349ms
[32.428s][debug][gc,age         ] GC(73) Desired survivor size 72876032 bytes, new threshold 15 (max threshold 15)
[32.428s][info ][gc,heap        ] GC(73) PSYoungGen: 1987360K(2024448K)->40272K(2021888K) Eden: 1949184K(1949184K)->0K(1949184K) From: 38176K(75264K)->40272K(72704K)
[32.428s][info ][gc,heap        ] GC(73) ParOldGen: 524599K(599040K)->527015K(599040K)
[32.428s][info ][gc,metaspace   ] GC(73) Metaspace: 69085K(69888K)->69085K(69888K) NonClass: 59026K(59456K)->59026K(59456K) Class: 10058K(10432K)->10058K(10432K)
[32.428s][info ][gc             ] GC(73) Pause Young (Allocation Failure) 2453M->553M(2559M) 25.662ms
[32.428s][info ][gc,cpu         ] GC(73) User=0.11s Sys=0.00s Real=0.03s
[32.429s][info ][safepoint      ] Safepoint "ParallelGCFailedAllocation", Time since last: 387386169 ns, Reaching safepoint: 141803 ns, At safepoint: 25785344 ns, Total: 25927147 ns
[32.867s][info ][gc,start       ] GC(74) Pause Young (Allocation Failure)
[32.896s][debug][gc,phases      ] GC(74) Scavenge 28.880ms
[32.896s][debug][gc,ref         ] GC(74) Skipped phase 1 of Reference Processing: no references
[32.896s][debug][gc,ref         ] GC(74) ReferenceProcessor::execute queues: 1, RefProcThreadModel::Single, marks_oops_alive: false
[32.896s][debug][gc,ref         ] GC(74) Skipped phase 3 of Reference Processing: no references
[32.896s][debug][gc,ref         ] GC(74) Skipped phase 4 of Reference Processing: no references
[32.896s][debug][gc,phases      ] GC(74) Reference Processing 0.099ms
[32.897s][debug][gc,phases      ] GC(74)   VM Weak                        Min:  0.0, Avg:  0.0, Max:  0.0, Diff:  0.0, Sum:  0.0, Workers: 4
[32.897s][debug][gc,phases      ] GC(74)     Dead                           Min: 0, Avg:  0.0, Max: 0, Diff: 0, Sum: 0, Workers: 4
[32.897s][debug][gc,phases      ] GC(74)     Total                          Min: 0, Avg: 151.0, Max: 448, Diff: 448, Sum: 604, Workers: 4
[32.897s][debug][gc,phases      ] GC(74)   ObjectSynchronizer Weak        Min:  0.0, Avg:  0.0, Max:  0.0, Diff:  0.0, Sum:  0.0, Workers: 4
[32.897s][debug][gc,phases      ] GC(74)     Dead                           Min: 0, Avg:  0.0, Max: 0, Diff: 0, Sum: 0, Workers: 4
[32.897s][debug][gc,phases      ] GC(74)     Total                          Min: 0, Avg: 93.8, Max: 192, Diff: 192, Sum: 375, Workers: 4
[32.897s][debug][gc,phases      ] GC(74)   JVMTI Tag Weak OopStorage      Min:  0.0, Avg:  0.0, Max:  0.0, Diff:  0.0, Sum:  0.0, Workers: 4
[32.897s][debug][gc,phases      ] GC(74)     Dead                           Min: 0, Avg:  0.0, Max: 0, Diff: 0, Sum: 0, Workers: 4
[32.897s][debug][gc,phases      ] GC(74)     Total                          Min: 0, Avg:  0.0, Max: 0, Diff: 0, Sum: 0, Workers: 4
[32.897s][debug][gc,phases      ] GC(74)   StringTable Weak               Min:  0.1, Avg:  0.1, Max:  0.1, Diff:  0.0, Sum:  0.4, Workers: 4
[32.897s][debug][gc,phases      ] GC(74)     Dead                           Min: 0, Avg:  2.8, Max: 7, Diff: 7, Sum: 11, Workers: 4
[32.897s][debug][gc,phases      ] GC(74)     Total                          Min: 10304, Avg: 10760.2, Max: 11456, Diff: 1152, Sum: 43041, Workers: 4
[32.897s][debug][gc,phases      ] GC(74)   ResolvedMethodTable Weak       Min:  0.0, Avg:  0.0, Max:  0.0, Diff:  0.0, Sum:  0.1, Workers: 4
[32.897s][debug][gc,phases      ] GC(74)     Dead                           Min: 0, Avg:  0.0, Max: 0, Diff: 0, Sum: 0, Workers: 4
[32.897s][debug][gc,phases      ] GC(74)     Total                          Min: 1728, Avg: 1829.8, Max: 1920, Diff: 192, Sum: 7319, Workers: 4
[32.897s][debug][gc,phases      ] GC(74)   JNI Weak                       Min:  0.0, Avg:  0.0, Max:  0.0, Diff:  0.0, Sum:  0.0, Workers: 4
[32.897s][debug][gc,phases      ] GC(74)     Dead                           Min: 0, Avg:  0.0, Max: 0, Diff: 0, Sum: 0, Workers: 4
[32.897s][debug][gc,phases      ] GC(74)     Total                          Min: 0, Avg:  0.0, Max: 0, Diff: 0, Sum: 0, Workers: 4
[32.897s][debug][gc,phases      ] GC(74)   StringDedup Table Weak         Min:  0.0, Avg:  0.0, Max:  0.0, Diff:  0.0, Sum:  0.0, Workers: 4
[32.897s][debug][gc,phases      ] GC(74)     Dead                           Min: 0, Avg:  0.0, Max: 0, Diff: 0, Sum: 0, Workers: 4
[32.897s][debug][gc,phases      ] GC(74)     Total                          Min: 0, Avg:  0.0, Max: 0, Diff: 0, Sum: 0, Workers: 4
[32.897s][debug][gc,phases      ] GC(74)   StringDedup Requests0 Weak     Min:  0.0, Avg:  0.0, Max:  0.0, Diff:  0.0, Sum:  0.0, Workers: 4
[32.897s][debug][gc,phases      ] GC(74)     Dead                           Min: 0, Avg:  0.0, Max: 0, Diff: 0, Sum: 0, Workers: 4
[32.897s][debug][gc,phases      ] GC(74)     Total                          Min: 0, Avg:  0.0, Max: 0, Diff: 0, Sum: 0, Workers: 4
[32.897s][debug][gc,phases      ] GC(74)   StringDedup Requests1 Weak     Min:  0.0, Avg:  0.0, Max:  0.0, Diff:  0.0, Sum:  0.0, Workers: 4
[32.897s][debug][gc,phases      ] GC(74)     Dead                           Min: 0, Avg:  0.0, Max: 0, Diff: 0, Sum: 0, Workers: 4
[32.897s][debug][gc,phases      ] GC(74)     Total                          Min: 0, Avg:  0.0, Max: 0, Diff: 0, Sum: 0, Workers: 4
[32.897s][debug][gc,phases      ] GC(74)   Weak JFR Old Object Samples    Min:  0.0, Avg:  0.0, Max:  0.0, Diff:  0.0, Sum:  0.0, Workers: 4
[32.897s][debug][gc,phases      ] GC(74)     Dead                           Min: 0, Avg:  0.0, Max: 0, Diff: 0, Sum: 0, Workers: 4
[32.897s][debug][gc,phases      ] GC(74)     Total                          Min: 0, Avg:  0.0, Max: 0, Diff: 0, Sum: 0, Workers: 4
[32.897s][debug][gc,phases      ] GC(74) Weak Processing 0.311ms
[32.897s][debug][gc,age         ] GC(74) Desired survivor size 73924608 bytes, new threshold 15 (max threshold 15)
[32.897s][info ][gc,heap        ] GC(74) PSYoungGen: 1989456K(2021888K)->47648K(2023936K) Eden: 1949184K(1949184K)->0K(1952768K) From: 40272K(72704K)->47648K(71168K)
[32.897s][info ][gc,heap        ] GC(74) ParOldGen: 527015K(599040K)->528759K(599040K)
[32.897s][info ][gc,metaspace   ] GC(74) Metaspace: 69086K(69888K)->69086K(69888K) NonClass: 59027K(59456K)->59027K(59456K) Class: 10058K(10432K)->10058K(10432K)
[32.897s][info ][gc             ] GC(74) Pause Young (Allocation Failure) 2457M->562M(2561M) 29.426ms
[32.897s][info ][gc,cpu         ] GC(74) User=0.11s Sys=0.00s Real=0.03s
[32.897s][info ][safepoint      ] Safepoint "ParallelGCFailedAllocation", Time since last: 438549246 ns, Reaching safepoint: 144604 ns, At safepoint: 29532337 ns, Total: 29676941 ns
[33.284s][info ][gc,start       ] GC(75) Pause Young (Allocation Failure)
[33.315s][debug][gc,phases      ] GC(75) Scavenge 30.627ms
[33.315s][debug][gc,ref         ] GC(75) Skipped phase 1 of Reference Processing: no references
[33.315s][debug][gc,ref         ] GC(75) ReferenceProcessor::execute queues: 1, RefProcThreadModel::Single, marks_oops_alive: false
[33.315s][debug][gc,ref         ] GC(75) Skipped phase 3 of Reference Processing: no references
[33.315s][debug][gc,ref         ] GC(75) Skipped phase 4 of Reference Processing: no references
[33.315s][debug][gc,phases      ] GC(75) Reference Processing 0.107ms
[33.315s][debug][gc,phases      ] GC(75)   VM Weak                        Min:  0.0, Avg:  0.0, Max:  0.0, Diff:  0.0, Sum:  0.0, Workers: 4
[33.315s][debug][gc,phases      ] GC(75)     Dead                           Min: 0, Avg:  0.0, Max: 0, Diff: 0, Sum: 0, Workers: 4
[33.315s][debug][gc,phases      ] GC(75)     Total                          Min: 0, Avg: 151.0, Max: 576, Diff: 576, Sum: 604, Workers: 4
[33.315s][debug][gc,phases      ] GC(75)   ObjectSynchronizer Weak        Min:  0.0, Avg:  0.0, Max:  0.0, Diff:  0.0, Sum:  0.0, Workers: 4
[33.315s][debug][gc,phases      ] GC(75)     Dead                           Min: 0, Avg:  0.0, Max: 0, Diff: 0, Sum: 0, Workers: 4
[33.315s][debug][gc,phases      ] GC(75)     Total                          Min: 0, Avg: 93.8, Max: 192, Diff: 192, Sum: 375, Workers: 4
[33.315s][debug][gc,phases      ] GC(75)   JVMTI Tag Weak OopStorage      Min:  0.0, Avg:  0.0, Max:  0.0, Diff:  0.0, Sum:  0.0, Workers: 4
[33.315s][debug][gc,phases      ] GC(75)     Dead                           Min: 0, Avg:  0.0, Max: 0, Diff: 0, Sum: 0, Workers: 4
[33.315s][debug][gc,phases      ] GC(75)     Total                          Min: 0, Avg:  0.0, Max: 0, Diff: 0, Sum: 0, Workers: 4
[33.315s][debug][gc,phases      ] GC(75)   StringTable Weak               Min:  0.1, Avg:  0.1, Max:  0.1, Diff:  0.0, Sum:  0.4, Workers: 4
[33.315s][debug][gc,phases      ] GC(75)     Dead                           Min: 0, Avg:  2.8, Max: 11, Diff: 11, Sum: 11, Workers: 4
[33.315s][debug][gc,phases      ] GC(75)     Total                          Min: 9788, Avg: 10760.2, Max: 11621, Diff: 1833, Sum: 43041, Workers: 4
[33.315s][debug][gc,phases      ] GC(75)   ResolvedMethodTable Weak       Min:  0.0, Avg:  0.0, Max:  0.0, Diff:  0.0, Sum:  0.1, Workers: 4
[33.315s][debug][gc,phases      ] GC(75)     Dead                           Min: 0, Avg:  0.0, Max: 0, Diff: 0, Sum: 0, Workers: 4
[33.315s][debug][gc,phases      ] GC(75)     Total                          Min: 1600, Avg: 1829.8, Max: 2199, Diff: 599, Sum: 7319, Workers: 4
[33.315s][debug][gc,phases      ] GC(75)   JNI Weak                       Min:  0.0, Avg:  0.0, Max:  0.0, Diff:  0.0, Sum:  0.0, Workers: 4
[33.315s][debug][gc,phases      ] GC(75)     Dead                           Min: 0, Avg:  0.0, Max: 0, Diff: 0, Sum: 0, Workers: 4
[33.315s][debug][gc,phases      ] GC(75)     Total                          Min: 0, Avg:  0.0, Max: 0, Diff: 0, Sum: 0, Workers: 4
[33.315s][debug][gc,phases      ] GC(75)   StringDedup Table Weak         Min:  0.0, Avg:  0.0, Max:  0.0, Diff:  0.0, Sum:  0.0, Workers: 4
[33.315s][debug][gc,phases      ] GC(75)     Dead                           Min: 0, Avg:  0.0, Max: 0, Diff: 0, Sum: 0, Workers: 4
[33.315s][debug][gc,phases      ] GC(75)     Total                          Min: 0, Avg:  0.0, Max: 0, Diff: 0, Sum: 0, Workers: 4
[33.315s][debug][gc,phases      ] GC(75)   StringDedup Requests0 Weak     Min:  0.0, Avg:  0.0, Max:  0.0, Diff:  0.0, Sum:  0.0, Workers: 4
[33.315s][debug][gc,phases      ] GC(75)     Dead                           Min: 0, Avg:  0.0, Max: 0, Diff: 0, Sum: 0, Workers: 4
[33.315s][debug][gc,phases      ] GC(75)     Total                          Min: 0, Avg:  0.0, Max: 0, Diff: 0, Sum: 0, Workers: 4
[33.315s][debug][gc,phases      ] GC(75)   StringDedup Requests1 Weak     Min:  0.0, Avg:  0.0, Max:  0.0, Diff:  0.0, Sum:  0.0, Workers: 4
[33.315s][debug][gc,phases      ] GC(75)     Dead                           Min: 0, Avg:  0.0, Max: 0, Diff: 0, Sum: 0, Workers: 4
[33.315s][debug][gc,phases      ] GC(75)     Total                          Min: 0, Avg:  0.0, Max: 0, Diff: 0, Sum: 0, Workers: 4
[33.315s][debug][gc,phases      ] GC(75)   Weak JFR Old Object Samples    Min:  0.0, Avg:  0.0, Max:  0.0, Diff:  0.0, Sum:  0.0, Workers: 4
[33.315s][debug][gc,phases      ] GC(75)     Dead                           Min: 0, Avg:  0.0, Max: 0, Diff: 0, Sum: 0, Workers: 4
[33.315s][debug][gc,phases      ] GC(75)     Total                          Min: 0, Avg:  0.0, Max: 0, Diff: 0, Sum: 0, Workers: 4
[33.315s][debug][gc,phases      ] GC(75) Weak Processing 0.299ms
[33.315s][debug][gc,age         ] GC(75) Desired survivor size 76546048 bytes, new threshold 15 (max threshold 15)
[33.315s][info ][gc,heap        ] GC(75) PSYoungGen: 2000416K(2023936K)->52656K(2005504K) Eden: 1952768K(1952768K)->0K(1952768K) From: 47648K(71168K)->52656K(52736K)
[33.315s][info ][gc,heap        ] GC(75) ParOldGen: 528759K(599040K)->531127K(599040K)
[33.315s][info ][gc,metaspace   ] GC(75) Metaspace: 69095K(69888K)->69095K(69888K) NonClass: 59036K(59456K)->59036K(59456K) Class: 10058K(10432K)->10058K(10432K)
[33.315s][info ][gc             ] GC(75) Pause Young (Allocation Failure) 2469M->570M(2543M) 31.180ms
[33.315s][info ][gc,cpu         ] GC(75) User=0.12s Sys=0.00s Real=0.03s
[33.315s][info ][safepoint      ] Safepoint "ParallelGCFailedAllocation", Time since last: 385115912 ns, Reaching safepoint: 2192054 ns, At safepoint: 31294681 ns, Total: 33486735 ns
[33.658s][info ][gc,start       ] GC(76) Pause Young (Allocation Failure)
[33.687s][debug][gc,phases      ] GC(76) Scavenge 28.896ms
[33.687s][debug][gc,ref         ] GC(76) Skipped phase 1 of Reference Processing: no references
[33.687s][debug][gc,ref         ] GC(76) Skipped phase 2 of Reference Processing: no references
[33.687s][debug][gc,ref         ] GC(76) Skipped phase 3 of Reference Processing: no references
[33.687s][debug][gc,ref         ] GC(76) Skipped phase 4 of Reference Processing: no references
[33.687s][debug][gc,phases      ] GC(76) Reference Processing 0.023ms
[33.688s][debug][gc,phases      ] GC(76)   VM Weak                        Min:  0.0, Avg:  0.0, Max:  0.0, Diff:  0.0, Sum:  0.0, Workers: 4
[33.688s][debug][gc,phases      ] GC(76)     Dead                           Min: 0, Avg:  0.0, Max: 0, Diff: 0, Sum: 0, Workers: 4
[33.688s][debug][gc,phases      ] GC(76)     Total                          Min: 0, Avg: 151.0, Max: 604, Diff: 604, Sum: 604, Workers: 4
[33.688s][debug][gc,phases      ] GC(76)   ObjectSynchronizer Weak        Min:  0.0, Avg:  0.0, Max:  0.0, Diff:  0.0, Sum:  0.0, Workers: 4
[33.688s][debug][gc,phases      ] GC(76)     Dead                           Min: 0, Avg:  0.0, Max: 0, Diff: 0, Sum: 0, Workers: 4
[33.688s][debug][gc,phases      ] GC(76)     Total                          Min: 0, Avg: 93.8, Max: 247, Diff: 247, Sum: 375, Workers: 4
[33.688s][debug][gc,phases      ] GC(76)   JVMTI Tag Weak OopStorage      Min:  0.0, Avg:  0.0, Max:  0.0, Diff:  0.0, Sum:  0.0, Workers: 4
[33.688s][debug][gc,phases      ] GC(76)     Dead                           Min: 0, Avg:  0.0, Max: 0, Diff: 0, Sum: 0, Workers: 4
[33.688s][debug][gc,phases      ] GC(76)     Total                          Min: 0, Avg:  0.0, Max: 0, Diff: 0, Sum: 0, Workers: 4
[33.688s][debug][gc,phases      ] GC(76)   StringTable Weak               Min:  0.1, Avg:  0.1, Max:  0.1, Diff:  0.0, Sum:  0.5, Workers: 4
[33.688s][debug][gc,phases      ] GC(76)     Dead                           Min: 0, Avg:  2.8, Max: 11, Diff: 11, Sum: 11, Workers: 4
[33.688s][debug][gc,phases      ] GC(76)     Total                          Min: 9276, Avg: 10762.5, Max: 12398, Diff: 3122, Sum: 43050, Workers: 4
[33.688s][debug][gc,phases      ] GC(76)   ResolvedMethodTable Weak       Min:  0.0, Avg:  0.0, Max:  0.0, Diff:  0.0, Sum:  0.1, Workers: 4
[33.688s][debug][gc,phases      ] GC(76)     Dead                           Min: 0, Avg:  0.0, Max: 0, Diff: 0, Sum: 0, Workers: 4
[33.688s][debug][gc,phases      ] GC(76)     Total                          Min: 1664, Avg: 1829.8, Max: 2135, Diff: 471, Sum: 7319, Workers: 4
[33.688s][debug][gc,phases      ] GC(76)   JNI Weak                       Min:  0.0, Avg:  0.0, Max:  0.0, Diff:  0.0, Sum:  0.0, Workers: 4
[33.688s][debug][gc,phases      ] GC(76)     Dead                           Min: 0, Avg:  0.0, Max: 0, Diff: 0, Sum: 0, Workers: 4
[33.688s][debug][gc,phases      ] GC(76)     Total                          Min: 0, Avg:  0.0, Max: 0, Diff: 0, Sum: 0, Workers: 4
[33.688s][debug][gc,phases      ] GC(76)   StringDedup Table Weak         Min:  0.0, Avg:  0.0, Max:  0.0, Diff:  0.0, Sum:  0.0, Workers: 4
[33.688s][debug][gc,phases      ] GC(76)     Dead                           Min: 0, Avg:  0.0, Max: 0, Diff: 0, Sum: 0, Workers: 4
[33.688s][debug][gc,phases      ] GC(76)     Total                          Min: 0, Avg:  0.0, Max: 0, Diff: 0, Sum: 0, Workers: 4
[33.688s][debug][gc,phases      ] GC(76)   StringDedup Requests0 Weak     Min:  0.0, Avg:  0.0, Max:  0.0, Diff:  0.0, Sum:  0.0, Workers: 4
[33.688s][debug][gc,phases      ] GC(76)     Dead                           Min: 0, Avg:  0.0, Max: 0, Diff: 0, Sum: 0, Workers: 4
[33.688s][debug][gc,phases      ] GC(76)     Total                          Min: 0, Avg:  0.0, Max: 0, Diff: 0, Sum: 0, Workers: 4
[33.688s][debug][gc,phases      ] GC(76)   StringDedup Requests1 Weak     Min:  0.0, Avg:  0.0, Max:  0.0, Diff:  0.0, Sum:  0.0, Workers: 4
[33.688s][debug][gc,phases      ] GC(76)     Dead                           Min: 0, Avg:  0.0, Max: 0, Diff: 0, Sum: 0, Workers: 4
[33.688s][debug][gc,phases      ] GC(76)     Total                          Min: 0, Avg:  0.0, Max: 0, Diff: 0, Sum: 0, Workers: 4
[33.688s][debug][gc,phases      ] GC(76)   Weak JFR Old Object Samples    Min:  0.0, Avg:  0.0, Max:  0.0, Diff:  0.0, Sum:  0.0, Workers: 4
[33.688s][debug][gc,phases      ] GC(76)     Dead                           Min: 0, Avg:  0.0, Max: 0, Diff: 0, Sum: 0, Workers: 4
[33.688s][debug][gc,phases      ] GC(76)     Total                          Min: 0, Avg:  0.0, Max: 0, Diff: 0, Sum: 0, Workers: 4
[33.688s][debug][gc,phases      ] GC(76) Weak Processing 0.319ms
[33.688s][debug][gc,age         ] GC(76) Desired survivor size 78118912 bytes, new threshold 15 (max threshold 15)
[33.688s][info ][gc,heap        ] GC(76) PSYoungGen: 2005424K(2005504K)->51856K(2019328K) Eden: 1952768K(1952768K)->0K(1944576K) From: 52656K(52736K)->51856K(74752K)
[33.688s][info ][gc,heap        ] GC(76) ParOldGen: 531127K(599040K)->533927K(599040K)
[33.688s][info ][gc,metaspace   ] GC(76) Metaspace: 69097K(69888K)->69097K(69888K) NonClass: 59038K(59456K)->59038K(59456K) Class: 10059K(10432K)->10059K(10432K)
[33.688s][info ][gc             ] GC(76) Pause Young (Allocation Failure) 2477M->572M(2557M) 29.391ms
[33.688s][info ][gc,cpu         ] GC(76) User=0.11s Sys=0.00s Real=0.03s
[33.688s][info ][safepoint      ] Safepoint "ParallelGCFailedAllocation", Time since last: 342767855 ns, Reaching safepoint: 135903 ns, At safepoint: 29494537 ns, Total: 29630440 ns
[34.058s][info ][gc,start       ] GC(77) Pause Young (Allocation Failure)
[34.088s][debug][gc,phases      ] GC(77) Scavenge 29.850ms
[34.088s][debug][gc,ref         ] GC(77) Skipped phase 1 of Reference Processing: no references
[34.088s][debug][gc,ref         ] GC(77) ReferenceProcessor::execute queues: 1, RefProcThreadModel::Single, marks_oops_alive: false
[34.088s][debug][gc,ref         ] GC(77) Skipped phase 3 of Reference Processing: no references
[34.088s][debug][gc,ref         ] GC(77) Skipped phase 4 of Reference Processing: no references
[34.088s][debug][gc,phases      ] GC(77) Reference Processing 0.099ms
[34.088s][debug][gc,phases      ] GC(77)   VM Weak                        Min:  0.0, Avg:  0.0, Max:  0.0, Diff:  0.0, Sum:  0.0, Workers: 4
[34.088s][debug][gc,phases      ] GC(77)     Dead                           Min: 0, Avg:  0.0, Max: 0, Diff: 0, Sum: 0, Workers: 4
[34.088s][debug][gc,phases      ] GC(77)     Total                          Min: 0, Avg: 151.0, Max: 540, Diff: 540, Sum: 604, Workers: 4
[34.088s][debug][gc,phases      ] GC(77)   ObjectSynchronizer Weak        Min:  0.0, Avg:  0.0, Max:  0.0, Diff:  0.0, Sum:  0.0, Workers: 4
[34.088s][debug][gc,phases      ] GC(77)     Dead                           Min: 0, Avg:  0.0, Max: 0, Diff: 0, Sum: 0, Workers: 4
[34.088s][debug][gc,phases      ] GC(77)     Total                          Min: 0, Avg: 93.8, Max: 183, Diff: 183, Sum: 375, Workers: 4
[34.088s][debug][gc,phases      ] GC(77)   JVMTI Tag Weak OopStorage      Min:  0.0, Avg:  0.0, Max:  0.0, Diff:  0.0, Sum:  0.0, Workers: 4
[34.088s][debug][gc,phases      ] GC(77)     Dead                           Min: 0, Avg:  0.0, Max: 0, Diff: 0, Sum: 0, Workers: 4
[34.088s][debug][gc,phases      ] GC(77)     Total                          Min: 0, Avg:  0.0, Max: 0, Diff: 0, Sum: 0, Workers: 4
[34.088s][debug][gc,phases      ] GC(77)   StringTable Weak               Min:  0.1, Avg:  0.1, Max:  0.1, Diff:  0.0, Sum:  0.4, Workers: 4
[34.088s][debug][gc,phases      ] GC(77)     Dead                           Min: 0, Avg:  2.8, Max: 7, Diff: 7, Sum: 11, Workers: 4
[34.088s][debug][gc,phases      ] GC(77)     Total                          Min: 10560, Avg: 10762.5, Max: 10986, Diff: 426, Sum: 43050, Workers: 4
[34.088s][debug][gc,phases      ] GC(77)   ResolvedMethodTable Weak       Min:  0.0, Avg:  0.0, Max:  0.0, Diff:  0.0, Sum:  0.1, Workers: 4
[34.088s][debug][gc,phases      ] GC(77)     Dead                           Min: 0, Avg:  0.0, Max: 0, Diff: 0, Sum: 0, Workers: 4
[34.088s][debug][gc,phases      ] GC(77)     Total                          Min: 1728, Avg: 1829.8, Max: 2007, Diff: 279, Sum: 7319, Workers: 4
[34.088s][debug][gc,phases      ] GC(77)   JNI Weak                       Min:  0.0, Avg:  0.0, Max:  0.0, Diff:  0.0, Sum:  0.0, Workers: 4
[34.088s][debug][gc,phases      ] GC(77)     Dead                           Min: 0, Avg:  0.0, Max: 0, Diff: 0, Sum: 0, Workers: 4
[34.088s][debug][gc,phases      ] GC(77)     Total                          Min: 0, Avg:  0.0, Max: 0, Diff: 0, Sum: 0, Workers: 4
[34.088s][debug][gc,phases      ] GC(77)   StringDedup Table Weak         Min:  0.0, Avg:  0.0, Max:  0.0, Diff:  0.0, Sum:  0.0, Workers: 4
[34.088s][debug][gc,phases      ] GC(77)     Dead                           Min: 0, Avg:  0.0, Max: 0, Diff: 0, Sum: 0, Workers: 4
[34.088s][debug][gc,phases      ] GC(77)     Total                          Min: 0, Avg:  0.0, Max: 0, Diff: 0, Sum: 0, Workers: 4
[34.088s][debug][gc,phases      ] GC(77)   StringDedup Requests0 Weak     Min:  0.0, Avg:  0.0, Max:  0.0, Diff:  0.0, Sum:  0.0, Workers: 4
[34.088s][debug][gc,phases      ] GC(77)     Dead                           Min: 0, Avg:  0.0, Max: 0, Diff: 0, Sum: 0, Workers: 4
[34.088s][debug][gc,phases      ] GC(77)     Total                          Min: 0, Avg:  0.0, Max: 0, Diff: 0, Sum: 0, Workers: 4
[34.088s][debug][gc,phases      ] GC(77)   StringDedup Requests1 Weak     Min:  0.0, Avg:  0.0, Max:  0.0, Diff:  0.0, Sum:  0.0, Workers: 4
[34.088s][debug][gc,phases      ] GC(77)     Dead                           Min: 0, Avg:  0.0, Max: 0, Diff: 0, Sum: 0, Workers: 4
[34.088s][debug][gc,phases      ] GC(77)     Total                          Min: 0, Avg:  0.0, Max: 0, Diff: 0, Sum: 0, Workers: 4
[34.088s][debug][gc,phases      ] GC(77)   Weak JFR Old Object Samples    Min:  0.0, Avg:  0.0, Max:  0.0, Diff:  0.0, Sum:  0.0, Workers: 4
[34.088s][debug][gc,phases      ] GC(77)     Dead                           Min: 0, Avg:  0.0, Max: 0, Diff: 0, Sum: 0, Workers: 4
[34.088s][debug][gc,phases      ] GC(77)     Total                          Min: 0, Avg:  0.0, Max: 0, Diff: 0, Sum: 0, Workers: 4
[34.088s][debug][gc,phases      ] GC(77) Weak Processing 0.303ms
[34.088s][debug][gc,age         ] GC(77) Desired survivor size 79167488 bytes, new threshold 15 (max threshold 15)
[34.088s][info ][gc,heap        ] GC(77) PSYoungGen: 1996432K(2019328K)->51984K(1996800K) Eden: 1944576K(1944576K)->0K(1944576K) From: 51856K(74752K)->51984K(52224K)
[34.088s][info ][gc,heap        ] GC(77) ParOldGen: 533927K(599040K)->535991K(599040K)
[34.088s][info ][gc,metaspace   ] GC(77) Metaspace: 69102K(69888K)->69102K(69888K) NonClass: 59042K(59456K)->59042K(59456K) Class: 10059K(10432K)->10059K(10432K)
[34.088s][info ][gc             ] GC(77) Pause Young (Allocation Failure) 2471M->574M(2535M) 30.385ms
[34.088s][info ][gc,cpu         ] GC(77) User=0.12s Sys=0.00s Real=0.03s
[34.088s][info ][safepoint      ] Safepoint "ParallelGCFailedAllocation", Time since last: 369907731 ns, Reaching safepoint: 141004 ns, At safepoint: 30485461 ns, Total: 30626465 ns
[34.474s][info ][gc,start       ] GC(78) Pause Young (Allocation Failure)
[34.506s][debug][gc,phases      ] GC(78) Scavenge 31.989ms
[34.506s][debug][gc,ref         ] GC(78) Skipped phase 1 of Reference Processing: no references
[34.506s][debug][gc,ref         ] GC(78) ReferenceProcessor::execute queues: 1, RefProcThreadModel::Single, marks_oops_alive: false
[34.506s][debug][gc,ref         ] GC(78) Skipped phase 3 of Reference Processing: no references
[34.506s][debug][gc,ref         ] GC(78) Skipped phase 4 of Reference Processing: no references
[34.506s][debug][gc,phases      ] GC(78) Reference Processing 0.104ms
[34.506s][debug][gc,phases      ] GC(78)   VM Weak                        Min:  0.0, Avg:  0.0, Max:  0.0, Diff:  0.0, Sum:  0.0, Workers: 4
[34.506s][debug][gc,phases      ] GC(78)     Dead                           Min: 0, Avg:  0.0, Max: 0, Diff: 0, Sum: 0, Workers: 4
[34.506s][debug][gc,phases      ] GC(78)     Total                          Min: 0, Avg: 151.0, Max: 348, Diff: 348, Sum: 604, Workers: 4
[34.506s][debug][gc,phases      ] GC(78)   ObjectSynchronizer Weak        Min:  0.0, Avg:  0.0, Max:  0.0, Diff:  0.0, Sum:  0.0, Workers: 4
[34.506s][debug][gc,phases      ] GC(78)     Dead                           Min: 0, Avg:  0.0, Max: 0, Diff: 0, Sum: 0, Workers: 4
[34.506s][debug][gc,phases      ] GC(78)     Total                          Min: 55, Avg: 93.8, Max: 128, Diff: 73, Sum: 375, Workers: 4
[34.506s][debug][gc,phases      ] GC(78)   JVMTI Tag Weak OopStorage      Min:  0.0, Avg:  0.0, Max:  0.0, Diff:  0.0, Sum:  0.0, Workers: 4
[34.506s][debug][gc,phases      ] GC(78)     Dead                           Min: 0, Avg:  0.0, Max: 0, Diff: 0, Sum: 0, Workers: 4
[34.506s][debug][gc,phases      ] GC(78)     Total                          Min: 0, Avg:  0.0, Max: 0, Diff: 0, Sum: 0, Workers: 4
[34.506s][debug][gc,phases      ] GC(78)   StringTable Weak               Min:  0.1, Avg:  0.1, Max:  0.1, Diff:  0.0, Sum:  0.4, Workers: 4
[34.506s][debug][gc,phases      ] GC(78)     Dead                           Min: 0, Avg:  0.0, Max: 0, Diff: 0, Sum: 0, Workers: 4
[34.506s][debug][gc,phases      ] GC(78)     Total                          Min: 10112, Avg: 10763.5, Max: 11438, Diff: 1326, Sum: 43054, Workers: 4
[34.506s][debug][gc,phases      ] GC(78)   ResolvedMethodTable Weak       Min:  0.0, Avg:  0.0, Max:  0.0, Diff:  0.0, Sum:  0.1, Workers: 4
[34.506s][debug][gc,phases      ] GC(78)     Dead                           Min: 0, Avg:  0.0, Max: 0, Diff: 0, Sum: 0, Workers: 4
[34.506s][debug][gc,phases      ] GC(78)     Total                          Min: 1600, Avg: 1829.8, Max: 2007, Diff: 407, Sum: 7319, Workers: 4
[34.506s][debug][gc,phases      ] GC(78)   JNI Weak                       Min:  0.0, Avg:  0.0, Max:  0.0, Diff:  0.0, Sum:  0.0, Workers: 4
[34.506s][debug][gc,phases      ] GC(78)     Dead                           Min: 0, Avg:  0.0, Max: 0, Diff: 0, Sum: 0, Workers: 4
[34.506s][debug][gc,phases      ] GC(78)     Total                          Min: 0, Avg:  0.0, Max: 0, Diff: 0, Sum: 0, Workers: 4
[34.506s][debug][gc,phases      ] GC(78)   StringDedup Table Weak         Min:  0.0, Avg:  0.0, Max:  0.0, Diff:  0.0, Sum:  0.0, Workers: 4
[34.506s][debug][gc,phases      ] GC(78)     Dead                           Min: 0, Avg:  0.0, Max: 0, Diff: 0, Sum: 0, Workers: 4
[34.506s][debug][gc,phases      ] GC(78)     Total                          Min: 0, Avg:  0.0, Max: 0, Diff: 0, Sum: 0, Workers: 4
[34.506s][debug][gc,phases      ] GC(78)   StringDedup Requests0 Weak     Min:  0.0, Avg:  0.0, Max:  0.0, Diff:  0.0, Sum:  0.0, Workers: 4
[34.506s][debug][gc,phases      ] GC(78)     Dead                           Min: 0, Avg:  0.0, Max: 0, Diff: 0, Sum: 0, Workers: 4
[34.506s][debug][gc,phases      ] GC(78)     Total                          Min: 0, Avg:  0.0, Max: 0, Diff: 0, Sum: 0, Workers: 4
[34.506s][debug][gc,phases      ] GC(78)   StringDedup Requests1 Weak     Min:  0.0, Avg:  0.0, Max:  0.0, Diff:  0.0, Sum:  0.0, Workers: 4
[34.506s][debug][gc,phases      ] GC(78)     Dead                           Min: 0, Avg:  0.0, Max: 0, Diff: 0, Sum: 0, Workers: 4
[34.506s][debug][gc,phases      ] GC(78)     Total                          Min: 0, Avg:  0.0, Max: 0, Diff: 0, Sum: 0, Workers: 4
[34.506s][debug][gc,phases      ] GC(78)   Weak JFR Old Object Samples    Min:  0.0, Avg:  0.0, Max:  0.0, Diff:  0.0, Sum:  0.0, Workers: 4
[34.506s][debug][gc,phases      ] GC(78)     Dead                           Min: 0, Avg:  0.0, Max: 0, Diff: 0, Sum: 0, Workers: 4
[34.506s][debug][gc,phases      ] GC(78)     Total                          Min: 0, Avg:  0.0, Max: 0, Diff: 0, Sum: 0, Workers: 4
[34.506s][debug][gc,phases      ] GC(78) Weak Processing 0.311ms
[34.506s][debug][gc,age         ] GC(78) Desired survivor size 80740352 bytes, new threshold 15 (max threshold 15)
[34.506s][info ][gc,heap        ] GC(78) PSYoungGen: 1996560K(1996800K)->54448K(2016768K) Eden: 1944576K(1944576K)->0K(1939456K) From: 51984K(52224K)->54448K(77312K)
[34.506s][info ][gc,heap        ] GC(78) ParOldGen: 535991K(599040K)->537991K(599040K)
[34.506s][info ][gc,metaspace   ] GC(78) Metaspace: 69117K(69888K)->69117K(69888K) NonClass: 59058K(59456K)->59058K(59456K) Class: 10059K(10432K)->10059K(10432K)
[34.506s][info ][gc             ] GC(78) Pause Young (Allocation Failure) 2473M->578M(2554M) 32.555ms
[34.506s][info ][gc,cpu         ] GC(78) User=0.13s Sys=0.00s Real=0.03s
[34.506s][info ][safepoint      ] Safepoint "ParallelGCFailedAllocation", Time since last: 385143911 ns, Reaching safepoint: 169704 ns, At safepoint: 32665815 ns, Total: 32835519 ns
[34.855s][info ][gc,start       ] GC(79) Pause Young (Allocation Failure)
[34.882s][debug][gc,phases      ] GC(79) Scavenge 26.897ms
[34.882s][debug][gc,ref         ] GC(79) Skipped phase 1 of Reference Processing: no references
[34.882s][debug][gc,ref         ] GC(79) ReferenceProcessor::execute queues: 1, RefProcThreadModel::Single, marks_oops_alive: false
[34.882s][debug][gc,ref         ] GC(79) Skipped phase 3 of Reference Processing: no references
[34.882s][debug][gc,ref         ] GC(79) Skipped phase 4 of Reference Processing: no references
[34.882s][debug][gc,phases      ] GC(79) Reference Processing 0.110ms
[34.882s][debug][gc,phases      ] GC(79)   VM Weak                        Min:  0.0, Avg:  0.0, Max:  0.0, Diff:  0.0, Sum:  0.0, Workers: 4
[34.882s][debug][gc,phases      ] GC(79)     Dead                           Min: 0, Avg:  0.0, Max: 0, Diff: 0, Sum: 0, Workers: 4
[34.882s][debug][gc,phases      ] GC(79)     Total                          Min: 0, Avg: 151.0, Max: 604, Diff: 604, Sum: 604, Workers: 4
[34.882s][debug][gc,phases      ] GC(79)   ObjectSynchronizer Weak        Min:  0.0, Avg:  0.0, Max:  0.0, Diff:  0.0, Sum:  0.0, Workers: 4
[34.882s][debug][gc,phases      ] GC(79)     Dead                           Min: 0, Avg:  0.0, Max: 0, Diff: 0, Sum: 0, Workers: 4
[34.882s][debug][gc,phases      ] GC(79)     Total                          Min: 0, Avg: 93.8, Max: 256, Diff: 256, Sum: 375, Workers: 4
[34.882s][debug][gc,phases      ] GC(79)   JVMTI Tag Weak OopStorage      Min:  0.0, Avg:  0.0, Max:  0.0, Diff:  0.0, Sum:  0.0, Workers: 4
[34.882s][debug][gc,phases      ] GC(79)     Dead                           Min: 0, Avg:  0.0, Max: 0, Diff: 0, Sum: 0, Workers: 4
[34.882s][debug][gc,phases      ] GC(79)     Total                          Min: 0, Avg:  0.0, Max: 0, Diff: 0, Sum: 0, Workers: 4
[34.882s][debug][gc,phases      ] GC(79)   StringTable Weak               Min:  0.1, Avg:  0.1, Max:  0.1, Diff:  0.0, Sum:  0.4, Workers: 4
[34.882s][debug][gc,phases      ] GC(79)     Dead                           Min: 0, Avg:  2.8, Max: 11, Diff: 11, Sum: 11, Workers: 4
[34.882s][debug][gc,phases      ] GC(79)     Total                          Min: 8640, Avg: 10763.5, Max: 11776, Diff: 3136, Sum: 43054, Workers: 4
[34.882s][debug][gc,phases      ] GC(79)   ResolvedMethodTable Weak       Min:  0.0, Avg:  0.0, Max:  0.0, Diff:  0.0, Sum:  0.1, Workers: 4
[34.882s][debug][gc,phases      ] GC(79)     Dead                           Min: 0, Avg:  0.0, Max: 0, Diff: 0, Sum: 0, Workers: 4
[34.882s][debug][gc,phases      ] GC(79)     Total                          Min: 1664, Avg: 1829.8, Max: 2111, Diff: 447, Sum: 7319, Workers: 4
[34.882s][debug][gc,phases      ] GC(79)   JNI Weak                       Min:  0.0, Avg:  0.0, Max:  0.0, Diff:  0.0, Sum:  0.0, Workers: 4
[34.882s][debug][gc,phases      ] GC(79)     Dead                           Min: 0, Avg:  0.0, Max: 0, Diff: 0, Sum: 0, Workers: 4
[34.882s][debug][gc,phases      ] GC(79)     Total                          Min: 0, Avg:  0.0, Max: 0, Diff: 0, Sum: 0, Workers: 4
[34.882s][debug][gc,phases      ] GC(79)   StringDedup Table Weak         Min:  0.0, Avg:  0.0, Max:  0.0, Diff:  0.0, Sum:  0.0, Workers: 4
[34.882s][debug][gc,phases      ] GC(79)     Dead                           Min: 0, Avg:  0.0, Max: 0, Diff: 0, Sum: 0, Workers: 4
[34.882s][debug][gc,phases      ] GC(79)     Total                          Min: 0, Avg:  0.0, Max: 0, Diff: 0, Sum: 0, Workers: 4
[34.882s][debug][gc,phases      ] GC(79)   StringDedup Requests0 Weak     Min:  0.0, Avg:  0.0, Max:  0.0, Diff:  0.0, Sum:  0.0, Workers: 4
[34.882s][debug][gc,phases      ] GC(79)     Dead                           Min: 0, Avg:  0.0, Max: 0, Diff: 0, Sum: 0, Workers: 4
[34.882s][debug][gc,phases      ] GC(79)     Total                          Min: 0, Avg:  0.0, Max: 0, Diff: 0, Sum: 0, Workers: 4
[34.882s][debug][gc,phases      ] GC(79)   StringDedup Requests1 Weak     Min:  0.0, Avg:  0.0, Max:  0.0, Diff:  0.0, Sum:  0.0, Workers: 4
[34.882s][debug][gc,phases      ] GC(79)     Dead                           Min: 0, Avg:  0.0, Max: 0, Diff: 0, Sum: 0, Workers: 4
[34.882s][debug][gc,phases      ] GC(79)     Total                          Min: 0, Avg:  0.0, Max: 0, Diff: 0, Sum: 0, Workers: 4
[34.882s][debug][gc,phases      ] GC(79)   Weak JFR Old Object Samples    Min:  0.0, Avg:  0.0, Max:  0.0, Diff:  0.0, Sum:  0.0, Workers: 4
[34.882s][debug][gc,phases      ] GC(79)     Dead                           Min: 0, Avg:  0.0, Max: 0, Diff: 0, Sum: 0, Workers: 4
[34.882s][debug][gc,phases      ] GC(79)     Total                          Min: 0, Avg:  0.0, Max: 0, Diff: 0, Sum: 0, Workers: 4
[34.882s][debug][gc,phases      ] GC(79) Weak Processing 0.295ms
[34.882s][debug][gc,age         ] GC(79) Desired survivor size 81788928 bytes, new threshold 15 (max threshold 15)
[34.882s][info ][gc,heap        ] GC(79) PSYoungGen: 1993904K(2016768K)->54307K(1994240K) Eden: 1939456K(1939456K)->0K(1939456K) From: 54448K(77312K)->54307K(54784K)
[34.882s][info ][gc,heap        ] GC(79) ParOldGen: 537991K(599040K)->539783K(599040K)
[34.882s][info ][gc,metaspace   ] GC(79) Metaspace: 69117K(69888K)->69117K(69888K) NonClass: 59058K(59456K)->59058K(59456K) Class: 10059K(10432K)->10059K(10432K)
[34.882s][info ][gc             ] GC(79) Pause Young (Allocation Failure) 2472M->580M(2532M) 27.457ms
[34.882s][info ][gc,cpu         ] GC(79) User=0.11s Sys=0.00s Real=0.02s
[34.883s][info ][safepoint      ] Safepoint "ParallelGCFailedAllocation", Time since last: 348521798 ns, Reaching safepoint: 133503 ns, At safepoint: 27565088 ns, Total: 27698591 ns
[35.222s][info ][gc,start       ] GC(80) Pause Young (Allocation Failure)
[35.251s][debug][gc,phases      ] GC(80) Scavenge 28.926ms
[35.251s][debug][gc,ref         ] GC(80) Skipped phase 1 of Reference Processing: no references
[35.251s][debug][gc,ref         ] GC(80) ReferenceProcessor::execute queues: 1, RefProcThreadModel::Single, marks_oops_alive: false
[35.251s][debug][gc,ref         ] GC(80) Skipped phase 3 of Reference Processing: no references
[35.251s][debug][gc,ref         ] GC(80) Skipped phase 4 of Reference Processing: no references
[35.251s][debug][gc,phases      ] GC(80) Reference Processing 0.122ms
[35.251s][debug][gc,phases      ] GC(80)   VM Weak                        Min:  0.0, Avg:  0.0, Max:  0.0, Diff:  0.0, Sum:  0.0, Workers: 4
[35.251s][debug][gc,phases      ] GC(80)     Dead                           Min: 0, Avg:  0.0, Max: 0, Diff: 0, Sum: 0, Workers: 4
[35.251s][debug][gc,phases      ] GC(80)     Total                          Min: 0, Avg: 151.0, Max: 540, Diff: 540, Sum: 604, Workers: 4
[35.251s][debug][gc,phases      ] GC(80)   ObjectSynchronizer Weak        Min:  0.0, Avg:  0.0, Max:  0.0, Diff:  0.0, Sum:  0.0, Workers: 4
[35.251s][debug][gc,phases      ] GC(80)     Dead                           Min: 0, Avg:  0.0, Max: 0, Diff: 0, Sum: 0, Workers: 4
[35.251s][debug][gc,phases      ] GC(80)     Total                          Min: 0, Avg: 93.8, Max: 247, Diff: 247, Sum: 375, Workers: 4
[35.251s][debug][gc,phases      ] GC(80)   JVMTI Tag Weak OopStorage      Min:  0.0, Avg:  0.0, Max:  0.0, Diff:  0.0, Sum:  0.0, Workers: 4
[35.251s][debug][gc,phases      ] GC(80)     Dead                           Min: 0, Avg:  0.0, Max: 0, Diff: 0, Sum: 0, Workers: 4
[35.251s][debug][gc,phases      ] GC(80)     Total                          Min: 0, Avg:  0.0, Max: 0, Diff: 0, Sum: 0, Workers: 4
[35.251s][debug][gc,phases      ] GC(80)   StringTable Weak               Min:  0.1, Avg:  0.1, Max:  0.1, Diff:  0.0, Sum:  0.4, Workers: 4
[35.251s][debug][gc,phases      ] GC(80)     Dead                           Min: 0, Avg:  2.8, Max: 11, Diff: 11, Sum: 11, Workers: 4
[35.251s][debug][gc,phases      ] GC(80)     Total                          Min: 10304, Avg: 10763.8, Max: 11392, Diff: 1088, Sum: 43055, Workers: 4
[35.251s][debug][gc,phases      ] GC(80)   ResolvedMethodTable Weak       Min:  0.0, Avg:  0.0, Max:  0.0, Diff:  0.0, Sum:  0.1, Workers: 4
[35.251s][debug][gc,phases      ] GC(80)     Dead                           Min: 0, Avg:  0.0, Max: 0, Diff: 0, Sum: 0, Workers: 4
[35.251s][debug][gc,phases      ] GC(80)     Total                          Min: 1600, Avg: 1829.8, Max: 2007, Diff: 407, Sum: 7319, Workers: 4
[35.251s][debug][gc,phases      ] GC(80)   JNI Weak                       Min:  0.0, Avg:  0.0, Max:  0.0, Diff:  0.0, Sum:  0.0, Workers: 4
[35.251s][debug][gc,phases      ] GC(80)     Dead                           Min: 0, Avg:  0.0, Max: 0, Diff: 0, Sum: 0, Workers: 4
[35.251s][debug][gc,phases      ] GC(80)     Total                          Min: 0, Avg:  0.0, Max: 0, Diff: 0, Sum: 0, Workers: 4
[35.251s][debug][gc,phases      ] GC(80)   StringDedup Table Weak         Min:  0.0, Avg:  0.0, Max:  0.0, Diff:  0.0, Sum:  0.0, Workers: 4
[35.251s][debug][gc,phases      ] GC(80)     Dead                           Min: 0, Avg:  0.0, Max: 0, Diff: 0, Sum: 0, Workers: 4
[35.251s][debug][gc,phases      ] GC(80)     Total                          Min: 0, Avg:  0.0, Max: 0, Diff: 0, Sum: 0, Workers: 4
[35.251s][debug][gc,phases      ] GC(80)   StringDedup Requests0 Weak     Min:  0.0, Avg:  0.0, Max:  0.0, Diff:  0.0, Sum:  0.0, Workers: 4
[35.251s][debug][gc,phases      ] GC(80)     Dead                           Min: 0, Avg:  0.0, Max: 0, Diff: 0, Sum: 0, Workers: 4
[35.251s][debug][gc,phases      ] GC(80)     Total                          Min: 0, Avg:  0.0, Max: 0, Diff: 0, Sum: 0, Workers: 4
[35.251s][debug][gc,phases      ] GC(80)   StringDedup Requests1 Weak     Min:  0.0, Avg:  0.0, Max:  0.0, Diff:  0.0, Sum:  0.0, Workers: 4
[35.251s][debug][gc,phases      ] GC(80)     Dead                           Min: 0, Avg:  0.0, Max: 0, Diff: 0, Sum: 0, Workers: 4
[35.251s][debug][gc,phases      ] GC(80)     Total                          Min: 0, Avg:  0.0, Max: 0, Diff: 0, Sum: 0, Workers: 4
[35.251s][debug][gc,phases      ] GC(80)   Weak JFR Old Object Samples    Min:  0.0, Avg:  0.0, Max:  0.0, Diff:  0.0, Sum:  0.0, Workers: 4
[35.251s][debug][gc,phases      ] GC(80)     Dead                           Min: 0, Avg:  0.0, Max: 0, Diff: 0, Sum: 0, Workers: 4
[35.251s][debug][gc,phases      ] GC(80)     Total                          Min: 0, Avg:  0.0, Max: 0, Diff: 0, Sum: 0, Workers: 4
[35.251s][debug][gc,phases      ] GC(80) Weak Processing 0.283ms
[35.251s][debug][gc,age         ] GC(80) Desired survivor size 82313216 bytes, new threshold 15 (max threshold 15)
[35.251s][info ][gc,heap        ] GC(80) PSYoungGen: 1993763K(1994240K)->54400K(2016256K) Eden: 1939456K(1939456K)->0K(1936384K) From: 54307K(54784K)->54400K(79872K)
[35.251s][info ][gc,heap        ] GC(80) ParOldGen: 539783K(599040K)->541983K(599040K)
[35.251s][info ][gc,metaspace   ] GC(80) Metaspace: 69123K(69888K)->69123K(69888K) NonClass: 59063K(59456K)->59063K(59456K) Class: 10059K(10432K)->10059K(10432K)
[35.251s][info ][gc             ] GC(80) Pause Young (Allocation Failure) 2474M->582M(2554M) 29.470ms
[35.251s][info ][gc,cpu         ] GC(80) User=0.12s Sys=0.00s Real=0.03s
[35.251s][info ][safepoint      ] Safepoint "ParallelGCFailedAllocation", Time since last: 339012359 ns, Reaching safepoint: 139804 ns, At safepoint: 29581638 ns, Total: 29721442 ns
[35.717s][info ][gc,start       ] GC(81) Pause Young (Allocation Failure)
[35.747s][debug][gc,phases      ] GC(81) Scavenge 30.696ms
[35.747s][debug][gc,ref         ] GC(81) Skipped phase 1 of Reference Processing: no references
[35.747s][debug][gc,ref         ] GC(81) ReferenceProcessor::execute queues: 1, RefProcThreadModel::Single, marks_oops_alive: false
[35.748s][debug][gc,ref         ] GC(81) Skipped phase 3 of Reference Processing: no references
[35.748s][debug][gc,ref         ] GC(81) ReferenceProcessor::execute queues: 1, RefProcThreadModel::Single, marks_oops_alive: false
[35.748s][debug][gc,phases      ] GC(81) Reference Processing 0.139ms
[35.748s][debug][gc,phases      ] GC(81)   VM Weak                        Min:  0.0, Avg:  0.0, Max:  0.0, Diff:  0.0, Sum:  0.0, Workers: 4
[35.748s][debug][gc,phases      ] GC(81)     Dead                           Min: 0, Avg:  0.0, Max: 0, Diff: 0, Sum: 0, Workers: 4
[35.748s][debug][gc,phases      ] GC(81)     Total                          Min: 0, Avg: 152.0, Max: 320, Diff: 320, Sum: 608, Workers: 4
[35.748s][debug][gc,phases      ] GC(81)   ObjectSynchronizer Weak        Min:  0.0, Avg:  0.0, Max:  0.0, Diff:  0.0, Sum:  0.0, Workers: 4
[35.748s][debug][gc,phases      ] GC(81)     Dead                           Min: 0, Avg:  0.0, Max: 0, Diff: 0, Sum: 0, Workers: 4
[35.748s][debug][gc,phases      ] GC(81)     Total                          Min: 0, Avg: 93.8, Max: 192, Diff: 192, Sum: 375, Workers: 4
[35.748s][debug][gc,phases      ] GC(81)   JVMTI Tag Weak OopStorage      Min:  0.0, Avg:  0.0, Max:  0.0, Diff:  0.0, Sum:  0.0, Workers: 4
[35.748s][debug][gc,phases      ] GC(81)     Dead                           Min: 0, Avg:  0.0, Max: 0, Diff: 0, Sum: 0, Workers: 4
[35.748s][debug][gc,phases      ] GC(81)     Total                          Min: 0, Avg:  0.0, Max: 0, Diff: 0, Sum: 0, Workers: 4
[35.748s][debug][gc,phases      ] GC(81)   StringTable Weak               Min:  0.1, Avg:  0.1, Max:  0.1, Diff:  0.0, Sum:  0.4, Workers: 4
[35.748s][debug][gc,phases      ] GC(81)     Dead                           Min: 0, Avg:  2.8, Max: 11, Diff: 11, Sum: 11, Workers: 4
[35.748s][debug][gc,phases      ] GC(81)     Total                          Min: 10176, Avg: 10806.0, Max: 11648, Diff: 1472, Sum: 43224, Workers: 4
[35.748s][debug][gc,phases      ] GC(81)   ResolvedMethodTable Weak       Min:  0.0, Avg:  0.0, Max:  0.0, Diff:  0.0, Sum:  0.1, Workers: 4
[35.748s][debug][gc,phases      ] GC(81)     Dead                           Min: 0, Avg:  4.5, Max: 18, Diff: 18, Sum: 18, Workers: 4
[35.748s][debug][gc,phases      ] GC(81)     Total                          Min: 1592, Avg: 1849.8, Max: 1984, Diff: 392, Sum: 7399, Workers: 4
[35.748s][debug][gc,phases      ] GC(81)   JNI Weak                       Min:  0.0, Avg:  0.0, Max:  0.0, Diff:  0.0, Sum:  0.0, Workers: 4
[35.748s][debug][gc,phases      ] GC(81)     Dead                           Min: 0, Avg:  0.0, Max: 0, Diff: 0, Sum: 0, Workers: 4
[35.748s][debug][gc,phases      ] GC(81)     Total                          Min: 0, Avg:  2.5, Max: 10, Diff: 10, Sum: 10, Workers: 4
[35.748s][debug][gc,phases      ] GC(81)   StringDedup Table Weak         Min:  0.0, Avg:  0.0, Max:  0.0, Diff:  0.0, Sum:  0.0, Workers: 4
[35.748s][debug][gc,phases      ] GC(81)     Dead                           Min: 0, Avg:  0.0, Max: 0, Diff: 0, Sum: 0, Workers: 4
[35.748s][debug][gc,phases      ] GC(81)     Total                          Min: 0, Avg:  0.0, Max: 0, Diff: 0, Sum: 0, Workers: 4
[35.748s][debug][gc,phases      ] GC(81)   StringDedup Requests0 Weak     Min:  0.0, Avg:  0.0, Max:  0.0, Diff:  0.0, Sum:  0.0, Workers: 4
[35.748s][debug][gc,phases      ] GC(81)     Dead                           Min: 0, Avg:  0.0, Max: 0, Diff: 0, Sum: 0, Workers: 4
[35.748s][debug][gc,phases      ] GC(81)     Total                          Min: 0, Avg:  0.0, Max: 0, Diff: 0, Sum: 0, Workers: 4
[35.748s][debug][gc,phases      ] GC(81)   StringDedup Requests1 Weak     Min:  0.0, Avg:  0.0, Max:  0.0, Diff:  0.0, Sum:  0.0, Workers: 4
[35.748s][debug][gc,phases      ] GC(81)     Dead                           Min: 0, Avg:  0.0, Max: 0, Diff: 0, Sum: 0, Workers: 4
[35.748s][debug][gc,phases      ] GC(81)     Total                          Min: 0, Avg:  0.0, Max: 0, Diff: 0, Sum: 0, Workers: 4
[35.748s][debug][gc,phases      ] GC(81)   Weak JFR Old Object Samples    Min:  0.0, Avg:  0.0, Max:  0.0, Diff:  0.0, Sum:  0.0, Workers: 4
[35.748s][debug][gc,phases      ] GC(81)     Dead                           Min: 0, Avg:  0.0, Max: 0, Diff: 0, Sum: 0, Workers: 4
[35.748s][debug][gc,phases      ] GC(81)     Total                          Min: 0, Avg:  0.0, Max: 0, Diff: 0, Sum: 0, Workers: 4
[35.748s][debug][gc,phases      ] GC(81) Weak Processing 0.303ms
[35.748s][debug][gc,age         ] GC(81) Desired survivor size 80740352 bytes, new threshold 15 (max threshold 15)
[35.748s][info ][gc,heap        ] GC(81) PSYoungGen: 1990784K(2016256K)->50320K(2016768K) Eden: 1936384K(1936384K)->0K(1936384K) From: 54400K(79872K)->50320K(80384K)
[35.748s][info ][gc,heap        ] GC(81) ParOldGen: 541983K(599040K)->545903K(599040K)
[35.748s][info ][gc,metaspace   ] GC(81) Metaspace: 69525K(70336K)->69525K(70336K) NonClass: 59404K(59840K)->59404K(59840K) Class: 10120K(10496K)->10120K(10496K)
[35.748s][info ][gc             ] GC(81) Pause Young (Allocation Failure) 2473M->582M(2554M) 31.274ms
[35.748s][info ][gc,cpu         ] GC(81) User=0.11s Sys=0.02s Real=0.03s
[35.748s][info ][safepoint      ] Safepoint "ParallelGCFailedAllocation", Time since last: 465117606 ns, Reaching safepoint: 207205 ns, At safepoint: 31388283 ns, Total: 31595488 ns
[35.895s][info ][safepoint      ] Safepoint "ICBufferFull", Time since last: 146763963 ns, Reaching safepoint: 161404 ns, At safepoint: 26200 ns, Total: 187604 ns
[35.898s][info ][safepoint      ] Safepoint "ICBufferFull", Time since last: 2483662 ns, Reaching safepoint: 391110 ns, At safepoint: 26901 ns, Total: 418011 ns
[35.906s][info ][safepoint      ] Safepoint "ICBufferFull", Time since last: 8439110 ns, Reaching safepoint: 123203 ns, At safepoint: 24401 ns, Total: 147604 ns
[35.908s][info ][safepoint      ] Safepoint "ICBufferFull", Time since last: 1200730 ns, Reaching safepoint: 103402 ns, At safepoint: 23201 ns, Total: 126603 ns
[35.912s][info ][safepoint      ] Safepoint "ICBufferFull", Time since last: 3783594 ns, Reaching safepoint: 100603 ns, At safepoint: 20100 ns, Total: 120703 ns
[35.978s][info ][safepoint      ] Safepoint "ICBufferFull", Time since last: 65926145 ns, Reaching safepoint: 135704 ns, At safepoint: 19500 ns, Total: 155204 ns
[35.980s][info ][safepoint      ] Safepoint "ICBufferFull", Time since last: 1668042 ns, Reaching safepoint: 133703 ns, At safepoint: 22101 ns, Total: 155804 ns
[35.985s][info ][safepoint      ] Safepoint "ICBufferFull", Time since last: 5485137 ns, Reaching safepoint: 140403 ns, At safepoint: 18401 ns, Total: 158804 ns
[35.992s][info ][safepoint      ] Safepoint "ICBufferFull", Time since last: 6858471 ns, Reaching safepoint: 123703 ns, At safepoint: 19500 ns, Total: 143203 ns
[35.996s][info ][safepoint      ] Safepoint "ICBufferFull", Time since last: 4148404 ns, Reaching safepoint: 140103 ns, At safepoint: 24701 ns, Total: 164804 ns
[36.001s][info ][safepoint      ] Safepoint "ICBufferFull", Time since last: 4314708 ns, Reaching safepoint: 122803 ns, At safepoint: 21800 ns, Total: 144603 ns
[36.002s][info ][safepoint      ] Safepoint "ICBufferFull", Time since last: 861822 ns, Reaching safepoint: 99402 ns, At safepoint: 18801 ns, Total: 118203 ns
[36.003s][info ][safepoint      ] Safepoint "ICBufferFull", Time since last: 713317 ns, Reaching safepoint: 88203 ns, At safepoint: 19000 ns, Total: 107203 ns
[36.004s][info ][safepoint      ] Safepoint "ICBufferFull", Time since last: 773219 ns, Reaching safepoint: 99903 ns, At safepoint: 17500 ns, Total: 117403 ns
[36.005s][info ][safepoint      ] Safepoint "ICBufferFull", Time since last: 772420 ns, Reaching safepoint: 95802 ns, At safepoint: 22601 ns, Total: 118403 ns
[36.006s][info ][safepoint      ] Safepoint "ICBufferFull", Time since last: 749218 ns, Reaching safepoint: 1025326 ns, At safepoint: 26100 ns, Total: 1051426 ns
[36.024s][info ][safepoint      ] Safepoint "ICBufferFull", Time since last: 14176454 ns, Reaching safepoint: 3190380 ns, At safepoint: 30101 ns, Total: 3220481 ns
[36.026s][info ][safepoint      ] Safepoint "ICBufferFull", Time since last: 1864946 ns, Reaching safepoint: 112403 ns, At safepoint: 21900 ns, Total: 134303 ns
[36.027s][info ][safepoint      ] Safepoint "ICBufferFull", Time since last: 873422 ns, Reaching safepoint: 101403 ns, At safepoint: 23900 ns, Total: 125303 ns
[36.028s][info ][safepoint      ] Safepoint "ICBufferFull", Time since last: 910023 ns, Reaching safepoint: 91602 ns, At safepoint: 22601 ns, Total: 114203 ns
[36.048s][info ][safepoint      ] Safepoint "ICBufferFull", Time since last: 20151303 ns, Reaching safepoint: 128003 ns, At safepoint: 27701 ns, Total: 155704 ns
[36.049s][info ][safepoint      ] Safepoint "ICBufferFull", Time since last: 1123128 ns, Reaching safepoint: 98902 ns, At safepoint: 25201 ns, Total: 124103 ns
[36.051s][info ][safepoint      ] Safepoint "ICBufferFull", Time since last: 1844446 ns, Reaching safepoint: 120503 ns, At safepoint: 25200 ns, Total: 145703 ns
[36.052s][info ][safepoint      ] Safepoint "ICBufferFull", Time since last: 900523 ns, Reaching safepoint: 104902 ns, At safepoint: 20201 ns, Total: 125103 ns
[36.053s][info ][safepoint      ] Safepoint "ICBufferFull", Time since last: 802220 ns, Reaching safepoint: 101802 ns, At safepoint: 29901 ns, Total: 131703 ns
[36.054s][info ][safepoint      ] Safepoint "ICBufferFull", Time since last: 900923 ns, Reaching safepoint: 80402 ns, At safepoint: 27300 ns, Total: 107702 ns
[36.056s][info ][safepoint      ] Safepoint "ICBufferFull", Time since last: 1332134 ns, Reaching safepoint: 242706 ns, At safepoint: 24400 ns, Total: 267106 ns
[36.058s][info ][safepoint      ] Safepoint "ICBufferFull", Time since last: 1579340 ns, Reaching safepoint: 98902 ns, At safepoint: 23201 ns, Total: 122103 ns
[36.064s][info ][safepoint      ] Safepoint "ICBufferFull", Time since last: 6745568 ns, Reaching safepoint: 119703 ns, At safepoint: 26401 ns, Total: 146104 ns
[36.065s][info ][safepoint      ] Safepoint "ICBufferFull", Time since last: 859121 ns, Reaching safepoint: 92702 ns, At safepoint: 21101 ns, Total: 113803 ns
[36.068s][info ][safepoint      ] Safepoint "ICBufferFull", Time since last: 2797970 ns, Reaching safepoint: 98402 ns, At safepoint: 21601 ns, Total: 120003 ns
[36.077s][info ][safepoint      ] Safepoint "ICBufferFull", Time since last: 8825220 ns, Reaching safepoint: 130703 ns, At safepoint: 28001 ns, Total: 158704 ns
[36.078s][info ][safepoint      ] Safepoint "ICBufferFull", Time since last: 1018525 ns, Reaching safepoint: 97703 ns, At safepoint: 21600 ns, Total: 119303 ns
[36.080s][info ][safepoint      ] Safepoint "ICBufferFull", Time since last: 928023 ns, Reaching safepoint: 171705 ns, At safepoint: 24400 ns, Total: 196105 ns
[36.081s][info ][safepoint      ] Safepoint "ICBufferFull", Time since last: 961124 ns, Reaching safepoint: 103503 ns, At safepoint: 24601 ns, Total: 128104 ns
[36.082s][info ][safepoint      ] Safepoint "ICBufferFull", Time since last: 880221 ns, Reaching safepoint: 115503 ns, At safepoint: 22601 ns, Total: 138104 ns
[36.085s][info ][safepoint      ] Safepoint "ICBufferFull", Time since last: 3362884 ns, Reaching safepoint: 111603 ns, At safepoint: 18900 ns, Total: 130503 ns
[36.087s][info ][safepoint      ] Safepoint "ICBufferFull", Time since last: 1198530 ns, Reaching safepoint: 112203 ns, At safepoint: 18000 ns, Total: 130203 ns
[36.087s][info ][safepoint      ] Safepoint "ICBufferFull", Time since last: 809620 ns, Reaching safepoint: 102703 ns, At safepoint: 18600 ns, Total: 121303 ns
[36.088s][info ][safepoint      ] Safepoint "ICBufferFull", Time since last: 774320 ns, Reaching safepoint: 169904 ns, At safepoint: 22901 ns, Total: 192805 ns
[36.090s][info ][safepoint      ] Safepoint "ICBufferFull", Time since last: 1049526 ns, Reaching safepoint: 103902 ns, At safepoint: 18201 ns, Total: 122103 ns
[36.092s][info ][safepoint      ] Safepoint "ICBufferFull", Time since last: 2090152 ns, Reaching safepoint: 115403 ns, At safepoint: 22700 ns, Total: 138103 ns
[36.094s][info ][safepoint      ] Safepoint "ICBufferFull", Time since last: 1934249 ns, Reaching safepoint: 113703 ns, At safepoint: 19600 ns, Total: 133303 ns
[36.095s][info ][safepoint      ] Safepoint "ICBufferFull", Time since last: 838921 ns, Reaching safepoint: 107003 ns, At safepoint: 20200 ns, Total: 127203 ns
[36.132s][info ][safepoint      ] Safepoint "ICBufferFull", Time since last: 33816844 ns, Reaching safepoint: 3256781 ns, At safepoint: 32201 ns, Total: 3288982 ns
[36.150s][info ][safepoint      ] Safepoint "ICBufferFull", Time since last: 17688441 ns, Reaching safepoint: 125203 ns, At safepoint: 20701 ns, Total: 145904 ns
[36.152s][info ][safepoint      ] Safepoint "ICBufferFull", Time since last: 1074827 ns, Reaching safepoint: 712417 ns, At safepoint: 22801 ns, Total: 735218 ns
[36.153s][info ][safepoint      ] Safepoint "ICBufferFull", Time since last: 1221931 ns, Reaching safepoint: 109002 ns, At safepoint: 20501 ns, Total: 129503 ns
[36.154s][info ][safepoint      ] Safepoint "ICBufferFull", Time since last: 726618 ns, Reaching safepoint: 99602 ns, At safepoint: 21101 ns, Total: 120703 ns
[36.155s][info ][safepoint      ] Safepoint "ICBufferFull", Time since last: 1258531 ns, Reaching safepoint: 103503 ns, At safepoint: 20700 ns, Total: 124203 ns
[36.157s][info ][safepoint      ] Safepoint "ICBufferFull", Time since last: 1196430 ns, Reaching safepoint: 94303 ns, At safepoint: 24300 ns, Total: 118603 ns
[36.158s][info ][safepoint      ] Safepoint "ICBufferFull", Time since last: 985825 ns, Reaching safepoint: 93602 ns, At safepoint: 23401 ns, Total: 117003 ns
[36.159s][info ][safepoint      ] Safepoint "ICBufferFull", Time since last: 1151028 ns, Reaching safepoint: 106503 ns, At safepoint: 18901 ns, Total: 125404 ns
[36.161s][info ][safepoint      ] Safepoint "ICBufferFull", Time since last: 1661241 ns, Reaching safepoint: 104403 ns, At safepoint: 22900 ns, Total: 127303 ns
[36.162s][info ][safepoint      ] Safepoint "ICBufferFull", Time since last: 1344134 ns, Reaching safepoint: 104102 ns, At safepoint: 18901 ns, Total: 123003 ns
[36.163s][info ][safepoint      ] Safepoint "ICBufferFull", Time since last: 720518 ns, Reaching safepoint: 101202 ns, At safepoint: 23201 ns, Total: 124403 ns
[36.164s][info ][safepoint      ] Safepoint "ICBufferFull", Time since last: 723618 ns, Reaching safepoint: 109803 ns, At safepoint: 30800 ns, Total: 140603 ns
[36.165s][info ][safepoint      ] Safepoint "ICBufferFull", Time since last: 908223 ns, Reaching safepoint: 90602 ns, At safepoint: 22901 ns, Total: 113503 ns
[36.166s][info ][safepoint      ] Safepoint "ICBufferFull", Time since last: 903823 ns, Reaching safepoint: 104502 ns, At safepoint: 34601 ns, Total: 139103 ns
[36.168s][info ][safepoint      ] Safepoint "ICBufferFull", Time since last: 764819 ns, Reaching safepoint: 876922 ns, At safepoint: 27501 ns, Total: 904423 ns
[36.169s][info ][safepoint      ] Safepoint "ICBufferFull", Time since last: 867021 ns, Reaching safepoint: 109303 ns, At safepoint: 23801 ns, Total: 133104 ns
[36.174s][info ][safepoint      ] Safepoint "ICBufferFull", Time since last: 5082326 ns, Reaching safepoint: 125404 ns, At safepoint: 24900 ns, Total: 150304 ns
[36.188s][info ][safepoint      ] Safepoint "ICBufferFull", Time since last: 10564364 ns, Reaching safepoint: 3204280 ns, At safepoint: 29300 ns, Total: 3233580 ns
[36.189s][info ][safepoint      ] Safepoint "ICBufferFull", Time since last: 864622 ns, Reaching safepoint: 180304 ns, At safepoint: 22101 ns, Total: 202405 ns
[36.190s][info ][safepoint      ] Safepoint "ICBufferFull", Time since last: 782420 ns, Reaching safepoint: 106502 ns, At safepoint: 32001 ns, Total: 138503 ns
[36.193s][info ][safepoint      ] Safepoint "ICBufferFull", Time since last: 3580489 ns, Reaching safepoint: 103903 ns, At safepoint: 25301 ns, Total: 129204 ns
[36.194s][info ][safepoint      ] Safepoint "ICBufferFull", Time since last: 1013225 ns, Reaching safepoint: 89202 ns, At safepoint: 26201 ns, Total: 115403 ns
[36.195s][info ][safepoint      ] Safepoint "ICBufferFull", Time since last: 917023 ns, Reaching safepoint: 94402 ns, At safepoint: 43701 ns, Total: 138103 ns
[36.196s][info ][safepoint      ] Safepoint "ICBufferFull", Time since last: 839721 ns, Reaching safepoint: 100202 ns, At safepoint: 22701 ns, Total: 122903 ns
[36.197s][info ][safepoint      ] Safepoint "ICBufferFull", Time since last: 737118 ns, Reaching safepoint: 168205 ns, At safepoint: 24500 ns, Total: 192705 ns
[36.200s][info ][safepoint      ] Safepoint "ICBufferFull", Time since last: 2888572 ns, Reaching safepoint: 122503 ns, At safepoint: 26401 ns, Total: 148904 ns
[36.201s][info ][safepoint      ] Safepoint "ICBufferFull", Time since last: 879022 ns, Reaching safepoint: 100102 ns, At safepoint: 21401 ns, Total: 121503 ns
[36.203s][info ][safepoint      ] Safepoint "ICBufferFull", Time since last: 953824 ns, Reaching safepoint: 98902 ns, At safepoint: 25601 ns, Total: 124503 ns
[36.204s][info ][safepoint      ] Safepoint "ICBufferFull", Time since last: 992825 ns, Reaching safepoint: 167204 ns, At safepoint: 22700 ns, Total: 189904 ns
[36.205s][info ][safepoint      ] Safepoint "ICBufferFull", Time since last: 804620 ns, Reaching safepoint: 899923 ns, At safepoint: 25601 ns, Total: 925524 ns
[36.206s][info ][safepoint      ] Safepoint "ICBufferFull", Time since last: 957523 ns, Reaching safepoint: 100803 ns, At safepoint: 26501 ns, Total: 127304 ns
[36.207s][info ][safepoint      ] Safepoint "ICBufferFull", Time since last: 761419 ns, Reaching safepoint: 86102 ns, At safepoint: 23800 ns, Total: 109902 ns
[36.208s][info ][safepoint      ] Safepoint "ICBufferFull", Time since last: 829321 ns, Reaching safepoint: 89802 ns, At safepoint: 21601 ns, Total: 111403 ns
[36.209s][info ][safepoint      ] Safepoint "ICBufferFull", Time since last: 863221 ns, Reaching safepoint: 86703 ns, At safepoint: 20500 ns, Total: 107203 ns
[36.210s][info ][safepoint      ] Safepoint "ICBufferFull", Time since last: 718618 ns, Reaching safepoint: 111503 ns, At safepoint: 22500 ns, Total: 134003 ns
[36.212s][info ][safepoint      ] Safepoint "ICBufferFull", Time since last: 1266232 ns, Reaching safepoint: 102903 ns, At safepoint: 22100 ns, Total: 125003 ns
[36.212s][info ][safepoint      ] Safepoint "ICBufferFull", Time since last: 838921 ns, Reaching safepoint: 98202 ns, At safepoint: 22701 ns, Total: 120903 ns
[36.214s][info ][safepoint      ] Safepoint "ICBufferFull", Time since last: 1083027 ns, Reaching safepoint: 95202 ns, At safepoint: 18001 ns, Total: 113203 ns
[36.215s][info ][safepoint      ] Safepoint "ICBufferFull", Time since last: 749419 ns, Reaching safepoint: 94102 ns, At safepoint: 20800 ns, Total: 114902 ns
[36.215s][info ][safepoint      ] Safepoint "ICBufferFull", Time since last: 760119 ns, Reaching safepoint: 96203 ns, At safepoint: 21300 ns, Total: 117503 ns
[36.216s][info ][safepoint      ] Safepoint "ICBufferFull", Time since last: 803120 ns, Reaching safepoint: 97303 ns, At safepoint: 20300 ns, Total: 117603 ns
[36.223s][info ][safepoint      ] Safepoint "ICBufferFull", Time since last: 889922 ns, Reaching safepoint: 5278232 ns, At safepoint: 28801 ns, Total: 5307033 ns
[36.229s][info ][safepoint      ] Safepoint "ICBufferFull", Time since last: 6296257 ns, Reaching safepoint: 347709 ns, At safepoint: 20500 ns, Total: 368209 ns
[36.238s][info ][safepoint      ] Safepoint "ICBufferFull", Time since last: 8229906 ns, Reaching safepoint: 123503 ns, At safepoint: 20000 ns, Total: 143503 ns
[36.239s][info ][safepoint      ] Safepoint "ICBufferFull", Time since last: 980825 ns, Reaching safepoint: 92402 ns, At safepoint: 22100 ns, Total: 114502 ns
[36.240s][info ][safepoint      ] Safepoint "ICBufferFull", Time since last: 1047827 ns, Reaching safepoint: 96102 ns, At safepoint: 24501 ns, Total: 120603 ns
[36.253s][info ][gc,start       ] GC(82) Pause Young (Allocation Failure)
[36.277s][debug][gc,phases      ] GC(82) Scavenge 24.313ms
[36.277s][debug][gc,ref         ] GC(82) Skipped phase 1 of Reference Processing: no references
[36.277s][debug][gc,ref         ] GC(82) ReferenceProcessor::execute queues: 1, RefProcThreadModel::Single, marks_oops_alive: false
[36.277s][debug][gc,ref         ] GC(82) Skipped phase 3 of Reference Processing: no references
[36.277s][debug][gc,ref         ] GC(82) ReferenceProcessor::execute queues: 1, RefProcThreadModel::Single, marks_oops_alive: false
[36.277s][debug][gc,phases      ] GC(82) Reference Processing 0.125ms
[36.278s][debug][gc,phases      ] GC(82)   VM Weak                        Min:  0.0, Avg:  0.0, Max:  0.0, Diff:  0.0, Sum:  0.0, Workers: 4
[36.278s][debug][gc,phases      ] GC(82)     Dead                           Min: 0, Avg:  0.0, Max: 0, Diff: 0, Sum: 0, Workers: 4
[36.278s][debug][gc,phases      ] GC(82)     Total                          Min: 0, Avg: 155.0, Max: 384, Diff: 384, Sum: 620, Workers: 4
[36.278s][debug][gc,phases      ] GC(82)   ObjectSynchronizer Weak        Min:  0.0, Avg:  0.0, Max:  0.0, Diff:  0.0, Sum:  0.0, Workers: 4
[36.278s][debug][gc,phases      ] GC(82)     Dead                           Min: 0, Avg:  0.0, Max: 0, Diff: 0, Sum: 0, Workers: 4
[36.278s][debug][gc,phases      ] GC(82)     Total                          Min: 0, Avg: 93.8, Max: 192, Diff: 192, Sum: 375, Workers: 4
[36.278s][debug][gc,phases      ] GC(82)   JVMTI Tag Weak OopStorage      Min:  0.0, Avg:  0.0, Max:  0.0, Diff:  0.0, Sum:  0.0, Workers: 4
[36.278s][debug][gc,phases      ] GC(82)     Dead                           Min: 0, Avg:  0.0, Max: 0, Diff: 0, Sum: 0, Workers: 4
[36.278s][debug][gc,phases      ] GC(82)     Total                          Min: 0, Avg:  0.0, Max: 0, Diff: 0, Sum: 0, Workers: 4
[36.278s][debug][gc,phases      ] GC(82)   StringTable Weak               Min:  0.1, Avg:  0.1, Max:  0.1, Diff:  0.0, Sum:  0.4, Workers: 4
[36.278s][debug][gc,phases      ] GC(82)     Dead                           Min: 0, Avg:  0.8, Max: 2, Diff: 2, Sum: 3, Workers: 4
[36.278s][debug][gc,phases      ] GC(82)     Total                          Min: 10048, Avg: 10863.8, Max: 11392, Diff: 1344, Sum: 43455, Workers: 4
[36.278s][debug][gc,phases      ] GC(82)   ResolvedMethodTable Weak       Min:  0.0, Avg:  0.0, Max:  0.0, Diff:  0.0, Sum:  0.1, Workers: 4
[36.278s][debug][gc,phases      ] GC(82)     Dead                           Min: 0, Avg:  9.8, Max: 37, Diff: 37, Sum: 39, Workers: 4
[36.278s][debug][gc,phases      ] GC(82)     Total                          Min: 1790, Avg: 1884.2, Max: 1920, Diff: 130, Sum: 7537, Workers: 4
[36.278s][debug][gc,phases      ] GC(82)   JNI Weak                       Min:  0.0, Avg:  0.0, Max:  0.0, Diff:  0.0, Sum:  0.0, Workers: 4
[36.278s][debug][gc,phases      ] GC(82)     Dead                           Min: 0, Avg:  0.0, Max: 0, Diff: 0, Sum: 0, Workers: 4
[36.278s][debug][gc,phases      ] GC(82)     Total                          Min: 0, Avg:  1.5, Max: 6, Diff: 6, Sum: 6, Workers: 4
[36.278s][debug][gc,phases      ] GC(82)   StringDedup Table Weak         Min:  0.0, Avg:  0.0, Max:  0.0, Diff:  0.0, Sum:  0.0, Workers: 4
[36.278s][debug][gc,phases      ] GC(82)     Dead                           Min: 0, Avg:  0.0, Max: 0, Diff: 0, Sum: 0, Workers: 4
[36.278s][debug][gc,phases      ] GC(82)     Total                          Min: 0, Avg:  0.0, Max: 0, Diff: 0, Sum: 0, Workers: 4
[36.278s][debug][gc,phases      ] GC(82)   StringDedup Requests0 Weak     Min:  0.0, Avg:  0.0, Max:  0.0, Diff:  0.0, Sum:  0.0, Workers: 4
[36.278s][debug][gc,phases      ] GC(82)     Dead                           Min: 0, Avg:  0.0, Max: 0, Diff: 0, Sum: 0, Workers: 4
[36.278s][debug][gc,phases      ] GC(82)     Total                          Min: 0, Avg:  0.0, Max: 0, Diff: 0, Sum: 0, Workers: 4
[36.278s][debug][gc,phases      ] GC(82)   StringDedup Requests1 Weak     Min:  0.0, Avg:  0.0, Max:  0.0, Diff:  0.0, Sum:  0.0, Workers: 4
[36.278s][debug][gc,phases      ] GC(82)     Dead                           Min: 0, Avg:  0.0, Max: 0, Diff: 0, Sum: 0, Workers: 4
[36.278s][debug][gc,phases      ] GC(82)     Total                          Min: 0, Avg:  0.0, Max: 0, Diff: 0, Sum: 0, Workers: 4
[36.278s][debug][gc,phases      ] GC(82)   Weak JFR Old Object Samples    Min:  0.0, Avg:  0.0, Max:  0.0, Diff:  0.0, Sum:  0.0, Workers: 4
[36.278s][debug][gc,phases      ] GC(82)     Dead                           Min: 0, Avg:  0.0, Max: 0, Diff: 0, Sum: 0, Workers: 4
[36.278s][debug][gc,phases      ] GC(82)     Total                          Min: 0, Avg:  0.0, Max: 0, Diff: 0, Sum: 0, Workers: 4
[36.278s][debug][gc,phases      ] GC(82) Weak Processing 0.328ms
[36.278s][debug][gc,age         ] GC(82) Desired survivor size 78643200 bytes, new threshold 15 (max threshold 15)
[36.278s][info ][gc,heap        ] GC(82) PSYoungGen: 1986704K(2016768K)->47968K(2020352K) Eden: 1936384K(1936384K)->0K(1941504K) From: 50320K(80384K)->47968K(78848K)
[36.278s][info ][gc,heap        ] GC(82) ParOldGen: 545903K(599040K)->548727K(599040K)
[36.278s][info ][gc,metaspace   ] GC(82) Metaspace: 70293K(71040K)->70293K(71040K) NonClass: 60066K(60480K)->60066K(60480K) Class: 10226K(10560K)->10226K(10560K)
[36.278s][info ][gc             ] GC(82) Pause Young (Allocation Failure) 2473M->582M(2558M) 24.906ms
[36.278s][info ][gc,cpu         ] GC(82) User=0.10s Sys=0.00s Real=0.02s
[36.278s][info ][safepoint      ] Safepoint "ParallelGCFailedAllocation", Time since last: 12976123 ns, Reaching safepoint: 110303 ns, At safepoint: 25023224 ns, Total: 25133527 ns
[36.284s][info ][safepoint      ] Safepoint "ICBufferFull", Time since last: 5980650 ns, Reaching safepoint: 116303 ns, At safepoint: 22800 ns, Total: 139103 ns
[36.285s][info ][safepoint      ] Safepoint "ICBufferFull", Time since last: 774519 ns, Reaching safepoint: 102803 ns, At safepoint: 26701 ns, Total: 129504 ns
[36.286s][info ][safepoint      ] Safepoint "ICBufferFull", Time since last: 875422 ns, Reaching safepoint: 99802 ns, At safepoint: 26401 ns, Total: 126203 ns
[36.287s][info ][safepoint      ] Safepoint "ICBufferFull", Time since last: 1240931 ns, Reaching safepoint: 172304 ns, At safepoint: 22700 ns, Total: 195004 ns
[36.289s][info ][safepoint      ] Safepoint "ICBufferFull", Time since last: 981825 ns, Reaching safepoint: 94402 ns, At safepoint: 21301 ns, Total: 115703 ns
[36.290s][info ][safepoint      ] Safepoint "ICBufferFull", Time since last: 1040826 ns, Reaching safepoint: 92402 ns, At safepoint: 20601 ns, Total: 113003 ns
[36.291s][info ][safepoint      ] Safepoint "ICBufferFull", Time since last: 1091527 ns, Reaching safepoint: 92202 ns, At safepoint: 25601 ns, Total: 117803 ns
[36.292s][info ][safepoint      ] Safepoint "ICBufferFull", Time since last: 1227630 ns, Reaching safepoint: 94603 ns, At safepoint: 21400 ns, Total: 116003 ns
[36.293s][info ][safepoint      ] Safepoint "ICBufferFull", Time since last: 758319 ns, Reaching safepoint: 105703 ns, At safepoint: 21800 ns, Total: 127503 ns
[36.294s][info ][safepoint      ] Safepoint "ICBufferFull", Time since last: 749119 ns, Reaching safepoint: 107803 ns, At safepoint: 21700 ns, Total: 129503 ns
[36.295s][info ][safepoint      ] Safepoint "ICBufferFull", Time since last: 716718 ns, Reaching safepoint: 97803 ns, At safepoint: 21700 ns, Total: 119503 ns
[36.296s][info ][safepoint      ] Safepoint "ICBufferFull", Time since last: 735219 ns, Reaching safepoint: 95302 ns, At safepoint: 23101 ns, Total: 118403 ns
[36.297s][info ][safepoint      ] Safepoint "ICBufferFull", Time since last: 769319 ns, Reaching safepoint: 95402 ns, At safepoint: 23801 ns, Total: 119203 ns
[36.300s][info ][safepoint      ] Safepoint "ICBufferFull", Time since last: 2945373 ns, Reaching safepoint: 100403 ns, At safepoint: 20300 ns, Total: 120703 ns
[36.301s][info ][safepoint      ] Safepoint "ICBufferFull", Time since last: 1400335 ns, Reaching safepoint: 104903 ns, At safepoint: 21000 ns, Total: 125903 ns
[36.316s][info ][safepoint      ] Safepoint "ICBufferFull", Time since last: 14331358 ns, Reaching safepoint: 119803 ns, At safepoint: 21000 ns, Total: 140803 ns
[36.320s][info ][safepoint      ] Safepoint "ICBufferFull", Time since last: 850122 ns, Reaching safepoint: 3162678 ns, At safepoint: 26101 ns, Total: 3188779 ns
[36.321s][info ][safepoint      ] Safepoint "ICBufferFull", Time since last: 809720 ns, Reaching safepoint: 104303 ns, At safepoint: 22000 ns, Total: 126303 ns
[36.738s][info ][gc,start       ] GC(83) Pause Young (Allocation Failure)
[36.762s][debug][gc,phases      ] GC(83) Scavenge 24.339ms
[36.762s][debug][gc,ref         ] GC(83) Skipped phase 1 of Reference Processing: no references
[36.762s][debug][gc,ref         ] GC(83) ReferenceProcessor::execute queues: 1, RefProcThreadModel::Single, marks_oops_alive: false
[36.762s][debug][gc,ref         ] GC(83) Skipped phase 3 of Reference Processing: no references
[36.762s][debug][gc,ref         ] GC(83) ReferenceProcessor::execute queues: 1, RefProcThreadModel::Single, marks_oops_alive: false
[36.762s][debug][gc,phases      ] GC(83) Reference Processing 0.117ms
[36.762s][debug][gc,phases      ] GC(83)   VM Weak                        Min:  0.0, Avg:  0.0, Max:  0.0, Diff:  0.0, Sum:  0.0, Workers: 4
[36.762s][debug][gc,phases      ] GC(83)     Dead                           Min: 0, Avg:  0.0, Max: 0, Diff: 0, Sum: 0, Workers: 4
[36.763s][debug][gc,phases      ] GC(83)     Total                          Min: 0, Avg: 155.2, Max: 384, Diff: 384, Sum: 621, Workers: 4
[36.763s][debug][gc,phases      ] GC(83)   ObjectSynchronizer Weak        Min:  0.0, Avg:  0.0, Max:  0.0, Diff:  0.0, Sum:  0.0, Workers: 4
[36.763s][debug][gc,phases      ] GC(83)     Dead                           Min: 0, Avg:  0.0, Max: 0, Diff: 0, Sum: 0, Workers: 4
[36.763s][debug][gc,phases      ] GC(83)     Total                          Min: 0, Avg: 93.8, Max: 192, Diff: 192, Sum: 375, Workers: 4
[36.763s][debug][gc,phases      ] GC(83)   JVMTI Tag Weak OopStorage      Min:  0.0, Avg:  0.0, Max:  0.0, Diff:  0.0, Sum:  0.0, Workers: 4
[36.763s][debug][gc,phases      ] GC(83)     Dead                           Min: 0, Avg:  0.0, Max: 0, Diff: 0, Sum: 0, Workers: 4
[36.763s][debug][gc,phases      ] GC(83)     Total                          Min: 0, Avg:  0.0, Max: 0, Diff: 0, Sum: 0, Workers: 4
[36.763s][debug][gc,phases      ] GC(83)   StringTable Weak               Min:  0.1, Avg:  0.1, Max:  0.1, Diff:  0.0, Sum:  0.4, Workers: 4
[36.763s][debug][gc,phases      ] GC(83)     Dead                           Min: 0, Avg:  0.5, Max: 1, Diff: 1, Sum: 2, Workers: 4
[36.763s][debug][gc,phases      ] GC(83)     Total                          Min: 10367, Avg: 10884.5, Max: 11795, Diff: 1428, Sum: 43538, Workers: 4
[36.763s][debug][gc,phases      ] GC(83)   ResolvedMethodTable Weak       Min:  0.0, Avg:  0.0, Max:  0.0, Diff:  0.0, Sum:  0.1, Workers: 4
[36.763s][debug][gc,phases      ] GC(83)     Dead                           Min: 0, Avg:  0.0, Max: 0, Diff: 0, Sum: 0, Workers: 4
[36.763s][debug][gc,phases      ] GC(83)     Total                          Min: 1792, Avg: 1888.2, Max: 1985, Diff: 193, Sum: 7553, Workers: 4
[36.763s][debug][gc,phases      ] GC(83)   JNI Weak                       Min:  0.0, Avg:  0.0, Max:  0.0, Diff:  0.0, Sum:  0.0, Workers: 4
[36.763s][debug][gc,phases      ] GC(83)     Dead                           Min: 0, Avg:  0.0, Max: 0, Diff: 0, Sum: 0, Workers: 4
[36.763s][debug][gc,phases      ] GC(83)     Total                          Min: 0, Avg:  5.8, Max: 23, Diff: 23, Sum: 23, Workers: 4
[36.763s][debug][gc,phases      ] GC(83)   StringDedup Table Weak         Min:  0.0, Avg:  0.0, Max:  0.0, Diff:  0.0, Sum:  0.0, Workers: 4
[36.763s][debug][gc,phases      ] GC(83)     Dead                           Min: 0, Avg:  0.0, Max: 0, Diff: 0, Sum: 0, Workers: 4
[36.763s][debug][gc,phases      ] GC(83)     Total                          Min: 0, Avg:  0.0, Max: 0, Diff: 0, Sum: 0, Workers: 4
[36.763s][debug][gc,phases      ] GC(83)   StringDedup Requests0 Weak     Min:  0.0, Avg:  0.0, Max:  0.0, Diff:  0.0, Sum:  0.0, Workers: 4
[36.763s][debug][gc,phases      ] GC(83)     Dead                           Min: 0, Avg:  0.0, Max: 0, Diff: 0, Sum: 0, Workers: 4
[36.763s][debug][gc,phases      ] GC(83)     Total                          Min: 0, Avg:  0.0, Max: 0, Diff: 0, Sum: 0, Workers: 4
[36.763s][debug][gc,phases      ] GC(83)   StringDedup Requests1 Weak     Min:  0.0, Avg:  0.0, Max:  0.0, Diff:  0.0, Sum:  0.0, Workers: 4
[36.763s][debug][gc,phases      ] GC(83)     Dead                           Min: 0, Avg:  0.0, Max: 0, Diff: 0, Sum: 0, Workers: 4
[36.763s][debug][gc,phases      ] GC(83)     Total                          Min: 0, Avg:  0.0, Max: 0, Diff: 0, Sum: 0, Workers: 4
[36.763s][debug][gc,phases      ] GC(83)   Weak JFR Old Object Samples    Min:  0.0, Avg:  0.0, Max:  0.0, Diff:  0.0, Sum:  0.0, Workers: 4
[36.763s][debug][gc,phases      ] GC(83)     Dead                           Min: 0, Avg:  0.0, Max: 0, Diff: 0, Sum: 0, Workers: 4
[36.763s][debug][gc,phases      ] GC(83)     Total                          Min: 0, Avg:  0.0, Max: 0, Diff: 0, Sum: 0, Workers: 4
[36.763s][debug][gc,phases      ] GC(83) Weak Processing 0.302ms
[36.763s][debug][gc,age         ] GC(83) Desired survivor size 76021760 bytes, new threshold 15 (max threshold 15)
[36.763s][info ][gc,heap        ] GC(83) PSYoungGen: 1989472K(2020352K)->46464K(2018304K) Eden: 1941504K(1941504K)->0K(1941504K) From: 47968K(78848K)->46464K(76800K)
[36.763s][info ][gc,heap        ] GC(83) ParOldGen: 548727K(599040K)->551071K(599040K)
[36.763s][info ][gc,metaspace   ] GC(83) Metaspace: 70536K(71360K)->70536K(71360K) NonClass: 60293K(60736K)->60293K(60736K) Class: 10242K(10624K)->10242K(10624K)
[36.763s][info ][gc             ] GC(83) Pause Young (Allocation Failure) 2478M->583M(2556M) 24.882ms
[36.763s][info ][gc,cpu         ] GC(83) User=0.13s Sys=0.00s Real=0.02s
[36.763s][info ][safepoint      ] Safepoint "ParallelGCFailedAllocation", Time since last: 416894802 ns, Reaching safepoint: 239406 ns, At safepoint: 24994024 ns, Total: 25233430 ns
[37.263s][info ][gc,start       ] GC(84) Pause Young (Allocation Failure)
[37.290s][debug][gc,phases      ] GC(84) Scavenge 27.050ms
[37.290s][debug][gc,ref         ] GC(84) Skipped phase 1 of Reference Processing: no references
[37.290s][debug][gc,ref         ] GC(84) ReferenceProcessor::execute queues: 1, RefProcThreadModel::Single, marks_oops_alive: false
[37.290s][debug][gc,ref         ] GC(84) Skipped phase 3 of Reference Processing: no references
[37.290s][debug][gc,ref         ] GC(84) ReferenceProcessor::execute queues: 1, RefProcThreadModel::Single, marks_oops_alive: false
[37.290s][debug][gc,phases      ] GC(84) Reference Processing 0.114ms
[37.291s][debug][gc,phases      ] GC(84)   VM Weak                        Min:  0.0, Avg:  0.0, Max:  0.0, Diff:  0.0, Sum:  0.0, Workers: 4
[37.291s][debug][gc,phases      ] GC(84)     Dead                           Min: 0, Avg:  0.0, Max: 0, Diff: 0, Sum: 0, Workers: 4
[37.291s][debug][gc,phases      ] GC(84)     Total                          Min: 0, Avg: 155.2, Max: 512, Diff: 512, Sum: 621, Workers: 4
[37.291s][debug][gc,phases      ] GC(84)   ObjectSynchronizer Weak        Min:  0.0, Avg:  0.0, Max:  0.0, Diff:  0.0, Sum:  0.0, Workers: 4
[37.291s][debug][gc,phases      ] GC(84)     Dead                           Min: 0, Avg:  0.0, Max: 0, Diff: 0, Sum: 0, Workers: 4
[37.291s][debug][gc,phases      ] GC(84)     Total                          Min: 0, Avg: 93.8, Max: 192, Diff: 192, Sum: 375, Workers: 4
[37.291s][debug][gc,phases      ] GC(84)   JVMTI Tag Weak OopStorage      Min:  0.0, Avg:  0.0, Max:  0.0, Diff:  0.0, Sum:  0.0, Workers: 4
[37.291s][debug][gc,phases      ] GC(84)     Dead                           Min: 0, Avg:  0.0, Max: 0, Diff: 0, Sum: 0, Workers: 4
[37.291s][debug][gc,phases      ] GC(84)     Total                          Min: 0, Avg:  0.0, Max: 0, Diff: 0, Sum: 0, Workers: 4
[37.291s][debug][gc,phases      ] GC(84)   StringTable Weak               Min:  0.1, Avg:  0.1, Max:  0.1, Diff:  0.0, Sum:  0.4, Workers: 4
[37.291s][debug][gc,phases      ] GC(84)     Dead                           Min: 0, Avg:  0.0, Max: 0, Diff: 0, Sum: 0, Workers: 4
[37.291s][debug][gc,phases      ] GC(84)     Total                          Min: 10368, Avg: 10898.5, Max: 11328, Diff: 960, Sum: 43594, Workers: 4
[37.291s][debug][gc,phases      ] GC(84)   ResolvedMethodTable Weak       Min:  0.0, Avg:  0.0, Max:  0.0, Diff:  0.0, Sum:  0.1, Workers: 4
[37.291s][debug][gc,phases      ] GC(84)     Dead                           Min: 0, Avg:  0.0, Max: 0, Diff: 0, Sum: 0, Workers: 4
[37.291s][debug][gc,phases      ] GC(84)     Total                          Min: 1600, Avg: 1888.2, Max: 2113, Diff: 513, Sum: 7553, Workers: 4
[37.291s][debug][gc,phases      ] GC(84)   JNI Weak                       Min:  0.0, Avg:  0.0, Max:  0.0, Diff:  0.0, Sum:  0.0, Workers: 4
[37.291s][debug][gc,phases      ] GC(84)     Dead                           Min: 0, Avg:  0.0, Max: 0, Diff: 0, Sum: 0, Workers: 4
[37.291s][debug][gc,phases      ] GC(84)     Total                          Min: 0, Avg:  2.2, Max: 9, Diff: 9, Sum: 9, Workers: 4
[37.291s][debug][gc,phases      ] GC(84)   StringDedup Table Weak         Min:  0.0, Avg:  0.0, Max:  0.0, Diff:  0.0, Sum:  0.0, Workers: 4
[37.291s][debug][gc,phases      ] GC(84)     Dead                           Min: 0, Avg:  0.0, Max: 0, Diff: 0, Sum: 0, Workers: 4
[37.291s][debug][gc,phases      ] GC(84)     Total                          Min: 0, Avg:  0.0, Max: 0, Diff: 0, Sum: 0, Workers: 4
[37.291s][debug][gc,phases      ] GC(84)   StringDedup Requests0 Weak     Min:  0.0, Avg:  0.0, Max:  0.0, Diff:  0.0, Sum:  0.0, Workers: 4
[37.291s][debug][gc,phases      ] GC(84)     Dead                           Min: 0, Avg:  0.0, Max: 0, Diff: 0, Sum: 0, Workers: 4
[37.291s][debug][gc,phases      ] GC(84)     Total                          Min: 0, Avg:  0.0, Max: 0, Diff: 0, Sum: 0, Workers: 4
[37.291s][debug][gc,phases      ] GC(84)   StringDedup Requests1 Weak     Min:  0.0, Avg:  0.0, Max:  0.0, Diff:  0.0, Sum:  0.0, Workers: 4
[37.291s][debug][gc,phases      ] GC(84)     Dead                           Min: 0, Avg:  0.0, Max: 0, Diff: 0, Sum: 0, Workers: 4
[37.291s][debug][gc,phases      ] GC(84)     Total                          Min: 0, Avg:  0.0, Max: 0, Diff: 0, Sum: 0, Workers: 4
[37.291s][debug][gc,phases      ] GC(84)   Weak JFR Old Object Samples    Min:  0.0, Avg:  0.0, Max:  0.0, Diff:  0.0, Sum:  0.0, Workers: 4
[37.291s][debug][gc,phases      ] GC(84)     Dead                           Min: 0, Avg:  0.0, Max: 0, Diff: 0, Sum: 0, Workers: 4
[37.291s][debug][gc,phases      ] GC(84)     Total                          Min: 0, Avg:  0.0, Max: 0, Diff: 0, Sum: 0, Workers: 4
[37.291s][debug][gc,phases      ] GC(84) Weak Processing 0.304ms
[37.291s][debug][gc,age         ] GC(84) Desired survivor size 72876032 bytes, new threshold 15 (max threshold 15)
[37.291s][info ][gc,heap        ] GC(84) PSYoungGen: 1987968K(2018304K)->44432K(2025984K) Eden: 1941504K(1941504K)->0K(1951744K) From: 46464K(76800K)->44432K(74240K)
[37.291s][info ][gc,heap        ] GC(84) ParOldGen: 551071K(599040K)->553111K(599040K)
[37.291s][info ][gc,metaspace   ] GC(84) Metaspace: 70772K(71616K)->70772K(71616K) NonClass: 60528K(60992K)->60528K(60992K) Class: 10243K(10624K)->10243K(10624K)
[37.291s][info ][gc             ] GC(84) Pause Young (Allocation Failure) 2479M->583M(2563M) 27.582ms
[37.291s][info ][gc,cpu         ] GC(84) User=0.13s Sys=0.00s Real=0.03s
[37.291s][info ][safepoint      ] Safepoint "ParallelGCFailedAllocation", Time since last: 500166478 ns, Reaching safepoint: 168504 ns, At safepoint: 27699191 ns, Total: 27867695 ns
[37.698s][info ][gc,start       ] GC(85) Pause Young (Allocation Failure)
[37.725s][debug][gc,phases      ] GC(85) Scavenge 27.210ms
[37.725s][debug][gc,ref         ] GC(85) Skipped phase 1 of Reference Processing: no references
[37.725s][debug][gc,ref         ] GC(85) ReferenceProcessor::execute queues: 1, RefProcThreadModel::Single, marks_oops_alive: false
[37.725s][debug][gc,ref         ] GC(85) Skipped phase 3 of Reference Processing: no references
[37.725s][debug][gc,ref         ] GC(85) ReferenceProcessor::execute queues: 1, RefProcThreadModel::Single, marks_oops_alive: false
[37.725s][debug][gc,phases      ] GC(85) Reference Processing 0.153ms
[37.725s][debug][gc,phases      ] GC(85)   VM Weak                        Min:  0.0, Avg:  0.0, Max:  0.0, Diff:  0.0, Sum:  0.0, Workers: 4
[37.725s][debug][gc,phases      ] GC(85)     Dead                           Min: 0, Avg:  0.0, Max: 0, Diff: 0, Sum: 0, Workers: 4
[37.725s][debug][gc,phases      ] GC(85)     Total                          Min: 0, Avg: 155.2, Max: 621, Diff: 621, Sum: 621, Workers: 4
[37.725s][debug][gc,phases      ] GC(85)   ObjectSynchronizer Weak        Min:  0.0, Avg:  0.0, Max:  0.0, Diff:  0.0, Sum:  0.0, Workers: 4
[37.725s][debug][gc,phases      ] GC(85)     Dead                           Min: 0, Avg:  0.0, Max: 0, Diff: 0, Sum: 0, Workers: 4
[37.725s][debug][gc,phases      ] GC(85)     Total                          Min: 0, Avg: 93.8, Max: 375, Diff: 375, Sum: 375, Workers: 4
[37.725s][debug][gc,phases      ] GC(85)   JVMTI Tag Weak OopStorage      Min:  0.0, Avg:  0.0, Max:  0.0, Diff:  0.0, Sum:  0.0, Workers: 4
[37.725s][debug][gc,phases      ] GC(85)     Dead                           Min: 0, Avg:  0.0, Max: 0, Diff: 0, Sum: 0, Workers: 4
[37.725s][debug][gc,phases      ] GC(85)     Total                          Min: 0, Avg:  0.0, Max: 0, Diff: 0, Sum: 0, Workers: 4
[37.725s][debug][gc,phases      ] GC(85)   StringTable Weak               Min:  0.1, Avg:  0.1, Max:  0.1, Diff:  0.0, Sum:  0.4, Workers: 4
[37.725s][debug][gc,phases      ] GC(85)     Dead                           Min: 0, Avg:  0.0, Max: 0, Diff: 0, Sum: 0, Workers: 4
[37.725s][debug][gc,phases      ] GC(85)     Total                          Min: 10496, Avg: 10899.2, Max: 11597, Diff: 1101, Sum: 43597, Workers: 4
[37.725s][debug][gc,phases      ] GC(85)   ResolvedMethodTable Weak       Min:  0.0, Avg:  0.0, Max:  0.0, Diff:  0.0, Sum:  0.1, Workers: 4
[37.725s][debug][gc,phases      ] GC(85)     Dead                           Min: 0, Avg:  0.0, Max: 0, Diff: 0, Sum: 0, Workers: 4
[37.726s][debug][gc,phases      ] GC(85)     Total                          Min: 1728, Avg: 1888.2, Max: 2112, Diff: 384, Sum: 7553, Workers: 4
[37.726s][debug][gc,phases      ] GC(85)   JNI Weak                       Min:  0.0, Avg:  0.0, Max:  0.0, Diff:  0.0, Sum:  0.0, Workers: 4
[37.726s][debug][gc,phases      ] GC(85)     Dead                           Min: 0, Avg:  0.0, Max: 0, Diff: 0, Sum: 0, Workers: 4
[37.726s][debug][gc,phases      ] GC(85)     Total                          Min: 0, Avg:  3.2, Max: 13, Diff: 13, Sum: 13, Workers: 4
[37.726s][debug][gc,phases      ] GC(85)   StringDedup Table Weak         Min:  0.0, Avg:  0.0, Max:  0.0, Diff:  0.0, Sum:  0.0, Workers: 4
[37.726s][debug][gc,phases      ] GC(85)     Dead                           Min: 0, Avg:  0.0, Max: 0, Diff: 0, Sum: 0, Workers: 4
[37.726s][debug][gc,phases      ] GC(85)     Total                          Min: 0, Avg:  0.0, Max: 0, Diff: 0, Sum: 0, Workers: 4
[37.726s][debug][gc,phases      ] GC(85)   StringDedup Requests0 Weak     Min:  0.0, Avg:  0.0, Max:  0.0, Diff:  0.0, Sum:  0.0, Workers: 4
[37.726s][debug][gc,phases      ] GC(85)     Dead                           Min: 0, Avg:  0.0, Max: 0, Diff: 0, Sum: 0, Workers: 4
[37.726s][debug][gc,phases      ] GC(85)     Total                          Min: 0, Avg:  0.0, Max: 0, Diff: 0, Sum: 0, Workers: 4
[37.726s][debug][gc,phases      ] GC(85)   StringDedup Requests1 Weak     Min:  0.0, Avg:  0.0, Max:  0.0, Diff:  0.0, Sum:  0.0, Workers: 4
[37.726s][debug][gc,phases      ] GC(85)     Dead                           Min: 0, Avg:  0.0, Max: 0, Diff: 0, Sum: 0, Workers: 4
[37.726s][debug][gc,phases      ] GC(85)     Total                          Min: 0, Avg:  0.0, Max: 0, Diff: 0, Sum: 0, Workers: 4
[37.726s][debug][gc,phases      ] GC(85)   Weak JFR Old Object Samples    Min:  0.0, Avg:  0.0, Max:  0.0, Diff:  0.0, Sum:  0.0, Workers: 4
[37.726s][debug][gc,phases      ] GC(85)     Dead                           Min: 0, Avg:  0.0, Max: 0, Diff: 0, Sum: 0, Workers: 4
[37.726s][debug][gc,phases      ] GC(85)     Total                          Min: 0, Avg:  0.0, Max: 0, Diff: 0, Sum: 0, Workers: 4
[37.726s][debug][gc,phases      ] GC(85) Weak Processing 0.370ms
[37.726s][debug][gc,age         ] GC(85) Desired survivor size 70778880 bytes, new threshold 15 (max threshold 15)
[37.726s][info ][gc,heap        ] GC(85) PSYoungGen: 1996176K(2025984K)->41696K(2022912K) Eden: 1951744K(1951744K)->0K(1951744K) From: 44432K(74240K)->41696K(71168K)
[37.726s][info ][gc,heap        ] GC(85) ParOldGen: 553111K(599040K)->556183K(599040K)
[37.726s][info ][gc,metaspace   ] GC(85) Metaspace: 70866K(71680K)->70866K(71680K) NonClass: 60623K(61056K)->60623K(61056K) Class: 10243K(10624K)->10243K(10624K)
[37.726s][info ][gc             ] GC(85) Pause Young (Allocation Failure) 2489M->583M(2560M) 27.877ms
[37.726s][info ][gc,cpu         ] GC(85) User=0.11s Sys=0.00s Real=0.03s
[37.726s][info ][safepoint      ] Safepoint "ParallelGCFailedAllocation", Time since last: 406800049 ns, Reaching safepoint: 164804 ns, At safepoint: 28006899 ns, Total: 28171703 ns
[38.122s][info ][gc,start       ] GC(86) Pause Young (Allocation Failure)
[38.148s][debug][gc,phases      ] GC(86) Scavenge 26.061ms
[38.148s][debug][gc,ref         ] GC(86) Skipped phase 1 of Reference Processing: no references
[38.148s][debug][gc,ref         ] GC(86) ReferenceProcessor::execute queues: 1, RefProcThreadModel::Single, marks_oops_alive: false
[38.148s][debug][gc,ref         ] GC(86) Skipped phase 3 of Reference Processing: no references
[38.148s][debug][gc,ref         ] GC(86) ReferenceProcessor::execute queues: 1, RefProcThreadModel::Single, marks_oops_alive: false
[38.148s][debug][gc,phases      ] GC(86) Reference Processing 0.132ms
[38.148s][debug][gc,phases      ] GC(86)   VM Weak                        Min:  0.0, Avg:  0.0, Max:  0.0, Diff:  0.0, Sum:  0.0, Workers: 4
[38.148s][debug][gc,phases      ] GC(86)     Dead                           Min: 0, Avg:  0.0, Max: 0, Diff: 0, Sum: 0, Workers: 4
[38.148s][debug][gc,phases      ] GC(86)     Total                          Min: 0, Avg: 155.2, Max: 448, Diff: 448, Sum: 621, Workers: 4
[38.148s][debug][gc,phases      ] GC(86)   ObjectSynchronizer Weak        Min:  0.0, Avg:  0.0, Max:  0.0, Diff:  0.0, Sum:  0.0, Workers: 4
[38.148s][debug][gc,phases      ] GC(86)     Dead                           Min: 0, Avg:  0.0, Max: 0, Diff: 0, Sum: 0, Workers: 4
[38.148s][debug][gc,phases      ] GC(86)     Total                          Min: 0, Avg: 93.8, Max: 192, Diff: 192, Sum: 375, Workers: 4
[38.148s][debug][gc,phases      ] GC(86)   JVMTI Tag Weak OopStorage      Min:  0.0, Avg:  0.0, Max:  0.0, Diff:  0.0, Sum:  0.0, Workers: 4
[38.148s][debug][gc,phases      ] GC(86)     Dead                           Min: 0, Avg:  0.0, Max: 0, Diff: 0, Sum: 0, Workers: 4
[38.148s][debug][gc,phases      ] GC(86)     Total                          Min: 0, Avg:  0.0, Max: 0, Diff: 0, Sum: 0, Workers: 4
[38.148s][debug][gc,phases      ] GC(86)   StringTable Weak               Min:  0.1, Avg:  0.1, Max:  0.1, Diff:  0.0, Sum:  0.4, Workers: 4
[38.148s][debug][gc,phases      ] GC(86)     Dead                           Min: 0, Avg:  0.0, Max: 0, Diff: 0, Sum: 0, Workers: 4
[38.148s][debug][gc,phases      ] GC(86)     Total                          Min: 10176, Avg: 10901.2, Max: 11477, Diff: 1301, Sum: 43605, Workers: 4
[38.148s][debug][gc,phases      ] GC(86)   ResolvedMethodTable Weak       Min:  0.0, Avg:  0.0, Max:  0.0, Diff:  0.0, Sum:  0.1, Workers: 4
[38.148s][debug][gc,phases      ] GC(86)     Dead                           Min: 0, Avg:  0.0, Max: 0, Diff: 0, Sum: 0, Workers: 4
[38.148s][debug][gc,phases      ] GC(86)     Total                          Min: 1600, Avg: 1888.2, Max: 2240, Diff: 640, Sum: 7553, Workers: 4
[38.148s][debug][gc,phases      ] GC(86)   JNI Weak                       Min:  0.0, Avg:  0.0, Max:  0.0, Diff:  0.0, Sum:  0.0, Workers: 4
[38.148s][debug][gc,phases      ] GC(86)     Dead                           Min: 0, Avg:  0.0, Max: 0, Diff: 0, Sum: 0, Workers: 4
[38.148s][debug][gc,phases      ] GC(86)     Total                          Min: 0, Avg:  0.0, Max: 0, Diff: 0, Sum: 0, Workers: 4
[38.148s][debug][gc,phases      ] GC(86)   StringDedup Table Weak         Min:  0.0, Avg:  0.0, Max:  0.0, Diff:  0.0, Sum:  0.0, Workers: 4
[38.148s][debug][gc,phases      ] GC(86)     Dead                           Min: 0, Avg:  0.0, Max: 0, Diff: 0, Sum: 0, Workers: 4
[38.148s][debug][gc,phases      ] GC(86)     Total                          Min: 0, Avg:  0.0, Max: 0, Diff: 0, Sum: 0, Workers: 4
[38.148s][debug][gc,phases      ] GC(86)   StringDedup Requests0 Weak     Min:  0.0, Avg:  0.0, Max:  0.0, Diff:  0.0, Sum:  0.0, Workers: 4
[38.148s][debug][gc,phases      ] GC(86)     Dead                           Min: 0, Avg:  0.0, Max: 0, Diff: 0, Sum: 0, Workers: 4
[38.148s][debug][gc,phases      ] GC(86)     Total                          Min: 0, Avg:  0.0, Max: 0, Diff: 0, Sum: 0, Workers: 4
[38.148s][debug][gc,phases      ] GC(86)   StringDedup Requests1 Weak     Min:  0.0, Avg:  0.0, Max:  0.0, Diff:  0.0, Sum:  0.0, Workers: 4
[38.148s][debug][gc,phases      ] GC(86)     Dead                           Min: 0, Avg:  0.0, Max: 0, Diff: 0, Sum: 0, Workers: 4
[38.148s][debug][gc,phases      ] GC(86)     Total                          Min: 0, Avg:  0.0, Max: 0, Diff: 0, Sum: 0, Workers: 4
[38.148s][debug][gc,phases      ] GC(86)   Weak JFR Old Object Samples    Min:  0.0, Avg:  0.0, Max:  0.0, Diff:  0.0, Sum:  0.0, Workers: 4
[38.148s][debug][gc,phases      ] GC(86)     Dead                           Min: 0, Avg:  0.0, Max: 0, Diff: 0, Sum: 0, Workers: 4
[38.148s][debug][gc,phases      ] GC(86)     Total                          Min: 0, Avg:  0.0, Max: 0, Diff: 0, Sum: 0, Workers: 4
[38.148s][debug][gc,phases      ] GC(86) Weak Processing 0.305ms
[38.148s][debug][gc,age         ] GC(86) Desired survivor size 69206016 bytes, new threshold 15 (max threshold 15)
[38.148s][info ][gc,heap        ] GC(86) PSYoungGen: 1993440K(2022912K)->39888K(2029568K) Eden: 1951744K(1951744K)->0K(1960448K) From: 41696K(71168K)->39888K(69120K)
[38.148s][info ][gc,heap        ] GC(86) ParOldGen: 556183K(599040K)->558351K(599040K)
[38.148s][info ][gc,metaspace   ] GC(86) Metaspace: 70916K(71744K)->70916K(71744K) NonClass: 60672K(61120K)->60672K(61120K) Class: 10243K(10624K)->10243K(10624K)
[38.148s][info ][gc             ] GC(86) Pause Young (Allocation Failure) 2489M->584M(2567M) 26.637ms
[38.148s][info ][gc,cpu         ] GC(86) User=0.10s Sys=0.00s Real=0.03s
[38.148s][info ][safepoint      ] Safepoint "ParallelGCFailedAllocation", Time since last: 395671371 ns, Reaching safepoint: 212405 ns, At safepoint: 26748967 ns, Total: 26961372 ns
[38.585s][info ][gc,start       ] GC(87) Pause Young (Allocation Failure)
[38.606s][debug][gc,phases      ] GC(87) Scavenge 20.809ms
[38.606s][debug][gc,ref         ] GC(87) Skipped phase 1 of Reference Processing: no references
[38.606s][debug][gc,ref         ] GC(87) ReferenceProcessor::execute queues: 1, RefProcThreadModel::Single, marks_oops_alive: false
[38.606s][debug][gc,ref         ] GC(87) Skipped phase 3 of Reference Processing: no references
[38.606s][debug][gc,ref         ] GC(87) ReferenceProcessor::execute queues: 1, RefProcThreadModel::Single, marks_oops_alive: false
[38.606s][debug][gc,phases      ] GC(87) Reference Processing 0.155ms
[38.607s][debug][gc,phases      ] GC(87)   VM Weak                        Min:  0.0, Avg:  0.0, Max:  0.0, Diff:  0.0, Sum:  0.0, Workers: 4
[38.607s][debug][gc,phases      ] GC(87)     Dead                           Min: 0, Avg:  0.0, Max: 0, Diff: 0, Sum: 0, Workers: 4
[38.607s][debug][gc,phases      ] GC(87)     Total                          Min: 0, Avg: 155.5, Max: 622, Diff: 622, Sum: 622, Workers: 4
[38.607s][debug][gc,phases      ] GC(87)   ObjectSynchronizer Weak        Min:  0.0, Avg:  0.0, Max:  0.0, Diff:  0.0, Sum:  0.0, Workers: 4
[38.607s][debug][gc,phases      ] GC(87)     Dead                           Min: 0, Avg:  0.0, Max: 0, Diff: 0, Sum: 0, Workers: 4
[38.607s][debug][gc,phases      ] GC(87)     Total                          Min: 0, Avg: 93.8, Max: 247, Diff: 247, Sum: 375, Workers: 4
[38.607s][debug][gc,phases      ] GC(87)   JVMTI Tag Weak OopStorage      Min:  0.0, Avg:  0.0, Max:  0.0, Diff:  0.0, Sum:  0.0, Workers: 4
[38.607s][debug][gc,phases      ] GC(87)     Dead                           Min: 0, Avg:  0.0, Max: 0, Diff: 0, Sum: 0, Workers: 4
[38.607s][debug][gc,phases      ] GC(87)     Total                          Min: 0, Avg:  0.0, Max: 0, Diff: 0, Sum: 0, Workers: 4
[38.607s][debug][gc,phases      ] GC(87)   StringTable Weak               Min:  0.1, Avg:  0.1, Max:  0.1, Diff:  0.0, Sum:  0.4, Workers: 4
[38.607s][debug][gc,phases      ] GC(87)     Dead                           Min: 0, Avg:  0.0, Max: 0, Diff: 0, Sum: 0, Workers: 4
[38.607s][debug][gc,phases      ] GC(87)     Total                          Min: 9728, Avg: 10985.0, Max: 12160, Diff: 2432, Sum: 43940, Workers: 4
[38.607s][debug][gc,phases      ] GC(87)   ResolvedMethodTable Weak       Min:  0.0, Avg:  0.0, Max:  0.0, Diff:  0.0, Sum:  0.1, Workers: 4
[38.607s][debug][gc,phases      ] GC(87)     Dead                           Min: 0, Avg: 18.2, Max: 40, Diff: 40, Sum: 73, Workers: 4
[38.607s][debug][gc,phases      ] GC(87)     Total                          Min: 1695, Avg: 1943.5, Max: 2175, Diff: 480, Sum: 7774, Workers: 4
[38.607s][debug][gc,phases      ] GC(87)   JNI Weak                       Min:  0.0, Avg:  0.0, Max:  0.0, Diff:  0.0, Sum:  0.0, Workers: 4
[38.607s][debug][gc,phases      ] GC(87)     Dead                           Min: 0, Avg:  0.0, Max: 0, Diff: 0, Sum: 0, Workers: 4
[38.607s][debug][gc,phases      ] GC(87)     Total                          Min: 0, Avg:  0.0, Max: 0, Diff: 0, Sum: 0, Workers: 4
[38.607s][debug][gc,phases      ] GC(87)   StringDedup Table Weak         Min:  0.0, Avg:  0.0, Max:  0.0, Diff:  0.0, Sum:  0.0, Workers: 4
[38.607s][debug][gc,phases      ] GC(87)     Dead                           Min: 0, Avg:  0.0, Max: 0, Diff: 0, Sum: 0, Workers: 4
[38.607s][debug][gc,phases      ] GC(87)     Total                          Min: 0, Avg:  0.0, Max: 0, Diff: 0, Sum: 0, Workers: 4
[38.607s][debug][gc,phases      ] GC(87)   StringDedup Requests0 Weak     Min:  0.0, Avg:  0.0, Max:  0.0, Diff:  0.0, Sum:  0.0, Workers: 4
[38.607s][debug][gc,phases      ] GC(87)     Dead                           Min: 0, Avg:  0.0, Max: 0, Diff: 0, Sum: 0, Workers: 4
[38.607s][debug][gc,phases      ] GC(87)     Total                          Min: 0, Avg:  0.0, Max: 0, Diff: 0, Sum: 0, Workers: 4
[38.607s][debug][gc,phases      ] GC(87)   StringDedup Requests1 Weak     Min:  0.0, Avg:  0.0, Max:  0.0, Diff:  0.0, Sum:  0.0, Workers: 4
[38.607s][debug][gc,phases      ] GC(87)     Dead                           Min: 0, Avg:  0.0, Max: 0, Diff: 0, Sum: 0, Workers: 4
[38.607s][debug][gc,phases      ] GC(87)     Total                          Min: 0, Avg:  0.0, Max: 0, Diff: 0, Sum: 0, Workers: 4
[38.607s][debug][gc,phases      ] GC(87)   Weak JFR Old Object Samples    Min:  0.0, Avg:  0.0, Max:  0.0, Diff:  0.0, Sum:  0.0, Workers: 4
[38.607s][debug][gc,phases      ] GC(87)     Dead                           Min: 0, Avg:  0.0, Max: 0, Diff: 0, Sum: 0, Workers: 4
[38.607s][debug][gc,phases      ] GC(87)     Total                          Min: 0, Avg:  0.0, Max: 0, Diff: 0, Sum: 0, Workers: 4
[38.607s][debug][gc,phases      ] GC(87) Weak Processing 0.314ms
[38.607s][debug][gc,age         ] GC(87) Desired survivor size 68681728 bytes, new threshold 15 (max threshold 15)
[38.607s][info ][gc,heap        ] GC(87) PSYoungGen: 2000336K(2029568K)->35840K(2028032K) Eden: 1960448K(1960448K)->0K(1960448K) From: 39888K(69120K)->35840K(67584K)
[38.607s][info ][gc,heap        ] GC(87) ParOldGen: 558351K(599040K)->563459K(599040K)
[38.607s][info ][gc,metaspace   ] GC(87) Metaspace: 72832K(73664K)->72832K(73664K) NonClass: 62249K(62720K)->62249K(62720K) Class: 10582K(10944K)->10582K(10944K)
[38.607s][info ][gc             ] GC(87) Pause Young (Allocation Failure) 2498M->585M(2565M) 21.419ms
[38.607s][info ][gc,cpu         ] GC(87) User=0.08s Sys=0.00s Real=0.02s
[38.607s][info ][safepoint      ] Safepoint "ParallelGCFailedAllocation", Time since last: 436591291 ns, Reaching safepoint: 282207 ns, At safepoint: 21529737 ns, Total: 21811944 ns
[39.016s][info ][gc,start       ] GC(88) Pause Young (Allocation Failure)
[39.035s][debug][gc,phases      ] GC(88) Scavenge 18.450ms
[39.035s][debug][gc,ref         ] GC(88) Skipped phase 1 of Reference Processing: no references
[39.035s][debug][gc,ref         ] GC(88) ReferenceProcessor::execute queues: 1, RefProcThreadModel::Single, marks_oops_alive: false
[39.035s][debug][gc,ref         ] GC(88) Skipped phase 3 of Reference Processing: no references
[39.035s][debug][gc,ref         ] GC(88) ReferenceProcessor::execute queues: 1, RefProcThreadModel::Single, marks_oops_alive: false
[39.035s][debug][gc,phases      ] GC(88) Reference Processing 0.123ms
[39.035s][debug][gc,phases      ] GC(88)   VM Weak                        Min:  0.0, Avg:  0.0, Max:  0.0, Diff:  0.0, Sum:  0.0, Workers: 4
[39.035s][debug][gc,phases      ] GC(88)     Dead                           Min: 0, Avg:  0.0, Max: 0, Diff: 0, Sum: 0, Workers: 4
[39.035s][debug][gc,phases      ] GC(88)     Total                          Min: 0, Avg: 155.5, Max: 558, Diff: 558, Sum: 622, Workers: 4
[39.035s][debug][gc,phases      ] GC(88)   ObjectSynchronizer Weak        Min:  0.0, Avg:  0.0, Max:  0.0, Diff:  0.0, Sum:  0.0, Workers: 4
[39.035s][debug][gc,phases      ] GC(88)     Dead                           Min: 0, Avg:  0.0, Max: 0, Diff: 0, Sum: 0, Workers: 4
[39.035s][debug][gc,phases      ] GC(88)     Total                          Min: 0, Avg: 93.8, Max: 128, Diff: 128, Sum: 375, Workers: 4
[39.035s][debug][gc,phases      ] GC(88)   JVMTI Tag Weak OopStorage      Min:  0.0, Avg:  0.0, Max:  0.0, Diff:  0.0, Sum:  0.0, Workers: 4
[39.035s][debug][gc,phases      ] GC(88)     Dead                           Min: 0, Avg:  0.0, Max: 0, Diff: 0, Sum: 0, Workers: 4
[39.035s][debug][gc,phases      ] GC(88)     Total                          Min: 0, Avg:  0.0, Max: 0, Diff: 0, Sum: 0, Workers: 4
[39.035s][debug][gc,phases      ] GC(88)   StringTable Weak               Min:  0.1, Avg:  0.1, Max:  0.1, Diff:  0.0, Sum:  0.4, Workers: 4
[39.035s][debug][gc,phases      ] GC(88)     Dead                           Min: 0, Avg:  0.0, Max: 0, Diff: 0, Sum: 0, Workers: 4
[39.035s][debug][gc,phases      ] GC(88)     Total                          Min: 10368, Avg: 10985.2, Max: 11456, Diff: 1088, Sum: 43941, Workers: 4
[39.035s][debug][gc,phases      ] GC(88)   ResolvedMethodTable Weak       Min:  0.0, Avg:  0.0, Max:  0.0, Diff:  0.0, Sum:  0.1, Workers: 4
[39.035s][debug][gc,phases      ] GC(88)     Dead                           Min: 0, Avg:  0.0, Max: 0, Diff: 0, Sum: 0, Workers: 4
[39.035s][debug][gc,phases      ] GC(88)     Total                          Min: 1856, Avg: 1943.5, Max: 2015, Diff: 159, Sum: 7774, Workers: 4
[39.035s][debug][gc,phases      ] GC(88)   JNI Weak                       Min:  0.0, Avg:  0.0, Max:  0.0, Diff:  0.0, Sum:  0.0, Workers: 4
[39.035s][debug][gc,phases      ] GC(88)     Dead                           Min: 0, Avg:  0.0, Max: 0, Diff: 0, Sum: 0, Workers: 4
[39.035s][debug][gc,phases      ] GC(88)     Total                          Min: 0, Avg:  0.2, Max: 1, Diff: 1, Sum: 1, Workers: 4
[39.035s][debug][gc,phases      ] GC(88)   StringDedup Table Weak         Min:  0.0, Avg:  0.0, Max:  0.0, Diff:  0.0, Sum:  0.0, Workers: 4
[39.035s][debug][gc,phases      ] GC(88)     Dead                           Min: 0, Avg:  0.0, Max: 0, Diff: 0, Sum: 0, Workers: 4
[39.035s][debug][gc,phases      ] GC(88)     Total                          Min: 0, Avg:  0.0, Max: 0, Diff: 0, Sum: 0, Workers: 4
[39.035s][debug][gc,phases      ] GC(88)   StringDedup Requests0 Weak     Min:  0.0, Avg:  0.0, Max:  0.0, Diff:  0.0, Sum:  0.0, Workers: 4
[39.035s][debug][gc,phases      ] GC(88)     Dead                           Min: 0, Avg:  0.0, Max: 0, Diff: 0, Sum: 0, Workers: 4
[39.035s][debug][gc,phases      ] GC(88)     Total                          Min: 0, Avg:  0.0, Max: 0, Diff: 0, Sum: 0, Workers: 4
[39.035s][debug][gc,phases      ] GC(88)   StringDedup Requests1 Weak     Min:  0.0, Avg:  0.0, Max:  0.0, Diff:  0.0, Sum:  0.0, Workers: 4
[39.035s][debug][gc,phases      ] GC(88)     Dead                           Min: 0, Avg:  0.0, Max: 0, Diff: 0, Sum: 0, Workers: 4
[39.035s][debug][gc,phases      ] GC(88)     Total                          Min: 0, Avg:  0.0, Max: 0, Diff: 0, Sum: 0, Workers: 4
[39.035s][debug][gc,phases      ] GC(88)   Weak JFR Old Object Samples    Min:  0.0, Avg:  0.0, Max:  0.0, Diff:  0.0, Sum:  0.0, Workers: 4
[39.035s][debug][gc,phases      ] GC(88)     Dead                           Min: 0, Avg:  0.0, Max: 0, Diff: 0, Sum: 0, Workers: 4
[39.035s][debug][gc,phases      ] GC(88)     Total                          Min: 0, Avg:  0.0, Max: 0, Diff: 0, Sum: 0, Workers: 4
[39.035s][debug][gc,phases      ] GC(88) Weak Processing 0.318ms
[39.035s][debug][gc,age         ] GC(88) Desired survivor size 68157440 bytes, new threshold 15 (max threshold 15)
[39.035s][info ][gc,heap        ] GC(88) PSYoungGen: 1996288K(2028032K)->32096K(2030592K) Eden: 1960448K(1960448K)->0K(1963520K) From: 35840K(67584K)->32096K(67072K)
[39.035s][info ][gc,heap        ] GC(88) ParOldGen: 563459K(599040K)->567691K(599040K)
[39.035s][info ][gc,metaspace   ] GC(88) Metaspace: 72851K(73664K)->72851K(73664K) NonClass: 62268K(62720K)->62268K(62720K) Class: 10582K(10944K)->10582K(10944K)
[39.035s][info ][gc             ] GC(88) Pause Young (Allocation Failure) 2499M->585M(2568M) 19.031ms
[39.035s][info ][gc,cpu         ] GC(88) User=0.06s Sys=0.01s Real=0.02s
[39.035s][info ][safepoint      ] Safepoint "ParallelGCFailedAllocation", Time since last: 409259009 ns, Reaching safepoint: 197405 ns, At safepoint: 19145178 ns, Total: 19342583 ns
[39.465s][info ][gc,start       ] GC(89) Pause Young (Allocation Failure)
[39.486s][debug][gc,phases      ] GC(89) Scavenge 20.765ms
[39.486s][debug][gc,ref         ] GC(89) Skipped phase 1 of Reference Processing: no references
[39.486s][debug][gc,ref         ] GC(89) ReferenceProcessor::execute queues: 1, RefProcThreadModel::Single, marks_oops_alive: false
[39.486s][debug][gc,ref         ] GC(89) Skipped phase 3 of Reference Processing: no references
[39.486s][debug][gc,ref         ] GC(89) ReferenceProcessor::execute queues: 1, RefProcThreadModel::Single, marks_oops_alive: false
[39.486s][debug][gc,phases      ] GC(89) Reference Processing 0.141ms
[39.486s][debug][gc,phases      ] GC(89)   VM Weak                        Min:  0.0, Avg:  0.0, Max:  0.0, Diff:  0.0, Sum:  0.0, Workers: 4
[39.486s][debug][gc,phases      ] GC(89)     Dead                           Min: 0, Avg:  0.0, Max: 0, Diff: 0, Sum: 0, Workers: 4
[39.486s][debug][gc,phases      ] GC(89)     Total                          Min: 0, Avg: 155.5, Max: 622, Diff: 622, Sum: 622, Workers: 4
[39.486s][debug][gc,phases      ] GC(89)   ObjectSynchronizer Weak        Min:  0.0, Avg:  0.0, Max:  0.0, Diff:  0.0, Sum:  0.0, Workers: 4
[39.486s][debug][gc,phases      ] GC(89)     Dead                           Min: 0, Avg:  0.0, Max: 0, Diff: 0, Sum: 0, Workers: 4
[39.486s][debug][gc,phases      ] GC(89)     Total                          Min: 0, Avg: 93.8, Max: 192, Diff: 192, Sum: 375, Workers: 4
[39.486s][debug][gc,phases      ] GC(89)   JVMTI Tag Weak OopStorage      Min:  0.0, Avg:  0.0, Max:  0.0, Diff:  0.0, Sum:  0.0, Workers: 4
[39.486s][debug][gc,phases      ] GC(89)     Dead                           Min: 0, Avg:  0.0, Max: 0, Diff: 0, Sum: 0, Workers: 4
[39.486s][debug][gc,phases      ] GC(89)     Total                          Min: 0, Avg:  0.0, Max: 0, Diff: 0, Sum: 0, Workers: 4
[39.486s][debug][gc,phases      ] GC(89)   StringTable Weak               Min:  0.1, Avg:  0.1, Max:  0.1, Diff:  0.0, Sum:  0.4, Workers: 4
[39.486s][debug][gc,phases      ] GC(89)     Dead                           Min: 0, Avg:  0.0, Max: 0, Diff: 0, Sum: 0, Workers: 4
[39.486s][debug][gc,phases      ] GC(89)     Total                          Min: 9856, Avg: 10989.8, Max: 12471, Diff: 2615, Sum: 43959, Workers: 4
[39.486s][debug][gc,phases      ] GC(89)   ResolvedMethodTable Weak       Min:  0.0, Avg:  0.0, Max:  0.0, Diff:  0.0, Sum:  0.1, Workers: 4
[39.486s][debug][gc,phases      ] GC(89)     Dead                           Min: 0, Avg:  0.0, Max: 0, Diff: 0, Sum: 0, Workers: 4
[39.486s][debug][gc,phases      ] GC(89)     Total                          Min: 1728, Avg: 1943.5, Max: 2368, Diff: 640, Sum: 7774, Workers: 4
[39.486s][debug][gc,phases      ] GC(89)   JNI Weak                       Min:  0.0, Avg:  0.0, Max:  0.0, Diff:  0.0, Sum:  0.0, Workers: 4
[39.486s][debug][gc,phases      ] GC(89)     Dead                           Min: 0, Avg:  0.0, Max: 0, Diff: 0, Sum: 0, Workers: 4
[39.486s][debug][gc,phases      ] GC(89)     Total                          Min: 0, Avg:  0.0, Max: 0, Diff: 0, Sum: 0, Workers: 4
[39.486s][debug][gc,phases      ] GC(89)   StringDedup Table Weak         Min:  0.0, Avg:  0.0, Max:  0.0, Diff:  0.0, Sum:  0.0, Workers: 4
[39.486s][debug][gc,phases      ] GC(89)     Dead                           Min: 0, Avg:  0.0, Max: 0, Diff: 0, Sum: 0, Workers: 4
[39.486s][debug][gc,phases      ] GC(89)     Total                          Min: 0, Avg:  0.0, Max: 0, Diff: 0, Sum: 0, Workers: 4
[39.486s][debug][gc,phases      ] GC(89)   StringDedup Requests0 Weak     Min:  0.0, Avg:  0.0, Max:  0.0, Diff:  0.0, Sum:  0.0, Workers: 4
[39.486s][debug][gc,phases      ] GC(89)     Dead                           Min: 0, Avg:  0.0, Max: 0, Diff: 0, Sum: 0, Workers: 4
[39.486s][debug][gc,phases      ] GC(89)     Total                          Min: 0, Avg:  0.0, Max: 0, Diff: 0, Sum: 0, Workers: 4
[39.486s][debug][gc,phases      ] GC(89)   StringDedup Requests1 Weak     Min:  0.0, Avg:  0.0, Max:  0.0, Diff:  0.0, Sum:  0.0, Workers: 4
[39.486s][debug][gc,phases      ] GC(89)     Dead                           Min: 0, Avg:  0.0, Max: 0, Diff: 0, Sum: 0, Workers: 4
[39.486s][debug][gc,phases      ] GC(89)     Total                          Min: 0, Avg:  0.0, Max: 0, Diff: 0, Sum: 0, Workers: 4
[39.486s][debug][gc,phases      ] GC(89)   Weak JFR Old Object Samples    Min:  0.0, Avg:  0.0, Max:  0.0, Diff:  0.0, Sum:  0.0, Workers: 4
[39.486s][debug][gc,phases      ] GC(89)     Dead                           Min: 0, Avg:  0.0, Max: 0, Diff: 0, Sum: 0, Workers: 4
[39.486s][debug][gc,phases      ] GC(89)     Total                          Min: 0, Avg:  0.0, Max: 0, Diff: 0, Sum: 0, Workers: 4
[39.486s][debug][gc,phases      ] GC(89) Weak Processing 0.310ms
[39.486s][debug][gc,age         ] GC(89) Desired survivor size 69206016 bytes, new threshold 15 (max threshold 15)
[39.486s][info ][gc,heap        ] GC(89) PSYoungGen: 1995616K(2030592K)->23632K(1987584K) Eden: 1963520K(1963520K)->0K(1963520K) From: 32096K(67072K)->23632K(24064K)
[39.486s][info ][gc,heap        ] GC(89) ParOldGen: 567691K(599040K)->576651K(599040K)
[39.486s][info ][gc,metaspace   ] GC(89) Metaspace: 72858K(73664K)->72858K(73664K) NonClass: 62275K(62720K)->62275K(62720K) Class: 10582K(10944K)->10582K(10944K)
[39.486s][info ][gc             ] GC(89) Pause Young (Allocation Failure) 2503M->586M(2526M) 21.357ms
[39.487s][info ][gc,cpu         ] GC(89) User=0.06s Sys=0.02s Real=0.02s
[39.487s][info ][safepoint      ] Safepoint "ParallelGCFailedAllocation", Time since last: 429560614 ns, Reaching safepoint: 163804 ns, At safepoint: 21462836 ns, Total: 21626640 ns
[39.906s][info ][gc,start       ] GC(90) Pause Young (Allocation Failure)
[39.922s][debug][gc,phases      ] GC(90) Scavenge 15.801ms
[39.922s][debug][gc,ref         ] GC(90) Skipped phase 1 of Reference Processing: no references
[39.922s][debug][gc,ref         ] GC(90) ReferenceProcessor::execute queues: 1, RefProcThreadModel::Single, marks_oops_alive: false
[39.922s][debug][gc,ref         ] GC(90) Skipped phase 3 of Reference Processing: no references
[39.922s][debug][gc,ref         ] GC(90) ReferenceProcessor::execute queues: 1, RefProcThreadModel::Single, marks_oops_alive: false
[39.922s][debug][gc,phases      ] GC(90) Reference Processing 0.129ms
[39.923s][debug][gc,phases      ] GC(90)   VM Weak                        Min:  0.0, Avg:  0.0, Max:  0.0, Diff:  0.0, Sum:  0.0, Workers: 4
[39.923s][debug][gc,phases      ] GC(90)     Dead                           Min: 0, Avg:  0.0, Max: 0, Diff: 0, Sum: 0, Workers: 4
[39.923s][debug][gc,phases      ] GC(90)     Total                          Min: 0, Avg: 155.5, Max: 558, Diff: 558, Sum: 622, Workers: 4
[39.923s][debug][gc,phases      ] GC(90)   ObjectSynchronizer Weak        Min:  0.0, Avg:  0.0, Max:  0.0, Diff:  0.0, Sum:  0.0, Workers: 4
[39.923s][debug][gc,phases      ] GC(90)     Dead                           Min: 0, Avg:  0.0, Max: 0, Diff: 0, Sum: 0, Workers: 4
[39.923s][debug][gc,phases      ] GC(90)     Total                          Min: 0, Avg: 93.8, Max: 183, Diff: 183, Sum: 375, Workers: 4
[39.923s][debug][gc,phases      ] GC(90)   JVMTI Tag Weak OopStorage      Min:  0.0, Avg:  0.0, Max:  0.0, Diff:  0.0, Sum:  0.0, Workers: 4
[39.923s][debug][gc,phases      ] GC(90)     Dead                           Min: 0, Avg:  0.0, Max: 0, Diff: 0, Sum: 0, Workers: 4
[39.923s][debug][gc,phases      ] GC(90)     Total                          Min: 0, Avg:  0.0, Max: 0, Diff: 0, Sum: 0, Workers: 4
[39.923s][debug][gc,phases      ] GC(90)   StringTable Weak               Min:  0.1, Avg:  0.1, Max:  0.1, Diff:  0.0, Sum:  0.4, Workers: 4
[39.923s][debug][gc,phases      ] GC(90)     Dead                           Min: 0, Avg:  0.0, Max: 0, Diff: 0, Sum: 0, Workers: 4
[39.923s][debug][gc,phases      ] GC(90)     Total                          Min: 9216, Avg: 10993.5, Max: 12224, Diff: 3008, Sum: 43974, Workers: 4
[39.923s][debug][gc,phases      ] GC(90)   ResolvedMethodTable Weak       Min:  0.0, Avg:  0.0, Max:  0.0, Diff:  0.0, Sum:  0.1, Workers: 4
[39.923s][debug][gc,phases      ] GC(90)     Dead                           Min: 0, Avg:  0.0, Max: 0, Diff: 0, Sum: 0, Workers: 4
[39.923s][debug][gc,phases      ] GC(90)     Total                          Min: 1408, Avg: 1943.5, Max: 2206, Diff: 798, Sum: 7774, Workers: 4
[39.923s][debug][gc,phases      ] GC(90)   JNI Weak                       Min:  0.0, Avg:  0.0, Max:  0.0, Diff:  0.0, Sum:  0.0, Workers: 4
[39.923s][debug][gc,phases      ] GC(90)     Dead                           Min: 0, Avg:  0.0, Max: 0, Diff: 0, Sum: 0, Workers: 4
[39.923s][debug][gc,phases      ] GC(90)     Total                          Min: 0, Avg:  0.0, Max: 0, Diff: 0, Sum: 0, Workers: 4
[39.923s][debug][gc,phases      ] GC(90)   StringDedup Table Weak         Min:  0.0, Avg:  0.0, Max:  0.0, Diff:  0.0, Sum:  0.0, Workers: 4
[39.923s][debug][gc,phases      ] GC(90)     Dead                           Min: 0, Avg:  0.0, Max: 0, Diff: 0, Sum: 0, Workers: 4
[39.923s][debug][gc,phases      ] GC(90)     Total                          Min: 0, Avg:  0.0, Max: 0, Diff: 0, Sum: 0, Workers: 4
[39.923s][debug][gc,phases      ] GC(90)   StringDedup Requests0 Weak     Min:  0.0, Avg:  0.0, Max:  0.0, Diff:  0.0, Sum:  0.0, Workers: 4
[39.923s][debug][gc,phases      ] GC(90)     Dead                           Min: 0, Avg:  0.0, Max: 0, Diff: 0, Sum: 0, Workers: 4
[39.923s][debug][gc,phases      ] GC(90)     Total                          Min: 0, Avg:  0.0, Max: 0, Diff: 0, Sum: 0, Workers: 4
[39.923s][debug][gc,phases      ] GC(90)   StringDedup Requests1 Weak     Min:  0.0, Avg:  0.0, Max:  0.0, Diff:  0.0, Sum:  0.0, Workers: 4
[39.923s][debug][gc,phases      ] GC(90)     Dead                           Min: 0, Avg:  0.0, Max: 0, Diff: 0, Sum: 0, Workers: 4
[39.923s][debug][gc,phases      ] GC(90)     Total                          Min: 0, Avg:  0.0, Max: 0, Diff: 0, Sum: 0, Workers: 4
[39.923s][debug][gc,phases      ] GC(90)   Weak JFR Old Object Samples    Min:  0.0, Avg:  0.0, Max:  0.0, Diff:  0.0, Sum:  0.0, Workers: 4
[39.923s][debug][gc,phases      ] GC(90)     Dead                           Min: 0, Avg:  0.0, Max: 0, Diff: 0, Sum: 0, Workers: 4
[39.923s][debug][gc,phases      ] GC(90)     Total                          Min: 0, Avg:  0.0, Max: 0, Diff: 0, Sum: 0, Workers: 4
[39.923s][debug][gc,phases      ] GC(90) Weak Processing 0.320ms
[39.923s][debug][gc,age         ] GC(90) Desired survivor size 70254592 bytes, new threshold 15 (max threshold 15)
[39.923s][info ][gc,heap        ] GC(90) PSYoungGen: 1987152K(1987584K)->16656K(2027520K) Eden: 1963520K(1963520K)->0K(1959936K) From: 23632K(24064K)->16656K(67584K)
[39.923s][info ][gc,heap        ] GC(90) ParOldGen: 576651K(599040K)->584075K(599040K)
[39.923s][info ][gc,metaspace   ] GC(90) Metaspace: 72865K(73664K)->72865K(73664K) NonClass: 62283K(62720K)->62283K(62720K) Class: 10582K(10944K)->10582K(10944K)
[39.923s][info ][gc             ] GC(90) Pause Young (Allocation Failure) 2503M->586M(2565M) 16.379ms
[39.923s][info ][gc,cpu         ] GC(90) User=0.07s Sys=0.00s Real=0.01s
[39.923s][info ][safepoint      ] Safepoint "ParallelGCFailedAllocation", Time since last: 419537064 ns, Reaching safepoint: 221106 ns, At safepoint: 16485911 ns, Total: 16707017 ns
[40.341s][info ][gc,start       ] GC(91) Pause Young (Allocation Failure)
[40.351s][debug][gc,phases      ] GC(91) Scavenge 9.835ms
[40.351s][debug][gc,ref         ] GC(91) Skipped phase 1 of Reference Processing: no references
[40.351s][debug][gc,ref         ] GC(91) ReferenceProcessor::execute queues: 1, RefProcThreadModel::Single, marks_oops_alive: false
[40.351s][debug][gc,ref         ] GC(91) Skipped phase 3 of Reference Processing: no references
[40.351s][debug][gc,ref         ] GC(91) ReferenceProcessor::execute queues: 1, RefProcThreadModel::Single, marks_oops_alive: false
[40.351s][debug][gc,phases      ] GC(91) Reference Processing 0.134ms
[40.351s][debug][gc,phases      ] GC(91)   VM Weak                        Min:  0.0, Avg:  0.0, Max:  0.0, Diff:  0.0, Sum:  0.0, Workers: 4
[40.351s][debug][gc,phases      ] GC(91)     Dead                           Min: 0, Avg:  0.0, Max: 0, Diff: 0, Sum: 0, Workers: 4
[40.351s][debug][gc,phases      ] GC(91)     Total                          Min: 0, Avg: 155.5, Max: 622, Diff: 622, Sum: 622, Workers: 4
[40.351s][debug][gc,phases      ] GC(91)   ObjectSynchronizer Weak        Min:  0.0, Avg:  0.0, Max:  0.0, Diff:  0.0, Sum:  0.0, Workers: 4
[40.351s][debug][gc,phases      ] GC(91)     Dead                           Min: 0, Avg:  0.0, Max: 0, Diff: 0, Sum: 0, Workers: 4
[40.351s][debug][gc,phases      ] GC(91)     Total                          Min: 0, Avg: 93.8, Max: 375, Diff: 375, Sum: 375, Workers: 4
[40.351s][debug][gc,phases      ] GC(91)   JVMTI Tag Weak OopStorage      Min:  0.0, Avg:  0.0, Max:  0.0, Diff:  0.0, Sum:  0.0, Workers: 4
[40.351s][debug][gc,phases      ] GC(91)     Dead                           Min: 0, Avg:  0.0, Max: 0, Diff: 0, Sum: 0, Workers: 4
[40.351s][debug][gc,phases      ] GC(91)     Total                          Min: 0, Avg:  0.0, Max: 0, Diff: 0, Sum: 0, Workers: 4
[40.351s][debug][gc,phases      ] GC(91)   StringTable Weak               Min:  0.1, Avg:  0.1, Max:  0.1, Diff:  0.0, Sum:  0.4, Workers: 4
[40.352s][debug][gc,phases      ] GC(91)     Dead                           Min: 0, Avg:  0.0, Max: 0, Diff: 0, Sum: 0, Workers: 4
[40.352s][debug][gc,phases      ] GC(91)     Total                          Min: 9216, Avg: 10993.5, Max: 12288, Diff: 3072, Sum: 43974, Workers: 4
[40.352s][debug][gc,phases      ] GC(91)   ResolvedMethodTable Weak       Min:  0.0, Avg:  0.0, Max:  0.0, Diff:  0.0, Sum:  0.1, Workers: 4
[40.352s][debug][gc,phases      ] GC(91)     Dead                           Min: 0, Avg:  0.0, Max: 0, Diff: 0, Sum: 0, Workers: 4
[40.352s][debug][gc,phases      ] GC(91)     Total                          Min: 1856, Avg: 1943.5, Max: 2048, Diff: 192, Sum: 7774, Workers: 4
[40.352s][debug][gc,phases      ] GC(91)   JNI Weak                       Min:  0.0, Avg:  0.0, Max:  0.0, Diff:  0.0, Sum:  0.0, Workers: 4
[40.352s][debug][gc,phases      ] GC(91)     Dead                           Min: 0, Avg:  0.0, Max: 0, Diff: 0, Sum: 0, Workers: 4
[40.352s][debug][gc,phases      ] GC(91)     Total                          Min: 0, Avg:  0.0, Max: 0, Diff: 0, Sum: 0, Workers: 4
[40.352s][debug][gc,phases      ] GC(91)   StringDedup Table Weak         Min:  0.0, Avg:  0.0, Max:  0.0, Diff:  0.0, Sum:  0.0, Workers: 4
[40.352s][debug][gc,phases      ] GC(91)     Dead                           Min: 0, Avg:  0.0, Max: 0, Diff: 0, Sum: 0, Workers: 4
[40.352s][debug][gc,phases      ] GC(91)     Total                          Min: 0, Avg:  0.0, Max: 0, Diff: 0, Sum: 0, Workers: 4
[40.352s][debug][gc,phases      ] GC(91)   StringDedup Requests0 Weak     Min:  0.0, Avg:  0.0, Max:  0.0, Diff:  0.0, Sum:  0.0, Workers: 4
[40.352s][debug][gc,phases      ] GC(91)     Dead                           Min: 0, Avg:  0.0, Max: 0, Diff: 0, Sum: 0, Workers: 4
[40.352s][debug][gc,phases      ] GC(91)     Total                          Min: 0, Avg:  0.0, Max: 0, Diff: 0, Sum: 0, Workers: 4
[40.352s][debug][gc,phases      ] GC(91)   StringDedup Requests1 Weak     Min:  0.0, Avg:  0.0, Max:  0.0, Diff:  0.0, Sum:  0.0, Workers: 4
[40.352s][debug][gc,phases      ] GC(91)     Dead                           Min: 0, Avg:  0.0, Max: 0, Diff: 0, Sum: 0, Workers: 4
[40.352s][debug][gc,phases      ] GC(91)     Total                          Min: 0, Avg:  0.0, Max: 0, Diff: 0, Sum: 0, Workers: 4
[40.352s][debug][gc,phases      ] GC(91)   Weak JFR Old Object Samples    Min:  0.0, Avg:  0.0, Max:  0.0, Diff:  0.0, Sum:  0.0, Workers: 4
[40.352s][debug][gc,phases      ] GC(91)     Dead                           Min: 0, Avg:  0.0, Max: 0, Diff: 0, Sum: 0, Workers: 4
[40.352s][debug][gc,phases      ] GC(91)     Total                          Min: 0, Avg:  0.0, Max: 0, Diff: 0, Sum: 0, Workers: 4
[40.352s][debug][gc,phases      ] GC(91) Weak Processing 0.329ms
[40.352s][debug][gc,age         ] GC(91) Desired survivor size 71303168 bytes, new threshold 15 (max threshold 15)
[40.352s][info ][gc,heap        ] GC(91) PSYoungGen: 1976592K(2027520K)->15216K(1975296K) Eden: 1959936K(1959936K)->0K(1959936K) From: 16656K(67584K)->15216K(15360K)
[40.352s][info ][gc,heap        ] GC(91) ParOldGen: 584075K(599040K)->586011K(599040K)
[40.352s][info ][gc,metaspace   ] GC(91) Metaspace: 72916K(73728K)->72916K(73728K) NonClass: 62334K(62784K)->62334K(62784K) Class: 10582K(10944K)->10582K(10944K)
[40.352s][info ][gc             ] GC(91) Pause Young (Allocation Failure) 2500M->587M(2514M) 10.437ms
[40.352s][info ][gc,cpu         ] GC(91) User=0.04s Sys=0.00s Real=0.02s
[40.352s][info ][safepoint      ] Safepoint "ParallelGCFailedAllocation", Time since last: 418216730 ns, Reaching safepoint: 152604 ns, At safepoint: 10543563 ns, Total: 10696167 ns
[40.784s][info ][gc,start       ] GC(92) Pause Young (Allocation Failure)
[40.795s][debug][gc,phases      ] GC(92) Scavenge 10.454ms
[40.795s][debug][gc,ref         ] GC(92) Skipped phase 1 of Reference Processing: no references
[40.795s][debug][gc,ref         ] GC(92) ReferenceProcessor::execute queues: 1, RefProcThreadModel::Single, marks_oops_alive: false
[40.795s][debug][gc,ref         ] GC(92) Skipped phase 3 of Reference Processing: no references
[40.795s][debug][gc,ref         ] GC(92) ReferenceProcessor::execute queues: 1, RefProcThreadModel::Single, marks_oops_alive: false
[40.795s][debug][gc,phases      ] GC(92) Reference Processing 0.129ms
[40.795s][debug][gc,phases      ] GC(92)   VM Weak                        Min:  0.0, Avg:  0.0, Max:  0.0, Diff:  0.0, Sum:  0.0, Workers: 4
[40.795s][debug][gc,phases      ] GC(92)     Dead                           Min: 0, Avg:  0.0, Max: 0, Diff: 0, Sum: 0, Workers: 4
[40.795s][debug][gc,phases      ] GC(92)     Total                          Min: 0, Avg: 155.5, Max: 366, Diff: 366, Sum: 622, Workers: 4
[40.795s][debug][gc,phases      ] GC(92)   ObjectSynchronizer Weak        Min:  0.0, Avg:  0.0, Max:  0.0, Diff:  0.0, Sum:  0.0, Workers: 4
[40.795s][debug][gc,phases      ] GC(92)     Dead                           Min: 0, Avg:  0.0, Max: 0, Diff: 0, Sum: 0, Workers: 4
[40.795s][debug][gc,phases      ] GC(92)     Total                          Min: 0, Avg: 93.8, Max: 183, Diff: 183, Sum: 375, Workers: 4
[40.795s][debug][gc,phases      ] GC(92)   JVMTI Tag Weak OopStorage      Min:  0.0, Avg:  0.0, Max:  0.0, Diff:  0.0, Sum:  0.0, Workers: 4
[40.795s][debug][gc,phases      ] GC(92)     Dead                           Min: 0, Avg:  0.0, Max: 0, Diff: 0, Sum: 0, Workers: 4
[40.795s][debug][gc,phases      ] GC(92)     Total                          Min: 0, Avg:  0.0, Max: 0, Diff: 0, Sum: 0, Workers: 4
[40.795s][debug][gc,phases      ] GC(92)   StringTable Weak               Min:  0.1, Avg:  0.1, Max:  0.1, Diff:  0.0, Sum:  0.4, Workers: 4
[40.795s][debug][gc,phases      ] GC(92)     Dead                           Min: 0, Avg:  0.0, Max: 0, Diff: 0, Sum: 0, Workers: 4
[40.795s][debug][gc,phases      ] GC(92)     Total                          Min: 9472, Avg: 10994.0, Max: 12352, Diff: 2880, Sum: 43976, Workers: 4
[40.795s][debug][gc,phases      ] GC(92)   ResolvedMethodTable Weak       Min:  0.0, Avg:  0.0, Max:  0.0, Diff:  0.0, Sum:  0.1, Workers: 4
[40.795s][debug][gc,phases      ] GC(92)     Dead                           Min: 0, Avg:  0.0, Max: 0, Diff: 0, Sum: 0, Workers: 4
[40.795s][debug][gc,phases      ] GC(92)     Total                          Min: 1728, Avg: 1943.5, Max: 2240, Diff: 512, Sum: 7774, Workers: 4
[40.795s][debug][gc,phases      ] GC(92)   JNI Weak                       Min:  0.0, Avg:  0.0, Max:  0.0, Diff:  0.0, Sum:  0.0, Workers: 4
[40.795s][debug][gc,phases      ] GC(92)     Dead                           Min: 0, Avg:  0.0, Max: 0, Diff: 0, Sum: 0, Workers: 4
[40.795s][debug][gc,phases      ] GC(92)     Total                          Min: 0, Avg:  0.0, Max: 0, Diff: 0, Sum: 0, Workers: 4
[40.795s][debug][gc,phases      ] GC(92)   StringDedup Table Weak         Min:  0.0, Avg:  0.0, Max:  0.0, Diff:  0.0, Sum:  0.0, Workers: 4
[40.795s][debug][gc,phases      ] GC(92)     Dead                           Min: 0, Avg:  0.0, Max: 0, Diff: 0, Sum: 0, Workers: 4
[40.795s][debug][gc,phases      ] GC(92)     Total                          Min: 0, Avg:  0.0, Max: 0, Diff: 0, Sum: 0, Workers: 4
[40.795s][debug][gc,phases      ] GC(92)   StringDedup Requests0 Weak     Min:  0.0, Avg:  0.0, Max:  0.0, Diff:  0.0, Sum:  0.0, Workers: 4
[40.795s][debug][gc,phases      ] GC(92)     Dead                           Min: 0, Avg:  0.0, Max: 0, Diff: 0, Sum: 0, Workers: 4
[40.795s][debug][gc,phases      ] GC(92)     Total                          Min: 0, Avg:  0.0, Max: 0, Diff: 0, Sum: 0, Workers: 4
[40.795s][debug][gc,phases      ] GC(92)   StringDedup Requests1 Weak     Min:  0.0, Avg:  0.0, Max:  0.0, Diff:  0.0, Sum:  0.0, Workers: 4
[40.795s][debug][gc,phases      ] GC(92)     Dead                           Min: 0, Avg:  0.0, Max: 0, Diff: 0, Sum: 0, Workers: 4
[40.795s][debug][gc,phases      ] GC(92)     Total                          Min: 0, Avg:  0.0, Max: 0, Diff: 0, Sum: 0, Workers: 4
[40.795s][debug][gc,phases      ] GC(92)   Weak JFR Old Object Samples    Min:  0.0, Avg:  0.0, Max:  0.0, Diff:  0.0, Sum:  0.0, Workers: 4
[40.795s][debug][gc,phases      ] GC(92)     Dead                           Min: 0, Avg:  0.0, Max: 0, Diff: 0, Sum: 0, Workers: 4
[40.795s][debug][gc,phases      ] GC(92)     Total                          Min: 0, Avg:  0.0, Max: 0, Diff: 0, Sum: 0, Workers: 4
[40.795s][debug][gc,phases      ] GC(92) Weak Processing 0.307ms
[40.795s][debug][gc,age         ] GC(92) Desired survivor size 71827456 bytes, new threshold 15 (max threshold 15)
[40.795s][info ][gc,heap        ] GC(92) PSYoungGen: 1975152K(1975296K)->13568K(2026496K) Eden: 1959936K(1959936K)->0K(1956864K) From: 15216K(15360K)->13568K(69632K)
[40.795s][info ][gc,heap        ] GC(92) ParOldGen: 586011K(599040K)->588171K(599040K)
[40.795s][info ][gc,metaspace   ] GC(92) Metaspace: 72924K(73728K)->72924K(73728K) NonClass: 62342K(62784K)->62342K(62784K) Class: 10582K(10944K)->10582K(10944K)
[40.795s][info ][gc             ] GC(92) Pause Young (Allocation Failure) 2501M->587M(2564M) 11.028ms
[40.795s][info ][gc,cpu         ] GC(92) User=0.04s Sys=0.00s Real=0.01s
[40.795s][info ][safepoint      ] Safepoint "ParallelGCFailedAllocation", Time since last: 432205979 ns, Reaching safepoint: 291208 ns, At safepoint: 11136777 ns, Total: 11427985 ns
[41.189s][info ][gc,start       ] GC(93) Pause Young (Allocation Failure)
[41.198s][debug][gc,phases      ] GC(93) Scavenge 9.434ms
[41.199s][debug][gc,ref         ] GC(93) Skipped phase 1 of Reference Processing: no references
[41.199s][debug][gc,ref         ] GC(93) ReferenceProcessor::execute queues: 1, RefProcThreadModel::Single, marks_oops_alive: false
[41.199s][debug][gc,ref         ] GC(93) Skipped phase 3 of Reference Processing: no references
[41.199s][debug][gc,ref         ] GC(93) ReferenceProcessor::execute queues: 1, RefProcThreadModel::Single, marks_oops_alive: false
[41.199s][debug][gc,phases      ] GC(93) Reference Processing 0.119ms
[41.199s][debug][gc,phases      ] GC(93)   VM Weak                        Min:  0.0, Avg:  0.0, Max:  0.0, Diff:  0.0, Sum:  0.0, Workers: 4
[41.199s][debug][gc,phases      ] GC(93)     Dead                           Min: 0, Avg:  0.0, Max: 0, Diff: 0, Sum: 0, Workers: 4
[41.199s][debug][gc,phases      ] GC(93)     Total                          Min: 0, Avg: 155.5, Max: 622, Diff: 622, Sum: 622, Workers: 4
[41.199s][debug][gc,phases      ] GC(93)   ObjectSynchronizer Weak        Min:  0.0, Avg:  0.0, Max:  0.0, Diff:  0.0, Sum:  0.0, Workers: 4
[41.199s][debug][gc,phases      ] GC(93)     Dead                           Min: 0, Avg:  0.0, Max: 0, Diff: 0, Sum: 0, Workers: 4
[41.199s][debug][gc,phases      ] GC(93)     Total                          Min: 0, Avg: 93.8, Max: 192, Diff: 192, Sum: 375, Workers: 4
[41.199s][debug][gc,phases      ] GC(93)   JVMTI Tag Weak OopStorage      Min:  0.0, Avg:  0.0, Max:  0.0, Diff:  0.0, Sum:  0.0, Workers: 4
[41.199s][debug][gc,phases      ] GC(93)     Dead                           Min: 0, Avg:  0.0, Max: 0, Diff: 0, Sum: 0, Workers: 4
[41.199s][debug][gc,phases      ] GC(93)     Total                          Min: 0, Avg:  0.0, Max: 0, Diff: 0, Sum: 0, Workers: 4
[41.199s][debug][gc,phases      ] GC(93)   StringTable Weak               Min:  0.1, Avg:  0.1, Max:  0.1, Diff:  0.0, Sum:  0.4, Workers: 4
[41.199s][debug][gc,phases      ] GC(93)     Dead                           Min: 0, Avg:  0.0, Max: 0, Diff: 0, Sum: 0, Workers: 4
[41.199s][debug][gc,phases      ] GC(93)     Total                          Min: 10368, Avg: 10995.0, Max: 12044, Diff: 1676, Sum: 43980, Workers: 4
[41.199s][debug][gc,phases      ] GC(93)   ResolvedMethodTable Weak       Min:  0.0, Avg:  0.0, Max:  0.0, Diff:  0.0, Sum:  0.1, Workers: 4
[41.199s][debug][gc,phases      ] GC(93)     Dead                           Min: 0, Avg:  0.0, Max: 0, Diff: 0, Sum: 0, Workers: 4
[41.199s][debug][gc,phases      ] GC(93)     Total                          Min: 1472, Avg: 1943.5, Max: 2304, Diff: 832, Sum: 7774, Workers: 4
[41.199s][debug][gc,phases      ] GC(93)   JNI Weak                       Min:  0.0, Avg:  0.0, Max:  0.0, Diff:  0.0, Sum:  0.0, Workers: 4
[41.199s][debug][gc,phases      ] GC(93)     Dead                           Min: 0, Avg:  0.0, Max: 0, Diff: 0, Sum: 0, Workers: 4
[41.199s][debug][gc,phases      ] GC(93)     Total                          Min: 0, Avg:  0.0, Max: 0, Diff: 0, Sum: 0, Workers: 4
[41.199s][debug][gc,phases      ] GC(93)   StringDedup Table Weak         Min:  0.0, Avg:  0.0, Max:  0.0, Diff:  0.0, Sum:  0.0, Workers: 4
[41.199s][debug][gc,phases      ] GC(93)     Dead                           Min: 0, Avg:  0.0, Max: 0, Diff: 0, Sum: 0, Workers: 4
[41.199s][debug][gc,phases      ] GC(93)     Total                          Min: 0, Avg:  0.0, Max: 0, Diff: 0, Sum: 0, Workers: 4
[41.199s][debug][gc,phases      ] GC(93)   StringDedup Requests0 Weak     Min:  0.0, Avg:  0.0, Max:  0.0, Diff:  0.0, Sum:  0.0, Workers: 4
[41.199s][debug][gc,phases      ] GC(93)     Dead                           Min: 0, Avg:  0.0, Max: 0, Diff: 0, Sum: 0, Workers: 4
[41.199s][debug][gc,phases      ] GC(93)     Total                          Min: 0, Avg:  0.0, Max: 0, Diff: 0, Sum: 0, Workers: 4
[41.199s][debug][gc,phases      ] GC(93)   StringDedup Requests1 Weak     Min:  0.0, Avg:  0.0, Max:  0.0, Diff:  0.0, Sum:  0.0, Workers: 4
[41.199s][debug][gc,phases      ] GC(93)     Dead                           Min: 0, Avg:  0.0, Max: 0, Diff: 0, Sum: 0, Workers: 4
[41.199s][debug][gc,phases      ] GC(93)     Total                          Min: 0, Avg:  0.0, Max: 0, Diff: 0, Sum: 0, Workers: 4
[41.199s][debug][gc,phases      ] GC(93)   Weak JFR Old Object Samples    Min:  0.0, Avg:  0.0, Max:  0.0, Diff:  0.0, Sum:  0.0, Workers: 4
[41.199s][debug][gc,phases      ] GC(93)     Dead                           Min: 0, Avg:  0.0, Max: 0, Diff: 0, Sum: 0, Workers: 4
[41.199s][debug][gc,phases      ] GC(93)     Total                          Min: 0, Avg:  0.0, Max: 0, Diff: 0, Sum: 0, Workers: 4
[41.199s][debug][gc,phases      ] GC(93) Weak Processing 0.299ms
[41.199s][debug][gc,age         ] GC(93) Desired survivor size 72351744 bytes, new threshold 15 (max threshold 15)
[41.199s][info ][gc,heap        ] GC(93) PSYoungGen: 1970432K(2026496K)->9584K(1966592K) Eden: 1956864K(1956864K)->0K(1956864K) From: 13568K(69632K)->9584K(9728K)
[41.199s][info ][gc,heap        ] GC(93) ParOldGen: 588171K(599040K)->592695K(599040K)
[41.199s][info ][gc,metaspace   ] GC(93) Metaspace: 72928K(73728K)->72928K(73728K) NonClass: 62346K(62784K)->62346K(62784K) Class: 10582K(10944K)->10582K(10944K)
[41.199s][info ][gc             ] GC(93) Pause Young (Allocation Failure) 2498M->588M(2505M) 9.984ms
[41.199s][info ][gc,cpu         ] GC(93) User=0.04s Sys=0.00s Real=0.01s
[41.199s][debug][gc,phases      ] GC(94) Pre Compact 0.009ms
[41.199s][info ][gc,start       ] GC(94) Pause Full (Ergonomics)
[41.199s][info ][gc,phases,start] GC(94) Marking Phase
[41.316s][debug][gc,phases      ] GC(94) Par Mark 117.228ms
[41.316s][debug][gc,ref         ] GC(94) Skipped phase 1 of Reference Processing: no references
[41.317s][debug][gc,ref         ] GC(94) ReferenceProcessor::execute queues: 4, RefProcThreadModel::Multi, marks_oops_alive: false
[41.317s][debug][gc,ref         ] GC(94) Skipped phase 3 of Reference Processing: no references
[41.317s][debug][gc,ref         ] GC(94) ReferenceProcessor::execute queues: 1, RefProcThreadModel::Single, marks_oops_alive: false
[41.317s][debug][gc,phases      ] GC(94) Reference Processing 0.669ms
[41.317s][debug][gc,phases      ] GC(94)   VM Weak                        Min:  0.0, Avg:  0.0, Max:  0.0, Diff:  0.0, Sum:  0.0, Workers: 4
[41.317s][debug][gc,phases      ] GC(94)     Dead                           Min: 0, Avg:  0.0, Max: 0, Diff: 0, Sum: 0, Workers: 4
[41.317s][debug][gc,phases      ] GC(94)     Total                          Min: 0, Avg: 155.5, Max: 256, Diff: 256, Sum: 622, Workers: 4
[41.317s][debug][gc,phases      ] GC(94)   ObjectSynchronizer Weak        Min:  0.0, Avg:  0.0, Max:  0.0, Diff:  0.0, Sum:  0.0, Workers: 4
[41.317s][debug][gc,phases      ] GC(94)     Dead                           Min: 0, Avg:  0.5, Max: 1, Diff: 1, Sum: 2, Workers: 4
[41.317s][debug][gc,phases      ] GC(94)     Total                          Min: 0, Avg: 93.8, Max: 128, Diff: 128, Sum: 375, Workers: 4
[41.317s][debug][gc,phases      ] GC(94)   JVMTI Tag Weak OopStorage      Min:  0.0, Avg:  0.0, Max:  0.0, Diff:  0.0, Sum:  0.0, Workers: 4
[41.317s][debug][gc,phases      ] GC(94)     Dead                           Min: 0, Avg:  0.0, Max: 0, Diff: 0, Sum: 0, Workers: 4
[41.317s][debug][gc,phases      ] GC(94)     Total                          Min: 0, Avg:  0.0, Max: 0, Diff: 0, Sum: 0, Workers: 4
[41.317s][debug][gc,phases      ] GC(94)   StringTable Weak               Min:  0.1, Avg:  0.1, Max:  0.2, Diff:  0.0, Sum:  0.6, Workers: 4
[41.317s][debug][gc,phases      ] GC(94)     Dead                           Min: 0, Avg:  0.0, Max: 0, Diff: 0, Sum: 0, Workers: 4
[41.317s][debug][gc,phases      ] GC(94)     Total                          Min: 10060, Avg: 10995.0, Max: 11776, Diff: 1716, Sum: 43980, Workers: 4
[41.317s][debug][gc,phases      ] GC(94)   ResolvedMethodTable Weak       Min:  0.0, Avg:  0.0, Max:  0.0, Diff:  0.0, Sum:  0.1, Workers: 4
[41.317s][debug][gc,phases      ] GC(94)     Dead                           Min: 0, Avg:  0.0, Max: 0, Diff: 0, Sum: 0, Workers: 4
[41.317s][debug][gc,phases      ] GC(94)     Total                          Min: 1728, Avg: 1943.5, Max: 2048, Diff: 320, Sum: 7774, Workers: 4
[41.317s][debug][gc,phases      ] GC(94)   JNI Weak                       Min:  0.0, Avg:  0.0, Max:  0.0, Diff:  0.0, Sum:  0.0, Workers: 4
[41.317s][debug][gc,phases      ] GC(94)     Dead                           Min: 0, Avg:  0.0, Max: 0, Diff: 0, Sum: 0, Workers: 4
[41.317s][debug][gc,phases      ] GC(94)     Total                          Min: 0, Avg:  0.0, Max: 0, Diff: 0, Sum: 0, Workers: 4
[41.317s][debug][gc,phases      ] GC(94)   StringDedup Table Weak         Min:  0.0, Avg:  0.0, Max:  0.0, Diff:  0.0, Sum:  0.0, Workers: 4
[41.317s][debug][gc,phases      ] GC(94)     Dead                           Min: 0, Avg:  0.0, Max: 0, Diff: 0, Sum: 0, Workers: 4
[41.317s][debug][gc,phases      ] GC(94)     Total                          Min: 0, Avg:  0.0, Max: 0, Diff: 0, Sum: 0, Workers: 4
[41.317s][debug][gc,phases      ] GC(94)   StringDedup Requests0 Weak     Min:  0.0, Avg:  0.0, Max:  0.0, Diff:  0.0, Sum:  0.0, Workers: 4
[41.317s][debug][gc,phases      ] GC(94)     Dead                           Min: 0, Avg:  0.0, Max: 0, Diff: 0, Sum: 0, Workers: 4
[41.317s][debug][gc,phases      ] GC(94)     Total                          Min: 0, Avg:  0.0, Max: 0, Diff: 0, Sum: 0, Workers: 4
[41.317s][debug][gc,phases      ] GC(94)   StringDedup Requests1 Weak     Min:  0.0, Avg:  0.0, Max:  0.0, Diff:  0.0, Sum:  0.0, Workers: 4
[41.317s][debug][gc,phases      ] GC(94)     Dead                           Min: 0, Avg:  0.0, Max: 0, Diff: 0, Sum: 0, Workers: 4
[41.317s][debug][gc,phases      ] GC(94)     Total                          Min: 0, Avg:  0.0, Max: 0, Diff: 0, Sum: 0, Workers: 4
[41.317s][debug][gc,phases      ] GC(94)   Weak JFR Old Object Samples    Min:  0.0, Avg:  0.0, Max:  0.0, Diff:  0.0, Sum:  0.0, Workers: 4
[41.317s][debug][gc,phases      ] GC(94)     Dead                           Min: 0, Avg:  0.0, Max: 0, Diff: 0, Sum: 0, Workers: 4
[41.317s][debug][gc,phases      ] GC(94)     Total                          Min: 0, Avg:  0.0, Max: 0, Diff: 0, Sum: 0, Workers: 4
[41.317s][debug][gc,phases      ] GC(94) Weak Processing 0.358ms
[41.317s][debug][gc,phases      ] GC(94) ClassLoaderData 0.089ms
[41.317s][debug][gc,phases      ] GC(94) Trigger cleanups 0.000ms
[41.330s][debug][gc,phases      ] GC(94) Class Unloading 12.667ms
[41.330s][info ][gc,phases      ] GC(94) Marking Phase 131.090ms
[41.330s][info ][gc,phases,start] GC(94) Summary Phase
[41.330s][info ][gc,phases      ] GC(94) Summary Phase 0.021ms
[41.330s][info ][gc,phases,start] GC(94) Adjust Roots
[41.340s][info ][gc,phases      ] GC(94) Adjust Roots 9.775ms
[41.340s][info ][gc,phases,start] GC(94) Compaction Phase
[41.492s][info ][gc,phases      ] GC(94) Compaction Phase 151.619ms
[41.492s][info ][gc,phases,start] GC(94) Post Compact
[41.494s][info ][gc,phases      ] GC(94) Post Compact 2.059ms
[41.494s][info ][gc,heap        ] GC(94) PSYoungGen: 9584K(1966592K)->0K(2026496K) Eden: 0K(1956864K)->0K(1955840K) From: 9584K(9728K)->0K(70656K)
[41.494s][info ][gc,heap        ] GC(94) ParOldGen: 592695K(599040K)->338098K(401920K)
[41.494s][info ][gc,metaspace   ] GC(94) Metaspace: 72928K(73728K)->72928K(73728K) NonClass: 62346K(62784K)->62346K(62784K) Class: 10582K(10944K)->10582K(10944K)
[41.494s][info ][gc             ] GC(94) Pause Full (Ergonomics) 588M->330M(2371M) 295.479ms
[41.495s][info ][gc,cpu         ] GC(94) User=1.10s Sys=0.01s Real=0.30s
[41.500s][info ][safepoint      ] Safepoint "ParallelGCFailedAllocation", Time since last: 393432612 ns, Reaching safepoint: 157904 ns, At safepoint: 310686748 ns, Total: 310844652 ns
[41.943s][info ][gc,start       ] GC(95) Pause Young (Allocation Failure)
[41.945s][debug][gc,phases      ] GC(95) Scavenge 1.371ms
[41.945s][debug][gc,ref         ] GC(95) Skipped phase 1 of Reference Processing: no references
[41.945s][debug][gc,ref         ] GC(95) Skipped phase 2 of Reference Processing: no references
[41.945s][debug][gc,ref         ] GC(95) Skipped phase 3 of Reference Processing: no references
[41.945s][debug][gc,ref         ] GC(95) Skipped phase 4 of Reference Processing: no references
[41.945s][debug][gc,phases      ] GC(95) Reference Processing 0.023ms
[41.945s][debug][gc,phases      ] GC(95)   VM Weak                        Min:  0.0, Avg:  0.0, Max:  0.0, Diff:  0.0, Sum:  0.0, Workers: 4
[41.945s][debug][gc,phases      ] GC(95)     Dead                           Min: 0, Avg:  0.0, Max: 0, Diff: 0, Sum: 0, Workers: 4
[41.945s][debug][gc,phases      ] GC(95)     Total                          Min: 0, Avg: 155.5, Max: 494, Diff: 494, Sum: 622, Workers: 4
[41.945s][debug][gc,phases      ] GC(95)   ObjectSynchronizer Weak        Min:  0.0, Avg:  0.0, Max:  0.0, Diff:  0.0, Sum:  0.0, Workers: 4
[41.945s][debug][gc,phases      ] GC(95)     Dead                           Min: 0, Avg:  0.0, Max: 0, Diff: 0, Sum: 0, Workers: 4
[41.945s][debug][gc,phases      ] GC(95)     Total                          Min: 0, Avg: 93.8, Max: 192, Diff: 192, Sum: 375, Workers: 4
[41.945s][debug][gc,phases      ] GC(95)   JVMTI Tag Weak OopStorage      Min:  0.0, Avg:  0.0, Max:  0.0, Diff:  0.0, Sum:  0.0, Workers: 4
[41.945s][debug][gc,phases      ] GC(95)     Dead                           Min: 0, Avg:  0.0, Max: 0, Diff: 0, Sum: 0, Workers: 4
[41.945s][debug][gc,phases      ] GC(95)     Total                          Min: 0, Avg:  0.0, Max: 0, Diff: 0, Sum: 0, Workers: 4
[41.945s][debug][gc,phases      ] GC(95)   StringTable Weak               Min:  0.1, Avg:  0.1, Max:  0.1, Diff:  0.0, Sum:  0.4, Workers: 4
[41.945s][debug][gc,phases      ] GC(95)     Dead                           Min: 0, Avg:  0.0, Max: 0, Diff: 0, Sum: 0, Workers: 4
[41.945s][debug][gc,phases      ] GC(95)     Total                          Min: 9216, Avg: 10996.0, Max: 12560, Diff: 3344, Sum: 43984, Workers: 4
[41.945s][debug][gc,phases      ] GC(95)   ResolvedMethodTable Weak       Min:  0.0, Avg:  0.0, Max:  0.0, Diff:  0.0, Sum:  0.1, Workers: 4
[41.945s][debug][gc,phases      ] GC(95)     Dead                           Min: 0, Avg:  0.0, Max: 0, Diff: 0, Sum: 0, Workers: 4
[41.945s][debug][gc,phases      ] GC(95)     Total                          Min: 1728, Avg: 1943.5, Max: 2271, Diff: 543, Sum: 7774, Workers: 4
[41.945s][debug][gc,phases      ] GC(95)   JNI Weak                       Min:  0.0, Avg:  0.0, Max:  0.0, Diff:  0.0, Sum:  0.0, Workers: 4
[41.945s][debug][gc,phases      ] GC(95)     Dead                           Min: 0, Avg:  0.0, Max: 0, Diff: 0, Sum: 0, Workers: 4
[41.945s][debug][gc,phases      ] GC(95)     Total                          Min: 0, Avg:  0.0, Max: 0, Diff: 0, Sum: 0, Workers: 4
[41.945s][debug][gc,phases      ] GC(95)   StringDedup Table Weak         Min:  0.0, Avg:  0.0, Max:  0.0, Diff:  0.0, Sum:  0.0, Workers: 4
[41.945s][debug][gc,phases      ] GC(95)     Dead                           Min: 0, Avg:  0.0, Max: 0, Diff: 0, Sum: 0, Workers: 4
[41.945s][debug][gc,phases      ] GC(95)     Total                          Min: 0, Avg:  0.0, Max: 0, Diff: 0, Sum: 0, Workers: 4
[41.945s][debug][gc,phases      ] GC(95)   StringDedup Requests0 Weak     Min:  0.0, Avg:  0.0, Max:  0.0, Diff:  0.0, Sum:  0.0, Workers: 4
[41.945s][debug][gc,phases      ] GC(95)     Dead                           Min: 0, Avg:  0.0, Max: 0, Diff: 0, Sum: 0, Workers: 4
[41.945s][debug][gc,phases      ] GC(95)     Total                          Min: 0, Avg:  0.0, Max: 0, Diff: 0, Sum: 0, Workers: 4
[41.945s][debug][gc,phases      ] GC(95)   StringDedup Requests1 Weak     Min:  0.0, Avg:  0.0, Max:  0.0, Diff:  0.0, Sum:  0.0, Workers: 4
[41.945s][debug][gc,phases      ] GC(95)     Dead                           Min: 0, Avg:  0.0, Max: 0, Diff: 0, Sum: 0, Workers: 4
[41.945s][debug][gc,phases      ] GC(95)     Total                          Min: 0, Avg:  0.0, Max: 0, Diff: 0, Sum: 0, Workers: 4
[41.945s][debug][gc,phases      ] GC(95)   Weak JFR Old Object Samples    Min:  0.0, Avg:  0.0, Max:  0.0, Diff:  0.0, Sum:  0.0, Workers: 4
[41.945s][debug][gc,phases      ] GC(95)     Dead                           Min: 0, Avg:  0.0, Max: 0, Diff: 0, Sum: 0, Workers: 4
[41.945s][debug][gc,phases      ] GC(95)     Total                          Min: 0, Avg:  0.0, Max: 0, Diff: 0, Sum: 0, Workers: 4
[41.945s][debug][gc,phases      ] GC(95) Weak Processing 0.305ms
[41.945s][debug][gc,age         ] GC(95) Desired survivor size 73400320 bytes, new threshold 15 (max threshold 15)
[41.945s][info ][gc,heap        ] GC(95) PSYoungGen: 1955840K(2026496K)->640K(1956864K) Eden: 1955840K(1955840K)->0K(1955840K) From: 0K(70656K)->640K(1024K)
[41.945s][info ][gc,heap        ] GC(95) ParOldGen: 338098K(401920K)->338098K(401920K)
[41.945s][info ][gc,metaspace   ] GC(95) Metaspace: 72928K(73728K)->72928K(73728K) NonClass: 62346K(62784K)->62346K(62784K) Class: 10582K(10944K)->10582K(10944K)
[41.945s][info ][gc             ] GC(95) Pause Young (Allocation Failure) 2240M->330M(2303M) 1.820ms
[41.945s][info ][gc,cpu         ] GC(95) User=0.01s Sys=0.00s Real=0.01s
[41.945s][info ][safepoint      ] Safepoint "ParallelGCFailedAllocation", Time since last: 443387057 ns, Reaching safepoint: 103303 ns, At safepoint: 1924848 ns, Total: 2028151 ns
[42.352s][info ][gc,start       ] GC(96) Pause Young (Allocation Failure)
[42.354s][debug][gc,phases      ] GC(96) Scavenge 1.548ms
[42.354s][debug][gc,ref         ] GC(96) Skipped phase 1 of Reference Processing: no references
[42.354s][debug][gc,ref         ] GC(96) Skipped phase 2 of Reference Processing: no references
[42.354s][debug][gc,ref         ] GC(96) Skipped phase 3 of Reference Processing: no references
[42.354s][debug][gc,ref         ] GC(96) Skipped phase 4 of Reference Processing: no references
[42.354s][debug][gc,phases      ] GC(96) Reference Processing 0.049ms
[42.354s][debug][gc,phases      ] GC(96)   VM Weak                        Min:  0.0, Avg:  0.0, Max:  0.0, Diff:  0.0, Sum:  0.0, Workers: 4
[42.354s][debug][gc,phases      ] GC(96)     Dead                           Min: 0, Avg:  0.0, Max: 0, Diff: 0, Sum: 0, Workers: 4
[42.354s][debug][gc,phases      ] GC(96)     Total                          Min: 0, Avg: 155.5, Max: 366, Diff: 366, Sum: 622, Workers: 4
[42.354s][debug][gc,phases      ] GC(96)   ObjectSynchronizer Weak        Min:  0.0, Avg:  0.0, Max:  0.0, Diff:  0.0, Sum:  0.0, Workers: 4
[42.354s][debug][gc,phases      ] GC(96)     Dead                           Min: 0, Avg:  0.0, Max: 0, Diff: 0, Sum: 0, Workers: 4
[42.354s][debug][gc,phases      ] GC(96)     Total                          Min: 0, Avg: 93.8, Max: 192, Diff: 192, Sum: 375, Workers: 4
[42.354s][debug][gc,phases      ] GC(96)   JVMTI Tag Weak OopStorage      Min:  0.0, Avg:  0.0, Max:  0.0, Diff:  0.0, Sum:  0.0, Workers: 4
[42.354s][debug][gc,phases      ] GC(96)     Dead                           Min: 0, Avg:  0.0, Max: 0, Diff: 0, Sum: 0, Workers: 4
[42.354s][debug][gc,phases      ] GC(96)     Total                          Min: 0, Avg:  0.0, Max: 0, Diff: 0, Sum: 0, Workers: 4
[42.354s][debug][gc,phases      ] GC(96)   StringTable Weak               Min:  0.1, Avg:  0.1, Max:  0.1, Diff:  0.0, Sum:  0.4, Workers: 4
[42.354s][debug][gc,phases      ] GC(96)     Dead                           Min: 0, Avg:  0.0, Max: 0, Diff: 0, Sum: 0, Workers: 4
[42.354s][debug][gc,phases      ] GC(96)     Total                          Min: 9280, Avg: 10996.8, Max: 12096, Diff: 2816, Sum: 43987, Workers: 4
[42.354s][debug][gc,phases      ] GC(96)   ResolvedMethodTable Weak       Min:  0.0, Avg:  0.0, Max:  0.0, Diff:  0.0, Sum:  0.1, Workers: 4
[42.354s][debug][gc,phases      ] GC(96)     Dead                           Min: 0, Avg:  0.0, Max: 0, Diff: 0, Sum: 0, Workers: 4
[42.354s][debug][gc,phases      ] GC(96)     Total                          Min: 1280, Avg: 1943.5, Max: 2399, Diff: 1119, Sum: 7774, Workers: 4
[42.354s][debug][gc,phases      ] GC(96)   JNI Weak                       Min:  0.0, Avg:  0.0, Max:  0.0, Diff:  0.0, Sum:  0.0, Workers: 4
[42.354s][debug][gc,phases      ] GC(96)     Dead                           Min: 0, Avg:  0.0, Max: 0, Diff: 0, Sum: 0, Workers: 4
[42.354s][debug][gc,phases      ] GC(96)     Total                          Min: 0, Avg:  0.0, Max: 0, Diff: 0, Sum: 0, Workers: 4
[42.354s][debug][gc,phases      ] GC(96)   StringDedup Table Weak         Min:  0.0, Avg:  0.0, Max:  0.0, Diff:  0.0, Sum:  0.0, Workers: 4
[42.354s][debug][gc,phases      ] GC(96)     Dead                           Min: 0, Avg:  0.0, Max: 0, Diff: 0, Sum: 0, Workers: 4
[42.354s][debug][gc,phases      ] GC(96)     Total                          Min: 0, Avg:  0.0, Max: 0, Diff: 0, Sum: 0, Workers: 4
[42.354s][debug][gc,phases      ] GC(96)   StringDedup Requests0 Weak     Min:  0.0, Avg:  0.0, Max:  0.0, Diff:  0.0, Sum:  0.0, Workers: 4
[42.354s][debug][gc,phases      ] GC(96)     Dead                           Min: 0, Avg:  0.0, Max: 0, Diff: 0, Sum: 0, Workers: 4
[42.354s][debug][gc,phases      ] GC(96)     Total                          Min: 0, Avg:  0.0, Max: 0, Diff: 0, Sum: 0, Workers: 4
[42.354s][debug][gc,phases      ] GC(96)   StringDedup Requests1 Weak     Min:  0.0, Avg:  0.0, Max:  0.0, Diff:  0.0, Sum:  0.0, Workers: 4
[42.354s][debug][gc,phases      ] GC(96)     Dead                           Min: 0, Avg:  0.0, Max: 0, Diff: 0, Sum: 0, Workers: 4
[42.354s][debug][gc,phases      ] GC(96)     Total                          Min: 0, Avg:  0.0, Max: 0, Diff: 0, Sum: 0, Workers: 4
[42.354s][debug][gc,phases      ] GC(96)   Weak JFR Old Object Samples    Min:  0.0, Avg:  0.0, Max:  0.0, Diff:  0.0, Sum:  0.0, Workers: 4
[42.354s][debug][gc,phases      ] GC(96)     Dead                           Min: 0, Avg:  0.0, Max: 0, Diff: 0, Sum: 0, Workers: 4
[42.354s][debug][gc,phases      ] GC(96)     Total                          Min: 0, Avg:  0.0, Max: 0, Diff: 0, Sum: 0, Workers: 4
[42.354s][debug][gc,phases      ] GC(96) Weak Processing 0.285ms
[42.354s][debug][gc,age         ] GC(96) Desired survivor size 73924608 bytes, new threshold 15 (max threshold 15)
[42.354s][info ][gc,heap        ] GC(96) PSYoungGen: 1956480K(1956864K)->1120K(2024448K) Eden: 1955840K(1955840K)->0K(1952768K) From: 640K(1024K)->1120K(71680K)
[42.354s][info ][gc,heap        ] GC(96) ParOldGen: 338098K(401920K)->338098K(401920K)
[42.354s][info ][gc,metaspace   ] GC(96) Metaspace: 72962K(73792K)->72962K(73792K) NonClass: 62379K(62848K)->62379K(62848K) Class: 10582K(10944K)->10582K(10944K)
[42.354s][info ][gc             ] GC(96) Pause Young (Allocation Failure) 2240M->331M(2369M) 2.109ms
[42.354s][info ][gc,cpu         ] GC(96) User=0.01s Sys=0.00s Real=0.00s
[42.354s][info ][safepoint      ] Safepoint "ParallelGCFailedAllocation", Time since last: 406923547 ns, Reaching safepoint: 137403 ns, At safepoint: 2218555 ns, Total: 2355958 ns
[42.791s][info ][gc,start       ] GC(97) Pause Young (Allocation Failure)
[42.793s][debug][gc,phases      ] GC(97) Scavenge 2.039ms
[42.793s][debug][gc,ref         ] GC(97) Skipped phase 1 of Reference Processing: no references
[42.793s][debug][gc,ref         ] GC(97) Skipped phase 2 of Reference Processing: no references
[42.793s][debug][gc,ref         ] GC(97) Skipped phase 3 of Reference Processing: no references
[42.793s][debug][gc,ref         ] GC(97) Skipped phase 4 of Reference Processing: no references
[42.793s][debug][gc,phases      ] GC(97) Reference Processing 0.025ms
[42.793s][debug][gc,phases      ] GC(97)   VM Weak                        Min:  0.0, Avg:  0.0, Max:  0.0, Diff:  0.0, Sum:  0.0, Workers: 4
[42.793s][debug][gc,phases      ] GC(97)     Dead                           Min: 0, Avg:  0.0, Max: 0, Diff: 0, Sum: 0, Workers: 4
[42.793s][debug][gc,phases      ] GC(97)     Total                          Min: 0, Avg: 155.5, Max: 576, Diff: 576, Sum: 622, Workers: 4
[42.794s][debug][gc,phases      ] GC(97)   ObjectSynchronizer Weak        Min:  0.0, Avg:  0.0, Max:  0.0, Diff:  0.0, Sum:  0.0, Workers: 4
[42.794s][debug][gc,phases      ] GC(97)     Dead                           Min: 0, Avg:  0.0, Max: 0, Diff: 0, Sum: 0, Workers: 4
[42.794s][debug][gc,phases      ] GC(97)     Total                          Min: 0, Avg: 94.0, Max: 192, Diff: 192, Sum: 376, Workers: 4
[42.794s][debug][gc,phases      ] GC(97)   JVMTI Tag Weak OopStorage      Min:  0.0, Avg:  0.0, Max:  0.0, Diff:  0.0, Sum:  0.0, Workers: 4
[42.794s][debug][gc,phases      ] GC(97)     Dead                           Min: 0, Avg:  0.0, Max: 0, Diff: 0, Sum: 0, Workers: 4
[42.794s][debug][gc,phases      ] GC(97)     Total                          Min: 0, Avg:  0.0, Max: 0, Diff: 0, Sum: 0, Workers: 4
[42.794s][debug][gc,phases      ] GC(97)   StringTable Weak               Min:  0.1, Avg:  0.1, Max:  0.1, Diff:  0.0, Sum:  0.4, Workers: 4
[42.794s][debug][gc,phases      ] GC(97)     Dead                           Min: 0, Avg:  0.0, Max: 0, Diff: 0, Sum: 0, Workers: 4
[42.794s][debug][gc,phases      ] GC(97)     Total                          Min: 8982, Avg: 10997.5, Max: 12160, Diff: 3178, Sum: 43990, Workers: 4
[42.794s][debug][gc,phases      ] GC(97)   ResolvedMethodTable Weak       Min:  0.0, Avg:  0.0, Max:  0.0, Diff:  0.0, Sum:  0.1, Workers: 4
[42.794s][debug][gc,phases      ] GC(97)     Dead                           Min: 0, Avg:  0.0, Max: 0, Diff: 0, Sum: 0, Workers: 4
[42.794s][debug][gc,phases      ] GC(97)     Total                          Min: 1728, Avg: 1943.5, Max: 2112, Diff: 384, Sum: 7774, Workers: 4
[42.794s][debug][gc,phases      ] GC(97)   JNI Weak                       Min:  0.0, Avg:  0.0, Max:  0.0, Diff:  0.0, Sum:  0.0, Workers: 4
[42.794s][debug][gc,phases      ] GC(97)     Dead                           Min: 0, Avg:  0.0, Max: 0, Diff: 0, Sum: 0, Workers: 4
[42.794s][debug][gc,phases      ] GC(97)     Total                          Min: 0, Avg:  0.0, Max: 0, Diff: 0, Sum: 0, Workers: 4
[42.794s][debug][gc,phases      ] GC(97)   StringDedup Table Weak         Min:  0.0, Avg:  0.0, Max:  0.0, Diff:  0.0, Sum:  0.0, Workers: 4
[42.794s][debug][gc,phases      ] GC(97)     Dead                           Min: 0, Avg:  0.0, Max: 0, Diff: 0, Sum: 0, Workers: 4
[42.794s][debug][gc,phases      ] GC(97)     Total                          Min: 0, Avg:  0.0, Max: 0, Diff: 0, Sum: 0, Workers: 4
[42.794s][debug][gc,phases      ] GC(97)   StringDedup Requests0 Weak     Min:  0.0, Avg:  0.0, Max:  0.0, Diff:  0.0, Sum:  0.0, Workers: 4
[42.794s][debug][gc,phases      ] GC(97)     Dead                           Min: 0, Avg:  0.0, Max: 0, Diff: 0, Sum: 0, Workers: 4
[42.794s][debug][gc,phases      ] GC(97)     Total                          Min: 0, Avg:  0.0, Max: 0, Diff: 0, Sum: 0, Workers: 4
[42.794s][debug][gc,phases      ] GC(97)   StringDedup Requests1 Weak     Min:  0.0, Avg:  0.0, Max:  0.0, Diff:  0.0, Sum:  0.0, Workers: 4
[42.794s][debug][gc,phases      ] GC(97)     Dead                           Min: 0, Avg:  0.0, Max: 0, Diff: 0, Sum: 0, Workers: 4
[42.794s][debug][gc,phases      ] GC(97)     Total                          Min: 0, Avg:  0.0, Max: 0, Diff: 0, Sum: 0, Workers: 4
[42.794s][debug][gc,phases      ] GC(97)   Weak JFR Old Object Samples    Min:  0.0, Avg:  0.0, Max:  0.0, Diff:  0.0, Sum:  0.0, Workers: 4
[42.794s][debug][gc,phases      ] GC(97)     Dead                           Min: 0, Avg:  0.0, Max: 0, Diff: 0, Sum: 0, Workers: 4
[42.794s][debug][gc,phases      ] GC(97)     Total                          Min: 0, Avg:  0.0, Max: 0, Diff: 0, Sum: 0, Workers: 4
[42.794s][debug][gc,phases      ] GC(97) Weak Processing 0.338ms
[42.794s][debug][gc,age         ] GC(97) Desired survivor size 73400320 bytes, new threshold 15 (max threshold 15)
[42.794s][info ][gc,heap        ] GC(97) PSYoungGen: 1953888K(2024448K)->1696K(2024960K) Eden: 1952768K(1952768K)->0K(1952768K) From: 1120K(71680K)->1696K(72192K)
[42.794s][info ][gc,heap        ] GC(97) ParOldGen: 338098K(401920K)->338106K(401920K)
[42.794s][info ][gc,metaspace   ] GC(97) Metaspace: 72968K(73792K)->72968K(73792K) NonClass: 62385K(62848K)->62385K(62848K) Class: 10582K(10944K)->10582K(10944K)
[42.794s][info ][gc             ] GC(97) Pause Young (Allocation Failure) 2238M->331M(2370M) 2.517ms
[42.794s][info ][gc,cpu         ] GC(97) User=0.01s Sys=0.00s Real=0.01s
[42.794s][info ][safepoint      ] Safepoint "ParallelGCFailedAllocation", Time since last: 436672189 ns, Reaching safepoint: 139604 ns, At safepoint: 2622465 ns, Total: 2762069 ns
[43.215s][info ][gc,start       ] GC(98) Pause Young (Allocation Failure)
[43.218s][debug][gc,phases      ] GC(98) Scavenge 2.309ms
[43.218s][debug][gc,ref         ] GC(98) Skipped phase 1 of Reference Processing: no references
[43.218s][debug][gc,ref         ] GC(98) Skipped phase 2 of Reference Processing: no references
[43.218s][debug][gc,ref         ] GC(98) Skipped phase 3 of Reference Processing: no references
[43.218s][debug][gc,ref         ] GC(98) Skipped phase 4 of Reference Processing: no references
[43.218s][debug][gc,phases      ] GC(98) Reference Processing 0.023ms
[43.218s][debug][gc,phases      ] GC(98)   VM Weak                        Min:  0.0, Avg:  0.0, Max:  0.0, Diff:  0.0, Sum:  0.0, Workers: 4
[43.218s][debug][gc,phases      ] GC(98)     Dead                           Min: 0, Avg:  0.0, Max: 0, Diff: 0, Sum: 0, Workers: 4
[43.218s][debug][gc,phases      ] GC(98)     Total                          Min: 0, Avg: 155.5, Max: 384, Diff: 384, Sum: 622, Workers: 4
[43.218s][debug][gc,phases      ] GC(98)   ObjectSynchronizer Weak        Min:  0.0, Avg:  0.0, Max:  0.0, Diff:  0.0, Sum:  0.0, Workers: 4
[43.218s][debug][gc,phases      ] GC(98)     Dead                           Min: 0, Avg:  0.0, Max: 0, Diff: 0, Sum: 0, Workers: 4
[43.218s][debug][gc,phases      ] GC(98)     Total                          Min: 0, Avg: 94.0, Max: 248, Diff: 248, Sum: 376, Workers: 4
[43.218s][debug][gc,phases      ] GC(98)   JVMTI Tag Weak OopStorage      Min:  0.0, Avg:  0.0, Max:  0.0, Diff:  0.0, Sum:  0.0, Workers: 4
[43.218s][debug][gc,phases      ] GC(98)     Dead                           Min: 0, Avg:  0.0, Max: 0, Diff: 0, Sum: 0, Workers: 4
[43.218s][debug][gc,phases      ] GC(98)     Total                          Min: 0, Avg:  0.0, Max: 0, Diff: 0, Sum: 0, Workers: 4
[43.218s][debug][gc,phases      ] GC(98)   StringTable Weak               Min:  0.1, Avg:  0.1, Max:  0.1, Diff:  0.0, Sum:  0.4, Workers: 4
[43.218s][debug][gc,phases      ] GC(98)     Dead                           Min: 0, Avg:  0.0, Max: 0, Diff: 0, Sum: 0, Workers: 4
[43.218s][debug][gc,phases      ] GC(98)     Total                          Min: 9472, Avg: 10998.0, Max: 12096, Diff: 2624, Sum: 43992, Workers: 4
[43.218s][debug][gc,phases      ] GC(98)   ResolvedMethodTable Weak       Min:  0.0, Avg:  0.0, Max:  0.0, Diff:  0.0, Sum:  0.1, Workers: 4
[43.218s][debug][gc,phases      ] GC(98)     Dead                           Min: 0, Avg:  0.0, Max: 0, Diff: 0, Sum: 0, Workers: 4
[43.218s][debug][gc,phases      ] GC(98)     Total                          Min: 1152, Avg: 1943.5, Max: 2432, Diff: 1280, Sum: 7774, Workers: 4
[43.218s][debug][gc,phases      ] GC(98)   JNI Weak                       Min:  0.0, Avg:  0.0, Max:  0.0, Diff:  0.0, Sum:  0.0, Workers: 4
[43.218s][debug][gc,phases      ] GC(98)     Dead                           Min: 0, Avg:  0.0, Max: 0, Diff: 0, Sum: 0, Workers: 4
[43.218s][debug][gc,phases      ] GC(98)     Total                          Min: 0, Avg:  0.2, Max: 1, Diff: 1, Sum: 1, Workers: 4
[43.218s][debug][gc,phases      ] GC(98)   StringDedup Table Weak         Min:  0.0, Avg:  0.0, Max:  0.0, Diff:  0.0, Sum:  0.0, Workers: 4
[43.218s][debug][gc,phases      ] GC(98)     Dead                           Min: 0, Avg:  0.0, Max: 0, Diff: 0, Sum: 0, Workers: 4
[43.218s][debug][gc,phases      ] GC(98)     Total                          Min: 0, Avg:  0.0, Max: 0, Diff: 0, Sum: 0, Workers: 4
[43.218s][debug][gc,phases      ] GC(98)   StringDedup Requests0 Weak     Min:  0.0, Avg:  0.0, Max:  0.0, Diff:  0.0, Sum:  0.0, Workers: 4
[43.218s][debug][gc,phases      ] GC(98)     Dead                           Min: 0, Avg:  0.0, Max: 0, Diff: 0, Sum: 0, Workers: 4
[43.218s][debug][gc,phases      ] GC(98)     Total                          Min: 0, Avg:  0.0, Max: 0, Diff: 0, Sum: 0, Workers: 4
[43.218s][debug][gc,phases      ] GC(98)   StringDedup Requests1 Weak     Min:  0.0, Avg:  0.0, Max:  0.0, Diff:  0.0, Sum:  0.0, Workers: 4
[43.218s][debug][gc,phases      ] GC(98)     Dead                           Min: 0, Avg:  0.0, Max: 0, Diff: 0, Sum: 0, Workers: 4
[43.218s][debug][gc,phases      ] GC(98)     Total                          Min: 0, Avg:  0.0, Max: 0, Diff: 0, Sum: 0, Workers: 4
[43.218s][debug][gc,phases      ] GC(98)   Weak JFR Old Object Samples    Min:  0.0, Avg:  0.0, Max:  0.0, Diff:  0.0, Sum:  0.0, Workers: 4
[43.218s][debug][gc,phases      ] GC(98)     Dead                           Min: 0, Avg:  0.0, Max: 0, Diff: 0, Sum: 0, Workers: 4
[43.218s][debug][gc,phases      ] GC(98)     Total                          Min: 0, Avg:  0.0, Max: 0, Diff: 0, Sum: 0, Workers: 4
[43.218s][debug][gc,phases      ] GC(98) Weak Processing 0.312ms
[43.218s][debug][gc,age         ] GC(98) Desired survivor size 71827456 bytes, new threshold 15 (max threshold 15)
[43.218s][info ][gc,heap        ] GC(98) PSYoungGen: 1954464K(2024960K)->2400K(2027008K) Eden: 1952768K(1952768K)->0K(1955328K) From: 1696K(72192K)->2400K(71680K)
[43.218s][info ][gc,heap        ] GC(98) ParOldGen: 338106K(401920K)->338114K(401920K)
[43.218s][info ][gc,metaspace   ] GC(98) Metaspace: 72975K(73792K)->72975K(73792K) NonClass: 62393K(62848K)->62393K(62848K) Class: 10582K(10944K)->10582K(10944K)
[43.218s][info ][gc             ] GC(98) Pause Young (Allocation Failure) 2238M->332M(2372M) 2.770ms
[43.218s][info ][gc,cpu         ] GC(98) User=0.01s Sys=0.00s Real=0.00s
[43.218s][info ][safepoint      ] Safepoint "ParallelGCFailedAllocation", Time since last: 421237603 ns, Reaching safepoint: 136603 ns, At safepoint: 2881672 ns, Total: 3018275 ns
[43.679s][info ][gc,start       ] GC(99) Pause Young (Allocation Failure)
[43.682s][debug][gc,phases      ] GC(99) Scavenge 2.964ms
[43.682s][debug][gc,ref         ] GC(99) Skipped phase 1 of Reference Processing: no references
[43.682s][debug][gc,ref         ] GC(99) Skipped phase 2 of Reference Processing: no references
[43.682s][debug][gc,ref         ] GC(99) Skipped phase 3 of Reference Processing: no references
[43.682s][debug][gc,ref         ] GC(99) Skipped phase 4 of Reference Processing: no references
[43.682s][debug][gc,phases      ] GC(99) Reference Processing 0.024ms
[43.682s][debug][gc,phases      ] GC(99)   VM Weak                        Min:  0.0, Avg:  0.0, Max:  0.0, Diff:  0.0, Sum:  0.0, Workers: 4
[43.682s][debug][gc,phases      ] GC(99)     Dead                           Min: 0, Avg:  0.0, Max: 0, Diff: 0, Sum: 0, Workers: 4
[43.682s][debug][gc,phases      ] GC(99)     Total                          Min: 0, Avg: 155.5, Max: 320, Diff: 320, Sum: 622, Workers: 4
[43.682s][debug][gc,phases      ] GC(99)   ObjectSynchronizer Weak        Min:  0.0, Avg:  0.0, Max:  0.0, Diff:  0.0, Sum:  0.0, Workers: 4
[43.682s][debug][gc,phases      ] GC(99)     Dead                           Min: 0, Avg:  0.0, Max: 0, Diff: 0, Sum: 0, Workers: 4
[43.682s][debug][gc,phases      ] GC(99)     Total                          Min: 0, Avg: 94.0, Max: 184, Diff: 184, Sum: 376, Workers: 4
[43.682s][debug][gc,phases      ] GC(99)   JVMTI Tag Weak OopStorage      Min:  0.0, Avg:  0.0, Max:  0.0, Diff:  0.0, Sum:  0.0, Workers: 4
[43.682s][debug][gc,phases      ] GC(99)     Dead                           Min: 0, Avg:  0.0, Max: 0, Diff: 0, Sum: 0, Workers: 4
[43.682s][debug][gc,phases      ] GC(99)     Total                          Min: 0, Avg:  0.0, Max: 0, Diff: 0, Sum: 0, Workers: 4
[43.682s][debug][gc,phases      ] GC(99)   StringTable Weak               Min:  0.1, Avg:  0.1, Max:  0.1, Diff:  0.0, Sum:  0.4, Workers: 4
[43.682s][debug][gc,phases      ] GC(99)     Dead                           Min: 0, Avg:  0.0, Max: 0, Diff: 0, Sum: 0, Workers: 4
[43.682s][debug][gc,phases      ] GC(99)     Total                          Min: 10240, Avg: 10998.5, Max: 11840, Diff: 1600, Sum: 43994, Workers: 4
[43.682s][debug][gc,phases      ] GC(99)   ResolvedMethodTable Weak       Min:  0.0, Avg:  0.0, Max:  0.0, Diff:  0.0, Sum:  0.1, Workers: 4
[43.682s][debug][gc,phases      ] GC(99)     Dead                           Min: 0, Avg:  0.0, Max: 0, Diff: 0, Sum: 0, Workers: 4
[43.682s][debug][gc,phases      ] GC(99)     Total                          Min: 1728, Avg: 1943.5, Max: 2079, Diff: 351, Sum: 7774, Workers: 4
[43.682s][debug][gc,phases      ] GC(99)   JNI Weak                       Min:  0.0, Avg:  0.0, Max:  0.0, Diff:  0.0, Sum:  0.0, Workers: 4
[43.682s][debug][gc,phases      ] GC(99)     Dead                           Min: 0, Avg:  0.0, Max: 0, Diff: 0, Sum: 0, Workers: 4
[43.682s][debug][gc,phases      ] GC(99)     Total                          Min: 0, Avg:  0.0, Max: 0, Diff: 0, Sum: 0, Workers: 4
[43.682s][debug][gc,phases      ] GC(99)   StringDedup Table Weak         Min:  0.0, Avg:  0.0, Max:  0.0, Diff:  0.0, Sum:  0.0, Workers: 4
[43.682s][debug][gc,phases      ] GC(99)     Dead                           Min: 0, Avg:  0.0, Max: 0, Diff: 0, Sum: 0, Workers: 4
[43.682s][debug][gc,phases      ] GC(99)     Total                          Min: 0, Avg:  0.0, Max: 0, Diff: 0, Sum: 0, Workers: 4
[43.682s][debug][gc,phases      ] GC(99)   StringDedup Requests0 Weak     Min:  0.0, Avg:  0.0, Max:  0.0, Diff:  0.0, Sum:  0.0, Workers: 4
[43.682s][debug][gc,phases      ] GC(99)     Dead                           Min: 0, Avg:  0.0, Max: 0, Diff: 0, Sum: 0, Workers: 4
[43.682s][debug][gc,phases      ] GC(99)     Total                          Min: 0, Avg:  0.0, Max: 0, Diff: 0, Sum: 0, Workers: 4
[43.682s][debug][gc,phases      ] GC(99)   StringDedup Requests1 Weak     Min:  0.0, Avg:  0.0, Max:  0.0, Diff:  0.0, Sum:  0.0, Workers: 4
[43.682s][debug][gc,phases      ] GC(99)     Dead                           Min: 0, Avg:  0.0, Max: 0, Diff: 0, Sum: 0, Workers: 4
[43.682s][debug][gc,phases      ] GC(99)     Total                          Min: 0, Avg:  0.0, Max: 0, Diff: 0, Sum: 0, Workers: 4
[43.682s][debug][gc,phases      ] GC(99)   Weak JFR Old Object Samples    Min:  0.0, Avg:  0.0, Max:  0.0, Diff:  0.0, Sum:  0.0, Workers: 4
[43.682s][debug][gc,phases      ] GC(99)     Dead                           Min: 0, Avg:  0.0, Max: 0, Diff: 0, Sum: 0, Workers: 4
[43.682s][debug][gc,phases      ] GC(99)     Total                          Min: 0, Avg:  0.0, Max: 0, Diff: 0, Sum: 0, Workers: 4
[43.682s][debug][gc,phases      ] GC(99) Weak Processing 0.308ms
[43.682s][debug][gc,age         ] GC(99) Desired survivor size 69730304 bytes, new threshold 15 (max threshold 15)
[43.682s][info ][gc,heap        ] GC(99) PSYoungGen: 1957728K(2027008K)->3552K(2025472K) Eden: 1955328K(1955328K)->0K(1955328K) From: 2400K(71680K)->3552K(70144K)
[43.682s][info ][gc,heap        ] GC(99) ParOldGen: 338114K(401920K)->338122K(401920K)
[43.682s][info ][gc,metaspace   ] GC(99) Metaspace: 72979K(73792K)->72979K(73792K) NonClass: 62396K(62848K)->62396K(62848K) Class: 10582K(10944K)->10582K(10944K)
[43.682s][info ][gc             ] GC(99) Pause Young (Allocation Failure) 2242M->333M(2370M) 3.426ms
[43.682s][info ][gc,cpu         ] GC(99) User=0.01s Sys=0.00s Real=0.00s
[43.682s][info ][safepoint      ] Safepoint "ParallelGCFailedAllocation", Time since last: 460673786 ns, Reaching safepoint: 158504 ns, At safepoint: 3537089 ns, Total: 3695593 ns
[44.683s][info ][safepoint      ] Safepoint "Cleanup", Time since last: 1000089433 ns, Reaching safepoint: 81202 ns, At safepoint: 6500 ns, Total: 87702 ns
[45.683s][info ][safepoint      ] Safepoint "Cleanup", Time since last: 1000110232 ns, Reaching safepoint: 84802 ns, At safepoint: 10100 ns, Total: 94902 ns
[46.683s][info ][safepoint      ] Safepoint "Cleanup", Time since last: 1000089029 ns, Reaching safepoint: 73702 ns, At safepoint: 6300 ns, Total: 80002 ns
[47.683s][info ][safepoint      ] Safepoint "Cleanup", Time since last: 1000124627 ns, Reaching safepoint: 65602 ns, At safepoint: 8000 ns, Total: 73602 ns
[48.683s][info ][safepoint      ] Safepoint "Cleanup", Time since last: 1000117524 ns, Reaching safepoint: 70702 ns, At safepoint: 5900 ns, Total: 76602 ns
[49.683s][info ][safepoint      ] Safepoint "Cleanup", Time since last: 1000076122 ns, Reaching safepoint: 55101 ns, At safepoint: 3300 ns, Total: 58401 ns
[50.684s][info ][safepoint      ] Safepoint "Cleanup", Time since last: 1000125920 ns, Reaching safepoint: 48301 ns, At safepoint: 8200 ns, Total: 56501 ns
[51.684s][info ][safepoint      ] Safepoint "Cleanup", Time since last: 1000116918 ns, Reaching safepoint: 57901 ns, At safepoint: 6900 ns, Total: 64801 ns
[52.684s][info ][safepoint      ] Safepoint "Cleanup", Time since last: 1000121515 ns, Reaching safepoint: 57702 ns, At safepoint: 9300 ns, Total: 67002 ns
[53.684s][info ][safepoint      ] Safepoint "Cleanup", Time since last: 1000114713 ns, Reaching safepoint: 68501 ns, At safepoint: 9001 ns, Total: 77502 ns
[56.685s][info ][safepoint      ] Safepoint "Cleanup", Time since last: 3000252021 ns, Reaching safepoint: 59701 ns, At safepoint: 7700 ns, Total: 67401 ns
[57.685s][info ][safepoint      ] Safepoint "Cleanup", Time since last: 1000092203 ns, Reaching safepoint: 57901 ns, At safepoint: 9200 ns, Total: 67101 ns
[58.685s][info ][safepoint      ] Safepoint "Cleanup", Time since last: 1000112701 ns, Reaching safepoint: 49601 ns, At safepoint: 2800 ns, Total: 52401 ns
[61.685s][info ][safepoint      ] Safepoint "Cleanup", Time since last: 3000269386 ns, Reaching safepoint: 64402 ns, At safepoint: 4300 ns, Total: 68702 ns
[62.685s][info ][safepoint      ] Safepoint "Cleanup", Time since last: 1000121791 ns, Reaching safepoint: 51302 ns, At safepoint: 4000 ns, Total: 55302 ns
[65.686s][info ][safepoint      ] Safepoint "Cleanup", Time since last: 3000253757 ns, Reaching safepoint: 52001 ns, At safepoint: 8001 ns, Total: 60002 ns
[66.686s][info ][safepoint      ] Safepoint "Cleanup", Time since last: 1000133182 ns, Reaching safepoint: 56901 ns, At safepoint: 2900 ns, Total: 59801 ns
[67.686s][info ][safepoint      ] Safepoint "Cleanup", Time since last: 1000125480 ns, Reaching safepoint: 50902 ns, At safepoint: 7300 ns, Total: 58202 ns
[69.297s][info ][safepoint      ] Safepoint "Cleanup", Time since last: 1611118074 ns, Reaching safepoint: 55802 ns, At safepoint: 5800 ns, Total: 61602 ns
[70.297s][info ][safepoint      ] Safepoint "Cleanup", Time since last: 1000109573 ns, Reaching safepoint: 50201 ns, At safepoint: 2700 ns, Total: 52901 ns
[72.298s][info ][safepoint      ] Safepoint "Cleanup", Time since last: 2000164739 ns, Reaching safepoint: 48401 ns, At safepoint: 16401 ns, Total: 64802 ns
[75.298s][info ][safepoint      ] Safepoint "Cleanup", Time since last: 3000195689 ns, Reaching safepoint: 54001 ns, At safepoint: 5800 ns, Total: 59801 ns
[76.298s][info ][safepoint      ] Safepoint "Cleanup", Time since last: 1000113360 ns, Reaching safepoint: 48201 ns, At safepoint: 6601 ns, Total: 54802 ns
[77.298s][info ][safepoint      ] Safepoint "Cleanup", Time since last: 1000079556 ns, Reaching safepoint: 38601 ns, At safepoint: 3500 ns, Total: 42101 ns
[78.298s][info ][safepoint      ] Safepoint "Cleanup", Time since last: 1000086155 ns, Reaching safepoint: 43801 ns, At safepoint: 3000 ns, Total: 46801 ns
[81.299s][info ][safepoint      ] Safepoint "Cleanup", Time since last: 3000252050 ns, Reaching safepoint: 50601 ns, At safepoint: 3000 ns, Total: 53601 ns
[82.399s][info ][safepoint      ] Safepoint "Cleanup", Time since last: 1099846824 ns, Reaching safepoint: 156604 ns, At safepoint: 8400 ns, Total: 165004 ns
[83.399s][info ][safepoint      ] Safepoint "Cleanup", Time since last: 1000106943 ns, Reaching safepoint: 50201 ns, At safepoint: 3801 ns, Total: 54002 ns
[84.399s][info ][safepoint      ] Safepoint "Cleanup", Time since last: 1000128341 ns, Reaching safepoint: 58002 ns, At safepoint: 2900 ns, Total: 60902 ns
[87.399s][info ][safepoint      ] Safepoint "Cleanup", Time since last: 3000241308 ns, Reaching safepoint: 49401 ns, At safepoint: 3600 ns, Total: 53001 ns
[88.399s][info ][safepoint      ] Safepoint "Cleanup", Time since last: 1000112533 ns, Reaching safepoint: 46201 ns, At safepoint: 2700 ns, Total: 48901 ns
[89.743s][info ][safepoint      ] Safepoint "Cleanup", Time since last: 1343846464 ns, Reaching safepoint: 45601 ns, At safepoint: 7300 ns, Total: 52901 ns
[90.743s][info ][safepoint      ] Safepoint "Cleanup", Time since last: 1000102027 ns, Reaching safepoint: 54302 ns, At safepoint: 5700 ns, Total: 60002 ns
[91.744s][info ][safepoint      ] Safepoint "Cleanup", Time since last: 1000116125 ns, Reaching safepoint: 61501 ns, At safepoint: 6300 ns, Total: 67801 ns
[92.744s][info ][safepoint      ] Safepoint "Cleanup", Time since last: 1000107623 ns, Reaching safepoint: 38701 ns, At safepoint: 2600 ns, Total: 41301 ns
[95.744s][info ][safepoint      ] Safepoint "Cleanup", Time since last: 3000209152 ns, Reaching safepoint: 62202 ns, At safepoint: 11700 ns, Total: 73902 ns
[96.744s][info ][safepoint      ] Safepoint "Cleanup", Time since last: 1000108214 ns, Reaching safepoint: 109403 ns, At safepoint: 7900 ns, Total: 117303 ns
[98.745s][info ][safepoint      ] Safepoint "Cleanup", Time since last: 2000160320 ns, Reaching safepoint: 41601 ns, At safepoint: 2200 ns, Total: 43801 ns
[103.745s][info ][safepoint      ] Safepoint "Cleanup", Time since last: 5000361710 ns, Reaching safepoint: 55401 ns, At safepoint: 10601 ns, Total: 66002 ns
[105.745s][info ][safepoint      ] Safepoint "Cleanup", Time since last: 2000175989 ns, Reaching safepoint: 53702 ns, At safepoint: 8100 ns, Total: 61802 ns
[107.241s][info ][gc,start       ] GC(100) Pause Young (Allocation Failure)
[107.244s][debug][gc,phases      ] GC(100) Scavenge 3.542ms
[107.245s][debug][gc,ref         ] GC(100) Skipped phase 1 of Reference Processing: no references
[107.245s][debug][gc,ref         ] GC(100) ReferenceProcessor::execute queues: 1, RefProcThreadModel::Single, marks_oops_alive: false
[107.245s][debug][gc,ref         ] GC(100) Skipped phase 3 of Reference Processing: no references
[107.245s][debug][gc,ref         ] GC(100) ReferenceProcessor::execute queues: 1, RefProcThreadModel::Single, marks_oops_alive: false
[107.245s][debug][gc,phases      ] GC(100) Reference Processing 0.126ms
[107.245s][debug][gc,phases      ] GC(100)   VM Weak                        Min:  0.0, Avg:  0.0, Max:  0.0, Diff:  0.0, Sum:  0.0, Workers: 4
[107.245s][debug][gc,phases      ] GC(100)     Dead                           Min: 0, Avg:  0.0, Max: 0, Diff: 0, Sum: 0, Workers: 4
[107.245s][debug][gc,phases      ] GC(100)     Total                          Min: 0, Avg: 155.8, Max: 367, Diff: 367, Sum: 623, Workers: 4
[107.245s][debug][gc,phases      ] GC(100)   ObjectSynchronizer Weak        Min:  0.0, Avg:  0.0, Max:  0.0, Diff:  0.0, Sum:  0.0, Workers: 4
[107.245s][debug][gc,phases      ] GC(100)     Dead                           Min: 0, Avg:  0.0, Max: 0, Diff: 0, Sum: 0, Workers: 4
[107.245s][debug][gc,phases      ] GC(100)     Total                          Min: 0, Avg: 95.0, Max: 188, Diff: 188, Sum: 380, Workers: 4
[107.245s][debug][gc,phases      ] GC(100)   JVMTI Tag Weak OopStorage      Min:  0.0, Avg:  0.0, Max:  0.0, Diff:  0.0, Sum:  0.0, Workers: 4
[107.245s][debug][gc,phases      ] GC(100)     Dead                           Min: 0, Avg:  0.0, Max: 0, Diff: 0, Sum: 0, Workers: 4
[107.245s][debug][gc,phases      ] GC(100)     Total                          Min: 0, Avg:  0.0, Max: 0, Diff: 0, Sum: 0, Workers: 4
[107.245s][debug][gc,phases      ] GC(100)   StringTable Weak               Min:  0.1, Avg:  0.1, Max:  0.1, Diff:  0.0, Sum:  0.4, Workers: 4
[107.245s][debug][gc,phases      ] GC(100)     Dead                           Min: 0, Avg:  0.5, Max: 1, Diff: 1, Sum: 2, Workers: 4
[107.245s][debug][gc,phases      ] GC(100)     Total                          Min: 10620, Avg: 11039.0, Max: 11904, Diff: 1284, Sum: 44156, Workers: 4
[107.245s][debug][gc,phases      ] GC(100)   ResolvedMethodTable Weak       Min:  0.0, Avg:  0.0, Max:  0.0, Diff:  0.0, Sum:  0.1, Workers: 4
[107.245s][debug][gc,phases      ] GC(100)     Dead                           Min: 0, Avg:  0.2, Max: 1, Diff: 1, Sum: 1, Workers: 4
[107.245s][debug][gc,phases      ] GC(100)     Total                          Min: 1728, Avg: 1955.5, Max: 2127, Diff: 399, Sum: 7822, Workers: 4
[107.245s][debug][gc,phases      ] GC(100)   JNI Weak                       Min:  0.0, Avg:  0.0, Max:  0.0, Diff:  0.0, Sum:  0.0, Workers: 4
[107.245s][debug][gc,phases      ] GC(100)     Dead                           Min: 0, Avg:  0.0, Max: 0, Diff: 0, Sum: 0, Workers: 4
[107.245s][debug][gc,phases      ] GC(100)     Total                          Min: 0, Avg:  0.0, Max: 0, Diff: 0, Sum: 0, Workers: 4
[107.245s][debug][gc,phases      ] GC(100)   StringDedup Table Weak         Min:  0.0, Avg:  0.0, Max:  0.0, Diff:  0.0, Sum:  0.0, Workers: 4
[107.245s][debug][gc,phases      ] GC(100)     Dead                           Min: 0, Avg:  0.0, Max: 0, Diff: 0, Sum: 0, Workers: 4
[107.245s][debug][gc,phases      ] GC(100)     Total                          Min: 0, Avg:  0.0, Max: 0, Diff: 0, Sum: 0, Workers: 4
[107.245s][debug][gc,phases      ] GC(100)   StringDedup Requests0 Weak     Min:  0.0, Avg:  0.0, Max:  0.0, Diff:  0.0, Sum:  0.0, Workers: 4
[107.245s][debug][gc,phases      ] GC(100)     Dead                           Min: 0, Avg:  0.0, Max: 0, Diff: 0, Sum: 0, Workers: 4
[107.245s][debug][gc,phases      ] GC(100)     Total                          Min: 0, Avg:  0.0, Max: 0, Diff: 0, Sum: 0, Workers: 4
[107.245s][debug][gc,phases      ] GC(100)   StringDedup Requests1 Weak     Min:  0.0, Avg:  0.0, Max:  0.0, Diff:  0.0, Sum:  0.0, Workers: 4
[107.245s][debug][gc,phases      ] GC(100)     Dead                           Min: 0, Avg:  0.0, Max: 0, Diff: 0, Sum: 0, Workers: 4
[107.245s][debug][gc,phases      ] GC(100)     Total                          Min: 0, Avg:  0.0, Max: 0, Diff: 0, Sum: 0, Workers: 4
[107.245s][debug][gc,phases      ] GC(100)   Weak JFR Old Object Samples    Min:  0.0, Avg:  0.0, Max:  0.0, Diff:  0.0, Sum:  0.0, Workers: 4
[107.245s][debug][gc,phases      ] GC(100)     Dead                           Min: 0, Avg:  0.0, Max: 0, Diff: 0, Sum: 0, Workers: 4
[107.245s][debug][gc,phases      ] GC(100)     Total                          Min: 0, Avg:  0.0, Max: 0, Diff: 0, Sum: 0, Workers: 4
[107.245s][debug][gc,phases      ] GC(100) Weak Processing 0.294ms
[107.245s][debug][gc,age         ] GC(100) Desired survivor size 67633152 bytes, new threshold 15 (max threshold 15)
[107.245s][info ][gc,heap        ] GC(100) PSYoungGen: 1958880K(2025472K)->4544K(2031104K) Eden: 1955328K(1955328K)->0K(1963008K) From: 3552K(70144K)->4544K(68096K)
[107.245s][info ][gc,heap        ] GC(100) ParOldGen: 338122K(401920K)->338130K(401920K)
[107.245s][info ][gc,metaspace   ] GC(100) Metaspace: 73529K(74304K)->73529K(74304K) NonClass: 62895K(63296K)->62895K(63296K) Class: 10634K(11008K)->10634K(11008K)
[107.245s][info ][gc             ] GC(100) Pause Young (Allocation Failure) 2243M->334M(2376M) 4.093ms
[107.245s][info ][gc,cpu         ] GC(100) User=0.01s Sys=0.00s Real=0.01s
[107.245s][info ][safepoint      ] Safepoint "ParallelGCFailedAllocation", Time since last: 1495578974 ns, Reaching safepoint: 55301 ns, At safepoint: 4175904 ns, Total: 4231205 ns
[117.246s][info ][safepoint      ] Safepoint "Cleanup", Time since last: 10000691384 ns, Reaching safepoint: 48801 ns, At safepoint: 2700 ns, Total: 51501 ns
[120.246s][info ][safepoint      ] Safepoint "Cleanup", Time since last: 3000245195 ns, Reaching safepoint: 48201 ns, At safepoint: 2500 ns, Total: 50701 ns
[122.246s][info ][safepoint      ] Safepoint "Cleanup", Time since last: 2000176720 ns, Reaching safepoint: 54501 ns, At safepoint: 2800 ns, Total: 57301 ns
[124.247s][info ][safepoint      ] Safepoint "Cleanup", Time since last: 2000175112 ns, Reaching safepoint: 50901 ns, At safepoint: 7300 ns, Total: 58201 ns
[125.247s][info ][safepoint      ] Safepoint "Cleanup", Time since last: 1000115153 ns, Reaching safepoint: 43302 ns, At safepoint: 5400 ns, Total: 48702 ns
[126.247s][info ][safepoint      ] Safepoint "Cleanup", Time since last: 1000137951 ns, Reaching safepoint: 39201 ns, At safepoint: 3101 ns, Total: 42302 ns
[128.247s][info ][safepoint      ] Safepoint "Cleanup", Time since last: 2000161594 ns, Reaching safepoint: 48101 ns, At safepoint: 8900 ns, Total: 57001 ns
[129.247s][info ][safepoint      ] Safepoint "Cleanup", Time since last: 1000083745 ns, Reaching safepoint: 46401 ns, At safepoint: 5900 ns, Total: 52301 ns
[130.247s][info ][safepoint      ] Safepoint "Cleanup", Time since last: 1000105643 ns, Reaching safepoint: 47401 ns, At safepoint: 7600 ns, Total: 55001 ns
[134.248s][info ][safepoint      ] Safepoint "Cleanup", Time since last: 4000305848 ns, Reaching safepoint: 41501 ns, At safepoint: 6700 ns, Total: 48201 ns
[141.248s][info ][safepoint      ] Safepoint "Cleanup", Time since last: 7000509779 ns, Reaching safepoint: 48301 ns, At safepoint: 2501 ns, Total: 50802 ns
[142.248s][info ][safepoint      ] Safepoint "Cleanup", Time since last: 1000119518 ns, Reaching safepoint: 57202 ns, At safepoint: 8700 ns, Total: 65902 ns
[147.249s][info ][safepoint      ] Safepoint "Cleanup", Time since last: 5000371058 ns, Reaching safepoint: 119003 ns, At safepoint: 9400 ns, Total: 128403 ns
[156.250s][info ][safepoint      ] Safepoint "Cleanup", Time since last: 9000558777 ns, Reaching safepoint: 41201 ns, At safepoint: 23001 ns, Total: 64202 ns
[163.250s][info ][safepoint      ] Safepoint "Cleanup", Time since last: 7000404972 ns, Reaching safepoint: 41901 ns, At safepoint: 8500 ns, Total: 50401 ns
[164.250s][info ][safepoint      ] Safepoint "Cleanup", Time since last: 1000111976 ns, Reaching safepoint: 28700 ns, At safepoint: 2800 ns, Total: 31500 ns
[188.252s][info ][safepoint      ] Safepoint "Cleanup", Time since last: 24001589714 ns, Reaching safepoint: 51802 ns, At safepoint: 10800 ns, Total: 62602 ns
[192.592s][info ][gc,start       ] GC(101) Pause Young (Allocation Failure)
[192.594s][debug][gc,phases      ] GC(101) Scavenge 2.589ms
[192.594s][debug][gc,ref         ] GC(101) Skipped phase 1 of Reference Processing: no references
[192.594s][debug][gc,ref         ] GC(101) ReferenceProcessor::execute queues: 1, RefProcThreadModel::Single, marks_oops_alive: false
[192.594s][debug][gc,ref         ] GC(101) Skipped phase 3 of Reference Processing: no references
[192.594s][debug][gc,ref         ] GC(101) Skipped phase 4 of Reference Processing: no references
[192.594s][debug][gc,phases      ] GC(101) Reference Processing 0.110ms
[192.595s][debug][gc,phases      ] GC(101)   VM Weak                        Min:  0.0, Avg:  0.0, Max:  0.0, Diff:  0.0, Sum:  0.0, Workers: 4
[192.595s][debug][gc,phases      ] GC(101)     Dead                           Min: 0, Avg:  0.0, Max: 0, Diff: 0, Sum: 0, Workers: 4
[192.595s][debug][gc,phases      ] GC(101)     Total                          Min: 0, Avg: 155.8, Max: 623, Diff: 623, Sum: 623, Workers: 4
[192.595s][debug][gc,phases      ] GC(101)   ObjectSynchronizer Weak        Min:  0.0, Avg:  0.0, Max:  0.0, Diff:  0.0, Sum:  0.0, Workers: 4
[192.595s][debug][gc,phases      ] GC(101)     Dead                           Min: 0, Avg:  0.0, Max: 0, Diff: 0, Sum: 0, Workers: 4
[192.595s][debug][gc,phases      ] GC(101)     Total                          Min: 0, Avg: 95.0, Max: 320, Diff: 320, Sum: 380, Workers: 4
[192.595s][debug][gc,phases      ] GC(101)   JVMTI Tag Weak OopStorage      Min:  0.0, Avg:  0.0, Max:  0.0, Diff:  0.0, Sum:  0.0, Workers: 4
[192.595s][debug][gc,phases      ] GC(101)     Dead                           Min: 0, Avg:  0.0, Max: 0, Diff: 0, Sum: 0, Workers: 4
[192.595s][debug][gc,phases      ] GC(101)     Total                          Min: 0, Avg:  0.0, Max: 0, Diff: 0, Sum: 0, Workers: 4
[192.595s][debug][gc,phases      ] GC(101)   StringTable Weak               Min:  0.1, Avg:  0.1, Max:  0.1, Diff:  0.0, Sum:  0.3, Workers: 4
[192.595s][debug][gc,phases      ] GC(101)     Dead                           Min: 0, Avg:  0.0, Max: 0, Diff: 0, Sum: 0, Workers: 4
[192.595s][debug][gc,phases      ] GC(101)     Total                          Min: 10310, Avg: 11057.5, Max: 11968, Diff: 1658, Sum: 44230, Workers: 4
[192.595s][debug][gc,phases      ] GC(101)   ResolvedMethodTable Weak       Min:  0.0, Avg:  0.0, Max:  0.0, Diff:  0.0, Sum:  0.1, Workers: 4
[192.595s][debug][gc,phases      ] GC(101)     Dead                           Min: 0, Avg:  0.0, Max: 0, Diff: 0, Sum: 0, Workers: 4
[192.595s][debug][gc,phases      ] GC(101)     Total                          Min: 1728, Avg: 1955.5, Max: 2175, Diff: 447, Sum: 7822, Workers: 4
[192.595s][debug][gc,phases      ] GC(101)   JNI Weak                       Min:  0.0, Avg:  0.0, Max:  0.0, Diff:  0.0, Sum:  0.0, Workers: 4
[192.595s][debug][gc,phases      ] GC(101)     Dead                           Min: 0, Avg:  0.0, Max: 0, Diff: 0, Sum: 0, Workers: 4
[192.595s][debug][gc,phases      ] GC(101)     Total                          Min: 0, Avg:  0.0, Max: 0, Diff: 0, Sum: 0, Workers: 4
[192.595s][debug][gc,phases      ] GC(101)   StringDedup Table Weak         Min:  0.0, Avg:  0.0, Max:  0.0, Diff:  0.0, Sum:  0.0, Workers: 4
[192.595s][debug][gc,phases      ] GC(101)     Dead                           Min: 0, Avg:  0.0, Max: 0, Diff: 0, Sum: 0, Workers: 4
[192.595s][debug][gc,phases      ] GC(101)     Total                          Min: 0, Avg:  0.0, Max: 0, Diff: 0, Sum: 0, Workers: 4
[192.595s][debug][gc,phases      ] GC(101)   StringDedup Requests0 Weak     Min:  0.0, Avg:  0.0, Max:  0.0, Diff:  0.0, Sum:  0.0, Workers: 4
[192.595s][debug][gc,phases      ] GC(101)     Dead                           Min: 0, Avg:  0.0, Max: 0, Diff: 0, Sum: 0, Workers: 4
[192.595s][debug][gc,phases      ] GC(101)     Total                          Min: 0, Avg:  0.0, Max: 0, Diff: 0, Sum: 0, Workers: 4
[192.595s][debug][gc,phases      ] GC(101)   StringDedup Requests1 Weak     Min:  0.0, Avg:  0.0, Max:  0.0, Diff:  0.0, Sum:  0.0, Workers: 4
[192.595s][debug][gc,phases      ] GC(101)     Dead                           Min: 0, Avg:  0.0, Max: 0, Diff: 0, Sum: 0, Workers: 4
[192.595s][debug][gc,phases      ] GC(101)     Total                          Min: 0, Avg:  0.0, Max: 0, Diff: 0, Sum: 0, Workers: 4
[192.595s][debug][gc,phases      ] GC(101)   Weak JFR Old Object Samples    Min:  0.0, Avg:  0.0, Max:  0.0, Diff:  0.0, Sum:  0.0, Workers: 4
[192.595s][debug][gc,phases      ] GC(101)     Dead                           Min: 0, Avg:  0.0, Max: 0, Diff: 0, Sum: 0, Workers: 4
[192.595s][debug][gc,phases      ] GC(101)     Total                          Min: 0, Avg:  0.0, Max: 0, Diff: 0, Sum: 0, Workers: 4
[192.595s][debug][gc,phases      ] GC(101) Weak Processing 0.290ms
[192.595s][debug][gc,age         ] GC(101) Desired survivor size 65011712 bytes, new threshold 15 (max threshold 15)
[192.595s][info ][gc,heap        ] GC(101) PSYoungGen: 1967552K(2031104K)->4544K(2029056K) Eden: 1963008K(1963008K)->0K(1963008K) From: 4544K(68096K)->4544K(66048K)
[192.595s][info ][gc,heap        ] GC(101) ParOldGen: 338130K(401920K)->338138K(401920K)
[192.595s][info ][gc,metaspace   ] GC(101) Metaspace: 73687K(74432K)->73687K(74432K) NonClass: 63052K(63424K)->63052K(63424K) Class: 10635K(11008K)->10635K(11008K)
[192.595s][info ][gc             ] GC(101) Pause Young (Allocation Failure) 2251M->334M(2374M) 3.113ms
[192.595s][info ][gc,cpu         ] GC(101) User=0.01s Sys=0.00s Real=0.00s
[192.595s][info ][safepoint      ] Safepoint "ParallelGCFailedAllocation", Time since last: 4339721255 ns, Reaching safepoint: 44901 ns, At safepoint: 3193179 ns, Total: 3238080 ns
[197.595s][info ][safepoint      ] Safepoint "Cleanup", Time since last: 5000323079 ns, Reaching safepoint: 50301 ns, At safepoint: 4800 ns, Total: 55101 ns
[198.595s][info ][safepoint      ] Safepoint "Cleanup", Time since last: 1000066111 ns, Reaching safepoint: 47501 ns, At safepoint: 2500 ns, Total: 50001 ns
[203.596s][info ][safepoint      ] Safepoint "Cleanup", Time since last: 5000366226 ns, Reaching safepoint: 47101 ns, At safepoint: 3700 ns, Total: 50801 ns
[225.597s][info ][safepoint      ] Safepoint "Cleanup", Time since last: 22001371187 ns, Reaching safepoint: 68001 ns, At safepoint: 9301 ns, Total: 77302 ns
[226.597s][info ][safepoint      ] Safepoint "Cleanup", Time since last: 1000112862 ns, Reaching safepoint: 55902 ns, At safepoint: 6200 ns, Total: 62102 ns
[228.598s][info ][safepoint      ] Safepoint "Cleanup", Time since last: 2000172419 ns, Reaching safepoint: 49001 ns, At safepoint: 8700 ns, Total: 57701 ns
[241.598s][info ][safepoint      ] Safepoint "Cleanup", Time since last: 13000870502 ns, Reaching safepoint: 40801 ns, At safepoint: 2200 ns, Total: 43001 ns
[254.599s][info ][safepoint      ] Safepoint "Cleanup", Time since last: 13000912825 ns, Reaching safepoint: 53001 ns, At safepoint: 2400 ns, Total: 55401 ns
[277.897s][info ][gc,start       ] GC(102) Pause Young (Allocation Failure)
[277.900s][debug][gc,phases      ] GC(102) Scavenge 2.740ms
[277.900s][debug][gc,ref         ] GC(102) Skipped phase 1 of Reference Processing: no references
[277.900s][debug][gc,ref         ] GC(102) ReferenceProcessor::execute queues: 1, RefProcThreadModel::Single, marks_oops_alive: false
[277.900s][debug][gc,ref         ] GC(102) Skipped phase 3 of Reference Processing: no references
[277.900s][debug][gc,ref         ] GC(102) Skipped phase 4 of Reference Processing: no references
[277.900s][debug][gc,phases      ] GC(102) Reference Processing 0.114ms
[277.900s][debug][gc,phases      ] GC(102)   VM Weak                        Min:  0.0, Avg:  0.0, Max:  0.0, Diff:  0.0, Sum:  0.0, Workers: 4
[277.900s][debug][gc,phases      ] GC(102)     Dead                           Min: 0, Avg:  0.0, Max: 0, Diff: 0, Sum: 0, Workers: 4
[277.900s][debug][gc,phases      ] GC(102)     Total                          Min: 0, Avg: 155.8, Max: 384, Diff: 384, Sum: 623, Workers: 4
[277.900s][debug][gc,phases      ] GC(102)   ObjectSynchronizer Weak        Min:  0.0, Avg:  0.0, Max:  0.0, Diff:  0.0, Sum:  0.0, Workers: 4
[277.900s][debug][gc,phases      ] GC(102)     Dead                           Min: 0, Avg:  0.0, Max: 0, Diff: 0, Sum: 0, Workers: 4
[277.900s][debug][gc,phases      ] GC(102)     Total                          Min: 0, Avg: 95.0, Max: 192, Diff: 192, Sum: 380, Workers: 4
[277.900s][debug][gc,phases      ] GC(102)   JVMTI Tag Weak OopStorage      Min:  0.0, Avg:  0.0, Max:  0.0, Diff:  0.0, Sum:  0.0, Workers: 4
[277.900s][debug][gc,phases      ] GC(102)     Dead                           Min: 0, Avg:  0.0, Max: 0, Diff: 0, Sum: 0, Workers: 4
[277.900s][debug][gc,phases      ] GC(102)     Total                          Min: 0, Avg:  0.0, Max: 0, Diff: 0, Sum: 0, Workers: 4
[277.900s][debug][gc,phases      ] GC(102)   StringTable Weak               Min:  0.1, Avg:  0.1, Max:  0.1, Diff:  0.0, Sum:  0.4, Workers: 4
[277.900s][debug][gc,phases      ] GC(102)     Dead                           Min: 0, Avg:  0.0, Max: 0, Diff: 0, Sum: 0, Workers: 4
[277.900s][debug][gc,phases      ] GC(102)     Total                          Min: 9600, Avg: 11061.5, Max: 11990, Diff: 2390, Sum: 44246, Workers: 4
[277.900s][debug][gc,phases      ] GC(102)   ResolvedMethodTable Weak       Min:  0.0, Avg:  0.0, Max:  0.0, Diff:  0.0, Sum:  0.1, Workers: 4
[277.900s][debug][gc,phases      ] GC(102)     Dead                           Min: 0, Avg:  0.0, Max: 0, Diff: 0, Sum: 0, Workers: 4
[277.900s][debug][gc,phases      ] GC(102)     Total                          Min: 1615, Avg: 1955.5, Max: 2175, Diff: 560, Sum: 7822, Workers: 4
[277.900s][debug][gc,phases      ] GC(102)   JNI Weak                       Min:  0.0, Avg:  0.0, Max:  0.0, Diff:  0.0, Sum:  0.0, Workers: 4
[277.900s][debug][gc,phases      ] GC(102)     Dead                           Min: 0, Avg:  0.0, Max: 0, Diff: 0, Sum: 0, Workers: 4
[277.900s][debug][gc,phases      ] GC(102)     Total                          Min: 0, Avg:  0.0, Max: 0, Diff: 0, Sum: 0, Workers: 4
[277.900s][debug][gc,phases      ] GC(102)   StringDedup Table Weak         Min:  0.0, Avg:  0.0, Max:  0.0, Diff:  0.0, Sum:  0.0, Workers: 4
[277.900s][debug][gc,phases      ] GC(102)     Dead                           Min: 0, Avg:  0.0, Max: 0, Diff: 0, Sum: 0, Workers: 4
[277.900s][debug][gc,phases      ] GC(102)     Total                          Min: 0, Avg:  0.0, Max: 0, Diff: 0, Sum: 0, Workers: 4
[277.900s][debug][gc,phases      ] GC(102)   StringDedup Requests0 Weak     Min:  0.0, Avg:  0.0, Max:  0.0, Diff:  0.0, Sum:  0.0, Workers: 4
[277.900s][debug][gc,phases      ] GC(102)     Dead                           Min: 0, Avg:  0.0, Max: 0, Diff: 0, Sum: 0, Workers: 4
[277.900s][debug][gc,phases      ] GC(102)     Total                          Min: 0, Avg:  0.0, Max: 0, Diff: 0, Sum: 0, Workers: 4
[277.900s][debug][gc,phases      ] GC(102)   StringDedup Requests1 Weak     Min:  0.0, Avg:  0.0, Max:  0.0, Diff:  0.0, Sum:  0.0, Workers: 4
[277.900s][debug][gc,phases      ] GC(102)     Dead                           Min: 0, Avg:  0.0, Max: 0, Diff: 0, Sum: 0, Workers: 4
[277.900s][debug][gc,phases      ] GC(102)     Total                          Min: 0, Avg:  0.0, Max: 0, Diff: 0, Sum: 0, Workers: 4
[277.900s][debug][gc,phases      ] GC(102)   Weak JFR Old Object Samples    Min:  0.0, Avg:  0.0, Max:  0.0, Diff:  0.0, Sum:  0.0, Workers: 4
[277.900s][debug][gc,phases      ] GC(102)     Dead                           Min: 0, Avg:  0.0, Max: 0, Diff: 0, Sum: 0, Workers: 4
[277.900s][debug][gc,phases      ] GC(102)     Total                          Min: 0, Avg:  0.0, Max: 0, Diff: 0, Sum: 0, Workers: 4
[277.900s][debug][gc,phases      ] GC(102) Weak Processing 0.297ms
[277.900s][debug][gc,age         ] GC(102) Desired survivor size 62390272 bytes, new threshold 15 (max threshold 15)
[277.900s][info ][gc,heap        ] GC(102) PSYoungGen: 1967552K(2029056K)->4512K(2036224K) Eden: 1963008K(1963008K)->0K(1972736K) From: 4544K(66048K)->4512K(63488K)
[277.900s][info ][gc,heap        ] GC(102) ParOldGen: 338138K(401920K)->338146K(401920K)
[277.900s][info ][gc,metaspace   ] GC(102) Metaspace: 73736K(74560K)->73736K(74560K) NonClass: 63101K(63552K)->63101K(63552K) Class: 10635K(11008K)->10635K(11008K)
[277.901s][info ][gc             ] GC(102) Pause Young (Allocation Failure) 2251M->334M(2381M) 3.272ms
[277.901s][info ][gc,cpu         ] GC(102) User=0.02s Sys=0.00s Real=0.00s
[277.901s][info ][safepoint      ] Safepoint "ParallelGCFailedAllocation", Time since last: 23297698459 ns, Reaching safepoint: 37601 ns, At safepoint: 3347082 ns, Total: 3384683 ns
[301.902s][info ][safepoint      ] Safepoint "Cleanup", Time since last: 24001520527 ns, Reaching safepoint: 50701 ns, At safepoint: 3500 ns, Total: 54201 ns
[303.902s][info ][safepoint      ] Safepoint "Cleanup", Time since last: 2000173882 ns, Reaching safepoint: 49001 ns, At safepoint: 5500 ns, Total: 54501 ns
[319.857s][info ][safepoint      ] Safepoint "Cleanup", Time since last: 15954594400 ns, Reaching safepoint: 41601 ns, At safepoint: 8700 ns, Total: 50301 ns
[320.179s][info ][safepoint      ] Safepoint "ICBufferFull", Time since last: 322101164 ns, Reaching safepoint: 192805 ns, At safepoint: 6900 ns, Total: 199705 ns
[320.409s][info ][safepoint      ] Safepoint "ICBufferFull", Time since last: 229101893 ns, Reaching safepoint: 211605 ns, At safepoint: 11101 ns, Total: 222706 ns
[320.538s][info ][safepoint      ] Safepoint "ICBufferFull", Time since last: 128884546 ns, Reaching safepoint: 193405 ns, At safepoint: 2500 ns, Total: 195905 ns
[320.975s][info ][safepoint      ] Safepoint "ICBufferFull", Time since last: 437286175 ns, Reaching safepoint: 288008 ns, At safepoint: 9800 ns, Total: 297808 ns
[321.143s][info ][safepoint      ] Safepoint "ICBufferFull", Time since last: 167456388 ns, Reaching safepoint: 197104 ns, At safepoint: 5801 ns, Total: 202905 ns
[321.279s][info ][safepoint      ] Safepoint "ICBufferFull", Time since last: 135522108 ns, Reaching safepoint: 234306 ns, At safepoint: 13800 ns, Total: 248106 ns
[321.390s][info ][safepoint      ] Safepoint "ICBufferFull", Time since last: 111313617 ns, Reaching safepoint: 275307 ns, At safepoint: 15201 ns, Total: 290508 ns
[321.390s][info ][safepoint      ] Safepoint "ICBufferFull", Time since last: 61501 ns, Reaching safepoint: 91402 ns, At safepoint: 13701 ns, Total: 105103 ns
[321.714s][info ][safepoint      ] Safepoint "ParallelGCFailedAllocation", Time since last: 322965984 ns, Reaching safepoint: 183004 ns, At safepoint: 21801 ns, Total: 204805 ns
[321.714s][info ][gc,start       ] GC(103) Pause Young (GCLocker Initiated GC)
[321.730s][debug][gc,phases      ] GC(103) Scavenge 16.168ms
[321.730s][debug][gc,ref         ] GC(103) Skipped phase 1 of Reference Processing: no references
[321.730s][debug][gc,ref         ] GC(103) ReferenceProcessor::execute queues: 1, RefProcThreadModel::Single, marks_oops_alive: false
[321.730s][debug][gc,ref         ] GC(103) Skipped phase 3 of Reference Processing: no references
[321.730s][debug][gc,ref         ] GC(103) ReferenceProcessor::execute queues: 1, RefProcThreadModel::Single, marks_oops_alive: false
[321.730s][debug][gc,phases      ] GC(103) Reference Processing 0.189ms
[321.730s][debug][gc,phases      ] GC(103)   VM Weak                        Min:  0.0, Avg:  0.0, Max:  0.0, Diff:  0.0, Sum:  0.0, Workers: 4
[321.730s][debug][gc,phases      ] GC(103)     Dead                           Min: 0, Avg:  0.0, Max: 0, Diff: 0, Sum: 0, Workers: 4
[321.730s][debug][gc,phases      ] GC(103)     Total                          Min: 0, Avg: 167.2, Max: 669, Diff: 669, Sum: 669, Workers: 4
[321.730s][debug][gc,phases      ] GC(103)   ObjectSynchronizer Weak        Min:  0.0, Avg:  0.0, Max:  0.0, Diff:  0.0, Sum:  0.0, Workers: 4
[321.730s][debug][gc,phases      ] GC(103)     Dead                           Min: 0, Avg:  0.8, Max: 3, Diff: 3, Sum: 3, Workers: 4
[321.731s][debug][gc,phases      ] GC(103)     Total                          Min: 0, Avg: 97.0, Max: 388, Diff: 388, Sum: 388, Workers: 4
[321.731s][debug][gc,phases      ] GC(103)   JVMTI Tag Weak OopStorage      Min:  0.0, Avg:  0.0, Max:  0.0, Diff:  0.0, Sum:  0.0, Workers: 4
[321.731s][debug][gc,phases      ] GC(103)     Dead                           Min: 0, Avg:  0.0, Max: 0, Diff: 0, Sum: 0, Workers: 4
[321.731s][debug][gc,phases      ] GC(103)     Total                          Min: 0, Avg:  0.0, Max: 0, Diff: 0, Sum: 0, Workers: 4
[321.731s][debug][gc,phases      ] GC(103)   StringTable Weak               Min:  0.1, Avg:  0.1, Max:  0.1, Diff:  0.0, Sum:  0.5, Workers: 4
[321.731s][debug][gc,phases      ] GC(103)     Dead                           Min: 0, Avg:  1.5, Max: 2, Diff: 2, Sum: 6, Workers: 4
[321.731s][debug][gc,phases      ] GC(103)     Total                          Min: 10879, Avg: 11750.8, Max: 13696, Diff: 2817, Sum: 47003, Workers: 4
[321.731s][debug][gc,phases      ] GC(103)   ResolvedMethodTable Weak       Min:  0.0, Avg:  0.0, Max:  0.0, Diff:  0.0, Sum:  0.1, Workers: 4
[321.731s][debug][gc,phases      ] GC(103)     Dead                           Min: 4, Avg: 20.0, Max: 33, Diff: 29, Sum: 80, Workers: 4
[321.731s][debug][gc,phases      ] GC(103)     Total                          Min: 1535, Avg: 2071.8, Max: 2432, Diff: 897, Sum: 8287, Workers: 4
[321.731s][debug][gc,phases      ] GC(103)   JNI Weak                       Min:  0.0, Avg:  0.0, Max:  0.0, Diff:  0.0, Sum:  0.0, Workers: 4
[321.731s][debug][gc,phases      ] GC(103)     Dead                           Min: 0, Avg:  0.0, Max: 0, Diff: 0, Sum: 0, Workers: 4
[321.731s][debug][gc,phases      ] GC(103)     Total                          Min: 0, Avg: 16.5, Max: 50, Diff: 50, Sum: 66, Workers: 4
[321.731s][debug][gc,phases      ] GC(103)   StringDedup Table Weak         Min:  0.0, Avg:  0.0, Max:  0.0, Diff:  0.0, Sum:  0.0, Workers: 4
[321.731s][debug][gc,phases      ] GC(103)     Dead                           Min: 0, Avg:  0.0, Max: 0, Diff: 0, Sum: 0, Workers: 4
[321.731s][debug][gc,phases      ] GC(103)     Total                          Min: 0, Avg:  0.0, Max: 0, Diff: 0, Sum: 0, Workers: 4
[321.731s][debug][gc,phases      ] GC(103)   StringDedup Requests0 Weak     Min:  0.0, Avg:  0.0, Max:  0.0, Diff:  0.0, Sum:  0.0, Workers: 4
[321.731s][debug][gc,phases      ] GC(103)     Dead                           Min: 0, Avg:  0.0, Max: 0, Diff: 0, Sum: 0, Workers: 4
[321.731s][debug][gc,phases      ] GC(103)     Total                          Min: 0, Avg:  0.0, Max: 0, Diff: 0, Sum: 0, Workers: 4
[321.731s][debug][gc,phases      ] GC(103)   StringDedup Requests1 Weak     Min:  0.0, Avg:  0.0, Max:  0.0, Diff:  0.0, Sum:  0.0, Workers: 4
[321.731s][debug][gc,phases      ] GC(103)     Dead                           Min: 0, Avg:  0.0, Max: 0, Diff: 0, Sum: 0, Workers: 4
[321.731s][debug][gc,phases      ] GC(103)     Total                          Min: 0, Avg:  0.0, Max: 0, Diff: 0, Sum: 0, Workers: 4
[321.731s][debug][gc,phases      ] GC(103)   Weak JFR Old Object Samples    Min:  0.0, Avg:  0.0, Max:  0.0, Diff:  0.0, Sum:  0.0, Workers: 4
[321.731s][debug][gc,phases      ] GC(103)     Dead                           Min: 0, Avg:  0.0, Max: 0, Diff: 0, Sum: 0, Workers: 4
[321.731s][debug][gc,phases      ] GC(103)     Total                          Min: 0, Avg:  0.0, Max: 0, Diff: 0, Sum: 0, Workers: 4
[321.731s][debug][gc,phases      ] GC(103) Weak Processing 0.377ms
[321.731s][debug][gc,age         ] GC(103) Desired survivor size 71303168 bytes, new threshold 15 (max threshold 15)
[321.731s][info ][gc,heap        ] GC(103) PSYoungGen: 1977248K(2036224K)->51929K(2019840K) Eden: 1972736K(1972736K)->0K(1967616K) From: 4512K(63488K)->51929K(52224K)
[321.731s][info ][gc,heap        ] GC(103) ParOldGen: 338147K(401920K)->338155K(401920K)
[321.731s][info ][gc,metaspace   ] GC(103) Metaspace: 80293K(81088K)->80293K(81088K) NonClass: 68812K(69248K)->68812K(69248K) Class: 11480K(11840K)->11480K(11840K)
[321.731s][info ][gc             ] GC(103) Pause Young (GCLocker Initiated GC) 2261M->380M(2365M) 16.845ms
[321.731s][info ][gc,cpu         ] GC(103) User=0.06s Sys=0.00s Real=0.01s
[321.731s][info ][safepoint      ] Safepoint "ParallelGCSystemGC", Time since last: 57901 ns, Reaching safepoint: 86802 ns, At safepoint: 16930514 ns, Total: 17017316 ns
[322.731s][info ][safepoint      ] Safepoint "Cleanup", Time since last: 1000093513 ns, Reaching safepoint: 268106 ns, At safepoint: 13401 ns, Total: 281507 ns
[323.115s][info ][gc,start       ] GC(104) Pause Young (Allocation Failure)
[323.146s][debug][gc,phases      ] GC(104) Scavenge 30.651ms
[323.146s][debug][gc,ref         ] GC(104) Skipped phase 1 of Reference Processing: no references
[323.146s][debug][gc,ref         ] GC(104) ReferenceProcessor::execute queues: 1, RefProcThreadModel::Single, marks_oops_alive: false
[323.146s][debug][gc,ref         ] GC(104) Skipped phase 3 of Reference Processing: no references
[323.146s][debug][gc,ref         ] GC(104) ReferenceProcessor::execute queues: 1, RefProcThreadModel::Single, marks_oops_alive: false
[323.146s][debug][gc,phases      ] GC(104) Reference Processing 0.145ms
[323.147s][debug][gc,phases      ] GC(104)   VM Weak                        Min:  0.0, Avg:  0.0, Max:  0.0, Diff:  0.0, Sum:  0.0, Workers: 4
[323.147s][debug][gc,phases      ] GC(104)     Dead                           Min: 0, Avg:  0.0, Max: 0, Diff: 0, Sum: 0, Workers: 4
[323.147s][debug][gc,phases      ] GC(104)     Total                          Min: 0, Avg: 167.2, Max: 512, Diff: 512, Sum: 669, Workers: 4
[323.147s][debug][gc,phases      ] GC(104)   ObjectSynchronizer Weak        Min:  0.0, Avg:  0.0, Max:  0.0, Diff:  0.0, Sum:  0.0, Workers: 4
[323.147s][debug][gc,phases      ] GC(104)     Dead                           Min: 0, Avg:  0.0, Max: 0, Diff: 0, Sum: 0, Workers: 4
[323.147s][debug][gc,phases      ] GC(104)     Total                          Min: 64, Avg: 97.0, Max: 128, Diff: 64, Sum: 388, Workers: 4
[323.147s][debug][gc,phases      ] GC(104)   JVMTI Tag Weak OopStorage      Min:  0.0, Avg:  0.0, Max:  0.0, Diff:  0.0, Sum:  0.0, Workers: 4
[323.147s][debug][gc,phases      ] GC(104)     Dead                           Min: 0, Avg:  0.0, Max: 0, Diff: 0, Sum: 0, Workers: 4
[323.147s][debug][gc,phases      ] GC(104)     Total                          Min: 0, Avg:  0.0, Max: 0, Diff: 0, Sum: 0, Workers: 4
[323.147s][debug][gc,phases      ] GC(104)   StringTable Weak               Min:  0.1, Avg:  0.1, Max:  0.1, Diff:  0.0, Sum:  0.6, Workers: 4
[323.147s][debug][gc,phases      ] GC(104)     Dead                           Min: 0, Avg:  0.0, Max: 0, Diff: 0, Sum: 0, Workers: 4
[323.147s][debug][gc,phases      ] GC(104)     Total                          Min: 10623, Avg: 11758.5, Max: 12800, Diff: 2177, Sum: 47034, Workers: 4
[323.147s][debug][gc,phases      ] GC(104)   ResolvedMethodTable Weak       Min:  0.0, Avg:  0.0, Max:  0.0, Diff:  0.0, Sum:  0.1, Workers: 4
[323.147s][debug][gc,phases      ] GC(104)     Dead                           Min: 0, Avg:  0.0, Max: 0, Diff: 0, Sum: 0, Workers: 4
[323.147s][debug][gc,phases      ] GC(104)     Total                          Min: 1861, Avg: 1995.2, Max: 2270, Diff: 409, Sum: 7981, Workers: 4
[323.147s][debug][gc,phases      ] GC(104)   JNI Weak                       Min:  0.0, Avg:  0.0, Max:  0.0, Diff:  0.0, Sum:  0.0, Workers: 4
[323.147s][debug][gc,phases      ] GC(104)     Dead                           Min: 0, Avg:  0.0, Max: 0, Diff: 0, Sum: 0, Workers: 4
[323.147s][debug][gc,phases      ] GC(104)     Total                          Min: 0, Avg:  3.0, Max: 12, Diff: 12, Sum: 12, Workers: 4
[323.147s][debug][gc,phases      ] GC(104)   StringDedup Table Weak         Min:  0.0, Avg:  0.0, Max:  0.0, Diff:  0.0, Sum:  0.0, Workers: 4
[323.147s][debug][gc,phases      ] GC(104)     Dead                           Min: 0, Avg:  0.0, Max: 0, Diff: 0, Sum: 0, Workers: 4
[323.147s][debug][gc,phases      ] GC(104)     Total                          Min: 0, Avg:  0.0, Max: 0, Diff: 0, Sum: 0, Workers: 4
[323.147s][debug][gc,phases      ] GC(104)   StringDedup Requests0 Weak     Min:  0.0, Avg:  0.0, Max:  0.0, Diff:  0.0, Sum:  0.0, Workers: 4
[323.147s][debug][gc,phases      ] GC(104)     Dead                           Min: 0, Avg:  0.0, Max: 0, Diff: 0, Sum: 0, Workers: 4
[323.147s][debug][gc,phases      ] GC(104)     Total                          Min: 0, Avg:  0.0, Max: 0, Diff: 0, Sum: 0, Workers: 4
[323.147s][debug][gc,phases      ] GC(104)   StringDedup Requests1 Weak     Min:  0.0, Avg:  0.0, Max:  0.0, Diff:  0.0, Sum:  0.0, Workers: 4
[323.147s][debug][gc,phases      ] GC(104)     Dead                           Min: 0, Avg:  0.0, Max: 0, Diff: 0, Sum: 0, Workers: 4
[323.147s][debug][gc,phases      ] GC(104)     Total                          Min: 0, Avg:  0.0, Max: 0, Diff: 0, Sum: 0, Workers: 4
[323.147s][debug][gc,phases      ] GC(104)   Weak JFR Old Object Samples    Min:  0.0, Avg:  0.0, Max:  0.0, Diff:  0.0, Sum:  0.0, Workers: 4
[323.147s][debug][gc,phases      ] GC(104)     Dead                           Min: 0, Avg:  0.0, Max: 0, Diff: 0, Sum: 0, Workers: 4
[323.147s][debug][gc,phases      ] GC(104)     Total                          Min: 0, Avg:  0.0, Max: 0, Diff: 0, Sum: 0, Workers: 4
[323.147s][debug][gc,phases      ] GC(104) Weak Processing 0.365ms
[323.147s][debug][gc,age         ] GC(104) Desired survivor size 91750400 bytes, new threshold 14 (max threshold 15)
[323.147s][info ][gc,heap        ] GC(104) PSYoungGen: 2019545K(2019840K)->69600K(1987584K) Eden: 1967616K(1967616K)->0K(1917952K) From: 51929K(52224K)->69600K(69632K)
[323.147s][info ][gc,heap        ] GC(104) ParOldGen: 338156K(401920K)->354256K(401920K)
[323.147s][info ][gc,metaspace   ] GC(104) Metaspace: 80409K(81280K)->80409K(81280K) NonClass: 68921K(69376K)->68921K(69376K) Class: 11487K(11904K)->11487K(11904K)
[323.147s][info ][gc             ] GC(104) Pause Young (Allocation Failure) 2302M->413M(2333M) 31.320ms
[323.147s][info ][gc,cpu         ] GC(104) User=0.16s Sys=0.00s Real=0.03s
[323.147s][info ][safepoint      ] Safepoint "ParallelGCFailedAllocation", Time since last: 384150377 ns, Reaching safepoint: 166704 ns, At safepoint: 31406466 ns, Total: 31573170 ns
[323.589s][info ][safepoint      ] Safepoint "ICBufferFull", Time since last: 441986789 ns, Reaching safepoint: 176904 ns, At safepoint: 16001 ns, Total: 192905 ns
[324.053s][info ][safepoint      ] Safepoint "ICBufferFull", Time since last: 464052226 ns, Reaching safepoint: 261507 ns, At safepoint: 7500 ns, Total: 269007 ns
[325.047s][info ][safepoint      ] Safepoint "ICBufferFull", Time since last: 993262043 ns, Reaching safepoint: 181205 ns, At safepoint: 10600 ns, Total: 191805 ns
[325.899s][info ][safepoint      ] Safepoint "ICBufferFull", Time since last: 851939092 ns, Reaching safepoint: 177305 ns, At safepoint: 8200 ns, Total: 185505 ns
[326.899s][info ][safepoint      ] Safepoint "Cleanup", Time since last: 1000129008 ns, Reaching safepoint: 155304 ns, At safepoint: 14200 ns, Total: 169504 ns
[327.899s][info ][safepoint      ] Safepoint "Cleanup", Time since last: 1000113307 ns, Reaching safepoint: 147503 ns, At safepoint: 35001 ns, Total: 182504 ns
[329.197s][info ][safepoint      ] Safepoint "ICBufferFull", Time since last: 1296954348 ns, Reaching safepoint: 204905 ns, At safepoint: 9800 ns, Total: 214705 ns
[330.307s][info ][safepoint      ] Safepoint "Cleanup", Time since last: 1109816580 ns, Reaching safepoint: 142104 ns, At safepoint: 8100 ns, Total: 150204 ns
[331.307s][info ][safepoint      ] Safepoint "Cleanup", Time since last: 1000102501 ns, Reaching safepoint: 104303 ns, At safepoint: 9500 ns, Total: 113803 ns
[332.307s][info ][safepoint      ] Safepoint "Cleanup", Time since last: 1000103800 ns, Reaching safepoint: 83002 ns, At safepoint: 10400 ns, Total: 93402 ns
[333.307s][info ][safepoint      ] Safepoint "Cleanup", Time since last: 1000103199 ns, Reaching safepoint: 89002 ns, At safepoint: 7900 ns, Total: 96902 ns
[334.307s][info ][safepoint      ] Safepoint "Cleanup", Time since last: 1000104397 ns, Reaching safepoint: 90003 ns, At safepoint: 9300 ns, Total: 99303 ns
[335.308s][info ][safepoint      ] Safepoint "Cleanup", Time since last: 1000120296 ns, Reaching safepoint: 67702 ns, At safepoint: 9500 ns, Total: 77202 ns
[336.308s][info ][safepoint      ] Safepoint "Cleanup", Time since last: 1000105094 ns, Reaching safepoint: 138704 ns, At safepoint: 9300 ns, Total: 148004 ns
[336.471s][info ][gc,start       ] GC(105) Pause Young (Allocation Failure)
[336.492s][debug][gc,phases      ] GC(105) Scavenge 21.048ms
[336.492s][debug][gc,ref         ] GC(105) Skipped phase 1 of Reference Processing: no references
[336.492s][debug][gc,ref         ] GC(105) ReferenceProcessor::execute queues: 1, RefProcThreadModel::Single, marks_oops_alive: false
[336.492s][debug][gc,ref         ] GC(105) ReferenceProcessor::execute queues: 4, RefProcThreadModel::Multi, marks_oops_alive: true
[336.492s][debug][gc,ref         ] GC(105) ReferenceProcessor::execute queues: 1, RefProcThreadModel::Single, marks_oops_alive: false
[336.492s][debug][gc,phases      ] GC(105) Reference Processing 0.228ms
[336.492s][debug][gc,phases      ] GC(105)   VM Weak                        Min:  0.0, Avg:  0.0, Max:  0.0, Diff:  0.0, Sum:  0.0, Workers: 4
[336.492s][debug][gc,phases      ] GC(105)     Dead                           Min: 0, Avg:  0.0, Max: 0, Diff: 0, Sum: 0, Workers: 4
[336.492s][debug][gc,phases      ] GC(105)     Total                          Min: 0, Avg: 167.5, Max: 512, Diff: 512, Sum: 670, Workers: 4
[336.492s][debug][gc,phases      ] GC(105)   ObjectSynchronizer Weak        Min:  0.0, Avg:  0.0, Max:  0.0, Diff:  0.0, Sum:  0.0, Workers: 4
[336.492s][debug][gc,phases      ] GC(105)     Dead                           Min: 0, Avg:  0.0, Max: 0, Diff: 0, Sum: 0, Workers: 4
[336.492s][debug][gc,phases      ] GC(105)     Total                          Min: 0, Avg: 97.0, Max: 132, Diff: 132, Sum: 388, Workers: 4
[336.492s][debug][gc,phases      ] GC(105)   JVMTI Tag Weak OopStorage      Min:  0.0, Avg:  0.0, Max:  0.0, Diff:  0.0, Sum:  0.0, Workers: 4
[336.492s][debug][gc,phases      ] GC(105)     Dead                           Min: 0, Avg:  0.0, Max: 0, Diff: 0, Sum: 0, Workers: 4
[336.492s][debug][gc,phases      ] GC(105)     Total                          Min: 0, Avg:  0.0, Max: 0, Diff: 0, Sum: 0, Workers: 4
[336.492s][debug][gc,phases      ] GC(105)   StringTable Weak               Min:  0.1, Avg:  0.1, Max:  0.1, Diff:  0.0, Sum:  0.5, Workers: 4
[336.492s][debug][gc,phases      ] GC(105)     Dead                           Min: 0, Avg:  0.5, Max: 2, Diff: 2, Sum: 2, Workers: 4
[336.492s][debug][gc,phases      ] GC(105)     Total                          Min: 10240, Avg: 11823.2, Max: 13184, Diff: 2944, Sum: 47293, Workers: 4
[336.492s][debug][gc,phases      ] GC(105)   ResolvedMethodTable Weak       Min:  0.0, Avg:  0.0, Max:  0.0, Diff:  0.0, Sum:  0.1, Workers: 4
[336.492s][debug][gc,phases      ] GC(105)     Dead                           Min: 0, Avg:  0.0, Max: 0, Diff: 0, Sum: 0, Workers: 4
[336.492s][debug][gc,phases      ] GC(105)     Total                          Min: 1639, Avg: 2002.5, Max: 2523, Diff: 884, Sum: 8010, Workers: 4
[336.492s][debug][gc,phases      ] GC(105)   JNI Weak                       Min:  0.0, Avg:  0.0, Max:  0.0, Diff:  0.0, Sum:  0.0, Workers: 4
[336.492s][debug][gc,phases      ] GC(105)     Dead                           Min: 0, Avg:  0.0, Max: 0, Diff: 0, Sum: 0, Workers: 4
[336.492s][debug][gc,phases      ] GC(105)     Total                          Min: 0, Avg:  0.0, Max: 0, Diff: 0, Sum: 0, Workers: 4
[336.492s][debug][gc,phases      ] GC(105)   StringDedup Table Weak         Min:  0.0, Avg:  0.0, Max:  0.0, Diff:  0.0, Sum:  0.0, Workers: 4
[336.492s][debug][gc,phases      ] GC(105)     Dead                           Min: 0, Avg:  0.0, Max: 0, Diff: 0, Sum: 0, Workers: 4
[336.492s][debug][gc,phases      ] GC(105)     Total                          Min: 0, Avg:  0.0, Max: 0, Diff: 0, Sum: 0, Workers: 4
[336.492s][debug][gc,phases      ] GC(105)   StringDedup Requests0 Weak     Min:  0.0, Avg:  0.0, Max:  0.0, Diff:  0.0, Sum:  0.0, Workers: 4
[336.492s][debug][gc,phases      ] GC(105)     Dead                           Min: 0, Avg:  0.0, Max: 0, Diff: 0, Sum: 0, Workers: 4
[336.492s][debug][gc,phases      ] GC(105)     Total                          Min: 0, Avg:  0.0, Max: 0, Diff: 0, Sum: 0, Workers: 4
[336.492s][debug][gc,phases      ] GC(105)   StringDedup Requests1 Weak     Min:  0.0, Avg:  0.0, Max:  0.0, Diff:  0.0, Sum:  0.0, Workers: 4
[336.492s][debug][gc,phases      ] GC(105)     Dead                           Min: 0, Avg:  0.0, Max: 0, Diff: 0, Sum: 0, Workers: 4
[336.492s][debug][gc,phases      ] GC(105)     Total                          Min: 0, Avg:  0.0, Max: 0, Diff: 0, Sum: 0, Workers: 4
[336.492s][debug][gc,phases      ] GC(105)   Weak JFR Old Object Samples    Min:  0.0, Avg:  0.0, Max:  0.0, Diff:  0.0, Sum:  0.0, Workers: 4
[336.492s][debug][gc,phases      ] GC(105)     Dead                           Min: 0, Avg:  0.0, Max: 0, Diff: 0, Sum: 0, Workers: 4
[336.492s][debug][gc,phases      ] GC(105)     Total                          Min: 0, Avg:  0.0, Max: 0, Diff: 0, Sum: 0, Workers: 4
[336.492s][debug][gc,phases      ] GC(105) Weak Processing 0.364ms
[336.492s][debug][gc,age         ] GC(105) Desired survivor size 104857600 bytes, new threshold 15 (max threshold 15)
[336.492s][info ][gc,heap        ] GC(105) PSYoungGen: 1987552K(1987584K)->77348K(1995776K) Eden: 1917952K(1917952K)->0K(1917952K) From: 69600K(69632K)->77348K(77824K)
[336.492s][info ][gc,heap        ] GC(105) ParOldGen: 354256K(401920K)->354264K(401920K)
[336.492s][info ][gc,metaspace   ] GC(105) Metaspace: 80976K(81856K)->80976K(81856K) NonClass: 69467K(69952K)->69467K(69952K) Class: 11508K(11904K)->11508K(11904K)
[336.492s][info ][gc             ] GC(105) Pause Young (Allocation Failure) 2286M->421M(2341M) 21.785ms
[336.492s][info ][gc,cpu         ] GC(105) User=0.08s Sys=0.00s Real=0.03s
[336.493s][info ][safepoint      ] Safepoint "ParallelGCFailedAllocation", Time since last: 162688468 ns, Reaching safepoint: 49401 ns, At safepoint: 21866534 ns, Total: 21915935 ns
[337.493s][info ][safepoint      ] Safepoint "Cleanup", Time since last: 1000079892 ns, Reaching safepoint: 138003 ns, At safepoint: 9401 ns, Total: 147404 ns
[338.493s][info ][safepoint      ] Safepoint "Cleanup", Time since last: 1000105691 ns, Reaching safepoint: 153704 ns, At safepoint: 7900 ns, Total: 161604 ns
[339.493s][info ][safepoint      ] Safepoint "Cleanup", Time since last: 1000108690 ns, Reaching safepoint: 66202 ns, At safepoint: 8500 ns, Total: 74702 ns
[340.500s][info ][safepoint      ] Safepoint "Cleanup", Time since last: 1006874454 ns, Reaching safepoint: 177704 ns, At safepoint: 7000 ns, Total: 184704 ns
[341.500s][info ][safepoint      ] Safepoint "Cleanup", Time since last: 1000107788 ns, Reaching safepoint: 59101 ns, At safepoint: 7801 ns, Total: 66902 ns
[342.501s][info ][safepoint      ] Safepoint "Cleanup", Time since last: 1000109086 ns, Reaching safepoint: 59201 ns, At safepoint: 10900 ns, Total: 70101 ns
[343.501s][info ][safepoint      ] Safepoint "Cleanup", Time since last: 1000105885 ns, Reaching safepoint: 59602 ns, At safepoint: 7800 ns, Total: 67402 ns
[344.501s][info ][safepoint      ] Safepoint "Cleanup", Time since last: 1000105783 ns, Reaching safepoint: 59002 ns, At safepoint: 9300 ns, Total: 68302 ns
[345.501s][info ][safepoint      ] Safepoint "Cleanup", Time since last: 1000102482 ns, Reaching safepoint: 51001 ns, At safepoint: 7800 ns, Total: 58801 ns
[346.501s][info ][safepoint      ] Safepoint "Cleanup", Time since last: 1000108681 ns, Reaching safepoint: 75802 ns, At safepoint: 10600 ns, Total: 86402 ns
[347.501s][info ][safepoint      ] Safepoint "Cleanup", Time since last: 1000100779 ns, Reaching safepoint: 54902 ns, At safepoint: 5200 ns, Total: 60102 ns
[348.502s][info ][safepoint      ] Safepoint "Cleanup", Time since last: 1000105778 ns, Reaching safepoint: 49701 ns, At safepoint: 3800 ns, Total: 53501 ns
[349.502s][info ][safepoint      ] Safepoint "Cleanup", Time since last: 1000108077 ns, Reaching safepoint: 46101 ns, At safepoint: 3100 ns, Total: 49201 ns
[350.502s][info ][safepoint      ] Safepoint "Cleanup", Time since last: 1000110075 ns, Reaching safepoint: 62202 ns, At safepoint: 9300 ns, Total: 71502 ns
[351.502s][info ][safepoint      ] Safepoint "Cleanup", Time since last: 1000115874 ns, Reaching safepoint: 42501 ns, At safepoint: 2700 ns, Total: 45201 ns
[352.502s][info ][safepoint      ] Safepoint "Cleanup", Time since last: 1000105173 ns, Reaching safepoint: 62601 ns, At safepoint: 5201 ns, Total: 67802 ns
[353.502s][info ][safepoint      ] Safepoint "Cleanup", Time since last: 1000120271 ns, Reaching safepoint: 58602 ns, At safepoint: 9300 ns, Total: 67902 ns
[354.503s][info ][safepoint      ] Safepoint "Cleanup", Time since last: 1000109270 ns, Reaching safepoint: 50101 ns, At safepoint: 5600 ns, Total: 55701 ns
[355.503s][info ][safepoint      ] Safepoint "Cleanup", Time since last: 1000108169 ns, Reaching safepoint: 49401 ns, At safepoint: 8700 ns, Total: 58101 ns
[356.503s][info ][safepoint      ] Safepoint "Cleanup", Time since last: 1000105568 ns, Reaching safepoint: 48301 ns, At safepoint: 6100 ns, Total: 54401 ns
[357.503s][info ][safepoint      ] Safepoint "Cleanup", Time since last: 1000111866 ns, Reaching safepoint: 128103 ns, At safepoint: 13701 ns, Total: 141804 ns
[358.503s][info ][safepoint      ] Safepoint "Cleanup", Time since last: 1000117165 ns, Reaching safepoint: 66901 ns, At safepoint: 7600 ns, Total: 74501 ns
[359.491s][info ][gc,start       ] GC(106) Pause Young (Allocation Failure)
[359.513s][debug][gc,phases      ] GC(106) Scavenge 21.810ms
[359.513s][debug][gc,ref         ] GC(106) Skipped phase 1 of Reference Processing: no references
[359.513s][debug][gc,ref         ] GC(106) ReferenceProcessor::execute queues: 1, RefProcThreadModel::Single, marks_oops_alive: false
[359.513s][debug][gc,ref         ] GC(106) Skipped phase 3 of Reference Processing: no references
[359.513s][debug][gc,ref         ] GC(106) ReferenceProcessor::execute queues: 1, RefProcThreadModel::Single, marks_oops_alive: false
[359.513s][debug][gc,phases      ] GC(106) Reference Processing 0.149ms
[359.514s][debug][gc,phases      ] GC(106)   VM Weak                        Min:  0.0, Avg:  0.0, Max:  0.0, Diff:  0.0, Sum:  0.0, Workers: 4
[359.514s][debug][gc,phases      ] GC(106)     Dead                           Min: 0, Avg:  0.0, Max: 0, Diff: 0, Sum: 0, Workers: 4
[359.514s][debug][gc,phases      ] GC(106)     Total                          Min: 0, Avg: 167.5, Max: 350, Diff: 350, Sum: 670, Workers: 4
[359.514s][debug][gc,phases      ] GC(106)   ObjectSynchronizer Weak        Min:  0.0, Avg:  0.0, Max:  0.0, Diff:  0.0, Sum:  0.0, Workers: 4
[359.514s][debug][gc,phases      ] GC(106)     Dead                           Min: 0, Avg:  0.0, Max: 0, Diff: 0, Sum: 0, Workers: 4
[359.514s][debug][gc,phases      ] GC(106)     Total                          Min: 0, Avg: 97.0, Max: 256, Diff: 256, Sum: 388, Workers: 4
[359.514s][debug][gc,phases      ] GC(106)   JVMTI Tag Weak OopStorage      Min:  0.0, Avg:  0.0, Max:  0.0, Diff:  0.0, Sum:  0.0, Workers: 4
[359.514s][debug][gc,phases      ] GC(106)     Dead                           Min: 0, Avg:  0.0, Max: 0, Diff: 0, Sum: 0, Workers: 4
[359.514s][debug][gc,phases      ] GC(106)     Total                          Min: 0, Avg:  0.0, Max: 0, Diff: 0, Sum: 0, Workers: 4
[359.514s][debug][gc,phases      ] GC(106)   StringTable Weak               Min:  0.1, Avg:  0.1, Max:  0.1, Diff:  0.0, Sum:  0.6, Workers: 4
[359.514s][debug][gc,phases      ] GC(106)     Dead                           Min: 0, Avg:  0.0, Max: 0, Diff: 0, Sum: 0, Workers: 4
[359.514s][debug][gc,phases      ] GC(106)     Total                          Min: 10816, Avg: 11891.0, Max: 12800, Diff: 1984, Sum: 47564, Workers: 4
[359.514s][debug][gc,phases      ] GC(106)   ResolvedMethodTable Weak       Min:  0.0, Avg:  0.0, Max:  0.0, Diff:  0.0, Sum:  0.1, Workers: 4
[359.514s][debug][gc,phases      ] GC(106)     Dead                           Min: 0, Avg:  0.0, Max: 0, Diff: 0, Sum: 0, Workers: 4
[359.514s][debug][gc,phases      ] GC(106)     Total                          Min: 1752, Avg: 2002.5, Max: 2276, Diff: 524, Sum: 8010, Workers: 4
[359.514s][debug][gc,phases      ] GC(106)   JNI Weak                       Min:  0.0, Avg:  0.0, Max:  0.0, Diff:  0.0, Sum:  0.0, Workers: 4
[359.514s][debug][gc,phases      ] GC(106)     Dead                           Min: 0, Avg:  0.0, Max: 0, Diff: 0, Sum: 0, Workers: 4
[359.514s][debug][gc,phases      ] GC(106)     Total                          Min: 0, Avg:  0.0, Max: 0, Diff: 0, Sum: 0, Workers: 4
[359.514s][debug][gc,phases      ] GC(106)   StringDedup Table Weak         Min:  0.0, Avg:  0.0, Max:  0.0, Diff:  0.0, Sum:  0.0, Workers: 4
[359.514s][debug][gc,phases      ] GC(106)     Dead                           Min: 0, Avg:  0.0, Max: 0, Diff: 0, Sum: 0, Workers: 4
[359.514s][debug][gc,phases      ] GC(106)     Total                          Min: 0, Avg:  0.0, Max: 0, Diff: 0, Sum: 0, Workers: 4
[359.514s][debug][gc,phases      ] GC(106)   StringDedup Requests0 Weak     Min:  0.0, Avg:  0.0, Max:  0.0, Diff:  0.0, Sum:  0.0, Workers: 4
[359.514s][debug][gc,phases      ] GC(106)     Dead                           Min: 0, Avg:  0.0, Max: 0, Diff: 0, Sum: 0, Workers: 4
[359.514s][debug][gc,phases      ] GC(106)     Total                          Min: 0, Avg:  0.0, Max: 0, Diff: 0, Sum: 0, Workers: 4
[359.514s][debug][gc,phases      ] GC(106)   StringDedup Requests1 Weak     Min:  0.0, Avg:  0.0, Max:  0.0, Diff:  0.0, Sum:  0.0, Workers: 4
[359.514s][debug][gc,phases      ] GC(106)     Dead                           Min: 0, Avg:  0.0, Max: 0, Diff: 0, Sum: 0, Workers: 4
[359.514s][debug][gc,phases      ] GC(106)     Total                          Min: 0, Avg:  0.0, Max: 0, Diff: 0, Sum: 0, Workers: 4
[359.514s][debug][gc,phases      ] GC(106)   Weak JFR Old Object Samples    Min:  0.0, Avg:  0.0, Max:  0.0, Diff:  0.0, Sum:  0.0, Workers: 4
[359.514s][debug][gc,phases      ] GC(106)     Dead                           Min: 0, Avg:  0.0, Max: 0, Diff: 0, Sum: 0, Workers: 4
[359.514s][debug][gc,phases      ] GC(106)     Total                          Min: 0, Avg:  0.0, Max: 0, Diff: 0, Sum: 0, Workers: 4
[359.514s][debug][gc,phases      ] GC(106) Weak Processing 0.374ms
[359.514s][debug][gc,age         ] GC(106) Desired survivor size 114819072 bytes, new threshold 15 (max threshold 15)
[359.514s][info ][gc,heap        ] GC(106) PSYoungGen: 1995300K(1995776K)->77408K(1974272K) Eden: 1917952K(1917952K)->0K(1872896K) From: 77348K(77824K)->77408K(101376K)
[359.514s][info ][gc,heap        ] GC(106) ParOldGen: 354264K(401920K)->354272K(401920K)
[359.514s][info ][gc,metaspace   ] GC(106) Metaspace: 81114K(81984K)->81114K(81984K) NonClass: 69605K(70080K)->69605K(70080K) Class: 11508K(11904K)->11508K(11904K)
[359.514s][info ][gc             ] GC(106) Pause Young (Allocation Failure) 2294M->421M(2320M) 22.471ms
[359.514s][info ][gc,cpu         ] GC(106) User=0.08s Sys=0.00s Real=0.03s
[359.514s][info ][safepoint      ] Safepoint "ParallelGCFailedAllocation", Time since last: 987777263 ns, Reaching safepoint: 58602 ns, At safepoint: 22719653 ns, Total: 22778255 ns
[360.514s][info ][safepoint      ] Safepoint "Cleanup", Time since last: 1000066561 ns, Reaching safepoint: 49602 ns, At safepoint: 2700 ns, Total: 52302 ns
[361.514s][info ][safepoint      ] Safepoint "Cleanup", Time since last: 1000102160 ns, Reaching safepoint: 57102 ns, At safepoint: 4900 ns, Total: 62002 ns
[362.514s][info ][safepoint      ] Safepoint "Cleanup", Time since last: 1000107659 ns, Reaching safepoint: 45702 ns, At safepoint: 2200 ns, Total: 47902 ns
[363.877s][info ][safepoint      ] Safepoint "Cleanup", Time since last: 1362312179 ns, Reaching safepoint: 105103 ns, At safepoint: 11200 ns, Total: 116303 ns
[364.877s][info ][safepoint      ] Safepoint "Cleanup", Time since last: 1000110157 ns, Reaching safepoint: 52801 ns, At safepoint: 7800 ns, Total: 60601 ns
[365.877s][info ][safepoint      ] Safepoint "Cleanup", Time since last: 1000115055 ns, Reaching safepoint: 55002 ns, At safepoint: 7300 ns, Total: 62302 ns
[366.877s][info ][safepoint      ] Safepoint "Cleanup", Time since last: 1000113854 ns, Reaching safepoint: 44101 ns, At safepoint: 3200 ns, Total: 47301 ns
[367.918s][info ][safepoint      ] Safepoint "Cleanup", Time since last: 1040069826 ns, Reaching safepoint: 81502 ns, At safepoint: 11100 ns, Total: 92602 ns
[371.918s][info ][safepoint      ] Safepoint "Cleanup", Time since last: 4000297994 ns, Reaching safepoint: 57201 ns, At safepoint: 10800 ns, Total: 68001 ns
[373.710s][info ][safepoint      ] Safepoint "Cleanup", Time since last: 1791850019 ns, Reaching safepoint: 63602 ns, At safepoint: 6500 ns, Total: 70102 ns
[374.710s][info ][safepoint      ] Safepoint "Cleanup", Time since last: 1000107644 ns, Reaching safepoint: 62601 ns, At safepoint: 9200 ns, Total: 71801 ns
[376.710s][info ][safepoint      ] Safepoint "Cleanup", Time since last: 2000178583 ns, Reaching safepoint: 46601 ns, At safepoint: 6901 ns, Total: 53502 ns
[377.710s][info ][safepoint      ] Safepoint "Cleanup", Time since last: 1000106639 ns, Reaching safepoint: 45102 ns, At safepoint: 1900 ns, Total: 47002 ns
[378.710s][info ][safepoint      ] Safepoint "Cleanup", Time since last: 1000056637 ns, Reaching safepoint: 47001 ns, At safepoint: 8600 ns, Total: 55601 ns
[379.711s][info ][safepoint      ] Safepoint "Cleanup", Time since last: 1000109738 ns, Reaching safepoint: 46101 ns, At safepoint: 8200 ns, Total: 54301 ns
[380.711s][info ][safepoint      ] Safepoint "Cleanup", Time since last: 1000112837 ns, Reaching safepoint: 50701 ns, At safepoint: 7000 ns, Total: 57701 ns
[381.711s][info ][safepoint      ] Safepoint "Cleanup", Time since last: 1000105835 ns, Reaching safepoint: 59401 ns, At safepoint: 6800 ns, Total: 66201 ns
[381.943s][info ][gc,start       ] GC(107) Pause Young (Allocation Failure)
[381.961s][debug][gc,phases      ] GC(107) Scavenge 18.127ms
[381.961s][debug][gc,ref         ] GC(107) Skipped phase 1 of Reference Processing: no references
[381.962s][debug][gc,ref         ] GC(107) ReferenceProcessor::execute queues: 1, RefProcThreadModel::Single, marks_oops_alive: false
[381.962s][debug][gc,ref         ] GC(107) Skipped phase 3 of Reference Processing: no references
[381.962s][debug][gc,ref         ] GC(107) ReferenceProcessor::execute queues: 1, RefProcThreadModel::Single, marks_oops_alive: false
[381.962s][debug][gc,phases      ] GC(107) Reference Processing 0.150ms
[381.962s][debug][gc,phases      ] GC(107)   VM Weak                        Min:  0.0, Avg:  0.0, Max:  0.0, Diff:  0.0, Sum:  0.0, Workers: 4
[381.962s][debug][gc,phases      ] GC(107)     Dead                           Min: 0, Avg:  0.0, Max: 0, Diff: 0, Sum: 0, Workers: 4
[381.962s][debug][gc,phases      ] GC(107)     Total                          Min: 0, Avg: 167.5, Max: 478, Diff: 478, Sum: 670, Workers: 4
[381.962s][debug][gc,phases      ] GC(107)   ObjectSynchronizer Weak        Min:  0.0, Avg:  0.0, Max:  0.0, Diff:  0.0, Sum:  0.0, Workers: 4
[381.962s][debug][gc,phases      ] GC(107)     Dead                           Min: 0, Avg:  0.0, Max: 0, Diff: 0, Sum: 0, Workers: 4
[381.962s][debug][gc,phases      ] GC(107)     Total                          Min: 0, Avg: 97.0, Max: 196, Diff: 196, Sum: 388, Workers: 4
[381.962s][debug][gc,phases      ] GC(107)   JVMTI Tag Weak OopStorage      Min:  0.0, Avg:  0.0, Max:  0.0, Diff:  0.0, Sum:  0.0, Workers: 4
[381.962s][debug][gc,phases      ] GC(107)     Dead                           Min: 0, Avg:  0.0, Max: 0, Diff: 0, Sum: 0, Workers: 4
[381.962s][debug][gc,phases      ] GC(107)     Total                          Min: 0, Avg:  0.0, Max: 0, Diff: 0, Sum: 0, Workers: 4
[381.962s][debug][gc,phases      ] GC(107)   StringTable Weak               Min:  0.1, Avg:  0.1, Max:  0.1, Diff:  0.0, Sum:  0.6, Workers: 4
[381.962s][debug][gc,phases      ] GC(107)     Dead                           Min: 0, Avg:  0.0, Max: 0, Diff: 0, Sum: 0, Workers: 4
[381.962s][debug][gc,phases      ] GC(107)     Total                          Min: 11008, Avg: 11896.0, Max: 13248, Diff: 2240, Sum: 47584, Workers: 4
[381.962s][debug][gc,phases      ] GC(107)   ResolvedMethodTable Weak       Min:  0.0, Avg:  0.0, Max:  0.0, Diff:  0.0, Sum:  0.1, Workers: 4
[381.962s][debug][gc,phases      ] GC(107)     Dead                           Min: 0, Avg:  0.0, Max: 0, Diff: 0, Sum: 0, Workers: 4
[381.962s][debug][gc,phases      ] GC(107)     Total                          Min: 1876, Avg: 2002.5, Max: 2247, Diff: 371, Sum: 8010, Workers: 4
[381.962s][debug][gc,phases      ] GC(107)   JNI Weak                       Min:  0.0, Avg:  0.0, Max:  0.0, Diff:  0.0, Sum:  0.0, Workers: 4
[381.962s][debug][gc,phases      ] GC(107)     Dead                           Min: 0, Avg:  0.0, Max: 0, Diff: 0, Sum: 0, Workers: 4
[381.962s][debug][gc,phases      ] GC(107)     Total                          Min: 0, Avg:  0.0, Max: 0, Diff: 0, Sum: 0, Workers: 4
[381.962s][debug][gc,phases      ] GC(107)   StringDedup Table Weak         Min:  0.0, Avg:  0.0, Max:  0.0, Diff:  0.0, Sum:  0.0, Workers: 4
[381.962s][debug][gc,phases      ] GC(107)     Dead                           Min: 0, Avg:  0.0, Max: 0, Diff: 0, Sum: 0, Workers: 4
[381.962s][debug][gc,phases      ] GC(107)     Total                          Min: 0, Avg:  0.0, Max: 0, Diff: 0, Sum: 0, Workers: 4
[381.962s][debug][gc,phases      ] GC(107)   StringDedup Requests0 Weak     Min:  0.0, Avg:  0.0, Max:  0.0, Diff:  0.0, Sum:  0.0, Workers: 4
[381.962s][debug][gc,phases      ] GC(107)     Dead                           Min: 0, Avg:  0.0, Max: 0, Diff: 0, Sum: 0, Workers: 4
[381.962s][debug][gc,phases      ] GC(107)     Total                          Min: 0, Avg:  0.0, Max: 0, Diff: 0, Sum: 0, Workers: 4
[381.962s][debug][gc,phases      ] GC(107)   StringDedup Requests1 Weak     Min:  0.0, Avg:  0.0, Max:  0.0, Diff:  0.0, Sum:  0.0, Workers: 4
[381.962s][debug][gc,phases      ] GC(107)     Dead                           Min: 0, Avg:  0.0, Max: 0, Diff: 0, Sum: 0, Workers: 4
[381.962s][debug][gc,phases      ] GC(107)     Total                          Min: 0, Avg:  0.0, Max: 0, Diff: 0, Sum: 0, Workers: 4
[381.962s][debug][gc,phases      ] GC(107)   Weak JFR Old Object Samples    Min:  0.0, Avg:  0.0, Max:  0.0, Diff:  0.0, Sum:  0.0, Workers: 4
[381.962s][debug][gc,phases      ] GC(107)     Dead                           Min: 0, Avg:  0.0, Max: 0, Diff: 0, Sum: 0, Workers: 4
[381.962s][debug][gc,phases      ] GC(107)     Total                          Min: 0, Avg:  0.0, Max: 0, Diff: 0, Sum: 0, Workers: 4
[381.962s][debug][gc,phases      ] GC(107) Weak Processing 0.394ms
[381.962s][debug][gc,age         ] GC(107) Desired survivor size 123207680 bytes, new threshold 15 (max threshold 15)
[381.962s][info ][gc,heap        ] GC(107) PSYoungGen: 1950304K(1974272K)->77330K(1950720K) Eden: 1872896K(1872896K)->0K(1872896K) From: 77408K(101376K)->77330K(77824K)
[381.962s][info ][gc,heap        ] GC(107) ParOldGen: 354272K(401920K)->354272K(401920K)
[381.962s][info ][gc,metaspace   ] GC(107) Metaspace: 81138K(81984K)->81138K(81984K) NonClass: 69629K(70080K)->69629K(70080K) Class: 11508K(11904K)->11508K(11904K)
[381.962s][info ][gc             ] GC(107) Pause Young (Allocation Failure) 2250M->421M(2297M) 18.823ms
[381.962s][info ][gc,cpu         ] GC(107) User=0.08s Sys=0.00s Real=0.02s
[381.962s][info ][safepoint      ] Safepoint "ParallelGCFailedAllocation", Time since last: 232145749 ns, Reaching safepoint: 28301 ns, At safepoint: 18903560 ns, Total: 18931861 ns
[382.962s][info ][safepoint      ] Safepoint "Cleanup", Time since last: 1000082032 ns, Reaching safepoint: 42201 ns, At safepoint: 2300 ns, Total: 44501 ns
[383.962s][info ][safepoint      ] Safepoint "Cleanup", Time since last: 1000107933 ns, Reaching safepoint: 38901 ns, At safepoint: 2400 ns, Total: 41301 ns
[384.963s][info ][safepoint      ] Safepoint "Cleanup", Time since last: 1000110531 ns, Reaching safepoint: 47601 ns, At safepoint: 11400 ns, Total: 59001 ns
[385.963s][info ][safepoint      ] Safepoint "Cleanup", Time since last: 1000116730 ns, Reaching safepoint: 45901 ns, At safepoint: 2300 ns, Total: 48201 ns
[387.963s][info ][safepoint      ] Safepoint "Cleanup", Time since last: 2000175254 ns, Reaching safepoint: 42602 ns, At safepoint: 3000 ns, Total: 45602 ns
[388.963s][info ][safepoint      ] Safepoint "Cleanup", Time since last: 1000106225 ns, Reaching safepoint: 46402 ns, At safepoint: 6600 ns, Total: 53002 ns
[389.963s][info ][safepoint      ] Safepoint "Cleanup", Time since last: 1000106424 ns, Reaching safepoint: 44101 ns, At safepoint: 5401 ns, Total: 49502 ns
[390.963s][info ][safepoint      ] Safepoint "Cleanup", Time since last: 1000114123 ns, Reaching safepoint: 36501 ns, At safepoint: 6100 ns, Total: 42601 ns
[391.964s][info ][safepoint      ] Safepoint "Cleanup", Time since last: 1000111122 ns, Reaching safepoint: 42701 ns, At safepoint: 6401 ns, Total: 49102 ns
[392.964s][info ][safepoint      ] Safepoint "Cleanup", Time since last: 1000108021 ns, Reaching safepoint: 43501 ns, At safepoint: 6700 ns, Total: 50201 ns
[394.964s][info ][safepoint      ] Safepoint "Cleanup", Time since last: 2000140936 ns, Reaching safepoint: 47801 ns, At safepoint: 2600 ns, Total: 50401 ns
[395.964s][info ][safepoint      ] Safepoint "Cleanup", Time since last: 1000113618 ns, Reaching safepoint: 42201 ns, At safepoint: 3000 ns, Total: 45201 ns
[396.964s][info ][safepoint      ] Safepoint "Cleanup", Time since last: 1000104816 ns, Reaching safepoint: 46501 ns, At safepoint: 4900 ns, Total: 51401 ns
[397.964s][info ][safepoint      ] Safepoint "Cleanup", Time since last: 1000095015 ns, Reaching safepoint: 46601 ns, At safepoint: 2500 ns, Total: 49101 ns
[398.965s][info ][safepoint      ] Safepoint "Cleanup", Time since last: 1000114114 ns, Reaching safepoint: 50501 ns, At safepoint: 7600 ns, Total: 58101 ns
[399.965s][info ][safepoint      ] Safepoint "Cleanup", Time since last: 1000106012 ns, Reaching safepoint: 41401 ns, At safepoint: 7101 ns, Total: 48502 ns
[400.965s][info ][safepoint      ] Safepoint "Cleanup", Time since last: 1000099911 ns, Reaching safepoint: 42901 ns, At safepoint: 7800 ns, Total: 50701 ns
[401.965s][info ][safepoint      ] Safepoint "Cleanup", Time since last: 1000106110 ns, Reaching safepoint: 57701 ns, At safepoint: 6800 ns, Total: 64501 ns
[402.965s][info ][safepoint      ] Safepoint "Cleanup", Time since last: 1000107309 ns, Reaching safepoint: 43701 ns, At safepoint: 3900 ns, Total: 47601 ns
[403.965s][info ][safepoint      ] Safepoint "Cleanup", Time since last: 1000098108 ns, Reaching safepoint: 48101 ns, At safepoint: 3200 ns, Total: 51301 ns
[404.391s][info ][gc,start       ] GC(108) Pause Young (Allocation Failure)
[404.412s][debug][gc,phases      ] GC(108) Scavenge 20.734ms
[404.412s][debug][gc,ref         ] GC(108) Skipped phase 1 of Reference Processing: no references
[404.412s][debug][gc,ref         ] GC(108) ReferenceProcessor::execute queues: 1, RefProcThreadModel::Single, marks_oops_alive: false
[404.412s][debug][gc,ref         ] GC(108) Skipped phase 3 of Reference Processing: no references
[404.412s][debug][gc,ref         ] GC(108) ReferenceProcessor::execute queues: 1, RefProcThreadModel::Single, marks_oops_alive: false
[404.412s][debug][gc,phases      ] GC(108) Reference Processing 0.142ms
[404.412s][debug][gc,phases      ] GC(108)   VM Weak                        Min:  0.0, Avg:  0.0, Max:  0.0, Diff:  0.0, Sum:  0.0, Workers: 4
[404.412s][debug][gc,phases      ] GC(108)     Dead                           Min: 0, Avg:  0.0, Max: 0, Diff: 0, Sum: 0, Workers: 4
[404.412s][debug][gc,phases      ] GC(108)     Total                          Min: 0, Avg: 167.5, Max: 640, Diff: 640, Sum: 670, Workers: 4
[404.412s][debug][gc,phases      ] GC(108)   ObjectSynchronizer Weak        Min:  0.0, Avg:  0.0, Max:  0.0, Diff:  0.0, Sum:  0.0, Workers: 4
[404.412s][debug][gc,phases      ] GC(108)     Dead                           Min: 0, Avg:  0.0, Max: 0, Diff: 0, Sum: 0, Workers: 4
[404.412s][debug][gc,phases      ] GC(108)     Total                          Min: 0, Avg: 97.0, Max: 196, Diff: 196, Sum: 388, Workers: 4
[404.412s][debug][gc,phases      ] GC(108)   JVMTI Tag Weak OopStorage      Min:  0.0, Avg:  0.0, Max:  0.0, Diff:  0.0, Sum:  0.0, Workers: 4
[404.412s][debug][gc,phases      ] GC(108)     Dead                           Min: 0, Avg:  0.0, Max: 0, Diff: 0, Sum: 0, Workers: 4
[404.412s][debug][gc,phases      ] GC(108)     Total                          Min: 0, Avg:  0.0, Max: 0, Diff: 0, Sum: 0, Workers: 4
[404.412s][debug][gc,phases      ] GC(108)   StringTable Weak               Min:  0.1, Avg:  0.1, Max:  0.1, Diff:  0.0, Sum:  0.6, Workers: 4
[404.412s][debug][gc,phases      ] GC(108)     Dead                           Min: 0, Avg:  0.0, Max: 0, Diff: 0, Sum: 0, Workers: 4
[404.412s][debug][gc,phases      ] GC(108)     Total                          Min: 11392, Avg: 11897.2, Max: 12837, Diff: 1445, Sum: 47589, Workers: 4
[404.412s][debug][gc,phases      ] GC(108)   ResolvedMethodTable Weak       Min:  0.0, Avg:  0.0, Max:  0.0, Diff:  0.0, Sum:  0.1, Workers: 4
[404.412s][debug][gc,phases      ] GC(108)     Dead                           Min: 0, Avg:  0.0, Max: 0, Diff: 0, Sum: 0, Workers: 4
[404.412s][debug][gc,phases      ] GC(108)     Total                          Min: 1954, Avg: 2002.5, Max: 2077, Diff: 123, Sum: 8010, Workers: 4
[404.412s][debug][gc,phases      ] GC(108)   JNI Weak                       Min:  0.0, Avg:  0.0, Max:  0.0, Diff:  0.0, Sum:  0.0, Workers: 4
[404.412s][debug][gc,phases      ] GC(108)     Dead                           Min: 0, Avg:  0.0, Max: 0, Diff: 0, Sum: 0, Workers: 4
[404.412s][debug][gc,phases      ] GC(108)     Total                          Min: 0, Avg:  0.0, Max: 0, Diff: 0, Sum: 0, Workers: 4
[404.412s][debug][gc,phases      ] GC(108)   StringDedup Table Weak         Min:  0.0, Avg:  0.0, Max:  0.0, Diff:  0.0, Sum:  0.0, Workers: 4
[404.412s][debug][gc,phases      ] GC(108)     Dead                           Min: 0, Avg:  0.0, Max: 0, Diff: 0, Sum: 0, Workers: 4
[404.412s][debug][gc,phases      ] GC(108)     Total                          Min: 0, Avg:  0.0, Max: 0, Diff: 0, Sum: 0, Workers: 4
[404.412s][debug][gc,phases      ] GC(108)   StringDedup Requests0 Weak     Min:  0.0, Avg:  0.0, Max:  0.0, Diff:  0.0, Sum:  0.0, Workers: 4
[404.412s][debug][gc,phases      ] GC(108)     Dead                           Min: 0, Avg:  0.0, Max: 0, Diff: 0, Sum: 0, Workers: 4
[404.412s][debug][gc,phases      ] GC(108)     Total                          Min: 0, Avg:  0.0, Max: 0, Diff: 0, Sum: 0, Workers: 4
[404.412s][debug][gc,phases      ] GC(108)   StringDedup Requests1 Weak     Min:  0.0, Avg:  0.0, Max:  0.0, Diff:  0.0, Sum:  0.0, Workers: 4
[404.412s][debug][gc,phases      ] GC(108)     Dead                           Min: 0, Avg:  0.0, Max: 0, Diff: 0, Sum: 0, Workers: 4
[404.412s][debug][gc,phases      ] GC(108)     Total                          Min: 0, Avg:  0.0, Max: 0, Diff: 0, Sum: 0, Workers: 4
[404.412s][debug][gc,phases      ] GC(108)   Weak JFR Old Object Samples    Min:  0.0, Avg:  0.0, Max:  0.0, Diff:  0.0, Sum:  0.0, Workers: 4
[404.412s][debug][gc,phases      ] GC(108)     Dead                           Min: 0, Avg:  0.0, Max: 0, Diff: 0, Sum: 0, Workers: 4
[404.412s][debug][gc,phases      ] GC(108)     Total                          Min: 0, Avg:  0.0, Max: 0, Diff: 0, Sum: 0, Workers: 4
[404.412s][debug][gc,phases      ] GC(108) Weak Processing 0.363ms
[404.412s][debug][gc,age         ] GC(108) Desired survivor size 128974848 bytes, new threshold 15 (max threshold 15)
[404.412s][info ][gc,heap        ] GC(108) PSYoungGen: 1950226K(1950720K)->77284K(1965568K) Eden: 1872896K(1872896K)->0K(1845248K) From: 77330K(77824K)->77284K(120320K)
[404.412s][info ][gc,heap        ] GC(108) ParOldGen: 354272K(401920K)->354280K(401920K)
[404.412s][info ][gc,metaspace   ] GC(108) Metaspace: 81176K(82048K)->81176K(82048K) NonClass: 69667K(70144K)->69667K(70144K) Class: 11508K(11904K)->11508K(11904K)
[404.412s][info ][gc             ] GC(108) Pause Young (Allocation Failure) 2250M->421M(2312M) 21.374ms
[404.412s][info ][gc,cpu         ] GC(108) User=0.08s Sys=0.00s Real=0.03s
[404.412s][info ][safepoint      ] Safepoint "ParallelGCFailedAllocation", Time since last: 425548142 ns, Reaching safepoint: 52502 ns, At safepoint: 21453221 ns, Total: 21505723 ns
[405.412s][info ][safepoint      ] Safepoint "Cleanup", Time since last: 1000067305 ns, Reaching safepoint: 46201 ns, At safepoint: 7600 ns, Total: 53801 ns
[406.413s][info ][safepoint      ] Safepoint "Cleanup", Time since last: 1000107205 ns, Reaching safepoint: 51901 ns, At safepoint: 2900 ns, Total: 54801 ns
[407.413s][info ][safepoint      ] Safepoint "Cleanup", Time since last: 1000062002 ns, Reaching safepoint: 46802 ns, At safepoint: 2000 ns, Total: 48802 ns
[408.413s][info ][safepoint      ] Safepoint "Cleanup", Time since last: 1000120002 ns, Reaching safepoint: 42401 ns, At safepoint: 6900 ns, Total: 49301 ns
[409.413s][info ][safepoint      ] Safepoint "Cleanup", Time since last: 1000103201 ns, Reaching safepoint: 53502 ns, At safepoint: 8400 ns, Total: 61902 ns
[410.413s][info ][safepoint      ] Safepoint "Cleanup", Time since last: 1000105200 ns, Reaching safepoint: 68701 ns, At safepoint: 15401 ns, Total: 84102 ns
[411.413s][info ][safepoint      ] Safepoint "Cleanup", Time since last: 1000101198 ns, Reaching safepoint: 40601 ns, At safepoint: 2100 ns, Total: 42701 ns
[413.414s][info ][safepoint      ] Safepoint "Cleanup", Time since last: 2000167693 ns, Reaching safepoint: 38401 ns, At safepoint: 2200 ns, Total: 40601 ns
[415.414s][info ][safepoint      ] Safepoint "Cleanup", Time since last: 2000175888 ns, Reaching safepoint: 41801 ns, At safepoint: 2100 ns, Total: 43901 ns
[416.414s][info ][safepoint      ] Safepoint "Cleanup", Time since last: 1000106093 ns, Reaching safepoint: 29901 ns, At safepoint: 2500 ns, Total: 32401 ns
[417.414s][info ][safepoint      ] Safepoint "Cleanup", Time since last: 1000107891 ns, Reaching safepoint: 62502 ns, At safepoint: 6500 ns, Total: 69002 ns
[418.414s][info ][safepoint      ] Safepoint "Cleanup", Time since last: 1000116591 ns, Reaching safepoint: 43601 ns, At safepoint: 4900 ns, Total: 48501 ns
[419.414s][info ][safepoint      ] Safepoint "Cleanup", Time since last: 1000109189 ns, Reaching safepoint: 57602 ns, At safepoint: 3600 ns, Total: 61202 ns
[420.415s][info ][safepoint      ] Safepoint "Cleanup", Time since last: 1000110788 ns, Reaching safepoint: 36201 ns, At safepoint: 2300 ns, Total: 38501 ns
[421.415s][info ][safepoint      ] Safepoint "Cleanup", Time since last: 1000116087 ns, Reaching safepoint: 62001 ns, At safepoint: 9701 ns, Total: 71702 ns
[422.415s][info ][safepoint      ] Safepoint "Cleanup", Time since last: 1000113186 ns, Reaching safepoint: 51101 ns, At safepoint: 2800 ns, Total: 53901 ns
[423.415s][info ][safepoint      ] Safepoint "Cleanup", Time since last: 1000105185 ns, Reaching safepoint: 38500 ns, At safepoint: 2301 ns, Total: 40801 ns
[424.415s][info ][safepoint      ] Safepoint "Cleanup", Time since last: 1000063782 ns, Reaching safepoint: 49101 ns, At safepoint: 5200 ns, Total: 54301 ns
[425.415s][info ][safepoint      ] Safepoint "Cleanup", Time since last: 1000108383 ns, Reaching safepoint: 60301 ns, At safepoint: 8100 ns, Total: 68401 ns
[426.416s][info ][safepoint      ] Safepoint "Cleanup", Time since last: 1000107881 ns, Reaching safepoint: 42101 ns, At safepoint: 2101 ns, Total: 44202 ns
[426.542s][info ][gc,start       ] GC(109) Pause Young (Allocation Failure)
[426.563s][debug][gc,phases      ] GC(109) Scavenge 21.048ms
[426.563s][debug][gc,ref         ] GC(109) Skipped phase 1 of Reference Processing: no references
[426.564s][debug][gc,ref         ] GC(109) ReferenceProcessor::execute queues: 1, RefProcThreadModel::Single, marks_oops_alive: false
[426.564s][debug][gc,ref         ] GC(109) Skipped phase 3 of Reference Processing: no references
[426.564s][debug][gc,ref         ] GC(109) ReferenceProcessor::execute queues: 1, RefProcThreadModel::Single, marks_oops_alive: false
[426.564s][debug][gc,phases      ] GC(109) Reference Processing 0.151ms
[426.564s][debug][gc,phases      ] GC(109)   VM Weak                        Min:  0.0, Avg:  0.0, Max:  0.0, Diff:  0.0, Sum:  0.0, Workers: 4
[426.564s][debug][gc,phases      ] GC(109)     Dead                           Min: 0, Avg:  0.0, Max: 0, Diff: 0, Sum: 0, Workers: 4
[426.564s][debug][gc,phases      ] GC(109)     Total                          Min: 0, Avg: 167.5, Max: 414, Diff: 414, Sum: 670, Workers: 4
[426.564s][debug][gc,phases      ] GC(109)   ObjectSynchronizer Weak        Min:  0.0, Avg:  0.0, Max:  0.0, Diff:  0.0, Sum:  0.0, Workers: 4
[426.564s][debug][gc,phases      ] GC(109)     Dead                           Min: 0, Avg:  0.0, Max: 0, Diff: 0, Sum: 0, Workers: 4
[426.564s][debug][gc,phases      ] GC(109)     Total                          Min: 0, Avg: 97.0, Max: 196, Diff: 196, Sum: 388, Workers: 4
[426.564s][debug][gc,phases      ] GC(109)   JVMTI Tag Weak OopStorage      Min:  0.0, Avg:  0.0, Max:  0.0, Diff:  0.0, Sum:  0.0, Workers: 4
[426.564s][debug][gc,phases      ] GC(109)     Dead                           Min: 0, Avg:  0.0, Max: 0, Diff: 0, Sum: 0, Workers: 4
[426.564s][debug][gc,phases      ] GC(109)     Total                          Min: 0, Avg:  0.0, Max: 0, Diff: 0, Sum: 0, Workers: 4
[426.564s][debug][gc,phases      ] GC(109)   StringTable Weak               Min:  0.1, Avg:  0.1, Max:  0.1, Diff:  0.0, Sum:  0.5, Workers: 4
[426.564s][debug][gc,phases      ] GC(109)     Dead                           Min: 0, Avg:  0.0, Max: 0, Diff: 0, Sum: 0, Workers: 4
[426.564s][debug][gc,phases      ] GC(109)     Total                          Min: 10240, Avg: 11907.2, Max: 13069, Diff: 2829, Sum: 47629, Workers: 4
[426.564s][debug][gc,phases      ] GC(109)   ResolvedMethodTable Weak       Min:  0.0, Avg:  0.0, Max:  0.0, Diff:  0.0, Sum:  0.1, Workers: 4
[426.564s][debug][gc,phases      ] GC(109)     Dead                           Min: 0, Avg:  0.0, Max: 0, Diff: 0, Sum: 0, Workers: 4
[426.564s][debug][gc,phases      ] GC(109)     Total                          Min: 1821, Avg: 2002.5, Max: 2247, Diff: 426, Sum: 8010, Workers: 4
[426.564s][debug][gc,phases      ] GC(109)   JNI Weak                       Min:  0.0, Avg:  0.0, Max:  0.0, Diff:  0.0, Sum:  0.0, Workers: 4
[426.564s][debug][gc,phases      ] GC(109)     Dead                           Min: 0, Avg:  0.0, Max: 0, Diff: 0, Sum: 0, Workers: 4
[426.564s][debug][gc,phases      ] GC(109)     Total                          Min: 0, Avg:  0.0, Max: 0, Diff: 0, Sum: 0, Workers: 4
[426.564s][debug][gc,phases      ] GC(109)   StringDedup Table Weak         Min:  0.0, Avg:  0.0, Max:  0.0, Diff:  0.0, Sum:  0.0, Workers: 4
[426.564s][debug][gc,phases      ] GC(109)     Dead                           Min: 0, Avg:  0.0, Max: 0, Diff: 0, Sum: 0, Workers: 4
[426.564s][debug][gc,phases      ] GC(109)     Total                          Min: 0, Avg:  0.0, Max: 0, Diff: 0, Sum: 0, Workers: 4
[426.564s][debug][gc,phases      ] GC(109)   StringDedup Requests0 Weak     Min:  0.0, Avg:  0.0, Max:  0.0, Diff:  0.0, Sum:  0.0, Workers: 4
[426.564s][debug][gc,phases      ] GC(109)     Dead                           Min: 0, Avg:  0.0, Max: 0, Diff: 0, Sum: 0, Workers: 4
[426.564s][debug][gc,phases      ] GC(109)     Total                          Min: 0, Avg:  0.0, Max: 0, Diff: 0, Sum: 0, Workers: 4
[426.564s][debug][gc,phases      ] GC(109)   StringDedup Requests1 Weak     Min:  0.0, Avg:  0.0, Max:  0.0, Diff:  0.0, Sum:  0.0, Workers: 4
[426.564s][debug][gc,phases      ] GC(109)     Dead                           Min: 0, Avg:  0.0, Max: 0, Diff: 0, Sum: 0, Workers: 4
[426.564s][debug][gc,phases      ] GC(109)     Total                          Min: 0, Avg:  0.0, Max: 0, Diff: 0, Sum: 0, Workers: 4
[426.564s][debug][gc,phases      ] GC(109)   Weak JFR Old Object Samples    Min:  0.0, Avg:  0.0, Max:  0.0, Diff:  0.0, Sum:  0.0, Workers: 4
[426.564s][debug][gc,phases      ] GC(109)     Dead                           Min: 0, Avg:  0.0, Max: 0, Diff: 0, Sum: 0, Workers: 4
[426.564s][debug][gc,phases      ] GC(109)     Total                          Min: 0, Avg:  0.0, Max: 0, Diff: 0, Sum: 0, Workers: 4
[426.564s][debug][gc,phases      ] GC(109) Weak Processing 0.366ms
[426.564s][debug][gc,age         ] GC(109) Desired survivor size 133693440 bytes, new threshold 15 (max threshold 15)
[426.564s][info ][gc,heap        ] GC(109) PSYoungGen: 1922532K(1965568K)->77357K(1923072K) Eden: 1845248K(1845248K)->0K(1845248K) From: 77284K(120320K)->77357K(77824K)
[426.564s][info ][gc,heap        ] GC(109) ParOldGen: 354280K(401920K)->354280K(401920K)
[426.564s][info ][gc,metaspace   ] GC(109) Metaspace: 81186K(82048K)->81186K(82048K) NonClass: 69678K(70144K)->69678K(70144K) Class: 11508K(11904K)->11508K(11904K)
[426.564s][info ][gc             ] GC(109) Pause Young (Allocation Failure) 2223M->421M(2270M) 21.722ms
[426.564s][info ][gc,cpu         ] GC(109) User=0.08s Sys=0.00s Real=0.03s
[426.564s][info ][safepoint      ] Safepoint "ParallelGCFailedAllocation", Time since last: 126694075 ns, Reaching safepoint: 28801 ns, At safepoint: 21801929 ns, Total: 21830730 ns
[427.564s][info ][safepoint      ] Safepoint "Cleanup", Time since last: 1000086180 ns, Reaching safepoint: 49201 ns, At safepoint: 5100 ns, Total: 54301 ns
[429.564s][info ][safepoint      ] Safepoint "Cleanup", Time since last: 2000129954 ns, Reaching safepoint: 50601 ns, At safepoint: 6601 ns, Total: 57202 ns
[430.565s][info ][safepoint      ] Safepoint "Cleanup", Time since last: 1000107876 ns, Reaching safepoint: 46901 ns, At safepoint: 10500 ns, Total: 57401 ns
[431.565s][info ][safepoint      ] Safepoint "Cleanup", Time since last: 1000102676 ns, Reaching safepoint: 52501 ns, At safepoint: 5300 ns, Total: 57801 ns
[432.565s][info ][safepoint      ] Safepoint "Cleanup", Time since last: 1000105874 ns, Reaching safepoint: 47601 ns, At safepoint: 4600 ns, Total: 52201 ns
[436.565s][info ][safepoint      ] Safepoint "Cleanup", Time since last: 4000296082 ns, Reaching safepoint: 47301 ns, At safepoint: 8101 ns, Total: 55402 ns
[437.565s][info ][safepoint      ] Safepoint "Cleanup", Time since last: 1000108268 ns, Reaching safepoint: 47301 ns, At safepoint: 5100 ns, Total: 52401 ns
[438.566s][info ][safepoint      ] Safepoint "Cleanup", Time since last: 1000105468 ns, Reaching safepoint: 44301 ns, At safepoint: 2000 ns, Total: 46301 ns
[440.566s][info ][safepoint      ] Safepoint "Cleanup", Time since last: 2000135629 ns, Reaching safepoint: 54102 ns, At safepoint: 6300 ns, Total: 60402 ns
[441.566s][info ][safepoint      ] Safepoint "Cleanup", Time since last: 1000060863 ns, Reaching safepoint: 52001 ns, At safepoint: 5200 ns, Total: 57201 ns
[442.566s][info ][safepoint      ] Safepoint "Cleanup", Time since last: 1000106563 ns, Reaching safepoint: 47001 ns, At safepoint: 8800 ns, Total: 55801 ns
[443.566s][info ][safepoint      ] Safepoint "Cleanup", Time since last: 1000110662 ns, Reaching safepoint: 50401 ns, At safepoint: 6800 ns, Total: 57201 ns
[447.567s][info ][safepoint      ] Safepoint "Cleanup", Time since last: 4000269132 ns, Reaching safepoint: 53602 ns, At safepoint: 8000 ns, Total: 61602 ns
[448.567s][info ][safepoint      ] Safepoint "Cleanup", Time since last: 1000104656 ns, Reaching safepoint: 49801 ns, At safepoint: 7701 ns, Total: 57502 ns
[448.617s][info ][gc,start       ] GC(110) Pause Young (Allocation Failure)
[448.638s][debug][gc,phases      ] GC(110) Scavenge 20.747ms
[448.638s][debug][gc,ref         ] GC(110) Skipped phase 1 of Reference Processing: no references
[448.638s][debug][gc,ref         ] GC(110) ReferenceProcessor::execute queues: 1, RefProcThreadModel::Single, marks_oops_alive: false
[448.638s][debug][gc,ref         ] GC(110) Skipped phase 3 of Reference Processing: no references
[448.638s][debug][gc,ref         ] GC(110) ReferenceProcessor::execute queues: 1, RefProcThreadModel::Single, marks_oops_alive: false
[448.638s][debug][gc,phases      ] GC(110) Reference Processing 0.150ms
[448.638s][debug][gc,phases      ] GC(110)   VM Weak                        Min:  0.0, Avg:  0.0, Max:  0.0, Diff:  0.0, Sum:  0.0, Workers: 4
[448.638s][debug][gc,phases      ] GC(110)     Dead                           Min: 0, Avg:  0.0, Max: 0, Diff: 0, Sum: 0, Workers: 4
[448.638s][debug][gc,phases      ] GC(110)     Total                          Min: 0, Avg: 167.5, Max: 286, Diff: 286, Sum: 670, Workers: 4
[448.638s][debug][gc,phases      ] GC(110)   ObjectSynchronizer Weak        Min:  0.0, Avg:  0.0, Max:  0.0, Diff:  0.0, Sum:  0.0, Workers: 4
[448.638s][debug][gc,phases      ] GC(110)     Dead                           Min: 0, Avg:  0.0, Max: 0, Diff: 0, Sum: 0, Workers: 4
[448.638s][debug][gc,phases      ] GC(110)     Total                          Min: 0, Avg: 97.0, Max: 192, Diff: 192, Sum: 388, Workers: 4
[448.638s][debug][gc,phases      ] GC(110)   JVMTI Tag Weak OopStorage      Min:  0.0, Avg:  0.0, Max:  0.0, Diff:  0.0, Sum:  0.0, Workers: 4
[448.638s][debug][gc,phases      ] GC(110)     Dead                           Min: 0, Avg:  0.0, Max: 0, Diff: 0, Sum: 0, Workers: 4
[448.638s][debug][gc,phases      ] GC(110)     Total                          Min: 0, Avg:  0.0, Max: 0, Diff: 0, Sum: 0, Workers: 4
[448.638s][debug][gc,phases      ] GC(110)   StringTable Weak               Min:  0.1, Avg:  0.1, Max:  0.1, Diff:  0.0, Sum:  0.6, Workers: 4
[448.638s][debug][gc,phases      ] GC(110)     Dead                           Min: 0, Avg:  0.0, Max: 0, Diff: 0, Sum: 0, Workers: 4
[448.638s][debug][gc,phases      ] GC(110)     Total                          Min: 11474, Avg: 11908.5, Max: 12416, Diff: 942, Sum: 47634, Workers: 4
[448.638s][debug][gc,phases      ] GC(110)   ResolvedMethodTable Weak       Min:  0.0, Avg:  0.0, Max:  0.0, Diff:  0.0, Sum:  0.1, Workers: 4
[448.638s][debug][gc,phases      ] GC(110)     Dead                           Min: 0, Avg:  0.0, Max: 0, Diff: 0, Sum: 0, Workers: 4
[448.638s][debug][gc,phases      ] GC(110)     Total                          Min: 1821, Avg: 2002.5, Max: 2247, Diff: 426, Sum: 8010, Workers: 4
[448.638s][debug][gc,phases      ] GC(110)   JNI Weak                       Min:  0.0, Avg:  0.0, Max:  0.0, Diff:  0.0, Sum:  0.0, Workers: 4
[448.638s][debug][gc,phases      ] GC(110)     Dead                           Min: 0, Avg:  0.0, Max: 0, Diff: 0, Sum: 0, Workers: 4
[448.638s][debug][gc,phases      ] GC(110)     Total                          Min: 0, Avg:  0.0, Max: 0, Diff: 0, Sum: 0, Workers: 4
[448.638s][debug][gc,phases      ] GC(110)   StringDedup Table Weak         Min:  0.0, Avg:  0.0, Max:  0.0, Diff:  0.0, Sum:  0.0, Workers: 4
[448.638s][debug][gc,phases      ] GC(110)     Dead                           Min: 0, Avg:  0.0, Max: 0, Diff: 0, Sum: 0, Workers: 4
[448.638s][debug][gc,phases      ] GC(110)     Total                          Min: 0, Avg:  0.0, Max: 0, Diff: 0, Sum: 0, Workers: 4
[448.638s][debug][gc,phases      ] GC(110)   StringDedup Requests0 Weak     Min:  0.0, Avg:  0.0, Max:  0.0, Diff:  0.0, Sum:  0.0, Workers: 4
[448.638s][debug][gc,phases      ] GC(110)     Dead                           Min: 0, Avg:  0.0, Max: 0, Diff: 0, Sum: 0, Workers: 4
[448.638s][debug][gc,phases      ] GC(110)     Total                          Min: 0, Avg:  0.0, Max: 0, Diff: 0, Sum: 0, Workers: 4
[448.638s][debug][gc,phases      ] GC(110)   StringDedup Requests1 Weak     Min:  0.0, Avg:  0.0, Max:  0.0, Diff:  0.0, Sum:  0.0, Workers: 4
[448.638s][debug][gc,phases      ] GC(110)     Dead                           Min: 0, Avg:  0.0, Max: 0, Diff: 0, Sum: 0, Workers: 4
[448.638s][debug][gc,phases      ] GC(110)     Total                          Min: 0, Avg:  0.0, Max: 0, Diff: 0, Sum: 0, Workers: 4
[448.638s][debug][gc,phases      ] GC(110)   Weak JFR Old Object Samples    Min:  0.0, Avg:  0.0, Max:  0.0, Diff:  0.0, Sum:  0.0, Workers: 4
[448.638s][debug][gc,phases      ] GC(110)     Dead                           Min: 0, Avg:  0.0, Max: 0, Diff: 0, Sum: 0, Workers: 4
[448.638s][debug][gc,phases      ] GC(110)     Total                          Min: 0, Avg:  0.0, Max: 0, Diff: 0, Sum: 0, Workers: 4
[448.638s][debug][gc,phases      ] GC(110) Weak Processing 0.368ms
[448.638s][debug][gc,age         ] GC(110) Desired survivor size 136314880 bytes, new threshold 15 (max threshold 15)
[448.638s][info ][gc,heap        ] GC(110) PSYoungGen: 1922605K(1923072K)->76820K(1961472K) Eden: 1845248K(1845248K)->0K(1830912K) From: 77357K(77824K)->76820K(130560K)
[448.638s][info ][gc,heap        ] GC(110) ParOldGen: 354280K(401920K)->354776K(401920K)
[448.638s][info ][gc,metaspace   ] GC(110) Metaspace: 81218K(82048K)->81218K(82048K) NonClass: 69709K(70144K)->69709K(70144K) Class: 11508K(11904K)->11508K(11904K)
[448.638s][info ][gc             ] GC(110) Pause Young (Allocation Failure) 2223M->421M(2308M) 21.410ms
[448.638s][info ][gc,cpu         ] GC(110) User=0.08s Sys=0.00s Real=0.02s
[448.638s][info ][safepoint      ] Safepoint "ParallelGCFailedAllocation", Time since last: 49976512 ns, Reaching safepoint: 27600 ns, At safepoint: 21488121 ns, Total: 21515721 ns
[449.638s][info ][safepoint      ] Safepoint "Cleanup", Time since last: 1000094855 ns, Reaching safepoint: 54302 ns, At safepoint: 8100 ns, Total: 62402 ns
[453.639s][info ][safepoint      ] Safepoint "Cleanup", Time since last: 4000330407 ns, Reaching safepoint: 50601 ns, At safepoint: 2500 ns, Total: 53101 ns
[454.639s][info ][safepoint      ] Safepoint "Cleanup", Time since last: 1000110849 ns, Reaching safepoint: 55402 ns, At safepoint: 10300 ns, Total: 65702 ns
[457.639s][info ][safepoint      ] Safepoint "Cleanup", Time since last: 3000242640 ns, Reaching safepoint: 47301 ns, At safepoint: 2401 ns, Total: 49702 ns
[461.640s][info ][safepoint      ] Safepoint "Cleanup", Time since last: 4000324671 ns, Reaching safepoint: 50002 ns, At safepoint: 2800 ns, Total: 52802 ns
[462.640s][info ][safepoint      ] Safepoint "Cleanup", Time since last: 1000111841 ns, Reaching safepoint: 59001 ns, At safepoint: 9100 ns, Total: 68101 ns
[467.640s][info ][safepoint      ] Safepoint "Cleanup", Time since last: 5000346584 ns, Reaching safepoint: 55802 ns, At safepoint: 5800 ns, Total: 61602 ns
[470.594s][info ][gc,start       ] GC(111) Pause Young (Allocation Failure)
[470.614s][debug][gc,phases      ] GC(111) Scavenge 19.967ms
[470.614s][debug][gc,ref         ] GC(111) Skipped phase 1 of Reference Processing: no references
[470.614s][debug][gc,ref         ] GC(111) ReferenceProcessor::execute queues: 1, RefProcThreadModel::Single, marks_oops_alive: false
[470.614s][debug][gc,ref         ] GC(111) Skipped phase 3 of Reference Processing: no references
[470.614s][debug][gc,ref         ] GC(111) ReferenceProcessor::execute queues: 1, RefProcThreadModel::Single, marks_oops_alive: false
[470.614s][debug][gc,phases      ] GC(111) Reference Processing 0.157ms
[470.615s][debug][gc,phases      ] GC(111)   VM Weak                        Min:  0.0, Avg:  0.0, Max:  0.0, Diff:  0.0, Sum:  0.0, Workers: 4
[470.615s][debug][gc,phases      ] GC(111)     Dead                           Min: 0, Avg:  0.0, Max: 0, Diff: 0, Sum: 0, Workers: 4
[470.615s][debug][gc,phases      ] GC(111)     Total                          Min: 0, Avg: 167.5, Max: 256, Diff: 256, Sum: 670, Workers: 4
[470.615s][debug][gc,phases      ] GC(111)   ObjectSynchronizer Weak        Min:  0.0, Avg:  0.0, Max:  0.0, Diff:  0.0, Sum:  0.0, Workers: 4
[470.615s][debug][gc,phases      ] GC(111)     Dead                           Min: 0, Avg:  0.0, Max: 0, Diff: 0, Sum: 0, Workers: 4
[470.615s][debug][gc,phases      ] GC(111)     Total                          Min: 64, Avg: 97.0, Max: 128, Diff: 64, Sum: 388, Workers: 4
[470.615s][debug][gc,phases      ] GC(111)   JVMTI Tag Weak OopStorage      Min:  0.0, Avg:  0.0, Max:  0.0, Diff:  0.0, Sum:  0.0, Workers: 4
[470.615s][debug][gc,phases      ] GC(111)     Dead                           Min: 0, Avg:  0.0, Max: 0, Diff: 0, Sum: 0, Workers: 4
[470.615s][debug][gc,phases      ] GC(111)     Total                          Min: 0, Avg:  0.0, Max: 0, Diff: 0, Sum: 0, Workers: 4
[470.615s][debug][gc,phases      ] GC(111)   StringTable Weak               Min:  0.1, Avg:  0.1, Max:  0.1, Diff:  0.0, Sum:  0.6, Workers: 4
[470.615s][debug][gc,phases      ] GC(111)     Dead                           Min: 0, Avg:  0.0, Max: 0, Diff: 0, Sum: 0, Workers: 4
[470.615s][debug][gc,phases      ] GC(111)     Total                          Min: 11328, Avg: 11909.5, Max: 12864, Diff: 1536, Sum: 47638, Workers: 4
[470.615s][debug][gc,phases      ] GC(111)   ResolvedMethodTable Weak       Min:  0.0, Avg:  0.0, Max:  0.0, Diff:  0.0, Sum:  0.1, Workers: 4
[470.615s][debug][gc,phases      ] GC(111)     Dead                           Min: 0, Avg:  0.0, Max: 0, Diff: 0, Sum: 0, Workers: 4
[470.615s][debug][gc,phases      ] GC(111)     Total                          Min: 1821, Avg: 2002.5, Max: 2163, Diff: 342, Sum: 8010, Workers: 4
[470.615s][debug][gc,phases      ] GC(111)   JNI Weak                       Min:  0.0, Avg:  0.0, Max:  0.0, Diff:  0.0, Sum:  0.0, Workers: 4
[470.615s][debug][gc,phases      ] GC(111)     Dead                           Min: 0, Avg:  0.0, Max: 0, Diff: 0, Sum: 0, Workers: 4
[470.615s][debug][gc,phases      ] GC(111)     Total                          Min: 0, Avg:  0.0, Max: 0, Diff: 0, Sum: 0, Workers: 4
[470.615s][debug][gc,phases      ] GC(111)   StringDedup Table Weak         Min:  0.0, Avg:  0.0, Max:  0.0, Diff:  0.0, Sum:  0.0, Workers: 4
[470.615s][debug][gc,phases      ] GC(111)     Dead                           Min: 0, Avg:  0.0, Max: 0, Diff: 0, Sum: 0, Workers: 4
[470.615s][debug][gc,phases      ] GC(111)     Total                          Min: 0, Avg:  0.0, Max: 0, Diff: 0, Sum: 0, Workers: 4
[470.615s][debug][gc,phases      ] GC(111)   StringDedup Requests0 Weak     Min:  0.0, Avg:  0.0, Max:  0.0, Diff:  0.0, Sum:  0.0, Workers: 4
[470.615s][debug][gc,phases      ] GC(111)     Dead                           Min: 0, Avg:  0.0, Max: 0, Diff: 0, Sum: 0, Workers: 4
[470.615s][debug][gc,phases      ] GC(111)     Total                          Min: 0, Avg:  0.0, Max: 0, Diff: 0, Sum: 0, Workers: 4
[470.615s][debug][gc,phases      ] GC(111)   StringDedup Requests1 Weak     Min:  0.0, Avg:  0.0, Max:  0.0, Diff:  0.0, Sum:  0.0, Workers: 4
[470.615s][debug][gc,phases      ] GC(111)     Dead                           Min: 0, Avg:  0.0, Max: 0, Diff: 0, Sum: 0, Workers: 4
[470.615s][debug][gc,phases      ] GC(111)     Total                          Min: 0, Avg:  0.0, Max: 0, Diff: 0, Sum: 0, Workers: 4
[470.615s][debug][gc,phases      ] GC(111)   Weak JFR Old Object Samples    Min:  0.0, Avg:  0.0, Max:  0.0, Diff:  0.0, Sum:  0.0, Workers: 4
[470.615s][debug][gc,phases      ] GC(111)     Dead                           Min: 0, Avg:  0.0, Max: 0, Diff: 0, Sum: 0, Workers: 4
[470.615s][debug][gc,phases      ] GC(111)     Total                          Min: 0, Avg:  0.0, Max: 0, Diff: 0, Sum: 0, Workers: 4
[470.615s][debug][gc,phases      ] GC(111) Weak Processing 0.368ms
[470.615s][debug][gc,age         ] GC(111) Desired survivor size 137887744 bytes, new threshold 15 (max threshold 15)
[470.615s][info ][gc,heap        ] GC(111) PSYoungGen: 1907732K(1961472K)->76384K(1907712K) Eden: 1830912K(1830912K)->0K(1830912K) From: 76820K(130560K)->76384K(76800K)
[470.615s][info ][gc,heap        ] GC(111) ParOldGen: 354776K(401920K)->355304K(401920K)
[470.615s][info ][gc,metaspace   ] GC(111) Metaspace: 81228K(82048K)->81228K(82048K) NonClass: 69719K(70144K)->69719K(70144K) Class: 11508K(11904K)->11508K(11904K)
[470.615s][info ][gc             ] GC(111) Pause Young (Allocation Failure) 2209M->421M(2255M) 20.634ms
[470.615s][info ][gc,cpu         ] GC(111) User=0.09s Sys=0.00s Real=0.02s
[470.615s][info ][safepoint      ] Safepoint "ParallelGCFailedAllocation", Time since last: 2953921176 ns, Reaching safepoint: 40001 ns, At safepoint: 20727702 ns, Total: 20767703 ns
[475.615s][info ][safepoint      ] Safepoint "Cleanup", Time since last: 5000356242 ns, Reaching safepoint: 48802 ns, At safepoint: 2200 ns, Total: 51002 ns
[477.616s][info ][safepoint      ] Safepoint "Cleanup", Time since last: 2000176450 ns, Reaching safepoint: 47001 ns, At safepoint: 2400 ns, Total: 49401 ns
[479.616s][info ][safepoint      ] Safepoint "Cleanup", Time since last: 2000186247 ns, Reaching safepoint: 46201 ns, At safepoint: 7900 ns, Total: 54101 ns
[480.616s][info ][safepoint      ] Safepoint "Cleanup", Time since last: 1000113322 ns, Reaching safepoint: 44801 ns, At safepoint: 2200 ns, Total: 47001 ns
[481.616s][info ][safepoint      ] Safepoint "Cleanup", Time since last: 1000058120 ns, Reaching safepoint: 44001 ns, At safepoint: 2200 ns, Total: 46201 ns
[483.616s][info ][safepoint      ] Safepoint "Cleanup", Time since last: 2000121037 ns, Reaching safepoint: 50601 ns, At safepoint: 9400 ns, Total: 60001 ns
[484.616s][info ][safepoint      ] Safepoint "Cleanup", Time since last: 1000109318 ns, Reaching safepoint: 46101 ns, At safepoint: 11600 ns, Total: 57701 ns
[485.617s][info ][safepoint      ] Safepoint "Cleanup", Time since last: 1000113817 ns, Reaching safepoint: 50602 ns, At safepoint: 2300 ns, Total: 52902 ns
[492.594s][info ][gc,start       ] GC(112) Pause Young (Allocation Failure)
[492.614s][debug][gc,phases      ] GC(112) Scavenge 19.901ms
[492.614s][debug][gc,ref         ] GC(112) Skipped phase 1 of Reference Processing: no references
[492.614s][debug][gc,ref         ] GC(112) ReferenceProcessor::execute queues: 1, RefProcThreadModel::Single, marks_oops_alive: false
[492.614s][debug][gc,ref         ] GC(112) Skipped phase 3 of Reference Processing: no references
[492.614s][debug][gc,ref         ] GC(112) ReferenceProcessor::execute queues: 1, RefProcThreadModel::Single, marks_oops_alive: false
[492.614s][debug][gc,phases      ] GC(112) Reference Processing 0.145ms
[492.614s][debug][gc,phases      ] GC(112)   VM Weak                        Min:  0.0, Avg:  0.0, Max:  0.0, Diff:  0.0, Sum:  0.0, Workers: 4
[492.614s][debug][gc,phases      ] GC(112)     Dead                           Min: 0, Avg:  0.0, Max: 0, Diff: 0, Sum: 0, Workers: 4
[492.614s][debug][gc,phases      ] GC(112)     Total                          Min: 0, Avg: 167.5, Max: 350, Diff: 350, Sum: 670, Workers: 4
[492.614s][debug][gc,phases      ] GC(112)   ObjectSynchronizer Weak        Min:  0.0, Avg:  0.0, Max:  0.0, Diff:  0.0, Sum:  0.0, Workers: 4
[492.614s][debug][gc,phases      ] GC(112)     Dead                           Min: 0, Avg:  0.0, Max: 0, Diff: 0, Sum: 0, Workers: 4
[492.614s][debug][gc,phases      ] GC(112)     Total                          Min: 0, Avg: 97.0, Max: 132, Diff: 132, Sum: 388, Workers: 4
[492.614s][debug][gc,phases      ] GC(112)   JVMTI Tag Weak OopStorage      Min:  0.0, Avg:  0.0, Max:  0.0, Diff:  0.0, Sum:  0.0, Workers: 4
[492.614s][debug][gc,phases      ] GC(112)     Dead                           Min: 0, Avg:  0.0, Max: 0, Diff: 0, Sum: 0, Workers: 4
[492.614s][debug][gc,phases      ] GC(112)     Total                          Min: 0, Avg:  0.0, Max: 0, Diff: 0, Sum: 0, Workers: 4
[492.614s][debug][gc,phases      ] GC(112)   StringTable Weak               Min:  0.1, Avg:  0.1, Max:  0.1, Diff:  0.0, Sum:  0.5, Workers: 4
[492.614s][debug][gc,phases      ] GC(112)     Dead                           Min: 0, Avg:  0.0, Max: 0, Diff: 0, Sum: 0, Workers: 4
[492.614s][debug][gc,phases      ] GC(112)     Total                          Min: 10688, Avg: 11912.8, Max: 13219, Diff: 2531, Sum: 47651, Workers: 4
[492.614s][debug][gc,phases      ] GC(112)   ResolvedMethodTable Weak       Min:  0.0, Avg:  0.0, Max:  0.0, Diff:  0.0, Sum:  0.1, Workers: 4
[492.614s][debug][gc,phases      ] GC(112)     Dead                           Min: 0, Avg:  0.0, Max: 0, Diff: 0, Sum: 0, Workers: 4
[492.614s][debug][gc,phases      ] GC(112)     Total                          Min: 1403, Avg: 2002.5, Max: 2412, Diff: 1009, Sum: 8010, Workers: 4
[492.614s][debug][gc,phases      ] GC(112)   JNI Weak                       Min:  0.0, Avg:  0.0, Max:  0.0, Diff:  0.0, Sum:  0.0, Workers: 4
[492.614s][debug][gc,phases      ] GC(112)     Dead                           Min: 0, Avg:  0.0, Max: 0, Diff: 0, Sum: 0, Workers: 4
[492.614s][debug][gc,phases      ] GC(112)     Total                          Min: 0, Avg:  0.0, Max: 0, Diff: 0, Sum: 0, Workers: 4
[492.614s][debug][gc,phases      ] GC(112)   StringDedup Table Weak         Min:  0.0, Avg:  0.0, Max:  0.0, Diff:  0.0, Sum:  0.0, Workers: 4
[492.614s][debug][gc,phases      ] GC(112)     Dead                           Min: 0, Avg:  0.0, Max: 0, Diff: 0, Sum: 0, Workers: 4
[492.614s][debug][gc,phases      ] GC(112)     Total                          Min: 0, Avg:  0.0, Max: 0, Diff: 0, Sum: 0, Workers: 4
[492.614s][debug][gc,phases      ] GC(112)   StringDedup Requests0 Weak     Min:  0.0, Avg:  0.0, Max:  0.0, Diff:  0.0, Sum:  0.0, Workers: 4
[492.614s][debug][gc,phases      ] GC(112)     Dead                           Min: 0, Avg:  0.0, Max: 0, Diff: 0, Sum: 0, Workers: 4
[492.614s][debug][gc,phases      ] GC(112)     Total                          Min: 0, Avg:  0.0, Max: 0, Diff: 0, Sum: 0, Workers: 4
[492.614s][debug][gc,phases      ] GC(112)   StringDedup Requests1 Weak     Min:  0.0, Avg:  0.0, Max:  0.0, Diff:  0.0, Sum:  0.0, Workers: 4
[492.614s][debug][gc,phases      ] GC(112)     Dead                           Min: 0, Avg:  0.0, Max: 0, Diff: 0, Sum: 0, Workers: 4
[492.614s][debug][gc,phases      ] GC(112)     Total                          Min: 0, Avg:  0.0, Max: 0, Diff: 0, Sum: 0, Workers: 4
[492.614s][debug][gc,phases      ] GC(112)   Weak JFR Old Object Samples    Min:  0.0, Avg:  0.0, Max:  0.0, Diff:  0.0, Sum:  0.0, Workers: 4
[492.614s][debug][gc,phases      ] GC(112)     Dead                           Min: 0, Avg:  0.0, Max: 0, Diff: 0, Sum: 0, Workers: 4
[492.614s][debug][gc,phases      ] GC(112)     Total                          Min: 0, Avg:  0.0, Max: 0, Diff: 0, Sum: 0, Workers: 4
[492.614s][debug][gc,phases      ] GC(112) Weak Processing 0.368ms
[492.614s][debug][gc,age         ] GC(112) Desired survivor size 138412032 bytes, new threshold 15 (max threshold 15)
[492.614s][info ][gc,heap        ] GC(112) PSYoungGen: 1907296K(1907712K)->75805K(1961472K) Eden: 1830912K(1830912K)->0K(1826816K) From: 76384K(76800K)->75805K(134656K)
[492.614s][info ][gc,heap        ] GC(112) ParOldGen: 355304K(401920K)->355896K(401920K)
[492.614s][info ][gc,metaspace   ] GC(112) Metaspace: 81232K(82048K)->81232K(82048K) NonClass: 69724K(70144K)->69724K(70144K) Class: 11508K(11904K)->11508K(11904K)
[492.614s][info ][gc             ] GC(112) Pause Young (Allocation Failure) 2209M->421M(2308M) 20.561ms
[492.614s][info ][gc,cpu         ] GC(112) User=0.08s Sys=0.00s Real=0.02s
[492.614s][info ][safepoint      ] Safepoint "ParallelGCFailedAllocation", Time since last: 6977293421 ns, Reaching safepoint: 42101 ns, At safepoint: 20636500 ns, Total: 20678601 ns
[496.615s][info ][safepoint      ] Safepoint "Cleanup", Time since last: 4000273625 ns, Reaching safepoint: 41501 ns, At safepoint: 5200 ns, Total: 46701 ns
[497.615s][info ][safepoint      ] Safepoint "Cleanup", Time since last: 1000105104 ns, Reaching safepoint: 42101 ns, At safepoint: 2300 ns, Total: 44401 ns
[504.615s][info ][safepoint      ] Safepoint "Cleanup", Time since last: 7000448998 ns, Reaching safepoint: 41401 ns, At safepoint: 1900 ns, Total: 43301 ns
[506.616s][info ][safepoint      ] Safepoint "Cleanup", Time since last: 2000177192 ns, Reaching safepoint: 46301 ns, At safepoint: 1900 ns, Total: 48201 ns
[508.616s][info ][safepoint      ] Safepoint "Cleanup", Time since last: 2000139587 ns, Reaching safepoint: 35901 ns, At safepoint: 2000 ns, Total: 37901 ns
[514.545s][info ][gc,start       ] GC(113) Pause Young (Allocation Failure)
[514.565s][debug][gc,phases      ] GC(113) Scavenge 20.144ms
[514.565s][debug][gc,ref         ] GC(113) Skipped phase 1 of Reference Processing: no references
[514.566s][debug][gc,ref         ] GC(113) ReferenceProcessor::execute queues: 1, RefProcThreadModel::Single, marks_oops_alive: false
[514.566s][debug][gc,ref         ] GC(113) Skipped phase 3 of Reference Processing: no references
[514.566s][debug][gc,ref         ] GC(113) ReferenceProcessor::execute queues: 1, RefProcThreadModel::Single, marks_oops_alive: false
[514.566s][debug][gc,phases      ] GC(113) Reference Processing 0.144ms
[514.566s][debug][gc,phases      ] GC(113)   VM Weak                        Min:  0.0, Avg:  0.0, Max:  0.0, Diff:  0.0, Sum:  0.0, Workers: 4
[514.566s][debug][gc,phases      ] GC(113)     Dead                           Min: 0, Avg:  0.0, Max: 0, Diff: 0, Sum: 0, Workers: 4
[514.566s][debug][gc,phases      ] GC(113)     Total                          Min: 0, Avg: 167.5, Max: 576, Diff: 576, Sum: 670, Workers: 4
[514.566s][debug][gc,phases      ] GC(113)   ObjectSynchronizer Weak        Min:  0.0, Avg:  0.0, Max:  0.0, Diff:  0.0, Sum:  0.0, Workers: 4
[514.566s][debug][gc,phases      ] GC(113)     Dead                           Min: 0, Avg:  0.0, Max: 0, Diff: 0, Sum: 0, Workers: 4
[514.566s][debug][gc,phases      ] GC(113)     Total                          Min: 0, Avg: 97.0, Max: 196, Diff: 196, Sum: 388, Workers: 4
[514.566s][debug][gc,phases      ] GC(113)   JVMTI Tag Weak OopStorage      Min:  0.0, Avg:  0.0, Max:  0.0, Diff:  0.0, Sum:  0.0, Workers: 4
[514.566s][debug][gc,phases      ] GC(113)     Dead                           Min: 0, Avg:  0.0, Max: 0, Diff: 0, Sum: 0, Workers: 4
[514.566s][debug][gc,phases      ] GC(113)     Total                          Min: 0, Avg:  0.0, Max: 0, Diff: 0, Sum: 0, Workers: 4
[514.566s][debug][gc,phases      ] GC(113)   StringTable Weak               Min:  0.1, Avg:  0.1, Max:  0.1, Diff:  0.0, Sum:  0.6, Workers: 4
[514.566s][debug][gc,phases      ] GC(113)     Dead                           Min: 0, Avg:  0.0, Max: 0, Diff: 0, Sum: 0, Workers: 4
[514.566s][debug][gc,phases      ] GC(113)     Total                          Min: 10851, Avg: 11912.8, Max: 12672, Diff: 1821, Sum: 47651, Workers: 4
[514.566s][debug][gc,phases      ] GC(113)   ResolvedMethodTable Weak       Min:  0.0, Avg:  0.0, Max:  0.0, Diff:  0.0, Sum:  0.1, Workers: 4
[514.566s][debug][gc,phases      ] GC(113)     Dead                           Min: 0, Avg:  0.0, Max: 0, Diff: 0, Sum: 0, Workers: 4
[514.566s][debug][gc,phases      ] GC(113)     Total                          Min: 1876, Avg: 2002.5, Max: 2276, Diff: 400, Sum: 8010, Workers: 4
[514.566s][debug][gc,phases      ] GC(113)   JNI Weak                       Min:  0.0, Avg:  0.0, Max:  0.0, Diff:  0.0, Sum:  0.0, Workers: 4
[514.566s][debug][gc,phases      ] GC(113)     Dead                           Min: 0, Avg:  0.0, Max: 0, Diff: 0, Sum: 0, Workers: 4
[514.566s][debug][gc,phases      ] GC(113)     Total                          Min: 0, Avg:  0.0, Max: 0, Diff: 0, Sum: 0, Workers: 4
[514.566s][debug][gc,phases      ] GC(113)   StringDedup Table Weak         Min:  0.0, Avg:  0.0, Max:  0.0, Diff:  0.0, Sum:  0.0, Workers: 4
[514.566s][debug][gc,phases      ] GC(113)     Dead                           Min: 0, Avg:  0.0, Max: 0, Diff: 0, Sum: 0, Workers: 4
[514.566s][debug][gc,phases      ] GC(113)     Total                          Min: 0, Avg:  0.0, Max: 0, Diff: 0, Sum: 0, Workers: 4
[514.566s][debug][gc,phases      ] GC(113)   StringDedup Requests0 Weak     Min:  0.0, Avg:  0.0, Max:  0.0, Diff:  0.0, Sum:  0.0, Workers: 4
[514.566s][debug][gc,phases      ] GC(113)     Dead                           Min: 0, Avg:  0.0, Max: 0, Diff: 0, Sum: 0, Workers: 4
[514.566s][debug][gc,phases      ] GC(113)     Total                          Min: 0, Avg:  0.0, Max: 0, Diff: 0, Sum: 0, Workers: 4
[514.566s][debug][gc,phases      ] GC(113)   StringDedup Requests1 Weak     Min:  0.0, Avg:  0.0, Max:  0.0, Diff:  0.0, Sum:  0.0, Workers: 4
[514.566s][debug][gc,phases      ] GC(113)     Dead                           Min: 0, Avg:  0.0, Max: 0, Diff: 0, Sum: 0, Workers: 4
[514.566s][debug][gc,phases      ] GC(113)     Total                          Min: 0, Avg:  0.0, Max: 0, Diff: 0, Sum: 0, Workers: 4
[514.566s][debug][gc,phases      ] GC(113)   Weak JFR Old Object Samples    Min:  0.0, Avg:  0.0, Max:  0.0, Diff:  0.0, Sum:  0.0, Workers: 4
[514.566s][debug][gc,phases      ] GC(113)     Dead                           Min: 0, Avg:  0.0, Max: 0, Diff: 0, Sum: 0, Workers: 4
[514.566s][debug][gc,phases      ] GC(113)     Total                          Min: 0, Avg:  0.0, Max: 0, Diff: 0, Sum: 0, Workers: 4
[514.566s][debug][gc,phases      ] GC(113) Weak Processing 0.380ms
[514.566s][debug][gc,age         ] GC(113) Desired survivor size 137887744 bytes, new threshold 15 (max threshold 15)
[514.566s][info ][gc,heap        ] GC(113) PSYoungGen: 1902621K(1961472K)->75072K(1961984K) Eden: 1826816K(1826816K)->0K(1826816K) From: 75805K(134656K)->75072K(135168K)
[514.566s][info ][gc,heap        ] GC(113) ParOldGen: 355896K(401920K)->356600K(401920K)
[514.566s][info ][gc,metaspace   ] GC(113) Metaspace: 81239K(82112K)->81239K(82112K) NonClass: 69730K(70208K)->69730K(70208K) Class: 11508K(11904K)->11508K(11904K)
[514.566s][info ][gc             ] GC(113) Pause Young (Allocation Failure) 2205M->421M(2308M) 20.825ms
[514.566s][info ][gc,cpu         ] GC(113) User=0.08s Sys=0.00s Real=0.02s
[514.566s][info ][safepoint      ] Safepoint "ParallelGCFailedAllocation", Time since last: 5929239515 ns, Reaching safepoint: 39901 ns, At safepoint: 20900705 ns, Total: 20940606 ns
[531.567s][info ][safepoint      ] Safepoint "Cleanup", Time since last: 17001122833 ns, Reaching safepoint: 116603 ns, At safepoint: 4900 ns, Total: 121503 ns
[534.568s][info ][safepoint      ] Safepoint "Cleanup", Time since last: 3000213207 ns, Reaching safepoint: 60301 ns, At safepoint: 8500 ns, Total: 68801 ns
[536.494s][info ][gc,start       ] GC(114) Pause Young (Allocation Failure)
[536.512s][debug][gc,phases      ] GC(114) Scavenge 17.882ms
[536.512s][debug][gc,ref         ] GC(114) Skipped phase 1 of Reference Processing: no references
[536.512s][debug][gc,ref         ] GC(114) ReferenceProcessor::execute queues: 1, RefProcThreadModel::Single, marks_oops_alive: false
[536.512s][debug][gc,ref         ] GC(114) Skipped phase 3 of Reference Processing: no references
[536.512s][debug][gc,ref         ] GC(114) ReferenceProcessor::execute queues: 1, RefProcThreadModel::Single, marks_oops_alive: false
[536.512s][debug][gc,phases      ] GC(114) Reference Processing 0.151ms
[536.512s][debug][gc,phases      ] GC(114)   VM Weak                        Min:  0.0, Avg:  0.0, Max:  0.0, Diff:  0.0, Sum:  0.0, Workers: 4
[536.512s][debug][gc,phases      ] GC(114)     Dead                           Min: 0, Avg:  0.0, Max: 0, Diff: 0, Sum: 0, Workers: 4
[536.512s][debug][gc,phases      ] GC(114)     Total                          Min: 0, Avg: 167.5, Max: 478, Diff: 478, Sum: 670, Workers: 4
[536.512s][debug][gc,phases      ] GC(114)   ObjectSynchronizer Weak        Min:  0.0, Avg:  0.0, Max:  0.0, Diff:  0.0, Sum:  0.0, Workers: 4
[536.512s][debug][gc,phases      ] GC(114)     Dead                           Min: 0, Avg:  0.0, Max: 0, Diff: 0, Sum: 0, Workers: 4
[536.512s][debug][gc,phases      ] GC(114)     Total                          Min: 0, Avg: 97.0, Max: 192, Diff: 192, Sum: 388, Workers: 4
[536.512s][debug][gc,phases      ] GC(114)   JVMTI Tag Weak OopStorage      Min:  0.0, Avg:  0.0, Max:  0.0, Diff:  0.0, Sum:  0.0, Workers: 4
[536.512s][debug][gc,phases      ] GC(114)     Dead                           Min: 0, Avg:  0.0, Max: 0, Diff: 0, Sum: 0, Workers: 4
[536.512s][debug][gc,phases      ] GC(114)     Total                          Min: 0, Avg:  0.0, Max: 0, Diff: 0, Sum: 0, Workers: 4
[536.512s][debug][gc,phases      ] GC(114)   StringTable Weak               Min:  0.1, Avg:  0.1, Max:  0.1, Diff:  0.0, Sum:  0.6, Workers: 4
[536.512s][debug][gc,phases      ] GC(114)     Dead                           Min: 0, Avg:  0.0, Max: 0, Diff: 0, Sum: 0, Workers: 4
[536.512s][debug][gc,phases      ] GC(114)     Total                          Min: 10725, Avg: 11913.2, Max: 12800, Diff: 2075, Sum: 47653, Workers: 4
[536.512s][debug][gc,phases      ] GC(114)   ResolvedMethodTable Weak       Min:  0.0, Avg:  0.0, Max:  0.0, Diff:  0.0, Sum:  0.1, Workers: 4
[536.512s][debug][gc,phases      ] GC(114)     Dead                           Min: 0, Avg:  0.0, Max: 0, Diff: 0, Sum: 0, Workers: 4
[536.512s][debug][gc,phases      ] GC(114)     Total                          Min: 1613, Avg: 2002.5, Max: 2450, Diff: 837, Sum: 8010, Workers: 4
[536.512s][debug][gc,phases      ] GC(114)   JNI Weak                       Min:  0.0, Avg:  0.0, Max:  0.0, Diff:  0.0, Sum:  0.0, Workers: 4
[536.512s][debug][gc,phases      ] GC(114)     Dead                           Min: 0, Avg:  0.0, Max: 0, Diff: 0, Sum: 0, Workers: 4
[536.512s][debug][gc,phases      ] GC(114)     Total                          Min: 0, Avg:  0.0, Max: 0, Diff: 0, Sum: 0, Workers: 4
[536.512s][debug][gc,phases      ] GC(114)   StringDedup Table Weak         Min:  0.0, Avg:  0.0, Max:  0.0, Diff:  0.0, Sum:  0.0, Workers: 4
[536.512s][debug][gc,phases      ] GC(114)     Dead                           Min: 0, Avg:  0.0, Max: 0, Diff: 0, Sum: 0, Workers: 4
[536.512s][debug][gc,phases      ] GC(114)     Total                          Min: 0, Avg:  0.0, Max: 0, Diff: 0, Sum: 0, Workers: 4
[536.512s][debug][gc,phases      ] GC(114)   StringDedup Requests0 Weak     Min:  0.0, Avg:  0.0, Max:  0.0, Diff:  0.0, Sum:  0.0, Workers: 4
[536.512s][debug][gc,phases      ] GC(114)     Dead                           Min: 0, Avg:  0.0, Max: 0, Diff: 0, Sum: 0, Workers: 4
[536.512s][debug][gc,phases      ] GC(114)     Total                          Min: 0, Avg:  0.0, Max: 0, Diff: 0, Sum: 0, Workers: 4
[536.512s][debug][gc,phases      ] GC(114)   StringDedup Requests1 Weak     Min:  0.0, Avg:  0.0, Max:  0.0, Diff:  0.0, Sum:  0.0, Workers: 4
[536.512s][debug][gc,phases      ] GC(114)     Dead                           Min: 0, Avg:  0.0, Max: 0, Diff: 0, Sum: 0, Workers: 4
[536.512s][debug][gc,phases      ] GC(114)     Total                          Min: 0, Avg:  0.0, Max: 0, Diff: 0, Sum: 0, Workers: 4
[536.512s][debug][gc,phases      ] GC(114)   Weak JFR Old Object Samples    Min:  0.0, Avg:  0.0, Max:  0.0, Diff:  0.0, Sum:  0.0, Workers: 4
[536.512s][debug][gc,phases      ] GC(114)     Dead                           Min: 0, Avg:  0.0, Max: 0, Diff: 0, Sum: 0, Workers: 4
[536.512s][debug][gc,phases      ] GC(114)     Total                          Min: 0, Avg:  0.0, Max: 0, Diff: 0, Sum: 0, Workers: 4
[536.512s][debug][gc,phases      ] GC(114) Weak Processing 0.379ms
[536.512s][debug][gc,age         ] GC(114) Desired survivor size 136314880 bytes, new threshold 15 (max threshold 15)
[536.512s][info ][gc,heap        ] GC(114) PSYoungGen: 1901888K(1961984K)->73888K(1964032K) Eden: 1826816K(1826816K)->0K(1829376K) From: 75072K(135168K)->73888K(134656K)
[536.512s][info ][gc,heap        ] GC(114) ParOldGen: 356600K(401920K)->357792K(401920K)
[536.512s][info ][gc,metaspace   ] GC(114) Metaspace: 81252K(82112K)->81252K(82112K) NonClass: 69743K(70208K)->69743K(70208K) Class: 11508K(11904K)->11508K(11904K)
[536.512s][info ][gc             ] GC(114) Pause Young (Allocation Failure) 2205M->421M(2310M) 18.546ms
[536.512s][info ][gc,cpu         ] GC(114) User=0.07s Sys=0.00s Real=0.02s
[536.512s][info ][safepoint      ] Safepoint "ParallelGCFailedAllocation", Time since last: 1925936741 ns, Reaching safepoint: 47401 ns, At safepoint: 18622750 ns, Total: 18670151 ns
[541.513s][info ][safepoint      ] Safepoint "Cleanup", Time since last: 5000342317 ns, Reaching safepoint: 39601 ns, At safepoint: 3100 ns, Total: 42701 ns
[543.513s][info ][safepoint      ] Safepoint "Cleanup", Time since last: 2000119220 ns, Reaching safepoint: 51002 ns, At safepoint: 3600 ns, Total: 54602 ns
[544.513s][info ][safepoint      ] Safepoint "Cleanup", Time since last: 1000098859 ns, Reaching safepoint: 50502 ns, At safepoint: 7500 ns, Total: 58002 ns
[548.513s][info ][safepoint      ] Safepoint "Cleanup", Time since last: 4000287827 ns, Reaching safepoint: 47001 ns, At safepoint: 2100 ns, Total: 49101 ns
[549.513s][info ][safepoint      ] Safepoint "Cleanup", Time since last: 1000115855 ns, Reaching safepoint: 44601 ns, At safepoint: 6100 ns, Total: 50701 ns
[550.514s][info ][safepoint      ] Safepoint "Cleanup", Time since last: 1000106855 ns, Reaching safepoint: 47101 ns, At safepoint: 3100 ns, Total: 50201 ns
[551.514s][info ][safepoint      ] Safepoint "Cleanup", Time since last: 1000105453 ns, Reaching safepoint: 48402 ns, At safepoint: 7700 ns, Total: 56102 ns
[555.959s][info ][safepoint      ] Safepoint "Cleanup", Time since last: 4444955639 ns, Reaching safepoint: 74901 ns, At safepoint: 9101 ns, Total: 84002 ns
[558.492s][info ][gc,start       ] GC(115) Pause Young (Allocation Failure)
[558.510s][debug][gc,phases      ] GC(115) Scavenge 18.387ms
[558.510s][debug][gc,ref         ] GC(115) Skipped phase 1 of Reference Processing: no references
[558.511s][debug][gc,ref         ] GC(115) ReferenceProcessor::execute queues: 1, RefProcThreadModel::Single, marks_oops_alive: false
[558.511s][debug][gc,ref         ] GC(115) Skipped phase 3 of Reference Processing: no references
[558.511s][debug][gc,ref         ] GC(115) ReferenceProcessor::execute queues: 1, RefProcThreadModel::Single, marks_oops_alive: false
[558.511s][debug][gc,phases      ] GC(115) Reference Processing 0.145ms
[558.511s][debug][gc,phases      ] GC(115)   VM Weak                        Min:  0.0, Avg:  0.0, Max:  0.0, Diff:  0.0, Sum:  0.0, Workers: 4
[558.511s][debug][gc,phases      ] GC(115)     Dead                           Min: 0, Avg:  0.0, Max: 0, Diff: 0, Sum: 0, Workers: 4
[558.511s][debug][gc,phases      ] GC(115)     Total                          Min: 0, Avg: 167.5, Max: 384, Diff: 384, Sum: 670, Workers: 4
[558.511s][debug][gc,phases      ] GC(115)   ObjectSynchronizer Weak        Min:  0.0, Avg:  0.0, Max:  0.0, Diff:  0.0, Sum:  0.0, Workers: 4
[558.511s][debug][gc,phases      ] GC(115)     Dead                           Min: 0, Avg:  0.0, Max: 0, Diff: 0, Sum: 0, Workers: 4
[558.511s][debug][gc,phases      ] GC(115)     Total                          Min: 0, Avg: 97.0, Max: 192, Diff: 192, Sum: 388, Workers: 4
[558.511s][debug][gc,phases      ] GC(115)   JVMTI Tag Weak OopStorage      Min:  0.0, Avg:  0.0, Max:  0.0, Diff:  0.0, Sum:  0.0, Workers: 4
[558.511s][debug][gc,phases      ] GC(115)     Dead                           Min: 0, Avg:  0.0, Max: 0, Diff: 0, Sum: 0, Workers: 4
[558.511s][debug][gc,phases      ] GC(115)     Total                          Min: 0, Avg:  0.0, Max: 0, Diff: 0, Sum: 0, Workers: 4
[558.511s][debug][gc,phases      ] GC(115)   StringTable Weak               Min:  0.2, Avg:  0.2, Max:  0.2, Diff:  0.0, Sum:  0.6, Workers: 4
[558.511s][debug][gc,phases      ] GC(115)     Dead                           Min: 0, Avg:  0.0, Max: 0, Diff: 0, Sum: 0, Workers: 4
[558.511s][debug][gc,phases      ] GC(115)     Total                          Min: 10880, Avg: 11919.8, Max: 13056, Diff: 2176, Sum: 47679, Workers: 4
[558.511s][debug][gc,phases      ] GC(115)   ResolvedMethodTable Weak       Min:  0.0, Avg:  0.0, Max:  0.0, Diff:  0.0, Sum:  0.1, Workers: 4
[558.511s][debug][gc,phases      ] GC(115)     Dead                           Min: 0, Avg:  0.0, Max: 0, Diff: 0, Sum: 0, Workers: 4
[558.511s][debug][gc,phases      ] GC(115)     Total                          Min: 1873, Avg: 2002.5, Max: 2247, Diff: 374, Sum: 8010, Workers: 4
[558.511s][debug][gc,phases      ] GC(115)   JNI Weak                       Min:  0.0, Avg:  0.0, Max:  0.0, Diff:  0.0, Sum:  0.0, Workers: 4
[558.511s][debug][gc,phases      ] GC(115)     Dead                           Min: 0, Avg:  0.0, Max: 0, Diff: 0, Sum: 0, Workers: 4
[558.511s][debug][gc,phases      ] GC(115)     Total                          Min: 0, Avg:  0.0, Max: 0, Diff: 0, Sum: 0, Workers: 4
[558.511s][debug][gc,phases      ] GC(115)   StringDedup Table Weak         Min:  0.0, Avg:  0.0, Max:  0.0, Diff:  0.0, Sum:  0.0, Workers: 4
[558.511s][debug][gc,phases      ] GC(115)     Dead                           Min: 0, Avg:  0.0, Max: 0, Diff: 0, Sum: 0, Workers: 4
[558.511s][debug][gc,phases      ] GC(115)     Total                          Min: 0, Avg:  0.0, Max: 0, Diff: 0, Sum: 0, Workers: 4
[558.511s][debug][gc,phases      ] GC(115)   StringDedup Requests0 Weak     Min:  0.0, Avg:  0.0, Max:  0.0, Diff:  0.0, Sum:  0.0, Workers: 4
[558.511s][debug][gc,phases      ] GC(115)     Dead                           Min: 0, Avg:  0.0, Max: 0, Diff: 0, Sum: 0, Workers: 4
[558.511s][debug][gc,phases      ] GC(115)     Total                          Min: 0, Avg:  0.0, Max: 0, Diff: 0, Sum: 0, Workers: 4
[558.511s][debug][gc,phases      ] GC(115)   StringDedup Requests1 Weak     Min:  0.0, Avg:  0.0, Max:  0.0, Diff:  0.0, Sum:  0.0, Workers: 4
[558.511s][debug][gc,phases      ] GC(115)     Dead                           Min: 0, Avg:  0.0, Max: 0, Diff: 0, Sum: 0, Workers: 4
[558.511s][debug][gc,phases      ] GC(115)     Total                          Min: 0, Avg:  0.0, Max: 0, Diff: 0, Sum: 0, Workers: 4
[558.511s][debug][gc,phases      ] GC(115)   Weak JFR Old Object Samples    Min:  0.0, Avg:  0.0, Max:  0.0, Diff:  0.0, Sum:  0.0, Workers: 4
[558.511s][debug][gc,phases      ] GC(115)     Dead                           Min: 0, Avg:  0.0, Max: 0, Diff: 0, Sum: 0, Workers: 4
[558.511s][debug][gc,phases      ] GC(115)     Total                          Min: 0, Avg:  0.0, Max: 0, Diff: 0, Sum: 0, Workers: 4
[558.511s][debug][gc,phases      ] GC(115) Weak Processing 0.394ms
[558.511s][debug][gc,age         ] GC(115) Desired survivor size 134217728 bytes, new threshold 15 (max threshold 15)
[558.511s][info ][gc,heap        ] GC(115) PSYoungGen: 1903264K(1964032K)->72942K(1962496K) Eden: 1829376K(1829376K)->0K(1829376K) From: 73888K(134656K)->72942K(133120K)
[558.511s][info ][gc,heap        ] GC(115) ParOldGen: 357792K(401920K)->358808K(401920K)
[558.511s][info ][gc,metaspace   ] GC(115) Metaspace: 81286K(82112K)->81286K(82112K) NonClass: 69777K(70208K)->69777K(70208K) Class: 11508K(11904K)->11508K(11904K)
[558.511s][info ][gc             ] GC(115) Pause Young (Allocation Failure) 2208M->421M(2309M) 19.067ms
[558.511s][info ][gc,cpu         ] GC(115) User=0.07s Sys=0.00s Real=0.01s
[558.511s][info ][safepoint      ] Safepoint "ParallelGCFailedAllocation", Time since last: 2533192464 ns, Reaching safepoint: 45001 ns, At safepoint: 19141162 ns, Total: 19186163 ns
[560.511s][info ][safepoint      ] Safepoint "Cleanup", Time since last: 2000108990 ns, Reaching safepoint: 40701 ns, At safepoint: 2300 ns, Total: 43001 ns
[569.512s][info ][safepoint      ] Safepoint "Cleanup", Time since last: 9000584860 ns, Reaching safepoint: 44101 ns, At safepoint: 6200 ns, Total: 50301 ns
[573.512s][info ][safepoint      ] Safepoint "Cleanup", Time since last: 4000311439 ns, Reaching safepoint: 44301 ns, At safepoint: 3700 ns, Total: 48001 ns
[574.512s][info ][safepoint      ] Safepoint "Cleanup", Time since last: 1000091533 ns, Reaching safepoint: 36901 ns, At safepoint: 2000 ns, Total: 38901 ns
[580.444s][info ][gc,start       ] GC(116) Pause Young (Allocation Failure)
[580.463s][debug][gc,phases      ] GC(116) Scavenge 19.013ms
[580.464s][debug][gc,ref         ] GC(116) Skipped phase 1 of Reference Processing: no references
[580.464s][debug][gc,ref         ] GC(116) ReferenceProcessor::execute queues: 1, RefProcThreadModel::Single, marks_oops_alive: false
[580.464s][debug][gc,ref         ] GC(116) Skipped phase 3 of Reference Processing: no references
[580.464s][debug][gc,ref         ] GC(116) ReferenceProcessor::execute queues: 1, RefProcThreadModel::Single, marks_oops_alive: false
[580.464s][debug][gc,phases      ] GC(116) Reference Processing 0.150ms
[580.464s][debug][gc,phases      ] GC(116)   VM Weak                        Min:  0.0, Avg:  0.0, Max:  0.0, Diff:  0.0, Sum:  0.0, Workers: 4
[580.464s][debug][gc,phases      ] GC(116)     Dead                           Min: 0, Avg:  0.0, Max: 0, Diff: 0, Sum: 0, Workers: 4
[580.464s][debug][gc,phases      ] GC(116)     Total                          Min: 0, Avg: 167.5, Max: 414, Diff: 414, Sum: 670, Workers: 4
[580.464s][debug][gc,phases      ] GC(116)   ObjectSynchronizer Weak        Min:  0.0, Avg:  0.0, Max:  0.0, Diff:  0.0, Sum:  0.0, Workers: 4
[580.464s][debug][gc,phases      ] GC(116)     Dead                           Min: 0, Avg:  0.0, Max: 0, Diff: 0, Sum: 0, Workers: 4
[580.464s][debug][gc,phases      ] GC(116)     Total                          Min: 0, Avg: 97.0, Max: 256, Diff: 256, Sum: 388, Workers: 4
[580.464s][debug][gc,phases      ] GC(116)   JVMTI Tag Weak OopStorage      Min:  0.0, Avg:  0.0, Max:  0.0, Diff:  0.0, Sum:  0.0, Workers: 4
[580.464s][debug][gc,phases      ] GC(116)     Dead                           Min: 0, Avg:  0.0, Max: 0, Diff: 0, Sum: 0, Workers: 4
[580.464s][debug][gc,phases      ] GC(116)     Total                          Min: 0, Avg:  0.0, Max: 0, Diff: 0, Sum: 0, Workers: 4
[580.464s][debug][gc,phases      ] GC(116)   StringTable Weak               Min:  0.1, Avg:  0.1, Max:  0.1, Diff:  0.0, Sum:  0.5, Workers: 4
[580.464s][debug][gc,phases      ] GC(116)     Dead                           Min: 0, Avg:  0.0, Max: 0, Diff: 0, Sum: 0, Workers: 4
[580.464s][debug][gc,phases      ] GC(116)     Total                          Min: 11008, Avg: 11923.2, Max: 13120, Diff: 2112, Sum: 47693, Workers: 4
[580.464s][debug][gc,phases      ] GC(116)   ResolvedMethodTable Weak       Min:  0.0, Avg:  0.0, Max:  0.0, Diff:  0.0, Sum:  0.1, Workers: 4
[580.464s][debug][gc,phases      ] GC(116)     Dead                           Min: 0, Avg:  0.0, Max: 0, Diff: 0, Sum: 0, Workers: 4
[580.464s][debug][gc,phases      ] GC(116)     Total                          Min: 1792, Avg: 2002.5, Max: 2276, Diff: 484, Sum: 8010, Workers: 4
[580.464s][debug][gc,phases      ] GC(116)   JNI Weak                       Min:  0.0, Avg:  0.0, Max:  0.0, Diff:  0.0, Sum:  0.0, Workers: 4
[580.464s][debug][gc,phases      ] GC(116)     Dead                           Min: 0, Avg:  0.0, Max: 0, Diff: 0, Sum: 0, Workers: 4
[580.464s][debug][gc,phases      ] GC(116)     Total                          Min: 0, Avg:  0.0, Max: 0, Diff: 0, Sum: 0, Workers: 4
[580.464s][debug][gc,phases      ] GC(116)   StringDedup Table Weak         Min:  0.0, Avg:  0.0, Max:  0.0, Diff:  0.0, Sum:  0.0, Workers: 4
[580.464s][debug][gc,phases      ] GC(116)     Dead                           Min: 0, Avg:  0.0, Max: 0, Diff: 0, Sum: 0, Workers: 4
[580.464s][debug][gc,phases      ] GC(116)     Total                          Min: 0, Avg:  0.0, Max: 0, Diff: 0, Sum: 0, Workers: 4
[580.464s][debug][gc,phases      ] GC(116)   StringDedup Requests0 Weak     Min:  0.0, Avg:  0.0, Max:  0.0, Diff:  0.0, Sum:  0.0, Workers: 4
[580.464s][debug][gc,phases      ] GC(116)     Dead                           Min: 0, Avg:  0.0, Max: 0, Diff: 0, Sum: 0, Workers: 4
[580.464s][debug][gc,phases      ] GC(116)     Total                          Min: 0, Avg:  0.0, Max: 0, Diff: 0, Sum: 0, Workers: 4
[580.464s][debug][gc,phases      ] GC(116)   StringDedup Requests1 Weak     Min:  0.0, Avg:  0.0, Max:  0.0, Diff:  0.0, Sum:  0.0, Workers: 4
[580.464s][debug][gc,phases      ] GC(116)     Dead                           Min: 0, Avg:  0.0, Max: 0, Diff: 0, Sum: 0, Workers: 4
[580.464s][debug][gc,phases      ] GC(116)     Total                          Min: 0, Avg:  0.0, Max: 0, Diff: 0, Sum: 0, Workers: 4
[580.464s][debug][gc,phases      ] GC(116)   Weak JFR Old Object Samples    Min:  0.0, Avg:  0.0, Max:  0.0, Diff:  0.0, Sum:  0.0, Workers: 4
[580.464s][debug][gc,phases      ] GC(116)     Dead                           Min: 0, Avg:  0.0, Max: 0, Diff: 0, Sum: 0, Workers: 4
[580.464s][debug][gc,phases      ] GC(116)     Total                          Min: 0, Avg:  0.0, Max: 0, Diff: 0, Sum: 0, Workers: 4
[580.464s][debug][gc,phases      ] GC(116) Weak Processing 0.365ms
[580.464s][debug][gc,age         ] GC(116) Desired survivor size 132120576 bytes, new threshold 15 (max threshold 15)
[580.464s][info ][gc,heap        ] GC(116) PSYoungGen: 1902318K(1962496K)->72928K(1968128K) Eden: 1829376K(1829376K)->0K(1837056K) From: 72942K(133120K)->72928K(131072K)
[580.464s][info ][gc,heap        ] GC(116) ParOldGen: 358808K(401920K)->358840K(401920K)
[580.464s][info ][gc,metaspace   ] GC(116) Metaspace: 81303K(82112K)->81303K(82112K) NonClass: 69794K(70208K)->69794K(70208K) Class: 11509K(11904K)->11509K(11904K)
[580.464s][info ][gc             ] GC(116) Pause Young (Allocation Failure) 2208M->421M(2314M) 19.710ms
[580.464s][info ][gc,cpu         ] GC(116) User=0.07s Sys=0.01s Real=0.02s
[580.464s][info ][safepoint      ] Safepoint "ParallelGCFailedAllocation", Time since last: 5931857821 ns, Reaching safepoint: 52802 ns, At safepoint: 19788577 ns, Total: 19841379 ns
[581.464s][info ][safepoint      ] Safepoint "Cleanup", Time since last: 1000083127 ns, Reaching safepoint: 50101 ns, At safepoint: 2100 ns, Total: 52201 ns
[583.464s][info ][safepoint      ] Safepoint "Cleanup", Time since last: 2000140650 ns, Reaching safepoint: 42401 ns, At safepoint: 1800 ns, Total: 44201 ns
[584.465s][info ][safepoint      ] Safepoint "Cleanup", Time since last: 1000084424 ns, Reaching safepoint: 46201 ns, At safepoint: 4701 ns, Total: 50902 ns
[586.465s][info ][safepoint      ] Safepoint "Cleanup", Time since last: 2000173345 ns, Reaching safepoint: 51202 ns, At safepoint: 10500 ns, Total: 61702 ns
[588.465s][info ][safepoint      ] Safepoint "Cleanup", Time since last: 2000161842 ns, Reaching safepoint: 50501 ns, At safepoint: 3501 ns, Total: 54002 ns
[589.465s][info ][safepoint      ] Safepoint "Cleanup", Time since last: 1000111620 ns, Reaching safepoint: 40901 ns, At safepoint: 4200 ns, Total: 45101 ns
[594.466s][info ][safepoint      ] Safepoint "Cleanup", Time since last: 5000390887 ns, Reaching safepoint: 50801 ns, At safepoint: 4800 ns, Total: 55601 ns
[601.466s][info ][safepoint      ] Safepoint "Cleanup", Time since last: 7000425884 ns, Reaching safepoint: 40801 ns, At safepoint: 2400 ns, Total: 43201 ns
[602.193s][info ][gc,start       ] GC(117) Pause Young (Allocation Failure)
[602.212s][debug][gc,phases      ] GC(117) Scavenge 18.656ms
[602.212s][debug][gc,ref         ] GC(117) Skipped phase 1 of Reference Processing: no references
[602.212s][debug][gc,ref         ] GC(117) ReferenceProcessor::execute queues: 1, RefProcThreadModel::Single, marks_oops_alive: false
[602.212s][debug][gc,ref         ] GC(117) Skipped phase 3 of Reference Processing: no references
[602.212s][debug][gc,ref         ] GC(117) ReferenceProcessor::execute queues: 1, RefProcThreadModel::Single, marks_oops_alive: false
[602.212s][debug][gc,phases      ] GC(117) Reference Processing 0.143ms
[602.212s][debug][gc,phases      ] GC(117)   VM Weak                        Min:  0.0, Avg:  0.0, Max:  0.0, Diff:  0.0, Sum:  0.0, Workers: 4
[602.212s][debug][gc,phases      ] GC(117)     Dead                           Min: 0, Avg:  0.0, Max: 0, Diff: 0, Sum: 0, Workers: 4
[602.212s][debug][gc,phases      ] GC(117)     Total                          Min: 0, Avg: 167.5, Max: 256, Diff: 256, Sum: 670, Workers: 4
[602.212s][debug][gc,phases      ] GC(117)   ObjectSynchronizer Weak        Min:  0.0, Avg:  0.0, Max:  0.0, Diff:  0.0, Sum:  0.0, Workers: 4
[602.212s][debug][gc,phases      ] GC(117)     Dead                           Min: 0, Avg:  0.0, Max: 0, Diff: 0, Sum: 0, Workers: 4
[602.212s][debug][gc,phases      ] GC(117)     Total                          Min: 0, Avg: 97.0, Max: 192, Diff: 192, Sum: 388, Workers: 4
[602.212s][debug][gc,phases      ] GC(117)   JVMTI Tag Weak OopStorage      Min:  0.0, Avg:  0.0, Max:  0.0, Diff:  0.0, Sum:  0.0, Workers: 4
[602.212s][debug][gc,phases      ] GC(117)     Dead                           Min: 0, Avg:  0.0, Max: 0, Diff: 0, Sum: 0, Workers: 4
[602.212s][debug][gc,phases      ] GC(117)     Total                          Min: 0, Avg:  0.0, Max: 0, Diff: 0, Sum: 0, Workers: 4
[602.212s][debug][gc,phases      ] GC(117)   StringTable Weak               Min:  0.1, Avg:  0.1, Max:  0.1, Diff:  0.0, Sum:  0.6, Workers: 4
[602.212s][debug][gc,phases      ] GC(117)     Dead                           Min: 0, Avg:  0.0, Max: 0, Diff: 0, Sum: 0, Workers: 4
[602.213s][debug][gc,phases      ] GC(117)     Total                          Min: 10240, Avg: 11924.5, Max: 12946, Diff: 2706, Sum: 47698, Workers: 4
[602.213s][debug][gc,phases      ] GC(117)   ResolvedMethodTable Weak       Min:  0.0, Avg:  0.0, Max:  0.0, Diff:  0.0, Sum:  0.1, Workers: 4
[602.213s][debug][gc,phases      ] GC(117)     Dead                           Min: 0, Avg:  0.0, Max: 0, Diff: 0, Sum: 0, Workers: 4
[602.213s][debug][gc,phases      ] GC(117)     Total                          Min: 1873, Avg: 2002.5, Max: 2229, Diff: 356, Sum: 8010, Workers: 4
[602.213s][debug][gc,phases      ] GC(117)   JNI Weak                       Min:  0.0, Avg:  0.0, Max:  0.0, Diff:  0.0, Sum:  0.0, Workers: 4
[602.213s][debug][gc,phases      ] GC(117)     Dead                           Min: 0, Avg:  0.0, Max: 0, Diff: 0, Sum: 0, Workers: 4
[602.213s][debug][gc,phases      ] GC(117)     Total                          Min: 0, Avg:  0.0, Max: 0, Diff: 0, Sum: 0, Workers: 4
[602.213s][debug][gc,phases      ] GC(117)   StringDedup Table Weak         Min:  0.0, Avg:  0.0, Max:  0.0, Diff:  0.0, Sum:  0.0, Workers: 4
[602.213s][debug][gc,phases      ] GC(117)     Dead                           Min: 0, Avg:  0.0, Max: 0, Diff: 0, Sum: 0, Workers: 4
[602.213s][debug][gc,phases      ] GC(117)     Total                          Min: 0, Avg:  0.0, Max: 0, Diff: 0, Sum: 0, Workers: 4
[602.213s][debug][gc,phases      ] GC(117)   StringDedup Requests0 Weak     Min:  0.0, Avg:  0.0, Max:  0.0, Diff:  0.0, Sum:  0.0, Workers: 4
[602.213s][debug][gc,phases      ] GC(117)     Dead                           Min: 0, Avg:  0.0, Max: 0, Diff: 0, Sum: 0, Workers: 4
[602.213s][debug][gc,phases      ] GC(117)     Total                          Min: 0, Avg:  0.0, Max: 0, Diff: 0, Sum: 0, Workers: 4
[602.213s][debug][gc,phases      ] GC(117)   StringDedup Requests1 Weak     Min:  0.0, Avg:  0.0, Max:  0.0, Diff:  0.0, Sum:  0.0, Workers: 4
[602.213s][debug][gc,phases      ] GC(117)     Dead                           Min: 0, Avg:  0.0, Max: 0, Diff: 0, Sum: 0, Workers: 4
[602.213s][debug][gc,phases      ] GC(117)     Total                          Min: 0, Avg:  0.0, Max: 0, Diff: 0, Sum: 0, Workers: 4
[602.213s][debug][gc,phases      ] GC(117)   Weak JFR Old Object Samples    Min:  0.0, Avg:  0.0, Max:  0.0, Diff:  0.0, Sum:  0.0, Workers: 4
[602.213s][debug][gc,phases      ] GC(117)     Dead                           Min: 0, Avg:  0.0, Max: 0, Diff: 0, Sum: 0, Workers: 4
[602.213s][debug][gc,phases      ] GC(117)     Total                          Min: 0, Avg:  0.0, Max: 0, Diff: 0, Sum: 0, Workers: 4
[602.213s][debug][gc,phases      ] GC(117) Weak Processing 0.364ms
[602.213s][debug][gc,age         ] GC(117) Desired survivor size 129499136 bytes, new threshold 15 (max threshold 15)
[602.213s][info ][gc,heap        ] GC(117) PSYoungGen: 1909984K(1968128K)->72932K(1966080K) Eden: 1837056K(1837056K)->0K(1837056K) From: 72928K(131072K)->72932K(129024K)
[602.213s][info ][gc,heap        ] GC(117) ParOldGen: 358840K(401920K)->358864K(401920K)
[602.213s][info ][gc,metaspace   ] GC(117) Metaspace: 81305K(82112K)->81305K(82112K) NonClass: 69796K(70208K)->69796K(70208K) Class: 11509K(11904K)->11509K(11904K)
[602.213s][info ][gc             ] GC(117) Pause Young (Allocation Failure) 2215M->421M(2312M) 19.298ms
[602.213s][info ][gc,cpu         ] GC(117) User=0.08s Sys=0.00s Real=0.02s
[602.213s][info ][safepoint      ] Safepoint "ParallelGCFailedAllocation", Time since last: 727110028 ns, Reaching safepoint: 111103 ns, At safepoint: 19375467 ns, Total: 19486570 ns
[608.213s][info ][safepoint      ] Safepoint "Cleanup", Time since last: 6000400337 ns, Reaching safepoint: 45801 ns, At safepoint: 8900 ns, Total: 54701 ns
[617.214s][info ][safepoint      ] Safepoint "Cleanup", Time since last: 9000607202 ns, Reaching safepoint: 42401 ns, At safepoint: 29300 ns, Total: 71701 ns
[618.214s][info ][safepoint      ] Safepoint "Cleanup", Time since last: 1000091997 ns, Reaching safepoint: 39801 ns, At safepoint: 2900 ns, Total: 42701 ns
[620.214s][info ][safepoint      ] Safepoint "Cleanup", Time since last: 2000165691 ns, Reaching safepoint: 50001 ns, At safepoint: 3400 ns, Total: 53401 ns
[624.291s][info ][gc,start       ] GC(118) Pause Young (Allocation Failure)
[624.312s][debug][gc,phases      ] GC(118) Scavenge 21.348ms
[624.312s][debug][gc,ref         ] GC(118) Skipped phase 1 of Reference Processing: no references
[624.312s][debug][gc,ref         ] GC(118) ReferenceProcessor::execute queues: 1, RefProcThreadModel::Single, marks_oops_alive: false
[624.312s][debug][gc,ref         ] GC(118) Skipped phase 3 of Reference Processing: no references
[624.312s][debug][gc,ref         ] GC(118) Skipped phase 4 of Reference Processing: no references
[624.312s][debug][gc,phases      ] GC(118) Reference Processing 0.105ms
[624.312s][debug][gc,phases      ] GC(118)   VM Weak                        Min:  0.0, Avg:  0.0, Max:  0.0, Diff:  0.0, Sum:  0.0, Workers: 4
[624.312s][debug][gc,phases      ] GC(118)     Dead                           Min: 0, Avg:  0.0, Max: 0, Diff: 0, Sum: 0, Workers: 4
[624.312s][debug][gc,phases      ] GC(118)     Total                          Min: 0, Avg: 167.5, Max: 512, Diff: 512, Sum: 670, Workers: 4
[624.312s][debug][gc,phases      ] GC(118)   ObjectSynchronizer Weak        Min:  0.0, Avg:  0.0, Max:  0.0, Diff:  0.0, Sum:  0.0, Workers: 4
[624.312s][debug][gc,phases      ] GC(118)     Dead                           Min: 0, Avg:  0.0, Max: 0, Diff: 0, Sum: 0, Workers: 4
[624.312s][debug][gc,phases      ] GC(118)     Total                          Min: 0, Avg: 97.0, Max: 196, Diff: 196, Sum: 388, Workers: 4
[624.312s][debug][gc,phases      ] GC(118)   JVMTI Tag Weak OopStorage      Min:  0.0, Avg:  0.0, Max:  0.0, Diff:  0.0, Sum:  0.0, Workers: 4
[624.312s][debug][gc,phases      ] GC(118)     Dead                           Min: 0, Avg:  0.0, Max: 0, Diff: 0, Sum: 0, Workers: 4
[624.312s][debug][gc,phases      ] GC(118)     Total                          Min: 0, Avg:  0.0, Max: 0, Diff: 0, Sum: 0, Workers: 4
[624.312s][debug][gc,phases      ] GC(118)   StringTable Weak               Min:  0.1, Avg:  0.1, Max:  0.1, Diff:  0.0, Sum:  0.6, Workers: 4
[624.313s][debug][gc,phases      ] GC(118)     Dead                           Min: 0, Avg:  0.0, Max: 0, Diff: 0, Sum: 0, Workers: 4
[624.313s][debug][gc,phases      ] GC(118)     Total                          Min: 11072, Avg: 11931.5, Max: 13888, Diff: 2816, Sum: 47726, Workers: 4
[624.313s][debug][gc,phases      ] GC(118)   ResolvedMethodTable Weak       Min:  0.0, Avg:  0.0, Max:  0.0, Diff:  0.0, Sum:  0.1, Workers: 4
[624.313s][debug][gc,phases      ] GC(118)     Dead                           Min: 0, Avg:  0.0, Max: 0, Diff: 0, Sum: 0, Workers: 4
[624.313s][debug][gc,phases      ] GC(118)     Total                          Min: 1876, Avg: 2002.5, Max: 2163, Diff: 287, Sum: 8010, Workers: 4
[624.313s][debug][gc,phases      ] GC(118)   JNI Weak                       Min:  0.0, Avg:  0.0, Max:  0.0, Diff:  0.0, Sum:  0.0, Workers: 4
[624.313s][debug][gc,phases      ] GC(118)     Dead                           Min: 0, Avg:  0.0, Max: 0, Diff: 0, Sum: 0, Workers: 4
[624.313s][debug][gc,phases      ] GC(118)     Total                          Min: 0, Avg:  0.0, Max: 0, Diff: 0, Sum: 0, Workers: 4
[624.313s][debug][gc,phases      ] GC(118)   StringDedup Table Weak         Min:  0.0, Avg:  0.0, Max:  0.0, Diff:  0.0, Sum:  0.0, Workers: 4
[624.313s][debug][gc,phases      ] GC(118)     Dead                           Min: 0, Avg:  0.0, Max: 0, Diff: 0, Sum: 0, Workers: 4
[624.313s][debug][gc,phases      ] GC(118)     Total                          Min: 0, Avg:  0.0, Max: 0, Diff: 0, Sum: 0, Workers: 4
[624.313s][debug][gc,phases      ] GC(118)   StringDedup Requests0 Weak     Min:  0.0, Avg:  0.0, Max:  0.0, Diff:  0.0, Sum:  0.0, Workers: 4
[624.313s][debug][gc,phases      ] GC(118)     Dead                           Min: 0, Avg:  0.0, Max: 0, Diff: 0, Sum: 0, Workers: 4
[624.313s][debug][gc,phases      ] GC(118)     Total                          Min: 0, Avg:  0.0, Max: 0, Diff: 0, Sum: 0, Workers: 4
[624.313s][debug][gc,phases      ] GC(118)   StringDedup Requests1 Weak     Min:  0.0, Avg:  0.0, Max:  0.0, Diff:  0.0, Sum:  0.0, Workers: 4
[624.313s][debug][gc,phases      ] GC(118)     Dead                           Min: 0, Avg:  0.0, Max: 0, Diff: 0, Sum: 0, Workers: 4
[624.313s][debug][gc,phases      ] GC(118)     Total                          Min: 0, Avg:  0.0, Max: 0, Diff: 0, Sum: 0, Workers: 4
[624.313s][debug][gc,phases      ] GC(118)   Weak JFR Old Object Samples    Min:  0.0, Avg:  0.0, Max:  0.0, Diff:  0.0, Sum:  0.0, Workers: 4
[624.313s][debug][gc,phases      ] GC(118)     Dead                           Min: 0, Avg:  0.0, Max: 0, Diff: 0, Sum: 0, Workers: 4
[624.313s][debug][gc,phases      ] GC(118)     Total                          Min: 0, Avg:  0.0, Max: 0, Diff: 0, Sum: 0, Workers: 4
[624.313s][debug][gc,phases      ] GC(118) Weak Processing 0.358ms
[624.313s][debug][gc,age         ] GC(118) Desired survivor size 128450560 bytes, new threshold 15 (max threshold 15)
[624.313s][info ][gc,heap        ] GC(118) PSYoungGen: 1909988K(1966080K)->30624K(1971712K) Eden: 1837056K(1837056K)->0K(1845248K) From: 72932K(129024K)->30624K(126464K)
[624.313s][info ][gc,heap        ] GC(118) ParOldGen: 358864K(401920K)->402133K(402432K)
[624.313s][info ][gc,metaspace   ] GC(118) Metaspace: 81310K(82176K)->81310K(82176K) NonClass: 69801K(70272K)->69801K(70272K) Class: 11509K(11904K)->11509K(11904K)
[624.313s][info ][gc             ] GC(118) Pause Young (Allocation Failure) 2215M->422M(2318M) 21.942ms
[624.313s][info ][gc,cpu         ] GC(118) User=0.08s Sys=0.00s Real=0.03s
[624.313s][debug][gc,phases      ] GC(119) Pre Compact 0.009ms
[624.313s][info ][gc,start       ] GC(119) Pause Full (Ergonomics)
[624.313s][info ][gc,phases,start] GC(119) Marking Phase
[624.461s][debug][gc,phases      ] GC(119) Par Mark 147.791ms
[624.461s][debug][gc,ref         ] GC(119) Skipped phase 1 of Reference Processing: no references
[624.461s][debug][gc,ref         ] GC(119) ReferenceProcessor::execute queues: 4, RefProcThreadModel::Multi, marks_oops_alive: false
[624.461s][debug][gc,ref         ] GC(119) Skipped phase 3 of Reference Processing: no references
[624.461s][debug][gc,ref         ] GC(119) ReferenceProcessor::execute queues: 1, RefProcThreadModel::Single, marks_oops_alive: false
[624.461s][debug][gc,phases      ] GC(119) Reference Processing 0.686ms
[624.462s][debug][gc,phases      ] GC(119)   VM Weak                        Min:  0.0, Avg:  0.0, Max:  0.0, Diff:  0.0, Sum:  0.0, Workers: 4
[624.462s][debug][gc,phases      ] GC(119)     Dead                           Min: 0, Avg:  0.0, Max: 0, Diff: 0, Sum: 0, Workers: 4
[624.462s][debug][gc,phases      ] GC(119)     Total                          Min: 0, Avg: 167.5, Max: 320, Diff: 320, Sum: 670, Workers: 4
[624.462s][debug][gc,phases      ] GC(119)   ObjectSynchronizer Weak        Min:  0.0, Avg:  0.0, Max:  0.0, Diff:  0.0, Sum:  0.0, Workers: 4
[624.462s][debug][gc,phases      ] GC(119)     Dead                           Min: 0, Avg:  0.0, Max: 0, Diff: 0, Sum: 0, Workers: 4
[624.462s][debug][gc,phases      ] GC(119)     Total                          Min: 0, Avg: 97.0, Max: 132, Diff: 132, Sum: 388, Workers: 4
[624.462s][debug][gc,phases      ] GC(119)   JVMTI Tag Weak OopStorage      Min:  0.0, Avg:  0.0, Max:  0.0, Diff:  0.0, Sum:  0.0, Workers: 4
[624.462s][debug][gc,phases      ] GC(119)     Dead                           Min: 0, Avg:  0.0, Max: 0, Diff: 0, Sum: 0, Workers: 4
[624.462s][debug][gc,phases      ] GC(119)     Total                          Min: 0, Avg:  0.0, Max: 0, Diff: 0, Sum: 0, Workers: 4
[624.462s][debug][gc,phases      ] GC(119)   StringTable Weak               Min:  0.2, Avg:  0.2, Max:  0.2, Diff:  0.0, Sum:  0.6, Workers: 4
[624.462s][debug][gc,phases      ] GC(119)     Dead                           Min: 0, Avg:  0.0, Max: 0, Diff: 0, Sum: 0, Workers: 4
[624.462s][debug][gc,phases      ] GC(119)     Total                          Min: 11072, Avg: 11931.5, Max: 12846, Diff: 1774, Sum: 47726, Workers: 4
[624.462s][debug][gc,phases      ] GC(119)   ResolvedMethodTable Weak       Min:  0.0, Avg:  0.0, Max:  0.0, Diff:  0.0, Sum:  0.1, Workers: 4
[624.462s][debug][gc,phases      ] GC(119)     Dead                           Min: 0, Avg:  0.0, Max: 0, Diff: 0, Sum: 0, Workers: 4
[624.462s][debug][gc,phases      ] GC(119)     Total                          Min: 1821, Avg: 2002.5, Max: 2286, Diff: 465, Sum: 8010, Workers: 4
[624.462s][debug][gc,phases      ] GC(119)   JNI Weak                       Min:  0.0, Avg:  0.0, Max:  0.0, Diff:  0.0, Sum:  0.0, Workers: 4
[624.462s][debug][gc,phases      ] GC(119)     Dead                           Min: 0, Avg:  0.0, Max: 0, Diff: 0, Sum: 0, Workers: 4
[624.462s][debug][gc,phases      ] GC(119)     Total                          Min: 0, Avg:  0.0, Max: 0, Diff: 0, Sum: 0, Workers: 4
[624.462s][debug][gc,phases      ] GC(119)   StringDedup Table Weak         Min:  0.0, Avg:  0.0, Max:  0.0, Diff:  0.0, Sum:  0.0, Workers: 4
[624.462s][debug][gc,phases      ] GC(119)     Dead                           Min: 0, Avg:  0.0, Max: 0, Diff: 0, Sum: 0, Workers: 4
[624.462s][debug][gc,phases      ] GC(119)     Total                          Min: 0, Avg:  0.0, Max: 0, Diff: 0, Sum: 0, Workers: 4
[624.462s][debug][gc,phases      ] GC(119)   StringDedup Requests0 Weak     Min:  0.0, Avg:  0.0, Max:  0.0, Diff:  0.0, Sum:  0.0, Workers: 4
[624.462s][debug][gc,phases      ] GC(119)     Dead                           Min: 0, Avg:  0.0, Max: 0, Diff: 0, Sum: 0, Workers: 4
[624.462s][debug][gc,phases      ] GC(119)     Total                          Min: 0, Avg:  0.0, Max: 0, Diff: 0, Sum: 0, Workers: 4
[624.462s][debug][gc,phases      ] GC(119)   StringDedup Requests1 Weak     Min:  0.0, Avg:  0.0, Max:  0.0, Diff:  0.0, Sum:  0.0, Workers: 4
[624.462s][debug][gc,phases      ] GC(119)     Dead                           Min: 0, Avg:  0.0, Max: 0, Diff: 0, Sum: 0, Workers: 4
[624.462s][debug][gc,phases      ] GC(119)     Total                          Min: 0, Avg:  0.0, Max: 0, Diff: 0, Sum: 0, Workers: 4
[624.462s][debug][gc,phases      ] GC(119)   Weak JFR Old Object Samples    Min:  0.0, Avg:  0.0, Max:  0.0, Diff:  0.0, Sum:  0.0, Workers: 4
[624.462s][debug][gc,phases      ] GC(119)     Dead                           Min: 0, Avg:  0.0, Max: 0, Diff: 0, Sum: 0, Workers: 4
[624.462s][debug][gc,phases      ] GC(119)     Total                          Min: 0, Avg:  0.0, Max: 0, Diff: 0, Sum: 0, Workers: 4
[624.462s][debug][gc,phases      ] GC(119) Weak Processing 0.357ms
[624.462s][debug][gc,phases      ] GC(119) ClassLoaderData 0.094ms
[624.462s][debug][gc,phases      ] GC(119) Trigger cleanups 0.000ms
[624.478s][debug][gc,phases      ] GC(119) Class Unloading 16.451ms
[624.478s][info ][gc,phases      ] GC(119) Marking Phase 165.492ms
[624.478s][info ][gc,phases,start] GC(119) Summary Phase
[624.478s][info ][gc,phases      ] GC(119) Summary Phase 0.012ms
[624.478s][info ][gc,phases,start] GC(119) Adjust Roots
[624.494s][info ][gc,phases      ] GC(119) Adjust Roots 15.789ms
[624.494s][info ][gc,phases,start] GC(119) Compaction Phase
[624.750s][info ][gc,phases      ] GC(119) Compaction Phase 255.509ms
[624.750s][info ][gc,phases,start] GC(119) Post Compact
[624.751s][info ][gc,phases      ] GC(119) Post Compact 1.285ms
[624.751s][info ][gc,heap        ] GC(119) PSYoungGen: 30624K(1971712K)->25345K(1971712K) Eden: 0K(1845248K)->0K(1845248K) From: 30624K(126464K)->25345K(126464K)
[624.751s][info ][gc,heap        ] GC(119) ParOldGen: 402133K(402432K)->402072K(495616K)
[624.751s][info ][gc,metaspace   ] GC(119) Metaspace: 81310K(82176K)->81310K(82176K) NonClass: 69801K(70272K)->69801K(70272K) Class: 11509K(11904K)->11509K(11904K)
[624.751s][info ][gc             ] GC(119) Pause Full (Ergonomics) 422M->417M(2409M) 438.385ms
[624.751s][info ][gc,cpu         ] GC(119) User=1.65s Sys=0.00s Real=0.43s
[624.751s][info ][safepoint      ] Safepoint "ParallelGCFailedAllocation", Time since last: 4076447306 ns, Reaching safepoint: 38601 ns, At safepoint: 460471292 ns, Total: 460509893 ns
[632.752s][info ][safepoint      ] Safepoint "Cleanup", Time since last: 8000548401 ns, Reaching safepoint: 55001 ns, At safepoint: 8200 ns, Total: 63201 ns
[635.752s][info ][safepoint      ] Safepoint "Cleanup", Time since last: 3000209150 ns, Reaching safepoint: 53601 ns, At safepoint: 4501 ns, Total: 58102 ns
[636.752s][info ][safepoint      ] Safepoint "Cleanup", Time since last: 1000097982 ns, Reaching safepoint: 63602 ns, At safepoint: 9400 ns, Total: 73002 ns
[642.753s][info ][safepoint      ] Safepoint "Cleanup", Time since last: 6000430275 ns, Reaching safepoint: 46901 ns, At safepoint: 3200 ns, Total: 50101 ns
[646.243s][info ][gc,start       ] GC(120) Pause Young (Allocation Failure)
[646.293s][debug][gc,phases      ] GC(120) Scavenge 49.835ms
[646.293s][debug][gc,ref         ] GC(120) Skipped phase 1 of Reference Processing: no references
[646.293s][debug][gc,ref         ] GC(120) ReferenceProcessor::execute queues: 1, RefProcThreadModel::Single, marks_oops_alive: false
[646.293s][debug][gc,ref         ] GC(120) Skipped phase 3 of Reference Processing: no references
[646.293s][debug][gc,ref         ] GC(120) ReferenceProcessor::execute queues: 1, RefProcThreadModel::Single, marks_oops_alive: false
[646.293s][debug][gc,phases      ] GC(120) Reference Processing 0.103ms
[646.293s][debug][gc,phases      ] GC(120)   VM Weak                        Min:  0.0, Avg:  0.0, Max:  0.0, Diff:  0.0, Sum:  0.0, Workers: 4
[646.293s][debug][gc,phases      ] GC(120)     Dead                           Min: 0, Avg:  0.0, Max: 0, Diff: 0, Sum: 0, Workers: 4
[646.293s][debug][gc,phases      ] GC(120)     Total                          Min: 0, Avg: 167.5, Max: 384, Diff: 384, Sum: 670, Workers: 4
[646.293s][debug][gc,phases      ] GC(120)   ObjectSynchronizer Weak        Min:  0.0, Avg:  0.0, Max:  0.0, Diff:  0.0, Sum:  0.0, Workers: 4
[646.293s][debug][gc,phases      ] GC(120)     Dead                           Min: 0, Avg:  0.0, Max: 0, Diff: 0, Sum: 0, Workers: 4
[646.293s][debug][gc,phases      ] GC(120)     Total                          Min: 0, Avg: 97.0, Max: 132, Diff: 132, Sum: 388, Workers: 4
[646.293s][debug][gc,phases      ] GC(120)   JVMTI Tag Weak OopStorage      Min:  0.0, Avg:  0.0, Max:  0.0, Diff:  0.0, Sum:  0.0, Workers: 4
[646.293s][debug][gc,phases      ] GC(120)     Dead                           Min: 0, Avg:  0.0, Max: 0, Diff: 0, Sum: 0, Workers: 4
[646.293s][debug][gc,phases      ] GC(120)     Total                          Min: 0, Avg:  0.0, Max: 0, Diff: 0, Sum: 0, Workers: 4
[646.293s][debug][gc,phases      ] GC(120)   StringTable Weak               Min:  0.1, Avg:  0.1, Max:  0.1, Diff:  0.0, Sum:  0.5, Workers: 4
[646.293s][debug][gc,phases      ] GC(120)     Dead                           Min: 0, Avg:  0.0, Max: 0, Diff: 0, Sum: 0, Workers: 4
[646.293s][debug][gc,phases      ] GC(120)     Total                          Min: 11392, Avg: 11931.5, Max: 12334, Diff: 942, Sum: 47726, Workers: 4
[646.293s][debug][gc,phases      ] GC(120)   ResolvedMethodTable Weak       Min:  0.0, Avg:  0.0, Max:  0.0, Diff:  0.0, Sum:  0.1, Workers: 4
[646.293s][debug][gc,phases      ] GC(120)     Dead                           Min: 0, Avg:  0.0, Max: 0, Diff: 0, Sum: 0, Workers: 4
[646.293s][debug][gc,phases      ] GC(120)     Total                          Min: 1816, Avg: 2002.5, Max: 2139, Diff: 323, Sum: 8010, Workers: 4
[646.293s][debug][gc,phases      ] GC(120)   JNI Weak                       Min:  0.0, Avg:  0.0, Max:  0.0, Diff:  0.0, Sum:  0.0, Workers: 4
[646.293s][debug][gc,phases      ] GC(120)     Dead                           Min: 0, Avg:  0.0, Max: 0, Diff: 0, Sum: 0, Workers: 4
[646.293s][debug][gc,phases      ] GC(120)     Total                          Min: 0, Avg:  0.0, Max: 0, Diff: 0, Sum: 0, Workers: 4
[646.293s][debug][gc,phases      ] GC(120)   StringDedup Table Weak         Min:  0.0, Avg:  0.0, Max:  0.0, Diff:  0.0, Sum:  0.0, Workers: 4
[646.293s][debug][gc,phases      ] GC(120)     Dead                           Min: 0, Avg:  0.0, Max: 0, Diff: 0, Sum: 0, Workers: 4
[646.293s][debug][gc,phases      ] GC(120)     Total                          Min: 0, Avg:  0.0, Max: 0, Diff: 0, Sum: 0, Workers: 4
[646.293s][debug][gc,phases      ] GC(120)   StringDedup Requests0 Weak     Min:  0.0, Avg:  0.0, Max:  0.0, Diff:  0.0, Sum:  0.0, Workers: 4
[646.293s][debug][gc,phases      ] GC(120)     Dead                           Min: 0, Avg:  0.0, Max: 0, Diff: 0, Sum: 0, Workers: 4
[646.293s][debug][gc,phases      ] GC(120)     Total                          Min: 0, Avg:  0.0, Max: 0, Diff: 0, Sum: 0, Workers: 4
[646.293s][debug][gc,phases      ] GC(120)   StringDedup Requests1 Weak     Min:  0.0, Avg:  0.0, Max:  0.0, Diff:  0.0, Sum:  0.0, Workers: 4
[646.293s][debug][gc,phases      ] GC(120)     Dead                           Min: 0, Avg:  0.0, Max: 0, Diff: 0, Sum: 0, Workers: 4
[646.293s][debug][gc,phases      ] GC(120)     Total                          Min: 0, Avg:  0.0, Max: 0, Diff: 0, Sum: 0, Workers: 4
[646.293s][debug][gc,phases      ] GC(120)   Weak JFR Old Object Samples    Min:  0.0, Avg:  0.0, Max:  0.0, Diff:  0.0, Sum:  0.0, Workers: 4
[646.293s][debug][gc,phases      ] GC(120)     Dead                           Min: 0, Avg:  0.0, Max: 0, Diff: 0, Sum: 0, Workers: 4
[646.293s][debug][gc,phases      ] GC(120)     Total                          Min: 0, Avg:  0.0, Max: 0, Diff: 0, Sum: 0, Workers: 4
[646.293s][debug][gc,phases      ] GC(120) Weak Processing 0.323ms
[646.293s][debug][gc,age         ] GC(120) Desired survivor size 130547712 bytes, new threshold 15 (max threshold 15)
[646.293s][info ][gc,heap        ] GC(120) PSYoungGen: 1870593K(1971712K)->8128K(1853440K) Eden: 1845248K(1845248K)->0K(1845248K) From: 25345K(126464K)->8128K(8192K)
[646.293s][info ][gc,heap        ] GC(120) ParOldGen: 402072K(495616K)->419704K(495616K)
[646.293s][info ][gc,metaspace   ] GC(120) Metaspace: 81322K(82176K)->81322K(82176K) NonClass: 69812K(70272K)->69812K(70272K) Class: 11509K(11904K)->11509K(11904K)
[646.293s][info ][gc             ] GC(120) Pause Young (Allocation Failure) 2219M->417M(2294M) 50.381ms
[646.293s][info ][gc,cpu         ] GC(120) User=0.20s Sys=0.00s Real=0.06s
[646.294s][info ][safepoint      ] Safepoint "ParallelGCFailedAllocation", Time since last: 3490344826 ns, Reaching safepoint: 41301 ns, At safepoint: 50463115 ns, Total: 50504416 ns
[656.294s][info ][safepoint      ] Safepoint "Cleanup", Time since last: 10000684805 ns, Reaching safepoint: 114303 ns, At safepoint: 11600 ns, Total: 125903 ns
[659.295s][info ][safepoint      ] Safepoint "Cleanup", Time since last: 3000286399 ns, Reaching safepoint: 47601 ns, At safepoint: 9201 ns, Total: 56802 ns
[664.295s][info ][safepoint      ] Safepoint "Cleanup", Time since last: 5000382515 ns, Reaching safepoint: 122202 ns, At safepoint: 7301 ns, Total: 129503 ns
[666.295s][info ][safepoint      ] Safepoint "Cleanup", Time since last: 2000184221 ns, Reaching safepoint: 133304 ns, At safepoint: 7200 ns, Total: 140504 ns
[667.296s][info ][safepoint      ] Safepoint "Cleanup", Time since last: 1000117060 ns, Reaching safepoint: 119203 ns, At safepoint: 5100 ns, Total: 124303 ns
[668.296s][info ][safepoint      ] Safepoint "Cleanup", Time since last: 1000104659 ns, Reaching safepoint: 119603 ns, At safepoint: 7000 ns, Total: 126603 ns
[668.316s][info ][gc,start       ] GC(121) Pause Young (Allocation Failure)
[668.323s][debug][gc,phases      ] GC(121) Scavenge 6.767ms
[668.323s][debug][gc,ref         ] GC(121) Skipped phase 1 of Reference Processing: no references
[668.323s][debug][gc,ref         ] GC(121) ReferenceProcessor::execute queues: 1, RefProcThreadModel::Single, marks_oops_alive: false
[668.323s][debug][gc,ref         ] GC(121) Skipped phase 3 of Reference Processing: no references
[668.323s][debug][gc,ref         ] GC(121) ReferenceProcessor::execute queues: 1, RefProcThreadModel::Single, marks_oops_alive: false
[668.323s][debug][gc,phases      ] GC(121) Reference Processing 0.142ms
[668.323s][debug][gc,phases      ] GC(121)   VM Weak                        Min:  0.0, Avg:  0.0, Max:  0.0, Diff:  0.0, Sum:  0.0, Workers: 4
[668.323s][debug][gc,phases      ] GC(121)     Dead                           Min: 0, Avg:  0.0, Max: 0, Diff: 0, Sum: 0, Workers: 4
[668.323s][debug][gc,phases      ] GC(121)     Total                          Min: 0, Avg: 167.5, Max: 542, Diff: 542, Sum: 670, Workers: 4
[668.323s][debug][gc,phases      ] GC(121)   ObjectSynchronizer Weak        Min:  0.0, Avg:  0.0, Max:  0.0, Diff:  0.0, Sum:  0.0, Workers: 4
[668.323s][debug][gc,phases      ] GC(121)     Dead                           Min: 0, Avg:  0.0, Max: 0, Diff: 0, Sum: 0, Workers: 4
[668.323s][debug][gc,phases      ] GC(121)     Total                          Min: 0, Avg: 97.0, Max: 192, Diff: 192, Sum: 388, Workers: 4
[668.323s][debug][gc,phases      ] GC(121)   JVMTI Tag Weak OopStorage      Min:  0.0, Avg:  0.0, Max:  0.0, Diff:  0.0, Sum:  0.0, Workers: 4
[668.323s][debug][gc,phases      ] GC(121)     Dead                           Min: 0, Avg:  0.0, Max: 0, Diff: 0, Sum: 0, Workers: 4
[668.323s][debug][gc,phases      ] GC(121)     Total                          Min: 0, Avg:  0.0, Max: 0, Diff: 0, Sum: 0, Workers: 4
[668.323s][debug][gc,phases      ] GC(121)   StringTable Weak               Min:  0.1, Avg:  0.1, Max:  0.1, Diff:  0.0, Sum:  0.4, Workers: 4
[668.323s][debug][gc,phases      ] GC(121)     Dead                           Min: 0, Avg:  0.0, Max: 0, Diff: 0, Sum: 0, Workers: 4
[668.323s][debug][gc,phases      ] GC(121)     Total                          Min: 10944, Avg: 11933.5, Max: 13878, Diff: 2934, Sum: 47734, Workers: 4
[668.323s][debug][gc,phases      ] GC(121)   ResolvedMethodTable Weak       Min:  0.0, Avg:  0.0, Max:  0.0, Diff:  0.0, Sum:  0.1, Workers: 4
[668.323s][debug][gc,phases      ] GC(121)     Dead                           Min: 0, Avg:  0.0, Max: 0, Diff: 0, Sum: 0, Workers: 4
[668.323s][debug][gc,phases      ] GC(121)     Total                          Min: 1913, Avg: 2003.5, Max: 2210, Diff: 297, Sum: 8014, Workers: 4
[668.323s][debug][gc,phases      ] GC(121)   JNI Weak                       Min:  0.0, Avg:  0.0, Max:  0.0, Diff:  0.0, Sum:  0.0, Workers: 4
[668.323s][debug][gc,phases      ] GC(121)     Dead                           Min: 0, Avg:  0.0, Max: 0, Diff: 0, Sum: 0, Workers: 4
[668.323s][debug][gc,phases      ] GC(121)     Total                          Min: 0, Avg:  0.0, Max: 0, Diff: 0, Sum: 0, Workers: 4
[668.323s][debug][gc,phases      ] GC(121)   StringDedup Table Weak         Min:  0.0, Avg:  0.0, Max:  0.0, Diff:  0.0, Sum:  0.0, Workers: 4
[668.323s][debug][gc,phases      ] GC(121)     Dead                           Min: 0, Avg:  0.0, Max: 0, Diff: 0, Sum: 0, Workers: 4
[668.323s][debug][gc,phases      ] GC(121)     Total                          Min: 0, Avg:  0.0, Max: 0, Diff: 0, Sum: 0, Workers: 4
[668.323s][debug][gc,phases      ] GC(121)   StringDedup Requests0 Weak     Min:  0.0, Avg:  0.0, Max:  0.0, Diff:  0.0, Sum:  0.0, Workers: 4
[668.323s][debug][gc,phases      ] GC(121)     Dead                           Min: 0, Avg:  0.0, Max: 0, Diff: 0, Sum: 0, Workers: 4
[668.323s][debug][gc,phases      ] GC(121)     Total                          Min: 0, Avg:  0.0, Max: 0, Diff: 0, Sum: 0, Workers: 4
[668.323s][debug][gc,phases      ] GC(121)   StringDedup Requests1 Weak     Min:  0.0, Avg:  0.0, Max:  0.0, Diff:  0.0, Sum:  0.0, Workers: 4
[668.323s][debug][gc,phases      ] GC(121)     Dead                           Min: 0, Avg:  0.0, Max: 0, Diff: 0, Sum: 0, Workers: 4
[668.323s][debug][gc,phases      ] GC(121)     Total                          Min: 0, Avg:  0.0, Max: 0, Diff: 0, Sum: 0, Workers: 4
[668.323s][debug][gc,phases      ] GC(121)   Weak JFR Old Object Samples    Min:  0.0, Avg:  0.0, Max:  0.0, Diff:  0.0, Sum:  0.0, Workers: 4
[668.323s][debug][gc,phases      ] GC(121)     Dead                           Min: 0, Avg:  0.0, Max: 0, Diff: 0, Sum: 0, Workers: 4
[668.323s][debug][gc,phases      ] GC(121)     Total                          Min: 0, Avg:  0.0, Max: 0, Diff: 0, Sum: 0, Workers: 4
[668.323s][debug][gc,phases      ] GC(121) Weak Processing 0.334ms
[668.323s][debug][gc,age         ] GC(121) Desired survivor size 132644864 bytes, new threshold 15 (max threshold 15)
[668.323s][info ][gc,heap        ] GC(121) PSYoungGen: 1853376K(1853440K)->128K(1965568K) Eden: 1845248K(1845248K)->0K(1838080K) From: 8128K(8192K)->128K(127488K)
[668.323s][info ][gc,heap        ] GC(121) ParOldGen: 419704K(495616K)->427928K(495616K)
[668.323s][info ][gc,metaspace   ] GC(121) Metaspace: 81361K(82176K)->81361K(82176K) NonClass: 69849K(70272K)->69849K(70272K) Class: 11511K(11904K)->11511K(11904K)
[668.323s][info ][gc             ] GC(121) Pause Young (Allocation Failure) 2219M->418M(2403M) 7.377ms
[668.323s][info ][gc,cpu         ] GC(121) User=0.02s Sys=0.00s Real=0.00s
[668.323s][info ][safepoint      ] Safepoint "ParallelGCFailedAllocation", Time since last: 20025882 ns, Reaching safepoint: 22501 ns, At safepoint: 7468779 ns, Total: 7491280 ns
[669.324s][info ][safepoint      ] Safepoint "Cleanup", Time since last: 1000085459 ns, Reaching safepoint: 165804 ns, At safepoint: 10600 ns, Total: 176404 ns
[670.324s][info ][safepoint      ] Safepoint "Cleanup", Time since last: 1000101458 ns, Reaching safepoint: 86902 ns, At safepoint: 7700 ns, Total: 94602 ns
[672.196s][info ][safepoint      ] Safepoint "Cleanup", Time since last: 1872361038 ns, Reaching safepoint: 82802 ns, At safepoint: 9400 ns, Total: 92202 ns
[674.101s][info ][safepoint      ] Safepoint "Cleanup", Time since last: 1904625712 ns, Reaching safepoint: 79902 ns, At safepoint: 7401 ns, Total: 87303 ns
[675.101s][info ][safepoint      ] Safepoint "Cleanup", Time since last: 1000123855 ns, Reaching safepoint: 51201 ns, At safepoint: 5800 ns, Total: 57001 ns
[676.758s][info ][safepoint      ] Safepoint "Cleanup", Time since last: 1656417338 ns, Reaching safepoint: 99103 ns, At safepoint: 13100 ns, Total: 112203 ns
[677.758s][info ][safepoint      ] Safepoint "Cleanup", Time since last: 1000105553 ns, Reaching safepoint: 71901 ns, At safepoint: 7701 ns, Total: 79602 ns
[678.758s][info ][safepoint      ] Safepoint "Cleanup", Time since last: 1000116452 ns, Reaching safepoint: 44601 ns, At safepoint: 6900 ns, Total: 51501 ns
[679.758s][info ][safepoint      ] Safepoint "Cleanup", Time since last: 1000092351 ns, Reaching safepoint: 67002 ns, At safepoint: 6600 ns, Total: 73602 ns
[680.759s][info ][safepoint      ] Safepoint "Cleanup", Time since last: 1000107450 ns, Reaching safepoint: 50702 ns, At safepoint: 3200 ns, Total: 53902 ns
[681.759s][info ][safepoint      ] Safepoint "Cleanup", Time since last: 1000121250 ns, Reaching safepoint: 126003 ns, At safepoint: 31101 ns, Total: 157104 ns
[682.759s][info ][safepoint      ] Safepoint "Cleanup", Time since last: 1000115249 ns, Reaching safepoint: 68302 ns, At safepoint: 7200 ns, Total: 75502 ns
[683.759s][info ][safepoint      ] Safepoint "Cleanup", Time since last: 1000118749 ns, Reaching safepoint: 51201 ns, At safepoint: 8300 ns, Total: 59501 ns
[684.759s][info ][safepoint      ] Safepoint "Cleanup", Time since last: 1000111548 ns, Reaching safepoint: 60001 ns, At safepoint: 5200 ns, Total: 65201 ns
[685.760s][info ][safepoint      ] Safepoint "Cleanup", Time since last: 1000113048 ns, Reaching safepoint: 68501 ns, At safepoint: 6900 ns, Total: 75401 ns
[686.760s][info ][safepoint      ] Safepoint "Cleanup", Time since last: 1000114547 ns, Reaching safepoint: 70002 ns, At safepoint: 6100 ns, Total: 76102 ns
[687.693s][info ][gc,start       ] GC(122) Pause Young (Allocation Failure)
[687.697s][debug][gc,phases      ] GC(122) Scavenge 3.662ms
[687.697s][debug][gc,ref         ] GC(122) Skipped phase 1 of Reference Processing: no references
[687.697s][debug][gc,ref         ] GC(122) ReferenceProcessor::execute queues: 1, RefProcThreadModel::Single, marks_oops_alive: false
[687.697s][debug][gc,ref         ] GC(122) Skipped phase 3 of Reference Processing: no references
[687.697s][debug][gc,ref         ] GC(122) ReferenceProcessor::execute queues: 1, RefProcThreadModel::Single, marks_oops_alive: false
[687.697s][debug][gc,phases      ] GC(122) Reference Processing 0.104ms
[687.697s][debug][gc,phases      ] GC(122)   VM Weak                        Min:  0.0, Avg:  0.0, Max:  0.0, Diff:  0.0, Sum:  0.0, Workers: 4
[687.697s][debug][gc,phases      ] GC(122)     Dead                           Min: 0, Avg:  0.0, Max: 0, Diff: 0, Sum: 0, Workers: 4
[687.697s][debug][gc,phases      ] GC(122)     Total                          Min: 0, Avg: 168.8, Max: 547, Diff: 547, Sum: 675, Workers: 4
[687.697s][debug][gc,phases      ] GC(122)   ObjectSynchronizer Weak        Min:  0.0, Avg:  0.0, Max:  0.0, Diff:  0.0, Sum:  0.0, Workers: 4
[687.697s][debug][gc,phases      ] GC(122)     Dead                           Min: 0, Avg:  0.0, Max: 0, Diff: 0, Sum: 0, Workers: 4
[687.697s][debug][gc,phases      ] GC(122)     Total                          Min: 0, Avg: 97.2, Max: 133, Diff: 133, Sum: 389, Workers: 4
[687.697s][debug][gc,phases      ] GC(122)   JVMTI Tag Weak OopStorage      Min:  0.0, Avg:  0.0, Max:  0.0, Diff:  0.0, Sum:  0.0, Workers: 4
[687.697s][debug][gc,phases      ] GC(122)     Dead                           Min: 0, Avg:  0.0, Max: 0, Diff: 0, Sum: 0, Workers: 4
[687.697s][debug][gc,phases      ] GC(122)     Total                          Min: 0, Avg:  0.0, Max: 0, Diff: 0, Sum: 0, Workers: 4
[687.697s][debug][gc,phases      ] GC(122)   StringTable Weak               Min:  0.1, Avg:  0.1, Max:  0.1, Diff:  0.0, Sum:  0.4, Workers: 4
[687.697s][debug][gc,phases      ] GC(122)     Dead                           Min: 0, Avg:  0.2, Max: 1, Diff: 1, Sum: 1, Workers: 4
[687.697s][debug][gc,phases      ] GC(122)     Total                          Min: 11200, Avg: 11945.0, Max: 12900, Diff: 1700, Sum: 47780, Workers: 4
[687.697s][debug][gc,phases      ] GC(122)   ResolvedMethodTable Weak       Min:  0.0, Avg:  0.0, Max:  0.0, Diff:  0.0, Sum:  0.1, Workers: 4
[687.697s][debug][gc,phases      ] GC(122)     Dead                           Min: 0, Avg:  0.0, Max: 0, Diff: 0, Sum: 0, Workers: 4
[687.697s][debug][gc,phases      ] GC(122)     Total                          Min: 1925, Avg: 2009.8, Max: 2172, Diff: 247, Sum: 8039, Workers: 4
[687.697s][debug][gc,phases      ] GC(122)   JNI Weak                       Min:  0.0, Avg:  0.0, Max:  0.0, Diff:  0.0, Sum:  0.0, Workers: 4
[687.697s][debug][gc,phases      ] GC(122)     Dead                           Min: 0, Avg:  0.0, Max: 0, Diff: 0, Sum: 0, Workers: 4
[687.697s][debug][gc,phases      ] GC(122)     Total                          Min: 0, Avg:  0.0, Max: 0, Diff: 0, Sum: 0, Workers: 4
[687.697s][debug][gc,phases      ] GC(122)   StringDedup Table Weak         Min:  0.0, Avg:  0.0, Max:  0.0, Diff:  0.0, Sum:  0.0, Workers: 4
[687.697s][debug][gc,phases      ] GC(122)     Dead                           Min: 0, Avg:  0.0, Max: 0, Diff: 0, Sum: 0, Workers: 4
[687.697s][debug][gc,phases      ] GC(122)     Total                          Min: 0, Avg:  0.0, Max: 0, Diff: 0, Sum: 0, Workers: 4
[687.697s][debug][gc,phases      ] GC(122)   StringDedup Requests0 Weak     Min:  0.0, Avg:  0.0, Max:  0.0, Diff:  0.0, Sum:  0.0, Workers: 4
[687.697s][debug][gc,phases      ] GC(122)     Dead                           Min: 0, Avg:  0.0, Max: 0, Diff: 0, Sum: 0, Workers: 4
[687.697s][debug][gc,phases      ] GC(122)     Total                          Min: 0, Avg:  0.0, Max: 0, Diff: 0, Sum: 0, Workers: 4
[687.697s][debug][gc,phases      ] GC(122)   StringDedup Requests1 Weak     Min:  0.0, Avg:  0.0, Max:  0.0, Diff:  0.0, Sum:  0.0, Workers: 4
[687.697s][debug][gc,phases      ] GC(122)     Dead                           Min: 0, Avg:  0.0, Max: 0, Diff: 0, Sum: 0, Workers: 4
[687.697s][debug][gc,phases      ] GC(122)     Total                          Min: 0, Avg:  0.0, Max: 0, Diff: 0, Sum: 0, Workers: 4
[687.697s][debug][gc,phases      ] GC(122)   Weak JFR Old Object Samples    Min:  0.0, Avg:  0.0, Max:  0.0, Diff:  0.0, Sum:  0.0, Workers: 4
[687.697s][debug][gc,phases      ] GC(122)     Dead                           Min: 0, Avg:  0.0, Max: 0, Diff: 0, Sum: 0, Workers: 4
[687.697s][debug][gc,phases      ] GC(122)     Total                          Min: 0, Avg:  0.0, Max: 0, Diff: 0, Sum: 0, Workers: 4
[687.697s][debug][gc,phases      ] GC(122) Weak Processing 0.303ms
[687.698s][debug][gc,age         ] GC(122) Desired survivor size 132644864 bytes, new threshold 15 (max threshold 15)
[687.698s][info ][gc,heap        ] GC(122) PSYoungGen: 1838208K(1965568K)->1152K(1967616K) Eden: 1838080K(1838080K)->0K(1838080K) From: 128K(127488K)->1152K(129536K)
[687.698s][info ][gc,heap        ] GC(122) ParOldGen: 427928K(495616K)->427960K(495616K)
[687.698s][info ][gc,metaspace   ] GC(122) Metaspace: 81508K(82304K)->81508K(82304K) NonClass: 69978K(70400K)->69978K(70400K) Class: 11529K(11904K)->11529K(11904K)
[687.698s][info ][gc             ] GC(122) Pause Young (Allocation Failure) 2213M->419M(2405M) 4.208ms
[687.698s][info ][gc,cpu         ] GC(122) User=0.02s Sys=0.00s Real=0.00s
[687.698s][info ][safepoint      ] Safepoint "ParallelGCFailedAllocation", Time since last: 933411342 ns, Reaching safepoint: 176704 ns, At safepoint: 4295703 ns, Total: 4472407 ns
[688.698s][info ][safepoint      ] Safepoint "Cleanup", Time since last: 1000044344 ns, Reaching safepoint: 68802 ns, At safepoint: 5200 ns, Total: 74002 ns
[689.698s][info ][safepoint      ] Safepoint "Cleanup", Time since last: 1000124245 ns, Reaching safepoint: 62701 ns, At safepoint: 6000 ns, Total: 68701 ns
[690.698s][info ][safepoint      ] Safepoint "Cleanup", Time since last: 1000111844 ns, Reaching safepoint: 74702 ns, At safepoint: 5300 ns, Total: 80002 ns
[691.698s][info ][safepoint      ] Safepoint "Cleanup", Time since last: 1000069642 ns, Reaching safepoint: 242506 ns, At safepoint: 6900 ns, Total: 249406 ns
[692.699s][info ][safepoint      ] Safepoint "Cleanup", Time since last: 1000099842 ns, Reaching safepoint: 87502 ns, At safepoint: 7100 ns, Total: 94602 ns
[693.699s][info ][safepoint      ] Safepoint "Cleanup", Time since last: 1000121642 ns, Reaching safepoint: 45901 ns, At safepoint: 8001 ns, Total: 53902 ns
[694.699s][info ][safepoint      ] Safepoint "Cleanup", Time since last: 1000119541 ns, Reaching safepoint: 65101 ns, At safepoint: 8701 ns, Total: 73802 ns
[695.760s][info ][safepoint      ] Safepoint "Cleanup", Time since last: 1061417714 ns, Reaching safepoint: 74501 ns, At safepoint: 5201 ns, Total: 79702 ns
[696.761s][info ][safepoint      ] Safepoint "Cleanup", Time since last: 1000103839 ns, Reaching safepoint: 52501 ns, At safepoint: 4800 ns, Total: 57301 ns
[697.761s][info ][safepoint      ] Safepoint "Cleanup", Time since last: 1000102639 ns, Reaching safepoint: 49001 ns, At safepoint: 2200 ns, Total: 51201 ns
[698.761s][info ][safepoint      ] Safepoint "Cleanup", Time since last: 1000104539 ns, Reaching safepoint: 45101 ns, At safepoint: 8900 ns, Total: 54001 ns
[699.761s][info ][safepoint      ] Safepoint "Cleanup", Time since last: 1000103937 ns, Reaching safepoint: 46301 ns, At safepoint: 5901 ns, Total: 52202 ns
[700.761s][info ][safepoint      ] Safepoint "Cleanup", Time since last: 1000112136 ns, Reaching safepoint: 52902 ns, At safepoint: 7400 ns, Total: 60302 ns
[702.762s][info ][safepoint      ] Safepoint "Cleanup", Time since last: 2000172771 ns, Reaching safepoint: 62101 ns, At safepoint: 10200 ns, Total: 72301 ns
[703.762s][info ][safepoint      ] Safepoint "Cleanup", Time since last: 1000106035 ns, Reaching safepoint: 29701 ns, At safepoint: 2200 ns, Total: 31901 ns
[704.762s][info ][safepoint      ] Safepoint "Cleanup", Time since last: 1000107634 ns, Reaching safepoint: 48401 ns, At safepoint: 6300 ns, Total: 54701 ns
[708.594s][info ][gc,start       ] GC(123) Pause Young (Allocation Failure)
[708.598s][debug][gc,phases      ] GC(123) Scavenge 3.399ms
[708.598s][debug][gc,ref         ] GC(123) Skipped phase 1 of Reference Processing: no references
[708.598s][debug][gc,ref         ] GC(123) ReferenceProcessor::execute queues: 1, RefProcThreadModel::Single, marks_oops_alive: false
[708.598s][debug][gc,ref         ] GC(123) Skipped phase 3 of Reference Processing: no references
[708.598s][debug][gc,ref         ] GC(123) ReferenceProcessor::execute queues: 1, RefProcThreadModel::Single, marks_oops_alive: false
[708.598s][debug][gc,phases      ] GC(123) Reference Processing 0.105ms
[708.598s][debug][gc,phases      ] GC(123)   VM Weak                        Min:  0.0, Avg:  0.0, Max:  0.0, Diff:  0.0, Sum:  0.0, Workers: 4
[708.598s][debug][gc,phases      ] GC(123)     Dead                           Min: 0, Avg:  0.0, Max: 0, Diff: 0, Sum: 0, Workers: 4
[708.598s][debug][gc,phases      ] GC(123)     Total                          Min: 0, Avg: 168.8, Max: 675, Diff: 675, Sum: 675, Workers: 4
[708.598s][debug][gc,phases      ] GC(123)   ObjectSynchronizer Weak        Min:  0.0, Avg:  0.0, Max:  0.0, Diff:  0.0, Sum:  0.0, Workers: 4
[708.598s][debug][gc,phases      ] GC(123)     Dead                           Min: 0, Avg:  0.0, Max: 0, Diff: 0, Sum: 0, Workers: 4
[708.598s][debug][gc,phases      ] GC(123)     Total                          Min: 0, Avg: 97.2, Max: 389, Diff: 389, Sum: 389, Workers: 4
[708.598s][debug][gc,phases      ] GC(123)   JVMTI Tag Weak OopStorage      Min:  0.0, Avg:  0.0, Max:  0.0, Diff:  0.0, Sum:  0.0, Workers: 4
[708.598s][debug][gc,phases      ] GC(123)     Dead                           Min: 0, Avg:  0.0, Max: 0, Diff: 0, Sum: 0, Workers: 4
[708.598s][debug][gc,phases      ] GC(123)     Total                          Min: 0, Avg:  0.0, Max: 0, Diff: 0, Sum: 0, Workers: 4
[708.598s][debug][gc,phases      ] GC(123)   StringTable Weak               Min:  0.1, Avg:  0.1, Max:  0.1, Diff:  0.0, Sum:  0.4, Workers: 4
[708.598s][debug][gc,phases      ] GC(123)     Dead                           Min: 0, Avg:  0.0, Max: 0, Diff: 0, Sum: 0, Workers: 4
[708.598s][debug][gc,phases      ] GC(123)     Total                          Min: 10816, Avg: 11948.5, Max: 13504, Diff: 2688, Sum: 47794, Workers: 4
[708.598s][debug][gc,phases      ] GC(123)   ResolvedMethodTable Weak       Min:  0.0, Avg:  0.0, Max:  0.0, Diff:  0.0, Sum:  0.1, Workers: 4
[708.598s][debug][gc,phases      ] GC(123)     Dead                           Min: 0, Avg:  0.0, Max: 0, Diff: 0, Sum: 0, Workers: 4
[708.598s][debug][gc,phases      ] GC(123)     Total                          Min: 1922, Avg: 2009.8, Max: 2239, Diff: 317, Sum: 8039, Workers: 4
[708.598s][debug][gc,phases      ] GC(123)   JNI Weak                       Min:  0.0, Avg:  0.0, Max:  0.0, Diff:  0.0, Sum:  0.0, Workers: 4
[708.598s][debug][gc,phases      ] GC(123)     Dead                           Min: 0, Avg:  0.0, Max: 0, Diff: 0, Sum: 0, Workers: 4
[708.598s][debug][gc,phases      ] GC(123)     Total                          Min: 0, Avg:  0.0, Max: 0, Diff: 0, Sum: 0, Workers: 4
[708.598s][debug][gc,phases      ] GC(123)   StringDedup Table Weak         Min:  0.0, Avg:  0.0, Max:  0.0, Diff:  0.0, Sum:  0.0, Workers: 4
[708.598s][debug][gc,phases      ] GC(123)     Dead                           Min: 0, Avg:  0.0, Max: 0, Diff: 0, Sum: 0, Workers: 4
[708.598s][debug][gc,phases      ] GC(123)     Total                          Min: 0, Avg:  0.0, Max: 0, Diff: 0, Sum: 0, Workers: 4
[708.598s][debug][gc,phases      ] GC(123)   StringDedup Requests0 Weak     Min:  0.0, Avg:  0.0, Max:  0.0, Diff:  0.0, Sum:  0.0, Workers: 4
[708.598s][debug][gc,phases      ] GC(123)     Dead                           Min: 0, Avg:  0.0, Max: 0, Diff: 0, Sum: 0, Workers: 4
[708.598s][debug][gc,phases      ] GC(123)     Total                          Min: 0, Avg:  0.0, Max: 0, Diff: 0, Sum: 0, Workers: 4
[708.598s][debug][gc,phases      ] GC(123)   StringDedup Requests1 Weak     Min:  0.0, Avg:  0.0, Max:  0.0, Diff:  0.0, Sum:  0.0, Workers: 4
[708.598s][debug][gc,phases      ] GC(123)     Dead                           Min: 0, Avg:  0.0, Max: 0, Diff: 0, Sum: 0, Workers: 4
[708.598s][debug][gc,phases      ] GC(123)     Total                          Min: 0, Avg:  0.0, Max: 0, Diff: 0, Sum: 0, Workers: 4
[708.598s][debug][gc,phases      ] GC(123)   Weak JFR Old Object Samples    Min:  0.0, Avg:  0.0, Max:  0.0, Diff:  0.0, Sum:  0.0, Workers: 4
[708.598s][debug][gc,phases      ] GC(123)     Dead                           Min: 0, Avg:  0.0, Max: 0, Diff: 0, Sum: 0, Workers: 4
[708.598s][debug][gc,phases      ] GC(123)     Total                          Min: 0, Avg:  0.0, Max: 0, Diff: 0, Sum: 0, Workers: 4
[708.598s][debug][gc,phases      ] GC(123) Weak Processing 0.307ms
[708.598s][debug][gc,age         ] GC(123) Desired survivor size 131072000 bytes, new threshold 15 (max threshold 15)
[708.598s][info ][gc,heap        ] GC(123) PSYoungGen: 1839232K(1967616K)->1216K(1969152K) Eden: 1838080K(1838080K)->0K(1839616K) From: 1152K(129536K)->1216K(129536K)
[708.598s][info ][gc,heap        ] GC(123) ParOldGen: 427960K(495616K)->427984K(495616K)
[708.598s][info ][gc,metaspace   ] GC(123) Metaspace: 81527K(82304K)->81527K(82304K) NonClass: 69997K(70400K)->69997K(70400K) Class: 11529K(11904K)->11529K(11904K)
[708.598s][info ][gc             ] GC(123) Pause Young (Allocation Failure) 2214M->419M(2407M) 3.925ms
[708.598s][info ][gc,cpu         ] GC(123) User=0.01s Sys=0.00s Real=0.00s
[708.598s][info ][safepoint      ] Safepoint "ParallelGCFailedAllocation", Time since last: 3832498595 ns, Reaching safepoint: 116903 ns, At safepoint: 4027597 ns, Total: 4144500 ns
[709.599s][info ][safepoint      ] Safepoint "Cleanup", Time since last: 1000080830 ns, Reaching safepoint: 49501 ns, At safepoint: 5700 ns, Total: 55201 ns
[710.599s][info ][safepoint      ] Safepoint "Cleanup", Time since last: 1000106931 ns, Reaching safepoint: 52801 ns, At safepoint: 7000 ns, Total: 59801 ns
[712.599s][info ][safepoint      ] Safepoint "Cleanup", Time since last: 2000187758 ns, Reaching safepoint: 54601 ns, At safepoint: 6500 ns, Total: 61101 ns
[713.599s][info ][safepoint      ] Safepoint "Cleanup", Time since last: 1000119029 ns, Reaching safepoint: 55701 ns, At safepoint: 10301 ns, Total: 66002 ns
[714.599s][info ][safepoint      ] Safepoint "Cleanup", Time since last: 1000123228 ns, Reaching safepoint: 48701 ns, At safepoint: 12000 ns, Total: 60701 ns
[716.600s][info ][safepoint      ] Safepoint "Cleanup", Time since last: 2000175253 ns, Reaching safepoint: 112602 ns, At safepoint: 5600 ns, Total: 118202 ns
[717.600s][info ][safepoint      ] Safepoint "Cleanup", Time since last: 1000103526 ns, Reaching safepoint: 45001 ns, At safepoint: 4900 ns, Total: 49901 ns
[718.600s][info ][safepoint      ] Safepoint "Cleanup", Time since last: 1000108725 ns, Reaching safepoint: 51901 ns, At safepoint: 6701 ns, Total: 58602 ns
[719.600s][info ][safepoint      ] Safepoint "Cleanup", Time since last: 1000098824 ns, Reaching safepoint: 112903 ns, At safepoint: 8300 ns, Total: 121203 ns
[720.600s][info ][safepoint      ] Safepoint "Cleanup", Time since last: 1000117824 ns, Reaching safepoint: 43801 ns, At safepoint: 2800 ns, Total: 46601 ns
[723.601s][info ][safepoint      ] Safepoint "Cleanup", Time since last: 3000237765 ns, Reaching safepoint: 46901 ns, At safepoint: 3200 ns, Total: 50101 ns
[724.601s][info ][safepoint      ] Safepoint "Cleanup", Time since last: 1000111822 ns, Reaching safepoint: 38901 ns, At safepoint: 2200 ns, Total: 41101 ns
[727.601s][info ][safepoint      ] Safepoint "Cleanup", Time since last: 3000227357 ns, Reaching safepoint: 58601 ns, At safepoint: 4200 ns, Total: 62801 ns
[728.601s][info ][safepoint      ] Safepoint "Cleanup", Time since last: 1000110019 ns, Reaching safepoint: 67502 ns, At safepoint: 5800 ns, Total: 73302 ns
[729.601s][info ][safepoint      ] Safepoint "Cleanup", Time since last: 1000115318 ns, Reaching safepoint: 71202 ns, At safepoint: 9200 ns, Total: 80402 ns
[729.888s][info ][gc,start       ] GC(124) Pause Young (Allocation Failure)
[729.892s][debug][gc,phases      ] GC(124) Scavenge 3.149ms
[729.892s][debug][gc,ref         ] GC(124) Skipped phase 1 of Reference Processing: no references
[729.892s][debug][gc,ref         ] GC(124) ReferenceProcessor::execute queues: 1, RefProcThreadModel::Single, marks_oops_alive: false
[729.892s][debug][gc,ref         ] GC(124) Skipped phase 3 of Reference Processing: no references
[729.892s][debug][gc,ref         ] GC(124) ReferenceProcessor::execute queues: 1, RefProcThreadModel::Single, marks_oops_alive: false
[729.892s][debug][gc,phases      ] GC(124) Reference Processing 0.122ms
[729.892s][debug][gc,phases      ] GC(124)   VM Weak                        Min:  0.0, Avg:  0.0, Max:  0.0, Diff:  0.0, Sum:  0.0, Workers: 4
[729.892s][debug][gc,phases      ] GC(124)     Dead                           Min: 0, Avg:  0.0, Max: 0, Diff: 0, Sum: 0, Workers: 4
[729.892s][debug][gc,phases      ] GC(124)     Total                          Min: 0, Avg: 168.8, Max: 675, Diff: 675, Sum: 675, Workers: 4
[729.892s][debug][gc,phases      ] GC(124)   ObjectSynchronizer Weak        Min:  0.0, Avg:  0.0, Max:  0.0, Diff:  0.0, Sum:  0.0, Workers: 4
[729.892s][debug][gc,phases      ] GC(124)     Dead                           Min: 0, Avg:  0.0, Max: 0, Diff: 0, Sum: 0, Workers: 4
[729.892s][debug][gc,phases      ] GC(124)     Total                          Min: 0, Avg: 97.2, Max: 389, Diff: 389, Sum: 389, Workers: 4
[729.892s][debug][gc,phases      ] GC(124)   JVMTI Tag Weak OopStorage      Min:  0.0, Avg:  0.0, Max:  0.0, Diff:  0.0, Sum:  0.0, Workers: 4
[729.892s][debug][gc,phases      ] GC(124)     Dead                           Min: 0, Avg:  0.0, Max: 0, Diff: 0, Sum: 0, Workers: 4
[729.892s][debug][gc,phases      ] GC(124)     Total                          Min: 0, Avg:  0.0, Max: 0, Diff: 0, Sum: 0, Workers: 4
[729.892s][debug][gc,phases      ] GC(124)   StringTable Weak               Min:  0.1, Avg:  0.1, Max:  0.1, Diff:  0.0, Sum:  0.4, Workers: 4
[729.892s][debug][gc,phases      ] GC(124)     Dead                           Min: 0, Avg:  0.0, Max: 0, Diff: 0, Sum: 0, Workers: 4
[729.892s][debug][gc,phases      ] GC(124)     Total                          Min: 10752, Avg: 11954.2, Max: 13376, Diff: 2624, Sum: 47817, Workers: 4
[729.892s][debug][gc,phases      ] GC(124)   ResolvedMethodTable Weak       Min:  0.0, Avg:  0.0, Max:  0.0, Diff:  0.0, Sum:  0.1, Workers: 4
[729.892s][debug][gc,phases      ] GC(124)     Dead                           Min: 0, Avg:  0.0, Max: 0, Diff: 0, Sum: 0, Workers: 4
[729.892s][debug][gc,phases      ] GC(124)     Total                          Min: 1767, Avg: 2009.8, Max: 2268, Diff: 501, Sum: 8039, Workers: 4
[729.892s][debug][gc,phases      ] GC(124)   JNI Weak                       Min:  0.0, Avg:  0.0, Max:  0.0, Diff:  0.0, Sum:  0.0, Workers: 4
[729.892s][debug][gc,phases      ] GC(124)     Dead                           Min: 0, Avg:  0.0, Max: 0, Diff: 0, Sum: 0, Workers: 4
[729.892s][debug][gc,phases      ] GC(124)     Total                          Min: 0, Avg:  0.0, Max: 0, Diff: 0, Sum: 0, Workers: 4
[729.892s][debug][gc,phases      ] GC(124)   StringDedup Table Weak         Min:  0.0, Avg:  0.0, Max:  0.0, Diff:  0.0, Sum:  0.0, Workers: 4
[729.892s][debug][gc,phases      ] GC(124)     Dead                           Min: 0, Avg:  0.0, Max: 0, Diff: 0, Sum: 0, Workers: 4
[729.892s][debug][gc,phases      ] GC(124)     Total                          Min: 0, Avg:  0.0, Max: 0, Diff: 0, Sum: 0, Workers: 4
[729.892s][debug][gc,phases      ] GC(124)   StringDedup Requests0 Weak     Min:  0.0, Avg:  0.0, Max:  0.0, Diff:  0.0, Sum:  0.0, Workers: 4
[729.892s][debug][gc,phases      ] GC(124)     Dead                           Min: 0, Avg:  0.0, Max: 0, Diff: 0, Sum: 0, Workers: 4
[729.892s][debug][gc,phases      ] GC(124)     Total                          Min: 0, Avg:  0.0, Max: 0, Diff: 0, Sum: 0, Workers: 4
[729.892s][debug][gc,phases      ] GC(124)   StringDedup Requests1 Weak     Min:  0.0, Avg:  0.0, Max:  0.0, Diff:  0.0, Sum:  0.0, Workers: 4
[729.892s][debug][gc,phases      ] GC(124)     Dead                           Min: 0, Avg:  0.0, Max: 0, Diff: 0, Sum: 0, Workers: 4
[729.892s][debug][gc,phases      ] GC(124)     Total                          Min: 0, Avg:  0.0, Max: 0, Diff: 0, Sum: 0, Workers: 4
[729.892s][debug][gc,phases      ] GC(124)   Weak JFR Old Object Samples    Min:  0.0, Avg:  0.0, Max:  0.0, Diff:  0.0, Sum:  0.0, Workers: 4
[729.892s][debug][gc,phases      ] GC(124)     Dead                           Min: 0, Avg:  0.0, Max: 0, Diff: 0, Sum: 0, Workers: 4
[729.892s][debug][gc,phases      ] GC(124)     Total                          Min: 0, Avg:  0.0, Max: 0, Diff: 0, Sum: 0, Workers: 4
[729.892s][debug][gc,phases      ] GC(124) Weak Processing 0.329ms
[729.892s][debug][gc,age         ] GC(124) Desired survivor size 128974848 bytes, new threshold 15 (max threshold 15)
[729.892s][info ][gc,heap        ] GC(124) PSYoungGen: 1840832K(1969152K)->1216K(1967616K) Eden: 1839616K(1839616K)->0K(1839616K) From: 1216K(129536K)->1216K(128000K)
[729.892s][info ][gc,heap        ] GC(124) ParOldGen: 427984K(495616K)->428000K(495616K)
[729.892s][info ][gc,metaspace   ] GC(124) Metaspace: 81542K(82368K)->81542K(82368K) NonClass: 70012K(70464K)->70012K(70464K) Class: 11529K(11904K)->11529K(11904K)
[729.892s][info ][gc             ] GC(124) Pause Young (Allocation Failure) 2215M->419M(2405M) 3.745ms
[729.892s][info ][gc,cpu         ] GC(124) User=0.02s Sys=0.00s Real=0.01s
[729.892s][info ][safepoint      ] Safepoint "ParallelGCFailedAllocation", Time since last: 286861989 ns, Reaching safepoint: 36401 ns, At safepoint: 3830292 ns, Total: 3866693 ns
[730.892s][info ][safepoint      ] Safepoint "Cleanup", Time since last: 1000083916 ns, Reaching safepoint: 112003 ns, At safepoint: 5200 ns, Total: 117203 ns
[732.893s][info ][safepoint      ] Safepoint "Cleanup", Time since last: 2000129631 ns, Reaching safepoint: 46701 ns, At safepoint: 4400 ns, Total: 51101 ns
[733.893s][info ][safepoint      ] Safepoint "Cleanup", Time since last: 1000114815 ns, Reaching safepoint: 119203 ns, At safepoint: 6900 ns, Total: 126103 ns
[734.893s][info ][safepoint      ] Safepoint "Cleanup", Time since last: 1000111015 ns, Reaching safepoint: 119903 ns, At safepoint: 13200 ns, Total: 133103 ns
[735.893s][info ][safepoint      ] Safepoint "Cleanup", Time since last: 1000125415 ns, Reaching safepoint: 118702 ns, At safepoint: 9701 ns, Total: 128403 ns
[737.499s][info ][safepoint      ] Safepoint "Cleanup", Time since last: 1605098139 ns, Reaching safepoint: 183304 ns, At safepoint: 15501 ns, Total: 198805 ns
[738.499s][info ][safepoint      ] Safepoint "Cleanup", Time since last: 1000107112 ns, Reaching safepoint: 65202 ns, At safepoint: 10200 ns, Total: 75402 ns
[739.499s][info ][safepoint      ] Safepoint "Cleanup", Time since last: 1000112812 ns, Reaching safepoint: 51301 ns, At safepoint: 31901 ns, Total: 83202 ns
[740.499s][info ][safepoint      ] Safepoint "Cleanup", Time since last: 1000105811 ns, Reaching safepoint: 47601 ns, At safepoint: 7200 ns, Total: 54801 ns
[741.499s][info ][safepoint      ] Safepoint "Cleanup", Time since last: 1000111111 ns, Reaching safepoint: 48801 ns, At safepoint: 3300 ns, Total: 52101 ns
[742.500s][info ][safepoint      ] Safepoint "Cleanup", Time since last: 1000105910 ns, Reaching safepoint: 85102 ns, At safepoint: 9700 ns, Total: 94802 ns
[742.891s][info ][gc,start       ] GC(125) Pause Young (Allocation Failure)
[742.896s][debug][gc,phases      ] GC(125) Scavenge 5.311ms
[742.897s][debug][gc,ref         ] GC(125) Skipped phase 1 of Reference Processing: no references
[742.897s][debug][gc,ref         ] GC(125) ReferenceProcessor::execute queues: 1, RefProcThreadModel::Single, marks_oops_alive: false
[742.897s][debug][gc,ref         ] GC(125) Skipped phase 3 of Reference Processing: no references
[742.897s][debug][gc,ref         ] GC(125) ReferenceProcessor::execute queues: 1, RefProcThreadModel::Single, marks_oops_alive: false
[742.897s][debug][gc,phases      ] GC(125) Reference Processing 0.108ms
[742.897s][debug][gc,phases      ] GC(125)   VM Weak                        Min:  0.0, Avg:  0.0, Max:  0.0, Diff:  0.0, Sum:  0.0, Workers: 4
[742.897s][debug][gc,phases      ] GC(125)     Dead                           Min: 0, Avg:  0.0, Max: 0, Diff: 0, Sum: 0, Workers: 4
[742.897s][debug][gc,phases      ] GC(125)     Total                          Min: 0, Avg: 168.8, Max: 483, Diff: 483, Sum: 675, Workers: 4
[742.897s][debug][gc,phases      ] GC(125)   ObjectSynchronizer Weak        Min:  0.0, Avg:  0.0, Max:  0.0, Diff:  0.0, Sum:  0.0, Workers: 4
[742.897s][debug][gc,phases      ] GC(125)     Dead                           Min: 0, Avg:  0.0, Max: 0, Diff: 0, Sum: 0, Workers: 4
[742.897s][debug][gc,phases      ] GC(125)     Total                          Min: 0, Avg: 97.2, Max: 133, Diff: 133, Sum: 389, Workers: 4
[742.897s][debug][gc,phases      ] GC(125)   JVMTI Tag Weak OopStorage      Min:  0.0, Avg:  0.0, Max:  0.0, Diff:  0.0, Sum:  0.0, Workers: 4
[742.897s][debug][gc,phases      ] GC(125)     Dead                           Min: 0, Avg:  0.0, Max: 0, Diff: 0, Sum: 0, Workers: 4
[742.897s][debug][gc,phases      ] GC(125)     Total                          Min: 0, Avg:  0.0, Max: 0, Diff: 0, Sum: 0, Workers: 4
[742.897s][debug][gc,phases      ] GC(125)   StringTable Weak               Min:  0.1, Avg:  0.1, Max:  0.1, Diff:  0.0, Sum:  0.4, Workers: 4
[742.897s][debug][gc,phases      ] GC(125)     Dead                           Min: 0, Avg:  0.2, Max: 1, Diff: 1, Sum: 1, Workers: 4
[742.897s][debug][gc,phases      ] GC(125)     Total                          Min: 11520, Avg: 11959.8, Max: 12288, Diff: 768, Sum: 47839, Workers: 4
[742.897s][debug][gc,phases      ] GC(125)   ResolvedMethodTable Weak       Min:  0.0, Avg:  0.0, Max:  0.0, Diff:  0.0, Sum:  0.1, Workers: 4
[742.897s][debug][gc,phases      ] GC(125)     Dead                           Min: 0, Avg:  0.0, Max: 0, Diff: 0, Sum: 0, Workers: 4
[742.897s][debug][gc,phases      ] GC(125)     Total                          Min: 1768, Avg: 2012.8, Max: 2356, Diff: 588, Sum: 8051, Workers: 4
[742.897s][debug][gc,phases      ] GC(125)   JNI Weak                       Min:  0.0, Avg:  0.0, Max:  0.0, Diff:  0.0, Sum:  0.0, Workers: 4
[742.897s][debug][gc,phases      ] GC(125)     Dead                           Min: 0, Avg:  0.0, Max: 0, Diff: 0, Sum: 0, Workers: 4
[742.897s][debug][gc,phases      ] GC(125)     Total                          Min: 0, Avg:  0.0, Max: 0, Diff: 0, Sum: 0, Workers: 4
[742.897s][debug][gc,phases      ] GC(125)   StringDedup Table Weak         Min:  0.0, Avg:  0.0, Max:  0.0, Diff:  0.0, Sum:  0.0, Workers: 4
[742.897s][debug][gc,phases      ] GC(125)     Dead                           Min: 0, Avg:  0.0, Max: 0, Diff: 0, Sum: 0, Workers: 4
[742.897s][debug][gc,phases      ] GC(125)     Total                          Min: 0, Avg:  0.0, Max: 0, Diff: 0, Sum: 0, Workers: 4
[742.897s][debug][gc,phases      ] GC(125)   StringDedup Requests0 Weak     Min:  0.0, Avg:  0.0, Max:  0.0, Diff:  0.0, Sum:  0.0, Workers: 4
[742.897s][debug][gc,phases      ] GC(125)     Dead                           Min: 0, Avg:  0.0, Max: 0, Diff: 0, Sum: 0, Workers: 4
[742.897s][debug][gc,phases      ] GC(125)     Total                          Min: 0, Avg:  0.0, Max: 0, Diff: 0, Sum: 0, Workers: 4
[742.897s][debug][gc,phases      ] GC(125)   StringDedup Requests1 Weak     Min:  0.0, Avg:  0.0, Max:  0.0, Diff:  0.0, Sum:  0.0, Workers: 4
[742.897s][debug][gc,phases      ] GC(125)     Dead                           Min: 0, Avg:  0.0, Max: 0, Diff: 0, Sum: 0, Workers: 4
[742.897s][debug][gc,phases      ] GC(125)     Total                          Min: 0, Avg:  0.0, Max: 0, Diff: 0, Sum: 0, Workers: 4
[742.897s][debug][gc,phases      ] GC(125)   Weak JFR Old Object Samples    Min:  0.0, Avg:  0.0, Max:  0.0, Diff:  0.0, Sum:  0.0, Workers: 4
[742.897s][debug][gc,phases      ] GC(125)     Dead                           Min: 0, Avg:  0.0, Max: 0, Diff: 0, Sum: 0, Workers: 4
[742.897s][debug][gc,phases      ] GC(125)     Total                          Min: 0, Avg:  0.0, Max: 0, Diff: 0, Sum: 0, Workers: 4
[742.897s][debug][gc,phases      ] GC(125) Weak Processing 0.310ms
[742.897s][debug][gc,age         ] GC(125) Desired survivor size 124780544 bytes, new threshold 15 (max threshold 15)
[742.897s][info ][gc,heap        ] GC(125) PSYoungGen: 1840832K(1967616K)->8016K(1975296K) Eden: 1839616K(1839616K)->0K(1849344K) From: 1216K(128000K)->8016K(125952K)
[742.897s][info ][gc,heap        ] GC(125) ParOldGen: 428000K(495616K)->428016K(495616K)
[742.897s][info ][gc,metaspace   ] GC(125) Metaspace: 81587K(82368K)->81587K(82368K) NonClass: 70051K(70464K)->70051K(70464K) Class: 11536K(11904K)->11536K(11904K)
[742.897s][info ][gc             ] GC(125) Pause Young (Allocation Failure) 2215M->425M(2413M) 5.859ms
[742.897s][info ][gc,cpu         ] GC(125) User=0.02s Sys=0.00s Real=0.01s
[742.897s][info ][safepoint      ] Safepoint "ParallelGCFailedAllocation", Time since last: 391503899 ns, Reaching safepoint: 50901 ns, At safepoint: 5933643 ns, Total: 5984544 ns
[743.897s][info ][safepoint      ] Safepoint "Cleanup", Time since last: 1000085108 ns, Reaching safepoint: 52701 ns, At safepoint: 5100 ns, Total: 57801 ns
[744.897s][info ][safepoint      ] Safepoint "Cleanup", Time since last: 1000103709 ns, Reaching safepoint: 52601 ns, At safepoint: 2500 ns, Total: 55101 ns
[745.897s][info ][safepoint      ] Safepoint "Cleanup", Time since last: 1000059707 ns, Reaching safepoint: 49101 ns, At safepoint: 5400 ns, Total: 54501 ns
[746.898s][info ][safepoint      ] Safepoint "Cleanup", Time since last: 1000102307 ns, Reaching safepoint: 52601 ns, At safepoint: 8100 ns, Total: 60701 ns
[748.898s][info ][safepoint      ] Safepoint "Cleanup", Time since last: 2000177212 ns, Reaching safepoint: 52201 ns, At safepoint: 6700 ns, Total: 58901 ns
[749.898s][info ][safepoint      ] Safepoint "Cleanup", Time since last: 1000113206 ns, Reaching safepoint: 47601 ns, At safepoint: 3600 ns, Total: 51201 ns
[750.898s][info ][safepoint      ] Safepoint "Cleanup", Time since last: 1000116205 ns, Reaching safepoint: 55001 ns, At safepoint: 2800 ns, Total: 57801 ns
[751.898s][info ][safepoint      ] Safepoint "Cleanup", Time since last: 1000102504 ns, Reaching safepoint: 52602 ns, At safepoint: 4300 ns, Total: 56902 ns
[753.443s][info ][safepoint      ] Safepoint "Cleanup", Time since last: 1544746175 ns, Reaching safepoint: 110102 ns, At safepoint: 14801 ns, Total: 124903 ns
[754.444s][info ][safepoint      ] Safepoint "Cleanup", Time since last: 1000122803 ns, Reaching safepoint: 212405 ns, At safepoint: 8800 ns, Total: 221205 ns
[757.052s][info ][safepoint      ] Safepoint "Cleanup", Time since last: 2608185894 ns, Reaching safepoint: 40901 ns, At safepoint: 6100 ns, Total: 47001 ns
[758.531s][info ][safepoint      ] Safepoint "Cleanup", Time since last: 1478822888 ns, Reaching safepoint: 74902 ns, At safepoint: 5500 ns, Total: 80402 ns
[760.531s][info ][safepoint      ] Safepoint "Cleanup", Time since last: 2000179397 ns, Reaching safepoint: 56802 ns, At safepoint: 8800 ns, Total: 65602 ns
[762.531s][info ][safepoint      ] Safepoint "Cleanup", Time since last: 2000182695 ns, Reaching safepoint: 60102 ns, At safepoint: 5600 ns, Total: 65702 ns
[763.424s][info ][gc,start       ] GC(126) Pause Young (Allocation Failure)
[763.432s][debug][gc,phases      ] GC(126) Scavenge 8.011ms
[763.432s][debug][gc,ref         ] GC(126) Skipped phase 1 of Reference Processing: no references
[763.432s][debug][gc,ref         ] GC(126) ReferenceProcessor::execute queues: 1, RefProcThreadModel::Single, marks_oops_alive: false
[763.432s][debug][gc,ref         ] GC(126) Skipped phase 3 of Reference Processing: no references
[763.432s][debug][gc,ref         ] GC(126) ReferenceProcessor::execute queues: 1, RefProcThreadModel::Single, marks_oops_alive: false
[763.432s][debug][gc,phases      ] GC(126) Reference Processing 0.130ms
[763.432s][debug][gc,phases      ] GC(126)   VM Weak                        Min:  0.0, Avg:  0.0, Max:  0.0, Diff:  0.0, Sum:  0.0, Workers: 4
[763.432s][debug][gc,phases      ] GC(126)     Dead                           Min: 0, Avg:  0.0, Max: 0, Diff: 0, Sum: 0, Workers: 4
[763.432s][debug][gc,phases      ] GC(126)     Total                          Min: 0, Avg: 168.8, Max: 512, Diff: 512, Sum: 675, Workers: 4
[763.432s][debug][gc,phases      ] GC(126)   ObjectSynchronizer Weak        Min:  0.0, Avg:  0.0, Max:  0.0, Diff:  0.0, Sum:  0.0, Workers: 4
[763.432s][debug][gc,phases      ] GC(126)     Dead                           Min: 0, Avg:  0.0, Max: 0, Diff: 0, Sum: 0, Workers: 4
[763.432s][debug][gc,phases      ] GC(126)     Total                          Min: 0, Avg: 97.2, Max: 192, Diff: 192, Sum: 389, Workers: 4
[763.432s][debug][gc,phases      ] GC(126)   JVMTI Tag Weak OopStorage      Min:  0.0, Avg:  0.0, Max:  0.0, Diff:  0.0, Sum:  0.0, Workers: 4
[763.432s][debug][gc,phases      ] GC(126)     Dead                           Min: 0, Avg:  0.0, Max: 0, Diff: 0, Sum: 0, Workers: 4
[763.432s][debug][gc,phases      ] GC(126)     Total                          Min: 0, Avg:  0.0, Max: 0, Diff: 0, Sum: 0, Workers: 4
[763.432s][debug][gc,phases      ] GC(126)   StringTable Weak               Min:  0.1, Avg:  0.1, Max:  0.1, Diff:  0.0, Sum:  0.5, Workers: 4
[763.432s][debug][gc,phases      ] GC(126)     Dead                           Min: 0, Avg:  0.0, Max: 0, Diff: 0, Sum: 0, Workers: 4
[763.432s][debug][gc,phases      ] GC(126)     Total                          Min: 10979, Avg: 11976.8, Max: 12608, Diff: 1629, Sum: 47907, Workers: 4
[763.432s][debug][gc,phases      ] GC(126)   ResolvedMethodTable Weak       Min:  0.0, Avg:  0.0, Max:  0.0, Diff:  0.0, Sum:  0.1, Workers: 4
[763.432s][debug][gc,phases      ] GC(126)     Dead                           Min: 0, Avg:  0.0, Max: 0, Diff: 0, Sum: 0, Workers: 4
[763.432s][debug][gc,phases      ] GC(126)     Total                          Min: 1716, Avg: 2012.8, Max: 2290, Diff: 574, Sum: 8051, Workers: 4
[763.432s][debug][gc,phases      ] GC(126)   JNI Weak                       Min:  0.0, Avg:  0.0, Max:  0.0, Diff:  0.0, Sum:  0.0, Workers: 4
[763.432s][debug][gc,phases      ] GC(126)     Dead                           Min: 0, Avg:  0.0, Max: 0, Diff: 0, Sum: 0, Workers: 4
[763.432s][debug][gc,phases      ] GC(126)     Total                          Min: 0, Avg:  0.5, Max: 2, Diff: 2, Sum: 2, Workers: 4
[763.432s][debug][gc,phases      ] GC(126)   StringDedup Table Weak         Min:  0.0, Avg:  0.0, Max:  0.0, Diff:  0.0, Sum:  0.0, Workers: 4
[763.432s][debug][gc,phases      ] GC(126)     Dead                           Min: 0, Avg:  0.0, Max: 0, Diff: 0, Sum: 0, Workers: 4
[763.432s][debug][gc,phases      ] GC(126)     Total                          Min: 0, Avg:  0.0, Max: 0, Diff: 0, Sum: 0, Workers: 4
[763.432s][debug][gc,phases      ] GC(126)   StringDedup Requests0 Weak     Min:  0.0, Avg:  0.0, Max:  0.0, Diff:  0.0, Sum:  0.0, Workers: 4
[763.432s][debug][gc,phases      ] GC(126)     Dead                           Min: 0, Avg:  0.0, Max: 0, Diff: 0, Sum: 0, Workers: 4
[763.432s][debug][gc,phases      ] GC(126)     Total                          Min: 0, Avg:  0.0, Max: 0, Diff: 0, Sum: 0, Workers: 4
[763.432s][debug][gc,phases      ] GC(126)   StringDedup Requests1 Weak     Min:  0.0, Avg:  0.0, Max:  0.0, Diff:  0.0, Sum:  0.0, Workers: 4
[763.432s][debug][gc,phases      ] GC(126)     Dead                           Min: 0, Avg:  0.0, Max: 0, Diff: 0, Sum: 0, Workers: 4
[763.432s][debug][gc,phases      ] GC(126)     Total                          Min: 0, Avg:  0.0, Max: 0, Diff: 0, Sum: 0, Workers: 4
[763.432s][debug][gc,phases      ] GC(126)   Weak JFR Old Object Samples    Min:  0.0, Avg:  0.0, Max:  0.0, Diff:  0.0, Sum:  0.0, Workers: 4
[763.432s][debug][gc,phases      ] GC(126)     Dead                           Min: 0, Avg:  0.0, Max: 0, Diff: 0, Sum: 0, Workers: 4
[763.432s][debug][gc,phases      ] GC(126)     Total                          Min: 0, Avg:  0.0, Max: 0, Diff: 0, Sum: 0, Workers: 4
[763.432s][debug][gc,phases      ] GC(126) Weak Processing 0.327ms
[763.432s][debug][gc,age         ] GC(126) Desired survivor size 119537664 bytes, new threshold 15 (max threshold 15)
[763.432s][info ][gc,heap        ] GC(126) PSYoungGen: 1857360K(1975296K)->10352K(1971200K) Eden: 1849344K(1849344K)->0K(1849344K) From: 8016K(125952K)->10352K(121856K)
[763.432s][info ][gc,heap        ] GC(126) ParOldGen: 428016K(495616K)->428024K(495616K)
[763.432s][info ][gc,metaspace   ] GC(126) Metaspace: 81617K(82432K)->81617K(82432K) NonClass: 70080K(70528K)->70080K(70528K) Class: 11536K(11904K)->11536K(11904K)
[763.432s][info ][gc             ] GC(126) Pause Young (Allocation Failure) 2231M->428M(2409M) 8.603ms
[763.433s][info ][gc,cpu         ] GC(126) User=0.04s Sys=0.00s Real=0.01s
[763.433s][info ][safepoint      ] Safepoint "ParallelGCFailedAllocation", Time since last: 892603817 ns, Reaching safepoint: 68602 ns, At safepoint: 8690808 ns, Total: 8759410 ns
[764.433s][info ][safepoint      ] Safepoint "Cleanup", Time since last: 1000087897 ns, Reaching safepoint: 84302 ns, At safepoint: 12300 ns, Total: 96602 ns
[765.433s][info ][safepoint      ] Safepoint "Cleanup", Time since last: 1000117996 ns, Reaching safepoint: 62402 ns, At safepoint: 7300 ns, Total: 69702 ns
[766.433s][info ][safepoint      ] Safepoint "Cleanup", Time since last: 1000113095 ns, Reaching safepoint: 55102 ns, At safepoint: 10700 ns, Total: 65802 ns
[767.433s][info ][safepoint      ] Safepoint "Cleanup", Time since last: 1000114195 ns, Reaching safepoint: 68601 ns, At safepoint: 13501 ns, Total: 82102 ns
[769.434s][info ][safepoint      ] Safepoint "Cleanup", Time since last: 2000185287 ns, Reaching safepoint: 93102 ns, At safepoint: 7000 ns, Total: 100102 ns
[770.434s][info ][safepoint      ] Safepoint "Cleanup", Time since last: 1000123294 ns, Reaching safepoint: 63001 ns, At safepoint: 35701 ns, Total: 98702 ns
[772.434s][info ][safepoint      ] Safepoint "Cleanup", Time since last: 2000167183 ns, Reaching safepoint: 112503 ns, At safepoint: 9400 ns, Total: 121903 ns
[773.434s][info ][safepoint      ] Safepoint "Cleanup", Time since last: 1000115491 ns, Reaching safepoint: 53802 ns, At safepoint: 8800 ns, Total: 62602 ns
[774.434s][info ][safepoint      ] Safepoint "Cleanup", Time since last: 1000115391 ns, Reaching safepoint: 65601 ns, At safepoint: 5600 ns, Total: 71201 ns
[775.435s][info ][safepoint      ] Safepoint "Cleanup", Time since last: 1000118291 ns, Reaching safepoint: 58701 ns, At safepoint: 7600 ns, Total: 66301 ns
[776.435s][info ][safepoint      ] Safepoint "Cleanup", Time since last: 1000140991 ns, Reaching safepoint: 65201 ns, At safepoint: 11000 ns, Total: 76201 ns
[777.435s][info ][safepoint      ] Safepoint "Cleanup", Time since last: 1000113990 ns, Reaching safepoint: 67301 ns, At safepoint: 5600 ns, Total: 72901 ns
[778.435s][info ][safepoint      ] Safepoint "Cleanup", Time since last: 1000118889 ns, Reaching safepoint: 58701 ns, At safepoint: 5000 ns, Total: 63701 ns
[779.435s][info ][safepoint      ] Safepoint "Cleanup", Time since last: 1000110488 ns, Reaching safepoint: 48701 ns, At safepoint: 4501 ns, Total: 53202 ns
[782.436s][info ][safepoint      ] Safepoint "Cleanup", Time since last: 3000257258 ns, Reaching safepoint: 97202 ns, At safepoint: 10100 ns, Total: 107302 ns
[783.436s][info ][safepoint      ] Safepoint "Cleanup", Time since last: 1000109186 ns, Reaching safepoint: 46601 ns, At safepoint: 2900 ns, Total: 49501 ns
[785.436s][info ][safepoint      ] Safepoint "Cleanup", Time since last: 2000172368 ns, Reaching safepoint: 48901 ns, At safepoint: 2301 ns, Total: 51202 ns
[787.958s][info ][gc,start       ] GC(127) Pause Young (Allocation Failure)
[787.962s][debug][gc,phases      ] GC(127) Scavenge 3.902ms
[787.962s][debug][gc,ref         ] GC(127) Skipped phase 1 of Reference Processing: no references
[787.963s][debug][gc,ref         ] GC(127) ReferenceProcessor::execute queues: 1, RefProcThreadModel::Single, marks_oops_alive: false
[787.963s][debug][gc,ref         ] GC(127) Skipped phase 3 of Reference Processing: no references
[787.963s][debug][gc,ref         ] GC(127) ReferenceProcessor::execute queues: 1, RefProcThreadModel::Single, marks_oops_alive: false
[787.963s][debug][gc,phases      ] GC(127) Reference Processing 0.124ms
[787.963s][debug][gc,phases      ] GC(127)   VM Weak                        Min:  0.0, Avg:  0.0, Max:  0.0, Diff:  0.0, Sum:  0.0, Workers: 4
[787.963s][debug][gc,phases      ] GC(127)     Dead                           Min: 0, Avg:  0.0, Max: 0, Diff: 0, Sum: 0, Workers: 4
[787.963s][debug][gc,phases      ] GC(127)     Total                          Min: 0, Avg: 169.2, Max: 357, Diff: 357, Sum: 677, Workers: 4
[787.963s][debug][gc,phases      ] GC(127)   ObjectSynchronizer Weak        Min:  0.0, Avg:  0.0, Max:  0.0, Diff:  0.0, Sum:  0.0, Workers: 4
[787.963s][debug][gc,phases      ] GC(127)     Dead                           Min: 0, Avg:  0.0, Max: 0, Diff: 0, Sum: 0, Workers: 4
[787.963s][debug][gc,phases      ] GC(127)     Total                          Min: 0, Avg: 97.2, Max: 133, Diff: 133, Sum: 389, Workers: 4
[787.963s][debug][gc,phases      ] GC(127)   JVMTI Tag Weak OopStorage      Min:  0.0, Avg:  0.0, Max:  0.0, Diff:  0.0, Sum:  0.0, Workers: 4
[787.963s][debug][gc,phases      ] GC(127)     Dead                           Min: 0, Avg:  0.0, Max: 0, Diff: 0, Sum: 0, Workers: 4
[787.963s][debug][gc,phases      ] GC(127)     Total                          Min: 0, Avg:  0.0, Max: 0, Diff: 0, Sum: 0, Workers: 4
[787.963s][debug][gc,phases      ] GC(127)   StringTable Weak               Min:  0.1, Avg:  0.1, Max:  0.1, Diff:  0.0, Sum:  0.4, Workers: 4
[787.963s][debug][gc,phases      ] GC(127)     Dead                           Min: 0, Avg:  0.2, Max: 1, Diff: 1, Sum: 1, Workers: 4
[787.963s][debug][gc,phases      ] GC(127)     Total                          Min: 11328, Avg: 11982.8, Max: 12864, Diff: 1536, Sum: 47931, Workers: 4
[787.963s][debug][gc,phases      ] GC(127)   ResolvedMethodTable Weak       Min:  0.0, Avg:  0.0, Max:  0.0, Diff:  0.0, Sum:  0.1, Workers: 4
[787.963s][debug][gc,phases      ] GC(127)     Dead                           Min: 0, Avg:  4.2, Max: 17, Diff: 17, Sum: 17, Workers: 4
[787.963s][debug][gc,phases      ] GC(127)     Total                          Min: 1808, Avg: 2021.8, Max: 2400, Diff: 592, Sum: 8087, Workers: 4
[787.963s][debug][gc,phases      ] GC(127)   JNI Weak                       Min:  0.0, Avg:  0.0, Max:  0.0, Diff:  0.0, Sum:  0.0, Workers: 4
[787.963s][debug][gc,phases      ] GC(127)     Dead                           Min: 0, Avg:  0.0, Max: 0, Diff: 0, Sum: 0, Workers: 4
[787.963s][debug][gc,phases      ] GC(127)     Total                          Min: 0, Avg:  0.0, Max: 0, Diff: 0, Sum: 0, Workers: 4
[787.963s][debug][gc,phases      ] GC(127)   StringDedup Table Weak         Min:  0.0, Avg:  0.0, Max:  0.0, Diff:  0.0, Sum:  0.0, Workers: 4
[787.963s][debug][gc,phases      ] GC(127)     Dead                           Min: 0, Avg:  0.0, Max: 0, Diff: 0, Sum: 0, Workers: 4
[787.963s][debug][gc,phases      ] GC(127)     Total                          Min: 0, Avg:  0.0, Max: 0, Diff: 0, Sum: 0, Workers: 4
[787.963s][debug][gc,phases      ] GC(127)   StringDedup Requests0 Weak     Min:  0.0, Avg:  0.0, Max:  0.0, Diff:  0.0, Sum:  0.0, Workers: 4
[787.963s][debug][gc,phases      ] GC(127)     Dead                           Min: 0, Avg:  0.0, Max: 0, Diff: 0, Sum: 0, Workers: 4
[787.963s][debug][gc,phases      ] GC(127)     Total                          Min: 0, Avg:  0.0, Max: 0, Diff: 0, Sum: 0, Workers: 4
[787.963s][debug][gc,phases      ] GC(127)   StringDedup Requests1 Weak     Min:  0.0, Avg:  0.0, Max:  0.0, Diff:  0.0, Sum:  0.0, Workers: 4
[787.963s][debug][gc,phases      ] GC(127)     Dead                           Min: 0, Avg:  0.0, Max: 0, Diff: 0, Sum: 0, Workers: 4
[787.963s][debug][gc,phases      ] GC(127)     Total                          Min: 0, Avg:  0.0, Max: 0, Diff: 0, Sum: 0, Workers: 4
[787.963s][debug][gc,phases      ] GC(127)   Weak JFR Old Object Samples    Min:  0.0, Avg:  0.0, Max:  0.0, Diff:  0.0, Sum:  0.0, Workers: 4
[787.963s][debug][gc,phases      ] GC(127)     Dead                           Min: 0, Avg:  0.0, Max: 0, Diff: 0, Sum: 0, Workers: 4
[787.963s][debug][gc,phases      ] GC(127)     Total                          Min: 0, Avg:  0.0, Max: 0, Diff: 0, Sum: 0, Workers: 4
[787.963s][debug][gc,phases      ] GC(127) Weak Processing 0.324ms
[787.963s][debug][gc,age         ] GC(127) Desired survivor size 115343360 bytes, new threshold 15 (max threshold 15)
[787.963s][info ][gc,heap        ] GC(127) PSYoungGen: 1859696K(1971200K)->4064K(1984512K) Eden: 1849344K(1849344K)->0K(1867776K) From: 10352K(121856K)->4064K(116736K)
[787.963s][info ][gc,heap        ] GC(127) ParOldGen: 428024K(495616K)->428032K(495616K)
[787.963s][info ][gc,metaspace   ] GC(127) Metaspace: 81720K(82560K)->81720K(82560K) NonClass: 70173K(70656K)->70173K(70656K) Class: 11546K(11904K)->11546K(11904K)
[787.963s][info ][gc             ] GC(127) Pause Young (Allocation Failure) 2234M->421M(2422M) 4.478ms
[787.963s][info ][gc,cpu         ] GC(127) User=0.02s Sys=0.00s Real=0.00s
[787.963s][info ][safepoint      ] Safepoint "ParallelGCFailedAllocation", Time since last: 2522239085 ns, Reaching safepoint: 52001 ns, At safepoint: 4573710 ns, Total: 4625711 ns
[792.963s][info ][safepoint      ] Safepoint "Cleanup", Time since last: 5000338301 ns, Reaching safepoint: 50601 ns, At safepoint: 10000 ns, Total: 60601 ns
[818.965s][info ][safepoint      ] Safepoint "Cleanup", Time since last: 26001616360 ns, Reaching safepoint: 46601 ns, At safepoint: 9600 ns, Total: 56201 ns
[832.966s][info ][safepoint      ] Safepoint "Cleanup", Time since last: 14000872251 ns, Reaching safepoint: 125903 ns, At safepoint: 5200 ns, Total: 131103 ns
[842.967s][info ][safepoint      ] Safepoint "Cleanup", Time since last: 10000639045 ns, Reaching safepoint: 45002 ns, At safepoint: 5000 ns, Total: 50002 ns
[854.535s][info ][gc,start       ] GC(128) Pause Young (Allocation Failure)
[854.539s][debug][gc,phases      ] GC(128) Scavenge 3.627ms
[854.539s][debug][gc,ref         ] GC(128) Skipped phase 1 of Reference Processing: no references
[854.539s][debug][gc,ref         ] GC(128) ReferenceProcessor::execute queues: 1, RefProcThreadModel::Single, marks_oops_alive: false
[854.539s][debug][gc,ref         ] GC(128) ReferenceProcessor::execute queues: 4, RefProcThreadModel::Multi, marks_oops_alive: true
[854.539s][debug][gc,ref         ] GC(128) Skipped phase 4 of Reference Processing: no references
[854.539s][debug][gc,phases      ] GC(128) Reference Processing 0.154ms
[854.540s][debug][gc,phases      ] GC(128)   VM Weak                        Min:  0.0, Avg:  0.0, Max:  0.0, Diff:  0.0, Sum:  0.0, Workers: 4
[854.540s][debug][gc,phases      ] GC(128)     Dead                           Min: 0, Avg:  0.0, Max: 0, Diff: 0, Sum: 0, Workers: 4
[854.540s][debug][gc,phases      ] GC(128)     Total                          Min: 0, Avg: 169.2, Max: 677, Diff: 677, Sum: 677, Workers: 4
[854.540s][debug][gc,phases      ] GC(128)   ObjectSynchronizer Weak        Min:  0.0, Avg:  0.0, Max:  0.0, Diff:  0.0, Sum:  0.0, Workers: 4
[854.540s][debug][gc,phases      ] GC(128)     Dead                           Min: 0, Avg:  0.0, Max: 0, Diff: 0, Sum: 0, Workers: 4
[854.540s][debug][gc,phases      ] GC(128)     Total                          Min: 0, Avg: 97.2, Max: 389, Diff: 389, Sum: 389, Workers: 4
[854.540s][debug][gc,phases      ] GC(128)   JVMTI Tag Weak OopStorage      Min:  0.0, Avg:  0.0, Max:  0.0, Diff:  0.0, Sum:  0.0, Workers: 4
[854.540s][debug][gc,phases      ] GC(128)     Dead                           Min: 0, Avg:  0.0, Max: 0, Diff: 0, Sum: 0, Workers: 4
[854.540s][debug][gc,phases      ] GC(128)     Total                          Min: 0, Avg:  0.0, Max: 0, Diff: 0, Sum: 0, Workers: 4
[854.540s][debug][gc,phases      ] GC(128)   StringTable Weak               Min:  0.1, Avg:  0.1, Max:  0.1, Diff:  0.0, Sum:  0.5, Workers: 4
[854.540s][debug][gc,phases      ] GC(128)     Dead                           Min: 0, Avg:  0.0, Max: 0, Diff: 0, Sum: 0, Workers: 4
[854.540s][debug][gc,phases      ] GC(128)     Total                          Min: 10560, Avg: 11983.2, Max: 12605, Diff: 2045, Sum: 47933, Workers: 4
[854.540s][debug][gc,phases      ] GC(128)   ResolvedMethodTable Weak       Min:  0.0, Avg:  0.0, Max:  0.0, Diff:  0.0, Sum:  0.1, Workers: 4
[854.540s][debug][gc,phases      ] GC(128)     Dead                           Min: 0, Avg:  0.0, Max: 0, Diff: 0, Sum: 0, Workers: 4
[854.540s][debug][gc,phases      ] GC(128)     Total                          Min: 1839, Avg: 2021.8, Max: 2298, Diff: 459, Sum: 8087, Workers: 4
[854.540s][debug][gc,phases      ] GC(128)   JNI Weak                       Min:  0.0, Avg:  0.0, Max:  0.0, Diff:  0.0, Sum:  0.0, Workers: 4
[854.540s][debug][gc,phases      ] GC(128)     Dead                           Min: 0, Avg:  0.0, Max: 0, Diff: 0, Sum: 0, Workers: 4
[854.540s][debug][gc,phases      ] GC(128)     Total                          Min: 0, Avg:  0.0, Max: 0, Diff: 0, Sum: 0, Workers: 4
[854.540s][debug][gc,phases      ] GC(128)   StringDedup Table Weak         Min:  0.0, Avg:  0.0, Max:  0.0, Diff:  0.0, Sum:  0.0, Workers: 4
[854.540s][debug][gc,phases      ] GC(128)     Dead                           Min: 0, Avg:  0.0, Max: 0, Diff: 0, Sum: 0, Workers: 4
[854.540s][debug][gc,phases      ] GC(128)     Total                          Min: 0, Avg:  0.0, Max: 0, Diff: 0, Sum: 0, Workers: 4
[854.540s][debug][gc,phases      ] GC(128)   StringDedup Requests0 Weak     Min:  0.0, Avg:  0.0, Max:  0.0, Diff:  0.0, Sum:  0.0, Workers: 4
[854.540s][debug][gc,phases      ] GC(128)     Dead                           Min: 0, Avg:  0.0, Max: 0, Diff: 0, Sum: 0, Workers: 4
[854.540s][debug][gc,phases      ] GC(128)     Total                          Min: 0, Avg:  0.0, Max: 0, Diff: 0, Sum: 0, Workers: 4
[854.540s][debug][gc,phases      ] GC(128)   StringDedup Requests1 Weak     Min:  0.0, Avg:  0.0, Max:  0.0, Diff:  0.0, Sum:  0.0, Workers: 4
[854.540s][debug][gc,phases      ] GC(128)     Dead                           Min: 0, Avg:  0.0, Max: 0, Diff: 0, Sum: 0, Workers: 4
[854.540s][debug][gc,phases      ] GC(128)     Total                          Min: 0, Avg:  0.0, Max: 0, Diff: 0, Sum: 0, Workers: 4
[854.540s][debug][gc,phases      ] GC(128)   Weak JFR Old Object Samples    Min:  0.0, Avg:  0.0, Max:  0.0, Diff:  0.0, Sum:  0.0, Workers: 4
[854.540s][debug][gc,phases      ] GC(128)     Dead                           Min: 0, Avg:  0.0, Max: 0, Diff: 0, Sum: 0, Workers: 4
[854.540s][debug][gc,phases      ] GC(128)     Total                          Min: 0, Avg:  0.0, Max: 0, Diff: 0, Sum: 0, Workers: 4
[854.540s][debug][gc,phases      ] GC(128) Weak Processing 0.310ms
[854.540s][debug][gc,age         ] GC(128) Desired survivor size 111149056 bytes, new threshold 15 (max threshold 15)
[854.540s][info ][gc,heap        ] GC(128) PSYoungGen: 1871840K(1984512K)->3984K(1980416K) Eden: 1867776K(1867776K)->0K(1867776K) From: 4064K(116736K)->3984K(112640K)
[854.540s][info ][gc,heap        ] GC(128) ParOldGen: 428032K(495616K)->428056K(495616K)
[854.540s][info ][gc,metaspace   ] GC(128) Metaspace: 81729K(82560K)->81729K(82560K) NonClass: 70182K(70656K)->70182K(70656K) Class: 11546K(11904K)->11546K(11904K)
[854.540s][info ][gc             ] GC(128) Pause Young (Allocation Failure) 2245M->421M(2418M) 4.250ms
[854.540s][info ][gc,cpu         ] GC(128) User=0.02s Sys=0.00s Real=0.00s
[854.540s][info ][safepoint      ] Safepoint "ParallelGCFailedAllocation", Time since last: 11568616740 ns, Reaching safepoint: 33300 ns, At safepoint: 4333004 ns, Total: 4366304 ns
[896.543s][info ][safepoint      ] Safepoint "Cleanup", Time since last: 42002699712 ns, Reaching safepoint: 114003 ns, At safepoint: 4800 ns, Total: 118803 ns
[901.543s][info ][safepoint      ] Safepoint "Cleanup", Time since last: 5000334625 ns, Reaching safepoint: 51101 ns, At safepoint: 2800 ns, Total: 53901 ns
[921.109s][info ][gc,start       ] GC(129) Pause Young (Allocation Failure)
[921.112s][debug][gc,phases      ] GC(129) Scavenge 3.538ms
[921.112s][debug][gc,ref         ] GC(129) Skipped phase 1 of Reference Processing: no references
[921.113s][debug][gc,ref         ] GC(129) ReferenceProcessor::execute queues: 1, RefProcThreadModel::Single, marks_oops_alive: false
[921.113s][debug][gc,ref         ] GC(129) Skipped phase 3 of Reference Processing: no references
[921.113s][debug][gc,ref         ] GC(129) Skipped phase 4 of Reference Processing: no references
[921.113s][debug][gc,phases      ] GC(129) Reference Processing 0.115ms
[921.113s][debug][gc,phases      ] GC(129)   VM Weak                        Min:  0.0, Avg:  0.0, Max:  0.0, Diff:  0.0, Sum:  0.0, Workers: 4
[921.113s][debug][gc,phases      ] GC(129)     Dead                           Min: 0, Avg:  0.0, Max: 0, Diff: 0, Sum: 0, Workers: 4
[921.113s][debug][gc,phases      ] GC(129)     Total                          Min: 0, Avg: 169.2, Max: 384, Diff: 384, Sum: 677, Workers: 4
[921.113s][debug][gc,phases      ] GC(129)   ObjectSynchronizer Weak        Min:  0.0, Avg:  0.0, Max:  0.0, Diff:  0.0, Sum:  0.0, Workers: 4
[921.113s][debug][gc,phases      ] GC(129)     Dead                           Min: 0, Avg:  0.0, Max: 0, Diff: 0, Sum: 0, Workers: 4
[921.113s][debug][gc,phases      ] GC(129)     Total                          Min: 0, Avg: 97.2, Max: 192, Diff: 192, Sum: 389, Workers: 4
[921.113s][debug][gc,phases      ] GC(129)   JVMTI Tag Weak OopStorage      Min:  0.0, Avg:  0.0, Max:  0.0, Diff:  0.0, Sum:  0.0, Workers: 4
[921.113s][debug][gc,phases      ] GC(129)     Dead                           Min: 0, Avg:  0.0, Max: 0, Diff: 0, Sum: 0, Workers: 4
[921.113s][debug][gc,phases      ] GC(129)     Total                          Min: 0, Avg:  0.0, Max: 0, Diff: 0, Sum: 0, Workers: 4
[921.113s][debug][gc,phases      ] GC(129)   StringTable Weak               Min:  0.1, Avg:  0.1, Max:  0.1, Diff:  0.0, Sum:  0.4, Workers: 4
[921.113s][debug][gc,phases      ] GC(129)     Dead                           Min: 0, Avg:  0.0, Max: 0, Diff: 0, Sum: 0, Workers: 4
[921.113s][debug][gc,phases      ] GC(129)     Total                          Min: 11456, Avg: 11988.8, Max: 12288, Diff: 832, Sum: 47955, Workers: 4
[921.113s][debug][gc,phases      ] GC(129)   ResolvedMethodTable Weak       Min:  0.0, Avg:  0.0, Max:  0.0, Diff:  0.0, Sum:  0.1, Workers: 4
[921.113s][debug][gc,phases      ] GC(129)     Dead                           Min: 0, Avg:  0.0, Max: 0, Diff: 0, Sum: 0, Workers: 4
[921.113s][debug][gc,phases      ] GC(129)     Total                          Min: 1930, Avg: 2021.8, Max: 2170, Diff: 240, Sum: 8087, Workers: 4
[921.113s][debug][gc,phases      ] GC(129)   JNI Weak                       Min:  0.0, Avg:  0.0, Max:  0.0, Diff:  0.0, Sum:  0.0, Workers: 4
[921.113s][debug][gc,phases      ] GC(129)     Dead                           Min: 0, Avg:  0.0, Max: 0, Diff: 0, Sum: 0, Workers: 4
[921.113s][debug][gc,phases      ] GC(129)     Total                          Min: 0, Avg:  0.0, Max: 0, Diff: 0, Sum: 0, Workers: 4
[921.113s][debug][gc,phases      ] GC(129)   StringDedup Table Weak         Min:  0.0, Avg:  0.0, Max:  0.0, Diff:  0.0, Sum:  0.0, Workers: 4
[921.113s][debug][gc,phases      ] GC(129)     Dead                           Min: 0, Avg:  0.0, Max: 0, Diff: 0, Sum: 0, Workers: 4
[921.113s][debug][gc,phases      ] GC(129)     Total                          Min: 0, Avg:  0.0, Max: 0, Diff: 0, Sum: 0, Workers: 4
[921.113s][debug][gc,phases      ] GC(129)   StringDedup Requests0 Weak     Min:  0.0, Avg:  0.0, Max:  0.0, Diff:  0.0, Sum:  0.0, Workers: 4
[921.113s][debug][gc,phases      ] GC(129)     Dead                           Min: 0, Avg:  0.0, Max: 0, Diff: 0, Sum: 0, Workers: 4
[921.113s][debug][gc,phases      ] GC(129)     Total                          Min: 0, Avg:  0.0, Max: 0, Diff: 0, Sum: 0, Workers: 4
[921.113s][debug][gc,phases      ] GC(129)   StringDedup Requests1 Weak     Min:  0.0, Avg:  0.0, Max:  0.0, Diff:  0.0, Sum:  0.0, Workers: 4
[921.113s][debug][gc,phases      ] GC(129)     Dead                           Min: 0, Avg:  0.0, Max: 0, Diff: 0, Sum: 0, Workers: 4
[921.113s][debug][gc,phases      ] GC(129)     Total                          Min: 0, Avg:  0.0, Max: 0, Diff: 0, Sum: 0, Workers: 4
[921.113s][debug][gc,phases      ] GC(129)   Weak JFR Old Object Samples    Min:  0.0, Avg:  0.0, Max:  0.0, Diff:  0.0, Sum:  0.0, Workers: 4
[921.113s][debug][gc,phases      ] GC(129)     Dead                           Min: 0, Avg:  0.0, Max: 0, Diff: 0, Sum: 0, Workers: 4
[921.113s][debug][gc,phases      ] GC(129)     Total                          Min: 0, Avg:  0.0, Max: 0, Diff: 0, Sum: 0, Workers: 4
[921.113s][debug][gc,phases      ] GC(129) Weak Processing 0.310ms
[921.113s][debug][gc,age         ] GC(129) Desired survivor size 106430464 bytes, new threshold 15 (max threshold 15)
[921.113s][info ][gc,heap        ] GC(129) PSYoungGen: 1871760K(1980416K)->3968K(1993216K) Eden: 1867776K(1867776K)->0K(1884672K) From: 3984K(112640K)->3968K(108544K)
[921.113s][info ][gc,heap        ] GC(129) ParOldGen: 428056K(495616K)->428064K(495616K)
[921.113s][info ][gc,metaspace   ] GC(129) Metaspace: 81730K(82560K)->81730K(82560K) NonClass: 70183K(70656K)->70183K(70656K) Class: 11546K(11904K)->11546K(11904K)
[921.113s][info ][gc             ] GC(129) Pause Young (Allocation Failure) 2245M->421M(2430M) 4.094ms
[921.113s][info ][gc,cpu         ] GC(129) User=0.01s Sys=0.00s Real=0.01s
[921.113s][info ][safepoint      ] Safepoint "ParallelGCFailedAllocation", Time since last: 19565821374 ns, Reaching safepoint: 31200 ns, At safepoint: 4170100 ns, Total: 4201300 ns
[923.113s][info ][safepoint      ] Safepoint "Cleanup", Time since last: 2000148630 ns, Reaching safepoint: 42201 ns, At safepoint: 3300 ns, Total: 45501 ns
[935.756s][info ][safepoint      ] Safepoint "Cleanup", Time since last: 12642327678 ns, Reaching safepoint: 110302 ns, At safepoint: 12100 ns, Total: 122402 ns
[936.756s][info ][safepoint      ] Safepoint "Cleanup", Time since last: 1000076809 ns, Reaching safepoint: 79902 ns, At safepoint: 5100 ns, Total: 85002 ns
[988.592s][info ][gc,start       ] GC(130) Pause Young (Allocation Failure)
[988.595s][debug][gc,phases      ] GC(130) Scavenge 3.164ms
[988.595s][debug][gc,ref         ] GC(130) Skipped phase 1 of Reference Processing: no references
[988.595s][debug][gc,ref         ] GC(130) ReferenceProcessor::execute queues: 1, RefProcThreadModel::Single, marks_oops_alive: false
[988.595s][debug][gc,ref         ] GC(130) Skipped phase 3 of Reference Processing: no references
[988.595s][debug][gc,ref         ] GC(130) ReferenceProcessor::execute queues: 1, RefProcThreadModel::Single, marks_oops_alive: false
[988.595s][debug][gc,phases      ] GC(130) Reference Processing 0.105ms
[988.595s][debug][gc,phases      ] GC(130)   VM Weak                        Min:  0.0, Avg:  0.0, Max:  0.0, Diff:  0.0, Sum:  0.0, Workers: 4
[988.595s][debug][gc,phases      ] GC(130)     Dead                           Min: 0, Avg:  0.0, Max: 0, Diff: 0, Sum: 0, Workers: 4
[988.595s][debug][gc,phases      ] GC(130)     Total                          Min: 0, Avg: 169.5, Max: 512, Diff: 512, Sum: 678, Workers: 4
[988.595s][debug][gc,phases      ] GC(130)   ObjectSynchronizer Weak        Min:  0.0, Avg:  0.0, Max:  0.0, Diff:  0.0, Sum:  0.0, Workers: 4
[988.595s][debug][gc,phases      ] GC(130)     Dead                           Min: 0, Avg:  0.0, Max: 0, Diff: 0, Sum: 0, Workers: 4
[988.595s][debug][gc,phases      ] GC(130)     Total                          Min: 0, Avg: 97.2, Max: 197, Diff: 197, Sum: 389, Workers: 4
[988.595s][debug][gc,phases      ] GC(130)   JVMTI Tag Weak OopStorage      Min:  0.0, Avg:  0.0, Max:  0.0, Diff:  0.0, Sum:  0.0, Workers: 4
[988.595s][debug][gc,phases      ] GC(130)     Dead                           Min: 0, Avg:  0.0, Max: 0, Diff: 0, Sum: 0, Workers: 4
[988.595s][debug][gc,phases      ] GC(130)     Total                          Min: 0, Avg:  0.0, Max: 0, Diff: 0, Sum: 0, Workers: 4
[988.595s][debug][gc,phases      ] GC(130)   StringTable Weak               Min:  0.1, Avg:  0.1, Max:  0.1, Diff:  0.0, Sum:  0.4, Workers: 4
[988.595s][debug][gc,phases      ] GC(130)     Dead                           Min: 0, Avg:  0.0, Max: 0, Diff: 0, Sum: 0, Workers: 4
[988.595s][debug][gc,phases      ] GC(130)     Total                          Min: 10835, Avg: 11988.8, Max: 13504, Diff: 2669, Sum: 47955, Workers: 4
[988.595s][debug][gc,phases      ] GC(130)   ResolvedMethodTable Weak       Min:  0.0, Avg:  0.0, Max:  0.0, Diff:  0.0, Sum:  0.1, Workers: 4
[988.595s][debug][gc,phases      ] GC(130)     Dead                           Min: 0, Avg:  0.0, Max: 0, Diff: 0, Sum: 0, Workers: 4
[988.595s][debug][gc,phases      ] GC(130)     Total                          Min: 1873, Avg: 2021.8, Max: 2328, Diff: 455, Sum: 8087, Workers: 4
[988.595s][debug][gc,phases      ] GC(130)   JNI Weak                       Min:  0.0, Avg:  0.0, Max:  0.0, Diff:  0.0, Sum:  0.0, Workers: 4
[988.595s][debug][gc,phases      ] GC(130)     Dead                           Min: 0, Avg:  0.0, Max: 0, Diff: 0, Sum: 0, Workers: 4
[988.595s][debug][gc,phases      ] GC(130)     Total                          Min: 0, Avg:  0.0, Max: 0, Diff: 0, Sum: 0, Workers: 4
[988.595s][debug][gc,phases      ] GC(130)   StringDedup Table Weak         Min:  0.0, Avg:  0.0, Max:  0.0, Diff:  0.0, Sum:  0.0, Workers: 4
[988.595s][debug][gc,phases      ] GC(130)     Dead                           Min: 0, Avg:  0.0, Max: 0, Diff: 0, Sum: 0, Workers: 4
[988.595s][debug][gc,phases      ] GC(130)     Total                          Min: 0, Avg:  0.0, Max: 0, Diff: 0, Sum: 0, Workers: 4
[988.595s][debug][gc,phases      ] GC(130)   StringDedup Requests0 Weak     Min:  0.0, Avg:  0.0, Max:  0.0, Diff:  0.0, Sum:  0.0, Workers: 4
[988.595s][debug][gc,phases      ] GC(130)     Dead                           Min: 0, Avg:  0.0, Max: 0, Diff: 0, Sum: 0, Workers: 4
[988.595s][debug][gc,phases      ] GC(130)     Total                          Min: 0, Avg:  0.0, Max: 0, Diff: 0, Sum: 0, Workers: 4
[988.595s][debug][gc,phases      ] GC(130)   StringDedup Requests1 Weak     Min:  0.0, Avg:  0.0, Max:  0.0, Diff:  0.0, Sum:  0.0, Workers: 4
[988.595s][debug][gc,phases      ] GC(130)     Dead                           Min: 0, Avg:  0.0, Max: 0, Diff: 0, Sum: 0, Workers: 4
[988.595s][debug][gc,phases      ] GC(130)     Total                          Min: 0, Avg:  0.0, Max: 0, Diff: 0, Sum: 0, Workers: 4
[988.595s][debug][gc,phases      ] GC(130)   Weak JFR Old Object Samples    Min:  0.0, Avg:  0.0, Max:  0.0, Diff:  0.0, Sum:  0.0, Workers: 4
[988.595s][debug][gc,phases      ] GC(130)     Dead                           Min: 0, Avg:  0.0, Max: 0, Diff: 0, Sum: 0, Workers: 4
[988.595s][debug][gc,phases      ] GC(130)     Total                          Min: 0, Avg:  0.0, Max: 0, Diff: 0, Sum: 0, Workers: 4
[988.595s][debug][gc,phases      ] GC(130) Weak Processing 0.297ms
[988.595s][debug][gc,age         ] GC(130) Desired survivor size 101711872 bytes, new threshold 15 (max threshold 15)
[988.595s][info ][gc,heap        ] GC(130) PSYoungGen: 1888640K(1993216K)->4032K(1988608K) Eden: 1884672K(1884672K)->0K(1884672K) From: 3968K(108544K)->4032K(103936K)
[988.595s][info ][gc,heap        ] GC(130) ParOldGen: 428064K(495616K)->428072K(495616K)
[988.595s][info ][gc,metaspace   ] GC(130) Metaspace: 81735K(82624K)->81735K(82624K) NonClass: 70187K(70656K)->70187K(70656K) Class: 11547K(11968K)->11547K(11968K)
[988.595s][info ][gc             ] GC(130) Pause Young (Allocation Failure) 2262M->421M(2426M) 3.704ms
[988.595s][info ][gc,cpu         ] GC(130) User=0.01s Sys=0.00s Real=0.00s
[988.595s][info ][safepoint      ] Safepoint "ParallelGCFailedAllocation", Time since last: 51835835380 ns, Reaching safepoint: 35201 ns, At safepoint: 3808291 ns, Total: 3843492 ns
[1003.326s][info ][safepoint      ] Safepoint "ICBufferFull", Time since last: 14729855896 ns, Reaching safepoint: 214605 ns, At safepoint: 4200 ns, Total: 218805 ns
[1004.140s][info ][gc,start       ] GC(131) Pause Young (Allocation Failure)
[1004.156s][debug][gc,phases      ] GC(131) Scavenge 15.797ms
[1004.156s][debug][gc,ref         ] GC(131) Skipped phase 1 of Reference Processing: no references
[1004.156s][debug][gc,ref         ] GC(131) ReferenceProcessor::execute queues: 1, RefProcThreadModel::Single, marks_oops_alive: false
[1004.156s][debug][gc,ref         ] GC(131) Skipped phase 3 of Reference Processing: no references
[1004.156s][debug][gc,ref         ] GC(131) ReferenceProcessor::execute queues: 1, RefProcThreadModel::Single, marks_oops_alive: false
[1004.156s][debug][gc,phases      ] GC(131) Reference Processing 0.126ms
[1004.156s][debug][gc,phases      ] GC(131)   VM Weak                        Min:  0.0, Avg:  0.0, Max:  0.0, Diff:  0.0, Sum:  0.0, Workers: 4
[1004.156s][debug][gc,phases      ] GC(131)     Dead                           Min: 0, Avg:  0.0, Max: 0, Diff: 0, Sum: 0, Workers: 4
[1004.156s][debug][gc,phases      ] GC(131)     Total                          Min: 0, Avg: 170.0, Max: 488, Diff: 488, Sum: 680, Workers: 4
[1004.156s][debug][gc,phases      ] GC(131)   ObjectSynchronizer Weak        Min:  0.0, Avg:  0.0, Max:  0.0, Diff:  0.0, Sum:  0.0, Workers: 4
[1004.156s][debug][gc,phases      ] GC(131)     Dead                           Min: 0, Avg:  0.0, Max: 0, Diff: 0, Sum: 0, Workers: 4
[1004.156s][debug][gc,phases      ] GC(131)     Total                          Min: 0, Avg: 97.2, Max: 192, Diff: 192, Sum: 389, Workers: 4
[1004.156s][debug][gc,phases      ] GC(131)   JVMTI Tag Weak OopStorage      Min:  0.0, Avg:  0.0, Max:  0.0, Diff:  0.0, Sum:  0.0, Workers: 4
[1004.156s][debug][gc,phases      ] GC(131)     Dead                           Min: 0, Avg:  0.0, Max: 0, Diff: 0, Sum: 0, Workers: 4
[1004.156s][debug][gc,phases      ] GC(131)     Total                          Min: 0, Avg:  0.0, Max: 0, Diff: 0, Sum: 0, Workers: 4
[1004.156s][debug][gc,phases      ] GC(131)   StringTable Weak               Min:  0.1, Avg:  0.1, Max:  0.1, Diff:  0.0, Sum:  0.4, Workers: 4
[1004.156s][debug][gc,phases      ] GC(131)     Dead                           Min: 0, Avg:  0.0, Max: 0, Diff: 0, Sum: 0, Workers: 4
[1004.156s][debug][gc,phases      ] GC(131)     Total                          Min: 11456, Avg: 11996.2, Max: 13056, Diff: 1600, Sum: 47985, Workers: 4
[1004.156s][debug][gc,phases      ] GC(131)   ResolvedMethodTable Weak       Min:  0.0, Avg:  0.0, Max:  0.0, Diff:  0.0, Sum:  0.1, Workers: 4
[1004.156s][debug][gc,phases      ] GC(131)     Dead                           Min: 0, Avg:  0.0, Max: 0, Diff: 0, Sum: 0, Workers: 4
[1004.156s][debug][gc,phases      ] GC(131)     Total                          Min: 1815, Avg: 2021.8, Max: 2351, Diff: 536, Sum: 8087, Workers: 4
[1004.156s][debug][gc,phases      ] GC(131)   JNI Weak                       Min:  0.0, Avg:  0.0, Max:  0.0, Diff:  0.0, Sum:  0.0, Workers: 4
[1004.156s][debug][gc,phases      ] GC(131)     Dead                           Min: 0, Avg:  0.0, Max: 0, Diff: 0, Sum: 0, Workers: 4
[1004.156s][debug][gc,phases      ] GC(131)     Total                          Min: 0, Avg:  0.5, Max: 2, Diff: 2, Sum: 2, Workers: 4
[1004.156s][debug][gc,phases      ] GC(131)   StringDedup Table Weak         Min:  0.0, Avg:  0.0, Max:  0.0, Diff:  0.0, Sum:  0.0, Workers: 4
[1004.156s][debug][gc,phases      ] GC(131)     Dead                           Min: 0, Avg:  0.0, Max: 0, Diff: 0, Sum: 0, Workers: 4
[1004.156s][debug][gc,phases      ] GC(131)     Total                          Min: 0, Avg:  0.0, Max: 0, Diff: 0, Sum: 0, Workers: 4
[1004.156s][debug][gc,phases      ] GC(131)   StringDedup Requests0 Weak     Min:  0.0, Avg:  0.0, Max:  0.0, Diff:  0.0, Sum:  0.0, Workers: 4
[1004.156s][debug][gc,phases      ] GC(131)     Dead                           Min: 0, Avg:  0.0, Max: 0, Diff: 0, Sum: 0, Workers: 4
[1004.156s][debug][gc,phases      ] GC(131)     Total                          Min: 0, Avg:  0.0, Max: 0, Diff: 0, Sum: 0, Workers: 4
[1004.156s][debug][gc,phases      ] GC(131)   StringDedup Requests1 Weak     Min:  0.0, Avg:  0.0, Max:  0.0, Diff:  0.0, Sum:  0.0, Workers: 4
[1004.156s][debug][gc,phases      ] GC(131)     Dead                           Min: 0, Avg:  0.0, Max: 0, Diff: 0, Sum: 0, Workers: 4
[1004.156s][debug][gc,phases      ] GC(131)     Total                          Min: 0, Avg:  0.0, Max: 0, Diff: 0, Sum: 0, Workers: 4
[1004.156s][debug][gc,phases      ] GC(131)   Weak JFR Old Object Samples    Min:  0.0, Avg:  0.0, Max:  0.0, Diff:  0.0, Sum:  0.0, Workers: 4
[1004.156s][debug][gc,phases      ] GC(131)     Dead                           Min: 0, Avg:  0.0, Max: 0, Diff: 0, Sum: 0, Workers: 4
[1004.156s][debug][gc,phases      ] GC(131)     Total                          Min: 0, Avg:  0.0, Max: 0, Diff: 0, Sum: 0, Workers: 4
[1004.156s][debug][gc,phases      ] GC(131) Weak Processing 0.313ms
[1004.156s][debug][gc,age         ] GC(131) Desired survivor size 104333312 bytes, new threshold 15 (max threshold 15)
[1004.156s][info ][gc,heap        ] GC(131) PSYoungGen: 1888704K(1988608K)->50531K(1992704K) Eden: 1884672K(1884672K)->0K(1893376K) From: 4032K(103936K)->50531K(99328K)
[1004.156s][info ][gc,heap        ] GC(131) ParOldGen: 428072K(495616K)->428088K(495616K)
[1004.156s][info ][gc,metaspace   ] GC(131) Metaspace: 81823K(82688K)->81823K(82688K) NonClass: 70273K(70720K)->70273K(70720K) Class: 11549K(11968K)->11549K(11968K)
[1004.156s][info ][gc             ] GC(131) Pause Young (Allocation Failure) 2262M->467M(2430M) 16.374ms
[1004.156s][info ][gc,cpu         ] GC(131) User=0.07s Sys=0.00s Real=0.02s
[1004.156s][info ][safepoint      ] Safepoint "ParallelGCFailedAllocation", Time since last: 814056540 ns, Reaching safepoint: 261006 ns, At safepoint: 16463893 ns, Total: 16724899 ns
[1005.299s][info ][safepoint      ] Safepoint "Cleanup", Time since last: 1142105473 ns, Reaching safepoint: 105003 ns, At safepoint: 9500 ns, Total: 114503 ns
[1006.770s][info ][safepoint      ] Safepoint "Cleanup", Time since last: 1471379736 ns, Reaching safepoint: 79102 ns, At safepoint: 9900 ns, Total: 89002 ns
[1007.770s][info ][safepoint      ] Safepoint "Cleanup", Time since last: 1000105581 ns, Reaching safepoint: 67402 ns, At safepoint: 5700 ns, Total: 73102 ns
[1008.770s][info ][safepoint      ] Safepoint "Cleanup", Time since last: 1000109681 ns, Reaching safepoint: 51702 ns, At safepoint: 3300 ns, Total: 55002 ns
[1009.771s][info ][safepoint      ] Safepoint "Cleanup", Time since last: 1000104380 ns, Reaching safepoint: 65002 ns, At safepoint: 6900 ns, Total: 71902 ns
[1010.771s][info ][safepoint      ] Safepoint "Cleanup", Time since last: 1000112280 ns, Reaching safepoint: 72702 ns, At safepoint: 9800 ns, Total: 82502 ns
[1011.771s][info ][safepoint      ] Safepoint "Cleanup", Time since last: 1000112781 ns, Reaching safepoint: 85202 ns, At safepoint: 10100 ns, Total: 95302 ns
[1012.192s][info ][safepoint      ] Safepoint "ICBufferFull", Time since last: 420670344 ns, Reaching safepoint: 197005 ns, At safepoint: 3100 ns, Total: 200105 ns
[1013.192s][info ][safepoint      ] Safepoint "Cleanup", Time since last: 1000125880 ns, Reaching safepoint: 161004 ns, At safepoint: 9700 ns, Total: 170704 ns
[1014.192s][info ][safepoint      ] Safepoint "Cleanup", Time since last: 1000113879 ns, Reaching safepoint: 63502 ns, At safepoint: 7700 ns, Total: 71202 ns
[1015.045s][info ][gc,start       ] GC(132) Pause Young (Allocation Failure)
[1015.063s][debug][gc,phases      ] GC(132) Scavenge 17.813ms
[1015.063s][debug][gc,ref         ] GC(132) Skipped phase 1 of Reference Processing: no references
[1015.063s][debug][gc,ref         ] GC(132) ReferenceProcessor::execute queues: 1, RefProcThreadModel::Single, marks_oops_alive: false
[1015.063s][debug][gc,ref         ] GC(132) ReferenceProcessor::execute queues: 4, RefProcThreadModel::Multi, marks_oops_alive: true
[1015.063s][debug][gc,ref         ] GC(132) ReferenceProcessor::execute queues: 1, RefProcThreadModel::Single, marks_oops_alive: false
[1015.063s][debug][gc,phases      ] GC(132) Reference Processing 0.217ms
[1015.063s][debug][gc,phases      ] GC(132)   VM Weak                        Min:  0.0, Avg:  0.0, Max:  0.0, Diff:  0.0, Sum:  0.0, Workers: 4
[1015.063s][debug][gc,phases      ] GC(132)     Dead                           Min: 0, Avg:  0.0, Max: 0, Diff: 0, Sum: 0, Workers: 4
[1015.063s][debug][gc,phases      ] GC(132)     Total                          Min: 0, Avg: 170.5, Max: 490, Diff: 490, Sum: 682, Workers: 4
[1015.063s][debug][gc,phases      ] GC(132)   ObjectSynchronizer Weak        Min:  0.0, Avg:  0.0, Max:  0.0, Diff:  0.0, Sum:  0.0, Workers: 4
[1015.063s][debug][gc,phases      ] GC(132)     Dead                           Min: 0, Avg:  0.0, Max: 0, Diff: 0, Sum: 0, Workers: 4
[1015.063s][debug][gc,phases      ] GC(132)     Total                          Min: 0, Avg: 97.2, Max: 197, Diff: 197, Sum: 389, Workers: 4
[1015.063s][debug][gc,phases      ] GC(132)   JVMTI Tag Weak OopStorage      Min:  0.0, Avg:  0.0, Max:  0.0, Diff:  0.0, Sum:  0.0, Workers: 4
[1015.063s][debug][gc,phases      ] GC(132)     Dead                           Min: 0, Avg:  0.0, Max: 0, Diff: 0, Sum: 0, Workers: 4
[1015.063s][debug][gc,phases      ] GC(132)     Total                          Min: 0, Avg:  0.0, Max: 0, Diff: 0, Sum: 0, Workers: 4
[1015.063s][debug][gc,phases      ] GC(132)   StringTable Weak               Min:  0.1, Avg:  0.1, Max:  0.1, Diff:  0.0, Sum:  0.4, Workers: 4
[1015.063s][debug][gc,phases      ] GC(132)     Dead                           Min: 0, Avg:  0.2, Max: 1, Diff: 1, Sum: 1, Workers: 4
[1015.063s][debug][gc,phases      ] GC(132)     Total                          Min: 10752, Avg: 12019.5, Max: 13326, Diff: 2574, Sum: 48078, Workers: 4
[1015.063s][debug][gc,phases      ] GC(132)   ResolvedMethodTable Weak       Min:  0.0, Avg:  0.0, Max:  0.0, Diff:  0.0, Sum:  0.1, Workers: 4
[1015.063s][debug][gc,phases      ] GC(132)     Dead                           Min: 0, Avg:  0.0, Max: 0, Diff: 0, Sum: 0, Workers: 4
[1015.063s][debug][gc,phases      ] GC(132)     Total                          Min: 1818, Avg: 2024.8, Max: 2307, Diff: 489, Sum: 8099, Workers: 4
[1015.063s][debug][gc,phases      ] GC(132)   JNI Weak                       Min:  0.0, Avg:  0.0, Max:  0.0, Diff:  0.0, Sum:  0.0, Workers: 4
[1015.063s][debug][gc,phases      ] GC(132)     Dead                           Min: 0, Avg:  0.0, Max: 0, Diff: 0, Sum: 0, Workers: 4
[1015.063s][debug][gc,phases      ] GC(132)     Total                          Min: 0, Avg:  0.0, Max: 0, Diff: 0, Sum: 0, Workers: 4
[1015.063s][debug][gc,phases      ] GC(132)   StringDedup Table Weak         Min:  0.0, Avg:  0.0, Max:  0.0, Diff:  0.0, Sum:  0.0, Workers: 4
[1015.063s][debug][gc,phases      ] GC(132)     Dead                           Min: 0, Avg:  0.0, Max: 0, Diff: 0, Sum: 0, Workers: 4
[1015.064s][debug][gc,phases      ] GC(132)     Total                          Min: 0, Avg:  0.0, Max: 0, Diff: 0, Sum: 0, Workers: 4
[1015.064s][debug][gc,phases      ] GC(132)   StringDedup Requests0 Weak     Min:  0.0, Avg:  0.0, Max:  0.0, Diff:  0.0, Sum:  0.0, Workers: 4
[1015.064s][debug][gc,phases      ] GC(132)     Dead                           Min: 0, Avg:  0.0, Max: 0, Diff: 0, Sum: 0, Workers: 4
[1015.064s][debug][gc,phases      ] GC(132)     Total                          Min: 0, Avg:  0.0, Max: 0, Diff: 0, Sum: 0, Workers: 4
[1015.064s][debug][gc,phases      ] GC(132)   StringDedup Requests1 Weak     Min:  0.0, Avg:  0.0, Max:  0.0, Diff:  0.0, Sum:  0.0, Workers: 4
[1015.064s][debug][gc,phases      ] GC(132)     Dead                           Min: 0, Avg:  0.0, Max: 0, Diff: 0, Sum: 0, Workers: 4
[1015.064s][debug][gc,phases      ] GC(132)     Total                          Min: 0, Avg:  0.0, Max: 0, Diff: 0, Sum: 0, Workers: 4
[1015.064s][debug][gc,phases      ] GC(132)   Weak JFR Old Object Samples    Min:  0.0, Avg:  0.0, Max:  0.0, Diff:  0.0, Sum:  0.0, Workers: 4
[1015.064s][debug][gc,phases      ] GC(132)     Dead                           Min: 0, Avg:  0.0, Max: 0, Diff: 0, Sum: 0, Workers: 4
[1015.064s][debug][gc,phases      ] GC(132)     Total                          Min: 0, Avg:  0.0, Max: 0, Diff: 0, Sum: 0, Workers: 4
[1015.064s][debug][gc,phases      ] GC(132) Weak Processing 0.328ms
[1015.064s][debug][gc,age         ] GC(132) Desired survivor size 116391936 bytes, new threshold 15 (max threshold 15)
[1015.064s][info ][gc,heap        ] GC(132) PSYoungGen: 1943907K(1992704K)->76632K(1970176K) Eden: 1893376K(1893376K)->0K(1893376K) From: 50531K(99328K)->76632K(76800K)
[1015.064s][info ][gc,heap        ] GC(132) ParOldGen: 428088K(495616K)->428104K(495616K)
[1015.064s][info ][gc,metaspace   ] GC(132) Metaspace: 81999K(82880K)->81999K(82880K) NonClass: 70441K(70912K)->70441K(70912K) Class: 11557K(11968K)->11557K(11968K)
[1015.064s][info ][gc             ] GC(132) Pause Young (Allocation Failure) 2316M->492M(2408M) 18.493ms
[1015.064s][info ][gc,cpu         ] GC(132) User=0.07s Sys=0.00s Real=0.02s
[1015.064s][info ][safepoint      ] Safepoint "ParallelGCFailedAllocation", Time since last: 852730860 ns, Reaching safepoint: 52401 ns, At safepoint: 18579144 ns, Total: 18631545 ns
[1016.064s][info ][safepoint      ] Safepoint "Cleanup", Time since last: 1000085078 ns, Reaching safepoint: 58101 ns, At safepoint: 6500 ns, Total: 64601 ns
[1017.064s][info ][safepoint      ] Safepoint "Cleanup", Time since last: 1000081478 ns, Reaching safepoint: 52201 ns, At safepoint: 7200 ns, Total: 59401 ns
[1018.064s][info ][safepoint      ] Safepoint "Cleanup", Time since last: 1000105578 ns, Reaching safepoint: 29701 ns, At safepoint: 3100 ns, Total: 32801 ns
[1019.064s][info ][safepoint      ] Safepoint "Cleanup", Time since last: 1000078976 ns, Reaching safepoint: 48402 ns, At safepoint: 7000 ns, Total: 55402 ns
[1022.064s][info ][safepoint      ] Safepoint "Cleanup", Time since last: 3000206927 ns, Reaching safepoint: 42601 ns, At safepoint: 7000 ns, Total: 49601 ns
[1024.065s][info ][safepoint      ] Safepoint "Cleanup", Time since last: 2000164750 ns, Reaching safepoint: 52702 ns, At safepoint: 6400 ns, Total: 59102 ns
[1025.065s][info ][safepoint      ] Safepoint "Cleanup", Time since last: 1000084374 ns, Reaching safepoint: 45701 ns, At safepoint: 7301 ns, Total: 53002 ns
[1027.065s][info ][safepoint      ] Safepoint "Cleanup", Time since last: 2000173148 ns, Reaching safepoint: 46001 ns, At safepoint: 2900 ns, Total: 48901 ns
[1028.065s][info ][safepoint      ] Safepoint "Cleanup", Time since last: 1000106474 ns, Reaching safepoint: 47001 ns, At safepoint: 3800 ns, Total: 50801 ns
[1031.492s][info ][gc,start       ] GC(133) Pause Young (Allocation Failure)
[1031.510s][debug][gc,phases      ] GC(133) Scavenge 17.936ms
[1031.510s][debug][gc,ref         ] GC(133) Skipped phase 1 of Reference Processing: no references
[1031.510s][debug][gc,ref         ] GC(133) ReferenceProcessor::execute queues: 1, RefProcThreadModel::Single, marks_oops_alive: false
[1031.510s][debug][gc,ref         ] GC(133) ReferenceProcessor::execute queues: 4, RefProcThreadModel::Multi, marks_oops_alive: true
[1031.510s][debug][gc,ref         ] GC(133) ReferenceProcessor::execute queues: 1, RefProcThreadModel::Single, marks_oops_alive: false
[1031.510s][debug][gc,phases      ] GC(133) Reference Processing 0.198ms
[1031.510s][debug][gc,phases      ] GC(133)   VM Weak                        Min:  0.0, Avg:  0.0, Max:  0.0, Diff:  0.0, Sum:  0.0, Workers: 4
[1031.510s][debug][gc,phases      ] GC(133)     Dead                           Min: 0, Avg:  0.0, Max: 0, Diff: 0, Sum: 0, Workers: 4
[1031.510s][debug][gc,phases      ] GC(133)     Total                          Min: 0, Avg: 170.5, Max: 362, Diff: 362, Sum: 682, Workers: 4
[1031.510s][debug][gc,phases      ] GC(133)   ObjectSynchronizer Weak        Min:  0.0, Avg:  0.0, Max:  0.0, Diff:  0.0, Sum:  0.0, Workers: 4
[1031.510s][debug][gc,phases      ] GC(133)     Dead                           Min: 0, Avg:  0.0, Max: 0, Diff: 0, Sum: 0, Workers: 4
[1031.510s][debug][gc,phases      ] GC(133)     Total                          Min: 0, Avg: 97.2, Max: 133, Diff: 133, Sum: 389, Workers: 4
[1031.510s][debug][gc,phases      ] GC(133)   JVMTI Tag Weak OopStorage      Min:  0.0, Avg:  0.0, Max:  0.0, Diff:  0.0, Sum:  0.0, Workers: 4
[1031.510s][debug][gc,phases      ] GC(133)     Dead                           Min: 0, Avg:  0.0, Max: 0, Diff: 0, Sum: 0, Workers: 4
[1031.510s][debug][gc,phases      ] GC(133)     Total                          Min: 0, Avg:  0.0, Max: 0, Diff: 0, Sum: 0, Workers: 4
[1031.510s][debug][gc,phases      ] GC(133)   StringTable Weak               Min:  0.1, Avg:  0.1, Max:  0.1, Diff:  0.0, Sum:  0.5, Workers: 4
[1031.510s][debug][gc,phases      ] GC(133)     Dead                           Min: 0, Avg:  0.0, Max: 0, Diff: 0, Sum: 0, Workers: 4
[1031.510s][debug][gc,phases      ] GC(133)     Total                          Min: 10304, Avg: 12029.2, Max: 12917, Diff: 2613, Sum: 48117, Workers: 4
[1031.510s][debug][gc,phases      ] GC(133)   ResolvedMethodTable Weak       Min:  0.0, Avg:  0.0, Max:  0.0, Diff:  0.0, Sum:  0.1, Workers: 4
[1031.510s][debug][gc,phases      ] GC(133)     Dead                           Min: 0, Avg:  0.0, Max: 0, Diff: 0, Sum: 0, Workers: 4
[1031.510s][debug][gc,phases      ] GC(133)     Total                          Min: 1824, Avg: 2024.8, Max: 2310, Diff: 486, Sum: 8099, Workers: 4
[1031.510s][debug][gc,phases      ] GC(133)   JNI Weak                       Min:  0.0, Avg:  0.0, Max:  0.0, Diff:  0.0, Sum:  0.0, Workers: 4
[1031.510s][debug][gc,phases      ] GC(133)     Dead                           Min: 0, Avg:  0.0, Max: 0, Diff: 0, Sum: 0, Workers: 4
[1031.510s][debug][gc,phases      ] GC(133)     Total                          Min: 0, Avg:  0.0, Max: 0, Diff: 0, Sum: 0, Workers: 4
[1031.510s][debug][gc,phases      ] GC(133)   StringDedup Table Weak         Min:  0.0, Avg:  0.0, Max:  0.0, Diff:  0.0, Sum:  0.0, Workers: 4
[1031.510s][debug][gc,phases      ] GC(133)     Dead                           Min: 0, Avg:  0.0, Max: 0, Diff: 0, Sum: 0, Workers: 4
[1031.510s][debug][gc,phases      ] GC(133)     Total                          Min: 0, Avg:  0.0, Max: 0, Diff: 0, Sum: 0, Workers: 4
[1031.510s][debug][gc,phases      ] GC(133)   StringDedup Requests0 Weak     Min:  0.0, Avg:  0.0, Max:  0.0, Diff:  0.0, Sum:  0.0, Workers: 4
[1031.510s][debug][gc,phases      ] GC(133)     Dead                           Min: 0, Avg:  0.0, Max: 0, Diff: 0, Sum: 0, Workers: 4
[1031.510s][debug][gc,phases      ] GC(133)     Total                          Min: 0, Avg:  0.0, Max: 0, Diff: 0, Sum: 0, Workers: 4
[1031.510s][debug][gc,phases      ] GC(133)   StringDedup Requests1 Weak     Min:  0.0, Avg:  0.0, Max:  0.0, Diff:  0.0, Sum:  0.0, Workers: 4
[1031.510s][debug][gc,phases      ] GC(133)     Dead                           Min: 0, Avg:  0.0, Max: 0, Diff: 0, Sum: 0, Workers: 4
[1031.510s][debug][gc,phases      ] GC(133)     Total                          Min: 0, Avg:  0.0, Max: 0, Diff: 0, Sum: 0, Workers: 4
[1031.510s][debug][gc,phases      ] GC(133)   Weak JFR Old Object Samples    Min:  0.0, Avg:  0.0, Max:  0.0, Diff:  0.0, Sum:  0.0, Workers: 4
[1031.510s][debug][gc,phases      ] GC(133)     Dead                           Min: 0, Avg:  0.0, Max: 0, Diff: 0, Sum: 0, Workers: 4
[1031.510s][debug][gc,phases      ] GC(133)     Total                          Min: 0, Avg:  0.0, Max: 0, Diff: 0, Sum: 0, Workers: 4
[1031.510s][debug][gc,phases      ] GC(133) Weak Processing 0.311ms
[1031.510s][debug][gc,age         ] GC(133) Desired survivor size 125304832 bytes, new threshold 15 (max threshold 15)
[1031.510s][info ][gc,heap        ] GC(133) PSYoungGen: 1970008K(1970176K)->76488K(1966080K) Eden: 1893376K(1893376K)->0K(1852416K) From: 76632K(76800K)->76488K(113664K)
[1031.510s][info ][gc,heap        ] GC(133) ParOldGen: 428104K(495616K)->428112K(495616K)
[1031.510s][info ][gc,metaspace   ] GC(133) Metaspace: 82005K(82880K)->82005K(82880K) NonClass: 70448K(70912K)->70448K(70912K) Class: 11557K(11968K)->11557K(11968K)
[1031.510s][info ][gc             ] GC(133) Pause Young (Allocation Failure) 2341M->492M(2404M) 18.585ms
[1031.510s][info ][gc,cpu         ] GC(133) User=0.07s Sys=0.01s Real=0.01s
[1031.510s][info ][safepoint      ] Safepoint "ParallelGCFailedAllocation", Time since last: 3426541695 ns, Reaching safepoint: 44401 ns, At safepoint: 18667945 ns, Total: 18712346 ns
[1032.511s][info ][safepoint      ] Safepoint "Cleanup", Time since last: 1000080872 ns, Reaching safepoint: 53502 ns, At safepoint: 7400 ns, Total: 60902 ns
[1033.511s][info ][safepoint      ] Safepoint "Cleanup", Time since last: 1000100272 ns, Reaching safepoint: 42701 ns, At safepoint: 2200 ns, Total: 44901 ns
[1038.511s][info ][safepoint      ] Safepoint "Cleanup", Time since last: 5000315850 ns, Reaching safepoint: 55302 ns, At safepoint: 5100 ns, Total: 60402 ns
[1039.511s][info ][safepoint      ] Safepoint "Cleanup", Time since last: 1000104970 ns, Reaching safepoint: 44601 ns, At safepoint: 2500 ns, Total: 47101 ns
[1044.581s][info ][safepoint      ] Safepoint "Cleanup", Time since last: 5069432490 ns, Reaching safepoint: 78202 ns, At safepoint: 6700 ns, Total: 84902 ns
[1047.393s][info ][gc,start       ] GC(134) Pause Young (Allocation Failure)
[1047.412s][debug][gc,phases      ] GC(134) Scavenge 18.210ms
[1047.412s][debug][gc,ref         ] GC(134) Skipped phase 1 of Reference Processing: no references
[1047.412s][debug][gc,ref         ] GC(134) ReferenceProcessor::execute queues: 1, RefProcThreadModel::Single, marks_oops_alive: false
[1047.412s][debug][gc,ref         ] GC(134) Skipped phase 3 of Reference Processing: no references
[1047.412s][debug][gc,ref         ] GC(134) ReferenceProcessor::execute queues: 1, RefProcThreadModel::Single, marks_oops_alive: false
[1047.412s][debug][gc,phases      ] GC(134) Reference Processing 0.110ms
[1047.412s][debug][gc,phases      ] GC(134)   VM Weak                        Min:  0.0, Avg:  0.0, Max:  0.0, Diff:  0.0, Sum:  0.0, Workers: 4
[1047.412s][debug][gc,phases      ] GC(134)     Dead                           Min: 0, Avg:  0.0, Max: 0, Diff: 0, Sum: 0, Workers: 4
[1047.412s][debug][gc,phases      ] GC(134)     Total                          Min: 0, Avg: 170.8, Max: 555, Diff: 555, Sum: 683, Workers: 4
[1047.412s][debug][gc,phases      ] GC(134)   ObjectSynchronizer Weak        Min:  0.0, Avg:  0.0, Max:  0.0, Diff:  0.0, Sum:  0.0, Workers: 4
[1047.412s][debug][gc,phases      ] GC(134)     Dead                           Min: 0, Avg:  0.0, Max: 0, Diff: 0, Sum: 0, Workers: 4
[1047.412s][debug][gc,phases      ] GC(134)     Total                          Min: 64, Avg: 97.2, Max: 133, Diff: 69, Sum: 389, Workers: 4
[1047.412s][debug][gc,phases      ] GC(134)   JVMTI Tag Weak OopStorage      Min:  0.0, Avg:  0.0, Max:  0.0, Diff:  0.0, Sum:  0.0, Workers: 4
[1047.412s][debug][gc,phases      ] GC(134)     Dead                           Min: 0, Avg:  0.0, Max: 0, Diff: 0, Sum: 0, Workers: 4
[1047.412s][debug][gc,phases      ] GC(134)     Total                          Min: 0, Avg:  0.0, Max: 0, Diff: 0, Sum: 0, Workers: 4
[1047.412s][debug][gc,phases      ] GC(134)   StringTable Weak               Min:  0.1, Avg:  0.1, Max:  0.1, Diff:  0.0, Sum:  0.4, Workers: 4
[1047.412s][debug][gc,phases      ] GC(134)     Dead                           Min: 0, Avg:  0.0, Max: 0, Diff: 0, Sum: 0, Workers: 4
[1047.412s][debug][gc,phases      ] GC(134)     Total                          Min: 11328, Avg: 12033.0, Max: 13124, Diff: 1796, Sum: 48132, Workers: 4
[1047.412s][debug][gc,phases      ] GC(134)   ResolvedMethodTable Weak       Min:  0.0, Avg:  0.0, Max:  0.0, Diff:  0.0, Sum:  0.1, Workers: 4
[1047.412s][debug][gc,phases      ] GC(134)     Dead                           Min: 0, Avg:  0.0, Max: 0, Diff: 0, Sum: 0, Workers: 4
[1047.412s][debug][gc,phases      ] GC(134)     Total                          Min: 1580, Avg: 2026.5, Max: 2563, Diff: 983, Sum: 8106, Workers: 4
[1047.412s][debug][gc,phases      ] GC(134)   JNI Weak                       Min:  0.0, Avg:  0.0, Max:  0.0, Diff:  0.0, Sum:  0.0, Workers: 4
[1047.412s][debug][gc,phases      ] GC(134)     Dead                           Min: 0, Avg:  0.0, Max: 0, Diff: 0, Sum: 0, Workers: 4
[1047.412s][debug][gc,phases      ] GC(134)     Total                          Min: 0, Avg:  0.0, Max: 0, Diff: 0, Sum: 0, Workers: 4
[1047.412s][debug][gc,phases      ] GC(134)   StringDedup Table Weak         Min:  0.0, Avg:  0.0, Max:  0.0, Diff:  0.0, Sum:  0.0, Workers: 4
[1047.412s][debug][gc,phases      ] GC(134)     Dead                           Min: 0, Avg:  0.0, Max: 0, Diff: 0, Sum: 0, Workers: 4
[1047.412s][debug][gc,phases      ] GC(134)     Total                          Min: 0, Avg:  0.0, Max: 0, Diff: 0, Sum: 0, Workers: 4
[1047.412s][debug][gc,phases      ] GC(134)   StringDedup Requests0 Weak     Min:  0.0, Avg:  0.0, Max:  0.0, Diff:  0.0, Sum:  0.0, Workers: 4
[1047.412s][debug][gc,phases      ] GC(134)     Dead                           Min: 0, Avg:  0.0, Max: 0, Diff: 0, Sum: 0, Workers: 4
[1047.412s][debug][gc,phases      ] GC(134)     Total                          Min: 0, Avg:  0.0, Max: 0, Diff: 0, Sum: 0, Workers: 4
[1047.412s][debug][gc,phases      ] GC(134)   StringDedup Requests1 Weak     Min:  0.0, Avg:  0.0, Max:  0.0, Diff:  0.0, Sum:  0.0, Workers: 4
[1047.412s][debug][gc,phases      ] GC(134)     Dead                           Min: 0, Avg:  0.0, Max: 0, Diff: 0, Sum: 0, Workers: 4
[1047.412s][debug][gc,phases      ] GC(134)     Total                          Min: 0, Avg:  0.0, Max: 0, Diff: 0, Sum: 0, Workers: 4
[1047.412s][debug][gc,phases      ] GC(134)   Weak JFR Old Object Samples    Min:  0.0, Avg:  0.0, Max:  0.0, Diff:  0.0, Sum:  0.0, Workers: 4
[1047.412s][debug][gc,phases      ] GC(134)     Dead                           Min: 0, Avg:  0.0, Max: 0, Diff: 0, Sum: 0, Workers: 4
[1047.412s][debug][gc,phases      ] GC(134)     Total                          Min: 0, Avg:  0.0, Max: 0, Diff: 0, Sum: 0, Workers: 4
[1047.412s][debug][gc,phases      ] GC(134) Weak Processing 0.317ms
[1047.412s][debug][gc,age         ] GC(134) Desired survivor size 132120576 bytes, new threshold 15 (max threshold 15)
[1047.412s][info ][gc,heap        ] GC(134) PSYoungGen: 1928904K(1966080K)->75685K(1928192K) Eden: 1852416K(1852416K)->0K(1852416K) From: 76488K(113664K)->75685K(75776K)
[1047.412s][info ][gc,heap        ] GC(134) ParOldGen: 428112K(495616K)->428120K(495616K)
[1047.412s][info ][gc,metaspace   ] GC(134) Metaspace: 82044K(82880K)->82044K(82880K) NonClass: 70481K(70912K)->70481K(70912K) Class: 11562K(11968K)->11562K(11968K)
[1047.412s][info ][gc             ] GC(134) Pause Young (Allocation Failure) 2301M->491M(2367M) 18.768ms
[1047.412s][info ][gc,cpu         ] GC(134) User=0.08s Sys=0.00s Real=0.02s
[1047.412s][info ][safepoint      ] Safepoint "ParallelGCFailedAllocation", Time since last: 2812493520 ns, Reaching safepoint: 62102 ns, At safepoint: 18853850 ns, Total: 18915952 ns
[1048.412s][info ][safepoint      ] Safepoint "Cleanup", Time since last: 1000090266 ns, Reaching safepoint: 59402 ns, At safepoint: 11100 ns, Total: 70502 ns
[1052.413s][info ][safepoint      ] Safepoint "Cleanup", Time since last: 4000252661 ns, Reaching safepoint: 43601 ns, At safepoint: 2100 ns, Total: 45701 ns
[1053.413s][info ][safepoint      ] Safepoint "Cleanup", Time since last: 1000124065 ns, Reaching safepoint: 45202 ns, At safepoint: 2300 ns, Total: 47502 ns
[1055.413s][info ][safepoint      ] Safepoint "Cleanup", Time since last: 2000173828 ns, Reaching safepoint: 44701 ns, At safepoint: 2300 ns, Total: 47001 ns
[1056.413s][info ][safepoint      ] Safepoint "Cleanup", Time since last: 1000110665 ns, Reaching safepoint: 67001 ns, At safepoint: 11301 ns, Total: 78302 ns
[1057.413s][info ][safepoint      ] Safepoint "Cleanup", Time since last: 1000107064 ns, Reaching safepoint: 43401 ns, At safepoint: 6600 ns, Total: 50001 ns
[1058.414s][info ][safepoint      ] Safepoint "Cleanup", Time since last: 1000099163 ns, Reaching safepoint: 58002 ns, At safepoint: 4400 ns, Total: 62402 ns
[1059.414s][info ][safepoint      ] Safepoint "Cleanup", Time since last: 1000109563 ns, Reaching safepoint: 44501 ns, At safepoint: 4400 ns, Total: 48901 ns
[1060.414s][info ][safepoint      ] Safepoint "Cleanup", Time since last: 1000110564 ns, Reaching safepoint: 47301 ns, At safepoint: 4200 ns, Total: 51501 ns
[1063.414s][info ][safepoint      ] Safepoint "Cleanup", Time since last: 3000183983 ns, Reaching safepoint: 43202 ns, At safepoint: 2300 ns, Total: 45502 ns
[1064.093s][info ][gc,start       ] GC(135) Pause Young (Allocation Failure)
[1064.111s][debug][gc,phases      ] GC(135) Scavenge 17.726ms
[1064.111s][debug][gc,ref         ] GC(135) Skipped phase 1 of Reference Processing: no references
[1064.111s][debug][gc,ref         ] GC(135) ReferenceProcessor::execute queues: 1, RefProcThreadModel::Single, marks_oops_alive: false
[1064.111s][debug][gc,ref         ] GC(135) Skipped phase 3 of Reference Processing: no references
[1064.111s][debug][gc,ref         ] GC(135) ReferenceProcessor::execute queues: 1, RefProcThreadModel::Single, marks_oops_alive: false
[1064.111s][debug][gc,phases      ] GC(135) Reference Processing 0.115ms
[1064.111s][debug][gc,phases      ] GC(135)   VM Weak                        Min:  0.0, Avg:  0.0, Max:  0.0, Diff:  0.0, Sum:  0.0, Workers: 4
[1064.111s][debug][gc,phases      ] GC(135)     Dead                           Min: 0, Avg:  0.0, Max: 0, Diff: 0, Sum: 0, Workers: 4
[1064.111s][debug][gc,phases      ] GC(135)     Total                          Min: 0, Avg: 170.8, Max: 363, Diff: 363, Sum: 683, Workers: 4
[1064.111s][debug][gc,phases      ] GC(135)   ObjectSynchronizer Weak        Min:  0.0, Avg:  0.0, Max:  0.0, Diff:  0.0, Sum:  0.0, Workers: 4
[1064.111s][debug][gc,phases      ] GC(135)     Dead                           Min: 0, Avg:  0.0, Max: 0, Diff: 0, Sum: 0, Workers: 4
[1064.111s][debug][gc,phases      ] GC(135)     Total                          Min: 0, Avg: 97.2, Max: 192, Diff: 192, Sum: 389, Workers: 4
[1064.111s][debug][gc,phases      ] GC(135)   JVMTI Tag Weak OopStorage      Min:  0.0, Avg:  0.0, Max:  0.0, Diff:  0.0, Sum:  0.0, Workers: 4
[1064.111s][debug][gc,phases      ] GC(135)     Dead                           Min: 0, Avg:  0.0, Max: 0, Diff: 0, Sum: 0, Workers: 4
[1064.111s][debug][gc,phases      ] GC(135)     Total                          Min: 0, Avg:  0.0, Max: 0, Diff: 0, Sum: 0, Workers: 4
[1064.111s][debug][gc,phases      ] GC(135)   StringTable Weak               Min:  0.1, Avg:  0.1, Max:  0.1, Diff:  0.0, Sum:  0.5, Workers: 4
[1064.111s][debug][gc,phases      ] GC(135)     Dead                           Min: 0, Avg:  0.0, Max: 0, Diff: 0, Sum: 0, Workers: 4
[1064.111s][debug][gc,phases      ] GC(135)     Total                          Min: 11328, Avg: 12035.5, Max: 13248, Diff: 1920, Sum: 48142, Workers: 4
[1064.111s][debug][gc,phases      ] GC(135)   ResolvedMethodTable Weak       Min:  0.0, Avg:  0.0, Max:  0.0, Diff:  0.0, Sum:  0.1, Workers: 4
[1064.111s][debug][gc,phases      ] GC(135)     Dead                           Min: 0, Avg:  0.0, Max: 0, Diff: 0, Sum: 0, Workers: 4
[1064.111s][debug][gc,phases      ] GC(135)     Total                          Min: 1878, Avg: 2027.0, Max: 2247, Diff: 369, Sum: 8108, Workers: 4
[1064.111s][debug][gc,phases      ] GC(135)   JNI Weak                       Min:  0.0, Avg:  0.0, Max:  0.0, Diff:  0.0, Sum:  0.0, Workers: 4
[1064.111s][debug][gc,phases      ] GC(135)     Dead                           Min: 0, Avg:  0.0, Max: 0, Diff: 0, Sum: 0, Workers: 4
[1064.111s][debug][gc,phases      ] GC(135)     Total                          Min: 0, Avg:  0.0, Max: 0, Diff: 0, Sum: 0, Workers: 4
[1064.111s][debug][gc,phases      ] GC(135)   StringDedup Table Weak         Min:  0.0, Avg:  0.0, Max:  0.0, Diff:  0.0, Sum:  0.0, Workers: 4
[1064.111s][debug][gc,phases      ] GC(135)     Dead                           Min: 0, Avg:  0.0, Max: 0, Diff: 0, Sum: 0, Workers: 4
[1064.111s][debug][gc,phases      ] GC(135)     Total                          Min: 0, Avg:  0.0, Max: 0, Diff: 0, Sum: 0, Workers: 4
[1064.111s][debug][gc,phases      ] GC(135)   StringDedup Requests0 Weak     Min:  0.0, Avg:  0.0, Max:  0.0, Diff:  0.0, Sum:  0.0, Workers: 4
[1064.111s][debug][gc,phases      ] GC(135)     Dead                           Min: 0, Avg:  0.0, Max: 0, Diff: 0, Sum: 0, Workers: 4
[1064.112s][debug][gc,phases      ] GC(135)     Total                          Min: 0, Avg:  0.0, Max: 0, Diff: 0, Sum: 0, Workers: 4
[1064.112s][debug][gc,phases      ] GC(135)   StringDedup Requests1 Weak     Min:  0.0, Avg:  0.0, Max:  0.0, Diff:  0.0, Sum:  0.0, Workers: 4
[1064.112s][debug][gc,phases      ] GC(135)     Dead                           Min: 0, Avg:  0.0, Max: 0, Diff: 0, Sum: 0, Workers: 4
[1064.112s][debug][gc,phases      ] GC(135)     Total                          Min: 0, Avg:  0.0, Max: 0, Diff: 0, Sum: 0, Workers: 4
[1064.112s][debug][gc,phases      ] GC(135)   Weak JFR Old Object Samples    Min:  0.0, Avg:  0.0, Max:  0.0, Diff:  0.0, Sum:  0.0, Workers: 4
[1064.112s][debug][gc,phases      ] GC(135)     Dead                           Min: 0, Avg:  0.0, Max: 0, Diff: 0, Sum: 0, Workers: 4
[1064.112s][debug][gc,phases      ] GC(135)     Total                          Min: 0, Avg:  0.0, Max: 0, Diff: 0, Sum: 0, Workers: 4
[1064.112s][debug][gc,phases      ] GC(135) Weak Processing 0.379ms
[1064.112s][debug][gc,age         ] GC(135) Desired survivor size 136839168 bytes, new threshold 15 (max threshold 15)
[1064.112s][info ][gc,heap        ] GC(135) PSYoungGen: 1928101K(1928192K)->75656K(1958912K) Eden: 1852416K(1852416K)->0K(1829888K) From: 75685K(75776K)->75656K(129024K)
[1064.112s][info ][gc,heap        ] GC(135) ParOldGen: 428120K(495616K)->428136K(495616K)
[1064.112s][info ][gc,metaspace   ] GC(135) Metaspace: 82048K(82880K)->82048K(82880K) NonClass: 70485K(70912K)->70485K(70912K) Class: 11563K(11968K)->11563K(11968K)
[1064.112s][info ][gc             ] GC(135) Pause Young (Allocation Failure) 2300M->491M(2397M) 18.359ms
[1064.112s][info ][gc,cpu         ] GC(135) User=0.07s Sys=0.00s Real=0.02s
[1064.112s][info ][safepoint      ] Safepoint "ParallelGCFailedAllocation", Time since last: 679004200 ns, Reaching safepoint: 59001 ns, At safepoint: 18441840 ns, Total: 18500841 ns
[1068.112s][info ][safepoint      ] Safepoint "Cleanup", Time since last: 4000271341 ns, Reaching safepoint: 51201 ns, At safepoint: 6500 ns, Total: 57701 ns
[1069.112s][info ][safepoint      ] Safepoint "Cleanup", Time since last: 1000110660 ns, Reaching safepoint: 45801 ns, At safepoint: 2500 ns, Total: 48301 ns
[1070.112s][info ][safepoint      ] Safepoint "Cleanup", Time since last: 1000105560 ns, Reaching safepoint: 47001 ns, At safepoint: 2800 ns, Total: 49801 ns
[1073.113s][info ][safepoint      ] Safepoint "Cleanup", Time since last: 3000233576 ns, Reaching safepoint: 45101 ns, At safepoint: 2500 ns, Total: 47601 ns
[1075.113s][info ][safepoint      ] Safepoint "Cleanup", Time since last: 2000139815 ns, Reaching safepoint: 46001 ns, At safepoint: 2100 ns, Total: 48101 ns
[1077.113s][info ][safepoint      ] Safepoint "Cleanup", Time since last: 2000155414 ns, Reaching safepoint: 43101 ns, At safepoint: 7900 ns, Total: 51001 ns
[1078.113s][info ][safepoint      ] Safepoint "Cleanup", Time since last: 1000100957 ns, Reaching safepoint: 43201 ns, At safepoint: 3000 ns, Total: 46201 ns
[1079.113s][info ][safepoint      ] Safepoint "Cleanup", Time since last: 1000125257 ns, Reaching safepoint: 53102 ns, At safepoint: 4900 ns, Total: 58002 ns
[1080.113s][info ][safepoint      ] Safepoint "Cleanup", Time since last: 1000110656 ns, Reaching safepoint: 44602 ns, At safepoint: 2500 ns, Total: 47102 ns
[1081.694s][info ][gc,start       ] GC(136) Pause Young (Allocation Failure)
[1081.710s][debug][gc,phases      ] GC(136) Scavenge 15.647ms
[1081.710s][debug][gc,ref         ] GC(136) Skipped phase 1 of Reference Processing: no references
[1081.710s][debug][gc,ref         ] GC(136) ReferenceProcessor::execute queues: 1, RefProcThreadModel::Single, marks_oops_alive: false
[1081.710s][debug][gc,ref         ] GC(136) Skipped phase 3 of Reference Processing: no references
[1081.710s][debug][gc,ref         ] GC(136) ReferenceProcessor::execute queues: 1, RefProcThreadModel::Single, marks_oops_alive: false
[1081.710s][debug][gc,phases      ] GC(136) Reference Processing 0.115ms
[1081.710s][debug][gc,phases      ] GC(136)   VM Weak                        Min:  0.0, Avg:  0.0, Max:  0.0, Diff:  0.0, Sum:  0.0, Workers: 4
[1081.710s][debug][gc,phases      ] GC(136)     Dead                           Min: 0, Avg:  0.0, Max: 0, Diff: 0, Sum: 0, Workers: 4
[1081.710s][debug][gc,phases      ] GC(136)     Total                          Min: 0, Avg: 170.8, Max: 363, Diff: 363, Sum: 683, Workers: 4
[1081.710s][debug][gc,phases      ] GC(136)   ObjectSynchronizer Weak        Min:  0.0, Avg:  0.0, Max:  0.0, Diff:  0.0, Sum:  0.0, Workers: 4
[1081.710s][debug][gc,phases      ] GC(136)     Dead                           Min: 0, Avg:  0.0, Max: 0, Diff: 0, Sum: 0, Workers: 4
[1081.710s][debug][gc,phases      ] GC(136)     Total                          Min: 0, Avg: 97.5, Max: 256, Diff: 256, Sum: 390, Workers: 4
[1081.710s][debug][gc,phases      ] GC(136)   JVMTI Tag Weak OopStorage      Min:  0.0, Avg:  0.0, Max:  0.0, Diff:  0.0, Sum:  0.0, Workers: 4
[1081.710s][debug][gc,phases      ] GC(136)     Dead                           Min: 0, Avg:  0.0, Max: 0, Diff: 0, Sum: 0, Workers: 4
[1081.710s][debug][gc,phases      ] GC(136)     Total                          Min: 0, Avg:  0.0, Max: 0, Diff: 0, Sum: 0, Workers: 4
[1081.710s][debug][gc,phases      ] GC(136)   StringTable Weak               Min:  0.1, Avg:  0.1, Max:  0.1, Diff:  0.0, Sum:  0.5, Workers: 4
[1081.710s][debug][gc,phases      ] GC(136)     Dead                           Min: 0, Avg:  0.0, Max: 0, Diff: 0, Sum: 0, Workers: 4
[1081.710s][debug][gc,phases      ] GC(136)     Total                          Min: 10576, Avg: 12036.0, Max: 12800, Diff: 2224, Sum: 48144, Workers: 4
[1081.710s][debug][gc,phases      ] GC(136)   ResolvedMethodTable Weak       Min:  0.0, Avg:  0.0, Max:  0.0, Diff:  0.0, Sum:  0.1, Workers: 4
[1081.710s][debug][gc,phases      ] GC(136)     Dead                           Min: 0, Avg:  0.0, Max: 0, Diff: 0, Sum: 0, Workers: 4
[1081.710s][debug][gc,phases      ] GC(136)     Total                          Min: 1842, Avg: 2027.0, Max: 2256, Diff: 414, Sum: 8108, Workers: 4
[1081.710s][debug][gc,phases      ] GC(136)   JNI Weak                       Min:  0.0, Avg:  0.0, Max:  0.0, Diff:  0.0, Sum:  0.0, Workers: 4
[1081.710s][debug][gc,phases      ] GC(136)     Dead                           Min: 0, Avg:  0.0, Max: 0, Diff: 0, Sum: 0, Workers: 4
[1081.710s][debug][gc,phases      ] GC(136)     Total                          Min: 0, Avg:  0.0, Max: 0, Diff: 0, Sum: 0, Workers: 4
[1081.710s][debug][gc,phases      ] GC(136)   StringDedup Table Weak         Min:  0.0, Avg:  0.0, Max:  0.0, Diff:  0.0, Sum:  0.0, Workers: 4
[1081.710s][debug][gc,phases      ] GC(136)     Dead                           Min: 0, Avg:  0.0, Max: 0, Diff: 0, Sum: 0, Workers: 4
[1081.710s][debug][gc,phases      ] GC(136)     Total                          Min: 0, Avg:  0.0, Max: 0, Diff: 0, Sum: 0, Workers: 4
[1081.710s][debug][gc,phases      ] GC(136)   StringDedup Requests0 Weak     Min:  0.0, Avg:  0.0, Max:  0.0, Diff:  0.0, Sum:  0.0, Workers: 4
[1081.710s][debug][gc,phases      ] GC(136)     Dead                           Min: 0, Avg:  0.0, Max: 0, Diff: 0, Sum: 0, Workers: 4
[1081.710s][debug][gc,phases      ] GC(136)     Total                          Min: 0, Avg:  0.0, Max: 0, Diff: 0, Sum: 0, Workers: 4
[1081.710s][debug][gc,phases      ] GC(136)   StringDedup Requests1 Weak     Min:  0.0, Avg:  0.0, Max:  0.0, Diff:  0.0, Sum:  0.0, Workers: 4
[1081.710s][debug][gc,phases      ] GC(136)     Dead                           Min: 0, Avg:  0.0, Max: 0, Diff: 0, Sum: 0, Workers: 4
[1081.710s][debug][gc,phases      ] GC(136)     Total                          Min: 0, Avg:  0.0, Max: 0, Diff: 0, Sum: 0, Workers: 4
[1081.710s][debug][gc,phases      ] GC(136)   Weak JFR Old Object Samples    Min:  0.0, Avg:  0.0, Max:  0.0, Diff:  0.0, Sum:  0.0, Workers: 4
[1081.710s][debug][gc,phases      ] GC(136)     Dead                           Min: 0, Avg:  0.0, Max: 0, Diff: 0, Sum: 0, Workers: 4
[1081.710s][debug][gc,phases      ] GC(136)     Total                          Min: 0, Avg:  0.0, Max: 0, Diff: 0, Sum: 0, Workers: 4
[1081.710s][debug][gc,phases      ] GC(136) Weak Processing 0.330ms
[1081.710s][debug][gc,age         ] GC(136) Desired survivor size 140509184 bytes, new threshold 15 (max threshold 15)
[1081.710s][info ][gc,heap        ] GC(136) PSYoungGen: 1905544K(1958912K)->75605K(1905664K) Eden: 1829888K(1829888K)->0K(1829888K) From: 75656K(129024K)->75605K(75776K)
[1081.710s][info ][gc,heap        ] GC(136) ParOldGen: 428136K(495616K)->428168K(495616K)
[1081.710s][info ][gc,metaspace   ] GC(136) Metaspace: 82068K(82944K)->82068K(82944K) NonClass: 70504K(70976K)->70504K(70976K) Class: 11564K(11968K)->11564K(11968K)
[1081.710s][info ][gc             ] GC(136) Pause Young (Allocation Failure) 2278M->491M(2345M) 16.230ms
[1081.710s][info ][gc,cpu         ] GC(136) User=0.06s Sys=0.01s Real=0.01s
[1081.710s][info ][safepoint      ] Safepoint "ParallelGCFailedAllocation", Time since last: 1580304996 ns, Reaching safepoint: 37700 ns, At safepoint: 16317690 ns, Total: 16355390 ns
[1082.710s][info ][safepoint      ] Safepoint "Cleanup", Time since last: 1000087655 ns, Reaching safepoint: 49601 ns, At safepoint: 3800 ns, Total: 53401 ns
[1084.710s][info ][safepoint      ] Safepoint "Cleanup", Time since last: 2000144109 ns, Reaching safepoint: 47801 ns, At safepoint: 16401 ns, Total: 64202 ns
[1085.711s][info ][safepoint      ] Safepoint "Cleanup", Time since last: 1000100454 ns, Reaching safepoint: 46301 ns, At safepoint: 5100 ns, Total: 51401 ns
[1086.711s][info ][safepoint      ] Safepoint "Cleanup", Time since last: 1000109055 ns, Reaching safepoint: 48601 ns, At safepoint: 8800 ns, Total: 57401 ns
[1087.711s][info ][safepoint      ] Safepoint "Cleanup", Time since last: 1000103954 ns, Reaching safepoint: 29001 ns, At safepoint: 2200 ns, Total: 31201 ns
[1088.711s][info ][safepoint      ] Safepoint "Cleanup", Time since last: 1000105354 ns, Reaching safepoint: 47801 ns, At safepoint: 7800 ns, Total: 55601 ns
[1091.711s][info ][safepoint      ] Safepoint "Cleanup", Time since last: 3000236158 ns, Reaching safepoint: 52301 ns, At safepoint: 3300 ns, Total: 55601 ns
[1094.712s][info ][safepoint      ] Safepoint "Cleanup", Time since last: 3000252455 ns, Reaching safepoint: 43901 ns, At safepoint: 3100 ns, Total: 47001 ns
[1095.712s][info ][safepoint      ] Safepoint "Cleanup", Time since last: 1000106252 ns, Reaching safepoint: 51401 ns, At safepoint: 11001 ns, Total: 62402 ns
[1098.144s][info ][gc,start       ] GC(137) Pause Young (Allocation Failure)
[1098.160s][debug][gc,phases      ] GC(137) Scavenge 15.869ms
[1098.160s][debug][gc,ref         ] GC(137) Skipped phase 1 of Reference Processing: no references
[1098.160s][debug][gc,ref         ] GC(137) ReferenceProcessor::execute queues: 1, RefProcThreadModel::Single, marks_oops_alive: false
[1098.160s][debug][gc,ref         ] GC(137) Skipped phase 3 of Reference Processing: no references
[1098.160s][debug][gc,ref         ] GC(137) ReferenceProcessor::execute queues: 1, RefProcThreadModel::Single, marks_oops_alive: false
[1098.160s][debug][gc,phases      ] GC(137) Reference Processing 0.134ms
[1098.160s][debug][gc,phases      ] GC(137)   VM Weak                        Min:  0.0, Avg:  0.0, Max:  0.0, Diff:  0.0, Sum:  0.0, Workers: 4
[1098.160s][debug][gc,phases      ] GC(137)     Dead                           Min: 0, Avg:  0.0, Max: 0, Diff: 0, Sum: 0, Workers: 4
[1098.160s][debug][gc,phases      ] GC(137)     Total                          Min: 0, Avg: 170.8, Max: 619, Diff: 619, Sum: 683, Workers: 4
[1098.160s][debug][gc,phases      ] GC(137)   ObjectSynchronizer Weak        Min:  0.0, Avg:  0.0, Max:  0.0, Diff:  0.0, Sum:  0.0, Workers: 4
[1098.160s][debug][gc,phases      ] GC(137)     Dead                           Min: 0, Avg:  0.0, Max: 0, Diff: 0, Sum: 0, Workers: 4
[1098.160s][debug][gc,phases      ] GC(137)     Total                          Min: 0, Avg: 97.5, Max: 192, Diff: 192, Sum: 390, Workers: 4
[1098.160s][debug][gc,phases      ] GC(137)   JVMTI Tag Weak OopStorage      Min:  0.0, Avg:  0.0, Max:  0.0, Diff:  0.0, Sum:  0.0, Workers: 4
[1098.160s][debug][gc,phases      ] GC(137)     Dead                           Min: 0, Avg:  0.0, Max: 0, Diff: 0, Sum: 0, Workers: 4
[1098.160s][debug][gc,phases      ] GC(137)     Total                          Min: 0, Avg:  0.0, Max: 0, Diff: 0, Sum: 0, Workers: 4
[1098.160s][debug][gc,phases      ] GC(137)   StringTable Weak               Min:  0.1, Avg:  0.1, Max:  0.1, Diff:  0.0, Sum:  0.4, Workers: 4
[1098.160s][debug][gc,phases      ] GC(137)     Dead                           Min: 0, Avg:  0.0, Max: 0, Diff: 0, Sum: 0, Workers: 4
[1098.160s][debug][gc,phases      ] GC(137)     Total                          Min: 10816, Avg: 12038.5, Max: 13120, Diff: 2304, Sum: 48154, Workers: 4
[1098.160s][debug][gc,phases      ] GC(137)   ResolvedMethodTable Weak       Min:  0.0, Avg:  0.0, Max:  0.0, Diff:  0.0, Sum:  0.1, Workers: 4
[1098.160s][debug][gc,phases      ] GC(137)     Dead                           Min: 0, Avg:  0.0, Max: 0, Diff: 0, Sum: 0, Workers: 4
[1098.160s][debug][gc,phases      ] GC(137)     Total                          Min: 1750, Avg: 2027.0, Max: 2319, Diff: 569, Sum: 8108, Workers: 4
[1098.160s][debug][gc,phases      ] GC(137)   JNI Weak                       Min:  0.0, Avg:  0.0, Max:  0.0, Diff:  0.0, Sum:  0.0, Workers: 4
[1098.160s][debug][gc,phases      ] GC(137)     Dead                           Min: 0, Avg:  0.0, Max: 0, Diff: 0, Sum: 0, Workers: 4
[1098.160s][debug][gc,phases      ] GC(137)     Total                          Min: 0, Avg:  0.0, Max: 0, Diff: 0, Sum: 0, Workers: 4
[1098.160s][debug][gc,phases      ] GC(137)   StringDedup Table Weak         Min:  0.0, Avg:  0.0, Max:  0.0, Diff:  0.0, Sum:  0.0, Workers: 4
[1098.160s][debug][gc,phases      ] GC(137)     Dead                           Min: 0, Avg:  0.0, Max: 0, Diff: 0, Sum: 0, Workers: 4
[1098.160s][debug][gc,phases      ] GC(137)     Total                          Min: 0, Avg:  0.0, Max: 0, Diff: 0, Sum: 0, Workers: 4
[1098.160s][debug][gc,phases      ] GC(137)   StringDedup Requests0 Weak     Min:  0.0, Avg:  0.0, Max:  0.0, Diff:  0.0, Sum:  0.0, Workers: 4
[1098.160s][debug][gc,phases      ] GC(137)     Dead                           Min: 0, Avg:  0.0, Max: 0, Diff: 0, Sum: 0, Workers: 4
[1098.160s][debug][gc,phases      ] GC(137)     Total                          Min: 0, Avg:  0.0, Max: 0, Diff: 0, Sum: 0, Workers: 4
[1098.160s][debug][gc,phases      ] GC(137)   StringDedup Requests1 Weak     Min:  0.0, Avg:  0.0, Max:  0.0, Diff:  0.0, Sum:  0.0, Workers: 4
[1098.160s][debug][gc,phases      ] GC(137)     Dead                           Min: 0, Avg:  0.0, Max: 0, Diff: 0, Sum: 0, Workers: 4
[1098.160s][debug][gc,phases      ] GC(137)     Total                          Min: 0, Avg:  0.0, Max: 0, Diff: 0, Sum: 0, Workers: 4
[1098.160s][debug][gc,phases      ] GC(137)   Weak JFR Old Object Samples    Min:  0.0, Avg:  0.0, Max:  0.0, Diff:  0.0, Sum:  0.0, Workers: 4
[1098.160s][debug][gc,phases      ] GC(137)     Dead                           Min: 0, Avg:  0.0, Max: 0, Diff: 0, Sum: 0, Workers: 4
[1098.160s][debug][gc,phases      ] GC(137)     Total                          Min: 0, Avg:  0.0, Max: 0, Diff: 0, Sum: 0, Workers: 4
[1098.160s][debug][gc,phases      ] GC(137) Weak Processing 0.304ms
[1098.160s][debug][gc,age         ] GC(137) Desired survivor size 141557760 bytes, new threshold 15 (max threshold 15)
[1098.160s][info ][gc,heap        ] GC(137) PSYoungGen: 1905493K(1905664K)->73544K(1957888K) Eden: 1829888K(1829888K)->0K(1820672K) From: 75605K(75776K)->73544K(137216K)
[1098.160s][info ][gc,heap        ] GC(137) ParOldGen: 428168K(495616K)->428552K(495616K)
[1098.160s][info ][gc,metaspace   ] GC(137) Metaspace: 82092K(82944K)->82092K(82944K) NonClass: 70524K(70976K)->70524K(70976K) Class: 11567K(11968K)->11567K(11968K)
[1098.160s][info ][gc             ] GC(137) Pause Young (Allocation Failure) 2278M->490M(2396M) 16.443ms
[1098.160s][info ][gc,cpu         ] GC(137) User=0.05s Sys=0.01s Real=0.01s
[1098.160s][info ][safepoint      ] Safepoint "ParallelGCFailedAllocation", Time since last: 2431837095 ns, Reaching safepoint: 55602 ns, At safepoint: 16532494 ns, Total: 16588096 ns
[1099.160s][info ][safepoint      ] Safepoint "Cleanup", Time since last: 1000080950 ns, Reaching safepoint: 45401 ns, At safepoint: 7300 ns, Total: 52701 ns
[1101.161s][info ][safepoint      ] Safepoint "Cleanup", Time since last: 2000170799 ns, Reaching safepoint: 46301 ns, At safepoint: 2600 ns, Total: 48901 ns
[1105.161s][info ][safepoint      ] Safepoint "Cleanup", Time since last: 4000299694 ns, Reaching safepoint: 41801 ns, At safepoint: 2300 ns, Total: 44101 ns
[1108.161s][info ][safepoint      ] Safepoint "Cleanup", Time since last: 3000229342 ns, Reaching safepoint: 42501 ns, At safepoint: 32801 ns, Total: 75302 ns
[1110.161s][info ][safepoint      ] Safepoint "Cleanup", Time since last: 2000164294 ns, Reaching safepoint: 46401 ns, At safepoint: 2200 ns, Total: 48601 ns
[1111.162s][info ][safepoint      ] Safepoint "Cleanup", Time since last: 1000110047 ns, Reaching safepoint: 40801 ns, At safepoint: 2300 ns, Total: 43101 ns
[1113.162s][info ][safepoint      ] Safepoint "Cleanup", Time since last: 2000136791 ns, Reaching safepoint: 54201 ns, At safepoint: 6300 ns, Total: 60501 ns
[1115.162s][info ][safepoint      ] Safepoint "Cleanup", Time since last: 2000171591 ns, Reaching safepoint: 41301 ns, At safepoint: 2000 ns, Total: 43301 ns
[1115.377s][info ][gc,start       ] GC(138) Pause Young (Allocation Failure)
[1115.395s][debug][gc,phases      ] GC(138) Scavenge 18.307ms
[1115.395s][debug][gc,ref         ] GC(138) Skipped phase 1 of Reference Processing: no references
[1115.395s][debug][gc,ref         ] GC(138) ReferenceProcessor::execute queues: 1, RefProcThreadModel::Single, marks_oops_alive: false
[1115.395s][debug][gc,ref         ] GC(138) Skipped phase 3 of Reference Processing: no references
[1115.395s][debug][gc,ref         ] GC(138) ReferenceProcessor::execute queues: 1, RefProcThreadModel::Single, marks_oops_alive: false
[1115.395s][debug][gc,phases      ] GC(138) Reference Processing 0.143ms
[1115.396s][debug][gc,phases      ] GC(138)   VM Weak                        Min:  0.0, Avg:  0.0, Max:  0.0, Diff:  0.0, Sum:  0.0, Workers: 4
[1115.396s][debug][gc,phases      ] GC(138)     Dead                           Min: 0, Avg:  0.0, Max: 0, Diff: 0, Sum: 0, Workers: 4
[1115.396s][debug][gc,phases      ] GC(138)     Total                          Min: 0, Avg: 170.8, Max: 512, Diff: 512, Sum: 683, Workers: 4
[1115.396s][debug][gc,phases      ] GC(138)   ObjectSynchronizer Weak        Min:  0.0, Avg:  0.0, Max:  0.0, Diff:  0.0, Sum:  0.0, Workers: 4
[1115.396s][debug][gc,phases      ] GC(138)     Dead                           Min: 0, Avg:  0.0, Max: 0, Diff: 0, Sum: 0, Workers: 4
[1115.396s][debug][gc,phases      ] GC(138)     Total                          Min: 0, Avg: 97.5, Max: 384, Diff: 384, Sum: 390, Workers: 4
[1115.396s][debug][gc,phases      ] GC(138)   JVMTI Tag Weak OopStorage      Min:  0.0, Avg:  0.0, Max:  0.0, Diff:  0.0, Sum:  0.0, Workers: 4
[1115.396s][debug][gc,phases      ] GC(138)     Dead                           Min: 0, Avg:  0.0, Max: 0, Diff: 0, Sum: 0, Workers: 4
[1115.396s][debug][gc,phases      ] GC(138)     Total                          Min: 0, Avg:  0.0, Max: 0, Diff: 0, Sum: 0, Workers: 4
[1115.396s][debug][gc,phases      ] GC(138)   StringTable Weak               Min:  0.1, Avg:  0.1, Max:  0.1, Diff:  0.0, Sum:  0.5, Workers: 4
[1115.396s][debug][gc,phases      ] GC(138)     Dead                           Min: 0, Avg:  0.0, Max: 0, Diff: 0, Sum: 0, Workers: 4
[1115.396s][debug][gc,phases      ] GC(138)     Total                          Min: 10944, Avg: 12042.5, Max: 13034, Diff: 2090, Sum: 48170, Workers: 4
[1115.396s][debug][gc,phases      ] GC(138)   ResolvedMethodTable Weak       Min:  0.0, Avg:  0.0, Max:  0.0, Diff:  0.0, Sum:  0.1, Workers: 4
[1115.396s][debug][gc,phases      ] GC(138)     Dead                           Min: 0, Avg:  0.0, Max: 0, Diff: 0, Sum: 0, Workers: 4
[1115.396s][debug][gc,phases      ] GC(138)     Total                          Min: 1875, Avg: 2027.0, Max: 2296, Diff: 421, Sum: 8108, Workers: 4
[1115.396s][debug][gc,phases      ] GC(138)   JNI Weak                       Min:  0.0, Avg:  0.0, Max:  0.0, Diff:  0.0, Sum:  0.0, Workers: 4
[1115.396s][debug][gc,phases      ] GC(138)     Dead                           Min: 0, Avg:  0.0, Max: 0, Diff: 0, Sum: 0, Workers: 4
[1115.396s][debug][gc,phases      ] GC(138)     Total                          Min: 0, Avg:  0.0, Max: 0, Diff: 0, Sum: 0, Workers: 4
[1115.396s][debug][gc,phases      ] GC(138)   StringDedup Table Weak         Min:  0.0, Avg:  0.0, Max:  0.0, Diff:  0.0, Sum:  0.0, Workers: 4
[1115.396s][debug][gc,phases      ] GC(138)     Dead                           Min: 0, Avg:  0.0, Max: 0, Diff: 0, Sum: 0, Workers: 4
[1115.396s][debug][gc,phases      ] GC(138)     Total                          Min: 0, Avg:  0.0, Max: 0, Diff: 0, Sum: 0, Workers: 4
[1115.396s][debug][gc,phases      ] GC(138)   StringDedup Requests0 Weak     Min:  0.0, Avg:  0.0, Max:  0.0, Diff:  0.0, Sum:  0.0, Workers: 4
[1115.396s][debug][gc,phases      ] GC(138)     Dead                           Min: 0, Avg:  0.0, Max: 0, Diff: 0, Sum: 0, Workers: 4
[1115.396s][debug][gc,phases      ] GC(138)     Total                          Min: 0, Avg:  0.0, Max: 0, Diff: 0, Sum: 0, Workers: 4
[1115.396s][debug][gc,phases      ] GC(138)   StringDedup Requests1 Weak     Min:  0.0, Avg:  0.0, Max:  0.0, Diff:  0.0, Sum:  0.0, Workers: 4
[1115.396s][debug][gc,phases      ] GC(138)     Dead                           Min: 0, Avg:  0.0, Max: 0, Diff: 0, Sum: 0, Workers: 4
[1115.396s][debug][gc,phases      ] GC(138)     Total                          Min: 0, Avg:  0.0, Max: 0, Diff: 0, Sum: 0, Workers: 4
[1115.396s][debug][gc,phases      ] GC(138)   Weak JFR Old Object Samples    Min:  0.0, Avg:  0.0, Max:  0.0, Diff:  0.0, Sum:  0.0, Workers: 4
[1115.396s][debug][gc,phases      ] GC(138)     Dead                           Min: 0, Avg:  0.0, Max: 0, Diff: 0, Sum: 0, Workers: 4
[1115.396s][debug][gc,phases      ] GC(138)     Total                          Min: 0, Avg:  0.0, Max: 0, Diff: 0, Sum: 0, Workers: 4
[1115.396s][debug][gc,phases      ] GC(138) Weak Processing 0.414ms
[1115.396s][debug][gc,age         ] GC(138) Desired survivor size 142082048 bytes, new threshold 15 (max threshold 15)
[1115.396s][info ][gc,heap        ] GC(138) PSYoungGen: 1894216K(1957888K)->73592K(1894400K) Eden: 1820672K(1820672K)->0K(1820672K) From: 73544K(137216K)->73592K(73728K)
[1115.396s][info ][gc,heap        ] GC(138) ParOldGen: 428552K(495616K)->428608K(495616K)
[1115.396s][info ][gc,metaspace   ] GC(138) Metaspace: 82109K(82944K)->82109K(82944K) NonClass: 70541K(70976K)->70541K(70976K) Class: 11567K(11968K)->11567K(11968K)
[1115.396s][info ][gc             ] GC(138) Pause Young (Allocation Failure) 2268M->490M(2334M) 19.022ms
[1115.396s][info ][gc,cpu         ] GC(138) User=0.07s Sys=0.00s Real=0.02s
[1115.396s][info ][safepoint      ] Safepoint "ParallelGCFailedAllocation", Time since last: 214794621 ns, Reaching safepoint: 34801 ns, At safepoint: 19116956 ns, Total: 19151757 ns
[1123.397s][info ][safepoint      ] Safepoint "Cleanup", Time since last: 8000582248 ns, Reaching safepoint: 121903 ns, At safepoint: 11600 ns, Total: 133503 ns
[1126.397s][info ][safepoint      ] Safepoint "Cleanup", Time since last: 3000253126 ns, Reaching safepoint: 50302 ns, At safepoint: 6700 ns, Total: 57002 ns
[1127.397s][info ][safepoint      ] Safepoint "Cleanup", Time since last: 1000109742 ns, Reaching safepoint: 43701 ns, At safepoint: 2900 ns, Total: 46601 ns
[1131.398s][info ][safepoint      ] Safepoint "Cleanup", Time since last: 4000307263 ns, Reaching safepoint: 49801 ns, At safepoint: 7600 ns, Total: 57401 ns
[1132.398s][info ][safepoint      ] Safepoint "Cleanup", Time since last: 1000067140 ns, Reaching safepoint: 68001 ns, At safepoint: 5400 ns, Total: 73401 ns
[1132.827s][info ][gc,start       ] GC(139) Pause Young (Allocation Failure)
[1132.845s][debug][gc,phases      ] GC(139) Scavenge 17.539ms
[1132.845s][debug][gc,ref         ] GC(139) Skipped phase 1 of Reference Processing: no references
[1132.845s][debug][gc,ref         ] GC(139) ReferenceProcessor::execute queues: 1, RefProcThreadModel::Single, marks_oops_alive: false
[1132.845s][debug][gc,ref         ] GC(139) Skipped phase 3 of Reference Processing: no references
[1132.845s][debug][gc,ref         ] GC(139) ReferenceProcessor::execute queues: 1, RefProcThreadModel::Single, marks_oops_alive: false
[1132.845s][debug][gc,phases      ] GC(139) Reference Processing 0.160ms
[1132.845s][debug][gc,phases      ] GC(139)   VM Weak                        Min:  0.0, Avg:  0.0, Max:  0.0, Diff:  0.0, Sum:  0.0, Workers: 4
[1132.845s][debug][gc,phases      ] GC(139)     Dead                           Min: 0, Avg:  0.0, Max: 0, Diff: 0, Sum: 0, Workers: 4
[1132.845s][debug][gc,phases      ] GC(139)     Total                          Min: 0, Avg: 170.8, Max: 384, Diff: 384, Sum: 683, Workers: 4
[1132.845s][debug][gc,phases      ] GC(139)   ObjectSynchronizer Weak        Min:  0.0, Avg:  0.0, Max:  0.0, Diff:  0.0, Sum:  0.0, Workers: 4
[1132.845s][debug][gc,phases      ] GC(139)     Dead                           Min: 0, Avg:  0.0, Max: 0, Diff: 0, Sum: 0, Workers: 4
[1132.845s][debug][gc,phases      ] GC(139)     Total                          Min: 0, Avg: 97.5, Max: 256, Diff: 256, Sum: 390, Workers: 4
[1132.845s][debug][gc,phases      ] GC(139)   JVMTI Tag Weak OopStorage      Min:  0.0, Avg:  0.0, Max:  0.0, Diff:  0.0, Sum:  0.0, Workers: 4
[1132.845s][debug][gc,phases      ] GC(139)     Dead                           Min: 0, Avg:  0.0, Max: 0, Diff: 0, Sum: 0, Workers: 4
[1132.845s][debug][gc,phases      ] GC(139)     Total                          Min: 0, Avg:  0.0, Max: 0, Diff: 0, Sum: 0, Workers: 4
[1132.845s][debug][gc,phases      ] GC(139)   StringTable Weak               Min:  0.1, Avg:  0.1, Max:  0.1, Diff:  0.0, Sum:  0.5, Workers: 4
[1132.845s][debug][gc,phases      ] GC(139)     Dead                           Min: 0, Avg:  0.0, Max: 0, Diff: 0, Sum: 0, Workers: 4
[1132.845s][debug][gc,phases      ] GC(139)     Total                          Min: 10368, Avg: 12043.5, Max: 13568, Diff: 3200, Sum: 48174, Workers: 4
[1132.845s][debug][gc,phases      ] GC(139)   ResolvedMethodTable Weak       Min:  0.0, Avg:  0.0, Max:  0.0, Diff:  0.0, Sum:  0.1, Workers: 4
[1132.845s][debug][gc,phases      ] GC(139)     Dead                           Min: 0, Avg:  0.0, Max: 0, Diff: 0, Sum: 0, Workers: 4
[1132.845s][debug][gc,phases      ] GC(139)     Total                          Min: 1805, Avg: 2027.0, Max: 2356, Diff: 551, Sum: 8108, Workers: 4
[1132.845s][debug][gc,phases      ] GC(139)   JNI Weak                       Min:  0.0, Avg:  0.0, Max:  0.0, Diff:  0.0, Sum:  0.0, Workers: 4
[1132.845s][debug][gc,phases      ] GC(139)     Dead                           Min: 0, Avg:  0.0, Max: 0, Diff: 0, Sum: 0, Workers: 4
[1132.845s][debug][gc,phases      ] GC(139)     Total                          Min: 0, Avg:  0.0, Max: 0, Diff: 0, Sum: 0, Workers: 4
[1132.845s][debug][gc,phases      ] GC(139)   StringDedup Table Weak         Min:  0.0, Avg:  0.0, Max:  0.0, Diff:  0.0, Sum:  0.0, Workers: 4
[1132.845s][debug][gc,phases      ] GC(139)     Dead                           Min: 0, Avg:  0.0, Max: 0, Diff: 0, Sum: 0, Workers: 4
[1132.845s][debug][gc,phases      ] GC(139)     Total                          Min: 0, Avg:  0.0, Max: 0, Diff: 0, Sum: 0, Workers: 4
[1132.845s][debug][gc,phases      ] GC(139)   StringDedup Requests0 Weak     Min:  0.0, Avg:  0.0, Max:  0.0, Diff:  0.0, Sum:  0.0, Workers: 4
[1132.845s][debug][gc,phases      ] GC(139)     Dead                           Min: 0, Avg:  0.0, Max: 0, Diff: 0, Sum: 0, Workers: 4
[1132.845s][debug][gc,phases      ] GC(139)     Total                          Min: 0, Avg:  0.0, Max: 0, Diff: 0, Sum: 0, Workers: 4
[1132.845s][debug][gc,phases      ] GC(139)   StringDedup Requests1 Weak     Min:  0.0, Avg:  0.0, Max:  0.0, Diff:  0.0, Sum:  0.0, Workers: 4
[1132.845s][debug][gc,phases      ] GC(139)     Dead                           Min: 0, Avg:  0.0, Max: 0, Diff: 0, Sum: 0, Workers: 4
[1132.845s][debug][gc,phases      ] GC(139)     Total                          Min: 0, Avg:  0.0, Max: 0, Diff: 0, Sum: 0, Workers: 4
[1132.845s][debug][gc,phases      ] GC(139)   Weak JFR Old Object Samples    Min:  0.0, Avg:  0.0, Max:  0.0, Diff:  0.0, Sum:  0.0, Workers: 4
[1132.845s][debug][gc,phases      ] GC(139)     Dead                           Min: 0, Avg:  0.0, Max: 0, Diff: 0, Sum: 0, Workers: 4
[1132.845s][debug][gc,phases      ] GC(139)     Total                          Min: 0, Avg:  0.0, Max: 0, Diff: 0, Sum: 0, Workers: 4
[1132.845s][debug][gc,phases      ] GC(139) Weak Processing 0.394ms
[1132.845s][debug][gc,age         ] GC(139) Desired survivor size 141557760 bytes, new threshold 15 (max threshold 15)
[1132.845s][info ][gc,heap        ] GC(139) PSYoungGen: 1894264K(1894400K)->73509K(1958912K) Eden: 1820672K(1820672K)->0K(1820160K) From: 73592K(73728K)->73509K(138752K)
[1132.845s][info ][gc,heap        ] GC(139) ParOldGen: 428608K(495616K)->428648K(495616K)
[1132.845s][info ][gc,metaspace   ] GC(139) Metaspace: 82111K(82944K)->82111K(82944K) NonClass: 70543K(70976K)->70543K(70976K) Class: 11567K(11968K)->11567K(11968K)
[1132.845s][info ][gc             ] GC(139) Pause Young (Allocation Failure) 2268M->490M(2397M) 18.253ms
[1132.845s][info ][gc,cpu         ] GC(139) User=0.07s Sys=0.00s Real=0.02s
[1132.845s][info ][safepoint      ] Safepoint "ParallelGCFailedAllocation", Time since last: 429414437 ns, Reaching safepoint: 46101 ns, At safepoint: 18335637 ns, Total: 18381738 ns
[1133.846s][info ][safepoint      ] Safepoint "Cleanup", Time since last: 1000080039 ns, Reaching safepoint: 113903 ns, At safepoint: 7500 ns, Total: 121403 ns
[1135.846s][info ][safepoint      ] Safepoint "Cleanup", Time since last: 2000183279 ns, Reaching safepoint: 121803 ns, At safepoint: 12600 ns, Total: 134403 ns
[1140.846s][info ][safepoint      ] Safepoint "Cleanup", Time since last: 5000374390 ns, Reaching safepoint: 65102 ns, At safepoint: 10500 ns, Total: 75602 ns
[1141.847s][info ][safepoint      ] Safepoint "Cleanup", Time since last: 1000120439 ns, Reaching safepoint: 112002 ns, At safepoint: 4900 ns, Total: 116902 ns
[1144.847s][info ][safepoint      ] Safepoint "Cleanup", Time since last: 3000231310 ns, Reaching safepoint: 45301 ns, At safepoint: 2300 ns, Total: 47601 ns
[1145.847s][info ][safepoint      ] Safepoint "Cleanup", Time since last: 1000105337 ns, Reaching safepoint: 50601 ns, At safepoint: 2600 ns, Total: 53201 ns
[1148.847s][info ][safepoint      ] Safepoint "Cleanup", Time since last: 3000244507 ns, Reaching safepoint: 58602 ns, At safepoint: 7000 ns, Total: 65602 ns
[1150.363s][info ][gc,start       ] GC(140) Pause Young (Allocation Failure)
[1150.379s][debug][gc,phases      ] GC(140) Scavenge 16.054ms
[1150.379s][debug][gc,ref         ] GC(140) Skipped phase 1 of Reference Processing: no references
[1150.379s][debug][gc,ref         ] GC(140) ReferenceProcessor::execute queues: 1, RefProcThreadModel::Single, marks_oops_alive: false
[1150.379s][debug][gc,ref         ] GC(140) Skipped phase 3 of Reference Processing: no references
[1150.379s][debug][gc,ref         ] GC(140) ReferenceProcessor::execute queues: 1, RefProcThreadModel::Single, marks_oops_alive: false
[1150.379s][debug][gc,phases      ] GC(140) Reference Processing 0.134ms
[1150.379s][debug][gc,phases      ] GC(140)   VM Weak                        Min:  0.0, Avg:  0.0, Max:  0.0, Diff:  0.0, Sum:  0.0, Workers: 4
[1150.379s][debug][gc,phases      ] GC(140)     Dead                           Min: 0, Avg:  0.0, Max: 0, Diff: 0, Sum: 0, Workers: 4
[1150.379s][debug][gc,phases      ] GC(140)     Total                          Min: 0, Avg: 170.8, Max: 683, Diff: 683, Sum: 683, Workers: 4
[1150.379s][debug][gc,phases      ] GC(140)   ObjectSynchronizer Weak        Min:  0.0, Avg:  0.0, Max:  0.0, Diff:  0.0, Sum:  0.0, Workers: 4
[1150.379s][debug][gc,phases      ] GC(140)     Dead                           Min: 0, Avg:  0.0, Max: 0, Diff: 0, Sum: 0, Workers: 4
[1150.379s][debug][gc,phases      ] GC(140)     Total                          Min: 0, Avg: 97.5, Max: 198, Diff: 198, Sum: 390, Workers: 4
[1150.379s][debug][gc,phases      ] GC(140)   JVMTI Tag Weak OopStorage      Min:  0.0, Avg:  0.0, Max:  0.0, Diff:  0.0, Sum:  0.0, Workers: 4
[1150.379s][debug][gc,phases      ] GC(140)     Dead                           Min: 0, Avg:  0.0, Max: 0, Diff: 0, Sum: 0, Workers: 4
[1150.379s][debug][gc,phases      ] GC(140)     Total                          Min: 0, Avg:  0.0, Max: 0, Diff: 0, Sum: 0, Workers: 4
[1150.379s][debug][gc,phases      ] GC(140)   StringTable Weak               Min:  0.1, Avg:  0.1, Max:  0.1, Diff:  0.0, Sum:  0.5, Workers: 4
[1150.379s][debug][gc,phases      ] GC(140)     Dead                           Min: 0, Avg:  0.0, Max: 0, Diff: 0, Sum: 0, Workers: 4
[1150.379s][debug][gc,phases      ] GC(140)     Total                          Min: 11328, Avg: 12043.8, Max: 12672, Diff: 1344, Sum: 48175, Workers: 4
[1150.379s][debug][gc,phases      ] GC(140)   ResolvedMethodTable Weak       Min:  0.0, Avg:  0.0, Max:  0.0, Diff:  0.0, Sum:  0.1, Workers: 4
[1150.379s][debug][gc,phases      ] GC(140)     Dead                           Min: 0, Avg:  0.0, Max: 0, Diff: 0, Sum: 0, Workers: 4
[1150.379s][debug][gc,phases      ] GC(140)     Total                          Min: 1815, Avg: 2027.0, Max: 2283, Diff: 468, Sum: 8108, Workers: 4
[1150.379s][debug][gc,phases      ] GC(140)   JNI Weak                       Min:  0.0, Avg:  0.0, Max:  0.0, Diff:  0.0, Sum:  0.0, Workers: 4
[1150.379s][debug][gc,phases      ] GC(140)     Dead                           Min: 0, Avg:  0.0, Max: 0, Diff: 0, Sum: 0, Workers: 4
[1150.379s][debug][gc,phases      ] GC(140)     Total                          Min: 0, Avg:  0.0, Max: 0, Diff: 0, Sum: 0, Workers: 4
[1150.379s][debug][gc,phases      ] GC(140)   StringDedup Table Weak         Min:  0.0, Avg:  0.0, Max:  0.0, Diff:  0.0, Sum:  0.0, Workers: 4
[1150.379s][debug][gc,phases      ] GC(140)     Dead                           Min: 0, Avg:  0.0, Max: 0, Diff: 0, Sum: 0, Workers: 4
[1150.379s][debug][gc,phases      ] GC(140)     Total                          Min: 0, Avg:  0.0, Max: 0, Diff: 0, Sum: 0, Workers: 4
[1150.379s][debug][gc,phases      ] GC(140)   StringDedup Requests0 Weak     Min:  0.0, Avg:  0.0, Max:  0.0, Diff:  0.0, Sum:  0.0, Workers: 4
[1150.379s][debug][gc,phases      ] GC(140)     Dead                           Min: 0, Avg:  0.0, Max: 0, Diff: 0, Sum: 0, Workers: 4
[1150.379s][debug][gc,phases      ] GC(140)     Total                          Min: 0, Avg:  0.0, Max: 0, Diff: 0, Sum: 0, Workers: 4
[1150.379s][debug][gc,phases      ] GC(140)   StringDedup Requests1 Weak     Min:  0.0, Avg:  0.0, Max:  0.0, Diff:  0.0, Sum:  0.0, Workers: 4
[1150.379s][debug][gc,phases      ] GC(140)     Dead                           Min: 0, Avg:  0.0, Max: 0, Diff: 0, Sum: 0, Workers: 4
[1150.379s][debug][gc,phases      ] GC(140)     Total                          Min: 0, Avg:  0.0, Max: 0, Diff: 0, Sum: 0, Workers: 4
[1150.379s][debug][gc,phases      ] GC(140)   Weak JFR Old Object Samples    Min:  0.0, Avg:  0.0, Max:  0.0, Diff:  0.0, Sum:  0.0, Workers: 4
[1150.379s][debug][gc,phases      ] GC(140)     Dead                           Min: 0, Avg:  0.0, Max: 0, Diff: 0, Sum: 0, Workers: 4
[1150.379s][debug][gc,phases      ] GC(140)     Total                          Min: 0, Avg:  0.0, Max: 0, Diff: 0, Sum: 0, Workers: 4
[1150.379s][debug][gc,phases      ] GC(140) Weak Processing 0.349ms
[1150.379s][debug][gc,age         ] GC(140) Desired survivor size 139984896 bytes, new threshold 15 (max threshold 15)
[1150.379s][info ][gc,heap        ] GC(140) PSYoungGen: 1893669K(1958912K)->71928K(1958400K) Eden: 1820160K(1820160K)->0K(1820160K) From: 73509K(138752K)->71928K(138240K)
[1150.379s][info ][gc,heap        ] GC(140) ParOldGen: 428648K(495616K)->430216K(495616K)
[1150.379s][info ][gc,metaspace   ] GC(140) Metaspace: 82111K(82944K)->82111K(82944K) NonClass: 70543K(70976K)->70543K(70976K) Class: 11567K(11968K)->11567K(11968K)
[1150.379s][info ][gc             ] GC(140) Pause Young (Allocation Failure) 2267M->490M(2396M) 16.673ms
[1150.379s][info ][gc,cpu         ] GC(140) User=0.07s Sys=0.00s Real=0.02s
[1150.379s][info ][safepoint      ] Safepoint "ParallelGCFailedAllocation", Time since last: 1515095709 ns, Reaching safepoint: 28501 ns, At safepoint: 16768899 ns, Total: 16797400 ns
[1154.380s][info ][safepoint      ] Safepoint "Cleanup", Time since last: 4000272036 ns, Reaching safepoint: 49701 ns, At safepoint: 2500 ns, Total: 52201 ns
[1156.380s][info ][safepoint      ] Safepoint "Cleanup", Time since last: 2000175767 ns, Reaching safepoint: 64402 ns, At safepoint: 7000 ns, Total: 71402 ns
[1157.380s][info ][safepoint      ] Safepoint "Cleanup", Time since last: 1000106434 ns, Reaching safepoint: 57501 ns, At safepoint: 9900 ns, Total: 67401 ns
[1158.380s][info ][safepoint      ] Safepoint "Cleanup", Time since last: 1000117434 ns, Reaching safepoint: 56201 ns, At safepoint: 7500 ns, Total: 63701 ns
[1159.380s][info ][safepoint      ] Safepoint "Cleanup", Time since last: 1000082233 ns, Reaching safepoint: 56701 ns, At safepoint: 3300 ns, Total: 60001 ns
[1160.381s][info ][safepoint      ] Safepoint "Cleanup", Time since last: 1000115433 ns, Reaching safepoint: 59501 ns, At safepoint: 6401 ns, Total: 65902 ns
[1163.381s][info ][safepoint      ] Safepoint "Cleanup", Time since last: 3000244594 ns, Reaching safepoint: 51002 ns, At safepoint: 9800 ns, Total: 60802 ns
[1167.381s][info ][safepoint      ] Safepoint "Cleanup", Time since last: 4000272621 ns, Reaching safepoint: 96402 ns, At safepoint: 6901 ns, Total: 103303 ns
[1167.695s][info ][gc,start       ] GC(141) Pause Young (Allocation Failure)
[1167.712s][debug][gc,phases      ] GC(141) Scavenge 16.355ms
[1167.712s][debug][gc,ref         ] GC(141) Skipped phase 1 of Reference Processing: no references
[1167.712s][debug][gc,ref         ] GC(141) ReferenceProcessor::execute queues: 1, RefProcThreadModel::Single, marks_oops_alive: false
[1167.712s][debug][gc,ref         ] GC(141) Skipped phase 3 of Reference Processing: no references
[1167.712s][debug][gc,ref         ] GC(141) ReferenceProcessor::execute queues: 1, RefProcThreadModel::Single, marks_oops_alive: false
[1167.712s][debug][gc,phases      ] GC(141) Reference Processing 0.130ms
[1167.712s][debug][gc,phases      ] GC(141)   VM Weak                        Min:  0.0, Avg:  0.0, Max:  0.0, Diff:  0.0, Sum:  0.0, Workers: 4
[1167.712s][debug][gc,phases      ] GC(141)     Dead                           Min: 0, Avg:  0.0, Max: 0, Diff: 0, Sum: 0, Workers: 4
[1167.712s][debug][gc,phases      ] GC(141)     Total                          Min: 0, Avg: 170.8, Max: 491, Diff: 491, Sum: 683, Workers: 4
[1167.712s][debug][gc,phases      ] GC(141)   ObjectSynchronizer Weak        Min:  0.0, Avg:  0.0, Max:  0.0, Diff:  0.0, Sum:  0.0, Workers: 4
[1167.712s][debug][gc,phases      ] GC(141)     Dead                           Min: 0, Avg:  0.0, Max: 0, Diff: 0, Sum: 0, Workers: 4
[1167.712s][debug][gc,phases      ] GC(141)     Total                          Min: 0, Avg: 97.5, Max: 134, Diff: 134, Sum: 390, Workers: 4
[1167.712s][debug][gc,phases      ] GC(141)   JVMTI Tag Weak OopStorage      Min:  0.0, Avg:  0.0, Max:  0.0, Diff:  0.0, Sum:  0.0, Workers: 4
[1167.712s][debug][gc,phases      ] GC(141)     Dead                           Min: 0, Avg:  0.0, Max: 0, Diff: 0, Sum: 0, Workers: 4
[1167.712s][debug][gc,phases      ] GC(141)     Total                          Min: 0, Avg:  0.0, Max: 0, Diff: 0, Sum: 0, Workers: 4
[1167.712s][debug][gc,phases      ] GC(141)   StringTable Weak               Min:  0.1, Avg:  0.1, Max:  0.1, Diff:  0.0, Sum:  0.5, Workers: 4
[1167.712s][debug][gc,phases      ] GC(141)     Dead                           Min: 0, Avg:  0.0, Max: 0, Diff: 0, Sum: 0, Workers: 4
[1167.712s][debug][gc,phases      ] GC(141)     Total                          Min: 10864, Avg: 12044.0, Max: 12736, Diff: 1872, Sum: 48176, Workers: 4
[1167.712s][debug][gc,phases      ] GC(141)   ResolvedMethodTable Weak       Min:  0.0, Avg:  0.0, Max:  0.0, Diff:  0.0, Sum:  0.1, Workers: 4
[1167.712s][debug][gc,phases      ] GC(141)     Dead                           Min: 0, Avg:  0.0, Max: 0, Diff: 0, Sum: 0, Workers: 4
[1167.712s][debug][gc,phases      ] GC(141)     Total                          Min: 1827, Avg: 2027.5, Max: 2198, Diff: 371, Sum: 8110, Workers: 4
[1167.712s][debug][gc,phases      ] GC(141)   JNI Weak                       Min:  0.0, Avg:  0.0, Max:  0.0, Diff:  0.0, Sum:  0.0, Workers: 4
[1167.712s][debug][gc,phases      ] GC(141)     Dead                           Min: 0, Avg:  0.0, Max: 0, Diff: 0, Sum: 0, Workers: 4
[1167.712s][debug][gc,phases      ] GC(141)     Total                          Min: 0, Avg:  0.0, Max: 0, Diff: 0, Sum: 0, Workers: 4
[1167.712s][debug][gc,phases      ] GC(141)   StringDedup Table Weak         Min:  0.0, Avg:  0.0, Max:  0.0, Diff:  0.0, Sum:  0.0, Workers: 4
[1167.712s][debug][gc,phases      ] GC(141)     Dead                           Min: 0, Avg:  0.0, Max: 0, Diff: 0, Sum: 0, Workers: 4
[1167.712s][debug][gc,phases      ] GC(141)     Total                          Min: 0, Avg:  0.0, Max: 0, Diff: 0, Sum: 0, Workers: 4
[1167.712s][debug][gc,phases      ] GC(141)   StringDedup Requests0 Weak     Min:  0.0, Avg:  0.0, Max:  0.0, Diff:  0.0, Sum:  0.0, Workers: 4
[1167.712s][debug][gc,phases      ] GC(141)     Dead                           Min: 0, Avg:  0.0, Max: 0, Diff: 0, Sum: 0, Workers: 4
[1167.712s][debug][gc,phases      ] GC(141)     Total                          Min: 0, Avg:  0.0, Max: 0, Diff: 0, Sum: 0, Workers: 4
[1167.712s][debug][gc,phases      ] GC(141)   StringDedup Requests1 Weak     Min:  0.0, Avg:  0.0, Max:  0.0, Diff:  0.0, Sum:  0.0, Workers: 4
[1167.712s][debug][gc,phases      ] GC(141)     Dead                           Min: 0, Avg:  0.0, Max: 0, Diff: 0, Sum: 0, Workers: 4
[1167.712s][debug][gc,phases      ] GC(141)     Total                          Min: 0, Avg:  0.0, Max: 0, Diff: 0, Sum: 0, Workers: 4
[1167.712s][debug][gc,phases      ] GC(141)   Weak JFR Old Object Samples    Min:  0.0, Avg:  0.0, Max:  0.0, Diff:  0.0, Sum:  0.0, Workers: 4
[1167.712s][debug][gc,phases      ] GC(141)     Dead                           Min: 0, Avg:  0.0, Max: 0, Diff: 0, Sum: 0, Workers: 4
[1167.712s][debug][gc,phases      ] GC(141)     Total                          Min: 0, Avg:  0.0, Max: 0, Diff: 0, Sum: 0, Workers: 4
[1167.712s][debug][gc,phases      ] GC(141) Weak Processing 0.334ms
[1167.712s][debug][gc,age         ] GC(141) Desired survivor size 137887744 bytes, new threshold 15 (max threshold 15)
[1167.712s][info ][gc,heap        ] GC(141) PSYoungGen: 1892088K(1958400K)->71755K(1962496K) Eden: 1820160K(1820160K)->0K(1825792K) From: 71928K(138240K)->71755K(136704K)
[1167.712s][info ][gc,heap        ] GC(141) ParOldGen: 430216K(495616K)->430424K(495616K)
[1167.712s][info ][gc,metaspace   ] GC(141) Metaspace: 82129K(82944K)->82129K(82944K) NonClass: 70560K(70976K)->70560K(70976K) Class: 11568K(11968K)->11568K(11968K)
[1167.712s][info ][gc             ] GC(141) Pause Young (Allocation Failure) 2267M->490M(2400M) 16.995ms
[1167.712s][info ][gc,cpu         ] GC(141) User=0.06s Sys=0.01s Real=0.02s
[1167.712s][info ][safepoint      ] Safepoint "ParallelGCFailedAllocation", Time since last: 313816177 ns, Reaching safepoint: 31201 ns, At safepoint: 17084007 ns, Total: 17115208 ns
[1168.712s][info ][safepoint      ] Safepoint "Cleanup", Time since last: 1000056529 ns, Reaching safepoint: 53902 ns, At safepoint: 7700 ns, Total: 61602 ns
[1171.713s][info ][safepoint      ] Safepoint "Cleanup", Time since last: 3000232888 ns, Reaching safepoint: 42801 ns, At safepoint: 3600 ns, Total: 46401 ns
[1174.713s][info ][safepoint      ] Safepoint "Cleanup", Time since last: 3000240885 ns, Reaching safepoint: 47501 ns, At safepoint: 6400 ns, Total: 53901 ns
[1175.713s][info ][safepoint      ] Safepoint "Cleanup", Time since last: 1000099529 ns, Reaching safepoint: 61701 ns, At safepoint: 5501 ns, Total: 67202 ns
[1176.713s][info ][safepoint      ] Safepoint "Cleanup", Time since last: 1000095328 ns, Reaching safepoint: 71401 ns, At safepoint: 10301 ns, Total: 81702 ns
[1177.894s][info ][gc,start       ] GC(142) Pause Young (Allocation Failure)
[1177.910s][debug][gc,phases      ] GC(142) Scavenge 16.364ms
[1177.910s][debug][gc,ref         ] GC(142) Skipped phase 1 of Reference Processing: no references
[1177.910s][debug][gc,ref         ] GC(142) ReferenceProcessor::execute queues: 1, RefProcThreadModel::Single, marks_oops_alive: false
[1177.910s][debug][gc,ref         ] GC(142) Skipped phase 3 of Reference Processing: no references
[1177.910s][debug][gc,ref         ] GC(142) ReferenceProcessor::execute queues: 1, RefProcThreadModel::Single, marks_oops_alive: false
[1177.910s][debug][gc,phases      ] GC(142) Reference Processing 0.111ms
[1177.910s][debug][gc,phases      ] GC(142)   VM Weak                        Min:  0.0, Avg:  0.0, Max:  0.0, Diff:  0.0, Sum:  0.0, Workers: 4
[1177.910s][debug][gc,phases      ] GC(142)     Dead                           Min: 0, Avg:  0.0, Max: 0, Diff: 0, Sum: 0, Workers: 4
[1177.910s][debug][gc,phases      ] GC(142)     Total                          Min: 0, Avg: 170.8, Max: 320, Diff: 320, Sum: 683, Workers: 4
[1177.910s][debug][gc,phases      ] GC(142)   ObjectSynchronizer Weak        Min:  0.0, Avg:  0.0, Max:  0.0, Diff:  0.0, Sum:  0.0, Workers: 4
[1177.910s][debug][gc,phases      ] GC(142)     Dead                           Min: 0, Avg:  0.0, Max: 0, Diff: 0, Sum: 0, Workers: 4
[1177.910s][debug][gc,phases      ] GC(142)     Total                          Min: 0, Avg: 97.5, Max: 192, Diff: 192, Sum: 390, Workers: 4
[1177.910s][debug][gc,phases      ] GC(142)   JVMTI Tag Weak OopStorage      Min:  0.0, Avg:  0.0, Max:  0.0, Diff:  0.0, Sum:  0.0, Workers: 4
[1177.910s][debug][gc,phases      ] GC(142)     Dead                           Min: 0, Avg:  0.0, Max: 0, Diff: 0, Sum: 0, Workers: 4
[1177.910s][debug][gc,phases      ] GC(142)     Total                          Min: 0, Avg:  0.0, Max: 0, Diff: 0, Sum: 0, Workers: 4
[1177.910s][debug][gc,phases      ] GC(142)   StringTable Weak               Min:  0.1, Avg:  0.1, Max:  0.1, Diff:  0.0, Sum:  0.4, Workers: 4
[1177.910s][debug][gc,phases      ] GC(142)     Dead                           Min: 0, Avg:  0.0, Max: 0, Diff: 0, Sum: 0, Workers: 4
[1177.910s][debug][gc,phases      ] GC(142)     Total                          Min: 11392, Avg: 12044.8, Max: 12800, Diff: 1408, Sum: 48179, Workers: 4
[1177.910s][debug][gc,phases      ] GC(142)   ResolvedMethodTable Weak       Min:  0.0, Avg:  0.0, Max:  0.0, Diff:  0.0, Sum:  0.1, Workers: 4
[1177.910s][debug][gc,phases      ] GC(142)     Dead                           Min: 0, Avg:  0.0, Max: 0, Diff: 0, Sum: 0, Workers: 4
[1177.910s][debug][gc,phases      ] GC(142)     Total                          Min: 1878, Avg: 2027.5, Max: 2201, Diff: 323, Sum: 8110, Workers: 4
[1177.910s][debug][gc,phases      ] GC(142)   JNI Weak                       Min:  0.0, Avg:  0.0, Max:  0.0, Diff:  0.0, Sum:  0.0, Workers: 4
[1177.910s][debug][gc,phases      ] GC(142)     Dead                           Min: 0, Avg:  0.0, Max: 0, Diff: 0, Sum: 0, Workers: 4
[1177.910s][debug][gc,phases      ] GC(142)     Total                          Min: 0, Avg:  0.0, Max: 0, Diff: 0, Sum: 0, Workers: 4
[1177.910s][debug][gc,phases      ] GC(142)   StringDedup Table Weak         Min:  0.0, Avg:  0.0, Max:  0.0, Diff:  0.0, Sum:  0.0, Workers: 4
[1177.910s][debug][gc,phases      ] GC(142)     Dead                           Min: 0, Avg:  0.0, Max: 0, Diff: 0, Sum: 0, Workers: 4
[1177.910s][debug][gc,phases      ] GC(142)     Total                          Min: 0, Avg:  0.0, Max: 0, Diff: 0, Sum: 0, Workers: 4
[1177.910s][debug][gc,phases      ] GC(142)   StringDedup Requests0 Weak     Min:  0.0, Avg:  0.0, Max:  0.0, Diff:  0.0, Sum:  0.0, Workers: 4
[1177.910s][debug][gc,phases      ] GC(142)     Dead                           Min: 0, Avg:  0.0, Max: 0, Diff: 0, Sum: 0, Workers: 4
[1177.910s][debug][gc,phases      ] GC(142)     Total                          Min: 0, Avg:  0.0, Max: 0, Diff: 0, Sum: 0, Workers: 4
[1177.910s][debug][gc,phases      ] GC(142)   StringDedup Requests1 Weak     Min:  0.0, Avg:  0.0, Max:  0.0, Diff:  0.0, Sum:  0.0, Workers: 4
[1177.910s][debug][gc,phases      ] GC(142)     Dead                           Min: 0, Avg:  0.0, Max: 0, Diff: 0, Sum: 0, Workers: 4
[1177.910s][debug][gc,phases      ] GC(142)     Total                          Min: 0, Avg:  0.0, Max: 0, Diff: 0, Sum: 0, Workers: 4
[1177.910s][debug][gc,phases      ] GC(142)   Weak JFR Old Object Samples    Min:  0.0, Avg:  0.0, Max:  0.0, Diff:  0.0, Sum:  0.0, Workers: 4
[1177.910s][debug][gc,phases      ] GC(142)     Dead                           Min: 0, Avg:  0.0, Max: 0, Diff: 0, Sum: 0, Workers: 4
[1177.910s][debug][gc,phases      ] GC(142)     Total                          Min: 0, Avg:  0.0, Max: 0, Diff: 0, Sum: 0, Workers: 4
[1177.910s][debug][gc,phases      ] GC(142) Weak Processing 0.329ms
[1177.911s][debug][gc,age         ] GC(142) Desired survivor size 138412032 bytes, new threshold 15 (max threshold 15)
[1177.911s][info ][gc,heap        ] GC(142) PSYoungGen: 1897547K(1962496K)->78586K(1960448K) Eden: 1825792K(1825792K)->0K(1825792K) From: 71755K(136704K)->78586K(134656K)
[1177.911s][info ][gc,heap        ] GC(142) ParOldGen: 430424K(495616K)->431076K(495616K)
[1177.911s][info ][gc,metaspace   ] GC(142) Metaspace: 82134K(83008K)->82134K(83008K) NonClass: 70566K(71040K)->70566K(71040K) Class: 11568K(11968K)->11568K(11968K)
[1177.911s][info ][gc             ] GC(142) Pause Young (Allocation Failure) 2273M->497M(2398M) 16.944ms
[1177.911s][info ][gc,cpu         ] GC(142) User=0.07s Sys=0.00s Real=0.01s
[1177.911s][info ][safepoint      ] Safepoint "ParallelGCFailedAllocation", Time since last: 1180334822 ns, Reaching safepoint: 26600 ns, At safepoint: 17029906 ns, Total: 17056506 ns
[1179.911s][info ][safepoint      ] Safepoint "Cleanup", Time since last: 2000152154 ns, Reaching safepoint: 44201 ns, At safepoint: 3600 ns, Total: 47801 ns
[1181.911s][info ][safepoint      ] Safepoint "Cleanup", Time since last: 2000172953 ns, Reaching safepoint: 53701 ns, At safepoint: 7801 ns, Total: 61502 ns
[1184.927s][info ][safepoint      ] Safepoint "Cleanup", Time since last: 3016042753 ns, Reaching safepoint: 94203 ns, At safepoint: 5300 ns, Total: 99503 ns
[1188.927s][info ][safepoint      ] Safepoint "Cleanup", Time since last: 4000266198 ns, Reaching safepoint: 70002 ns, At safepoint: 4900 ns, Total: 74902 ns
[1189.928s][info ][safepoint      ] Safepoint "Cleanup", Time since last: 1000111025 ns, Reaching safepoint: 50501 ns, At safepoint: 2500 ns, Total: 53001 ns
[1191.295s][info ][gc,start       ] GC(143) Pause Young (Allocation Failure)
[1191.314s][debug][gc,phases      ] GC(143) Scavenge 19.520ms
[1191.314s][debug][gc,ref         ] GC(143) Skipped phase 1 of Reference Processing: no references
[1191.315s][debug][gc,ref         ] GC(143) ReferenceProcessor::execute queues: 1, RefProcThreadModel::Single, marks_oops_alive: false
[1191.315s][debug][gc,ref         ] GC(143) Skipped phase 3 of Reference Processing: no references
[1191.315s][debug][gc,ref         ] GC(143) ReferenceProcessor::execute queues: 1, RefProcThreadModel::Single, marks_oops_alive: false
[1191.315s][debug][gc,phases      ] GC(143) Reference Processing 0.135ms
[1191.315s][debug][gc,phases      ] GC(143)   VM Weak                        Min:  0.0, Avg:  0.0, Max:  0.0, Diff:  0.0, Sum:  0.0, Workers: 4
[1191.315s][debug][gc,phases      ] GC(143)     Dead                           Min: 0, Avg:  0.0, Max: 0, Diff: 0, Sum: 0, Workers: 4
[1191.315s][debug][gc,phases      ] GC(143)     Total                          Min: 0, Avg: 170.8, Max: 576, Diff: 576, Sum: 683, Workers: 4
[1191.315s][debug][gc,phases      ] GC(143)   ObjectSynchronizer Weak        Min:  0.0, Avg:  0.0, Max:  0.0, Diff:  0.0, Sum:  0.0, Workers: 4
[1191.315s][debug][gc,phases      ] GC(143)     Dead                           Min: 0, Avg:  0.0, Max: 0, Diff: 0, Sum: 0, Workers: 4
[1191.315s][debug][gc,phases      ] GC(143)     Total                          Min: 64, Avg: 97.5, Max: 134, Diff: 70, Sum: 390, Workers: 4
[1191.315s][debug][gc,phases      ] GC(143)   JVMTI Tag Weak OopStorage      Min:  0.0, Avg:  0.0, Max:  0.0, Diff:  0.0, Sum:  0.0, Workers: 4
[1191.315s][debug][gc,phases      ] GC(143)     Dead                           Min: 0, Avg:  0.0, Max: 0, Diff: 0, Sum: 0, Workers: 4
[1191.315s][debug][gc,phases      ] GC(143)     Total                          Min: 0, Avg:  0.0, Max: 0, Diff: 0, Sum: 0, Workers: 4
[1191.315s][debug][gc,phases      ] GC(143)   StringTable Weak               Min:  0.1, Avg:  0.1, Max:  0.1, Diff:  0.0, Sum:  0.5, Workers: 4
[1191.315s][debug][gc,phases      ] GC(143)     Dead                           Min: 0, Avg:  0.0, Max: 0, Diff: 0, Sum: 0, Workers: 4
[1191.315s][debug][gc,phases      ] GC(143)     Total                          Min: 11712, Avg: 12045.0, Max: 12608, Diff: 896, Sum: 48180, Workers: 4
[1191.315s][debug][gc,phases      ] GC(143)   ResolvedMethodTable Weak       Min:  0.0, Avg:  0.0, Max:  0.0, Diff:  0.0, Sum:  0.1, Workers: 4
[1191.315s][debug][gc,phases      ] GC(143)     Dead                           Min: 0, Avg:  0.0, Max: 0, Diff: 0, Sum: 0, Workers: 4
[1191.315s][debug][gc,phases      ] GC(143)     Total                          Min: 1935, Avg: 2027.5, Max: 2258, Diff: 323, Sum: 8110, Workers: 4
[1191.315s][debug][gc,phases      ] GC(143)   JNI Weak                       Min:  0.0, Avg:  0.0, Max:  0.0, Diff:  0.0, Sum:  0.0, Workers: 4
[1191.315s][debug][gc,phases      ] GC(143)     Dead                           Min: 0, Avg:  0.0, Max: 0, Diff: 0, Sum: 0, Workers: 4
[1191.315s][debug][gc,phases      ] GC(143)     Total                          Min: 0, Avg:  0.0, Max: 0, Diff: 0, Sum: 0, Workers: 4
[1191.315s][debug][gc,phases      ] GC(143)   StringDedup Table Weak         Min:  0.0, Avg:  0.0, Max:  0.0, Diff:  0.0, Sum:  0.0, Workers: 4
[1191.315s][debug][gc,phases      ] GC(143)     Dead                           Min: 0, Avg:  0.0, Max: 0, Diff: 0, Sum: 0, Workers: 4
[1191.315s][debug][gc,phases      ] GC(143)     Total                          Min: 0, Avg:  0.0, Max: 0, Diff: 0, Sum: 0, Workers: 4
[1191.315s][debug][gc,phases      ] GC(143)   StringDedup Requests0 Weak     Min:  0.0, Avg:  0.0, Max:  0.0, Diff:  0.0, Sum:  0.0, Workers: 4
[1191.315s][debug][gc,phases      ] GC(143)     Dead                           Min: 0, Avg:  0.0, Max: 0, Diff: 0, Sum: 0, Workers: 4
[1191.315s][debug][gc,phases      ] GC(143)     Total                          Min: 0, Avg:  0.0, Max: 0, Diff: 0, Sum: 0, Workers: 4
[1191.315s][debug][gc,phases      ] GC(143)   StringDedup Requests1 Weak     Min:  0.0, Avg:  0.0, Max:  0.0, Diff:  0.0, Sum:  0.0, Workers: 4
[1191.315s][debug][gc,phases      ] GC(143)     Dead                           Min: 0, Avg:  0.0, Max: 0, Diff: 0, Sum: 0, Workers: 4
[1191.315s][debug][gc,phases      ] GC(143)     Total                          Min: 0, Avg:  0.0, Max: 0, Diff: 0, Sum: 0, Workers: 4
[1191.315s][debug][gc,phases      ] GC(143)   Weak JFR Old Object Samples    Min:  0.0, Avg:  0.0, Max:  0.0, Diff:  0.0, Sum:  0.0, Workers: 4
[1191.315s][debug][gc,phases      ] GC(143)     Dead                           Min: 0, Avg:  0.0, Max: 0, Diff: 0, Sum: 0, Workers: 4
[1191.315s][debug][gc,phases      ] GC(143)     Total                          Min: 0, Avg:  0.0, Max: 0, Diff: 0, Sum: 0, Workers: 4
[1191.315s][debug][gc,phases      ] GC(143) Weak Processing 0.364ms
[1191.315s][debug][gc,age         ] GC(143) Desired survivor size 139984896 bytes, new threshold 15 (max threshold 15)
[1191.315s][info ][gc,heap        ] GC(143) PSYoungGen: 1904378K(1960448K)->83813K(1958912K) Eden: 1825792K(1825792K)->0K(1823744K) From: 78586K(134656K)->83813K(135168K)
[1191.315s][info ][gc,heap        ] GC(143) ParOldGen: 431076K(495616K)->431092K(495616K)
[1191.315s][info ][gc,metaspace   ] GC(143) Metaspace: 82150K(83008K)->82150K(83008K) NonClass: 70581K(71040K)->70581K(71040K) Class: 11568K(11968K)->11568K(11968K)
[1191.315s][info ][gc             ] GC(143) Pause Young (Allocation Failure) 2280M->502M(2397M) 20.192ms
[1191.315s][info ][gc,cpu         ] GC(143) User=0.08s Sys=0.01s Real=0.02s
[1191.315s][info ][safepoint      ] Safepoint "ParallelGCFailedAllocation", Time since last: 1367100167 ns, Reaching safepoint: 49301 ns, At safepoint: 20287184 ns, Total: 20336485 ns
[1192.315s][info ][safepoint      ] Safepoint "Cleanup", Time since last: 1000083323 ns, Reaching safepoint: 28601 ns, At safepoint: 2900 ns, Total: 31501 ns
[1204.316s][info ][safepoint      ] Safepoint "Cleanup", Time since last: 12000825560 ns, Reaching safepoint: 51602 ns, At safepoint: 7600 ns, Total: 59202 ns
[1205.718s][info ][safepoint      ] Safepoint "Cleanup", Time since last: 1402068595 ns, Reaching safepoint: 49001 ns, At safepoint: 5000 ns, Total: 54001 ns
[1208.201s][info ][safepoint      ] Safepoint "Cleanup", Time since last: 2482832836 ns, Reaching safepoint: 131803 ns, At safepoint: 9200 ns, Total: 141003 ns
[1209.201s][info ][safepoint      ] Safepoint "Cleanup", Time since last: 1000106320 ns, Reaching safepoint: 62802 ns, At safepoint: 5400 ns, Total: 68202 ns
[1209.893s][info ][gc,start       ] GC(144) Pause Young (Allocation Failure)
[1209.912s][debug][gc,phases      ] GC(144) Scavenge 18.930ms
[1209.912s][debug][gc,ref         ] GC(144) Skipped phase 1 of Reference Processing: no references
[1209.912s][debug][gc,ref         ] GC(144) ReferenceProcessor::execute queues: 1, RefProcThreadModel::Single, marks_oops_alive: false
[1209.912s][debug][gc,ref         ] GC(144) Skipped phase 3 of Reference Processing: no references
[1209.912s][debug][gc,ref         ] GC(144) ReferenceProcessor::execute queues: 1, RefProcThreadModel::Single, marks_oops_alive: false
[1209.913s][debug][gc,phases      ] GC(144) Reference Processing 0.120ms
[1209.913s][debug][gc,phases      ] GC(144)   VM Weak                        Min:  0.0, Avg:  0.0, Max:  0.0, Diff:  0.0, Sum:  0.0, Workers: 4
[1209.913s][debug][gc,phases      ] GC(144)     Dead                           Min: 0, Avg:  0.0, Max: 0, Diff: 0, Sum: 0, Workers: 4
[1209.913s][debug][gc,phases      ] GC(144)     Total                          Min: 0, Avg: 171.8, Max: 495, Diff: 495, Sum: 687, Workers: 4
[1209.913s][debug][gc,phases      ] GC(144)   ObjectSynchronizer Weak        Min:  0.0, Avg:  0.0, Max:  0.0, Diff:  0.0, Sum:  0.0, Workers: 4
[1209.913s][debug][gc,phases      ] GC(144)     Dead                           Min: 0, Avg:  0.0, Max: 0, Diff: 0, Sum: 0, Workers: 4
[1209.913s][debug][gc,phases      ] GC(144)     Total                          Min: 0, Avg: 97.5, Max: 256, Diff: 256, Sum: 390, Workers: 4
[1209.913s][debug][gc,phases      ] GC(144)   JVMTI Tag Weak OopStorage      Min:  0.0, Avg:  0.0, Max:  0.0, Diff:  0.0, Sum:  0.0, Workers: 4
[1209.913s][debug][gc,phases      ] GC(144)     Dead                           Min: 0, Avg:  0.0, Max: 0, Diff: 0, Sum: 0, Workers: 4
[1209.913s][debug][gc,phases      ] GC(144)     Total                          Min: 0, Avg:  0.0, Max: 0, Diff: 0, Sum: 0, Workers: 4
[1209.913s][debug][gc,phases      ] GC(144)   StringTable Weak               Min:  0.1, Avg:  0.1, Max:  0.1, Diff:  0.0, Sum:  0.5, Workers: 4
[1209.913s][debug][gc,phases      ] GC(144)     Dead                           Min: 0, Avg:  0.5, Max: 1, Diff: 1, Sum: 2, Workers: 4
[1209.913s][debug][gc,phases      ] GC(144)     Total                          Min: 11456, Avg: 12068.0, Max: 12624, Diff: 1168, Sum: 48272, Workers: 4
[1209.913s][debug][gc,phases      ] GC(144)   ResolvedMethodTable Weak       Min:  0.0, Avg:  0.0, Max:  0.0, Diff:  0.0, Sum:  0.1, Workers: 4
[1209.913s][debug][gc,phases      ] GC(144)     Dead                           Min: 0, Avg:  0.0, Max: 0, Diff: 0, Sum: 0, Workers: 4
[1209.913s][debug][gc,phases      ] GC(144)     Total                          Min: 1776, Avg: 2039.0, Max: 2217, Diff: 441, Sum: 8156, Workers: 4
[1209.913s][debug][gc,phases      ] GC(144)   JNI Weak                       Min:  0.0, Avg:  0.0, Max:  0.0, Diff:  0.0, Sum:  0.0, Workers: 4
[1209.913s][debug][gc,phases      ] GC(144)     Dead                           Min: 0, Avg:  0.0, Max: 0, Diff: 0, Sum: 0, Workers: 4
[1209.913s][debug][gc,phases      ] GC(144)     Total                          Min: 0, Avg:  0.0, Max: 0, Diff: 0, Sum: 0, Workers: 4
[1209.913s][debug][gc,phases      ] GC(144)   StringDedup Table Weak         Min:  0.0, Avg:  0.0, Max:  0.0, Diff:  0.0, Sum:  0.0, Workers: 4
[1209.913s][debug][gc,phases      ] GC(144)     Dead                           Min: 0, Avg:  0.0, Max: 0, Diff: 0, Sum: 0, Workers: 4
[1209.913s][debug][gc,phases      ] GC(144)     Total                          Min: 0, Avg:  0.0, Max: 0, Diff: 0, Sum: 0, Workers: 4
[1209.913s][debug][gc,phases      ] GC(144)   StringDedup Requests0 Weak     Min:  0.0, Avg:  0.0, Max:  0.0, Diff:  0.0, Sum:  0.0, Workers: 4
[1209.913s][debug][gc,phases      ] GC(144)     Dead                           Min: 0, Avg:  0.0, Max: 0, Diff: 0, Sum: 0, Workers: 4
[1209.913s][debug][gc,phases      ] GC(144)     Total                          Min: 0, Avg:  0.0, Max: 0, Diff: 0, Sum: 0, Workers: 4
[1209.913s][debug][gc,phases      ] GC(144)   StringDedup Requests1 Weak     Min:  0.0, Avg:  0.0, Max:  0.0, Diff:  0.0, Sum:  0.0, Workers: 4
[1209.913s][debug][gc,phases      ] GC(144)     Dead                           Min: 0, Avg:  0.0, Max: 0, Diff: 0, Sum: 0, Workers: 4
[1209.913s][debug][gc,phases      ] GC(144)     Total                          Min: 0, Avg:  0.0, Max: 0, Diff: 0, Sum: 0, Workers: 4
[1209.913s][debug][gc,phases      ] GC(144)   Weak JFR Old Object Samples    Min:  0.0, Avg:  0.0, Max:  0.0, Diff:  0.0, Sum:  0.0, Workers: 4
[1209.913s][debug][gc,phases      ] GC(144)     Dead                           Min: 0, Avg:  0.0, Max: 0, Diff: 0, Sum: 0, Workers: 4
[1209.913s][debug][gc,phases      ] GC(144)     Total                          Min: 0, Avg:  0.0, Max: 0, Diff: 0, Sum: 0, Workers: 4
[1209.913s][debug][gc,phases      ] GC(144) Weak Processing 0.351ms
[1209.913s][debug][gc,age         ] GC(144) Desired survivor size 141033472 bytes, new threshold 15 (max threshold 15)
[1209.913s][info ][gc,heap        ] GC(144) PSYoungGen: 1907557K(1958912K)->84648K(1908736K) Eden: 1823744K(1823744K)->0K(1823744K) From: 83813K(135168K)->84648K(84992K)
[1209.913s][info ][gc,heap        ] GC(144) ParOldGen: 431092K(495616K)->431100K(495616K)
[1209.913s][info ][gc,metaspace   ] GC(144) Metaspace: 82596K(83456K)->82596K(83456K) NonClass: 70965K(71424K)->70965K(71424K) Class: 11631K(12032K)->11631K(12032K)
[1209.913s][info ][gc             ] GC(144) Pause Young (Allocation Failure) 2283M->503M(2348M) 19.543ms
[1209.913s][info ][gc,cpu         ] GC(144) User=0.07s Sys=0.00s Real=0.02s
[1209.913s][info ][safepoint      ] Safepoint "ParallelGCFailedAllocation", Time since last: 691919480 ns, Reaching safepoint: 32600 ns, At safepoint: 19620768 ns, Total: 19653368 ns
[1210.913s][info ][safepoint      ] Safepoint "Cleanup", Time since last: 1000080319 ns, Reaching safepoint: 68401 ns, At safepoint: 9300 ns, Total: 77701 ns
[1223.914s][info ][safepoint      ] Safepoint "Cleanup", Time since last: 13000763617 ns, Reaching safepoint: 67902 ns, At safepoint: 8200 ns, Total: 76102 ns
[1224.914s][info ][safepoint      ] Safepoint "Cleanup", Time since last: 1000111016 ns, Reaching safepoint: 58502 ns, At safepoint: 7300 ns, Total: 65802 ns
[1225.914s][info ][safepoint      ] Safepoint "Cleanup", Time since last: 1000074115 ns, Reaching safepoint: 63202 ns, At safepoint: 4900 ns, Total: 68102 ns
[1226.914s][info ][safepoint      ] Safepoint "Cleanup", Time since last: 1000107015 ns, Reaching safepoint: 42401 ns, At safepoint: 2700 ns, Total: 45101 ns
[1229.095s][info ][gc,start       ] GC(145) Pause Young (Allocation Failure)
[1229.112s][debug][gc,phases      ] GC(145) Scavenge 17.268ms
[1229.112s][debug][gc,ref         ] GC(145) Skipped phase 1 of Reference Processing: no references
[1229.112s][debug][gc,ref         ] GC(145) ReferenceProcessor::execute queues: 1, RefProcThreadModel::Single, marks_oops_alive: false
[1229.112s][debug][gc,ref         ] GC(145) Skipped phase 3 of Reference Processing: no references
[1229.112s][debug][gc,ref         ] GC(145) ReferenceProcessor::execute queues: 1, RefProcThreadModel::Single, marks_oops_alive: false
[1229.112s][debug][gc,phases      ] GC(145) Reference Processing 0.120ms
[1229.113s][debug][gc,phases      ] GC(145)   VM Weak                        Min:  0.0, Avg:  0.0, Max:  0.0, Diff:  0.0, Sum:  0.0, Workers: 4
[1229.113s][debug][gc,phases      ] GC(145)     Dead                           Min: 0, Avg:  0.0, Max: 0, Diff: 0, Sum: 0, Workers: 4
[1229.113s][debug][gc,phases      ] GC(145)     Total                          Min: 0, Avg: 171.8, Max: 559, Diff: 559, Sum: 687, Workers: 4
[1229.113s][debug][gc,phases      ] GC(145)   ObjectSynchronizer Weak        Min:  0.0, Avg:  0.0, Max:  0.0, Diff:  0.0, Sum:  0.0, Workers: 4
[1229.113s][debug][gc,phases      ] GC(145)     Dead                           Min: 0, Avg:  0.0, Max: 0, Diff: 0, Sum: 0, Workers: 4
[1229.113s][debug][gc,phases      ] GC(145)     Total                          Min: 0, Avg: 97.5, Max: 134, Diff: 134, Sum: 390, Workers: 4
[1229.113s][debug][gc,phases      ] GC(145)   JVMTI Tag Weak OopStorage      Min:  0.0, Avg:  0.0, Max:  0.0, Diff:  0.0, Sum:  0.0, Workers: 4
[1229.113s][debug][gc,phases      ] GC(145)     Dead                           Min: 0, Avg:  0.0, Max: 0, Diff: 0, Sum: 0, Workers: 4
[1229.113s][debug][gc,phases      ] GC(145)     Total                          Min: 0, Avg:  0.0, Max: 0, Diff: 0, Sum: 0, Workers: 4
[1229.113s][debug][gc,phases      ] GC(145)   StringTable Weak               Min:  0.1, Avg:  0.1, Max:  0.1, Diff:  0.0, Sum:  0.5, Workers: 4
[1229.113s][debug][gc,phases      ] GC(145)     Dead                           Min: 0, Avg:  0.0, Max: 0, Diff: 0, Sum: 0, Workers: 4
[1229.113s][debug][gc,phases      ] GC(145)     Total                          Min: 11200, Avg: 12075.8, Max: 12655, Diff: 1455, Sum: 48303, Workers: 4
[1229.113s][debug][gc,phases      ] GC(145)   ResolvedMethodTable Weak       Min:  0.0, Avg:  0.0, Max:  0.0, Diff:  0.0, Sum:  0.1, Workers: 4
[1229.113s][debug][gc,phases      ] GC(145)     Dead                           Min: 0, Avg:  0.0, Max: 0, Diff: 0, Sum: 0, Workers: 4
[1229.113s][debug][gc,phases      ] GC(145)     Total                          Min: 1853, Avg: 2042.5, Max: 2277, Diff: 424, Sum: 8170, Workers: 4
[1229.113s][debug][gc,phases      ] GC(145)   JNI Weak                       Min:  0.0, Avg:  0.0, Max:  0.0, Diff:  0.0, Sum:  0.0, Workers: 4
[1229.113s][debug][gc,phases      ] GC(145)     Dead                           Min: 0, Avg:  0.0, Max: 0, Diff: 0, Sum: 0, Workers: 4
[1229.113s][debug][gc,phases      ] GC(145)     Total                          Min: 0, Avg:  0.0, Max: 0, Diff: 0, Sum: 0, Workers: 4
[1229.113s][debug][gc,phases      ] GC(145)   StringDedup Table Weak         Min:  0.0, Avg:  0.0, Max:  0.0, Diff:  0.0, Sum:  0.0, Workers: 4
[1229.113s][debug][gc,phases      ] GC(145)     Dead                           Min: 0, Avg:  0.0, Max: 0, Diff: 0, Sum: 0, Workers: 4
[1229.113s][debug][gc,phases      ] GC(145)     Total                          Min: 0, Avg:  0.0, Max: 0, Diff: 0, Sum: 0, Workers: 4
[1229.113s][debug][gc,phases      ] GC(145)   StringDedup Requests0 Weak     Min:  0.0, Avg:  0.0, Max:  0.0, Diff:  0.0, Sum:  0.0, Workers: 4
[1229.113s][debug][gc,phases      ] GC(145)     Dead                           Min: 0, Avg:  0.0, Max: 0, Diff: 0, Sum: 0, Workers: 4
[1229.113s][debug][gc,phases      ] GC(145)     Total                          Min: 0, Avg:  0.0, Max: 0, Diff: 0, Sum: 0, Workers: 4
[1229.113s][debug][gc,phases      ] GC(145)   StringDedup Requests1 Weak     Min:  0.0, Avg:  0.0, Max:  0.0, Diff:  0.0, Sum:  0.0, Workers: 4
[1229.113s][debug][gc,phases      ] GC(145)     Dead                           Min: 0, Avg:  0.0, Max: 0, Diff: 0, Sum: 0, Workers: 4
[1229.113s][debug][gc,phases      ] GC(145)     Total                          Min: 0, Avg:  0.0, Max: 0, Diff: 0, Sum: 0, Workers: 4
[1229.113s][debug][gc,phases      ] GC(145)   Weak JFR Old Object Samples    Min:  0.0, Avg:  0.0, Max:  0.0, Diff:  0.0, Sum:  0.0, Workers: 4
[1229.113s][debug][gc,phases      ] GC(145)     Dead                           Min: 0, Avg:  0.0, Max: 0, Diff: 0, Sum: 0, Workers: 4
[1229.113s][debug][gc,phases      ] GC(145)     Total                          Min: 0, Avg:  0.0, Max: 0, Diff: 0, Sum: 0, Workers: 4
[1229.113s][debug][gc,phases      ] GC(145) Weak Processing 0.336ms
[1229.113s][debug][gc,age         ] GC(145) Desired survivor size 141557760 bytes, new threshold 15 (max threshold 15)
[1229.113s][info ][gc,heap        ] GC(145) PSYoungGen: 1908392K(1908736K)->84421K(1958400K) Eden: 1823744K(1823744K)->0K(1820672K) From: 84648K(84992K)->84421K(137728K)
[1229.113s][info ][gc,heap        ] GC(145) ParOldGen: 431100K(495616K)->431116K(495616K)
[1229.113s][info ][gc,metaspace   ] GC(145) Metaspace: 82700K(83520K)->82700K(83520K) NonClass: 71054K(71488K)->71054K(71488K) Class: 11645K(12032K)->11645K(12032K)
[1229.113s][info ][gc             ] GC(145) Pause Young (Allocation Failure) 2284M->503M(2396M) 17.878ms
[1229.113s][info ][gc,cpu         ] GC(145) User=0.07s Sys=0.00s Real=0.02s
[1229.113s][info ][safepoint      ] Safepoint "ParallelGCFailedAllocation", Time since last: 2180511324 ns, Reaching safepoint: 41601 ns, At safepoint: 17964628 ns, Total: 18006229 ns
[1236.113s][info ][safepoint      ] Safepoint "Cleanup", Time since last: 7000462892 ns, Reaching safepoint: 98503 ns, At safepoint: 5700 ns, Total: 104203 ns
[1237.114s][info ][safepoint      ] Safepoint "Cleanup", Time since last: 1000105113 ns, Reaching safepoint: 56901 ns, At safepoint: 2601 ns, Total: 59502 ns
[1248.443s][info ][gc,start       ] GC(146) Pause Young (Allocation Failure)
[1248.468s][debug][gc,phases      ] GC(146) Scavenge 24.958ms
[1248.468s][debug][gc,ref         ] GC(146) Skipped phase 1 of Reference Processing: no references
[1248.469s][debug][gc,ref         ] GC(146) ReferenceProcessor::execute queues: 1, RefProcThreadModel::Single, marks_oops_alive: false
[1248.469s][debug][gc,ref         ] GC(146) Skipped phase 3 of Reference Processing: no references
[1248.469s][debug][gc,ref         ] GC(146) ReferenceProcessor::execute queues: 1, RefProcThreadModel::Single, marks_oops_alive: false
[1248.469s][debug][gc,phases      ] GC(146) Reference Processing 0.114ms
[1248.469s][debug][gc,phases      ] GC(146)   VM Weak                        Min:  0.0, Avg:  0.0, Max:  0.0, Diff:  0.0, Sum:  0.0, Workers: 4
[1248.469s][debug][gc,phases      ] GC(146)     Dead                           Min: 0, Avg:  0.0, Max: 0, Diff: 0, Sum: 0, Workers: 4
[1248.469s][debug][gc,phases      ] GC(146)     Total                          Min: 0, Avg: 171.8, Max: 431, Diff: 431, Sum: 687, Workers: 4
[1248.469s][debug][gc,phases      ] GC(146)   ObjectSynchronizer Weak        Min:  0.0, Avg:  0.0, Max:  0.0, Diff:  0.0, Sum:  0.0, Workers: 4
[1248.469s][debug][gc,phases      ] GC(146)     Dead                           Min: 0, Avg:  0.0, Max: 0, Diff: 0, Sum: 0, Workers: 4
[1248.469s][debug][gc,phases      ] GC(146)     Total                          Min: 6, Avg: 97.5, Max: 192, Diff: 186, Sum: 390, Workers: 4
[1248.469s][debug][gc,phases      ] GC(146)   JVMTI Tag Weak OopStorage      Min:  0.0, Avg:  0.0, Max:  0.0, Diff:  0.0, Sum:  0.0, Workers: 4
[1248.469s][debug][gc,phases      ] GC(146)     Dead                           Min: 0, Avg:  0.0, Max: 0, Diff: 0, Sum: 0, Workers: 4
[1248.469s][debug][gc,phases      ] GC(146)     Total                          Min: 0, Avg:  0.0, Max: 0, Diff: 0, Sum: 0, Workers: 4
[1248.469s][debug][gc,phases      ] GC(146)   StringTable Weak               Min:  0.1, Avg:  0.1, Max:  0.1, Diff:  0.0, Sum:  0.5, Workers: 4
[1248.469s][debug][gc,phases      ] GC(146)     Dead                           Min: 0, Avg:  0.0, Max: 0, Diff: 0, Sum: 0, Workers: 4
[1248.469s][debug][gc,phases      ] GC(146)     Total                          Min: 10688, Avg: 12076.2, Max: 13681, Diff: 2993, Sum: 48305, Workers: 4
[1248.469s][debug][gc,phases      ] GC(146)   ResolvedMethodTable Weak       Min:  0.0, Avg:  0.0, Max:  0.0, Diff:  0.0, Sum:  0.1, Workers: 4
[1248.469s][debug][gc,phases      ] GC(146)     Dead                           Min: 0, Avg:  0.0, Max: 0, Diff: 0, Sum: 0, Workers: 4
[1248.469s][debug][gc,phases      ] GC(146)     Total                          Min: 1972, Avg: 2042.5, Max: 2195, Diff: 223, Sum: 8170, Workers: 4
[1248.469s][debug][gc,phases      ] GC(146)   JNI Weak                       Min:  0.0, Avg:  0.0, Max:  0.0, Diff:  0.0, Sum:  0.0, Workers: 4
[1248.469s][debug][gc,phases      ] GC(146)     Dead                           Min: 0, Avg:  0.0, Max: 0, Diff: 0, Sum: 0, Workers: 4
[1248.469s][debug][gc,phases      ] GC(146)     Total                          Min: 0, Avg:  0.0, Max: 0, Diff: 0, Sum: 0, Workers: 4
[1248.469s][debug][gc,phases      ] GC(146)   StringDedup Table Weak         Min:  0.0, Avg:  0.0, Max:  0.0, Diff:  0.0, Sum:  0.0, Workers: 4
[1248.469s][debug][gc,phases      ] GC(146)     Dead                           Min: 0, Avg:  0.0, Max: 0, Diff: 0, Sum: 0, Workers: 4
[1248.469s][debug][gc,phases      ] GC(146)     Total                          Min: 0, Avg:  0.0, Max: 0, Diff: 0, Sum: 0, Workers: 4
[1248.469s][debug][gc,phases      ] GC(146)   StringDedup Requests0 Weak     Min:  0.0, Avg:  0.0, Max:  0.0, Diff:  0.0, Sum:  0.0, Workers: 4
[1248.469s][debug][gc,phases      ] GC(146)     Dead                           Min: 0, Avg:  0.0, Max: 0, Diff: 0, Sum: 0, Workers: 4
[1248.469s][debug][gc,phases      ] GC(146)     Total                          Min: 0, Avg:  0.0, Max: 0, Diff: 0, Sum: 0, Workers: 4
[1248.469s][debug][gc,phases      ] GC(146)   StringDedup Requests1 Weak     Min:  0.0, Avg:  0.0, Max:  0.0, Diff:  0.0, Sum:  0.0, Workers: 4
[1248.469s][debug][gc,phases      ] GC(146)     Dead                           Min: 0, Avg:  0.0, Max: 0, Diff: 0, Sum: 0, Workers: 4
[1248.469s][debug][gc,phases      ] GC(146)     Total                          Min: 0, Avg:  0.0, Max: 0, Diff: 0, Sum: 0, Workers: 4
[1248.469s][debug][gc,phases      ] GC(146)   Weak JFR Old Object Samples    Min:  0.0, Avg:  0.0, Max:  0.0, Diff:  0.0, Sum:  0.0, Workers: 4
[1248.469s][debug][gc,phases      ] GC(146)     Dead                           Min: 0, Avg:  0.0, Max: 0, Diff: 0, Sum: 0, Workers: 4
[1248.469s][debug][gc,phases      ] GC(146)     Total                          Min: 0, Avg:  0.0, Max: 0, Diff: 0, Sum: 0, Workers: 4
[1248.469s][debug][gc,phases      ] GC(146) Weak Processing 0.350ms
[1248.469s][debug][gc,age         ] GC(146) Desired survivor size 138412032 bytes, new threshold 15 (max threshold 15)
[1248.469s][info ][gc,heap        ] GC(146) PSYoungGen: 1905093K(1958400K)->40978K(1958912K) Eden: 1820672K(1820672K)->0K(1820672K) From: 84421K(137728K)->40978K(138240K)
[1248.469s][info ][gc,heap        ] GC(146) ParOldGen: 431116K(495616K)->475578K(495616K)
[1248.469s][info ][gc,metaspace   ] GC(146) Metaspace: 82707K(83520K)->82707K(83520K) NonClass: 71062K(71488K)->71062K(71488K) Class: 11645K(12032K)->11645K(12032K)
[1248.469s][info ][gc             ] GC(146) Pause Young (Allocation Failure) 2281M->504M(2397M) 25.562ms
[1248.469s][info ][gc,cpu         ] GC(146) User=0.09s Sys=0.00s Real=0.03s
[1248.469s][debug][gc,phases      ] GC(147) Pre Compact 0.009ms
[1248.469s][info ][gc,start       ] GC(147) Pause Full (Ergonomics)
[1248.469s][info ][gc,phases,start] GC(147) Marking Phase
[1248.618s][debug][gc,phases      ] GC(147) Par Mark 148.632ms
[1248.618s][debug][gc,ref         ] GC(147) Skipped phase 1 of Reference Processing: no references
[1248.618s][debug][gc,ref         ] GC(147) ReferenceProcessor::execute queues: 4, RefProcThreadModel::Multi, marks_oops_alive: false
[1248.618s][debug][gc,ref         ] GC(147) Skipped phase 3 of Reference Processing: no references
[1248.618s][debug][gc,ref         ] GC(147) ReferenceProcessor::execute queues: 1, RefProcThreadModel::Single, marks_oops_alive: false
[1248.619s][debug][gc,phases      ] GC(147) Reference Processing 0.676ms
[1248.619s][debug][gc,phases      ] GC(147)   VM Weak                        Min:  0.0, Avg:  0.0, Max:  0.0, Diff:  0.0, Sum:  0.0, Workers: 4
[1248.619s][debug][gc,phases      ] GC(147)     Dead                           Min: 0, Avg:  0.0, Max: 0, Diff: 0, Sum: 0, Workers: 4
[1248.619s][debug][gc,phases      ] GC(147)     Total                          Min: 0, Avg: 171.8, Max: 448, Diff: 448, Sum: 687, Workers: 4
[1248.619s][debug][gc,phases      ] GC(147)   ObjectSynchronizer Weak        Min:  0.0, Avg:  0.0, Max:  0.0, Diff:  0.0, Sum:  0.0, Workers: 4
[1248.619s][debug][gc,phases      ] GC(147)     Dead                           Min: 0, Avg:  0.0, Max: 0, Diff: 0, Sum: 0, Workers: 4
[1248.619s][debug][gc,phases      ] GC(147)     Total                          Min: 64, Avg: 97.5, Max: 134, Diff: 70, Sum: 390, Workers: 4
[1248.619s][debug][gc,phases      ] GC(147)   JVMTI Tag Weak OopStorage      Min:  0.0, Avg:  0.0, Max:  0.0, Diff:  0.0, Sum:  0.0, Workers: 4
[1248.619s][debug][gc,phases      ] GC(147)     Dead                           Min: 0, Avg:  0.0, Max: 0, Diff: 0, Sum: 0, Workers: 4
[1248.619s][debug][gc,phases      ] GC(147)     Total                          Min: 0, Avg:  0.0, Max: 0, Diff: 0, Sum: 0, Workers: 4
[1248.619s][debug][gc,phases      ] GC(147)   StringTable Weak               Min:  0.2, Avg:  0.2, Max:  0.2, Diff:  0.0, Sum:  0.7, Workers: 4
[1248.619s][debug][gc,phases      ] GC(147)     Dead                           Min: 0, Avg:  0.0, Max: 0, Diff: 0, Sum: 0, Workers: 4
[1248.619s][debug][gc,phases      ] GC(147)     Total                          Min: 11136, Avg: 12076.2, Max: 13169, Diff: 2033, Sum: 48305, Workers: 4
[1248.619s][debug][gc,phases      ] GC(147)   ResolvedMethodTable Weak       Min:  0.0, Avg:  0.0, Max:  0.0, Diff:  0.0, Sum:  0.1, Workers: 4
[1248.619s][debug][gc,phases      ] GC(147)     Dead                           Min: 0, Avg:  0.0, Max: 0, Diff: 0, Sum: 0, Workers: 4
[1248.619s][debug][gc,phases      ] GC(147)     Total                          Min: 1837, Avg: 2042.5, Max: 2217, Diff: 380, Sum: 8170, Workers: 4
[1248.619s][debug][gc,phases      ] GC(147)   JNI Weak                       Min:  0.0, Avg:  0.0, Max:  0.0, Diff:  0.0, Sum:  0.0, Workers: 4
[1248.619s][debug][gc,phases      ] GC(147)     Dead                           Min: 0, Avg:  0.0, Max: 0, Diff: 0, Sum: 0, Workers: 4
[1248.619s][debug][gc,phases      ] GC(147)     Total                          Min: 0, Avg:  0.0, Max: 0, Diff: 0, Sum: 0, Workers: 4
[1248.619s][debug][gc,phases      ] GC(147)   StringDedup Table Weak         Min:  0.0, Avg:  0.0, Max:  0.0, Diff:  0.0, Sum:  0.0, Workers: 4
[1248.619s][debug][gc,phases      ] GC(147)     Dead                           Min: 0, Avg:  0.0, Max: 0, Diff: 0, Sum: 0, Workers: 4
[1248.619s][debug][gc,phases      ] GC(147)     Total                          Min: 0, Avg:  0.0, Max: 0, Diff: 0, Sum: 0, Workers: 4
[1248.619s][debug][gc,phases      ] GC(147)   StringDedup Requests0 Weak     Min:  0.0, Avg:  0.0, Max:  0.0, Diff:  0.0, Sum:  0.0, Workers: 4
[1248.619s][debug][gc,phases      ] GC(147)     Dead                           Min: 0, Avg:  0.0, Max: 0, Diff: 0, Sum: 0, Workers: 4
[1248.619s][debug][gc,phases      ] GC(147)     Total                          Min: 0, Avg:  0.0, Max: 0, Diff: 0, Sum: 0, Workers: 4
[1248.619s][debug][gc,phases      ] GC(147)   StringDedup Requests1 Weak     Min:  0.0, Avg:  0.0, Max:  0.0, Diff:  0.0, Sum:  0.0, Workers: 4
[1248.619s][debug][gc,phases      ] GC(147)     Dead                           Min: 0, Avg:  0.0, Max: 0, Diff: 0, Sum: 0, Workers: 4
[1248.619s][debug][gc,phases      ] GC(147)     Total                          Min: 0, Avg:  0.0, Max: 0, Diff: 0, Sum: 0, Workers: 4
[1248.619s][debug][gc,phases      ] GC(147)   Weak JFR Old Object Samples    Min:  0.0, Avg:  0.0, Max:  0.0, Diff:  0.0, Sum:  0.0, Workers: 4
[1248.619s][debug][gc,phases      ] GC(147)     Dead                           Min: 0, Avg:  0.0, Max: 0, Diff: 0, Sum: 0, Workers: 4
[1248.619s][debug][gc,phases      ] GC(147)     Total                          Min: 0, Avg:  0.0, Max: 0, Diff: 0, Sum: 0, Workers: 4
[1248.619s][debug][gc,phases      ] GC(147) Weak Processing 0.376ms
[1248.619s][debug][gc,phases      ] GC(147) ClassLoaderData 0.097ms
[1248.619s][debug][gc,phases      ] GC(147) Trigger cleanups 0.000ms
[1248.637s][debug][gc,phases      ] GC(147) Class Unloading 17.686ms
[1248.637s][info ][gc,phases      ] GC(147) Marking Phase 167.576ms
[1248.637s][info ][gc,phases,start] GC(147) Summary Phase
[1248.637s][info ][gc,phases      ] GC(147) Summary Phase 0.017ms
[1248.637s][info ][gc,phases,start] GC(147) Adjust Roots
[1248.649s][info ][gc,phases      ] GC(147) Adjust Roots 12.352ms
[1248.649s][info ][gc,phases,start] GC(147) Compaction Phase
[1248.768s][info ][gc,phases      ] GC(147) Compaction Phase 118.926ms
[1248.768s][info ][gc,phases,start] GC(147) Post Compact
[1248.770s][info ][gc,phases      ] GC(147) Post Compact 1.571ms
[1248.770s][info ][gc,heap        ] GC(147) PSYoungGen: 40978K(1958912K)->0K(1961984K) Eden: 0K(1820672K)->0K(1826816K) From: 40978K(138240K)->0K(135168K)
[1248.770s][info ][gc,heap        ] GC(147) ParOldGen: 475578K(495616K)->474402K(590336K)
[1248.770s][info ][gc,metaspace   ] GC(147) Metaspace: 82707K(83520K)->82707K(83520K) NonClass: 71062K(71488K)->71062K(71488K) Class: 11645K(12032K)->11645K(12032K)
[1248.770s][info ][gc             ] GC(147) Pause Full (Ergonomics) 504M->463M(2492M) 300.821ms
[1248.770s][info ][gc,cpu         ] GC(147) User=1.11s Sys=0.00s Real=0.30s
[1248.770s][info ][safepoint      ] Safepoint "ParallelGCFailedAllocation", Time since last: 11329665150 ns, Reaching safepoint: 52401 ns, At safepoint: 326927584 ns, Total: 326979985 ns
[1259.771s][info ][safepoint      ] Safepoint "Cleanup", Time since last: 11000703789 ns, Reaching safepoint: 49101 ns, At safepoint: 3500 ns, Total: 52601 ns
[1267.795s][info ][gc,start       ] GC(148) Pause Young (Allocation Failure)
[1267.796s][debug][gc,phases      ] GC(148) Scavenge 1.419ms
[1267.796s][debug][gc,ref         ] GC(148) Skipped phase 1 of Reference Processing: no references
[1267.796s][debug][gc,ref         ] GC(148) Skipped phase 2 of Reference Processing: no references
[1267.796s][debug][gc,ref         ] GC(148) Skipped phase 3 of Reference Processing: no references
[1267.796s][debug][gc,ref         ] GC(148) Skipped phase 4 of Reference Processing: no references
[1267.796s][debug][gc,phases      ] GC(148) Reference Processing 0.021ms
[1267.796s][debug][gc,phases      ] GC(148)   VM Weak                        Min:  0.0, Avg:  0.0, Max:  0.0, Diff:  0.0, Sum:  0.0, Workers: 4
[1267.796s][debug][gc,phases      ] GC(148)     Dead                           Min: 0, Avg:  0.0, Max: 0, Diff: 0, Sum: 0, Workers: 4
[1267.796s][debug][gc,phases      ] GC(148)     Total                          Min: 0, Avg: 171.8, Max: 448, Diff: 448, Sum: 687, Workers: 4
[1267.796s][debug][gc,phases      ] GC(148)   ObjectSynchronizer Weak        Min:  0.0, Avg:  0.0, Max:  0.0, Diff:  0.0, Sum:  0.0, Workers: 4
[1267.796s][debug][gc,phases      ] GC(148)     Dead                           Min: 0, Avg:  0.0, Max: 0, Diff: 0, Sum: 0, Workers: 4
[1267.796s][debug][gc,phases      ] GC(148)     Total                          Min: 0, Avg: 97.5, Max: 192, Diff: 192, Sum: 390, Workers: 4
[1267.796s][debug][gc,phases      ] GC(148)   JVMTI Tag Weak OopStorage      Min:  0.0, Avg:  0.0, Max:  0.0, Diff:  0.0, Sum:  0.0, Workers: 4
[1267.796s][debug][gc,phases      ] GC(148)     Dead                           Min: 0, Avg:  0.0, Max: 0, Diff: 0, Sum: 0, Workers: 4
[1267.796s][debug][gc,phases      ] GC(148)     Total                          Min: 0, Avg:  0.0, Max: 0, Diff: 0, Sum: 0, Workers: 4
[1267.796s][debug][gc,phases      ] GC(148)   StringTable Weak               Min:  0.1, Avg:  0.1, Max:  0.1, Diff:  0.0, Sum:  0.4, Workers: 4
[1267.796s][debug][gc,phases      ] GC(148)     Dead                           Min: 0, Avg:  0.0, Max: 0, Diff: 0, Sum: 0, Workers: 4
[1267.797s][debug][gc,phases      ] GC(148)     Total                          Min: 11328, Avg: 12076.2, Max: 13041, Diff: 1713, Sum: 48305, Workers: 4
[1267.797s][debug][gc,phases      ] GC(148)   ResolvedMethodTable Weak       Min:  0.0, Avg:  0.0, Max:  0.0, Diff:  0.0, Sum:  0.1, Workers: 4
[1267.797s][debug][gc,phases      ] GC(148)     Dead                           Min: 0, Avg:  0.0, Max: 0, Diff: 0, Sum: 0, Workers: 4
[1267.797s][debug][gc,phases      ] GC(148)     Total                          Min: 1871, Avg: 2042.5, Max: 2217, Diff: 346, Sum: 8170, Workers: 4
[1267.797s][debug][gc,phases      ] GC(148)   JNI Weak                       Min:  0.0, Avg:  0.0, Max:  0.0, Diff:  0.0, Sum:  0.0, Workers: 4
[1267.797s][debug][gc,phases      ] GC(148)     Dead                           Min: 0, Avg:  0.0, Max: 0, Diff: 0, Sum: 0, Workers: 4
[1267.797s][debug][gc,phases      ] GC(148)     Total                          Min: 0, Avg:  0.0, Max: 0, Diff: 0, Sum: 0, Workers: 4
[1267.797s][debug][gc,phases      ] GC(148)   StringDedup Table Weak         Min:  0.0, Avg:  0.0, Max:  0.0, Diff:  0.0, Sum:  0.0, Workers: 4
[1267.797s][debug][gc,phases      ] GC(148)     Dead                           Min: 0, Avg:  0.0, Max: 0, Diff: 0, Sum: 0, Workers: 4
[1267.797s][debug][gc,phases      ] GC(148)     Total                          Min: 0, Avg:  0.0, Max: 0, Diff: 0, Sum: 0, Workers: 4
[1267.797s][debug][gc,phases      ] GC(148)   StringDedup Requests0 Weak     Min:  0.0, Avg:  0.0, Max:  0.0, Diff:  0.0, Sum:  0.0, Workers: 4
[1267.797s][debug][gc,phases      ] GC(148)     Dead                           Min: 0, Avg:  0.0, Max: 0, Diff: 0, Sum: 0, Workers: 4
[1267.797s][debug][gc,phases      ] GC(148)     Total                          Min: 0, Avg:  0.0, Max: 0, Diff: 0, Sum: 0, Workers: 4
[1267.797s][debug][gc,phases      ] GC(148)   StringDedup Requests1 Weak     Min:  0.0, Avg:  0.0, Max:  0.0, Diff:  0.0, Sum:  0.0, Workers: 4
[1267.797s][debug][gc,phases      ] GC(148)     Dead                           Min: 0, Avg:  0.0, Max: 0, Diff: 0, Sum: 0, Workers: 4
[1267.797s][debug][gc,phases      ] GC(148)     Total                          Min: 0, Avg:  0.0, Max: 0, Diff: 0, Sum: 0, Workers: 4
[1267.797s][debug][gc,phases      ] GC(148)   Weak JFR Old Object Samples    Min:  0.0, Avg:  0.0, Max:  0.0, Diff:  0.0, Sum:  0.0, Workers: 4
[1267.797s][debug][gc,phases      ] GC(148)     Dead                           Min: 0, Avg:  0.0, Max: 0, Diff: 0, Sum: 0, Workers: 4
[1267.797s][debug][gc,phases      ] GC(148)     Total                          Min: 0, Avg:  0.0, Max: 0, Diff: 0, Sum: 0, Workers: 4
[1267.797s][debug][gc,phases      ] GC(148) Weak Processing 0.320ms
[1267.797s][debug][gc,age         ] GC(148) Desired survivor size 142082048 bytes, new threshold 15 (max threshold 15)
[1267.797s][info ][gc,heap        ] GC(148) PSYoungGen: 1826816K(1961984K)->320K(1827328K) Eden: 1826816K(1826816K)->0K(1826816K) From: 0K(135168K)->320K(512K)
[1267.797s][info ][gc,heap        ] GC(148) ParOldGen: 474402K(590336K)->474402K(590336K)
[1267.797s][info ][gc,metaspace   ] GC(148) Metaspace: 82707K(83520K)->82707K(83520K) NonClass: 71062K(71488K)->71062K(71488K) Class: 11645K(12032K)->11645K(12032K)
[1267.797s][info ][gc             ] GC(148) Pause Young (Allocation Failure) 2247M->463M(2361M) 1.862ms
[1267.797s][info ][gc,cpu         ] GC(148) User=0.00s Sys=0.00s Real=0.00s
[1267.797s][info ][safepoint      ] Safepoint "ParallelGCFailedAllocation", Time since last: 8023614998 ns, Reaching safepoint: 42101 ns, At safepoint: 1932846 ns, Total: 1974947 ns
[1271.797s][info ][safepoint      ] Safepoint "Cleanup", Time since last: 4000288419 ns, Reaching safepoint: 116603 ns, At safepoint: 10400 ns, Total: 127003 ns
[1274.797s][info ][safepoint      ] Safepoint "Cleanup", Time since last: 3000271014 ns, Reaching safepoint: 127103 ns, At safepoint: 7800 ns, Total: 134903 ns
[1286.809s][info ][gc,start       ] GC(149) Pause Young (Allocation Failure)
[1286.811s][debug][gc,phases      ] GC(149) Scavenge 1.495ms
[1286.811s][debug][gc,ref         ] GC(149) Skipped phase 1 of Reference Processing: no references
[1286.811s][debug][gc,ref         ] GC(149) Skipped phase 2 of Reference Processing: no references
[1286.811s][debug][gc,ref         ] GC(149) Skipped phase 3 of Reference Processing: no references
[1286.811s][debug][gc,ref         ] GC(149) Skipped phase 4 of Reference Processing: no references
[1286.811s][debug][gc,phases      ] GC(149) Reference Processing 0.021ms
[1286.811s][debug][gc,phases      ] GC(149)   VM Weak                        Min:  0.0, Avg:  0.0, Max:  0.0, Diff:  0.0, Sum:  0.0, Workers: 4
[1286.811s][debug][gc,phases      ] GC(149)     Dead                           Min: 0, Avg:  0.0, Max: 0, Diff: 0, Sum: 0, Workers: 4
[1286.811s][debug][gc,phases      ] GC(149)     Total                          Min: 0, Avg: 171.8, Max: 576, Diff: 576, Sum: 687, Workers: 4
[1286.811s][debug][gc,phases      ] GC(149)   ObjectSynchronizer Weak        Min:  0.0, Avg:  0.0, Max:  0.0, Diff:  0.0, Sum:  0.0, Workers: 4
[1286.811s][debug][gc,phases      ] GC(149)     Dead                           Min: 0, Avg:  0.0, Max: 0, Diff: 0, Sum: 0, Workers: 4
[1286.811s][debug][gc,phases      ] GC(149)     Total                          Min: 0, Avg: 97.5, Max: 198, Diff: 198, Sum: 390, Workers: 4
[1286.811s][debug][gc,phases      ] GC(149)   JVMTI Tag Weak OopStorage      Min:  0.0, Avg:  0.0, Max:  0.0, Diff:  0.0, Sum:  0.0, Workers: 4
[1286.811s][debug][gc,phases      ] GC(149)     Dead                           Min: 0, Avg:  0.0, Max: 0, Diff: 0, Sum: 0, Workers: 4
[1286.811s][debug][gc,phases      ] GC(149)     Total                          Min: 0, Avg:  0.0, Max: 0, Diff: 0, Sum: 0, Workers: 4
[1286.811s][debug][gc,phases      ] GC(149)   StringTable Weak               Min:  0.1, Avg:  0.1, Max:  0.1, Diff:  0.0, Sum:  0.4, Workers: 4
[1286.811s][debug][gc,phases      ] GC(149)     Dead                           Min: 0, Avg:  0.0, Max: 0, Diff: 0, Sum: 0, Workers: 4
[1286.811s][debug][gc,phases      ] GC(149)     Total                          Min: 11200, Avg: 12076.2, Max: 12913, Diff: 1713, Sum: 48305, Workers: 4
[1286.811s][debug][gc,phases      ] GC(149)   ResolvedMethodTable Weak       Min:  0.0, Avg:  0.0, Max:  0.0, Diff:  0.0, Sum:  0.1, Workers: 4
[1286.811s][debug][gc,phases      ] GC(149)     Dead                           Min: 0, Avg:  0.0, Max: 0, Diff: 0, Sum: 0, Workers: 4
[1286.811s][debug][gc,phases      ] GC(149)     Total                          Min: 1851, Avg: 2042.5, Max: 2324, Diff: 473, Sum: 8170, Workers: 4
[1286.811s][debug][gc,phases      ] GC(149)   JNI Weak                       Min:  0.0, Avg:  0.0, Max:  0.0, Diff:  0.0, Sum:  0.0, Workers: 4
[1286.811s][debug][gc,phases      ] GC(149)     Dead                           Min: 0, Avg:  0.0, Max: 0, Diff: 0, Sum: 0, Workers: 4
[1286.811s][debug][gc,phases      ] GC(149)     Total                          Min: 0, Avg:  0.0, Max: 0, Diff: 0, Sum: 0, Workers: 4
[1286.811s][debug][gc,phases      ] GC(149)   StringDedup Table Weak         Min:  0.0, Avg:  0.0, Max:  0.0, Diff:  0.0, Sum:  0.0, Workers: 4
[1286.811s][debug][gc,phases      ] GC(149)     Dead                           Min: 0, Avg:  0.0, Max: 0, Diff: 0, Sum: 0, Workers: 4
[1286.811s][debug][gc,phases      ] GC(149)     Total                          Min: 0, Avg:  0.0, Max: 0, Diff: 0, Sum: 0, Workers: 4
[1286.811s][debug][gc,phases      ] GC(149)   StringDedup Requests0 Weak     Min:  0.0, Avg:  0.0, Max:  0.0, Diff:  0.0, Sum:  0.0, Workers: 4
[1286.811s][debug][gc,phases      ] GC(149)     Dead                           Min: 0, Avg:  0.0, Max: 0, Diff: 0, Sum: 0, Workers: 4
[1286.811s][debug][gc,phases      ] GC(149)     Total                          Min: 0, Avg:  0.0, Max: 0, Diff: 0, Sum: 0, Workers: 4
[1286.811s][debug][gc,phases      ] GC(149)   StringDedup Requests1 Weak     Min:  0.0, Avg:  0.0, Max:  0.0, Diff:  0.0, Sum:  0.0, Workers: 4
[1286.811s][debug][gc,phases      ] GC(149)     Dead                           Min: 0, Avg:  0.0, Max: 0, Diff: 0, Sum: 0, Workers: 4
[1286.811s][debug][gc,phases      ] GC(149)     Total                          Min: 0, Avg:  0.0, Max: 0, Diff: 0, Sum: 0, Workers: 4
[1286.811s][debug][gc,phases      ] GC(149)   Weak JFR Old Object Samples    Min:  0.0, Avg:  0.0, Max:  0.0, Diff:  0.0, Sum:  0.0, Workers: 4
[1286.811s][debug][gc,phases      ] GC(149)     Dead                           Min: 0, Avg:  0.0, Max: 0, Diff: 0, Sum: 0, Workers: 4
[1286.811s][debug][gc,phases      ] GC(149)     Total                          Min: 0, Avg:  0.0, Max: 0, Diff: 0, Sum: 0, Workers: 4
[1286.811s][debug][gc,phases      ] GC(149) Weak Processing 0.307ms
[1286.811s][debug][gc,age         ] GC(149) Desired survivor size 143654912 bytes, new threshold 15 (max threshold 15)
[1286.811s][info ][gc,heap        ] GC(149) PSYoungGen: 1827136K(1827328K)->672K(1955328K) Eden: 1826816K(1826816K)->0K(1816576K) From: 320K(512K)->672K(138752K)
[1286.811s][info ][gc,heap        ] GC(149) ParOldGen: 474402K(590336K)->474402K(590336K)
[1286.811s][info ][gc,metaspace   ] GC(149) Metaspace: 82708K(83520K)->82708K(83520K) NonClass: 71062K(71488K)->71062K(71488K) Class: 11645K(12032K)->11645K(12032K)
[1286.811s][info ][gc             ] GC(149) Pause Young (Allocation Failure) 2247M->463M(2486M) 1.927ms
[1286.811s][info ][gc,cpu         ] GC(149) User=0.01s Sys=0.00s Real=0.00s
[1286.811s][info ][safepoint      ] Safepoint "ParallelGCFailedAllocation", Time since last: 12011406780 ns, Reaching safepoint: 64401 ns, At safepoint: 2014148 ns, Total: 2078549 ns
[1300.812s][info ][safepoint      ] Safepoint "Cleanup", Time since last: 14000882692 ns, Reaching safepoint: 61101 ns, At safepoint: 8201 ns, Total: 69302 ns
[1301.812s][info ][safepoint      ] Safepoint "Cleanup", Time since last: 1000107599 ns, Reaching safepoint: 58001 ns, At safepoint: 5300 ns, Total: 63301 ns
[1302.812s][info ][safepoint      ] Safepoint "Cleanup", Time since last: 1000107199 ns, Reaching safepoint: 50101 ns, At safepoint: 8000 ns, Total: 58101 ns
[1305.399s][info ][gc,start       ] GC(150) Pause Young (Allocation Failure)
[1305.401s][debug][gc,phases      ] GC(150) Scavenge 2.182ms
[1305.401s][debug][gc,ref         ] GC(150) Skipped phase 1 of Reference Processing: no references
[1305.401s][debug][gc,ref         ] GC(150) ReferenceProcessor::execute queues: 1, RefProcThreadModel::Single, marks_oops_alive: false
[1305.401s][debug][gc,ref         ] GC(150) Skipped phase 3 of Reference Processing: no references
[1305.401s][debug][gc,ref         ] GC(150) ReferenceProcessor::execute queues: 1, RefProcThreadModel::Single, marks_oops_alive: false
[1305.401s][debug][gc,phases      ] GC(150) Reference Processing 0.114ms
[1305.402s][debug][gc,phases      ] GC(150)   VM Weak                        Min:  0.0, Avg:  0.0, Max:  0.0, Diff:  0.0, Sum:  0.0, Workers: 4
[1305.402s][debug][gc,phases      ] GC(150)     Dead                           Min: 0, Avg:  0.0, Max: 0, Diff: 0, Sum: 0, Workers: 4
[1305.402s][debug][gc,phases      ] GC(150)     Total                          Min: 0, Avg: 171.8, Max: 687, Diff: 687, Sum: 687, Workers: 4
[1305.402s][debug][gc,phases      ] GC(150)   ObjectSynchronizer Weak        Min:  0.0, Avg:  0.0, Max:  0.0, Diff:  0.0, Sum:  0.0, Workers: 4
[1305.402s][debug][gc,phases      ] GC(150)     Dead                           Min: 0, Avg:  0.0, Max: 0, Diff: 0, Sum: 0, Workers: 4
[1305.402s][debug][gc,phases      ] GC(150)     Total                          Min: 0, Avg: 97.5, Max: 390, Diff: 390, Sum: 390, Workers: 4
[1305.402s][debug][gc,phases      ] GC(150)   JVMTI Tag Weak OopStorage      Min:  0.0, Avg:  0.0, Max:  0.0, Diff:  0.0, Sum:  0.0, Workers: 4
[1305.402s][debug][gc,phases      ] GC(150)     Dead                           Min: 0, Avg:  0.0, Max: 0, Diff: 0, Sum: 0, Workers: 4
[1305.402s][debug][gc,phases      ] GC(150)     Total                          Min: 0, Avg:  0.0, Max: 0, Diff: 0, Sum: 0, Workers: 4
[1305.402s][debug][gc,phases      ] GC(150)   StringTable Weak               Min:  0.1, Avg:  0.1, Max:  0.1, Diff:  0.0, Sum:  0.4, Workers: 4
[1305.402s][debug][gc,phases      ] GC(150)     Dead                           Min: 0, Avg:  0.2, Max: 1, Diff: 1, Sum: 1, Workers: 4
[1305.402s][debug][gc,phases      ] GC(150)     Total                          Min: 11469, Avg: 12083.2, Max: 12480, Diff: 1011, Sum: 48333, Workers: 4
[1305.402s][debug][gc,phases      ] GC(150)   ResolvedMethodTable Weak       Min:  0.0, Avg:  0.0, Max:  0.0, Diff:  0.0, Sum:  0.1, Workers: 4
[1305.402s][debug][gc,phases      ] GC(150)     Dead                           Min: 0, Avg:  0.0, Max: 0, Diff: 0, Sum: 0, Workers: 4
[1305.402s][debug][gc,phases      ] GC(150)     Total                          Min: 1935, Avg: 2045.5, Max: 2148, Diff: 213, Sum: 8182, Workers: 4
[1305.402s][debug][gc,phases      ] GC(150)   JNI Weak                       Min:  0.0, Avg:  0.0, Max:  0.0, Diff:  0.0, Sum:  0.0, Workers: 4
[1305.402s][debug][gc,phases      ] GC(150)     Dead                           Min: 0, Avg:  0.0, Max: 0, Diff: 0, Sum: 0, Workers: 4
[1305.402s][debug][gc,phases      ] GC(150)     Total                          Min: 0, Avg:  0.0, Max: 0, Diff: 0, Sum: 0, Workers: 4
[1305.402s][debug][gc,phases      ] GC(150)   StringDedup Table Weak         Min:  0.0, Avg:  0.0, Max:  0.0, Diff:  0.0, Sum:  0.0, Workers: 4
[1305.402s][debug][gc,phases      ] GC(150)     Dead                           Min: 0, Avg:  0.0, Max: 0, Diff: 0, Sum: 0, Workers: 4
[1305.402s][debug][gc,phases      ] GC(150)     Total                          Min: 0, Avg:  0.0, Max: 0, Diff: 0, Sum: 0, Workers: 4
[1305.402s][debug][gc,phases      ] GC(150)   StringDedup Requests0 Weak     Min:  0.0, Avg:  0.0, Max:  0.0, Diff:  0.0, Sum:  0.0, Workers: 4
[1305.402s][debug][gc,phases      ] GC(150)     Dead                           Min: 0, Avg:  0.0, Max: 0, Diff: 0, Sum: 0, Workers: 4
[1305.402s][debug][gc,phases      ] GC(150)     Total                          Min: 0, Avg:  0.0, Max: 0, Diff: 0, Sum: 0, Workers: 4
[1305.402s][debug][gc,phases      ] GC(150)   StringDedup Requests1 Weak     Min:  0.0, Avg:  0.0, Max:  0.0, Diff:  0.0, Sum:  0.0, Workers: 4
[1305.402s][debug][gc,phases      ] GC(150)     Dead                           Min: 0, Avg:  0.0, Max: 0, Diff: 0, Sum: 0, Workers: 4
[1305.402s][debug][gc,phases      ] GC(150)     Total                          Min: 0, Avg:  0.0, Max: 0, Diff: 0, Sum: 0, Workers: 4
[1305.402s][debug][gc,phases      ] GC(150)   Weak JFR Old Object Samples    Min:  0.0, Avg:  0.0, Max:  0.0, Diff:  0.0, Sum:  0.0, Workers: 4
[1305.402s][debug][gc,phases      ] GC(150)     Dead                           Min: 0, Avg:  0.0, Max: 0, Diff: 0, Sum: 0, Workers: 4
[1305.402s][debug][gc,phases      ] GC(150)     Total                          Min: 0, Avg:  0.0, Max: 0, Diff: 0, Sum: 0, Workers: 4
[1305.402s][debug][gc,phases      ] GC(150) Weak Processing 0.303ms
[1305.402s][debug][gc,age         ] GC(150) Desired survivor size 143130624 bytes, new threshold 15 (max threshold 15)
[1305.402s][info ][gc,heap        ] GC(150) PSYoungGen: 1817248K(1955328K)->752K(1956864K) Eden: 1816576K(1816576K)->0K(1816576K) From: 672K(138752K)->752K(140288K)
[1305.402s][info ][gc,heap        ] GC(150) ParOldGen: 474402K(590336K)->474402K(590336K)
[1305.402s][info ][gc,metaspace   ] GC(150) Metaspace: 82732K(83584K)->82732K(83584K) NonClass: 71082K(71552K)->71082K(71552K) Class: 11649K(12032K)->11649K(12032K)
[1305.402s][info ][gc             ] GC(150) Pause Young (Allocation Failure) 2237M->464M(2487M) 2.720ms
[1305.402s][info ][gc,cpu         ] GC(150) User=0.01s Sys=0.00s Real=0.00s
[1305.402s][info ][safepoint      ] Safepoint "ParallelGCFailedAllocation", Time since last: 2586765354 ns, Reaching safepoint: 54502 ns, At safepoint: 2801566 ns, Total: 2856068 ns
[1310.402s][info ][safepoint      ] Safepoint "Cleanup", Time since last: 5000331883 ns, Reaching safepoint: 54201 ns, At safepoint: 6900 ns, Total: 61101 ns
[1313.403s][info ][safepoint      ] Safepoint "Cleanup", Time since last: 3000220588 ns, Reaching safepoint: 45801 ns, At safepoint: 4400 ns, Total: 50201 ns
[1316.403s][info ][safepoint      ] Safepoint "Cleanup", Time since last: 3000243687 ns, Reaching safepoint: 63701 ns, At safepoint: 2800 ns, Total: 66501 ns
[1318.403s][info ][safepoint      ] Safepoint "Cleanup", Time since last: 2000179991 ns, Reaching safepoint: 45601 ns, At safepoint: 3000 ns, Total: 48601 ns
[1319.403s][info ][safepoint      ] Safepoint "Cleanup", Time since last: 1000109295 ns, Reaching safepoint: 51302 ns, At safepoint: 5300 ns, Total: 56602 ns
[1320.404s][info ][safepoint      ] Safepoint "Cleanup", Time since last: 1000103395 ns, Reaching safepoint: 268406 ns, At safepoint: 10500 ns, Total: 278906 ns
[1320.865s][info ][safepoint      ] Safepoint "ICBufferFull", Time since last: 460881266 ns, Reaching safepoint: 216905 ns, At safepoint: 4500 ns, Total: 221405 ns
[1321.259s][info ][gc,start       ] GC(151) Pause Young (Allocation Failure)
[1321.271s][debug][gc,phases      ] GC(151) Scavenge 11.647ms
[1321.271s][debug][gc,ref         ] GC(151) Skipped phase 1 of Reference Processing: no references
[1321.271s][debug][gc,ref         ] GC(151) ReferenceProcessor::execute queues: 1, RefProcThreadModel::Single, marks_oops_alive: false
[1321.271s][debug][gc,ref         ] GC(151) Skipped phase 3 of Reference Processing: no references
[1321.271s][debug][gc,ref         ] GC(151) ReferenceProcessor::execute queues: 1, RefProcThreadModel::Single, marks_oops_alive: false
[1321.271s][debug][gc,phases      ] GC(151) Reference Processing 0.127ms
[1321.271s][debug][gc,phases      ] GC(151)   VM Weak                        Min:  0.0, Avg:  0.0, Max:  0.0, Diff:  0.0, Sum:  0.0, Workers: 4
[1321.271s][debug][gc,phases      ] GC(151)     Dead                           Min: 0, Avg:  0.0, Max: 0, Diff: 0, Sum: 0, Workers: 4
[1321.271s][debug][gc,phases      ] GC(151)     Total                          Min: 0, Avg: 179.2, Max: 397, Diff: 397, Sum: 717, Workers: 4
[1321.271s][debug][gc,phases      ] GC(151)   ObjectSynchronizer Weak        Min:  0.0, Avg:  0.0, Max:  0.0, Diff:  0.0, Sum:  0.0, Workers: 4
[1321.271s][debug][gc,phases      ] GC(151)     Dead                           Min: 0, Avg:  0.2, Max: 1, Diff: 1, Sum: 1, Workers: 4
[1321.271s][debug][gc,phases      ] GC(151)     Total                          Min: 0, Avg: 97.8, Max: 256, Diff: 256, Sum: 391, Workers: 4
[1321.271s][debug][gc,phases      ] GC(151)   JVMTI Tag Weak OopStorage      Min:  0.0, Avg:  0.0, Max:  0.0, Diff:  0.0, Sum:  0.0, Workers: 4
[1321.271s][debug][gc,phases      ] GC(151)     Dead                           Min: 0, Avg:  0.0, Max: 0, Diff: 0, Sum: 0, Workers: 4
[1321.271s][debug][gc,phases      ] GC(151)     Total                          Min: 0, Avg:  0.0, Max: 0, Diff: 0, Sum: 0, Workers: 4
[1321.271s][debug][gc,phases      ] GC(151)   StringTable Weak               Min:  0.1, Avg:  0.1, Max:  0.1, Diff:  0.0, Sum:  0.5, Workers: 4
[1321.271s][debug][gc,phases      ] GC(151)     Dead                           Min: 1, Avg:  1.5, Max: 2, Diff: 1, Sum: 6, Workers: 4
[1321.271s][debug][gc,phases      ] GC(151)     Total                          Min: 11199, Avg: 12131.0, Max: 12749, Diff: 1550, Sum: 48524, Workers: 4
[1321.271s][debug][gc,phases      ] GC(151)   ResolvedMethodTable Weak       Min:  0.0, Avg:  0.0, Max:  0.0, Diff:  0.0, Sum:  0.1, Workers: 4
[1321.271s][debug][gc,phases      ] GC(151)     Dead                           Min: 2, Avg: 10.5, Max: 26, Diff: 24, Sum: 42, Workers: 4
[1321.271s][debug][gc,phases      ] GC(151)     Total                          Min: 1856, Avg: 2119.8, Max: 2463, Diff: 607, Sum: 8479, Workers: 4
[1321.271s][debug][gc,phases      ] GC(151)   JNI Weak                       Min:  0.0, Avg:  0.0, Max:  0.0, Diff:  0.0, Sum:  0.0, Workers: 4
[1321.271s][debug][gc,phases      ] GC(151)     Dead                           Min: 0, Avg:  0.0, Max: 0, Diff: 0, Sum: 0, Workers: 4
[1321.271s][debug][gc,phases      ] GC(151)     Total                          Min: 0, Avg:  7.2, Max: 29, Diff: 29, Sum: 29, Workers: 4
[1321.271s][debug][gc,phases      ] GC(151)   StringDedup Table Weak         Min:  0.0, Avg:  0.0, Max:  0.0, Diff:  0.0, Sum:  0.0, Workers: 4
[1321.271s][debug][gc,phases      ] GC(151)     Dead                           Min: 0, Avg:  0.0, Max: 0, Diff: 0, Sum: 0, Workers: 4
[1321.271s][debug][gc,phases      ] GC(151)     Total                          Min: 0, Avg:  0.0, Max: 0, Diff: 0, Sum: 0, Workers: 4
[1321.271s][debug][gc,phases      ] GC(151)   StringDedup Requests0 Weak     Min:  0.0, Avg:  0.0, Max:  0.0, Diff:  0.0, Sum:  0.0, Workers: 4
[1321.271s][debug][gc,phases      ] GC(151)     Dead                           Min: 0, Avg:  0.0, Max: 0, Diff: 0, Sum: 0, Workers: 4
[1321.271s][debug][gc,phases      ] GC(151)     Total                          Min: 0, Avg:  0.0, Max: 0, Diff: 0, Sum: 0, Workers: 4
[1321.271s][debug][gc,phases      ] GC(151)   StringDedup Requests1 Weak     Min:  0.0, Avg:  0.0, Max:  0.0, Diff:  0.0, Sum:  0.0, Workers: 4
[1321.271s][debug][gc,phases      ] GC(151)     Dead                           Min: 0, Avg:  0.0, Max: 0, Diff: 0, Sum: 0, Workers: 4
[1321.271s][debug][gc,phases      ] GC(151)     Total                          Min: 0, Avg:  0.0, Max: 0, Diff: 0, Sum: 0, Workers: 4
[1321.271s][debug][gc,phases      ] GC(151)   Weak JFR Old Object Samples    Min:  0.0, Avg:  0.0, Max:  0.0, Diff:  0.0, Sum:  0.0, Workers: 4
[1321.271s][debug][gc,phases      ] GC(151)     Dead                           Min: 0, Avg:  0.0, Max: 0, Diff: 0, Sum: 0, Workers: 4
[1321.271s][debug][gc,phases      ] GC(151)     Total                          Min: 0, Avg:  0.0, Max: 0, Diff: 0, Sum: 0, Workers: 4
[1321.271s][debug][gc,phases      ] GC(151) Weak Processing 0.353ms
[1321.271s][debug][gc,age         ] GC(151) Desired survivor size 137363456 bytes, new threshold 15 (max threshold 15)
[1321.271s][info ][gc,heap        ] GC(151) PSYoungGen: 1817328K(1956864K)->24000K(1963008K) Eden: 1816576K(1816576K)->0K(1823232K) From: 752K(140288K)->24000K(139776K)
[1321.271s][info ][gc,heap        ] GC(151) ParOldGen: 474402K(590336K)->474410K(590336K)
[1321.271s][info ][gc,metaspace   ] GC(151) Metaspace: 83566K(84416K)->83566K(84416K) NonClass: 71788K(72256K)->71788K(72256K) Class: 11778K(12160K)->11778K(12160K)
[1321.271s][info ][gc             ] GC(151) Pause Young (Allocation Failure) 2238M->486M(2493M) 12.264ms
[1321.271s][info ][gc,cpu         ] GC(151) User=0.06s Sys=0.00s Real=0.01s
[1321.271s][info ][safepoint      ] Safepoint "ParallelGCFailedAllocation", Time since last: 393955573 ns, Reaching safepoint: 212305 ns, At safepoint: 12356994 ns, Total: 12569299 ns
[1322.102s][info ][safepoint      ] Safepoint "ICBufferFull", Time since last: 830254254 ns, Reaching safepoint: 176504 ns, At safepoint: 16300 ns, Total: 192804 ns
[1322.734s][info ][safepoint      ] Safepoint "ICBufferFull", Time since last: 631590027 ns, Reaching safepoint: 285507 ns, At safepoint: 15500 ns, Total: 301007 ns
[1322.994s][info ][safepoint      ] Safepoint "ICBufferFull", Time since last: 260332294 ns, Reaching safepoint: 290607 ns, At safepoint: 8200 ns, Total: 298807 ns
[1323.384s][info ][safepoint      ] Safepoint "ICBufferFull", Time since last: 389390265 ns, Reaching safepoint: 239105 ns, At safepoint: 14401 ns, Total: 253506 ns
[1323.863s][info ][safepoint      ] Safepoint "ICBufferFull", Time since last: 478437483 ns, Reaching safepoint: 279406 ns, At safepoint: 9500 ns, Total: 288906 ns
[1324.696s][info ][gc,start       ] GC(152) Pause Young (Allocation Failure)
[1324.710s][debug][gc,phases      ] GC(152) Scavenge 13.923ms
[1324.710s][debug][gc,ref         ] GC(152) Skipped phase 1 of Reference Processing: no references
[1324.710s][debug][gc,ref         ] GC(152) ReferenceProcessor::execute queues: 1, RefProcThreadModel::Single, marks_oops_alive: false
[1324.710s][debug][gc,ref         ] GC(152) Skipped phase 3 of Reference Processing: no references
[1324.710s][debug][gc,ref         ] GC(152) ReferenceProcessor::execute queues: 1, RefProcThreadModel::Single, marks_oops_alive: false
[1324.710s][debug][gc,phases      ] GC(152) Reference Processing 0.177ms
[1324.710s][debug][gc,phases      ] GC(152)   VM Weak                        Min:  0.0, Avg:  0.0, Max:  0.0, Diff:  0.0, Sum:  0.0, Workers: 4
[1324.710s][debug][gc,phases      ] GC(152)     Dead                           Min: 0, Avg:  0.0, Max: 0, Diff: 0, Sum: 0, Workers: 4
[1324.710s][debug][gc,phases      ] GC(152)     Total                          Min: 0, Avg: 184.2, Max: 448, Diff: 448, Sum: 737, Workers: 4
[1324.710s][debug][gc,phases      ] GC(152)   ObjectSynchronizer Weak        Min:  0.0, Avg:  0.0, Max:  0.0, Diff:  0.0, Sum:  0.0, Workers: 4
[1324.710s][debug][gc,phases      ] GC(152)     Dead                           Min: 0, Avg:  0.0, Max: 0, Diff: 0, Sum: 0, Workers: 4
[1324.710s][debug][gc,phases      ] GC(152)     Total                          Min: 0, Avg: 97.8, Max: 135, Diff: 135, Sum: 391, Workers: 4
[1324.710s][debug][gc,phases      ] GC(152)   JVMTI Tag Weak OopStorage      Min:  0.0, Avg:  0.0, Max:  0.0, Diff:  0.0, Sum:  0.0, Workers: 4
[1324.710s][debug][gc,phases      ] GC(152)     Dead                           Min: 0, Avg:  0.0, Max: 0, Diff: 0, Sum: 0, Workers: 4
[1324.710s][debug][gc,phases      ] GC(152)     Total                          Min: 0, Avg:  0.0, Max: 0, Diff: 0, Sum: 0, Workers: 4
[1324.710s][debug][gc,phases      ] GC(152)   StringTable Weak               Min:  0.1, Avg:  0.1, Max:  0.1, Diff:  0.0, Sum:  0.5, Workers: 4
[1324.710s][debug][gc,phases      ] GC(152)     Dead                           Min: 0, Avg:  0.5, Max: 2, Diff: 2, Sum: 2, Workers: 4
[1324.710s][debug][gc,phases      ] GC(152)     Total                          Min: 10997, Avg: 12173.2, Max: 13760, Diff: 2763, Sum: 48693, Workers: 4
[1324.710s][debug][gc,phases      ] GC(152)   ResolvedMethodTable Weak       Min:  0.0, Avg:  0.0, Max:  0.0, Diff:  0.0, Sum:  0.1, Workers: 4
[1324.710s][debug][gc,phases      ] GC(152)     Dead                           Min: 0, Avg:  0.0, Max: 0, Diff: 0, Sum: 0, Workers: 4
[1324.710s][debug][gc,phases      ] GC(152)     Total                          Min: 1984, Avg: 2171.8, Max: 2624, Diff: 640, Sum: 8687, Workers: 4
[1324.710s][debug][gc,phases      ] GC(152)   JNI Weak                       Min:  0.0, Avg:  0.0, Max:  0.0, Diff:  0.0, Sum:  0.0, Workers: 4
[1324.710s][debug][gc,phases      ] GC(152)     Dead                           Min: 0, Avg:  0.0, Max: 0, Diff: 0, Sum: 0, Workers: 4
[1324.710s][debug][gc,phases      ] GC(152)     Total                          Min: 0, Avg:  2.8, Max: 11, Diff: 11, Sum: 11, Workers: 4
[1324.710s][debug][gc,phases      ] GC(152)   StringDedup Table Weak         Min:  0.0, Avg:  0.0, Max:  0.0, Diff:  0.0, Sum:  0.0, Workers: 4
[1324.710s][debug][gc,phases      ] GC(152)     Dead                           Min: 0, Avg:  0.0, Max: 0, Diff: 0, Sum: 0, Workers: 4
[1324.710s][debug][gc,phases      ] GC(152)     Total                          Min: 0, Avg:  0.0, Max: 0, Diff: 0, Sum: 0, Workers: 4
[1324.710s][debug][gc,phases      ] GC(152)   StringDedup Requests0 Weak     Min:  0.0, Avg:  0.0, Max:  0.0, Diff:  0.0, Sum:  0.0, Workers: 4
[1324.710s][debug][gc,phases      ] GC(152)     Dead                           Min: 0, Avg:  0.0, Max: 0, Diff: 0, Sum: 0, Workers: 4
[1324.710s][debug][gc,phases      ] GC(152)     Total                          Min: 0, Avg:  0.0, Max: 0, Diff: 0, Sum: 0, Workers: 4
[1324.710s][debug][gc,phases      ] GC(152)   StringDedup Requests1 Weak     Min:  0.0, Avg:  0.0, Max:  0.0, Diff:  0.0, Sum:  0.0, Workers: 4
[1324.710s][debug][gc,phases      ] GC(152)     Dead                           Min: 0, Avg:  0.0, Max: 0, Diff: 0, Sum: 0, Workers: 4
[1324.710s][debug][gc,phases      ] GC(152)     Total                          Min: 0, Avg:  0.0, Max: 0, Diff: 0, Sum: 0, Workers: 4
[1324.710s][debug][gc,phases      ] GC(152)   Weak JFR Old Object Samples    Min:  0.0, Avg:  0.0, Max:  0.0, Diff:  0.0, Sum:  0.0, Workers: 4
[1324.710s][debug][gc,phases      ] GC(152)     Dead                           Min: 0, Avg:  0.0, Max: 0, Diff: 0, Sum: 0, Workers: 4
[1324.710s][debug][gc,phases      ] GC(152)     Total                          Min: 0, Avg:  0.0, Max: 0, Diff: 0, Sum: 0, Workers: 4
[1324.710s][debug][gc,phases      ] GC(152) Weak Processing 0.331ms
[1324.710s][debug][gc,age         ] GC(152) Desired survivor size 130023424 bytes, new threshold 15 (max threshold 15)
[1324.710s][info ][gc,heap        ] GC(152) PSYoungGen: 1847232K(1963008K)->35074K(1957376K) Eden: 1823232K(1823232K)->0K(1823232K) From: 24000K(139776K)->35074K(134144K)
[1324.710s][info ][gc,heap        ] GC(152) ParOldGen: 474410K(590336K)->474418K(590336K)
[1324.710s][info ][gc,metaspace   ] GC(152) Metaspace: 84398K(85248K)->84398K(85248K) NonClass: 72514K(72960K)->72514K(72960K) Class: 11884K(12288K)->11884K(12288K)
[1324.710s][info ][gc             ] GC(152) Pause Young (Allocation Failure) 2267M->497M(2488M) 14.568ms
[1324.710s][info ][gc,cpu         ] GC(152) User=0.06s Sys=0.00s Real=0.01s
[1324.710s][info ][safepoint      ] Safepoint "ParallelGCFailedAllocation", Time since last: 832790414 ns, Reaching safepoint: 241106 ns, At safepoint: 14662348 ns, Total: 14903454 ns
[1325.690s][info ][safepoint      ] Safepoint "ICBufferFull", Time since last: 979940615 ns, Reaching safepoint: 224405 ns, At safepoint: 8900 ns, Total: 233305 ns
[1326.831s][info ][safepoint      ] Safepoint "Cleanup", Time since last: 1140539335 ns, Reaching safepoint: 224806 ns, At safepoint: 15300 ns, Total: 240106 ns
[1327.832s][info ][safepoint      ] Safepoint "Cleanup", Time since last: 1000112894 ns, Reaching safepoint: 276506 ns, At safepoint: 19901 ns, Total: 296407 ns
[1328.727s][info ][gc,start       ] GC(153) Pause Young (Allocation Failure)
[1328.764s][debug][gc,phases      ] GC(153) Scavenge 36.718ms
[1328.764s][debug][gc,ref         ] GC(153) Skipped phase 1 of Reference Processing: no references
[1328.764s][debug][gc,ref         ] GC(153) ReferenceProcessor::execute queues: 1, RefProcThreadModel::Single, marks_oops_alive: false
[1328.764s][debug][gc,ref         ] GC(153) Skipped phase 3 of Reference Processing: no references
[1328.764s][debug][gc,ref         ] GC(153) ReferenceProcessor::execute queues: 1, RefProcThreadModel::Single, marks_oops_alive: false
[1328.764s][debug][gc,phases      ] GC(153) Reference Processing 0.164ms
[1328.764s][debug][gc,phases      ] GC(153)   VM Weak                        Min:  0.0, Avg:  0.0, Max:  0.0, Diff:  0.0, Sum:  0.0, Workers: 4
[1328.764s][debug][gc,phases      ] GC(153)     Dead                           Min: 0, Avg:  0.0, Max: 0, Diff: 0, Sum: 0, Workers: 4
[1328.764s][debug][gc,phases      ] GC(153)     Total                          Min: 0, Avg: 186.0, Max: 744, Diff: 744, Sum: 744, Workers: 4
[1328.764s][debug][gc,phases      ] GC(153)   ObjectSynchronizer Weak        Min:  0.0, Avg:  0.0, Max:  0.0, Diff:  0.0, Sum:  0.0, Workers: 4
[1328.764s][debug][gc,phases      ] GC(153)     Dead                           Min: 0, Avg:  0.0, Max: 0, Diff: 0, Sum: 0, Workers: 4
[1328.764s][debug][gc,phases      ] GC(153)     Total                          Min: 0, Avg: 97.8, Max: 192, Diff: 192, Sum: 391, Workers: 4
[1328.764s][debug][gc,phases      ] GC(153)   JVMTI Tag Weak OopStorage      Min:  0.0, Avg:  0.0, Max:  0.0, Diff:  0.0, Sum:  0.0, Workers: 4
[1328.764s][debug][gc,phases      ] GC(153)     Dead                           Min: 0, Avg:  0.0, Max: 0, Diff: 0, Sum: 0, Workers: 4
[1328.764s][debug][gc,phases      ] GC(153)     Total                          Min: 0, Avg:  0.0, Max: 0, Diff: 0, Sum: 0, Workers: 4
[1328.764s][debug][gc,phases      ] GC(153)   StringTable Weak               Min:  0.1, Avg:  0.1, Max:  0.1, Diff:  0.0, Sum:  0.4, Workers: 4
[1328.764s][debug][gc,phases      ] GC(153)     Dead                           Min: 0, Avg:  0.2, Max: 1, Diff: 1, Sum: 1, Workers: 4
[1328.764s][debug][gc,phases      ] GC(153)     Total                          Min: 10880, Avg: 12200.5, Max: 13952, Diff: 3072, Sum: 48802, Workers: 4
[1328.764s][debug][gc,phases      ] GC(153)   ResolvedMethodTable Weak       Min:  0.0, Avg:  0.0, Max:  0.0, Diff:  0.0, Sum:  0.1, Workers: 4
[1328.764s][debug][gc,phases      ] GC(153)     Dead                           Min: 0, Avg:  0.0, Max: 0, Diff: 0, Sum: 0, Workers: 4
[1328.764s][debug][gc,phases      ] GC(153)     Total                          Min: 2048, Avg: 2213.5, Max: 2390, Diff: 342, Sum: 8854, Workers: 4
[1328.764s][debug][gc,phases      ] GC(153)   JNI Weak                       Min:  0.0, Avg:  0.0, Max:  0.0, Diff:  0.0, Sum:  0.0, Workers: 4
[1328.764s][debug][gc,phases      ] GC(153)     Dead                           Min: 0, Avg:  0.0, Max: 0, Diff: 0, Sum: 0, Workers: 4
[1328.764s][debug][gc,phases      ] GC(153)     Total                          Min: 0, Avg:  0.5, Max: 2, Diff: 2, Sum: 2, Workers: 4
[1328.764s][debug][gc,phases      ] GC(153)   StringDedup Table Weak         Min:  0.0, Avg:  0.0, Max:  0.0, Diff:  0.0, Sum:  0.0, Workers: 4
[1328.764s][debug][gc,phases      ] GC(153)     Dead                           Min: 0, Avg:  0.0, Max: 0, Diff: 0, Sum: 0, Workers: 4
[1328.764s][debug][gc,phases      ] GC(153)     Total                          Min: 0, Avg:  0.0, Max: 0, Diff: 0, Sum: 0, Workers: 4
[1328.764s][debug][gc,phases      ] GC(153)   StringDedup Requests0 Weak     Min:  0.0, Avg:  0.0, Max:  0.0, Diff:  0.0, Sum:  0.0, Workers: 4
[1328.764s][debug][gc,phases      ] GC(153)     Dead                           Min: 0, Avg:  0.0, Max: 0, Diff: 0, Sum: 0, Workers: 4
[1328.764s][debug][gc,phases      ] GC(153)     Total                          Min: 0, Avg:  0.0, Max: 0, Diff: 0, Sum: 0, Workers: 4
[1328.764s][debug][gc,phases      ] GC(153)   StringDedup Requests1 Weak     Min:  0.0, Avg:  0.0, Max:  0.0, Diff:  0.0, Sum:  0.0, Workers: 4
[1328.764s][debug][gc,phases      ] GC(153)     Dead                           Min: 0, Avg:  0.0, Max: 0, Diff: 0, Sum: 0, Workers: 4
[1328.764s][debug][gc,phases      ] GC(153)     Total                          Min: 0, Avg:  0.0, Max: 0, Diff: 0, Sum: 0, Workers: 4
[1328.764s][debug][gc,phases      ] GC(153)   Weak JFR Old Object Samples    Min:  0.0, Avg:  0.0, Max:  0.0, Diff:  0.0, Sum:  0.0, Workers: 4
[1328.764s][debug][gc,phases      ] GC(153)     Dead                           Min: 0, Avg:  0.0, Max: 0, Diff: 0, Sum: 0, Workers: 4
[1328.764s][debug][gc,phases      ] GC(153)     Total                          Min: 0, Avg:  0.0, Max: 0, Diff: 0, Sum: 0, Workers: 4
[1328.764s][debug][gc,phases      ] GC(153) Weak Processing 0.336ms
[1328.764s][debug][gc,age         ] GC(153) Desired survivor size 138412032 bytes, new threshold 15 (max threshold 15)
[1328.764s][info ][gc,heap        ] GC(153) PSYoungGen: 1858306K(1957376K)->87602K(1953792K) Eden: 1823232K(1823232K)->0K(1826816K) From: 35074K(134144K)->87602K(126976K)
[1328.764s][info ][gc,heap        ] GC(153) ParOldGen: 474418K(590336K)->474426K(590336K)
[1328.764s][info ][gc,metaspace   ] GC(153) Metaspace: 84849K(85824K)->84849K(85824K) NonClass: 72885K(73408K)->72885K(73408K) Class: 11963K(12416K)->11963K(12416K)
[1328.764s][info ][gc             ] GC(153) Pause Young (Allocation Failure) 2278M->548M(2484M) 37.379ms
[1328.764s][info ][gc,cpu         ] GC(153) User=0.15s Sys=0.00s Real=0.04s
[1328.764s][info ][safepoint      ] Safepoint "ParallelGCFailedAllocation", Time since last: 895059794 ns, Reaching safepoint: 197605 ns, At safepoint: 37488092 ns, Total: 37685697 ns
[1329.765s][info ][safepoint      ] Safepoint "Cleanup", Time since last: 1000095293 ns, Reaching safepoint: 113302 ns, At safepoint: 16201 ns, Total: 129503 ns
[1331.439s][info ][safepoint      ] Safepoint "Cleanup", Time since last: 1674262231 ns, Reaching safepoint: 254006 ns, At safepoint: 20601 ns, Total: 274607 ns
[1332.439s][info ][safepoint      ] Safepoint "Cleanup", Time since last: 1000112692 ns, Reaching safepoint: 63602 ns, At safepoint: 6600 ns, Total: 70202 ns
[1333.440s][info ][safepoint      ] Safepoint "Cleanup", Time since last: 1000107693 ns, Reaching safepoint: 74401 ns, At safepoint: 6101 ns, Total: 80502 ns
[1335.440s][info ][safepoint      ] Safepoint "Cleanup", Time since last: 2000195384 ns, Reaching safepoint: 60801 ns, At safepoint: 13200 ns, Total: 74001 ns
[1335.494s][info ][gc,start       ] GC(154) Pause Young (Allocation Failure)
[1335.527s][debug][gc,phases      ] GC(154) Scavenge 32.935ms
[1335.527s][debug][gc,ref         ] GC(154) Skipped phase 1 of Reference Processing: no references
[1335.527s][debug][gc,ref         ] GC(154) ReferenceProcessor::execute queues: 1, RefProcThreadModel::Single, marks_oops_alive: false
[1335.527s][debug][gc,ref         ] GC(154) Skipped phase 3 of Reference Processing: no references
[1335.527s][debug][gc,ref         ] GC(154) ReferenceProcessor::execute queues: 1, RefProcThreadModel::Single, marks_oops_alive: false
[1335.527s][debug][gc,phases      ] GC(154) Reference Processing 0.140ms
[1335.528s][debug][gc,phases      ] GC(154)   VM Weak                        Min:  0.0, Avg:  0.0, Max:  0.0, Diff:  0.0, Sum:  0.0, Workers: 4
[1335.528s][debug][gc,phases      ] GC(154)     Dead                           Min: 0, Avg:  0.0, Max: 0, Diff: 0, Sum: 0, Workers: 4
[1335.528s][debug][gc,phases      ] GC(154)     Total                          Min: 0, Avg: 186.0, Max: 448, Diff: 448, Sum: 744, Workers: 4
[1335.528s][debug][gc,phases      ] GC(154)   ObjectSynchronizer Weak        Min:  0.0, Avg:  0.0, Max:  0.0, Diff:  0.0, Sum:  0.0, Workers: 4
[1335.528s][debug][gc,phases      ] GC(154)     Dead                           Min: 0, Avg:  0.0, Max: 0, Diff: 0, Sum: 0, Workers: 4
[1335.528s][debug][gc,phases      ] GC(154)     Total                          Min: 0, Avg: 97.8, Max: 263, Diff: 263, Sum: 391, Workers: 4
[1335.528s][debug][gc,phases      ] GC(154)   JVMTI Tag Weak OopStorage      Min:  0.0, Avg:  0.0, Max:  0.0, Diff:  0.0, Sum:  0.0, Workers: 4
[1335.528s][debug][gc,phases      ] GC(154)     Dead                           Min: 0, Avg:  0.0, Max: 0, Diff: 0, Sum: 0, Workers: 4
[1335.528s][debug][gc,phases      ] GC(154)     Total                          Min: 0, Avg:  0.0, Max: 0, Diff: 0, Sum: 0, Workers: 4
[1335.528s][debug][gc,phases      ] GC(154)   StringTable Weak               Min:  0.1, Avg:  0.1, Max:  0.1, Diff:  0.0, Sum:  0.5, Workers: 4
[1335.528s][debug][gc,phases      ] GC(154)     Dead                           Min: 0, Avg:  0.0, Max: 0, Diff: 0, Sum: 0, Workers: 4
[1335.528s][debug][gc,phases      ] GC(154)     Total                          Min: 10944, Avg: 12208.0, Max: 13248, Diff: 2304, Sum: 48832, Workers: 4
[1335.528s][debug][gc,phases      ] GC(154)   ResolvedMethodTable Weak       Min:  0.0, Avg:  0.0, Max:  0.0, Diff:  0.0, Sum:  0.1, Workers: 4
[1335.528s][debug][gc,phases      ] GC(154)     Dead                           Min: 0, Avg:  0.0, Max: 0, Diff: 0, Sum: 0, Workers: 4
[1335.528s][debug][gc,phases      ] GC(154)     Total                          Min: 2012, Avg: 2215.0, Max: 2432, Diff: 420, Sum: 8860, Workers: 4
[1335.528s][debug][gc,phases      ] GC(154)   JNI Weak                       Min:  0.0, Avg:  0.0, Max:  0.0, Diff:  0.0, Sum:  0.0, Workers: 4
[1335.528s][debug][gc,phases      ] GC(154)     Dead                           Min: 0, Avg:  0.0, Max: 0, Diff: 0, Sum: 0, Workers: 4
[1335.528s][debug][gc,phases      ] GC(154)     Total                          Min: 0, Avg:  0.0, Max: 0, Diff: 0, Sum: 0, Workers: 4
[1335.528s][debug][gc,phases      ] GC(154)   StringDedup Table Weak         Min:  0.0, Avg:  0.0, Max:  0.0, Diff:  0.0, Sum:  0.0, Workers: 4
[1335.528s][debug][gc,phases      ] GC(154)     Dead                           Min: 0, Avg:  0.0, Max: 0, Diff: 0, Sum: 0, Workers: 4
[1335.528s][debug][gc,phases      ] GC(154)     Total                          Min: 0, Avg:  0.0, Max: 0, Diff: 0, Sum: 0, Workers: 4
[1335.528s][debug][gc,phases      ] GC(154)   StringDedup Requests0 Weak     Min:  0.0, Avg:  0.0, Max:  0.0, Diff:  0.0, Sum:  0.0, Workers: 4
[1335.528s][debug][gc,phases      ] GC(154)     Dead                           Min: 0, Avg:  0.0, Max: 0, Diff: 0, Sum: 0, Workers: 4
[1335.528s][debug][gc,phases      ] GC(154)     Total                          Min: 0, Avg:  0.0, Max: 0, Diff: 0, Sum: 0, Workers: 4
[1335.528s][debug][gc,phases      ] GC(154)   StringDedup Requests1 Weak     Min:  0.0, Avg:  0.0, Max:  0.0, Diff:  0.0, Sum:  0.0, Workers: 4
[1335.528s][debug][gc,phases      ] GC(154)     Dead                           Min: 0, Avg:  0.0, Max: 0, Diff: 0, Sum: 0, Workers: 4
[1335.528s][debug][gc,phases      ] GC(154)     Total                          Min: 0, Avg:  0.0, Max: 0, Diff: 0, Sum: 0, Workers: 4
[1335.528s][debug][gc,phases      ] GC(154)   Weak JFR Old Object Samples    Min:  0.0, Avg:  0.0, Max:  0.0, Diff:  0.0, Sum:  0.0, Workers: 4
[1335.528s][debug][gc,phases      ] GC(154)     Dead                           Min: 0, Avg:  0.0, Max: 0, Diff: 0, Sum: 0, Workers: 4
[1335.528s][debug][gc,phases      ] GC(154)     Total                          Min: 0, Avg:  0.0, Max: 0, Diff: 0, Sum: 0, Workers: 4
[1335.528s][debug][gc,phases      ] GC(154) Weak Processing 0.359ms
[1335.528s][debug][gc,age         ] GC(154) Desired survivor size 147849216 bytes, new threshold 15 (max threshold 15)
[1335.528s][info ][gc,heap        ] GC(154) PSYoungGen: 1914418K(1953792K)->96258K(1923584K) Eden: 1826816K(1826816K)->0K(1826816K) From: 87602K(126976K)->96258K(96768K)
[1335.528s][info ][gc,heap        ] GC(154) ParOldGen: 474426K(590336K)->474434K(590336K)
[1335.528s][info ][gc,metaspace   ] GC(154) Metaspace: 84921K(85888K)->84921K(85888K) NonClass: 72955K(73472K)->72955K(73472K) Class: 11966K(12416K)->11966K(12416K)
[1335.528s][info ][gc             ] GC(154) Pause Young (Allocation Failure) 2332M->557M(2455M) 33.552ms
[1335.528s][info ][gc,cpu         ] GC(154) User=0.14s Sys=0.00s Real=0.03s
[1335.528s][info ][safepoint      ] Safepoint "ParallelGCFailedAllocation", Time since last: 54331793 ns, Reaching safepoint: 89902 ns, At safepoint: 33641500 ns, Total: 33731402 ns
[1337.301s][info ][safepoint      ] Safepoint "Cleanup", Time since last: 1772687571 ns, Reaching safepoint: 133503 ns, At safepoint: 7301 ns, Total: 140804 ns
[1338.301s][info ][safepoint      ] Safepoint "Cleanup", Time since last: 1000090391 ns, Reaching safepoint: 49201 ns, At safepoint: 14700 ns, Total: 63901 ns
[1339.301s][info ][safepoint      ] Safepoint "Cleanup", Time since last: 1000100892 ns, Reaching safepoint: 51601 ns, At safepoint: 6400 ns, Total: 58001 ns
[1340.868s][info ][safepoint      ] Safepoint "Cleanup", Time since last: 1566785472 ns, Reaching safepoint: 56001 ns, At safepoint: 16200 ns, Total: 72201 ns
[1341.868s][info ][safepoint      ] Safepoint "Cleanup", Time since last: 1000098291 ns, Reaching safepoint: 43201 ns, At safepoint: 9100 ns, Total: 52301 ns
[1342.868s][info ][safepoint      ] Safepoint "Cleanup", Time since last: 1000106491 ns, Reaching safepoint: 58001 ns, At safepoint: 6700 ns, Total: 64701 ns
[1343.868s][info ][safepoint      ] Safepoint "Cleanup", Time since last: 1000105591 ns, Reaching safepoint: 69602 ns, At safepoint: 5700 ns, Total: 75302 ns
[1344.869s][info ][safepoint      ] Safepoint "Cleanup", Time since last: 1000104290 ns, Reaching safepoint: 116503 ns, At safepoint: 7700 ns, Total: 124203 ns
[1346.869s][info ][safepoint      ] Safepoint "Cleanup", Time since last: 2000172479 ns, Reaching safepoint: 61501 ns, At safepoint: 13701 ns, Total: 75202 ns
[1347.869s][info ][safepoint      ] Safepoint "Cleanup", Time since last: 1000107989 ns, Reaching safepoint: 51502 ns, At safepoint: 2800 ns, Total: 54302 ns
[1348.869s][info ][safepoint      ] Safepoint "Cleanup", Time since last: 1000107189 ns, Reaching safepoint: 56402 ns, At safepoint: 10100 ns, Total: 66502 ns
[1349.869s][info ][safepoint      ] Safepoint "Cleanup", Time since last: 1000120090 ns, Reaching safepoint: 122502 ns, At safepoint: 9001 ns, Total: 131503 ns
[1350.694s][info ][gc,start       ] GC(155) Pause Young (Allocation Failure)
[1350.726s][debug][gc,phases      ] GC(155) Scavenge 31.464ms
[1350.726s][debug][gc,ref         ] GC(155) Skipped phase 1 of Reference Processing: no references
[1350.726s][debug][gc,ref         ] GC(155) ReferenceProcessor::execute queues: 1, RefProcThreadModel::Single, marks_oops_alive: false
[1350.726s][debug][gc,ref         ] GC(155) Skipped phase 3 of Reference Processing: no references
[1350.726s][debug][gc,ref         ] GC(155) ReferenceProcessor::execute queues: 1, RefProcThreadModel::Single, marks_oops_alive: false
[1350.726s][debug][gc,phases      ] GC(155) Reference Processing 0.165ms
[1350.726s][debug][gc,phases      ] GC(155)   VM Weak                        Min:  0.0, Avg:  0.0, Max:  0.0, Diff:  0.0, Sum:  0.0, Workers: 4
[1350.726s][debug][gc,phases      ] GC(155)     Dead                           Min: 0, Avg:  0.0, Max: 0, Diff: 0, Sum: 0, Workers: 4
[1350.726s][debug][gc,phases      ] GC(155)     Total                          Min: 0, Avg: 186.2, Max: 384, Diff: 384, Sum: 745, Workers: 4
[1350.726s][debug][gc,phases      ] GC(155)   ObjectSynchronizer Weak        Min:  0.0, Avg:  0.0, Max:  0.0, Diff:  0.0, Sum:  0.0, Workers: 4
[1350.726s][debug][gc,phases      ] GC(155)     Dead                           Min: 0, Avg:  0.0, Max: 0, Diff: 0, Sum: 0, Workers: 4
[1350.726s][debug][gc,phases      ] GC(155)     Total                          Min: 0, Avg: 97.8, Max: 199, Diff: 199, Sum: 391, Workers: 4
[1350.726s][debug][gc,phases      ] GC(155)   JVMTI Tag Weak OopStorage      Min:  0.0, Avg:  0.0, Max:  0.0, Diff:  0.0, Sum:  0.0, Workers: 4
[1350.726s][debug][gc,phases      ] GC(155)     Dead                           Min: 0, Avg:  0.0, Max: 0, Diff: 0, Sum: 0, Workers: 4
[1350.726s][debug][gc,phases      ] GC(155)     Total                          Min: 0, Avg:  0.0, Max: 0, Diff: 0, Sum: 0, Workers: 4
[1350.726s][debug][gc,phases      ] GC(155)   StringTable Weak               Min:  0.1, Avg:  0.1, Max:  0.1, Diff:  0.0, Sum:  0.5, Workers: 4
[1350.726s][debug][gc,phases      ] GC(155)     Dead                           Min: 0, Avg:  0.0, Max: 0, Diff: 0, Sum: 0, Workers: 4
[1350.726s][debug][gc,phases      ] GC(155)     Total                          Min: 11403, Avg: 12210.8, Max: 13568, Diff: 2165, Sum: 48843, Workers: 4
[1350.726s][debug][gc,phases      ] GC(155)   ResolvedMethodTable Weak       Min:  0.0, Avg:  0.0, Max:  0.0, Diff:  0.0, Sum:  0.1, Workers: 4
[1350.726s][debug][gc,phases      ] GC(155)     Dead                           Min: 0, Avg:  0.0, Max: 0, Diff: 0, Sum: 0, Workers: 4
[1350.726s][debug][gc,phases      ] GC(155)     Total                          Min: 1984, Avg: 2216.8, Max: 2432, Diff: 448, Sum: 8867, Workers: 4
[1350.726s][debug][gc,phases      ] GC(155)   JNI Weak                       Min:  0.0, Avg:  0.0, Max:  0.0, Diff:  0.0, Sum:  0.0, Workers: 4
[1350.726s][debug][gc,phases      ] GC(155)     Dead                           Min: 0, Avg:  0.0, Max: 0, Diff: 0, Sum: 0, Workers: 4
[1350.726s][debug][gc,phases      ] GC(155)     Total                          Min: 0, Avg:  0.0, Max: 0, Diff: 0, Sum: 0, Workers: 4
[1350.726s][debug][gc,phases      ] GC(155)   StringDedup Table Weak         Min:  0.0, Avg:  0.0, Max:  0.0, Diff:  0.0, Sum:  0.0, Workers: 4
[1350.726s][debug][gc,phases      ] GC(155)     Dead                           Min: 0, Avg:  0.0, Max: 0, Diff: 0, Sum: 0, Workers: 4
[1350.726s][debug][gc,phases      ] GC(155)     Total                          Min: 0, Avg:  0.0, Max: 0, Diff: 0, Sum: 0, Workers: 4
[1350.726s][debug][gc,phases      ] GC(155)   StringDedup Requests0 Weak     Min:  0.0, Avg:  0.0, Max:  0.0, Diff:  0.0, Sum:  0.0, Workers: 4
[1350.726s][debug][gc,phases      ] GC(155)     Dead                           Min: 0, Avg:  0.0, Max: 0, Diff: 0, Sum: 0, Workers: 4
[1350.726s][debug][gc,phases      ] GC(155)     Total                          Min: 0, Avg:  0.0, Max: 0, Diff: 0, Sum: 0, Workers: 4
[1350.726s][debug][gc,phases      ] GC(155)   StringDedup Requests1 Weak     Min:  0.0, Avg:  0.0, Max:  0.0, Diff:  0.0, Sum:  0.0, Workers: 4
[1350.726s][debug][gc,phases      ] GC(155)     Dead                           Min: 0, Avg:  0.0, Max: 0, Diff: 0, Sum: 0, Workers: 4
[1350.726s][debug][gc,phases      ] GC(155)     Total                          Min: 0, Avg:  0.0, Max: 0, Diff: 0, Sum: 0, Workers: 4
[1350.726s][debug][gc,phases      ] GC(155)   Weak JFR Old Object Samples    Min:  0.0, Avg:  0.0, Max:  0.0, Diff:  0.0, Sum:  0.0, Workers: 4
[1350.726s][debug][gc,phases      ] GC(155)     Dead                           Min: 0, Avg:  0.0, Max: 0, Diff: 0, Sum: 0, Workers: 4
[1350.726s][debug][gc,phases      ] GC(155)     Total                          Min: 0, Avg:  0.0, Max: 0, Diff: 0, Sum: 0, Workers: 4
[1350.726s][debug][gc,phases      ] GC(155) Weak Processing 0.345ms
[1350.726s][debug][gc,age         ] GC(155) Desired survivor size 154664960 bytes, new threshold 15 (max threshold 15)
[1350.726s][info ][gc,heap        ] GC(155) PSYoungGen: 1923074K(1923584K)->96258K(1939456K) Eden: 1826816K(1826816K)->0K(1795072K) From: 96258K(96768K)->96258K(144384K)
[1350.726s][info ][gc,heap        ] GC(155) ParOldGen: 474434K(590336K)->474442K(590336K)
[1350.726s][info ][gc,metaspace   ] GC(155) Metaspace: 85035K(86016K)->85035K(86016K) NonClass: 73065K(73600K)->73065K(73600K) Class: 11969K(12416K)->11969K(12416K)
[1350.726s][info ][gc             ] GC(155) Pause Young (Allocation Failure) 2341M->557M(2470M) 32.115ms
[1350.726s][info ][gc,cpu         ] GC(155) User=0.13s Sys=0.00s Real=0.03s
[1350.726s][info ][safepoint      ] Safepoint "ParallelGCFailedAllocation", Time since last: 824472811 ns, Reaching safepoint: 132003 ns, At safepoint: 32204466 ns, Total: 32336469 ns
[1353.727s][info ][safepoint      ] Safepoint "Cleanup", Time since last: 3000218964 ns, Reaching safepoint: 60002 ns, At safepoint: 29000 ns, Total: 89002 ns
[1354.727s][info ][safepoint      ] Safepoint "Cleanup", Time since last: 1000084688 ns, Reaching safepoint: 57002 ns, At safepoint: 7600 ns, Total: 64602 ns
[1356.727s][info ][safepoint      ] Safepoint "Cleanup", Time since last: 2000187176 ns, Reaching safepoint: 59301 ns, At safepoint: 3400 ns, Total: 62701 ns
[1357.727s][info ][safepoint      ] Safepoint "Cleanup", Time since last: 1000115488 ns, Reaching safepoint: 49801 ns, At safepoint: 2600 ns, Total: 52401 ns
[1359.727s][info ][safepoint      ] Safepoint "Cleanup", Time since last: 2000170075 ns, Reaching safepoint: 47401 ns, At safepoint: 3600 ns, Total: 51001 ns
[1360.728s][info ][safepoint      ] Safepoint "Cleanup", Time since last: 1000127488 ns, Reaching safepoint: 77901 ns, At safepoint: 11201 ns, Total: 89102 ns
[1361.728s][info ][safepoint      ] Safepoint "Cleanup", Time since last: 1000114987 ns, Reaching safepoint: 51901 ns, At safepoint: 3600 ns, Total: 55501 ns
[1362.728s][info ][safepoint      ] Safepoint "Cleanup", Time since last: 1000078487 ns, Reaching safepoint: 48801 ns, At safepoint: 3000 ns, Total: 51801 ns
[1363.728s][info ][safepoint      ] Safepoint "Cleanup", Time since last: 1000118187 ns, Reaching safepoint: 44901 ns, At safepoint: 3000 ns, Total: 47901 ns
[1366.728s][info ][safepoint      ] Safepoint "Cleanup", Time since last: 3000248057 ns, Reaching safepoint: 52402 ns, At safepoint: 3500 ns, Total: 55902 ns
[1367.295s][info ][gc,start       ] GC(156) Pause Young (Allocation Failure)
[1367.326s][debug][gc,phases      ] GC(156) Scavenge 31.109ms
[1367.326s][debug][gc,ref         ] GC(156) Skipped phase 1 of Reference Processing: no references
[1367.326s][debug][gc,ref         ] GC(156) ReferenceProcessor::execute queues: 1, RefProcThreadModel::Single, marks_oops_alive: false
[1367.326s][debug][gc,ref         ] GC(156) Skipped phase 3 of Reference Processing: no references
[1367.326s][debug][gc,ref         ] GC(156) ReferenceProcessor::execute queues: 1, RefProcThreadModel::Single, marks_oops_alive: false
[1367.326s][debug][gc,phases      ] GC(156) Reference Processing 0.152ms
[1367.326s][debug][gc,phases      ] GC(156)   VM Weak                        Min:  0.0, Avg:  0.0, Max:  0.0, Diff:  0.0, Sum:  0.0, Workers: 4
[1367.326s][debug][gc,phases      ] GC(156)     Dead                           Min: 0, Avg:  0.0, Max: 0, Diff: 0, Sum: 0, Workers: 4
[1367.326s][debug][gc,phases      ] GC(156)     Total                          Min: 0, Avg: 186.2, Max: 384, Diff: 384, Sum: 745, Workers: 4
[1367.326s][debug][gc,phases      ] GC(156)   ObjectSynchronizer Weak        Min:  0.0, Avg:  0.0, Max:  0.0, Diff:  0.0, Sum:  0.0, Workers: 4
[1367.326s][debug][gc,phases      ] GC(156)     Dead                           Min: 0, Avg:  0.0, Max: 0, Diff: 0, Sum: 0, Workers: 4
[1367.326s][debug][gc,phases      ] GC(156)     Total                          Min: 0, Avg: 97.8, Max: 199, Diff: 199, Sum: 391, Workers: 4
[1367.326s][debug][gc,phases      ] GC(156)   JVMTI Tag Weak OopStorage      Min:  0.0, Avg:  0.0, Max:  0.0, Diff:  0.0, Sum:  0.0, Workers: 4
[1367.326s][debug][gc,phases      ] GC(156)     Dead                           Min: 0, Avg:  0.0, Max: 0, Diff: 0, Sum: 0, Workers: 4
[1367.326s][debug][gc,phases      ] GC(156)     Total                          Min: 0, Avg:  0.0, Max: 0, Diff: 0, Sum: 0, Workers: 4
[1367.326s][debug][gc,phases      ] GC(156)   StringTable Weak               Min:  0.1, Avg:  0.1, Max:  0.1, Diff:  0.0, Sum:  0.5, Workers: 4
[1367.326s][debug][gc,phases      ] GC(156)     Dead                           Min: 0, Avg:  0.0, Max: 0, Diff: 0, Sum: 0, Workers: 4
[1367.326s][debug][gc,phases      ] GC(156)     Total                          Min: 10688, Avg: 12211.2, Max: 13133, Diff: 2445, Sum: 48845, Workers: 4
[1367.326s][debug][gc,phases      ] GC(156)   ResolvedMethodTable Weak       Min:  0.0, Avg:  0.0, Max:  0.0, Diff:  0.0, Sum:  0.1, Workers: 4
[1367.326s][debug][gc,phases      ] GC(156)     Dead                           Min: 0, Avg:  0.0, Max: 0, Diff: 0, Sum: 0, Workers: 4
[1367.326s][debug][gc,phases      ] GC(156)     Total                          Min: 2019, Avg: 2216.8, Max: 2432, Diff: 413, Sum: 8867, Workers: 4
[1367.326s][debug][gc,phases      ] GC(156)   JNI Weak                       Min:  0.0, Avg:  0.0, Max:  0.0, Diff:  0.0, Sum:  0.0, Workers: 4
[1367.326s][debug][gc,phases      ] GC(156)     Dead                           Min: 0, Avg:  0.0, Max: 0, Diff: 0, Sum: 0, Workers: 4
[1367.326s][debug][gc,phases      ] GC(156)     Total                          Min: 0, Avg:  0.0, Max: 0, Diff: 0, Sum: 0, Workers: 4
[1367.326s][debug][gc,phases      ] GC(156)   StringDedup Table Weak         Min:  0.0, Avg:  0.0, Max:  0.0, Diff:  0.0, Sum:  0.0, Workers: 4
[1367.326s][debug][gc,phases      ] GC(156)     Dead                           Min: 0, Avg:  0.0, Max: 0, Diff: 0, Sum: 0, Workers: 4
[1367.326s][debug][gc,phases      ] GC(156)     Total                          Min: 0, Avg:  0.0, Max: 0, Diff: 0, Sum: 0, Workers: 4
[1367.326s][debug][gc,phases      ] GC(156)   StringDedup Requests0 Weak     Min:  0.0, Avg:  0.0, Max:  0.0, Diff:  0.0, Sum:  0.0, Workers: 4
[1367.326s][debug][gc,phases      ] GC(156)     Dead                           Min: 0, Avg:  0.0, Max: 0, Diff: 0, Sum: 0, Workers: 4
[1367.326s][debug][gc,phases      ] GC(156)     Total                          Min: 0, Avg:  0.0, Max: 0, Diff: 0, Sum: 0, Workers: 4
[1367.326s][debug][gc,phases      ] GC(156)   StringDedup Requests1 Weak     Min:  0.0, Avg:  0.0, Max:  0.0, Diff:  0.0, Sum:  0.0, Workers: 4
[1367.326s][debug][gc,phases      ] GC(156)     Dead                           Min: 0, Avg:  0.0, Max: 0, Diff: 0, Sum: 0, Workers: 4
[1367.326s][debug][gc,phases      ] GC(156)     Total                          Min: 0, Avg:  0.0, Max: 0, Diff: 0, Sum: 0, Workers: 4
[1367.326s][debug][gc,phases      ] GC(156)   Weak JFR Old Object Samples    Min:  0.0, Avg:  0.0, Max:  0.0, Diff:  0.0, Sum:  0.0, Workers: 4
[1367.326s][debug][gc,phases      ] GC(156)     Dead                           Min: 0, Avg:  0.0, Max: 0, Diff: 0, Sum: 0, Workers: 4
[1367.326s][debug][gc,phases      ] GC(156)     Total                          Min: 0, Avg:  0.0, Max: 0, Diff: 0, Sum: 0, Workers: 4
[1367.326s][debug][gc,phases      ] GC(156) Weak Processing 0.370ms
[1367.326s][debug][gc,age         ] GC(156) Desired survivor size 160432128 bytes, new threshold 15 (max threshold 15)
[1367.326s][info ][gc,heap        ] GC(156) PSYoungGen: 1891330K(1939456K)->96386K(1891840K) Eden: 1795072K(1795072K)->0K(1795072K) From: 96258K(144384K)->96386K(96768K)
[1367.326s][info ][gc,heap        ] GC(156) ParOldGen: 474442K(590336K)->474450K(590336K)
[1367.326s][info ][gc,metaspace   ] GC(156) Metaspace: 85055K(86016K)->85055K(86016K) NonClass: 73086K(73600K)->73086K(73600K) Class: 11969K(12416K)->11969K(12416K)
[1367.326s][info ][gc             ] GC(156) Pause Young (Allocation Failure) 2310M->557M(2424M) 31.778ms
[1367.327s][info ][gc,cpu         ] GC(156) User=0.12s Sys=0.00s Real=0.03s
[1367.327s][info ][safepoint      ] Safepoint "ParallelGCFailedAllocation", Time since last: 566318569 ns, Reaching safepoint: 42101 ns, At safepoint: 31869558 ns, Total: 31911659 ns
[1368.327s][info ][safepoint      ] Safepoint "Cleanup", Time since last: 1000085085 ns, Reaching safepoint: 57502 ns, At safepoint: 3400 ns, Total: 60902 ns
[1369.327s][info ][safepoint      ] Safepoint "Cleanup", Time since last: 1000135286 ns, Reaching safepoint: 55801 ns, At safepoint: 3301 ns, Total: 59102 ns
[1370.327s][info ][safepoint      ] Safepoint "Cleanup", Time since last: 1000127386 ns, Reaching safepoint: 71601 ns, At safepoint: 3800 ns, Total: 75401 ns
[1371.327s][info ][safepoint      ] Safepoint "Cleanup", Time since last: 1000139087 ns, Reaching safepoint: 46701 ns, At safepoint: 8200 ns, Total: 54901 ns
[1373.328s][info ][safepoint      ] Safepoint "Cleanup", Time since last: 2000139968 ns, Reaching safepoint: 165604 ns, At safepoint: 10800 ns, Total: 176404 ns
[1374.328s][info ][safepoint      ] Safepoint "Cleanup", Time since last: 1000109885 ns, Reaching safepoint: 76702 ns, At safepoint: 5800 ns, Total: 82502 ns
[1375.328s][info ][safepoint      ] Safepoint "Cleanup", Time since last: 1000113185 ns, Reaching safepoint: 48501 ns, At safepoint: 2700 ns, Total: 51201 ns
[1376.328s][info ][safepoint      ] Safepoint "Cleanup", Time since last: 1000112885 ns, Reaching safepoint: 99602 ns, At safepoint: 6100 ns, Total: 105702 ns
[1377.328s][info ][safepoint      ] Safepoint "Cleanup", Time since last: 1000112285 ns, Reaching safepoint: 152604 ns, At safepoint: 15300 ns, Total: 167904 ns
[1378.329s][info ][safepoint      ] Safepoint "Cleanup", Time since last: 1000120684 ns, Reaching safepoint: 68902 ns, At safepoint: 6600 ns, Total: 75502 ns
[1378.829s][info ][gc,start       ] GC(157) Pause Young (Allocation Failure)
[1378.859s][debug][gc,phases      ] GC(157) Scavenge 30.342ms
[1378.859s][debug][gc,ref         ] GC(157) Skipped phase 1 of Reference Processing: no references
[1378.859s][debug][gc,ref         ] GC(157) ReferenceProcessor::execute queues: 1, RefProcThreadModel::Single, marks_oops_alive: false
[1378.859s][debug][gc,ref         ] GC(157) Skipped phase 3 of Reference Processing: no references
[1378.859s][debug][gc,ref         ] GC(157) ReferenceProcessor::execute queues: 1, RefProcThreadModel::Single, marks_oops_alive: false
[1378.859s][debug][gc,phases      ] GC(157) Reference Processing 0.151ms
[1378.859s][debug][gc,phases      ] GC(157)   VM Weak                        Min:  0.0, Avg:  0.0, Max:  0.0, Diff:  0.0, Sum:  0.0, Workers: 4
[1378.859s][debug][gc,phases      ] GC(157)     Dead                           Min: 0, Avg:  0.0, Max: 0, Diff: 0, Sum: 0, Workers: 4
[1378.859s][debug][gc,phases      ] GC(157)     Total                          Min: 0, Avg: 187.5, Max: 704, Diff: 704, Sum: 750, Workers: 4
[1378.859s][debug][gc,phases      ] GC(157)   ObjectSynchronizer Weak        Min:  0.0, Avg:  0.0, Max:  0.0, Diff:  0.0, Sum:  0.0, Workers: 4
[1378.859s][debug][gc,phases      ] GC(157)     Dead                           Min: 0, Avg:  0.0, Max: 0, Diff: 0, Sum: 0, Workers: 4
[1378.859s][debug][gc,phases      ] GC(157)     Total                          Min: 0, Avg: 97.8, Max: 135, Diff: 135, Sum: 391, Workers: 4
[1378.859s][debug][gc,phases      ] GC(157)   JVMTI Tag Weak OopStorage      Min:  0.0, Avg:  0.0, Max:  0.0, Diff:  0.0, Sum:  0.0, Workers: 4
[1378.859s][debug][gc,phases      ] GC(157)     Dead                           Min: 0, Avg:  0.0, Max: 0, Diff: 0, Sum: 0, Workers: 4
[1378.859s][debug][gc,phases      ] GC(157)     Total                          Min: 0, Avg:  0.0, Max: 0, Diff: 0, Sum: 0, Workers: 4
[1378.859s][debug][gc,phases      ] GC(157)   StringTable Weak               Min:  0.1, Avg:  0.1, Max:  0.1, Diff:  0.0, Sum:  0.5, Workers: 4
[1378.859s][debug][gc,phases      ] GC(157)     Dead                           Min: 0, Avg:  0.2, Max: 1, Diff: 1, Sum: 1, Workers: 4
[1378.859s][debug][gc,phases      ] GC(157)     Total                          Min: 11878, Avg: 12217.5, Max: 12608, Diff: 730, Sum: 48870, Workers: 4
[1378.859s][debug][gc,phases      ] GC(157)   ResolvedMethodTable Weak       Min:  0.0, Avg:  0.0, Max:  0.0, Diff:  0.0, Sum:  0.1, Workers: 4
[1378.859s][debug][gc,phases      ] GC(157)     Dead                           Min: 0, Avg:  0.0, Max: 0, Diff: 0, Sum: 0, Workers: 4
[1378.859s][debug][gc,phases      ] GC(157)     Total                          Min: 1983, Avg: 2223.2, Max: 2558, Diff: 575, Sum: 8893, Workers: 4
[1378.859s][debug][gc,phases      ] GC(157)   JNI Weak                       Min:  0.0, Avg:  0.0, Max:  0.0, Diff:  0.0, Sum:  0.0, Workers: 4
[1378.859s][debug][gc,phases      ] GC(157)     Dead                           Min: 0, Avg:  0.0, Max: 0, Diff: 0, Sum: 0, Workers: 4
[1378.859s][debug][gc,phases      ] GC(157)     Total                          Min: 0, Avg:  0.0, Max: 0, Diff: 0, Sum: 0, Workers: 4
[1378.859s][debug][gc,phases      ] GC(157)   StringDedup Table Weak         Min:  0.0, Avg:  0.0, Max:  0.0, Diff:  0.0, Sum:  0.0, Workers: 4
[1378.859s][debug][gc,phases      ] GC(157)     Dead                           Min: 0, Avg:  0.0, Max: 0, Diff: 0, Sum: 0, Workers: 4
[1378.859s][debug][gc,phases      ] GC(157)     Total                          Min: 0, Avg:  0.0, Max: 0, Diff: 0, Sum: 0, Workers: 4
[1378.859s][debug][gc,phases      ] GC(157)   StringDedup Requests0 Weak     Min:  0.0, Avg:  0.0, Max:  0.0, Diff:  0.0, Sum:  0.0, Workers: 4
[1378.859s][debug][gc,phases      ] GC(157)     Dead                           Min: 0, Avg:  0.0, Max: 0, Diff: 0, Sum: 0, Workers: 4
[1378.859s][debug][gc,phases      ] GC(157)     Total                          Min: 0, Avg:  0.0, Max: 0, Diff: 0, Sum: 0, Workers: 4
[1378.859s][debug][gc,phases      ] GC(157)   StringDedup Requests1 Weak     Min:  0.0, Avg:  0.0, Max:  0.0, Diff:  0.0, Sum:  0.0, Workers: 4
[1378.859s][debug][gc,phases      ] GC(157)     Dead                           Min: 0, Avg:  0.0, Max: 0, Diff: 0, Sum: 0, Workers: 4
[1378.859s][debug][gc,phases      ] GC(157)     Total                          Min: 0, Avg:  0.0, Max: 0, Diff: 0, Sum: 0, Workers: 4
[1378.859s][debug][gc,phases      ] GC(157)   Weak JFR Old Object Samples    Min:  0.0, Avg:  0.0, Max:  0.0, Diff:  0.0, Sum:  0.0, Workers: 4
[1378.860s][debug][gc,phases      ] GC(157)     Dead                           Min: 0, Avg:  0.0, Max: 0, Diff: 0, Sum: 0, Workers: 4
[1378.860s][debug][gc,phases      ] GC(157)     Total                          Min: 0, Avg:  0.0, Max: 0, Diff: 0, Sum: 0, Workers: 4
[1378.860s][debug][gc,phases      ] GC(157) Weak Processing 0.380ms
[1378.860s][debug][gc,age         ] GC(157) Desired survivor size 165675008 bytes, new threshold 15 (max threshold 15)
[1378.860s][info ][gc,heap        ] GC(157) PSYoungGen: 1891458K(1891840K)->100706K(1930240K) Eden: 1795072K(1795072K)->0K(1773568K) From: 96386K(96768K)->100706K(156672K)
[1378.860s][info ][gc,heap        ] GC(157) ParOldGen: 474450K(590336K)->474458K(590336K)
[1378.860s][info ][gc,metaspace   ] GC(157) Metaspace: 85169K(86080K)->85169K(86080K) NonClass: 73183K(73664K)->73183K(73664K) Class: 11985K(12416K)->11985K(12416K)
[1378.860s][info ][gc             ] GC(157) Pause Young (Allocation Failure) 2310M->561M(2461M) 31.018ms
[1378.860s][info ][gc,cpu         ] GC(157) User=0.12s Sys=0.00s Real=0.03s
[1378.860s][info ][safepoint      ] Safepoint "ParallelGCFailedAllocation", Time since last: 499702684 ns, Reaching safepoint: 152703 ns, At safepoint: 31099940 ns, Total: 31252643 ns
[1379.948s][info ][safepoint      ] Safepoint "Cleanup", Time since last: 1088028575 ns, Reaching safepoint: 173504 ns, At safepoint: 14700 ns, Total: 188204 ns
[1380.948s][info ][safepoint      ] Safepoint "Cleanup", Time since last: 1000128384 ns, Reaching safepoint: 116103 ns, At safepoint: 10900 ns, Total: 127003 ns
[1381.948s][info ][safepoint      ] Safepoint "Cleanup", Time since last: 1000102584 ns, Reaching safepoint: 102002 ns, At safepoint: 9400 ns, Total: 111402 ns
[1382.949s][info ][safepoint      ] Safepoint "Cleanup", Time since last: 1000108984 ns, Reaching safepoint: 118003 ns, At safepoint: 16200 ns, Total: 134203 ns
[1384.949s][info ][safepoint      ] Safepoint "Cleanup", Time since last: 2000170865 ns, Reaching safepoint: 117903 ns, At safepoint: 10400 ns, Total: 128303 ns
[1385.949s][info ][safepoint      ] Safepoint "Cleanup", Time since last: 1000106983 ns, Reaching safepoint: 49701 ns, At safepoint: 29801 ns, Total: 79502 ns
[1386.949s][info ][safepoint      ] Safepoint "Cleanup", Time since last: 1000112782 ns, Reaching safepoint: 117803 ns, At safepoint: 5800 ns, Total: 123603 ns
[1387.945s][info ][gc,start       ] GC(158) Pause Young (Allocation Failure)
[1387.976s][debug][gc,phases      ] GC(158) Scavenge 30.774ms
[1387.976s][debug][gc,ref         ] GC(158) Skipped phase 1 of Reference Processing: no references
[1387.976s][debug][gc,ref         ] GC(158) ReferenceProcessor::execute queues: 1, RefProcThreadModel::Single, marks_oops_alive: false
[1387.976s][debug][gc,ref         ] GC(158) Skipped phase 3 of Reference Processing: no references
[1387.976s][debug][gc,ref         ] GC(158) ReferenceProcessor::execute queues: 1, RefProcThreadModel::Single, marks_oops_alive: false
[1387.976s][debug][gc,phases      ] GC(158) Reference Processing 0.152ms
[1387.976s][debug][gc,phases      ] GC(158)   VM Weak                        Min:  0.0, Avg:  0.0, Max:  0.0, Diff:  0.0, Sum:  0.0, Workers: 4
[1387.976s][debug][gc,phases      ] GC(158)     Dead                           Min: 0, Avg:  0.0, Max: 0, Diff: 0, Sum: 0, Workers: 4
[1387.976s][debug][gc,phases      ] GC(158)     Total                          Min: 0, Avg: 187.5, Max: 512, Diff: 512, Sum: 750, Workers: 4
[1387.976s][debug][gc,phases      ] GC(158)   ObjectSynchronizer Weak        Min:  0.0, Avg:  0.0, Max:  0.0, Diff:  0.0, Sum:  0.0, Workers: 4
[1387.976s][debug][gc,phases      ] GC(158)     Dead                           Min: 0, Avg:  0.0, Max: 0, Diff: 0, Sum: 0, Workers: 4
[1387.976s][debug][gc,phases      ] GC(158)     Total                          Min: 0, Avg: 97.8, Max: 320, Diff: 320, Sum: 391, Workers: 4
[1387.976s][debug][gc,phases      ] GC(158)   JVMTI Tag Weak OopStorage      Min:  0.0, Avg:  0.0, Max:  0.0, Diff:  0.0, Sum:  0.0, Workers: 4
[1387.976s][debug][gc,phases      ] GC(158)     Dead                           Min: 0, Avg:  0.0, Max: 0, Diff: 0, Sum: 0, Workers: 4
[1387.976s][debug][gc,phases      ] GC(158)     Total                          Min: 0, Avg:  0.0, Max: 0, Diff: 0, Sum: 0, Workers: 4
[1387.976s][debug][gc,phases      ] GC(158)   StringTable Weak               Min:  0.1, Avg:  0.1, Max:  0.1, Diff:  0.0, Sum:  0.5, Workers: 4
[1387.976s][debug][gc,phases      ] GC(158)     Dead                           Min: 0, Avg:  0.0, Max: 0, Diff: 0, Sum: 0, Workers: 4
[1387.976s][debug][gc,phases      ] GC(158)     Total                          Min: 8704, Avg: 12218.8, Max: 14891, Diff: 6187, Sum: 48875, Workers: 4
[1387.976s][debug][gc,phases      ] GC(158)   ResolvedMethodTable Weak       Min:  0.0, Avg:  0.0, Max:  0.0, Diff:  0.0, Sum:  0.1, Workers: 4
[1387.976s][debug][gc,phases      ] GC(158)     Dead                           Min: 0, Avg:  0.0, Max: 0, Diff: 0, Sum: 0, Workers: 4
[1387.976s][debug][gc,phases      ] GC(158)     Total                          Min: 1984, Avg: 2224.8, Max: 2432, Diff: 448, Sum: 8899, Workers: 4
[1387.976s][debug][gc,phases      ] GC(158)   JNI Weak                       Min:  0.0, Avg:  0.0, Max:  0.0, Diff:  0.0, Sum:  0.0, Workers: 4
[1387.976s][debug][gc,phases      ] GC(158)     Dead                           Min: 0, Avg:  0.0, Max: 0, Diff: 0, Sum: 0, Workers: 4
[1387.976s][debug][gc,phases      ] GC(158)     Total                          Min: 0, Avg:  0.0, Max: 0, Diff: 0, Sum: 0, Workers: 4
[1387.976s][debug][gc,phases      ] GC(158)   StringDedup Table Weak         Min:  0.0, Avg:  0.0, Max:  0.0, Diff:  0.0, Sum:  0.0, Workers: 4
[1387.976s][debug][gc,phases      ] GC(158)     Dead                           Min: 0, Avg:  0.0, Max: 0, Diff: 0, Sum: 0, Workers: 4
[1387.976s][debug][gc,phases      ] GC(158)     Total                          Min: 0, Avg:  0.0, Max: 0, Diff: 0, Sum: 0, Workers: 4
[1387.976s][debug][gc,phases      ] GC(158)   StringDedup Requests0 Weak     Min:  0.0, Avg:  0.0, Max:  0.0, Diff:  0.0, Sum:  0.0, Workers: 4
[1387.976s][debug][gc,phases      ] GC(158)     Dead                           Min: 0, Avg:  0.0, Max: 0, Diff: 0, Sum: 0, Workers: 4
[1387.976s][debug][gc,phases      ] GC(158)     Total                          Min: 0, Avg:  0.0, Max: 0, Diff: 0, Sum: 0, Workers: 4
[1387.976s][debug][gc,phases      ] GC(158)   StringDedup Requests1 Weak     Min:  0.0, Avg:  0.0, Max:  0.0, Diff:  0.0, Sum:  0.0, Workers: 4
[1387.976s][debug][gc,phases      ] GC(158)     Dead                           Min: 0, Avg:  0.0, Max: 0, Diff: 0, Sum: 0, Workers: 4
[1387.976s][debug][gc,phases      ] GC(158)     Total                          Min: 0, Avg:  0.0, Max: 0, Diff: 0, Sum: 0, Workers: 4
[1387.977s][debug][gc,phases      ] GC(158)   Weak JFR Old Object Samples    Min:  0.0, Avg:  0.0, Max:  0.0, Diff:  0.0, Sum:  0.0, Workers: 4
[1387.977s][debug][gc,phases      ] GC(158)     Dead                           Min: 0, Avg:  0.0, Max: 0, Diff: 0, Sum: 0, Workers: 4
[1387.977s][debug][gc,phases      ] GC(158)     Total                          Min: 0, Avg:  0.0, Max: 0, Diff: 0, Sum: 0, Workers: 4
[1387.977s][debug][gc,phases      ] GC(158) Weak Processing 0.364ms
[1387.977s][debug][gc,age         ] GC(158) Desired survivor size 170917888 bytes, new threshold 15 (max threshold 15)
[1387.977s][info ][gc,heap        ] GC(158) PSYoungGen: 1874274K(1930240K)->104636K(1878528K) Eden: 1773568K(1773568K)->0K(1773568K) From: 100706K(156672K)->104636K(104960K)
[1387.977s][info ][gc,heap        ] GC(158) ParOldGen: 474458K(590336K)->474466K(590336K)
[1387.977s][info ][gc,metaspace   ] GC(158) Metaspace: 85201K(86080K)->85201K(86080K) NonClass: 73211K(73664K)->73211K(73664K) Class: 11989K(12416K)->11989K(12416K)
[1387.977s][info ][gc             ] GC(158) Pause Young (Allocation Failure) 2293M->565M(2411M) 31.432ms
[1387.977s][info ][gc,cpu         ] GC(158) User=0.12s Sys=0.00s Real=0.03s
[1387.977s][info ][safepoint      ] Safepoint "ParallelGCFailedAllocation", Time since last: 995770380 ns, Reaching safepoint: 68001 ns, At safepoint: 31518550 ns, Total: 31586551 ns
[1388.977s][info ][safepoint      ] Safepoint "Cleanup", Time since last: 1000081181 ns, Reaching safepoint: 113603 ns, At safepoint: 12600 ns, Total: 126203 ns
[1389.977s][info ][safepoint      ] Safepoint "Cleanup", Time since last: 1000109883 ns, Reaching safepoint: 71501 ns, At safepoint: 5200 ns, Total: 76701 ns
[1390.977s][info ][safepoint      ] Safepoint "Cleanup", Time since last: 1000061781 ns, Reaching safepoint: 72902 ns, At safepoint: 2100 ns, Total: 75002 ns
[1391.977s][info ][safepoint      ] Safepoint "Cleanup", Time since last: 1000106682 ns, Reaching safepoint: 112102 ns, At safepoint: 7801 ns, Total: 119903 ns
[1392.978s][info ][safepoint      ] Safepoint "Cleanup", Time since last: 1000106381 ns, Reaching safepoint: 55701 ns, At safepoint: 2500 ns, Total: 58201 ns
[1393.978s][info ][safepoint      ] Safepoint "Cleanup", Time since last: 1000114382 ns, Reaching safepoint: 151004 ns, At safepoint: 15600 ns, Total: 166604 ns
[1394.978s][info ][safepoint      ] Safepoint "Cleanup", Time since last: 1000122381 ns, Reaching safepoint: 118903 ns, At safepoint: 13901 ns, Total: 132804 ns
[1395.394s][info ][gc,start       ] GC(159) Pause Young (Allocation Failure)
[1395.430s][debug][gc,phases      ] GC(159) Scavenge 35.740ms
[1395.430s][debug][gc,ref         ] GC(159) Skipped phase 1 of Reference Processing: no references
[1395.430s][debug][gc,ref         ] GC(159) ReferenceProcessor::execute queues: 1, RefProcThreadModel::Single, marks_oops_alive: false
[1395.430s][debug][gc,ref         ] GC(159) Skipped phase 3 of Reference Processing: no references
[1395.430s][debug][gc,ref         ] GC(159) ReferenceProcessor::execute queues: 1, RefProcThreadModel::Single, marks_oops_alive: false
[1395.430s][debug][gc,phases      ] GC(159) Reference Processing 0.179ms
[1395.430s][debug][gc,phases      ] GC(159)   VM Weak                        Min:  0.0, Avg:  0.0, Max:  0.0, Diff:  0.0, Sum:  0.0, Workers: 4
[1395.430s][debug][gc,phases      ] GC(159)     Dead                           Min: 0, Avg:  0.0, Max: 0, Diff: 0, Sum: 0, Workers: 4
[1395.430s][debug][gc,phases      ] GC(159)     Total                          Min: 0, Avg: 187.5, Max: 320, Diff: 320, Sum: 750, Workers: 4
[1395.430s][debug][gc,phases      ] GC(159)   ObjectSynchronizer Weak        Min:  0.0, Avg:  0.0, Max:  0.0, Diff:  0.0, Sum:  0.0, Workers: 4
[1395.430s][debug][gc,phases      ] GC(159)     Dead                           Min: 0, Avg:  0.0, Max: 0, Diff: 0, Sum: 0, Workers: 4
[1395.430s][debug][gc,phases      ] GC(159)     Total                          Min: 0, Avg: 97.8, Max: 199, Diff: 199, Sum: 391, Workers: 4
[1395.430s][debug][gc,phases      ] GC(159)   JVMTI Tag Weak OopStorage      Min:  0.0, Avg:  0.0, Max:  0.0, Diff:  0.0, Sum:  0.0, Workers: 4
[1395.430s][debug][gc,phases      ] GC(159)     Dead                           Min: 0, Avg:  0.0, Max: 0, Diff: 0, Sum: 0, Workers: 4
[1395.430s][debug][gc,phases      ] GC(159)     Total                          Min: 0, Avg:  0.0, Max: 0, Diff: 0, Sum: 0, Workers: 4
[1395.430s][debug][gc,phases      ] GC(159)   StringTable Weak               Min:  0.1, Avg:  0.1, Max:  0.1, Diff:  0.0, Sum:  0.5, Workers: 4
[1395.430s][debug][gc,phases      ] GC(159)     Dead                           Min: 0, Avg:  0.0, Max: 0, Diff: 0, Sum: 0, Workers: 4
[1395.430s][debug][gc,phases      ] GC(159)     Total                          Min: 11648, Avg: 12219.5, Max: 12736, Diff: 1088, Sum: 48878, Workers: 4
[1395.430s][debug][gc,phases      ] GC(159)   ResolvedMethodTable Weak       Min:  0.0, Avg:  0.0, Max:  0.0, Diff:  0.0, Sum:  0.1, Workers: 4
[1395.430s][debug][gc,phases      ] GC(159)     Dead                           Min: 0, Avg:  0.0, Max: 0, Diff: 0, Sum: 0, Workers: 4
[1395.430s][debug][gc,phases      ] GC(159)     Total                          Min: 1984, Avg: 2224.8, Max: 2499, Diff: 515, Sum: 8899, Workers: 4
[1395.430s][debug][gc,phases      ] GC(159)   JNI Weak                       Min:  0.0, Avg:  0.0, Max:  0.0, Diff:  0.0, Sum:  0.0, Workers: 4
[1395.430s][debug][gc,phases      ] GC(159)     Dead                           Min: 0, Avg:  0.0, Max: 0, Diff: 0, Sum: 0, Workers: 4
[1395.430s][debug][gc,phases      ] GC(159)     Total                          Min: 0, Avg:  0.0, Max: 0, Diff: 0, Sum: 0, Workers: 4
[1395.430s][debug][gc,phases      ] GC(159)   StringDedup Table Weak         Min:  0.0, Avg:  0.0, Max:  0.0, Diff:  0.0, Sum:  0.0, Workers: 4
[1395.430s][debug][gc,phases      ] GC(159)     Dead                           Min: 0, Avg:  0.0, Max: 0, Diff: 0, Sum: 0, Workers: 4
[1395.430s][debug][gc,phases      ] GC(159)     Total                          Min: 0, Avg:  0.0, Max: 0, Diff: 0, Sum: 0, Workers: 4
[1395.430s][debug][gc,phases      ] GC(159)   StringDedup Requests0 Weak     Min:  0.0, Avg:  0.0, Max:  0.0, Diff:  0.0, Sum:  0.0, Workers: 4
[1395.430s][debug][gc,phases      ] GC(159)     Dead                           Min: 0, Avg:  0.0, Max: 0, Diff: 0, Sum: 0, Workers: 4
[1395.430s][debug][gc,phases      ] GC(159)     Total                          Min: 0, Avg:  0.0, Max: 0, Diff: 0, Sum: 0, Workers: 4
[1395.430s][debug][gc,phases      ] GC(159)   StringDedup Requests1 Weak     Min:  0.0, Avg:  0.0, Max:  0.0, Diff:  0.0, Sum:  0.0, Workers: 4
[1395.430s][debug][gc,phases      ] GC(159)     Dead                           Min: 0, Avg:  0.0, Max: 0, Diff: 0, Sum: 0, Workers: 4
[1395.430s][debug][gc,phases      ] GC(159)     Total                          Min: 0, Avg:  0.0, Max: 0, Diff: 0, Sum: 0, Workers: 4
[1395.430s][debug][gc,phases      ] GC(159)   Weak JFR Old Object Samples    Min:  0.0, Avg:  0.0, Max:  0.0, Diff:  0.0, Sum:  0.0, Workers: 4
[1395.430s][debug][gc,phases      ] GC(159)     Dead                           Min: 0, Avg:  0.0, Max: 0, Diff: 0, Sum: 0, Workers: 4
[1395.430s][debug][gc,phases      ] GC(159)     Total                          Min: 0, Avg:  0.0, Max: 0, Diff: 0, Sum: 0, Workers: 4
[1395.430s][debug][gc,phases      ] GC(159) Weak Processing 0.364ms
[1395.430s][debug][gc,age         ] GC(159) Desired survivor size 175636480 bytes, new threshold 15 (max threshold 15)
[1395.430s][info ][gc,heap        ] GC(159) PSYoungGen: 1878204K(1878528K)->107534K(1921024K) Eden: 1773568K(1773568K)->0K(1754112K) From: 104636K(104960K)->107534K(166912K)
[1395.430s][info ][gc,heap        ] GC(159) ParOldGen: 474466K(590336K)->474474K(590336K)
[1395.430s][info ][gc,metaspace   ] GC(159) Metaspace: 85205K(86080K)->85205K(86080K) NonClass: 73215K(73664K)->73215K(73664K) Class: 11989K(12416K)->11989K(12416K)
[1395.430s][info ][gc             ] GC(159) Pause Young (Allocation Failure) 2297M->568M(2452M) 36.429ms
[1395.430s][info ][gc,cpu         ] GC(159) User=0.15s Sys=0.00s Real=0.03s
[1395.430s][info ][safepoint      ] Safepoint "ParallelGCFailedAllocation", Time since last: 415750786 ns, Reaching safepoint: 99202 ns, At safepoint: 36526568 ns, Total: 36625770 ns
[1396.431s][info ][safepoint      ] Safepoint "Cleanup", Time since last: 1000093281 ns, Reaching safepoint: 56301 ns, At safepoint: 8801 ns, Total: 65102 ns
[1398.431s][info ][safepoint      ] Safepoint "Cleanup", Time since last: 2000175460 ns, Reaching safepoint: 76402 ns, At safepoint: 7800 ns, Total: 84202 ns
[1399.431s][info ][safepoint      ] Safepoint "Cleanup", Time since last: 1000121181 ns, Reaching safepoint: 49901 ns, At safepoint: 2700 ns, Total: 52601 ns
[1400.431s][info ][safepoint      ] Safepoint "Cleanup", Time since last: 1000120381 ns, Reaching safepoint: 52801 ns, At safepoint: 3500 ns, Total: 56301 ns
[1403.432s][info ][safepoint      ] Safepoint "Cleanup", Time since last: 3000277639 ns, Reaching safepoint: 65401 ns, At safepoint: 12701 ns, Total: 78102 ns
[1404.432s][info ][safepoint      ] Safepoint "Cleanup", Time since last: 1000117579 ns, Reaching safepoint: 58702 ns, At safepoint: 5900 ns, Total: 64602 ns
[1405.745s][info ][gc,start       ] GC(160) Pause Young (Allocation Failure)
[1405.781s][debug][gc,phases      ] GC(160) Scavenge 35.997ms
[1405.781s][debug][gc,ref         ] GC(160) Skipped phase 1 of Reference Processing: no references
[1405.781s][debug][gc,ref         ] GC(160) ReferenceProcessor::execute queues: 1, RefProcThreadModel::Single, marks_oops_alive: false
[1405.781s][debug][gc,ref         ] GC(160) Skipped phase 3 of Reference Processing: no references
[1405.781s][debug][gc,ref         ] GC(160) ReferenceProcessor::execute queues: 1, RefProcThreadModel::Single, marks_oops_alive: false
[1405.781s][debug][gc,phases      ] GC(160) Reference Processing 0.152ms
[1405.782s][debug][gc,phases      ] GC(160)   VM Weak                        Min:  0.0, Avg:  0.0, Max:  0.0, Diff:  0.0, Sum:  0.0, Workers: 4
[1405.782s][debug][gc,phases      ] GC(160)     Dead                           Min: 0, Avg:  0.0, Max: 0, Diff: 0, Sum: 0, Workers: 4
[1405.782s][debug][gc,phases      ] GC(160)     Total                          Min: 0, Avg: 187.5, Max: 494, Diff: 494, Sum: 750, Workers: 4
[1405.782s][debug][gc,phases      ] GC(160)   ObjectSynchronizer Weak        Min:  0.0, Avg:  0.0, Max:  0.0, Diff:  0.0, Sum:  0.0, Workers: 4
[1405.782s][debug][gc,phases      ] GC(160)     Dead                           Min: 0, Avg:  0.0, Max: 0, Diff: 0, Sum: 0, Workers: 4
[1405.782s][debug][gc,phases      ] GC(160)     Total                          Min: 0, Avg: 97.8, Max: 135, Diff: 135, Sum: 391, Workers: 4
[1405.782s][debug][gc,phases      ] GC(160)   JVMTI Tag Weak OopStorage      Min:  0.0, Avg:  0.0, Max:  0.0, Diff:  0.0, Sum:  0.0, Workers: 4
[1405.782s][debug][gc,phases      ] GC(160)     Dead                           Min: 0, Avg:  0.0, Max: 0, Diff: 0, Sum: 0, Workers: 4
[1405.782s][debug][gc,phases      ] GC(160)     Total                          Min: 0, Avg:  0.0, Max: 0, Diff: 0, Sum: 0, Workers: 4
[1405.782s][debug][gc,phases      ] GC(160)   StringTable Weak               Min:  0.1, Avg:  0.1, Max:  0.1, Diff:  0.0, Sum:  0.5, Workers: 4
[1405.782s][debug][gc,phases      ] GC(160)     Dead                           Min: 0, Avg:  0.0, Max: 0, Diff: 0, Sum: 0, Workers: 4
[1405.782s][debug][gc,phases      ] GC(160)     Total                          Min: 10670, Avg: 12219.5, Max: 13376, Diff: 2706, Sum: 48878, Workers: 4
[1405.782s][debug][gc,phases      ] GC(160)   ResolvedMethodTable Weak       Min:  0.0, Avg:  0.0, Max:  0.0, Diff:  0.0, Sum:  0.1, Workers: 4
[1405.782s][debug][gc,phases      ] GC(160)     Dead                           Min: 0, Avg:  0.0, Max: 0, Diff: 0, Sum: 0, Workers: 4
[1405.782s][debug][gc,phases      ] GC(160)     Total                          Min: 1920, Avg: 2224.8, Max: 2627, Diff: 707, Sum: 8899, Workers: 4
[1405.782s][debug][gc,phases      ] GC(160)   JNI Weak                       Min:  0.0, Avg:  0.0, Max:  0.0, Diff:  0.0, Sum:  0.0, Workers: 4
[1405.782s][debug][gc,phases      ] GC(160)     Dead                           Min: 0, Avg:  0.0, Max: 0, Diff: 0, Sum: 0, Workers: 4
[1405.782s][debug][gc,phases      ] GC(160)     Total                          Min: 0, Avg:  0.0, Max: 0, Diff: 0, Sum: 0, Workers: 4
[1405.782s][debug][gc,phases      ] GC(160)   StringDedup Table Weak         Min:  0.0, Avg:  0.0, Max:  0.0, Diff:  0.0, Sum:  0.0, Workers: 4
[1405.782s][debug][gc,phases      ] GC(160)     Dead                           Min: 0, Avg:  0.0, Max: 0, Diff: 0, Sum: 0, Workers: 4
[1405.782s][debug][gc,phases      ] GC(160)     Total                          Min: 0, Avg:  0.0, Max: 0, Diff: 0, Sum: 0, Workers: 4
[1405.782s][debug][gc,phases      ] GC(160)   StringDedup Requests0 Weak     Min:  0.0, Avg:  0.0, Max:  0.0, Diff:  0.0, Sum:  0.0, Workers: 4
[1405.782s][debug][gc,phases      ] GC(160)     Dead                           Min: 0, Avg:  0.0, Max: 0, Diff: 0, Sum: 0, Workers: 4
[1405.782s][debug][gc,phases      ] GC(160)     Total                          Min: 0, Avg:  0.0, Max: 0, Diff: 0, Sum: 0, Workers: 4
[1405.782s][debug][gc,phases      ] GC(160)   StringDedup Requests1 Weak     Min:  0.0, Avg:  0.0, Max:  0.0, Diff:  0.0, Sum:  0.0, Workers: 4
[1405.782s][debug][gc,phases      ] GC(160)     Dead                           Min: 0, Avg:  0.0, Max: 0, Diff: 0, Sum: 0, Workers: 4
[1405.782s][debug][gc,phases      ] GC(160)     Total                          Min: 0, Avg:  0.0, Max: 0, Diff: 0, Sum: 0, Workers: 4
[1405.782s][debug][gc,phases      ] GC(160)   Weak JFR Old Object Samples    Min:  0.0, Avg:  0.0, Max:  0.0, Diff:  0.0, Sum:  0.0, Workers: 4
[1405.782s][debug][gc,phases      ] GC(160)     Dead                           Min: 0, Avg:  0.0, Max: 0, Diff: 0, Sum: 0, Workers: 4
[1405.782s][debug][gc,phases      ] GC(160)     Total                          Min: 0, Avg:  0.0, Max: 0, Diff: 0, Sum: 0, Workers: 4
[1405.782s][debug][gc,phases      ] GC(160) Weak Processing 0.346ms
[1405.782s][debug][gc,age         ] GC(160) Desired survivor size 180355072 bytes, new threshold 15 (max threshold 15)
[1405.782s][info ][gc,heap        ] GC(160) PSYoungGen: 1861646K(1921024K)->111758K(1866240K) Eden: 1754112K(1754112K)->0K(1754112K) From: 107534K(166912K)->111758K(112128K)
[1405.782s][info ][gc,heap        ] GC(160) ParOldGen: 474474K(590336K)->474482K(590336K)
[1405.782s][info ][gc,metaspace   ] GC(160) Metaspace: 85210K(86080K)->85210K(86080K) NonClass: 73220K(73664K)->73220K(73664K) Class: 11989K(12416K)->11989K(12416K)
[1405.782s][info ][gc             ] GC(160) Pause Young (Allocation Failure) 2281M->572M(2399M) 36.646ms
[1405.782s][info ][gc,cpu         ] GC(160) User=0.14s Sys=0.00s Real=0.03s
[1405.782s][info ][safepoint      ] Safepoint "ParallelGCFailedAllocation", Time since last: 1313149822 ns, Reaching safepoint: 122103 ns, At safepoint: 36739374 ns, Total: 36861477 ns
[1409.782s][info ][safepoint      ] Safepoint "Cleanup", Time since last: 4000307013 ns, Reaching safepoint: 61001 ns, At safepoint: 5900 ns, Total: 66901 ns
[1411.782s][info ][safepoint      ] Safepoint "Cleanup", Time since last: 2000196957 ns, Reaching safepoint: 67501 ns, At safepoint: 8000 ns, Total: 75501 ns
[1415.783s][info ][safepoint      ] Safepoint "Cleanup", Time since last: 4000334810 ns, Reaching safepoint: 64901 ns, At safepoint: 8701 ns, Total: 73602 ns
[1418.783s][info ][safepoint      ] Safepoint "Cleanup", Time since last: 3000257830 ns, Reaching safepoint: 60502 ns, At safepoint: 11500 ns, Total: 72002 ns
[1421.944s][info ][gc,start       ] GC(161) Pause Young (Allocation Failure)
[1421.980s][debug][gc,phases      ] GC(161) Scavenge 35.931ms
[1421.980s][debug][gc,ref         ] GC(161) Skipped phase 1 of Reference Processing: no references
[1421.980s][debug][gc,ref         ] GC(161) ReferenceProcessor::execute queues: 1, RefProcThreadModel::Single, marks_oops_alive: false
[1421.980s][debug][gc,ref         ] GC(161) Skipped phase 3 of Reference Processing: no references
[1421.980s][debug][gc,ref         ] GC(161) ReferenceProcessor::execute queues: 1, RefProcThreadModel::Single, marks_oops_alive: false
[1421.980s][debug][gc,phases      ] GC(161) Reference Processing 0.159ms
[1421.980s][debug][gc,phases      ] GC(161)   VM Weak                        Min:  0.0, Avg:  0.0, Max:  0.0, Diff:  0.0, Sum:  0.0, Workers: 4
[1421.980s][debug][gc,phases      ] GC(161)     Dead                           Min: 0, Avg:  0.0, Max: 0, Diff: 0, Sum: 0, Workers: 4
[1421.980s][debug][gc,phases      ] GC(161)     Total                          Min: 0, Avg: 187.5, Max: 430, Diff: 430, Sum: 750, Workers: 4
[1421.980s][debug][gc,phases      ] GC(161)   ObjectSynchronizer Weak        Min:  0.0, Avg:  0.0, Max:  0.0, Diff:  0.0, Sum:  0.0, Workers: 4
[1421.980s][debug][gc,phases      ] GC(161)     Dead                           Min: 0, Avg:  0.0, Max: 0, Diff: 0, Sum: 0, Workers: 4
[1421.980s][debug][gc,phases      ] GC(161)     Total                          Min: 0, Avg: 97.8, Max: 192, Diff: 192, Sum: 391, Workers: 4
[1421.980s][debug][gc,phases      ] GC(161)   JVMTI Tag Weak OopStorage      Min:  0.0, Avg:  0.0, Max:  0.0, Diff:  0.0, Sum:  0.0, Workers: 4
[1421.980s][debug][gc,phases      ] GC(161)     Dead                           Min: 0, Avg:  0.0, Max: 0, Diff: 0, Sum: 0, Workers: 4
[1421.980s][debug][gc,phases      ] GC(161)     Total                          Min: 0, Avg:  0.0, Max: 0, Diff: 0, Sum: 0, Workers: 4
[1421.980s][debug][gc,phases      ] GC(161)   StringTable Weak               Min:  0.1, Avg:  0.1, Max:  0.1, Diff:  0.0, Sum:  0.6, Workers: 4
[1421.980s][debug][gc,phases      ] GC(161)     Dead                           Min: 0, Avg:  0.0, Max: 0, Diff: 0, Sum: 0, Workers: 4
[1421.980s][debug][gc,phases      ] GC(161)     Total                          Min: 11520, Avg: 12220.0, Max: 13488, Diff: 1968, Sum: 48880, Workers: 4
[1421.980s][debug][gc,phases      ] GC(161)   ResolvedMethodTable Weak       Min:  0.0, Avg:  0.0, Max:  0.0, Diff:  0.0, Sum:  0.1, Workers: 4
[1421.980s][debug][gc,phases      ] GC(161)     Dead                           Min: 0, Avg:  0.0, Max: 0, Diff: 0, Sum: 0, Workers: 4
[1421.980s][debug][gc,phases      ] GC(161)     Total                          Min: 1984, Avg: 2225.5, Max: 2432, Diff: 448, Sum: 8902, Workers: 4
[1421.980s][debug][gc,phases      ] GC(161)   JNI Weak                       Min:  0.0, Avg:  0.0, Max:  0.0, Diff:  0.0, Sum:  0.0, Workers: 4
[1421.980s][debug][gc,phases      ] GC(161)     Dead                           Min: 0, Avg:  0.0, Max: 0, Diff: 0, Sum: 0, Workers: 4
[1421.980s][debug][gc,phases      ] GC(161)     Total                          Min: 0, Avg:  0.0, Max: 0, Diff: 0, Sum: 0, Workers: 4
[1421.980s][debug][gc,phases      ] GC(161)   StringDedup Table Weak         Min:  0.0, Avg:  0.0, Max:  0.0, Diff:  0.0, Sum:  0.0, Workers: 4
[1421.980s][debug][gc,phases      ] GC(161)     Dead                           Min: 0, Avg:  0.0, Max: 0, Diff: 0, Sum: 0, Workers: 4
[1421.980s][debug][gc,phases      ] GC(161)     Total                          Min: 0, Avg:  0.0, Max: 0, Diff: 0, Sum: 0, Workers: 4
[1421.980s][debug][gc,phases      ] GC(161)   StringDedup Requests0 Weak     Min:  0.0, Avg:  0.0, Max:  0.0, Diff:  0.0, Sum:  0.0, Workers: 4
[1421.980s][debug][gc,phases      ] GC(161)     Dead                           Min: 0, Avg:  0.0, Max: 0, Diff: 0, Sum: 0, Workers: 4
[1421.980s][debug][gc,phases      ] GC(161)     Total                          Min: 0, Avg:  0.0, Max: 0, Diff: 0, Sum: 0, Workers: 4
[1421.980s][debug][gc,phases      ] GC(161)   StringDedup Requests1 Weak     Min:  0.0, Avg:  0.0, Max:  0.0, Diff:  0.0, Sum:  0.0, Workers: 4
[1421.980s][debug][gc,phases      ] GC(161)     Dead                           Min: 0, Avg:  0.0, Max: 0, Diff: 0, Sum: 0, Workers: 4
[1421.980s][debug][gc,phases      ] GC(161)     Total                          Min: 0, Avg:  0.0, Max: 0, Diff: 0, Sum: 0, Workers: 4
[1421.980s][debug][gc,phases      ] GC(161)   Weak JFR Old Object Samples    Min:  0.0, Avg:  0.0, Max:  0.0, Diff:  0.0, Sum:  0.0, Workers: 4
[1421.980s][debug][gc,phases      ] GC(161)     Dead                           Min: 0, Avg:  0.0, Max: 0, Diff: 0, Sum: 0, Workers: 4
[1421.980s][debug][gc,phases      ] GC(161)     Total                          Min: 0, Avg:  0.0, Max: 0, Diff: 0, Sum: 0, Workers: 4
[1421.980s][debug][gc,phases      ] GC(161) Weak Processing 0.388ms
[1421.980s][debug][gc,age         ] GC(161) Desired survivor size 183500800 bytes, new threshold 15 (max threshold 15)
[1421.980s][info ][gc,heap        ] GC(161) PSYoungGen: 1865870K(1866240K)->111742K(1914880K) Eden: 1754112K(1754112K)->0K(1738752K) From: 111758K(112128K)->111742K(176128K)
[1421.980s][info ][gc,heap        ] GC(161) ParOldGen: 474482K(590336K)->474482K(590336K)
[1421.980s][info ][gc,metaspace   ] GC(161) Metaspace: 85221K(86144K)->85221K(86144K) NonClass: 73230K(73728K)->73230K(73728K) Class: 11991K(12416K)->11991K(12416K)
[1421.980s][info ][gc             ] GC(161) Pause Young (Allocation Failure) 2285M->572M(2446M) 36.624ms
[1421.980s][info ][gc,cpu         ] GC(161) User=0.14s Sys=0.01s Real=0.03s
[1421.980s][info ][safepoint      ] Safepoint "ParallelGCFailedAllocation", Time since last: 3160518239 ns, Reaching safepoint: 108902 ns, At safepoint: 36718373 ns, Total: 36827275 ns
[1426.981s][info ][safepoint      ] Safepoint "Cleanup", Time since last: 5000356877 ns, Reaching safepoint: 55101 ns, At safepoint: 5900 ns, Total: 61001 ns
[1427.981s][info ][safepoint      ] Safepoint "Cleanup", Time since last: 1000109576 ns, Reaching safepoint: 61001 ns, At safepoint: 3101 ns, Total: 64102 ns
[1428.981s][info ][safepoint      ] Safepoint "Cleanup", Time since last: 1000121175 ns, Reaching safepoint: 58902 ns, At safepoint: 7300 ns, Total: 66202 ns
[1429.981s][info ][safepoint      ] Safepoint "Cleanup", Time since last: 1000107675 ns, Reaching safepoint: 62902 ns, At safepoint: 4600 ns, Total: 67502 ns
[1434.982s][info ][safepoint      ] Safepoint "Cleanup", Time since last: 5000375670 ns, Reaching safepoint: 56502 ns, At safepoint: 2700 ns, Total: 59202 ns
[1437.982s][info ][safepoint      ] Safepoint "Cleanup", Time since last: 3000246621 ns, Reaching safepoint: 56501 ns, At safepoint: 6400 ns, Total: 62901 ns
[1438.193s][info ][gc,start       ] GC(162) Pause Young (Allocation Failure)
[1438.229s][debug][gc,phases      ] GC(162) Scavenge 36.436ms
[1438.229s][debug][gc,ref         ] GC(162) Skipped phase 1 of Reference Processing: no references
[1438.229s][debug][gc,ref         ] GC(162) ReferenceProcessor::execute queues: 1, RefProcThreadModel::Single, marks_oops_alive: false
[1438.229s][debug][gc,ref         ] GC(162) Skipped phase 3 of Reference Processing: no references
[1438.229s][debug][gc,ref         ] GC(162) ReferenceProcessor::execute queues: 1, RefProcThreadModel::Single, marks_oops_alive: false
[1438.229s][debug][gc,phases      ] GC(162) Reference Processing 0.150ms
[1438.229s][debug][gc,phases      ] GC(162)   VM Weak                        Min:  0.0, Avg:  0.0, Max:  0.0, Diff:  0.0, Sum:  0.0, Workers: 4
[1438.229s][debug][gc,phases      ] GC(162)     Dead                           Min: 0, Avg:  0.0, Max: 0, Diff: 0, Sum: 0, Workers: 4
[1438.229s][debug][gc,phases      ] GC(162)     Total                          Min: 0, Avg: 187.5, Max: 430, Diff: 430, Sum: 750, Workers: 4
[1438.229s][debug][gc,phases      ] GC(162)   ObjectSynchronizer Weak        Min:  0.0, Avg:  0.0, Max:  0.0, Diff:  0.0, Sum:  0.0, Workers: 4
[1438.229s][debug][gc,phases      ] GC(162)     Dead                           Min: 0, Avg:  0.0, Max: 0, Diff: 0, Sum: 0, Workers: 4
[1438.229s][debug][gc,phases      ] GC(162)     Total                          Min: 0, Avg: 97.8, Max: 192, Diff: 192, Sum: 391, Workers: 4
[1438.229s][debug][gc,phases      ] GC(162)   JVMTI Tag Weak OopStorage      Min:  0.0, Avg:  0.0, Max:  0.0, Diff:  0.0, Sum:  0.0, Workers: 4
[1438.229s][debug][gc,phases      ] GC(162)     Dead                           Min: 0, Avg:  0.0, Max: 0, Diff: 0, Sum: 0, Workers: 4
[1438.230s][debug][gc,phases      ] GC(162)     Total                          Min: 0, Avg:  0.0, Max: 0, Diff: 0, Sum: 0, Workers: 4
[1438.230s][debug][gc,phases      ] GC(162)   StringTable Weak               Min:  0.1, Avg:  0.1, Max:  0.1, Diff:  0.0, Sum:  0.5, Workers: 4
[1438.230s][debug][gc,phases      ] GC(162)     Dead                           Min: 0, Avg:  0.0, Max: 0, Diff: 0, Sum: 0, Workers: 4
[1438.230s][debug][gc,phases      ] GC(162)     Total                          Min: 10944, Avg: 12220.0, Max: 13568, Diff: 2624, Sum: 48880, Workers: 4
[1438.230s][debug][gc,phases      ] GC(162)   ResolvedMethodTable Weak       Min:  0.0, Avg:  0.0, Max:  0.0, Diff:  0.0, Sum:  0.1, Workers: 4
[1438.230s][debug][gc,phases      ] GC(162)     Dead                           Min: 0, Avg:  0.0, Max: 0, Diff: 0, Sum: 0, Workers: 4
[1438.230s][debug][gc,phases      ] GC(162)     Total                          Min: 1984, Avg: 2225.5, Max: 2496, Diff: 512, Sum: 8902, Workers: 4
[1438.230s][debug][gc,phases      ] GC(162)   JNI Weak                       Min:  0.0, Avg:  0.0, Max:  0.0, Diff:  0.0, Sum:  0.0, Workers: 4
[1438.230s][debug][gc,phases      ] GC(162)     Dead                           Min: 0, Avg:  0.0, Max: 0, Diff: 0, Sum: 0, Workers: 4
[1438.230s][debug][gc,phases      ] GC(162)     Total                          Min: 0, Avg:  0.0, Max: 0, Diff: 0, Sum: 0, Workers: 4
[1438.230s][debug][gc,phases      ] GC(162)   StringDedup Table Weak         Min:  0.0, Avg:  0.0, Max:  0.0, Diff:  0.0, Sum:  0.0, Workers: 4
[1438.230s][debug][gc,phases      ] GC(162)     Dead                           Min: 0, Avg:  0.0, Max: 0, Diff: 0, Sum: 0, Workers: 4
[1438.230s][debug][gc,phases      ] GC(162)     Total                          Min: 0, Avg:  0.0, Max: 0, Diff: 0, Sum: 0, Workers: 4
[1438.230s][debug][gc,phases      ] GC(162)   StringDedup Requests0 Weak     Min:  0.0, Avg:  0.0, Max:  0.0, Diff:  0.0, Sum:  0.0, Workers: 4
[1438.230s][debug][gc,phases      ] GC(162)     Dead                           Min: 0, Avg:  0.0, Max: 0, Diff: 0, Sum: 0, Workers: 4
[1438.230s][debug][gc,phases      ] GC(162)     Total                          Min: 0, Avg:  0.0, Max: 0, Diff: 0, Sum: 0, Workers: 4
[1438.230s][debug][gc,phases      ] GC(162)   StringDedup Requests1 Weak     Min:  0.0, Avg:  0.0, Max:  0.0, Diff:  0.0, Sum:  0.0, Workers: 4
[1438.230s][debug][gc,phases      ] GC(162)     Dead                           Min: 0, Avg:  0.0, Max: 0, Diff: 0, Sum: 0, Workers: 4
[1438.230s][debug][gc,phases      ] GC(162)     Total                          Min: 0, Avg:  0.0, Max: 0, Diff: 0, Sum: 0, Workers: 4
[1438.230s][debug][gc,phases      ] GC(162)   Weak JFR Old Object Samples    Min:  0.0, Avg:  0.0, Max:  0.0, Diff:  0.0, Sum:  0.0, Workers: 4
[1438.230s][debug][gc,phases      ] GC(162)     Dead                           Min: 0, Avg:  0.0, Max: 0, Diff: 0, Sum: 0, Workers: 4
[1438.230s][debug][gc,phases      ] GC(162)     Total                          Min: 0, Avg:  0.0, Max: 0, Diff: 0, Sum: 0, Workers: 4
[1438.230s][debug][gc,phases      ] GC(162) Weak Processing 0.358ms
[1438.230s][debug][gc,age         ] GC(162) Desired survivor size 185073664 bytes, new threshold 15 (max threshold 15)
[1438.230s][info ][gc,heap        ] GC(162) PSYoungGen: 1850494K(1914880K)->111694K(1850880K) Eden: 1738752K(1738752K)->0K(1738752K) From: 111742K(176128K)->111694K(112128K)
[1438.230s][info ][gc,heap        ] GC(162) ParOldGen: 474482K(590336K)->474482K(590336K)
[1438.230s][info ][gc,metaspace   ] GC(162) Metaspace: 85222K(86144K)->85222K(86144K) NonClass: 73230K(73728K)->73230K(73728K) Class: 11991K(12416K)->11991K(12416K)
[1438.230s][info ][gc             ] GC(162) Pause Young (Allocation Failure) 2270M->572M(2384M) 37.102ms
[1438.230s][info ][gc,cpu         ] GC(162) User=0.14s Sys=0.00s Real=0.03s
[1438.230s][info ][safepoint      ] Safepoint "ParallelGCFailedAllocation", Time since last: 210275599 ns, Reaching safepoint: 30800 ns, At safepoint: 37180584 ns, Total: 37211384 ns
[1439.230s][info ][safepoint      ] Safepoint "Cleanup", Time since last: 1000101374 ns, Reaching safepoint: 62701 ns, At safepoint: 3500 ns, Total: 66201 ns
[1441.230s][info ][safepoint      ] Safepoint "Cleanup", Time since last: 2000170847 ns, Reaching safepoint: 74001 ns, At safepoint: 5701 ns, Total: 79702 ns
[1442.230s][info ][safepoint      ] Safepoint "Cleanup", Time since last: 1000121873 ns, Reaching safepoint: 48901 ns, At safepoint: 8501 ns, Total: 57402 ns
[1443.230s][info ][safepoint      ] Safepoint "Cleanup", Time since last: 1000126273 ns, Reaching safepoint: 59102 ns, At safepoint: 4800 ns, Total: 63902 ns
[1444.231s][info ][safepoint      ] Safepoint "Cleanup", Time since last: 1000122273 ns, Reaching safepoint: 62002 ns, At safepoint: 14900 ns, Total: 76902 ns
[1446.231s][info ][safepoint      ] Safepoint "Cleanup", Time since last: 2000161044 ns, Reaching safepoint: 49502 ns, At safepoint: 41101 ns, Total: 90603 ns
[1447.231s][info ][safepoint      ] Safepoint "Cleanup", Time since last: 1000106072 ns, Reaching safepoint: 50501 ns, At safepoint: 2900 ns, Total: 53401 ns
[1449.231s][info ][safepoint      ] Safepoint "Cleanup", Time since last: 2000146744 ns, Reaching safepoint: 59001 ns, At safepoint: 5300 ns, Total: 64301 ns
[1450.144s][info ][gc,start       ] GC(163) Pause Young (Allocation Failure)
[1450.179s][debug][gc,phases      ] GC(163) Scavenge 35.674ms
[1450.180s][debug][gc,ref         ] GC(163) Skipped phase 1 of Reference Processing: no references
[1450.180s][debug][gc,ref         ] GC(163) ReferenceProcessor::execute queues: 1, RefProcThreadModel::Single, marks_oops_alive: false
[1450.180s][debug][gc,ref         ] GC(163) Skipped phase 3 of Reference Processing: no references
[1450.180s][debug][gc,ref         ] GC(163) ReferenceProcessor::execute queues: 1, RefProcThreadModel::Single, marks_oops_alive: false
[1450.180s][debug][gc,phases      ] GC(163) Reference Processing 0.157ms
[1450.180s][debug][gc,phases      ] GC(163)   VM Weak                        Min:  0.0, Avg:  0.0, Max:  0.0, Diff:  0.0, Sum:  0.0, Workers: 4
[1450.180s][debug][gc,phases      ] GC(163)     Dead                           Min: 0, Avg:  0.0, Max: 0, Diff: 0, Sum: 0, Workers: 4
[1450.180s][debug][gc,phases      ] GC(163)     Total                          Min: 0, Avg: 187.5, Max: 558, Diff: 558, Sum: 750, Workers: 4
[1450.180s][debug][gc,phases      ] GC(163)   ObjectSynchronizer Weak        Min:  0.0, Avg:  0.0, Max:  0.0, Diff:  0.0, Sum:  0.0, Workers: 4
[1450.180s][debug][gc,phases      ] GC(163)     Dead                           Min: 0, Avg:  0.0, Max: 0, Diff: 0, Sum: 0, Workers: 4
[1450.180s][debug][gc,phases      ] GC(163)     Total                          Min: 0, Avg: 97.8, Max: 199, Diff: 199, Sum: 391, Workers: 4
[1450.180s][debug][gc,phases      ] GC(163)   JVMTI Tag Weak OopStorage      Min:  0.0, Avg:  0.0, Max:  0.0, Diff:  0.0, Sum:  0.0, Workers: 4
[1450.180s][debug][gc,phases      ] GC(163)     Dead                           Min: 0, Avg:  0.0, Max: 0, Diff: 0, Sum: 0, Workers: 4
[1450.180s][debug][gc,phases      ] GC(163)     Total                          Min: 0, Avg:  0.0, Max: 0, Diff: 0, Sum: 0, Workers: 4
[1450.180s][debug][gc,phases      ] GC(163)   StringTable Weak               Min:  0.1, Avg:  0.1, Max:  0.1, Diff:  0.0, Sum:  0.5, Workers: 4
[1450.180s][debug][gc,phases      ] GC(163)     Dead                           Min: 0, Avg:  0.0, Max: 0, Diff: 0, Sum: 0, Workers: 4
[1450.180s][debug][gc,phases      ] GC(163)     Total                          Min: 11008, Avg: 12220.0, Max: 13248, Diff: 2240, Sum: 48880, Workers: 4
[1450.180s][debug][gc,phases      ] GC(163)   ResolvedMethodTable Weak       Min:  0.0, Avg:  0.0, Max:  0.0, Diff:  0.0, Sum:  0.1, Workers: 4
[1450.180s][debug][gc,phases      ] GC(163)     Dead                           Min: 0, Avg:  0.0, Max: 0, Diff: 0, Sum: 0, Workers: 4
[1450.180s][debug][gc,phases      ] GC(163)     Total                          Min: 1984, Avg: 2225.5, Max: 2432, Diff: 448, Sum: 8902, Workers: 4
[1450.180s][debug][gc,phases      ] GC(163)   JNI Weak                       Min:  0.0, Avg:  0.0, Max:  0.0, Diff:  0.0, Sum:  0.0, Workers: 4
[1450.180s][debug][gc,phases      ] GC(163)     Dead                           Min: 0, Avg:  0.0, Max: 0, Diff: 0, Sum: 0, Workers: 4
[1450.180s][debug][gc,phases      ] GC(163)     Total                          Min: 0, Avg:  0.0, Max: 0, Diff: 0, Sum: 0, Workers: 4
[1450.180s][debug][gc,phases      ] GC(163)   StringDedup Table Weak         Min:  0.0, Avg:  0.0, Max:  0.0, Diff:  0.0, Sum:  0.0, Workers: 4
[1450.180s][debug][gc,phases      ] GC(163)     Dead                           Min: 0, Avg:  0.0, Max: 0, Diff: 0, Sum: 0, Workers: 4
[1450.180s][debug][gc,phases      ] GC(163)     Total                          Min: 0, Avg:  0.0, Max: 0, Diff: 0, Sum: 0, Workers: 4
[1450.180s][debug][gc,phases      ] GC(163)   StringDedup Requests0 Weak     Min:  0.0, Avg:  0.0, Max:  0.0, Diff:  0.0, Sum:  0.0, Workers: 4
[1450.180s][debug][gc,phases      ] GC(163)     Dead                           Min: 0, Avg:  0.0, Max: 0, Diff: 0, Sum: 0, Workers: 4
[1450.180s][debug][gc,phases      ] GC(163)     Total                          Min: 0, Avg:  0.0, Max: 0, Diff: 0, Sum: 0, Workers: 4
[1450.180s][debug][gc,phases      ] GC(163)   StringDedup Requests1 Weak     Min:  0.0, Avg:  0.0, Max:  0.0, Diff:  0.0, Sum:  0.0, Workers: 4
[1450.180s][debug][gc,phases      ] GC(163)     Dead                           Min: 0, Avg:  0.0, Max: 0, Diff: 0, Sum: 0, Workers: 4
[1450.180s][debug][gc,phases      ] GC(163)     Total                          Min: 0, Avg:  0.0, Max: 0, Diff: 0, Sum: 0, Workers: 4
[1450.180s][debug][gc,phases      ] GC(163)   Weak JFR Old Object Samples    Min:  0.0, Avg:  0.0, Max:  0.0, Diff:  0.0, Sum:  0.0, Workers: 4
[1450.180s][debug][gc,phases      ] GC(163)     Dead                           Min: 0, Avg:  0.0, Max: 0, Diff: 0, Sum: 0, Workers: 4
[1450.180s][debug][gc,phases      ] GC(163)     Total                          Min: 0, Avg:  0.0, Max: 0, Diff: 0, Sum: 0, Workers: 4
[1450.180s][debug][gc,phases      ] GC(163) Weak Processing 0.359ms
[1450.180s][debug][gc,age         ] GC(163) Desired survivor size 185073664 bytes, new threshold 15 (max threshold 15)
[1450.180s][info ][gc,heap        ] GC(163) PSYoungGen: 1850446K(1850880K)->109278K(1916416K) Eden: 1738752K(1738752K)->0K(1735680K) From: 111694K(112128K)->109278K(180736K)
[1450.180s][info ][gc,heap        ] GC(163) ParOldGen: 474482K(590336K)->474514K(590336K)
[1450.180s][info ][gc,metaspace   ] GC(163) Metaspace: 85224K(86144K)->85224K(86144K) NonClass: 73232K(73728K)->73232K(73728K) Class: 11991K(12416K)->11991K(12416K)
[1450.180s][info ][gc             ] GC(163) Pause Young (Allocation Failure) 2270M->570M(2448M) 36.359ms
[1450.180s][info ][gc,cpu         ] GC(163) User=0.14s Sys=0.00s Real=0.03s
[1450.180s][info ][safepoint      ] Safepoint "ParallelGCFailedAllocation", Time since last: 912347786 ns, Reaching safepoint: 48701 ns, At safepoint: 36458267 ns, Total: 36506968 ns
[1451.721s][info ][safepoint      ] Safepoint "Cleanup", Time since last: 1541139232 ns, Reaching safepoint: 118403 ns, At safepoint: 11600 ns, Total: 130003 ns
[1452.722s][info ][safepoint      ] Safepoint "Cleanup", Time since last: 1000141073 ns, Reaching safepoint: 52001 ns, At safepoint: 3700 ns, Total: 55701 ns
[1454.722s][info ][safepoint      ] Safepoint "Cleanup", Time since last: 2000191742 ns, Reaching safepoint: 48601 ns, At safepoint: 7101 ns, Total: 55702 ns
[1457.722s][info ][safepoint      ] Safepoint "Cleanup", Time since last: 3000235411 ns, Reaching safepoint: 45501 ns, At safepoint: 3000 ns, Total: 48501 ns
[1458.722s][info ][safepoint      ] Safepoint "Cleanup", Time since last: 1000123571 ns, Reaching safepoint: 56402 ns, At safepoint: 7200 ns, Total: 63602 ns
[1459.722s][info ][safepoint      ] Safepoint "Cleanup", Time since last: 1000109571 ns, Reaching safepoint: 48301 ns, At safepoint: 1900 ns, Total: 50201 ns
[1460.723s][info ][safepoint      ] Safepoint "Cleanup", Time since last: 1000114070 ns, Reaching safepoint: 58902 ns, At safepoint: 7100 ns, Total: 66002 ns
[1462.723s][info ][safepoint      ] Safepoint "Cleanup", Time since last: 2000173540 ns, Reaching safepoint: 47801 ns, At safepoint: 7200 ns, Total: 55001 ns
[1462.998s][info ][gc,start       ] GC(164) Pause Young (Allocation Failure)
[1463.035s][debug][gc,phases      ] GC(164) Scavenge 37.412ms
[1463.035s][debug][gc,ref         ] GC(164) Skipped phase 1 of Reference Processing: no references
[1463.035s][debug][gc,ref         ] GC(164) ReferenceProcessor::execute queues: 1, RefProcThreadModel::Single, marks_oops_alive: false
[1463.035s][debug][gc,ref         ] GC(164) Skipped phase 3 of Reference Processing: no references
[1463.035s][debug][gc,ref         ] GC(164) ReferenceProcessor::execute queues: 1, RefProcThreadModel::Single, marks_oops_alive: false
[1463.035s][debug][gc,phases      ] GC(164) Reference Processing 0.151ms
[1463.035s][debug][gc,phases      ] GC(164)   VM Weak                        Min:  0.0, Avg:  0.0, Max:  0.0, Diff:  0.0, Sum:  0.0, Workers: 4
[1463.035s][debug][gc,phases      ] GC(164)     Dead                           Min: 0, Avg:  0.0, Max: 0, Diff: 0, Sum: 0, Workers: 4
[1463.035s][debug][gc,phases      ] GC(164)     Total                          Min: 0, Avg: 187.5, Max: 448, Diff: 448, Sum: 750, Workers: 4
[1463.035s][debug][gc,phases      ] GC(164)   ObjectSynchronizer Weak        Min:  0.0, Avg:  0.0, Max:  0.0, Diff:  0.0, Sum:  0.0, Workers: 4
[1463.035s][debug][gc,phases      ] GC(164)     Dead                           Min: 0, Avg:  0.0, Max: 0, Diff: 0, Sum: 0, Workers: 4
[1463.035s][debug][gc,phases      ] GC(164)     Total                          Min: 0, Avg: 97.8, Max: 263, Diff: 263, Sum: 391, Workers: 4
[1463.035s][debug][gc,phases      ] GC(164)   JVMTI Tag Weak OopStorage      Min:  0.0, Avg:  0.0, Max:  0.0, Diff:  0.0, Sum:  0.0, Workers: 4
[1463.035s][debug][gc,phases      ] GC(164)     Dead                           Min: 0, Avg:  0.0, Max: 0, Diff: 0, Sum: 0, Workers: 4
[1463.035s][debug][gc,phases      ] GC(164)     Total                          Min: 0, Avg:  0.0, Max: 0, Diff: 0, Sum: 0, Workers: 4
[1463.035s][debug][gc,phases      ] GC(164)   StringTable Weak               Min:  0.1, Avg:  0.1, Max:  0.1, Diff:  0.0, Sum:  0.5, Workers: 4
[1463.035s][debug][gc,phases      ] GC(164)     Dead                           Min: 0, Avg:  0.0, Max: 0, Diff: 0, Sum: 0, Workers: 4
[1463.035s][debug][gc,phases      ] GC(164)     Total                          Min: 10880, Avg: 12221.0, Max: 13172, Diff: 2292, Sum: 48884, Workers: 4
[1463.035s][debug][gc,phases      ] GC(164)   ResolvedMethodTable Weak       Min:  0.0, Avg:  0.0, Max:  0.0, Diff:  0.0, Sum:  0.1, Workers: 4
[1463.035s][debug][gc,phases      ] GC(164)     Dead                           Min: 0, Avg:  0.0, Max: 0, Diff: 0, Sum: 0, Workers: 4
[1463.035s][debug][gc,phases      ] GC(164)     Total                          Min: 2112, Avg: 2226.5, Max: 2442, Diff: 330, Sum: 8906, Workers: 4
[1463.035s][debug][gc,phases      ] GC(164)   JNI Weak                       Min:  0.0, Avg:  0.0, Max:  0.0, Diff:  0.0, Sum:  0.0, Workers: 4
[1463.035s][debug][gc,phases      ] GC(164)     Dead                           Min: 0, Avg:  0.0, Max: 0, Diff: 0, Sum: 0, Workers: 4
[1463.035s][debug][gc,phases      ] GC(164)     Total                          Min: 0, Avg:  0.2, Max: 1, Diff: 1, Sum: 1, Workers: 4
[1463.035s][debug][gc,phases      ] GC(164)   StringDedup Table Weak         Min:  0.0, Avg:  0.0, Max:  0.0, Diff:  0.0, Sum:  0.0, Workers: 4
[1463.035s][debug][gc,phases      ] GC(164)     Dead                           Min: 0, Avg:  0.0, Max: 0, Diff: 0, Sum: 0, Workers: 4
[1463.035s][debug][gc,phases      ] GC(164)     Total                          Min: 0, Avg:  0.0, Max: 0, Diff: 0, Sum: 0, Workers: 4
[1463.036s][debug][gc,phases      ] GC(164)   StringDedup Requests0 Weak     Min:  0.0, Avg:  0.0, Max:  0.0, Diff:  0.0, Sum:  0.0, Workers: 4
[1463.036s][debug][gc,phases      ] GC(164)     Dead                           Min: 0, Avg:  0.0, Max: 0, Diff: 0, Sum: 0, Workers: 4
[1463.036s][debug][gc,phases      ] GC(164)     Total                          Min: 0, Avg:  0.0, Max: 0, Diff: 0, Sum: 0, Workers: 4
[1463.036s][debug][gc,phases      ] GC(164)   StringDedup Requests1 Weak     Min:  0.0, Avg:  0.0, Max:  0.0, Diff:  0.0, Sum:  0.0, Workers: 4
[1463.036s][debug][gc,phases      ] GC(164)     Dead                           Min: 0, Avg:  0.0, Max: 0, Diff: 0, Sum: 0, Workers: 4
[1463.036s][debug][gc,phases      ] GC(164)     Total                          Min: 0, Avg:  0.0, Max: 0, Diff: 0, Sum: 0, Workers: 4
[1463.036s][debug][gc,phases      ] GC(164)   Weak JFR Old Object Samples    Min:  0.0, Avg:  0.0, Max:  0.0, Diff:  0.0, Sum:  0.0, Workers: 4
[1463.036s][debug][gc,phases      ] GC(164)     Dead                           Min: 0, Avg:  0.0, Max: 0, Diff: 0, Sum: 0, Workers: 4
[1463.036s][debug][gc,phases      ] GC(164)     Total                          Min: 0, Avg:  0.0, Max: 0, Diff: 0, Sum: 0, Workers: 4
[1463.036s][debug][gc,phases      ] GC(164) Weak Processing 0.373ms
[1463.036s][debug][gc,age         ] GC(164) Desired survivor size 186122240 bytes, new threshold 15 (max threshold 15)
[1463.036s][info ][gc,heap        ] GC(164) PSYoungGen: 1844958K(1916416K)->114510K(1850368K) Eden: 1735680K(1735680K)->0K(1735680K) From: 109278K(180736K)->114510K(114688K)
[1463.036s][info ][gc,heap        ] GC(164) ParOldGen: 474514K(590336K)->474602K(590336K)
[1463.036s][info ][gc,metaspace   ] GC(164) Metaspace: 85240K(86144K)->85240K(86144K) NonClass: 73247K(73728K)->73247K(73728K) Class: 11993K(12416K)->11993K(12416K)
[1463.036s][info ][gc             ] GC(164) Pause Young (Allocation Failure) 2265M->575M(2383M) 38.062ms
[1463.036s][info ][gc,cpu         ] GC(164) User=0.14s Sys=0.00s Real=0.04s
[1463.036s][info ][safepoint      ] Safepoint "ParallelGCFailedAllocation", Time since last: 274469023 ns, Reaching safepoint: 118603 ns, At safepoint: 38168707 ns, Total: 38287310 ns
[1466.036s][info ][safepoint      ] Safepoint "Cleanup", Time since last: 3000234508 ns, Reaching safepoint: 47401 ns, At safepoint: 3500 ns, Total: 50901 ns
[1469.036s][info ][safepoint      ] Safepoint "Cleanup", Time since last: 3000240406 ns, Reaching safepoint: 55002 ns, At safepoint: 5500 ns, Total: 60502 ns
[1471.037s][info ][safepoint      ] Safepoint "Cleanup", Time since last: 2000176437 ns, Reaching safepoint: 120103 ns, At safepoint: 15400 ns, Total: 135503 ns
[1473.000s][info ][gc,start       ] GC(165) Pause Young (Allocation Failure)
[1473.039s][debug][gc,phases      ] GC(165) Scavenge 39.127ms
[1473.040s][debug][gc,ref         ] GC(165) Skipped phase 1 of Reference Processing: no references
[1473.040s][debug][gc,ref         ] GC(165) ReferenceProcessor::execute queues: 1, RefProcThreadModel::Single, marks_oops_alive: false
[1473.040s][debug][gc,ref         ] GC(165) Skipped phase 3 of Reference Processing: no references
[1473.040s][debug][gc,ref         ] GC(165) ReferenceProcessor::execute queues: 1, RefProcThreadModel::Single, marks_oops_alive: false
[1473.040s][debug][gc,phases      ] GC(165) Reference Processing 0.158ms
[1473.040s][debug][gc,phases      ] GC(165)   VM Weak                        Min:  0.0, Avg:  0.0, Max:  0.0, Diff:  0.0, Sum:  0.0, Workers: 4
[1473.040s][debug][gc,phases      ] GC(165)     Dead                           Min: 0, Avg:  0.0, Max: 0, Diff: 0, Sum: 0, Workers: 4
[1473.040s][debug][gc,phases      ] GC(165)     Total                          Min: 0, Avg: 187.5, Max: 384, Diff: 384, Sum: 750, Workers: 4
[1473.040s][debug][gc,phases      ] GC(165)   ObjectSynchronizer Weak        Min:  0.0, Avg:  0.0, Max:  0.0, Diff:  0.0, Sum:  0.0, Workers: 4
[1473.040s][debug][gc,phases      ] GC(165)     Dead                           Min: 0, Avg:  0.0, Max: 0, Diff: 0, Sum: 0, Workers: 4
[1473.040s][debug][gc,phases      ] GC(165)     Total                          Min: 0, Avg: 97.8, Max: 192, Diff: 192, Sum: 391, Workers: 4
[1473.040s][debug][gc,phases      ] GC(165)   JVMTI Tag Weak OopStorage      Min:  0.0, Avg:  0.0, Max:  0.0, Diff:  0.0, Sum:  0.0, Workers: 4
[1473.040s][debug][gc,phases      ] GC(165)     Dead                           Min: 0, Avg:  0.0, Max: 0, Diff: 0, Sum: 0, Workers: 4
[1473.040s][debug][gc,phases      ] GC(165)     Total                          Min: 0, Avg:  0.0, Max: 0, Diff: 0, Sum: 0, Workers: 4
[1473.040s][debug][gc,phases      ] GC(165)   StringTable Weak               Min:  0.1, Avg:  0.1, Max:  0.1, Diff:  0.0, Sum:  0.5, Workers: 4
[1473.040s][debug][gc,phases      ] GC(165)     Dead                           Min: 0, Avg:  0.0, Max: 0, Diff: 0, Sum: 0, Workers: 4
[1473.040s][debug][gc,phases      ] GC(165)     Total                          Min: 11136, Avg: 12221.0, Max: 12992, Diff: 1856, Sum: 48884, Workers: 4
[1473.040s][debug][gc,phases      ] GC(165)   ResolvedMethodTable Weak       Min:  0.0, Avg:  0.0, Max:  0.0, Diff:  0.0, Sum:  0.1, Workers: 4
[1473.040s][debug][gc,phases      ] GC(165)     Dead                           Min: 0, Avg:  0.0, Max: 0, Diff: 0, Sum: 0, Workers: 4
[1473.040s][debug][gc,phases      ] GC(165)     Total                          Min: 1984, Avg: 2226.5, Max: 2442, Diff: 458, Sum: 8906, Workers: 4
[1473.040s][debug][gc,phases      ] GC(165)   JNI Weak                       Min:  0.0, Avg:  0.0, Max:  0.0, Diff:  0.0, Sum:  0.0, Workers: 4
[1473.040s][debug][gc,phases      ] GC(165)     Dead                           Min: 0, Avg:  0.0, Max: 0, Diff: 0, Sum: 0, Workers: 4
[1473.040s][debug][gc,phases      ] GC(165)     Total                          Min: 0, Avg:  0.0, Max: 0, Diff: 0, Sum: 0, Workers: 4
[1473.040s][debug][gc,phases      ] GC(165)   StringDedup Table Weak         Min:  0.0, Avg:  0.0, Max:  0.0, Diff:  0.0, Sum:  0.0, Workers: 4
[1473.040s][debug][gc,phases      ] GC(165)     Dead                           Min: 0, Avg:  0.0, Max: 0, Diff: 0, Sum: 0, Workers: 4
[1473.040s][debug][gc,phases      ] GC(165)     Total                          Min: 0, Avg:  0.0, Max: 0, Diff: 0, Sum: 0, Workers: 4
[1473.040s][debug][gc,phases      ] GC(165)   StringDedup Requests0 Weak     Min:  0.0, Avg:  0.0, Max:  0.0, Diff:  0.0, Sum:  0.0, Workers: 4
[1473.040s][debug][gc,phases      ] GC(165)     Dead                           Min: 0, Avg:  0.0, Max: 0, Diff: 0, Sum: 0, Workers: 4
[1473.040s][debug][gc,phases      ] GC(165)     Total                          Min: 0, Avg:  0.0, Max: 0, Diff: 0, Sum: 0, Workers: 4
[1473.040s][debug][gc,phases      ] GC(165)   StringDedup Requests1 Weak     Min:  0.0, Avg:  0.0, Max:  0.0, Diff:  0.0, Sum:  0.0, Workers: 4
[1473.040s][debug][gc,phases      ] GC(165)     Dead                           Min: 0, Avg:  0.0, Max: 0, Diff: 0, Sum: 0, Workers: 4
[1473.040s][debug][gc,phases      ] GC(165)     Total                          Min: 0, Avg:  0.0, Max: 0, Diff: 0, Sum: 0, Workers: 4
[1473.040s][debug][gc,phases      ] GC(165)   Weak JFR Old Object Samples    Min:  0.0, Avg:  0.0, Max:  0.0, Diff:  0.0, Sum:  0.0, Workers: 4
[1473.040s][debug][gc,phases      ] GC(165)     Dead                           Min: 0, Avg:  0.0, Max: 0, Diff: 0, Sum: 0, Workers: 4
[1473.040s][debug][gc,phases      ] GC(165)     Total                          Min: 0, Avg:  0.0, Max: 0, Diff: 0, Sum: 0, Workers: 4
[1473.040s][debug][gc,phases      ] GC(165) Weak Processing 0.337ms
[1473.040s][debug][gc,age         ] GC(165) Desired survivor size 185597952 bytes, new threshold 15 (max threshold 15)
[1473.040s][info ][gc,heap        ] GC(165) PSYoungGen: 1850190K(1850368K)->111598K(1915904K) Eden: 1735680K(1735680K)->0K(1734144K) From: 114510K(114688K)->111598K(181760K)
[1473.040s][info ][gc,heap        ] GC(165) ParOldGen: 474602K(590336K)->474706K(590336K)
[1473.040s][info ][gc,metaspace   ] GC(165) Metaspace: 85243K(86144K)->85243K(86144K) NonClass: 73249K(73728K)->73249K(73728K) Class: 11993K(12416K)->11993K(12416K)
[1473.040s][info ][gc             ] GC(165) Pause Young (Allocation Failure) 2270M->572M(2447M) 39.821ms
[1473.040s][info ][gc,cpu         ] GC(165) User=0.16s Sys=0.00s Real=0.04s
[1473.040s][info ][safepoint      ] Safepoint "ParallelGCFailedAllocation", Time since last: 1963639268 ns, Reaching safepoint: 38501 ns, At safepoint: 39910349 ns, Total: 39948850 ns
[1482.041s][info ][safepoint      ] Safepoint "Cleanup", Time since last: 9000619503 ns, Reaching safepoint: 126203 ns, At safepoint: 7900 ns, Total: 134103 ns
[1483.041s][info ][safepoint      ] Safepoint "Cleanup", Time since last: 1000109767 ns, Reaching safepoint: 133503 ns, At safepoint: 7901 ns, Total: 141404 ns
[1484.994s][info ][gc,start       ] GC(166) Pause Young (Allocation Failure)
[1485.028s][debug][gc,phases      ] GC(166) Scavenge 34.696ms
[1485.028s][debug][gc,ref         ] GC(166) Skipped phase 1 of Reference Processing: no references
[1485.029s][debug][gc,ref         ] GC(166) ReferenceProcessor::execute queues: 1, RefProcThreadModel::Single, marks_oops_alive: false
[1485.029s][debug][gc,ref         ] GC(166) Skipped phase 3 of Reference Processing: no references
[1485.029s][debug][gc,ref         ] GC(166) ReferenceProcessor::execute queues: 1, RefProcThreadModel::Single, marks_oops_alive: false
[1485.029s][debug][gc,phases      ] GC(166) Reference Processing 0.128ms
[1485.029s][debug][gc,phases      ] GC(166)   VM Weak                        Min:  0.0, Avg:  0.0, Max:  0.0, Diff:  0.0, Sum:  0.0, Workers: 4
[1485.029s][debug][gc,phases      ] GC(166)     Dead                           Min: 0, Avg:  0.0, Max: 0, Diff: 0, Sum: 0, Workers: 4
[1485.029s][debug][gc,phases      ] GC(166)     Total                          Min: 0, Avg: 187.5, Max: 512, Diff: 512, Sum: 750, Workers: 4
[1485.029s][debug][gc,phases      ] GC(166)   ObjectSynchronizer Weak        Min:  0.0, Avg:  0.0, Max:  0.0, Diff:  0.0, Sum:  0.0, Workers: 4
[1485.029s][debug][gc,phases      ] GC(166)     Dead                           Min: 0, Avg:  0.0, Max: 0, Diff: 0, Sum: 0, Workers: 4
[1485.029s][debug][gc,phases      ] GC(166)     Total                          Min: 0, Avg: 97.8, Max: 192, Diff: 192, Sum: 391, Workers: 4
[1485.029s][debug][gc,phases      ] GC(166)   JVMTI Tag Weak OopStorage      Min:  0.0, Avg:  0.0, Max:  0.0, Diff:  0.0, Sum:  0.0, Workers: 4
[1485.029s][debug][gc,phases      ] GC(166)     Dead                           Min: 0, Avg:  0.0, Max: 0, Diff: 0, Sum: 0, Workers: 4
[1485.029s][debug][gc,phases      ] GC(166)     Total                          Min: 0, Avg:  0.0, Max: 0, Diff: 0, Sum: 0, Workers: 4
[1485.029s][debug][gc,phases      ] GC(166)   StringTable Weak               Min:  0.1, Avg:  0.1, Max:  0.1, Diff:  0.0, Sum:  0.5, Workers: 4
[1485.029s][debug][gc,phases      ] GC(166)     Dead                           Min: 0, Avg:  0.0, Max: 0, Diff: 0, Sum: 0, Workers: 4
[1485.029s][debug][gc,phases      ] GC(166)     Total                          Min: 11008, Avg: 12221.0, Max: 14452, Diff: 3444, Sum: 48884, Workers: 4
[1485.029s][debug][gc,phases      ] GC(166)   ResolvedMethodTable Weak       Min:  0.0, Avg:  0.0, Max:  0.0, Diff:  0.0, Sum:  0.1, Workers: 4
[1485.029s][debug][gc,phases      ] GC(166)     Dead                           Min: 0, Avg:  0.0, Max: 0, Diff: 0, Sum: 0, Workers: 4
[1485.029s][debug][gc,phases      ] GC(166)     Total                          Min: 1920, Avg: 2226.5, Max: 2506, Diff: 586, Sum: 8906, Workers: 4
[1485.029s][debug][gc,phases      ] GC(166)   JNI Weak                       Min:  0.0, Avg:  0.0, Max:  0.0, Diff:  0.0, Sum:  0.0, Workers: 4
[1485.029s][debug][gc,phases      ] GC(166)     Dead                           Min: 0, Avg:  0.0, Max: 0, Diff: 0, Sum: 0, Workers: 4
[1485.029s][debug][gc,phases      ] GC(166)     Total                          Min: 0, Avg:  0.0, Max: 0, Diff: 0, Sum: 0, Workers: 4
[1485.029s][debug][gc,phases      ] GC(166)   StringDedup Table Weak         Min:  0.0, Avg:  0.0, Max:  0.0, Diff:  0.0, Sum:  0.0, Workers: 4
[1485.029s][debug][gc,phases      ] GC(166)     Dead                           Min: 0, Avg:  0.0, Max: 0, Diff: 0, Sum: 0, Workers: 4
[1485.029s][debug][gc,phases      ] GC(166)     Total                          Min: 0, Avg:  0.0, Max: 0, Diff: 0, Sum: 0, Workers: 4
[1485.029s][debug][gc,phases      ] GC(166)   StringDedup Requests0 Weak     Min:  0.0, Avg:  0.0, Max:  0.0, Diff:  0.0, Sum:  0.0, Workers: 4
[1485.029s][debug][gc,phases      ] GC(166)     Dead                           Min: 0, Avg:  0.0, Max: 0, Diff: 0, Sum: 0, Workers: 4
[1485.029s][debug][gc,phases      ] GC(166)     Total                          Min: 0, Avg:  0.0, Max: 0, Diff: 0, Sum: 0, Workers: 4
[1485.029s][debug][gc,phases      ] GC(166)   StringDedup Requests1 Weak     Min:  0.0, Avg:  0.0, Max:  0.0, Diff:  0.0, Sum:  0.0, Workers: 4
[1485.029s][debug][gc,phases      ] GC(166)     Dead                           Min: 0, Avg:  0.0, Max: 0, Diff: 0, Sum: 0, Workers: 4
[1485.029s][debug][gc,phases      ] GC(166)     Total                          Min: 0, Avg:  0.0, Max: 0, Diff: 0, Sum: 0, Workers: 4
[1485.029s][debug][gc,phases      ] GC(166)   Weak JFR Old Object Samples    Min:  0.0, Avg:  0.0, Max:  0.0, Diff:  0.0, Sum:  0.0, Workers: 4
[1485.029s][debug][gc,phases      ] GC(166)     Dead                           Min: 0, Avg:  0.0, Max: 0, Diff: 0, Sum: 0, Workers: 4
[1485.029s][debug][gc,phases      ] GC(166)     Total                          Min: 0, Avg:  0.0, Max: 0, Diff: 0, Sum: 0, Workers: 4
[1485.029s][debug][gc,phases      ] GC(166) Weak Processing 0.345ms
[1485.029s][debug][gc,age         ] GC(166) Desired survivor size 179306496 bytes, new threshold 15 (max threshold 15)
[1485.029s][info ][gc,heap        ] GC(166) PSYoungGen: 1845742K(1915904K)->98462K(1915392K) Eden: 1734144K(1734144K)->0K(1734144K) From: 111598K(181760K)->98462K(181248K)
[1485.029s][info ][gc,heap        ] GC(166) ParOldGen: 474706K(590336K)->488597K(590336K)
[1485.029s][info ][gc,metaspace   ] GC(166) Metaspace: 85244K(86144K)->85244K(86144K) NonClass: 73251K(73728K)->73251K(73728K) Class: 11993K(12416K)->11993K(12416K)
[1485.029s][info ][gc             ] GC(166) Pause Young (Allocation Failure) 2266M->573M(2447M) 35.306ms
[1485.029s][info ][gc,cpu         ] GC(166) User=0.13s Sys=0.02s Real=0.03s
[1485.029s][info ][safepoint      ] Safepoint "ParallelGCFailedAllocation", Time since last: 1952435298 ns, Reaching safepoint: 54301 ns, At safepoint: 35409742 ns, Total: 35464043 ns
[1487.029s][info ][safepoint      ] Safepoint "Cleanup", Time since last: 2000158432 ns, Reaching safepoint: 62801 ns, At safepoint: 6501 ns, Total: 69302 ns
[1490.335s][info ][safepoint      ] Safepoint "Cleanup", Time since last: 3306022263 ns, Reaching safepoint: 79602 ns, At safepoint: 6100 ns, Total: 85702 ns
[1491.336s][info ][safepoint      ] Safepoint "Cleanup", Time since last: 1000138467 ns, Reaching safepoint: 68901 ns, At safepoint: 7901 ns, Total: 76802 ns
[1492.747s][info ][safepoint      ] Safepoint "Cleanup", Time since last: 1411186834 ns, Reaching safepoint: 220305 ns, At safepoint: 9700 ns, Total: 230005 ns
[1493.746s][info ][gc,start       ] GC(167) Pause Young (Allocation Failure)
[1493.785s][debug][gc,phases      ] GC(167) Scavenge 39.328ms
[1493.785s][debug][gc,ref         ] GC(167) Skipped phase 1 of Reference Processing: no references
[1493.785s][debug][gc,ref         ] GC(167) ReferenceProcessor::execute queues: 1, RefProcThreadModel::Single, marks_oops_alive: false
[1493.785s][debug][gc,ref         ] GC(167) Skipped phase 3 of Reference Processing: no references
[1493.785s][debug][gc,ref         ] GC(167) ReferenceProcessor::execute queues: 1, RefProcThreadModel::Single, marks_oops_alive: false
[1493.785s][debug][gc,phases      ] GC(167) Reference Processing 0.147ms
[1493.786s][debug][gc,phases      ] GC(167)   VM Weak                        Min:  0.0, Avg:  0.0, Max:  0.0, Diff:  0.0, Sum:  0.0, Workers: 4
[1493.786s][debug][gc,phases      ] GC(167)     Dead                           Min: 0, Avg:  0.0, Max: 0, Diff: 0, Sum: 0, Workers: 4
[1493.786s][debug][gc,phases      ] GC(167)     Total                          Min: 0, Avg: 187.8, Max: 751, Diff: 751, Sum: 751, Workers: 4
[1493.786s][debug][gc,phases      ] GC(167)   ObjectSynchronizer Weak        Min:  0.0, Avg:  0.0, Max:  0.0, Diff:  0.0, Sum:  0.0, Workers: 4
[1493.786s][debug][gc,phases      ] GC(167)     Dead                           Min: 0, Avg:  0.0, Max: 0, Diff: 0, Sum: 0, Workers: 4
[1493.786s][debug][gc,phases      ] GC(167)     Total                          Min: 0, Avg: 97.8, Max: 320, Diff: 320, Sum: 391, Workers: 4
[1493.786s][debug][gc,phases      ] GC(167)   JVMTI Tag Weak OopStorage      Min:  0.0, Avg:  0.0, Max:  0.0, Diff:  0.0, Sum:  0.0, Workers: 4
[1493.786s][debug][gc,phases      ] GC(167)     Dead                           Min: 0, Avg:  0.0, Max: 0, Diff: 0, Sum: 0, Workers: 4
[1493.786s][debug][gc,phases      ] GC(167)     Total                          Min: 0, Avg:  0.0, Max: 0, Diff: 0, Sum: 0, Workers: 4
[1493.786s][debug][gc,phases      ] GC(167)   StringTable Weak               Min:  0.1, Avg:  0.1, Max:  0.1, Diff:  0.0, Sum:  0.5, Workers: 4
[1493.786s][debug][gc,phases      ] GC(167)     Dead                           Min: 0, Avg:  0.2, Max: 1, Diff: 1, Sum: 1, Workers: 4
[1493.786s][debug][gc,phases      ] GC(167)     Total                          Min: 9660, Avg: 12223.0, Max: 14080, Diff: 4420, Sum: 48892, Workers: 4
[1493.786s][debug][gc,phases      ] GC(167)   ResolvedMethodTable Weak       Min:  0.0, Avg:  0.0, Max:  0.0, Diff:  0.0, Sum:  0.1, Workers: 4
[1493.786s][debug][gc,phases      ] GC(167)     Dead                           Min: 0, Avg:  0.2, Max: 1, Diff: 1, Sum: 1, Workers: 4
[1493.786s][debug][gc,phases      ] GC(167)     Total                          Min: 2001, Avg: 2228.2, Max: 2496, Diff: 495, Sum: 8913, Workers: 4
[1493.786s][debug][gc,phases      ] GC(167)   JNI Weak                       Min:  0.0, Avg:  0.0, Max:  0.0, Diff:  0.0, Sum:  0.0, Workers: 4
[1493.786s][debug][gc,phases      ] GC(167)     Dead                           Min: 0, Avg:  0.0, Max: 0, Diff: 0, Sum: 0, Workers: 4
[1493.786s][debug][gc,phases      ] GC(167)     Total                          Min: 0, Avg:  0.0, Max: 0, Diff: 0, Sum: 0, Workers: 4
[1493.786s][debug][gc,phases      ] GC(167)   StringDedup Table Weak         Min:  0.0, Avg:  0.0, Max:  0.0, Diff:  0.0, Sum:  0.0, Workers: 4
[1493.786s][debug][gc,phases      ] GC(167)     Dead                           Min: 0, Avg:  0.0, Max: 0, Diff: 0, Sum: 0, Workers: 4
[1493.786s][debug][gc,phases      ] GC(167)     Total                          Min: 0, Avg:  0.0, Max: 0, Diff: 0, Sum: 0, Workers: 4
[1493.786s][debug][gc,phases      ] GC(167)   StringDedup Requests0 Weak     Min:  0.0, Avg:  0.0, Max:  0.0, Diff:  0.0, Sum:  0.0, Workers: 4
[1493.786s][debug][gc,phases      ] GC(167)     Dead                           Min: 0, Avg:  0.0, Max: 0, Diff: 0, Sum: 0, Workers: 4
[1493.786s][debug][gc,phases      ] GC(167)     Total                          Min: 0, Avg:  0.0, Max: 0, Diff: 0, Sum: 0, Workers: 4
[1493.786s][debug][gc,phases      ] GC(167)   StringDedup Requests1 Weak     Min:  0.0, Avg:  0.0, Max:  0.0, Diff:  0.0, Sum:  0.0, Workers: 4
[1493.786s][debug][gc,phases      ] GC(167)     Dead                           Min: 0, Avg:  0.0, Max: 0, Diff: 0, Sum: 0, Workers: 4
[1493.786s][debug][gc,phases      ] GC(167)     Total                          Min: 0, Avg:  0.0, Max: 0, Diff: 0, Sum: 0, Workers: 4
[1493.786s][debug][gc,phases      ] GC(167)   Weak JFR Old Object Samples    Min:  0.0, Avg:  0.0, Max:  0.0, Diff:  0.0, Sum:  0.0, Workers: 4
[1493.786s][debug][gc,phases      ] GC(167)     Dead                           Min: 0, Avg:  0.0, Max: 0, Diff: 0, Sum: 0, Workers: 4
[1493.786s][debug][gc,phases      ] GC(167)     Total                          Min: 0, Avg:  0.0, Max: 0, Diff: 0, Sum: 0, Workers: 4
[1493.786s][debug][gc,phases      ] GC(167) Weak Processing 0.351ms
[1493.786s][debug][gc,age         ] GC(167) Desired survivor size 171966464 bytes, new threshold 15 (max threshold 15)
[1493.786s][info ][gc,heap        ] GC(167) PSYoungGen: 1832606K(1915392K)->82334K(1929216K) Eden: 1734144K(1734144K)->0K(1754112K) From: 98462K(181248K)->82334K(175104K)
[1493.786s][info ][gc,heap        ] GC(167) ParOldGen: 488597K(590336K)->506436K(590336K)
[1493.786s][info ][gc,metaspace   ] GC(167) Metaspace: 85279K(86208K)->85279K(86208K) NonClass: 73283K(73792K)->73283K(73792K) Class: 11996K(12416K)->11996K(12416K)
[1493.786s][info ][gc             ] GC(167) Pause Young (Allocation Failure) 2266M->574M(2460M) 39.970ms
[1493.786s][info ][gc,cpu         ] GC(167) User=0.15s Sys=0.02s Real=0.04s
[1493.786s][info ][safepoint      ] Safepoint "ParallelGCFailedAllocation", Time since last: 998755134 ns, Reaching safepoint: 106102 ns, At safepoint: 40063953 ns, Total: 40170055 ns
[1495.786s][info ][safepoint      ] Safepoint "Cleanup", Time since last: 2000164729 ns, Reaching safepoint: 58602 ns, At safepoint: 5300 ns, Total: 63902 ns
[1496.786s][info ][safepoint      ] Safepoint "Cleanup", Time since last: 1000108965 ns, Reaching safepoint: 120203 ns, At safepoint: 31901 ns, Total: 152104 ns
[1497.787s][info ][safepoint      ] Safepoint "Cleanup", Time since last: 1000112265 ns, Reaching safepoint: 54401 ns, At safepoint: 11500 ns, Total: 65901 ns
[1498.787s][info ][safepoint      ] Safepoint "Cleanup", Time since last: 1000119365 ns, Reaching safepoint: 76802 ns, At safepoint: 20701 ns, Total: 97503 ns
[1500.782s][info ][gc,start       ] GC(168) Pause Young (Allocation Failure)
[1500.827s][debug][gc,phases      ] GC(168) Scavenge 45.343ms
[1500.827s][debug][gc,ref         ] GC(168) Skipped phase 1 of Reference Processing: no references
[1500.828s][debug][gc,ref         ] GC(168) ReferenceProcessor::execute queues: 1, RefProcThreadModel::Single, marks_oops_alive: false
[1500.828s][debug][gc,ref         ] GC(168) Skipped phase 3 of Reference Processing: no references
[1500.828s][debug][gc,ref         ] GC(168) ReferenceProcessor::execute queues: 1, RefProcThreadModel::Single, marks_oops_alive: false
[1500.828s][debug][gc,phases      ] GC(168) Reference Processing 0.304ms
[1500.828s][debug][gc,phases      ] GC(168)   VM Weak                        Min:  0.0, Avg:  0.0, Max:  0.0, Diff:  0.0, Sum:  0.0, Workers: 4
[1500.828s][debug][gc,phases      ] GC(168)     Dead                           Min: 0, Avg:  0.0, Max: 0, Diff: 0, Sum: 0, Workers: 4
[1500.828s][debug][gc,phases      ] GC(168)     Total                          Min: 0, Avg: 187.8, Max: 704, Diff: 704, Sum: 751, Workers: 4
[1500.828s][debug][gc,phases      ] GC(168)   ObjectSynchronizer Weak        Min:  0.0, Avg:  0.0, Max:  0.0, Diff:  0.0, Sum:  0.0, Workers: 4
[1500.828s][debug][gc,phases      ] GC(168)     Dead                           Min: 0, Avg:  0.0, Max: 0, Diff: 0, Sum: 0, Workers: 4
[1500.828s][debug][gc,phases      ] GC(168)     Total                          Min: 0, Avg: 97.8, Max: 256, Diff: 256, Sum: 391, Workers: 4
[1500.828s][debug][gc,phases      ] GC(168)   JVMTI Tag Weak OopStorage      Min:  0.0, Avg:  0.0, Max:  0.0, Diff:  0.0, Sum:  0.0, Workers: 4
[1500.828s][debug][gc,phases      ] GC(168)     Dead                           Min: 0, Avg:  0.0, Max: 0, Diff: 0, Sum: 0, Workers: 4
[1500.828s][debug][gc,phases      ] GC(168)     Total                          Min: 0, Avg:  0.0, Max: 0, Diff: 0, Sum: 0, Workers: 4
[1500.828s][debug][gc,phases      ] GC(168)   StringTable Weak               Min:  0.1, Avg:  0.1, Max:  0.1, Diff:  0.0, Sum:  0.5, Workers: 4
[1500.828s][debug][gc,phases      ] GC(168)     Dead                           Min: 0, Avg:  0.0, Max: 0, Diff: 0, Sum: 0, Workers: 4
[1500.828s][debug][gc,phases      ] GC(168)     Total                          Min: 10624, Avg: 12223.0, Max: 13696, Diff: 3072, Sum: 48892, Workers: 4
[1500.828s][debug][gc,phases      ] GC(168)   ResolvedMethodTable Weak       Min:  0.0, Avg:  0.0, Max:  0.0, Diff:  0.0, Sum:  0.1, Workers: 4
[1500.828s][debug][gc,phases      ] GC(168)     Dead                           Min: 0, Avg:  0.0, Max: 0, Diff: 0, Sum: 0, Workers: 4
[1500.828s][debug][gc,phases      ] GC(168)     Total                          Min: 1792, Avg: 2228.2, Max: 2641, Diff: 849, Sum: 8913, Workers: 4
[1500.828s][debug][gc,phases      ] GC(168)   JNI Weak                       Min:  0.0, Avg:  0.0, Max:  0.0, Diff:  0.0, Sum:  0.0, Workers: 4
[1500.828s][debug][gc,phases      ] GC(168)     Dead                           Min: 0, Avg:  0.0, Max: 0, Diff: 0, Sum: 0, Workers: 4
[1500.828s][debug][gc,phases      ] GC(168)     Total                          Min: 0, Avg:  0.0, Max: 0, Diff: 0, Sum: 0, Workers: 4
[1500.828s][debug][gc,phases      ] GC(168)   StringDedup Table Weak         Min:  0.0, Avg:  0.0, Max:  0.0, Diff:  0.0, Sum:  0.0, Workers: 4
[1500.828s][debug][gc,phases      ] GC(168)     Dead                           Min: 0, Avg:  0.0, Max: 0, Diff: 0, Sum: 0, Workers: 4
[1500.828s][debug][gc,phases      ] GC(168)     Total                          Min: 0, Avg:  0.0, Max: 0, Diff: 0, Sum: 0, Workers: 4
[1500.828s][debug][gc,phases      ] GC(168)   StringDedup Requests0 Weak     Min:  0.0, Avg:  0.0, Max:  0.0, Diff:  0.0, Sum:  0.0, Workers: 4
[1500.828s][debug][gc,phases      ] GC(168)     Dead                           Min: 0, Avg:  0.0, Max: 0, Diff: 0, Sum: 0, Workers: 4
[1500.828s][debug][gc,phases      ] GC(168)     Total                          Min: 0, Avg:  0.0, Max: 0, Diff: 0, Sum: 0, Workers: 4
[1500.828s][debug][gc,phases      ] GC(168)   StringDedup Requests1 Weak     Min:  0.0, Avg:  0.0, Max:  0.0, Diff:  0.0, Sum:  0.0, Workers: 4
[1500.828s][debug][gc,phases      ] GC(168)     Dead                           Min: 0, Avg:  0.0, Max: 0, Diff: 0, Sum: 0, Workers: 4
[1500.828s][debug][gc,phases      ] GC(168)     Total                          Min: 0, Avg:  0.0, Max: 0, Diff: 0, Sum: 0, Workers: 4
[1500.828s][debug][gc,phases      ] GC(168)   Weak JFR Old Object Samples    Min:  0.0, Avg:  0.0, Max:  0.0, Diff:  0.0, Sum:  0.0, Workers: 4
[1500.828s][debug][gc,phases      ] GC(168)     Dead                           Min: 0, Avg:  0.0, Max: 0, Diff: 0, Sum: 0, Workers: 4
[1500.828s][debug][gc,phases      ] GC(168)     Total                          Min: 0, Avg:  0.0, Max: 0, Diff: 0, Sum: 0, Workers: 4
[1500.828s][debug][gc,phases      ] GC(168) Weak Processing 0.406ms
[1500.828s][debug][gc,age         ] GC(168) Desired survivor size 171442176 bytes, new threshold 15 (max threshold 15)
[1500.828s][info ][gc,heap        ] GC(168) PSYoungGen: 1836446K(1929216K)->48414K(1922048K) Eden: 1754112K(1754112K)->0K(1754112K) From: 82334K(175104K)->48414K(167936K)
[1500.828s][info ][gc,heap        ] GC(168) ParOldGen: 506436K(590336K)->557417K(590336K)
[1500.828s][info ][gc,metaspace   ] GC(168) Metaspace: 85279K(86208K)->85279K(86208K) NonClass: 73283K(73792K)->73283K(73792K) Class: 11996K(12416K)->11996K(12416K)
[1500.828s][info ][gc             ] GC(168) Pause Young (Allocation Failure) 2287M->591M(2453M) 46.218ms
[1500.828s][info ][gc,cpu         ] GC(168) User=0.18s Sys=0.01s Real=0.05s
[1500.828s][debug][gc,phases      ] GC(169) Pre Compact 0.014ms
[1500.828s][info ][gc,start       ] GC(169) Pause Full (Ergonomics)
[1500.828s][info ][gc,phases,start] GC(169) Marking Phase
[1501.014s][debug][gc,phases      ] GC(169) Par Mark 185.922ms
[1501.014s][debug][gc,ref         ] GC(169) Skipped phase 1 of Reference Processing: no references
[1501.015s][debug][gc,ref         ] GC(169) ReferenceProcessor::execute queues: 4, RefProcThreadModel::Multi, marks_oops_alive: false
[1501.015s][debug][gc,ref         ] GC(169) Skipped phase 3 of Reference Processing: no references
[1501.015s][debug][gc,ref         ] GC(169) ReferenceProcessor::execute queues: 1, RefProcThreadModel::Single, marks_oops_alive: false
[1501.015s][debug][gc,phases      ] GC(169) Reference Processing 0.745ms
[1501.015s][debug][gc,phases      ] GC(169)   VM Weak                        Min:  0.0, Avg:  0.0, Max:  0.0, Diff:  0.0, Sum:  0.0, Workers: 4
[1501.015s][debug][gc,phases      ] GC(169)     Dead                           Min: 0, Avg:  0.0, Max: 0, Diff: 0, Sum: 0, Workers: 4
[1501.015s][debug][gc,phases      ] GC(169)     Total                          Min: 0, Avg: 187.8, Max: 495, Diff: 495, Sum: 751, Workers: 4
[1501.015s][debug][gc,phases      ] GC(169)   ObjectSynchronizer Weak        Min:  0.0, Avg:  0.0, Max:  0.0, Diff:  0.0, Sum:  0.0, Workers: 4
[1501.015s][debug][gc,phases      ] GC(169)     Dead                           Min: 0, Avg:  0.8, Max: 3, Diff: 3, Sum: 3, Workers: 4
[1501.015s][debug][gc,phases      ] GC(169)     Total                          Min: 0, Avg: 97.8, Max: 135, Diff: 135, Sum: 391, Workers: 4
[1501.015s][debug][gc,phases      ] GC(169)   JVMTI Tag Weak OopStorage      Min:  0.0, Avg:  0.0, Max:  0.0, Diff:  0.0, Sum:  0.0, Workers: 4
[1501.015s][debug][gc,phases      ] GC(169)     Dead                           Min: 0, Avg:  0.0, Max: 0, Diff: 0, Sum: 0, Workers: 4
[1501.015s][debug][gc,phases      ] GC(169)     Total                          Min: 0, Avg:  0.0, Max: 0, Diff: 0, Sum: 0, Workers: 4
[1501.015s][debug][gc,phases      ] GC(169)   StringTable Weak               Min:  0.2, Avg:  0.2, Max:  0.2, Diff:  0.0, Sum:  0.6, Workers: 4
[1501.015s][debug][gc,phases      ] GC(169)     Dead                           Min: 0, Avg:  0.0, Max: 0, Diff: 0, Sum: 0, Workers: 4
[1501.015s][debug][gc,phases      ] GC(169)     Total                          Min: 11388, Avg: 12223.0, Max: 12992, Diff: 1604, Sum: 48892, Workers: 4
[1501.015s][debug][gc,phases      ] GC(169)   ResolvedMethodTable Weak       Min:  0.0, Avg:  0.0, Max:  0.0, Diff:  0.0, Sum:  0.1, Workers: 4
[1501.015s][debug][gc,phases      ] GC(169)     Dead                           Min: 0, Avg:  0.0, Max: 0, Diff: 0, Sum: 0, Workers: 4
[1501.015s][debug][gc,phases      ] GC(169)     Total                          Min: 2001, Avg: 2228.2, Max: 2560, Diff: 559, Sum: 8913, Workers: 4
[1501.015s][debug][gc,phases      ] GC(169)   JNI Weak                       Min:  0.0, Avg:  0.0, Max:  0.0, Diff:  0.0, Sum:  0.0, Workers: 4
[1501.015s][debug][gc,phases      ] GC(169)     Dead                           Min: 0, Avg:  0.0, Max: 0, Diff: 0, Sum: 0, Workers: 4
[1501.015s][debug][gc,phases      ] GC(169)     Total                          Min: 0, Avg:  0.0, Max: 0, Diff: 0, Sum: 0, Workers: 4
[1501.015s][debug][gc,phases      ] GC(169)   StringDedup Table Weak         Min:  0.0, Avg:  0.0, Max:  0.0, Diff:  0.0, Sum:  0.0, Workers: 4
[1501.015s][debug][gc,phases      ] GC(169)     Dead                           Min: 0, Avg:  0.0, Max: 0, Diff: 0, Sum: 0, Workers: 4
[1501.015s][debug][gc,phases      ] GC(169)     Total                          Min: 0, Avg:  0.0, Max: 0, Diff: 0, Sum: 0, Workers: 4
[1501.015s][debug][gc,phases      ] GC(169)   StringDedup Requests0 Weak     Min:  0.0, Avg:  0.0, Max:  0.0, Diff:  0.0, Sum:  0.0, Workers: 4
[1501.015s][debug][gc,phases      ] GC(169)     Dead                           Min: 0, Avg:  0.0, Max: 0, Diff: 0, Sum: 0, Workers: 4
[1501.015s][debug][gc,phases      ] GC(169)     Total                          Min: 0, Avg:  0.0, Max: 0, Diff: 0, Sum: 0, Workers: 4
[1501.015s][debug][gc,phases      ] GC(169)   StringDedup Requests1 Weak     Min:  0.0, Avg:  0.0, Max:  0.0, Diff:  0.0, Sum:  0.0, Workers: 4
[1501.015s][debug][gc,phases      ] GC(169)     Dead                           Min: 0, Avg:  0.0, Max: 0, Diff: 0, Sum: 0, Workers: 4
[1501.015s][debug][gc,phases      ] GC(169)     Total                          Min: 0, Avg:  0.0, Max: 0, Diff: 0, Sum: 0, Workers: 4
[1501.015s][debug][gc,phases      ] GC(169)   Weak JFR Old Object Samples    Min:  0.0, Avg:  0.0, Max:  0.0, Diff:  0.0, Sum:  0.0, Workers: 4
[1501.015s][debug][gc,phases      ] GC(169)     Dead                           Min: 0, Avg:  0.0, Max: 0, Diff: 0, Sum: 0, Workers: 4
[1501.015s][debug][gc,phases      ] GC(169)     Total                          Min: 0, Avg:  0.0, Max: 0, Diff: 0, Sum: 0, Workers: 4
[1501.015s][debug][gc,phases      ] GC(169) Weak Processing 0.351ms
[1501.016s][debug][gc,phases      ] GC(169) ClassLoaderData 0.127ms
[1501.016s][debug][gc,phases      ] GC(169) Trigger cleanups 0.000ms
[1501.036s][debug][gc,phases      ] GC(169) Class Unloading 20.905ms
[1501.036s][info ][gc,phases      ] GC(169) Marking Phase 208.125ms
[1501.036s][info ][gc,phases,start] GC(169) Summary Phase
[1501.036s][info ][gc,phases      ] GC(169) Summary Phase 0.019ms
[1501.036s][info ][gc,phases,start] GC(169) Adjust Roots
[1501.051s][info ][gc,phases      ] GC(169) Adjust Roots 14.985ms
[1501.051s][info ][gc,phases,start] GC(169) Compaction Phase
[1501.228s][info ][gc,phases      ] GC(169) Compaction Phase 177.038ms
[1501.228s][info ][gc,phases,start] GC(169) Post Compact
[1501.230s][info ][gc,phases      ] GC(169) Post Compact 2.008ms
[1501.231s][info ][gc,heap        ] GC(169) PSYoungGen: 48414K(1922048K)->779K(1922048K) Eden: 0K(1754112K)->0K(1754112K) From: 48414K(167936K)->779K(167936K)
[1501.231s][info ][gc,heap        ] GC(169) ParOldGen: 557417K(590336K)->589940K(740864K)
[1501.231s][info ][gc,metaspace   ] GC(169) Metaspace: 85279K(86208K)->85279K(86208K) NonClass: 73283K(73792K)->73283K(73792K) Class: 11996K(12416K)->11996K(12416K)
[1501.231s][info ][gc             ] GC(169) Pause Full (Ergonomics) 591M->576M(2600M) 402.554ms
[1501.231s][info ][gc,cpu         ] GC(169) User=1.49s Sys=0.00s Real=0.40s
[1501.231s][info ][safepoint      ] Safepoint "ParallelGCFailedAllocation", Time since last: 1995012006 ns, Reaching safepoint: 44101 ns, At safepoint: 449332677 ns, Total: 449376778 ns
[1502.231s][info ][safepoint      ] Safepoint "Cleanup", Time since last: 1000102464 ns, Reaching safepoint: 59501 ns, At safepoint: 12501 ns, Total: 72002 ns
[1503.232s][info ][safepoint      ] Safepoint "Cleanup", Time since last: 1000115064 ns, Reaching safepoint: 83502 ns, At safepoint: 6100 ns, Total: 89602 ns
[1504.232s][info ][safepoint      ] Safepoint "Cleanup", Time since last: 1000110165 ns, Reaching safepoint: 55801 ns, At safepoint: 5700 ns, Total: 61501 ns
[1505.232s][info ][safepoint      ] Safepoint "Cleanup", Time since last: 1000118764 ns, Reaching safepoint: 56302 ns, At safepoint: 5600 ns, Total: 61902 ns
[1512.232s][info ][safepoint      ] Safepoint "Cleanup", Time since last: 7000474337 ns, Reaching safepoint: 59502 ns, At safepoint: 5500 ns, Total: 65002 ns
[1512.510s][info ][gc,start       ] GC(170) Pause Young (Allocation Failure)
[1512.582s][debug][gc,phases      ] GC(170) Scavenge 71.724ms
[1512.582s][debug][gc,ref         ] GC(170) Skipped phase 1 of Reference Processing: no references
[1512.582s][debug][gc,ref         ] GC(170) ReferenceProcessor::execute queues: 1, RefProcThreadModel::Single, marks_oops_alive: false
[1512.582s][debug][gc,ref         ] GC(170) Skipped phase 3 of Reference Processing: no references
[1512.582s][debug][gc,ref         ] GC(170) ReferenceProcessor::execute queues: 1, RefProcThreadModel::Single, marks_oops_alive: false
[1512.582s][debug][gc,phases      ] GC(170) Reference Processing 0.106ms
[1512.582s][debug][gc,phases      ] GC(170)   VM Weak                        Min:  0.0, Avg:  0.0, Max:  0.0, Diff:  0.0, Sum:  0.0, Workers: 4
[1512.582s][debug][gc,phases      ] GC(170)     Dead                           Min: 0, Avg:  0.0, Max: 0, Diff: 0, Sum: 0, Workers: 4
[1512.582s][debug][gc,phases      ] GC(170)     Total                          Min: 47, Avg: 187.8, Max: 448, Diff: 401, Sum: 751, Workers: 4
[1512.582s][debug][gc,phases      ] GC(170)   ObjectSynchronizer Weak        Min:  0.0, Avg:  0.0, Max:  0.0, Diff:  0.0, Sum:  0.0, Workers: 4
[1512.582s][debug][gc,phases      ] GC(170)     Dead                           Min: 0, Avg:  0.0, Max: 0, Diff: 0, Sum: 0, Workers: 4
[1512.582s][debug][gc,phases      ] GC(170)     Total                          Min: 64, Avg: 98.2, Max: 128, Diff: 64, Sum: 393, Workers: 4
[1512.582s][debug][gc,phases      ] GC(170)   JVMTI Tag Weak OopStorage      Min:  0.0, Avg:  0.0, Max:  0.0, Diff:  0.0, Sum:  0.0, Workers: 4
[1512.582s][debug][gc,phases      ] GC(170)     Dead                           Min: 0, Avg:  0.0, Max: 0, Diff: 0, Sum: 0, Workers: 4
[1512.582s][debug][gc,phases      ] GC(170)     Total                          Min: 0, Avg:  0.0, Max: 0, Diff: 0, Sum: 0, Workers: 4
[1512.582s][debug][gc,phases      ] GC(170)   StringTable Weak               Min:  0.1, Avg:  0.1, Max:  0.1, Diff:  0.0, Sum:  0.5, Workers: 4
[1512.582s][debug][gc,phases      ] GC(170)     Dead                           Min: 0, Avg:  0.0, Max: 0, Diff: 0, Sum: 0, Workers: 4
[1512.582s][debug][gc,phases      ] GC(170)     Total                          Min: 10428, Avg: 12223.0, Max: 13248, Diff: 2820, Sum: 48892, Workers: 4
[1512.582s][debug][gc,phases      ] GC(170)   ResolvedMethodTable Weak       Min:  0.0, Avg:  0.0, Max:  0.0, Diff:  0.0, Sum:  0.1, Workers: 4
[1512.582s][debug][gc,phases      ] GC(170)     Dead                           Min: 0, Avg:  0.0, Max: 0, Diff: 0, Sum: 0, Workers: 4
[1512.582s][debug][gc,phases      ] GC(170)     Total                          Min: 1920, Avg: 2228.2, Max: 2385, Diff: 465, Sum: 8913, Workers: 4
[1512.582s][debug][gc,phases      ] GC(170)   JNI Weak                       Min:  0.0, Avg:  0.0, Max:  0.0, Diff:  0.0, Sum:  0.0, Workers: 4
[1512.582s][debug][gc,phases      ] GC(170)     Dead                           Min: 0, Avg:  0.0, Max: 0, Diff: 0, Sum: 0, Workers: 4
[1512.582s][debug][gc,phases      ] GC(170)     Total                          Min: 0, Avg:  0.0, Max: 0, Diff: 0, Sum: 0, Workers: 4
[1512.582s][debug][gc,phases      ] GC(170)   StringDedup Table Weak         Min:  0.0, Avg:  0.0, Max:  0.0, Diff:  0.0, Sum:  0.0, Workers: 4
[1512.582s][debug][gc,phases      ] GC(170)     Dead                           Min: 0, Avg:  0.0, Max: 0, Diff: 0, Sum: 0, Workers: 4
[1512.582s][debug][gc,phases      ] GC(170)     Total                          Min: 0, Avg:  0.0, Max: 0, Diff: 0, Sum: 0, Workers: 4
[1512.582s][debug][gc,phases      ] GC(170)   StringDedup Requests0 Weak     Min:  0.0, Avg:  0.0, Max:  0.0, Diff:  0.0, Sum:  0.0, Workers: 4
[1512.582s][debug][gc,phases      ] GC(170)     Dead                           Min: 0, Avg:  0.0, Max: 0, Diff: 0, Sum: 0, Workers: 4
[1512.582s][debug][gc,phases      ] GC(170)     Total                          Min: 0, Avg:  0.0, Max: 0, Diff: 0, Sum: 0, Workers: 4
[1512.582s][debug][gc,phases      ] GC(170)   StringDedup Requests1 Weak     Min:  0.0, Avg:  0.0, Max:  0.0, Diff:  0.0, Sum:  0.0, Workers: 4
[1512.582s][debug][gc,phases      ] GC(170)     Dead                           Min: 0, Avg:  0.0, Max: 0, Diff: 0, Sum: 0, Workers: 4
[1512.582s][debug][gc,phases      ] GC(170)     Total                          Min: 0, Avg:  0.0, Max: 0, Diff: 0, Sum: 0, Workers: 4
[1512.582s][debug][gc,phases      ] GC(170)   Weak JFR Old Object Samples    Min:  0.0, Avg:  0.0, Max:  0.0, Diff:  0.0, Sum:  0.0, Workers: 4
[1512.582s][debug][gc,phases      ] GC(170)     Dead                           Min: 0, Avg:  0.0, Max: 0, Diff: 0, Sum: 0, Workers: 4
[1512.582s][debug][gc,phases      ] GC(170)     Total                          Min: 0, Avg:  0.0, Max: 0, Diff: 0, Sum: 0, Workers: 4
[1512.582s][debug][gc,phases      ] GC(170) Weak Processing 0.328ms
[1512.582s][debug][gc,age         ] GC(170) Desired survivor size 178257920 bytes, new threshold 15 (max threshold 15)
[1512.582s][info ][gc,heap        ] GC(170) PSYoungGen: 1754891K(1922048K)->2160K(1916416K) Eden: 1754112K(1754112K)->0K(1748992K) From: 779K(167936K)->2160K(167424K)
[1512.582s][info ][gc,heap        ] GC(170) ParOldGen: 589940K(740864K)->589996K(740864K)
[1512.582s][info ][gc,metaspace   ] GC(170) Metaspace: 85279K(86208K)->85279K(86208K) NonClass: 73283K(73792K)->73283K(73792K) Class: 11996K(12416K)->11996K(12416K)
[1512.582s][info ][gc             ] GC(170) Pause Young (Allocation Failure) 2289M->578M(2595M) 72.295ms
[1512.582s][info ][gc,cpu         ] GC(170) User=0.26s Sys=0.00s Real=0.07s
[1512.582s][info ][safepoint      ] Safepoint "ParallelGCFailedAllocation", Time since last: 277411591 ns, Reaching safepoint: 101103 ns, At safepoint: 72394020 ns, Total: 72495123 ns
[1517.583s][info ][safepoint      ] Safepoint "Cleanup", Time since last: 5000375909 ns, Reaching safepoint: 53801 ns, At safepoint: 6600 ns, Total: 60401 ns
[1523.510s][info ][safepoint      ] Safepoint "Cleanup", Time since last: 5927046123 ns, Reaching safepoint: 51801 ns, At safepoint: 10400 ns, Total: 62201 ns
[1527.397s][info ][gc,start       ] GC(171) Pause Young (Allocation Failure)
[1527.402s][debug][gc,phases      ] GC(171) Scavenge 4.702ms
[1527.402s][debug][gc,ref         ] GC(171) Skipped phase 1 of Reference Processing: no references
[1527.402s][debug][gc,ref         ] GC(171) ReferenceProcessor::execute queues: 1, RefProcThreadModel::Single, marks_oops_alive: false
[1527.402s][debug][gc,ref         ] GC(171) Skipped phase 3 of Reference Processing: no references
[1527.402s][debug][gc,ref         ] GC(171) ReferenceProcessor::execute queues: 1, RefProcThreadModel::Single, marks_oops_alive: false
[1527.402s][debug][gc,phases      ] GC(171) Reference Processing 0.102ms
[1527.402s][debug][gc,phases      ] GC(171)   VM Weak                        Min:  0.0, Avg:  0.0, Max:  0.0, Diff:  0.0, Sum:  0.0, Workers: 4
[1527.402s][debug][gc,phases      ] GC(171)     Dead                           Min: 0, Avg:  0.0, Max: 0, Diff: 0, Sum: 0, Workers: 4
[1527.402s][debug][gc,phases      ] GC(171)     Total                          Min: 0, Avg: 187.8, Max: 367, Diff: 367, Sum: 751, Workers: 4
[1527.402s][debug][gc,phases      ] GC(171)   ObjectSynchronizer Weak        Min:  0.0, Avg:  0.0, Max:  0.0, Diff:  0.0, Sum:  0.0, Workers: 4
[1527.402s][debug][gc,phases      ] GC(171)     Dead                           Min: 0, Avg:  0.0, Max: 0, Diff: 0, Sum: 0, Workers: 4
[1527.402s][debug][gc,phases      ] GC(171)     Total                          Min: 0, Avg: 98.2, Max: 137, Diff: 137, Sum: 393, Workers: 4
[1527.402s][debug][gc,phases      ] GC(171)   JVMTI Tag Weak OopStorage      Min:  0.0, Avg:  0.0, Max:  0.0, Diff:  0.0, Sum:  0.0, Workers: 4
[1527.402s][debug][gc,phases      ] GC(171)     Dead                           Min: 0, Avg:  0.0, Max: 0, Diff: 0, Sum: 0, Workers: 4
[1527.402s][debug][gc,phases      ] GC(171)     Total                          Min: 0, Avg:  0.0, Max: 0, Diff: 0, Sum: 0, Workers: 4
[1527.402s][debug][gc,phases      ] GC(171)   StringTable Weak               Min:  0.1, Avg:  0.1, Max:  0.1, Diff:  0.0, Sum:  0.4, Workers: 4
[1527.402s][debug][gc,phases      ] GC(171)     Dead                           Min: 0, Avg:  0.0, Max: 0, Diff: 0, Sum: 0, Workers: 4
[1527.402s][debug][gc,phases      ] GC(171)     Total                          Min: 10880, Avg: 12225.2, Max: 13120, Diff: 2240, Sum: 48901, Workers: 4
[1527.402s][debug][gc,phases      ] GC(171)   ResolvedMethodTable Weak       Min:  0.0, Avg:  0.0, Max:  0.0, Diff:  0.0, Sum:  0.1, Workers: 4
[1527.402s][debug][gc,phases      ] GC(171)     Dead                           Min: 0, Avg:  0.0, Max: 0, Diff: 0, Sum: 0, Workers: 4
[1527.402s][debug][gc,phases      ] GC(171)     Total                          Min: 2048, Avg: 2229.5, Max: 2326, Diff: 278, Sum: 8918, Workers: 4
[1527.402s][debug][gc,phases      ] GC(171)   JNI Weak                       Min:  0.0, Avg:  0.0, Max:  0.0, Diff:  0.0, Sum:  0.0, Workers: 4
[1527.402s][debug][gc,phases      ] GC(171)     Dead                           Min: 0, Avg:  0.0, Max: 0, Diff: 0, Sum: 0, Workers: 4
[1527.402s][debug][gc,phases      ] GC(171)     Total                          Min: 0, Avg:  0.0, Max: 0, Diff: 0, Sum: 0, Workers: 4
[1527.402s][debug][gc,phases      ] GC(171)   StringDedup Table Weak         Min:  0.0, Avg:  0.0, Max:  0.0, Diff:  0.0, Sum:  0.0, Workers: 4
[1527.402s][debug][gc,phases      ] GC(171)     Dead                           Min: 0, Avg:  0.0, Max: 0, Diff: 0, Sum: 0, Workers: 4
[1527.402s][debug][gc,phases      ] GC(171)     Total                          Min: 0, Avg:  0.0, Max: 0, Diff: 0, Sum: 0, Workers: 4
[1527.402s][debug][gc,phases      ] GC(171)   StringDedup Requests0 Weak     Min:  0.0, Avg:  0.0, Max:  0.0, Diff:  0.0, Sum:  0.0, Workers: 4
[1527.402s][debug][gc,phases      ] GC(171)     Dead                           Min: 0, Avg:  0.0, Max: 0, Diff: 0, Sum: 0, Workers: 4
[1527.402s][debug][gc,phases      ] GC(171)     Total                          Min: 0, Avg:  0.0, Max: 0, Diff: 0, Sum: 0, Workers: 4
[1527.402s][debug][gc,phases      ] GC(171)   StringDedup Requests1 Weak     Min:  0.0, Avg:  0.0, Max:  0.0, Diff:  0.0, Sum:  0.0, Workers: 4
[1527.402s][debug][gc,phases      ] GC(171)     Dead                           Min: 0, Avg:  0.0, Max: 0, Diff: 0, Sum: 0, Workers: 4
[1527.402s][debug][gc,phases      ] GC(171)     Total                          Min: 0, Avg:  0.0, Max: 0, Diff: 0, Sum: 0, Workers: 4
[1527.402s][debug][gc,phases      ] GC(171)   Weak JFR Old Object Samples    Min:  0.0, Avg:  0.0, Max:  0.0, Diff:  0.0, Sum:  0.0, Workers: 4
[1527.402s][debug][gc,phases      ] GC(171)     Dead                           Min: 0, Avg:  0.0, Max: 0, Diff: 0, Sum: 0, Workers: 4
[1527.402s][debug][gc,phases      ] GC(171)     Total                          Min: 0, Avg:  0.0, Max: 0, Diff: 0, Sum: 0, Workers: 4
[1527.402s][debug][gc,phases      ] GC(171) Weak Processing 0.312ms
[1527.402s][debug][gc,age         ] GC(171) Desired survivor size 181403648 bytes, new threshold 15 (max threshold 15)
[1527.402s][info ][gc,heap        ] GC(171) PSYoungGen: 1751152K(1916416K)->2256K(1751552K) Eden: 1748992K(1748992K)->0K(1748992K) From: 2160K(167424K)->2256K(2560K)
[1527.402s][info ][gc,heap        ] GC(171) ParOldGen: 589996K(740864K)->590004K(740864K)
[1527.402s][info ][gc,metaspace   ] GC(171) Metaspace: 85311K(86272K)->85311K(86272K) NonClass: 73309K(73856K)->73309K(73856K) Class: 12001K(12416K)->12001K(12416K)
[1527.402s][info ][gc             ] GC(171) Pause Young (Allocation Failure) 2286M->578M(2434M) 5.244ms
[1527.402s][info ][gc,cpu         ] GC(171) User=0.02s Sys=0.00s Real=0.00s
[1527.402s][info ][safepoint      ] Safepoint "ParallelGCFailedAllocation", Time since last: 3886791645 ns, Reaching safepoint: 109103 ns, At safepoint: 5335527 ns, Total: 5444630 ns
[1530.403s][info ][safepoint      ] Safepoint "Cleanup", Time since last: 3000217679 ns, Reaching safepoint: 117003 ns, At safepoint: 8100 ns, Total: 125103 ns
[1531.403s][info ][safepoint      ] Safepoint "Cleanup", Time since last: 1000107161 ns, Reaching safepoint: 111002 ns, At safepoint: 6900 ns, Total: 117902 ns
[1533.403s][info ][safepoint      ] Safepoint "Cleanup", Time since last: 2000175520 ns, Reaching safepoint: 117003 ns, At safepoint: 17600 ns, Total: 134603 ns
[1536.403s][info ][safepoint      ] Safepoint "Cleanup", Time since last: 3000237278 ns, Reaching safepoint: 62902 ns, At safepoint: 6400 ns, Total: 69302 ns
[1537.404s][info ][safepoint      ] Safepoint "Cleanup", Time since last: 1000106459 ns, Reaching safepoint: 55102 ns, At safepoint: 6200 ns, Total: 61302 ns
[1538.404s][info ][safepoint      ] Safepoint "Cleanup", Time since last: 1000104959 ns, Reaching safepoint: 59902 ns, At safepoint: 2800 ns, Total: 62702 ns
[1538.604s][info ][gc,start       ] GC(172) Pause Young (Allocation Failure)
[1538.617s][debug][gc,phases      ] GC(172) Scavenge 13.151ms
[1538.617s][debug][gc,ref         ] GC(172) Skipped phase 1 of Reference Processing: no references
[1538.617s][debug][gc,ref         ] GC(172) ReferenceProcessor::execute queues: 1, RefProcThreadModel::Single, marks_oops_alive: false
[1538.617s][debug][gc,ref         ] GC(172) Skipped phase 3 of Reference Processing: no references
[1538.617s][debug][gc,ref         ] GC(172) ReferenceProcessor::execute queues: 1, RefProcThreadModel::Single, marks_oops_alive: false
[1538.617s][debug][gc,phases      ] GC(172) Reference Processing 0.107ms
[1538.617s][debug][gc,phases      ] GC(172)   VM Weak                        Min:  0.0, Avg:  0.0, Max:  0.0, Diff:  0.0, Sum:  0.0, Workers: 4
[1538.617s][debug][gc,phases      ] GC(172)     Dead                           Min: 0, Avg:  0.0, Max: 0, Diff: 0, Sum: 0, Workers: 4
[1538.617s][debug][gc,phases      ] GC(172)     Total                          Min: 0, Avg: 187.8, Max: 751, Diff: 751, Sum: 751, Workers: 4
[1538.617s][debug][gc,phases      ] GC(172)   ObjectSynchronizer Weak        Min:  0.0, Avg:  0.0, Max:  0.0, Diff:  0.0, Sum:  0.0, Workers: 4
[1538.617s][debug][gc,phases      ] GC(172)     Dead                           Min: 0, Avg:  0.0, Max: 0, Diff: 0, Sum: 0, Workers: 4
[1538.617s][debug][gc,phases      ] GC(172)     Total                          Min: 0, Avg: 98.2, Max: 320, Diff: 320, Sum: 393, Workers: 4
[1538.617s][debug][gc,phases      ] GC(172)   JVMTI Tag Weak OopStorage      Min:  0.0, Avg:  0.0, Max:  0.0, Diff:  0.0, Sum:  0.0, Workers: 4
[1538.617s][debug][gc,phases      ] GC(172)     Dead                           Min: 0, Avg:  0.0, Max: 0, Diff: 0, Sum: 0, Workers: 4
[1538.617s][debug][gc,phases      ] GC(172)     Total                          Min: 0, Avg:  0.0, Max: 0, Diff: 0, Sum: 0, Workers: 4
[1538.617s][debug][gc,phases      ] GC(172)   StringTable Weak               Min:  0.1, Avg:  0.1, Max:  0.1, Diff:  0.0, Sum:  0.4, Workers: 4
[1538.617s][debug][gc,phases      ] GC(172)     Dead                           Min: 0, Avg:  0.0, Max: 0, Diff: 0, Sum: 0, Workers: 4
[1538.617s][debug][gc,phases      ] GC(172)     Total                          Min: 10432, Avg: 12227.5, Max: 13568, Diff: 3136, Sum: 48910, Workers: 4
[1538.617s][debug][gc,phases      ] GC(172)   ResolvedMethodTable Weak       Min:  0.0, Avg:  0.0, Max:  0.0, Diff:  0.0, Sum:  0.1, Workers: 4
[1538.617s][debug][gc,phases      ] GC(172)     Dead                           Min: 0, Avg:  0.0, Max: 0, Diff: 0, Sum: 0, Workers: 4
[1538.617s][debug][gc,phases      ] GC(172)     Total                          Min: 1984, Avg: 2229.5, Max: 2368, Diff: 384, Sum: 8918, Workers: 4
[1538.617s][debug][gc,phases      ] GC(172)   JNI Weak                       Min:  0.0, Avg:  0.0, Max:  0.0, Diff:  0.0, Sum:  0.0, Workers: 4
[1538.617s][debug][gc,phases      ] GC(172)     Dead                           Min: 0, Avg:  0.0, Max: 0, Diff: 0, Sum: 0, Workers: 4
[1538.617s][debug][gc,phases      ] GC(172)     Total                          Min: 0, Avg:  0.8, Max: 3, Diff: 3, Sum: 3, Workers: 4
[1538.617s][debug][gc,phases      ] GC(172)   StringDedup Table Weak         Min:  0.0, Avg:  0.0, Max:  0.0, Diff:  0.0, Sum:  0.0, Workers: 4
[1538.617s][debug][gc,phases      ] GC(172)     Dead                           Min: 0, Avg:  0.0, Max: 0, Diff: 0, Sum: 0, Workers: 4
[1538.617s][debug][gc,phases      ] GC(172)     Total                          Min: 0, Avg:  0.0, Max: 0, Diff: 0, Sum: 0, Workers: 4
[1538.617s][debug][gc,phases      ] GC(172)   StringDedup Requests0 Weak     Min:  0.0, Avg:  0.0, Max:  0.0, Diff:  0.0, Sum:  0.0, Workers: 4
[1538.617s][debug][gc,phases      ] GC(172)     Dead                           Min: 0, Avg:  0.0, Max: 0, Diff: 0, Sum: 0, Workers: 4
[1538.617s][debug][gc,phases      ] GC(172)     Total                          Min: 0, Avg:  0.0, Max: 0, Diff: 0, Sum: 0, Workers: 4
[1538.617s][debug][gc,phases      ] GC(172)   StringDedup Requests1 Weak     Min:  0.0, Avg:  0.0, Max:  0.0, Diff:  0.0, Sum:  0.0, Workers: 4
[1538.617s][debug][gc,phases      ] GC(172)     Dead                           Min: 0, Avg:  0.0, Max: 0, Diff: 0, Sum: 0, Workers: 4
[1538.618s][debug][gc,phases      ] GC(172)     Total                          Min: 0, Avg:  0.0, Max: 0, Diff: 0, Sum: 0, Workers: 4
[1538.618s][debug][gc,phases      ] GC(172)   Weak JFR Old Object Samples    Min:  0.0, Avg:  0.0, Max:  0.0, Diff:  0.0, Sum:  0.0, Workers: 4
[1538.618s][debug][gc,phases      ] GC(172)     Dead                           Min: 0, Avg:  0.0, Max: 0, Diff: 0, Sum: 0, Workers: 4
[1538.618s][debug][gc,phases      ] GC(172)     Total                          Min: 0, Avg:  0.0, Max: 0, Diff: 0, Sum: 0, Workers: 4
[1538.618s][debug][gc,phases      ] GC(172) Weak Processing 0.331ms
[1538.618s][debug][gc,age         ] GC(172) Desired survivor size 179830784 bytes, new threshold 15 (max threshold 15)
[1538.618s][info ][gc,heap        ] GC(172) PSYoungGen: 1751248K(1751552K)->16240K(1921536K) Eden: 1748992K(1748992K)->0K(1744384K) From: 2256K(2560K)->16240K(177152K)
[1538.618s][info ][gc,heap        ] GC(172) ParOldGen: 590004K(740864K)->590012K(740864K)
[1538.618s][info ][gc,metaspace   ] GC(172) Metaspace: 85315K(86272K)->85315K(86272K) NonClass: 73313K(73856K)->73313K(73856K) Class: 12001K(12416K)->12001K(12416K)
[1538.618s][info ][gc             ] GC(172) Pause Young (Allocation Failure) 2286M->592M(2600M) 13.714ms
[1538.618s][info ][gc,cpu         ] GC(172) User=0.06s Sys=0.00s Real=0.01s
[1538.618s][info ][safepoint      ] Safepoint "ParallelGCFailedAllocation", Time since last: 200016552 ns, Reaching safepoint: 114502 ns, At safepoint: 13806828 ns, Total: 13921330 ns
[1539.618s][info ][safepoint      ] Safepoint "Cleanup", Time since last: 1000088459 ns, Reaching safepoint: 110803 ns, At safepoint: 6200 ns, Total: 117003 ns
[1551.644s][info ][gc,start       ] GC(173) Pause Young (Allocation Failure)
[1551.652s][debug][gc,phases      ] GC(173) Scavenge 7.635ms
[1551.652s][debug][gc,ref         ] GC(173) Skipped phase 1 of Reference Processing: no references
[1551.652s][debug][gc,ref         ] GC(173) ReferenceProcessor::execute queues: 1, RefProcThreadModel::Single, marks_oops_alive: false
[1551.652s][debug][gc,ref         ] GC(173) Skipped phase 3 of Reference Processing: no references
[1551.652s][debug][gc,ref         ] GC(173) ReferenceProcessor::execute queues: 1, RefProcThreadModel::Single, marks_oops_alive: false
[1551.652s][debug][gc,phases      ] GC(173) Reference Processing 0.103ms
[1551.652s][debug][gc,phases      ] GC(173)   VM Weak                        Min:  0.0, Avg:  0.0, Max:  0.0, Diff:  0.0, Sum:  0.0, Workers: 4
[1551.652s][debug][gc,phases      ] GC(173)     Dead                           Min: 0, Avg:  0.0, Max: 0, Diff: 0, Sum: 0, Workers: 4
[1551.652s][debug][gc,phases      ] GC(173)     Total                          Min: 0, Avg: 187.8, Max: 751, Diff: 751, Sum: 751, Workers: 4
[1551.652s][debug][gc,phases      ] GC(173)   ObjectSynchronizer Weak        Min:  0.0, Avg:  0.0, Max:  0.0, Diff:  0.0, Sum:  0.0, Workers: 4
[1551.652s][debug][gc,phases      ] GC(173)     Dead                           Min: 0, Avg:  0.0, Max: 0, Diff: 0, Sum: 0, Workers: 4
[1551.652s][debug][gc,phases      ] GC(173)     Total                          Min: 0, Avg: 98.2, Max: 384, Diff: 384, Sum: 393, Workers: 4
[1551.652s][debug][gc,phases      ] GC(173)   JVMTI Tag Weak OopStorage      Min:  0.0, Avg:  0.0, Max:  0.0, Diff:  0.0, Sum:  0.0, Workers: 4
[1551.652s][debug][gc,phases      ] GC(173)     Dead                           Min: 0, Avg:  0.0, Max: 0, Diff: 0, Sum: 0, Workers: 4
[1551.652s][debug][gc,phases      ] GC(173)     Total                          Min: 0, Avg:  0.0, Max: 0, Diff: 0, Sum: 0, Workers: 4
[1551.652s][debug][gc,phases      ] GC(173)   StringTable Weak               Min:  0.1, Avg:  0.1, Max:  0.1, Diff:  0.0, Sum:  0.4, Workers: 4
[1551.652s][debug][gc,phases      ] GC(173)     Dead                           Min: 0, Avg:  0.0, Max: 0, Diff: 0, Sum: 0, Workers: 4
[1551.652s][debug][gc,phases      ] GC(173)     Total                          Min: 11855, Avg: 12227.8, Max: 12480, Diff: 625, Sum: 48911, Workers: 4
[1551.652s][debug][gc,phases      ] GC(173)   ResolvedMethodTable Weak       Min:  0.0, Avg:  0.0, Max:  0.0, Diff:  0.0, Sum:  0.1, Workers: 4
[1551.652s][debug][gc,phases      ] GC(173)     Dead                           Min: 0, Avg:  0.0, Max: 0, Diff: 0, Sum: 0, Workers: 4
[1551.652s][debug][gc,phases      ] GC(173)     Total                          Min: 2112, Avg: 2229.5, Max: 2432, Diff: 320, Sum: 8918, Workers: 4
[1551.652s][debug][gc,phases      ] GC(173)   JNI Weak                       Min:  0.0, Avg:  0.0, Max:  0.0, Diff:  0.0, Sum:  0.0, Workers: 4
[1551.652s][debug][gc,phases      ] GC(173)     Dead                           Min: 0, Avg:  0.0, Max: 0, Diff: 0, Sum: 0, Workers: 4
[1551.652s][debug][gc,phases      ] GC(173)     Total                          Min: 0, Avg:  0.0, Max: 0, Diff: 0, Sum: 0, Workers: 4
[1551.652s][debug][gc,phases      ] GC(173)   StringDedup Table Weak         Min:  0.0, Avg:  0.0, Max:  0.0, Diff:  0.0, Sum:  0.0, Workers: 4
[1551.652s][debug][gc,phases      ] GC(173)     Dead                           Min: 0, Avg:  0.0, Max: 0, Diff: 0, Sum: 0, Workers: 4
[1551.652s][debug][gc,phases      ] GC(173)     Total                          Min: 0, Avg:  0.0, Max: 0, Diff: 0, Sum: 0, Workers: 4
[1551.652s][debug][gc,phases      ] GC(173)   StringDedup Requests0 Weak     Min:  0.0, Avg:  0.0, Max:  0.0, Diff:  0.0, Sum:  0.0, Workers: 4
[1551.652s][debug][gc,phases      ] GC(173)     Dead                           Min: 0, Avg:  0.0, Max: 0, Diff: 0, Sum: 0, Workers: 4
[1551.652s][debug][gc,phases      ] GC(173)     Total                          Min: 0, Avg:  0.0, Max: 0, Diff: 0, Sum: 0, Workers: 4
[1551.652s][debug][gc,phases      ] GC(173)   StringDedup Requests1 Weak     Min:  0.0, Avg:  0.0, Max:  0.0, Diff:  0.0, Sum:  0.0, Workers: 4
[1551.652s][debug][gc,phases      ] GC(173)     Dead                           Min: 0, Avg:  0.0, Max: 0, Diff: 0, Sum: 0, Workers: 4
[1551.652s][debug][gc,phases      ] GC(173)     Total                          Min: 0, Avg:  0.0, Max: 0, Diff: 0, Sum: 0, Workers: 4
[1551.652s][debug][gc,phases      ] GC(173)   Weak JFR Old Object Samples    Min:  0.0, Avg:  0.0, Max:  0.0, Diff:  0.0, Sum:  0.0, Workers: 4
[1551.652s][debug][gc,phases      ] GC(173)     Dead                           Min: 0, Avg:  0.0, Max: 0, Diff: 0, Sum: 0, Workers: 4
[1551.652s][debug][gc,phases      ] GC(173)     Total                          Min: 0, Avg:  0.0, Max: 0, Diff: 0, Sum: 0, Workers: 4
[1551.652s][debug][gc,phases      ] GC(173) Weak Processing 0.312ms
[1551.652s][debug][gc,age         ] GC(173) Desired survivor size 178257920 bytes, new threshold 15 (max threshold 15)
[1551.652s][info ][gc,heap        ] GC(173) PSYoungGen: 1760624K(1921536K)->11296K(1920000K) Eden: 1744384K(1744384K)->0K(1744384K) From: 16240K(177152K)->11296K(175616K)
[1551.652s][info ][gc,heap        ] GC(173) ParOldGen: 590012K(740864K)->590036K(740864K)
[1551.652s][info ][gc,metaspace   ] GC(173) Metaspace: 85323K(86272K)->85323K(86272K) NonClass: 73321K(73856K)->73321K(73856K) Class: 12002K(12416K)->12002K(12416K)
[1551.652s][info ][gc             ] GC(173) Pause Young (Allocation Failure) 2295M->587M(2598M) 8.193ms
[1551.652s][info ][gc,cpu         ] GC(173) User=0.03s Sys=0.00s Real=0.01s
[1551.652s][info ][safepoint      ] Safepoint "ParallelGCFailedAllocation", Time since last: 12025964789 ns, Reaching safepoint: 119202 ns, At safepoint: 8285597 ns, Total: 8404799 ns
[1556.653s][info ][safepoint      ] Safepoint "Cleanup", Time since last: 5000339883 ns, Reaching safepoint: 45901 ns, At safepoint: 2400 ns, Total: 48301 ns
[1558.653s][info ][safepoint      ] Safepoint "Cleanup", Time since last: 2000174613 ns, Reaching safepoint: 44501 ns, At safepoint: 5700 ns, Total: 50201 ns
[1560.653s][info ][safepoint      ] Safepoint "Cleanup", Time since last: 2000179113 ns, Reaching safepoint: 43201 ns, At safepoint: 7000 ns, Total: 50201 ns
[1565.544s][info ][gc,start       ] GC(174) Pause Young (Allocation Failure)
[1565.552s][debug][gc,phases      ] GC(174) Scavenge 8.191ms
[1565.552s][debug][gc,ref         ] GC(174) Skipped phase 1 of Reference Processing: no references
[1565.552s][debug][gc,ref         ] GC(174) ReferenceProcessor::execute queues: 1, RefProcThreadModel::Single, marks_oops_alive: false
[1565.552s][debug][gc,ref         ] GC(174) Skipped phase 3 of Reference Processing: no references
[1565.552s][debug][gc,ref         ] GC(174) ReferenceProcessor::execute queues: 1, RefProcThreadModel::Single, marks_oops_alive: false
[1565.552s][debug][gc,phases      ] GC(174) Reference Processing 0.116ms
[1565.553s][debug][gc,phases      ] GC(174)   VM Weak                        Min:  0.0, Avg:  0.0, Max:  0.0, Diff:  0.0, Sum:  0.0, Workers: 4
[1565.553s][debug][gc,phases      ] GC(174)     Dead                           Min: 0, Avg:  0.0, Max: 0, Diff: 0, Sum: 0, Workers: 4
[1565.553s][debug][gc,phases      ] GC(174)     Total                          Min: 0, Avg: 187.8, Max: 576, Diff: 576, Sum: 751, Workers: 4
[1565.553s][debug][gc,phases      ] GC(174)   ObjectSynchronizer Weak        Min:  0.0, Avg:  0.0, Max:  0.0, Diff:  0.0, Sum:  0.0, Workers: 4
[1565.553s][debug][gc,phases      ] GC(174)     Dead                           Min: 0, Avg:  0.0, Max: 0, Diff: 0, Sum: 0, Workers: 4
[1565.553s][debug][gc,phases      ] GC(174)     Total                          Min: 9, Avg: 98.2, Max: 128, Diff: 119, Sum: 393, Workers: 4
[1565.553s][debug][gc,phases      ] GC(174)   JVMTI Tag Weak OopStorage      Min:  0.0, Avg:  0.0, Max:  0.0, Diff:  0.0, Sum:  0.0, Workers: 4
[1565.553s][debug][gc,phases      ] GC(174)     Dead                           Min: 0, Avg:  0.0, Max: 0, Diff: 0, Sum: 0, Workers: 4
[1565.553s][debug][gc,phases      ] GC(174)     Total                          Min: 0, Avg:  0.0, Max: 0, Diff: 0, Sum: 0, Workers: 4
[1565.553s][debug][gc,phases      ] GC(174)   StringTable Weak               Min:  0.1, Avg:  0.1, Max:  0.1, Diff:  0.0, Sum:  0.4, Workers: 4
[1565.553s][debug][gc,phases      ] GC(174)     Dead                           Min: 0, Avg:  0.0, Max: 0, Diff: 0, Sum: 0, Workers: 4
[1565.553s][debug][gc,phases      ] GC(174)     Total                          Min: 11087, Avg: 12227.8, Max: 13440, Diff: 2353, Sum: 48911, Workers: 4
[1565.553s][debug][gc,phases      ] GC(174)   ResolvedMethodTable Weak       Min:  0.0, Avg:  0.0, Max:  0.0, Diff:  0.0, Sum:  0.1, Workers: 4
[1565.553s][debug][gc,phases      ] GC(174)     Dead                           Min: 0, Avg:  0.0, Max: 0, Diff: 0, Sum: 0, Workers: 4
[1565.553s][debug][gc,phases      ] GC(174)     Total                          Min: 2112, Avg: 2229.5, Max: 2560, Diff: 448, Sum: 8918, Workers: 4
[1565.553s][debug][gc,phases      ] GC(174)   JNI Weak                       Min:  0.0, Avg:  0.0, Max:  0.0, Diff:  0.0, Sum:  0.0, Workers: 4
[1565.553s][debug][gc,phases      ] GC(174)     Dead                           Min: 0, Avg:  0.0, Max: 0, Diff: 0, Sum: 0, Workers: 4
[1565.553s][debug][gc,phases      ] GC(174)     Total                          Min: 0, Avg:  0.0, Max: 0, Diff: 0, Sum: 0, Workers: 4
[1565.553s][debug][gc,phases      ] GC(174)   StringDedup Table Weak         Min:  0.0, Avg:  0.0, Max:  0.0, Diff:  0.0, Sum:  0.0, Workers: 4
[1565.553s][debug][gc,phases      ] GC(174)     Dead                           Min: 0, Avg:  0.0, Max: 0, Diff: 0, Sum: 0, Workers: 4
[1565.553s][debug][gc,phases      ] GC(174)     Total                          Min: 0, Avg:  0.0, Max: 0, Diff: 0, Sum: 0, Workers: 4
[1565.553s][debug][gc,phases      ] GC(174)   StringDedup Requests0 Weak     Min:  0.0, Avg:  0.0, Max:  0.0, Diff:  0.0, Sum:  0.0, Workers: 4
[1565.553s][debug][gc,phases      ] GC(174)     Dead                           Min: 0, Avg:  0.0, Max: 0, Diff: 0, Sum: 0, Workers: 4
[1565.553s][debug][gc,phases      ] GC(174)     Total                          Min: 0, Avg:  0.0, Max: 0, Diff: 0, Sum: 0, Workers: 4
[1565.553s][debug][gc,phases      ] GC(174)   StringDedup Requests1 Weak     Min:  0.0, Avg:  0.0, Max:  0.0, Diff:  0.0, Sum:  0.0, Workers: 4
[1565.553s][debug][gc,phases      ] GC(174)     Dead                           Min: 0, Avg:  0.0, Max: 0, Diff: 0, Sum: 0, Workers: 4
[1565.553s][debug][gc,phases      ] GC(174)     Total                          Min: 0, Avg:  0.0, Max: 0, Diff: 0, Sum: 0, Workers: 4
[1565.553s][debug][gc,phases      ] GC(174)   Weak JFR Old Object Samples    Min:  0.0, Avg:  0.0, Max:  0.0, Diff:  0.0, Sum:  0.0, Workers: 4
[1565.553s][debug][gc,phases      ] GC(174)     Dead                           Min: 0, Avg:  0.0, Max: 0, Diff: 0, Sum: 0, Workers: 4
[1565.553s][debug][gc,phases      ] GC(174)     Total                          Min: 0, Avg:  0.0, Max: 0, Diff: 0, Sum: 0, Workers: 4
[1565.553s][debug][gc,phases      ] GC(174) Weak Processing 0.311ms
[1565.553s][debug][gc,age         ] GC(174) Desired survivor size 174587904 bytes, new threshold 15 (max threshold 15)
[1565.553s][info ][gc,heap        ] GC(174) PSYoungGen: 1755680K(1920000K)->12048K(1926656K) Eden: 1744384K(1744384K)->0K(1752576K) From: 11296K(175616K)->12048K(174080K)
[1565.553s][info ][gc,heap        ] GC(174) ParOldGen: 590036K(740864K)->590148K(740864K)
[1565.553s][info ][gc,metaspace   ] GC(174) Metaspace: 85331K(86272K)->85331K(86272K) NonClass: 73328K(73856K)->73328K(73856K) Class: 12002K(12416K)->12002K(12416K)
[1565.553s][info ][gc             ] GC(174) Pause Young (Allocation Failure) 2290M->588M(2605M) 8.758ms
[1565.553s][info ][gc,cpu         ] GC(174) User=0.02s Sys=0.01s Real=0.01s
[1565.553s][info ][safepoint      ] Safepoint "ParallelGCFailedAllocation", Time since last: 4890896477 ns, Reaching safepoint: 108503 ns, At safepoint: 8851510 ns, Total: 8960013 ns
[1572.553s][info ][safepoint      ] Safepoint "Cleanup", Time since last: 7000425981 ns, Reaching safepoint: 56602 ns, At safepoint: 5500 ns, Total: 62102 ns
[1574.554s][info ][safepoint      ] Safepoint "Cleanup", Time since last: 2000170809 ns, Reaching safepoint: 43701 ns, At safepoint: 16300 ns, Total: 60001 ns
[1578.554s][info ][safepoint      ] Safepoint "Cleanup", Time since last: 4000304816 ns, Reaching safepoint: 41301 ns, At safepoint: 2800 ns, Total: 44101 ns
[1579.294s][info ][gc,start       ] GC(175) Pause Young (Allocation Failure)
[1579.301s][debug][gc,phases      ] GC(175) Scavenge 7.492ms
[1579.301s][debug][gc,ref         ] GC(175) Skipped phase 1 of Reference Processing: no references
[1579.301s][debug][gc,ref         ] GC(175) ReferenceProcessor::execute queues: 1, RefProcThreadModel::Single, marks_oops_alive: false
[1579.301s][debug][gc,ref         ] GC(175) Skipped phase 3 of Reference Processing: no references
[1579.301s][debug][gc,ref         ] GC(175) ReferenceProcessor::execute queues: 1, RefProcThreadModel::Single, marks_oops_alive: false
[1579.301s][debug][gc,phases      ] GC(175) Reference Processing 0.102ms
[1579.302s][debug][gc,phases      ] GC(175)   VM Weak                        Min:  0.0, Avg:  0.0, Max:  0.0, Diff:  0.0, Sum:  0.0, Workers: 4
[1579.302s][debug][gc,phases      ] GC(175)     Dead                           Min: 0, Avg:  0.0, Max: 0, Diff: 0, Sum: 0, Workers: 4
[1579.302s][debug][gc,phases      ] GC(175)     Total                          Min: 0, Avg: 187.8, Max: 576, Diff: 576, Sum: 751, Workers: 4
[1579.302s][debug][gc,phases      ] GC(175)   ObjectSynchronizer Weak        Min:  0.0, Avg:  0.0, Max:  0.0, Diff:  0.0, Sum:  0.0, Workers: 4
[1579.302s][debug][gc,phases      ] GC(175)     Dead                           Min: 0, Avg:  0.0, Max: 0, Diff: 0, Sum: 0, Workers: 4
[1579.302s][debug][gc,phases      ] GC(175)     Total                          Min: 0, Avg: 98.5, Max: 192, Diff: 192, Sum: 394, Workers: 4
[1579.302s][debug][gc,phases      ] GC(175)   JVMTI Tag Weak OopStorage      Min:  0.0, Avg:  0.0, Max:  0.0, Diff:  0.0, Sum:  0.0, Workers: 4
[1579.302s][debug][gc,phases      ] GC(175)     Dead                           Min: 0, Avg:  0.0, Max: 0, Diff: 0, Sum: 0, Workers: 4
[1579.302s][debug][gc,phases      ] GC(175)     Total                          Min: 0, Avg:  0.0, Max: 0, Diff: 0, Sum: 0, Workers: 4
[1579.302s][debug][gc,phases      ] GC(175)   StringTable Weak               Min:  0.1, Avg:  0.1, Max:  0.1, Diff:  0.0, Sum:  0.4, Workers: 4
[1579.302s][debug][gc,phases      ] GC(175)     Dead                           Min: 0, Avg:  0.0, Max: 0, Diff: 0, Sum: 0, Workers: 4
[1579.302s][debug][gc,phases      ] GC(175)     Total                          Min: 11200, Avg: 12227.8, Max: 13568, Diff: 2368, Sum: 48911, Workers: 4
[1579.302s][debug][gc,phases      ] GC(175)   ResolvedMethodTable Weak       Min:  0.0, Avg:  0.0, Max:  0.0, Diff:  0.0, Sum:  0.1, Workers: 4
[1579.302s][debug][gc,phases      ] GC(175)     Dead                           Min: 0, Avg:  0.0, Max: 0, Diff: 0, Sum: 0, Workers: 4
[1579.302s][debug][gc,phases      ] GC(175)     Total                          Min: 2048, Avg: 2229.5, Max: 2326, Diff: 278, Sum: 8918, Workers: 4
[1579.302s][debug][gc,phases      ] GC(175)   JNI Weak                       Min:  0.0, Avg:  0.0, Max:  0.0, Diff:  0.0, Sum:  0.0, Workers: 4
[1579.302s][debug][gc,phases      ] GC(175)     Dead                           Min: 0, Avg:  0.0, Max: 0, Diff: 0, Sum: 0, Workers: 4
[1579.302s][debug][gc,phases      ] GC(175)     Total                          Min: 0, Avg:  0.0, Max: 0, Diff: 0, Sum: 0, Workers: 4
[1579.302s][debug][gc,phases      ] GC(175)   StringDedup Table Weak         Min:  0.0, Avg:  0.0, Max:  0.0, Diff:  0.0, Sum:  0.0, Workers: 4
[1579.302s][debug][gc,phases      ] GC(175)     Dead                           Min: 0, Avg:  0.0, Max: 0, Diff: 0, Sum: 0, Workers: 4
[1579.302s][debug][gc,phases      ] GC(175)     Total                          Min: 0, Avg:  0.0, Max: 0, Diff: 0, Sum: 0, Workers: 4
[1579.302s][debug][gc,phases      ] GC(175)   StringDedup Requests0 Weak     Min:  0.0, Avg:  0.0, Max:  0.0, Diff:  0.0, Sum:  0.0, Workers: 4
[1579.302s][debug][gc,phases      ] GC(175)     Dead                           Min: 0, Avg:  0.0, Max: 0, Diff: 0, Sum: 0, Workers: 4
[1579.302s][debug][gc,phases      ] GC(175)     Total                          Min: 0, Avg:  0.0, Max: 0, Diff: 0, Sum: 0, Workers: 4
[1579.302s][debug][gc,phases      ] GC(175)   StringDedup Requests1 Weak     Min:  0.0, Avg:  0.0, Max:  0.0, Diff:  0.0, Sum:  0.0, Workers: 4
[1579.302s][debug][gc,phases      ] GC(175)     Dead                           Min: 0, Avg:  0.0, Max: 0, Diff: 0, Sum: 0, Workers: 4
[1579.302s][debug][gc,phases      ] GC(175)     Total                          Min: 0, Avg:  0.0, Max: 0, Diff: 0, Sum: 0, Workers: 4
[1579.302s][debug][gc,phases      ] GC(175)   Weak JFR Old Object Samples    Min:  0.0, Avg:  0.0, Max:  0.0, Diff:  0.0, Sum:  0.0, Workers: 4
[1579.302s][debug][gc,phases      ] GC(175)     Dead                           Min: 0, Avg:  0.0, Max: 0, Diff: 0, Sum: 0, Workers: 4
[1579.302s][debug][gc,phases      ] GC(175)     Total                          Min: 0, Avg:  0.0, Max: 0, Diff: 0, Sum: 0, Workers: 4
[1579.302s][debug][gc,phases      ] GC(175) Weak Processing 0.312ms
[1579.302s][debug][gc,age         ] GC(175) Desired survivor size 170393600 bytes, new threshold 15 (max threshold 15)
[1579.302s][info ][gc,heap        ] GC(175) PSYoungGen: 1764624K(1926656K)->11104K(1923072K) Eden: 1752576K(1752576K)->0K(1752576K) From: 12048K(174080K)->11104K(170496K)
[1579.302s][info ][gc,heap        ] GC(175) ParOldGen: 590148K(740864K)->590372K(740864K)
[1579.302s][info ][gc,metaspace   ] GC(175) Metaspace: 85335K(86272K)->85335K(86272K) NonClass: 73333K(73856K)->73333K(73856K) Class: 12002K(12416K)->12002K(12416K)
[1579.302s][info ][gc             ] GC(175) Pause Young (Allocation Failure) 2299M->587M(2601M) 8.040ms
[1579.302s][info ][gc,cpu         ] GC(175) User=0.03s Sys=0.00s Real=0.00s
[1579.302s][info ][safepoint      ] Safepoint "ParallelGCFailedAllocation", Time since last: 739688369 ns, Reaching safepoint: 40301 ns, At safepoint: 8132593 ns, Total: 8172894 ns
[1587.303s][info ][safepoint      ] Safepoint "Cleanup", Time since last: 8000545423 ns, Reaching safepoint: 120303 ns, At safepoint: 11301 ns, Total: 131604 ns
[1588.303s][info ][safepoint      ] Safepoint "Cleanup", Time since last: 1000116553 ns, Reaching safepoint: 60801 ns, At safepoint: 12301 ns, Total: 73102 ns
[1589.303s][info ][safepoint      ] Safepoint "Cleanup", Time since last: 1000110153 ns, Reaching safepoint: 60801 ns, At safepoint: 7801 ns, Total: 68602 ns
[1592.303s][info ][safepoint      ] Safepoint "Cleanup", Time since last: 3000230356 ns, Reaching safepoint: 37301 ns, At safepoint: 2700 ns, Total: 40001 ns
[1592.595s][info ][gc,start       ] GC(176) Pause Young (Allocation Failure)
[1592.603s][debug][gc,phases      ] GC(176) Scavenge 7.794ms
[1592.603s][debug][gc,ref         ] GC(176) Skipped phase 1 of Reference Processing: no references
[1592.603s][debug][gc,ref         ] GC(176) ReferenceProcessor::execute queues: 1, RefProcThreadModel::Single, marks_oops_alive: false
[1592.603s][debug][gc,ref         ] GC(176) Skipped phase 3 of Reference Processing: no references
[1592.603s][debug][gc,ref         ] GC(176) ReferenceProcessor::execute queues: 1, RefProcThreadModel::Single, marks_oops_alive: false
[1592.603s][debug][gc,phases      ] GC(176) Reference Processing 0.115ms
[1592.603s][debug][gc,phases      ] GC(176)   VM Weak                        Min:  0.0, Avg:  0.0, Max:  0.0, Diff:  0.0, Sum:  0.0, Workers: 4
[1592.603s][debug][gc,phases      ] GC(176)     Dead                           Min: 0, Avg:  0.0, Max: 0, Diff: 0, Sum: 0, Workers: 4
[1592.603s][debug][gc,phases      ] GC(176)     Total                          Min: 0, Avg: 187.8, Max: 751, Diff: 751, Sum: 751, Workers: 4
[1592.603s][debug][gc,phases      ] GC(176)   ObjectSynchronizer Weak        Min:  0.0, Avg:  0.0, Max:  0.0, Diff:  0.0, Sum:  0.0, Workers: 4
[1592.603s][debug][gc,phases      ] GC(176)     Dead                           Min: 0, Avg:  0.0, Max: 0, Diff: 0, Sum: 0, Workers: 4
[1592.603s][debug][gc,phases      ] GC(176)     Total                          Min: 0, Avg: 98.5, Max: 192, Diff: 192, Sum: 394, Workers: 4
[1592.603s][debug][gc,phases      ] GC(176)   JVMTI Tag Weak OopStorage      Min:  0.0, Avg:  0.0, Max:  0.0, Diff:  0.0, Sum:  0.0, Workers: 4
[1592.603s][debug][gc,phases      ] GC(176)     Dead                           Min: 0, Avg:  0.0, Max: 0, Diff: 0, Sum: 0, Workers: 4
[1592.603s][debug][gc,phases      ] GC(176)     Total                          Min: 0, Avg:  0.0, Max: 0, Diff: 0, Sum: 0, Workers: 4
[1592.603s][debug][gc,phases      ] GC(176)   StringTable Weak               Min:  0.1, Avg:  0.1, Max:  0.1, Diff:  0.0, Sum:  0.4, Workers: 4
[1592.603s][debug][gc,phases      ] GC(176)     Dead                           Min: 0, Avg:  0.0, Max: 0, Diff: 0, Sum: 0, Workers: 4
[1592.603s][debug][gc,phases      ] GC(176)     Total                          Min: 11776, Avg: 12227.8, Max: 13120, Diff: 1344, Sum: 48911, Workers: 4
[1592.603s][debug][gc,phases      ] GC(176)   ResolvedMethodTable Weak       Min:  0.0, Avg:  0.0, Max:  0.0, Diff:  0.0, Sum:  0.1, Workers: 4
[1592.603s][debug][gc,phases      ] GC(176)     Dead                           Min: 0, Avg:  0.0, Max: 0, Diff: 0, Sum: 0, Workers: 4
[1592.603s][debug][gc,phases      ] GC(176)     Total                          Min: 1472, Avg: 2229.5, Max: 2518, Diff: 1046, Sum: 8918, Workers: 4
[1592.603s][debug][gc,phases      ] GC(176)   JNI Weak                       Min:  0.0, Avg:  0.0, Max:  0.0, Diff:  0.0, Sum:  0.0, Workers: 4
[1592.603s][debug][gc,phases      ] GC(176)     Dead                           Min: 0, Avg:  0.0, Max: 0, Diff: 0, Sum: 0, Workers: 4
[1592.603s][debug][gc,phases      ] GC(176)     Total                          Min: 0, Avg:  0.0, Max: 0, Diff: 0, Sum: 0, Workers: 4
[1592.603s][debug][gc,phases      ] GC(176)   StringDedup Table Weak         Min:  0.0, Avg:  0.0, Max:  0.0, Diff:  0.0, Sum:  0.0, Workers: 4
[1592.603s][debug][gc,phases      ] GC(176)     Dead                           Min: 0, Avg:  0.0, Max: 0, Diff: 0, Sum: 0, Workers: 4
[1592.603s][debug][gc,phases      ] GC(176)     Total                          Min: 0, Avg:  0.0, Max: 0, Diff: 0, Sum: 0, Workers: 4
[1592.603s][debug][gc,phases      ] GC(176)   StringDedup Requests0 Weak     Min:  0.0, Avg:  0.0, Max:  0.0, Diff:  0.0, Sum:  0.0, Workers: 4
[1592.603s][debug][gc,phases      ] GC(176)     Dead                           Min: 0, Avg:  0.0, Max: 0, Diff: 0, Sum: 0, Workers: 4
[1592.603s][debug][gc,phases      ] GC(176)     Total                          Min: 0, Avg:  0.0, Max: 0, Diff: 0, Sum: 0, Workers: 4
[1592.603s][debug][gc,phases      ] GC(176)   StringDedup Requests1 Weak     Min:  0.0, Avg:  0.0, Max:  0.0, Diff:  0.0, Sum:  0.0, Workers: 4
[1592.603s][debug][gc,phases      ] GC(176)     Dead                           Min: 0, Avg:  0.0, Max: 0, Diff: 0, Sum: 0, Workers: 4
[1592.603s][debug][gc,phases      ] GC(176)     Total                          Min: 0, Avg:  0.0, Max: 0, Diff: 0, Sum: 0, Workers: 4
[1592.603s][debug][gc,phases      ] GC(176)   Weak JFR Old Object Samples    Min:  0.0, Avg:  0.0, Max:  0.0, Diff:  0.0, Sum:  0.0, Workers: 4
[1592.603s][debug][gc,phases      ] GC(176)     Dead                           Min: 0, Avg:  0.0, Max: 0, Diff: 0, Sum: 0, Workers: 4
[1592.603s][debug][gc,phases      ] GC(176)     Total                          Min: 0, Avg:  0.0, Max: 0, Diff: 0, Sum: 0, Workers: 4
[1592.603s][debug][gc,phases      ] GC(176) Weak Processing 0.307ms
[1592.603s][debug][gc,age         ] GC(176) Desired survivor size 165675008 bytes, new threshold 15 (max threshold 15)
[1592.603s][info ][gc,heap        ] GC(176) PSYoungGen: 1763680K(1923072K)->11024K(1935360K) Eden: 1752576K(1752576K)->0K(1768960K) From: 11104K(170496K)->11024K(166400K)
[1592.603s][info ][gc,heap        ] GC(176) ParOldGen: 590372K(740864K)->590628K(740864K)
[1592.603s][info ][gc,metaspace   ] GC(176) Metaspace: 85337K(86272K)->85337K(86272K) NonClass: 73334K(73856K)->73334K(73856K) Class: 12002K(12416K)->12002K(12416K)
[1592.603s][info ][gc             ] GC(176) Pause Young (Allocation Failure) 2298M->587M(2613M) 8.346ms
[1592.603s][info ][gc,cpu         ] GC(176) User=0.03s Sys=0.00s Real=0.00s
[1592.603s][info ][safepoint      ] Safepoint "ParallelGCFailedAllocation", Time since last: 291469923 ns, Reaching safepoint: 29300 ns, At safepoint: 8432001 ns, Total: 8461301 ns
[1595.603s][info ][safepoint      ] Safepoint "Cleanup", Time since last: 3000219155 ns, Reaching safepoint: 108203 ns, At safepoint: 9700 ns, Total: 117903 ns
[1597.604s][info ][safepoint      ] Safepoint "Cleanup", Time since last: 2000172903 ns, Reaching safepoint: 106303 ns, At safepoint: 10700 ns, Total: 117003 ns
[1598.604s][info ][safepoint      ] Safepoint "Cleanup", Time since last: 1000089952 ns, Reaching safepoint: 44101 ns, At safepoint: 2300 ns, Total: 46401 ns
[1605.604s][info ][safepoint      ] Safepoint "Cleanup", Time since last: 7000465755 ns, Reaching safepoint: 47101 ns, At safepoint: 2600 ns, Total: 49701 ns
[1606.449s][info ][gc,start       ] GC(177) Pause Young (Allocation Failure)
[1606.458s][debug][gc,phases      ] GC(177) Scavenge 8.770ms
[1606.458s][debug][gc,ref         ] GC(177) Skipped phase 1 of Reference Processing: no references
[1606.458s][debug][gc,ref         ] GC(177) ReferenceProcessor::execute queues: 1, RefProcThreadModel::Single, marks_oops_alive: false
[1606.458s][debug][gc,ref         ] GC(177) Skipped phase 3 of Reference Processing: no references
[1606.458s][debug][gc,ref         ] GC(177) ReferenceProcessor::execute queues: 1, RefProcThreadModel::Single, marks_oops_alive: false
[1606.458s][debug][gc,phases      ] GC(177) Reference Processing 0.117ms
[1606.459s][debug][gc,phases      ] GC(177)   VM Weak                        Min:  0.0, Avg:  0.0, Max:  0.0, Diff:  0.0, Sum:  0.0, Workers: 4
[1606.459s][debug][gc,phases      ] GC(177)     Dead                           Min: 0, Avg:  0.0, Max: 0, Diff: 0, Sum: 0, Workers: 4
[1606.459s][debug][gc,phases      ] GC(177)     Total                          Min: 0, Avg: 187.8, Max: 576, Diff: 576, Sum: 751, Workers: 4
[1606.459s][debug][gc,phases      ] GC(177)   ObjectSynchronizer Weak        Min:  0.0, Avg:  0.0, Max:  0.0, Diff:  0.0, Sum:  0.0, Workers: 4
[1606.459s][debug][gc,phases      ] GC(177)     Dead                           Min: 0, Avg:  0.0, Max: 0, Diff: 0, Sum: 0, Workers: 4
[1606.459s][debug][gc,phases      ] GC(177)     Total                          Min: 0, Avg: 98.5, Max: 138, Diff: 138, Sum: 394, Workers: 4
[1606.459s][debug][gc,phases      ] GC(177)   JVMTI Tag Weak OopStorage      Min:  0.0, Avg:  0.0, Max:  0.0, Diff:  0.0, Sum:  0.0, Workers: 4
[1606.459s][debug][gc,phases      ] GC(177)     Dead                           Min: 0, Avg:  0.0, Max: 0, Diff: 0, Sum: 0, Workers: 4
[1606.459s][debug][gc,phases      ] GC(177)     Total                          Min: 0, Avg:  0.0, Max: 0, Diff: 0, Sum: 0, Workers: 4
[1606.459s][debug][gc,phases      ] GC(177)   StringTable Weak               Min:  0.1, Avg:  0.1, Max:  0.1, Diff:  0.0, Sum:  0.4, Workers: 4
[1606.459s][debug][gc,phases      ] GC(177)     Dead                           Min: 0, Avg:  0.0, Max: 0, Diff: 0, Sum: 0, Workers: 4
[1606.459s][debug][gc,phases      ] GC(177)     Total                          Min: 11136, Avg: 12227.8, Max: 13504, Diff: 2368, Sum: 48911, Workers: 4
[1606.459s][debug][gc,phases      ] GC(177)   ResolvedMethodTable Weak       Min:  0.0, Avg:  0.0, Max:  0.0, Diff:  0.0, Sum:  0.1, Workers: 4
[1606.459s][debug][gc,phases      ] GC(177)     Dead                           Min: 0, Avg:  0.0, Max: 0, Diff: 0, Sum: 0, Workers: 4
[1606.459s][debug][gc,phases      ] GC(177)     Total                          Min: 1856, Avg: 2229.5, Max: 2560, Diff: 704, Sum: 8918, Workers: 4
[1606.459s][debug][gc,phases      ] GC(177)   JNI Weak                       Min:  0.0, Avg:  0.0, Max:  0.0, Diff:  0.0, Sum:  0.0, Workers: 4
[1606.459s][debug][gc,phases      ] GC(177)     Dead                           Min: 0, Avg:  0.0, Max: 0, Diff: 0, Sum: 0, Workers: 4
[1606.459s][debug][gc,phases      ] GC(177)     Total                          Min: 0, Avg:  0.0, Max: 0, Diff: 0, Sum: 0, Workers: 4
[1606.459s][debug][gc,phases      ] GC(177)   StringDedup Table Weak         Min:  0.0, Avg:  0.0, Max:  0.0, Diff:  0.0, Sum:  0.0, Workers: 4
[1606.459s][debug][gc,phases      ] GC(177)     Dead                           Min: 0, Avg:  0.0, Max: 0, Diff: 0, Sum: 0, Workers: 4
[1606.459s][debug][gc,phases      ] GC(177)     Total                          Min: 0, Avg:  0.0, Max: 0, Diff: 0, Sum: 0, Workers: 4
[1606.459s][debug][gc,phases      ] GC(177)   StringDedup Requests0 Weak     Min:  0.0, Avg:  0.0, Max:  0.0, Diff:  0.0, Sum:  0.0, Workers: 4
[1606.459s][debug][gc,phases      ] GC(177)     Dead                           Min: 0, Avg:  0.0, Max: 0, Diff: 0, Sum: 0, Workers: 4
[1606.459s][debug][gc,phases      ] GC(177)     Total                          Min: 0, Avg:  0.0, Max: 0, Diff: 0, Sum: 0, Workers: 4
[1606.459s][debug][gc,phases      ] GC(177)   StringDedup Requests1 Weak     Min:  0.0, Avg:  0.0, Max:  0.0, Diff:  0.0, Sum:  0.0, Workers: 4
[1606.459s][debug][gc,phases      ] GC(177)     Dead                           Min: 0, Avg:  0.0, Max: 0, Diff: 0, Sum: 0, Workers: 4
[1606.459s][debug][gc,phases      ] GC(177)     Total                          Min: 0, Avg:  0.0, Max: 0, Diff: 0, Sum: 0, Workers: 4
[1606.459s][debug][gc,phases      ] GC(177)   Weak JFR Old Object Samples    Min:  0.0, Avg:  0.0, Max:  0.0, Diff:  0.0, Sum:  0.0, Workers: 4
[1606.459s][debug][gc,phases      ] GC(177)     Dead                           Min: 0, Avg:  0.0, Max: 0, Diff: 0, Sum: 0, Workers: 4
[1606.459s][debug][gc,phases      ] GC(177)     Total                          Min: 0, Avg:  0.0, Max: 0, Diff: 0, Sum: 0, Workers: 4
[1606.459s][debug][gc,phases      ] GC(177) Weak Processing 0.345ms
[1606.459s][debug][gc,age         ] GC(177) Desired survivor size 159907840 bytes, new threshold 15 (max threshold 15)
[1606.459s][info ][gc,heap        ] GC(177) PSYoungGen: 1779984K(1935360K)->10960K(1930752K) Eden: 1768960K(1768960K)->0K(1768960K) From: 11024K(166400K)->10960K(161792K)
[1606.459s][info ][gc,heap        ] GC(177) ParOldGen: 590628K(740864K)->590636K(740864K)
[1606.459s][info ][gc,metaspace   ] GC(177) Metaspace: 85340K(86272K)->85340K(86272K) NonClass: 73337K(73856K)->73337K(73856K) Class: 12002K(12416K)->12002K(12416K)
[1606.459s][info ][gc             ] GC(177) Pause Young (Allocation Failure) 2315M->587M(2609M) 9.368ms
[1606.459s][info ][gc,cpu         ] GC(177) User=0.04s Sys=0.00s Real=0.01s
[1606.459s][info ][safepoint      ] Safepoint "ParallelGCFailedAllocation", Time since last: 844912565 ns, Reaching safepoint: 95903 ns, At safepoint: 9452624 ns, Total: 9548527 ns
[1620.350s][info ][gc,start       ] GC(178) Pause Young (Allocation Failure)
[1620.358s][debug][gc,phases      ] GC(178) Scavenge 8.404ms
[1620.358s][debug][gc,ref         ] GC(178) Skipped phase 1 of Reference Processing: no references
[1620.358s][debug][gc,ref         ] GC(178) ReferenceProcessor::execute queues: 1, RefProcThreadModel::Single, marks_oops_alive: false
[1620.358s][debug][gc,ref         ] GC(178) Skipped phase 3 of Reference Processing: no references
[1620.358s][debug][gc,ref         ] GC(178) ReferenceProcessor::execute queues: 1, RefProcThreadModel::Single, marks_oops_alive: false
[1620.358s][debug][gc,phases      ] GC(178) Reference Processing 0.121ms
[1620.358s][debug][gc,phases      ] GC(178)   VM Weak                        Min:  0.0, Avg:  0.0, Max:  0.0, Diff:  0.0, Sum:  0.0, Workers: 4
[1620.358s][debug][gc,phases      ] GC(178)     Dead                           Min: 0, Avg:  0.0, Max: 0, Diff: 0, Sum: 0, Workers: 4
[1620.358s][debug][gc,phases      ] GC(178)     Total                          Min: 0, Avg: 187.8, Max: 640, Diff: 640, Sum: 751, Workers: 4
[1620.358s][debug][gc,phases      ] GC(178)   ObjectSynchronizer Weak        Min:  0.0, Avg:  0.0, Max:  0.0, Diff:  0.0, Sum:  0.0, Workers: 4
[1620.358s][debug][gc,phases      ] GC(178)     Dead                           Min: 0, Avg:  0.0, Max: 0, Diff: 0, Sum: 0, Workers: 4
[1620.358s][debug][gc,phases      ] GC(178)     Total                          Min: 0, Avg: 98.5, Max: 138, Diff: 138, Sum: 394, Workers: 4
[1620.358s][debug][gc,phases      ] GC(178)   JVMTI Tag Weak OopStorage      Min:  0.0, Avg:  0.0, Max:  0.0, Diff:  0.0, Sum:  0.0, Workers: 4
[1620.358s][debug][gc,phases      ] GC(178)     Dead                           Min: 0, Avg:  0.0, Max: 0, Diff: 0, Sum: 0, Workers: 4
[1620.358s][debug][gc,phases      ] GC(178)     Total                          Min: 0, Avg:  0.0, Max: 0, Diff: 0, Sum: 0, Workers: 4
[1620.358s][debug][gc,phases      ] GC(178)   StringTable Weak               Min:  0.1, Avg:  0.1, Max:  0.1, Diff:  0.0, Sum:  0.4, Workers: 4
[1620.358s][debug][gc,phases      ] GC(178)     Dead                           Min: 0, Avg:  0.0, Max: 0, Diff: 0, Sum: 0, Workers: 4
[1620.358s][debug][gc,phases      ] GC(178)     Total                          Min: 10767, Avg: 12227.8, Max: 13632, Diff: 2865, Sum: 48911, Workers: 4
[1620.358s][debug][gc,phases      ] GC(178)   ResolvedMethodTable Weak       Min:  0.0, Avg:  0.0, Max:  0.0, Diff:  0.0, Sum:  0.1, Workers: 4
[1620.358s][debug][gc,phases      ] GC(178)     Dead                           Min: 0, Avg:  0.0, Max: 0, Diff: 0, Sum: 0, Workers: 4
[1620.358s][debug][gc,phases      ] GC(178)     Total                          Min: 1984, Avg: 2229.5, Max: 2432, Diff: 448, Sum: 8918, Workers: 4
[1620.358s][debug][gc,phases      ] GC(178)   JNI Weak                       Min:  0.0, Avg:  0.0, Max:  0.0, Diff:  0.0, Sum:  0.0, Workers: 4
[1620.358s][debug][gc,phases      ] GC(178)     Dead                           Min: 0, Avg:  0.0, Max: 0, Diff: 0, Sum: 0, Workers: 4
[1620.358s][debug][gc,phases      ] GC(178)     Total                          Min: 0, Avg:  0.0, Max: 0, Diff: 0, Sum: 0, Workers: 4
[1620.358s][debug][gc,phases      ] GC(178)   StringDedup Table Weak         Min:  0.0, Avg:  0.0, Max:  0.0, Diff:  0.0, Sum:  0.0, Workers: 4
[1620.358s][debug][gc,phases      ] GC(178)     Dead                           Min: 0, Avg:  0.0, Max: 0, Diff: 0, Sum: 0, Workers: 4
[1620.358s][debug][gc,phases      ] GC(178)     Total                          Min: 0, Avg:  0.0, Max: 0, Diff: 0, Sum: 0, Workers: 4
[1620.358s][debug][gc,phases      ] GC(178)   StringDedup Requests0 Weak     Min:  0.0, Avg:  0.0, Max:  0.0, Diff:  0.0, Sum:  0.0, Workers: 4
[1620.358s][debug][gc,phases      ] GC(178)     Dead                           Min: 0, Avg:  0.0, Max: 0, Diff: 0, Sum: 0, Workers: 4
[1620.358s][debug][gc,phases      ] GC(178)     Total                          Min: 0, Avg:  0.0, Max: 0, Diff: 0, Sum: 0, Workers: 4
[1620.358s][debug][gc,phases      ] GC(178)   StringDedup Requests1 Weak     Min:  0.0, Avg:  0.0, Max:  0.0, Diff:  0.0, Sum:  0.0, Workers: 4
[1620.358s][debug][gc,phases      ] GC(178)     Dead                           Min: 0, Avg:  0.0, Max: 0, Diff: 0, Sum: 0, Workers: 4
[1620.358s][debug][gc,phases      ] GC(178)     Total                          Min: 0, Avg:  0.0, Max: 0, Diff: 0, Sum: 0, Workers: 4
[1620.358s][debug][gc,phases      ] GC(178)   Weak JFR Old Object Samples    Min:  0.0, Avg:  0.0, Max:  0.0, Diff:  0.0, Sum:  0.0, Workers: 4
[1620.358s][debug][gc,phases      ] GC(178)     Dead                           Min: 0, Avg:  0.0, Max: 0, Diff: 0, Sum: 0, Workers: 4
[1620.358s][debug][gc,phases      ] GC(178)     Total                          Min: 0, Avg:  0.0, Max: 0, Diff: 0, Sum: 0, Workers: 4
[1620.358s][debug][gc,phases      ] GC(178) Weak Processing 0.312ms
[1620.359s][debug][gc,age         ] GC(178) Desired survivor size 154140672 bytes, new threshold 15 (max threshold 15)
[1620.359s][info ][gc,heap        ] GC(178) PSYoungGen: 1779920K(1930752K)->11248K(1946624K) Eden: 1768960K(1768960K)->0K(1790464K) From: 10960K(161792K)->11248K(156160K)
[1620.359s][info ][gc,heap        ] GC(178) ParOldGen: 590636K(740864K)->590636K(740864K)
[1620.359s][info ][gc,metaspace   ] GC(178) Metaspace: 85348K(86272K)->85348K(86272K) NonClass: 73346K(73856K)->73346K(73856K) Class: 12002K(12416K)->12002K(12416K)
[1620.359s][info ][gc             ] GC(178) Pause Young (Allocation Failure) 2314M->587M(2624M) 8.977ms
[1620.359s][info ][gc,cpu         ] GC(178) User=0.04s Sys=0.00s Real=0.01s
[1620.359s][info ][safepoint      ] Safepoint "ParallelGCFailedAllocation", Time since last: 13890667573 ns, Reaching safepoint: 46701 ns, At safepoint: 9069415 ns, Total: 9116116 ns
[1629.359s][info ][safepoint      ] Safepoint "Cleanup", Time since last: 9000602733 ns, Reaching safepoint: 116303 ns, At safepoint: 9700 ns, Total: 126003 ns
[1630.359s][info ][safepoint      ] Safepoint "Cleanup", Time since last: 1000106049 ns, Reaching safepoint: 59601 ns, At safepoint: 6600 ns, Total: 66201 ns
[1631.360s][info ][safepoint      ] Safepoint "Cleanup", Time since last: 1000113049 ns, Reaching safepoint: 33701 ns, At safepoint: 2800 ns, Total: 36501 ns
[1632.700s][info ][gc,start       ] GC(179) Pause Young (Allocation Failure)
[1632.708s][debug][gc,phases      ] GC(179) Scavenge 8.360ms
[1632.708s][debug][gc,ref         ] GC(179) Skipped phase 1 of Reference Processing: no references
[1632.708s][debug][gc,ref         ] GC(179) ReferenceProcessor::execute queues: 1, RefProcThreadModel::Single, marks_oops_alive: false
[1632.708s][debug][gc,ref         ] GC(179) Skipped phase 3 of Reference Processing: no references
[1632.708s][debug][gc,ref         ] GC(179) ReferenceProcessor::execute queues: 1, RefProcThreadModel::Single, marks_oops_alive: false
[1632.708s][debug][gc,phases      ] GC(179) Reference Processing 0.113ms
[1632.709s][debug][gc,phases      ] GC(179)   VM Weak                        Min:  0.0, Avg:  0.0, Max:  0.0, Diff:  0.0, Sum:  0.0, Workers: 4
[1632.709s][debug][gc,phases      ] GC(179)     Dead                           Min: 0, Avg:  0.0, Max: 0, Diff: 0, Sum: 0, Workers: 4
[1632.709s][debug][gc,phases      ] GC(179)     Total                          Min: 0, Avg: 187.8, Max: 448, Diff: 448, Sum: 751, Workers: 4
[1632.709s][debug][gc,phases      ] GC(179)   ObjectSynchronizer Weak        Min:  0.0, Avg:  0.0, Max:  0.0, Diff:  0.0, Sum:  0.0, Workers: 4
[1632.709s][debug][gc,phases      ] GC(179)     Dead                           Min: 0, Avg:  0.0, Max: 0, Diff: 0, Sum: 0, Workers: 4
[1632.709s][debug][gc,phases      ] GC(179)     Total                          Min: 64, Avg: 98.5, Max: 128, Diff: 64, Sum: 394, Workers: 4
[1632.709s][debug][gc,phases      ] GC(179)   JVMTI Tag Weak OopStorage      Min:  0.0, Avg:  0.0, Max:  0.0, Diff:  0.0, Sum:  0.0, Workers: 4
[1632.709s][debug][gc,phases      ] GC(179)     Dead                           Min: 0, Avg:  0.0, Max: 0, Diff: 0, Sum: 0, Workers: 4
[1632.709s][debug][gc,phases      ] GC(179)     Total                          Min: 0, Avg:  0.0, Max: 0, Diff: 0, Sum: 0, Workers: 4
[1632.709s][debug][gc,phases      ] GC(179)   StringTable Weak               Min:  0.1, Avg:  0.1, Max:  0.1, Diff:  0.0, Sum:  0.4, Workers: 4
[1632.709s][debug][gc,phases      ] GC(179)     Dead                           Min: 0, Avg:  0.0, Max: 0, Diff: 0, Sum: 0, Workers: 4
[1632.709s][debug][gc,phases      ] GC(179)     Total                          Min: 11648, Avg: 12228.8, Max: 12608, Diff: 960, Sum: 48915, Workers: 4
[1632.709s][debug][gc,phases      ] GC(179)   ResolvedMethodTable Weak       Min:  0.0, Avg:  0.0, Max:  0.0, Diff:  0.0, Sum:  0.1, Workers: 4
[1632.709s][debug][gc,phases      ] GC(179)     Dead                           Min: 0, Avg:  0.0, Max: 0, Diff: 0, Sum: 0, Workers: 4
[1632.709s][debug][gc,phases      ] GC(179)     Total                          Min: 1920, Avg: 2229.5, Max: 2390, Diff: 470, Sum: 8918, Workers: 4
[1632.709s][debug][gc,phases      ] GC(179)   JNI Weak                       Min:  0.0, Avg:  0.0, Max:  0.0, Diff:  0.0, Sum:  0.0, Workers: 4
[1632.709s][debug][gc,phases      ] GC(179)     Dead                           Min: 0, Avg:  0.0, Max: 0, Diff: 0, Sum: 0, Workers: 4
[1632.709s][debug][gc,phases      ] GC(179)     Total                          Min: 0, Avg:  0.0, Max: 0, Diff: 0, Sum: 0, Workers: 4
[1632.709s][debug][gc,phases      ] GC(179)   StringDedup Table Weak         Min:  0.0, Avg:  0.0, Max:  0.0, Diff:  0.0, Sum:  0.0, Workers: 4
[1632.709s][debug][gc,phases      ] GC(179)     Dead                           Min: 0, Avg:  0.0, Max: 0, Diff: 0, Sum: 0, Workers: 4
[1632.709s][debug][gc,phases      ] GC(179)     Total                          Min: 0, Avg:  0.0, Max: 0, Diff: 0, Sum: 0, Workers: 4
[1632.709s][debug][gc,phases      ] GC(179)   StringDedup Requests0 Weak     Min:  0.0, Avg:  0.0, Max:  0.0, Diff:  0.0, Sum:  0.0, Workers: 4
[1632.709s][debug][gc,phases      ] GC(179)     Dead                           Min: 0, Avg:  0.0, Max: 0, Diff: 0, Sum: 0, Workers: 4
[1632.709s][debug][gc,phases      ] GC(179)     Total                          Min: 0, Avg:  0.0, Max: 0, Diff: 0, Sum: 0, Workers: 4
[1632.709s][debug][gc,phases      ] GC(179)   StringDedup Requests1 Weak     Min:  0.0, Avg:  0.0, Max:  0.0, Diff:  0.0, Sum:  0.0, Workers: 4
[1632.709s][debug][gc,phases      ] GC(179)     Dead                           Min: 0, Avg:  0.0, Max: 0, Diff: 0, Sum: 0, Workers: 4
[1632.709s][debug][gc,phases      ] GC(179)     Total                          Min: 0, Avg:  0.0, Max: 0, Diff: 0, Sum: 0, Workers: 4
[1632.709s][debug][gc,phases      ] GC(179)   Weak JFR Old Object Samples    Min:  0.0, Avg:  0.0, Max:  0.0, Diff:  0.0, Sum:  0.0, Workers: 4
[1632.709s][debug][gc,phases      ] GC(179)     Dead                           Min: 0, Avg:  0.0, Max: 0, Diff: 0, Sum: 0, Workers: 4
[1632.709s][debug][gc,phases      ] GC(179)     Total                          Min: 0, Avg:  0.0, Max: 0, Diff: 0, Sum: 0, Workers: 4
[1632.709s][debug][gc,phases      ] GC(179) Weak Processing 0.309ms
[1632.709s][debug][gc,age         ] GC(179) Desired survivor size 148373504 bytes, new threshold 15 (max threshold 15)
[1632.709s][info ][gc,heap        ] GC(179) PSYoungGen: 1801712K(1946624K)->7856K(1940992K) Eden: 1790464K(1790464K)->0K(1790464K) From: 11248K(156160K)->7856K(150528K)
[1632.709s][info ][gc,heap        ] GC(179) ParOldGen: 590636K(740864K)->590684K(740864K)
[1632.709s][info ][gc,metaspace   ] GC(179) Metaspace: 85349K(86272K)->85349K(86272K) NonClass: 73346K(73856K)->73346K(73856K) Class: 12002K(12416K)->12002K(12416K)
[1632.709s][info ][gc             ] GC(179) Pause Young (Allocation Failure) 2336M->584M(2619M) 8.919ms
[1632.709s][info ][gc,cpu         ] GC(179) User=0.03s Sys=0.01s Real=0.01s
[1632.709s][info ][safepoint      ] Safepoint "ParallelGCFailedAllocation", Time since last: 1340034420 ns, Reaching safepoint: 82102 ns, At safepoint: 9009714 ns, Total: 9091816 ns
[1634.709s][info ][safepoint      ] Safepoint "Cleanup", Time since last: 2000153895 ns, Reaching safepoint: 54101 ns, At safepoint: 4000 ns, Total: 58101 ns
[1635.709s][info ][safepoint      ] Safepoint "Cleanup", Time since last: 1000114948 ns, Reaching safepoint: 43301 ns, At safepoint: 7200 ns, Total: 50501 ns
[1639.509s][info ][safepoint      ] Safepoint "Cleanup", Time since last: 3800044733 ns, Reaching safepoint: 138303 ns, At safepoint: 21901 ns, Total: 160204 ns
[1640.510s][info ][safepoint      ] Safepoint "Cleanup", Time since last: 1000102247 ns, Reaching safepoint: 141203 ns, At safepoint: 12201 ns, Total: 153404 ns
[1641.510s][info ][safepoint      ] Safepoint "Cleanup", Time since last: 1000113447 ns, Reaching safepoint: 54901 ns, At safepoint: 10201 ns, Total: 65102 ns
[1642.510s][info ][safepoint      ] Safepoint "Cleanup", Time since last: 1000097247 ns, Reaching safepoint: 62401 ns, At safepoint: 5000 ns, Total: 67401 ns
[1642.777s][info ][gc,start       ] GC(180) Pause Young (Allocation Failure)
[1642.785s][debug][gc,phases      ] GC(180) Scavenge 7.762ms
[1642.785s][debug][gc,ref         ] GC(180) Skipped phase 1 of Reference Processing: no references
[1642.785s][debug][gc,ref         ] GC(180) ReferenceProcessor::execute queues: 1, RefProcThreadModel::Single, marks_oops_alive: false
[1642.785s][debug][gc,ref         ] GC(180) Skipped phase 3 of Reference Processing: no references
[1642.785s][debug][gc,ref         ] GC(180) ReferenceProcessor::execute queues: 1, RefProcThreadModel::Single, marks_oops_alive: false
[1642.785s][debug][gc,phases      ] GC(180) Reference Processing 0.103ms
[1642.785s][debug][gc,phases      ] GC(180)   VM Weak                        Min:  0.0, Avg:  0.0, Max:  0.0, Diff:  0.0, Sum:  0.0, Workers: 4
[1642.785s][debug][gc,phases      ] GC(180)     Dead                           Min: 0, Avg:  0.0, Max: 0, Diff: 0, Sum: 0, Workers: 4
[1642.785s][debug][gc,phases      ] GC(180)     Total                          Min: 0, Avg: 187.8, Max: 687, Diff: 687, Sum: 751, Workers: 4
[1642.785s][debug][gc,phases      ] GC(180)   ObjectSynchronizer Weak        Min:  0.0, Avg:  0.0, Max:  0.0, Diff:  0.0, Sum:  0.0, Workers: 4
[1642.785s][debug][gc,phases      ] GC(180)     Dead                           Min: 0, Avg:  0.0, Max: 0, Diff: 0, Sum: 0, Workers: 4
[1642.785s][debug][gc,phases      ] GC(180)     Total                          Min: 0, Avg: 98.5, Max: 192, Diff: 192, Sum: 394, Workers: 4
[1642.785s][debug][gc,phases      ] GC(180)   JVMTI Tag Weak OopStorage      Min:  0.0, Avg:  0.0, Max:  0.0, Diff:  0.0, Sum:  0.0, Workers: 4
[1642.785s][debug][gc,phases      ] GC(180)     Dead                           Min: 0, Avg:  0.0, Max: 0, Diff: 0, Sum: 0, Workers: 4
[1642.785s][debug][gc,phases      ] GC(180)     Total                          Min: 0, Avg:  0.0, Max: 0, Diff: 0, Sum: 0, Workers: 4
[1642.785s][debug][gc,phases      ] GC(180)   StringTable Weak               Min:  0.1, Avg:  0.1, Max:  0.1, Diff:  0.0, Sum:  0.4, Workers: 4
[1642.785s][debug][gc,phases      ] GC(180)     Dead                           Min: 0, Avg:  0.0, Max: 0, Diff: 0, Sum: 0, Workers: 4
[1642.785s][debug][gc,phases      ] GC(180)     Total                          Min: 11648, Avg: 12231.5, Max: 12480, Diff: 832, Sum: 48926, Workers: 4
[1642.785s][debug][gc,phases      ] GC(180)   ResolvedMethodTable Weak       Min:  0.0, Avg:  0.0, Max:  0.0, Diff:  0.0, Sum:  0.1, Workers: 4
[1642.785s][debug][gc,phases      ] GC(180)     Dead                           Min: 0, Avg:  0.0, Max: 0, Diff: 0, Sum: 0, Workers: 4
[1642.785s][debug][gc,phases      ] GC(180)     Total                          Min: 1920, Avg: 2229.5, Max: 2496, Diff: 576, Sum: 8918, Workers: 4
[1642.785s][debug][gc,phases      ] GC(180)   JNI Weak                       Min:  0.0, Avg:  0.0, Max:  0.0, Diff:  0.0, Sum:  0.0, Workers: 4
[1642.785s][debug][gc,phases      ] GC(180)     Dead                           Min: 0, Avg:  0.0, Max: 0, Diff: 0, Sum: 0, Workers: 4
[1642.785s][debug][gc,phases      ] GC(180)     Total                          Min: 0, Avg:  0.0, Max: 0, Diff: 0, Sum: 0, Workers: 4
[1642.785s][debug][gc,phases      ] GC(180)   StringDedup Table Weak         Min:  0.0, Avg:  0.0, Max:  0.0, Diff:  0.0, Sum:  0.0, Workers: 4
[1642.785s][debug][gc,phases      ] GC(180)     Dead                           Min: 0, Avg:  0.0, Max: 0, Diff: 0, Sum: 0, Workers: 4
[1642.785s][debug][gc,phases      ] GC(180)     Total                          Min: 0, Avg:  0.0, Max: 0, Diff: 0, Sum: 0, Workers: 4
[1642.785s][debug][gc,phases      ] GC(180)   StringDedup Requests0 Weak     Min:  0.0, Avg:  0.0, Max:  0.0, Diff:  0.0, Sum:  0.0, Workers: 4
[1642.785s][debug][gc,phases      ] GC(180)     Dead                           Min: 0, Avg:  0.0, Max: 0, Diff: 0, Sum: 0, Workers: 4
[1642.785s][debug][gc,phases      ] GC(180)     Total                          Min: 0, Avg:  0.0, Max: 0, Diff: 0, Sum: 0, Workers: 4
[1642.785s][debug][gc,phases      ] GC(180)   StringDedup Requests1 Weak     Min:  0.0, Avg:  0.0, Max:  0.0, Diff:  0.0, Sum:  0.0, Workers: 4
[1642.785s][debug][gc,phases      ] GC(180)     Dead                           Min: 0, Avg:  0.0, Max: 0, Diff: 0, Sum: 0, Workers: 4
[1642.785s][debug][gc,phases      ] GC(180)     Total                          Min: 0, Avg:  0.0, Max: 0, Diff: 0, Sum: 0, Workers: 4
[1642.785s][debug][gc,phases      ] GC(180)   Weak JFR Old Object Samples    Min:  0.0, Avg:  0.0, Max:  0.0, Diff:  0.0, Sum:  0.0, Workers: 4
[1642.785s][debug][gc,phases      ] GC(180)     Dead                           Min: 0, Avg:  0.0, Max: 0, Diff: 0, Sum: 0, Workers: 4
[1642.785s][debug][gc,phases      ] GC(180)     Total                          Min: 0, Avg:  0.0, Max: 0, Diff: 0, Sum: 0, Workers: 4
[1642.785s][debug][gc,phases      ] GC(180) Weak Processing 0.484ms
[1642.785s][debug][gc,age         ] GC(180) Desired survivor size 142606336 bytes, new threshold 15 (max threshold 15)
[1642.785s][info ][gc,heap        ] GC(180) PSYoungGen: 1798320K(1940992K)->4480K(1957888K) Eden: 1790464K(1790464K)->0K(1812992K) From: 7856K(150528K)->4480K(144896K)
[1642.785s][info ][gc,heap        ] GC(180) ParOldGen: 590684K(740864K)->590796K(740864K)
[1642.785s][info ][gc,metaspace   ] GC(180) Metaspace: 85357K(86272K)->85357K(86272K) NonClass: 73354K(73856K)->73354K(73856K) Class: 12003K(12416K)->12003K(12416K)
[1642.785s][info ][gc             ] GC(180) Pause Young (Allocation Failure) 2333M->581M(2635M) 8.482ms
[1642.785s][info ][gc,cpu         ] GC(180) User=0.04s Sys=0.00s Real=0.01s
[1642.785s][info ][safepoint      ] Safepoint "ParallelGCFailedAllocation", Time since last: 266802635 ns, Reaching safepoint: 102203 ns, At safepoint: 8596704 ns, Total: 8698907 ns
[1643.786s][info ][safepoint      ] Safepoint "Cleanup", Time since last: 1000092047 ns, Reaching safepoint: 121602 ns, At safepoint: 5801 ns, Total: 127403 ns
[1648.786s][info ][safepoint      ] Safepoint "Cleanup", Time since last: 5000382130 ns, Reaching safepoint: 62701 ns, At safepoint: 8200 ns, Total: 70901 ns
[1660.869s][info ][gc,start       ] GC(181) Pause Young (Allocation Failure)
[1660.875s][debug][gc,phases      ] GC(181) Scavenge 5.442ms
[1660.875s][debug][gc,ref         ] GC(181) Skipped phase 1 of Reference Processing: no references
[1660.875s][debug][gc,ref         ] GC(181) ReferenceProcessor::execute queues: 1, RefProcThreadModel::Single, marks_oops_alive: false
[1660.875s][debug][gc,ref         ] GC(181) Skipped phase 3 of Reference Processing: no references
[1660.875s][debug][gc,ref         ] GC(181) ReferenceProcessor::execute queues: 1, RefProcThreadModel::Single, marks_oops_alive: false
[1660.875s][debug][gc,phases      ] GC(181) Reference Processing 0.117ms
[1660.875s][debug][gc,phases      ] GC(181)   VM Weak                        Min:  0.0, Avg:  0.0, Max:  0.0, Diff:  0.0, Sum:  0.0, Workers: 4
[1660.875s][debug][gc,phases      ] GC(181)     Dead                           Min: 0, Avg:  0.0, Max: 0, Diff: 0, Sum: 0, Workers: 4
[1660.875s][debug][gc,phases      ] GC(181)     Total                          Min: 0, Avg: 187.8, Max: 640, Diff: 640, Sum: 751, Workers: 4
[1660.875s][debug][gc,phases      ] GC(181)   ObjectSynchronizer Weak        Min:  0.0, Avg:  0.0, Max:  0.0, Diff:  0.0, Sum:  0.0, Workers: 4
[1660.875s][debug][gc,phases      ] GC(181)     Dead                           Min: 0, Avg:  0.0, Max: 0, Diff: 0, Sum: 0, Workers: 4
[1660.875s][debug][gc,phases      ] GC(181)     Total                          Min: 0, Avg: 98.5, Max: 138, Diff: 138, Sum: 394, Workers: 4
[1660.875s][debug][gc,phases      ] GC(181)   JVMTI Tag Weak OopStorage      Min:  0.0, Avg:  0.0, Max:  0.0, Diff:  0.0, Sum:  0.0, Workers: 4
[1660.875s][debug][gc,phases      ] GC(181)     Dead                           Min: 0, Avg:  0.0, Max: 0, Diff: 0, Sum: 0, Workers: 4
[1660.875s][debug][gc,phases      ] GC(181)     Total                          Min: 0, Avg:  0.0, Max: 0, Diff: 0, Sum: 0, Workers: 4
[1660.875s][debug][gc,phases      ] GC(181)   StringTable Weak               Min:  0.1, Avg:  0.1, Max:  0.1, Diff:  0.0, Sum:  0.5, Workers: 4
[1660.875s][debug][gc,phases      ] GC(181)     Dead                           Min: 0, Avg:  0.0, Max: 0, Diff: 0, Sum: 0, Workers: 4
[1660.875s][debug][gc,phases      ] GC(181)     Total                          Min: 11584, Avg: 12231.5, Max: 12766, Diff: 1182, Sum: 48926, Workers: 4
[1660.875s][debug][gc,phases      ] GC(181)   ResolvedMethodTable Weak       Min:  0.0, Avg:  0.0, Max:  0.0, Diff:  0.0, Sum:  0.1, Workers: 4
[1660.875s][debug][gc,phases      ] GC(181)     Dead                           Min: 0, Avg:  0.0, Max: 0, Diff: 0, Sum: 0, Workers: 4
[1660.875s][debug][gc,phases      ] GC(181)     Total                          Min: 2134, Avg: 2229.5, Max: 2432, Diff: 298, Sum: 8918, Workers: 4
[1660.875s][debug][gc,phases      ] GC(181)   JNI Weak                       Min:  0.0, Avg:  0.0, Max:  0.0, Diff:  0.0, Sum:  0.0, Workers: 4
[1660.875s][debug][gc,phases      ] GC(181)     Dead                           Min: 0, Avg:  0.0, Max: 0, Diff: 0, Sum: 0, Workers: 4
[1660.875s][debug][gc,phases      ] GC(181)     Total                          Min: 0, Avg:  0.0, Max: 0, Diff: 0, Sum: 0, Workers: 4
[1660.875s][debug][gc,phases      ] GC(181)   StringDedup Table Weak         Min:  0.0, Avg:  0.0, Max:  0.0, Diff:  0.0, Sum:  0.0, Workers: 4
[1660.875s][debug][gc,phases      ] GC(181)     Dead                           Min: 0, Avg:  0.0, Max: 0, Diff: 0, Sum: 0, Workers: 4
[1660.875s][debug][gc,phases      ] GC(181)     Total                          Min: 0, Avg:  0.0, Max: 0, Diff: 0, Sum: 0, Workers: 4
[1660.875s][debug][gc,phases      ] GC(181)   StringDedup Requests0 Weak     Min:  0.0, Avg:  0.0, Max:  0.0, Diff:  0.0, Sum:  0.0, Workers: 4
[1660.875s][debug][gc,phases      ] GC(181)     Dead                           Min: 0, Avg:  0.0, Max: 0, Diff: 0, Sum: 0, Workers: 4
[1660.875s][debug][gc,phases      ] GC(181)     Total                          Min: 0, Avg:  0.0, Max: 0, Diff: 0, Sum: 0, Workers: 4
[1660.875s][debug][gc,phases      ] GC(181)   StringDedup Requests1 Weak     Min:  0.0, Avg:  0.0, Max:  0.0, Diff:  0.0, Sum:  0.0, Workers: 4
[1660.875s][debug][gc,phases      ] GC(181)     Dead                           Min: 0, Avg:  0.0, Max: 0, Diff: 0, Sum: 0, Workers: 4
[1660.875s][debug][gc,phases      ] GC(181)     Total                          Min: 0, Avg:  0.0, Max: 0, Diff: 0, Sum: 0, Workers: 4
[1660.875s][debug][gc,phases      ] GC(181)   Weak JFR Old Object Samples    Min:  0.0, Avg:  0.0, Max:  0.0, Diff:  0.0, Sum:  0.0, Workers: 4
[1660.875s][debug][gc,phases      ] GC(181)     Dead                           Min: 0, Avg:  0.0, Max: 0, Diff: 0, Sum: 0, Workers: 4
[1660.875s][debug][gc,phases      ] GC(181)     Total                          Min: 0, Avg:  0.0, Max: 0, Diff: 0, Sum: 0, Workers: 4
[1660.875s][debug][gc,phases      ] GC(181) Weak Processing 0.332ms
[1660.875s][debug][gc,age         ] GC(181) Desired survivor size 136839168 bytes, new threshold 15 (max threshold 15)
[1660.875s][info ][gc,heap        ] GC(181) PSYoungGen: 1817472K(1957888K)->4384K(1952256K) Eden: 1812992K(1812992K)->0K(1812992K) From: 4480K(144896K)->4384K(139264K)
[1660.875s][info ][gc,heap        ] GC(181) ParOldGen: 590796K(740864K)->590876K(740864K)
[1660.875s][info ][gc,metaspace   ] GC(181) Metaspace: 85360K(86272K)->85360K(86272K) NonClass: 73357K(73856K)->73357K(73856K) Class: 12003K(12416K)->12003K(12416K)
[1660.875s][info ][gc             ] GC(181) Pause Young (Allocation Failure) 2351M->581M(2630M) 6.018ms
[1660.875s][info ][gc,cpu         ] GC(181) User=0.02s Sys=0.00s Real=0.01s
[1660.875s][info ][safepoint      ] Safepoint "ParallelGCFailedAllocation", Time since last: 12083089793 ns, Reaching safepoint: 119803 ns, At safepoint: 6109445 ns, Total: 6229248 ns
[1661.876s][info ][safepoint      ] Safepoint "Cleanup", Time since last: 1000112645 ns, Reaching safepoint: 54301 ns, At safepoint: 13401 ns, Total: 67702 ns
[1664.876s][info ][safepoint      ] Safepoint "Cleanup", Time since last: 3000249233 ns, Reaching safepoint: 50601 ns, At safepoint: 3200 ns, Total: 53801 ns
[1668.876s][info ][safepoint      ] Safepoint "Cleanup", Time since last: 4000310776 ns, Reaching safepoint: 64101 ns, At safepoint: 8601 ns, Total: 72702 ns
[1679.044s][info ][gc,start       ] GC(182) Pause Young (Allocation Failure)
[1679.049s][debug][gc,phases      ] GC(182) Scavenge 5.233ms
[1679.049s][debug][gc,ref         ] GC(182) Skipped phase 1 of Reference Processing: no references
[1679.049s][debug][gc,ref         ] GC(182) ReferenceProcessor::execute queues: 1, RefProcThreadModel::Single, marks_oops_alive: false
[1679.049s][debug][gc,ref         ] GC(182) Skipped phase 3 of Reference Processing: no references
[1679.049s][debug][gc,ref         ] GC(182) ReferenceProcessor::execute queues: 1, RefProcThreadModel::Single, marks_oops_alive: false
[1679.049s][debug][gc,phases      ] GC(182) Reference Processing 0.106ms
[1679.049s][debug][gc,phases      ] GC(182)   VM Weak                        Min:  0.0, Avg:  0.0, Max:  0.0, Diff:  0.0, Sum:  0.0, Workers: 4
[1679.049s][debug][gc,phases      ] GC(182)     Dead                           Min: 0, Avg:  0.0, Max: 0, Diff: 0, Sum: 0, Workers: 4
[1679.049s][debug][gc,phases      ] GC(182)     Total                          Min: 0, Avg: 187.8, Max: 640, Diff: 640, Sum: 751, Workers: 4
[1679.049s][debug][gc,phases      ] GC(182)   ObjectSynchronizer Weak        Min:  0.0, Avg:  0.0, Max:  0.0, Diff:  0.0, Sum:  0.0, Workers: 4
[1679.049s][debug][gc,phases      ] GC(182)     Dead                           Min: 0, Avg:  0.0, Max: 0, Diff: 0, Sum: 0, Workers: 4
[1679.049s][debug][gc,phases      ] GC(182)     Total                          Min: 0, Avg: 98.5, Max: 192, Diff: 192, Sum: 394, Workers: 4
[1679.049s][debug][gc,phases      ] GC(182)   JVMTI Tag Weak OopStorage      Min:  0.0, Avg:  0.0, Max:  0.0, Diff:  0.0, Sum:  0.0, Workers: 4
[1679.049s][debug][gc,phases      ] GC(182)     Dead                           Min: 0, Avg:  0.0, Max: 0, Diff: 0, Sum: 0, Workers: 4
[1679.049s][debug][gc,phases      ] GC(182)     Total                          Min: 0, Avg:  0.0, Max: 0, Diff: 0, Sum: 0, Workers: 4
[1679.049s][debug][gc,phases      ] GC(182)   StringTable Weak               Min:  0.1, Avg:  0.1, Max:  0.1, Diff:  0.0, Sum:  0.4, Workers: 4
[1679.049s][debug][gc,phases      ] GC(182)     Dead                           Min: 0, Avg:  0.0, Max: 0, Diff: 0, Sum: 0, Workers: 4
[1679.049s][debug][gc,phases      ] GC(182)     Total                          Min: 10752, Avg: 12231.5, Max: 13022, Diff: 2270, Sum: 48926, Workers: 4
[1679.049s][debug][gc,phases      ] GC(182)   ResolvedMethodTable Weak       Min:  0.0, Avg:  0.0, Max:  0.0, Diff:  0.0, Sum:  0.1, Workers: 4
[1679.049s][debug][gc,phases      ] GC(182)     Dead                           Min: 0, Avg:  0.0, Max: 0, Diff: 0, Sum: 0, Workers: 4
[1679.049s][debug][gc,phases      ] GC(182)     Total                          Min: 2048, Avg: 2229.5, Max: 2432, Diff: 384, Sum: 8918, Workers: 4
[1679.049s][debug][gc,phases      ] GC(182)   JNI Weak                       Min:  0.0, Avg:  0.0, Max:  0.0, Diff:  0.0, Sum:  0.0, Workers: 4
[1679.049s][debug][gc,phases      ] GC(182)     Dead                           Min: 0, Avg:  0.0, Max: 0, Diff: 0, Sum: 0, Workers: 4
[1679.049s][debug][gc,phases      ] GC(182)     Total                          Min: 0, Avg:  0.0, Max: 0, Diff: 0, Sum: 0, Workers: 4
[1679.049s][debug][gc,phases      ] GC(182)   StringDedup Table Weak         Min:  0.0, Avg:  0.0, Max:  0.0, Diff:  0.0, Sum:  0.0, Workers: 4
[1679.049s][debug][gc,phases      ] GC(182)     Dead                           Min: 0, Avg:  0.0, Max: 0, Diff: 0, Sum: 0, Workers: 4
[1679.049s][debug][gc,phases      ] GC(182)     Total                          Min: 0, Avg:  0.0, Max: 0, Diff: 0, Sum: 0, Workers: 4
[1679.049s][debug][gc,phases      ] GC(182)   StringDedup Requests0 Weak     Min:  0.0, Avg:  0.0, Max:  0.0, Diff:  0.0, Sum:  0.0, Workers: 4
[1679.049s][debug][gc,phases      ] GC(182)     Dead                           Min: 0, Avg:  0.0, Max: 0, Diff: 0, Sum: 0, Workers: 4
[1679.049s][debug][gc,phases      ] GC(182)     Total                          Min: 0, Avg:  0.0, Max: 0, Diff: 0, Sum: 0, Workers: 4
[1679.049s][debug][gc,phases      ] GC(182)   StringDedup Requests1 Weak     Min:  0.0, Avg:  0.0, Max:  0.0, Diff:  0.0, Sum:  0.0, Workers: 4
[1679.049s][debug][gc,phases      ] GC(182)     Dead                           Min: 0, Avg:  0.0, Max: 0, Diff: 0, Sum: 0, Workers: 4
[1679.049s][debug][gc,phases      ] GC(182)     Total                          Min: 0, Avg:  0.0, Max: 0, Diff: 0, Sum: 0, Workers: 4
[1679.049s][debug][gc,phases      ] GC(182)   Weak JFR Old Object Samples    Min:  0.0, Avg:  0.0, Max:  0.0, Diff:  0.0, Sum:  0.0, Workers: 4
[1679.049s][debug][gc,phases      ] GC(182)     Dead                           Min: 0, Avg:  0.0, Max: 0, Diff: 0, Sum: 0, Workers: 4
[1679.049s][debug][gc,phases      ] GC(182)     Total                          Min: 0, Avg:  0.0, Max: 0, Diff: 0, Sum: 0, Workers: 4
[1679.049s][debug][gc,phases      ] GC(182) Weak Processing 0.307ms
[1679.049s][debug][gc,age         ] GC(182) Desired survivor size 131072000 bytes, new threshold 15 (max threshold 15)
[1679.049s][info ][gc,heap        ] GC(182) PSYoungGen: 1817376K(1952256K)->4432K(1969152K) Eden: 1812992K(1812992K)->0K(1835520K) From: 4384K(139264K)->4432K(133632K)
[1679.049s][info ][gc,heap        ] GC(182) ParOldGen: 590876K(740864K)->590876K(740864K)
[1679.049s][info ][gc,metaspace   ] GC(182) Metaspace: 85365K(86272K)->85365K(86272K) NonClass: 73361K(73856K)->73361K(73856K) Class: 12003K(12416K)->12003K(12416K)
[1679.049s][info ][gc             ] GC(182) Pause Young (Allocation Failure) 2351M->581M(2646M) 5.779ms
[1679.049s][info ][gc,cpu         ] GC(182) User=0.02s Sys=0.00s Real=0.00s
[1679.049s][info ][safepoint      ] Safepoint "ParallelGCFailedAllocation", Time since last: 10167118081 ns, Reaching safepoint: 69601 ns, At safepoint: 5873240 ns, Total: 5942841 ns
[1680.049s][info ][safepoint      ] Safepoint "Cleanup", Time since last: 1000055542 ns, Reaching safepoint: 51801 ns, At safepoint: 7200 ns, Total: 59001 ns
[1683.050s][info ][safepoint      ] Safepoint "Cleanup", Time since last: 3000230028 ns, Reaching safepoint: 48401 ns, At safepoint: 2700 ns, Total: 51101 ns
[1684.050s][info ][safepoint      ] Safepoint "Cleanup", Time since last: 1000115343 ns, Reaching safepoint: 49901 ns, At safepoint: 2400 ns, Total: 52301 ns
[1689.050s][info ][safepoint      ] Safepoint "Cleanup", Time since last: 5000376110 ns, Reaching safepoint: 48001 ns, At safepoint: 3500 ns, Total: 51501 ns
[1690.051s][info ][safepoint      ] Safepoint "Cleanup", Time since last: 1000109342 ns, Reaching safepoint: 45901 ns, At safepoint: 2800 ns, Total: 48701 ns
[1697.435s][info ][gc,start       ] GC(183) Pause Young (Allocation Failure)
[1697.440s][debug][gc,phases      ] GC(183) Scavenge 5.105ms
[1697.440s][debug][gc,ref         ] GC(183) Skipped phase 1 of Reference Processing: no references
[1697.440s][debug][gc,ref         ] GC(183) ReferenceProcessor::execute queues: 1, RefProcThreadModel::Single, marks_oops_alive: false
[1697.440s][debug][gc,ref         ] GC(183) Skipped phase 3 of Reference Processing: no references
[1697.440s][debug][gc,ref         ] GC(183) ReferenceProcessor::execute queues: 1, RefProcThreadModel::Single, marks_oops_alive: false
[1697.440s][debug][gc,phases      ] GC(183) Reference Processing 0.105ms
[1697.440s][debug][gc,phases      ] GC(183)   VM Weak                        Min:  0.0, Avg:  0.0, Max:  0.0, Diff:  0.0, Sum:  0.0, Workers: 4
[1697.440s][debug][gc,phases      ] GC(183)     Dead                           Min: 0, Avg:  0.0, Max: 0, Diff: 0, Sum: 0, Workers: 4
[1697.440s][debug][gc,phases      ] GC(183)     Total                          Min: 0, Avg: 187.8, Max: 751, Diff: 751, Sum: 751, Workers: 4
[1697.440s][debug][gc,phases      ] GC(183)   ObjectSynchronizer Weak        Min:  0.0, Avg:  0.0, Max:  0.0, Diff:  0.0, Sum:  0.0, Workers: 4
[1697.440s][debug][gc,phases      ] GC(183)     Dead                           Min: 0, Avg:  0.0, Max: 0, Diff: 0, Sum: 0, Workers: 4
[1697.440s][debug][gc,phases      ] GC(183)     Total                          Min: 0, Avg: 98.5, Max: 138, Diff: 138, Sum: 394, Workers: 4
[1697.440s][debug][gc,phases      ] GC(183)   JVMTI Tag Weak OopStorage      Min:  0.0, Avg:  0.0, Max:  0.0, Diff:  0.0, Sum:  0.0, Workers: 4
[1697.440s][debug][gc,phases      ] GC(183)     Dead                           Min: 0, Avg:  0.0, Max: 0, Diff: 0, Sum: 0, Workers: 4
[1697.440s][debug][gc,phases      ] GC(183)     Total                          Min: 0, Avg:  0.0, Max: 0, Diff: 0, Sum: 0, Workers: 4
[1697.440s][debug][gc,phases      ] GC(183)   StringTable Weak               Min:  0.1, Avg:  0.1, Max:  0.1, Diff:  0.0, Sum:  0.4, Workers: 4
[1697.440s][debug][gc,phases      ] GC(183)     Dead                           Min: 0, Avg:  0.0, Max: 0, Diff: 0, Sum: 0, Workers: 4
[1697.440s][debug][gc,phases      ] GC(183)     Total                          Min: 11230, Avg: 12231.5, Max: 13760, Diff: 2530, Sum: 48926, Workers: 4
[1697.440s][debug][gc,phases      ] GC(183)   ResolvedMethodTable Weak       Min:  0.0, Avg:  0.0, Max:  0.0, Diff:  0.0, Sum:  0.1, Workers: 4
[1697.440s][debug][gc,phases      ] GC(183)     Dead                           Min: 0, Avg:  0.0, Max: 0, Diff: 0, Sum: 0, Workers: 4
[1697.440s][debug][gc,phases      ] GC(183)     Total                          Min: 1984, Avg: 2229.5, Max: 2624, Diff: 640, Sum: 8918, Workers: 4
[1697.440s][debug][gc,phases      ] GC(183)   JNI Weak                       Min:  0.0, Avg:  0.0, Max:  0.0, Diff:  0.0, Sum:  0.0, Workers: 4
[1697.440s][debug][gc,phases      ] GC(183)     Dead                           Min: 0, Avg:  0.0, Max: 0, Diff: 0, Sum: 0, Workers: 4
[1697.440s][debug][gc,phases      ] GC(183)     Total                          Min: 0, Avg:  0.0, Max: 0, Diff: 0, Sum: 0, Workers: 4
[1697.440s][debug][gc,phases      ] GC(183)   StringDedup Table Weak         Min:  0.0, Avg:  0.0, Max:  0.0, Diff:  0.0, Sum:  0.0, Workers: 4
[1697.440s][debug][gc,phases      ] GC(183)     Dead                           Min: 0, Avg:  0.0, Max: 0, Diff: 0, Sum: 0, Workers: 4
[1697.440s][debug][gc,phases      ] GC(183)     Total                          Min: 0, Avg:  0.0, Max: 0, Diff: 0, Sum: 0, Workers: 4
[1697.440s][debug][gc,phases      ] GC(183)   StringDedup Requests0 Weak     Min:  0.0, Avg:  0.0, Max:  0.0, Diff:  0.0, Sum:  0.0, Workers: 4
[1697.440s][debug][gc,phases      ] GC(183)     Dead                           Min: 0, Avg:  0.0, Max: 0, Diff: 0, Sum: 0, Workers: 4
[1697.440s][debug][gc,phases      ] GC(183)     Total                          Min: 0, Avg:  0.0, Max: 0, Diff: 0, Sum: 0, Workers: 4
[1697.440s][debug][gc,phases      ] GC(183)   StringDedup Requests1 Weak     Min:  0.0, Avg:  0.0, Max:  0.0, Diff:  0.0, Sum:  0.0, Workers: 4
[1697.440s][debug][gc,phases      ] GC(183)     Dead                           Min: 0, Avg:  0.0, Max: 0, Diff: 0, Sum: 0, Workers: 4
[1697.440s][debug][gc,phases      ] GC(183)     Total                          Min: 0, Avg:  0.0, Max: 0, Diff: 0, Sum: 0, Workers: 4
[1697.440s][debug][gc,phases      ] GC(183)   Weak JFR Old Object Samples    Min:  0.0, Avg:  0.0, Max:  0.0, Diff:  0.0, Sum:  0.0, Workers: 4
[1697.440s][debug][gc,phases      ] GC(183)     Dead                           Min: 0, Avg:  0.0, Max: 0, Diff: 0, Sum: 0, Workers: 4
[1697.440s][debug][gc,phases      ] GC(183)     Total                          Min: 0, Avg:  0.0, Max: 0, Diff: 0, Sum: 0, Workers: 4
[1697.440s][debug][gc,phases      ] GC(183) Weak Processing 0.316ms
[1697.440s][debug][gc,age         ] GC(183) Desired survivor size 124780544 bytes, new threshold 15 (max threshold 15)
[1697.440s][info ][gc,heap        ] GC(183) PSYoungGen: 1839952K(1969152K)->4000K(1963520K) Eden: 1835520K(1835520K)->0K(1835520K) From: 4432K(133632K)->4000K(128000K)
[1697.440s][info ][gc,heap        ] GC(183) ParOldGen: 590876K(740864K)->590884K(740864K)
[1697.440s][info ][gc,metaspace   ] GC(183) Metaspace: 85369K(86272K)->85369K(86272K) NonClass: 73365K(73856K)->73365K(73856K) Class: 12003K(12416K)->12003K(12416K)
[1697.440s][info ][gc             ] GC(183) Pause Young (Allocation Failure) 2373M->580M(2641M) 5.659ms
[1697.440s][info ][gc,cpu         ] GC(183) User=0.02s Sys=0.00s Real=0.00s
[1697.440s][info ][safepoint      ] Safepoint "ParallelGCFailedAllocation", Time since last: 7383888189 ns, Reaching safepoint: 52402 ns, At safepoint: 5744936 ns, Total: 5797338 ns
[1699.440s][info ][safepoint      ] Safepoint "Cleanup", Time since last: 2000155482 ns, Reaching safepoint: 48601 ns, At safepoint: 2800 ns, Total: 51401 ns
[1709.441s][info ][safepoint      ] Safepoint "Cleanup", Time since last: 10000719001 ns, Reaching safepoint: 117203 ns, At safepoint: 5300 ns, Total: 122503 ns
[1715.892s][info ][gc,start       ] GC(184) Pause Young (Allocation Failure)
[1715.897s][debug][gc,phases      ] GC(184) Scavenge 5.195ms
[1715.898s][debug][gc,ref         ] GC(184) Skipped phase 1 of Reference Processing: no references
[1715.898s][debug][gc,ref         ] GC(184) ReferenceProcessor::execute queues: 1, RefProcThreadModel::Single, marks_oops_alive: false
[1715.898s][debug][gc,ref         ] GC(184) Skipped phase 3 of Reference Processing: no references
[1715.898s][debug][gc,ref         ] GC(184) ReferenceProcessor::execute queues: 1, RefProcThreadModel::Single, marks_oops_alive: false
[1715.898s][debug][gc,phases      ] GC(184) Reference Processing 0.105ms
[1715.898s][debug][gc,phases      ] GC(184)   VM Weak                        Min:  0.0, Avg:  0.0, Max:  0.0, Diff:  0.0, Sum:  0.0, Workers: 4
[1715.898s][debug][gc,phases      ] GC(184)     Dead                           Min: 0, Avg:  0.0, Max: 0, Diff: 0, Sum: 0, Workers: 4
[1715.898s][debug][gc,phases      ] GC(184)     Total                          Min: 0, Avg: 187.8, Max: 751, Diff: 751, Sum: 751, Workers: 4
[1715.898s][debug][gc,phases      ] GC(184)   ObjectSynchronizer Weak        Min:  0.0, Avg:  0.0, Max:  0.0, Diff:  0.0, Sum:  0.0, Workers: 4
[1715.898s][debug][gc,phases      ] GC(184)     Dead                           Min: 0, Avg:  0.0, Max: 0, Diff: 0, Sum: 0, Workers: 4
[1715.898s][debug][gc,phases      ] GC(184)     Total                          Min: 0, Avg: 98.5, Max: 202, Diff: 202, Sum: 394, Workers: 4
[1715.898s][debug][gc,phases      ] GC(184)   JVMTI Tag Weak OopStorage      Min:  0.0, Avg:  0.0, Max:  0.0, Diff:  0.0, Sum:  0.0, Workers: 4
[1715.898s][debug][gc,phases      ] GC(184)     Dead                           Min: 0, Avg:  0.0, Max: 0, Diff: 0, Sum: 0, Workers: 4
[1715.898s][debug][gc,phases      ] GC(184)     Total                          Min: 0, Avg:  0.0, Max: 0, Diff: 0, Sum: 0, Workers: 4
[1715.898s][debug][gc,phases      ] GC(184)   StringTable Weak               Min:  0.1, Avg:  0.1, Max:  0.1, Diff:  0.0, Sum:  0.4, Workers: 4
[1715.898s][debug][gc,phases      ] GC(184)     Dead                           Min: 0, Avg:  0.0, Max: 0, Diff: 0, Sum: 0, Workers: 4
[1715.898s][debug][gc,phases      ] GC(184)     Total                          Min: 11840, Avg: 12237.5, Max: 12736, Diff: 896, Sum: 48950, Workers: 4
[1715.898s][debug][gc,phases      ] GC(184)   ResolvedMethodTable Weak       Min:  0.0, Avg:  0.0, Max:  0.0, Diff:  0.0, Sum:  0.1, Workers: 4
[1715.898s][debug][gc,phases      ] GC(184)     Dead                           Min: 0, Avg:  0.0, Max: 0, Diff: 0, Sum: 0, Workers: 4
[1715.898s][debug][gc,phases      ] GC(184)     Total                          Min: 2112, Avg: 2229.5, Max: 2326, Diff: 214, Sum: 8918, Workers: 4
[1715.898s][debug][gc,phases      ] GC(184)   JNI Weak                       Min:  0.0, Avg:  0.0, Max:  0.0, Diff:  0.0, Sum:  0.0, Workers: 4
[1715.898s][debug][gc,phases      ] GC(184)     Dead                           Min: 0, Avg:  0.0, Max: 0, Diff: 0, Sum: 0, Workers: 4
[1715.898s][debug][gc,phases      ] GC(184)     Total                          Min: 0, Avg:  0.0, Max: 0, Diff: 0, Sum: 0, Workers: 4
[1715.898s][debug][gc,phases      ] GC(184)   StringDedup Table Weak         Min:  0.0, Avg:  0.0, Max:  0.0, Diff:  0.0, Sum:  0.0, Workers: 4
[1715.898s][debug][gc,phases      ] GC(184)     Dead                           Min: 0, Avg:  0.0, Max: 0, Diff: 0, Sum: 0, Workers: 4
[1715.898s][debug][gc,phases      ] GC(184)     Total                          Min: 0, Avg:  0.0, Max: 0, Diff: 0, Sum: 0, Workers: 4
[1715.898s][debug][gc,phases      ] GC(184)   StringDedup Requests0 Weak     Min:  0.0, Avg:  0.0, Max:  0.0, Diff:  0.0, Sum:  0.0, Workers: 4
[1715.898s][debug][gc,phases      ] GC(184)     Dead                           Min: 0, Avg:  0.0, Max: 0, Diff: 0, Sum: 0, Workers: 4
[1715.898s][debug][gc,phases      ] GC(184)     Total                          Min: 0, Avg:  0.0, Max: 0, Diff: 0, Sum: 0, Workers: 4
[1715.898s][debug][gc,phases      ] GC(184)   StringDedup Requests1 Weak     Min:  0.0, Avg:  0.0, Max:  0.0, Diff:  0.0, Sum:  0.0, Workers: 4
[1715.898s][debug][gc,phases      ] GC(184)     Dead                           Min: 0, Avg:  0.0, Max: 0, Diff: 0, Sum: 0, Workers: 4
[1715.898s][debug][gc,phases      ] GC(184)     Total                          Min: 0, Avg:  0.0, Max: 0, Diff: 0, Sum: 0, Workers: 4
[1715.898s][debug][gc,phases      ] GC(184)   Weak JFR Old Object Samples    Min:  0.0, Avg:  0.0, Max:  0.0, Diff:  0.0, Sum:  0.0, Workers: 4
[1715.898s][debug][gc,phases      ] GC(184)     Dead                           Min: 0, Avg:  0.0, Max: 0, Diff: 0, Sum: 0, Workers: 4
[1715.898s][debug][gc,phases      ] GC(184)     Total                          Min: 0, Avg:  0.0, Max: 0, Diff: 0, Sum: 0, Workers: 4
[1715.898s][debug][gc,phases      ] GC(184) Weak Processing 0.307ms
[1715.898s][debug][gc,age         ] GC(184) Desired survivor size 119013376 bytes, new threshold 15 (max threshold 15)
[1715.898s][info ][gc,heap        ] GC(184) PSYoungGen: 1839520K(1963520K)->3984K(1980928K) Eden: 1835520K(1835520K)->0K(1859072K) From: 4000K(128000K)->3984K(121856K)
[1715.898s][info ][gc,heap        ] GC(184) ParOldGen: 590884K(740864K)->590884K(740864K)
[1715.898s][info ][gc,metaspace   ] GC(184) Metaspace: 85369K(86272K)->85369K(86272K) NonClass: 73365K(73856K)->73365K(73856K) Class: 12003K(12416K)->12003K(12416K)
[1715.898s][info ][gc             ] GC(184) Pause Young (Allocation Failure) 2373M->580M(2658M) 5.732ms
[1715.898s][info ][gc,cpu         ] GC(184) User=0.02s Sys=0.00s Real=0.00s
[1715.898s][info ][safepoint      ] Safepoint "ParallelGCFailedAllocation", Time since last: 6450889428 ns, Reaching safepoint: 47402 ns, At safepoint: 5832138 ns, Total: 5879540 ns
[1733.899s][info ][safepoint      ] Safepoint "Cleanup", Time since last: 18001108983 ns, Reaching safepoint: 60102 ns, At safepoint: 5800 ns, Total: 65902 ns
[1734.477s][info ][gc,start       ] GC(185) Pause Young (Allocation Failure)
[1734.482s][debug][gc,phases      ] GC(185) Scavenge 5.321ms
[1734.482s][debug][gc,ref         ] GC(185) Skipped phase 1 of Reference Processing: no references
[1734.482s][debug][gc,ref         ] GC(185) ReferenceProcessor::execute queues: 1, RefProcThreadModel::Single, marks_oops_alive: false
[1734.482s][debug][gc,ref         ] GC(185) Skipped phase 3 of Reference Processing: no references
[1734.482s][debug][gc,ref         ] GC(185) ReferenceProcessor::execute queues: 1, RefProcThreadModel::Single, marks_oops_alive: false
[1734.482s][debug][gc,phases      ] GC(185) Reference Processing 0.108ms
[1734.482s][debug][gc,phases      ] GC(185)   VM Weak                        Min:  0.0, Avg:  0.0, Max:  0.0, Diff:  0.0, Sum:  0.0, Workers: 4
[1734.482s][debug][gc,phases      ] GC(185)     Dead                           Min: 0, Avg:  0.0, Max: 0, Diff: 0, Sum: 0, Workers: 4
[1734.482s][debug][gc,phases      ] GC(185)     Total                          Min: 0, Avg: 187.8, Max: 751, Diff: 751, Sum: 751, Workers: 4
[1734.482s][debug][gc,phases      ] GC(185)   ObjectSynchronizer Weak        Min:  0.0, Avg:  0.0, Max:  0.0, Diff:  0.0, Sum:  0.0, Workers: 4
[1734.482s][debug][gc,phases      ] GC(185)     Dead                           Min: 0, Avg:  0.0, Max: 0, Diff: 0, Sum: 0, Workers: 4
[1734.482s][debug][gc,phases      ] GC(185)     Total                          Min: 0, Avg: 98.5, Max: 202, Diff: 202, Sum: 394, Workers: 4
[1734.482s][debug][gc,phases      ] GC(185)   JVMTI Tag Weak OopStorage      Min:  0.0, Avg:  0.0, Max:  0.0, Diff:  0.0, Sum:  0.0, Workers: 4
[1734.482s][debug][gc,phases      ] GC(185)     Dead                           Min: 0, Avg:  0.0, Max: 0, Diff: 0, Sum: 0, Workers: 4
[1734.482s][debug][gc,phases      ] GC(185)     Total                          Min: 0, Avg:  0.0, Max: 0, Diff: 0, Sum: 0, Workers: 4
[1734.482s][debug][gc,phases      ] GC(185)   StringTable Weak               Min:  0.1, Avg:  0.1, Max:  0.1, Diff:  0.0, Sum:  0.4, Workers: 4
[1734.482s][debug][gc,phases      ] GC(185)     Dead                           Min: 0, Avg:  0.0, Max: 0, Diff: 0, Sum: 0, Workers: 4
[1734.482s][debug][gc,phases      ] GC(185)     Total                          Min: 11328, Avg: 12237.5, Max: 12928, Diff: 1600, Sum: 48950, Workers: 4
[1734.482s][debug][gc,phases      ] GC(185)   ResolvedMethodTable Weak       Min:  0.0, Avg:  0.0, Max:  0.0, Diff:  0.0, Sum:  0.1, Workers: 4
[1734.482s][debug][gc,phases      ] GC(185)     Dead                           Min: 0, Avg:  0.0, Max: 0, Diff: 0, Sum: 0, Workers: 4
[1734.482s][debug][gc,phases      ] GC(185)     Total                          Min: 1984, Avg: 2229.5, Max: 2432, Diff: 448, Sum: 8918, Workers: 4
[1734.482s][debug][gc,phases      ] GC(185)   JNI Weak                       Min:  0.0, Avg:  0.0, Max:  0.0, Diff:  0.0, Sum:  0.0, Workers: 4
[1734.482s][debug][gc,phases      ] GC(185)     Dead                           Min: 0, Avg:  0.0, Max: 0, Diff: 0, Sum: 0, Workers: 4
[1734.482s][debug][gc,phases      ] GC(185)     Total                          Min: 0, Avg:  0.0, Max: 0, Diff: 0, Sum: 0, Workers: 4
[1734.482s][debug][gc,phases      ] GC(185)   StringDedup Table Weak         Min:  0.0, Avg:  0.0, Max:  0.0, Diff:  0.0, Sum:  0.0, Workers: 4
[1734.482s][debug][gc,phases      ] GC(185)     Dead                           Min: 0, Avg:  0.0, Max: 0, Diff: 0, Sum: 0, Workers: 4
[1734.482s][debug][gc,phases      ] GC(185)     Total                          Min: 0, Avg:  0.0, Max: 0, Diff: 0, Sum: 0, Workers: 4
[1734.482s][debug][gc,phases      ] GC(185)   StringDedup Requests0 Weak     Min:  0.0, Avg:  0.0, Max:  0.0, Diff:  0.0, Sum:  0.0, Workers: 4
[1734.482s][debug][gc,phases      ] GC(185)     Dead                           Min: 0, Avg:  0.0, Max: 0, Diff: 0, Sum: 0, Workers: 4
[1734.482s][debug][gc,phases      ] GC(185)     Total                          Min: 0, Avg:  0.0, Max: 0, Diff: 0, Sum: 0, Workers: 4
[1734.482s][debug][gc,phases      ] GC(185)   StringDedup Requests1 Weak     Min:  0.0, Avg:  0.0, Max:  0.0, Diff:  0.0, Sum:  0.0, Workers: 4
[1734.482s][debug][gc,phases      ] GC(185)     Dead                           Min: 0, Avg:  0.0, Max: 0, Diff: 0, Sum: 0, Workers: 4
[1734.482s][debug][gc,phases      ] GC(185)     Total                          Min: 0, Avg:  0.0, Max: 0, Diff: 0, Sum: 0, Workers: 4
[1734.482s][debug][gc,phases      ] GC(185)   Weak JFR Old Object Samples    Min:  0.0, Avg:  0.0, Max:  0.0, Diff:  0.0, Sum:  0.0, Workers: 4
[1734.482s][debug][gc,phases      ] GC(185)     Dead                           Min: 0, Avg:  0.0, Max: 0, Diff: 0, Sum: 0, Workers: 4
[1734.482s][debug][gc,phases      ] GC(185)     Total                          Min: 0, Avg:  0.0, Max: 0, Diff: 0, Sum: 0, Workers: 4
[1734.482s][debug][gc,phases      ] GC(185) Weak Processing 0.328ms
[1734.482s][debug][gc,age         ] GC(185) Desired survivor size 112721920 bytes, new threshold 15 (max threshold 15)
[1734.482s][info ][gc,heap        ] GC(185) PSYoungGen: 1863056K(1980928K)->3936K(1975296K) Eden: 1859072K(1859072K)->0K(1859072K) From: 3984K(121856K)->3936K(116224K)
[1734.482s][info ][gc,heap        ] GC(185) ParOldGen: 590884K(740864K)->591044K(740864K)
[1734.482s][info ][gc,metaspace   ] GC(185) Metaspace: 85369K(86272K)->85369K(86272K) NonClass: 73366K(73856K)->73366K(73856K) Class: 12003K(12416K)->12003K(12416K)
[1734.482s][info ][gc             ] GC(185) Pause Young (Allocation Failure) 2396M->581M(2652M) 5.892ms
[1734.482s][info ][gc,cpu         ] GC(185) User=0.03s Sys=0.00s Real=0.00s
[1734.482s][info ][safepoint      ] Safepoint "ParallelGCFailedAllocation", Time since last: 577268702 ns, Reaching safepoint: 40401 ns, At safepoint: 5979641 ns, Total: 6020042 ns
[1742.483s][info ][safepoint      ] Safepoint "Cleanup", Time since last: 8000521995 ns, Reaching safepoint: 65402 ns, At safepoint: 9100 ns, Total: 74502 ns
[1753.245s][info ][gc,start       ] GC(186) Pause Young (Allocation Failure)
[1753.250s][debug][gc,phases      ] GC(186) Scavenge 4.739ms
[1753.250s][debug][gc,ref         ] GC(186) Skipped phase 1 of Reference Processing: no references
[1753.250s][debug][gc,ref         ] GC(186) ReferenceProcessor::execute queues: 1, RefProcThreadModel::Single, marks_oops_alive: false
[1753.250s][debug][gc,ref         ] GC(186) Skipped phase 3 of Reference Processing: no references
[1753.250s][debug][gc,ref         ] GC(186) ReferenceProcessor::execute queues: 1, RefProcThreadModel::Single, marks_oops_alive: false
[1753.250s][debug][gc,phases      ] GC(186) Reference Processing 0.106ms
[1753.250s][debug][gc,phases      ] GC(186)   VM Weak                        Min:  0.0, Avg:  0.0, Max:  0.0, Diff:  0.0, Sum:  0.0, Workers: 4
[1753.250s][debug][gc,phases      ] GC(186)     Dead                           Min: 0, Avg:  0.0, Max: 0, Diff: 0, Sum: 0, Workers: 4
[1753.250s][debug][gc,phases      ] GC(186)     Total                          Min: 0, Avg: 187.8, Max: 384, Diff: 384, Sum: 751, Workers: 4
[1753.250s][debug][gc,phases      ] GC(186)   ObjectSynchronizer Weak        Min:  0.0, Avg:  0.0, Max:  0.0, Diff:  0.0, Sum:  0.0, Workers: 4
[1753.250s][debug][gc,phases      ] GC(186)     Dead                           Min: 0, Avg:  0.0, Max: 0, Diff: 0, Sum: 0, Workers: 4
[1753.250s][debug][gc,phases      ] GC(186)     Total                          Min: 0, Avg: 98.5, Max: 138, Diff: 138, Sum: 394, Workers: 4
[1753.250s][debug][gc,phases      ] GC(186)   JVMTI Tag Weak OopStorage      Min:  0.0, Avg:  0.0, Max:  0.0, Diff:  0.0, Sum:  0.0, Workers: 4
[1753.250s][debug][gc,phases      ] GC(186)     Dead                           Min: 0, Avg:  0.0, Max: 0, Diff: 0, Sum: 0, Workers: 4
[1753.250s][debug][gc,phases      ] GC(186)     Total                          Min: 0, Avg:  0.0, Max: 0, Diff: 0, Sum: 0, Workers: 4
[1753.250s][debug][gc,phases      ] GC(186)   StringTable Weak               Min:  0.1, Avg:  0.1, Max:  0.1, Diff:  0.0, Sum:  0.4, Workers: 4
[1753.250s][debug][gc,phases      ] GC(186)     Dead                           Min: 0, Avg:  0.0, Max: 0, Diff: 0, Sum: 0, Workers: 4
[1753.250s][debug][gc,phases      ] GC(186)     Total                          Min: 11840, Avg: 12237.5, Max: 12662, Diff: 822, Sum: 48950, Workers: 4
[1753.250s][debug][gc,phases      ] GC(186)   ResolvedMethodTable Weak       Min:  0.0, Avg:  0.0, Max:  0.0, Diff:  0.0, Sum:  0.1, Workers: 4
[1753.250s][debug][gc,phases      ] GC(186)     Dead                           Min: 0, Avg:  0.0, Max: 0, Diff: 0, Sum: 0, Workers: 4
[1753.250s][debug][gc,phases      ] GC(186)     Total                          Min: 2112, Avg: 2229.5, Max: 2496, Diff: 384, Sum: 8918, Workers: 4
[1753.250s][debug][gc,phases      ] GC(186)   JNI Weak                       Min:  0.0, Avg:  0.0, Max:  0.0, Diff:  0.0, Sum:  0.0, Workers: 4
[1753.250s][debug][gc,phases      ] GC(186)     Dead                           Min: 0, Avg:  0.0, Max: 0, Diff: 0, Sum: 0, Workers: 4
[1753.250s][debug][gc,phases      ] GC(186)     Total                          Min: 0, Avg:  0.0, Max: 0, Diff: 0, Sum: 0, Workers: 4
[1753.250s][debug][gc,phases      ] GC(186)   StringDedup Table Weak         Min:  0.0, Avg:  0.0, Max:  0.0, Diff:  0.0, Sum:  0.0, Workers: 4
[1753.250s][debug][gc,phases      ] GC(186)     Dead                           Min: 0, Avg:  0.0, Max: 0, Diff: 0, Sum: 0, Workers: 4
[1753.250s][debug][gc,phases      ] GC(186)     Total                          Min: 0, Avg:  0.0, Max: 0, Diff: 0, Sum: 0, Workers: 4
[1753.250s][debug][gc,phases      ] GC(186)   StringDedup Requests0 Weak     Min:  0.0, Avg:  0.0, Max:  0.0, Diff:  0.0, Sum:  0.0, Workers: 4
[1753.250s][debug][gc,phases      ] GC(186)     Dead                           Min: 0, Avg:  0.0, Max: 0, Diff: 0, Sum: 0, Workers: 4
[1753.250s][debug][gc,phases      ] GC(186)     Total                          Min: 0, Avg:  0.0, Max: 0, Diff: 0, Sum: 0, Workers: 4
[1753.250s][debug][gc,phases      ] GC(186)   StringDedup Requests1 Weak     Min:  0.0, Avg:  0.0, Max:  0.0, Diff:  0.0, Sum:  0.0, Workers: 4
[1753.250s][debug][gc,phases      ] GC(186)     Dead                           Min: 0, Avg:  0.0, Max: 0, Diff: 0, Sum: 0, Workers: 4
[1753.250s][debug][gc,phases      ] GC(186)     Total                          Min: 0, Avg:  0.0, Max: 0, Diff: 0, Sum: 0, Workers: 4
[1753.250s][debug][gc,phases      ] GC(186)   Weak JFR Old Object Samples    Min:  0.0, Avg:  0.0, Max:  0.0, Diff:  0.0, Sum:  0.0, Workers: 4
[1753.250s][debug][gc,phases      ] GC(186)     Dead                           Min: 0, Avg:  0.0, Max: 0, Diff: 0, Sum: 0, Workers: 4
[1753.250s][debug][gc,phases      ] GC(186)     Total                          Min: 0, Avg:  0.0, Max: 0, Diff: 0, Sum: 0, Workers: 4
[1753.250s][debug][gc,phases      ] GC(186) Weak Processing 0.319ms
[1753.250s][debug][gc,age         ] GC(186) Desired survivor size 106954752 bytes, new threshold 15 (max threshold 15)
[1753.250s][info ][gc,heap        ] GC(186) PSYoungGen: 1863008K(1975296K)->3840K(1992704K) Eden: 1859072K(1859072K)->0K(1882624K) From: 3936K(116224K)->3840K(110080K)
[1753.250s][info ][gc,heap        ] GC(186) ParOldGen: 591044K(740864K)->591076K(740864K)
[1753.250s][info ][gc,metaspace   ] GC(186) Metaspace: 85373K(86272K)->85373K(86272K) NonClass: 73369K(73856K)->73369K(73856K) Class: 12003K(12416K)->12003K(12416K)
[1753.250s][info ][gc             ] GC(186) Pause Young (Allocation Failure) 2396M->580M(2669M) 5.298ms
[1753.250s][info ][gc,cpu         ] GC(186) User=0.02s Sys=0.00s Real=0.00s
[1753.250s][info ][safepoint      ] Safepoint "ParallelGCFailedAllocation", Time since last: 10761700723 ns, Reaching safepoint: 39301 ns, At safepoint: 5416828 ns, Total: 5456129 ns
[1754.250s][info ][safepoint      ] Safepoint "Cleanup", Time since last: 1000086936 ns, Reaching safepoint: 49102 ns, At safepoint: 4400 ns, Total: 53502 ns
[1772.296s][info ][gc,start       ] GC(187) Pause Young (Allocation Failure)
[1772.302s][debug][gc,phases      ] GC(187) Scavenge 5.940ms
[1772.302s][debug][gc,ref         ] GC(187) Skipped phase 1 of Reference Processing: no references
[1772.302s][debug][gc,ref         ] GC(187) ReferenceProcessor::execute queues: 1, RefProcThreadModel::Single, marks_oops_alive: false
[1772.302s][debug][gc,ref         ] GC(187) Skipped phase 3 of Reference Processing: no references
[1772.302s][debug][gc,ref         ] GC(187) ReferenceProcessor::execute queues: 1, RefProcThreadModel::Single, marks_oops_alive: false
[1772.302s][debug][gc,phases      ] GC(187) Reference Processing 0.118ms
[1772.302s][debug][gc,phases      ] GC(187)   VM Weak                        Min:  0.0, Avg:  0.0, Max:  0.0, Diff:  0.0, Sum:  0.0, Workers: 4
[1772.302s][debug][gc,phases      ] GC(187)     Dead                           Min: 0, Avg:  0.0, Max: 0, Diff: 0, Sum: 0, Workers: 4
[1772.302s][debug][gc,phases      ] GC(187)     Total                          Min: 0, Avg: 187.8, Max: 640, Diff: 640, Sum: 751, Workers: 4
[1772.302s][debug][gc,phases      ] GC(187)   ObjectSynchronizer Weak        Min:  0.0, Avg:  0.0, Max:  0.0, Diff:  0.0, Sum:  0.0, Workers: 4
[1772.302s][debug][gc,phases      ] GC(187)     Dead                           Min: 0, Avg:  0.0, Max: 0, Diff: 0, Sum: 0, Workers: 4
[1772.302s][debug][gc,phases      ] GC(187)     Total                          Min: 0, Avg: 98.5, Max: 256, Diff: 256, Sum: 394, Workers: 4
[1772.302s][debug][gc,phases      ] GC(187)   JVMTI Tag Weak OopStorage      Min:  0.0, Avg:  0.0, Max:  0.0, Diff:  0.0, Sum:  0.0, Workers: 4
[1772.303s][debug][gc,phases      ] GC(187)     Dead                           Min: 0, Avg:  0.0, Max: 0, Diff: 0, Sum: 0, Workers: 4
[1772.303s][debug][gc,phases      ] GC(187)     Total                          Min: 0, Avg:  0.0, Max: 0, Diff: 0, Sum: 0, Workers: 4
[1772.303s][debug][gc,phases      ] GC(187)   StringTable Weak               Min:  0.1, Avg:  0.1, Max:  0.1, Diff:  0.0, Sum:  0.4, Workers: 4
[1772.303s][debug][gc,phases      ] GC(187)     Dead                           Min: 0, Avg:  0.0, Max: 0, Diff: 0, Sum: 0, Workers: 4
[1772.303s][debug][gc,phases      ] GC(187)     Total                          Min: 11264, Avg: 12237.5, Max: 12736, Diff: 1472, Sum: 48950, Workers: 4
[1772.303s][debug][gc,phases      ] GC(187)   ResolvedMethodTable Weak       Min:  0.0, Avg:  0.0, Max:  0.0, Diff:  0.0, Sum:  0.1, Workers: 4
[1772.303s][debug][gc,phases      ] GC(187)     Dead                           Min: 0, Avg:  0.0, Max: 0, Diff: 0, Sum: 0, Workers: 4
[1772.303s][debug][gc,phases      ] GC(187)     Total                          Min: 2048, Avg: 2229.5, Max: 2496, Diff: 448, Sum: 8918, Workers: 4
[1772.303s][debug][gc,phases      ] GC(187)   JNI Weak                       Min:  0.0, Avg:  0.0, Max:  0.0, Diff:  0.0, Sum:  0.0, Workers: 4
[1772.303s][debug][gc,phases      ] GC(187)     Dead                           Min: 0, Avg:  0.0, Max: 0, Diff: 0, Sum: 0, Workers: 4
[1772.303s][debug][gc,phases      ] GC(187)     Total                          Min: 0, Avg:  0.0, Max: 0, Diff: 0, Sum: 0, Workers: 4
[1772.303s][debug][gc,phases      ] GC(187)   StringDedup Table Weak         Min:  0.0, Avg:  0.0, Max:  0.0, Diff:  0.0, Sum:  0.0, Workers: 4
[1772.303s][debug][gc,phases      ] GC(187)     Dead                           Min: 0, Avg:  0.0, Max: 0, Diff: 0, Sum: 0, Workers: 4
[1772.303s][debug][gc,phases      ] GC(187)     Total                          Min: 0, Avg:  0.0, Max: 0, Diff: 0, Sum: 0, Workers: 4
[1772.303s][debug][gc,phases      ] GC(187)   StringDedup Requests0 Weak     Min:  0.0, Avg:  0.0, Max:  0.0, Diff:  0.0, Sum:  0.0, Workers: 4
[1772.303s][debug][gc,phases      ] GC(187)     Dead                           Min: 0, Avg:  0.0, Max: 0, Diff: 0, Sum: 0, Workers: 4
[1772.303s][debug][gc,phases      ] GC(187)     Total                          Min: 0, Avg:  0.0, Max: 0, Diff: 0, Sum: 0, Workers: 4
[1772.303s][debug][gc,phases      ] GC(187)   StringDedup Requests1 Weak     Min:  0.0, Avg:  0.0, Max:  0.0, Diff:  0.0, Sum:  0.0, Workers: 4
[1772.303s][debug][gc,phases      ] GC(187)     Dead                           Min: 0, Avg:  0.0, Max: 0, Diff: 0, Sum: 0, Workers: 4
[1772.303s][debug][gc,phases      ] GC(187)     Total                          Min: 0, Avg:  0.0, Max: 0, Diff: 0, Sum: 0, Workers: 4
[1772.303s][debug][gc,phases      ] GC(187)   Weak JFR Old Object Samples    Min:  0.0, Avg:  0.0, Max:  0.0, Diff:  0.0, Sum:  0.0, Workers: 4
[1772.303s][debug][gc,phases      ] GC(187)     Dead                           Min: 0, Avg:  0.0, Max: 0, Diff: 0, Sum: 0, Workers: 4
[1772.303s][debug][gc,phases      ] GC(187)     Total                          Min: 0, Avg:  0.0, Max: 0, Diff: 0, Sum: 0, Workers: 4
[1772.303s][debug][gc,phases      ] GC(187) Weak Processing 0.316ms
[1772.303s][debug][gc,age         ] GC(187) Desired survivor size 101187584 bytes, new threshold 15 (max threshold 15)
[1772.303s][info ][gc,heap        ] GC(187) PSYoungGen: 1886464K(1992704K)->2560K(1987072K) Eden: 1882624K(1882624K)->0K(1882624K) From: 3840K(110080K)->2560K(104448K)
[1772.303s][info ][gc,heap        ] GC(187) ParOldGen: 591076K(740864K)->592372K(740864K)
[1772.303s][info ][gc,metaspace   ] GC(187) Metaspace: 85375K(86272K)->85375K(86272K) NonClass: 73372K(73856K)->73372K(73856K) Class: 12003K(12416K)->12003K(12416K)
[1772.303s][info ][gc             ] GC(187) Pause Young (Allocation Failure) 2419M->580M(2664M) 6.502ms
[1772.303s][info ][gc,cpu         ] GC(187) User=0.02s Sys=0.00s Real=0.00s
[1772.303s][info ][safepoint      ] Safepoint "ParallelGCFailedAllocation", Time since last: 18045665480 ns, Reaching safepoint: 59301 ns, At safepoint: 6596857 ns, Total: 6656158 ns
[1791.539s][info ][gc,start       ] GC(188) Pause Young (Allocation Failure)
[1791.543s][debug][gc,phases      ] GC(188) Scavenge 4.487ms
[1791.544s][debug][gc,ref         ] GC(188) Skipped phase 1 of Reference Processing: no references
[1791.544s][debug][gc,ref         ] GC(188) ReferenceProcessor::execute queues: 1, RefProcThreadModel::Single, marks_oops_alive: false
[1791.544s][debug][gc,ref         ] GC(188) Skipped phase 3 of Reference Processing: no references
[1791.544s][debug][gc,ref         ] GC(188) ReferenceProcessor::execute queues: 1, RefProcThreadModel::Single, marks_oops_alive: false
[1791.544s][debug][gc,phases      ] GC(188) Reference Processing 0.109ms
[1791.544s][debug][gc,phases      ] GC(188)   VM Weak                        Min:  0.0, Avg:  0.0, Max:  0.0, Diff:  0.0, Sum:  0.0, Workers: 4
[1791.544s][debug][gc,phases      ] GC(188)     Dead                           Min: 0, Avg:  0.0, Max: 0, Diff: 0, Sum: 0, Workers: 4
[1791.544s][debug][gc,phases      ] GC(188)     Total                          Min: 0, Avg: 187.8, Max: 751, Diff: 751, Sum: 751, Workers: 4
[1791.544s][debug][gc,phases      ] GC(188)   ObjectSynchronizer Weak        Min:  0.0, Avg:  0.0, Max:  0.0, Diff:  0.0, Sum:  0.0, Workers: 4
[1791.544s][debug][gc,phases      ] GC(188)     Dead                           Min: 0, Avg:  0.0, Max: 0, Diff: 0, Sum: 0, Workers: 4
[1791.544s][debug][gc,phases      ] GC(188)     Total                          Min: 0, Avg: 98.5, Max: 320, Diff: 320, Sum: 394, Workers: 4
[1791.544s][debug][gc,phases      ] GC(188)   JVMTI Tag Weak OopStorage      Min:  0.0, Avg:  0.0, Max:  0.0, Diff:  0.0, Sum:  0.0, Workers: 4
[1791.544s][debug][gc,phases      ] GC(188)     Dead                           Min: 0, Avg:  0.0, Max: 0, Diff: 0, Sum: 0, Workers: 4
[1791.544s][debug][gc,phases      ] GC(188)     Total                          Min: 0, Avg:  0.0, Max: 0, Diff: 0, Sum: 0, Workers: 4
[1791.544s][debug][gc,phases      ] GC(188)   StringTable Weak               Min:  0.1, Avg:  0.1, Max:  0.1, Diff:  0.0, Sum:  0.4, Workers: 4
[1791.544s][debug][gc,phases      ] GC(188)     Dead                           Min: 0, Avg:  0.0, Max: 0, Diff: 0, Sum: 0, Workers: 4
[1791.544s][debug][gc,phases      ] GC(188)     Total                          Min: 12022, Avg: 12237.5, Max: 12416, Diff: 394, Sum: 48950, Workers: 4
[1791.544s][debug][gc,phases      ] GC(188)   ResolvedMethodTable Weak       Min:  0.0, Avg:  0.0, Max:  0.0, Diff:  0.0, Sum:  0.1, Workers: 4
[1791.544s][debug][gc,phases      ] GC(188)     Dead                           Min: 0, Avg:  0.0, Max: 0, Diff: 0, Sum: 0, Workers: 4
[1791.544s][debug][gc,phases      ] GC(188)     Total                          Min: 2006, Avg: 2229.5, Max: 2496, Diff: 490, Sum: 8918, Workers: 4
[1791.544s][debug][gc,phases      ] GC(188)   JNI Weak                       Min:  0.0, Avg:  0.0, Max:  0.0, Diff:  0.0, Sum:  0.0, Workers: 4
[1791.544s][debug][gc,phases      ] GC(188)     Dead                           Min: 0, Avg:  0.0, Max: 0, Diff: 0, Sum: 0, Workers: 4
[1791.544s][debug][gc,phases      ] GC(188)     Total                          Min: 0, Avg:  0.0, Max: 0, Diff: 0, Sum: 0, Workers: 4
[1791.544s][debug][gc,phases      ] GC(188)   StringDedup Table Weak         Min:  0.0, Avg:  0.0, Max:  0.0, Diff:  0.0, Sum:  0.0, Workers: 4
[1791.544s][debug][gc,phases      ] GC(188)     Dead                           Min: 0, Avg:  0.0, Max: 0, Diff: 0, Sum: 0, Workers: 4
[1791.544s][debug][gc,phases      ] GC(188)     Total                          Min: 0, Avg:  0.0, Max: 0, Diff: 0, Sum: 0, Workers: 4
[1791.544s][debug][gc,phases      ] GC(188)   StringDedup Requests0 Weak     Min:  0.0, Avg:  0.0, Max:  0.0, Diff:  0.0, Sum:  0.0, Workers: 4
[1791.544s][debug][gc,phases      ] GC(188)     Dead                           Min: 0, Avg:  0.0, Max: 0, Diff: 0, Sum: 0, Workers: 4
[1791.544s][debug][gc,phases      ] GC(188)     Total                          Min: 0, Avg:  0.0, Max: 0, Diff: 0, Sum: 0, Workers: 4
[1791.544s][debug][gc,phases      ] GC(188)   StringDedup Requests1 Weak     Min:  0.0, Avg:  0.0, Max:  0.0, Diff:  0.0, Sum:  0.0, Workers: 4
[1791.544s][debug][gc,phases      ] GC(188)     Dead                           Min: 0, Avg:  0.0, Max: 0, Diff: 0, Sum: 0, Workers: 4
[1791.544s][debug][gc,phases      ] GC(188)     Total                          Min: 0, Avg:  0.0, Max: 0, Diff: 0, Sum: 0, Workers: 4
[1791.544s][debug][gc,phases      ] GC(188)   Weak JFR Old Object Samples    Min:  0.0, Avg:  0.0, Max:  0.0, Diff:  0.0, Sum:  0.0, Workers: 4
[1791.544s][debug][gc,phases      ] GC(188)     Dead                           Min: 0, Avg:  0.0, Max: 0, Diff: 0, Sum: 0, Workers: 4
[1791.544s][debug][gc,phases      ] GC(188)     Total                          Min: 0, Avg:  0.0, Max: 0, Diff: 0, Sum: 0, Workers: 4
[1791.544s][debug][gc,phases      ] GC(188) Weak Processing 0.325ms
[1791.544s][debug][gc,age         ] GC(188) Desired survivor size 95944704 bytes, new threshold 15 (max threshold 15)
[1791.544s][info ][gc,heap        ] GC(188) PSYoungGen: 1885184K(1987072K)->2080K(2003456K) Eden: 1882624K(1882624K)->0K(1904640K) From: 2560K(104448K)->2080K(98816K)
[1791.544s][info ][gc,heap        ] GC(188) ParOldGen: 592372K(740864K)->592868K(740864K)
[1791.544s][info ][gc,metaspace   ] GC(188) Metaspace: 85375K(86272K)->85375K(86272K) NonClass: 73372K(73856K)->73372K(73856K) Class: 12003K(12416K)->12003K(12416K)
[1791.544s][info ][gc             ] GC(188) Pause Young (Allocation Failure) 2419M->581M(2680M) 5.059ms
[1791.544s][info ][gc,cpu         ] GC(188) User=0.01s Sys=0.00s Real=0.01s
[1791.544s][info ][safepoint      ] Safepoint "ParallelGCFailedAllocation", Time since last: 19236104203 ns, Reaching safepoint: 49201 ns, At safepoint: 5175723 ns, Total: 5224924 ns
[1794.544s][info ][safepoint      ] Safepoint "Cleanup", Time since last: 3000168096 ns, Reaching safepoint: 117903 ns, At safepoint: 9100 ns, Total: 127003 ns
[1804.545s][info ][safepoint      ] Safepoint "Cleanup", Time since last: 10000737620 ns, Reaching safepoint: 117802 ns, At safepoint: 7501 ns, Total: 125303 ns
[1810.495s][info ][gc,start       ] GC(189) Pause Young (Allocation Failure)
[1810.499s][debug][gc,phases      ] GC(189) Scavenge 4.122ms
[1810.499s][debug][gc,ref         ] GC(189) Skipped phase 1 of Reference Processing: no references
[1810.499s][debug][gc,ref         ] GC(189) ReferenceProcessor::execute queues: 1, RefProcThreadModel::Single, marks_oops_alive: false
[1810.499s][debug][gc,ref         ] GC(189) Skipped phase 3 of Reference Processing: no references
[1810.499s][debug][gc,ref         ] GC(189) ReferenceProcessor::execute queues: 1, RefProcThreadModel::Single, marks_oops_alive: false
[1810.499s][debug][gc,phases      ] GC(189) Reference Processing 0.105ms
[1810.500s][debug][gc,phases      ] GC(189)   VM Weak                        Min:  0.0, Avg:  0.0, Max:  0.0, Diff:  0.0, Sum:  0.0, Workers: 4
[1810.500s][debug][gc,phases      ] GC(189)     Dead                           Min: 0, Avg:  0.0, Max: 0, Diff: 0, Sum: 0, Workers: 4
[1810.500s][debug][gc,phases      ] GC(189)     Total                          Min: 0, Avg: 187.8, Max: 751, Diff: 751, Sum: 751, Workers: 4
[1810.500s][debug][gc,phases      ] GC(189)   ObjectSynchronizer Weak        Min:  0.0, Avg:  0.0, Max:  0.0, Diff:  0.0, Sum:  0.0, Workers: 4
[1810.500s][debug][gc,phases      ] GC(189)     Dead                           Min: 0, Avg:  0.0, Max: 0, Diff: 0, Sum: 0, Workers: 4
[1810.500s][debug][gc,phases      ] GC(189)     Total                          Min: 0, Avg: 98.5, Max: 394, Diff: 394, Sum: 394, Workers: 4
[1810.500s][debug][gc,phases      ] GC(189)   JVMTI Tag Weak OopStorage      Min:  0.0, Avg:  0.0, Max:  0.0, Diff:  0.0, Sum:  0.0, Workers: 4
[1810.500s][debug][gc,phases      ] GC(189)     Dead                           Min: 0, Avg:  0.0, Max: 0, Diff: 0, Sum: 0, Workers: 4
[1810.500s][debug][gc,phases      ] GC(189)     Total                          Min: 0, Avg:  0.0, Max: 0, Diff: 0, Sum: 0, Workers: 4
[1810.500s][debug][gc,phases      ] GC(189)   StringTable Weak               Min:  0.1, Avg:  0.1, Max:  0.1, Diff:  0.0, Sum:  0.5, Workers: 4
[1810.500s][debug][gc,phases      ] GC(189)     Dead                           Min: 0, Avg:  0.0, Max: 0, Diff: 0, Sum: 0, Workers: 4
[1810.500s][debug][gc,phases      ] GC(189)     Total                          Min: 10048, Avg: 12237.5, Max: 13312, Diff: 3264, Sum: 48950, Workers: 4
[1810.500s][debug][gc,phases      ] GC(189)   ResolvedMethodTable Weak       Min:  0.0, Avg:  0.0, Max:  0.0, Diff:  0.0, Sum:  0.1, Workers: 4
[1810.500s][debug][gc,phases      ] GC(189)     Dead                           Min: 0, Avg:  0.0, Max: 0, Diff: 0, Sum: 0, Workers: 4
[1810.500s][debug][gc,phases      ] GC(189)     Total                          Min: 1664, Avg: 2229.5, Max: 2646, Diff: 982, Sum: 8918, Workers: 4
[1810.500s][debug][gc,phases      ] GC(189)   JNI Weak                       Min:  0.0, Avg:  0.0, Max:  0.0, Diff:  0.0, Sum:  0.0, Workers: 4
[1810.500s][debug][gc,phases      ] GC(189)     Dead                           Min: 0, Avg:  0.0, Max: 0, Diff: 0, Sum: 0, Workers: 4
[1810.500s][debug][gc,phases      ] GC(189)     Total                          Min: 0, Avg:  0.0, Max: 0, Diff: 0, Sum: 0, Workers: 4
[1810.500s][debug][gc,phases      ] GC(189)   StringDedup Table Weak         Min:  0.0, Avg:  0.0, Max:  0.0, Diff:  0.0, Sum:  0.0, Workers: 4
[1810.500s][debug][gc,phases      ] GC(189)     Dead                           Min: 0, Avg:  0.0, Max: 0, Diff: 0, Sum: 0, Workers: 4
[1810.500s][debug][gc,phases      ] GC(189)     Total                          Min: 0, Avg:  0.0, Max: 0, Diff: 0, Sum: 0, Workers: 4
[1810.500s][debug][gc,phases      ] GC(189)   StringDedup Requests0 Weak     Min:  0.0, Avg:  0.0, Max:  0.0, Diff:  0.0, Sum:  0.0, Workers: 4
[1810.500s][debug][gc,phases      ] GC(189)     Dead                           Min: 0, Avg:  0.0, Max: 0, Diff: 0, Sum: 0, Workers: 4
[1810.500s][debug][gc,phases      ] GC(189)     Total                          Min: 0, Avg:  0.0, Max: 0, Diff: 0, Sum: 0, Workers: 4
[1810.500s][debug][gc,phases      ] GC(189)   StringDedup Requests1 Weak     Min:  0.0, Avg:  0.0, Max:  0.0, Diff:  0.0, Sum:  0.0, Workers: 4
[1810.500s][debug][gc,phases      ] GC(189)     Dead                           Min: 0, Avg:  0.0, Max: 0, Diff: 0, Sum: 0, Workers: 4
[1810.500s][debug][gc,phases      ] GC(189)     Total                          Min: 0, Avg:  0.0, Max: 0, Diff: 0, Sum: 0, Workers: 4
[1810.500s][debug][gc,phases      ] GC(189)   Weak JFR Old Object Samples    Min:  0.0, Avg:  0.0, Max:  0.0, Diff:  0.0, Sum:  0.0, Workers: 4
[1810.500s][debug][gc,phases      ] GC(189)     Dead                           Min: 0, Avg:  0.0, Max: 0, Diff: 0, Sum: 0, Workers: 4
[1810.500s][debug][gc,phases      ] GC(189)     Total                          Min: 0, Avg:  0.0, Max: 0, Diff: 0, Sum: 0, Workers: 4
[1810.500s][debug][gc,phases      ] GC(189) Weak Processing 0.324ms
[1810.500s][debug][gc,age         ] GC(189) Desired survivor size 90177536 bytes, new threshold 15 (max threshold 15)
[1810.500s][info ][gc,heap        ] GC(189) PSYoungGen: 1906720K(2003456K)->2080K(1998336K) Eden: 1904640K(1904640K)->0K(1904640K) From: 2080K(98816K)->2080K(93696K)
[1810.500s][info ][gc,heap        ] GC(189) ParOldGen: 592868K(740864K)->592876K(740864K)
[1810.500s][info ][gc,metaspace   ] GC(189) Metaspace: 85376K(86272K)->85376K(86272K) NonClass: 73372K(73856K)->73372K(73856K) Class: 12003K(12416K)->12003K(12416K)
[1810.500s][info ][gc             ] GC(189) Pause Young (Allocation Failure) 2441M->581M(2675M) 4.707ms
[1810.500s][info ][gc,cpu         ] GC(189) User=0.02s Sys=0.00s Real=0.00s
[1810.500s][info ][safepoint      ] Safepoint "ParallelGCFailedAllocation", Time since last: 5949795786 ns, Reaching safepoint: 44701 ns, At safepoint: 4788813 ns, Total: 4833514 ns
[1825.501s][info ][safepoint      ] Safepoint "Cleanup", Time since last: 15000983955 ns, Reaching safepoint: 37701 ns, At safepoint: 2800 ns, Total: 40501 ns
[1829.494s][info ][gc,start       ] GC(190) Pause Young (Allocation Failure)
[1829.498s][debug][gc,phases      ] GC(190) Scavenge 4.603ms
[1829.498s][debug][gc,ref         ] GC(190) Skipped phase 1 of Reference Processing: no references
[1829.499s][debug][gc,ref         ] GC(190) ReferenceProcessor::execute queues: 1, RefProcThreadModel::Single, marks_oops_alive: false
[1829.499s][debug][gc,ref         ] GC(190) Skipped phase 3 of Reference Processing: no references
[1829.499s][debug][gc,ref         ] GC(190) ReferenceProcessor::execute queues: 1, RefProcThreadModel::Single, marks_oops_alive: false
[1829.499s][debug][gc,phases      ] GC(190) Reference Processing 0.121ms
[1829.499s][debug][gc,phases      ] GC(190)   VM Weak                        Min:  0.0, Avg:  0.0, Max:  0.0, Diff:  0.0, Sum:  0.0, Workers: 4
[1829.499s][debug][gc,phases      ] GC(190)     Dead                           Min: 0, Avg:  0.0, Max: 0, Diff: 0, Sum: 0, Workers: 4
[1829.499s][debug][gc,phases      ] GC(190)     Total                          Min: 0, Avg: 187.8, Max: 431, Diff: 431, Sum: 751, Workers: 4
[1829.499s][debug][gc,phases      ] GC(190)   ObjectSynchronizer Weak        Min:  0.0, Avg:  0.0, Max:  0.0, Diff:  0.0, Sum:  0.0, Workers: 4
[1829.499s][debug][gc,phases      ] GC(190)     Dead                           Min: 0, Avg:  0.0, Max: 0, Diff: 0, Sum: 0, Workers: 4
[1829.499s][debug][gc,phases      ] GC(190)     Total                          Min: 0, Avg: 98.5, Max: 138, Diff: 138, Sum: 394, Workers: 4
[1829.499s][debug][gc,phases      ] GC(190)   JVMTI Tag Weak OopStorage      Min:  0.0, Avg:  0.0, Max:  0.0, Diff:  0.0, Sum:  0.0, Workers: 4
[1829.499s][debug][gc,phases      ] GC(190)     Dead                           Min: 0, Avg:  0.0, Max: 0, Diff: 0, Sum: 0, Workers: 4
[1829.499s][debug][gc,phases      ] GC(190)     Total                          Min: 0, Avg:  0.0, Max: 0, Diff: 0, Sum: 0, Workers: 4
[1829.499s][debug][gc,phases      ] GC(190)   StringTable Weak               Min:  0.1, Avg:  0.1, Max:  0.1, Diff:  0.0, Sum:  0.4, Workers: 4
[1829.499s][debug][gc,phases      ] GC(190)     Dead                           Min: 0, Avg:  0.0, Max: 0, Diff: 0, Sum: 0, Workers: 4
[1829.499s][debug][gc,phases      ] GC(190)     Total                          Min: 11648, Avg: 12237.5, Max: 13238, Diff: 1590, Sum: 48950, Workers: 4
[1829.499s][debug][gc,phases      ] GC(190)   ResolvedMethodTable Weak       Min:  0.0, Avg:  0.0, Max:  0.0, Diff:  0.0, Sum:  0.1, Workers: 4
[1829.499s][debug][gc,phases      ] GC(190)     Dead                           Min: 0, Avg:  0.0, Max: 0, Diff: 0, Sum: 0, Workers: 4
[1829.499s][debug][gc,phases      ] GC(190)     Total                          Min: 1536, Avg: 2229.5, Max: 2518, Diff: 982, Sum: 8918, Workers: 4
[1829.499s][debug][gc,phases      ] GC(190)   JNI Weak                       Min:  0.0, Avg:  0.0, Max:  0.0, Diff:  0.0, Sum:  0.0, Workers: 4
[1829.499s][debug][gc,phases      ] GC(190)     Dead                           Min: 0, Avg:  0.0, Max: 0, Diff: 0, Sum: 0, Workers: 4
[1829.499s][debug][gc,phases      ] GC(190)     Total                          Min: 0, Avg:  0.0, Max: 0, Diff: 0, Sum: 0, Workers: 4
[1829.499s][debug][gc,phases      ] GC(190)   StringDedup Table Weak         Min:  0.0, Avg:  0.0, Max:  0.0, Diff:  0.0, Sum:  0.0, Workers: 4
[1829.499s][debug][gc,phases      ] GC(190)     Dead                           Min: 0, Avg:  0.0, Max: 0, Diff: 0, Sum: 0, Workers: 4
[1829.499s][debug][gc,phases      ] GC(190)     Total                          Min: 0, Avg:  0.0, Max: 0, Diff: 0, Sum: 0, Workers: 4
[1829.499s][debug][gc,phases      ] GC(190)   StringDedup Requests0 Weak     Min:  0.0, Avg:  0.0, Max:  0.0, Diff:  0.0, Sum:  0.0, Workers: 4
[1829.499s][debug][gc,phases      ] GC(190)     Dead                           Min: 0, Avg:  0.0, Max: 0, Diff: 0, Sum: 0, Workers: 4
[1829.499s][debug][gc,phases      ] GC(190)     Total                          Min: 0, Avg:  0.0, Max: 0, Diff: 0, Sum: 0, Workers: 4
[1829.499s][debug][gc,phases      ] GC(190)   StringDedup Requests1 Weak     Min:  0.0, Avg:  0.0, Max:  0.0, Diff:  0.0, Sum:  0.0, Workers: 4
[1829.499s][debug][gc,phases      ] GC(190)     Dead                           Min: 0, Avg:  0.0, Max: 0, Diff: 0, Sum: 0, Workers: 4
[1829.499s][debug][gc,phases      ] GC(190)     Total                          Min: 0, Avg:  0.0, Max: 0, Diff: 0, Sum: 0, Workers: 4
[1829.499s][debug][gc,phases      ] GC(190)   Weak JFR Old Object Samples    Min:  0.0, Avg:  0.0, Max:  0.0, Diff:  0.0, Sum:  0.0, Workers: 4
[1829.499s][debug][gc,phases      ] GC(190)     Dead                           Min: 0, Avg:  0.0, Max: 0, Diff: 0, Sum: 0, Workers: 4
[1829.499s][debug][gc,phases      ] GC(190)     Total                          Min: 0, Avg:  0.0, Max: 0, Diff: 0, Sum: 0, Workers: 4
[1829.499s][debug][gc,phases      ] GC(190) Weak Processing 0.315ms
[1829.499s][debug][gc,age         ] GC(190) Desired survivor size 84934656 bytes, new threshold 15 (max threshold 15)
[1829.499s][info ][gc,heap        ] GC(190) PSYoungGen: 1906720K(1998336K)->2208K(2014208K) Eden: 1904640K(1904640K)->0K(1926144K) From: 2080K(93696K)->2208K(88064K)
[1829.499s][info ][gc,heap        ] GC(190) ParOldGen: 592876K(740864K)->592908K(740864K)
[1829.499s][info ][gc,metaspace   ] GC(190) Metaspace: 85380K(86336K)->85380K(86336K) NonClass: 73376K(73920K)->73376K(73920K) Class: 12003K(12416K)->12003K(12416K)
[1829.499s][info ][gc             ] GC(190) Pause Young (Allocation Failure) 2441M->581M(2690M) 5.174ms
[1829.499s][info ][gc,cpu         ] GC(190) User=0.02s Sys=0.00s Real=0.00s
[1829.499s][info ][safepoint      ] Safepoint "ParallelGCFailedAllocation", Time since last: 3992725040 ns, Reaching safepoint: 129403 ns, At safepoint: 5278825 ns, Total: 5408228 ns
[1832.499s][info ][safepoint      ] Safepoint "Cleanup", Time since last: 3000191188 ns, Reaching safepoint: 45201 ns, At safepoint: 4800 ns, Total: 50001 ns
[1833.499s][info ][safepoint      ] Safepoint "Cleanup", Time since last: 1000109230 ns, Reaching safepoint: 54802 ns, At safepoint: 9000 ns, Total: 63802 ns
[1834.500s][info ][safepoint      ] Safepoint "Cleanup", Time since last: 1000107430 ns, Reaching safepoint: 45901 ns, At safepoint: 4600 ns, Total: 50501 ns
[1836.500s][info ][safepoint      ] Safepoint "Cleanup", Time since last: 2000180059 ns, Reaching safepoint: 52202 ns, At safepoint: 8500 ns, Total: 60702 ns
[1841.500s][info ][safepoint      ] Safepoint "Cleanup", Time since last: 5000365445 ns, Reaching safepoint: 45901 ns, At safepoint: 3600 ns, Total: 49501 ns
[1849.100s][info ][gc,start       ] GC(191) Pause Young (Allocation Failure)
[1849.105s][debug][gc,phases      ] GC(191) Scavenge 4.485ms
[1849.105s][debug][gc,ref         ] GC(191) Skipped phase 1 of Reference Processing: no references
[1849.105s][debug][gc,ref         ] GC(191) ReferenceProcessor::execute queues: 1, RefProcThreadModel::Single, marks_oops_alive: false
[1849.105s][debug][gc,ref         ] GC(191) Skipped phase 3 of Reference Processing: no references
[1849.105s][debug][gc,ref         ] GC(191) ReferenceProcessor::execute queues: 1, RefProcThreadModel::Single, marks_oops_alive: false
[1849.105s][debug][gc,phases      ] GC(191) Reference Processing 0.114ms
[1849.105s][debug][gc,phases      ] GC(191)   VM Weak                        Min:  0.0, Avg:  0.0, Max:  0.0, Diff:  0.0, Sum:  0.0, Workers: 4
[1849.105s][debug][gc,phases      ] GC(191)     Dead                           Min: 0, Avg:  0.0, Max: 0, Diff: 0, Sum: 0, Workers: 4
[1849.105s][debug][gc,phases      ] GC(191)     Total                          Min: 0, Avg: 187.8, Max: 512, Diff: 512, Sum: 751, Workers: 4
[1849.105s][debug][gc,phases      ] GC(191)   ObjectSynchronizer Weak        Min:  0.0, Avg:  0.0, Max:  0.0, Diff:  0.0, Sum:  0.0, Workers: 4
[1849.105s][debug][gc,phases      ] GC(191)     Dead                           Min: 0, Avg:  0.0, Max: 0, Diff: 0, Sum: 0, Workers: 4
[1849.105s][debug][gc,phases      ] GC(191)     Total                          Min: 0, Avg: 98.5, Max: 192, Diff: 192, Sum: 394, Workers: 4
[1849.105s][debug][gc,phases      ] GC(191)   JVMTI Tag Weak OopStorage      Min:  0.0, Avg:  0.0, Max:  0.0, Diff:  0.0, Sum:  0.0, Workers: 4
[1849.105s][debug][gc,phases      ] GC(191)     Dead                           Min: 0, Avg:  0.0, Max: 0, Diff: 0, Sum: 0, Workers: 4
[1849.105s][debug][gc,phases      ] GC(191)     Total                          Min: 0, Avg:  0.0, Max: 0, Diff: 0, Sum: 0, Workers: 4
[1849.105s][debug][gc,phases      ] GC(191)   StringTable Weak               Min:  0.1, Avg:  0.1, Max:  0.1, Diff:  0.0, Sum:  0.4, Workers: 4
[1849.105s][debug][gc,phases      ] GC(191)     Dead                           Min: 0, Avg:  0.0, Max: 0, Diff: 0, Sum: 0, Workers: 4
[1849.105s][debug][gc,phases      ] GC(191)     Total                          Min: 11766, Avg: 12237.5, Max: 12800, Diff: 1034, Sum: 48950, Workers: 4
[1849.105s][debug][gc,phases      ] GC(191)   ResolvedMethodTable Weak       Min:  0.0, Avg:  0.0, Max:  0.0, Diff:  0.0, Sum:  0.1, Workers: 4
[1849.105s][debug][gc,phases      ] GC(191)     Dead                           Min: 0, Avg:  0.0, Max: 0, Diff: 0, Sum: 0, Workers: 4
[1849.105s][debug][gc,phases      ] GC(191)     Total                          Min: 1600, Avg: 2229.5, Max: 2710, Diff: 1110, Sum: 8918, Workers: 4
[1849.105s][debug][gc,phases      ] GC(191)   JNI Weak                       Min:  0.0, Avg:  0.0, Max:  0.0, Diff:  0.0, Sum:  0.0, Workers: 4
[1849.105s][debug][gc,phases      ] GC(191)     Dead                           Min: 0, Avg:  0.0, Max: 0, Diff: 0, Sum: 0, Workers: 4
[1849.105s][debug][gc,phases      ] GC(191)     Total                          Min: 0, Avg:  0.0, Max: 0, Diff: 0, Sum: 0, Workers: 4
[1849.105s][debug][gc,phases      ] GC(191)   StringDedup Table Weak         Min:  0.0, Avg:  0.0, Max:  0.0, Diff:  0.0, Sum:  0.0, Workers: 4
[1849.105s][debug][gc,phases      ] GC(191)     Dead                           Min: 0, Avg:  0.0, Max: 0, Diff: 0, Sum: 0, Workers: 4
[1849.105s][debug][gc,phases      ] GC(191)     Total                          Min: 0, Avg:  0.0, Max: 0, Diff: 0, Sum: 0, Workers: 4
[1849.105s][debug][gc,phases      ] GC(191)   StringDedup Requests0 Weak     Min:  0.0, Avg:  0.0, Max:  0.0, Diff:  0.0, Sum:  0.0, Workers: 4
[1849.105s][debug][gc,phases      ] GC(191)     Dead                           Min: 0, Avg:  0.0, Max: 0, Diff: 0, Sum: 0, Workers: 4
[1849.105s][debug][gc,phases      ] GC(191)     Total                          Min: 0, Avg:  0.0, Max: 0, Diff: 0, Sum: 0, Workers: 4
[1849.105s][debug][gc,phases      ] GC(191)   StringDedup Requests1 Weak     Min:  0.0, Avg:  0.0, Max:  0.0, Diff:  0.0, Sum:  0.0, Workers: 4
[1849.105s][debug][gc,phases      ] GC(191)     Dead                           Min: 0, Avg:  0.0, Max: 0, Diff: 0, Sum: 0, Workers: 4
[1849.105s][debug][gc,phases      ] GC(191)     Total                          Min: 0, Avg:  0.0, Max: 0, Diff: 0, Sum: 0, Workers: 4
[1849.105s][debug][gc,phases      ] GC(191)   Weak JFR Old Object Samples    Min:  0.0, Avg:  0.0, Max:  0.0, Diff:  0.0, Sum:  0.0, Workers: 4
[1849.105s][debug][gc,phases      ] GC(191)     Dead                           Min: 0, Avg:  0.0, Max: 0, Diff: 0, Sum: 0, Workers: 4
[1849.105s][debug][gc,phases      ] GC(191)     Total                          Min: 0, Avg:  0.0, Max: 0, Diff: 0, Sum: 0, Workers: 4
[1849.105s][debug][gc,phases      ] GC(191) Weak Processing 0.314ms
[1849.105s][debug][gc,age         ] GC(191) Desired survivor size 80216064 bytes, new threshold 15 (max threshold 15)
[1849.105s][info ][gc,heap        ] GC(191) PSYoungGen: 1928352K(2014208K)->2016K(2009088K) Eden: 1926144K(1926144K)->0K(1926144K) From: 2208K(88064K)->2016K(82944K)
[1849.105s][info ][gc,heap        ] GC(191) ParOldGen: 592908K(740864K)->593020K(740864K)
[1849.105s][info ][gc,metaspace   ] GC(191) Metaspace: 85386K(86336K)->85386K(86336K) NonClass: 73382K(73920K)->73382K(73920K) Class: 12003K(12416K)->12003K(12416K)
[1849.105s][info ][gc             ] GC(191) Pause Young (Allocation Failure) 2462M->581M(2685M) 5.039ms
[1849.105s][info ][gc,cpu         ] GC(191) User=0.01s Sys=0.00s Real=0.01s
[1849.105s][info ][safepoint      ] Safepoint "ParallelGCFailedAllocation", Time since last: 7599889520 ns, Reaching safepoint: 40001 ns, At safepoint: 5126822 ns, Total: 5166823 ns
[1867.106s][info ][safepoint      ] Safepoint "Cleanup", Time since last: 18001171893 ns, Reaching safepoint: 50001 ns, At safepoint: 2800 ns, Total: 52801 ns
[1868.425s][info ][gc,start       ] GC(192) Pause Young (Allocation Failure)
[1868.429s][debug][gc,phases      ] GC(192) Scavenge 4.496ms
[1868.429s][debug][gc,ref         ] GC(192) Skipped phase 1 of Reference Processing: no references
[1868.429s][debug][gc,ref         ] GC(192) ReferenceProcessor::execute queues: 1, RefProcThreadModel::Single, marks_oops_alive: false
[1868.429s][debug][gc,ref         ] GC(192) Skipped phase 3 of Reference Processing: no references
[1868.429s][debug][gc,ref         ] GC(192) ReferenceProcessor::execute queues: 1, RefProcThreadModel::Single, marks_oops_alive: false
[1868.429s][debug][gc,phases      ] GC(192) Reference Processing 0.123ms
[1868.430s][debug][gc,phases      ] GC(192)   VM Weak                        Min:  0.0, Avg:  0.0, Max:  0.0, Diff:  0.0, Sum:  0.0, Workers: 4
[1868.430s][debug][gc,phases      ] GC(192)     Dead                           Min: 0, Avg:  0.0, Max: 0, Diff: 0, Sum: 0, Workers: 4
[1868.430s][debug][gc,phases      ] GC(192)     Total                          Min: 0, Avg: 187.8, Max: 448, Diff: 448, Sum: 751, Workers: 4
[1868.430s][debug][gc,phases      ] GC(192)   ObjectSynchronizer Weak        Min:  0.0, Avg:  0.0, Max:  0.0, Diff:  0.0, Sum:  0.0, Workers: 4
[1868.430s][debug][gc,phases      ] GC(192)     Dead                           Min: 0, Avg:  0.0, Max: 0, Diff: 0, Sum: 0, Workers: 4
[1868.430s][debug][gc,phases      ] GC(192)     Total                          Min: 0, Avg: 98.5, Max: 202, Diff: 202, Sum: 394, Workers: 4
[1868.430s][debug][gc,phases      ] GC(192)   JVMTI Tag Weak OopStorage      Min:  0.0, Avg:  0.0, Max:  0.0, Diff:  0.0, Sum:  0.0, Workers: 4
[1868.430s][debug][gc,phases      ] GC(192)     Dead                           Min: 0, Avg:  0.0, Max: 0, Diff: 0, Sum: 0, Workers: 4
[1868.430s][debug][gc,phases      ] GC(192)     Total                          Min: 0, Avg:  0.0, Max: 0, Diff: 0, Sum: 0, Workers: 4
[1868.430s][debug][gc,phases      ] GC(192)   StringTable Weak               Min:  0.1, Avg:  0.1, Max:  0.1, Diff:  0.0, Sum:  0.4, Workers: 4
[1868.430s][debug][gc,phases      ] GC(192)     Dead                           Min: 0, Avg:  0.0, Max: 0, Diff: 0, Sum: 0, Workers: 4
[1868.430s][debug][gc,phases      ] GC(192)     Total                          Min: 10816, Avg: 12237.5, Max: 13888, Diff: 3072, Sum: 48950, Workers: 4
[1868.430s][debug][gc,phases      ] GC(192)   ResolvedMethodTable Weak       Min:  0.0, Avg:  0.0, Max:  0.0, Diff:  0.0, Sum:  0.1, Workers: 4
[1868.430s][debug][gc,phases      ] GC(192)     Dead                           Min: 0, Avg:  0.0, Max: 0, Diff: 0, Sum: 0, Workers: 4
[1868.430s][debug][gc,phases      ] GC(192)     Total                          Min: 1856, Avg: 2229.5, Max: 2560, Diff: 704, Sum: 8918, Workers: 4
[1868.430s][debug][gc,phases      ] GC(192)   JNI Weak                       Min:  0.0, Avg:  0.0, Max:  0.0, Diff:  0.0, Sum:  0.0, Workers: 4
[1868.430s][debug][gc,phases      ] GC(192)     Dead                           Min: 0, Avg:  0.0, Max: 0, Diff: 0, Sum: 0, Workers: 4
[1868.430s][debug][gc,phases      ] GC(192)     Total                          Min: 0, Avg:  0.0, Max: 0, Diff: 0, Sum: 0, Workers: 4
[1868.430s][debug][gc,phases      ] GC(192)   StringDedup Table Weak         Min:  0.0, Avg:  0.0, Max:  0.0, Diff:  0.0, Sum:  0.0, Workers: 4
[1868.430s][debug][gc,phases      ] GC(192)     Dead                           Min: 0, Avg:  0.0, Max: 0, Diff: 0, Sum: 0, Workers: 4
[1868.430s][debug][gc,phases      ] GC(192)     Total                          Min: 0, Avg:  0.0, Max: 0, Diff: 0, Sum: 0, Workers: 4
[1868.430s][debug][gc,phases      ] GC(192)   StringDedup Requests0 Weak     Min:  0.0, Avg:  0.0, Max:  0.0, Diff:  0.0, Sum:  0.0, Workers: 4
[1868.430s][debug][gc,phases      ] GC(192)     Dead                           Min: 0, Avg:  0.0, Max: 0, Diff: 0, Sum: 0, Workers: 4
[1868.430s][debug][gc,phases      ] GC(192)     Total                          Min: 0, Avg:  0.0, Max: 0, Diff: 0, Sum: 0, Workers: 4
[1868.430s][debug][gc,phases      ] GC(192)   StringDedup Requests1 Weak     Min:  0.0, Avg:  0.0, Max:  0.0, Diff:  0.0, Sum:  0.0, Workers: 4
[1868.430s][debug][gc,phases      ] GC(192)     Dead                           Min: 0, Avg:  0.0, Max: 0, Diff: 0, Sum: 0, Workers: 4
[1868.430s][debug][gc,phases      ] GC(192)     Total                          Min: 0, Avg:  0.0, Max: 0, Diff: 0, Sum: 0, Workers: 4
[1868.430s][debug][gc,phases      ] GC(192)   Weak JFR Old Object Samples    Min:  0.0, Avg:  0.0, Max:  0.0, Diff:  0.0, Sum:  0.0, Workers: 4
[1868.430s][debug][gc,phases      ] GC(192)     Dead                           Min: 0, Avg:  0.0, Max: 0, Diff: 0, Sum: 0, Workers: 4
[1868.430s][debug][gc,phases      ] GC(192)     Total                          Min: 0, Avg:  0.0, Max: 0, Diff: 0, Sum: 0, Workers: 4
[1868.430s][debug][gc,phases      ] GC(192) Weak Processing 0.366ms
[1868.430s][debug][gc,age         ] GC(192) Desired survivor size 74973184 bytes, new threshold 15 (max threshold 15)
[1868.430s][info ][gc,heap        ] GC(192) PSYoungGen: 1928160K(2009088K)->1984K(2023936K) Eden: 1926144K(1926144K)->0K(1945600K) From: 2016K(82944K)->1984K(78336K)
[1868.430s][info ][gc,heap        ] GC(192) ParOldGen: 593020K(740864K)->593084K(740864K)
[1868.430s][info ][gc,metaspace   ] GC(192) Metaspace: 85386K(86336K)->85386K(86336K) NonClass: 73382K(73920K)->73382K(73920K) Class: 12003K(12416K)->12003K(12416K)
[1868.430s][info ][gc             ] GC(192) Pause Young (Allocation Failure) 2462M->581M(2700M) 5.123ms
[1868.430s][info ][gc,cpu         ] GC(192) User=0.02s Sys=0.00s Real=0.00s
[1868.430s][info ][safepoint      ] Safepoint "ParallelGCFailedAllocation", Time since last: 1318170374 ns, Reaching safepoint: 26301 ns, At safepoint: 5212623 ns, Total: 5238924 ns
[1872.430s][info ][safepoint      ] Safepoint "Cleanup", Time since last: 4000292107 ns, Reaching safepoint: 32801 ns, At safepoint: 2500 ns, Total: 35301 ns
[1884.431s][info ][safepoint      ] Safepoint "Cleanup", Time since last: 12000806713 ns, Reaching safepoint: 51501 ns, At safepoint: 7000 ns, Total: 58501 ns
[1886.431s][info ][safepoint      ] Safepoint "Cleanup", Time since last: 2000180752 ns, Reaching safepoint: 52702 ns, At safepoint: 2900 ns, Total: 55602 ns
[1887.695s][info ][gc,start       ] GC(193) Pause Young (Allocation Failure)
[1887.699s][debug][gc,phases      ] GC(193) Scavenge 4.030ms
[1887.699s][debug][gc,ref         ] GC(193) Skipped phase 1 of Reference Processing: no references
[1887.699s][debug][gc,ref         ] GC(193) ReferenceProcessor::execute queues: 1, RefProcThreadModel::Single, marks_oops_alive: false
[1887.699s][debug][gc,ref         ] GC(193) Skipped phase 3 of Reference Processing: no references
[1887.699s][debug][gc,ref         ] GC(193) ReferenceProcessor::execute queues: 1, RefProcThreadModel::Single, marks_oops_alive: false
[1887.699s][debug][gc,phases      ] GC(193) Reference Processing 0.130ms
[1887.699s][debug][gc,phases      ] GC(193)   VM Weak                        Min:  0.0, Avg:  0.0, Max:  0.0, Diff:  0.0, Sum:  0.0, Workers: 4
[1887.699s][debug][gc,phases      ] GC(193)     Dead                           Min: 0, Avg:  0.0, Max: 0, Diff: 0, Sum: 0, Workers: 4
[1887.699s][debug][gc,phases      ] GC(193)     Total                          Min: 0, Avg: 187.8, Max: 512, Diff: 512, Sum: 751, Workers: 4
[1887.699s][debug][gc,phases      ] GC(193)   ObjectSynchronizer Weak        Min:  0.0, Avg:  0.0, Max:  0.0, Diff:  0.0, Sum:  0.0, Workers: 4
[1887.699s][debug][gc,phases      ] GC(193)     Dead                           Min: 0, Avg:  0.0, Max: 0, Diff: 0, Sum: 0, Workers: 4
[1887.699s][debug][gc,phases      ] GC(193)     Total                          Min: 0, Avg: 98.5, Max: 256, Diff: 256, Sum: 394, Workers: 4
[1887.699s][debug][gc,phases      ] GC(193)   JVMTI Tag Weak OopStorage      Min:  0.0, Avg:  0.0, Max:  0.0, Diff:  0.0, Sum:  0.0, Workers: 4
[1887.699s][debug][gc,phases      ] GC(193)     Dead                           Min: 0, Avg:  0.0, Max: 0, Diff: 0, Sum: 0, Workers: 4
[1887.699s][debug][gc,phases      ] GC(193)     Total                          Min: 0, Avg:  0.0, Max: 0, Diff: 0, Sum: 0, Workers: 4
[1887.699s][debug][gc,phases      ] GC(193)   StringTable Weak               Min:  0.1, Avg:  0.1, Max:  0.1, Diff:  0.0, Sum:  0.4, Workers: 4
[1887.699s][debug][gc,phases      ] GC(193)     Dead                           Min: 0, Avg:  0.0, Max: 0, Diff: 0, Sum: 0, Workers: 4
[1887.699s][debug][gc,phases      ] GC(193)     Total                          Min: 11638, Avg: 12237.5, Max: 13504, Diff: 1866, Sum: 48950, Workers: 4
[1887.699s][debug][gc,phases      ] GC(193)   ResolvedMethodTable Weak       Min:  0.0, Avg:  0.0, Max:  0.0, Diff:  0.0, Sum:  0.1, Workers: 4
[1887.699s][debug][gc,phases      ] GC(193)     Dead                           Min: 0, Avg:  0.0, Max: 0, Diff: 0, Sum: 0, Workers: 4
[1887.699s][debug][gc,phases      ] GC(193)     Total                          Min: 1984, Avg: 2229.5, Max: 2454, Diff: 470, Sum: 8918, Workers: 4
[1887.699s][debug][gc,phases      ] GC(193)   JNI Weak                       Min:  0.0, Avg:  0.0, Max:  0.0, Diff:  0.0, Sum:  0.0, Workers: 4
[1887.699s][debug][gc,phases      ] GC(193)     Dead                           Min: 0, Avg:  0.0, Max: 0, Diff: 0, Sum: 0, Workers: 4
[1887.699s][debug][gc,phases      ] GC(193)     Total                          Min: 0, Avg:  0.0, Max: 0, Diff: 0, Sum: 0, Workers: 4
[1887.699s][debug][gc,phases      ] GC(193)   StringDedup Table Weak         Min:  0.0, Avg:  0.0, Max:  0.0, Diff:  0.0, Sum:  0.0, Workers: 4
[1887.699s][debug][gc,phases      ] GC(193)     Dead                           Min: 0, Avg:  0.0, Max: 0, Diff: 0, Sum: 0, Workers: 4
[1887.699s][debug][gc,phases      ] GC(193)     Total                          Min: 0, Avg:  0.0, Max: 0, Diff: 0, Sum: 0, Workers: 4
[1887.699s][debug][gc,phases      ] GC(193)   StringDedup Requests0 Weak     Min:  0.0, Avg:  0.0, Max:  0.0, Diff:  0.0, Sum:  0.0, Workers: 4
[1887.699s][debug][gc,phases      ] GC(193)     Dead                           Min: 0, Avg:  0.0, Max: 0, Diff: 0, Sum: 0, Workers: 4
[1887.699s][debug][gc,phases      ] GC(193)     Total                          Min: 0, Avg:  0.0, Max: 0, Diff: 0, Sum: 0, Workers: 4
[1887.699s][debug][gc,phases      ] GC(193)   StringDedup Requests1 Weak     Min:  0.0, Avg:  0.0, Max:  0.0, Diff:  0.0, Sum:  0.0, Workers: 4
[1887.699s][debug][gc,phases      ] GC(193)     Dead                           Min: 0, Avg:  0.0, Max: 0, Diff: 0, Sum: 0, Workers: 4
[1887.699s][debug][gc,phases      ] GC(193)     Total                          Min: 0, Avg:  0.0, Max: 0, Diff: 0, Sum: 0, Workers: 4
[1887.699s][debug][gc,phases      ] GC(193)   Weak JFR Old Object Samples    Min:  0.0, Avg:  0.0, Max:  0.0, Diff:  0.0, Sum:  0.0, Workers: 4
[1887.699s][debug][gc,phases      ] GC(193)     Dead                           Min: 0, Avg:  0.0, Max: 0, Diff: 0, Sum: 0, Workers: 4
[1887.699s][debug][gc,phases      ] GC(193)     Total                          Min: 0, Avg:  0.0, Max: 0, Diff: 0, Sum: 0, Workers: 4
[1887.699s][debug][gc,phases      ] GC(193) Weak Processing 0.309ms
[1887.699s][debug][gc,age         ] GC(193) Desired survivor size 70254592 bytes, new threshold 15 (max threshold 15)
[1887.699s][info ][gc,heap        ] GC(193) PSYoungGen: 1947584K(2023936K)->1808K(2018816K) Eden: 1945600K(1945600K)->0K(1945600K) From: 1984K(78336K)->1808K(73216K)
[1887.699s][info ][gc,heap        ] GC(193) ParOldGen: 593084K(740864K)->593244K(740864K)
[1887.699s][info ][gc,metaspace   ] GC(193) Metaspace: 85387K(86336K)->85387K(86336K) NonClass: 73383K(73920K)->73383K(73920K) Class: 12003K(12416K)->12003K(12416K)
[1887.699s][info ][gc             ] GC(193) Pause Young (Allocation Failure) 2481M->581M(2695M) 4.597ms
[1887.699s][info ][gc,cpu         ] GC(193) User=0.02s Sys=0.00s Real=0.00s
[1887.699s][info ][safepoint      ] Safepoint "ParallelGCFailedAllocation", Time since last: 1263224668 ns, Reaching safepoint: 124903 ns, At safepoint: 4688511 ns, Total: 4813414 ns
[1896.700s][info ][safepoint      ] Safepoint "Cleanup", Time since last: 9000607427 ns, Reaching safepoint: 90902 ns, At safepoint: 8800 ns, Total: 99702 ns
[1897.700s][info ][safepoint      ] Safepoint "Cleanup", Time since last: 1000097026 ns, Reaching safepoint: 43901 ns, At safepoint: 2500 ns, Total: 46401 ns
[1905.701s][info ][safepoint      ] Safepoint "Cleanup", Time since last: 8000561096 ns, Reaching safepoint: 89402 ns, At safepoint: 7101 ns, Total: 96503 ns
[1906.744s][info ][gc,start       ] GC(194) Pause Young (Allocation Failure)
[1906.748s][debug][gc,phases      ] GC(194) Scavenge 4.598ms
[1906.748s][debug][gc,ref         ] GC(194) Skipped phase 1 of Reference Processing: no references
[1906.748s][debug][gc,ref         ] GC(194) ReferenceProcessor::execute queues: 1, RefProcThreadModel::Single, marks_oops_alive: false
[1906.748s][debug][gc,ref         ] GC(194) Skipped phase 3 of Reference Processing: no references
[1906.748s][debug][gc,ref         ] GC(194) ReferenceProcessor::execute queues: 1, RefProcThreadModel::Single, marks_oops_alive: false
[1906.748s][debug][gc,phases      ] GC(194) Reference Processing 0.122ms
[1906.749s][debug][gc,phases      ] GC(194)   VM Weak                        Min:  0.0, Avg:  0.0, Max:  0.0, Diff:  0.0, Sum:  0.0, Workers: 4
[1906.749s][debug][gc,phases      ] GC(194)     Dead                           Min: 0, Avg:  0.0, Max: 0, Diff: 0, Sum: 0, Workers: 4
[1906.749s][debug][gc,phases      ] GC(194)     Total                          Min: 0, Avg: 187.8, Max: 559, Diff: 559, Sum: 751, Workers: 4
[1906.749s][debug][gc,phases      ] GC(194)   ObjectSynchronizer Weak        Min:  0.0, Avg:  0.0, Max:  0.0, Diff:  0.0, Sum:  0.0, Workers: 4
[1906.749s][debug][gc,phases      ] GC(194)     Dead                           Min: 0, Avg:  0.0, Max: 0, Diff: 0, Sum: 0, Workers: 4
[1906.749s][debug][gc,phases      ] GC(194)     Total                          Min: 0, Avg: 98.5, Max: 256, Diff: 256, Sum: 394, Workers: 4
[1906.749s][debug][gc,phases      ] GC(194)   JVMTI Tag Weak OopStorage      Min:  0.0, Avg:  0.0, Max:  0.0, Diff:  0.0, Sum:  0.0, Workers: 4
[1906.749s][debug][gc,phases      ] GC(194)     Dead                           Min: 0, Avg:  0.0, Max: 0, Diff: 0, Sum: 0, Workers: 4
[1906.749s][debug][gc,phases      ] GC(194)     Total                          Min: 0, Avg:  0.0, Max: 0, Diff: 0, Sum: 0, Workers: 4
[1906.749s][debug][gc,phases      ] GC(194)   StringTable Weak               Min:  0.1, Avg:  0.1, Max:  0.1, Diff:  0.0, Sum:  0.4, Workers: 4
[1906.749s][debug][gc,phases      ] GC(194)     Dead                           Min: 0, Avg:  0.0, Max: 0, Diff: 0, Sum: 0, Workers: 4
[1906.749s][debug][gc,phases      ] GC(194)     Total                          Min: 11712, Avg: 12238.5, Max: 13120, Diff: 1408, Sum: 48954, Workers: 4
[1906.749s][debug][gc,phases      ] GC(194)   ResolvedMethodTable Weak       Min:  0.0, Avg:  0.0, Max:  0.0, Diff:  0.0, Sum:  0.1, Workers: 4
[1906.749s][debug][gc,phases      ] GC(194)     Dead                           Min: 0, Avg:  0.0, Max: 0, Diff: 0, Sum: 0, Workers: 4
[1906.749s][debug][gc,phases      ] GC(194)     Total                          Min: 2176, Avg: 2229.5, Max: 2326, Diff: 150, Sum: 8918, Workers: 4
[1906.749s][debug][gc,phases      ] GC(194)   JNI Weak                       Min:  0.0, Avg:  0.0, Max:  0.0, Diff:  0.0, Sum:  0.0, Workers: 4
[1906.749s][debug][gc,phases      ] GC(194)     Dead                           Min: 0, Avg:  0.0, Max: 0, Diff: 0, Sum: 0, Workers: 4
[1906.749s][debug][gc,phases      ] GC(194)     Total                          Min: 0, Avg:  0.0, Max: 0, Diff: 0, Sum: 0, Workers: 4
[1906.749s][debug][gc,phases      ] GC(194)   StringDedup Table Weak         Min:  0.0, Avg:  0.0, Max:  0.0, Diff:  0.0, Sum:  0.0, Workers: 4
[1906.749s][debug][gc,phases      ] GC(194)     Dead                           Min: 0, Avg:  0.0, Max: 0, Diff: 0, Sum: 0, Workers: 4
[1906.749s][debug][gc,phases      ] GC(194)     Total                          Min: 0, Avg:  0.0, Max: 0, Diff: 0, Sum: 0, Workers: 4
[1906.749s][debug][gc,phases      ] GC(194)   StringDedup Requests0 Weak     Min:  0.0, Avg:  0.0, Max:  0.0, Diff:  0.0, Sum:  0.0, Workers: 4
[1906.749s][debug][gc,phases      ] GC(194)     Dead                           Min: 0, Avg:  0.0, Max: 0, Diff: 0, Sum: 0, Workers: 4
[1906.749s][debug][gc,phases      ] GC(194)     Total                          Min: 0, Avg:  0.0, Max: 0, Diff: 0, Sum: 0, Workers: 4
[1906.749s][debug][gc,phases      ] GC(194)   StringDedup Requests1 Weak     Min:  0.0, Avg:  0.0, Max:  0.0, Diff:  0.0, Sum:  0.0, Workers: 4
[1906.749s][debug][gc,phases      ] GC(194)     Dead                           Min: 0, Avg:  0.0, Max: 0, Diff: 0, Sum: 0, Workers: 4
[1906.749s][debug][gc,phases      ] GC(194)     Total                          Min: 0, Avg:  0.0, Max: 0, Diff: 0, Sum: 0, Workers: 4
[1906.749s][debug][gc,phases      ] GC(194)   Weak JFR Old Object Samples    Min:  0.0, Avg:  0.0, Max:  0.0, Diff:  0.0, Sum:  0.0, Workers: 4
[1906.749s][debug][gc,phases      ] GC(194)     Dead                           Min: 0, Avg:  0.0, Max: 0, Diff: 0, Sum: 0, Workers: 4
[1906.749s][debug][gc,phases      ] GC(194)     Total                          Min: 0, Avg:  0.0, Max: 0, Diff: 0, Sum: 0, Workers: 4
[1906.749s][debug][gc,phases      ] GC(194) Weak Processing 0.347ms
[1906.749s][debug][gc,age         ] GC(194) Desired survivor size 66060288 bytes, new threshold 15 (max threshold 15)
[1906.749s][info ][gc,heap        ] GC(194) PSYoungGen: 1947408K(2018816K)->1632K(2032640K) Eden: 1945600K(1945600K)->0K(1964032K) From: 1808K(73216K)->1632K(68608K)
[1906.749s][info ][gc,heap        ] GC(194) ParOldGen: 593244K(740864K)->593584K(740864K)
[1906.749s][info ][gc,metaspace   ] GC(194) Metaspace: 85403K(86336K)->85403K(86336K) NonClass: 73399K(73920K)->73399K(73920K) Class: 12003K(12416K)->12003K(12416K)
[1906.749s][info ][gc             ] GC(194) Pause Young (Allocation Failure) 2481M->581M(2708M) 5.204ms
[1906.749s][info ][gc,cpu         ] GC(194) User=0.02s Sys=0.00s Real=0.00s
[1906.749s][info ][safepoint      ] Safepoint "ParallelGCFailedAllocation", Time since last: 1042522631 ns, Reaching safepoint: 108203 ns, At safepoint: 5313826 ns, Total: 5422029 ns
[1907.749s][info ][safepoint      ] Safepoint "Cleanup", Time since last: 1000083124 ns, Reaching safepoint: 41401 ns, At safepoint: 3800 ns, Total: 45201 ns
[1911.749s][info ][safepoint      ] Safepoint "Cleanup", Time since last: 4000313397 ns, Reaching safepoint: 48401 ns, At safepoint: 12101 ns, Total: 60502 ns
[1912.749s][info ][safepoint      ] Safepoint "Cleanup", Time since last: 1000063523 ns, Reaching safepoint: 47802 ns, At safepoint: 5100 ns, Total: 52902 ns
[1913.750s][info ][safepoint      ] Safepoint "Cleanup", Time since last: 1000103524 ns, Reaching safepoint: 55302 ns, At safepoint: 7100 ns, Total: 62402 ns
[1914.750s][info ][safepoint      ] Safepoint "Cleanup", Time since last: 1000111525 ns, Reaching safepoint: 56701 ns, At safepoint: 6700 ns, Total: 63401 ns
[1915.750s][info ][safepoint      ] Safepoint "Cleanup", Time since last: 1000069324 ns, Reaching safepoint: 43401 ns, At safepoint: 2900 ns, Total: 46301 ns
[1924.751s][info ][safepoint      ] Safepoint "Cleanup", Time since last: 9000597810 ns, Reaching safepoint: 49501 ns, At safepoint: 9000 ns, Total: 58501 ns
[1926.294s][info ][gc,start       ] GC(195) Pause Young (Allocation Failure)
[1926.298s][debug][gc,phases      ] GC(195) Scavenge 3.857ms
[1926.298s][debug][gc,ref         ] GC(195) Skipped phase 1 of Reference Processing: no references
[1926.298s][debug][gc,ref         ] GC(195) ReferenceProcessor::execute queues: 1, RefProcThreadModel::Single, marks_oops_alive: false
[1926.298s][debug][gc,ref         ] GC(195) Skipped phase 3 of Reference Processing: no references
[1926.298s][debug][gc,ref         ] GC(195) ReferenceProcessor::execute queues: 1, RefProcThreadModel::Single, marks_oops_alive: false
[1926.298s][debug][gc,phases      ] GC(195) Reference Processing 0.104ms
[1926.299s][debug][gc,phases      ] GC(195)   VM Weak                        Min:  0.0, Avg:  0.0, Max:  0.0, Diff:  0.0, Sum:  0.0, Workers: 4
[1926.299s][debug][gc,phases      ] GC(195)     Dead                           Min: 0, Avg:  0.0, Max: 0, Diff: 0, Sum: 0, Workers: 4
[1926.299s][debug][gc,phases      ] GC(195)     Total                          Min: 0, Avg: 187.8, Max: 576, Diff: 576, Sum: 751, Workers: 4
[1926.299s][debug][gc,phases      ] GC(195)   ObjectSynchronizer Weak        Min:  0.0, Avg:  0.0, Max:  0.0, Diff:  0.0, Sum:  0.0, Workers: 4
[1926.299s][debug][gc,phases      ] GC(195)     Dead                           Min: 0, Avg:  0.0, Max: 0, Diff: 0, Sum: 0, Workers: 4
[1926.299s][debug][gc,phases      ] GC(195)     Total                          Min: 0, Avg: 98.5, Max: 202, Diff: 202, Sum: 394, Workers: 4
[1926.299s][debug][gc,phases      ] GC(195)   JVMTI Tag Weak OopStorage      Min:  0.0, Avg:  0.0, Max:  0.0, Diff:  0.0, Sum:  0.0, Workers: 4
[1926.299s][debug][gc,phases      ] GC(195)     Dead                           Min: 0, Avg:  0.0, Max: 0, Diff: 0, Sum: 0, Workers: 4
[1926.299s][debug][gc,phases      ] GC(195)     Total                          Min: 0, Avg:  0.0, Max: 0, Diff: 0, Sum: 0, Workers: 4
[1926.299s][debug][gc,phases      ] GC(195)   StringTable Weak               Min:  0.1, Avg:  0.1, Max:  0.1, Diff:  0.0, Sum:  0.4, Workers: 4
[1926.299s][debug][gc,phases      ] GC(195)     Dead                           Min: 0, Avg:  0.0, Max: 0, Diff: 0, Sum: 0, Workers: 4
[1926.299s][debug][gc,phases      ] GC(195)     Total                          Min: 11450, Avg: 12238.5, Max: 12736, Diff: 1286, Sum: 48954, Workers: 4
[1926.299s][debug][gc,phases      ] GC(195)   ResolvedMethodTable Weak       Min:  0.0, Avg:  0.0, Max:  0.0, Diff:  0.0, Sum:  0.1, Workers: 4
[1926.299s][debug][gc,phases      ] GC(195)     Dead                           Min: 0, Avg:  0.0, Max: 0, Diff: 0, Sum: 0, Workers: 4
[1926.299s][debug][gc,phases      ] GC(195)     Total                          Min: 2048, Avg: 2229.5, Max: 2368, Diff: 320, Sum: 8918, Workers: 4
[1926.299s][debug][gc,phases      ] GC(195)   JNI Weak                       Min:  0.0, Avg:  0.0, Max:  0.0, Diff:  0.0, Sum:  0.0, Workers: 4
[1926.299s][debug][gc,phases      ] GC(195)     Dead                           Min: 0, Avg:  0.0, Max: 0, Diff: 0, Sum: 0, Workers: 4
[1926.299s][debug][gc,phases      ] GC(195)     Total                          Min: 0, Avg:  0.0, Max: 0, Diff: 0, Sum: 0, Workers: 4
[1926.299s][debug][gc,phases      ] GC(195)   StringDedup Table Weak         Min:  0.0, Avg:  0.0, Max:  0.0, Diff:  0.0, Sum:  0.0, Workers: 4
[1926.299s][debug][gc,phases      ] GC(195)     Dead                           Min: 0, Avg:  0.0, Max: 0, Diff: 0, Sum: 0, Workers: 4
[1926.299s][debug][gc,phases      ] GC(195)     Total                          Min: 0, Avg:  0.0, Max: 0, Diff: 0, Sum: 0, Workers: 4
[1926.299s][debug][gc,phases      ] GC(195)   StringDedup Requests0 Weak     Min:  0.0, Avg:  0.0, Max:  0.0, Diff:  0.0, Sum:  0.0, Workers: 4
[1926.299s][debug][gc,phases      ] GC(195)     Dead                           Min: 0, Avg:  0.0, Max: 0, Diff: 0, Sum: 0, Workers: 4
[1926.299s][debug][gc,phases      ] GC(195)     Total                          Min: 0, Avg:  0.0, Max: 0, Diff: 0, Sum: 0, Workers: 4
[1926.299s][debug][gc,phases      ] GC(195)   StringDedup Requests1 Weak     Min:  0.0, Avg:  0.0, Max:  0.0, Diff:  0.0, Sum:  0.0, Workers: 4
[1926.299s][debug][gc,phases      ] GC(195)     Dead                           Min: 0, Avg:  0.0, Max: 0, Diff: 0, Sum: 0, Workers: 4
[1926.299s][debug][gc,phases      ] GC(195)     Total                          Min: 0, Avg:  0.0, Max: 0, Diff: 0, Sum: 0, Workers: 4
[1926.299s][debug][gc,phases      ] GC(195)   Weak JFR Old Object Samples    Min:  0.0, Avg:  0.0, Max:  0.0, Diff:  0.0, Sum:  0.0, Workers: 4
[1926.299s][debug][gc,phases      ] GC(195)     Dead                           Min: 0, Avg:  0.0, Max: 0, Diff: 0, Sum: 0, Workers: 4
[1926.299s][debug][gc,phases      ] GC(195)     Total                          Min: 0, Avg:  0.0, Max: 0, Diff: 0, Sum: 0, Workers: 4
[1926.299s][debug][gc,phases      ] GC(195) Weak Processing 0.337ms
[1926.299s][debug][gc,age         ] GC(195) Desired survivor size 61865984 bytes, new threshold 15 (max threshold 15)
[1926.299s][info ][gc,heap        ] GC(195) PSYoungGen: 1965664K(2032640K)->1248K(2028544K) Eden: 1964032K(1964032K)->0K(1964032K) From: 1632K(68608K)->1248K(64512K)
[1926.299s][info ][gc,heap        ] GC(195) ParOldGen: 593584K(740864K)->593892K(740864K)
[1926.299s][info ][gc,metaspace   ] GC(195) Metaspace: 85403K(86336K)->85403K(86336K) NonClass: 73400K(73920K)->73400K(73920K) Class: 12003K(12416K)->12003K(12416K)
[1926.299s][info ][gc             ] GC(195) Pause Young (Allocation Failure) 2499M->581M(2704M) 4.428ms
[1926.299s][info ][gc,cpu         ] GC(195) User=0.02s Sys=0.00s Real=0.00s
[1926.299s][info ][safepoint      ] Safepoint "ParallelGCFailedAllocation", Time since last: 1543703019 ns, Reaching safepoint: 102602 ns, At safepoint: 4512608 ns, Total: 4615210 ns
[1932.299s][info ][safepoint      ] Safepoint "Cleanup", Time since last: 6000404636 ns, Reaching safepoint: 100703 ns, At safepoint: 8200 ns, Total: 108903 ns
[1945.758s][info ][gc,start       ] GC(196) Pause Young (Allocation Failure)
[1945.762s][debug][gc,phases      ] GC(196) Scavenge 3.703ms
[1945.762s][debug][gc,ref         ] GC(196) Skipped phase 1 of Reference Processing: no references
[1945.762s][debug][gc,ref         ] GC(196) ReferenceProcessor::execute queues: 1, RefProcThreadModel::Single, marks_oops_alive: false
[1945.762s][debug][gc,ref         ] GC(196) Skipped phase 3 of Reference Processing: no references
[1945.762s][debug][gc,ref         ] GC(196) ReferenceProcessor::execute queues: 1, RefProcThreadModel::Single, marks_oops_alive: false
[1945.762s][debug][gc,phases      ] GC(196) Reference Processing 0.102ms
[1945.762s][debug][gc,phases      ] GC(196)   VM Weak                        Min:  0.0, Avg:  0.0, Max:  0.0, Diff:  0.0, Sum:  0.0, Workers: 4
[1945.762s][debug][gc,phases      ] GC(196)     Dead                           Min: 0, Avg:  0.0, Max: 0, Diff: 0, Sum: 0, Workers: 4
[1945.762s][debug][gc,phases      ] GC(196)     Total                          Min: 0, Avg: 187.8, Max: 559, Diff: 559, Sum: 751, Workers: 4
[1945.762s][debug][gc,phases      ] GC(196)   ObjectSynchronizer Weak        Min:  0.0, Avg:  0.0, Max:  0.0, Diff:  0.0, Sum:  0.0, Workers: 4
[1945.762s][debug][gc,phases      ] GC(196)     Dead                           Min: 0, Avg:  0.0, Max: 0, Diff: 0, Sum: 0, Workers: 4
[1945.762s][debug][gc,phases      ] GC(196)     Total                          Min: 0, Avg: 98.5, Max: 202, Diff: 202, Sum: 394, Workers: 4
[1945.762s][debug][gc,phases      ] GC(196)   JVMTI Tag Weak OopStorage      Min:  0.0, Avg:  0.0, Max:  0.0, Diff:  0.0, Sum:  0.0, Workers: 4
[1945.762s][debug][gc,phases      ] GC(196)     Dead                           Min: 0, Avg:  0.0, Max: 0, Diff: 0, Sum: 0, Workers: 4
[1945.762s][debug][gc,phases      ] GC(196)     Total                          Min: 0, Avg:  0.0, Max: 0, Diff: 0, Sum: 0, Workers: 4
[1945.762s][debug][gc,phases      ] GC(196)   StringTable Weak               Min:  0.1, Avg:  0.1, Max:  0.1, Diff:  0.0, Sum:  0.4, Workers: 4
[1945.762s][debug][gc,phases      ] GC(196)     Dead                           Min: 0, Avg:  0.0, Max: 0, Diff: 0, Sum: 0, Workers: 4
[1945.762s][debug][gc,phases      ] GC(196)     Total                          Min: 11200, Avg: 12238.5, Max: 12858, Diff: 1658, Sum: 48954, Workers: 4
[1945.762s][debug][gc,phases      ] GC(196)   ResolvedMethodTable Weak       Min:  0.0, Avg:  0.0, Max:  0.0, Diff:  0.0, Sum:  0.1, Workers: 4
[1945.762s][debug][gc,phases      ] GC(196)     Dead                           Min: 0, Avg:  0.0, Max: 0, Diff: 0, Sum: 0, Workers: 4
[1945.762s][debug][gc,phases      ] GC(196)     Total                          Min: 1984, Avg: 2229.5, Max: 2326, Diff: 342, Sum: 8918, Workers: 4
[1945.762s][debug][gc,phases      ] GC(196)   JNI Weak                       Min:  0.0, Avg:  0.0, Max:  0.0, Diff:  0.0, Sum:  0.0, Workers: 4
[1945.762s][debug][gc,phases      ] GC(196)     Dead                           Min: 0, Avg:  0.0, Max: 0, Diff: 0, Sum: 0, Workers: 4
[1945.762s][debug][gc,phases      ] GC(196)     Total                          Min: 0, Avg:  0.0, Max: 0, Diff: 0, Sum: 0, Workers: 4
[1945.762s][debug][gc,phases      ] GC(196)   StringDedup Table Weak         Min:  0.0, Avg:  0.0, Max:  0.0, Diff:  0.0, Sum:  0.0, Workers: 4
[1945.762s][debug][gc,phases      ] GC(196)     Dead                           Min: 0, Avg:  0.0, Max: 0, Diff: 0, Sum: 0, Workers: 4
[1945.762s][debug][gc,phases      ] GC(196)     Total                          Min: 0, Avg:  0.0, Max: 0, Diff: 0, Sum: 0, Workers: 4
[1945.762s][debug][gc,phases      ] GC(196)   StringDedup Requests0 Weak     Min:  0.0, Avg:  0.0, Max:  0.0, Diff:  0.0, Sum:  0.0, Workers: 4
[1945.762s][debug][gc,phases      ] GC(196)     Dead                           Min: 0, Avg:  0.0, Max: 0, Diff: 0, Sum: 0, Workers: 4
[1945.762s][debug][gc,phases      ] GC(196)     Total                          Min: 0, Avg:  0.0, Max: 0, Diff: 0, Sum: 0, Workers: 4
[1945.762s][debug][gc,phases      ] GC(196)   StringDedup Requests1 Weak     Min:  0.0, Avg:  0.0, Max:  0.0, Diff:  0.0, Sum:  0.0, Workers: 4
[1945.762s][debug][gc,phases      ] GC(196)     Dead                           Min: 0, Avg:  0.0, Max: 0, Diff: 0, Sum: 0, Workers: 4
[1945.762s][debug][gc,phases      ] GC(196)     Total                          Min: 0, Avg:  0.0, Max: 0, Diff: 0, Sum: 0, Workers: 4
[1945.762s][debug][gc,phases      ] GC(196)   Weak JFR Old Object Samples    Min:  0.0, Avg:  0.0, Max:  0.0, Diff:  0.0, Sum:  0.0, Workers: 4
[1945.762s][debug][gc,phases      ] GC(196)     Dead                           Min: 0, Avg:  0.0, Max: 0, Diff: 0, Sum: 0, Workers: 4
[1945.762s][debug][gc,phases      ] GC(196)     Total                          Min: 0, Avg:  0.0, Max: 0, Diff: 0, Sum: 0, Workers: 4
[1945.762s][debug][gc,phases      ] GC(196) Weak Processing 0.312ms
[1945.762s][debug][gc,age         ] GC(196) Desired survivor size 58195968 bytes, new threshold 15 (max threshold 15)
[1945.762s][info ][gc,heap        ] GC(196) PSYoungGen: 1965280K(2028544K)->1344K(2040320K) Eden: 1964032K(1964032K)->0K(1979904K) From: 1248K(64512K)->1344K(60416K)
[1945.762s][info ][gc,heap        ] GC(196) ParOldGen: 593892K(740864K)->593908K(740864K)
[1945.762s][info ][gc,metaspace   ] GC(196) Metaspace: 85404K(86336K)->85404K(86336K) NonClass: 73400K(73920K)->73400K(73920K) Class: 12003K(12416K)->12003K(12416K)
[1945.762s][info ][gc             ] GC(196) Pause Young (Allocation Failure) 2499M->581M(2716M) 4.249ms
[1945.762s][info ][gc,cpu         ] GC(196) User=0.01s Sys=0.00s Real=0.00s
[1945.762s][info ][safepoint      ] Safepoint "ParallelGCFailedAllocation", Time since last: 13458398541 ns, Reaching safepoint: 51801 ns, At safepoint: 4333703 ns, Total: 4385504 ns
[1951.763s][info ][safepoint      ] Safepoint "Cleanup", Time since last: 6000399930 ns, Reaching safepoint: 51501 ns, At safepoint: 7200 ns, Total: 58701 ns
[1952.763s][info ][safepoint      ] Safepoint "Cleanup", Time since last: 1000108923 ns, Reaching safepoint: 52401 ns, At safepoint: 7800 ns, Total: 60201 ns
[1955.763s][info ][safepoint      ] Safepoint "Cleanup", Time since last: 3000209264 ns, Reaching safepoint: 39601 ns, At safepoint: 2300 ns, Total: 41901 ns
[1963.764s][info ][safepoint      ] Safepoint "Cleanup", Time since last: 8000505767 ns, Reaching safepoint: 45701 ns, At safepoint: 7101 ns, Total: 52802 ns
[1965.491s][info ][gc,start       ] GC(197) Pause Young (Allocation Failure)
[1965.496s][debug][gc,phases      ] GC(197) Scavenge 4.446ms
[1965.496s][debug][gc,ref         ] GC(197) Skipped phase 1 of Reference Processing: no references
[1965.496s][debug][gc,ref         ] GC(197) ReferenceProcessor::execute queues: 1, RefProcThreadModel::Single, marks_oops_alive: false
[1965.496s][debug][gc,ref         ] GC(197) Skipped phase 3 of Reference Processing: no references
[1965.496s][debug][gc,ref         ] GC(197) ReferenceProcessor::execute queues: 1, RefProcThreadModel::Single, marks_oops_alive: false
[1965.496s][debug][gc,phases      ] GC(197) Reference Processing 0.122ms
[1965.496s][debug][gc,phases      ] GC(197)   VM Weak                        Min:  0.0, Avg:  0.0, Max:  0.0, Diff:  0.0, Sum:  0.0, Workers: 4
[1965.496s][debug][gc,phases      ] GC(197)     Dead                           Min: 0, Avg:  0.0, Max: 0, Diff: 0, Sum: 0, Workers: 4
[1965.496s][debug][gc,phases      ] GC(197)     Total                          Min: 0, Avg: 187.8, Max: 687, Diff: 687, Sum: 751, Workers: 4
[1965.496s][debug][gc,phases      ] GC(197)   ObjectSynchronizer Weak        Min:  0.0, Avg:  0.0, Max:  0.0, Diff:  0.0, Sum:  0.0, Workers: 4
[1965.496s][debug][gc,phases      ] GC(197)     Dead                           Min: 0, Avg:  0.0, Max: 0, Diff: 0, Sum: 0, Workers: 4
[1965.496s][debug][gc,phases      ] GC(197)     Total                          Min: 0, Avg: 98.5, Max: 192, Diff: 192, Sum: 394, Workers: 4
[1965.496s][debug][gc,phases      ] GC(197)   JVMTI Tag Weak OopStorage      Min:  0.0, Avg:  0.0, Max:  0.0, Diff:  0.0, Sum:  0.0, Workers: 4
[1965.496s][debug][gc,phases      ] GC(197)     Dead                           Min: 0, Avg:  0.0, Max: 0, Diff: 0, Sum: 0, Workers: 4
[1965.496s][debug][gc,phases      ] GC(197)     Total                          Min: 0, Avg:  0.0, Max: 0, Diff: 0, Sum: 0, Workers: 4
[1965.496s][debug][gc,phases      ] GC(197)   StringTable Weak               Min:  0.1, Avg:  0.1, Max:  0.1, Diff:  0.0, Sum:  0.4, Workers: 4
[1965.496s][debug][gc,phases      ] GC(197)     Dead                           Min: 0, Avg:  0.0, Max: 0, Diff: 0, Sum: 0, Workers: 4
[1965.496s][debug][gc,phases      ] GC(197)     Total                          Min: 10752, Avg: 12238.8, Max: 13883, Diff: 3131, Sum: 48955, Workers: 4
[1965.496s][debug][gc,phases      ] GC(197)   ResolvedMethodTable Weak       Min:  0.0, Avg:  0.0, Max:  0.0, Diff:  0.0, Sum:  0.1, Workers: 4
[1965.496s][debug][gc,phases      ] GC(197)     Dead                           Min: 0, Avg:  0.0, Max: 0, Diff: 0, Sum: 0, Workers: 4
[1965.496s][debug][gc,phases      ] GC(197)     Total                          Min: 2048, Avg: 2229.5, Max: 2326, Diff: 278, Sum: 8918, Workers: 4
[1965.496s][debug][gc,phases      ] GC(197)   JNI Weak                       Min:  0.0, Avg:  0.0, Max:  0.0, Diff:  0.0, Sum:  0.0, Workers: 4
[1965.496s][debug][gc,phases      ] GC(197)     Dead                           Min: 0, Avg:  0.0, Max: 0, Diff: 0, Sum: 0, Workers: 4
[1965.496s][debug][gc,phases      ] GC(197)     Total                          Min: 0, Avg:  0.0, Max: 0, Diff: 0, Sum: 0, Workers: 4
[1965.496s][debug][gc,phases      ] GC(197)   StringDedup Table Weak         Min:  0.0, Avg:  0.0, Max:  0.0, Diff:  0.0, Sum:  0.0, Workers: 4
[1965.496s][debug][gc,phases      ] GC(197)     Dead                           Min: 0, Avg:  0.0, Max: 0, Diff: 0, Sum: 0, Workers: 4
[1965.496s][debug][gc,phases      ] GC(197)     Total                          Min: 0, Avg:  0.0, Max: 0, Diff: 0, Sum: 0, Workers: 4
[1965.496s][debug][gc,phases      ] GC(197)   StringDedup Requests0 Weak     Min:  0.0, Avg:  0.0, Max:  0.0, Diff:  0.0, Sum:  0.0, Workers: 4
[1965.496s][debug][gc,phases      ] GC(197)     Dead                           Min: 0, Avg:  0.0, Max: 0, Diff: 0, Sum: 0, Workers: 4
[1965.496s][debug][gc,phases      ] GC(197)     Total                          Min: 0, Avg:  0.0, Max: 0, Diff: 0, Sum: 0, Workers: 4
[1965.496s][debug][gc,phases      ] GC(197)   StringDedup Requests1 Weak     Min:  0.0, Avg:  0.0, Max:  0.0, Diff:  0.0, Sum:  0.0, Workers: 4
[1965.496s][debug][gc,phases      ] GC(197)     Dead                           Min: 0, Avg:  0.0, Max: 0, Diff: 0, Sum: 0, Workers: 4
[1965.496s][debug][gc,phases      ] GC(197)     Total                          Min: 0, Avg:  0.0, Max: 0, Diff: 0, Sum: 0, Workers: 4
[1965.496s][debug][gc,phases      ] GC(197)   Weak JFR Old Object Samples    Min:  0.0, Avg:  0.0, Max:  0.0, Diff:  0.0, Sum:  0.0, Workers: 4
[1965.496s][debug][gc,phases      ] GC(197)     Dead                           Min: 0, Avg:  0.0, Max: 0, Diff: 0, Sum: 0, Workers: 4
[1965.496s][debug][gc,phases      ] GC(197)     Total                          Min: 0, Avg:  0.0, Max: 0, Diff: 0, Sum: 0, Workers: 4
[1965.496s][debug][gc,phases      ] GC(197) Weak Processing 0.290ms
[1965.496s][debug][gc,age         ] GC(197) Desired survivor size 54001664 bytes, new threshold 15 (max threshold 15)
[1965.496s][info ][gc,heap        ] GC(197) PSYoungGen: 1981248K(2040320K)->1488K(2036736K) Eden: 1979904K(1979904K)->0K(1979904K) From: 1344K(60416K)->1488K(56832K)
[1965.496s][info ][gc,heap        ] GC(197) ParOldGen: 593908K(740864K)->593956K(740864K)
[1965.496s][info ][gc,metaspace   ] GC(197) Metaspace: 85408K(86336K)->85408K(86336K) NonClass: 73405K(73920K)->73405K(73920K) Class: 12003K(12416K)->12003K(12416K)
[1965.496s][info ][gc             ] GC(197) Pause Young (Allocation Failure) 2514M->581M(2712M) 4.997ms
[1965.496s][info ][gc,cpu         ] GC(197) User=0.02s Sys=0.00s Real=0.01s
[1965.496s][info ][safepoint      ] Safepoint "ParallelGCFailedAllocation", Time since last: 1727726780 ns, Reaching safepoint: 51801 ns, At safepoint: 5078820 ns, Total: 5130621 ns
[1969.350s][info ][safepoint      ] Safepoint "Cleanup", Time since last: 3853730307 ns, Reaching safepoint: 45001 ns, At safepoint: 4500 ns, Total: 49501 ns
[1972.351s][info ][safepoint      ] Safepoint "Cleanup", Time since last: 3000221962 ns, Reaching safepoint: 44201 ns, At safepoint: 2700 ns, Total: 46901 ns
[1976.351s][info ][safepoint      ] Safepoint "Cleanup", Time since last: 4000275581 ns, Reaching safepoint: 41901 ns, At safepoint: 2400 ns, Total: 44301 ns
[1976.395s][info ][gc,start       ] GC(198) Pause Young (Allocation Failure)
[1976.403s][debug][gc,phases      ] GC(198) Scavenge 8.144ms
[1976.403s][debug][gc,ref         ] GC(198) Skipped phase 1 of Reference Processing: no references
[1976.403s][debug][gc,ref         ] GC(198) ReferenceProcessor::execute queues: 1, RefProcThreadModel::Single, marks_oops_alive: false
[1976.403s][debug][gc,ref         ] GC(198) Skipped phase 3 of Reference Processing: no references
[1976.403s][debug][gc,ref         ] GC(198) ReferenceProcessor::execute queues: 1, RefProcThreadModel::Single, marks_oops_alive: false
[1976.403s][debug][gc,phases      ] GC(198) Reference Processing 0.116ms
[1976.403s][debug][gc,phases      ] GC(198)   VM Weak                        Min:  0.0, Avg:  0.0, Max:  0.0, Diff:  0.0, Sum:  0.0, Workers: 4
[1976.403s][debug][gc,phases      ] GC(198)     Dead                           Min: 0, Avg:  0.0, Max: 0, Diff: 0, Sum: 0, Workers: 4
[1976.403s][debug][gc,phases      ] GC(198)     Total                          Min: 0, Avg: 187.8, Max: 448, Diff: 448, Sum: 751, Workers: 4
[1976.403s][debug][gc,phases      ] GC(198)   ObjectSynchronizer Weak        Min:  0.0, Avg:  0.0, Max:  0.0, Diff:  0.0, Sum:  0.0, Workers: 4
[1976.403s][debug][gc,phases      ] GC(198)     Dead                           Min: 0, Avg:  0.0, Max: 0, Diff: 0, Sum: 0, Workers: 4
[1976.403s][debug][gc,phases      ] GC(198)     Total                          Min: 0, Avg: 98.8, Max: 139, Diff: 139, Sum: 395, Workers: 4
[1976.403s][debug][gc,phases      ] GC(198)   JVMTI Tag Weak OopStorage      Min:  0.0, Avg:  0.0, Max:  0.0, Diff:  0.0, Sum:  0.0, Workers: 4
[1976.403s][debug][gc,phases      ] GC(198)     Dead                           Min: 0, Avg:  0.0, Max: 0, Diff: 0, Sum: 0, Workers: 4
[1976.403s][debug][gc,phases      ] GC(198)     Total                          Min: 0, Avg:  0.0, Max: 0, Diff: 0, Sum: 0, Workers: 4
[1976.403s][debug][gc,phases      ] GC(198)   StringTable Weak               Min:  0.1, Avg:  0.1, Max:  0.1, Diff:  0.0, Sum:  0.5, Workers: 4
[1976.403s][debug][gc,phases      ] GC(198)     Dead                           Min: 0, Avg:  0.0, Max: 0, Diff: 0, Sum: 0, Workers: 4
[1976.403s][debug][gc,phases      ] GC(198)     Total                          Min: 11200, Avg: 12240.5, Max: 12928, Diff: 1728, Sum: 48962, Workers: 4
[1976.403s][debug][gc,phases      ] GC(198)   ResolvedMethodTable Weak       Min:  0.0, Avg:  0.0, Max:  0.0, Diff:  0.0, Sum:  0.1, Workers: 4
[1976.403s][debug][gc,phases      ] GC(198)     Dead                           Min: 0, Avg:  0.0, Max: 0, Diff: 0, Sum: 0, Workers: 4
[1976.403s][debug][gc,phases      ] GC(198)     Total                          Min: 2011, Avg: 2230.8, Max: 2368, Diff: 357, Sum: 8923, Workers: 4
[1976.403s][debug][gc,phases      ] GC(198)   JNI Weak                       Min:  0.0, Avg:  0.0, Max:  0.0, Diff:  0.0, Sum:  0.0, Workers: 4
[1976.403s][debug][gc,phases      ] GC(198)     Dead                           Min: 0, Avg:  0.0, Max: 0, Diff: 0, Sum: 0, Workers: 4
[1976.403s][debug][gc,phases      ] GC(198)     Total                          Min: 0, Avg:  0.0, Max: 0, Diff: 0, Sum: 0, Workers: 4
[1976.403s][debug][gc,phases      ] GC(198)   StringDedup Table Weak         Min:  0.0, Avg:  0.0, Max:  0.0, Diff:  0.0, Sum:  0.0, Workers: 4
[1976.403s][debug][gc,phases      ] GC(198)     Dead                           Min: 0, Avg:  0.0, Max: 0, Diff: 0, Sum: 0, Workers: 4
[1976.403s][debug][gc,phases      ] GC(198)     Total                          Min: 0, Avg:  0.0, Max: 0, Diff: 0, Sum: 0, Workers: 4
[1976.403s][debug][gc,phases      ] GC(198)   StringDedup Requests0 Weak     Min:  0.0, Avg:  0.0, Max:  0.0, Diff:  0.0, Sum:  0.0, Workers: 4
[1976.403s][debug][gc,phases      ] GC(198)     Dead                           Min: 0, Avg:  0.0, Max: 0, Diff: 0, Sum: 0, Workers: 4
[1976.403s][debug][gc,phases      ] GC(198)     Total                          Min: 0, Avg:  0.0, Max: 0, Diff: 0, Sum: 0, Workers: 4
[1976.403s][debug][gc,phases      ] GC(198)   StringDedup Requests1 Weak     Min:  0.0, Avg:  0.0, Max:  0.0, Diff:  0.0, Sum:  0.0, Workers: 4
[1976.403s][debug][gc,phases      ] GC(198)     Dead                           Min: 0, Avg:  0.0, Max: 0, Diff: 0, Sum: 0, Workers: 4
[1976.403s][debug][gc,phases      ] GC(198)     Total                          Min: 0, Avg:  0.0, Max: 0, Diff: 0, Sum: 0, Workers: 4
[1976.403s][debug][gc,phases      ] GC(198)   Weak JFR Old Object Samples    Min:  0.0, Avg:  0.0, Max:  0.0, Diff:  0.0, Sum:  0.0, Workers: 4
[1976.403s][debug][gc,phases      ] GC(198)     Dead                           Min: 0, Avg:  0.0, Max: 0, Diff: 0, Sum: 0, Workers: 4
[1976.403s][debug][gc,phases      ] GC(198)     Total                          Min: 0, Avg:  0.0, Max: 0, Diff: 0, Sum: 0, Workers: 4
[1976.403s][debug][gc,phases      ] GC(198) Weak Processing 0.333ms
[1976.403s][debug][gc,age         ] GC(198) Desired survivor size 51904512 bytes, new threshold 15 (max threshold 15)
[1976.403s][info ][gc,heap        ] GC(198) PSYoungGen: 1981392K(2036736K)->13872K(2046464K) Eden: 1979904K(1979904K)->0K(1993728K) From: 1488K(56832K)->13872K(52736K)
[1976.403s][info ][gc,heap        ] GC(198) ParOldGen: 593956K(740864K)->593980K(740864K)
[1976.403s][info ][gc,metaspace   ] GC(198) Metaspace: 85422K(86336K)->85422K(86336K) NonClass: 73415K(73920K)->73415K(73920K) Class: 12006K(12416K)->12006K(12416K)
[1976.403s][info ][gc             ] GC(198) Pause Young (Allocation Failure) 2514M->593M(2722M) 8.718ms
[1976.403s][info ][gc,cpu         ] GC(198) User=0.03s Sys=0.00s Real=0.01s
[1976.404s][info ][safepoint      ] Safepoint "ParallelGCFailedAllocation", Time since last: 43827139 ns, Reaching safepoint: 33801 ns, At safepoint: 8824409 ns, Total: 8858210 ns
[1978.404s][info ][safepoint      ] Safepoint "Cleanup", Time since last: 2000134440 ns, Reaching safepoint: 55702 ns, At safepoint: 8400 ns, Total: 64102 ns
[1980.404s][info ][safepoint      ] Safepoint "Cleanup", Time since last: 2000136740 ns, Reaching safepoint: 74501 ns, At safepoint: 5701 ns, Total: 80202 ns
[1981.404s][info ][safepoint      ] Safepoint "Cleanup", Time since last: 1000102820 ns, Reaching safepoint: 49401 ns, At safepoint: 2600 ns, Total: 52001 ns
[1988.405s][info ][safepoint      ] Safepoint "Cleanup", Time since last: 7000489138 ns, Reaching safepoint: 48301 ns, At safepoint: 2600 ns, Total: 50901 ns
[1989.405s][info ][safepoint      ] Safepoint "Cleanup", Time since last: 1000112621 ns, Reaching safepoint: 31800 ns, At safepoint: 2600 ns, Total: 34400 ns
[1993.405s][info ][safepoint      ] Safepoint "Cleanup", Time since last: 4000320778 ns, Reaching safepoint: 44602 ns, At safepoint: 2200 ns, Total: 46802 ns
[1996.492s][info ][gc,start       ] GC(199) Pause Young (Allocation Failure)
[1996.497s][debug][gc,phases      ] GC(199) Scavenge 5.490ms
[1996.497s][debug][gc,ref         ] GC(199) Skipped phase 1 of Reference Processing: no references
[1996.497s][debug][gc,ref         ] GC(199) ReferenceProcessor::execute queues: 1, RefProcThreadModel::Single, marks_oops_alive: false
[1996.497s][debug][gc,ref         ] GC(199) Skipped phase 3 of Reference Processing: no references
[1996.497s][debug][gc,ref         ] GC(199) ReferenceProcessor::execute queues: 1, RefProcThreadModel::Single, marks_oops_alive: false
[1996.497s][debug][gc,phases      ] GC(199) Reference Processing 0.121ms
[1996.498s][debug][gc,phases      ] GC(199)   VM Weak                        Min:  0.0, Avg:  0.0, Max:  0.0, Diff:  0.0, Sum:  0.0, Workers: 4
[1996.498s][debug][gc,phases      ] GC(199)     Dead                           Min: 0, Avg:  0.0, Max: 0, Diff: 0, Sum: 0, Workers: 4
[1996.498s][debug][gc,phases      ] GC(199)     Total                          Min: 0, Avg: 187.8, Max: 751, Diff: 751, Sum: 751, Workers: 4
[1996.498s][debug][gc,phases      ] GC(199)   ObjectSynchronizer Weak        Min:  0.0, Avg:  0.0, Max:  0.0, Diff:  0.0, Sum:  0.0, Workers: 4
[1996.498s][debug][gc,phases      ] GC(199)     Dead                           Min: 0, Avg:  0.0, Max: 0, Diff: 0, Sum: 0, Workers: 4
[1996.498s][debug][gc,phases      ] GC(199)     Total                          Min: 0, Avg: 98.8, Max: 203, Diff: 203, Sum: 395, Workers: 4
[1996.498s][debug][gc,phases      ] GC(199)   JVMTI Tag Weak OopStorage      Min:  0.0, Avg:  0.0, Max:  0.0, Diff:  0.0, Sum:  0.0, Workers: 4
[1996.498s][debug][gc,phases      ] GC(199)     Dead                           Min: 0, Avg:  0.0, Max: 0, Diff: 0, Sum: 0, Workers: 4
[1996.498s][debug][gc,phases      ] GC(199)     Total                          Min: 0, Avg:  0.0, Max: 0, Diff: 0, Sum: 0, Workers: 4
[1996.498s][debug][gc,phases      ] GC(199)   StringTable Weak               Min:  0.1, Avg:  0.1, Max:  0.1, Diff:  0.0, Sum:  0.4, Workers: 4
[1996.498s][debug][gc,phases      ] GC(199)     Dead                           Min: 0, Avg:  0.0, Max: 0, Diff: 0, Sum: 0, Workers: 4
[1996.498s][debug][gc,phases      ] GC(199)     Total                          Min: 11776, Avg: 12240.5, Max: 12544, Diff: 768, Sum: 48962, Workers: 4
[1996.498s][debug][gc,phases      ] GC(199)   ResolvedMethodTable Weak       Min:  0.0, Avg:  0.0, Max:  0.0, Diff:  0.0, Sum:  0.1, Workers: 4
[1996.498s][debug][gc,phases      ] GC(199)     Dead                           Min: 0, Avg:  0.0, Max: 0, Diff: 0, Sum: 0, Workers: 4
[1996.498s][debug][gc,phases      ] GC(199)     Total                          Min: 1984, Avg: 2230.8, Max: 2587, Diff: 603, Sum: 8923, Workers: 4
[1996.498s][debug][gc,phases      ] GC(199)   JNI Weak                       Min:  0.0, Avg:  0.0, Max:  0.0, Diff:  0.0, Sum:  0.0, Workers: 4
[1996.498s][debug][gc,phases      ] GC(199)     Dead                           Min: 0, Avg:  0.0, Max: 0, Diff: 0, Sum: 0, Workers: 4
[1996.498s][debug][gc,phases      ] GC(199)     Total                          Min: 0, Avg:  0.0, Max: 0, Diff: 0, Sum: 0, Workers: 4
[1996.498s][debug][gc,phases      ] GC(199)   StringDedup Table Weak         Min:  0.0, Avg:  0.0, Max:  0.0, Diff:  0.0, Sum:  0.0, Workers: 4
[1996.498s][debug][gc,phases      ] GC(199)     Dead                           Min: 0, Avg:  0.0, Max: 0, Diff: 0, Sum: 0, Workers: 4
[1996.498s][debug][gc,phases      ] GC(199)     Total                          Min: 0, Avg:  0.0, Max: 0, Diff: 0, Sum: 0, Workers: 4
[1996.498s][debug][gc,phases      ] GC(199)   StringDedup Requests0 Weak     Min:  0.0, Avg:  0.0, Max:  0.0, Diff:  0.0, Sum:  0.0, Workers: 4
[1996.498s][debug][gc,phases      ] GC(199)     Dead                           Min: 0, Avg:  0.0, Max: 0, Diff: 0, Sum: 0, Workers: 4
[1996.498s][debug][gc,phases      ] GC(199)     Total                          Min: 0, Avg:  0.0, Max: 0, Diff: 0, Sum: 0, Workers: 4
[1996.498s][debug][gc,phases      ] GC(199)   StringDedup Requests1 Weak     Min:  0.0, Avg:  0.0, Max:  0.0, Diff:  0.0, Sum:  0.0, Workers: 4
[1996.498s][debug][gc,phases      ] GC(199)     Dead                           Min: 0, Avg:  0.0, Max: 0, Diff: 0, Sum: 0, Workers: 4
[1996.498s][debug][gc,phases      ] GC(199)     Total                          Min: 0, Avg:  0.0, Max: 0, Diff: 0, Sum: 0, Workers: 4
[1996.498s][debug][gc,phases      ] GC(199)   Weak JFR Old Object Samples    Min:  0.0, Avg:  0.0, Max:  0.0, Diff:  0.0, Sum:  0.0, Workers: 4
[1996.498s][debug][gc,phases      ] GC(199)     Dead                           Min: 0, Avg:  0.0, Max: 0, Diff: 0, Sum: 0, Workers: 4
[1996.498s][debug][gc,phases      ] GC(199)     Total                          Min: 0, Avg:  0.0, Max: 0, Diff: 0, Sum: 0, Workers: 4
[1996.498s][debug][gc,phases      ] GC(199) Weak Processing 0.314ms
[1996.498s][debug][gc,age         ] GC(199) Desired survivor size 47710208 bytes, new threshold 15 (max threshold 15)
[1996.498s][info ][gc,heap        ] GC(199) PSYoungGen: 2007600K(2046464K)->7504K(2044416K) Eden: 1993728K(1993728K)->0K(1993728K) From: 13872K(52736K)->7504K(50688K)
[1996.498s][info ][gc,heap        ] GC(199) ParOldGen: 593980K(740864K)->593996K(740864K)
[1996.498s][info ][gc,metaspace   ] GC(199) Metaspace: 85426K(86336K)->85426K(86336K) NonClass: 73420K(73920K)->73420K(73920K) Class: 12006K(12416K)->12006K(12416K)
[1996.498s][info ][gc             ] GC(199) Pause Young (Allocation Failure) 2540M->587M(2720M) 6.058ms
[1996.498s][info ][gc,cpu         ] GC(199) User=0.02s Sys=0.00s Real=0.00s
[1996.498s][info ][safepoint      ] Safepoint "ParallelGCFailedAllocation", Time since last: 3086513104 ns, Reaching safepoint: 27200 ns, At safepoint: 6136046 ns, Total: 6163246 ns
[1999.498s][info ][safepoint      ] Safepoint "Cleanup", Time since last: 3000208857 ns, Reaching safepoint: 63601 ns, At safepoint: 11901 ns, Total: 75502 ns
[2000.498s][info ][safepoint      ] Safepoint "Cleanup", Time since last: 1000115919 ns, Reaching safepoint: 45602 ns, At safepoint: 7200 ns, Total: 52802 ns
[2007.499s][info ][safepoint      ] Safepoint "Cleanup", Time since last: 7000424986 ns, Reaching safepoint: 61301 ns, At safepoint: 7200 ns, Total: 68501 ns
[2016.644s][info ][gc,start       ] GC(200) Pause Young (Allocation Failure)
[2016.650s][debug][gc,phases      ] GC(200) Scavenge 5.395ms
[2016.650s][debug][gc,ref         ] GC(200) Skipped phase 1 of Reference Processing: no references
[2016.650s][debug][gc,ref         ] GC(200) ReferenceProcessor::execute queues: 1, RefProcThreadModel::Single, marks_oops_alive: false
[2016.650s][debug][gc,ref         ] GC(200) Skipped phase 3 of Reference Processing: no references
[2016.650s][debug][gc,ref         ] GC(200) ReferenceProcessor::execute queues: 1, RefProcThreadModel::Single, marks_oops_alive: false
[2016.650s][debug][gc,phases      ] GC(200) Reference Processing 0.109ms
[2016.650s][debug][gc,phases      ] GC(200)   VM Weak                        Min:  0.0, Avg:  0.0, Max:  0.0, Diff:  0.0, Sum:  0.0, Workers: 4
[2016.650s][debug][gc,phases      ] GC(200)     Dead                           Min: 0, Avg:  0.0, Max: 0, Diff: 0, Sum: 0, Workers: 4
[2016.650s][debug][gc,phases      ] GC(200)     Total                          Min: 0, Avg: 187.8, Max: 431, Diff: 431, Sum: 751, Workers: 4
[2016.650s][debug][gc,phases      ] GC(200)   ObjectSynchronizer Weak        Min:  0.0, Avg:  0.0, Max:  0.0, Diff:  0.0, Sum:  0.0, Workers: 4
[2016.650s][debug][gc,phases      ] GC(200)     Dead                           Min: 0, Avg:  0.0, Max: 0, Diff: 0, Sum: 0, Workers: 4
[2016.650s][debug][gc,phases      ] GC(200)     Total                          Min: 0, Avg: 98.8, Max: 256, Diff: 256, Sum: 395, Workers: 4
[2016.650s][debug][gc,phases      ] GC(200)   JVMTI Tag Weak OopStorage      Min:  0.0, Avg:  0.0, Max:  0.0, Diff:  0.0, Sum:  0.0, Workers: 4
[2016.650s][debug][gc,phases      ] GC(200)     Dead                           Min: 0, Avg:  0.0, Max: 0, Diff: 0, Sum: 0, Workers: 4
[2016.650s][debug][gc,phases      ] GC(200)     Total                          Min: 0, Avg:  0.0, Max: 0, Diff: 0, Sum: 0, Workers: 4
[2016.650s][debug][gc,phases      ] GC(200)   StringTable Weak               Min:  0.1, Avg:  0.1, Max:  0.1, Diff:  0.0, Sum:  0.4, Workers: 4
[2016.650s][debug][gc,phases      ] GC(200)     Dead                           Min: 0, Avg:  0.0, Max: 0, Diff: 0, Sum: 0, Workers: 4
[2016.650s][debug][gc,phases      ] GC(200)     Total                          Min: 10816, Avg: 12240.5, Max: 13056, Diff: 2240, Sum: 48962, Workers: 4
[2016.650s][debug][gc,phases      ] GC(200)   ResolvedMethodTable Weak       Min:  0.0, Avg:  0.0, Max:  0.0, Diff:  0.0, Sum:  0.1, Workers: 4
[2016.650s][debug][gc,phases      ] GC(200)     Dead                           Min: 0, Avg:  0.0, Max: 0, Diff: 0, Sum: 0, Workers: 4
[2016.650s][debug][gc,phases      ] GC(200)     Total                          Min: 2139, Avg: 2230.8, Max: 2368, Diff: 229, Sum: 8923, Workers: 4
[2016.650s][debug][gc,phases      ] GC(200)   JNI Weak                       Min:  0.0, Avg:  0.0, Max:  0.0, Diff:  0.0, Sum:  0.0, Workers: 4
[2016.650s][debug][gc,phases      ] GC(200)     Dead                           Min: 0, Avg:  0.0, Max: 0, Diff: 0, Sum: 0, Workers: 4
[2016.650s][debug][gc,phases      ] GC(200)     Total                          Min: 0, Avg:  0.0, Max: 0, Diff: 0, Sum: 0, Workers: 4
[2016.650s][debug][gc,phases      ] GC(200)   StringDedup Table Weak         Min:  0.0, Avg:  0.0, Max:  0.0, Diff:  0.0, Sum:  0.0, Workers: 4
[2016.650s][debug][gc,phases      ] GC(200)     Dead                           Min: 0, Avg:  0.0, Max: 0, Diff: 0, Sum: 0, Workers: 4
[2016.650s][debug][gc,phases      ] GC(200)     Total                          Min: 0, Avg:  0.0, Max: 0, Diff: 0, Sum: 0, Workers: 4
[2016.650s][debug][gc,phases      ] GC(200)   StringDedup Requests0 Weak     Min:  0.0, Avg:  0.0, Max:  0.0, Diff:  0.0, Sum:  0.0, Workers: 4
[2016.650s][debug][gc,phases      ] GC(200)     Dead                           Min: 0, Avg:  0.0, Max: 0, Diff: 0, Sum: 0, Workers: 4
[2016.650s][debug][gc,phases      ] GC(200)     Total                          Min: 0, Avg:  0.0, Max: 0, Diff: 0, Sum: 0, Workers: 4
[2016.650s][debug][gc,phases      ] GC(200)   StringDedup Requests1 Weak     Min:  0.0, Avg:  0.0, Max:  0.0, Diff:  0.0, Sum:  0.0, Workers: 4
[2016.650s][debug][gc,phases      ] GC(200)     Dead                           Min: 0, Avg:  0.0, Max: 0, Diff: 0, Sum: 0, Workers: 4
[2016.650s][debug][gc,phases      ] GC(200)     Total                          Min: 0, Avg:  0.0, Max: 0, Diff: 0, Sum: 0, Workers: 4
[2016.650s][debug][gc,phases      ] GC(200)   Weak JFR Old Object Samples    Min:  0.0, Avg:  0.0, Max:  0.0, Diff:  0.0, Sum:  0.0, Workers: 4
[2016.650s][debug][gc,phases      ] GC(200)     Dead                           Min: 0, Avg:  0.0, Max: 0, Diff: 0, Sum: 0, Workers: 4
[2016.650s][debug][gc,phases      ] GC(200)     Total                          Min: 0, Avg:  0.0, Max: 0, Diff: 0, Sum: 0, Workers: 4
[2016.650s][debug][gc,phases      ] GC(200) Weak Processing 0.306ms
[2016.650s][debug][gc,age         ] GC(200) Desired survivor size 44040192 bytes, new threshold 15 (max threshold 15)
[2016.650s][info ][gc,heap        ] GC(200) PSYoungGen: 2001232K(2044416K)->6512K(2054144K) Eden: 1993728K(1993728K)->0K(2007552K) From: 7504K(50688K)->6512K(46592K)
[2016.650s][info ][gc,heap        ] GC(200) ParOldGen: 593996K(740864K)->594012K(740864K)
[2016.650s][info ][gc,metaspace   ] GC(200) Metaspace: 85426K(86336K)->85426K(86336K) NonClass: 73420K(73920K)->73420K(73920K) Class: 12006K(12416K)->12006K(12416K)
[2016.650s][info ][gc             ] GC(200) Pause Young (Allocation Failure) 2534M->586M(2729M) 5.946ms
[2016.650s][info ][gc,cpu         ] GC(200) User=0.03s Sys=0.00s Real=0.00s
[2016.650s][info ][safepoint      ] Safepoint "ParallelGCFailedAllocation", Time since last: 9145566194 ns, Reaching safepoint: 114103 ns, At safepoint: 6031437 ns, Total: 6145540 ns
[2036.344s][info ][gc,start       ] GC(201) Pause Young (Allocation Failure)
[2036.349s][debug][gc,phases      ] GC(201) Scavenge 5.015ms
[2036.349s][debug][gc,ref         ] GC(201) Skipped phase 1 of Reference Processing: no references
[2036.349s][debug][gc,ref         ] GC(201) ReferenceProcessor::execute queues: 1, RefProcThreadModel::Single, marks_oops_alive: false
[2036.349s][debug][gc,ref         ] GC(201) Skipped phase 3 of Reference Processing: no references
[2036.349s][debug][gc,ref         ] GC(201) ReferenceProcessor::execute queues: 1, RefProcThreadModel::Single, marks_oops_alive: false
[2036.349s][debug][gc,phases      ] GC(201) Reference Processing 0.104ms
[2036.349s][debug][gc,phases      ] GC(201)   VM Weak                        Min:  0.0, Avg:  0.0, Max:  0.0, Diff:  0.0, Sum:  0.0, Workers: 4
[2036.349s][debug][gc,phases      ] GC(201)     Dead                           Min: 0, Avg:  0.0, Max: 0, Diff: 0, Sum: 0, Workers: 4
[2036.349s][debug][gc,phases      ] GC(201)     Total                          Min: 0, Avg: 187.8, Max: 751, Diff: 751, Sum: 751, Workers: 4
[2036.349s][debug][gc,phases      ] GC(201)   ObjectSynchronizer Weak        Min:  0.0, Avg:  0.0, Max:  0.0, Diff:  0.0, Sum:  0.0, Workers: 4
[2036.349s][debug][gc,phases      ] GC(201)     Dead                           Min: 0, Avg:  0.0, Max: 0, Diff: 0, Sum: 0, Workers: 4
[2036.349s][debug][gc,phases      ] GC(201)     Total                          Min: 0, Avg: 98.8, Max: 203, Diff: 203, Sum: 395, Workers: 4
[2036.349s][debug][gc,phases      ] GC(201)   JVMTI Tag Weak OopStorage      Min:  0.0, Avg:  0.0, Max:  0.0, Diff:  0.0, Sum:  0.0, Workers: 4
[2036.349s][debug][gc,phases      ] GC(201)     Dead                           Min: 0, Avg:  0.0, Max: 0, Diff: 0, Sum: 0, Workers: 4
[2036.349s][debug][gc,phases      ] GC(201)     Total                          Min: 0, Avg:  0.0, Max: 0, Diff: 0, Sum: 0, Workers: 4
[2036.349s][debug][gc,phases      ] GC(201)   StringTable Weak               Min:  0.1, Avg:  0.1, Max:  0.1, Diff:  0.0, Sum:  0.4, Workers: 4
[2036.349s][debug][gc,phases      ] GC(201)     Dead                           Min: 0, Avg:  0.0, Max: 0, Diff: 0, Sum: 0, Workers: 4
[2036.349s][debug][gc,phases      ] GC(201)     Total                          Min: 11264, Avg: 12240.5, Max: 12736, Diff: 1472, Sum: 48962, Workers: 4
[2036.349s][debug][gc,phases      ] GC(201)   ResolvedMethodTable Weak       Min:  0.0, Avg:  0.0, Max:  0.0, Diff:  0.0, Sum:  0.1, Workers: 4
[2036.349s][debug][gc,phases      ] GC(201)     Dead                           Min: 0, Avg:  0.0, Max: 0, Diff: 0, Sum: 0, Workers: 4
[2036.349s][debug][gc,phases      ] GC(201)     Total                          Min: 2112, Avg: 2230.8, Max: 2368, Diff: 256, Sum: 8923, Workers: 4
[2036.349s][debug][gc,phases      ] GC(201)   JNI Weak                       Min:  0.0, Avg:  0.0, Max:  0.0, Diff:  0.0, Sum:  0.0, Workers: 4
[2036.350s][debug][gc,phases      ] GC(201)     Dead                           Min: 0, Avg:  0.0, Max: 0, Diff: 0, Sum: 0, Workers: 4
[2036.350s][debug][gc,phases      ] GC(201)     Total                          Min: 0, Avg:  0.0, Max: 0, Diff: 0, Sum: 0, Workers: 4
[2036.350s][debug][gc,phases      ] GC(201)   StringDedup Table Weak         Min:  0.0, Avg:  0.0, Max:  0.0, Diff:  0.0, Sum:  0.0, Workers: 4
[2036.350s][debug][gc,phases      ] GC(201)     Dead                           Min: 0, Avg:  0.0, Max: 0, Diff: 0, Sum: 0, Workers: 4
[2036.350s][debug][gc,phases      ] GC(201)     Total                          Min: 0, Avg:  0.0, Max: 0, Diff: 0, Sum: 0, Workers: 4
[2036.350s][debug][gc,phases      ] GC(201)   StringDedup Requests0 Weak     Min:  0.0, Avg:  0.0, Max:  0.0, Diff:  0.0, Sum:  0.0, Workers: 4
[2036.350s][debug][gc,phases      ] GC(201)     Dead                           Min: 0, Avg:  0.0, Max: 0, Diff: 0, Sum: 0, Workers: 4
[2036.350s][debug][gc,phases      ] GC(201)     Total                          Min: 0, Avg:  0.0, Max: 0, Diff: 0, Sum: 0, Workers: 4
[2036.350s][debug][gc,phases      ] GC(201)   StringDedup Requests1 Weak     Min:  0.0, Avg:  0.0, Max:  0.0, Diff:  0.0, Sum:  0.0, Workers: 4
[2036.350s][debug][gc,phases      ] GC(201)     Dead                           Min: 0, Avg:  0.0, Max: 0, Diff: 0, Sum: 0, Workers: 4
[2036.350s][debug][gc,phases      ] GC(201)     Total                          Min: 0, Avg:  0.0, Max: 0, Diff: 0, Sum: 0, Workers: 4
[2036.350s][debug][gc,phases      ] GC(201)   Weak JFR Old Object Samples    Min:  0.0, Avg:  0.0, Max:  0.0, Diff:  0.0, Sum:  0.0, Workers: 4
[2036.350s][debug][gc,phases      ] GC(201)     Dead                           Min: 0, Avg:  0.0, Max: 0, Diff: 0, Sum: 0, Workers: 4
[2036.350s][debug][gc,phases      ] GC(201)     Total                          Min: 0, Avg:  0.0, Max: 0, Diff: 0, Sum: 0, Workers: 4
[2036.350s][debug][gc,phases      ] GC(201) Weak Processing 0.311ms
[2036.350s][debug][gc,age         ] GC(201) Desired survivor size 40894464 bytes, new threshold 15 (max threshold 15)
[2036.350s][info ][gc,heap        ] GC(201) PSYoungGen: 2014064K(2054144K)->6544K(2050560K) Eden: 2007552K(2007552K)->0K(2007552K) From: 6512K(46592K)->6544K(43008K)
[2036.350s][info ][gc,heap        ] GC(201) ParOldGen: 594012K(740864K)->594028K(740864K)
[2036.350s][info ][gc,metaspace   ] GC(201) Metaspace: 85427K(86336K)->85427K(86336K) NonClass: 73420K(73920K)->73420K(73920K) Class: 12006K(12416K)->12006K(12416K)
[2036.350s][info ][gc             ] GC(201) Pause Young (Allocation Failure) 2546M->586M(2726M) 5.558ms
[2036.350s][info ][gc,cpu         ] GC(201) User=0.02s Sys=0.00s Real=0.00s
[2036.350s][info ][safepoint      ] Safepoint "ParallelGCFailedAllocation", Time since last: 19693441310 ns, Reaching safepoint: 96402 ns, At safepoint: 5640729 ns, Total: 5737131 ns
[2050.351s][info ][safepoint      ] Safepoint "Cleanup", Time since last: 14000919431 ns, Reaching safepoint: 40200 ns, At safepoint: 2400 ns, Total: 42600 ns
[2056.541s][info ][gc,start       ] GC(202) Pause Young (Allocation Failure)
[2056.546s][debug][gc,phases      ] GC(202) Scavenge 5.239ms
[2056.546s][debug][gc,ref         ] GC(202) Skipped phase 1 of Reference Processing: no references
[2056.546s][debug][gc,ref         ] GC(202) ReferenceProcessor::execute queues: 1, RefProcThreadModel::Single, marks_oops_alive: false
[2056.546s][debug][gc,ref         ] GC(202) Skipped phase 3 of Reference Processing: no references
[2056.546s][debug][gc,ref         ] GC(202) ReferenceProcessor::execute queues: 1, RefProcThreadModel::Single, marks_oops_alive: false
[2056.546s][debug][gc,phases      ] GC(202) Reference Processing 0.135ms
[2056.546s][debug][gc,phases      ] GC(202)   VM Weak                        Min:  0.0, Avg:  0.0, Max:  0.0, Diff:  0.0, Sum:  0.0, Workers: 4
[2056.546s][debug][gc,phases      ] GC(202)     Dead                           Min: 0, Avg:  0.0, Max: 0, Diff: 0, Sum: 0, Workers: 4
[2056.546s][debug][gc,phases      ] GC(202)     Total                          Min: 0, Avg: 187.8, Max: 576, Diff: 576, Sum: 751, Workers: 4
[2056.546s][debug][gc,phases      ] GC(202)   ObjectSynchronizer Weak        Min:  0.0, Avg:  0.0, Max:  0.0, Diff:  0.0, Sum:  0.0, Workers: 4
[2056.546s][debug][gc,phases      ] GC(202)     Dead                           Min: 0, Avg:  0.0, Max: 0, Diff: 0, Sum: 0, Workers: 4
[2056.546s][debug][gc,phases      ] GC(202)     Total                          Min: 0, Avg: 98.8, Max: 203, Diff: 203, Sum: 395, Workers: 4
[2056.546s][debug][gc,phases      ] GC(202)   JVMTI Tag Weak OopStorage      Min:  0.0, Avg:  0.0, Max:  0.0, Diff:  0.0, Sum:  0.0, Workers: 4
[2056.546s][debug][gc,phases      ] GC(202)     Dead                           Min: 0, Avg:  0.0, Max: 0, Diff: 0, Sum: 0, Workers: 4
[2056.546s][debug][gc,phases      ] GC(202)     Total                          Min: 0, Avg:  0.0, Max: 0, Diff: 0, Sum: 0, Workers: 4
[2056.546s][debug][gc,phases      ] GC(202)   StringTable Weak               Min:  0.1, Avg:  0.1, Max:  0.1, Diff:  0.0, Sum:  0.4, Workers: 4
[2056.546s][debug][gc,phases      ] GC(202)     Dead                           Min: 0, Avg:  0.0, Max: 0, Diff: 0, Sum: 0, Workers: 4
[2056.546s][debug][gc,phases      ] GC(202)     Total                          Min: 11648, Avg: 12240.5, Max: 13184, Diff: 1536, Sum: 48962, Workers: 4
[2056.546s][debug][gc,phases      ] GC(202)   ResolvedMethodTable Weak       Min:  0.0, Avg:  0.0, Max:  0.0, Diff:  0.0, Sum:  0.1, Workers: 4
[2056.546s][debug][gc,phases      ] GC(202)     Dead                           Min: 0, Avg:  0.0, Max: 0, Diff: 0, Sum: 0, Workers: 4
[2056.546s][debug][gc,phases      ] GC(202)     Total                          Min: 1216, Avg: 2230.8, Max: 2624, Diff: 1408, Sum: 8923, Workers: 4
[2056.546s][debug][gc,phases      ] GC(202)   JNI Weak                       Min:  0.0, Avg:  0.0, Max:  0.0, Diff:  0.0, Sum:  0.0, Workers: 4
[2056.546s][debug][gc,phases      ] GC(202)     Dead                           Min: 0, Avg:  0.0, Max: 0, Diff: 0, Sum: 0, Workers: 4
[2056.546s][debug][gc,phases      ] GC(202)     Total                          Min: 0, Avg:  0.0, Max: 0, Diff: 0, Sum: 0, Workers: 4
[2056.546s][debug][gc,phases      ] GC(202)   StringDedup Table Weak         Min:  0.0, Avg:  0.0, Max:  0.0, Diff:  0.0, Sum:  0.0, Workers: 4
[2056.546s][debug][gc,phases      ] GC(202)     Dead                           Min: 0, Avg:  0.0, Max: 0, Diff: 0, Sum: 0, Workers: 4
[2056.546s][debug][gc,phases      ] GC(202)     Total                          Min: 0, Avg:  0.0, Max: 0, Diff: 0, Sum: 0, Workers: 4
[2056.546s][debug][gc,phases      ] GC(202)   StringDedup Requests0 Weak     Min:  0.0, Avg:  0.0, Max:  0.0, Diff:  0.0, Sum:  0.0, Workers: 4
[2056.547s][debug][gc,phases      ] GC(202)     Dead                           Min: 0, Avg:  0.0, Max: 0, Diff: 0, Sum: 0, Workers: 4
[2056.547s][debug][gc,phases      ] GC(202)     Total                          Min: 0, Avg:  0.0, Max: 0, Diff: 0, Sum: 0, Workers: 4
[2056.547s][debug][gc,phases      ] GC(202)   StringDedup Requests1 Weak     Min:  0.0, Avg:  0.0, Max:  0.0, Diff:  0.0, Sum:  0.0, Workers: 4
[2056.547s][debug][gc,phases      ] GC(202)     Dead                           Min: 0, Avg:  0.0, Max: 0, Diff: 0, Sum: 0, Workers: 4
[2056.547s][debug][gc,phases      ] GC(202)     Total                          Min: 0, Avg:  0.0, Max: 0, Diff: 0, Sum: 0, Workers: 4
[2056.547s][debug][gc,phases      ] GC(202)   Weak JFR Old Object Samples    Min:  0.0, Avg:  0.0, Max:  0.0, Diff:  0.0, Sum:  0.0, Workers: 4
[2056.547s][debug][gc,phases      ] GC(202)     Dead                           Min: 0, Avg:  0.0, Max: 0, Diff: 0, Sum: 0, Workers: 4
[2056.547s][debug][gc,phases      ] GC(202)     Total                          Min: 0, Avg:  0.0, Max: 0, Diff: 0, Sum: 0, Workers: 4
[2056.547s][debug][gc,phases      ] GC(202) Weak Processing 0.318ms
[2056.547s][debug][gc,age         ] GC(202) Desired survivor size 37748736 bytes, new threshold 15 (max threshold 15)
[2056.547s][info ][gc,heap        ] GC(202) PSYoungGen: 2014096K(2050560K)->6496K(2060288K) Eden: 2007552K(2007552K)->0K(2020352K) From: 6544K(43008K)->6496K(39936K)
[2056.547s][info ][gc,heap        ] GC(202) ParOldGen: 594028K(740864K)->594060K(740864K)
[2056.547s][info ][gc,metaspace   ] GC(202) Metaspace: 85427K(86336K)->85427K(86336K) NonClass: 73420K(73920K)->73420K(73920K) Class: 12006K(12416K)->12006K(12416K)
[2056.547s][info ][gc             ] GC(202) Pause Young (Allocation Failure) 2546M->586M(2735M) 5.833ms
[2056.547s][info ][gc,cpu         ] GC(202) User=0.03s Sys=0.00s Real=0.01s
[2056.547s][info ][safepoint      ] Safepoint "ParallelGCFailedAllocation", Time since last: 6189984922 ns, Reaching safepoint: 99603 ns, At safepoint: 5918135 ns, Total: 6017738 ns
[2059.547s][info ][safepoint      ] Safepoint "Cleanup", Time since last: 3000189761 ns, Reaching safepoint: 118403 ns, At safepoint: 6500 ns, Total: 124903 ns
[2069.050s][info ][safepoint      ] Safepoint "Cleanup", Time since last: 9502904561 ns, Reaching safepoint: 113303 ns, At safepoint: 20300 ns, Total: 133603 ns
[2070.050s][info ][safepoint      ] Safepoint "Cleanup", Time since last: 1000106204 ns, Reaching safepoint: 91402 ns, At safepoint: 8900 ns, Total: 100302 ns
[2074.051s][info ][safepoint      ] Safepoint "Cleanup", Time since last: 4000301426 ns, Reaching safepoint: 38401 ns, At safepoint: 2500 ns, Total: 40901 ns
[2075.051s][info ][safepoint      ] Safepoint "Cleanup", Time since last: 1000129111 ns, Reaching safepoint: 43701 ns, At safepoint: 2500 ns, Total: 46201 ns
[2076.824s][info ][gc,start       ] GC(203) Pause Young (Allocation Failure)
[2076.829s][debug][gc,phases      ] GC(203) Scavenge 4.811ms
[2076.829s][debug][gc,ref         ] GC(203) Skipped phase 1 of Reference Processing: no references
[2076.829s][debug][gc,ref         ] GC(203) ReferenceProcessor::execute queues: 1, RefProcThreadModel::Single, marks_oops_alive: false
[2076.829s][debug][gc,ref         ] GC(203) Skipped phase 3 of Reference Processing: no references
[2076.829s][debug][gc,ref         ] GC(203) ReferenceProcessor::execute queues: 1, RefProcThreadModel::Single, marks_oops_alive: false
[2076.829s][debug][gc,phases      ] GC(203) Reference Processing 0.107ms
[2076.829s][debug][gc,phases      ] GC(203)   VM Weak                        Min:  0.0, Avg:  0.0, Max:  0.0, Diff:  0.0, Sum:  0.0, Workers: 4
[2076.829s][debug][gc,phases      ] GC(203)     Dead                           Min: 0, Avg:  0.0, Max: 0, Diff: 0, Sum: 0, Workers: 4
[2076.829s][debug][gc,phases      ] GC(203)     Total                          Min: 0, Avg: 187.8, Max: 687, Diff: 687, Sum: 751, Workers: 4
[2076.829s][debug][gc,phases      ] GC(203)   ObjectSynchronizer Weak        Min:  0.0, Avg:  0.0, Max:  0.0, Diff:  0.0, Sum:  0.0, Workers: 4
[2076.829s][debug][gc,phases      ] GC(203)     Dead                           Min: 0, Avg:  0.0, Max: 0, Diff: 0, Sum: 0, Workers: 4
[2076.829s][debug][gc,phases      ] GC(203)     Total                          Min: 0, Avg: 98.8, Max: 256, Diff: 256, Sum: 395, Workers: 4
[2076.829s][debug][gc,phases      ] GC(203)   JVMTI Tag Weak OopStorage      Min:  0.0, Avg:  0.0, Max:  0.0, Diff:  0.0, Sum:  0.0, Workers: 4
[2076.829s][debug][gc,phases      ] GC(203)     Dead                           Min: 0, Avg:  0.0, Max: 0, Diff: 0, Sum: 0, Workers: 4
[2076.829s][debug][gc,phases      ] GC(203)     Total                          Min: 0, Avg:  0.0, Max: 0, Diff: 0, Sum: 0, Workers: 4
[2076.829s][debug][gc,phases      ] GC(203)   StringTable Weak               Min:  0.1, Avg:  0.1, Max:  0.1, Diff:  0.0, Sum:  0.5, Workers: 4
[2076.829s][debug][gc,phases      ] GC(203)     Dead                           Min: 0, Avg:  0.2, Max: 1, Diff: 1, Sum: 1, Workers: 4
[2076.829s][debug][gc,phases      ] GC(203)     Total                          Min: 11520, Avg: 12244.0, Max: 14016, Diff: 2496, Sum: 48976, Workers: 4
[2076.829s][debug][gc,phases      ] GC(203)   ResolvedMethodTable Weak       Min:  0.0, Avg:  0.0, Max:  0.0, Diff:  0.0, Sum:  0.1, Workers: 4
[2076.829s][debug][gc,phases      ] GC(203)     Dead                           Min: 0, Avg:  0.0, Max: 0, Diff: 0, Sum: 0, Workers: 4
[2076.829s][debug][gc,phases      ] GC(203)     Total                          Min: 2048, Avg: 2230.8, Max: 2496, Diff: 448, Sum: 8923, Workers: 4
[2076.829s][debug][gc,phases      ] GC(203)   JNI Weak                       Min:  0.0, Avg:  0.0, Max:  0.0, Diff:  0.0, Sum:  0.0, Workers: 4
[2076.829s][debug][gc,phases      ] GC(203)     Dead                           Min: 0, Avg:  0.0, Max: 0, Diff: 0, Sum: 0, Workers: 4
[2076.829s][debug][gc,phases      ] GC(203)     Total                          Min: 0, Avg:  0.0, Max: 0, Diff: 0, Sum: 0, Workers: 4
[2076.829s][debug][gc,phases      ] GC(203)   StringDedup Table Weak         Min:  0.0, Avg:  0.0, Max:  0.0, Diff:  0.0, Sum:  0.0, Workers: 4
[2076.829s][debug][gc,phases      ] GC(203)     Dead                           Min: 0, Avg:  0.0, Max: 0, Diff: 0, Sum: 0, Workers: 4
[2076.829s][debug][gc,phases      ] GC(203)     Total                          Min: 0, Avg:  0.0, Max: 0, Diff: 0, Sum: 0, Workers: 4
[2076.829s][debug][gc,phases      ] GC(203)   StringDedup Requests0 Weak     Min:  0.0, Avg:  0.0, Max:  0.0, Diff:  0.0, Sum:  0.0, Workers: 4
[2076.829s][debug][gc,phases      ] GC(203)     Dead                           Min: 0, Avg:  0.0, Max: 0, Diff: 0, Sum: 0, Workers: 4
[2076.829s][debug][gc,phases      ] GC(203)     Total                          Min: 0, Avg:  0.0, Max: 0, Diff: 0, Sum: 0, Workers: 4
[2076.829s][debug][gc,phases      ] GC(203)   StringDedup Requests1 Weak     Min:  0.0, Avg:  0.0, Max:  0.0, Diff:  0.0, Sum:  0.0, Workers: 4
[2076.829s][debug][gc,phases      ] GC(203)     Dead                           Min: 0, Avg:  0.0, Max: 0, Diff: 0, Sum: 0, Workers: 4
[2076.829s][debug][gc,phases      ] GC(203)     Total                          Min: 0, Avg:  0.0, Max: 0, Diff: 0, Sum: 0, Workers: 4
[2076.829s][debug][gc,phases      ] GC(203)   Weak JFR Old Object Samples    Min:  0.0, Avg:  0.0, Max:  0.0, Diff:  0.0, Sum:  0.0, Workers: 4
[2076.829s][debug][gc,phases      ] GC(203)     Dead                           Min: 0, Avg:  0.0, Max: 0, Diff: 0, Sum: 0, Workers: 4
[2076.829s][debug][gc,phases      ] GC(203)     Total                          Min: 0, Avg:  0.0, Max: 0, Diff: 0, Sum: 0, Workers: 4
[2076.829s][debug][gc,phases      ] GC(203) Weak Processing 0.317ms
[2076.829s][debug][gc,age         ] GC(203) Desired survivor size 35127296 bytes, new threshold 15 (max threshold 15)
[2076.829s][info ][gc,heap        ] GC(203) PSYoungGen: 2026848K(2060288K)->5392K(2057216K) Eden: 2020352K(2020352K)->0K(2020352K) From: 6496K(39936K)->5392K(36864K)
[2076.829s][info ][gc,heap        ] GC(203) ParOldGen: 594060K(740864K)->594068K(740864K)
[2076.829s][info ][gc,metaspace   ] GC(203) Metaspace: 85445K(86336K)->85445K(86336K) NonClass: 73435K(73920K)->73435K(73920K) Class: 12010K(12416K)->12010K(12416K)
[2076.829s][info ][gc             ] GC(203) Pause Young (Allocation Failure) 2559M->585M(2732M) 5.364ms
[2076.829s][info ][gc,cpu         ] GC(203) User=0.02s Sys=0.00s Real=0.00s
[2076.829s][info ][safepoint      ] Safepoint "ParallelGCFailedAllocation", Time since last: 1773174823 ns, Reaching safepoint: 28501 ns, At safepoint: 5449725 ns, Total: 5478226 ns
[2077.830s][info ][safepoint      ] Safepoint "Cleanup", Time since last: 1000081913 ns, Reaching safepoint: 60102 ns, At safepoint: 8100 ns, Total: 68202 ns
[2083.830s][info ][safepoint      ] Safepoint "Cleanup", Time since last: 6000392207 ns, Reaching safepoint: 42901 ns, At safepoint: 2700 ns, Total: 45601 ns
[2088.830s][info ][safepoint      ] Safepoint "Cleanup", Time since last: 5000377527 ns, Reaching safepoint: 42301 ns, At safepoint: 7300 ns, Total: 49601 ns
[2090.831s][info ][safepoint      ] Safepoint "Cleanup", Time since last: 2000186361 ns, Reaching safepoint: 55001 ns, At safepoint: 2900 ns, Total: 57901 ns
[2092.835s][info ][safepoint      ] Safepoint "Cleanup", Time since last: 2000179566 ns, Reaching safepoint: 4238397 ns, At safepoint: 13300 ns, Total: 4251697 ns
[2094.835s][info ][safepoint      ] Safepoint "Cleanup", Time since last: 2000171771 ns, Reaching safepoint: 102202 ns, At safepoint: 5000 ns, Total: 107202 ns
[2097.794s][info ][gc,start       ] GC(204) Pause Young (Allocation Failure)
[2097.798s][debug][gc,phases      ] GC(204) Scavenge 4.700ms
[2097.798s][debug][gc,ref         ] GC(204) Skipped phase 1 of Reference Processing: no references
[2097.798s][debug][gc,ref         ] GC(204) ReferenceProcessor::execute queues: 1, RefProcThreadModel::Single, marks_oops_alive: false
[2097.798s][debug][gc,ref         ] GC(204) Skipped phase 3 of Reference Processing: no references
[2097.798s][debug][gc,ref         ] GC(204) ReferenceProcessor::execute queues: 1, RefProcThreadModel::Single, marks_oops_alive: false
[2097.798s][debug][gc,phases      ] GC(204) Reference Processing 0.104ms
[2097.799s][debug][gc,phases      ] GC(204)   VM Weak                        Min:  0.0, Avg:  0.0, Max:  0.0, Diff:  0.0, Sum:  0.0, Workers: 4
[2097.799s][debug][gc,phases      ] GC(204)     Dead                           Min: 0, Avg:  0.0, Max: 0, Diff: 0, Sum: 0, Workers: 4
[2097.799s][debug][gc,phases      ] GC(204)     Total                          Min: 0, Avg: 187.8, Max: 448, Diff: 448, Sum: 751, Workers: 4
[2097.799s][debug][gc,phases      ] GC(204)   ObjectSynchronizer Weak        Min:  0.0, Avg:  0.0, Max:  0.0, Diff:  0.0, Sum:  0.0, Workers: 4
[2097.799s][debug][gc,phases      ] GC(204)     Dead                           Min: 0, Avg:  0.0, Max: 0, Diff: 0, Sum: 0, Workers: 4
[2097.799s][debug][gc,phases      ] GC(204)     Total                          Min: 0, Avg: 98.8, Max: 192, Diff: 192, Sum: 395, Workers: 4
[2097.799s][debug][gc,phases      ] GC(204)   JVMTI Tag Weak OopStorage      Min:  0.0, Avg:  0.0, Max:  0.0, Diff:  0.0, Sum:  0.0, Workers: 4
[2097.799s][debug][gc,phases      ] GC(204)     Dead                           Min: 0, Avg:  0.0, Max: 0, Diff: 0, Sum: 0, Workers: 4
[2097.799s][debug][gc,phases      ] GC(204)     Total                          Min: 0, Avg:  0.0, Max: 0, Diff: 0, Sum: 0, Workers: 4
[2097.799s][debug][gc,phases      ] GC(204)   StringTable Weak               Min:  0.1, Avg:  0.1, Max:  0.1, Diff:  0.0, Sum:  0.4, Workers: 4
[2097.799s][debug][gc,phases      ] GC(204)     Dead                           Min: 0, Avg:  0.0, Max: 0, Diff: 0, Sum: 0, Workers: 4
[2097.799s][debug][gc,phases      ] GC(204)     Total                          Min: 11200, Avg: 12244.0, Max: 13952, Diff: 2752, Sum: 48976, Workers: 4
[2097.799s][debug][gc,phases      ] GC(204)   ResolvedMethodTable Weak       Min:  0.0, Avg:  0.0, Max:  0.0, Diff:  0.0, Sum:  0.1, Workers: 4
[2097.799s][debug][gc,phases      ] GC(204)     Dead                           Min: 0, Avg:  0.0, Max: 0, Diff: 0, Sum: 0, Workers: 4
[2097.799s][debug][gc,phases      ] GC(204)     Total                          Min: 1984, Avg: 2230.8, Max: 2752, Diff: 768, Sum: 8923, Workers: 4
[2097.799s][debug][gc,phases      ] GC(204)   JNI Weak                       Min:  0.0, Avg:  0.0, Max:  0.0, Diff:  0.0, Sum:  0.0, Workers: 4
[2097.799s][debug][gc,phases      ] GC(204)     Dead                           Min: 0, Avg:  0.0, Max: 0, Diff: 0, Sum: 0, Workers: 4
[2097.799s][debug][gc,phases      ] GC(204)     Total                          Min: 0, Avg:  0.0, Max: 0, Diff: 0, Sum: 0, Workers: 4
[2097.799s][debug][gc,phases      ] GC(204)   StringDedup Table Weak         Min:  0.0, Avg:  0.0, Max:  0.0, Diff:  0.0, Sum:  0.0, Workers: 4
[2097.799s][debug][gc,phases      ] GC(204)     Dead                           Min: 0, Avg:  0.0, Max: 0, Diff: 0, Sum: 0, Workers: 4
[2097.799s][debug][gc,phases      ] GC(204)     Total                          Min: 0, Avg:  0.0, Max: 0, Diff: 0, Sum: 0, Workers: 4
[2097.799s][debug][gc,phases      ] GC(204)   StringDedup Requests0 Weak     Min:  0.0, Avg:  0.0, Max:  0.0, Diff:  0.0, Sum:  0.0, Workers: 4
[2097.799s][debug][gc,phases      ] GC(204)     Dead                           Min: 0, Avg:  0.0, Max: 0, Diff: 0, Sum: 0, Workers: 4
[2097.799s][debug][gc,phases      ] GC(204)     Total                          Min: 0, Avg:  0.0, Max: 0, Diff: 0, Sum: 0, Workers: 4
[2097.799s][debug][gc,phases      ] GC(204)   StringDedup Requests1 Weak     Min:  0.0, Avg:  0.0, Max:  0.0, Diff:  0.0, Sum:  0.0, Workers: 4
[2097.799s][debug][gc,phases      ] GC(204)     Dead                           Min: 0, Avg:  0.0, Max: 0, Diff: 0, Sum: 0, Workers: 4
[2097.799s][debug][gc,phases      ] GC(204)     Total                          Min: 0, Avg:  0.0, Max: 0, Diff: 0, Sum: 0, Workers: 4
[2097.799s][debug][gc,phases      ] GC(204)   Weak JFR Old Object Samples    Min:  0.0, Avg:  0.0, Max:  0.0, Diff:  0.0, Sum:  0.0, Workers: 4
[2097.799s][debug][gc,phases      ] GC(204)     Dead                           Min: 0, Avg:  0.0, Max: 0, Diff: 0, Sum: 0, Workers: 4
[2097.799s][debug][gc,phases      ] GC(204)     Total                          Min: 0, Avg:  0.0, Max: 0, Diff: 0, Sum: 0, Workers: 4
[2097.799s][debug][gc,phases      ] GC(204) Weak Processing 0.320ms
[2097.799s][debug][gc,age         ] GC(204) Desired survivor size 32505856 bytes, new threshold 15 (max threshold 15)
[2097.799s][info ][gc,heap        ] GC(204) PSYoungGen: 2025744K(2057216K)->5504K(2065408K) Eden: 2020352K(2020352K)->0K(2031104K) From: 5392K(36864K)->5504K(34304K)
[2097.799s][info ][gc,heap        ] GC(204) ParOldGen: 594068K(740864K)->594108K(740864K)
[2097.799s][info ][gc,metaspace   ] GC(204) Metaspace: 85464K(86400K)->85464K(86400K) NonClass: 73453K(73984K)->73453K(73984K) Class: 12010K(12416K)->12010K(12416K)
[2097.799s][info ][gc             ] GC(204) Pause Young (Allocation Failure) 2558M->585M(2740M) 5.272ms
[2097.799s][info ][gc,cpu         ] GC(204) User=0.02s Sys=0.00s Real=0.00s
[2097.799s][info ][safepoint      ] Safepoint "ParallelGCFailedAllocation", Time since last: 2958131350 ns, Reaching safepoint: 42801 ns, At safepoint: 5363523 ns, Total: 5406324 ns
[2110.800s][info ][safepoint      ] Safepoint "Cleanup", Time since last: 13000819026 ns, Reaching safepoint: 46101 ns, At safepoint: 11500 ns, Total: 57601 ns
[2120.800s][info ][safepoint      ] Safepoint "Cleanup", Time since last: 10000634025 ns, Reaching safepoint: 41601 ns, At safepoint: 2200 ns, Total: 43801 ns
[2124.493s][info ][gc,start       ] GC(205) Pause Young (Allocation Failure)
[2124.498s][debug][gc,phases      ] GC(205) Scavenge 4.792ms
[2124.498s][debug][gc,ref         ] GC(205) Skipped phase 1 of Reference Processing: no references
[2124.498s][debug][gc,ref         ] GC(205) ReferenceProcessor::execute queues: 1, RefProcThreadModel::Single, marks_oops_alive: false
[2124.498s][debug][gc,ref         ] GC(205) ReferenceProcessor::execute queues: 4, RefProcThreadModel::Multi, marks_oops_alive: true
[2124.498s][debug][gc,ref         ] GC(205) ReferenceProcessor::execute queues: 1, RefProcThreadModel::Single, marks_oops_alive: false
[2124.498s][debug][gc,phases      ] GC(205) Reference Processing 0.199ms
[2124.498s][debug][gc,phases      ] GC(205)   VM Weak                        Min:  0.0, Avg:  0.0, Max:  0.0, Diff:  0.0, Sum:  0.0, Workers: 4
[2124.498s][debug][gc,phases      ] GC(205)     Dead                           Min: 0, Avg:  0.0, Max: 0, Diff: 0, Sum: 0, Workers: 4
[2124.499s][debug][gc,phases      ] GC(205)     Total                          Min: 0, Avg: 187.8, Max: 751, Diff: 751, Sum: 751, Workers: 4
[2124.499s][debug][gc,phases      ] GC(205)   ObjectSynchronizer Weak        Min:  0.0, Avg:  0.0, Max:  0.0, Diff:  0.0, Sum:  0.0, Workers: 4
[2124.499s][debug][gc,phases      ] GC(205)     Dead                           Min: 0, Avg:  0.0, Max: 0, Diff: 0, Sum: 0, Workers: 4
[2124.499s][debug][gc,phases      ] GC(205)     Total                          Min: 0, Avg: 98.8, Max: 331, Diff: 331, Sum: 395, Workers: 4
[2124.499s][debug][gc,phases      ] GC(205)   JVMTI Tag Weak OopStorage      Min:  0.0, Avg:  0.0, Max:  0.0, Diff:  0.0, Sum:  0.0, Workers: 4
[2124.499s][debug][gc,phases      ] GC(205)     Dead                           Min: 0, Avg:  0.0, Max: 0, Diff: 0, Sum: 0, Workers: 4
[2124.499s][debug][gc,phases      ] GC(205)     Total                          Min: 0, Avg:  0.0, Max: 0, Diff: 0, Sum: 0, Workers: 4
[2124.499s][debug][gc,phases      ] GC(205)   StringTable Weak               Min:  0.1, Avg:  0.1, Max:  0.1, Diff:  0.0, Sum:  0.4, Workers: 4
[2124.499s][debug][gc,phases      ] GC(205)     Dead                           Min: 0, Avg:  0.0, Max: 0, Diff: 0, Sum: 0, Workers: 4
[2124.499s][debug][gc,phases      ] GC(205)     Total                          Min: 10880, Avg: 12245.0, Max: 14976, Diff: 4096, Sum: 48980, Workers: 4
[2124.499s][debug][gc,phases      ] GC(205)   ResolvedMethodTable Weak       Min:  0.0, Avg:  0.0, Max:  0.0, Diff:  0.0, Sum:  0.1, Workers: 4
[2124.499s][debug][gc,phases      ] GC(205)     Dead                           Min: 0, Avg:  0.0, Max: 0, Diff: 0, Sum: 0, Workers: 4
[2124.499s][debug][gc,phases      ] GC(205)     Total                          Min: 2112, Avg: 2230.8, Max: 2523, Diff: 411, Sum: 8923, Workers: 4
[2124.499s][debug][gc,phases      ] GC(205)   JNI Weak                       Min:  0.0, Avg:  0.0, Max:  0.0, Diff:  0.0, Sum:  0.0, Workers: 4
[2124.499s][debug][gc,phases      ] GC(205)     Dead                           Min: 0, Avg:  0.0, Max: 0, Diff: 0, Sum: 0, Workers: 4
[2124.499s][debug][gc,phases      ] GC(205)     Total                          Min: 0, Avg:  0.0, Max: 0, Diff: 0, Sum: 0, Workers: 4
[2124.499s][debug][gc,phases      ] GC(205)   StringDedup Table Weak         Min:  0.0, Avg:  0.0, Max:  0.0, Diff:  0.0, Sum:  0.0, Workers: 4
[2124.499s][debug][gc,phases      ] GC(205)     Dead                           Min: 0, Avg:  0.0, Max: 0, Diff: 0, Sum: 0, Workers: 4
[2124.499s][debug][gc,phases      ] GC(205)     Total                          Min: 0, Avg:  0.0, Max: 0, Diff: 0, Sum: 0, Workers: 4
[2124.499s][debug][gc,phases      ] GC(205)   StringDedup Requests0 Weak     Min:  0.0, Avg:  0.0, Max:  0.0, Diff:  0.0, Sum:  0.0, Workers: 4
[2124.499s][debug][gc,phases      ] GC(205)     Dead                           Min: 0, Avg:  0.0, Max: 0, Diff: 0, Sum: 0, Workers: 4
[2124.499s][debug][gc,phases      ] GC(205)     Total                          Min: 0, Avg:  0.0, Max: 0, Diff: 0, Sum: 0, Workers: 4
[2124.499s][debug][gc,phases      ] GC(205)   StringDedup Requests1 Weak     Min:  0.0, Avg:  0.0, Max:  0.0, Diff:  0.0, Sum:  0.0, Workers: 4
[2124.499s][debug][gc,phases      ] GC(205)     Dead                           Min: 0, Avg:  0.0, Max: 0, Diff: 0, Sum: 0, Workers: 4
[2124.499s][debug][gc,phases      ] GC(205)     Total                          Min: 0, Avg:  0.0, Max: 0, Diff: 0, Sum: 0, Workers: 4
[2124.499s][debug][gc,phases      ] GC(205)   Weak JFR Old Object Samples    Min:  0.0, Avg:  0.0, Max:  0.0, Diff:  0.0, Sum:  0.0, Workers: 4
[2124.499s][debug][gc,phases      ] GC(205)     Dead                           Min: 0, Avg:  0.0, Max: 0, Diff: 0, Sum: 0, Workers: 4
[2124.499s][debug][gc,phases      ] GC(205)     Total                          Min: 0, Avg:  0.0, Max: 0, Diff: 0, Sum: 0, Workers: 4
[2124.499s][debug][gc,phases      ] GC(205) Weak Processing 0.319ms
[2124.499s][debug][gc,age         ] GC(205) Desired survivor size 30408704 bytes, new threshold 15 (max threshold 15)
[2124.499s][info ][gc,heap        ] GC(205) PSYoungGen: 2036608K(2065408K)->5536K(2062848K) Eden: 2031104K(2031104K)->0K(2031104K) From: 5504K(34304K)->5536K(31744K)
[2124.499s][info ][gc,heap        ] GC(205) ParOldGen: 594108K(740864K)->594116K(740864K)
[2124.499s][info ][gc,metaspace   ] GC(205) Metaspace: 85474K(86400K)->85474K(86400K) NonClass: 73464K(73984K)->73464K(73984K) Class: 12010K(12416K)->12010K(12416K)
[2124.499s][info ][gc             ] GC(205) Pause Young (Allocation Failure) 2569M->585M(2738M) 5.431ms
[2124.499s][info ][gc,cpu         ] GC(205) User=0.02s Sys=0.00s Real=0.00s
[2124.499s][info ][safepoint      ] Safepoint "ParallelGCFailedAllocation", Time since last: 3692740021 ns, Reaching safepoint: 33400 ns, At safepoint: 5535727 ns, Total: 5569127 ns
[2131.499s][info ][safepoint      ] Safepoint "Cleanup", Time since last: 7000469543 ns, Reaching safepoint: 49401 ns, At safepoint: 7400 ns, Total: 56801 ns
[2151.343s][info ][gc,start       ] GC(206) Pause Young (Allocation Failure)
[2151.347s][debug][gc,phases      ] GC(206) Scavenge 4.205ms
[2151.347s][debug][gc,ref         ] GC(206) Skipped phase 1 of Reference Processing: no references
[2151.347s][debug][gc,ref         ] GC(206) ReferenceProcessor::execute queues: 1, RefProcThreadModel::Single, marks_oops_alive: false
[2151.347s][debug][gc,ref         ] GC(206) Skipped phase 3 of Reference Processing: no references
[2151.347s][debug][gc,ref         ] GC(206) ReferenceProcessor::execute queues: 1, RefProcThreadModel::Single, marks_oops_alive: false
[2151.347s][debug][gc,phases      ] GC(206) Reference Processing 0.106ms
[2151.348s][debug][gc,phases      ] GC(206)   VM Weak                        Min:  0.0, Avg:  0.0, Max:  0.0, Diff:  0.0, Sum:  0.0, Workers: 4
[2151.348s][debug][gc,phases      ] GC(206)     Dead                           Min: 0, Avg:  0.0, Max: 0, Diff: 0, Sum: 0, Workers: 4
[2151.348s][debug][gc,phases      ] GC(206)     Total                          Min: 0, Avg: 187.8, Max: 512, Diff: 512, Sum: 751, Workers: 4
[2151.348s][debug][gc,phases      ] GC(206)   ObjectSynchronizer Weak        Min:  0.0, Avg:  0.0, Max:  0.0, Diff:  0.0, Sum:  0.0, Workers: 4
[2151.348s][debug][gc,phases      ] GC(206)     Dead                           Min: 0, Avg:  0.0, Max: 0, Diff: 0, Sum: 0, Workers: 4
[2151.348s][debug][gc,phases      ] GC(206)     Total                          Min: 0, Avg: 98.8, Max: 256, Diff: 256, Sum: 395, Workers: 4
[2151.348s][debug][gc,phases      ] GC(206)   JVMTI Tag Weak OopStorage      Min:  0.0, Avg:  0.0, Max:  0.0, Diff:  0.0, Sum:  0.0, Workers: 4
[2151.348s][debug][gc,phases      ] GC(206)     Dead                           Min: 0, Avg:  0.0, Max: 0, Diff: 0, Sum: 0, Workers: 4
[2151.348s][debug][gc,phases      ] GC(206)     Total                          Min: 0, Avg:  0.0, Max: 0, Diff: 0, Sum: 0, Workers: 4
[2151.348s][debug][gc,phases      ] GC(206)   StringTable Weak               Min:  0.1, Avg:  0.1, Max:  0.1, Diff:  0.0, Sum:  0.4, Workers: 4
[2151.348s][debug][gc,phases      ] GC(206)     Dead                           Min: 0, Avg:  0.0, Max: 0, Diff: 0, Sum: 0, Workers: 4
[2151.348s][debug][gc,phases      ] GC(206)     Total                          Min: 10964, Avg: 12245.0, Max: 13056, Diff: 2092, Sum: 48980, Workers: 4
[2151.348s][debug][gc,phases      ] GC(206)   ResolvedMethodTable Weak       Min:  0.0, Avg:  0.0, Max:  0.0, Diff:  0.0, Sum:  0.1, Workers: 4
[2151.348s][debug][gc,phases      ] GC(206)     Dead                           Min: 0, Avg:  0.0, Max: 0, Diff: 0, Sum: 0, Workers: 4
[2151.348s][debug][gc,phases      ] GC(206)     Total                          Min: 2048, Avg: 2230.8, Max: 2331, Diff: 283, Sum: 8923, Workers: 4
[2151.348s][debug][gc,phases      ] GC(206)   JNI Weak                       Min:  0.0, Avg:  0.0, Max:  0.0, Diff:  0.0, Sum:  0.0, Workers: 4
[2151.348s][debug][gc,phases      ] GC(206)     Dead                           Min: 0, Avg:  0.0, Max: 0, Diff: 0, Sum: 0, Workers: 4
[2151.348s][debug][gc,phases      ] GC(206)     Total                          Min: 0, Avg:  0.0, Max: 0, Diff: 0, Sum: 0, Workers: 4
[2151.348s][debug][gc,phases      ] GC(206)   StringDedup Table Weak         Min:  0.0, Avg:  0.0, Max:  0.0, Diff:  0.0, Sum:  0.0, Workers: 4
[2151.348s][debug][gc,phases      ] GC(206)     Dead                           Min: 0, Avg:  0.0, Max: 0, Diff: 0, Sum: 0, Workers: 4
[2151.348s][debug][gc,phases      ] GC(206)     Total                          Min: 0, Avg:  0.0, Max: 0, Diff: 0, Sum: 0, Workers: 4
[2151.348s][debug][gc,phases      ] GC(206)   StringDedup Requests0 Weak     Min:  0.0, Avg:  0.0, Max:  0.0, Diff:  0.0, Sum:  0.0, Workers: 4
[2151.348s][debug][gc,phases      ] GC(206)     Dead                           Min: 0, Avg:  0.0, Max: 0, Diff: 0, Sum: 0, Workers: 4
[2151.348s][debug][gc,phases      ] GC(206)     Total                          Min: 0, Avg:  0.0, Max: 0, Diff: 0, Sum: 0, Workers: 4
[2151.348s][debug][gc,phases      ] GC(206)   StringDedup Requests1 Weak     Min:  0.0, Avg:  0.0, Max:  0.0, Diff:  0.0, Sum:  0.0, Workers: 4
[2151.348s][debug][gc,phases      ] GC(206)     Dead                           Min: 0, Avg:  0.0, Max: 0, Diff: 0, Sum: 0, Workers: 4
[2151.348s][debug][gc,phases      ] GC(206)     Total                          Min: 0, Avg:  0.0, Max: 0, Diff: 0, Sum: 0, Workers: 4
[2151.348s][debug][gc,phases      ] GC(206)   Weak JFR Old Object Samples    Min:  0.0, Avg:  0.0, Max:  0.0, Diff:  0.0, Sum:  0.0, Workers: 4
[2151.348s][debug][gc,phases      ] GC(206)     Dead                           Min: 0, Avg:  0.0, Max: 0, Diff: 0, Sum: 0, Workers: 4
[2151.348s][debug][gc,phases      ] GC(206)     Total                          Min: 0, Avg:  0.0, Max: 0, Diff: 0, Sum: 0, Workers: 4
[2151.348s][debug][gc,phases      ] GC(206) Weak Processing 0.328ms
[2151.348s][debug][gc,age         ] GC(206) Desired survivor size 28311552 bytes, new threshold 15 (max threshold 15)
[2151.348s][info ][gc,heap        ] GC(206) PSYoungGen: 2036640K(2062848K)->5536K(2069504K) Eden: 2031104K(2031104K)->0K(2039808K) From: 5536K(31744K)->5536K(29696K)
[2151.348s][info ][gc,heap        ] GC(206) ParOldGen: 594116K(740864K)->594132K(740864K)
[2151.348s][info ][gc,metaspace   ] GC(206) Metaspace: 85474K(86400K)->85474K(86400K) NonClass: 73464K(73984K)->73464K(73984K) Class: 12010K(12416K)->12010K(12416K)
[2151.348s][info ][gc             ] GC(206) Pause Young (Allocation Failure) 2569M->585M(2744M) 4.768ms
[2151.348s][info ][gc,cpu         ] GC(206) User=0.01s Sys=0.01s Real=0.01s
[2151.348s][info ][safepoint      ] Safepoint "ParallelGCFailedAllocation", Time since last: 19843644943 ns, Reaching safepoint: 111802 ns, At safepoint: 4853612 ns, Total: 4965414 ns
[2178.243s][info ][gc,start       ] GC(207) Pause Young (Allocation Failure)
[2178.248s][debug][gc,phases      ] GC(207) Scavenge 4.756ms
[2178.248s][debug][gc,ref         ] GC(207) Skipped phase 1 of Reference Processing: no references
[2178.248s][debug][gc,ref         ] GC(207) ReferenceProcessor::execute queues: 1, RefProcThreadModel::Single, marks_oops_alive: false
[2178.248s][debug][gc,ref         ] GC(207) Skipped phase 3 of Reference Processing: no references
[2178.248s][debug][gc,ref         ] GC(207) ReferenceProcessor::execute queues: 1, RefProcThreadModel::Single, marks_oops_alive: false
[2178.248s][debug][gc,phases      ] GC(207) Reference Processing 0.102ms
[2178.248s][debug][gc,phases      ] GC(207)   VM Weak                        Min:  0.0, Avg:  0.0, Max:  0.0, Diff:  0.0, Sum:  0.0, Workers: 4
[2178.248s][debug][gc,phases      ] GC(207)     Dead                           Min: 0, Avg:  0.0, Max: 0, Diff: 0, Sum: 0, Workers: 4
[2178.248s][debug][gc,phases      ] GC(207)     Total                          Min: 0, Avg: 187.8, Max: 751, Diff: 751, Sum: 751, Workers: 4
[2178.248s][debug][gc,phases      ] GC(207)   ObjectSynchronizer Weak        Min:  0.0, Avg:  0.0, Max:  0.0, Diff:  0.0, Sum:  0.0, Workers: 4
[2178.248s][debug][gc,phases      ] GC(207)     Dead                           Min: 0, Avg:  0.0, Max: 0, Diff: 0, Sum: 0, Workers: 4
[2178.248s][debug][gc,phases      ] GC(207)     Total                          Min: 0, Avg: 98.8, Max: 139, Diff: 139, Sum: 395, Workers: 4
[2178.248s][debug][gc,phases      ] GC(207)   JVMTI Tag Weak OopStorage      Min:  0.0, Avg:  0.0, Max:  0.0, Diff:  0.0, Sum:  0.0, Workers: 4
[2178.248s][debug][gc,phases      ] GC(207)     Dead                           Min: 0, Avg:  0.0, Max: 0, Diff: 0, Sum: 0, Workers: 4
[2178.248s][debug][gc,phases      ] GC(207)     Total                          Min: 0, Avg:  0.0, Max: 0, Diff: 0, Sum: 0, Workers: 4
[2178.248s][debug][gc,phases      ] GC(207)   StringTable Weak               Min:  0.1, Avg:  0.1, Max:  0.1, Diff:  0.0, Sum:  0.4, Workers: 4
[2178.248s][debug][gc,phases      ] GC(207)     Dead                           Min: 0, Avg:  0.0, Max: 0, Diff: 0, Sum: 0, Workers: 4
[2178.248s][debug][gc,phases      ] GC(207)     Total                          Min: 11776, Avg: 12245.0, Max: 12928, Diff: 1152, Sum: 48980, Workers: 4
[2178.248s][debug][gc,phases      ] GC(207)   ResolvedMethodTable Weak       Min:  0.0, Avg:  0.0, Max:  0.0, Diff:  0.0, Sum:  0.1, Workers: 4
[2178.248s][debug][gc,phases      ] GC(207)     Dead                           Min: 0, Avg:  0.0, Max: 0, Diff: 0, Sum: 0, Workers: 4
[2178.248s][debug][gc,phases      ] GC(207)     Total                          Min: 2048, Avg: 2230.8, Max: 2331, Diff: 283, Sum: 8923, Workers: 4
[2178.248s][debug][gc,phases      ] GC(207)   JNI Weak                       Min:  0.0, Avg:  0.0, Max:  0.0, Diff:  0.0, Sum:  0.0, Workers: 4
[2178.248s][debug][gc,phases      ] GC(207)     Dead                           Min: 0, Avg:  0.0, Max: 0, Diff: 0, Sum: 0, Workers: 4
[2178.248s][debug][gc,phases      ] GC(207)     Total                          Min: 0, Avg:  0.0, Max: 0, Diff: 0, Sum: 0, Workers: 4
[2178.248s][debug][gc,phases      ] GC(207)   StringDedup Table Weak         Min:  0.0, Avg:  0.0, Max:  0.0, Diff:  0.0, Sum:  0.0, Workers: 4
[2178.248s][debug][gc,phases      ] GC(207)     Dead                           Min: 0, Avg:  0.0, Max: 0, Diff: 0, Sum: 0, Workers: 4
[2178.248s][debug][gc,phases      ] GC(207)     Total                          Min: 0, Avg:  0.0, Max: 0, Diff: 0, Sum: 0, Workers: 4
[2178.248s][debug][gc,phases      ] GC(207)   StringDedup Requests0 Weak     Min:  0.0, Avg:  0.0, Max:  0.0, Diff:  0.0, Sum:  0.0, Workers: 4
[2178.248s][debug][gc,phases      ] GC(207)     Dead                           Min: 0, Avg:  0.0, Max: 0, Diff: 0, Sum: 0, Workers: 4
[2178.248s][debug][gc,phases      ] GC(207)     Total                          Min: 0, Avg:  0.0, Max: 0, Diff: 0, Sum: 0, Workers: 4
[2178.248s][debug][gc,phases      ] GC(207)   StringDedup Requests1 Weak     Min:  0.0, Avg:  0.0, Max:  0.0, Diff:  0.0, Sum:  0.0, Workers: 4
[2178.248s][debug][gc,phases      ] GC(207)     Dead                           Min: 0, Avg:  0.0, Max: 0, Diff: 0, Sum: 0, Workers: 4
[2178.248s][debug][gc,phases      ] GC(207)     Total                          Min: 0, Avg:  0.0, Max: 0, Diff: 0, Sum: 0, Workers: 4
[2178.248s][debug][gc,phases      ] GC(207)   Weak JFR Old Object Samples    Min:  0.0, Avg:  0.0, Max:  0.0, Diff:  0.0, Sum:  0.0, Workers: 4
[2178.248s][debug][gc,phases      ] GC(207)     Dead                           Min: 0, Avg:  0.0, Max: 0, Diff: 0, Sum: 0, Workers: 4
[2178.248s][debug][gc,phases      ] GC(207)     Total                          Min: 0, Avg:  0.0, Max: 0, Diff: 0, Sum: 0, Workers: 4
[2178.248s][debug][gc,phases      ] GC(207) Weak Processing 0.316ms
[2178.248s][debug][gc,age         ] GC(207) Desired survivor size 26738688 bytes, new threshold 15 (max threshold 15)
[2178.248s][info ][gc,heap        ] GC(207) PSYoungGen: 2045344K(2069504K)->5536K(2067456K) Eden: 2039808K(2039808K)->0K(2039808K) From: 5536K(29696K)->5536K(27648K)
[2178.248s][info ][gc,heap        ] GC(207) ParOldGen: 594132K(740864K)->594156K(740864K)
[2178.248s][info ][gc,metaspace   ] GC(207) Metaspace: 85474K(86400K)->85474K(86400K) NonClass: 73464K(73984K)->73464K(73984K) Class: 12010K(12416K)->12010K(12416K)
[2178.248s][info ][gc             ] GC(207) Pause Young (Allocation Failure) 2577M->585M(2742M) 5.328ms
[2178.248s][info ][gc,cpu         ] GC(207) User=0.01s Sys=0.00s Real=0.01s
[2178.248s][info ][safepoint      ] Safepoint "ParallelGCFailedAllocation", Time since last: 26894746082 ns, Reaching safepoint: 47501 ns, At safepoint: 5412424 ns, Total: 5459925 ns
[2196.249s][info ][safepoint      ] Safepoint "Cleanup", Time since last: 18001115907 ns, Reaching safepoint: 47801 ns, At safepoint: 2400 ns, Total: 50201 ns
[2198.945s][info ][safepoint      ] Safepoint "Cleanup", Time since last: 2695424741 ns, Reaching safepoint: 132203 ns, At safepoint: 7700 ns, Total: 139903 ns
[2204.951s][info ][gc,start       ] GC(208) Pause Young (Allocation Failure)
[2204.956s][debug][gc,phases      ] GC(208) Scavenge 4.662ms
[2204.956s][debug][gc,ref         ] GC(208) Skipped phase 1 of Reference Processing: no references
[2204.956s][debug][gc,ref         ] GC(208) ReferenceProcessor::execute queues: 1, RefProcThreadModel::Single, marks_oops_alive: false
[2204.956s][debug][gc,ref         ] GC(208) Skipped phase 3 of Reference Processing: no references
[2204.956s][debug][gc,ref         ] GC(208) ReferenceProcessor::execute queues: 1, RefProcThreadModel::Single, marks_oops_alive: false
[2204.956s][debug][gc,phases      ] GC(208) Reference Processing 0.119ms
[2204.956s][debug][gc,phases      ] GC(208)   VM Weak                        Min:  0.0, Avg:  0.0, Max:  0.0, Diff:  0.0, Sum:  0.0, Workers: 4
[2204.956s][debug][gc,phases      ] GC(208)     Dead                           Min: 0, Avg:  0.0, Max: 0, Diff: 0, Sum: 0, Workers: 4
[2204.956s][debug][gc,phases      ] GC(208)     Total                          Min: 0, Avg: 187.8, Max: 751, Diff: 751, Sum: 751, Workers: 4
[2204.956s][debug][gc,phases      ] GC(208)   ObjectSynchronizer Weak        Min:  0.0, Avg:  0.0, Max:  0.0, Diff:  0.0, Sum:  0.0, Workers: 4
[2204.956s][debug][gc,phases      ] GC(208)     Dead                           Min: 0, Avg:  0.0, Max: 0, Diff: 0, Sum: 0, Workers: 4
[2204.956s][debug][gc,phases      ] GC(208)     Total                          Min: 0, Avg: 98.8, Max: 395, Diff: 395, Sum: 395, Workers: 4
[2204.956s][debug][gc,phases      ] GC(208)   JVMTI Tag Weak OopStorage      Min:  0.0, Avg:  0.0, Max:  0.0, Diff:  0.0, Sum:  0.0, Workers: 4
[2204.956s][debug][gc,phases      ] GC(208)     Dead                           Min: 0, Avg:  0.0, Max: 0, Diff: 0, Sum: 0, Workers: 4
[2204.956s][debug][gc,phases      ] GC(208)     Total                          Min: 0, Avg:  0.0, Max: 0, Diff: 0, Sum: 0, Workers: 4
[2204.956s][debug][gc,phases      ] GC(208)   StringTable Weak               Min:  0.1, Avg:  0.1, Max:  0.1, Diff:  0.0, Sum:  0.4, Workers: 4
[2204.956s][debug][gc,phases      ] GC(208)     Dead                           Min: 0, Avg:  0.0, Max: 0, Diff: 0, Sum: 0, Workers: 4
[2204.956s][debug][gc,phases      ] GC(208)     Total                          Min: 11156, Avg: 12245.0, Max: 14272, Diff: 3116, Sum: 48980, Workers: 4
[2204.956s][debug][gc,phases      ] GC(208)   ResolvedMethodTable Weak       Min:  0.0, Avg:  0.0, Max:  0.0, Diff:  0.0, Sum:  0.1, Workers: 4
[2204.956s][debug][gc,phases      ] GC(208)     Dead                           Min: 0, Avg:  0.0, Max: 0, Diff: 0, Sum: 0, Workers: 4
[2204.956s][debug][gc,phases      ] GC(208)     Total                          Min: 2011, Avg: 2230.8, Max: 2496, Diff: 485, Sum: 8923, Workers: 4
[2204.956s][debug][gc,phases      ] GC(208)   JNI Weak                       Min:  0.0, Avg:  0.0, Max:  0.0, Diff:  0.0, Sum:  0.0, Workers: 4
[2204.956s][debug][gc,phases      ] GC(208)     Dead                           Min: 0, Avg:  0.0, Max: 0, Diff: 0, Sum: 0, Workers: 4
[2204.956s][debug][gc,phases      ] GC(208)     Total                          Min: 0, Avg:  0.0, Max: 0, Diff: 0, Sum: 0, Workers: 4
[2204.956s][debug][gc,phases      ] GC(208)   StringDedup Table Weak         Min:  0.0, Avg:  0.0, Max:  0.0, Diff:  0.0, Sum:  0.0, Workers: 4
[2204.956s][debug][gc,phases      ] GC(208)     Dead                           Min: 0, Avg:  0.0, Max: 0, Diff: 0, Sum: 0, Workers: 4
[2204.956s][debug][gc,phases      ] GC(208)     Total                          Min: 0, Avg:  0.0, Max: 0, Diff: 0, Sum: 0, Workers: 4
[2204.956s][debug][gc,phases      ] GC(208)   StringDedup Requests0 Weak     Min:  0.0, Avg:  0.0, Max:  0.0, Diff:  0.0, Sum:  0.0, Workers: 4
[2204.956s][debug][gc,phases      ] GC(208)     Dead                           Min: 0, Avg:  0.0, Max: 0, Diff: 0, Sum: 0, Workers: 4
[2204.956s][debug][gc,phases      ] GC(208)     Total                          Min: 0, Avg:  0.0, Max: 0, Diff: 0, Sum: 0, Workers: 4
[2204.956s][debug][gc,phases      ] GC(208)   StringDedup Requests1 Weak     Min:  0.0, Avg:  0.0, Max:  0.0, Diff:  0.0, Sum:  0.0, Workers: 4
[2204.956s][debug][gc,phases      ] GC(208)     Dead                           Min: 0, Avg:  0.0, Max: 0, Diff: 0, Sum: 0, Workers: 4
[2204.956s][debug][gc,phases      ] GC(208)     Total                          Min: 0, Avg:  0.0, Max: 0, Diff: 0, Sum: 0, Workers: 4
[2204.956s][debug][gc,phases      ] GC(208)   Weak JFR Old Object Samples    Min:  0.0, Avg:  0.0, Max:  0.0, Diff:  0.0, Sum:  0.0, Workers: 4
[2204.956s][debug][gc,phases      ] GC(208)     Dead                           Min: 0, Avg:  0.0, Max: 0, Diff: 0, Sum: 0, Workers: 4
[2204.956s][debug][gc,phases      ] GC(208)     Total                          Min: 0, Avg:  0.0, Max: 0, Diff: 0, Sum: 0, Workers: 4
[2204.956s][debug][gc,phases      ] GC(208) Weak Processing 0.327ms
[2204.956s][debug][gc,age         ] GC(208) Desired survivor size 24641536 bytes, new threshold 15 (max threshold 15)
[2204.956s][info ][gc,heap        ] GC(208) PSYoungGen: 2045344K(2067456K)->5472K(2073088K) Eden: 2039808K(2039808K)->0K(2046976K) From: 5536K(27648K)->5472K(26112K)
[2204.956s][info ][gc,heap        ] GC(208) ParOldGen: 594156K(740864K)->594172K(740864K)
[2204.956s][info ][gc,metaspace   ] GC(208) Metaspace: 85474K(86400K)->85474K(86400K) NonClass: 73464K(73984K)->73464K(73984K) Class: 12010K(12416K)->12010K(12416K)
[2204.956s][info ][gc             ] GC(208) Pause Young (Allocation Failure) 2577M->585M(2748M) 5.254ms
[2204.956s][info ][gc,cpu         ] GC(208) User=0.01s Sys=0.00s Real=0.01s
[2204.956s][info ][safepoint      ] Safepoint "ParallelGCFailedAllocation", Time since last: 6005988192 ns, Reaching safepoint: 30201 ns, At safepoint: 5334223 ns, Total: 5364424 ns
[2221.957s][info ][safepoint      ] Safepoint "Cleanup", Time since last: 17001230232 ns, Reaching safepoint: 54001 ns, At safepoint: 34001 ns, Total: 88002 ns
[2233.143s][info ][gc,start       ] GC(209) Pause Young (Allocation Failure)
[2233.147s][debug][gc,phases      ] GC(209) Scavenge 4.234ms
[2233.147s][debug][gc,ref         ] GC(209) Skipped phase 1 of Reference Processing: no references
[2233.147s][debug][gc,ref         ] GC(209) ReferenceProcessor::execute queues: 1, RefProcThreadModel::Single, marks_oops_alive: false
[2233.147s][debug][gc,ref         ] GC(209) Skipped phase 3 of Reference Processing: no references
[2233.147s][debug][gc,ref         ] GC(209) ReferenceProcessor::execute queues: 1, RefProcThreadModel::Single, marks_oops_alive: false
[2233.147s][debug][gc,phases      ] GC(209) Reference Processing 0.105ms
[2233.148s][debug][gc,phases      ] GC(209)   VM Weak                        Min:  0.0, Avg:  0.0, Max:  0.0, Diff:  0.0, Sum:  0.0, Workers: 4
[2233.148s][debug][gc,phases      ] GC(209)     Dead                           Min: 0, Avg:  0.0, Max: 0, Diff: 0, Sum: 0, Workers: 4
[2233.148s][debug][gc,phases      ] GC(209)     Total                          Min: 0, Avg: 187.8, Max: 640, Diff: 640, Sum: 751, Workers: 4
[2233.148s][debug][gc,phases      ] GC(209)   ObjectSynchronizer Weak        Min:  0.0, Avg:  0.0, Max:  0.0, Diff:  0.0, Sum:  0.0, Workers: 4
[2233.148s][debug][gc,phases      ] GC(209)     Dead                           Min: 0, Avg:  0.0, Max: 0, Diff: 0, Sum: 0, Workers: 4
[2233.148s][debug][gc,phases      ] GC(209)     Total                          Min: 0, Avg: 98.8, Max: 139, Diff: 139, Sum: 395, Workers: 4
[2233.148s][debug][gc,phases      ] GC(209)   JVMTI Tag Weak OopStorage      Min:  0.0, Avg:  0.0, Max:  0.0, Diff:  0.0, Sum:  0.0, Workers: 4
[2233.148s][debug][gc,phases      ] GC(209)     Dead                           Min: 0, Avg:  0.0, Max: 0, Diff: 0, Sum: 0, Workers: 4
[2233.148s][debug][gc,phases      ] GC(209)     Total                          Min: 0, Avg:  0.0, Max: 0, Diff: 0, Sum: 0, Workers: 4
[2233.148s][debug][gc,phases      ] GC(209)   StringTable Weak               Min:  0.1, Avg:  0.1, Max:  0.1, Diff:  0.0, Sum:  0.5, Workers: 4
[2233.148s][debug][gc,phases      ] GC(209)     Dead                           Min: 0, Avg:  0.0, Max: 0, Diff: 0, Sum: 0, Workers: 4
[2233.148s][debug][gc,phases      ] GC(209)     Total                          Min: 11200, Avg: 12246.5, Max: 13312, Diff: 2112, Sum: 48986, Workers: 4
[2233.148s][debug][gc,phases      ] GC(209)   ResolvedMethodTable Weak       Min:  0.0, Avg:  0.0, Max:  0.0, Diff:  0.0, Sum:  0.1, Workers: 4
[2233.148s][debug][gc,phases      ] GC(209)     Dead                           Min: 0, Avg:  0.0, Max: 0, Diff: 0, Sum: 0, Workers: 4
[2233.148s][debug][gc,phases      ] GC(209)     Total                          Min: 1920, Avg: 2230.8, Max: 2496, Diff: 576, Sum: 8923, Workers: 4
[2233.148s][debug][gc,phases      ] GC(209)   JNI Weak                       Min:  0.0, Avg:  0.0, Max:  0.0, Diff:  0.0, Sum:  0.0, Workers: 4
[2233.148s][debug][gc,phases      ] GC(209)     Dead                           Min: 0, Avg:  0.0, Max: 0, Diff: 0, Sum: 0, Workers: 4
[2233.148s][debug][gc,phases      ] GC(209)     Total                          Min: 0, Avg:  0.0, Max: 0, Diff: 0, Sum: 0, Workers: 4
[2233.148s][debug][gc,phases      ] GC(209)   StringDedup Table Weak         Min:  0.0, Avg:  0.0, Max:  0.0, Diff:  0.0, Sum:  0.0, Workers: 4
[2233.148s][debug][gc,phases      ] GC(209)     Dead                           Min: 0, Avg:  0.0, Max: 0, Diff: 0, Sum: 0, Workers: 4
[2233.148s][debug][gc,phases      ] GC(209)     Total                          Min: 0, Avg:  0.0, Max: 0, Diff: 0, Sum: 0, Workers: 4
[2233.148s][debug][gc,phases      ] GC(209)   StringDedup Requests0 Weak     Min:  0.0, Avg:  0.0, Max:  0.0, Diff:  0.0, Sum:  0.0, Workers: 4
[2233.148s][debug][gc,phases      ] GC(209)     Dead                           Min: 0, Avg:  0.0, Max: 0, Diff: 0, Sum: 0, Workers: 4
[2233.148s][debug][gc,phases      ] GC(209)     Total                          Min: 0, Avg:  0.0, Max: 0, Diff: 0, Sum: 0, Workers: 4
[2233.148s][debug][gc,phases      ] GC(209)   StringDedup Requests1 Weak     Min:  0.0, Avg:  0.0, Max:  0.0, Diff:  0.0, Sum:  0.0, Workers: 4
[2233.148s][debug][gc,phases      ] GC(209)     Dead                           Min: 0, Avg:  0.0, Max: 0, Diff: 0, Sum: 0, Workers: 4
[2233.148s][debug][gc,phases      ] GC(209)     Total                          Min: 0, Avg:  0.0, Max: 0, Diff: 0, Sum: 0, Workers: 4
[2233.148s][debug][gc,phases      ] GC(209)   Weak JFR Old Object Samples    Min:  0.0, Avg:  0.0, Max:  0.0, Diff:  0.0, Sum:  0.0, Workers: 4
[2233.148s][debug][gc,phases      ] GC(209)     Dead                           Min: 0, Avg:  0.0, Max: 0, Diff: 0, Sum: 0, Workers: 4
[2233.148s][debug][gc,phases      ] GC(209)     Total                          Min: 0, Avg:  0.0, Max: 0, Diff: 0, Sum: 0, Workers: 4
[2233.148s][debug][gc,phases      ] GC(209) Weak Processing 0.348ms
[2233.148s][debug][gc,age         ] GC(209) Desired survivor size 23068672 bytes, new threshold 15 (max threshold 15)
[2233.148s][info ][gc,heap        ] GC(209) PSYoungGen: 2052448K(2073088K)->5472K(2071040K) Eden: 2046976K(2046976K)->0K(2046976K) From: 5472K(26112K)->5472K(24064K)
[2233.148s][info ][gc,heap        ] GC(209) ParOldGen: 594172K(740864K)->594204K(740864K)
[2233.148s][info ][gc,metaspace   ] GC(209) Metaspace: 85474K(86400K)->85474K(86400K) NonClass: 73464K(73984K)->73464K(73984K) Class: 12010K(12416K)->12010K(12416K)
[2233.148s][info ][gc             ] GC(209) Pause Young (Allocation Failure) 2584M->585M(2746M) 4.811ms
[2233.148s][info ][gc,cpu         ] GC(209) User=0.02s Sys=0.00s Real=0.01s
[2233.148s][info ][safepoint      ] Safepoint "ParallelGCFailedAllocation", Time since last: 11185330713 ns, Reaching safepoint: 103002 ns, At safepoint: 4893413 ns, Total: 4996415 ns
[2261.443s][info ][gc,start       ] GC(210) Pause Young (Allocation Failure)
[2261.447s][debug][gc,phases      ] GC(210) Scavenge 4.176ms
[2261.447s][debug][gc,ref         ] GC(210) Skipped phase 1 of Reference Processing: no references
[2261.447s][debug][gc,ref         ] GC(210) ReferenceProcessor::execute queues: 1, RefProcThreadModel::Single, marks_oops_alive: false
[2261.447s][debug][gc,ref         ] GC(210) Skipped phase 3 of Reference Processing: no references
[2261.447s][debug][gc,ref         ] GC(210) ReferenceProcessor::execute queues: 1, RefProcThreadModel::Single, marks_oops_alive: false
[2261.447s][debug][gc,phases      ] GC(210) Reference Processing 0.126ms
[2261.448s][debug][gc,phases      ] GC(210)   VM Weak                        Min:  0.0, Avg:  0.0, Max:  0.0, Diff:  0.0, Sum:  0.0, Workers: 4
[2261.448s][debug][gc,phases      ] GC(210)     Dead                           Min: 0, Avg:  0.0, Max: 0, Diff: 0, Sum: 0, Workers: 4
[2261.448s][debug][gc,phases      ] GC(210)     Total                          Min: 0, Avg: 187.8, Max: 320, Diff: 320, Sum: 751, Workers: 4
[2261.448s][debug][gc,phases      ] GC(210)   ObjectSynchronizer Weak        Min:  0.0, Avg:  0.0, Max:  0.0, Diff:  0.0, Sum:  0.0, Workers: 4
[2261.448s][debug][gc,phases      ] GC(210)     Dead                           Min: 0, Avg:  0.0, Max: 0, Diff: 0, Sum: 0, Workers: 4
[2261.448s][debug][gc,phases      ] GC(210)     Total                          Min: 64, Avg: 98.8, Max: 128, Diff: 64, Sum: 395, Workers: 4
[2261.448s][debug][gc,phases      ] GC(210)   JVMTI Tag Weak OopStorage      Min:  0.0, Avg:  0.0, Max:  0.0, Diff:  0.0, Sum:  0.0, Workers: 4
[2261.448s][debug][gc,phases      ] GC(210)     Dead                           Min: 0, Avg:  0.0, Max: 0, Diff: 0, Sum: 0, Workers: 4
[2261.448s][debug][gc,phases      ] GC(210)     Total                          Min: 0, Avg:  0.0, Max: 0, Diff: 0, Sum: 0, Workers: 4
[2261.448s][debug][gc,phases      ] GC(210)   StringTable Weak               Min:  0.1, Avg:  0.1, Max:  0.1, Diff:  0.0, Sum:  0.5, Workers: 4
[2261.448s][debug][gc,phases      ] GC(210)     Dead                           Min: 0, Avg:  0.0, Max: 0, Diff: 0, Sum: 0, Workers: 4
[2261.448s][debug][gc,phases      ] GC(210)     Total                          Min: 10944, Avg: 12246.5, Max: 13210, Diff: 2266, Sum: 48986, Workers: 4
[2261.448s][debug][gc,phases      ] GC(210)   ResolvedMethodTable Weak       Min:  0.0, Avg:  0.0, Max:  0.0, Diff:  0.0, Sum:  0.1, Workers: 4
[2261.448s][debug][gc,phases      ] GC(210)     Dead                           Min: 0, Avg:  0.0, Max: 0, Diff: 0, Sum: 0, Workers: 4
[2261.448s][debug][gc,phases      ] GC(210)     Total                          Min: 1947, Avg: 2230.8, Max: 2880, Diff: 933, Sum: 8923, Workers: 4
[2261.448s][debug][gc,phases      ] GC(210)   JNI Weak                       Min:  0.0, Avg:  0.0, Max:  0.0, Diff:  0.0, Sum:  0.0, Workers: 4
[2261.448s][debug][gc,phases      ] GC(210)     Dead                           Min: 0, Avg:  0.0, Max: 0, Diff: 0, Sum: 0, Workers: 4
[2261.448s][debug][gc,phases      ] GC(210)     Total                          Min: 0, Avg:  0.0, Max: 0, Diff: 0, Sum: 0, Workers: 4
[2261.448s][debug][gc,phases      ] GC(210)   StringDedup Table Weak         Min:  0.0, Avg:  0.0, Max:  0.0, Diff:  0.0, Sum:  0.0, Workers: 4
[2261.448s][debug][gc,phases      ] GC(210)     Dead                           Min: 0, Avg:  0.0, Max: 0, Diff: 0, Sum: 0, Workers: 4
[2261.448s][debug][gc,phases      ] GC(210)     Total                          Min: 0, Avg:  0.0, Max: 0, Diff: 0, Sum: 0, Workers: 4
[2261.448s][debug][gc,phases      ] GC(210)   StringDedup Requests0 Weak     Min:  0.0, Avg:  0.0, Max:  0.0, Diff:  0.0, Sum:  0.0, Workers: 4
[2261.448s][debug][gc,phases      ] GC(210)     Dead                           Min: 0, Avg:  0.0, Max: 0, Diff: 0, Sum: 0, Workers: 4
[2261.448s][debug][gc,phases      ] GC(210)     Total                          Min: 0, Avg:  0.0, Max: 0, Diff: 0, Sum: 0, Workers: 4
[2261.448s][debug][gc,phases      ] GC(210)   StringDedup Requests1 Weak     Min:  0.0, Avg:  0.0, Max:  0.0, Diff:  0.0, Sum:  0.0, Workers: 4
[2261.448s][debug][gc,phases      ] GC(210)     Dead                           Min: 0, Avg:  0.0, Max: 0, Diff: 0, Sum: 0, Workers: 4
[2261.448s][debug][gc,phases      ] GC(210)     Total                          Min: 0, Avg:  0.0, Max: 0, Diff: 0, Sum: 0, Workers: 4
[2261.448s][debug][gc,phases      ] GC(210)   Weak JFR Old Object Samples    Min:  0.0, Avg:  0.0, Max:  0.0, Diff:  0.0, Sum:  0.0, Workers: 4
[2261.448s][debug][gc,phases      ] GC(210)     Dead                           Min: 0, Avg:  0.0, Max: 0, Diff: 0, Sum: 0, Workers: 4
[2261.448s][debug][gc,phases      ] GC(210)     Total                          Min: 0, Avg:  0.0, Max: 0, Diff: 0, Sum: 0, Workers: 4
[2261.448s][debug][gc,phases      ] GC(210) Weak Processing 0.341ms
[2261.448s][debug][gc,age         ] GC(210) Desired survivor size 22020096 bytes, new threshold 15 (max threshold 15)
[2261.448s][info ][gc,heap        ] GC(210) PSYoungGen: 2052448K(2071040K)->5472K(2075648K) Eden: 2046976K(2046976K)->0K(2053120K) From: 5472K(24064K)->5472K(22528K)
[2261.448s][info ][gc,heap        ] GC(210) ParOldGen: 594204K(740864K)->594236K(740864K)
[2261.448s][info ][gc,metaspace   ] GC(210) Metaspace: 85479K(86400K)->85479K(86400K) NonClass: 73468K(73984K)->73468K(73984K) Class: 12010K(12416K)->12010K(12416K)
[2261.448s][info ][gc             ] GC(210) Pause Young (Allocation Failure) 2584M->585M(2750M) 4.768ms
[2261.448s][info ][gc,cpu         ] GC(210) User=0.02s Sys=0.00s Real=0.01s
[2261.448s][info ][safepoint      ] Safepoint "ParallelGCFailedAllocation", Time since last: 28295101935 ns, Reaching safepoint: 28700 ns, At safepoint: 4837912 ns, Total: 4866612 ns
[2289.793s][info ][gc,start       ] GC(211) Pause Young (Allocation Failure)
[2289.797s][debug][gc,phases      ] GC(211) Scavenge 3.857ms
[2289.797s][debug][gc,ref         ] GC(211) Skipped phase 1 of Reference Processing: no references
[2289.797s][debug][gc,ref         ] GC(211) ReferenceProcessor::execute queues: 1, RefProcThreadModel::Single, marks_oops_alive: false
[2289.797s][debug][gc,ref         ] GC(211) Skipped phase 3 of Reference Processing: no references
[2289.797s][debug][gc,ref         ] GC(211) ReferenceProcessor::execute queues: 1, RefProcThreadModel::Single, marks_oops_alive: false
[2289.797s][debug][gc,phases      ] GC(211) Reference Processing 0.117ms
[2289.797s][debug][gc,phases      ] GC(211)   VM Weak                        Min:  0.0, Avg:  0.0, Max:  0.0, Diff:  0.0, Sum:  0.0, Workers: 4
[2289.797s][debug][gc,phases      ] GC(211)     Dead                           Min: 0, Avg:  0.0, Max: 0, Diff: 0, Sum: 0, Workers: 4
[2289.797s][debug][gc,phases      ] GC(211)     Total                          Min: 0, Avg: 187.8, Max: 512, Diff: 512, Sum: 751, Workers: 4
[2289.797s][debug][gc,phases      ] GC(211)   ObjectSynchronizer Weak        Min:  0.0, Avg:  0.0, Max:  0.0, Diff:  0.0, Sum:  0.0, Workers: 4
[2289.797s][debug][gc,phases      ] GC(211)     Dead                           Min: 0, Avg:  0.0, Max: 0, Diff: 0, Sum: 0, Workers: 4
[2289.797s][debug][gc,phases      ] GC(211)     Total                          Min: 0, Avg: 98.8, Max: 203, Diff: 203, Sum: 395, Workers: 4
[2289.797s][debug][gc,phases      ] GC(211)   JVMTI Tag Weak OopStorage      Min:  0.0, Avg:  0.0, Max:  0.0, Diff:  0.0, Sum:  0.0, Workers: 4
[2289.797s][debug][gc,phases      ] GC(211)     Dead                           Min: 0, Avg:  0.0, Max: 0, Diff: 0, Sum: 0, Workers: 4
[2289.797s][debug][gc,phases      ] GC(211)     Total                          Min: 0, Avg:  0.0, Max: 0, Diff: 0, Sum: 0, Workers: 4
[2289.797s][debug][gc,phases      ] GC(211)   StringTable Weak               Min:  0.1, Avg:  0.1, Max:  0.1, Diff:  0.0, Sum:  0.4, Workers: 4
[2289.797s][debug][gc,phases      ] GC(211)     Dead                           Min: 0, Avg:  0.0, Max: 0, Diff: 0, Sum: 0, Workers: 4
[2289.797s][debug][gc,phases      ] GC(211)     Total                          Min: 11162, Avg: 12246.5, Max: 14400, Diff: 3238, Sum: 48986, Workers: 4
[2289.797s][debug][gc,phases      ] GC(211)   ResolvedMethodTable Weak       Min:  0.0, Avg:  0.0, Max:  0.0, Diff:  0.0, Sum:  0.1, Workers: 4
[2289.797s][debug][gc,phases      ] GC(211)     Dead                           Min: 0, Avg:  0.0, Max: 0, Diff: 0, Sum: 0, Workers: 4
[2289.797s][debug][gc,phases      ] GC(211)     Total                          Min: 2112, Avg: 2230.8, Max: 2560, Diff: 448, Sum: 8923, Workers: 4
[2289.797s][debug][gc,phases      ] GC(211)   JNI Weak                       Min:  0.0, Avg:  0.0, Max:  0.0, Diff:  0.0, Sum:  0.0, Workers: 4
[2289.797s][debug][gc,phases      ] GC(211)     Dead                           Min: 0, Avg:  0.0, Max: 0, Diff: 0, Sum: 0, Workers: 4
[2289.797s][debug][gc,phases      ] GC(211)     Total                          Min: 0, Avg:  0.0, Max: 0, Diff: 0, Sum: 0, Workers: 4
[2289.797s][debug][gc,phases      ] GC(211)   StringDedup Table Weak         Min:  0.0, Avg:  0.0, Max:  0.0, Diff:  0.0, Sum:  0.0, Workers: 4
[2289.797s][debug][gc,phases      ] GC(211)     Dead                           Min: 0, Avg:  0.0, Max: 0, Diff: 0, Sum: 0, Workers: 4
[2289.797s][debug][gc,phases      ] GC(211)     Total                          Min: 0, Avg:  0.0, Max: 0, Diff: 0, Sum: 0, Workers: 4
[2289.797s][debug][gc,phases      ] GC(211)   StringDedup Requests0 Weak     Min:  0.0, Avg:  0.0, Max:  0.0, Diff:  0.0, Sum:  0.0, Workers: 4
[2289.797s][debug][gc,phases      ] GC(211)     Dead                           Min: 0, Avg:  0.0, Max: 0, Diff: 0, Sum: 0, Workers: 4
[2289.797s][debug][gc,phases      ] GC(211)     Total                          Min: 0, Avg:  0.0, Max: 0, Diff: 0, Sum: 0, Workers: 4
[2289.797s][debug][gc,phases      ] GC(211)   StringDedup Requests1 Weak     Min:  0.0, Avg:  0.0, Max:  0.0, Diff:  0.0, Sum:  0.0, Workers: 4
[2289.797s][debug][gc,phases      ] GC(211)     Dead                           Min: 0, Avg:  0.0, Max: 0, Diff: 0, Sum: 0, Workers: 4
[2289.797s][debug][gc,phases      ] GC(211)     Total                          Min: 0, Avg:  0.0, Max: 0, Diff: 0, Sum: 0, Workers: 4
[2289.797s][debug][gc,phases      ] GC(211)   Weak JFR Old Object Samples    Min:  0.0, Avg:  0.0, Max:  0.0, Diff:  0.0, Sum:  0.0, Workers: 4
[2289.797s][debug][gc,phases      ] GC(211)     Dead                           Min: 0, Avg:  0.0, Max: 0, Diff: 0, Sum: 0, Workers: 4
[2289.797s][debug][gc,phases      ] GC(211)     Total                          Min: 0, Avg:  0.0, Max: 0, Diff: 0, Sum: 0, Workers: 4
[2289.797s][debug][gc,phases      ] GC(211) Weak Processing 0.314ms
[2289.797s][debug][gc,age         ] GC(211) Desired survivor size 20447232 bytes, new threshold 15 (max threshold 15)
[2289.797s][info ][gc,heap        ] GC(211) PSYoungGen: 2058592K(2075648K)->5472K(2074624K) Eden: 2053120K(2053120K)->0K(2053120K) From: 5472K(22528K)->5472K(21504K)
[2289.797s][info ][gc,heap        ] GC(211) ParOldGen: 594236K(740864K)->594244K(740864K)
[2289.797s][info ][gc,metaspace   ] GC(211) Metaspace: 85479K(86400K)->85479K(86400K) NonClass: 73469K(73984K)->73469K(73984K) Class: 12010K(12416K)->12010K(12416K)
[2289.797s][info ][gc             ] GC(211) Pause Young (Allocation Failure) 2590M->585M(2749M) 4.414ms
[2289.797s][info ][gc,cpu         ] GC(211) User=0.02s Sys=0.00s Real=0.00s
[2289.797s][info ][safepoint      ] Safepoint "ParallelGCFailedAllocation", Time since last: 28345053634 ns, Reaching safepoint: 102603 ns, At safepoint: 4499404 ns, Total: 4602007 ns
[2309.799s][info ][safepoint      ] Safepoint "Cleanup", Time since last: 20001244865 ns, Reaching safepoint: 45901 ns, At safepoint: 31601 ns, Total: 77502 ns
[2317.841s][info ][gc,start       ] GC(212) Pause Young (Allocation Failure)
[2317.845s][debug][gc,phases      ] GC(212) Scavenge 4.092ms
[2317.845s][debug][gc,ref         ] GC(212) Skipped phase 1 of Reference Processing: no references
[2317.845s][debug][gc,ref         ] GC(212) ReferenceProcessor::execute queues: 1, RefProcThreadModel::Single, marks_oops_alive: false
[2317.845s][debug][gc,ref         ] GC(212) Skipped phase 3 of Reference Processing: no references
[2317.845s][debug][gc,ref         ] GC(212) ReferenceProcessor::execute queues: 1, RefProcThreadModel::Single, marks_oops_alive: false
[2317.845s][debug][gc,phases      ] GC(212) Reference Processing 0.106ms
[2317.845s][debug][gc,phases      ] GC(212)   VM Weak                        Min:  0.0, Avg:  0.0, Max:  0.0, Diff:  0.0, Sum:  0.0, Workers: 4
[2317.845s][debug][gc,phases      ] GC(212)     Dead                           Min: 0, Avg:  0.0, Max: 0, Diff: 0, Sum: 0, Workers: 4
[2317.845s][debug][gc,phases      ] GC(212)     Total                          Min: 0, Avg: 187.8, Max: 448, Diff: 448, Sum: 751, Workers: 4
[2317.845s][debug][gc,phases      ] GC(212)   ObjectSynchronizer Weak        Min:  0.0, Avg:  0.0, Max:  0.0, Diff:  0.0, Sum:  0.0, Workers: 4
[2317.845s][debug][gc,phases      ] GC(212)     Dead                           Min: 0, Avg:  0.0, Max: 0, Diff: 0, Sum: 0, Workers: 4
[2317.845s][debug][gc,phases      ] GC(212)     Total                          Min: 0, Avg: 98.8, Max: 203, Diff: 203, Sum: 395, Workers: 4
[2317.845s][debug][gc,phases      ] GC(212)   JVMTI Tag Weak OopStorage      Min:  0.0, Avg:  0.0, Max:  0.0, Diff:  0.0, Sum:  0.0, Workers: 4
[2317.845s][debug][gc,phases      ] GC(212)     Dead                           Min: 0, Avg:  0.0, Max: 0, Diff: 0, Sum: 0, Workers: 4
[2317.845s][debug][gc,phases      ] GC(212)     Total                          Min: 0, Avg:  0.0, Max: 0, Diff: 0, Sum: 0, Workers: 4
[2317.845s][debug][gc,phases      ] GC(212)   StringTable Weak               Min:  0.1, Avg:  0.1, Max:  0.1, Diff:  0.0, Sum:  0.4, Workers: 4
[2317.845s][debug][gc,phases      ] GC(212)     Dead                           Min: 0, Avg:  0.0, Max: 0, Diff: 0, Sum: 0, Workers: 4
[2317.845s][debug][gc,phases      ] GC(212)     Total                          Min: 10624, Avg: 12246.5, Max: 13632, Diff: 3008, Sum: 48986, Workers: 4
[2317.845s][debug][gc,phases      ] GC(212)   ResolvedMethodTable Weak       Min:  0.0, Avg:  0.0, Max:  0.0, Diff:  0.0, Sum:  0.1, Workers: 4
[2317.845s][debug][gc,phases      ] GC(212)     Dead                           Min: 0, Avg:  0.0, Max: 0, Diff: 0, Sum: 0, Workers: 4
[2317.845s][debug][gc,phases      ] GC(212)     Total                          Min: 1792, Avg: 2230.8, Max: 2688, Diff: 896, Sum: 8923, Workers: 4
[2317.845s][debug][gc,phases      ] GC(212)   JNI Weak                       Min:  0.0, Avg:  0.0, Max:  0.0, Diff:  0.0, Sum:  0.0, Workers: 4
[2317.845s][debug][gc,phases      ] GC(212)     Dead                           Min: 0, Avg:  0.0, Max: 0, Diff: 0, Sum: 0, Workers: 4
[2317.845s][debug][gc,phases      ] GC(212)     Total                          Min: 0, Avg:  0.0, Max: 0, Diff: 0, Sum: 0, Workers: 4
[2317.845s][debug][gc,phases      ] GC(212)   StringDedup Table Weak         Min:  0.0, Avg:  0.0, Max:  0.0, Diff:  0.0, Sum:  0.0, Workers: 4
[2317.845s][debug][gc,phases      ] GC(212)     Dead                           Min: 0, Avg:  0.0, Max: 0, Diff: 0, Sum: 0, Workers: 4
[2317.845s][debug][gc,phases      ] GC(212)     Total                          Min: 0, Avg:  0.0, Max: 0, Diff: 0, Sum: 0, Workers: 4
[2317.845s][debug][gc,phases      ] GC(212)   StringDedup Requests0 Weak     Min:  0.0, Avg:  0.0, Max:  0.0, Diff:  0.0, Sum:  0.0, Workers: 4
[2317.845s][debug][gc,phases      ] GC(212)     Dead                           Min: 0, Avg:  0.0, Max: 0, Diff: 0, Sum: 0, Workers: 4
[2317.845s][debug][gc,phases      ] GC(212)     Total                          Min: 0, Avg:  0.0, Max: 0, Diff: 0, Sum: 0, Workers: 4
[2317.845s][debug][gc,phases      ] GC(212)   StringDedup Requests1 Weak     Min:  0.0, Avg:  0.0, Max:  0.0, Diff:  0.0, Sum:  0.0, Workers: 4
[2317.845s][debug][gc,phases      ] GC(212)     Dead                           Min: 0, Avg:  0.0, Max: 0, Diff: 0, Sum: 0, Workers: 4
[2317.845s][debug][gc,phases      ] GC(212)     Total                          Min: 0, Avg:  0.0, Max: 0, Diff: 0, Sum: 0, Workers: 4
[2317.845s][debug][gc,phases      ] GC(212)   Weak JFR Old Object Samples    Min:  0.0, Avg:  0.0, Max:  0.0, Diff:  0.0, Sum:  0.0, Workers: 4
[2317.845s][debug][gc,phases      ] GC(212)     Dead                           Min: 0, Avg:  0.0, Max: 0, Diff: 0, Sum: 0, Workers: 4
[2317.845s][debug][gc,phases      ] GC(212)     Total                          Min: 0, Avg:  0.0, Max: 0, Diff: 0, Sum: 0, Workers: 4
[2317.845s][debug][gc,phases      ] GC(212) Weak Processing 0.304ms
[2317.845s][debug][gc,age         ] GC(212) Desired survivor size 19398656 bytes, new threshold 15 (max threshold 15)
[2317.845s][info ][gc,heap        ] GC(212) PSYoungGen: 2058592K(2074624K)->5472K(2078208K) Eden: 2053120K(2053120K)->0K(2058240K) From: 5472K(21504K)->5472K(19968K)
[2317.845s][info ][gc,heap        ] GC(212) ParOldGen: 594244K(740864K)->594316K(740864K)
[2317.845s][info ][gc,metaspace   ] GC(212) Metaspace: 85480K(86400K)->85480K(86400K) NonClass: 73469K(73984K)->73469K(73984K) Class: 12010K(12416K)->12010K(12416K)
[2317.845s][info ][gc             ] GC(212) Pause Young (Allocation Failure) 2590M->585M(2753M) 4.627ms
[2317.845s][info ][gc,cpu         ] GC(212) User=0.02s Sys=0.00s Real=0.01s
[2317.845s][info ][safepoint      ] Safepoint "ParallelGCFailedAllocation", Time since last: 8041747477 ns, Reaching safepoint: 99402 ns, At safepoint: 4716209 ns, Total: 4815611 ns
[2321.846s][info ][safepoint      ] Safepoint "Cleanup", Time since last: 4000279982 ns, Reaching safepoint: 115003 ns, At safepoint: 5500 ns, Total: 120503 ns
[2334.954s][info ][safepoint      ] Safepoint "Cleanup", Time since last: 13107904986 ns, Reaching safepoint: 37601 ns, At safepoint: 4200 ns, Total: 41801 ns
[2336.954s][info ][safepoint      ] Safepoint "Cleanup", Time since last: 2000147367 ns, Reaching safepoint: 50801 ns, At safepoint: 7200 ns, Total: 58001 ns
[2337.954s][info ][safepoint      ] Safepoint "Cleanup", Time since last: 1000113686 ns, Reaching safepoint: 100902 ns, At safepoint: 8501 ns, Total: 109403 ns
[2338.954s][info ][safepoint      ] Safepoint "Cleanup", Time since last: 1000110586 ns, Reaching safepoint: 39401 ns, At safepoint: 2200 ns, Total: 41601 ns
[2342.578s][info ][gc,start       ] GC(213) Pause Young (Allocation Failure)
[2342.586s][debug][gc,phases      ] GC(213) Scavenge 8.358ms
[2342.586s][debug][gc,ref         ] GC(213) Skipped phase 1 of Reference Processing: no references
[2342.586s][debug][gc,ref         ] GC(213) ReferenceProcessor::execute queues: 1, RefProcThreadModel::Single, marks_oops_alive: false
[2342.586s][debug][gc,ref         ] GC(213) ReferenceProcessor::execute queues: 4, RefProcThreadModel::Multi, marks_oops_alive: true
[2342.586s][debug][gc,ref         ] GC(213) ReferenceProcessor::execute queues: 1, RefProcThreadModel::Single, marks_oops_alive: false
[2342.586s][debug][gc,phases      ] GC(213) Reference Processing 0.164ms
[2342.586s][debug][gc,phases      ] GC(213)   VM Weak                        Min:  0.0, Avg:  0.0, Max:  0.0, Diff:  0.0, Sum:  0.0, Workers: 4
[2342.586s][debug][gc,phases      ] GC(213)     Dead                           Min: 0, Avg:  0.0, Max: 0, Diff: 0, Sum: 0, Workers: 4
[2342.586s][debug][gc,phases      ] GC(213)     Total                          Min: 0, Avg: 188.0, Max: 432, Diff: 432, Sum: 752, Workers: 4
[2342.586s][debug][gc,phases      ] GC(213)   ObjectSynchronizer Weak        Min:  0.0, Avg:  0.0, Max:  0.0, Diff:  0.0, Sum:  0.0, Workers: 4
[2342.586s][debug][gc,phases      ] GC(213)     Dead                           Min: 0, Avg:  0.0, Max: 0, Diff: 0, Sum: 0, Workers: 4
[2342.586s][debug][gc,phases      ] GC(213)     Total                          Min: 0, Avg: 98.8, Max: 192, Diff: 192, Sum: 395, Workers: 4
[2342.586s][debug][gc,phases      ] GC(213)   JVMTI Tag Weak OopStorage      Min:  0.0, Avg:  0.0, Max:  0.0, Diff:  0.0, Sum:  0.0, Workers: 4
[2342.586s][debug][gc,phases      ] GC(213)     Dead                           Min: 0, Avg:  0.0, Max: 0, Diff: 0, Sum: 0, Workers: 4
[2342.586s][debug][gc,phases      ] GC(213)     Total                          Min: 0, Avg:  0.0, Max: 0, Diff: 0, Sum: 0, Workers: 4
[2342.586s][debug][gc,phases      ] GC(213)   StringTable Weak               Min:  0.1, Avg:  0.1, Max:  0.1, Diff:  0.0, Sum:  0.4, Workers: 4
[2342.586s][debug][gc,phases      ] GC(213)     Dead                           Min: 0, Avg:  0.0, Max: 0, Diff: 0, Sum: 0, Workers: 4
[2342.586s][debug][gc,phases      ] GC(213)     Total                          Min: 10176, Avg: 12249.0, Max: 13540, Diff: 3364, Sum: 48996, Workers: 4
[2342.586s][debug][gc,phases      ] GC(213)   ResolvedMethodTable Weak       Min:  0.0, Avg:  0.0, Max:  0.0, Diff:  0.0, Sum:  0.1, Workers: 4
[2342.586s][debug][gc,phases      ] GC(213)     Dead                           Min: 0, Avg:  0.2, Max: 1, Diff: 1, Sum: 1, Workers: 4
[2342.586s][debug][gc,phases      ] GC(213)     Total                          Min: 2048, Avg: 2230.8, Max: 2432, Diff: 384, Sum: 8923, Workers: 4
[2342.586s][debug][gc,phases      ] GC(213)   JNI Weak                       Min:  0.0, Avg:  0.0, Max:  0.0, Diff:  0.0, Sum:  0.0, Workers: 4
[2342.586s][debug][gc,phases      ] GC(213)     Dead                           Min: 0, Avg:  0.0, Max: 0, Diff: 0, Sum: 0, Workers: 4
[2342.586s][debug][gc,phases      ] GC(213)     Total                          Min: 0, Avg:  0.0, Max: 0, Diff: 0, Sum: 0, Workers: 4
[2342.586s][debug][gc,phases      ] GC(213)   StringDedup Table Weak         Min:  0.0, Avg:  0.0, Max:  0.0, Diff:  0.0, Sum:  0.0, Workers: 4
[2342.586s][debug][gc,phases      ] GC(213)     Dead                           Min: 0, Avg:  0.0, Max: 0, Diff: 0, Sum: 0, Workers: 4
[2342.586s][debug][gc,phases      ] GC(213)     Total                          Min: 0, Avg:  0.0, Max: 0, Diff: 0, Sum: 0, Workers: 4
[2342.586s][debug][gc,phases      ] GC(213)   StringDedup Requests0 Weak     Min:  0.0, Avg:  0.0, Max:  0.0, Diff:  0.0, Sum:  0.0, Workers: 4
[2342.586s][debug][gc,phases      ] GC(213)     Dead                           Min: 0, Avg:  0.0, Max: 0, Diff: 0, Sum: 0, Workers: 4
[2342.587s][debug][gc,phases      ] GC(213)     Total                          Min: 0, Avg:  0.0, Max: 0, Diff: 0, Sum: 0, Workers: 4
[2342.587s][debug][gc,phases      ] GC(213)   StringDedup Requests1 Weak     Min:  0.0, Avg:  0.0, Max:  0.0, Diff:  0.0, Sum:  0.0, Workers: 4
[2342.587s][debug][gc,phases      ] GC(213)     Dead                           Min: 0, Avg:  0.0, Max: 0, Diff: 0, Sum: 0, Workers: 4
[2342.587s][debug][gc,phases      ] GC(213)     Total                          Min: 0, Avg:  0.0, Max: 0, Diff: 0, Sum: 0, Workers: 4
[2342.587s][debug][gc,phases      ] GC(213)   Weak JFR Old Object Samples    Min:  0.0, Avg:  0.0, Max:  0.0, Diff:  0.0, Sum:  0.0, Workers: 4
[2342.587s][debug][gc,phases      ] GC(213)     Dead                           Min: 0, Avg:  0.0, Max: 0, Diff: 0, Sum: 0, Workers: 4
[2342.587s][debug][gc,phases      ] GC(213)     Total                          Min: 0, Avg:  0.0, Max: 0, Diff: 0, Sum: 0, Workers: 4
[2342.587s][debug][gc,phases      ] GC(213) Weak Processing 0.292ms
[2342.587s][debug][gc,age         ] GC(213) Desired survivor size 22544384 bytes, new threshold 15 (max threshold 15)
[2342.587s][info ][gc,heap        ] GC(213) PSYoungGen: 2063712K(2078208K)->18405K(2076672K) Eden: 2058240K(2058240K)->0K(2058240K) From: 5472K(19968K)->18405K(18432K)
[2342.587s][info ][gc,heap        ] GC(213) ParOldGen: 594316K(740864K)->598636K(740864K)
[2342.587s][info ][gc,metaspace   ] GC(213) Metaspace: 85522K(86400K)->85522K(86400K) NonClass: 73511K(73984K)->73511K(73984K) Class: 12010K(12416K)->12010K(12416K)
[2342.587s][info ][gc             ] GC(213) Pause Young (Allocation Failure) 2595M->602M(2751M) 8.974ms
[2342.587s][info ][gc,cpu         ] GC(213) User=0.03s Sys=0.01s Real=0.01s
[2342.587s][info ][safepoint      ] Safepoint "ParallelGCFailedAllocation", Time since last: 3623269609 ns, Reaching safepoint: 56601 ns, At safepoint: 9067810 ns, Total: 9124411 ns
[2361.944s][info ][gc,start       ] GC(214) Pause Young (Allocation Failure)
[2361.949s][debug][gc,phases      ] GC(214) Scavenge 5.464ms
[2361.949s][debug][gc,ref         ] GC(214) Skipped phase 1 of Reference Processing: no references
[2361.949s][debug][gc,ref         ] GC(214) ReferenceProcessor::execute queues: 1, RefProcThreadModel::Single, marks_oops_alive: false
[2361.949s][debug][gc,ref         ] GC(214) ReferenceProcessor::execute queues: 4, RefProcThreadModel::Multi, marks_oops_alive: true
[2361.950s][debug][gc,ref         ] GC(214) ReferenceProcessor::execute queues: 1, RefProcThreadModel::Single, marks_oops_alive: false
[2361.950s][debug][gc,phases      ] GC(214) Reference Processing 0.192ms
[2361.950s][debug][gc,phases      ] GC(214)   VM Weak                        Min:  0.0, Avg:  0.0, Max:  0.0, Diff:  0.0, Sum:  0.0, Workers: 4
[2361.950s][debug][gc,phases      ] GC(214)     Dead                           Min: 0, Avg:  0.0, Max: 0, Diff: 0, Sum: 0, Workers: 4
[2361.950s][debug][gc,phases      ] GC(214)     Total                          Min: 0, Avg: 188.0, Max: 384, Diff: 384, Sum: 752, Workers: 4
[2361.950s][debug][gc,phases      ] GC(214)   ObjectSynchronizer Weak        Min:  0.0, Avg:  0.0, Max:  0.0, Diff:  0.0, Sum:  0.0, Workers: 4
[2361.950s][debug][gc,phases      ] GC(214)     Dead                           Min: 0, Avg:  0.0, Max: 0, Diff: 0, Sum: 0, Workers: 4
[2361.950s][debug][gc,phases      ] GC(214)     Total                          Min: 0, Avg: 98.8, Max: 192, Diff: 192, Sum: 395, Workers: 4
[2361.950s][debug][gc,phases      ] GC(214)   JVMTI Tag Weak OopStorage      Min:  0.0, Avg:  0.0, Max:  0.0, Diff:  0.0, Sum:  0.0, Workers: 4
[2361.950s][debug][gc,phases      ] GC(214)     Dead                           Min: 0, Avg:  0.0, Max: 0, Diff: 0, Sum: 0, Workers: 4
[2361.950s][debug][gc,phases      ] GC(214)     Total                          Min: 0, Avg:  0.0, Max: 0, Diff: 0, Sum: 0, Workers: 4
[2361.950s][debug][gc,phases      ] GC(214)   StringTable Weak               Min:  0.1, Avg:  0.1, Max:  0.1, Diff:  0.0, Sum:  0.4, Workers: 4
[2361.950s][debug][gc,phases      ] GC(214)     Dead                           Min: 0, Avg:  0.0, Max: 0, Diff: 0, Sum: 0, Workers: 4
[2361.950s][debug][gc,phases      ] GC(214)     Total                          Min: 11712, Avg: 12249.0, Max: 13312, Diff: 1600, Sum: 48996, Workers: 4
[2361.950s][debug][gc,phases      ] GC(214)   ResolvedMethodTable Weak       Min:  0.0, Avg:  0.0, Max:  0.0, Diff:  0.0, Sum:  0.1, Workers: 4
[2361.950s][debug][gc,phases      ] GC(214)     Dead                           Min: 0, Avg:  0.0, Max: 0, Diff: 0, Sum: 0, Workers: 4
[2361.950s][debug][gc,phases      ] GC(214)     Total                          Min: 1947, Avg: 2230.8, Max: 2560, Diff: 613, Sum: 8923, Workers: 4
[2361.950s][debug][gc,phases      ] GC(214)   JNI Weak                       Min:  0.0, Avg:  0.0, Max:  0.0, Diff:  0.0, Sum:  0.0, Workers: 4
[2361.950s][debug][gc,phases      ] GC(214)     Dead                           Min: 0, Avg:  0.0, Max: 0, Diff: 0, Sum: 0, Workers: 4
[2361.950s][debug][gc,phases      ] GC(214)     Total                          Min: 0, Avg:  0.0, Max: 0, Diff: 0, Sum: 0, Workers: 4
[2361.950s][debug][gc,phases      ] GC(214)   StringDedup Table Weak         Min:  0.0, Avg:  0.0, Max:  0.0, Diff:  0.0, Sum:  0.0, Workers: 4
[2361.950s][debug][gc,phases      ] GC(214)     Dead                           Min: 0, Avg:  0.0, Max: 0, Diff: 0, Sum: 0, Workers: 4
[2361.950s][debug][gc,phases      ] GC(214)     Total                          Min: 0, Avg:  0.0, Max: 0, Diff: 0, Sum: 0, Workers: 4
[2361.950s][debug][gc,phases      ] GC(214)   StringDedup Requests0 Weak     Min:  0.0, Avg:  0.0, Max:  0.0, Diff:  0.0, Sum:  0.0, Workers: 4
[2361.950s][debug][gc,phases      ] GC(214)     Dead                           Min: 0, Avg:  0.0, Max: 0, Diff: 0, Sum: 0, Workers: 4
[2361.950s][debug][gc,phases      ] GC(214)     Total                          Min: 0, Avg:  0.0, Max: 0, Diff: 0, Sum: 0, Workers: 4
[2361.950s][debug][gc,phases      ] GC(214)   StringDedup Requests1 Weak     Min:  0.0, Avg:  0.0, Max:  0.0, Diff:  0.0, Sum:  0.0, Workers: 4
[2361.950s][debug][gc,phases      ] GC(214)     Dead                           Min: 0, Avg:  0.0, Max: 0, Diff: 0, Sum: 0, Workers: 4
[2361.950s][debug][gc,phases      ] GC(214)     Total                          Min: 0, Avg:  0.0, Max: 0, Diff: 0, Sum: 0, Workers: 4
[2361.950s][debug][gc,phases      ] GC(214)   Weak JFR Old Object Samples    Min:  0.0, Avg:  0.0, Max:  0.0, Diff:  0.0, Sum:  0.0, Workers: 4
[2361.950s][debug][gc,phases      ] GC(214)     Dead                           Min: 0, Avg:  0.0, Max: 0, Diff: 0, Sum: 0, Workers: 4
[2361.950s][debug][gc,phases      ] GC(214)     Total                          Min: 0, Avg:  0.0, Max: 0, Diff: 0, Sum: 0, Workers: 4
[2361.950s][debug][gc,phases      ] GC(214) Weak Processing 0.299ms
[2361.950s][debug][gc,age         ] GC(214) Desired survivor size 25165824 bytes, new threshold 15 (max threshold 15)
[2361.950s][info ][gc,heap        ] GC(214) PSYoungGen: 2076645K(2076672K)->18453K(2068480K) Eden: 2058240K(2058240K)->0K(2048000K) From: 18405K(18432K)->18453K(20480K)
[2361.950s][info ][gc,heap        ] GC(214) ParOldGen: 598636K(740864K)->598700K(740864K)
[2361.950s][info ][gc,metaspace   ] GC(214) Metaspace: 85523K(86400K)->85523K(86400K) NonClass: 73512K(73984K)->73512K(73984K) Class: 12010K(12416K)->12010K(12416K)
[2361.950s][info ][gc             ] GC(214) Pause Young (Allocation Failure) 2612M->602M(2743M) 6.071ms
[2361.950s][info ][gc,cpu         ] GC(214) User=0.02s Sys=0.00s Real=0.00s
[2361.950s][info ][safepoint      ] Safepoint "ParallelGCFailedAllocation", Time since last: 19357072483 ns, Reaching safepoint: 106503 ns, At safepoint: 6159542 ns, Total: 6266045 ns
[2381.620s][info ][gc,start       ] GC(215) Pause Young (Allocation Failure)
[2381.626s][debug][gc,phases      ] GC(215) Scavenge 5.477ms
[2381.626s][debug][gc,ref         ] GC(215) Skipped phase 1 of Reference Processing: no references
[2381.626s][debug][gc,ref         ] GC(215) ReferenceProcessor::execute queues: 1, RefProcThreadModel::Single, marks_oops_alive: false
[2381.626s][debug][gc,ref         ] GC(215) Skipped phase 3 of Reference Processing: no references
[2381.626s][debug][gc,ref         ] GC(215) ReferenceProcessor::execute queues: 1, RefProcThreadModel::Single, marks_oops_alive: false
[2381.626s][debug][gc,phases      ] GC(215) Reference Processing 0.106ms
[2381.626s][debug][gc,phases      ] GC(215)   VM Weak                        Min:  0.0, Avg:  0.0, Max:  0.0, Diff:  0.0, Sum:  0.0, Workers: 4
[2381.626s][debug][gc,phases      ] GC(215)     Dead                           Min: 0, Avg:  0.0, Max: 0, Diff: 0, Sum: 0, Workers: 4
[2381.626s][debug][gc,phases      ] GC(215)     Total                          Min: 0, Avg: 188.0, Max: 384, Diff: 384, Sum: 752, Workers: 4
[2381.626s][debug][gc,phases      ] GC(215)   ObjectSynchronizer Weak        Min:  0.0, Avg:  0.0, Max:  0.0, Diff:  0.0, Sum:  0.0, Workers: 4
[2381.626s][debug][gc,phases      ] GC(215)     Dead                           Min: 0, Avg:  0.0, Max: 0, Diff: 0, Sum: 0, Workers: 4
[2381.626s][debug][gc,phases      ] GC(215)     Total                          Min: 64, Avg: 98.8, Max: 139, Diff: 75, Sum: 395, Workers: 4
[2381.626s][debug][gc,phases      ] GC(215)   JVMTI Tag Weak OopStorage      Min:  0.0, Avg:  0.0, Max:  0.0, Diff:  0.0, Sum:  0.0, Workers: 4
[2381.626s][debug][gc,phases      ] GC(215)     Dead                           Min: 0, Avg:  0.0, Max: 0, Diff: 0, Sum: 0, Workers: 4
[2381.626s][debug][gc,phases      ] GC(215)     Total                          Min: 0, Avg:  0.0, Max: 0, Diff: 0, Sum: 0, Workers: 4
[2381.626s][debug][gc,phases      ] GC(215)   StringTable Weak               Min:  0.1, Avg:  0.1, Max:  0.1, Diff:  0.0, Sum:  0.4, Workers: 4
[2381.626s][debug][gc,phases      ] GC(215)     Dead                           Min: 0, Avg:  0.0, Max: 0, Diff: 0, Sum: 0, Workers: 4
[2381.626s][debug][gc,phases      ] GC(215)     Total                          Min: 11428, Avg: 12249.0, Max: 13248, Diff: 1820, Sum: 48996, Workers: 4
[2381.626s][debug][gc,phases      ] GC(215)   ResolvedMethodTable Weak       Min:  0.0, Avg:  0.0, Max:  0.0, Diff:  0.0, Sum:  0.1, Workers: 4
[2381.626s][debug][gc,phases      ] GC(215)     Dead                           Min: 0, Avg:  0.0, Max: 0, Diff: 0, Sum: 0, Workers: 4
[2381.626s][debug][gc,phases      ] GC(215)     Total                          Min: 2048, Avg: 2230.8, Max: 2331, Diff: 283, Sum: 8923, Workers: 4
[2381.626s][debug][gc,phases      ] GC(215)   JNI Weak                       Min:  0.0, Avg:  0.0, Max:  0.0, Diff:  0.0, Sum:  0.0, Workers: 4
[2381.626s][debug][gc,phases      ] GC(215)     Dead                           Min: 0, Avg:  0.0, Max: 0, Diff: 0, Sum: 0, Workers: 4
[2381.626s][debug][gc,phases      ] GC(215)     Total                          Min: 0, Avg:  0.0, Max: 0, Diff: 0, Sum: 0, Workers: 4
[2381.626s][debug][gc,phases      ] GC(215)   StringDedup Table Weak         Min:  0.0, Avg:  0.0, Max:  0.0, Diff:  0.0, Sum:  0.0, Workers: 4
[2381.626s][debug][gc,phases      ] GC(215)     Dead                           Min: 0, Avg:  0.0, Max: 0, Diff: 0, Sum: 0, Workers: 4
[2381.626s][debug][gc,phases      ] GC(215)     Total                          Min: 0, Avg:  0.0, Max: 0, Diff: 0, Sum: 0, Workers: 4
[2381.626s][debug][gc,phases      ] GC(215)   StringDedup Requests0 Weak     Min:  0.0, Avg:  0.0, Max:  0.0, Diff:  0.0, Sum:  0.0, Workers: 4
[2381.626s][debug][gc,phases      ] GC(215)     Dead                           Min: 0, Avg:  0.0, Max: 0, Diff: 0, Sum: 0, Workers: 4
[2381.626s][debug][gc,phases      ] GC(215)     Total                          Min: 0, Avg:  0.0, Max: 0, Diff: 0, Sum: 0, Workers: 4
[2381.626s][debug][gc,phases      ] GC(215)   StringDedup Requests1 Weak     Min:  0.0, Avg:  0.0, Max:  0.0, Diff:  0.0, Sum:  0.0, Workers: 4
[2381.626s][debug][gc,phases      ] GC(215)     Dead                           Min: 0, Avg:  0.0, Max: 0, Diff: 0, Sum: 0, Workers: 4
[2381.626s][debug][gc,phases      ] GC(215)     Total                          Min: 0, Avg:  0.0, Max: 0, Diff: 0, Sum: 0, Workers: 4
[2381.626s][debug][gc,phases      ] GC(215)   Weak JFR Old Object Samples    Min:  0.0, Avg:  0.0, Max:  0.0, Diff:  0.0, Sum:  0.0, Workers: 4
[2381.626s][debug][gc,phases      ] GC(215)     Dead                           Min: 0, Avg:  0.0, Max: 0, Diff: 0, Sum: 0, Workers: 4
[2381.626s][debug][gc,phases      ] GC(215)     Total                          Min: 0, Avg:  0.0, Max: 0, Diff: 0, Sum: 0, Workers: 4
[2381.626s][debug][gc,phases      ] GC(215) Weak Processing 0.334ms
[2381.626s][debug][gc,age         ] GC(215) Desired survivor size 27262976 bytes, new threshold 15 (max threshold 15)
[2381.626s][info ][gc,heap        ] GC(215) PSYoungGen: 2066453K(2068480K)->18293K(2066432K) Eden: 2048000K(2048000K)->0K(2048000K) From: 18453K(20480K)->18293K(18432K)
[2381.626s][info ][gc,heap        ] GC(215) ParOldGen: 598700K(740864K)->598724K(740864K)
[2381.626s][info ][gc,metaspace   ] GC(215) Metaspace: 85524K(86400K)->85524K(86400K) NonClass: 73513K(73984K)->73513K(73984K) Class: 12010K(12416K)->12010K(12416K)
[2381.626s][info ][gc             ] GC(215) Pause Young (Allocation Failure) 2602M->602M(2741M) 6.064ms
[2381.626s][info ][gc,cpu         ] GC(215) User=0.02s Sys=0.00s Real=0.01s
[2381.626s][info ][safepoint      ] Safepoint "ParallelGCFailedAllocation", Time since last: 19669952634 ns, Reaching safepoint: 45001 ns, At safepoint: 6153643 ns, Total: 6198644 ns
[2384.626s][info ][safepoint      ] Safepoint "Cleanup", Time since last: 3000230959 ns, Reaching safepoint: 43601 ns, At safepoint: 2800 ns, Total: 46401 ns
[2401.595s][info ][gc,start       ] GC(216) Pause Young (Allocation Failure)
[2401.600s][debug][gc,phases      ] GC(216) Scavenge 4.999ms
[2401.600s][debug][gc,ref         ] GC(216) Skipped phase 1 of Reference Processing: no references
[2401.600s][debug][gc,ref         ] GC(216) ReferenceProcessor::execute queues: 1, RefProcThreadModel::Single, marks_oops_alive: false
[2401.600s][debug][gc,ref         ] GC(216) Skipped phase 3 of Reference Processing: no references
[2401.600s][debug][gc,ref         ] GC(216) ReferenceProcessor::execute queues: 1, RefProcThreadModel::Single, marks_oops_alive: false
[2401.600s][debug][gc,phases      ] GC(216) Reference Processing 0.106ms
[2401.600s][debug][gc,phases      ] GC(216)   VM Weak                        Min:  0.0, Avg:  0.0, Max:  0.0, Diff:  0.0, Sum:  0.0, Workers: 4
[2401.600s][debug][gc,phases      ] GC(216)     Dead                           Min: 0, Avg:  0.0, Max: 0, Diff: 0, Sum: 0, Workers: 4
[2401.600s][debug][gc,phases      ] GC(216)     Total                          Min: 0, Avg: 188.0, Max: 512, Diff: 512, Sum: 752, Workers: 4
[2401.600s][debug][gc,phases      ] GC(216)   ObjectSynchronizer Weak        Min:  0.0, Avg:  0.0, Max:  0.0, Diff:  0.0, Sum:  0.0, Workers: 4
[2401.600s][debug][gc,phases      ] GC(216)     Dead                           Min: 0, Avg:  0.0, Max: 0, Diff: 0, Sum: 0, Workers: 4
[2401.600s][debug][gc,phases      ] GC(216)     Total                          Min: 0, Avg: 98.8, Max: 139, Diff: 139, Sum: 395, Workers: 4
[2401.600s][debug][gc,phases      ] GC(216)   JVMTI Tag Weak OopStorage      Min:  0.0, Avg:  0.0, Max:  0.0, Diff:  0.0, Sum:  0.0, Workers: 4
[2401.600s][debug][gc,phases      ] GC(216)     Dead                           Min: 0, Avg:  0.0, Max: 0, Diff: 0, Sum: 0, Workers: 4
[2401.600s][debug][gc,phases      ] GC(216)     Total                          Min: 0, Avg:  0.0, Max: 0, Diff: 0, Sum: 0, Workers: 4
[2401.600s][debug][gc,phases      ] GC(216)   StringTable Weak               Min:  0.1, Avg:  0.1, Max:  0.1, Diff:  0.0, Sum:  0.4, Workers: 4
[2401.600s][debug][gc,phases      ] GC(216)     Dead                           Min: 0, Avg:  0.0, Max: 0, Diff: 0, Sum: 0, Workers: 4
[2401.600s][debug][gc,phases      ] GC(216)     Total                          Min: 11428, Avg: 12249.0, Max: 13632, Diff: 2204, Sum: 48996, Workers: 4
[2401.600s][debug][gc,phases      ] GC(216)   ResolvedMethodTable Weak       Min:  0.0, Avg:  0.0, Max:  0.0, Diff:  0.0, Sum:  0.1, Workers: 4
[2401.600s][debug][gc,phases      ] GC(216)     Dead                           Min: 0, Avg:  0.0, Max: 0, Diff: 0, Sum: 0, Workers: 4
[2401.600s][debug][gc,phases      ] GC(216)     Total                          Min: 1984, Avg: 2230.8, Max: 2432, Diff: 448, Sum: 8923, Workers: 4
[2401.600s][debug][gc,phases      ] GC(216)   JNI Weak                       Min:  0.0, Avg:  0.0, Max:  0.0, Diff:  0.0, Sum:  0.0, Workers: 4
[2401.600s][debug][gc,phases      ] GC(216)     Dead                           Min: 0, Avg:  0.0, Max: 0, Diff: 0, Sum: 0, Workers: 4
[2401.600s][debug][gc,phases      ] GC(216)     Total                          Min: 0, Avg:  0.0, Max: 0, Diff: 0, Sum: 0, Workers: 4
[2401.600s][debug][gc,phases      ] GC(216)   StringDedup Table Weak         Min:  0.0, Avg:  0.0, Max:  0.0, Diff:  0.0, Sum:  0.0, Workers: 4
[2401.600s][debug][gc,phases      ] GC(216)     Dead                           Min: 0, Avg:  0.0, Max: 0, Diff: 0, Sum: 0, Workers: 4
[2401.600s][debug][gc,phases      ] GC(216)     Total                          Min: 0, Avg:  0.0, Max: 0, Diff: 0, Sum: 0, Workers: 4
[2401.600s][debug][gc,phases      ] GC(216)   StringDedup Requests0 Weak     Min:  0.0, Avg:  0.0, Max:  0.0, Diff:  0.0, Sum:  0.0, Workers: 4
[2401.600s][debug][gc,phases      ] GC(216)     Dead                           Min: 0, Avg:  0.0, Max: 0, Diff: 0, Sum: 0, Workers: 4
[2401.600s][debug][gc,phases      ] GC(216)     Total                          Min: 0, Avg:  0.0, Max: 0, Diff: 0, Sum: 0, Workers: 4
[2401.600s][debug][gc,phases      ] GC(216)   StringDedup Requests1 Weak     Min:  0.0, Avg:  0.0, Max:  0.0, Diff:  0.0, Sum:  0.0, Workers: 4
[2401.600s][debug][gc,phases      ] GC(216)     Dead                           Min: 0, Avg:  0.0, Max: 0, Diff: 0, Sum: 0, Workers: 4
[2401.600s][debug][gc,phases      ] GC(216)     Total                          Min: 0, Avg:  0.0, Max: 0, Diff: 0, Sum: 0, Workers: 4
[2401.600s][debug][gc,phases      ] GC(216)   Weak JFR Old Object Samples    Min:  0.0, Avg:  0.0, Max:  0.0, Diff:  0.0, Sum:  0.0, Workers: 4
[2401.600s][debug][gc,phases      ] GC(216)     Dead                           Min: 0, Avg:  0.0, Max: 0, Diff: 0, Sum: 0, Workers: 4
[2401.600s][debug][gc,phases      ] GC(216)     Total                          Min: 0, Avg:  0.0, Max: 0, Diff: 0, Sum: 0, Workers: 4
[2401.600s][debug][gc,phases      ] GC(216) Weak Processing 0.321ms
[2401.600s][debug][gc,age         ] GC(216) Desired survivor size 28835840 bytes, new threshold 15 (max threshold 15)
[2401.600s][info ][gc,heap        ] GC(216) PSYoungGen: 2066293K(2066432K)->18325K(2067456K) Eden: 2048000K(2048000K)->0K(2040832K) From: 18293K(18432K)->18325K(26624K)
[2401.600s][info ][gc,heap        ] GC(216) ParOldGen: 598724K(740864K)->598756K(740864K)
[2401.600s][info ][gc,metaspace   ] GC(216) Metaspace: 85524K(86400K)->85524K(86400K) NonClass: 73513K(73984K)->73513K(73984K) Class: 12010K(12416K)->12010K(12416K)
[2401.600s][info ][gc             ] GC(216) Pause Young (Allocation Failure) 2602M->602M(2742M) 5.554ms
[2401.600s][info ][gc,cpu         ] GC(216) User=0.02s Sys=0.00s Real=0.00s
[2401.600s][info ][safepoint      ] Safepoint "ParallelGCFailedAllocation", Time since last: 16968043788 ns, Reaching safepoint: 28001 ns, At safepoint: 5657332 ns, Total: 5685333 ns
[2421.544s][info ][gc,start       ] GC(217) Pause Young (Allocation Failure)
[2421.550s][debug][gc,phases      ] GC(217) Scavenge 5.047ms
[2421.550s][debug][gc,ref         ] GC(217) Skipped phase 1 of Reference Processing: no references
[2421.550s][debug][gc,ref         ] GC(217) ReferenceProcessor::execute queues: 1, RefProcThreadModel::Single, marks_oops_alive: false
[2421.550s][debug][gc,ref         ] GC(217) Skipped phase 3 of Reference Processing: no references
[2421.550s][debug][gc,ref         ] GC(217) ReferenceProcessor::execute queues: 1, RefProcThreadModel::Single, marks_oops_alive: false
[2421.550s][debug][gc,phases      ] GC(217) Reference Processing 0.106ms
[2421.550s][debug][gc,phases      ] GC(217)   VM Weak                        Min:  0.0, Avg:  0.0, Max:  0.0, Diff:  0.0, Sum:  0.0, Workers: 4
[2421.550s][debug][gc,phases      ] GC(217)     Dead                           Min: 0, Avg:  0.0, Max: 0, Diff: 0, Sum: 0, Workers: 4
[2421.550s][debug][gc,phases      ] GC(217)     Total                          Min: 0, Avg: 188.0, Max: 752, Diff: 752, Sum: 752, Workers: 4
[2421.550s][debug][gc,phases      ] GC(217)   ObjectSynchronizer Weak        Min:  0.0, Avg:  0.0, Max:  0.0, Diff:  0.0, Sum:  0.0, Workers: 4
[2421.550s][debug][gc,phases      ] GC(217)     Dead                           Min: 0, Avg:  0.0, Max: 0, Diff: 0, Sum: 0, Workers: 4
[2421.550s][debug][gc,phases      ] GC(217)     Total                          Min: 0, Avg: 98.8, Max: 203, Diff: 203, Sum: 395, Workers: 4
[2421.550s][debug][gc,phases      ] GC(217)   JVMTI Tag Weak OopStorage      Min:  0.0, Avg:  0.0, Max:  0.0, Diff:  0.0, Sum:  0.0, Workers: 4
[2421.550s][debug][gc,phases      ] GC(217)     Dead                           Min: 0, Avg:  0.0, Max: 0, Diff: 0, Sum: 0, Workers: 4
[2421.550s][debug][gc,phases      ] GC(217)     Total                          Min: 0, Avg:  0.0, Max: 0, Diff: 0, Sum: 0, Workers: 4
[2421.550s][debug][gc,phases      ] GC(217)   StringTable Weak               Min:  0.1, Avg:  0.1, Max:  0.1, Diff:  0.0, Sum:  0.4, Workers: 4
[2421.550s][debug][gc,phases      ] GC(217)     Dead                           Min: 0, Avg:  0.0, Max: 0, Diff: 0, Sum: 0, Workers: 4
[2421.550s][debug][gc,phases      ] GC(217)     Total                          Min: 11648, Avg: 12249.0, Max: 12864, Diff: 1216, Sum: 48996, Workers: 4
[2421.550s][debug][gc,phases      ] GC(217)   ResolvedMethodTable Weak       Min:  0.0, Avg:  0.0, Max:  0.0, Diff:  0.0, Sum:  0.1, Workers: 4
[2421.550s][debug][gc,phases      ] GC(217)     Dead                           Min: 0, Avg:  0.0, Max: 0, Diff: 0, Sum: 0, Workers: 4
[2421.550s][debug][gc,phases      ] GC(217)     Total                          Min: 1792, Avg: 2230.8, Max: 2496, Diff: 704, Sum: 8923, Workers: 4
[2421.550s][debug][gc,phases      ] GC(217)   JNI Weak                       Min:  0.0, Avg:  0.0, Max:  0.0, Diff:  0.0, Sum:  0.0, Workers: 4
[2421.550s][debug][gc,phases      ] GC(217)     Dead                           Min: 0, Avg:  0.0, Max: 0, Diff: 0, Sum: 0, Workers: 4
[2421.550s][debug][gc,phases      ] GC(217)     Total                          Min: 0, Avg:  0.0, Max: 0, Diff: 0, Sum: 0, Workers: 4
[2421.550s][debug][gc,phases      ] GC(217)   StringDedup Table Weak         Min:  0.0, Avg:  0.0, Max:  0.0, Diff:  0.0, Sum:  0.0, Workers: 4
[2421.550s][debug][gc,phases      ] GC(217)     Dead                           Min: 0, Avg:  0.0, Max: 0, Diff: 0, Sum: 0, Workers: 4
[2421.550s][debug][gc,phases      ] GC(217)     Total                          Min: 0, Avg:  0.0, Max: 0, Diff: 0, Sum: 0, Workers: 4
[2421.550s][debug][gc,phases      ] GC(217)   StringDedup Requests0 Weak     Min:  0.0, Avg:  0.0, Max:  0.0, Diff:  0.0, Sum:  0.0, Workers: 4
[2421.550s][debug][gc,phases      ] GC(217)     Dead                           Min: 0, Avg:  0.0, Max: 0, Diff: 0, Sum: 0, Workers: 4
[2421.550s][debug][gc,phases      ] GC(217)     Total                          Min: 0, Avg:  0.0, Max: 0, Diff: 0, Sum: 0, Workers: 4
[2421.550s][debug][gc,phases      ] GC(217)   StringDedup Requests1 Weak     Min:  0.0, Avg:  0.0, Max:  0.0, Diff:  0.0, Sum:  0.0, Workers: 4
[2421.550s][debug][gc,phases      ] GC(217)     Dead                           Min: 0, Avg:  0.0, Max: 0, Diff: 0, Sum: 0, Workers: 4
[2421.550s][debug][gc,phases      ] GC(217)     Total                          Min: 0, Avg:  0.0, Max: 0, Diff: 0, Sum: 0, Workers: 4
[2421.550s][debug][gc,phases      ] GC(217)   Weak JFR Old Object Samples    Min:  0.0, Avg:  0.0, Max:  0.0, Diff:  0.0, Sum:  0.0, Workers: 4
[2421.550s][debug][gc,phases      ] GC(217)     Dead                           Min: 0, Avg:  0.0, Max: 0, Diff: 0, Sum: 0, Workers: 4
[2421.550s][debug][gc,phases      ] GC(217)     Total                          Min: 0, Avg:  0.0, Max: 0, Diff: 0, Sum: 0, Workers: 4
[2421.550s][debug][gc,phases      ] GC(217) Weak Processing 0.341ms
[2421.550s][debug][gc,age         ] GC(217) Desired survivor size 30408704 bytes, new threshold 15 (max threshold 15)
[2421.550s][info ][gc,heap        ] GC(217) PSYoungGen: 2059157K(2067456K)->18357K(2059264K) Eden: 2040832K(2040832K)->0K(2040832K) From: 18325K(26624K)->18357K(18432K)
[2421.550s][info ][gc,heap        ] GC(217) ParOldGen: 598756K(740864K)->598780K(740864K)
[2421.550s][info ][gc,metaspace   ] GC(217) Metaspace: 85526K(86400K)->85526K(86400K) NonClass: 73515K(73984K)->73515K(73984K) Class: 12010K(12416K)->12010K(12416K)
[2421.550s][info ][gc             ] GC(217) Pause Young (Allocation Failure) 2595M->602M(2734M) 5.644ms
[2421.550s][info ][gc,cpu         ] GC(217) User=0.02s Sys=0.00s Real=0.00s
[2421.550s][info ][safepoint      ] Safepoint "ParallelGCFailedAllocation", Time since last: 19944214970 ns, Reaching safepoint: 42801 ns, At safepoint: 5726333 ns, Total: 5769134 ns
[2441.044s][info ][gc,start       ] GC(218) Pause Young (Allocation Failure)
[2441.049s][debug][gc,phases      ] GC(218) Scavenge 4.994ms
[2441.049s][debug][gc,ref         ] GC(218) Skipped phase 1 of Reference Processing: no references
[2441.049s][debug][gc,ref         ] GC(218) ReferenceProcessor::execute queues: 1, RefProcThreadModel::Single, marks_oops_alive: false
[2441.049s][debug][gc,ref         ] GC(218) Skipped phase 3 of Reference Processing: no references
[2441.049s][debug][gc,ref         ] GC(218) ReferenceProcessor::execute queues: 1, RefProcThreadModel::Single, marks_oops_alive: false
[2441.049s][debug][gc,phases      ] GC(218) Reference Processing 0.107ms
[2441.049s][debug][gc,phases      ] GC(218)   VM Weak                        Min:  0.0, Avg:  0.0, Max:  0.0, Diff:  0.0, Sum:  0.0, Workers: 4
[2441.049s][debug][gc,phases      ] GC(218)     Dead                           Min: 0, Avg:  0.0, Max: 0, Diff: 0, Sum: 0, Workers: 4
[2441.049s][debug][gc,phases      ] GC(218)     Total                          Min: 0, Avg: 188.0, Max: 688, Diff: 688, Sum: 752, Workers: 4
[2441.049s][debug][gc,phases      ] GC(218)   ObjectSynchronizer Weak        Min:  0.0, Avg:  0.0, Max:  0.0, Diff:  0.0, Sum:  0.0, Workers: 4
[2441.049s][debug][gc,phases      ] GC(218)     Dead                           Min: 0, Avg:  0.0, Max: 0, Diff: 0, Sum: 0, Workers: 4
[2441.049s][debug][gc,phases      ] GC(218)     Total                          Min: 0, Avg: 98.8, Max: 192, Diff: 192, Sum: 395, Workers: 4
[2441.049s][debug][gc,phases      ] GC(218)   JVMTI Tag Weak OopStorage      Min:  0.0, Avg:  0.0, Max:  0.0, Diff:  0.0, Sum:  0.0, Workers: 4
[2441.049s][debug][gc,phases      ] GC(218)     Dead                           Min: 0, Avg:  0.0, Max: 0, Diff: 0, Sum: 0, Workers: 4
[2441.049s][debug][gc,phases      ] GC(218)     Total                          Min: 0, Avg:  0.0, Max: 0, Diff: 0, Sum: 0, Workers: 4
[2441.049s][debug][gc,phases      ] GC(218)   StringTable Weak               Min:  0.1, Avg:  0.1, Max:  0.1, Diff:  0.0, Sum:  0.4, Workers: 4
[2441.049s][debug][gc,phases      ] GC(218)     Dead                           Min: 0, Avg:  0.0, Max: 0, Diff: 0, Sum: 0, Workers: 4
[2441.049s][debug][gc,phases      ] GC(218)     Total                          Min: 11328, Avg: 12249.0, Max: 13632, Diff: 2304, Sum: 48996, Workers: 4
[2441.049s][debug][gc,phases      ] GC(218)   ResolvedMethodTable Weak       Min:  0.0, Avg:  0.0, Max:  0.0, Diff:  0.0, Sum:  0.1, Workers: 4
[2441.049s][debug][gc,phases      ] GC(218)     Dead                           Min: 0, Avg:  0.0, Max: 0, Diff: 0, Sum: 0, Workers: 4
[2441.049s][debug][gc,phases      ] GC(218)     Total                          Min: 1984, Avg: 2230.8, Max: 2432, Diff: 448, Sum: 8923, Workers: 4
[2441.049s][debug][gc,phases      ] GC(218)   JNI Weak                       Min:  0.0, Avg:  0.0, Max:  0.0, Diff:  0.0, Sum:  0.0, Workers: 4
[2441.049s][debug][gc,phases      ] GC(218)     Dead                           Min: 0, Avg:  0.0, Max: 0, Diff: 0, Sum: 0, Workers: 4
[2441.049s][debug][gc,phases      ] GC(218)     Total                          Min: 0, Avg:  0.0, Max: 0, Diff: 0, Sum: 0, Workers: 4
[2441.049s][debug][gc,phases      ] GC(218)   StringDedup Table Weak         Min:  0.0, Avg:  0.0, Max:  0.0, Diff:  0.0, Sum:  0.0, Workers: 4
[2441.049s][debug][gc,phases      ] GC(218)     Dead                           Min: 0, Avg:  0.0, Max: 0, Diff: 0, Sum: 0, Workers: 4
[2441.049s][debug][gc,phases      ] GC(218)     Total                          Min: 0, Avg:  0.0, Max: 0, Diff: 0, Sum: 0, Workers: 4
[2441.049s][debug][gc,phases      ] GC(218)   StringDedup Requests0 Weak     Min:  0.0, Avg:  0.0, Max:  0.0, Diff:  0.0, Sum:  0.0, Workers: 4
[2441.049s][debug][gc,phases      ] GC(218)     Dead                           Min: 0, Avg:  0.0, Max: 0, Diff: 0, Sum: 0, Workers: 4
[2441.049s][debug][gc,phases      ] GC(218)     Total                          Min: 0, Avg:  0.0, Max: 0, Diff: 0, Sum: 0, Workers: 4
[2441.049s][debug][gc,phases      ] GC(218)   StringDedup Requests1 Weak     Min:  0.0, Avg:  0.0, Max:  0.0, Diff:  0.0, Sum:  0.0, Workers: 4
[2441.049s][debug][gc,phases      ] GC(218)     Dead                           Min: 0, Avg:  0.0, Max: 0, Diff: 0, Sum: 0, Workers: 4
[2441.049s][debug][gc,phases      ] GC(218)     Total                          Min: 0, Avg:  0.0, Max: 0, Diff: 0, Sum: 0, Workers: 4
[2441.049s][debug][gc,phases      ] GC(218)   Weak JFR Old Object Samples    Min:  0.0, Avg:  0.0, Max:  0.0, Diff:  0.0, Sum:  0.0, Workers: 4
[2441.049s][debug][gc,phases      ] GC(218)     Dead                           Min: 0, Avg:  0.0, Max: 0, Diff: 0, Sum: 0, Workers: 4
[2441.049s][debug][gc,phases      ] GC(218)     Total                          Min: 0, Avg:  0.0, Max: 0, Diff: 0, Sum: 0, Workers: 4
[2441.049s][debug][gc,phases      ] GC(218) Weak Processing 0.306ms
[2441.049s][debug][gc,age         ] GC(218) Desired survivor size 30932992 bytes, new threshold 15 (max threshold 15)
[2441.049s][info ][gc,heap        ] GC(218) PSYoungGen: 2059189K(2059264K)->18325K(2066432K) Eden: 2040832K(2040832K)->0K(2036736K) From: 18357K(18432K)->18325K(29696K)
[2441.049s][info ][gc,heap        ] GC(218) ParOldGen: 598780K(740864K)->598812K(740864K)
[2441.049s][info ][gc,metaspace   ] GC(218) Metaspace: 85529K(86400K)->85529K(86400K) NonClass: 73518K(73984K)->73518K(73984K) Class: 12010K(12416K)->12010K(12416K)
[2441.049s][info ][gc             ] GC(218) Pause Young (Allocation Failure) 2595M->602M(2741M) 5.535ms
[2441.049s][info ][gc,cpu         ] GC(218) User=0.02s Sys=0.00s Real=0.00s
[2441.049s][info ][safepoint      ] Safepoint "ParallelGCFailedAllocation", Time since last: 19493351854 ns, Reaching safepoint: 109302 ns, At safepoint: 5625131 ns, Total: 5734433 ns
[2459.050s][info ][safepoint      ] Safepoint "Cleanup", Time since last: 18001138478 ns, Reaching safepoint: 44502 ns, At safepoint: 2300 ns, Total: 46802 ns
[2460.844s][info ][gc,start       ] GC(219) Pause Young (Allocation Failure)
[2460.849s][debug][gc,phases      ] GC(219) Scavenge 5.431ms
[2460.849s][debug][gc,ref         ] GC(219) Skipped phase 1 of Reference Processing: no references
[2460.849s][debug][gc,ref         ] GC(219) ReferenceProcessor::execute queues: 1, RefProcThreadModel::Single, marks_oops_alive: false
[2460.849s][debug][gc,ref         ] GC(219) Skipped phase 3 of Reference Processing: no references
[2460.849s][debug][gc,ref         ] GC(219) ReferenceProcessor::execute queues: 1, RefProcThreadModel::Single, marks_oops_alive: false
[2460.849s][debug][gc,phases      ] GC(219) Reference Processing 0.114ms
[2460.849s][debug][gc,phases      ] GC(219)   VM Weak                        Min:  0.0, Avg:  0.0, Max:  0.0, Diff:  0.0, Sum:  0.0, Workers: 4
[2460.850s][debug][gc,phases      ] GC(219)     Dead                           Min: 0, Avg:  0.0, Max: 0, Diff: 0, Sum: 0, Workers: 4
[2460.850s][debug][gc,phases      ] GC(219)     Total                          Min: 0, Avg: 188.0, Max: 384, Diff: 384, Sum: 752, Workers: 4
[2460.850s][debug][gc,phases      ] GC(219)   ObjectSynchronizer Weak        Min:  0.0, Avg:  0.0, Max:  0.0, Diff:  0.0, Sum:  0.0, Workers: 4
[2460.850s][debug][gc,phases      ] GC(219)     Dead                           Min: 0, Avg:  0.0, Max: 0, Diff: 0, Sum: 0, Workers: 4
[2460.850s][debug][gc,phases      ] GC(219)     Total                          Min: 0, Avg: 98.8, Max: 192, Diff: 192, Sum: 395, Workers: 4
[2460.850s][debug][gc,phases      ] GC(219)   JVMTI Tag Weak OopStorage      Min:  0.0, Avg:  0.0, Max:  0.0, Diff:  0.0, Sum:  0.0, Workers: 4
[2460.850s][debug][gc,phases      ] GC(219)     Dead                           Min: 0, Avg:  0.0, Max: 0, Diff: 0, Sum: 0, Workers: 4
[2460.850s][debug][gc,phases      ] GC(219)     Total                          Min: 0, Avg:  0.0, Max: 0, Diff: 0, Sum: 0, Workers: 4
[2460.850s][debug][gc,phases      ] GC(219)   StringTable Weak               Min:  0.1, Avg:  0.1, Max:  0.1, Diff:  0.0, Sum:  0.4, Workers: 4
[2460.850s][debug][gc,phases      ] GC(219)     Dead                           Min: 0, Avg:  0.0, Max: 0, Diff: 0, Sum: 0, Workers: 4
[2460.850s][debug][gc,phases      ] GC(219)     Total                          Min: 12004, Avg: 12249.0, Max: 12544, Diff: 540, Sum: 48996, Workers: 4
[2460.850s][debug][gc,phases      ] GC(219)   ResolvedMethodTable Weak       Min:  0.0, Avg:  0.0, Max:  0.0, Diff:  0.0, Sum:  0.1, Workers: 4
[2460.850s][debug][gc,phases      ] GC(219)     Dead                           Min: 0, Avg:  0.0, Max: 0, Diff: 0, Sum: 0, Workers: 4
[2460.850s][debug][gc,phases      ] GC(219)     Total                          Min: 1920, Avg: 2230.8, Max: 2496, Diff: 576, Sum: 8923, Workers: 4
[2460.850s][debug][gc,phases      ] GC(219)   JNI Weak                       Min:  0.0, Avg:  0.0, Max:  0.0, Diff:  0.0, Sum:  0.0, Workers: 4
[2460.850s][debug][gc,phases      ] GC(219)     Dead                           Min: 0, Avg:  0.0, Max: 0, Diff: 0, Sum: 0, Workers: 4
[2460.850s][debug][gc,phases      ] GC(219)     Total                          Min: 0, Avg:  0.0, Max: 0, Diff: 0, Sum: 0, Workers: 4
[2460.850s][debug][gc,phases      ] GC(219)   StringDedup Table Weak         Min:  0.0, Avg:  0.0, Max:  0.0, Diff:  0.0, Sum:  0.0, Workers: 4
[2460.850s][debug][gc,phases      ] GC(219)     Dead                           Min: 0, Avg:  0.0, Max: 0, Diff: 0, Sum: 0, Workers: 4
[2460.850s][debug][gc,phases      ] GC(219)     Total                          Min: 0, Avg:  0.0, Max: 0, Diff: 0, Sum: 0, Workers: 4
[2460.850s][debug][gc,phases      ] GC(219)   StringDedup Requests0 Weak     Min:  0.0, Avg:  0.0, Max:  0.0, Diff:  0.0, Sum:  0.0, Workers: 4
[2460.850s][debug][gc,phases      ] GC(219)     Dead                           Min: 0, Avg:  0.0, Max: 0, Diff: 0, Sum: 0, Workers: 4
[2460.850s][debug][gc,phases      ] GC(219)     Total                          Min: 0, Avg:  0.0, Max: 0, Diff: 0, Sum: 0, Workers: 4
[2460.850s][debug][gc,phases      ] GC(219)   StringDedup Requests1 Weak     Min:  0.0, Avg:  0.0, Max:  0.0, Diff:  0.0, Sum:  0.0, Workers: 4
[2460.850s][debug][gc,phases      ] GC(219)     Dead                           Min: 0, Avg:  0.0, Max: 0, Diff: 0, Sum: 0, Workers: 4
[2460.850s][debug][gc,phases      ] GC(219)     Total                          Min: 0, Avg:  0.0, Max: 0, Diff: 0, Sum: 0, Workers: 4
[2460.850s][debug][gc,phases      ] GC(219)   Weak JFR Old Object Samples    Min:  0.0, Avg:  0.0, Max:  0.0, Diff:  0.0, Sum:  0.0, Workers: 4
[2460.850s][debug][gc,phases      ] GC(219)     Dead                           Min: 0, Avg:  0.0, Max: 0, Diff: 0, Sum: 0, Workers: 4
[2460.850s][debug][gc,phases      ] GC(219)     Total                          Min: 0, Avg:  0.0, Max: 0, Diff: 0, Sum: 0, Workers: 4
[2460.850s][debug][gc,phases      ] GC(219) Weak Processing 0.344ms
[2460.850s][debug][gc,age         ] GC(219) Desired survivor size 31457280 bytes, new threshold 15 (max threshold 15)
[2460.850s][info ][gc,heap        ] GC(219) PSYoungGen: 2055061K(2066432K)->18165K(2055168K) Eden: 2036736K(2036736K)->0K(2036736K) From: 18325K(29696K)->18165K(18432K)
[2460.850s][info ][gc,heap        ] GC(219) ParOldGen: 598812K(740864K)->598960K(740864K)
[2460.850s][info ][gc,metaspace   ] GC(219) Metaspace: 85529K(86400K)->85529K(86400K) NonClass: 73518K(73984K)->73518K(73984K) Class: 12010K(12416K)->12010K(12416K)
[2460.850s][info ][gc             ] GC(219) Pause Young (Allocation Failure) 2591M->602M(2730M) 6.015ms
[2460.850s][info ][gc,cpu         ] GC(219) User=0.02s Sys=0.01s Real=0.00s
[2460.850s][info ][safepoint      ] Safepoint "ParallelGCFailedAllocation", Time since last: 1793220728 ns, Reaching safepoint: 33501 ns, At safepoint: 6143143 ns, Total: 6176644 ns
[2480.594s][info ][gc,start       ] GC(220) Pause Young (Allocation Failure)
[2480.599s][debug][gc,phases      ] GC(220) Scavenge 5.424ms
[2480.599s][debug][gc,ref         ] GC(220) Skipped phase 1 of Reference Processing: no references
[2480.599s][debug][gc,ref         ] GC(220) ReferenceProcessor::execute queues: 1, RefProcThreadModel::Single, marks_oops_alive: false
[2480.599s][debug][gc,ref         ] GC(220) Skipped phase 3 of Reference Processing: no references
[2480.599s][debug][gc,ref         ] GC(220) ReferenceProcessor::execute queues: 1, RefProcThreadModel::Single, marks_oops_alive: false
[2480.599s][debug][gc,phases      ] GC(220) Reference Processing 0.105ms
[2480.599s][debug][gc,phases      ] GC(220)   VM Weak                        Min:  0.0, Avg:  0.0, Max:  0.0, Diff:  0.0, Sum:  0.0, Workers: 4
[2480.599s][debug][gc,phases      ] GC(220)     Dead                           Min: 0, Avg:  0.0, Max: 0, Diff: 0, Sum: 0, Workers: 4
[2480.599s][debug][gc,phases      ] GC(220)     Total                          Min: 0, Avg: 188.0, Max: 640, Diff: 640, Sum: 752, Workers: 4
[2480.599s][debug][gc,phases      ] GC(220)   ObjectSynchronizer Weak        Min:  0.0, Avg:  0.0, Max:  0.0, Diff:  0.0, Sum:  0.0, Workers: 4
[2480.599s][debug][gc,phases      ] GC(220)     Dead                           Min: 0, Avg:  0.0, Max: 0, Diff: 0, Sum: 0, Workers: 4
[2480.599s][debug][gc,phases      ] GC(220)     Total                          Min: 0, Avg: 98.8, Max: 139, Diff: 139, Sum: 395, Workers: 4
[2480.599s][debug][gc,phases      ] GC(220)   JVMTI Tag Weak OopStorage      Min:  0.0, Avg:  0.0, Max:  0.0, Diff:  0.0, Sum:  0.0, Workers: 4
[2480.599s][debug][gc,phases      ] GC(220)     Dead                           Min: 0, Avg:  0.0, Max: 0, Diff: 0, Sum: 0, Workers: 4
[2480.599s][debug][gc,phases      ] GC(220)     Total                          Min: 0, Avg:  0.0, Max: 0, Diff: 0, Sum: 0, Workers: 4
[2480.599s][debug][gc,phases      ] GC(220)   StringTable Weak               Min:  0.1, Avg:  0.1, Max:  0.1, Diff:  0.0, Sum:  0.4, Workers: 4
[2480.599s][debug][gc,phases      ] GC(220)     Dead                           Min: 0, Avg:  0.0, Max: 0, Diff: 0, Sum: 0, Workers: 4
[2480.599s][debug][gc,phases      ] GC(220)     Total                          Min: 11904, Avg: 12249.0, Max: 12800, Diff: 896, Sum: 48996, Workers: 4
[2480.599s][debug][gc,phases      ] GC(220)   ResolvedMethodTable Weak       Min:  0.0, Avg:  0.0, Max:  0.0, Diff:  0.0, Sum:  0.1, Workers: 4
[2480.599s][debug][gc,phases      ] GC(220)     Dead                           Min: 0, Avg:  0.0, Max: 0, Diff: 0, Sum: 0, Workers: 4
[2480.599s][debug][gc,phases      ] GC(220)     Total                          Min: 2112, Avg: 2230.8, Max: 2395, Diff: 283, Sum: 8923, Workers: 4
[2480.599s][debug][gc,phases      ] GC(220)   JNI Weak                       Min:  0.0, Avg:  0.0, Max:  0.0, Diff:  0.0, Sum:  0.0, Workers: 4
[2480.599s][debug][gc,phases      ] GC(220)     Dead                           Min: 0, Avg:  0.0, Max: 0, Diff: 0, Sum: 0, Workers: 4
[2480.599s][debug][gc,phases      ] GC(220)     Total                          Min: 0, Avg:  0.0, Max: 0, Diff: 0, Sum: 0, Workers: 4
[2480.599s][debug][gc,phases      ] GC(220)   StringDedup Table Weak         Min:  0.0, Avg:  0.0, Max:  0.0, Diff:  0.0, Sum:  0.0, Workers: 4
[2480.599s][debug][gc,phases      ] GC(220)     Dead                           Min: 0, Avg:  0.0, Max: 0, Diff: 0, Sum: 0, Workers: 4
[2480.599s][debug][gc,phases      ] GC(220)     Total                          Min: 0, Avg:  0.0, Max: 0, Diff: 0, Sum: 0, Workers: 4
[2480.599s][debug][gc,phases      ] GC(220)   StringDedup Requests0 Weak     Min:  0.0, Avg:  0.0, Max:  0.0, Diff:  0.0, Sum:  0.0, Workers: 4
[2480.599s][debug][gc,phases      ] GC(220)     Dead                           Min: 0, Avg:  0.0, Max: 0, Diff: 0, Sum: 0, Workers: 4
[2480.599s][debug][gc,phases      ] GC(220)     Total                          Min: 0, Avg:  0.0, Max: 0, Diff: 0, Sum: 0, Workers: 4
[2480.599s][debug][gc,phases      ] GC(220)   StringDedup Requests1 Weak     Min:  0.0, Avg:  0.0, Max:  0.0, Diff:  0.0, Sum:  0.0, Workers: 4
[2480.599s][debug][gc,phases      ] GC(220)     Dead                           Min: 0, Avg:  0.0, Max: 0, Diff: 0, Sum: 0, Workers: 4
[2480.600s][debug][gc,phases      ] GC(220)     Total                          Min: 0, Avg:  0.0, Max: 0, Diff: 0, Sum: 0, Workers: 4
[2480.600s][debug][gc,phases      ] GC(220)   Weak JFR Old Object Samples    Min:  0.0, Avg:  0.0, Max:  0.0, Diff:  0.0, Sum:  0.0, Workers: 4
[2480.600s][debug][gc,phases      ] GC(220)     Dead                           Min: 0, Avg:  0.0, Max: 0, Diff: 0, Sum: 0, Workers: 4
[2480.600s][debug][gc,phases      ] GC(220)     Total                          Min: 0, Avg:  0.0, Max: 0, Diff: 0, Sum: 0, Workers: 4
[2480.600s][debug][gc,phases      ] GC(220) Weak Processing 0.338ms
[2480.600s][debug][gc,age         ] GC(220) Desired survivor size 31457280 bytes, new threshold 15 (max threshold 15)
[2480.600s][info ][gc,heap        ] GC(220) PSYoungGen: 2054901K(2055168K)->17746K(2066432K) Eden: 2036736K(2036736K)->0K(2035712K) From: 18165K(18432K)->17746K(30720K)
[2480.600s][info ][gc,heap        ] GC(220) ParOldGen: 598960K(740864K)->599417K(740864K)
[2480.600s][info ][gc,metaspace   ] GC(220) Metaspace: 85529K(86400K)->85529K(86400K) NonClass: 73518K(73984K)->73518K(73984K) Class: 12010K(12416K)->12010K(12416K)
[2480.600s][info ][gc             ] GC(220) Pause Young (Allocation Failure) 2591M->602M(2741M) 5.988ms
[2480.600s][info ][gc,cpu         ] GC(220) User=0.01s Sys=0.01s Real=0.00s
[2480.600s][info ][safepoint      ] Safepoint "ParallelGCFailedAllocation", Time since last: 19743639873 ns, Reaching safepoint: 122103 ns, At safepoint: 6082641 ns, Total: 6204744 ns
[2483.600s][info ][safepoint      ] Safepoint "Cleanup", Time since last: 3000217257 ns, Reaching safepoint: 44301 ns, At safepoint: 7100 ns, Total: 51401 ns
[2488.600s][info ][safepoint      ] Safepoint "Cleanup", Time since last: 5000325540 ns, Reaching safepoint: 45401 ns, At safepoint: 5400 ns, Total: 50801 ns
[2492.601s][info ][safepoint      ] Safepoint "Cleanup", Time since last: 4000294563 ns, Reaching safepoint: 41701 ns, At safepoint: 2700 ns, Total: 44401 ns
[2493.601s][info ][safepoint      ] Safepoint "Cleanup", Time since last: 1000112793 ns, Reaching safepoint: 47601 ns, At safepoint: 5200 ns, Total: 52801 ns
[2494.601s][info ][safepoint      ] Safepoint "Cleanup", Time since last: 1000113294 ns, Reaching safepoint: 51301 ns, At safepoint: 2700 ns, Total: 54001 ns
[2500.094s][info ][gc,start       ] GC(221) Pause Young (Allocation Failure)
[2500.100s][debug][gc,phases      ] GC(221) Scavenge 5.861ms
[2500.100s][debug][gc,ref         ] GC(221) Skipped phase 1 of Reference Processing: no references
[2500.100s][debug][gc,ref         ] GC(221) ReferenceProcessor::execute queues: 1, RefProcThreadModel::Single, marks_oops_alive: false
[2500.100s][debug][gc,ref         ] GC(221) Skipped phase 3 of Reference Processing: no references
[2500.100s][debug][gc,ref         ] GC(221) ReferenceProcessor::execute queues: 1, RefProcThreadModel::Single, marks_oops_alive: false
[2500.100s][debug][gc,phases      ] GC(221) Reference Processing 0.106ms
[2500.100s][debug][gc,phases      ] GC(221)   VM Weak                        Min:  0.0, Avg:  0.0, Max:  0.0, Diff:  0.0, Sum:  0.0, Workers: 4
[2500.100s][debug][gc,phases      ] GC(221)     Dead                           Min: 0, Avg:  0.0, Max: 0, Diff: 0, Sum: 0, Workers: 4
[2500.100s][debug][gc,phases      ] GC(221)     Total                          Min: 0, Avg: 188.0, Max: 576, Diff: 576, Sum: 752, Workers: 4
[2500.100s][debug][gc,phases      ] GC(221)   ObjectSynchronizer Weak        Min:  0.0, Avg:  0.0, Max:  0.0, Diff:  0.0, Sum:  0.0, Workers: 4
[2500.100s][debug][gc,phases      ] GC(221)     Dead                           Min: 0, Avg:  0.0, Max: 0, Diff: 0, Sum: 0, Workers: 4
[2500.100s][debug][gc,phases      ] GC(221)     Total                          Min: 64, Avg: 98.8, Max: 128, Diff: 64, Sum: 395, Workers: 4
[2500.100s][debug][gc,phases      ] GC(221)   JVMTI Tag Weak OopStorage      Min:  0.0, Avg:  0.0, Max:  0.0, Diff:  0.0, Sum:  0.0, Workers: 4
[2500.100s][debug][gc,phases      ] GC(221)     Dead                           Min: 0, Avg:  0.0, Max: 0, Diff: 0, Sum: 0, Workers: 4
[2500.100s][debug][gc,phases      ] GC(221)     Total                          Min: 0, Avg:  0.0, Max: 0, Diff: 0, Sum: 0, Workers: 4
[2500.100s][debug][gc,phases      ] GC(221)   StringTable Weak               Min:  0.1, Avg:  0.1, Max:  0.1, Diff:  0.0, Sum:  0.4, Workers: 4
[2500.100s][debug][gc,phases      ] GC(221)     Dead                           Min: 0, Avg:  0.0, Max: 0, Diff: 0, Sum: 0, Workers: 4
[2500.100s][debug][gc,phases      ] GC(221)     Total                          Min: 11456, Avg: 12249.0, Max: 12644, Diff: 1188, Sum: 48996, Workers: 4
[2500.100s][debug][gc,phases      ] GC(221)   ResolvedMethodTable Weak       Min:  0.0, Avg:  0.0, Max:  0.0, Diff:  0.0, Sum:  0.1, Workers: 4
[2500.100s][debug][gc,phases      ] GC(221)     Dead                           Min: 0, Avg:  0.0, Max: 0, Diff: 0, Sum: 0, Workers: 4
[2500.100s][debug][gc,phases      ] GC(221)     Total                          Min: 2112, Avg: 2230.8, Max: 2432, Diff: 320, Sum: 8923, Workers: 4
[2500.100s][debug][gc,phases      ] GC(221)   JNI Weak                       Min:  0.0, Avg:  0.0, Max:  0.0, Diff:  0.0, Sum:  0.0, Workers: 4
[2500.100s][debug][gc,phases      ] GC(221)     Dead                           Min: 0, Avg:  0.0, Max: 0, Diff: 0, Sum: 0, Workers: 4
[2500.100s][debug][gc,phases      ] GC(221)     Total                          Min: 0, Avg:  0.0, Max: 0, Diff: 0, Sum: 0, Workers: 4
[2500.100s][debug][gc,phases      ] GC(221)   StringDedup Table Weak         Min:  0.0, Avg:  0.0, Max:  0.0, Diff:  0.0, Sum:  0.0, Workers: 4
[2500.100s][debug][gc,phases      ] GC(221)     Dead                           Min: 0, Avg:  0.0, Max: 0, Diff: 0, Sum: 0, Workers: 4
[2500.100s][debug][gc,phases      ] GC(221)     Total                          Min: 0, Avg:  0.0, Max: 0, Diff: 0, Sum: 0, Workers: 4
[2500.100s][debug][gc,phases      ] GC(221)   StringDedup Requests0 Weak     Min:  0.0, Avg:  0.0, Max:  0.0, Diff:  0.0, Sum:  0.0, Workers: 4
[2500.100s][debug][gc,phases      ] GC(221)     Dead                           Min: 0, Avg:  0.0, Max: 0, Diff: 0, Sum: 0, Workers: 4
[2500.100s][debug][gc,phases      ] GC(221)     Total                          Min: 0, Avg:  0.0, Max: 0, Diff: 0, Sum: 0, Workers: 4
[2500.100s][debug][gc,phases      ] GC(221)   StringDedup Requests1 Weak     Min:  0.0, Avg:  0.0, Max:  0.0, Diff:  0.0, Sum:  0.0, Workers: 4
[2500.100s][debug][gc,phases      ] GC(221)     Dead                           Min: 0, Avg:  0.0, Max: 0, Diff: 0, Sum: 0, Workers: 4
[2500.100s][debug][gc,phases      ] GC(221)     Total                          Min: 0, Avg:  0.0, Max: 0, Diff: 0, Sum: 0, Workers: 4
[2500.100s][debug][gc,phases      ] GC(221)   Weak JFR Old Object Samples    Min:  0.0, Avg:  0.0, Max:  0.0, Diff:  0.0, Sum:  0.0, Workers: 4
[2500.100s][debug][gc,phases      ] GC(221)     Dead                           Min: 0, Avg:  0.0, Max: 0, Diff: 0, Sum: 0, Workers: 4
[2500.100s][debug][gc,phases      ] GC(221)     Total                          Min: 0, Avg:  0.0, Max: 0, Diff: 0, Sum: 0, Workers: 4
[2500.100s][debug][gc,phases      ] GC(221) Weak Processing 0.304ms
[2500.100s][debug][gc,age         ] GC(221) Desired survivor size 31457280 bytes, new threshold 15 (max threshold 15)
[2500.100s][info ][gc,heap        ] GC(221) PSYoungGen: 2053458K(2066432K)->17714K(2066432K) Eden: 2035712K(2035712K)->0K(2035712K) From: 17746K(30720K)->17714K(30720K)
[2500.100s][info ][gc,heap        ] GC(221) ParOldGen: 599417K(740864K)->599465K(740864K)
[2500.100s][info ][gc,metaspace   ] GC(221) Metaspace: 85543K(86400K)->85543K(86400K) NonClass: 73532K(73984K)->73532K(73984K) Class: 12010K(12416K)->12010K(12416K)
[2500.100s][info ][gc             ] GC(221) Pause Young (Allocation Failure) 2590M->602M(2741M) 6.403ms
[2500.100s][info ][gc,cpu         ] GC(221) User=0.02s Sys=0.00s Real=0.00s
[2500.100s][info ][safepoint      ] Safepoint "ParallelGCFailedAllocation", Time since last: 5492627340 ns, Reaching safepoint: 112703 ns, At safepoint: 6485351 ns, Total: 6598054 ns
[2512.101s][info ][safepoint      ] Safepoint "Cleanup", Time since last: 12000721694 ns, Reaching safepoint: 46901 ns, At safepoint: 3200 ns, Total: 50101 ns
[2521.238s][info ][gc,start       ] GC(222) Pause Young (Allocation Failure)
[2521.243s][debug][gc,phases      ] GC(222) Scavenge 5.563ms
[2521.243s][debug][gc,ref         ] GC(222) Skipped phase 1 of Reference Processing: no references
[2521.243s][debug][gc,ref         ] GC(222) ReferenceProcessor::execute queues: 1, RefProcThreadModel::Single, marks_oops_alive: false
[2521.244s][debug][gc,ref         ] GC(222) Skipped phase 3 of Reference Processing: no references
[2521.244s][debug][gc,ref         ] GC(222) ReferenceProcessor::execute queues: 1, RefProcThreadModel::Single, marks_oops_alive: false
[2521.244s][debug][gc,phases      ] GC(222) Reference Processing 0.130ms
[2521.244s][debug][gc,phases      ] GC(222)   VM Weak                        Min:  0.0, Avg:  0.0, Max:  0.0, Diff:  0.0, Sum:  0.0, Workers: 4
[2521.244s][debug][gc,phases      ] GC(222)     Dead                           Min: 0, Avg:  0.0, Max: 0, Diff: 0, Sum: 0, Workers: 4
[2521.244s][debug][gc,phases      ] GC(222)     Total                          Min: 0, Avg: 188.0, Max: 432, Diff: 432, Sum: 752, Workers: 4
[2521.244s][debug][gc,phases      ] GC(222)   ObjectSynchronizer Weak        Min:  0.0, Avg:  0.0, Max:  0.0, Diff:  0.0, Sum:  0.0, Workers: 4
[2521.244s][debug][gc,phases      ] GC(222)     Dead                           Min: 0, Avg:  0.0, Max: 0, Diff: 0, Sum: 0, Workers: 4
[2521.244s][debug][gc,phases      ] GC(222)     Total                          Min: 11, Avg: 98.8, Max: 128, Diff: 117, Sum: 395, Workers: 4
[2521.244s][debug][gc,phases      ] GC(222)   JVMTI Tag Weak OopStorage      Min:  0.0, Avg:  0.0, Max:  0.0, Diff:  0.0, Sum:  0.0, Workers: 4
[2521.244s][debug][gc,phases      ] GC(222)     Dead                           Min: 0, Avg:  0.0, Max: 0, Diff: 0, Sum: 0, Workers: 4
[2521.244s][debug][gc,phases      ] GC(222)     Total                          Min: 0, Avg:  0.0, Max: 0, Diff: 0, Sum: 0, Workers: 4
[2521.244s][debug][gc,phases      ] GC(222)   StringTable Weak               Min:  0.1, Avg:  0.1, Max:  0.1, Diff:  0.0, Sum:  0.5, Workers: 4
[2521.244s][debug][gc,phases      ] GC(222)     Dead                           Min: 0, Avg:  0.0, Max: 0, Diff: 0, Sum: 0, Workers: 4
[2521.244s][debug][gc,phases      ] GC(222)     Total                          Min: 11136, Avg: 12249.0, Max: 13696, Diff: 2560, Sum: 48996, Workers: 4
[2521.244s][debug][gc,phases      ] GC(222)   ResolvedMethodTable Weak       Min:  0.0, Avg:  0.0, Max:  0.0, Diff:  0.0, Sum:  0.1, Workers: 4
[2521.244s][debug][gc,phases      ] GC(222)     Dead                           Min: 0, Avg:  0.0, Max: 0, Diff: 0, Sum: 0, Workers: 4
[2521.244s][debug][gc,phases      ] GC(222)     Total                          Min: 2048, Avg: 2230.8, Max: 2432, Diff: 384, Sum: 8923, Workers: 4
[2521.244s][debug][gc,phases      ] GC(222)   JNI Weak                       Min:  0.0, Avg:  0.0, Max:  0.0, Diff:  0.0, Sum:  0.0, Workers: 4
[2521.244s][debug][gc,phases      ] GC(222)     Dead                           Min: 0, Avg:  0.0, Max: 0, Diff: 0, Sum: 0, Workers: 4
[2521.244s][debug][gc,phases      ] GC(222)     Total                          Min: 0, Avg:  0.0, Max: 0, Diff: 0, Sum: 0, Workers: 4
[2521.244s][debug][gc,phases      ] GC(222)   StringDedup Table Weak         Min:  0.0, Avg:  0.0, Max:  0.0, Diff:  0.0, Sum:  0.0, Workers: 4
[2521.244s][debug][gc,phases      ] GC(222)     Dead                           Min: 0, Avg:  0.0, Max: 0, Diff: 0, Sum: 0, Workers: 4
[2521.244s][debug][gc,phases      ] GC(222)     Total                          Min: 0, Avg:  0.0, Max: 0, Diff: 0, Sum: 0, Workers: 4
[2521.244s][debug][gc,phases      ] GC(222)   StringDedup Requests0 Weak     Min:  0.0, Avg:  0.0, Max:  0.0, Diff:  0.0, Sum:  0.0, Workers: 4
[2521.244s][debug][gc,phases      ] GC(222)     Dead                           Min: 0, Avg:  0.0, Max: 0, Diff: 0, Sum: 0, Workers: 4
[2521.244s][debug][gc,phases      ] GC(222)     Total                          Min: 0, Avg:  0.0, Max: 0, Diff: 0, Sum: 0, Workers: 4
[2521.244s][debug][gc,phases      ] GC(222)   StringDedup Requests1 Weak     Min:  0.0, Avg:  0.0, Max:  0.0, Diff:  0.0, Sum:  0.0, Workers: 4
[2521.244s][debug][gc,phases      ] GC(222)     Dead                           Min: 0, Avg:  0.0, Max: 0, Diff: 0, Sum: 0, Workers: 4
[2521.244s][debug][gc,phases      ] GC(222)     Total                          Min: 0, Avg:  0.0, Max: 0, Diff: 0, Sum: 0, Workers: 4
[2521.244s][debug][gc,phases      ] GC(222)   Weak JFR Old Object Samples    Min:  0.0, Avg:  0.0, Max:  0.0, Diff:  0.0, Sum:  0.0, Workers: 4
[2521.244s][debug][gc,phases      ] GC(222)     Dead                           Min: 0, Avg:  0.0, Max: 0, Diff: 0, Sum: 0, Workers: 4
[2521.244s][debug][gc,phases      ] GC(222)     Total                          Min: 0, Avg:  0.0, Max: 0, Diff: 0, Sum: 0, Workers: 4
[2521.244s][debug][gc,phases      ] GC(222) Weak Processing 0.319ms
[2521.244s][debug][gc,age         ] GC(222) Desired survivor size 31457280 bytes, new threshold 15 (max threshold 15)
[2521.244s][info ][gc,heap        ] GC(222) PSYoungGen: 2053426K(2066432K)->18101K(2066432K) Eden: 2035712K(2035712K)->0K(2035712K) From: 17714K(30720K)->18101K(30720K)
[2521.244s][info ][gc,heap        ] GC(222) ParOldGen: 599465K(740864K)->599497K(740864K)
[2521.244s][info ][gc,metaspace   ] GC(222) Metaspace: 85543K(86400K)->85543K(86400K) NonClass: 73532K(73984K)->73532K(73984K) Class: 12010K(12416K)->12010K(12416K)
[2521.244s][info ][gc             ] GC(222) Pause Young (Allocation Failure) 2590M->603M(2741M) 6.122ms
[2521.244s][info ][gc,cpu         ] GC(222) User=0.02s Sys=0.00s Real=0.01s
[2521.244s][info ][safepoint      ] Safepoint "ParallelGCFailedAllocation", Time since last: 9136717823 ns, Reaching safepoint: 46901 ns, At safepoint: 6236246 ns, Total: 6283147 ns
[2537.245s][info ][safepoint      ] Safepoint "Cleanup", Time since last: 16000990901 ns, Reaching safepoint: 143903 ns, At safepoint: 5800 ns, Total: 149703 ns
[2538.245s][info ][safepoint      ] Safepoint "Cleanup", Time since last: 1000113119 ns, Reaching safepoint: 127803 ns, At safepoint: 5200 ns, Total: 133003 ns
[2540.246s][info ][safepoint      ] Safepoint "Cleanup", Time since last: 2000175437 ns, Reaching safepoint: 52901 ns, At safepoint: 8700 ns, Total: 61601 ns
[2542.524s][info ][gc,start       ] GC(223) Pause Young (Allocation Failure)
[2542.530s][debug][gc,phases      ] GC(223) Scavenge 5.734ms
[2542.530s][debug][gc,ref         ] GC(223) Skipped phase 1 of Reference Processing: no references
[2542.530s][debug][gc,ref         ] GC(223) ReferenceProcessor::execute queues: 1, RefProcThreadModel::Single, marks_oops_alive: false
[2542.530s][debug][gc,ref         ] GC(223) Skipped phase 3 of Reference Processing: no references
[2542.530s][debug][gc,ref         ] GC(223) ReferenceProcessor::execute queues: 1, RefProcThreadModel::Single, marks_oops_alive: false
[2542.530s][debug][gc,phases      ] GC(223) Reference Processing 0.108ms
[2542.531s][debug][gc,phases      ] GC(223)   VM Weak                        Min:  0.0, Avg:  0.0, Max:  0.0, Diff:  0.0, Sum:  0.0, Workers: 4
[2542.531s][debug][gc,phases      ] GC(223)     Dead                           Min: 0, Avg:  0.0, Max: 0, Diff: 0, Sum: 0, Workers: 4
[2542.531s][debug][gc,phases      ] GC(223)     Total                          Min: 0, Avg: 188.2, Max: 753, Diff: 753, Sum: 753, Workers: 4
[2542.531s][debug][gc,phases      ] GC(223)   ObjectSynchronizer Weak        Min:  0.0, Avg:  0.0, Max:  0.0, Diff:  0.0, Sum:  0.0, Workers: 4
[2542.531s][debug][gc,phases      ] GC(223)     Dead                           Min: 0, Avg:  0.0, Max: 0, Diff: 0, Sum: 0, Workers: 4
[2542.531s][debug][gc,phases      ] GC(223)     Total                          Min: 0, Avg: 98.8, Max: 267, Diff: 267, Sum: 395, Workers: 4
[2542.531s][debug][gc,phases      ] GC(223)   JVMTI Tag Weak OopStorage      Min:  0.0, Avg:  0.0, Max:  0.0, Diff:  0.0, Sum:  0.0, Workers: 4
[2542.531s][debug][gc,phases      ] GC(223)     Dead                           Min: 0, Avg:  0.0, Max: 0, Diff: 0, Sum: 0, Workers: 4
[2542.531s][debug][gc,phases      ] GC(223)     Total                          Min: 0, Avg:  0.0, Max: 0, Diff: 0, Sum: 0, Workers: 4
[2542.531s][debug][gc,phases      ] GC(223)   StringTable Weak               Min:  0.1, Avg:  0.1, Max:  0.1, Diff:  0.0, Sum:  0.4, Workers: 4
[2542.531s][debug][gc,phases      ] GC(223)     Dead                           Min: 0, Avg:  0.0, Max: 0, Diff: 0, Sum: 0, Workers: 4
[2542.531s][debug][gc,phases      ] GC(223)     Total                          Min: 10752, Avg: 12251.2, Max: 13888, Diff: 3136, Sum: 49005, Workers: 4
[2542.531s][debug][gc,phases      ] GC(223)   ResolvedMethodTable Weak       Min:  0.0, Avg:  0.0, Max:  0.0, Diff:  0.0, Sum:  0.1, Workers: 4
[2542.531s][debug][gc,phases      ] GC(223)     Dead                           Min: 0, Avg:  0.0, Max: 0, Diff: 0, Sum: 0, Workers: 4
[2542.531s][debug][gc,phases      ] GC(223)     Total                          Min: 2148, Avg: 2233.0, Max: 2368, Diff: 220, Sum: 8932, Workers: 4
[2542.531s][debug][gc,phases      ] GC(223)   JNI Weak                       Min:  0.0, Avg:  0.0, Max:  0.0, Diff:  0.0, Sum:  0.0, Workers: 4
[2542.531s][debug][gc,phases      ] GC(223)     Dead                           Min: 0, Avg:  0.0, Max: 0, Diff: 0, Sum: 0, Workers: 4
[2542.531s][debug][gc,phases      ] GC(223)     Total                          Min: 0, Avg:  0.0, Max: 0, Diff: 0, Sum: 0, Workers: 4
[2542.531s][debug][gc,phases      ] GC(223)   StringDedup Table Weak         Min:  0.0, Avg:  0.0, Max:  0.0, Diff:  0.0, Sum:  0.0, Workers: 4
[2542.531s][debug][gc,phases      ] GC(223)     Dead                           Min: 0, Avg:  0.0, Max: 0, Diff: 0, Sum: 0, Workers: 4
[2542.531s][debug][gc,phases      ] GC(223)     Total                          Min: 0, Avg:  0.0, Max: 0, Diff: 0, Sum: 0, Workers: 4
[2542.531s][debug][gc,phases      ] GC(223)   StringDedup Requests0 Weak     Min:  0.0, Avg:  0.0, Max:  0.0, Diff:  0.0, Sum:  0.0, Workers: 4
[2542.531s][debug][gc,phases      ] GC(223)     Dead                           Min: 0, Avg:  0.0, Max: 0, Diff: 0, Sum: 0, Workers: 4
[2542.531s][debug][gc,phases      ] GC(223)     Total                          Min: 0, Avg:  0.0, Max: 0, Diff: 0, Sum: 0, Workers: 4
[2542.531s][debug][gc,phases      ] GC(223)   StringDedup Requests1 Weak     Min:  0.0, Avg:  0.0, Max:  0.0, Diff:  0.0, Sum:  0.0, Workers: 4
[2542.531s][debug][gc,phases      ] GC(223)     Dead                           Min: 0, Avg:  0.0, Max: 0, Diff: 0, Sum: 0, Workers: 4
[2542.531s][debug][gc,phases      ] GC(223)     Total                          Min: 0, Avg:  0.0, Max: 0, Diff: 0, Sum: 0, Workers: 4
[2542.531s][debug][gc,phases      ] GC(223)   Weak JFR Old Object Samples    Min:  0.0, Avg:  0.0, Max:  0.0, Diff:  0.0, Sum:  0.0, Workers: 4
[2542.531s][debug][gc,phases      ] GC(223)     Dead                           Min: 0, Avg:  0.0, Max: 0, Diff: 0, Sum: 0, Workers: 4
[2542.531s][debug][gc,phases      ] GC(223)     Total                          Min: 0, Avg:  0.0, Max: 0, Diff: 0, Sum: 0, Workers: 4
[2542.531s][debug][gc,phases      ] GC(223) Weak Processing 0.315ms
[2542.531s][debug][gc,age         ] GC(223) Desired survivor size 31457280 bytes, new threshold 15 (max threshold 15)
[2542.531s][info ][gc,heap        ] GC(223) PSYoungGen: 2053813K(2066432K)->18149K(2066432K) Eden: 2035712K(2035712K)->0K(2035712K) From: 18101K(30720K)->18149K(30720K)
[2542.531s][info ][gc,heap        ] GC(223) ParOldGen: 599497K(740864K)->599537K(740864K)
[2542.531s][info ][gc,metaspace   ] GC(223) Metaspace: 85575K(86464K)->85575K(86464K) NonClass: 73561K(74048K)->73561K(74048K) Class: 12014K(12416K)->12014K(12416K)
[2542.531s][info ][gc             ] GC(223) Pause Young (Allocation Failure) 2591M->603M(2741M) 6.289ms
[2542.531s][info ][gc,cpu         ] GC(223) User=0.02s Sys=0.00s Real=0.00s
[2542.531s][info ][safepoint      ] Safepoint "ParallelGCFailedAllocation", Time since last: 2278695834 ns, Reaching safepoint: 108803 ns, At safepoint: 6378349 ns, Total: 6487152 ns
[2555.532s][info ][safepoint      ] Safepoint "Cleanup", Time since last: 13000878304 ns, Reaching safepoint: 75701 ns, At safepoint: 7100 ns, Total: 82801 ns
[2560.532s][info ][safepoint      ] Safepoint "Cleanup", Time since last: 5000293140 ns, Reaching safepoint: 49101 ns, At safepoint: 7800 ns, Total: 56901 ns
[2562.674s][info ][gc,start       ] GC(224) Pause Young (Allocation Failure)
[2562.683s][debug][gc,phases      ] GC(224) Scavenge 8.685ms
[2562.683s][debug][gc,ref         ] GC(224) Skipped phase 1 of Reference Processing: no references
[2562.683s][debug][gc,ref         ] GC(224) ReferenceProcessor::execute queues: 1, RefProcThreadModel::Single, marks_oops_alive: false
[2562.683s][debug][gc,ref         ] GC(224) ReferenceProcessor::execute queues: 4, RefProcThreadModel::Multi, marks_oops_alive: true
[2562.683s][debug][gc,ref         ] GC(224) ReferenceProcessor::execute queues: 1, RefProcThreadModel::Single, marks_oops_alive: false
[2562.683s][debug][gc,phases      ] GC(224) Reference Processing 0.176ms
[2562.683s][debug][gc,phases      ] GC(224)   VM Weak                        Min:  0.0, Avg:  0.0, Max:  0.0, Diff:  0.0, Sum:  0.0, Workers: 4
[2562.683s][debug][gc,phases      ] GC(224)     Dead                           Min: 0, Avg:  0.0, Max: 0, Diff: 0, Sum: 0, Workers: 4
[2562.683s][debug][gc,phases      ] GC(224)     Total                          Min: 0, Avg: 188.2, Max: 497, Diff: 497, Sum: 753, Workers: 4
[2562.683s][debug][gc,phases      ] GC(224)   ObjectSynchronizer Weak        Min:  0.0, Avg:  0.0, Max:  0.0, Diff:  0.0, Sum:  0.0, Workers: 4
[2562.683s][debug][gc,phases      ] GC(224)     Dead                           Min: 0, Avg:  0.0, Max: 0, Diff: 0, Sum: 0, Workers: 4
[2562.683s][debug][gc,phases      ] GC(224)     Total                          Min: 11, Avg: 98.8, Max: 128, Diff: 117, Sum: 395, Workers: 4
[2562.683s][debug][gc,phases      ] GC(224)   JVMTI Tag Weak OopStorage      Min:  0.0, Avg:  0.0, Max:  0.0, Diff:  0.0, Sum:  0.0, Workers: 4
[2562.683s][debug][gc,phases      ] GC(224)     Dead                           Min: 0, Avg:  0.0, Max: 0, Diff: 0, Sum: 0, Workers: 4
[2562.683s][debug][gc,phases      ] GC(224)     Total                          Min: 0, Avg:  0.0, Max: 0, Diff: 0, Sum: 0, Workers: 4
[2562.683s][debug][gc,phases      ] GC(224)   StringTable Weak               Min:  0.1, Avg:  0.1, Max:  0.1, Diff:  0.0, Sum:  0.4, Workers: 4
[2562.683s][debug][gc,phases      ] GC(224)     Dead                           Min: 0, Avg:  0.0, Max: 0, Diff: 0, Sum: 0, Workers: 4
[2562.683s][debug][gc,phases      ] GC(224)     Total                          Min: 11840, Avg: 12252.2, Max: 12672, Diff: 832, Sum: 49009, Workers: 4
[2562.683s][debug][gc,phases      ] GC(224)   ResolvedMethodTable Weak       Min:  0.0, Avg:  0.0, Max:  0.0, Diff:  0.0, Sum:  0.1, Workers: 4
[2562.683s][debug][gc,phases      ] GC(224)     Dead                           Min: 0, Avg:  0.0, Max: 0, Diff: 0, Sum: 0, Workers: 4
[2562.683s][debug][gc,phases      ] GC(224)     Total                          Min: 2020, Avg: 2233.0, Max: 2368, Diff: 348, Sum: 8932, Workers: 4
[2562.683s][debug][gc,phases      ] GC(224)   JNI Weak                       Min:  0.0, Avg:  0.0, Max:  0.0, Diff:  0.0, Sum:  0.0, Workers: 4
[2562.683s][debug][gc,phases      ] GC(224)     Dead                           Min: 0, Avg:  0.0, Max: 0, Diff: 0, Sum: 0, Workers: 4
[2562.683s][debug][gc,phases      ] GC(224)     Total                          Min: 0, Avg:  0.0, Max: 0, Diff: 0, Sum: 0, Workers: 4
[2562.683s][debug][gc,phases      ] GC(224)   StringDedup Table Weak         Min:  0.0, Avg:  0.0, Max:  0.0, Diff:  0.0, Sum:  0.0, Workers: 4
[2562.683s][debug][gc,phases      ] GC(224)     Dead                           Min: 0, Avg:  0.0, Max: 0, Diff: 0, Sum: 0, Workers: 4
[2562.683s][debug][gc,phases      ] GC(224)     Total                          Min: 0, Avg:  0.0, Max: 0, Diff: 0, Sum: 0, Workers: 4
[2562.683s][debug][gc,phases      ] GC(224)   StringDedup Requests0 Weak     Min:  0.0, Avg:  0.0, Max:  0.0, Diff:  0.0, Sum:  0.0, Workers: 4
[2562.683s][debug][gc,phases      ] GC(224)     Dead                           Min: 0, Avg:  0.0, Max: 0, Diff: 0, Sum: 0, Workers: 4
[2562.683s][debug][gc,phases      ] GC(224)     Total                          Min: 0, Avg:  0.0, Max: 0, Diff: 0, Sum: 0, Workers: 4
[2562.683s][debug][gc,phases      ] GC(224)   StringDedup Requests1 Weak     Min:  0.0, Avg:  0.0, Max:  0.0, Diff:  0.0, Sum:  0.0, Workers: 4
[2562.683s][debug][gc,phases      ] GC(224)     Dead                           Min: 0, Avg:  0.0, Max: 0, Diff: 0, Sum: 0, Workers: 4
[2562.683s][debug][gc,phases      ] GC(224)     Total                          Min: 0, Avg:  0.0, Max: 0, Diff: 0, Sum: 0, Workers: 4
[2562.683s][debug][gc,phases      ] GC(224)   Weak JFR Old Object Samples    Min:  0.0, Avg:  0.0, Max:  0.0, Diff:  0.0, Sum:  0.0, Workers: 4
[2562.683s][debug][gc,phases      ] GC(224)     Dead                           Min: 0, Avg:  0.0, Max: 0, Diff: 0, Sum: 0, Workers: 4
[2562.683s][debug][gc,phases      ] GC(224)     Total                          Min: 0, Avg:  0.0, Max: 0, Diff: 0, Sum: 0, Workers: 4
[2562.683s][debug][gc,phases      ] GC(224) Weak Processing 0.306ms
[2562.683s][debug][gc,age         ] GC(224) Desired survivor size 31457280 bytes, new threshold 15 (max threshold 15)
[2562.683s][info ][gc,heap        ] GC(224) PSYoungGen: 2053861K(2066432K)->19002K(2066432K) Eden: 2035712K(2035712K)->0K(2035712K) From: 18149K(30720K)->19002K(30720K)
[2562.683s][info ][gc,heap        ] GC(224) ParOldGen: 599537K(740864K)->615937K(740864K)
[2562.683s][info ][gc,metaspace   ] GC(224) Metaspace: 85583K(86464K)->85583K(86464K) NonClass: 73569K(74048K)->73569K(74048K) Class: 12014K(12416K)->12014K(12416K)
[2562.683s][info ][gc             ] GC(224) Pause Young (Allocation Failure) 2591M->620M(2741M) 9.299ms
[2562.683s][info ][gc,cpu         ] GC(224) User=0.03s Sys=0.01s Real=0.00s
[2562.683s][info ][safepoint      ] Safepoint "ParallelGCFailedAllocation", Time since last: 2141974769 ns, Reaching safepoint: 50501 ns, At safepoint: 9389619 ns, Total: 9440120 ns
[2565.684s][info ][safepoint      ] Safepoint "Cleanup", Time since last: 3000239495 ns, Reaching safepoint: 31501 ns, At safepoint: 2500 ns, Total: 34001 ns
[2582.643s][info ][gc,start       ] GC(225) Pause Young (Allocation Failure)
[2582.649s][debug][gc,phases      ] GC(225) Scavenge 5.398ms
[2582.649s][debug][gc,ref         ] GC(225) Skipped phase 1 of Reference Processing: no references
[2582.649s][debug][gc,ref         ] GC(225) ReferenceProcessor::execute queues: 1, RefProcThreadModel::Single, marks_oops_alive: false
[2582.649s][debug][gc,ref         ] GC(225) ReferenceProcessor::execute queues: 4, RefProcThreadModel::Multi, marks_oops_alive: true
[2582.649s][debug][gc,ref         ] GC(225) ReferenceProcessor::execute queues: 1, RefProcThreadModel::Single, marks_oops_alive: false
[2582.649s][debug][gc,phases      ] GC(225) Reference Processing 0.191ms
[2582.649s][debug][gc,phases      ] GC(225)   VM Weak                        Min:  0.0, Avg:  0.0, Max:  0.0, Diff:  0.0, Sum:  0.0, Workers: 4
[2582.649s][debug][gc,phases      ] GC(225)     Dead                           Min: 0, Avg:  0.0, Max: 0, Diff: 0, Sum: 0, Workers: 4
[2582.649s][debug][gc,phases      ] GC(225)     Total                          Min: 0, Avg: 188.2, Max: 512, Diff: 512, Sum: 753, Workers: 4
[2582.649s][debug][gc,phases      ] GC(225)   ObjectSynchronizer Weak        Min:  0.0, Avg:  0.0, Max:  0.0, Diff:  0.0, Sum:  0.0, Workers: 4
[2582.649s][debug][gc,phases      ] GC(225)     Dead                           Min: 0, Avg:  0.0, Max: 0, Diff: 0, Sum: 0, Workers: 4
[2582.649s][debug][gc,phases      ] GC(225)     Total                          Min: 0, Avg: 98.8, Max: 139, Diff: 139, Sum: 395, Workers: 4
[2582.649s][debug][gc,phases      ] GC(225)   JVMTI Tag Weak OopStorage      Min:  0.0, Avg:  0.0, Max:  0.0, Diff:  0.0, Sum:  0.0, Workers: 4
[2582.649s][debug][gc,phases      ] GC(225)     Dead                           Min: 0, Avg:  0.0, Max: 0, Diff: 0, Sum: 0, Workers: 4
[2582.649s][debug][gc,phases      ] GC(225)     Total                          Min: 0, Avg:  0.0, Max: 0, Diff: 0, Sum: 0, Workers: 4
[2582.649s][debug][gc,phases      ] GC(225)   StringTable Weak               Min:  0.1, Avg:  0.1, Max:  0.1, Diff:  0.0, Sum:  0.4, Workers: 4
[2582.649s][debug][gc,phases      ] GC(225)     Dead                           Min: 0, Avg:  0.0, Max: 0, Diff: 0, Sum: 0, Workers: 4
[2582.649s][debug][gc,phases      ] GC(225)     Total                          Min: 11136, Avg: 12252.2, Max: 13681, Diff: 2545, Sum: 49009, Workers: 4
[2582.649s][debug][gc,phases      ] GC(225)   ResolvedMethodTable Weak       Min:  0.0, Avg:  0.0, Max:  0.0, Diff:  0.0, Sum:  0.1, Workers: 4
[2582.649s][debug][gc,phases      ] GC(225)     Dead                           Min: 0, Avg:  0.0, Max: 0, Diff: 0, Sum: 0, Workers: 4
[2582.649s][debug][gc,phases      ] GC(225)     Total                          Min: 2112, Avg: 2233.0, Max: 2532, Diff: 420, Sum: 8932, Workers: 4
[2582.649s][debug][gc,phases      ] GC(225)   JNI Weak                       Min:  0.0, Avg:  0.0, Max:  0.0, Diff:  0.0, Sum:  0.0, Workers: 4
[2582.649s][debug][gc,phases      ] GC(225)     Dead                           Min: 0, Avg:  0.0, Max: 0, Diff: 0, Sum: 0, Workers: 4
[2582.649s][debug][gc,phases      ] GC(225)     Total                          Min: 0, Avg:  0.0, Max: 0, Diff: 0, Sum: 0, Workers: 4
[2582.649s][debug][gc,phases      ] GC(225)   StringDedup Table Weak         Min:  0.0, Avg:  0.0, Max:  0.0, Diff:  0.0, Sum:  0.0, Workers: 4
[2582.649s][debug][gc,phases      ] GC(225)     Dead                           Min: 0, Avg:  0.0, Max: 0, Diff: 0, Sum: 0, Workers: 4
[2582.649s][debug][gc,phases      ] GC(225)     Total                          Min: 0, Avg:  0.0, Max: 0, Diff: 0, Sum: 0, Workers: 4
[2582.649s][debug][gc,phases      ] GC(225)   StringDedup Requests0 Weak     Min:  0.0, Avg:  0.0, Max:  0.0, Diff:  0.0, Sum:  0.0, Workers: 4
[2582.649s][debug][gc,phases      ] GC(225)     Dead                           Min: 0, Avg:  0.0, Max: 0, Diff: 0, Sum: 0, Workers: 4
[2582.649s][debug][gc,phases      ] GC(225)     Total                          Min: 0, Avg:  0.0, Max: 0, Diff: 0, Sum: 0, Workers: 4
[2582.649s][debug][gc,phases      ] GC(225)   StringDedup Requests1 Weak     Min:  0.0, Avg:  0.0, Max:  0.0, Diff:  0.0, Sum:  0.0, Workers: 4
[2582.649s][debug][gc,phases      ] GC(225)     Dead                           Min: 0, Avg:  0.0, Max: 0, Diff: 0, Sum: 0, Workers: 4
[2582.649s][debug][gc,phases      ] GC(225)     Total                          Min: 0, Avg:  0.0, Max: 0, Diff: 0, Sum: 0, Workers: 4
[2582.649s][debug][gc,phases      ] GC(225)   Weak JFR Old Object Samples    Min:  0.0, Avg:  0.0, Max:  0.0, Diff:  0.0, Sum:  0.0, Workers: 4
[2582.649s][debug][gc,phases      ] GC(225)     Dead                           Min: 0, Avg:  0.0, Max: 0, Diff: 0, Sum: 0, Workers: 4
[2582.649s][debug][gc,phases      ] GC(225)     Total                          Min: 0, Avg:  0.0, Max: 0, Diff: 0, Sum: 0, Workers: 4
[2582.649s][debug][gc,phases      ] GC(225) Weak Processing 0.307ms
[2582.649s][debug][gc,age         ] GC(225) Desired survivor size 31457280 bytes, new threshold 15 (max threshold 15)
[2582.649s][info ][gc,heap        ] GC(225) PSYoungGen: 2054714K(2066432K)->18954K(2066432K) Eden: 2035712K(2035712K)->0K(2035712K) From: 19002K(30720K)->18954K(30720K)
[2582.649s][info ][gc,heap        ] GC(225) ParOldGen: 615937K(740864K)->615945K(740864K)
[2582.649s][info ][gc,metaspace   ] GC(225) Metaspace: 85589K(86528K)->85589K(86528K) NonClass: 73575K(74112K)->73575K(74112K) Class: 12014K(12416K)->12014K(12416K)
[2582.649s][info ][gc             ] GC(225) Pause Young (Allocation Failure) 2608M->620M(2741M) 6.034ms
[2582.649s][info ][gc,cpu         ] GC(225) User=0.02s Sys=0.00s Real=0.01s
[2582.650s][info ][safepoint      ] Safepoint "ParallelGCFailedAllocation", Time since last: 16959594748 ns, Reaching safepoint: 49701 ns, At safepoint: 6156944 ns, Total: 6206645 ns
[2600.651s][info ][safepoint      ] Safepoint "Cleanup", Time since last: 18001196610 ns, Reaching safepoint: 60401 ns, At safepoint: 9300 ns, Total: 69701 ns
[2602.651s][info ][safepoint      ] Safepoint "Cleanup", Time since last: 2000173301 ns, Reaching safepoint: 59201 ns, At safepoint: 9300 ns, Total: 68501 ns
[2603.044s][info ][gc,start       ] GC(226) Pause Young (Allocation Failure)
[2603.049s][debug][gc,phases      ] GC(226) Scavenge 5.402ms
[2603.049s][debug][gc,ref         ] GC(226) Skipped phase 1 of Reference Processing: no references
[2603.049s][debug][gc,ref         ] GC(226) ReferenceProcessor::execute queues: 1, RefProcThreadModel::Single, marks_oops_alive: false
[2603.049s][debug][gc,ref         ] GC(226) Skipped phase 3 of Reference Processing: no references
[2603.049s][debug][gc,ref         ] GC(226) ReferenceProcessor::execute queues: 1, RefProcThreadModel::Single, marks_oops_alive: false
[2603.049s][debug][gc,phases      ] GC(226) Reference Processing 0.108ms
[2603.050s][debug][gc,phases      ] GC(226)   VM Weak                        Min:  0.0, Avg:  0.0, Max:  0.0, Diff:  0.0, Sum:  0.0, Workers: 4
[2603.050s][debug][gc,phases      ] GC(226)     Dead                           Min: 0, Avg:  0.0, Max: 0, Diff: 0, Sum: 0, Workers: 4
[2603.050s][debug][gc,phases      ] GC(226)     Total                          Min: 64, Avg: 188.2, Max: 497, Diff: 433, Sum: 753, Workers: 4
[2603.050s][debug][gc,phases      ] GC(226)   ObjectSynchronizer Weak        Min:  0.0, Avg:  0.0, Max:  0.0, Diff:  0.0, Sum:  0.0, Workers: 4
[2603.050s][debug][gc,phases      ] GC(226)     Dead                           Min: 0, Avg:  0.0, Max: 0, Diff: 0, Sum: 0, Workers: 4
[2603.050s][debug][gc,phases      ] GC(226)     Total                          Min: 64, Avg: 98.8, Max: 128, Diff: 64, Sum: 395, Workers: 4
[2603.050s][debug][gc,phases      ] GC(226)   JVMTI Tag Weak OopStorage      Min:  0.0, Avg:  0.0, Max:  0.0, Diff:  0.0, Sum:  0.0, Workers: 4
[2603.050s][debug][gc,phases      ] GC(226)     Dead                           Min: 0, Avg:  0.0, Max: 0, Diff: 0, Sum: 0, Workers: 4
[2603.050s][debug][gc,phases      ] GC(226)     Total                          Min: 0, Avg:  0.0, Max: 0, Diff: 0, Sum: 0, Workers: 4
[2603.050s][debug][gc,phases      ] GC(226)   StringTable Weak               Min:  0.1, Avg:  0.1, Max:  0.1, Diff:  0.0, Sum:  0.4, Workers: 4
[2603.050s][debug][gc,phases      ] GC(226)     Dead                           Min: 0, Avg:  0.0, Max: 0, Diff: 0, Sum: 0, Workers: 4
[2603.050s][debug][gc,phases      ] GC(226)     Total                          Min: 11825, Avg: 12252.2, Max: 13056, Diff: 1231, Sum: 49009, Workers: 4
[2603.050s][debug][gc,phases      ] GC(226)   ResolvedMethodTable Weak       Min:  0.0, Avg:  0.0, Max:  0.0, Diff:  0.0, Sum:  0.1, Workers: 4
[2603.050s][debug][gc,phases      ] GC(226)     Dead                           Min: 0, Avg:  0.0, Max: 0, Diff: 0, Sum: 0, Workers: 4
[2603.050s][debug][gc,phases      ] GC(226)     Total                          Min: 2148, Avg: 2233.0, Max: 2368, Diff: 220, Sum: 8932, Workers: 4
[2603.050s][debug][gc,phases      ] GC(226)   JNI Weak                       Min:  0.0, Avg:  0.0, Max:  0.0, Diff:  0.0, Sum:  0.0, Workers: 4
[2603.050s][debug][gc,phases      ] GC(226)     Dead                           Min: 0, Avg:  0.0, Max: 0, Diff: 0, Sum: 0, Workers: 4
[2603.050s][debug][gc,phases      ] GC(226)     Total                          Min: 0, Avg:  0.0, Max: 0, Diff: 0, Sum: 0, Workers: 4
[2603.050s][debug][gc,phases      ] GC(226)   StringDedup Table Weak         Min:  0.0, Avg:  0.0, Max:  0.0, Diff:  0.0, Sum:  0.0, Workers: 4
[2603.050s][debug][gc,phases      ] GC(226)     Dead                           Min: 0, Avg:  0.0, Max: 0, Diff: 0, Sum: 0, Workers: 4
[2603.050s][debug][gc,phases      ] GC(226)     Total                          Min: 0, Avg:  0.0, Max: 0, Diff: 0, Sum: 0, Workers: 4
[2603.050s][debug][gc,phases      ] GC(226)   StringDedup Requests0 Weak     Min:  0.0, Avg:  0.0, Max:  0.0, Diff:  0.0, Sum:  0.0, Workers: 4
[2603.050s][debug][gc,phases      ] GC(226)     Dead                           Min: 0, Avg:  0.0, Max: 0, Diff: 0, Sum: 0, Workers: 4
[2603.050s][debug][gc,phases      ] GC(226)     Total                          Min: 0, Avg:  0.0, Max: 0, Diff: 0, Sum: 0, Workers: 4
[2603.050s][debug][gc,phases      ] GC(226)   StringDedup Requests1 Weak     Min:  0.0, Avg:  0.0, Max:  0.0, Diff:  0.0, Sum:  0.0, Workers: 4
[2603.050s][debug][gc,phases      ] GC(226)     Dead                           Min: 0, Avg:  0.0, Max: 0, Diff: 0, Sum: 0, Workers: 4
[2603.050s][debug][gc,phases      ] GC(226)     Total                          Min: 0, Avg:  0.0, Max: 0, Diff: 0, Sum: 0, Workers: 4
[2603.050s][debug][gc,phases      ] GC(226)   Weak JFR Old Object Samples    Min:  0.0, Avg:  0.0, Max:  0.0, Diff:  0.0, Sum:  0.0, Workers: 4
[2603.050s][debug][gc,phases      ] GC(226)     Dead                           Min: 0, Avg:  0.0, Max: 0, Diff: 0, Sum: 0, Workers: 4
[2603.050s][debug][gc,phases      ] GC(226)     Total                          Min: 0, Avg:  0.0, Max: 0, Diff: 0, Sum: 0, Workers: 4
[2603.050s][debug][gc,phases      ] GC(226) Weak Processing 0.306ms
[2603.050s][debug][gc,age         ] GC(226) Desired survivor size 31457280 bytes, new threshold 15 (max threshold 15)
[2603.050s][info ][gc,heap        ] GC(226) PSYoungGen: 2054666K(2066432K)->18874K(2066432K) Eden: 2035712K(2035712K)->0K(2035712K) From: 18954K(30720K)->18874K(30720K)
[2603.050s][info ][gc,heap        ] GC(226) ParOldGen: 615945K(740864K)->615953K(740864K)
[2603.050s][info ][gc,metaspace   ] GC(226) Metaspace: 85589K(86528K)->85589K(86528K) NonClass: 73575K(74112K)->73575K(74112K) Class: 12014K(12416K)->12014K(12416K)
[2603.050s][info ][gc             ] GC(226) Pause Young (Allocation Failure) 2608M->619M(2741M) 5.936ms
[2603.050s][info ][gc,cpu         ] GC(226) User=0.02s Sys=0.00s Real=0.00s
[2603.050s][info ][safepoint      ] Safepoint "ParallelGCFailedAllocation", Time since last: 392574067 ns, Reaching safepoint: 104202 ns, At safepoint: 6018141 ns, Total: 6122343 ns
[2608.050s][info ][safepoint      ] Safepoint "Cleanup", Time since last: 5000350358 ns, Reaching safepoint: 51102 ns, At safepoint: 7400 ns, Total: 58502 ns
[2617.051s][info ][safepoint      ] Safepoint "Cleanup", Time since last: 9000533393 ns, Reaching safepoint: 50501 ns, At safepoint: 5400 ns, Total: 55901 ns
[2623.694s][info ][gc,start       ] GC(227) Pause Young (Allocation Failure)
[2623.700s][debug][gc,phases      ] GC(227) Scavenge 5.788ms
[2623.700s][debug][gc,ref         ] GC(227) Skipped phase 1 of Reference Processing: no references
[2623.700s][debug][gc,ref         ] GC(227) ReferenceProcessor::execute queues: 1, RefProcThreadModel::Single, marks_oops_alive: false
[2623.700s][debug][gc,ref         ] GC(227) Skipped phase 3 of Reference Processing: no references
[2623.700s][debug][gc,ref         ] GC(227) ReferenceProcessor::execute queues: 1, RefProcThreadModel::Single, marks_oops_alive: false
[2623.700s][debug][gc,phases      ] GC(227) Reference Processing 0.113ms
[2623.700s][debug][gc,phases      ] GC(227)   VM Weak                        Min:  0.0, Avg:  0.0, Max:  0.0, Diff:  0.0, Sum:  0.0, Workers: 4
[2623.700s][debug][gc,phases      ] GC(227)     Dead                           Min: 0, Avg:  0.0, Max: 0, Diff: 0, Sum: 0, Workers: 4
[2623.700s][debug][gc,phases      ] GC(227)     Total                          Min: 0, Avg: 188.2, Max: 689, Diff: 689, Sum: 753, Workers: 4
[2623.700s][debug][gc,phases      ] GC(227)   ObjectSynchronizer Weak        Min:  0.0, Avg:  0.0, Max:  0.0, Diff:  0.0, Sum:  0.0, Workers: 4
[2623.700s][debug][gc,phases      ] GC(227)     Dead                           Min: 0, Avg:  0.0, Max: 0, Diff: 0, Sum: 0, Workers: 4
[2623.700s][debug][gc,phases      ] GC(227)     Total                          Min: 0, Avg: 98.8, Max: 139, Diff: 139, Sum: 395, Workers: 4
[2623.700s][debug][gc,phases      ] GC(227)   JVMTI Tag Weak OopStorage      Min:  0.0, Avg:  0.0, Max:  0.0, Diff:  0.0, Sum:  0.0, Workers: 4
[2623.700s][debug][gc,phases      ] GC(227)     Dead                           Min: 0, Avg:  0.0, Max: 0, Diff: 0, Sum: 0, Workers: 4
[2623.701s][debug][gc,phases      ] GC(227)     Total                          Min: 0, Avg:  0.0, Max: 0, Diff: 0, Sum: 0, Workers: 4
[2623.701s][debug][gc,phases      ] GC(227)   StringTable Weak               Min:  0.1, Avg:  0.1, Max:  0.1, Diff:  0.0, Sum:  0.4, Workers: 4
[2623.701s][debug][gc,phases      ] GC(227)     Dead                           Min: 0, Avg:  0.0, Max: 0, Diff: 0, Sum: 0, Workers: 4
[2623.701s][debug][gc,phases      ] GC(227)     Total                          Min: 10048, Avg: 12253.0, Max: 13364, Diff: 3316, Sum: 49012, Workers: 4
[2623.701s][debug][gc,phases      ] GC(227)   ResolvedMethodTable Weak       Min:  0.0, Avg:  0.0, Max:  0.0, Diff:  0.0, Sum:  0.1, Workers: 4
[2623.701s][debug][gc,phases      ] GC(227)     Dead                           Min: 0, Avg:  0.0, Max: 0, Diff: 0, Sum: 0, Workers: 4
[2623.701s][debug][gc,phases      ] GC(227)     Total                          Min: 1984, Avg: 2233.5, Max: 2470, Diff: 486, Sum: 8934, Workers: 4
[2623.701s][debug][gc,phases      ] GC(227)   JNI Weak                       Min:  0.0, Avg:  0.0, Max:  0.0, Diff:  0.0, Sum:  0.0, Workers: 4
[2623.701s][debug][gc,phases      ] GC(227)     Dead                           Min: 0, Avg:  0.0, Max: 0, Diff: 0, Sum: 0, Workers: 4
[2623.701s][debug][gc,phases      ] GC(227)     Total                          Min: 0, Avg:  0.0, Max: 0, Diff: 0, Sum: 0, Workers: 4
[2623.701s][debug][gc,phases      ] GC(227)   StringDedup Table Weak         Min:  0.0, Avg:  0.0, Max:  0.0, Diff:  0.0, Sum:  0.0, Workers: 4
[2623.701s][debug][gc,phases      ] GC(227)     Dead                           Min: 0, Avg:  0.0, Max: 0, Diff: 0, Sum: 0, Workers: 4
[2623.701s][debug][gc,phases      ] GC(227)     Total                          Min: 0, Avg:  0.0, Max: 0, Diff: 0, Sum: 0, Workers: 4
[2623.701s][debug][gc,phases      ] GC(227)   StringDedup Requests0 Weak     Min:  0.0, Avg:  0.0, Max:  0.0, Diff:  0.0, Sum:  0.0, Workers: 4
[2623.701s][debug][gc,phases      ] GC(227)     Dead                           Min: 0, Avg:  0.0, Max: 0, Diff: 0, Sum: 0, Workers: 4
[2623.701s][debug][gc,phases      ] GC(227)     Total                          Min: 0, Avg:  0.0, Max: 0, Diff: 0, Sum: 0, Workers: 4
[2623.701s][debug][gc,phases      ] GC(227)   StringDedup Requests1 Weak     Min:  0.0, Avg:  0.0, Max:  0.0, Diff:  0.0, Sum:  0.0, Workers: 4
[2623.701s][debug][gc,phases      ] GC(227)     Dead                           Min: 0, Avg:  0.0, Max: 0, Diff: 0, Sum: 0, Workers: 4
[2623.701s][debug][gc,phases      ] GC(227)     Total                          Min: 0, Avg:  0.0, Max: 0, Diff: 0, Sum: 0, Workers: 4
[2623.701s][debug][gc,phases      ] GC(227)   Weak JFR Old Object Samples    Min:  0.0, Avg:  0.0, Max:  0.0, Diff:  0.0, Sum:  0.0, Workers: 4
[2623.701s][debug][gc,phases      ] GC(227)     Dead                           Min: 0, Avg:  0.0, Max: 0, Diff: 0, Sum: 0, Workers: 4
[2623.701s][debug][gc,phases      ] GC(227)     Total                          Min: 0, Avg:  0.0, Max: 0, Diff: 0, Sum: 0, Workers: 4
[2623.701s][debug][gc,phases      ] GC(227) Weak Processing 0.315ms
[2623.701s][debug][gc,age         ] GC(227) Desired survivor size 30932992 bytes, new threshold 15 (max threshold 15)
[2623.701s][info ][gc,heap        ] GC(227) PSYoungGen: 2054586K(2066432K)->18874K(2066432K) Eden: 2035712K(2035712K)->0K(2035712K) From: 18874K(30720K)->18874K(30720K)
[2623.701s][info ][gc,heap        ] GC(227) ParOldGen: 615953K(740864K)->615977K(740864K)
[2623.701s][info ][gc,metaspace   ] GC(227) Metaspace: 85591K(86528K)->85591K(86528K) NonClass: 73577K(74112K)->73577K(74112K) Class: 12014K(12416K)->12014K(12416K)
[2623.701s][info ][gc             ] GC(227) Pause Young (Allocation Failure) 2607M->619M(2741M) 6.348ms
[2623.701s][info ][gc,cpu         ] GC(227) User=0.02s Sys=0.00s Real=0.00s
[2623.701s][info ][safepoint      ] Safepoint "ParallelGCFailedAllocation", Time since last: 6643486972 ns, Reaching safepoint: 35901 ns, At safepoint: 6422650 ns, Total: 6458551 ns
[2644.643s][info ][gc,start       ] GC(228) Pause Young (Allocation Failure)
[2644.649s][debug][gc,phases      ] GC(228) Scavenge 6.085ms
[2644.649s][debug][gc,ref         ] GC(228) Skipped phase 1 of Reference Processing: no references
[2644.649s][debug][gc,ref         ] GC(228) ReferenceProcessor::execute queues: 1, RefProcThreadModel::Single, marks_oops_alive: false
[2644.649s][debug][gc,ref         ] GC(228) Skipped phase 3 of Reference Processing: no references
[2644.649s][debug][gc,ref         ] GC(228) ReferenceProcessor::execute queues: 1, RefProcThreadModel::Single, marks_oops_alive: false
[2644.649s][debug][gc,phases      ] GC(228) Reference Processing 0.105ms
[2644.650s][debug][gc,phases      ] GC(228)   VM Weak                        Min:  0.0, Avg:  0.0, Max:  0.0, Diff:  0.0, Sum:  0.0, Workers: 4
[2644.650s][debug][gc,phases      ] GC(228)     Dead                           Min: 0, Avg:  0.0, Max: 0, Diff: 0, Sum: 0, Workers: 4
[2644.650s][debug][gc,phases      ] GC(228)     Total                          Min: 0, Avg: 188.2, Max: 305, Diff: 305, Sum: 753, Workers: 4
[2644.650s][debug][gc,phases      ] GC(228)   ObjectSynchronizer Weak        Min:  0.0, Avg:  0.0, Max:  0.0, Diff:  0.0, Sum:  0.0, Workers: 4
[2644.650s][debug][gc,phases      ] GC(228)     Dead                           Min: 0, Avg:  0.0, Max: 0, Diff: 0, Sum: 0, Workers: 4
[2644.650s][debug][gc,phases      ] GC(228)     Total                          Min: 0, Avg: 98.8, Max: 256, Diff: 256, Sum: 395, Workers: 4
[2644.650s][debug][gc,phases      ] GC(228)   JVMTI Tag Weak OopStorage      Min:  0.0, Avg:  0.0, Max:  0.0, Diff:  0.0, Sum:  0.0, Workers: 4
[2644.650s][debug][gc,phases      ] GC(228)     Dead                           Min: 0, Avg:  0.0, Max: 0, Diff: 0, Sum: 0, Workers: 4
[2644.650s][debug][gc,phases      ] GC(228)     Total                          Min: 0, Avg:  0.0, Max: 0, Diff: 0, Sum: 0, Workers: 4
[2644.650s][debug][gc,phases      ] GC(228)   StringTable Weak               Min:  0.1, Avg:  0.1, Max:  0.1, Diff:  0.0, Sum:  0.4, Workers: 4
[2644.650s][debug][gc,phases      ] GC(228)     Dead                           Min: 0, Avg:  0.0, Max: 0, Diff: 0, Sum: 0, Workers: 4
[2644.650s][debug][gc,phases      ] GC(228)     Total                          Min: 11456, Avg: 12253.0, Max: 13364, Diff: 1908, Sum: 49012, Workers: 4
[2644.650s][debug][gc,phases      ] GC(228)   ResolvedMethodTable Weak       Min:  0.0, Avg:  0.0, Max:  0.0, Diff:  0.0, Sum:  0.1, Workers: 4
[2644.650s][debug][gc,phases      ] GC(228)     Dead                           Min: 0, Avg:  0.0, Max: 0, Diff: 0, Sum: 0, Workers: 4
[2644.650s][debug][gc,phases      ] GC(228)     Total                          Min: 2112, Avg: 2233.5, Max: 2342, Diff: 230, Sum: 8934, Workers: 4
[2644.650s][debug][gc,phases      ] GC(228)   JNI Weak                       Min:  0.0, Avg:  0.0, Max:  0.0, Diff:  0.0, Sum:  0.0, Workers: 4
[2644.650s][debug][gc,phases      ] GC(228)     Dead                           Min: 0, Avg:  0.0, Max: 0, Diff: 0, Sum: 0, Workers: 4
[2644.650s][debug][gc,phases      ] GC(228)     Total                          Min: 0, Avg:  0.0, Max: 0, Diff: 0, Sum: 0, Workers: 4
[2644.650s][debug][gc,phases      ] GC(228)   StringDedup Table Weak         Min:  0.0, Avg:  0.0, Max:  0.0, Diff:  0.0, Sum:  0.0, Workers: 4
[2644.650s][debug][gc,phases      ] GC(228)     Dead                           Min: 0, Avg:  0.0, Max: 0, Diff: 0, Sum: 0, Workers: 4
[2644.650s][debug][gc,phases      ] GC(228)     Total                          Min: 0, Avg:  0.0, Max: 0, Diff: 0, Sum: 0, Workers: 4
[2644.650s][debug][gc,phases      ] GC(228)   StringDedup Requests0 Weak     Min:  0.0, Avg:  0.0, Max:  0.0, Diff:  0.0, Sum:  0.0, Workers: 4
[2644.650s][debug][gc,phases      ] GC(228)     Dead                           Min: 0, Avg:  0.0, Max: 0, Diff: 0, Sum: 0, Workers: 4
[2644.650s][debug][gc,phases      ] GC(228)     Total                          Min: 0, Avg:  0.0, Max: 0, Diff: 0, Sum: 0, Workers: 4
[2644.650s][debug][gc,phases      ] GC(228)   StringDedup Requests1 Weak     Min:  0.0, Avg:  0.0, Max:  0.0, Diff:  0.0, Sum:  0.0, Workers: 4
[2644.650s][debug][gc,phases      ] GC(228)     Dead                           Min: 0, Avg:  0.0, Max: 0, Diff: 0, Sum: 0, Workers: 4
[2644.650s][debug][gc,phases      ] GC(228)     Total                          Min: 0, Avg:  0.0, Max: 0, Diff: 0, Sum: 0, Workers: 4
[2644.650s][debug][gc,phases      ] GC(228)   Weak JFR Old Object Samples    Min:  0.0, Avg:  0.0, Max:  0.0, Diff:  0.0, Sum:  0.0, Workers: 4
[2644.650s][debug][gc,phases      ] GC(228)     Dead                           Min: 0, Avg:  0.0, Max: 0, Diff: 0, Sum: 0, Workers: 4
[2644.650s][debug][gc,phases      ] GC(228)     Total                          Min: 0, Avg:  0.0, Max: 0, Diff: 0, Sum: 0, Workers: 4
[2644.650s][debug][gc,phases      ] GC(228) Weak Processing 0.316ms
[2644.650s][debug][gc,age         ] GC(228) Desired survivor size 30408704 bytes, new threshold 15 (max threshold 15)
[2644.650s][info ][gc,heap        ] GC(228) PSYoungGen: 2054586K(2066432K)->18213K(2067456K) Eden: 2035712K(2035712K)->0K(2037248K) From: 18874K(30720K)->18213K(30208K)
[2644.650s][info ][gc,heap        ] GC(228) ParOldGen: 615977K(740864K)->616638K(740864K)
[2644.650s][info ][gc,metaspace   ] GC(228) Metaspace: 85591K(86528K)->85591K(86528K) NonClass: 73577K(74112K)->73577K(74112K) Class: 12014K(12416K)->12014K(12416K)
[2644.650s][info ][gc             ] GC(228) Pause Young (Allocation Failure) 2607M->619M(2742M) 6.622ms
[2644.650s][info ][gc,cpu         ] GC(228) User=0.03s Sys=0.00s Real=0.01s
[2644.650s][info ][safepoint      ] Safepoint "ParallelGCFailedAllocation", Time since last: 20942448685 ns, Reaching safepoint: 27801 ns, At safepoint: 6714857 ns, Total: 6742658 ns
[2656.651s][info ][safepoint      ] Safepoint "Cleanup", Time since last: 12000745464 ns, Reaching safepoint: 58101 ns, At safepoint: 7900 ns, Total: 66001 ns
[2663.651s][info ][safepoint      ] Safepoint "Cleanup", Time since last: 7000473534 ns, Reaching safepoint: 34801 ns, At safepoint: 3500 ns, Total: 38301 ns
[2665.045s][info ][gc,start       ] GC(229) Pause Young (Allocation Failure)
[2665.051s][debug][gc,phases      ] GC(229) Scavenge 6.073ms
[2665.051s][debug][gc,ref         ] GC(229) Skipped phase 1 of Reference Processing: no references
[2665.051s][debug][gc,ref         ] GC(229) ReferenceProcessor::execute queues: 1, RefProcThreadModel::Single, marks_oops_alive: false
[2665.051s][debug][gc,ref         ] GC(229) Skipped phase 3 of Reference Processing: no references
[2665.051s][debug][gc,ref         ] GC(229) ReferenceProcessor::execute queues: 1, RefProcThreadModel::Single, marks_oops_alive: false
[2665.051s][debug][gc,phases      ] GC(229) Reference Processing 0.106ms
[2665.051s][debug][gc,phases      ] GC(229)   VM Weak                        Min:  0.0, Avg:  0.0, Max:  0.0, Diff:  0.0, Sum:  0.0, Workers: 4
[2665.051s][debug][gc,phases      ] GC(229)     Dead                           Min: 0, Avg:  0.0, Max: 0, Diff: 0, Sum: 0, Workers: 4
[2665.051s][debug][gc,phases      ] GC(229)     Total                          Min: 0, Avg: 188.2, Max: 369, Diff: 369, Sum: 753, Workers: 4
[2665.051s][debug][gc,phases      ] GC(229)   ObjectSynchronizer Weak        Min:  0.0, Avg:  0.0, Max:  0.0, Diff:  0.0, Sum:  0.0, Workers: 4
[2665.051s][debug][gc,phases      ] GC(229)     Dead                           Min: 0, Avg:  0.0, Max: 0, Diff: 0, Sum: 0, Workers: 4
[2665.051s][debug][gc,phases      ] GC(229)     Total                          Min: 0, Avg: 98.8, Max: 192, Diff: 192, Sum: 395, Workers: 4
[2665.051s][debug][gc,phases      ] GC(229)   JVMTI Tag Weak OopStorage      Min:  0.0, Avg:  0.0, Max:  0.0, Diff:  0.0, Sum:  0.0, Workers: 4
[2665.051s][debug][gc,phases      ] GC(229)     Dead                           Min: 0, Avg:  0.0, Max: 0, Diff: 0, Sum: 0, Workers: 4
[2665.051s][debug][gc,phases      ] GC(229)     Total                          Min: 0, Avg:  0.0, Max: 0, Diff: 0, Sum: 0, Workers: 4
[2665.051s][debug][gc,phases      ] GC(229)   StringTable Weak               Min:  0.1, Avg:  0.1, Max:  0.1, Diff:  0.0, Sum:  0.4, Workers: 4
[2665.051s][debug][gc,phases      ] GC(229)     Dead                           Min: 0, Avg:  0.0, Max: 0, Diff: 0, Sum: 0, Workers: 4
[2665.051s][debug][gc,phases      ] GC(229)     Total                          Min: 11191, Avg: 12253.8, Max: 13056, Diff: 1865, Sum: 49015, Workers: 4
[2665.051s][debug][gc,phases      ] GC(229)   ResolvedMethodTable Weak       Min:  0.0, Avg:  0.0, Max:  0.0, Diff:  0.0, Sum:  0.1, Workers: 4
[2665.051s][debug][gc,phases      ] GC(229)     Dead                           Min: 0, Avg:  0.0, Max: 0, Diff: 0, Sum: 0, Workers: 4
[2665.051s][debug][gc,phases      ] GC(229)     Total                          Min: 2150, Avg: 2233.5, Max: 2368, Diff: 218, Sum: 8934, Workers: 4
[2665.051s][debug][gc,phases      ] GC(229)   JNI Weak                       Min:  0.0, Avg:  0.0, Max:  0.0, Diff:  0.0, Sum:  0.0, Workers: 4
[2665.051s][debug][gc,phases      ] GC(229)     Dead                           Min: 0, Avg:  0.0, Max: 0, Diff: 0, Sum: 0, Workers: 4
[2665.051s][debug][gc,phases      ] GC(229)     Total                          Min: 0, Avg:  0.0, Max: 0, Diff: 0, Sum: 0, Workers: 4
[2665.051s][debug][gc,phases      ] GC(229)   StringDedup Table Weak         Min:  0.0, Avg:  0.0, Max:  0.0, Diff:  0.0, Sum:  0.0, Workers: 4
[2665.051s][debug][gc,phases      ] GC(229)     Dead                           Min: 0, Avg:  0.0, Max: 0, Diff: 0, Sum: 0, Workers: 4
[2665.051s][debug][gc,phases      ] GC(229)     Total                          Min: 0, Avg:  0.0, Max: 0, Diff: 0, Sum: 0, Workers: 4
[2665.051s][debug][gc,phases      ] GC(229)   StringDedup Requests0 Weak     Min:  0.0, Avg:  0.0, Max:  0.0, Diff:  0.0, Sum:  0.0, Workers: 4
[2665.051s][debug][gc,phases      ] GC(229)     Dead                           Min: 0, Avg:  0.0, Max: 0, Diff: 0, Sum: 0, Workers: 4
[2665.051s][debug][gc,phases      ] GC(229)     Total                          Min: 0, Avg:  0.0, Max: 0, Diff: 0, Sum: 0, Workers: 4
[2665.051s][debug][gc,phases      ] GC(229)   StringDedup Requests1 Weak     Min:  0.0, Avg:  0.0, Max:  0.0, Diff:  0.0, Sum:  0.0, Workers: 4
[2665.051s][debug][gc,phases      ] GC(229)     Dead                           Min: 0, Avg:  0.0, Max: 0, Diff: 0, Sum: 0, Workers: 4
[2665.051s][debug][gc,phases      ] GC(229)     Total                          Min: 0, Avg:  0.0, Max: 0, Diff: 0, Sum: 0, Workers: 4
[2665.051s][debug][gc,phases      ] GC(229)   Weak JFR Old Object Samples    Min:  0.0, Avg:  0.0, Max:  0.0, Diff:  0.0, Sum:  0.0, Workers: 4
[2665.051s][debug][gc,phases      ] GC(229)     Dead                           Min: 0, Avg:  0.0, Max: 0, Diff: 0, Sum: 0, Workers: 4
[2665.051s][debug][gc,phases      ] GC(229)     Total                          Min: 0, Avg:  0.0, Max: 0, Diff: 0, Sum: 0, Workers: 4
[2665.051s][debug][gc,phases      ] GC(229) Weak Processing 0.307ms
[2665.051s][debug][gc,age         ] GC(229) Desired survivor size 29884416 bytes, new threshold 15 (max threshold 15)
[2665.051s][info ][gc,heap        ] GC(229) PSYoungGen: 2055461K(2067456K)->18293K(2066944K) Eden: 2037248K(2037248K)->0K(2037248K) From: 18213K(30208K)->18293K(29696K)
[2665.051s][info ][gc,heap        ] GC(229) ParOldGen: 616638K(740864K)->616670K(740864K)
[2665.051s][info ][gc,metaspace   ] GC(229) Metaspace: 85594K(86528K)->85594K(86528K) NonClass: 73579K(74112K)->73579K(74112K) Class: 12014K(12416K)->12014K(12416K)
[2665.051s][info ][gc             ] GC(229) Pause Young (Allocation Failure) 2609M->620M(2742M) 6.613ms
[2665.051s][info ][gc,cpu         ] GC(229) User=0.02s Sys=0.00s Real=0.00s
[2665.051s][info ][safepoint      ] Safepoint "ParallelGCFailedAllocation", Time since last: 1393259569 ns, Reaching safepoint: 30101 ns, At safepoint: 6690656 ns, Total: 6720757 ns
[2677.052s][info ][safepoint      ] Safepoint "Cleanup", Time since last: 12000722868 ns, Reaching safepoint: 48802 ns, At safepoint: 4500 ns, Total: 53302 ns
[2685.294s][info ][gc,start       ] GC(230) Pause Young (Allocation Failure)
[2685.300s][debug][gc,phases      ] GC(230) Scavenge 6.291ms
[2685.300s][debug][gc,ref         ] GC(230) Skipped phase 1 of Reference Processing: no references
[2685.300s][debug][gc,ref         ] GC(230) ReferenceProcessor::execute queues: 1, RefProcThreadModel::Single, marks_oops_alive: false
[2685.300s][debug][gc,ref         ] GC(230) Skipped phase 3 of Reference Processing: no references
[2685.300s][debug][gc,ref         ] GC(230) ReferenceProcessor::execute queues: 1, RefProcThreadModel::Single, marks_oops_alive: false
[2685.300s][debug][gc,phases      ] GC(230) Reference Processing 0.129ms
[2685.300s][debug][gc,phases      ] GC(230)   VM Weak                        Min:  0.0, Avg:  0.0, Max:  0.0, Diff:  0.0, Sum:  0.0, Workers: 4
[2685.300s][debug][gc,phases      ] GC(230)     Dead                           Min: 0, Avg:  0.0, Max: 0, Diff: 0, Sum: 0, Workers: 4
[2685.300s][debug][gc,phases      ] GC(230)     Total                          Min: 0, Avg: 188.2, Max: 561, Diff: 561, Sum: 753, Workers: 4
[2685.300s][debug][gc,phases      ] GC(230)   ObjectSynchronizer Weak        Min:  0.0, Avg:  0.0, Max:  0.0, Diff:  0.0, Sum:  0.0, Workers: 4
[2685.300s][debug][gc,phases      ] GC(230)     Dead                           Min: 0, Avg:  0.0, Max: 0, Diff: 0, Sum: 0, Workers: 4
[2685.300s][debug][gc,phases      ] GC(230)     Total                          Min: 0, Avg: 98.8, Max: 139, Diff: 139, Sum: 395, Workers: 4
[2685.300s][debug][gc,phases      ] GC(230)   JVMTI Tag Weak OopStorage      Min:  0.0, Avg:  0.0, Max:  0.0, Diff:  0.0, Sum:  0.0, Workers: 4
[2685.300s][debug][gc,phases      ] GC(230)     Dead                           Min: 0, Avg:  0.0, Max: 0, Diff: 0, Sum: 0, Workers: 4
[2685.300s][debug][gc,phases      ] GC(230)     Total                          Min: 0, Avg:  0.0, Max: 0, Diff: 0, Sum: 0, Workers: 4
[2685.300s][debug][gc,phases      ] GC(230)   StringTable Weak               Min:  0.1, Avg:  0.1, Max:  0.1, Diff:  0.0, Sum:  0.4, Workers: 4
[2685.300s][debug][gc,phases      ] GC(230)     Dead                           Min: 0, Avg:  0.0, Max: 0, Diff: 0, Sum: 0, Workers: 4
[2685.300s][debug][gc,phases      ] GC(230)     Total                          Min: 11456, Avg: 12268.8, Max: 13888, Diff: 2432, Sum: 49075, Workers: 4
[2685.300s][debug][gc,phases      ] GC(230)   ResolvedMethodTable Weak       Min:  0.0, Avg:  0.0, Max:  0.0, Diff:  0.0, Sum:  0.1, Workers: 4
[2685.300s][debug][gc,phases      ] GC(230)     Dead                           Min: 0, Avg:  0.0, Max: 0, Diff: 0, Sum: 0, Workers: 4
[2685.300s][debug][gc,phases      ] GC(230)     Total                          Min: 2048, Avg: 2233.5, Max: 2496, Diff: 448, Sum: 8934, Workers: 4
[2685.300s][debug][gc,phases      ] GC(230)   JNI Weak                       Min:  0.0, Avg:  0.0, Max:  0.0, Diff:  0.0, Sum:  0.0, Workers: 4
[2685.300s][debug][gc,phases      ] GC(230)     Dead                           Min: 0, Avg:  0.0, Max: 0, Diff: 0, Sum: 0, Workers: 4
[2685.300s][debug][gc,phases      ] GC(230)     Total                          Min: 0, Avg:  0.0, Max: 0, Diff: 0, Sum: 0, Workers: 4
[2685.300s][debug][gc,phases      ] GC(230)   StringDedup Table Weak         Min:  0.0, Avg:  0.0, Max:  0.0, Diff:  0.0, Sum:  0.0, Workers: 4
[2685.300s][debug][gc,phases      ] GC(230)     Dead                           Min: 0, Avg:  0.0, Max: 0, Diff: 0, Sum: 0, Workers: 4
[2685.300s][debug][gc,phases      ] GC(230)     Total                          Min: 0, Avg:  0.0, Max: 0, Diff: 0, Sum: 0, Workers: 4
[2685.300s][debug][gc,phases      ] GC(230)   StringDedup Requests0 Weak     Min:  0.0, Avg:  0.0, Max:  0.0, Diff:  0.0, Sum:  0.0, Workers: 4
[2685.300s][debug][gc,phases      ] GC(230)     Dead                           Min: 0, Avg:  0.0, Max: 0, Diff: 0, Sum: 0, Workers: 4
[2685.300s][debug][gc,phases      ] GC(230)     Total                          Min: 0, Avg:  0.0, Max: 0, Diff: 0, Sum: 0, Workers: 4
[2685.300s][debug][gc,phases      ] GC(230)   StringDedup Requests1 Weak     Min:  0.0, Avg:  0.0, Max:  0.0, Diff:  0.0, Sum:  0.0, Workers: 4
[2685.300s][debug][gc,phases      ] GC(230)     Dead                           Min: 0, Avg:  0.0, Max: 0, Diff: 0, Sum: 0, Workers: 4
[2685.300s][debug][gc,phases      ] GC(230)     Total                          Min: 0, Avg:  0.0, Max: 0, Diff: 0, Sum: 0, Workers: 4
[2685.300s][debug][gc,phases      ] GC(230)   Weak JFR Old Object Samples    Min:  0.0, Avg:  0.0, Max:  0.0, Diff:  0.0, Sum:  0.0, Workers: 4
[2685.300s][debug][gc,phases      ] GC(230)     Dead                           Min: 0, Avg:  0.0, Max: 0, Diff: 0, Sum: 0, Workers: 4
[2685.300s][debug][gc,phases      ] GC(230)     Total                          Min: 0, Avg:  0.0, Max: 0, Diff: 0, Sum: 0, Workers: 4
[2685.300s][debug][gc,phases      ] GC(230) Weak Processing 0.293ms
[2685.300s][debug][gc,age         ] GC(230) Desired survivor size 29360128 bytes, new threshold 15 (max threshold 15)
[2685.300s][info ][gc,heap        ] GC(230) PSYoungGen: 2055541K(2066944K)->18309K(2068480K) Eden: 2037248K(2037248K)->0K(2039296K) From: 18293K(29696K)->18309K(29184K)
[2685.300s][info ][gc,heap        ] GC(230) ParOldGen: 616670K(740864K)->616678K(740864K)
[2685.300s][info ][gc,metaspace   ] GC(230) Metaspace: 85594K(86528K)->85594K(86528K) NonClass: 73579K(74112K)->73579K(74112K) Class: 12014K(12416K)->12014K(12416K)
[2685.300s][info ][gc             ] GC(230) Pause Young (Allocation Failure) 2609M->620M(2743M) 6.856ms
[2685.300s][info ][gc,cpu         ] GC(230) User=0.02s Sys=0.00s Real=0.00s
[2685.301s][info ][safepoint      ] Safepoint "ParallelGCFailedAllocation", Time since last: 8241496614 ns, Reaching safepoint: 110603 ns, At safepoint: 6944662 ns, Total: 7055265 ns
[2697.301s][info ][safepoint      ] Safepoint "Cleanup", Time since last: 12000699567 ns, Reaching safepoint: 52801 ns, At safepoint: 7300 ns, Total: 60101 ns
[2698.301s][info ][safepoint      ] Safepoint "Cleanup", Time since last: 1000117593 ns, Reaching safepoint: 48201 ns, At safepoint: 2600 ns, Total: 50801 ns
[2701.302s][info ][safepoint      ] Safepoint "Cleanup", Time since last: 3000238579 ns, Reaching safepoint: 51601 ns, At safepoint: 2700 ns, Total: 54301 ns
[2706.094s][info ][gc,start       ] GC(231) Pause Young (Allocation Failure)
[2706.099s][debug][gc,phases      ] GC(231) Scavenge 5.789ms
[2706.100s][debug][gc,ref         ] GC(231) Skipped phase 1 of Reference Processing: no references
[2706.100s][debug][gc,ref         ] GC(231) ReferenceProcessor::execute queues: 1, RefProcThreadModel::Single, marks_oops_alive: false
[2706.100s][debug][gc,ref         ] GC(231) Skipped phase 3 of Reference Processing: no references
[2706.100s][debug][gc,ref         ] GC(231) ReferenceProcessor::execute queues: 1, RefProcThreadModel::Single, marks_oops_alive: false
[2706.100s][debug][gc,phases      ] GC(231) Reference Processing 0.103ms
[2706.100s][debug][gc,phases      ] GC(231)   VM Weak                        Min:  0.0, Avg:  0.0, Max:  0.0, Diff:  0.0, Sum:  0.0, Workers: 4
[2706.100s][debug][gc,phases      ] GC(231)     Dead                           Min: 0, Avg:  0.0, Max: 0, Diff: 0, Sum: 0, Workers: 4
[2706.100s][debug][gc,phases      ] GC(231)     Total                          Min: 0, Avg: 188.2, Max: 433, Diff: 433, Sum: 753, Workers: 4
[2706.100s][debug][gc,phases      ] GC(231)   ObjectSynchronizer Weak        Min:  0.0, Avg:  0.0, Max:  0.0, Diff:  0.0, Sum:  0.0, Workers: 4
[2706.100s][debug][gc,phases      ] GC(231)     Dead                           Min: 0, Avg:  0.0, Max: 0, Diff: 0, Sum: 0, Workers: 4
[2706.100s][debug][gc,phases      ] GC(231)     Total                          Min: 0, Avg: 98.8, Max: 256, Diff: 256, Sum: 395, Workers: 4
[2706.100s][debug][gc,phases      ] GC(231)   JVMTI Tag Weak OopStorage      Min:  0.0, Avg:  0.0, Max:  0.0, Diff:  0.0, Sum:  0.0, Workers: 4
[2706.100s][debug][gc,phases      ] GC(231)     Dead                           Min: 0, Avg:  0.0, Max: 0, Diff: 0, Sum: 0, Workers: 4
[2706.100s][debug][gc,phases      ] GC(231)     Total                          Min: 0, Avg:  0.0, Max: 0, Diff: 0, Sum: 0, Workers: 4
[2706.100s][debug][gc,phases      ] GC(231)   StringTable Weak               Min:  0.1, Avg:  0.1, Max:  0.1, Diff:  0.0, Sum:  0.4, Workers: 4
[2706.100s][debug][gc,phases      ] GC(231)     Dead                           Min: 0, Avg:  0.0, Max: 0, Diff: 0, Sum: 0, Workers: 4
[2706.100s][debug][gc,phases      ] GC(231)     Total                          Min: 11264, Avg: 12268.8, Max: 13504, Diff: 2240, Sum: 49075, Workers: 4
[2706.100s][debug][gc,phases      ] GC(231)   ResolvedMethodTable Weak       Min:  0.0, Avg:  0.0, Max:  0.0, Diff:  0.0, Sum:  0.1, Workers: 4
[2706.100s][debug][gc,phases      ] GC(231)     Dead                           Min: 0, Avg:  0.0, Max: 0, Diff: 0, Sum: 0, Workers: 4
[2706.100s][debug][gc,phases      ] GC(231)     Total                          Min: 2048, Avg: 2233.5, Max: 2534, Diff: 486, Sum: 8934, Workers: 4
[2706.100s][debug][gc,phases      ] GC(231)   JNI Weak                       Min:  0.0, Avg:  0.0, Max:  0.0, Diff:  0.0, Sum:  0.0, Workers: 4
[2706.100s][debug][gc,phases      ] GC(231)     Dead                           Min: 0, Avg:  0.0, Max: 0, Diff: 0, Sum: 0, Workers: 4
[2706.100s][debug][gc,phases      ] GC(231)     Total                          Min: 0, Avg:  0.0, Max: 0, Diff: 0, Sum: 0, Workers: 4
[2706.100s][debug][gc,phases      ] GC(231)   StringDedup Table Weak         Min:  0.0, Avg:  0.0, Max:  0.0, Diff:  0.0, Sum:  0.0, Workers: 4
[2706.100s][debug][gc,phases      ] GC(231)     Dead                           Min: 0, Avg:  0.0, Max: 0, Diff: 0, Sum: 0, Workers: 4
[2706.100s][debug][gc,phases      ] GC(231)     Total                          Min: 0, Avg:  0.0, Max: 0, Diff: 0, Sum: 0, Workers: 4
[2706.100s][debug][gc,phases      ] GC(231)   StringDedup Requests0 Weak     Min:  0.0, Avg:  0.0, Max:  0.0, Diff:  0.0, Sum:  0.0, Workers: 4
[2706.100s][debug][gc,phases      ] GC(231)     Dead                           Min: 0, Avg:  0.0, Max: 0, Diff: 0, Sum: 0, Workers: 4
[2706.100s][debug][gc,phases      ] GC(231)     Total                          Min: 0, Avg:  0.0, Max: 0, Diff: 0, Sum: 0, Workers: 4
[2706.100s][debug][gc,phases      ] GC(231)   StringDedup Requests1 Weak     Min:  0.0, Avg:  0.0, Max:  0.0, Diff:  0.0, Sum:  0.0, Workers: 4
[2706.100s][debug][gc,phases      ] GC(231)     Dead                           Min: 0, Avg:  0.0, Max: 0, Diff: 0, Sum: 0, Workers: 4
[2706.100s][debug][gc,phases      ] GC(231)     Total                          Min: 0, Avg:  0.0, Max: 0, Diff: 0, Sum: 0, Workers: 4
[2706.100s][debug][gc,phases      ] GC(231)   Weak JFR Old Object Samples    Min:  0.0, Avg:  0.0, Max:  0.0, Diff:  0.0, Sum:  0.0, Workers: 4
[2706.100s][debug][gc,phases      ] GC(231)     Dead                           Min: 0, Avg:  0.0, Max: 0, Diff: 0, Sum: 0, Workers: 4
[2706.100s][debug][gc,phases      ] GC(231)     Total                          Min: 0, Avg:  0.0, Max: 0, Diff: 0, Sum: 0, Workers: 4
[2706.100s][debug][gc,phases      ] GC(231) Weak Processing 0.302ms
[2706.100s][debug][gc,age         ] GC(231) Desired survivor size 28835840 bytes, new threshold 15 (max threshold 15)
[2706.100s][info ][gc,heap        ] GC(231) PSYoungGen: 2057605K(2068480K)->18309K(2067968K) Eden: 2039296K(2039296K)->0K(2039296K) From: 18309K(29184K)->18309K(28672K)
[2706.100s][info ][gc,heap        ] GC(231) ParOldGen: 616678K(740864K)->616686K(740864K)
[2706.100s][info ][gc,metaspace   ] GC(231) Metaspace: 85594K(86528K)->85594K(86528K) NonClass: 73580K(74112K)->73580K(74112K) Class: 12014K(12416K)->12014K(12416K)
[2706.100s][info ][gc             ] GC(231) Pause Young (Allocation Failure) 2611M->620M(2743M) 6.317ms
[2706.100s][info ][gc,cpu         ] GC(231) User=0.03s Sys=0.00s Real=0.00s
[2706.100s][info ][safepoint      ] Safepoint "ParallelGCFailedAllocation", Time since last: 4791738190 ns, Reaching safepoint: 125503 ns, At safepoint: 6432551 ns, Total: 6558054 ns
[2713.101s][info ][safepoint      ] Safepoint "Cleanup", Time since last: 7000461574 ns, Reaching safepoint: 49701 ns, At safepoint: 7300 ns, Total: 57001 ns
[2714.101s][info ][safepoint      ] Safepoint "Cleanup", Time since last: 1000101799 ns, Reaching safepoint: 60601 ns, At safepoint: 6900 ns, Total: 67501 ns
[2715.101s][info ][safepoint      ] Safepoint "Cleanup", Time since last: 1000103099 ns, Reaching safepoint: 45801 ns, At safepoint: 2500 ns, Total: 48301 ns
[2716.101s][info ][safepoint      ] Safepoint "Cleanup", Time since last: 1000117500 ns, Reaching safepoint: 52701 ns, At safepoint: 11401 ns, Total: 64102 ns
[2722.102s][info ][safepoint      ] Safepoint "Cleanup", Time since last: 6000399399 ns, Reaching safepoint: 49801 ns, At safepoint: 4401 ns, Total: 54202 ns
[2723.102s][info ][safepoint      ] Safepoint "Cleanup", Time since last: 1000113302 ns, Reaching safepoint: 46301 ns, At safepoint: 2700 ns, Total: 49001 ns
[2724.102s][info ][safepoint      ] Safepoint "Cleanup", Time since last: 1000115403 ns, Reaching safepoint: 34501 ns, At safepoint: 2600 ns, Total: 37101 ns
[2726.102s][info ][safepoint      ] Safepoint "Cleanup", Time since last: 2000138104 ns, Reaching safepoint: 42001 ns, At safepoint: 2300 ns, Total: 44301 ns
[2726.769s][info ][gc,start       ] GC(232) Pause Young (Allocation Failure)
[2726.775s][debug][gc,phases      ] GC(232) Scavenge 5.782ms
[2726.775s][debug][gc,ref         ] GC(232) Skipped phase 1 of Reference Processing: no references
[2726.775s][debug][gc,ref         ] GC(232) ReferenceProcessor::execute queues: 1, RefProcThreadModel::Single, marks_oops_alive: false
[2726.775s][debug][gc,ref         ] GC(232) Skipped phase 3 of Reference Processing: no references
[2726.775s][debug][gc,ref         ] GC(232) ReferenceProcessor::execute queues: 1, RefProcThreadModel::Single, marks_oops_alive: false
[2726.775s][debug][gc,phases      ] GC(232) Reference Processing 0.110ms
[2726.775s][debug][gc,phases      ] GC(232)   VM Weak                        Min:  0.0, Avg:  0.0, Max:  0.0, Diff:  0.0, Sum:  0.0, Workers: 4
[2726.776s][debug][gc,phases      ] GC(232)     Dead                           Min: 0, Avg:  0.0, Max: 0, Diff: 0, Sum: 0, Workers: 4
[2726.776s][debug][gc,phases      ] GC(232)     Total                          Min: 0, Avg: 188.2, Max: 512, Diff: 512, Sum: 753, Workers: 4
[2726.776s][debug][gc,phases      ] GC(232)   ObjectSynchronizer Weak        Min:  0.0, Avg:  0.0, Max:  0.0, Diff:  0.0, Sum:  0.0, Workers: 4
[2726.776s][debug][gc,phases      ] GC(232)     Dead                           Min: 0, Avg:  0.0, Max: 0, Diff: 0, Sum: 0, Workers: 4
[2726.776s][debug][gc,phases      ] GC(232)     Total                          Min: 0, Avg: 98.8, Max: 256, Diff: 256, Sum: 395, Workers: 4
[2726.776s][debug][gc,phases      ] GC(232)   JVMTI Tag Weak OopStorage      Min:  0.0, Avg:  0.0, Max:  0.0, Diff:  0.0, Sum:  0.0, Workers: 4
[2726.776s][debug][gc,phases      ] GC(232)     Dead                           Min: 0, Avg:  0.0, Max: 0, Diff: 0, Sum: 0, Workers: 4
[2726.776s][debug][gc,phases      ] GC(232)     Total                          Min: 0, Avg:  0.0, Max: 0, Diff: 0, Sum: 0, Workers: 4
[2726.776s][debug][gc,phases      ] GC(232)   StringTable Weak               Min:  0.1, Avg:  0.1, Max:  0.1, Diff:  0.0, Sum:  0.4, Workers: 4
[2726.776s][debug][gc,phases      ] GC(232)     Dead                           Min: 0, Avg:  0.2, Max: 1, Diff: 1, Sum: 1, Workers: 4
[2726.776s][debug][gc,phases      ] GC(232)     Total                          Min: 11008, Avg: 12276.2, Max: 13312, Diff: 2304, Sum: 49105, Workers: 4
[2726.776s][debug][gc,phases      ] GC(232)   ResolvedMethodTable Weak       Min:  0.0, Avg:  0.0, Max:  0.0, Diff:  0.0, Sum:  0.1, Workers: 4
[2726.776s][debug][gc,phases      ] GC(232)     Dead                           Min: 0, Avg:  0.8, Max: 3, Diff: 3, Sum: 3, Workers: 4
[2726.776s][debug][gc,phases      ] GC(232)     Total                          Min: 2176, Avg: 2239.0, Max: 2303, Diff: 127, Sum: 8956, Workers: 4
[2726.776s][debug][gc,phases      ] GC(232)   JNI Weak                       Min:  0.0, Avg:  0.0, Max:  0.0, Diff:  0.0, Sum:  0.0, Workers: 4
[2726.776s][debug][gc,phases      ] GC(232)     Dead                           Min: 0, Avg:  0.0, Max: 0, Diff: 0, Sum: 0, Workers: 4
[2726.776s][debug][gc,phases      ] GC(232)     Total                          Min: 0, Avg:  0.0, Max: 0, Diff: 0, Sum: 0, Workers: 4
[2726.776s][debug][gc,phases      ] GC(232)   StringDedup Table Weak         Min:  0.0, Avg:  0.0, Max:  0.0, Diff:  0.0, Sum:  0.0, Workers: 4
[2726.776s][debug][gc,phases      ] GC(232)     Dead                           Min: 0, Avg:  0.0, Max: 0, Diff: 0, Sum: 0, Workers: 4
[2726.776s][debug][gc,phases      ] GC(232)     Total                          Min: 0, Avg:  0.0, Max: 0, Diff: 0, Sum: 0, Workers: 4
[2726.776s][debug][gc,phases      ] GC(232)   StringDedup Requests0 Weak     Min:  0.0, Avg:  0.0, Max:  0.0, Diff:  0.0, Sum:  0.0, Workers: 4
[2726.776s][debug][gc,phases      ] GC(232)     Dead                           Min: 0, Avg:  0.0, Max: 0, Diff: 0, Sum: 0, Workers: 4
[2726.776s][debug][gc,phases      ] GC(232)     Total                          Min: 0, Avg:  0.0, Max: 0, Diff: 0, Sum: 0, Workers: 4
[2726.776s][debug][gc,phases      ] GC(232)   StringDedup Requests1 Weak     Min:  0.0, Avg:  0.0, Max:  0.0, Diff:  0.0, Sum:  0.0, Workers: 4
[2726.776s][debug][gc,phases      ] GC(232)     Dead                           Min: 0, Avg:  0.0, Max: 0, Diff: 0, Sum: 0, Workers: 4
[2726.776s][debug][gc,phases      ] GC(232)     Total                          Min: 0, Avg:  0.0, Max: 0, Diff: 0, Sum: 0, Workers: 4
[2726.776s][debug][gc,phases      ] GC(232)   Weak JFR Old Object Samples    Min:  0.0, Avg:  0.0, Max:  0.0, Diff:  0.0, Sum:  0.0, Workers: 4
[2726.776s][debug][gc,phases      ] GC(232)     Dead                           Min: 0, Avg:  0.0, Max: 0, Diff: 0, Sum: 0, Workers: 4
[2726.776s][debug][gc,phases      ] GC(232)     Total                          Min: 0, Avg:  0.0, Max: 0, Diff: 0, Sum: 0, Workers: 4
[2726.776s][debug][gc,phases      ] GC(232) Weak Processing 0.339ms
[2726.776s][debug][gc,age         ] GC(232) Desired survivor size 28311552 bytes, new threshold 15 (max threshold 15)
[2726.776s][info ][gc,heap        ] GC(232) PSYoungGen: 2057605K(2067968K)->18357K(2069504K) Eden: 2039296K(2039296K)->0K(2041344K) From: 18309K(28672K)->18357K(28160K)
[2726.776s][info ][gc,heap        ] GC(232) ParOldGen: 616686K(740864K)->616702K(740864K)
[2726.776s][info ][gc,metaspace   ] GC(232) Metaspace: 85623K(86528K)->85623K(86528K) NonClass: 73601K(74112K)->73601K(74112K) Class: 12022K(12416K)->12022K(12416K)
[2726.776s][info ][gc             ] GC(232) Pause Young (Allocation Failure) 2611M->620M(2744M) 6.370ms
[2726.776s][info ][gc,cpu         ] GC(232) User=0.02s Sys=0.00s Real=0.01s
[2726.776s][info ][safepoint      ] Safepoint "ParallelGCFailedAllocation", Time since last: 667250315 ns, Reaching safepoint: 29000 ns, At safepoint: 6458052 ns, Total: 6487052 ns
[2735.776s][info ][safepoint      ] Safepoint "Cleanup", Time since last: 9000590040 ns, Reaching safepoint: 49701 ns, At safepoint: 5500 ns, Total: 55201 ns
[2740.777s][info ][safepoint      ] Safepoint "Cleanup", Time since last: 5000365136 ns, Reaching safepoint: 53101 ns, At safepoint: 27801 ns, Total: 80902 ns
[2741.777s][info ][safepoint      ] Safepoint "Cleanup", Time since last: 1000106309 ns, Reaching safepoint: 51601 ns, At safepoint: 2700 ns, Total: 54301 ns
[2742.777s][info ][safepoint      ] Safepoint "Cleanup", Time since last: 1000108410 ns, Reaching safepoint: 50101 ns, At safepoint: 3500 ns, Total: 53601 ns
[2747.691s][info ][gc,start       ] GC(233) Pause Young (Allocation Failure)
[2747.696s][debug][gc,phases      ] GC(233) Scavenge 5.581ms
[2747.696s][debug][gc,ref         ] GC(233) Skipped phase 1 of Reference Processing: no references
[2747.696s][debug][gc,ref         ] GC(233) ReferenceProcessor::execute queues: 1, RefProcThreadModel::Single, marks_oops_alive: false
[2747.696s][debug][gc,ref         ] GC(233) Skipped phase 3 of Reference Processing: no references
[2747.696s][debug][gc,ref         ] GC(233) ReferenceProcessor::execute queues: 1, RefProcThreadModel::Single, marks_oops_alive: false
[2747.697s][debug][gc,phases      ] GC(233) Reference Processing 0.108ms
[2747.697s][debug][gc,phases      ] GC(233)   VM Weak                        Min:  0.0, Avg:  0.0, Max:  0.0, Diff:  0.0, Sum:  0.0, Workers: 4
[2747.697s][debug][gc,phases      ] GC(233)     Dead                           Min: 0, Avg:  0.0, Max: 0, Diff: 0, Sum: 0, Workers: 4
[2747.697s][debug][gc,phases      ] GC(233)     Total                          Min: 0, Avg: 188.2, Max: 689, Diff: 689, Sum: 753, Workers: 4
[2747.697s][debug][gc,phases      ] GC(233)   ObjectSynchronizer Weak        Min:  0.0, Avg:  0.0, Max:  0.0, Diff:  0.0, Sum:  0.0, Workers: 4
[2747.697s][debug][gc,phases      ] GC(233)     Dead                           Min: 0, Avg:  0.0, Max: 0, Diff: 0, Sum: 0, Workers: 4
[2747.697s][debug][gc,phases      ] GC(233)     Total                          Min: 0, Avg: 98.8, Max: 192, Diff: 192, Sum: 395, Workers: 4
[2747.697s][debug][gc,phases      ] GC(233)   JVMTI Tag Weak OopStorage      Min:  0.0, Avg:  0.0, Max:  0.0, Diff:  0.0, Sum:  0.0, Workers: 4
[2747.697s][debug][gc,phases      ] GC(233)     Dead                           Min: 0, Avg:  0.0, Max: 0, Diff: 0, Sum: 0, Workers: 4
[2747.697s][debug][gc,phases      ] GC(233)     Total                          Min: 0, Avg:  0.0, Max: 0, Diff: 0, Sum: 0, Workers: 4
[2747.697s][debug][gc,phases      ] GC(233)   StringTable Weak               Min:  0.1, Avg:  0.1, Max:  0.1, Diff:  0.0, Sum:  0.4, Workers: 4
[2747.697s][debug][gc,phases      ] GC(233)     Dead                           Min: 0, Avg:  0.0, Max: 0, Diff: 0, Sum: 0, Workers: 4
[2747.697s][debug][gc,phases      ] GC(233)     Total                          Min: 9984, Avg: 12295.2, Max: 13661, Diff: 3677, Sum: 49181, Workers: 4
[2747.697s][debug][gc,phases      ] GC(233)   ResolvedMethodTable Weak       Min:  0.0, Avg:  0.0, Max:  0.0, Diff:  0.0, Sum:  0.1, Workers: 4
[2747.697s][debug][gc,phases      ] GC(233)     Dead                           Min: 0, Avg:  0.0, Max: 0, Diff: 0, Sum: 0, Workers: 4
[2747.697s][debug][gc,phases      ] GC(233)     Total                          Min: 1855, Avg: 2239.0, Max: 2685, Diff: 830, Sum: 8956, Workers: 4
[2747.697s][debug][gc,phases      ] GC(233)   JNI Weak                       Min:  0.0, Avg:  0.0, Max:  0.0, Diff:  0.0, Sum:  0.0, Workers: 4
[2747.697s][debug][gc,phases      ] GC(233)     Dead                           Min: 0, Avg:  0.0, Max: 0, Diff: 0, Sum: 0, Workers: 4
[2747.697s][debug][gc,phases      ] GC(233)     Total                          Min: 0, Avg:  0.0, Max: 0, Diff: 0, Sum: 0, Workers: 4
[2747.697s][debug][gc,phases      ] GC(233)   StringDedup Table Weak         Min:  0.0, Avg:  0.0, Max:  0.0, Diff:  0.0, Sum:  0.0, Workers: 4
[2747.697s][debug][gc,phases      ] GC(233)     Dead                           Min: 0, Avg:  0.0, Max: 0, Diff: 0, Sum: 0, Workers: 4
[2747.697s][debug][gc,phases      ] GC(233)     Total                          Min: 0, Avg:  0.0, Max: 0, Diff: 0, Sum: 0, Workers: 4
[2747.697s][debug][gc,phases      ] GC(233)   StringDedup Requests0 Weak     Min:  0.0, Avg:  0.0, Max:  0.0, Diff:  0.0, Sum:  0.0, Workers: 4
[2747.697s][debug][gc,phases      ] GC(233)     Dead                           Min: 0, Avg:  0.0, Max: 0, Diff: 0, Sum: 0, Workers: 4
[2747.697s][debug][gc,phases      ] GC(233)     Total                          Min: 0, Avg:  0.0, Max: 0, Diff: 0, Sum: 0, Workers: 4
[2747.697s][debug][gc,phases      ] GC(233)   StringDedup Requests1 Weak     Min:  0.0, Avg:  0.0, Max:  0.0, Diff:  0.0, Sum:  0.0, Workers: 4
[2747.697s][debug][gc,phases      ] GC(233)     Dead                           Min: 0, Avg:  0.0, Max: 0, Diff: 0, Sum: 0, Workers: 4
[2747.697s][debug][gc,phases      ] GC(233)     Total                          Min: 0, Avg:  0.0, Max: 0, Diff: 0, Sum: 0, Workers: 4
[2747.697s][debug][gc,phases      ] GC(233)   Weak JFR Old Object Samples    Min:  0.0, Avg:  0.0, Max:  0.0, Diff:  0.0, Sum:  0.0, Workers: 4
[2747.697s][debug][gc,phases      ] GC(233)     Dead                           Min: 0, Avg:  0.0, Max: 0, Diff: 0, Sum: 0, Workers: 4
[2747.697s][debug][gc,phases      ] GC(233)     Total                          Min: 0, Avg:  0.0, Max: 0, Diff: 0, Sum: 0, Workers: 4
[2747.697s][debug][gc,phases      ] GC(233) Weak Processing 0.308ms
[2747.697s][debug][gc,age         ] GC(233) Desired survivor size 27787264 bytes, new threshold 15 (max threshold 15)
[2747.697s][info ][gc,heap        ] GC(233) PSYoungGen: 2059701K(2069504K)->18341K(2068992K) Eden: 2041344K(2041344K)->0K(2041344K) From: 18357K(28160K)->18341K(27648K)
[2747.697s][info ][gc,heap        ] GC(233) ParOldGen: 616702K(740864K)->616734K(740864K)
[2747.697s][info ][gc,metaspace   ] GC(233) Metaspace: 85634K(86528K)->85634K(86528K) NonClass: 73612K(74112K)->73612K(74112K) Class: 12022K(12416K)->12022K(12416K)
[2747.697s][info ][gc             ] GC(233) Pause Young (Allocation Failure) 2613M->620M(2744M) 6.130ms
[2747.697s][info ][gc,cpu         ] GC(233) User=0.02s Sys=0.00s Real=0.01s
[2747.697s][info ][safepoint      ] Safepoint "ParallelGCFailedAllocation", Time since last: 4913429314 ns, Reaching safepoint: 108903 ns, At safepoint: 6223745 ns, Total: 6332648 ns
[2748.697s][info ][safepoint      ] Safepoint "Cleanup", Time since last: 1000090212 ns, Reaching safepoint: 46101 ns, At safepoint: 2400 ns, Total: 48501 ns
[2749.697s][info ][safepoint      ] Safepoint "Cleanup", Time since last: 1000105212 ns, Reaching safepoint: 43701 ns, At safepoint: 2800 ns, Total: 46501 ns
[2750.697s][info ][safepoint      ] Safepoint "Cleanup", Time since last: 1000094512 ns, Reaching safepoint: 60801 ns, At safepoint: 10800 ns, Total: 71601 ns
[2761.698s][info ][safepoint      ] Safepoint "Cleanup", Time since last: 11000751549 ns, Reaching safepoint: 121503 ns, At safepoint: 7801 ns, Total: 129304 ns
[2768.592s][info ][gc,start       ] GC(234) Pause Young (Allocation Failure)
[2768.597s][debug][gc,phases      ] GC(234) Scavenge 5.305ms
[2768.597s][debug][gc,ref         ] GC(234) Skipped phase 1 of Reference Processing: no references
[2768.597s][debug][gc,ref         ] GC(234) ReferenceProcessor::execute queues: 1, RefProcThreadModel::Single, marks_oops_alive: false
[2768.597s][debug][gc,ref         ] GC(234) Skipped phase 3 of Reference Processing: no references
[2768.597s][debug][gc,ref         ] GC(234) ReferenceProcessor::execute queues: 1, RefProcThreadModel::Single, marks_oops_alive: false
[2768.597s][debug][gc,phases      ] GC(234) Reference Processing 0.127ms
[2768.597s][debug][gc,phases      ] GC(234)   VM Weak                        Min:  0.0, Avg:  0.0, Max:  0.0, Diff:  0.0, Sum:  0.0, Workers: 4
[2768.597s][debug][gc,phases      ] GC(234)     Dead                           Min: 0, Avg:  0.0, Max: 0, Diff: 0, Sum: 0, Workers: 4
[2768.597s][debug][gc,phases      ] GC(234)     Total                          Min: 0, Avg: 188.2, Max: 497, Diff: 497, Sum: 753, Workers: 4
[2768.597s][debug][gc,phases      ] GC(234)   ObjectSynchronizer Weak        Min:  0.0, Avg:  0.0, Max:  0.0, Diff:  0.0, Sum:  0.0, Workers: 4
[2768.597s][debug][gc,phases      ] GC(234)     Dead                           Min: 0, Avg:  0.0, Max: 0, Diff: 0, Sum: 0, Workers: 4
[2768.597s][debug][gc,phases      ] GC(234)     Total                          Min: 0, Avg: 98.8, Max: 203, Diff: 203, Sum: 395, Workers: 4
[2768.597s][debug][gc,phases      ] GC(234)   JVMTI Tag Weak OopStorage      Min:  0.0, Avg:  0.0, Max:  0.0, Diff:  0.0, Sum:  0.0, Workers: 4
[2768.597s][debug][gc,phases      ] GC(234)     Dead                           Min: 0, Avg:  0.0, Max: 0, Diff: 0, Sum: 0, Workers: 4
[2768.597s][debug][gc,phases      ] GC(234)     Total                          Min: 0, Avg:  0.0, Max: 0, Diff: 0, Sum: 0, Workers: 4
[2768.597s][debug][gc,phases      ] GC(234)   StringTable Weak               Min:  0.1, Avg:  0.1, Max:  0.1, Diff:  0.0, Sum:  0.4, Workers: 4
[2768.597s][debug][gc,phases      ] GC(234)     Dead                           Min: 0, Avg:  0.0, Max: 0, Diff: 0, Sum: 0, Workers: 4
[2768.597s][debug][gc,phases      ] GC(234)     Total                          Min: 11712, Avg: 12298.2, Max: 13312, Diff: 1600, Sum: 49193, Workers: 4
[2768.597s][debug][gc,phases      ] GC(234)   ResolvedMethodTable Weak       Min:  0.0, Avg:  0.0, Max:  0.0, Diff:  0.0, Sum:  0.1, Workers: 4
[2768.597s][debug][gc,phases      ] GC(234)     Dead                           Min: 0, Avg:  0.0, Max: 0, Diff: 0, Sum: 0, Workers: 4
[2768.597s][debug][gc,phases      ] GC(234)     Total                          Min: 2048, Avg: 2239.0, Max: 2684, Diff: 636, Sum: 8956, Workers: 4
[2768.597s][debug][gc,phases      ] GC(234)   JNI Weak                       Min:  0.0, Avg:  0.0, Max:  0.0, Diff:  0.0, Sum:  0.0, Workers: 4
[2768.597s][debug][gc,phases      ] GC(234)     Dead                           Min: 0, Avg:  0.0, Max: 0, Diff: 0, Sum: 0, Workers: 4
[2768.597s][debug][gc,phases      ] GC(234)     Total                          Min: 0, Avg:  0.0, Max: 0, Diff: 0, Sum: 0, Workers: 4
[2768.597s][debug][gc,phases      ] GC(234)   StringDedup Table Weak         Min:  0.0, Avg:  0.0, Max:  0.0, Diff:  0.0, Sum:  0.0, Workers: 4
[2768.597s][debug][gc,phases      ] GC(234)     Dead                           Min: 0, Avg:  0.0, Max: 0, Diff: 0, Sum: 0, Workers: 4
[2768.597s][debug][gc,phases      ] GC(234)     Total                          Min: 0, Avg:  0.0, Max: 0, Diff: 0, Sum: 0, Workers: 4
[2768.597s][debug][gc,phases      ] GC(234)   StringDedup Requests0 Weak     Min:  0.0, Avg:  0.0, Max:  0.0, Diff:  0.0, Sum:  0.0, Workers: 4
[2768.597s][debug][gc,phases      ] GC(234)     Dead                           Min: 0, Avg:  0.0, Max: 0, Diff: 0, Sum: 0, Workers: 4
[2768.597s][debug][gc,phases      ] GC(234)     Total                          Min: 0, Avg:  0.0, Max: 0, Diff: 0, Sum: 0, Workers: 4
[2768.597s][debug][gc,phases      ] GC(234)   StringDedup Requests1 Weak     Min:  0.0, Avg:  0.0, Max:  0.0, Diff:  0.0, Sum:  0.0, Workers: 4
[2768.597s][debug][gc,phases      ] GC(234)     Dead                           Min: 0, Avg:  0.0, Max: 0, Diff: 0, Sum: 0, Workers: 4
[2768.597s][debug][gc,phases      ] GC(234)     Total                          Min: 0, Avg:  0.0, Max: 0, Diff: 0, Sum: 0, Workers: 4
[2768.597s][debug][gc,phases      ] GC(234)   Weak JFR Old Object Samples    Min:  0.0, Avg:  0.0, Max:  0.0, Diff:  0.0, Sum:  0.0, Workers: 4
[2768.597s][debug][gc,phases      ] GC(234)     Dead                           Min: 0, Avg:  0.0, Max: 0, Diff: 0, Sum: 0, Workers: 4
[2768.597s][debug][gc,phases      ] GC(234)     Total                          Min: 0, Avg:  0.0, Max: 0, Diff: 0, Sum: 0, Workers: 4
[2768.597s][debug][gc,phases      ] GC(234) Weak Processing 0.308ms
[2768.597s][debug][gc,age         ] GC(234) Desired survivor size 27262976 bytes, new threshold 15 (max threshold 15)
[2768.597s][info ][gc,heap        ] GC(234) PSYoungGen: 2059685K(2068992K)->18469K(2070528K) Eden: 2041344K(2041344K)->0K(2043392K) From: 18341K(27648K)->18469K(27136K)
[2768.597s][info ][gc,heap        ] GC(234) ParOldGen: 616734K(740864K)->616742K(740864K)
[2768.597s][info ][gc,metaspace   ] GC(234) Metaspace: 85635K(86528K)->85635K(86528K) NonClass: 73612K(74112K)->73612K(74112K) Class: 12022K(12416K)->12022K(12416K)
[2768.598s][info ][gc             ] GC(234) Pause Young (Allocation Failure) 2613M->620M(2745M) 5.879ms
[2768.598s][info ][gc,cpu         ] GC(234) User=0.02s Sys=0.00s Real=0.00s
[2768.598s][info ][safepoint      ] Safepoint "ParallelGCFailedAllocation", Time since last: 6893280806 ns, Reaching safepoint: 59902 ns, At safepoint: 5963239 ns, Total: 6023141 ns
[2776.598s][info ][safepoint      ] Safepoint "Cleanup", Time since last: 8000505853 ns, Reaching safepoint: 45001 ns, At safepoint: 3301 ns, Total: 48302 ns
[2781.599s][info ][safepoint      ] Safepoint "Cleanup", Time since last: 5000371508 ns, Reaching safepoint: 45301 ns, At safepoint: 2900 ns, Total: 48201 ns
[2784.599s][info ][safepoint      ] Safepoint "Cleanup", Time since last: 3000230869 ns, Reaching safepoint: 49801 ns, At safepoint: 7900 ns, Total: 57701 ns
[2785.599s][info ][safepoint      ] Safepoint "Cleanup", Time since last: 1000122725 ns, Reaching safepoint: 50201 ns, At safepoint: 3900 ns, Total: 54101 ns
[2788.694s][info ][gc,start       ] GC(235) Pause Young (Allocation Failure)
[2788.699s][debug][gc,phases      ] GC(235) Scavenge 5.463ms
[2788.699s][debug][gc,ref         ] GC(235) Skipped phase 1 of Reference Processing: no references
[2788.699s][debug][gc,ref         ] GC(235) ReferenceProcessor::execute queues: 1, RefProcThreadModel::Single, marks_oops_alive: false
[2788.699s][debug][gc,ref         ] GC(235) Skipped phase 3 of Reference Processing: no references
[2788.699s][debug][gc,ref         ] GC(235) ReferenceProcessor::execute queues: 1, RefProcThreadModel::Single, marks_oops_alive: false
[2788.699s][debug][gc,phases      ] GC(235) Reference Processing 0.125ms
[2788.699s][debug][gc,phases      ] GC(235)   VM Weak                        Min:  0.0, Avg:  0.0, Max:  0.0, Diff:  0.0, Sum:  0.0, Workers: 4
[2788.699s][debug][gc,phases      ] GC(235)     Dead                           Min: 0, Avg:  0.0, Max: 0, Diff: 0, Sum: 0, Workers: 4
[2788.699s][debug][gc,phases      ] GC(235)     Total                          Min: 0, Avg: 188.2, Max: 384, Diff: 384, Sum: 753, Workers: 4
[2788.699s][debug][gc,phases      ] GC(235)   ObjectSynchronizer Weak        Min:  0.0, Avg:  0.0, Max:  0.0, Diff:  0.0, Sum:  0.0, Workers: 4
[2788.699s][debug][gc,phases      ] GC(235)     Dead                           Min: 0, Avg:  0.0, Max: 0, Diff: 0, Sum: 0, Workers: 4
[2788.699s][debug][gc,phases      ] GC(235)     Total                          Min: 0, Avg: 98.8, Max: 256, Diff: 256, Sum: 395, Workers: 4
[2788.699s][debug][gc,phases      ] GC(235)   JVMTI Tag Weak OopStorage      Min:  0.0, Avg:  0.0, Max:  0.0, Diff:  0.0, Sum:  0.0, Workers: 4
[2788.699s][debug][gc,phases      ] GC(235)     Dead                           Min: 0, Avg:  0.0, Max: 0, Diff: 0, Sum: 0, Workers: 4
[2788.699s][debug][gc,phases      ] GC(235)     Total                          Min: 0, Avg:  0.0, Max: 0, Diff: 0, Sum: 0, Workers: 4
[2788.699s][debug][gc,phases      ] GC(235)   StringTable Weak               Min:  0.1, Avg:  0.1, Max:  0.1, Diff:  0.0, Sum:  0.4, Workers: 4
[2788.699s][debug][gc,phases      ] GC(235)     Dead                           Min: 0, Avg:  0.0, Max: 0, Diff: 0, Sum: 0, Workers: 4
[2788.700s][debug][gc,phases      ] GC(235)     Total                          Min: 10752, Avg: 12301.0, Max: 14016, Diff: 3264, Sum: 49204, Workers: 4
[2788.700s][debug][gc,phases      ] GC(235)   ResolvedMethodTable Weak       Min:  0.0, Avg:  0.0, Max:  0.0, Diff:  0.0, Sum:  0.1, Workers: 4
[2788.700s][debug][gc,phases      ] GC(235)     Dead                           Min: 0, Avg:  0.0, Max: 0, Diff: 0, Sum: 0, Workers: 4
[2788.700s][debug][gc,phases      ] GC(235)     Total                          Min: 1984, Avg: 2239.0, Max: 2431, Diff: 447, Sum: 8956, Workers: 4
[2788.700s][debug][gc,phases      ] GC(235)   JNI Weak                       Min:  0.0, Avg:  0.0, Max:  0.0, Diff:  0.0, Sum:  0.0, Workers: 4
[2788.700s][debug][gc,phases      ] GC(235)     Dead                           Min: 0, Avg:  0.0, Max: 0, Diff: 0, Sum: 0, Workers: 4
[2788.700s][debug][gc,phases      ] GC(235)     Total                          Min: 0, Avg:  0.0, Max: 0, Diff: 0, Sum: 0, Workers: 4
[2788.700s][debug][gc,phases      ] GC(235)   StringDedup Table Weak         Min:  0.0, Avg:  0.0, Max:  0.0, Diff:  0.0, Sum:  0.0, Workers: 4
[2788.700s][debug][gc,phases      ] GC(235)     Dead                           Min: 0, Avg:  0.0, Max: 0, Diff: 0, Sum: 0, Workers: 4
[2788.700s][debug][gc,phases      ] GC(235)     Total                          Min: 0, Avg:  0.0, Max: 0, Diff: 0, Sum: 0, Workers: 4
[2788.700s][debug][gc,phases      ] GC(235)   StringDedup Requests0 Weak     Min:  0.0, Avg:  0.0, Max:  0.0, Diff:  0.0, Sum:  0.0, Workers: 4
[2788.700s][debug][gc,phases      ] GC(235)     Dead                           Min: 0, Avg:  0.0, Max: 0, Diff: 0, Sum: 0, Workers: 4
[2788.700s][debug][gc,phases      ] GC(235)     Total                          Min: 0, Avg:  0.0, Max: 0, Diff: 0, Sum: 0, Workers: 4
[2788.700s][debug][gc,phases      ] GC(235)   StringDedup Requests1 Weak     Min:  0.0, Avg:  0.0, Max:  0.0, Diff:  0.0, Sum:  0.0, Workers: 4
[2788.700s][debug][gc,phases      ] GC(235)     Dead                           Min: 0, Avg:  0.0, Max: 0, Diff: 0, Sum: 0, Workers: 4
[2788.700s][debug][gc,phases      ] GC(235)     Total                          Min: 0, Avg:  0.0, Max: 0, Diff: 0, Sum: 0, Workers: 4
[2788.700s][debug][gc,phases      ] GC(235)   Weak JFR Old Object Samples    Min:  0.0, Avg:  0.0, Max:  0.0, Diff:  0.0, Sum:  0.0, Workers: 4
[2788.700s][debug][gc,phases      ] GC(235)     Dead                           Min: 0, Avg:  0.0, Max: 0, Diff: 0, Sum: 0, Workers: 4
[2788.700s][debug][gc,phases      ] GC(235)     Total                          Min: 0, Avg:  0.0, Max: 0, Diff: 0, Sum: 0, Workers: 4
[2788.700s][debug][gc,phases      ] GC(235) Weak Processing 0.328ms
[2788.700s][debug][gc,age         ] GC(235) Desired survivor size 26738688 bytes, new threshold 15 (max threshold 15)
[2788.700s][info ][gc,heap        ] GC(235) PSYoungGen: 2061861K(2070528K)->18309K(2070016K) Eden: 2043392K(2043392K)->0K(2043392K) From: 18469K(27136K)->18309K(26624K)
[2788.700s][info ][gc,heap        ] GC(235) ParOldGen: 616742K(740864K)->616758K(740864K)
[2788.700s][info ][gc,metaspace   ] GC(235) Metaspace: 85641K(86592K)->85641K(86592K) NonClass: 73619K(74176K)->73619K(74176K) Class: 12022K(12416K)->12022K(12416K)
[2788.700s][info ][gc             ] GC(235) Pause Young (Allocation Failure) 2615M->620M(2745M) 6.048ms
[2788.700s][info ][gc,cpu         ] GC(235) User=0.02s Sys=0.00s Real=0.00s
[2788.700s][info ][safepoint      ] Safepoint "ParallelGCFailedAllocation", Time since last: 3094488881 ns, Reaching safepoint: 45401 ns, At safepoint: 6150444 ns, Total: 6195845 ns
[2809.220s][info ][gc,start       ] GC(236) Pause Young (Allocation Failure)
[2809.226s][debug][gc,phases      ] GC(236) Scavenge 5.611ms
[2809.226s][debug][gc,ref         ] GC(236) Skipped phase 1 of Reference Processing: no references
[2809.226s][debug][gc,ref         ] GC(236) ReferenceProcessor::execute queues: 1, RefProcThreadModel::Single, marks_oops_alive: false
[2809.226s][debug][gc,ref         ] GC(236) Skipped phase 3 of Reference Processing: no references
[2809.226s][debug][gc,ref         ] GC(236) ReferenceProcessor::execute queues: 1, RefProcThreadModel::Single, marks_oops_alive: false
[2809.226s][debug][gc,phases      ] GC(236) Reference Processing 0.119ms
[2809.226s][debug][gc,phases      ] GC(236)   VM Weak                        Min:  0.0, Avg:  0.0, Max:  0.0, Diff:  0.0, Sum:  0.0, Workers: 4
[2809.226s][debug][gc,phases      ] GC(236)     Dead                           Min: 0, Avg:  0.0, Max: 0, Diff: 0, Sum: 0, Workers: 4
[2809.226s][debug][gc,phases      ] GC(236)     Total                          Min: 0, Avg: 188.2, Max: 753, Diff: 753, Sum: 753, Workers: 4
[2809.226s][debug][gc,phases      ] GC(236)   ObjectSynchronizer Weak        Min:  0.0, Avg:  0.0, Max:  0.0, Diff:  0.0, Sum:  0.0, Workers: 4
[2809.226s][debug][gc,phases      ] GC(236)     Dead                           Min: 0, Avg:  0.0, Max: 0, Diff: 0, Sum: 0, Workers: 4
[2809.226s][debug][gc,phases      ] GC(236)     Total                          Min: 0, Avg: 98.8, Max: 256, Diff: 256, Sum: 395, Workers: 4
[2809.226s][debug][gc,phases      ] GC(236)   JVMTI Tag Weak OopStorage      Min:  0.0, Avg:  0.0, Max:  0.0, Diff:  0.0, Sum:  0.0, Workers: 4
[2809.226s][debug][gc,phases      ] GC(236)     Dead                           Min: 0, Avg:  0.0, Max: 0, Diff: 0, Sum: 0, Workers: 4
[2809.226s][debug][gc,phases      ] GC(236)     Total                          Min: 0, Avg:  0.0, Max: 0, Diff: 0, Sum: 0, Workers: 4
[2809.226s][debug][gc,phases      ] GC(236)   StringTable Weak               Min:  0.1, Avg:  0.1, Max:  0.1, Diff:  0.0, Sum:  0.4, Workers: 4
[2809.226s][debug][gc,phases      ] GC(236)     Dead                           Min: 0, Avg:  0.0, Max: 0, Diff: 0, Sum: 0, Workers: 4
[2809.226s][debug][gc,phases      ] GC(236)     Total                          Min: 11840, Avg: 12301.0, Max: 12928, Diff: 1088, Sum: 49204, Workers: 4
[2809.226s][debug][gc,phases      ] GC(236)   ResolvedMethodTable Weak       Min:  0.0, Avg:  0.0, Max:  0.0, Diff:  0.0, Sum:  0.1, Workers: 4
[2809.226s][debug][gc,phases      ] GC(236)     Dead                           Min: 0, Avg:  0.0, Max: 0, Diff: 0, Sum: 0, Workers: 4
[2809.226s][debug][gc,phases      ] GC(236)     Total                          Min: 2048, Avg: 2239.0, Max: 2495, Diff: 447, Sum: 8956, Workers: 4
[2809.226s][debug][gc,phases      ] GC(236)   JNI Weak                       Min:  0.0, Avg:  0.0, Max:  0.0, Diff:  0.0, Sum:  0.0, Workers: 4
[2809.226s][debug][gc,phases      ] GC(236)     Dead                           Min: 0, Avg:  0.0, Max: 0, Diff: 0, Sum: 0, Workers: 4
[2809.226s][debug][gc,phases      ] GC(236)     Total                          Min: 0, Avg:  0.0, Max: 0, Diff: 0, Sum: 0, Workers: 4
[2809.226s][debug][gc,phases      ] GC(236)   StringDedup Table Weak         Min:  0.0, Avg:  0.0, Max:  0.0, Diff:  0.0, Sum:  0.0, Workers: 4
[2809.226s][debug][gc,phases      ] GC(236)     Dead                           Min: 0, Avg:  0.0, Max: 0, Diff: 0, Sum: 0, Workers: 4
[2809.226s][debug][gc,phases      ] GC(236)     Total                          Min: 0, Avg:  0.0, Max: 0, Diff: 0, Sum: 0, Workers: 4
[2809.226s][debug][gc,phases      ] GC(236)   StringDedup Requests0 Weak     Min:  0.0, Avg:  0.0, Max:  0.0, Diff:  0.0, Sum:  0.0, Workers: 4
[2809.226s][debug][gc,phases      ] GC(236)     Dead                           Min: 0, Avg:  0.0, Max: 0, Diff: 0, Sum: 0, Workers: 4
[2809.226s][debug][gc,phases      ] GC(236)     Total                          Min: 0, Avg:  0.0, Max: 0, Diff: 0, Sum: 0, Workers: 4
[2809.226s][debug][gc,phases      ] GC(236)   StringDedup Requests1 Weak     Min:  0.0, Avg:  0.0, Max:  0.0, Diff:  0.0, Sum:  0.0, Workers: 4
[2809.226s][debug][gc,phases      ] GC(236)     Dead                           Min: 0, Avg:  0.0, Max: 0, Diff: 0, Sum: 0, Workers: 4
[2809.226s][debug][gc,phases      ] GC(236)     Total                          Min: 0, Avg:  0.0, Max: 0, Diff: 0, Sum: 0, Workers: 4
[2809.226s][debug][gc,phases      ] GC(236)   Weak JFR Old Object Samples    Min:  0.0, Avg:  0.0, Max:  0.0, Diff:  0.0, Sum:  0.0, Workers: 4
[2809.226s][debug][gc,phases      ] GC(236)     Dead                           Min: 0, Avg:  0.0, Max: 0, Diff: 0, Sum: 0, Workers: 4
[2809.226s][debug][gc,phases      ] GC(236)     Total                          Min: 0, Avg:  0.0, Max: 0, Diff: 0, Sum: 0, Workers: 4
[2809.226s][debug][gc,phases      ] GC(236) Weak Processing 0.315ms
[2809.226s][debug][gc,age         ] GC(236) Desired survivor size 26214400 bytes, new threshold 15 (max threshold 15)
[2809.226s][info ][gc,heap        ] GC(236) PSYoungGen: 2061701K(2070016K)->18357K(2071552K) Eden: 2043392K(2043392K)->0K(2045440K) From: 18309K(26624K)->18357K(26112K)
[2809.226s][info ][gc,heap        ] GC(236) ParOldGen: 616758K(740864K)->616782K(740864K)
[2809.226s][info ][gc,metaspace   ] GC(236) Metaspace: 85642K(86592K)->85642K(86592K) NonClass: 73620K(74176K)->73620K(74176K) Class: 12022K(12416K)->12022K(12416K)
[2809.226s][info ][gc             ] GC(236) Pause Young (Allocation Failure) 2615M->620M(2746M) 6.180ms
[2809.226s][info ][gc,cpu         ] GC(236) User=0.02s Sys=0.00s Real=0.01s
[2809.226s][info ][safepoint      ] Safepoint "ParallelGCFailedAllocation", Time since last: 20520242616 ns, Reaching safepoint: 50801 ns, At safepoint: 6276747 ns, Total: 6327548 ns
[2814.227s][info ][safepoint      ] Safepoint "Cleanup", Time since last: 5000347961 ns, Reaching safepoint: 50201 ns, At safepoint: 3400 ns, Total: 53601 ns
[2829.897s][info ][gc,start       ] GC(237) Pause Young (Allocation Failure)
[2829.904s][debug][gc,phases      ] GC(237) Scavenge 6.573ms
[2829.904s][debug][gc,ref         ] GC(237) Skipped phase 1 of Reference Processing: no references
[2829.904s][debug][gc,ref         ] GC(237) ReferenceProcessor::execute queues: 1, RefProcThreadModel::Single, marks_oops_alive: false
[2829.904s][debug][gc,ref         ] GC(237) Skipped phase 3 of Reference Processing: no references
[2829.904s][debug][gc,ref         ] GC(237) ReferenceProcessor::execute queues: 1, RefProcThreadModel::Single, marks_oops_alive: false
[2829.904s][debug][gc,phases      ] GC(237) Reference Processing 0.147ms
[2829.904s][debug][gc,phases      ] GC(237)   VM Weak                        Min:  0.0, Avg:  0.0, Max:  0.0, Diff:  0.0, Sum:  0.0, Workers: 4
[2829.904s][debug][gc,phases      ] GC(237)     Dead                           Min: 0, Avg:  0.0, Max: 0, Diff: 0, Sum: 0, Workers: 4
[2829.904s][debug][gc,phases      ] GC(237)     Total                          Min: 0, Avg: 188.2, Max: 448, Diff: 448, Sum: 753, Workers: 4
[2829.904s][debug][gc,phases      ] GC(237)   ObjectSynchronizer Weak        Min:  0.0, Avg:  0.0, Max:  0.0, Diff:  0.0, Sum:  0.0, Workers: 4
[2829.904s][debug][gc,phases      ] GC(237)     Dead                           Min: 0, Avg:  0.0, Max: 0, Diff: 0, Sum: 0, Workers: 4
[2829.904s][debug][gc,phases      ] GC(237)     Total                          Min: 64, Avg: 98.8, Max: 139, Diff: 75, Sum: 395, Workers: 4
[2829.904s][debug][gc,phases      ] GC(237)   JVMTI Tag Weak OopStorage      Min:  0.0, Avg:  0.0, Max:  0.0, Diff:  0.0, Sum:  0.0, Workers: 4
[2829.904s][debug][gc,phases      ] GC(237)     Dead                           Min: 0, Avg:  0.0, Max: 0, Diff: 0, Sum: 0, Workers: 4
[2829.904s][debug][gc,phases      ] GC(237)     Total                          Min: 0, Avg:  0.0, Max: 0, Diff: 0, Sum: 0, Workers: 4
[2829.904s][debug][gc,phases      ] GC(237)   StringTable Weak               Min:  0.1, Avg:  0.1, Max:  0.1, Diff:  0.0, Sum:  0.5, Workers: 4
[2829.904s][debug][gc,phases      ] GC(237)     Dead                           Min: 0, Avg:  0.0, Max: 0, Diff: 0, Sum: 0, Workers: 4
[2829.904s][debug][gc,phases      ] GC(237)     Total                          Min: 12032, Avg: 12301.2, Max: 12480, Diff: 448, Sum: 49205, Workers: 4
[2829.904s][debug][gc,phases      ] GC(237)   ResolvedMethodTable Weak       Min:  0.0, Avg:  0.0, Max:  0.0, Diff:  0.0, Sum:  0.1, Workers: 4
[2829.904s][debug][gc,phases      ] GC(237)     Dead                           Min: 0, Avg:  0.0, Max: 0, Diff: 0, Sum: 0, Workers: 4
[2829.904s][debug][gc,phases      ] GC(237)     Total                          Min: 2045, Avg: 2239.0, Max: 2495, Diff: 450, Sum: 8956, Workers: 4
[2829.904s][debug][gc,phases      ] GC(237)   JNI Weak                       Min:  0.0, Avg:  0.0, Max:  0.0, Diff:  0.0, Sum:  0.0, Workers: 4
[2829.904s][debug][gc,phases      ] GC(237)     Dead                           Min: 0, Avg:  0.0, Max: 0, Diff: 0, Sum: 0, Workers: 4
[2829.904s][debug][gc,phases      ] GC(237)     Total                          Min: 0, Avg:  0.0, Max: 0, Diff: 0, Sum: 0, Workers: 4
[2829.904s][debug][gc,phases      ] GC(237)   StringDedup Table Weak         Min:  0.0, Avg:  0.0, Max:  0.0, Diff:  0.0, Sum:  0.0, Workers: 4
[2829.904s][debug][gc,phases      ] GC(237)     Dead                           Min: 0, Avg:  0.0, Max: 0, Diff: 0, Sum: 0, Workers: 4
[2829.904s][debug][gc,phases      ] GC(237)     Total                          Min: 0, Avg:  0.0, Max: 0, Diff: 0, Sum: 0, Workers: 4
[2829.904s][debug][gc,phases      ] GC(237)   StringDedup Requests0 Weak     Min:  0.0, Avg:  0.0, Max:  0.0, Diff:  0.0, Sum:  0.0, Workers: 4
[2829.904s][debug][gc,phases      ] GC(237)     Dead                           Min: 0, Avg:  0.0, Max: 0, Diff: 0, Sum: 0, Workers: 4
[2829.904s][debug][gc,phases      ] GC(237)     Total                          Min: 0, Avg:  0.0, Max: 0, Diff: 0, Sum: 0, Workers: 4
[2829.904s][debug][gc,phases      ] GC(237)   StringDedup Requests1 Weak     Min:  0.0, Avg:  0.0, Max:  0.0, Diff:  0.0, Sum:  0.0, Workers: 4
[2829.904s][debug][gc,phases      ] GC(237)     Dead                           Min: 0, Avg:  0.0, Max: 0, Diff: 0, Sum: 0, Workers: 4
[2829.904s][debug][gc,phases      ] GC(237)     Total                          Min: 0, Avg:  0.0, Max: 0, Diff: 0, Sum: 0, Workers: 4
[2829.904s][debug][gc,phases      ] GC(237)   Weak JFR Old Object Samples    Min:  0.0, Avg:  0.0, Max:  0.0, Diff:  0.0, Sum:  0.0, Workers: 4
[2829.904s][debug][gc,phases      ] GC(237)     Dead                           Min: 0, Avg:  0.0, Max: 0, Diff: 0, Sum: 0, Workers: 4
[2829.904s][debug][gc,phases      ] GC(237)     Total                          Min: 0, Avg:  0.0, Max: 0, Diff: 0, Sum: 0, Workers: 4
[2829.904s][debug][gc,phases      ] GC(237) Weak Processing 0.413ms
[2829.904s][debug][gc,age         ] GC(237) Desired survivor size 25690112 bytes, new threshold 15 (max threshold 15)
[2829.904s][info ][gc,heap        ] GC(237) PSYoungGen: 2063797K(2071552K)->18293K(2071040K) Eden: 2045440K(2045440K)->0K(2045440K) From: 18357K(26112K)->18293K(25600K)
[2829.904s][info ][gc,heap        ] GC(237) ParOldGen: 616782K(740864K)->616814K(740864K)
[2829.904s][info ][gc,metaspace   ] GC(237) Metaspace: 85642K(86592K)->85642K(86592K) NonClass: 73620K(74176K)->73620K(74176K) Class: 12022K(12416K)->12022K(12416K)
[2829.904s][info ][gc             ] GC(237) Pause Young (Allocation Failure) 2617M->620M(2746M) 7.289ms
[2829.904s][info ][gc,cpu         ] GC(237) User=0.02s Sys=0.00s Real=0.01s
[2829.904s][info ][safepoint      ] Safepoint "ParallelGCFailedAllocation", Time since last: 15670314907 ns, Reaching safepoint: 51901 ns, At safepoint: 7406270 ns, Total: 7458171 ns
[2830.905s][info ][safepoint      ] Safepoint "Cleanup", Time since last: 1000086933 ns, Reaching safepoint: 56801 ns, At safepoint: 8800 ns, Total: 65601 ns
[2850.396s][info ][gc,start       ] GC(238) Pause Young (Allocation Failure)
[2850.401s][debug][gc,phases      ] GC(238) Scavenge 5.360ms
[2850.401s][debug][gc,ref         ] GC(238) Skipped phase 1 of Reference Processing: no references
[2850.401s][debug][gc,ref         ] GC(238) ReferenceProcessor::execute queues: 1, RefProcThreadModel::Single, marks_oops_alive: false
[2850.401s][debug][gc,ref         ] GC(238) Skipped phase 3 of Reference Processing: no references
[2850.401s][debug][gc,ref         ] GC(238) ReferenceProcessor::execute queues: 1, RefProcThreadModel::Single, marks_oops_alive: false
[2850.401s][debug][gc,phases      ] GC(238) Reference Processing 0.108ms
[2850.402s][debug][gc,phases      ] GC(238)   VM Weak                        Min:  0.0, Avg:  0.0, Max:  0.0, Diff:  0.0, Sum:  0.0, Workers: 4
[2850.402s][debug][gc,phases      ] GC(238)     Dead                           Min: 0, Avg:  0.0, Max: 0, Diff: 0, Sum: 0, Workers: 4
[2850.402s][debug][gc,phases      ] GC(238)     Total                          Min: 0, Avg: 188.2, Max: 448, Diff: 448, Sum: 753, Workers: 4
[2850.402s][debug][gc,phases      ] GC(238)   ObjectSynchronizer Weak        Min:  0.0, Avg:  0.0, Max:  0.0, Diff:  0.0, Sum:  0.0, Workers: 4
[2850.402s][debug][gc,phases      ] GC(238)     Dead                           Min: 0, Avg:  0.0, Max: 0, Diff: 0, Sum: 0, Workers: 4
[2850.402s][debug][gc,phases      ] GC(238)     Total                          Min: 0, Avg: 98.8, Max: 203, Diff: 203, Sum: 395, Workers: 4
[2850.402s][debug][gc,phases      ] GC(238)   JVMTI Tag Weak OopStorage      Min:  0.0, Avg:  0.0, Max:  0.0, Diff:  0.0, Sum:  0.0, Workers: 4
[2850.402s][debug][gc,phases      ] GC(238)     Dead                           Min: 0, Avg:  0.0, Max: 0, Diff: 0, Sum: 0, Workers: 4
[2850.402s][debug][gc,phases      ] GC(238)     Total                          Min: 0, Avg:  0.0, Max: 0, Diff: 0, Sum: 0, Workers: 4
[2850.402s][debug][gc,phases      ] GC(238)   StringTable Weak               Min:  0.1, Avg:  0.1, Max:  0.1, Diff:  0.0, Sum:  0.4, Workers: 4
[2850.402s][debug][gc,phases      ] GC(238)     Dead                           Min: 0, Avg:  0.0, Max: 0, Diff: 0, Sum: 0, Workers: 4
[2850.402s][debug][gc,phases      ] GC(238)     Total                          Min: 11957, Avg: 12301.2, Max: 12416, Diff: 459, Sum: 49205, Workers: 4
[2850.402s][debug][gc,phases      ] GC(238)   ResolvedMethodTable Weak       Min:  0.0, Avg:  0.0, Max:  0.0, Diff:  0.0, Sum:  0.1, Workers: 4
[2850.402s][debug][gc,phases      ] GC(238)     Dead                           Min: 0, Avg:  0.0, Max: 0, Diff: 0, Sum: 0, Workers: 4
[2850.402s][debug][gc,phases      ] GC(238)     Total                          Min: 2112, Avg: 2239.0, Max: 2364, Diff: 252, Sum: 8956, Workers: 4
[2850.402s][debug][gc,phases      ] GC(238)   JNI Weak                       Min:  0.0, Avg:  0.0, Max:  0.0, Diff:  0.0, Sum:  0.0, Workers: 4
[2850.402s][debug][gc,phases      ] GC(238)     Dead                           Min: 0, Avg:  0.0, Max: 0, Diff: 0, Sum: 0, Workers: 4
[2850.402s][debug][gc,phases      ] GC(238)     Total                          Min: 0, Avg:  0.0, Max: 0, Diff: 0, Sum: 0, Workers: 4
[2850.402s][debug][gc,phases      ] GC(238)   StringDedup Table Weak         Min:  0.0, Avg:  0.0, Max:  0.0, Diff:  0.0, Sum:  0.0, Workers: 4
[2850.402s][debug][gc,phases      ] GC(238)     Dead                           Min: 0, Avg:  0.0, Max: 0, Diff: 0, Sum: 0, Workers: 4
[2850.402s][debug][gc,phases      ] GC(238)     Total                          Min: 0, Avg:  0.0, Max: 0, Diff: 0, Sum: 0, Workers: 4
[2850.402s][debug][gc,phases      ] GC(238)   StringDedup Requests0 Weak     Min:  0.0, Avg:  0.0, Max:  0.0, Diff:  0.0, Sum:  0.0, Workers: 4
[2850.402s][debug][gc,phases      ] GC(238)     Dead                           Min: 0, Avg:  0.0, Max: 0, Diff: 0, Sum: 0, Workers: 4
[2850.402s][debug][gc,phases      ] GC(238)     Total                          Min: 0, Avg:  0.0, Max: 0, Diff: 0, Sum: 0, Workers: 4
[2850.402s][debug][gc,phases      ] GC(238)   StringDedup Requests1 Weak     Min:  0.0, Avg:  0.0, Max:  0.0, Diff:  0.0, Sum:  0.0, Workers: 4
[2850.402s][debug][gc,phases      ] GC(238)     Dead                           Min: 0, Avg:  0.0, Max: 0, Diff: 0, Sum: 0, Workers: 4
[2850.402s][debug][gc,phases      ] GC(238)     Total                          Min: 0, Avg:  0.0, Max: 0, Diff: 0, Sum: 0, Workers: 4
[2850.402s][debug][gc,phases      ] GC(238)   Weak JFR Old Object Samples    Min:  0.0, Avg:  0.0, Max:  0.0, Diff:  0.0, Sum:  0.0, Workers: 4
[2850.402s][debug][gc,phases      ] GC(238)     Dead                           Min: 0, Avg:  0.0, Max: 0, Diff: 0, Sum: 0, Workers: 4
[2850.402s][debug][gc,phases      ] GC(238)     Total                          Min: 0, Avg:  0.0, Max: 0, Diff: 0, Sum: 0, Workers: 4
[2850.402s][debug][gc,phases      ] GC(238) Weak Processing 0.295ms
[2850.402s][debug][gc,age         ] GC(238) Desired survivor size 25165824 bytes, new threshold 15 (max threshold 15)
[2850.402s][info ][gc,heap        ] GC(238) PSYoungGen: 2063733K(2071040K)->18389K(2072576K) Eden: 2045440K(2045440K)->0K(2047488K) From: 18293K(25600K)->18389K(25088K)
[2850.402s][info ][gc,heap        ] GC(238) ParOldGen: 616814K(740864K)->616846K(740864K)
[2850.402s][info ][gc,metaspace   ] GC(238) Metaspace: 85645K(86592K)->85645K(86592K) NonClass: 73623K(74176K)->73623K(74176K) Class: 12022K(12416K)->12022K(12416K)
[2850.402s][info ][gc             ] GC(238) Pause Young (Allocation Failure) 2617M->620M(2747M) 5.887ms
[2850.402s][info ][gc,cpu         ] GC(238) User=0.02s Sys=0.00s Real=0.00s
[2850.402s][info ][safepoint      ] Safepoint "ParallelGCFailedAllocation", Time since last: 19491249143 ns, Reaching safepoint: 40201 ns, At safepoint: 5976137 ns, Total: 6016338 ns
[2855.402s][info ][safepoint      ] Safepoint "Cleanup", Time since last: 5000340729 ns, Reaching safepoint: 30201 ns, At safepoint: 2500 ns, Total: 32701 ns
[2869.403s][info ][safepoint      ] Safepoint "Cleanup", Time since last: 14000886494 ns, Reaching safepoint: 29700 ns, At safepoint: 25001 ns, Total: 54701 ns
[2871.144s][info ][gc,start       ] GC(239) Pause Young (Allocation Failure)
[2871.150s][debug][gc,phases      ] GC(239) Scavenge 6.094ms
[2871.150s][debug][gc,ref         ] GC(239) Skipped phase 1 of Reference Processing: no references
[2871.150s][debug][gc,ref         ] GC(239) ReferenceProcessor::execute queues: 1, RefProcThreadModel::Single, marks_oops_alive: false
[2871.150s][debug][gc,ref         ] GC(239) Skipped phase 3 of Reference Processing: no references
[2871.150s][debug][gc,ref         ] GC(239) Skipped phase 4 of Reference Processing: no references
[2871.150s][debug][gc,phases      ] GC(239) Reference Processing 0.090ms
[2871.150s][debug][gc,phases      ] GC(239)   VM Weak                        Min:  0.0, Avg:  0.0, Max:  0.0, Diff:  0.0, Sum:  0.0, Workers: 4
[2871.150s][debug][gc,phases      ] GC(239)     Dead                           Min: 0, Avg:  0.0, Max: 0, Diff: 0, Sum: 0, Workers: 4
[2871.150s][debug][gc,phases      ] GC(239)     Total                          Min: 0, Avg: 188.2, Max: 497, Diff: 497, Sum: 753, Workers: 4
[2871.150s][debug][gc,phases      ] GC(239)   ObjectSynchronizer Weak        Min:  0.0, Avg:  0.0, Max:  0.0, Diff:  0.0, Sum:  0.0, Workers: 4
[2871.150s][debug][gc,phases      ] GC(239)     Dead                           Min: 0, Avg:  0.0, Max: 0, Diff: 0, Sum: 0, Workers: 4
[2871.150s][debug][gc,phases      ] GC(239)     Total                          Min: 0, Avg: 98.8, Max: 192, Diff: 192, Sum: 395, Workers: 4
[2871.150s][debug][gc,phases      ] GC(239)   JVMTI Tag Weak OopStorage      Min:  0.0, Avg:  0.0, Max:  0.0, Diff:  0.0, Sum:  0.0, Workers: 4
[2871.150s][debug][gc,phases      ] GC(239)     Dead                           Min: 0, Avg:  0.0, Max: 0, Diff: 0, Sum: 0, Workers: 4
[2871.150s][debug][gc,phases      ] GC(239)     Total                          Min: 0, Avg:  0.0, Max: 0, Diff: 0, Sum: 0, Workers: 4
[2871.150s][debug][gc,phases      ] GC(239)   StringTable Weak               Min:  0.1, Avg:  0.1, Max:  0.1, Diff:  0.0, Sum:  0.4, Workers: 4
[2871.150s][debug][gc,phases      ] GC(239)     Dead                           Min: 0, Avg:  0.0, Max: 0, Diff: 0, Sum: 0, Workers: 4
[2871.150s][debug][gc,phases      ] GC(239)     Total                          Min: 11456, Avg: 12301.2, Max: 13045, Diff: 1589, Sum: 49205, Workers: 4
[2871.150s][debug][gc,phases      ] GC(239)   ResolvedMethodTable Weak       Min:  0.0, Avg:  0.0, Max:  0.0, Diff:  0.0, Sum:  0.1, Workers: 4
[2871.150s][debug][gc,phases      ] GC(239)     Dead                           Min: 0, Avg:  0.0, Max: 0, Diff: 0, Sum: 0, Workers: 4
[2871.150s][debug][gc,phases      ] GC(239)     Total                          Min: 2173, Avg: 2239.0, Max: 2367, Diff: 194, Sum: 8956, Workers: 4
[2871.150s][debug][gc,phases      ] GC(239)   JNI Weak                       Min:  0.0, Avg:  0.0, Max:  0.0, Diff:  0.0, Sum:  0.0, Workers: 4
[2871.150s][debug][gc,phases      ] GC(239)     Dead                           Min: 0, Avg:  0.0, Max: 0, Diff: 0, Sum: 0, Workers: 4
[2871.150s][debug][gc,phases      ] GC(239)     Total                          Min: 0, Avg:  0.0, Max: 0, Diff: 0, Sum: 0, Workers: 4
[2871.150s][debug][gc,phases      ] GC(239)   StringDedup Table Weak         Min:  0.0, Avg:  0.0, Max:  0.0, Diff:  0.0, Sum:  0.0, Workers: 4
[2871.150s][debug][gc,phases      ] GC(239)     Dead                           Min: 0, Avg:  0.0, Max: 0, Diff: 0, Sum: 0, Workers: 4
[2871.150s][debug][gc,phases      ] GC(239)     Total                          Min: 0, Avg:  0.0, Max: 0, Diff: 0, Sum: 0, Workers: 4
[2871.150s][debug][gc,phases      ] GC(239)   StringDedup Requests0 Weak     Min:  0.0, Avg:  0.0, Max:  0.0, Diff:  0.0, Sum:  0.0, Workers: 4
[2871.150s][debug][gc,phases      ] GC(239)     Dead                           Min: 0, Avg:  0.0, Max: 0, Diff: 0, Sum: 0, Workers: 4
[2871.150s][debug][gc,phases      ] GC(239)     Total                          Min: 0, Avg:  0.0, Max: 0, Diff: 0, Sum: 0, Workers: 4
[2871.150s][debug][gc,phases      ] GC(239)   StringDedup Requests1 Weak     Min:  0.0, Avg:  0.0, Max:  0.0, Diff:  0.0, Sum:  0.0, Workers: 4
[2871.150s][debug][gc,phases      ] GC(239)     Dead                           Min: 0, Avg:  0.0, Max: 0, Diff: 0, Sum: 0, Workers: 4
[2871.150s][debug][gc,phases      ] GC(239)     Total                          Min: 0, Avg:  0.0, Max: 0, Diff: 0, Sum: 0, Workers: 4
[2871.150s][debug][gc,phases      ] GC(239)   Weak JFR Old Object Samples    Min:  0.0, Avg:  0.0, Max:  0.0, Diff:  0.0, Sum:  0.0, Workers: 4
[2871.150s][debug][gc,phases      ] GC(239)     Dead                           Min: 0, Avg:  0.0, Max: 0, Diff: 0, Sum: 0, Workers: 4
[2871.150s][debug][gc,phases      ] GC(239)     Total                          Min: 0, Avg:  0.0, Max: 0, Diff: 0, Sum: 0, Workers: 4
[2871.150s][debug][gc,phases      ] GC(239) Weak Processing 0.307ms
[2871.150s][debug][gc,age         ] GC(239) Desired survivor size 27262976 bytes, new threshold 15 (max threshold 15)
[2871.150s][info ][gc,heap        ] GC(239) PSYoungGen: 2065877K(2072576K)->1312K(2049024K) Eden: 2047488K(2047488K)->0K(2047488K) From: 18389K(25088K)->1312K(1536K)
[2871.150s][info ][gc,heap        ] GC(239) ParOldGen: 616846K(740864K)->633843K(740864K)
[2871.150s][info ][gc,metaspace   ] GC(239) Metaspace: 85645K(86592K)->85645K(86592K) NonClass: 73623K(74176K)->73623K(74176K) Class: 12022K(12416K)->12022K(12416K)
[2871.150s][info ][gc             ] GC(239) Pause Young (Allocation Failure) 2619M->620M(2724M) 6.615ms
[2871.150s][info ][gc,cpu         ] GC(239) User=0.02s Sys=0.01s Real=0.00s
[2871.150s][info ][safepoint      ] Safepoint "ParallelGCFailedAllocation", Time since last: 1740547836 ns, Reaching safepoint: 28300 ns, At safepoint: 6699554 ns, Total: 6727854 ns
[2878.151s][info ][safepoint      ] Safepoint "Cleanup", Time since last: 7000430456 ns, Reaching safepoint: 49401 ns, At safepoint: 5500 ns, Total: 54901 ns
[2886.152s][info ][safepoint      ] Safepoint "Cleanup", Time since last: 8000555728 ns, Reaching safepoint: 48401 ns, At safepoint: 7700 ns, Total: 56101 ns
[2891.177s][info ][gc,start       ] GC(240) Pause Young (Allocation Failure)
[2891.180s][debug][gc,phases      ] GC(240) Scavenge 3.437ms
[2891.180s][debug][gc,ref         ] GC(240) Skipped phase 1 of Reference Processing: no references
[2891.180s][debug][gc,ref         ] GC(240) ReferenceProcessor::execute queues: 1, RefProcThreadModel::Single, marks_oops_alive: false
[2891.180s][debug][gc,ref         ] GC(240) Skipped phase 3 of Reference Processing: no references
[2891.180s][debug][gc,ref         ] GC(240) Skipped phase 4 of Reference Processing: no references
[2891.180s][debug][gc,phases      ] GC(240) Reference Processing 0.107ms
[2891.181s][debug][gc,phases      ] GC(240)   VM Weak                        Min:  0.0, Avg:  0.0, Max:  0.0, Diff:  0.0, Sum:  0.0, Workers: 4
[2891.181s][debug][gc,phases      ] GC(240)     Dead                           Min: 0, Avg:  0.0, Max: 0, Diff: 0, Sum: 0, Workers: 4
[2891.181s][debug][gc,phases      ] GC(240)     Total                          Min: 0, Avg: 188.2, Max: 704, Diff: 704, Sum: 753, Workers: 4
[2891.181s][debug][gc,phases      ] GC(240)   ObjectSynchronizer Weak        Min:  0.0, Avg:  0.0, Max:  0.0, Diff:  0.0, Sum:  0.0, Workers: 4
[2891.181s][debug][gc,phases      ] GC(240)     Dead                           Min: 0, Avg:  0.0, Max: 0, Diff: 0, Sum: 0, Workers: 4
[2891.181s][debug][gc,phases      ] GC(240)     Total                          Min: 0, Avg: 98.8, Max: 203, Diff: 203, Sum: 395, Workers: 4
[2891.181s][debug][gc,phases      ] GC(240)   JVMTI Tag Weak OopStorage      Min:  0.0, Avg:  0.0, Max:  0.0, Diff:  0.0, Sum:  0.0, Workers: 4
[2891.181s][debug][gc,phases      ] GC(240)     Dead                           Min: 0, Avg:  0.0, Max: 0, Diff: 0, Sum: 0, Workers: 4
[2891.181s][debug][gc,phases      ] GC(240)     Total                          Min: 0, Avg:  0.0, Max: 0, Diff: 0, Sum: 0, Workers: 4
[2891.181s][debug][gc,phases      ] GC(240)   StringTable Weak               Min:  0.1, Avg:  0.1, Max:  0.1, Diff:  0.0, Sum:  0.4, Workers: 4
[2891.181s][debug][gc,phases      ] GC(240)     Dead                           Min: 0, Avg:  0.0, Max: 0, Diff: 0, Sum: 0, Workers: 4
[2891.181s][debug][gc,phases      ] GC(240)     Total                          Min: 9664, Avg: 12301.8, Max: 14464, Diff: 4800, Sum: 49207, Workers: 4
[2891.181s][debug][gc,phases      ] GC(240)   ResolvedMethodTable Weak       Min:  0.0, Avg:  0.0, Max:  0.0, Diff:  0.0, Sum:  0.1, Workers: 4
[2891.181s][debug][gc,phases      ] GC(240)     Dead                           Min: 0, Avg:  0.0, Max: 0, Diff: 0, Sum: 0, Workers: 4
[2891.181s][debug][gc,phases      ] GC(240)     Total                          Min: 1852, Avg: 2239.0, Max: 2688, Diff: 836, Sum: 8956, Workers: 4
[2891.181s][debug][gc,phases      ] GC(240)   JNI Weak                       Min:  0.0, Avg:  0.0, Max:  0.0, Diff:  0.0, Sum:  0.0, Workers: 4
[2891.181s][debug][gc,phases      ] GC(240)     Dead                           Min: 0, Avg:  0.0, Max: 0, Diff: 0, Sum: 0, Workers: 4
[2891.181s][debug][gc,phases      ] GC(240)     Total                          Min: 0, Avg:  0.0, Max: 0, Diff: 0, Sum: 0, Workers: 4
[2891.181s][debug][gc,phases      ] GC(240)   StringDedup Table Weak         Min:  0.0, Avg:  0.0, Max:  0.0, Diff:  0.0, Sum:  0.0, Workers: 4
[2891.181s][debug][gc,phases      ] GC(240)     Dead                           Min: 0, Avg:  0.0, Max: 0, Diff: 0, Sum: 0, Workers: 4
[2891.181s][debug][gc,phases      ] GC(240)     Total                          Min: 0, Avg:  0.0, Max: 0, Diff: 0, Sum: 0, Workers: 4
[2891.181s][debug][gc,phases      ] GC(240)   StringDedup Requests0 Weak     Min:  0.0, Avg:  0.0, Max:  0.0, Diff:  0.0, Sum:  0.0, Workers: 4
[2891.181s][debug][gc,phases      ] GC(240)     Dead                           Min: 0, Avg:  0.0, Max: 0, Diff: 0, Sum: 0, Workers: 4
[2891.181s][debug][gc,phases      ] GC(240)     Total                          Min: 0, Avg:  0.0, Max: 0, Diff: 0, Sum: 0, Workers: 4
[2891.181s][debug][gc,phases      ] GC(240)   StringDedup Requests1 Weak     Min:  0.0, Avg:  0.0, Max:  0.0, Diff:  0.0, Sum:  0.0, Workers: 4
[2891.181s][debug][gc,phases      ] GC(240)     Dead                           Min: 0, Avg:  0.0, Max: 0, Diff: 0, Sum: 0, Workers: 4
[2891.181s][debug][gc,phases      ] GC(240)     Total                          Min: 0, Avg:  0.0, Max: 0, Diff: 0, Sum: 0, Workers: 4
[2891.181s][debug][gc,phases      ] GC(240)   Weak JFR Old Object Samples    Min:  0.0, Avg:  0.0, Max:  0.0, Diff:  0.0, Sum:  0.0, Workers: 4
[2891.181s][debug][gc,phases      ] GC(240)     Dead                           Min: 0, Avg:  0.0, Max: 0, Diff: 0, Sum: 0, Workers: 4
[2891.181s][debug][gc,phases      ] GC(240)     Total                          Min: 0, Avg:  0.0, Max: 0, Diff: 0, Sum: 0, Workers: 4
[2891.181s][debug][gc,phases      ] GC(240) Weak Processing 0.308ms
[2891.181s][debug][gc,age         ] GC(240) Desired survivor size 28835840 bytes, new threshold 15 (max threshold 15)
[2891.181s][info ][gc,heap        ] GC(240) PSYoungGen: 2048800K(2049024K)->1440K(2067456K) Eden: 2047488K(2047488K)->0K(2040832K) From: 1312K(1536K)->1440K(26624K)
[2891.181s][info ][gc,heap        ] GC(240) ParOldGen: 633843K(740864K)->633976K(740864K)
[2891.181s][info ][gc,metaspace   ] GC(240) Metaspace: 85647K(86592K)->85647K(86592K) NonClass: 73624K(74176K)->73624K(74176K) Class: 12022K(12416K)->12022K(12416K)
[2891.181s][info ][gc             ] GC(240) Pause Young (Allocation Failure) 2619M->620M(2742M) 3.981ms
[2891.181s][info ][gc,cpu         ] GC(240) User=0.01s Sys=0.00s Real=0.00s
[2891.181s][info ][safepoint      ] Safepoint "ParallelGCFailedAllocation", Time since last: 5025108925 ns, Reaching safepoint: 109602 ns, At safepoint: 4073393 ns, Total: 4182995 ns
[2904.182s][info ][safepoint      ] Safepoint "Cleanup", Time since last: 13000913493 ns, Reaching safepoint: 47501 ns, At safepoint: 5100 ns, Total: 52601 ns
[2911.297s][info ][gc,start       ] GC(241) Pause Young (Allocation Failure)
[2911.301s][debug][gc,phases      ] GC(241) Scavenge 3.967ms
[2911.301s][debug][gc,ref         ] GC(241) Skipped phase 1 of Reference Processing: no references
[2911.301s][debug][gc,ref         ] GC(241) ReferenceProcessor::execute queues: 1, RefProcThreadModel::Single, marks_oops_alive: false
[2911.301s][debug][gc,ref         ] GC(241) Skipped phase 3 of Reference Processing: no references
[2911.301s][debug][gc,ref         ] GC(241) Skipped phase 4 of Reference Processing: no references
[2911.301s][debug][gc,phases      ] GC(241) Reference Processing 0.102ms
[2911.301s][debug][gc,phases      ] GC(241)   VM Weak                        Min:  0.0, Avg:  0.0, Max:  0.0, Diff:  0.0, Sum:  0.0, Workers: 4
[2911.301s][debug][gc,phases      ] GC(241)     Dead                           Min: 0, Avg:  0.0, Max: 0, Diff: 0, Sum: 0, Workers: 4
[2911.301s][debug][gc,phases      ] GC(241)     Total                          Min: 0, Avg: 188.2, Max: 576, Diff: 576, Sum: 753, Workers: 4
[2911.301s][debug][gc,phases      ] GC(241)   ObjectSynchronizer Weak        Min:  0.0, Avg:  0.0, Max:  0.0, Diff:  0.0, Sum:  0.0, Workers: 4
[2911.301s][debug][gc,phases      ] GC(241)     Dead                           Min: 0, Avg:  0.0, Max: 0, Diff: 0, Sum: 0, Workers: 4
[2911.301s][debug][gc,phases      ] GC(241)     Total                          Min: 0, Avg: 98.8, Max: 256, Diff: 256, Sum: 395, Workers: 4
[2911.301s][debug][gc,phases      ] GC(241)   JVMTI Tag Weak OopStorage      Min:  0.0, Avg:  0.0, Max:  0.0, Diff:  0.0, Sum:  0.0, Workers: 4
[2911.301s][debug][gc,phases      ] GC(241)     Dead                           Min: 0, Avg:  0.0, Max: 0, Diff: 0, Sum: 0, Workers: 4
[2911.301s][debug][gc,phases      ] GC(241)     Total                          Min: 0, Avg:  0.0, Max: 0, Diff: 0, Sum: 0, Workers: 4
[2911.301s][debug][gc,phases      ] GC(241)   StringTable Weak               Min:  0.1, Avg:  0.1, Max:  0.1, Diff:  0.0, Sum:  0.4, Workers: 4
[2911.301s][debug][gc,phases      ] GC(241)     Dead                           Min: 0, Avg:  0.0, Max: 0, Diff: 0, Sum: 0, Workers: 4
[2911.301s][debug][gc,phases      ] GC(241)     Total                          Min: 10487, Avg: 12301.8, Max: 14016, Diff: 3529, Sum: 49207, Workers: 4
[2911.301s][debug][gc,phases      ] GC(241)   ResolvedMethodTable Weak       Min:  0.0, Avg:  0.0, Max:  0.0, Diff:  0.0, Sum:  0.1, Workers: 4
[2911.301s][debug][gc,phases      ] GC(241)     Dead                           Min: 0, Avg:  0.0, Max: 0, Diff: 0, Sum: 0, Workers: 4
[2911.301s][debug][gc,phases      ] GC(241)     Total                          Min: 2112, Avg: 2239.0, Max: 2431, Diff: 319, Sum: 8956, Workers: 4
[2911.301s][debug][gc,phases      ] GC(241)   JNI Weak                       Min:  0.0, Avg:  0.0, Max:  0.0, Diff:  0.0, Sum:  0.0, Workers: 4
[2911.301s][debug][gc,phases      ] GC(241)     Dead                           Min: 0, Avg:  0.0, Max: 0, Diff: 0, Sum: 0, Workers: 4
[2911.301s][debug][gc,phases      ] GC(241)     Total                          Min: 0, Avg:  0.0, Max: 0, Diff: 0, Sum: 0, Workers: 4
[2911.301s][debug][gc,phases      ] GC(241)   StringDedup Table Weak         Min:  0.0, Avg:  0.0, Max:  0.0, Diff:  0.0, Sum:  0.0, Workers: 4
[2911.301s][debug][gc,phases      ] GC(241)     Dead                           Min: 0, Avg:  0.0, Max: 0, Diff: 0, Sum: 0, Workers: 4
[2911.301s][debug][gc,phases      ] GC(241)     Total                          Min: 0, Avg:  0.0, Max: 0, Diff: 0, Sum: 0, Workers: 4
[2911.301s][debug][gc,phases      ] GC(241)   StringDedup Requests0 Weak     Min:  0.0, Avg:  0.0, Max:  0.0, Diff:  0.0, Sum:  0.0, Workers: 4
[2911.301s][debug][gc,phases      ] GC(241)     Dead                           Min: 0, Avg:  0.0, Max: 0, Diff: 0, Sum: 0, Workers: 4
[2911.301s][debug][gc,phases      ] GC(241)     Total                          Min: 0, Avg:  0.0, Max: 0, Diff: 0, Sum: 0, Workers: 4
[2911.301s][debug][gc,phases      ] GC(241)   StringDedup Requests1 Weak     Min:  0.0, Avg:  0.0, Max:  0.0, Diff:  0.0, Sum:  0.0, Workers: 4
[2911.301s][debug][gc,phases      ] GC(241)     Dead                           Min: 0, Avg:  0.0, Max: 0, Diff: 0, Sum: 0, Workers: 4
[2911.301s][debug][gc,phases      ] GC(241)     Total                          Min: 0, Avg:  0.0, Max: 0, Diff: 0, Sum: 0, Workers: 4
[2911.301s][debug][gc,phases      ] GC(241)   Weak JFR Old Object Samples    Min:  0.0, Avg:  0.0, Max:  0.0, Diff:  0.0, Sum:  0.0, Workers: 4
[2911.301s][debug][gc,phases      ] GC(241)     Dead                           Min: 0, Avg:  0.0, Max: 0, Diff: 0, Sum: 0, Workers: 4
[2911.301s][debug][gc,phases      ] GC(241)     Total                          Min: 0, Avg:  0.0, Max: 0, Diff: 0, Sum: 0, Workers: 4
[2911.301s][debug][gc,phases      ] GC(241) Weak Processing 0.307ms
[2911.301s][debug][gc,age         ] GC(241) Desired survivor size 29884416 bytes, new threshold 15 (max threshold 15)
[2911.301s][info ][gc,heap        ] GC(241) PSYoungGen: 2042272K(2067456K)->1216K(2042368K) Eden: 2040832K(2040832K)->0K(2040832K) From: 1440K(26624K)->1216K(1536K)
[2911.301s][info ][gc,heap        ] GC(241) ParOldGen: 633976K(740864K)->634016K(740864K)
[2911.301s][info ][gc,metaspace   ] GC(241) Metaspace: 85664K(86592K)->85664K(86592K) NonClass: 73641K(74176K)->73641K(74176K) Class: 12022K(12416K)->12022K(12416K)
[2911.301s][info ][gc             ] GC(241) Pause Young (Allocation Failure) 2613M->620M(2718M) 4.511ms
[2911.302s][info ][gc,cpu         ] GC(241) User=0.02s Sys=0.00s Real=0.00s
[2911.302s][info ][safepoint      ] Safepoint "ParallelGCFailedAllocation", Time since last: 7115112970 ns, Reaching safepoint: 45001 ns, At safepoint: 4598306 ns, Total: 4643307 ns
[2928.303s][info ][safepoint      ] Safepoint "Cleanup", Time since last: 17001379631 ns, Reaching safepoint: 56401 ns, At safepoint: 7801 ns, Total: 64202 ns
[2931.643s][info ][gc,start       ] GC(242) Pause Young (Allocation Failure)
[2931.647s][debug][gc,phases      ] GC(242) Scavenge 3.318ms
[2931.647s][debug][gc,ref         ] GC(242) Skipped phase 1 of Reference Processing: no references
[2931.647s][debug][gc,ref         ] GC(242) ReferenceProcessor::execute queues: 1, RefProcThreadModel::Single, marks_oops_alive: false
[2931.647s][debug][gc,ref         ] GC(242) Skipped phase 3 of Reference Processing: no references
[2931.647s][debug][gc,ref         ] GC(242) ReferenceProcessor::execute queues: 1, RefProcThreadModel::Single, marks_oops_alive: false
[2931.647s][debug][gc,phases      ] GC(242) Reference Processing 0.106ms
[2931.647s][debug][gc,phases      ] GC(242)   VM Weak                        Min:  0.0, Avg:  0.0, Max:  0.0, Diff:  0.0, Sum:  0.0, Workers: 4
[2931.647s][debug][gc,phases      ] GC(242)     Dead                           Min: 0, Avg:  0.0, Max: 0, Diff: 0, Sum: 0, Workers: 4
[2931.647s][debug][gc,phases      ] GC(242)     Total                          Min: 0, Avg: 188.2, Max: 448, Diff: 448, Sum: 753, Workers: 4
[2931.647s][debug][gc,phases      ] GC(242)   ObjectSynchronizer Weak        Min:  0.0, Avg:  0.0, Max:  0.0, Diff:  0.0, Sum:  0.0, Workers: 4
[2931.647s][debug][gc,phases      ] GC(242)     Dead                           Min: 0, Avg:  0.0, Max: 0, Diff: 0, Sum: 0, Workers: 4
[2931.647s][debug][gc,phases      ] GC(242)     Total                          Min: 0, Avg: 98.8, Max: 203, Diff: 203, Sum: 395, Workers: 4
[2931.647s][debug][gc,phases      ] GC(242)   JVMTI Tag Weak OopStorage      Min:  0.0, Avg:  0.0, Max:  0.0, Diff:  0.0, Sum:  0.0, Workers: 4
[2931.647s][debug][gc,phases      ] GC(242)     Dead                           Min: 0, Avg:  0.0, Max: 0, Diff: 0, Sum: 0, Workers: 4
[2931.647s][debug][gc,phases      ] GC(242)     Total                          Min: 0, Avg:  0.0, Max: 0, Diff: 0, Sum: 0, Workers: 4
[2931.647s][debug][gc,phases      ] GC(242)   StringTable Weak               Min:  0.1, Avg:  0.1, Max:  0.1, Diff:  0.0, Sum:  0.4, Workers: 4
[2931.647s][debug][gc,phases      ] GC(242)     Dead                           Min: 0, Avg:  0.0, Max: 0, Diff: 0, Sum: 0, Workers: 4
[2931.647s][debug][gc,phases      ] GC(242)     Total                          Min: 11064, Avg: 12302.0, Max: 13120, Diff: 2056, Sum: 49208, Workers: 4
[2931.647s][debug][gc,phases      ] GC(242)   ResolvedMethodTable Weak       Min:  0.0, Avg:  0.0, Max:  0.0, Diff:  0.0, Sum:  0.1, Workers: 4
[2931.647s][debug][gc,phases      ] GC(242)     Dead                           Min: 0, Avg:  0.0, Max: 0, Diff: 0, Sum: 0, Workers: 4
[2931.647s][debug][gc,phases      ] GC(242)     Total                          Min: 2176, Avg: 2239.0, Max: 2304, Diff: 128, Sum: 8956, Workers: 4
[2931.647s][debug][gc,phases      ] GC(242)   JNI Weak                       Min:  0.0, Avg:  0.0, Max:  0.0, Diff:  0.0, Sum:  0.0, Workers: 4
[2931.647s][debug][gc,phases      ] GC(242)     Dead                           Min: 0, Avg:  0.0, Max: 0, Diff: 0, Sum: 0, Workers: 4
[2931.647s][debug][gc,phases      ] GC(242)     Total                          Min: 0, Avg:  0.0, Max: 0, Diff: 0, Sum: 0, Workers: 4
[2931.647s][debug][gc,phases      ] GC(242)   StringDedup Table Weak         Min:  0.0, Avg:  0.0, Max:  0.0, Diff:  0.0, Sum:  0.0, Workers: 4
[2931.647s][debug][gc,phases      ] GC(242)     Dead                           Min: 0, Avg:  0.0, Max: 0, Diff: 0, Sum: 0, Workers: 4
[2931.647s][debug][gc,phases      ] GC(242)     Total                          Min: 0, Avg:  0.0, Max: 0, Diff: 0, Sum: 0, Workers: 4
[2931.647s][debug][gc,phases      ] GC(242)   StringDedup Requests0 Weak     Min:  0.0, Avg:  0.0, Max:  0.0, Diff:  0.0, Sum:  0.0, Workers: 4
[2931.647s][debug][gc,phases      ] GC(242)     Dead                           Min: 0, Avg:  0.0, Max: 0, Diff: 0, Sum: 0, Workers: 4
[2931.647s][debug][gc,phases      ] GC(242)     Total                          Min: 0, Avg:  0.0, Max: 0, Diff: 0, Sum: 0, Workers: 4
[2931.647s][debug][gc,phases      ] GC(242)   StringDedup Requests1 Weak     Min:  0.0, Avg:  0.0, Max:  0.0, Diff:  0.0, Sum:  0.0, Workers: 4
[2931.647s][debug][gc,phases      ] GC(242)     Dead                           Min: 0, Avg:  0.0, Max: 0, Diff: 0, Sum: 0, Workers: 4
[2931.647s][debug][gc,phases      ] GC(242)     Total                          Min: 0, Avg:  0.0, Max: 0, Diff: 0, Sum: 0, Workers: 4
[2931.647s][debug][gc,phases      ] GC(242)   Weak JFR Old Object Samples    Min:  0.0, Avg:  0.0, Max:  0.0, Diff:  0.0, Sum:  0.0, Workers: 4
[2931.647s][debug][gc,phases      ] GC(242)     Dead                           Min: 0, Avg:  0.0, Max: 0, Diff: 0, Sum: 0, Workers: 4
[2931.647s][debug][gc,phases      ] GC(242)     Total                          Min: 0, Avg:  0.0, Max: 0, Diff: 0, Sum: 0, Workers: 4
[2931.647s][debug][gc,phases      ] GC(242) Weak Processing 0.303ms
[2931.647s][debug][gc,age         ] GC(242) Desired survivor size 30408704 bytes, new threshold 15 (max threshold 15)
[2931.647s][info ][gc,heap        ] GC(242) PSYoungGen: 2042048K(2042368K)->1472K(2066944K) Eden: 2040832K(2040832K)->0K(2037760K) From: 1216K(1536K)->1472K(29184K)
[2931.647s][info ][gc,heap        ] GC(242) ParOldGen: 634016K(740864K)->634048K(740864K)
[2931.647s][info ][gc,metaspace   ] GC(242) Metaspace: 85664K(86592K)->85664K(86592K) NonClass: 73642K(74176K)->73642K(74176K) Class: 12022K(12416K)->12022K(12416K)
[2931.647s][info ][gc             ] GC(242) Pause Young (Allocation Failure) 2613M->620M(2742M) 3.848ms
[2931.647s][info ][gc,cpu         ] GC(242) User=0.01s Sys=0.01s Real=0.00s
[2931.647s][info ][safepoint      ] Safepoint "ParallelGCFailedAllocation", Time since last: 3340410291 ns, Reaching safepoint: 30801 ns, At safepoint: 3937190 ns, Total: 3967991 ns
[2933.648s][info ][safepoint      ] Safepoint "Cleanup", Time since last: 2000130427 ns, Reaching safepoint: 48801 ns, At safepoint: 4900 ns, Total: 53701 ns
[2951.594s][info ][gc,start       ] GC(243) Pause Young (Allocation Failure)
[2951.597s][debug][gc,phases      ] GC(243) Scavenge 3.495ms
[2951.597s][debug][gc,ref         ] GC(243) Skipped phase 1 of Reference Processing: no references
[2951.597s][debug][gc,ref         ] GC(243) ReferenceProcessor::execute queues: 1, RefProcThreadModel::Single, marks_oops_alive: false
[2951.597s][debug][gc,ref         ] GC(243) Skipped phase 3 of Reference Processing: no references
[2951.597s][debug][gc,ref         ] GC(243) ReferenceProcessor::execute queues: 1, RefProcThreadModel::Single, marks_oops_alive: false
[2951.597s][debug][gc,phases      ] GC(243) Reference Processing 0.107ms
[2951.597s][debug][gc,phases      ] GC(243)   VM Weak                        Min:  0.0, Avg:  0.0, Max:  0.0, Diff:  0.0, Sum:  0.0, Workers: 4
[2951.597s][debug][gc,phases      ] GC(243)     Dead                           Min: 0, Avg:  0.0, Max: 0, Diff: 0, Sum: 0, Workers: 4
[2951.597s][debug][gc,phases      ] GC(243)     Total                          Min: 0, Avg: 188.2, Max: 576, Diff: 576, Sum: 753, Workers: 4
[2951.597s][debug][gc,phases      ] GC(243)   ObjectSynchronizer Weak        Min:  0.0, Avg:  0.0, Max:  0.0, Diff:  0.0, Sum:  0.0, Workers: 4
[2951.597s][debug][gc,phases      ] GC(243)     Dead                           Min: 0, Avg:  0.0, Max: 0, Diff: 0, Sum: 0, Workers: 4
[2951.597s][debug][gc,phases      ] GC(243)     Total                          Min: 0, Avg: 98.8, Max: 192, Diff: 192, Sum: 395, Workers: 4
[2951.597s][debug][gc,phases      ] GC(243)   JVMTI Tag Weak OopStorage      Min:  0.0, Avg:  0.0, Max:  0.0, Diff:  0.0, Sum:  0.0, Workers: 4
[2951.597s][debug][gc,phases      ] GC(243)     Dead                           Min: 0, Avg:  0.0, Max: 0, Diff: 0, Sum: 0, Workers: 4
[2951.597s][debug][gc,phases      ] GC(243)     Total                          Min: 0, Avg:  0.0, Max: 0, Diff: 0, Sum: 0, Workers: 4
[2951.597s][debug][gc,phases      ] GC(243)   StringTable Weak               Min:  0.1, Avg:  0.1, Max:  0.1, Diff:  0.0, Sum:  0.4, Workers: 4
[2951.597s][debug][gc,phases      ] GC(243)     Dead                           Min: 0, Avg:  0.0, Max: 0, Diff: 0, Sum: 0, Workers: 4
[2951.597s][debug][gc,phases      ] GC(243)     Total                          Min: 9408, Avg: 12302.0, Max: 14848, Diff: 5440, Sum: 49208, Workers: 4
[2951.597s][debug][gc,phases      ] GC(243)   ResolvedMethodTable Weak       Min:  0.0, Avg:  0.0, Max:  0.0, Diff:  0.0, Sum:  0.1, Workers: 4
[2951.597s][debug][gc,phases      ] GC(243)     Dead                           Min: 0, Avg:  0.0, Max: 0, Diff: 0, Sum: 0, Workers: 4
[2951.597s][debug][gc,phases      ] GC(243)     Total                          Min: 1916, Avg: 2239.0, Max: 2752, Diff: 836, Sum: 8956, Workers: 4
[2951.598s][debug][gc,phases      ] GC(243)   JNI Weak                       Min:  0.0, Avg:  0.0, Max:  0.0, Diff:  0.0, Sum:  0.0, Workers: 4
[2951.598s][debug][gc,phases      ] GC(243)     Dead                           Min: 0, Avg:  0.0, Max: 0, Diff: 0, Sum: 0, Workers: 4
[2951.598s][debug][gc,phases      ] GC(243)     Total                          Min: 0, Avg:  0.0, Max: 0, Diff: 0, Sum: 0, Workers: 4
[2951.598s][debug][gc,phases      ] GC(243)   StringDedup Table Weak         Min:  0.0, Avg:  0.0, Max:  0.0, Diff:  0.0, Sum:  0.0, Workers: 4
[2951.598s][debug][gc,phases      ] GC(243)     Dead                           Min: 0, Avg:  0.0, Max: 0, Diff: 0, Sum: 0, Workers: 4
[2951.598s][debug][gc,phases      ] GC(243)     Total                          Min: 0, Avg:  0.0, Max: 0, Diff: 0, Sum: 0, Workers: 4
[2951.598s][debug][gc,phases      ] GC(243)   StringDedup Requests0 Weak     Min:  0.0, Avg:  0.0, Max:  0.0, Diff:  0.0, Sum:  0.0, Workers: 4
[2951.598s][debug][gc,phases      ] GC(243)     Dead                           Min: 0, Avg:  0.0, Max: 0, Diff: 0, Sum: 0, Workers: 4
[2951.598s][debug][gc,phases      ] GC(243)     Total                          Min: 0, Avg:  0.0, Max: 0, Diff: 0, Sum: 0, Workers: 4
[2951.598s][debug][gc,phases      ] GC(243)   StringDedup Requests1 Weak     Min:  0.0, Avg:  0.0, Max:  0.0, Diff:  0.0, Sum:  0.0, Workers: 4
[2951.598s][debug][gc,phases      ] GC(243)     Dead                           Min: 0, Avg:  0.0, Max: 0, Diff: 0, Sum: 0, Workers: 4
[2951.598s][debug][gc,phases      ] GC(243)     Total                          Min: 0, Avg:  0.0, Max: 0, Diff: 0, Sum: 0, Workers: 4
[2951.598s][debug][gc,phases      ] GC(243)   Weak JFR Old Object Samples    Min:  0.0, Avg:  0.0, Max:  0.0, Diff:  0.0, Sum:  0.0, Workers: 4
[2951.598s][debug][gc,phases      ] GC(243)     Dead                           Min: 0, Avg:  0.0, Max: 0, Diff: 0, Sum: 0, Workers: 4
[2951.598s][debug][gc,phases      ] GC(243)     Total                          Min: 0, Avg:  0.0, Max: 0, Diff: 0, Sum: 0, Workers: 4
[2951.598s][debug][gc,phases      ] GC(243) Weak Processing 0.315ms
[2951.598s][debug][gc,age         ] GC(243) Desired survivor size 30408704 bytes, new threshold 15 (max threshold 15)
[2951.598s][info ][gc,heap        ] GC(243) PSYoungGen: 2039232K(2066944K)->1392K(2067456K) Eden: 2037760K(2037760K)->0K(2037760K) From: 1472K(29184K)->1392K(29696K)
[2951.598s][info ][gc,heap        ] GC(243) ParOldGen: 634048K(740864K)->634048K(740864K)
[2951.598s][info ][gc,metaspace   ] GC(243) Metaspace: 85668K(86592K)->85668K(86592K) NonClass: 73645K(74176K)->73645K(74176K) Class: 12022K(12416K)->12022K(12416K)
[2951.598s][info ][gc             ] GC(243) Pause Young (Allocation Failure) 2610M->620M(2742M) 4.044ms
[2951.598s][info ][gc,cpu         ] GC(243) User=0.01s Sys=0.00s Real=0.00s
[2951.598s][info ][safepoint      ] Safepoint "ParallelGCFailedAllocation", Time since last: 17945920270 ns, Reaching safepoint: 46901 ns, At safepoint: 4135595 ns, Total: 4182496 ns
[2970.599s][info ][safepoint      ] Safepoint "Cleanup", Time since last: 19001294596 ns, Reaching safepoint: 48001 ns, At safepoint: 4600 ns, Total: 52601 ns
[2971.892s][info ][gc,start       ] GC(244) Pause Young (Allocation Failure)
[2971.896s][debug][gc,phases      ] GC(244) Scavenge 3.800ms
[2971.896s][debug][gc,ref         ] GC(244) Skipped phase 1 of Reference Processing: no references
[2971.896s][debug][gc,ref         ] GC(244) ReferenceProcessor::execute queues: 1, RefProcThreadModel::Single, marks_oops_alive: false
[2971.896s][debug][gc,ref         ] GC(244) Skipped phase 3 of Reference Processing: no references
[2971.896s][debug][gc,ref         ] GC(244) ReferenceProcessor::execute queues: 1, RefProcThreadModel::Single, marks_oops_alive: false
[2971.896s][debug][gc,phases      ] GC(244) Reference Processing 0.105ms
[2971.896s][debug][gc,phases      ] GC(244)   VM Weak                        Min:  0.0, Avg:  0.0, Max:  0.0, Diff:  0.0, Sum:  0.0, Workers: 4
[2971.896s][debug][gc,phases      ] GC(244)     Dead                           Min: 0, Avg:  0.0, Max: 0, Diff: 0, Sum: 0, Workers: 4
[2971.896s][debug][gc,phases      ] GC(244)     Total                          Min: 0, Avg: 188.2, Max: 512, Diff: 512, Sum: 753, Workers: 4
[2971.896s][debug][gc,phases      ] GC(244)   ObjectSynchronizer Weak        Min:  0.0, Avg:  0.0, Max:  0.0, Diff:  0.0, Sum:  0.0, Workers: 4
[2971.896s][debug][gc,phases      ] GC(244)     Dead                           Min: 0, Avg:  0.0, Max: 0, Diff: 0, Sum: 0, Workers: 4
[2971.896s][debug][gc,phases      ] GC(244)     Total                          Min: 64, Avg: 98.8, Max: 128, Diff: 64, Sum: 395, Workers: 4
[2971.896s][debug][gc,phases      ] GC(244)   JVMTI Tag Weak OopStorage      Min:  0.0, Avg:  0.0, Max:  0.0, Diff:  0.0, Sum:  0.0, Workers: 4
[2971.896s][debug][gc,phases      ] GC(244)     Dead                           Min: 0, Avg:  0.0, Max: 0, Diff: 0, Sum: 0, Workers: 4
[2971.896s][debug][gc,phases      ] GC(244)     Total                          Min: 0, Avg:  0.0, Max: 0, Diff: 0, Sum: 0, Workers: 4
[2971.896s][debug][gc,phases      ] GC(244)   StringTable Weak               Min:  0.1, Avg:  0.1, Max:  0.1, Diff:  0.0, Sum:  0.4, Workers: 4
[2971.896s][debug][gc,phases      ] GC(244)     Dead                           Min: 0, Avg:  0.0, Max: 0, Diff: 0, Sum: 0, Workers: 4
[2971.896s][debug][gc,phases      ] GC(244)     Total                          Min: 10944, Avg: 12303.2, Max: 13504, Diff: 2560, Sum: 49213, Workers: 4
[2971.896s][debug][gc,phases      ] GC(244)   ResolvedMethodTable Weak       Min:  0.0, Avg:  0.0, Max:  0.0, Diff:  0.0, Sum:  0.1, Workers: 4
[2971.896s][debug][gc,phases      ] GC(244)     Dead                           Min: 0, Avg:  0.0, Max: 0, Diff: 0, Sum: 0, Workers: 4
[2971.896s][debug][gc,phases      ] GC(244)     Total                          Min: 2112, Avg: 2241.2, Max: 2304, Diff: 192, Sum: 8965, Workers: 4
[2971.896s][debug][gc,phases      ] GC(244)   JNI Weak                       Min:  0.0, Avg:  0.0, Max:  0.0, Diff:  0.0, Sum:  0.0, Workers: 4
[2971.896s][debug][gc,phases      ] GC(244)     Dead                           Min: 0, Avg:  0.0, Max: 0, Diff: 0, Sum: 0, Workers: 4
[2971.896s][debug][gc,phases      ] GC(244)     Total                          Min: 0, Avg:  0.0, Max: 0, Diff: 0, Sum: 0, Workers: 4
[2971.896s][debug][gc,phases      ] GC(244)   StringDedup Table Weak         Min:  0.0, Avg:  0.0, Max:  0.0, Diff:  0.0, Sum:  0.0, Workers: 4
[2971.896s][debug][gc,phases      ] GC(244)     Dead                           Min: 0, Avg:  0.0, Max: 0, Diff: 0, Sum: 0, Workers: 4
[2971.896s][debug][gc,phases      ] GC(244)     Total                          Min: 0, Avg:  0.0, Max: 0, Diff: 0, Sum: 0, Workers: 4
[2971.896s][debug][gc,phases      ] GC(244)   StringDedup Requests0 Weak     Min:  0.0, Avg:  0.0, Max:  0.0, Diff:  0.0, Sum:  0.0, Workers: 4
[2971.896s][debug][gc,phases      ] GC(244)     Dead                           Min: 0, Avg:  0.0, Max: 0, Diff: 0, Sum: 0, Workers: 4
[2971.896s][debug][gc,phases      ] GC(244)     Total                          Min: 0, Avg:  0.0, Max: 0, Diff: 0, Sum: 0, Workers: 4
[2971.896s][debug][gc,phases      ] GC(244)   StringDedup Requests1 Weak     Min:  0.0, Avg:  0.0, Max:  0.0, Diff:  0.0, Sum:  0.0, Workers: 4
[2971.896s][debug][gc,phases      ] GC(244)     Dead                           Min: 0, Avg:  0.0, Max: 0, Diff: 0, Sum: 0, Workers: 4
[2971.896s][debug][gc,phases      ] GC(244)     Total                          Min: 0, Avg:  0.0, Max: 0, Diff: 0, Sum: 0, Workers: 4
[2971.896s][debug][gc,phases      ] GC(244)   Weak JFR Old Object Samples    Min:  0.0, Avg:  0.0, Max:  0.0, Diff:  0.0, Sum:  0.0, Workers: 4
[2971.896s][debug][gc,phases      ] GC(244)     Dead                           Min: 0, Avg:  0.0, Max: 0, Diff: 0, Sum: 0, Workers: 4
[2971.896s][debug][gc,phases      ] GC(244)     Total                          Min: 0, Avg:  0.0, Max: 0, Diff: 0, Sum: 0, Workers: 4
[2971.896s][debug][gc,phases      ] GC(244) Weak Processing 0.300ms
[2971.896s][debug][gc,age         ] GC(244) Desired survivor size 29884416 bytes, new threshold 15 (max threshold 15)
[2971.896s][info ][gc,heap        ] GC(244) PSYoungGen: 2039152K(2067456K)->1392K(2067968K) Eden: 2037760K(2037760K)->0K(2038272K) From: 1392K(29696K)->1392K(29696K)
[2971.896s][info ][gc,heap        ] GC(244) ParOldGen: 634048K(740864K)->634104K(740864K)
[2971.896s][info ][gc,metaspace   ] GC(244) Metaspace: 85681K(86592K)->85681K(86592K) NonClass: 73656K(74176K)->73656K(74176K) Class: 12025K(12416K)->12025K(12416K)
[2971.896s][info ][gc             ] GC(244) Pause Young (Allocation Failure) 2610M->620M(2743M) 4.302ms
[2971.896s][info ][gc,cpu         ] GC(244) User=0.02s Sys=0.01s Real=0.00s
[2971.896s][info ][safepoint      ] Safepoint "ParallelGCFailedAllocation", Time since last: 1292762239 ns, Reaching safepoint: 36300 ns, At safepoint: 4372601 ns, Total: 4408901 ns
[2974.897s][info ][safepoint      ] Safepoint "Cleanup", Time since last: 3000247224 ns, Reaching safepoint: 121902 ns, At safepoint: 8201 ns, Total: 130103 ns
[2975.897s][info ][safepoint      ] Safepoint "Cleanup", Time since last: 1000116310 ns, Reaching safepoint: 122103 ns, At safepoint: 11100 ns, Total: 133203 ns
[2987.898s][info ][safepoint      ] Safepoint "Cleanup", Time since last: 12000852897 ns, Reaching safepoint: 48801 ns, At safepoint: 4000 ns, Total: 52801 ns
[2991.759s][info ][gc,start       ] GC(245) Pause Young (Allocation Failure)
[2991.763s][debug][gc,phases      ] GC(245) Scavenge 3.837ms
[2991.763s][debug][gc,ref         ] GC(245) Skipped phase 1 of Reference Processing: no references
[2991.763s][debug][gc,ref         ] GC(245) ReferenceProcessor::execute queues: 1, RefProcThreadModel::Single, marks_oops_alive: false
[2991.763s][debug][gc,ref         ] GC(245) Skipped phase 3 of Reference Processing: no references
[2991.763s][debug][gc,ref         ] GC(245) ReferenceProcessor::execute queues: 1, RefProcThreadModel::Single, marks_oops_alive: false
[2991.763s][debug][gc,phases      ] GC(245) Reference Processing 0.116ms
[2991.763s][debug][gc,phases      ] GC(245)   VM Weak                        Min:  0.0, Avg:  0.0, Max:  0.0, Diff:  0.0, Sum:  0.0, Workers: 4
[2991.763s][debug][gc,phases      ] GC(245)     Dead                           Min: 0, Avg:  0.0, Max: 0, Diff: 0, Sum: 0, Workers: 4
[2991.763s][debug][gc,phases      ] GC(245)     Total                          Min: 0, Avg: 188.2, Max: 497, Diff: 497, Sum: 753, Workers: 4
[2991.763s][debug][gc,phases      ] GC(245)   ObjectSynchronizer Weak        Min:  0.0, Avg:  0.0, Max:  0.0, Diff:  0.0, Sum:  0.0, Workers: 4
[2991.763s][debug][gc,phases      ] GC(245)     Dead                           Min: 0, Avg:  0.0, Max: 0, Diff: 0, Sum: 0, Workers: 4
[2991.763s][debug][gc,phases      ] GC(245)     Total                          Min: 64, Avg: 98.8, Max: 128, Diff: 64, Sum: 395, Workers: 4
[2991.764s][debug][gc,phases      ] GC(245)   JVMTI Tag Weak OopStorage      Min:  0.0, Avg:  0.0, Max:  0.0, Diff:  0.0, Sum:  0.0, Workers: 4
[2991.764s][debug][gc,phases      ] GC(245)     Dead                           Min: 0, Avg:  0.0, Max: 0, Diff: 0, Sum: 0, Workers: 4
[2991.764s][debug][gc,phases      ] GC(245)     Total                          Min: 0, Avg:  0.0, Max: 0, Diff: 0, Sum: 0, Workers: 4
[2991.764s][debug][gc,phases      ] GC(245)   StringTable Weak               Min:  0.1, Avg:  0.1, Max:  0.1, Diff:  0.0, Sum:  0.4, Workers: 4
[2991.764s][debug][gc,phases      ] GC(245)     Dead                           Min: 0, Avg:  0.0, Max: 0, Diff: 0, Sum: 0, Workers: 4
[2991.764s][debug][gc,phases      ] GC(245)     Total                          Min: 11136, Avg: 12303.2, Max: 13120, Diff: 1984, Sum: 49213, Workers: 4
[2991.764s][debug][gc,phases      ] GC(245)   ResolvedMethodTable Weak       Min:  0.0, Avg:  0.0, Max:  0.0, Diff:  0.0, Sum:  0.1, Workers: 4
[2991.764s][debug][gc,phases      ] GC(245)     Dead                           Min: 0, Avg:  0.0, Max: 0, Diff: 0, Sum: 0, Workers: 4
[2991.764s][debug][gc,phases      ] GC(245)     Total                          Min: 2048, Avg: 2241.2, Max: 2373, Diff: 325, Sum: 8965, Workers: 4
[2991.764s][debug][gc,phases      ] GC(245)   JNI Weak                       Min:  0.0, Avg:  0.0, Max:  0.0, Diff:  0.0, Sum:  0.0, Workers: 4
[2991.764s][debug][gc,phases      ] GC(245)     Dead                           Min: 0, Avg:  0.0, Max: 0, Diff: 0, Sum: 0, Workers: 4
[2991.764s][debug][gc,phases      ] GC(245)     Total                          Min: 0, Avg:  0.0, Max: 0, Diff: 0, Sum: 0, Workers: 4
[2991.764s][debug][gc,phases      ] GC(245)   StringDedup Table Weak         Min:  0.0, Avg:  0.0, Max:  0.0, Diff:  0.0, Sum:  0.0, Workers: 4
[2991.764s][debug][gc,phases      ] GC(245)     Dead                           Min: 0, Avg:  0.0, Max: 0, Diff: 0, Sum: 0, Workers: 4
[2991.764s][debug][gc,phases      ] GC(245)     Total                          Min: 0, Avg:  0.0, Max: 0, Diff: 0, Sum: 0, Workers: 4
[2991.764s][debug][gc,phases      ] GC(245)   StringDedup Requests0 Weak     Min:  0.0, Avg:  0.0, Max:  0.0, Diff:  0.0, Sum:  0.0, Workers: 4
[2991.764s][debug][gc,phases      ] GC(245)     Dead                           Min: 0, Avg:  0.0, Max: 0, Diff: 0, Sum: 0, Workers: 4
[2991.764s][debug][gc,phases      ] GC(245)     Total                          Min: 0, Avg:  0.0, Max: 0, Diff: 0, Sum: 0, Workers: 4
[2991.764s][debug][gc,phases      ] GC(245)   StringDedup Requests1 Weak     Min:  0.0, Avg:  0.0, Max:  0.0, Diff:  0.0, Sum:  0.0, Workers: 4
[2991.764s][debug][gc,phases      ] GC(245)     Dead                           Min: 0, Avg:  0.0, Max: 0, Diff: 0, Sum: 0, Workers: 4
[2991.764s][debug][gc,phases      ] GC(245)     Total                          Min: 0, Avg:  0.0, Max: 0, Diff: 0, Sum: 0, Workers: 4
[2991.764s][debug][gc,phases      ] GC(245)   Weak JFR Old Object Samples    Min:  0.0, Avg:  0.0, Max:  0.0, Diff:  0.0, Sum:  0.0, Workers: 4
[2991.764s][debug][gc,phases      ] GC(245)     Dead                           Min: 0, Avg:  0.0, Max: 0, Diff: 0, Sum: 0, Workers: 4
[2991.764s][debug][gc,phases      ] GC(245)     Total                          Min: 0, Avg:  0.0, Max: 0, Diff: 0, Sum: 0, Workers: 4
[2991.764s][debug][gc,phases      ] GC(245) Weak Processing 0.324ms
[2991.764s][debug][gc,age         ] GC(245) Desired survivor size 29884416 bytes, new threshold 15 (max threshold 15)
[2991.764s][info ][gc,heap        ] GC(245) PSYoungGen: 2039664K(2067968K)->1344K(2067456K) Eden: 2038272K(2038272K)->0K(2038272K) From: 1392K(29696K)->1344K(29184K)
[2991.764s][info ][gc,heap        ] GC(245) ParOldGen: 634104K(740864K)->634128K(740864K)
[2991.764s][info ][gc,metaspace   ] GC(245) Metaspace: 85686K(86592K)->85686K(86592K) NonClass: 73661K(74176K)->73661K(74176K) Class: 12025K(12416K)->12025K(12416K)
[2991.764s][info ][gc             ] GC(245) Pause Young (Allocation Failure) 2611M->620M(2742M) 4.403ms
[2991.764s][info ][gc,cpu         ] GC(245) User=0.01s Sys=0.00s Real=0.01s
[2991.764s][info ][safepoint      ] Safepoint "ParallelGCFailedAllocation", Time since last: 3861393601 ns, Reaching safepoint: 112002 ns, At safepoint: 4486204 ns, Total: 4598206 ns
[2994.764s][info ][safepoint      ] Safepoint "Cleanup", Time since last: 3000220484 ns, Reaching safepoint: 54701 ns, At safepoint: 7900 ns, Total: 62601 ns
[3002.765s][info ][safepoint      ] Safepoint "Cleanup", Time since last: 8000584768 ns, Reaching safepoint: 47101 ns, At safepoint: 2700 ns, Total: 49801 ns
[3011.394s][info ][gc,start       ] GC(246) Pause Young (Allocation Failure)
[3011.397s][debug][gc,phases      ] GC(246) Scavenge 3.405ms
[3011.397s][debug][gc,ref         ] GC(246) Skipped phase 1 of Reference Processing: no references
[3011.397s][debug][gc,ref         ] GC(246) ReferenceProcessor::execute queues: 1, RefProcThreadModel::Single, marks_oops_alive: false
[3011.397s][debug][gc,ref         ] GC(246) Skipped phase 3 of Reference Processing: no references
[3011.397s][debug][gc,ref         ] GC(246) ReferenceProcessor::execute queues: 1, RefProcThreadModel::Single, marks_oops_alive: false
[3011.397s][debug][gc,phases      ] GC(246) Reference Processing 0.107ms
[3011.398s][debug][gc,phases      ] GC(246)   VM Weak                        Min:  0.0, Avg:  0.0, Max:  0.0, Diff:  0.0, Sum:  0.0, Workers: 4
[3011.398s][debug][gc,phases      ] GC(246)     Dead                           Min: 0, Avg:  0.0, Max: 0, Diff: 0, Sum: 0, Workers: 4
[3011.398s][debug][gc,phases      ] GC(246)     Total                          Min: 0, Avg: 188.2, Max: 753, Diff: 753, Sum: 753, Workers: 4
[3011.398s][debug][gc,phases      ] GC(246)   ObjectSynchronizer Weak        Min:  0.0, Avg:  0.0, Max:  0.0, Diff:  0.0, Sum:  0.0, Workers: 4
[3011.398s][debug][gc,phases      ] GC(246)     Dead                           Min: 0, Avg:  0.0, Max: 0, Diff: 0, Sum: 0, Workers: 4
[3011.398s][debug][gc,phases      ] GC(246)     Total                          Min: 0, Avg: 98.8, Max: 256, Diff: 256, Sum: 395, Workers: 4
[3011.398s][debug][gc,phases      ] GC(246)   JVMTI Tag Weak OopStorage      Min:  0.0, Avg:  0.0, Max:  0.0, Diff:  0.0, Sum:  0.0, Workers: 4
[3011.398s][debug][gc,phases      ] GC(246)     Dead                           Min: 0, Avg:  0.0, Max: 0, Diff: 0, Sum: 0, Workers: 4
[3011.398s][debug][gc,phases      ] GC(246)     Total                          Min: 0, Avg:  0.0, Max: 0, Diff: 0, Sum: 0, Workers: 4
[3011.398s][debug][gc,phases      ] GC(246)   StringTable Weak               Min:  0.1, Avg:  0.1, Max:  0.1, Diff:  0.0, Sum:  0.4, Workers: 4
[3011.398s][debug][gc,phases      ] GC(246)     Dead                           Min: 0, Avg:  0.0, Max: 0, Diff: 0, Sum: 0, Workers: 4
[3011.398s][debug][gc,phases      ] GC(246)     Total                          Min: 10880, Avg: 12303.2, Max: 13757, Diff: 2877, Sum: 49213, Workers: 4
[3011.398s][debug][gc,phases      ] GC(246)   ResolvedMethodTable Weak       Min:  0.0, Avg:  0.0, Max:  0.0, Diff:  0.0, Sum:  0.1, Workers: 4
[3011.398s][debug][gc,phases      ] GC(246)     Dead                           Min: 0, Avg:  0.0, Max: 0, Diff: 0, Sum: 0, Workers: 4
[3011.398s][debug][gc,phases      ] GC(246)     Total                          Min: 1669, Avg: 2241.2, Max: 2816, Diff: 1147, Sum: 8965, Workers: 4
[3011.398s][debug][gc,phases      ] GC(246)   JNI Weak                       Min:  0.0, Avg:  0.0, Max:  0.0, Diff:  0.0, Sum:  0.0, Workers: 4
[3011.398s][debug][gc,phases      ] GC(246)     Dead                           Min: 0, Avg:  0.0, Max: 0, Diff: 0, Sum: 0, Workers: 4
[3011.398s][debug][gc,phases      ] GC(246)     Total                          Min: 0, Avg:  0.0, Max: 0, Diff: 0, Sum: 0, Workers: 4
[3011.398s][debug][gc,phases      ] GC(246)   StringDedup Table Weak         Min:  0.0, Avg:  0.0, Max:  0.0, Diff:  0.0, Sum:  0.0, Workers: 4
[3011.398s][debug][gc,phases      ] GC(246)     Dead                           Min: 0, Avg:  0.0, Max: 0, Diff: 0, Sum: 0, Workers: 4
[3011.398s][debug][gc,phases      ] GC(246)     Total                          Min: 0, Avg:  0.0, Max: 0, Diff: 0, Sum: 0, Workers: 4
[3011.398s][debug][gc,phases      ] GC(246)   StringDedup Requests0 Weak     Min:  0.0, Avg:  0.0, Max:  0.0, Diff:  0.0, Sum:  0.0, Workers: 4
[3011.398s][debug][gc,phases      ] GC(246)     Dead                           Min: 0, Avg:  0.0, Max: 0, Diff: 0, Sum: 0, Workers: 4
[3011.398s][debug][gc,phases      ] GC(246)     Total                          Min: 0, Avg:  0.0, Max: 0, Diff: 0, Sum: 0, Workers: 4
[3011.398s][debug][gc,phases      ] GC(246)   StringDedup Requests1 Weak     Min:  0.0, Avg:  0.0, Max:  0.0, Diff:  0.0, Sum:  0.0, Workers: 4
[3011.398s][debug][gc,phases      ] GC(246)     Dead                           Min: 0, Avg:  0.0, Max: 0, Diff: 0, Sum: 0, Workers: 4
[3011.398s][debug][gc,phases      ] GC(246)     Total                          Min: 0, Avg:  0.0, Max: 0, Diff: 0, Sum: 0, Workers: 4
[3011.398s][debug][gc,phases      ] GC(246)   Weak JFR Old Object Samples    Min:  0.0, Avg:  0.0, Max:  0.0, Diff:  0.0, Sum:  0.0, Workers: 4
[3011.398s][debug][gc,phases      ] GC(246)     Dead                           Min: 0, Avg:  0.0, Max: 0, Diff: 0, Sum: 0, Workers: 4
[3011.398s][debug][gc,phases      ] GC(246)     Total                          Min: 0, Avg:  0.0, Max: 0, Diff: 0, Sum: 0, Workers: 4
[3011.398s][debug][gc,phases      ] GC(246) Weak Processing 0.346ms
[3011.398s][debug][gc,age         ] GC(246) Desired survivor size 28835840 bytes, new threshold 15 (max threshold 15)
[3011.398s][info ][gc,heap        ] GC(246) PSYoungGen: 2039616K(2067456K)->1440K(2068992K) Eden: 2038272K(2038272K)->0K(2039808K) From: 1344K(29184K)->1440K(29184K)
[3011.398s][info ][gc,heap        ] GC(246) ParOldGen: 634128K(740864K)->634152K(740864K)
[3011.398s][info ][gc,metaspace   ] GC(246) Metaspace: 85696K(86592K)->85696K(86592K) NonClass: 73671K(74176K)->73671K(74176K) Class: 12025K(12416K)->12025K(12416K)
[3011.398s][info ][gc             ] GC(246) Pause Young (Allocation Failure) 2611M->620M(2744M) 3.989ms
[3011.398s][info ][gc,cpu         ] GC(246) User=0.02s Sys=0.00s Real=0.00s
[3011.398s][info ][safepoint      ] Safepoint "ParallelGCFailedAllocation", Time since last: 8628966111 ns, Reaching safepoint: 110603 ns, At safepoint: 4082394 ns, Total: 4192997 ns
[3031.442s][info ][gc,start       ] GC(247) Pause Young (Allocation Failure)
[3031.445s][debug][gc,phases      ] GC(247) Scavenge 3.271ms
[3031.445s][debug][gc,ref         ] GC(247) Skipped phase 1 of Reference Processing: no references
[3031.445s][debug][gc,ref         ] GC(247) ReferenceProcessor::execute queues: 1, RefProcThreadModel::Single, marks_oops_alive: false
[3031.445s][debug][gc,ref         ] GC(247) Skipped phase 3 of Reference Processing: no references
[3031.445s][debug][gc,ref         ] GC(247) ReferenceProcessor::execute queues: 1, RefProcThreadModel::Single, marks_oops_alive: false
[3031.445s][debug][gc,phases      ] GC(247) Reference Processing 0.106ms
[3031.446s][debug][gc,phases      ] GC(247)   VM Weak                        Min:  0.0, Avg:  0.0, Max:  0.0, Diff:  0.0, Sum:  0.0, Workers: 4
[3031.446s][debug][gc,phases      ] GC(247)     Dead                           Min: 0, Avg:  0.0, Max: 0, Diff: 0, Sum: 0, Workers: 4
[3031.446s][debug][gc,phases      ] GC(247)     Total                          Min: 0, Avg: 188.2, Max: 384, Diff: 384, Sum: 753, Workers: 4
[3031.446s][debug][gc,phases      ] GC(247)   ObjectSynchronizer Weak        Min:  0.0, Avg:  0.0, Max:  0.0, Diff:  0.0, Sum:  0.0, Workers: 4
[3031.446s][debug][gc,phases      ] GC(247)     Dead                           Min: 0, Avg:  0.0, Max: 0, Diff: 0, Sum: 0, Workers: 4
[3031.446s][debug][gc,phases      ] GC(247)     Total                          Min: 0, Avg: 98.8, Max: 203, Diff: 203, Sum: 395, Workers: 4
[3031.446s][debug][gc,phases      ] GC(247)   JVMTI Tag Weak OopStorage      Min:  0.0, Avg:  0.0, Max:  0.0, Diff:  0.0, Sum:  0.0, Workers: 4
[3031.446s][debug][gc,phases      ] GC(247)     Dead                           Min: 0, Avg:  0.0, Max: 0, Diff: 0, Sum: 0, Workers: 4
[3031.446s][debug][gc,phases      ] GC(247)     Total                          Min: 0, Avg:  0.0, Max: 0, Diff: 0, Sum: 0, Workers: 4
[3031.446s][debug][gc,phases      ] GC(247)   StringTable Weak               Min:  0.1, Avg:  0.1, Max:  0.1, Diff:  0.0, Sum:  0.4, Workers: 4
[3031.446s][debug][gc,phases      ] GC(247)     Dead                           Min: 0, Avg:  0.0, Max: 0, Diff: 0, Sum: 0, Workers: 4
[3031.446s][debug][gc,phases      ] GC(247)     Total                          Min: 10624, Avg: 12303.5, Max: 13696, Diff: 3072, Sum: 49214, Workers: 4
[3031.446s][debug][gc,phases      ] GC(247)   ResolvedMethodTable Weak       Min:  0.0, Avg:  0.0, Max:  0.0, Diff:  0.0, Sum:  0.1, Workers: 4
[3031.446s][debug][gc,phases      ] GC(247)     Dead                           Min: 0, Avg:  0.0, Max: 0, Diff: 0, Sum: 0, Workers: 4
[3031.446s][debug][gc,phases      ] GC(247)     Total                          Min: 2176, Avg: 2241.2, Max: 2368, Diff: 192, Sum: 8965, Workers: 4
[3031.446s][debug][gc,phases      ] GC(247)   JNI Weak                       Min:  0.0, Avg:  0.0, Max:  0.0, Diff:  0.0, Sum:  0.0, Workers: 4
[3031.446s][debug][gc,phases      ] GC(247)     Dead                           Min: 0, Avg:  0.0, Max: 0, Diff: 0, Sum: 0, Workers: 4
[3031.446s][debug][gc,phases      ] GC(247)     Total                          Min: 0, Avg:  0.0, Max: 0, Diff: 0, Sum: 0, Workers: 4
[3031.446s][debug][gc,phases      ] GC(247)   StringDedup Table Weak         Min:  0.0, Avg:  0.0, Max:  0.0, Diff:  0.0, Sum:  0.0, Workers: 4
[3031.446s][debug][gc,phases      ] GC(247)     Dead                           Min: 0, Avg:  0.0, Max: 0, Diff: 0, Sum: 0, Workers: 4
[3031.446s][debug][gc,phases      ] GC(247)     Total                          Min: 0, Avg:  0.0, Max: 0, Diff: 0, Sum: 0, Workers: 4
[3031.446s][debug][gc,phases      ] GC(247)   StringDedup Requests0 Weak     Min:  0.0, Avg:  0.0, Max:  0.0, Diff:  0.0, Sum:  0.0, Workers: 4
[3031.446s][debug][gc,phases      ] GC(247)     Dead                           Min: 0, Avg:  0.0, Max: 0, Diff: 0, Sum: 0, Workers: 4
[3031.446s][debug][gc,phases      ] GC(247)     Total                          Min: 0, Avg:  0.0, Max: 0, Diff: 0, Sum: 0, Workers: 4
[3031.446s][debug][gc,phases      ] GC(247)   StringDedup Requests1 Weak     Min:  0.0, Avg:  0.0, Max:  0.0, Diff:  0.0, Sum:  0.0, Workers: 4
[3031.446s][debug][gc,phases      ] GC(247)     Dead                           Min: 0, Avg:  0.0, Max: 0, Diff: 0, Sum: 0, Workers: 4
[3031.446s][debug][gc,phases      ] GC(247)     Total                          Min: 0, Avg:  0.0, Max: 0, Diff: 0, Sum: 0, Workers: 4
[3031.446s][debug][gc,phases      ] GC(247)   Weak JFR Old Object Samples    Min:  0.0, Avg:  0.0, Max:  0.0, Diff:  0.0, Sum:  0.0, Workers: 4
[3031.446s][debug][gc,phases      ] GC(247)     Dead                           Min: 0, Avg:  0.0, Max: 0, Diff: 0, Sum: 0, Workers: 4
[3031.446s][debug][gc,phases      ] GC(247)     Total                          Min: 0, Avg:  0.0, Max: 0, Diff: 0, Sum: 0, Workers: 4
[3031.446s][debug][gc,phases      ] GC(247) Weak Processing 0.309ms
[3031.446s][debug][gc,age         ] GC(247) Desired survivor size 28311552 bytes, new threshold 15 (max threshold 15)
[3031.446s][info ][gc,heap        ] GC(247) PSYoungGen: 2041248K(2068992K)->1344K(2067968K) Eden: 2039808K(2039808K)->0K(2039808K) From: 1440K(29184K)->1344K(28160K)
[3031.446s][info ][gc,heap        ] GC(247) ParOldGen: 634152K(740864K)->634184K(740864K)
[3031.446s][info ][gc,metaspace   ] GC(247) Metaspace: 85702K(86592K)->85702K(86592K) NonClass: 73677K(74176K)->73677K(74176K) Class: 12025K(12416K)->12025K(12416K)
[3031.446s][info ][gc             ] GC(247) Pause Young (Allocation Failure) 2612M->620M(2743M) 3.821ms
[3031.446s][info ][gc,cpu         ] GC(247) User=0.02s Sys=0.00s Real=0.01s
[3031.446s][info ][safepoint      ] Safepoint "ParallelGCFailedAllocation", Time since last: 20044158293 ns, Reaching safepoint: 42301 ns, At safepoint: 3907190 ns, Total: 3949491 ns
[3036.446s][info ][safepoint      ] Safepoint "Cleanup", Time since last: 5000346136 ns, Reaching safepoint: 119903 ns, At safepoint: 6100 ns, Total: 126003 ns
[3042.447s][info ][safepoint      ] Safepoint "Cleanup", Time since last: 6000407233 ns, Reaching safepoint: 45401 ns, At safepoint: 4800 ns, Total: 50201 ns
[3044.447s][info ][safepoint      ] Safepoint "Cleanup", Time since last: 2000184953 ns, Reaching safepoint: 30501 ns, At safepoint: 30700 ns, Total: 61201 ns
[3049.447s][info ][safepoint      ] Safepoint "Cleanup", Time since last: 5000344195 ns, Reaching safepoint: 48101 ns, At safepoint: 3001 ns, Total: 51102 ns
[3050.448s][info ][safepoint      ] Safepoint "Cleanup", Time since last: 1000122182 ns, Reaching safepoint: 46402 ns, At safepoint: 7500 ns, Total: 53902 ns
[3051.425s][info ][gc,start       ] GC(248) Pause Young (Allocation Failure)
[3051.429s][debug][gc,phases      ] GC(248) Scavenge 3.705ms
[3051.429s][debug][gc,ref         ] GC(248) Skipped phase 1 of Reference Processing: no references
[3051.429s][debug][gc,ref         ] GC(248) ReferenceProcessor::execute queues: 1, RefProcThreadModel::Single, marks_oops_alive: false
[3051.429s][debug][gc,ref         ] GC(248) Skipped phase 3 of Reference Processing: no references
[3051.429s][debug][gc,ref         ] GC(248) ReferenceProcessor::execute queues: 1, RefProcThreadModel::Single, marks_oops_alive: false
[3051.429s][debug][gc,phases      ] GC(248) Reference Processing 0.101ms
[3051.429s][debug][gc,phases      ] GC(248)   VM Weak                        Min:  0.0, Avg:  0.0, Max:  0.0, Diff:  0.0, Sum:  0.0, Workers: 4
[3051.429s][debug][gc,phases      ] GC(248)     Dead                           Min: 0, Avg:  0.0, Max: 0, Diff: 0, Sum: 0, Workers: 4
[3051.429s][debug][gc,phases      ] GC(248)     Total                          Min: 0, Avg: 188.2, Max: 369, Diff: 369, Sum: 753, Workers: 4
[3051.429s][debug][gc,phases      ] GC(248)   ObjectSynchronizer Weak        Min:  0.0, Avg:  0.0, Max:  0.0, Diff:  0.0, Sum:  0.0, Workers: 4
[3051.429s][debug][gc,phases      ] GC(248)     Dead                           Min: 0, Avg:  0.0, Max: 0, Diff: 0, Sum: 0, Workers: 4
[3051.429s][debug][gc,phases      ] GC(248)     Total                          Min: 0, Avg: 98.8, Max: 139, Diff: 139, Sum: 395, Workers: 4
[3051.429s][debug][gc,phases      ] GC(248)   JVMTI Tag Weak OopStorage      Min:  0.0, Avg:  0.0, Max:  0.0, Diff:  0.0, Sum:  0.0, Workers: 4
[3051.429s][debug][gc,phases      ] GC(248)     Dead                           Min: 0, Avg:  0.0, Max: 0, Diff: 0, Sum: 0, Workers: 4
[3051.429s][debug][gc,phases      ] GC(248)     Total                          Min: 0, Avg:  0.0, Max: 0, Diff: 0, Sum: 0, Workers: 4
[3051.429s][debug][gc,phases      ] GC(248)   StringTable Weak               Min:  0.1, Avg:  0.1, Max:  0.1, Diff:  0.0, Sum:  0.4, Workers: 4
[3051.429s][debug][gc,phases      ] GC(248)     Dead                           Min: 0, Avg:  0.0, Max: 0, Diff: 0, Sum: 0, Workers: 4
[3051.429s][debug][gc,phases      ] GC(248)     Total                          Min: 10560, Avg: 12304.0, Max: 13568, Diff: 3008, Sum: 49216, Workers: 4
[3051.429s][debug][gc,phases      ] GC(248)   ResolvedMethodTable Weak       Min:  0.0, Avg:  0.0, Max:  0.0, Diff:  0.0, Sum:  0.1, Workers: 4
[3051.429s][debug][gc,phases      ] GC(248)     Dead                           Min: 0, Avg:  0.0, Max: 0, Diff: 0, Sum: 0, Workers: 4
[3051.429s][debug][gc,phases      ] GC(248)     Total                          Min: 1984, Avg: 2241.2, Max: 2688, Diff: 704, Sum: 8965, Workers: 4
[3051.429s][debug][gc,phases      ] GC(248)   JNI Weak                       Min:  0.0, Avg:  0.0, Max:  0.0, Diff:  0.0, Sum:  0.0, Workers: 4
[3051.429s][debug][gc,phases      ] GC(248)     Dead                           Min: 0, Avg:  0.0, Max: 0, Diff: 0, Sum: 0, Workers: 4
[3051.429s][debug][gc,phases      ] GC(248)     Total                          Min: 0, Avg:  0.0, Max: 0, Diff: 0, Sum: 0, Workers: 4
[3051.429s][debug][gc,phases      ] GC(248)   StringDedup Table Weak         Min:  0.0, Avg:  0.0, Max:  0.0, Diff:  0.0, Sum:  0.0, Workers: 4
[3051.429s][debug][gc,phases      ] GC(248)     Dead                           Min: 0, Avg:  0.0, Max: 0, Diff: 0, Sum: 0, Workers: 4
[3051.429s][debug][gc,phases      ] GC(248)     Total                          Min: 0, Avg:  0.0, Max: 0, Diff: 0, Sum: 0, Workers: 4
[3051.429s][debug][gc,phases      ] GC(248)   StringDedup Requests0 Weak     Min:  0.0, Avg:  0.0, Max:  0.0, Diff:  0.0, Sum:  0.0, Workers: 4
[3051.429s][debug][gc,phases      ] GC(248)     Dead                           Min: 0, Avg:  0.0, Max: 0, Diff: 0, Sum: 0, Workers: 4
[3051.429s][debug][gc,phases      ] GC(248)     Total                          Min: 0, Avg:  0.0, Max: 0, Diff: 0, Sum: 0, Workers: 4
[3051.429s][debug][gc,phases      ] GC(248)   StringDedup Requests1 Weak     Min:  0.0, Avg:  0.0, Max:  0.0, Diff:  0.0, Sum:  0.0, Workers: 4
[3051.429s][debug][gc,phases      ] GC(248)     Dead                           Min: 0, Avg:  0.0, Max: 0, Diff: 0, Sum: 0, Workers: 4
[3051.429s][debug][gc,phases      ] GC(248)     Total                          Min: 0, Avg:  0.0, Max: 0, Diff: 0, Sum: 0, Workers: 4
[3051.429s][debug][gc,phases      ] GC(248)   Weak JFR Old Object Samples    Min:  0.0, Avg:  0.0, Max:  0.0, Diff:  0.0, Sum:  0.0, Workers: 4
[3051.429s][debug][gc,phases      ] GC(248)     Dead                           Min: 0, Avg:  0.0, Max: 0, Diff: 0, Sum: 0, Workers: 4
[3051.429s][debug][gc,phases      ] GC(248)     Total                          Min: 0, Avg:  0.0, Max: 0, Diff: 0, Sum: 0, Workers: 4
[3051.429s][debug][gc,phases      ] GC(248) Weak Processing 0.305ms
[3051.429s][debug][gc,age         ] GC(248) Desired survivor size 27262976 bytes, new threshold 15 (max threshold 15)
[3051.430s][info ][gc,heap        ] GC(248) PSYoungGen: 2041152K(2067968K)->1312K(2070528K) Eden: 2039808K(2039808K)->0K(2042880K) From: 1344K(28160K)->1312K(27648K)
[3051.430s][info ][gc,heap        ] GC(248) ParOldGen: 634184K(740864K)->634232K(740864K)
[3051.430s][info ][gc,metaspace   ] GC(248) Metaspace: 85727K(86656K)->85727K(86656K) NonClass: 73702K(74240K)->73702K(74240K) Class: 12025K(12416K)->12025K(12416K)
[3051.430s][info ][gc             ] GC(248) Pause Young (Allocation Failure) 2612M->620M(2745M) 4.241ms
[3051.430s][info ][gc,cpu         ] GC(248) User=0.02s Sys=0.00s Real=0.00s
[3051.430s][info ][safepoint      ] Safepoint "ParallelGCFailedAllocation", Time since last: 977580363 ns, Reaching safepoint: 41301 ns, At safepoint: 4325600 ns, Total: 4366901 ns
[3055.430s][info ][safepoint      ] Safepoint "Cleanup", Time since last: 4000290340 ns, Reaching safepoint: 46301 ns, At safepoint: 3000 ns, Total: 49301 ns
[3061.430s][info ][safepoint      ] Safepoint "Cleanup", Time since last: 6000398835 ns, Reaching safepoint: 48901 ns, At safepoint: 3300 ns, Total: 52201 ns
[3067.431s][info ][safepoint      ] Safepoint "Cleanup", Time since last: 6000414068 ns, Reaching safepoint: 44001 ns, At safepoint: 2500 ns, Total: 46501 ns
[3070.431s][info ][safepoint      ] Safepoint "Cleanup", Time since last: 3000248696 ns, Reaching safepoint: 48101 ns, At safepoint: 2400 ns, Total: 50501 ns
[3071.344s][info ][gc,start       ] GC(249) Pause Young (Allocation Failure)
[3071.347s][debug][gc,phases      ] GC(249) Scavenge 3.147ms
[3071.347s][debug][gc,ref         ] GC(249) Skipped phase 1 of Reference Processing: no references
[3071.347s][debug][gc,ref         ] GC(249) ReferenceProcessor::execute queues: 1, RefProcThreadModel::Single, marks_oops_alive: false
[3071.347s][debug][gc,ref         ] GC(249) Skipped phase 3 of Reference Processing: no references
[3071.347s][debug][gc,ref         ] GC(249) ReferenceProcessor::execute queues: 1, RefProcThreadModel::Single, marks_oops_alive: false
[3071.347s][debug][gc,phases      ] GC(249) Reference Processing 0.103ms
[3071.347s][debug][gc,phases      ] GC(249)   VM Weak                        Min:  0.0, Avg:  0.0, Max:  0.0, Diff:  0.0, Sum:  0.0, Workers: 4
[3071.347s][debug][gc,phases      ] GC(249)     Dead                           Min: 0, Avg:  0.0, Max: 0, Diff: 0, Sum: 0, Workers: 4
[3071.347s][debug][gc,phases      ] GC(249)     Total                          Min: 0, Avg: 188.2, Max: 561, Diff: 561, Sum: 753, Workers: 4
[3071.347s][debug][gc,phases      ] GC(249)   ObjectSynchronizer Weak        Min:  0.0, Avg:  0.0, Max:  0.0, Diff:  0.0, Sum:  0.0, Workers: 4
[3071.347s][debug][gc,phases      ] GC(249)     Dead                           Min: 0, Avg:  0.0, Max: 0, Diff: 0, Sum: 0, Workers: 4
[3071.347s][debug][gc,phases      ] GC(249)     Total                          Min: 0, Avg: 98.8, Max: 203, Diff: 203, Sum: 395, Workers: 4
[3071.347s][debug][gc,phases      ] GC(249)   JVMTI Tag Weak OopStorage      Min:  0.0, Avg:  0.0, Max:  0.0, Diff:  0.0, Sum:  0.0, Workers: 4
[3071.347s][debug][gc,phases      ] GC(249)     Dead                           Min: 0, Avg:  0.0, Max: 0, Diff: 0, Sum: 0, Workers: 4
[3071.347s][debug][gc,phases      ] GC(249)     Total                          Min: 0, Avg:  0.0, Max: 0, Diff: 0, Sum: 0, Workers: 4
[3071.347s][debug][gc,phases      ] GC(249)   StringTable Weak               Min:  0.1, Avg:  0.1, Max:  0.1, Diff:  0.0, Sum:  0.4, Workers: 4
[3071.347s][debug][gc,phases      ] GC(249)     Dead                           Min: 0, Avg:  0.0, Max: 0, Diff: 0, Sum: 0, Workers: 4
[3071.347s][debug][gc,phases      ] GC(249)     Total                          Min: 11200, Avg: 12304.0, Max: 13824, Diff: 2624, Sum: 49216, Workers: 4
[3071.347s][debug][gc,phases      ] GC(249)   ResolvedMethodTable Weak       Min:  0.0, Avg:  0.0, Max:  0.0, Diff:  0.0, Sum:  0.1, Workers: 4
[3071.347s][debug][gc,phases      ] GC(249)     Dead                           Min: 0, Avg:  0.0, Max: 0, Diff: 0, Sum: 0, Workers: 4
[3071.347s][debug][gc,phases      ] GC(249)     Total                          Min: 2048, Avg: 2241.2, Max: 2437, Diff: 389, Sum: 8965, Workers: 4
[3071.347s][debug][gc,phases      ] GC(249)   JNI Weak                       Min:  0.0, Avg:  0.0, Max:  0.0, Diff:  0.0, Sum:  0.0, Workers: 4
[3071.347s][debug][gc,phases      ] GC(249)     Dead                           Min: 0, Avg:  0.0, Max: 0, Diff: 0, Sum: 0, Workers: 4
[3071.347s][debug][gc,phases      ] GC(249)     Total                          Min: 0, Avg:  0.0, Max: 0, Diff: 0, Sum: 0, Workers: 4
[3071.347s][debug][gc,phases      ] GC(249)   StringDedup Table Weak         Min:  0.0, Avg:  0.0, Max:  0.0, Diff:  0.0, Sum:  0.0, Workers: 4
[3071.347s][debug][gc,phases      ] GC(249)     Dead                           Min: 0, Avg:  0.0, Max: 0, Diff: 0, Sum: 0, Workers: 4
[3071.347s][debug][gc,phases      ] GC(249)     Total                          Min: 0, Avg:  0.0, Max: 0, Diff: 0, Sum: 0, Workers: 4
[3071.347s][debug][gc,phases      ] GC(249)   StringDedup Requests0 Weak     Min:  0.0, Avg:  0.0, Max:  0.0, Diff:  0.0, Sum:  0.0, Workers: 4
[3071.347s][debug][gc,phases      ] GC(249)     Dead                           Min: 0, Avg:  0.0, Max: 0, Diff: 0, Sum: 0, Workers: 4
[3071.347s][debug][gc,phases      ] GC(249)     Total                          Min: 0, Avg:  0.0, Max: 0, Diff: 0, Sum: 0, Workers: 4
[3071.347s][debug][gc,phases      ] GC(249)   StringDedup Requests1 Weak     Min:  0.0, Avg:  0.0, Max:  0.0, Diff:  0.0, Sum:  0.0, Workers: 4
[3071.347s][debug][gc,phases      ] GC(249)     Dead                           Min: 0, Avg:  0.0, Max: 0, Diff: 0, Sum: 0, Workers: 4
[3071.347s][debug][gc,phases      ] GC(249)     Total                          Min: 0, Avg:  0.0, Max: 0, Diff: 0, Sum: 0, Workers: 4
[3071.347s][debug][gc,phases      ] GC(249)   Weak JFR Old Object Samples    Min:  0.0, Avg:  0.0, Max:  0.0, Diff:  0.0, Sum:  0.0, Workers: 4
[3071.347s][debug][gc,phases      ] GC(249)     Dead                           Min: 0, Avg:  0.0, Max: 0, Diff: 0, Sum: 0, Workers: 4
[3071.347s][debug][gc,phases      ] GC(249)     Total                          Min: 0, Avg:  0.0, Max: 0, Diff: 0, Sum: 0, Workers: 4
[3071.347s][debug][gc,phases      ] GC(249) Weak Processing 0.299ms
[3071.347s][debug][gc,age         ] GC(249) Desired survivor size 26214400 bytes, new threshold 15 (max threshold 15)
[3071.347s][info ][gc,heap        ] GC(249) PSYoungGen: 2044192K(2070528K)->1376K(2069504K) Eden: 2042880K(2042880K)->0K(2042880K) From: 1312K(27648K)->1376K(26624K)
[3071.347s][info ][gc,heap        ] GC(249) ParOldGen: 634232K(740864K)->634272K(740864K)
[3071.347s][info ][gc,metaspace   ] GC(249) Metaspace: 85749K(86656K)->85749K(86656K) NonClass: 73724K(74240K)->73724K(74240K) Class: 12025K(12416K)->12025K(12416K)
[3071.347s][info ][gc             ] GC(249) Pause Young (Allocation Failure) 2615M->620M(2744M) 3.674ms
[3071.347s][info ][gc,cpu         ] GC(249) User=0.01s Sys=0.00s Real=0.00s
[3071.347s][info ][safepoint      ] Safepoint "ParallelGCFailedAllocation", Time since last: 912257172 ns, Reaching safepoint: 101503 ns, At safepoint: 3767087 ns, Total: 3868590 ns
[3076.348s][info ][safepoint      ] Safepoint "Cleanup", Time since last: 5000350013 ns, Reaching safepoint: 52401 ns, At safepoint: 2400 ns, Total: 54801 ns
[3078.348s][info ][safepoint      ] Safepoint "Cleanup", Time since last: 2000172213 ns, Reaching safepoint: 42101 ns, At safepoint: 2200 ns, Total: 44301 ns
[3091.327s][info ][gc,start       ] GC(250) Pause Young (Allocation Failure)
[3091.331s][debug][gc,phases      ] GC(250) Scavenge 3.109ms
[3091.331s][debug][gc,ref         ] GC(250) Skipped phase 1 of Reference Processing: no references
[3091.331s][debug][gc,ref         ] GC(250) ReferenceProcessor::execute queues: 1, RefProcThreadModel::Single, marks_oops_alive: false
[3091.331s][debug][gc,ref         ] GC(250) Skipped phase 3 of Reference Processing: no references
[3091.331s][debug][gc,ref         ] GC(250) ReferenceProcessor::execute queues: 1, RefProcThreadModel::Single, marks_oops_alive: false
[3091.331s][debug][gc,phases      ] GC(250) Reference Processing 0.112ms
[3091.331s][debug][gc,phases      ] GC(250)   VM Weak                        Min:  0.0, Avg:  0.0, Max:  0.0, Diff:  0.0, Sum:  0.0, Workers: 4
[3091.331s][debug][gc,phases      ] GC(250)     Dead                           Min: 0, Avg:  0.0, Max: 0, Diff: 0, Sum: 0, Workers: 4
[3091.331s][debug][gc,phases      ] GC(250)     Total                          Min: 0, Avg: 188.2, Max: 704, Diff: 704, Sum: 753, Workers: 4
[3091.331s][debug][gc,phases      ] GC(250)   ObjectSynchronizer Weak        Min:  0.0, Avg:  0.0, Max:  0.0, Diff:  0.0, Sum:  0.0, Workers: 4
[3091.331s][debug][gc,phases      ] GC(250)     Dead                           Min: 0, Avg:  0.0, Max: 0, Diff: 0, Sum: 0, Workers: 4
[3091.331s][debug][gc,phases      ] GC(250)     Total                          Min: 0, Avg: 98.8, Max: 203, Diff: 203, Sum: 395, Workers: 4
[3091.331s][debug][gc,phases      ] GC(250)   JVMTI Tag Weak OopStorage      Min:  0.0, Avg:  0.0, Max:  0.0, Diff:  0.0, Sum:  0.0, Workers: 4
[3091.331s][debug][gc,phases      ] GC(250)     Dead                           Min: 0, Avg:  0.0, Max: 0, Diff: 0, Sum: 0, Workers: 4
[3091.331s][debug][gc,phases      ] GC(250)     Total                          Min: 0, Avg:  0.0, Max: 0, Diff: 0, Sum: 0, Workers: 4
[3091.331s][debug][gc,phases      ] GC(250)   StringTable Weak               Min:  0.1, Avg:  0.1, Max:  0.1, Diff:  0.0, Sum:  0.4, Workers: 4
[3091.331s][debug][gc,phases      ] GC(250)     Dead                           Min: 0, Avg:  0.0, Max: 0, Diff: 0, Sum: 0, Workers: 4
[3091.331s][debug][gc,phases      ] GC(250)     Total                          Min: 10688, Avg: 12304.0, Max: 13248, Diff: 2560, Sum: 49216, Workers: 4
[3091.331s][debug][gc,phases      ] GC(250)   ResolvedMethodTable Weak       Min:  0.0, Avg:  0.0, Max:  0.0, Diff:  0.0, Sum:  0.1, Workers: 4
[3091.331s][debug][gc,phases      ] GC(250)     Dead                           Min: 0, Avg:  0.0, Max: 0, Diff: 0, Sum: 0, Workers: 4
[3091.331s][debug][gc,phases      ] GC(250)     Total                          Min: 2112, Avg: 2241.2, Max: 2560, Diff: 448, Sum: 8965, Workers: 4
[3091.331s][debug][gc,phases      ] GC(250)   JNI Weak                       Min:  0.0, Avg:  0.0, Max:  0.0, Diff:  0.0, Sum:  0.0, Workers: 4
[3091.331s][debug][gc,phases      ] GC(250)     Dead                           Min: 0, Avg:  0.0, Max: 0, Diff: 0, Sum: 0, Workers: 4
[3091.331s][debug][gc,phases      ] GC(250)     Total                          Min: 0, Avg:  0.0, Max: 0, Diff: 0, Sum: 0, Workers: 4
[3091.331s][debug][gc,phases      ] GC(250)   StringDedup Table Weak         Min:  0.0, Avg:  0.0, Max:  0.0, Diff:  0.0, Sum:  0.0, Workers: 4
[3091.331s][debug][gc,phases      ] GC(250)     Dead                           Min: 0, Avg:  0.0, Max: 0, Diff: 0, Sum: 0, Workers: 4
[3091.331s][debug][gc,phases      ] GC(250)     Total                          Min: 0, Avg:  0.0, Max: 0, Diff: 0, Sum: 0, Workers: 4
[3091.331s][debug][gc,phases      ] GC(250)   StringDedup Requests0 Weak     Min:  0.0, Avg:  0.0, Max:  0.0, Diff:  0.0, Sum:  0.0, Workers: 4
[3091.331s][debug][gc,phases      ] GC(250)     Dead                           Min: 0, Avg:  0.0, Max: 0, Diff: 0, Sum: 0, Workers: 4
[3091.331s][debug][gc,phases      ] GC(250)     Total                          Min: 0, Avg:  0.0, Max: 0, Diff: 0, Sum: 0, Workers: 4
[3091.331s][debug][gc,phases      ] GC(250)   StringDedup Requests1 Weak     Min:  0.0, Avg:  0.0, Max:  0.0, Diff:  0.0, Sum:  0.0, Workers: 4
[3091.331s][debug][gc,phases      ] GC(250)     Dead                           Min: 0, Avg:  0.0, Max: 0, Diff: 0, Sum: 0, Workers: 4
[3091.331s][debug][gc,phases      ] GC(250)     Total                          Min: 0, Avg:  0.0, Max: 0, Diff: 0, Sum: 0, Workers: 4
[3091.331s][debug][gc,phases      ] GC(250)   Weak JFR Old Object Samples    Min:  0.0, Avg:  0.0, Max:  0.0, Diff:  0.0, Sum:  0.0, Workers: 4
[3091.331s][debug][gc,phases      ] GC(250)     Dead                           Min: 0, Avg:  0.0, Max: 0, Diff: 0, Sum: 0, Workers: 4
[3091.331s][debug][gc,phases      ] GC(250)     Total                          Min: 0, Avg:  0.0, Max: 0, Diff: 0, Sum: 0, Workers: 4
[3091.331s][debug][gc,phases      ] GC(250) Weak Processing 0.295ms
[3091.331s][debug][gc,age         ] GC(250) Desired survivor size 25165824 bytes, new threshold 15 (max threshold 15)
[3091.331s][info ][gc,heap        ] GC(250) PSYoungGen: 2044256K(2069504K)->1328K(2072576K) Eden: 2042880K(2042880K)->0K(2046976K) From: 1376K(26624K)->1328K(25600K)
[3091.331s][info ][gc,heap        ] GC(250) ParOldGen: 634272K(740864K)->634320K(740864K)
[3091.331s][info ][gc,metaspace   ] GC(250) Metaspace: 85750K(86656K)->85750K(86656K) NonClass: 73725K(74240K)->73725K(74240K) Class: 12025K(12416K)->12025K(12416K)
[3091.331s][info ][gc             ] GC(250) Pause Young (Allocation Failure) 2615M->620M(2747M) 3.660ms
[3091.331s][info ][gc,cpu         ] GC(250) User=0.01s Sys=0.01s Real=0.00s
[3091.331s][info ][safepoint      ] Safepoint "ParallelGCFailedAllocation", Time since last: 12979489161 ns, Reaching safepoint: 45601 ns, At safepoint: 3750687 ns, Total: 3796288 ns
[3093.331s][info ][safepoint      ] Safepoint "Cleanup", Time since last: 2000149836 ns, Reaching safepoint: 38401 ns, At safepoint: 7101 ns, Total: 45502 ns
[3096.332s][info ][safepoint      ] Safepoint "Cleanup", Time since last: 3000235361 ns, Reaching safepoint: 37401 ns, At safepoint: 2900 ns, Total: 40301 ns
[3099.332s][info ][safepoint      ] Safepoint "Cleanup", Time since last: 3000231369 ns, Reaching safepoint: 46301 ns, At safepoint: 2900 ns, Total: 49201 ns
[3108.333s][info ][safepoint      ] Safepoint "Cleanup", Time since last: 9000606149 ns, Reaching safepoint: 50601 ns, At safepoint: 4700 ns, Total: 55301 ns
[3111.182s][info ][gc,start       ] GC(251) Pause Young (Allocation Failure)
[3111.186s][debug][gc,phases      ] GC(251) Scavenge 3.115ms
[3111.186s][debug][gc,ref         ] GC(251) Skipped phase 1 of Reference Processing: no references
[3111.186s][debug][gc,ref         ] GC(251) ReferenceProcessor::execute queues: 1, RefProcThreadModel::Single, marks_oops_alive: false
[3111.186s][debug][gc,ref         ] GC(251) Skipped phase 3 of Reference Processing: no references
[3111.186s][debug][gc,ref         ] GC(251) ReferenceProcessor::execute queues: 1, RefProcThreadModel::Single, marks_oops_alive: false
[3111.186s][debug][gc,phases      ] GC(251) Reference Processing 0.107ms
[3111.186s][debug][gc,phases      ] GC(251)   VM Weak                        Min:  0.0, Avg:  0.0, Max:  0.0, Diff:  0.0, Sum:  0.0, Workers: 4
[3111.186s][debug][gc,phases      ] GC(251)     Dead                           Min: 0, Avg:  0.0, Max: 0, Diff: 0, Sum: 0, Workers: 4
[3111.186s][debug][gc,phases      ] GC(251)     Total                          Min: 0, Avg: 189.2, Max: 501, Diff: 501, Sum: 757, Workers: 4
[3111.186s][debug][gc,phases      ] GC(251)   ObjectSynchronizer Weak        Min:  0.0, Avg:  0.0, Max:  0.0, Diff:  0.0, Sum:  0.0, Workers: 4
[3111.186s][debug][gc,phases      ] GC(251)     Dead                           Min: 0, Avg:  0.0, Max: 0, Diff: 0, Sum: 0, Workers: 4
[3111.186s][debug][gc,phases      ] GC(251)     Total                          Min: 0, Avg: 98.8, Max: 256, Diff: 256, Sum: 395, Workers: 4
[3111.186s][debug][gc,phases      ] GC(251)   JVMTI Tag Weak OopStorage      Min:  0.0, Avg:  0.0, Max:  0.0, Diff:  0.0, Sum:  0.0, Workers: 4
[3111.186s][debug][gc,phases      ] GC(251)     Dead                           Min: 0, Avg:  0.0, Max: 0, Diff: 0, Sum: 0, Workers: 4
[3111.186s][debug][gc,phases      ] GC(251)     Total                          Min: 0, Avg:  0.0, Max: 0, Diff: 0, Sum: 0, Workers: 4
[3111.186s][debug][gc,phases      ] GC(251)   StringTable Weak               Min:  0.1, Avg:  0.1, Max:  0.1, Diff:  0.0, Sum:  0.4, Workers: 4
[3111.186s][debug][gc,phases      ] GC(251)     Dead                           Min: 0, Avg:  0.0, Max: 0, Diff: 0, Sum: 0, Workers: 4
[3111.186s][debug][gc,phases      ] GC(251)     Total                          Min: 11713, Avg: 12304.2, Max: 13312, Diff: 1599, Sum: 49217, Workers: 4
[3111.186s][debug][gc,phases      ] GC(251)   ResolvedMethodTable Weak       Min:  0.0, Avg:  0.0, Max:  0.0, Diff:  0.0, Sum:  0.1, Workers: 4
[3111.186s][debug][gc,phases      ] GC(251)     Dead                           Min: 0, Avg:  0.0, Max: 0, Diff: 0, Sum: 0, Workers: 4
[3111.186s][debug][gc,phases      ] GC(251)     Total                          Min: 2048, Avg: 2243.8, Max: 2368, Diff: 320, Sum: 8975, Workers: 4
[3111.186s][debug][gc,phases      ] GC(251)   JNI Weak                       Min:  0.0, Avg:  0.0, Max:  0.0, Diff:  0.0, Sum:  0.0, Workers: 4
[3111.186s][debug][gc,phases      ] GC(251)     Dead                           Min: 0, Avg:  0.0, Max: 0, Diff: 0, Sum: 0, Workers: 4
[3111.186s][debug][gc,phases      ] GC(251)     Total                          Min: 0, Avg:  0.0, Max: 0, Diff: 0, Sum: 0, Workers: 4
[3111.186s][debug][gc,phases      ] GC(251)   StringDedup Table Weak         Min:  0.0, Avg:  0.0, Max:  0.0, Diff:  0.0, Sum:  0.0, Workers: 4
[3111.186s][debug][gc,phases      ] GC(251)     Dead                           Min: 0, Avg:  0.0, Max: 0, Diff: 0, Sum: 0, Workers: 4
[3111.186s][debug][gc,phases      ] GC(251)     Total                          Min: 0, Avg:  0.0, Max: 0, Diff: 0, Sum: 0, Workers: 4
[3111.186s][debug][gc,phases      ] GC(251)   StringDedup Requests0 Weak     Min:  0.0, Avg:  0.0, Max:  0.0, Diff:  0.0, Sum:  0.0, Workers: 4
[3111.186s][debug][gc,phases      ] GC(251)     Dead                           Min: 0, Avg:  0.0, Max: 0, Diff: 0, Sum: 0, Workers: 4
[3111.186s][debug][gc,phases      ] GC(251)     Total                          Min: 0, Avg:  0.0, Max: 0, Diff: 0, Sum: 0, Workers: 4
[3111.186s][debug][gc,phases      ] GC(251)   StringDedup Requests1 Weak     Min:  0.0, Avg:  0.0, Max:  0.0, Diff:  0.0, Sum:  0.0, Workers: 4
[3111.186s][debug][gc,phases      ] GC(251)     Dead                           Min: 0, Avg:  0.0, Max: 0, Diff: 0, Sum: 0, Workers: 4
[3111.186s][debug][gc,phases      ] GC(251)     Total                          Min: 0, Avg:  0.0, Max: 0, Diff: 0, Sum: 0, Workers: 4
[3111.186s][debug][gc,phases      ] GC(251)   Weak JFR Old Object Samples    Min:  0.0, Avg:  0.0, Max:  0.0, Diff:  0.0, Sum:  0.0, Workers: 4
[3111.186s][debug][gc,phases      ] GC(251)     Dead                           Min: 0, Avg:  0.0, Max: 0, Diff: 0, Sum: 0, Workers: 4
[3111.186s][debug][gc,phases      ] GC(251)     Total                          Min: 0, Avg:  0.0, Max: 0, Diff: 0, Sum: 0, Workers: 4
[3111.186s][debug][gc,phases      ] GC(251) Weak Processing 0.298ms
[3111.186s][debug][gc,age         ] GC(251) Desired survivor size 24117248 bytes, new threshold 15 (max threshold 15)
[3111.186s][info ][gc,heap        ] GC(251) PSYoungGen: 2048304K(2072576K)->1344K(2071552K) Eden: 2046976K(2046976K)->0K(2046976K) From: 1328K(25600K)->1344K(24576K)
[3111.186s][info ][gc,heap        ] GC(251) ParOldGen: 634320K(740864K)->634328K(740864K)
[3111.186s][info ][gc,metaspace   ] GC(251) Metaspace: 85768K(86656K)->85768K(86656K) NonClass: 73741K(74240K)->73741K(74240K) Class: 12027K(12416K)->12027K(12416K)
[3111.186s][info ][gc             ] GC(251) Pause Young (Allocation Failure) 2619M->620M(2746M) 3.659ms
[3111.186s][info ][gc,cpu         ] GC(251) User=0.01s Sys=0.00s Real=0.01s
[3111.186s][info ][safepoint      ] Safepoint "ParallelGCFailedAllocation", Time since last: 2849622214 ns, Reaching safepoint: 108702 ns, At safepoint: 3743887 ns, Total: 3852589 ns
[3115.186s][info ][safepoint      ] Safepoint "Cleanup", Time since last: 4000268541 ns, Reaching safepoint: 44301 ns, At safepoint: 3700 ns, Total: 48001 ns
[3119.187s][info ][safepoint      ] Safepoint "Cleanup", Time since last: 4000314254 ns, Reaching safepoint: 48801 ns, At safepoint: 5700 ns, Total: 54501 ns
[3123.187s][info ][safepoint      ] Safepoint "Cleanup", Time since last: 4000534472 ns, Reaching safepoint: 56901 ns, At safepoint: 24001 ns, Total: 80902 ns
[3127.188s][info ][safepoint      ] Safepoint "Cleanup", Time since last: 4000303679 ns, Reaching safepoint: 46101 ns, At safepoint: 7800 ns, Total: 53901 ns
[3129.188s][info ][safepoint      ] Safepoint "Cleanup", Time since last: 2000175494 ns, Reaching safepoint: 54702 ns, At safepoint: 3200 ns, Total: 57902 ns
[3130.188s][info ][safepoint      ] Safepoint "Cleanup", Time since last: 1000103049 ns, Reaching safepoint: 43601 ns, At safepoint: 2700 ns, Total: 46301 ns
[3130.711s][info ][gc,start       ] GC(252) Pause Young (Allocation Failure)
[3130.714s][debug][gc,phases      ] GC(252) Scavenge 3.194ms
[3130.714s][debug][gc,ref         ] GC(252) Skipped phase 1 of Reference Processing: no references
[3130.714s][debug][gc,ref         ] GC(252) ReferenceProcessor::execute queues: 1, RefProcThreadModel::Single, marks_oops_alive: false
[3130.714s][debug][gc,ref         ] GC(252) Skipped phase 3 of Reference Processing: no references
[3130.714s][debug][gc,ref         ] GC(252) ReferenceProcessor::execute queues: 1, RefProcThreadModel::Single, marks_oops_alive: false
[3130.714s][debug][gc,phases      ] GC(252) Reference Processing 0.104ms
[3130.715s][debug][gc,phases      ] GC(252)   VM Weak                        Min:  0.0, Avg:  0.0, Max:  0.0, Diff:  0.0, Sum:  0.0, Workers: 4
[3130.715s][debug][gc,phases      ] GC(252)     Dead                           Min: 0, Avg:  0.0, Max: 0, Diff: 0, Sum: 0, Workers: 4
[3130.715s][debug][gc,phases      ] GC(252)     Total                          Min: 0, Avg: 189.2, Max: 448, Diff: 448, Sum: 757, Workers: 4
[3130.715s][debug][gc,phases      ] GC(252)   ObjectSynchronizer Weak        Min:  0.0, Avg:  0.0, Max:  0.0, Diff:  0.0, Sum:  0.0, Workers: 4
[3130.715s][debug][gc,phases      ] GC(252)     Dead                           Min: 0, Avg:  0.0, Max: 0, Diff: 0, Sum: 0, Workers: 4
[3130.715s][debug][gc,phases      ] GC(252)     Total                          Min: 0, Avg: 98.8, Max: 192, Diff: 192, Sum: 395, Workers: 4
[3130.715s][debug][gc,phases      ] GC(252)   JVMTI Tag Weak OopStorage      Min:  0.0, Avg:  0.0, Max:  0.0, Diff:  0.0, Sum:  0.0, Workers: 4
[3130.715s][debug][gc,phases      ] GC(252)     Dead                           Min: 0, Avg:  0.0, Max: 0, Diff: 0, Sum: 0, Workers: 4
[3130.715s][debug][gc,phases      ] GC(252)     Total                          Min: 0, Avg:  0.0, Max: 0, Diff: 0, Sum: 0, Workers: 4
[3130.715s][debug][gc,phases      ] GC(252)   StringTable Weak               Min:  0.1, Avg:  0.1, Max:  0.1, Diff:  0.0, Sum:  0.4, Workers: 4
[3130.715s][debug][gc,phases      ] GC(252)     Dead                           Min: 0, Avg:  0.0, Max: 0, Diff: 0, Sum: 0, Workers: 4
[3130.715s][debug][gc,phases      ] GC(252)     Total                          Min: 11648, Avg: 12304.2, Max: 12672, Diff: 1024, Sum: 49217, Workers: 4
[3130.715s][debug][gc,phases      ] GC(252)   ResolvedMethodTable Weak       Min:  0.0, Avg:  0.0, Max:  0.0, Diff:  0.0, Sum:  0.1, Workers: 4
[3130.715s][debug][gc,phases      ] GC(252)     Dead                           Min: 0, Avg:  0.0, Max: 0, Diff: 0, Sum: 0, Workers: 4
[3130.715s][debug][gc,phases      ] GC(252)     Total                          Min: 2127, Avg: 2243.8, Max: 2432, Diff: 305, Sum: 8975, Workers: 4
[3130.715s][debug][gc,phases      ] GC(252)   JNI Weak                       Min:  0.0, Avg:  0.0, Max:  0.0, Diff:  0.0, Sum:  0.0, Workers: 4
[3130.715s][debug][gc,phases      ] GC(252)     Dead                           Min: 0, Avg:  0.0, Max: 0, Diff: 0, Sum: 0, Workers: 4
[3130.715s][debug][gc,phases      ] GC(252)     Total                          Min: 0, Avg:  0.0, Max: 0, Diff: 0, Sum: 0, Workers: 4
[3130.715s][debug][gc,phases      ] GC(252)   StringDedup Table Weak         Min:  0.0, Avg:  0.0, Max:  0.0, Diff:  0.0, Sum:  0.0, Workers: 4
[3130.715s][debug][gc,phases      ] GC(252)     Dead                           Min: 0, Avg:  0.0, Max: 0, Diff: 0, Sum: 0, Workers: 4
[3130.715s][debug][gc,phases      ] GC(252)     Total                          Min: 0, Avg:  0.0, Max: 0, Diff: 0, Sum: 0, Workers: 4
[3130.715s][debug][gc,phases      ] GC(252)   StringDedup Requests0 Weak     Min:  0.0, Avg:  0.0, Max:  0.0, Diff:  0.0, Sum:  0.0, Workers: 4
[3130.715s][debug][gc,phases      ] GC(252)     Dead                           Min: 0, Avg:  0.0, Max: 0, Diff: 0, Sum: 0, Workers: 4
[3130.715s][debug][gc,phases      ] GC(252)     Total                          Min: 0, Avg:  0.0, Max: 0, Diff: 0, Sum: 0, Workers: 4
[3130.715s][debug][gc,phases      ] GC(252)   StringDedup Requests1 Weak     Min:  0.0, Avg:  0.0, Max:  0.0, Diff:  0.0, Sum:  0.0, Workers: 4
[3130.715s][debug][gc,phases      ] GC(252)     Dead                           Min: 0, Avg:  0.0, Max: 0, Diff: 0, Sum: 0, Workers: 4
[3130.715s][debug][gc,phases      ] GC(252)     Total                          Min: 0, Avg:  0.0, Max: 0, Diff: 0, Sum: 0, Workers: 4
[3130.715s][debug][gc,phases      ] GC(252)   Weak JFR Old Object Samples    Min:  0.0, Avg:  0.0, Max:  0.0, Diff:  0.0, Sum:  0.0, Workers: 4
[3130.715s][debug][gc,phases      ] GC(252)     Dead                           Min: 0, Avg:  0.0, Max: 0, Diff: 0, Sum: 0, Workers: 4
[3130.715s][debug][gc,phases      ] GC(252)     Total                          Min: 0, Avg:  0.0, Max: 0, Diff: 0, Sum: 0, Workers: 4
[3130.715s][debug][gc,phases      ] GC(252) Weak Processing 0.333ms
[3130.715s][debug][gc,age         ] GC(252) Desired survivor size 23068672 bytes, new threshold 15 (max threshold 15)
[3130.715s][info ][gc,heap        ] GC(252) PSYoungGen: 2048320K(2071552K)->1360K(2074624K) Eden: 2046976K(2046976K)->0K(2051072K) From: 1344K(24576K)->1360K(23552K)
[3130.715s][info ][gc,heap        ] GC(252) ParOldGen: 634328K(740864K)->634344K(740864K)
[3130.715s][info ][gc,metaspace   ] GC(252) Metaspace: 85774K(86656K)->85774K(86656K) NonClass: 73746K(74240K)->73746K(74240K) Class: 12027K(12416K)->12027K(12416K)
[3130.715s][info ][gc             ] GC(252) Pause Young (Allocation Failure) 2619M->620M(2749M) 3.755ms
[3130.715s][info ][gc,cpu         ] GC(252) User=0.02s Sys=0.00s Real=0.01s
[3130.715s][info ][safepoint      ] Safepoint "ParallelGCFailedAllocation", Time since last: 522953504 ns, Reaching safepoint: 25201 ns, At safepoint: 3848189 ns, Total: 3873390 ns
[3137.715s][info ][safepoint      ] Safepoint "Cleanup", Time since last: 7000437160 ns, Reaching safepoint: 48201 ns, At safepoint: 3300 ns, Total: 51501 ns
[3138.716s][info ][safepoint      ] Safepoint "Cleanup", Time since last: 1000107955 ns, Reaching safepoint: 43101 ns, At safepoint: 2500 ns, Total: 45601 ns
[3141.716s][info ][safepoint      ] Safepoint "Cleanup", Time since last: 3000235969 ns, Reaching safepoint: 50901 ns, At safepoint: 10300 ns, Total: 61201 ns
[3142.716s][info ][safepoint      ] Safepoint "Cleanup", Time since last: 1000116859 ns, Reaching safepoint: 47601 ns, At safepoint: 2500 ns, Total: 50101 ns
[3151.096s][info ][gc,start       ] GC(253) Pause Young (Allocation Failure)
[3151.099s][debug][gc,phases      ] GC(253) Scavenge 3.060ms
[3151.099s][debug][gc,ref         ] GC(253) Skipped phase 1 of Reference Processing: no references
[3151.099s][debug][gc,ref         ] GC(253) ReferenceProcessor::execute queues: 1, RefProcThreadModel::Single, marks_oops_alive: false
[3151.099s][debug][gc,ref         ] GC(253) Skipped phase 3 of Reference Processing: no references
[3151.099s][debug][gc,ref         ] GC(253) ReferenceProcessor::execute queues: 1, RefProcThreadModel::Single, marks_oops_alive: false
[3151.099s][debug][gc,phases      ] GC(253) Reference Processing 0.106ms
[3151.099s][debug][gc,phases      ] GC(253)   VM Weak                        Min:  0.0, Avg:  0.0, Max:  0.0, Diff:  0.0, Sum:  0.0, Workers: 4
[3151.099s][debug][gc,phases      ] GC(253)     Dead                           Min: 0, Avg:  0.0, Max: 0, Diff: 0, Sum: 0, Workers: 4
[3151.099s][debug][gc,phases      ] GC(253)     Total                          Min: 0, Avg: 189.2, Max: 757, Diff: 757, Sum: 757, Workers: 4
[3151.099s][debug][gc,phases      ] GC(253)   ObjectSynchronizer Weak        Min:  0.0, Avg:  0.0, Max:  0.0, Diff:  0.0, Sum:  0.0, Workers: 4
[3151.099s][debug][gc,phases      ] GC(253)     Dead                           Min: 0, Avg:  0.0, Max: 0, Diff: 0, Sum: 0, Workers: 4
[3151.099s][debug][gc,phases      ] GC(253)     Total                          Min: 0, Avg: 98.8, Max: 331, Diff: 331, Sum: 395, Workers: 4
[3151.099s][debug][gc,phases      ] GC(253)   JVMTI Tag Weak OopStorage      Min:  0.0, Avg:  0.0, Max:  0.0, Diff:  0.0, Sum:  0.0, Workers: 4
[3151.099s][debug][gc,phases      ] GC(253)     Dead                           Min: 0, Avg:  0.0, Max: 0, Diff: 0, Sum: 0, Workers: 4
[3151.099s][debug][gc,phases      ] GC(253)     Total                          Min: 0, Avg:  0.0, Max: 0, Diff: 0, Sum: 0, Workers: 4
[3151.099s][debug][gc,phases      ] GC(253)   StringTable Weak               Min:  0.1, Avg:  0.1, Max:  0.1, Diff:  0.0, Sum:  0.4, Workers: 4
[3151.099s][debug][gc,phases      ] GC(253)     Dead                           Min: 0, Avg:  0.0, Max: 0, Diff: 0, Sum: 0, Workers: 4
[3151.099s][debug][gc,phases      ] GC(253)     Total                          Min: 9792, Avg: 12304.2, Max: 13376, Diff: 3584, Sum: 49217, Workers: 4
[3151.099s][debug][gc,phases      ] GC(253)   ResolvedMethodTable Weak       Min:  0.0, Avg:  0.0, Max:  0.0, Diff:  0.0, Sum:  0.1, Workers: 4
[3151.099s][debug][gc,phases      ] GC(253)     Dead                           Min: 0, Avg:  0.0, Max: 0, Diff: 0, Sum: 0, Workers: 4
[3151.099s][debug][gc,phases      ] GC(253)     Total                          Min: 1856, Avg: 2243.8, Max: 2496, Diff: 640, Sum: 8975, Workers: 4
[3151.099s][debug][gc,phases      ] GC(253)   JNI Weak                       Min:  0.0, Avg:  0.0, Max:  0.0, Diff:  0.0, Sum:  0.0, Workers: 4
[3151.099s][debug][gc,phases      ] GC(253)     Dead                           Min: 0, Avg:  0.0, Max: 0, Diff: 0, Sum: 0, Workers: 4
[3151.099s][debug][gc,phases      ] GC(253)     Total                          Min: 0, Avg:  0.0, Max: 0, Diff: 0, Sum: 0, Workers: 4
[3151.099s][debug][gc,phases      ] GC(253)   StringDedup Table Weak         Min:  0.0, Avg:  0.0, Max:  0.0, Diff:  0.0, Sum:  0.0, Workers: 4
[3151.099s][debug][gc,phases      ] GC(253)     Dead                           Min: 0, Avg:  0.0, Max: 0, Diff: 0, Sum: 0, Workers: 4
[3151.099s][debug][gc,phases      ] GC(253)     Total                          Min: 0, Avg:  0.0, Max: 0, Diff: 0, Sum: 0, Workers: 4
[3151.099s][debug][gc,phases      ] GC(253)   StringDedup Requests0 Weak     Min:  0.0, Avg:  0.0, Max:  0.0, Diff:  0.0, Sum:  0.0, Workers: 4
[3151.099s][debug][gc,phases      ] GC(253)     Dead                           Min: 0, Avg:  0.0, Max: 0, Diff: 0, Sum: 0, Workers: 4
[3151.099s][debug][gc,phases      ] GC(253)     Total                          Min: 0, Avg:  0.0, Max: 0, Diff: 0, Sum: 0, Workers: 4
[3151.099s][debug][gc,phases      ] GC(253)   StringDedup Requests1 Weak     Min:  0.0, Avg:  0.0, Max:  0.0, Diff:  0.0, Sum:  0.0, Workers: 4
[3151.099s][debug][gc,phases      ] GC(253)     Dead                           Min: 0, Avg:  0.0, Max: 0, Diff: 0, Sum: 0, Workers: 4
[3151.099s][debug][gc,phases      ] GC(253)     Total                          Min: 0, Avg:  0.0, Max: 0, Diff: 0, Sum: 0, Workers: 4
[3151.099s][debug][gc,phases      ] GC(253)   Weak JFR Old Object Samples    Min:  0.0, Avg:  0.0, Max:  0.0, Diff:  0.0, Sum:  0.0, Workers: 4
[3151.099s][debug][gc,phases      ] GC(253)     Dead                           Min: 0, Avg:  0.0, Max: 0, Diff: 0, Sum: 0, Workers: 4
[3151.099s][debug][gc,phases      ] GC(253)     Total                          Min: 0, Avg:  0.0, Max: 0, Diff: 0, Sum: 0, Workers: 4
[3151.099s][debug][gc,phases      ] GC(253) Weak Processing 0.300ms
[3151.099s][debug][gc,age         ] GC(253) Desired survivor size 22020096 bytes, new threshold 15 (max threshold 15)
[3151.099s][info ][gc,heap        ] GC(253) PSYoungGen: 2052432K(2074624K)->1280K(2073600K) Eden: 2051072K(2051072K)->0K(2051072K) From: 1360K(23552K)->1280K(22528K)
[3151.099s][info ][gc,heap        ] GC(253) ParOldGen: 634344K(740864K)->634392K(740864K)
[3151.099s][info ][gc,metaspace   ] GC(253) Metaspace: 85782K(86720K)->85782K(86720K) NonClass: 73754K(74304K)->73754K(74304K) Class: 12027K(12416K)->12027K(12416K)
[3151.099s][info ][gc             ] GC(253) Pause Young (Allocation Failure) 2623M->620M(2748M) 3.587ms
[3151.099s][info ][gc,cpu         ] GC(253) User=0.01s Sys=0.01s Real=0.00s
[3151.099s][info ][safepoint      ] Safepoint "ParallelGCFailedAllocation", Time since last: 8379668269 ns, Reaching safepoint: 35900 ns, At safepoint: 3683686 ns, Total: 3719586 ns
[3171.247s][info ][gc,start       ] GC(254) Pause Young (Allocation Failure)
[3171.251s][debug][gc,phases      ] GC(254) Scavenge 3.550ms
[3171.251s][debug][gc,ref         ] GC(254) Skipped phase 1 of Reference Processing: no references
[3171.251s][debug][gc,ref         ] GC(254) ReferenceProcessor::execute queues: 1, RefProcThreadModel::Single, marks_oops_alive: false
[3171.251s][debug][gc,ref         ] GC(254) Skipped phase 3 of Reference Processing: no references
[3171.251s][debug][gc,ref         ] GC(254) ReferenceProcessor::execute queues: 1, RefProcThreadModel::Single, marks_oops_alive: false
[3171.251s][debug][gc,phases      ] GC(254) Reference Processing 0.105ms
[3171.251s][debug][gc,phases      ] GC(254)   VM Weak                        Min:  0.0, Avg:  0.0, Max:  0.0, Diff:  0.0, Sum:  0.0, Workers: 4
[3171.251s][debug][gc,phases      ] GC(254)     Dead                           Min: 0, Avg:  0.0, Max: 0, Diff: 0, Sum: 0, Workers: 4
[3171.251s][debug][gc,phases      ] GC(254)     Total                          Min: 0, Avg: 189.2, Max: 501, Diff: 501, Sum: 757, Workers: 4
[3171.251s][debug][gc,phases      ] GC(254)   ObjectSynchronizer Weak        Min:  0.0, Avg:  0.0, Max:  0.0, Diff:  0.0, Sum:  0.0, Workers: 4
[3171.251s][debug][gc,phases      ] GC(254)     Dead                           Min: 0, Avg:  0.0, Max: 0, Diff: 0, Sum: 0, Workers: 4
[3171.251s][debug][gc,phases      ] GC(254)     Total                          Min: 0, Avg: 98.8, Max: 139, Diff: 139, Sum: 395, Workers: 4
[3171.251s][debug][gc,phases      ] GC(254)   JVMTI Tag Weak OopStorage      Min:  0.0, Avg:  0.0, Max:  0.0, Diff:  0.0, Sum:  0.0, Workers: 4
[3171.251s][debug][gc,phases      ] GC(254)     Dead                           Min: 0, Avg:  0.0, Max: 0, Diff: 0, Sum: 0, Workers: 4
[3171.251s][debug][gc,phases      ] GC(254)     Total                          Min: 0, Avg:  0.0, Max: 0, Diff: 0, Sum: 0, Workers: 4
[3171.251s][debug][gc,phases      ] GC(254)   StringTable Weak               Min:  0.1, Avg:  0.1, Max:  0.1, Diff:  0.0, Sum:  0.4, Workers: 4
[3171.251s][debug][gc,phases      ] GC(254)     Dead                           Min: 0, Avg:  0.0, Max: 0, Diff: 0, Sum: 0, Workers: 4
[3171.251s][debug][gc,phases      ] GC(254)     Total                          Min: 11264, Avg: 12304.2, Max: 12864, Diff: 1600, Sum: 49217, Workers: 4
[3171.251s][debug][gc,phases      ] GC(254)   ResolvedMethodTable Weak       Min:  0.0, Avg:  0.0, Max:  0.0, Diff:  0.0, Sum:  0.1, Workers: 4
[3171.251s][debug][gc,phases      ] GC(254)     Dead                           Min: 0, Avg:  0.0, Max: 0, Diff: 0, Sum: 0, Workers: 4
[3171.251s][debug][gc,phases      ] GC(254)     Total                          Min: 2048, Avg: 2243.8, Max: 2575, Diff: 527, Sum: 8975, Workers: 4
[3171.251s][debug][gc,phases      ] GC(254)   JNI Weak                       Min:  0.0, Avg:  0.0, Max:  0.0, Diff:  0.0, Sum:  0.0, Workers: 4
[3171.251s][debug][gc,phases      ] GC(254)     Dead                           Min: 0, Avg:  0.0, Max: 0, Diff: 0, Sum: 0, Workers: 4
[3171.251s][debug][gc,phases      ] GC(254)     Total                          Min: 0, Avg:  0.0, Max: 0, Diff: 0, Sum: 0, Workers: 4
[3171.251s][debug][gc,phases      ] GC(254)   StringDedup Table Weak         Min:  0.0, Avg:  0.0, Max:  0.0, Diff:  0.0, Sum:  0.0, Workers: 4
[3171.251s][debug][gc,phases      ] GC(254)     Dead                           Min: 0, Avg:  0.0, Max: 0, Diff: 0, Sum: 0, Workers: 4
[3171.251s][debug][gc,phases      ] GC(254)     Total                          Min: 0, Avg:  0.0, Max: 0, Diff: 0, Sum: 0, Workers: 4
[3171.251s][debug][gc,phases      ] GC(254)   StringDedup Requests0 Weak     Min:  0.0, Avg:  0.0, Max:  0.0, Diff:  0.0, Sum:  0.0, Workers: 4
[3171.251s][debug][gc,phases      ] GC(254)     Dead                           Min: 0, Avg:  0.0, Max: 0, Diff: 0, Sum: 0, Workers: 4
[3171.251s][debug][gc,phases      ] GC(254)     Total                          Min: 0, Avg:  0.0, Max: 0, Diff: 0, Sum: 0, Workers: 4
[3171.251s][debug][gc,phases      ] GC(254)   StringDedup Requests1 Weak     Min:  0.0, Avg:  0.0, Max:  0.0, Diff:  0.0, Sum:  0.0, Workers: 4
[3171.251s][debug][gc,phases      ] GC(254)     Dead                           Min: 0, Avg:  0.0, Max: 0, Diff: 0, Sum: 0, Workers: 4
[3171.251s][debug][gc,phases      ] GC(254)     Total                          Min: 0, Avg:  0.0, Max: 0, Diff: 0, Sum: 0, Workers: 4
[3171.251s][debug][gc,phases      ] GC(254)   Weak JFR Old Object Samples    Min:  0.0, Avg:  0.0, Max:  0.0, Diff:  0.0, Sum:  0.0, Workers: 4
[3171.251s][debug][gc,phases      ] GC(254)     Dead                           Min: 0, Avg:  0.0, Max: 0, Diff: 0, Sum: 0, Workers: 4
[3171.251s][debug][gc,phases      ] GC(254)     Total                          Min: 0, Avg:  0.0, Max: 0, Diff: 0, Sum: 0, Workers: 4
[3171.251s][debug][gc,phases      ] GC(254) Weak Processing 0.305ms
[3171.251s][debug][gc,age         ] GC(254) Desired survivor size 20971520 bytes, new threshold 15 (max threshold 15)
[3171.251s][info ][gc,heap        ] GC(254) PSYoungGen: 2052352K(2073600K)->1344K(2076672K) Eden: 2051072K(2051072K)->0K(2055168K) From: 1280K(22528K)->1344K(21504K)
[3171.251s][info ][gc,heap        ] GC(254) ParOldGen: 634392K(740864K)->634416K(740864K)
[3171.251s][info ][gc,metaspace   ] GC(254) Metaspace: 85782K(86720K)->85782K(86720K) NonClass: 73754K(74304K)->73754K(74304K) Class: 12027K(12416K)->12027K(12416K)
[3171.251s][info ][gc             ] GC(254) Pause Young (Allocation Failure) 2623M->620M(2751M) 4.074ms
[3171.251s][info ][gc,cpu         ] GC(254) User=0.01s Sys=0.00s Real=0.00s
[3171.251s][info ][safepoint      ] Safepoint "ParallelGCFailedAllocation", Time since last: 20147393012 ns, Reaching safepoint: 115003 ns, At safepoint: 4183497 ns, Total: 4298500 ns
[3172.251s][info ][safepoint      ] Safepoint "Cleanup", Time since last: 1000085079 ns, Reaching safepoint: 49302 ns, At safepoint: 2700 ns, Total: 52002 ns
[3191.746s][info ][gc,start       ] GC(255) Pause Young (Allocation Failure)
[3191.749s][debug][gc,phases      ] GC(255) Scavenge 3.410ms
[3191.749s][debug][gc,ref         ] GC(255) Skipped phase 1 of Reference Processing: no references
[3191.749s][debug][gc,ref         ] GC(255) ReferenceProcessor::execute queues: 1, RefProcThreadModel::Single, marks_oops_alive: false
[3191.749s][debug][gc,ref         ] GC(255) Skipped phase 3 of Reference Processing: no references
[3191.749s][debug][gc,ref         ] GC(255) ReferenceProcessor::execute queues: 1, RefProcThreadModel::Single, marks_oops_alive: false
[3191.749s][debug][gc,phases      ] GC(255) Reference Processing 0.120ms
[3191.750s][debug][gc,phases      ] GC(255)   VM Weak                        Min:  0.0, Avg:  0.0, Max:  0.0, Diff:  0.0, Sum:  0.0, Workers: 4
[3191.750s][debug][gc,phases      ] GC(255)     Dead                           Min: 0, Avg:  0.0, Max: 0, Diff: 0, Sum: 0, Workers: 4
[3191.750s][debug][gc,phases      ] GC(255)     Total                          Min: 0, Avg: 189.2, Max: 757, Diff: 757, Sum: 757, Workers: 4
[3191.750s][debug][gc,phases      ] GC(255)   ObjectSynchronizer Weak        Min:  0.0, Avg:  0.0, Max:  0.0, Diff:  0.0, Sum:  0.0, Workers: 4
[3191.750s][debug][gc,phases      ] GC(255)     Dead                           Min: 0, Avg:  0.0, Max: 0, Diff: 0, Sum: 0, Workers: 4
[3191.750s][debug][gc,phases      ] GC(255)     Total                          Min: 0, Avg: 98.8, Max: 395, Diff: 395, Sum: 395, Workers: 4
[3191.750s][debug][gc,phases      ] GC(255)   JVMTI Tag Weak OopStorage      Min:  0.0, Avg:  0.0, Max:  0.0, Diff:  0.0, Sum:  0.0, Workers: 4
[3191.750s][debug][gc,phases      ] GC(255)     Dead                           Min: 0, Avg:  0.0, Max: 0, Diff: 0, Sum: 0, Workers: 4
[3191.750s][debug][gc,phases      ] GC(255)     Total                          Min: 0, Avg:  0.0, Max: 0, Diff: 0, Sum: 0, Workers: 4
[3191.750s][debug][gc,phases      ] GC(255)   StringTable Weak               Min:  0.1, Avg:  0.1, Max:  0.1, Diff:  0.0, Sum:  0.4, Workers: 4
[3191.750s][debug][gc,phases      ] GC(255)     Dead                           Min: 0, Avg:  0.0, Max: 0, Diff: 0, Sum: 0, Workers: 4
[3191.750s][debug][gc,phases      ] GC(255)     Total                          Min: 11585, Avg: 12304.2, Max: 12800, Diff: 1215, Sum: 49217, Workers: 4
[3191.750s][debug][gc,phases      ] GC(255)   ResolvedMethodTable Weak       Min:  0.0, Avg:  0.0, Max:  0.0, Diff:  0.0, Sum:  0.1, Workers: 4
[3191.750s][debug][gc,phases      ] GC(255)     Dead                           Min: 0, Avg:  0.0, Max: 0, Diff: 0, Sum: 0, Workers: 4
[3191.750s][debug][gc,phases      ] GC(255)     Total                          Min: 2112, Avg: 2243.8, Max: 2432, Diff: 320, Sum: 8975, Workers: 4
[3191.750s][debug][gc,phases      ] GC(255)   JNI Weak                       Min:  0.0, Avg:  0.0, Max:  0.0, Diff:  0.0, Sum:  0.0, Workers: 4
[3191.750s][debug][gc,phases      ] GC(255)     Dead                           Min: 0, Avg:  0.0, Max: 0, Diff: 0, Sum: 0, Workers: 4
[3191.750s][debug][gc,phases      ] GC(255)     Total                          Min: 0, Avg:  0.0, Max: 0, Diff: 0, Sum: 0, Workers: 4
[3191.750s][debug][gc,phases      ] GC(255)   StringDedup Table Weak         Min:  0.0, Avg:  0.0, Max:  0.0, Diff:  0.0, Sum:  0.0, Workers: 4
[3191.750s][debug][gc,phases      ] GC(255)     Dead                           Min: 0, Avg:  0.0, Max: 0, Diff: 0, Sum: 0, Workers: 4
[3191.750s][debug][gc,phases      ] GC(255)     Total                          Min: 0, Avg:  0.0, Max: 0, Diff: 0, Sum: 0, Workers: 4
[3191.750s][debug][gc,phases      ] GC(255)   StringDedup Requests0 Weak     Min:  0.0, Avg:  0.0, Max:  0.0, Diff:  0.0, Sum:  0.0, Workers: 4
[3191.750s][debug][gc,phases      ] GC(255)     Dead                           Min: 0, Avg:  0.0, Max: 0, Diff: 0, Sum: 0, Workers: 4
[3191.750s][debug][gc,phases      ] GC(255)     Total                          Min: 0, Avg:  0.0, Max: 0, Diff: 0, Sum: 0, Workers: 4
[3191.750s][debug][gc,phases      ] GC(255)   StringDedup Requests1 Weak     Min:  0.0, Avg:  0.0, Max:  0.0, Diff:  0.0, Sum:  0.0, Workers: 4
[3191.750s][debug][gc,phases      ] GC(255)     Dead                           Min: 0, Avg:  0.0, Max: 0, Diff: 0, Sum: 0, Workers: 4
[3191.750s][debug][gc,phases      ] GC(255)     Total                          Min: 0, Avg:  0.0, Max: 0, Diff: 0, Sum: 0, Workers: 4
[3191.750s][debug][gc,phases      ] GC(255)   Weak JFR Old Object Samples    Min:  0.0, Avg:  0.0, Max:  0.0, Diff:  0.0, Sum:  0.0, Workers: 4
[3191.750s][debug][gc,phases      ] GC(255)     Dead                           Min: 0, Avg:  0.0, Max: 0, Diff: 0, Sum: 0, Workers: 4
[3191.750s][debug][gc,phases      ] GC(255)     Total                          Min: 0, Avg:  0.0, Max: 0, Diff: 0, Sum: 0, Workers: 4
[3191.750s][debug][gc,phases      ] GC(255) Weak Processing 0.279ms
[3191.750s][debug][gc,age         ] GC(255) Desired survivor size 19922944 bytes, new threshold 15 (max threshold 15)
[3191.750s][info ][gc,heap        ] GC(255) PSYoungGen: 2056512K(2076672K)->1216K(2075648K) Eden: 2055168K(2055168K)->0K(2055168K) From: 1344K(21504K)->1216K(20480K)
[3191.750s][info ][gc,heap        ] GC(255) ParOldGen: 634416K(740864K)->634432K(740864K)
[3191.750s][info ][gc,metaspace   ] GC(255) Metaspace: 85782K(86720K)->85782K(86720K) NonClass: 73754K(74304K)->73754K(74304K) Class: 12027K(12416K)->12027K(12416K)
[3191.750s][info ][gc             ] GC(255) Pause Young (Allocation Failure) 2627M->620M(2750M) 3.915ms
[3191.750s][info ][gc,cpu         ] GC(255) User=0.01s Sys=0.00s Real=0.00s
[3191.750s][info ][safepoint      ] Safepoint "ParallelGCFailedAllocation", Time since last: 19494504272 ns, Reaching safepoint: 31601 ns, At safepoint: 4010693 ns, Total: 4042294 ns
[3193.750s][info ][safepoint      ] Safepoint "Cleanup", Time since last: 2000157388 ns, Reaching safepoint: 48701 ns, At safepoint: 4800 ns, Total: 53501 ns
[3215.752s][info ][safepoint      ] Safepoint "Cleanup", Time since last: 22001617338 ns, Reaching safepoint: 48001 ns, At safepoint: 1901 ns, Total: 49902 ns
[3217.784s][info ][gc,start       ] GC(256) Pause Young (Allocation Failure)
[3217.787s][debug][gc,phases      ] GC(256) Scavenge 3.667ms
[3217.787s][debug][gc,ref         ] GC(256) Skipped phase 1 of Reference Processing: no references
[3217.788s][debug][gc,ref         ] GC(256) ReferenceProcessor::execute queues: 1, RefProcThreadModel::Single, marks_oops_alive: false
[3217.788s][debug][gc,ref         ] GC(256) ReferenceProcessor::execute queues: 4, RefProcThreadModel::Multi, marks_oops_alive: true
[3217.788s][debug][gc,ref         ] GC(256) ReferenceProcessor::execute queues: 1, RefProcThreadModel::Single, marks_oops_alive: false
[3217.788s][debug][gc,phases      ] GC(256) Reference Processing 0.203ms
[3217.788s][debug][gc,phases      ] GC(256)   VM Weak                        Min:  0.0, Avg:  0.0, Max:  0.0, Diff:  0.0, Sum:  0.0, Workers: 4
[3217.788s][debug][gc,phases      ] GC(256)     Dead                           Min: 0, Avg:  0.0, Max: 0, Diff: 0, Sum: 0, Workers: 4
[3217.788s][debug][gc,phases      ] GC(256)     Total                          Min: 0, Avg: 189.2, Max: 320, Diff: 320, Sum: 757, Workers: 4
[3217.788s][debug][gc,phases      ] GC(256)   ObjectSynchronizer Weak        Min:  0.0, Avg:  0.0, Max:  0.0, Diff:  0.0, Sum:  0.0, Workers: 4
[3217.788s][debug][gc,phases      ] GC(256)     Dead                           Min: 0, Avg:  0.0, Max: 0, Diff: 0, Sum: 0, Workers: 4
[3217.788s][debug][gc,phases      ] GC(256)     Total                          Min: 0, Avg: 98.8, Max: 139, Diff: 139, Sum: 395, Workers: 4
[3217.788s][debug][gc,phases      ] GC(256)   JVMTI Tag Weak OopStorage      Min:  0.0, Avg:  0.0, Max:  0.0, Diff:  0.0, Sum:  0.0, Workers: 4
[3217.788s][debug][gc,phases      ] GC(256)     Dead                           Min: 0, Avg:  0.0, Max: 0, Diff: 0, Sum: 0, Workers: 4
[3217.788s][debug][gc,phases      ] GC(256)     Total                          Min: 0, Avg:  0.0, Max: 0, Diff: 0, Sum: 0, Workers: 4
[3217.788s][debug][gc,phases      ] GC(256)   StringTable Weak               Min:  0.1, Avg:  0.1, Max:  0.1, Diff:  0.0, Sum:  0.4, Workers: 4
[3217.788s][debug][gc,phases      ] GC(256)     Dead                           Min: 0, Avg:  0.0, Max: 0, Diff: 0, Sum: 0, Workers: 4
[3217.788s][debug][gc,phases      ] GC(256)     Total                          Min: 11264, Avg: 12304.5, Max: 13506, Diff: 2242, Sum: 49218, Workers: 4
[3217.788s][debug][gc,phases      ] GC(256)   ResolvedMethodTable Weak       Min:  0.0, Avg:  0.0, Max:  0.0, Diff:  0.0, Sum:  0.1, Workers: 4
[3217.788s][debug][gc,phases      ] GC(256)     Dead                           Min: 0, Avg:  0.0, Max: 0, Diff: 0, Sum: 0, Workers: 4
[3217.788s][debug][gc,phases      ] GC(256)     Total                          Min: 1935, Avg: 2243.8, Max: 2496, Diff: 561, Sum: 8975, Workers: 4
[3217.788s][debug][gc,phases      ] GC(256)   JNI Weak                       Min:  0.0, Avg:  0.0, Max:  0.0, Diff:  0.0, Sum:  0.0, Workers: 4
[3217.788s][debug][gc,phases      ] GC(256)     Dead                           Min: 0, Avg:  0.0, Max: 0, Diff: 0, Sum: 0, Workers: 4
[3217.788s][debug][gc,phases      ] GC(256)     Total                          Min: 0, Avg:  0.0, Max: 0, Diff: 0, Sum: 0, Workers: 4
[3217.788s][debug][gc,phases      ] GC(256)   StringDedup Table Weak         Min:  0.0, Avg:  0.0, Max:  0.0, Diff:  0.0, Sum:  0.0, Workers: 4
[3217.788s][debug][gc,phases      ] GC(256)     Dead                           Min: 0, Avg:  0.0, Max: 0, Diff: 0, Sum: 0, Workers: 4
[3217.788s][debug][gc,phases      ] GC(256)     Total                          Min: 0, Avg:  0.0, Max: 0, Diff: 0, Sum: 0, Workers: 4
[3217.788s][debug][gc,phases      ] GC(256)   StringDedup Requests0 Weak     Min:  0.0, Avg:  0.0, Max:  0.0, Diff:  0.0, Sum:  0.0, Workers: 4
[3217.788s][debug][gc,phases      ] GC(256)     Dead                           Min: 0, Avg:  0.0, Max: 0, Diff: 0, Sum: 0, Workers: 4
[3217.788s][debug][gc,phases      ] GC(256)     Total                          Min: 0, Avg:  0.0, Max: 0, Diff: 0, Sum: 0, Workers: 4
[3217.788s][debug][gc,phases      ] GC(256)   StringDedup Requests1 Weak     Min:  0.0, Avg:  0.0, Max:  0.0, Diff:  0.0, Sum:  0.0, Workers: 4
[3217.788s][debug][gc,phases      ] GC(256)     Dead                           Min: 0, Avg:  0.0, Max: 0, Diff: 0, Sum: 0, Workers: 4
[3217.788s][debug][gc,phases      ] GC(256)     Total                          Min: 0, Avg:  0.0, Max: 0, Diff: 0, Sum: 0, Workers: 4
[3217.788s][debug][gc,phases      ] GC(256)   Weak JFR Old Object Samples    Min:  0.0, Avg:  0.0, Max:  0.0, Diff:  0.0, Sum:  0.0, Workers: 4
[3217.788s][debug][gc,phases      ] GC(256)     Dead                           Min: 0, Avg:  0.0, Max: 0, Diff: 0, Sum: 0, Workers: 4
[3217.788s][debug][gc,phases      ] GC(256)     Total                          Min: 0, Avg:  0.0, Max: 0, Diff: 0, Sum: 0, Workers: 4
[3217.788s][debug][gc,phases      ] GC(256) Weak Processing 0.291ms
[3217.788s][debug][gc,age         ] GC(256) Desired survivor size 18874368 bytes, new threshold 15 (max threshold 15)
[3217.788s][info ][gc,heap        ] GC(256) PSYoungGen: 2056384K(2075648K)->1328K(2078720K) Eden: 2055168K(2055168K)->0K(2059264K) From: 1216K(20480K)->1328K(19456K)
[3217.788s][info ][gc,heap        ] GC(256) ParOldGen: 634432K(740864K)->634472K(740864K)
[3217.788s][info ][gc,metaspace   ] GC(256) Metaspace: 85790K(86720K)->85790K(86720K) NonClass: 73763K(74304K)->73763K(74304K) Class: 12027K(12416K)->12027K(12416K)
[3217.788s][info ][gc             ] GC(256) Pause Young (Allocation Failure) 2627M->620M(2753M) 4.271ms
[3217.788s][info ][gc,cpu         ] GC(256) User=0.01s Sys=0.00s Real=0.00s
[3217.788s][info ][safepoint      ] Safepoint "ParallelGCFailedAllocation", Time since last: 2031983058 ns, Reaching safepoint: 38901 ns, At safepoint: 4353201 ns, Total: 4392102 ns
[3220.788s][info ][safepoint      ] Safepoint "Cleanup", Time since last: 3000208333 ns, Reaching safepoint: 44101 ns, At safepoint: 2700 ns, Total: 46801 ns
[3221.788s][info ][safepoint      ] Safepoint "Cleanup", Time since last: 1000110314 ns, Reaching safepoint: 41201 ns, At safepoint: 2200 ns, Total: 43401 ns
[3225.789s][info ][safepoint      ] Safepoint "Cleanup", Time since last: 4000332257 ns, Reaching safepoint: 33801 ns, At safepoint: 5400 ns, Total: 39201 ns
[3241.790s][info ][safepoint      ] Safepoint "Cleanup", Time since last: 16001096726 ns, Reaching safepoint: 46601 ns, At safepoint: 2300 ns, Total: 48901 ns
[3242.790s][info ][safepoint      ] Safepoint "Cleanup", Time since last: 1000116727 ns, Reaching safepoint: 77302 ns, At safepoint: 4900 ns, Total: 82202 ns
[3243.494s][info ][gc,start       ] GC(257) Pause Young (Allocation Failure)
[3243.501s][debug][gc,phases      ] GC(257) Scavenge 7.136ms
[3243.502s][debug][gc,ref         ] GC(257) Skipped phase 1 of Reference Processing: no references
[3243.502s][debug][gc,ref         ] GC(257) ReferenceProcessor::execute queues: 1, RefProcThreadModel::Single, marks_oops_alive: false
[3243.502s][debug][gc,ref         ] GC(257) Skipped phase 3 of Reference Processing: no references
[3243.502s][debug][gc,ref         ] GC(257) ReferenceProcessor::execute queues: 1, RefProcThreadModel::Single, marks_oops_alive: false
[3243.502s][debug][gc,phases      ] GC(257) Reference Processing 0.106ms
[3243.502s][debug][gc,phases      ] GC(257)   VM Weak                        Min:  0.0, Avg:  0.0, Max:  0.0, Diff:  0.0, Sum:  0.0, Workers: 4
[3243.502s][debug][gc,phases      ] GC(257)     Dead                           Min: 0, Avg:  0.0, Max: 0, Diff: 0, Sum: 0, Workers: 4
[3243.502s][debug][gc,phases      ] GC(257)     Total                          Min: 0, Avg: 189.2, Max: 757, Diff: 757, Sum: 757, Workers: 4
[3243.502s][debug][gc,phases      ] GC(257)   ObjectSynchronizer Weak        Min:  0.0, Avg:  0.0, Max:  0.0, Diff:  0.0, Sum:  0.0, Workers: 4
[3243.502s][debug][gc,phases      ] GC(257)     Dead                           Min: 0, Avg:  0.0, Max: 0, Diff: 0, Sum: 0, Workers: 4
[3243.502s][debug][gc,phases      ] GC(257)     Total                          Min: 0, Avg: 98.8, Max: 256, Diff: 256, Sum: 395, Workers: 4
[3243.502s][debug][gc,phases      ] GC(257)   JVMTI Tag Weak OopStorage      Min:  0.0, Avg:  0.0, Max:  0.0, Diff:  0.0, Sum:  0.0, Workers: 4
[3243.502s][debug][gc,phases      ] GC(257)     Dead                           Min: 0, Avg:  0.0, Max: 0, Diff: 0, Sum: 0, Workers: 4
[3243.502s][debug][gc,phases      ] GC(257)     Total                          Min: 0, Avg:  0.0, Max: 0, Diff: 0, Sum: 0, Workers: 4
[3243.502s][debug][gc,phases      ] GC(257)   StringTable Weak               Min:  0.1, Avg:  0.1, Max:  0.1, Diff:  0.0, Sum:  0.4, Workers: 4
[3243.502s][debug][gc,phases      ] GC(257)     Dead                           Min: 0, Avg:  0.0, Max: 0, Diff: 0, Sum: 0, Workers: 4
[3243.502s][debug][gc,phases      ] GC(257)     Total                          Min: 11648, Avg: 12305.0, Max: 12736, Diff: 1088, Sum: 49220, Workers: 4
[3243.502s][debug][gc,phases      ] GC(257)   ResolvedMethodTable Weak       Min:  0.0, Avg:  0.0, Max:  0.0, Diff:  0.0, Sum:  0.1, Workers: 4
[3243.502s][debug][gc,phases      ] GC(257)     Dead                           Min: 0, Avg:  0.0, Max: 0, Diff: 0, Sum: 0, Workers: 4
[3243.502s][debug][gc,phases      ] GC(257)     Total                          Min: 1999, Avg: 2243.8, Max: 2496, Diff: 497, Sum: 8975, Workers: 4
[3243.502s][debug][gc,phases      ] GC(257)   JNI Weak                       Min:  0.0, Avg:  0.0, Max:  0.0, Diff:  0.0, Sum:  0.0, Workers: 4
[3243.502s][debug][gc,phases      ] GC(257)     Dead                           Min: 0, Avg:  0.0, Max: 0, Diff: 0, Sum: 0, Workers: 4
[3243.502s][debug][gc,phases      ] GC(257)     Total                          Min: 0, Avg:  0.0, Max: 0, Diff: 0, Sum: 0, Workers: 4
[3243.502s][debug][gc,phases      ] GC(257)   StringDedup Table Weak         Min:  0.0, Avg:  0.0, Max:  0.0, Diff:  0.0, Sum:  0.0, Workers: 4
[3243.502s][debug][gc,phases      ] GC(257)     Dead                           Min: 0, Avg:  0.0, Max: 0, Diff: 0, Sum: 0, Workers: 4
[3243.502s][debug][gc,phases      ] GC(257)     Total                          Min: 0, Avg:  0.0, Max: 0, Diff: 0, Sum: 0, Workers: 4
[3243.502s][debug][gc,phases      ] GC(257)   StringDedup Requests0 Weak     Min:  0.0, Avg:  0.0, Max:  0.0, Diff:  0.0, Sum:  0.0, Workers: 4
[3243.502s][debug][gc,phases      ] GC(257)     Dead                           Min: 0, Avg:  0.0, Max: 0, Diff: 0, Sum: 0, Workers: 4
[3243.502s][debug][gc,phases      ] GC(257)     Total                          Min: 0, Avg:  0.0, Max: 0, Diff: 0, Sum: 0, Workers: 4
[3243.502s][debug][gc,phases      ] GC(257)   StringDedup Requests1 Weak     Min:  0.0, Avg:  0.0, Max:  0.0, Diff:  0.0, Sum:  0.0, Workers: 4
[3243.502s][debug][gc,phases      ] GC(257)     Dead                           Min: 0, Avg:  0.0, Max: 0, Diff: 0, Sum: 0, Workers: 4
[3243.502s][debug][gc,phases      ] GC(257)     Total                          Min: 0, Avg:  0.0, Max: 0, Diff: 0, Sum: 0, Workers: 4
[3243.502s][debug][gc,phases      ] GC(257)   Weak JFR Old Object Samples    Min:  0.0, Avg:  0.0, Max:  0.0, Diff:  0.0, Sum:  0.0, Workers: 4
[3243.502s][debug][gc,phases      ] GC(257)     Dead                           Min: 0, Avg:  0.0, Max: 0, Diff: 0, Sum: 0, Workers: 4
[3243.502s][debug][gc,phases      ] GC(257)     Total                          Min: 0, Avg:  0.0, Max: 0, Diff: 0, Sum: 0, Workers: 4
[3243.502s][debug][gc,phases      ] GC(257) Weak Processing 0.289ms
[3243.502s][debug][gc,age         ] GC(257) Desired survivor size 23068672 bytes, new threshold 15 (max threshold 15)
[3243.502s][info ][gc,heap        ] GC(257) PSYoungGen: 2060592K(2078720K)->18421K(2077696K) Eden: 2059264K(2059264K)->0K(2059264K) From: 1328K(19456K)->18421K(18432K)
[3243.502s][info ][gc,heap        ] GC(257) ParOldGen: 634472K(740864K)->634504K(740864K)
[3243.502s][info ][gc,metaspace   ] GC(257) Metaspace: 85818K(86720K)->85818K(86720K) NonClass: 73790K(74304K)->73790K(74304K) Class: 12027K(12416K)->12027K(12416K)
[3243.502s][info ][gc             ] GC(257) Pause Young (Allocation Failure) 2631M->637M(2752M) 7.661ms
[3243.502s][info ][gc,cpu         ] GC(257) User=0.02s Sys=0.00s Real=0.00s
[3243.502s][info ][safepoint      ] Safepoint "ParallelGCFailedAllocation", Time since last: 704054552 ns, Reaching safepoint: 28300 ns, At safepoint: 7742580 ns, Total: 7770880 ns
[3262.297s][info ][gc,start       ] GC(258) Pause Young (Allocation Failure)
[3262.302s][debug][gc,phases      ] GC(258) Scavenge 5.290ms
[3262.302s][debug][gc,ref         ] GC(258) Skipped phase 1 of Reference Processing: no references
[3262.302s][debug][gc,ref         ] GC(258) ReferenceProcessor::execute queues: 1, RefProcThreadModel::Single, marks_oops_alive: false
[3262.302s][debug][gc,ref         ] GC(258) ReferenceProcessor::execute queues: 4, RefProcThreadModel::Multi, marks_oops_alive: true
[3262.302s][debug][gc,ref         ] GC(258) ReferenceProcessor::execute queues: 1, RefProcThreadModel::Single, marks_oops_alive: false
[3262.302s][debug][gc,phases      ] GC(258) Reference Processing 0.181ms
[3262.303s][debug][gc,phases      ] GC(258)   VM Weak                        Min:  0.0, Avg:  0.0, Max:  0.0, Diff:  0.0, Sum:  0.0, Workers: 4
[3262.303s][debug][gc,phases      ] GC(258)     Dead                           Min: 0, Avg:  0.0, Max: 0, Diff: 0, Sum: 0, Workers: 4
[3262.303s][debug][gc,phases      ] GC(258)     Total                          Min: 0, Avg: 189.2, Max: 512, Diff: 512, Sum: 757, Workers: 4
[3262.303s][debug][gc,phases      ] GC(258)   ObjectSynchronizer Weak        Min:  0.0, Avg:  0.0, Max:  0.0, Diff:  0.0, Sum:  0.0, Workers: 4
[3262.303s][debug][gc,phases      ] GC(258)     Dead                           Min: 0, Avg:  0.0, Max: 0, Diff: 0, Sum: 0, Workers: 4
[3262.303s][debug][gc,phases      ] GC(258)     Total                          Min: 0, Avg: 98.8, Max: 203, Diff: 203, Sum: 395, Workers: 4
[3262.303s][debug][gc,phases      ] GC(258)   JVMTI Tag Weak OopStorage      Min:  0.0, Avg:  0.0, Max:  0.0, Diff:  0.0, Sum:  0.0, Workers: 4
[3262.303s][debug][gc,phases      ] GC(258)     Dead                           Min: 0, Avg:  0.0, Max: 0, Diff: 0, Sum: 0, Workers: 4
[3262.303s][debug][gc,phases      ] GC(258)     Total                          Min: 0, Avg:  0.0, Max: 0, Diff: 0, Sum: 0, Workers: 4
[3262.303s][debug][gc,phases      ] GC(258)   StringTable Weak               Min:  0.1, Avg:  0.1, Max:  0.1, Diff:  0.0, Sum:  0.4, Workers: 4
[3262.303s][debug][gc,phases      ] GC(258)     Dead                           Min: 0, Avg:  0.0, Max: 0, Diff: 0, Sum: 0, Workers: 4
[3262.303s][debug][gc,phases      ] GC(258)     Total                          Min: 10948, Avg: 12305.0, Max: 13120, Diff: 2172, Sum: 49220, Workers: 4
[3262.303s][debug][gc,phases      ] GC(258)   ResolvedMethodTable Weak       Min:  0.0, Avg:  0.0, Max:  0.0, Diff:  0.0, Sum:  0.1, Workers: 4
[3262.303s][debug][gc,phases      ] GC(258)     Dead                           Min: 0, Avg:  0.0, Max: 0, Diff: 0, Sum: 0, Workers: 4
[3262.303s][debug][gc,phases      ] GC(258)     Total                          Min: 1856, Avg: 2243.8, Max: 2688, Diff: 832, Sum: 8975, Workers: 4
[3262.303s][debug][gc,phases      ] GC(258)   JNI Weak                       Min:  0.0, Avg:  0.0, Max:  0.0, Diff:  0.0, Sum:  0.0, Workers: 4
[3262.303s][debug][gc,phases      ] GC(258)     Dead                           Min: 0, Avg:  0.0, Max: 0, Diff: 0, Sum: 0, Workers: 4
[3262.303s][debug][gc,phases      ] GC(258)     Total                          Min: 0, Avg:  0.0, Max: 0, Diff: 0, Sum: 0, Workers: 4
[3262.303s][debug][gc,phases      ] GC(258)   StringDedup Table Weak         Min:  0.0, Avg:  0.0, Max:  0.0, Diff:  0.0, Sum:  0.0, Workers: 4
[3262.303s][debug][gc,phases      ] GC(258)     Dead                           Min: 0, Avg:  0.0, Max: 0, Diff: 0, Sum: 0, Workers: 4
[3262.303s][debug][gc,phases      ] GC(258)     Total                          Min: 0, Avg:  0.0, Max: 0, Diff: 0, Sum: 0, Workers: 4
[3262.303s][debug][gc,phases      ] GC(258)   StringDedup Requests0 Weak     Min:  0.0, Avg:  0.0, Max:  0.0, Diff:  0.0, Sum:  0.0, Workers: 4
[3262.303s][debug][gc,phases      ] GC(258)     Dead                           Min: 0, Avg:  0.0, Max: 0, Diff: 0, Sum: 0, Workers: 4
[3262.303s][debug][gc,phases      ] GC(258)     Total                          Min: 0, Avg:  0.0, Max: 0, Diff: 0, Sum: 0, Workers: 4
[3262.303s][debug][gc,phases      ] GC(258)   StringDedup Requests1 Weak     Min:  0.0, Avg:  0.0, Max:  0.0, Diff:  0.0, Sum:  0.0, Workers: 4
[3262.303s][debug][gc,phases      ] GC(258)     Dead                           Min: 0, Avg:  0.0, Max: 0, Diff: 0, Sum: 0, Workers: 4
[3262.303s][debug][gc,phases      ] GC(258)     Total                          Min: 0, Avg:  0.0, Max: 0, Diff: 0, Sum: 0, Workers: 4
[3262.303s][debug][gc,phases      ] GC(258)   Weak JFR Old Object Samples    Min:  0.0, Avg:  0.0, Max:  0.0, Diff:  0.0, Sum:  0.0, Workers: 4
[3262.303s][debug][gc,phases      ] GC(258)     Dead                           Min: 0, Avg:  0.0, Max: 0, Diff: 0, Sum: 0, Workers: 4
[3262.303s][debug][gc,phases      ] GC(258)     Total                          Min: 0, Avg:  0.0, Max: 0, Diff: 0, Sum: 0, Workers: 4
[3262.303s][debug][gc,phases      ] GC(258) Weak Processing 0.305ms
[3262.303s][debug][gc,age         ] GC(258) Desired survivor size 26214400 bytes, new threshold 15 (max threshold 15)
[3262.303s][info ][gc,heap        ] GC(258) PSYoungGen: 2077685K(2077696K)->18565K(2065408K) Eden: 2059264K(2059264K)->0K(2045952K) From: 18421K(18432K)->18565K(19456K)
[3262.303s][info ][gc,heap        ] GC(258) ParOldGen: 634504K(740864K)->634536K(740864K)
[3262.303s][info ][gc,metaspace   ] GC(258) Metaspace: 85818K(86720K)->85818K(86720K) NonClass: 73791K(74304K)->73791K(74304K) Class: 12027K(12416K)->12027K(12416K)
[3262.303s][info ][gc             ] GC(258) Pause Young (Allocation Failure) 2648M->637M(2740M) 5.898ms
[3262.303s][info ][gc,cpu         ] GC(258) User=0.02s Sys=0.00s Real=0.00s
[3262.303s][info ][safepoint      ] Safepoint "ParallelGCFailedAllocation", Time since last: 18794732912 ns, Reaching safepoint: 109902 ns, At safepoint: 6010640 ns, Total: 6120542 ns
[3266.303s][info ][safepoint      ] Safepoint "Cleanup", Time since last: 4000264256 ns, Reaching safepoint: 61901 ns, At safepoint: 8600 ns, Total: 70501 ns
[3269.303s][info ][safepoint      ] Safepoint "Cleanup", Time since last: 3000219424 ns, Reaching safepoint: 50601 ns, At safepoint: 7000 ns, Total: 57601 ns
[3270.304s][info ][safepoint      ] Safepoint "Cleanup", Time since last: 1000111343 ns, Reaching safepoint: 54902 ns, At safepoint: 3500 ns, Total: 58402 ns
[3271.447s][info ][safepoint      ] Safepoint "Cleanup", Time since last: 1143696081 ns, Reaching safepoint: 129003 ns, At safepoint: 7500 ns, Total: 136503 ns
[3274.448s][info ][safepoint      ] Safepoint "Cleanup", Time since last: 3000267533 ns, Reaching safepoint: 49001 ns, At safepoint: 5201 ns, Total: 54202 ns
[3275.448s][info ][safepoint      ] Safepoint "Cleanup", Time since last: 1000100345 ns, Reaching safepoint: 50002 ns, At safepoint: 6200 ns, Total: 56202 ns
[3277.448s][info ][safepoint      ] Safepoint "Cleanup", Time since last: 2000138492 ns, Reaching safepoint: 46701 ns, At safepoint: 5500 ns, Total: 52201 ns
[3281.448s][info ][safepoint      ] Safepoint "Cleanup", Time since last: 4000308792 ns, Reaching safepoint: 60101 ns, At safepoint: 8401 ns, Total: 68502 ns
[3282.449s][info ][safepoint      ] Safepoint "Cleanup", Time since last: 1000108850 ns, Reaching safepoint: 43301 ns, At safepoint: 12600 ns, Total: 55901 ns
[3282.834s][info ][gc,start       ] GC(259) Pause Young (Allocation Failure)
[3282.840s][debug][gc,phases      ] GC(259) Scavenge 5.436ms
[3282.840s][debug][gc,ref         ] GC(259) Skipped phase 1 of Reference Processing: no references
[3282.840s][debug][gc,ref         ] GC(259) ReferenceProcessor::execute queues: 1, RefProcThreadModel::Single, marks_oops_alive: false
[3282.840s][debug][gc,ref         ] GC(259) Skipped phase 3 of Reference Processing: no references
[3282.840s][debug][gc,ref         ] GC(259) ReferenceProcessor::execute queues: 1, RefProcThreadModel::Single, marks_oops_alive: false
[3282.840s][debug][gc,phases      ] GC(259) Reference Processing 0.103ms
[3282.840s][debug][gc,phases      ] GC(259)   VM Weak                        Min:  0.0, Avg:  0.0, Max:  0.0, Diff:  0.0, Sum:  0.0, Workers: 4
[3282.840s][debug][gc,phases      ] GC(259)     Dead                           Min: 0, Avg:  0.0, Max: 0, Diff: 0, Sum: 0, Workers: 4
[3282.840s][debug][gc,phases      ] GC(259)     Total                          Min: 0, Avg: 189.5, Max: 694, Diff: 694, Sum: 758, Workers: 4
[3282.840s][debug][gc,phases      ] GC(259)   ObjectSynchronizer Weak        Min:  0.0, Avg:  0.0, Max:  0.0, Diff:  0.0, Sum:  0.0, Workers: 4
[3282.840s][debug][gc,phases      ] GC(259)     Dead                           Min: 0, Avg:  0.0, Max: 0, Diff: 0, Sum: 0, Workers: 4
[3282.840s][debug][gc,phases      ] GC(259)     Total                          Min: 0, Avg: 98.8, Max: 192, Diff: 192, Sum: 395, Workers: 4
[3282.840s][debug][gc,phases      ] GC(259)   JVMTI Tag Weak OopStorage      Min:  0.0, Avg:  0.0, Max:  0.0, Diff:  0.0, Sum:  0.0, Workers: 4
[3282.840s][debug][gc,phases      ] GC(259)     Dead                           Min: 0, Avg:  0.0, Max: 0, Diff: 0, Sum: 0, Workers: 4
[3282.840s][debug][gc,phases      ] GC(259)     Total                          Min: 0, Avg:  0.0, Max: 0, Diff: 0, Sum: 0, Workers: 4
[3282.840s][debug][gc,phases      ] GC(259)   StringTable Weak               Min:  0.1, Avg:  0.1, Max:  0.1, Diff:  0.0, Sum:  0.4, Workers: 4
[3282.840s][debug][gc,phases      ] GC(259)     Dead                           Min: 0, Avg:  0.0, Max: 0, Diff: 0, Sum: 0, Workers: 4
[3282.840s][debug][gc,phases      ] GC(259)     Total                          Min: 10944, Avg: 12307.0, Max: 13824, Diff: 2880, Sum: 49228, Workers: 4
[3282.840s][debug][gc,phases      ] GC(259)   ResolvedMethodTable Weak       Min:  0.0, Avg:  0.0, Max:  0.0, Diff:  0.0, Sum:  0.1, Workers: 4
[3282.840s][debug][gc,phases      ] GC(259)     Dead                           Min: 0, Avg:  4.2, Max: 17, Diff: 17, Sum: 17, Workers: 4
[3282.840s][debug][gc,phases      ] GC(259)     Total                          Min: 2046, Avg: 2246.0, Max: 2490, Diff: 444, Sum: 8984, Workers: 4
[3282.840s][debug][gc,phases      ] GC(259)   JNI Weak                       Min:  0.0, Avg:  0.0, Max:  0.0, Diff:  0.0, Sum:  0.0, Workers: 4
[3282.840s][debug][gc,phases      ] GC(259)     Dead                           Min: 0, Avg:  0.0, Max: 0, Diff: 0, Sum: 0, Workers: 4
[3282.840s][debug][gc,phases      ] GC(259)     Total                          Min: 0, Avg:  0.0, Max: 0, Diff: 0, Sum: 0, Workers: 4
[3282.840s][debug][gc,phases      ] GC(259)   StringDedup Table Weak         Min:  0.0, Avg:  0.0, Max:  0.0, Diff:  0.0, Sum:  0.0, Workers: 4
[3282.840s][debug][gc,phases      ] GC(259)     Dead                           Min: 0, Avg:  0.0, Max: 0, Diff: 0, Sum: 0, Workers: 4
[3282.840s][debug][gc,phases      ] GC(259)     Total                          Min: 0, Avg:  0.0, Max: 0, Diff: 0, Sum: 0, Workers: 4
[3282.840s][debug][gc,phases      ] GC(259)   StringDedup Requests0 Weak     Min:  0.0, Avg:  0.0, Max:  0.0, Diff:  0.0, Sum:  0.0, Workers: 4
[3282.840s][debug][gc,phases      ] GC(259)     Dead                           Min: 0, Avg:  0.0, Max: 0, Diff: 0, Sum: 0, Workers: 4
[3282.840s][debug][gc,phases      ] GC(259)     Total                          Min: 0, Avg:  0.0, Max: 0, Diff: 0, Sum: 0, Workers: 4
[3282.840s][debug][gc,phases      ] GC(259)   StringDedup Requests1 Weak     Min:  0.0, Avg:  0.0, Max:  0.0, Diff:  0.0, Sum:  0.0, Workers: 4
[3282.840s][debug][gc,phases      ] GC(259)     Dead                           Min: 0, Avg:  0.0, Max: 0, Diff: 0, Sum: 0, Workers: 4
[3282.840s][debug][gc,phases      ] GC(259)     Total                          Min: 0, Avg:  0.0, Max: 0, Diff: 0, Sum: 0, Workers: 4
[3282.840s][debug][gc,phases      ] GC(259)   Weak JFR Old Object Samples    Min:  0.0, Avg:  0.0, Max:  0.0, Diff:  0.0, Sum:  0.0, Workers: 4
[3282.840s][debug][gc,phases      ] GC(259)     Dead                           Min: 0, Avg:  0.0, Max: 0, Diff: 0, Sum: 0, Workers: 4
[3282.840s][debug][gc,phases      ] GC(259)     Total                          Min: 0, Avg:  0.0, Max: 0, Diff: 0, Sum: 0, Workers: 4
[3282.840s][debug][gc,phases      ] GC(259) Weak Processing 0.340ms
[3282.840s][debug][gc,age         ] GC(259) Desired survivor size 28835840 bytes, new threshold 15 (max threshold 15)
[3282.840s][info ][gc,heap        ] GC(259) PSYoungGen: 2064517K(2065408K)->18352K(2064384K) Eden: 2045952K(2045952K)->0K(2045952K) From: 18565K(19456K)->18352K(18432K)
[3282.840s][info ][gc,heap        ] GC(259) ParOldGen: 634536K(740864K)->634560K(740864K)
[3282.840s][info ][gc,metaspace   ] GC(259) Metaspace: 85833K(86720K)->85833K(86720K) NonClass: 73805K(74304K)->73805K(74304K) Class: 12028K(12416K)->12028K(12416K)
[3282.840s][info ][gc             ] GC(259) Pause Young (Allocation Failure) 2635M->637M(2739M) 6.006ms
[3282.840s][info ][gc,cpu         ] GC(259) User=0.02s Sys=0.00s Real=0.00s
[3282.840s][info ][safepoint      ] Safepoint "ParallelGCFailedAllocation", Time since last: 385552463 ns, Reaching safepoint: 40801 ns, At safepoint: 6098542 ns, Total: 6139343 ns
[3283.841s][info ][safepoint      ] Safepoint "Cleanup", Time since last: 1000090751 ns, Reaching safepoint: 115502 ns, At safepoint: 5900 ns, Total: 121402 ns
[3309.693s][info ][gc,start       ] GC(260) Pause Young (Allocation Failure)
[3309.698s][debug][gc,phases      ] GC(260) Scavenge 5.563ms
[3309.698s][debug][gc,ref         ] GC(260) Skipped phase 1 of Reference Processing: no references
[3309.699s][debug][gc,ref         ] GC(260) ReferenceProcessor::execute queues: 1, RefProcThreadModel::Single, marks_oops_alive: false
[3309.699s][debug][gc,ref         ] GC(260) ReferenceProcessor::execute queues: 4, RefProcThreadModel::Multi, marks_oops_alive: true
[3309.699s][debug][gc,ref         ] GC(260) ReferenceProcessor::execute queues: 1, RefProcThreadModel::Single, marks_oops_alive: false
[3309.699s][debug][gc,phases      ] GC(260) Reference Processing 0.161ms
[3309.699s][debug][gc,phases      ] GC(260)   VM Weak                        Min:  0.0, Avg:  0.0, Max:  0.0, Diff:  0.0, Sum:  0.0, Workers: 4
[3309.699s][debug][gc,phases      ] GC(260)     Dead                           Min: 0, Avg:  0.0, Max: 0, Diff: 0, Sum: 0, Workers: 4
[3309.699s][debug][gc,phases      ] GC(260)     Total                          Min: 0, Avg: 189.5, Max: 384, Diff: 384, Sum: 758, Workers: 4
[3309.699s][debug][gc,phases      ] GC(260)   ObjectSynchronizer Weak        Min:  0.0, Avg:  0.0, Max:  0.0, Diff:  0.0, Sum:  0.0, Workers: 4
[3309.699s][debug][gc,phases      ] GC(260)     Dead                           Min: 0, Avg:  0.0, Max: 0, Diff: 0, Sum: 0, Workers: 4
[3309.699s][debug][gc,phases      ] GC(260)     Total                          Min: 0, Avg: 98.8, Max: 139, Diff: 139, Sum: 395, Workers: 4
[3309.699s][debug][gc,phases      ] GC(260)   JVMTI Tag Weak OopStorage      Min:  0.0, Avg:  0.0, Max:  0.0, Diff:  0.0, Sum:  0.0, Workers: 4
[3309.699s][debug][gc,phases      ] GC(260)     Dead                           Min: 0, Avg:  0.0, Max: 0, Diff: 0, Sum: 0, Workers: 4
[3309.699s][debug][gc,phases      ] GC(260)     Total                          Min: 0, Avg:  0.0, Max: 0, Diff: 0, Sum: 0, Workers: 4
[3309.699s][debug][gc,phases      ] GC(260)   StringTable Weak               Min:  0.1, Avg:  0.1, Max:  0.1, Diff:  0.0, Sum:  0.4, Workers: 4
[3309.699s][debug][gc,phases      ] GC(260)     Dead                           Min: 0, Avg:  0.0, Max: 0, Diff: 0, Sum: 0, Workers: 4
[3309.699s][debug][gc,phases      ] GC(260)     Total                          Min: 11020, Avg: 12307.0, Max: 14464, Diff: 3444, Sum: 49228, Workers: 4
[3309.699s][debug][gc,phases      ] GC(260)   ResolvedMethodTable Weak       Min:  0.0, Avg:  0.0, Max:  0.0, Diff:  0.0, Sum:  0.1, Workers: 4
[3309.699s][debug][gc,phases      ] GC(260)     Dead                           Min: 0, Avg:  0.0, Max: 0, Diff: 0, Sum: 0, Workers: 4
[3309.699s][debug][gc,phases      ] GC(260)     Total                          Min: 2144, Avg: 2246.0, Max: 2490, Diff: 346, Sum: 8984, Workers: 4
[3309.699s][debug][gc,phases      ] GC(260)   JNI Weak                       Min:  0.0, Avg:  0.0, Max:  0.0, Diff:  0.0, Sum:  0.0, Workers: 4
[3309.699s][debug][gc,phases      ] GC(260)     Dead                           Min: 0, Avg:  0.0, Max: 0, Diff: 0, Sum: 0, Workers: 4
[3309.699s][debug][gc,phases      ] GC(260)     Total                          Min: 0, Avg:  0.0, Max: 0, Diff: 0, Sum: 0, Workers: 4
[3309.699s][debug][gc,phases      ] GC(260)   StringDedup Table Weak         Min:  0.0, Avg:  0.0, Max:  0.0, Diff:  0.0, Sum:  0.0, Workers: 4
[3309.699s][debug][gc,phases      ] GC(260)     Dead                           Min: 0, Avg:  0.0, Max: 0, Diff: 0, Sum: 0, Workers: 4
[3309.699s][debug][gc,phases      ] GC(260)     Total                          Min: 0, Avg:  0.0, Max: 0, Diff: 0, Sum: 0, Workers: 4
[3309.699s][debug][gc,phases      ] GC(260)   StringDedup Requests0 Weak     Min:  0.0, Avg:  0.0, Max:  0.0, Diff:  0.0, Sum:  0.0, Workers: 4
[3309.699s][debug][gc,phases      ] GC(260)     Dead                           Min: 0, Avg:  0.0, Max: 0, Diff: 0, Sum: 0, Workers: 4
[3309.699s][debug][gc,phases      ] GC(260)     Total                          Min: 0, Avg:  0.0, Max: 0, Diff: 0, Sum: 0, Workers: 4
[3309.699s][debug][gc,phases      ] GC(260)   StringDedup Requests1 Weak     Min:  0.0, Avg:  0.0, Max:  0.0, Diff:  0.0, Sum:  0.0, Workers: 4
[3309.699s][debug][gc,phases      ] GC(260)     Dead                           Min: 0, Avg:  0.0, Max: 0, Diff: 0, Sum: 0, Workers: 4
[3309.699s][debug][gc,phases      ] GC(260)     Total                          Min: 0, Avg:  0.0, Max: 0, Diff: 0, Sum: 0, Workers: 4
[3309.699s][debug][gc,phases      ] GC(260)   Weak JFR Old Object Samples    Min:  0.0, Avg:  0.0, Max:  0.0, Diff:  0.0, Sum:  0.0, Workers: 4
[3309.699s][debug][gc,phases      ] GC(260)     Dead                           Min: 0, Avg:  0.0, Max: 0, Diff: 0, Sum: 0, Workers: 4
[3309.699s][debug][gc,phases      ] GC(260)     Total                          Min: 0, Avg:  0.0, Max: 0, Diff: 0, Sum: 0, Workers: 4
[3309.699s][debug][gc,phases      ] GC(260) Weak Processing 0.298ms
[3309.699s][debug][gc,age         ] GC(260) Desired survivor size 30408704 bytes, new threshold 15 (max threshold 15)
[3309.699s][info ][gc,heap        ] GC(260) PSYoungGen: 2064304K(2064384K)->18336K(2065920K) Eden: 2045952K(2045952K)->0K(2037760K) From: 18352K(18432K)->18336K(28160K)
[3309.699s][info ][gc,heap        ] GC(260) ParOldGen: 634560K(740864K)->634584K(740864K)
[3309.699s][info ][gc,metaspace   ] GC(260) Metaspace: 85833K(86720K)->85833K(86720K) NonClass: 73805K(74304K)->73805K(74304K) Class: 12028K(12416K)->12028K(12416K)
[3309.699s][info ][gc             ] GC(260) Pause Young (Allocation Failure) 2635M->637M(2741M) 6.146ms
[3309.699s][info ][gc,cpu         ] GC(260) User=0.02s Sys=0.00s Real=0.00s
[3309.699s][info ][safepoint      ] Safepoint "ParallelGCFailedAllocation", Time since last: 25852142016 ns, Reaching safepoint: 38801 ns, At safepoint: 6249345 ns, Total: 6288146 ns
[3312.699s][info ][safepoint      ] Safepoint "Cleanup", Time since last: 3000241097 ns, Reaching safepoint: 51001 ns, At safepoint: 8800 ns, Total: 59801 ns
[3335.878s][info ][gc,start       ] GC(261) Pause Young (Allocation Failure)
[3335.884s][debug][gc,phases      ] GC(261) Scavenge 5.640ms
[3335.884s][debug][gc,ref         ] GC(261) Skipped phase 1 of Reference Processing: no references
[3335.884s][debug][gc,ref         ] GC(261) ReferenceProcessor::execute queues: 1, RefProcThreadModel::Single, marks_oops_alive: false
[3335.884s][debug][gc,ref         ] GC(261) Skipped phase 3 of Reference Processing: no references
[3335.884s][debug][gc,ref         ] GC(261) ReferenceProcessor::execute queues: 1, RefProcThreadModel::Single, marks_oops_alive: false
[3335.884s][debug][gc,phases      ] GC(261) Reference Processing 0.106ms
[3335.884s][debug][gc,phases      ] GC(261)   VM Weak                        Min:  0.0, Avg:  0.0, Max:  0.0, Diff:  0.0, Sum:  0.0, Workers: 4
[3335.884s][debug][gc,phases      ] GC(261)     Dead                           Min: 0, Avg:  0.0, Max: 0, Diff: 0, Sum: 0, Workers: 4
[3335.884s][debug][gc,phases      ] GC(261)     Total                          Min: 0, Avg: 189.5, Max: 448, Diff: 448, Sum: 758, Workers: 4
[3335.884s][debug][gc,phases      ] GC(261)   ObjectSynchronizer Weak        Min:  0.0, Avg:  0.0, Max:  0.0, Diff:  0.0, Sum:  0.0, Workers: 4
[3335.884s][debug][gc,phases      ] GC(261)     Dead                           Min: 0, Avg:  0.0, Max: 0, Diff: 0, Sum: 0, Workers: 4
[3335.884s][debug][gc,phases      ] GC(261)     Total                          Min: 0, Avg: 98.8, Max: 203, Diff: 203, Sum: 395, Workers: 4
[3335.884s][debug][gc,phases      ] GC(261)   JVMTI Tag Weak OopStorage      Min:  0.0, Avg:  0.0, Max:  0.0, Diff:  0.0, Sum:  0.0, Workers: 4
[3335.884s][debug][gc,phases      ] GC(261)     Dead                           Min: 0, Avg:  0.0, Max: 0, Diff: 0, Sum: 0, Workers: 4
[3335.884s][debug][gc,phases      ] GC(261)     Total                          Min: 0, Avg:  0.0, Max: 0, Diff: 0, Sum: 0, Workers: 4
[3335.884s][debug][gc,phases      ] GC(261)   StringTable Weak               Min:  0.1, Avg:  0.1, Max:  0.1, Diff:  0.0, Sum:  0.4, Workers: 4
[3335.884s][debug][gc,phases      ] GC(261)     Dead                           Min: 0, Avg:  0.0, Max: 0, Diff: 0, Sum: 0, Workers: 4
[3335.884s][debug][gc,phases      ] GC(261)     Total                          Min: 11776, Avg: 12307.0, Max: 13068, Diff: 1292, Sum: 49228, Workers: 4
[3335.884s][debug][gc,phases      ] GC(261)   ResolvedMethodTable Weak       Min:  0.0, Avg:  0.0, Max:  0.0, Diff:  0.0, Sum:  0.1, Workers: 4
[3335.884s][debug][gc,phases      ] GC(261)     Dead                           Min: 0, Avg:  0.0, Max: 0, Diff: 0, Sum: 0, Workers: 4
[3335.884s][debug][gc,phases      ] GC(261)     Total                          Min: 2046, Avg: 2246.0, Max: 2394, Diff: 348, Sum: 8984, Workers: 4
[3335.884s][debug][gc,phases      ] GC(261)   JNI Weak                       Min:  0.0, Avg:  0.0, Max:  0.0, Diff:  0.0, Sum:  0.0, Workers: 4
[3335.884s][debug][gc,phases      ] GC(261)     Dead                           Min: 0, Avg:  0.0, Max: 0, Diff: 0, Sum: 0, Workers: 4
[3335.884s][debug][gc,phases      ] GC(261)     Total                          Min: 0, Avg:  0.0, Max: 0, Diff: 0, Sum: 0, Workers: 4
[3335.884s][debug][gc,phases      ] GC(261)   StringDedup Table Weak         Min:  0.0, Avg:  0.0, Max:  0.0, Diff:  0.0, Sum:  0.0, Workers: 4
[3335.884s][debug][gc,phases      ] GC(261)     Dead                           Min: 0, Avg:  0.0, Max: 0, Diff: 0, Sum: 0, Workers: 4
[3335.884s][debug][gc,phases      ] GC(261)     Total                          Min: 0, Avg:  0.0, Max: 0, Diff: 0, Sum: 0, Workers: 4
[3335.884s][debug][gc,phases      ] GC(261)   StringDedup Requests0 Weak     Min:  0.0, Avg:  0.0, Max:  0.0, Diff:  0.0, Sum:  0.0, Workers: 4
[3335.884s][debug][gc,phases      ] GC(261)     Dead                           Min: 0, Avg:  0.0, Max: 0, Diff: 0, Sum: 0, Workers: 4
[3335.884s][debug][gc,phases      ] GC(261)     Total                          Min: 0, Avg:  0.0, Max: 0, Diff: 0, Sum: 0, Workers: 4
[3335.884s][debug][gc,phases      ] GC(261)   StringDedup Requests1 Weak     Min:  0.0, Avg:  0.0, Max:  0.0, Diff:  0.0, Sum:  0.0, Workers: 4
[3335.884s][debug][gc,phases      ] GC(261)     Dead                           Min: 0, Avg:  0.0, Max: 0, Diff: 0, Sum: 0, Workers: 4
[3335.884s][debug][gc,phases      ] GC(261)     Total                          Min: 0, Avg:  0.0, Max: 0, Diff: 0, Sum: 0, Workers: 4
[3335.884s][debug][gc,phases      ] GC(261)   Weak JFR Old Object Samples    Min:  0.0, Avg:  0.0, Max:  0.0, Diff:  0.0, Sum:  0.0, Workers: 4
[3335.884s][debug][gc,phases      ] GC(261)     Dead                           Min: 0, Avg:  0.0, Max: 0, Diff: 0, Sum: 0, Workers: 4
[3335.884s][debug][gc,phases      ] GC(261)     Total                          Min: 0, Avg:  0.0, Max: 0, Diff: 0, Sum: 0, Workers: 4
[3335.884s][debug][gc,phases      ] GC(261) Weak Processing 0.344ms
[3335.884s][debug][gc,age         ] GC(261) Desired survivor size 31981568 bytes, new threshold 15 (max threshold 15)
[3335.884s][info ][gc,heap        ] GC(261) PSYoungGen: 2056096K(2065920K)->18272K(2056192K) Eden: 2037760K(2037760K)->0K(2037760K) From: 18336K(28160K)->18272K(18432K)
[3335.884s][info ][gc,heap        ] GC(261) ParOldGen: 634584K(740864K)->634608K(740864K)
[3335.884s][info ][gc,metaspace   ] GC(261) Metaspace: 85833K(86720K)->85833K(86720K) NonClass: 73805K(74304K)->73805K(74304K) Class: 12028K(12416K)->12028K(12416K)
[3335.884s][info ][gc             ] GC(261) Pause Young (Allocation Failure) 2627M->637M(2731M) 6.218ms
[3335.884s][info ][gc,cpu         ] GC(261) User=0.03s Sys=0.00s Real=0.01s
[3335.884s][info ][safepoint      ] Safepoint "ParallelGCFailedAllocation", Time since last: 23178684786 ns, Reaching safepoint: 57402 ns, At safepoint: 6309347 ns, Total: 6366749 ns
[3362.772s][info ][gc,start       ] GC(262) Pause Young (Allocation Failure)
[3362.778s][debug][gc,phases      ] GC(262) Scavenge 6.053ms
[3362.778s][debug][gc,ref         ] GC(262) Skipped phase 1 of Reference Processing: no references
[3362.778s][debug][gc,ref         ] GC(262) ReferenceProcessor::execute queues: 1, RefProcThreadModel::Single, marks_oops_alive: false
[3362.778s][debug][gc,ref         ] GC(262) Skipped phase 3 of Reference Processing: no references
[3362.778s][debug][gc,ref         ] GC(262) ReferenceProcessor::execute queues: 1, RefProcThreadModel::Single, marks_oops_alive: false
[3362.778s][debug][gc,phases      ] GC(262) Reference Processing 0.107ms
[3362.778s][debug][gc,phases      ] GC(262)   VM Weak                        Min:  0.0, Avg:  0.0, Max:  0.0, Diff:  0.0, Sum:  0.0, Workers: 4
[3362.778s][debug][gc,phases      ] GC(262)     Dead                           Min: 0, Avg:  0.0, Max: 0, Diff: 0, Sum: 0, Workers: 4
[3362.778s][debug][gc,phases      ] GC(262)     Total                          Min: 0, Avg: 189.5, Max: 576, Diff: 576, Sum: 758, Workers: 4
[3362.778s][debug][gc,phases      ] GC(262)   ObjectSynchronizer Weak        Min:  0.0, Avg:  0.0, Max:  0.0, Diff:  0.0, Sum:  0.0, Workers: 4
[3362.779s][debug][gc,phases      ] GC(262)     Dead                           Min: 0, Avg:  0.0, Max: 0, Diff: 0, Sum: 0, Workers: 4
[3362.779s][debug][gc,phases      ] GC(262)     Total                          Min: 0, Avg: 98.8, Max: 139, Diff: 139, Sum: 395, Workers: 4
[3362.779s][debug][gc,phases      ] GC(262)   JVMTI Tag Weak OopStorage      Min:  0.0, Avg:  0.0, Max:  0.0, Diff:  0.0, Sum:  0.0, Workers: 4
[3362.779s][debug][gc,phases      ] GC(262)     Dead                           Min: 0, Avg:  0.0, Max: 0, Diff: 0, Sum: 0, Workers: 4
[3362.779s][debug][gc,phases      ] GC(262)     Total                          Min: 0, Avg:  0.0, Max: 0, Diff: 0, Sum: 0, Workers: 4
[3362.779s][debug][gc,phases      ] GC(262)   StringTable Weak               Min:  0.1, Avg:  0.1, Max:  0.1, Diff:  0.0, Sum:  0.4, Workers: 4
[3362.779s][debug][gc,phases      ] GC(262)     Dead                           Min: 0, Avg:  0.0, Max: 0, Diff: 0, Sum: 0, Workers: 4
[3362.779s][debug][gc,phases      ] GC(262)     Total                          Min: 10752, Avg: 12307.0, Max: 14720, Diff: 3968, Sum: 49228, Workers: 4
[3362.779s][debug][gc,phases      ] GC(262)   ResolvedMethodTable Weak       Min:  0.0, Avg:  0.0, Max:  0.0, Diff:  0.0, Sum:  0.1, Workers: 4
[3362.779s][debug][gc,phases      ] GC(262)     Dead                           Min: 0, Avg:  0.0, Max: 0, Diff: 0, Sum: 0, Workers: 4
[3362.779s][debug][gc,phases      ] GC(262)     Total                          Min: 1851, Avg: 2246.0, Max: 2687, Diff: 836, Sum: 8984, Workers: 4
[3362.779s][debug][gc,phases      ] GC(262)   JNI Weak                       Min:  0.0, Avg:  0.0, Max:  0.0, Diff:  0.0, Sum:  0.0, Workers: 4
[3362.779s][debug][gc,phases      ] GC(262)     Dead                           Min: 0, Avg:  0.0, Max: 0, Diff: 0, Sum: 0, Workers: 4
[3362.779s][debug][gc,phases      ] GC(262)     Total                          Min: 0, Avg:  0.0, Max: 0, Diff: 0, Sum: 0, Workers: 4
[3362.779s][debug][gc,phases      ] GC(262)   StringDedup Table Weak         Min:  0.0, Avg:  0.0, Max:  0.0, Diff:  0.0, Sum:  0.0, Workers: 4
[3362.779s][debug][gc,phases      ] GC(262)     Dead                           Min: 0, Avg:  0.0, Max: 0, Diff: 0, Sum: 0, Workers: 4
[3362.779s][debug][gc,phases      ] GC(262)     Total                          Min: 0, Avg:  0.0, Max: 0, Diff: 0, Sum: 0, Workers: 4
[3362.779s][debug][gc,phases      ] GC(262)   StringDedup Requests0 Weak     Min:  0.0, Avg:  0.0, Max:  0.0, Diff:  0.0, Sum:  0.0, Workers: 4
[3362.779s][debug][gc,phases      ] GC(262)     Dead                           Min: 0, Avg:  0.0, Max: 0, Diff: 0, Sum: 0, Workers: 4
[3362.779s][debug][gc,phases      ] GC(262)     Total                          Min: 0, Avg:  0.0, Max: 0, Diff: 0, Sum: 0, Workers: 4
[3362.779s][debug][gc,phases      ] GC(262)   StringDedup Requests1 Weak     Min:  0.0, Avg:  0.0, Max:  0.0, Diff:  0.0, Sum:  0.0, Workers: 4
[3362.779s][debug][gc,phases      ] GC(262)     Dead                           Min: 0, Avg:  0.0, Max: 0, Diff: 0, Sum: 0, Workers: 4
[3362.779s][debug][gc,phases      ] GC(262)     Total                          Min: 0, Avg:  0.0, Max: 0, Diff: 0, Sum: 0, Workers: 4
[3362.779s][debug][gc,phases      ] GC(262)   Weak JFR Old Object Samples    Min:  0.0, Avg:  0.0, Max:  0.0, Diff:  0.0, Sum:  0.0, Workers: 4
[3362.779s][debug][gc,phases      ] GC(262)     Dead                           Min: 0, Avg:  0.0, Max: 0, Diff: 0, Sum: 0, Workers: 4
[3362.779s][debug][gc,phases      ] GC(262)     Total                          Min: 0, Avg:  0.0, Max: 0, Diff: 0, Sum: 0, Workers: 4
[3362.779s][debug][gc,phases      ] GC(262) Weak Processing 0.308ms
[3362.779s][debug][gc,age         ] GC(262) Desired survivor size 33030144 bytes, new threshold 15 (max threshold 15)
[3362.779s][info ][gc,heap        ] GC(262) PSYoungGen: 2056032K(2056192K)->18288K(2063872K) Eden: 2037760K(2037760K)->0K(2032640K) From: 18272K(18432K)->18288K(31232K)
[3362.779s][info ][gc,heap        ] GC(262) ParOldGen: 634608K(740864K)->634640K(740864K)
[3362.779s][info ][gc,metaspace   ] GC(262) Metaspace: 85835K(86720K)->85835K(86720K) NonClass: 73806K(74304K)->73806K(74304K) Class: 12028K(12416K)->12028K(12416K)
[3362.779s][info ][gc             ] GC(262) Pause Young (Allocation Failure) 2627M->637M(2739M) 6.606ms
[3362.779s][info ][gc,cpu         ] GC(262) User=0.02s Sys=0.00s Real=0.00s
[3362.779s][info ][safepoint      ] Safepoint "ParallelGCFailedAllocation", Time since last: 26887625940 ns, Reaching safepoint: 41401 ns, At safepoint: 6694256 ns, Total: 6735657 ns
[3369.779s][info ][safepoint      ] Safepoint "Cleanup", Time since last: 7000490255 ns, Reaching safepoint: 58202 ns, At safepoint: 2200 ns, Total: 60402 ns
[3376.780s][info ][safepoint      ] Safepoint "Cleanup", Time since last: 7000486778 ns, Reaching safepoint: 57502 ns, At safepoint: 8900 ns, Total: 66402 ns
[3380.780s][info ][safepoint      ] Safepoint "Cleanup", Time since last: 4000335599 ns, Reaching safepoint: 49702 ns, At safepoint: 2500 ns, Total: 52202 ns
[3388.922s][info ][gc,start       ] GC(263) Pause Young (Allocation Failure)
[3388.927s][debug][gc,phases      ] GC(263) Scavenge 5.390ms
[3388.927s][debug][gc,ref         ] GC(263) Skipped phase 1 of Reference Processing: no references
[3388.928s][debug][gc,ref         ] GC(263) ReferenceProcessor::execute queues: 1, RefProcThreadModel::Single, marks_oops_alive: false
[3388.928s][debug][gc,ref         ] GC(263) Skipped phase 3 of Reference Processing: no references
[3388.928s][debug][gc,ref         ] GC(263) ReferenceProcessor::execute queues: 1, RefProcThreadModel::Single, marks_oops_alive: false
[3388.928s][debug][gc,phases      ] GC(263) Reference Processing 0.125ms
[3388.928s][debug][gc,phases      ] GC(263)   VM Weak                        Min:  0.0, Avg:  0.0, Max:  0.0, Diff:  0.0, Sum:  0.0, Workers: 4
[3388.928s][debug][gc,phases      ] GC(263)     Dead                           Min: 0, Avg:  0.0, Max: 0, Diff: 0, Sum: 0, Workers: 4
[3388.928s][debug][gc,phases      ] GC(263)     Total                          Min: 0, Avg: 189.5, Max: 566, Diff: 566, Sum: 758, Workers: 4
[3388.928s][debug][gc,phases      ] GC(263)   ObjectSynchronizer Weak        Min:  0.0, Avg:  0.0, Max:  0.0, Diff:  0.0, Sum:  0.0, Workers: 4
[3388.928s][debug][gc,phases      ] GC(263)     Dead                           Min: 0, Avg:  0.0, Max: 0, Diff: 0, Sum: 0, Workers: 4
[3388.928s][debug][gc,phases      ] GC(263)     Total                          Min: 0, Avg: 98.8, Max: 192, Diff: 192, Sum: 395, Workers: 4
[3388.928s][debug][gc,phases      ] GC(263)   JVMTI Tag Weak OopStorage      Min:  0.0, Avg:  0.0, Max:  0.0, Diff:  0.0, Sum:  0.0, Workers: 4
[3388.928s][debug][gc,phases      ] GC(263)     Dead                           Min: 0, Avg:  0.0, Max: 0, Diff: 0, Sum: 0, Workers: 4
[3388.928s][debug][gc,phases      ] GC(263)     Total                          Min: 0, Avg:  0.0, Max: 0, Diff: 0, Sum: 0, Workers: 4
[3388.928s][debug][gc,phases      ] GC(263)   StringTable Weak               Min:  0.1, Avg:  0.1, Max:  0.1, Diff:  0.0, Sum:  0.4, Workers: 4
[3388.928s][debug][gc,phases      ] GC(263)     Dead                           Min: 0, Avg:  0.0, Max: 0, Diff: 0, Sum: 0, Workers: 4
[3388.928s][debug][gc,phases      ] GC(263)     Total                          Min: 11520, Avg: 12307.8, Max: 13647, Diff: 2127, Sum: 49231, Workers: 4
[3388.928s][debug][gc,phases      ] GC(263)   ResolvedMethodTable Weak       Min:  0.0, Avg:  0.0, Max:  0.0, Diff:  0.0, Sum:  0.1, Workers: 4
[3388.928s][debug][gc,phases      ] GC(263)     Dead                           Min: 0, Avg:  0.0, Max: 0, Diff: 0, Sum: 0, Workers: 4
[3388.928s][debug][gc,phases      ] GC(263)     Total                          Min: 2176, Avg: 2246.0, Max: 2424, Diff: 248, Sum: 8984, Workers: 4
[3388.928s][debug][gc,phases      ] GC(263)   JNI Weak                       Min:  0.0, Avg:  0.0, Max:  0.0, Diff:  0.0, Sum:  0.0, Workers: 4
[3388.928s][debug][gc,phases      ] GC(263)     Dead                           Min: 0, Avg:  0.0, Max: 0, Diff: 0, Sum: 0, Workers: 4
[3388.928s][debug][gc,phases      ] GC(263)     Total                          Min: 0, Avg:  0.0, Max: 0, Diff: 0, Sum: 0, Workers: 4
[3388.928s][debug][gc,phases      ] GC(263)   StringDedup Table Weak         Min:  0.0, Avg:  0.0, Max:  0.0, Diff:  0.0, Sum:  0.0, Workers: 4
[3388.928s][debug][gc,phases      ] GC(263)     Dead                           Min: 0, Avg:  0.0, Max: 0, Diff: 0, Sum: 0, Workers: 4
[3388.928s][debug][gc,phases      ] GC(263)     Total                          Min: 0, Avg:  0.0, Max: 0, Diff: 0, Sum: 0, Workers: 4
[3388.928s][debug][gc,phases      ] GC(263)   StringDedup Requests0 Weak     Min:  0.0, Avg:  0.0, Max:  0.0, Diff:  0.0, Sum:  0.0, Workers: 4
[3388.928s][debug][gc,phases      ] GC(263)     Dead                           Min: 0, Avg:  0.0, Max: 0, Diff: 0, Sum: 0, Workers: 4
[3388.928s][debug][gc,phases      ] GC(263)     Total                          Min: 0, Avg:  0.0, Max: 0, Diff: 0, Sum: 0, Workers: 4
[3388.928s][debug][gc,phases      ] GC(263)   StringDedup Requests1 Weak     Min:  0.0, Avg:  0.0, Max:  0.0, Diff:  0.0, Sum:  0.0, Workers: 4
[3388.928s][debug][gc,phases      ] GC(263)     Dead                           Min: 0, Avg:  0.0, Max: 0, Diff: 0, Sum: 0, Workers: 4
[3388.928s][debug][gc,phases      ] GC(263)     Total                          Min: 0, Avg:  0.0, Max: 0, Diff: 0, Sum: 0, Workers: 4
[3388.928s][debug][gc,phases      ] GC(263)   Weak JFR Old Object Samples    Min:  0.0, Avg:  0.0, Max:  0.0, Diff:  0.0, Sum:  0.0, Workers: 4
[3388.928s][debug][gc,phases      ] GC(263)     Dead                           Min: 0, Avg:  0.0, Max: 0, Diff: 0, Sum: 0, Workers: 4
[3388.928s][debug][gc,phases      ] GC(263)     Total                          Min: 0, Avg:  0.0, Max: 0, Diff: 0, Sum: 0, Workers: 4
[3388.928s][debug][gc,phases      ] GC(263) Weak Processing 0.300ms
[3388.928s][debug][gc,age         ] GC(263) Desired survivor size 34078720 bytes, new threshold 15 (max threshold 15)
[3388.928s][info ][gc,heap        ] GC(263) PSYoungGen: 2050928K(2063872K)->18368K(2051072K) Eden: 2032640K(2032640K)->0K(2032640K) From: 18288K(31232K)->18368K(18432K)
[3388.928s][info ][gc,heap        ] GC(263) ParOldGen: 634640K(740864K)->634656K(740864K)
[3388.928s][info ][gc,metaspace   ] GC(263) Metaspace: 85835K(86720K)->85835K(86720K) NonClass: 73806K(74304K)->73806K(74304K) Class: 12028K(12416K)->12028K(12416K)
[3388.928s][info ][gc             ] GC(263) Pause Young (Allocation Failure) 2622M->637M(2726M) 5.937ms
[3388.928s][info ][gc,cpu         ] GC(263) User=0.02s Sys=0.00s Real=0.01s
[3388.928s][info ][safepoint      ] Safepoint "ParallelGCFailedAllocation", Time since last: 8141684307 ns, Reaching safepoint: 47201 ns, At safepoint: 6036541 ns, Total: 6083742 ns
[3398.929s][info ][safepoint      ] Safepoint "Cleanup", Time since last: 10000662065 ns, Reaching safepoint: 45401 ns, At safepoint: 2800 ns, Total: 48201 ns
[3415.564s][info ][gc,start       ] GC(264) Pause Young (Allocation Failure)
[3415.569s][debug][gc,phases      ] GC(264) Scavenge 5.586ms
[3415.569s][debug][gc,ref         ] GC(264) Skipped phase 1 of Reference Processing: no references
[3415.569s][debug][gc,ref         ] GC(264) ReferenceProcessor::execute queues: 1, RefProcThreadModel::Single, marks_oops_alive: false
[3415.569s][debug][gc,ref         ] GC(264) Skipped phase 3 of Reference Processing: no references
[3415.569s][debug][gc,ref         ] GC(264) ReferenceProcessor::execute queues: 1, RefProcThreadModel::Single, marks_oops_alive: false
[3415.569s][debug][gc,phases      ] GC(264) Reference Processing 0.108ms
[3415.570s][debug][gc,phases      ] GC(264)   VM Weak                        Min:  0.0, Avg:  0.0, Max:  0.0, Diff:  0.0, Sum:  0.0, Workers: 4
[3415.570s][debug][gc,phases      ] GC(264)     Dead                           Min: 0, Avg:  0.0, Max: 0, Diff: 0, Sum: 0, Workers: 4
[3415.570s][debug][gc,phases      ] GC(264)     Total                          Min: 0, Avg: 189.5, Max: 576, Diff: 576, Sum: 758, Workers: 4
[3415.570s][debug][gc,phases      ] GC(264)   ObjectSynchronizer Weak        Min:  0.0, Avg:  0.0, Max:  0.0, Diff:  0.0, Sum:  0.0, Workers: 4
[3415.570s][debug][gc,phases      ] GC(264)     Dead                           Min: 0, Avg:  0.0, Max: 0, Diff: 0, Sum: 0, Workers: 4
[3415.570s][debug][gc,phases      ] GC(264)     Total                          Min: 0, Avg: 98.8, Max: 139, Diff: 139, Sum: 395, Workers: 4
[3415.570s][debug][gc,phases      ] GC(264)   JVMTI Tag Weak OopStorage      Min:  0.0, Avg:  0.0, Max:  0.0, Diff:  0.0, Sum:  0.0, Workers: 4
[3415.570s][debug][gc,phases      ] GC(264)     Dead                           Min: 0, Avg:  0.0, Max: 0, Diff: 0, Sum: 0, Workers: 4
[3415.570s][debug][gc,phases      ] GC(264)     Total                          Min: 0, Avg:  0.0, Max: 0, Diff: 0, Sum: 0, Workers: 4
[3415.570s][debug][gc,phases      ] GC(264)   StringTable Weak               Min:  0.1, Avg:  0.1, Max:  0.1, Diff:  0.0, Sum:  0.4, Workers: 4
[3415.570s][debug][gc,phases      ] GC(264)     Dead                           Min: 0, Avg:  0.0, Max: 0, Diff: 0, Sum: 0, Workers: 4
[3415.570s][debug][gc,phases      ] GC(264)     Total                          Min: 11328, Avg: 12307.8, Max: 13248, Diff: 1920, Sum: 49231, Workers: 4
[3415.570s][debug][gc,phases      ] GC(264)   ResolvedMethodTable Weak       Min:  0.0, Avg:  0.0, Max:  0.0, Diff:  0.0, Sum:  0.1, Workers: 4
[3415.570s][debug][gc,phases      ] GC(264)     Dead                           Min: 0, Avg:  0.0, Max: 0, Diff: 0, Sum: 0, Workers: 4
[3415.570s][debug][gc,phases      ] GC(264)     Total                          Min: 1920, Avg: 2246.0, Max: 2490, Diff: 570, Sum: 8984, Workers: 4
[3415.570s][debug][gc,phases      ] GC(264)   JNI Weak                       Min:  0.0, Avg:  0.0, Max:  0.0, Diff:  0.0, Sum:  0.0, Workers: 4
[3415.570s][debug][gc,phases      ] GC(264)     Dead                           Min: 0, Avg:  0.0, Max: 0, Diff: 0, Sum: 0, Workers: 4
[3415.570s][debug][gc,phases      ] GC(264)     Total                          Min: 0, Avg:  0.0, Max: 0, Diff: 0, Sum: 0, Workers: 4
[3415.570s][debug][gc,phases      ] GC(264)   StringDedup Table Weak         Min:  0.0, Avg:  0.0, Max:  0.0, Diff:  0.0, Sum:  0.0, Workers: 4
[3415.570s][debug][gc,phases      ] GC(264)     Dead                           Min: 0, Avg:  0.0, Max: 0, Diff: 0, Sum: 0, Workers: 4
[3415.570s][debug][gc,phases      ] GC(264)     Total                          Min: 0, Avg:  0.0, Max: 0, Diff: 0, Sum: 0, Workers: 4
[3415.570s][debug][gc,phases      ] GC(264)   StringDedup Requests0 Weak     Min:  0.0, Avg:  0.0, Max:  0.0, Diff:  0.0, Sum:  0.0, Workers: 4
[3415.570s][debug][gc,phases      ] GC(264)     Dead                           Min: 0, Avg:  0.0, Max: 0, Diff: 0, Sum: 0, Workers: 4
[3415.570s][debug][gc,phases      ] GC(264)     Total                          Min: 0, Avg:  0.0, Max: 0, Diff: 0, Sum: 0, Workers: 4
[3415.570s][debug][gc,phases      ] GC(264)   StringDedup Requests1 Weak     Min:  0.0, Avg:  0.0, Max:  0.0, Diff:  0.0, Sum:  0.0, Workers: 4
[3415.570s][debug][gc,phases      ] GC(264)     Dead                           Min: 0, Avg:  0.0, Max: 0, Diff: 0, Sum: 0, Workers: 4
[3415.570s][debug][gc,phases      ] GC(264)     Total                          Min: 0, Avg:  0.0, Max: 0, Diff: 0, Sum: 0, Workers: 4
[3415.570s][debug][gc,phases      ] GC(264)   Weak JFR Old Object Samples    Min:  0.0, Avg:  0.0, Max:  0.0, Diff:  0.0, Sum:  0.0, Workers: 4
[3415.570s][debug][gc,phases      ] GC(264)     Dead                           Min: 0, Avg:  0.0, Max: 0, Diff: 0, Sum: 0, Workers: 4
[3415.570s][debug][gc,phases      ] GC(264)     Total                          Min: 0, Avg:  0.0, Max: 0, Diff: 0, Sum: 0, Workers: 4
[3415.570s][debug][gc,phases      ] GC(264) Weak Processing 0.311ms
[3415.570s][debug][gc,age         ] GC(264) Desired survivor size 34078720 bytes, new threshold 15 (max threshold 15)
[3415.570s][info ][gc,heap        ] GC(264) PSYoungGen: 2051008K(2051072K)->18368K(2063872K) Eden: 2032640K(2032640K)->0K(2030592K) From: 18368K(18432K)->18368K(33280K)
[3415.570s][info ][gc,heap        ] GC(264) ParOldGen: 634656K(740864K)->634680K(740864K)
[3415.570s][info ][gc,metaspace   ] GC(264) Metaspace: 85835K(86720K)->85835K(86720K) NonClass: 73806K(74304K)->73806K(74304K) Class: 12028K(12416K)->12028K(12416K)
[3415.570s][info ][gc             ] GC(264) Pause Young (Allocation Failure) 2622M->637M(2739M) 6.126ms
[3415.570s][info ][gc,cpu         ] GC(264) User=0.02s Sys=0.00s Real=0.00s
[3415.570s][info ][safepoint      ] Safepoint "ParallelGCFailedAllocation", Time since last: 16634855176 ns, Reaching safepoint: 94802 ns, At safepoint: 6235145 ns, Total: 6329947 ns
[3432.571s][info ][safepoint      ] Safepoint "Cleanup", Time since last: 17001189641 ns, Reaching safepoint: 55501 ns, At safepoint: 4900 ns, Total: 60401 ns
[3442.466s][info ][gc,start       ] GC(265) Pause Young (Allocation Failure)
[3442.473s][debug][gc,phases      ] GC(265) Scavenge 6.401ms
[3442.473s][debug][gc,ref         ] GC(265) Skipped phase 1 of Reference Processing: no references
[3442.473s][debug][gc,ref         ] GC(265) ReferenceProcessor::execute queues: 1, RefProcThreadModel::Single, marks_oops_alive: false
[3442.473s][debug][gc,ref         ] GC(265) Skipped phase 3 of Reference Processing: no references
[3442.473s][debug][gc,ref         ] GC(265) ReferenceProcessor::execute queues: 1, RefProcThreadModel::Single, marks_oops_alive: false
[3442.473s][debug][gc,phases      ] GC(265) Reference Processing 0.133ms
[3442.473s][debug][gc,phases      ] GC(265)   VM Weak                        Min:  0.0, Avg:  0.0, Max:  0.0, Diff:  0.0, Sum:  0.0, Workers: 4
[3442.473s][debug][gc,phases      ] GC(265)     Dead                           Min: 0, Avg:  0.0, Max: 0, Diff: 0, Sum: 0, Workers: 4
[3442.473s][debug][gc,phases      ] GC(265)     Total                          Min: 0, Avg: 189.5, Max: 758, Diff: 758, Sum: 758, Workers: 4
[3442.473s][debug][gc,phases      ] GC(265)   ObjectSynchronizer Weak        Min:  0.0, Avg:  0.0, Max:  0.0, Diff:  0.0, Sum:  0.0, Workers: 4
[3442.473s][debug][gc,phases      ] GC(265)     Dead                           Min: 0, Avg:  0.0, Max: 0, Diff: 0, Sum: 0, Workers: 4
[3442.473s][debug][gc,phases      ] GC(265)     Total                          Min: 0, Avg: 98.8, Max: 192, Diff: 192, Sum: 395, Workers: 4
[3442.473s][debug][gc,phases      ] GC(265)   JVMTI Tag Weak OopStorage      Min:  0.0, Avg:  0.0, Max:  0.0, Diff:  0.0, Sum:  0.0, Workers: 4
[3442.473s][debug][gc,phases      ] GC(265)     Dead                           Min: 0, Avg:  0.0, Max: 0, Diff: 0, Sum: 0, Workers: 4
[3442.473s][debug][gc,phases      ] GC(265)     Total                          Min: 0, Avg:  0.0, Max: 0, Diff: 0, Sum: 0, Workers: 4
[3442.473s][debug][gc,phases      ] GC(265)   StringTable Weak               Min:  0.1, Avg:  0.1, Max:  0.1, Diff:  0.0, Sum:  0.4, Workers: 4
[3442.473s][debug][gc,phases      ] GC(265)     Dead                           Min: 0, Avg:  0.0, Max: 0, Diff: 0, Sum: 0, Workers: 4
[3442.473s][debug][gc,phases      ] GC(265)     Total                          Min: 11727, Avg: 12307.8, Max: 13056, Diff: 1329, Sum: 49231, Workers: 4
[3442.473s][debug][gc,phases      ] GC(265)   ResolvedMethodTable Weak       Min:  0.0, Avg:  0.0, Max:  0.0, Diff:  0.0, Sum:  0.1, Workers: 4
[3442.473s][debug][gc,phases      ] GC(265)     Dead                           Min: 0, Avg:  0.0, Max: 0, Diff: 0, Sum: 0, Workers: 4
[3442.473s][debug][gc,phases      ] GC(265)     Total                          Min: 2112, Avg: 2246.0, Max: 2522, Diff: 410, Sum: 8984, Workers: 4
[3442.473s][debug][gc,phases      ] GC(265)   JNI Weak                       Min:  0.0, Avg:  0.0, Max:  0.0, Diff:  0.0, Sum:  0.0, Workers: 4
[3442.473s][debug][gc,phases      ] GC(265)     Dead                           Min: 0, Avg:  0.0, Max: 0, Diff: 0, Sum: 0, Workers: 4
[3442.473s][debug][gc,phases      ] GC(265)     Total                          Min: 0, Avg:  0.0, Max: 0, Diff: 0, Sum: 0, Workers: 4
[3442.473s][debug][gc,phases      ] GC(265)   StringDedup Table Weak         Min:  0.0, Avg:  0.0, Max:  0.0, Diff:  0.0, Sum:  0.0, Workers: 4
[3442.473s][debug][gc,phases      ] GC(265)     Dead                           Min: 0, Avg:  0.0, Max: 0, Diff: 0, Sum: 0, Workers: 4
[3442.473s][debug][gc,phases      ] GC(265)     Total                          Min: 0, Avg:  0.0, Max: 0, Diff: 0, Sum: 0, Workers: 4
[3442.473s][debug][gc,phases      ] GC(265)   StringDedup Requests0 Weak     Min:  0.0, Avg:  0.0, Max:  0.0, Diff:  0.0, Sum:  0.0, Workers: 4
[3442.473s][debug][gc,phases      ] GC(265)     Dead                           Min: 0, Avg:  0.0, Max: 0, Diff: 0, Sum: 0, Workers: 4
[3442.473s][debug][gc,phases      ] GC(265)     Total                          Min: 0, Avg:  0.0, Max: 0, Diff: 0, Sum: 0, Workers: 4
[3442.473s][debug][gc,phases      ] GC(265)   StringDedup Requests1 Weak     Min:  0.0, Avg:  0.0, Max:  0.0, Diff:  0.0, Sum:  0.0, Workers: 4
[3442.473s][debug][gc,phases      ] GC(265)     Dead                           Min: 0, Avg:  0.0, Max: 0, Diff: 0, Sum: 0, Workers: 4
[3442.473s][debug][gc,phases      ] GC(265)     Total                          Min: 0, Avg:  0.0, Max: 0, Diff: 0, Sum: 0, Workers: 4
[3442.473s][debug][gc,phases      ] GC(265)   Weak JFR Old Object Samples    Min:  0.0, Avg:  0.0, Max:  0.0, Diff:  0.0, Sum:  0.0, Workers: 4
[3442.473s][debug][gc,phases      ] GC(265)     Dead                           Min: 0, Avg:  0.0, Max: 0, Diff: 0, Sum: 0, Workers: 4
[3442.473s][debug][gc,phases      ] GC(265)     Total                          Min: 0, Avg:  0.0, Max: 0, Diff: 0, Sum: 0, Workers: 4
[3442.473s][debug][gc,phases      ] GC(265) Weak Processing 0.378ms
[3442.473s][debug][gc,age         ] GC(265) Desired survivor size 34603008 bytes, new threshold 15 (max threshold 15)
[3442.473s][info ][gc,heap        ] GC(265) PSYoungGen: 2048960K(2063872K)->18320K(2049024K) Eden: 2030592K(2030592K)->0K(2030592K) From: 18368K(33280K)->18320K(18432K)
[3442.473s][info ][gc,heap        ] GC(265) ParOldGen: 634680K(740864K)->634696K(740864K)
[3442.473s][info ][gc,metaspace   ] GC(265) Metaspace: 85836K(86720K)->85836K(86720K) NonClass: 73808K(74304K)->73808K(74304K) Class: 12028K(12416K)->12028K(12416K)
[3442.473s][info ][gc             ] GC(265) Pause Young (Allocation Failure) 2620M->637M(2724M) 7.076ms
[3442.473s][info ][gc,cpu         ] GC(265) User=0.03s Sys=0.00s Real=0.01s
[3442.473s][info ][safepoint      ] Safepoint "ParallelGCFailedAllocation", Time since last: 9894878290 ns, Reaching safepoint: 49301 ns, At safepoint: 7179167 ns, Total: 7228468 ns
[3467.746s][info ][gc,start       ] GC(266) Pause Young (Allocation Failure)
[3467.752s][debug][gc,phases      ] GC(266) Scavenge 5.973ms
[3467.752s][debug][gc,ref         ] GC(266) Skipped phase 1 of Reference Processing: no references
[3467.752s][debug][gc,ref         ] GC(266) ReferenceProcessor::execute queues: 1, RefProcThreadModel::Single, marks_oops_alive: false
[3467.752s][debug][gc,ref         ] GC(266) Skipped phase 3 of Reference Processing: no references
[3467.752s][debug][gc,ref         ] GC(266) ReferenceProcessor::execute queues: 1, RefProcThreadModel::Single, marks_oops_alive: false
[3467.752s][debug][gc,phases      ] GC(266) Reference Processing 0.104ms
[3467.752s][debug][gc,phases      ] GC(266)   VM Weak                        Min:  0.0, Avg:  0.0, Max:  0.0, Diff:  0.0, Sum:  0.0, Workers: 4
[3467.752s][debug][gc,phases      ] GC(266)     Dead                           Min: 0, Avg:  0.0, Max: 0, Diff: 0, Sum: 0, Workers: 4
[3467.752s][debug][gc,phases      ] GC(266)     Total                          Min: 0, Avg: 189.5, Max: 512, Diff: 512, Sum: 758, Workers: 4
[3467.752s][debug][gc,phases      ] GC(266)   ObjectSynchronizer Weak        Min:  0.0, Avg:  0.0, Max:  0.0, Diff:  0.0, Sum:  0.0, Workers: 4
[3467.752s][debug][gc,phases      ] GC(266)     Dead                           Min: 0, Avg:  0.0, Max: 0, Diff: 0, Sum: 0, Workers: 4
[3467.752s][debug][gc,phases      ] GC(266)     Total                          Min: 0, Avg: 98.8, Max: 192, Diff: 192, Sum: 395, Workers: 4
[3467.752s][debug][gc,phases      ] GC(266)   JVMTI Tag Weak OopStorage      Min:  0.0, Avg:  0.0, Max:  0.0, Diff:  0.0, Sum:  0.0, Workers: 4
[3467.752s][debug][gc,phases      ] GC(266)     Dead                           Min: 0, Avg:  0.0, Max: 0, Diff: 0, Sum: 0, Workers: 4
[3467.752s][debug][gc,phases      ] GC(266)     Total                          Min: 0, Avg:  0.0, Max: 0, Diff: 0, Sum: 0, Workers: 4
[3467.752s][debug][gc,phases      ] GC(266)   StringTable Weak               Min:  0.1, Avg:  0.1, Max:  0.1, Diff:  0.0, Sum:  0.4, Workers: 4
[3467.752s][debug][gc,phases      ] GC(266)     Dead                           Min: 0, Avg:  0.0, Max: 0, Diff: 0, Sum: 0, Workers: 4
[3467.752s][debug][gc,phases      ] GC(266)     Total                          Min: 11904, Avg: 12307.8, Max: 12751, Diff: 847, Sum: 49231, Workers: 4
[3467.752s][debug][gc,phases      ] GC(266)   ResolvedMethodTable Weak       Min:  0.0, Avg:  0.0, Max:  0.0, Diff:  0.0, Sum:  0.1, Workers: 4
[3467.752s][debug][gc,phases      ] GC(266)     Dead                           Min: 0, Avg:  0.0, Max: 0, Diff: 0, Sum: 0, Workers: 4
[3467.752s][debug][gc,phases      ] GC(266)     Total                          Min: 2144, Avg: 2246.0, Max: 2490, Diff: 346, Sum: 8984, Workers: 4
[3467.752s][debug][gc,phases      ] GC(266)   JNI Weak                       Min:  0.0, Avg:  0.0, Max:  0.0, Diff:  0.0, Sum:  0.0, Workers: 4
[3467.752s][debug][gc,phases      ] GC(266)     Dead                           Min: 0, Avg:  0.0, Max: 0, Diff: 0, Sum: 0, Workers: 4
[3467.752s][debug][gc,phases      ] GC(266)     Total                          Min: 0, Avg:  0.0, Max: 0, Diff: 0, Sum: 0, Workers: 4
[3467.752s][debug][gc,phases      ] GC(266)   StringDedup Table Weak         Min:  0.0, Avg:  0.0, Max:  0.0, Diff:  0.0, Sum:  0.0, Workers: 4
[3467.752s][debug][gc,phases      ] GC(266)     Dead                           Min: 0, Avg:  0.0, Max: 0, Diff: 0, Sum: 0, Workers: 4
[3467.752s][debug][gc,phases      ] GC(266)     Total                          Min: 0, Avg:  0.0, Max: 0, Diff: 0, Sum: 0, Workers: 4
[3467.752s][debug][gc,phases      ] GC(266)   StringDedup Requests0 Weak     Min:  0.0, Avg:  0.0, Max:  0.0, Diff:  0.0, Sum:  0.0, Workers: 4
[3467.752s][debug][gc,phases      ] GC(266)     Dead                           Min: 0, Avg:  0.0, Max: 0, Diff: 0, Sum: 0, Workers: 4
[3467.752s][debug][gc,phases      ] GC(266)     Total                          Min: 0, Avg:  0.0, Max: 0, Diff: 0, Sum: 0, Workers: 4
[3467.752s][debug][gc,phases      ] GC(266)   StringDedup Requests1 Weak     Min:  0.0, Avg:  0.0, Max:  0.0, Diff:  0.0, Sum:  0.0, Workers: 4
[3467.752s][debug][gc,phases      ] GC(266)     Dead                           Min: 0, Avg:  0.0, Max: 0, Diff: 0, Sum: 0, Workers: 4
[3467.752s][debug][gc,phases      ] GC(266)     Total                          Min: 0, Avg:  0.0, Max: 0, Diff: 0, Sum: 0, Workers: 4
[3467.752s][debug][gc,phases      ] GC(266)   Weak JFR Old Object Samples    Min:  0.0, Avg:  0.0, Max:  0.0, Diff:  0.0, Sum:  0.0, Workers: 4
[3467.752s][debug][gc,phases      ] GC(266)     Dead                           Min: 0, Avg:  0.0, Max: 0, Diff: 0, Sum: 0, Workers: 4
[3467.752s][debug][gc,phases      ] GC(266)     Total                          Min: 0, Avg:  0.0, Max: 0, Diff: 0, Sum: 0, Workers: 4
[3467.752s][debug][gc,phases      ] GC(266) Weak Processing 0.309ms
[3467.752s][debug][gc,age         ] GC(266) Desired survivor size 34603008 bytes, new threshold 15 (max threshold 15)
[3467.752s][info ][gc,heap        ] GC(266) PSYoungGen: 2048912K(2049024K)->18288K(2063360K) Eden: 2030592K(2030592K)->0K(2029568K) From: 18320K(18432K)->18288K(33792K)
[3467.752s][info ][gc,heap        ] GC(266) ParOldGen: 634696K(740864K)->634728K(740864K)
[3467.752s][info ][gc,metaspace   ] GC(266) Metaspace: 85836K(86720K)->85836K(86720K) NonClass: 73808K(74304K)->73808K(74304K) Class: 12028K(12416K)->12028K(12416K)
[3467.752s][info ][gc             ] GC(266) Pause Young (Allocation Failure) 2620M->637M(2738M) 6.502ms
[3467.752s][info ][gc,cpu         ] GC(266) User=0.02s Sys=0.00s Real=0.01s
[3467.752s][info ][safepoint      ] Safepoint "ParallelGCFailedAllocation", Time since last: 25272511343 ns, Reaching safepoint: 129403 ns, At safepoint: 6587254 ns, Total: 6716657 ns
[3493.793s][info ][gc,start       ] GC(267) Pause Young (Allocation Failure)
[3493.799s][debug][gc,phases      ] GC(267) Scavenge 5.811ms
[3493.799s][debug][gc,ref         ] GC(267) Skipped phase 1 of Reference Processing: no references
[3493.799s][debug][gc,ref         ] GC(267) ReferenceProcessor::execute queues: 1, RefProcThreadModel::Single, marks_oops_alive: false
[3493.799s][debug][gc,ref         ] GC(267) Skipped phase 3 of Reference Processing: no references
[3493.799s][debug][gc,ref         ] GC(267) ReferenceProcessor::execute queues: 1, RefProcThreadModel::Single, marks_oops_alive: false
[3493.799s][debug][gc,phases      ] GC(267) Reference Processing 0.118ms
[3493.799s][debug][gc,phases      ] GC(267)   VM Weak                        Min:  0.0, Avg:  0.0, Max:  0.0, Diff:  0.0, Sum:  0.0, Workers: 4
[3493.799s][debug][gc,phases      ] GC(267)     Dead                           Min: 0, Avg:  0.0, Max: 0, Diff: 0, Sum: 0, Workers: 4
[3493.799s][debug][gc,phases      ] GC(267)     Total                          Min: 0, Avg: 189.5, Max: 512, Diff: 512, Sum: 758, Workers: 4
[3493.799s][debug][gc,phases      ] GC(267)   ObjectSynchronizer Weak        Min:  0.0, Avg:  0.0, Max:  0.0, Diff:  0.0, Sum:  0.0, Workers: 4
[3493.799s][debug][gc,phases      ] GC(267)     Dead                           Min: 0, Avg:  0.0, Max: 0, Diff: 0, Sum: 0, Workers: 4
[3493.799s][debug][gc,phases      ] GC(267)     Total                          Min: 0, Avg: 98.8, Max: 192, Diff: 192, Sum: 395, Workers: 4
[3493.799s][debug][gc,phases      ] GC(267)   JVMTI Tag Weak OopStorage      Min:  0.0, Avg:  0.0, Max:  0.0, Diff:  0.0, Sum:  0.0, Workers: 4
[3493.799s][debug][gc,phases      ] GC(267)     Dead                           Min: 0, Avg:  0.0, Max: 0, Diff: 0, Sum: 0, Workers: 4
[3493.799s][debug][gc,phases      ] GC(267)     Total                          Min: 0, Avg:  0.0, Max: 0, Diff: 0, Sum: 0, Workers: 4
[3493.799s][debug][gc,phases      ] GC(267)   StringTable Weak               Min:  0.1, Avg:  0.1, Max:  0.1, Diff:  0.0, Sum:  0.4, Workers: 4
[3493.799s][debug][gc,phases      ] GC(267)     Dead                           Min: 0, Avg:  0.0, Max: 0, Diff: 0, Sum: 0, Workers: 4
[3493.799s][debug][gc,phases      ] GC(267)     Total                          Min: 11791, Avg: 12307.8, Max: 12800, Diff: 1009, Sum: 49231, Workers: 4
[3493.799s][debug][gc,phases      ] GC(267)   ResolvedMethodTable Weak       Min:  0.0, Avg:  0.0, Max:  0.0, Diff:  0.0, Sum:  0.1, Workers: 4
[3493.799s][debug][gc,phases      ] GC(267)     Dead                           Min: 0, Avg:  0.0, Max: 0, Diff: 0, Sum: 0, Workers: 4
[3493.799s][debug][gc,phases      ] GC(267)     Total                          Min: 1723, Avg: 2246.0, Max: 2463, Diff: 740, Sum: 8984, Workers: 4
[3493.799s][debug][gc,phases      ] GC(267)   JNI Weak                       Min:  0.0, Avg:  0.0, Max:  0.0, Diff:  0.0, Sum:  0.0, Workers: 4
[3493.799s][debug][gc,phases      ] GC(267)     Dead                           Min: 0, Avg:  0.0, Max: 0, Diff: 0, Sum: 0, Workers: 4
[3493.799s][debug][gc,phases      ] GC(267)     Total                          Min: 0, Avg:  0.0, Max: 0, Diff: 0, Sum: 0, Workers: 4
[3493.799s][debug][gc,phases      ] GC(267)   StringDedup Table Weak         Min:  0.0, Avg:  0.0, Max:  0.0, Diff:  0.0, Sum:  0.0, Workers: 4
[3493.799s][debug][gc,phases      ] GC(267)     Dead                           Min: 0, Avg:  0.0, Max: 0, Diff: 0, Sum: 0, Workers: 4
[3493.799s][debug][gc,phases      ] GC(267)     Total                          Min: 0, Avg:  0.0, Max: 0, Diff: 0, Sum: 0, Workers: 4
[3493.799s][debug][gc,phases      ] GC(267)   StringDedup Requests0 Weak     Min:  0.0, Avg:  0.0, Max:  0.0, Diff:  0.0, Sum:  0.0, Workers: 4
[3493.799s][debug][gc,phases      ] GC(267)     Dead                           Min: 0, Avg:  0.0, Max: 0, Diff: 0, Sum: 0, Workers: 4
[3493.799s][debug][gc,phases      ] GC(267)     Total                          Min: 0, Avg:  0.0, Max: 0, Diff: 0, Sum: 0, Workers: 4
[3493.799s][debug][gc,phases      ] GC(267)   StringDedup Requests1 Weak     Min:  0.0, Avg:  0.0, Max:  0.0, Diff:  0.0, Sum:  0.0, Workers: 4
[3493.799s][debug][gc,phases      ] GC(267)     Dead                           Min: 0, Avg:  0.0, Max: 0, Diff: 0, Sum: 0, Workers: 4
[3493.799s][debug][gc,phases      ] GC(267)     Total                          Min: 0, Avg:  0.0, Max: 0, Diff: 0, Sum: 0, Workers: 4
[3493.799s][debug][gc,phases      ] GC(267)   Weak JFR Old Object Samples    Min:  0.0, Avg:  0.0, Max:  0.0, Diff:  0.0, Sum:  0.0, Workers: 4
[3493.799s][debug][gc,phases      ] GC(267)     Dead                           Min: 0, Avg:  0.0, Max: 0, Diff: 0, Sum: 0, Workers: 4
[3493.799s][debug][gc,phases      ] GC(267)     Total                          Min: 0, Avg:  0.0, Max: 0, Diff: 0, Sum: 0, Workers: 4
[3493.799s][debug][gc,phases      ] GC(267) Weak Processing 0.308ms
[3493.799s][debug][gc,age         ] GC(267) Desired survivor size 34603008 bytes, new threshold 15 (max threshold 15)
[3493.799s][info ][gc,heap        ] GC(267) PSYoungGen: 2047856K(2063360K)->18320K(2063360K) Eden: 2029568K(2029568K)->0K(2029568K) From: 18288K(33792K)->18320K(33792K)
[3493.799s][info ][gc,heap        ] GC(267) ParOldGen: 634728K(740864K)->634752K(740864K)
[3493.799s][info ][gc,metaspace   ] GC(267) Metaspace: 85838K(86720K)->85838K(86720K) NonClass: 73810K(74304K)->73810K(74304K) Class: 12028K(12416K)->12028K(12416K)
[3493.799s][info ][gc             ] GC(267) Pause Young (Allocation Failure) 2619M->637M(2738M) 6.368ms
[3493.799s][info ][gc,cpu         ] GC(267) User=0.02s Sys=0.00s Real=0.00s
[3493.799s][info ][safepoint      ] Safepoint "ParallelGCFailedAllocation", Time since last: 26040379223 ns, Reaching safepoint: 113703 ns, At safepoint: 6459751 ns, Total: 6573454 ns
[3520.842s][info ][gc,start       ] GC(268) Pause Young (Allocation Failure)
[3520.848s][debug][gc,phases      ] GC(268) Scavenge 5.884ms
[3520.848s][debug][gc,ref         ] GC(268) Skipped phase 1 of Reference Processing: no references
[3520.848s][debug][gc,ref         ] GC(268) ReferenceProcessor::execute queues: 1, RefProcThreadModel::Single, marks_oops_alive: false
[3520.848s][debug][gc,ref         ] GC(268) Skipped phase 3 of Reference Processing: no references
[3520.848s][debug][gc,ref         ] GC(268) ReferenceProcessor::execute queues: 1, RefProcThreadModel::Single, marks_oops_alive: false
[3520.848s][debug][gc,phases      ] GC(268) Reference Processing 0.106ms
[3520.848s][debug][gc,phases      ] GC(268)   VM Weak                        Min:  0.0, Avg:  0.0, Max:  0.0, Diff:  0.0, Sum:  0.0, Workers: 4
[3520.848s][debug][gc,phases      ] GC(268)     Dead                           Min: 0, Avg:  0.0, Max: 0, Diff: 0, Sum: 0, Workers: 4
[3520.848s][debug][gc,phases      ] GC(268)     Total                          Min: 0, Avg: 189.5, Max: 320, Diff: 320, Sum: 758, Workers: 4
[3520.848s][debug][gc,phases      ] GC(268)   ObjectSynchronizer Weak        Min:  0.0, Avg:  0.0, Max:  0.0, Diff:  0.0, Sum:  0.0, Workers: 4
[3520.848s][debug][gc,phases      ] GC(268)     Dead                           Min: 0, Avg:  0.0, Max: 0, Diff: 0, Sum: 0, Workers: 4
[3520.848s][debug][gc,phases      ] GC(268)     Total                          Min: 0, Avg: 98.8, Max: 192, Diff: 192, Sum: 395, Workers: 4
[3520.848s][debug][gc,phases      ] GC(268)   JVMTI Tag Weak OopStorage      Min:  0.0, Avg:  0.0, Max:  0.0, Diff:  0.0, Sum:  0.0, Workers: 4
[3520.848s][debug][gc,phases      ] GC(268)     Dead                           Min: 0, Avg:  0.0, Max: 0, Diff: 0, Sum: 0, Workers: 4
[3520.848s][debug][gc,phases      ] GC(268)     Total                          Min: 0, Avg:  0.0, Max: 0, Diff: 0, Sum: 0, Workers: 4
[3520.848s][debug][gc,phases      ] GC(268)   StringTable Weak               Min:  0.1, Avg:  0.1, Max:  0.1, Diff:  0.0, Sum:  0.5, Workers: 4
[3520.848s][debug][gc,phases      ] GC(268)     Dead                           Min: 0, Avg:  0.0, Max: 0, Diff: 0, Sum: 0, Workers: 4
[3520.848s][debug][gc,phases      ] GC(268)     Total                          Min: 11840, Avg: 12307.8, Max: 12687, Diff: 847, Sum: 49231, Workers: 4
[3520.848s][debug][gc,phases      ] GC(268)   ResolvedMethodTable Weak       Min:  0.0, Avg:  0.0, Max:  0.0, Diff:  0.0, Sum:  0.1, Workers: 4
[3520.848s][debug][gc,phases      ] GC(268)     Dead                           Min: 0, Avg:  0.0, Max: 0, Diff: 0, Sum: 0, Workers: 4
[3520.848s][debug][gc,phases      ] GC(268)     Total                          Min: 2080, Avg: 2246.0, Max: 2490, Diff: 410, Sum: 8984, Workers: 4
[3520.848s][debug][gc,phases      ] GC(268)   JNI Weak                       Min:  0.0, Avg:  0.0, Max:  0.0, Diff:  0.0, Sum:  0.0, Workers: 4
[3520.848s][debug][gc,phases      ] GC(268)     Dead                           Min: 0, Avg:  0.0, Max: 0, Diff: 0, Sum: 0, Workers: 4
[3520.848s][debug][gc,phases      ] GC(268)     Total                          Min: 0, Avg:  0.0, Max: 0, Diff: 0, Sum: 0, Workers: 4
[3520.848s][debug][gc,phases      ] GC(268)   StringDedup Table Weak         Min:  0.0, Avg:  0.0, Max:  0.0, Diff:  0.0, Sum:  0.0, Workers: 4
[3520.848s][debug][gc,phases      ] GC(268)     Dead                           Min: 0, Avg:  0.0, Max: 0, Diff: 0, Sum: 0, Workers: 4
[3520.848s][debug][gc,phases      ] GC(268)     Total                          Min: 0, Avg:  0.0, Max: 0, Diff: 0, Sum: 0, Workers: 4
[3520.848s][debug][gc,phases      ] GC(268)   StringDedup Requests0 Weak     Min:  0.0, Avg:  0.0, Max:  0.0, Diff:  0.0, Sum:  0.0, Workers: 4
[3520.848s][debug][gc,phases      ] GC(268)     Dead                           Min: 0, Avg:  0.0, Max: 0, Diff: 0, Sum: 0, Workers: 4
[3520.848s][debug][gc,phases      ] GC(268)     Total                          Min: 0, Avg:  0.0, Max: 0, Diff: 0, Sum: 0, Workers: 4
[3520.848s][debug][gc,phases      ] GC(268)   StringDedup Requests1 Weak     Min:  0.0, Avg:  0.0, Max:  0.0, Diff:  0.0, Sum:  0.0, Workers: 4
[3520.848s][debug][gc,phases      ] GC(268)     Dead                           Min: 0, Avg:  0.0, Max: 0, Diff: 0, Sum: 0, Workers: 4
[3520.848s][debug][gc,phases      ] GC(268)     Total                          Min: 0, Avg:  0.0, Max: 0, Diff: 0, Sum: 0, Workers: 4
[3520.848s][debug][gc,phases      ] GC(268)   Weak JFR Old Object Samples    Min:  0.0, Avg:  0.0, Max:  0.0, Diff:  0.0, Sum:  0.0, Workers: 4
[3520.848s][debug][gc,phases      ] GC(268)     Dead                           Min: 0, Avg:  0.0, Max: 0, Diff: 0, Sum: 0, Workers: 4
[3520.848s][debug][gc,phases      ] GC(268)     Total                          Min: 0, Avg:  0.0, Max: 0, Diff: 0, Sum: 0, Workers: 4
[3520.848s][debug][gc,phases      ] GC(268) Weak Processing 0.319ms
[3520.848s][debug][gc,age         ] GC(268) Desired survivor size 34078720 bytes, new threshold 15 (max threshold 15)
[3520.848s][info ][gc,heap        ] GC(268) PSYoungGen: 2047888K(2063360K)->18416K(2063872K) Eden: 2029568K(2029568K)->0K(2030080K) From: 18320K(33792K)->18416K(33792K)
[3520.848s][info ][gc,heap        ] GC(268) ParOldGen: 634752K(740864K)->634776K(740864K)
[3520.848s][info ][gc,metaspace   ] GC(268) Metaspace: 85838K(86720K)->85838K(86720K) NonClass: 73810K(74304K)->73810K(74304K) Class: 12028K(12416K)->12028K(12416K)
[3520.848s][info ][gc             ] GC(268) Pause Young (Allocation Failure) 2619M->637M(2739M) 6.427ms
[3520.848s][info ][gc,cpu         ] GC(268) User=0.02s Sys=0.00s Real=0.01s
[3520.848s][info ][safepoint      ] Safepoint "ParallelGCFailedAllocation", Time since last: 27042419383 ns, Reaching safepoint: 63401 ns, At safepoint: 6541253 ns, Total: 6604654 ns
[3533.849s][info ][safepoint      ] Safepoint "Cleanup", Time since last: 13000787483 ns, Reaching safepoint: 51301 ns, At safepoint: 8801 ns, Total: 60102 ns
[3548.048s][info ][gc,start       ] GC(269) Pause Young (Allocation Failure)
[3548.053s][debug][gc,phases      ] GC(269) Scavenge 5.255ms
[3548.053s][debug][gc,ref         ] GC(269) Skipped phase 1 of Reference Processing: no references
[3548.053s][debug][gc,ref         ] GC(269) ReferenceProcessor::execute queues: 1, RefProcThreadModel::Single, marks_oops_alive: false
[3548.053s][debug][gc,ref         ] GC(269) Skipped phase 3 of Reference Processing: no references
[3548.053s][debug][gc,ref         ] GC(269) ReferenceProcessor::execute queues: 1, RefProcThreadModel::Single, marks_oops_alive: false
[3548.053s][debug][gc,phases      ] GC(269) Reference Processing 0.105ms
[3548.054s][debug][gc,phases      ] GC(269)   VM Weak                        Min:  0.0, Avg:  0.0, Max:  0.0, Diff:  0.0, Sum:  0.0, Workers: 4
[3548.054s][debug][gc,phases      ] GC(269)     Dead                           Min: 0, Avg:  0.0, Max: 0, Diff: 0, Sum: 0, Workers: 4
[3548.054s][debug][gc,phases      ] GC(269)     Total                          Min: 0, Avg: 189.5, Max: 758, Diff: 758, Sum: 758, Workers: 4
[3548.054s][debug][gc,phases      ] GC(269)   ObjectSynchronizer Weak        Min:  0.0, Avg:  0.0, Max:  0.0, Diff:  0.0, Sum:  0.0, Workers: 4
[3548.054s][debug][gc,phases      ] GC(269)     Dead                           Min: 0, Avg:  0.0, Max: 0, Diff: 0, Sum: 0, Workers: 4
[3548.054s][debug][gc,phases      ] GC(269)     Total                          Min: 0, Avg: 98.8, Max: 203, Diff: 203, Sum: 395, Workers: 4
[3548.054s][debug][gc,phases      ] GC(269)   JVMTI Tag Weak OopStorage      Min:  0.0, Avg:  0.0, Max:  0.0, Diff:  0.0, Sum:  0.0, Workers: 4
[3548.054s][debug][gc,phases      ] GC(269)     Dead                           Min: 0, Avg:  0.0, Max: 0, Diff: 0, Sum: 0, Workers: 4
[3548.054s][debug][gc,phases      ] GC(269)     Total                          Min: 0, Avg:  0.0, Max: 0, Diff: 0, Sum: 0, Workers: 4
[3548.054s][debug][gc,phases      ] GC(269)   StringTable Weak               Min:  0.1, Avg:  0.1, Max:  0.1, Diff:  0.0, Sum:  0.4, Workers: 4
[3548.054s][debug][gc,phases      ] GC(269)     Dead                           Min: 0, Avg:  0.0, Max: 0, Diff: 0, Sum: 0, Workers: 4
[3548.054s][debug][gc,phases      ] GC(269)     Total                          Min: 8960, Avg: 12307.8, Max: 15311, Diff: 6351, Sum: 49231, Workers: 4
[3548.054s][debug][gc,phases      ] GC(269)   ResolvedMethodTable Weak       Min:  0.0, Avg:  0.0, Max:  0.0, Diff:  0.0, Sum:  0.1, Workers: 4
[3548.054s][debug][gc,phases      ] GC(269)     Dead                           Min: 0, Avg:  0.0, Max: 0, Diff: 0, Sum: 0, Workers: 4
[3548.054s][debug][gc,phases      ] GC(269)     Total                          Min: 2110, Avg: 2246.0, Max: 2522, Diff: 412, Sum: 8984, Workers: 4
[3548.054s][debug][gc,phases      ] GC(269)   JNI Weak                       Min:  0.0, Avg:  0.0, Max:  0.0, Diff:  0.0, Sum:  0.0, Workers: 4
[3548.054s][debug][gc,phases      ] GC(269)     Dead                           Min: 0, Avg:  0.0, Max: 0, Diff: 0, Sum: 0, Workers: 4
[3548.054s][debug][gc,phases      ] GC(269)     Total                          Min: 0, Avg:  0.0, Max: 0, Diff: 0, Sum: 0, Workers: 4
[3548.054s][debug][gc,phases      ] GC(269)   StringDedup Table Weak         Min:  0.0, Avg:  0.0, Max:  0.0, Diff:  0.0, Sum:  0.0, Workers: 4
[3548.054s][debug][gc,phases      ] GC(269)     Dead                           Min: 0, Avg:  0.0, Max: 0, Diff: 0, Sum: 0, Workers: 4
[3548.054s][debug][gc,phases      ] GC(269)     Total                          Min: 0, Avg:  0.0, Max: 0, Diff: 0, Sum: 0, Workers: 4
[3548.054s][debug][gc,phases      ] GC(269)   StringDedup Requests0 Weak     Min:  0.0, Avg:  0.0, Max:  0.0, Diff:  0.0, Sum:  0.0, Workers: 4
[3548.054s][debug][gc,phases      ] GC(269)     Dead                           Min: 0, Avg:  0.0, Max: 0, Diff: 0, Sum: 0, Workers: 4
[3548.054s][debug][gc,phases      ] GC(269)     Total                          Min: 0, Avg:  0.0, Max: 0, Diff: 0, Sum: 0, Workers: 4
[3548.054s][debug][gc,phases      ] GC(269)   StringDedup Requests1 Weak     Min:  0.0, Avg:  0.0, Max:  0.0, Diff:  0.0, Sum:  0.0, Workers: 4
[3548.054s][debug][gc,phases      ] GC(269)     Dead                           Min: 0, Avg:  0.0, Max: 0, Diff: 0, Sum: 0, Workers: 4
[3548.054s][debug][gc,phases      ] GC(269)     Total                          Min: 0, Avg:  0.0, Max: 0, Diff: 0, Sum: 0, Workers: 4
[3548.054s][debug][gc,phases      ] GC(269)   Weak JFR Old Object Samples    Min:  0.0, Avg:  0.0, Max:  0.0, Diff:  0.0, Sum:  0.0, Workers: 4
[3548.054s][debug][gc,phases      ] GC(269)     Dead                           Min: 0, Avg:  0.0, Max: 0, Diff: 0, Sum: 0, Workers: 4
[3548.054s][debug][gc,phases      ] GC(269)     Total                          Min: 0, Avg:  0.0, Max: 0, Diff: 0, Sum: 0, Workers: 4
[3548.054s][debug][gc,phases      ] GC(269) Weak Processing 0.323ms
[3548.054s][debug][gc,age         ] GC(269) Desired survivor size 33554432 bytes, new threshold 15 (max threshold 15)
[3548.054s][info ][gc,heap        ] GC(269) PSYoungGen: 2048496K(2063872K)->18320K(2063360K) Eden: 2030080K(2030080K)->0K(2030080K) From: 18416K(33792K)->18320K(33280K)
[3548.054s][info ][gc,heap        ] GC(269) ParOldGen: 634776K(740864K)->634784K(740864K)
[3548.054s][info ][gc,metaspace   ] GC(269) Metaspace: 85840K(86720K)->85840K(86720K) NonClass: 73812K(74304K)->73812K(74304K) Class: 12028K(12416K)->12028K(12416K)
[3548.054s][info ][gc             ] GC(269) Pause Young (Allocation Failure) 2620M->637M(2738M) 5.816ms
[3548.054s][info ][gc,cpu         ] GC(269) User=0.02s Sys=0.00s Real=0.01s
[3548.054s][info ][safepoint      ] Safepoint "ParallelGCFailedAllocation", Time since last: 14198671631 ns, Reaching safepoint: 48501 ns, At safepoint: 5933739 ns, Total: 5982240 ns
[3562.055s][info ][safepoint      ] Safepoint "Cleanup", Time since last: 14000887777 ns, Reaching safepoint: 45901 ns, At safepoint: 9700 ns, Total: 55601 ns
[3573.056s][info ][safepoint      ] Safepoint "Cleanup", Time since last: 11000790316 ns, Reaching safepoint: 45101 ns, At safepoint: 2500 ns, Total: 47601 ns
[3575.573s][info ][gc,start       ] GC(270) Pause Young (Allocation Failure)
[3575.579s][debug][gc,phases      ] GC(270) Scavenge 5.473ms
[3575.579s][debug][gc,ref         ] GC(270) Skipped phase 1 of Reference Processing: no references
[3575.579s][debug][gc,ref         ] GC(270) ReferenceProcessor::execute queues: 1, RefProcThreadModel::Single, marks_oops_alive: false
[3575.579s][debug][gc,ref         ] GC(270) Skipped phase 3 of Reference Processing: no references
[3575.579s][debug][gc,ref         ] GC(270) ReferenceProcessor::execute queues: 1, RefProcThreadModel::Single, marks_oops_alive: false
[3575.579s][debug][gc,phases      ] GC(270) Reference Processing 0.109ms
[3575.579s][debug][gc,phases      ] GC(270)   VM Weak                        Min:  0.0, Avg:  0.0, Max:  0.0, Diff:  0.0, Sum:  0.0, Workers: 4
[3575.579s][debug][gc,phases      ] GC(270)     Dead                           Min: 0, Avg:  0.0, Max: 0, Diff: 0, Sum: 0, Workers: 4
[3575.579s][debug][gc,phases      ] GC(270)     Total                          Min: 0, Avg: 189.5, Max: 512, Diff: 512, Sum: 758, Workers: 4
[3575.579s][debug][gc,phases      ] GC(270)   ObjectSynchronizer Weak        Min:  0.0, Avg:  0.0, Max:  0.0, Diff:  0.0, Sum:  0.0, Workers: 4
[3575.579s][debug][gc,phases      ] GC(270)     Dead                           Min: 0, Avg:  0.0, Max: 0, Diff: 0, Sum: 0, Workers: 4
[3575.579s][debug][gc,phases      ] GC(270)     Total                          Min: 0, Avg: 98.8, Max: 192, Diff: 192, Sum: 395, Workers: 4
[3575.579s][debug][gc,phases      ] GC(270)   JVMTI Tag Weak OopStorage      Min:  0.0, Avg:  0.0, Max:  0.0, Diff:  0.0, Sum:  0.0, Workers: 4
[3575.579s][debug][gc,phases      ] GC(270)     Dead                           Min: 0, Avg:  0.0, Max: 0, Diff: 0, Sum: 0, Workers: 4
[3575.579s][debug][gc,phases      ] GC(270)     Total                          Min: 0, Avg:  0.0, Max: 0, Diff: 0, Sum: 0, Workers: 4
[3575.579s][debug][gc,phases      ] GC(270)   StringTable Weak               Min:  0.1, Avg:  0.1, Max:  0.1, Diff:  0.0, Sum:  0.4, Workers: 4
[3575.579s][debug][gc,phases      ] GC(270)     Dead                           Min: 0, Avg:  0.0, Max: 0, Diff: 0, Sum: 0, Workers: 4
[3575.579s][debug][gc,phases      ] GC(270)     Total                          Min: 11328, Avg: 12307.8, Max: 13248, Diff: 1920, Sum: 49231, Workers: 4
[3575.579s][debug][gc,phases      ] GC(270)   ResolvedMethodTable Weak       Min:  0.0, Avg:  0.0, Max:  0.0, Diff:  0.0, Sum:  0.1, Workers: 4
[3575.579s][debug][gc,phases      ] GC(270)     Dead                           Min: 0, Avg:  0.0, Max: 0, Diff: 0, Sum: 0, Workers: 4
[3575.579s][debug][gc,phases      ] GC(270)     Total                          Min: 2112, Avg: 2246.0, Max: 2554, Diff: 442, Sum: 8984, Workers: 4
[3575.579s][debug][gc,phases      ] GC(270)   JNI Weak                       Min:  0.0, Avg:  0.0, Max:  0.0, Diff:  0.0, Sum:  0.0, Workers: 4
[3575.579s][debug][gc,phases      ] GC(270)     Dead                           Min: 0, Avg:  0.0, Max: 0, Diff: 0, Sum: 0, Workers: 4
[3575.579s][debug][gc,phases      ] GC(270)     Total                          Min: 0, Avg:  0.0, Max: 0, Diff: 0, Sum: 0, Workers: 4
[3575.579s][debug][gc,phases      ] GC(270)   StringDedup Table Weak         Min:  0.0, Avg:  0.0, Max:  0.0, Diff:  0.0, Sum:  0.0, Workers: 4
[3575.579s][debug][gc,phases      ] GC(270)     Dead                           Min: 0, Avg:  0.0, Max: 0, Diff: 0, Sum: 0, Workers: 4
[3575.579s][debug][gc,phases      ] GC(270)     Total                          Min: 0, Avg:  0.0, Max: 0, Diff: 0, Sum: 0, Workers: 4
[3575.579s][debug][gc,phases      ] GC(270)   StringDedup Requests0 Weak     Min:  0.0, Avg:  0.0, Max:  0.0, Diff:  0.0, Sum:  0.0, Workers: 4
[3575.579s][debug][gc,phases      ] GC(270)     Dead                           Min: 0, Avg:  0.0, Max: 0, Diff: 0, Sum: 0, Workers: 4
[3575.579s][debug][gc,phases      ] GC(270)     Total                          Min: 0, Avg:  0.0, Max: 0, Diff: 0, Sum: 0, Workers: 4
[3575.579s][debug][gc,phases      ] GC(270)   StringDedup Requests1 Weak     Min:  0.0, Avg:  0.0, Max:  0.0, Diff:  0.0, Sum:  0.0, Workers: 4
[3575.579s][debug][gc,phases      ] GC(270)     Dead                           Min: 0, Avg:  0.0, Max: 0, Diff: 0, Sum: 0, Workers: 4
[3575.579s][debug][gc,phases      ] GC(270)     Total                          Min: 0, Avg:  0.0, Max: 0, Diff: 0, Sum: 0, Workers: 4
[3575.579s][debug][gc,phases      ] GC(270)   Weak JFR Old Object Samples    Min:  0.0, Avg:  0.0, Max:  0.0, Diff:  0.0, Sum:  0.0, Workers: 4
[3575.579s][debug][gc,phases      ] GC(270)     Dead                           Min: 0, Avg:  0.0, Max: 0, Diff: 0, Sum: 0, Workers: 4
[3575.579s][debug][gc,phases      ] GC(270)     Total                          Min: 0, Avg:  0.0, Max: 0, Diff: 0, Sum: 0, Workers: 4
[3575.579s][debug][gc,phases      ] GC(270) Weak Processing 0.316ms
[3575.579s][debug][gc,age         ] GC(270) Desired survivor size 33030144 bytes, new threshold 15 (max threshold 15)
[3575.579s][info ][gc,heap        ] GC(270) PSYoungGen: 2048400K(2063360K)->18320K(2064896K) Eden: 2030080K(2030080K)->0K(2032128K) From: 18320K(33280K)->18320K(32768K)
[3575.579s][info ][gc,heap        ] GC(270) ParOldGen: 634784K(740864K)->634800K(740864K)
[3575.579s][info ][gc,metaspace   ] GC(270) Metaspace: 85845K(86720K)->85845K(86720K) NonClass: 73816K(74304K)->73816K(74304K) Class: 12028K(12416K)->12028K(12416K)
[3575.579s][info ][gc             ] GC(270) Pause Young (Allocation Failure) 2620M->637M(2740M) 6.034ms
[3575.579s][info ][gc,cpu         ] GC(270) User=0.02s Sys=0.00s Real=0.00s
[3575.579s][info ][safepoint      ] Safepoint "ParallelGCFailedAllocation", Time since last: 2517225439 ns, Reaching safepoint: 51501 ns, At safepoint: 6135144 ns, Total: 6186645 ns
[3601.696s][info ][gc,start       ] GC(271) Pause Young (Allocation Failure)
[3601.701s][debug][gc,phases      ] GC(271) Scavenge 5.269ms
[3601.701s][debug][gc,ref         ] GC(271) Skipped phase 1 of Reference Processing: no references
[3601.701s][debug][gc,ref         ] GC(271) ReferenceProcessor::execute queues: 1, RefProcThreadModel::Single, marks_oops_alive: false
[3601.701s][debug][gc,ref         ] GC(271) Skipped phase 3 of Reference Processing: no references
[3601.701s][debug][gc,ref         ] GC(271) ReferenceProcessor::execute queues: 1, RefProcThreadModel::Single, marks_oops_alive: false
[3601.701s][debug][gc,phases      ] GC(271) Reference Processing 0.105ms
[3601.701s][debug][gc,phases      ] GC(271)   VM Weak                        Min:  0.0, Avg:  0.0, Max:  0.0, Diff:  0.0, Sum:  0.0, Workers: 4
[3601.701s][debug][gc,phases      ] GC(271)     Dead                           Min: 0, Avg:  0.0, Max: 0, Diff: 0, Sum: 0, Workers: 4
[3601.701s][debug][gc,phases      ] GC(271)     Total                          Min: 0, Avg: 189.5, Max: 694, Diff: 694, Sum: 758, Workers: 4
[3601.701s][debug][gc,phases      ] GC(271)   ObjectSynchronizer Weak        Min:  0.0, Avg:  0.0, Max:  0.0, Diff:  0.0, Sum:  0.0, Workers: 4
[3601.701s][debug][gc,phases      ] GC(271)     Dead                           Min: 0, Avg:  0.0, Max: 0, Diff: 0, Sum: 0, Workers: 4
[3601.701s][debug][gc,phases      ] GC(271)     Total                          Min: 0, Avg: 98.8, Max: 192, Diff: 192, Sum: 395, Workers: 4
[3601.701s][debug][gc,phases      ] GC(271)   JVMTI Tag Weak OopStorage      Min:  0.0, Avg:  0.0, Max:  0.0, Diff:  0.0, Sum:  0.0, Workers: 4
[3601.701s][debug][gc,phases      ] GC(271)     Dead                           Min: 0, Avg:  0.0, Max: 0, Diff: 0, Sum: 0, Workers: 4
[3601.701s][debug][gc,phases      ] GC(271)     Total                          Min: 0, Avg:  0.0, Max: 0, Diff: 0, Sum: 0, Workers: 4
[3601.701s][debug][gc,phases      ] GC(271)   StringTable Weak               Min:  0.1, Avg:  0.1, Max:  0.1, Diff:  0.0, Sum:  0.4, Workers: 4
[3601.701s][debug][gc,phases      ] GC(271)     Dead                           Min: 0, Avg:  0.0, Max: 0, Diff: 0, Sum: 0, Workers: 4
[3601.701s][debug][gc,phases      ] GC(271)     Total                          Min: 11727, Avg: 12307.8, Max: 13312, Diff: 1585, Sum: 49231, Workers: 4
[3601.701s][debug][gc,phases      ] GC(271)   ResolvedMethodTable Weak       Min:  0.0, Avg:  0.0, Max:  0.0, Diff:  0.0, Sum:  0.1, Workers: 4
[3601.701s][debug][gc,phases      ] GC(271)     Dead                           Min: 0, Avg:  0.0, Max: 0, Diff: 0, Sum: 0, Workers: 4
[3601.701s][debug][gc,phases      ] GC(271)     Total                          Min: 2110, Avg: 2246.0, Max: 2522, Diff: 412, Sum: 8984, Workers: 4
[3601.701s][debug][gc,phases      ] GC(271)   JNI Weak                       Min:  0.0, Avg:  0.0, Max:  0.0, Diff:  0.0, Sum:  0.0, Workers: 4
[3601.701s][debug][gc,phases      ] GC(271)     Dead                           Min: 0, Avg:  0.0, Max: 0, Diff: 0, Sum: 0, Workers: 4
[3601.701s][debug][gc,phases      ] GC(271)     Total                          Min: 0, Avg:  0.0, Max: 0, Diff: 0, Sum: 0, Workers: 4
[3601.701s][debug][gc,phases      ] GC(271)   StringDedup Table Weak         Min:  0.0, Avg:  0.0, Max:  0.0, Diff:  0.0, Sum:  0.0, Workers: 4
[3601.701s][debug][gc,phases      ] GC(271)     Dead                           Min: 0, Avg:  0.0, Max: 0, Diff: 0, Sum: 0, Workers: 4
[3601.701s][debug][gc,phases      ] GC(271)     Total                          Min: 0, Avg:  0.0, Max: 0, Diff: 0, Sum: 0, Workers: 4
[3601.701s][debug][gc,phases      ] GC(271)   StringDedup Requests0 Weak     Min:  0.0, Avg:  0.0, Max:  0.0, Diff:  0.0, Sum:  0.0, Workers: 4
[3601.701s][debug][gc,phases      ] GC(271)     Dead                           Min: 0, Avg:  0.0, Max: 0, Diff: 0, Sum: 0, Workers: 4
[3601.701s][debug][gc,phases      ] GC(271)     Total                          Min: 0, Avg:  0.0, Max: 0, Diff: 0, Sum: 0, Workers: 4
[3601.701s][debug][gc,phases      ] GC(271)   StringDedup Requests1 Weak     Min:  0.0, Avg:  0.0, Max:  0.0, Diff:  0.0, Sum:  0.0, Workers: 4
[3601.701s][debug][gc,phases      ] GC(271)     Dead                           Min: 0, Avg:  0.0, Max: 0, Diff: 0, Sum: 0, Workers: 4
[3601.701s][debug][gc,phases      ] GC(271)     Total                          Min: 0, Avg:  0.0, Max: 0, Diff: 0, Sum: 0, Workers: 4
[3601.701s][debug][gc,phases      ] GC(271)   Weak JFR Old Object Samples    Min:  0.0, Avg:  0.0, Max:  0.0, Diff:  0.0, Sum:  0.0, Workers: 4
[3601.701s][debug][gc,phases      ] GC(271)     Dead                           Min: 0, Avg:  0.0, Max: 0, Diff: 0, Sum: 0, Workers: 4
[3601.701s][debug][gc,phases      ] GC(271)     Total                          Min: 0, Avg:  0.0, Max: 0, Diff: 0, Sum: 0, Workers: 4
[3601.701s][debug][gc,phases      ] GC(271) Weak Processing 0.312ms
[3601.702s][debug][gc,age         ] GC(271) Desired survivor size 33030144 bytes, new threshold 15 (max threshold 15)
[3601.702s][info ][gc,heap        ] GC(271) PSYoungGen: 2050448K(2064896K)->18320K(2064384K) Eden: 2032128K(2032128K)->0K(2032128K) From: 18320K(32768K)->18320K(32256K)
[3601.702s][info ][gc,heap        ] GC(271) ParOldGen: 634800K(740864K)->634832K(740864K)
[3601.702s][info ][gc,metaspace   ] GC(271) Metaspace: 85845K(86720K)->85845K(86720K) NonClass: 73816K(74304K)->73816K(74304K) Class: 12028K(12416K)->12028K(12416K)
[3601.702s][info ][gc             ] GC(271) Pause Young (Allocation Failure) 2622M->637M(2739M) 5.807ms
[3601.702s][info ][gc,cpu         ] GC(271) User=0.02s Sys=0.00s Real=0.00s
[3601.702s][info ][safepoint      ] Safepoint "ParallelGCFailedAllocation", Time since last: 26116459782 ns, Reaching safepoint: 110502 ns, At safepoint: 5893638 ns, Total: 6004140 ns
[3627.704s][info ][safepoint      ] Safepoint "Cleanup", Time since last: 26001845809 ns, Reaching safepoint: 59601 ns, At safepoint: 26401 ns, Total: 86002 ns
[3628.041s][info ][gc,start       ] GC(272) Pause Young (Allocation Failure)
[3628.048s][debug][gc,phases      ] GC(272) Scavenge 6.678ms
[3628.048s][debug][gc,ref         ] GC(272) Skipped phase 1 of Reference Processing: no references
[3628.048s][debug][gc,ref         ] GC(272) ReferenceProcessor::execute queues: 1, RefProcThreadModel::Single, marks_oops_alive: false
[3628.048s][debug][gc,ref         ] GC(272) Skipped phase 3 of Reference Processing: no references
[3628.048s][debug][gc,ref         ] GC(272) Skipped phase 4 of Reference Processing: no references
[3628.048s][debug][gc,phases      ] GC(272) Reference Processing 0.114ms
[3628.048s][debug][gc,phases      ] GC(272)   VM Weak                        Min:  0.0, Avg:  0.0, Max:  0.0, Diff:  0.0, Sum:  0.0, Workers: 4
[3628.048s][debug][gc,phases      ] GC(272)     Dead                           Min: 0, Avg:  0.0, Max: 0, Diff: 0, Sum: 0, Workers: 4
[3628.048s][debug][gc,phases      ] GC(272)     Total                          Min: 0, Avg: 189.5, Max: 640, Diff: 640, Sum: 758, Workers: 4
[3628.048s][debug][gc,phases      ] GC(272)   ObjectSynchronizer Weak        Min:  0.0, Avg:  0.0, Max:  0.0, Diff:  0.0, Sum:  0.0, Workers: 4
[3628.048s][debug][gc,phases      ] GC(272)     Dead                           Min: 0, Avg:  0.0, Max: 0, Diff: 0, Sum: 0, Workers: 4
[3628.048s][debug][gc,phases      ] GC(272)     Total                          Min: 0, Avg: 98.8, Max: 139, Diff: 139, Sum: 395, Workers: 4
[3628.048s][debug][gc,phases      ] GC(272)   JVMTI Tag Weak OopStorage      Min:  0.0, Avg:  0.0, Max:  0.0, Diff:  0.0, Sum:  0.0, Workers: 4
[3628.048s][debug][gc,phases      ] GC(272)     Dead                           Min: 0, Avg:  0.0, Max: 0, Diff: 0, Sum: 0, Workers: 4
[3628.048s][debug][gc,phases      ] GC(272)     Total                          Min: 0, Avg:  0.0, Max: 0, Diff: 0, Sum: 0, Workers: 4
[3628.048s][debug][gc,phases      ] GC(272)   StringTable Weak               Min:  0.1, Avg:  0.1, Max:  0.1, Diff:  0.0, Sum:  0.4, Workers: 4
[3628.048s][debug][gc,phases      ] GC(272)     Dead                           Min: 0, Avg:  0.0, Max: 0, Diff: 0, Sum: 0, Workers: 4
[3628.048s][debug][gc,phases      ] GC(272)     Total                          Min: 11855, Avg: 12307.8, Max: 12928, Diff: 1073, Sum: 49231, Workers: 4
[3628.048s][debug][gc,phases      ] GC(272)   ResolvedMethodTable Weak       Min:  0.0, Avg:  0.0, Max:  0.0, Diff:  0.0, Sum:  0.1, Workers: 4
[3628.048s][debug][gc,phases      ] GC(272)     Dead                           Min: 0, Avg:  0.0, Max: 0, Diff: 0, Sum: 0, Workers: 4
[3628.048s][debug][gc,phases      ] GC(272)     Total                          Min: 2048, Avg: 2246.0, Max: 2552, Diff: 504, Sum: 8984, Workers: 4
[3628.048s][debug][gc,phases      ] GC(272)   JNI Weak                       Min:  0.0, Avg:  0.0, Max:  0.0, Diff:  0.0, Sum:  0.0, Workers: 4
[3628.048s][debug][gc,phases      ] GC(272)     Dead                           Min: 0, Avg:  0.0, Max: 0, Diff: 0, Sum: 0, Workers: 4
[3628.048s][debug][gc,phases      ] GC(272)     Total                          Min: 0, Avg:  0.0, Max: 0, Diff: 0, Sum: 0, Workers: 4
[3628.048s][debug][gc,phases      ] GC(272)   StringDedup Table Weak         Min:  0.0, Avg:  0.0, Max:  0.0, Diff:  0.0, Sum:  0.0, Workers: 4
[3628.048s][debug][gc,phases      ] GC(272)     Dead                           Min: 0, Avg:  0.0, Max: 0, Diff: 0, Sum: 0, Workers: 4
[3628.048s][debug][gc,phases      ] GC(272)     Total                          Min: 0, Avg:  0.0, Max: 0, Diff: 0, Sum: 0, Workers: 4
[3628.048s][debug][gc,phases      ] GC(272)   StringDedup Requests0 Weak     Min:  0.0, Avg:  0.0, Max:  0.0, Diff:  0.0, Sum:  0.0, Workers: 4
[3628.048s][debug][gc,phases      ] GC(272)     Dead                           Min: 0, Avg:  0.0, Max: 0, Diff: 0, Sum: 0, Workers: 4
[3628.048s][debug][gc,phases      ] GC(272)     Total                          Min: 0, Avg:  0.0, Max: 0, Diff: 0, Sum: 0, Workers: 4
[3628.048s][debug][gc,phases      ] GC(272)   StringDedup Requests1 Weak     Min:  0.0, Avg:  0.0, Max:  0.0, Diff:  0.0, Sum:  0.0, Workers: 4
[3628.048s][debug][gc,phases      ] GC(272)     Dead                           Min: 0, Avg:  0.0, Max: 0, Diff: 0, Sum: 0, Workers: 4
[3628.048s][debug][gc,phases      ] GC(272)     Total                          Min: 0, Avg:  0.0, Max: 0, Diff: 0, Sum: 0, Workers: 4
[3628.048s][debug][gc,phases      ] GC(272)   Weak JFR Old Object Samples    Min:  0.0, Avg:  0.0, Max:  0.0, Diff:  0.0, Sum:  0.0, Workers: 4
[3628.048s][debug][gc,phases      ] GC(272)     Dead                           Min: 0, Avg:  0.0, Max: 0, Diff: 0, Sum: 0, Workers: 4
[3628.048s][debug][gc,phases      ] GC(272)     Total                          Min: 0, Avg:  0.0, Max: 0, Diff: 0, Sum: 0, Workers: 4
[3628.048s][debug][gc,phases      ] GC(272) Weak Processing 0.343ms
[3628.048s][debug][gc,age         ] GC(272) Desired survivor size 33554432 bytes, new threshold 15 (max threshold 15)
[3628.048s][info ][gc,heap        ] GC(272) PSYoungGen: 2050448K(2064384K)->1440K(2063872K) Eden: 2032128K(2032128K)->0K(2031616K) From: 18320K(32256K)->1440K(32256K)
[3628.048s][info ][gc,heap        ] GC(272) ParOldGen: 634832K(740864K)->651816K(740864K)
[3628.048s][info ][gc,metaspace   ] GC(272) Metaspace: 85846K(86720K)->85846K(86720K) NonClass: 73818K(74304K)->73818K(74304K) Class: 12028K(12416K)->12028K(12416K)
[3628.048s][info ][gc             ] GC(272) Pause Young (Allocation Failure) 2622M->637M(2739M) 7.260ms
[3628.048s][info ][gc,cpu         ] GC(272) User=0.02s Sys=0.00s Real=0.01s
[3628.048s][info ][safepoint      ] Safepoint "ParallelGCFailedAllocation", Time since last: 337213088 ns, Reaching safepoint: 38101 ns, At safepoint: 7343871 ns, Total: 7381972 ns
[3654.893s][info ][gc,start       ] GC(273) Pause Young (Allocation Failure)
[3654.897s][debug][gc,phases      ] GC(273) Scavenge 3.789ms
[3654.897s][debug][gc,ref         ] GC(273) Skipped phase 1 of Reference Processing: no references
[3654.897s][debug][gc,ref         ] GC(273) ReferenceProcessor::execute queues: 1, RefProcThreadModel::Single, marks_oops_alive: false
[3654.897s][debug][gc,ref         ] GC(273) Skipped phase 3 of Reference Processing: no references
[3654.897s][debug][gc,ref         ] GC(273) Skipped phase 4 of Reference Processing: no references
[3654.897s][debug][gc,phases      ] GC(273) Reference Processing 0.101ms
[3654.897s][debug][gc,phases      ] GC(273)   VM Weak                        Min:  0.0, Avg:  0.0, Max:  0.0, Diff:  0.0, Sum:  0.0, Workers: 4
[3654.897s][debug][gc,phases      ] GC(273)     Dead                           Min: 0, Avg:  0.0, Max: 0, Diff: 0, Sum: 0, Workers: 4
[3654.897s][debug][gc,phases      ] GC(273)     Total                          Min: 0, Avg: 189.5, Max: 758, Diff: 758, Sum: 758, Workers: 4
[3654.897s][debug][gc,phases      ] GC(273)   ObjectSynchronizer Weak        Min:  0.0, Avg:  0.0, Max:  0.0, Diff:  0.0, Sum:  0.0, Workers: 4
[3654.897s][debug][gc,phases      ] GC(273)     Dead                           Min: 0, Avg:  0.0, Max: 0, Diff: 0, Sum: 0, Workers: 4
[3654.897s][debug][gc,phases      ] GC(273)     Total                          Min: 0, Avg: 98.8, Max: 139, Diff: 139, Sum: 395, Workers: 4
[3654.897s][debug][gc,phases      ] GC(273)   JVMTI Tag Weak OopStorage      Min:  0.0, Avg:  0.0, Max:  0.0, Diff:  0.0, Sum:  0.0, Workers: 4
[3654.897s][debug][gc,phases      ] GC(273)     Dead                           Min: 0, Avg:  0.0, Max: 0, Diff: 0, Sum: 0, Workers: 4
[3654.897s][debug][gc,phases      ] GC(273)     Total                          Min: 0, Avg:  0.0, Max: 0, Diff: 0, Sum: 0, Workers: 4
[3654.897s][debug][gc,phases      ] GC(273)   StringTable Weak               Min:  0.1, Avg:  0.1, Max:  0.1, Diff:  0.0, Sum:  0.4, Workers: 4
[3654.897s][debug][gc,phases      ] GC(273)     Dead                           Min: 0, Avg:  0.0, Max: 0, Diff: 0, Sum: 0, Workers: 4
[3654.897s][debug][gc,phases      ] GC(273)     Total                          Min: 11904, Avg: 12307.8, Max: 12687, Diff: 783, Sum: 49231, Workers: 4
[3654.897s][debug][gc,phases      ] GC(273)   ResolvedMethodTable Weak       Min:  0.0, Avg:  0.0, Max:  0.0, Diff:  0.0, Sum:  0.1, Workers: 4
[3654.897s][debug][gc,phases      ] GC(273)     Dead                           Min: 0, Avg:  0.0, Max: 0, Diff: 0, Sum: 0, Workers: 4
[3654.897s][debug][gc,phases      ] GC(273)     Total                          Min: 2112, Avg: 2246.0, Max: 2328, Diff: 216, Sum: 8984, Workers: 4
[3654.897s][debug][gc,phases      ] GC(273)   JNI Weak                       Min:  0.0, Avg:  0.0, Max:  0.0, Diff:  0.0, Sum:  0.0, Workers: 4
[3654.897s][debug][gc,phases      ] GC(273)     Dead                           Min: 0, Avg:  0.0, Max: 0, Diff: 0, Sum: 0, Workers: 4
[3654.897s][debug][gc,phases      ] GC(273)     Total                          Min: 0, Avg:  0.0, Max: 0, Diff: 0, Sum: 0, Workers: 4
[3654.897s][debug][gc,phases      ] GC(273)   StringDedup Table Weak         Min:  0.0, Avg:  0.0, Max:  0.0, Diff:  0.0, Sum:  0.0, Workers: 4
[3654.897s][debug][gc,phases      ] GC(273)     Dead                           Min: 0, Avg:  0.0, Max: 0, Diff: 0, Sum: 0, Workers: 4
[3654.897s][debug][gc,phases      ] GC(273)     Total                          Min: 0, Avg:  0.0, Max: 0, Diff: 0, Sum: 0, Workers: 4
[3654.897s][debug][gc,phases      ] GC(273)   StringDedup Requests0 Weak     Min:  0.0, Avg:  0.0, Max:  0.0, Diff:  0.0, Sum:  0.0, Workers: 4
[3654.897s][debug][gc,phases      ] GC(273)     Dead                           Min: 0, Avg:  0.0, Max: 0, Diff: 0, Sum: 0, Workers: 4
[3654.897s][debug][gc,phases      ] GC(273)     Total                          Min: 0, Avg:  0.0, Max: 0, Diff: 0, Sum: 0, Workers: 4
[3654.897s][debug][gc,phases      ] GC(273)   StringDedup Requests1 Weak     Min:  0.0, Avg:  0.0, Max:  0.0, Diff:  0.0, Sum:  0.0, Workers: 4
[3654.897s][debug][gc,phases      ] GC(273)     Dead                           Min: 0, Avg:  0.0, Max: 0, Diff: 0, Sum: 0, Workers: 4
[3654.897s][debug][gc,phases      ] GC(273)     Total                          Min: 0, Avg:  0.0, Max: 0, Diff: 0, Sum: 0, Workers: 4
[3654.897s][debug][gc,phases      ] GC(273)   Weak JFR Old Object Samples    Min:  0.0, Avg:  0.0, Max:  0.0, Diff:  0.0, Sum:  0.0, Workers: 4
[3654.897s][debug][gc,phases      ] GC(273)     Dead                           Min: 0, Avg:  0.0, Max: 0, Diff: 0, Sum: 0, Workers: 4
[3654.897s][debug][gc,phases      ] GC(273)     Total                          Min: 0, Avg:  0.0, Max: 0, Diff: 0, Sum: 0, Workers: 4
[3654.897s][debug][gc,phases      ] GC(273) Weak Processing 0.306ms
[3654.897s][debug][gc,age         ] GC(273) Desired survivor size 34078720 bytes, new threshold 15 (max threshold 15)
[3654.897s][info ][gc,heap        ] GC(273) PSYoungGen: 2033056K(2063872K)->1328K(2033152K) Eden: 2031616K(2031616K)->0K(2031616K) From: 1440K(32256K)->1328K(1536K)
[3654.897s][info ][gc,heap        ] GC(273) ParOldGen: 651816K(740864K)->651888K(740864K)
[3654.897s][info ][gc,metaspace   ] GC(273) Metaspace: 85850K(86720K)->85850K(86720K) NonClass: 73822K(74304K)->73822K(74304K) Class: 12028K(12416K)->12028K(12416K)
[3654.897s][info ][gc             ] GC(273) Pause Young (Allocation Failure) 2621M->637M(2709M) 4.308ms
[3654.897s][info ][gc,cpu         ] GC(273) User=0.02s Sys=0.00s Real=0.00s
[3654.897s][info ][safepoint      ] Safepoint "ParallelGCFailedAllocation", Time since last: 26844658729 ns, Reaching safepoint: 126103 ns, At safepoint: 4393103 ns, Total: 4519206 ns
[3659.898s][info ][safepoint      ] Safepoint "Cleanup", Time since last: 5000346105 ns, Reaching safepoint: 52701 ns, At safepoint: 11800 ns, Total: 64501 ns
[3680.899s][info ][safepoint      ] Safepoint "Cleanup", Time since last: 21001531196 ns, Reaching safepoint: 39701 ns, At safepoint: 4300 ns, Total: 44001 ns
[3681.654s][info ][gc,start       ] GC(274) Pause Young (Allocation Failure)
[3681.658s][debug][gc,phases      ] GC(274) Scavenge 3.724ms
[3681.658s][debug][gc,ref         ] GC(274) Skipped phase 1 of Reference Processing: no references
[3681.658s][debug][gc,ref         ] GC(274) Skipped phase 2 of Reference Processing: no references
[3681.658s][debug][gc,ref         ] GC(274) Skipped phase 3 of Reference Processing: no references
[3681.658s][debug][gc,ref         ] GC(274) Skipped phase 4 of Reference Processing: no references
[3681.658s][debug][gc,phases      ] GC(274) Reference Processing 0.021ms
[3681.658s][debug][gc,phases      ] GC(274)   VM Weak                        Min:  0.0, Avg:  0.0, Max:  0.0, Diff:  0.0, Sum:  0.0, Workers: 4
[3681.658s][debug][gc,phases      ] GC(274)     Dead                           Min: 0, Avg:  0.0, Max: 0, Diff: 0, Sum: 0, Workers: 4
[3681.658s][debug][gc,phases      ] GC(274)     Total                          Min: 0, Avg: 189.5, Max: 758, Diff: 758, Sum: 758, Workers: 4
[3681.658s][debug][gc,phases      ] GC(274)   ObjectSynchronizer Weak        Min:  0.0, Avg:  0.0, Max:  0.0, Diff:  0.0, Sum:  0.0, Workers: 4
[3681.658s][debug][gc,phases      ] GC(274)     Dead                           Min: 0, Avg:  0.0, Max: 0, Diff: 0, Sum: 0, Workers: 4
[3681.658s][debug][gc,phases      ] GC(274)     Total                          Min: 0, Avg: 98.8, Max: 256, Diff: 256, Sum: 395, Workers: 4
[3681.658s][debug][gc,phases      ] GC(274)   JVMTI Tag Weak OopStorage      Min:  0.0, Avg:  0.0, Max:  0.0, Diff:  0.0, Sum:  0.0, Workers: 4
[3681.658s][debug][gc,phases      ] GC(274)     Dead                           Min: 0, Avg:  0.0, Max: 0, Diff: 0, Sum: 0, Workers: 4
[3681.658s][debug][gc,phases      ] GC(274)     Total                          Min: 0, Avg:  0.0, Max: 0, Diff: 0, Sum: 0, Workers: 4
[3681.658s][debug][gc,phases      ] GC(274)   StringTable Weak               Min:  0.1, Avg:  0.1, Max:  0.1, Diff:  0.0, Sum:  0.5, Workers: 4
[3681.658s][debug][gc,phases      ] GC(274)     Dead                           Min: 0, Avg:  0.0, Max: 0, Diff: 0, Sum: 0, Workers: 4
[3681.658s][debug][gc,phases      ] GC(274)     Total                          Min: 10575, Avg: 12307.8, Max: 13632, Diff: 3057, Sum: 49231, Workers: 4
[3681.658s][debug][gc,phases      ] GC(274)   ResolvedMethodTable Weak       Min:  0.0, Avg:  0.0, Max:  0.0, Diff:  0.0, Sum:  0.1, Workers: 4
[3681.658s][debug][gc,phases      ] GC(274)     Dead                           Min: 0, Avg:  0.0, Max: 0, Diff: 0, Sum: 0, Workers: 4
[3681.658s][debug][gc,phases      ] GC(274)     Total                          Min: 2171, Avg: 2246.0, Max: 2303, Diff: 132, Sum: 8984, Workers: 4
[3681.658s][debug][gc,phases      ] GC(274)   JNI Weak                       Min:  0.0, Avg:  0.0, Max:  0.0, Diff:  0.0, Sum:  0.0, Workers: 4
[3681.658s][debug][gc,phases      ] GC(274)     Dead                           Min: 0, Avg:  0.0, Max: 0, Diff: 0, Sum: 0, Workers: 4
[3681.658s][debug][gc,phases      ] GC(274)     Total                          Min: 0, Avg:  0.0, Max: 0, Diff: 0, Sum: 0, Workers: 4
[3681.658s][debug][gc,phases      ] GC(274)   StringDedup Table Weak         Min:  0.0, Avg:  0.0, Max:  0.0, Diff:  0.0, Sum:  0.0, Workers: 4
[3681.658s][debug][gc,phases      ] GC(274)     Dead                           Min: 0, Avg:  0.0, Max: 0, Diff: 0, Sum: 0, Workers: 4
[3681.658s][debug][gc,phases      ] GC(274)     Total                          Min: 0, Avg:  0.0, Max: 0, Diff: 0, Sum: 0, Workers: 4
[3681.658s][debug][gc,phases      ] GC(274)   StringDedup Requests0 Weak     Min:  0.0, Avg:  0.0, Max:  0.0, Diff:  0.0, Sum:  0.0, Workers: 4
[3681.658s][debug][gc,phases      ] GC(274)     Dead                           Min: 0, Avg:  0.0, Max: 0, Diff: 0, Sum: 0, Workers: 4
[3681.658s][debug][gc,phases      ] GC(274)     Total                          Min: 0, Avg:  0.0, Max: 0, Diff: 0, Sum: 0, Workers: 4
[3681.658s][debug][gc,phases      ] GC(274)   StringDedup Requests1 Weak     Min:  0.0, Avg:  0.0, Max:  0.0, Diff:  0.0, Sum:  0.0, Workers: 4
[3681.658s][debug][gc,phases      ] GC(274)     Dead                           Min: 0, Avg:  0.0, Max: 0, Diff: 0, Sum: 0, Workers: 4
[3681.658s][debug][gc,phases      ] GC(274)     Total                          Min: 0, Avg:  0.0, Max: 0, Diff: 0, Sum: 0, Workers: 4
[3681.658s][debug][gc,phases      ] GC(274)   Weak JFR Old Object Samples    Min:  0.0, Avg:  0.0, Max:  0.0, Diff:  0.0, Sum:  0.0, Workers: 4
[3681.658s][debug][gc,phases      ] GC(274)     Dead                           Min: 0, Avg:  0.0, Max: 0, Diff: 0, Sum: 0, Workers: 4
[3681.658s][debug][gc,phases      ] GC(274)     Total                          Min: 0, Avg:  0.0, Max: 0, Diff: 0, Sum: 0, Workers: 4
[3681.658s][debug][gc,phases      ] GC(274) Weak Processing 0.322ms
[3681.658s][debug][gc,age         ] GC(274) Desired survivor size 33554432 bytes, new threshold 15 (max threshold 15)
[3681.658s][info ][gc,heap        ] GC(274) PSYoungGen: 2032944K(2033152K)->1232K(2064384K) Eden: 2031616K(2031616K)->0K(2031104K) From: 1328K(1536K)->1232K(33280K)
[3681.658s][info ][gc,heap        ] GC(274) ParOldGen: 651888K(740864K)->651948K(740864K)
[3681.658s][info ][gc,metaspace   ] GC(274) Metaspace: 85851K(86720K)->85851K(86720K) NonClass: 73823K(74304K)->73823K(74304K) Class: 12028K(12416K)->12028K(12416K)
[3681.658s][info ][gc             ] GC(274) Pause Young (Allocation Failure) 2621M->637M(2739M) 4.210ms
[3681.658s][info ][gc,cpu         ] GC(274) User=0.01s Sys=0.00s Real=0.00s
[3681.658s][info ][safepoint      ] Safepoint "ParallelGCFailedAllocation", Time since last: 754884969 ns, Reaching safepoint: 37701 ns, At safepoint: 4289200 ns, Total: 4326901 ns
[3697.660s][info ][safepoint      ] Safepoint "Cleanup", Time since last: 16000999950 ns, Reaching safepoint: 47501 ns, At safepoint: 3800 ns, Total: 51301 ns
[3708.144s][info ][gc,start       ] GC(275) Pause Young (Allocation Failure)
[3708.148s][debug][gc,phases      ] GC(275) Scavenge 3.659ms
[3708.148s][debug][gc,ref         ] GC(275) Skipped phase 1 of Reference Processing: no references
[3708.148s][debug][gc,ref         ] GC(275) Skipped phase 2 of Reference Processing: no references
[3708.148s][debug][gc,ref         ] GC(275) Skipped phase 3 of Reference Processing: no references
[3708.148s][debug][gc,ref         ] GC(275) Skipped phase 4 of Reference Processing: no references
[3708.148s][debug][gc,phases      ] GC(275) Reference Processing 0.035ms
[3708.148s][debug][gc,phases      ] GC(275)   VM Weak                        Min:  0.0, Avg:  0.0, Max:  0.0, Diff:  0.0, Sum:  0.0, Workers: 4
[3708.148s][debug][gc,phases      ] GC(275)     Dead                           Min: 0, Avg:  0.0, Max: 0, Diff: 0, Sum: 0, Workers: 4
[3708.148s][debug][gc,phases      ] GC(275)     Total                          Min: 0, Avg: 189.5, Max: 640, Diff: 640, Sum: 758, Workers: 4
[3708.148s][debug][gc,phases      ] GC(275)   ObjectSynchronizer Weak        Min:  0.0, Avg:  0.0, Max:  0.0, Diff:  0.0, Sum:  0.0, Workers: 4
[3708.148s][debug][gc,phases      ] GC(275)     Dead                           Min: 0, Avg:  0.0, Max: 0, Diff: 0, Sum: 0, Workers: 4
[3708.148s][debug][gc,phases      ] GC(275)     Total                          Min: 0, Avg: 98.8, Max: 203, Diff: 203, Sum: 395, Workers: 4
[3708.148s][debug][gc,phases      ] GC(275)   JVMTI Tag Weak OopStorage      Min:  0.0, Avg:  0.0, Max:  0.0, Diff:  0.0, Sum:  0.0, Workers: 4
[3708.148s][debug][gc,phases      ] GC(275)     Dead                           Min: 0, Avg:  0.0, Max: 0, Diff: 0, Sum: 0, Workers: 4
[3708.148s][debug][gc,phases      ] GC(275)     Total                          Min: 0, Avg:  0.0, Max: 0, Diff: 0, Sum: 0, Workers: 4
[3708.148s][debug][gc,phases      ] GC(275)   StringTable Weak               Min:  0.1, Avg:  0.1, Max:  0.1, Diff:  0.0, Sum:  0.4, Workers: 4
[3708.148s][debug][gc,phases      ] GC(275)     Dead                           Min: 0, Avg:  0.0, Max: 0, Diff: 0, Sum: 0, Workers: 4
[3708.148s][debug][gc,phases      ] GC(275)     Total                          Min: 11520, Avg: 12307.8, Max: 13312, Diff: 1792, Sum: 49231, Workers: 4
[3708.148s][debug][gc,phases      ] GC(275)   ResolvedMethodTable Weak       Min:  0.0, Avg:  0.0, Max:  0.0, Diff:  0.0, Sum:  0.1, Workers: 4
[3708.148s][debug][gc,phases      ] GC(275)     Dead                           Min: 0, Avg:  0.0, Max: 0, Diff: 0, Sum: 0, Workers: 4
[3708.148s][debug][gc,phases      ] GC(275)     Total                          Min: 2048, Avg: 2246.0, Max: 2424, Diff: 376, Sum: 8984, Workers: 4
[3708.148s][debug][gc,phases      ] GC(275)   JNI Weak                       Min:  0.0, Avg:  0.0, Max:  0.0, Diff:  0.0, Sum:  0.0, Workers: 4
[3708.148s][debug][gc,phases      ] GC(275)     Dead                           Min: 0, Avg:  0.0, Max: 0, Diff: 0, Sum: 0, Workers: 4
[3708.148s][debug][gc,phases      ] GC(275)     Total                          Min: 0, Avg:  0.0, Max: 0, Diff: 0, Sum: 0, Workers: 4
[3708.148s][debug][gc,phases      ] GC(275)   StringDedup Table Weak         Min:  0.0, Avg:  0.0, Max:  0.0, Diff:  0.0, Sum:  0.0, Workers: 4
[3708.148s][debug][gc,phases      ] GC(275)     Dead                           Min: 0, Avg:  0.0, Max: 0, Diff: 0, Sum: 0, Workers: 4
[3708.148s][debug][gc,phases      ] GC(275)     Total                          Min: 0, Avg:  0.0, Max: 0, Diff: 0, Sum: 0, Workers: 4
[3708.148s][debug][gc,phases      ] GC(275)   StringDedup Requests0 Weak     Min:  0.0, Avg:  0.0, Max:  0.0, Diff:  0.0, Sum:  0.0, Workers: 4
[3708.148s][debug][gc,phases      ] GC(275)     Dead                           Min: 0, Avg:  0.0, Max: 0, Diff: 0, Sum: 0, Workers: 4
[3708.148s][debug][gc,phases      ] GC(275)     Total                          Min: 0, Avg:  0.0, Max: 0, Diff: 0, Sum: 0, Workers: 4
[3708.148s][debug][gc,phases      ] GC(275)   StringDedup Requests1 Weak     Min:  0.0, Avg:  0.0, Max:  0.0, Diff:  0.0, Sum:  0.0, Workers: 4
[3708.148s][debug][gc,phases      ] GC(275)     Dead                           Min: 0, Avg:  0.0, Max: 0, Diff: 0, Sum: 0, Workers: 4
[3708.148s][debug][gc,phases      ] GC(275)     Total                          Min: 0, Avg:  0.0, Max: 0, Diff: 0, Sum: 0, Workers: 4
[3708.148s][debug][gc,phases      ] GC(275)   Weak JFR Old Object Samples    Min:  0.0, Avg:  0.0, Max:  0.0, Diff:  0.0, Sum:  0.0, Workers: 4
[3708.148s][debug][gc,phases      ] GC(275)     Dead                           Min: 0, Avg:  0.0, Max: 0, Diff: 0, Sum: 0, Workers: 4
[3708.148s][debug][gc,phases      ] GC(275)     Total                          Min: 0, Avg:  0.0, Max: 0, Diff: 0, Sum: 0, Workers: 4
[3708.148s][debug][gc,phases      ] GC(275) Weak Processing 0.338ms
[3708.148s][debug][gc,age         ] GC(275) Desired survivor size 33554432 bytes, new threshold 15 (max threshold 15)
[3708.148s][info ][gc,heap        ] GC(275) PSYoungGen: 2032336K(2064384K)->1264K(2063872K) Eden: 2031104K(2031104K)->0K(2031104K) From: 1232K(33280K)->1264K(32768K)
[3708.148s][info ][gc,heap        ] GC(275) ParOldGen: 651948K(740864K)->651988K(740864K)
[3708.148s][info ][gc,metaspace   ] GC(275) Metaspace: 85854K(86720K)->85854K(86720K) NonClass: 73826K(74304K)->73826K(74304K) Class: 12028K(12416K)->12028K(12416K)
[3708.148s][info ][gc             ] GC(275) Pause Young (Allocation Failure) 2621M->637M(2739M) 4.151ms
[3708.148s][info ][gc,cpu         ] GC(275) User=0.01s Sys=0.00s Real=0.00s
[3708.148s][info ][safepoint      ] Safepoint "ParallelGCFailedAllocation", Time since last: 10484616159 ns, Reaching safepoint: 45101 ns, At safepoint: 4236699 ns, Total: 4281800 ns
[3734.594s][info ][gc,start       ] GC(276) Pause Young (Allocation Failure)
[3734.598s][debug][gc,phases      ] GC(276) Scavenge 4.275ms
[3734.598s][debug][gc,ref         ] GC(276) Skipped phase 1 of Reference Processing: no references
[3734.598s][debug][gc,ref         ] GC(276) Skipped phase 2 of Reference Processing: no references
[3734.598s][debug][gc,ref         ] GC(276) Skipped phase 3 of Reference Processing: no references
[3734.598s][debug][gc,ref         ] GC(276) Skipped phase 4 of Reference Processing: no references
[3734.598s][debug][gc,phases      ] GC(276) Reference Processing 0.022ms
[3734.599s][debug][gc,phases      ] GC(276)   VM Weak                        Min:  0.0, Avg:  0.0, Max:  0.0, Diff:  0.0, Sum:  0.0, Workers: 4
[3734.599s][debug][gc,phases      ] GC(276)     Dead                           Min: 0, Avg:  0.0, Max: 0, Diff: 0, Sum: 0, Workers: 4
[3734.599s][debug][gc,phases      ] GC(276)     Total                          Min: 0, Avg: 189.5, Max: 512, Diff: 512, Sum: 758, Workers: 4
[3734.599s][debug][gc,phases      ] GC(276)   ObjectSynchronizer Weak        Min:  0.0, Avg:  0.0, Max:  0.0, Diff:  0.0, Sum:  0.0, Workers: 4
[3734.599s][debug][gc,phases      ] GC(276)     Dead                           Min: 0, Avg:  0.0, Max: 0, Diff: 0, Sum: 0, Workers: 4
[3734.599s][debug][gc,phases      ] GC(276)     Total                          Min: 0, Avg: 98.8, Max: 192, Diff: 192, Sum: 395, Workers: 4
[3734.599s][debug][gc,phases      ] GC(276)   JVMTI Tag Weak OopStorage      Min:  0.0, Avg:  0.0, Max:  0.0, Diff:  0.0, Sum:  0.0, Workers: 4
[3734.599s][debug][gc,phases      ] GC(276)     Dead                           Min: 0, Avg:  0.0, Max: 0, Diff: 0, Sum: 0, Workers: 4
[3734.599s][debug][gc,phases      ] GC(276)     Total                          Min: 0, Avg:  0.0, Max: 0, Diff: 0, Sum: 0, Workers: 4
[3734.599s][debug][gc,phases      ] GC(276)   StringTable Weak               Min:  0.1, Avg:  0.1, Max:  0.1, Diff:  0.0, Sum:  0.4, Workers: 4
[3734.599s][debug][gc,phases      ] GC(276)     Dead                           Min: 0, Avg:  0.0, Max: 0, Diff: 0, Sum: 0, Workers: 4
[3734.599s][debug][gc,phases      ] GC(276)     Total                          Min: 11072, Avg: 12307.8, Max: 13312, Diff: 2240, Sum: 49231, Workers: 4
[3734.599s][debug][gc,phases      ] GC(276)   ResolvedMethodTable Weak       Min:  0.0, Avg:  0.0, Max:  0.0, Diff:  0.0, Sum:  0.1, Workers: 4
[3734.599s][debug][gc,phases      ] GC(276)     Dead                           Min: 0, Avg:  0.0, Max: 0, Diff: 0, Sum: 0, Workers: 4
[3734.599s][debug][gc,phases      ] GC(276)     Total                          Min: 2174, Avg: 2246.0, Max: 2458, Diff: 284, Sum: 8984, Workers: 4
[3734.599s][debug][gc,phases      ] GC(276)   JNI Weak                       Min:  0.0, Avg:  0.0, Max:  0.0, Diff:  0.0, Sum:  0.0, Workers: 4
[3734.599s][debug][gc,phases      ] GC(276)     Dead                           Min: 0, Avg:  0.0, Max: 0, Diff: 0, Sum: 0, Workers: 4
[3734.599s][debug][gc,phases      ] GC(276)     Total                          Min: 0, Avg:  0.0, Max: 0, Diff: 0, Sum: 0, Workers: 4
[3734.599s][debug][gc,phases      ] GC(276)   StringDedup Table Weak         Min:  0.0, Avg:  0.0, Max:  0.0, Diff:  0.0, Sum:  0.0, Workers: 4
[3734.599s][debug][gc,phases      ] GC(276)     Dead                           Min: 0, Avg:  0.0, Max: 0, Diff: 0, Sum: 0, Workers: 4
[3734.599s][debug][gc,phases      ] GC(276)     Total                          Min: 0, Avg:  0.0, Max: 0, Diff: 0, Sum: 0, Workers: 4
[3734.599s][debug][gc,phases      ] GC(276)   StringDedup Requests0 Weak     Min:  0.0, Avg:  0.0, Max:  0.0, Diff:  0.0, Sum:  0.0, Workers: 4
[3734.599s][debug][gc,phases      ] GC(276)     Dead                           Min: 0, Avg:  0.0, Max: 0, Diff: 0, Sum: 0, Workers: 4
[3734.599s][debug][gc,phases      ] GC(276)     Total                          Min: 0, Avg:  0.0, Max: 0, Diff: 0, Sum: 0, Workers: 4
[3734.599s][debug][gc,phases      ] GC(276)   StringDedup Requests1 Weak     Min:  0.0, Avg:  0.0, Max:  0.0, Diff:  0.0, Sum:  0.0, Workers: 4
[3734.599s][debug][gc,phases      ] GC(276)     Dead                           Min: 0, Avg:  0.0, Max: 0, Diff: 0, Sum: 0, Workers: 4
[3734.599s][debug][gc,phases      ] GC(276)     Total                          Min: 0, Avg:  0.0, Max: 0, Diff: 0, Sum: 0, Workers: 4
[3734.599s][debug][gc,phases      ] GC(276)   Weak JFR Old Object Samples    Min:  0.0, Avg:  0.0, Max:  0.0, Diff:  0.0, Sum:  0.0, Workers: 4
[3734.599s][debug][gc,phases      ] GC(276)     Dead                           Min: 0, Avg:  0.0, Max: 0, Diff: 0, Sum: 0, Workers: 4
[3734.599s][debug][gc,phases      ] GC(276)     Total                          Min: 0, Avg:  0.0, Max: 0, Diff: 0, Sum: 0, Workers: 4
[3734.599s][debug][gc,phases      ] GC(276) Weak Processing 0.305ms
[3734.599s][debug][gc,age         ] GC(276) Desired survivor size 32505856 bytes, new threshold 15 (max threshold 15)
[3734.599s][info ][gc,heap        ] GC(276) PSYoungGen: 2032368K(2063872K)->1280K(2065408K) Eden: 2031104K(2031104K)->0K(2032640K) From: 1264K(32768K)->1280K(32768K)
[3734.599s][info ][gc,heap        ] GC(276) ParOldGen: 651988K(740864K)->652012K(740864K)
[3734.599s][info ][gc,metaspace   ] GC(276) Metaspace: 85861K(86720K)->85861K(86720K) NonClass: 73833K(74304K)->73833K(74304K) Class: 12028K(12416K)->12028K(12416K)
[3734.599s][info ][gc             ] GC(276) Pause Young (Allocation Failure) 2621M->637M(2740M) 4.717ms
[3734.599s][info ][gc,cpu         ] GC(276) User=0.02s Sys=0.00s Real=0.00s
[3734.599s][info ][safepoint      ] Safepoint "ParallelGCFailedAllocation", Time since last: 26445581945 ns, Reaching safepoint: 55401 ns, At safepoint: 4803312 ns, Total: 4858713 ns
[3757.600s][info ][safepoint      ] Safepoint "Cleanup", Time since last: 23001481933 ns, Reaching safepoint: 55901 ns, At safepoint: 2300 ns, Total: 58201 ns
[3761.215s][info ][gc,start       ] GC(277) Pause Young (Allocation Failure)
[3761.219s][debug][gc,phases      ] GC(277) Scavenge 3.578ms
[3761.219s][debug][gc,ref         ] GC(277) Skipped phase 1 of Reference Processing: no references
[3761.219s][debug][gc,ref         ] GC(277) Skipped phase 2 of Reference Processing: no references
[3761.219s][debug][gc,ref         ] GC(277) Skipped phase 3 of Reference Processing: no references
[3761.219s][debug][gc,ref         ] GC(277) Skipped phase 4 of Reference Processing: no references
[3761.219s][debug][gc,phases      ] GC(277) Reference Processing 0.027ms
[3761.219s][debug][gc,phases      ] GC(277)   VM Weak                        Min:  0.0, Avg:  0.0, Max:  0.0, Diff:  0.0, Sum:  0.0, Workers: 4
[3761.219s][debug][gc,phases      ] GC(277)     Dead                           Min: 0, Avg:  0.0, Max: 0, Diff: 0, Sum: 0, Workers: 4
[3761.219s][debug][gc,phases      ] GC(277)     Total                          Min: 0, Avg: 189.5, Max: 438, Diff: 438, Sum: 758, Workers: 4
[3761.219s][debug][gc,phases      ] GC(277)   ObjectSynchronizer Weak        Min:  0.0, Avg:  0.0, Max:  0.0, Diff:  0.0, Sum:  0.0, Workers: 4
[3761.219s][debug][gc,phases      ] GC(277)     Dead                           Min: 0, Avg:  0.0, Max: 0, Diff: 0, Sum: 0, Workers: 4
[3761.219s][debug][gc,phases      ] GC(277)     Total                          Min: 0, Avg: 98.8, Max: 203, Diff: 203, Sum: 395, Workers: 4
[3761.219s][debug][gc,phases      ] GC(277)   JVMTI Tag Weak OopStorage      Min:  0.0, Avg:  0.0, Max:  0.0, Diff:  0.0, Sum:  0.0, Workers: 4
[3761.219s][debug][gc,phases      ] GC(277)     Dead                           Min: 0, Avg:  0.0, Max: 0, Diff: 0, Sum: 0, Workers: 4
[3761.219s][debug][gc,phases      ] GC(277)     Total                          Min: 0, Avg:  0.0, Max: 0, Diff: 0, Sum: 0, Workers: 4
[3761.219s][debug][gc,phases      ] GC(277)   StringTable Weak               Min:  0.1, Avg:  0.1, Max:  0.1, Diff:  0.0, Sum:  0.5, Workers: 4
[3761.219s][debug][gc,phases      ] GC(277)     Dead                           Min: 0, Avg:  0.0, Max: 0, Diff: 0, Sum: 0, Workers: 4
[3761.219s][debug][gc,phases      ] GC(277)     Total                          Min: 10816, Avg: 12308.0, Max: 14416, Diff: 3600, Sum: 49232, Workers: 4
[3761.219s][debug][gc,phases      ] GC(277)   ResolvedMethodTable Weak       Min:  0.0, Avg:  0.0, Max:  0.0, Diff:  0.0, Sum:  0.1, Workers: 4
[3761.219s][debug][gc,phases      ] GC(277)     Dead                           Min: 0, Avg:  0.0, Max: 0, Diff: 0, Sum: 0, Workers: 4
[3761.219s][debug][gc,phases      ] GC(277)     Total                          Min: 2112, Avg: 2246.0, Max: 2424, Diff: 312, Sum: 8984, Workers: 4
[3761.219s][debug][gc,phases      ] GC(277)   JNI Weak                       Min:  0.0, Avg:  0.0, Max:  0.0, Diff:  0.0, Sum:  0.0, Workers: 4
[3761.219s][debug][gc,phases      ] GC(277)     Dead                           Min: 0, Avg:  0.0, Max: 0, Diff: 0, Sum: 0, Workers: 4
[3761.219s][debug][gc,phases      ] GC(277)     Total                          Min: 0, Avg:  0.0, Max: 0, Diff: 0, Sum: 0, Workers: 4
[3761.219s][debug][gc,phases      ] GC(277)   StringDedup Table Weak         Min:  0.0, Avg:  0.0, Max:  0.0, Diff:  0.0, Sum:  0.0, Workers: 4
[3761.219s][debug][gc,phases      ] GC(277)     Dead                           Min: 0, Avg:  0.0, Max: 0, Diff: 0, Sum: 0, Workers: 4
[3761.219s][debug][gc,phases      ] GC(277)     Total                          Min: 0, Avg:  0.0, Max: 0, Diff: 0, Sum: 0, Workers: 4
[3761.219s][debug][gc,phases      ] GC(277)   StringDedup Requests0 Weak     Min:  0.0, Avg:  0.0, Max:  0.0, Diff:  0.0, Sum:  0.0, Workers: 4
[3761.219s][debug][gc,phases      ] GC(277)     Dead                           Min: 0, Avg:  0.0, Max: 0, Diff: 0, Sum: 0, Workers: 4
[3761.219s][debug][gc,phases      ] GC(277)     Total                          Min: 0, Avg:  0.0, Max: 0, Diff: 0, Sum: 0, Workers: 4
[3761.219s][debug][gc,phases      ] GC(277)   StringDedup Requests1 Weak     Min:  0.0, Avg:  0.0, Max:  0.0, Diff:  0.0, Sum:  0.0, Workers: 4
[3761.219s][debug][gc,phases      ] GC(277)     Dead                           Min: 0, Avg:  0.0, Max: 0, Diff: 0, Sum: 0, Workers: 4
[3761.219s][debug][gc,phases      ] GC(277)     Total                          Min: 0, Avg:  0.0, Max: 0, Diff: 0, Sum: 0, Workers: 4
[3761.219s][debug][gc,phases      ] GC(277)   Weak JFR Old Object Samples    Min:  0.0, Avg:  0.0, Max:  0.0, Diff:  0.0, Sum:  0.0, Workers: 4
[3761.219s][debug][gc,phases      ] GC(277)     Dead                           Min: 0, Avg:  0.0, Max: 0, Diff: 0, Sum: 0, Workers: 4
[3761.219s][debug][gc,phases      ] GC(277)     Total                          Min: 0, Avg:  0.0, Max: 0, Diff: 0, Sum: 0, Workers: 4
[3761.219s][debug][gc,phases      ] GC(277) Weak Processing 0.359ms
[3761.219s][debug][gc,age         ] GC(277) Desired survivor size 31981568 bytes, new threshold 15 (max threshold 15)
[3761.219s][info ][gc,heap        ] GC(277) PSYoungGen: 2033920K(2065408K)->1296K(2064384K) Eden: 2032640K(2032640K)->0K(2032640K) From: 1280K(32768K)->1296K(31744K)
[3761.219s][info ][gc,heap        ] GC(277) ParOldGen: 652012K(740864K)->652020K(740864K)
[3761.219s][info ][gc,metaspace   ] GC(277) Metaspace: 85865K(86720K)->85865K(86720K) NonClass: 73837K(74304K)->73837K(74304K) Class: 12028K(12416K)->12028K(12416K)
[3761.219s][info ][gc             ] GC(277) Pause Young (Allocation Failure) 2622M->638M(2739M) 4.113ms
[3761.219s][info ][gc,cpu         ] GC(277) User=0.02s Sys=0.00s Real=0.00s
[3761.219s][info ][safepoint      ] Safepoint "ParallelGCFailedAllocation", Time since last: 3614799676 ns, Reaching safepoint: 42201 ns, At safepoint: 4221699 ns, Total: 4263900 ns
[3768.220s][info ][safepoint      ] Safepoint "Cleanup", Time since last: 7000490992 ns, Reaching safepoint: 78502 ns, At safepoint: 4500 ns, Total: 83002 ns
[3774.221s][info ][safepoint      ] Safepoint "Cleanup", Time since last: 6000478975 ns, Reaching safepoint: 59702 ns, At safepoint: 2500 ns, Total: 62202 ns
[3776.221s][info ][safepoint      ] Safepoint "Cleanup", Time since last: 2000178260 ns, Reaching safepoint: 52602 ns, At safepoint: 7200 ns, Total: 59802 ns
[3781.234s][info ][gc,start       ] GC(278) Pause Young (Allocation Failure)
[3781.240s][debug][gc,phases      ] GC(278) Scavenge 5.853ms
[3781.240s][debug][gc,ref         ] GC(278) Skipped phase 1 of Reference Processing: no references
[3781.240s][debug][gc,ref         ] GC(278) ReferenceProcessor::execute queues: 1, RefProcThreadModel::Single, marks_oops_alive: false
[3781.240s][debug][gc,ref         ] GC(278) ReferenceProcessor::execute queues: 4, RefProcThreadModel::Multi, marks_oops_alive: true
[3781.240s][debug][gc,ref         ] GC(278) ReferenceProcessor::execute queues: 1, RefProcThreadModel::Single, marks_oops_alive: false
[3781.240s][debug][gc,phases      ] GC(278) Reference Processing 0.179ms
[3781.240s][debug][gc,phases      ] GC(278)   VM Weak                        Min:  0.0, Avg:  0.0, Max:  0.0, Diff:  0.0, Sum:  0.0, Workers: 4
[3781.240s][debug][gc,phases      ] GC(278)     Dead                           Min: 0, Avg:  0.0, Max: 0, Diff: 0, Sum: 0, Workers: 4
[3781.240s][debug][gc,phases      ] GC(278)     Total                          Min: 0, Avg: 189.5, Max: 448, Diff: 448, Sum: 758, Workers: 4
[3781.240s][debug][gc,phases      ] GC(278)   ObjectSynchronizer Weak        Min:  0.0, Avg:  0.0, Max:  0.0, Diff:  0.0, Sum:  0.0, Workers: 4
[3781.240s][debug][gc,phases      ] GC(278)     Dead                           Min: 0, Avg:  0.0, Max: 0, Diff: 0, Sum: 0, Workers: 4
[3781.240s][debug][gc,phases      ] GC(278)     Total                          Min: 0, Avg: 98.8, Max: 256, Diff: 256, Sum: 395, Workers: 4
[3781.240s][debug][gc,phases      ] GC(278)   JVMTI Tag Weak OopStorage      Min:  0.0, Avg:  0.0, Max:  0.0, Diff:  0.0, Sum:  0.0, Workers: 4
[3781.240s][debug][gc,phases      ] GC(278)     Dead                           Min: 0, Avg:  0.0, Max: 0, Diff: 0, Sum: 0, Workers: 4
[3781.240s][debug][gc,phases      ] GC(278)     Total                          Min: 0, Avg:  0.0, Max: 0, Diff: 0, Sum: 0, Workers: 4
[3781.240s][debug][gc,phases      ] GC(278)   StringTable Weak               Min:  0.1, Avg:  0.1, Max:  0.1, Diff:  0.0, Sum:  0.4, Workers: 4
[3781.240s][debug][gc,phases      ] GC(278)     Dead                           Min: 0, Avg:  0.0, Max: 0, Diff: 0, Sum: 0, Workers: 4
[3781.240s][debug][gc,phases      ] GC(278)     Total                          Min: 11264, Avg: 12308.8, Max: 12992, Diff: 1728, Sum: 49235, Workers: 4
[3781.240s][debug][gc,phases      ] GC(278)   ResolvedMethodTable Weak       Min:  0.0, Avg:  0.0, Max:  0.0, Diff:  0.0, Sum:  0.1, Workers: 4
[3781.240s][debug][gc,phases      ] GC(278)     Dead                           Min: 0, Avg:  0.0, Max: 0, Diff: 0, Sum: 0, Workers: 4
[3781.240s][debug][gc,phases      ] GC(278)     Total                          Min: 1984, Avg: 2246.0, Max: 2392, Diff: 408, Sum: 8984, Workers: 4
[3781.240s][debug][gc,phases      ] GC(278)   JNI Weak                       Min:  0.0, Avg:  0.0, Max:  0.0, Diff:  0.0, Sum:  0.0, Workers: 4
[3781.240s][debug][gc,phases      ] GC(278)     Dead                           Min: 0, Avg:  0.0, Max: 0, Diff: 0, Sum: 0, Workers: 4
[3781.240s][debug][gc,phases      ] GC(278)     Total                          Min: 0, Avg:  0.0, Max: 0, Diff: 0, Sum: 0, Workers: 4
[3781.240s][debug][gc,phases      ] GC(278)   StringDedup Table Weak         Min:  0.0, Avg:  0.0, Max:  0.0, Diff:  0.0, Sum:  0.0, Workers: 4
[3781.241s][debug][gc,phases      ] GC(278)     Dead                           Min: 0, Avg:  0.0, Max: 0, Diff: 0, Sum: 0, Workers: 4
[3781.241s][debug][gc,phases      ] GC(278)     Total                          Min: 0, Avg:  0.0, Max: 0, Diff: 0, Sum: 0, Workers: 4
[3781.241s][debug][gc,phases      ] GC(278)   StringDedup Requests0 Weak     Min:  0.0, Avg:  0.0, Max:  0.0, Diff:  0.0, Sum:  0.0, Workers: 4
[3781.241s][debug][gc,phases      ] GC(278)     Dead                           Min: 0, Avg:  0.0, Max: 0, Diff: 0, Sum: 0, Workers: 4
[3781.241s][debug][gc,phases      ] GC(278)     Total                          Min: 0, Avg:  0.0, Max: 0, Diff: 0, Sum: 0, Workers: 4
[3781.241s][debug][gc,phases      ] GC(278)   StringDedup Requests1 Weak     Min:  0.0, Avg:  0.0, Max:  0.0, Diff:  0.0, Sum:  0.0, Workers: 4
[3781.241s][debug][gc,phases      ] GC(278)     Dead                           Min: 0, Avg:  0.0, Max: 0, Diff: 0, Sum: 0, Workers: 4
[3781.241s][debug][gc,phases      ] GC(278)     Total                          Min: 0, Avg:  0.0, Max: 0, Diff: 0, Sum: 0, Workers: 4
[3781.241s][debug][gc,phases      ] GC(278)   Weak JFR Old Object Samples    Min:  0.0, Avg:  0.0, Max:  0.0, Diff:  0.0, Sum:  0.0, Workers: 4
[3781.241s][debug][gc,phases      ] GC(278)     Dead                           Min: 0, Avg:  0.0, Max: 0, Diff: 0, Sum: 0, Workers: 4
[3781.241s][debug][gc,phases      ] GC(278)     Total                          Min: 0, Avg:  0.0, Max: 0, Diff: 0, Sum: 0, Workers: 4
[3781.241s][debug][gc,phases      ] GC(278) Weak Processing 0.302ms
[3781.241s][debug][gc,age         ] GC(278) Desired survivor size 33554432 bytes, new threshold 15 (max threshold 15)
[3781.241s][info ][gc,heap        ] GC(278) PSYoungGen: 2033936K(2064384K)->18453K(2062848K) Eden: 2032640K(2032640K)->0K(2031616K) From: 1296K(31744K)->18453K(31232K)
[3781.241s][info ][gc,heap        ] GC(278) ParOldGen: 652020K(740864K)->652052K(740864K)
[3781.241s][info ][gc,metaspace   ] GC(278) Metaspace: 85897K(86784K)->85897K(86784K) NonClass: 73869K(74368K)->73869K(74368K) Class: 12028K(12416K)->12028K(12416K)
[3781.241s][info ][gc             ] GC(278) Pause Young (Allocation Failure) 2623M->654M(2738M) 6.459ms
[3781.241s][info ][gc,cpu         ] GC(278) User=0.02s Sys=0.00s Real=0.00s
[3781.241s][info ][safepoint      ] Safepoint "ParallelGCFailedAllocation", Time since last: 5013196454 ns, Reaching safepoint: 28500 ns, At safepoint: 6574854 ns, Total: 6603354 ns
[3800.044s][info ][gc,start       ] GC(279) Pause Young (Allocation Failure)
[3800.049s][debug][gc,phases      ] GC(279) Scavenge 5.229ms
[3800.049s][debug][gc,ref         ] GC(279) Skipped phase 1 of Reference Processing: no references
[3800.049s][debug][gc,ref         ] GC(279) ReferenceProcessor::execute queues: 1, RefProcThreadModel::Single, marks_oops_alive: false
[3800.049s][debug][gc,ref         ] GC(279) Skipped phase 3 of Reference Processing: no references
[3800.049s][debug][gc,ref         ] GC(279) ReferenceProcessor::execute queues: 1, RefProcThreadModel::Single, marks_oops_alive: false
[3800.049s][debug][gc,phases      ] GC(279) Reference Processing 0.121ms
[3800.049s][debug][gc,phases      ] GC(279)   VM Weak                        Min:  0.0, Avg:  0.0, Max:  0.0, Diff:  0.0, Sum:  0.0, Workers: 4
[3800.049s][debug][gc,phases      ] GC(279)     Dead                           Min: 0, Avg:  0.0, Max: 0, Diff: 0, Sum: 0, Workers: 4
[3800.049s][debug][gc,phases      ] GC(279)     Total                          Min: 0, Avg: 189.5, Max: 566, Diff: 566, Sum: 758, Workers: 4
[3800.049s][debug][gc,phases      ] GC(279)   ObjectSynchronizer Weak        Min:  0.0, Avg:  0.0, Max:  0.0, Diff:  0.0, Sum:  0.0, Workers: 4
[3800.049s][debug][gc,phases      ] GC(279)     Dead                           Min: 0, Avg:  0.0, Max: 0, Diff: 0, Sum: 0, Workers: 4
[3800.049s][debug][gc,phases      ] GC(279)     Total                          Min: 0, Avg: 98.8, Max: 203, Diff: 203, Sum: 395, Workers: 4
[3800.049s][debug][gc,phases      ] GC(279)   JVMTI Tag Weak OopStorage      Min:  0.0, Avg:  0.0, Max:  0.0, Diff:  0.0, Sum:  0.0, Workers: 4
[3800.049s][debug][gc,phases      ] GC(279)     Dead                           Min: 0, Avg:  0.0, Max: 0, Diff: 0, Sum: 0, Workers: 4
[3800.049s][debug][gc,phases      ] GC(279)     Total                          Min: 0, Avg:  0.0, Max: 0, Diff: 0, Sum: 0, Workers: 4
[3800.049s][debug][gc,phases      ] GC(279)   StringTable Weak               Min:  0.1, Avg:  0.1, Max:  0.1, Diff:  0.0, Sum:  0.4, Workers: 4
[3800.049s][debug][gc,phases      ] GC(279)     Dead                           Min: 0, Avg:  0.0, Max: 0, Diff: 0, Sum: 0, Workers: 4
[3800.049s][debug][gc,phases      ] GC(279)     Total                          Min: 10067, Avg: 12308.8, Max: 13440, Diff: 3373, Sum: 49235, Workers: 4
[3800.049s][debug][gc,phases      ] GC(279)   ResolvedMethodTable Weak       Min:  0.0, Avg:  0.0, Max:  0.0, Diff:  0.0, Sum:  0.1, Workers: 4
[3800.049s][debug][gc,phases      ] GC(279)     Dead                           Min: 0, Avg:  0.0, Max: 0, Diff: 0, Sum: 0, Workers: 4
[3800.049s][debug][gc,phases      ] GC(279)     Total                          Min: 1982, Avg: 2246.0, Max: 2426, Diff: 444, Sum: 8984, Workers: 4
[3800.049s][debug][gc,phases      ] GC(279)   JNI Weak                       Min:  0.0, Avg:  0.0, Max:  0.0, Diff:  0.0, Sum:  0.0, Workers: 4
[3800.049s][debug][gc,phases      ] GC(279)     Dead                           Min: 0, Avg:  0.0, Max: 0, Diff: 0, Sum: 0, Workers: 4
[3800.049s][debug][gc,phases      ] GC(279)     Total                          Min: 0, Avg:  0.0, Max: 0, Diff: 0, Sum: 0, Workers: 4
[3800.049s][debug][gc,phases      ] GC(279)   StringDedup Table Weak         Min:  0.0, Avg:  0.0, Max:  0.0, Diff:  0.0, Sum:  0.0, Workers: 4
[3800.049s][debug][gc,phases      ] GC(279)     Dead                           Min: 0, Avg:  0.0, Max: 0, Diff: 0, Sum: 0, Workers: 4
[3800.049s][debug][gc,phases      ] GC(279)     Total                          Min: 0, Avg:  0.0, Max: 0, Diff: 0, Sum: 0, Workers: 4
[3800.049s][debug][gc,phases      ] GC(279)   StringDedup Requests0 Weak     Min:  0.0, Avg:  0.0, Max:  0.0, Diff:  0.0, Sum:  0.0, Workers: 4
[3800.049s][debug][gc,phases      ] GC(279)     Dead                           Min: 0, Avg:  0.0, Max: 0, Diff: 0, Sum: 0, Workers: 4
[3800.049s][debug][gc,phases      ] GC(279)     Total                          Min: 0, Avg:  0.0, Max: 0, Diff: 0, Sum: 0, Workers: 4
[3800.049s][debug][gc,phases      ] GC(279)   StringDedup Requests1 Weak     Min:  0.0, Avg:  0.0, Max:  0.0, Diff:  0.0, Sum:  0.0, Workers: 4
[3800.049s][debug][gc,phases      ] GC(279)     Dead                           Min: 0, Avg:  0.0, Max: 0, Diff: 0, Sum: 0, Workers: 4
[3800.049s][debug][gc,phases      ] GC(279)     Total                          Min: 0, Avg:  0.0, Max: 0, Diff: 0, Sum: 0, Workers: 4
[3800.049s][debug][gc,phases      ] GC(279)   Weak JFR Old Object Samples    Min:  0.0, Avg:  0.0, Max:  0.0, Diff:  0.0, Sum:  0.0, Workers: 4
[3800.049s][debug][gc,phases      ] GC(279)     Dead                           Min: 0, Avg:  0.0, Max: 0, Diff: 0, Sum: 0, Workers: 4
[3800.049s][debug][gc,phases      ] GC(279)     Total                          Min: 0, Avg:  0.0, Max: 0, Diff: 0, Sum: 0, Workers: 4
[3800.049s][debug][gc,phases      ] GC(279) Weak Processing 0.308ms
[3800.049s][debug][gc,age         ] GC(279) Desired survivor size 34078720 bytes, new threshold 15 (max threshold 15)
[3800.049s][info ][gc,heap        ] GC(279) PSYoungGen: 2050069K(2062848K)->18290K(2050048K) Eden: 2031616K(2031616K)->0K(2031616K) From: 18453K(31232K)->18290K(18432K)
[3800.049s][info ][gc,heap        ] GC(279) ParOldGen: 652052K(740864K)->652084K(740864K)
[3800.049s][info ][gc,metaspace   ] GC(279) Metaspace: 85898K(86784K)->85898K(86784K) NonClass: 73869K(74368K)->73869K(74368K) Class: 12028K(12416K)->12028K(12416K)
[3800.049s][info ][gc             ] GC(279) Pause Young (Allocation Failure) 2638M->654M(2725M) 5.787ms
[3800.049s][info ][gc,cpu         ] GC(279) User=0.02s Sys=0.00s Real=0.00s
[3800.049s][info ][safepoint      ] Safepoint "ParallelGCFailedAllocation", Time since last: 18802807578 ns, Reaching safepoint: 53901 ns, At safepoint: 5885538 ns, Total: 5939439 ns
[3820.443s][info ][gc,start       ] GC(280) Pause Young (Allocation Failure)
[3820.449s][debug][gc,phases      ] GC(280) Scavenge 5.702ms
[3820.449s][debug][gc,ref         ] GC(280) Skipped phase 1 of Reference Processing: no references
[3820.449s][debug][gc,ref         ] GC(280) ReferenceProcessor::execute queues: 1, RefProcThreadModel::Single, marks_oops_alive: false
[3820.449s][debug][gc,ref         ] GC(280) Skipped phase 3 of Reference Processing: no references
[3820.449s][debug][gc,ref         ] GC(280) ReferenceProcessor::execute queues: 1, RefProcThreadModel::Single, marks_oops_alive: false
[3820.449s][debug][gc,phases      ] GC(280) Reference Processing 0.109ms
[3820.450s][debug][gc,phases      ] GC(280)   VM Weak                        Min:  0.0, Avg:  0.0, Max:  0.0, Diff:  0.0, Sum:  0.0, Workers: 4
[3820.450s][debug][gc,phases      ] GC(280)     Dead                           Min: 0, Avg:  0.0, Max: 0, Diff: 0, Sum: 0, Workers: 4
[3820.450s][debug][gc,phases      ] GC(280)     Total                          Min: 0, Avg: 189.5, Max: 320, Diff: 320, Sum: 758, Workers: 4
[3820.450s][debug][gc,phases      ] GC(280)   ObjectSynchronizer Weak        Min:  0.0, Avg:  0.0, Max:  0.0, Diff:  0.0, Sum:  0.0, Workers: 4
[3820.450s][debug][gc,phases      ] GC(280)     Dead                           Min: 0, Avg:  0.0, Max: 0, Diff: 0, Sum: 0, Workers: 4
[3820.450s][debug][gc,phases      ] GC(280)     Total                          Min: 0, Avg: 98.8, Max: 139, Diff: 139, Sum: 395, Workers: 4
[3820.450s][debug][gc,phases      ] GC(280)   JVMTI Tag Weak OopStorage      Min:  0.0, Avg:  0.0, Max:  0.0, Diff:  0.0, Sum:  0.0, Workers: 4
[3820.450s][debug][gc,phases      ] GC(280)     Dead                           Min: 0, Avg:  0.0, Max: 0, Diff: 0, Sum: 0, Workers: 4
[3820.450s][debug][gc,phases      ] GC(280)     Total                          Min: 0, Avg:  0.0, Max: 0, Diff: 0, Sum: 0, Workers: 4
[3820.450s][debug][gc,phases      ] GC(280)   StringTable Weak               Min:  0.1, Avg:  0.1, Max:  0.1, Diff:  0.0, Sum:  0.4, Workers: 4
[3820.450s][debug][gc,phases      ] GC(280)     Dead                           Min: 0, Avg:  0.0, Max: 0, Diff: 0, Sum: 0, Workers: 4
[3820.450s][debug][gc,phases      ] GC(280)     Total                          Min: 10944, Avg: 12310.0, Max: 12992, Diff: 2048, Sum: 49240, Workers: 4
[3820.450s][debug][gc,phases      ] GC(280)   ResolvedMethodTable Weak       Min:  0.0, Avg:  0.0, Max:  0.0, Diff:  0.0, Sum:  0.1, Workers: 4
[3820.450s][debug][gc,phases      ] GC(280)     Dead                           Min: 0, Avg:  0.0, Max: 0, Diff: 0, Sum: 0, Workers: 4
[3820.450s][debug][gc,phases      ] GC(280)     Total                          Min: 1982, Avg: 2246.0, Max: 2426, Diff: 444, Sum: 8984, Workers: 4
[3820.450s][debug][gc,phases      ] GC(280)   JNI Weak                       Min:  0.0, Avg:  0.0, Max:  0.0, Diff:  0.0, Sum:  0.0, Workers: 4
[3820.450s][debug][gc,phases      ] GC(280)     Dead                           Min: 0, Avg:  0.0, Max: 0, Diff: 0, Sum: 0, Workers: 4
[3820.450s][debug][gc,phases      ] GC(280)     Total                          Min: 0, Avg:  0.0, Max: 0, Diff: 0, Sum: 0, Workers: 4
[3820.450s][debug][gc,phases      ] GC(280)   StringDedup Table Weak         Min:  0.0, Avg:  0.0, Max:  0.0, Diff:  0.0, Sum:  0.0, Workers: 4
[3820.450s][debug][gc,phases      ] GC(280)     Dead                           Min: 0, Avg:  0.0, Max: 0, Diff: 0, Sum: 0, Workers: 4
[3820.450s][debug][gc,phases      ] GC(280)     Total                          Min: 0, Avg:  0.0, Max: 0, Diff: 0, Sum: 0, Workers: 4
[3820.450s][debug][gc,phases      ] GC(280)   StringDedup Requests0 Weak     Min:  0.0, Avg:  0.0, Max:  0.0, Diff:  0.0, Sum:  0.0, Workers: 4
[3820.450s][debug][gc,phases      ] GC(280)     Dead                           Min: 0, Avg:  0.0, Max: 0, Diff: 0, Sum: 0, Workers: 4
[3820.450s][debug][gc,phases      ] GC(280)     Total                          Min: 0, Avg:  0.0, Max: 0, Diff: 0, Sum: 0, Workers: 4
[3820.450s][debug][gc,phases      ] GC(280)   StringDedup Requests1 Weak     Min:  0.0, Avg:  0.0, Max:  0.0, Diff:  0.0, Sum:  0.0, Workers: 4
[3820.450s][debug][gc,phases      ] GC(280)     Dead                           Min: 0, Avg:  0.0, Max: 0, Diff: 0, Sum: 0, Workers: 4
[3820.450s][debug][gc,phases      ] GC(280)     Total                          Min: 0, Avg:  0.0, Max: 0, Diff: 0, Sum: 0, Workers: 4
[3820.450s][debug][gc,phases      ] GC(280)   Weak JFR Old Object Samples    Min:  0.0, Avg:  0.0, Max:  0.0, Diff:  0.0, Sum:  0.0, Workers: 4
[3820.450s][debug][gc,phases      ] GC(280)     Dead                           Min: 0, Avg:  0.0, Max: 0, Diff: 0, Sum: 0, Workers: 4
[3820.450s][debug][gc,phases      ] GC(280)     Total                          Min: 0, Avg:  0.0, Max: 0, Diff: 0, Sum: 0, Workers: 4
[3820.450s][debug][gc,phases      ] GC(280) Weak Processing 0.307ms
[3820.450s][debug][gc,age         ] GC(280) Desired survivor size 35127296 bytes, new threshold 15 (max threshold 15)
[3820.450s][info ][gc,heap        ] GC(280) PSYoungGen: 2049906K(2050048K)->18293K(2061824K) Eden: 2031616K(2031616K)->0K(2028544K) From: 18290K(18432K)->18293K(33280K)
[3820.450s][info ][gc,heap        ] GC(280) ParOldGen: 652084K(740864K)->652108K(740864K)
[3820.450s][info ][gc,metaspace   ] GC(280) Metaspace: 85898K(86784K)->85898K(86784K) NonClass: 73869K(74368K)->73869K(74368K) Class: 12028K(12416K)->12028K(12416K)
[3820.450s][info ][gc             ] GC(280) Pause Young (Allocation Failure) 2638M->654M(2737M) 6.260ms
[3820.450s][info ][gc,cpu         ] GC(280) User=0.03s Sys=0.00s Real=0.01s
[3820.450s][info ][safepoint      ] Safepoint "ParallelGCFailedAllocation", Time since last: 20393911942 ns, Reaching safepoint: 122003 ns, At safepoint: 6355549 ns, Total: 6477552 ns
[3841.244s][info ][gc,start       ] GC(281) Pause Young (Allocation Failure)
[3841.249s][debug][gc,phases      ] GC(281) Scavenge 5.488ms
[3841.249s][debug][gc,ref         ] GC(281) Skipped phase 1 of Reference Processing: no references
[3841.249s][debug][gc,ref         ] GC(281) ReferenceProcessor::execute queues: 1, RefProcThreadModel::Single, marks_oops_alive: false
[3841.249s][debug][gc,ref         ] GC(281) Skipped phase 3 of Reference Processing: no references
[3841.249s][debug][gc,ref         ] GC(281) ReferenceProcessor::execute queues: 1, RefProcThreadModel::Single, marks_oops_alive: false
[3841.249s][debug][gc,phases      ] GC(281) Reference Processing 0.106ms
[3841.250s][debug][gc,phases      ] GC(281)   VM Weak                        Min:  0.0, Avg:  0.0, Max:  0.0, Diff:  0.0, Sum:  0.0, Workers: 4
[3841.250s][debug][gc,phases      ] GC(281)     Dead                           Min: 0, Avg:  0.0, Max: 0, Diff: 0, Sum: 0, Workers: 4
[3841.250s][debug][gc,phases      ] GC(281)     Total                          Min: 0, Avg: 189.5, Max: 448, Diff: 448, Sum: 758, Workers: 4
[3841.250s][debug][gc,phases      ] GC(281)   ObjectSynchronizer Weak        Min:  0.0, Avg:  0.0, Max:  0.0, Diff:  0.0, Sum:  0.0, Workers: 4
[3841.250s][debug][gc,phases      ] GC(281)     Dead                           Min: 0, Avg:  0.0, Max: 0, Diff: 0, Sum: 0, Workers: 4
[3841.250s][debug][gc,phases      ] GC(281)     Total                          Min: 0, Avg: 98.8, Max: 139, Diff: 139, Sum: 395, Workers: 4
[3841.250s][debug][gc,phases      ] GC(281)   JVMTI Tag Weak OopStorage      Min:  0.0, Avg:  0.0, Max:  0.0, Diff:  0.0, Sum:  0.0, Workers: 4
[3841.250s][debug][gc,phases      ] GC(281)     Dead                           Min: 0, Avg:  0.0, Max: 0, Diff: 0, Sum: 0, Workers: 4
[3841.250s][debug][gc,phases      ] GC(281)     Total                          Min: 0, Avg:  0.0, Max: 0, Diff: 0, Sum: 0, Workers: 4
[3841.250s][debug][gc,phases      ] GC(281)   StringTable Weak               Min:  0.1, Avg:  0.1, Max:  0.1, Diff:  0.0, Sum:  0.4, Workers: 4
[3841.250s][debug][gc,phases      ] GC(281)     Dead                           Min: 0, Avg:  0.0, Max: 0, Diff: 0, Sum: 0, Workers: 4
[3841.250s][debug][gc,phases      ] GC(281)     Total                          Min: 11136, Avg: 12310.0, Max: 13696, Diff: 2560, Sum: 49240, Workers: 4
[3841.250s][debug][gc,phases      ] GC(281)   ResolvedMethodTable Weak       Min:  0.0, Avg:  0.0, Max:  0.0, Diff:  0.0, Sum:  0.1, Workers: 4
[3841.250s][debug][gc,phases      ] GC(281)     Dead                           Min: 0, Avg:  0.0, Max: 0, Diff: 0, Sum: 0, Workers: 4
[3841.250s][debug][gc,phases      ] GC(281)     Total                          Min: 2048, Avg: 2246.0, Max: 2778, Diff: 730, Sum: 8984, Workers: 4
[3841.250s][debug][gc,phases      ] GC(281)   JNI Weak                       Min:  0.0, Avg:  0.0, Max:  0.0, Diff:  0.0, Sum:  0.0, Workers: 4
[3841.250s][debug][gc,phases      ] GC(281)     Dead                           Min: 0, Avg:  0.0, Max: 0, Diff: 0, Sum: 0, Workers: 4
[3841.250s][debug][gc,phases      ] GC(281)     Total                          Min: 0, Avg:  0.0, Max: 0, Diff: 0, Sum: 0, Workers: 4
[3841.250s][debug][gc,phases      ] GC(281)   StringDedup Table Weak         Min:  0.0, Avg:  0.0, Max:  0.0, Diff:  0.0, Sum:  0.0, Workers: 4
[3841.250s][debug][gc,phases      ] GC(281)     Dead                           Min: 0, Avg:  0.0, Max: 0, Diff: 0, Sum: 0, Workers: 4
[3841.250s][debug][gc,phases      ] GC(281)     Total                          Min: 0, Avg:  0.0, Max: 0, Diff: 0, Sum: 0, Workers: 4
[3841.250s][debug][gc,phases      ] GC(281)   StringDedup Requests0 Weak     Min:  0.0, Avg:  0.0, Max:  0.0, Diff:  0.0, Sum:  0.0, Workers: 4
[3841.250s][debug][gc,phases      ] GC(281)     Dead                           Min: 0, Avg:  0.0, Max: 0, Diff: 0, Sum: 0, Workers: 4
[3841.250s][debug][gc,phases      ] GC(281)     Total                          Min: 0, Avg:  0.0, Max: 0, Diff: 0, Sum: 0, Workers: 4
[3841.250s][debug][gc,phases      ] GC(281)   StringDedup Requests1 Weak     Min:  0.0, Avg:  0.0, Max:  0.0, Diff:  0.0, Sum:  0.0, Workers: 4
[3841.250s][debug][gc,phases      ] GC(281)     Dead                           Min: 0, Avg:  0.0, Max: 0, Diff: 0, Sum: 0, Workers: 4
[3841.250s][debug][gc,phases      ] GC(281)     Total                          Min: 0, Avg:  0.0, Max: 0, Diff: 0, Sum: 0, Workers: 4
[3841.250s][debug][gc,phases      ] GC(281)   Weak JFR Old Object Samples    Min:  0.0, Avg:  0.0, Max:  0.0, Diff:  0.0, Sum:  0.0, Workers: 4
[3841.250s][debug][gc,phases      ] GC(281)     Dead                           Min: 0, Avg:  0.0, Max: 0, Diff: 0, Sum: 0, Workers: 4
[3841.250s][debug][gc,phases      ] GC(281)     Total                          Min: 0, Avg:  0.0, Max: 0, Diff: 0, Sum: 0, Workers: 4
[3841.250s][debug][gc,phases      ] GC(281) Weak Processing 0.302ms
[3841.250s][debug][gc,age         ] GC(281) Desired survivor size 35127296 bytes, new threshold 15 (max threshold 15)
[3841.250s][info ][gc,heap        ] GC(281) PSYoungGen: 2046837K(2061824K)->18325K(2062848K) Eden: 2028544K(2028544K)->0K(2028544K) From: 18293K(33280K)->18325K(34304K)
[3841.250s][info ][gc,heap        ] GC(281) ParOldGen: 652108K(740864K)->652124K(740864K)
[3841.250s][info ][gc,metaspace   ] GC(281) Metaspace: 85901K(86784K)->85901K(86784K) NonClass: 73873K(74368K)->73873K(74368K) Class: 12028K(12416K)->12028K(12416K)
[3841.250s][info ][gc             ] GC(281) Pause Young (Allocation Failure) 2635M->654M(2738M) 6.014ms
[3841.250s][info ][gc,cpu         ] GC(281) User=0.02s Sys=0.00s Real=0.00s
[3841.250s][info ][safepoint      ] Safepoint "ParallelGCFailedAllocation", Time since last: 20793909202 ns, Reaching safepoint: 44701 ns, At safepoint: 6095843 ns, Total: 6140544 ns
[3861.251s][info ][safepoint      ] Safepoint "Cleanup", Time since last: 20001382303 ns, Reaching safepoint: 72802 ns, At safepoint: 18000 ns, Total: 90802 ns
[3861.578s][info ][gc,start       ] GC(282) Pause Young (Allocation Failure)
[3861.584s][debug][gc,phases      ] GC(282) Scavenge 5.807ms
[3861.584s][debug][gc,ref         ] GC(282) Skipped phase 1 of Reference Processing: no references
[3861.584s][debug][gc,ref         ] GC(282) ReferenceProcessor::execute queues: 1, RefProcThreadModel::Single, marks_oops_alive: false
[3861.584s][debug][gc,ref         ] GC(282) Skipped phase 3 of Reference Processing: no references
[3861.584s][debug][gc,ref         ] GC(282) ReferenceProcessor::execute queues: 1, RefProcThreadModel::Single, marks_oops_alive: false
[3861.584s][debug][gc,phases      ] GC(282) Reference Processing 0.103ms
[3861.584s][debug][gc,phases      ] GC(282)   VM Weak                        Min:  0.0, Avg:  0.0, Max:  0.0, Diff:  0.0, Sum:  0.0, Workers: 4
[3861.584s][debug][gc,phases      ] GC(282)     Dead                           Min: 0, Avg:  0.0, Max: 0, Diff: 0, Sum: 0, Workers: 4
[3861.584s][debug][gc,phases      ] GC(282)     Total                          Min: 0, Avg: 189.5, Max: 502, Diff: 502, Sum: 758, Workers: 4
[3861.584s][debug][gc,phases      ] GC(282)   ObjectSynchronizer Weak        Min:  0.0, Avg:  0.0, Max:  0.0, Diff:  0.0, Sum:  0.0, Workers: 4
[3861.584s][debug][gc,phases      ] GC(282)     Dead                           Min: 0, Avg:  0.0, Max: 0, Diff: 0, Sum: 0, Workers: 4
[3861.584s][debug][gc,phases      ] GC(282)     Total                          Min: 0, Avg: 98.8, Max: 256, Diff: 256, Sum: 395, Workers: 4
[3861.584s][debug][gc,phases      ] GC(282)   JVMTI Tag Weak OopStorage      Min:  0.0, Avg:  0.0, Max:  0.0, Diff:  0.0, Sum:  0.0, Workers: 4
[3861.584s][debug][gc,phases      ] GC(282)     Dead                           Min: 0, Avg:  0.0, Max: 0, Diff: 0, Sum: 0, Workers: 4
[3861.584s][debug][gc,phases      ] GC(282)     Total                          Min: 0, Avg:  0.0, Max: 0, Diff: 0, Sum: 0, Workers: 4
[3861.584s][debug][gc,phases      ] GC(282)   StringTable Weak               Min:  0.1, Avg:  0.1, Max:  0.1, Diff:  0.0, Sum:  0.4, Workers: 4
[3861.584s][debug][gc,phases      ] GC(282)     Dead                           Min: 0, Avg:  0.0, Max: 0, Diff: 0, Sum: 0, Workers: 4
[3861.584s][debug][gc,phases      ] GC(282)     Total                          Min: 11608, Avg: 12310.0, Max: 13120, Diff: 1512, Sum: 49240, Workers: 4
[3861.584s][debug][gc,phases      ] GC(282)   ResolvedMethodTable Weak       Min:  0.0, Avg:  0.0, Max:  0.0, Diff:  0.0, Sum:  0.1, Workers: 4
[3861.584s][debug][gc,phases      ] GC(282)     Dead                           Min: 0, Avg:  0.0, Max: 0, Diff: 0, Sum: 0, Workers: 4
[3861.584s][debug][gc,phases      ] GC(282)     Total                          Min: 2203, Avg: 2246.0, Max: 2304, Diff: 101, Sum: 8984, Workers: 4
[3861.584s][debug][gc,phases      ] GC(282)   JNI Weak                       Min:  0.0, Avg:  0.0, Max:  0.0, Diff:  0.0, Sum:  0.0, Workers: 4
[3861.584s][debug][gc,phases      ] GC(282)     Dead                           Min: 0, Avg:  0.0, Max: 0, Diff: 0, Sum: 0, Workers: 4
[3861.584s][debug][gc,phases      ] GC(282)     Total                          Min: 0, Avg:  0.0, Max: 0, Diff: 0, Sum: 0, Workers: 4
[3861.584s][debug][gc,phases      ] GC(282)   StringDedup Table Weak         Min:  0.0, Avg:  0.0, Max:  0.0, Diff:  0.0, Sum:  0.0, Workers: 4
[3861.584s][debug][gc,phases      ] GC(282)     Dead                           Min: 0, Avg:  0.0, Max: 0, Diff: 0, Sum: 0, Workers: 4
[3861.584s][debug][gc,phases      ] GC(282)     Total                          Min: 0, Avg:  0.0, Max: 0, Diff: 0, Sum: 0, Workers: 4
[3861.584s][debug][gc,phases      ] GC(282)   StringDedup Requests0 Weak     Min:  0.0, Avg:  0.0, Max:  0.0, Diff:  0.0, Sum:  0.0, Workers: 4
[3861.584s][debug][gc,phases      ] GC(282)     Dead                           Min: 0, Avg:  0.0, Max: 0, Diff: 0, Sum: 0, Workers: 4
[3861.584s][debug][gc,phases      ] GC(282)     Total                          Min: 0, Avg:  0.0, Max: 0, Diff: 0, Sum: 0, Workers: 4
[3861.584s][debug][gc,phases      ] GC(282)   StringDedup Requests1 Weak     Min:  0.0, Avg:  0.0, Max:  0.0, Diff:  0.0, Sum:  0.0, Workers: 4
[3861.584s][debug][gc,phases      ] GC(282)     Dead                           Min: 0, Avg:  0.0, Max: 0, Diff: 0, Sum: 0, Workers: 4
[3861.584s][debug][gc,phases      ] GC(282)     Total                          Min: 0, Avg:  0.0, Max: 0, Diff: 0, Sum: 0, Workers: 4
[3861.584s][debug][gc,phases      ] GC(282)   Weak JFR Old Object Samples    Min:  0.0, Avg:  0.0, Max:  0.0, Diff:  0.0, Sum:  0.0, Workers: 4
[3861.584s][debug][gc,phases      ] GC(282)     Dead                           Min: 0, Avg:  0.0, Max: 0, Diff: 0, Sum: 0, Workers: 4
[3861.584s][debug][gc,phases      ] GC(282)     Total                          Min: 0, Avg:  0.0, Max: 0, Diff: 0, Sum: 0, Workers: 4
[3861.584s][debug][gc,phases      ] GC(282) Weak Processing 0.309ms
[3861.584s][debug][gc,age         ] GC(282) Desired survivor size 35127296 bytes, new threshold 15 (max threshold 15)
[3861.584s][info ][gc,heap        ] GC(282) PSYoungGen: 2046863K(2062848K)->18421K(2062848K) Eden: 2028538K(2028544K)->0K(2028544K) From: 18325K(34304K)->18421K(34304K)
[3861.584s][info ][gc,heap        ] GC(282) ParOldGen: 652124K(740864K)->652172K(740864K)
[3861.584s][info ][gc,metaspace   ] GC(282) Metaspace: 85905K(86784K)->85905K(86784K) NonClass: 73877K(74368K)->73877K(74368K) Class: 12028K(12416K)->12028K(12416K)
[3861.584s][info ][gc             ] GC(282) Pause Young (Allocation Failure) 2635M->654M(2738M) 6.347ms
[3861.584s][info ][gc,cpu         ] GC(282) User=0.02s Sys=0.00s Real=0.01s
[3861.584s][info ][safepoint      ] Safepoint "ParallelGCFailedAllocation", Time since last: 326416153 ns, Reaching safepoint: 35101 ns, At safepoint: 6480852 ns, Total: 6515953 ns
[3863.584s][info ][safepoint      ] Safepoint "Cleanup", Time since last: 2000189295 ns, Reaching safepoint: 43301 ns, At safepoint: 2401 ns, Total: 45702 ns
[3881.811s][info ][gc,start       ] GC(283) Pause Young (Allocation Failure)
[3881.817s][debug][gc,phases      ] GC(283) Scavenge 5.621ms
[3881.817s][debug][gc,ref         ] GC(283) Skipped phase 1 of Reference Processing: no references
[3881.817s][debug][gc,ref         ] GC(283) ReferenceProcessor::execute queues: 1, RefProcThreadModel::Single, marks_oops_alive: false
[3881.817s][debug][gc,ref         ] GC(283) Skipped phase 3 of Reference Processing: no references
[3881.817s][debug][gc,ref         ] GC(283) ReferenceProcessor::execute queues: 1, RefProcThreadModel::Single, marks_oops_alive: false
[3881.817s][debug][gc,phases      ] GC(283) Reference Processing 0.105ms
[3881.817s][debug][gc,phases      ] GC(283)   VM Weak                        Min:  0.0, Avg:  0.0, Max:  0.0, Diff:  0.0, Sum:  0.0, Workers: 4
[3881.817s][debug][gc,phases      ] GC(283)     Dead                           Min: 0, Avg:  0.0, Max: 0, Diff: 0, Sum: 0, Workers: 4
[3881.817s][debug][gc,phases      ] GC(283)     Total                          Min: 0, Avg: 189.5, Max: 512, Diff: 512, Sum: 758, Workers: 4
[3881.817s][debug][gc,phases      ] GC(283)   ObjectSynchronizer Weak        Min:  0.0, Avg:  0.0, Max:  0.0, Diff:  0.0, Sum:  0.0, Workers: 4
[3881.817s][debug][gc,phases      ] GC(283)     Dead                           Min: 0, Avg:  0.0, Max: 0, Diff: 0, Sum: 0, Workers: 4
[3881.817s][debug][gc,phases      ] GC(283)     Total                          Min: 0, Avg: 98.8, Max: 256, Diff: 256, Sum: 395, Workers: 4
[3881.817s][debug][gc,phases      ] GC(283)   JVMTI Tag Weak OopStorage      Min:  0.0, Avg:  0.0, Max:  0.0, Diff:  0.0, Sum:  0.0, Workers: 4
[3881.817s][debug][gc,phases      ] GC(283)     Dead                           Min: 0, Avg:  0.0, Max: 0, Diff: 0, Sum: 0, Workers: 4
[3881.817s][debug][gc,phases      ] GC(283)     Total                          Min: 0, Avg:  0.0, Max: 0, Diff: 0, Sum: 0, Workers: 4
[3881.817s][debug][gc,phases      ] GC(283)   StringTable Weak               Min:  0.1, Avg:  0.1, Max:  0.1, Diff:  0.0, Sum:  0.4, Workers: 4
[3881.817s][debug][gc,phases      ] GC(283)     Dead                           Min: 0, Avg:  0.0, Max: 0, Diff: 0, Sum: 0, Workers: 4
[3881.817s][debug][gc,phases      ] GC(283)     Total                          Min: 11229, Avg: 12311.2, Max: 12928, Diff: 1699, Sum: 49245, Workers: 4
[3881.817s][debug][gc,phases      ] GC(283)   ResolvedMethodTable Weak       Min:  0.0, Avg:  0.0, Max:  0.0, Diff:  0.0, Sum:  0.1, Workers: 4
[3881.817s][debug][gc,phases      ] GC(283)     Dead                           Min: 0, Avg:  0.0, Max: 0, Diff: 0, Sum: 0, Workers: 4
[3881.817s][debug][gc,phases      ] GC(283)     Total                          Min: 1920, Avg: 2247.5, Max: 2558, Diff: 638, Sum: 8990, Workers: 4
[3881.817s][debug][gc,phases      ] GC(283)   JNI Weak                       Min:  0.0, Avg:  0.0, Max:  0.0, Diff:  0.0, Sum:  0.0, Workers: 4
[3881.817s][debug][gc,phases      ] GC(283)     Dead                           Min: 0, Avg:  0.0, Max: 0, Diff: 0, Sum: 0, Workers: 4
[3881.817s][debug][gc,phases      ] GC(283)     Total                          Min: 0, Avg:  0.0, Max: 0, Diff: 0, Sum: 0, Workers: 4
[3881.817s][debug][gc,phases      ] GC(283)   StringDedup Table Weak         Min:  0.0, Avg:  0.0, Max:  0.0, Diff:  0.0, Sum:  0.0, Workers: 4
[3881.817s][debug][gc,phases      ] GC(283)     Dead                           Min: 0, Avg:  0.0, Max: 0, Diff: 0, Sum: 0, Workers: 4
[3881.817s][debug][gc,phases      ] GC(283)     Total                          Min: 0, Avg:  0.0, Max: 0, Diff: 0, Sum: 0, Workers: 4
[3881.817s][debug][gc,phases      ] GC(283)   StringDedup Requests0 Weak     Min:  0.0, Avg:  0.0, Max:  0.0, Diff:  0.0, Sum:  0.0, Workers: 4
[3881.817s][debug][gc,phases      ] GC(283)     Dead                           Min: 0, Avg:  0.0, Max: 0, Diff: 0, Sum: 0, Workers: 4
[3881.817s][debug][gc,phases      ] GC(283)     Total                          Min: 0, Avg:  0.0, Max: 0, Diff: 0, Sum: 0, Workers: 4
[3881.817s][debug][gc,phases      ] GC(283)   StringDedup Requests1 Weak     Min:  0.0, Avg:  0.0, Max:  0.0, Diff:  0.0, Sum:  0.0, Workers: 4
[3881.817s][debug][gc,phases      ] GC(283)     Dead                           Min: 0, Avg:  0.0, Max: 0, Diff: 0, Sum: 0, Workers: 4
[3881.817s][debug][gc,phases      ] GC(283)     Total                          Min: 0, Avg:  0.0, Max: 0, Diff: 0, Sum: 0, Workers: 4
[3881.817s][debug][gc,phases      ] GC(283)   Weak JFR Old Object Samples    Min:  0.0, Avg:  0.0, Max:  0.0, Diff:  0.0, Sum:  0.0, Workers: 4
[3881.817s][debug][gc,phases      ] GC(283)     Dead                           Min: 0, Avg:  0.0, Max: 0, Diff: 0, Sum: 0, Workers: 4
[3881.817s][debug][gc,phases      ] GC(283)     Total                          Min: 0, Avg:  0.0, Max: 0, Diff: 0, Sum: 0, Workers: 4
[3881.817s][debug][gc,phases      ] GC(283) Weak Processing 0.297ms
[3881.817s][debug][gc,age         ] GC(283) Desired survivor size 35127296 bytes, new threshold 15 (max threshold 15)
[3881.817s][info ][gc,heap        ] GC(283) PSYoungGen: 2046965K(2062848K)->18357K(2062848K) Eden: 2028544K(2028544K)->0K(2028544K) From: 18421K(34304K)->18357K(34304K)
[3881.817s][info ][gc,heap        ] GC(283) ParOldGen: 652172K(740864K)->652196K(740864K)
[3881.817s][info ][gc,metaspace   ] GC(283) Metaspace: 85913K(86784K)->85913K(86784K) NonClass: 73882K(74368K)->73882K(74368K) Class: 12031K(12416K)->12031K(12416K)
[3881.817s][info ][gc             ] GC(283) Pause Young (Allocation Failure) 2635M->654M(2738M) 6.174ms
[3881.817s][info ][gc,cpu         ] GC(283) User=0.02s Sys=0.00s Real=0.01s
[3881.817s][info ][safepoint      ] Safepoint "ParallelGCFailedAllocation", Time since last: 18226623268 ns, Reaching safepoint: 42601 ns, At safepoint: 6270947 ns, Total: 6313548 ns
[3902.047s][info ][gc,start       ] GC(284) Pause Young (Allocation Failure)
[3902.055s][debug][gc,phases      ] GC(284) Scavenge 8.075ms
[3902.055s][debug][gc,ref         ] GC(284) Skipped phase 1 of Reference Processing: no references
[3902.055s][debug][gc,ref         ] GC(284) ReferenceProcessor::execute queues: 1, RefProcThreadModel::Single, marks_oops_alive: false
[3902.055s][debug][gc,ref         ] GC(284) Skipped phase 3 of Reference Processing: no references
[3902.055s][debug][gc,ref         ] GC(284) ReferenceProcessor::execute queues: 1, RefProcThreadModel::Single, marks_oops_alive: false
[3902.055s][debug][gc,phases      ] GC(284) Reference Processing 0.185ms
[3902.055s][debug][gc,phases      ] GC(284)   VM Weak                        Min:  0.0, Avg:  0.0, Max:  0.0, Diff:  0.0, Sum:  0.0, Workers: 4
[3902.055s][debug][gc,phases      ] GC(284)     Dead                           Min: 0, Avg:  0.0, Max: 0, Diff: 0, Sum: 0, Workers: 4
[3902.055s][debug][gc,phases      ] GC(284)     Total                          Min: 0, Avg: 189.5, Max: 758, Diff: 758, Sum: 758, Workers: 4
[3902.055s][debug][gc,phases      ] GC(284)   ObjectSynchronizer Weak        Min:  0.0, Avg:  0.0, Max:  0.0, Diff:  0.0, Sum:  0.0, Workers: 4
[3902.055s][debug][gc,phases      ] GC(284)     Dead                           Min: 0, Avg:  0.0, Max: 0, Diff: 0, Sum: 0, Workers: 4
[3902.055s][debug][gc,phases      ] GC(284)     Total                          Min: 0, Avg: 98.8, Max: 256, Diff: 256, Sum: 395, Workers: 4
[3902.055s][debug][gc,phases      ] GC(284)   JVMTI Tag Weak OopStorage      Min:  0.0, Avg:  0.0, Max:  0.0, Diff:  0.0, Sum:  0.0, Workers: 4
[3902.055s][debug][gc,phases      ] GC(284)     Dead                           Min: 0, Avg:  0.0, Max: 0, Diff: 0, Sum: 0, Workers: 4
[3902.055s][debug][gc,phases      ] GC(284)     Total                          Min: 0, Avg:  0.0, Max: 0, Diff: 0, Sum: 0, Workers: 4
[3902.055s][debug][gc,phases      ] GC(284)   StringTable Weak               Min:  0.1, Avg:  0.1, Max:  0.1, Diff:  0.0, Sum:  0.5, Workers: 4
[3902.055s][debug][gc,phases      ] GC(284)     Dead                           Min: 0, Avg:  0.0, Max: 0, Diff: 0, Sum: 0, Workers: 4
[3902.055s][debug][gc,phases      ] GC(284)     Total                          Min: 11520, Avg: 12311.2, Max: 14080, Diff: 2560, Sum: 49245, Workers: 4
[3902.055s][debug][gc,phases      ] GC(284)   ResolvedMethodTable Weak       Min:  0.0, Avg:  0.0, Max:  0.0, Diff:  0.0, Sum:  0.1, Workers: 4
[3902.055s][debug][gc,phases      ] GC(284)     Dead                           Min: 0, Avg:  0.0, Max: 0, Diff: 0, Sum: 0, Workers: 4
[3902.055s][debug][gc,phases      ] GC(284)     Total                          Min: 1504, Avg: 2247.5, Max: 3070, Diff: 1566, Sum: 8990, Workers: 4
[3902.055s][debug][gc,phases      ] GC(284)   JNI Weak                       Min:  0.0, Avg:  0.0, Max:  0.0, Diff:  0.0, Sum:  0.0, Workers: 4
[3902.055s][debug][gc,phases      ] GC(284)     Dead                           Min: 0, Avg:  0.0, Max: 0, Diff: 0, Sum: 0, Workers: 4
[3902.055s][debug][gc,phases      ] GC(284)     Total                          Min: 0, Avg:  0.0, Max: 0, Diff: 0, Sum: 0, Workers: 4
[3902.055s][debug][gc,phases      ] GC(284)   StringDedup Table Weak         Min:  0.0, Avg:  0.0, Max:  0.0, Diff:  0.0, Sum:  0.0, Workers: 4
[3902.055s][debug][gc,phases      ] GC(284)     Dead                           Min: 0, Avg:  0.0, Max: 0, Diff: 0, Sum: 0, Workers: 4
[3902.055s][debug][gc,phases      ] GC(284)     Total                          Min: 0, Avg:  0.0, Max: 0, Diff: 0, Sum: 0, Workers: 4
[3902.055s][debug][gc,phases      ] GC(284)   StringDedup Requests0 Weak     Min:  0.0, Avg:  0.0, Max:  0.0, Diff:  0.0, Sum:  0.0, Workers: 4
[3902.055s][debug][gc,phases      ] GC(284)     Dead                           Min: 0, Avg:  0.0, Max: 0, Diff: 0, Sum: 0, Workers: 4
[3902.055s][debug][gc,phases      ] GC(284)     Total                          Min: 0, Avg:  0.0, Max: 0, Diff: 0, Sum: 0, Workers: 4
[3902.055s][debug][gc,phases      ] GC(284)   StringDedup Requests1 Weak     Min:  0.0, Avg:  0.0, Max:  0.0, Diff:  0.0, Sum:  0.0, Workers: 4
[3902.055s][debug][gc,phases      ] GC(284)     Dead                           Min: 0, Avg:  0.0, Max: 0, Diff: 0, Sum: 0, Workers: 4
[3902.055s][debug][gc,phases      ] GC(284)     Total                          Min: 0, Avg:  0.0, Max: 0, Diff: 0, Sum: 0, Workers: 4
[3902.055s][debug][gc,phases      ] GC(284)   Weak JFR Old Object Samples    Min:  0.0, Avg:  0.0, Max:  0.0, Diff:  0.0, Sum:  0.0, Workers: 4
[3902.055s][debug][gc,phases      ] GC(284)     Dead                           Min: 0, Avg:  0.0, Max: 0, Diff: 0, Sum: 0, Workers: 4
[3902.055s][debug][gc,phases      ] GC(284)     Total                          Min: 0, Avg:  0.0, Max: 0, Diff: 0, Sum: 0, Workers: 4
[3902.055s][debug][gc,phases      ] GC(284) Weak Processing 0.405ms
[3902.055s][debug][gc,age         ] GC(284) Desired survivor size 35127296 bytes, new threshold 15 (max threshold 15)
[3902.056s][info ][gc,heap        ] GC(284) PSYoungGen: 2046901K(2062848K)->18256K(2062848K) Eden: 2028544K(2028544K)->0K(2028544K) From: 18357K(34304K)->18256K(34304K)
[3902.056s][info ][gc,heap        ] GC(284) ParOldGen: 652196K(740864K)->652220K(740864K)
[3902.056s][info ][gc,metaspace   ] GC(284) Metaspace: 85913K(86784K)->85913K(86784K) NonClass: 73882K(74368K)->73882K(74368K) Class: 12031K(12416K)->12031K(12416K)
[3902.056s][info ][gc             ] GC(284) Pause Young (Allocation Failure) 2635M->654M(2738M) 8.992ms
[3902.056s][info ][gc,cpu         ] GC(284) User=0.01s Sys=0.02s Real=0.01s
[3902.056s][info ][safepoint      ] Safepoint "ParallelGCFailedAllocation", Time since last: 20228888885 ns, Reaching safepoint: 143803 ns, At safepoint: 9181816 ns, Total: 9325619 ns
[3903.056s][info ][safepoint      ] Safepoint "Cleanup", Time since last: 1000091854 ns, Reaching safepoint: 45401 ns, At safepoint: 6301 ns, Total: 51702 ns
[3927.993s][info ][gc,start       ] GC(285) Pause Young (Allocation Failure)
[3927.998s][debug][gc,phases      ] GC(285) Scavenge 5.298ms
[3927.998s][debug][gc,ref         ] GC(285) Skipped phase 1 of Reference Processing: no references
[3927.998s][debug][gc,ref         ] GC(285) ReferenceProcessor::execute queues: 1, RefProcThreadModel::Single, marks_oops_alive: false
[3927.998s][debug][gc,ref         ] GC(285) ReferenceProcessor::execute queues: 4, RefProcThreadModel::Multi, marks_oops_alive: true
[3927.998s][debug][gc,ref         ] GC(285) ReferenceProcessor::execute queues: 1, RefProcThreadModel::Single, marks_oops_alive: false
[3927.998s][debug][gc,phases      ] GC(285) Reference Processing 0.169ms
[3927.999s][debug][gc,phases      ] GC(285)   VM Weak                        Min:  0.0, Avg:  0.0, Max:  0.0, Diff:  0.0, Sum:  0.0, Workers: 4
[3927.999s][debug][gc,phases      ] GC(285)     Dead                           Min: 0, Avg:  0.0, Max: 0, Diff: 0, Sum: 0, Workers: 4
[3927.999s][debug][gc,phases      ] GC(285)     Total                          Min: 0, Avg: 189.5, Max: 566, Diff: 566, Sum: 758, Workers: 4
[3927.999s][debug][gc,phases      ] GC(285)   ObjectSynchronizer Weak        Min:  0.0, Avg:  0.0, Max:  0.0, Diff:  0.0, Sum:  0.0, Workers: 4
[3927.999s][debug][gc,phases      ] GC(285)     Dead                           Min: 0, Avg:  0.0, Max: 0, Diff: 0, Sum: 0, Workers: 4
[3927.999s][debug][gc,phases      ] GC(285)     Total                          Min: 0, Avg: 98.8, Max: 203, Diff: 203, Sum: 395, Workers: 4
[3927.999s][debug][gc,phases      ] GC(285)   JVMTI Tag Weak OopStorage      Min:  0.0, Avg:  0.0, Max:  0.0, Diff:  0.0, Sum:  0.0, Workers: 4
[3927.999s][debug][gc,phases      ] GC(285)     Dead                           Min: 0, Avg:  0.0, Max: 0, Diff: 0, Sum: 0, Workers: 4
[3927.999s][debug][gc,phases      ] GC(285)     Total                          Min: 0, Avg:  0.0, Max: 0, Diff: 0, Sum: 0, Workers: 4
[3927.999s][debug][gc,phases      ] GC(285)   StringTable Weak               Min:  0.1, Avg:  0.1, Max:  0.1, Diff:  0.0, Sum:  0.4, Workers: 4
[3927.999s][debug][gc,phases      ] GC(285)     Dead                           Min: 0, Avg:  0.0, Max: 0, Diff: 0, Sum: 0, Workers: 4
[3927.999s][debug][gc,phases      ] GC(285)     Total                          Min: 11486, Avg: 12311.5, Max: 13248, Diff: 1762, Sum: 49246, Workers: 4
[3927.999s][debug][gc,phases      ] GC(285)   ResolvedMethodTable Weak       Min:  0.0, Avg:  0.0, Max:  0.0, Diff:  0.0, Sum:  0.1, Workers: 4
[3927.999s][debug][gc,phases      ] GC(285)     Dead                           Min: 0, Avg:  0.0, Max: 0, Diff: 0, Sum: 0, Workers: 4
[3927.999s][debug][gc,phases      ] GC(285)     Total                          Min: 1920, Avg: 2247.5, Max: 2590, Diff: 670, Sum: 8990, Workers: 4
[3927.999s][debug][gc,phases      ] GC(285)   JNI Weak                       Min:  0.0, Avg:  0.0, Max:  0.0, Diff:  0.0, Sum:  0.0, Workers: 4
[3927.999s][debug][gc,phases      ] GC(285)     Dead                           Min: 0, Avg:  0.0, Max: 0, Diff: 0, Sum: 0, Workers: 4
[3927.999s][debug][gc,phases      ] GC(285)     Total                          Min: 0, Avg:  0.0, Max: 0, Diff: 0, Sum: 0, Workers: 4
[3927.999s][debug][gc,phases      ] GC(285)   StringDedup Table Weak         Min:  0.0, Avg:  0.0, Max:  0.0, Diff:  0.0, Sum:  0.0, Workers: 4
[3927.999s][debug][gc,phases      ] GC(285)     Dead                           Min: 0, Avg:  0.0, Max: 0, Diff: 0, Sum: 0, Workers: 4
[3927.999s][debug][gc,phases      ] GC(285)     Total                          Min: 0, Avg:  0.0, Max: 0, Diff: 0, Sum: 0, Workers: 4
[3927.999s][debug][gc,phases      ] GC(285)   StringDedup Requests0 Weak     Min:  0.0, Avg:  0.0, Max:  0.0, Diff:  0.0, Sum:  0.0, Workers: 4
[3927.999s][debug][gc,phases      ] GC(285)     Dead                           Min: 0, Avg:  0.0, Max: 0, Diff: 0, Sum: 0, Workers: 4
[3927.999s][debug][gc,phases      ] GC(285)     Total                          Min: 0, Avg:  0.0, Max: 0, Diff: 0, Sum: 0, Workers: 4
[3927.999s][debug][gc,phases      ] GC(285)   StringDedup Requests1 Weak     Min:  0.0, Avg:  0.0, Max:  0.0, Diff:  0.0, Sum:  0.0, Workers: 4
[3927.999s][debug][gc,phases      ] GC(285)     Dead                           Min: 0, Avg:  0.0, Max: 0, Diff: 0, Sum: 0, Workers: 4
[3927.999s][debug][gc,phases      ] GC(285)     Total                          Min: 0, Avg:  0.0, Max: 0, Diff: 0, Sum: 0, Workers: 4
[3927.999s][debug][gc,phases      ] GC(285)   Weak JFR Old Object Samples    Min:  0.0, Avg:  0.0, Max:  0.0, Diff:  0.0, Sum:  0.0, Workers: 4
[3927.999s][debug][gc,phases      ] GC(285)     Dead                           Min: 0, Avg:  0.0, Max: 0, Diff: 0, Sum: 0, Workers: 4
[3927.999s][debug][gc,phases      ] GC(285)     Total                          Min: 0, Avg:  0.0, Max: 0, Diff: 0, Sum: 0, Workers: 4
[3927.999s][debug][gc,phases      ] GC(285) Weak Processing 0.294ms
[3927.999s][debug][gc,age         ] GC(285) Desired survivor size 34603008 bytes, new threshold 15 (max threshold 15)
[3927.999s][info ][gc,heap        ] GC(285) PSYoungGen: 2046800K(2062848K)->18272K(2062848K) Eden: 2028544K(2028544K)->0K(2028544K) From: 18256K(34304K)->18272K(34304K)
[3927.999s][info ][gc,heap        ] GC(285) ParOldGen: 652220K(740864K)->652236K(740864K)
[3927.999s][info ][gc,metaspace   ] GC(285) Metaspace: 85919K(86784K)->85919K(86784K) NonClass: 73888K(74368K)->73888K(74368K) Class: 12031K(12416K)->12031K(12416K)
[3927.999s][info ][gc             ] GC(285) Pause Young (Allocation Failure) 2635M->654M(2738M) 5.900ms
[3927.999s][info ][gc,cpu         ] GC(285) User=0.02s Sys=0.00s Real=0.00s
[3927.999s][info ][safepoint      ] Safepoint "ParallelGCFailedAllocation", Time since last: 24936930192 ns, Reaching safepoint: 44001 ns, At safepoint: 5990040 ns, Total: 6034041 ns
[3930.999s][info ][safepoint      ] Safepoint "Cleanup", Time since last: 3000176676 ns, Reaching safepoint: 37801 ns, At safepoint: 2200 ns, Total: 40001 ns
[3953.868s][info ][gc,start       ] GC(286) Pause Young (Allocation Failure)
[3953.874s][debug][gc,phases      ] GC(286) Scavenge 5.708ms
[3953.874s][debug][gc,ref         ] GC(286) Skipped phase 1 of Reference Processing: no references
[3953.874s][debug][gc,ref         ] GC(286) ReferenceProcessor::execute queues: 1, RefProcThreadModel::Single, marks_oops_alive: false
[3953.874s][debug][gc,ref         ] GC(286) Skipped phase 3 of Reference Processing: no references
[3953.874s][debug][gc,ref         ] GC(286) ReferenceProcessor::execute queues: 1, RefProcThreadModel::Single, marks_oops_alive: false
[3953.874s][debug][gc,phases      ] GC(286) Reference Processing 0.107ms
[3953.874s][debug][gc,phases      ] GC(286)   VM Weak                        Min:  0.0, Avg:  0.0, Max:  0.0, Diff:  0.0, Sum:  0.0, Workers: 4
[3953.874s][debug][gc,phases      ] GC(286)     Dead                           Min: 0, Avg:  0.0, Max: 0, Diff: 0, Sum: 0, Workers: 4
[3953.874s][debug][gc,phases      ] GC(286)     Total                          Min: 0, Avg: 189.5, Max: 758, Diff: 758, Sum: 758, Workers: 4
[3953.874s][debug][gc,phases      ] GC(286)   ObjectSynchronizer Weak        Min:  0.0, Avg:  0.0, Max:  0.0, Diff:  0.0, Sum:  0.0, Workers: 4
[3953.874s][debug][gc,phases      ] GC(286)     Dead                           Min: 0, Avg:  0.0, Max: 0, Diff: 0, Sum: 0, Workers: 4
[3953.874s][debug][gc,phases      ] GC(286)     Total                          Min: 0, Avg: 98.8, Max: 395, Diff: 395, Sum: 395, Workers: 4
[3953.874s][debug][gc,phases      ] GC(286)   JVMTI Tag Weak OopStorage      Min:  0.0, Avg:  0.0, Max:  0.0, Diff:  0.0, Sum:  0.0, Workers: 4
[3953.874s][debug][gc,phases      ] GC(286)     Dead                           Min: 0, Avg:  0.0, Max: 0, Diff: 0, Sum: 0, Workers: 4
[3953.874s][debug][gc,phases      ] GC(286)     Total                          Min: 0, Avg:  0.0, Max: 0, Diff: 0, Sum: 0, Workers: 4
[3953.874s][debug][gc,phases      ] GC(286)   StringTable Weak               Min:  0.1, Avg:  0.1, Max:  0.1, Diff:  0.0, Sum:  0.4, Workers: 4
[3953.874s][debug][gc,phases      ] GC(286)     Dead                           Min: 0, Avg:  0.0, Max: 0, Diff: 0, Sum: 0, Workers: 4
[3953.874s][debug][gc,phases      ] GC(286)     Total                          Min: 10624, Avg: 12311.5, Max: 13086, Diff: 2462, Sum: 49246, Workers: 4
[3953.874s][debug][gc,phases      ] GC(286)   ResolvedMethodTable Weak       Min:  0.0, Avg:  0.0, Max:  0.0, Diff:  0.0, Sum:  0.1, Workers: 4
[3953.874s][debug][gc,phases      ] GC(286)     Dead                           Min: 0, Avg:  0.0, Max: 0, Diff: 0, Sum: 0, Workers: 4
[3953.874s][debug][gc,phases      ] GC(286)     Total                          Min: 2048, Avg: 2247.5, Max: 2494, Diff: 446, Sum: 8990, Workers: 4
[3953.874s][debug][gc,phases      ] GC(286)   JNI Weak                       Min:  0.0, Avg:  0.0, Max:  0.0, Diff:  0.0, Sum:  0.0, Workers: 4
[3953.874s][debug][gc,phases      ] GC(286)     Dead                           Min: 0, Avg:  0.0, Max: 0, Diff: 0, Sum: 0, Workers: 4
[3953.874s][debug][gc,phases      ] GC(286)     Total                          Min: 0, Avg:  0.0, Max: 0, Diff: 0, Sum: 0, Workers: 4
[3953.874s][debug][gc,phases      ] GC(286)   StringDedup Table Weak         Min:  0.0, Avg:  0.0, Max:  0.0, Diff:  0.0, Sum:  0.0, Workers: 4
[3953.874s][debug][gc,phases      ] GC(286)     Dead                           Min: 0, Avg:  0.0, Max: 0, Diff: 0, Sum: 0, Workers: 4
[3953.874s][debug][gc,phases      ] GC(286)     Total                          Min: 0, Avg:  0.0, Max: 0, Diff: 0, Sum: 0, Workers: 4
[3953.874s][debug][gc,phases      ] GC(286)   StringDedup Requests0 Weak     Min:  0.0, Avg:  0.0, Max:  0.0, Diff:  0.0, Sum:  0.0, Workers: 4
[3953.874s][debug][gc,phases      ] GC(286)     Dead                           Min: 0, Avg:  0.0, Max: 0, Diff: 0, Sum: 0, Workers: 4
[3953.874s][debug][gc,phases      ] GC(286)     Total                          Min: 0, Avg:  0.0, Max: 0, Diff: 0, Sum: 0, Workers: 4
[3953.874s][debug][gc,phases      ] GC(286)   StringDedup Requests1 Weak     Min:  0.0, Avg:  0.0, Max:  0.0, Diff:  0.0, Sum:  0.0, Workers: 4
[3953.874s][debug][gc,phases      ] GC(286)     Dead                           Min: 0, Avg:  0.0, Max: 0, Diff: 0, Sum: 0, Workers: 4
[3953.874s][debug][gc,phases      ] GC(286)     Total                          Min: 0, Avg:  0.0, Max: 0, Diff: 0, Sum: 0, Workers: 4
[3953.874s][debug][gc,phases      ] GC(286)   Weak JFR Old Object Samples    Min:  0.0, Avg:  0.0, Max:  0.0, Diff:  0.0, Sum:  0.0, Workers: 4
[3953.874s][debug][gc,phases      ] GC(286)     Dead                           Min: 0, Avg:  0.0, Max: 0, Diff: 0, Sum: 0, Workers: 4
[3953.874s][debug][gc,phases      ] GC(286)     Total                          Min: 0, Avg:  0.0, Max: 0, Diff: 0, Sum: 0, Workers: 4
[3953.874s][debug][gc,phases      ] GC(286) Weak Processing 0.334ms
[3953.874s][debug][gc,age         ] GC(286) Desired survivor size 34078720 bytes, new threshold 15 (max threshold 15)
[3953.874s][info ][gc,heap        ] GC(286) PSYoungGen: 2046816K(2062848K)->18240K(2063872K) Eden: 2028544K(2028544K)->0K(2030080K) From: 18272K(34304K)->18240K(33792K)
[3953.874s][info ][gc,heap        ] GC(286) ParOldGen: 652236K(740864K)->652260K(740864K)
[3953.874s][info ][gc,metaspace   ] GC(286) Metaspace: 85922K(86784K)->85922K(86784K) NonClass: 73890K(74368K)->73890K(74368K) Class: 12031K(12416K)->12031K(12416K)
[3953.874s][info ][gc             ] GC(286) Pause Young (Allocation Failure) 2635M->654M(2739M) 6.282ms
[3953.874s][info ][gc,cpu         ] GC(286) User=0.02s Sys=0.00s Real=0.01s
[3953.874s][info ][safepoint      ] Safepoint "ParallelGCFailedAllocation", Time since last: 22869119591 ns, Reaching safepoint: 42901 ns, At safepoint: 6378649 ns, Total: 6421550 ns
[3957.875s][info ][safepoint      ] Safepoint "Cleanup", Time since last: 4000315553 ns, Reaching safepoint: 30801 ns, At safepoint: 2500 ns, Total: 33301 ns
[3958.875s][info ][safepoint      ] Safepoint "Cleanup", Time since last: 1000105164 ns, Reaching safepoint: 67901 ns, At safepoint: 8501 ns, Total: 76402 ns
[3962.875s][info ][safepoint      ] Safepoint "Cleanup", Time since last: 4000356356 ns, Reaching safepoint: 59202 ns, At safepoint: 4000 ns, Total: 63202 ns
[3973.195s][info ][gc,start       ] GC(287) Pause Young (Allocation Failure)
[3973.203s][debug][gc,phases      ] GC(287) Scavenge 7.911ms
[3973.203s][debug][gc,ref         ] GC(287) Skipped phase 1 of Reference Processing: no references
[3973.203s][debug][gc,ref         ] GC(287) ReferenceProcessor::execute queues: 1, RefProcThreadModel::Single, marks_oops_alive: false
[3973.203s][debug][gc,ref         ] GC(287) ReferenceProcessor::execute queues: 4, RefProcThreadModel::Multi, marks_oops_alive: true
[3973.203s][debug][gc,ref         ] GC(287) ReferenceProcessor::execute queues: 1, RefProcThreadModel::Single, marks_oops_alive: false
[3973.203s][debug][gc,phases      ] GC(287) Reference Processing 0.262ms
[3973.203s][debug][gc,phases      ] GC(287)   VM Weak                        Min:  0.0, Avg:  0.0, Max:  0.0, Diff:  0.0, Sum:  0.0, Workers: 4
[3973.203s][debug][gc,phases      ] GC(287)     Dead                           Min: 0, Avg:  0.0, Max: 0, Diff: 0, Sum: 0, Workers: 4
[3973.203s][debug][gc,phases      ] GC(287)     Total                          Min: 0, Avg: 189.5, Max: 576, Diff: 576, Sum: 758, Workers: 4
[3973.203s][debug][gc,phases      ] GC(287)   ObjectSynchronizer Weak        Min:  0.0, Avg:  0.0, Max:  0.0, Diff:  0.0, Sum:  0.0, Workers: 4
[3973.203s][debug][gc,phases      ] GC(287)     Dead                           Min: 0, Avg:  0.0, Max: 0, Diff: 0, Sum: 0, Workers: 4
[3973.203s][debug][gc,phases      ] GC(287)     Total                          Min: 0, Avg: 98.8, Max: 203, Diff: 203, Sum: 395, Workers: 4
[3973.203s][debug][gc,phases      ] GC(287)   JVMTI Tag Weak OopStorage      Min:  0.0, Avg:  0.0, Max:  0.0, Diff:  0.0, Sum:  0.0, Workers: 4
[3973.203s][debug][gc,phases      ] GC(287)     Dead                           Min: 0, Avg:  0.0, Max: 0, Diff: 0, Sum: 0, Workers: 4
[3973.203s][debug][gc,phases      ] GC(287)     Total                          Min: 0, Avg:  0.0, Max: 0, Diff: 0, Sum: 0, Workers: 4
[3973.203s][debug][gc,phases      ] GC(287)   StringTable Weak               Min:  0.1, Avg:  0.1, Max:  0.1, Diff:  0.0, Sum:  0.4, Workers: 4
[3973.203s][debug][gc,phases      ] GC(287)     Dead                           Min: 0, Avg:  0.0, Max: 0, Diff: 0, Sum: 0, Workers: 4
[3973.203s][debug][gc,phases      ] GC(287)     Total                          Min: 11264, Avg: 12313.5, Max: 13120, Diff: 1856, Sum: 49254, Workers: 4
[3973.203s][debug][gc,phases      ] GC(287)   ResolvedMethodTable Weak       Min:  0.0, Avg:  0.0, Max:  0.0, Diff:  0.0, Sum:  0.1, Workers: 4
[3973.203s][debug][gc,phases      ] GC(287)     Dead                           Min: 0, Avg:  0.0, Max: 0, Diff: 0, Sum: 0, Workers: 4
[3973.203s][debug][gc,phases      ] GC(287)     Total                          Min: 2048, Avg: 2247.5, Max: 2494, Diff: 446, Sum: 8990, Workers: 4
[3973.203s][debug][gc,phases      ] GC(287)   JNI Weak                       Min:  0.0, Avg:  0.0, Max:  0.0, Diff:  0.0, Sum:  0.0, Workers: 4
[3973.204s][debug][gc,phases      ] GC(287)     Dead                           Min: 0, Avg:  0.0, Max: 0, Diff: 0, Sum: 0, Workers: 4
[3973.204s][debug][gc,phases      ] GC(287)     Total                          Min: 0, Avg:  0.0, Max: 0, Diff: 0, Sum: 0, Workers: 4
[3973.204s][debug][gc,phases      ] GC(287)   StringDedup Table Weak         Min:  0.0, Avg:  0.0, Max:  0.0, Diff:  0.0, Sum:  0.0, Workers: 4
[3973.204s][debug][gc,phases      ] GC(287)     Dead                           Min: 0, Avg:  0.0, Max: 0, Diff: 0, Sum: 0, Workers: 4
[3973.204s][debug][gc,phases      ] GC(287)     Total                          Min: 0, Avg:  0.0, Max: 0, Diff: 0, Sum: 0, Workers: 4
[3973.204s][debug][gc,phases      ] GC(287)   StringDedup Requests0 Weak     Min:  0.0, Avg:  0.0, Max:  0.0, Diff:  0.0, Sum:  0.0, Workers: 4
[3973.204s][debug][gc,phases      ] GC(287)     Dead                           Min: 0, Avg:  0.0, Max: 0, Diff: 0, Sum: 0, Workers: 4
[3973.204s][debug][gc,phases      ] GC(287)     Total                          Min: 0, Avg:  0.0, Max: 0, Diff: 0, Sum: 0, Workers: 4
[3973.204s][debug][gc,phases      ] GC(287)   StringDedup Requests1 Weak     Min:  0.0, Avg:  0.0, Max:  0.0, Diff:  0.0, Sum:  0.0, Workers: 4
[3973.204s][debug][gc,phases      ] GC(287)     Dead                           Min: 0, Avg:  0.0, Max: 0, Diff: 0, Sum: 0, Workers: 4
[3973.204s][debug][gc,phases      ] GC(287)     Total                          Min: 0, Avg:  0.0, Max: 0, Diff: 0, Sum: 0, Workers: 4
[3973.204s][debug][gc,phases      ] GC(287)   Weak JFR Old Object Samples    Min:  0.0, Avg:  0.0, Max:  0.0, Diff:  0.0, Sum:  0.0, Workers: 4
[3973.204s][debug][gc,phases      ] GC(287)     Dead                           Min: 0, Avg:  0.0, Max: 0, Diff: 0, Sum: 0, Workers: 4
[3973.204s][debug][gc,phases      ] GC(287)     Total                          Min: 0, Avg:  0.0, Max: 0, Diff: 0, Sum: 0, Workers: 4
[3973.204s][debug][gc,phases      ] GC(287) Weak Processing 0.309ms
[3973.204s][debug][gc,age         ] GC(287) Desired survivor size 34078720 bytes, new threshold 15 (max threshold 15)
[3973.204s][info ][gc,heap        ] GC(287) PSYoungGen: 2048320K(2063872K)->19013K(2063360K) Eden: 2030080K(2030080K)->0K(2030080K) From: 18240K(33792K)->19013K(33280K)
[3973.204s][info ][gc,heap        ] GC(287) ParOldGen: 652260K(740864K)->668668K(740864K)
[3973.204s][info ][gc,metaspace   ] GC(287) Metaspace: 85928K(86848K)->85928K(86848K) NonClass: 73897K(74432K)->73897K(74432K) Class: 12031K(12416K)->12031K(12416K)
[3973.204s][info ][gc             ] GC(287) Pause Young (Allocation Failure) 2637M->671M(2738M) 8.613ms
[3973.204s][info ][gc,cpu         ] GC(287) User=0.02s Sys=0.01s Real=0.01s
[3973.204s][info ][safepoint      ] Safepoint "ParallelGCFailedAllocation", Time since last: 10319455226 ns, Reaching safepoint: 32701 ns, At safepoint: 8721705 ns, Total: 8754406 ns
[3991.694s][info ][gc,start       ] GC(288) Pause Young (Allocation Failure)
[3991.699s][debug][gc,phases      ] GC(288) Scavenge 5.576ms
[3991.700s][debug][gc,ref         ] GC(288) Skipped phase 1 of Reference Processing: no references
[3991.700s][debug][gc,ref         ] GC(288) ReferenceProcessor::execute queues: 1, RefProcThreadModel::Single, marks_oops_alive: false
[3991.700s][debug][gc,ref         ] GC(288) Skipped phase 3 of Reference Processing: no references
[3991.700s][debug][gc,ref         ] GC(288) ReferenceProcessor::execute queues: 1, RefProcThreadModel::Single, marks_oops_alive: false
[3991.700s][debug][gc,phases      ] GC(288) Reference Processing 0.108ms
[3991.700s][debug][gc,phases      ] GC(288)   VM Weak                        Min:  0.0, Avg:  0.0, Max:  0.0, Diff:  0.0, Sum:  0.0, Workers: 4
[3991.700s][debug][gc,phases      ] GC(288)     Dead                           Min: 0, Avg:  0.0, Max: 0, Diff: 0, Sum: 0, Workers: 4
[3991.700s][debug][gc,phases      ] GC(288)     Total                          Min: 0, Avg: 189.5, Max: 758, Diff: 758, Sum: 758, Workers: 4
[3991.700s][debug][gc,phases      ] GC(288)   ObjectSynchronizer Weak        Min:  0.0, Avg:  0.0, Max:  0.0, Diff:  0.0, Sum:  0.0, Workers: 4
[3991.700s][debug][gc,phases      ] GC(288)     Dead                           Min: 0, Avg:  0.0, Max: 0, Diff: 0, Sum: 0, Workers: 4
[3991.700s][debug][gc,phases      ] GC(288)     Total                          Min: 0, Avg: 98.8, Max: 256, Diff: 256, Sum: 395, Workers: 4
[3991.700s][debug][gc,phases      ] GC(288)   JVMTI Tag Weak OopStorage      Min:  0.0, Avg:  0.0, Max:  0.0, Diff:  0.0, Sum:  0.0, Workers: 4
[3991.700s][debug][gc,phases      ] GC(288)     Dead                           Min: 0, Avg:  0.0, Max: 0, Diff: 0, Sum: 0, Workers: 4
[3991.700s][debug][gc,phases      ] GC(288)     Total                          Min: 0, Avg:  0.0, Max: 0, Diff: 0, Sum: 0, Workers: 4
[3991.700s][debug][gc,phases      ] GC(288)   StringTable Weak               Min:  0.1, Avg:  0.1, Max:  0.1, Diff:  0.0, Sum:  0.4, Workers: 4
[3991.700s][debug][gc,phases      ] GC(288)     Dead                           Min: 0, Avg:  0.0, Max: 0, Diff: 0, Sum: 0, Workers: 4
[3991.700s][debug][gc,phases      ] GC(288)     Total                          Min: 11622, Avg: 12313.5, Max: 12928, Diff: 1306, Sum: 49254, Workers: 4
[3991.700s][debug][gc,phases      ] GC(288)   ResolvedMethodTable Weak       Min:  0.0, Avg:  0.0, Max:  0.0, Diff:  0.0, Sum:  0.1, Workers: 4
[3991.700s][debug][gc,phases      ] GC(288)     Dead                           Min: 0, Avg:  0.0, Max: 0, Diff: 0, Sum: 0, Workers: 4
[3991.700s][debug][gc,phases      ] GC(288)     Total                          Min: 2048, Avg: 2247.5, Max: 2494, Diff: 446, Sum: 8990, Workers: 4
[3991.700s][debug][gc,phases      ] GC(288)   JNI Weak                       Min:  0.0, Avg:  0.0, Max:  0.0, Diff:  0.0, Sum:  0.0, Workers: 4
[3991.700s][debug][gc,phases      ] GC(288)     Dead                           Min: 0, Avg:  0.0, Max: 0, Diff: 0, Sum: 0, Workers: 4
[3991.700s][debug][gc,phases      ] GC(288)     Total                          Min: 0, Avg:  0.0, Max: 0, Diff: 0, Sum: 0, Workers: 4
[3991.700s][debug][gc,phases      ] GC(288)   StringDedup Table Weak         Min:  0.0, Avg:  0.0, Max:  0.0, Diff:  0.0, Sum:  0.0, Workers: 4
[3991.700s][debug][gc,phases      ] GC(288)     Dead                           Min: 0, Avg:  0.0, Max: 0, Diff: 0, Sum: 0, Workers: 4
[3991.700s][debug][gc,phases      ] GC(288)     Total                          Min: 0, Avg:  0.0, Max: 0, Diff: 0, Sum: 0, Workers: 4
[3991.700s][debug][gc,phases      ] GC(288)   StringDedup Requests0 Weak     Min:  0.0, Avg:  0.0, Max:  0.0, Diff:  0.0, Sum:  0.0, Workers: 4
[3991.700s][debug][gc,phases      ] GC(288)     Dead                           Min: 0, Avg:  0.0, Max: 0, Diff: 0, Sum: 0, Workers: 4
[3991.700s][debug][gc,phases      ] GC(288)     Total                          Min: 0, Avg:  0.0, Max: 0, Diff: 0, Sum: 0, Workers: 4
[3991.700s][debug][gc,phases      ] GC(288)   StringDedup Requests1 Weak     Min:  0.0, Avg:  0.0, Max:  0.0, Diff:  0.0, Sum:  0.0, Workers: 4
[3991.700s][debug][gc,phases      ] GC(288)     Dead                           Min: 0, Avg:  0.0, Max: 0, Diff: 0, Sum: 0, Workers: 4
[3991.700s][debug][gc,phases      ] GC(288)     Total                          Min: 0, Avg:  0.0, Max: 0, Diff: 0, Sum: 0, Workers: 4
[3991.700s][debug][gc,phases      ] GC(288)   Weak JFR Old Object Samples    Min:  0.0, Avg:  0.0, Max:  0.0, Diff:  0.0, Sum:  0.0, Workers: 4
[3991.700s][debug][gc,phases      ] GC(288)     Dead                           Min: 0, Avg:  0.0, Max: 0, Diff: 0, Sum: 0, Workers: 4
[3991.700s][debug][gc,phases      ] GC(288)     Total                          Min: 0, Avg:  0.0, Max: 0, Diff: 0, Sum: 0, Workers: 4
[3991.700s][debug][gc,phases      ] GC(288) Weak Processing 0.302ms
[3991.700s][debug][gc,age         ] GC(288) Desired survivor size 33554432 bytes, new threshold 15 (max threshold 15)
[3991.700s][info ][gc,heap        ] GC(288) PSYoungGen: 2049093K(2063360K)->18869K(2064384K) Eden: 2030080K(2030080K)->0K(2031104K) From: 19013K(33280K)->18869K(33280K)
[3991.700s][info ][gc,heap        ] GC(288) ParOldGen: 668668K(740864K)->668692K(740864K)
[3991.700s][info ][gc,metaspace   ] GC(288) Metaspace: 85928K(86848K)->85928K(86848K) NonClass: 73897K(74432K)->73897K(74432K) Class: 12031K(12416K)->12031K(12416K)
[3991.700s][info ][gc             ] GC(288) Pause Young (Allocation Failure) 2654M->671M(2739M) 6.136ms
[3991.700s][info ][gc,cpu         ] GC(288) User=0.02s Sys=0.00s Real=0.00s
[3991.700s][info ][safepoint      ] Safepoint "ParallelGCFailedAllocation", Time since last: 18490120275 ns, Reaching safepoint: 29300 ns, At safepoint: 6214446 ns, Total: 6243746 ns
[4010.542s][info ][gc,start       ] GC(289) Pause Young (Allocation Failure)
[4010.547s][debug][gc,phases      ] GC(289) Scavenge 5.364ms
[4010.547s][debug][gc,ref         ] GC(289) Skipped phase 1 of Reference Processing: no references
[4010.547s][debug][gc,ref         ] GC(289) ReferenceProcessor::execute queues: 1, RefProcThreadModel::Single, marks_oops_alive: false
[4010.548s][debug][gc,ref         ] GC(289) Skipped phase 3 of Reference Processing: no references
[4010.548s][debug][gc,ref         ] GC(289) ReferenceProcessor::execute queues: 1, RefProcThreadModel::Single, marks_oops_alive: false
[4010.548s][debug][gc,phases      ] GC(289) Reference Processing 0.139ms
[4010.548s][debug][gc,phases      ] GC(289)   VM Weak                        Min:  0.0, Avg:  0.0, Max:  0.0, Diff:  0.0, Sum:  0.0, Workers: 4
[4010.548s][debug][gc,phases      ] GC(289)     Dead                           Min: 0, Avg:  0.0, Max: 0, Diff: 0, Sum: 0, Workers: 4
[4010.548s][debug][gc,phases      ] GC(289)     Total                          Min: 0, Avg: 189.5, Max: 758, Diff: 758, Sum: 758, Workers: 4
[4010.548s][debug][gc,phases      ] GC(289)   ObjectSynchronizer Weak        Min:  0.0, Avg:  0.0, Max:  0.0, Diff:  0.0, Sum:  0.0, Workers: 4
[4010.548s][debug][gc,phases      ] GC(289)     Dead                           Min: 0, Avg:  0.0, Max: 0, Diff: 0, Sum: 0, Workers: 4
[4010.548s][debug][gc,phases      ] GC(289)     Total                          Min: 0, Avg: 98.8, Max: 203, Diff: 203, Sum: 395, Workers: 4
[4010.548s][debug][gc,phases      ] GC(289)   JVMTI Tag Weak OopStorage      Min:  0.0, Avg:  0.0, Max:  0.0, Diff:  0.0, Sum:  0.0, Workers: 4
[4010.548s][debug][gc,phases      ] GC(289)     Dead                           Min: 0, Avg:  0.0, Max: 0, Diff: 0, Sum: 0, Workers: 4
[4010.548s][debug][gc,phases      ] GC(289)     Total                          Min: 0, Avg:  0.0, Max: 0, Diff: 0, Sum: 0, Workers: 4
[4010.548s][debug][gc,phases      ] GC(289)   StringTable Weak               Min:  0.1, Avg:  0.1, Max:  0.1, Diff:  0.0, Sum:  0.4, Workers: 4
[4010.548s][debug][gc,phases      ] GC(289)     Dead                           Min: 0, Avg:  0.0, Max: 0, Diff: 0, Sum: 0, Workers: 4
[4010.548s][debug][gc,phases      ] GC(289)     Total                          Min: 10688, Avg: 12313.5, Max: 13222, Diff: 2534, Sum: 49254, Workers: 4
[4010.548s][debug][gc,phases      ] GC(289)   ResolvedMethodTable Weak       Min:  0.0, Avg:  0.0, Max:  0.0, Diff:  0.0, Sum:  0.1, Workers: 4
[4010.548s][debug][gc,phases      ] GC(289)     Dead                           Min: 0, Avg:  0.0, Max: 0, Diff: 0, Sum: 0, Workers: 4
[4010.548s][debug][gc,phases      ] GC(289)     Total                          Min: 1984, Avg: 2247.5, Max: 2430, Diff: 446, Sum: 8990, Workers: 4
[4010.548s][debug][gc,phases      ] GC(289)   JNI Weak                       Min:  0.0, Avg:  0.0, Max:  0.0, Diff:  0.0, Sum:  0.0, Workers: 4
[4010.548s][debug][gc,phases      ] GC(289)     Dead                           Min: 0, Avg:  0.0, Max: 0, Diff: 0, Sum: 0, Workers: 4
[4010.548s][debug][gc,phases      ] GC(289)     Total                          Min: 0, Avg:  0.0, Max: 0, Diff: 0, Sum: 0, Workers: 4
[4010.548s][debug][gc,phases      ] GC(289)   StringDedup Table Weak         Min:  0.0, Avg:  0.0, Max:  0.0, Diff:  0.0, Sum:  0.0, Workers: 4
[4010.548s][debug][gc,phases      ] GC(289)     Dead                           Min: 0, Avg:  0.0, Max: 0, Diff: 0, Sum: 0, Workers: 4
[4010.548s][debug][gc,phases      ] GC(289)     Total                          Min: 0, Avg:  0.0, Max: 0, Diff: 0, Sum: 0, Workers: 4
[4010.548s][debug][gc,phases      ] GC(289)   StringDedup Requests0 Weak     Min:  0.0, Avg:  0.0, Max:  0.0, Diff:  0.0, Sum:  0.0, Workers: 4
[4010.548s][debug][gc,phases      ] GC(289)     Dead                           Min: 0, Avg:  0.0, Max: 0, Diff: 0, Sum: 0, Workers: 4
[4010.548s][debug][gc,phases      ] GC(289)     Total                          Min: 0, Avg:  0.0, Max: 0, Diff: 0, Sum: 0, Workers: 4
[4010.548s][debug][gc,phases      ] GC(289)   StringDedup Requests1 Weak     Min:  0.0, Avg:  0.0, Max:  0.0, Diff:  0.0, Sum:  0.0, Workers: 4
[4010.548s][debug][gc,phases      ] GC(289)     Dead                           Min: 0, Avg:  0.0, Max: 0, Diff: 0, Sum: 0, Workers: 4
[4010.548s][debug][gc,phases      ] GC(289)     Total                          Min: 0, Avg:  0.0, Max: 0, Diff: 0, Sum: 0, Workers: 4
[4010.548s][debug][gc,phases      ] GC(289)   Weak JFR Old Object Samples    Min:  0.0, Avg:  0.0, Max:  0.0, Diff:  0.0, Sum:  0.0, Workers: 4
[4010.548s][debug][gc,phases      ] GC(289)     Dead                           Min: 0, Avg:  0.0, Max: 0, Diff: 0, Sum: 0, Workers: 4
[4010.548s][debug][gc,phases      ] GC(289)     Total                          Min: 0, Avg:  0.0, Max: 0, Diff: 0, Sum: 0, Workers: 4
[4010.548s][debug][gc,phases      ] GC(289) Weak Processing 0.306ms
[4010.548s][debug][gc,age         ] GC(289) Desired survivor size 33030144 bytes, new threshold 15 (max threshold 15)
[4010.548s][info ][gc,heap        ] GC(289) PSYoungGen: 2049973K(2064384K)->18869K(2063872K) Eden: 2031104K(2031104K)->0K(2031104K) From: 18869K(33280K)->18869K(32768K)
[4010.548s][info ][gc,heap        ] GC(289) ParOldGen: 668692K(740864K)->668724K(740864K)
[4010.548s][info ][gc,metaspace   ] GC(289) Metaspace: 85928K(86848K)->85928K(86848K) NonClass: 73897K(74432K)->73897K(74432K) Class: 12031K(12416K)->12031K(12416K)
[4010.548s][info ][gc             ] GC(289) Pause Young (Allocation Failure) 2654M->671M(2739M) 5.933ms
[4010.548s][info ][gc,cpu         ] GC(289) User=0.02s Sys=0.00s Real=0.01s
[4010.548s][info ][safepoint      ] Safepoint "ParallelGCFailedAllocation", Time since last: 18841838878 ns, Reaching safepoint: 32901 ns, At safepoint: 6040242 ns, Total: 6073143 ns
[4030.929s][info ][gc,start       ] GC(290) Pause Young (Allocation Failure)
[4030.935s][debug][gc,phases      ] GC(290) Scavenge 5.438ms
[4030.935s][debug][gc,ref         ] GC(290) Skipped phase 1 of Reference Processing: no references
[4030.935s][debug][gc,ref         ] GC(290) ReferenceProcessor::execute queues: 1, RefProcThreadModel::Single, marks_oops_alive: false
[4030.935s][debug][gc,ref         ] GC(290) Skipped phase 3 of Reference Processing: no references
[4030.935s][debug][gc,ref         ] GC(290) ReferenceProcessor::execute queues: 1, RefProcThreadModel::Single, marks_oops_alive: false
[4030.935s][debug][gc,phases      ] GC(290) Reference Processing 0.113ms
[4030.935s][debug][gc,phases      ] GC(290)   VM Weak                        Min:  0.0, Avg:  0.0, Max:  0.0, Diff:  0.0, Sum:  0.0, Workers: 4
[4030.935s][debug][gc,phases      ] GC(290)     Dead                           Min: 0, Avg:  0.0, Max: 0, Diff: 0, Sum: 0, Workers: 4
[4030.935s][debug][gc,phases      ] GC(290)     Total                          Min: 0, Avg: 189.5, Max: 640, Diff: 640, Sum: 758, Workers: 4
[4030.935s][debug][gc,phases      ] GC(290)   ObjectSynchronizer Weak        Min:  0.0, Avg:  0.0, Max:  0.0, Diff:  0.0, Sum:  0.0, Workers: 4
[4030.935s][debug][gc,phases      ] GC(290)     Dead                           Min: 0, Avg:  0.0, Max: 0, Diff: 0, Sum: 0, Workers: 4
[4030.935s][debug][gc,phases      ] GC(290)     Total                          Min: 0, Avg: 98.8, Max: 139, Diff: 139, Sum: 395, Workers: 4
[4030.935s][debug][gc,phases      ] GC(290)   JVMTI Tag Weak OopStorage      Min:  0.0, Avg:  0.0, Max:  0.0, Diff:  0.0, Sum:  0.0, Workers: 4
[4030.935s][debug][gc,phases      ] GC(290)     Dead                           Min: 0, Avg:  0.0, Max: 0, Diff: 0, Sum: 0, Workers: 4
[4030.935s][debug][gc,phases      ] GC(290)     Total                          Min: 0, Avg:  0.0, Max: 0, Diff: 0, Sum: 0, Workers: 4
[4030.935s][debug][gc,phases      ] GC(290)   StringTable Weak               Min:  0.1, Avg:  0.1, Max:  0.1, Diff:  0.0, Sum:  0.4, Workers: 4
[4030.935s][debug][gc,phases      ] GC(290)     Dead                           Min: 0, Avg:  0.0, Max: 0, Diff: 0, Sum: 0, Workers: 4
[4030.935s][debug][gc,phases      ] GC(290)     Total                          Min: 11584, Avg: 12313.5, Max: 12672, Diff: 1088, Sum: 49254, Workers: 4
[4030.935s][debug][gc,phases      ] GC(290)   ResolvedMethodTable Weak       Min:  0.0, Avg:  0.0, Max:  0.0, Diff:  0.0, Sum:  0.1, Workers: 4
[4030.935s][debug][gc,phases      ] GC(290)     Dead                           Min: 0, Avg:  0.0, Max: 0, Diff: 0, Sum: 0, Workers: 4
[4030.935s][debug][gc,phases      ] GC(290)     Total                          Min: 2206, Avg: 2247.5, Max: 2304, Diff: 98, Sum: 8990, Workers: 4
[4030.935s][debug][gc,phases      ] GC(290)   JNI Weak                       Min:  0.0, Avg:  0.0, Max:  0.0, Diff:  0.0, Sum:  0.0, Workers: 4
[4030.935s][debug][gc,phases      ] GC(290)     Dead                           Min: 0, Avg:  0.0, Max: 0, Diff: 0, Sum: 0, Workers: 4
[4030.935s][debug][gc,phases      ] GC(290)     Total                          Min: 0, Avg:  0.0, Max: 0, Diff: 0, Sum: 0, Workers: 4
[4030.935s][debug][gc,phases      ] GC(290)   StringDedup Table Weak         Min:  0.0, Avg:  0.0, Max:  0.0, Diff:  0.0, Sum:  0.0, Workers: 4
[4030.935s][debug][gc,phases      ] GC(290)     Dead                           Min: 0, Avg:  0.0, Max: 0, Diff: 0, Sum: 0, Workers: 4
[4030.935s][debug][gc,phases      ] GC(290)     Total                          Min: 0, Avg:  0.0, Max: 0, Diff: 0, Sum: 0, Workers: 4
[4030.935s][debug][gc,phases      ] GC(290)   StringDedup Requests0 Weak     Min:  0.0, Avg:  0.0, Max:  0.0, Diff:  0.0, Sum:  0.0, Workers: 4
[4030.935s][debug][gc,phases      ] GC(290)     Dead                           Min: 0, Avg:  0.0, Max: 0, Diff: 0, Sum: 0, Workers: 4
[4030.935s][debug][gc,phases      ] GC(290)     Total                          Min: 0, Avg:  0.0, Max: 0, Diff: 0, Sum: 0, Workers: 4
[4030.935s][debug][gc,phases      ] GC(290)   StringDedup Requests1 Weak     Min:  0.0, Avg:  0.0, Max:  0.0, Diff:  0.0, Sum:  0.0, Workers: 4
[4030.935s][debug][gc,phases      ] GC(290)     Dead                           Min: 0, Avg:  0.0, Max: 0, Diff: 0, Sum: 0, Workers: 4
[4030.935s][debug][gc,phases      ] GC(290)     Total                          Min: 0, Avg:  0.0, Max: 0, Diff: 0, Sum: 0, Workers: 4
[4030.935s][debug][gc,phases      ] GC(290)   Weak JFR Old Object Samples    Min:  0.0, Avg:  0.0, Max:  0.0, Diff:  0.0, Sum:  0.0, Workers: 4
[4030.935s][debug][gc,phases      ] GC(290)     Dead                           Min: 0, Avg:  0.0, Max: 0, Diff: 0, Sum: 0, Workers: 4
[4030.935s][debug][gc,phases      ] GC(290)     Total                          Min: 0, Avg:  0.0, Max: 0, Diff: 0, Sum: 0, Workers: 4
[4030.935s][debug][gc,phases      ] GC(290) Weak Processing 0.319ms
[4030.935s][debug][gc,age         ] GC(290) Desired survivor size 32505856 bytes, new threshold 15 (max threshold 15)
[4030.935s][info ][gc,heap        ] GC(290) PSYoungGen: 2049973K(2063872K)->18837K(2065408K) Eden: 2031104K(2031104K)->0K(2033152K) From: 18869K(32768K)->18837K(32256K)
[4030.935s][info ][gc,heap        ] GC(290) ParOldGen: 668724K(740864K)->668792K(740864K)
[4030.935s][info ][gc,metaspace   ] GC(290) Metaspace: 85928K(86848K)->85928K(86848K) NonClass: 73897K(74432K)->73897K(74432K) Class: 12031K(12416K)->12031K(12416K)
[4030.935s][info ][gc             ] GC(290) Pause Young (Allocation Failure) 2654M->671M(2740M) 5.991ms
[4030.935s][info ][gc,cpu         ] GC(290) User=0.02s Sys=0.00s Real=0.01s
[4030.935s][info ][safepoint      ] Safepoint "ParallelGCFailedAllocation", Time since last: 20381178758 ns, Reaching safepoint: 43501 ns, At safepoint: 6122944 ns, Total: 6166445 ns
[4045.936s][info ][safepoint      ] Safepoint "Cleanup", Time since last: 15000948516 ns, Reaching safepoint: 53501 ns, At safepoint: 10100 ns, Total: 63601 ns
[4046.936s][info ][safepoint      ] Safepoint "Cleanup", Time since last: 1000113277 ns, Reaching safepoint: 40001 ns, At safepoint: 2400 ns, Total: 42401 ns
[4051.080s][info ][gc,start       ] GC(291) Pause Young (Allocation Failure)
[4051.085s][debug][gc,phases      ] GC(291) Scavenge 5.404ms
[4051.085s][debug][gc,ref         ] GC(291) Skipped phase 1 of Reference Processing: no references
[4051.085s][debug][gc,ref         ] GC(291) ReferenceProcessor::execute queues: 1, RefProcThreadModel::Single, marks_oops_alive: false
[4051.085s][debug][gc,ref         ] GC(291) Skipped phase 3 of Reference Processing: no references
[4051.085s][debug][gc,ref         ] GC(291) ReferenceProcessor::execute queues: 1, RefProcThreadModel::Single, marks_oops_alive: false
[4051.085s][debug][gc,phases      ] GC(291) Reference Processing 0.105ms
[4051.086s][debug][gc,phases      ] GC(291)   VM Weak                        Min:  0.0, Avg:  0.0, Max:  0.0, Diff:  0.0, Sum:  0.0, Workers: 4
[4051.086s][debug][gc,phases      ] GC(291)     Dead                           Min: 0, Avg:  0.0, Max: 0, Diff: 0, Sum: 0, Workers: 4
[4051.086s][debug][gc,phases      ] GC(291)     Total                          Min: 0, Avg: 189.5, Max: 438, Diff: 438, Sum: 758, Workers: 4
[4051.086s][debug][gc,phases      ] GC(291)   ObjectSynchronizer Weak        Min:  0.0, Avg:  0.0, Max:  0.0, Diff:  0.0, Sum:  0.0, Workers: 4
[4051.086s][debug][gc,phases      ] GC(291)     Dead                           Min: 0, Avg:  0.0, Max: 0, Diff: 0, Sum: 0, Workers: 4
[4051.086s][debug][gc,phases      ] GC(291)     Total                          Min: 0, Avg: 98.8, Max: 139, Diff: 139, Sum: 395, Workers: 4
[4051.086s][debug][gc,phases      ] GC(291)   JVMTI Tag Weak OopStorage      Min:  0.0, Avg:  0.0, Max:  0.0, Diff:  0.0, Sum:  0.0, Workers: 4
[4051.086s][debug][gc,phases      ] GC(291)     Dead                           Min: 0, Avg:  0.0, Max: 0, Diff: 0, Sum: 0, Workers: 4
[4051.086s][debug][gc,phases      ] GC(291)     Total                          Min: 0, Avg:  0.0, Max: 0, Diff: 0, Sum: 0, Workers: 4
[4051.086s][debug][gc,phases      ] GC(291)   StringTable Weak               Min:  0.1, Avg:  0.1, Max:  0.1, Diff:  0.0, Sum:  0.4, Workers: 4
[4051.086s][debug][gc,phases      ] GC(291)     Dead                           Min: 0, Avg:  0.0, Max: 0, Diff: 0, Sum: 0, Workers: 4
[4051.086s][debug][gc,phases      ] GC(291)     Total                          Min: 11136, Avg: 12313.5, Max: 13184, Diff: 2048, Sum: 49254, Workers: 4
[4051.086s][debug][gc,phases      ] GC(291)   ResolvedMethodTable Weak       Min:  0.0, Avg:  0.0, Max:  0.0, Diff:  0.0, Sum:  0.1, Workers: 4
[4051.086s][debug][gc,phases      ] GC(291)     Dead                           Min: 0, Avg:  0.0, Max: 0, Diff: 0, Sum: 0, Workers: 4
[4051.086s][debug][gc,phases      ] GC(291)     Total                          Min: 2112, Avg: 2247.5, Max: 2368, Diff: 256, Sum: 8990, Workers: 4
[4051.086s][debug][gc,phases      ] GC(291)   JNI Weak                       Min:  0.0, Avg:  0.0, Max:  0.0, Diff:  0.0, Sum:  0.0, Workers: 4
[4051.086s][debug][gc,phases      ] GC(291)     Dead                           Min: 0, Avg:  0.0, Max: 0, Diff: 0, Sum: 0, Workers: 4
[4051.086s][debug][gc,phases      ] GC(291)     Total                          Min: 0, Avg:  0.0, Max: 0, Diff: 0, Sum: 0, Workers: 4
[4051.086s][debug][gc,phases      ] GC(291)   StringDedup Table Weak         Min:  0.0, Avg:  0.0, Max:  0.0, Diff:  0.0, Sum:  0.0, Workers: 4
[4051.086s][debug][gc,phases      ] GC(291)     Dead                           Min: 0, Avg:  0.0, Max: 0, Diff: 0, Sum: 0, Workers: 4
[4051.086s][debug][gc,phases      ] GC(291)     Total                          Min: 0, Avg:  0.0, Max: 0, Diff: 0, Sum: 0, Workers: 4
[4051.086s][debug][gc,phases      ] GC(291)   StringDedup Requests0 Weak     Min:  0.0, Avg:  0.0, Max:  0.0, Diff:  0.0, Sum:  0.0, Workers: 4
[4051.086s][debug][gc,phases      ] GC(291)     Dead                           Min: 0, Avg:  0.0, Max: 0, Diff: 0, Sum: 0, Workers: 4
[4051.086s][debug][gc,phases      ] GC(291)     Total                          Min: 0, Avg:  0.0, Max: 0, Diff: 0, Sum: 0, Workers: 4
[4051.086s][debug][gc,phases      ] GC(291)   StringDedup Requests1 Weak     Min:  0.0, Avg:  0.0, Max:  0.0, Diff:  0.0, Sum:  0.0, Workers: 4
[4051.086s][debug][gc,phases      ] GC(291)     Dead                           Min: 0, Avg:  0.0, Max: 0, Diff: 0, Sum: 0, Workers: 4
[4051.086s][debug][gc,phases      ] GC(291)     Total                          Min: 0, Avg:  0.0, Max: 0, Diff: 0, Sum: 0, Workers: 4
[4051.086s][debug][gc,phases      ] GC(291)   Weak JFR Old Object Samples    Min:  0.0, Avg:  0.0, Max:  0.0, Diff:  0.0, Sum:  0.0, Workers: 4
[4051.086s][debug][gc,phases      ] GC(291)     Dead                           Min: 0, Avg:  0.0, Max: 0, Diff: 0, Sum: 0, Workers: 4
[4051.086s][debug][gc,phases      ] GC(291)     Total                          Min: 0, Avg:  0.0, Max: 0, Diff: 0, Sum: 0, Workers: 4
[4051.086s][debug][gc,phases      ] GC(291) Weak Processing 0.309ms
[4051.086s][debug][gc,age         ] GC(291) Desired survivor size 31981568 bytes, new threshold 15 (max threshold 15)
[4051.086s][info ][gc,heap        ] GC(291) PSYoungGen: 2051989K(2065408K)->18805K(2064896K) Eden: 2033152K(2033152K)->0K(2033152K) From: 18837K(32256K)->18805K(31744K)
[4051.086s][info ][gc,heap        ] GC(291) ParOldGen: 668792K(740864K)->668824K(740864K)
[4051.086s][info ][gc,metaspace   ] GC(291) Metaspace: 85928K(86848K)->85928K(86848K) NonClass: 73897K(74432K)->73897K(74432K) Class: 12031K(12416K)->12031K(12416K)
[4051.086s][info ][gc             ] GC(291) Pause Young (Allocation Failure) 2657M->671M(2740M) 5.939ms
[4051.086s][info ][gc,cpu         ] GC(291) User=0.02s Sys=0.00s Real=0.01s
[4051.086s][info ][safepoint      ] Safepoint "ParallelGCFailedAllocation", Time since last: 4143249260 ns, Reaching safepoint: 38401 ns, At safepoint: 6022241 ns, Total: 6060642 ns
[4071.244s][info ][gc,start       ] GC(292) Pause Young (Allocation Failure)
[4071.250s][debug][gc,phases      ] GC(292) Scavenge 5.640ms
[4071.250s][debug][gc,ref         ] GC(292) Skipped phase 1 of Reference Processing: no references
[4071.250s][debug][gc,ref         ] GC(292) ReferenceProcessor::execute queues: 1, RefProcThreadModel::Single, marks_oops_alive: false
[4071.250s][debug][gc,ref         ] GC(292) Skipped phase 3 of Reference Processing: no references
[4071.250s][debug][gc,ref         ] GC(292) ReferenceProcessor::execute queues: 1, RefProcThreadModel::Single, marks_oops_alive: false
[4071.250s][debug][gc,phases      ] GC(292) Reference Processing 0.108ms
[4071.250s][debug][gc,phases      ] GC(292)   VM Weak                        Min:  0.0, Avg:  0.0, Max:  0.0, Diff:  0.0, Sum:  0.0, Workers: 4
[4071.250s][debug][gc,phases      ] GC(292)     Dead                           Min: 0, Avg:  0.0, Max: 0, Diff: 0, Sum: 0, Workers: 4
[4071.250s][debug][gc,phases      ] GC(292)     Total                          Min: 0, Avg: 189.5, Max: 448, Diff: 448, Sum: 758, Workers: 4
[4071.250s][debug][gc,phases      ] GC(292)   ObjectSynchronizer Weak        Min:  0.0, Avg:  0.0, Max:  0.0, Diff:  0.0, Sum:  0.0, Workers: 4
[4071.250s][debug][gc,phases      ] GC(292)     Dead                           Min: 0, Avg:  0.0, Max: 0, Diff: 0, Sum: 0, Workers: 4
[4071.250s][debug][gc,phases      ] GC(292)     Total                          Min: 11, Avg: 98.8, Max: 128, Diff: 117, Sum: 395, Workers: 4
[4071.250s][debug][gc,phases      ] GC(292)   JVMTI Tag Weak OopStorage      Min:  0.0, Avg:  0.0, Max:  0.0, Diff:  0.0, Sum:  0.0, Workers: 4
[4071.250s][debug][gc,phases      ] GC(292)     Dead                           Min: 0, Avg:  0.0, Max: 0, Diff: 0, Sum: 0, Workers: 4
[4071.250s][debug][gc,phases      ] GC(292)     Total                          Min: 0, Avg:  0.0, Max: 0, Diff: 0, Sum: 0, Workers: 4
[4071.250s][debug][gc,phases      ] GC(292)   StringTable Weak               Min:  0.1, Avg:  0.1, Max:  0.1, Diff:  0.0, Sum:  0.4, Workers: 4
[4071.250s][debug][gc,phases      ] GC(292)     Dead                           Min: 0, Avg:  0.0, Max: 0, Diff: 0, Sum: 0, Workers: 4
[4071.250s][debug][gc,phases      ] GC(292)     Total                          Min: 11942, Avg: 12313.5, Max: 12608, Diff: 666, Sum: 49254, Workers: 4
[4071.250s][debug][gc,phases      ] GC(292)   ResolvedMethodTable Weak       Min:  0.0, Avg:  0.0, Max:  0.0, Diff:  0.0, Sum:  0.1, Workers: 4
[4071.250s][debug][gc,phases      ] GC(292)     Dead                           Min: 0, Avg:  0.0, Max: 0, Diff: 0, Sum: 0, Workers: 4
[4071.250s][debug][gc,phases      ] GC(292)     Total                          Min: 1984, Avg: 2247.5, Max: 2432, Diff: 448, Sum: 8990, Workers: 4
[4071.250s][debug][gc,phases      ] GC(292)   JNI Weak                       Min:  0.0, Avg:  0.0, Max:  0.0, Diff:  0.0, Sum:  0.0, Workers: 4
[4071.250s][debug][gc,phases      ] GC(292)     Dead                           Min: 0, Avg:  0.0, Max: 0, Diff: 0, Sum: 0, Workers: 4
[4071.250s][debug][gc,phases      ] GC(292)     Total                          Min: 0, Avg:  0.0, Max: 0, Diff: 0, Sum: 0, Workers: 4
[4071.250s][debug][gc,phases      ] GC(292)   StringDedup Table Weak         Min:  0.0, Avg:  0.0, Max:  0.0, Diff:  0.0, Sum:  0.0, Workers: 4
[4071.250s][debug][gc,phases      ] GC(292)     Dead                           Min: 0, Avg:  0.0, Max: 0, Diff: 0, Sum: 0, Workers: 4
[4071.250s][debug][gc,phases      ] GC(292)     Total                          Min: 0, Avg:  0.0, Max: 0, Diff: 0, Sum: 0, Workers: 4
[4071.250s][debug][gc,phases      ] GC(292)   StringDedup Requests0 Weak     Min:  0.0, Avg:  0.0, Max:  0.0, Diff:  0.0, Sum:  0.0, Workers: 4
[4071.250s][debug][gc,phases      ] GC(292)     Dead                           Min: 0, Avg:  0.0, Max: 0, Diff: 0, Sum: 0, Workers: 4
[4071.250s][debug][gc,phases      ] GC(292)     Total                          Min: 0, Avg:  0.0, Max: 0, Diff: 0, Sum: 0, Workers: 4
[4071.250s][debug][gc,phases      ] GC(292)   StringDedup Requests1 Weak     Min:  0.0, Avg:  0.0, Max:  0.0, Diff:  0.0, Sum:  0.0, Workers: 4
[4071.250s][debug][gc,phases      ] GC(292)     Dead                           Min: 0, Avg:  0.0, Max: 0, Diff: 0, Sum: 0, Workers: 4
[4071.250s][debug][gc,phases      ] GC(292)     Total                          Min: 0, Avg:  0.0, Max: 0, Diff: 0, Sum: 0, Workers: 4
[4071.250s][debug][gc,phases      ] GC(292)   Weak JFR Old Object Samples    Min:  0.0, Avg:  0.0, Max:  0.0, Diff:  0.0, Sum:  0.0, Workers: 4
[4071.250s][debug][gc,phases      ] GC(292)     Dead                           Min: 0, Avg:  0.0, Max: 0, Diff: 0, Sum: 0, Workers: 4
[4071.250s][debug][gc,phases      ] GC(292)     Total                          Min: 0, Avg:  0.0, Max: 0, Diff: 0, Sum: 0, Workers: 4
[4071.250s][debug][gc,phases      ] GC(292) Weak Processing 0.307ms
[4071.250s][debug][gc,age         ] GC(292) Desired survivor size 31457280 bytes, new threshold 15 (max threshold 15)
[4071.250s][info ][gc,heap        ] GC(292) PSYoungGen: 2051957K(2064896K)->18901K(2066432K) Eden: 2033152K(2033152K)->0K(2035200K) From: 18805K(31744K)->18901K(31232K)
[4071.250s][info ][gc,heap        ] GC(292) ParOldGen: 668824K(740864K)->668856K(740864K)
[4071.250s][info ][gc,metaspace   ] GC(292) Metaspace: 85928K(86848K)->85928K(86848K) NonClass: 73897K(74432K)->73897K(74432K) Class: 12031K(12416K)->12031K(12416K)
[4071.250s][info ][gc             ] GC(292) Pause Young (Allocation Failure) 2657M->671M(2741M) 6.174ms
[4071.250s][info ][gc,cpu         ] GC(292) User=0.02s Sys=0.00s Real=0.00s
[4071.251s][info ][safepoint      ] Safepoint "ParallelGCFailedAllocation", Time since last: 20158461636 ns, Reaching safepoint: 53101 ns, At safepoint: 6255947 ns, Total: 6309048 ns
[4091.673s][info ][gc,start       ] GC(293) Pause Young (Allocation Failure)
[4091.679s][debug][gc,phases      ] GC(293) Scavenge 6.114ms
[4091.679s][debug][gc,ref         ] GC(293) Skipped phase 1 of Reference Processing: no references
[4091.679s][debug][gc,ref         ] GC(293) ReferenceProcessor::execute queues: 1, RefProcThreadModel::Single, marks_oops_alive: false
[4091.679s][debug][gc,ref         ] GC(293) Skipped phase 3 of Reference Processing: no references
[4091.679s][debug][gc,ref         ] GC(293) ReferenceProcessor::execute queues: 1, RefProcThreadModel::Single, marks_oops_alive: false
[4091.679s][debug][gc,phases      ] GC(293) Reference Processing 0.105ms
[4091.679s][debug][gc,phases      ] GC(293)   VM Weak                        Min:  0.0, Avg:  0.0, Max:  0.0, Diff:  0.0, Sum:  0.0, Workers: 4
[4091.679s][debug][gc,phases      ] GC(293)     Dead                           Min: 0, Avg:  0.0, Max: 0, Diff: 0, Sum: 0, Workers: 4
[4091.679s][debug][gc,phases      ] GC(293)     Total                          Min: 0, Avg: 189.5, Max: 384, Diff: 384, Sum: 758, Workers: 4
[4091.679s][debug][gc,phases      ] GC(293)   ObjectSynchronizer Weak        Min:  0.0, Avg:  0.0, Max:  0.0, Diff:  0.0, Sum:  0.0, Workers: 4
[4091.679s][debug][gc,phases      ] GC(293)     Dead                           Min: 0, Avg:  0.0, Max: 0, Diff: 0, Sum: 0, Workers: 4
[4091.679s][debug][gc,phases      ] GC(293)     Total                          Min: 0, Avg: 98.8, Max: 139, Diff: 139, Sum: 395, Workers: 4
[4091.679s][debug][gc,phases      ] GC(293)   JVMTI Tag Weak OopStorage      Min:  0.0, Avg:  0.0, Max:  0.0, Diff:  0.0, Sum:  0.0, Workers: 4
[4091.679s][debug][gc,phases      ] GC(293)     Dead                           Min: 0, Avg:  0.0, Max: 0, Diff: 0, Sum: 0, Workers: 4
[4091.679s][debug][gc,phases      ] GC(293)     Total                          Min: 0, Avg:  0.0, Max: 0, Diff: 0, Sum: 0, Workers: 4
[4091.679s][debug][gc,phases      ] GC(293)   StringTable Weak               Min:  0.1, Avg:  0.1, Max:  0.1, Diff:  0.0, Sum:  0.4, Workers: 4
[4091.679s][debug][gc,phases      ] GC(293)     Dead                           Min: 0, Avg:  0.0, Max: 0, Diff: 0, Sum: 0, Workers: 4
[4091.679s][debug][gc,phases      ] GC(293)     Total                          Min: 12032, Avg: 12313.5, Max: 12800, Diff: 768, Sum: 49254, Workers: 4
[4091.679s][debug][gc,phases      ] GC(293)   ResolvedMethodTable Weak       Min:  0.0, Avg:  0.0, Max:  0.0, Diff:  0.0, Sum:  0.1, Workers: 4
[4091.679s][debug][gc,phases      ] GC(293)     Dead                           Min: 0, Avg:  0.0, Max: 0, Diff: 0, Sum: 0, Workers: 4
[4091.679s][debug][gc,phases      ] GC(293)     Total                          Min: 2112, Avg: 2247.5, Max: 2526, Diff: 414, Sum: 8990, Workers: 4
[4091.679s][debug][gc,phases      ] GC(293)   JNI Weak                       Min:  0.0, Avg:  0.0, Max:  0.0, Diff:  0.0, Sum:  0.0, Workers: 4
[4091.679s][debug][gc,phases      ] GC(293)     Dead                           Min: 0, Avg:  0.0, Max: 0, Diff: 0, Sum: 0, Workers: 4
[4091.679s][debug][gc,phases      ] GC(293)     Total                          Min: 0, Avg:  0.0, Max: 0, Diff: 0, Sum: 0, Workers: 4
[4091.679s][debug][gc,phases      ] GC(293)   StringDedup Table Weak         Min:  0.0, Avg:  0.0, Max:  0.0, Diff:  0.0, Sum:  0.0, Workers: 4
[4091.679s][debug][gc,phases      ] GC(293)     Dead                           Min: 0, Avg:  0.0, Max: 0, Diff: 0, Sum: 0, Workers: 4
[4091.679s][debug][gc,phases      ] GC(293)     Total                          Min: 0, Avg:  0.0, Max: 0, Diff: 0, Sum: 0, Workers: 4
[4091.679s][debug][gc,phases      ] GC(293)   StringDedup Requests0 Weak     Min:  0.0, Avg:  0.0, Max:  0.0, Diff:  0.0, Sum:  0.0, Workers: 4
[4091.679s][debug][gc,phases      ] GC(293)     Dead                           Min: 0, Avg:  0.0, Max: 0, Diff: 0, Sum: 0, Workers: 4
[4091.679s][debug][gc,phases      ] GC(293)     Total                          Min: 0, Avg:  0.0, Max: 0, Diff: 0, Sum: 0, Workers: 4
[4091.679s][debug][gc,phases      ] GC(293)   StringDedup Requests1 Weak     Min:  0.0, Avg:  0.0, Max:  0.0, Diff:  0.0, Sum:  0.0, Workers: 4
[4091.679s][debug][gc,phases      ] GC(293)     Dead                           Min: 0, Avg:  0.0, Max: 0, Diff: 0, Sum: 0, Workers: 4
[4091.679s][debug][gc,phases      ] GC(293)     Total                          Min: 0, Avg:  0.0, Max: 0, Diff: 0, Sum: 0, Workers: 4
[4091.679s][debug][gc,phases      ] GC(293)   Weak JFR Old Object Samples    Min:  0.0, Avg:  0.0, Max:  0.0, Diff:  0.0, Sum:  0.0, Workers: 4
[4091.679s][debug][gc,phases      ] GC(293)     Dead                           Min: 0, Avg:  0.0, Max: 0, Diff: 0, Sum: 0, Workers: 4
[4091.679s][debug][gc,phases      ] GC(293)     Total                          Min: 0, Avg:  0.0, Max: 0, Diff: 0, Sum: 0, Workers: 4
[4091.679s][debug][gc,phases      ] GC(293) Weak Processing 0.321ms
[4091.679s][debug][gc,age         ] GC(293) Desired survivor size 30932992 bytes, new threshold 15 (max threshold 15)
[4091.680s][info ][gc,heap        ] GC(293) PSYoungGen: 2054101K(2066432K)->18309K(2065920K) Eden: 2035200K(2035200K)->0K(2035200K) From: 18901K(31232K)->18309K(30720K)
[4091.680s][info ][gc,heap        ] GC(293) ParOldGen: 668856K(740864K)->669448K(740864K)
[4091.680s][info ][gc,metaspace   ] GC(293) Metaspace: 85931K(86848K)->85931K(86848K) NonClass: 73899K(74432K)->73899K(74432K) Class: 12031K(12416K)->12031K(12416K)
[4091.680s][info ][gc             ] GC(293) Pause Young (Allocation Failure) 2659M->671M(2741M) 6.660ms
[4091.680s][info ][gc,cpu         ] GC(293) User=0.02s Sys=0.00s Real=0.00s
[4091.680s][info ][safepoint      ] Safepoint "ParallelGCFailedAllocation", Time since last: 20422235779 ns, Reaching safepoint: 61202 ns, At safepoint: 6771659 ns, Total: 6832861 ns
[4096.680s][info ][safepoint      ] Safepoint "Cleanup", Time since last: 5000361007 ns, Reaching safepoint: 44401 ns, At safepoint: 9001 ns, Total: 53402 ns
[4105.681s][info ][safepoint      ] Safepoint "Cleanup", Time since last: 9000591939 ns, Reaching safepoint: 54801 ns, At safepoint: 4500 ns, Total: 59301 ns
[4111.993s][info ][gc,start       ] GC(294) Pause Young (Allocation Failure)
[4111.999s][debug][gc,phases      ] GC(294) Scavenge 5.630ms
[4111.999s][debug][gc,ref         ] GC(294) Skipped phase 1 of Reference Processing: no references
[4111.999s][debug][gc,ref         ] GC(294) ReferenceProcessor::execute queues: 1, RefProcThreadModel::Single, marks_oops_alive: false
[4111.999s][debug][gc,ref         ] GC(294) Skipped phase 3 of Reference Processing: no references
[4111.999s][debug][gc,ref         ] GC(294) ReferenceProcessor::execute queues: 1, RefProcThreadModel::Single, marks_oops_alive: false
[4111.999s][debug][gc,phases      ] GC(294) Reference Processing 0.131ms
[4111.999s][debug][gc,phases      ] GC(294)   VM Weak                        Min:  0.0, Avg:  0.0, Max:  0.0, Diff:  0.0, Sum:  0.0, Workers: 4
[4111.999s][debug][gc,phases      ] GC(294)     Dead                           Min: 0, Avg:  0.0, Max: 0, Diff: 0, Sum: 0, Workers: 4
[4111.999s][debug][gc,phases      ] GC(294)     Total                          Min: 0, Avg: 189.5, Max: 320, Diff: 320, Sum: 758, Workers: 4
[4111.999s][debug][gc,phases      ] GC(294)   ObjectSynchronizer Weak        Min:  0.0, Avg:  0.0, Max:  0.0, Diff:  0.0, Sum:  0.0, Workers: 4
[4111.999s][debug][gc,phases      ] GC(294)     Dead                           Min: 0, Avg:  0.0, Max: 0, Diff: 0, Sum: 0, Workers: 4
[4111.999s][debug][gc,phases      ] GC(294)     Total                          Min: 0, Avg: 98.8, Max: 192, Diff: 192, Sum: 395, Workers: 4
[4111.999s][debug][gc,phases      ] GC(294)   JVMTI Tag Weak OopStorage      Min:  0.0, Avg:  0.0, Max:  0.0, Diff:  0.0, Sum:  0.0, Workers: 4
[4111.999s][debug][gc,phases      ] GC(294)     Dead                           Min: 0, Avg:  0.0, Max: 0, Diff: 0, Sum: 0, Workers: 4
[4111.999s][debug][gc,phases      ] GC(294)     Total                          Min: 0, Avg:  0.0, Max: 0, Diff: 0, Sum: 0, Workers: 4
[4111.999s][debug][gc,phases      ] GC(294)   StringTable Weak               Min:  0.1, Avg:  0.1, Max:  0.1, Diff:  0.0, Sum:  0.4, Workers: 4
[4111.999s][debug][gc,phases      ] GC(294)     Dead                           Min: 0, Avg:  0.0, Max: 0, Diff: 0, Sum: 0, Workers: 4
[4111.999s][debug][gc,phases      ] GC(294)     Total                          Min: 11584, Avg: 12313.5, Max: 13312, Diff: 1728, Sum: 49254, Workers: 4
[4111.999s][debug][gc,phases      ] GC(294)   ResolvedMethodTable Weak       Min:  0.0, Avg:  0.0, Max:  0.0, Diff:  0.0, Sum:  0.1, Workers: 4
[4111.999s][debug][gc,phases      ] GC(294)     Dead                           Min: 0, Avg:  0.0, Max: 0, Diff: 0, Sum: 0, Workers: 4
[4111.999s][debug][gc,phases      ] GC(294)     Total                          Min: 1854, Avg: 2247.5, Max: 2816, Diff: 962, Sum: 8990, Workers: 4
[4111.999s][debug][gc,phases      ] GC(294)   JNI Weak                       Min:  0.0, Avg:  0.0, Max:  0.0, Diff:  0.0, Sum:  0.0, Workers: 4
[4111.999s][debug][gc,phases      ] GC(294)     Dead                           Min: 0, Avg:  0.0, Max: 0, Diff: 0, Sum: 0, Workers: 4
[4111.999s][debug][gc,phases      ] GC(294)     Total                          Min: 0, Avg:  0.0, Max: 0, Diff: 0, Sum: 0, Workers: 4
[4111.999s][debug][gc,phases      ] GC(294)   StringDedup Table Weak         Min:  0.0, Avg:  0.0, Max:  0.0, Diff:  0.0, Sum:  0.0, Workers: 4
[4111.999s][debug][gc,phases      ] GC(294)     Dead                           Min: 0, Avg:  0.0, Max: 0, Diff: 0, Sum: 0, Workers: 4
[4111.999s][debug][gc,phases      ] GC(294)     Total                          Min: 0, Avg:  0.0, Max: 0, Diff: 0, Sum: 0, Workers: 4
[4111.999s][debug][gc,phases      ] GC(294)   StringDedup Requests0 Weak     Min:  0.0, Avg:  0.0, Max:  0.0, Diff:  0.0, Sum:  0.0, Workers: 4
[4111.999s][debug][gc,phases      ] GC(294)     Dead                           Min: 0, Avg:  0.0, Max: 0, Diff: 0, Sum: 0, Workers: 4
[4111.999s][debug][gc,phases      ] GC(294)     Total                          Min: 0, Avg:  0.0, Max: 0, Diff: 0, Sum: 0, Workers: 4
[4111.999s][debug][gc,phases      ] GC(294)   StringDedup Requests1 Weak     Min:  0.0, Avg:  0.0, Max:  0.0, Diff:  0.0, Sum:  0.0, Workers: 4
[4111.999s][debug][gc,phases      ] GC(294)     Dead                           Min: 0, Avg:  0.0, Max: 0, Diff: 0, Sum: 0, Workers: 4
[4111.999s][debug][gc,phases      ] GC(294)     Total                          Min: 0, Avg:  0.0, Max: 0, Diff: 0, Sum: 0, Workers: 4
[4111.999s][debug][gc,phases      ] GC(294)   Weak JFR Old Object Samples    Min:  0.0, Avg:  0.0, Max:  0.0, Diff:  0.0, Sum:  0.0, Workers: 4
[4111.999s][debug][gc,phases      ] GC(294)     Dead                           Min: 0, Avg:  0.0, Max: 0, Diff: 0, Sum: 0, Workers: 4
[4111.999s][debug][gc,phases      ] GC(294)     Total                          Min: 0, Avg:  0.0, Max: 0, Diff: 0, Sum: 0, Workers: 4
[4111.999s][debug][gc,phases      ] GC(294) Weak Processing 0.297ms
[4111.999s][debug][gc,age         ] GC(294) Desired survivor size 29884416 bytes, new threshold 15 (max threshold 15)
[4111.999s][info ][gc,heap        ] GC(294) PSYoungGen: 2053509K(2065920K)->18373K(2067968K) Eden: 2035200K(2035200K)->0K(2037760K) From: 18309K(30720K)->18373K(30208K)
[4111.999s][info ][gc,heap        ] GC(294) ParOldGen: 669448K(740864K)->669456K(740864K)
[4111.999s][info ][gc,metaspace   ] GC(294) Metaspace: 85931K(86848K)->85931K(86848K) NonClass: 73900K(74432K)->73900K(74432K) Class: 12031K(12416K)->12031K(12416K)
[4111.999s][info ][gc             ] GC(294) Pause Young (Allocation Failure) 2659M->671M(2743M) 6.186ms
[4111.999s][info ][gc,cpu         ] GC(294) User=0.02s Sys=0.00s Real=0.00s
[4111.999s][info ][safepoint      ] Safepoint "ParallelGCFailedAllocation", Time since last: 6312240421 ns, Reaching safepoint: 60101 ns, At safepoint: 6273248 ns, Total: 6333349 ns
[4132.444s][info ][gc,start       ] GC(295) Pause Young (Allocation Failure)
[4132.449s][debug][gc,phases      ] GC(295) Scavenge 5.293ms
[4132.449s][debug][gc,ref         ] GC(295) Skipped phase 1 of Reference Processing: no references
[4132.449s][debug][gc,ref         ] GC(295) ReferenceProcessor::execute queues: 1, RefProcThreadModel::Single, marks_oops_alive: false
[4132.449s][debug][gc,ref         ] GC(295) Skipped phase 3 of Reference Processing: no references
[4132.449s][debug][gc,ref         ] GC(295) ReferenceProcessor::execute queues: 1, RefProcThreadModel::Single, marks_oops_alive: false
[4132.449s][debug][gc,phases      ] GC(295) Reference Processing 0.118ms
[4132.449s][debug][gc,phases      ] GC(295)   VM Weak                        Min:  0.0, Avg:  0.0, Max:  0.0, Diff:  0.0, Sum:  0.0, Workers: 4
[4132.449s][debug][gc,phases      ] GC(295)     Dead                           Min: 0, Avg:  0.0, Max: 0, Diff: 0, Sum: 0, Workers: 4
[4132.449s][debug][gc,phases      ] GC(295)     Total                          Min: 0, Avg: 189.5, Max: 566, Diff: 566, Sum: 758, Workers: 4
[4132.449s][debug][gc,phases      ] GC(295)   ObjectSynchronizer Weak        Min:  0.0, Avg:  0.0, Max:  0.0, Diff:  0.0, Sum:  0.0, Workers: 4
[4132.449s][debug][gc,phases      ] GC(295)     Dead                           Min: 0, Avg:  0.0, Max: 0, Diff: 0, Sum: 0, Workers: 4
[4132.449s][debug][gc,phases      ] GC(295)     Total                          Min: 0, Avg: 98.8, Max: 192, Diff: 192, Sum: 395, Workers: 4
[4132.449s][debug][gc,phases      ] GC(295)   JVMTI Tag Weak OopStorage      Min:  0.0, Avg:  0.0, Max:  0.0, Diff:  0.0, Sum:  0.0, Workers: 4
[4132.449s][debug][gc,phases      ] GC(295)     Dead                           Min: 0, Avg:  0.0, Max: 0, Diff: 0, Sum: 0, Workers: 4
[4132.449s][debug][gc,phases      ] GC(295)     Total                          Min: 0, Avg:  0.0, Max: 0, Diff: 0, Sum: 0, Workers: 4
[4132.449s][debug][gc,phases      ] GC(295)   StringTable Weak               Min:  0.1, Avg:  0.1, Max:  0.1, Diff:  0.0, Sum:  0.4, Workers: 4
[4132.449s][debug][gc,phases      ] GC(295)     Dead                           Min: 0, Avg:  0.0, Max: 0, Diff: 0, Sum: 0, Workers: 4
[4132.449s][debug][gc,phases      ] GC(295)     Total                          Min: 11072, Avg: 12313.5, Max: 13888, Diff: 2816, Sum: 49254, Workers: 4
[4132.449s][debug][gc,phases      ] GC(295)   ResolvedMethodTable Weak       Min:  0.0, Avg:  0.0, Max:  0.0, Diff:  0.0, Sum:  0.1, Workers: 4
[4132.449s][debug][gc,phases      ] GC(295)     Dead                           Min: 0, Avg:  0.0, Max: 0, Diff: 0, Sum: 0, Workers: 4
[4132.449s][debug][gc,phases      ] GC(295)     Total                          Min: 2144, Avg: 2247.5, Max: 2430, Diff: 286, Sum: 8990, Workers: 4
[4132.449s][debug][gc,phases      ] GC(295)   JNI Weak                       Min:  0.0, Avg:  0.0, Max:  0.0, Diff:  0.0, Sum:  0.0, Workers: 4
[4132.449s][debug][gc,phases      ] GC(295)     Dead                           Min: 0, Avg:  0.0, Max: 0, Diff: 0, Sum: 0, Workers: 4
[4132.449s][debug][gc,phases      ] GC(295)     Total                          Min: 0, Avg:  0.0, Max: 0, Diff: 0, Sum: 0, Workers: 4
[4132.449s][debug][gc,phases      ] GC(295)   StringDedup Table Weak         Min:  0.0, Avg:  0.0, Max:  0.0, Diff:  0.0, Sum:  0.0, Workers: 4
[4132.449s][debug][gc,phases      ] GC(295)     Dead                           Min: 0, Avg:  0.0, Max: 0, Diff: 0, Sum: 0, Workers: 4
[4132.449s][debug][gc,phases      ] GC(295)     Total                          Min: 0, Avg:  0.0, Max: 0, Diff: 0, Sum: 0, Workers: 4
[4132.449s][debug][gc,phases      ] GC(295)   StringDedup Requests0 Weak     Min:  0.0, Avg:  0.0, Max:  0.0, Diff:  0.0, Sum:  0.0, Workers: 4
[4132.449s][debug][gc,phases      ] GC(295)     Dead                           Min: 0, Avg:  0.0, Max: 0, Diff: 0, Sum: 0, Workers: 4
[4132.449s][debug][gc,phases      ] GC(295)     Total                          Min: 0, Avg:  0.0, Max: 0, Diff: 0, Sum: 0, Workers: 4
[4132.449s][debug][gc,phases      ] GC(295)   StringDedup Requests1 Weak     Min:  0.0, Avg:  0.0, Max:  0.0, Diff:  0.0, Sum:  0.0, Workers: 4
[4132.449s][debug][gc,phases      ] GC(295)     Dead                           Min: 0, Avg:  0.0, Max: 0, Diff: 0, Sum: 0, Workers: 4
[4132.449s][debug][gc,phases      ] GC(295)     Total                          Min: 0, Avg:  0.0, Max: 0, Diff: 0, Sum: 0, Workers: 4
[4132.449s][debug][gc,phases      ] GC(295)   Weak JFR Old Object Samples    Min:  0.0, Avg:  0.0, Max:  0.0, Diff:  0.0, Sum:  0.0, Workers: 4
[4132.449s][debug][gc,phases      ] GC(295)     Dead                           Min: 0, Avg:  0.0, Max: 0, Diff: 0, Sum: 0, Workers: 4
[4132.449s][debug][gc,phases      ] GC(295)     Total                          Min: 0, Avg:  0.0, Max: 0, Diff: 0, Sum: 0, Workers: 4
[4132.449s][debug][gc,phases      ] GC(295) Weak Processing 0.319ms
[4132.449s][debug][gc,age         ] GC(295) Desired survivor size 29360128 bytes, new threshold 15 (max threshold 15)
[4132.450s][info ][gc,heap        ] GC(295) PSYoungGen: 2056133K(2067968K)->18277K(2066944K) Eden: 2037760K(2037760K)->0K(2037760K) From: 18373K(30208K)->18277K(29184K)
[4132.450s][info ][gc,heap        ] GC(295) ParOldGen: 669456K(740864K)->669480K(740864K)
[4132.450s][info ][gc,metaspace   ] GC(295) Metaspace: 85935K(86848K)->85935K(86848K) NonClass: 73904K(74432K)->73904K(74432K) Class: 12031K(12416K)->12031K(12416K)
[4132.450s][info ][gc             ] GC(295) Pause Young (Allocation Failure) 2661M->671M(2742M) 5.847ms
[4132.450s][info ][gc,cpu         ] GC(295) User=0.02s Sys=0.00s Real=0.00s
[4132.450s][info ][safepoint      ] Safepoint "ParallelGCFailedAllocation", Time since last: 20444282392 ns, Reaching safepoint: 112303 ns, At safepoint: 5957340 ns, Total: 6069643 ns
[4152.796s][info ][gc,start       ] GC(296) Pause Young (Allocation Failure)
[4152.802s][debug][gc,phases      ] GC(296) Scavenge 6.256ms
[4152.802s][debug][gc,ref         ] GC(296) Skipped phase 1 of Reference Processing: no references
[4152.802s][debug][gc,ref         ] GC(296) ReferenceProcessor::execute queues: 1, RefProcThreadModel::Single, marks_oops_alive: false
[4152.802s][debug][gc,ref         ] GC(296) Skipped phase 3 of Reference Processing: no references
[4152.802s][debug][gc,ref         ] GC(296) ReferenceProcessor::execute queues: 1, RefProcThreadModel::Single, marks_oops_alive: false
[4152.802s][debug][gc,phases      ] GC(296) Reference Processing 0.122ms
[4152.802s][debug][gc,phases      ] GC(296)   VM Weak                        Min:  0.0, Avg:  0.0, Max:  0.0, Diff:  0.0, Sum:  0.0, Workers: 4
[4152.802s][debug][gc,phases      ] GC(296)     Dead                           Min: 0, Avg:  0.0, Max: 0, Diff: 0, Sum: 0, Workers: 4
[4152.803s][debug][gc,phases      ] GC(296)     Total                          Min: 0, Avg: 189.5, Max: 374, Diff: 374, Sum: 758, Workers: 4
[4152.803s][debug][gc,phases      ] GC(296)   ObjectSynchronizer Weak        Min:  0.0, Avg:  0.0, Max:  0.0, Diff:  0.0, Sum:  0.0, Workers: 4
[4152.803s][debug][gc,phases      ] GC(296)     Dead                           Min: 0, Avg:  0.0, Max: 0, Diff: 0, Sum: 0, Workers: 4
[4152.803s][debug][gc,phases      ] GC(296)     Total                          Min: 0, Avg: 98.8, Max: 139, Diff: 139, Sum: 395, Workers: 4
[4152.803s][debug][gc,phases      ] GC(296)   JVMTI Tag Weak OopStorage      Min:  0.0, Avg:  0.0, Max:  0.0, Diff:  0.0, Sum:  0.0, Workers: 4
[4152.803s][debug][gc,phases      ] GC(296)     Dead                           Min: 0, Avg:  0.0, Max: 0, Diff: 0, Sum: 0, Workers: 4
[4152.803s][debug][gc,phases      ] GC(296)     Total                          Min: 0, Avg:  0.0, Max: 0, Diff: 0, Sum: 0, Workers: 4
[4152.803s][debug][gc,phases      ] GC(296)   StringTable Weak               Min:  0.1, Avg:  0.1, Max:  0.1, Diff:  0.0, Sum:  0.5, Workers: 4
[4152.803s][debug][gc,phases      ] GC(296)     Dead                           Min: 0, Avg:  0.0, Max: 0, Diff: 0, Sum: 0, Workers: 4
[4152.803s][debug][gc,phases      ] GC(296)     Total                          Min: 11520, Avg: 12313.5, Max: 13248, Diff: 1728, Sum: 49254, Workers: 4
[4152.803s][debug][gc,phases      ] GC(296)   ResolvedMethodTable Weak       Min:  0.0, Avg:  0.0, Max:  0.0, Diff:  0.0, Sum:  0.1, Workers: 4
[4152.803s][debug][gc,phases      ] GC(296)     Dead                           Min: 0, Avg:  0.0, Max: 0, Diff: 0, Sum: 0, Workers: 4
[4152.803s][debug][gc,phases      ] GC(296)     Total                          Min: 2144, Avg: 2247.5, Max: 2366, Diff: 222, Sum: 8990, Workers: 4
[4152.803s][debug][gc,phases      ] GC(296)   JNI Weak                       Min:  0.0, Avg:  0.0, Max:  0.0, Diff:  0.0, Sum:  0.0, Workers: 4
[4152.803s][debug][gc,phases      ] GC(296)     Dead                           Min: 0, Avg:  0.0, Max: 0, Diff: 0, Sum: 0, Workers: 4
[4152.803s][debug][gc,phases      ] GC(296)     Total                          Min: 0, Avg:  0.0, Max: 0, Diff: 0, Sum: 0, Workers: 4
[4152.803s][debug][gc,phases      ] GC(296)   StringDedup Table Weak         Min:  0.0, Avg:  0.0, Max:  0.0, Diff:  0.0, Sum:  0.0, Workers: 4
[4152.803s][debug][gc,phases      ] GC(296)     Dead                           Min: 0, Avg:  0.0, Max: 0, Diff: 0, Sum: 0, Workers: 4
[4152.803s][debug][gc,phases      ] GC(296)     Total                          Min: 0, Avg:  0.0, Max: 0, Diff: 0, Sum: 0, Workers: 4
[4152.803s][debug][gc,phases      ] GC(296)   StringDedup Requests0 Weak     Min:  0.0, Avg:  0.0, Max:  0.0, Diff:  0.0, Sum:  0.0, Workers: 4
[4152.803s][debug][gc,phases      ] GC(296)     Dead                           Min: 0, Avg:  0.0, Max: 0, Diff: 0, Sum: 0, Workers: 4
[4152.803s][debug][gc,phases      ] GC(296)     Total                          Min: 0, Avg:  0.0, Max: 0, Diff: 0, Sum: 0, Workers: 4
[4152.803s][debug][gc,phases      ] GC(296)   StringDedup Requests1 Weak     Min:  0.0, Avg:  0.0, Max:  0.0, Diff:  0.0, Sum:  0.0, Workers: 4
[4152.803s][debug][gc,phases      ] GC(296)     Dead                           Min: 0, Avg:  0.0, Max: 0, Diff: 0, Sum: 0, Workers: 4
[4152.803s][debug][gc,phases      ] GC(296)     Total                          Min: 0, Avg:  0.0, Max: 0, Diff: 0, Sum: 0, Workers: 4
[4152.803s][debug][gc,phases      ] GC(296)   Weak JFR Old Object Samples    Min:  0.0, Avg:  0.0, Max:  0.0, Diff:  0.0, Sum:  0.0, Workers: 4
[4152.803s][debug][gc,phases      ] GC(296)     Dead                           Min: 0, Avg:  0.0, Max: 0, Diff: 0, Sum: 0, Workers: 4
[4152.803s][debug][gc,phases      ] GC(296)     Total                          Min: 0, Avg:  0.0, Max: 0, Diff: 0, Sum: 0, Workers: 4
[4152.803s][debug][gc,phases      ] GC(296) Weak Processing 0.320ms
[4152.803s][debug][gc,age         ] GC(296) Desired survivor size 28835840 bytes, new threshold 15 (max threshold 15)
[4152.803s][info ][gc,heap        ] GC(296) PSYoungGen: 2056037K(2066944K)->18309K(2068992K) Eden: 2037760K(2037760K)->0K(2040320K) From: 18277K(29184K)->18309K(28672K)
[4152.803s][info ][gc,heap        ] GC(296) ParOldGen: 669480K(740864K)->669488K(740864K)
[4152.803s][info ][gc,metaspace   ] GC(296) Metaspace: 85938K(86848K)->85938K(86848K) NonClass: 73907K(74432K)->73907K(74432K) Class: 12031K(12416K)->12031K(12416K)
[4152.803s][info ][gc             ] GC(296) Pause Young (Allocation Failure) 2661M->671M(2744M) 6.822ms
[4152.803s][info ][gc,cpu         ] GC(296) User=0.03s Sys=0.00s Real=0.00s
[4152.803s][info ][safepoint      ] Safepoint "ParallelGCFailedAllocation", Time since last: 20346139132 ns, Reaching safepoint: 104203 ns, At safepoint: 6911462 ns, Total: 7015665 ns
[4173.297s][info ][gc,start       ] GC(297) Pause Young (Allocation Failure)
[4173.302s][debug][gc,phases      ] GC(297) Scavenge 5.371ms
[4173.302s][debug][gc,ref         ] GC(297) Skipped phase 1 of Reference Processing: no references
[4173.302s][debug][gc,ref         ] GC(297) ReferenceProcessor::execute queues: 1, RefProcThreadModel::Single, marks_oops_alive: false
[4173.302s][debug][gc,ref         ] GC(297) Skipped phase 3 of Reference Processing: no references
[4173.302s][debug][gc,ref         ] GC(297) ReferenceProcessor::execute queues: 1, RefProcThreadModel::Single, marks_oops_alive: false
[4173.302s][debug][gc,phases      ] GC(297) Reference Processing 0.106ms
[4173.302s][debug][gc,phases      ] GC(297)   VM Weak                        Min:  0.0, Avg:  0.0, Max:  0.0, Diff:  0.0, Sum:  0.0, Workers: 4
[4173.302s][debug][gc,phases      ] GC(297)     Dead                           Min: 0, Avg:  0.0, Max: 0, Diff: 0, Sum: 0, Workers: 4
[4173.302s][debug][gc,phases      ] GC(297)     Total                          Min: 0, Avg: 189.5, Max: 640, Diff: 640, Sum: 758, Workers: 4
[4173.302s][debug][gc,phases      ] GC(297)   ObjectSynchronizer Weak        Min:  0.0, Avg:  0.0, Max:  0.0, Diff:  0.0, Sum:  0.0, Workers: 4
[4173.302s][debug][gc,phases      ] GC(297)     Dead                           Min: 0, Avg:  0.0, Max: 0, Diff: 0, Sum: 0, Workers: 4
[4173.302s][debug][gc,phases      ] GC(297)     Total                          Min: 0, Avg: 98.8, Max: 139, Diff: 139, Sum: 395, Workers: 4
[4173.302s][debug][gc,phases      ] GC(297)   JVMTI Tag Weak OopStorage      Min:  0.0, Avg:  0.0, Max:  0.0, Diff:  0.0, Sum:  0.0, Workers: 4
[4173.302s][debug][gc,phases      ] GC(297)     Dead                           Min: 0, Avg:  0.0, Max: 0, Diff: 0, Sum: 0, Workers: 4
[4173.302s][debug][gc,phases      ] GC(297)     Total                          Min: 0, Avg:  0.0, Max: 0, Diff: 0, Sum: 0, Workers: 4
[4173.302s][debug][gc,phases      ] GC(297)   StringTable Weak               Min:  0.1, Avg:  0.1, Max:  0.1, Diff:  0.0, Sum:  0.4, Workers: 4
[4173.302s][debug][gc,phases      ] GC(297)     Dead                           Min: 0, Avg:  0.0, Max: 0, Diff: 0, Sum: 0, Workers: 4
[4173.302s][debug][gc,phases      ] GC(297)     Total                          Min: 11840, Avg: 12313.5, Max: 12928, Diff: 1088, Sum: 49254, Workers: 4
[4173.302s][debug][gc,phases      ] GC(297)   ResolvedMethodTable Weak       Min:  0.0, Avg:  0.0, Max:  0.0, Diff:  0.0, Sum:  0.1, Workers: 4
[4173.302s][debug][gc,phases      ] GC(297)     Dead                           Min: 0, Avg:  0.0, Max: 0, Diff: 0, Sum: 0, Workers: 4
[4173.302s][debug][gc,phases      ] GC(297)     Total                          Min: 2048, Avg: 2247.5, Max: 2462, Diff: 414, Sum: 8990, Workers: 4
[4173.302s][debug][gc,phases      ] GC(297)   JNI Weak                       Min:  0.0, Avg:  0.0, Max:  0.0, Diff:  0.0, Sum:  0.0, Workers: 4
[4173.302s][debug][gc,phases      ] GC(297)     Dead                           Min: 0, Avg:  0.0, Max: 0, Diff: 0, Sum: 0, Workers: 4
[4173.303s][debug][gc,phases      ] GC(297)     Total                          Min: 0, Avg:  0.0, Max: 0, Diff: 0, Sum: 0, Workers: 4
[4173.303s][debug][gc,phases      ] GC(297)   StringDedup Table Weak         Min:  0.0, Avg:  0.0, Max:  0.0, Diff:  0.0, Sum:  0.0, Workers: 4
[4173.303s][debug][gc,phases      ] GC(297)     Dead                           Min: 0, Avg:  0.0, Max: 0, Diff: 0, Sum: 0, Workers: 4
[4173.303s][debug][gc,phases      ] GC(297)     Total                          Min: 0, Avg:  0.0, Max: 0, Diff: 0, Sum: 0, Workers: 4
[4173.303s][debug][gc,phases      ] GC(297)   StringDedup Requests0 Weak     Min:  0.0, Avg:  0.0, Max:  0.0, Diff:  0.0, Sum:  0.0, Workers: 4
[4173.303s][debug][gc,phases      ] GC(297)     Dead                           Min: 0, Avg:  0.0, Max: 0, Diff: 0, Sum: 0, Workers: 4
[4173.303s][debug][gc,phases      ] GC(297)     Total                          Min: 0, Avg:  0.0, Max: 0, Diff: 0, Sum: 0, Workers: 4
[4173.303s][debug][gc,phases      ] GC(297)   StringDedup Requests1 Weak     Min:  0.0, Avg:  0.0, Max:  0.0, Diff:  0.0, Sum:  0.0, Workers: 4
[4173.303s][debug][gc,phases      ] GC(297)     Dead                           Min: 0, Avg:  0.0, Max: 0, Diff: 0, Sum: 0, Workers: 4
[4173.303s][debug][gc,phases      ] GC(297)     Total                          Min: 0, Avg:  0.0, Max: 0, Diff: 0, Sum: 0, Workers: 4
[4173.303s][debug][gc,phases      ] GC(297)   Weak JFR Old Object Samples    Min:  0.0, Avg:  0.0, Max:  0.0, Diff:  0.0, Sum:  0.0, Workers: 4
[4173.303s][debug][gc,phases      ] GC(297)     Dead                           Min: 0, Avg:  0.0, Max: 0, Diff: 0, Sum: 0, Workers: 4
[4173.303s][debug][gc,phases      ] GC(297)     Total                          Min: 0, Avg:  0.0, Max: 0, Diff: 0, Sum: 0, Workers: 4
[4173.303s][debug][gc,phases      ] GC(297) Weak Processing 0.316ms
[4173.303s][debug][gc,age         ] GC(297) Desired survivor size 27787264 bytes, new threshold 15 (max threshold 15)
[4173.303s][info ][gc,heap        ] GC(297) PSYoungGen: 2058629K(2068992K)->18437K(2068480K) Eden: 2040320K(2040320K)->0K(2040320K) From: 18309K(28672K)->18437K(28160K)
[4173.303s][info ][gc,heap        ] GC(297) ParOldGen: 669488K(740864K)->669504K(740864K)
[4173.303s][info ][gc,metaspace   ] GC(297) Metaspace: 85939K(86848K)->85939K(86848K) NonClass: 73908K(74432K)->73908K(74432K) Class: 12031K(12416K)->12031K(12416K)
[4173.303s][info ][gc             ] GC(297) Pause Young (Allocation Failure) 2664M->671M(2743M) 5.924ms
[4173.303s][info ][gc,cpu         ] GC(297) User=0.02s Sys=0.00s Real=0.00s
[4173.303s][info ][safepoint      ] Safepoint "ParallelGCFailedAllocation", Time since last: 20493802644 ns, Reaching safepoint: 116903 ns, At safepoint: 6013241 ns, Total: 6130144 ns
[4182.303s][info ][safepoint      ] Safepoint "Cleanup", Time since last: 9000644915 ns, Reaching safepoint: 30200 ns, At safepoint: 28501 ns, Total: 58701 ns
[4193.995s][info ][gc,start       ] GC(298) Pause Young (Allocation Failure)
[4194.000s][debug][gc,phases      ] GC(298) Scavenge 5.533ms
[4194.000s][debug][gc,ref         ] GC(298) Skipped phase 1 of Reference Processing: no references
[4194.000s][debug][gc,ref         ] GC(298) ReferenceProcessor::execute queues: 1, RefProcThreadModel::Single, marks_oops_alive: false
[4194.000s][debug][gc,ref         ] GC(298) Skipped phase 3 of Reference Processing: no references
[4194.000s][debug][gc,ref         ] GC(298) ReferenceProcessor::execute queues: 1, RefProcThreadModel::Single, marks_oops_alive: false
[4194.000s][debug][gc,phases      ] GC(298) Reference Processing 0.107ms
[4194.001s][debug][gc,phases      ] GC(298)   VM Weak                        Min:  0.0, Avg:  0.0, Max:  0.0, Diff:  0.0, Sum:  0.0, Workers: 4
[4194.001s][debug][gc,phases      ] GC(298)     Dead                           Min: 0, Avg:  0.0, Max: 0, Diff: 0, Sum: 0, Workers: 4
[4194.001s][debug][gc,phases      ] GC(298)     Total                          Min: 0, Avg: 189.5, Max: 758, Diff: 758, Sum: 758, Workers: 4
[4194.001s][debug][gc,phases      ] GC(298)   ObjectSynchronizer Weak        Min:  0.0, Avg:  0.0, Max:  0.0, Diff:  0.0, Sum:  0.0, Workers: 4
[4194.001s][debug][gc,phases      ] GC(298)     Dead                           Min: 0, Avg:  0.0, Max: 0, Diff: 0, Sum: 0, Workers: 4
[4194.001s][debug][gc,phases      ] GC(298)     Total                          Min: 0, Avg: 98.8, Max: 267, Diff: 267, Sum: 395, Workers: 4
[4194.001s][debug][gc,phases      ] GC(298)   JVMTI Tag Weak OopStorage      Min:  0.0, Avg:  0.0, Max:  0.0, Diff:  0.0, Sum:  0.0, Workers: 4
[4194.001s][debug][gc,phases      ] GC(298)     Dead                           Min: 0, Avg:  0.0, Max: 0, Diff: 0, Sum: 0, Workers: 4
[4194.001s][debug][gc,phases      ] GC(298)     Total                          Min: 0, Avg:  0.0, Max: 0, Diff: 0, Sum: 0, Workers: 4
[4194.001s][debug][gc,phases      ] GC(298)   StringTable Weak               Min:  0.1, Avg:  0.1, Max:  0.1, Diff:  0.0, Sum:  0.4, Workers: 4
[4194.001s][debug][gc,phases      ] GC(298)     Dead                           Min: 0, Avg:  0.0, Max: 0, Diff: 0, Sum: 0, Workers: 4
[4194.001s][debug][gc,phases      ] GC(298)     Total                          Min: 11840, Avg: 12313.5, Max: 13568, Diff: 1728, Sum: 49254, Workers: 4
[4194.001s][debug][gc,phases      ] GC(298)   ResolvedMethodTable Weak       Min:  0.0, Avg:  0.0, Max:  0.0, Diff:  0.0, Sum:  0.1, Workers: 4
[4194.001s][debug][gc,phases      ] GC(298)     Dead                           Min: 0, Avg:  0.0, Max: 0, Diff: 0, Sum: 0, Workers: 4
[4194.001s][debug][gc,phases      ] GC(298)     Total                          Min: 1854, Avg: 2247.5, Max: 2656, Diff: 802, Sum: 8990, Workers: 4
[4194.001s][debug][gc,phases      ] GC(298)   JNI Weak                       Min:  0.0, Avg:  0.0, Max:  0.0, Diff:  0.0, Sum:  0.0, Workers: 4
[4194.001s][debug][gc,phases      ] GC(298)     Dead                           Min: 0, Avg:  0.0, Max: 0, Diff: 0, Sum: 0, Workers: 4
[4194.001s][debug][gc,phases      ] GC(298)     Total                          Min: 0, Avg:  0.0, Max: 0, Diff: 0, Sum: 0, Workers: 4
[4194.001s][debug][gc,phases      ] GC(298)   StringDedup Table Weak         Min:  0.0, Avg:  0.0, Max:  0.0, Diff:  0.0, Sum:  0.0, Workers: 4
[4194.001s][debug][gc,phases      ] GC(298)     Dead                           Min: 0, Avg:  0.0, Max: 0, Diff: 0, Sum: 0, Workers: 4
[4194.001s][debug][gc,phases      ] GC(298)     Total                          Min: 0, Avg:  0.0, Max: 0, Diff: 0, Sum: 0, Workers: 4
[4194.001s][debug][gc,phases      ] GC(298)   StringDedup Requests0 Weak     Min:  0.0, Avg:  0.0, Max:  0.0, Diff:  0.0, Sum:  0.0, Workers: 4
[4194.001s][debug][gc,phases      ] GC(298)     Dead                           Min: 0, Avg:  0.0, Max: 0, Diff: 0, Sum: 0, Workers: 4
[4194.001s][debug][gc,phases      ] GC(298)     Total                          Min: 0, Avg:  0.0, Max: 0, Diff: 0, Sum: 0, Workers: 4
[4194.001s][debug][gc,phases      ] GC(298)   StringDedup Requests1 Weak     Min:  0.0, Avg:  0.0, Max:  0.0, Diff:  0.0, Sum:  0.0, Workers: 4
[4194.001s][debug][gc,phases      ] GC(298)     Dead                           Min: 0, Avg:  0.0, Max: 0, Diff: 0, Sum: 0, Workers: 4
[4194.001s][debug][gc,phases      ] GC(298)     Total                          Min: 0, Avg:  0.0, Max: 0, Diff: 0, Sum: 0, Workers: 4
[4194.001s][debug][gc,phases      ] GC(298)   Weak JFR Old Object Samples    Min:  0.0, Avg:  0.0, Max:  0.0, Diff:  0.0, Sum:  0.0, Workers: 4
[4194.001s][debug][gc,phases      ] GC(298)     Dead                           Min: 0, Avg:  0.0, Max: 0, Diff: 0, Sum: 0, Workers: 4
[4194.001s][debug][gc,phases      ] GC(298)     Total                          Min: 0, Avg:  0.0, Max: 0, Diff: 0, Sum: 0, Workers: 4
[4194.001s][debug][gc,phases      ] GC(298) Weak Processing 0.332ms
[4194.001s][debug][gc,age         ] GC(298) Desired survivor size 27262976 bytes, new threshold 15 (max threshold 15)
[4194.001s][info ][gc,heap        ] GC(298) PSYoungGen: 2058757K(2068480K)->18341K(2070528K) Eden: 2040320K(2040320K)->0K(2043392K) From: 18437K(28160K)->18341K(27136K)
[4194.001s][info ][gc,heap        ] GC(298) ParOldGen: 669504K(740864K)->669528K(740864K)
[4194.001s][info ][gc,metaspace   ] GC(298) Metaspace: 85939K(86848K)->85939K(86848K) NonClass: 73908K(74432K)->73908K(74432K) Class: 12031K(12416K)->12031K(12416K)
[4194.001s][info ][gc             ] GC(298) Pause Young (Allocation Failure) 2664M->671M(2745M) 6.103ms
[4194.001s][info ][gc,cpu         ] GC(298) User=0.02s Sys=0.00s Real=0.00s
[4194.001s][info ][safepoint      ] Safepoint "ParallelGCFailedAllocation", Time since last: 11691191224 ns, Reaching safepoint: 100202 ns, At safepoint: 6194545 ns, Total: 6294747 ns
[4210.002s][info ][safepoint      ] Safepoint "Cleanup", Time since last: 16001090784 ns, Reaching safepoint: 49901 ns, At safepoint: 7200 ns, Total: 57101 ns
[4214.522s][info ][gc,start       ] GC(299) Pause Young (Allocation Failure)
[4214.528s][debug][gc,phases      ] GC(299) Scavenge 5.711ms
[4214.528s][debug][gc,ref         ] GC(299) Skipped phase 1 of Reference Processing: no references
[4214.528s][debug][gc,ref         ] GC(299) ReferenceProcessor::execute queues: 1, RefProcThreadModel::Single, marks_oops_alive: false
[4214.528s][debug][gc,ref         ] GC(299) Skipped phase 3 of Reference Processing: no references
[4214.528s][debug][gc,ref         ] GC(299) ReferenceProcessor::execute queues: 1, RefProcThreadModel::Single, marks_oops_alive: false
[4214.528s][debug][gc,phases      ] GC(299) Reference Processing 0.101ms
[4214.528s][debug][gc,phases      ] GC(299)   VM Weak                        Min:  0.0, Avg:  0.0, Max:  0.0, Diff:  0.0, Sum:  0.0, Workers: 4
[4214.528s][debug][gc,phases      ] GC(299)     Dead                           Min: 0, Avg:  0.0, Max: 0, Diff: 0, Sum: 0, Workers: 4
[4214.528s][debug][gc,phases      ] GC(299)     Total                          Min: 0, Avg: 189.5, Max: 438, Diff: 438, Sum: 758, Workers: 4
[4214.528s][debug][gc,phases      ] GC(299)   ObjectSynchronizer Weak        Min:  0.0, Avg:  0.0, Max:  0.0, Diff:  0.0, Sum:  0.0, Workers: 4
[4214.528s][debug][gc,phases      ] GC(299)     Dead                           Min: 0, Avg:  0.0, Max: 0, Diff: 0, Sum: 0, Workers: 4
[4214.528s][debug][gc,phases      ] GC(299)     Total                          Min: 0, Avg: 98.8, Max: 256, Diff: 256, Sum: 395, Workers: 4
[4214.528s][debug][gc,phases      ] GC(299)   JVMTI Tag Weak OopStorage      Min:  0.0, Avg:  0.0, Max:  0.0, Diff:  0.0, Sum:  0.0, Workers: 4
[4214.528s][debug][gc,phases      ] GC(299)     Dead                           Min: 0, Avg:  0.0, Max: 0, Diff: 0, Sum: 0, Workers: 4
[4214.528s][debug][gc,phases      ] GC(299)     Total                          Min: 0, Avg:  0.0, Max: 0, Diff: 0, Sum: 0, Workers: 4
[4214.528s][debug][gc,phases      ] GC(299)   StringTable Weak               Min:  0.1, Avg:  0.1, Max:  0.1, Diff:  0.0, Sum:  0.4, Workers: 4
[4214.528s][debug][gc,phases      ] GC(299)     Dead                           Min: 0, Avg:  0.0, Max: 0, Diff: 0, Sum: 0, Workers: 4
[4214.528s][debug][gc,phases      ] GC(299)     Total                          Min: 11584, Avg: 12313.5, Max: 13440, Diff: 1856, Sum: 49254, Workers: 4
[4214.528s][debug][gc,phases      ] GC(299)   ResolvedMethodTable Weak       Min:  0.0, Avg:  0.0, Max:  0.0, Diff:  0.0, Sum:  0.1, Workers: 4
[4214.528s][debug][gc,phases      ] GC(299)     Dead                           Min: 0, Avg:  0.0, Max: 0, Diff: 0, Sum: 0, Workers: 4
[4214.528s][debug][gc,phases      ] GC(299)     Total                          Min: 2048, Avg: 2247.5, Max: 2496, Diff: 448, Sum: 8990, Workers: 4
[4214.528s][debug][gc,phases      ] GC(299)   JNI Weak                       Min:  0.0, Avg:  0.0, Max:  0.0, Diff:  0.0, Sum:  0.0, Workers: 4
[4214.528s][debug][gc,phases      ] GC(299)     Dead                           Min: 0, Avg:  0.0, Max: 0, Diff: 0, Sum: 0, Workers: 4
[4214.528s][debug][gc,phases      ] GC(299)     Total                          Min: 0, Avg:  0.0, Max: 0, Diff: 0, Sum: 0, Workers: 4
[4214.528s][debug][gc,phases      ] GC(299)   StringDedup Table Weak         Min:  0.0, Avg:  0.0, Max:  0.0, Diff:  0.0, Sum:  0.0, Workers: 4
[4214.528s][debug][gc,phases      ] GC(299)     Dead                           Min: 0, Avg:  0.0, Max: 0, Diff: 0, Sum: 0, Workers: 4
[4214.528s][debug][gc,phases      ] GC(299)     Total                          Min: 0, Avg:  0.0, Max: 0, Diff: 0, Sum: 0, Workers: 4
[4214.529s][debug][gc,phases      ] GC(299)   StringDedup Requests0 Weak     Min:  0.0, Avg:  0.0, Max:  0.0, Diff:  0.0, Sum:  0.0, Workers: 4
[4214.529s][debug][gc,phases      ] GC(299)     Dead                           Min: 0, Avg:  0.0, Max: 0, Diff: 0, Sum: 0, Workers: 4
[4214.529s][debug][gc,phases      ] GC(299)     Total                          Min: 0, Avg:  0.0, Max: 0, Diff: 0, Sum: 0, Workers: 4
[4214.529s][debug][gc,phases      ] GC(299)   StringDedup Requests1 Weak     Min:  0.0, Avg:  0.0, Max:  0.0, Diff:  0.0, Sum:  0.0, Workers: 4
[4214.529s][debug][gc,phases      ] GC(299)     Dead                           Min: 0, Avg:  0.0, Max: 0, Diff: 0, Sum: 0, Workers: 4
[4214.529s][debug][gc,phases      ] GC(299)     Total                          Min: 0, Avg:  0.0, Max: 0, Diff: 0, Sum: 0, Workers: 4
[4214.529s][debug][gc,phases      ] GC(299)   Weak JFR Old Object Samples    Min:  0.0, Avg:  0.0, Max:  0.0, Diff:  0.0, Sum:  0.0, Workers: 4
[4214.529s][debug][gc,phases      ] GC(299)     Dead                           Min: 0, Avg:  0.0, Max: 0, Diff: 0, Sum: 0, Workers: 4
[4214.529s][debug][gc,phases      ] GC(299)     Total                          Min: 0, Avg:  0.0, Max: 0, Diff: 0, Sum: 0, Workers: 4
[4214.529s][debug][gc,phases      ] GC(299) Weak Processing 0.310ms
[4214.529s][debug][gc,age         ] GC(299) Desired survivor size 26738688 bytes, new threshold 15 (max threshold 15)
[4214.529s][info ][gc,heap        ] GC(299) PSYoungGen: 2061733K(2070528K)->18309K(2070016K) Eden: 2043392K(2043392K)->0K(2043392K) From: 18341K(27136K)->18309K(26624K)
[4214.529s][info ][gc,heap        ] GC(299) ParOldGen: 669528K(740864K)->669552K(740864K)
[4214.529s][info ][gc,metaspace   ] GC(299) Metaspace: 85939K(86848K)->85939K(86848K) NonClass: 73908K(74432K)->73908K(74432K) Class: 12031K(12416K)->12031K(12416K)
[4214.529s][info ][gc             ] GC(299) Pause Young (Allocation Failure) 2667M->671M(2745M) 6.243ms
[4214.529s][info ][gc,cpu         ] GC(299) User=0.02s Sys=0.00s Real=0.01s
[4214.529s][info ][safepoint      ] Safepoint "ParallelGCFailedAllocation", Time since last: 4520251391 ns, Reaching safepoint: 27700 ns, At safepoint: 6365950 ns, Total: 6393650 ns
[4220.529s][info ][safepoint      ] Safepoint "Cleanup", Time since last: 6000498967 ns, Reaching safepoint: 53501 ns, At safepoint: 5800 ns, Total: 59301 ns
[4224.530s][info ][safepoint      ] Safepoint "Cleanup", Time since last: 4000332380 ns, Reaching safepoint: 43701 ns, At safepoint: 2600 ns, Total: 46301 ns
[4227.530s][info ][safepoint      ] Safepoint "Cleanup", Time since last: 3000253686 ns, Reaching safepoint: 60302 ns, At safepoint: 7300 ns, Total: 67602 ns
[4229.530s][info ][safepoint      ] Safepoint "Cleanup", Time since last: 2000184891 ns, Reaching safepoint: 59302 ns, At safepoint: 4100 ns, Total: 63402 ns
[4234.994s][info ][gc,start       ] GC(300) Pause Young (Allocation Failure)
[4235.000s][debug][gc,phases      ] GC(300) Scavenge 5.410ms
[4235.000s][debug][gc,ref         ] GC(300) Skipped phase 1 of Reference Processing: no references
[4235.000s][debug][gc,ref         ] GC(300) ReferenceProcessor::execute queues: 1, RefProcThreadModel::Single, marks_oops_alive: false
[4235.000s][debug][gc,ref         ] GC(300) Skipped phase 3 of Reference Processing: no references
[4235.000s][debug][gc,ref         ] GC(300) ReferenceProcessor::execute queues: 1, RefProcThreadModel::Single, marks_oops_alive: false
[4235.000s][debug][gc,phases      ] GC(300) Reference Processing 0.107ms
[4235.000s][debug][gc,phases      ] GC(300)   VM Weak                        Min:  0.0, Avg:  0.0, Max:  0.0, Diff:  0.0, Sum:  0.0, Workers: 4
[4235.000s][debug][gc,phases      ] GC(300)     Dead                           Min: 0, Avg:  0.0, Max: 0, Diff: 0, Sum: 0, Workers: 4
[4235.000s][debug][gc,phases      ] GC(300)     Total                          Min: 0, Avg: 189.5, Max: 758, Diff: 758, Sum: 758, Workers: 4
[4235.000s][debug][gc,phases      ] GC(300)   ObjectSynchronizer Weak        Min:  0.0, Avg:  0.0, Max:  0.0, Diff:  0.0, Sum:  0.0, Workers: 4
[4235.000s][debug][gc,phases      ] GC(300)     Dead                           Min: 0, Avg:  0.0, Max: 0, Diff: 0, Sum: 0, Workers: 4
[4235.000s][debug][gc,phases      ] GC(300)     Total                          Min: 0, Avg: 98.8, Max: 331, Diff: 331, Sum: 395, Workers: 4
[4235.000s][debug][gc,phases      ] GC(300)   JVMTI Tag Weak OopStorage      Min:  0.0, Avg:  0.0, Max:  0.0, Diff:  0.0, Sum:  0.0, Workers: 4
[4235.000s][debug][gc,phases      ] GC(300)     Dead                           Min: 0, Avg:  0.0, Max: 0, Diff: 0, Sum: 0, Workers: 4
[4235.000s][debug][gc,phases      ] GC(300)     Total                          Min: 0, Avg:  0.0, Max: 0, Diff: 0, Sum: 0, Workers: 4
[4235.000s][debug][gc,phases      ] GC(300)   StringTable Weak               Min:  0.1, Avg:  0.1, Max:  0.1, Diff:  0.0, Sum:  0.4, Workers: 4
[4235.000s][debug][gc,phases      ] GC(300)     Dead                           Min: 0, Avg:  0.0, Max: 0, Diff: 0, Sum: 0, Workers: 4
[4235.000s][debug][gc,phases      ] GC(300)     Total                          Min: 10880, Avg: 12313.8, Max: 14784, Diff: 3904, Sum: 49255, Workers: 4
[4235.000s][debug][gc,phases      ] GC(300)   ResolvedMethodTable Weak       Min:  0.0, Avg:  0.0, Max:  0.0, Diff:  0.0, Sum:  0.1, Workers: 4
[4235.000s][debug][gc,phases      ] GC(300)     Dead                           Min: 0, Avg:  0.0, Max: 0, Diff: 0, Sum: 0, Workers: 4
[4235.000s][debug][gc,phases      ] GC(300)     Total                          Min: 2048, Avg: 2248.0, Max: 2624, Diff: 576, Sum: 8992, Workers: 4
[4235.000s][debug][gc,phases      ] GC(300)   JNI Weak                       Min:  0.0, Avg:  0.0, Max:  0.0, Diff:  0.0, Sum:  0.0, Workers: 4
[4235.000s][debug][gc,phases      ] GC(300)     Dead                           Min: 0, Avg:  0.0, Max: 0, Diff: 0, Sum: 0, Workers: 4
[4235.000s][debug][gc,phases      ] GC(300)     Total                          Min: 0, Avg:  0.0, Max: 0, Diff: 0, Sum: 0, Workers: 4
[4235.000s][debug][gc,phases      ] GC(300)   StringDedup Table Weak         Min:  0.0, Avg:  0.0, Max:  0.0, Diff:  0.0, Sum:  0.0, Workers: 4
[4235.000s][debug][gc,phases      ] GC(300)     Dead                           Min: 0, Avg:  0.0, Max: 0, Diff: 0, Sum: 0, Workers: 4
[4235.000s][debug][gc,phases      ] GC(300)     Total                          Min: 0, Avg:  0.0, Max: 0, Diff: 0, Sum: 0, Workers: 4
[4235.000s][debug][gc,phases      ] GC(300)   StringDedup Requests0 Weak     Min:  0.0, Avg:  0.0, Max:  0.0, Diff:  0.0, Sum:  0.0, Workers: 4
[4235.000s][debug][gc,phases      ] GC(300)     Dead                           Min: 0, Avg:  0.0, Max: 0, Diff: 0, Sum: 0, Workers: 4
[4235.000s][debug][gc,phases      ] GC(300)     Total                          Min: 0, Avg:  0.0, Max: 0, Diff: 0, Sum: 0, Workers: 4
[4235.000s][debug][gc,phases      ] GC(300)   StringDedup Requests1 Weak     Min:  0.0, Avg:  0.0, Max:  0.0, Diff:  0.0, Sum:  0.0, Workers: 4
[4235.000s][debug][gc,phases      ] GC(300)     Dead                           Min: 0, Avg:  0.0, Max: 0, Diff: 0, Sum: 0, Workers: 4
[4235.000s][debug][gc,phases      ] GC(300)     Total                          Min: 0, Avg:  0.0, Max: 0, Diff: 0, Sum: 0, Workers: 4
[4235.000s][debug][gc,phases      ] GC(300)   Weak JFR Old Object Samples    Min:  0.0, Avg:  0.0, Max:  0.0, Diff:  0.0, Sum:  0.0, Workers: 4
[4235.000s][debug][gc,phases      ] GC(300)     Dead                           Min: 0, Avg:  0.0, Max: 0, Diff: 0, Sum: 0, Workers: 4
[4235.000s][debug][gc,phases      ] GC(300)     Total                          Min: 0, Avg:  0.0, Max: 0, Diff: 0, Sum: 0, Workers: 4
[4235.000s][debug][gc,phases      ] GC(300) Weak Processing 0.319ms
[4235.000s][debug][gc,age         ] GC(300) Desired survivor size 26214400 bytes, new threshold 15 (max threshold 15)
[4235.000s][info ][gc,heap        ] GC(300) PSYoungGen: 2061701K(2070016K)->18322K(2071552K) Eden: 2043392K(2043392K)->0K(2045440K) From: 18309K(26624K)->18322K(26112K)
[4235.000s][info ][gc,heap        ] GC(300) ParOldGen: 669552K(740864K)->669620K(740864K)
[4235.000s][info ][gc,metaspace   ] GC(300) Metaspace: 85942K(86912K)->85942K(86912K) NonClass: 73910K(74432K)->73910K(74432K) Class: 12032K(12480K)->12032K(12480K)
[4235.000s][info ][gc             ] GC(300) Pause Young (Allocation Failure) 2667M->671M(2746M) 5.958ms
[4235.000s][info ][gc,cpu         ] GC(300) User=0.03s Sys=0.00s Real=0.00s
[4235.000s][info ][safepoint      ] Safepoint "ParallelGCFailedAllocation", Time since last: 5463920469 ns, Reaching safepoint: 105002 ns, At safepoint: 6050942 ns, Total: 6155944 ns
[4236.000s][info ][safepoint      ] Safepoint "Cleanup", Time since last: 1000079696 ns, Reaching safepoint: 47201 ns, At safepoint: 6801 ns, Total: 54002 ns
[4241.001s][info ][safepoint      ] Safepoint "Cleanup", Time since last: 5000361880 ns, Reaching safepoint: 49501 ns, At safepoint: 4601 ns, Total: 54102 ns
[4246.001s][info ][safepoint      ] Safepoint "Cleanup", Time since last: 5000416184 ns, Reaching safepoint: 38001 ns, At safepoint: 30800 ns, Total: 68801 ns
[4255.194s][info ][gc,start       ] GC(301) Pause Young (Allocation Failure)
[4255.199s][debug][gc,phases      ] GC(301) Scavenge 5.140ms
[4255.199s][debug][gc,ref         ] GC(301) Skipped phase 1 of Reference Processing: no references
[4255.199s][debug][gc,ref         ] GC(301) ReferenceProcessor::execute queues: 1, RefProcThreadModel::Single, marks_oops_alive: false
[4255.199s][debug][gc,ref         ] GC(301) Skipped phase 3 of Reference Processing: no references
[4255.199s][debug][gc,ref         ] GC(301) ReferenceProcessor::execute queues: 1, RefProcThreadModel::Single, marks_oops_alive: false
[4255.199s][debug][gc,phases      ] GC(301) Reference Processing 0.107ms
[4255.200s][debug][gc,phases      ] GC(301)   VM Weak                        Min:  0.0, Avg:  0.0, Max:  0.0, Diff:  0.0, Sum:  0.0, Workers: 4
[4255.200s][debug][gc,phases      ] GC(301)     Dead                           Min: 0, Avg:  0.0, Max: 0, Diff: 0, Sum: 0, Workers: 4
[4255.200s][debug][gc,phases      ] GC(301)     Total                          Min: 0, Avg: 189.5, Max: 502, Diff: 502, Sum: 758, Workers: 4
[4255.200s][debug][gc,phases      ] GC(301)   ObjectSynchronizer Weak        Min:  0.0, Avg:  0.0, Max:  0.0, Diff:  0.0, Sum:  0.0, Workers: 4
[4255.200s][debug][gc,phases      ] GC(301)     Dead                           Min: 0, Avg:  0.0, Max: 0, Diff: 0, Sum: 0, Workers: 4
[4255.200s][debug][gc,phases      ] GC(301)     Total                          Min: 0, Avg: 98.8, Max: 203, Diff: 203, Sum: 395, Workers: 4
[4255.200s][debug][gc,phases      ] GC(301)   JVMTI Tag Weak OopStorage      Min:  0.0, Avg:  0.0, Max:  0.0, Diff:  0.0, Sum:  0.0, Workers: 4
[4255.200s][debug][gc,phases      ] GC(301)     Dead                           Min: 0, Avg:  0.0, Max: 0, Diff: 0, Sum: 0, Workers: 4
[4255.200s][debug][gc,phases      ] GC(301)     Total                          Min: 0, Avg:  0.0, Max: 0, Diff: 0, Sum: 0, Workers: 4
[4255.200s][debug][gc,phases      ] GC(301)   StringTable Weak               Min:  0.1, Avg:  0.1, Max:  0.1, Diff:  0.0, Sum:  0.5, Workers: 4
[4255.200s][debug][gc,phases      ] GC(301)     Dead                           Min: 0, Avg:  0.0, Max: 0, Diff: 0, Sum: 0, Workers: 4
[4255.200s][debug][gc,phases      ] GC(301)     Total                          Min: 11584, Avg: 12314.0, Max: 13312, Diff: 1728, Sum: 49256, Workers: 4
[4255.200s][debug][gc,phases      ] GC(301)   ResolvedMethodTable Weak       Min:  0.0, Avg:  0.0, Max:  0.0, Diff:  0.0, Sum:  0.1, Workers: 4
[4255.200s][debug][gc,phases      ] GC(301)     Dead                           Min: 0, Avg:  0.0, Max: 0, Diff: 0, Sum: 0, Workers: 4
[4255.200s][debug][gc,phases      ] GC(301)     Total                          Min: 2048, Avg: 2248.0, Max: 2496, Diff: 448, Sum: 8992, Workers: 4
[4255.200s][debug][gc,phases      ] GC(301)   JNI Weak                       Min:  0.0, Avg:  0.0, Max:  0.0, Diff:  0.0, Sum:  0.0, Workers: 4
[4255.200s][debug][gc,phases      ] GC(301)     Dead                           Min: 0, Avg:  0.0, Max: 0, Diff: 0, Sum: 0, Workers: 4
[4255.200s][debug][gc,phases      ] GC(301)     Total                          Min: 0, Avg:  0.0, Max: 0, Diff: 0, Sum: 0, Workers: 4
[4255.200s][debug][gc,phases      ] GC(301)   StringDedup Table Weak         Min:  0.0, Avg:  0.0, Max:  0.0, Diff:  0.0, Sum:  0.0, Workers: 4
[4255.200s][debug][gc,phases      ] GC(301)     Dead                           Min: 0, Avg:  0.0, Max: 0, Diff: 0, Sum: 0, Workers: 4
[4255.200s][debug][gc,phases      ] GC(301)     Total                          Min: 0, Avg:  0.0, Max: 0, Diff: 0, Sum: 0, Workers: 4
[4255.200s][debug][gc,phases      ] GC(301)   StringDedup Requests0 Weak     Min:  0.0, Avg:  0.0, Max:  0.0, Diff:  0.0, Sum:  0.0, Workers: 4
[4255.200s][debug][gc,phases      ] GC(301)     Dead                           Min: 0, Avg:  0.0, Max: 0, Diff: 0, Sum: 0, Workers: 4
[4255.200s][debug][gc,phases      ] GC(301)     Total                          Min: 0, Avg:  0.0, Max: 0, Diff: 0, Sum: 0, Workers: 4
[4255.200s][debug][gc,phases      ] GC(301)   StringDedup Requests1 Weak     Min:  0.0, Avg:  0.0, Max:  0.0, Diff:  0.0, Sum:  0.0, Workers: 4
[4255.200s][debug][gc,phases      ] GC(301)     Dead                           Min: 0, Avg:  0.0, Max: 0, Diff: 0, Sum: 0, Workers: 4
[4255.200s][debug][gc,phases      ] GC(301)     Total                          Min: 0, Avg:  0.0, Max: 0, Diff: 0, Sum: 0, Workers: 4
[4255.200s][debug][gc,phases      ] GC(301)   Weak JFR Old Object Samples    Min:  0.0, Avg:  0.0, Max:  0.0, Diff:  0.0, Sum:  0.0, Workers: 4
[4255.200s][debug][gc,phases      ] GC(301)     Dead                           Min: 0, Avg:  0.0, Max: 0, Diff: 0, Sum: 0, Workers: 4
[4255.200s][debug][gc,phases      ] GC(301)     Total                          Min: 0, Avg:  0.0, Max: 0, Diff: 0, Sum: 0, Workers: 4
[4255.200s][debug][gc,phases      ] GC(301) Weak Processing 0.317ms
[4255.200s][debug][gc,age         ] GC(301) Desired survivor size 25690112 bytes, new threshold 15 (max threshold 15)
[4255.200s][info ][gc,heap        ] GC(301) PSYoungGen: 2063762K(2071552K)->18325K(2071040K) Eden: 2045440K(2045440K)->0K(2045440K) From: 18322K(26112K)->18325K(25600K)
[4255.200s][info ][gc,heap        ] GC(301) ParOldGen: 669620K(740864K)->669652K(740864K)
[4255.200s][info ][gc,metaspace   ] GC(301) Metaspace: 85954K(86912K)->85954K(86912K) NonClass: 73921K(74432K)->73921K(74432K) Class: 12032K(12480K)->12032K(12480K)
[4255.200s][info ][gc             ] GC(301) Pause Young (Allocation Failure) 2669M->671M(2746M) 5.694ms
[4255.200s][info ][gc,cpu         ] GC(301) User=0.01s Sys=0.00s Real=0.00s
[4255.200s][info ][safepoint      ] Safepoint "ParallelGCFailedAllocation", Time since last: 9192612985 ns, Reaching safepoint: 112903 ns, At safepoint: 5779236 ns, Total: 5892139 ns
[4256.200s][info ][safepoint      ] Safepoint "Cleanup", Time since last: 1000083498 ns, Reaching safepoint: 50501 ns, At safepoint: 5600 ns, Total: 56101 ns
[4275.615s][info ][gc,start       ] GC(302) Pause Young (Allocation Failure)
[4275.622s][debug][gc,phases      ] GC(302) Scavenge 6.935ms
[4275.622s][debug][gc,ref         ] GC(302) Skipped phase 1 of Reference Processing: no references
[4275.622s][debug][gc,ref         ] GC(302) ReferenceProcessor::execute queues: 1, RefProcThreadModel::Single, marks_oops_alive: false
[4275.622s][debug][gc,ref         ] GC(302) Skipped phase 3 of Reference Processing: no references
[4275.622s][debug][gc,ref         ] GC(302) ReferenceProcessor::execute queues: 1, RefProcThreadModel::Single, marks_oops_alive: false
[4275.622s][debug][gc,phases      ] GC(302) Reference Processing 0.104ms
[4275.622s][debug][gc,phases      ] GC(302)   VM Weak                        Min:  0.0, Avg:  0.0, Max:  0.0, Diff:  0.0, Sum:  0.0, Workers: 4
[4275.622s][debug][gc,phases      ] GC(302)     Dead                           Min: 0, Avg:  0.0, Max: 0, Diff: 0, Sum: 0, Workers: 4
[4275.622s][debug][gc,phases      ] GC(302)     Total                          Min: 0, Avg: 189.5, Max: 502, Diff: 502, Sum: 758, Workers: 4
[4275.622s][debug][gc,phases      ] GC(302)   ObjectSynchronizer Weak        Min:  0.0, Avg:  0.0, Max:  0.0, Diff:  0.0, Sum:  0.0, Workers: 4
[4275.622s][debug][gc,phases      ] GC(302)     Dead                           Min: 0, Avg:  0.0, Max: 0, Diff: 0, Sum: 0, Workers: 4
[4275.622s][debug][gc,phases      ] GC(302)     Total                          Min: 0, Avg: 98.8, Max: 256, Diff: 256, Sum: 395, Workers: 4
[4275.622s][debug][gc,phases      ] GC(302)   JVMTI Tag Weak OopStorage      Min:  0.0, Avg:  0.0, Max:  0.0, Diff:  0.0, Sum:  0.0, Workers: 4
[4275.622s][debug][gc,phases      ] GC(302)     Dead                           Min: 0, Avg:  0.0, Max: 0, Diff: 0, Sum: 0, Workers: 4
[4275.622s][debug][gc,phases      ] GC(302)     Total                          Min: 0, Avg:  0.0, Max: 0, Diff: 0, Sum: 0, Workers: 4
[4275.622s][debug][gc,phases      ] GC(302)   StringTable Weak               Min:  0.1, Avg:  0.1, Max:  0.1, Diff:  0.0, Sum:  0.5, Workers: 4
[4275.622s][debug][gc,phases      ] GC(302)     Dead                           Min: 0, Avg:  0.0, Max: 0, Diff: 0, Sum: 0, Workers: 4
[4275.622s][debug][gc,phases      ] GC(302)     Total                          Min: 11072, Avg: 12314.5, Max: 12864, Diff: 1792, Sum: 49258, Workers: 4
[4275.622s][debug][gc,phases      ] GC(302)   ResolvedMethodTable Weak       Min:  0.0, Avg:  0.0, Max:  0.0, Diff:  0.0, Sum:  0.1, Workers: 4
[4275.622s][debug][gc,phases      ] GC(302)     Dead                           Min: 0, Avg:  0.0, Max: 0, Diff: 0, Sum: 0, Workers: 4
[4275.622s][debug][gc,phases      ] GC(302)     Total                          Min: 1920, Avg: 2248.8, Max: 2432, Diff: 512, Sum: 8995, Workers: 4
[4275.622s][debug][gc,phases      ] GC(302)   JNI Weak                       Min:  0.0, Avg:  0.0, Max:  0.0, Diff:  0.0, Sum:  0.0, Workers: 4
[4275.622s][debug][gc,phases      ] GC(302)     Dead                           Min: 0, Avg:  0.0, Max: 0, Diff: 0, Sum: 0, Workers: 4
[4275.622s][debug][gc,phases      ] GC(302)     Total                          Min: 0, Avg:  0.0, Max: 0, Diff: 0, Sum: 0, Workers: 4
[4275.622s][debug][gc,phases      ] GC(302)   StringDedup Table Weak         Min:  0.0, Avg:  0.0, Max:  0.0, Diff:  0.0, Sum:  0.0, Workers: 4
[4275.622s][debug][gc,phases      ] GC(302)     Dead                           Min: 0, Avg:  0.0, Max: 0, Diff: 0, Sum: 0, Workers: 4
[4275.622s][debug][gc,phases      ] GC(302)     Total                          Min: 0, Avg:  0.0, Max: 0, Diff: 0, Sum: 0, Workers: 4
[4275.622s][debug][gc,phases      ] GC(302)   StringDedup Requests0 Weak     Min:  0.0, Avg:  0.0, Max:  0.0, Diff:  0.0, Sum:  0.0, Workers: 4
[4275.622s][debug][gc,phases      ] GC(302)     Dead                           Min: 0, Avg:  0.0, Max: 0, Diff: 0, Sum: 0, Workers: 4
[4275.622s][debug][gc,phases      ] GC(302)     Total                          Min: 0, Avg:  0.0, Max: 0, Diff: 0, Sum: 0, Workers: 4
[4275.622s][debug][gc,phases      ] GC(302)   StringDedup Requests1 Weak     Min:  0.0, Avg:  0.0, Max:  0.0, Diff:  0.0, Sum:  0.0, Workers: 4
[4275.622s][debug][gc,phases      ] GC(302)     Dead                           Min: 0, Avg:  0.0, Max: 0, Diff: 0, Sum: 0, Workers: 4
[4275.622s][debug][gc,phases      ] GC(302)     Total                          Min: 0, Avg:  0.0, Max: 0, Diff: 0, Sum: 0, Workers: 4
[4275.622s][debug][gc,phases      ] GC(302)   Weak JFR Old Object Samples    Min:  0.0, Avg:  0.0, Max:  0.0, Diff:  0.0, Sum:  0.0, Workers: 4
[4275.622s][debug][gc,phases      ] GC(302)     Dead                           Min: 0, Avg:  0.0, Max: 0, Diff: 0, Sum: 0, Workers: 4
[4275.622s][debug][gc,phases      ] GC(302)     Total                          Min: 0, Avg:  0.0, Max: 0, Diff: 0, Sum: 0, Workers: 4
[4275.622s][debug][gc,phases      ] GC(302) Weak Processing 0.324ms
[4275.622s][debug][gc,age         ] GC(302) Desired survivor size 27787264 bytes, new threshold 15 (max threshold 15)
[4275.622s][info ][gc,heap        ] GC(302) PSYoungGen: 2063765K(2071040K)->1296K(2067968K) Eden: 2045440K(2045440K)->0K(2042880K) From: 18325K(25600K)->1296K(25088K)
[4275.622s][info ][gc,heap        ] GC(302) ParOldGen: 669652K(740864K)->686674K(740864K)
[4275.622s][info ][gc,metaspace   ] GC(302) Metaspace: 85958K(86912K)->85958K(86912K) NonClass: 73925K(74432K)->73925K(74432K) Class: 12033K(12480K)->12033K(12480K)
[4275.622s][info ][gc             ] GC(302) Pause Young (Allocation Failure) 2669M->671M(2743M) 7.487ms
[4275.622s][info ][gc,cpu         ] GC(302) User=0.02s Sys=0.00s Real=0.00s
[4275.622s][info ][safepoint      ] Safepoint "ParallelGCFailedAllocation", Time since last: 19414724584 ns, Reaching safepoint: 45301 ns, At safepoint: 7605779 ns, Total: 7651080 ns
[4282.623s][info ][safepoint      ] Safepoint "Cleanup", Time since last: 7000542098 ns, Reaching safepoint: 118202 ns, At safepoint: 4901 ns, Total: 123103 ns
[4295.894s][info ][gc,start       ] GC(303) Pause Young (Allocation Failure)
[4295.898s][debug][gc,phases      ] GC(303) Scavenge 3.926ms
[4295.898s][debug][gc,ref         ] GC(303) Skipped phase 1 of Reference Processing: no references
[4295.898s][debug][gc,ref         ] GC(303) ReferenceProcessor::execute queues: 1, RefProcThreadModel::Single, marks_oops_alive: false
[4295.898s][debug][gc,ref         ] GC(303) Skipped phase 3 of Reference Processing: no references
[4295.898s][debug][gc,ref         ] GC(303) Skipped phase 4 of Reference Processing: no references
[4295.898s][debug][gc,phases      ] GC(303) Reference Processing 0.100ms
[4295.898s][debug][gc,phases      ] GC(303)   VM Weak                        Min:  0.0, Avg:  0.0, Max:  0.0, Diff:  0.0, Sum:  0.0, Workers: 4
[4295.898s][debug][gc,phases      ] GC(303)     Dead                           Min: 0, Avg:  0.0, Max: 0, Diff: 0, Sum: 0, Workers: 4
[4295.898s][debug][gc,phases      ] GC(303)     Total                          Min: 0, Avg: 189.5, Max: 502, Diff: 502, Sum: 758, Workers: 4
[4295.898s][debug][gc,phases      ] GC(303)   ObjectSynchronizer Weak        Min:  0.0, Avg:  0.0, Max:  0.0, Diff:  0.0, Sum:  0.0, Workers: 4
[4295.898s][debug][gc,phases      ] GC(303)     Dead                           Min: 0, Avg:  0.0, Max: 0, Diff: 0, Sum: 0, Workers: 4
[4295.898s][debug][gc,phases      ] GC(303)     Total                          Min: 0, Avg: 98.8, Max: 203, Diff: 203, Sum: 395, Workers: 4
[4295.898s][debug][gc,phases      ] GC(303)   JVMTI Tag Weak OopStorage      Min:  0.0, Avg:  0.0, Max:  0.0, Diff:  0.0, Sum:  0.0, Workers: 4
[4295.898s][debug][gc,phases      ] GC(303)     Dead                           Min: 0, Avg:  0.0, Max: 0, Diff: 0, Sum: 0, Workers: 4
[4295.898s][debug][gc,phases      ] GC(303)     Total                          Min: 0, Avg:  0.0, Max: 0, Diff: 0, Sum: 0, Workers: 4
[4295.898s][debug][gc,phases      ] GC(303)   StringTable Weak               Min:  0.1, Avg:  0.1, Max:  0.1, Diff:  0.0, Sum:  0.4, Workers: 4
[4295.898s][debug][gc,phases      ] GC(303)     Dead                           Min: 0, Avg:  0.0, Max: 0, Diff: 0, Sum: 0, Workers: 4
[4295.898s][debug][gc,phases      ] GC(303)     Total                          Min: 11242, Avg: 12314.5, Max: 12928, Diff: 1686, Sum: 49258, Workers: 4
[4295.898s][debug][gc,phases      ] GC(303)   ResolvedMethodTable Weak       Min:  0.0, Avg:  0.0, Max:  0.0, Diff:  0.0, Sum:  0.1, Workers: 4
[4295.898s][debug][gc,phases      ] GC(303)     Dead                           Min: 0, Avg:  0.0, Max: 0, Diff: 0, Sum: 0, Workers: 4
[4295.898s][debug][gc,phases      ] GC(303)     Total                          Min: 2112, Avg: 2248.8, Max: 2467, Diff: 355, Sum: 8995, Workers: 4
[4295.898s][debug][gc,phases      ] GC(303)   JNI Weak                       Min:  0.0, Avg:  0.0, Max:  0.0, Diff:  0.0, Sum:  0.0, Workers: 4
[4295.898s][debug][gc,phases      ] GC(303)     Dead                           Min: 0, Avg:  0.0, Max: 0, Diff: 0, Sum: 0, Workers: 4
[4295.898s][debug][gc,phases      ] GC(303)     Total                          Min: 0, Avg:  0.0, Max: 0, Diff: 0, Sum: 0, Workers: 4
[4295.898s][debug][gc,phases      ] GC(303)   StringDedup Table Weak         Min:  0.0, Avg:  0.0, Max:  0.0, Diff:  0.0, Sum:  0.0, Workers: 4
[4295.898s][debug][gc,phases      ] GC(303)     Dead                           Min: 0, Avg:  0.0, Max: 0, Diff: 0, Sum: 0, Workers: 4
[4295.898s][debug][gc,phases      ] GC(303)     Total                          Min: 0, Avg:  0.0, Max: 0, Diff: 0, Sum: 0, Workers: 4
[4295.898s][debug][gc,phases      ] GC(303)   StringDedup Requests0 Weak     Min:  0.0, Avg:  0.0, Max:  0.0, Diff:  0.0, Sum:  0.0, Workers: 4
[4295.898s][debug][gc,phases      ] GC(303)     Dead                           Min: 0, Avg:  0.0, Max: 0, Diff: 0, Sum: 0, Workers: 4
[4295.898s][debug][gc,phases      ] GC(303)     Total                          Min: 0, Avg:  0.0, Max: 0, Diff: 0, Sum: 0, Workers: 4
[4295.898s][debug][gc,phases      ] GC(303)   StringDedup Requests1 Weak     Min:  0.0, Avg:  0.0, Max:  0.0, Diff:  0.0, Sum:  0.0, Workers: 4
[4295.898s][debug][gc,phases      ] GC(303)     Dead                           Min: 0, Avg:  0.0, Max: 0, Diff: 0, Sum: 0, Workers: 4
[4295.898s][debug][gc,phases      ] GC(303)     Total                          Min: 0, Avg:  0.0, Max: 0, Diff: 0, Sum: 0, Workers: 4
[4295.898s][debug][gc,phases      ] GC(303)   Weak JFR Old Object Samples    Min:  0.0, Avg:  0.0, Max:  0.0, Diff:  0.0, Sum:  0.0, Workers: 4
[4295.898s][debug][gc,phases      ] GC(303)     Dead                           Min: 0, Avg:  0.0, Max: 0, Diff: 0, Sum: 0, Workers: 4
[4295.898s][debug][gc,phases      ] GC(303)     Total                          Min: 0, Avg:  0.0, Max: 0, Diff: 0, Sum: 0, Workers: 4
[4295.898s][debug][gc,phases      ] GC(303) Weak Processing 0.310ms
[4295.898s][debug][gc,age         ] GC(303) Desired survivor size 29360128 bytes, new threshold 15 (max threshold 15)
[4295.898s][info ][gc,heap        ] GC(303) PSYoungGen: 2044176K(2067968K)->1328K(2044416K) Eden: 2042880K(2042880K)->0K(2042880K) From: 1296K(25088K)->1328K(1536K)
[4295.898s][info ][gc,heap        ] GC(303) ParOldGen: 686674K(740864K)->686690K(740864K)
[4295.898s][info ][gc,metaspace   ] GC(303) Metaspace: 85958K(86912K)->85958K(86912K) NonClass: 73925K(74432K)->73925K(74432K) Class: 12033K(12480K)->12033K(12480K)
[4295.898s][info ][gc             ] GC(303) Pause Young (Allocation Failure) 2666M->671M(2720M) 4.457ms
[4295.898s][info ][gc,cpu         ] GC(303) User=0.01s Sys=0.00s Real=0.00s
[4295.898s][info ][safepoint      ] Safepoint "ParallelGCFailedAllocation", Time since last: 13270544340 ns, Reaching safepoint: 99202 ns, At safepoint: 4543607 ns, Total: 4642809 ns
[4316.344s][info ][gc,start       ] GC(304) Pause Young (Allocation Failure)
[4316.348s][debug][gc,phases      ] GC(304) Scavenge 3.963ms
[4316.348s][debug][gc,ref         ] GC(304) Skipped phase 1 of Reference Processing: no references
[4316.348s][debug][gc,ref         ] GC(304) ReferenceProcessor::execute queues: 1, RefProcThreadModel::Single, marks_oops_alive: false
[4316.348s][debug][gc,ref         ] GC(304) Skipped phase 3 of Reference Processing: no references
[4316.348s][debug][gc,ref         ] GC(304) Skipped phase 4 of Reference Processing: no references
[4316.348s][debug][gc,phases      ] GC(304) Reference Processing 0.117ms
[4316.348s][debug][gc,phases      ] GC(304)   VM Weak                        Min:  0.0, Avg:  0.0, Max:  0.0, Diff:  0.0, Sum:  0.0, Workers: 4
[4316.348s][debug][gc,phases      ] GC(304)     Dead                           Min: 0, Avg:  0.0, Max: 0, Diff: 0, Sum: 0, Workers: 4
[4316.348s][debug][gc,phases      ] GC(304)     Total                          Min: 0, Avg: 189.5, Max: 566, Diff: 566, Sum: 758, Workers: 4
[4316.348s][debug][gc,phases      ] GC(304)   ObjectSynchronizer Weak        Min:  0.0, Avg:  0.0, Max:  0.0, Diff:  0.0, Sum:  0.0, Workers: 4
[4316.348s][debug][gc,phases      ] GC(304)     Dead                           Min: 0, Avg:  0.0, Max: 0, Diff: 0, Sum: 0, Workers: 4
[4316.348s][debug][gc,phases      ] GC(304)     Total                          Min: 0, Avg: 98.8, Max: 203, Diff: 203, Sum: 395, Workers: 4
[4316.348s][debug][gc,phases      ] GC(304)   JVMTI Tag Weak OopStorage      Min:  0.0, Avg:  0.0, Max:  0.0, Diff:  0.0, Sum:  0.0, Workers: 4
[4316.348s][debug][gc,phases      ] GC(304)     Dead                           Min: 0, Avg:  0.0, Max: 0, Diff: 0, Sum: 0, Workers: 4
[4316.348s][debug][gc,phases      ] GC(304)     Total                          Min: 0, Avg:  0.0, Max: 0, Diff: 0, Sum: 0, Workers: 4
[4316.348s][debug][gc,phases      ] GC(304)   StringTable Weak               Min:  0.1, Avg:  0.1, Max:  0.1, Diff:  0.0, Sum:  0.4, Workers: 4
[4316.348s][debug][gc,phases      ] GC(304)     Dead                           Min: 0, Avg:  0.0, Max: 0, Diff: 0, Sum: 0, Workers: 4
[4316.348s][debug][gc,phases      ] GC(304)     Total                          Min: 10154, Avg: 12314.5, Max: 13888, Diff: 3734, Sum: 49258, Workers: 4
[4316.348s][debug][gc,phases      ] GC(304)   ResolvedMethodTable Weak       Min:  0.0, Avg:  0.0, Max:  0.0, Diff:  0.0, Sum:  0.1, Workers: 4
[4316.348s][debug][gc,phases      ] GC(304)     Dead                           Min: 0, Avg:  0.0, Max: 0, Diff: 0, Sum: 0, Workers: 4
[4316.348s][debug][gc,phases      ] GC(304)     Total                          Min: 1408, Avg: 2248.8, Max: 2560, Diff: 1152, Sum: 8995, Workers: 4
[4316.348s][debug][gc,phases      ] GC(304)   JNI Weak                       Min:  0.0, Avg:  0.0, Max:  0.0, Diff:  0.0, Sum:  0.0, Workers: 4
[4316.348s][debug][gc,phases      ] GC(304)     Dead                           Min: 0, Avg:  0.0, Max: 0, Diff: 0, Sum: 0, Workers: 4
[4316.348s][debug][gc,phases      ] GC(304)     Total                          Min: 0, Avg:  0.0, Max: 0, Diff: 0, Sum: 0, Workers: 4
[4316.348s][debug][gc,phases      ] GC(304)   StringDedup Table Weak         Min:  0.0, Avg:  0.0, Max:  0.0, Diff:  0.0, Sum:  0.0, Workers: 4
[4316.348s][debug][gc,phases      ] GC(304)     Dead                           Min: 0, Avg:  0.0, Max: 0, Diff: 0, Sum: 0, Workers: 4
[4316.348s][debug][gc,phases      ] GC(304)     Total                          Min: 0, Avg:  0.0, Max: 0, Diff: 0, Sum: 0, Workers: 4
[4316.348s][debug][gc,phases      ] GC(304)   StringDedup Requests0 Weak     Min:  0.0, Avg:  0.0, Max:  0.0, Diff:  0.0, Sum:  0.0, Workers: 4
[4316.348s][debug][gc,phases      ] GC(304)     Dead                           Min: 0, Avg:  0.0, Max: 0, Diff: 0, Sum: 0, Workers: 4
[4316.348s][debug][gc,phases      ] GC(304)     Total                          Min: 0, Avg:  0.0, Max: 0, Diff: 0, Sum: 0, Workers: 4
[4316.348s][debug][gc,phases      ] GC(304)   StringDedup Requests1 Weak     Min:  0.0, Avg:  0.0, Max:  0.0, Diff:  0.0, Sum:  0.0, Workers: 4
[4316.348s][debug][gc,phases      ] GC(304)     Dead                           Min: 0, Avg:  0.0, Max: 0, Diff: 0, Sum: 0, Workers: 4
[4316.348s][debug][gc,phases      ] GC(304)     Total                          Min: 0, Avg:  0.0, Max: 0, Diff: 0, Sum: 0, Workers: 4
[4316.348s][debug][gc,phases      ] GC(304)   Weak JFR Old Object Samples    Min:  0.0, Avg:  0.0, Max:  0.0, Diff:  0.0, Sum:  0.0, Workers: 4
[4316.348s][debug][gc,phases      ] GC(304)     Dead                           Min: 0, Avg:  0.0, Max: 0, Diff: 0, Sum: 0, Workers: 4
[4316.348s][debug][gc,phases      ] GC(304)     Total                          Min: 0, Avg:  0.0, Max: 0, Diff: 0, Sum: 0, Workers: 4
[4316.348s][debug][gc,phases      ] GC(304) Weak Processing 0.318ms
[4316.348s][debug][gc,age         ] GC(304) Desired survivor size 30408704 bytes, new threshold 15 (max threshold 15)
[4316.348s][info ][gc,heap        ] GC(304) PSYoungGen: 2044208K(2044416K)->1360K(2066432K) Eden: 2042880K(2042880K)->0K(2037760K) From: 1328K(1536K)->1360K(28672K)
[4316.348s][info ][gc,heap        ] GC(304) ParOldGen: 686690K(740864K)->686698K(740864K)
[4316.348s][info ][gc,metaspace   ] GC(304) Metaspace: 85958K(86912K)->85958K(86912K) NonClass: 73925K(74432K)->73925K(74432K) Class: 12033K(12480K)->12033K(12480K)
[4316.348s][info ][gc             ] GC(304) Pause Young (Allocation Failure) 2666M->671M(2741M) 4.515ms
[4316.348s][info ][gc,cpu         ] GC(304) User=0.01s Sys=0.00s Real=0.00s
[4316.348s][info ][safepoint      ] Safepoint "ParallelGCFailedAllocation", Time since last: 20445199163 ns, Reaching safepoint: 100102 ns, At safepoint: 4634609 ns, Total: 4734711 ns
[4336.597s][info ][gc,start       ] GC(305) Pause Young (Allocation Failure)
[4336.601s][debug][gc,phases      ] GC(305) Scavenge 4.150ms
[4336.601s][debug][gc,ref         ] GC(305) Skipped phase 1 of Reference Processing: no references
[4336.601s][debug][gc,ref         ] GC(305) ReferenceProcessor::execute queues: 1, RefProcThreadModel::Single, marks_oops_alive: false
[4336.601s][debug][gc,ref         ] GC(305) Skipped phase 3 of Reference Processing: no references
[4336.601s][debug][gc,ref         ] GC(305) Skipped phase 4 of Reference Processing: no references
[4336.601s][debug][gc,phases      ] GC(305) Reference Processing 0.102ms
[4336.601s][debug][gc,phases      ] GC(305)   VM Weak                        Min:  0.0, Avg:  0.0, Max:  0.0, Diff:  0.0, Sum:  0.0, Workers: 4
[4336.601s][debug][gc,phases      ] GC(305)     Dead                           Min: 0, Avg:  0.0, Max: 0, Diff: 0, Sum: 0, Workers: 4
[4336.601s][debug][gc,phases      ] GC(305)     Total                          Min: 0, Avg: 189.5, Max: 758, Diff: 758, Sum: 758, Workers: 4
[4336.601s][debug][gc,phases      ] GC(305)   ObjectSynchronizer Weak        Min:  0.0, Avg:  0.0, Max:  0.0, Diff:  0.0, Sum:  0.0, Workers: 4
[4336.601s][debug][gc,phases      ] GC(305)     Dead                           Min: 0, Avg:  0.0, Max: 0, Diff: 0, Sum: 0, Workers: 4
[4336.601s][debug][gc,phases      ] GC(305)     Total                          Min: 0, Avg: 98.8, Max: 331, Diff: 331, Sum: 395, Workers: 4
[4336.601s][debug][gc,phases      ] GC(305)   JVMTI Tag Weak OopStorage      Min:  0.0, Avg:  0.0, Max:  0.0, Diff:  0.0, Sum:  0.0, Workers: 4
[4336.601s][debug][gc,phases      ] GC(305)     Dead                           Min: 0, Avg:  0.0, Max: 0, Diff: 0, Sum: 0, Workers: 4
[4336.601s][debug][gc,phases      ] GC(305)     Total                          Min: 0, Avg:  0.0, Max: 0, Diff: 0, Sum: 0, Workers: 4
[4336.601s][debug][gc,phases      ] GC(305)   StringTable Weak               Min:  0.1, Avg:  0.1, Max:  0.1, Diff:  0.0, Sum:  0.4, Workers: 4
[4336.601s][debug][gc,phases      ] GC(305)     Dead                           Min: 0, Avg:  0.0, Max: 0, Diff: 0, Sum: 0, Workers: 4
[4336.601s][debug][gc,phases      ] GC(305)     Total                          Min: 12032, Avg: 12314.5, Max: 12416, Diff: 384, Sum: 49258, Workers: 4
[4336.601s][debug][gc,phases      ] GC(305)   ResolvedMethodTable Weak       Min:  0.0, Avg:  0.0, Max:  0.0, Diff:  0.0, Sum:  0.1, Workers: 4
[4336.601s][debug][gc,phases      ] GC(305)     Dead                           Min: 0, Avg:  0.0, Max: 0, Diff: 0, Sum: 0, Workers: 4
[4336.601s][debug][gc,phases      ] GC(305)     Total                          Min: 2048, Avg: 2248.8, Max: 2467, Diff: 419, Sum: 8995, Workers: 4
[4336.601s][debug][gc,phases      ] GC(305)   JNI Weak                       Min:  0.0, Avg:  0.0, Max:  0.0, Diff:  0.0, Sum:  0.0, Workers: 4
[4336.601s][debug][gc,phases      ] GC(305)     Dead                           Min: 0, Avg:  0.0, Max: 0, Diff: 0, Sum: 0, Workers: 4
[4336.601s][debug][gc,phases      ] GC(305)     Total                          Min: 0, Avg:  0.0, Max: 0, Diff: 0, Sum: 0, Workers: 4
[4336.601s][debug][gc,phases      ] GC(305)   StringDedup Table Weak         Min:  0.0, Avg:  0.0, Max:  0.0, Diff:  0.0, Sum:  0.0, Workers: 4
[4336.601s][debug][gc,phases      ] GC(305)     Dead                           Min: 0, Avg:  0.0, Max: 0, Diff: 0, Sum: 0, Workers: 4
[4336.601s][debug][gc,phases      ] GC(305)     Total                          Min: 0, Avg:  0.0, Max: 0, Diff: 0, Sum: 0, Workers: 4
[4336.601s][debug][gc,phases      ] GC(305)   StringDedup Requests0 Weak     Min:  0.0, Avg:  0.0, Max:  0.0, Diff:  0.0, Sum:  0.0, Workers: 4
[4336.601s][debug][gc,phases      ] GC(305)     Dead                           Min: 0, Avg:  0.0, Max: 0, Diff: 0, Sum: 0, Workers: 4
[4336.601s][debug][gc,phases      ] GC(305)     Total                          Min: 0, Avg:  0.0, Max: 0, Diff: 0, Sum: 0, Workers: 4
[4336.601s][debug][gc,phases      ] GC(305)   StringDedup Requests1 Weak     Min:  0.0, Avg:  0.0, Max:  0.0, Diff:  0.0, Sum:  0.0, Workers: 4
[4336.601s][debug][gc,phases      ] GC(305)     Dead                           Min: 0, Avg:  0.0, Max: 0, Diff: 0, Sum: 0, Workers: 4
[4336.601s][debug][gc,phases      ] GC(305)     Total                          Min: 0, Avg:  0.0, Max: 0, Diff: 0, Sum: 0, Workers: 4
[4336.601s][debug][gc,phases      ] GC(305)   Weak JFR Old Object Samples    Min:  0.0, Avg:  0.0, Max:  0.0, Diff:  0.0, Sum:  0.0, Workers: 4
[4336.601s][debug][gc,phases      ] GC(305)     Dead                           Min: 0, Avg:  0.0, Max: 0, Diff: 0, Sum: 0, Workers: 4
[4336.601s][debug][gc,phases      ] GC(305)     Total                          Min: 0, Avg:  0.0, Max: 0, Diff: 0, Sum: 0, Workers: 4
[4336.601s][debug][gc,phases      ] GC(305) Weak Processing 0.296ms
[4336.601s][debug][gc,age         ] GC(305) Desired survivor size 30408704 bytes, new threshold 15 (max threshold 15)
[4336.601s][info ][gc,heap        ] GC(305) PSYoungGen: 2039120K(2066432K)->1392K(2067456K) Eden: 2037760K(2037760K)->0K(2037760K) From: 1360K(28672K)->1392K(29696K)
[4336.601s][info ][gc,heap        ] GC(305) ParOldGen: 686698K(740864K)->686722K(740864K)
[4336.601s][info ][gc,metaspace   ] GC(305) Metaspace: 85958K(86912K)->85958K(86912K) NonClass: 73925K(74432K)->73925K(74432K) Class: 12033K(12480K)->12033K(12480K)
[4336.601s][info ][gc             ] GC(305) Pause Young (Allocation Failure) 2661M->671M(2742M) 4.690ms
[4336.601s][info ][gc,cpu         ] GC(305) User=0.02s Sys=0.00s Real=0.00s
[4336.602s][info ][safepoint      ] Safepoint "ParallelGCFailedAllocation", Time since last: 20248577073 ns, Reaching safepoint: 112303 ns, At safepoint: 4776212 ns, Total: 4888515 ns
[4357.091s][info ][gc,start       ] GC(306) Pause Young (Allocation Failure)
[4357.095s][debug][gc,phases      ] GC(306) Scavenge 3.801ms
[4357.095s][debug][gc,ref         ] GC(306) Skipped phase 1 of Reference Processing: no references
[4357.095s][debug][gc,ref         ] GC(306) ReferenceProcessor::execute queues: 1, RefProcThreadModel::Single, marks_oops_alive: false
[4357.095s][debug][gc,ref         ] GC(306) Skipped phase 3 of Reference Processing: no references
[4357.095s][debug][gc,ref         ] GC(306) Skipped phase 4 of Reference Processing: no references
[4357.095s][debug][gc,phases      ] GC(306) Reference Processing 0.099ms
[4357.095s][debug][gc,phases      ] GC(306)   VM Weak                        Min:  0.0, Avg:  0.0, Max:  0.0, Diff:  0.0, Sum:  0.0, Workers: 4
[4357.095s][debug][gc,phases      ] GC(306)     Dead                           Min: 0, Avg:  0.0, Max: 0, Diff: 0, Sum: 0, Workers: 4
[4357.095s][debug][gc,phases      ] GC(306)     Total                          Min: 0, Avg: 189.5, Max: 758, Diff: 758, Sum: 758, Workers: 4
[4357.095s][debug][gc,phases      ] GC(306)   ObjectSynchronizer Weak        Min:  0.0, Avg:  0.0, Max:  0.0, Diff:  0.0, Sum:  0.0, Workers: 4
[4357.095s][debug][gc,phases      ] GC(306)     Dead                           Min: 0, Avg:  0.0, Max: 0, Diff: 0, Sum: 0, Workers: 4
[4357.095s][debug][gc,phases      ] GC(306)     Total                          Min: 0, Avg: 98.8, Max: 395, Diff: 395, Sum: 395, Workers: 4
[4357.095s][debug][gc,phases      ] GC(306)   JVMTI Tag Weak OopStorage      Min:  0.0, Avg:  0.0, Max:  0.0, Diff:  0.0, Sum:  0.0, Workers: 4
[4357.095s][debug][gc,phases      ] GC(306)     Dead                           Min: 0, Avg:  0.0, Max: 0, Diff: 0, Sum: 0, Workers: 4
[4357.095s][debug][gc,phases      ] GC(306)     Total                          Min: 0, Avg:  0.0, Max: 0, Diff: 0, Sum: 0, Workers: 4
[4357.096s][debug][gc,phases      ] GC(306)   StringTable Weak               Min:  0.1, Avg:  0.1, Max:  0.1, Diff:  0.0, Sum:  0.4, Workers: 4
[4357.096s][debug][gc,phases      ] GC(306)     Dead                           Min: 0, Avg:  0.0, Max: 0, Diff: 0, Sum: 0, Workers: 4
[4357.096s][debug][gc,phases      ] GC(306)     Total                          Min: 11114, Avg: 12314.5, Max: 14336, Diff: 3222, Sum: 49258, Workers: 4
[4357.096s][debug][gc,phases      ] GC(306)   ResolvedMethodTable Weak       Min:  0.0, Avg:  0.0, Max:  0.0, Diff:  0.0, Sum:  0.1, Workers: 4
[4357.096s][debug][gc,phases      ] GC(306)     Dead                           Min: 0, Avg:  0.0, Max: 0, Diff: 0, Sum: 0, Workers: 4
[4357.096s][debug][gc,phases      ] GC(306)     Total                          Min: 1664, Avg: 2248.8, Max: 2624, Diff: 960, Sum: 8995, Workers: 4
[4357.096s][debug][gc,phases      ] GC(306)   JNI Weak                       Min:  0.0, Avg:  0.0, Max:  0.0, Diff:  0.0, Sum:  0.0, Workers: 4
[4357.096s][debug][gc,phases      ] GC(306)     Dead                           Min: 0, Avg:  0.0, Max: 0, Diff: 0, Sum: 0, Workers: 4
[4357.096s][debug][gc,phases      ] GC(306)     Total                          Min: 0, Avg:  0.0, Max: 0, Diff: 0, Sum: 0, Workers: 4
[4357.096s][debug][gc,phases      ] GC(306)   StringDedup Table Weak         Min:  0.0, Avg:  0.0, Max:  0.0, Diff:  0.0, Sum:  0.0, Workers: 4
[4357.096s][debug][gc,phases      ] GC(306)     Dead                           Min: 0, Avg:  0.0, Max: 0, Diff: 0, Sum: 0, Workers: 4
[4357.096s][debug][gc,phases      ] GC(306)     Total                          Min: 0, Avg:  0.0, Max: 0, Diff: 0, Sum: 0, Workers: 4
